c[?7l[2J[0mSeaBIOS (version rel-1.16.0-0-gd239552ce722-prebuilt.qemu.org)


iPXE (http://ipxe.org) 00:03.0 CA00 PCI2.10 PnP PMM+7FF91000+7FEF1000 CA00
Press Ctrl-B to configure iPXE (PCI 00:03.0)...                                                                               


Booting from ROM..c[?7l[2J[0m.[    0.000000] Linux version 5.17.0-rc8-4b45e07907d8+ (root@p-rpls01) (gcc (GCC) 8.5.0 20210514 (Red Hat 8.5.0-18), GNU ld version 2.36.1-2.el8) #1 SMP PREEMPT Mon Mar 20 23:23:35 CST 2023
[    0.000000] Command line: console=ttyS0 root=/dev/sda earlyprintk=serial net.ifnames=0
[    0.000000] KERNEL supported cpus:
[    0.000000]   Intel GenuineIntel
[    0.000000]   AMD AuthenticAMD
[    0.000000]   Hygon HygonGenuine
[    0.000000]   Centaur CentaurHauls
[    0.000000]   zhaoxin   Shanghai  
[    0.000000] x86/fpu: Supporting XSAVE feature 0x001: 'x87 floating point registers'
[    0.000000] x86/fpu: Supporting XSAVE feature 0x002: 'SSE registers'
[    0.000000] x86/fpu: Supporting XSAVE feature 0x004: 'AVX registers'
[    0.000000] x86/fpu: Supporting XSAVE feature 0x200: 'Protection Keys User registers'
[    0.000000] x86/fpu: xstate_offset[2]:  576, xstate_sizes[2]:  256
[    0.000000] x86/fpu: xstate_offset[9]:  832, xstate_sizes[9]:    8
[    0.000000] x86/fpu: Enabled xstate features 0x207, context size is 840 bytes, using 'compacted' format.
[    0.000000] signal: max sigframe size: 3632
[    0.000000] BIOS-provided physical RAM map:
[    0.000000] BIOS-e820: [mem 0x0000000000000000-0x000000000009fbff] usable
[    0.000000] BIOS-e820: [mem 0x000000000009fc00-0x000000000009ffff] reserved
[    0.000000] BIOS-e820: [mem 0x00000000000f0000-0x00000000000fffff] reserved
[    0.000000] BIOS-e820: [mem 0x0000000000100000-0x000000007ffdffff] usable
[    0.000000] BIOS-e820: [mem 0x000000007ffe0000-0x000000007fffffff] reserved
[    0.000000] BIOS-e820: [mem 0x00000000feffc000-0x00000000feffffff] reserved
[    0.000000] BIOS-e820: [mem 0x00000000fffc0000-0x00000000ffffffff] reserved
[    0.000000] printk: bootconsole [earlyser0] enabled
[    0.000000] NX (Execute Disable) protection: active
[    0.000000] SMBIOS 2.8 present.
[    0.000000] DMI: QEMU Standard PC (i440FX + PIIX, 1996), BIOS rel-1.16.0-0-gd239552ce722-prebuilt.qemu.org 04/01/2014
[    0.000000] Hypervisor detected: KVM
[    0.000000] kvm-clock: Using msrs 4b564d01 and 4b564d00
[    0.000003] kvm-clock: using sched offset of 343076607 cycles
[    0.000793] clocksource: kvm-clock: mask: 0xffffffffffffffff max_cycles: 0x1cd42e4dffb, max_idle_ns: 881590591483 ns
[    0.003230] tsc: Detected 806.400 MHz processor
[    0.008980] last_pfn = 0x7ffe0 max_arch_pfn = 0x400000000
[    0.009931] x86/PAT: Configuration [0-7]: WB  WC  UC- UC  WB  WP  UC- WT  
[    0.015226] found SMP MP-table at [mem 0x000f5ba0-0x000f5baf]
[    0.016189] Using GB pages for direct mapping
[    0.017699] ACPI: Early table checksum verification disabled
[    0.018553] ACPI: RSDP 0x00000000000F59C0 000014 (v00 BOCHS )
[    0.019422] ACPI: RSDT 0x000000007FFE1951 000034 (v01 BOCHS  BXPC     00000001 BXPC 00000001)
[    0.020711] ACPI: FACP 0x000000007FFE17FD 000074 (v01 BOCHS  BXPC     00000001 BXPC 00000001)
[    0.021994] ACPI: DSDT 0x000000007FFE0040 0017BD (v01 BOCHS  BXPC     00000001 BXPC 00000001)
[    0.023273] ACPI: FACS 0x000000007FFE0000 000040
[    0.023969] ACPI: APIC 0x000000007FFE1871 000080 (v01 BOCHS  BXPC     00000001 BXPC 00000001)
[    0.025256] ACPI: HPET 0x000000007FFE18F1 000038 (v01 BOCHS  BXPC     00000001 BXPC 00000001)
[    0.026533] ACPI: WAET 0x000000007FFE1929 000028 (v01 BOCHS  BXPC     00000001 BXPC 00000001)
[    0.027811] ACPI: Reserving FACP table memory at [mem 0x7ffe17fd-0x7ffe1870]
[    0.028866] ACPI: Reserving DSDT table memory at [mem 0x7ffe0040-0x7ffe17fc]
[    0.029915] ACPI: Reserving FACS table memory at [mem 0x7ffe0000-0x7ffe003f]
[    0.030962] ACPI: Reserving APIC table memory at [mem 0x7ffe1871-0x7ffe18f0]
[    0.032016] ACPI: Reserving HPET table memory at [mem 0x7ffe18f1-0x7ffe1928]
[    0.033071] ACPI: Reserving WAET table memory at [mem 0x7ffe1929-0x7ffe1950]
[    0.034902] No NUMA configuration found
[    0.035477] Faking a node at [mem 0x0000000000000000-0x000000007ffdffff]
[    0.036522] NODE_DATA(0) allocated [mem 0x7ffb5000-0x7ffdffff]
[    0.040299] Zone ranges:
[    0.040698]   DMA      [mem 0x0000000000001000-0x0000000000ffffff]
[    0.041621]   DMA32    [mem 0x0000000001000000-0x000000007ffdffff]
[    0.042543]   Normal   empty
[    0.042974]   Device   empty
[    0.043405] Movable zone start for each node
[    0.044040] Early memory node ranges
[    0.044572]   node   0: [mem 0x0000000000001000-0x000000000009efff]
[    0.045499]   node   0: [mem 0x0000000000100000-0x000000007ffdffff]
[    0.046427] Initmem setup node 0 [mem 0x0000000000001000-0x000000007ffdffff]
[    0.047666] On node 0, zone DMA: 1 pages in unavailable ranges
[    0.047681] On node 0, zone DMA: 97 pages in unavailable ranges
[    0.052484] On node 0, zone DMA32: 32 pages in unavailable ranges
[    0.053905] ACPI: PM-Timer IO Port: 0x608
[    0.055432] ACPI: LAPIC_NMI (acpi_id[0xff] dfl dfl lint[0x1])
[    0.056361] IOAPIC[0]: apic_id 0, version 17, address 0xfec00000, GSI 0-23
[    0.057404] ACPI: INT_SRC_OVR (bus 0 bus_irq 0 global_irq 2 dfl dfl)
[    0.058355] ACPI: INT_SRC_OVR (bus 0 bus_irq 5 global_irq 5 high level)
[    0.059343] ACPI: INT_SRC_OVR (bus 0 bus_irq 9 global_irq 9 high level)
[    0.060334] ACPI: INT_SRC_OVR (bus 0 bus_irq 10 global_irq 10 high level)
[    0.061359] ACPI: INT_SRC_OVR (bus 0 bus_irq 11 global_irq 11 high level)
[    0.062384] ACPI: Using ACPI (MADT) for SMP configuration information
[    0.063344] ACPI: HPET id: 0x8086a201 base: 0xfed00000
[    0.064122] TSC deadline timer available
[    0.064715] smpboot: Allowing 2 CPUs, 0 hotplug CPUs
[    0.065501] kvm-guest: KVM setup pv remote TLB flush
[    0.066252] kvm-guest: setup PV sched yield
[    0.066916] PM: hibernation: Registered nosave memory: [mem 0x00000000-0x00000fff]
[    0.068051] PM: hibernation: Registered nosave memory: [mem 0x0009f000-0x0009ffff]
[    0.069184] PM: hibernation: Registered nosave memory: [mem 0x000a0000-0x000effff]
[    0.070316] PM: hibernation: Registered nosave memory: [mem 0x000f0000-0x000fffff]
[    0.071447] [mem 0x80000000-0xfeffbfff] available for PCI devices
[    0.072522] Booting paravirtualized kernel on KVM
[    0.073279] clocksource: refined-jiffies: mask: 0xffffffff max_cycles: 0xffffffff, max_idle_ns: 7645519600211568 ns
[    0.074872] setup_percpu: NR_CPUS:8192 nr_cpumask_bits:2 nr_cpu_ids:2 nr_node_ids:1
[    0.076316] percpu: Embedded 63 pages/cpu s221184 r8192 d28672 u1048576
[    0.077516] kvm-guest: PV spinlocks enabled
[    0.078160] PV qspinlock hash table entries: 256 (order: 0, 4096 bytes, linear)
[    0.079289] Fallback order for Node 0: 0 
[    0.079913] Built 1 zonelists, mobility grouping on.  Total pages: 515808
[    0.080945] Policy zone: DMA32
[    0.081408] Kernel command line: net.ifnames=0 console=ttyS0 root=/dev/sda earlyprintk=serial net.ifnames=0
[    0.083378] Dentry cache hash table entries: 262144 (order: 9, 2097152 bytes, linear)
[    0.084692] Inode-cache hash table entries: 131072 (order: 8, 1048576 bytes, linear)
[    0.085978] mem auto-init: stack:off, heap alloc:off, heap free:off
[    0.090229] Memory: 1985392K/2096632K available (32784K kernel code, 5336K rwdata, 7916K rodata, 3180K init, 21976K bss, 110984K reserved, 0K cma-reserved)
[    0.092354] random: get_random_u64 called from __kmem_cache_create+0x2f/0x4e0 with crng_init=0
[    0.092839] SLUB: HWalign=64, Order=0-3, MinObjects=0, CPUs=2, Nodes=1
[    0.095121] kmemleak: Kernel memory leak detector disabled
[    0.095966] ftrace: allocating 65886 entries in 258 pages
[    0.112414] ftrace: allocated 258 pages with 2 groups
[    0.115656] Dynamic Preempt: voluntary
[    0.116331] Running RCU self tests
[    0.116858] rcu: Preemptible hierarchical RCU implementation.
[    0.117715] rcu: 	RCU lockdep checking is enabled.
[    0.118430] rcu: 	RCU restricting CPUs from NR_CPUS=8192 to nr_cpu_ids=2.
[    0.119443] 	Trampoline variant of Tasks RCU enabled.
[    0.120196] 	Rude variant of Tasks RCU enabled.
[    0.120875] 	Tracing variant of Tasks RCU enabled.
[    0.121591] rcu: RCU calculated value of scheduler-enlistment delay is 25 jiffies.
[    0.122722] rcu: Adjusting geometry for rcu_fanout_leaf=16, nr_cpu_ids=2
[    0.142781] NR_IRQS: 524544, nr_irqs: 440, preallocated irqs: 16
[    0.158007] Console: colour VGA+ 80x25
[    0.158642] printk: console [ttyS0] enabled
[    0.158642] printk: console [ttyS0] enabled
[    0.159918] printk: bootconsole [earlyser0] disabled
[    0.159918] printk: bootconsole [earlyser0] disabled
[    0.161435] Lock dependency validator: Copyright (c) 2006 Red Hat, Inc., Ingo Molnar
[    0.162622] ... MAX_LOCKDEP_SUBCLASSES:  8
[    0.163260] ... MAX_LOCK_DEPTH:          48
[    0.163911] ... MAX_LOCKDEP_KEYS:        8192
[    0.164599] ... CLASSHASH_SIZE:          4096
[    0.165277] ... MAX_LOCKDEP_ENTRIES:     32768
[    0.165966] ... MAX_LOCKDEP_CHAINS:      65536
[    0.166657] ... CHAINHASH_SIZE:          32768
[    0.167345]  memory used by lock dependency info: 6365 kB
[    0.168179]  memory used for stack traces: 4224 kB
[    0.168932]  per task-struct memory footprint: 1920 bytes
[    0.169799] ACPI: Core revision 20211217
[    0.170643] clocksource: hpet: mask: 0xffffffff max_cycles: 0xffffffff, max_idle_ns: 19112604467 ns
[    0.172199] APIC: Switch to symmetric I/O mode setup
[    0.173494] x2apic enabled
[    0.174352] Switched APIC routing to physical x2apic.
[    0.175147] kvm-guest: setup PV IPIs
[    0.177560] ..TIMER: vector=0x30 apic1=0 pin1=2 apic2=-1 pin2=-1
[    0.178562] clocksource: tsc-early: mask: 0xffffffffffffffff max_cycles: 0xb9fb05486c, max_idle_ns: 440795231721 ns
[    0.180183] Calibrating delay loop (skipped) preset value.. 1612.80 BogoMIPS (lpj=3225600)
[    0.184176] pid_max: default: 32768 minimum: 301
[    0.184958] LSM: Security Framework initializing
[    0.185684] Yama: becoming mindful.
[    0.186342] Mount-cache hash table entries: 4096 (order: 3, 32768 bytes, linear)
[    0.188177] Mountpoint-cache hash table entries: 4096 (order: 3, 32768 bytes, linear)
[    0.190321] CPU0: Thermal monitoring enabled (TM1)
[    0.191186] x86/cpu: User Mode Instruction Prevention (UMIP) activated
[    0.192535] Last level iTLB entries: 4KB 0, 2MB 0, 4MB 0
[    0.193370] Last level dTLB entries: 4KB 0, 2MB 0, 4MB 0, 1GB 0
[    0.194304] Spectre V1 : Mitigation: usercopy/swapgs barriers and __user pointer sanitization
[    0.196174] Spectre V2 : WARNING: Unprivileged eBPF is enabled with eIBRS on, data leaks possible via Spectre v2 BHB attacks!
[    0.197912] Spectre V2 : Mitigation: Enhanced IBRS
[    0.198647] Spectre V2 : Spectre v2 / SpectreRSB mitigation: Filling RSB on context switch
[    0.199901] Spectre V2 : mitigation: Enabling conditional Indirect Branch Prediction Barrier
[    0.200174] Speculative Store Bypass: Mitigation: Speculative Store Bypass disabled via prctl
[    0.235067] Freeing SMP alternatives memory: 56K
[    0.236041] smpboot: CPU0: Genuine Intel(R) 0000 (family: 0x6, model: 0xb7, stepping: 0x0)
[    0.236172] cblist_init_generic: Setting adjustable number of callback queues.
[    0.236172] cblist_init_generic: Setting shift to 1 and lim to 1.
[    0.236172] cblist_init_generic: Setting shift to 1 and lim to 1.
[    0.236221] cblist_init_generic: Setting shift to 1 and lim to 1.
[    0.237178] Running RCU-tasks wait API self tests
[    0.340305] Performance Events: generic architected perfmon, full-width counters, Intel PMU driver.
[    0.341640] ... version:                2
[    0.342201] ... bit width:              48
[    0.342774] ... generic registers:      6
[    0.343335] ... value mask:             0000ffffffffffff
[    0.344079] ... max period:             00007fffffffffff
[    0.344178] ... fixed-purpose events:   3
[    0.344738] ... event mask:             000000070000003f
[    0.345757] rcu: Hierarchical SRCU implementation.
[    0.348201] Callback from call_rcu_tasks_trace() invoked.
[    0.349297] smp: Bringing up secondary CPUs ...
[    0.350300] x86: Booting SMP configuration:
[    0.350900] .... node  #0, CPUs:      #1
[    0.351770] smp: Brought up 1 node, 2 CPUs
[    0.352758] smpboot: Max logical packages: 1
[    0.353355] smpboot: Total of 2 processors activated (3225.60 BogoMIPS)
[    0.355153] devtmpfs: initialized
[    0.355153] x86/mm: Memory block size: 128MB
[    0.356519] clocksource: jiffies: mask: 0xffffffff max_cycles: 0xffffffff, max_idle_ns: 7645041785100000 ns
[    0.360193] futex hash table entries: 512 (order: 4, 65536 bytes, linear)
[    0.361313] pinctrl core: initialized pinctrl subsystem
[    0.362460] 
[    0.362685] *************************************************************
[    0.363618] **     NOTICE NOTICE NOTICE NOTICE NOTICE NOTICE NOTICE    **
[    0.364178] **                                                         **
[    0.365108] **  IOMMU DebugFS SUPPORT HAS BEEN ENABLED IN THIS KERNEL  **
[    0.366046] **                                                         **
[    0.366975] ** This means that this kernel is built to expose internal **
[    0.367907] ** IOMMU data structures, which may compromise security on **
[    0.368177] ** your system.                                            **
[    0.369114] **                                                         **
[    0.370046] ** If you see this message and you are not debugging the   **
[    0.370980] ** kernel, report this immediately to your vendor!         **
[    0.371914] **                                                         **
[    0.372177] **     NOTICE NOTICE NOTICE NOTICE NOTICE NOTICE NOTICE    **
[    0.373114] *************************************************************
[    0.374144] PM: RTC time: 20:18:49, date: 2023-03-26
[    0.375934] NET: Registered PF_NETLINK/PF_ROUTE protocol family
[    0.376670] DMA: preallocated 256 KiB GFP_KERNEL pool for atomic allocations
[    0.377661] DMA: preallocated 256 KiB GFP_KERNEL|GFP_DMA pool for atomic allocations
[    0.378738] DMA: preallocated 256 KiB GFP_KERNEL|GFP_DMA32 pool for atomic allocations
[    0.379875] audit: initializing netlink subsys (disabled)
[    0.380229] audit: type=2000 audit(1679861930.226:1): state=initialized audit_enabled=0 res=1
[    0.380761] thermal_sys: Registered thermal governor 'fair_share'
[    0.380761] thermal_sys: Registered thermal governor 'bang_bang'
[    0.381058] thermal_sys: Registered thermal governor 'step_wise'
[    0.381909] thermal_sys: Registered thermal governor 'user_space'
[    0.384224] cpuidle: using governor ladder
[    0.385660] cpuidle: using governor menu
[    0.386539] acpiphp: ACPI Hot Plug PCI Controller Driver version: 0.5
[    0.387745] PCI: Using configuration type 1 for base access
[    0.400302] kprobes: kprobe jump-optimization is enabled. All kprobes are optimized if possible.
[    0.401569] HugeTLB registered 1.00 GiB page size, pre-allocated 0 pages
[    0.401569] HugeTLB registered 2.00 MiB page size, pre-allocated 0 pages
[    0.404638] ACPI: Added _OSI(Module Device)
[    0.405190] ACPI: Added _OSI(Processor Device)
[    0.405829] ACPI: Added _OSI(3.0 _SCP Extensions)
[    0.408191] ACPI: Added _OSI(Processor Aggregator Device)
[    0.408962] ACPI: Added _OSI(Linux-Dell-Video)
[    0.409597] ACPI: Added _OSI(Linux-Lenovo-NV-HDMI-Audio)
[    0.410357] ACPI: Added _OSI(Linux-HPI-Hybrid-Graphics)
[    0.415834] ACPI: 1 ACPI AML tables successfully acquired and loaded
[    0.419206] ACPI: Interpreter enabled
[    0.419823] ACPI: PM: (supports S0 S3 S4 S5)
[    0.420179] ACPI: Using IOAPIC for interrupt routing
[    0.420940] PCI: Using host bridge windows from ACPI; if necessary, use "pci=nocrs" and report a bug
[    0.422884] ACPI: Enabled 2 GPEs in block 00 to 0F
[    0.438065] ACPI: PCI Root Bridge [PCI0] (domain 0000 [bus 00-ff])
[    0.438995] acpi PNP0A03:00: _OSC: OS supports [ASPM ClockPM Segments MSI EDR HPX-Type3]
[    0.440168] acpi PNP0A03:00: _OSC: not requesting OS control; OS requires [ExtendedConfig ASPM ClockPM MSI]
[    0.441640] acpi PNP0A03:00: fail to add MMCONFIG information, can't access extended PCI configuration space under this bridge.
[    0.444330] Callback from call_rcu_tasks_rude() invoked.
[    0.445895] acpiphp: Slot [3] registered
[    0.446547] acpiphp: Slot [4] registered
[    0.447188] acpiphp: Slot [5] registered
[    0.447828] acpiphp: Slot [6] registered
[    0.448243] acpiphp: Slot [7] registered
[    0.448881] acpiphp: Slot [8] registered
[    0.449535] acpiphp: Slot [9] registered
[    0.450177] acpiphp: Slot [10] registered
[    0.450828] acpiphp: Slot [11] registered
[    0.451480] acpiphp: Slot [12] registered
[    0.452133] acpiphp: Slot [13] registered
[    0.452245] acpiphp: Slot [14] registered
[    0.452902] acpiphp: Slot [15] registered
[    0.453554] acpiphp: Slot [16] registered
[    0.454205] acpiphp: Slot [17] registered
[    0.454855] acpiphp: Slot [18] registered
[    0.455507] acpiphp: Slot [19] registered
[    0.456157] acpiphp: Slot [20] registered
[    0.456245] acpiphp: Slot [21] registered
[    0.456895] acpiphp: Slot [22] registered
[    0.457548] acpiphp: Slot [23] registered
[    0.458207] acpiphp: Slot [24] registered
[    0.458866] acpiphp: Slot [25] registered
[    0.459525] acpiphp: Slot [26] registered
[    0.460206] acpiphp: Slot [27] registered
[    0.460873] acpiphp: Slot [28] registered
[    0.461534] acpiphp: Slot [29] registered
[    0.462193] acpiphp: Slot [30] registered
[    0.462854] acpiphp: Slot [31] registered
[    0.463470] PCI host bridge to bus 0000:00
[    0.464078] pci_bus 0000:00: root bus resource [io  0x0000-0x0cf7 window]
[    0.464183] pci_bus 0000:00: root bus resource [io  0x0d00-0xffff window]
[    0.465183] pci_bus 0000:00: root bus resource [mem 0x000a0000-0x000bffff window]
[    0.466460] pci_bus 0000:00: root bus resource [mem 0x80000000-0xfebfffff window]
[    0.467582] pci_bus 0000:00: root bus resource [mem 0x100000000-0x17fffffff window]
[    0.468183] pci_bus 0000:00: root bus resource [bus 00-ff]
[    0.469096] pci 0000:00:00.0: [8086:1237] type 00 class 0x060000
[    0.473766] pci 0000:00:01.0: [8086:7000] type 00 class 0x060100
[    0.475634] pci 0000:00:01.1: [8086:7010] type 00 class 0x010180
[    0.477663] pci 0000:00:01.1: reg 0x20: [io  0xc040-0xc04f]
[    0.479157] pci 0000:00:01.1: legacy IDE quirk: reg 0x10: [io  0x01f0-0x01f7]
[    0.480181] pci 0000:00:01.1: legacy IDE quirk: reg 0x14: [io  0x03f6]
[    0.481147] pci 0000:00:01.1: legacy IDE quirk: reg 0x18: [io  0x0170-0x0177]
[    0.482201] pci 0000:00:01.1: legacy IDE quirk: reg 0x1c: [io  0x0376]
[    0.483472] pci 0000:00:01.3: [8086:7113] type 00 class 0x068000
[    0.484781] pci 0000:00:01.3: quirk: [io  0x0600-0x063f] claimed by PIIX4 ACPI
[    0.485863] pci 0000:00:01.3: quirk: [io  0x0700-0x070f] claimed by PIIX4 SMB
[    0.488394] pci 0000:00:02.0: [1234:1111] type 00 class 0x030000
[    0.490037] pci 0000:00:02.0: reg 0x10: [mem 0xfd000000-0xfdffffff pref]
[    0.492367] pci 0000:00:02.0: reg 0x18: [mem 0xfebf0000-0xfebf0fff]
[    0.496193] pci 0000:00:02.0: reg 0x30: [mem 0xfebe0000-0xfebeffff pref]
[    0.497550] pci 0000:00:02.0: Video device with shadowed ROM at [mem 0x000c0000-0x000dffff]
[    0.502202] pci 0000:00:03.0: [8086:100e] type 00 class 0x020000
[    0.503640] pci 0000:00:03.0: reg 0x10: [mem 0xfebc0000-0xfebdffff]
[    0.504599] pci 0000:00:03.0: reg 0x14: [io  0xc000-0xc03f]
[    0.507618] pci 0000:00:03.0: reg 0x30: [mem 0xfeb80000-0xfebbffff pref]
[    0.537566] ACPI: PCI: Interrupt link LNKA configured for IRQ 10
[    0.538820] ACPI: PCI: Interrupt link LNKB configured for IRQ 10
[    0.540045] ACPI: PCI: Interrupt link LNKC configured for IRQ 11
[    0.540522] ACPI: PCI: Interrupt link LNKD configured for IRQ 11
[    0.541573] ACPI: PCI: Interrupt link LNKS configured for IRQ 9
[    0.543288] iommu: Default domain type: Translated 
[    0.543288] iommu: DMA domain TLB invalidation policy: lazy mode 
[    0.544329] pci 0000:00:02.0: vgaarb: setting as boot VGA device
[    0.545172] pci 0000:00:02.0: vgaarb: VGA device added: decodes=io+mem,owns=io+mem,locks=none
[    0.546445] pci 0000:00:02.0: vgaarb: bridge control possible
[    0.547324] vgaarb: loaded
[    0.548230] Callback from call_rcu_tasks() invoked.
[    0.548938] SCSI subsystem initialized
[    0.549543] ACPI: bus type USB registered
[    0.549543] usbcore: registered new interface driver usbfs
[    0.552209] usbcore: registered new interface driver hub
[    0.553017] usbcore: registered new device driver usb
[    0.553838] pps_core: LinuxPPS API ver. 1 registered
[    0.554572] pps_core: Software ver. 5.3.6 - Copyright 2005-2007 Rodolfo Giometti <giometti@linux.it>
[    0.555912] PTP clock support registered
[    0.556230] EDAC MC: Ver: 3.0.0
[    0.556846] NetLabel: Initializing
[    0.557387] NetLabel:  domain hash size = 128
[    0.558055] NetLabel:  protocols = UNLABELED CIPSOv4 CALIPSO
[    0.558948] NetLabel:  unlabeled traffic allowed by default
[    0.560249] PCI: Using ACPI for IRQ routing
[    0.561088] hpet0: at MMIO 0xfed00000, IRQs 2, 8, 0
[    0.561133] hpet0: 3 comparators, 64-bit 100.000000 MHz counter
[    0.567480] clocksource: Switched to clocksource kvm-clock
[    0.654307] VFS: Disk quotas dquot_6.6.0
[    0.654973] VFS: Dquot-cache hash table entries: 512 (order 0, 4096 bytes)
[    0.656279] pnp: PnP ACPI init
[    0.658454] pnp: PnP ACPI: found 6 devices
[    0.669031] clocksource: acpi_pm: mask: 0xffffff max_cycles: 0xffffff, max_idle_ns: 2085701024 ns
[    0.670711] NET: Registered PF_INET protocol family
[    0.671553] IP idents hash table entries: 32768 (order: 6, 262144 bytes, linear)
[    0.673237] tcp_listen_portaddr_hash hash table entries: 1024 (order: 4, 81920 bytes, linear)
[    0.674591] TCP established hash table entries: 16384 (order: 5, 131072 bytes, linear)
[    0.675957] TCP bind hash table entries: 16384 (order: 8, 1179648 bytes, linear)
[    0.677569] TCP: Hash tables configured (established 16384 bind 16384)
[    0.678674] UDP hash table entries: 1024 (order: 5, 163840 bytes, linear)
[    0.679773] UDP-Lite hash table entries: 1024 (order: 5, 163840 bytes, linear)
[    0.681103] NET: Registered PF_UNIX/PF_LOCAL protocol family
[    0.682513] RPC: Registered named UNIX socket transport module.
[    0.683492] RPC: Registered udp transport module.
[    0.684302] RPC: Registered tcp transport module.
[    0.685073] RPC: Registered tcp NFSv4.1 backchannel transport module.
[    0.686133] pci_bus 0000:00: resource 4 [io  0x0000-0x0cf7 window]
[    0.687144] pci_bus 0000:00: resource 5 [io  0x0d00-0xffff window]
[    0.688157] pci_bus 0000:00: resource 6 [mem 0x000a0000-0x000bffff window]
[    0.689309] pci_bus 0000:00: resource 7 [mem 0x80000000-0xfebfffff window]
[    0.690428] pci_bus 0000:00: resource 8 [mem 0x100000000-0x17fffffff window]
[    0.691826] pci 0000:00:01.0: PIIX3: Enabling Passive Release
[    0.692805] pci 0000:00:00.0: Limiting direct PCI/PCI transfers
[    0.693793] pci 0000:00:01.0: Activating ISA DMA hang workarounds
[    0.694901] PCI: CLS 0 bytes, default 64
[    0.695818] ACPI: bus type thunderbolt registered
[    0.696910] clocksource: tsc: mask: 0xffffffffffffffff max_cycles: 0xb9fb05486c, max_idle_ns: 440795231721 ns
[    3.096790] Initialise system trusted keyrings
[    3.097564] Key type blacklist registered
[    3.098572] workingset: timestamp_bits=36 max_order=19 bucket_order=0
[    3.108420] zbud: loaded
[    3.110531] squashfs: version 4.0 (2009/01/31) Phillip Lougher
[    3.113102] NFS: Registering the id_resolver key type
[    3.113954] Key type id_resolver registered
[    3.114638] Key type id_legacy registered
[    3.115388] nfs4filelayout_init: NFSv4 File Layout Driver Registering...
[    3.116519] nfs4flexfilelayout_init: NFSv4 Flexfile Layout Driver Registering...
[    3.117994] fuse: init (API version 7.36)
[    3.119077] SGI XFS with ACLs, security attributes, realtime, quota, no debug enabled
[    3.122231] 9p: Installing v9fs 9p2000 file system support
[    3.130031] Key type asymmetric registered
[    3.130723] Asymmetric key parser 'x509' registered
[    3.132909] alg: self-tests for CTR-KDF (hmac(sha256)) passed
[    3.133858] Block layer SCSI generic (bsg) driver version 0.4 loaded (major 243)
[    3.135139] io scheduler mq-deadline registered
[    3.135914] io scheduler bfq registered
[    3.137361] shpchp: Standard Hot Plug PCI Controller Driver version: 0.4
[    3.138851] IPMI message handler: version 39.2
[    3.139614] ipmi device interface
[    3.141714] input: Power Button as /devices/LNXSYSTM:00/LNXPWRBN:00/input/input0
[    3.143123] ACPI: button: Power Button [PWRF]
[    3.144780] ERST DBG: ERST support is disabled.
[    3.145997] Serial: 8250/16550 driver, 32 ports, IRQ sharing enabled
[    3.147673] 00:04: ttyS0 at I/O 0x3f8 (irq = 4, base_baud = 115200) is a 16550A
[    3.156918] Linux agpgart interface v0.103
[    3.158127] ACPI: bus type drm_connector registered
[    3.170654] brd: module loaded
[    3.177755] loop: module loaded
[    3.182012] scsi host0: ata_piix
[    3.183063] scsi host1: ata_piix
[    3.183704] ata1: PATA max MWDMA2 cmd 0x1f0 ctl 0x3f6 bmdma 0xc040 irq 14
[    3.184788] ata2: PATA max MWDMA2 cmd 0x170 ctl 0x376 bmdma 0xc048 irq 15
[    3.187047] tun: Universal TUN/TAP device driver, 1.6
[    3.188019] e100: Intel(R) PRO/100 Network Driver
[    3.188777] e100: Copyright(c) 1999-2006 Intel Corporation
[    3.189660] e1000: Intel(R) PRO/1000 Network Driver
[    3.190414] e1000: Copyright (c) 1999-2006 Intel Corporation.
[    3.344432] ata1: found unknown device (class 0)
[    3.345924] ata1.00: ATA-7: QEMU HARDDISK, 2.5+, max UDMA/100
[    3.346837] ata1.00: 16777216 sectors, multi 16: LBA48 
[    3.348745] scsi 0:0:0:0: Direct-Access     ATA      QEMU HARDDISK    2.5+ PQ: 0 ANSI: 5
[    3.350700] scsi 0:0:0:0: Attached scsi generic sg0 type 0
[    3.352255] ata2: found unknown device (class 0)
[    3.353361] sd 0:0:0:0: [sda] 16777216 512-byte logical blocks: (8.59 GB/8.00 GiB)
[    3.354962] ata2.00: ATAPI: QEMU DVD-ROM, 2.5+, max UDMA/100
[    3.356199] sd 0:0:0:0: [sda] Write Protect is off
[    3.357032] sd 0:0:0:0: [sda] Write cache: enabled, read cache: enabled, doesn't support DPO or FUA
[    3.359411] ACPI: \_SB_.LNKC: Enabled at IRQ 11
[    3.360394] scsi 1:0:0:0: CD-ROM            QEMU     QEMU DVD-ROM     2.5+ PQ: 0 ANSI: 5
[    3.363787] scsi 1:0:0:0: Attached scsi generic sg1 type 5
[    3.404367] sd 0:0:0:0: [sda] Attached SCSI disk
[    3.713442] e1000 0000:00:03.0 eth0: (PCI:33MHz:32-bit) 52:54:00:12:34:56
[    3.714420] e1000 0000:00:03.0 eth0: Intel(R) PRO/1000 Network Connection
[    3.715445] e1000e: Intel(R) PRO/1000 Network Driver
[    3.716138] e1000e: Copyright(c) 1999 - 2015 Intel Corporation.
[    3.717023] igb: Intel(R) Gigabit Ethernet Network Driver
[    3.717768] igb: Copyright (c) 2007-2014 Intel Corporation.
[    3.718629] PPP generic driver version 2.4.2
[    3.719884] VFIO - User Level meta-driver version: 0.3
[    3.720695] ehci_hcd: USB 2.0 'Enhanced' Host Controller (EHCI) Driver
[    3.721605] ehci-pci: EHCI PCI platform driver
[    3.722248] ehci-platform: EHCI generic platform driver
[    3.722986] ohci_hcd: USB 1.1 'Open' Host Controller (OHCI) Driver
[    3.723843] ohci-pci: OHCI PCI platform driver
[    3.724493] ohci-platform: OHCI generic platform driver
[    3.725227] uhci_hcd: USB Universal Host Controller Interface driver
[    3.726557] usbcore: registered new interface driver uas
[    3.727350] usbcore: registered new interface driver usb-storage
[    3.728320] i8042: PNP: PS/2 Controller [PNP0303:KBD,PNP0f13:MOU] at 0x60,0x64 irq 1,12
[    3.730345] serio: i8042 KBD port at 0x60,0x64 irq 1
[    3.731063] serio: i8042 AUX port at 0x60,0x64 irq 12
[    3.732432] mousedev: PS/2 mouse device common for all mice
[    3.734074] rtc_cmos 00:05: RTC can wake from S4
[    3.735099] input: AT Translated Set 2 keyboard as /devices/platform/i8042/serio0/input/input1
[    3.737338] rtc_cmos 00:05: registered as rtc0
[    3.737359] input: VirtualPS/2 VMware VMMouse as /devices/platform/i8042/serio1/input/input4
[    3.738108] rtc_cmos 00:05: setting system clock to 2023-03-26T20:18:53 UTC (1679861933)
[    3.739712] input: VirtualPS/2 VMware VMMouse as /devices/platform/i8042/serio1/input/input3
[    3.741595] rtc_cmos 00:05: alarms up to one day, y3k, 242 bytes nvram, hpet irqs
[    3.742663] i2c_dev: i2c /dev entries driver
[    3.743421] device-mapper: core: CONFIG_IMA_DISABLE_HTABLE is disabled. Duplicate IMA measurements will not be recorded in the IMA log.
[    3.745203] device-mapper: uevent: version 1.0.3
[    3.746173] device-mapper: ioctl: 4.45.0-ioctl (2021-03-22) initialised: dm-devel@redhat.com
[    3.747352] intel_pstate: CPU model not supported
[    3.748091] sdhci: Secure Digital Host Controller Interface driver
[    3.748972] sdhci: Copyright(c) Pierre Ossman
[    3.749645] sdhci-pltfm: SDHCI platform and OF driver helper
[    3.750579] ledtrig-cpu: registered to indicate activity on CPUs
[    3.751596] drop_monitor: Initializing network drop monitor service
[    3.753091] NET: Registered PF_INET6 protocol family
[    3.755552] Segment Routing with IPv6
[    3.756119] In-situ OAM (IOAM) with IPv6
[    3.756725] NET: Registered PF_PACKET protocol family
[    3.757740] 9pnet: Installing 9P2000 support
[    3.758419] Key type dns_resolver registered
[    3.759721] IPI shorthand broadcast: enabled
[    3.760435] sched_clock: Marking stable (3728093812, 32260904)->(3776948195, -16593479)
[    3.762066] registered taskstats version 1
[    3.762796] Loading compiled-in X.509 certificates
[    3.763745] zswap: loaded using pool lzo/zbud
[    3.765164] Key type ._fscrypt registered
[    3.765744] Key type .fscrypt registered
[    3.766302] Key type fscrypt-provisioning registered
[    3.767895] Key type encrypted registered
[    3.768574] ima: No TPM chip found, activating TPM-bypass!
[    3.769370] ima: Allocated hash algorithm: sha1
[    3.770061] ima: No architecture policies found
[    3.770752] evm: Initialising EVM extended attributes:
[    3.771486] evm: security.selinux
[    3.771966] evm: security.SMACK64
[    3.772469] evm: security.SMACK64EXEC
[    3.772999] evm: security.SMACK64TRANSMUTE
[    3.773588] evm: security.SMACK64MMAP
[    3.774117] evm: security.apparmor
[    3.774608] evm: security.ima
[    3.775041] evm: security.capability
[    3.775559] evm: HMAC attrs: 0x1
[    3.779871] PM:   Magic number: 15:329:347
[    3.780580]  pci0000:00: hash matches
[    3.781508] RAS: Correctable Errors collector initialized.
[    3.783255] md: Waiting for all devices to be available before autodetect
[    3.784253] md: If you don't use raid, use raid=noautodetect
[    3.785060] md: Autodetecting RAID arrays.
[    3.785653] md: autorun ...
[    3.786061] md: ... autorun DONE.
[    3.791129] EXT4-fs (sda): INFO: recovery required on readonly filesystem
[    3.792129] EXT4-fs (sda): write access will be enabled during recovery
[    3.849625] EXT4-fs (sda): recovery complete
[    3.856739] EXT4-fs (sda): mounted filesystem with ordered data mode. Quota mode: none.
[    3.857976] VFS: Mounted root (ext4 filesystem) readonly on device 8:0.
[    3.859568] devtmpfs: mounted
[    3.870713] Freeing unused decrypted memory: 2036K
[    3.872550] Freeing unused kernel image (initmem) memory: 3180K
[    3.873493] Write protecting the kernel read-only data: 43008k
[    3.876779] Freeing unused kernel image (text/rodata gap) memory: 2028K
[    3.878134] Freeing unused kernel image (rodata/data gap) memory: 276K
[    3.965633] x86/mm: Checked W+X mappings: passed, no W+X pages found.
[    3.966642] Run /sbin/init as init process
[    3.982430] random: fast init done
[    4.056719] systemd[1]: RTC configured in localtime, applying delta of 0 minutes to system time.
[    4.080665] systemd[1]: systemd 239 (239-49.el8) running in system mode. (+PAM +AUDIT +SELINUX +IMA -APPARMOR +SMACK +SYSVINIT +UTMP +LIBCRYPTSETUP +GCRYPT +GNUTLS +ACL +XZ +LZ4 +SECCOMP +BLKID +ELFUTILS +KMOD +IDN2 -IDN +PCRE2 default-hierarchy=legacy)
[    4.084074] systemd[1]: Detected virtualization kvm.
[    4.084864] systemd[1]: Detected architecture x86-64.

Welcome to [0;31mCentOS Stream 8[0m!

[    4.108823] systemd[1]: Set hostname to <test>.
[    4.233294] random: lvmconfig: uninitialized urandom read (4 bytes read)
[    4.345936] random: systemd: uninitialized urandom read (16 bytes read)
[    4.347223] systemd[1]: Started Forward Password Requests to Wall Directory Watch.
[[0;32m  OK  [0m] Started Forward Password Requests to Wall Directory Watch.
[    4.349573] random: systemd: uninitialized urandom read (16 bytes read)
[    4.350915] systemd[1]: Listening on Journal Socket.
[[0;32m  OK  [0m] Listening on Journal Socket.
[    4.356751] systemd[1]: Mounting POSIX Message Queue File System...
         Mounting POSIX Message Queue File System...
[    4.359408] systemd[1]: Created slice system-sshd\x2dkeygen.slice.
[[0;32m  OK  [0m] Created slice system-sshd\x2dkeygen.slice.
[    4.361994] systemd[1]: Reached target Swap.
[[0;32m  OK  [0m] Reached target Swap.
[    4.363619] systemd[1]: Listening on LVM2 poll daemon socket.
[[0;32m  OK  [0m] Listening on LVM2 poll daemon socket.
[[0;32m  OK  [0m] Listening on udev Control Socket.
[[0;32m  OK  [0m] Listening on Process Core Dump Socket.
[[0;32m  OK  [0m] Created slice system-serial\x2dgetty.slice.
         Starting Setup Virtual Console...
         Mounting Huge Pages File System...
[[0;32m  OK  [0m] Listening on RPCbind Server Activation Socket.
[[0;32m  OK  [0m] Created slice system-getty.slice.
[[0;32m  OK  [0m] Listening on udev Kernel Socket.
         Starting udev Coldplug all Devices...
[[0;32m  OK  [0m] Set up automount Arbitrary Executabâ€¦rmats File System Automount Point.
[[0;32m  OK  [0m] Reached target RPC Port Mapper.
         Starting Load Kernel Modules...
[[0;32m  OK  [0m] Listening on multipathd control socket.
[[0;32m  OK  [0m] Listening on Journal Socket (/dev/log).
         Starting Journal Service...
[[0;32m  OK  [0m] Listening on initctl Compatibility Named Pipe.
         Starting Remount Root and Kernel File Systems...
[[0;32m  OK  [0m] Listening on Device-mapper event daemon FIFOs.
         Starting Monitoring of LVM2 mirrorsâ€¦ng dmeventd or progress polling...
[[0;32m  OK  [0m] Created slice User and Session Slice.
[[0;32m  OK  [0m] Reached target Slices.
         Mounting Kernel Debug File System...
[    4.676120] EXT4-fs (sda): re-mounted. Quota mode: none.
[[0;32m  OK  [0m] Started Journal Service.
[[0;32m  OK  [0m] Mounted POSIX Message Queue File System.
[[0;32m  OK  [0m] Mounted Huge Pages File System.
[[0;1;31mFAILED[0m] Failed to start Load Kernel Modules.
See 'systemctl status systemd-modules-load.service' for details.
[[0;32m  OK  [0m] Started Remount Root and Kernel File Systems.
[[0;32m  OK  [0m] Mounted Kernel Debug File System.
         Starting Load/Save Random Seed...
         Starting Create Static Device Nodes in /dev...
         Mounting Kernel Configuration File System...
         Mounting FUSE Control File System...
         Starting Apply Kernel Variables...
         Starting Flush Journal to Persistent Storage...
[[0;32m  OK  [0m] Started Setup Virtual Console.
[[0;32m  OK  [0m] Started udev Coldplug all Devices.
[[0;32m  OK  [0m] Started Load/Save Random Seed.
[[0;32m  OK  [0m] Started Create Static Device Nodes in /dev.
[[0;32m  OK  [0m] Mounted Kernel Configuration File System.
[[0;32m  OK  [0m] Mounted FUSE Control File System.
[[0;32m  OK  [0m] Started Apply Kernel Variables.
         Starting udev Kernel Device Manager...
         Starting udev Wait for Complete Device Initialization...
[[0;32m  OK  [0m] Started Flush Journal to Persistent Storage.
[[0;32m  OK  [0m] Started udev Kernel Device Manager.
         Starting Show Plymouth Boot Screen...
[[0;32m  OK  [0m] Started Show Plymouth Boot Screen.
[[0;32m  OK  [0m] Reached target Local Encrypted Volumes.
[[0;32m  OK  [0m] Reached target Paths.
[[0;32m  OK  [0m] Started Forward Password Requests to Plymouth Directory Watch.
[[0;32m  OK  [0m] Started Monitoring of LVM2 mirrors,â€¦sing dmeventd or progress polling.
[[0;32m  OK  [0m] Found device /dev/ttyS0.
[[0;32m  OK  [0m] Started udev Wait for Complete Device Initialization.
[[0;32m  OK  [0m] Listening on Load/Save RF Kill Switch Status /dev/rfkill Watch.
[[0;32m  OK  [0m] Reached target Local File Systems (Pre).
[[0;32m  OK  [0m] Reached target Local File Systems.
         Starting Create Volatile Files and Directories...
         Starting Restore /run/initramfs on shutdown...
         Starting Tell Plymouth To Write Out Runtime Data...
[[0;32m  OK  [0m] Started Restore /run/initramfs on shutdown.
[[0;32m  OK  [0m] Started Tell Plymouth To Write Out Runtime Data.
[[0;32m  OK  [0m] Started Create Volatile Files and Directories.
         Mounting RPC Pipe File System...
         Starting RPC Bind...
         Starting Security Auditing Service...
[[0;32m  OK  [0m] Mounted RPC Pipe File System.
[[0;32m  OK  [0m] Reached target rpc_pipefs.target.
[[0;32m  OK  [0m] Started RPC Bind.
[[0;32m  OK  [0m] Started Security Auditing Service.
         Starting Update UTMP about System Boot/Shutdown...
[[0;32m  OK  [0m] Started Update UTMP about System Boot/Shutdown.
[[0;32m  OK  [0m] Reached target System Initialization.
[[0;32m  OK  [0m] Listening on SSSD Kerberos Cache Manager responder socket.
[[0;32m  OK  [0m] Started Daily Cleanup of Temporary Directories.
[[0;32m  OK  [0m] Started daily update of the root trust anchor for DNSSEC.
[[0;32m  OK  [0m] Listening on D-Bus System Message Bus Socket.
[[0;32m  OK  [0m] Reached target Sockets.
[[0;32m  OK  [0m] Reached target Basic System.
[[0;32m  OK  [0m] Started Machine Check Exception Logging Daemon.
         Starting NTP client/server...
         Starting Self Monitoring and Reporting Technology (SMART) Daemon...
[[0;32m  OK  [0m] Started D-Bus System Message Bus.
         Starting Network Manager...
         Starting Login Service...
         Starting Authorization Manager...
[[0;32m  OK  [0m] Reached target sshd-keygen.target.
         Starting Auto-connect to subsystemsâ€¦-NVME devices found during boot...
[[0;32m  OK  [0m] Started dnf makecache --timer.
[[0;32m  OK  [0m] Reached target Timers.
[[0;32m  OK  [0m] Started irqbalance daemon.
[[0;32m  OK  [0m] Started Self Monitoring and Reporting Technology (SMART) Daemon.
[[0;32m  OK  [0m] Started Auto-connect to subsystems â€¦FC-NVME devices found during boot.
         Starting update of the root trust aâ€¦or DNSSEC validation in unbound...
[[0;32m  OK  [0m] Started Login Service.
[[0;32m  OK  [0m] Started Network Manager.
         Starting Network Manager Wait Online...
[[0;32m  OK  [0m] Reached target Network.
         Starting GSSAPI Proxy Daemon...
         Starting Dynamic System Tuning Daemon...
         Starting OpenSSH server daemon...
[[0;32m  OK  [0m] Started NTP client/server.
         Starting Hostname Service...
[[0;32m  OK  [0m] Started Authorization Manager.
[[0;32m  OK  [0m] Started Hostname Service.
         Starting Network Manager Script Dispatcher Service...
[    6.672835] e1000: eth0 NIC Link is Up 1000 Mbps Full Duplex, Flow Control: RX
[[0;32m  OK  [0m] Started Netw[    6.675008] IPv6: ADDRCONF(NETDEV_CHANGE): eth0: link becomes ready
ork Manager Script Dispatcher Service.
[    6.891481] Spectre V2 : WARNING: Unprivileged eBPF is enabled with eIBRS on, data leaks possible via Spectre v2 BHB attacks!
[    6.893526] Spectre V2 : WARNING: Unprivileged eBPF is enabled with eIBRS on, data leaks possible via Spectre v2 BHB attacks!
[[0;32m  OK  [0m] Started Dynamic System Tuning Daemon.
[    7.600406] random: crng init done
[    7.601324] random: 7 urandom warning(s) missed due to ratelimiting
[[0;32m  OK  [0m] Started OpenSSH server daemon.
[[0;32m  OK  [0m] Started update of the root trust anâ€¦ for DNSSEC validation in unbound.
[[0;32m  OK  [0m] Started GSSAPI Proxy Daemon.
[[0;32m  OK  [0m] Reached target NFS client services.
[[0;32m  OK  [0m] Reached target Remote File Systems (Pre).
[[0;32m  OK  [0m] Reached target Remote File Systems.
         Starting Permit User Sessions...
[[0;32m  OK  [0m] Started Permit User Sessions.
[[0;32m  OK  [0m] Started Command Scheduler.
         Starting Hold until boot process finishes up...
         Starting Terminate Plymouth Boot Screen...

CentOS Stream 8
Kernel 5.17.0-rc8-4b45e07907d8+ on an x86_64

test login: 