c[?7l[2J[0mSeaBIOS (version rel-1.16.0-0-gd239552ce722-prebuilt.qemu.org)


iPXE (http://ipxe.org) 00:03.0 CA00 PCI2.10 PnP PMM+7FF91000+7FEF1000 CA00
Press Ctrl-B to configure iPXE (PCI 00:03.0)...                                                                               


Booting from ROM...
c[?7l[2J[    0.000000] Linux version 6.2.0-53ae7e117637+ (root@p-rpls01) (gcc (GCC) 8.5.0 20210514 (Red Hat 8.5.0-18), GNU ld version 2.36.1-2.el8) #1 SMP PREEMPT_DYNAMIC Mon Mar 27 08:25:49 CST 2023
[    0.000000] Command line: console=ttyS0 root=/dev/sda earlyprintk=serial net.ifnames=0
[    0.000000] KERNEL supported cpus:
[    0.000000]   Intel GenuineIntel
[    0.000000]   AMD AuthenticAMD
[    0.000000]   Hygon HygonGenuine
[    0.000000]   Centaur CentaurHauls
[    0.000000]   zhaoxin   Shanghai  
[    0.000000] x86/fpu: Supporting XSAVE feature 0x001: 'x87 floating point registers'
[    0.000000] x86/fpu: Supporting XSAVE feature 0x002: 'SSE registers'
[    0.000000] x86/fpu: Supporting XSAVE feature 0x004: 'AVX registers'
[    0.000000] x86/fpu: Supporting XSAVE feature 0x200: 'Protection Keys User registers'
[    0.000000] x86/fpu: xstate_offset[2]:  576, xstate_sizes[2]:  256
[    0.000000] x86/fpu: xstate_offset[9]:  832, xstate_sizes[9]:    8
[    0.000000] x86/fpu: Enabled xstate features 0x207, context size is 840 bytes, using 'compacted' format.
[    0.000000] signal: max sigframe size: 3632
[    0.000000] BIOS-provided physical RAM map:
[    0.000000] BIOS-e820: [mem 0x0000000000000000-0x000000000009fbff] usable
[    0.000000] BIOS-e820: [mem 0x000000000009fc00-0x000000000009ffff] reserved
[    0.000000] BIOS-e820: [mem 0x00000000000f0000-0x00000000000fffff] reserved
[    0.000000] BIOS-e820: [mem 0x0000000000100000-0x000000007ffdffff] usable
[    0.000000] BIOS-e820: [mem 0x000000007ffe0000-0x000000007fffffff] reserved
[    0.000000] BIOS-e820: [mem 0x00000000feffc000-0x00000000feffffff] reserved
[    0.000000] BIOS-e820: [mem 0x00000000fffc0000-0x00000000ffffffff] reserved
[    0.000000] printk: bootconsole [earlyser0] enabled
[    0.000000] NX (Execute Disable) protection: active
[    0.000000] SMBIOS 2.8 present.
[    0.000000] DMI: QEMU Standard PC (i440FX + PIIX, 1996), BIOS rel-1.16.0-0-gd239552ce722-prebuilt.qemu.org 04/01/2014
[    0.000000] Hypervisor detected: KVM
[    0.000000] kvm-clock: Using msrs 4b564d01 and 4b564d00
[    0.000002] kvm-clock: using sched offset of 555640483 cycles
[    0.000823] clocksource: kvm-clock: mask: 0xffffffffffffffff max_cycles: 0x1cd42e4dffb, max_idle_ns: 881590591483 ns
[    0.003353] tsc: Detected 806.400 MHz processor
[    0.004000] last_pfn = 0x7ffe0 max_arch_pfn = 0x400000000
[    0.004000] x86/PAT: Configuration [0-7]: WB  WC  UC- UC  WB  WP  UC- WT  
[    0.004000] found SMP MP-table at [mem 0x000f5ba0-0x000f5baf]
[    0.004000] Using GB pages for direct mapping
[    0.004000] ACPI: Early table checksum verification disabled
[    0.004000] ACPI: RSDP 0x00000000000F59C0 000014 (v00 BOCHS )
[    0.004000] ACPI: RSDT 0x000000007FFE1951 000034 (v01 BOCHS  BXPC     00000001 BXPC 00000001)
[    0.004000] ACPI: FACP 0x000000007FFE17FD 000074 (v01 BOCHS  BXPC     00000001 BXPC 00000001)
[    0.004000] ACPI: DSDT 0x000000007FFE0040 0017BD (v01 BOCHS  BXPC     00000001 BXPC 00000001)
[    0.004000] ACPI: FACS 0x000000007FFE0000 000040
[    0.004000] ACPI: APIC 0x000000007FFE1871 000080 (v01 BOCHS  BXPC     00000001 BXPC 00000001)
[    0.004000] ACPI: HPET 0x000000007FFE18F1 000038 (v01 BOCHS  BXPC     00000001 BXPC 00000001)
[    0.004000] ACPI: WAET 0x000000007FFE1929 000028 (v01 BOCHS  BXPC     00000001 BXPC 00000001)
[    0.004000] ACPI: Reserving FACP table memory at [mem 0x7ffe17fd-0x7ffe1870]
[    0.004000] ACPI: Reserving DSDT table memory at [mem 0x7ffe0040-0x7ffe17fc]
[    0.004000] ACPI: Reserving FACS table memory at [mem 0x7ffe0000-0x7ffe003f]
[    0.004000] ACPI: Reserving APIC table memory at [mem 0x7ffe1871-0x7ffe18f0]
[    0.004000] ACPI: Reserving HPET table memory at [mem 0x7ffe18f1-0x7ffe1928]
[    0.004000] ACPI: Reserving WAET table memory at [mem 0x7ffe1929-0x7ffe1950]
[    0.004000] No NUMA configuration found
[    0.004000] Faking a node at [mem 0x0000000000000000-0x000000007ffdffff]
[    0.004000] NODE_DATA(0) allocated [mem 0x7ffb5000-0x7ffdffff]
[    0.004000] Zone ranges:
[    0.004000]   DMA      [mem 0x0000000000001000-0x0000000000ffffff]
[    0.004000]   DMA32    [mem 0x0000000001000000-0x000000007ffdffff]
[    0.004000]   Normal   empty
[    0.004000]   Device   empty
[    0.004000] Movable zone start for each node
[    0.004000] Early memory node ranges
[    0.004000]   node   0: [mem 0x0000000000001000-0x000000000009efff]
[    0.004000]   node   0: [mem 0x0000000000100000-0x000000007ffdffff]
[    0.004000] Initmem setup node 0 [mem 0x0000000000001000-0x000000007ffdffff]
[    0.004000] On node 0, zone DMA: 1 pages in unavailable ranges
[    0.004000] On node 0, zone DMA: 97 pages in unavailable ranges
[    0.004000] On node 0, zone DMA32: 32 pages in unavailable ranges
[    0.004000] ACPI: PM-Timer IO Port: 0x608
[    0.004000] ACPI: LAPIC_NMI (acpi_id[0xff] dfl dfl lint[0x1])
[    0.004000] IOAPIC[0]: apic_id 0, version 17, address 0xfec00000, GSI 0-23
[    0.004000] ACPI: INT_SRC_OVR (bus 0 bus_irq 0 global_irq 2 dfl dfl)
[    0.004000] ACPI: INT_SRC_OVR (bus 0 bus_irq 5 global_irq 5 high level)
[    0.004000] ACPI: INT_SRC_OVR (bus 0 bus_irq 9 global_irq 9 high level)
[    0.004000] ACPI: INT_SRC_OVR (bus 0 bus_irq 10 global_irq 10 high level)
[    0.004000] ACPI: INT_SRC_OVR (bus 0 bus_irq 11 global_irq 11 high level)
[    0.004000] ACPI: Using ACPI (MADT) for SMP configuration information
[    0.004000] ACPI: HPET id: 0x8086a201 base: 0xfed00000
[    0.004000] TSC deadline timer available
[    0.004000] smpboot: Allowing 2 CPUs, 0 hotplug CPUs
[    0.004000] kvm-guest: KVM setup pv remote TLB flush
[    0.004000] kvm-guest: setup PV sched yield
[    0.004000] PM: hibernation: Registered nosave memory: [mem 0x00000000-0x00000fff]
[    0.004000] PM: hibernation: Registered nosave memory: [mem 0x0009f000-0x0009ffff]
[    0.004000] PM: hibernation: Registered nosave memory: [mem 0x000a0000-0x000effff]
[    0.004000] PM: hibernation: Registered nosave memory: [mem 0x000f0000-0x000fffff]
[    0.004000] [mem 0x80000000-0xfeffbfff] available for PCI devices
[    0.004000] Booting paravirtualized kernel on KVM
[    0.004000] clocksource: refined-jiffies: mask: 0xffffffff max_cycles: 0xffffffff, max_idle_ns: 7645519600211568 ns
[    0.004000] setup_percpu: NR_CPUS:8192 nr_cpumask_bits:2 nr_cpu_ids:2 nr_node_ids:1
[    0.004000] percpu: Embedded 65 pages/cpu s229376 r8192 d28672 u1048576
[    0.004000] kvm-guest: PV spinlocks enabled
[    0.004000] PV qspinlock hash table entries: 256 (order: 0, 4096 bytes, linear)
[    0.004000] Fallback order for Node 0: 0 
[    0.004000] Built 1 zonelists, mobility grouping on.  Total pages: 515808
[    0.004000] Policy zone: DMA32
[    0.004000] Kernel command line: net.ifnames=0 console=ttyS0 root=/dev/sda earlyprintk=serial net.ifnames=0
[    0.004000] random: crng init done
[    0.004000] Dentry cache hash table entries: 262144 (order: 9, 2097152 bytes, linear)
[    0.004000] Inode-cache hash table entries: 131072 (order: 8, 1048576 bytes, linear)
[    0.004000] mem auto-init: stack:off, heap alloc:off, heap free:off
[    0.004000] Memory: 1964888K/2096632K available (36864K kernel code, 4579K rwdata, 9848K rodata, 10508K init, 31780K bss, 131488K reserved, 0K cma-reserved)
[    0.004000] SLUB: HWalign=64, Order=0-3, MinObjects=0, CPUs=2, Nodes=1
[    0.004000] kmemleak: Kernel memory leak detector disabled
[    0.004000] ftrace: allocating 68736 entries in 269 pages
[    0.004000] ftrace: allocated 269 pages with 4 groups
[    0.004000] Dynamic Preempt: voluntary
[    0.004000] Running RCU self tests
[    0.004000] Running RCU synchronous self tests
[    0.004000] rcu: Preemptible hierarchical RCU implementation.
[    0.004000] rcu: 	RCU lockdep checking is enabled.
[    0.004000] rcu: 	RCU restricting CPUs from NR_CPUS=8192 to nr_cpu_ids=2.
[    0.004000] 	Trampoline variant of Tasks RCU enabled.
[    0.004000] 	Rude variant of Tasks RCU enabled.
[    0.004000] 	Tracing variant of Tasks RCU enabled.
[    0.004000] rcu: RCU calculated value of scheduler-enlistment delay is 25 jiffies.
[    0.004000] rcu: Adjusting geometry for rcu_fanout_leaf=16, nr_cpu_ids=2
[    0.004000] Running RCU synchronous self tests
[    0.004000] NR_IRQS: 524544, nr_irqs: 440, preallocated irqs: 16
[    0.004000] rcu: srcu_init: Setting srcu_struct sizes based on contention.
[    0.004000] Console: colour VGA+ 80x25
[    0.004000] printk: console [ttyS0] enabled
[    0.004000] printk: console [ttyS0] enabled
[    0.004000] printk: bootconsole [earlyser0] disabled
[    0.004000] printk: bootconsole [earlyser0] disabled
[    0.004000] Lock dependency validator: Copyright (c) 2006 Red Hat, Inc., Ingo Molnar
[    0.004000] ... MAX_LOCKDEP_SUBCLASSES:  8
[    0.004000] ... MAX_LOCK_DEPTH:          48
[    0.004000] ... MAX_LOCKDEP_KEYS:        8192
[    0.004000] ... CLASSHASH_SIZE:          4096
[    0.004000] ... MAX_LOCKDEP_ENTRIES:     32768
[    0.004000] ... MAX_LOCKDEP_CHAINS:      65536
[    0.004000] ... CHAINHASH_SIZE:          32768
[    0.004000]  memory used by lock dependency info: 6365 kB
[    0.004000]  memory used for stack traces: 4224 kB
[    0.004000]  per task-struct memory footprint: 1920 bytes
[    0.004000] ACPI: Core revision 20221020
[    0.004000] clocksource: hpet: mask: 0xffffffff max_cycles: 0xffffffff, max_idle_ns: 19112604467 ns
[    0.004000] APIC: Switch to symmetric I/O mode setup
[    0.004000] x2apic enabled
[    0.004000] Switched APIC routing to physical x2apic.
[    0.004000] kvm-guest: setup PV IPIs
[    0.004000] ..TIMER: vector=0x30 apic1=0 pin1=2 apic2=-1 pin2=-1
[    0.004000] clocksource: tsc-early: mask: 0xffffffffffffffff max_cycles: 0xb9fb05486c, max_idle_ns: 440795231721 ns
[    0.281419] Calibrating delay loop (skipped) preset value.. 1612.80 BogoMIPS (lpj=3225600)
[    0.282758] pid_max: default: 32768 minimum: 301
[    0.283576] LSM: initializing lsm=capability,yama,integrity
[    0.284492] Yama: becoming mindful.
[    0.285578] Mount-cache hash table entries: 4096 (order: 3, 32768 bytes, linear)
[    0.286814] Mountpoint-cache hash table entries: 4096 (order: 3, 32768 bytes, linear)
[    0.289694] CPU0: Thermal monitoring enabled (TM1)
[    0.292337] x86/cpu: User Mode Instruction Prevention (UMIP) activated
[    0.294262] Last level iTLB entries: 4KB 0, 2MB 0, 4MB 0
[    0.295191] Last level dTLB entries: 4KB 0, 2MB 0, 4MB 0, 1GB 0
[    0.296200] Spectre V1 : Mitigation: usercopy/swapgs barriers and __user pointer sanitization
[    0.297469] Spectre V2 : WARNING: Unprivileged eBPF is enabled with eIBRS on, data leaks possible via Spectre v2 BHB attacks!
[    0.299281] Spectre V2 : Mitigation: Enhanced / Automatic IBRS
[    0.300210] Spectre V2 : Spectre v2 / SpectreRSB mitigation: Filling RSB on context switch
[    0.301414] Spectre V2 : Spectre v2 / PBRSB-eIBRS: Retire a single CALL on VMEXIT
[    0.302621] Spectre V2 : mitigation: Enabling conditional Indirect Branch Prediction Barrier
[    0.303958] Speculative Store Bypass: Mitigation: Speculative Store Bypass disabled via prctl
[    0.305410] MMIO Stale Data: Unknown: No mitigations
[    0.416643] Freeing SMP alternatives memory: 56K
[    0.417451] Running RCU synchronous self tests
[    0.418164] Running RCU synchronous self tests
[    0.419413] smpboot: CPU0: Genuine Intel(R) 0000 (family: 0x6, model: 0xb7, stepping: 0x0)
[    0.421392] cblist_init_generic: Setting adjustable number of callback queues.
[    0.421406] cblist_init_generic: Setting shift to 1 and lim to 1.
[    0.421484] cblist_init_generic: Setting shift to 1 and lim to 1.
[    0.422500] cblist_init_generic: Setting shift to 1 and lim to 1.
[    0.423526] Running RCU-tasks wait API self tests
[    0.525557] Performance Events: Alderlake Hybrid events, full-width counters, Intel PMU driver.
[    0.527434] core: cpu_core PMU driver: 
[    0.527997] ... version:                2
[    0.528569] ... bit width:              48
[    0.529155] ... generic registers:      6
[    0.529415] ... value mask:             0000ffffffffffff
[    0.530169] ... max period:             00007fffffffffff
[    0.530923] ... fixed-purpose events:   3
[    0.531497] ... event mask:             0001000f0000003f
[    0.532468] rcu: Hierarchical SRCU implementation.
[    0.533156] rcu: 	Max phase no-delay instances is 1000.
[    0.533495] Callback from call_rcu_tasks_trace() invoked.
[    0.535519] unchecked MSR access error: WRMSR to 0x38f (tried to write 0x0001000f0000003f) at rIP: 0xffffffff810e0c2c (native_write_msr+0xc/0x30)
[    0.537366] Call Trace:
[    0.537406]  <TASK>
[    0.537406]  __intel_pmu_enable_all.constprop.49+0xb5/0x140
[    0.537406]  intel_pmu_enable_all+0x1e/0x30
[    0.537406]  x86_pmu_enable+0x46d/0x5a0
[    0.537406]  ? write_comp_data+0x2f/0x90
[    0.537406]  perf_pmu_enable+0x53/0x70
[    0.537406]  ctx_resched+0x14d/0x1e0
[    0.537406]  __perf_install_in_context+0x2f7/0x470
[    0.537406]  ? lock_is_held_type+0xe6/0x140
[    0.537406]  ? __pfx_remote_function+0x10/0x10
[    0.537406]  remote_function+0x80/0xa0
[    0.537406]  ? __pfx_remote_function+0x10/0x10
[    0.537406]  generic_exec_single+0x124/0x190
[    0.537406]  smp_call_function_single+0x11c/0x240
[    0.537406]  ? __pfx_remote_function+0x10/0x10
[    0.537406]  ? __sanitizer_cov_trace_pc+0x25/0x60
[    0.537406]  ? write_comp_data+0x2f/0x90
[    0.537406]  perf_install_in_context+0x2d8/0x300
[    0.537406]  ? __pfx___perf_install_in_context+0x10/0x10
[    0.537406]  perf_event_create_kernel_counter+0x284/0x2b0
[    0.537406]  ? __pfx_watchdog_overflow_callback+0x10/0x10
[    0.537406]  hardlockup_detector_event_create+0x46/0xd0
[    0.537406]  hardlockup_detector_perf_init+0x18/0x80
[    0.537406]  watchdog_nmi_probe+0x17/0x20
[    0.537406]  lockup_detector_init+0x40/0xb0
[    0.537406]  kernel_init_freeable+0x37e/0x8c0
[    0.537406]  ? __pfx_kernel_init+0x10/0x10
[    0.537406]  kernel_init+0x24/0x1e0
[    0.537406]  ? __pfx_kernel_init+0x10/0x10
[    0.537406]  ret_from_fork+0x29/0x50
[    0.537406]  </TASK>
[    0.537645] smp: Bringing up secondary CPUs ...
[    0.539671] x86: Booting SMP configuration:
[    0.540290] .... node  #0, CPUs:      #1
[    0.541546] smp: Brought up 1 node, 2 CPUs
[    0.542701] smpboot: Max logical packages: 1
[    0.543313] smpboot: Total of 2 processors activated (3225.60 BogoMIPS)
[    0.552542] devtmpfs: initialized
[    0.553798] x86/mm: Memory block size: 128MB
[    0.556119] Running RCU synchronous self tests
[    0.557430] Running RCU synchronous self tests
[    0.558120] clocksource: jiffies: mask: 0xffffffff max_cycles: 0xffffffff, max_idle_ns: 7645041785100000 ns
[    0.559529] futex hash table entries: 512 (order: 4, 65536 bytes, linear)
[    0.560789] pinctrl core: initialized pinctrl subsystem
[    0.561978] 
[    0.562216] *************************************************************
[    0.563197] **     NOTICE NOTICE NOTICE NOTICE NOTICE NOTICE NOTICE    **
[    0.564178] **                                                         **
[    0.565166] **  IOMMU DebugFS SUPPORT HAS BEEN ENABLED IN THIS KERNEL  **
[    0.565414] **                                                         **
[    0.566395] ** This means that this kernel is built to expose internal **
[    0.567365] ** IOMMU data structures, which may compromise security on **
[    0.568337] ** your system.                                            **
[    0.569307] **                                                         **
[    0.569416] ** If you see this message and you are not debugging the   **
[    0.570392] ** kernel, report this immediately to your vendor!         **
[    0.571363] **                                                         **
[    0.572333] **     NOTICE NOTICE NOTICE NOTICE NOTICE NOTICE NOTICE    **
[    0.573309] *************************************************************
[    0.573514] PM: RTC time: 00:26:27, date: 2023-03-27
[    0.578964] NET: Registered PF_NETLINK/PF_ROUTE protocol family
[    0.580404] DMA: preallocated 256 KiB GFP_KERNEL pool for atomic allocations
[    0.581437] DMA: preallocated 256 KiB GFP_KERNEL|GFP_DMA pool for atomic allocations
[    0.582597] DMA: preallocated 256 KiB GFP_KERNEL|GFP_DMA32 pool for atomic allocations
[    0.583826] audit: initializing netlink subsys (disabled)
[    0.584651] audit: type=2000 audit(1679876787.825:1): state=initialized audit_enabled=0 res=1
[    0.584651] thermal_sys: Registered thermal governor 'fair_share'
[    0.584651] thermal_sys: Registered thermal governor 'bang_bang'
[    0.584651] thermal_sys: Registered thermal governor 'step_wise'
[    0.585418] thermal_sys: Registered thermal governor 'user_space'
[    0.586380] cpuidle: using governor ladder
[    0.590049] cpuidle: using governor menu
[    0.590985] acpiphp: ACPI Hot Plug PCI Controller Driver version: 0.5
[    0.592306] PCI: Using configuration type 1 for base access
[    0.593984] kprobes: kprobe jump-optimization is enabled. All kprobes are optimized if possible.
[    0.813753] HugeTLB: registered 1.00 GiB page size, pre-allocated 0 pages
[    0.815204] HugeTLB: 16380 KiB vmemmap can be freed for a 1.00 GiB page
[    0.816616] HugeTLB: registered 2.00 MiB page size, pre-allocated 0 pages
[    0.817420] HugeTLB: 28 KiB vmemmap can be freed for a 2.00 MiB page
[    0.825854] ACPI: Added _OSI(Module Device)
[    0.826795] ACPI: Added _OSI(Processor Device)
[    0.827755] ACPI: Added _OSI(3.0 _SCP Extensions)
[    0.828776] ACPI: Added _OSI(Processor Aggregator Device)
[    0.835173] ACPI: 1 ACPI AML tables successfully acquired and loaded
[    3.102730] Callback from call_rcu_tasks_rude() invoked.
[    3.103576] ACPI: Interpreter enabled
[    3.105521] ACPI: PM: (supports S0 S3 S4 S5)
[    3.106220] ACPI: Using IOAPIC for interrupt routing
[    3.107082] PCI: Using host bridge windows from ACPI; if necessary, use "pci=nocrs" and report a bug
[    3.108550] PCI: Using E820 reservations for host bridge windows
[    3.110059] ACPI: Enabled 2 GPEs in block 00 to 0F
[    3.126962] ACPI: PCI Root Bridge [PCI0] (domain 0000 [bus 00-ff])
[    3.128033] acpi PNP0A03:00: _OSC: OS supports [ASPM ClockPM Segments MSI EDR HPX-Type3]
[    3.129390] acpi PNP0A03:00: _OSC: not requesting OS control; OS requires [ExtendedConfig ASPM ClockPM MSI]
[    3.129486] acpi PNP0A03:00: fail to add MMCONFIG information, can't access extended configuration space under this bridge
[    3.133695] acpiphp: Slot [3] registered
[    3.134445] acpiphp: Slot [4] registered
[    3.135214] acpiphp: Slot [5] registered
[    3.135959] acpiphp: Slot [6] registered
[    3.136703] acpiphp: Slot [7] registered
[    3.137455] acpiphp: Slot [8] registered
[    3.138201] acpiphp: Slot [9] registered
[    3.138944] acpiphp: Slot [10] registered
[    3.139718] acpiphp: Slot [11] registered
[    3.140489] acpiphp: Slot [12] registered
[    3.141259] acpiphp: Slot [13] registered
[    3.141481] acpiphp: Slot [14] registered
[    3.142252] acpiphp: Slot [15] registered
[    3.143027] acpiphp: Slot [16] registered
[    3.143806] acpiphp: Slot [17] registered
[    3.144576] acpiphp: Slot [18] registered
[    3.145345] acpiphp: Slot [19] registered
[    3.145481] acpiphp: Slot [20] registered
[    3.146255] acpiphp: Slot [21] registered
[    3.147026] acpiphp: Slot [22] registered
[    3.147804] acpiphp: Slot [23] registered
[    3.148574] acpiphp: Slot [24] registered
[    3.149347] acpiphp: Slot [25] registered
[    3.149481] acpiphp: Slot [26] registered
[    3.150257] acpiphp: Slot [27] registered
[    3.151026] acpiphp: Slot [28] registered
[    3.151805] acpiphp: Slot [29] registered
[    3.152575] acpiphp: Slot [30] registered
[    3.153348] acpiphp: Slot [31] registered
[    3.153439] PCI host bridge to bus 0000:00
[    3.154159] pci_bus 0000:00: root bus resource [io  0x0000-0x0cf7 window]
[    3.155337] pci_bus 0000:00: root bus resource [io  0x0d00-0xffff window]
[    3.156521] pci_bus 0000:00: root bus resource [mem 0x000a0000-0x000bffff window]
[    3.157415] pci_bus 0000:00: root bus resource [mem 0x80000000-0xfebfffff window]
[    3.158710] pci_bus 0000:00: root bus resource [mem 0x100000000-0x17fffffff window]
[    3.160032] pci_bus 0000:00: root bus resource [bus 00-ff]
[    3.161128] pci 0000:00:00.0: [8086:1237] type 00 class 0x060000
[    3.164683] pci 0000:00:01.0: [8086:7000] type 00 class 0x060100
[    3.166590] pci 0000:00:01.1: [8086:7010] type 00 class 0x010180
[    3.169268] pci 0000:00:01.1: reg 0x20: [io  0xc040-0xc04f]
[    3.170181] pci 0000:00:01.1: legacy IDE quirk: reg 0x10: [io  0x01f0-0x01f7]
[    3.171429] pci 0000:00:01.1: legacy IDE quirk: reg 0x14: [io  0x03f6]
[    3.172568] pci 0000:00:01.1: legacy IDE quirk: reg 0x18: [io  0x0170-0x0177]
[    3.173416] pci 0000:00:01.1: legacy IDE quirk: reg 0x1c: [io  0x0376]
[    3.174963] pci 0000:00:01.3: [8086:7113] type 00 class 0x068000
[    3.176719] pci 0000:00:01.3: quirk: [io  0x0600-0x063f] claimed by PIIX4 ACPI
[    3.177429] pci 0000:00:01.3: quirk: [io  0x0700-0x070f] claimed by PIIX4 SMB
[    3.179084] pci 0000:00:02.0: [1234:1111] type 00 class 0x030000
[    3.182047] pci 0000:00:02.0: reg 0x10: [mem 0xfd000000-0xfdffffff pref]
[    3.185014] pci 0000:00:02.0: reg 0x18: [mem 0xfebf0000-0xfebf0fff]
[    3.188576] pci 0000:00:02.0: reg 0x30: [mem 0xfebe0000-0xfebeffff pref]
[    3.189706] pci 0000:00:02.0: Video device with shadowed ROM at [mem 0x000c0000-0x000dffff]
[    3.194465] pci 0000:00:03.0: [8086:100e] type 00 class 0x020000
[    3.196055] pci 0000:00:03.0: reg 0x10: [mem 0xfebc0000-0xfebdffff]
[    3.197417] pci 0000:00:03.0: reg 0x14: [io  0xc000-0xc03f]
[    3.201418] pci 0000:00:03.0: reg 0x30: [mem 0xfeb80000-0xfebbffff pref]
[    3.235095] ACPI: PCI: Interrupt link LNKA configured for IRQ 10
[    3.236462] ACPI: PCI: Interrupt link LNKB configured for IRQ 10
[    3.237777] ACPI: PCI: Interrupt link LNKC configured for IRQ 11
[    3.239117] ACPI: PCI: Interrupt link LNKD configured for IRQ 11
[    3.240281] ACPI: PCI: Interrupt link LNKS configured for IRQ 9
[    3.242640] iommu: Default domain type: Translated 
[    3.242640] iommu: DMA domain TLB invalidation policy: lazy mode 
[    3.242889] SCSI subsystem initialized
[    3.245594] ACPI: bus type USB registered
[    3.246342] usbcore: registered new interface driver usbfs
[    3.249455] usbcore: registered new interface driver hub
[    3.250356] usbcore: registered new device driver usb
[    3.251306] pps_core: LinuxPPS API ver. 1 registered
[    3.252120] pps_core: Software ver. 5.3.6 - Copyright 2005-2007 Rodolfo Giometti <giometti@linux.it>
[    3.253423] PTP clock support registered
[    3.254155] EDAC MC: Ver: 3.0.0
[    3.254368] NetLabel: Initializing
[    3.254368] NetLabel:  domain hash size = 128
[    3.254838] NetLabel:  protocols = UNLABELED CIPSOv4 CALIPSO
[    3.255789] NetLabel:  unlabeled traffic allowed by default
[    3.257655] PCI: Using ACPI for IRQ routing
[    3.261696] pci 0000:00:02.0: vgaarb: setting as boot VGA device
[    3.262480] pci 0000:00:02.0: vgaarb: bridge control possible
[    3.263399] pci 0000:00:02.0: vgaarb: VGA device added: decodes=io+mem,owns=io+mem,locks=none
[    3.264767] vgaarb: loaded
[    3.265760] hpet0: at MMIO 0xfed00000, IRQs 2, 8, 0
[    3.266593] hpet0: 3 comparators, 64-bit 100.000000 MHz counter
[    3.271811] clocksource: Switched to clocksource kvm-clock
[    3.273406] VFS: Disk quotas dquot_6.6.0
[    3.273406] VFS: Dquot-cache hash table entries: 512 (order 0, 4096 bytes)
[    3.273776] pnp: PnP ACPI init
[    3.277064] pnp: PnP ACPI: found 6 devices
[    3.288653] clocksource: acpi_pm: mask: 0xffffff max_cycles: 0xffffff, max_idle_ns: 2085701024 ns
[    3.290432] NET: Registered PF_INET protocol family
[    3.291705] IP idents hash table entries: 32768 (order: 6, 262144 bytes, linear)
[    3.293637] Callback from call_rcu_tasks() invoked.
[    3.295033] tcp_listen_portaddr_hash hash table entries: 1024 (order: 4, 73728 bytes, linear)
[    3.296533] Table-perturb hash table entries: 65536 (order: 6, 262144 bytes, linear)
[    3.297824] TCP established hash table entries: 16384 (order: 5, 131072 bytes, linear)
[    3.299587] TCP bind hash table entries: 16384 (order: 9, 2359296 bytes, linear)
[    3.305678] TCP: Hash tables configured (established 16384 bind 16384)
[    3.307163] UDP hash table entries: 1024 (order: 5, 163840 bytes, linear)
[    3.308580] UDP-Lite hash table entries: 1024 (order: 5, 163840 bytes, linear)
[    3.310208] NET: Registered PF_UNIX/PF_LOCAL protocol family
[    3.311705] RPC: Registered named UNIX socket transport module.
[    3.312715] RPC: Registered udp transport module.
[    3.313536] RPC: Registered tcp transport module.
[    3.314328] RPC: Registered tcp NFSv4.1 backchannel transport module.
[    3.315422] pci_bus 0000:00: resource 4 [io  0x0000-0x0cf7 window]
[    3.316461] pci_bus 0000:00: resource 5 [io  0x0d00-0xffff window]
[    3.317531] pci_bus 0000:00: resource 6 [mem 0x000a0000-0x000bffff window]
[    3.318689] pci_bus 0000:00: resource 7 [mem 0x80000000-0xfebfffff window]
[    3.319845] pci_bus 0000:00: resource 8 [mem 0x100000000-0x17fffffff window]
[    3.321271] pci 0000:00:01.0: PIIX3: Enabling Passive Release
[    3.322267] pci 0000:00:00.0: Limiting direct PCI/PCI transfers
[    3.323395] PCI: CLS 0 bytes, default 64
[    3.324482] ACPI: bus type thunderbolt registered
[    3.325598] clocksource: tsc: mask: 0xffffffffffffffff max_cycles: 0xb9fb05486c, max_idle_ns: 440795231721 ns
[    3.413362] Initialise system trusted keyrings
[    3.414257] Key type blacklist registered
[    3.415417] workingset: timestamp_bits=36 max_order=19 bucket_order=0
[    3.416604] zbud: loaded
[    3.417822] squashfs: version 4.0 (2009/01/31) Phillip Lougher
[    3.419970] NFS: Registering the id_resolver key type
[    3.420853] Key type id_resolver registered
[    3.421591] Key type id_legacy registered
[    3.422303] nfs4filelayout_init: NFSv4 File Layout Driver Registering...
[    3.423462] nfs4flexfilelayout_init: NFSv4 Flexfile Layout Driver Registering...
[    3.424836] fuse: init (API version 7.38)
[    3.425720] SGI XFS with ACLs, security attributes, realtime, quota, no debug enabled
[    3.427921] 9p: Installing v9fs 9p2000 file system support
[    3.435531] Key type asymmetric registered
[    3.436254] Asymmetric key parser 'x509' registered
[    3.437166] Block layer SCSI generic (bsg) driver version 0.4 loaded (major 243)
[    3.438706] io scheduler mq-deadline registered
[    3.439506] io scheduler bfq registered
[    3.440798] shpchp: Standard Hot Plug PCI Controller Driver version: 0.4
[    3.442367] IPMI message handler: version 39.2
[    3.443189] ipmi device interface
[    3.445533] input: Power Button as /devices/LNXSYSTM:00/LNXPWRBN:00/input/input0
[    3.447004] ACPI: button: Power Button [PWRF]
[    3.448759] ERST DBG: ERST support is disabled.
[    3.450268] Serial: 8250/16550 driver, 32 ports, IRQ sharing enabled
[    3.452177] 00:04: ttyS0 at I/O 0x3f8 (irq = 4, base_baud = 115200) is a 16550A
[    3.462164] Linux agpgart interface v0.103
[    3.463785] ACPI: bus type drm_connector registered
[    3.477870] brd: module loaded
[    3.486984] loop: module loaded
[    3.492759] scsi host0: ata_piix
[    3.494680] scsi host1: ata_piix
[    3.495436] ata1: PATA max MWDMA2 cmd 0x1f0 ctl 0x3f6 bmdma 0xc040 irq 14
[    3.496556] ata2: PATA max MWDMA2 cmd 0x170 ctl 0x376 bmdma 0xc048 irq 15
[    3.499501] tun: Universal TUN/TAP device driver, 1.6
[    3.500466] e100: Intel(R) PRO/100 Network Driver
[    3.501239] e100: Copyright(c) 1999-2006 Intel Corporation
[    3.502208] e1000: Intel(R) PRO/1000 Network Driver
[    3.503008] e1000: Copyright (c) 1999-2006 Intel Corporation.
[    3.657746] ata2: found unknown device (class 0)
[    3.659085] ata1: found unknown device (class 0)
[    3.660494] ata2.00: ATAPI: QEMU DVD-ROM, 2.5+, max UDMA/100
[    3.662051] ata1.00: ATA-7: QEMU HARDDISK, 2.5+, max UDMA/100
[    3.663002] ata1.00: 16777216 sectors, multi 16: LBA48 
[    3.665445] scsi 0:0:0:0: Direct-Access     ATA      QEMU HARDDISK    2.5+ PQ: 0 ANSI: 5
[    3.667734] scsi 0:0:0:0: Attached scsi generic sg0 type 0
[    3.669194] scsi 1:0:0:0: CD-ROM            QEMU     QEMU DVD-ROM     2.5+ PQ: 0 ANSI: 5
[    3.672540] sd 0:0:0:0: [sda] 16777216 512-byte logical blocks: (8.59 GB/8.00 GiB)
[    3.673836] sd 0:0:0:0: [sda] Write Protect is off
[    3.674669] sd 0:0:0:0: [sda] Write cache: enabled, read cache: enabled, doesn't support DPO or FUA
[    3.676187] sd 0:0:0:0: [sda] Preferred minimum I/O size 512 bytes
[    3.680284] ACPI: \_SB_.LNKC: Enabled at IRQ 11
[    3.694462] scsi 1:0:0:0: Attached scsi generic sg1 type 5
[    3.696348] sd 0:0:0:0: [sda] Attached SCSI disk
[    4.034840] e1000 0000:00:03.0 eth0: (PCI:33MHz:32-bit) 52:54:00:12:34:56
[    4.035827] e1000 0000:00:03.0 eth0: Intel(R) PRO/1000 Network Connection
[    4.036857] e1000e: Intel(R) PRO/1000 Network Driver
[    4.037573] e1000e: Copyright(c) 1999 - 2015 Intel Corporation.
[    4.038451] igb: Intel(R) Gigabit Ethernet Network Driver
[    4.039217] igb: Copyright (c) 2007-2014 Intel Corporation.
[    4.040081] PPP generic driver version 2.4.2
[    4.041346] VFIO - User Level meta-driver version: 0.3
[    4.042681] usbcore: registered new interface driver uas
[    4.043482] usbcore: registered new interface driver usb-storage
[    4.044463] i8042: PNP: PS/2 Controller [PNP0303:KBD,PNP0f13:MOU] at 0x60,0x64 irq 1,12
[    4.046578] serio: i8042 KBD port at 0x60,0x64 irq 1
[    4.047320] serio: i8042 AUX port at 0x60,0x64 irq 12
[    4.048835] mousedev: PS/2 mouse device common for all mice
[    4.050826] input: AT Translated Set 2 keyboard as /devices/platform/i8042/serio0/input/input1
[    4.052190] rtc_cmos 00:05: RTC can wake from S4
[    4.053694] input: VirtualPS/2 VMware VMMouse as /devices/platform/i8042/serio1/input/input4
[    4.054766] rtc_cmos 00:05: registered as rtc0
[    4.055554] input: VirtualPS/2 VMware VMMouse as /devices/platform/i8042/serio1/input/input3
[    4.055776] rtc_cmos 00:05: setting system clock to 2023-03-27T00:26:30 UTC (1679876790)
[    4.058141] rtc_cmos 00:05: alarms up to one day, y3k, 242 bytes nvram, hpet irqs
[    4.059212] i2c_dev: i2c /dev entries driver
[    4.059977] device-mapper: core: CONFIG_IMA_DISABLE_HTABLE is disabled. Duplicate IMA measurements will not be recorded in the IMA log.
[    4.061701] device-mapper: uevent: version 1.0.3
[    4.062669] device-mapper: ioctl: 4.47.0-ioctl (2022-07-28) initialised: dm-devel@redhat.com
[    4.063875] intel_pstate: CPU model not supported
[    4.064631] sdhci: Secure Digital Host Controller Interface driver
[    4.065521] sdhci: Copyright(c) Pierre Ossman
[    4.066198] sdhci-pltfm: SDHCI platform and OF driver helper
[    4.067126] ledtrig-cpu: registered to indicate activity on CPUs
[    4.068279] drop_monitor: Initializing network drop monitor service
[    4.069351] NET: Registered PF_INET6 protocol family
[    4.072998] Segment Routing with IPv6
[    4.073588] In-situ OAM (IOAM) with IPv6
[    4.074187] NET: Registered PF_PACKET protocol family
[    4.075067] 9pnet: Installing 9P2000 support
[    4.075736] Key type dns_resolver registered
[    4.077133] IPI shorthand broadcast: enabled
[    4.090981] sched_clock: Marking stable (3820003253, 269406742)->(4176125821, -86715826)
[    4.092878] registered taskstats version 1
[    4.093725] Loading compiled-in X.509 certificates
[    4.094610] zswap: loaded using pool lzo/zbud
[    4.120687] Key type .fscrypt registered
[    4.121303] Key type fscrypt-provisioning registered
[    4.123522] Key type encrypted registered
[    4.124162] ima: No TPM chip found, activating TPM-bypass!
[    4.124982] ima: Allocated hash algorithm: sha1
[    4.125708] ima: No architecture policies found
[    4.126468] evm: Initialising EVM extended attributes:
[    4.127233] evm: security.selinux
[    4.127734] evm: security.SMACK64
[    4.128233] evm: security.SMACK64EXEC
[    4.128783] evm: security.SMACK64TRANSMUTE
[    4.129394] evm: security.SMACK64MMAP
[    4.129958] evm: security.apparmor
[    4.130470] evm: security.ima
[    4.130924] evm: security.capability
[    4.131461] evm: HMAC attrs: 0x1
[    4.133097] PM:   Magic number: 15:381:406
[    4.134205] RAS: Correctable Errors collector initialized.
[    4.136313] md: Waiting for all devices to be available before autodetect
[    4.136984] md: If you don't use raid, use raid=noautodetect
[    4.137575] md: Autodetecting RAID arrays.
[    4.137991] md: autorun ...
[    4.138279] md: ... autorun DONE.
[    4.144226] EXT4-fs (sda): INFO: recovery required on readonly filesystem
[    4.144925] EXT4-fs (sda): write access will be enabled during recovery
[    4.209944] EXT4-fs (sda): recovery complete
[    4.212217] EXT4-fs (sda): mounted filesystem 23a53bb9-f815-47a5-b74c-5e08f7731193 with ordered data mode. Quota mode: none.
[    4.213464] VFS: Mounted root (ext4 filesystem) readonly on device 8:0.
[    4.214734] devtmpfs: mounted
[    4.222983] Freeing unused decrypted memory: 2036K
[    4.226108] Freeing unused kernel image (initmem) memory: 10508K
[    4.226788] Write protecting the kernel read-only data: 47104k
[    4.228502] Freeing unused kernel image (rodata/data gap) memory: 392K
[    4.311008] x86/mm: Checked W+X mappings: passed, no W+X pages found.
[    4.311672] Run /sbin/init as init process
[    4.416445] systemd[1]: RTC configured in localtime, applying delta of 0 minutes to system time.
[    4.443485] systemd[1]: systemd 239 (239-49.el8) running in system mode. (+PAM +AUDIT +SELINUX +IMA -APPARMOR +SMACK +SYSVINIT +UTMP +LIBCRYPTSETUP +GCRYPT +GNUTLS +ACL +XZ +LZ4 +SECCOMP +BLKID +ELFUTILS +KMOD +IDN2 -IDN +PCRE2 default-hierarchy=legacy)
[    4.445861] systemd[1]: Detected virtualization kvm.
[    4.446370] systemd[1]: Detected architecture x86-64.

Welcome to [0;31mCentOS Stream 8[0m!

[    4.496388] systemd[1]: Set hostname to <test>.
[    4.794950] systemd[1]: Listening on Journal Socket (/dev/log).
[[0;32m  OK  [0m] Listening on Journal Socket (/dev/log).
[    4.796826] systemd[1]: Listening on udev Kernel Socket.
[[0;32m  OK  [0m] Listening on udev Kernel Socket.
[    4.798438] systemd[1]: Listening on Journal Socket.
[[0;32m  OK  [0m] Listening on Journal Socket.
[    4.825926] systemd[1]: Starting Setup Virtual Console...
         Starting Setup Virtual Console...
[    4.830545] systemd[1]: Mounting Kernel Debug File System...
         Mounting Kernel Debug File System...
[    4.835436] systemd[1]: Created slice User and Session Slice.
[[0;32m  OK  [0m] Created slice User and Session Slice.
         Starting Load Kernel Modules...
[[0;32m  OK  [0m] Set up automount Arbitrary Executabâ€¦rmats File System Automount Point.
[[0;32m  OK  [0m] Listening on multipathd control socket.
[[0;32m  OK  [0m] Listening on RPCbind Server Activation Socket.
[[0;32m  OK  [0m] Reached target RPC Port Mapper.
[[0;32m  OK  [0m] Created slice system-serial\x2dgetty.slice.
[[0;32m  OK  [0m] Created slice system-getty.slice.
[[0;32m  OK  [0m] Created slice system-sshd\x2dkeygen.slice.
         Mounting POSIX Message Queue File System...
         Mounting Huge Pages File System...
[[0;32m  OK  [0m] Listening on initctl Compatibility Named Pipe.
[[0;32m  OK  [0m] Listening on Process Core Dump Socket.
[[0;32m  OK  [0m] Listening on Device-mapper event daemon FIFOs.
         Starting Monitoring of LVM2 mirrorsâ€¦ng dmeventd or progress polling...
[[0;32m  OK  [0m] Reached target Swap.
[[0;32m  OK  [0m] Listening on LVM2 poll daemon socket.
[[0;32m  OK  [0m] Listening on udev Control Socket.
[[0;32m  OK  [0m] Started Forward Password Requests to Wall Directory Watch.
         Starting Remount Root and Kernel File Systems...
         Starting udev Coldplug all Devices...
[[0;32m  OK  [0m] Reached target Slices.
         Starting Journal Service...
[[0;32m  OK  [0m] Mounted Kernel Debug File System.
[[0;32m  OK  [0m] Started Journal Service.
[[0;1;31mFAILED[0m] Failed to start Load Kernel Modules.
See 'systemctl status systemd-modules-load.service' for details.
[[0;32m  OK  [0m] Started Setup Virtual Console.
[[0;32m  OK  [0m] Mounted POSIX Message Queue File System.
[[0;32m  OK  [0m] Mounted Huge Pages File System.
[    5.351234] EXT4-fs (sda): re-mounted 23a53bb9-f815-47a5-b74c-5e08f7731193. Quota mode: none.
[[0;32m  OK  [0m] Started Remount Root and Kernel File Systems.
         Starting Load/Save Random Seed...
         Starting Create Static Device Nodes in /dev...
         Mounting Kernel Configuration File System...
         Mounting FUSE Control File System...
         Starting Apply Kernel Variables...
         Starting Flush Journal to Persistent Storage...
[[0;32m  OK  [0m] Started Load/Save Random Seed.
[[0;32m  OK  [0m] Started Create Static Device Nodes in /dev.
[[0;32m  OK  [0m] Mounted Kernel Configuration File System.
[[0;32m  OK  [0m] Mounted FUSE Control File System.
         Starting udev Kernel Device Manager...
[[0;32m  OK  [0m] Started Apply Kernel Variables.
[[0;32m  OK  [0m] Started Flush Journal to Persistent Storage.
[[0;32m  OK  [0m] Started udev Coldplug all Devices.
         Starting udev Wait for Complete Device Initialization...
[[0;32m  OK  [0m] Started udev Kernel Device Manager.
         Starting Show Plymouth Boot Screen...
[[0;32m  OK  [0m] Started Show Plymouth Boot Screen.
[[0;32m  OK  [0m] Started Forward Password Requests to Plymouth Directory Watch.
[[0;32m  OK  [0m] Reached target Local Encrypted Volumes.
[[0;32m  OK  [0m] Reached target Paths.
[[0;32m  OK  [0m] Found device /dev/ttyS0.
[[0;32m  OK  [0m] Started Monitoring of LVM2 mirrors,â€¦sing dmeventd or progress polling.
[[0;32m  OK  [0m] Started udev Wait for Complete Device Initialization.
[[0;32m  OK  [0m] Listening on Load/Save RF Kill Switch Status /dev/rfkill Watch.
[[0;32m  OK  [0m] Reached target Local File Systems (Pre).
[[0;32m  OK  [0m] Reached target Local File Systems.
         Starting Restore /run/initramfs on shutdown...
         Starting Tell Plymouth To Write Out Runtime Data...
         Starting Create Volatile Files and Directories...
[[0;32m  OK  [0m] Started Restore /run/initramfs on shutdown.
[[0;32m  OK  [0m] Started Tell Plymouth To Write Out Runtime Data.
[[0;32m  OK  [0m] Started Create Volatile Files and Directories.
         Starting Security Auditing Service...
         Mounting RPC Pipe File System...
         Starting RPC Bind...
[[0;32m  OK  [0m] Mounted RPC Pipe File System.
[[0;32m  OK  [0m] Reached target rpc_pipefs.target.
[[0;32m  OK  [0m] Started RPC Bind.
[[0;32m  OK  [0m] Started Security Auditing Service.
         Starting Update UTMP about System Boot/Shutdown...
[[0;32m  OK  [0m] Started Update UTMP about System Boot/Shutdown.
[[0;32m  OK  [0m] Reached target System Initialization.
[[0;32m  OK  [0m] Started Daily Cleanup of Temporary Directories.
[[0;32m  OK  [0m] Listening on SSSD Kerberos Cache Manager responder socket.
[[0;32m  OK  [0m] Started daily update of the root trust anchor for DNSSEC.
[[0;32m  OK  [0m] Listening on D-Bus System Message Bus Socket.
[[0;32m  OK  [0m] Reached target Sockets.
[[0;32m  OK  [0m] Started dnf makecache --timer.
[[0;32m  OK  [0m] Reached target Timers.
[[0;32m  OK  [0m] Reached target Basic System.
         Starting Login Service...
[[0;32m  OK  [0m] Started irqbalance daemon.
[[0;32m  OK  [0m] Started Machine Check Exception Logging Daemon.
         Starting Self Monitoring and Reporting Technology (SMART) Daemon...
[[0;32m  OK  [0m] Started D-Bus System Message Bus.
         Starting Auto-connect to subsystemsâ€¦-NVME devices found during boot...
[[0;32m  OK  [0m] Reached target sshd-keygen.target.
         Starting NTP client/server...
         Starting Authorization Manager...
         Starting Network Manager...
[[0;32m  OK  [0m] Started Auto-connect to subsystems â€¦FC-NVME devices found during boot.
         Starting update of the root trust aâ€¦or DNSSEC validation in unbound...
[[0;32m  OK  [0m] Started Login Service.
[[0;32m  OK  [0m] Started Self Monitoring and Reporting Technology (SMART) Daemon.
[[0;32m  OK  [0m] Started update of the root trust anâ€¦ for DNSSEC validation in unbound.
[[0;32m  OK  [0m] Started NTP client/server.
[[0;32m  OK  [0m] Started Network Manager.
[[0;32m  OK  [0m] Reached target Network.
         Starting OpenSSH server daemon...
         Starting Dynamic System Tuning Daemon...
         Starting GSSAPI Proxy Daemon...
         Starting Network Manager Wait Online...
[[0;32m  OK  [0m] Started Authorization Manager.
[[0;32m  OK  [0m] Started OpenSSH server daemon.
         Starting Hostname Service...
[[0;32m  OK  [0m] Started GSSAPI Proxy Daemon.
[[0;32m  OK  [0m] Reached target NFS client services.
[[0;32m  OK  [0m] Reached target Remote File Systems (Pre).
[[0;32m  OK  [0m] Reached target Remote File Systems.
         Starting Permit User Sessions...
[[0;32m  OK  [0m] Started Permit User Sessions.
         Starting Hold until boot process finishes up...
         Starting Terminate Plymouth Boot Screen...
[[0;32m  OK  [0m] Started Command Scheduler.
[    7.801623] e1000: eth0 NIC Link is Up 1000 Mbps Full Duplex, Flow Control: RX
[    7.803351] IPv6: ADDRCONF(NETDEV_CHANGE): eth0: link becomes ready
[    8.061557] Spectre V2 : WARNING: Unprivileged eBPF is enabled with eIBRS on, data leaks possible via Spectre v2 BHB attacks!
[    8.063558] Spectre V2 : WARNING: Unprivileged eBPF is enabled with eIBRS on, data leaks possible via Spectre v2 BHB attacks!

CentOS Stream 8
Kernel 6.2.0-53ae7e117637+ on an x86_64

test login: [   24.569806] memfd_create() without MFD_EXEC nor MFD_NOEXEC_SEAL, pid=333 'systemd'
[   28.444932] BUG: kernel NULL pointer dereference, address: 0000000000000008
[   28.445737] #PF: supervisor read access in kernel mode
[   28.446319] #PF: error_code(0x0000) - not-present page
[   28.446907] PGD b039067 P4D b039067 PUD e54e067 PMD 0 
[   28.447497] Oops: 0000 [#1] PREEMPT SMP NOPTI
[   28.448002] CPU: 1 PID: 523 Comm: repro Not tainted 6.2.0-53ae7e117637+ #1
[   28.448772] Hardware name: QEMU Standard PC (i440FX + PIIX, 1996), BIOS rel-1.16.0-0-gd239552ce722-prebuilt.qemu.org 04/01/2014
[   28.450033] RIP: 0010:io_poll_remove_entries.part.16+0x14a/0x310
[   28.450717] Code: 06 00 00 00 89 de e8 95 b5 55 ff 80 fb 06 0f 84 c5 01 00 00 e8 27 b4 55 ff 49 8b 84 24 a8 00 00 00 48 8b 58 40 e8 16 b4 55 ff <4c> 8b 63 08 4d 85 e4 74 38 e8 08 b4 55 ff 4c 89 e7 e8 d0 bf 29 01
[   28.452757] RSP: 0018:ffffc90000fd7b78 EFLAGS: 00010246
[   28.453348] RAX: 0000000000000000 RBX: 0000000000000000 RCX: ffffffff81d85a6b
[   28.454148] RDX: 0000000000000000 RSI: ffff88800f7a0000 RDI: 0000000000000002
[   28.454947] RBP: ffffc90000fd7b90 R08: 000000000000001c R09: 0000000000000001
[   28.455741] R10: ffff88800f7a0d98 R11: 0000000000000000 R12: ffff88800de3f800
[   28.456536] R13: 0000000000000000 R14: 0000000000000059 R15: 0000000001000000
[   28.457330] FS:  00007eff2f1ed740(0000) GS:ffff88807dd00000(0000) knlGS:0000000000000000
[   28.458225] CS:  0010 DS: 0000 ES: 0000 CR0: 0000000080050033
[   28.458875] CR2: 0000000000000008 CR3: 000000000cbae002 CR4: 0000000000770ee0
[   28.459674] PKRU: 55555554
[   28.459990] Call Trace:
[   28.460279]  <TASK>
[   28.460539]  __io_arm_poll_handler+0x30c/0x520
[   28.461056]  io_arm_poll_handler+0x2cf/0x5e0
[   28.461553]  ? __pfx_io_async_queue_proc+0x10/0x10
[   28.462105]  io_queue_async+0x88/0x2f0
[   28.462548]  io_req_task_submit+0x122/0x140
[   28.463039]  io_poll_task_func+0x4c6/0x700
[   28.463514]  tctx_task_work+0x1d3/0x6f0
[   28.463969]  task_work_run+0xb6/0x120
[   28.464402]  get_signal+0xe26/0x1600
[   28.464828]  ? __tty_hangup.part.29+0x32a/0x3a0
[   28.465363]  arch_do_signal_or_restart+0x33/0x280
[   28.465906]  ? exit_to_user_mode_prepare+0x100/0x210
[   28.466477]  ? __this_cpu_preempt_check+0x20/0x30
[   28.467034]  exit_to_user_mode_prepare+0x13b/0x210
[   28.467585]  syscall_exit_to_user_mode+0x2d/0x60
[   28.468122]  do_syscall_64+0x4a/0x90
[   28.468544]  entry_SYSCALL_64_after_hwframe+0x72/0xdc
[   28.469124] RIP: 0033:0x7eff2f31259d
[   28.469546] Code: 00 c3 66 2e 0f 1f 84 00 00 00 00 00 90 f3 0f 1e fa 48 89 f8 48 89 f7 48 89 d6 48 89 ca 4d 89 c2 4d 89 c8 4c 8b 4c 24 08 0f 05 <48> 3d 01 f0 ff ff 73 01 c3 48 8b 0d d3 08 0d 00 f7 d8 64 89 01 48
[   28.471589] RSP: 002b:00007ffc3de909b8 EFLAGS: 00000206 ORIG_RAX: 0000000000000010
[   28.472432] RAX: 0000000000000000 RBX: 0000000000000000 RCX: 00007eff2f31259d
[   28.473229] RDX: 0000000000000000 RSI: 0000000000005437 RDI: 0000000000000003
[   28.474026] RBP: 00007ffc3de909d0 R08: 0000000000000000 R09: 00007ffc3de90ab0
[   28.474825] R10: 0000000000000000 R11: 0000000000000206 R12: 00000000004010c0
[   28.475635] R13: 00007ffc3de90ab0 R14: 0000000000000000 R15: 0000000000000000
[   28.476437]  </TASK>
[   28.476701] Modules linked in:
[   28.477067] CR2: 0000000000000008
[   28.477458] ---[ end trace 0000000000000000 ]---
[   28.477984] RIP: 0010:io_poll_remove_entries.part.16+0x14a/0x310
[   28.478668] Code: 06 00 00 00 89 de e8 95 b5 55 ff 80 fb 06 0f 84 c5 01 00 00 e8 27 b4 55 ff 49 8b 84 24 a8 00 00 00 48 8b 58 40 e8 16 b4 55 ff <4c> 8b 63 08 4d 85 e4 74 38 e8 08 b4 55 ff 4c 89 e7 e8 d0 bf 29 01
[   28.480712] RSP: 0018:ffffc90000fd7b78 EFLAGS: 00010246
[   28.481304] RAX: 0000000000000000 RBX: 0000000000000000 RCX: ffffffff81d85a6b
[   28.482103] RDX: 0000000000000000 RSI: ffff88800f7a0000 RDI: 0000000000000002
[   28.482905] RBP: ffffc90000fd7b90 R08: 000000000000001c R09: 0000000000000001
[   28.483703] R10: ffff88800f7a0d98 R11: 0000000000000000 R12: ffff88800de3f800
[   28.484500] R13: 0000000000000000 R14: 0000000000000059 R15: 0000000001000000
[   28.485297] FS:  00007eff2f1ed740(0000) GS:ffff88807dd00000(0000) knlGS:0000000000000000
[   28.486196] CS:  0010 DS: 0000 ES: 0000 CR0: 0000000080050033
[   28.486850] CR2: 0000000000000008 CR3: 000000000cbae002 CR4: 0000000000770ee0
[   28.487651] PKRU: 55555554
[   28.487969] note: repro[523] exited with irqs disabled
[   28.488606] BUG: sleeping function called from invalid context at kernel/locking/mutex.c:580
[   28.489560] in_atomic(): 0, irqs_disabled(): 0, non_block: 0, pid: 523, name: repro
[   28.490414] preempt_count: 0, expected: 0
[   28.490880] RCU nest depth: 1, expected: 0
[   28.491347] INFO: lockdep is turned off.
[   28.491795] CPU: 1 PID: 523 Comm: repro Tainted: G      D            6.2.0-53ae7e117637+ #1
[   28.492722] Hardware name: QEMU Standard PC (i440FX + PIIX, 1996), BIOS rel-1.16.0-0-gd239552ce722-prebuilt.qemu.org 04/01/2014
[   28.493988] Call Trace:
[   28.494278]  <TASK>
[   28.494533]  dump_stack_lvl+0xe0/0x110
[   28.494975]  dump_stack+0x19/0x20
[   28.495368]  __might_resched+0x1c2/0x2e0
[   28.495827]  __might_sleep+0x46/0x70
[   28.496248]  __mutex_lock+0x54/0xf80
[   28.496674]  ? __sanitizer_cov_trace_pc+0x25/0x60
[   28.497223]  ? io_uring_del_tctx_node+0x84/0x110
[   28.497762]  ? lock_release+0x202/0x2e0
[   28.498215]  mutex_lock_nested+0x1f/0x30
[   28.498674]  ? mutex_lock_nested+0x1f/0x30
[   28.499159]  io_uring_del_tctx_node+0x84/0x110
[   28.499683]  io_uring_clean_tctx+0x74/0xf0
[   28.500166]  io_uring_cancel_generic+0x452/0x4e0
[   28.500707]  ? __pfx_autoremove_wake_function+0x10/0x10
[   28.501309]  __io_uring_cancel+0x1f/0x30
[   28.501772]  do_exit+0x227/0x1360
[   28.502164]  ? write_comp_data+0x2f/0x90
[   28.502628]  make_task_dead+0x100/0x290
[   28.503075]  rewind_stack_and_make_dead+0x17/0x20
[   28.503625] RIP: 0033:0x7eff2f31259d
[   28.504041] Code: 00 c3 66 2e 0f 1f 84 00 00 00 00 00 90 f3 0f 1e fa 48 89 f8 48 89 f7 48 89 d6 48 89 ca 4d 89 c2 4d 89 c8 4c 8b 4c 24 08 0f 05 <48> 3d 01 f0 ff ff 73 01 c3 48 8b 0d d3 08 0d 00 f7 d8 64 89 01 48
[   28.506082] RSP: 002b:00007ffc3de909b8 EFLAGS: 00000206 ORIG_RAX: 0000000000000010
[   28.506931] RAX: 0000000000000000 RBX: 0000000000000000 RCX: 00007eff2f31259d
[   28.507729] RDX: 0000000000000000 RSI: 0000000000005437 RDI: 0000000000000003
[   28.508525] RBP: 00007ffc3de909d0 R08: 0000000000000000 R09: 00007ffc3de90ab0
[   28.509324] R10: 0000000000000000 R11: 0000000000000206 R12: 00000000004010c0
[   28.510123] R13: 00007ffc3de90ab0 R14: 0000000000000000 R15: 0000000000000000
[   28.510928]  </TASK>
[   28.513204] ------------[ cut here ]------------
[   28.513817] Voluntary context switch within RCU read-side critical section!
[   28.513863] WARNING: CPU: 1 PID: 523 at kernel/rcu/tree_plugin.h:318 rcu_note_context_switch+0x5af/0x670
[   28.515870] Modules linked in:
[   28.516239] CPU: 1 PID: 523 Comm: repro Tainted: G      D W          6.2.0-53ae7e117637+ #1
[   28.517243] Hardware name: QEMU Standard PC (i440FX + PIIX, 1996), BIOS rel-1.16.0-0-gd239552ce722-prebuilt.qemu.org 04/01/2014
[   28.518559] RIP: 0010:rcu_note_context_switch+0x5af/0x670
[   28.519212] Code: c7 dd 01 85 c0 75 02 0f 0b 49 8b 4c 24 58 48 8b 53 20 e9 b0 fc ff ff 48 c7 c7 b0 53 ba 83 c6 05 ec e7 fc 02 01 e8 b1 7a ef ff <0f> 0b e9 e5 fa ff ff a9 ff ff ff 7f 0f 84 4d fb ff ff 65 48 8b 3c
[   28.521267] RSP: 0018:ffffc90000fd7bf8 EFLAGS: 00010082
[   28.521859] RAX: 0000000000000000 RBX: ffff88807dd36180 RCX: ffffffff8111b6fb
[   28.522658] RDX: 0000000000000000 RSI: ffff88800f7a0000 RDI: 0000000000000002
[   28.523457] RBP: ffffc90000fd7c20 R08: 0000000000000000 R09: 0000000000000000
[   28.524253] R10: 000000002d2d2d2d R11: 000000002d2d2d2d R12: ffff88807dd352c0
[   28.525050] R13: ffff88800f7a0000 R14: 0000000000000000 R15: ffff88800f7a0000
[   28.525848] FS:  00007eff2f1ed740(0000) GS:ffff88807dd00000(0000) knlGS:0000000000000000
[   28.526754] CS:  0010 DS: 0000 ES: 0000 CR0: 0000000080050033
[   28.527405] CR2: 0000000000000008 CR3: 000000000cbae002 CR4: 0000000000770ee0
[   28.528208] PKRU: 55555554
[   28.528526] Call Trace:
[   28.528817]  <TASK>
[   28.529074]  __schedule+0xe1/0xc90
[   28.529478]  ? lock_acquire+0x1a1/0x320
[   28.529929]  schedule+0x5b/0xe0
[   28.530308]  schedule_preempt_disabled+0x1c/0x30
[   28.530849]  __mutex_lock+0xb5b/0xf80
[   28.531283]  ? __sanitizer_cov_trace_pc+0x25/0x60
[   28.531832]  ? io_uring_del_tctx_node+0x84/0x110
[   28.532372]  ? lock_release+0x202/0x2e0
[   28.532824]  mutex_lock_nested+0x1f/0x30
[   28.533283]  ? mutex_lock_nested+0x1f/0x30
[   28.533762]  io_uring_del_tctx_node+0x84/0x110
[   28.534284]  io_uring_clean_tctx+0x74/0xf0
[   28.534768]  io_uring_cancel_generic+0x452/0x4e0
[   28.535310]  ? __pfx_autoremove_wake_function+0x10/0x10
[   28.535911]  __io_uring_cancel+0x1f/0x30
[   28.536373]  do_exit+0x227/0x1360
[   28.536765]  ? write_comp_data+0x2f/0x90
[   28.537228]  make_task_dead+0x100/0x290
[   28.537676]  rewind_stack_and_make_dead+0x17/0x20
[   28.538226] RIP: 0033:0x7eff2f31259d
[   28.538642] Code: 00 c3 66 2e 0f 1f 84 00 00 00 00 00 90 f3 0f 1e fa 48 89 f8 48 89 f7 48 89 d6 48 89 ca 4d 89 c2 4d 89 c8 4c 8b 4c 24 08 0f 05 <48> 3d 01 f0 ff ff 73 01 c3 48 8b 0d d3 08 0d 00 f7 d8 64 89 01 48
[   28.540690] RSP: 002b:00007ffc3de909b8 EFLAGS: 00000206 ORIG_RAX: 0000000000000010
[   28.541534] RAX: 0000000000000000 RBX: 0000000000000000 RCX: 00007eff2f31259d
[   28.542331] RDX: 0000000000000000 RSI: 0000000000005437 RDI: 0000000000000003
[   28.543131] RBP: 00007ffc3de909d0 R08: 0000000000000000 R09: 00007ffc3de90ab0
[   28.543928] R10: 0000000000000000 R11: 0000000000000206 R12: 00000000004010c0
[   28.544725] R13: 00007ffc3de90ab0 R14: 0000000000000000 R15: 0000000000000000
[   28.545528]  </TASK>
[   28.545791] irq event stamp: 4178
[   28.546177] hardirqs last  enabled at (4177): [<ffffffff83021e89>] _raw_spin_unlock_irqrestore+0x39/0x70
[   28.547237] hardirqs last disabled at (4178): [<ffffffff82fff82e>] exc_page_fault+0x4e/0x500
[   28.548183] softirqs last  enabled at (3792): [<ffffffff83023a4c>] __do_softirq+0x31c/0x49c
[   28.549114] softirqs last disabled at (3781): [<ffffffff8112b574>] irq_exit_rcu+0xc4/0x100
[   28.550036] ---[ end trace 0000000000000000 ]---
[  133.497523] rcu: INFO: rcu_preempt detected stalls on CPUs/tasks:
[  133.498009] rcu: 	Tasks blocked on level-0 rcu_node (CPUs 0-1): P523/1:b..l
[  133.498551] rcu: 	(detected by 1, t=26252 jiffies, g=2869, q=781 ncpus=2)
[  133.499084] task:repro           state:D stack:0     pid:523   ppid:493    flags:0x00004000
[  133.499723] Call Trace:
[  133.499926]  <TASK>
[  133.500108]  __schedule+0x40a/0xc90
[  133.500404]  schedule+0x5b/0xe0
[  133.500668]  schedule_preempt_disabled+0x1c/0x30
[  133.501040]  __mutex_lock+0x88d/0xf80
[  133.501344]  ? __sanitizer_cov_trace_pc+0x25/0x60
[  133.501728]  ? io_uring_del_tctx_node+0x84/0x110
[  133.502110]  mutex_lock_nested+0x1f/0x30
[  133.502432]  ? mutex_lock_nested+0x1f/0x30
[  133.502770]  io_uring_del_tctx_node+0x84/0x110
[  133.503119]  io_uring_clean_tctx+0x74/0xf0
[  133.503453]  io_uring_cancel_generic+0x452/0x4e0
[  133.503830]  ? __pfx_autoremove_wake_function+0x10/0x10
[  133.504248]  __io_uring_cancel+0x1f/0x30
[  133.504572]  do_exit+0x227/0x1360
[  133.504846]  ? write_comp_data+0x2f/0x90
[  133.505170]  make_task_dead+0x100/0x290
[  133.505480]  rewind_stack_and_make_dead+0x17/0x20
[  133.505864] RIP: 0033:0x7eff2f31259d
[  133.506153] RSP: 002b:00007ffc3de909b8 EFLAGS: 00000206 ORIG_RAX: 0000000000000010
[  133.506734] RAX: 0000000000000000 RBX: 0000000000000000 RCX: 00007eff2f31259d
[  133.507328] RDX: 0000000000000000 RSI: 0000000000005437 RDI: 0000000000000003
[  133.507886] RBP: 00007ffc3de909d0 R08: 0000000000000000 R09: 00007ffc3de90ab0
[  133.508439] R10: 0000000000000000 R11: 0000000000000206 R12: 00000000004010c0
[  133.508991] R13: 00007ffc3de90ab0 R14: 0000000000000000 R15: 0000000000000000
[  133.509550]  </TASK>
[  169.205534] rcu: INFO: rcu_preempt detected expedited stalls on CPUs/tasks: { P523 } 32863 jiffies s: 153 root: 0x0/T
[  169.206512] rcu: blocking rcu_node structures (internal RCU debug):
