c[?7l[2J[0mSeaBIOS (version rel-1.16.0-0-gd239552ce722-prebuilt.qemu.org)


iPXE (http://ipxe.org) 00:03.0 CA00 PCI2.10 PnP PMM+7FF91000+7FEF1000 CA00
Press Ctrl-B to configure iPXE (PCI 00:03.0)...                                                                               


Booting from ROM...
c[?7l[2J[    0.000000] Linux version 6.2.0-b000ae0ec2d7+ (root@p-rpls01) (gcc (GCC) 8.5.0 20210514 (Red Hat 8.5.0-18), GNU ld version 2.36.1-2.el8) #1 SMP PREEMPT_DYNAMIC Mon Mar 27 09:49:47 CST 2023
[    0.000000] Command line: console=ttyS0 root=/dev/sda earlyprintk=serial net.ifnames=0
[    0.000000] KERNEL supported cpus:
[    0.000000]   Intel GenuineIntel
[    0.000000]   AMD AuthenticAMD
[    0.000000]   Hygon HygonGenuine
[    0.000000]   Centaur CentaurHauls
[    0.000000]   zhaoxin   Shanghai  
[    0.000000] x86/fpu: Supporting XSAVE feature 0x001: 'x87 floating point registers'
[    0.000000] x86/fpu: Supporting XSAVE feature 0x002: 'SSE registers'
[    0.000000] x86/fpu: Supporting XSAVE feature 0x004: 'AVX registers'
[    0.000000] x86/fpu: Supporting XSAVE feature 0x200: 'Protection Keys User registers'
[    0.000000] x86/fpu: xstate_offset[2]:  576, xstate_sizes[2]:  256
[    0.000000] x86/fpu: xstate_offset[9]:  832, xstate_sizes[9]:    8
[    0.000000] x86/fpu: Enabled xstate features 0x207, context size is 840 bytes, using 'compacted' format.
[    0.000000] signal: max sigframe size: 3632
[    0.000000] BIOS-provided physical RAM map:
[    0.000000] BIOS-e820: [mem 0x0000000000000000-0x000000000009fbff] usable
[    0.000000] BIOS-e820: [mem 0x000000000009fc00-0x000000000009ffff] reserved
[    0.000000] BIOS-e820: [mem 0x00000000000f0000-0x00000000000fffff] reserved
[    0.000000] BIOS-e820: [mem 0x0000000000100000-0x000000007ffdffff] usable
[    0.000000] BIOS-e820: [mem 0x000000007ffe0000-0x000000007fffffff] reserved
[    0.000000] BIOS-e820: [mem 0x00000000feffc000-0x00000000feffffff] reserved
[    0.000000] BIOS-e820: [mem 0x00000000fffc0000-0x00000000ffffffff] reserved
[    0.000000] printk: bootconsole [earlyser0] enabled
[    0.000000] NX (Execute Disable) protection: active
[    0.000000] SMBIOS 2.8 present.
[    0.000000] DMI: QEMU Standard PC (i440FX + PIIX, 1996), BIOS rel-1.16.0-0-gd239552ce722-prebuilt.qemu.org 04/01/2014
[    0.000000] Hypervisor detected: KVM
[    0.000000] kvm-clock: Using msrs 4b564d01 and 4b564d00
[    0.000002] kvm-clock: using sched offset of 491932522 cycles
[    0.000815] clocksource: kvm-clock: mask: 0xffffffffffffffff max_cycles: 0x1cd42e4dffb, max_idle_ns: 881590591483 ns
[    0.003334] tsc: Detected 806.400 MHz processor
[    0.004000] last_pfn = 0x7ffe0 max_arch_pfn = 0x400000000
[    0.004000] x86/PAT: Configuration [0-7]: WB  WC  UC- UC  WB  WP  UC- WT  
[    0.004000] found SMP MP-table at [mem 0x000f5ba0-0x000f5baf]
[    0.004000] Using GB pages for direct mapping
[    0.004000] ACPI: Early table checksum verification disabled
[    0.004000] ACPI: RSDP 0x00000000000F59C0 000014 (v00 BOCHS )
[    0.004000] ACPI: RSDT 0x000000007FFE1951 000034 (v01 BOCHS  BXPC     00000001 BXPC 00000001)
[    0.004000] ACPI: FACP 0x000000007FFE17FD 000074 (v01 BOCHS  BXPC     00000001 BXPC 00000001)
[    0.004000] ACPI: DSDT 0x000000007FFE0040 0017BD (v01 BOCHS  BXPC     00000001 BXPC 00000001)
[    0.004000] ACPI: FACS 0x000000007FFE0000 000040
[    0.004000] ACPI: APIC 0x000000007FFE1871 000080 (v01 BOCHS  BXPC     00000001 BXPC 00000001)
[    0.004000] ACPI: HPET 0x000000007FFE18F1 000038 (v01 BOCHS  BXPC     00000001 BXPC 00000001)
[    0.004000] ACPI: WAET 0x000000007FFE1929 000028 (v01 BOCHS  BXPC     00000001 BXPC 00000001)
[    0.004000] ACPI: Reserving FACP table memory at [mem 0x7ffe17fd-0x7ffe1870]
[    0.004000] ACPI: Reserving DSDT table memory at [mem 0x7ffe0040-0x7ffe17fc]
[    0.004000] ACPI: Reserving FACS table memory at [mem 0x7ffe0000-0x7ffe003f]
[    0.004000] ACPI: Reserving APIC table memory at [mem 0x7ffe1871-0x7ffe18f0]
[    0.004000] ACPI: Reserving HPET table memory at [mem 0x7ffe18f1-0x7ffe1928]
[    0.004000] ACPI: Reserving WAET table memory at [mem 0x7ffe1929-0x7ffe1950]
[    0.004000] No NUMA configuration found
[    0.004000] Faking a node at [mem 0x0000000000000000-0x000000007ffdffff]
[    0.004000] NODE_DATA(0) allocated [mem 0x7ffb5000-0x7ffdffff]
[    0.004000] Zone ranges:
[    0.004000]   DMA      [mem 0x0000000000001000-0x0000000000ffffff]
[    0.004000]   DMA32    [mem 0x0000000001000000-0x000000007ffdffff]
[    0.004000]   Normal   empty
[    0.004000]   Device   empty
[    0.004000] Movable zone start for each node
[    0.004000] Early memory node ranges
[    0.004000]   node   0: [mem 0x0000000000001000-0x000000000009efff]
[    0.004000]   node   0: [mem 0x0000000000100000-0x000000007ffdffff]
[    0.004000] Initmem setup node 0 [mem 0x0000000000001000-0x000000007ffdffff]
[    0.004000] On node 0, zone DMA: 1 pages in unavailable ranges
[    0.004000] On node 0, zone DMA: 97 pages in unavailable ranges
[    0.004000] On node 0, zone DMA32: 32 pages in unavailable ranges
[    0.004000] ACPI: PM-Timer IO Port: 0x608
[    0.004000] ACPI: LAPIC_NMI (acpi_id[0xff] dfl dfl lint[0x1])
[    0.004000] IOAPIC[0]: apic_id 0, version 17, address 0xfec00000, GSI 0-23
[    0.004000] ACPI: INT_SRC_OVR (bus 0 bus_irq 0 global_irq 2 dfl dfl)
[    0.004000] ACPI: INT_SRC_OVR (bus 0 bus_irq 5 global_irq 5 high level)
[    0.004000] ACPI: INT_SRC_OVR (bus 0 bus_irq 9 global_irq 9 high level)
[    0.004000] ACPI: INT_SRC_OVR (bus 0 bus_irq 10 global_irq 10 high level)
[    0.004000] ACPI: INT_SRC_OVR (bus 0 bus_irq 11 global_irq 11 high level)
[    0.004000] ACPI: Using ACPI (MADT) for SMP configuration information
[    0.004000] ACPI: HPET id: 0x8086a201 base: 0xfed00000
[    0.004000] TSC deadline timer available
[    0.004000] smpboot: Allowing 2 CPUs, 0 hotplug CPUs
[    0.004000] kvm-guest: KVM setup pv remote TLB flush
[    0.004000] kvm-guest: setup PV sched yield
[    0.004000] PM: hibernation: Registered nosave memory: [mem 0x00000000-0x00000fff]
[    0.004000] PM: hibernation: Registered nosave memory: [mem 0x0009f000-0x0009ffff]
[    0.004000] PM: hibernation: Registered nosave memory: [mem 0x000a0000-0x000effff]
[    0.004000] PM: hibernation: Registered nosave memory: [mem 0x000f0000-0x000fffff]
[    0.004000] [mem 0x80000000-0xfeffbfff] available for PCI devices
[    0.004000] Booting paravirtualized kernel on KVM
[    0.004000] clocksource: refined-jiffies: mask: 0xffffffff max_cycles: 0xffffffff, max_idle_ns: 7645519600211568 ns
[    0.004000] setup_percpu: NR_CPUS:8192 nr_cpumask_bits:2 nr_cpu_ids:2 nr_node_ids:1
[    0.004000] percpu: Embedded 65 pages/cpu s229376 r8192 d28672 u1048576
[    0.004000] kvm-guest: PV spinlocks enabled
[    0.004000] PV qspinlock hash table entries: 256 (order: 0, 4096 bytes, linear)
[    0.004000] Fallback order for Node 0: 0 
[    0.004000] Built 1 zonelists, mobility grouping on.  Total pages: 515808
[    0.004000] Policy zone: DMA32
[    0.004000] Kernel command line: net.ifnames=0 console=ttyS0 root=/dev/sda earlyprintk=serial net.ifnames=0
[    0.004000] random: crng init done
[    0.004000] Dentry cache hash table entries: 262144 (order: 9, 2097152 bytes, linear)
[    0.004000] Inode-cache hash table entries: 131072 (order: 8, 1048576 bytes, linear)
[    0.004000] mem auto-init: stack:off, heap alloc:off, heap free:off
[    0.004000] Memory: 1964888K/2096632K available (36864K kernel code, 4569K rwdata, 9816K rodata, 10484K init, 31812K bss, 131488K reserved, 0K cma-reserved)
[    0.004000] SLUB: HWalign=64, Order=0-3, MinObjects=0, CPUs=2, Nodes=1
[    0.004000] kmemleak: Kernel memory leak detector disabled
[    0.004000] ftrace: allocating 68484 entries in 268 pages
[    0.004000] ftrace: allocated 268 pages with 3 groups
[    0.004000] Dynamic Preempt: voluntary
[    0.004000] Running RCU self tests
[    0.004000] Running RCU synchronous self tests
[    0.004000] rcu: Preemptible hierarchical RCU implementation.
[    0.004000] rcu: 	RCU lockdep checking is enabled.
[    0.004000] rcu: 	RCU restricting CPUs from NR_CPUS=8192 to nr_cpu_ids=2.
[    0.004000] 	Trampoline variant of Tasks RCU enabled.
[    0.004000] 	Rude variant of Tasks RCU enabled.
[    0.004000] 	Tracing variant of Tasks RCU enabled.
[    0.004000] rcu: RCU calculated value of scheduler-enlistment delay is 25 jiffies.
[    0.004000] rcu: Adjusting geometry for rcu_fanout_leaf=16, nr_cpu_ids=2
[    0.004000] Running RCU synchronous self tests
[    0.004000] NR_IRQS: 524544, nr_irqs: 440, preallocated irqs: 16
[    0.004000] rcu: srcu_init: Setting srcu_struct sizes based on contention.
[    0.004000] Console: colour VGA+ 80x25
[    0.004000] printk: console [ttyS0] enabled
[    0.004000] printk: console [ttyS0] enabled
[    0.004000] printk: bootconsole [earlyser0] disabled
[    0.004000] printk: bootconsole [earlyser0] disabled
[    0.004000] Lock dependency validator: Copyright (c) 2006 Red Hat, Inc., Ingo Molnar
[    0.004000] ... MAX_LOCKDEP_SUBCLASSES:  8
[    0.004000] ... MAX_LOCK_DEPTH:          48
[    0.004000] ... MAX_LOCKDEP_KEYS:        8192
[    0.004000] ... CLASSHASH_SIZE:          4096
[    0.004000] ... MAX_LOCKDEP_ENTRIES:     32768
[    0.004000] ... MAX_LOCKDEP_CHAINS:      65536
[    0.004000] ... CHAINHASH_SIZE:          32768
[    0.004000]  memory used by lock dependency info: 6365 kB
[    0.004000]  memory used for stack traces: 4224 kB
[    0.004000]  per task-struct memory footprint: 1920 bytes
[    0.004000] ACPI: Core revision 20221020
[    0.004000] clocksource: hpet: mask: 0xffffffff max_cycles: 0xffffffff, max_idle_ns: 19112604467 ns
[    0.004000] APIC: Switch to symmetric I/O mode setup
[    0.004000] x2apic enabled
[    0.004000] Switched APIC routing to physical x2apic.
[    0.004000] kvm-guest: setup PV IPIs
[    0.004000] ..TIMER: vector=0x30 apic1=0 pin1=2 apic2=-1 pin2=-1
[    0.004000] clocksource: tsc-early: mask: 0xffffffffffffffff max_cycles: 0xb9fb05486c, max_idle_ns: 440795231721 ns
[    0.279444] Calibrating delay loop (skipped) preset value.. 1612.80 BogoMIPS (lpj=3225600)
[    0.280765] pid_max: default: 32768 minimum: 301
[    0.281579] LSM: initializing lsm=capability,yama,integrity
[    0.282487] Yama: becoming mindful.
[    0.283449] Mount-cache hash table entries: 4096 (order: 3, 32768 bytes, linear)
[    0.284630] Mountpoint-cache hash table entries: 4096 (order: 3, 32768 bytes, linear)
[    0.286993] CPU0: Thermal monitoring enabled (TM1)
[    0.287637] x86/cpu: User Mode Instruction Prevention (UMIP) activated
[    0.289636] Last level iTLB entries: 4KB 0, 2MB 0, 4MB 0
[    0.290541] Last level dTLB entries: 4KB 0, 2MB 0, 4MB 0, 1GB 0
[    0.291530] Spectre V1 : Mitigation: usercopy/swapgs barriers and __user pointer sanitization
[    0.292874] Spectre V2 : WARNING: Unprivileged eBPF is enabled with eIBRS on, data leaks possible via Spectre v2 BHB attacks!
[    0.294647] Spectre V2 : Mitigation: Enhanced / Automatic IBRS
[    0.295433] Spectre V2 : Spectre v2 / SpectreRSB mitigation: Filling RSB on context switch
[    0.296707] Spectre V2 : Spectre v2 / PBRSB-eIBRS: Retire a single CALL on VMEXIT
[    0.297875] Spectre V2 : mitigation: Enabling conditional Indirect Branch Prediction Barrier
[    0.299433] Speculative Store Bypass: Mitigation: Speculative Store Bypass disabled via prctl
[    0.300755] MMIO Stale Data: Unknown: No mitigations
[    0.404272] Freeing SMP alternatives memory: 56K
[    0.405063] Running RCU synchronous self tests
[    0.405767] Running RCU synchronous self tests
[    0.406718] smpboot: CPU0: Genuine Intel(R) 0000 (family: 0x6, model: 0xb7, stepping: 0x0)
[    0.407430] cblist_init_generic: Setting adjustable number of callback queues.
[    0.407430] cblist_init_generic: Setting shift to 1 and lim to 1.
[    0.407430] cblist_init_generic: Setting shift to 1 and lim to 1.
[    0.407494] cblist_init_generic: Setting shift to 1 and lim to 1.
[    0.408495] Running RCU-tasks wait API self tests
[    0.511566] Performance Events: Alderlake Hybrid events, full-width counters, Intel PMU driver.
[    0.513389] core: cpu_core PMU driver: 
[    0.513975] ... version:                2
[    0.514549] ... bit width:              48
[    0.515136] ... generic registers:      6
[    0.515439] ... value mask:             0000ffffffffffff
[    0.516195] ... max period:             00007fffffffffff
[    0.516949] ... fixed-purpose events:   3
[    0.517525] ... event mask:             0001000f0000003f
[    0.518446] rcu: Hierarchical SRCU implementation.
[    0.519130] rcu: 	Max phase no-delay instances is 1000.
[    0.519484] Callback from call_rcu_tasks_trace() invoked.
[    0.521378] unchecked MSR access error: WRMSR to 0x38f (tried to write 0x0001000f0000003f) at rIP: 0xffffffff810e0dbc (native_write_msr+0xc/0x30)
[    0.523281] Call Trace:
[    0.523430]  <TASK>
[    0.523430]  __intel_pmu_enable_all.constprop.49+0xb5/0x140
[    0.523430]  intel_pmu_enable_all+0x1e/0x30
[    0.523430]  x86_pmu_enable+0x46d/0x5a0
[    0.523430]  ? write_comp_data+0x2f/0x90
[    0.523430]  perf_pmu_enable+0x53/0x70
[    0.523430]  ctx_resched+0x14d/0x1e0
[    0.523430]  __perf_install_in_context+0x2f7/0x470
[    0.523430]  ? lock_is_held_type+0xe6/0x140
[    0.523430]  ? __pfx_remote_function+0x10/0x10
[    0.523430]  remote_function+0x80/0xa0
[    0.523430]  ? __pfx_remote_function+0x10/0x10
[    0.523430]  generic_exec_single+0x124/0x190
[    0.523430]  smp_call_function_single+0x11c/0x240
[    0.523430]  ? __pfx_remote_function+0x10/0x10
[    0.523430]  ? __sanitizer_cov_trace_pc+0x25/0x60
[    0.523430]  ? write_comp_data+0x2f/0x90
[    0.523430]  perf_install_in_context+0x2d8/0x300
[    0.523430]  ? __pfx___perf_install_in_context+0x10/0x10
[    0.523430]  perf_event_create_kernel_counter+0x284/0x2b0
[    0.523430]  ? __pfx_watchdog_overflow_callback+0x10/0x10
[    0.523430]  hardlockup_detector_event_create+0x46/0xd0
[    0.523430]  hardlockup_detector_perf_init+0x18/0x80
[    0.523430]  watchdog_nmi_probe+0x17/0x20
[    0.523430]  lockup_detector_init+0x40/0xb0
[    0.523430]  kernel_init_freeable+0x37e/0x8c0
[    0.523430]  ? __pfx_kernel_init+0x10/0x10
[    0.523430]  kernel_init+0x24/0x1e0
[    0.523430]  ? __pfx_kernel_init+0x10/0x10
[    0.523430]  ret_from_fork+0x29/0x50
[    0.523430]  </TASK>
[    0.523597] smp: Bringing up secondary CPUs ...
[    0.525587] x86: Booting SMP configuration:
[    0.526222] .... node  #0, CPUs:      #1
[    0.527516] smp: Brought up 1 node, 2 CPUs
[    0.528700] smpboot: Max logical packages: 1
[    0.529326] smpboot: Total of 2 processors activated (3225.60 BogoMIPS)
[    0.538383] devtmpfs: initialized
[    0.539790] x86/mm: Memory block size: 128MB
[    0.542099] Running RCU synchronous self tests
[    0.543470] Running RCU synchronous self tests
[    0.544128] clocksource: jiffies: mask: 0xffffffff max_cycles: 0xffffffff, max_idle_ns: 7645041785100000 ns
[    0.545540] futex hash table entries: 512 (order: 4, 65536 bytes, linear)
[    0.546772] pinctrl core: initialized pinctrl subsystem
[    0.547938] 
[    0.548175] *************************************************************
[    0.549156] **     NOTICE NOTICE NOTICE NOTICE NOTICE NOTICE NOTICE    **
[    0.550146] **                                                         **
[    0.551125] **  IOMMU DebugFS SUPPORT HAS BEEN ENABLED IN THIS KERNEL  **
[    0.551437] **                                                         **
[    0.552413] ** This means that this kernel is built to expose internal **
[    0.553397] ** IOMMU data structures, which may compromise security on **
[    0.554377] ** your system.                                            **
[    0.555356] **                                                         **
[    0.555436] ** If you see this message and you are not debugging the   **
[    0.556412] ** kernel, report this immediately to your vendor!         **
[    0.557385] **                                                         **
[    0.558359] **     NOTICE NOTICE NOTICE NOTICE NOTICE NOTICE NOTICE    **
[    0.559331] *************************************************************
[    0.559537] PM: RTC time: 01:50:26, date: 2023-03-27
[    0.564923] NET: Registered PF_NETLINK/PF_ROUTE protocol family
[    0.566393] DMA: preallocated 256 KiB GFP_KERNEL pool for atomic allocations
[    0.567464] DMA: preallocated 256 KiB GFP_KERNEL|GFP_DMA pool for atomic allocations
[    0.568622] DMA: preallocated 256 KiB GFP_KERNEL|GFP_DMA32 pool for atomic allocations
[    0.569845] audit: initializing netlink subsys (disabled)
[    0.570671] audit: type=2000 audit(1679881826.542:1): state=initialized audit_enabled=0 res=1
[    0.570671] thermal_sys: Registered thermal governor 'fair_share'
[    0.570671] thermal_sys: Registered thermal governor 'bang_bang'
[    0.570671] thermal_sys: Registered thermal governor 'step_wise'
[    0.571441] thermal_sys: Registered thermal governor 'user_space'
[    0.572424] cpuidle: using governor ladder
[    0.576073] cpuidle: using governor menu
[    0.577004] acpiphp: ACPI Hot Plug PCI Controller Driver version: 0.5
[    0.578311] PCI: Using configuration type 1 for base access
[    0.579979] kprobes: kprobe jump-optimization is enabled. All kprobes are optimized if possible.
[    0.819353] HugeTLB: registered 1.00 GiB page size, pre-allocated 0 pages
[    0.819446] HugeTLB: 16380 KiB vmemmap can be freed for a 1.00 GiB page
[    0.820841] HugeTLB: registered 2.00 MiB page size, pre-allocated 0 pages
[    0.822248] HugeTLB: 28 KiB vmemmap can be freed for a 2.00 MiB page
[    0.825574] ACPI: Added _OSI(Module Device)
[    0.826481] ACPI: Added _OSI(Processor Device)
[    0.827412] ACPI: Added _OSI(3.0 _SCP Extensions)
[    0.827449] ACPI: Added _OSI(Processor Aggregator Device)
[    0.834143] ACPI: 1 ACPI AML tables successfully acquired and loaded
[    0.839259] ACPI: Interpreter enabled
[    0.839531] ACPI: PM: (supports S0 S3 S4 S5)
[    0.840428] ACPI: Using IOAPIC for interrupt routing
[    0.841512] PCI: Using host bridge windows from ACPI; if necessary, use "pci=nocrs" and report a bug
[    0.843397] PCI: Using E820 reservations for host bridge windows
[    0.844168] ACPI: Enabled 2 GPEs in block 00 to 0F
[    0.863272] ACPI: PCI Root Bridge [PCI0] (domain 0000 [bus 00-ff])
[    0.863454] acpi PNP0A03:00: _OSC: OS supports [ASPM ClockPM Segments MSI EDR HPX-Type3]
[    0.865139] acpi PNP0A03:00: _OSC: not requesting OS control; OS requires [ExtendedConfig ASPM ClockPM MSI]
[    0.867209] acpi PNP0A03:00: fail to add MMCONFIG information, can't access extended configuration space under this bridge
[    0.870090] acpiphp: Slot [3] registered
[    0.871003] acpiphp: Slot [4] registered
[    0.871524] acpiphp: Slot [5] registered
[    0.872423] acpiphp: Slot [6] registered
[    0.873324] acpiphp: Slot [7] registered
[    0.874230] acpiphp: Slot [8] registered
[    0.875129] acpiphp: Slot [9] registered
[    0.875528] acpiphp: Slot [10] registered
[    0.876444] acpiphp: Slot [11] registered
[    0.877369] acpiphp: Slot [12] registered
[    0.878285] acpiphp: Slot [13] registered
[    0.879201] acpiphp: Slot [14] registered
[    0.879514] acpiphp: Slot [15] registered
[    0.880452] acpiphp: Slot [16] registered
[    0.881505] acpiphp: Slot [17] registered
[    0.882453] acpiphp: Slot [18] registered
[    0.883385] acpiphp: Slot [19] registered
[    0.883520] acpiphp: Slot [20] registered
[    0.884444] acpiphp: Slot [21] registered
[    0.885388] acpiphp: Slot [22] registered
[    0.886310] acpiphp: Slot [23] registered
[    0.887232] acpiphp: Slot [24] registered
[    0.887515] acpiphp: Slot [25] registered
[    0.888437] acpiphp: Slot [26] registered
[    0.889361] acpiphp: Slot [27] registered
[    0.890339] acpiphp: Slot [28] registered
[    0.891265] acpiphp: Slot [29] registered
[    0.891513] acpiphp: Slot [30] registered
[    0.892428] acpiphp: Slot [31] registered
[    0.893300] PCI host bridge to bus 0000:00
[    0.894169] pci_bus 0000:00: root bus resource [io  0x0000-0x0cf7 window]
[    0.895448] pci_bus 0000:00: root bus resource [io  0x0d00-0xffff window]
[    0.896856] pci_bus 0000:00: root bus resource [mem 0x000a0000-0x000bffff window]
[    0.898411] pci_bus 0000:00: root bus resource [mem 0x80000000-0xfebfffff window]
[    0.899440] pci_bus 0000:00: root bus resource [mem 0x100000000-0x17fffffff window]
[    0.901028] pci_bus 0000:00: root bus resource [bus 00-ff]
[    0.902345] pci 0000:00:00.0: [8086:1237] type 00 class 0x060000
[    0.907052] pci 0000:00:01.0: [8086:7000] type 00 class 0x060100
[    0.908799] pci 0000:00:01.1: [8086:7010] type 00 class 0x010180
[    0.911931] pci 0000:00:01.1: reg 0x20: [io  0xc040-0xc04f]
[    0.913975] pci 0000:00:01.1: legacy IDE quirk: reg 0x10: [io  0x01f0-0x01f7]
[    0.915460] pci 0000:00:01.1: legacy IDE quirk: reg 0x14: [io  0x03f6]
[    0.916831] pci 0000:00:01.1: legacy IDE quirk: reg 0x18: [io  0x0170-0x0177]
[    0.918308] pci 0000:00:01.1: legacy IDE quirk: reg 0x1c: [io  0x0376]
[    0.919917] pci 0000:00:01.3: [8086:7113] type 00 class 0x068000
[    0.922345] pci 0000:00:01.3: quirk: [io  0x0600-0x063f] claimed by PIIX4 ACPI
[    0.923464] pci 0000:00:01.3: quirk: [io  0x0700-0x070f] claimed by PIIX4 SMB
[    0.925536] pci 0000:00:02.0: [1234:1111] type 00 class 0x030000
[    0.927937] pci 0000:00:02.0: reg 0x10: [mem 0xfd000000-0xfdffffff pref]
[    0.931868] pci 0000:00:02.0: reg 0x18: [mem 0xfebf0000-0xfebf0fff]
[    0.938027] pci 0000:00:02.0: reg 0x30: [mem 0xfebe0000-0xfebeffff pref]
[    0.939552] pci 0000:00:02.0: Video device with shadowed ROM at [mem 0x000c0000-0x000dffff]
[    0.944606] pci 0000:00:03.0: [8086:100e] type 00 class 0x020000
[    0.946470] pci 0000:00:03.0: reg 0x10: [mem 0xfebc0000-0xfebdffff]
[    0.947942] pci 0000:00:03.0: reg 0x14: [io  0xc000-0xc03f]
[    0.951897] pci 0000:00:03.0: reg 0x30: [mem 0xfeb80000-0xfebbffff pref]
[    0.990350] ACPI: PCI: Interrupt link LNKA configured for IRQ 10
[    0.991852] ACPI: PCI: Interrupt link LNKB configured for IRQ 10
[    0.993428] ACPI: PCI: Interrupt link LNKC configured for IRQ 11
[    0.994999] ACPI: PCI: Interrupt link LNKD configured for IRQ 11
[    0.995636] ACPI: PCI: Interrupt link LNKS configured for IRQ 9
[    0.998616] iommu: Default domain type: Translated 
[    0.999445] iommu: DMA domain TLB invalidation policy: lazy mode 
[    1.001867] SCSI subsystem initialized
[    1.002999] ACPI: bus type USB registered
[    1.003498] usbcore: registered new interface driver usbfs
[    1.004596] usbcore: registered new interface driver hub
[    1.005661] usbcore: registered new device driver usb
[    1.006763] pps_core: LinuxPPS API ver. 1 registered
[    1.007438] pps_core: Software ver. 5.3.6 - Copyright 2005-2007 Rodolfo Giometti <giometti@linux.it>
[    1.009207] PTP clock support registered
[    1.010178] EDAC MC: Ver: 3.0.0
[    1.012779] NetLabel: Initializing
[    1.013477] NetLabel:  domain hash size = 128
[    1.014355] NetLabel:  protocols = UNLABELED CIPSOv4 CALIPSO
[    1.015501] NetLabel:  unlabeled traffic allowed by default
[    1.016968] PCI: Using ACPI for IRQ routing
[    1.018145] pci 0000:00:02.0: vgaarb: setting as boot VGA device
[    1.019331] pci 0000:00:02.0: vgaarb: bridge control possible
[    1.019430] pci 0000:00:02.0: vgaarb: VGA device added: decodes=io+mem,owns=io+mem,locks=none
[    1.019439] vgaarb: loaded
[    1.020491] hpet0: at MMIO 0xfed00000, IRQs 2, 8, 0
[    1.021473] hpet0: 3 comparators, 64-bit 100.000000 MHz counter
[    3.480962] Callback from call_rcu_tasks_rude() invoked.
[    3.482023] clocksource: Switched to clocksource kvm-clock
[    3.591581] Callback from call_rcu_tasks() invoked.
[    3.683176] VFS: Disk quotas dquot_6.6.0
[    3.683973] VFS: Dquot-cache hash table entries: 512 (order 0, 4096 bytes)
[    3.685481] pnp: PnP ACPI init
[    3.687987] pnp: PnP ACPI: found 6 devices
[    3.703070] clocksource: acpi_pm: mask: 0xffffff max_cycles: 0xffffff, max_idle_ns: 2085701024 ns
[    3.704979] NET: Registered PF_INET protocol family
[    3.706260] IP idents hash table entries: 32768 (order: 6, 262144 bytes, linear)
[    3.708595] tcp_listen_portaddr_hash hash table entries: 1024 (order: 4, 73728 bytes, linear)
[    3.710179] Table-perturb hash table entries: 65536 (order: 6, 262144 bytes, linear)
[    3.711643] TCP established hash table entries: 16384 (order: 5, 131072 bytes, linear)
[    3.713450] TCP bind hash table entries: 16384 (order: 9, 2359296 bytes, linear)
[    3.719378] TCP: Hash tables configured (established 16384 bind 16384)
[    3.720804] UDP hash table entries: 1024 (order: 5, 163840 bytes, linear)
[    3.722244] UDP-Lite hash table entries: 1024 (order: 5, 163840 bytes, linear)
[    3.723867] NET: Registered PF_UNIX/PF_LOCAL protocol family
[    3.725731] RPC: Registered named UNIX socket transport module.
[    3.726752] RPC: Registered udp transport module.
[    3.727575] RPC: Registered tcp transport module.
[    3.728370] RPC: Registered tcp NFSv4.1 backchannel transport module.
[    3.729467] pci_bus 0000:00: resource 4 [io  0x0000-0x0cf7 window]
[    3.730511] pci_bus 0000:00: resource 5 [io  0x0d00-0xffff window]
[    3.731578] pci_bus 0000:00: resource 6 [mem 0x000a0000-0x000bffff window]
[    3.732735] pci_bus 0000:00: resource 7 [mem 0x80000000-0xfebfffff window]
[    3.733891] pci_bus 0000:00: resource 8 [mem 0x100000000-0x17fffffff window]
[    3.735305] pci 0000:00:01.0: PIIX3: Enabling Passive Release
[    3.736303] pci 0000:00:00.0: Limiting direct PCI/PCI transfers
[    3.737436] PCI: CLS 0 bytes, default 64
[    3.738156] ACPI: bus type thunderbolt registered
[    3.739244] clocksource: tsc: mask: 0xffffffffffffffff max_cycles: 0xb9fb05486c, max_idle_ns: 440795231721 ns
[    3.745606] Initialise system trusted keyrings
[    3.746457] Key type blacklist registered
[    3.747392] workingset: timestamp_bits=36 max_order=19 bucket_order=0
[    3.748603] zbud: loaded
[    3.749671] squashfs: version 4.0 (2009/01/31) Phillip Lougher
[    3.751385] NFS: Registering the id_resolver key type
[    3.752258] Key type id_resolver registered
[    3.752944] Key type id_legacy registered
[    3.753629] nfs4filelayout_init: NFSv4 File Layout Driver Registering...
[    3.754735] nfs4flexfilelayout_init: NFSv4 Flexfile Layout Driver Registering...
[    3.756081] fuse: init (API version 7.38)
[    3.756854] SGI XFS with ACLs, security attributes, realtime, quota, no debug enabled
[    3.758916] 9p: Installing v9fs 9p2000 file system support
[    3.765904] Key type asymmetric registered
[    3.766594] Asymmetric key parser 'x509' registered
[    3.767515] Block layer SCSI generic (bsg) driver version 0.4 loaded (major 243)
[    3.769200] io scheduler mq-deadline registered
[    3.770032] io scheduler bfq registered
[    3.771264] shpchp: Standard Hot Plug PCI Controller Driver version: 0.4
[    3.772809] IPMI message handler: version 39.2
[    3.773604] ipmi device interface
[    3.776069] input: Power Button as /devices/LNXSYSTM:00/LNXPWRBN:00/input/input0
[    3.777490] ACPI: button: Power Button [PWRF]
[    3.779399] ERST DBG: ERST support is disabled.
[    3.780983] Serial: 8250/16550 driver, 32 ports, IRQ sharing enabled
[    3.782750] 00:04: ttyS0 at I/O 0x3f8 (irq = 4, base_baud = 115200) is a 16550A
[    3.792125] Linux agpgart interface v0.103
[    3.793800] ACPI: bus type drm_connector registered
[    3.808088] brd: module loaded
[    3.816765] loop: module loaded
[    3.822076] scsi host0: ata_piix
[    3.823311] scsi host1: ata_piix
[    3.824060] ata1: PATA max MWDMA2 cmd 0x1f0 ctl 0x3f6 bmdma 0xc040 irq 14
[    3.825151] ata2: PATA max MWDMA2 cmd 0x170 ctl 0x376 bmdma 0xc048 irq 15
[    3.828329] tun: Universal TUN/TAP device driver, 1.6
[    3.829378] e100: Intel(R) PRO/100 Network Driver
[    3.830140] e100: Copyright(c) 1999-2006 Intel Corporation
[    3.831061] e1000: Intel(R) PRO/1000 Network Driver
[    3.831875] e1000: Copyright (c) 1999-2006 Intel Corporation.
[    3.983657] ata1: found unknown device (class 0)
[    3.984875] ata2: found unknown device (class 0)
[    3.986696] ata1.00: ATA-7: QEMU HARDDISK, 2.5+, max UDMA/100
[    3.987687] ata1.00: 16777216 sectors, multi 16: LBA48 
[    3.988854] ata2.00: ATAPI: QEMU DVD-ROM, 2.5+, max UDMA/100
[    3.991539] scsi 0:0:0:0: Direct-Access     ATA      QEMU HARDDISK    2.5+ PQ: 0 ANSI: 5
[    3.993793] scsi 0:0:0:0: Attached scsi generic sg0 type 0
[    3.995351] scsi 1:0:0:0: CD-ROM            QEMU     QEMU DVD-ROM     2.5+ PQ: 0 ANSI: 5
[    3.998727] sd 0:0:0:0: [sda] 16777216 512-byte logical blocks: (8.59 GB/8.00 GiB)
[    4.000092] sd 0:0:0:0: [sda] Write Protect is off
[    4.000959] sd 0:0:0:0: [sda] Write cache: enabled, read cache: enabled, doesn't support DPO or FUA
[    4.002528] sd 0:0:0:0: [sda] Preferred minimum I/O size 512 bytes
[    4.010519] ACPI: \_SB_.LNKC: Enabled at IRQ 11
[    4.020344] scsi 1:0:0:0: Attached scsi generic sg1 type 5
[    4.022286] sd 0:0:0:0: [sda] Attached SCSI disk
[    4.364857] e1000 0000:00:03.0 eth0: (PCI:33MHz:32-bit) 52:54:00:12:34:56
[    4.365841] e1000 0000:00:03.0 eth0: Intel(R) PRO/1000 Network Connection
[    4.366875] e1000e: Intel(R) PRO/1000 Network Driver
[    4.367597] e1000e: Copyright(c) 1999 - 2015 Intel Corporation.
[    4.368480] igb: Intel(R) Gigabit Ethernet Network Driver
[    4.369247] igb: Copyright (c) 2007-2014 Intel Corporation.
[    4.370116] PPP generic driver version 2.4.2
[    4.371560] VFIO - User Level meta-driver version: 0.3
[    4.372974] usbcore: registered new interface driver uas
[    4.373776] usbcore: registered new interface driver usb-storage
[    4.374751] i8042: PNP: PS/2 Controller [PNP0303:KBD,PNP0f13:MOU] at 0x60,0x64 irq 1,12
[    4.376850] serio: i8042 KBD port at 0x60,0x64 irq 1
[    4.377590] serio: i8042 AUX port at 0x60,0x64 irq 12
[    4.379124] mousedev: PS/2 mouse device common for all mice
[    4.380858] rtc_cmos 00:05: RTC can wake from S4
[    4.381989] input: AT Translated Set 2 keyboard as /devices/platform/i8042/serio0/input/input1
[    4.384341] input: VirtualPS/2 VMware VMMouse as /devices/platform/i8042/serio1/input/input4
[    4.386379] input: VirtualPS/2 VMware VMMouse as /devices/platform/i8042/serio1/input/input3
[    4.387878] rtc_cmos 00:05: registered as rtc0
[    4.388668] rtc_cmos 00:05: setting system clock to 2023-03-27T01:50:29 UTC (1679881829)
[    4.390062] rtc_cmos 00:05: alarms up to one day, y3k, 242 bytes nvram, hpet irqs
[    4.391181] i2c_dev: i2c /dev entries driver
[    4.392099] device-mapper: core: CONFIG_IMA_DISABLE_HTABLE is disabled. Duplicate IMA measurements will not be recorded in the IMA log.
[    4.393881] device-mapper: uevent: version 1.0.3
[    4.394901] device-mapper: ioctl: 4.47.0-ioctl (2022-07-28) initialised: dm-devel@redhat.com
[    4.396190] intel_pstate: CPU model not supported
[    4.396987] sdhci: Secure Digital Host Controller Interface driver
[    4.397941] sdhci: Copyright(c) Pierre Ossman
[    4.398651] sdhci-pltfm: SDHCI platform and OF driver helper
[    4.399686] ledtrig-cpu: registered to indicate activity on CPUs
[    4.400908] drop_monitor: Initializing network drop monitor service
[    4.402006] NET: Registered PF_INET6 protocol family
[    4.406320] Segment Routing with IPv6
[    4.406910] In-situ OAM (IOAM) with IPv6
[    4.407563] NET: Registered PF_PACKET protocol family
[    4.408481] 9pnet: Installing 9P2000 support
[    4.409166] Key type dns_resolver registered
[    4.410550] IPI shorthand broadcast: enabled
[    4.424180] sched_clock: Marking stable (4156004583, 267430560)->(4479894721, -56459578)
[    4.426850] registered taskstats version 1
[    4.427758] Loading compiled-in X.509 certificates
[    4.429316] zswap: loaded using pool lzo/zbud
[    4.444495] Key type .fscrypt registered
[    4.445106] Key type fscrypt-provisioning registered
[    4.446849] Key type encrypted registered
[    4.447576] ima: No TPM chip found, activating TPM-bypass!
[    4.448425] ima: Allocated hash algorithm: sha1
[    4.449151] ima: No architecture policies found
[    4.449893] evm: Initialising EVM extended attributes:
[    4.450682] evm: security.selinux
[    4.451208] evm: security.SMACK64
[    4.451741] evm: security.SMACK64EXEC
[    4.452308] evm: security.SMACK64TRANSMUTE
[    4.452940] evm: security.SMACK64MMAP
[    4.453507] evm: security.apparmor
[    4.454036] evm: security.ima
[    4.454501] evm: security.capability
[    4.455057] evm: HMAC attrs: 0x1
[    4.456775] PM:   Magic number: 15:899:812
[    4.457865] RAS: Correctable Errors collector initialized.
[    4.459853] md: Waiting for all devices to be available before autodetect
[    4.460524] md: If you don't use raid, use raid=noautodetect
[    4.461087] md: Autodetecting RAID arrays.
[    4.461505] md: autorun ...
[    4.461792] md: ... autorun DONE.
[    4.465928] EXT4-fs (sda): INFO: recovery required on readonly filesystem
[    4.466623] EXT4-fs (sda): write access will be enabled during recovery
[    4.543263] EXT4-fs (sda): recovery complete
[    4.545253] EXT4-fs (sda): mounted filesystem 23a53bb9-f815-47a5-b74c-5e08f7731193 with ordered data mode. Quota mode: none.
[    4.546469] VFS: Mounted root (ext4 filesystem) readonly on device 8:0.
[    4.547785] devtmpfs: mounted
[    4.556629] Freeing unused decrypted memory: 2036K
[    4.559867] Freeing unused kernel image (initmem) memory: 10484K
[    4.560564] Write protecting the kernel read-only data: 47104k
[    4.562395] Freeing unused kernel image (rodata/data gap) memory: 424K
[    4.655790] x86/mm: Checked W+X mappings: passed, no W+X pages found.
[    4.656506] Run /sbin/init as init process
[    4.762609] systemd[1]: RTC configured in localtime, applying delta of 0 minutes to system time.
[    4.790768] systemd[1]: systemd 239 (239-49.el8) running in system mode. (+PAM +AUDIT +SELINUX +IMA -APPARMOR +SMACK +SYSVINIT +UTMP +LIBCRYPTSETUP +GCRYPT +GNUTLS +ACL +XZ +LZ4 +SECCOMP +BLKID +ELFUTILS +KMOD +IDN2 -IDN +PCRE2 default-hierarchy=legacy)
[    4.793327] systemd[1]: Detected virtualization kvm.
[    4.793873] systemd[1]: Detected architecture x86-64.

Welcome to [0;31mCentOS Stream 8[0m!

[    4.871063] systemd[1]: Set hostname to <test>.
[    5.232742] systemd[1]: Listening on Journal Socket.
[[0;32m  OK  [0m] Listening on Journal Socket.
[    5.271703] systemd[1]: Mounting POSIX Message Queue File System...
         Mounting POSIX Message Queue File System...
[    5.274186] systemd[1]: Created slice system-getty.slice.
[[0;32m  OK  [0m] Created slice system-getty.slice.
[    5.279498] systemd[1]: Mounting Kernel Debug File System...
         Mounting Kernel Debug File System...
[    5.281944] systemd[1]: Created slice User and Session Slice.
[[0;32m  OK  [0m] Created slice User and Session Slice.
[    5.283577] systemd[1]: Reached target Slices.
[[0;32m  OK  [0m] Reached target Slices.
[[0;32m  OK  [0m] Created slice system-serial\x2dgetty.slice.
[[0;32m  OK  [0m] Listening on udev Kernel Socket.
[[0;32m  OK  [0m] Started Forward Password Requests to Wall Directory Watch.
[[0;32m  OK  [0m] Created slice system-sshd\x2dkeygen.slice.
[[0;32m  OK  [0m] Listening on udev Control Socket.
         Mounting Huge Pages File System...
[[0;32m  OK  [0m] Reached target Swap.
[[0;32m  OK  [0m] Listening on Process Core Dump Socket.
         Starting Remount Root and Kernel File Systems...
[[0;32m  OK  [0m] Listening on initctl Compatibility Named Pipe.
[[0;32m  OK  [0m] Listening on multipathd control socket.
[[0;32m  OK  [0m] Listening on Journal Socket (/dev/log).
         Starting Journal Service...
[[0;32m  OK  [0m] Set up automount Arbitrary Executabâ€¦rmats File System Automount Point.
[[0;32m  OK  [0m] Listening on RPCbind Server Activation Socket.
[[0;32m  OK  [0m] Reached target RPC Port Mapper.
         Starting Load Kernel Modules...
[[0;32m  OK  [0m] Listening on Device-mapper event daemon FIFOs.
         Starting Monitoring of LVM2 mirrorsâ€¦ng dmeventd or progress polling...
         Starting Setup Virtual Console...
         Starting udev Coldplug all Devices...
[[0;32m  OK  [0m] Listening on LVM2 poll daemon socket.
[    5.669780] EXT4-fs (sda): re-mounted 23a53bb9-f815-47a5-b74c-5e08f7731193. Quota mode: none.
[[0;32m  OK  [0m] Mounted POSIX Message Queue File System.
[[0;32m  OK  [0m] Started Journal Service.
[[0;32m  OK  [0m] Mounted Kernel Debug File System.
[[0;32m  OK  [0m] Mounted Huge Pages File System.
[[0;32m  OK  [0m] Started Remount Root and Kernel File Systems.
[[0;1;31mFAILED[0m] Failed to start Load Kernel Modules.
See 'systemctl status systemd-modules-load.service' for details.
         Mounting Kernel Configuration File System...
         Mounting FUSE Control File System...
         Starting Apply Kernel Variables...
         Starting Create Static Device Nodes in /dev...
         Starting Load/Save Random Seed...
         Starting Flush Journal to Persistent Storage...
[[0;32m  OK  [0m] Started Setup Virtual Console.
[[0;32m  OK  [0m] Started udev Coldplug all Devices.
[[0;32m  OK  [0m] Mounted Kernel Configuration File System.
[[0;32m  OK  [0m] Mounted FUSE Control File System.
[[0;32m  OK  [0m] Started Apply Kernel Variables.
[[0;32m  OK  [0m] Started Create Static Device Nodes in /dev.
[[0;32m  OK  [0m] Started Load/Save Random Seed.
         Starting udev Kernel Device Manager...
         Starting udev Wait for Complete Device Initialization...
[[0;32m  OK  [0m] Started Flush Journal to Persistent Storage.
[[0;32m  OK  [0m] Started udev Kernel Device Manager.
         Starting Show Plymouth Boot Screen...
[[0;32m  OK  [0m] Started Show Plymouth Boot Screen.
[[0;32m  OK  [0m] Started Forward Password Requests to Plymouth Directory Watch.
[[0;32m  OK  [0m] Reached target Local Encrypted Volumes.
[[0;32m  OK  [0m] Reached target Paths.
[[0;32m  OK  [0m] Found device /dev/ttyS0.
[[0;32m  OK  [0m] Started Monitoring of LVM2 mirrors,â€¦sing dmeventd or progress polling.
[[0;32m  OK  [0m] Listening on Load/Save RF Kill Switch Status /dev/rfkill Watch.
[[0;32m  OK  [0m] Started udev Wait for Complete Device Initialization.
[[0;32m  OK  [0m] Reached target Local File Systems (Pre).
[[0;32m  OK  [0m] Reached target Local File Systems.
         Starting Restore /run/initramfs on shutdown...
         Starting Tell Plymouth To Write Out Runtime Data...
         Starting Create Volatile Files and Directories...
[[0;32m  OK  [0m] Started Restore /run/initramfs on shutdown.
[[0;32m  OK  [0m] Started Tell Plymouth To Write Out Runtime Data.
[[0;32m  OK  [0m] Started Create Volatile Files and Directories.
         Starting RPC Bind...
         Starting Security Auditing Service...
         Mounting RPC Pipe File System...
[[0;32m  OK  [0m] Mounted RPC Pipe File System.
[[0;32m  OK  [0m] Reached target rpc_pipefs.target.
[[0;32m  OK  [0m] Started RPC Bind.
[[0;32m  OK  [0m] Started Security Auditing Service.
         Starting Update UTMP about System Boot/Shutdown...
[[0;32m  OK  [0m] Started Update UTMP about System Boot/Shutdown.
[[0;32m  OK  [0m] Reached target System Initialization.
[[0;32m  OK  [0m] Started daily update of the root trust anchor for DNSSEC.
[[0;32m  OK  [0m] Started dnf makecache --timer.
[[0;32m  OK  [0m] Started Daily Cleanup of Temporary Directories.
[[0;32m  OK  [0m] Reached target Timers.
[[0;32m  OK  [0m] Listening on D-Bus System Message Bus Socket.
[[0;32m  OK  [0m] Listening on SSSD Kerberos Cache Manager responder socket.
[[0;32m  OK  [0m] Reached target Sockets.
[[0;32m  OK  [0m] Reached target Basic System.
         Starting Self Monitoring and Reporting Technology (SMART) Daemon...
[[0;32m  OK  [0m] Started Machine Check Exception Logging Daemon.
[[0;32m  OK  [0m] Started D-Bus System Message Bus.
         Starting Authorization Manager...
         Starting NTP client/server...
         Starting Login Service...
[[0;32m  OK  [0m] Started irqbalance daemon.
         Starting Network Manager...
         Starting Auto-connect to subsystemsâ€¦-NVME devices found during boot...
[[0;32m  OK  [0m] Reached target sshd-keygen.target.
[[0;32m  OK  [0m] Started Self Monitoring and Reporting Technology (SMART) Daemon.
         Starting update of the root trust aâ€¦or DNSSEC validation in unbound...
[[0;32m  OK  [0m] Started Auto-connect to subsystems â€¦FC-NVME devices found during boot.
[[0;32m  OK  [0m] Started Login Service.
[[0;32m  OK  [0m] Started update of the root trust anâ€¦ for DNSSEC validation in unbound.
[[0;32m  OK  [0m] Started Authorization Manager.
[[0;32m  OK  [0m] Started NTP client/server.
[[0;32m  OK  [0m] Started Network Manager.
         Starting Network Manager Wait Online...
[[0;32m  OK  [0m] Reached target Network.
         Starting OpenSSH server daemon...
         Starting GSSAPI Proxy Daemon...
         Starting Dynamic System Tuning Daemon...
         Starting Hostname Service...
[[0;32m  OK  [0m] Started OpenSSH server daemon.
[[0;32m  OK  [0m] Started GSSAPI Proxy Daemon.
[[0;32m  OK  [0m] Reached target NFS client services.
[[0;32m  OK  [0m] Reached target Remote File Systems (Pre).
[[0;32m  OK  [0m] Reached target Remote File Systems.
         Starting Permit User Sessions...
[[0;32m  OK  [0m] Started Permit User Sessions.
[[0;32m  OK  [0m] Started Command Scheduler.
         Starting Hold until boot process finishes up...
         Starting Terminate Plymouth Boot Screen...
[    8.343614] e1000: eth0 NIC Link is Up 1000 Mbps Full Duplex, Flow Control: RX
[    8.345576] IPv6: ADDRCONF(NETDEV_CHANGE): eth0: link becomes ready
[    8.652126] Spectre V2 : WARNING: Unprivileged eBPF is enabled with eIBRS on, data leaks possible via Spectre v2 BHB attacks!
[    8.653527] Spectre V2 : WARNING: Unprivileged eBPF is enabled with eIBRS on, data leaks possible via Spectre v2 BHB attacks!

CentOS Stream 8
Kernel 6.2.0-b000ae0ec2d7+ on an x86_64

test login: 