c[?7l[2J[0mSeaBIOS (version rel-1.16.0-0-gd239552ce722-prebuilt.qemu.org)


iPXE (http://ipxe.org) 00:03.0 CA00 PCI2.10 PnP PMM+7FF91000+7FEF1000 CA00
Press Ctrl-B to configure iPXE (PCI 00:03.0)...                                                                               


Booting from ROM..c[?7l[2J[    0.000000] Linux version 6.3.0-rc6-793f5c2cca10+ (root@p-rpls01) (gcc (GCC) 8.5.0 20210514 (Red Hat 8.5.0-19), GNU ld version 2.36.1-2.el8) #1 SMP PREEMPT_DYNAMIC Sun May 21 10:15:54 CST 2023
[    0.000000] Command line: console=ttyS0 root=/dev/sda earlyprintk=serial net.ifnames=0
[    0.000000] KERNEL supported cpus:
[    0.000000]   Intel GenuineIntel
[    0.000000]   AMD AuthenticAMD
[    0.000000]   Hygon HygonGenuine
[    0.000000]   Centaur CentaurHauls
[    0.000000]   zhaoxin   Shanghai  
[    0.000000] x86/fpu: Supporting XSAVE feature 0x001: 'x87 floating point registers'
[    0.000000] x86/fpu: Supporting XSAVE feature 0x002: 'SSE registers'
[    0.000000] x86/fpu: Supporting XSAVE feature 0x004: 'AVX registers'
[    0.000000] x86/fpu: Supporting XSAVE feature 0x200: 'Protection Keys User registers'
[    0.000000] x86/fpu: xstate_offset[2]:  576, xstate_sizes[2]:  256
[    0.000000] x86/fpu: xstate_offset[9]:  832, xstate_sizes[9]:    8
[    0.000000] x86/fpu: Enabled xstate features 0x207, context size is 840 bytes, using 'compacted' format.
[    0.000000] signal: max sigframe size: 3632
[    0.000000] BIOS-provided physical RAM map:
[    0.000000] BIOS-e820: [mem 0x0000000000000000-0x000000000009fbff] usable
[    0.000000] BIOS-e820: [mem 0x000000000009fc00-0x000000000009ffff] reserved
[    0.000000] BIOS-e820: [mem 0x00000000000f0000-0x00000000000fffff] reserved
[    0.000000] BIOS-e820: [mem 0x0000000000100000-0x000000007ffdffff] usable
[    0.000000] BIOS-e820: [mem 0x000000007ffe0000-0x000000007fffffff] reserved
[    0.000000] BIOS-e820: [mem 0x00000000feffc000-0x00000000feffffff] reserved
[    0.000000] BIOS-e820: [mem 0x00000000fffc0000-0x00000000ffffffff] reserved
[    0.000000] printk: bootconsole [earlyser0] enabled
[    0.000000] NX (Execute Disable) protection: active
[    0.000000] SMBIOS 2.8 present.
[    0.000000] DMI: QEMU Standard PC (i440FX + PIIX, 1996), BIOS rel-1.16.0-0-gd239552ce722-prebuilt.qemu.org 04/01/2014
[    0.000000] Hypervisor detected: KVM
[    0.000000] kvm-clock: Using msrs 4b564d01 and 4b564d00
[    0.000002] kvm-clock: using sched offset of 467338642 cycles
[    0.000625] clocksource: kvm-clock: mask: 0xffffffffffffffff max_cycles: 0x1cd42e4dffb, max_idle_ns: 881590591483 ns
[    0.002573] tsc: Detected 806.400 MHz processor
[    0.004000] last_pfn = 0x7ffe0 max_arch_pfn = 0x400000000
[    0.004000] x86/PAT: Configuration [0-7]: WB  WC  UC- UC  WB  WP  UC- WT  
[    0.004000] found SMP MP-table at [mem 0x000f5ba0-0x000f5baf]
[    0.004000] Using GB pages for direct mapping
[    0.004000] ACPI: Early table checksum verification disabled
[    0.004000] ACPI: RSDP 0x00000000000F59C0 000014 (v00 BOCHS )
[    0.004000] ACPI: RSDT 0x000000007FFE1951 000034 (v01 BOCHS  BXPC     00000001 BXPC 00000001)
[    0.004000] ACPI: FACP 0x000000007FFE17FD 000074 (v01 BOCHS  BXPC     00000001 BXPC 00000001)
[    0.004000] ACPI: DSDT 0x000000007FFE0040 0017BD (v01 BOCHS  BXPC     00000001 BXPC 00000001)
[    0.004000] ACPI: FACS 0x000000007FFE0000 000040
[    0.004000] ACPI: APIC 0x000000007FFE1871 000080 (v01 BOCHS  BXPC     00000001 BXPC 00000001)
[    0.004000] ACPI: HPET 0x000000007FFE18F1 000038 (v01 BOCHS  BXPC     00000001 BXPC 00000001)
[    0.004000] ACPI: WAET 0x000000007FFE1929 000028 (v01 BOCHS  BXPC     00000001 BXPC 00000001)
[    0.004000] ACPI: Reserving FACP table memory at [mem 0x7ffe17fd-0x7ffe1870]
[    0.004000] ACPI: Reserving DSDT table memory at [mem 0x7ffe0040-0x7ffe17fc]
[    0.004000] ACPI: Reserving FACS table memory at [mem 0x7ffe0000-0x7ffe003f]
[    0.004000] ACPI: Reserving APIC table memory at [mem 0x7ffe1871-0x7ffe18f0]
[    0.004000] ACPI: Reserving HPET table memory at [mem 0x7ffe18f1-0x7ffe1928]
[    0.004000] ACPI: Reserving WAET table memory at [mem 0x7ffe1929-0x7ffe1950]
[    0.004000] No NUMA configuration found
[    0.004000] Faking a node at [mem 0x0000000000000000-0x000000007ffdffff]
[    0.004000] NODE_DATA(0) allocated [mem 0x7ffb5000-0x7ffdffff]
[    0.004000] Zone ranges:
[    0.004000]   DMA      [mem 0x0000000000001000-0x0000000000ffffff]
[    0.004000]   DMA32    [mem 0x0000000001000000-0x000000007ffdffff]
[    0.004000]   Normal   empty
[    0.004000]   Device   empty
[    0.004000] Movable zone start for each node
[    0.004000] Early memory node ranges
[    0.004000]   node   0: [mem 0x0000000000001000-0x000000000009efff]
[    0.004000]   node   0: [mem 0x0000000000100000-0x000000007ffdffff]
[    0.004000] Initmem setup node 0 [mem 0x0000000000001000-0x000000007ffdffff]
[    0.004000] On node 0, zone DMA: 1 pages in unavailable ranges
[    0.004000] On node 0, zone DMA: 97 pages in unavailable ranges
[    0.004000] On node 0, zone DMA32: 32 pages in unavailable ranges
[    0.004000] ACPI: PM-Timer IO Port: 0x608
[    0.004000] ACPI: LAPIC_NMI (acpi_id[0xff] dfl dfl lint[0x1])
[    0.004000] IOAPIC[0]: apic_id 0, version 17, address 0xfec00000, GSI 0-23
[    0.004000] ACPI: INT_SRC_OVR (bus 0 bus_irq 0 global_irq 2 dfl dfl)
[    0.004000] ACPI: INT_SRC_OVR (bus 0 bus_irq 5 global_irq 5 high level)
[    0.004000] ACPI: INT_SRC_OVR (bus 0 bus_irq 9 global_irq 9 high level)
[    0.004000] ACPI: INT_SRC_OVR (bus 0 bus_irq 10 global_irq 10 high level)
[    0.004000] ACPI: INT_SRC_OVR (bus 0 bus_irq 11 global_irq 11 high level)
[    0.004000] ACPI: Using ACPI (MADT) for SMP configuration information
[    0.004000] ACPI: HPET id: 0x8086a201 base: 0xfed00000
[    0.004000] TSC deadline timer available
[    0.004000] smpboot: Allowing 2 CPUs, 0 hotplug CPUs
[    0.004000] kvm-guest: KVM setup pv remote TLB flush
[    0.004000] kvm-guest: setup PV sched yield
[    0.004000] PM: hibernation: Registered nosave memory: [mem 0x00000000-0x00000fff]
[    0.004000] PM: hibernation: Registered nosave memory: [mem 0x0009f000-0x0009ffff]
[    0.004000] PM: hibernation: Registered nosave memory: [mem 0x000a0000-0x000effff]
[    0.004000] PM: hibernation: Registered nosave memory: [mem 0x000f0000-0x000fffff]
[    0.004000] [mem 0x80000000-0xfeffbfff] available for PCI devices
[    0.004000] Booting paravirtualized kernel on KVM
[    0.004000] clocksource: refined-jiffies: mask: 0xffffffff max_cycles: 0xffffffff, max_idle_ns: 7645519600211568 ns
[    0.004000] setup_percpu: NR_CPUS:8192 nr_cpumask_bits:2 nr_cpu_ids:2 nr_node_ids:1
[    0.004000] percpu: Embedded 65 pages/cpu s229376 r8192 d28672 u1048576
[    0.004000] kvm-guest: PV spinlocks enabled
[    0.004000] PV qspinlock hash table entries: 256 (order: 0, 4096 bytes, linear)
[    0.004000] Fallback order for Node 0: 0 
[    0.004000] Built 1 zonelists, mobility grouping on.  Total pages: 515808
[    0.004000] Policy zone: DMA32
[    0.004000] Kernel command line: net.ifnames=0 console=ttyS0 root=/dev/sda earlyprintk=serial net.ifnames=0
[    0.004000] random: crng init done
[    0.004000] Dentry cache hash table entries: 262144 (order: 9, 2097152 bytes, linear)
[    0.004000] Inode-cache hash table entries: 131072 (order: 8, 1048576 bytes, linear)
[    0.004000] mem auto-init: stack:off, heap alloc:off, heap free:off
[    0.004000] Memory: 1966944K/2096632K available (34816K kernel code, 4558K rwdata, 9768K rodata, 10364K init, 31912K bss, 129432K reserved, 0K cma-reserved)
[    0.004000] SLUB: HWalign=64, Order=0-3, MinObjects=0, CPUs=2, Nodes=1
[    0.004000] kmemleak: Kernel memory leak detector disabled
[    0.004000] ftrace: allocating 68592 entries in 268 pages
[    0.004000] ftrace: allocated 268 pages with 3 groups
[    0.004000] Dynamic Preempt: voluntary
[    0.004000] Running RCU self tests
[    0.004000] Running RCU synchronous self tests
[    0.004000] rcu: Preemptible hierarchical RCU implementation.
[    0.004000] rcu: 	RCU lockdep checking is enabled.
[    0.004000] rcu: 	RCU restricting CPUs from NR_CPUS=8192 to nr_cpu_ids=2.
[    0.004000] 	Trampoline variant of Tasks RCU enabled.
[    0.004000] 	Rude variant of Tasks RCU enabled.
[    0.004000] 	Tracing variant of Tasks RCU enabled.
[    0.004000] rcu: RCU calculated value of scheduler-enlistment delay is 25 jiffies.
[    0.004000] rcu: Adjusting geometry for rcu_fanout_leaf=16, nr_cpu_ids=2
[    0.004000] Running RCU synchronous self tests
[    0.004000] NR_IRQS: 524544, nr_irqs: 440, preallocated irqs: 16
[    0.004000] rcu: srcu_init: Setting srcu_struct sizes based on contention.
[    0.004000] Console: colour VGA+ 80x25
[    0.004000] printk: console [ttyS0] enabled
[    0.004000] printk: console [ttyS0] enabled
[    0.004000] printk: bootconsole [earlyser0] disabled
[    0.004000] printk: bootconsole [earlyser0] disabled
[    0.004000] Lock dependency validator: Copyright (c) 2006 Red Hat, Inc., Ingo Molnar
[    0.004000] ... MAX_LOCKDEP_SUBCLASSES:  8
[    0.004000] ... MAX_LOCK_DEPTH:          48
[    0.004000] ... MAX_LOCKDEP_KEYS:        8192
[    0.004000] ... CLASSHASH_SIZE:          4096
[    0.004000] ... MAX_LOCKDEP_ENTRIES:     32768
[    0.004000] ... MAX_LOCKDEP_CHAINS:      65536
[    0.004000] ... CHAINHASH_SIZE:          32768
[    0.004000]  memory used by lock dependency info: 6365 kB
[    0.004000]  memory used for stack traces: 4224 kB
[    0.004000]  per task-struct memory footprint: 1920 bytes
[    0.004000] ACPI: Core revision 20221020
[    0.004000] clocksource: hpet: mask: 0xffffffff max_cycles: 0xffffffff, max_idle_ns: 19112604467 ns
[    0.004000] APIC: Switch to symmetric I/O mode setup
[    0.004000] x2apic enabled
[    0.004000] Switched APIC routing to physical x2apic.
[    0.004000] kvm-guest: setup PV IPIs
[    0.004000] ..TIMER: vector=0x30 apic1=0 pin1=2 apic2=-1 pin2=-1
[    0.004000] clocksource: tsc-early: mask: 0xffffffffffffffff max_cycles: 0xb9fb05486c, max_idle_ns: 440795231721 ns
[    0.217766] Calibrating delay loop (skipped) preset value.. 1612.80 BogoMIPS (lpj=3225600)
[    0.218777] pid_max: default: 32768 minimum: 301
[    0.219409] LSM: initializing lsm=capability,yama,integrity
[    0.221774] Yama: becoming mindful.
[    0.222404] Mount-cache hash table entries: 4096 (order: 3, 32768 bytes, linear)
[    0.223329] Mountpoint-cache hash table entries: 4096 (order: 3, 32768 bytes, linear)
[    0.226441] CPU0: Thermal monitoring enabled (TM1)
[    0.228354] x86/cpu: User Mode Instruction Prevention (UMIP) activated
[    0.229755] Last level iTLB entries: 4KB 0, 2MB 0, 4MB 0
[    0.230430] Last level dTLB entries: 4KB 0, 2MB 0, 4MB 0, 1GB 0
[    0.231164] Spectre V1 : Mitigation: usercopy/swapgs barriers and __user pointer sanitization
[    0.232161] Spectre V2 : WARNING: Unprivileged eBPF is enabled with eIBRS on, data leaks possible via Spectre v2 BHB attacks!
[    0.233469] Spectre V2 : Mitigation: Enhanced / Automatic IBRS
[    0.233760] Spectre V2 : Spectre v2 / SpectreRSB mitigation: Filling RSB on context switch
[    0.234705] Spectre V2 : Spectre v2 / PBRSB-eIBRS: Retire a single CALL on VMEXIT
[    0.235570] Spectre V2 : mitigation: Enabling conditional Indirect Branch Prediction Barrier
[    0.236654] Speculative Store Bypass: Mitigation: Speculative Store Bypass disabled via prctl
[    0.237760] MMIO Stale Data: Unknown: No mitigations
[    0.334193] Freeing SMP alternatives memory: 56K
[    0.334807] Running RCU synchronous self tests
[    0.335346] Running RCU synchronous self tests
[    0.336405] smpboot: CPU0: Genuine Intel(R) 0000 (family: 0x6, model: 0xb7, stepping: 0x0)
[    0.337755] cblist_init_generic: Setting adjustable number of callback queues.
[    0.337755] cblist_init_generic: Setting shift to 1 and lim to 1.
[    0.337755] cblist_init_generic: Setting shift to 1 and lim to 1.
[    0.337755] cblist_init_generic: Setting shift to 1 and lim to 1.
[    0.337824] Running RCU-tasks wait API self tests
[    0.441927] Performance Events: Alderlake Hybrid events, full-width counters, Intel PMU driver.
[    0.443490] core: cpu_core PMU driver: 
[    0.443964] ... version:                2
[    0.444452] ... bit width:              48
[    0.444948] ... generic registers:      6
[    0.445439] ... value mask:             0000ffffffffffff
[    0.445761] ... max period:             00007fffffffffff
[    0.446399] ... fixed-purpose events:   3
[    0.446885] ... event mask:             0001000f0000003f
[    0.447718] rcu: Hierarchical SRCU implementation.
[    0.448295] rcu: 	Max phase no-delay instances is 1000.
[    0.450432] Callback from call_rcu_tasks_trace() invoked.
[    0.451204] unchecked MSR access error: WRMSR to 0x38f (tried to write 0x0001000f0000003f) at rIP: 0xffffffff810dcc2c (native_write_msr+0xc/0x30)
[    0.452774] Call Trace:
[    0.453078]  <TASK>
[    0.453341]  __intel_pmu_enable_all.constprop.49+0xb5/0x140
[    0.453755]  intel_pmu_enable_all+0x1e/0x30
[    0.453755]  x86_pmu_enable+0x46d/0x5a0
[    0.453755]  ? write_comp_data+0x2f/0x90
[    0.453755]  perf_pmu_enable+0x53/0x70
[    0.453755]  ctx_resched+0x14d/0x1e0
[    0.453755]  __perf_install_in_context+0x2f7/0x470
[    0.453755]  ? __pfx_remote_function+0x10/0x10
[    0.453755]  ? __pfx_remote_function+0x10/0x10
[    0.453755]  remote_function+0x80/0xa0
[    0.453755]  ? __pfx_remote_function+0x10/0x10
[    0.453755]  generic_exec_single+0x124/0x190
[    0.453755]  smp_call_function_single+0x11c/0x240
[    0.453755]  ? __pfx_remote_function+0x10/0x10
[    0.453755]  ? __sanitizer_cov_trace_pc+0x25/0x60
[    0.453755]  ? write_comp_data+0x2f/0x90
[    0.453755]  perf_install_in_context+0x2d8/0x300
[    0.453755]  ? __pfx___perf_install_in_context+0x10/0x10
[    0.453755]  perf_event_create_kernel_counter+0x284/0x2b0
[    0.453755]  ? __pfx_watchdog_overflow_callback+0x10/0x10
[    0.453755]  hardlockup_detector_event_create+0x46/0xd0
[    0.453755]  hardlockup_detector_perf_init+0x18/0x80
[    0.453755]  watchdog_nmi_probe+0x17/0x20
[    0.453755]  lockup_detector_init+0x40/0xb0
[    0.453755]  kernel_init_freeable+0x37e/0x760
[    0.453755]  ? __pfx_kernel_init+0x10/0x10
[    0.453755]  kernel_init+0x24/0x1e0
[    0.453755]  ? __pfx_kernel_init+0x10/0x10
[    0.453755]  ret_from_fork+0x29/0x50
[    0.453755]  </TASK>
[    0.453935] smp: Bringing up secondary CPUs ...
[    0.454873] x86: Booting SMP configuration:
[    0.455390] .... node  #0, CPUs:      #1
[    0.456153] smp: Brought up 1 node, 2 CPUs
[    0.456153] smpboot: Max logical packages: 1
[    0.457767] smpboot: Total of 2 processors activated (3225.60 BogoMIPS)
[    0.460200] devtmpfs: initialized
[    0.460200] x86/mm: Memory block size: 128MB
[    0.463094] Running RCU synchronous self tests
[    0.463094] Running RCU synchronous self tests
[    0.463206] clocksource: jiffies: mask: 0xffffffff max_cycles: 0xffffffff, max_idle_ns: 7645041785100000 ns
[    0.465775] futex hash table entries: 512 (order: 4, 65536 bytes, linear)
[    0.466809] pinctrl core: initialized pinctrl subsystem
[    0.467809] 
[    0.468007] *************************************************************
[    0.468830] **     NOTICE NOTICE NOTICE NOTICE NOTICE NOTICE NOTICE    **
[    0.469636] **                                                         **
[    0.469761] **  IOMMU DebugFS SUPPORT HAS BEEN ENABLED IN THIS KERNEL  **
[    0.470567] **                                                         **
[    0.471375] ** This means that this kernel is built to expose internal **
[    0.472196] ** IOMMU data structures, which may compromise security on **
[    0.473001] ** your system.                                            **
[    0.473760] **                                                         **
[    0.474565] ** If you see this message and you are not debugging the   **
[    0.475370] ** kernel, report this immediately to your vendor!         **
[    0.476187] **                                                         **
[    0.476992] **     NOTICE NOTICE NOTICE NOTICE NOTICE NOTICE NOTICE    **
[    0.477759] *************************************************************
[    0.478645] PM: RTC time: 02:16:21, date: 2023-05-21
[    0.481921] NET: Registered PF_NETLINK/PF_ROUTE protocol family
[    0.483053] DMA: preallocated 256 KiB GFP_KERNEL pool for atomic allocations
[    0.483932] DMA: preallocated 256 KiB GFP_KERNEL|GFP_DMA pool for atomic allocations
[    0.484869] DMA: preallocated 256 KiB GFP_KERNEL|GFP_DMA32 pool for atomic allocations
[    0.485790] audit: initializing netlink subsys (disabled)
[    0.486490] audit: type=2000 audit(1684635381.986:1): state=initialized audit_enabled=0 res=1
[    0.486490] thermal_sys: Registered thermal governor 'fair_share'
[    0.486811] thermal_sys: Registered thermal governor 'bang_bang'
[    0.487557] thermal_sys: Registered thermal governor 'step_wise'
[    0.488288] thermal_sys: Registered thermal governor 'user_space'
[    0.489797] cpuidle: using governor ladder
[    0.491043] cpuidle: using governor menu
[    0.491800] acpiphp: ACPI Hot Plug PCI Controller Driver version: 0.5
[    0.492817] PCI: Using configuration type 1 for base access
[    0.494138] kprobes: kprobe jump-optimization is enabled. All kprobes are optimized if possible.
[    0.661652] HugeTLB: registered 1.00 GiB page size, pre-allocated 0 pages
[    0.661761] HugeTLB: 16380 KiB vmemmap can be freed for a 1.00 GiB page
[    0.662562] HugeTLB: registered 2.00 MiB page size, pre-allocated 0 pages
[    0.663382] HugeTLB: 28 KiB vmemmap can be freed for a 2.00 MiB page
[    0.666777] ACPI: Added _OSI(Module Device)
[    0.667302] ACPI: Added _OSI(Processor Device)
[    0.667848] ACPI: Added _OSI(3.0 _SCP Extensions)
[    0.668421] ACPI: Added _OSI(Processor Aggregator Device)
[    0.672601] ACPI: 1 ACPI AML tables successfully acquired and loaded
[    2.427155] Callback from call_rcu_tasks_rude() invoked.
[    2.427322] ACPI: Interpreter enabled
[    2.429835] ACPI: PM: (supports S0 S3 S4 S5)
[    2.430356] ACPI: Using IOAPIC for interrupt routing
[    2.430997] PCI: Using host bridge windows from ACPI; if necessary, use "pci=nocrs" and report a bug
[    2.432090] PCI: Using E820 reservations for host bridge windows
[    2.433277] ACPI: Enabled 2 GPEs in block 00 to 0F
[    2.444404] ACPI: PCI Root Bridge [PCI0] (domain 0000 [bus 00-ff])
[    2.445184] acpi PNP0A03:00: _OSC: OS supports [ASPM ClockPM Segments MSI EDR HPX-Type3]
[    2.445764] acpi PNP0A03:00: _OSC: not requesting OS control; OS requires [ExtendedConfig ASPM ClockPM MSI]
[    2.446960] acpi PNP0A03:00: fail to add MMCONFIG information, can't access extended configuration space under this bridge
[    2.449846] acpiphp: Slot [3] registered
[    2.450371] acpiphp: Slot [4] registered
[    2.450894] acpiphp: Slot [5] registered
[    2.451416] acpiphp: Slot [6] registered
[    2.451936] acpiphp: Slot [7] registered
[    2.452463] acpiphp: Slot [8] registered
[    2.452987] acpiphp: Slot [9] registered
[    2.453509] acpiphp: Slot [10] registered
[    2.453809] acpiphp: Slot [11] registered
[    2.454341] acpiphp: Slot [12] registered
[    2.454872] acpiphp: Slot [13] registered
[    2.455403] acpiphp: Slot [14] registered
[    2.455934] acpiphp: Slot [15] registered
[    2.456466] acpiphp: Slot [16] registered
[    2.457005] acpiphp: Slot [17] registered
[    2.457542] acpiphp: Slot [18] registered
[    2.457805] acpiphp: Slot [19] registered
[    2.458336] acpiphp: Slot [20] registered
[    2.458866] acpiphp: Slot [21] registered
[    2.459397] acpiphp: Slot [22] registered
[    2.459929] acpiphp: Slot [23] registered
[    2.460465] acpiphp: Slot [24] registered
[    2.460995] acpiphp: Slot [25] registered
[    2.461524] acpiphp: Slot [26] registered
[    2.461805] acpiphp: Slot [27] registered
[    2.462336] acpiphp: Slot [28] registered
[    2.462870] acpiphp: Slot [29] registered
[    2.463401] acpiphp: Slot [30] registered
[    2.463931] acpiphp: Slot [31] registered
[    2.464441] PCI host bridge to bus 0000:00
[    2.464938] pci_bus 0000:00: root bus resource [io  0x0000-0x0cf7 window]
[    2.465751] pci_bus 0000:00: root bus resource [io  0x0d00-0xffff window]
[    2.466566] pci_bus 0000:00: root bus resource [mem 0x000a0000-0x000bffff window]
[    2.467460] pci_bus 0000:00: root bus resource [mem 0x80000000-0xfebfffff window]
[    2.468357] pci_bus 0000:00: root bus resource [mem 0x100000000-0x17fffffff window]
[    2.469272] pci_bus 0000:00: root bus resource [bus 00-ff]
[    2.469850] pci 0000:00:00.0: [8086:1237] type 00 class 0x060000
[    2.472776] pci 0000:00:01.0: [8086:7000] type 00 class 0x060100
[    2.474283] pci 0000:00:01.1: [8086:7010] type 00 class 0x010180
[    2.476169] pci 0000:00:01.1: reg 0x20: [io  0xc040-0xc04f]
[    2.477385] pci 0000:00:01.1: legacy IDE quirk: reg 0x10: [io  0x01f0-0x01f7]
[    2.477762] pci 0000:00:01.1: legacy IDE quirk: reg 0x14: [io  0x03f6]
[    2.478544] pci 0000:00:01.1: legacy IDE quirk: reg 0x18: [io  0x0170-0x0177]
[    2.479398] pci 0000:00:01.1: legacy IDE quirk: reg 0x1c: [io  0x0376]
[    2.480430] pci 0000:00:01.3: [8086:7113] type 00 class 0x068000
[    2.481642] pci 0000:00:01.3: quirk: [io  0x0600-0x063f] claimed by PIIX4 ACPI
[    2.481775] pci 0000:00:01.3: quirk: [io  0x0700-0x070f] claimed by PIIX4 SMB
[    2.482769] Callback from call_rcu_tasks() invoked.
[    2.483549] pci 0000:00:02.0: [1234:1111] type 00 class 0x030000
[    2.486295] pci 0000:00:02.0: reg 0x10: [mem 0xfd000000-0xfdffffff pref]
[    2.488656] pci 0000:00:02.0: reg 0x18: [mem 0xfebf0000-0xfebf0fff]
[    2.492330] pci 0000:00:02.0: reg 0x30: [mem 0xfebe0000-0xfebeffff pref]
[    2.493785] pci 0000:00:02.0: Video device with shadowed ROM at [mem 0x000c0000-0x000dffff]
[    2.497516] pci 0000:00:03.0: [8086:100e] type 00 class 0x020000
[    2.498205] pci 0000:00:03.0: reg 0x10: [mem 0xfebc0000-0xfebdffff]
[    2.499344] pci 0000:00:03.0: reg 0x14: [io  0xc000-0xc03f]
[    2.501688] pci 0000:00:03.0: reg 0x30: [mem 0xfeb80000-0xfebbffff pref]
[    2.524908] ACPI: PCI: Interrupt link LNKA configured for IRQ 10
[    2.525911] ACPI: PCI: Interrupt link LNKB configured for IRQ 10
[    2.526882] ACPI: PCI: Interrupt link LNKC configured for IRQ 11
[    2.527851] ACPI: PCI: Interrupt link LNKD configured for IRQ 11
[    2.528703] ACPI: PCI: Interrupt link LNKS configured for IRQ 9
[    2.530393] iommu: Default domain type: Translated 
[    2.530393] iommu: DMA domain TLB invalidation policy: lazy mode 
[    2.532327] SCSI subsystem initialized
[    2.533960] ACPI: bus type USB registered
[    2.534519] usbcore: registered new interface driver usbfs
[    2.535210] usbcore: registered new interface driver hub
[    2.535878] usbcore: registered new device driver usb
[    2.536575] pps_core: LinuxPPS API ver. 1 registered
[    2.537176] pps_core: Software ver. 5.3.6 - Copyright 2005-2007 Rodolfo Giometti <giometti@linux.it>
[    2.537772] PTP clock support registered
[    2.538309] EDAC MC: Ver: 3.0.0
[    2.539095] NetLabel: Initializing
[    2.539506] NetLabel:  domain hash size = 128
[    2.540015] NetLabel:  protocols = UNLABELED CIPSOv4 CALIPSO
[    2.540741] NetLabel:  unlabeled traffic allowed by default
[    2.541916] PCI: Using ACPI for IRQ routing
[    2.542611] pci 0000:00:02.0: vgaarb: setting as boot VGA device
[    2.542611] pci 0000:00:02.0: vgaarb: bridge control possible
[    2.543180] pci 0000:00:02.0: vgaarb: VGA device added: decodes=io+mem,owns=io+mem,locks=none
[    2.545764] vgaarb: loaded
[    2.547234] hpet0: at MMIO 0xfed00000, IRQs 2, 8, 0
[    2.549762] hpet0: 3 comparators, 64-bit 100.000000 MHz counter
[    2.553921] clocksource: Switched to clocksource kvm-clock
[    2.659467] VFS: Disk quotas dquot_6.6.0
[    2.660025] VFS: Dquot-cache hash table entries: 512 (order 0, 4096 bytes)
[    2.661111] pnp: PnP ACPI init
[    2.662802] pnp: PnP ACPI: found 6 devices
[    2.673794] clocksource: acpi_pm: mask: 0xffffff max_cycles: 0xffffff, max_idle_ns: 2085701024 ns
[    2.675132] NET: Registered PF_INET protocol family
[    2.675841] IP idents hash table entries: 32768 (order: 6, 262144 bytes, linear)
[    2.677491] tcp_listen_portaddr_hash hash table entries: 1024 (order: 4, 73728 bytes, linear)
[    2.678553] Table-perturb hash table entries: 65536 (order: 6, 262144 bytes, linear)
[    2.679523] TCP established hash table entries: 16384 (order: 5, 131072 bytes, linear)
[    2.680666] TCP bind hash table entries: 16384 (order: 9, 2359296 bytes, linear)
[    2.685127] TCP: Hash tables configured (established 16384 bind 16384)
[    2.686009] UDP hash table entries: 1024 (order: 5, 163840 bytes, linear)
[    2.686998] UDP-Lite hash table entries: 1024 (order: 5, 163840 bytes, linear)
[    2.688134] NET: Registered PF_UNIX/PF_LOCAL protocol family
[    2.689534] RPC: Registered named UNIX socket transport module.
[    2.690302] RPC: Registered udp transport module.
[    2.690878] RPC: Registered tcp transport module.
[    2.691450] RPC: Registered tcp NFSv4.1 backchannel transport module.
[    2.692257] pci_bus 0000:00: resource 4 [io  0x0000-0x0cf7 window]
[    2.693008] pci_bus 0000:00: resource 5 [io  0x0d00-0xffff window]
[    2.693766] pci_bus 0000:00: resource 6 [mem 0x000a0000-0x000bffff window]
[    2.694601] pci_bus 0000:00: resource 7 [mem 0x80000000-0xfebfffff window]
[    2.695433] pci_bus 0000:00: resource 8 [mem 0x100000000-0x17fffffff window]
[    2.696446] pci 0000:00:01.0: PIIX3: Enabling Passive Release
[    2.697161] pci 0000:00:00.0: Limiting direct PCI/PCI transfers
[    2.697995] PCI: CLS 0 bytes, default 64
[    2.698539] ACPI: bus type thunderbolt registered
[    2.699353] clocksource: tsc: mask: 0xffffffffffffffff max_cycles: 0xb9fb05486c, max_idle_ns: 440795231721 ns
[    2.708172] Initialise system trusted keyrings
[    2.708800] Key type blacklist registered
[    2.709485] workingset: timestamp_bits=36 max_order=19 bucket_order=0
[    2.710361] zbud: loaded
[    2.711525] squashfs: version 4.0 (2009/01/31) Phillip Lougher
[    2.713117] NFS: Registering the id_resolver key type
[    2.713727] Key type id_resolver registered
[    2.714248] Key type id_legacy registered
[    2.714754] nfs4filelayout_init: NFSv4 File Layout Driver Registering...
[    2.715559] nfs4flexfilelayout_init: NFSv4 Flexfile Layout Driver Registering...
[    2.716699] fuse: init (API version 7.38)
[    2.717476] SGI XFS with ACLs, security attributes, realtime, quota, no debug enabled
[    2.718908] 9p: Installing v9fs 9p2000 file system support
[    2.727018] Key type asymmetric registered
[    2.727513] Asymmetric key parser 'x509' registered
[    2.728162] Block layer SCSI generic (bsg) driver version 0.4 loaded (major 243)
[    2.729311] io scheduler mq-deadline registered
[    2.729936] io scheduler bfq registered
[    2.730820] shpchp: Standard Hot Plug PCI Controller Driver version: 0.4
[    2.731927] IPMI message handler: version 39.2
[    2.732516] ipmi device interface
[    2.734682] input: Power Button as /devices/LNXSYSTM:00/LNXPWRBN:00/input/input0
[    2.735894] ACPI: button: Power Button [PWRF]
[    2.737430] ERST DBG: ERST support is disabled.
[    2.738620] Serial: 8250/16550 driver, 32 ports, IRQ sharing enabled
[    2.740047] 00:04: ttyS0 at I/O 0x3f8 (irq = 4, base_baud = 115200) is a 16550A
[    2.750111] Linux agpgart interface v0.103
[    2.751234] ACPI: bus type drm_connector registered
[    2.761692] brd: module loaded
[    2.768342] loop: module loaded
[    2.772081] scsi host0: ata_piix
[    2.772886] scsi host1: ata_piix
[    2.773421] ata1: PATA max MWDMA2 cmd 0x1f0 ctl 0x3f6 bmdma 0xc040 irq 14
[    2.774277] ata2: PATA max MWDMA2 cmd 0x170 ctl 0x376 bmdma 0xc048 irq 15
[    2.775800] tun: Universal TUN/TAP device driver, 1.6
[    2.776578] e100: Intel(R) PRO/100 Network Driver
[    2.777154] e100: Copyright(c) 1999-2006 Intel Corporation
[    2.777875] e1000: Intel(R) PRO/1000 Network Driver
[    2.778475] e1000: Copyright (c) 1999-2006 Intel Corporation.
[    2.886900] ACPI: \_SB_.LNKC: Enabled at IRQ 11
[    2.934020] ata1: found unknown device (class 0)
[    2.935178] ata1.00: ATA-7: QEMU HARDDISK, 2.5+, max UDMA/100
[    2.935865] ata1.00: 16777216 sectors, multi 16: LBA48 
[    2.936827] ata2: found unknown device (class 0)
[    2.938345] scsi 0:0:0:0: Direct-Access     ATA      QEMU HARDDISK    2.5+ PQ: 0 ANSI: 5
[    2.939908] scsi 0:0:0:0: Attached scsi generic sg0 type 0
[    2.941299] sd 0:0:0:0: [sda] 16777216 512-byte logical blocks: (8.59 GB/8.00 GiB)
[    2.942258] ata2.00: ATAPI: QEMU DVD-ROM, 2.5+, max UDMA/100
[    2.943187] sd 0:0:0:0: [sda] Write Protect is off
[    2.944509] scsi 1:0:0:0: CD-ROM            QEMU     QEMU DVD-ROM     2.5+ PQ: 0 ANSI: 5
[    2.946605] sd 0:0:0:0: [sda] Write cache: enabled, read cache: enabled, doesn't support DPO or FUA
[    2.947746] sd 0:0:0:0: [sda] Preferred minimum I/O size 512 bytes
[    2.962463] scsi 1:0:0:0: Attached scsi generic sg1 type 5
[    2.965213] sd 0:0:0:0: [sda] Attached SCSI disk
[    3.230382] e1000 0000:00:03.0 eth0: (PCI:33MHz:32-bit) 52:54:00:12:34:56
[    3.231216] e1000 0000:00:03.0 eth0: Intel(R) PRO/1000 Network Connection
[    3.232098] e1000e: Intel(R) PRO/1000 Network Driver
[    3.232700] e1000e: Copyright(c) 1999 - 2015 Intel Corporation.
[    3.233450] igb: Intel(R) Gigabit Ethernet Network Driver
[    3.234115] igb: Copyright (c) 2007-2014 Intel Corporation.
[    3.234852] PPP generic driver version 2.4.2
[    3.236004] VFIO - User Level meta-driver version: 0.3
[    3.237166] usbcore: registered new interface driver uas
[    3.237874] usbcore: registered new interface driver usb-storage
[    3.238739] i8042: PNP: PS/2 Controller [PNP0303:KBD,PNP0f13:MOU] at 0x60,0x64 irq 1,12
[    3.240492] serio: i8042 KBD port at 0x60,0x64 irq 1
[    3.241121] serio: i8042 AUX port at 0x60,0x64 irq 12
[    3.242268] mousedev: PS/2 mouse device common for all mice
[    3.243811] input: AT Translated Set 2 keyboard as /devices/platform/i8042/serio0/input/input1
[    3.245466] rtc_cmos 00:05: RTC can wake from S4
[    3.246723] input: VirtualPS/2 VMware VMMouse as /devices/platform/i8042/serio1/input/input4
[    3.248531] input: VirtualPS/2 VMware VMMouse as /devices/platform/i8042/serio1/input/input3
[    3.249917] rtc_cmos 00:05: registered as rtc0
[    3.250561] rtc_cmos 00:05: setting system clock to 2023-05-21T02:16:24 UTC (1684635384)
[    3.251700] rtc_cmos 00:05: alarms up to one day, y3k, 242 bytes nvram, hpet irqs
[    3.252622] i2c_dev: i2c /dev entries driver
[    3.253341] device-mapper: core: CONFIG_IMA_DISABLE_HTABLE is disabled. Duplicate IMA measurements will not be recorded in the IMA log.
[    3.254843] device-mapper: uevent: version 1.0.3
[    3.255565] device-mapper: ioctl: 4.47.0-ioctl (2022-07-28) initialised: dm-devel@redhat.com
[    3.256591] intel_pstate: CPU model not supported
[    3.257223] sdhci: Secure Digital Host Controller Interface driver
[    3.257985] sdhci: Copyright(c) Pierre Ossman
[    3.258572] sdhci-pltfm: SDHCI platform and OF driver helper
[    3.259323] ledtrig-cpu: registered to indicate activity on CPUs
[    3.260294] drop_monitor: Initializing network drop monitor service
[    3.261192] NET: Registered PF_INET6 protocol family
[    3.263963] Segment Routing with IPv6
[    3.264440] In-situ OAM (IOAM) with IPv6
[    3.264964] NET: Registered PF_PACKET protocol family
[    3.265732] 9pnet: Installing 9P2000 support
[    3.266317] Key type dns_resolver registered
[    3.267478] IPI shorthand broadcast: enabled
[    3.281785] sched_clock: Marking stable (3072002614, 209755530)->(3334426287, -52668143)
[    3.283277] registered taskstats version 1
[    3.283961] Loading compiled-in X.509 certificates
[    3.284683] zswap: loaded using pool lzo/zbud
[    3.296058] Key type .fscrypt registered
[    3.296558] Key type fscrypt-provisioning registered
[    3.298237] Key type encrypted registered
[    3.298768] ima: No TPM chip found, activating TPM-bypass!
[    3.299434] ima: Allocated hash algorithm: sha1
[    3.300023] ima: No architecture policies found
[    3.300631] evm: Initialising EVM extended attributes:
[    3.301247] evm: security.selinux
[    3.301652] evm: security.SMACK64
[    3.302078] evm: security.SMACK64EXEC
[    3.302529] evm: security.SMACK64TRANSMUTE
[    3.303025] evm: security.SMACK64MMAP
[    3.303470] evm: security.apparmor
[    3.303887] evm: security.ima
[    3.304251] evm: security.capability
[    3.304686] evm: HMAC attrs: 0x1
[    3.306166] PM:   Magic number: 7:500:258
[    3.307048] RAS: Correctable Errors collector initialized.
[    3.308769] md: Waiting for all devices to be available before autodetect
[    3.309307] md: If you don't use raid, use raid=noautodetect
[    3.309781] md: Autodetecting RAID arrays.
[    3.310124] md: autorun ...
[    3.310355] md: ... autorun DONE.
[    3.314744] EXT4-fs (sda): INFO: recovery required on readonly filesystem
[    3.315308] EXT4-fs (sda): write access will be enabled during recovery
[    3.460543] EXT4-fs (sda): recovery complete
[    3.465235] EXT4-fs (sda): mounted filesystem 23a53bb9-f815-47a5-b74c-5e08f7731193 with ordered data mode. Quota mode: none.
[    3.466204] VFS: Mounted root (ext4 filesystem) readonly on device 8:0.
[    3.468476] devtmpfs: mounted
[    3.476535] Freeing unused decrypted memory: 2036K
[    3.485848] Freeing unused kernel image (initmem) memory: 10364K
[    3.486384] Write protecting the kernel read-only data: 45056k
[    3.488093] Freeing unused kernel image (rodata/data gap) memory: 472K
[    3.554985] x86/mm: Checked W+X mappings: passed, no W+X pages found.
[    3.555509] Run /sbin/init as init process
[    3.644953] systemd[1]: RTC configured in localtime, applying delta of 0 minutes to system time.
[    3.666169] systemd[1]: systemd 239 (239-49.el8) running in system mode. (+PAM +AUDIT +SELINUX +IMA -APPARMOR +SMACK +SYSVINIT +UTMP +LIBCRYPTSETUP +GCRYPT +GNUTLS +ACL +XZ +LZ4 +SECCOMP +BLKID +ELFUTILS +KMOD +IDN2 -IDN +PCRE2 default-hierarchy=legacy)
[    3.668038] systemd[1]: Detected virtualization kvm.
[    3.668447] systemd[1]: Detected architecture x86-64.

Welcome to [0;31mCentOS Stream 8[0m!

[    3.729139] systemd[1]: Set hostname to <test>.
[    3.942974] systemd[1]: Set up automount Arbitrary Executable File Formats File System Automount Point.
[[0;32m  OK  [0m] Set up automount Arbitrary Executabâ€¦rmats File System Automount Point.
[    3.944794] systemd[1]: Listening on initctl Compatibility Named Pipe.
[[0;32m  OK  [0m] Listening on initctl Compatibility Named Pipe.
[    3.947803] systemd[1]: Created slice system-getty.slice.
[[0;32m  OK  [0m] Created slice system-getty.slice.
[    3.949017] systemd[1]: Listening on Journal Socket.
[[0;32m  OK  [0m] Listening on Journal Socket.
[    3.970012] systemd[1]: Mounting Huge Pages File System...
         Mounting Huge Pages File System...
[    3.972957] systemd[1]: Starting Setup Virtual Console...
         Starting Setup Virtual Console...
[[0;32m  OK  [0m] Started Forward Password Requests to Wall Directory Watch.
         Starting Remount Root and Kernel File Systems...
[[0;32m  OK  [0m] Created slice User and Session Slice.
[[0;32m  OK  [0m] Reached target Slices.
[[0;32m  OK  [0m] Created slice system-serial\x2dgetty.slice.
[[0;32m  OK  [0m] Listening on Journal Socket (/dev/log).
[[0;32m  OK  [0m] Listening on Process Core Dump Socket.
[    4.073321] EXT4-fs (sda): re-mounted 23a53bb9-f815-47a5-b74c-5e08f7731193. Quota mode: none.
         Starting Load Kernel Modules...
[[0;32m  OK  [0m] Listening on LVM2 poll daemon socket.
[[0;32m  OK  [0m] Created slice system-sshd\x2dkeygen.slice.
[[0;32m  OK  [0m] Listening on udev Kernel Socket.
[[0;32m  OK  [0m] Listening on RPCbind Server Activation Socket.
[[0;32m  OK  [0m] Reached target RPC Port Mapper.
         Mounting POSIX Message Queue File System...
[[0;32m  OK  [0m] Listening on multipathd control socket.
         Starting Journal Service...
[[0;32m  OK  [0m] Listening on udev Control Socket.
         Mounting Kernel Debug File System...
[[0;32m  OK  [0m] Reached target Swap.
         Starting udev Coldplug all Devices...
[[0;32m  OK  [0m] Listening on Device-mapper event daemon FIFOs.
         Starting Monitoring of LVM2 mirrorsâ€¦ng dmeventd or progress polling...
[[0;32m  OK  [0m] Started Journal Service.
[[0;32m  OK  [0m] Mounted Huge Pages File System.
[[0;32m  OK  [0m] Started Setup Virtual Console.
[[0;32m  OK  [0m] Started Remount Root and Kernel File Systems.
[[0;1;31mFAILED[0m] Failed to start Load Kernel Modules.
See 'systemctl status systemd-modules-load.service' for details.
[[0;32m  OK  [0m] Mounted POSIX Message Queue File System.
[[0;32m  OK  [0m] Mounted Kernel Debug File System.
         Starting Apply Kernel Variables...
         Mounting FUSE Control File System...
         Mounting Kernel Configuration File System...
         Starting Create Static Device Nodes in /dev...
         Starting Load/Save Random Seed...
         Starting Flush Journal to Persistent Storage...
[[0;32m  OK  [0m] Mounted Kernel Configuration File System.
[[0;32m  OK  [0m] Mounted FUSE Control File System.
[[0;32m  OK  [0m] Started Create Static Device Nodes in /dev.
         Starting udev Kernel Device Manager...
[[0;32m  OK  [0m] Started Apply Kernel Variables.
[[0;32m  OK  [0m] Started Load/Save Random Seed.
[[0;32m  OK  [0m] Started Flush Journal to Persistent Storage.
[[0;32m  OK  [0m] Started udev Kernel Device Manager.
[[0;32m  OK  [0m] Started udev Coldplug all Devices.
         Starting Show Plymouth Boot Screen...
         Starting udev Wait for Complete Device Initialization...
[[0;32m  OK  [0m] Started Show Plymouth Boot Screen.
[[0;32m  OK  [0m] Reached target Local Encrypted Volumes.
[[0;32m  OK  [0m] Reached target Paths.
[[0;32m  OK  [0m] Started Forward Password Requests to Plymouth Directory Watch.
[[0;32m  OK  [0m] Found device /dev/ttyS0.
[[0;32m  OK  [0m] Started Monitoring of LVM2 mirrors,â€¦sing dmeventd or progress polling.
[[0;32m  OK  [0m] Started udev Wait for Complete Device Initialization.
[[0;32m  OK  [0m] Listening on Load/Save RF Kill Switch Status /dev/rfkill Watch.
[[0;32m  OK  [0m] Reached target Local File Systems (Pre).
[[0;32m  OK  [0m] Reached target Local File Systems.
         Starting Restore /run/initramfs on shutdown...
         Starting Tell Plymouth To Write Out Runtime Data...
         Starting Create Volatile Files and Directories...
[[0;32m  OK  [0m] Started Restore /run/initramfs on shutdown.
[[0;32m  OK  [0m] Started Tell Plymouth To Write Out Runtime Data.
[[0;32m  OK  [0m] Started Create Volatile Files and Directories.
         Starting RPC Bind...
         Mounting RPC Pipe File System...
         Starting Security Auditing Service...
[[0;32m  OK  [0m] Mounted RPC Pipe File System.
[[0;32m  OK  [0m] Reached target rpc_pipefs.target.
[[0;32m  OK  [0m] Started RPC Bind.
[[0;32m  OK  [0m] Started Security Auditing Service.
         Starting Update UTMP about System Boot/Shutdown...
[[0;32m  OK  [0m] Started Update UTMP about System Boot/Shutdown.
[[0;32m  OK  [0m] Reached target System Initialization.
[[0;32m  OK  [0m] Listening on D-Bus System Message Bus Socket.
[[0;32m  OK  [0m] Started daily update of the root trust anchor for DNSSEC.
[[0;32m  OK  [0m] Started dnf makecache --timer.
[[0;32m  OK  [0m] Started Daily Cleanup of Temporary Directories.
[[0;32m  OK  [0m] Reached target Timers.
[[0;32m  OK  [0m] Listening on SSSD Kerberos Cache Manager responder socket.
[[0;32m  OK  [0m] Reached target Sockets.
[[0;32m  OK  [0m] Reached target Basic System.
         Starting Login Service...
[[0;32m  OK  [0m] Started irqbalance daemon.
         Starting Authorization Manager...
         Starting Auto-connect to subsystemsâ€¦-NVME devices found during boot...
         Starting Self Monitoring and Reporting Technology (SMART) Daemon...
         Starting NTP client/server...
[[0;32m  OK  [0m] Started Machine Check Exception Logging Daemon.
[[0;32m  OK  [0m] Reached target sshd-keygen.target.
[[0;32m  OK  [0m] Started D-Bus System Message Bus.
         Starting Network Manager...
[[0;32m  OK  [0m] Started Auto-connect to subsystems â€¦FC-NVME devices found during boot.
         Starting update of the root trust aâ€¦or DNSSEC validation in unbound...
[[0;32m  OK  [0m] Started Login Service.
[[0;32m  OK  [0m] Started Self Monitoring and Reporting Technology (SMART) Daemon.
[[0;32m  OK  [0m] Started update of the root trust anâ€¦ for DNSSEC validation in unbound.
[[0;32m  OK  [0m] Started Network Manager.
         Starting Network Manager Wait Online...
[[0;32m  OK  [0m] Reached target Network.
         Starting Dynamic System Tuning Daemon...
         Starting OpenSSH server daemon...
         Starting GSSAPI Proxy Daemon...
[[0;32m  OK  [0m] Started NTP client/server.
[[0;32m  OK  [0m] Started Authorization Manager.
         Starting Hostname Service...
[[0;32m  OK  [0m] Started OpenSSH server daemon.
[[0;32m  OK  [0m] Started GSSAPI Proxy Daemon.
[[0;32m  OK  [0m] Reached target NFS client services.
[[0;32m  OK  [0m] Reached target Remote File Systems (Pre).
[[0;32m  OK  [0m] Reached target Remote File Systems.
         Starting Permit User Sessions...
[[0;32m  OK  [0m] Started Permit User Sessions.
[[0;32m  OK  [0m] Started Hostname Service.
         Starting Hold until boot process finishes up...
         Starting Terminate Plymouth Boot Screen...
[[0;32m  OK  [0m] Started Command Scheduler.
[    5.762329] e1000: eth0 NIC Link is Up 1000 Mbps Full Duplex, Flow Control: RX
[    5.765358] IPv6: ADDRCONF(NETDEV_CHANGE): eth0: link becomes ready
         Starting Network Manager Script Dispatcher Service...
[    6.057568] Spectre V2 : WARNING: Unprivileged eBPF is enabled with eIBRS on, data leaks possible via Spectre v2 BHB attacks!
[    6.058611] Spectre V2 : WARNING: Unprivileged eBPF is enabled with eIBRS on, data leaks possible via Spectre v2 BHB attacks!

CentOS Stream 8
Kernel 6.3.0-rc6-793f5c2cca10+ on an x86_64

test login: [   24.594371] memfd_create() without MFD_EXEC nor MFD_NOEXEC_SEAL, pid=329 'systemd'
[   28.236766] loop0: detected capacity change from 0 to 65536
[   28.237476] XFS: attr2 mount option is deprecated.
[   28.237959] XFS: ikeep mount option is deprecated.
[   28.240158] XFS (loop0): Deprecated V4 format (crc=0) will not be supported after September 2030.
[   28.241235] XFS (loop0): Mounting V4 Filesystem d28317a9-9e04-4f2a-be27-e55b4c413ff6
[   28.246050] XFS (loop0): Ending clean mount
[   28.246976] XFS (loop0): Quotacheck needed: Please wait.
[   28.249944] BUG: kernel NULL pointer dereference, address: 0000000000000008
[   28.250499] #PF: supervisor read access in kernel mode
[   28.250904] #PF: error_code(0x0000) - not-present page
[   28.251307] PGD 0 P4D 0 
[   28.251520] Oops: 0000 [#1] PREEMPT SMP NOPTI
[   28.251871] CPU: 1 PID: 30 Comm: kworker/u4:1 Not tainted 6.3.0-rc6-793f5c2cca10+ #1
[   28.252473] Hardware name: QEMU Standard PC (i440FX + PIIX, 1996), BIOS rel-1.16.0-0-gd239552ce722-prebuilt.qemu.org 04/01/2014
[   28.253348] Workqueue: xfs_iwalk-536 xfs_pwork_work
[   28.253757] RIP: 0010:xfs_extent_free_diff_items+0x27/0x40
[   28.254208] Code: 90 90 90 f3 0f 1e fa 0f 1f 44 00 00 55 48 89 e5 41 54 49 89 f4 53 48 89 d3 e8 25 6a 7e ff 49 8b 44 24 28 48 8b 53 28 5b 41 5c <8b> 40 08 5d 2b 42 08 c3 cc cc cc cc 66 66 2e 0f 1f 84 00 00 00 00
[   28.255642] RSP: 0000:ffffc900001078d0 EFLAGS: 00010246
[   28.256060] RAX: 0000000000000000 RBX: ffff888015108380 RCX: ffffffff81d5e3c1
[   28.256622] RDX: 0000000000000000 RSI: ffff88800756c680 RDI: 0000000000000002
[   28.257184] RBP: ffffc900001078d0 R08: ffffc900001078f0 R09: ffff88800f9b7440
[   28.257746] R10: 0000000000000000 R11: 0000000000000001 R12: ffff8880151086c8
[   28.258311] R13: ffff8880151081c0 R14: ffffffff81aefaa0 R15: ffffc90000107918
[   28.258874] FS:  0000000000000000(0000) GS:ffff88807dd00000(0000) knlGS:0000000000000000
[   28.259506] CS:  0010 DS: 0000 ES: 0000 CR0: 0000000080050033
[   28.259965] CR2: 0000000000000008 CR3: 000000000f9b2005 CR4: 0000000000770ee0
[   28.260530] PKRU: 55555554
[   28.260755] Call Trace:
[   28.260962]  <TASK>
[   28.261143]  list_sort+0xb8/0x3a0
[   28.261434]  xfs_extent_free_create_intent+0xb6/0xc0
[   28.261841]  xfs_defer_create_intents+0xc3/0x220
[   28.262227]  ? write_comp_data+0x2f/0x90
[   28.262559]  xfs_defer_finish_noroll+0x9e/0xac0
[   28.262931]  __xfs_trans_commit+0x4be/0x630
[   28.263279]  xfs_trans_commit+0x20/0x30
[   28.263596]  xfs_dquot_disk_alloc+0x45d/0x4e0
[   28.263965]  xfs_qm_dqread+0x2f7/0x310
[   28.264278]  xfs_qm_dqget+0xd5/0x300
[   28.264579]  xfs_qm_quotacheck_dqadjust+0x5a/0x230
[   28.264968]  xfs_qm_dqusage_adjust+0x249/0x300
[   28.265333]  xfs_iwalk_ag_recs+0x1bd/0x2e0
[   28.265669]  xfs_iwalk_run_callbacks+0xc3/0x1c0
[   28.266048]  xfs_iwalk_ag+0x32e/0x3f0
[   28.266353]  xfs_iwalk_ag_work+0xbe/0xf0
[   28.266676]  xfs_pwork_work+0x2c/0xc0
[   28.266982]  process_one_work+0x3b1/0x860
[   28.267323]  worker_thread+0x52/0x660
[   28.267630]  ? __pfx_worker_thread+0x10/0x10
[   28.267988]  kthread+0x161/0x1a0
[   28.268263]  ? __pfx_kthread+0x10/0x10
[   28.268573]  ret_from_fork+0x29/0x50
[   28.268882]  </TASK>
[   28.269068] Modules linked in:
[   28.269323] CR2: 0000000000000008
[   28.269596] ---[ end trace 0000000000000000 ]---
[   28.269967] RIP: 0010:xfs_extent_free_diff_items+0x27/0x40
[   28.270413] Code: 90 90 90 f3 0f 1e fa 0f 1f 44 00 00 55 48 89 e5 41 54 49 89 f4 53 48 89 d3 e8 25 6a 7e ff 49 8b 44 24 28 48 8b 53 28 5b 41 5c <8b> 40 08 5d 2b 42 08 c3 cc cc cc cc 66 66 2e 0f 1f 84 00 00 00 00
[   28.271849] RSP: 0000:ffffc900001078d0 EFLAGS: 00010246
[   28.272266] RAX: 0000000000000000 RBX: ffff888015108380 RCX: ffffffff81d5e3c1
[   28.272829] RDX: 0000000000000000 RSI: ffff88800756c680 RDI: 0000000000000002
[   28.273390] RBP: ffffc900001078d0 R08: ffffc900001078f0 R09: ffff88800f9b7440
[   28.273954] R10: 0000000000000000 R11: 0000000000000001 R12: ffff8880151086c8
[   28.274518] R13: ffff8880151081c0 R14: ffffffff81aefaa0 R15: ffffc90000107918
[   28.275080] FS:  0000000000000000(0000) GS:ffff88807dd00000(0000) knlGS:0000000000000000
[   28.275713] CS:  0010 DS: 0000 ES: 0000 CR0: 0000000080050033
[   28.276171] CR2: 0000000000000008 CR3: 000000000f9b2005 CR4: 0000000000770ee0
[   28.276736] PKRU: 55555554
[   28.276960] note: kworker/u4:1[30] exited with irqs disabled
