c[?7l[2J[0mSeaBIOS (version rel-1.16.0-0-gd239552ce722-prebuilt.qemu.org)


iPXE (http://ipxe.org) 00:03.0 CA00 PCI2.10 PnP PMM+7FF91000+7FEF1000 CA00
Press Ctrl-B to configure iPXE (PCI 00:03.0)...                                                                               


Booting from ROM...
c[?7l[2J[    0.000000] Linux version 6.3.0-825a0714d2b3+ (root@p-rpls01) (gcc (GCC) 8.5.0 20210514 (Red Hat 8.5.0-19), GNU ld version 2.36.1-2.el8) #1 SMP PREEMPT_DYNAMIC Sun May 21 07:56:17 CST 2023
[    0.000000] Command line: console=ttyS0 root=/dev/sda earlyprintk=serial net.ifnames=0
[    0.000000] KERNEL supported cpus:
[    0.000000]   Intel GenuineIntel
[    0.000000]   AMD AuthenticAMD
[    0.000000]   Hygon HygonGenuine
[    0.000000]   Centaur CentaurHauls
[    0.000000]   zhaoxin   Shanghai  
[    0.000000] x86/fpu: Supporting XSAVE feature 0x001: 'x87 floating point registers'
[    0.000000] x86/fpu: Supporting XSAVE feature 0x002: 'SSE registers'
[    0.000000] x86/fpu: Supporting XSAVE feature 0x004: 'AVX registers'
[    0.000000] x86/fpu: Supporting XSAVE feature 0x200: 'Protection Keys User registers'
[    0.000000] x86/fpu: xstate_offset[2]:  576, xstate_sizes[2]:  256
[    0.000000] x86/fpu: xstate_offset[9]:  832, xstate_sizes[9]:    8
[    0.000000] x86/fpu: Enabled xstate features 0x207, context size is 840 bytes, using 'compacted' format.
[    0.000000] signal: max sigframe size: 3632
[    0.000000] BIOS-provided physical RAM map:
[    0.000000] BIOS-e820: [mem 0x0000000000000000-0x000000000009fbff] usable
[    0.000000] BIOS-e820: [mem 0x000000000009fc00-0x000000000009ffff] reserved
[    0.000000] BIOS-e820: [mem 0x00000000000f0000-0x00000000000fffff] reserved
[    0.000000] BIOS-e820: [mem 0x0000000000100000-0x000000007ffdffff] usable
[    0.000000] BIOS-e820: [mem 0x000000007ffe0000-0x000000007fffffff] reserved
[    0.000000] BIOS-e820: [mem 0x00000000feffc000-0x00000000feffffff] reserved
[    0.000000] BIOS-e820: [mem 0x00000000fffc0000-0x00000000ffffffff] reserved
[    0.000000] printk: bootconsole [earlyser0] enabled
[    0.000000] NX (Execute Disable) protection: active
[    0.000000] SMBIOS 2.8 present.
[    0.000000] DMI: QEMU Standard PC (i440FX + PIIX, 1996), BIOS rel-1.16.0-0-gd239552ce722-prebuilt.qemu.org 04/01/2014
[    0.000000] Hypervisor detected: KVM
[    0.000000] kvm-clock: Using msrs 4b564d01 and 4b564d00
[    0.000007] kvm-clock: using sched offset of 471068162 cycles
[    0.000646] clocksource: kvm-clock: mask: 0xffffffffffffffff max_cycles: 0x1cd42e4dffb, max_idle_ns: 881590591483 ns
[    0.002608] tsc: Detected 806.400 MHz processor
[    0.009294] last_pfn = 0x7ffe0 max_arch_pfn = 0x400000000
[    0.010069] x86/PAT: Configuration [0-7]: WB  WC  UC- UC  WB  WP  UC- WT  
[    0.018002] found SMP MP-table at [mem 0x000f5ba0-0x000f5baf]
[    0.018792] Using GB pages for direct mapping
[    0.020504] ACPI: Early table checksum verification disabled
[    0.021223] ACPI: RSDP 0x00000000000F59C0 000014 (v00 BOCHS )
[    0.021935] ACPI: RSDT 0x000000007FFE1951 000034 (v01 BOCHS  BXPC     00000001 BXPC 00000001)
[    0.022993] ACPI: FACP 0x000000007FFE17FD 000074 (v01 BOCHS  BXPC     00000001 BXPC 00000001)
[    0.024055] ACPI: DSDT 0x000000007FFE0040 0017BD (v01 BOCHS  BXPC     00000001 BXPC 00000001)
[    0.025098] ACPI: FACS 0x000000007FFE0000 000040
[    0.025668] ACPI: APIC 0x000000007FFE1871 000080 (v01 BOCHS  BXPC     00000001 BXPC 00000001)
[    0.026707] ACPI: HPET 0x000000007FFE18F1 000038 (v01 BOCHS  BXPC     00000001 BXPC 00000001)
[    0.027748] ACPI: WAET 0x000000007FFE1929 000028 (v01 BOCHS  BXPC     00000001 BXPC 00000001)
[    0.028790] ACPI: Reserving FACP table memory at [mem 0x7ffe17fd-0x7ffe1870]
[    0.029640] ACPI: Reserving DSDT table memory at [mem 0x7ffe0040-0x7ffe17fc]
[    0.030488] ACPI: Reserving FACS table memory at [mem 0x7ffe0000-0x7ffe003f]
[    0.031337] ACPI: Reserving APIC table memory at [mem 0x7ffe1871-0x7ffe18f0]
[    0.032193] ACPI: Reserving HPET table memory at [mem 0x7ffe18f1-0x7ffe1928]
[    0.033040] ACPI: Reserving WAET table memory at [mem 0x7ffe1929-0x7ffe1950]
[    0.034705] No NUMA configuration found
[    0.035172] Faking a node at [mem 0x0000000000000000-0x000000007ffdffff]
[    0.036031] NODE_DATA(0) allocated [mem 0x7ffb5000-0x7ffdffff]
[    0.039716] Zone ranges:
[    0.040051]   DMA      [mem 0x0000000000001000-0x0000000000ffffff]
[    0.040801]   DMA32    [mem 0x0000000001000000-0x000000007ffdffff]
[    0.041547]   Normal   empty
[    0.041901]   Device   empty
[    0.042251] Movable zone start for each node
[    0.042779] Early memory node ranges
[    0.043212]   node   0: [mem 0x0000000000001000-0x000000000009efff]
[    0.043977]   node   0: [mem 0x0000000000100000-0x000000007ffdffff]
[    0.044742] Initmem setup node 0 [mem 0x0000000000001000-0x000000007ffdffff]
[    0.047575] On node 0, zone DMA: 1 pages in unavailable ranges
[    0.047747] On node 0, zone DMA: 97 pages in unavailable ranges
[    0.097383] On node 0, zone DMA32: 32 pages in unavailable ranges
[    0.098548] ACPI: PM-Timer IO Port: 0x608
[    0.099803] ACPI: LAPIC_NMI (acpi_id[0xff] dfl dfl lint[0x1])
[    0.100600] IOAPIC[0]: apic_id 0, version 17, address 0xfec00000, GSI 0-23
[    0.101453] ACPI: INT_SRC_OVR (bus 0 bus_irq 0 global_irq 2 dfl dfl)
[    0.102223] ACPI: INT_SRC_OVR (bus 0 bus_irq 5 global_irq 5 high level)
[    0.103020] ACPI: INT_SRC_OVR (bus 0 bus_irq 9 global_irq 9 high level)
[    0.103823] ACPI: INT_SRC_OVR (bus 0 bus_irq 10 global_irq 10 high level)
[    0.104645] ACPI: INT_SRC_OVR (bus 0 bus_irq 11 global_irq 11 high level)
[    0.105475] ACPI: Using ACPI (MADT) for SMP configuration information
[    0.106248] ACPI: HPET id: 0x8086a201 base: 0xfed00000
[    0.106881] TSC deadline timer available
[    0.107359] smpboot: Allowing 2 CPUs, 0 hotplug CPUs
[    0.108072] kvm-guest: KVM setup pv remote TLB flush
[    0.108682] kvm-guest: setup PV sched yield
[    0.109249] PM: hibernation: Registered nosave memory: [mem 0x00000000-0x00000fff]
[    0.110161] PM: hibernation: Registered nosave memory: [mem 0x0009f000-0x0009ffff]
[    0.111068] PM: hibernation: Registered nosave memory: [mem 0x000a0000-0x000effff]
[    0.111975] PM: hibernation: Registered nosave memory: [mem 0x000f0000-0x000fffff]
[    0.112893] [mem 0x80000000-0xfeffbfff] available for PCI devices
[    0.113629] Booting paravirtualized kernel on KVM
[    0.114229] clocksource: refined-jiffies: mask: 0xffffffff max_cycles: 0xffffffff, max_idle_ns: 7645519600211568 ns
[    0.115504] setup_percpu: NR_CPUS:8192 nr_cpumask_bits:2 nr_cpu_ids:2 nr_node_ids:1
[    0.118561] percpu: Embedded 66 pages/cpu s233472 r8192 d28672 u1048576
[    0.119555] kvm-guest: PV spinlocks enabled
[    0.120081] PV qspinlock hash table entries: 256 (order: 0, 4096 bytes, linear)
[    0.120983] Kernel command line: net.ifnames=0 console=ttyS0 root=/dev/sda earlyprintk=serial net.ifnames=0
[    0.122510] random: crng init done
[    0.124898] Dentry cache hash table entries: 262144 (order: 9, 2097152 bytes, linear)
[    0.126823] Inode-cache hash table entries: 131072 (order: 8, 1048576 bytes, linear)
[    0.127935] Fallback order for Node 0: 0 
[    0.127955] Built 1 zonelists, mobility grouping on.  Total pages: 515808
[    0.129239] Policy zone: DMA32
[    0.129603] mem auto-init: stack:off, heap alloc:off, heap free:off
[    0.134587] Memory: 1966936K/2096632K available (34816K kernel code, 4577K rwdata, 9856K rodata, 10452K init, 31800K bss, 129440K reserved, 0K cma-reserved)
[    0.136806] SLUB: HWalign=64, Order=0-3, MinObjects=0, CPUs=2, Nodes=1
[    0.137589] kmemleak: Kernel memory leak detector disabled
[    0.138402] ftrace: allocating 69042 entries in 270 pages
[    0.174914] ftrace: allocated 270 pages with 4 groups
[    0.177663] Dynamic Preempt: voluntary
[    0.178250] Running RCU self tests
[    0.178658] Running RCU synchronous self tests
[    0.179186] rcu: Preemptible hierarchical RCU implementation.
[    0.179867] rcu: 	RCU lockdep checking is enabled.
[    0.180441] rcu: 	RCU restricting CPUs from NR_CPUS=8192 to nr_cpu_ids=2.
[    0.181244] 	Trampoline variant of Tasks RCU enabled.
[    0.181840] 	Rude variant of Tasks RCU enabled.
[    0.182374] 	Tracing variant of Tasks RCU enabled.
[    0.182941] rcu: RCU calculated value of scheduler-enlistment delay is 25 jiffies.
[    0.183834] rcu: Adjusting geometry for rcu_fanout_leaf=16, nr_cpu_ids=2
[    0.184666] Running RCU synchronous self tests
[    0.207323] NR_IRQS: 524544, nr_irqs: 440, preallocated irqs: 16
[    0.208397] rcu: srcu_init: Setting srcu_struct sizes based on contention.
[    0.220393] Console: colour VGA+ 80x25
[    0.220929] printk: console [ttyS0] enabled
[    0.220929] printk: console [ttyS0] enabled
[    0.221950] printk: bootconsole [earlyser0] disabled
[    0.221950] printk: bootconsole [earlyser0] disabled
[    0.223157] Lock dependency validator: Copyright (c) 2006 Red Hat, Inc., Ingo Molnar
[    0.224100] ... MAX_LOCKDEP_SUBCLASSES:  8
[    0.224608] ... MAX_LOCK_DEPTH:          48
[    0.225123] ... MAX_LOCKDEP_KEYS:        8192
[    0.225659] ... CLASSHASH_SIZE:          4096
[    0.226195] ... MAX_LOCKDEP_ENTRIES:     32768
[    0.226742] ... MAX_LOCKDEP_CHAINS:      65536
[    0.227290] ... CHAINHASH_SIZE:          32768
[    0.227837]  memory used by lock dependency info: 6365 kB
[    0.228501]  memory used for stack traces: 4224 kB
[    0.229095]  per task-struct memory footprint: 1920 bytes
[    0.229805] ACPI: Core revision 20230331
[    0.230487] clocksource: hpet: mask: 0xffffffff max_cycles: 0xffffffff, max_idle_ns: 19112604467 ns
[    0.231755] APIC: Switch to symmetric I/O mode setup
[    0.232709] x2apic enabled
[    0.233386] Switched APIC routing to physical x2apic.
[    0.234011] kvm-guest: setup PV IPIs
[    0.236013] ..TIMER: vector=0x30 apic1=0 pin1=2 apic2=-1 pin2=-1
[    0.236787] clocksource: tsc-early: mask: 0xffffffffffffffff max_cycles: 0xb9fb05486c, max_idle_ns: 440795231721 ns
[    0.238061] Calibrating delay loop (skipped) preset value.. 1612.80 BogoMIPS (lpj=3225600)
[    0.239061] pid_max: default: 32768 minimum: 301
[    0.242084] LSM: initializing lsm=capability,yama,integrity
[    0.242784] Yama: becoming mindful.
[    0.243375] Mount-cache hash table entries: 4096 (order: 3, 32768 bytes, linear)
[    0.244303] Mountpoint-cache hash table entries: 4096 (order: 3, 32768 bytes, linear)
[    0.246542] CPU0: Thermal monitoring enabled (TM1)
[    0.247293] x86/cpu: User Mode Instruction Prevention (UMIP) activated
[    0.248786] Last level iTLB entries: 4KB 0, 2MB 0, 4MB 0
[    0.249512] Last level dTLB entries: 4KB 0, 2MB 0, 4MB 0, 1GB 0
[    0.250157] Spectre V1 : Mitigation: usercopy/swapgs barriers and __user pointer sanitization
[    0.251186] Spectre V2 : WARNING: Unprivileged eBPF is enabled with eIBRS on, data leaks possible via Spectre v2 BHB attacks!
[    0.252545] Spectre V2 : Mitigation: Enhanced / Automatic IBRS
[    0.253241] Spectre V2 : Spectre v2 / SpectreRSB mitigation: Filling RSB on context switch
[    0.254051] Spectre V2 : Spectre v2 / PBRSB-eIBRS: Retire a single CALL on VMEXIT
[    0.254942] Spectre V2 : mitigation: Enabling conditional Indirect Branch Prediction Barrier
[    0.255945] Speculative Store Bypass: Mitigation: Speculative Store Bypass disabled via prctl
[    0.256955] MMIO Stale Data: Unknown: No mitigations
[    0.361555] Freeing SMP alternatives memory: 56K
[    0.362083] Running RCU synchronous self tests
[    0.362623] Running RCU synchronous self tests
[    0.363589] smpboot: CPU0: Genuine Intel(R) 0000 (family: 0x6, model: 0xb7, stepping: 0x0)
[    0.365114] cblist_init_generic: Setting adjustable number of callback queues.
[    0.365986] cblist_init_generic: Setting shift to 1 and lim to 1.
[    0.366105] cblist_init_generic: Setting shift to 1 and lim to 1.
[    0.366894] cblist_init_generic: Setting shift to 1 and lim to 1.
[    0.367702] Running RCU-tasks wait API self tests
[    0.470182] Performance Events: Alderlake Hybrid events, full-width counters, Intel PMU driver.
[    0.471707] core: cpu_core PMU driver: 
[    0.472181] ... version:                2
[    0.472662] ... bit width:              48
[    0.474055] ... generic registers:      6
[    0.474538] ... value mask:             0000ffffffffffff
[    0.475170] ... max period:             00007fffffffffff
[    0.475802] ... fixed-purpose events:   3
[    0.476291] ... event mask:             0001000f0000003f
[    0.478257] rcu: Hierarchical SRCU implementation.
[    0.478834] rcu: 	Max phase no-delay instances is 1000.
[    0.480512] unchecked MSR access error: WRMSR to 0x38f (tried to write 0x0001000f0000003f) at rIP: 0xffffffff810dcc2c (native_write_msr+0xc/0x30)
[    0.482048] Call Trace:
[    0.482048]  <TASK>
[    0.482048]  __intel_pmu_enable_all.constprop.51+0xb5/0x140
[    0.482048]  intel_pmu_enable_all+0x1e/0x30
[    0.482048]  x86_pmu_enable+0x46d/0x5a0
[    0.482048]  ? write_comp_data+0x2f/0x90
[    0.482048]  perf_pmu_enable+0x53/0x70
[    0.482048]  ctx_resched+0x14d/0x1e0
[    0.482048]  __perf_install_in_context+0x2f7/0x470
[    0.482048]  ? __pfx_remote_function+0x10/0x10
[    0.482048]  ? __pfx_remote_function+0x10/0x10
[    0.482048]  remote_function+0x80/0xa0
[    0.482048]  ? __pfx_remote_function+0x10/0x10
[    0.482048]  generic_exec_single+0x124/0x190
[    0.482048]  smp_call_function_single+0x11c/0x240
[    0.482048]  ? __pfx_remote_function+0x10/0x10
[    0.482048]  ? __sanitizer_cov_trace_pc+0x25/0x60
[    0.482048]  ? write_comp_data+0x2f/0x90
[    0.482048]  perf_install_in_context+0x2d8/0x300
[    0.482048]  ? __pfx___perf_install_in_context+0x10/0x10
[    0.482048]  perf_event_create_kernel_counter+0x284/0x2b0
[    0.482048]  ? __pfx_watchdog_overflow_callback+0x10/0x10
[    0.482048]  hardlockup_detector_event_create+0x46/0xd0
[    0.482048]  hardlockup_detector_perf_init+0x18/0x80
[    0.482048]  watchdog_nmi_probe+0x17/0x20
[    0.482048]  lockup_detector_init+0x40/0xb0
[    0.482048]  kernel_init_freeable+0x37e/0x730
[    0.482048]  ? __pfx_kernel_init+0x10/0x10
[    0.482048]  kernel_init+0x24/0x1e0
[    0.482048]  ? __pfx_kernel_init+0x10/0x10
[    0.482048]  ret_from_fork+0x29/0x50
[    0.482048]  </TASK>
[    0.482248] smp: Bringing up secondary CPUs ...
[    0.483264] x86: Booting SMP configuration:
[    0.483786] .... node  #0, CPUs:      #1
[    0.486077] smp: Brought up 1 node, 2 CPUs
[    0.487062] smpboot: Max logical packages: 1
[    0.487582] smpboot: Total of 2 processors activated (3225.60 BogoMIPS)
[    0.490488] devtmpfs: initialized
[    0.490702] x86/mm: Memory block size: 128MB
[    0.494067] Callback from call_rcu_tasks_trace() invoked.
[    0.495294] Running RCU synchronous self tests
[    0.495294] Running RCU synchronous self tests
[    0.498074] clocksource: jiffies: mask: 0xffffffff max_cycles: 0xffffffff, max_idle_ns: 7645041785100000 ns
[    0.499232] futex hash table entries: 512 (order: 4, 65536 bytes, linear)
[    0.500252] pinctrl core: initialized pinctrl subsystem
[    0.502388] 
[    0.502588] *************************************************************
[    0.503405] **     NOTICE NOTICE NOTICE NOTICE NOTICE NOTICE NOTICE    **
[    0.504210] **                                                         **
[    0.506053] **  IOMMU DebugFS SUPPORT HAS BEEN ENABLED IN THIS KERNEL  **
[    0.506860] **                                                         **
[    0.507664] ** This means that this kernel is built to expose internal **
[    0.508483] ** IOMMU data structures, which may compromise security on **
[    0.510053] ** your system.                                            **
[    0.510857] **                                                         **
[    0.511660] ** If you see this message and you are not debugging the   **
[    0.512464] ** kernel, report this immediately to your vendor!         **
[    0.514066] **                                                         **
[    0.514878] **     NOTICE NOTICE NOTICE NOTICE NOTICE NOTICE NOTICE    **
[    0.515682] *************************************************************
[    0.516568] PM: RTC time: 23:56:49, date: 2023-05-20
[    0.523456] NET: Registered PF_NETLINK/PF_ROUTE protocol family
[    0.524617] DMA: preallocated 256 KiB GFP_KERNEL pool for atomic allocations
[    0.526059] DMA: preallocated 256 KiB GFP_KERNEL|GFP_DMA pool for atomic allocations
[    0.526980] DMA: preallocated 256 KiB GFP_KERNEL|GFP_DMA32 pool for atomic allocations
[    0.527956] audit: initializing netlink subsys (disabled)
[    0.528651] audit: type=2000 audit(1684627010.697:1): state=initialized audit_enabled=0 res=1
[    0.530486] thermal_sys: Registered thermal governor 'fair_share'
[    0.531050] thermal_sys: Registered thermal governor 'bang_bang'
[    0.531779] thermal_sys: Registered thermal governor 'step_wise'
[    0.532493] thermal_sys: Registered thermal governor 'user_space'
[    0.534082] cpuidle: using governor ladder
[    0.535311] cpuidle: using governor menu
[    0.536122] acpiphp: ACPI Hot Plug PCI Controller Driver version: 0.5
[    0.538315] PCI: Using configuration type 1 for base access
[    0.539705] kprobes: kprobe jump-optimization is enabled. All kprobes are optimized if possible.
[    0.810270] HugeTLB: registered 1.00 GiB page size, pre-allocated 0 pages
[    0.811074] HugeTLB: 16380 KiB vmemmap can be freed for a 1.00 GiB page
[    0.811856] HugeTLB: registered 2.00 MiB page size, pre-allocated 0 pages
[    0.812652] HugeTLB: 28 KiB vmemmap can be freed for a 2.00 MiB page
[    0.822391] ACPI: Added _OSI(Module Device)
[    0.822905] ACPI: Added _OSI(Processor Device)
[    0.823434] ACPI: Added _OSI(3.0 _SCP Extensions)
[    0.823992] ACPI: Added _OSI(Processor Aggregator Device)
[    0.831043] ACPI: 1 ACPI AML tables successfully acquired and loaded
[    3.910779] Callback from call_rcu_tasks_rude() invoked.
[    3.974830] ACPI: Interpreter enabled
[    3.975466] ACPI: PM: (supports S0 S3 S4 S5)
[    3.976092] ACPI: Using IOAPIC for interrupt routing
[    3.978084] PCI: Using host bridge windows from ACPI; if necessary, use "pci=nocrs" and report a bug
[    3.979378] PCI: Using E820 reservations for host bridge windows
[    3.980813] ACPI: Enabled 2 GPEs in block 00 to 0F
[    4.000176] ACPI: PCI Root Bridge [PCI0] (domain 0000 [bus 00-ff])
[    4.002066] acpi PNP0A03:00: _OSC: OS supports [ASPM ClockPM Segments MSI EDR HPX-Type3]
[    4.003228] acpi PNP0A03:00: _OSC: not requesting OS control; OS requires [ExtendedConfig ASPM ClockPM MSI]
[    4.004676] acpi PNP0A03:00: fail to add MMCONFIG information, can't access extended configuration space under this bridge
[    4.007935] acpiphp: Slot [3] registered
[    4.008572] acpiphp: Slot [4] registered
[    4.010110] acpiphp: Slot [5] registered
[    4.014120] acpiphp: Slot [6] registered
[    4.014120] Callback from call_rcu_tasks() invoked.
[    4.014120] acpiphp: Slot [7] registered
[    4.014120] acpiphp: Slot [8] registered
[    4.018110] acpiphp: Slot [9] registered
[    4.018736] acpiphp: Slot [10] registered
[    4.019374] acpiphp: Slot [11] registered
[    4.020014] acpiphp: Slot [12] registered
[    4.020654] acpiphp: Slot [13] registered
[    4.022112] acpiphp: Slot [14] registered
[    4.022752] acpiphp: Slot [15] registered
[    4.023394] acpiphp: Slot [16] registered
[    4.024029] acpiphp: Slot [17] registered
[    4.024669] acpiphp: Slot [18] registered
[    4.026109] acpiphp: Slot [19] registered
[    4.026753] acpiphp: Slot [20] registered
[    4.027399] acpiphp: Slot [21] registered
[    4.028038] acpiphp: Slot [22] registered
[    4.028677] acpiphp: Slot [23] registered
[    4.030110] acpiphp: Slot [24] registered
[    4.030748] acpiphp: Slot [25] registered
[    4.031394] acpiphp: Slot [26] registered
[    4.032033] acpiphp: Slot [27] registered
[    4.032670] acpiphp: Slot [28] registered
[    4.034110] acpiphp: Slot [29] registered
[    4.034750] acpiphp: Slot [30] registered
[    4.035391] acpiphp: Slot [31] registered
[    4.035997] PCI host bridge to bus 0000:00
[    4.036593] pci_bus 0000:00: root bus resource [io  0x0000-0x0cf7 window]
[    4.038055] pci_bus 0000:00: root bus resource [io  0x0d00-0xffff window]
[    4.039033] pci_bus 0000:00: root bus resource [mem 0x000a0000-0x000bffff window]
[    4.040108] pci_bus 0000:00: root bus resource [mem 0x80000000-0xfebfffff window]
[    4.042056] pci_bus 0000:00: root bus resource [mem 0x100000000-0x17fffffff window]
[    4.043157] pci_bus 0000:00: root bus resource [bus 00-ff]
[    4.044053] pci 0000:00:00.0: [8086:1237] type 00 class 0x060000
[    4.048777] pci 0000:00:01.0: [8086:7000] type 00 class 0x060100
[    4.055030] pci 0000:00:01.1: [8086:7010] type 00 class 0x010180
[    4.058843] pci 0000:00:01.1: reg 0x20: [io  0xc040-0xc04f]
[    4.060341] pci 0000:00:01.1: legacy IDE quirk: reg 0x10: [io  0x01f0-0x01f7]
[    4.062057] pci 0000:00:01.1: legacy IDE quirk: reg 0x14: [io  0x03f6]
[    4.063028] pci 0000:00:01.1: legacy IDE quirk: reg 0x18: [io  0x0170-0x0177]
[    4.064087] pci 0000:00:01.1: legacy IDE quirk: reg 0x1c: [io  0x0376]
[    4.066384] pci 0000:00:01.3: [8086:7113] type 00 class 0x068000
[    4.067879] pci 0000:00:01.3: quirk: [io  0x0600-0x063f] claimed by PIIX4 ACPI
[    4.070066] pci 0000:00:01.3: quirk: [io  0x0700-0x070f] claimed by PIIX4 SMB
[    4.071745] pci 0000:00:02.0: [1234:1111] type 00 class 0x030000
[    4.074726] pci 0000:00:02.0: reg 0x10: [mem 0xfd000000-0xfdffffff pref]
[    4.082430] pci 0000:00:02.0: reg 0x18: [mem 0xfebf0000-0xfebf0fff]
[    4.087622] pci 0000:00:02.0: reg 0x30: [mem 0xfebe0000-0xfebeffff pref]
[    4.087622] pci 0000:00:02.0: Video device with shadowed ROM at [mem 0x000c0000-0x000dffff]
[    4.091860] pci 0000:00:03.0: [8086:100e] type 00 class 0x020000
[    4.093227] pci 0000:00:03.0: reg 0x10: [mem 0xfebc0000-0xfebdffff]
[    4.094048] pci 0000:00:03.0: reg 0x14: [io  0xc000-0xc03f]
[    4.102635] pci 0000:00:03.0: reg 0x30: [mem 0xfeb80000-0xfebbffff pref]
[    4.143631] ACPI: PCI: Interrupt link LNKA configured for IRQ 10
[    4.146094] ACPI: PCI: Interrupt link LNKB configured for IRQ 10
[    4.147276] ACPI: PCI: Interrupt link LNKC configured for IRQ 11
[    4.148467] ACPI: PCI: Interrupt link LNKD configured for IRQ 11
[    4.150214] ACPI: PCI: Interrupt link LNKS configured for IRQ 9
[    4.154471] iommu: Default domain type: Translated 
[    4.154818] iommu: DMA domain TLB invalidation policy: lazy mode 
[    4.159205] SCSI subsystem initialized
[    4.159786] ACPI: bus type USB registered
[    4.159786] usbcore: registered new interface driver usbfs
[    4.159786] usbcore: registered new interface driver hub
[    4.162085] usbcore: registered new device driver usb
[    4.162890] pps_core: LinuxPPS API ver. 1 registered
[    4.163601] pps_core: Software ver. 5.3.6 - Copyright 2005-2007 Rodolfo Giometti <giometti@linux.it>
[    4.166062] PTP clock support registered
[    4.166687] EDAC MC: Ver: 3.0.0
[    4.171447] NetLabel: Initializing
[    4.174059] NetLabel:  domain hash size = 128
[    4.174696] NetLabel:  protocols = UNLABELED CIPSOv4 CALIPSO
[    4.175565] NetLabel:  unlabeled traffic allowed by default
[    4.178146] PCI: Using ACPI for IRQ routing
[    4.178968] pci 0000:00:02.0: vgaarb: setting as boot VGA device
[    4.179014] pci 0000:00:02.0: vgaarb: bridge control possible
[    4.179850] pci 0000:00:02.0: vgaarb: VGA device added: decodes=io+mem,owns=io+mem,locks=none
[    4.182059] vgaarb: loaded
[    4.182479] hpet0: at MMIO 0xfed00000, IRQs 2, 8, 0
[    4.183104] hpet0: 3 comparators, 64-bit 100.000000 MHz counter
[    4.190374] clocksource: Switched to clocksource kvm-clock
[    4.192174] VFS: Disk quotas dquot_6.6.0
[    4.192769] VFS: Dquot-cache hash table entries: 512 (order 0, 4096 bytes)
[    4.193717] pnp: PnP ACPI init
[    4.195920] pnp: PnP ACPI: found 6 devices
[    4.205745] clocksource: acpi_pm: mask: 0xffffff max_cycles: 0xffffff, max_idle_ns: 2085701024 ns
[    4.207283] NET: Registered PF_INET protocol family
[    4.208101] IP idents hash table entries: 32768 (order: 6, 262144 bytes, linear)
[    4.218128] tcp_listen_portaddr_hash hash table entries: 1024 (order: 4, 73728 bytes, linear)
[    4.219376] Table-perturb hash table entries: 65536 (order: 6, 262144 bytes, linear)
[    4.220482] TCP established hash table entries: 16384 (order: 5, 131072 bytes, linear)
[    4.221754] TCP bind hash table entries: 16384 (order: 9, 2359296 bytes, linear)
[    4.227387] TCP: Hash tables configured (established 16384 bind 16384)
[    4.228468] UDP hash table entries: 1024 (order: 5, 163840 bytes, linear)
[    4.229480] UDP-Lite hash table entries: 1024 (order: 5, 163840 bytes, linear)
[    4.230671] NET: Registered PF_UNIX/PF_LOCAL protocol family
[    4.231767] RPC: Registered named UNIX socket transport module.
[    4.232621] RPC: Registered udp transport module.
[    4.233312] RPC: Registered tcp transport module.
[    4.233988] RPC: Registered tcp NFSv4.1 backchannel transport module.
[    4.234948] pci_bus 0000:00: resource 4 [io  0x0000-0x0cf7 window]
[    4.235826] pci_bus 0000:00: resource 5 [io  0x0d00-0xffff window]
[    4.236701] pci_bus 0000:00: resource 6 [mem 0x000a0000-0x000bffff window]
[    4.237682] pci_bus 0000:00: resource 7 [mem 0x80000000-0xfebfffff window]
[    4.238654] pci_bus 0000:00: resource 8 [mem 0x100000000-0x17fffffff window]
[    4.239887] pci 0000:00:01.0: PIIX3: Enabling Passive Release
[    4.240705] pci 0000:00:00.0: Limiting direct PCI/PCI transfers
[    4.241690] PCI: CLS 0 bytes, default 64
[    4.242599] ACPI: bus type thunderbolt registered
[    4.243582] clocksource: tsc: mask: 0xffffffffffffffff max_cycles: 0xb9fb05486c, max_idle_ns: 440795231721 ns
[    4.315499] Initialise system trusted keyrings
[    4.316264] Key type blacklist registered
[    4.317066] workingset: timestamp_bits=36 max_order=19 bucket_order=0
[    4.318052] zbud: loaded
[    4.319028] squashfs: version 4.0 (2009/01/31) Phillip Lougher
[    4.320558] NFS: Registering the id_resolver key type
[    4.321336] Key type id_resolver registered
[    4.321951] Key type id_legacy registered
[    4.322568] nfs4filelayout_init: NFSv4 File Layout Driver Registering...
[    4.323570] nfs4flexfilelayout_init: NFSv4 Flexfile Layout Driver Registering...
[    4.324733] fuse: init (API version 7.38)
[    4.325753] SGI XFS with ACLs, security attributes, realtime, quota, no debug enabled
[    4.327552] 9p: Installing v9fs 9p2000 file system support
[    4.334778] Key type asymmetric registered
[    4.335432] Asymmetric key parser 'x509' registered
[    4.336221] Block layer SCSI generic (bsg) driver version 0.4 loaded (major 243)
[    4.337498] io scheduler mq-deadline registered
[    4.338225] io scheduler bfq registered
[    4.339216] shpchp: Standard Hot Plug PCI Controller Driver version: 0.4
[    4.340593] IPMI message handler: version 39.2
[    4.341342] ipmi device interface
[    4.343269] input: Power Button as /devices/LNXSYSTM:00/LNXPWRBN:00/input/input0
[    4.344619] ACPI: button: Power Button [PWRF]
[    4.346194] ERST DBG: ERST support is disabled.
[    4.347387] Serial: 8250/16550 driver, 32 ports, IRQ sharing enabled
[    4.349071] 00:04: ttyS0 at I/O 0x3f8 (irq = 4, base_baud = 115200) is a 16550A
[    4.356943] Linux agpgart interface v0.103
[    4.358227] ACPI: bus type drm_connector registered
[    4.374047] brd: module loaded
[    4.381088] loop: module loaded
[    4.385135] scsi host0: ata_piix
[    4.386074] scsi host1: ata_piix
[    4.386703] ata1: PATA max MWDMA2 cmd 0x1f0 ctl 0x3f6 bmdma 0xc040 irq 14
[    4.387722] ata2: PATA max MWDMA2 cmd 0x170 ctl 0x376 bmdma 0xc048 irq 15
[    4.390295] tun: Universal TUN/TAP device driver, 1.6
[    4.391199] e100: Intel(R) PRO/100 Network Driver
[    4.391907] e100: Copyright(c) 1999-2006 Intel Corporation
[    4.392755] e1000: Intel(R) PRO/1000 Network Driver
[    4.393509] e1000: Copyright (c) 1999-2006 Intel Corporation.
[    4.539183] ACPI: \_SB_.LNKC: Enabled at IRQ 11
[    4.549155] ata1: found unknown device (class 0)
[    4.550235] ata2: found unknown device (class 0)
[    4.551885] ata1.00: ATA-7: QEMU HARDDISK, 2.5+, max UDMA/100
[    4.552764] ata1.00: 16777216 sectors, multi 16: LBA48 
[    4.553763] ata2.00: ATAPI: QEMU DVD-ROM, 2.5+, max UDMA/100
[    4.556088] scsi 0:0:0:0: Direct-Access     ATA      QEMU HARDDISK    2.5+ PQ: 0 ANSI: 5
[    4.558897] sd 0:0:0:0: [sda] 16777216 512-byte logical blocks: (8.59 GB/8.00 GiB)
[    4.560061] sd 0:0:0:0: [sda] Write Protect is off
[    4.560807] sd 0:0:0:0: [sda] Write cache: enabled, read cache: enabled, doesn't support DPO or FUA
[    4.562299] sd 0:0:0:0: Attached scsi generic sg0 type 0
[    4.563592] scsi 1:0:0:0: CD-ROM            QEMU     QEMU DVD-ROM     2.5+ PQ: 0 ANSI: 5
[    4.565195] sd 0:0:0:0: [sda] Preferred minimum I/O size 512 bytes
[    4.590191] scsi 1:0:0:0: Attached scsi generic sg1 type 5
[    4.592104] sd 0:0:0:0: [sda] Attached SCSI disk
[    4.890530] e1000 0000:00:03.0 eth0: (PCI:33MHz:32-bit) 52:54:00:12:34:56
[    4.891537] e1000 0000:00:03.0 eth0: Intel(R) PRO/1000 Network Connection
[    4.892573] e1000e: Intel(R) PRO/1000 Network Driver
[    4.893293] e1000e: Copyright(c) 1999 - 2015 Intel Corporation.
[    4.894179] igb: Intel(R) Gigabit Ethernet Network Driver
[    4.894949] igb: Copyright (c) 2007-2014 Intel Corporation.
[    4.895802] PPP generic driver version 2.4.2
[    4.897134] VFIO - User Level meta-driver version: 0.3
[    4.898363] usbcore: registered new interface driver uas
[    4.899294] usbcore: registered new interface driver usb-storage
[    4.900504] i8042: PNP: PS/2 Controller [PNP0303:KBD,PNP0f13:MOU] at 0x60,0x64 irq 1,12
[    4.903178] serio: i8042 KBD port at 0x60,0x64 irq 1
[    4.904082] serio: i8042 AUX port at 0x60,0x64 irq 12
[    4.905907] mousedev: PS/2 mouse device common for all mice
[    4.907996] input: AT Translated Set 2 keyboard as /devices/platform/i8042/serio0/input/input1
[    4.909092] rtc_cmos 00:05: RTC can wake from S4
[    4.911610] input: VirtualPS/2 VMware VMMouse as /devices/platform/i8042/serio1/input/input4
[    4.911834] rtc_cmos 00:05: registered as rtc0
[    4.913692] rtc_cmos 00:05: setting system clock to 2023-05-20T23:56:53 UTC (1684627013)
[    4.915147] rtc_cmos 00:05: alarms up to one day, y3k, 242 bytes nvram, hpet irqs
[    4.916297] i2c_dev: i2c /dev entries driver
[    4.916527] input: VirtualPS/2 VMware VMMouse as /devices/platform/i8042/serio1/input/input3
[    4.918289] device-mapper: core: CONFIG_IMA_DISABLE_HTABLE is disabled. Duplicate IMA measurements will not be recorded in the IMA log.
[    4.920106] device-mapper: uevent: version 1.0.3
[    4.921036] device-mapper: ioctl: 4.48.0-ioctl (2023-03-01) initialised: dm-devel@redhat.com
[    4.922281] intel_pstate: CPU model not supported
[    4.923053] sdhci: Secure Digital Host Controller Interface driver
[    4.923956] sdhci: Copyright(c) Pierre Ossman
[    4.924665] sdhci-pltfm: SDHCI platform and OF driver helper
[    4.925632] ledtrig-cpu: registered to indicate activity on CPUs
[    4.926876] drop_monitor: Initializing network drop monitor service
[    4.928014] NET: Registered PF_INET6 protocol family
[    4.931565] Segment Routing with IPv6
[    4.932164] In-situ OAM (IOAM) with IPv6
[    4.932798] NET: Registered PF_PACKET protocol family
[    4.933704] 9pnet: Installing 9P2000 support
[    4.934430] Key type dns_resolver registered
[    4.935868] IPI shorthand broadcast: enabled
[    4.949639] sched_clock: Marking stable (4924002547, 24822017)->(3809971649, 1138852915)
[    4.951195] registered taskstats version 1
[    4.952091] Loading compiled-in X.509 certificates
[    4.967160] Key type .fscrypt registered
[    4.967822] Key type fscrypt-provisioning registered
[    4.969708] Key type encrypted registered
[    4.970392] ima: No TPM chip found, activating TPM-bypass!
[    4.971271] ima: Allocated hash algorithm: sha1
[    4.972059] ima: No architecture policies found
[    4.972847] evm: Initialising EVM extended attributes:
[    4.973662] evm: security.selinux
[    4.974196] evm: security.SMACK64
[    4.974725] evm: security.SMACK64EXEC
[    4.975323] evm: security.SMACK64TRANSMUTE
[    4.975986] evm: security.SMACK64MMAP
[    4.976572] evm: security.apparmor
[    4.977136] evm: security.ima
[    4.977616] evm: security.capability
[    4.978189] evm: HMAC attrs: 0x1
[    4.979725] PM:   Magic number: 7:828:959
[    4.980473] memory memory10: hash matches
[    4.981468] RAS: Correctable Errors collector initialized.
[    4.982750] clk: Disabling unused clocks
[    4.984363] md: Waiting for all devices to be available before autodetect
[    4.985090] md: If you don't use raid, use raid=noautodetect
[    4.985687] md: Autodetecting RAID arrays.
[    4.986125] md: autorun ...
[    4.986481] md: ... autorun DONE.
[    4.990990] EXT4-fs (sda): INFO: recovery required on readonly filesystem
[    4.991678] EXT4-fs (sda): write access will be enabled during recovery
[    5.176037] EXT4-fs (sda): recovery complete
[    5.178371] EXT4-fs (sda): mounted filesystem 23a53bb9-f815-47a5-b74c-5e08f7731193 with ordered data mode. Quota mode: none.
[    5.179568] VFS: Mounted root (ext4 filesystem) readonly on device 8:0.
[    5.182792] devtmpfs: mounted
[    5.189258] Freeing unused decrypted memory: 2036K
[    5.192705] Freeing unused kernel image (initmem) memory: 10452K
[    5.193388] Write protecting the kernel read-only data: 45056k
[    5.195450] Freeing unused kernel image (rodata/data gap) memory: 384K
[    5.283966] x86/mm: Checked W+X mappings: passed, no W+X pages found.
[    5.284612] Run /sbin/init as init process
[    5.385058] systemd[1]: RTC configured in localtime, applying delta of 0 minutes to system time.
[    5.409874] systemd[1]: systemd 239 (239-49.el8) running in system mode. (+PAM +AUDIT +SELINUX +IMA -APPARMOR +SMACK +SYSVINIT +UTMP +LIBCRYPTSETUP +GCRYPT +GNUTLS +ACL +XZ +LZ4 +SECCOMP +BLKID +ELFUTILS +KMOD +IDN2 -IDN +PCRE2 default-hierarchy=legacy)
[    5.412068] systemd[1]: Detected virtualization kvm.
[    5.412545] systemd[1]: Detected architecture x86-64.

Welcome to [0;31mCentOS Stream 8[0m!

[    5.493164] systemd[1]: Set hostname to <test>.
[    5.747583] systemd[1]: Created slice system-sshd\x2dkeygen.slice.
[[0;32m  OK  [0m] Created slice system-sshd\x2dkeygen.slice.
[    5.749577] systemd[1]: Created slice system-getty.slice.
[[0;32m  OK  [0m] Created slice system-getty.slice.
[    5.750657] systemd[1]: Reached target Swap.
[[0;32m  OK  [0m] Reached target Swap.
[    5.752038] systemd[1]: Created slice system-serial\x2dgetty.slice.
[[0;32m  OK  [0m] Created slice system-serial\x2dgetty.slice.
[    5.753499] systemd[1]: Listening on Journal Socket.
[[0;32m  OK  [0m] Listening on Journal Socket.
[    5.781051] systemd[1]: Mounting Huge Pages File System...
         Mounting Huge Pages File System...
[[0;32m  OK  [0m] Listening on udev Control Socket.
[[0;32m  OK  [0m] Listening on Process Core Dump Socket.
[[0;32m  OK  [0m] Started Forward Password Requests to Wall Directory Watch.
[[0;32m  OK  [0m] Listening on udev Kernel Socket.
         Mounting Kernel Debug File System...
         Starting Load Kernel Modules...
[[0;32m  OK  [0m] Listening on Journal Socket (/dev/log).
         Starting Journal Service...
         Starting udev Coldplug all Devices...
[[0;32m  OK  [0m] Listening on LVM2 poll daemon socket.
[[0;32m  OK  [0m] Set up automount Arbitrary Executabâ€¦rmats File System Automount Point.
[[0;32m  OK  [0m] Listening on Device-mapper event daemon FIFOs.
         Starting Monitoring of LVM2 mirrorsâ€¦ng dmeventd or progress polling...
[[0;32m  OK  [0m] Created slice User and Session Slice.
[[0;32m  OK  [0m] Reached target Slices.
         Starting Setup Virtual Console...
[[0;32m  OK  [0m] Listening on initctl Compatibility Named Pipe.
[[0;32m  OK  [0m] Listening on RPCbind Server Activation Socket.
[[0;32m  OK  [0m] Reached target RPC Port Mapper.
         Mounting POSIX Message Queue File System...
[[0;32m  OK  [0m] Listening on multipathd control socket.
         Starting Remount Root and Kernel File Systems...
[    6.038341] EXT4-fs (sda): re-mounted 23a53bb9-f815-47a5-b74c-5e08f7731193. Quota mode: none.
[[0;32m  OK  [0m] Mounted Huge Pages File System.
[[0;32m  OK  [0m] Started Journal Service.
[[0;32m  OK  [0m] Mounted Kernel Debug File System.
[[0;1;31mFAILED[0m] Failed to start Load Kernel Modules.
See 'systemctl status systemd-modules-load.service' for details.
[[0;32m  OK  [0m] Mounted POSIX Message Queue File System.
[[0;32m  OK  [0m] Started Remount Root and Kernel File Systems.
         Starting Load/Save Random Seed...
         Starting Create Static Device Nodes in /dev...
         Mounting FUSE Control File System...
         Mounting Kernel Configuration File System...
         Starting Apply Kernel Variables...
         Starting Flush Journal to Persistent Storage...
[[0;32m  OK  [0m] Started Setup Virtual Console.
[[0;32m  OK  [0m] Started udev Coldplug all Devices.
[[0;32m  OK  [0m] Started Load/Save Random Seed.
[[0;32m  OK  [0m] Started Create Static Device Nodes in /dev.
[[0;32m  OK  [0m] Mounted FUSE Control File System.
[[0;32m  OK  [0m] Mounted Kernel Configuration File System.
         Starting udev Kernel Device Manager...
         Starting udev Wait for Complete Device Initialization...
[[0;32m  OK  [0m] Started Apply Kernel Variables.
[[0;32m  OK  [0m] Started Flush Journal to Persistent Storage.
[[0;32m  OK  [0m] Started udev Kernel Device Manager.
         Starting Show Plymouth Boot Screen...
[[0;32m  OK  [0m] Started Show Plymouth Boot Screen.
[[0;32m  OK  [0m] Started Forward Password Requests to Plymouth Directory Watch.
[[0;32m  OK  [0m] Reached target Paths.
[[0;32m  OK  [0m] Reached target Local Encrypted Volumes.
[[0;32m  OK  [0m] Found device /dev/ttyS0.
[[0;32m  OK  [0m] Started Monitoring of LVM2 mirrors,â€¦sing dmeventd or progress polling.
[[0;32m  OK  [0m] Listening on Load/Save RF Kill Switch Status /dev/rfkill Watch.
[[0;32m  OK  [0m] Started udev Wait for Complete Device Initialization.
[[0;32m  OK  [0m] Reached target Local File Systems (Pre).
[[0;32m  OK  [0m] Reached target Local File Systems.
         Starting Restore /run/initramfs on shutdown...
         Starting Tell Plymouth To Write Out Runtime Data...
         Starting Create Volatile Files and Directories...
[[0;32m  OK  [0m] Started Restore /run/initramfs on shutdown.
[[0;32m  OK  [0m] Started Tell Plymouth To Write Out Runtime Data.
[[0;32m  OK  [0m] Started Create Volatile Files and Directories.
         Starting RPC Bind...
         Mounting RPC Pipe File System...
         Starting Security Auditing Service...
[[0;32m  OK  [0m] Mounted RPC Pipe File System.
[[0;32m  OK  [0m] Reached target rpc_pipefs.target.
[[0;32m  OK  [0m] Started RPC Bind.
[[0;32m  OK  [0m] Started Security Auditing Service.
         Starting Update UTMP about System Boot/Shutdown...
[[0;32m  OK  [0m] Started Update UTMP about System Boot/Shutdown.
[[0;32m  OK  [0m] Reached target System Initialization.
[[0;32m  OK  [0m] Started dnf makecache --timer.
[[0;32m  OK  [0m] Started Daily Cleanup of Temporary Directories.
[[0;32m  OK  [0m] Started daily update of the root trust anchor for DNSSEC.
[[0;32m  OK  [0m] Reached target Timers.
[[0;32m  OK  [0m] Listening on SSSD Kerberos Cache Manager responder socket.
[[0;32m  OK  [0m] Listening on D-Bus System Message Bus Socket.
[[0;32m  OK  [0m] Reached target Sockets.
[[0;32m  OK  [0m] Reached target Basic System.
         Starting Authorization Manager...
         Starting Login Service...
[[0;32m  OK  [0m] Started irqbalance daemon.
[[0;32m  OK  [0m] Reached target sshd-keygen.target.
[[0;32m  OK  [0m] Started Machine Check Exception Logging Daemon.
         Starting Auto-connect to subsystemsâ€¦-NVME devices found during boot...
[[0;32m  OK  [0m] Started D-Bus System Message Bus.
         Starting Network Manager...
         Starting Self Monitoring and Reporting Technology (SMART) Daemon...
         Starting NTP client/server...
[[0;32m  OK  [0m] Started Auto-connect to subsystems â€¦FC-NVME devices found during boot.
         Starting update of the root trust aâ€¦or DNSSEC validation in unbound...
[[0;32m  OK  [0m] Started Login Service.
[[0;32m  OK  [0m] Started Self Monitoring and Reporting Technology (SMART) Daemon.
[[0;32m  OK  [0m] Started Network Manager.
[[0;32m  OK  [0m] Reached target Network.
         Starting GSSAPI Proxy Daemon...
         Starting Dynamic System Tuning Daemon...
         Starting OpenSSH server daemon...
         Starting Network Manager Wait Online...
[[0;32m  OK  [0m] Started update of the root trust anâ€¦ for DNSSEC validation in unbound.
[[0;32m  OK  [0m] Started NTP client/server.
[[0;32m  OK  [0m] Started Authorization Manager.
[[0;32m  OK  [0m] Started GSSAPI Proxy Daemon.
[[0;32m  OK  [0m] Reached target NFS client services.
[[0;32m  OK  [0m] Reached target Remote File Systems (Pre).
[[0;32m  OK  [0m] Reached target Remote File Systems.
         Starting Permit User Sessions...
         Starting Hostname Service...
[[0;32m  OK  [0m] Started OpenSSH server daemon.
[[0;32m  OK  [0m] Started Permit User Sessions.
[[0;32m  OK  [0m] Started Command Scheduler.
         Starting Terminate Plymouth Boot Screen...
         Starting Hold until boot process finishes up...
[    7.797644] e1000: eth0 NIC Link is Up 1000 Mbps Full Duplex, Flow Control: RX
[    7.798934] IPv6: ADDRCONF(NETDEV_CHANGE): eth0: link becomes ready
[    7.971969] Spectre V2 : WARNING: Unprivileged eBPF is enabled with eIBRS on, data leaks possible via Spectre v2 BHB attacks!
[    7.973168] Spectre V2 : WARNING: Unprivileged eBPF is enabled with eIBRS on, data leaks possible via Spectre v2 BHB attacks!

CentOS Stream 8
Kernel 6.3.0-825a0714d2b3+ on an x86_64

test login: [   25.913975] memfd_create() without MFD_EXEC nor MFD_NOEXEC_SEAL, pid=328 'systemd'
[   29.635568] loop0: detected capacity change from 0 to 65536
[   29.636247] XFS: attr2 mount option is deprecated.
[   29.636633] XFS: ikeep mount option is deprecated.
[   29.638208] XFS (loop0): Deprecated V4 format (crc=0) will not be supported after September 2030.
[   29.639160] XFS (loop0): Mounting V4 Filesystem d28317a9-9e04-4f2a-be27-e55b4c413ff6
[   29.643627] XFS (loop0): Ending clean mount
[   29.644661] XFS (loop0): Quotacheck needed: Please wait.
[   29.647788] BUG: kernel NULL pointer dereference, address: 0000000000000008
[   29.648354] #PF: supervisor read access in kernel mode
[   29.648767] #PF: error_code(0x0000) - not-present page
[   29.649184] PGD 0 P4D 0 
[   29.649402] Oops: 0000 [#1] PREEMPT SMP NOPTI
[   29.649763] CPU: 0 PID: 10 Comm: kworker/u4:0 Not tainted 6.3.0-825a0714d2b3+ #1
[   29.650353] Hardware name: QEMU Standard PC (i440FX + PIIX, 1996), BIOS rel-1.16.0-0-gd239552ce722-prebuilt.qemu.org 04/01/2014
[   29.651252] Workqueue: xfs_iwalk-525 xfs_pwork_work
[   29.651655] RIP: 0010:xfs_extent_free_diff_items+0x27/0x40
[   29.652100] Code: 90 90 90 f3 0f 1e fa 0f 1f 44 00 00 55 48 89 e5 41 54 49 89 f4 53 48 89 d3 e8 c5 60 7d ff 49 8b 44 24 28 48 8b 53 28 5b 41 5c <8b> 40 08 5d 2b 42 08 c3 cc cc cc cc 66 66 2e 0f 1f 84 00 00 00 00
[   29.653547] RSP: 0018:ffffc9000005b8c0 EFLAGS: 00010246
[   29.653969] RAX: 0000000000000000 RBX: ffff888006e67770 RCX: ffffffff81d744e1
[   29.654536] RDX: 0000000000000000 RSI: ffff888006f74800 RDI: 0000000000000002
[   29.655107] RBP: ffffc9000005b8c0 R08: ffffc9000005b8e0 R09: 0000000000000000
[   29.655675] R10: ffff8880105c4bd0 R11: ffffffff83e426e0 R12: ffff888006e673b8
[   29.656242] R13: ffff888006e678f8 R14: ffffffff81b06c90 R15: ffffc9000005b908
[   29.656810] FS:  0000000000000000(0000) GS:ffff88807dc00000(0000) knlGS:0000000000000000
[   29.657449] CS:  0010 DS: 0000 ES: 0000 CR0: 0000000080050033
[   29.657913] CR2: 0000000000000008 CR3: 000000000d0d8003 CR4: 0000000000770ef0
[   29.658484] PKRU: 55555554
[   29.658711] Call Trace:
[   29.658921]  <TASK>
[   29.659108]  list_sort+0xb8/0x3a0
[   29.659396]  xfs_extent_free_create_intent+0xb6/0xc0
[   29.659804]  xfs_defer_create_intents+0xc3/0x220
[   29.660188]  ? write_comp_data+0x2f/0x90
[   29.660518]  xfs_defer_finish_noroll+0x9e/0xbc0
[   29.660894]  ? list_sort+0x344/0x3a0
[   29.661200]  __xfs_trans_commit+0x4be/0x630
[   29.661552]  xfs_trans_commit+0x20/0x30
[   29.661876]  xfs_dquot_disk_alloc+0x45d/0x4e0
[   29.662247]  xfs_qm_dqread+0x2f7/0x310
[   29.662567]  xfs_qm_dqget+0xd5/0x300
[   29.662870]  xfs_qm_quotacheck_dqadjust+0x5a/0x230
[   29.663269]  xfs_qm_dqusage_adjust+0x249/0x300
[   29.663641]  xfs_iwalk_ag_recs+0x1bd/0x2e0
[   29.663988]  xfs_iwalk_run_callbacks+0xc3/0x1c0
[   29.664367]  xfs_iwalk_ag+0x32e/0x3f0
[   29.664679]  xfs_iwalk_ag_work+0xbe/0xf0
[   29.665008]  xfs_pwork_work+0x2c/0xc0
[   29.665313]  process_one_work+0x3b1/0x860
[   29.665650]  worker_thread+0x52/0x660
[   29.665958]  ? __pfx_worker_thread+0x10/0x10
[   29.666314]  kthread+0x16d/0x1c0
[   29.666594]  ? __pfx_kthread+0x10/0x10
[   29.666915]  ret_from_fork+0x29/0x50
[   29.667225]  </TASK>
[   29.667413] Modules linked in:
[   29.667673] CR2: 0000000000000008
[   29.667949] ---[ end trace 0000000000000000 ]---
[   29.668323] RIP: 0010:xfs_extent_free_diff_items+0x27/0x40
[   29.668767] Code: 90 90 90 f3 0f 1e fa 0f 1f 44 00 00 55 48 89 e5 41 54 49 89 f4 53 48 89 d3 e8 c5 60 7d ff 49 8b 44 24 28 48 8b 53 28 5b 41 5c <8b> 40 08 5d 2b 42 08 c3 cc cc cc cc 66 66 2e 0f 1f 84 00 00 00 00
[   29.670215] RSP: 0018:ffffc9000005b8c0 EFLAGS: 00010246
[   29.670637] RAX: 0000000000000000 RBX: ffff888006e67770 RCX: ffffffff81d744e1
[   29.671205] RDX: 0000000000000000 RSI: ffff888006f74800 RDI: 0000000000000002
[   29.671772] RBP: ffffc9000005b8c0 R08: ffffc9000005b8e0 R09: 0000000000000000
[   29.672339] R10: ffff8880105c4bd0 R11: ffffffff83e426e0 R12: ffff888006e673b8
[   29.672907] R13: ffff888006e678f8 R14: ffffffff81b06c90 R15: ffffc9000005b908
[   29.673475] FS:  0000000000000000(0000) GS:ffff88807dc00000(0000) knlGS:0000000000000000
[   29.674114] CS:  0010 DS: 0000 ES: 0000 CR0: 0000000080050033
[   29.674577] CR2: 0000000000000008 CR3: 000000000d0d8003 CR4: 0000000000770ef0
[   29.675148] PKRU: 55555554
[   29.675375] note: kworker/u4:0[10] exited with irqs disabled
