c[?7l[2J[0mSeaBIOS (version rel-1.16.0-0-gd239552ce722-prebuilt.qemu.org)


iPXE (http://ipxe.org) 00:03.0 CA00 PCI2.10 PnP PMM+7FF91000+7FEF1000 CA00
Press Ctrl-B to configure iPXE (PCI 00:03.0)...                                                                               


Booting from ROM..c[?7l[2J[0m.[    0.000000] Linux version 6.3.0-af3877265dd8+ (root@p-rpls01) (gcc (GCC) 8.5.0 20210514 (Red Hat 8.5.0-19), GNU ld version 2.36.1-2.el8) #1 SMP PREEMPT_DYNAMIC Sun May 21 08:25:52 CST 2023
[    0.000000] Command line: console=ttyS0 root=/dev/sda earlyprintk=serial net.ifnames=0
[    0.000000] KERNEL supported cpus:
[    0.000000]   Intel GenuineIntel
[    0.000000]   AMD AuthenticAMD
[    0.000000]   Hygon HygonGenuine
[    0.000000]   Centaur CentaurHauls
[    0.000000]   zhaoxin   Shanghai  
[    0.000000] x86/fpu: Supporting XSAVE feature 0x001: 'x87 floating point registers'
[    0.000000] x86/fpu: Supporting XSAVE feature 0x002: 'SSE registers'
[    0.000000] x86/fpu: Supporting XSAVE feature 0x004: 'AVX registers'
[    0.000000] x86/fpu: Supporting XSAVE feature 0x200: 'Protection Keys User registers'
[    0.000000] x86/fpu: xstate_offset[2]:  576, xstate_sizes[2]:  256
[    0.000000] x86/fpu: xstate_offset[9]:  832, xstate_sizes[9]:    8
[    0.000000] x86/fpu: Enabled xstate features 0x207, context size is 840 bytes, using 'compacted' format.
[    0.000000] signal: max sigframe size: 3632
[    0.000000] BIOS-provided physical RAM map:
[    0.000000] BIOS-e820: [mem 0x0000000000000000-0x000000000009fbff] usable
[    0.000000] BIOS-e820: [mem 0x000000000009fc00-0x000000000009ffff] reserved
[    0.000000] BIOS-e820: [mem 0x00000000000f0000-0x00000000000fffff] reserved
[    0.000000] BIOS-e820: [mem 0x0000000000100000-0x000000007ffdffff] usable
[    0.000000] BIOS-e820: [mem 0x000000007ffe0000-0x000000007fffffff] reserved
[    0.000000] BIOS-e820: [mem 0x00000000feffc000-0x00000000feffffff] reserved
[    0.000000] BIOS-e820: [mem 0x00000000fffc0000-0x00000000ffffffff] reserved
[    0.000000] printk: bootconsole [earlyser0] enabled
[    0.000000] NX (Execute Disable) protection: active
[    0.000000] SMBIOS 2.8 present.
[    0.000000] DMI: QEMU Standard PC (i440FX + PIIX, 1996), BIOS rel-1.16.0-0-gd239552ce722-prebuilt.qemu.org 04/01/2014
[    0.000000] Hypervisor detected: KVM
[    0.000000] kvm-clock: Using msrs 4b564d01 and 4b564d00
[    0.000003] kvm-clock: using sched offset of 577018609 cycles
[    0.000827] clocksource: kvm-clock: mask: 0xffffffffffffffff max_cycles: 0x1cd42e4dffb, max_idle_ns: 881590591483 ns
[    0.003416] tsc: Detected 806.400 MHz processor
[    0.011549] last_pfn = 0x7ffe0 max_arch_pfn = 0x400000000
[    0.012572] x86/PAT: Configuration [0-7]: WB  WC  UC- UC  WB  WP  UC- WT  
[    0.021840] found SMP MP-table at [mem 0x000f5ba0-0x000f5baf]
[    0.022981] Using GB pages for direct mapping
[    0.025310] ACPI: Early table checksum verification disabled
[    0.026300] ACPI: RSDP 0x00000000000F59C0 000014 (v00 BOCHS )
[    0.027262] ACPI: RSDT 0x000000007FFE1951 000034 (v01 BOCHS  BXPC     00000001 BXPC 00000001)
[    0.028621] ACPI: FACP 0x000000007FFE17FD 000074 (v01 BOCHS  BXPC     00000001 BXPC 00000001)
[    0.029981] ACPI: DSDT 0x000000007FFE0040 0017BD (v01 BOCHS  BXPC     00000001 BXPC 00000001)
[    0.031334] ACPI: FACS 0x000000007FFE0000 000040
[    0.032081] ACPI: APIC 0x000000007FFE1871 000080 (v01 BOCHS  BXPC     00000001 BXPC 00000001)
[    0.033447] ACPI: HPET 0x000000007FFE18F1 000038 (v01 BOCHS  BXPC     00000001 BXPC 00000001)
[    0.034796] ACPI: WAET 0x000000007FFE1929 000028 (v01 BOCHS  BXPC     00000001 BXPC 00000001)
[    0.036159] ACPI: Reserving FACP table memory at [mem 0x7ffe17fd-0x7ffe1870]
[    0.037267] ACPI: Reserving DSDT table memory at [mem 0x7ffe0040-0x7ffe17fc]
[    0.038374] ACPI: Reserving FACS table memory at [mem 0x7ffe0000-0x7ffe003f]
[    0.039486] ACPI: Reserving APIC table memory at [mem 0x7ffe1871-0x7ffe18f0]
[    0.040596] ACPI: Reserving HPET table memory at [mem 0x7ffe18f1-0x7ffe1928]
[    0.041703] ACPI: Reserving WAET table memory at [mem 0x7ffe1929-0x7ffe1950]
[    0.044075] No NUMA configuration found
[    0.044686] Faking a node at [mem 0x0000000000000000-0x000000007ffdffff]
[    0.045817] NODE_DATA(0) allocated [mem 0x7ffb5000-0x7ffdffff]
[    0.050075] Zone ranges:
[    0.050491]   DMA      [mem 0x0000000000001000-0x0000000000ffffff]
[    0.051471]   DMA32    [mem 0x0000000001000000-0x000000007ffdffff]
[    0.052450]   Normal   empty
[    0.052906]   Device   empty
[    0.053366] Movable zone start for each node
[    0.054058] Early memory node ranges
[    0.054620]   node   0: [mem 0x0000000000001000-0x000000000009efff]
[    0.055609]   node   0: [mem 0x0000000000100000-0x000000007ffdffff]
[    0.056595] Initmem setup node 0 [mem 0x0000000000001000-0x000000007ffdffff]
[    0.058689] On node 0, zone DMA: 1 pages in unavailable ranges
[    0.059197] On node 0, zone DMA: 97 pages in unavailable ranges
[    0.135006] On node 0, zone DMA32: 32 pages in unavailable ranges
[    0.136557] ACPI: PM-Timer IO Port: 0x608
[    0.138231] ACPI: LAPIC_NMI (acpi_id[0xff] dfl dfl lint[0x1])
[    0.139278] IOAPIC[0]: apic_id 0, version 17, address 0xfec00000, GSI 0-23
[    0.140413] ACPI: INT_SRC_OVR (bus 0 bus_irq 0 global_irq 2 dfl dfl)
[    0.141432] ACPI: INT_SRC_OVR (bus 0 bus_irq 5 global_irq 5 high level)
[    0.142504] ACPI: INT_SRC_OVR (bus 0 bus_irq 9 global_irq 9 high level)
[    0.143574] ACPI: INT_SRC_OVR (bus 0 bus_irq 10 global_irq 10 high level)
[    0.144666] ACPI: INT_SRC_OVR (bus 0 bus_irq 11 global_irq 11 high level)
[    0.145768] ACPI: Using ACPI (MADT) for SMP configuration information
[    0.146804] ACPI: HPET id: 0x8086a201 base: 0xfed00000
[    0.147661] TSC deadline timer available
[    0.148304] smpboot: Allowing 2 CPUs, 0 hotplug CPUs
[    0.149241] kvm-guest: KVM setup pv remote TLB flush
[    0.150046] kvm-guest: setup PV sched yield
[    0.150813] PM: hibernation: Registered nosave memory: [mem 0x00000000-0x00000fff]
[    0.152036] PM: hibernation: Registered nosave memory: [mem 0x0009f000-0x0009ffff]
[    0.153245] PM: hibernation: Registered nosave memory: [mem 0x000a0000-0x000effff]
[    0.154461] PM: hibernation: Registered nosave memory: [mem 0x000f0000-0x000fffff]
[    0.155678] [mem 0x80000000-0xfeffbfff] available for PCI devices
[    0.156660] Booting paravirtualized kernel on KVM
[    0.157449] clocksource: refined-jiffies: mask: 0xffffffff max_cycles: 0xffffffff, max_idle_ns: 7645519600211568 ns
[    0.159152] setup_percpu: NR_CPUS:8192 nr_cpumask_bits:2 nr_cpu_ids:2 nr_node_ids:1
[    0.166829] percpu: Embedded 66 pages/cpu s233472 r8192 d28672 u1048576
[    0.168201] kvm-guest: PV spinlocks enabled
[    0.168886] PV qspinlock hash table entries: 256 (order: 0, 4096 bytes, linear)
[    0.170094] Kernel command line: net.ifnames=0 console=ttyS0 root=/dev/sda earlyprintk=serial net.ifnames=0
[    0.172712] random: crng init done
[    0.176571] Dentry cache hash table entries: 262144 (order: 9, 2097152 bytes, linear)
[    0.177976] Inode-cache hash table entries: 131072 (order: 8, 1048576 bytes, linear)
[    0.179390] Fallback order for Node 0: 0 
[    0.179411] Built 1 zonelists, mobility grouping on.  Total pages: 515808
[    0.181118] Policy zone: DMA32
[    0.181608] mem auto-init: stack:off, heap alloc:off, heap free:off
[    0.188479] Memory: 1966936K/2096632K available (34816K kernel code, 4577K rwdata, 9856K rodata, 10452K init, 31800K bss, 129440K reserved, 0K cma-reserved)
[    0.191358] SLUB: HWalign=64, Order=0-3, MinObjects=0, CPUs=2, Nodes=1
[    0.192400] kmemleak: Kernel memory leak detector disabled
[    0.193443] ftrace: allocating 69040 entries in 270 pages
[    0.229525] ftrace: allocated 270 pages with 4 groups
[    0.232824] Dynamic Preempt: voluntary
[    0.233612] Running RCU self tests
[    0.234148] Running RCU synchronous self tests
[    0.234862] rcu: Preemptible hierarchical RCU implementation.
[    0.235773] rcu: 	RCU lockdep checking is enabled.
[    0.236525] rcu: 	RCU restricting CPUs from NR_CPUS=8192 to nr_cpu_ids=2.
[    0.237572] 	Trampoline variant of Tasks RCU enabled.
[    0.238367] 	Rude variant of Tasks RCU enabled.
[    0.239078] 	Tracing variant of Tasks RCU enabled.
[    0.239832] rcu: RCU calculated value of scheduler-enlistment delay is 25 jiffies.
[    0.241017] rcu: Adjusting geometry for rcu_fanout_leaf=16, nr_cpu_ids=2
[    0.242096] Running RCU synchronous self tests
[    0.272158] NR_IRQS: 524544, nr_irqs: 440, preallocated irqs: 16
[    0.273506] rcu: srcu_init: Setting srcu_struct sizes based on contention.
[    0.288988] Console: colour VGA+ 80x25
[    0.289699] printk: console [ttyS0] enabled
[    0.289699] printk: console [ttyS0] enabled
[    0.291025] printk: bootconsole [earlyser0] disabled
[    0.291025] printk: bootconsole [earlyser0] disabled
[    0.292606] Lock dependency validator: Copyright (c) 2006 Red Hat, Inc., Ingo Molnar
[    0.293836] ... MAX_LOCKDEP_SUBCLASSES:  8
[    0.294496] ... MAX_LOCK_DEPTH:          48
[    0.295172] ... MAX_LOCKDEP_KEYS:        8192
[    0.295869] ... CLASSHASH_SIZE:          4096
[    0.296563] ... MAX_LOCKDEP_ENTRIES:     32768
[    0.297274] ... MAX_LOCKDEP_CHAINS:      65536
[    0.297988] ... CHAINHASH_SIZE:          32768
[    0.298698]  memory used by lock dependency info: 6365 kB
[    0.299561]  memory used for stack traces: 4224 kB
[    0.300327]  per task-struct memory footprint: 1920 bytes
[    0.301249] ACPI: Core revision 20230331
[    0.302167] clocksource: hpet: mask: 0xffffffff max_cycles: 0xffffffff, max_idle_ns: 19112604467 ns
[    0.303828] APIC: Switch to symmetric I/O mode setup
[    0.305061] x2apic enabled
[    0.305942] Switched APIC routing to physical x2apic.
[    0.306761] kvm-guest: setup PV IPIs
[    0.309342] ..TIMER: vector=0x30 apic1=0 pin1=2 apic2=-1 pin2=-1
[    0.310345] clocksource: tsc-early: mask: 0xffffffffffffffff max_cycles: 0xb9fb05486c, max_idle_ns: 440795231721 ns
[    0.312057] Calibrating delay loop (skipped) preset value.. 1612.80 BogoMIPS (lpj=3225600)
[    0.313375] pid_max: default: 32768 minimum: 301
[    0.314203] LSM: initializing lsm=capability,yama,integrity
[    0.315109] Yama: becoming mindful.
[    0.316234] Mount-cache hash table entries: 4096 (order: 3, 32768 bytes, linear)
[    0.317452] Mountpoint-cache hash table entries: 4096 (order: 3, 32768 bytes, linear)
[    0.320445] CPU0: Thermal monitoring enabled (TM1)
[    0.323505] x86/cpu: User Mode Instruction Prevention (UMIP) activated
[    0.324949] Last level iTLB entries: 4KB 0, 2MB 0, 4MB 0
[    0.325913] Last level dTLB entries: 4KB 0, 2MB 0, 4MB 0, 1GB 0
[    0.326926] Spectre V1 : Mitigation: usercopy/swapgs barriers and __user pointer sanitization
[    0.328052] Spectre V2 : WARNING: Unprivileged eBPF is enabled with eIBRS on, data leaks possible via Spectre v2 BHB attacks!
[    0.329812] Spectre V2 : Mitigation: Enhanced / Automatic IBRS
[    0.330744] Spectre V2 : Spectre v2 / SpectreRSB mitigation: Filling RSB on context switch
[    0.332038] Spectre V2 : Spectre v2 / PBRSB-eIBRS: Retire a single CALL on VMEXIT
[    0.333205] Spectre V2 : mitigation: Enabling conditional Indirect Branch Prediction Barrier
[    0.334519] Speculative Store Bypass: Mitigation: Speculative Store Bypass disabled via prctl
[    0.336038] MMIO Stale Data: Unknown: No mitigations
[    0.455940] Freeing SMP alternatives memory: 56K
[    0.456099] Running RCU synchronous self tests
[    0.456801] Running RCU synchronous self tests
[    0.458175] smpboot: CPU0: Genuine Intel(R) 0000 (family: 0x6, model: 0xb7, stepping: 0x0)
[    0.460690] cblist_init_generic: Setting adjustable number of callback queues.
[    0.464041] cblist_init_generic: Setting shift to 1 and lim to 1.
[    0.465071] cblist_init_generic: Setting shift to 1 and lim to 1.
[    0.468135] cblist_init_generic: Setting shift to 1 and lim to 1.
[    0.469181] Running RCU-tasks wait API self tests
[    0.576209] Performance Events: Alderlake Hybrid events, full-width counters, Intel PMU driver.
[    0.580272] core: cpu_core PMU driver: 
[    0.580876] ... version:                2
[    0.584045] ... bit width:              48
[    0.584670] ... generic registers:      6
[    0.585276] ... value mask:             0000ffffffffffff
[    0.588041] ... max period:             00007fffffffffff
[    0.588852] ... fixed-purpose events:   3
[    0.592041] ... event mask:             0001000f0000003f
[    0.592871] Callback from call_rcu_tasks_trace() invoked.
[    0.596307] rcu: Hierarchical SRCU implementation.
[    0.597042] rcu: 	Max phase no-delay instances is 1000.
[    0.604847] unchecked MSR access error: WRMSR to 0x38f (tried to write 0x0001000f0000003f) at rIP: 0xffffffff810dcc2c (native_write_msr+0xc/0x30)
[    0.606853] Call Trace:
[    0.607236]  <TASK>
[    0.607566]  __intel_pmu_enable_all.constprop.51+0xb5/0x140
[    0.608035]  intel_pmu_enable_all+0x1e/0x30
[    0.608035]  x86_pmu_enable+0x46d/0x5a0
[    0.608035]  ? write_comp_data+0x2f/0x90
[    0.608035]  perf_pmu_enable+0x53/0x70
[    0.608035]  ctx_resched+0x14d/0x1e0
[    0.608035]  __perf_install_in_context+0x2f7/0x470
[    0.608035]  ? __pfx_remote_function+0x10/0x10
[    0.608035]  ? __pfx_remote_function+0x10/0x10
[    0.608035]  remote_function+0x80/0xa0
[    0.608035]  ? __pfx_remote_function+0x10/0x10
[    0.608035]  generic_exec_single+0x124/0x190
[    0.608035]  smp_call_function_single+0x11c/0x240
[    0.608035]  ? __pfx_remote_function+0x10/0x10
[    0.608035]  ? __sanitizer_cov_trace_pc+0x25/0x60
[    0.608035]  ? write_comp_data+0x2f/0x90
[    0.608035]  perf_install_in_context+0x2d8/0x300
[    0.608035]  ? __pfx___perf_install_in_context+0x10/0x10
[    0.608035]  perf_event_create_kernel_counter+0x284/0x2b0
[    0.608035]  ? __pfx_watchdog_overflow_callback+0x10/0x10
[    0.608035]  hardlockup_detector_event_create+0x46/0xd0
[    0.608035]  hardlockup_detector_perf_init+0x18/0x80
[    0.608035]  watchdog_nmi_probe+0x17/0x20
[    0.608035]  lockup_detector_init+0x40/0xb0
[    0.608035]  kernel_init_freeable+0x37e/0x730
[    0.608035]  ? __pfx_kernel_init+0x10/0x10
[    0.608035]  kernel_init+0x24/0x1e0
[    0.608035]  ? __pfx_kernel_init+0x10/0x10
[    0.608035]  ret_from_fork+0x29/0x50
[    0.608035]  </TASK>
[    0.608277] smp: Bringing up secondary CPUs ...
[    0.612064] x86: Booting SMP configuration:
[    0.612721] .... node  #0, CPUs:      #1
[    0.616264] smp: Brought up 1 node, 2 CPUs
[    0.620049] smpboot: Max logical packages: 1
[    0.620704] smpboot: Total of 2 processors activated (3225.60 BogoMIPS)
[    0.648383] devtmpfs: initialized
[    0.648383] x86/mm: Memory block size: 128MB
[    0.660460] Running RCU synchronous self tests
[    0.661181] Running RCU synchronous self tests
[    0.664079] clocksource: jiffies: mask: 0xffffffff max_cycles: 0xffffffff, max_idle_ns: 7645041785100000 ns
[    0.668046] futex hash table entries: 512 (order: 4, 65536 bytes, linear)
[    0.669409] pinctrl core: initialized pinctrl subsystem
[    0.672335] 
[    0.672588] *************************************************************
[    0.676041] **     NOTICE NOTICE NOTICE NOTICE NOTICE NOTICE NOTICE    **
[    0.677067] **                                                         **
[    0.680047] **  IOMMU DebugFS SUPPORT HAS BEEN ENABLED IN THIS KERNEL  **
[    0.681074] **                                                         **
[    0.684041] ** This means that this kernel is built to expose internal **
[    0.685067] ** IOMMU data structures, which may compromise security on **
[    0.688040] ** your system.                                            **
[    0.689072] **                                                         **
[    0.692041] ** If you see this message and you are not debugging the   **
[    0.693088] ** kernel, report this immediately to your vendor!         **
[    0.696041] **                                                         **
[    0.697063] **     NOTICE NOTICE NOTICE NOTICE NOTICE NOTICE NOTICE    **
[    0.700041] *************************************************************
[    0.701106] Callback from call_rcu_tasks_rude() invoked.
[    0.701106] PM: RTC time: 00:26:28, date: 2023-05-21
[    0.709140] NET: Registered PF_NETLINK/PF_ROUTE protocol family
[    0.716565] DMA: preallocated 256 KiB GFP_KERNEL pool for atomic allocations
[    0.720063] DMA: preallocated 256 KiB GFP_KERNEL|GFP_DMA pool for atomic allocations
[    0.721232] DMA: preallocated 256 KiB GFP_KERNEL|GFP_DMA32 pool for atomic allocations
[    0.724072] audit: initializing netlink subsys (disabled)
[    0.728101] audit: type=2000 audit(1684628788.927:1): state=initialized audit_enabled=0 res=1
[    0.732116] thermal_sys: Registered thermal governor 'fair_share'
[    0.732690] thermal_sys: Registered thermal governor 'bang_bang'
[    0.736042] thermal_sys: Registered thermal governor 'step_wise'
[    0.736953] thermal_sys: Registered thermal governor 'user_space'
[    0.740084] cpuidle: using governor ladder
[    0.744049] cpuidle: using governor menu
[    0.745034] acpiphp: ACPI Hot Plug PCI Controller Driver version: 0.5
[    0.748376] PCI: Using configuration type 1 for base access
[    0.752702] kprobes: kprobe jump-optimization is enabled. All kprobes are optimized if possible.
[    1.473121] Callback from call_rcu_tasks() invoked.
[    1.476323] HugeTLB: registered 1.00 GiB page size, pre-allocated 0 pages
[    1.480047] HugeTLB: 16380 KiB vmemmap can be freed for a 1.00 GiB page
[    1.484052] HugeTLB: registered 2.00 MiB page size, pre-allocated 0 pages
[    1.488043] HugeTLB: 28 KiB vmemmap can be freed for a 2.00 MiB page
[    1.497166] ACPI: Added _OSI(Module Device)
[    1.500050] ACPI: Added _OSI(Processor Device)
[    1.500996] ACPI: Added _OSI(3.0 _SCP Extensions)
[    1.504052] ACPI: Added _OSI(Processor Aggregator Device)
[    1.521074] ACPI: 1 ACPI AML tables successfully acquired and loaded
[    8.900582] ACPI: Interpreter enabled
[    8.901328] ACPI: PM: (supports S0 S3 S4 S5)
[    8.904044] ACPI: Using IOAPIC for interrupt routing
[    8.904920] PCI: Using host bridge windows from ACPI; if necessary, use "pci=nocrs" and report a bug
[    8.912042] PCI: Using E820 reservations for host bridge windows
[    8.916280] ACPI: Enabled 2 GPEs in block 00 to 0F
[    8.957395] ACPI: PCI Root Bridge [PCI0] (domain 0000 [bus 00-ff])
[    8.960059] acpi PNP0A03:00: _OSC: OS supports [ASPM ClockPM Segments MSI EDR HPX-Type3]
[    8.961387] acpi PNP0A03:00: _OSC: not requesting OS control; OS requires [ExtendedConfig ASPM ClockPM MSI]
[    8.968103] acpi PNP0A03:00: fail to add MMCONFIG information, can't access extended configuration space under this bridge
[    8.980723] acpiphp: Slot [3] registered
[    8.981439] acpiphp: Slot [4] registered
[    8.984107] acpiphp: Slot [5] registered
[    8.984822] acpiphp: Slot [6] registered
[    8.988107] acpiphp: Slot [7] registered
[    8.988831] acpiphp: Slot [8] registered
[    8.992105] acpiphp: Slot [9] registered
[    8.992824] acpiphp: Slot [10] registered
[    8.996103] acpiphp: Slot [11] registered
[    8.996830] acpiphp: Slot [12] registered
[    9.000103] acpiphp: Slot [13] registered
[    9.000820] acpiphp: Slot [14] registered
[    9.004102] acpiphp: Slot [15] registered
[    9.004825] acpiphp: Slot [16] registered
[    9.008102] acpiphp: Slot [17] registered
[    9.008822] acpiphp: Slot [18] registered
[    9.012103] acpiphp: Slot [19] registered
[    9.012820] acpiphp: Slot [20] registered
[    9.016102] acpiphp: Slot [21] registered
[    9.016815] acpiphp: Slot [22] registered
[    9.020101] acpiphp: Slot [23] registered
[    9.020808] acpiphp: Slot [24] registered
[    9.024103] acpiphp: Slot [25] registered
[    9.024808] acpiphp: Slot [26] registered
[    9.028100] acpiphp: Slot [27] registered
[    9.028807] acpiphp: Slot [28] registered
[    9.032100] acpiphp: Slot [29] registered
[    9.032812] acpiphp: Slot [30] registered
[    9.036101] acpiphp: Slot [31] registered
[    9.036767] PCI host bridge to bus 0000:00
[    9.037428] pci_bus 0000:00: root bus resource [io  0x0000-0x0cf7 window]
[    9.044046] pci_bus 0000:00: root bus resource [io  0x0d00-0xffff window]
[    9.045132] pci_bus 0000:00: root bus resource [mem 0x000a0000-0x000bffff window]
[    9.048043] pci_bus 0000:00: root bus resource [mem 0x80000000-0xfebfffff window]
[    9.049233] pci_bus 0000:00: root bus resource [mem 0x100000000-0x17fffffff window]
[    9.056044] pci_bus 0000:00: root bus resource [bus 00-ff]
[    9.057048] pci 0000:00:00.0: [8086:1237] type 00 class 0x060000
[    9.068184] pci 0000:00:01.0: [8086:7000] type 00 class 0x060100
[    9.072740] pci 0000:00:01.1: [8086:7010] type 00 class 0x010180
[    9.084364] pci 0000:00:01.1: reg 0x20: [io  0xc040-0xc04f]
[    9.088544] pci 0000:00:01.1: legacy IDE quirk: reg 0x10: [io  0x01f0-0x01f7]
[    9.092043] pci 0000:00:01.1: legacy IDE quirk: reg 0x14: [io  0x03f6]
[    9.093089] pci 0000:00:01.1: legacy IDE quirk: reg 0x18: [io  0x0170-0x0177]
[    9.096043] pci 0000:00:01.1: legacy IDE quirk: reg 0x1c: [io  0x0376]
[    9.097437] pci 0000:00:01.3: [8086:7113] type 00 class 0x068000
[    9.104219] pci 0000:00:01.3: quirk: [io  0x0600-0x063f] claimed by PIIX4 ACPI
[    9.108066] pci 0000:00:01.3: quirk: [io  0x0700-0x070f] claimed by PIIX4 SMB
[    9.112217] pci 0000:00:02.0: [1234:1111] type 00 class 0x030000
[    9.120707] pci 0000:00:02.0: reg 0x10: [mem 0xfd000000-0xfdffffff pref]
[    9.128373] pci 0000:00:02.0: reg 0x18: [mem 0xfebf0000-0xfebf0fff]
[    9.140101] pci 0000:00:02.0: reg 0x30: [mem 0xfebe0000-0xfebeffff pref]
[    9.144085] pci 0000:00:02.0: Video device with shadowed ROM at [mem 0x000c0000-0x000dffff]
[    9.156267] pci 0000:00:03.0: [8086:100e] type 00 class 0x020000
[    9.160521] pci 0000:00:03.0: reg 0x10: [mem 0xfebc0000-0xfebdffff]
[    9.164485] pci 0000:00:03.0: reg 0x14: [io  0xc000-0xc03f]
[    9.173424] pci 0000:00:03.0: reg 0x30: [mem 0xfeb80000-0xfebbffff pref]
[    9.260192] ACPI: PCI: Interrupt link LNKA configured for IRQ 10
[    9.264063] ACPI: PCI: Interrupt link LNKB configured for IRQ 10
[    9.265306] ACPI: PCI: Interrupt link LNKC configured for IRQ 11
[    9.272373] ACPI: PCI: Interrupt link LNKD configured for IRQ 11
[    9.276049] ACPI: PCI: Interrupt link LNKS configured for IRQ 9
[    9.280685] iommu: Default domain type: Translated 
[    9.284044] iommu: DMA domain TLB invalidation policy: lazy mode 
[    9.288921] SCSI subsystem initialized
[    9.292302] ACPI: bus type USB registered
[    9.292997] usbcore: registered new interface driver usbfs
[    9.293870] usbcore: registered new interface driver hub
[    9.296073] usbcore: registered new device driver usb
[    9.296949] pps_core: LinuxPPS API ver. 1 registered
[    9.304041] pps_core: Software ver. 5.3.6 - Copyright 2005-2007 Rodolfo Giometti <giometti@linux.it>
[    9.305430] PTP clock support registered
[    9.308124] EDAC MC: Ver: 3.0.0
[    9.316914] NetLabel: Initializing
[    9.320043] NetLabel:  domain hash size = 128
[    9.320734] NetLabel:  protocols = UNLABELED CIPSOv4 CALIPSO
[    9.324136] NetLabel:  unlabeled traffic allowed by default
[    9.328042] PCI: Using ACPI for IRQ routing
[    9.328984] pci 0000:00:02.0: vgaarb: setting as boot VGA device
[    9.329037] pci 0000:00:02.0: vgaarb: bridge control possible
[    9.329935] pci 0000:00:02.0: vgaarb: VGA device added: decodes=io+mem,owns=io+mem,locks=none
[    9.332044] vgaarb: loaded
[    9.332836] hpet0: at MMIO 0xfed00000, IRQs 2, 8, 0
[    9.333625] hpet0: 3 comparators, 64-bit 100.000000 MHz counter
[    9.352268] clocksource: Switched to clocksource kvm-clock
[    9.354015] VFS: Disk quotas dquot_6.6.0
[    9.354667] VFS: Dquot-cache hash table entries: 512 (order 0, 4096 bytes)
[    9.356010] pnp: PnP ACPI init
[    9.358110] pnp: PnP ACPI: found 6 devices
[    9.371927] clocksource: acpi_pm: mask: 0xffffff max_cycles: 0xffffff, max_idle_ns: 2085701024 ns
[    9.373658] NET: Registered PF_INET protocol family
[    9.374569] IP idents hash table entries: 32768 (order: 6, 262144 bytes, linear)
[    9.376741] tcp_listen_portaddr_hash hash table entries: 1024 (order: 4, 73728 bytes, linear)
[    9.378130] Table-perturb hash table entries: 65536 (order: 6, 262144 bytes, linear)
[    9.379356] TCP established hash table entries: 16384 (order: 5, 131072 bytes, linear)
[    9.380828] TCP bind hash table entries: 16384 (order: 9, 2359296 bytes, linear)
[    9.385910] TCP: Hash tables configured (established 16384 bind 16384)
[    9.387108] UDP hash table entries: 1024 (order: 5, 163840 bytes, linear)
[    9.388284] UDP-Lite hash table entries: 1024 (order: 5, 163840 bytes, linear)
[    9.389666] NET: Registered PF_UNIX/PF_LOCAL protocol family
[    9.390999] RPC: Registered named UNIX socket transport module.
[    9.391966] RPC: Registered udp transport module.
[    9.392717] RPC: Registered tcp transport module.
[    9.393487] RPC: Registered tcp NFSv4.1 backchannel transport module.
[    9.394533] pci_bus 0000:00: resource 4 [io  0x0000-0x0cf7 window]
[    9.395531] pci_bus 0000:00: resource 5 [io  0x0d00-0xffff window]
[    9.396515] pci_bus 0000:00: resource 6 [mem 0x000a0000-0x000bffff window]
[    9.397617] pci_bus 0000:00: resource 7 [mem 0x80000000-0xfebfffff window]
[    9.398711] pci_bus 0000:00: resource 8 [mem 0x100000000-0x17fffffff window]
[    9.400058] pci 0000:00:01.0: PIIX3: Enabling Passive Release
[    9.400998] pci 0000:00:00.0: Limiting direct PCI/PCI transfers
[    9.402117] PCI: CLS 0 bytes, default 64
[    9.402873] ACPI: bus type thunderbolt registered
[    9.404019] clocksource: tsc: mask: 0xffffffffffffffff max_cycles: 0xb9fb05486c, max_idle_ns: 440795231721 ns
[    9.454419] Initialise system trusted keyrings
[    9.455266] Key type blacklist registered
[    9.456319] workingset: timestamp_bits=36 max_order=19 bucket_order=0
[    9.457523] zbud: loaded
[    9.458621] squashfs: version 4.0 (2009/01/31) Phillip Lougher
[    9.460446] NFS: Registering the id_resolver key type
[    9.461301] Key type id_resolver registered
[    9.462019] Key type id_legacy registered
[    9.462718] nfs4filelayout_init: NFSv4 File Layout Driver Registering...
[    9.463849] nfs4flexfilelayout_init: NFSv4 Flexfile Layout Driver Registering...
[    9.465172] fuse: init (API version 7.38)
[    9.466311] SGI XFS with ACLs, security attributes, realtime, quota, no debug enabled
[    9.468230] 9p: Installing v9fs 9p2000 file system support
[    9.475812] Key type asymmetric registered
[    9.476514] Asymmetric key parser 'x509' registered
[    9.477381] Block layer SCSI generic (bsg) driver version 0.4 loaded (major 243)
[    9.478802] io scheduler mq-deadline registered
[    9.479577] io scheduler bfq registered
[    9.480830] shpchp: Standard Hot Plug PCI Controller Driver version: 0.4
[    9.482371] IPMI message handler: version 39.2
[    9.483169] ipmi device interface
[    9.485342] input: Power Button as /devices/LNXSYSTM:00/LNXPWRBN:00/input/input0
[    9.486931] ACPI: button: Power Button [PWRF]
[    9.488655] ERST DBG: ERST support is disabled.
[    9.490004] Serial: 8250/16550 driver, 32 ports, IRQ sharing enabled
[    9.491860] 00:04: ttyS0 at I/O 0x3f8 (irq = 4, base_baud = 115200) is a 16550A
[    9.500330] Linux agpgart interface v0.103
[    9.501775] ACPI: bus type drm_connector registered
[    9.514922] brd: module loaded
[    9.522076] loop: module loaded
[    9.527062] scsi host0: ata_piix
[    9.529195] scsi host1: ata_piix
[    9.529953] ata1: PATA max MWDMA2 cmd 0x1f0 ctl 0x3f6 bmdma 0xc040 irq 14
[    9.531072] ata2: PATA max MWDMA2 cmd 0x170 ctl 0x376 bmdma 0xc048 irq 15
[    9.533793] tun: Universal TUN/TAP device driver, 1.6
[    9.534951] e100: Intel(R) PRO/100 Network Driver
[    9.535757] e100: Copyright(c) 1999-2006 Intel Corporation
[    9.536709] e1000: Intel(R) PRO/1000 Network Driver
[    9.537559] e1000: Copyright (c) 1999-2006 Intel Corporation.
[    9.689794] ata1: found unknown device (class 0)
[    9.691321] ata1.00: ATA-7: QEMU HARDDISK, 2.5+, max UDMA/100
[    9.692260] ata1.00: 16777216 sectors, multi 16: LBA48 
[    9.693549] ata2: found unknown device (class 0)
[    9.695246] ata2.00: ATAPI: QEMU DVD-ROM, 2.5+, max UDMA/100
[    9.695352] scsi 0:0:0:0: Direct-Access     ATA      QEMU HARDDISK    2.5+ PQ: 0 ANSI: 5
[    9.698562] sd 0:0:0:0: [sda] 16777216 512-byte logical blocks: (8.59 GB/8.00 GiB)
[    9.699171] ACPI: \_SB_.LNKC: Enabled at IRQ 11
[    9.699928] sd 0:0:0:0: [sda] Write Protect is off
[    9.701687] sd 0:0:0:0: Attached scsi generic sg0 type 0
[    9.701706] sd 0:0:0:0: [sda] Write cache: enabled, read cache: enabled, doesn't support DPO or FUA
[    9.703127] scsi 1:0:0:0: CD-ROM            QEMU     QEMU DVD-ROM     2.5+ PQ: 0 ANSI: 5
[    9.704065] sd 0:0:0:0: [sda] Preferred minimum I/O size 512 bytes
[    9.722462] scsi 1:0:0:0: Attached scsi generic sg1 type 5
[    9.723576] sd 0:0:0:0: [sda] Attached SCSI disk
[   10.055068] e1000 0000:00:03.0 eth0: (PCI:33MHz:32-bit) 52:54:00:12:34:56
[   10.056127] e1000 0000:00:03.0 eth0: Intel(R) PRO/1000 Network Connection
[   10.057204] e1000e: Intel(R) PRO/1000 Network Driver
[   10.057948] e1000e: Copyright(c) 1999 - 2015 Intel Corporation.
[   10.058875] igb: Intel(R) Gigabit Ethernet Network Driver
[   10.059664] igb: Copyright (c) 2007-2014 Intel Corporation.
[   10.060552] PPP generic driver version 2.4.2
[   10.061988] VFIO - User Level meta-driver version: 0.3
[   10.063363] usbcore: registered new interface driver uas
[   10.064182] usbcore: registered new interface driver usb-storage
[   10.065212] i8042: PNP: PS/2 Controller [PNP0303:KBD,PNP0f13:MOU] at 0x60,0x64 irq 1,12
[   10.067352] serio: i8042 KBD port at 0x60,0x64 irq 1
[   10.068117] serio: i8042 AUX port at 0x60,0x64 irq 12
[   10.069740] mousedev: PS/2 mouse device common for all mice
[   10.071469] rtc_cmos 00:05: RTC can wake from S4
[   10.072364] input: AT Translated Set 2 keyboard as /devices/platform/i8042/serio0/input/input1
[   10.074731] input: VirtualPS/2 VMware VMMouse as /devices/platform/i8042/serio1/input/input4
[   10.074941] rtc_cmos 00:05: registered as rtc0
[   10.076604] input: VirtualPS/2 VMware VMMouse as /devices/platform/i8042/serio1/input/input3
[   10.076836] rtc_cmos 00:05: setting system clock to 2023-05-21T00:26:31 UTC (1684628791)
[   10.079273] rtc_cmos 00:05: alarms up to one day, y3k, 242 bytes nvram, hpet irqs
[   10.080367] i2c_dev: i2c /dev entries driver
[   10.081236] device-mapper: core: CONFIG_IMA_DISABLE_HTABLE is disabled. Duplicate IMA measurements will not be recorded in the IMA log.
[   10.083003] device-mapper: uevent: version 1.0.3
[   10.083970] device-mapper: ioctl: 4.48.0-ioctl (2023-03-01) initialised: dm-devel@redhat.com
[   10.085172] intel_pstate: CPU model not supported
[   10.085935] sdhci: Secure Digital Host Controller Interface driver
[   10.086818] sdhci: Copyright(c) Pierre Ossman
[   10.087510] sdhci-pltfm: SDHCI platform and OF driver helper
[   10.088421] ledtrig-cpu: registered to indicate activity on CPUs
[   10.089616] drop_monitor: Initializing network drop monitor service
[   10.090692] NET: Registered PF_INET6 protocol family
[   10.093759] Segment Routing with IPv6
[   10.094336] In-situ OAM (IOAM) with IPv6
[   10.094966] NET: Registered PF_PACKET protocol family
[   10.095785] 9pnet: Installing 9P2000 support
[   10.096457] Key type dns_resolver registered
[   10.097888] IPI shorthand broadcast: enabled
[   10.111006] sched_clock: Marking stable (10080002434, 29448786)->(4457098664, 5652352556)
[   10.112551] registered taskstats version 1
[   10.113326] Loading compiled-in X.509 certificates
[   10.127300] Key type .fscrypt registered
[   10.127893] Key type fscrypt-provisioning registered
[   10.129424] Key type encrypted registered
[   10.130130] ima: No TPM chip found, activating TPM-bypass!
[   10.130951] ima: Allocated hash algorithm: sha1
[   10.131672] ima: No architecture policies found
[   10.132384] evm: Initialising EVM extended attributes:
[   10.133141] evm: security.selinux
[   10.133654] evm: security.SMACK64
[   10.134152] evm: security.SMACK64EXEC
[   10.134701] evm: security.SMACK64TRANSMUTE
[   10.135305] evm: security.SMACK64MMAP
[   10.135854] evm: security.apparmor
[   10.136364] evm: security.ima
[   10.136811] evm: security.capability
[   10.137340] evm: HMAC attrs: 0x1
[   10.139106] PM:   Magic number: 7:941:405
[   10.140108] RAS: Correctable Errors collector initialized.
[   10.142169] md: Waiting for all devices to be available before autodetect
[   10.142826] md: If you don't use raid, use raid=noautodetect
[   10.143382] md: Autodetecting RAID arrays.
[   10.143795] md: autorun ...
[   10.144076] md: ... autorun DONE.
[   10.149420] EXT4-fs (sda): INFO: recovery required on readonly filesystem
[   10.150143] EXT4-fs (sda): write access will be enabled during recovery
[   10.324375] EXT4-fs (sda): recovery complete
[   10.326561] EXT4-fs (sda): mounted filesystem 23a53bb9-f815-47a5-b74c-5e08f7731193 with ordered data mode. Quota mode: none.
[   10.327790] VFS: Mounted root (ext4 filesystem) readonly on device 8:0.
[   10.330585] devtmpfs: mounted
[   10.339348] Freeing unused decrypted memory: 2036K
[   10.351773] Freeing unused kernel image (initmem) memory: 10452K
[   10.352478] Write protecting the kernel read-only data: 45056k
[   10.354586] Freeing unused kernel image (rodata/data gap) memory: 384K
[   10.448024] x86/mm: Checked W+X mappings: passed, no W+X pages found.
[   10.448748] Run /sbin/init as init process
[   10.556399] systemd[1]: RTC configured in localtime, applying delta of 0 minutes to system time.
[   10.583364] systemd[1]: systemd 239 (239-49.el8) running in system mode. (+PAM +AUDIT +SELINUX +IMA -APPARMOR +SMACK +SYSVINIT +UTMP +LIBCRYPTSETUP +GCRYPT +GNUTLS +ACL +XZ +LZ4 +SECCOMP +BLKID +ELFUTILS +KMOD +IDN2 -IDN +PCRE2 default-hierarchy=legacy)
[   10.585908] systemd[1]: Detected virtualization kvm.
[   10.586440] systemd[1]: Detected architecture x86-64.

Welcome to [0;31mCentOS Stream 8[0m!

[   10.655227] systemd[1]: Set hostname to <test>.
[   10.918294] systemd[1]: Created slice User and Session Slice.
[[0;32m  OK  [0m] Created slice User and Session Slice.
[   10.921320] systemd[1]: Created slice system-sshd\x2dkeygen.slice.
[[0;32m  OK  [0m] Created slice system-sshd\x2dkeygen.slice.
[   10.923089] systemd[1]: Listening on initctl Compatibility Named Pipe.
[[0;32m  OK  [0m] Listening on initctl Compatibility Named Pipe.
[   10.925260] systemd[1]: Set up automount Arbitrary Executable File Formats File System Automount Point.
[[0;32m  OK  [0m] Set up automount Arbitrary Executabâ€¦rmats File System Automount Point.
[   10.927382] systemd[1]: Reached target Slices.
[[0;32m  OK  [0m] Reached target Slices.
[   10.929164] systemd[1]: Listening on RPCbind Server Activation Socket.
[[0;32m  OK  [0m] Listening on RPCbind Server Activation Socket.
[[0;32m  OK  [0m] Reached target RPC Port Mapper.
[[0;32m  OK  [0m] Created slice system-serial\x2dgetty.slice.
[[0;32m  OK  [0m] Listening on multipathd control socket.
[[0;32m  OK  [0m] Listening on Journal Socket.
         Starting Remount Root and Kernel File Systems...
         Mounting POSIX Message Queue File System...
[[0;32m  OK  [0m] Created slice system-getty.slice.
         Mounting Kernel Debug File System...
[[0;32m  OK  [0m] Listening on udev Control Socket.
         Mounting Huge Pages File System...
[[0;32m  OK  [0m] Listening on udev Kernel Socket.
         Starting udev Coldplug all Devices...
[[0;32m  OK  [0m] Listening on Device-mapper event daemon FIFOs.
         Starting Monitoring of LVM2 mirrorsâ€¦ng dmeventd or progress polling...
[[0;32m  OK  [0m] Reached target Swap.
[[0;32m  OK  [0m] Listening on Process Core Dump Socket.
         Starting Load Kernel Modules...
[[0;32m  OK  [0m] Started Forward Password Requests to Wall Directory Watch.
         Starting Setup Virtual Console...
[[0;32m  OK  [0m] Listening on LVM2 poll daemon socket.
[[0;32m  OK  [0m] Listening on Journal Socket (/dev/log).
         Starting Journal Service...
[   11.192885] EXT4-fs (sda): re-mounted 23a53bb9-f815-47a5-b74c-5e08f7731193. Quota mode: none.
[[0;32m  OK  [0m] Started Remount Root and Kernel File Systems.
[[0;32m  OK  [0m] Started Journal Service.
[[0;32m  OK  [0m] Mounted POSIX Message Queue File System.
[[0;32m  OK  [0m] Mounted Kernel Debug File System.
[[0;32m  OK  [0m] Mounted Huge Pages File System.
[[0;1;31mFAILED[0m] Failed to start Load Kernel Modules.
See 'systemctl status systemd-modules-load.service' for details.
         Mounting FUSE Control File System...
         Mounting Kernel Configuration File System...
         Starting Apply Kernel Variables...
         Starting Load/Save Random Seed...
         Starting Create Static Device Nodes in /dev...
         Starting Flush Journal to Persistent Storage...
[[0;32m  OK  [0m] Started udev Coldplug all Devices.
[[0;32m  OK  [0m] Started Setup Virtual Console.
[[0;32m  OK  [0m] Mounted FUSE Control File System.
[[0;32m  OK  [0m] Mounted Kernel Configuration File System.
[[0;32m  OK  [0m] Started Apply Kernel Variables.
[[0;32m  OK  [0m] Started Load/Save Random Seed.
[[0;32m  OK  [0m] Started Create Static Device Nodes in /dev.
         Starting udev Kernel Device Manager...
         Starting udev Wait for Complete Device Initialization...
[[0;32m  OK  [0m] Started Flush Journal to Persistent Storage.
[[0;32m  OK  [0m] Started udev Kernel Device Manager.
         Starting Show Plymouth Boot Screen...
[[0;32m  OK  [0m] Started Show Plymouth Boot Screen.
[[0;32m  OK  [0m] Reached target Local Encrypted Volumes.
[[0;32m  OK  [0m] Reached target Paths.
[[0;32m  OK  [0m] Started Forward Password Requests to Plymouth Directory Watch.
[[0;32m  OK  [0m] Found device /dev/ttyS0.
[[0;32m  OK  [0m] Started Monitoring of LVM2 mirrors,â€¦sing dmeventd or progress polling.
[[0;32m  OK  [0m] Listening on Load/Save RF Kill Switch Status /dev/rfkill Watch.
[[0;32m  OK  [0m] Started udev Wait for Complete Device Initialization.
[[0;32m  OK  [0m] Reached target Local File Systems (Pre).
[[0;32m  OK  [0m] Reached target Local File Systems.
         Starting Restore /run/initramfs on shutdown...
         Starting Tell Plymouth To Write Out Runtime Data...
         Starting Create Volatile Files and Directories...
[[0;32m  OK  [0m] Started Restore /run/initramfs on shutdown.
[[0;32m  OK  [0m] Started Tell Plymouth To Write Out Runtime Data.
[[0;32m  OK  [0m] Started Create Volatile Files and Directories.
         Starting RPC Bind...
         Mounting RPC Pipe File System...
         Starting Security Auditing Service...
[[0;32m  OK  [0m] Mounted RPC Pipe File System.
[[0;32m  OK  [0m] Reached target rpc_pipefs.target.
[[0;32m  OK  [0m] Started RPC Bind.
[[0;32m  OK  [0m] Started Security Auditing Service.
         Starting Update UTMP about System Boot/Shutdown...
[[0;32m  OK  [0m] Started Update UTMP about System Boot/Shutdown.
[[0;32m  OK  [0m] Reached target System Initialization.
[[0;32m  OK  [0m] Listening on SSSD Kerberos Cache Manager responder socket.
[[0;32m  OK  [0m] Started dnf makecache --timer.
[[0;32m  OK  [0m] Started daily update of the root trust anchor for DNSSEC.
[[0;32m  OK  [0m] Listening on D-Bus System Message Bus Socket.
[[0;32m  OK  [0m] Reached target Sockets.
[[0;32m  OK  [0m] Reached target Basic System.
[[0;32m  OK  [0m] Started irqbalance daemon.
         Starting Authorization Manager...
         Starting Auto-connect to subsystemsâ€¦-NVME devices found during boot...
         Starting NTP client/server...
[[0;32m  OK  [0m] Started D-Bus System Message Bus.
         Starting Network Manager...
[[0;32m  OK  [0m] Started Machine Check Exception Logging Daemon.
[[0;32m  OK  [0m] Started Daily Cleanup of Temporary Directories.
[[0;32m  OK  [0m] Reached target Timers.
[[0;32m  OK  [0m] Reached target sshd-keygen.target.
         Starting Login Service...
         Starting Self Monitoring and Reporting Technology (SMART) Daemon...
[[0;32m  OK  [0m] Started Auto-connect to subsystems â€¦FC-NVME devices found during boot.
         Starting update of the root trust aâ€¦or DNSSEC validation in unbound...
[[0;32m  OK  [0m] Started Login Service.
[[0;32m  OK  [0m] Started Self Monitoring and Reporting Technology (SMART) Daemon.
[[0;32m  OK  [0m] Started Network Manager.
[[0;32m  OK  [0m] Reached target Network.
         Starting Dynamic System Tuning Daemon...
         Starting GSSAPI Proxy Daemon...
         Starting OpenSSH server daemon...
         Starting Network Manager Wait Online...
[[0;32m  OK  [0m] Started update of the root trust anâ€¦ for DNSSEC validation in unbound.
[[0;32m  OK  [0m] Started NTP client/server.
[[0;32m  OK  [0m] Started OpenSSH server daemon.
[[0;32m  OK  [0m] Started GSSAPI Proxy Daemon.
[[0;32m  OK  [0m] Started Authorization Manager.
[[0;32m  OK  [0m] Reached target NFS client services.
[[0;32m  OK  [0m] Reached target Remote File Systems (Pre).
[[0;32m  OK  [0m] Reached target Remote File Systems.
         Starting Permit User Sessions...
         Starting Hostname Service...
[[0;32m  OK  [0m] Started Permit User Sessions.
         Starting Hold until boot process finishes up...
         Starting Terminate Plymouth Boot Screen...
[[0;32m  OK  [0m] Started Command Scheduler.
[   13.642580] e1000: eth0 NIC Link is Up 1000 Mbps Full Duplex, Flow Control: RX
[   13.644205] IPv6: ADDRCONF(NETDEV_CHANGE): eth0: link becomes ready
[   13.881944] Spectre V2 : WARNING: Unprivileged eBPF is enabled with eIBRS on, data leaks possible via Spectre v2 BHB attacks!
[   13.883403] Spectre V2 : WARNING: Unprivileged eBPF is enabled with eIBRS on, data leaks possible via Spectre v2 BHB attacks!

CentOS Stream 8
Kernel 6.3.0-af3877265dd8+ on an x86_64

test login: [   30.213330] memfd_create() without MFD_EXEC nor MFD_NOEXEC_SEAL, pid=332 'systemd'
[   33.988624] loop0: detected capacity change from 0 to 65536
[   33.989517] XFS: attr2 mount option is deprecated.
[   33.990018] XFS: ikeep mount option is deprecated.
[   33.992127] XFS (loop0): Deprecated V4 format (crc=0) will not be supported after September 2030.
[   33.993303] XFS (loop0): Mounting V4 Filesystem d28317a9-9e04-4f2a-be27-e55b4c413ff6
[   33.998858] XFS (loop0): Ending clean mount
[   33.999891] XFS (loop0): Quotacheck needed: Please wait.
[   34.003174] BUG: kernel NULL pointer dereference, address: 0000000000000008
[   34.003911] #PF: supervisor read access in kernel mode
[   34.004447] #PF: error_code(0x0000) - not-present page
[   34.004982] PGD 0 P4D 0 
[   34.005263] Oops: 0000 [#1] PREEMPT SMP NOPTI
[   34.005736] CPU: 1 PID: 34 Comm: kworker/u4:3 Not tainted 6.3.0-af3877265dd8+ #1
[   34.006504] Hardware name: QEMU Standard PC (i440FX + PIIX, 1996), BIOS rel-1.16.0-0-gd239552ce722-prebuilt.qemu.org 04/01/2014
[   34.007675] Workqueue: xfs_iwalk-517 xfs_pwork_work
[   34.008219] RIP: 0010:xfs_extent_free_diff_items+0x27/0x40
[   34.008799] Code: 90 90 90 f3 0f 1e fa 0f 1f 44 00 00 55 48 89 e5 41 54 49 89 f4 53 48 89 d3 e8 c5 60 7d ff 49 8b 44 24 28 48 8b 53 28 5b 41 5c <8b> 40 08 5d 2b 42 08 c3 cc cc cc cc 66 66 2e 0f 1f 84 00 00 00 00
[   34.010682] RSP: 0000:ffffc900001278c0 EFLAGS: 00010246
[   34.011229] RAX: 0000000000000000 RBX: ffff88800d245a80 RCX: ffffffff81d744e1
[   34.011973] RDX: 0000000000000000 RSI: ffff88800778c800 RDI: 0000000000000002
[   34.012709] RBP: ffffc900001278c0 R08: ffffc900001278e0 R09: 0000000000000000
[   34.013445] R10: ffff88800da717a0 R11: ffffffff83e426e0 R12: ffff88800d245ea8
[   34.014185] R13: ffff88800d245000 R14: ffffffff81b06c90 R15: ffffc90000127908
[   34.014922] FS:  0000000000000000(0000) GS:ffff88807dd00000(0000) knlGS:0000000000000000
[   34.015756] CS:  0010 DS: 0000 ES: 0000 CR0: 0000000080050033
[   34.016358] CR2: 0000000000000008 CR3: 000000000eac4001 CR4: 0000000000770ee0
[   34.017100] PKRU: 55555554
[   34.017394] Call Trace:
[   34.017662]  <TASK>
[   34.017899]  list_sort+0xb8/0x3a0
[   34.018275]  xfs_extent_free_create_intent+0xb6/0xc0
[   34.018807]  xfs_defer_create_intents+0xc3/0x220
[   34.019316]  ? write_comp_data+0x2f/0x90
[   34.019748]  xfs_defer_finish_noroll+0x9e/0xbc0
[   34.020235]  ? list_sort+0x344/0x3a0
[   34.020629]  __xfs_trans_commit+0x4be/0x630
[   34.021084]  xfs_trans_commit+0x20/0x30
[   34.021503]  xfs_dquot_disk_alloc+0x45d/0x4e0
[   34.021987]  xfs_qm_dqread+0x2f7/0x310
[   34.022387]  xfs_qm_dqget+0xd5/0x300
[   34.022763]  xfs_qm_quotacheck_dqadjust+0x5a/0x230
[   34.023263]  xfs_qm_dqusage_adjust+0x249/0x300
[   34.023733]  xfs_iwalk_ag_recs+0x1bd/0x2e0
[   34.024165]  xfs_iwalk_run_callbacks+0xc3/0x1c0
[   34.024638]  xfs_iwalk_ag+0x32e/0x3f0
[   34.025027]  xfs_iwalk_ag_work+0xbe/0xf0
[   34.025439]  xfs_pwork_work+0x2c/0xc0
[   34.025821]  process_one_work+0x3b1/0x860
[   34.026248]  worker_thread+0x52/0x660
[   34.026634]  ? __pfx_worker_thread+0x10/0x10
[   34.027079]  kthread+0x16d/0x1c0
[   34.027439]  ? __pfx_kthread+0x10/0x10
[   34.027840]  ret_from_fork+0x29/0x50
[   34.028230]  </TASK>
[   34.028465] Modules linked in:
[   34.028786] CR2: 0000000000000008
[   34.029129] ---[ end trace 0000000000000000 ]---
[   34.029598] RIP: 0010:xfs_extent_free_diff_items+0x27/0x40
[   34.030153] Code: 90 90 90 f3 0f 1e fa 0f 1f 44 00 00 55 48 89 e5 41 54 49 89 f4 53 48 89 d3 e8 c5 60 7d ff 49 8b 44 24 28 48 8b 53 28 5b 41 5c <8b> 40 08 5d 2b 42 08 c3 cc cc cc cc 66 66 2e 0f 1f 84 00 00 00 00
[   34.031974] RSP: 0000:ffffc900001278c0 EFLAGS: 00010246
[   34.032502] RAX: 0000000000000000 RBX: ffff88800d245a80 RCX: ffffffff81d744e1
[   34.033212] RDX: 0000000000000000 RSI: ffff88800778c800 RDI: 0000000000000002
[   34.033922] RBP: ffffc900001278c0 R08: ffffc900001278e0 R09: 0000000000000000
[   34.034634] R10: ffff88800da717a0 R11: ffffffff83e426e0 R12: ffff88800d245ea8
[   34.035347] R13: ffff88800d245000 R14: ffffffff81b06c90 R15: ffffc90000127908
[   34.036066] FS:  0000000000000000(0000) GS:ffff88807dd00000(0000) knlGS:0000000000000000
[   34.036895] CS:  0010 DS: 0000 ES: 0000 CR0: 0000000080050033
[   34.037495] CR2: 0000000000000008 CR3: 000000000eac4001 CR4: 0000000000770ee0
[   34.038237] PKRU: 55555554
[   34.038531] note: kworker/u4:3[34] exited with irqs disabled
