c[?7l[2J[0mSeaBIOS (version rel-1.16.0-0-gd239552ce722-prebuilt.qemu.org)


iPXE (http://ipxe.org) 00:03.0 CA00 PCI2.10 PnP PMM+7FF91000+7FEF1000 CA00
Press Ctrl-B to configure iPXE (PCI 00:03.0)...                                                                               


Booting from ROM...
c[?7l[2J[    0.000000] Linux version 6.3.0-b23c1376db2d+ (root@p-rpls01) (gcc (GCC) 8.5.0 20210514 (Red Hat 8.5.0-19), GNU ld version 2.36.1-2.el8) #1 SMP PREEMPT_DYNAMIC Sun May 21 06:41:40 CST 2023
[    0.000000] Command line: console=ttyS0 root=/dev/sda earlyprintk=serial net.ifnames=0
[    0.000000] KERNEL supported cpus:
[    0.000000]   Intel GenuineIntel
[    0.000000]   AMD AuthenticAMD
[    0.000000]   Hygon HygonGenuine
[    0.000000]   Centaur CentaurHauls
[    0.000000]   zhaoxin   Shanghai  
[    0.000000] x86/fpu: Supporting XSAVE feature 0x001: 'x87 floating point registers'
[    0.000000] x86/fpu: Supporting XSAVE feature 0x002: 'SSE registers'
[    0.000000] x86/fpu: Supporting XSAVE feature 0x004: 'AVX registers'
[    0.000000] x86/fpu: Supporting XSAVE feature 0x200: 'Protection Keys User registers'
[    0.000000] x86/fpu: xstate_offset[2]:  576, xstate_sizes[2]:  256
[    0.000000] x86/fpu: xstate_offset[9]:  832, xstate_sizes[9]:    8
[    0.000000] x86/fpu: Enabled xstate features 0x207, context size is 840 bytes, using 'compacted' format.
[    0.000000] signal: max sigframe size: 3632
[    0.000000] BIOS-provided physical RAM map:
[    0.000000] BIOS-e820: [mem 0x0000000000000000-0x000000000009fbff] usable
[    0.000000] BIOS-e820: [mem 0x000000000009fc00-0x000000000009ffff] reserved
[    0.000000] BIOS-e820: [mem 0x00000000000f0000-0x00000000000fffff] reserved
[    0.000000] BIOS-e820: [mem 0x0000000000100000-0x000000007ffdffff] usable
[    0.000000] BIOS-e820: [mem 0x000000007ffe0000-0x000000007fffffff] reserved
[    0.000000] BIOS-e820: [mem 0x00000000feffc000-0x00000000feffffff] reserved
[    0.000000] BIOS-e820: [mem 0x00000000fffc0000-0x00000000ffffffff] reserved
[    0.000000] printk: bootconsole [earlyser0] enabled
[    0.000000] NX (Execute Disable) protection: active
[    0.000000] SMBIOS 2.8 present.
[    0.000000] DMI: QEMU Standard PC (i440FX + PIIX, 1996), BIOS rel-1.16.0-0-gd239552ce722-prebuilt.qemu.org 04/01/2014
[    0.000000] Hypervisor detected: KVM
[    0.000000] kvm-clock: Using msrs 4b564d01 and 4b564d00
[    0.000005] kvm-clock: using sched offset of 926632166 cycles
[    0.001344] clocksource: kvm-clock: mask: 0xffffffffffffffff max_cycles: 0x1cd42e4dffb, max_idle_ns: 881590591483 ns
[    0.005551] tsc: Detected 806.400 MHz processor
[    0.015682] last_pfn = 0x7ffe0 max_arch_pfn = 0x400000000
[    0.017164] x86/PAT: Configuration [0-7]: WB  WC  UC- UC  WB  WP  UC- WT  
[    0.028268] found SMP MP-table at [mem 0x000f5ba0-0x000f5baf]
[    0.029815] Using GB pages for direct mapping
[    0.032856] ACPI: Early table checksum verification disabled
[    0.034227] ACPI: RSDP 0x00000000000F59C0 000014 (v00 BOCHS )
[    0.035523] ACPI: RSDT 0x000000007FFE1951 000034 (v01 BOCHS  BXPC     00000001 BXPC 00000001)
[    0.037398] ACPI: FACP 0x000000007FFE17FD 000074 (v01 BOCHS  BXPC     00000001 BXPC 00000001)
[    0.039254] ACPI: DSDT 0x000000007FFE0040 0017BD (v01 BOCHS  BXPC     00000001 BXPC 00000001)
[    0.041101] ACPI: FACS 0x000000007FFE0000 000040
[    0.042108] ACPI: APIC 0x000000007FFE1871 000080 (v01 BOCHS  BXPC     00000001 BXPC 00000001)
[    0.043963] ACPI: HPET 0x000000007FFE18F1 000038 (v01 BOCHS  BXPC     00000001 BXPC 00000001)
[    0.045804] ACPI: WAET 0x000000007FFE1929 000028 (v01 BOCHS  BXPC     00000001 BXPC 00000001)
[    0.047644] ACPI: Reserving FACP table memory at [mem 0x7ffe17fd-0x7ffe1870]
[    0.049071] ACPI: Reserving DSDT table memory at [mem 0x7ffe0040-0x7ffe17fc]
[    0.050489] ACPI: Reserving FACS table memory at [mem 0x7ffe0000-0x7ffe003f]
[    0.051901] ACPI: Reserving APIC table memory at [mem 0x7ffe1871-0x7ffe18f0]
[    0.053317] ACPI: Reserving HPET table memory at [mem 0x7ffe18f1-0x7ffe1928]
[    0.054744] ACPI: Reserving WAET table memory at [mem 0x7ffe1929-0x7ffe1950]
[    0.057627] No NUMA configuration found
[    0.058410] Faking a node at [mem 0x0000000000000000-0x000000007ffdffff]
[    0.059836] NODE_DATA(0) allocated [mem 0x7ffb5000-0x7ffdffff]
[    0.064708] Zone ranges:
[    0.065234]   DMA      [mem 0x0000000000001000-0x0000000000ffffff]
[    0.066487]   DMA32    [mem 0x0000000001000000-0x000000007ffdffff]
[    0.067729]   Normal   empty
[    0.068311]   Device   empty
[    0.068898] Movable zone start for each node
[    0.069778] Early memory node ranges
[    0.070499]   node   0: [mem 0x0000000000001000-0x000000000009efff]
[    0.071761]   node   0: [mem 0x0000000000100000-0x000000007ffdffff]
[    0.073026] Initmem setup node 0 [mem 0x0000000000001000-0x000000007ffdffff]
[    0.079020] On node 0, zone DMA: 1 pages in unavailable ranges
[    0.079596] On node 0, zone DMA: 97 pages in unavailable ranges
[    0.183215] On node 0, zone DMA32: 32 pages in unavailable ranges
[    0.185138] ACPI: PM-Timer IO Port: 0x608
[    0.187243] ACPI: LAPIC_NMI (acpi_id[0xff] dfl dfl lint[0x1])
[    0.188552] IOAPIC[0]: apic_id 0, version 17, address 0xfec00000, GSI 0-23
[    0.189971] ACPI: INT_SRC_OVR (bus 0 bus_irq 0 global_irq 2 dfl dfl)
[    0.191253] ACPI: INT_SRC_OVR (bus 0 bus_irq 5 global_irq 5 high level)
[    0.192594] ACPI: INT_SRC_OVR (bus 0 bus_irq 9 global_irq 9 high level)
[    0.193935] ACPI: INT_SRC_OVR (bus 0 bus_irq 10 global_irq 10 high level)
[    0.195301] ACPI: INT_SRC_OVR (bus 0 bus_irq 11 global_irq 11 high level)
[    0.196692] ACPI: Using ACPI (MADT) for SMP configuration information
[    0.197991] ACPI: HPET id: 0x8086a201 base: 0xfed00000
[    0.199072] TSC deadline timer available
[    0.199872] smpboot: Allowing 2 CPUs, 0 hotplug CPUs
[    0.201053] kvm-guest: KVM setup pv remote TLB flush
[    0.202066] kvm-guest: setup PV sched yield
[    0.203051] PM: hibernation: Registered nosave memory: [mem 0x00000000-0x00000fff]
[    0.204578] PM: hibernation: Registered nosave memory: [mem 0x0009f000-0x0009ffff]
[    0.206094] PM: hibernation: Registered nosave memory: [mem 0x000a0000-0x000effff]
[    0.207614] PM: hibernation: Registered nosave memory: [mem 0x000f0000-0x000fffff]
[    0.209139] [mem 0x80000000-0xfeffbfff] available for PCI devices
[    0.210378] Booting paravirtualized kernel on KVM
[    0.211385] clocksource: refined-jiffies: mask: 0xffffffff max_cycles: 0xffffffff, max_idle_ns: 7645519600211568 ns
[    0.213530] setup_percpu: NR_CPUS:8192 nr_cpumask_bits:2 nr_cpu_ids:2 nr_node_ids:1
[    0.219222] percpu: Embedded 66 pages/cpu s233472 r8192 d28672 u1048576
[    0.220874] kvm-guest: PV spinlocks enabled
[    0.221726] PV qspinlock hash table entries: 256 (order: 0, 4096 bytes, linear)
[    0.223232] Kernel command line: net.ifnames=0 console=ttyS0 root=/dev/sda earlyprintk=serial net.ifnames=0
[    0.226481] random: crng init done
[    0.230663] Dentry cache hash table entries: 262144 (order: 9, 2097152 bytes, linear)
[    0.232328] Inode-cache hash table entries: 131072 (order: 8, 1048576 bytes, linear)
[    0.234024] Fallback order for Node 0: 0 
[    0.234047] Built 1 zonelists, mobility grouping on.  Total pages: 515808
[    0.236076] Policy zone: DMA32
[    0.236658] mem auto-init: stack:off, heap alloc:off, heap free:off
[    0.250025] Memory: 1966936K/2096632K available (34816K kernel code, 4569K rwdata, 9848K rodata, 10448K init, 31812K bss, 129440K reserved, 0K cma-reserved)
[    0.253328] SLUB: HWalign=64, Order=0-3, MinObjects=0, CPUs=2, Nodes=1
[    0.254539] kmemleak: Kernel memory leak detector disabled
[    0.255760] ftrace: allocating 68998 entries in 270 pages
[    0.302716] ftrace: allocated 270 pages with 4 groups
[    0.306233] Dynamic Preempt: voluntary
[    0.307112] Running RCU self tests
[    0.307692] Running RCU synchronous self tests
[    0.308455] rcu: Preemptible hierarchical RCU implementation.
[    0.309423] rcu: 	RCU lockdep checking is enabled.
[    0.310226] rcu: 	RCU restricting CPUs from NR_CPUS=8192 to nr_cpu_ids=2.
[    0.311372] 	Trampoline variant of Tasks RCU enabled.
[    0.312219] 	Rude variant of Tasks RCU enabled.
[    0.312979] 	Tracing variant of Tasks RCU enabled.
[    0.313783] rcu: RCU calculated value of scheduler-enlistment delay is 25 jiffies.
[    0.315065] rcu: Adjusting geometry for rcu_fanout_leaf=16, nr_cpu_ids=2
[    0.316237] Running RCU synchronous self tests
[    0.346497] NR_IRQS: 524544, nr_irqs: 440, preallocated irqs: 16
[    0.347932] rcu: srcu_init: Setting srcu_struct sizes based on contention.
[    0.364677] Console: colour VGA+ 80x25
[    0.365432] printk: console [ttyS0] enabled
[    0.365432] printk: console [ttyS0] enabled
[    0.366864] printk: bootconsole [earlyser0] disabled
[    0.366864] printk: bootconsole [earlyser0] disabled
[    0.368542] Lock dependency validator: Copyright (c) 2006 Red Hat, Inc., Ingo Molnar
[    0.369856] ... MAX_LOCKDEP_SUBCLASSES:  8
[    0.370563] ... MAX_LOCK_DEPTH:          48
[    0.371281] ... MAX_LOCKDEP_KEYS:        8192
[    0.372030] ... CLASSHASH_SIZE:          4096
[    0.372779] ... MAX_LOCKDEP_ENTRIES:     32768
[    0.373533] ... MAX_LOCKDEP_CHAINS:      65536
[    0.374285] ... CHAINHASH_SIZE:          32768
[    0.375041]  memory used by lock dependency info: 6365 kB
[    0.375952]  memory used for stack traces: 4224 kB
[    0.376761]  per task-struct memory footprint: 1920 bytes
[    0.377726] ACPI: Core revision 20230331
[    0.378701] clocksource: hpet: mask: 0xffffffff max_cycles: 0xffffffff, max_idle_ns: 19112604467 ns
[    0.380438] APIC: Switch to symmetric I/O mode setup
[    0.381739] x2apic enabled
[    0.382671] Switched APIC routing to physical x2apic.
[    0.383531] kvm-guest: setup PV IPIs
[    0.386231] ..TIMER: vector=0x30 apic1=0 pin1=2 apic2=-1 pin2=-1
[    0.387292] clocksource: tsc-early: mask: 0xffffffffffffffff max_cycles: 0xb9fb05486c, max_idle_ns: 440795231721 ns
[    0.389157] Calibrating delay loop (skipped) preset value.. 1612.80 BogoMIPS (lpj=3225600)
[    0.390563] pid_max: default: 32768 minimum: 301
[    0.391440] LSM: initializing lsm=capability,yama,integrity
[    0.392396] Yama: becoming mindful.
[    0.393427] Mount-cache hash table entries: 4096 (order: 3, 32768 bytes, linear)
[    0.394729] Mountpoint-cache hash table entries: 4096 (order: 3, 32768 bytes, linear)
[    0.398593] CPU0: Thermal monitoring enabled (TM1)
[    0.400835] x86/cpu: User Mode Instruction Prevention (UMIP) activated
[    0.402211] Last level iTLB entries: 4KB 0, 2MB 0, 4MB 0
[    0.403248] Last level dTLB entries: 4KB 0, 2MB 0, 4MB 0, 1GB 0
[    0.405253] Spectre V1 : Mitigation: usercopy/swapgs barriers and __user pointer sanitization
[    0.406703] Spectre V2 : WARNING: Unprivileged eBPF is enabled with eIBRS on, data leaks possible via Spectre v2 BHB attacks!
[    0.409148] Spectre V2 : Mitigation: Enhanced / Automatic IBRS
[    0.410120] Spectre V2 : Spectre v2 / SpectreRSB mitigation: Filling RSB on context switch
[    0.411484] Spectre V2 : Spectre v2 / PBRSB-eIBRS: Retire a single CALL on VMEXIT
[    0.412722] Spectre V2 : mitigation: Enabling conditional Indirect Branch Prediction Barrier
[    0.413143] Speculative Store Bypass: Mitigation: Speculative Store Bypass disabled via prctl
[    0.414557] MMIO Stale Data: Unknown: No mitigations
[    0.546383] Freeing SMP alternatives memory: 56K
[    0.547264] Running RCU synchronous self tests
[    0.548025] Running RCU synchronous self tests
[    0.549588] smpboot: CPU0: Genuine Intel(R) 0000 (family: 0x6, model: 0xb7, stepping: 0x0)
[    0.551832] cblist_init_generic: Setting adjustable number of callback queues.
[    0.553143] cblist_init_generic: Setting shift to 1 and lim to 1.
[    0.554253] cblist_init_generic: Setting shift to 1 and lim to 1.
[    0.555378] cblist_init_generic: Setting shift to 1 and lim to 1.
[    0.557210] Running RCU-tasks wait API self tests
[    0.661314] Performance Events: Alderlake Hybrid events, full-width counters, Intel PMU driver.
[    0.663381] core: cpu_core PMU driver: 
[    0.663998] ... version:                2
[    0.665144] ... bit width:              48
[    0.665786] ... generic registers:      6
[    0.666415] ... value mask:             0000ffffffffffff
[    0.667247] ... max period:             00007fffffffffff
[    0.669141] ... fixed-purpose events:   3
[    0.669770] ... event mask:             0001000f0000003f
[    0.670894] rcu: Hierarchical SRCU implementation.
[    0.671653] rcu: 	Max phase no-delay instances is 1000.
[    0.675396] unchecked MSR access error: WRMSR to 0x38f (tried to write 0x0001000f0000003f) at rIP: 0xffffffff810dcc2c (native_write_msr+0xc/0x30)
[    0.677135] Call Trace:
[    0.677135]  <TASK>
[    0.677135]  __intel_pmu_enable_all.constprop.51+0xb5/0x140
[    0.677135]  intel_pmu_enable_all+0x1e/0x30
[    0.677135]  x86_pmu_enable+0x46d/0x5a0
[    0.677135]  ? write_comp_data+0x2f/0x90
[    0.677135]  perf_pmu_enable+0x53/0x70
[    0.677135]  ctx_resched+0x14d/0x1e0
[    0.677135]  __perf_install_in_context+0x2f7/0x470
[    0.677135]  ? __pfx_remote_function+0x10/0x10
[    0.677135]  ? __pfx_remote_function+0x10/0x10
[    0.677135]  remote_function+0x80/0xa0
[    0.677135]  ? __pfx_remote_function+0x10/0x10
[    0.677135]  generic_exec_single+0x124/0x190
[    0.677135]  smp_call_function_single+0x11c/0x240
[    0.677135]  ? __pfx_remote_function+0x10/0x10
[    0.677135]  ? __sanitizer_cov_trace_pc+0x25/0x60
[    0.677135]  ? write_comp_data+0x2f/0x90
[    0.677135]  perf_install_in_context+0x2d8/0x300
[    0.677135]  ? __pfx___perf_install_in_context+0x10/0x10
[    0.677135]  perf_event_create_kernel_counter+0x284/0x2b0
[    0.677135]  ? __pfx_watchdog_overflow_callback+0x10/0x10
[    0.677135]  hardlockup_detector_event_create+0x46/0xd0
[    0.677135]  hardlockup_detector_perf_init+0x18/0x80
[    0.677135]  watchdog_nmi_probe+0x17/0x20
[    0.677135]  lockup_detector_init+0x40/0xb0
[    0.677135]  kernel_init_freeable+0x37e/0x730
[    0.677135]  ? __pfx_kernel_init+0x10/0x10
[    0.677135]  kernel_init+0x24/0x1e0
[    0.677135]  ? __pfx_kernel_init+0x10/0x10
[    0.677135]  ret_from_fork+0x29/0x50
[    0.677135]  </TASK>
[    0.677164] Callback from call_rcu_tasks_trace() invoked.
[    0.678254] smp: Bringing up secondary CPUs ...
[    0.679633] x86: Booting SMP configuration:
[    0.681146] .... node  #0, CPUs:      #1
[    0.682082] smp: Brought up 1 node, 2 CPUs
[    0.682516] smpboot: Max logical packages: 1
[    0.685152] smpboot: Total of 2 processors activated (3225.60 BogoMIPS)
[    0.698164] devtmpfs: initialized
[    0.698164] x86/mm: Memory block size: 128MB
[    0.705583] Running RCU synchronous self tests
[    0.706315] Running RCU synchronous self tests
[    0.707051] clocksource: jiffies: mask: 0xffffffff max_cycles: 0xffffffff, max_idle_ns: 7645041785100000 ns
[    0.709151] futex hash table entries: 512 (order: 4, 65536 bytes, linear)
[    0.710628] pinctrl core: initialized pinctrl subsystem
[    0.711806] 
[    0.713143] *************************************************************
[    0.714200] **     NOTICE NOTICE NOTICE NOTICE NOTICE NOTICE NOTICE    **
[    0.715255] **                                                         **
[    0.717141] **  IOMMU DebugFS SUPPORT HAS BEEN ENABLED IN THIS KERNEL  **
[    0.718191] **                                                         **
[    0.719238] ** This means that this kernel is built to expose internal **
[    0.721141] ** IOMMU data structures, which may compromise security on **
[    0.722191] ** your system.                                            **
[    0.723243] **                                                         **
[    0.725141] ** If you see this message and you are not debugging the   **
[    0.726197] ** kernel, report this immediately to your vendor!         **
[    0.727249] **                                                         **
[    0.729141] **     NOTICE NOTICE NOTICE NOTICE NOTICE NOTICE NOTICE    **
[    0.730193] *************************************************************
[    0.731362] PM: RTC time: 22:42:28, date: 2023-05-20
[    0.739032] NET: Registered PF_NETLINK/PF_ROUTE protocol family
[    0.741724] DMA: preallocated 256 KiB GFP_KERNEL pool for atomic allocations
[    0.742858] DMA: preallocated 256 KiB GFP_KERNEL|GFP_DMA pool for atomic allocations
[    0.745152] DMA: preallocated 256 KiB GFP_KERNEL|GFP_DMA32 pool for atomic allocations
[    0.746432] audit: initializing netlink subsys (disabled)
[    0.747309] audit: type=2000 audit(1684622549.402:1): state=initialized audit_enabled=0 res=1
[    0.747309] thermal_sys: Registered thermal governor 'fair_share'
[    0.747309] thermal_sys: Registered thermal governor 'bang_bang'
[    0.749144] thermal_sys: Registered thermal governor 'step_wise'
[    0.750100] thermal_sys: Registered thermal governor 'user_space'
[    0.753265] cpuidle: using governor ladder
[    0.754802] cpuidle: using governor menu
[    0.755781] acpiphp: ACPI Hot Plug PCI Controller Driver version: 0.5
[    0.757544] PCI: Using configuration type 1 for base access
[    0.759886] kprobes: kprobe jump-optimization is enabled. All kprobes are optimized if possible.
[    1.114804] Callback from call_rcu_tasks_rude() invoked.
[    1.121136] HugeTLB: registered 1.00 GiB page size, pre-allocated 0 pages
[    1.121136] HugeTLB: 16380 KiB vmemmap can be freed for a 1.00 GiB page
[    1.125158] HugeTLB: registered 2.00 MiB page size, pre-allocated 0 pages
[    1.126950] HugeTLB: 28 KiB vmemmap can be freed for a 2.00 MiB page
[    1.146190] ACPI: Added _OSI(Module Device)
[    1.147408] ACPI: Added _OSI(Processor Device)
[    1.149153] ACPI: Added _OSI(3.0 _SCP Extensions)
[    1.150409] ACPI: Added _OSI(Processor Aggregator Device)
[    1.161206] ACPI: 1 ACPI AML tables successfully acquired and loaded
[    1.225271] Callback from call_rcu_tasks() invoked.
[    4.726434] ACPI: Interpreter enabled
[    4.726575] ACPI: PM: (supports S0 S3 S4 S5)
[    4.727224] ACPI: Using IOAPIC for interrupt routing
[    4.729142] PCI: Using host bridge windows from ACPI; if necessary, use "pci=nocrs" and report a bug
[    4.730484] PCI: Using E820 reservations for host bridge windows
[    4.733434] ACPI: Enabled 2 GPEs in block 00 to 0F
[    4.758495] ACPI: PCI Root Bridge [PCI0] (domain 0000 [bus 00-ff])
[    4.759706] acpi PNP0A03:00: _OSC: OS supports [ASPM ClockPM Segments MSI EDR HPX-Type3]
[    4.765149] acpi PNP0A03:00: _OSC: not requesting OS control; OS requires [ExtendedConfig ASPM ClockPM MSI]
[    4.766997] acpi PNP0A03:00: fail to add MMCONFIG information, can't access extended configuration space under this bridge
[    4.771386] acpiphp: Slot [3] registered
[    4.773218] acpiphp: Slot [4] registered
[    4.774024] acpiphp: Slot [5] registered
[    4.774810] acpiphp: Slot [6] registered
[    4.775595] acpiphp: Slot [7] registered
[    4.777214] acpiphp: Slot [8] registered
[    4.777999] acpiphp: Slot [9] registered
[    4.778782] acpiphp: Slot [10] registered
[    4.779588] acpiphp: Slot [11] registered
[    4.781207] acpiphp: Slot [12] registered
[    4.782022] acpiphp: Slot [13] registered
[    4.782856] acpiphp: Slot [14] registered
[    4.783659] acpiphp: Slot [15] registered
[    4.785207] acpiphp: Slot [16] registered
[    4.786041] acpiphp: Slot [17] registered
[    4.786844] acpiphp: Slot [18] registered
[    4.787644] acpiphp: Slot [19] registered
[    4.793218] acpiphp: Slot [20] registered
[    4.794019] acpiphp: Slot [21] registered
[    4.794822] acpiphp: Slot [22] registered
[    4.795646] acpiphp: Slot [23] registered
[    4.797210] acpiphp: Slot [24] registered
[    4.798051] acpiphp: Slot [25] registered
[    4.798901] acpiphp: Slot [26] registered
[    4.799748] acpiphp: Slot [27] registered
[    4.801210] acpiphp: Slot [28] registered
[    4.802049] acpiphp: Slot [29] registered
[    4.802887] acpiphp: Slot [30] registered
[    4.803728] acpiphp: Slot [31] registered
[    4.805170] PCI host bridge to bus 0000:00
[    4.805961] pci_bus 0000:00: root bus resource [io  0x0000-0x0cf7 window]
[    4.807303] pci_bus 0000:00: root bus resource [io  0x0d00-0xffff window]
[    4.809151] pci_bus 0000:00: root bus resource [mem 0x000a0000-0x000bffff window]
[    4.810680] pci_bus 0000:00: root bus resource [mem 0x80000000-0xfebfffff window]
[    4.813145] pci_bus 0000:00: root bus resource [mem 0x100000000-0x17fffffff window]
[    4.814695] pci_bus 0000:00: root bus resource [bus 00-ff]
[    4.815977] pci 0000:00:00.0: [8086:1237] type 00 class 0x060000
[    4.821697] pci 0000:00:01.0: [8086:7000] type 00 class 0x060100
[    4.825342] pci 0000:00:01.1: [8086:7010] type 00 class 0x010180
[    4.829746] pci 0000:00:01.1: reg 0x20: [io  0xc040-0xc04f]
[    4.831700] pci 0000:00:01.1: legacy IDE quirk: reg 0x10: [io  0x01f0-0x01f7]
[    4.837147] pci 0000:00:01.1: legacy IDE quirk: reg 0x14: [io  0x03f6]
[    4.838495] pci 0000:00:01.1: legacy IDE quirk: reg 0x18: [io  0x0170-0x0177]
[    4.839934] pci 0000:00:01.1: legacy IDE quirk: reg 0x1c: [io  0x0376]
[    4.841598] pci 0000:00:01.3: [8086:7113] type 00 class 0x068000
[    4.845182] pci 0000:00:01.3: quirk: [io  0x0600-0x063f] claimed by PIIX4 ACPI
[    4.846768] pci 0000:00:01.3: quirk: [io  0x0700-0x070f] claimed by PIIX4 SMB
[    4.849704] pci 0000:00:02.0: [1234:1111] type 00 class 0x030000
[    4.857787] pci 0000:00:02.0: reg 0x10: [mem 0xfd000000-0xfdffffff pref]
[    4.862832] pci 0000:00:02.0: reg 0x18: [mem 0xfebf0000-0xfebf0fff]
[    4.870808] pci 0000:00:02.0: reg 0x30: [mem 0xfebe0000-0xfebeffff pref]
[    4.873712] pci 0000:00:02.0: Video device with shadowed ROM at [mem 0x000c0000-0x000dffff]
[    4.882593] pci 0000:00:03.0: [8086:100e] type 00 class 0x020000
[    4.885513] pci 0000:00:03.0: reg 0x10: [mem 0xfebc0000-0xfebdffff]
[    4.887595] pci 0000:00:03.0: reg 0x14: [io  0xc000-0xc03f]
[    4.894107] pci 0000:00:03.0: reg 0x30: [mem 0xfeb80000-0xfebbffff pref]
[    4.950029] ACPI: PCI: Interrupt link LNKA configured for IRQ 10
[    4.951609] ACPI: PCI: Interrupt link LNKB configured for IRQ 10
[    4.957520] ACPI: PCI: Interrupt link LNKC configured for IRQ 11
[    4.959031] ACPI: PCI: Interrupt link LNKD configured for IRQ 11
[    4.961327] ACPI: PCI: Interrupt link LNKS configured for IRQ 9
[    4.965523] iommu: Default domain type: Translated 
[    4.966103] iommu: DMA domain TLB invalidation policy: lazy mode 
[    4.970966] SCSI subsystem initialized
[    4.971715] ACPI: bus type USB registered
[    4.973242] usbcore: registered new interface driver usbfs
[    4.974319] usbcore: registered new interface driver hub
[    4.975350] usbcore: registered new device driver usb
[    4.977274] pps_core: LinuxPPS API ver. 1 registered
[    4.978188] pps_core: Software ver. 5.3.6 - Copyright 2005-2007 Rodolfo Giometti <giometti@linux.it>
[    4.979930] PTP clock support registered
[    4.981251] EDAC MC: Ver: 3.0.0
[    4.989168] NetLabel: Initializing
[    4.989810] NetLabel:  domain hash size = 128
[    4.990609] NetLabel:  protocols = UNLABELED CIPSOv4 CALIPSO
[    4.991693] NetLabel:  unlabeled traffic allowed by default
[    4.993459] PCI: Using ACPI for IRQ routing
[    4.994369] pci 0000:00:02.0: vgaarb: setting as boot VGA device
[    4.994369] pci 0000:00:02.0: vgaarb: bridge control possible
[    4.995283] pci 0000:00:02.0: vgaarb: VGA device added: decodes=io+mem,owns=io+mem,locks=none
[    4.997144] vgaarb: loaded
[    4.998070] hpet0: at MMIO 0xfed00000, IRQs 2, 8, 0
[    4.999000] hpet0: 3 comparators, 64-bit 100.000000 MHz counter
[    5.005157] clocksource: Switched to clocksource kvm-clock
[    5.008012] VFS: Disk quotas dquot_6.6.0
[    5.008799] VFS: Dquot-cache hash table entries: 512 (order 0, 4096 bytes)
[    5.010396] pnp: PnP ACPI init
[    5.012843] pnp: PnP ACPI: found 6 devices
[    5.025463] clocksource: acpi_pm: mask: 0xffffff max_cycles: 0xffffff, max_idle_ns: 2085701024 ns
[    5.028145] NET: Registered PF_INET protocol family
[    5.029594] IP idents hash table entries: 32768 (order: 6, 262144 bytes, linear)
[    5.032343] tcp_listen_portaddr_hash hash table entries: 1024 (order: 4, 73728 bytes, linear)
[    5.034013] Table-perturb hash table entries: 65536 (order: 6, 262144 bytes, linear)
[    5.035410] TCP established hash table entries: 16384 (order: 5, 131072 bytes, linear)
[    5.037278] TCP bind hash table entries: 16384 (order: 9, 2359296 bytes, linear)
[    5.043160] TCP: Hash tables configured (established 16384 bind 16384)
[    5.044848] UDP hash table entries: 1024 (order: 5, 163840 bytes, linear)
[    5.046348] UDP-Lite hash table entries: 1024 (order: 5, 163840 bytes, linear)
[    5.048150] NET: Registered PF_UNIX/PF_LOCAL protocol family
[    5.049813] RPC: Registered named UNIX socket transport module.
[    5.050912] RPC: Registered udp transport module.
[    5.051766] RPC: Registered tcp transport module.
[    5.052646] RPC: Registered tcp NFSv4.1 backchannel transport module.
[    5.053855] pci_bus 0000:00: resource 4 [io  0x0000-0x0cf7 window]
[    5.054982] pci_bus 0000:00: resource 5 [io  0x0d00-0xffff window]
[    5.056114] pci_bus 0000:00: resource 6 [mem 0x000a0000-0x000bffff window]
[    5.057358] pci_bus 0000:00: resource 7 [mem 0x80000000-0xfebfffff window]
[    5.058598] pci_bus 0000:00: resource 8 [mem 0x100000000-0x17fffffff window]
[    5.060161] pci 0000:00:01.0: PIIX3: Enabling Passive Release
[    5.061246] pci 0000:00:00.0: Limiting direct PCI/PCI transfers
[    5.062477] PCI: CLS 0 bytes, default 64
[    5.063612] ACPI: bus type thunderbolt registered
[    5.064893] clocksource: tsc: mask: 0xffffffffffffffff max_cycles: 0xb9fb05486c, max_idle_ns: 440795231721 ns
[    5.143412] Initialise system trusted keyrings
[    5.144444] Key type blacklist registered
[    5.145586] workingset: timestamp_bits=36 max_order=19 bucket_order=0
[    5.146881] zbud: loaded
[    5.148130] squashfs: version 4.0 (2009/01/31) Phillip Lougher
[    5.150328] NFS: Registering the id_resolver key type
[    5.151276] Key type id_resolver registered
[    5.152080] Key type id_legacy registered
[    5.152841] nfs4filelayout_init: NFSv4 File Layout Driver Registering...
[    5.154071] nfs4flexfilelayout_init: NFSv4 Flexfile Layout Driver Registering...
[    5.155562] fuse: init (API version 7.38)
[    5.156499] SGI XFS with ACLs, security attributes, realtime, quota, no debug enabled
[    5.158717] 9p: Installing v9fs 9p2000 file system support
[    5.166690] Key type asymmetric registered
[    5.167461] Asymmetric key parser 'x509' registered
[    5.168511] Block layer SCSI generic (bsg) driver version 0.4 loaded (major 243)
[    5.170165] io scheduler mq-deadline registered
[    5.171008] io scheduler bfq registered
[    5.172370] shpchp: Standard Hot Plug PCI Controller Driver version: 0.4
[    5.174008] IPMI message handler: version 39.2
[    5.174841] ipmi device interface
[    5.177184] input: Power Button as /devices/LNXSYSTM:00/LNXPWRBN:00/input/input0
[    5.178805] ACPI: button: Power Button [PWRF]
[    5.180677] ERST DBG: ERST support is disabled.
[    5.182173] Serial: 8250/16550 driver, 32 ports, IRQ sharing enabled
[    5.184278] 00:04: ttyS0 at I/O 0x3f8 (irq = 4, base_baud = 115200) is a 16550A
[    5.193659] Linux agpgart interface v0.103
[    5.195315] ACPI: bus type drm_connector registered
[    5.208876] brd: module loaded
[    5.217300] loop: module loaded
[    5.223476] scsi host0: ata_piix
[    5.224710] scsi host1: ata_piix
[    5.225447] ata1: PATA max MWDMA2 cmd 0x1f0 ctl 0x3f6 bmdma 0xc040 irq 14
[    5.226628] ata2: PATA max MWDMA2 cmd 0x170 ctl 0x376 bmdma 0xc048 irq 15
[    5.229481] tun: Universal TUN/TAP device driver, 1.6
[    5.230647] e100: Intel(R) PRO/100 Network Driver
[    5.231463] e100: Copyright(c) 1999-2006 Intel Corporation
[    5.232463] e1000: Intel(R) PRO/1000 Network Driver
[    5.233303] e1000: Copyright (c) 1999-2006 Intel Corporation.
[    5.381373] ACPI: \_SB_.LNKC: Enabled at IRQ 11
[    5.388353] ata1: found unknown device (class 0)
[    5.389677] ata2: found unknown device (class 0)
[    5.391579] ata1.00: ATA-7: QEMU HARDDISK, 2.5+, max UDMA/100
[    5.392635] ata1.00: 16777216 sectors, multi 16: LBA48 
[    5.393870] ata2.00: ATAPI: QEMU DVD-ROM, 2.5+, max UDMA/100
[    5.396554] scsi 0:0:0:0: Direct-Access     ATA      QEMU HARDDISK    2.5+ PQ: 0 ANSI: 5
[    5.399171] sd 0:0:0:0: Attached scsi generic sg0 type 0
[    5.399503] sd 0:0:0:0: [sda] 16777216 512-byte logical blocks: (8.59 GB/8.00 GiB)
[    5.400939] scsi 1:0:0:0: CD-ROM            QEMU     QEMU DVD-ROM     2.5+ PQ: 0 ANSI: 5
[    5.401599] sd 0:0:0:0: [sda] Write Protect is off
[    5.403925] sd 0:0:0:0: [sda] Write cache: enabled, read cache: enabled, doesn't support DPO or FUA
[    5.405594] sd 0:0:0:0: [sda] Preferred minimum I/O size 512 bytes
[    5.426039] scsi 1:0:0:0: Attached scsi generic sg1 type 5
[    5.427759] sd 0:0:0:0: [sda] Attached SCSI disk
[    5.738424] e1000 0000:00:03.0 eth0: (PCI:33MHz:32-bit) 52:54:00:12:34:56
[    5.739635] e1000 0000:00:03.0 eth0: Intel(R) PRO/1000 Network Connection
[    5.740934] e1000e: Intel(R) PRO/1000 Network Driver
[    5.741779] e1000e: Copyright(c) 1999 - 2015 Intel Corporation.
[    5.742849] igb: Intel(R) Gigabit Ethernet Network Driver
[    5.743778] igb: Copyright (c) 2007-2014 Intel Corporation.
[    5.744852] PPP generic driver version 2.4.2
[    5.746691] VFIO - User Level meta-driver version: 0.3
[    5.748342] usbcore: registered new interface driver uas
[    5.749351] usbcore: registered new interface driver usb-storage
[    5.750630] i8042: PNP: PS/2 Controller [PNP0303:KBD,PNP0f13:MOU] at 0x60,0x64 irq 1,12
[    5.753258] serio: i8042 KBD port at 0x60,0x64 irq 1
[    5.754187] serio: i8042 AUX port at 0x60,0x64 irq 12
[    5.755971] mousedev: PS/2 mouse device common for all mice
[    5.758223] rtc_cmos 00:05: RTC can wake from S4
[    5.759914] input: AT Translated Set 2 keyboard as /devices/platform/i8042/serio0/input/input1
[    5.762674] rtc_cmos 00:05: registered as rtc0
[    5.762828] input: VirtualPS/2 VMware VMMouse as /devices/platform/i8042/serio1/input/input4
[    5.763740] rtc_cmos 00:05: setting system clock to 2023-05-20T22:42:32 UTC (1684622552)
[    5.765960] input: VirtualPS/2 VMware VMMouse as /devices/platform/i8042/serio1/input/input3
[    5.768430] rtc_cmos 00:05: alarms up to one day, y3k, 242 bytes nvram, hpet irqs
[    5.769851] i2c_dev: i2c /dev entries driver
[    5.770904] device-mapper: core: CONFIG_IMA_DISABLE_HTABLE is disabled. Duplicate IMA measurements will not be recorded in the IMA log.
[    5.773203] device-mapper: uevent: version 1.0.3
[    5.774400] device-mapper: ioctl: 4.48.0-ioctl (2023-03-01) initialised: dm-devel@redhat.com
[    5.776019] intel_pstate: CPU model not supported
[    5.777009] sdhci: Secure Digital Host Controller Interface driver
[    5.778144] sdhci: Copyright(c) Pierre Ossman
[    5.779022] sdhci-pltfm: SDHCI platform and OF driver helper
[    5.780181] ledtrig-cpu: registered to indicate activity on CPUs
[    5.781673] drop_monitor: Initializing network drop monitor service
[    5.783053] NET: Registered PF_INET6 protocol family
[    5.788151] Segment Routing with IPv6
[    5.788899] In-situ OAM (IOAM) with IPv6
[    5.789709] NET: Registered PF_PACKET protocol family
[    5.790873] 9pnet: Installing 9P2000 support
[    5.791765] Key type dns_resolver registered
[    5.793952] IPI shorthand broadcast: enabled
[    5.809795] sched_clock: Marking stable (5776004631, 32031786)->(4626365936, 1181670481)
[    5.811841] registered taskstats version 1
[    5.812992] Loading compiled-in X.509 certificates
[    5.830117] Key type .fscrypt registered
[    5.830886] Key type fscrypt-provisioning registered
[    5.834086] Key type encrypted registered
[    5.834927] ima: No TPM chip found, activating TPM-bypass!
[    5.835943] ima: Allocated hash algorithm: sha1
[    5.836889] ima: No architecture policies found
[    5.837777] evm: Initialising EVM extended attributes:
[    5.838711] evm: security.selinux
[    5.839326] evm: security.SMACK64
[    5.839940] evm: security.SMACK64EXEC
[    5.840644] evm: security.SMACK64TRANSMUTE
[    5.841397] evm: security.SMACK64MMAP
[    5.842072] evm: security.apparmor
[    5.842701] evm: security.ima
[    5.843255] evm: security.capability
[    5.843914] evm: HMAC attrs: 0x1
[    5.846230] PM:   Magic number: 7:516:755
[    5.846997] tty ttyS6: hash matches
[    5.848322] RAS: Correctable Errors collector initialized.
[    5.850966] md: Waiting for all devices to be available before autodetect
[    5.851781] md: If you don't use raid, use raid=noautodetect
[    5.852520] md: Autodetecting RAID arrays.
[    5.853027] md: autorun ...
[    5.853373] md: ... autorun DONE.
[    5.864499] EXT4-fs (sda): INFO: recovery required on readonly filesystem
[    5.865353] EXT4-fs (sda): write access will be enabled during recovery
[    6.085062] EXT4-fs (sda): recovery complete
[    6.087183] EXT4-fs (sda): mounted filesystem 23a53bb9-f815-47a5-b74c-5e08f7731193 with ordered data mode. Quota mode: none.
[    6.088560] VFS: Mounted root (ext4 filesystem) readonly on device 8:0.
[    6.091477] devtmpfs: mounted
[    6.101017] Freeing unused decrypted memory: 2036K
[    6.114225] Freeing unused kernel image (initmem) memory: 10448K
[    6.114980] Write protecting the kernel read-only data: 45056k
[    6.117282] Freeing unused kernel image (rodata/data gap) memory: 392K
[    6.215570] x86/mm: Checked W+X mappings: passed, no W+X pages found.
[    6.216330] Run /sbin/init as init process
[    6.336489] systemd[1]: RTC configured in localtime, applying delta of 0 minutes to system time.
[    6.364974] systemd[1]: systemd 239 (239-49.el8) running in system mode. (+PAM +AUDIT +SELINUX +IMA -APPARMOR +SMACK +SYSVINIT +UTMP +LIBCRYPTSETUP +GCRYPT +GNUTLS +ACL +XZ +LZ4 +SECCOMP +BLKID +ELFUTILS +KMOD +IDN2 -IDN +PCRE2 default-hierarchy=legacy)
[    6.367484] systemd[1]: Detected virtualization kvm.
[    6.368060] systemd[1]: Detected architecture x86-64.

Welcome to [0;31mCentOS Stream 8[0m!

[    6.433377] systemd[1]: Set hostname to <test>.
[    6.782150] systemd[1]: Listening on Journal Socket.
[[0;32m  OK  [0m] Listening on Journal Socket.
[    6.804510] systemd[1]: Starting Remount Root and Kernel File Systems...
         Starting Remount Root and Kernel File Systems...
[    6.806603] systemd[1]: Reached target Swap.
[[0;32m  OK  [0m] Reached target Swap.
[    6.808176] systemd[1]: Listening on Device-mapper event daemon FIFOs.
[[0;32m  OK  [0m] Listening on Device-mapper event daemon FIFOs.
[    6.810463] systemd[1]: Listening on LVM2 poll daemon socket.
[[0;32m  OK  [0m] Listening on LVM2 poll daemon socket.
[    6.819536] systemd[1]: Starting Load Kernel Modules...
         Starting Load Kernel Modules...
         Mounting POSIX Message Queue File System...
[[0;32m  OK  [0m] Created slice User and Session Slice.
[[0;32m  OK  [0m] Listening on udev Kernel Socket.
[[0;32m  OK  [0m] Listening on Process Core Dump Socket.
[[0;32m  OK  [0m] Listening on initctl Compatibility Named Pipe.
[[0;32m  OK  [0m] Created slice system-getty.slice.
[[0;32m  OK  [0m] Created slice system-serial\x2dgetty.slice.
[[0;32m  OK  [0m] Listening on Journal Socket (/dev/log).
         Starting Journal Service...
         Mounting Huge Pages File System...
         Mounting Kernel Debug File System...
[[0;32m  OK  [0m] Started Forward Password Requests to Wall Directory Watch.
         Starting Setup Virtual Console...
[[0;32m  OK  [0m] Listening on multipathd control socket.
[[0;32m  OK  [0m] Listening on RPCbind Server Activation Socket.
[[0;32m  OK  [0m] Reached target RPC Port Mapper.
[[0;32m  OK  [0m] Created slice system-sshd\x2dkeygen.slice.
         Starting Monitoring of LVM2 mirrorsâ€¦ng dmeventd or progress polling...
[[0;32m  OK  [0m] Listening on udev Control Socket.
         Starting udev Coldplug all Devices...
[[0;32m  OK  [0m] Reached target Slices.
[    7.080343] EXT4-fs (sda): re-mounted 23a53bb9-f815-47a5-b74c-5e08f7731193. Quota mode: none.
[[0;32m  OK  [0m] Set up automount Arbitrary Executabâ€¦rmats File System Automount Point.
[[0;32m  OK  [0m] Started Journal Service.
[[0;32m  OK  [0m] Started Remount Root and Kernel File Systems.
[[0;1;31mFAILED[0m] Failed to start Load Kernel Modules.
See 'systemctl status systemd-modules-load.service' for details.
[[0;32m  OK  [0m] Mounted POSIX Message Queue File System.
[[0;32m  OK  [0m] Mounted Huge Pages File System.
[[0;32m  OK  [0m] Mounted Kernel Debug File System.
         Mounting Kernel Configuration File System...
         Mounting FUSE Control File System...
         Starting Apply Kernel Variables...
         Starting Load/Save Random Seed...
         Starting Create Static Device Nodes in /dev...
         Starting Flush Journal to Persistent Storage...
[[0;32m  OK  [0m] Started Setup Virtual Console.
[[0;32m  OK  [0m] Started udev Coldplug all Devices.
[[0;32m  OK  [0m] Mounted Kernel Configuration File System.
[[0;32m  OK  [0m] Mounted FUSE Control File System.
[[0;32m  OK  [0m] Started Apply Kernel Variables.
[[0;32m  OK  [0m] Started Load/Save Random Seed.
         Starting udev Wait for Complete Device Initialization...
[[0;32m  OK  [0m] Started Create Static Device Nodes in /dev.
[[0;32m  OK  [0m] Started Flush Journal to Persistent Storage.
         Starting udev Kernel Device Manager...
[[0;32m  OK  [0m] Started udev Kernel Device Manager.
         Starting Show Plymouth Boot Screen...
[[0;32m  OK  [0m] Started Show Plymouth Boot Screen.
[[0;32m  OK  [0m] Started Forward Password Requests to Plymouth Directory Watch.
[[0;32m  OK  [0m] Reached target Local Encrypted Volumes.
[[0;32m  OK  [0m] Reached target Paths.
[[0;32m  OK  [0m] Found device /dev/ttyS0.
[[0;32m  OK  [0m] Listening on Load/Save RF Kill Switch Status /dev/rfkill Watch.
[[0;32m  OK  [0m] Started Monitoring of LVM2 mirrors,â€¦sing dmeventd or progress polling.
[[0;32m  OK  [0m] Started udev Wait for Complete Device Initialization.
[[0;32m  OK  [0m] Reached target Local File Systems (Pre).
[[0;32m  OK  [0m] Reached target Local File Systems.
         Starting Restore /run/initramfs on shutdown...
         Starting Tell Plymouth To Write Out Runtime Data...
         Starting Create Volatile Files and Directories...
[[0;32m  OK  [0m] Started Restore /run/initramfs on shutdown.
[[0;32m  OK  [0m] Started Tell Plymouth To Write Out Runtime Data.
[[0;32m  OK  [0m] Started Create Volatile Files and Directories.
         Starting Security Auditing Service...
         Starting RPC Bind...
         Mounting RPC Pipe File System...
[[0;32m  OK  [0m] Mounted RPC Pipe File System.
[[0;32m  OK  [0m] Reached target rpc_pipefs.target.
[[0;32m  OK  [0m] Started RPC Bind.
[[0;32m  OK  [0m] Started Security Auditing Service.
         Starting Update UTMP about System Boot/Shutdown...
[[0;32m  OK  [0m] Started Update UTMP about System Boot/Shutdown.
[[0;32m  OK  [0m] Reached target System Initialization.
[[0;32m  OK  [0m] Listening on D-Bus System Message Bus Socket.
[[0;32m  OK  [0m] Started daily update of the root trust anchor for DNSSEC.
[[0;32m  OK  [0m] Started Daily Cleanup of Temporary Directories.
[[0;32m  OK  [0m] Listening on SSSD Kerberos Cache Manager responder socket.
[[0;32m  OK  [0m] Reached target Sockets.
[[0;32m  OK  [0m] Reached target Basic System.
[[0;32m  OK  [0m] Started D-Bus System Message Bus.
         Starting Auto-connect to subsystemsâ€¦-NVME devices found during boot...
[[0;32m  OK  [0m] Started Machine Check Exception Logging Daemon.
         Starting Authorization Manager...
[[0;32m  OK  [0m] Started irqbalance daemon.
         Starting NTP client/server...
[[0;32m  OK  [0m] Started dnf makecache --timer.
[[0;32m  OK  [0m] Reached target Timers.
         Starting Network Manager...
         Starting Self Monitoring and Reporting Technology (SMART) Daemon...
[[0;32m  OK  [0m] Reached target sshd-keygen.target.
         Starting Login Service...
[[0;32m  OK  [0m] Started Auto-connect to subsystems â€¦FC-NVME devices found during boot.
         Starting update of the root trust aâ€¦or DNSSEC validation in unbound...
[[0;32m  OK  [0m] Started Login Service.
[[0;32m  OK  [0m] Started Self Monitoring and Reporting Technology (SMART) Daemon.
[[0;32m  OK  [0m] Started update of the root trust anâ€¦ for DNSSEC validation in unbound.
[[0;32m  OK  [0m] Started Network Manager.
[[0;32m  OK  [0m] Reached target Network.
         Starting GSSAPI Proxy Daemon...
         Starting OpenSSH server daemon...
         Starting Dynamic System Tuning Daemon...
         Starting Network Manager Wait Online...
[[0;32m  OK  [0m] Started NTP client/server.
         Starting Hostname Service...
[[0;32m  OK  [0m] Started OpenSSH server daemon.
[[0;32m  OK  [0m] Started GSSAPI Proxy Daemon.
[[0;32m  OK  [0m] Started Authorization Manager.
[[0;32m  OK  [0m] Reached target NFS client services.
[[0;32m  OK  [0m] Reached target Remote File Systems (Pre).
[[0;32m  OK  [0m] Reached target Remote File Systems.
         Starting Permit User Sessions...
[[0;32m  OK  [0m] Started Permit User Sessions.
[[0;32m  OK  [0m] Started Command Scheduler.
         Starting Terminate Plymouth Boot Screen...
         Starting Hold until boot process finishes up...
[   10.388235] e1000: eth0 NIC Link is Up 1000 Mbps Full Duplex, Flow Control: RX
[   10.389966] IPv6: ADDRCONF(NETDEV_CHANGE): eth0: link becomes ready
[   10.769184] Spectre V2 : WARNING: Unprivileged eBPF is enabled with eIBRS on, data leaks possible via Spectre v2 BHB attacks!
[   10.770556] Spectre V2 : WARNING: Unprivileged eBPF is enabled with eIBRS on, data leaks possible via Spectre v2 BHB attacks!

CentOS Stream 8
Kernel 6.3.0-b23c1376db2d+ on an x86_64

test login: [   25.481403] memfd_create() without MFD_EXEC nor MFD_NOEXEC_SEAL, pid=329 'systemd'
[   29.767692] loop0: detected capacity change from 0 to 65536
[   29.769313] XFS: attr2 mount option is deprecated.
[   29.770159] XFS: ikeep mount option is deprecated.
[   29.775074] XFS (loop0): Deprecated V4 format (crc=0) will not be supported after September 2030.
[   29.777191] XFS (loop0): Mounting V4 Filesystem d28317a9-9e04-4f2a-be27-e55b4c413ff6
[   29.789786] XFS (loop0): Ending clean mount
[   29.791537] XFS (loop0): Quotacheck needed: Please wait.
[   29.797660] BUG: kernel NULL pointer dereference, address: 0000000000000000
[   29.798687] #PF: supervisor read access in kernel mode
[   29.799423] #PF: error_code(0x0000) - not-present page
[   29.800178] PGD 0 P4D 0 
[   29.800565] Oops: 0000 [#1] PREEMPT SMP NOPTI
[   29.801206] CPU: 0 PID: 28 Comm: kworker/u4:1 Not tainted 6.3.0-b23c1376db2d+ #1
[   29.802271] Hardware name: QEMU Standard PC (i440FX + PIIX, 1996), BIOS rel-1.16.0-0-gd239552ce722-prebuilt.qemu.org 04/01/2014
[   29.803872] Workqueue: xfs_iwalk-524 xfs_pwork_work
[   29.804641] RIP: 0010:xfs_read_agf+0x3a/0x200
[   29.805310] Code: 89 d7 41 56 49 89 f6 41 55 49 89 cd 41 54 49 89 fc 53 48 83 ec 28 65 48 8b 04 25 28 00 00 00 48 89 45 d0 31 c0 e8 f6 e1 8b ff <49> 8b 1c 24 0f 1f 44 00 00 e8 e8 e1 8b ff 65 8b 05 5d 68 61 7e 89
[   29.807859] RSP: 0018:ffffc900000f78a8 EFLAGS: 00010246
[   29.808616] RAX: 0000000000000000 RBX: 0000000000000000 RCX: ffffc900000f7928
[   29.809619] RDX: 0000000000000000 RSI: ffff88800744a400 RDI: 0000000000000002
[   29.810620] RBP: ffffc900000f78f8 R08: 714d81b117c2616f R09: 000000000000001c
[   29.811620] R10: 0000000000000001 R11: ffffffff83d64580 R12: 0000000000000000
[   29.812631] R13: ffffc900000f7928 R14: ffff88801547ed98 R15: 0000000000000000
[   29.813632] FS:  0000000000000000(0000) GS:ffff88807dc00000(0000) knlGS:0000000000000000
[   29.814759] CS:  0010 DS: 0000 ES: 0000 CR0: 0000000080050033
[   29.815575] CR2: 0000000000000000 CR3: 000000000ba8c004 CR4: 0000000000770ef0
[   29.816585] PKRU: 55555554
[   29.816983] Call Trace:
[   29.817346]  <TASK>
[   29.817667]  ? write_comp_data+0x2f/0x90
[   29.818258]  xfs_alloc_read_agf+0x8e/0x410
[   29.818859]  xfs_agfl_free_finish_item+0xca/0x260
[   29.819524]  xfs_defer_finish_noroll+0x443/0xac0
[   29.820168]  __xfs_trans_commit+0x4be/0x630
[   29.820743]  xfs_trans_commit+0x20/0x30
[   29.821278]  xfs_dquot_disk_alloc+0x45d/0x4e0
[   29.821894]  xfs_qm_dqread+0x2f7/0x310
[   29.822420]  xfs_qm_dqget+0xd5/0x300
[   29.822927]  xfs_qm_quotacheck_dqadjust+0x5a/0x230
[   29.823589]  xfs_qm_dqusage_adjust+0x249/0x300
[   29.824210]  xfs_iwalk_ag_recs+0x1bd/0x2e0
[   29.824776]  xfs_iwalk_run_callbacks+0xc3/0x1c0
[   29.825403]  xfs_iwalk_ag+0x32e/0x3f0
[   29.825917]  xfs_iwalk_ag_work+0xbe/0xf0
[   29.826468]  xfs_pwork_work+0x2c/0xc0
[   29.826983]  process_one_work+0x3b1/0x860
[   29.827547]  worker_thread+0x52/0x660
[   29.828063]  ? __pfx_worker_thread+0x10/0x10
[   29.828657]  kthread+0x16d/0x1c0
[   29.829124]  ? __pfx_kthread+0x10/0x10
[   29.829652]  ret_from_fork+0x29/0x50
[   29.830173]  </TASK>
[   29.830485] Modules linked in:
[   29.830920] CR2: 0000000000000000
[   29.831379] ---[ end trace 0000000000000000 ]---
[   29.832012] RIP: 0010:xfs_read_agf+0x3a/0x200
[   29.832614] Code: 89 d7 41 56 49 89 f6 41 55 49 89 cd 41 54 49 89 fc 53 48 83 ec 28 65 48 8b 04 25 28 00 00 00 48 89 45 d0 31 c0 e8 f6 e1 8b ff <49> 8b 1c 24 0f 1f 44 00 00 e8 e8 e1 8b ff 65 8b 05 5d 68 61 7e 89
[   29.835041] RSP: 0018:ffffc900000f78a8 EFLAGS: 00010246
[   29.835745] RAX: 0000000000000000 RBX: 0000000000000000 RCX: ffffc900000f7928
[   29.836698] RDX: 0000000000000000 RSI: ffff88800744a400 RDI: 0000000000000002
[   29.837646] RBP: ffffc900000f78f8 R08: 714d81b117c2616f R09: 000000000000001c
[   29.838594] R10: 0000000000000001 R11: ffffffff83d64580 R12: 0000000000000000
[   29.839540] R13: ffffc900000f7928 R14: ffff88801547ed98 R15: 0000000000000000
[   29.840497] FS:  0000000000000000(0000) GS:ffff88807dc00000(0000) knlGS:0000000000000000
[   29.841567] CS:  0010 DS: 0000 ES: 0000 CR0: 0000000080050033
[   29.842343] CR2: 0000000000000000 CR3: 000000000ba8c004 CR4: 0000000000770ef0
[   29.843291] PKRU: 55555554
[   29.843651] note: kworker/u4:1[28] exited with irqs disabled
