c[?7l[2J[0mSeaBIOS (version rel-1.16.0-0-gd239552ce722-prebuilt.qemu.org)


iPXE (http://ipxe.org) 00:03.0 CA00 PCI2.10 PnP PMM+7FF91000+7FEF1000 CA00
Press Ctrl-B to configure iPXE (PCI 00:03.0)...                                                                               


Booting from ROM..c[?7l[2J[0m.[    0.000000] Linux version 6.3.0-rc6-b2ccab3199aa+ (root@p-rpls01) (gcc (GCC) 8.5.0 20210514 (Red Hat 8.5.0-19), GNU ld version 2.36.1-2.el8) #1 SMP PREEMPT_DYNAMIC Sun May 21 12:19:44 CST 2023
[    0.000000] Command line: console=ttyS0 root=/dev/sda earlyprintk=serial net.ifnames=0
[    0.000000] KERNEL supported cpus:
[    0.000000]   Intel GenuineIntel
[    0.000000]   AMD AuthenticAMD
[    0.000000]   Hygon HygonGenuine
[    0.000000]   Centaur CentaurHauls
[    0.000000]   zhaoxin   Shanghai  
[    0.000000] x86/fpu: Supporting XSAVE feature 0x001: 'x87 floating point registers'
[    0.000000] x86/fpu: Supporting XSAVE feature 0x002: 'SSE registers'
[    0.000000] x86/fpu: Supporting XSAVE feature 0x004: 'AVX registers'
[    0.000000] x86/fpu: Supporting XSAVE feature 0x200: 'Protection Keys User registers'
[    0.000000] x86/fpu: xstate_offset[2]:  576, xstate_sizes[2]:  256
[    0.000000] x86/fpu: xstate_offset[9]:  832, xstate_sizes[9]:    8
[    0.000000] x86/fpu: Enabled xstate features 0x207, context size is 840 bytes, using 'compacted' format.
[    0.000000] signal: max sigframe size: 3632
[    0.000000] BIOS-provided physical RAM map:
[    0.000000] BIOS-e820: [mem 0x0000000000000000-0x000000000009fbff] usable
[    0.000000] BIOS-e820: [mem 0x000000000009fc00-0x000000000009ffff] reserved
[    0.000000] BIOS-e820: [mem 0x00000000000f0000-0x00000000000fffff] reserved
[    0.000000] BIOS-e820: [mem 0x0000000000100000-0x000000007ffdffff] usable
[    0.000000] BIOS-e820: [mem 0x000000007ffe0000-0x000000007fffffff] reserved
[    0.000000] BIOS-e820: [mem 0x00000000feffc000-0x00000000feffffff] reserved
[    0.000000] BIOS-e820: [mem 0x00000000fffc0000-0x00000000ffffffff] reserved
[    0.000000] printk: bootconsole [earlyser0] enabled
[    0.000000] NX (Execute Disable) protection: active
[    0.000000] SMBIOS 2.8 present.
[    0.000000] DMI: QEMU Standard PC (i440FX + PIIX, 1996), BIOS rel-1.16.0-0-gd239552ce722-prebuilt.qemu.org 04/01/2014
[    0.000000] Hypervisor detected: KVM
[    0.000000] kvm-clock: Using msrs 4b564d01 and 4b564d00
[    0.000001] kvm-clock: using sched offset of 461879158 cycles
[    0.000666] clocksource: kvm-clock: mask: 0xffffffffffffffff max_cycles: 0x1cd42e4dffb, max_idle_ns: 881590591483 ns
[    0.002744] tsc: Detected 806.400 MHz processor
[    0.004000] last_pfn = 0x7ffe0 max_arch_pfn = 0x400000000
[    0.004000] x86/PAT: Configuration [0-7]: WB  WC  UC- UC  WB  WP  UC- WT  
[    0.004000] found SMP MP-table at [mem 0x000f5ba0-0x000f5baf]
[    0.004000] Using GB pages for direct mapping
[    0.004000] ACPI: Early table checksum verification disabled
[    0.004000] ACPI: RSDP 0x00000000000F59C0 000014 (v00 BOCHS )
[    0.004000] ACPI: RSDT 0x000000007FFE1951 000034 (v01 BOCHS  BXPC     00000001 BXPC 00000001)
[    0.004000] ACPI: FACP 0x000000007FFE17FD 000074 (v01 BOCHS  BXPC     00000001 BXPC 00000001)
[    0.004000] ACPI: DSDT 0x000000007FFE0040 0017BD (v01 BOCHS  BXPC     00000001 BXPC 00000001)
[    0.004000] ACPI: FACS 0x000000007FFE0000 000040
[    0.004000] ACPI: APIC 0x000000007FFE1871 000080 (v01 BOCHS  BXPC     00000001 BXPC 00000001)
[    0.004000] ACPI: HPET 0x000000007FFE18F1 000038 (v01 BOCHS  BXPC     00000001 BXPC 00000001)
[    0.004000] ACPI: WAET 0x000000007FFE1929 000028 (v01 BOCHS  BXPC     00000001 BXPC 00000001)
[    0.004000] ACPI: Reserving FACP table memory at [mem 0x7ffe17fd-0x7ffe1870]
[    0.004000] ACPI: Reserving DSDT table memory at [mem 0x7ffe0040-0x7ffe17fc]
[    0.004000] ACPI: Reserving FACS table memory at [mem 0x7ffe0000-0x7ffe003f]
[    0.004000] ACPI: Reserving APIC table memory at [mem 0x7ffe1871-0x7ffe18f0]
[    0.004000] ACPI: Reserving HPET table memory at [mem 0x7ffe18f1-0x7ffe1928]
[    0.004000] ACPI: Reserving WAET table memory at [mem 0x7ffe1929-0x7ffe1950]
[    0.004000] No NUMA configuration found
[    0.004000] Faking a node at [mem 0x0000000000000000-0x000000007ffdffff]
[    0.004000] NODE_DATA(0) allocated [mem 0x7ffb5000-0x7ffdffff]
[    0.004000] Zone ranges:
[    0.004000]   DMA      [mem 0x0000000000001000-0x0000000000ffffff]
[    0.004000]   DMA32    [mem 0x0000000001000000-0x000000007ffdffff]
[    0.004000]   Normal   empty
[    0.004000]   Device   empty
[    0.004000] Movable zone start for each node
[    0.004000] Early memory node ranges
[    0.004000]   node   0: [mem 0x0000000000001000-0x000000000009efff]
[    0.004000]   node   0: [mem 0x0000000000100000-0x000000007ffdffff]
[    0.004000] Initmem setup node 0 [mem 0x0000000000001000-0x000000007ffdffff]
[    0.004000] On node 0, zone DMA: 1 pages in unavailable ranges
[    0.004000] On node 0, zone DMA: 97 pages in unavailable ranges
[    0.004000] On node 0, zone DMA32: 32 pages in unavailable ranges
[    0.004000] ACPI: PM-Timer IO Port: 0x608
[    0.004000] ACPI: LAPIC_NMI (acpi_id[0xff] dfl dfl lint[0x1])
[    0.004000] IOAPIC[0]: apic_id 0, version 17, address 0xfec00000, GSI 0-23
[    0.004000] ACPI: INT_SRC_OVR (bus 0 bus_irq 0 global_irq 2 dfl dfl)
[    0.004000] ACPI: INT_SRC_OVR (bus 0 bus_irq 5 global_irq 5 high level)
[    0.004000] ACPI: INT_SRC_OVR (bus 0 bus_irq 9 global_irq 9 high level)
[    0.004000] ACPI: INT_SRC_OVR (bus 0 bus_irq 10 global_irq 10 high level)
[    0.004000] ACPI: INT_SRC_OVR (bus 0 bus_irq 11 global_irq 11 high level)
[    0.004000] ACPI: Using ACPI (MADT) for SMP configuration information
[    0.004000] ACPI: HPET id: 0x8086a201 base: 0xfed00000
[    0.004000] TSC deadline timer available
[    0.004000] smpboot: Allowing 2 CPUs, 0 hotplug CPUs
[    0.004000] kvm-guest: KVM setup pv remote TLB flush
[    0.004000] kvm-guest: setup PV sched yield
[    0.004000] PM: hibernation: Registered nosave memory: [mem 0x00000000-0x00000fff]
[    0.004000] PM: hibernation: Registered nosave memory: [mem 0x0009f000-0x0009ffff]
[    0.004000] PM: hibernation: Registered nosave memory: [mem 0x000a0000-0x000effff]
[    0.004000] PM: hibernation: Registered nosave memory: [mem 0x000f0000-0x000fffff]
[    0.004000] [mem 0x80000000-0xfeffbfff] available for PCI devices
[    0.004000] Booting paravirtualized kernel on KVM
[    0.004000] clocksource: refined-jiffies: mask: 0xffffffff max_cycles: 0xffffffff, max_idle_ns: 7645519600211568 ns
[    0.004000] setup_percpu: NR_CPUS:8192 nr_cpumask_bits:2 nr_cpu_ids:2 nr_node_ids:1
[    0.004000] percpu: Embedded 65 pages/cpu s229376 r8192 d28672 u1048576
[    0.004000] kvm-guest: PV spinlocks enabled
[    0.004000] PV qspinlock hash table entries: 256 (order: 0, 4096 bytes, linear)
[    0.004000] Fallback order for Node 0: 0 
[    0.004000] Built 1 zonelists, mobility grouping on.  Total pages: 515808
[    0.004000] Policy zone: DMA32
[    0.004000] Kernel command line: net.ifnames=0 console=ttyS0 root=/dev/sda earlyprintk=serial net.ifnames=0
[    0.004000] random: crng init done
[    0.004000] Dentry cache hash table entries: 262144 (order: 9, 2097152 bytes, linear)
[    0.004000] Inode-cache hash table entries: 131072 (order: 8, 1048576 bytes, linear)
[    0.004000] mem auto-init: stack:off, heap alloc:off, heap free:off
[    0.004000] Memory: 1966944K/2096632K available (34816K kernel code, 4558K rwdata, 9768K rodata, 10364K init, 31912K bss, 129432K reserved, 0K cma-reserved)
[    0.004000] SLUB: HWalign=64, Order=0-3, MinObjects=0, CPUs=2, Nodes=1
[    0.004000] kmemleak: Kernel memory leak detector disabled
[    0.004000] ftrace: allocating 68587 entries in 268 pages
[    0.004000] ftrace: allocated 268 pages with 3 groups
[    0.004000] Dynamic Preempt: voluntary
[    0.004000] Running RCU self tests
[    0.004000] Running RCU synchronous self tests
[    0.004000] rcu: Preemptible hierarchical RCU implementation.
[    0.004000] rcu: 	RCU lockdep checking is enabled.
[    0.004000] rcu: 	RCU restricting CPUs from NR_CPUS=8192 to nr_cpu_ids=2.
[    0.004000] 	Trampoline variant of Tasks RCU enabled.
[    0.004000] 	Rude variant of Tasks RCU enabled.
[    0.004000] 	Tracing variant of Tasks RCU enabled.
[    0.004000] rcu: RCU calculated value of scheduler-enlistment delay is 25 jiffies.
[    0.004000] rcu: Adjusting geometry for rcu_fanout_leaf=16, nr_cpu_ids=2
[    0.004000] Running RCU synchronous self tests
[    0.004000] NR_IRQS: 524544, nr_irqs: 440, preallocated irqs: 16
[    0.004000] rcu: srcu_init: Setting srcu_struct sizes based on contention.
[    0.004000] Console: colour VGA+ 80x25
[    0.004000] printk: console [ttyS0] enabled
[    0.004000] printk: console [ttyS0] enabled
[    0.004000] printk: bootconsole [earlyser0] disabled
[    0.004000] printk: bootconsole [earlyser0] disabled
[    0.004000] Lock dependency validator: Copyright (c) 2006 Red Hat, Inc., Ingo Molnar
[    0.004000] ... MAX_LOCKDEP_SUBCLASSES:  8
[    0.004000] ... MAX_LOCK_DEPTH:          48
[    0.004000] ... MAX_LOCKDEP_KEYS:        8192
[    0.004000] ... CLASSHASH_SIZE:          4096
[    0.004000] ... MAX_LOCKDEP_ENTRIES:     32768
[    0.004000] ... MAX_LOCKDEP_CHAINS:      65536
[    0.004000] ... CHAINHASH_SIZE:          32768
[    0.004000]  memory used by lock dependency info: 6365 kB
[    0.004000]  memory used for stack traces: 4224 kB
[    0.004000]  per task-struct memory footprint: 1920 bytes
[    0.004000] ACPI: Core revision 20221020
[    0.004000] clocksource: hpet: mask: 0xffffffff max_cycles: 0xffffffff, max_idle_ns: 19112604467 ns
[    0.004000] APIC: Switch to symmetric I/O mode setup
[    0.004000] x2apic enabled
[    0.004000] Switched APIC routing to physical x2apic.
[    0.004000] kvm-guest: setup PV IPIs
[    0.004000] ..TIMER: vector=0x30 apic1=0 pin1=2 apic2=-1 pin2=-1
[    0.004000] clocksource: tsc-early: mask: 0xffffffffffffffff max_cycles: 0xb9fb05486c, max_idle_ns: 440795231721 ns
[    0.211358] Calibrating delay loop (skipped) preset value.. 1612.80 BogoMIPS (lpj=3225600)
[    0.212398] pid_max: default: 32768 minimum: 301
[    0.215420] LSM: initializing lsm=capability,yama,integrity
[    0.216135] Yama: becoming mindful.
[    0.216727] Mount-cache hash table entries: 4096 (order: 3, 32768 bytes, linear)
[    0.217654] Mountpoint-cache hash table entries: 4096 (order: 3, 32768 bytes, linear)
[    0.219848] CPU0: Thermal monitoring enabled (TM1)
[    0.221838] x86/cpu: User Mode Instruction Prevention (UMIP) activated
[    0.223488] Last level iTLB entries: 4KB 0, 2MB 0, 4MB 0
[    0.224207] Last level dTLB entries: 4KB 0, 2MB 0, 4MB 0, 1GB 0
[    0.225001] Spectre V1 : Mitigation: usercopy/swapgs barriers and __user pointer sanitization
[    0.226070] Spectre V2 : WARNING: Unprivileged eBPF is enabled with eIBRS on, data leaks possible via Spectre v2 BHB attacks!
[    0.227354] Spectre V2 : Mitigation: Enhanced / Automatic IBRS
[    0.228071] Spectre V2 : Spectre v2 / SpectreRSB mitigation: Filling RSB on context switch
[    0.229078] Spectre V2 : Spectre v2 / PBRSB-eIBRS: Retire a single CALL on VMEXIT
[    0.229995] Spectre V2 : mitigation: Enabling conditional Indirect Branch Prediction Barrier
[    0.231023] Speculative Store Bypass: Mitigation: Speculative Store Bypass disabled via prctl
[    0.231350] MMIO Stale Data: Unknown: No mitigations
[    0.321945] Freeing SMP alternatives memory: 56K
[    0.322578] Running RCU synchronous self tests
[    0.323131] Running RCU synchronous self tests
[    0.323696] smpboot: CPU0: Genuine Intel(R) 0000 (family: 0x6, model: 0xb7, stepping: 0x0)
[    0.325004] cblist_init_generic: Setting adjustable number of callback queues.
[    0.325908] cblist_init_generic: Setting shift to 1 and lim to 1.
[    0.326689] cblist_init_generic: Setting shift to 1 and lim to 1.
[    0.327348] cblist_init_generic: Setting shift to 1 and lim to 1.
[    0.327381] Running RCU-tasks wait API self tests
[    0.431469] Performance Events: Alderlake Hybrid events, full-width counters, Intel PMU driver.
[    0.433047] core: cpu_core PMU driver: 
[    0.433529] ... version:                2
[    0.434027] ... bit width:              48
[    0.434535] ... generic registers:      6
[    0.435030] ... value mask:             0000ffffffffffff
[    0.435354] ... max period:             00007fffffffffff
[    0.436007] ... fixed-purpose events:   3
[    0.436504] ... event mask:             0001000f0000003f
[    0.437322] rcu: Hierarchical SRCU implementation.
[    0.437911] rcu: 	Max phase no-delay instances is 1000.
[    0.440000] Callback from call_rcu_tasks_trace() invoked.
[    0.440756] unchecked MSR access error: WRMSR to 0x38f (tried to write 0x0001000f0000003f) at rIP: 0xffffffff810dcc2c (native_write_msr+0xc/0x30)
[    0.442353] Call Trace:
[    0.442662]  <TASK>
[    0.442931]  __intel_pmu_enable_all.constprop.49+0xb5/0x140
[    0.443348]  intel_pmu_enable_all+0x1e/0x30
[    0.443348]  x86_pmu_enable+0x46d/0x5a0
[    0.443348]  ? write_comp_data+0x2f/0x90
[    0.443348]  perf_pmu_enable+0x53/0x70
[    0.443348]  ctx_resched+0x14d/0x1e0
[    0.443348]  __perf_install_in_context+0x2f7/0x470
[    0.443348]  ? __pfx_remote_function+0x10/0x10
[    0.443348]  ? __pfx_remote_function+0x10/0x10
[    0.443348]  remote_function+0x80/0xa0
[    0.443348]  ? __pfx_remote_function+0x10/0x10
[    0.443348]  generic_exec_single+0x124/0x190
[    0.443348]  smp_call_function_single+0x11c/0x240
[    0.443348]  ? __pfx_remote_function+0x10/0x10
[    0.443348]  ? __sanitizer_cov_trace_pc+0x25/0x60
[    0.443348]  ? write_comp_data+0x2f/0x90
[    0.443348]  perf_install_in_context+0x2d8/0x300
[    0.443348]  ? __pfx___perf_install_in_context+0x10/0x10
[    0.443348]  perf_event_create_kernel_counter+0x284/0x2b0
[    0.443348]  ? __pfx_watchdog_overflow_callback+0x10/0x10
[    0.443348]  hardlockup_detector_event_create+0x46/0xd0
[    0.443348]  hardlockup_detector_perf_init+0x18/0x80
[    0.443348]  watchdog_nmi_probe+0x17/0x20
[    0.443348]  lockup_detector_init+0x40/0xb0
[    0.443348]  kernel_init_freeable+0x37e/0x760
[    0.443348]  ? __pfx_kernel_init+0x10/0x10
[    0.443348]  kernel_init+0x24/0x1e0
[    0.443348]  ? __pfx_kernel_init+0x10/0x10
[    0.443348]  ret_from_fork+0x29/0x50
[    0.443348]  </TASK>
[    0.443468] smp: Bringing up secondary CPUs ...
[    0.444439] x86: Booting SMP configuration:
[    0.444960] .... node  #0, CPUs:      #1
[    0.445748] smp: Brought up 1 node, 2 CPUs
[    0.445748] smpboot: Max logical packages: 1
[    0.447360] smpboot: Total of 2 processors activated (3225.60 BogoMIPS)
[    0.455539] devtmpfs: initialized
[    0.456134] x86/mm: Memory block size: 128MB
[    0.456750] Running RCU synchronous self tests
[    0.459364] Running RCU synchronous self tests
[    0.459949] clocksource: jiffies: mask: 0xffffffff max_cycles: 0xffffffff, max_idle_ns: 7645041785100000 ns
[    0.461152] futex hash table entries: 512 (order: 4, 65536 bytes, linear)
[    0.462288] pinctrl core: initialized pinctrl subsystem
[    0.463390] 
[    0.463591] *************************************************************
[    0.464422] **     NOTICE NOTICE NOTICE NOTICE NOTICE NOTICE NOTICE    **
[    0.465250] **                                                         **
[    0.466216] **  IOMMU DebugFS SUPPORT HAS BEEN ENABLED IN THIS KERNEL  **
[    0.467262] **                                                         **
[    0.467356] ** This means that this kernel is built to expose internal **
[    0.468417] ** IOMMU data structures, which may compromise security on **
[    0.469482] ** your system.                                            **
[    0.470533] **                                                         **
[    0.471355] ** If you see this message and you are not debugging the   **
[    0.472416] ** kernel, report this immediately to your vendor!         **
[    0.473464] **                                                         **
[    0.474291] **     NOTICE NOTICE NOTICE NOTICE NOTICE NOTICE NOTICE    **
[    0.475116] *************************************************************
[    0.475447] PM: RTC time: 04:20:11, date: 2023-05-21
[    0.480627] NET: Registered PF_NETLINK/PF_ROUTE protocol family
[    0.481791] DMA: preallocated 256 KiB GFP_KERNEL pool for atomic allocations
[    0.482671] DMA: preallocated 256 KiB GFP_KERNEL|GFP_DMA pool for atomic allocations
[    0.484346] DMA: preallocated 256 KiB GFP_KERNEL|GFP_DMA32 pool for atomic allocations
[    0.485388] audit: initializing netlink subsys (disabled)
[    0.486085] audit: type=2000 audit(1684642812.428:1): state=initialized audit_enabled=0 res=1
[    0.486085] thermal_sys: Registered thermal governor 'fair_share'
[    0.486085] thermal_sys: Registered thermal governor 'bang_bang'
[    0.486085] thermal_sys: Registered thermal governor 'step_wise'
[    0.487355] thermal_sys: Registered thermal governor 'user_space'
[    0.488136] cpuidle: using governor ladder
[    0.488641] cpuidle: using governor menu
[    0.491691] acpiphp: ACPI Hot Plug PCI Controller Driver version: 0.5
[    0.492778] PCI: Using configuration type 1 for base access
[    0.494168] kprobes: kprobe jump-optimization is enabled. All kprobes are optimized if possible.
[    0.662801] HugeTLB: registered 1.00 GiB page size, pre-allocated 0 pages
[    0.663356] HugeTLB: 16380 KiB vmemmap can be freed for a 1.00 GiB page
[    0.664253] HugeTLB: registered 2.00 MiB page size, pre-allocated 0 pages
[    0.665173] HugeTLB: 28 KiB vmemmap can be freed for a 2.00 MiB page
[    0.667241] ACPI: Added _OSI(Module Device)
[    0.667357] ACPI: Added _OSI(Processor Device)
[    0.667968] ACPI: Added _OSI(3.0 _SCP Extensions)
[    0.668607] ACPI: Added _OSI(Processor Aggregator Device)
[    0.672961] ACPI: 1 ACPI AML tables successfully acquired and loaded
[    2.483358] Callback from call_rcu_tasks_rude() invoked.
[    2.485269] ACPI: Interpreter enabled
[    2.485814] ACPI: PM: (supports S0 S3 S4 S5)
[    2.487358] ACPI: Using IOAPIC for interrupt routing
[    2.488002] PCI: Using host bridge windows from ACPI; if necessary, use "pci=nocrs" and report a bug
[    2.489051] PCI: Using E820 reservations for host bridge windows
[    2.490415] ACPI: Enabled 2 GPEs in block 00 to 0F
[    2.507173] ACPI: PCI Root Bridge [PCI0] (domain 0000 [bus 00-ff])
[    2.507371] acpi PNP0A03:00: _OSC: OS supports [ASPM ClockPM Segments MSI EDR HPX-Type3]
[    2.508411] acpi PNP0A03:00: _OSC: not requesting OS control; OS requires [ExtendedConfig ASPM ClockPM MSI]
[    2.509586] acpi PNP0A03:00: fail to add MMCONFIG information, can't access extended configuration space under this bridge
[    2.513216] acpiphp: Slot [3] registered
[    2.513754] acpiphp: Slot [4] registered
[    2.514288] acpiphp: Slot [5] registered
[    2.514816] acpiphp: Slot [6] registered
[    2.515344] acpiphp: Slot [7] registered
[    2.515880] acpiphp: Slot [8] registered
[    2.516413] acpiphp: Slot [9] registered
[    2.516942] acpiphp: Slot [10] registered
[    2.517481] acpiphp: Slot [11] registered
[    2.518017] acpiphp: Slot [12] registered
[    2.518554] acpiphp: Slot [13] registered
[    2.519090] acpiphp: Slot [14] registered
[    2.519422] acpiphp: Slot [15] registered
[    2.519966] acpiphp: Slot [16] registered
[    2.520504] acpiphp: Slot [17] registered
[    2.521049] acpiphp: Slot [18] registered
[    2.521574] acpiphp: Slot [19] registered
[    2.522108] acpiphp: Slot [20] registered
[    2.522641] acpiphp: Slot [21] registered
[    2.523179] acpiphp: Slot [22] registered
[    2.523422] acpiphp: Slot [23] registered
[    2.523962] acpiphp: Slot [24] registered
[    2.524496] acpiphp: Slot [25] registered
[    2.525033] acpiphp: Slot [26] registered
[    2.525567] acpiphp: Slot [27] registered
[    2.526104] acpiphp: Slot [28] registered
[    2.526638] acpiphp: Slot [29] registered
[    2.527172] acpiphp: Slot [30] registered
[    2.527423] acpiphp: Slot [31] registered
[    2.527918] PCI host bridge to bus 0000:00
[    2.528398] pci_bus 0000:00: root bus resource [io  0x0000-0x0cf7 window]
[    2.529179] pci_bus 0000:00: root bus resource [io  0x0d00-0xffff window]
[    2.529958] pci_bus 0000:00: root bus resource [mem 0x000a0000-0x000bffff window]
[    2.530817] pci_bus 0000:00: root bus resource [mem 0x80000000-0xfebfffff window]
[    2.531356] pci_bus 0000:00: root bus resource [mem 0x100000000-0x17fffffff window]
[    2.532235] pci_bus 0000:00: root bus resource [bus 00-ff]
[    2.532989] pci 0000:00:00.0: [8086:1237] type 00 class 0x060000
[    2.536391] pci 0000:00:01.0: [8086:7000] type 00 class 0x060100
[    2.538015] pci 0000:00:01.1: [8086:7010] type 00 class 0x010180
[    2.539989] pci 0000:00:01.1: reg 0x20: [io  0xc040-0xc04f]
[    2.541246] pci 0000:00:01.1: legacy IDE quirk: reg 0x10: [io  0x01f0-0x01f7]
[    2.542138] pci 0000:00:01.1: legacy IDE quirk: reg 0x14: [io  0x03f6]
[    2.542948] pci 0000:00:01.1: legacy IDE quirk: reg 0x18: [io  0x0170-0x0177]
[    2.543355] pci 0000:00:01.1: legacy IDE quirk: reg 0x1c: [io  0x0376]
[    2.544409] pci 0000:00:01.3: [8086:7113] type 00 class 0x068000
[    2.545672] pci 0000:00:01.3: quirk: [io  0x0600-0x063f] claimed by PIIX4 ACPI
[    2.546584] pci 0000:00:01.3: quirk: [io  0x0700-0x070f] claimed by PIIX4 SMB
[    2.547646] pci 0000:00:02.0: [1234:1111] type 00 class 0x030000
[    2.550067] pci 0000:00:02.0: reg 0x10: [mem 0xfd000000-0xfdffffff pref]
[    2.552353] pci 0000:00:02.0: reg 0x18: [mem 0xfebf0000-0xfebf0fff]
[    2.555810] pci 0000:00:02.0: reg 0x30: [mem 0xfebe0000-0xfebeffff pref]
[    2.556768] pci 0000:00:02.0: Video device with shadowed ROM at [mem 0x000c0000-0x000dffff]
[    2.560187] pci 0000:00:03.0: [8086:100e] type 00 class 0x020000
[    2.561596] pci 0000:00:03.0: reg 0x10: [mem 0xfebc0000-0xfebdffff]
[    2.562752] pci 0000:00:03.0: reg 0x14: [io  0xc000-0xc03f]
[    2.565113] pci 0000:00:03.0: reg 0x30: [mem 0xfeb80000-0xfebbffff pref]
[    2.590033] ACPI: PCI: Interrupt link LNKA configured for IRQ 10
[    2.591083] ACPI: PCI: Interrupt link LNKB configured for IRQ 10
[    2.591621] ACPI: PCI: Interrupt link LNKC configured for IRQ 11
[    2.592639] ACPI: PCI: Interrupt link LNKD configured for IRQ 11
[    2.593532] ACPI: PCI: Interrupt link LNKS configured for IRQ 9
[    2.595369] iommu: Default domain type: Translated 
[    2.595956] iommu: DMA domain TLB invalidation policy: lazy mode 
[    2.597899] SCSI subsystem initialized
[    2.598376] ACPI: bus type USB registered
[    2.599379] usbcore: registered new interface driver usbfs
[    2.600095] usbcore: registered new interface driver hub
[    2.600787] usbcore: registered new device driver usb
[    2.601538] pps_core: LinuxPPS API ver. 1 registered
[    2.602165] pps_core: Software ver. 5.3.6 - Copyright 2005-2007 Rodolfo Giometti <giometti@linux.it>
[    2.603299] PTP clock support registered
[    2.603418] EDAC MC: Ver: 3.0.0
[    2.604765] NetLabel: Initializing
[    2.604765] NetLabel:  domain hash size = 128
[    2.604765] NetLabel:  protocols = UNLABELED CIPSOv4 CALIPSO
[    2.604765] NetLabel:  unlabeled traffic allowed by default
[    2.607458] PCI: Using ACPI for IRQ routing
[    2.608186] pci 0000:00:02.0: vgaarb: setting as boot VGA device
[    2.608186] pci 0000:00:02.0: vgaarb: bridge control possible
[    2.608758] pci 0000:00:02.0: vgaarb: VGA device added: decodes=io+mem,owns=io+mem,locks=none
[    2.611357] vgaarb: loaded
[    2.611959] hpet0: at MMIO 0xfed00000, IRQs 2, 8, 0
[    2.612602] hpet0: 3 comparators, 64-bit 100.000000 MHz counter
[    2.618604] clocksource: Switched to clocksource kvm-clock
[    2.639423] Callback from call_rcu_tasks() invoked.
[    2.695675] VFS: Disk quotas dquot_6.6.0
[    2.696233] VFS: Dquot-cache hash table entries: 512 (order 0, 4096 bytes)
[    2.697340] pnp: PnP ACPI init
[    2.698990] pnp: PnP ACPI: found 6 devices
[    2.709117] clocksource: acpi_pm: mask: 0xffffff max_cycles: 0xffffff, max_idle_ns: 2085701024 ns
[    2.710487] NET: Registered PF_INET protocol family
[    2.711194] IP idents hash table entries: 32768 (order: 6, 262144 bytes, linear)
[    2.712869] tcp_listen_portaddr_hash hash table entries: 1024 (order: 4, 73728 bytes, linear)
[    2.713941] Table-perturb hash table entries: 65536 (order: 6, 262144 bytes, linear)
[    2.714935] TCP established hash table entries: 16384 (order: 5, 131072 bytes, linear)
[    2.716150] TCP bind hash table entries: 16384 (order: 9, 2359296 bytes, linear)
[    2.720799] TCP: Hash tables configured (established 16384 bind 16384)
[    2.721733] UDP hash table entries: 1024 (order: 5, 163840 bytes, linear)
[    2.722601] UDP-Lite hash table entries: 1024 (order: 5, 163840 bytes, linear)
[    2.723634] NET: Registered PF_UNIX/PF_LOCAL protocol family
[    2.724851] RPC: Registered named UNIX socket transport module.
[    2.725603] RPC: Registered udp transport module.
[    2.726193] RPC: Registered tcp transport module.
[    2.726778] RPC: Registered tcp NFSv4.1 backchannel transport module.
[    2.727609] pci_bus 0000:00: resource 4 [io  0x0000-0x0cf7 window]
[    2.728382] pci_bus 0000:00: resource 5 [io  0x0d00-0xffff window]
[    2.729150] pci_bus 0000:00: resource 6 [mem 0x000a0000-0x000bffff window]
[    2.729995] pci_bus 0000:00: resource 7 [mem 0x80000000-0xfebfffff window]
[    2.730849] pci_bus 0000:00: resource 8 [mem 0x100000000-0x17fffffff window]
[    2.731899] pci 0000:00:01.0: PIIX3: Enabling Passive Release
[    2.732632] pci 0000:00:00.0: Limiting direct PCI/PCI transfers
[    2.733474] PCI: CLS 0 bytes, default 64
[    2.734021] ACPI: bus type thunderbolt registered
[    2.734845] clocksource: tsc: mask: 0xffffffffffffffff max_cycles: 0xb9fb05486c, max_idle_ns: 440795231721 ns
[    2.740011] Initialise system trusted keyrings
[    2.740635] Key type blacklist registered
[    2.741311] workingset: timestamp_bits=36 max_order=19 bucket_order=0
[    2.742201] zbud: loaded
[    2.743088] squashfs: version 4.0 (2009/01/31) Phillip Lougher
[    2.744505] NFS: Registering the id_resolver key type
[    2.745185] Key type id_resolver registered
[    2.745721] Key type id_legacy registered
[    2.746273] nfs4filelayout_init: NFSv4 File Layout Driver Registering...
[    2.747159] nfs4flexfilelayout_init: NFSv4 Flexfile Layout Driver Registering...
[    2.748347] fuse: init (API version 7.38)
[    2.749159] SGI XFS with ACLs, security attributes, realtime, quota, no debug enabled
[    2.750652] 9p: Installing v9fs 9p2000 file system support
[    2.758110] Key type asymmetric registered
[    2.758794] Asymmetric key parser 'x509' registered
[    2.759678] Block layer SCSI generic (bsg) driver version 0.4 loaded (major 243)
[    2.761190] io scheduler mq-deadline registered
[    2.761809] io scheduler bfq registered
[    2.762760] shpchp: Standard Hot Plug PCI Controller Driver version: 0.4
[    2.763930] IPMI message handler: version 39.2
[    2.764527] ipmi device interface
[    2.766399] input: Power Button as /devices/LNXSYSTM:00/LNXPWRBN:00/input/input0
[    2.767726] ACPI: button: Power Button [PWRF]
[    2.769165] ERST DBG: ERST support is disabled.
[    2.770307] Serial: 8250/16550 driver, 32 ports, IRQ sharing enabled
[    2.771719] 00:04: ttyS0 at I/O 0x3f8 (irq = 4, base_baud = 115200) is a 16550A
[    2.778605] Linux agpgart interface v0.103
[    2.779697] ACPI: bus type drm_connector registered
[    2.789313] brd: module loaded
[    2.794447] loop: module loaded
[    2.798458] scsi host0: ata_piix
[    2.799247] scsi host1: ata_piix
[    2.799780] ata1: PATA max MWDMA2 cmd 0x1f0 ctl 0x3f6 bmdma 0xc040 irq 14
[    2.800637] ata2: PATA max MWDMA2 cmd 0x170 ctl 0x376 bmdma 0xc048 irq 15
[    2.802494] tun: Universal TUN/TAP device driver, 1.6
[    2.803282] e100: Intel(R) PRO/100 Network Driver
[    2.803888] e100: Copyright(c) 1999-2006 Intel Corporation
[    2.804602] e1000: Intel(R) PRO/1000 Network Driver
[    2.805216] e1000: Copyright (c) 1999-2006 Intel Corporation.
[    2.915307] ACPI: \_SB_.LNKC: Enabled at IRQ 11
[    2.959616] ata1: found unknown device (class 0)
[    2.960812] ata1.00: ATA-7: QEMU HARDDISK, 2.5+, max UDMA/100
[    2.961530] ata1.00: 16777216 sectors, multi 16: LBA48 
[    2.963815] scsi 0:0:0:0: Direct-Access     ATA      QEMU HARDDISK    2.5+ PQ: 0 ANSI: 5
[    2.965400] scsi 0:0:0:0: Attached scsi generic sg0 type 0
[    2.966495] sd 0:0:0:0: [sda] 16777216 512-byte logical blocks: (8.59 GB/8.00 GiB)
[    2.967723] ata2: found unknown device (class 0)
[    2.968572] sd 0:0:0:0: [sda] Write Protect is off
[    2.969459] ata2.00: ATAPI: QEMU DVD-ROM, 2.5+, max UDMA/100
[    2.970402] sd 0:0:0:0: [sda] Write cache: enabled, read cache: enabled, doesn't support DPO or FUA
[    2.971977] sd 0:0:0:0: [sda] Preferred minimum I/O size 512 bytes
[    2.973896] scsi 1:0:0:0: CD-ROM            QEMU     QEMU DVD-ROM     2.5+ PQ: 0 ANSI: 5
[    2.988642] sd 0:0:0:0: [sda] Attached SCSI disk
[    2.996065] scsi 1:0:0:0: Attached scsi generic sg1 type 5
[    3.264230] e1000 0000:00:03.0 eth0: (PCI:33MHz:32-bit) 52:54:00:12:34:56
[    3.265104] e1000 0000:00:03.0 eth0: Intel(R) PRO/1000 Network Connection
[    3.266011] e1000e: Intel(R) PRO/1000 Network Driver
[    3.266627] e1000e: Copyright(c) 1999 - 2015 Intel Corporation.
[    3.267413] igb: Intel(R) Gigabit Ethernet Network Driver
[    3.268079] igb: Copyright (c) 2007-2014 Intel Corporation.
[    3.268839] PPP generic driver version 2.4.2
[    3.270031] VFIO - User Level meta-driver version: 0.3
[    3.271219] usbcore: registered new interface driver uas
[    3.271935] usbcore: registered new interface driver usb-storage
[    3.272831] i8042: PNP: PS/2 Controller [PNP0303:KBD,PNP0f13:MOU] at 0x60,0x64 irq 1,12
[    3.274852] serio: i8042 KBD port at 0x60,0x64 irq 1
[    3.275527] serio: i8042 AUX port at 0x60,0x64 irq 12
[    3.276818] mousedev: PS/2 mouse device common for all mice
[    3.278351] input: AT Translated Set 2 keyboard as /devices/platform/i8042/serio0/input/input1
[    3.279626] rtc_cmos 00:05: RTC can wake from S4
[    3.281273] rtc_cmos 00:05: registered as rtc0
[    3.281308] input: VirtualPS/2 VMware VMMouse as /devices/platform/i8042/serio1/input/input4
[    3.281943] rtc_cmos 00:05: setting system clock to 2023-05-21T04:20:14 UTC (1684642814)
[    3.284125] rtc_cmos 00:05: alarms up to one day, y3k, 242 bytes nvram, hpet irqs
[    3.285080] i2c_dev: i2c /dev entries driver
[    3.285279] input: VirtualPS/2 VMware VMMouse as /devices/platform/i8042/serio1/input/input3
[    3.286767] device-mapper: core: CONFIG_IMA_DISABLE_HTABLE is disabled. Duplicate IMA measurements will not be recorded in the IMA log.
[    3.288289] device-mapper: uevent: version 1.0.3
[    3.289157] device-mapper: ioctl: 4.47.0-ioctl (2022-07-28) initialised: dm-devel@redhat.com
[    3.290207] intel_pstate: CPU model not supported
[    3.290856] sdhci: Secure Digital Host Controller Interface driver
[    3.291632] sdhci: Copyright(c) Pierre Ossman
[    3.292219] sdhci-pltfm: SDHCI platform and OF driver helper
[    3.293159] ledtrig-cpu: registered to indicate activity on CPUs
[    3.294190] drop_monitor: Initializing network drop monitor service
[    3.295098] NET: Registered PF_INET6 protocol family
[    3.297765] Segment Routing with IPv6
[    3.298257] In-situ OAM (IOAM) with IPv6
[    3.298797] NET: Registered PF_PACKET protocol family
[    3.299517] 9pnet: Installing 9P2000 support
[    3.300091] Key type dns_resolver registered
[    3.301214] IPI shorthand broadcast: enabled
[    3.311676] sched_clock: Marking stable (3108002131, 203348161)->(3375911593, -64561301)
[    3.313117] registered taskstats version 1
[    3.313825] Loading compiled-in X.509 certificates
[    3.315696] zswap: loaded using pool lzo/zbud
[    3.325613] Key type .fscrypt registered
[    3.326111] Key type fscrypt-provisioning registered
[    3.327449] Key type encrypted registered
[    3.327989] ima: No TPM chip found, activating TPM-bypass!
[    3.328683] ima: Allocated hash algorithm: sha1
[    3.329263] ima: No architecture policies found
[    3.329858] evm: Initialising EVM extended attributes:
[    3.330488] evm: security.selinux
[    3.330903] evm: security.SMACK64
[    3.331312] evm: security.SMACK64EXEC
[    3.331811] evm: security.SMACK64TRANSMUTE
[    3.332312] evm: security.SMACK64MMAP
[    3.332788] evm: security.apparmor
[    3.333214] evm: security.ima
[    3.333581] evm: security.capability
[    3.334026] evm: HMAC attrs: 0x1
[    3.335456] PM:   Magic number: 7:265:313
[    3.336361] RAS: Correctable Errors collector initialized.
[    3.337579] md: Waiting for all devices to be available before autodetect
[    3.338124] md: If you don't use raid, use raid=noautodetect
[    3.338582] md: Autodetecting RAID arrays.
[    3.338918] md: autorun ...
[    3.339151] md: ... autorun DONE.
[    3.343128] EXT4-fs (sda): INFO: recovery required on readonly filesystem
[    3.343710] EXT4-fs (sda): write access will be enabled during recovery
[    3.528410] EXT4-fs (sda): recovery complete
[    3.530373] EXT4-fs (sda): mounted filesystem 23a53bb9-f815-47a5-b74c-5e08f7731193 with ordered data mode. Quota mode: none.
[    3.531327] VFS: Mounted root (ext4 filesystem) readonly on device 8:0.
[    3.533418] devtmpfs: mounted
[    3.539982] Freeing unused decrypted memory: 2036K
[    3.549315] Freeing unused kernel image (initmem) memory: 10364K
[    3.549843] Write protecting the kernel read-only data: 45056k
[    3.551602] Freeing unused kernel image (rodata/data gap) memory: 472K
[    3.630790] x86/mm: Checked W+X mappings: passed, no W+X pages found.
[    3.631309] Run /sbin/init as init process
[    3.719601] systemd[1]: RTC configured in localtime, applying delta of 0 minutes to system time.
[    3.739880] systemd[1]: systemd 239 (239-49.el8) running in system mode. (+PAM +AUDIT +SELINUX +IMA -APPARMOR +SMACK +SYSVINIT +UTMP +LIBCRYPTSETUP +GCRYPT +GNUTLS +ACL +XZ +LZ4 +SECCOMP +BLKID +ELFUTILS +KMOD +IDN2 -IDN +PCRE2 default-hierarchy=legacy)
[    3.741783] systemd[1]: Detected virtualization kvm.
[    3.742193] systemd[1]: Detected architecture x86-64.

Welcome to [0;31mCentOS Stream 8[0m!

[    3.795244] systemd[1]: Set hostname to <test>.
[    3.988956] systemd[1]: Created slice system-serial\x2dgetty.slice.
[[0;32m  OK  [0m] Created slice system-serial\x2dgetty.slice.
[    3.990790] systemd[1]: Created slice system-getty.slice.
[[0;32m  OK  [0m] Created slice system-getty.slice.
[    3.992199] systemd[1]: Set up automount Arbitrary Executable File Formats File System Automount Point.
[[0;32m  OK  [0m] Set up automount Arbitrary Executabâ€¦rmats File System Automount Point.
[    3.993888] systemd[1]: Listening on initctl Compatibility Named Pipe.
[[0;32m  OK  [0m] Listening on initctl Compatibility Named Pipe.
[    3.995544] systemd[1]: Created slice User and Session Slice.
[[0;32m  OK  [0m] Created slice User and Session Slice.
[    3.996660] systemd[1]: Listening on udev Kernel Socket.
[[0;32m  OK  [0m] Listening on udev Kernel Socket.
[[0;32m  OK  [0m] Listening on Process Core Dump Socket.
[[0;32m  OK  [0m] Listening on RPCbind Server Activation Socket.
[[0;32m  OK  [0m] Listening on Device-mapper event daemon FIFOs.
[[0;32m  OK  [0m] Reached target Swap.
[[0;32m  OK  [0m] Reached target RPC Port Mapper.
[[0;32m  OK  [0m] Listening on LVM2 poll daemon socket.
[[0;32m  OK  [0m] Listening on Journal Socket (/dev/log).
[[0;32m  OK  [0m] Created slice system-sshd\x2dkeygen.slice.
[[0;32m  OK  [0m] Reached target Slices.
[[0;32m  OK  [0m] Started Forward Password Requests to Wall Directory Watch.
[[0;32m  OK  [0m] Listening on multipathd control socket.
[[0;32m  OK  [0m] Listening on Journal Socket.
         Mounting Huge Pages File System...
         Starting Load Kernel Modules...
         Starting Monitoring of LVM2 mirrorsâ€¦ng dmeventd or progress polling...
         Mounting POSIX Message Queue File System...
         Starting Setup Virtual Console...
         Starting Remount Root and Kernel File Systems...
         Starting Journal Service...
         Mounting Kernel Debug File System...
[[0;32m  OK  [0m] Listening on udev Control Socket.
         Starting udev Coldplug all Devices...
[[0;32m  OK  [0m] Mounted Huge Pages File System.
[[0;32m  OK  [0m] Started Journal Service.
[[0;1;31mFAILED[0m] Failed to start Load Kernel Modules.
See 'systemctl status systemd-modules-load.service' for details.
[[0;32m  OK  [0m] Started Monitoring of LVM2 mirrors,â€¦sing dmeventd or progress polling.
[[0;32m  OK  [0m] Mounted POSIX Message Queue File System.
[[0;32m  OK  [0m] Mounted Kernel Debug File System.
[    4.271599] EXT4-fs (sda): re-mounted 23a53bb9-f815-47a5-b74c-5e08f7731193. Quota mode: none.
[[0;32m  OK  [0m] Started Remount Root and Kernel File Systems.
         Starting Create Static Device Nodes in /dev...
         Starting Load/Save Random Seed...
         Starting Apply Kernel Variables...
         Mounting FUSE Control File System...
         Mounting Kernel Configuration File System...
         Starting Flush Journal to Persistent Storage...
[[0;32m  OK  [0m] Started Setup Virtual Console.
[[0;32m  OK  [0m] Started udev Coldplug all Devices.
[[0;32m  OK  [0m] Started Create Static Device Nodes in /dev.
[[0;32m  OK  [0m] Started Load/Save Random Seed.
[[0;32m  OK  [0m] Started Apply Kernel Variables.
[[0;32m  OK  [0m] Mounted FUSE Control File System.
[[0;32m  OK  [0m] Mounted Kernel Configuration File System.
         Starting udev Kernel Device Manager...
         Starting udev Wait for Complete Device Initialization...
[[0;32m  OK  [0m] Started Flush Journal to Persistent Storage.
[[0;32m  OK  [0m] Started udev Kernel Device Manager.
         Starting Show Plymouth Boot Screen...
[[0;32m  OK  [0m] Started Show Plymouth Boot Screen.
[[0;32m  OK  [0m] Started Forward Password Requests to Plymouth Directory Watch.
[[0;32m  OK  [0m] Reached target Local Encrypted Volumes.
[[0;32m  OK  [0m] Reached target Paths.
[[0;32m  OK  [0m] Found device /dev/ttyS0.
[[0;32m  OK  [0m] Listening on Load/Save RF Kill Switch Status /dev/rfkill Watch.
[[0;32m  OK  [0m] Started udev Wait for Complete Device Initialization.
[[0;32m  OK  [0m] Reached target Local File Systems (Pre).
[[0;32m  OK  [0m] Reached target Local File Systems.
         Starting Tell Plymouth To Write Out Runtime Data...
         Starting Restore /run/initramfs on shutdown...
         Starting Create Volatile Files and Directories...
[[0;32m  OK  [0m] Started Tell Plymouth To Write Out Runtime Data.
[[0;32m  OK  [0m] Started Restore /run/initramfs on shutdown.
[[0;32m  OK  [0m] Started Create Volatile Files and Directories.
         Starting RPC Bind...
         Starting Security Auditing Service...
         Mounting RPC Pipe File System...
[[0;32m  OK  [0m] Mounted RPC Pipe File System.
[[0;32m  OK  [0m] Reached target rpc_pipefs.target.
[[0;32m  OK  [0m] Started RPC Bind.
[[0;32m  OK  [0m] Started Security Auditing Service.
         Starting Update UTMP about System Boot/Shutdown...
[[0;32m  OK  [0m] Started Update UTMP about System Boot/Shutdown.
[[0;32m  OK  [0m] Reached target System Initialization.
[[0;32m  OK  [0m] Started dnf makecache --timer.
[[0;32m  OK  [0m] Started daily update of the root trust anchor for DNSSEC.
[[0;32m  OK  [0m] Listening on D-Bus System Message Bus Socket.
[[0;32m  OK  [0m] Listening on SSSD Kerberos Cache Manager responder socket.
[[0;32m  OK  [0m] Reached target Sockets.
[[0;32m  OK  [0m] Reached target Basic System.
         Starting Login Service...
         Starting Self Monitoring and Reporting Technology (SMART) Daemon...
[[0;32m  OK  [0m] Started D-Bus System Message Bus.
[[0;32m  OK  [0m] Started irqbalance daemon.
         Starting Network Manager...
         Starting Auto-connect to subsystemsâ€¦-NVME devices found during boot...
[[0;32m  OK  [0m] Started Machine Check Exception Logging Daemon.
         Starting NTP client/server...
         Starting Authorization Manager...
[[0;32m  OK  [0m] Started Daily Cleanup of Temporary Directories.
[[0;32m  OK  [0m] Reached target Timers.
[[0;32m  OK  [0m] Reached target sshd-keygen.target.
[[0;32m  OK  [0m] Started Self Monitoring and Reporting Technology (SMART) Daemon.
[[0;32m  OK  [0m] Started Auto-connect to subsystems â€¦FC-NVME devices found during boot.
         Starting update of the root trust aâ€¦or DNSSEC validation in unbound...
[[0;32m  OK  [0m] Started Login Service.
[[0;32m  OK  [0m] Started Network Manager.
[[0;32m  OK  [0m] Reached target Network.
         Starting Dynamic System Tuning Daemon...
         Starting GSSAPI Proxy Daemon...
         Starting OpenSSH server daemon...
         Starting Network Manager Wait Online...
[[0;32m  OK  [0m] Started update of the root trust anâ€¦ for DNSSEC validation in unbound.
[[0;32m  OK  [0m] Started NTP client/server.
[[0;32m  OK  [0m] Started OpenSSH server daemon.
[[0;32m  OK  [0m] Started GSSAPI Proxy Daemon.
[[0;32m  OK  [0m] Reached target NFS client services.
[[0;32m  OK  [0m] Reached target Remote File Systems (Pre).
[[0;32m  OK  [0m] Reached target Remote File Systems.
         Starting Permit User Sessions...
         Starting Hostname Service...
[[0;32m  OK  [0m] Started Permit User Sessions.
         Starting Terminate Plymouth Boot Screen...
         Starting Hold until boot process finishes up...
[[0;32m  OK  [0m] Started Command Scheduler.
[[0;32m  OK  [0m] Started Terminate Plymouth Boot Screen.
[[0;32m  OK  [0m] Started Hold until boot process finishes up.
[    6.023541] e1000: eth0 NIC Link is Up 1000 Mbps Full Duplex, Flow Control: RX
[    6.024828] IPv6: ADDRCONF(NETDEV_CHANGE): eth0: link becomes ready
[    6.243405] Spectre V2 : WARNING: Unprivileged eBPF is enabled with eIBRS on, data leaks possible via Spectre v2 BHB attacks!
[    6.244524] Spectre V2 : WARNING: Unprivileged eBPF is enabled with eIBRS on, data leaks possible via Spectre v2 BHB attacks!

CentOS Stream 8
Kernel 6.3.0-rc6-b2ccab3199aa+ on an x86_64

test login: [   24.653440] memfd_create() without MFD_EXEC nor MFD_NOEXEC_SEAL, pid=331 'systemd'
[   28.198571] loop0: detected capacity change from 0 to 65536
[   28.199277] XFS: attr2 mount option is deprecated.
[   28.199750] XFS: ikeep mount option is deprecated.
[   28.202143] XFS (loop0): Deprecated V4 format (crc=0) will not be supported after September 2030.
[   28.203067] XFS (loop0): Mounting V4 Filesystem d28317a9-9e04-4f2a-be27-e55b4c413ff6
[   28.207632] XFS (loop0): Ending clean mount
[   28.208537] XFS (loop0): Quotacheck needed: Please wait.
[   28.209816] BUG: kernel NULL pointer dereference, address: 0000000000000000
[   28.210375] #PF: supervisor read access in kernel mode
[   28.210791] #PF: error_code(0x0000) - not-present page
[   28.211204] PGD 14fbc067 P4D 14fbc067 PUD 14fc4067 PMD 0 
[   28.211650] Oops: 0000 [#1] PREEMPT SMP NOPTI
[   28.212010] CPU: 1 PID: 9 Comm: kworker/u4:0 Not tainted 6.3.0-rc6-b2ccab3199aa+ #1
[   28.212625] Hardware name: QEMU Standard PC (i440FX + PIIX, 1996), BIOS rel-1.16.0-0-gd239552ce722-prebuilt.qemu.org 04/01/2014
[   28.213525] Workqueue: xfs_iwalk-532 xfs_pwork_work
[   28.213944] RIP: 0010:xfs_read_agf+0x3a/0x200
[   28.214322] Code: 89 d7 41 56 49 89 f6 41 55 49 89 cd 41 54 49 89 fc 53 48 83 ec 28 65 48 8b 04 25 28 00 00 00 48 89 45 d0 31 c0 e8 06 c4 8c ff <49> 8b 1c 24 0f 1f 44 00 00 e8 f8 c3 8c ff 65 8b 05 dd a7 62 7e 89
[   28.215777] RSP: 0018:ffffc900000538a8 EFLAGS: 00010246
[   28.216200] RAX: 0000000000000000 RBX: 0000000000000000 RCX: ffffc90000053928
[   28.216771] RDX: 0000000000000000 RSI: ffff888006f72340 RDI: 0000000000000002
[   28.217338] RBP: ffffc900000538f8 R08: 000000000000001c R09: 0000000000000001
[   28.217905] R10: ffff888006f730d8 R11: 0000000000000000 R12: 0000000000000000
[   28.218467] R13: ffffc90000053928 R14: ffff888014e46cb0 R15: 0000000000000000
[   28.219033] FS:  0000000000000000(0000) GS:ffff88807dd00000(0000) knlGS:0000000000000000
[   28.219673] CS:  0010 DS: 0000 ES: 0000 CR0: 0000000080050033
[   28.220138] CR2: 0000000000000000 CR3: 000000000e996002 CR4: 0000000000770ee0
[   28.220711] PKRU: 55555554
[   28.220938] Call Trace:
[   28.221146]  <TASK>
[   28.221329]  ? write_comp_data+0x2f/0x90
[   28.221666]  xfs_alloc_read_agf+0x8e/0x410
[   28.222013]  xfs_agfl_free_finish_item+0xca/0x260
[   28.222411]  xfs_defer_finish_noroll+0x443/0xac0
[   28.222802]  __xfs_trans_commit+0x4be/0x630
[   28.223155]  xfs_trans_commit+0x20/0x30
[   28.223476]  xfs_dquot_disk_alloc+0x45d/0x4e0
[   28.223850]  xfs_qm_dqread+0x2f7/0x310
[   28.224167]  xfs_qm_dqget+0xd5/0x300
[   28.224471]  xfs_qm_quotacheck_dqadjust+0x5a/0x230
[   28.224866]  xfs_qm_dqusage_adjust+0x249/0x300
[   28.225236]  xfs_iwalk_ag_recs+0x1bd/0x2e0
[   28.225574]  xfs_iwalk_run_callbacks+0xc3/0x1c0
[   28.225950]  xfs_iwalk_ag+0x32e/0x3f0
[   28.226260]  xfs_iwalk_ag_work+0xbe/0xf0
[   28.226587]  xfs_pwork_work+0x2c/0xc0
[   28.226896]  process_one_work+0x3b1/0x860
[   28.227242]  worker_thread+0x52/0x660
[   28.227554]  ? __pfx_worker_thread+0x10/0x10
[   28.227913]  kthread+0x161/0x1a0
[   28.228195]  ? __pfx_kthread+0x10/0x10
[   28.228510]  ret_from_fork+0x29/0x50
[   28.228824]  </TASK>
[   28.229012] Modules linked in:
[   28.229271] CR2: 0000000000000000
[   28.229548] ---[ end trace 0000000000000000 ]---
[   28.229924] RIP: 0010:xfs_read_agf+0x3a/0x200
[   28.230291] Code: 89 d7 41 56 49 89 f6 41 55 49 89 cd 41 54 49 89 fc 53 48 83 ec 28 65 48 8b 04 25 28 00 00 00 48 89 45 d0 31 c0 e8 06 c4 8c ff <49> 8b 1c 24 0f 1f 44 00 00 e8 f8 c3 8c ff 65 8b 05 dd a7 62 7e 89
[   28.231744] RSP: 0018:ffffc900000538a8 EFLAGS: 00010246
[   28.232168] RAX: 0000000000000000 RBX: 0000000000000000 RCX: ffffc90000053928
[   28.232738] RDX: 0000000000000000 RSI: ffff888006f72340 RDI: 0000000000000002
[   28.233307] RBP: ffffc900000538f8 R08: 000000000000001c R09: 0000000000000001
[   28.233876] R10: ffff888006f730d8 R11: 0000000000000000 R12: 0000000000000000
[   28.234445] R13: ffffc90000053928 R14: ffff888014e46cb0 R15: 0000000000000000
[   28.235015] FS:  0000000000000000(0000) GS:ffff88807dd00000(0000) knlGS:0000000000000000
[   28.235656] CS:  0010 DS: 0000 ES: 0000 CR0: 0000000080050033
[   28.236121] CR2: 0000000000000000 CR3: 000000000e996002 CR4: 0000000000770ee0
[   28.236694] PKRU: 55555554
[   28.236921] note: kworker/u4:0[9] exited with irqs disabled
