c[?7l[2J[0mSeaBIOS (version rel-1.16.0-0-gd239552ce722-prebuilt.qemu.org)


iPXE (http://ipxe.org) 00:03.0 CA00 PCI2.10 PnP PMM+7FF91000+7FEF1000 CA00
Press Ctrl-B to configure iPXE (PCI 00:03.0)...                                                                               


Booting from ROM..c[?7l[2J[0m.[    0.000000] Linux version 6.3.0-rc6-c13418e8eb37+ (root@p-rpls01) (gcc (GCC) 8.5.0 20210514 (Red Hat 8.5.0-19), GNU ld version 2.36.1-2.el8) #1 SMP PREEMPT_DYNAMIC Sun May 21 11:32:04 CST 2023
[    0.000000] Command line: console=ttyS0 root=/dev/sda earlyprintk=serial net.ifnames=0
[    0.000000] KERNEL supported cpus:
[    0.000000]   Intel GenuineIntel
[    0.000000]   AMD AuthenticAMD
[    0.000000]   Hygon HygonGenuine
[    0.000000]   Centaur CentaurHauls
[    0.000000]   zhaoxin   Shanghai  
[    0.000000] x86/fpu: Supporting XSAVE feature 0x001: 'x87 floating point registers'
[    0.000000] x86/fpu: Supporting XSAVE feature 0x002: 'SSE registers'
[    0.000000] x86/fpu: Supporting XSAVE feature 0x004: 'AVX registers'
[    0.000000] x86/fpu: Supporting XSAVE feature 0x200: 'Protection Keys User registers'
[    0.000000] x86/fpu: xstate_offset[2]:  576, xstate_sizes[2]:  256
[    0.000000] x86/fpu: xstate_offset[9]:  832, xstate_sizes[9]:    8
[    0.000000] x86/fpu: Enabled xstate features 0x207, context size is 840 bytes, using 'compacted' format.
[    0.000000] signal: max sigframe size: 3632
[    0.000000] BIOS-provided physical RAM map:
[    0.000000] BIOS-e820: [mem 0x0000000000000000-0x000000000009fbff] usable
[    0.000000] BIOS-e820: [mem 0x000000000009fc00-0x000000000009ffff] reserved
[    0.000000] BIOS-e820: [mem 0x00000000000f0000-0x00000000000fffff] reserved
[    0.000000] BIOS-e820: [mem 0x0000000000100000-0x000000007ffdffff] usable
[    0.000000] BIOS-e820: [mem 0x000000007ffe0000-0x000000007fffffff] reserved
[    0.000000] BIOS-e820: [mem 0x00000000feffc000-0x00000000feffffff] reserved
[    0.000000] BIOS-e820: [mem 0x00000000fffc0000-0x00000000ffffffff] reserved
[    0.000000] printk: bootconsole [earlyser0] enabled
[    0.000000] NX (Execute Disable) protection: active
[    0.000000] SMBIOS 2.8 present.
[    0.000000] DMI: QEMU Standard PC (i440FX + PIIX, 1996), BIOS rel-1.16.0-0-gd239552ce722-prebuilt.qemu.org 04/01/2014
[    0.000000] Hypervisor detected: KVM
[    0.000000] kvm-clock: Using msrs 4b564d01 and 4b564d00
[    0.000002] kvm-clock: using sched offset of 388484020 cycles
[    0.000661] clocksource: kvm-clock: mask: 0xffffffffffffffff max_cycles: 0x1cd42e4dffb, max_idle_ns: 881590591483 ns
[    0.002708] tsc: Detected 806.400 MHz processor
[    0.004000] last_pfn = 0x7ffe0 max_arch_pfn = 0x400000000
[    0.004000] x86/PAT: Configuration [0-7]: WB  WC  UC- UC  WB  WP  UC- WT  
[    0.004000] found SMP MP-table at [mem 0x000f5ba0-0x000f5baf]
[    0.004000] Using GB pages for direct mapping
[    0.004000] ACPI: Early table checksum verification disabled
[    0.004000] ACPI: RSDP 0x00000000000F59C0 000014 (v00 BOCHS )
[    0.004000] ACPI: RSDT 0x000000007FFE1951 000034 (v01 BOCHS  BXPC     00000001 BXPC 00000001)
[    0.004000] ACPI: FACP 0x000000007FFE17FD 000074 (v01 BOCHS  BXPC     00000001 BXPC 00000001)
[    0.004000] ACPI: DSDT 0x000000007FFE0040 0017BD (v01 BOCHS  BXPC     00000001 BXPC 00000001)
[    0.004000] ACPI: FACS 0x000000007FFE0000 000040
[    0.004000] ACPI: APIC 0x000000007FFE1871 000080 (v01 BOCHS  BXPC     00000001 BXPC 00000001)
[    0.004000] ACPI: HPET 0x000000007FFE18F1 000038 (v01 BOCHS  BXPC     00000001 BXPC 00000001)
[    0.004000] ACPI: WAET 0x000000007FFE1929 000028 (v01 BOCHS  BXPC     00000001 BXPC 00000001)
[    0.004000] ACPI: Reserving FACP table memory at [mem 0x7ffe17fd-0x7ffe1870]
[    0.004000] ACPI: Reserving DSDT table memory at [mem 0x7ffe0040-0x7ffe17fc]
[    0.004000] ACPI: Reserving FACS table memory at [mem 0x7ffe0000-0x7ffe003f]
[    0.004000] ACPI: Reserving APIC table memory at [mem 0x7ffe1871-0x7ffe18f0]
[    0.004000] ACPI: Reserving HPET table memory at [mem 0x7ffe18f1-0x7ffe1928]
[    0.004000] ACPI: Reserving WAET table memory at [mem 0x7ffe1929-0x7ffe1950]
[    0.004000] No NUMA configuration found
[    0.004000] Faking a node at [mem 0x0000000000000000-0x000000007ffdffff]
[    0.004000] NODE_DATA(0) allocated [mem 0x7ffb5000-0x7ffdffff]
[    0.004000] Zone ranges:
[    0.004000]   DMA      [mem 0x0000000000001000-0x0000000000ffffff]
[    0.004000]   DMA32    [mem 0x0000000001000000-0x000000007ffdffff]
[    0.004000]   Normal   empty
[    0.004000]   Device   empty
[    0.004000] Movable zone start for each node
[    0.004000] Early memory node ranges
[    0.004000]   node   0: [mem 0x0000000000001000-0x000000000009efff]
[    0.004000]   node   0: [mem 0x0000000000100000-0x000000007ffdffff]
[    0.004000] Initmem setup node 0 [mem 0x0000000000001000-0x000000007ffdffff]
[    0.004000] On node 0, zone DMA: 1 pages in unavailable ranges
[    0.004000] On node 0, zone DMA: 97 pages in unavailable ranges
[    0.004000] On node 0, zone DMA32: 32 pages in unavailable ranges
[    0.004000] ACPI: PM-Timer IO Port: 0x608
[    0.004000] ACPI: LAPIC_NMI (acpi_id[0xff] dfl dfl lint[0x1])
[    0.004000] IOAPIC[0]: apic_id 0, version 17, address 0xfec00000, GSI 0-23
[    0.004000] ACPI: INT_SRC_OVR (bus 0 bus_irq 0 global_irq 2 dfl dfl)
[    0.004000] ACPI: INT_SRC_OVR (bus 0 bus_irq 5 global_irq 5 high level)
[    0.004000] ACPI: INT_SRC_OVR (bus 0 bus_irq 9 global_irq 9 high level)
[    0.004000] ACPI: INT_SRC_OVR (bus 0 bus_irq 10 global_irq 10 high level)
[    0.004000] ACPI: INT_SRC_OVR (bus 0 bus_irq 11 global_irq 11 high level)
[    0.004000] ACPI: Using ACPI (MADT) for SMP configuration information
[    0.004000] ACPI: HPET id: 0x8086a201 base: 0xfed00000
[    0.004000] TSC deadline timer available
[    0.004000] smpboot: Allowing 2 CPUs, 0 hotplug CPUs
[    0.004000] kvm-guest: KVM setup pv remote TLB flush
[    0.004000] kvm-guest: setup PV sched yield
[    0.004000] PM: hibernation: Registered nosave memory: [mem 0x00000000-0x00000fff]
[    0.004000] PM: hibernation: Registered nosave memory: [mem 0x0009f000-0x0009ffff]
[    0.004000] PM: hibernation: Registered nosave memory: [mem 0x000a0000-0x000effff]
[    0.004000] PM: hibernation: Registered nosave memory: [mem 0x000f0000-0x000fffff]
[    0.004000] [mem 0x80000000-0xfeffbfff] available for PCI devices
[    0.004000] Booting paravirtualized kernel on KVM
[    0.004000] clocksource: refined-jiffies: mask: 0xffffffff max_cycles: 0xffffffff, max_idle_ns: 7645519600211568 ns
[    0.004000] setup_percpu: NR_CPUS:8192 nr_cpumask_bits:2 nr_cpu_ids:2 nr_node_ids:1
[    0.004000] percpu: Embedded 65 pages/cpu s229376 r8192 d28672 u1048576
[    0.004000] kvm-guest: PV spinlocks enabled
[    0.004000] PV qspinlock hash table entries: 256 (order: 0, 4096 bytes, linear)
[    0.004000] Fallback order for Node 0: 0 
[    0.004000] Built 1 zonelists, mobility grouping on.  Total pages: 515808
[    0.004000] Policy zone: DMA32
[    0.004000] Kernel command line: net.ifnames=0 console=ttyS0 root=/dev/sda earlyprintk=serial net.ifnames=0
[    0.004000] random: crng init done
[    0.004000] Dentry cache hash table entries: 262144 (order: 9, 2097152 bytes, linear)
[    0.004000] Inode-cache hash table entries: 131072 (order: 8, 1048576 bytes, linear)
[    0.004000] mem auto-init: stack:off, heap alloc:off, heap free:off
[    0.004000] Memory: 1966944K/2096632K available (34816K kernel code, 4558K rwdata, 9768K rodata, 10364K init, 31912K bss, 129432K reserved, 0K cma-reserved)
[    0.004000] SLUB: HWalign=64, Order=0-3, MinObjects=0, CPUs=2, Nodes=1
[    0.004000] kmemleak: Kernel memory leak detector disabled
[    0.004000] ftrace: allocating 68589 entries in 268 pages
[    0.004000] ftrace: allocated 268 pages with 3 groups
[    0.004000] Dynamic Preempt: voluntary
[    0.004000] Running RCU self tests
[    0.004000] Running RCU synchronous self tests
[    0.004000] rcu: Preemptible hierarchical RCU implementation.
[    0.004000] rcu: 	RCU lockdep checking is enabled.
[    0.004000] rcu: 	RCU restricting CPUs from NR_CPUS=8192 to nr_cpu_ids=2.
[    0.004000] 	Trampoline variant of Tasks RCU enabled.
[    0.004000] 	Rude variant of Tasks RCU enabled.
[    0.004000] 	Tracing variant of Tasks RCU enabled.
[    0.004000] rcu: RCU calculated value of scheduler-enlistment delay is 25 jiffies.
[    0.004000] rcu: Adjusting geometry for rcu_fanout_leaf=16, nr_cpu_ids=2
[    0.004000] Running RCU synchronous self tests
[    0.004000] NR_IRQS: 524544, nr_irqs: 440, preallocated irqs: 16
[    0.004000] rcu: srcu_init: Setting srcu_struct sizes based on contention.
[    0.004000] Console: colour VGA+ 80x25
[    0.004000] printk: console [ttyS0] enabled
[    0.004000] printk: console [ttyS0] enabled
[    0.004000] printk: bootconsole [earlyser0] disabled
[    0.004000] printk: bootconsole [earlyser0] disabled
[    0.004000] Lock dependency validator: Copyright (c) 2006 Red Hat, Inc., Ingo Molnar
[    0.004000] ... MAX_LOCKDEP_SUBCLASSES:  8
[    0.004000] ... MAX_LOCK_DEPTH:          48
[    0.004000] ... MAX_LOCKDEP_KEYS:        8192
[    0.004000] ... CLASSHASH_SIZE:          4096
[    0.004000] ... MAX_LOCKDEP_ENTRIES:     32768
[    0.004000] ... MAX_LOCKDEP_CHAINS:      65536
[    0.004000] ... CHAINHASH_SIZE:          32768
[    0.004000]  memory used by lock dependency info: 6365 kB
[    0.004000]  memory used for stack traces: 4224 kB
[    0.004000]  per task-struct memory footprint: 1920 bytes
[    0.004000] ACPI: Core revision 20221020
[    0.004000] clocksource: hpet: mask: 0xffffffff max_cycles: 0xffffffff, max_idle_ns: 19112604467 ns
[    0.004000] APIC: Switch to symmetric I/O mode setup
[    0.004000] x2apic enabled
[    0.004000] Switched APIC routing to physical x2apic.
[    0.004000] kvm-guest: setup PV IPIs
[    0.004000] ..TIMER: vector=0x30 apic1=0 pin1=2 apic2=-1 pin2=-1
[    0.004000] clocksource: tsc-early: mask: 0xffffffffffffffff max_cycles: 0xb9fb05486c, max_idle_ns: 440795231721 ns
[    0.182147] Calibrating delay loop (skipped) preset value.. 1612.80 BogoMIPS (lpj=3225600)
[    0.183203] pid_max: default: 32768 minimum: 301
[    0.186217] LSM: initializing lsm=capability,yama,integrity
[    0.186943] Yama: becoming mindful.
[    0.187548] Mount-cache hash table entries: 4096 (order: 3, 32768 bytes, linear)
[    0.188520] Mountpoint-cache hash table entries: 4096 (order: 3, 32768 bytes, linear)
[    0.191245] CPU0: Thermal monitoring enabled (TM1)
[    0.192056] x86/cpu: User Mode Instruction Prevention (UMIP) activated
[    0.193233] Last level iTLB entries: 4KB 0, 2MB 0, 4MB 0
[    0.193931] Last level dTLB entries: 4KB 0, 2MB 0, 4MB 0, 1GB 0
[    0.194154] Spectre V1 : Mitigation: usercopy/swapgs barriers and __user pointer sanitization
[    0.195226] Spectre V2 : WARNING: Unprivileged eBPF is enabled with eIBRS on, data leaks possible via Spectre v2 BHB attacks!
[    0.196630] Spectre V2 : Mitigation: Enhanced / Automatic IBRS
[    0.197357] Spectre V2 : Spectre v2 / SpectreRSB mitigation: Filling RSB on context switch
[    0.198140] Spectre V2 : Spectre v2 / PBRSB-eIBRS: Retire a single CALL on VMEXIT
[    0.199061] Spectre V2 : mitigation: Enabling conditional Indirect Branch Prediction Barrier
[    0.200094] Speculative Store Bypass: Mitigation: Speculative Store Bypass disabled via prctl
[    0.201142] MMIO Stale Data: Unknown: No mitigations
[    0.283716] Freeing SMP alternatives memory: 56K
[    0.284356] Running RCU synchronous self tests
[    0.284919] Running RCU synchronous self tests
[    0.285811] smpboot: CPU0: Genuine Intel(R) 0000 (family: 0x6, model: 0xb7, stepping: 0x0)
[    0.286136] cblist_init_generic: Setting adjustable number of callback queues.
[    0.286136] cblist_init_generic: Setting shift to 1 and lim to 1.
[    0.286136] cblist_init_generic: Setting shift to 1 and lim to 1.
[    0.286191] cblist_init_generic: Setting shift to 1 and lim to 1.
[    0.287021] Running RCU-tasks wait API self tests
[    0.390264] Performance Events: Alderlake Hybrid events, full-width counters, Intel PMU driver.
[    0.391843] core: cpu_core PMU driver: 
[    0.392330] ... version:                2
[    0.392821] ... bit width:              48
[    0.393325] ... generic registers:      6
[    0.393826] ... value mask:             0000ffffffffffff
[    0.394143] ... max period:             00007fffffffffff
[    0.394794] ... fixed-purpose events:   3
[    0.395288] ... event mask:             0001000f0000003f
[    0.396129] rcu: Hierarchical SRCU implementation.
[    0.396721] rcu: 	Max phase no-delay instances is 1000.
[    0.398280] Callback from call_rcu_tasks_trace() invoked.
[    0.399060] unchecked MSR access error: WRMSR to 0x38f (tried to write 0x0001000f0000003f) at rIP: 0xffffffff810dcc2c (native_write_msr+0xc/0x30)
[    0.400652] Call Trace:
[    0.400961]  <TASK>
[    0.401231]  __intel_pmu_enable_all.constprop.49+0xb5/0x140
[    0.401931]  intel_pmu_enable_all+0x1e/0x30
[    0.402136]  x86_pmu_enable+0x46d/0x5a0
[    0.402136]  ? write_comp_data+0x2f/0x90
[    0.402136]  perf_pmu_enable+0x53/0x70
[    0.402136]  ctx_resched+0x14d/0x1e0
[    0.402136]  __perf_install_in_context+0x2f7/0x470
[    0.402136]  ? __pfx_remote_function+0x10/0x10
[    0.402136]  ? __pfx_remote_function+0x10/0x10
[    0.402136]  remote_function+0x80/0xa0
[    0.402136]  ? __pfx_remote_function+0x10/0x10
[    0.402136]  generic_exec_single+0x124/0x190
[    0.402136]  smp_call_function_single+0x11c/0x240
[    0.402136]  ? __pfx_remote_function+0x10/0x10
[    0.402136]  ? __sanitizer_cov_trace_pc+0x25/0x60
[    0.402136]  ? write_comp_data+0x2f/0x90
[    0.402136]  perf_install_in_context+0x2d8/0x300
[    0.402136]  ? __pfx___perf_install_in_context+0x10/0x10
[    0.402136]  perf_event_create_kernel_counter+0x284/0x2b0
[    0.402136]  ? __pfx_watchdog_overflow_callback+0x10/0x10
[    0.402136]  hardlockup_detector_event_create+0x46/0xd0
[    0.402136]  hardlockup_detector_perf_init+0x18/0x80
[    0.402136]  watchdog_nmi_probe+0x17/0x20
[    0.402136]  lockup_detector_init+0x40/0xb0
[    0.402136]  kernel_init_freeable+0x37e/0x760
[    0.402136]  ? __pfx_kernel_init+0x10/0x10
[    0.402136]  kernel_init+0x24/0x1e0
[    0.402136]  ? __pfx_kernel_init+0x10/0x10
[    0.402136]  ret_from_fork+0x29/0x50
[    0.402136]  </TASK>
[    0.402315] smp: Bringing up secondary CPUs ...
[    0.403345] x86: Booting SMP configuration:
[    0.403871] .... node  #0, CPUs:      #1
[    0.404412] smp: Brought up 1 node, 2 CPUs
[    0.404412] smpboot: Max logical packages: 1
[    0.406150] smpboot: Total of 2 processors activated (3225.60 BogoMIPS)
[    0.407258] devtmpfs: initialized
[    0.407258] x86/mm: Memory block size: 128MB
[    0.410968] Running RCU synchronous self tests
[    0.410991] Running RCU synchronous self tests
[    0.411567] clocksource: jiffies: mask: 0xffffffff max_cycles: 0xffffffff, max_idle_ns: 7645041785100000 ns
[    0.412746] futex hash table entries: 512 (order: 4, 65536 bytes, linear)
[    0.414381] pinctrl core: initialized pinctrl subsystem
[    0.415441] 
[    0.415641] *************************************************************
[    0.416463] **     NOTICE NOTICE NOTICE NOTICE NOTICE NOTICE NOTICE    **
[    0.417284] **                                                         **
[    0.418112] **  IOMMU DebugFS SUPPORT HAS BEEN ENABLED IN THIS KERNEL  **
[    0.418142] **                                                         **
[    0.418963] ** This means that this kernel is built to expose internal **
[    0.419788] ** IOMMU data structures, which may compromise security on **
[    0.420613] ** your system.                                            **
[    0.421433] **                                                         **
[    0.422141] ** If you see this message and you are not debugging the   **
[    0.422962] ** kernel, report this immediately to your vendor!         **
[    0.423783] **                                                         **
[    0.424608] **     NOTICE NOTICE NOTICE NOTICE NOTICE NOTICE NOTICE    **
[    0.425431] *************************************************************
[    0.426224] PM: RTC time: 03:32:31, date: 2023-05-21
[    0.430453] NET: Registered PF_NETLINK/PF_ROUTE protocol family
[    0.431593] DMA: preallocated 256 KiB GFP_KERNEL pool for atomic allocations
[    0.432464] DMA: preallocated 256 KiB GFP_KERNEL|GFP_DMA pool for atomic allocations
[    0.433407] DMA: preallocated 256 KiB GFP_KERNEL|GFP_DMA32 pool for atomic allocations
[    0.434179] audit: initializing netlink subsys (disabled)
[    0.434920] audit: type=2000 audit(1684639952.397:1): state=initialized audit_enabled=0 res=1
[    0.434920] thermal_sys: Registered thermal governor 'fair_share'
[    0.435153] thermal_sys: Registered thermal governor 'bang_bang'
[    0.435903] thermal_sys: Registered thermal governor 'step_wise'
[    0.436634] thermal_sys: Registered thermal governor 'user_space'
[    0.438172] cpuidle: using governor ladder
[    0.439431] cpuidle: using governor menu
[    0.440107] acpiphp: ACPI Hot Plug PCI Controller Driver version: 0.5
[    0.441167] PCI: Using configuration type 1 for base access
[    0.442516] kprobes: kprobe jump-optimization is enabled. All kprobes are optimized if possible.
[    0.612972] HugeTLB: registered 1.00 GiB page size, pre-allocated 0 pages
[    0.613936] HugeTLB: 16380 KiB vmemmap can be freed for a 1.00 GiB page
[    0.614145] HugeTLB: registered 2.00 MiB page size, pre-allocated 0 pages
[    0.615106] HugeTLB: 28 KiB vmemmap can be freed for a 2.00 MiB page
[    0.623380] ACPI: Added _OSI(Module Device)
[    0.624028] ACPI: Added _OSI(Processor Device)
[    0.624675] ACPI: Added _OSI(3.0 _SCP Extensions)
[    0.625358] ACPI: Added _OSI(Processor Aggregator Device)
[    0.630059] ACPI: 1 ACPI AML tables successfully acquired and loaded
[    2.510156] Callback from call_rcu_tasks_rude() invoked.
[    2.549253] ACPI: Interpreter enabled
[    2.549253] ACPI: PM: (supports S0 S3 S4 S5)
[    2.549253] ACPI: Using IOAPIC for interrupt routing
[    2.550224] PCI: Using host bridge windows from ACPI; if necessary, use "pci=nocrs" and report a bug
[    2.551398] PCI: Using E820 reservations for host bridge windows
[    2.552654] ACPI: Enabled 2 GPEs in block 00 to 0F
[    2.564367] ACPI: PCI Root Bridge [PCI0] (domain 0000 [bus 00-ff])
[    2.565195] acpi PNP0A03:00: _OSC: OS supports [ASPM ClockPM Segments MSI EDR HPX-Type3]
[    2.566146] acpi PNP0A03:00: _OSC: not requesting OS control; OS requires [ExtendedConfig ASPM ClockPM MSI]
[    2.567441] acpi PNP0A03:00: fail to add MMCONFIG information, can't access extended configuration space under this bridge
[    2.570454] acpiphp: Slot [3] registered
[    2.571019] acpiphp: Slot [4] registered
[    2.571581] acpiphp: Slot [5] registered
[    2.572143] acpiphp: Slot [6] registered
[    2.572707] acpiphp: Slot [7] registered
[    2.573269] acpiphp: Slot [8] registered
[    2.573833] acpiphp: Slot [9] registered
[    2.574191] acpiphp: Slot [10] registered
[    2.574764] acpiphp: Slot [11] registered
[    2.575337] acpiphp: Slot [12] registered
[    2.575912] acpiphp: Slot [13] registered
[    2.576484] acpiphp: Slot [14] registered
[    2.577057] acpiphp: Slot [15] registered
[    2.577632] acpiphp: Slot [16] registered
[    2.578208] acpiphp: Slot [17] registered
[    2.578787] acpiphp: Slot [18] registered
[    2.579366] acpiphp: Slot [19] registered
[    2.579938] acpiphp: Slot [20] registered
[    2.580510] acpiphp: Slot [21] registered
[    2.581088] acpiphp: Slot [22] registered
[    2.581660] acpiphp: Slot [23] registered
[    2.582189] acpiphp: Slot [24] registered
[    2.582764] acpiphp: Slot [25] registered
[    2.583338] acpiphp: Slot [26] registered
[    2.583910] acpiphp: Slot [27] registered
[    2.584484] acpiphp: Slot [28] registered
[    2.585063] acpiphp: Slot [29] registered
[    2.585635] acpiphp: Slot [30] registered
[    2.586190] acpiphp: Slot [31] registered
[    2.586734] PCI host bridge to bus 0000:00
[    2.587272] pci_bus 0000:00: root bus resource [io  0x0000-0x0cf7 window]
[    2.588153] pci_bus 0000:00: root bus resource [io  0x0d00-0xffff window]
[    2.589062] pci_bus 0000:00: root bus resource [mem 0x000a0000-0x000bffff window]
[    2.590058] pci_bus 0000:00: root bus resource [mem 0x80000000-0xfebfffff window]
[    2.590143] pci_bus 0000:00: root bus resource [mem 0x100000000-0x17fffffff window]
[    2.591126] pci_bus 0000:00: root bus resource [bus 00-ff]
[    2.591936] pci 0000:00:00.0: [8086:1237] type 00 class 0x060000
[    2.594183] Callback from call_rcu_tasks() invoked.
[    2.595133] pci 0000:00:01.0: [8086:7000] type 00 class 0x060100
[    2.596770] pci 0000:00:01.1: [8086:7010] type 00 class 0x010180
[    2.598941] pci 0000:00:01.1: reg 0x20: [io  0xc040-0xc04f]
[    2.600236] pci 0000:00:01.1: legacy IDE quirk: reg 0x10: [io  0x01f0-0x01f7]
[    2.601161] pci 0000:00:01.1: legacy IDE quirk: reg 0x14: [io  0x03f6]
[    2.602007] pci 0000:00:01.1: legacy IDE quirk: reg 0x18: [io  0x0170-0x0177]
[    2.602144] pci 0000:00:01.1: legacy IDE quirk: reg 0x1c: [io  0x0376]
[    2.603262] pci 0000:00:01.3: [8086:7113] type 00 class 0x068000
[    2.604564] pci 0000:00:01.3: quirk: [io  0x0600-0x063f] claimed by PIIX4 ACPI
[    2.605501] pci 0000:00:01.3: quirk: [io  0x0700-0x070f] claimed by PIIX4 SMB
[    2.606443] pci 0000:00:02.0: [1234:1111] type 00 class 0x030000
[    2.608971] pci 0000:00:02.0: reg 0x10: [mem 0xfd000000-0xfdffffff pref]
[    2.610828] pci 0000:00:02.0: reg 0x18: [mem 0xfebf0000-0xfebf0fff]
[    2.614214] pci 0000:00:02.0: reg 0x30: [mem 0xfebe0000-0xfebeffff pref]
[    2.615223] pci 0000:00:02.0: Video device with shadowed ROM at [mem 0x000c0000-0x000dffff]
[    2.618635] pci 0000:00:03.0: [8086:100e] type 00 class 0x020000
[    2.619897] pci 0000:00:03.0: reg 0x10: [mem 0xfebc0000-0xfebdffff]
[    2.621085] pci 0000:00:03.0: reg 0x14: [io  0xc000-0xc03f]
[    2.623730] pci 0000:00:03.0: reg 0x30: [mem 0xfeb80000-0xfebbffff pref]
[    2.649810] ACPI: PCI: Interrupt link LNKA configured for IRQ 10
[    2.650421] ACPI: PCI: Interrupt link LNKB configured for IRQ 10
[    2.651494] ACPI: PCI: Interrupt link LNKC configured for IRQ 11
[    2.652561] ACPI: PCI: Interrupt link LNKD configured for IRQ 11
[    2.653495] ACPI: PCI: Interrupt link LNKS configured for IRQ 9
[    2.658967] iommu: Default domain type: Translated 
[    2.658967] iommu: DMA domain TLB invalidation policy: lazy mode 
[    2.660297] SCSI subsystem initialized
[    2.660811] ACPI: bus type USB registered
[    2.662738] usbcore: registered new interface driver usbfs
[    2.663491] usbcore: registered new interface driver hub
[    2.664223] usbcore: registered new device driver usb
[    2.664972] pps_core: LinuxPPS API ver. 1 registered
[    2.665640] pps_core: Software ver. 5.3.6 - Copyright 2005-2007 Rodolfo Giometti <giometti@linux.it>
[    2.666152] PTP clock support registered
[    2.666724] EDAC MC: Ver: 3.0.0
[    2.667022] NetLabel: Initializing
[    2.670144] NetLabel:  domain hash size = 128
[    2.670709] NetLabel:  protocols = UNLABELED CIPSOv4 CALIPSO
[    2.671477] NetLabel:  unlabeled traffic allowed by default
[    2.672280] PCI: Using ACPI for IRQ routing
[    2.672280] pci 0000:00:02.0: vgaarb: setting as boot VGA device
[    2.672280] pci 0000:00:02.0: vgaarb: bridge control possible
[    2.672280] pci 0000:00:02.0: vgaarb: VGA device added: decodes=io+mem,owns=io+mem,locks=none
[    2.674157] vgaarb: loaded
[    2.674521] hpet0: at MMIO 0xfed00000, IRQs 2, 8, 0
[    2.675049] hpet0: 3 comparators, 64-bit 100.000000 MHz counter
[    2.678142] clocksource: Switched to clocksource kvm-clock
[    2.679859] VFS: Disk quotas dquot_6.6.0
[    2.680414] VFS: Dquot-cache hash table entries: 512 (order 0, 4096 bytes)
[    2.681505] pnp: PnP ACPI init
[    2.683196] pnp: PnP ACPI: found 6 devices
[    2.693365] clocksource: acpi_pm: mask: 0xffffff max_cycles: 0xffffff, max_idle_ns: 2085701024 ns
[    2.694803] NET: Registered PF_INET protocol family
[    2.695536] IP idents hash table entries: 32768 (order: 6, 262144 bytes, linear)
[    2.697209] tcp_listen_portaddr_hash hash table entries: 1024 (order: 4, 73728 bytes, linear)
[    2.698381] Table-perturb hash table entries: 65536 (order: 6, 262144 bytes, linear)
[    2.699424] TCP established hash table entries: 16384 (order: 5, 131072 bytes, linear)
[    2.700611] TCP bind hash table entries: 16384 (order: 9, 2359296 bytes, linear)
[    2.705601] TCP: Hash tables configured (established 16384 bind 16384)
[    2.706635] UDP hash table entries: 1024 (order: 5, 163840 bytes, linear)
[    2.707582] UDP-Lite hash table entries: 1024 (order: 5, 163840 bytes, linear)
[    2.708691] NET: Registered PF_UNIX/PF_LOCAL protocol family
[    2.709723] RPC: Registered named UNIX socket transport module.
[    2.710549] RPC: Registered udp transport module.
[    2.711189] RPC: Registered tcp transport module.
[    2.711827] RPC: Registered tcp NFSv4.1 backchannel transport module.
[    2.712707] pci_bus 0000:00: resource 4 [io  0x0000-0x0cf7 window]
[    2.713553] pci_bus 0000:00: resource 5 [io  0x0d00-0xffff window]
[    2.714401] pci_bus 0000:00: resource 6 [mem 0x000a0000-0x000bffff window]
[    2.715326] pci_bus 0000:00: resource 7 [mem 0x80000000-0xfebfffff window]
[    2.716254] pci_bus 0000:00: resource 8 [mem 0x100000000-0x17fffffff window]
[    2.717380] pci 0000:00:01.0: PIIX3: Enabling Passive Release
[    2.718189] pci 0000:00:00.0: Limiting direct PCI/PCI transfers
[    2.719101] PCI: CLS 0 bytes, default 64
[    2.719698] ACPI: bus type thunderbolt registered
[    2.720561] clocksource: tsc: mask: 0xffffffffffffffff max_cycles: 0xb9fb05486c, max_idle_ns: 440795231721 ns
[    2.759954] Initialise system trusted keyrings
[    2.760646] Key type blacklist registered
[    2.761438] workingset: timestamp_bits=36 max_order=19 bucket_order=0
[    2.762411] zbud: loaded
[    2.763270] squashfs: version 4.0 (2009/01/31) Phillip Lougher
[    2.764621] NFS: Registering the id_resolver key type
[    2.765323] Key type id_resolver registered
[    2.765905] Key type id_legacy registered
[    2.766499] nfs4filelayout_init: NFSv4 File Layout Driver Registering...
[    2.767422] nfs4flexfilelayout_init: NFSv4 Flexfile Layout Driver Registering...
[    2.768507] fuse: init (API version 7.38)
[    2.769168] SGI XFS with ACLs, security attributes, realtime, quota, no debug enabled
[    2.770717] 9p: Installing v9fs 9p2000 file system support
[    2.776897] Key type asymmetric registered
[    2.777482] Asymmetric key parser 'x509' registered
[    2.778191] Block layer SCSI generic (bsg) driver version 0.4 loaded (major 243)
[    2.779476] io scheduler mq-deadline registered
[    2.780143] io scheduler bfq registered
[    2.781163] shpchp: Standard Hot Plug PCI Controller Driver version: 0.4
[    2.782376] IPMI message handler: version 39.2
[    2.783015] ipmi device interface
[    2.784680] input: Power Button as /devices/LNXSYSTM:00/LNXPWRBN:00/input/input0
[    2.786085] ACPI: button: Power Button [PWRF]
[    2.787508] ERST DBG: ERST support is disabled.
[    2.788598] Serial: 8250/16550 driver, 32 ports, IRQ sharing enabled
[    2.790159] 00:04: ttyS0 at I/O 0x3f8 (irq = 4, base_baud = 115200) is a 16550A
[    2.796648] Linux agpgart interface v0.103
[    2.797808] ACPI: bus type drm_connector registered
[    2.807218] brd: module loaded
[    2.812065] loop: module loaded
[    2.815618] scsi host0: ata_piix
[    2.817088] scsi host1: ata_piix
[    2.817657] ata1: PATA max MWDMA2 cmd 0x1f0 ctl 0x3f6 bmdma 0xc040 irq 14
[    2.818598] ata2: PATA max MWDMA2 cmd 0x170 ctl 0x376 bmdma 0xc048 irq 15
[    2.820141] tun: Universal TUN/TAP device driver, 1.6
[    2.820927] e100: Intel(R) PRO/100 Network Driver
[    2.821568] e100: Copyright(c) 1999-2006 Intel Corporation
[    2.822355] e1000: Intel(R) PRO/1000 Network Driver
[    2.823018] e1000: Copyright (c) 1999-2006 Intel Corporation.
[    2.936207] ACPI: \_SB_.LNKC: Enabled at IRQ 11
[    2.978340] ata1: found unknown device (class 0)
[    2.979467] ata1.00: ATA-7: QEMU HARDDISK, 2.5+, max UDMA/100
[    2.980148] ata1.00: 16777216 sectors, multi 16: LBA48 
[    2.981095] ata2: found unknown device (class 0)
[    2.982506] scsi 0:0:0:0: Direct-Access     ATA      QEMU HARDDISK    2.5+ PQ: 0 ANSI: 5
[    2.984556] ata2.00: ATAPI: QEMU DVD-ROM, 2.5+, max UDMA/100
[    2.985895] scsi 0:0:0:0: Attached scsi generic sg0 type 0
[    2.987155] sd 0:0:0:0: [sda] 16777216 512-byte logical blocks: (8.59 GB/8.00 GiB)
[    2.988166] sd 0:0:0:0: [sda] Write Protect is off
[    2.988786] sd 0:0:0:0: [sda] Write cache: enabled, read cache: enabled, doesn't support DPO or FUA
[    2.989892] sd 0:0:0:0: [sda] Preferred minimum I/O size 512 bytes
[    2.990387] scsi 1:0:0:0: CD-ROM            QEMU     QEMU DVD-ROM     2.5+ PQ: 0 ANSI: 5
[    3.019455] scsi 1:0:0:0: Attached scsi generic sg1 type 5
[    3.020651] sd 0:0:0:0: [sda] Attached SCSI disk
[    3.282941] e1000 0000:00:03.0 eth0: (PCI:33MHz:32-bit) 52:54:00:12:34:56
[    3.283798] e1000 0000:00:03.0 eth0: Intel(R) PRO/1000 Network Connection
[    3.284695] e1000e: Intel(R) PRO/1000 Network Driver
[    3.285307] e1000e: Copyright(c) 1999 - 2015 Intel Corporation.
[    3.286076] igb: Intel(R) Gigabit Ethernet Network Driver
[    3.286752] igb: Copyright (c) 2007-2014 Intel Corporation.
[    3.287494] PPP generic driver version 2.4.2
[    3.288490] VFIO - User Level meta-driver version: 0.3
[    3.289543] usbcore: registered new interface driver uas
[    3.290250] usbcore: registered new interface driver usb-storage
[    3.291078] i8042: PNP: PS/2 Controller [PNP0303:KBD,PNP0f13:MOU] at 0x60,0x64 irq 1,12
[    3.292883] serio: i8042 KBD port at 0x60,0x64 irq 1
[    3.293527] serio: i8042 AUX port at 0x60,0x64 irq 12
[    3.294698] mousedev: PS/2 mouse device common for all mice
[    3.296225] input: AT Translated Set 2 keyboard as /devices/platform/i8042/serio0/input/input1
[    3.298098] input: VirtualPS/2 VMware VMMouse as /devices/platform/i8042/serio1/input/input4
[    3.298242] rtc_cmos 00:05: RTC can wake from S4
[    3.299615] input: VirtualPS/2 VMware VMMouse as /devices/platform/i8042/serio1/input/input3
[    3.300638] rtc_cmos 00:05: registered as rtc0
[    3.301465] rtc_cmos 00:05: setting system clock to 2023-05-21T03:32:34 UTC (1684639954)
[    3.302631] rtc_cmos 00:05: alarms up to one day, y3k, 242 bytes nvram, hpet irqs
[    3.303565] i2c_dev: i2c /dev entries driver
[    3.304221] device-mapper: core: CONFIG_IMA_DISABLE_HTABLE is disabled. Duplicate IMA measurements will not be recorded in the IMA log.
[    3.305707] device-mapper: uevent: version 1.0.3
[    3.306499] device-mapper: ioctl: 4.47.0-ioctl (2022-07-28) initialised: dm-devel@redhat.com
[    3.307535] intel_pstate: CPU model not supported
[    3.308179] sdhci: Secure Digital Host Controller Interface driver
[    3.308933] sdhci: Copyright(c) Pierre Ossman
[    3.309518] sdhci-pltfm: SDHCI platform and OF driver helper
[    3.310319] ledtrig-cpu: registered to indicate activity on CPUs
[    3.311285] drop_monitor: Initializing network drop monitor service
[    3.312166] NET: Registered PF_INET6 protocol family
[    3.314448] Segment Routing with IPv6
[    3.314929] In-situ OAM (IOAM) with IPv6
[    3.315445] NET: Registered PF_PACKET protocol family
[    3.316239] 9pnet: Installing 9P2000 support
[    3.316799] Key type dns_resolver registered
[    3.317912] IPI shorthand broadcast: enabled
[    3.328341] sched_clock: Marking stable (3152002179, 174136773)->(3375768871, -49629919)
[    3.329741] registered taskstats version 1
[    3.331001] Loading compiled-in X.509 certificates
[    3.331748] zswap: loaded using pool lzo/zbud
[    3.342383] Key type .fscrypt registered
[    3.342911] Key type fscrypt-provisioning registered
[    3.344140] Key type encrypted registered
[    3.344669] ima: No TPM chip found, activating TPM-bypass!
[    3.345350] ima: Allocated hash algorithm: sha1
[    3.345936] ima: No architecture policies found
[    3.346555] evm: Initialising EVM extended attributes:
[    3.347188] evm: security.selinux
[    3.347603] evm: security.SMACK64
[    3.348019] evm: security.SMACK64EXEC
[    3.348475] evm: security.SMACK64TRANSMUTE
[    3.348983] evm: security.SMACK64MMAP
[    3.349443] evm: security.apparmor
[    3.349914] evm: security.ima
[    3.350312] evm: security.capability
[    3.350762] evm: HMAC attrs: 0x1
[    3.351971] PM:   Magic number: 7:365:513
[    3.352900] RAS: Correctable Errors collector initialized.
[    3.354174] md: Waiting for all devices to be available before autodetect
[    3.354721] md: If you don't use raid, use raid=noautodetect
[    3.355181] md: Autodetecting RAID arrays.
[    3.355522] md: autorun ...
[    3.355756] md: ... autorun DONE.
[    3.359454] EXT4-fs (sda): INFO: recovery required on readonly filesystem
[    3.360022] EXT4-fs (sda): write access will be enabled during recovery
[    3.508480] EXT4-fs (sda): recovery complete
[    3.510468] EXT4-fs (sda): mounted filesystem 23a53bb9-f815-47a5-b74c-5e08f7731193 with ordered data mode. Quota mode: none.
[    3.511459] VFS: Mounted root (ext4 filesystem) readonly on device 8:0.
[    3.513819] devtmpfs: mounted
[    3.522123] Freeing unused decrypted memory: 2036K
[    3.524362] Freeing unused kernel image (initmem) memory: 10364K
[    3.524897] Write protecting the kernel read-only data: 45056k
[    3.526331] Freeing unused kernel image (rodata/data gap) memory: 472K
[    3.596279] x86/mm: Checked W+X mappings: passed, no W+X pages found.
[    3.596829] Run /sbin/init as init process
[    3.688285] systemd[1]: RTC configured in localtime, applying delta of 0 minutes to system time.
[    3.708851] systemd[1]: systemd 239 (239-49.el8) running in system mode. (+PAM +AUDIT +SELINUX +IMA -APPARMOR +SMACK +SYSVINIT +UTMP +LIBCRYPTSETUP +GCRYPT +GNUTLS +ACL +XZ +LZ4 +SECCOMP +BLKID +ELFUTILS +KMOD +IDN2 -IDN +PCRE2 default-hierarchy=legacy)
[    3.710878] systemd[1]: Detected virtualization kvm.
[    3.711310] systemd[1]: Detected architecture x86-64.

Welcome to [0;31mCentOS Stream 8[0m!

[    3.778443] systemd[1]: Set hostname to <test>.
[    3.999412] systemd[1]: Listening on udev Kernel Socket.
[[0;32m  OK  [0m] Listening on udev Kernel Socket.
[    4.000828] systemd[1]: Listening on Journal Socket.
[[0;32m  OK  [0m] Listening on Journal Socket.
[    4.003735] systemd[1]: Created slice system-getty.slice.
[[0;32m  OK  [0m] Created slice system-getty.slice.
[    4.005545] systemd[1]: Listening on multipathd control socket.
[[0;32m  OK  [0m] Listening on multipathd control socket.
[    4.006763] systemd[1]: Reached target Swap.
[[0;32m  OK  [0m] Reached target Swap.
[    4.008214] systemd[1]: Created slice system-sshd\x2dkeygen.slice.
[[0;32m  OK  [0m] Created slice system-sshd\x2dkeygen.slice.
         Starting Load Kernel Modules...
[[0;32m  OK  [0m] Listening on Journal Socket (/dev/log).
         Starting Setup Virtual Console...
[[0;32m  OK  [0m] Created slice system-serial\x2dgetty.slice.
         Mounting Huge Pages File System...
[[0;32m  OK  [0m] Created slice User and Session Slice.
[[0;32m  OK  [0m] Listening on RPCbind Server Activation Socket.
[[0;32m  OK  [0m] Reached target RPC Port Mapper.
[[0;32m  OK  [0m] Listening on Process Core Dump Socket.
[[0;32m  OK  [0m] Listening on udev Control Socket.
[[0;32m  OK  [0m] Started Forward Password Requests to Wall Directory Watch.
[[0;32m  OK  [0m] Listening on LVM2 poll daemon socket.
[[0;32m  OK  [0m] Set up automount Arbitrary Executabâ€¦rmats File System Automount Point.
[[0;32m  OK  [0m] Listening on Device-mapper event daemon FIFOs.
         Starting Monitoring of LVM2 mirrorsâ€¦ng dmeventd or progress polling...
         Mounting Kernel Debug File System...
         Starting udev Coldplug all Devices...
[[0;32m  OK  [0m] Reached target Slices.
         Starting Journal Service...
         Starting Remount Root and Kernel File Systems...
         Mounting POSIX Message Queue File System...
[[0;32m  OK  [0m] Listening on initctl Compatibility Named Pipe.
[[0;1;31mFAILED[0m] Failed to start Load Kernel Modules.
See 'systemctl status systemd-modules-load.service' for details.
[[0;32m  OK  [0m] Started Journal Service.
[[0;32m  OK  [0m] Mounted Huge Pages File System.
[[0;32m  OK  [0m] Mounted Kernel Debug File System.
[[0;32m  OK  [0m] Started Setup Virtual Console.
[[0;32m  OK  [0m] Mounted POSIX Message Queue File System.
         Starting Apply Kernel Variables...
         Mounting Kernel Configuration File System...
         Mounting FUSE Control File System...
[    4.452578] EXT4-fs (sda): re-mounted 23a53bb9-f815-47a5-b74c-5e08f7731193. Quota mode: none.
[[0;32m  OK  [0m] Started Remount Root and Kernel File Systems.
[[0;32m  OK  [0m] Started Apply Kernel Variables.
[[0;32m  OK  [0m] Mounted Kernel Configuration File System.
[[0;32m  OK  [0m] Mounted FUSE Control File System.
         Starting Flush Journal to Persistent Storage...
         Starting Create Static Device Nodes in /dev...
         Starting Load/Save Random Seed...
[[0;32m  OK  [0m] Started Load/Save Random Seed.
[[0;32m  OK  [0m] Started Create Static Device Nodes in /dev.
         Starting udev Kernel Device Manager...
[[0;32m  OK  [0m] Started Flush Journal to Persistent Storage.
[[0;32m  OK  [0m] Started udev Coldplug all Devices.
         Starting udev Wait for Complete Device Initialization...
[[0;32m  OK  [0m] Started udev Kernel Device Manager.
         Starting Show Plymouth Boot Screen...
[[0;32m  OK  [0m] Started Show Plymouth Boot Screen.
[[0;32m  OK  [0m] Started Forward Password Requests to Plymouth Directory Watch.
[[0;32m  OK  [0m] Reached target Local Encrypted Volumes.
[[0;32m  OK  [0m] Reached target Paths.
[[0;32m  OK  [0m] Found device /dev/ttyS0.
[[0;32m  OK  [0m] Started Monitoring of LVM2 mirrors,â€¦sing dmeventd or progress polling.
[[0;32m  OK  [0m] Listening on Load/Save RF Kill Switch Status /dev/rfkill Watch.
[[0;32m  OK  [0m] Started udev Wait for Complete Device Initialization.
[[0;32m  OK  [0m] Reached target Local File Systems (Pre).
[[0;32m  OK  [0m] Reached target Local File Systems.
         Starting Tell Plymouth To Write Out Runtime Data...
         Starting Restore /run/initramfs on shutdown...
         Starting Create Volatile Files and Directories...
[[0;32m  OK  [0m] Started Tell Plymouth To Write Out Runtime Data.
[[0;32m  OK  [0m] Started Restore /run/initramfs on shutdown.
[[0;32m  OK  [0m] Started Create Volatile Files and Directories.
         Starting Security Auditing Service...
         Starting RPC Bind...
         Mounting RPC Pipe File System...
[[0;32m  OK  [0m] Mounted RPC Pipe File System.
[[0;32m  OK  [0m] Reached target rpc_pipefs.target.
[[0;32m  OK  [0m] Started RPC Bind.
[[0;32m  OK  [0m] Started Security Auditing Service.
         Starting Update UTMP about System Boot/Shutdown...
[[0;32m  OK  [0m] Started Update UTMP about System Boot/Shutdown.
[[0;32m  OK  [0m] Reached target System Initialization.
[[0;32m  OK  [0m] Started dnf makecache --timer.
[[0;32m  OK  [0m] Started Daily Cleanup of Temporary Directories.
[[0;32m  OK  [0m] Listening on D-Bus System Message Bus Socket.
[[0;32m  OK  [0m] Started daily update of the root trust anchor for DNSSEC.
[[0;32m  OK  [0m] Reached target Timers.
[[0;32m  OK  [0m] Listening on SSSD Kerberos Cache Manager responder socket.
[[0;32m  OK  [0m] Reached target Sockets.
[[0;32m  OK  [0m] Reached target Basic System.
         Starting Auto-connect to subsystemsâ€¦-NVME devices found during boot...
[[0;32m  OK  [0m] Started irqbalance daemon.
         Starting NTP client/server...
         Starting Self Monitoring and Reporting Technology (SMART) Daemon...
[[0;32m  OK  [0m] Reached target sshd-keygen.target.
         Starting Authorization Manager...
         Starting Login Service...
[[0;32m  OK  [0m] Started D-Bus System Message Bus.
         Starting Network Manager...
[[0;32m  OK  [0m] Started Machine Check Exception Logging Daemon.
[[0;32m  OK  [0m] Started Auto-connect to subsystems â€¦FC-NVME devices found during boot.
         Starting update of the root trust aâ€¦or DNSSEC validation in unbound...
[[0;32m  OK  [0m] Started Self Monitoring and Reporting Technology (SMART) Daemon.
[[0;32m  OK  [0m] Started Login Service.
[[0;32m  OK  [0m] Started NTP client/server.
[[0;32m  OK  [0m] Started Network Manager.
[[0;32m  OK  [0m] Reached target Network.
         Starting GSSAPI Proxy Daemon...
         Starting OpenSSH server daemon...
         Starting Dynamic System Tuning Daemon...
         Starting Network Manager Wait Online...
[[0;32m  OK  [0m] Started update of the root trust anâ€¦ for DNSSEC validation in unbound.
[[0;32m  OK  [0m] Started Authorization Manager.
         Starting Hostname Service...
[[0;32m  OK  [0m] Started OpenSSH server daemon.
[[0;32m  OK  [0m] Started GSSAPI Proxy Daemon.
[[0;32m  OK  [0m] Reached target NFS client services.
[[0;32m  OK  [0m] Reached target Remote File Systems (Pre).
[[0;32m  OK  [0m] Reached target Remote File Systems.
         Starting Permit User Sessions...
[[0;32m  OK  [0m] Started Permit User Sessions.
         Starting Hold until boot process finishes up...
         Starting Terminate Plymouth Boot Screen...
[[0;32m  OK  [0m] Started Command Scheduler.
[    6.130281] e1000: eth0 NIC Link is Up 1000 Mbps Full Duplex, Flow Control: RX
[    6.131710] IPv6: ADDRCONF(NETDEV_CHANGE): eth0: link becomes ready
[    6.321458] Spectre V2 : WARNING: Unprivileged eBPF is enabled with eIBRS on, data leaks possible via Spectre v2 BHB attacks!
[    6.322651] Spectre V2 : WARNING: Unprivileged eBPF is enabled with eIBRS on, data leaks possible via Spectre v2 BHB attacks!

CentOS Stream 8
Kernel 6.3.0-rc6-c13418e8eb37+ on an x86_64

test login: [   24.752701] memfd_create() without MFD_EXEC nor MFD_NOEXEC_SEAL, pid=331 'systemd'
[   28.373788] loop0: detected capacity change from 0 to 65536
[   28.374473] XFS: attr2 mount option is deprecated.
[   28.374869] XFS: ikeep mount option is deprecated.
[   28.376587] XFS (loop0): Deprecated V4 format (crc=0) will not be supported after September 2030.
[   28.377561] XFS (loop0): Mounting V4 Filesystem d28317a9-9e04-4f2a-be27-e55b4c413ff6
[   28.382057] XFS (loop0): Ending clean mount
[   28.383079] XFS (loop0): Quotacheck needed: Please wait.
[   28.385839] BUG: kernel NULL pointer dereference, address: 0000000000000008
[   28.386411] #PF: supervisor read access in kernel mode
[   28.386825] #PF: error_code(0x0000) - not-present page
[   28.387238] PGD 0 P4D 0 
[   28.387456] Oops: 0000 [#1] PREEMPT SMP NOPTI
[   28.387816] CPU: 0 PID: 9 Comm: kworker/u4:0 Not tainted 6.3.0-rc6-c13418e8eb37+ #1
[   28.388426] Hardware name: QEMU Standard PC (i440FX + PIIX, 1996), BIOS rel-1.16.0-0-gd239552ce722-prebuilt.qemu.org 04/01/2014
[   28.389324] Workqueue: xfs_iwalk-528 xfs_pwork_work
[   28.389732] RIP: 0010:xfs_extent_free_diff_items+0x27/0x40
[   28.390182] Code: 90 90 90 f3 0f 1e fa 0f 1f 44 00 00 55 48 89 e5 41 54 49 89 f4 53 48 89 d3 e8 e5 6b 7e ff 49 8b 44 24 28 48 8b 53 28 5b 41 5c <8b> 40 08 5d 2b 42 08 c3 cc cc cc cc 66 66 2e 0f 1f 84 00 00 00 00
[   28.391633] RSP: 0018:ffffc900000538d0 EFLAGS: 00010246
[   28.392055] RAX: 0000000000000000 RBX: ffff888006e63578 RCX: ffffffff81d5e191
[   28.392624] RDX: 0000000000000000 RSI: ffff888006f70000 RDI: 0000000000000002
[   28.393193] RBP: ffffc900000538d0 R08: ffffc900000538f0 R09: ffff88800ed1d5f0
[   28.393767] R10: 0000000000000000 R11: 0000000000000001 R12: ffff888006e639a0
[   28.394335] R13: ffff888006e63dc8 R14: ffffffff81aef8e0 R15: ffffc90000053918
[   28.394905] FS:  0000000000000000(0000) GS:ffff88807dc00000(0000) knlGS:0000000000000000
[   28.395544] CS:  0010 DS: 0000 ES: 0000 CR0: 0000000080050033
[   28.396008] CR2: 0000000000000008 CR3: 000000000d3d6006 CR4: 0000000000770ef0
[   28.396579] PKRU: 55555554
[   28.396806] Call Trace:
[   28.397013]  <TASK>
[   28.397196]  list_sort+0xb8/0x3a0
[   28.397481]  xfs_extent_free_create_intent+0xb6/0xc0
[   28.397895]  xfs_defer_create_intents+0xc3/0x220
[   28.398282]  ? write_comp_data+0x2f/0x90
[   28.398615]  xfs_defer_finish_noroll+0x9e/0xac0
[   28.398992]  __xfs_trans_commit+0x4be/0x630
[   28.399340]  xfs_trans_commit+0x20/0x30
[   28.399661]  xfs_dquot_disk_alloc+0x45d/0x4e0
[   28.400028]  xfs_qm_dqread+0x2f7/0x310
[   28.400345]  xfs_qm_dqget+0xd5/0x300
[   28.400649]  xfs_qm_quotacheck_dqadjust+0x5a/0x230
[   28.401043]  xfs_qm_dqusage_adjust+0x249/0x300
[   28.401413]  xfs_iwalk_ag_recs+0x1bd/0x2e0
[   28.401756]  xfs_iwalk_run_callbacks+0xc3/0x1c0
[   28.402132]  xfs_iwalk_ag+0x32e/0x3f0
[   28.402441]  xfs_iwalk_ag_work+0xbe/0xf0
[   28.402767]  xfs_pwork_work+0x2c/0xc0
[   28.403077]  process_one_work+0x3b1/0x860
[   28.403416]  worker_thread+0x52/0x660
[   28.403726]  ? __pfx_worker_thread+0x10/0x10
[   28.404085]  kthread+0x161/0x1a0
[   28.404360]  ? __pfx_kthread+0x10/0x10
[   28.404674]  ret_from_fork+0x29/0x50
[   28.404983]  </TASK>
[   28.405172] Modules linked in:
[   28.405429] CR2: 0000000000000008
[   28.405708] ---[ end trace 0000000000000000 ]---
[   28.406082] RIP: 0010:xfs_extent_free_diff_items+0x27/0x40
[   28.406531] Code: 90 90 90 f3 0f 1e fa 0f 1f 44 00 00 55 48 89 e5 41 54 49 89 f4 53 48 89 d3 e8 e5 6b 7e ff 49 8b 44 24 28 48 8b 53 28 5b 41 5c <8b> 40 08 5d 2b 42 08 c3 cc cc cc cc 66 66 2e 0f 1f 84 00 00 00 00
[   28.407984] RSP: 0018:ffffc900000538d0 EFLAGS: 00010246
[   28.408405] RAX: 0000000000000000 RBX: ffff888006e63578 RCX: ffffffff81d5e191
[   28.408975] RDX: 0000000000000000 RSI: ffff888006f70000 RDI: 0000000000000002
[   28.409546] RBP: ffffc900000538d0 R08: ffffc900000538f0 R09: ffff88800ed1d5f0
[   28.410119] R10: 0000000000000000 R11: 0000000000000001 R12: ffff888006e639a0
[   28.410688] R13: ffff888006e63dc8 R14: ffffffff81aef8e0 R15: ffffc90000053918
[   28.411256] FS:  0000000000000000(0000) GS:ffff88807dc00000(0000) knlGS:0000000000000000
[   28.411892] CS:  0010 DS: 0000 ES: 0000 CR0: 0000000080050033
[   28.412354] CR2: 0000000000000008 CR3: 000000000d3d6006 CR4: 0000000000770ef0
[   28.412925] PKRU: 55555554
[   28.413148] note: kworker/u4:0[9] exited with irqs disabled
