c[?7l[2J[0mSeaBIOS (version rel-1.16.0-0-gd239552ce722-prebuilt.qemu.org)


iPXE (http://ipxe.org) 00:03.0 CA00 PCI2.10 PnP PMM+7FF91000+7FEF1000 CA00
Press Ctrl-B to configure iPXE (PCI 00:03.0)...                                                                               


Booting from ROM..c[?7l[2J[    0.000000] Linux version 6.0.0-d465bff130bf+ (root@p-rpls01) (gcc (GCC) 8.5.0 20210514 (Red Hat 8.5.0-18), GNU ld version 2.36.1-2.el8) #1 SMP PREEMPT_DYNAMIC Mon Mar 27 15:32:56 CST 2023
[    0.000000] Command line: console=ttyS0 root=/dev/sda earlyprintk=serial net.ifnames=0
[    0.000000] KERNEL supported cpus:
[    0.000000]   Intel GenuineIntel
[    0.000000]   AMD AuthenticAMD
[    0.000000]   Hygon HygonGenuine
[    0.000000]   Centaur CentaurHauls
[    0.000000]   zhaoxin   Shanghai  
[    0.000000] x86/fpu: Supporting XSAVE feature 0x001: 'x87 floating point registers'
[    0.000000] x86/fpu: Supporting XSAVE feature 0x002: 'SSE registers'
[    0.000000] x86/fpu: Supporting XSAVE feature 0x004: 'AVX registers'
[    0.000000] x86/fpu: Supporting XSAVE feature 0x200: 'Protection Keys User registers'
[    0.000000] x86/fpu: xstate_offset[2]:  576, xstate_sizes[2]:  256
[    0.000000] x86/fpu: xstate_offset[9]:  832, xstate_sizes[9]:    8
[    0.000000] x86/fpu: Enabled xstate features 0x207, context size is 840 bytes, using 'compacted' format.
[    0.000000] signal: max sigframe size: 3632
[    0.000000] BIOS-provided physical RAM map:
[    0.000000] BIOS-e820: [mem 0x0000000000000000-0x000000000009fbff] usable
[    0.000000] BIOS-e820: [mem 0x000000000009fc00-0x000000000009ffff] reserved
[    0.000000] BIOS-e820: [mem 0x00000000000f0000-0x00000000000fffff] reserved
[    0.000000] BIOS-e820: [mem 0x0000000000100000-0x000000007ffdffff] usable
[    0.000000] BIOS-e820: [mem 0x000000007ffe0000-0x000000007fffffff] reserved
[    0.000000] BIOS-e820: [mem 0x00000000feffc000-0x00000000feffffff] reserved
[    0.000000] BIOS-e820: [mem 0x00000000fffc0000-0x00000000ffffffff] reserved
[    0.000000] printk: bootconsole [earlyser0] enabled
[    0.000000] NX (Execute Disable) protection: active
[    0.000000] SMBIOS 2.8 present.
[    0.000000] DMI: QEMU Standard PC (i440FX + PIIX, 1996), BIOS rel-1.16.0-0-gd239552ce722-prebuilt.qemu.org 04/01/2014
[    0.000000] Hypervisor detected: KVM
[    0.000000] kvm-clock: Using msrs 4b564d01 and 4b564d00
[    0.000007] kvm-clock: using sched offset of 839502744 cycles
[    0.001331] clocksource: kvm-clock: mask: 0xffffffffffffffff max_cycles: 0x1cd42e4dffb, max_idle_ns: 881590591483 ns
[    0.005496] tsc: Detected 806.400 MHz processor
[    0.015478] last_pfn = 0x7ffe0 max_arch_pfn = 0x400000000
[    0.017143] x86/PAT: Configuration [0-7]: WB  WC  UC- UC  WB  WP  UC- WT  
[    0.029045] found SMP MP-table at [mem 0x000f5ba0-0x000f5baf]
[    0.030898] Using GB pages for direct mapping
[    0.034339] ACPI: Early table checksum verification disabled
[    0.035943] ACPI: RSDP 0x00000000000F59C0 000014 (v00 BOCHS )
[    0.037445] ACPI: RSDT 0x000000007FFE1951 000034 (v01 BOCHS  BXPC     00000001 BXPC 00000001)
[    0.039694] ACPI: FACP 0x000000007FFE17FD 000074 (v01 BOCHS  BXPC     00000001 BXPC 00000001)
[    0.041891] ACPI: DSDT 0x000000007FFE0040 0017BD (v01 BOCHS  BXPC     00000001 BXPC 00000001)
[    0.044081] ACPI: FACS 0x000000007FFE0000 000040
[    0.045262] ACPI: APIC 0x000000007FFE1871 000080 (v01 BOCHS  BXPC     00000001 BXPC 00000001)
[    0.047450] ACPI: HPET 0x000000007FFE18F1 000038 (v01 BOCHS  BXPC     00000001 BXPC 00000001)
[    0.049624] ACPI: WAET 0x000000007FFE1929 000028 (v01 BOCHS  BXPC     00000001 BXPC 00000001)
[    0.051824] ACPI: Reserving FACP table memory at [mem 0x7ffe17fd-0x7ffe1870]
[    0.053598] ACPI: Reserving DSDT table memory at [mem 0x7ffe0040-0x7ffe17fc]
[    0.055388] ACPI: Reserving FACS table memory at [mem 0x7ffe0000-0x7ffe003f]
[    0.057160] ACPI: Reserving APIC table memory at [mem 0x7ffe1871-0x7ffe18f0]
[    0.058942] ACPI: Reserving HPET table memory at [mem 0x7ffe18f1-0x7ffe1928]
[    0.060722] ACPI: Reserving WAET table memory at [mem 0x7ffe1929-0x7ffe1950]
[    0.064298] No NUMA configuration found
[    0.065266] Faking a node at [mem 0x0000000000000000-0x000000007ffdffff]
[    0.067087] NODE_DATA(0) allocated [mem 0x7ffb5000-0x7ffdffff]
[    0.072672] Zone ranges:
[    0.073336]   DMA      [mem 0x0000000000001000-0x0000000000ffffff]
[    0.074914]   DMA32    [mem 0x0000000001000000-0x000000007ffdffff]
[    0.076469]   Normal   empty
[    0.077199]   Device   empty
[    0.077935] Movable zone start for each node
[    0.079044] Early memory node ranges
[    0.079945]   node   0: [mem 0x0000000000001000-0x000000000009efff]
[    0.081522]   node   0: [mem 0x0000000000100000-0x000000007ffdffff]
[    0.083124] Initmem setup node 0 [mem 0x0000000000001000-0x000000007ffdffff]
[    0.086247] On node 0, zone DMA: 1 pages in unavailable ranges
[    0.086797] On node 0, zone DMA: 97 pages in unavailable ranges
[    0.167225] On node 0, zone DMA32: 32 pages in unavailable ranges
[    0.169626] ACPI: PM-Timer IO Port: 0x608
[    0.172332] ACPI: LAPIC_NMI (acpi_id[0xff] dfl dfl lint[0x1])
[    0.174001] IOAPIC[0]: apic_id 0, version 17, address 0xfec00000, GSI 0-23
[    0.175830] ACPI: INT_SRC_OVR (bus 0 bus_irq 0 global_irq 2 dfl dfl)
[    0.177443] ACPI: INT_SRC_OVR (bus 0 bus_irq 5 global_irq 5 high level)
[    0.179144] ACPI: INT_SRC_OVR (bus 0 bus_irq 9 global_irq 9 high level)
[    0.180841] ACPI: INT_SRC_OVR (bus 0 bus_irq 10 global_irq 10 high level)
[    0.182569] ACPI: INT_SRC_OVR (bus 0 bus_irq 11 global_irq 11 high level)
[    0.184314] ACPI: Using ACPI (MADT) for SMP configuration information
[    0.185942] ACPI: HPET id: 0x8086a201 base: 0xfed00000
[    0.187306] TSC deadline timer available
[    0.188312] smpboot: Allowing 2 CPUs, 0 hotplug CPUs
[    0.189844] kvm-guest: KVM setup pv remote TLB flush
[    0.191130] kvm-guest: setup PV sched yield
[    0.192375] PM: hibernation: Registered nosave memory: [mem 0x00000000-0x00000fff]
[    0.194289] PM: hibernation: Registered nosave memory: [mem 0x0009f000-0x0009ffff]
[    0.196202] PM: hibernation: Registered nosave memory: [mem 0x000a0000-0x000effff]
[    0.198106] PM: hibernation: Registered nosave memory: [mem 0x000f0000-0x000fffff]
[    0.200034] [mem 0x80000000-0xfeffbfff] available for PCI devices
[    0.201576] Booting paravirtualized kernel on KVM
[    0.202878] clocksource: refined-jiffies: mask: 0xffffffff max_cycles: 0xffffffff, max_idle_ns: 7645519600211568 ns
[    0.205549] setup_percpu: NR_CPUS:8192 nr_cpumask_bits:2 nr_cpu_ids:2 nr_node_ids:1
[    0.213387] percpu: Embedded 64 pages/cpu s225280 r8192 d28672 u1048576
[    0.215531] kvm-guest: PV spinlocks enabled
[    0.216602] PV qspinlock hash table entries: 256 (order: 0, 4096 bytes, linear)
[    0.218552] Fallback order for Node 0: 0 
[    0.219646] Built 1 zonelists, mobility grouping on.  Total pages: 515808
[    0.221372] Policy zone: DMA32
[    0.222153] Kernel command line: net.ifnames=0 console=ttyS0 root=/dev/sda earlyprintk=serial net.ifnames=0
[    0.231358] Dentry cache hash table entries: 262144 (order: 9, 2097152 bytes, linear)
[    0.233617] Inode-cache hash table entries: 131072 (order: 8, 1048576 bytes, linear)
[    0.235841] mem auto-init: stack:off, heap alloc:off, heap free:off
[    0.244510] Memory: 1985384K/2096632K available (32784K kernel code, 4682K rwdata, 7808K rodata, 3668K init, 22136K bss, 110992K reserved, 0K cma-reserved)
[    0.249642] SLUB: HWalign=64, Order=0-3, MinObjects=0, CPUs=2, Nodes=1
[    0.251307] kmemleak: Kernel memory leak detector disabled
[    0.252760] ftrace: allocating 67205 entries in 263 pages
[    0.318999] ftrace: allocated 263 pages with 4 groups
[    0.325832] Dynamic Preempt: voluntary
[    0.327192] Running RCU self tests
[    0.328076] rcu: Preemptible hierarchical RCU implementation.
[    0.329522] rcu: 	RCU lockdep checking is enabled.
[    0.330728] rcu: 	RCU restricting CPUs from NR_CPUS=8192 to nr_cpu_ids=2.
[    0.332442] 	Trampoline variant of Tasks RCU enabled.
[    0.333709] 	Rude variant of Tasks RCU enabled.
[    0.334863] 	Tracing variant of Tasks RCU enabled.
[    0.336053] rcu: RCU calculated value of scheduler-enlistment delay is 25 jiffies.
[    0.337937] rcu: Adjusting geometry for rcu_fanout_leaf=16, nr_cpu_ids=2
[    0.374400] NR_IRQS: 524544, nr_irqs: 440, preallocated irqs: 16
[    0.376459] rcu: srcu_init: Setting srcu_struct sizes based on contention.
[    0.400373] Console: colour VGA+ 80x25
[    0.401429] printk: console [ttyS0] enabled
[    0.401429] printk: console [ttyS0] enabled
[    0.403584] printk: bootconsole [earlyser0] disabled
[    0.403584] printk: bootconsole [earlyser0] disabled
[    0.406100] Lock dependency validator: Copyright (c) 2006 Red Hat, Inc., Ingo Molnar
[    0.408089] ... MAX_LOCKDEP_SUBCLASSES:  8
[    0.409147] ... MAX_LOCK_DEPTH:          48
[    0.410228] ... MAX_LOCKDEP_KEYS:        8192
[    0.412065] ... CLASSHASH_SIZE:          4096
[    0.413814] ... MAX_LOCKDEP_ENTRIES:     32768
[    0.415597] ... MAX_LOCKDEP_CHAINS:      65536
[    0.416892] ... CHAINHASH_SIZE:          32768
[    0.418022]  memory used by lock dependency info: 6365 kB
[    0.419412]  memory used for stack traces: 4224 kB
[    0.420636]  per task-struct memory footprint: 1920 bytes
[    0.422087] ACPI: Core revision 20220331
[    0.423625] clocksource: hpet: mask: 0xffffffff max_cycles: 0xffffffff, max_idle_ns: 19112604467 ns
[    0.426259] APIC: Switch to symmetric I/O mode setup
[    0.428270] x2apic enabled
[    0.429657] Switched APIC routing to physical x2apic.
[    0.431048] kvm-guest: setup PV IPIs
[    0.435080] ..TIMER: vector=0x30 apic1=0 pin1=2 apic2=-1 pin2=-1
[    0.436683] clocksource: tsc-early: mask: 0xffffffffffffffff max_cycles: 0xb9fb05486c, max_idle_ns: 440795231721 ns
[    0.439394] Calibrating delay loop (skipped) preset value.. 1612.80 BogoMIPS (lpj=3225600)
[    0.441480] pid_max: default: 32768 minimum: 301
[    0.443575] LSM: Security Framework initializing
[    0.444792] Yama: becoming mindful.
[    0.446158] Mount-cache hash table entries: 4096 (order: 3, 32768 bytes, linear)
[    0.447422] Mountpoint-cache hash table entries: 4096 (order: 3, 32768 bytes, linear)
[    0.453761] CPU0: Thermal monitoring enabled (TM1)
[    0.455480] x86/cpu: User Mode Instruction Prevention (UMIP) activated
[    0.459814] Last level iTLB entries: 4KB 0, 2MB 0, 4MB 0
[    0.461377] Last level dTLB entries: 4KB 0, 2MB 0, 4MB 0, 1GB 0
[    0.463374] Spectre V1 : Mitigation: usercopy/swapgs barriers and __user pointer sanitization
[    0.465671] Spectre V2 : WARNING: Unprivileged eBPF is enabled with eIBRS on, data leaks possible via Spectre v2 BHB attacks!
[    0.467369] Spectre V2 : Mitigation: Enhanced IBRS
[    0.468570] Spectre V2 : Spectre v2 / SpectreRSB mitigation: Filling RSB on context switch
[    0.471360] Spectre V2 : Spectre v2 / PBRSB-eIBRS: Retire a single CALL on VMEXIT
[    0.473230] Spectre V2 : mitigation: Enabling conditional Indirect Branch Prediction Barrier
[    0.475360] Speculative Store Bypass: Mitigation: Speculative Store Bypass disabled via prctl
[    0.477463] MMIO Stale Data: Unknown: No mitigations
[    0.641162] Freeing SMP alternatives memory: 56K
[    0.643846] smpboot: CPU0: Genuine Intel(R) 0000 (family: 0x6, model: 0xb7, stepping: 0x0)
[    0.647094] cblist_init_generic: Setting adjustable number of callback queues.
[    0.647368] cblist_init_generic: Setting shift to 1 and lim to 1.
[    0.649062] cblist_init_generic: Setting shift to 1 and lim to 1.
[    0.650747] cblist_init_generic: Setting shift to 1 and lim to 1.
[    0.651485] Running RCU-tasks wait API self tests
[    0.755573] Performance Events: Alderlake Hybrid events, full-width counters, Intel PMU driver.
[    0.758617] core: cpu_core PMU driver: 
[    0.759370] ... version:                2
[    0.760308] ... bit width:              48
[    0.761255] ... generic registers:      6
[    0.762188] ... value mask:             0000ffffffffffff
[    0.763365] ... max period:             00007fffffffffff
[    0.764580] ... fixed-purpose events:   3
[    0.765502] ... event mask:             0001000f0000003f
[    0.767184] rcu: Hierarchical SRCU implementation.
[    0.767366] rcu: 	Max phase no-delay instances is 1000.
[    0.771394] Callback from call_rcu_tasks_trace() invoked.
[    0.774483] unchecked MSR access error: WRMSR to 0x38f (tried to write 0x0001000f0000003f) at rIP: 0xffffffff810cd49c (native_write_msr+0xc/0x30)
[    0.775357] Call Trace:
[    0.775357]  <TASK>
[    0.775357]  __intel_pmu_enable_all.constprop.46+0xb5/0x140
[    0.775357]  intel_pmu_enable_all+0x1e/0x30
[    0.775357]  x86_pmu_enable+0x46d/0x5a0
[    0.775357]  ? write_comp_data+0x2f/0x90
[    0.775357]  perf_pmu_enable+0x53/0x70
[    0.775357]  ctx_resched+0xab/0xf0
[    0.775357]  __perf_install_in_context+0x31b/0x480
[    0.775357]  ? perf_duration_warn+0x50/0x50
[    0.775357]  ? perf_duration_warn+0x50/0x50
[    0.775357]  remote_function+0x80/0xa0
[    0.775357]  ? perf_duration_warn+0x50/0x50
[    0.775357]  generic_exec_single+0x124/0x190
[    0.775357]  smp_call_function_single+0x11c/0x240
[    0.775357]  ? perf_duration_warn+0x50/0x50
[    0.775357]  ? __sanitizer_cov_trace_pc+0x25/0x60
[    0.775357]  ? write_comp_data+0x2f/0x90
[    0.775357]  perf_install_in_context+0x2e8/0x310
[    0.775357]  ? ctx_resched+0xf0/0xf0
[    0.775357]  perf_event_create_kernel_counter+0x16a/0x200
[    0.775357]  ? find_next_bit+0x30/0x30
[    0.775357]  hardlockup_detector_event_create+0x46/0xd0
[    0.775357]  hardlockup_detector_perf_init+0x18/0x66
[    0.775357]  watchdog_nmi_probe+0x17/0x1d
[    0.775357]  lockup_detector_init+0x40/0xaf
[    0.775357]  kernel_init_freeable+0x264/0x42e
[    0.775357]  ? rest_init+0x240/0x240
[    0.775357]  kernel_init+0x24/0x1e0
[    0.775357]  ? rest_init+0x240/0x240
[    0.775357]  ret_from_fork+0x1f/0x30
[    0.775357]  </TASK>
[    0.775743] smp: Bringing up secondary CPUs ...
[    0.779417] x86: Booting SMP configuration:
[    0.780460] .... node  #0, CPUs:      #1
[    0.781315] smp: Brought up 1 node, 2 CPUs
[    0.783382] smpboot: Max logical packages: 1
[    0.784382] smpboot: Total of 2 processors activated (3225.60 BogoMIPS)
[    0.799709] devtmpfs: initialized
[    0.799919] x86/mm: Memory block size: 128MB
[    0.804134] clocksource: jiffies: mask: 0xffffffff max_cycles: 0xffffffff, max_idle_ns: 7645041785100000 ns
[    0.807393] futex hash table entries: 512 (order: 4, 65536 bytes, linear)
[    0.809568] pinctrl core: initialized pinctrl subsystem
[    0.811785] 
[    0.812210] *************************************************************
[    0.813917] **     NOTICE NOTICE NOTICE NOTICE NOTICE NOTICE NOTICE    **
[    0.815368] **                                                         **
[    0.817079] **  IOMMU DebugFS SUPPORT HAS BEEN ENABLED IN THIS KERNEL  **
[    0.818785] **                                                         **
[    0.819369] ** This means that this kernel is built to expose internal **
[    0.821076] ** IOMMU data structures, which may compromise security on **
[    0.822843] ** your system.                                            **
[    0.823368] **                                                         **
[    0.825083] ** If you see this message and you are not debugging the   **
[    0.826807] ** kernel, report this immediately to your vendor!         **
[    0.827370] **                                                         **
[    0.829090] **     NOTICE NOTICE NOTICE NOTICE NOTICE NOTICE NOTICE    **
[    0.830797] *************************************************************
[    0.831557] PM: RTC time: 20:41:27, date: 2023-05-20
[    0.837424] NET: Registered PF_NETLINK/PF_ROUTE protocol family
[    0.839882] DMA: preallocated 256 KiB GFP_KERNEL pool for atomic allocations
[    0.841772] DMA: preallocated 256 KiB GFP_KERNEL|GFP_DMA pool for atomic allocations
[    0.843377] DMA: preallocated 256 KiB GFP_KERNEL|GFP_DMA32 pool for atomic allocations
[    0.845523] audit: initializing netlink subsys (disabled)
[    0.847391] audit: type=2000 audit(1684615288.119:1): state=initialized audit_enabled=0 res=1
[    0.847375] thermal_sys: Registered thermal governor 'fair_share'
[    0.847375] thermal_sys: Registered thermal governor 'bang_bang'
[    0.847375] thermal_sys: Registered thermal governor 'step_wise'
[    0.848562] thermal_sys: Registered thermal governor 'user_space'
[    0.851518] cpuidle: using governor ladder
[    0.856487] cpuidle: using governor menu
[    0.858023] acpiphp: ACPI Hot Plug PCI Controller Driver version: 0.5
[    0.859623] Callback from call_rcu_tasks_rude() invoked.
[    0.860389] PCI: Using configuration type 1 for base access
[    0.883605] kprobes: kprobe jump-optimization is enabled. All kprobes are optimized if possible.
[    1.182119] Callback from call_rcu_tasks() invoked.
[    1.183896] HugeTLB: registered 1.00 GiB page size, pre-allocated 0 pages
[    1.185721] HugeTLB: 16380 KiB vmemmap can be freed for a 1.00 GiB page
[    1.187374] HugeTLB: registered 2.00 MiB page size, pre-allocated 0 pages
[    1.189206] HugeTLB: 28 KiB vmemmap can be freed for a 2.00 MiB page
[    1.193371] ACPI: Added _OSI(Module Device)
[    1.194523] ACPI: Added _OSI(Processor Device)
[    1.195374] ACPI: Added _OSI(3.0 _SCP Extensions)
[    1.196640] ACPI: Added _OSI(Processor Aggregator Device)
[    1.209213] ACPI: 1 ACPI AML tables successfully acquired and loaded
[    1.215505] ACPI: Interpreter enabled
[    1.216667] ACPI: PM: (supports S0 S3 S4 S5)
[    1.217818] ACPI: Using IOAPIC for interrupt routing
[    1.219231] PCI: Using host bridge windows from ACPI; if necessary, use "pci=nocrs" and report a bug
[    1.219368] PCI: Using E820 reservations for host bridge windows
[    1.221923] ACPI: Enabled 2 GPEs in block 00 to 0F
[    1.243879] ACPI: PCI Root Bridge [PCI0] (domain 0000 [bus 00-ff])
[    1.245628] acpi PNP0A03:00: _OSC: OS supports [ASPM ClockPM Segments MSI EDR HPX-Type3]
[    1.247375] acpi PNP0A03:00: _OSC: not requesting OS control; OS requires [ExtendedConfig ASPM ClockPM MSI]
[    1.250034] acpi PNP0A03:00: fail to add MMCONFIG information, can't access extended PCI configuration space under this bridge.
[    1.254442] acpiphp: Slot [3] registered
[    1.255465] acpiphp: Slot [4] registered
[    1.256627] acpiphp: Slot [5] registered
[    1.257776] acpiphp: Slot [6] registered
[    1.258903] acpiphp: Slot [7] registered
[    1.259533] acpiphp: Slot [8] registered
[    1.260681] acpiphp: Slot [9] registered
[    1.261824] acpiphp: Slot [10] registered
[    1.263010] acpiphp: Slot [11] registered
[    1.263467] acpiphp: Slot [12] registered
[    1.264623] acpiphp: Slot [13] registered
[    1.265778] acpiphp: Slot [14] registered
[    1.266907] acpiphp: Slot [15] registered
[    1.267456] acpiphp: Slot [16] registered
[    1.268655] acpiphp: Slot [17] registered
[    1.269822] acpiphp: Slot [18] registered
[    1.270977] acpiphp: Slot [19] registered
[    1.271469] acpiphp: Slot [20] registered
[    1.272637] acpiphp: Slot [21] registered
[    1.273816] acpiphp: Slot [22] registered
[    1.274994] acpiphp: Slot [23] registered
[    1.275481] acpiphp: Slot [24] registered
[    1.276655] acpiphp: Slot [25] registered
[    1.277823] acpiphp: Slot [26] registered
[    1.278997] acpiphp: Slot [27] registered
[    1.279461] acpiphp: Slot [28] registered
[    1.280624] acpiphp: Slot [29] registered
[    1.281790] acpiphp: Slot [30] registered
[    1.282967] acpiphp: Slot [31] registered
[    1.283425] PCI host bridge to bus 0000:00
[    1.284497] pci_bus 0000:00: root bus resource [io  0x0000-0x0cf7 window]
[    1.286262] pci_bus 0000:00: root bus resource [io  0x0d00-0xffff window]
[    1.287419] pci_bus 0000:00: root bus resource [mem 0x000a0000-0x000bffff window]
[    1.289384] pci_bus 0000:00: root bus resource [mem 0x80000000-0xfebfffff window]
[    1.291340] pci_bus 0000:00: root bus resource [mem 0x100000000-0x17fffffff window]
[    1.291386] pci_bus 0000:00: root bus resource [bus 00-ff]
[    1.293054] pci 0000:00:00.0: [8086:1237] type 00 class 0x060000
[    1.298968] pci 0000:00:01.0: [8086:7000] type 00 class 0x060100
[    1.300986] pci 0000:00:01.1: [8086:7010] type 00 class 0x010180
[    1.305019] pci 0000:00:01.1: reg 0x20: [io  0xc040-0xc04f]
[    1.307426] pci 0000:00:01.1: legacy IDE quirk: reg 0x10: [io  0x01f0-0x01f7]
[    1.309276] pci 0000:00:01.1: legacy IDE quirk: reg 0x14: [io  0x03f6]
[    1.310972] pci 0000:00:01.1: legacy IDE quirk: reg 0x18: [io  0x0170-0x0177]
[    1.311385] pci 0000:00:01.1: legacy IDE quirk: reg 0x1c: [io  0x0376]
[    1.313718] pci 0000:00:01.3: [8086:7113] type 00 class 0x068000
[    1.316345] pci 0000:00:01.3: quirk: [io  0x0600-0x063f] claimed by PIIX4 ACPI
[    1.318272] pci 0000:00:01.3: quirk: [io  0x0700-0x070f] claimed by PIIX4 SMB
[    1.319962] pci 0000:00:02.0: [1234:1111] type 00 class 0x030000
[    1.324110] pci 0000:00:02.0: reg 0x10: [mem 0xfd000000-0xfdffffff pref]
[    1.330307] pci 0000:00:02.0: reg 0x18: [mem 0xfebf0000-0xfebf0fff]
[    1.337535] pci 0000:00:02.0: reg 0x30: [mem 0xfebe0000-0xfebeffff pref]
[    1.340064] pci 0000:00:02.0: Video device with shadowed ROM at [mem 0x000c0000-0x000dffff]
[    1.347529] pci 0000:00:03.0: [8086:100e] type 00 class 0x020000
[    1.349907] pci 0000:00:03.0: reg 0x10: [mem 0xfebc0000-0xfebdffff]
[    1.351959] pci 0000:00:03.0: reg 0x14: [io  0xc000-0xc03f]
[    1.357304] pci 0000:00:03.0: reg 0x30: [mem 0xfeb80000-0xfebbffff pref]
[    1.409409] ACPI: PCI: Interrupt link LNKA configured for IRQ 10
[    1.411417] ACPI: PCI: Interrupt link LNKB configured for IRQ 10
[    1.413387] ACPI: PCI: Interrupt link LNKC configured for IRQ 11
[    1.415338] ACPI: PCI: Interrupt link LNKD configured for IRQ 11
[    1.415599] ACPI: PCI: Interrupt link LNKS configured for IRQ 9
[    1.419669] iommu: Default domain type: Translated 
[    1.420931] iommu: DMA domain TLB invalidation policy: lazy mode 
[    1.424671] SCSI subsystem initialized
[    1.426258] ACPI: bus type USB registered
[    1.427413] usbcore: registered new interface driver usbfs
[    1.428841] usbcore: registered new interface driver hub
[    1.430198] usbcore: registered new device driver usb
[    1.431558] pps_core: LinuxPPS API ver. 1 registered
[    1.432792] pps_core: Software ver. 5.3.6 - Copyright 2005-2007 Rodolfo Giometti <giometti@linux.it>
[    1.435038] PTP clock support registered
[    1.435640] EDAC MC: Ver: 3.0.0
[    1.439100] NetLabel: Initializing
[    1.439373] NetLabel:  domain hash size = 128
[    1.440464] NetLabel:  protocols = UNLABELED CIPSOv4 CALIPSO
[    1.442004] NetLabel:  unlabeled traffic allowed by default
[    1.444108] PCI: Using ACPI for IRQ routing
[    1.445672] pci 0000:00:02.0: vgaarb: setting as boot VGA device
[    1.447194] pci 0000:00:02.0: vgaarb: bridge control possible
[    1.447357] pci 0000:00:02.0: vgaarb: VGA device added: decodes=io+mem,owns=io+mem,locks=none
[    1.447369] vgaarb: loaded
[    1.449242] hpet0: at MMIO 0xfed00000, IRQs 2, 8, 0
[    1.450373] hpet0: 3 comparators, 64-bit 100.000000 MHz counter
[    3.982963] clocksource: Switched to clocksource kvm-clock
[    4.219502] VFS: Disk quotas dquot_6.6.0
[    4.220305] VFS: Dquot-cache hash table entries: 512 (order 0, 4096 bytes)
[    4.221874] pnp: PnP ACPI init
[    4.224405] pnp: PnP ACPI: found 6 devices
[    4.236569] clocksource: acpi_pm: mask: 0xffffff max_cycles: 0xffffff, max_idle_ns: 2085701024 ns
[    4.238547] NET: Registered PF_INET protocol family
[    4.239938] IP idents hash table entries: 32768 (order: 6, 262144 bytes, linear)
[    4.242720] tcp_listen_portaddr_hash hash table entries: 1024 (order: 4, 73728 bytes, linear)
[    4.244341] Table-perturb hash table entries: 65536 (order: 6, 262144 bytes, linear)
[    4.245702] TCP established hash table entries: 16384 (order: 5, 131072 bytes, linear)
[    4.248154] TCP bind hash table entries: 16384 (order: 9, 2359296 bytes, linear)
[    4.253816] TCP: Hash tables configured (established 16384 bind 16384)
[    4.255269] UDP hash table entries: 1024 (order: 5, 163840 bytes, linear)
[    4.256705] UDP-Lite hash table entries: 1024 (order: 5, 163840 bytes, linear)
[    4.258359] NET: Registered PF_UNIX/PF_LOCAL protocol family
[    4.260507] RPC: Registered named UNIX socket transport module.
[    4.261579] RPC: Registered udp transport module.
[    4.262398] RPC: Registered tcp transport module.
[    4.263215] RPC: Registered tcp NFSv4.1 backchannel transport module.
[    4.264416] pci_bus 0000:00: resource 4 [io  0x0000-0x0cf7 window]
[    4.265491] pci_bus 0000:00: resource 5 [io  0x0d00-0xffff window]
[    4.266561] pci_bus 0000:00: resource 6 [mem 0x000a0000-0x000bffff window]
[    4.267772] pci_bus 0000:00: resource 7 [mem 0x80000000-0xfebfffff window]
[    4.268960] pci_bus 0000:00: resource 8 [mem 0x100000000-0x17fffffff window]
[    4.270437] pci 0000:00:01.0: PIIX3: Enabling Passive Release
[    4.271480] pci 0000:00:00.0: Limiting direct PCI/PCI transfers
[    4.272664] PCI: CLS 0 bytes, default 64
[    4.273456] ACPI: bus type thunderbolt registered
[    4.274641] clocksource: tsc: mask: 0xffffffffffffffff max_cycles: 0xb9fb05486c, max_idle_ns: 440795231721 ns
[    4.280946] Initialise system trusted keyrings
[    4.281855] Key type blacklist registered
[    4.282899] workingset: timestamp_bits=36 max_order=19 bucket_order=0
[    4.294968] zbud: loaded
[    4.297643] squashfs: version 4.0 (2009/01/31) Phillip Lougher
[    4.300484] NFS: Registering the id_resolver key type
[    4.301381] Key type id_resolver registered
[    4.302088] Key type id_legacy registered
[    4.302866] nfs4filelayout_init: NFSv4 File Layout Driver Registering...
[    4.304059] nfs4flexfilelayout_init: NFSv4 Flexfile Layout Driver Registering...
[    4.305429] fuse: init (API version 7.37)
[    4.306481] SGI XFS with ACLs, security attributes, realtime, quota, no debug enabled
[    4.310763] 9p: Installing v9fs 9p2000 file system support
[    4.318704] Key type asymmetric registered
[    4.319447] Asymmetric key parser 'x509' registered
[    4.322545] alg: self-tests for CTR-KDF (hmac(sha256)) passed
[    4.323670] Block layer SCSI generic (bsg) driver version 0.4 loaded (major 243)
[    4.325161] io scheduler mq-deadline registered
[    4.325973] io scheduler bfq registered
[    4.327959] shpchp: Standard Hot Plug PCI Controller Driver version: 0.4
[    4.329618] IPMI message handler: version 39.2
[    4.330423] ipmi device interface
[    4.332714] input: Power Button as /devices/LNXSYSTM:00/LNXPWRBN:00/input/input0
[    4.334177] ACPI: button: Power Button [PWRF]
[    4.336056] ERST DBG: ERST support is disabled.
[    4.337462] Serial: 8250/16550 driver, 32 ports, IRQ sharing enabled
[    4.339404] 00:04: ttyS0 at I/O 0x3f8 (irq = 4, base_baud = 115200) is a 16550A
[    4.349320] Linux agpgart interface v0.103
[    4.350685] ACPI: bus type drm_connector registered
[    4.364566] brd: module loaded
[    4.374141] loop: module loaded
[    4.379907] scsi host0: ata_piix
[    4.381169] scsi host1: ata_piix
[    4.381902] ata1: PATA max MWDMA2 cmd 0x1f0 ctl 0x3f6 bmdma 0xc040 irq 14
[    4.383041] ata2: PATA max MWDMA2 cmd 0x170 ctl 0x376 bmdma 0xc048 irq 15
[    4.385377] tun: Universal TUN/TAP device driver, 1.6
[    4.386381] e100: Intel(R) PRO/100 Network Driver
[    4.387183] e100: Copyright(c) 1999-2006 Intel Corporation
[    4.388176] e1000: Intel(R) PRO/1000 Network Driver
[    4.388997] e1000: Copyright (c) 1999-2006 Intel Corporation.
[    4.543732] ata1: found unknown device (class 0)
[    4.545365] ata1.00: ATA-7: QEMU HARDDISK, 2.5+, max UDMA/100
[    4.546359] ata1.00: 16777216 sectors, multi 16: LBA48 
[    4.547748] ata2: found unknown device (class 0)
[    4.549180] ata2.00: ATAPI: QEMU DVD-ROM, 2.5+, max UDMA/100
[    4.551407] scsi 0:0:0:0: Direct-Access     ATA      QEMU HARDDISK    2.5+ PQ: 0 ANSI: 5
[    4.553678] scsi 0:0:0:0: Attached scsi generic sg0 type 0
[    4.555319] sd 0:0:0:0: [sda] 16777216 512-byte logical blocks: (8.59 GB/8.00 GiB)
[    4.556536] ACPI: \_SB_.LNKC: Enabled at IRQ 11
[    4.556724] sd 0:0:0:0: [sda] Write Protect is off
[    4.558598] sd 0:0:0:0: [sda] Write cache: enabled, read cache: enabled, doesn't support DPO or FUA
[    4.559117] scsi 1:0:0:0: CD-ROM            QEMU     QEMU DVD-ROM     2.5+ PQ: 0 ANSI: 5
[    4.560245] sd 0:0:0:0: [sda] Preferred minimum I/O size 512 bytes
[    4.589729] sd 0:0:0:0: [sda] Attached SCSI disk
[    4.596583] scsi 1:0:0:0: Attached scsi generic sg1 type 5
[    4.925930] e1000 0000:00:03.0 eth0: (PCI:33MHz:32-bit) 52:54:00:12:34:56
[    4.927121] e1000 0000:00:03.0 eth0: Intel(R) PRO/1000 Network Connection
[    4.928419] e1000e: Intel(R) PRO/1000 Network Driver
[    4.929262] e1000e: Copyright(c) 1999 - 2015 Intel Corporation.
[    4.930336] igb: Intel(R) Gigabit Ethernet Network Driver
[    4.931246] igb: Copyright (c) 2007-2014 Intel Corporation.
[    4.932327] PPP generic driver version 2.4.2
[    4.933811] VFIO - User Level meta-driver version: 0.3
[    4.935290] usbcore: registered new interface driver uas
[    4.936258] usbcore: registered new interface driver usb-storage
[    4.937440] i8042: PNP: PS/2 Controller [PNP0303:KBD,PNP0f13:MOU] at 0x60,0x64 irq 1,12
[    4.939928] serio: i8042 KBD port at 0x60,0x64 irq 1
[    4.940791] serio: i8042 AUX port at 0x60,0x64 irq 12
[    4.942697] mousedev: PS/2 mouse device common for all mice
[    4.945169] input: AT Translated Set 2 keyboard as /devices/platform/i8042/serio0/input/input1
[    4.948280] rtc_cmos 00:05: RTC can wake from S4
[    4.952024] rtc_cmos 00:05: registered as rtc0
[    4.952591] input: VirtualPS/2 VMware VMMouse as /devices/platform/i8042/serio1/input/input4
[    4.953004] rtc_cmos 00:05: setting system clock to 2023-05-20T20:41:31 UTC (1684615291)
[    4.955884] rtc_cmos 00:05: alarms up to one day, y3k, 242 bytes nvram, hpet irqs
[    4.956097] input: VirtualPS/2 VMware VMMouse as /devices/platform/i8042/serio1/input/input3
[    4.957208] i2c_dev: i2c /dev entries driver
[    4.959466] device-mapper: core: CONFIG_IMA_DISABLE_HTABLE is disabled. Duplicate IMA measurements will not be recorded in the IMA log.
[    4.961742] device-mapper: uevent: version 1.0.3
[    4.963003] device-mapper: ioctl: 4.47.0-ioctl (2022-07-28) initialised: dm-devel@redhat.com
[    4.964561] intel_pstate: CPU model not supported
[    4.965604] sdhci: Secure Digital Host Controller Interface driver
[    4.966706] sdhci: Copyright(c) Pierre Ossman
[    4.967619] sdhci-pltfm: SDHCI platform and OF driver helper
[    4.968779] ledtrig-cpu: registered to indicate activity on CPUs
[    4.970274] drop_monitor: Initializing network drop monitor service
[    4.972049] NET: Registered PF_INET6 protocol family
[    4.975485] Segment Routing with IPv6
[    4.976204] In-situ OAM (IOAM) with IPv6
[    4.976979] NET: Registered PF_PACKET protocol family
[    4.978172] 9pnet: Installing 9P2000 support
[    4.979032] Key type dns_resolver registered
[    4.980811] IPI shorthand broadcast: enabled
[    4.981723] sched_clock: Marking stable (4931357463, 49158031)->(5083685873, -103170379)
[    4.984267] registered taskstats version 1
[    4.985335] Loading compiled-in X.509 certificates
[    4.986677] zswap: loaded using pool lzo/zbud
[    4.988205] Key type .fscrypt registered
[    4.988919] Key type fscrypt-provisioning registered
[    4.991190] Key type encrypted registered
[    4.992062] ima: No TPM chip found, activating TPM-bypass!
[    4.993053] ima: Allocated hash algorithm: sha1
[    4.993919] ima: No architecture policies found
[    4.994784] evm: Initialising EVM extended attributes:
[    4.995722] evm: security.selinux
[    4.996320] evm: security.SMACK64
[    4.996917] evm: security.SMACK64EXEC
[    4.997573] evm: security.SMACK64TRANSMUTE
[    4.998313] evm: security.SMACK64MMAP
[    4.998971] evm: security.apparmor
[    4.999614] evm: security.ima
[    5.000155] evm: security.capability
[    5.000800] evm: HMAC attrs: 0x1
[    5.009374] PM:   Magic number: 7:751:700
[    5.010586] RAS: Correctable Errors collector initialized.
[    5.013188] md: Waiting for all devices to be available before autodetect
[    5.013976] md: If you don't use raid, use raid=noautodetect
[    5.014642] md: Autodetecting RAID arrays.
[    5.015144] md: autorun ...
[    5.015513] md: ... autorun DONE.
[    5.021731] EXT4-fs (sda): INFO: recovery required on readonly filesystem
[    5.022594] EXT4-fs (sda): write access will be enabled during recovery
[    5.335314] EXT4-fs (sda): recovery complete
[    5.340023] EXT4-fs (sda): mounted filesystem with ordered data mode. Quota mode: none.
[    5.341523] VFS: Mounted root (ext4 filesystem) readonly on device 8:0.
[    5.346502] devtmpfs: mounted
[    5.355235] Freeing unused decrypted memory: 2036K
[    5.362868] Freeing unused kernel image (initmem) memory: 3668K
[    5.364038] Write protecting the kernel read-only data: 43008k
[    5.371853] Freeing unused kernel image (text/rodata gap) memory: 2028K
[    5.374306] Freeing unused kernel image (rodata/data gap) memory: 384K
[    5.490346] x86/mm: Checked W+X mappings: passed, no W+X pages found.
[    5.491533] Run /sbin/init as init process
[    5.686163] systemd[1]: RTC configured in localtime, applying delta of 0 minutes to system time.
[    5.735128] systemd[1]: systemd 239 (239-49.el8) running in system mode. (+PAM +AUDIT +SELINUX +IMA -APPARMOR +SMACK +SYSVINIT +UTMP +LIBCRYPTSETUP +GCRYPT +GNUTLS +ACL +XZ +LZ4 +SECCOMP +BLKID +ELFUTILS +KMOD +IDN2 -IDN +PCRE2 default-hierarchy=legacy)
[    5.739500] systemd[1]: Detected virtualization kvm.
[    5.740419] systemd[1]: Detected architecture x86-64.

Welcome to [0;31mCentOS Stream 8[0m!

[    5.799955] systemd[1]: Set hostname to <test>.
[    6.851462] random: crng init done
[    6.987338] systemd[1]: Listening on Process Core Dump Socket.
[[0;32m  OK  [0m] Listening on Process Core Dump Socket.
[    6.989238] systemd[1]: Started Forward Password Requests to Wall Directory Watch.
[[0;32m  OK  [0m] Started Forward Password Requests to Wall Directory Watch.
[    6.991456] systemd[1]: Listening on LVM2 poll daemon socket.
[[0;32m  OK  [0m] Listening on LVM2 poll daemon socket.
[    6.993142] systemd[1]: Listening on Journal Socket (/dev/log).
[[0;32m  OK  [0m] Listening on Journal Socket (/dev/log).
[    6.994783] systemd[1]: Listening on udev Control Socket.
[[0;32m  OK  [0m] Listening on udev Control Socket.
[    6.998969] systemd[1]: Created slice system-serial\x2dgetty.slice.
[[0;32m  OK  [0m] Created slice system-serial\x2dgetty.slice.
[[0;32m  OK  [0m] Reached target Swap.
[[0;32m  OK  [0m] Created slice system-getty.slice.
[[0;32m  OK  [0m] Set up automount Arbitrary Executabâ€¦rmats File System Automount Point.
[[0;32m  OK  [0m] Created slice User and Session Slice.
[[0;32m  OK  [0m] Created slice system-sshd\x2dkeygen.slice.
[[0;32m  OK  [0m] Listening on Journal Socket.
         Mounting Huge Pages File System...
         Mounting POSIX Message Queue File System...
         Mounting Kernel Debug File System...
         Starting Journal Service...
         Starting Load Kernel Modules...
[[0;32m  OK  [0m] Listening on Device-mapper event daemon FIFOs.
         Starting Monitoring of LVM2 mirrorsâ€¦ng dmeventd or progress polling...
         Starting Setup Virtual Console...
[[0;32m  OK  [0m] Listening on initctl Compatibility Named Pipe.
[[0;32m  OK  [0m] Listening on RPCbind Server Activation Socket.
[[0;32m  OK  [0m] Reached target RPC Port Mapper.
[[0;32m  OK  [0m] Listening on udev Kernel Socket.
         Starting udev Coldplug all Devices...
         Starting Remount Root and Kernel File Systems...
[[0;32m  OK  [0m] Listening on multipathd control socket.
[[0;32m  OK  [0m] Reached target Slices.
[[0;32m  OK  [0m] Mounted Huge Pages File System.
[[0;32m  OK  [0m] Started Journal Service.
[[0;32m  OK  [0m] Mounted POSIX Message Queue File System.
[[0;32m  OK  [0m] Mounted Kernel Debug File System.
[[0;1;31mFAILED[0m] Failed to start Load Kernel Modules.
See 'systemctl status systemd-modules-load.service' for details.
         Mounting FUSE Control File System...
         Mounting Kernel Configuration File System...
         Starting Apply Kernel Variables...
[[0;32m  OK  [0m] Mounted FUSE Control File System.
[[0;32m  OK  [0m] Mounted Kernel Configuration File System.
[    7.535412] EXT4-fs (sda): re-mounted. Quota mode: none.
[[0;32m  OK  [0m] Started Remount Root and Kernel File Systems.
         Starting Load/Save Random Seed...
         Starting Create Static Device Nodes in /dev...
         Starting Flush Journal to Persistent Storage...
[[0;32m  OK  [0m] Started Setup Virtual Console.
[[0;32m  OK  [0m] Started udev Coldplug all Devices.
[[0;32m  OK  [0m] Started Apply Kernel Variables.
[[0;32m  OK  [0m] Started Load/Save Random Seed.
         Starting udev Wait for Complete Device Initialization...
[[0;32m  OK  [0m] Started Create Static Device Nodes in /dev.
         Starting udev Kernel Device Manager...
[[0;32m  OK  [0m] Started Flush Journal to Persistent Storage.
[[0;32m  OK  [0m] Started udev Kernel Device Manager.
         Starting Show Plymouth Boot Screen...
[[0;32m  OK  [0m] Started Show Plymouth Boot Screen.
[[0;32m  OK  [0m] Reached target Local Encrypted Volumes.
[[0;32m  OK  [0m] Reached target Paths.
[[0;32m  OK  [0m] Started Forward Password Requests to Plymouth Directory Watch.
[[0;32m  OK  [0m] Found device /dev/ttyS0.
[[0;32m  OK  [0m] Started Monitoring of LVM2 mirrors,â€¦sing dmeventd or progress polling.
[[0;32m  OK  [0m] Listening on Load/Save RF Kill Switch Status /dev/rfkill Watch.
[[0;32m  OK  [0m] Started udev Wait for Complete Device Initialization.
[[0;32m  OK  [0m] Reached target Local File Systems (Pre).
[[0;32m  OK  [0m] Reached target Local File Systems.
         Starting Restore /run/initramfs on shutdown...
         Starting Tell Plymouth To Write Out Runtime Data...
         Starting Create Volatile Files and Directories...
[[0;32m  OK  [0m] Started Restore /run/initramfs on shutdown.
[[0;32m  OK  [0m] Started Tell Plymouth To Write Out Runtime Data.
[[0;32m  OK  [0m] Started Create Volatile Files and Directories.
         Mounting RPC Pipe File System...
         Starting Security Auditing Service...
         Starting RPC Bind...
[[0;32m  OK  [0m] Mounted RPC Pipe File System.
[[0;32m  OK  [0m] Reached target rpc_pipefs.target.
[[0;32m  OK  [0m] Started RPC Bind.
[[0;32m  OK  [0m] Started Security Auditing Service.
         Starting Update UTMP about System Boot/Shutdown...
[[0;32m  OK  [0m] Started Update UTMP about System Boot/Shutdown.
[[0;32m  OK  [0m] Reached target System Initialization.
[[0;32m  OK  [0m] Started daily update of the root trust anchor for DNSSEC.
[[0;32m  OK  [0m] Started Daily Cleanup of Temporary Directories.
[[0;32m  OK  [0m] Listening on SSSD Kerberos Cache Manager responder socket.
[[0;32m  OK  [0m] Listening on D-Bus System Message Bus Socket.
[[0;32m  OK  [0m] Reached target Sockets.
[[0;32m  OK  [0m] Reached target Basic System.
         Starting Self Monitoring and Reporting Technology (SMART) Daemon...
         Starting Auto-connect to subsystemsâ€¦-NVME devices found during boot...
[[0;32m  OK  [0m] Started irqbalance daemon.
         Starting Authorization Manager...
[[0;32m  OK  [0m] Started Machine Check Exception Logging Daemon.
[[0;32m  OK  [0m] Reached target sshd-keygen.target.
         Starting NTP client/server...
         Starting Login Service...
[[0;32m  OK  [0m] Started D-Bus System Message Bus.
         Starting Network Manager...
[[0;32m  OK  [0m] Started dnf makecache --timer.
[[0;32m  OK  [0m] Reached target Timers.
[[0;32m  OK  [0m] Started Auto-connect to subsystems â€¦FC-NVME devices found during boot.
[[0;32m  OK  [0m] Started Self Monitoring and Reporting Technology (SMART) Daemon.
         Starting update of the root trust aâ€¦or DNSSEC validation in unbound...
[[0;32m  OK  [0m] Started Login Service.
[[0;32m  OK  [0m] Started NTP client/server.
[[0;32m  OK  [0m] Started Network Manager.
[[0;32m  OK  [0m] Reached target Network.
         Starting Dynamic System Tuning Daemon...
         Starting OpenSSH server daemon...
         Starting GSSAPI Proxy Daemon...
         Starting Network Manager Wait Online...
[[0;32m  OK  [0m] Started update of the root trust anâ€¦ for DNSSEC validation in unbound.
[[0;32m  OK  [0m] Started Authorization Manager.
         Starting Hostname Service...
[[0;32m  OK  [0m] Started GSSAPI Proxy Daemon.
[[0;32m  OK  [0m] Reached target NFS client services.
[[0;32m  OK  [0m] Reached target Remote File Systems (Pre).
[[0;32m  OK  [0m] Reached target Remote File Systems.
         Starting Permit User Sessions...
[[0;32m  OK  [0m] Started OpenSSH server daemon.
[[0;32m  OK  [0m] Started Permit User Sessions.
[[0;32m  OK  [0m] Started Command Scheduler.
         Starting Terminate Plymouth Boot Screen...
         Starting Hold until boot process finishes up...
[   10.547899] e1000: eth0 NIC Link is Up 1000 Mbps Full Duplex, Flow Control: RX
[   10.550034] IPv6: ADDRCONF(NETDEV_CHANGE): eth0: link becomes ready
[   10.890721] Spectre V2 : WARNING: Unprivileged eBPF is enabled with eIBRS on, data leaks possible via Spectre v2 BHB attacks!
[   10.892576] Spectre V2 : WARNING: Unprivileged eBPF is enabled with eIBRS on, data leaks possible via Spectre v2 BHB attacks!

CentOS Stream 8
Kernel 6.0.0-d465bff130bf+ on an x86_64

test login: [   28.608171] loop0: detected capacity change from 0 to 65536
[   28.609107] XFS: attr2 mount option is deprecated.
[   28.609663] XFS: ikeep mount option is deprecated.
[   28.612721] XFS (loop0): Deprecated V4 format (crc=0) will not be supported after September 2030.
[   28.614083] XFS (loop0): Mounting V4 Filesystem
[   28.621223] XFS (loop0): Ending clean mount
[   28.622602] XFS (loop0): Quotacheck needed: Please wait.
[   28.627186] BUG: kernel NULL pointer dereference, address: 0000000000000000
[   28.628007] #PF: supervisor read access in kernel mode
[   28.628596] #PF: error_code(0x0000) - not-present page
[   28.629180] PGD c1eb067 P4D c1eb067 PUD fd17067 PMD 0 
[   28.629786] Oops: 0000 [#1] PREEMPT SMP NOPTI
[   28.630293] CPU: 1 PID: 9 Comm: kworker/u4:0 Not tainted 6.0.0-d465bff130bf+ #1
[   28.631119] Hardware name: QEMU Standard PC (i440FX + PIIX, 1996), BIOS rel-1.16.0-0-gd239552ce722-prebuilt.qemu.org 04/01/2014
[   28.632401] Workqueue: xfs_iwalk-578 xfs_pwork_work
[   28.632993] RIP: 0010:xfs_read_agf+0x3a/0x290
[   28.633531] Code: 89 d7 41 56 49 89 f6 41 55 49 89 cd 41 54 49 89 fc 53 48 83 ec 28 65 48 8b 04 25 28 00 00 00 48 89 45 d0 31 c0 e8 16 d3 92 ff <49> 8b 1c 24 0f 1f 44 00 00 e8 08 d3 92 ff 65 8b 05 89 f0 6a 7e 89
[   28.635638] RSP: 0018:ffffc90000053890 EFLAGS: 00010246
[   28.636246] RAX: 0000000000000000 RBX: 0000000000000000 RCX: ffffc90000053928
[   28.637066] RDX: 0000000000000000 RSI: ffff888005eda380 RDI: 0000000000000002
[   28.637885] RBP: ffffc900000538e0 R08: 000000000000001a R09: 0000000000000001
[   28.638705] R10: ffff888005edb130 R11: 0000000000000000 R12: 0000000000000000
[   28.639529] R13: ffffc90000053928 R14: ffff88800dc60000 R15: 0000000000000000
[   28.640352] FS:  0000000000000000(0000) GS:ffff88807dd00000(0000) knlGS:0000000000000000
[   28.641275] CS:  0010 DS: 0000 ES: 0000 CR0: 0000000080050033
[   28.641943] CR2: 0000000000000000 CR3: 000000000c0d4003 CR4: 0000000000770ee0
[   28.642767] PKRU: 55555554
[   28.643094] Call Trace:
[   28.643393]  <TASK>
[   28.643658]  ? write_comp_data+0x2f/0x90
[   28.644135]  xfs_alloc_read_agf+0x8e/0x4a0
[   28.644626]  ? __sanitizer_cov_trace_pc+0x25/0x60
[   28.645183]  ? xfs_perag_get+0x11b/0x350
[   28.645653]  xfs_agfl_free_finish_item+0xca/0x2f0
[   28.646227]  xfs_defer_finish_noroll+0x443/0xda0
[   28.646791]  __xfs_trans_commit+0x4ef/0x6c0
[   28.647290]  xfs_trans_commit+0x20/0x30
[   28.647752]  xfs_dquot_disk_alloc+0x4f5/0x570
[   28.648287]  xfs_qm_dqread+0x35c/0x440
[   28.648744]  xfs_qm_dqget+0xd5/0x380
[   28.649182]  xfs_qm_quotacheck_dqadjust+0x5a/0x2c0
[   28.649758]  xfs_qm_dqusage_adjust+0x249/0x300
[   28.650298]  xfs_iwalk_ag_recs+0x1bd/0x370
[   28.650791]  xfs_iwalk_run_callbacks+0xc3/0x1c0
[   28.651337]  xfs_iwalk_ag+0x32e/0x3f0
[   28.651787]  xfs_iwalk_ag_work+0xbe/0xf0
[   28.652261]  xfs_pwork_work+0x2c/0xc0
[   28.652707]  process_one_work+0x3b1/0x960
[   28.653200]  worker_thread+0x52/0x660
[   28.653642]  ? process_one_work+0x960/0x960
[   28.654141]  kthread+0x161/0x1a0
[   28.654537]  ? kthread_complete_and_exit+0x40/0x40
[   28.655105]  ret_from_fork+0x1f/0x30
[   28.655560]  </TASK>
[   28.655844] Modules linked in:
[   28.656215] CR2: 0000000000000000
[   28.656618] ---[ end trace 0000000000000000 ]---
[   28.657163] RIP: 0010:xfs_read_agf+0x3a/0x290
[   28.657688] Code: 89 d7 41 56 49 89 f6 41 55 49 89 cd 41 54 49 89 fc 53 48 83 ec 28 65 48 8b 04 25 28 00 00 00 48 89 45 d0 31 c0 e8 16 d3 92 ff <49> 8b 1c 24 0f 1f 44 00 00 e8 08 d3 92 ff 65 8b 05 89 f0 6a 7e 89
[   28.659790] RSP: 0018:ffffc90000053890 EFLAGS: 00010246
[   28.660400] RAX: 0000000000000000 RBX: 0000000000000000 RCX: ffffc90000053928
[   28.661222] RDX: 0000000000000000 RSI: ffff888005eda380 RDI: 0000000000000002
[   28.662044] RBP: ffffc900000538e0 R08: 000000000000001a R09: 0000000000000001
[   28.662865] R10: ffff888005edb130 R11: 0000000000000000 R12: 0000000000000000
[   28.663690] R13: ffffc90000053928 R14: ffff88800dc60000 R15: 0000000000000000
[   28.664511] FS:  0000000000000000(0000) GS:ffff88807dd00000(0000) knlGS:0000000000000000
[   28.665437] CS:  0010 DS: 0000 ES: 0000 CR0: 0000000080050033
[   28.666107] CR2: 0000000000000000 CR3: 000000000c0d4003 CR4: 0000000000770ee0
[   28.666939] PKRU: 55555554
