c[?7l[2J[0mSeaBIOS (version rel-1.16.0-0-gd239552ce722-prebuilt.qemu.org)


iPXE (http://ipxe.org) 00:03.0 CA00 PCI2.10 PnP PMM+7FF91000+7FEF1000 CA00
Press Ctrl-B to configure iPXE (PCI 00:03.0)...                                                                               


Booting from ROM...
c[?7l[2J[    0.000000] Linux version 6.3.0-rc6-ecc73f8a58c7+ (root@p-rpls01) (gcc (GCC) 8.5.0 20210514 (Red Hat 8.5.0-19), GNU ld version 2.36.1-2.el8) #1 SMP PREEMPT_DYNAMIC Sun May 21 11:07:41 CST 2023
[    0.000000] Command line: console=ttyS0 root=/dev/sda earlyprintk=serial net.ifnames=0
[    0.000000] KERNEL supported cpus:
[    0.000000]   Intel GenuineIntel
[    0.000000]   AMD AuthenticAMD
[    0.000000]   Hygon HygonGenuine
[    0.000000]   Centaur CentaurHauls
[    0.000000]   zhaoxin   Shanghai  
[    0.000000] x86/fpu: Supporting XSAVE feature 0x001: 'x87 floating point registers'
[    0.000000] x86/fpu: Supporting XSAVE feature 0x002: 'SSE registers'
[    0.000000] x86/fpu: Supporting XSAVE feature 0x004: 'AVX registers'
[    0.000000] x86/fpu: Supporting XSAVE feature 0x200: 'Protection Keys User registers'
[    0.000000] x86/fpu: xstate_offset[2]:  576, xstate_sizes[2]:  256
[    0.000000] x86/fpu: xstate_offset[9]:  832, xstate_sizes[9]:    8
[    0.000000] x86/fpu: Enabled xstate features 0x207, context size is 840 bytes, using 'compacted' format.
[    0.000000] signal: max sigframe size: 3632
[    0.000000] BIOS-provided physical RAM map:
[    0.000000] BIOS-e820: [mem 0x0000000000000000-0x000000000009fbff] usable
[    0.000000] BIOS-e820: [mem 0x000000000009fc00-0x000000000009ffff] reserved
[    0.000000] BIOS-e820: [mem 0x00000000000f0000-0x00000000000fffff] reserved
[    0.000000] BIOS-e820: [mem 0x0000000000100000-0x000000007ffdffff] usable
[    0.000000] BIOS-e820: [mem 0x000000007ffe0000-0x000000007fffffff] reserved
[    0.000000] BIOS-e820: [mem 0x00000000feffc000-0x00000000feffffff] reserved
[    0.000000] BIOS-e820: [mem 0x00000000fffc0000-0x00000000ffffffff] reserved
[    0.000000] printk: bootconsole [earlyser0] enabled
[    0.000000] NX (Execute Disable) protection: active
[    0.000000] SMBIOS 2.8 present.
[    0.000000] DMI: QEMU Standard PC (i440FX + PIIX, 1996), BIOS rel-1.16.0-0-gd239552ce722-prebuilt.qemu.org 04/01/2014
[    0.000000] Hypervisor detected: KVM
[    0.000000] kvm-clock: Using msrs 4b564d01 and 4b564d00
[    0.000002] kvm-clock: using sched offset of 425728470 cycles
[    0.000911] clocksource: kvm-clock: mask: 0xffffffffffffffff max_cycles: 0x1cd42e4dffb, max_idle_ns: 881590591483 ns
[    0.003746] tsc: Detected 806.400 MHz processor
[    0.004000] last_pfn = 0x7ffe0 max_arch_pfn = 0x400000000
[    0.004000] x86/PAT: Configuration [0-7]: WB  WC  UC- UC  WB  WP  UC- WT  
[    0.004000] found SMP MP-table at [mem 0x000f5ba0-0x000f5baf]
[    0.004000] Using GB pages for direct mapping
[    0.004000] ACPI: Early table checksum verification disabled
[    0.004000] ACPI: RSDP 0x00000000000F59C0 000014 (v00 BOCHS )
[    0.004000] ACPI: RSDT 0x000000007FFE1951 000034 (v01 BOCHS  BXPC     00000001 BXPC 00000001)
[    0.004000] ACPI: FACP 0x000000007FFE17FD 000074 (v01 BOCHS  BXPC     00000001 BXPC 00000001)
[    0.004000] ACPI: DSDT 0x000000007FFE0040 0017BD (v01 BOCHS  BXPC     00000001 BXPC 00000001)
[    0.004000] ACPI: FACS 0x000000007FFE0000 000040
[    0.004000] ACPI: APIC 0x000000007FFE1871 000080 (v01 BOCHS  BXPC     00000001 BXPC 00000001)
[    0.004000] ACPI: HPET 0x000000007FFE18F1 000038 (v01 BOCHS  BXPC     00000001 BXPC 00000001)
[    0.004000] ACPI: WAET 0x000000007FFE1929 000028 (v01 BOCHS  BXPC     00000001 BXPC 00000001)
[    0.004000] ACPI: Reserving FACP table memory at [mem 0x7ffe17fd-0x7ffe1870]
[    0.004000] ACPI: Reserving DSDT table memory at [mem 0x7ffe0040-0x7ffe17fc]
[    0.004000] ACPI: Reserving FACS table memory at [mem 0x7ffe0000-0x7ffe003f]
[    0.004000] ACPI: Reserving APIC table memory at [mem 0x7ffe1871-0x7ffe18f0]
[    0.004000] ACPI: Reserving HPET table memory at [mem 0x7ffe18f1-0x7ffe1928]
[    0.004000] ACPI: Reserving WAET table memory at [mem 0x7ffe1929-0x7ffe1950]
[    0.004000] No NUMA configuration found
[    0.004000] Faking a node at [mem 0x0000000000000000-0x000000007ffdffff]
[    0.004000] NODE_DATA(0) allocated [mem 0x7ffb5000-0x7ffdffff]
[    0.004000] Zone ranges:
[    0.004000]   DMA      [mem 0x0000000000001000-0x0000000000ffffff]
[    0.004000]   DMA32    [mem 0x0000000001000000-0x000000007ffdffff]
[    0.004000]   Normal   empty
[    0.004000]   Device   empty
[    0.004000] Movable zone start for each node
[    0.004000] Early memory node ranges
[    0.004000]   node   0: [mem 0x0000000000001000-0x000000000009efff]
[    0.004000]   node   0: [mem 0x0000000000100000-0x000000007ffdffff]
[    0.004000] Initmem setup node 0 [mem 0x0000000000001000-0x000000007ffdffff]
[    0.004000] On node 0, zone DMA: 1 pages in unavailable ranges
[    0.004000] On node 0, zone DMA: 97 pages in unavailable ranges
[    0.004000] On node 0, zone DMA32: 32 pages in unavailable ranges
[    0.004000] ACPI: PM-Timer IO Port: 0x608
[    0.004000] ACPI: LAPIC_NMI (acpi_id[0xff] dfl dfl lint[0x1])
[    0.004000] IOAPIC[0]: apic_id 0, version 17, address 0xfec00000, GSI 0-23
[    0.004000] ACPI: INT_SRC_OVR (bus 0 bus_irq 0 global_irq 2 dfl dfl)
[    0.004000] ACPI: INT_SRC_OVR (bus 0 bus_irq 5 global_irq 5 high level)
[    0.004000] ACPI: INT_SRC_OVR (bus 0 bus_irq 9 global_irq 9 high level)
[    0.004000] ACPI: INT_SRC_OVR (bus 0 bus_irq 10 global_irq 10 high level)
[    0.004000] ACPI: INT_SRC_OVR (bus 0 bus_irq 11 global_irq 11 high level)
[    0.004000] ACPI: Using ACPI (MADT) for SMP configuration information
[    0.004000] ACPI: HPET id: 0x8086a201 base: 0xfed00000
[    0.004000] TSC deadline timer available
[    0.004000] smpboot: Allowing 2 CPUs, 0 hotplug CPUs
[    0.004000] kvm-guest: KVM setup pv remote TLB flush
[    0.004000] kvm-guest: setup PV sched yield
[    0.004000] PM: hibernation: Registered nosave memory: [mem 0x00000000-0x00000fff]
[    0.004000] PM: hibernation: Registered nosave memory: [mem 0x0009f000-0x0009ffff]
[    0.004000] PM: hibernation: Registered nosave memory: [mem 0x000a0000-0x000effff]
[    0.004000] PM: hibernation: Registered nosave memory: [mem 0x000f0000-0x000fffff]
[    0.004000] [mem 0x80000000-0xfeffbfff] available for PCI devices
[    0.004000] Booting paravirtualized kernel on KVM
[    0.004000] clocksource: refined-jiffies: mask: 0xffffffff max_cycles: 0xffffffff, max_idle_ns: 7645519600211568 ns
[    0.004000] setup_percpu: NR_CPUS:8192 nr_cpumask_bits:2 nr_cpu_ids:2 nr_node_ids:1
[    0.004000] percpu: Embedded 65 pages/cpu s229376 r8192 d28672 u1048576
[    0.004000] kvm-guest: PV spinlocks enabled
[    0.004000] PV qspinlock hash table entries: 256 (order: 0, 4096 bytes, linear)
[    0.004000] Fallback order for Node 0: 0 
[    0.004000] Built 1 zonelists, mobility grouping on.  Total pages: 515808
[    0.004000] Policy zone: DMA32
[    0.004000] Kernel command line: net.ifnames=0 console=ttyS0 root=/dev/sda earlyprintk=serial net.ifnames=0
[    0.004000] random: crng init done
[    0.004000] Dentry cache hash table entries: 262144 (order: 9, 2097152 bytes, linear)
[    0.004000] Inode-cache hash table entries: 131072 (order: 8, 1048576 bytes, linear)
[    0.004000] mem auto-init: stack:off, heap alloc:off, heap free:off
[    0.004000] Memory: 1966944K/2096632K available (34816K kernel code, 4558K rwdata, 9768K rodata, 10364K init, 31912K bss, 129432K reserved, 0K cma-reserved)
[    0.004000] SLUB: HWalign=64, Order=0-3, MinObjects=0, CPUs=2, Nodes=1
[    0.004000] kmemleak: Kernel memory leak detector disabled
[    0.004000] ftrace: allocating 68592 entries in 268 pages
[    0.004000] ftrace: allocated 268 pages with 3 groups
[    0.004000] Dynamic Preempt: voluntary
[    0.004000] Running RCU self tests
[    0.004000] Running RCU synchronous self tests
[    0.004000] rcu: Preemptible hierarchical RCU implementation.
[    0.004000] rcu: 	RCU lockdep checking is enabled.
[    0.004000] rcu: 	RCU restricting CPUs from NR_CPUS=8192 to nr_cpu_ids=2.
[    0.004000] 	Trampoline variant of Tasks RCU enabled.
[    0.004000] 	Rude variant of Tasks RCU enabled.
[    0.004000] 	Tracing variant of Tasks RCU enabled.
[    0.004000] rcu: RCU calculated value of scheduler-enlistment delay is 25 jiffies.
[    0.004000] rcu: Adjusting geometry for rcu_fanout_leaf=16, nr_cpu_ids=2
[    0.004000] Running RCU synchronous self tests
[    0.004000] NR_IRQS: 524544, nr_irqs: 440, preallocated irqs: 16
[    0.004000] rcu: srcu_init: Setting srcu_struct sizes based on contention.
[    0.004000] Console: colour VGA+ 80x25
[    0.004000] printk: console [ttyS0] enabled
[    0.004000] printk: console [ttyS0] enabled
[    0.004000] printk: bootconsole [earlyser0] disabled
[    0.004000] printk: bootconsole [earlyser0] disabled
[    0.004000] Lock dependency validator: Copyright (c) 2006 Red Hat, Inc., Ingo Molnar
[    0.004000] ... MAX_LOCKDEP_SUBCLASSES:  8
[    0.004000] ... MAX_LOCK_DEPTH:          48
[    0.004000] ... MAX_LOCKDEP_KEYS:        8192
[    0.004000] ... CLASSHASH_SIZE:          4096
[    0.004000] ... MAX_LOCKDEP_ENTRIES:     32768
[    0.004000] ... MAX_LOCKDEP_CHAINS:      65536
[    0.004000] ... CHAINHASH_SIZE:          32768
[    0.004000]  memory used by lock dependency info: 6365 kB
[    0.004000]  memory used for stack traces: 4224 kB
[    0.004000]  per task-struct memory footprint: 1920 bytes
[    0.004000] ACPI: Core revision 20221020
[    0.004000] clocksource: hpet: mask: 0xffffffff max_cycles: 0xffffffff, max_idle_ns: 19112604467 ns
[    0.004000] APIC: Switch to symmetric I/O mode setup
[    0.004000] x2apic enabled
[    0.004000] Switched APIC routing to physical x2apic.
[    0.004000] kvm-guest: setup PV IPIs
[    0.004000] ..TIMER: vector=0x30 apic1=0 pin1=2 apic2=-1 pin2=-1
[    0.004000] clocksource: tsc-early: mask: 0xffffffffffffffff max_cycles: 0xb9fb05486c, max_idle_ns: 440795231721 ns
[    0.212439] Calibrating delay loop (skipped) preset value.. 1612.80 BogoMIPS (lpj=3225600)
[    0.213853] pid_max: default: 32768 minimum: 301
[    0.214719] LSM: initializing lsm=capability,yama,integrity
[    0.216429] Yama: becoming mindful.
[    0.217169] Mount-cache hash table entries: 4096 (order: 3, 32768 bytes, linear)
[    0.218439] Mountpoint-cache hash table entries: 4096 (order: 3, 32768 bytes, linear)
[    0.221184] CPU0: Thermal monitoring enabled (TM1)
[    0.222137] x86/cpu: User Mode Instruction Prevention (UMIP) activated
[    0.223709] Last level iTLB entries: 4KB 0, 2MB 0, 4MB 0
[    0.224430] Last level dTLB entries: 4KB 0, 2MB 0, 4MB 0, 1GB 0
[    0.225456] Spectre V1 : Mitigation: usercopy/swapgs barriers and __user pointer sanitization
[    0.226896] Spectre V2 : WARNING: Unprivileged eBPF is enabled with eIBRS on, data leaks possible via Spectre v2 BHB attacks!
[    0.228432] Spectre V2 : Mitigation: Enhanced / Automatic IBRS
[    0.229403] Spectre V2 : Spectre v2 / SpectreRSB mitigation: Filling RSB on context switch
[    0.230773] Spectre V2 : Spectre v2 / PBRSB-eIBRS: Retire a single CALL on VMEXIT
[    0.232430] Spectre V2 : mitigation: Enabling conditional Indirect Branch Prediction Barrier
[    0.233825] Speculative Store Bypass: Mitigation: Speculative Store Bypass disabled via prctl
[    0.235236] MMIO Stale Data: Unknown: No mitigations
[    0.335943] Freeing SMP alternatives memory: 56K
[    0.336464] Running RCU synchronous self tests
[    0.337251] Running RCU synchronous self tests
[    0.338286] smpboot: CPU0: Genuine Intel(R) 0000 (family: 0x6, model: 0xb7, stepping: 0x0)
[    0.340068] cblist_init_generic: Setting adjustable number of callback queues.
[    0.340424] cblist_init_generic: Setting shift to 1 and lim to 1.
[    0.340472] cblist_init_generic: Setting shift to 1 and lim to 1.
[    0.341568] cblist_init_generic: Setting shift to 1 and lim to 1.
[    0.342667] Running RCU-tasks wait API self tests
[    0.444556] Performance Events: Alderlake Hybrid events, full-width counters, Intel PMU driver.
[    0.446516] core: cpu_core PMU driver: 
[    0.447153] ... version:                2
[    0.447809] ... bit width:              48
[    0.448433] ... generic registers:      6
[    0.449088] ... value mask:             0000ffffffffffff
[    0.449948] ... max period:             00007fffffffffff
[    0.450809] ... fixed-purpose events:   3
[    0.451463] ... event mask:             0001000f0000003f
[    0.452445] Callback from call_rcu_tasks_trace() invoked.
[    0.453386] rcu: Hierarchical SRCU implementation.
[    0.454165] rcu: 	Max phase no-delay instances is 1000.
[    0.455994] unchecked MSR access error: WRMSR to 0x38f (tried to write 0x0001000f0000003f) at rIP: 0xffffffff810dcc2c (native_write_msr+0xc/0x30)
[    0.456424] Call Trace:
[    0.456424]  <TASK>
[    0.456424]  __intel_pmu_enable_all.constprop.49+0xb5/0x140
[    0.456424]  intel_pmu_enable_all+0x1e/0x30
[    0.456424]  x86_pmu_enable+0x46d/0x5a0
[    0.456424]  ? write_comp_data+0x2f/0x90
[    0.456424]  perf_pmu_enable+0x53/0x70
[    0.456424]  ctx_resched+0x14d/0x1e0
[    0.456424]  __perf_install_in_context+0x2f7/0x470
[    0.456424]  ? __pfx_remote_function+0x10/0x10
[    0.456424]  ? __pfx_remote_function+0x10/0x10
[    0.456424]  remote_function+0x80/0xa0
[    0.456424]  ? __pfx_remote_function+0x10/0x10
[    0.456424]  generic_exec_single+0x124/0x190
[    0.456424]  smp_call_function_single+0x11c/0x240
[    0.456424]  ? __pfx_remote_function+0x10/0x10
[    0.456424]  ? __sanitizer_cov_trace_pc+0x25/0x60
[    0.456424]  ? write_comp_data+0x2f/0x90
[    0.456424]  perf_install_in_context+0x2d8/0x300
[    0.456424]  ? __pfx___perf_install_in_context+0x10/0x10
[    0.456424]  perf_event_create_kernel_counter+0x284/0x2b0
[    0.456424]  ? __pfx_watchdog_overflow_callback+0x10/0x10
[    0.456424]  hardlockup_detector_event_create+0x46/0xd0
[    0.456424]  hardlockup_detector_perf_init+0x18/0x80
[    0.456424]  watchdog_nmi_probe+0x17/0x20
[    0.456424]  lockup_detector_init+0x40/0xb0
[    0.456424]  kernel_init_freeable+0x37e/0x760
[    0.456424]  ? __pfx_kernel_init+0x10/0x10
[    0.456424]  kernel_init+0x24/0x1e0
[    0.456424]  ? __pfx_kernel_init+0x10/0x10
[    0.456424]  ret_from_fork+0x29/0x50
[    0.456424]  </TASK>
[    0.456582] smp: Bringing up secondary CPUs ...
[    0.457671] x86: Booting SMP configuration:
[    0.458366] .... node  #0, CPUs:      #1
[    0.459315] smp: Brought up 1 node, 2 CPUs
[    0.460442] smpboot: Max logical packages: 1
[    0.461138] smpboot: Total of 2 processors activated (3225.60 BogoMIPS)
[    0.463106] devtmpfs: initialized
[    0.463106] x86/mm: Memory block size: 128MB
[    0.465830] Running RCU synchronous self tests
[    0.465830] Running RCU synchronous self tests
[    0.466203] clocksource: jiffies: mask: 0xffffffff max_cycles: 0xffffffff, max_idle_ns: 7645041785100000 ns
[    0.468443] futex hash table entries: 512 (order: 4, 65536 bytes, linear)
[    0.469697] pinctrl core: initialized pinctrl subsystem
[    0.470956] 
[    0.471212] *************************************************************
[    0.472279] **     NOTICE NOTICE NOTICE NOTICE NOTICE NOTICE NOTICE    **
[    0.472431] **                                                         **
[    0.473497] **  IOMMU DebugFS SUPPORT HAS BEEN ENABLED IN THIS KERNEL  **
[    0.474571] **                                                         **
[    0.475634] ** This means that this kernel is built to expose internal **
[    0.476431] ** IOMMU data structures, which may compromise security on **
[    0.477515] ** your system.                                            **
[    0.478595] **                                                         **
[    0.479675] ** If you see this message and you are not debugging the   **
[    0.480430] ** kernel, report this immediately to your vendor!         **
[    0.481520] **                                                         **
[    0.482601] **     NOTICE NOTICE NOTICE NOTICE NOTICE NOTICE NOTICE    **
[    0.483676] *************************************************************
[    0.484537] PM: RTC time: 03:08:18, date: 2023-05-21
[    0.487355] NET: Registered PF_NETLINK/PF_ROUTE protocol family
[    0.488854] DMA: preallocated 256 KiB GFP_KERNEL pool for atomic allocations
[    0.490012] DMA: preallocated 256 KiB GFP_KERNEL|GFP_DMA pool for atomic allocations
[    0.491291] DMA: preallocated 256 KiB GFP_KERNEL|GFP_DMA32 pool for atomic allocations
[    0.492466] audit: initializing netlink subsys (disabled)
[    0.493420] audit: type=2000 audit(1684638498.905:1): state=initialized audit_enabled=0 res=1
[    0.493420] thermal_sys: Registered thermal governor 'fair_share'
[    0.493910] thermal_sys: Registered thermal governor 'bang_bang'
[    0.494931] thermal_sys: Registered thermal governor 'step_wise'
[    0.496435] thermal_sys: Registered thermal governor 'user_space'
[    0.497467] cpuidle: using governor ladder
[    0.499175] cpuidle: using governor menu
[    0.500122] acpiphp: ACPI Hot Plug PCI Controller Driver version: 0.5
[    0.500702] PCI: Using configuration type 1 for base access
[    0.502393] kprobes: kprobe jump-optimization is enabled. All kprobes are optimized if possible.
[    0.731931] HugeTLB: registered 1.00 GiB page size, pre-allocated 0 pages
[    0.732440] HugeTLB: 16380 KiB vmemmap can be freed for a 1.00 GiB page
[    0.734135] HugeTLB: registered 2.00 MiB page size, pre-allocated 0 pages
[    0.735849] HugeTLB: 28 KiB vmemmap can be freed for a 2.00 MiB page
[    0.738969] ACPI: Added _OSI(Module Device)
[    0.740098] ACPI: Added _OSI(Processor Device)
[    0.740444] ACPI: Added _OSI(3.0 _SCP Extensions)
[    0.741642] ACPI: Added _OSI(Processor Aggregator Device)
[    0.748208] ACPI: 1 ACPI AML tables successfully acquired and loaded
[    3.288456] Callback from call_rcu_tasks_rude() invoked.
[    3.293350] ACPI: Interpreter enabled
[    3.294174] ACPI: PM: (supports S0 S3 S4 S5)
[    3.294963] ACPI: Using IOAPIC for interrupt routing
[    3.295963] PCI: Using host bridge windows from ACPI; if necessary, use "pci=nocrs" and report a bug
[    3.296434] PCI: Using E820 reservations for host bridge windows
[    3.298496] ACPI: Enabled 2 GPEs in block 00 to 0F
[    3.322673] ACPI: PCI Root Bridge [PCI0] (domain 0000 [bus 00-ff])
[    3.324196] acpi PNP0A03:00: _OSC: OS supports [ASPM ClockPM Segments MSI EDR HPX-Type3]
[    3.324445] acpi PNP0A03:00: _OSC: not requesting OS control; OS requires [ExtendedConfig ASPM ClockPM MSI]
[    3.326726] acpi PNP0A03:00: fail to add MMCONFIG information, can't access extended configuration space under this bridge
[    3.330729] acpiphp: Slot [3] registered
[    3.331691] acpiphp: Slot [4] registered
[    3.332506] acpiphp: Slot [5] registered
[    3.333466] acpiphp: Slot [6] registered
[    3.334422] acpiphp: Slot [7] registered
[    3.335381] acpiphp: Slot [8] registered
[    3.336349] acpiphp: Slot [9] registered
[    3.336501] acpiphp: Slot [10] registered
[    3.337479] acpiphp: Slot [11] registered
[    3.338458] acpiphp: Slot [12] registered
[    3.339438] acpiphp: Slot [13] registered
[    3.340412] acpiphp: Slot [14] registered
[    3.340501] acpiphp: Slot [15] registered
[    3.341475] acpiphp: Slot [16] registered
[    3.342465] acpiphp: Slot [17] registered
[    3.343439] acpiphp: Slot [18] registered
[    3.344413] acpiphp: Slot [19] registered
[    3.344500] acpiphp: Slot [20] registered
[    3.345486] acpiphp: Slot [21] registered
[    3.346459] acpiphp: Slot [22] registered
[    3.347437] acpiphp: Slot [23] registered
[    3.348414] acpiphp: Slot [24] registered
[    3.348502] acpiphp: Slot [25] registered
[    3.349476] acpiphp: Slot [26] registered
[    3.350450] acpiphp: Slot [27] registered
[    3.351426] acpiphp: Slot [28] registered
[    3.352414] acpiphp: Slot [29] registered
[    3.352500] acpiphp: Slot [30] registered
[    3.353475] acpiphp: Slot [31] registered
[    3.354409] PCI host bridge to bus 0000:00
[    3.355351] pci_bus 0000:00: root bus resource [io  0x0000-0x0cf7 window]
[    3.356435] pci_bus 0000:00: root bus resource [io  0x0d00-0xffff window]
[    3.357958] pci_bus 0000:00: root bus resource [mem 0x000a0000-0x000bffff window]
[    3.359641] pci_bus 0000:00: root bus resource [mem 0x80000000-0xfebfffff window]
[    3.360435] pci_bus 0000:00: root bus resource [mem 0x100000000-0x17fffffff window]
[    3.362149] pci_bus 0000:00: root bus resource [bus 00-ff]
[    3.363524] pci 0000:00:00.0: [8086:1237] type 00 class 0x060000
[    3.367746] pci 0000:00:01.0: [8086:7000] type 00 class 0x060100
[    3.369749] pci 0000:00:01.1: [8086:7010] type 00 class 0x010180
[    3.372977] pci 0000:00:01.1: reg 0x20: [io  0xc040-0xc04f]
[    3.375126] pci 0000:00:01.1: legacy IDE quirk: reg 0x10: [io  0x01f0-0x01f7]
[    3.376448] pci 0000:00:01.1: legacy IDE quirk: reg 0x14: [io  0x03f6]
[    3.377898] pci 0000:00:01.1: legacy IDE quirk: reg 0x18: [io  0x0170-0x0177]
[    3.379471] pci 0000:00:01.1: legacy IDE quirk: reg 0x1c: [io  0x0376]
[    3.381219] pci 0000:00:01.3: [8086:7113] type 00 class 0x068000
[    3.383465] pci 0000:00:01.3: quirk: [io  0x0600-0x063f] claimed by PIIX4 ACPI
[    3.384457] pci 0000:00:01.3: quirk: [io  0x0700-0x070f] claimed by PIIX4 SMB
[    3.386523] pci 0000:00:02.0: [1234:1111] type 00 class 0x030000
[    3.389215] pci 0000:00:02.0: reg 0x10: [mem 0xfd000000-0xfdffffff pref]
[    3.392479] pci 0000:00:02.0: reg 0x18: [mem 0xfebf0000-0xfebf0fff]
[    3.397433] pci 0000:00:02.0: reg 0x30: [mem 0xfebe0000-0xfebeffff pref]
[    3.398996] Callback from call_rcu_tasks() invoked.
[    3.399432] pci 0000:00:02.0: Video device with shadowed ROM at [mem 0x000c0000-0x000dffff]
[    3.403125] pci 0000:00:03.0: [8086:100e] type 00 class 0x020000
[    3.405270] pci 0000:00:03.0: reg 0x10: [mem 0xfebc0000-0xfebdffff]
[    3.407251] pci 0000:00:03.0: reg 0x14: [io  0xc000-0xc03f]
[    3.411622] pci 0000:00:03.0: reg 0x30: [mem 0xfeb80000-0xfebbffff pref]
[    3.452014] ACPI: PCI: Interrupt link LNKA configured for IRQ 10
[    3.452805] ACPI: PCI: Interrupt link LNKB configured for IRQ 10
[    3.454388] ACPI: PCI: Interrupt link LNKC configured for IRQ 11
[    3.455964] ACPI: PCI: Interrupt link LNKD configured for IRQ 11
[    3.456612] ACPI: PCI: Interrupt link LNKS configured for IRQ 9
[    3.458727] iommu: Default domain type: Translated 
[    3.458727] iommu: DMA domain TLB invalidation policy: lazy mode 
[    3.461268] SCSI subsystem initialized
[    3.462076] ACPI: bus type USB registered
[    3.462076] usbcore: registered new interface driver usbfs
[    3.462661] usbcore: registered new interface driver hub
[    3.463764] usbcore: registered new device driver usb
[    3.464533] pps_core: LinuxPPS API ver. 1 registered
[    3.465518] pps_core: Software ver. 5.3.6 - Copyright 2005-2007 Rodolfo Giometti <giometti@linux.it>
[    3.467313] PTP clock support registered
[    3.468498] EDAC MC: Ver: 3.0.0
[    3.473112] NetLabel: Initializing
[    3.473851] NetLabel:  domain hash size = 128
[    3.474771] NetLabel:  protocols = UNLABELED CIPSOv4 CALIPSO
[    3.476019] NetLabel:  unlabeled traffic allowed by default
[    3.476580] PCI: Using ACPI for IRQ routing
[    3.477738] pci 0000:00:02.0: vgaarb: setting as boot VGA device
[    3.477738] pci 0000:00:02.0: vgaarb: bridge control possible
[    3.478912] pci 0000:00:02.0: vgaarb: VGA device added: decodes=io+mem,owns=io+mem,locks=none
[    3.480437] vgaarb: loaded
[    3.481024] hpet0: at MMIO 0xfed00000, IRQs 2, 8, 0
[    3.481794] hpet0: 3 comparators, 64-bit 100.000000 MHz counter
[    3.484727] clocksource: Switched to clocksource kvm-clock
[    3.575154] VFS: Disk quotas dquot_6.6.0
[    3.576110] VFS: Dquot-cache hash table entries: 512 (order 0, 4096 bytes)
[    3.577977] pnp: PnP ACPI init
[    3.580407] pnp: PnP ACPI: found 6 devices
[    3.596172] clocksource: acpi_pm: mask: 0xffffff max_cycles: 0xffffff, max_idle_ns: 2085701024 ns
[    3.598457] NET: Registered PF_INET protocol family
[    3.599633] IP idents hash table entries: 32768 (order: 6, 262144 bytes, linear)
[    3.602171] tcp_listen_portaddr_hash hash table entries: 1024 (order: 4, 73728 bytes, linear)
[    3.604046] Table-perturb hash table entries: 65536 (order: 6, 262144 bytes, linear)
[    3.605824] TCP established hash table entries: 16384 (order: 5, 131072 bytes, linear)
[    3.607757] TCP bind hash table entries: 16384 (order: 9, 2359296 bytes, linear)
[    3.610518] TCP: Hash tables configured (established 16384 bind 16384)
[    3.612059] UDP hash table entries: 1024 (order: 5, 163840 bytes, linear)
[    3.613612] UDP-Lite hash table entries: 1024 (order: 5, 163840 bytes, linear)
[    3.615325] NET: Registered PF_UNIX/PF_LOCAL protocol family
[    3.617359] RPC: Registered named UNIX socket transport module.
[    3.618692] RPC: Registered udp transport module.
[    3.619725] RPC: Registered tcp transport module.
[    3.620790] RPC: Registered tcp NFSv4.1 backchannel transport module.
[    3.622218] pci_bus 0000:00: resource 4 [io  0x0000-0x0cf7 window]
[    3.623573] pci_bus 0000:00: resource 5 [io  0x0d00-0xffff window]
[    3.624947] pci_bus 0000:00: resource 6 [mem 0x000a0000-0x000bffff window]
[    3.626458] pci_bus 0000:00: resource 7 [mem 0x80000000-0xfebfffff window]
[    3.627963] pci_bus 0000:00: resource 8 [mem 0x100000000-0x17fffffff window]
[    3.629775] pci 0000:00:01.0: PIIX3: Enabling Passive Release
[    3.631056] pci 0000:00:00.0: Limiting direct PCI/PCI transfers
[    3.632526] PCI: CLS 0 bytes, default 64
[    3.633439] ACPI: bus type thunderbolt registered
[    3.634779] clocksource: tsc: mask: 0xffffffffffffffff max_cycles: 0xb9fb05486c, max_idle_ns: 440795231721 ns
[    3.640968] Initialise system trusted keyrings
[    3.642073] Key type blacklist registered
[    3.643388] workingset: timestamp_bits=36 max_order=19 bucket_order=0
[    3.644914] zbud: loaded
[    3.646492] squashfs: version 4.0 (2009/01/31) Phillip Lougher
[    3.648594] NFS: Registering the id_resolver key type
[    3.649722] Key type id_resolver registered
[    3.650653] Key type id_legacy registered
[    3.651561] nfs4filelayout_init: NFSv4 File Layout Driver Registering...
[    3.653079] nfs4flexfilelayout_init: NFSv4 Flexfile Layout Driver Registering...
[    3.654898] fuse: init (API version 7.38)
[    3.656033] SGI XFS with ACLs, security attributes, realtime, quota, no debug enabled
[    3.658262] 9p: Installing v9fs 9p2000 file system support
[    3.666458] Key type asymmetric registered
[    3.667379] Asymmetric key parser 'x509' registered
[    3.668518] Block layer SCSI generic (bsg) driver version 0.4 loaded (major 243)
[    3.670321] io scheduler mq-deadline registered
[    3.671346] io scheduler bfq registered
[    3.672654] shpchp: Standard Hot Plug PCI Controller Driver version: 0.4
[    3.674496] IPMI message handler: version 39.2
[    3.675519] ipmi device interface
[    3.677789] input: Power Button as /devices/LNXSYSTM:00/LNXPWRBN:00/input/input0
[    3.679632] ACPI: button: Power Button [PWRF]
[    3.681513] ERST DBG: ERST support is disabled.
[    3.683113] Serial: 8250/16550 driver, 32 ports, IRQ sharing enabled
[    3.685455] 00:04: ttyS0 at I/O 0x3f8 (irq = 4, base_baud = 115200) is a 16550A
[    3.695503] Linux agpgart interface v0.103
[    3.697115] ACPI: bus type drm_connector registered
[    3.709368] brd: module loaded
[    3.716300] loop: module loaded
[    3.720800] scsi host0: ata_piix
[    3.722232] scsi host1: ata_piix
[    3.723066] ata1: PATA max MWDMA2 cmd 0x1f0 ctl 0x3f6 bmdma 0xc040 irq 14
[    3.724473] ata2: PATA max MWDMA2 cmd 0x170 ctl 0x376 bmdma 0xc048 irq 15
[    3.727202] tun: Universal TUN/TAP device driver, 1.6
[    3.728455] e100: Intel(R) PRO/100 Network Driver
[    3.729413] e100: Copyright(c) 1999-2006 Intel Corporation
[    3.730566] e1000: Intel(R) PRO/1000 Network Driver
[    3.731555] e1000: Copyright (c) 1999-2006 Intel Corporation.
[    3.884888] ata2: found unknown device (class 0)
[    3.886684] ata1: found unknown device (class 0)
[    3.888585] ata2.00: ATAPI: QEMU DVD-ROM, 2.5+, max UDMA/100
[    3.889820] ACPI: \_SB_.LNKC: Enabled at IRQ 11
[    3.891252] ata1.00: ATA-7: QEMU HARDDISK, 2.5+, max UDMA/100
[    3.893024] ata1.00: 16777216 sectors, multi 16: LBA48 
[    3.896248] scsi 0:0:0:0: Direct-Access     ATA      QEMU HARDDISK    2.5+ PQ: 0 ANSI: 5
[    3.898997] sd 0:0:0:0: Attached scsi generic sg0 type 0
[    3.899406] sd 0:0:0:0: [sda] 16777216 512-byte logical blocks: (8.59 GB/8.00 GiB)
[    3.901115] scsi 1:0:0:0: CD-ROM            QEMU     QEMU DVD-ROM     2.5+ PQ: 0 ANSI: 5
[    3.902215] sd 0:0:0:0: [sda] Write Protect is off
[    3.905367] sd 0:0:0:0: [sda] Write cache: enabled, read cache: enabled, doesn't support DPO or FUA
[    3.907662] sd 0:0:0:0: [sda] Preferred minimum I/O size 512 bytes
[    3.917541] scsi 1:0:0:0: Attached scsi generic sg1 type 5
[    3.931128] sd 0:0:0:0: [sda] Attached SCSI disk
[    4.258951] e1000 0000:00:03.0 eth0: (PCI:33MHz:32-bit) 52:54:00:12:34:56
[    4.260187] e1000 0000:00:03.0 eth0: Intel(R) PRO/1000 Network Connection
[    4.261498] e1000e: Intel(R) PRO/1000 Network Driver
[    4.262390] e1000e: Copyright(c) 1999 - 2015 Intel Corporation.
[    4.263500] igb: Intel(R) Gigabit Ethernet Network Driver
[    4.264479] igb: Copyright (c) 2007-2014 Intel Corporation.
[    4.265537] PPP generic driver version 2.4.2
[    4.267123] VFIO - User Level meta-driver version: 0.3
[    4.268737] usbcore: registered new interface driver uas
[    4.269745] usbcore: registered new interface driver usb-storage
[    4.270943] i8042: PNP: PS/2 Controller [PNP0303:KBD,PNP0f13:MOU] at 0x60,0x64 irq 1,12
[    4.273475] serio: i8042 KBD port at 0x60,0x64 irq 1
[    4.274408] serio: i8042 AUX port at 0x60,0x64 irq 12
[    4.276140] mousedev: PS/2 mouse device common for all mice
[    4.278097] rtc_cmos 00:05: RTC can wake from S4
[    4.279165] input: AT Translated Set 2 keyboard as /devices/platform/i8042/serio0/input/input1
[    4.282025] rtc_cmos 00:05: registered as rtc0
[    4.282071] input: VirtualPS/2 VMware VMMouse as /devices/platform/i8042/serio1/input/input4
[    4.283087] rtc_cmos 00:05: setting system clock to 2023-05-21T03:08:22 UTC (1684638502)
[    4.285087] input: VirtualPS/2 VMware VMMouse as /devices/platform/i8042/serio1/input/input3
[    4.287598] rtc_cmos 00:05: alarms up to one day, y3k, 242 bytes nvram, hpet irqs
[    4.289012] i2c_dev: i2c /dev entries driver
[    4.289964] device-mapper: core: CONFIG_IMA_DISABLE_HTABLE is disabled. Duplicate IMA measurements will not be recorded in the IMA log.
[    4.292171] device-mapper: uevent: version 1.0.3
[    4.293305] device-mapper: ioctl: 4.47.0-ioctl (2022-07-28) initialised: dm-devel@redhat.com
[    4.294852] intel_pstate: CPU model not supported
[    4.295798] sdhci: Secure Digital Host Controller Interface driver
[    4.297159] sdhci: Copyright(c) Pierre Ossman
[    4.298122] sdhci-pltfm: SDHCI platform and OF driver helper
[    4.299447] ledtrig-cpu: registered to indicate activity on CPUs
[    4.301038] drop_monitor: Initializing network drop monitor service
[    4.302483] NET: Registered PF_INET6 protocol family
[    4.306157] Segment Routing with IPv6
[    4.306954] In-situ OAM (IOAM) with IPv6
[    4.307798] NET: Registered PF_PACKET protocol family
[    4.308982] 9pnet: Installing 9P2000 support
[    4.309938] Key type dns_resolver registered
[    4.311688] IPI shorthand broadcast: enabled
[    4.326010] sched_clock: Marking stable (4124004110, 200424831)->(4453915087, -129486146)
[    4.328297] registered taskstats version 1
[    4.329379] Loading compiled-in X.509 certificates
[    4.330552] zswap: loaded using pool lzo/zbud
[    4.344677] Key type .fscrypt registered
[    4.345505] Key type fscrypt-provisioning registered
[    4.347510] Key type encrypted registered
[    4.348368] ima: No TPM chip found, activating TPM-bypass!
[    4.349520] ima: Allocated hash algorithm: sha1
[    4.350476] ima: No architecture policies found
[    4.351457] evm: Initialising EVM extended attributes:
[    4.352513] evm: security.selinux
[    4.353195] evm: security.SMACK64
[    4.353884] evm: security.SMACK64EXEC
[    4.354636] evm: security.SMACK64TRANSMUTE
[    4.355471] evm: security.SMACK64MMAP
[    4.356220] evm: security.apparmor
[    4.356936] evm: security.ima
[    4.357548] evm: security.capability
[    4.358282] evm: HMAC attrs: 0x1
[    4.360383] PM:   Magic number: 7:950:108
[    4.361635] RAS: Correctable Errors collector initialized.
[    4.364203] md: Waiting for all devices to be available before autodetect
[    4.365141] md: If you don't use raid, use raid=noautodetect
[    4.365914] md: Autodetecting RAID arrays.
[    4.366477] md: autorun ...
[    4.366868] md: ... autorun DONE.
[    4.375181] EXT4-fs (sda): INFO: recovery required on readonly filesystem
[    4.376119] EXT4-fs (sda): write access will be enabled during recovery
[    4.582496] EXT4-fs (sda): recovery complete
[    4.585362] EXT4-fs (sda): mounted filesystem 23a53bb9-f815-47a5-b74c-5e08f7731193 with ordered data mode. Quota mode: none.
[    4.587059] VFS: Mounted root (ext4 filesystem) readonly on device 8:0.
[    4.590761] devtmpfs: mounted
[    4.600032] Freeing unused decrypted memory: 2036K
[    4.603753] Freeing unused kernel image (initmem) memory: 10364K
[    4.604728] Write protecting the kernel read-only data: 45056k
[    4.606871] Freeing unused kernel image (rodata/data gap) memory: 472K
[    4.704674] x86/mm: Checked W+X mappings: passed, no W+X pages found.
[    4.705587] Run /sbin/init as init process
[    4.835456] systemd[1]: RTC configured in localtime, applying delta of 0 minutes to system time.
[    4.866004] systemd[1]: systemd 239 (239-49.el8) running in system mode. (+PAM +AUDIT +SELINUX +IMA -APPARMOR +SMACK +SYSVINIT +UTMP +LIBCRYPTSETUP +GCRYPT +GNUTLS +ACL +XZ +LZ4 +SECCOMP +BLKID +ELFUTILS +KMOD +IDN2 -IDN +PCRE2 default-hierarchy=legacy)
[    4.869317] systemd[1]: Detected virtualization kvm.
[    4.870046] systemd[1]: Detected architecture x86-64.

Welcome to [0;31mCentOS Stream 8[0m!

[    4.922196] systemd[1]: Set hostname to <test>.
[    5.211987] systemd[1]: Listening on udev Kernel Socket.
[[0;32m  OK  [0m] Listening on udev Kernel Socket.
[    5.216341] systemd[1]: Created slice system-getty.slice.
[[0;32m  OK  [0m] Created slice system-getty.slice.
[    5.218260] systemd[1]: Listening on udev Control Socket.
[[0;32m  OK  [0m] Listening on udev Control Socket.
[    5.220138] systemd[1]: Listening on Journal Socket.
[[0;32m  OK  [0m] Listening on Journal Socket.
[    5.236776] systemd[1]: Starting udev Coldplug all Devices...
         Starting udev Coldplug all Devices...
[    5.241498] systemd[1]: Starting Setup Virtual Console...
         Starting Setup Virtual Console...
         Mounting POSIX Message Queue File System...
[[0;32m  OK  [0m] Listening on LVM2 poll daemon socket.
         Starting Load Kernel Modules...
[[0;32m  OK  [0m] Listening on Process Core Dump Socket.
[[0;32m  OK  [0m] Listening on Device-mapper event daemon FIFOs.
         Starting Monitoring of LVM2 mirrorsâ€¦ng dmeventd or progress polling...
[[0;32m  OK  [0m] Started Forward Password Requests to Wall Directory Watch.
[[0;32m  OK  [0m] Listening on initctl Compatibility Named Pipe.
[[0;32m  OK  [0m] Reached target Swap.
[[0;32m  OK  [0m] Listening on multipathd control socket.
[[0;32m  OK  [0m] Listening on RPCbind Server Activation Socket.
[[0;32m  OK  [0m] Reached target RPC Port Mapper.
         Mounting Huge Pages File System...
         Mounting Kernel Debug File System...
[[0;32m  OK  [0m] Created slice system-serial\x2dgetty.slice.
[[0;32m  OK  [0m] Created slice User and Session Slice.
[[0;32m  OK  [0m] Reached target Slices.
[[0;32m  OK  [0m] Set up automount Arbitrary Executabâ€¦rmats File System Automount Point.
[[0;32m  OK  [0m] Listening on Journal Socket (/dev/log).
         Starting Journal Service...
         Starting Remount Root and Kernel File Systems...
[[0;32m  OK  [0m] Created slice system-sshd\x2dkeygen.slice.
[[0;32m  OK  [0m] Started Journal Service.
[[0;32m  OK  [0m] Started Setup Virtual Console.
[[0;32m  OK  [0m] Mounted POSIX Message Queue File System.
[[0;1;31mFAILED[0m] Failed to start Load Kernel Modules.
See 'systemctl status systemd-modules-load.service' for details.
[[0;32m  OK  [0m] Mounted Huge Pages File System.
[[0;32m  OK  [0m] Mounted Kernel Debug File System.
         Starting Apply Kernel Variables...
         Mounting Kernel Configuration File System...
         Mounting FUSE Control File System...
[[0;32m  OK  [0m] Mounted Kernel Configuration File System.
[[0;32m  OK  [0m] Started Apply Kernel Variables.
[[0;32m  OK  [0m] Mounted FUSE Control File System.
[    5.900539] EXT4-fs (sda): re-mounted 23a53bb9-f815-47a5-b74c-5e08f7731193. Quota mode: none.
[[0;32m  OK  [0m] Started Remount Root and Kernel File Systems.
         Starting Flush Journal to Persistent Storage...
         Starting Load/Save Random Seed...
         Starting Create Static Device Nodes in /dev...
[[0;32m  OK  [0m] Started Flush Journal to Persistent Storage.
[[0;32m  OK  [0m] Started Load/Save Random Seed.
[[0;32m  OK  [0m] Started udev Coldplug all Devices.
         Starting udev Wait for Complete Device Initialization...
[[0;32m  OK  [0m] Started Create Static Device Nodes in /dev.
         Starting udev Kernel Device Manager...
[[0;32m  OK  [0m] Started udev Kernel Device Manager.
         Starting Show Plymouth Boot Screen...
[[0;32m  OK  [0m] Started Show Plymouth Boot Screen.
[[0;32m  OK  [0m] Started Forward Password Requests to Plymouth Directory Watch.
[[0;32m  OK  [0m] Reached target Paths.
[[0;32m  OK  [0m] Reached target Local Encrypted Volumes.
[[0;32m  OK  [0m] Found device /dev/ttyS0.
[[0;32m  OK  [0m] Started Monitoring of LVM2 mirrors,â€¦sing dmeventd or progress polling.
[[0;32m  OK  [0m] Listening on Load/Save RF Kill Switch Status /dev/rfkill Watch.
[[0;32m  OK  [0m] Started udev Wait for Complete Device Initialization.
[[0;32m  OK  [0m] Reached target Local File Systems (Pre).
[[0;32m  OK  [0m] Reached target Local File Systems.
         Starting Restore /run/initramfs on shutdown...
         Starting Tell Plymouth To Write Out Runtime Data...
         Starting Create Volatile Files and Directories...
[[0;32m  OK  [0m] Started Restore /run/initramfs on shutdown.
[[0;32m  OK  [0m] Started Tell Plymouth To Write Out Runtime Data.
[[0;32m  OK  [0m] Started Create Volatile Files and Directories.
         Starting Security Auditing Service...
         Mounting RPC Pipe File System...
         Starting RPC Bind...
[[0;32m  OK  [0m] Mounted RPC Pipe File System.
[[0;32m  OK  [0m] Reached target rpc_pipefs.target.
[[0;32m  OK  [0m] Started RPC Bind.
[[0;32m  OK  [0m] Started Security Auditing Service.
         Starting Update UTMP about System Boot/Shutdown...
[[0;32m  OK  [0m] Started Update UTMP about System Boot/Shutdown.
[[0;32m  OK  [0m] Reached target System Initialization.
[[0;32m  OK  [0m] Started Daily Cleanup of Temporary Directories.
[[0;32m  OK  [0m] Listening on SSSD Kerberos Cache Manager responder socket.
[[0;32m  OK  [0m] Started daily update of the root trust anchor for DNSSEC.
[[0;32m  OK  [0m] Started dnf makecache --timer.
[[0;32m  OK  [0m] Reached target Timers.
[[0;32m  OK  [0m] Listening on D-Bus System Message Bus Socket.
[[0;32m  OK  [0m] Reached target Sockets.
[[0;32m  OK  [0m] Reached target Basic System.
         Starting Self Monitoring and Reporting Technology (SMART) Daemon...
[[0;32m  OK  [0m] Started Machine Check Exception Logging Daemon.
         Starting NTP client/server...
         Starting Authorization Manager...
[[0;32m  OK  [0m] Started D-Bus System Message Bus.
[[0;32m  OK  [0m] Started irqbalance daemon.
         Starting Auto-connect to subsystemsâ€¦-NVME devices found during boot...
         Starting Network Manager...
         Starting Login Service...
[[0;32m  OK  [0m] Reached target sshd-keygen.target.
[[0;32m  OK  [0m] Started Self Monitoring and Reporting Technology (SMART) Daemon.
[[0;32m  OK  [0m] Started Auto-connect to subsystems â€¦FC-NVME devices found during boot.
         Starting update of the root trust aâ€¦or DNSSEC validation in unbound...
[[0;32m  OK  [0m] Started Login Service.
[[0;32m  OK  [0m] Started NTP client/server.
[[0;32m  OK  [0m] Started update of the root trust anâ€¦ for DNSSEC validation in unbound.
[[0;32m  OK  [0m] Started Network Manager.
         Starting Network Manager Wait Online...
[[0;32m  OK  [0m] Reached target Network.
         Starting GSSAPI Proxy Daemon...
         Starting Dynamic System Tuning Daemon...
         Starting OpenSSH server daemon...
[[0;32m  OK  [0m] Started Authorization Manager.
         Starting Hostname Service...
[[0;32m  OK  [0m] Started GSSAPI Proxy Daemon.
[[0;32m  OK  [0m] Reached target NFS client services.
[[0;32m  OK  [0m] Reached target Remote File Systems (Pre).
[[0;32m  OK  [0m] Reached target Remote File Systems.
         Starting Permit User Sessions...
[[0;32m  OK  [0m] Started OpenSSH server daemon.
[[0;32m  OK  [0m] Started Permit User Sessions.
[[0;32m  OK  [0m] Started Command Scheduler.
         Starting Hold until boot process finishes up...
         Starting Terminate Plymouth Boot Screen...
[    8.120746] e1000: eth0 NIC Link is Up 1000 Mbps Full Duplex, Flow Control: RX
[    8.122905] IPv6: ADDRCONF(NETDEV_CHANGE): eth0: link becomes ready
[    8.399060] Spectre V2 : WARNING: Unprivileged eBPF is enabled with eIBRS on, data leaks possible via Spectre v2 BHB attacks!
[    8.400662] Spectre V2 : WARNING: Unprivileged eBPF is enabled with eIBRS on, data leaks possible via Spectre v2 BHB attacks!

CentOS Stream 8
Kernel 6.3.0-rc6-ecc73f8a58c7+ on an x86_64

test login: [   24.650782] memfd_create() without MFD_EXEC nor MFD_NOEXEC_SEAL, pid=344 'systemd'
[   28.123269] loop0: detected capacity change from 0 to 65536
[   28.123906] XFS: attr2 mount option is deprecated.
[   28.124297] XFS: ikeep mount option is deprecated.
[   28.125809] XFS (loop0): Deprecated V4 format (crc=0) will not be supported after September 2030.
[   28.126782] XFS (loop0): Mounting V4 Filesystem d28317a9-9e04-4f2a-be27-e55b4c413ff6
[   28.131657] XFS (loop0): Ending clean mount
[   28.132741] XFS (loop0): Quotacheck needed: Please wait.
[   28.136395] BUG: kernel NULL pointer dereference, address: 0000000000000008
[   28.136933] #PF: supervisor read access in kernel mode
[   28.137330] #PF: error_code(0x0000) - not-present page
[   28.137727] PGD c334067 P4D c334067 PUD b0ae067 PMD 0 
[   28.138138] Oops: 0000 [#1] PREEMPT SMP NOPTI
[   28.138483] CPU: 0 PID: 32 Comm: kworker/u4:2 Not tainted 6.3.0-rc6-ecc73f8a58c7+ #1
[   28.139074] Hardware name: QEMU Standard PC (i440FX + PIIX, 1996), BIOS rel-1.16.0-0-gd239552ce722-prebuilt.qemu.org 04/01/2014
[   28.139930] Workqueue: xfs_iwalk-548 xfs_pwork_work
[   28.140320] RIP: 0010:xfs_extent_free_diff_items+0x27/0x40
[   28.140754] Code: 90 90 90 f3 0f 1e fa 0f 1f 44 00 00 55 48 89 e5 41 54 49 89 f4 53 48 89 d3 e8 45 6a 7e ff 49 8b 44 24 28 48 8b 53 28 5b 41 5c <8b> 40 08 5d 2b 42 08 c3 cc cc cc cc 66 66 2e 0f 1f 84 00 00 00 00
[   28.142143] RSP: 0018:ffffc900001178d0 EFLAGS: 00010246
[   28.142550] RAX: 0000000000000000 RBX: ffff888006e63738 RCX: ffffffff81d5e3d1
[   28.143095] RDX: 0000000000000000 RSI: ffff8880074da340 RDI: 0000000000000002
[   28.143639] RBP: ffffc900001178d0 R08: ffffc900001178f0 R09: ffff88800fb14f30
[   28.144185] R10: 0000000000000000 R11: 0000000000000001 R12: ffff888006e63428
[   28.144730] R13: ffff888006e63d20 R14: ffffffff81aefa80 R15: ffffc90000117918
[   28.145274] FS:  0000000000000000(0000) GS:ffff88807dc00000(0000) knlGS:0000000000000000
[   28.145889] CS:  0010 DS: 0000 ES: 0000 CR0: 0000000080050033
[   28.146334] CR2: 0000000000000008 CR3: 000000000d17c005 CR4: 0000000000770ef0
[   28.146881] PKRU: 55555554
[   28.147101] Call Trace:
[   28.147301]  <TASK>
[   28.147478]  list_sort+0xb8/0x3a0
[   28.147756]  xfs_extent_free_create_intent+0xb6/0xc0
[   28.148157]  xfs_defer_create_intents+0xc3/0x220
[   28.148525]  ? write_comp_data+0x2f/0x90
[   28.148851]  xfs_defer_finish_noroll+0x9e/0xac0
[   28.149215]  __xfs_trans_commit+0x4be/0x630
[   28.149555]  xfs_trans_commit+0x20/0x30
[   28.149870]  xfs_dquot_disk_alloc+0x45d/0x4e0
[   28.150226]  xfs_qm_dqread+0x2f7/0x310
[   28.150535]  xfs_qm_dqget+0xd5/0x300
[   28.150832]  xfs_qm_quotacheck_dqadjust+0x5a/0x230
[   28.151213]  xfs_qm_dqusage_adjust+0x249/0x300
[   28.151571]  xfs_iwalk_ag_recs+0x1bd/0x2e0
[   28.151902]  xfs_iwalk_run_callbacks+0xc3/0x1c0
[   28.152266]  xfs_iwalk_ag+0x32e/0x3f0
[   28.152568]  xfs_iwalk_ag_work+0xbe/0xf0
[   28.152885]  xfs_pwork_work+0x2c/0xc0
[   28.153187]  process_one_work+0x3b1/0x860
[   28.153517]  worker_thread+0x52/0x660
[   28.153817]  ? __pfx_worker_thread+0x10/0x10
[   28.154165]  kthread+0x161/0x1a0
[   28.154433]  ? __pfx_kthread+0x10/0x10
[   28.154738]  ret_from_fork+0x29/0x50
[   28.155041]  </TASK>
[   28.155223] Modules linked in:
[   28.155473] CR2: 0000000000000008
[   28.155738] ---[ end trace 0000000000000000 ]---
[   28.156098] RIP: 0010:xfs_extent_free_diff_items+0x27/0x40
[   28.156533] Code: 90 90 90 f3 0f 1e fa 0f 1f 44 00 00 55 48 89 e5 41 54 49 89 f4 53 48 89 d3 e8 45 6a 7e ff 49 8b 44 24 28 48 8b 53 28 5b 41 5c <8b> 40 08 5d 2b 42 08 c3 cc cc cc cc 66 66 2e 0f 1f 84 00 00 00 00
[   28.157976] RSP: 0018:ffffc900001178d0 EFLAGS: 00010246
[   28.158404] RAX: 0000000000000000 RBX: ffff888006e63738 RCX: ffffffff81d5e3d1
[   28.158974] RDX: 0000000000000000 RSI: ffff8880074da340 RDI: 0000000000000002
[   28.159537] RBP: ffffc900001178d0 R08: ffffc900001178f0 R09: ffff88800fb14f30
[   28.160100] R10: 0000000000000000 R11: 0000000000000001 R12: ffff888006e63428
[   28.160665] R13: ffff888006e63d20 R14: ffffffff81aefa80 R15: ffffc90000117918
[   28.161228] FS:  0000000000000000(0000) GS:ffff88807dc00000(0000) knlGS:0000000000000000
[   28.161865] CS:  0010 DS: 0000 ES: 0000 CR0: 0000000080050033
[   28.162330] CR2: 0000000000000008 CR3: 000000000d17c005 CR4: 0000000000770ef0
[   28.162900] PKRU: 55555554
[   28.163125] note: kworker/u4:2[32] exited with irqs disabled
