c[?7l[2J[0mSeaBIOS (version rel-1.16.0-0-gd239552ce722-prebuilt.qemu.org)


iPXE (http://ipxe.org) 00:03.0 CA00 PCI2.10 PnP PMM+7FF91000+7FEF1000 CA00
Press Ctrl-B to configure iPXE (PCI 00:03.0)...                                                                               


Booting from ROM...
c[?7l[2J[    0.000000] Linux version 6.4.0-rc2-f1fcbaa18b28+ (root@p-rpls01) (gcc (GCC) 8.5.0 20210514 (Red Hat 8.5.0-19), GNU ld version 2.36.1-2.el8) #1 SMP PREEMPT_DYNAMIC Tue May 16 09:52:15 CST 2023
[    0.000000] Command line: console=ttyS0 root=/dev/sda earlyprintk=serial net.ifnames=0
[    0.000000] KERNEL supported cpus:
[    0.000000]   Intel GenuineIntel
[    0.000000]   AMD AuthenticAMD
[    0.000000]   Hygon HygonGenuine
[    0.000000]   Centaur CentaurHauls
[    0.000000]   zhaoxin   Shanghai  
[    0.000000] x86/fpu: Supporting XSAVE feature 0x001: 'x87 floating point registers'
[    0.000000] x86/fpu: Supporting XSAVE feature 0x002: 'SSE registers'
[    0.000000] x86/fpu: Supporting XSAVE feature 0x004: 'AVX registers'
[    0.000000] x86/fpu: Supporting XSAVE feature 0x200: 'Protection Keys User registers'
[    0.000000] x86/fpu: xstate_offset[2]:  576, xstate_sizes[2]:  256
[    0.000000] x86/fpu: xstate_offset[9]:  832, xstate_sizes[9]:    8
[    0.000000] x86/fpu: Enabled xstate features 0x207, context size is 840 bytes, using 'compacted' format.
[    0.000000] signal: max sigframe size: 3632
[    0.000000] BIOS-provided physical RAM map:
[    0.000000] BIOS-e820: [mem 0x0000000000000000-0x000000000009fbff] usable
[    0.000000] BIOS-e820: [mem 0x000000000009fc00-0x000000000009ffff] reserved
[    0.000000] BIOS-e820: [mem 0x00000000000f0000-0x00000000000fffff] reserved
[    0.000000] BIOS-e820: [mem 0x0000000000100000-0x000000007ffdffff] usable
[    0.000000] BIOS-e820: [mem 0x000000007ffe0000-0x000000007fffffff] reserved
[    0.000000] BIOS-e820: [mem 0x00000000feffc000-0x00000000feffffff] reserved
[    0.000000] BIOS-e820: [mem 0x00000000fffc0000-0x00000000ffffffff] reserved
[    0.000000] printk: bootconsole [earlyser0] enabled
[    0.000000] NX (Execute Disable) protection: active
[    0.000000] SMBIOS 2.8 present.
[    0.000000] DMI: QEMU Standard PC (i440FX + PIIX, 1996), BIOS rel-1.16.0-0-gd239552ce722-prebuilt.qemu.org 04/01/2014
[    0.000000] Hypervisor detected: KVM
[    0.000000] kvm-clock: Using msrs 4b564d01 and 4b564d00
[    0.000004] kvm-clock: using sched offset of 872389345 cycles
[    0.001346] clocksource: kvm-clock: mask: 0xffffffffffffffff max_cycles: 0x1cd42e4dffb, max_idle_ns: 881590591483 ns
[    0.005508] tsc: Detected 806.400 MHz processor
[    0.015281] last_pfn = 0x7ffe0 max_arch_pfn = 0x400000000
[    0.016929] x86/PAT: Configuration [0-7]: WB  WC  UC- UC  WB  WP  UC- WT  
[    0.028958] found SMP MP-table at [mem 0x000f5ba0-0x000f5baf]
[    0.030781] Using GB pages for direct mapping
[    0.034320] ACPI: Early table checksum verification disabled
[    0.035936] ACPI: RSDP 0x00000000000F59C0 000014 (v00 BOCHS )
[    0.037458] ACPI: RSDT 0x000000007FFE1951 000034 (v01 BOCHS  BXPC     00000001 BXPC 00000001)
[    0.039691] ACPI: FACP 0x000000007FFE17FD 000074 (v01 BOCHS  BXPC     00000001 BXPC 00000001)
[    0.041884] ACPI: DSDT 0x000000007FFE0040 0017BD (v01 BOCHS  BXPC     00000001 BXPC 00000001)
[    0.044041] ACPI: FACS 0x000000007FFE0000 000040
[    0.045233] ACPI: APIC 0x000000007FFE1871 000080 (v01 BOCHS  BXPC     00000001 BXPC 00000001)
[    0.047416] ACPI: HPET 0x000000007FFE18F1 000038 (v01 BOCHS  BXPC     00000001 BXPC 00000001)
[    0.049598] ACPI: WAET 0x000000007FFE1929 000028 (v01 BOCHS  BXPC     00000001 BXPC 00000001)
[    0.051764] ACPI: Reserving FACP table memory at [mem 0x7ffe17fd-0x7ffe1870]
[    0.053544] ACPI: Reserving DSDT table memory at [mem 0x7ffe0040-0x7ffe17fc]
[    0.055318] ACPI: Reserving FACS table memory at [mem 0x7ffe0000-0x7ffe003f]
[    0.057107] ACPI: Reserving APIC table memory at [mem 0x7ffe1871-0x7ffe18f0]
[    0.058865] ACPI: Reserving HPET table memory at [mem 0x7ffe18f1-0x7ffe1928]
[    0.060619] ACPI: Reserving WAET table memory at [mem 0x7ffe1929-0x7ffe1950]
[    0.064198] No NUMA configuration found
[    0.065169] Faking a node at [mem 0x0000000000000000-0x000000007ffdffff]
[    0.066943] NODE_DATA(0) allocated [mem 0x7ffb5000-0x7ffdffff]
[    0.072327] Zone ranges:
[    0.072993]   DMA      [mem 0x0000000000001000-0x0000000000ffffff]
[    0.074550]   DMA32    [mem 0x0000000001000000-0x000000007ffdffff]
[    0.076091]   Normal   empty
[    0.076819]   Device   empty
[    0.077549] Movable zone start for each node
[    0.078642] Early memory node ranges
[    0.079533]   node   0: [mem 0x0000000000001000-0x000000000009efff]
[    0.081101]   node   0: [mem 0x0000000000100000-0x000000007ffdffff]
[    0.082681] Initmem setup node 0 [mem 0x0000000000001000-0x000000007ffdffff]
[    0.085592] On node 0, zone DMA: 1 pages in unavailable ranges
[    0.086352] On node 0, zone DMA: 97 pages in unavailable ranges
[    0.249372] On node 0, zone DMA32: 32 pages in unavailable ranges
[    0.251837] ACPI: PM-Timer IO Port: 0x608
[    0.254526] ACPI: LAPIC_NMI (acpi_id[0xff] dfl dfl lint[0x1])
[    0.256188] IOAPIC[0]: apic_id 0, version 17, address 0xfec00000, GSI 0-23
[    0.258017] ACPI: INT_SRC_OVR (bus 0 bus_irq 0 global_irq 2 dfl dfl)
[    0.259651] ACPI: INT_SRC_OVR (bus 0 bus_irq 5 global_irq 5 high level)
[    0.261370] ACPI: INT_SRC_OVR (bus 0 bus_irq 9 global_irq 9 high level)
[    0.263085] ACPI: INT_SRC_OVR (bus 0 bus_irq 10 global_irq 10 high level)
[    0.264837] ACPI: INT_SRC_OVR (bus 0 bus_irq 11 global_irq 11 high level)
[    0.266591] ACPI: Using ACPI (MADT) for SMP configuration information
[    0.268249] ACPI: HPET id: 0x8086a201 base: 0xfed00000
[    0.269620] TSC deadline timer available
[    0.270648] smpboot: Allowing 2 CPUs, 0 hotplug CPUs
[    0.272134] kvm-guest: KVM setup pv remote TLB flush
[    0.273420] kvm-guest: setup PV sched yield
[    0.274653] PM: hibernation: Registered nosave memory: [mem 0x00000000-0x00000fff]
[    0.276542] PM: hibernation: Registered nosave memory: [mem 0x0009f000-0x0009ffff]
[    0.278449] PM: hibernation: Registered nosave memory: [mem 0x000a0000-0x000effff]
[    0.280352] PM: hibernation: Registered nosave memory: [mem 0x000f0000-0x000fffff]
[    0.282289] [mem 0x80000000-0xfeffbfff] available for PCI devices
[    0.283837] Booting paravirtualized kernel on KVM
[    0.285098] clocksource: refined-jiffies: mask: 0xffffffff max_cycles: 0xffffffff, max_idle_ns: 7645519600211568 ns
[    0.287795] setup_percpu: NR_CPUS:8192 nr_cpumask_bits:2 nr_cpu_ids:2 nr_node_ids:1
[    0.295311] percpu: Embedded 66 pages/cpu s233472 r8192 d28672 u1048576
[    0.297371] kvm-guest: PV spinlocks enabled
[    0.298437] PV qspinlock hash table entries: 256 (order: 0, 4096 bytes, linear)
[    0.300316] Kernel command line: net.ifnames=0 console=ttyS0 root=/dev/sda earlyprintk=serial net.ifnames=0
[    0.304409] random: crng init done
[    0.310253] Dentry cache hash table entries: 262144 (order: 9, 2097152 bytes, linear)
[    0.312510] Inode-cache hash table entries: 131072 (order: 8, 1048576 bytes, linear)
[    0.314762] Fallback order for Node 0: 0 
[    0.314792] Built 1 zonelists, mobility grouping on.  Total pages: 515808
[    0.317522] Policy zone: DMA32
[    0.318297] mem auto-init: stack:off, heap alloc:off, heap free:off
[    0.329090] Memory: 1966936K/2096632K available (34816K kernel code, 4573K rwdata, 9844K rodata, 10444K init, 31812K bss, 129440K reserved, 0K cma-reserved)
[    0.333423] SLUB: HWalign=64, Order=0-3, MinObjects=0, CPUs=2, Nodes=1
[    0.335074] kmemleak: Kernel memory leak detector disabled
[    0.336668] ftrace: allocating 69040 entries in 270 pages
[    0.405099] ftrace: allocated 270 pages with 4 groups
[    0.410259] Dynamic Preempt: voluntary
[    0.411535] Running RCU self tests
[    0.412394] Running RCU synchronous self tests
[    0.413556] rcu: Preemptible hierarchical RCU implementation.
[    0.414990] rcu: 	RCU lockdep checking is enabled.
[    0.416179] rcu: 	RCU restricting CPUs from NR_CPUS=8192 to nr_cpu_ids=2.
[    0.417891] 	Trampoline variant of Tasks RCU enabled.
[    0.419145] 	Rude variant of Tasks RCU enabled.
[    0.420264] 	Tracing variant of Tasks RCU enabled.
[    0.421449] rcu: RCU calculated value of scheduler-enlistment delay is 25 jiffies.
[    0.423309] rcu: Adjusting geometry for rcu_fanout_leaf=16, nr_cpu_ids=2
[    0.425043] Running RCU synchronous self tests
[    0.462438] NR_IRQS: 524544, nr_irqs: 440, preallocated irqs: 16
[    0.464455] rcu: srcu_init: Setting srcu_struct sizes based on contention.
[    0.488700] Console: colour VGA+ 80x25
[    0.489840] printk: console [ttyS0] enabled
[    0.489840] printk: console [ttyS0] enabled
[    0.491964] printk: bootconsole [earlyser0] disabled
[    0.491964] printk: bootconsole [earlyser0] disabled
[    0.494468] Lock dependency validator: Copyright (c) 2006 Red Hat, Inc., Ingo Molnar
[    0.496450] ... MAX_LOCKDEP_SUBCLASSES:  8
[    0.497521] ... MAX_LOCK_DEPTH:          48
[    0.498589] ... MAX_LOCKDEP_KEYS:        8192
[    0.499702] ... CLASSHASH_SIZE:          4096
[    0.500847] ... MAX_LOCKDEP_ENTRIES:     32768
[    0.502005] ... MAX_LOCKDEP_CHAINS:      65536
[    0.503165] ... CHAINHASH_SIZE:          32768
[    0.504317]  memory used by lock dependency info: 6365 kB
[    0.505716]  memory used for stack traces: 4224 kB
[    0.506957]  per task-struct memory footprint: 1920 bytes
[    0.508410] ACPI: Core revision 20230331
[    0.509912] clocksource: hpet: mask: 0xffffffff max_cycles: 0xffffffff, max_idle_ns: 19112604467 ns
[    0.512571] APIC: Switch to symmetric I/O mode setup
[    0.514572] x2apic enabled
[    0.515986] Switched APIC routing to physical x2apic.
[    0.517388] kvm-guest: setup PV IPIs
[    0.521421] ..TIMER: vector=0x30 apic1=0 pin1=2 apic2=-1 pin2=-1
[    0.523037] clocksource: tsc-early: mask: 0xffffffffffffffff max_cycles: 0xb9fb05486c, max_idle_ns: 440795231721 ns
[    0.525786] Calibrating delay loop (skipped) preset value.. 1612.80 BogoMIPS (lpj=3225600)
[    0.527921] pid_max: default: 32768 minimum: 301
[    0.529885] LSM: initializing lsm=capability,yama,integrity
[    0.531328] Yama: becoming mindful.
[    0.532555] Mount-cache hash table entries: 4096 (order: 3, 32768 bytes, linear)
[    0.533762] Mountpoint-cache hash table entries: 4096 (order: 3, 32768 bytes, linear)
[    0.539454] CPU0: Thermal monitoring enabled (TM1)
[    0.541968] x86/cpu: User Mode Instruction Prevention (UMIP) activated
[    0.547361] Last level iTLB entries: 4KB 0, 2MB 0, 4MB 0
[    0.548924] Last level dTLB entries: 4KB 0, 2MB 0, 4MB 0, 1GB 0
[    0.549938] Spectre V1 : Mitigation: usercopy/swapgs barriers and __user pointer sanitization
[    0.552100] Spectre V2 : WARNING: Unprivileged eBPF is enabled with eIBRS on, data leaks possible via Spectre v2 BHB attacks!
[    0.553763] Spectre V2 : Mitigation: Enhanced / Automatic IBRS
[    0.557755] Spectre V2 : Spectre v2 / SpectreRSB mitigation: Filling RSB on context switch
[    0.559802] Spectre V2 : Spectre v2 / PBRSB-eIBRS: Retire a single CALL on VMEXIT
[    0.561635] Spectre V2 : mitigation: Enabling conditional Indirect Branch Prediction Barrier
[    0.561756] Speculative Store Bypass: Mitigation: Speculative Store Bypass disabled via prctl
[    0.565755] MMIO Stale Data: Unknown: No mitigations
[    0.736919] Freeing SMP alternatives memory: 56K
[    0.737854] Running RCU synchronous self tests
[    0.738988] Running RCU synchronous self tests
[    0.741118] smpboot: CPU0: Genuine Intel(R) 0000 (family: 0x6, model: 0xb7, stepping: 0x0)
[    0.742484] cblist_init_generic: Setting adjustable number of callback queues.
[    0.745762] cblist_init_generic: Setting shift to 1 and lim to 1.
[    0.747392] cblist_init_generic: Setting shift to 1 and lim to 1.
[    0.749840] cblist_init_generic: Setting shift to 1 and lim to 1.
[    0.751426] Running RCU-tasks wait API self tests
[    0.858041] Performance Events: Alderlake Hybrid events, full-width counters, Intel PMU driver.
[    0.862092] core: cpu_core PMU driver: 
[    0.863100] ... version:                2
[    0.865769] ... bit width:              48
[    0.866803] ... generic registers:      6
[    0.869761] ... value mask:             0000ffffffffffff
[    0.871093] ... max period:             00007fffffffffff
[    0.873761] ... fixed-purpose events:   3
[    0.874777] ... event mask:             0001000f0000003f
[    0.877790] Callback from call_rcu_tasks_trace() invoked.
[    0.881761] rcu: Hierarchical SRCU implementation.
[    0.882976] rcu: 	Max phase no-delay instances is 1000.
[    0.891027] unchecked MSR access error: WRMSR to 0x38f (tried to write 0x0001000f0000003f) at rIP: 0xffffffff810dbc2c (native_write_msr+0xc/0x30)
[    0.893752] Call Trace:
[    0.893752]  <TASK>
[    0.893752]  __intel_pmu_enable_all.constprop.51+0xb5/0x140
[    0.893752]  intel_pmu_enable_all+0x1e/0x30
[    0.893752]  x86_pmu_enable+0x46d/0x5a0
[    0.893752]  ? write_comp_data+0x2f/0x90
[    0.893752]  perf_pmu_enable+0x53/0x70
[    0.893752]  ctx_resched+0x14d/0x1e0
[    0.893752]  __perf_install_in_context+0x2f7/0x470
[    0.893752]  ? __pfx_remote_function+0x10/0x10
[    0.893752]  ? __pfx_remote_function+0x10/0x10
[    0.893752]  remote_function+0x80/0xa0
[    0.893752]  ? __pfx_remote_function+0x10/0x10
[    0.893752]  generic_exec_single+0x124/0x190
[    0.893752]  smp_call_function_single+0x11c/0x240
[    0.893752]  ? __pfx_remote_function+0x10/0x10
[    0.893752]  ? __sanitizer_cov_trace_pc+0x25/0x60
[    0.893752]  ? write_comp_data+0x2f/0x90
[    0.893752]  perf_install_in_context+0x2d8/0x300
[    0.893752]  ? __pfx___perf_install_in_context+0x10/0x10
[    0.893752]  perf_event_create_kernel_counter+0x284/0x2b0
[    0.893752]  ? __pfx_watchdog_overflow_callback+0x10/0x10
[    0.893752]  hardlockup_detector_event_create+0x46/0xd0
[    0.893752]  hardlockup_detector_perf_init+0x18/0x80
[    0.893752]  watchdog_nmi_probe+0x17/0x20
[    0.893752]  lockup_detector_init+0x40/0xb0
[    0.893752]  kernel_init_freeable+0x37e/0x730
[    0.893752]  ? __pfx_kernel_init+0x10/0x10
[    0.893752]  kernel_init+0x24/0x1e0
[    0.893752]  ? __pfx_kernel_init+0x10/0x10
[    0.893752]  ret_from_fork+0x29/0x50
[    0.893752]  </TASK>
[    0.894049] smp: Bringing up secondary CPUs ...
[    0.898120] x86: Booting SMP configuration:
[    0.899229] .... node  #0, CPUs:      #1
[    0.905959] smp: Brought up 1 node, 2 CPUs
[    0.909782] smpboot: Max logical packages: 1
[    0.910854] smpboot: Total of 2 processors activated (3225.60 BogoMIPS)
[    0.945770] devtmpfs: initialized
[    0.946296] x86/mm: Memory block size: 128MB
[    0.958445] Running RCU synchronous self tests
[    0.961878] Running RCU synchronous self tests
[    0.963015] Callback from call_rcu_tasks_rude() invoked.
[    0.965817] clocksource: jiffies: mask: 0xffffffff max_cycles: 0xffffffff, max_idle_ns: 7645041785100000 ns
[    0.969799] futex hash table entries: 512 (order: 4, 65536 bytes, linear)
[    0.974272] pinctrl core: initialized pinctrl subsystem
[    0.978285] 
[    0.978696] *************************************************************
[    0.981762] **     NOTICE NOTICE NOTICE NOTICE NOTICE NOTICE NOTICE    **
[    0.983441] **                                                         **
[    0.985762] **  IOMMU DebugFS SUPPORT HAS BEEN ENABLED IN THIS KERNEL  **
[    0.987422] **                                                         **
[    0.989764] ** This means that this kernel is built to expose internal **
[    0.991446] ** IOMMU data structures, which may compromise security on **
[    0.993761] ** your system.                                            **
[    0.995429] **                                                         **
[    0.997761] ** If you see this message and you are not debugging the   **
[    0.999436] ** kernel, report this immediately to your vendor!         **
[    1.001760] **                                                         **
[    1.003446] **     NOTICE NOTICE NOTICE NOTICE NOTICE NOTICE NOTICE    **
[    1.005761] *************************************************************
[    1.009760] PM: RTC time: 20:33:47, date: 2023-05-20
[    1.026217] NET: Registered PF_NETLINK/PF_ROUTE protocol family
[    1.030604] DMA: preallocated 256 KiB GFP_KERNEL pool for atomic allocations
[    1.033800] DMA: preallocated 256 KiB GFP_KERNEL|GFP_DMA pool for atomic allocations
[    1.037776] DMA: preallocated 256 KiB GFP_KERNEL|GFP_DMA32 pool for atomic allocations
[    1.041849] audit: initializing netlink subsys (disabled)
[    1.045775] audit: type=2000 audit(1684614828.113:1): state=initialized audit_enabled=0 res=1
[    1.043243] thermal_sys: Registered thermal governor 'fair_share'
[    1.049774] thermal_sys: Registered thermal governor 'bang_bang'
[    1.051373] thermal_sys: Registered thermal governor 'step_wise'
[    1.053762] thermal_sys: Registered thermal governor 'user_space'
[    1.055380] cpuidle: using governor ladder
[    1.062820] cpuidle: using governor menu
[    1.065883] Callback from call_rcu_tasks() invoked.
[    1.067483] acpiphp: ACPI Hot Plug PCI Controller Driver version: 0.5
[    1.071448] PCI: Using configuration type 1 for base access
[    1.078998] kprobes: kprobe jump-optimization is enabled. All kprobes are optimized if possible.
[    1.710658] HugeTLB: registered 1.00 GiB page size, pre-allocated 0 pages
[    1.713773] HugeTLB: 16380 KiB vmemmap can be freed for a 1.00 GiB page
[    1.717766] HugeTLB: registered 2.00 MiB page size, pre-allocated 0 pages
[    1.721761] HugeTLB: 28 KiB vmemmap can be freed for a 2.00 MiB page
[    1.745752] ACPI: Added _OSI(Module Device)
[    1.749770] ACPI: Added _OSI(Processor Device)
[    1.753765] ACPI: Added _OSI(3.0 _SCP Extensions)
[    1.753765] ACPI: Added _OSI(Processor Aggregator Device)
[    1.770264] ACPI: 1 ACPI AML tables successfully acquired and loaded
[    8.665765] ACPI: Interpreter enabled
[    8.673807] ACPI: PM: (supports S0 S3 S4 S5)
[    8.674925] ACPI: Using IOAPIC for interrupt routing
[    8.677835] PCI: Using host bridge windows from ACPI; if necessary, use "pci=nocrs" and report a bug
[    8.685765] PCI: Using E820 reservations for host bridge windows
[    8.690400] ACPI: Enabled 2 GPEs in block 00 to 0F
[    8.728350] ACPI: PCI Root Bridge [PCI0] (domain 0000 [bus 00-ff])
[    8.729752] acpi PNP0A03:00: _OSC: OS supports [ASPM ClockPM Segments MSI EDR HPX-Type3]
[    8.741813] acpi PNP0A03:00: _OSC: not requesting OS control; OS requires [ExtendedConfig ASPM ClockPM MSI]
[    8.745852] acpi PNP0A03:00: fail to add MMCONFIG information, can't access extended configuration space under this bridge
[    8.758719] acpiphp: Slot [3] registered
[    8.761844] acpiphp: Slot [4] registered
[    8.762945] acpiphp: Slot [5] registered
[    8.765853] acpiphp: Slot [6] registered
[    8.766953] acpiphp: Slot [7] registered
[    8.773842] acpiphp: Slot [8] registered
[    8.774938] acpiphp: Slot [9] registered
[    8.777841] acpiphp: Slot [10] registered
[    8.778965] acpiphp: Slot [11] registered
[    8.781853] acpiphp: Slot [12] registered
[    8.782968] acpiphp: Slot [13] registered
[    8.785842] acpiphp: Slot [14] registered
[    8.786956] acpiphp: Slot [15] registered
[    8.789839] acpiphp: Slot [16] registered
[    8.790936] acpiphp: Slot [17] registered
[    8.797851] acpiphp: Slot [18] registered
[    8.798948] acpiphp: Slot [19] registered
[    8.801849] acpiphp: Slot [20] registered
[    8.802950] acpiphp: Slot [21] registered
[    8.805838] acpiphp: Slot [22] registered
[    8.806934] acpiphp: Slot [23] registered
[    8.809851] acpiphp: Slot [24] registered
[    8.810959] acpiphp: Slot [25] registered
[    8.817839] acpiphp: Slot [26] registered
[    8.818936] acpiphp: Slot [27] registered
[    8.821849] acpiphp: Slot [28] registered
[    8.822946] acpiphp: Slot [29] registered
[    8.825851] acpiphp: Slot [30] registered
[    8.826951] acpiphp: Slot [31] registered
[    8.829794] PCI host bridge to bus 0000:00
[    8.830838] pci_bus 0000:00: root bus resource [io  0x0000-0x0cf7 window]
[    8.837764] pci_bus 0000:00: root bus resource [io  0x0d00-0xffff window]
[    8.839489] pci_bus 0000:00: root bus resource [mem 0x000a0000-0x000bffff window]
[    8.845765] pci_bus 0000:00: root bus resource [mem 0x80000000-0xfebfffff window]
[    8.849764] pci_bus 0000:00: root bus resource [mem 0x100000000-0x17fffffff window]
[    8.853765] pci_bus 0000:00: root bus resource [bus 00-ff]
[    8.855359] pci 0000:00:00.0: [8086:1237] type 00 class 0x060000
[    8.870077] pci 0000:00:01.0: [8086:7000] type 00 class 0x060100
[    8.875304] pci 0000:00:01.1: [8086:7010] type 00 class 0x010180
[    8.882525] pci 0000:00:01.1: reg 0x20: [io  0xc040-0xc04f]
[    8.890777] pci 0000:00:01.1: legacy IDE quirk: reg 0x10: [io  0x01f0-0x01f7]
[    8.893766] pci 0000:00:01.1: legacy IDE quirk: reg 0x14: [io  0x03f6]
[    8.895431] pci 0000:00:01.1: legacy IDE quirk: reg 0x18: [io  0x0170-0x0177]
[    8.901792] pci 0000:00:01.1: legacy IDE quirk: reg 0x1c: [io  0x0376]
[    8.906385] pci 0000:00:01.3: [8086:7113] type 00 class 0x068000
[    8.914761] pci 0000:00:01.3: quirk: [io  0x0600-0x063f] claimed by PIIX4 ACPI
[    8.917791] pci 0000:00:01.3: quirk: [io  0x0700-0x070f] claimed by PIIX4 SMB
[    8.922343] pci 0000:00:02.0: [1234:1111] type 00 class 0x030000
[    8.934510] pci 0000:00:02.0: reg 0x10: [mem 0xfd000000-0xfdffffff pref]
[    8.946530] pci 0000:00:02.0: reg 0x18: [mem 0xfebf0000-0xfebf0fff]
[    8.961962] pci 0000:00:02.0: reg 0x30: [mem 0xfebe0000-0xfebeffff pref]
[    8.970649] pci 0000:00:02.0: Video device with shadowed ROM at [mem 0x000c0000-0x000dffff]
[    8.983458] pci 0000:00:03.0: [8086:100e] type 00 class 0x020000
[    8.990688] pci 0000:00:03.0: reg 0x10: [mem 0xfebc0000-0xfebdffff]
[    8.998519] pci 0000:00:03.0: reg 0x14: [io  0xc000-0xc03f]
[    9.010358] pci 0000:00:03.0: reg 0x30: [mem 0xfeb80000-0xfebbffff pref]
[    9.130581] ACPI: PCI: Interrupt link LNKA configured for IRQ 10
[    9.134203] ACPI: PCI: Interrupt link LNKB configured for IRQ 10
[    9.138196] ACPI: PCI: Interrupt link LNKC configured for IRQ 11
[    9.142180] ACPI: PCI: Interrupt link LNKD configured for IRQ 11
[    9.145975] ACPI: PCI: Interrupt link LNKS configured for IRQ 9
[    9.158250] iommu: Default domain type: Translated 
[    9.161768] iommu: DMA domain TLB invalidation policy: lazy mode 
[    9.170045] SCSI subsystem initialized
[    9.171123] ACPI: bus type USB registered
[    9.173827] usbcore: registered new interface driver usbfs
[    9.175273] usbcore: registered new interface driver hub
[    9.181804] usbcore: registered new device driver usb
[    9.183308] pps_core: LinuxPPS API ver. 1 registered
[    9.185763] pps_core: Software ver. 5.3.6 - Copyright 2005-2007 Rodolfo Giometti <giometti@linux.it>
[    9.193774] PTP clock support registered
[    9.197884] EDAC MC: Ver: 3.0.0
[    9.207234] NetLabel: Initializing
[    9.209763] NetLabel:  domain hash size = 128
[    9.210920] NetLabel:  protocols = UNLABELED CIPSOv4 CALIPSO
[    9.213885] NetLabel:  unlabeled traffic allowed by default
[    9.218226] PCI: Using ACPI for IRQ routing
[    9.222217] pci 0000:00:02.0: vgaarb: setting as boot VGA device
[    9.223465] pci 0000:00:02.0: vgaarb: bridge control possible
[    9.224974] pci 0000:00:02.0: vgaarb: VGA device added: decodes=io+mem,owns=io+mem,locks=none
[    9.225765] vgaarb: loaded
[    9.229824] hpet0: at MMIO 0xfed00000, IRQs 2, 8, 0
[    9.231186] hpet0: 3 comparators, 64-bit 100.000000 MHz counter
[    9.250137] clocksource: Switched to clocksource kvm-clock
[    9.253758] VFS: Disk quotas dquot_6.6.0
[    9.254841] VFS: Dquot-cache hash table entries: 512 (order 0, 4096 bytes)
[    9.257194] pnp: PnP ACPI init
[    9.260178] pnp: PnP ACPI: found 6 devices
[    9.274941] clocksource: acpi_pm: mask: 0xffffff max_cycles: 0xffffff, max_idle_ns: 2085701024 ns
[    9.277796] NET: Registered PF_INET protocol family
[    9.279877] IP idents hash table entries: 32768 (order: 6, 262144 bytes, linear)
[    9.283434] tcp_listen_portaddr_hash hash table entries: 1024 (order: 4, 73728 bytes, linear)
[    9.285874] Table-perturb hash table entries: 65536 (order: 6, 262144 bytes, linear)
[    9.287920] TCP established hash table entries: 16384 (order: 5, 131072 bytes, linear)
[    9.290570] TCP bind hash table entries: 16384 (order: 9, 2359296 bytes, linear)
[    9.299729] TCP: Hash tables configured (established 16384 bind 16384)
[    9.302215] UDP hash table entries: 1024 (order: 5, 163840 bytes, linear)
[    9.304453] UDP-Lite hash table entries: 1024 (order: 5, 163840 bytes, linear)
[    9.307042] NET: Registered PF_UNIX/PF_LOCAL protocol family
[    9.309446] RPC: Registered named UNIX socket transport module.
[    9.311032] RPC: Registered udp transport module.
[    9.312300] RPC: Registered tcp transport module.
[    9.313543] RPC: Registered tcp NFSv4.1 backchannel transport module.
[    9.315282] pci_bus 0000:00: resource 4 [io  0x0000-0x0cf7 window]
[    9.316914] pci_bus 0000:00: resource 5 [io  0x0d00-0xffff window]
[    9.318514] pci_bus 0000:00: resource 6 [mem 0x000a0000-0x000bffff window]
[    9.320309] pci_bus 0000:00: resource 7 [mem 0x80000000-0xfebfffff window]
[    9.322093] pci_bus 0000:00: resource 8 [mem 0x100000000-0x17fffffff window]
[    9.324233] pci 0000:00:01.0: PIIX3: Enabling Passive Release
[    9.325803] pci 0000:00:00.0: Limiting direct PCI/PCI transfers
[    9.327578] PCI: CLS 0 bytes, default 64
[    9.329218] ACPI: bus type thunderbolt registered
[    9.330967] clocksource: tsc: mask: 0xffffffffffffffff max_cycles: 0xb9fb05486c, max_idle_ns: 440795231721 ns
[    9.435973] Initialise system trusted keyrings
[    9.437372] Key type blacklist registered
[    9.438941] workingset: timestamp_bits=36 max_order=19 bucket_order=0
[    9.440758] zbud: loaded
[    9.442312] squashfs: version 4.0 (2009/01/31) Phillip Lougher
[    9.445541] NFS: Registering the id_resolver key type
[    9.446926] Key type id_resolver registered
[    9.448083] Key type id_legacy registered
[    9.449201] nfs4filelayout_init: NFSv4 File Layout Driver Registering...
[    9.450990] nfs4flexfilelayout_init: NFSv4 Flexfile Layout Driver Registering...
[    9.453146] fuse: init (API version 7.38)
[    9.454768] SGI XFS with ACLs, security attributes, realtime, quota, no debug enabled
[    9.458246] 9p: Installing v9fs 9p2000 file system support
[    9.467244] Key type asymmetric registered
[    9.468363] Asymmetric key parser 'x509' registered
[    9.469854] Block layer SCSI generic (bsg) driver version 0.4 loaded (major 243)
[    9.472249] io scheduler mq-deadline registered
[    9.473515] io scheduler bfq registered
[    9.475603] shpchp: Standard Hot Plug PCI Controller Driver version: 0.4
[    9.477902] IPMI message handler: version 39.2
[    9.479115] ipmi device interface
[    9.482033] input: Power Button as /devices/LNXSYSTM:00/LNXPWRBN:00/input/input0
[    9.484249] ACPI: button: Power Button [PWRF]
[    9.486637] ERST DBG: ERST support is disabled.
[    9.488572] Serial: 8250/16550 driver, 32 ports, IRQ sharing enabled
[    9.491334] 00:04: ttyS0 at I/O 0x3f8 (irq = 4, base_baud = 115200) is a 16550A
[    9.502507] Linux agpgart interface v0.103
[    9.504730] ACPI: bus type drm_connector registered
[    9.520019] brd: module loaded
[    9.529832] loop: module loaded
[    9.537520] scsi host0: ata_piix
[    9.538999] scsi host1: ata_piix
[    9.540011] ata1: PATA max MWDMA2 cmd 0x1f0 ctl 0x3f6 bmdma 0xc040 irq 14
[    9.541553] ata2: PATA max MWDMA2 cmd 0x170 ctl 0x376 bmdma 0xc048 irq 15
[    9.544918] tun: Universal TUN/TAP device driver, 1.6
[    9.546173] e100: Intel(R) PRO/100 Network Driver
[    9.547169] e100: Copyright(c) 1999-2006 Intel Corporation
[    9.548397] e1000: Intel(R) PRO/1000 Network Driver
[    9.549445] e1000: Copyright (c) 1999-2006 Intel Corporation.
[    9.703966] ata2: found unknown device (class 0)
[    9.705956] ata1: found unknown device (class 0)
[    9.707537] ACPI: \_SB_.LNKC: Enabled at IRQ 11
[    9.708348] ata2.00: ATAPI: QEMU DVD-ROM, 2.5+, max UDMA/100
[    9.711554] ata1.00: ATA-7: QEMU HARDDISK, 2.5+, max UDMA/100
[    9.712906] ata1.00: 16777216 sectors, multi 16: LBA48 
[    9.717149] scsi 0:0:0:0: Direct-Access     ATA      QEMU HARDDISK    2.5+ PQ: 0 ANSI: 5
[    9.720547] sd 0:0:0:0: [sda] 16777216 512-byte logical blocks: (8.59 GB/8.00 GiB)
[    9.722355] sd 0:0:0:0: [sda] Write Protect is off
[    9.723498] sd 0:0:0:0: [sda] Write cache: enabled, read cache: enabled, doesn't support DPO or FUA
[    9.723864] sd 0:0:0:0: Attached scsi generic sg0 type 0
[    9.725687] sd 0:0:0:0: [sda] Preferred minimum I/O size 512 bytes
[    9.727967] scsi 1:0:0:0: CD-ROM            QEMU     QEMU DVD-ROM     2.5+ PQ: 0 ANSI: 5
[    9.746387] sd 0:0:0:0: [sda] Attached SCSI disk
[    9.752870] scsi 1:0:0:0: Attached scsi generic sg1 type 5
[   10.082193] e1000 0000:00:03.0 eth0: (PCI:33MHz:32-bit) 52:54:00:12:34:56
[   10.083419] e1000 0000:00:03.0 eth0: Intel(R) PRO/1000 Network Connection
[   10.084733] e1000e: Intel(R) PRO/1000 Network Driver
[   10.085579] e1000e: Copyright(c) 1999 - 2015 Intel Corporation.
[   10.086655] igb: Intel(R) Gigabit Ethernet Network Driver
[   10.087605] igb: Copyright (c) 2007-2014 Intel Corporation.
[   10.088663] PPP generic driver version 2.4.2
[   10.090491] VFIO - User Level meta-driver version: 0.3
[   10.092114] usbcore: registered new interface driver uas
[   10.093130] usbcore: registered new interface driver usb-storage
[   10.094380] i8042: PNP: PS/2 Controller [PNP0303:KBD,PNP0f13:MOU] at 0x60,0x64 irq 1,12
[   10.097067] serio: i8042 KBD port at 0x60,0x64 irq 1
[   10.097985] serio: i8042 AUX port at 0x60,0x64 irq 12
[   10.099752] mousedev: PS/2 mouse device common for all mice
[   10.101741] input: AT Translated Set 2 keyboard as /devices/platform/i8042/serio0/input/input1
[   10.104092] rtc_cmos 00:05: RTC can wake from S4
[   10.106049] input: VirtualPS/2 VMware VMMouse as /devices/platform/i8042/serio1/input/input4
[   10.106808] rtc_cmos 00:05: registered as rtc0
[   10.108643] rtc_cmos 00:05: setting system clock to 2023-05-20T20:33:52 UTC (1684614832)
[   10.110417] input: VirtualPS/2 VMware VMMouse as /devices/platform/i8042/serio1/input/input3
[   10.110518] rtc_cmos 00:05: alarms up to one day, y3k, 242 bytes nvram, hpet irqs
[   10.113325] i2c_dev: i2c /dev entries driver
[   10.114338] device-mapper: core: CONFIG_IMA_DISABLE_HTABLE is disabled. Duplicate IMA measurements will not be recorded in the IMA log.
[   10.116529] device-mapper: uevent: version 1.0.3
[   10.117842] device-mapper: ioctl: 4.48.0-ioctl (2023-03-01) initialised: dm-devel@redhat.com
[   10.119393] intel_pstate: CPU model not supported
[   10.120400] sdhci: Secure Digital Host Controller Interface driver
[   10.121616] sdhci: Copyright(c) Pierre Ossman
[   10.122500] sdhci-pltfm: SDHCI platform and OF driver helper
[   10.123605] ledtrig-cpu: registered to indicate activity on CPUs
[   10.125124] drop_monitor: Initializing network drop monitor service
[   10.126473] NET: Registered PF_INET6 protocol family
[   10.130878] Segment Routing with IPv6
[   10.131627] In-situ OAM (IOAM) with IPv6
[   10.132414] NET: Registered PF_PACKET protocol family
[   10.133479] 9pnet: Installing 9P2000 support
[   10.134321] Key type dns_resolver registered
[   10.136153] IPI shorthand broadcast: enabled
[   10.151330] sched_clock: Marking stable (10100003579, 47517344)->(5519538170, 4627982753)
[   10.153325] registered taskstats version 1
[   10.154359] Loading compiled-in X.509 certificates
[   10.171391] Key type .fscrypt registered
[   10.172257] Key type fscrypt-provisioning registered
[   10.174759] Key type encrypted registered
[   10.175672] ima: No TPM chip found, activating TPM-bypass!
[   10.176818] ima: Allocated hash algorithm: sha1
[   10.177825] ima: No architecture policies found
[   10.178861] evm: Initialising EVM extended attributes:
[   10.179922] evm: security.selinux
[   10.180607] evm: security.SMACK64
[   10.181296] evm: security.SMACK64EXEC
[   10.182052] evm: security.SMACK64TRANSMUTE
[   10.182886] evm: security.SMACK64MMAP
[   10.183660] evm: security.apparmor
[   10.184367] evm: security.ima
[   10.184986] evm: security.capability
[   10.185729] evm: HMAC attrs: 0x1
[   10.188076] PM:   Magic number: 7:648:599
[   10.188966] serial8250 serial8250: hash matches
[   10.190377] RAS: Correctable Errors collector initialized.
[   10.191681] clk: Disabling unused clocks
[   10.193398] md: Waiting for all devices to be available before autodetect
[   10.194306] md: If you don't use raid, use raid=noautodetect
[   10.195073] md: Autodetecting RAID arrays.
[   10.195669] md: autorun ...
[   10.196060] md: ... autorun DONE.
[   10.202196] EXT4-fs (sda): INFO: recovery required on readonly filesystem
[   10.203143] EXT4-fs (sda): write access will be enabled during recovery
[   10.485384] EXT4-fs (sda): recovery complete
[   10.489119] EXT4-fs (sda): mounted filesystem 23a53bb9-f815-47a5-b74c-5e08f7731193 ro with ordered data mode. Quota mode: none.
[   10.491262] VFS: Mounted root (ext4 filesystem) readonly on device 8:0.
[   10.496184] devtmpfs: mounted
[   10.508534] Freeing unused decrypted memory: 2036K
[   10.529129] Freeing unused kernel image (initmem) memory: 10444K
[   10.530276] Write protecting the kernel read-only data: 45056k
[   10.533707] Freeing unused kernel image (rodata/data gap) memory: 396K
[   10.636002] x86/mm: Checked W+X mappings: passed, no W+X pages found.
[   10.637157] Run /sbin/init as init process
[   10.789955] systemd[1]: RTC configured in localtime, applying delta of 0 minutes to system time.
[   10.830078] systemd[1]: systemd 239 (239-49.el8) running in system mode. (+PAM +AUDIT +SELINUX +IMA -APPARMOR +SMACK +SYSVINIT +UTMP +LIBCRYPTSETUP +GCRYPT +GNUTLS +ACL +XZ +LZ4 +SECCOMP +BLKID +ELFUTILS +KMOD +IDN2 -IDN +PCRE2 default-hierarchy=legacy)
[   10.833778] systemd[1]: Detected virtualization kvm.
[   10.834563] systemd[1]: Detected architecture x86-64.

Welcome to [0;31mCentOS Stream 8[0m!

[   10.886079] systemd[1]: Set hostname to <test>.
[   11.260135] systemd[1]: Created slice system-serial\x2dgetty.slice.
[[0;32m  OK  [0m] Created slice system-serial\x2dgetty.slice.
[   11.264103] systemd[1]: Created slice system-getty.slice.
[[0;32m  OK  [0m] Created slice system-getty.slice.
[   11.274768] systemd[1]: Listening on Process Core Dump Socket.
[[0;32m  OK  [0m] Listening on Process Core Dump Socket.
[   11.277896] systemd[1]: Listening on Device-mapper event daemon FIFOs.
[[0;32m  OK  [0m] Listening on Device-mapper event daemon FIFOs.
[   11.281078] systemd[1]: Listening on udev Control Socket.
[[0;32m  OK  [0m] Listening on udev Control Socket.
[   11.283740] systemd[1]: Listening on multipathd control socket.
[[0;32m  OK  [0m] Listening on multipathd control socket.
[[0;32m  OK  [0m] Reached target Swap.
[[0;32m  OK  [0m] Listening on udev Kernel Socket.
[[0;32m  OK  [0m] Created slice system-sshd\x2dkeygen.slice.
[[0;32m  OK  [0m] Started Forward Password Requests to Wall Directory Watch.
[[0;32m  OK  [0m] Listening on RPCbind Server Activation Socket.
[[0;32m  OK  [0m] Reached target RPC Port Mapper.
[[0;32m  OK  [0m] Listening on initctl Compatibility Named Pipe.
[[0;32m  OK  [0m] Listening on Journal Socket.
         Mounting Kernel Debug File System...
         Mounting Huge Pages File System...
         Starting Remount Root and Kernel File Systems...
         Starting Setup Virtual Console...
         Starting Monitoring of LVM2 mirrorsâ€¦ng dmeventd or progress polling...
         Starting Load Kernel Modules...
         Mounting POSIX Message Queue File System...
[[0;32m  OK  [0m] Listening on Journal Socket (/dev/log).
[[0;32m  OK  [0m] Listening on LVM2 poll daemon socket.
[[0;32m  OK  [0m] Created slice User and Session Slice.
[[0;32m  OK  [0m] Reached target Slices.
         Starting udev Coldplug all Devices...
[[0;32m  OK  [0m] Set up automount Arbitrary Executabâ€¦rmats File System Automount Point.
[   11.660212] EXT4-fs (sda): re-mounted 23a53bb9-f815-47a5-b74c-5e08f7731193 r/w. Quota mode: none.
         Starting Journal Service...
[[0;32m  OK  [0m] Started Journal Service.
[[0;32m  OK  [0m] Mounted Kernel Debug File System.
[[0;32m  OK  [0m] Mounted Huge Pages File System.
[[0;32m  OK  [0m] Started Remount Root and Kernel File Systems.
[[0;1;31mFAILED[0m] Failed to start Load Kernel Modules.
See 'systemctl status systemd-modules-load.service' for details.
[[0;32m  OK  [0m] Mounted POSIX Message Queue File System.
         Mounting FUSE Control File System...
         Starting Apply Kernel Variables...
         Mounting Kernel Configuration File System...
         Starting Create Static Device Nodes in /dev...
         Starting Load/Save Random Seed...
         Starting Flush Journal to Persistent Storage...
[[0;32m  OK  [0m] Started Setup Virtual Console.
[[0;32m  OK  [0m] Started udev Coldplug all Devices.
[[0;32m  OK  [0m] Mounted FUSE Control File System.
[[0;32m  OK  [0m] Mounted Kernel Configuration File System.
[[0;32m  OK  [0m] Started Load/Save Random Seed.
[[0;32m  OK  [0m] Started Apply Kernel Variables.
         Starting udev Wait for Complete Device Initialization...
[[0;32m  OK  [0m] Started Create Static Device Nodes in /dev.
[[0;32m  OK  [0m] Started Flush Journal to Persistent Storage.
         Starting udev Kernel Device Manager...
[[0;32m  OK  [0m] Started udev Kernel Device Manager.
         Starting Show Plymouth Boot Screen...
[[0;32m  OK  [0m] Started Show Plymouth Boot Screen.
[[0;32m  OK  [0m] Started Forward Password Requests to Plymouth Directory Watch.
[[0;32m  OK  [0m] Reached target Local Encrypted Volumes.
[[0;32m  OK  [0m] Reached target Paths.
[[0;32m  OK  [0m] Found device /dev/ttyS0.
[[0;32m  OK  [0m] Listening on Load/Save RF Kill Switch Status /dev/rfkill Watch.
[[0;32m  OK  [0m] Started Monitoring of LVM2 mirrors,â€¦sing dmeventd or progress polling.
[[0;32m  OK  [0m] Started udev Wait for Complete Device Initialization.
[[0;32m  OK  [0m] Reached target Local File Systems (Pre).
[[0;32m  OK  [0m] Reached target Local File Systems.
         Starting Tell Plymouth To Write Out Runtime Data...
         Starting Create Volatile Files and Directories...
         Starting Restore /run/initramfs on shutdown...
[[0;32m  OK  [0m] Started Tell Plymouth To Write Out Runtime Data.
[[0;32m  OK  [0m] Started Restore /run/initramfs on shutdown.
[[0;32m  OK  [0m] Started Create Volatile Files and Directories.
         Starting RPC Bind...
         Mounting RPC Pipe File System...
         Starting Security Auditing Service...
[[0;32m  OK  [0m] Mounted RPC Pipe File System.
[[0;32m  OK  [0m] Reached target rpc_pipefs.target.
[[0;32m  OK  [0m] Started RPC Bind.
[[0;32m  OK  [0m] Started Security Auditing Service.
         Starting Update UTMP about System Boot/Shutdown...
[[0;32m  OK  [0m] Started Update UTMP about System Boot/Shutdown.
[[0;32m  OK  [0m] Reached target System Initialization.
[[0;32m  OK  [0m] Listening on D-Bus System Message Bus Socket.
[[0;32m  OK  [0m] Started daily update of the root trust anchor for DNSSEC.
[[0;32m  OK  [0m] Started Daily Cleanup of Temporary Directories.
[[0;32m  OK  [0m] Listening on SSSD Kerberos Cache Manager responder socket.
[[0;32m  OK  [0m] Reached target Sockets.
[[0;32m  OK  [0m] Reached target Basic System.
         Starting Auto-connect to subsystemsâ€¦-NVME devices found during boot...
         Starting Self Monitoring and Reporting Technology (SMART) Daemon...
         Starting Authorization Manager...
         Starting Login Service...
[[0;32m  OK  [0m] Started irqbalance daemon.
[[0;32m  OK  [0m] Started D-Bus System Message Bus.
         Starting Network Manager...
         Starting NTP client/server...
[[0;32m  OK  [0m] Started Machine Check Exception Logging Daemon.
[[0;32m  OK  [0m] Started dnf makecache --timer.
[[0;32m  OK  [0m] Reached target Timers.
[[0;32m  OK  [0m] Reached target sshd-keygen.target.
[[0;32m  OK  [0m] Started Self Monitoring and Reporting Technology (SMART) Daemon.
[[0;32m  OK  [0m] Started Auto-connect to subsystems â€¦FC-NVME devices found during boot.
         Starting update of the root trust aâ€¦or DNSSEC validation in unbound...
[[0;32m  OK  [0m] Started Login Service.
[[0;32m  OK  [0m] Started Network Manager.
         Starting Network Manager Wait Online...
[[0;32m  OK  [0m] Reached target Network.
         Starting Dynamic System Tuning Daemon...
         Starting GSSAPI Proxy Daemon...
         Starting OpenSSH server daemon...
[[0;32m  OK  [0m] Started update of the root trust anâ€¦ for DNSSEC validation in unbound.
[[0;32m  OK  [0m] Started NTP client/server.
[[0;32m  OK  [0m] Started Authorization Manager.
         Starting Hostname Service...
[[0;32m  OK  [0m] Started OpenSSH server daemon.
[[0;32m  OK  [0m] Started GSSAPI Proxy Daemon.
[[0;32m  OK  [0m] Reached target NFS client services.
[[0;32m  OK  [0m] Reached target Remote File Systems (Pre).
[[0;32m  OK  [0m] Reached target Remote File Systems.
         Starting Permit User Sessions...
[[0;32m  OK  [0m] Started Permit User Sessions.
         Starting Terminate Plymouth Boot Screen...
         Starting Hold until boot process finishes up...
[[0;32m  OK  [0m] Started Command Scheduler.
[   14.699920] e1000: eth0 NIC Link is Up 1000 Mbps Full Duplex, Flow Control: RX
[   14.702349] IPv6: ADDRCONF(NETDEV_CHANGE): eth0: link becomes ready
[   15.125925] Spectre V2 : WARNING: Unprivileged eBPF is enabled with eIBRS on, data leaks possible via Spectre v2 BHB attacks!
[   15.128331] Spectre V2 : WARNING: Unprivileged eBPF is enabled with eIBRS on, data leaks possible via Spectre v2 BHB attacks!

CentOS Stream 8
Kernel 6.4.0-rc2-f1fcbaa18b28+ on an x86_64

test login: [   29.001543] memfd_create() without MFD_EXEC nor MFD_NOEXEC_SEAL, pid=326 'systemd'
[   33.270302] loop0: detected capacity change from 0 to 65536
[   33.271464] XFS: attr2 mount option is deprecated.
[   33.272193] XFS: ikeep mount option is deprecated.
[   33.275202] XFS (loop0): Deprecated V4 format (crc=0) will not be supported after September 2030.
[   33.276937] XFS (loop0): Mounting V4 Filesystem d28317a9-9e04-4f2a-be27-e55b4c413ff6
[   33.301403] XFS (loop0): Ending clean mount
[   33.303130] XFS (loop0): Quotacheck needed: Please wait.
[   33.308321] BUG: kernel NULL pointer dereference, address: 0000000000000008
[   33.309305] #PF: supervisor read access in kernel mode
[   33.310009] #PF: error_code(0x0000) - not-present page
[   33.310708] PGD 0 P4D 0 
[   33.311075] Oops: 0000 [#1] PREEMPT SMP NOPTI
[   33.311687] CPU: 0 PID: 29 Comm: kworker/u4:1 Not tainted 6.4.0-rc2-f1fcbaa18b28+ #1
[   33.312727] Hardware name: QEMU Standard PC (i440FX + PIIX, 1996), BIOS rel-1.16.0-0-gd239552ce722-prebuilt.qemu.org 04/01/2014
[   33.314263] Workqueue: xfs_iwalk-529 xfs_pwork_work
[   33.314963] RIP: 0010:xfs_extent_free_diff_items+0x27/0x40
[   33.315727] Code: 90 90 90 f3 0f 1e fa 0f 1f 44 00 00 55 48 89 e5 41 54 49 89 f4 53 48 89 d3 e8 c5 73 7d ff 49 8b 44 24 28 48 8b 53 28 5b 41 5c <8b> 40 08 5d 2b 42 08 c3 cc cc cc cc 66 66 2e 0f 1f 84 00 00 00 00
[   33.318219] RSP: 0018:ffffc900000ff8c0 EFLAGS: 00010246
[   33.318937] RAX: 0000000000000000 RBX: ffff888006e67b98 RCX: ffffffff81d71c91
[   33.319911] RDX: 0000000000000000 RSI: ffff888007450000 RDI: 0000000000000002
[   33.320883] RBP: ffffc900000ff8c0 R08: ffffc900000ff8e0 R09: 0000000000000000
[   33.321856] R10: ffff88800e50e870 R11: ffffffff83e426c0 R12: ffff888006e67ce8
[   33.322825] R13: ffff888006e67ea8 R14: ffffffff81b04200 R15: ffffc900000ff908
[   33.323793] FS:  0000000000000000(0000) GS:ffff88807dc00000(0000) knlGS:0000000000000000
[   33.324881] CS:  0010 DS: 0000 ES: 0000 CR0: 0000000080050033
[   33.325667] CR2: 0000000000000008 CR3: 0000000009320006 CR4: 0000000000770ef0
[   33.326634] PKRU: 55555554
[   33.327015] Call Trace:
[   33.327364]  <TASK>
[   33.327675]  list_sort+0xb8/0x3a0
[   33.328170]  xfs_extent_free_create_intent+0xb6/0xc0
[   33.328864]  xfs_defer_create_intents+0xc3/0x220
[   33.329526]  ? write_comp_data+0x2f/0x90
[   33.330092]  xfs_defer_finish_noroll+0x9e/0xbc0
[   33.330730]  ? list_sort+0x344/0x3a0
[   33.331251]  __xfs_trans_commit+0x4be/0x630
[   33.331859]  xfs_trans_commit+0x20/0x30
[   33.332410]  xfs_dquot_disk_alloc+0x45d/0x4e0
[   33.333062]  xfs_qm_dqread+0x2f7/0x310
[   33.333607]  xfs_qm_dqget+0xd5/0x300
[   33.334119]  xfs_qm_quotacheck_dqadjust+0x5a/0x230
[   33.334801]  xfs_qm_dqusage_adjust+0x249/0x300
[   33.335444]  xfs_iwalk_ag_recs+0x1bd/0x2e0
[   33.336035]  xfs_iwalk_run_callbacks+0xc3/0x1c0
[   33.336681]  xfs_iwalk_ag+0x32e/0x3f0
[   33.337220]  xfs_iwalk_ag_work+0xbe/0xf0
[   33.337784]  xfs_pwork_work+0x2c/0xc0
[   33.338304]  process_one_work+0x3b1/0x860
[   33.338892]  worker_thread+0x52/0x660
[   33.339419]  ? __pfx_worker_thread+0x10/0x10
[   33.340024]  kthread+0x16d/0x1c0
[   33.340504]  ? __pfx_kthread+0x10/0x10
[   33.341063]  ret_from_fork+0x29/0x50
[   33.341594]  </TASK>
[   33.341912] Modules linked in:
[   33.342353] CR2: 0000000000000008
[   33.342824] ---[ end trace 0000000000000000 ]---
[   33.343469] RIP: 0010:xfs_extent_free_diff_items+0x27/0x40
[   33.344224] Code: 90 90 90 f3 0f 1e fa 0f 1f 44 00 00 55 48 89 e5 41 54 49 89 f4 53 48 89 d3 e8 c5 73 7d ff 49 8b 44 24 28 48 8b 53 28 5b 41 5c <8b> 40 08 5d 2b 42 08 c3 cc cc cc cc 66 66 2e 0f 1f 84 00 00 00 00
[   33.346726] RSP: 0018:ffffc900000ff8c0 EFLAGS: 00010246
[   33.347448] RAX: 0000000000000000 RBX: ffff888006e67b98 RCX: ffffffff81d71c91
[   33.348424] RDX: 0000000000000000 RSI: ffff888007450000 RDI: 0000000000000002
[   33.349402] RBP: ffffc900000ff8c0 R08: ffffc900000ff8e0 R09: 0000000000000000
[   33.350377] R10: ffff88800e50e870 R11: ffffffff83e426c0 R12: ffff888006e67ce8
[   33.351347] R13: ffff888006e67ea8 R14: ffffffff81b04200 R15: ffffc900000ff908
[   33.352323] FS:  0000000000000000(0000) GS:ffff88807dc00000(0000) knlGS:0000000000000000
[   33.353425] CS:  0010 DS: 0000 ES: 0000 CR0: 0000000080050033
[   33.354216] CR2: 0000000000000008 CR3: 0000000009320006 CR4: 0000000000770ef0
[   33.355192] PKRU: 55555554
[   33.355581] note: kworker/u4:1[29] exited with irqs disabled
