c[?7l[2J[0mSeaBIOS (version rel-1.16.0-0-gd239552ce722-prebuilt.qemu.org)


iPXE (http://ipxe.org) 00:03.0 CA00 PCI2.10 PnP PMM+7FF91000+7FEF1000 CA00
Press Ctrl-B to configure iPXE (PCI 00:03.0)...                                                                               


Booting from ROM...
c[?7l[2J[    0.000000] Linux version 6.3.0-f858e2fd23ac+ (root@p-rpls01) (gcc (GCC) 8.5.0 20210514 (Red Hat 8.5.0-19), GNU ld version 2.36.1-2.el8) #1 SMP PREEMPT_DYNAMIC Sun May 21 06:01:14 CST 2023
[    0.000000] Command line: console=ttyS0 root=/dev/sda earlyprintk=serial net.ifnames=0
[    0.000000] KERNEL supported cpus:
[    0.000000]   Intel GenuineIntel
[    0.000000]   AMD AuthenticAMD
[    0.000000]   Hygon HygonGenuine
[    0.000000]   Centaur CentaurHauls
[    0.000000]   zhaoxin   Shanghai  
[    0.000000] x86/fpu: Supporting XSAVE feature 0x001: 'x87 floating point registers'
[    0.000000] x86/fpu: Supporting XSAVE feature 0x002: 'SSE registers'
[    0.000000] x86/fpu: Supporting XSAVE feature 0x004: 'AVX registers'
[    0.000000] x86/fpu: Supporting XSAVE feature 0x200: 'Protection Keys User registers'
[    0.000000] x86/fpu: xstate_offset[2]:  576, xstate_sizes[2]:  256
[    0.000000] x86/fpu: xstate_offset[9]:  832, xstate_sizes[9]:    8
[    0.000000] x86/fpu: Enabled xstate features 0x207, context size is 840 bytes, using 'compacted' format.
[    0.000000] signal: max sigframe size: 3632
[    0.000000] BIOS-provided physical RAM map:
[    0.000000] BIOS-e820: [mem 0x0000000000000000-0x000000000009fbff] usable
[    0.000000] BIOS-e820: [mem 0x000000000009fc00-0x000000000009ffff] reserved
[    0.000000] BIOS-e820: [mem 0x00000000000f0000-0x00000000000fffff] reserved
[    0.000000] BIOS-e820: [mem 0x0000000000100000-0x000000007ffdffff] usable
[    0.000000] BIOS-e820: [mem 0x000000007ffe0000-0x000000007fffffff] reserved
[    0.000000] BIOS-e820: [mem 0x00000000feffc000-0x00000000feffffff] reserved
[    0.000000] BIOS-e820: [mem 0x00000000fffc0000-0x00000000ffffffff] reserved
[    0.000000] printk: bootconsole [earlyser0] enabled
[    0.000000] NX (Execute Disable) protection: active
[    0.000000] SMBIOS 2.8 present.
[    0.000000] DMI: QEMU Standard PC (i440FX + PIIX, 1996), BIOS rel-1.16.0-0-gd239552ce722-prebuilt.qemu.org 04/01/2014
[    0.000000] Hypervisor detected: KVM
[    0.000000] kvm-clock: Using msrs 4b564d01 and 4b564d00
[    0.000006] kvm-clock: using sched offset of 906852802 cycles
[    0.001448] clocksource: kvm-clock: mask: 0xffffffffffffffff max_cycles: 0x1cd42e4dffb, max_idle_ns: 881590591483 ns
[    0.004000] tsc: Detected 806.400 MHz processor
[    0.004000] last_pfn = 0x7ffe0 max_arch_pfn = 0x400000000
[    0.004000] x86/PAT: Configuration [0-7]: WB  WC  UC- UC  WB  WP  UC- WT  
[    0.004000] found SMP MP-table at [mem 0x000f5ba0-0x000f5baf]
[    0.004000] Using GB pages for direct mapping
[    0.004000] ACPI: Early table checksum verification disabled
[    0.004000] ACPI: RSDP 0x00000000000F59C0 000014 (v00 BOCHS )
[    0.004000] ACPI: RSDT 0x000000007FFE1951 000034 (v01 BOCHS  BXPC     00000001 BXPC 00000001)
[    0.004000] ACPI: FACP 0x000000007FFE17FD 000074 (v01 BOCHS  BXPC     00000001 BXPC 00000001)
[    0.004000] ACPI: DSDT 0x000000007FFE0040 0017BD (v01 BOCHS  BXPC     00000001 BXPC 00000001)
[    0.004000] ACPI: FACS 0x000000007FFE0000 000040
[    0.004000] ACPI: APIC 0x000000007FFE1871 000080 (v01 BOCHS  BXPC     00000001 BXPC 00000001)
[    0.004000] ACPI: HPET 0x000000007FFE18F1 000038 (v01 BOCHS  BXPC     00000001 BXPC 00000001)
[    0.004000] ACPI: WAET 0x000000007FFE1929 000028 (v01 BOCHS  BXPC     00000001 BXPC 00000001)
[    0.004000] ACPI: Reserving FACP table memory at [mem 0x7ffe17fd-0x7ffe1870]
[    0.004000] ACPI: Reserving DSDT table memory at [mem 0x7ffe0040-0x7ffe17fc]
[    0.004000] ACPI: Reserving FACS table memory at [mem 0x7ffe0000-0x7ffe003f]
[    0.004000] ACPI: Reserving APIC table memory at [mem 0x7ffe1871-0x7ffe18f0]
[    0.004000] ACPI: Reserving HPET table memory at [mem 0x7ffe18f1-0x7ffe1928]
[    0.004000] ACPI: Reserving WAET table memory at [mem 0x7ffe1929-0x7ffe1950]
[    0.004000] No NUMA configuration found
[    0.004000] Faking a node at [mem 0x0000000000000000-0x000000007ffdffff]
[    0.004000] NODE_DATA(0) allocated [mem 0x7ffb5000-0x7ffdffff]
[    0.004000] Zone ranges:
[    0.004000]   DMA      [mem 0x0000000000001000-0x0000000000ffffff]
[    0.004000]   DMA32    [mem 0x0000000001000000-0x000000007ffdffff]
[    0.004000]   Normal   empty
[    0.004000]   Device   empty
[    0.004000] Movable zone start for each node
[    0.004000] Early memory node ranges
[    0.004000]   node   0: [mem 0x0000000000001000-0x000000000009efff]
[    0.004000]   node   0: [mem 0x0000000000100000-0x000000007ffdffff]
[    0.004000] Initmem setup node 0 [mem 0x0000000000001000-0x000000007ffdffff]
[    0.004000] On node 0, zone DMA: 1 pages in unavailable ranges
[    0.004000] On node 0, zone DMA: 97 pages in unavailable ranges
[    0.004000] On node 0, zone DMA32: 32 pages in unavailable ranges
[    0.004000] ACPI: PM-Timer IO Port: 0x608
[    0.004000] ACPI: LAPIC_NMI (acpi_id[0xff] dfl dfl lint[0x1])
[    0.004000] IOAPIC[0]: apic_id 0, version 17, address 0xfec00000, GSI 0-23
[    0.004000] ACPI: INT_SRC_OVR (bus 0 bus_irq 0 global_irq 2 dfl dfl)
[    0.004000] ACPI: INT_SRC_OVR (bus 0 bus_irq 5 global_irq 5 high level)
[    0.004000] ACPI: INT_SRC_OVR (bus 0 bus_irq 9 global_irq 9 high level)
[    0.004000] ACPI: INT_SRC_OVR (bus 0 bus_irq 10 global_irq 10 high level)
[    0.004000] ACPI: INT_SRC_OVR (bus 0 bus_irq 11 global_irq 11 high level)
[    0.004000] ACPI: Using ACPI (MADT) for SMP configuration information
[    0.004000] ACPI: HPET id: 0x8086a201 base: 0xfed00000
[    0.004000] TSC deadline timer available
[    0.004000] smpboot: Allowing 2 CPUs, 0 hotplug CPUs
[    0.004000] kvm-guest: KVM setup pv remote TLB flush
[    0.004000] kvm-guest: setup PV sched yield
[    0.004000] PM: hibernation: Registered nosave memory: [mem 0x00000000-0x00000fff]
[    0.004000] PM: hibernation: Registered nosave memory: [mem 0x0009f000-0x0009ffff]
[    0.004000] PM: hibernation: Registered nosave memory: [mem 0x000a0000-0x000effff]
[    0.004000] PM: hibernation: Registered nosave memory: [mem 0x000f0000-0x000fffff]
[    0.004000] [mem 0x80000000-0xfeffbfff] available for PCI devices
[    0.004000] Booting paravirtualized kernel on KVM
[    0.004000] clocksource: refined-jiffies: mask: 0xffffffff max_cycles: 0xffffffff, max_idle_ns: 7645519600211568 ns
[    0.004000] setup_percpu: NR_CPUS:8192 nr_cpumask_bits:2 nr_cpu_ids:2 nr_node_ids:1
[    0.004000] percpu: Embedded 65 pages/cpu s229376 r8192 d28672 u1048576
[    0.004000] kvm-guest: PV spinlocks enabled
[    0.004000] PV qspinlock hash table entries: 256 (order: 0, 4096 bytes, linear)
[    0.004000] Fallback order for Node 0: 0 
[    0.004000] Built 1 zonelists, mobility grouping on.  Total pages: 515808
[    0.004000] Policy zone: DMA32
[    0.004000] Kernel command line: net.ifnames=0 console=ttyS0 root=/dev/sda earlyprintk=serial net.ifnames=0
[    0.004000] random: crng init done
[    0.004000] Dentry cache hash table entries: 262144 (order: 9, 2097152 bytes, linear)
[    0.004000] Inode-cache hash table entries: 131072 (order: 8, 1048576 bytes, linear)
[    0.004000] mem auto-init: stack:off, heap alloc:off, heap free:off
[    0.004000] Memory: 1966944K/2096632K available (34816K kernel code, 4560K rwdata, 9808K rodata, 10396K init, 31876K bss, 129432K reserved, 0K cma-reserved)
[    0.004000] SLUB: HWalign=64, Order=0-3, MinObjects=0, CPUs=2, Nodes=1
[    0.004000] kmemleak: Kernel memory leak detector disabled
[    0.004000] ftrace: allocating 68856 entries in 269 pages
[    0.004000] ftrace: allocated 269 pages with 4 groups
[    0.004000] Dynamic Preempt: voluntary
[    0.004000] Running RCU self tests
[    0.004000] Running RCU synchronous self tests
[    0.004000] rcu: Preemptible hierarchical RCU implementation.
[    0.004000] rcu: 	RCU lockdep checking is enabled.
[    0.004000] rcu: 	RCU restricting CPUs from NR_CPUS=8192 to nr_cpu_ids=2.
[    0.004000] 	Trampoline variant of Tasks RCU enabled.
[    0.004000] 	Rude variant of Tasks RCU enabled.
[    0.004000] 	Tracing variant of Tasks RCU enabled.
[    0.004000] rcu: RCU calculated value of scheduler-enlistment delay is 25 jiffies.
[    0.004000] rcu: Adjusting geometry for rcu_fanout_leaf=16, nr_cpu_ids=2
[    0.004000] Running RCU synchronous self tests
[    0.004000] NR_IRQS: 524544, nr_irqs: 440, preallocated irqs: 16
[    0.004000] rcu: srcu_init: Setting srcu_struct sizes based on contention.
[    0.004000] Console: colour VGA+ 80x25
[    0.004000] printk: console [ttyS0] enabled
[    0.004000] printk: console [ttyS0] enabled
[    0.004000] printk: bootconsole [earlyser0] disabled
[    0.004000] printk: bootconsole [earlyser0] disabled
[    0.004000] Lock dependency validator: Copyright (c) 2006 Red Hat, Inc., Ingo Molnar
[    0.004000] ... MAX_LOCKDEP_SUBCLASSES:  8
[    0.004000] ... MAX_LOCK_DEPTH:          48
[    0.004000] ... MAX_LOCKDEP_KEYS:        8192
[    0.004000] ... CLASSHASH_SIZE:          4096
[    0.004000] ... MAX_LOCKDEP_ENTRIES:     32768
[    0.004000] ... MAX_LOCKDEP_CHAINS:      65536
[    0.004000] ... CHAINHASH_SIZE:          32768
[    0.004000]  memory used by lock dependency info: 6365 kB
[    0.004000]  memory used for stack traces: 4224 kB
[    0.004000]  per task-struct memory footprint: 1920 bytes
[    0.004000] ACPI: Core revision 20230331
[    0.004000] clocksource: hpet: mask: 0xffffffff max_cycles: 0xffffffff, max_idle_ns: 19112604467 ns
[    0.004000] APIC: Switch to symmetric I/O mode setup
[    0.004000] x2apic enabled
[    0.004000] Switched APIC routing to physical x2apic.
[    0.004000] kvm-guest: setup PV IPIs
[    0.004000] ..TIMER: vector=0x30 apic1=0 pin1=2 apic2=-1 pin2=-1
[    0.004000] clocksource: tsc-early: mask: 0xffffffffffffffff max_cycles: 0xb9fb05486c, max_idle_ns: 440795231721 ns
[    0.574131] Calibrating delay loop (skipped) preset value.. 1612.80 BogoMIPS (lpj=3225600)
[    0.578111] pid_max: default: 32768 minimum: 301
[    0.579571] LSM: initializing lsm=capability,yama,integrity
[    0.582103] Yama: becoming mindful.
[    0.583529] Mount-cache hash table entries: 4096 (order: 3, 32768 bytes, linear)
[    0.586165] Mountpoint-cache hash table entries: 4096 (order: 3, 32768 bytes, linear)
[    0.591535] CPU0: Thermal monitoring enabled (TM1)
[    0.594253] x86/cpu: User Mode Instruction Prevention (UMIP) activated
[    0.600118] Last level iTLB entries: 4KB 0, 2MB 0, 4MB 0
[    0.602158] Last level dTLB entries: 4KB 0, 2MB 0, 4MB 0, 1GB 0
[    0.603992] Spectre V1 : Mitigation: usercopy/swapgs barriers and __user pointer sanitization
[    0.606117] Spectre V2 : WARNING: Unprivileged eBPF is enabled with eIBRS on, data leaks possible via Spectre v2 BHB attacks!
[    0.610110] Spectre V2 : Mitigation: Enhanced / Automatic IBRS
[    0.611727] Spectre V2 : Spectre v2 / SpectreRSB mitigation: Filling RSB on context switch
[    0.614100] Spectre V2 : Spectre v2 / PBRSB-eIBRS: Retire a single CALL on VMEXIT
[    0.616175] Spectre V2 : mitigation: Enabling conditional Indirect Branch Prediction Barrier
[    0.618101] Speculative Store Bypass: Mitigation: Speculative Store Bypass disabled via prctl
[    0.620447] MMIO Stale Data: Unknown: No mitigations
[    0.808617] Freeing SMP alternatives memory: 56K
[    0.810064] Running RCU synchronous self tests
[    0.811350] Running RCU synchronous self tests
[    0.813974] smpboot: CPU0: Genuine Intel(R) 0000 (family: 0x6, model: 0xb7, stepping: 0x0)
[    0.814097] cblist_init_generic: Setting adjustable number of callback queues.
[    0.814112] cblist_init_generic: Setting shift to 1 and lim to 1.
[    0.815912] cblist_init_generic: Setting shift to 1 and lim to 1.
[    0.817756] cblist_init_generic: Setting shift to 1 and lim to 1.
[    0.818210] Running RCU-tasks wait API self tests
[    0.922496] Performance Events: Alderlake Hybrid events, full-width counters, Intel PMU driver.
[    0.926629] core: cpu_core PMU driver: 
[    0.927869] ... version:                2
[    0.929133] ... bit width:              48
[    0.930122] ... generic registers:      6
[    0.931376] ... value mask:             0000ffffffffffff
[    0.933025] ... max period:             00007fffffffffff
[    0.934142] ... fixed-purpose events:   3
[    0.935040] ... event mask:             0001000f0000003f
[    0.936256] Callback from call_rcu_tasks_trace() invoked.
[    0.938431] rcu: Hierarchical SRCU implementation.
[    0.939744] rcu: 	Max phase no-delay instances is 1000.
[    0.944757] unchecked MSR access error: WRMSR to 0x38f (tried to write 0x0001000f0000003f) at rIP: 0xffffffff810dcc2c (native_write_msr+0xc/0x30)
[    0.946097] Call Trace:
[    0.946097]  <TASK>
[    0.946097]  __intel_pmu_enable_all.constprop.49+0xb5/0x140
[    0.946097]  intel_pmu_enable_all+0x1e/0x30
[    0.946097]  x86_pmu_enable+0x46d/0x5a0
[    0.946097]  ? write_comp_data+0x2f/0x90
[    0.946097]  perf_pmu_enable+0x53/0x70
[    0.946097]  ctx_resched+0x14d/0x1e0
[    0.946097]  __perf_install_in_context+0x2f7/0x470
[    0.946097]  ? __pfx_remote_function+0x10/0x10
[    0.946097]  ? __pfx_remote_function+0x10/0x10
[    0.946097]  remote_function+0x80/0xa0
[    0.946097]  ? __pfx_remote_function+0x10/0x10
[    0.946097]  generic_exec_single+0x124/0x190
[    0.946097]  smp_call_function_single+0x11c/0x240
[    0.946097]  ? __pfx_remote_function+0x10/0x10
[    0.946097]  ? __sanitizer_cov_trace_pc+0x25/0x60
[    0.946097]  ? write_comp_data+0x2f/0x90
[    0.946097]  perf_install_in_context+0x2d8/0x300
[    0.946097]  ? __pfx___perf_install_in_context+0x10/0x10
[    0.946097]  perf_event_create_kernel_counter+0x284/0x2b0
[    0.946097]  ? __pfx_watchdog_overflow_callback+0x10/0x10
[    0.946097]  hardlockup_detector_event_create+0x46/0xd0
[    0.946097]  hardlockup_detector_perf_init+0x18/0x80
[    0.946097]  watchdog_nmi_probe+0x17/0x20
[    0.946097]  lockup_detector_init+0x40/0xb0
[    0.946097]  kernel_init_freeable+0x37e/0x760
[    0.946097]  ? __pfx_kernel_init+0x10/0x10
[    0.946097]  kernel_init+0x24/0x1e0
[    0.946097]  ? __pfx_kernel_init+0x10/0x10
[    0.946097]  ret_from_fork+0x29/0x50
[    0.946097]  </TASK>
[    0.946583] smp: Bringing up secondary CPUs ...
[    0.948798] x86: Booting SMP configuration:
[    0.949996] .... node  #0, CPUs:      #1
[    0.950951] smp: Brought up 1 node, 2 CPUs
[    0.954131] smpboot: Max logical packages: 1
[    0.955314] smpboot: Total of 2 processors activated (3225.60 BogoMIPS)
[    0.971115] devtmpfs: initialized
[    0.971592] x86/mm: Memory block size: 128MB
[    0.978832] Running RCU synchronous self tests
[    0.980159] Running RCU synchronous self tests
[    0.981479] clocksource: jiffies: mask: 0xffffffff max_cycles: 0xffffffff, max_idle_ns: 7645041785100000 ns
[    0.982131] futex hash table entries: 512 (order: 4, 65536 bytes, linear)
[    0.984532] pinctrl core: initialized pinctrl subsystem
[    0.986529] 
[    0.986986] *************************************************************
[    0.988849] **     NOTICE NOTICE NOTICE NOTICE NOTICE NOTICE NOTICE    **
[    0.990109] **                                                         **
[    0.991928] **  IOMMU DebugFS SUPPORT HAS BEEN ENABLED IN THIS KERNEL  **
[    0.993771] **                                                         **
[    0.994108] ** This means that this kernel is built to expose internal **
[    0.995930] ** IOMMU data structures, which may compromise security on **
[    0.997758] ** your system.                                            **
[    0.998109] **                                                         **
[    0.999967] ** If you see this message and you are not debugging the   **
[    1.001822] ** kernel, report this immediately to your vendor!         **
[    1.002107] **                                                         **
[    1.003927] **     NOTICE NOTICE NOTICE NOTICE NOTICE NOTICE NOTICE    **
[    1.005782] *************************************************************
[    1.006320] PM: RTC time: 22:02:08, date: 2023-05-20
[    1.015001] NET: Registered PF_NETLINK/PF_ROUTE protocol family
[    1.017577] DMA: preallocated 256 KiB GFP_KERNEL pool for atomic allocations
[    1.018157] DMA: preallocated 256 KiB GFP_KERNEL|GFP_DMA pool for atomic allocations
[    1.020289] DMA: preallocated 256 KiB GFP_KERNEL|GFP_DMA32 pool for atomic allocations
[    1.022192] audit: initializing netlink subsys (disabled)
[    1.023711] audit: type=2000 audit(1684620129.276:1): state=initialized audit_enabled=0 res=1
[    1.023711] thermal_sys: Registered thermal governor 'fair_share'
[    1.026138] thermal_sys: Registered thermal governor 'bang_bang'
[    1.028146] thermal_sys: Registered thermal governor 'step_wise'
[    1.029870] thermal_sys: Registered thermal governor 'user_space'
[    1.029855] Callback from call_rcu_tasks_rude() invoked.
[    1.033293] cpuidle: using governor ladder
[    1.034148] cpuidle: using governor menu
[    1.036018] acpiphp: ACPI Hot Plug PCI Controller Driver version: 0.5
[    1.038712] PCI: Using configuration type 1 for base access
[    1.041529] kprobes: kprobe jump-optimization is enabled. All kprobes are optimized if possible.
[    1.331504] Callback from call_rcu_tasks() invoked.
[    1.342275] HugeTLB: registered 1.00 GiB page size, pre-allocated 0 pages
[    1.344204] HugeTLB: 16380 KiB vmemmap can be freed for a 1.00 GiB page
[    1.345970] HugeTLB: registered 2.00 MiB page size, pre-allocated 0 pages
[    1.350114] HugeTLB: 28 KiB vmemmap can be freed for a 2.00 MiB page
[    1.375048] ACPI: Added _OSI(Module Device)
[    1.376254] ACPI: Added _OSI(Processor Device)
[    1.377438] ACPI: Added _OSI(3.0 _SCP Extensions)
[    1.378115] ACPI: Added _OSI(Processor Aggregator Device)
[    1.385741] ACPI: 1 ACPI AML tables successfully acquired and loaded
[    4.488831] ACPI: Interpreter enabled
[    4.490306] ACPI: PM: (supports S0 S3 S4 S5)
[    4.491509] ACPI: Using IOAPIC for interrupt routing
[    4.492981] PCI: Using host bridge windows from ACPI; if necessary, use "pci=nocrs" and report a bug
[    4.494108] PCI: Using E820 reservations for host bridge windows
[    4.496645] ACPI: Enabled 2 GPEs in block 00 to 0F
[    4.517229] ACPI: PCI Root Bridge [PCI0] (domain 0000 [bus 00-ff])
[    4.518140] acpi PNP0A03:00: _OSC: OS supports [ASPM ClockPM Segments MSI EDR HPX-Type3]
[    4.520357] acpi PNP0A03:00: _OSC: not requesting OS control; OS requires [ExtendedConfig ASPM ClockPM MSI]
[    4.526232] acpi PNP0A03:00: fail to add MMCONFIG information, can't access extended configuration space under this bridge
[    4.532038] acpiphp: Slot [3] registered
[    4.533229] acpiphp: Slot [4] registered
[    4.534190] acpiphp: Slot [5] registered
[    4.535408] acpiphp: Slot [6] registered
[    4.536607] acpiphp: Slot [7] registered
[    4.537805] acpiphp: Slot [8] registered
[    4.538194] acpiphp: Slot [9] registered
[    4.539395] acpiphp: Slot [10] registered
[    4.540623] acpiphp: Slot [11] registered
[    4.541867] acpiphp: Slot [12] registered
[    4.542193] acpiphp: Slot [13] registered
[    4.543417] acpiphp: Slot [14] registered
[    4.544654] acpiphp: Slot [15] registered
[    4.545877] acpiphp: Slot [16] registered
[    4.546194] acpiphp: Slot [17] registered
[    4.547442] acpiphp: Slot [18] registered
[    4.548659] acpiphp: Slot [19] registered
[    4.549879] acpiphp: Slot [20] registered
[    4.554194] acpiphp: Slot [21] registered
[    4.555438] acpiphp: Slot [22] registered
[    4.556659] acpiphp: Slot [23] registered
[    4.557900] acpiphp: Slot [24] registered
[    4.558193] acpiphp: Slot [25] registered
[    4.559411] acpiphp: Slot [26] registered
[    4.560633] acpiphp: Slot [27] registered
[    4.561872] acpiphp: Slot [28] registered
[    4.562193] acpiphp: Slot [29] registered
[    4.563431] acpiphp: Slot [30] registered
[    4.564663] acpiphp: Slot [31] registered
[    4.565837] PCI host bridge to bus 0000:00
[    4.566113] pci_bus 0000:00: root bus resource [io  0x0000-0x0cf7 window]
[    4.568025] pci_bus 0000:00: root bus resource [io  0x0d00-0xffff window]
[    4.569925] pci_bus 0000:00: root bus resource [mem 0x000a0000-0x000bffff window]
[    4.574120] pci_bus 0000:00: root bus resource [mem 0x80000000-0xfebfffff window]
[    4.576210] pci_bus 0000:00: root bus resource [mem 0x100000000-0x17fffffff window]
[    4.578112] pci_bus 0000:00: root bus resource [bus 00-ff]
[    4.579844] pci 0000:00:00.0: [8086:1237] type 00 class 0x060000
[    4.585720] pci 0000:00:01.0: [8086:7000] type 00 class 0x060100
[    4.587759] pci 0000:00:01.1: [8086:7010] type 00 class 0x010180
[    4.592197] pci 0000:00:01.1: reg 0x20: [io  0xc040-0xc04f]
[    4.594677] pci 0000:00:01.1: legacy IDE quirk: reg 0x10: [io  0x01f0-0x01f7]
[    4.596670] pci 0000:00:01.1: legacy IDE quirk: reg 0x14: [io  0x03f6]
[    4.598110] pci 0000:00:01.1: legacy IDE quirk: reg 0x18: [io  0x0170-0x0177]
[    4.600525] pci 0000:00:01.1: legacy IDE quirk: reg 0x1c: [io  0x0376]
[    4.602743] pci 0000:00:01.3: [8086:7113] type 00 class 0x068000
[    4.605522] pci 0000:00:01.3: quirk: [io  0x0600-0x063f] claimed by PIIX4 ACPI
[    4.610133] pci 0000:00:01.3: quirk: [io  0x0700-0x070f] claimed by PIIX4 SMB
[    4.612788] pci 0000:00:02.0: [1234:1111] type 00 class 0x030000
[    4.619196] pci 0000:00:02.0: reg 0x10: [mem 0xfd000000-0xfdffffff pref]
[    4.625337] pci 0000:00:02.0: reg 0x18: [mem 0xfebf0000-0xfebf0fff]
[    4.634097] pci 0000:00:02.0: reg 0x30: [mem 0xfebe0000-0xfebeffff pref]
[    4.636879] pci 0000:00:02.0: Video device with shadowed ROM at [mem 0x000c0000-0x000dffff]
[    4.643731] pci 0000:00:03.0: [8086:100e] type 00 class 0x020000
[    4.646076] pci 0000:00:03.0: reg 0x10: [mem 0xfebc0000-0xfebdffff]
[    4.646644] pci 0000:00:03.0: reg 0x14: [io  0xc000-0xc03f]
[    4.652547] pci 0000:00:03.0: reg 0x30: [mem 0xfeb80000-0xfebbffff pref]
[    4.704845] ACPI: PCI: Interrupt link LNKA configured for IRQ 10
[    4.706587] ACPI: PCI: Interrupt link LNKB configured for IRQ 10
[    4.708654] ACPI: PCI: Interrupt link LNKC configured for IRQ 11
[    4.710557] ACPI: PCI: Interrupt link LNKD configured for IRQ 11
[    4.712467] ACPI: PCI: Interrupt link LNKS configured for IRQ 9
[    4.718887] iommu: Default domain type: Translated 
[    4.722118] iommu: DMA domain TLB invalidation policy: lazy mode 
[    4.726352] SCSI subsystem initialized
[    4.727491] ACPI: bus type USB registered
[    4.727491] usbcore: registered new interface driver usbfs
[    4.727969] usbcore: registered new interface driver hub
[    4.729428] usbcore: registered new device driver usb
[    4.730352] pps_core: LinuxPPS API ver. 1 registered
[    4.731643] pps_core: Software ver. 5.3.6 - Copyright 2005-2007 Rodolfo Giometti <giometti@linux.it>
[    4.734021] PTP clock support registered
[    4.738302] EDAC MC: Ver: 3.0.0
[    4.744862] NetLabel: Initializing
[    4.745830] NetLabel:  domain hash size = 128
[    4.746112] NetLabel:  protocols = UNLABELED CIPSOv4 CALIPSO
[    4.747789] NetLabel:  unlabeled traffic allowed by default
[    4.750378] PCI: Using ACPI for IRQ routing
[    4.752161] pci 0000:00:02.0: vgaarb: setting as boot VGA device
[    4.752161] pci 0000:00:02.0: vgaarb: bridge control possible
[    4.753468] pci 0000:00:02.0: vgaarb: VGA device added: decodes=io+mem,owns=io+mem,locks=none
[    4.754114] vgaarb: loaded
[    4.755736] hpet0: at MMIO 0xfed00000, IRQs 2, 8, 0
[    4.757141] hpet0: 3 comparators, 64-bit 100.000000 MHz counter
[    4.766121] clocksource: Switched to clocksource kvm-clock
[    4.948799] VFS: Disk quotas dquot_6.6.0
[    4.950317] VFS: Dquot-cache hash table entries: 512 (order 0, 4096 bytes)
[    4.953313] pnp: PnP ACPI init
[    4.957513] pnp: PnP ACPI: found 6 devices
[    4.984691] clocksource: acpi_pm: mask: 0xffffff max_cycles: 0xffffff, max_idle_ns: 2085701024 ns
[    4.987790] NET: Registered PF_INET protocol family
[    4.989964] IP idents hash table entries: 32768 (order: 6, 262144 bytes, linear)
[    4.993799] tcp_listen_portaddr_hash hash table entries: 1024 (order: 4, 73728 bytes, linear)
[    4.996421] Table-perturb hash table entries: 65536 (order: 6, 262144 bytes, linear)
[    4.998766] TCP established hash table entries: 16384 (order: 5, 131072 bytes, linear)
[    5.001498] TCP bind hash table entries: 16384 (order: 9, 2359296 bytes, linear)
[    5.011202] TCP: Hash tables configured (established 16384 bind 16384)
[    5.013730] UDP hash table entries: 1024 (order: 5, 163840 bytes, linear)
[    5.016118] UDP-Lite hash table entries: 1024 (order: 5, 163840 bytes, linear)
[    5.018871] NET: Registered PF_UNIX/PF_LOCAL protocol family
[    5.022431] RPC: Registered named UNIX socket transport module.
[    5.023813] RPC: Registered udp transport module.
[    5.024865] RPC: Registered tcp transport module.
[    5.025898] RPC: Registered tcp NFSv4.1 backchannel transport module.
[    5.027392] pci_bus 0000:00: resource 4 [io  0x0000-0x0cf7 window]
[    5.028770] pci_bus 0000:00: resource 5 [io  0x0d00-0xffff window]
[    5.030148] pci_bus 0000:00: resource 6 [mem 0x000a0000-0x000bffff window]
[    5.031656] pci_bus 0000:00: resource 7 [mem 0x80000000-0xfebfffff window]
[    5.033172] pci_bus 0000:00: resource 8 [mem 0x100000000-0x17fffffff window]
[    5.035195] pci 0000:00:01.0: PIIX3: Enabling Passive Release
[    5.036495] pci 0000:00:00.0: Limiting direct PCI/PCI transfers
[    5.038019] PCI: CLS 0 bytes, default 64
[    5.039611] ACPI: bus type thunderbolt registered
[    5.041298] clocksource: tsc: mask: 0xffffffffffffffff max_cycles: 0xb9fb05486c, max_idle_ns: 440795231721 ns
[    5.051955] Initialise system trusted keyrings
[    5.053514] Key type blacklist registered
[    5.055469] workingset: timestamp_bits=36 max_order=19 bucket_order=0
[    5.057501] zbud: loaded
[    5.059741] squashfs: version 4.0 (2009/01/31) Phillip Lougher
[    5.063672] NFS: Registering the id_resolver key type
[    5.065230] Key type id_resolver registered
[    5.066482] Key type id_legacy registered
[    5.067680] nfs4filelayout_init: NFSv4 File Layout Driver Registering...
[    5.069652] nfs4flexfilelayout_init: NFSv4 Flexfile Layout Driver Registering...
[    5.072116] fuse: init (API version 7.38)
[    5.073938] SGI XFS with ACLs, security attributes, realtime, quota, no debug enabled
[    5.077335] 9p: Installing v9fs 9p2000 file system support
[    5.087824] Key type asymmetric registered
[    5.089042] Asymmetric key parser 'x509' registered
[    5.090650] Block layer SCSI generic (bsg) driver version 0.4 loaded (major 243)
[    5.093379] io scheduler mq-deadline registered
[    5.094856] io scheduler bfq registered
[    5.096785] shpchp: Standard Hot Plug PCI Controller Driver version: 0.4
[    5.099395] IPMI message handler: version 39.2
[    5.100780] ipmi device interface
[    5.104080] input: Power Button as /devices/LNXSYSTM:00/LNXPWRBN:00/input/input0
[    5.106582] ACPI: button: Power Button [PWRF]
[    5.109448] ERST DBG: ERST support is disabled.
[    5.111924] Serial: 8250/16550 driver, 32 ports, IRQ sharing enabled
[    5.115503] 00:04: ttyS0 at I/O 0x3f8 (irq = 4, base_baud = 115200) is a 16550A
[    5.130352] Linux agpgart interface v0.103
[    5.132853] ACPI: bus type drm_connector registered
[    5.152617] brd: module loaded
[    5.165290] loop: module loaded
[    5.173555] scsi host0: ata_piix
[    5.175442] scsi host1: ata_piix
[    5.176605] ata1: PATA max MWDMA2 cmd 0x1f0 ctl 0x3f6 bmdma 0xc040 irq 14
[    5.178542] ata2: PATA max MWDMA2 cmd 0x170 ctl 0x376 bmdma 0xc048 irq 15
[    5.183104] tun: Universal TUN/TAP device driver, 1.6
[    5.184836] e100: Intel(R) PRO/100 Network Driver
[    5.186202] e100: Copyright(c) 1999-2006 Intel Corporation
[    5.187810] e1000: Intel(R) PRO/1000 Network Driver
[    5.189201] e1000: Copyright (c) 1999-2006 Intel Corporation.
[    5.338540] ata1: found unknown device (class 0)
[    5.340685] ata1.00: ATA-7: QEMU HARDDISK, 2.5+, max UDMA/100
[    5.341958] ata1.00: 16777216 sectors, multi 16: LBA48 
[    5.343692] ata2: found unknown device (class 0)
[    5.345460] ata2.00: ATAPI: QEMU DVD-ROM, 2.5+, max UDMA/100
[    5.348419] scsi 0:0:0:0: Direct-Access     ATA      QEMU HARDDISK    2.5+ PQ: 0 ANSI: 5
[    5.353519] scsi 0:0:0:0: Attached scsi generic sg0 type 0
[    5.356231] scsi 1:0:0:0: CD-ROM            QEMU     QEMU DVD-ROM     2.5+ PQ: 0 ANSI: 5
[    5.359854] sd 0:0:0:0: [sda] 16777216 512-byte logical blocks: (8.59 GB/8.00 GiB)
[    5.362486] sd 0:0:0:0: [sda] Write Protect is off
[    5.364275] sd 0:0:0:0: [sda] Write cache: enabled, read cache: enabled, doesn't support DPO or FUA
[    5.367025] sd 0:0:0:0: [sda] Preferred minimum I/O size 512 bytes
[    5.383520] scsi 1:0:0:0: Attached scsi generic sg1 type 5
[    5.394310] sd 0:0:0:0: [sda] Attached SCSI disk
[    5.400641] ACPI: \_SB_.LNKC: Enabled at IRQ 11
[    5.808451] e1000 0000:00:03.0 eth0: (PCI:33MHz:32-bit) 52:54:00:12:34:56
[    5.810465] e1000 0000:00:03.0 eth0: Intel(R) PRO/1000 Network Connection
[    5.812497] e1000e: Intel(R) PRO/1000 Network Driver
[    5.813877] e1000e: Copyright(c) 1999 - 2015 Intel Corporation.
[    5.815581] igb: Intel(R) Gigabit Ethernet Network Driver
[    5.817066] igb: Copyright (c) 2007-2014 Intel Corporation.
[    5.818754] PPP generic driver version 2.4.2
[    5.821288] VFIO - User Level meta-driver version: 0.3
[    5.823960] usbcore: registered new interface driver uas
[    5.825550] usbcore: registered new interface driver usb-storage
[    5.827559] i8042: PNP: PS/2 Controller [PNP0303:KBD,PNP0f13:MOU] at 0x60,0x64 irq 1,12
[    5.831851] serio: i8042 KBD port at 0x60,0x64 irq 1
[    5.833355] serio: i8042 AUX port at 0x60,0x64 irq 12
[    5.836276] mousedev: PS/2 mouse device common for all mice
[    5.839333] rtc_cmos 00:05: RTC can wake from S4
[    5.842213] input: AT Translated Set 2 keyboard as /devices/platform/i8042/serio0/input/input1
[    5.843772] rtc_cmos 00:05: registered as rtc0
[    5.846543] rtc_cmos 00:05: setting system clock to 2023-05-20T22:02:13 UTC (1684620133)
[    5.846896] input: VirtualPS/2 VMware VMMouse as /devices/platform/i8042/serio1/input/input4
[    5.851484] rtc_cmos 00:05: alarms up to one day, y3k, 242 bytes nvram, hpet irqs
[    5.852160] input: VirtualPS/2 VMware VMMouse as /devices/platform/i8042/serio1/input/input3
[    5.853641] i2c_dev: i2c /dev entries driver
[    5.857439] device-mapper: core: CONFIG_IMA_DISABLE_HTABLE is disabled. Duplicate IMA measurements will not be recorded in the IMA log.
[    5.860829] device-mapper: uevent: version 1.0.3
[    5.862409] device-mapper: ioctl: 4.48.0-ioctl (2023-03-01) initialised: dm-devel@redhat.com
[    5.864735] intel_pstate: CPU model not supported
[    5.866180] sdhci: Secure Digital Host Controller Interface driver
[    5.867862] sdhci: Copyright(c) Pierre Ossman
[    5.869160] sdhci-pltfm: SDHCI platform and OF driver helper
[    5.870888] ledtrig-cpu: registered to indicate activity on CPUs
[    5.873117] drop_monitor: Initializing network drop monitor service
[    5.875242] NET: Registered PF_INET6 protocol family
[    5.881901] Segment Routing with IPv6
[    5.883057] In-situ OAM (IOAM) with IPv6
[    5.884262] NET: Registered PF_PACKET protocol family
[    5.885893] 9pnet: Installing 9P2000 support
[    5.887206] Key type dns_resolver registered
[    5.889744] IPI shorthand broadcast: enabled
[    5.906696] sched_clock: Marking stable (5348005476, 558097065)->(5989762037, -83659496)
[    5.909887] registered taskstats version 1
[    5.911523] Loading compiled-in X.509 certificates
[    5.913123] zswap: loaded using pool lzo/zbud
[    5.933246] Key type .fscrypt registered
[    5.934446] Key type fscrypt-provisioning registered
[    5.938297] Key type encrypted registered
[    5.939545] ima: No TPM chip found, activating TPM-bypass!
[    5.941112] ima: Allocated hash algorithm: sha1
[    5.942518] ima: No architecture policies found
[    5.943937] evm: Initialising EVM extended attributes:
[    5.945382] evm: security.selinux
[    5.946361] evm: security.SMACK64
[    5.947303] evm: security.SMACK64EXEC
[    5.948334] evm: security.SMACK64TRANSMUTE
[    5.949489] evm: security.SMACK64MMAP
[    5.950563] evm: security.apparmor
[    5.951523] evm: security.ima
[    5.952366] evm: security.capability
[    5.953380] evm: HMAC attrs: 0x1
[    5.956687] PM:   Magic number: 7:792:47
[    5.958737] RAS: Correctable Errors collector initialized.
[    5.962686] md: Waiting for all devices to be available before autodetect
[    5.963953] md: If you don't use raid, use raid=noautodetect
[    5.965036] md: Autodetecting RAID arrays.
[    5.965813] md: autorun ...
[    5.966385] md: ... autorun DONE.
[    5.980015] EXT4-fs (sda): INFO: recovery required on readonly filesystem
[    5.981370] EXT4-fs (sda): write access will be enabled during recovery
[    6.268344] EXT4-fs (sda): recovery complete
[    6.271765] EXT4-fs (sda): mounted filesystem 23a53bb9-f815-47a5-b74c-5e08f7731193 with ordered data mode. Quota mode: none.
[    6.274022] VFS: Mounted root (ext4 filesystem) readonly on device 8:0.
[    6.278827] devtmpfs: mounted
[    6.292884] Freeing unused decrypted memory: 2036K
[    6.315583] Freeing unused kernel image (initmem) memory: 10396K
[    6.316812] Write protecting the kernel read-only data: 45056k
[    6.320549] Freeing unused kernel image (rodata/data gap) memory: 432K
[    6.432067] x86/mm: Checked W+X mappings: passed, no W+X pages found.
[    6.433596] Run /sbin/init as init process
[    6.643487] systemd[1]: RTC configured in localtime, applying delta of 0 minutes to system time.
[    6.690022] systemd[1]: systemd 239 (239-49.el8) running in system mode. (+PAM +AUDIT +SELINUX +IMA -APPARMOR +SMACK +SYSVINIT +UTMP +LIBCRYPTSETUP +GCRYPT +GNUTLS +ACL +XZ +LZ4 +SECCOMP +BLKID +ELFUTILS +KMOD +IDN2 -IDN +PCRE2 default-hierarchy=legacy)
[    6.694375] systemd[1]: Detected virtualization kvm.
[    6.695297] systemd[1]: Detected architecture x86-64.

Welcome to [0;31mCentOS Stream 8[0m!

[    6.758768] systemd[1]: Set hostname to <test>.
[    7.298831] systemd[1]: Set up automount Arbitrary Executable File Formats File System Automount Point.
[[0;32m  OK  [0m] Set up automount Arbitrary Executabâ€¦rmats File System Automount Point.
[    7.303256] systemd[1]: Listening on Journal Socket.
[[0;32m  OK  [0m] Listening on Journal Socket.
[    7.367112] systemd[1]: Starting Load Kernel Modules...
         Starting Load Kernel Modules...
[    7.370933] systemd[1]: Listening on Device-mapper event daemon FIFOs.
[[0;32m  OK  [0m] Listening on Device-mapper event daemon FIFOs.
[    7.380315] systemd[1]: Mounting Huge Pages File System...
         Mounting Huge Pages File System...
[    7.387738] systemd[1]: Starting Remount Root and Kernel File Systems...
         Starting Remount Root and Kernel File Systems...
[[0;32m  OK  [0m] Listening on udev Kernel Socket.
[[0;32m  OK  [0m] Listening on LVM2 poll daemon socket.
         Starting Monitoring of LVM2 mirrorsâ€¦ng dmeventd or progress polling...
         Mounting POSIX Message Queue File System...
         Starting Setup Virtual Console...
[[0;32m  OK  [0m] Created slice system-getty.slice.
[[0;32m  OK  [0m] Listening on Process Core Dump Socket.
[[0;32m  OK  [0m] Started Forward Password Requests to Wall Directory Watch.
[[0;32m  OK  [0m] Created slice system-serial\x2dgetty.slice.
[[0;32m  OK  [0m] Listening on multipathd control socket.
[[0;32m  OK  [0m] Listening on initctl Compatibility Named Pipe.
[[0;32m  OK  [0m] Created slice system-sshd\x2dkeygen.slice.
[[0;32m  OK  [0m] Listening on udev Control Socket.
         Starting udev Coldplug all Devices...
[[0;32m  OK  [0m] Reached target Swap.
[[0;32m  OK  [0m] Listening on RPCbind Server Activation Socket.
[[0;32m  OK  [0m] Reached target RPC Port Mapper.
[[0;32m  OK  [0m] Listening on Journal Socket (/dev/log).
[    7.706174] EXT4-fs (sda): re-mounted 23a53bb9-f815-47a5-b74c-5e08f7731193. Quota mode: none.
         Starting Journal Service...
         Mounting Kernel Debug File System...
[[0;32m  OK  [0m] Created slice User and Session Slice.
[[0;32m  OK  [0m] Reached target Slices.
[[0;32m  OK  [0m] Started Journal Service.
[[0;1;31mFAILED[0m] Failed to start Load Kernel Modules.
See 'systemctl status systemd-modules-load.service' for details.
[[0;32m  OK  [0m] Mounted Huge Pages File System.
[[0;32m  OK  [0m] Started Remount Root and Kernel File Systems.
[[0;32m  OK  [0m] Started Monitoring of LVM2 mirrors,â€¦sing dmeventd or progress polling.
[[0;32m  OK  [0m] Mounted POSIX Message Queue File System.
[[0;32m  OK  [0m] Mounted Kernel Debug File System.
         Starting Load/Save Random Seed...
         Starting Create Static Device Nodes in /dev...
         Mounting Kernel Configuration File System...
         Mounting FUSE Control File System...
         Starting Apply Kernel Variables...
         Starting Flush Journal to Persistent Storage...
[[0;32m  OK  [0m] Started Setup Virtual Console.
[[0;32m  OK  [0m] Started udev Coldplug all Devices.
[[0;32m  OK  [0m] Started Load/Save Random Seed.
[[0;32m  OK  [0m] Started Create Static Device Nodes in /dev.
[[0;32m  OK  [0m] Mounted Kernel Configuration File System.
[[0;32m  OK  [0m] Mounted FUSE Control File System.
[[0;32m  OK  [0m] Started Apply Kernel Variables.
         Starting udev Kernel Device Manager...
         Starting udev Wait for Complete Device Initialization...
[[0;32m  OK  [0m] Started Flush Journal to Persistent Storage.
[[0;32m  OK  [0m] Started udev Kernel Device Manager.
         Starting Show Plymouth Boot Screen...
[[0;32m  OK  [0m] Started Show Plymouth Boot Screen.
[[0;32m  OK  [0m] Reached target Local Encrypted Volumes.
[[0;32m  OK  [0m] Reached target Paths.
[[0;32m  OK  [0m] Started Forward Password Requests to Plymouth Directory Watch.
[[0;32m  OK  [0m] Found device /dev/ttyS0.
[[0;32m  OK  [0m] Listening on Load/Save RF Kill Switch Status /dev/rfkill Watch.
[[0;32m  OK  [0m] Started udev Wait for Complete Device Initialization.
[[0;32m  OK  [0m] Reached target Local File Systems (Pre).
[[0;32m  OK  [0m] Reached target Local File Systems.
         Starting Tell Plymouth To Write Out Runtime Data...
         Starting Restore /run/initramfs on shutdown...
         Starting Create Volatile Files and Directories...
[[0;32m  OK  [0m] Started Tell Plymouth To Write Out Runtime Data.
[[0;32m  OK  [0m] Started Restore /run/initramfs on shutdown.
[[0;32m  OK  [0m] Started Create Volatile Files and Directories.
         Mounting RPC Pipe File System...
         Starting RPC Bind...
         Starting Security Auditing Service...
[[0;32m  OK  [0m] Mounted RPC Pipe File System.
[[0;32m  OK  [0m] Reached target rpc_pipefs.target.
[[0;32m  OK  [0m] Started RPC Bind.
[[0;32m  OK  [0m] Started Security Auditing Service.
         Starting Update UTMP about System Boot/Shutdown...
[[0;32m  OK  [0m] Started Update UTMP about System Boot/Shutdown.
[[0;32m  OK  [0m] Reached target System Initialization.
[[0;32m  OK  [0m] Listening on D-Bus System Message Bus Socket.
[[0;32m  OK  [0m] Started daily update of the root trust anchor for DNSSEC.
[[0;32m  OK  [0m] Started Daily Cleanup of Temporary Directories.
[[0;32m  OK  [0m] Listening on SSSD Kerberos Cache Manager responder socket.
[[0;32m  OK  [0m] Reached target Sockets.
[[0;32m  OK  [0m] Reached target Basic System.
         Starting Self Monitoring and Reporting Technology (SMART) Daemon...
         Starting Authorization Manager...
         Starting Login Service...
[[0;32m  OK  [0m] Started irqbalance daemon.
         Starting NTP client/server...
         Starting Auto-connect to subsystemsâ€¦-NVME devices found during boot...
[[0;32m  OK  [0m] Reached target sshd-keygen.target.
[[0;32m  OK  [0m] Started dnf makecache --timer.
[[0;32m  OK  [0m] Reached target Timers.
[[0;32m  OK  [0m] Started Machine Check Exception Logging Daemon.
[[0;32m  OK  [0m] Started D-Bus System Message Bus.
         Starting Network Manager...
[[0;32m  OK  [0m] Started Self Monitoring and Reporting Technology (SMART) Daemon.
[[0;32m  OK  [0m] Started Auto-connect to subsystems â€¦FC-NVME devices found during boot.
         Starting update of the root trust aâ€¦or DNSSEC validation in unbound...
[[0;32m  OK  [0m] Started Login Service.
[[0;32m  OK  [0m] Started Network Manager.
         Starting Network Manager Wait Online...
[[0;32m  OK  [0m] Reached target Network.
         Starting OpenSSH server daemon...
         Starting Dynamic System Tuning Daemon...
         Starting GSSAPI Proxy Daemon...
[[0;32m  OK  [0m] Started NTP client/server.
         Starting Hostname Service...
[[0;32m  OK  [0m] Started update of the root trust anâ€¦ for DNSSEC validation in unbound.
[[0;32m  OK  [0m] Started OpenSSH server daemon.
[[0;32m  OK  [0m] Started GSSAPI Proxy Daemon.
[[0;32m  OK  [0m] Reached target NFS client services.
[[0;32m  OK  [0m] Reached target Remote File Systems (Pre).
[[0;32m  OK  [0m] Reached target Remote File Systems.
         Starting Permit User Sessions...
[[0;32m  OK  [0m] Started Authorization Manager.
[[0;32m  OK  [0m] Started Permit User Sessions.
         Starting Hold until boot process finishes up...
         Starting Terminate Plymouth Boot Screen...
[[0;32m  OK  [0m] Started Command Scheduler.
[   11.134260] e1000: eth0 NIC Link is Up 1000 Mbps Full Duplex, Flow Control: RX
[   11.137110] IPv6: ADDRCONF(NETDEV_CHANGE): eth0: link becomes ready
[   11.571758] Spectre V2 : WARNING: Unprivileged eBPF is enabled with eIBRS on, data leaks possible via Spectre v2 BHB attacks!
[   11.574235] Spectre V2 : WARNING: Unprivileged eBPF is enabled with eIBRS on, data leaks possible via Spectre v2 BHB attacks!

CentOS Stream 8
Kernel 6.3.0-f858e2fd23ac+ on an x86_64

test login: [   24.232094] memfd_create() without MFD_EXEC nor MFD_NOEXEC_SEAL, pid=335 'systemd'
[   29.136055] loop0: detected capacity change from 0 to 65536
[   29.137687] XFS: attr2 mount option is deprecated.
[   29.138667] XFS: ikeep mount option is deprecated.
[   29.143104] XFS (loop0): Deprecated V4 format (crc=0) will not be supported after September 2030.
[   29.145463] XFS (loop0): Mounting V4 Filesystem d28317a9-9e04-4f2a-be27-e55b4c413ff6
[   29.158767] XFS (loop0): Ending clean mount
[   29.160808] XFS (loop0): Quotacheck needed: Please wait.
[   29.166984] BUG: kernel NULL pointer dereference, address: 0000000000000000
[   29.168315] #PF: supervisor read access in kernel mode
[   29.169294] #PF: error_code(0x0000) - not-present page
[   29.170302] PGD 0 P4D 0 
[   29.170802] Oops: 0000 [#1] PREEMPT SMP NOPTI
[   29.171628] CPU: 0 PID: 10 Comm: kworker/u4:0 Not tainted 6.3.0-f858e2fd23ac+ #1
[   29.172993] Hardware name: QEMU Standard PC (i440FX + PIIX, 1996), BIOS rel-1.16.0-0-gd239552ce722-prebuilt.qemu.org 04/01/2014
[   29.175069] Workqueue: xfs_iwalk-527 xfs_pwork_work
[   29.176036] RIP: 0010:xfs_read_agf+0x3a/0x200
[   29.176922] Code: 89 d7 41 56 49 89 f6 41 55 49 89 cd 41 54 49 89 fc 53 48 83 ec 28 65 48 8b 04 25 28 00 00 00 48 89 45 d0 31 c0 e8 46 89 8c ff <49> 8b 1c 24 0f 1f 44 00 00 e8 38 89 8c ff 65 8b 05 1d 4e 62 7e 89
[   29.180265] RSP: 0018:ffffc9000005b8a8 EFLAGS: 00010246
[   29.181244] RAX: 0000000000000000 RBX: 0000000000000000 RCX: ffffc9000005b928
[   29.182556] RDX: 0000000000000000 RSI: ffff888006ef2400 RDI: 0000000000000002
[   29.183860] RBP: ffffc9000005b8f8 R08: 714d81b117c2616f R09: 000000000000001c
[   29.185178] R10: 0000000000000001 R11: ffffffff83d64200 R12: 0000000000000000
[   29.186485] R13: ffffc9000005b928 R14: ffff888015835ae0 R15: 0000000000000000
[   29.187794] FS:  0000000000000000(0000) GS:ffff88807dc00000(0000) knlGS:0000000000000000
[   29.189293] CS:  0010 DS: 0000 ES: 0000 CR0: 0000000080050033
[   29.190362] CR2: 0000000000000000 CR3: 000000000d3e8005 CR4: 0000000000770ef0
[   29.191676] PKRU: 55555554
[   29.192195] Call Trace:
[   29.192682]  <TASK>
[   29.193099]  ? write_comp_data+0x2f/0x90
[   29.193879]  xfs_alloc_read_agf+0x8e/0x410
[   29.194668]  xfs_agfl_free_finish_item+0xca/0x260
[   29.195578]  xfs_defer_finish_noroll+0x443/0xac0
[   29.196469]  __xfs_trans_commit+0x4be/0x630
[   29.197265]  xfs_trans_commit+0x20/0x30
[   29.197995]  xfs_dquot_disk_alloc+0x45d/0x4e0
[   29.198849]  xfs_qm_dqread+0x2f7/0x310
[   29.199568]  xfs_qm_dqget+0xd5/0x300
[   29.200259]  xfs_qm_quotacheck_dqadjust+0x5a/0x230
[   29.201167]  xfs_qm_dqusage_adjust+0x249/0x300
[   29.202026]  xfs_iwalk_ag_recs+0x1bd/0x2e0
[   29.202815]  xfs_iwalk_run_callbacks+0xc3/0x1c0
[   29.203680]  xfs_iwalk_ag+0x32e/0x3f0
[   29.204383]  xfs_iwalk_ag_work+0xbe/0xf0
[   29.205139]  xfs_pwork_work+0x2c/0xc0
[   29.205844]  process_one_work+0x3b1/0x860
[   29.206614]  worker_thread+0x52/0x660
[   29.207317]  ? __pfx_worker_thread+0x10/0x10
[   29.208127]  kthread+0x16d/0x1c0
[   29.208773]  ? __pfx_kthread+0x10/0x10
[   29.209492]  ret_from_fork+0x29/0x50
[   29.210204]  </TASK>
[   29.210634] Modules linked in:
[   29.211225] CR2: 0000000000000000
[   29.211855] ---[ end trace 0000000000000000 ]---
[   29.212728] RIP: 0010:xfs_read_agf+0x3a/0x200
[   29.213562] Code: 89 d7 41 56 49 89 f6 41 55 49 89 cd 41 54 49 89 fc 53 48 83 ec 28 65 48 8b 04 25 28 00 00 00 48 89 45 d0 31 c0 e8 46 89 8c ff <49> 8b 1c 24 0f 1f 44 00 00 e8 38 89 8c ff 65 8b 05 1d 4e 62 7e 89
[   29.216930] RSP: 0018:ffffc9000005b8a8 EFLAGS: 00010246
[   29.217899] RAX: 0000000000000000 RBX: 0000000000000000 RCX: ffffc9000005b928
[   29.219203] RDX: 0000000000000000 RSI: ffff888006ef2400 RDI: 0000000000000002
[   29.220509] RBP: ffffc9000005b8f8 R08: 714d81b117c2616f R09: 000000000000001c
[   29.221824] R10: 0000000000000001 R11: ffffffff83d64200 R12: 0000000000000000
[   29.223139] R13: ffffc9000005b928 R14: ffff888015835ae0 R15: 0000000000000000
[   29.224443] FS:  0000000000000000(0000) GS:ffff88807dc00000(0000) knlGS:0000000000000000
[   29.225935] CS:  0010 DS: 0000 ES: 0000 CR0: 0000000080050033
[   29.226998] CR2: 0000000000000000 CR3: 000000000d3e8005 CR4: 0000000000770ef0
[   29.228313] PKRU: 55555554
[   29.228843] note: kworker/u4:0[10] exited with irqs disabled
