[2J[01;01H[=3h[2J[01;01H[2J[01;01H[=3h[2J[01;01H[2J[01;01H[=3h[2J[01;01H[0m[35m[40m[2J[01;01H[=3h[2J[01;01H[0m[37m[40m[    0.000000] Linux version 6.4.0-rc3-kvm (root@xpf.sh.intel.com) (gcc (GCC) 8.5.0 20210514 (Red Hat 8.5.0-18), GNU ld version 2.36.1-2.el8) #2 SMP PREEMPT_DYNAMIC Mon May 22 09:40:24 CST 2023
[    0.000000] Command line: console=ttyS0 root=/dev/sda earlyprintk=serial net.ifnames=0 thunderbolt.dyndbg
[    0.000000] KERNEL supported cpus:
[    0.000000]   Intel GenuineIntel
[    0.000000]   AMD AuthenticAMD
[    0.000000]   Hygon HygonGenuine
[    0.000000]   Centaur CentaurHauls
[    0.000000]   zhaoxin   Shanghai  
[    0.000000] x86/fpu: Supporting XSAVE feature 0x001: 'x87 floating point registers'
[    0.000000] x86/fpu: Supporting XSAVE feature 0x002: 'SSE registers'
[    0.000000] x86/fpu: Supporting XSAVE feature 0x004: 'AVX registers'
[    0.000000] x86/fpu: Supporting XSAVE feature 0x200: 'Protection Keys User registers'
[    0.000000] x86/fpu: xstate_offset[2]:  576, xstate_sizes[2]:  256
[    0.000000] x86/fpu: xstate_offset[9]:  832, xstate_sizes[9]:    8
[    0.000000] x86/fpu: Enabled xstate features 0x207, context size is 840 bytes, using 'compacted' format.
[    0.000000] signal: max sigframe size: 3632
[    0.000000] BIOS-provided physical RAM map:
[    0.000000] BIOS-e820: [mem 0x0000000000000000-0x000000000009ffff] usable
[    0.000000] BIOS-e820: [mem 0x0000000000100000-0x00000000007fffff] usable
[    0.000000] BIOS-e820: [mem 0x0000000000800000-0x0000000000807fff] ACPI NVS
[    0.000000] BIOS-e820: [mem 0x0000000000808000-0x000000000080ffff] usable
[    0.000000] BIOS-e820: [mem 0x0000000000810000-0x00000000008fffff] ACPI NVS
[    0.000000] BIOS-e820: [mem 0x0000000000900000-0x000000007e80bfff] usable
[    0.000000] BIOS-e820: [mem 0x000000007e80c000-0x000000007e80dfff] ACPI data
[    0.000000] BIOS-e820: [mem 0x000000007e80e000-0x000000007e8b5fff] usable
[    0.000000] BIOS-e820: [mem 0x000000007e8b6000-0x000000007e8c3fff] ACPI NVS
[    0.000000] BIOS-e820: [mem 0x000000007e8c4000-0x000000007e8ddfff] reserved
[    0.000000] BIOS-e820: [mem 0x000000007e8de000-0x000000007e9edfff] usable
[    0.000000] BIOS-e820: [mem 0x000000007e9ee000-0x000000007eb1afff] reserved
[    0.000000] BIOS-e820: [mem 0x000000007eb1b000-0x000000007fb9afff] usable
[    0.000000] BIOS-e820: [mem 0x000000007fb9b000-0x000000007fbf2fff] reserved
[    0.000000] BIOS-e820: [mem 0x000000007fbf3000-0x000000007fbfafff] ACPI data
[    0.000000] BIOS-e820: [mem 0x000000007fbfb000-0x000000007fbfefff] ACPI NVS
[    0.000000] BIOS-e820: [mem 0x000000007fbff000-0x000000007ff4ffff] usable
[    0.000000] BIOS-e820: [mem 0x000000007ff50000-0x000000007ff6ffff] reserved
[    0.000000] BIOS-e820: [mem 0x000000007ff70000-0x000000007fffffff] ACPI NVS
[    0.000000] printk: bootconsole [earlyser0] enabled
[    0.000000] NX (Execute Disable) protection: active
[    0.000000] extended physical RAM map:
[    0.000000] reserve setup_data: [mem 0x0000000000000000-0x000000000009ffff] usable
[    0.000000] reserve setup_data: [mem 0x0000000000100000-0x00000000007fffff] usable
[    0.000000] reserve setup_data: [mem 0x0000000000800000-0x0000000000807fff] ACPI NVS
[    0.000000] reserve setup_data: [mem 0x0000000000808000-0x000000000080ffff] usable
[    0.000000] reserve setup_data: [mem 0x0000000000810000-0x00000000008fffff] ACPI NVS
[    0.000000] reserve setup_data: [mem 0x0000000000900000-0x000000007e7db017] usable
[    0.000000] reserve setup_data: [mem 0x000000007e7db018-0x000000007e801e57] usable
[    0.000000] reserve setup_data: [mem 0x000000007e801e58-0x000000007e802017] usable
[    0.000000] reserve setup_data: [mem 0x000000007e802018-0x000000007e80ba57] usable
[    0.000000] reserve setup_data: [mem 0x000000007e80ba58-0x000000007e80bfff] usable
[    0.000000] reserve setup_data: [mem 0x000000007e80c000-0x000000007e80dfff] ACPI data
[    0.000000] reserve setup_data: [mem 0x000000007e80e000-0x000000007e8b5fff] usable
[    0.000000] reserve setup_data: [mem 0x000000007e8b6000-0x000000007e8c3fff] ACPI NVS
[    0.000000] reserve setup_data: [mem 0x000000007e8c4000-0x000000007e8ddfff] reserved
[    0.000000] reserve setup_data: [mem 0x000000007e8de000-0x000000007e9edfff] usable
[    0.000000] reserve setup_data: [mem 0x000000007e9ee000-0x000000007eb1afff] reserved
[    0.000000] reserve setup_data: [mem 0x000000007eb1b000-0x000000007fb9afff] usable
[    0.000000] reserve setup_data: [mem 0x000000007fb9b000-0x000000007fbf2fff] reserved
[    0.000000] reserve setup_data: [mem 0x000000007fbf3000-0x000000007fbfafff] ACPI data
[    0.000000] reserve setup_data: [mem 0x000000007fbfb000-0x000000007fbfefff] ACPI NVS
[    0.000000] reserve setup_data: [mem 0x000000007fbff000-0x000000007ff4ffff] usable
[    0.000000] reserve setup_data: [mem 0x000000007ff50000-0x000000007ff6ffff] reserved
[    0.000000] reserve setup_data: [mem 0x000000007ff70000-0x000000007fffffff] ACPI NVS
[    0.000000] efi: EFI v2.7 by EDK II
[    0.000000] efi: SMBIOS=0x7fbcc000 ACPI=0x7fbfa000 ACPI 2.0=0x7fbfa014 MEMATTR=0x7efb2698 
[    0.000000] SMBIOS 2.8 present.
[    0.000000] DMI: QEMU Standard PC (i440FX + PIIX, 1996), BIOS 0.0.0 02/06/2015
[    0.000000] Hypervisor detected: KVM
[    0.000000] kvm-clock: Using msrs 4b564d01 and 4b564d00
[    0.000002] kvm-clock: using sched offset of 3099522668 cycles
[    0.000741] clocksource: kvm-clock: mask: 0xffffffffffffffff max_cycles: 0x1cd42e4dffb, max_idle_ns: 881590591483 ns
[    0.003059] tsc: Detected 806.400 MHz processor
[    0.003961] last_pfn = 0x7ff50 max_arch_pfn = 0x400000000
[    0.004846] x86/PAT: Configuration [0-7]: WB  WC  UC- UC  WB  WP  UC- WT  
[    0.014084] Using GB pages for direct mapping
[    0.016719] Secure boot disabled
[    0.017180] ACPI: Early table checksum verification disabled
[    0.017984] ACPI: RSDP 0x000000007FBFA014 000024 (v02 BOCHS )
[    0.018802] ACPI: XSDT 0x000000007FBF90E8 00004C (v01 BOCHS  BXPC     00000001      01000013)
[    0.020016] ACPI: FACP 0x000000007FBF6000 000074 (v01 BOCHS  BXPC     00000001 BXPC 00000001)
[    0.021232] ACPI: DSDT 0x000000007FBF7000 0017BD (v01 BOCHS  BXPC     00000001 BXPC 00000001)
[    0.022444] ACPI: FACS 0x000000007FBFD000 000040
[    0.023105] ACPI: APIC 0x000000007FBF5000 000080 (v01 BOCHS  BXPC     00000001 BXPC 00000001)
[    0.024316] ACPI: HPET 0x000000007FBF4000 000038 (v01 BOCHS  BXPC     00000001 BXPC 00000001)
[    0.025536] ACPI: WAET 0x000000007FBF3000 000028 (v01 BOCHS  BXPC     00000001 BXPC 00000001)
[    0.026748] ACPI: BGRT 0x000000007E80D000 000038 (v01 INTEL  EDK2     00000002      01000013)
[    0.027958] ACPI: Reserving FACP table memory at [mem 0x7fbf6000-0x7fbf6073]
[    0.028950] ACPI: Reserving DSDT table memory at [mem 0x7fbf7000-0x7fbf87bc]
[    0.029944] ACPI: Reserving FACS table memory at [mem 0x7fbfd000-0x7fbfd03f]
[    0.030937] ACPI: Reserving APIC table memory at [mem 0x7fbf5000-0x7fbf507f]
[    0.031928] ACPI: Reserving HPET table memory at [mem 0x7fbf4000-0x7fbf4037]
[    0.032920] ACPI: Reserving WAET table memory at [mem 0x7fbf3000-0x7fbf3027]
[    0.033915] ACPI: Reserving BGRT table memory at [mem 0x7e80d000-0x7e80d037]
[    0.035608] No NUMA configuration found
[    0.036152] Faking a node at [mem 0x0000000000000000-0x000000007ff4ffff]
[    0.037147] NODE_DATA(0) allocated [mem 0x7febf000-0x7fee9fff]
[    0.040493] Zone ranges:
[    0.040869]   DMA      [mem 0x0000000000001000-0x0000000000ffffff]
[    0.041754]   DMA32    [mem 0x0000000001000000-0x000000007ff4ffff]
[    0.042632]   Normal   empty
[    0.043043]   Device   empty
[    0.043455] Movable zone start for each node
[    0.044075] Early memory node ranges
[    0.044581]   node   0: [mem 0x0000000000001000-0x000000000009ffff]
[    0.045475]   node   0: [mem 0x0000000000100000-0x00000000007fffff]
[    0.046366]   node   0: [mem 0x0000000000808000-0x000000000080ffff]
[    0.047257]   node   0: [mem 0x0000000000900000-0x000000007e80bfff]
[    0.048150]   node   0: [mem 0x000000007e80e000-0x000000007e8b5fff]
[    0.049041]   node   0: [mem 0x000000007e8de000-0x000000007e9edfff]
[    0.049934]   node   0: [mem 0x000000007eb1b000-0x000000007fb9afff]
[    0.050825]   node   0: [mem 0x000000007fbff000-0x000000007ff4ffff]
[    0.051718] Initmem setup node 0 [mem 0x0000000000001000-0x000000007ff4ffff]
[    0.052915] On node 0, zone DMA: 1 pages in unavailable ranges
[    0.052998] On node 0, zone DMA: 96 pages in unavailable ranges
[    0.053844] On node 0, zone DMA: 8 pages in unavailable ranges
[    0.054772] On node 0, zone DMA: 240 pages in unavailable ranges
[    0.077852] On node 0, zone DMA32: 2 pages in unavailable ranges
[    0.078751] On node 0, zone DMA32: 40 pages in unavailable ranges
[    0.079789] On node 0, zone DMA32: 301 pages in unavailable ranges
[    0.080695] On node 0, zone DMA32: 100 pages in unavailable ranges
[    0.081591] On node 0, zone DMA32: 176 pages in unavailable ranges
[    0.082940] ACPI: PM-Timer IO Port: 0xb008
[    0.084422] ACPI: LAPIC_NMI (acpi_id[0xff] dfl dfl lint[0x1])
[    0.085310] IOAPIC[0]: apic_id 0, version 17, address 0xfec00000, GSI 0-23
[    0.086297] ACPI: INT_SRC_OVR (bus 0 bus_irq 0 global_irq 2 dfl dfl)
[    0.087202] ACPI: INT_SRC_OVR (bus 0 bus_irq 5 global_irq 5 high level)
[    0.088142] ACPI: INT_SRC_OVR (bus 0 bus_irq 9 global_irq 9 high level)
[    0.089082] ACPI: INT_SRC_OVR (bus 0 bus_irq 10 global_irq 10 high level)
[    0.090050] ACPI: INT_SRC_OVR (bus 0 bus_irq 11 global_irq 11 high level)
[    0.091025] ACPI: Using ACPI (MADT) for SMP configuration information
[    0.091938] ACPI: HPET id: 0x8086a201 base: 0xfed00000
[    0.092725] TSC deadline timer available
[    0.093294] smpboot: Allowing 2 CPUs, 0 hotplug CPUs
[    0.094044] kvm-guest: KVM setup pv remote TLB flush
[    0.094757] kvm-guest: setup PV sched yield
[    0.095451] PM: hibernation: Registered nosave memory: [mem 0x00000000-0x00000fff]
[    0.096530] PM: hibernation: Registered nosave memory: [mem 0x000a0000-0x000fffff]
[    0.097613] PM: hibernation: Registered nosave memory: [mem 0x00800000-0x00807fff]
[    0.098691] PM: hibernation: Registered nosave memory: [mem 0x00810000-0x008fffff]
[    0.099770] PM: hibernation: Registered nosave memory: [mem 0x7e7db000-0x7e7dbfff]
[    0.100849] PM: hibernation: Registered nosave memory: [mem 0x7e801000-0x7e801fff]
[    0.101922] PM: hibernation: Registered nosave memory: [mem 0x7e802000-0x7e802fff]
[    0.103002] PM: hibernation: Registered nosave memory: [mem 0x7e80b000-0x7e80bfff]
[    0.104075] PM: hibernation: Registered nosave memory: [mem 0x7e80c000-0x7e80dfff]
[    0.105166] PM: hibernation: Registered nosave memory: [mem 0x7e8b6000-0x7e8c3fff]
[    0.106261] PM: hibernation: Registered nosave memory: [mem 0x7e8c4000-0x7e8ddfff]
[    0.107353] PM: hibernation: Registered nosave memory: [mem 0x7e9ee000-0x7eb1afff]
[    0.108446] PM: hibernation: Registered nosave memory: [mem 0x7ee5f000-0x7ee67fff]
[    0.109541] PM: hibernation: Registered nosave memory: [mem 0x7fb9b000-0x7fbf2fff]
[    0.110626] PM: hibernation: Registered nosave memory: [mem 0x7fbf3000-0x7fbfafff]
[    0.111710] PM: hibernation: Registered nosave memory: [mem 0x7fbfb000-0x7fbfefff]
[    0.112798] [mem 0x80000000-0xffffffff] available for PCI devices
[    0.113675] Booting paravirtualized kernel on KVM
[    0.114355] clocksource: refined-jiffies: mask: 0xffffffff max_cycles: 0xffffffff, max_idle_ns: 7645519600211568 ns
[    0.115874] setup_percpu: NR_CPUS:8192 nr_cpumask_bits:2 nr_cpu_ids:2 nr_node_ids:1
[    0.117198] percpu: Embedded 66 pages/cpu s233472 r8192 d28672 u1048576
[    0.118446] kvm-guest: PV spinlocks enabled
[    0.119069] PV qspinlock hash table entries: 256 (order: 0, 4096 bytes, linear)
[    0.120133] Kernel command line: net.ifnames=0 console=ttyS0 root=/dev/sda earlyprintk=serial net.ifnames=0 thunderbolt.dyndbg
[    0.122128] random: crng init done
[    0.122877] Dentry cache hash table entries: 262144 (order: 9, 2097152 bytes, linear)
[    0.124102] Inode-cache hash table entries: 131072 (order: 8, 1048576 bytes, linear)
[    0.125351] Fallback order for Node 0: 0 
[    0.125361] Built 1 zonelists, mobility grouping on.  Total pages: 513188
[    0.126911] Policy zone: DMA32
[    0.127344] mem auto-init: stack:off, heap alloc:off, heap free:off
[    0.133309] Memory: 1935292K/2093296K available (34816K kernel code, 4573K rwdata, 9848K rodata, 10444K init, 31812K bss, 157748K reserved, 0K cma-reserved)
[    0.135637] SLUB: HWalign=64, Order=0-3, MinObjects=0, CPUs=2, Nodes=1
[    0.136571] kmemleak: Kernel memory leak detector disabled
[    0.137407] ftrace: allocating 69041 entries in 270 pages
[    0.155493] ftrace: allocated 270 pages with 4 groups
[    0.157946] Dynamic Preempt: voluntary
[    0.158581] Running RCU self tests
[    0.159064] Running RCU synchronous self tests
[    0.159696] rcu: Preemptible hierarchical RCU implementation.
[    0.160508] rcu: 	RCU lockdep checking is enabled.
[    0.161186] rcu: 	RCU restricting CPUs from NR_CPUS=8192 to nr_cpu_ids=2.
[    0.162149] 	Trampoline variant of Tasks RCU enabled.
[    0.162863] 	Rude variant of Tasks RCU enabled.
[    0.163505] 	Tracing variant of Tasks RCU enabled.
[    0.164184] rcu: RCU calculated value of scheduler-enlistment delay is 25 jiffies.
[    0.165263] rcu: Adjusting geometry for rcu_fanout_leaf=16, nr_cpu_ids=2
[    0.166235] Running RCU synchronous self tests
[    0.189367] NR_IRQS: 524544, nr_irqs: 440, preallocated irqs: 16
[    0.190526] rcu: srcu_init: Setting srcu_struct sizes based on contention.
[    0.191681] Console: colour dummy device 80x25
[    0.192371] printk: console [ttyS0] enabled
[    0.192371] printk: console [ttyS0] enabled
[    0.193574] printk: bootconsole [earlyser0] disabled
[    0.193574] printk: bootconsole [earlyser0] disabled
[    0.194996] Lock dependency validator: Copyright (c) 2006 Red Hat, Inc., Ingo Molnar
[    0.196103] ... MAX_LOCKDEP_SUBCLASSES:  8
[    0.196699] ... MAX_LOCK_DEPTH:          48
[    0.197310] ... MAX_LOCKDEP_KEYS:        8192
[    0.197943] ... CLASSHASH_SIZE:          4096
[    0.198577] ... MAX_LOCKDEP_ENTRIES:     32768
[    0.199221] ... MAX_LOCKDEP_CHAINS:      65536
[    0.199867] ... CHAINHASH_SIZE:          32768
[    0.200511]  memory used by lock dependency info: 6365 kB
[    0.201292]  memory used for stack traces: 4224 kB
[    0.201987]  per task-struct memory footprint: 1920 bytes
[    0.202804] ACPI: Core revision 20230331
[    0.203634] clocksource: hpet: mask: 0xffffffff max_cycles: 0xffffffff, max_idle_ns: 19112604467 ns
[    0.205104] APIC: Switch to symmetric I/O mode setup
[    0.206230] x2apic enabled
[    0.207027] Switched APIC routing to physical x2apic.
[    0.207762] kvm-guest: setup PV IPIs
[    0.210092] ..TIMER: vector=0x30 apic1=0 pin1=2 apic2=-1 pin2=-1
[    0.210999] clocksource: tsc-early: mask: 0xffffffffffffffff max_cycles: 0xb9fb05486c, max_idle_ns: 440795231721 ns
[    0.212498] Calibrating delay loop (skipped) preset value.. 1612.80 BogoMIPS (lpj=3225600)
[    0.216499] pid_max: default: 32768 minimum: 301
[    0.221107] LSM: initializing lsm=capability,yama,integrity
[    0.221928] Yama: becoming mindful.
[    0.222539] Mount-cache hash table entries: 4096 (order: 3, 32768 bytes, linear)
[    0.223601] Mountpoint-cache hash table entries: 4096 (order: 3, 32768 bytes, linear)
[    0.225506] CPU0: Thermal monitoring enabled (TM1)
[    0.226219] x86/cpu: User Mode Instruction Prevention (UMIP) activated
[    0.227358] Last level iTLB entries: 4KB 0, 2MB 0, 4MB 0
[    0.228123] Last level dTLB entries: 4KB 0, 2MB 0, 4MB 0, 1GB 0
[    0.228503] Spectre V1 : Mitigation: usercopy/swapgs barriers and __user pointer sanitization
[    0.229712] Spectre V2 : WARNING: Unprivileged eBPF is enabled with eIBRS on, data leaks possible via Spectre v2 BHB attacks!
[    0.231309] Spectre V2 : Mitigation: Enhanced / Automatic IBRS
[    0.232487] Spectre V2 : Spectre v2 / SpectreRSB mitigation: Filling RSB on context switch
[    0.233640] Spectre V2 : Spectre v2 / PBRSB-eIBRS: Retire a single CALL on VMEXIT
[    0.234690] Spectre V2 : mitigation: Enabling conditional Indirect Branch Prediction Barrier
[    0.235869] Speculative Store Bypass: Mitigation: Speculative Store Bypass disabled via prctl
[    0.236487] MMIO Stale Data: Unknown: No mitigations
[    0.327287] Freeing SMP alternatives memory: 56K
[    0.327989] Running RCU synchronous self tests
[    0.328490] Running RCU synchronous self tests
[    0.329321] smpboot: CPU0: Genuine Intel(R) 0000 (family: 0x6, model: 0xb7, stepping: 0x0)
[    0.332799] cblist_init_generic: Setting adjustable number of callback queues.
[    0.336490] cblist_init_generic: Setting shift to 1 and lim to 1.
[    0.340523] cblist_init_generic: Setting shift to 1 and lim to 1.
[    0.344527] cblist_init_generic: Setting shift to 1 and lim to 1.
[    0.348520] Running RCU-tasks wait API self tests
[    0.456594] Performance Events: Alderlake Hybrid events, full-width counters, Intel PMU driver.
[    0.460673] core: cpu_core PMU driver: 
[    0.464493] ... version:                2
[    0.468490] ... bit width:              48
[    0.472490] ... generic registers:      6
[    0.476490] ... value mask:             0000ffffffffffff
[    0.480490] ... max period:             00007fffffffffff
[    0.484490] ... fixed-purpose events:   3
[    0.488490] ... event mask:             0001000f0000003f
[    0.492504] Callback from call_rcu_tasks_trace() invoked.
[    0.496634] rcu: Hierarchical SRCU implementation.
[    0.500490] rcu: 	Max phase no-delay instances is 1000.
[    0.516828] unchecked MSR access error: WRMSR to 0x38f (tried to write 0x0001000f0000003f) at rIP: 0xffffffff810dbc2c (native_write_msr+0xc/0x30)
[    0.518620] Call Trace:
[    0.518966]  <TASK>
[    0.519268]  __intel_pmu_enable_all.constprop.51+0xb5/0x140
[    0.520045]  intel_pmu_enable_all+0x1e/0x30
[    0.520484]  x86_pmu_enable+0x46d/0x5a0
[    0.520484]  ? write_comp_data+0x2f/0x90
[    0.520484]  perf_pmu_enable+0x53/0x70
[    0.520484]  ctx_resched+0x14d/0x1e0
[    0.520484]  __perf_install_in_context+0x2f7/0x470
[    0.520484]  ? __pfx_remote_function+0x10/0x10
[    0.520484]  ? __pfx_remote_function+0x10/0x10
[    0.520484]  remote_function+0x80/0xa0
[    0.520484]  ? __pfx_remote_function+0x10/0x10
[    0.520484]  generic_exec_single+0x124/0x190
[    0.520484]  smp_call_function_single+0x11c/0x240
[    0.520484]  ? __pfx_remote_function+0x10/0x10
[    0.520484]  ? __sanitizer_cov_trace_pc+0x25/0x60
[    0.520484]  ? write_comp_data+0x2f/0x90
[    0.520484]  perf_install_in_context+0x2d8/0x300
[    0.520484]  ? __pfx___perf_install_in_context+0x10/0x10
[    0.520484]  perf_event_create_kernel_counter+0x284/0x2b0
[    0.520484]  ? __pfx_watchdog_overflow_callback+0x10/0x10
[    0.520484]  hardlockup_detector_event_create+0x46/0xd0
[    0.520484]  hardlockup_detector_perf_init+0x18/0x80
[    0.520484]  watchdog_nmi_probe+0x17/0x20
[    0.520484]  lockup_detector_init+0x40/0xb0
[    0.520484]  kernel_init_freeable+0x37e/0x730
[    0.520484]  ? __pfx_kernel_init+0x10/0x10
[    0.520484]  kernel_init+0x24/0x1e0
[    0.520484]  ? __pfx_kernel_init+0x10/0x10
[    0.520484]  ret_from_fork+0x29/0x50
[    0.520484]  </TASK>
[    0.520609] smp: Bringing up secondary CPUs ...
[    0.524801] x86: Booting SMP configuration:
[    0.528493] .... node  #0, CPUs:      #1
[    0.536532] smp: Brought up 1 node, 2 CPUs
[    0.544490] smpboot: Max logical packages: 1
[    0.548489] smpboot: Total of 2 processors activated (3225.60 BogoMIPS)
[    0.556719] devtmpfs: initialized
[    0.560577] Callback from call_rcu_tasks_rude() invoked.
[    0.560749] x86/mm: Memory block size: 128MB
[    0.576793] ACPI: PM: Registering ACPI NVS region [mem 0x00800000-0x00807fff] (32768 bytes)
[    0.580494] ACPI: PM: Registering ACPI NVS region [mem 0x00810000-0x008fffff] (983040 bytes)
[    0.584542] ACPI: PM: Registering ACPI NVS region [mem 0x7e8b6000-0x7e8c3fff] (57344 bytes)
[    0.588494] ACPI: PM: Registering ACPI NVS region [mem 0x7fbfb000-0x7fbfefff] (16384 bytes)
[    0.592490] ACPI: PM: Registering ACPI NVS region [mem 0x7ff70000-0x7fffffff] (589824 bytes)
[    0.596670] Running RCU synchronous self tests
[    0.600495] Running RCU synchronous self tests
[    0.604517] clocksource: jiffies: mask: 0xffffffff max_cycles: 0xffffffff, max_idle_ns: 7645041785100000 ns
[    0.608493] futex hash table entries: 512 (order: 4, 65536 bytes, linear)
[    0.612630] pinctrl core: initialized pinctrl subsystem
[    0.616719] 
[    0.616949] *************************************************************
[    0.620490] **     NOTICE NOTICE NOTICE NOTICE NOTICE NOTICE NOTICE    **
[    0.624490] **                                                         **
[    0.628502] **  IOMMU DebugFS SUPPORT HAS BEEN ENABLED IN THIS KERNEL  **
[    0.632490] **                                                         **
[    0.636490] ** This means that this kernel is built to expose internal **
[    0.640492] ** IOMMU data structures, which may compromise security on **
[    0.644489] ** your system.                                            **
[    0.648489] **                                                         **
[    0.652489] ** If you see this message and you are not debugging the   **
[    0.656490] ** kernel, report this immediately to your vendor!         **
[    0.660490] **                                                         **
[    0.664493] **     NOTICE NOTICE NOTICE NOTICE NOTICE NOTICE NOTICE    **
[    0.668489] *************************************************************
[    0.672514] Callback from call_rcu_tasks() invoked.
[    0.676588] PM: RTC time: 01:30:26, date: 2023-05-22
[    0.688918] NET: Registered PF_NETLINK/PF_ROUTE protocol family
[    0.692949] DMA: preallocated 256 KiB GFP_KERNEL pool for atomic allocations
[    0.696495] DMA: preallocated 256 KiB GFP_KERNEL|GFP_DMA pool for atomic allocations
[    0.700497] DMA: preallocated 256 KiB GFP_KERNEL|GFP_DMA32 pool for atomic allocations
[    0.704516] audit: initializing netlink subsys (disabled)
[    0.708520] audit: type=2000 audit(1684719027.570:1): state=initialized audit_enabled=0 res=1
[    0.708962] thermal_sys: Registered thermal governor 'fair_share'
[    0.712491] thermal_sys: Registered thermal governor 'bang_bang'
[    0.716491] thermal_sys: Registered thermal governor 'step_wise'
[    0.724491] thermal_sys: Registered thermal governor 'user_space'
[    0.728527] cpuidle: using governor ladder
[    0.740496] cpuidle: using governor menu
[    0.744747] acpiphp: ACPI Hot Plug PCI Controller Driver version: 0.5
[    0.752739] PCI: Using configuration type 1 for base access
[    0.764793] kprobes: kprobe jump-optimization is enabled. All kprobes are optimized if possible.
[    2.332485] HugeTLB: registered 1.00 GiB page size, pre-allocated 0 pages
[    2.340498] HugeTLB: 16380 KiB vmemmap can be freed for a 1.00 GiB page
[    2.348499] HugeTLB: registered 2.00 MiB page size, pre-allocated 0 pages
[    2.360495] HugeTLB: 28 KiB vmemmap can be freed for a 2.00 MiB page
[    2.380634] ACPI: Added _OSI(Module Device)
[    2.388494] ACPI: Added _OSI(Processor Device)
[    2.392491] ACPI: Added _OSI(3.0 _SCP Extensions)
[    2.400491] ACPI: Added _OSI(Processor Aggregator Device)
[    2.436909] ACPI: 1 ACPI AML tables successfully acquired and loaded
[   20.124500] ACPI: Interpreter enabled
[   20.124500] ACPI: PM: (supports S0 S3 S4 S5)
[   20.124500] ACPI: Using IOAPIC for interrupt routing
[   20.124500] PCI: Using host bridge windows from ACPI; if necessary, use "pci=nocrs" and report a bug
[   20.152495] PCI: Using E820 reservations for host bridge windows
[   20.160988] ACPI: Enabled 2 GPEs in block 00 to 0F
[   20.228484] ACPI: PCI Root Bridge [PCI0] (domain 0000 [bus 00-ff])
[   20.264508] acpi PNP0A03:00: _OSC: OS supports [ASPM ClockPM Segments MSI EDR HPX-Type3]
[   20.272497] acpi PNP0A03:00: _OSC: not requesting OS control; OS requires [ExtendedConfig ASPM ClockPM MSI]
[   20.284534] acpi PNP0A03:00: fail to add MMCONFIG information, can't access extended configuration space under this bridge
[   20.308696] acpiphp: Slot [3] registered
[   20.312541] acpiphp: Slot [4] registered
[   20.316540] acpiphp: Slot [5] registered
[   20.320540] acpiphp: Slot [6] registered
[   20.328542] acpiphp: Slot [7] registered
[   20.332542] acpiphp: Slot [8] registered
[   20.336540] acpiphp: Slot [9] registered
[   20.340540] acpiphp: Slot [10] registered
[   20.344541] acpiphp: Slot [11] registered
[   20.348540] acpiphp: Slot [12] registered
[   20.356543] acpiphp: Slot [13] registered
[   20.360541] acpiphp: Slot [14] registered
[   20.364540] acpiphp: Slot [15] registered
[   20.368540] acpiphp: Slot [16] registered
[   20.372540] acpiphp: Slot [17] registered
[   20.376540] acpiphp: Slot [18] registered
[   20.384542] acpiphp: Slot [19] registered
[   20.388540] acpiphp: Slot [20] registered
[   20.392541] acpiphp: Slot [21] registered
[   20.396540] acpiphp: Slot [22] registered
[   20.400540] acpiphp: Slot [23] registered
[   20.404540] acpiphp: Slot [24] registered
[   20.412542] acpiphp: Slot [25] registered
[   20.416540] acpiphp: Slot [26] registered
[   20.420540] acpiphp: Slot [27] registered
[   20.424540] acpiphp: Slot [28] registered
[   20.428540] acpiphp: Slot [29] registered
[   20.432540] acpiphp: Slot [30] registered
[   20.440542] acpiphp: Slot [31] registered
[   20.444509] PCI host bridge to bus 0000:00
[   20.448491] pci_bus 0000:00: root bus resource [io  0x0000-0x0cf7 window]
[   20.456493] pci_bus 0000:00: root bus resource [io  0x0d00-0xffff window]
[   20.464502] pci_bus 0000:00: root bus resource [mem 0x000a0000-0x000bffff window]
[   20.468491] pci_bus 0000:00: root bus resource [mem 0x80000000-0xfebfffff window]
[   20.476491] pci_bus 0000:00: root bus resource [mem 0x100000000-0x17fffffff window]
[   20.484492] pci_bus 0000:00: root bus resource [bus 00-ff]
[   20.492584] pci 0000:00:00.0: [8086:1237] type 00 class 0x060000
[   20.512965] pci 0000:00:01.0: [8086:7000] type 00 class 0x060100
[   20.514693] pci 0000:00:01.1: [8086:7010] type 00 class 0x010180
[   20.516484] pci 0000:00:01.1: reg 0x20: [io  0xc040-0xc04f]
[   20.556510] pci 0000:00:01.1: legacy IDE quirk: reg 0x10: [io  0x01f0-0x01f7]
[   20.564504] pci 0000:00:01.1: legacy IDE quirk: reg 0x14: [io  0x03f6]
[   20.572499] pci 0000:00:01.1: legacy IDE quirk: reg 0x18: [io  0x0170-0x0177]
[   20.580502] pci 0000:00:01.1: legacy IDE quirk: reg 0x1c: [io  0x0376]
[   20.588865] pci 0000:00:01.3: [8086:7113] type 00 class 0x068000
[   20.596590] pci 0000:00:01.3: quirk: [io  0xb000-0xb03f] claimed by PIIX4 ACPI
[   20.600502] pci 0000:00:01.3: quirk: [io  0xb100-0xb10f] claimed by PIIX4 SMB
[   20.604859] pci 0000:00:02.0: [1234:1111] type 00 class 0x030000
[   20.612669] pci 0000:00:02.0: reg 0x10: [mem 0x80000000-0x80ffffff pref]
[   20.624508] pci 0000:00:02.0: reg 0x18: [mem 0x81020000-0x81020fff]
[   20.644505] pci 0000:00:02.0: reg 0x30: [mem 0xffff0000-0xffffffff pref]
[   20.648547] pci 0000:00:02.0: BAR 0: assigned to efifb
[   20.652522] pci 0000:00:02.0: Video device with shadowed ROM at [mem 0x000c0000-0x000dffff]
[   20.672572] pci 0000:00:03.0: [8086:100e] type 00 class 0x020000
[   20.676919] pci 0000:00:03.0: reg 0x10: [mem 0x81000000-0x8101ffff]
[   20.680844] pci 0000:00:03.0: reg 0x14: [io  0xc000-0xc03f]
[   20.696726] pci 0000:00:03.0: reg 0x30: [mem 0xfffc0000-0xffffffff pref]
[   20.912667] ACPI: PCI: Interrupt link LNKA configured for IRQ 11
[   20.916776] ACPI: PCI: Interrupt link LNKB configured for IRQ 11
[   20.920767] ACPI: PCI: Interrupt link LNKC configured for IRQ 10
[   20.924766] ACPI: PCI: Interrupt link LNKD configured for IRQ 10
[   20.928627] ACPI: PCI: Interrupt link LNKS configured for IRQ 9
[   20.936706] iommu: Default domain type: Translated 
[   20.940492] iommu: DMA domain TLB invalidation policy: lazy mode 
[   20.952700] SCSI subsystem initialized
[   20.960606] ACPI: bus type USB registered
[   20.964525] usbcore: registered new interface driver usbfs
[   20.968510] usbcore: registered new interface driver hub
[   20.972512] usbcore: registered new device driver usb
[   20.976559] pps_core: LinuxPPS API ver. 1 registered
[   20.980489] pps_core: Software ver. 5.3.6 - Copyright 2005-2007 Rodolfo Giometti <giometti@linux.it>
[   20.984498] PTP clock support registered
[   20.988534] EDAC MC: Ver: 3.0.0
[   20.996641] efivars: Registered efivars operations
[   21.001241] NetLabel: Initializing
[   21.001722] NetLabel:  domain hash size = 128
[   21.002320] NetLabel:  protocols = UNLABELED CIPSOv4 CALIPSO
[   21.003128] NetLabel:  unlabeled traffic allowed by default
[   21.028564] PCI: Using ACPI for IRQ routing
[   21.036515] pci 0000:00:02.0: vgaarb: setting as boot VGA device
[   21.037350] pci 0000:00:02.0: vgaarb: bridge control possible
[   21.038136] pci 0000:00:02.0: vgaarb: VGA device added: decodes=io+mem,owns=io+mem,locks=none
[   21.056498] vgaarb: loaded
[   21.060723] hpet0: at MMIO 0xfed00000, IRQs 2, 8, 0
[   21.068490] hpet0: 3 comparators, 64-bit 100.000000 MHz counter
[   21.092616] clocksource: Switched to clocksource kvm-clock
[   21.093907] VFS: Disk quotas dquot_6.6.0
[   21.094484] VFS: Dquot-cache hash table entries: 512 (order 0, 4096 bytes)
[   21.095615] pnp: PnP ACPI init
[   21.097356] pnp: PnP ACPI: found 6 devices
[   21.106669] clocksource: acpi_pm: mask: 0xffffff max_cycles: 0xffffff, max_idle_ns: 2085701024 ns
[   21.108151] NET: Registered PF_INET protocol family
[   21.108933] IP idents hash table entries: 32768 (order: 6, 262144 bytes, linear)
[   21.110633] tcp_listen_portaddr_hash hash table entries: 1024 (order: 4, 73728 bytes, linear)
[   21.111844] Table-perturb hash table entries: 65536 (order: 6, 262144 bytes, linear)
[   21.112929] TCP established hash table entries: 16384 (order: 5, 131072 bytes, linear)
[   21.114187] TCP bind hash table entries: 16384 (order: 9, 2359296 bytes, linear)
[   21.115959] TCP: Hash tables configured (established 16384 bind 16384)
[   21.116959] UDP hash table entries: 1024 (order: 5, 163840 bytes, linear)
[   21.118017] UDP-Lite hash table entries: 1024 (order: 5, 163840 bytes, linear)
[   21.119162] NET: Registered PF_UNIX/PF_LOCAL protocol family
[   21.120221] RPC: Registered named UNIX socket transport module.
[   21.121112] RPC: Registered udp transport module.
[   21.121790] RPC: Registered tcp transport module.
[   21.122467] RPC: Registered tcp NFSv4.1 backchannel transport module.
[   21.123395] pci 0000:00:03.0: can't claim BAR 6 [mem 0xfffc0000-0xffffffff pref]: no compatible bridge window
[   21.124823] pci 0000:00:03.0: BAR 6: assigned [mem 0x81040000-0x8107ffff pref]
[   21.125880] pci_bus 0000:00: resource 4 [io  0x0000-0x0cf7 window]
[   21.126772] pci_bus 0000:00: resource 5 [io  0x0d00-0xffff window]
[   21.127666] pci_bus 0000:00: resource 6 [mem 0x000a0000-0x000bffff window]
[   21.128656] pci_bus 0000:00: resource 7 [mem 0x80000000-0xfebfffff window]
[   21.129671] pci_bus 0000:00: resource 8 [mem 0x100000000-0x17fffffff window]
[   21.130877] pci 0000:00:01.0: PIIX3: Enabling Passive Release
[   21.131729] pci 0000:00:00.0: Limiting direct PCI/PCI transfers
[   21.132705] PCI: CLS 0 bytes, default 64
[   21.133353] ACPI: bus type thunderbolt registered
[   21.134312] clocksource: tsc: mask: 0xffffffffffffffff max_cycles: 0xb9fb05486c, max_idle_ns: 440795231721 ns
[   21.165854] Initialise system trusted keyrings
[   21.166736] Key type blacklist registered
[   21.167605] workingset: timestamp_bits=36 max_order=19 bucket_order=0
[   21.168682] zbud: loaded
[   21.169732] squashfs: version 4.0 (2009/01/31) Phillip Lougher
[   21.171193] NFS: Registering the id_resolver key type
[   21.171977] Key type id_resolver registered
[   21.172594] Key type id_legacy registered
[   21.173228] nfs4filelayout_init: NFSv4 File Layout Driver Registering...
[   21.174251] nfs4flexfilelayout_init: NFSv4 Flexfile Layout Driver Registering...
[   21.175479] fuse: init (API version 7.38)
[   21.176463] SGI XFS with ACLs, security attributes, realtime, quota, no debug enabled
[   21.178149] 9p: Installing v9fs 9p2000 file system support
[   21.184968] Key type asymmetric registered
[   21.185627] Asymmetric key parser 'x509' registered
[   21.186405] Block layer SCSI generic (bsg) driver version 0.4 loaded (major 243)
[   21.187717] io scheduler mq-deadline registered
[   21.188430] io scheduler bfq registered
[   21.189535] shpchp: Standard Hot Plug PCI Controller Driver version: 0.4
[   21.190836] IPMI message handler: version 39.2
[   21.191560] ipmi device interface
[   21.193619] input: Power Button as /devices/LNXSYSTM:00/LNXPWRBN:00/input/input0
[   21.194916] ACPI: button: Power Button [PWRF]
[   21.196436] ERST DBG: ERST support is disabled.
[   21.197652] Serial: 8250/16550 driver, 32 ports, IRQ sharing enabled
[   21.199317] 00:04: ttyS0 at I/O 0x3f8 (irq = 4, base_baud = 115200) is a 16550A
[   21.206712] Linux agpgart interface v0.103
[   21.208014] ACPI: bus type drm_connector registered
[   21.217602] brd: module loaded
[   21.223193] loop: module loaded
[   21.226883] scsi host0: ata_piix
[   21.227752] scsi host1: ata_piix
[   21.228356] ata1: PATA max MWDMA2 cmd 0x1f0 ctl 0x3f6 bmdma 0xc040 irq 14
[   21.229384] ata2: PATA max MWDMA2 cmd 0x170 ctl 0x376 bmdma 0xc048 irq 15
[   21.231106] tun: Universal TUN/TAP device driver, 1.6
[   21.231959] e100: Intel(R) PRO/100 Network Driver
[   21.232654] e100: Copyright(c) 1999-2006 Intel Corporation
[   21.233514] e1000: Intel(R) PRO/1000 Network Driver
[   21.234235] e1000: Copyright (c) 1999-2006 Intel Corporation.
[   21.363226] ACPI: \_SB_.LNKC: Enabled at IRQ 10
[   21.389285] ata2: found unknown device (class 0)
[   21.390237] ata1: found unknown device (class 0)
[   21.391768] ata2.00: ATAPI: QEMU DVD-ROM, 2.5+, max UDMA/100
[   21.392735] ata1.00: ATA-7: QEMU HARDDISK, 2.5+, max UDMA/100
[   21.393559] ata1.00: 16777216 sectors, multi 16: LBA48 
[   21.395574] scsi 0:0:0:0: Direct-Access     ATA      QEMU HARDDISK    2.5+ PQ: 0 ANSI: 5
[   21.400955] scsi 0:0:0:0: Attached scsi generic sg0 type 0
[   21.402067] sd 0:0:0:0: [sda] 16777216 512-byte logical blocks: (8.59 GB/8.00 GiB)
[   21.403124] sd 0:0:0:0: [sda] Write Protect is off
[   21.403820] sd 0:0:0:0: [sda] Write cache: enabled, read cache: enabled, doesn't support DPO or FUA
[   21.405093] sd 0:0:0:0: [sda] Preferred minimum I/O size 512 bytes
[   21.409028] scsi 1:0:0:0: CD-ROM            QEMU     QEMU DVD-ROM     2.5+ PQ: 0 ANSI: 5
[   21.431285] sd 0:0:0:0: [sda] Attached SCSI disk
[   21.433292] scsi 1:0:0:0: Attached scsi generic sg1 type 5
[   21.709856] e1000 0000:00:03.0 eth0: (PCI:33MHz:32-bit) 52:54:00:12:34:56
[   21.710787] e1000 0000:00:03.0 eth0: Intel(R) PRO/1000 Network Connection
[   21.711740] e1000e: Intel(R) PRO/1000 Network Driver
[   21.712390] e1000e: Copyright(c) 1999 - 2015 Intel Corporation.
[   21.713216] igb: Intel(R) Gigabit Ethernet Network Driver
[   21.713918] igb: Copyright (c) 2007-2014 Intel Corporation.
[   21.714716] PPP generic driver version 2.4.2
[   21.715818] VFIO - User Level meta-driver version: 0.3
[   21.716936] usbcore: registered new interface driver uas
[   21.717684] usbcore: registered new interface driver usb-storage
[   21.718564] i8042: PNP: PS/2 Controller [PNP0303:KBD,PNP0f13:MOU] at 0x60,0x64 irq 1,12
[   21.720450] serio: i8042 KBD port at 0x60,0x64 irq 1
[   21.721143] serio: i8042 AUX port at 0x60,0x64 irq 12
[   21.722364] mousedev: PS/2 mouse device common for all mice
[   21.723843] input: AT Translated Set 2 keyboard as /devices/platform/i8042/serio0/input/input1
[   21.725070] rtc_cmos 00:05: RTC can wake from S4
[   21.725890] input: VirtualPS/2 VMware VMMouse as /devices/platform/i8042/serio1/input/input4
[   21.727413] rtc_cmos 00:05: registered as rtc0
[   21.727608] input: VirtualPS/2 VMware VMMouse as /devices/platform/i8042/serio1/input/input3
[   21.728111] rtc_cmos 00:05: setting system clock to 2023-05-22T01:30:29 UTC (1684719029)
[   21.730326] rtc_cmos 00:05: alarms up to one day, y3k, 242 bytes nvram
[   21.731195] i2c_dev: i2c /dev entries driver
[   21.731893] device-mapper: core: CONFIG_IMA_DISABLE_HTABLE is disabled. Duplicate IMA measurements will not be recorded in the IMA log.
[   21.733474] device-mapper: uevent: version 1.0.3
[   21.734261] device-mapper: ioctl: 4.48.0-ioctl (2023-03-01) initialised: dm-devel@redhat.com
[   21.735355] intel_pstate: CPU model not supported
[   21.736034] sdhci: Secure Digital Host Controller Interface driver
[   21.736834] sdhci: Copyright(c) Pierre Ossman
[   21.737477] sdhci-pltfm: SDHCI platform and OF driver helper
[   21.738247] ledtrig-cpu: registered to indicate activity on CPUs
[   21.739165] efifb: probing for efifb
[   21.739696] efifb: framebuffer at 0x80000000, using 1876k, total 1875k
[   21.740534] efifb: mode is 800x600x32, linelength=3200, pages=1
[   21.741324] efifb: scrolling: redraw
[   21.741791] efifb: Truecolor: size=8:8:8:8, shift=24:16:8:0
[   21.745149] Console: switching to colour frame buffer device 100x37
[   21.746910] fb0: EFI VGA frame buffer device
[   21.747536] pstore: Registered efi_pstore as persistent store backend
[   21.748611] drop_monitor: Initializing network drop monitor service
[   21.749572] NET: Registered PF_INET6 protocol family
[   21.752374] Segment Routing with IPv6
[   21.752888] In-situ OAM (IOAM) with IPv6
[   21.753451] NET: Registered PF_PACKET protocol family
[   21.754190] 9pnet: Installing 9P2000 support
[   21.754782] Key type dns_resolver registered
[   21.755994] IPI shorthand broadcast: enabled
[   21.767364] sched_clock: Marking stable (21748003395, 16984415)->(3681347705, 18083640105)
[   21.768778] registered taskstats version 1
[   21.769522] Loading compiled-in X.509 certificates
[   21.780224] Key type .fscrypt registered
[   21.780768] Key type fscrypt-provisioning registered
[   21.781527] pstore: Using crash dump compression: deflate
[   21.783059] Key type encrypted registered
[   21.783624] ima: No TPM chip found, activating TPM-bypass!
[   21.784353] ima: Allocated hash algorithm: sha1
[   21.785027] ima: No architecture policies found
[   21.785680] evm: Initialising EVM extended attributes:
[   21.786366] evm: security.selinux
[   21.786815] evm: security.SMACK64
[   21.787264] evm: security.SMACK64EXEC
[   21.787758] evm: security.SMACK64TRANSMUTE
[   21.788308] evm: security.SMACK64MMAP
[   21.788802] evm: security.apparmor
[   21.789283] evm: security.ima
[   21.789686] evm: security.capability
[   21.790169] evm: HMAC attrs: 0x1
[   21.791558] PM:   Magic number: 7:228:509
[   21.792165] ata_piix 0000:00:01.1: hash matches
[   21.793210] RAS: Correctable Errors collector initialized.
[   21.794016] clk: Disabling unused clocks
[   21.795064] md: Waiting for all devices to be available before autodetect
[   21.795650] md: If you don't use raid, use raid=noautodetect
[   21.796143] md: Autodetecting RAID arrays.
[   21.796508] md: autorun ...
[   21.796761] md: ... autorun DONE.
[   21.812719] EXT4-fs (sda): INFO: recovery required on readonly filesystem
[   21.813383] EXT4-fs (sda): write access will be enabled during recovery
[   21.970640] EXT4-fs (sda): recovery complete
[   21.972455] EXT4-fs (sda): mounted filesystem 23a53bb9-f815-47a5-b74c-5e08f7731193 ro with ordered data mode. Quota mode: none.
[   21.973558] VFS: Mounted root (ext4 filesystem) readonly on device 8:0.
[   21.976516] devtmpfs: mounted
[   21.982321] Freeing unused decrypted memory: 2036K
[   21.984723] Freeing unused kernel image (initmem) memory: 10444K
[   21.985326] Write protecting the kernel read-only data: 45056k
[   21.986818] Freeing unused kernel image (rodata/data gap) memory: 392K
[   22.061084] x86/mm: Checked W+X mappings: passed, no W+X pages found.
[   22.061737] Run /sbin/init as init process
[   22.173020] systemd[1]: RTC configured in localtime, applying delta of 0 minutes to system time.
[   22.201141] systemd[1]: systemd 239 (239-49.el8) running in system mode. (+PAM +AUDIT +SELINUX +IMA -APPARMOR +SMACK +SYSVINIT +UTMP +LIBCRYPTSETUP +GCRYPT +GNUTLS +ACL +XZ +LZ4 +SECCOMP +BLKID +ELFUTILS +KMOD +IDN2 -IDN +PCRE2 default-hierarchy=legacy)
[   22.203192] systemd[1]: Detected virtualization kvm.
[   22.203641] systemd[1]: Detected architecture x86-64.

Welcome to [0;31mCentOS Stream 8[0m!

[   22.269953] systemd[1]: Set hostname to <test>.
[   22.502086] systemd[1]: Created slice User and Session Slice.
[[0;32m  OK  [0m] Created slice User and Session Slice.
[   22.503777] systemd[1]: Listening on initctl Compatibility Named Pipe.
[[0;32m  OK  [0m] Listening on initctl Compatibility Named Pipe.
[   22.510179] systemd[1]: Listening on Process Core Dump Socket.
[[0;32m  OK  [0m] Listening on Process Core Dump Socket.
[   22.511495] systemd[1]: Listening on Journal Socket (/dev/log).
[[0;32m  OK  [0m] Listening on Journal Socket (/dev/log).
[   22.513118] systemd[1]: Set up automount Arbitrary Executable File Formats File System Automount Point.
[[0;32m  OK  [0m] Set up automount Arbitrary Executabâ€¦rmats File System Automount Point.
[   22.514895] systemd[1]: Reached target Swap.
[[0;32m  OK  [0m] Reached target Swap.
[[0;32m  OK  [0m] Started Forward Password Requests to Wall Directory Watch.
[[0;32m  OK  [0m] Listening on RPCbind Server Activation Socket.
[[0;32m  OK  [0m] Created slice system-sshd\x2dkeygen.slice.
[[0;32m  OK  [0m] Listening on udev Kernel Socket.
[[0;32m  OK  [0m] Created slice system-getty.slice.
[[0;32m  OK  [0m] Listening on multipathd control socket.
[[0;32m  OK  [0m] Reached target Slices.
[[0;32m  OK  [0m] Listening on Device-mapper event daemon FIFOs.
[[0;32m  OK  [0m] Reached target RPC Port Mapper.
[[0;32m  OK  [0m] Listening on LVM2 poll daemon socket.
[[0;32m  OK  [0m] Listening on Journal Socket.
         Mounting POSIX Message Queue File System...
         Mounting Huge Pages File System...
         Starting Remount Root and Kernel File Systems...
         Starting Setup Virtual Console...
         Starting Load Kernel Modules...
         Starting Monitoring of LVM2 mirrorsâ€¦ng dmeventd or progress polling...
         Mounting Kernel Debug File System...
[[0;32m  OK  [0m] Created slice system-serial\x2dgetty.slice.
         Starting Journal Service...
[[0;32m  OK  [0m] Listening on udev Control Socket.
         Starting udev Coldplug all Devices...
[[0;32m  OK  [0m] Mounted POSIX Message Queue File System.
[[0;32m  OK  [0m] Mounted Huge Pages File System.
[[0;1;31mFAILED[0m] Failed to start Load Kernel Modules.
See 'systemctl status systemd-modules-load.service' for details.
[[0;32m  OK  [0m] Started Monitoring of LVM2 mirrors,â€¦sing dmeventd or progress polling.
[[0;32m  OK  [0m] Mounted Kernel Debug File System.
[   22.728529] EXT4-fs (sda): re-mounted 23a53bb9-f815-47a5-b74c-5e08f7731193 r/w. Quota mode: none.
         Mounting FUSE Control File System...
         Starting Apply Kernel Variables...
         Mounting Kernel Configuration File System...
[[0;32m  OK  [0m] Started Remount Root and Kernel File Systems.
[[0;32m  OK  [0m] Started Setup Virtual Console.
[[0;32m  OK  [0m] Mounted FUSE Control File System.
[[0;32m  OK  [0m] Started Apply Kernel Variables.
[[0;32m  OK  [0m] Mounted Kernel Configuration File System.
         Starting Load/Save Random Seed...
         Starting Create Static Device Nodes in /dev...
[[0;32m  OK  [0m] Started Journal Service.
         Starting Flush Journal to Persistent Storage...
[[0;32m  OK  [0m] Started Load/Save Random Seed.
[[0;32m  OK  [0m] Started Create Static Device Nodes in /dev.
         Starting udev Kernel Device Manager...
[[0;32m  OK  [0m] Started Flush Journal to Persistent Storage.
[[0;32m  OK  [0m] Started udev Kernel Device Manager.
[[0;32m  OK  [0m] Started udev Coldplug all Devices.
         Starting udev Wait for Complete Device Initialization...
         Starting Show Plymouth Boot Screen...
[[0;32m  OK  [0m] Started Show Plymouth Boot Screen.
[[0;32m  OK  [0m] Reached target Local Encrypted Volumes.
[[0;32m  OK  [0m] Reached target Paths.
[[0;32m  OK  [0m] Started Forward Password Requests to Plymouth Directory Watch.
[[0;32m  OK  [0m] Started udev Wait for Complete Device Initialization.
[[0;32m  OK  [0m] Found device /dev/ttyS0.
[[0;32m  OK  [0m] Listening on Load/Save RF Kill Switch Status /dev/rfkill Watch.
[[0;32m  OK  [0m] Reached target Local File Systems (Pre).
[[0;32m  OK  [0m] Reached target Local File Systems.
         Starting Restore /run/initramfs on shutdown...
         Starting Create Volatile Files and Directories...
         Starting Tell Plymouth To Write Out Runtime Data...
[[0;32m  OK  [0m] Started Restore /run/initramfs on shutdown.
[[0;32m  OK  [0m] Started Tell Plymouth To Write Out Runtime Data.
[[0;32m  OK  [0m] Started Create Volatile Files and Directories.
         Mounting RPC Pipe File System...
         Starting RPC Bind...
         Starting Security Auditing Service...
[[0;32m  OK  [0m] Mounted RPC Pipe File System.
[[0;32m  OK  [0m] Reached target rpc_pipefs.target.
[[0;32m  OK  [0m] Started RPC Bind.
[[0;32m  OK  [0m] Started Security Auditing Service.
         Starting Update UTMP about System Boot/Shutdown...
[[0;32m  OK  [0m] Started Update UTMP about System Boot/Shutdown.
[[0;32m  OK  [0m] Reached target System Initialization.
[[0;32m  OK  [0m] Started daily update of the root trust anchor for DNSSEC.
[[0;32m  OK  [0m] Started dnf makecache --timer.
[[0;32m  OK  [0m] Listening on SSSD Kerberos Cache Manager responder socket.
[[0;32m  OK  [0m] Started Daily Cleanup of Temporary Directories.
[[0;32m  OK  [0m] Reached target Timers.
[[0;32m  OK  [0m] Listening on D-Bus System Message Bus Socket.
[[0;32m  OK  [0m] Reached target Sockets.
[[0;32m  OK  [0m] Reached target Basic System.
         Starting Self Monitoring and Reporting Technology (SMART) Daemon...
[[0;32m  OK  [0m] Started irqbalance daemon.
         Starting NTP client/server...
         Starting Login Service...
[[0;32m  OK  [0m] Started D-Bus System Message Bus.
         Starting Authorization Manager...
         Starting Auto-connect to subsystemsâ€¦-NVME devices found during boot...
[[0;32m  OK  [0m] Started Machine Check Exception Logging Daemon.
         Starting Network Manager...
[[0;32m  OK  [0m] Reached target sshd-keygen.target.
[[0;32m  OK  [0m] Started Self Monitoring and Reporting Technology (SMART) Daemon.
[[0;32m  OK  [0m] Started Auto-connect to subsystems â€¦FC-NVME devices found during boot.
         Starting update of the root trust aâ€¦or DNSSEC validation in unbound...
[[0;32m  OK  [0m] Started Login Service.
[[0;32m  OK  [0m] Started NTP client/server.
[[0;32m  OK  [0m] Started update of the root trust anâ€¦ for DNSSEC validation in unbound.
[[0;32m  OK  [0m] Started Network Manager.
         Starting Network Manager Wait Online...
[[0;32m  OK  [0m] Reached target Network.
         Starting Dynamic System Tuning Daemon...
         Starting GSSAPI Proxy Daemon...
         Starting OpenSSH server daemon...
[[0;32m  OK  [0m] Started Authorization Manager.
         Starting Hostname Service...
[[0;32m  OK  [0m] Started OpenSSH server daemon.
[[0;32m  OK  [0m] Started GSSAPI Proxy Daemon.
[[0;32m  OK  [0m] Reached target NFS client services.
[[0;32m  OK  [0m] Reached target Remote File Systems (Pre).
[[0;32m  OK  [0m] Reached target Remote File Systems.
         Starting Permit User Sessions...
[[0;32m  OK  [0m] Started Permit User Sessions.
[[0;32m  OK  [0m] Started Command Scheduler.
         Starting Terminate Plymouth Boot Screen...
         Starting Hold until boot process finishes up...
[   24.509211] e1000: eth0 NIC Link is Up 1000 Mbps Full Duplex, Flow Control: RX
[   24.510552] IPv6: ADDRCONF(NETDEV_CHANGE): eth0: link becomes ready
[   24.749389] Spectre V2 : WARNING: Unprivileged eBPF is enabled with eIBRS on, data leaks possible via Spectre v2 BHB attacks!
[   24.750445] Spectre V2 : WARNING: Unprivileged eBPF is enabled with eIBRS on, data leaks possible via Spectre v2 BHB attacks!

CentOS Stream 8
Kernel 6.4.0-rc3-kvm on an x86_64

test login: root
[   29.618027] memfd_create() without MFD_EXEC nor MFD_NOEXEC_SEAL, pid=332 'systemd'
Last login: Tue Apr 25 06:59:58 on ttyS0
*******************************************************
Welcome to the Embargoed Overlay on CentOS

This content is for INTEL INTERNAL USE ONLY.

For support issues, please submit a request:
https://jira.devtools.intel.com/browse/LNXO
*******************************************************
[root@test ~]# 
[root@test ~]# s[Kls
1.log		 file1			    repro.sh	      syzkaller.ocGHuS
anaconda-ks.cfg  Install_kernel_record.log  shadow_test_fork  syzkaller.rowofn
binderfs	 quick_test		    syzkaller.DCHtNz  syzkaller.VmkFCp
cet_ibt		 quick_test.c		    syzkaller.HhrgkM  syzkaller.XLPDaL
cpuid		 repro			    syzkaller.IhT9ax
cpuid.c		 repro.c		    syzkaller.ML6NuD
file0		 repro_rcu		    syzkaller.NzE41L
[root@test ~]# 
[root@test ~]# ls
1.log		 file1			    repro.sh	      syzkaller.ocGHuS
anaconda-ks.cfg  Install_kernel_record.log  shadow_test_fork  syzkaller.rowofn
binderfs	 quick_test		    syzkaller.DCHtNz  syzkaller.VmkFCp
cet_ibt		 quick_test.c		    syzkaller.HhrgkM  syzkaller.XLPDaL
cpuid		 repro			    syzkaller.IhT9ax
cpuid.c		 repro.c		    syzkaller.ML6NuD
file0		 repro_rcu		    syzkaller.NzE41L
[root@test ~]# ./[K[K./repro
[   91.419498] loop0: detected capacity change from 0 to 65536
[   91.420095] XFS: attr2 mount option is deprecated.
[   91.420500] XFS: ikeep mount option is deprecated.
[   91.422379] XFS (loop0): Deprecated V4 format (crc=0) will not be supported after September 2030.
[   91.423468] XFS (loop0): Mounting V4 Filesystem d28317a9-9e04-4f2a-be27-e55b4c413ff6
[   91.428169] XFS (loop0): Ending clean mount
[   91.429120] XFS (loop0): Quotacheck needed: Please wait.
[   91.432182] BUG: kernel NULL pointer dereference, address: 0000000000000008
[   91.432770] #PF: supervisor read access in kernel mode
[   91.433216] #PF: error_code(0x0000) - not-present page
[   91.433640] PGD 0 P4D 0 
[   91.433864] Oops: 0000 [#1] PREEMPT SMP NOPTI
[   91.434232] CPU: 0 PID: 33 Comm: kworker/u4:2 Not tainted 6.4.0-rc3-kvm #2
[   91.434793] Hardware name: QEMU Standard PC (i440FX + PIIX, 1996), BIOS 0.0.0 02/06/2015
[   91.435445] Workqueue: xfs_iwalk-393 xfs_pwork_work
[   91.435855] RIP: 0010:xfs_extent_free_diff_items+0x27/0x40
[   91.436312] Code: 90 90 90 f3 0f 1e fa 0f 1f 44 00 00 55 48 89 e5 41 54 49 89 f4 53 48 89 d3 e8 05 73 7d ff 49 8b 44 24 28 48 8b 53 28 5b 41 5c <8b> 40 08 5d 2b 42 08 c3 cc cc cc cc 66 66 2e 0f 1f 84 00 00 00 00
[   91.437812] RSP: 0000:ffffc9000012b8c0 EFLAGS: 00010246
[   91.438250] RAX: 0000000000000000 RBX: ffff8880015826c8 RCX: ffffffff81d71e41
[   91.438840] RDX: 0000000000000000 RSI: ffff888001ca4800 RDI: 0000000000000002
[   91.439430] RBP: ffffc9000012b8c0 R08: ffffc9000012b8e0 R09: 0000000000000000
[   91.440019] R10: ffff88800613f290 R11: ffffffff83e426c0 R12: ffff888001582230
[   91.440610] R13: ffff888001582428 R14: ffffffff81b042c0 R15: ffffc9000012b908
[   91.441202] FS:  0000000000000000(0000) GS:ffff88807ec00000(0000) knlGS:0000000000000000
[   91.441864] CS:  0010 DS: 0000 ES: 0000 CR0: 0000000080050033
[   91.442343] CR2: 0000000000000008 CR3: 000000000ed22006 CR4: 0000000000770ef0
[   91.442941] PKRU: 55555554
[   91.443178] Call Trace:
[   91.443394]  <TASK>
[   91.443585]  list_sort+0xb8/0x3a0
[   91.443885]  xfs_extent_free_create_intent+0xb6/0xc0
[   91.444312]  xfs_defer_create_intents+0xc3/0x220
[   91.444711]  ? write_comp_data+0x2f/0x90
[   91.445056]  xfs_defer_finish_noroll+0x9e/0xbc0
[   91.445449]  ? list_sort+0x344/0x3a0
[   91.445768]  __xfs_trans_commit+0x4be/0x630
[   91.446135]  xfs_trans_commit+0x20/0x30
[   91.446473]  xfs_dquot_disk_alloc+0x45d/0x4e0
[   91.446860]  xfs_qm_dqread+0x2f7/0x310
[   91.447192]  xfs_qm_dqget+0xd5/0x300
[   91.447506]  xfs_qm_quotacheck_dqadjust+0x5a/0x230
[   91.447921]  xfs_qm_dqusage_adjust+0x249/0x300
[   91.448313]  xfs_iwalk_ag_recs+0x1bd/0x2e0
[   91.448671]  xfs_iwalk_run_callbacks+0xc3/0x1c0
[   91.449071]  xfs_iwalk_ag+0x32e/0x3f0
[   91.449398]  xfs_iwalk_ag_work+0xbe/0xf0
[   91.449744]  xfs_pwork_work+0x2c/0xc0
[   91.450064]  process_one_work+0x3b1/0x860
[   91.450416]  worker_thread+0x52/0x660
[   91.450739]  ? __pfx_worker_thread+0x10/0x10
[   91.451113]  kthread+0x16d/0x1c0
[   91.451406]  ? __pfx_kthread+0x10/0x10
[   91.451740]  ret_from_fork+0x29/0x50
[   91.452064]  </TASK>
[   91.452261] Modules linked in:
[   91.452530] CR2: 0000000000000008
[   91.452819] ---[ end trace 0000000000000000 ]---
[   91.487979] RIP: 0010:xfs_extent_free_diff_items+0x27/0x40
[   91.488463] Code: 90 90 90 f3 0f 1e fa 0f 1f 44 00 00 55 48 89 e5 41 54 49 89 f4 53 48 89 d3 e8 05 73 7d ff 49 8b 44 24 28 48 8b 53 28 5b 41 5c <8b> 40 08 5d 2b 42 08 c3 cc cc cc cc 66 66 2e 0f 1f 84 00 00 00 00
[   91.490021] RSP: 0000:ffffc9000012b8c0 EFLAGS: 00010246
[   91.490472] RAX: 0000000000000000 RBX: ffff8880015826c8 RCX: ffffffff81d71e41
[   91.491080] RDX: 0000000000000000 RSI: ffff888001ca4800 RDI: 0000000000000002
[   91.491689] RBP: ffffc9000012b8c0 R08: ffffc9000012b8e0 R09: 0000000000000000
[   91.492298] R10: ffff88800613f290 R11: ffffffff83e426c0 R12: ffff888001582230
[   91.492909] R13: ffff888001582428 R14: ffffffff81b042c0 R15: ffffc9000012b908
[   91.493516] FS:  0000000000000000(0000) GS:ffff88807ec00000(0000) knlGS:0000000000000000
[   91.494199] CS:  0010 DS: 0000 ES: 0000 CR0: 0000000080050033
[   91.494695] CR2: 0000000000000008 CR3: 000000000ed22006 CR4: 0000000000770ef0
[   91.495306] PKRU: 55555554
[   91.495549] note: kworker/u4:2[33] exited with irqs disabled

