c[?7l[2J[0mSeaBIOS (version rel-1.16.0-0-gd239552ce722-prebuilt.qemu.org)


iPXE (http://ipxe.org) 00:03.0 CA00 PCI2.10 PnP PMM+7FF91000+7FEF1000 CA00
Press Ctrl-B to configure iPXE (PCI 00:03.0)...                                                                               


Booting from ROM..c[?7l[2J[    0.000000] Linux version 6.1.0-rc1-4a6f278d4827+ (root@p-tglh01.sh.intel.com) (gcc (GCC) 8.5.0 20210514 (Red Hat 8.5.0-17), GNU ld version 2.36.1-2.el8) #1 SMP PREEMPT_DYNAMIC Thu Nov 17 14:07:38 CST 2022
[    0.000000] Command line: console=ttyS0 root=/dev/sda earlyprintk=serial net.ifnames=0
[    0.000000] KERNEL supported cpus:
[    0.000000]   Intel GenuineIntel
[    0.000000]   AMD AuthenticAMD
[    0.000000]   Hygon HygonGenuine
[    0.000000]   Centaur CentaurHauls
[    0.000000]   zhaoxin   Shanghai  
[    0.000000] x86/fpu: Supporting XSAVE feature 0x001: 'x87 floating point registers'
[    0.000000] x86/fpu: Supporting XSAVE feature 0x002: 'SSE registers'
[    0.000000] x86/fpu: Supporting XSAVE feature 0x004: 'AVX registers'
[    0.000000] x86/fpu: Supporting XSAVE feature 0x020: 'AVX-512 opmask'
[    0.000000] x86/fpu: Supporting XSAVE feature 0x040: 'AVX-512 Hi256'
[    0.000000] x86/fpu: Supporting XSAVE feature 0x080: 'AVX-512 ZMM_Hi256'
[    0.000000] x86/fpu: Supporting XSAVE feature 0x200: 'Protection Keys User registers'
[    0.000000] x86/fpu: xstate_offset[2]:  576, xstate_sizes[2]:  256
[    0.000000] x86/fpu: xstate_offset[5]:  832, xstate_sizes[5]:   64
[    0.000000] x86/fpu: xstate_offset[6]:  896, xstate_sizes[6]:  512
[    0.000000] x86/fpu: xstate_offset[7]: 1408, xstate_sizes[7]: 1024
[    0.000000] x86/fpu: xstate_offset[9]: 2432, xstate_sizes[9]:    8
[    0.000000] x86/fpu: Enabled xstate features 0x2e7, context size is 2440 bytes, using 'compacted' format.
[    0.000000] signal: max sigframe size: 3632
[    0.000000] BIOS-provided physical RAM map:
[    0.000000] BIOS-e820: [mem 0x0000000000000000-0x000000000009fbff] usable
[    0.000000] BIOS-e820: [mem 0x000000000009fc00-0x000000000009ffff] reserved
[    0.000000] BIOS-e820: [mem 0x00000000000f0000-0x00000000000fffff] reserved
[    0.000000] BIOS-e820: [mem 0x0000000000100000-0x000000007ffdffff] usable
[    0.000000] BIOS-e820: [mem 0x000000007ffe0000-0x000000007fffffff] reserved
[    0.000000] BIOS-e820: [mem 0x00000000feffc000-0x00000000feffffff] reserved
[    0.000000] BIOS-e820: [mem 0x00000000fffc0000-0x00000000ffffffff] reserved
[    0.000000] printk: bootconsole [earlyser0] enabled
[    0.000000] NX (Execute Disable) protection: active
[    0.000000] SMBIOS 2.8 present.
[    0.000000] DMI: QEMU Standard PC (i440FX + PIIX, 1996), BIOS rel-1.16.0-0-gd239552ce722-prebuilt.qemu.org 04/01/2014
[    0.000000] Hypervisor detected: KVM
[    0.000000] kvm-clock: Using msrs 4b564d01 and 4b564d00
[    0.000003] kvm-clock: using sched offset of 440539432 cycles
[    0.000469] clocksource: kvm-clock: mask: 0xffffffffffffffff max_cycles: 0x1cd42e4dffb, max_idle_ns: 881590591483 ns
[    0.001870] tsc: Detected 3110.400 MHz processor
[    0.009819] last_pfn = 0x7ffe0 max_arch_pfn = 0x400000000
[    0.010355] x86/PAT: Configuration [0-7]: WB  WC  UC- UC  WB  WP  UC- WT  
[    0.020218] found SMP MP-table at [mem 0x000f5ba0-0x000f5baf]
[    0.020853] Using GB pages for direct mapping
[    0.022470] ACPI: Early table checksum verification disabled
[    0.023014] ACPI: RSDP 0x00000000000F59C0 000014 (v00 BOCHS )
[    0.023535] ACPI: RSDT 0x000000007FFE1951 000034 (v01 BOCHS  BXPC     00000001 BXPC 00000001)
[    0.024309] ACPI: FACP 0x000000007FFE17FD 000074 (v01 BOCHS  BXPC     00000001 BXPC 00000001)
[    0.025081] ACPI: DSDT 0x000000007FFE0040 0017BD (v01 BOCHS  BXPC     00000001 BXPC 00000001)
[    0.025848] ACPI: FACS 0x000000007FFE0000 000040
[    0.026272] ACPI: APIC 0x000000007FFE1871 000080 (v01 BOCHS  BXPC     00000001 BXPC 00000001)
[    0.027037] ACPI: HPET 0x000000007FFE18F1 000038 (v01 BOCHS  BXPC     00000001 BXPC 00000001)
[    0.027799] ACPI: WAET 0x000000007FFE1929 000028 (v01 BOCHS  BXPC     00000001 BXPC 00000001)
[    0.028560] ACPI: Reserving FACP table memory at [mem 0x7ffe17fd-0x7ffe1870]
[    0.029180] ACPI: Reserving DSDT table memory at [mem 0x7ffe0040-0x7ffe17fc]
[    0.029795] ACPI: Reserving FACS table memory at [mem 0x7ffe0000-0x7ffe003f]
[    0.030410] ACPI: Reserving APIC table memory at [mem 0x7ffe1871-0x7ffe18f0]
[    0.031026] ACPI: Reserving HPET table memory at [mem 0x7ffe18f1-0x7ffe1928]
[    0.031641] ACPI: Reserving WAET table memory at [mem 0x7ffe1929-0x7ffe1950]
[    0.033333] No NUMA configuration found
[    0.033666] Faking a node at [mem 0x0000000000000000-0x000000007ffdffff]
[    0.034311] NODE_DATA(0) allocated [mem 0x7ffb5000-0x7ffdffff]
[    0.038247] Zone ranges:
[    0.038472]   DMA      [mem 0x0000000000001000-0x0000000000ffffff]
[    0.039001]   DMA32    [mem 0x0000000001000000-0x000000007ffdffff]
[    0.039521]   Normal   empty
[    0.039766]   Device   empty
[    0.040012] Movable zone start for each node
[    0.040389] Early memory node ranges
[    0.040688]   node   0: [mem 0x0000000000001000-0x000000000009efff]
[    0.041215]   node   0: [mem 0x0000000000100000-0x000000007ffdffff]
[    0.041745] Initmem setup node 0 [mem 0x0000000000001000-0x000000007ffdffff]
[    0.043010] On node 0, zone DMA: 1 pages in unavailable ranges
[    0.043173] On node 0, zone DMA: 97 pages in unavailable ranges
[    0.071851] On node 0, zone DMA32: 32 pages in unavailable ranges
[    0.072684] ACPI: PM-Timer IO Port: 0x608
[    0.073585] ACPI: LAPIC_NMI (acpi_id[0xff] dfl dfl lint[0x1])
[    0.074120] IOAPIC[0]: apic_id 0, version 17, address 0xfec00000, GSI 0-23
[    0.074703] ACPI: INT_SRC_OVR (bus 0 bus_irq 0 global_irq 2 dfl dfl)
[    0.075232] ACPI: INT_SRC_OVR (bus 0 bus_irq 5 global_irq 5 high level)
[    0.075784] ACPI: INT_SRC_OVR (bus 0 bus_irq 9 global_irq 9 high level)
[    0.076360] ACPI: INT_SRC_OVR (bus 0 bus_irq 10 global_irq 10 high level)
[    0.076966] ACPI: INT_SRC_OVR (bus 0 bus_irq 11 global_irq 11 high level)
[    0.077581] ACPI: Using ACPI (MADT) for SMP configuration information
[    0.078148] ACPI: HPET id: 0x8086a201 base: 0xfed00000
[    0.078622] TSC deadline timer available
[    0.078946] smpboot: Allowing 2 CPUs, 0 hotplug CPUs
[    0.079438] kvm-guest: KVM setup pv remote TLB flush
[    0.079850] kvm-guest: setup PV sched yield
[    0.080268] PM: hibernation: Registered nosave memory: [mem 0x00000000-0x00000fff]
[    0.080913] PM: hibernation: Registered nosave memory: [mem 0x0009f000-0x0009ffff]
[    0.081556] PM: hibernation: Registered nosave memory: [mem 0x000a0000-0x000effff]
[    0.082185] PM: hibernation: Registered nosave memory: [mem 0x000f0000-0x000fffff]
[    0.082819] [mem 0x80000000-0xfeffbfff] available for PCI devices
[    0.083329] Booting paravirtualized kernel on KVM
[    0.083741] clocksource: refined-jiffies: mask: 0xffffffff max_cycles: 0xffffffff, max_idle_ns: 7645519600211568 ns
[    0.084642] setup_percpu: NR_CPUS:8192 nr_cpumask_bits:2 nr_cpu_ids:2 nr_node_ids:1
[    0.087252] percpu: Embedded 62 pages/cpu s217088 r8192 d28672 u1048576
[    0.088036] kvm-guest: PV spinlocks enabled
[    0.088411] PV qspinlock hash table entries: 256 (order: 0, 4096 bytes, linear)
[    0.089044] Fallback order for Node 0: 0 
[    0.089395] Built 1 zonelists, mobility grouping on.  Total pages: 515808
[    0.089980] Policy zone: DMA32
[    0.090235] Kernel command line: net.ifnames=0 console=ttyS0 root=/dev/sda earlyprintk=serial net.ifnames=0
[    0.093383] Dentry cache hash table entries: 262144 (order: 9, 2097152 bytes, linear)
[    0.094717] Inode-cache hash table entries: 131072 (order: 8, 1048576 bytes, linear)
[    0.095499] mem auto-init: stack:off, heap alloc:off, heap free:off
[    0.099276] Memory: 1999736K/2096632K available (30736K kernel code, 4078K rwdata, 7524K rodata, 3620K init, 10536K bss, 96640K reserved, 0K cma-reserved)
[    0.101561] SLUB: HWalign=64, Order=0-3, MinObjects=0, CPUs=2, Nodes=1
[    0.102144] kmemleak: Kernel memory leak detector disabled
[    0.102623] ftrace: allocating 66311 entries in 260 pages
[    0.132973] ftrace: allocated 260 pages with 2 groups
[    0.135237] Dynamic Preempt: voluntary
[    0.135647] rcu: Preemptible hierarchical RCU implementation.
[    0.136113] rcu: 	RCU restricting CPUs from NR_CPUS=8192 to nr_cpu_ids=2.
[    0.136683] 	Trampoline variant of Tasks RCU enabled.
[    0.137090] 	Rude variant of Tasks RCU enabled.
[    0.137461] 	Tracing variant of Tasks RCU enabled.
[    0.137855] rcu: RCU calculated value of scheduler-enlistment delay is 25 jiffies.
[    0.138459] rcu: Adjusting geometry for rcu_fanout_leaf=16, nr_cpu_ids=2
[    0.165693] NR_IRQS: 524544, nr_irqs: 440, preallocated irqs: 16
[    0.166477] rcu: srcu_init: Setting srcu_struct sizes based on contention.
[    0.174365] Console: colour VGA+ 80x25
[    0.174748] printk: console [ttyS0] enabled
[    0.174748] printk: console [ttyS0] enabled
[    0.175451] printk: bootconsole [earlyser0] disabled
[    0.175451] printk: bootconsole [earlyser0] disabled
[    0.176334] ACPI: Core revision 20220331
[    0.176915] clocksource: hpet: mask: 0xffffffff max_cycles: 0xffffffff, max_idle_ns: 19112604467 ns
[    0.177797] APIC: Switch to symmetric I/O mode setup
[    0.178404] x2apic enabled
[    0.178830] Switched APIC routing to physical x2apic.
[    0.179268] kvm-guest: setup PV IPIs
[    0.180455] ..TIMER: vector=0x30 apic1=0 pin1=2 apic2=-1 pin2=-1
[    0.180989] clocksource: tsc-early: mask: 0xffffffffffffffff max_cycles: 0x2cd5a8bb032, max_idle_ns: 440795365915 ns
[    0.181914] Calibrating delay loop (skipped) preset value.. 6220.80 BogoMIPS (lpj=12441600)
[    0.182640] pid_max: default: 32768 minimum: 301
[    0.183214] LSM: Security Framework initializing
[    0.183624] Yama: becoming mindful.
[    0.184131] Mount-cache hash table entries: 4096 (order: 3, 32768 bytes, linear)
[    0.184799] Mountpoint-cache hash table entries: 4096 (order: 3, 32768 bytes, linear)
[    0.187632] x86/cpu: User Mode Instruction Prevention (UMIP) activated
[    0.189030] Last level iTLB entries: 4KB 0, 2MB 0, 4MB 0
[    0.189537] Last level dTLB entries: 4KB 0, 2MB 0, 4MB 0, 1GB 0
[    0.189985] Spectre V1 : Mitigation: usercopy/swapgs barriers and __user pointer sanitization
[    0.190691] Spectre V2 : WARNING: Unprivileged eBPF is enabled with eIBRS on, data leaks possible via Spectre v2 BHB attacks!
[    0.191620] Spectre V2 : Mitigation: Enhanced IBRS
[    0.192008] Spectre V2 : Spectre v2 / SpectreRSB mitigation: Filling RSB on context switch
[    0.192650] Spectre V2 : Spectre v2 / PBRSB-eIBRS: Retire a single CALL on VMEXIT
[    0.193234] Spectre V2 : mitigation: Enabling conditional Indirect Branch Prediction Barrier
[    0.193907] Speculative Store Bypass: Mitigation: Speculative Store Bypass disabled via prctl
[    0.304013] Freeing SMP alternatives memory: 56K
[    0.304808] smpboot: CPU0: Genuine Intel(R) CPU 0000 @ 2.20GHz (family: 0x6, model: 0x8d, stepping: 0x0)
[    0.305904] cblist_init_generic: Setting adjustable number of callback queues.
[    0.305904] cblist_init_generic: Setting shift to 1 and lim to 1.
[    0.305904] cblist_init_generic: Setting shift to 1 and lim to 1.
[    0.305904] cblist_init_generic: Setting shift to 1 and lim to 1.
[    0.305904] Performance Events: Icelake events, full-width counters, Intel PMU driver.
[    0.305912] ... version:                2
[    0.306249] ... bit width:              48
[    0.306588] ... generic registers:      8
[    0.306923] ... value mask:             0000ffffffffffff
[    0.307351] ... max period:             00007fffffffffff
[    0.307785] ... fixed-purpose events:   3
[    0.308121] ... event mask:             00000007000000ff
[    0.308801] rcu: Hierarchical SRCU implementation.
[    0.309193] rcu: 	Max phase no-delay instances is 1000.
[    0.312093] smp: Bringing up secondary CPUs ...
[    0.312741] x86: Booting SMP configuration:
[    0.313086] .... node  #0, CPUs:      #1
[    0.313476] smp: Brought up 1 node, 2 CPUs
[    0.314236] smpboot: Max logical packages: 1
[    0.314576] smpboot: Total of 2 processors activated (12441.60 BogoMIPS)
[    0.318261] devtmpfs: initialized
[    0.318339] x86/mm: Memory block size: 128MB
[    0.319979] clocksource: jiffies: mask: 0xffffffff max_cycles: 0xffffffff, max_idle_ns: 7645041785100000 ns
[    0.319979] futex hash table entries: 512 (order: 3, 32768 bytes, linear)
[    0.322055] pinctrl core: initialized pinctrl subsystem
[    0.322751] 
[    0.322889] *************************************************************
[    0.323436] **     NOTICE NOTICE NOTICE NOTICE NOTICE NOTICE NOTICE    **
[    0.323992] **                                                         **
[    0.324539] **  IOMMU DebugFS SUPPORT HAS BEEN ENABLED IN THIS KERNEL  **
[    0.325108] **                                                         **
[    0.325649] ** This means that this kernel is built to expose internal **
[    0.325908] ** IOMMU data structures, which may compromise security on **
[    0.326447] ** your system.                                            **
[    0.326984] **                                                         **
[    0.327523] ** If you see this message and you are not debugging the   **
[    0.328065] ** kernel, report this immediately to your vendor!         **
[    0.328623] **                                                         **
[    0.329174] **     NOTICE NOTICE NOTICE NOTICE NOTICE NOTICE NOTICE    **
[    0.329723] *************************************************************
[    0.329962] PM: RTC time: 06:08:17, date: 2022-11-17
[    0.335856] NET: Registered PF_NETLINK/PF_ROUTE protocol family
[    0.336738] DMA: preallocated 256 KiB GFP_KERNEL pool for atomic allocations
[    0.337335] DMA: preallocated 256 KiB GFP_KERNEL|GFP_DMA pool for atomic allocations
[    0.337912] DMA: preallocated 256 KiB GFP_KERNEL|GFP_DMA32 pool for atomic allocations
[    0.338586] audit: initializing netlink subsys (disabled)
[    0.339102] audit: type=2000 audit(1668665298.432:1): state=initialized audit_enabled=0 res=1
[    0.339102] thermal_sys: Registered thermal governor 'fair_share'
[    0.339102] thermal_sys: Registered thermal governor 'bang_bang'
[    0.339138] thermal_sys: Registered thermal governor 'step_wise'
[    0.339612] thermal_sys: Registered thermal governor 'user_space'
[    0.340099] cpuidle: using governor ladder
[    0.341913] cpuidle: using governor menu
[    0.342493] acpiphp: ACPI Hot Plug PCI Controller Driver version: 0.5
[    0.343271] PCI: Using configuration type 1 for base access
[    0.352226] kprobes: kprobe jump-optimization is enabled. All kprobes are optimized if possible.
[    0.567422] HugeTLB: registered 1.00 GiB page size, pre-allocated 0 pages
[    0.568014] HugeTLB: 16380 KiB vmemmap can be freed for a 1.00 GiB page
[    0.568563] HugeTLB: registered 2.00 MiB page size, pre-allocated 0 pages
[    0.569125] HugeTLB: 28 KiB vmemmap can be freed for a 2.00 MiB page
[    0.570615] ACPI: Added _OSI(Module Device)
[    0.570984] ACPI: Added _OSI(Processor Device)
[    0.571360] ACPI: Added _OSI(3.0 _SCP Extensions)
[    0.571752] ACPI: Added _OSI(Processor Aggregator Device)
[    0.576341] ACPI: 1 ACPI AML tables successfully acquired and loaded
[    0.579236] ACPI: Interpreter enabled
[    0.579609] ACPI: PM: (supports S0 S3 S4 S5)
[    0.579952] ACPI: Using IOAPIC for interrupt routing
[    0.580399] PCI: Using host bridge windows from ACPI; if necessary, use "pci=nocrs" and report a bug
[    0.581115] PCI: Using E820 reservations for host bridge windows
[    0.582096] ACPI: Enabled 2 GPEs in block 00 to 0F
[    0.593436] ACPI: PCI Root Bridge [PCI0] (domain 0000 [bus 00-ff])
[    0.593922] acpi PNP0A03:00: _OSC: OS supports [ASPM ClockPM Segments MSI EDR HPX-Type3]
[    0.594582] acpi PNP0A03:00: _OSC: not requesting OS control; OS requires [ExtendedConfig ASPM ClockPM MSI]
[    0.595429] acpi PNP0A03:00: fail to add MMCONFIG information, can't access extended PCI configuration space under this bridge.
[    0.597774] acpiphp: Slot [3] registered
[    0.597964] acpiphp: Slot [4] registered
[    0.598349] acpiphp: Slot [5] registered
[    0.598729] acpiphp: Slot [6] registered
[    0.599111] acpiphp: Slot [7] registered
[    0.599488] acpiphp: Slot [8] registered
[    0.599859] acpiphp: Slot [9] registered
[    0.600237] acpiphp: Slot [10] registered
[    0.600628] acpiphp: Slot [11] registered
[    0.601008] acpiphp: Slot [12] registered
[    0.601386] acpiphp: Slot [13] registered
[    0.601763] acpiphp: Slot [14] registered
[    0.601956] acpiphp: Slot [15] registered
[    0.602351] acpiphp: Slot [16] registered
[    0.602732] acpiphp: Slot [17] registered
[    0.603110] acpiphp: Slot [18] registered
[    0.603486] acpiphp: Slot [19] registered
[    0.603863] acpiphp: Slot [20] registered
[    0.604240] acpiphp: Slot [21] registered
[    0.604617] acpiphp: Slot [22] registered
[    0.604999] acpiphp: Slot [23] registered
[    0.605377] acpiphp: Slot [24] registered
[    0.605762] acpiphp: Slot [25] registered
[    0.605957] acpiphp: Slot [26] registered
[    0.606334] acpiphp: Slot [27] registered
[    0.606725] acpiphp: Slot [28] registered
[    0.607116] acpiphp: Slot [29] registered
[    0.607495] acpiphp: Slot [30] registered
[    0.607890] acpiphp: Slot [31] registered
[    0.608237] PCI host bridge to bus 0000:00
[    0.608590] pci_bus 0000:00: root bus resource [io  0x0000-0x0cf7 window]
[    0.609144] pci_bus 0000:00: root bus resource [io  0x0d00-0xffff window]
[    0.609696] pci_bus 0000:00: root bus resource [mem 0x000a0000-0x000bffff window]
[    0.609909] pci_bus 0000:00: root bus resource [mem 0x80000000-0xfebfffff window]
[    0.610527] pci_bus 0000:00: root bus resource [mem 0x100000000-0x17fffffff window]
[    0.611148] pci_bus 0000:00: root bus resource [bus 00-ff]
[    0.611659] pci 0000:00:00.0: [8086:1237] type 00 class 0x060000
[    0.614344] pci 0000:00:01.0: [8086:7000] type 00 class 0x060100
[    0.615407] pci 0000:00:01.1: [8086:7010] type 00 class 0x010180
[    0.617356] pci 0000:00:01.1: reg 0x20: [io  0xc040-0xc04f]
[    0.618334] pci 0000:00:01.1: legacy IDE quirk: reg 0x10: [io  0x01f0-0x01f7]
[    0.618926] pci 0000:00:01.1: legacy IDE quirk: reg 0x14: [io  0x03f6]
[    0.619466] pci 0000:00:01.1: legacy IDE quirk: reg 0x18: [io  0x0170-0x0177]
[    0.620053] pci 0000:00:01.1: legacy IDE quirk: reg 0x1c: [io  0x0376]
[    0.620810] pci 0000:00:01.3: [8086:7113] type 00 class 0x068000
[    0.621615] pci 0000:00:01.3: quirk: [io  0x0600-0x063f] claimed by PIIX4 ACPI
[    0.621916] pci 0000:00:01.3: quirk: [io  0x0700-0x070f] claimed by PIIX4 SMB
[    0.622716] pci 0000:00:02.0: [1234:1111] type 00 class 0x030000
[    0.625885] pci 0000:00:02.0: reg 0x10: [mem 0xfd000000-0xfdffffff pref]
[    0.628403] pci 0000:00:02.0: reg 0x18: [mem 0xfebf0000-0xfebf0fff]
[    0.632936] pci 0000:00:02.0: reg 0x30: [mem 0xfebe0000-0xfebeffff pref]
[    0.633733] pci 0000:00:02.0: Video device with shadowed ROM at [mem 0x000c0000-0x000dffff]
[    0.636317] pci 0000:00:03.0: [8086:100e] type 00 class 0x020000
[    0.637716] pci 0000:00:03.0: reg 0x10: [mem 0xfebc0000-0xfebdffff]
[    0.638427] pci 0000:00:03.0: reg 0x14: [io  0xc000-0xc03f]
[    0.641075] pci 0000:00:03.0: reg 0x30: [mem 0xfeb80000-0xfebbffff pref]
[    0.651682] ACPI: PCI: Interrupt link LNKA configured for IRQ 10
[    0.652489] ACPI: PCI: Interrupt link LNKB configured for IRQ 10
[    0.653270] ACPI: PCI: Interrupt link LNKC configured for IRQ 11
[    0.654057] ACPI: PCI: Interrupt link LNKD configured for IRQ 11
[    0.654693] ACPI: PCI: Interrupt link LNKS configured for IRQ 9
[    0.656213] iommu: Default domain type: Translated 
[    0.656643] iommu: DMA domain TLB invalidation policy: lazy mode 
[    0.657831] SCSI subsystem initialized
[    0.658097] ACPI: bus type USB registered
[    0.658478] usbcore: registered new interface driver usbfs
[    0.658951] usbcore: registered new interface driver hub
[    0.659408] usbcore: registered new device driver usb
[    0.659897] pps_core: LinuxPPS API ver. 1 registered
[    0.660316] pps_core: Software ver. 5.3.6 - Copyright 2005-2007 Rodolfo Giometti <giometti@linux.it>
[    0.661054] PTP clock support registered
[    0.661485] EDAC MC: Ver: 3.0.0
[    0.662649] NetLabel: Initializing
[    0.662944] NetLabel:  domain hash size = 128
[    0.663304] NetLabel:  protocols = UNLABELED CIPSOv4 CALIPSO
[    0.663829] NetLabel:  unlabeled traffic allowed by default
[    0.664468] PCI: Using ACPI for IRQ routing
[    0.664992] pci 0000:00:02.0: vgaarb: setting as boot VGA device
[    0.665494] pci 0000:00:02.0: vgaarb: bridge control possible
[    0.665904] pci 0000:00:02.0: vgaarb: VGA device added: decodes=io+mem,owns=io+mem,locks=none
[    0.665911] vgaarb: loaded
[    0.666590] hpet0: at MMIO 0xfed00000, IRQs 2, 8, 0
[    0.667014] hpet0: 3 comparators, 64-bit 100.000000 MHz counter
[    3.155203] clocksource: Switched to clocksource kvm-clock
[    3.248994] VFS: Disk quotas dquot_6.6.0
[    3.249379] VFS: Dquot-cache hash table entries: 512 (order 0, 4096 bytes)
[    3.250115] pnp: PnP ACPI init
[    3.251678] pnp: PnP ACPI: found 6 devices
[    3.261826] clocksource: acpi_pm: mask: 0xffffff max_cycles: 0xffffff, max_idle_ns: 2085701024 ns
[    3.262821] NET: Registered PF_INET protocol family
[    3.264917] IP idents hash table entries: 32768 (order: 6, 262144 bytes, linear)
[    3.270444] tcp_listen_portaddr_hash hash table entries: 1024 (order: 2, 16384 bytes, linear)
[    3.271154] Table-perturb hash table entries: 65536 (order: 6, 262144 bytes, linear)
[    3.271776] TCP established hash table entries: 16384 (order: 5, 131072 bytes, linear)
[    3.272505] TCP bind hash table entries: 16384 (order: 7, 524288 bytes, linear)
[    3.273198] TCP: Hash tables configured (established 16384 bind 16384)
[    3.273771] UDP hash table entries: 1024 (order: 3, 32768 bytes, linear)
[    3.274342] UDP-Lite hash table entries: 1024 (order: 3, 32768 bytes, linear)
[    3.275035] NET: Registered PF_UNIX/PF_LOCAL protocol family
[    3.275938] RPC: Registered named UNIX socket transport module.
[    3.276431] RPC: Registered udp transport module.
[    3.276816] RPC: Registered tcp transport module.
[    3.277196] RPC: Registered tcp NFSv4.1 backchannel transport module.
[    3.277733] pci_bus 0000:00: resource 4 [io  0x0000-0x0cf7 window]
[    3.278248] pci_bus 0000:00: resource 5 [io  0x0d00-0xffff window]
[    3.278755] pci_bus 0000:00: resource 6 [mem 0x000a0000-0x000bffff window]
[    3.279301] pci_bus 0000:00: resource 7 [mem 0x80000000-0xfebfffff window]
[    3.279855] pci_bus 0000:00: resource 8 [mem 0x100000000-0x17fffffff window]
[    3.280593] pci 0000:00:01.0: PIIX3: Enabling Passive Release
[    3.281066] pci 0000:00:00.0: Limiting direct PCI/PCI transfers
[    3.281630] PCI: CLS 0 bytes, default 64
[    3.282173] clocksource: tsc: mask: 0xffffffffffffffff max_cycles: 0x2cd5a8bb032, max_idle_ns: 440795365915 ns
[    3.294531] Initialise system trusted keyrings
[    3.294935] Key type blacklist registered
[    3.295414] workingset: timestamp_bits=36 max_order=19 bucket_order=0
[    3.300961] zbud: loaded
[    3.302236] squashfs: version 4.0 (2009/01/31) Phillip Lougher
[    3.303625] NFS: Registering the id_resolver key type
[    3.304041] Key type id_resolver registered
[    3.304399] Key type id_legacy registered
[    3.304792] nfs4filelayout_init: NFSv4 File Layout Driver Registering...
[    3.305338] nfs4flexfilelayout_init: NFSv4 Flexfile Layout Driver Registering...
[    3.306025] fuse: init (API version 7.37)
[    3.306595] SGI XFS with ACLs, security attributes, realtime, quota, no debug enabled
[    3.310776] 9p: Installing v9fs 9p2000 file system support
[    3.318902] Key type asymmetric registered
[    3.319237] Asymmetric key parser 'x509' registered
[    3.320384] alg: self-tests for CTR-KDF (hmac(sha256)) passed
[    3.320902] Block layer SCSI generic (bsg) driver version 0.4 loaded (major 243)
[    3.321579] io scheduler mq-deadline registered
[    3.321976] io scheduler bfq registered
[    3.322810] shpchp: Standard Hot Plug PCI Controller Driver version: 0.4
[    3.323520] IPMI message handler: version 39.2
[    3.323898] ipmi device interface
[    3.325117] input: Power Button as /devices/LNXSYSTM:00/LNXPWRBN:00/input/input0
[    3.325800] ACPI: button: Power Button [PWRF]
[    3.326786] ERST DBG: ERST support is disabled.
[    3.327544] Serial: 8250/16550 driver, 32 ports, IRQ sharing enabled
[    3.328435] 00:04: ttyS0 at I/O 0x3f8 (irq = 4, base_baud = 115200) is a 16550A
[    3.334067] Linux agpgart interface v0.103
[    3.334743] ACPI: bus type drm_connector registered
[    3.343288] brd: module loaded
[    3.350448] loop: module loaded
[    3.353190] scsi host0: ata_piix
[    3.353791] scsi host1: ata_piix
[    3.354168] ata1: PATA max MWDMA2 cmd 0x1f0 ctl 0x3f6 bmdma 0xc040 irq 14
[    3.354726] ata2: PATA max MWDMA2 cmd 0x170 ctl 0x376 bmdma 0xc048 irq 15
[    3.356100] tun: Universal TUN/TAP device driver, 1.6
[    3.356631] e100: Intel(R) PRO/100 Network Driver
[    3.357005] e100: Copyright(c) 1999-2006 Intel Corporation
[    3.357463] e1000: Intel(R) PRO/1000 Network Driver
[    3.357857] e1000: Copyright (c) 1999-2006 Intel Corporation.
[    3.439485] ACPI: \_SB_.LNKC: Enabled at IRQ 11
[    3.514082] ata2: found unknown device (class 0)
[    3.514758] ata1: found unknown device (class 0)
[    3.515536] ata2.00: ATAPI: QEMU DVD-ROM, 2.5+, max UDMA/100
[    3.516381] ata1.00: ATA-7: QEMU HARDDISK, 2.5+, max UDMA/100
[    3.516852] ata1.00: 16777216 sectors, multi 16: LBA48 
[    3.518161] scsi 0:0:0:0: Direct-Access     ATA      QEMU HARDDISK    2.5+ PQ: 0 ANSI: 5
[    3.519212] scsi 0:0:0:0: Attached scsi generic sg0 type 0
[    3.519984] sd 0:0:0:0: [sda] 16777216 512-byte logical blocks: (8.59 GB/8.00 GiB)
[    3.520644] sd 0:0:0:0: [sda] Write Protect is off
[    3.520841] scsi 1:0:0:0: CD-ROM            QEMU     QEMU DVD-ROM     2.5+ PQ: 0 ANSI: 5
[    3.521838] sd 0:0:0:0: [sda] Write cache: enabled, read cache: enabled, doesn't support DPO or FUA
[    3.522792] sd 0:0:0:0: [sda] Preferred minimum I/O size 512 bytes
[    3.544401] sd 0:0:0:0: [sda] Attached SCSI disk
[    3.562459] scsi 1:0:0:0: Attached scsi generic sg1 type 5
[    3.764539] e1000 0000:00:03.0 eth0: (PCI:33MHz:32-bit) 52:54:00:12:34:56
[    3.765086] e1000 0000:00:03.0 eth0: Intel(R) PRO/1000 Network Connection
[    3.765681] e1000e: Intel(R) PRO/1000 Network Driver
[    3.766082] e1000e: Copyright(c) 1999 - 2015 Intel Corporation.
[    3.766606] igb: Intel(R) Gigabit Ethernet Network Driver
[    3.767037] igb: Copyright (c) 2007-2014 Intel Corporation.
[    3.767541] PPP generic driver version 2.4.2
[    3.768356] VFIO - User Level meta-driver version: 0.3
[    3.769162] usbcore: registered new interface driver uas
[    3.769623] usbcore: registered new interface driver usb-storage
[    3.770222] i8042: PNP: PS/2 Controller [PNP0303:KBD,PNP0f13:MOU] at 0x60,0x64 irq 1,12
[    3.771404] serio: i8042 KBD port at 0x60,0x64 irq 1
[    3.771805] serio: i8042 AUX port at 0x60,0x64 irq 12
[    3.772656] mousedev: PS/2 mouse device common for all mice
[    3.773552] input: AT Translated Set 2 keyboard as /devices/platform/i8042/serio0/input/input1
[    3.774800] input: VirtualPS/2 VMware VMMouse as /devices/platform/i8042/serio1/input/input4
[    3.775880] input: VirtualPS/2 VMware VMMouse as /devices/platform/i8042/serio1/input/input3
[    3.776942] rtc_cmos 00:05: registered as rtc0
[    3.777343] rtc_cmos 00:05: setting system clock to 2022-11-17T06:08:21 UTC (1668665301)
[    3.778098] rtc_cmos 00:05: alarms up to one day, 242 bytes nvram, hpet irqs
[    3.778683] rtc_cmos 00:05: RTC can wake from S4
[    3.779140] i2c_dev: i2c /dev entries driver
[    3.779509] device-mapper: core: CONFIG_IMA_DISABLE_HTABLE is disabled. Duplicate IMA measurements will not be recorded in the IMA log.
[    3.780529] device-mapper: uevent: version 1.0.3
[    3.781057] device-mapper: ioctl: 4.47.0-ioctl (2022-07-28) initialised: dm-devel@redhat.com
[    3.781744] intel_pstate: CPU model not supported
[    3.782194] sdhci: Secure Digital Host Controller Interface driver
[    3.782687] sdhci: Copyright(c) Pierre Ossman
[    3.783078] sdhci-pltfm: SDHCI platform and OF driver helper
[    3.783602] ledtrig-cpu: registered to indicate activity on CPUs
[    3.784282] drop_monitor: Initializing network drop monitor service
[    3.785225] NET: Registered PF_INET6 protocol family
[    3.787146] Segment Routing with IPv6
[    3.787471] In-situ OAM (IOAM) with IPv6
[    3.787818] NET: Registered PF_PACKET protocol family
[    3.788437] 9pnet: Installing 9P2000 support
[    3.788847] Key type dns_resolver registered
[    3.789743] IPI shorthand broadcast: enabled
[    3.790152] sched_clock: Marking stable (3783225937, 6873659)->(3802065422, -11965826)
[    3.791111] registered taskstats version 1
[    3.791559] Loading compiled-in X.509 certificates
[    3.792655] zswap: loaded using pool lzo/zbud
[    3.793363] Key type .fscrypt registered
[    3.793688] Key type fscrypt-provisioning registered
[    3.794939] Key type encrypted registered
[    3.795301] ima: No TPM chip found, activating TPM-bypass!
[    3.795760] ima: Allocated hash algorithm: sha1
[    3.796146] ima: No architecture policies found
[    3.796548] evm: Initialising EVM extended attributes:
[    3.796957] evm: security.selinux
[    3.797226] evm: security.SMACK64
[    3.797497] evm: security.SMACK64EXEC
[    3.797796] evm: security.SMACK64TRANSMUTE
[    3.798139] evm: security.SMACK64MMAP
[    3.798435] evm: security.apparmor
[    3.798711] evm: security.ima
[    3.798948] evm: security.capability
[    3.799232] evm: HMAC attrs: 0x1
[    3.802226] PM:   Magic number: 14:8:115
[    3.802828] RAS: Correctable Errors collector initialized.
[    3.803548] md: Waiting for all devices to be available before autodetect
[    3.803937] md: If you don't use raid, use raid=noautodetect
[    3.804277] md: Autodetecting RAID arrays.
[    3.804519] md: autorun ...
[    3.804685] md: ... autorun DONE.
[    3.814779] EXT4-fs (sda): INFO: recovery required on readonly filesystem
[    3.815172] EXT4-fs (sda): write access will be enabled during recovery
[    3.942343] EXT4-fs (sda): recovery complete
[    3.949626] EXT4-fs (sda): mounted filesystem with ordered data mode. Quota mode: none.
[    3.950122] VFS: Mounted root (ext4 filesystem) readonly on device 8:0.
[    3.951967] devtmpfs: mounted
[    3.959945] Freeing unused decrypted memory: 2036K
[    3.962494] Freeing unused kernel image (initmem) memory: 3620K
[    3.962840] Write protecting the kernel read-only data: 40960k
[    3.965663] Freeing unused kernel image (text/rodata gap) memory: 2028K
[    3.966643] Freeing unused kernel image (rodata/data gap) memory: 668K
[    4.059837] x86/mm: Checked W+X mappings: passed, no W+X pages found.
[    4.060334] Run /sbin/init as init process
[    4.159592] systemd[1]: RTC configured in localtime, applying delta of 0 minutes to system time.
[    4.188632] systemd[1]: systemd 239 (239-49.el8) running in system mode. (+PAM +AUDIT +SELINUX +IMA -APPARMOR +SMACK +SYSVINIT +UTMP +LIBCRYPTSETUP +GCRYPT +GNUTLS +ACL +XZ +LZ4 +SECCOMP +BLKID +ELFUTILS +KMOD +IDN2 -IDN +PCRE2 default-hierarchy=legacy)
[    4.190043] systemd[1]: Detected virtualization kvm.
[    4.190354] systemd[1]: Detected architecture x86-64.

Welcome to [0;31mCentOS Stream 8[0m!

[    4.251832] systemd[1]: Set hostname to <test>.
[    5.213920] random: crng init done
[    5.306523] systemd[1]: Listening on RPCbind Server Activation Socket.
[[0;32m  OK  [0m] Listening on RPCbind Server Activation Socket.
[    5.311630] systemd[1]: Listening on Process Core Dump Socket.
[[0;32m  OK  [0m] Listening on Process Core Dump Socket.
[    5.312525] systemd[1]: Listening on initctl Compatibility Named Pipe.
[[0;32m  OK  [0m] Listening on initctl Compatibility Named Pipe.
[    5.313508] systemd[1]: Listening on Journal Socket (/dev/log).
[[0;32m  OK  [0m] Listening on Journal Socket (/dev/log).
[    5.314441] systemd[1]: Listening on Journal Socket.
[[0;32m  OK  [0m] Listening on Journal Socket.
[    5.334027] systemd[1]: Mounting Huge Pages File System...
         Mounting Huge Pages File System...
         Starting Remount Root and Kernel File Systems...
[[0;32m  OK  [0m] Created slice system-serial\x2dgetty.slice.
[[0;32m  OK  [0m] Listening on Device-mapper event daemon FIFOs.
         Mounting POSIX Message Queue File System...
[[0;32m  OK  [0m] Listening on udev Control Socket.
[[0;32m  OK  [0m] Reached target RPC Port Mapper.
         Starting Setup Virtual Console...
[[0;32m  OK  [0m] Reached target Swap.
[[0;32m  OK  [0m] Created slice system-getty.slice.
[[0;32m  OK  [0m] Listening on udev Kernel Socket.
         Starting udev Coldplug all Devices...
[[0;32m  OK  [0m] Listening on LVM2 poll daemon socket.
         Mounting Kernel Debug File System...
         Starting Journal Service...
[[0;32m  OK  [0m] Listening on multipathd control socket.
[[0;32m  OK  [0m] Created slice User and Session Slice.
         Starting Load Kernel Modules...
         Starting Monitoring of LVM2 mirrorsâ€¦ng dmeventd or progress polling...
[[0;32m  OK  [0m] Set up automount Arbitrary Executabâ€¦rmats File System Automount Point.
[[0;32m  OK  [0m] Reached target Slices.
[    5.481927] EXT4-fs (sda): re-mounted. Quota mode: none.
[[0;32m  OK  [0m] Started Forward Password Requests to Wall Directory Watch.
[[0;32m  OK  [0m] Created slice system-sshd\x2dkeygen.slice.
[[0;32m  OK  [0m] Mounted Huge Pages File System.
[[0;32m  OK  [0m] Started Remount Root and Kernel File Systems.
[[0;32m  OK  [0m] Started Journal Service.
[[0;32m  OK  [0m] Mounted POSIX Message Queue File System.
[[0;32m  OK  [0m] Mounted Kernel Debug File System.
[[0;1;31mFAILED[0m] Failed to start Load Kernel Modules.
See 'systemctl status systemd-modules-load.service' for details.
         Starting Apply Kernel Variables...
         Mounting FUSE Control File System...
         Mounting Kernel Configuration File System...
         Starting Load/Save Random Seed...
         Starting Flush Journal to Persistent Storage...
         Starting Create Static Device Nodes in /dev...
[[0;32m  OK  [0m] Started Setup Virtual Console.
[[0;32m  OK  [0m] Started Apply Kernel Variables.
[[0;32m  OK  [0m] Started udev Coldplug all Devices.
[[0;32m  OK  [0m] Mounted FUSE Control File System.
[[0;32m  OK  [0m] Mounted Kernel Configuration File System.
[[0;32m  OK  [0m] Started Load/Save Random Seed.
         Starting udev Wait for Complete Device Initialization...
[[0;32m  OK  [0m] Started Create Static Device Nodes in /dev.
         Starting udev Kernel Device Manager...
[[0;32m  OK  [0m] Started Flush Journal to Persistent Storage.
[[0;32m  OK  [0m] Started udev Kernel Device Manager.
         Starting Show Plymouth Boot Screen...
[[0;32m  OK  [0m] Started Show Plymouth Boot Screen.
[[0;32m  OK  [0m] Started Forward Password Requests to Plymouth Directory Watch.
[[0;32m  OK  [0m] Reached target Local Encrypted Volumes.
[[0;32m  OK  [0m] Reached target Paths.
[[0;32m  OK  [0m] Found device /dev/ttyS0.
[[0;32m  OK  [0m] Listening on Load/Save RF Kill Switch Status /dev/rfkill Watch.
[[0;32m  OK  [0m] Started Monitoring of LVM2 mirrors,â€¦sing dmeventd or progress polling.
[[0;32m  OK  [0m] Started udev Wait for Complete Device Initialization.
[[0;32m  OK  [0m] Reached target Local File Systems (Pre).
[[0;32m  OK  [0m] Reached target Local File Systems.
         Starting Restore /run/initramfs on shutdown...
         Starting Create Volatile Files and Directories...
         Starting Tell Plymouth To Write Out Runtime Data...
[[0;32m  OK  [0m] Started Restore /run/initramfs on shutdown.
[[0;32m  OK  [0m] Started Tell Plymouth To Write Out Runtime Data.
[[0;32m  OK  [0m] Started Create Volatile Files and Directories.
         Starting Security Auditing Service...
         Mounting RPC Pipe File System...
         Starting RPC Bind...
[[0;32m  OK  [0m] Mounted RPC Pipe File System.
[[0;32m  OK  [0m] Reached target rpc_pipefs.target.
[[0;32m  OK  [0m] Started RPC Bind.
[[0;32m  OK  [0m] Started Security Auditing Service.
         Starting Update UTMP about System Boot/Shutdown...
[[0;32m  OK  [0m] Started Update UTMP about System Boot/Shutdown.
[[0;32m  OK  [0m] Reached target System Initialization.
[[0;32m  OK  [0m] Listening on SSSD Kerberos Cache Manager responder socket.
[[0;32m  OK  [0m] Listening on D-Bus System Message Bus Socket.
[[0;32m  OK  [0m] Reached target Sockets.
[[0;32m  OK  [0m] Reached target Basic System.
[[0;32m  OK  [0m] Started irqbalance daemon.
[[0;32m  OK  [0m] Started D-Bus System Message Bus.
[[0;32m  OK  [0m] Started Machine Check Exception Logging Daemon.
         Starting Self Monitoring and Reporting Technology (SMART) Daemon...
[[0;32m  OK  [0m] Reached target sshd-keygen.target.
         Starting Auto-connect to subsystemsâ€¦-NVME devices found during boot...
         Starting Network Manager...
         Starting Login Service...
         Starting Authorization Manager...
[[0;32m  OK  [0m] Started dnf makecache --timer.
[[0;32m  OK  [0m] Started Daily Cleanup of Temporary Directories.
         Starting NTP client/server...
[[0;32m  OK  [0m] Started daily update of the root trust anchor for DNSSEC.
[[0;32m  OK  [0m] Reached target Timers.
[[0;32m  OK  [0m] Started Auto-connect to subsystems â€¦FC-NVME devices found during boot.
[[0;32m  OK  [0m] Started Self Monitoring and Reporting Technology (SMART) Daemon.
[[0;32m  OK  [0m] Started Login Service.
[[0;32m  OK  [0m] Started Network Manager.
[[0;32m  OK  [0m] Reached target Network.
         Starting OpenSSH server daemon...
         Starting Dynamic System Tuning Daemon...
         Starting GSSAPI Proxy Daemon...
         Starting Network Manager Wait Online...
[[0;32m  OK  [0m] Started NTP client/server.
[[0;32m  OK  [0m] Started OpenSSH server daemon.
         Starting Hostname Service...
[[0;32m  OK  [0m] Started GSSAPI Proxy Daemon.
[[0;32m  OK  [0m] Reached target NFS client services.
[[0;32m  OK  [0m] Reached target Remote File Systems (Pre).
[[0;32m  OK  [0m] Reached target Remote File Systems.
         Starting Permit User Sessions...
[[0;32m  OK  [0m] Started Permit User Sessions.
[[0;32m  OK  [0m] Started Authorization Manager.
[[0;32m  OK  [0m] Started Command Scheduler.
         Starting Terminate Plymouth Boot Screen...
         Starting Hold until boot process finishes up...
[    6.817939] e1000: eth0 NIC Link is Up 1000 Mbps Full Duplex, Flow Control: RX
[    6.818723] IPv6: ADDRCONF(NETDEV_CHANGE): eth0: link becomes ready
[    7.004534] Spectre V2 : WARNING: Unprivileged eBPF is enabled with eIBRS on, data leaks possible via Spectre v2 BHB attacks!
[    7.005358] Spectre V2 : WARNING: Unprivileged eBPF is enabled with eIBRS on, data leaks possible via Spectre v2 BHB attacks!

CentOS Stream 8
Kernel 6.1.0-rc1-4a6f278d4827+ on an x86_64

test login: [   28.200085] ------------[ cut here ]------------
[   28.200387] WARNING: CPU: 0 PID: 567 at fs/attr.c:327 notify_change+0x9a1/0xb50
[   28.200830] Modules linked in:
[   28.201016] CPU: 0 PID: 567 Comm: repro Not tainted 6.1.0-rc1-4a6f278d4827+ #1
[   28.201438] Hardware name: QEMU Standard PC (i440FX + PIIX, 1996), BIOS rel-1.16.0-0-gd239552ce722-prebuilt.qemu.org 04/01/2014
[   28.202108] RIP: 0010:notify_change+0x9a1/0xb50
[   28.202390] Code: 44 89 f6 e8 a1 35 cf ff 41 83 fe ff 74 0c c7 45 c4 00 00 00 00 e9 e1 fd ff ff 41 be b5 ff ff ff e9 ea fb ff ff e8 0f 34 cf ff <0f> 0b e9 c2 f6 ff ff e8 03 34 cf ff 8b 5d b0 83 cb 01 41 89 1c 24
[   28.203437] RSP: 0018:ffffc90000eefb30 EFLAGS: 00010246
[   28.203742] RAX: 0000000000000000 RBX: 0000000000004200 RCX: ffffffff8155a8d1
[   28.204149] RDX: 0000000000000000 RSI: ffff888007295f40 RDI: 0000000000000002
[   28.204564] RBP: ffffc90000eefb90 R08: ffff88800b298b28 R09: 0000000000000000
[   28.204976] R10: ffffc90000eefbb0 R11: 0000000000005b8d R12: ffffc90000eefbb8
[   28.205385] R13: ffff88800e62a080 R14: 0000000000000000 R15: ffffffff8385fdc0
[   28.205791] FS:  00007f52dd731700(0000) GS:ffff88807dc00000(0000) knlGS:0000000000000000
[   28.206269] CS:  0010 DS: 0000 ES: 0000 CR0: 0000000080050033
[   28.206611] CR2: 0000000020006000 CR3: 0000000009138004 CR4: 0000000000770ef0
[   28.207025] PKRU: 55555554
[   28.207184] Call Trace:
[   28.207331]  <TASK>
[   28.207466]  ? write_comp_data+0x2f/0x90
[   28.207704]  __file_remove_privs+0x1de/0x240
[   28.207966]  ? __file_remove_privs+0x1de/0x240
[   28.208242]  ? __sanitizer_cov_trace_pc+0x25/0x60
[   28.208526]  ? current_time+0x64/0xb0
[   28.208755]  file_modified_flags+0x51/0x160
[   28.209011]  file_modified+0x20/0x30
[   28.209232]  fuse_file_fallocate+0x53a/0x620
[   28.209494]  ? __schedule+0x2e6/0x8f0
[   28.209729]  ? fuse_copy_file_range+0xc0/0xc0
[   28.209999]  vfs_fallocate+0x336/0x690
[   28.210238]  ioctl_preallocate+0xdf/0x110
[   28.210483]  do_vfs_ioctl+0xaf9/0xc20
[   28.210707]  ? __fget_light+0xb0/0x220
[   28.210932]  ? __sanitizer_cov_trace_pc+0x25/0x60
[   28.211208]  ? write_comp_data+0x2f/0x90
[   28.211446]  __x64_sys_ioctl+0xca/0x160
[   28.211673]  do_syscall_64+0x3b/0x90
[   28.211893]  entry_SYSCALL_64_after_hwframe+0x63/0xcd
[   28.212192] RIP: 0033:0x7f52dd85759d
[   28.212421] Code: 00 c3 66 2e 0f 1f 84 00 00 00 00 00 90 f3 0f 1e fa 48 89 f8 48 89 f7 48 89 d6 48 89 ca 4d 89 c2 4d 89 c8 4c 8b 4c 24 08 0f 05 <48> 3d 01 f0 ff ff 73 01 c3 48 8b 0d d3 08 0d 00 f7 d8 64 89 01 48
[   28.213452] RSP: 002b:00007f52dd730b28 EFLAGS: 00000246 ORIG_RAX: 0000000000000010
[   28.213884] RAX: ffffffffffffffda RBX: 0000000000000000 RCX: 00007f52dd85759d
[   28.214300] RDX: 00000000200001c0 RSI: 0000000040305828 RDI: 0000000000000004
[   28.214719] RBP: 00007f52dd730e00 R08: 0000000100000001 R09: 0000000000000000
[   28.215124] R10: 0000000100000001 R11: 0000000000000246 R12: 00007ffd214665ce
[   28.215525] R13: 00007ffd214665cf R14: 00007ffd21466660 R15: 00007f52dd731700
[   28.215934]  </TASK>
[   28.216071] ---[ end trace 0000000000000000 ]---
