c[?7l[2J[0mSeaBIOS (version rel-1.16.0-0-gd239552ce722-prebuilt.qemu.org)


iPXE (http://ipxe.org) 00:03.0 CA00 PCI2.10 PnP PMM+7FF91000+7FEF1000 CA00
Press Ctrl-B to configure iPXE (PCI 00:03.0)...                                                                               


Booting from ROM..c[?7l[2J[    0.000000] Linux version 5.19.0-6614a3c3164a+ (root@p-tglh01.sh.intel.com) (gcc (GCC) 8.5.0 20210514 (Red Hat 8.5.0-17), GNU ld version 2.36.1-2.el8) #1 SMP PREEMPT_DYNAMIC Mon Nov 14 13:58:45 CST 2022
[    0.000000] Command line: console=ttyS0 root=/dev/sda earlyprintk=serial net.ifnames=0
[    0.000000] KERNEL supported cpus:
[    0.000000]   Intel GenuineIntel
[    0.000000]   AMD AuthenticAMD
[    0.000000]   Hygon HygonGenuine
[    0.000000]   Centaur CentaurHauls
[    0.000000]   zhaoxin   Shanghai  
[    0.000000] x86/fpu: Supporting XSAVE feature 0x001: 'x87 floating point registers'
[    0.000000] x86/fpu: Supporting XSAVE feature 0x002: 'SSE registers'
[    0.000000] x86/fpu: Supporting XSAVE feature 0x004: 'AVX registers'
[    0.000000] x86/fpu: Supporting XSAVE feature 0x020: 'AVX-512 opmask'
[    0.000000] x86/fpu: Supporting XSAVE feature 0x040: 'AVX-512 Hi256'
[    0.000000] x86/fpu: Supporting XSAVE feature 0x080: 'AVX-512 ZMM_Hi256'
[    0.000000] x86/fpu: Supporting XSAVE feature 0x200: 'Protection Keys User registers'
[    0.000000] x86/fpu: xstate_offset[2]:  576, xstate_sizes[2]:  256
[    0.000000] x86/fpu: xstate_offset[5]:  832, xstate_sizes[5]:   64
[    0.000000] x86/fpu: xstate_offset[6]:  896, xstate_sizes[6]:  512
[    0.000000] x86/fpu: xstate_offset[7]: 1408, xstate_sizes[7]: 1024
[    0.000000] x86/fpu: xstate_offset[9]: 2432, xstate_sizes[9]:    8
[    0.000000] x86/fpu: Enabled xstate features 0x2e7, context size is 2440 bytes, using 'compacted' format.
[    0.000000] signal: max sigframe size: 3632
[    0.000000] BIOS-provided physical RAM map:
[    0.000000] BIOS-e820: [mem 0x0000000000000000-0x000000000009fbff] usable
[    0.000000] BIOS-e820: [mem 0x000000000009fc00-0x000000000009ffff] reserved
[    0.000000] BIOS-e820: [mem 0x00000000000f0000-0x00000000000fffff] reserved
[    0.000000] BIOS-e820: [mem 0x0000000000100000-0x000000007ffdffff] usable
[    0.000000] BIOS-e820: [mem 0x000000007ffe0000-0x000000007fffffff] reserved
[    0.000000] BIOS-e820: [mem 0x00000000feffc000-0x00000000feffffff] reserved
[    0.000000] BIOS-e820: [mem 0x00000000fffc0000-0x00000000ffffffff] reserved
[    0.000000] printk: bootconsole [earlyser0] enabled
[    0.000000] NX (Execute Disable) protection: active
[    0.000000] SMBIOS 2.8 present.
[    0.000000] DMI: QEMU Standard PC (i440FX + PIIX, 1996), BIOS rel-1.16.0-0-gd239552ce722-prebuilt.qemu.org 04/01/2014
[    0.000000] Hypervisor detected: KVM
[    0.000000] kvm-clock: Using msrs 4b564d01 and 4b564d00
[    0.000005] kvm-clock: using sched offset of 440771567 cycles
[    0.000583] clocksource: kvm-clock: mask: 0xffffffffffffffff max_cycles: 0x1cd42e4dffb, max_idle_ns: 881590591483 ns
[    0.002318] tsc: Detected 3110.400 MHz processor
[    0.012216] last_pfn = 0x7ffe0 max_arch_pfn = 0x400000000
[    0.012898] x86/PAT: Configuration [0-7]: WB  WC  UC- UC  WB  WP  UC- WT  
[    0.025049] found SMP MP-table at [mem 0x000f5ba0-0x000f5baf]
[    0.025876] Using GB pages for direct mapping
[    0.027783] ACPI: Early table checksum verification disabled
[    0.028459] ACPI: RSDP 0x00000000000F59C0 000014 (v00 BOCHS )
[    0.029130] ACPI: RSDT 0x000000007FFE1951 000034 (v01 BOCHS  BXPC     00000001 BXPC 00000001)
[    0.030097] ACPI: FACP 0x000000007FFE17FD 000074 (v01 BOCHS  BXPC     00000001 BXPC 00000001)
[    0.031053] ACPI: DSDT 0x000000007FFE0040 0017BD (v01 BOCHS  BXPC     00000001 BXPC 00000001)
[    0.031998] ACPI: FACS 0x000000007FFE0000 000040
[    0.032520] ACPI: APIC 0x000000007FFE1871 000080 (v01 BOCHS  BXPC     00000001 BXPC 00000001)
[    0.033451] ACPI: HPET 0x000000007FFE18F1 000038 (v01 BOCHS  BXPC     00000001 BXPC 00000001)
[    0.034393] ACPI: WAET 0x000000007FFE1929 000028 (v01 BOCHS  BXPC     00000001 BXPC 00000001)
[    0.035300] ACPI: Reserving FACP table memory at [mem 0x7ffe17fd-0x7ffe1870]
[    0.036053] ACPI: Reserving DSDT table memory at [mem 0x7ffe0040-0x7ffe17fc]
[    0.036814] ACPI: Reserving FACS table memory at [mem 0x7ffe0000-0x7ffe003f]
[    0.037575] ACPI: Reserving APIC table memory at [mem 0x7ffe1871-0x7ffe18f0]
[    0.038333] ACPI: Reserving HPET table memory at [mem 0x7ffe18f1-0x7ffe1928]
[    0.039082] ACPI: Reserving WAET table memory at [mem 0x7ffe1929-0x7ffe1950]
[    0.041206] No NUMA configuration found
[    0.041623] Faking a node at [mem 0x0000000000000000-0x000000007ffdffff]
[    0.042448] NODE_DATA(0) allocated [mem 0x7ffb5000-0x7ffdffff]
[    0.047610] Zone ranges:
[    0.047889]   DMA      [mem 0x0000000000001000-0x0000000000ffffff]
[    0.048545]   DMA32    [mem 0x0000000001000000-0x000000007ffdffff]
[    0.049202]   Normal   empty
[    0.049509]   Device   empty
[    0.049820] Movable zone start for each node
[    0.050271] Early memory node ranges
[    0.050654]   node   0: [mem 0x0000000000001000-0x000000000009efff]
[    0.051298]   node   0: [mem 0x0000000000100000-0x000000007ffdffff]
[    0.051961] Initmem setup node 0 [mem 0x0000000000001000-0x000000007ffdffff]
[    0.053453] On node 0, zone DMA: 1 pages in unavailable ranges
[    0.053653] On node 0, zone DMA: 97 pages in unavailable ranges
[    0.085097] On node 0, zone DMA32: 32 pages in unavailable ranges
[    0.086117] ACPI: PM-Timer IO Port: 0x608
[    0.087253] ACPI: LAPIC_NMI (acpi_id[0xff] dfl dfl lint[0x1])
[    0.087908] IOAPIC[0]: apic_id 0, version 17, address 0xfec00000, GSI 0-23
[    0.088668] ACPI: INT_SRC_OVR (bus 0 bus_irq 0 global_irq 2 dfl dfl)
[    0.089368] ACPI: INT_SRC_OVR (bus 0 bus_irq 5 global_irq 5 high level)
[    0.090099] ACPI: INT_SRC_OVR (bus 0 bus_irq 9 global_irq 9 high level)
[    0.090835] ACPI: INT_SRC_OVR (bus 0 bus_irq 10 global_irq 10 high level)
[    0.091567] ACPI: INT_SRC_OVR (bus 0 bus_irq 11 global_irq 11 high level)
[    0.092331] ACPI: Using ACPI (MADT) for SMP configuration information
[    0.093039] ACPI: HPET id: 0x8086a201 base: 0xfed00000
[    0.093616] TSC deadline timer available
[    0.094062] smpboot: Allowing 2 CPUs, 0 hotplug CPUs
[    0.094699] kvm-guest: KVM setup pv remote TLB flush
[    0.095230] kvm-guest: setup PV sched yield
[    0.095759] PM: hibernation: Registered nosave memory: [mem 0x00000000-0x00000fff]
[    0.096585] PM: hibernation: Registered nosave memory: [mem 0x0009f000-0x0009ffff]
[    0.097403] PM: hibernation: Registered nosave memory: [mem 0x000a0000-0x000effff]
[    0.098217] PM: hibernation: Registered nosave memory: [mem 0x000f0000-0x000fffff]
[    0.099041] [mem 0x80000000-0xfeffbfff] available for PCI devices
[    0.099696] Booting paravirtualized kernel on KVM
[    0.100224] clocksource: refined-jiffies: mask: 0xffffffff max_cycles: 0xffffffff, max_idle_ns: 7645519600211568 ns
[    0.101363] setup_percpu: NR_CPUS:8192 nr_cpumask_bits:2 nr_cpu_ids:2 nr_node_ids:1
[    0.103226] percpu: Embedded 62 pages/cpu s217088 r8192 d28672 u1048576
[    0.104254] kvm-guest: PV spinlocks enabled
[    0.104731] PV qspinlock hash table entries: 256 (order: 0, 4096 bytes, linear)
[    0.105566] Fallback order for Node 0: 0 
[    0.106023] Built 1 zonelists, mobility grouping on.  Total pages: 515808
[    0.106782] Policy zone: DMA32
[    0.107114] Kernel command line: net.ifnames=0 console=ttyS0 root=/dev/sda earlyprintk=serial net.ifnames=0
[    0.109659] Dentry cache hash table entries: 262144 (order: 9, 2097152 bytes, linear)
[    0.110585] Inode-cache hash table entries: 131072 (order: 8, 1048576 bytes, linear)
[    0.111586] mem auto-init: stack:off, heap alloc:off, heap free:off
[    0.116445] Memory: 1999736K/2096632K available (30735K kernel code, 3915K rwdata, 7776K rodata, 3600K init, 10720K bss, 96640K reserved, 0K cma-reserved)
[    0.119301] SLUB: HWalign=64, Order=0-3, MinObjects=0, CPUs=2, Nodes=1
[    0.120044] kmemleak: Kernel memory leak detector disabled
[    0.120659] ftrace: allocating 65735 entries in 257 pages
[    0.155064] ftrace: allocated 257 pages with 2 groups
[    0.157584] Dynamic Preempt: voluntary
[    0.158112] rcu: Preemptible hierarchical RCU implementation.
[    0.158742] rcu: 	RCU restricting CPUs from NR_CPUS=8192 to nr_cpu_ids=2.
[    0.159455] 	Trampoline variant of Tasks RCU enabled.
[    0.159975] 	Rude variant of Tasks RCU enabled.
[    0.160438] 	Tracing variant of Tasks RCU enabled.
[    0.160922] rcu: RCU calculated value of scheduler-enlistment delay is 25 jiffies.
[    0.161674] rcu: Adjusting geometry for rcu_fanout_leaf=16, nr_cpu_ids=2
[    0.193621] NR_IRQS: 524544, nr_irqs: 440, preallocated irqs: 16
[    0.194653] rcu: srcu_init: Setting srcu_struct sizes based on contention.
[    0.204504] Console: colour VGA+ 80x25
[    0.204977] printk: console [ttyS0] enabled
[    0.204977] printk: console [ttyS0] enabled
[    0.205890] printk: bootconsole [earlyser0] disabled
[    0.205890] printk: bootconsole [earlyser0] disabled
[    0.207015] ACPI: Core revision 20220331
[    0.207746] clocksource: hpet: mask: 0xffffffff max_cycles: 0xffffffff, max_idle_ns: 19112604467 ns
[    0.208858] APIC: Switch to symmetric I/O mode setup
[    0.209683] x2apic enabled
[    0.210243] Switched APIC routing to physical x2apic.
[    0.210831] kvm-guest: setup PV IPIs
[    0.212265] ..TIMER: vector=0x30 apic1=0 pin1=2 apic2=-1 pin2=-1
[    0.212969] clocksource: tsc-early: mask: 0xffffffffffffffff max_cycles: 0x2cd5a8bb032, max_idle_ns: 440795365915 ns
[    0.214149] Calibrating delay loop (skipped) preset value.. 6220.80 BogoMIPS (lpj=12441600)
[    0.215088] pid_max: default: 32768 minimum: 301
[    0.215811] LSM: Security Framework initializing
[    0.216340] Yama: becoming mindful.
[    0.218297] Mount-cache hash table entries: 4096 (order: 3, 32768 bytes, linear)
[    0.219136] Mountpoint-cache hash table entries: 4096 (order: 3, 32768 bytes, linear)
[    0.222171] x86/cpu: User Mode Instruction Prevention (UMIP) activated
[    0.223215] Last level iTLB entries: 4KB 0, 2MB 0, 4MB 0
[    0.223854] Last level dTLB entries: 4KB 0, 2MB 0, 4MB 0, 1GB 0
[    0.226192] Spectre V1 : Mitigation: usercopy/swapgs barriers and __user pointer sanitization
[    0.227131] Spectre V2 : WARNING: Unprivileged eBPF is enabled with eIBRS on, data leaks possible via Spectre v2 BHB attacks!
[    0.228413] Spectre V2 : Mitigation: Enhanced IBRS
[    0.228912] Spectre V2 : Spectre v2 / SpectreRSB mitigation: Filling RSB on context switch
[    0.229747] Spectre V2 : mitigation: Enabling conditional Indirect Branch Prediction Barrier
[    0.230144] Speculative Store Bypass: Mitigation: Speculative Store Bypass disabled via prctl
[    0.356970] Freeing SMP alternatives memory: 56K
[    0.357832] smpboot: CPU0: Genuine Intel(R) CPU 0000 @ 2.20GHz (family: 0x6, model: 0x8d, stepping: 0x0)
[    0.358140] cblist_init_generic: Setting adjustable number of callback queues.
[    0.358140] cblist_init_generic: Setting shift to 1 and lim to 1.
[    0.358140] cblist_init_generic: Setting shift to 1 and lim to 1.
[    0.358140] cblist_init_generic: Setting shift to 1 and lim to 1.
[    0.358200] Performance Events: Icelake events, full-width counters, Intel PMU driver.
[    0.359120] ... version:                2
[    0.359528] ... bit width:              48
[    0.359951] ... generic registers:      8
[    0.360374] ... value mask:             0000ffffffffffff
[    0.360917] ... max period:             00007fffffffffff
[    0.361459] ... fixed-purpose events:   3
[    0.361874] ... event mask:             00000007000000ff
[    0.362411] rcu: Hierarchical SRCU implementation.
[    0.362929] rcu: 	Max phase no-delay instances is 1000.
[    0.366228] smp: Bringing up secondary CPUs ...
[    0.367049] x86: Booting SMP configuration:
[    0.367490] .... node  #0, CPUs:      #1
[    0.367988] smp: Brought up 1 node, 2 CPUs
[    0.367988] smpboot: Max logical packages: 1
[    0.367988] smpboot: Total of 2 processors activated (12441.60 BogoMIPS)
[    0.373343] devtmpfs: initialized
[    0.374201] x86/mm: Memory block size: 128MB
[    0.376212] clocksource: jiffies: mask: 0xffffffff max_cycles: 0xffffffff, max_idle_ns: 7645041785100000 ns
[    0.376212] futex hash table entries: 512 (order: 3, 32768 bytes, linear)
[    0.378320] pinctrl core: initialized pinctrl subsystem
[    0.379171] 
[    0.379407] *************************************************************
[    0.380213] **     NOTICE NOTICE NOTICE NOTICE NOTICE NOTICE NOTICE    **
[    0.380954] **                                                         **
[    0.381644] **  IOMMU DebugFS SUPPORT HAS BEEN ENABLED IN THIS KERNEL  **
[    0.382145] **                                                         **
[    0.382830] ** This means that this kernel is built to expose internal **
[    0.383530] ** IOMMU data structures, which may compromise security on **
[    0.384219] ** your system.                                            **
[    0.384906] **                                                         **
[    0.385594] ** If you see this message and you are not debugging the   **
[    0.386144] ** kernel, report this immediately to your vendor!         **
[    0.386830] **                                                         **
[    0.387586] **     NOTICE NOTICE NOTICE NOTICE NOTICE NOTICE NOTICE    **
[    0.388260] *************************************************************
[    0.389016] PM: RTC time: 00:42:41, date: 2022-11-17
[    0.392987] NET: Registered PF_NETLINK/PF_ROUTE protocol family
[    0.394079] DMA: preallocated 256 KiB GFP_KERNEL pool for atomic allocations
[    0.394162] DMA: preallocated 256 KiB GFP_KERNEL|GFP_DMA pool for atomic allocations
[    0.394967] DMA: preallocated 256 KiB GFP_KERNEL|GFP_DMA32 pool for atomic allocations
[    0.395819] audit: initializing netlink subsys (disabled)
[    0.396468] audit: type=2000 audit(1668645762.218:1): state=initialized audit_enabled=0 res=1
[    0.396468] thermal_sys: Registered thermal governor 'fair_share'
[    0.396468] thermal_sys: Registered thermal governor 'bang_bang'
[    0.398148] thermal_sys: Registered thermal governor 'step_wise'
[    0.398760] thermal_sys: Registered thermal governor 'user_space'
[    0.399392] cpuidle: using governor ladder
[    0.400457] cpuidle: using governor menu
[    0.401134] HugeTLB: can optimize 4095 vmemmap pages for hugepages-1048576kB
[    0.401861] acpiphp: ACPI Hot Plug PCI Controller Driver version: 0.5
[    0.402442] PCI: Using configuration type 1 for base access
[    0.413091] kprobes: kprobe jump-optimization is enabled. All kprobes are optimized if possible.
[    0.564499] HugeTLB: can optimize 7 vmemmap pages for hugepages-2048kB
[    0.565246] HugeTLB registered 1.00 GiB page size, pre-allocated 0 pages
[    0.565962] HugeTLB registered 2.00 MiB page size, pre-allocated 0 pages
[    0.568103] ACPI: Added _OSI(Module Device)
[    0.568562] ACPI: Added _OSI(Processor Device)
[    0.569030] ACPI: Added _OSI(3.0 _SCP Extensions)
[    0.569557] ACPI: Added _OSI(Processor Aggregator Device)
[    0.570133] ACPI: Added _OSI(Linux-Dell-Video)
[    0.570148] ACPI: Added _OSI(Linux-Lenovo-NV-HDMI-Audio)
[    0.570723] ACPI: Added _OSI(Linux-HPI-Hybrid-Graphics)
[    0.576181] ACPI: 1 ACPI AML tables successfully acquired and loaded
[    0.579257] ACPI: Interpreter enabled
[    0.579729] ACPI: PM: (supports S0 S3 S4 S5)
[    0.580180] ACPI: Using IOAPIC for interrupt routing
[    0.580743] PCI: Using host bridge windows from ACPI; if necessary, use "pci=nocrs" and report a bug
[    0.581677] PCI: Using E820 reservations for host bridge windows
[    0.582764] ACPI: Enabled 2 GPEs in block 00 to 0F
[    0.596891] ACPI: PCI Root Bridge [PCI0] (domain 0000 [bus 00-ff])
[    0.597584] acpi PNP0A03:00: _OSC: OS supports [ASPM ClockPM Segments MSI EDR HPX-Type3]
[    0.598150] acpi PNP0A03:00: _OSC: not requesting OS control; OS requires [ExtendedConfig ASPM ClockPM MSI]
[    0.599198] acpi PNP0A03:00: fail to add MMCONFIG information, can't access extended PCI configuration space under this bridge.
[    0.602058] acpiphp: Slot [3] registered
[    0.602213] acpiphp: Slot [4] registered
[    0.602673] acpiphp: Slot [5] registered
[    0.603158] acpiphp: Slot [6] registered
[    0.603641] acpiphp: Slot [7] registered
[    0.604098] acpiphp: Slot [8] registered
[    0.604567] acpiphp: Slot [9] registered
[    0.605039] acpiphp: Slot [10] registered
[    0.605519] acpiphp: Slot [11] registered
[    0.605997] acpiphp: Slot [12] registered
[    0.606221] acpiphp: Slot [13] registered
[    0.606699] acpiphp: Slot [14] registered
[    0.607181] acpiphp: Slot [15] registered
[    0.607658] acpiphp: Slot [16] registered
[    0.608131] acpiphp: Slot [17] registered
[    0.608614] acpiphp: Slot [18] registered
[    0.609108] acpiphp: Slot [19] registered
[    0.609593] acpiphp: Slot [20] registered
[    0.610074] acpiphp: Slot [21] registered
[    0.610201] acpiphp: Slot [22] registered
[    0.610782] acpiphp: Slot [23] registered
[    0.611261] acpiphp: Slot [24] registered
[    0.611738] acpiphp: Slot [25] registered
[    0.612244] acpiphp: Slot [26] registered
[    0.612727] acpiphp: Slot [27] registered
[    0.613215] acpiphp: Slot [28] registered
[    0.613695] acpiphp: Slot [29] registered
[    0.614178] acpiphp: Slot [30] registered
[    0.614660] acpiphp: Slot [31] registered
[    0.615112] PCI host bridge to bus 0000:00
[    0.615534] pci_bus 0000:00: root bus resource [io  0x0000-0x0cf7 window]
[    0.616242] pci_bus 0000:00: root bus resource [io  0x0d00-0xffff window]
[    0.616955] pci_bus 0000:00: root bus resource [mem 0x000a0000-0x000bffff window]
[    0.617739] pci_bus 0000:00: root bus resource [mem 0x80000000-0xfebfffff window]
[    0.618147] pci_bus 0000:00: root bus resource [mem 0x100000000-0x17fffffff window]
[    0.618935] pci_bus 0000:00: root bus resource [bus 00-ff]
[    0.619599] pci 0000:00:00.0: [8086:1237] type 00 class 0x060000
[    0.622843] pci 0000:00:01.0: [8086:7000] type 00 class 0x060100
[    0.624137] pci 0000:00:01.1: [8086:7010] type 00 class 0x010180
[    0.626550] pci 0000:00:01.1: reg 0x20: [io  0xc040-0xc04f]
[    0.627795] pci 0000:00:01.1: legacy IDE quirk: reg 0x10: [io  0x01f0-0x01f7]
[    0.628541] pci 0000:00:01.1: legacy IDE quirk: reg 0x14: [io  0x03f6]
[    0.629219] pci 0000:00:01.1: legacy IDE quirk: reg 0x18: [io  0x0170-0x0177]
[    0.629955] pci 0000:00:01.1: legacy IDE quirk: reg 0x1c: [io  0x0376]
[    0.630460] pci 0000:00:01.3: [8086:7113] type 00 class 0x068000
[    0.631460] pci 0000:00:01.3: quirk: [io  0x0600-0x063f] claimed by PIIX4 ACPI
[    0.632226] pci 0000:00:01.3: quirk: [io  0x0700-0x070f] claimed by PIIX4 SMB
[    0.633210] pci 0000:00:02.0: [1234:1111] type 00 class 0x030000
[    0.634552] pci 0000:00:02.0: reg 0x10: [mem 0xfd000000-0xfdffffff pref]
[    0.637749] pci 0000:00:02.0: reg 0x18: [mem 0xfebf0000-0xfebf0fff]
[    0.642610] pci 0000:00:02.0: reg 0x30: [mem 0xfebe0000-0xfebeffff pref]
[    0.644150] pci 0000:00:02.0: Video device with shadowed ROM at [mem 0x000c0000-0x000dffff]
[    0.648039] pci 0000:00:03.0: [8086:100e] type 00 class 0x020000
[    0.649336] pci 0000:00:03.0: reg 0x10: [mem 0xfebc0000-0xfebdffff]
[    0.650448] pci 0000:00:03.0: reg 0x14: [io  0xc000-0xc03f]
[    0.654000] pci 0000:00:03.0: reg 0x30: [mem 0xfeb80000-0xfebbffff pref]
[    0.666327] ACPI: PCI: Interrupt link LNKA configured for IRQ 10
[    0.667337] ACPI: PCI: Interrupt link LNKB configured for IRQ 10
[    0.668338] ACPI: PCI: Interrupt link LNKC configured for IRQ 11
[    0.669369] ACPI: PCI: Interrupt link LNKD configured for IRQ 11
[    0.670194] ACPI: PCI: Interrupt link LNKS configured for IRQ 9
[    0.672004] iommu: Default domain type: Translated 
[    0.672536] iommu: DMA domain TLB invalidation policy: lazy mode 
[    0.673982] SCSI subsystem initialized
[    0.674375] ACPI: bus type USB registered
[    0.674888] usbcore: registered new interface driver usbfs
[    0.675502] usbcore: registered new interface driver hub
[    0.676141] usbcore: registered new device driver usb
[    0.676783] pps_core: LinuxPPS API ver. 1 registered
[    0.677321] pps_core: Software ver. 5.3.6 - Copyright 2005-2007 Rodolfo Giometti <giometti@linux.it>
[    0.678156] PTP clock support registered
[    0.678738] EDAC MC: Ver: 3.0.0
[    0.680298] NetLabel: Initializing
[    0.680677] NetLabel:  domain hash size = 128
[    0.681137] NetLabel:  protocols = UNLABELED CIPSOv4 CALIPSO
[    0.681782] NetLabel:  unlabeled traffic allowed by default
[    0.682350] PCI: Using ACPI for IRQ routing
[    0.683014] pci 0000:00:02.0: vgaarb: setting as boot VGA device
[    0.683683] pci 0000:00:02.0: vgaarb: bridge control possible
[    0.684280] pci 0000:00:02.0: vgaarb: VGA device added: decodes=io+mem,owns=io+mem,locks=none
[    0.685162] vgaarb: loaded
[    0.686000] hpet0: at MMIO 0xfed00000, IRQs 2, 8, 0
[    0.686146] hpet0: 3 comparators, 64-bit 100.000000 MHz counter
[    3.668958] clocksource: Switched to clocksource kvm-clock
[    3.670140] VFS: Disk quotas dquot_6.6.0
[    3.670140] VFS: Dquot-cache hash table entries: 512 (order 0, 4096 bytes)
[    3.670140] pnp: PnP ACPI init
[    3.671248] pnp: PnP ACPI: found 6 devices
[    3.681208] clocksource: acpi_pm: mask: 0xffffff max_cycles: 0xffffff, max_idle_ns: 2085701024 ns
[    3.682589] NET: Registered PF_INET protocol family
[    3.683401] IP idents hash table entries: 32768 (order: 6, 262144 bytes, linear)
[    3.687300] tcp_listen_portaddr_hash hash table entries: 1024 (order: 2, 16384 bytes, linear)
[    3.688273] Table-perturb hash table entries: 65536 (order: 6, 262144 bytes, linear)
[    3.689138] TCP established hash table entries: 16384 (order: 5, 131072 bytes, linear)
[    3.690893] TCP bind hash table entries: 16384 (order: 6, 262144 bytes, linear)
[    3.692018] TCP: Hash tables configured (established 16384 bind 16384)
[    3.692868] UDP hash table entries: 1024 (order: 3, 32768 bytes, linear)
[    3.693659] UDP-Lite hash table entries: 1024 (order: 3, 32768 bytes, linear)
[    3.694588] NET: Registered PF_UNIX/PF_LOCAL protocol family
[    3.695530] RPC: Registered named UNIX socket transport module.
[    3.696166] RPC: Registered udp transport module.
[    3.696676] RPC: Registered tcp transport module.
[    3.697173] RPC: Registered tcp NFSv4.1 backchannel transport module.
[    3.697891] pci_bus 0000:00: resource 4 [io  0x0000-0x0cf7 window]
[    3.698541] pci_bus 0000:00: resource 5 [io  0x0d00-0xffff window]
[    3.699225] pci_bus 0000:00: resource 6 [mem 0x000a0000-0x000bffff window]
[    3.700013] pci_bus 0000:00: resource 7 [mem 0x80000000-0xfebfffff window]
[    3.700771] pci_bus 0000:00: resource 8 [mem 0x100000000-0x17fffffff window]
[    3.701755] pci 0000:00:01.0: PIIX3: Enabling Passive Release
[    3.702383] pci 0000:00:00.0: Limiting direct PCI/PCI transfers
[    3.703129] PCI: CLS 0 bytes, default 64
[    3.703837] clocksource: tsc: mask: 0xffffffffffffffff max_cycles: 0x2cd5a8bb032, max_idle_ns: 440795365915 ns
[    3.809691] Initialise system trusted keyrings
[    3.810538] Key type blacklist registered
[    3.811387] workingset: timestamp_bits=36 max_order=19 bucket_order=0
[    3.822712] zbud: loaded
[    3.824923] squashfs: version 4.0 (2009/01/31) Phillip Lougher
[    3.827535] NFS: Registering the id_resolver key type
[    3.828373] Key type id_resolver registered
[    3.829028] Key type id_legacy registered
[    3.829798] nfs4filelayout_init: NFSv4 File Layout Driver Registering...
[    3.830878] nfs4flexfilelayout_init: NFSv4 Flexfile Layout Driver Registering...
[    3.832225] fuse: init (API version 7.36)
[    3.833225] SGI XFS with ACLs, security attributes, realtime, quota, no debug enabled
[    3.836351] 9p: Installing v9fs 9p2000 file system support
[    3.856144] Key type asymmetric registered
[    3.856828] Asymmetric key parser 'x509' registered
[    3.860038] alg: self-tests for CTR-KDF (hmac(sha256)) passed
[    3.861014] Block layer SCSI generic (bsg) driver version 0.4 loaded (major 243)
[    3.862225] io scheduler mq-deadline registered
[    3.862936] io scheduler bfq registered
[    3.864572] shpchp: Standard Hot Plug PCI Controller Driver version: 0.4
[    3.866018] IPMI message handler: version 39.2
[    3.866758] ipmi device interface
[    3.869080] input: Power Button as /devices/LNXSYSTM:00/LNXPWRBN:00/input/input0
[    3.870445] ACPI: button: Power Button [PWRF]
[    3.872417] ERST DBG: ERST support is disabled.
[    3.873856] Serial: 8250/16550 driver, 32 ports, IRQ sharing enabled
[    3.875499] 00:04: ttyS0 at I/O 0x3f8 (irq = 4, base_baud = 115200) is a 16550A
[    3.885790] Linux agpgart interface v0.103
[    3.887111] ACPI: bus type drm_connector registered
[    3.903718] brd: module loaded
[    3.911724] loop: module loaded
[    3.917759] scsi host0: ata_piix
[    3.918876] scsi host1: ata_piix
[    3.919603] ata1: PATA max MWDMA2 cmd 0x1f0 ctl 0x3f6 bmdma 0xc040 irq 14
[    3.920650] ata2: PATA max MWDMA2 cmd 0x170 ctl 0x376 bmdma 0xc048 irq 15
[    3.923333] tun: Universal TUN/TAP device driver, 1.6
[    3.924283] e100: Intel(R) PRO/100 Network Driver
[    3.924991] e100: Copyright(c) 1999-2006 Intel Corporation
[    3.925884] e1000: Intel(R) PRO/1000 Network Driver
[    3.926636] e1000: Copyright (c) 1999-2006 Intel Corporation.
[    4.025432] ACPI: \_SB_.LNKC: Enabled at IRQ 11
[    4.078301] ata1: found unknown device (class 0)
[    4.079273] ata1.00: ATA-7: QEMU HARDDISK, 2.5+, max UDMA/100
[    4.079878] ata1.00: 16777216 sectors, multi 16: LBA48 
[    4.081108] scsi 0:0:0:0: Direct-Access     ATA      QEMU HARDDISK    2.5+ PQ: 0 ANSI: 5
[    4.082467] ata2: found unknown device (class 0)
[    4.083372] ata2.00: ATAPI: QEMU DVD-ROM, 2.5+, max UDMA/100
[    4.084665] sd 0:0:0:0: Attached scsi generic sg0 type 0
[    4.084747] sd 0:0:0:0: [sda] 16777216 512-byte logical blocks: (8.59 GB/8.00 GiB)
[    4.086007] sd 0:0:0:0: [sda] Write Protect is off
[    4.086826] sd 0:0:0:0: [sda] Write cache: enabled, read cache: enabled, doesn't support DPO or FUA
[    4.087853] scsi 1:0:0:0: CD-ROM            QEMU     QEMU DVD-ROM     2.5+ PQ: 0 ANSI: 5
[    4.088891] sd 0:0:0:0: [sda] Preferred minimum I/O size 512 bytes
[    4.111257] sd 0:0:0:0: [sda] Attached SCSI disk
[    4.118751] scsi 1:0:0:0: Attached scsi generic sg1 type 5
[    4.357499] e1000 0000:00:03.0 eth0: (PCI:33MHz:32-bit) 52:54:00:12:34:56
[    4.358226] e1000 0000:00:03.0 eth0: Intel(R) PRO/1000 Network Connection
[    4.358992] e1000e: Intel(R) PRO/1000 Network Driver
[    4.359499] e1000e: Copyright(c) 1999 - 2015 Intel Corporation.
[    4.360144] igb: Intel(R) Gigabit Ethernet Network Driver
[    4.360700] igb: Copyright (c) 2007-2014 Intel Corporation.
[    4.361339] PPP generic driver version 2.4.2
[    4.362049] VFIO - User Level meta-driver version: 0.3
[    4.362650] ehci_hcd: USB 2.0 'Enhanced' Host Controller (EHCI) Driver
[    4.363314] ehci-pci: EHCI PCI platform driver
[    4.363814] ehci-platform: EHCI generic platform driver
[    4.364358] ohci_hcd: USB 1.1 'Open' Host Controller (OHCI) Driver
[    4.365003] ohci-pci: OHCI PCI platform driver
[    4.365468] ohci-platform: OHCI generic platform driver
[    4.366031] uhci_hcd: USB Universal Host Controller Interface driver
[    4.366929] usbcore: registered new interface driver uas
[    4.367520] usbcore: registered new interface driver usb-storage
[    4.368215] i8042: PNP: PS/2 Controller [PNP0303:KBD,PNP0f13:MOU] at 0x60,0x64 irq 1,12
[    4.369677] serio: i8042 KBD port at 0x60,0x64 irq 1
[    4.370217] serio: i8042 AUX port at 0x60,0x64 irq 12
[    4.371109] mousedev: PS/2 mouse device common for all mice
[    4.372293] input: AT Translated Set 2 keyboard as /devices/platform/i8042/serio0/input/input1
[    4.373807] input: VirtualPS/2 VMware VMMouse as /devices/platform/i8042/serio1/input/input4
[    4.374318] rtc_cmos 00:05: RTC can wake from S4
[    4.375434] input: VirtualPS/2 VMware VMMouse as /devices/platform/i8042/serio1/input/input3
[    4.376479] rtc_cmos 00:05: registered as rtc0
[    4.377379] rtc_cmos 00:05: setting system clock to 2022-11-17T00:42:45 UTC (1668645765)
[    4.378299] rtc_cmos 00:05: alarms up to one day, y3k, 242 bytes nvram, hpet irqs
[    4.379083] i2c_dev: i2c /dev entries driver
[    4.379565] device-mapper: core: CONFIG_IMA_DISABLE_HTABLE is disabled. Duplicate IMA measurements will not be recorded in the IMA log.
[    4.380863] device-mapper: uevent: version 1.0.3
[    4.381541] device-mapper: ioctl: 4.47.0-ioctl (2022-07-28) initialised: dm-devel@redhat.com
[    4.382419] intel_pstate: CPU model not supported
[    4.382969] sdhci: Secure Digital Host Controller Interface driver
[    4.383595] sdhci: Copyright(c) Pierre Ossman
[    4.384109] sdhci-pltfm: SDHCI platform and OF driver helper
[    4.384727] ledtrig-cpu: registered to indicate activity on CPUs
[    4.385570] drop_monitor: Initializing network drop monitor service
[    4.386697] NET: Registered PF_INET6 protocol family
[    4.388432] Segment Routing with IPv6
[    4.388830] In-situ OAM (IOAM) with IPv6
[    4.389248] NET: Registered PF_PACKET protocol family
[    4.389948] 9pnet: Installing 9P2000 support
[    4.390447] Key type dns_resolver registered
[    4.391479] IPI shorthand broadcast: enabled
[    4.391958] sched_clock: Marking stable (4376485789, 14766346)->(4412000916, -20748781)
[    4.393073] registered taskstats version 1
[    4.393574] Loading compiled-in X.509 certificates
[    4.394238] zswap: loaded using pool lzo/zbud
[    4.395072] Key type ._fscrypt registered
[    4.395474] Key type .fscrypt registered
[    4.395866] Key type fscrypt-provisioning registered
[    4.397066] Key type encrypted registered
[    4.397512] ima: No TPM chip found, activating TPM-bypass!
[    4.398071] ima: Allocated hash algorithm: sha1
[    4.398565] ima: No architecture policies found
[    4.399069] evm: Initialising EVM extended attributes:
[    4.399573] evm: security.selinux
[    4.399905] evm: security.SMACK64
[    4.400237] evm: security.SMACK64EXEC
[    4.400601] evm: security.SMACK64TRANSMUTE
[    4.401006] evm: security.SMACK64MMAP
[    4.401373] evm: security.apparmor
[    4.401712] evm: security.ima
[    4.402016] evm: security.capability
[    4.402393] evm: HMAC attrs: 0x1
[    4.406787] PM:   Magic number: 14:987:708
[    4.407235] PM:   hash matches drivers/base/power/main.c:657
[    4.408171] RAS: Correctable Errors collector initialized.
[    4.409040] md: Waiting for all devices to be available before autodetect
[    4.409504] md: If you don't use raid, use raid=noautodetect
[    4.409910] md: Autodetecting RAID arrays.
[    4.410225] md: autorun ...
[    4.410426] md: ... autorun DONE.
[    4.413032] EXT4-fs (sda): INFO: recovery required on readonly filesystem
[    4.413522] EXT4-fs (sda): write access will be enabled during recovery
[    4.439997] EXT4-fs (sda): recovery complete
[    4.445889] EXT4-fs (sda): mounted filesystem with ordered data mode. Quota mode: none.
[    4.446513] VFS: Mounted root (ext4 filesystem) readonly on device 8:0.
[    4.447343] devtmpfs: mounted
[    4.460510] Freeing unused decrypted memory: 2036K
[    4.462762] Freeing unused kernel image (initmem) memory: 3600K
[    4.463221] Write protecting the kernel read-only data: 40960k
[    4.466381] Freeing unused kernel image (text/rodata gap) memory: 2032K
[    4.467250] Freeing unused kernel image (rodata/data gap) memory: 416K
[    4.575502] x86/mm: Checked W+X mappings: passed, no W+X pages found.
[    4.576003] Run /sbin/init as init process
[    4.659074] systemd[1]: RTC configured in localtime, applying delta of 0 minutes to system time.
[    4.686370] systemd[1]: systemd 239 (239-49.el8) running in system mode. (+PAM +AUDIT +SELINUX +IMA -APPARMOR +SMACK +SYSVINIT +UTMP +LIBCRYPTSETUP +GCRYPT +GNUTLS +ACL +XZ +LZ4 +SECCOMP +BLKID +ELFUTILS +KMOD +IDN2 -IDN +PCRE2 default-hierarchy=legacy)
[    4.688799] systemd[1]: Detected virtualization kvm.
[    4.689334] systemd[1]: Detected architecture x86-64.

Welcome to [0;31mCentOS Stream 8[0m!

[    4.712981] systemd[1]: Set hostname to <test>.
[    6.658159] random: crng init done
[    6.749936] systemd[1]: Listening on RPCbind Server Activation Socket.
[[0;32m  OK  [0m] Listening on RPCbind Server Activation Socket.
[    6.751319] systemd[1]: Reached target Swap.
[[0;32m  OK  [0m] Reached target Swap.
[    6.756950] systemd[1]: Listening on Process Core Dump Socket.
[[0;32m  OK  [0m] Listening on Process Core Dump Socket.
[    6.758209] systemd[1]: Listening on Device-mapper event daemon FIFOs.
[[0;32m  OK  [0m] Listening on Device-mapper event daemon FIFOs.
[    6.759610] systemd[1]: Listening on udev Control Socket.
[[0;32m  OK  [0m] Listening on udev Control Socket.
[    6.760744] systemd[1]: Listening on multipathd control socket.
[[0;32m  OK  [0m] Listening on multipathd control socket.
[[0;32m  OK  [0m] Reached target RPC Port Mapper.
[[0;32m  OK  [0m] Created slice system-getty.slice.
[[0;32m  OK  [0m] Created slice system-serial\x2dgetty.slice.
[[0;32m  OK  [0m] Started Forward Password Requests to Wall Directory Watch.
[[0;32m  OK  [0m] Created slice system-sshd\x2dkeygen.slice.
[[0;32m  OK  [0m] Listening on LVM2 poll daemon socket.
[[0;32m  OK  [0m] Listening on udev Kernel Socket.
[[0;32m  OK  [0m] Set up automount Arbitrary Executabâ€¦rmats File System Automount Point.
[[0;32m  OK  [0m] Listening on Journal Socket.
         Starting Remount Root and Kernel File Systems...
         Mounting Kernel Debug File System...
         Mounting Huge Pages File System...
         Starting Load Kernel Modules...
[[0;32m  OK  [0m] Listening on Journal Socket (/dev/log).
         Starting Setup Virtual Console...
         Starting Monitoring of LVM2 mirrorsâ€¦ng dmeventd or progress polling...
[[0;32m  OK  [0m] Listening on initctl Compatibility Named Pipe.
         Mounting POSIX Message Queue File System...
[[0;32m  OK  [0m] Created slice User and Session Slice.
[[0;32m  OK  [0m] Reached target Slices.
         Starting udev Coldplug all Devices...
         Starting Journal Service...
[[0;32m  OK  [0m] Mounted Kernel Debug File System.
[[0;32m  OK  [0m] Mounted Huge Pages File System.
[[0;1;31mFAILED[0m] Failed to start Load Kernel Modules.
See 'systemctl status systemd-modules-load.service' for details.
[[0;32m  OK  [0m] Mounted POSIX Message Queue File System.
         Mounting Kernel Configuration File System...
         Mounting FUSE Control File System...
         Starting Apply Kernel Variables...
[[0;32m  OK  [0m] Mounted FUSE Control File System.
[[0;32m  OK  [0m] Mounted Kernel Configuration File System.
[    7.066630] EXT4-fs (sda): re-mounted. Quota mode: none.
[[0;32m  OK  [0m] Started Remount Root and Kernel File Systems.
         Starting Load/Save Random Seed...
         Starting Create Static Device Nodes in /dev...
[[0;32m  OK  [0m] Started Apply Kernel Variables.
[[0;32m  OK  [0m] Started Load/Save Random Seed.
[[0;32m  OK  [0m] Started Create Static Device Nodes in /dev.
[[0;32m  OK  [0m] Started Journal Service.
[[0;32m  OK  [0m] Started Setup Virtual Console.
[[0;32m  OK  [0m] Started udev Coldplug all Devices.
         Starting udev Wait for Complete Device Initialization...
         Starting Flush Journal to Persistent Storage...
         Starting udev Kernel Device Manager...
[[0;32m  OK  [0m] Started Flush Journal to Persistent Storage.
[[0;32m  OK  [0m] Started udev Kernel Device Manager.
         Starting Show Plymouth Boot Screen...
[[0;32m  OK  [0m] Started Show Plymouth Boot Screen.
[[0;32m  OK  [0m] Started Forward Password Requests to Plymouth Directory Watch.
[[0;32m  OK  [0m] Reached target Local Encrypted Volumes.
[[0;32m  OK  [0m] Reached target Paths.
[[0;32m  OK  [0m] Found device /dev/ttyS0.
[[0;32m  OK  [0m] Started Monitoring of LVM2 mirrors,â€¦sing dmeventd or progress polling.
[[0;32m  OK  [0m] Started udev Wait for Complete Device Initialization.
[[0;32m  OK  [0m] Listening on Load/Save RF Kill Switch Status /dev/rfkill Watch.
[[0;32m  OK  [0m] Reached target Local File Systems (Pre).
[[0;32m  OK  [0m] Reached target Local File Systems.
         Starting Restore /run/initramfs on shutdown...
         Starting Tell Plymouth To Write Out Runtime Data...
         Starting Create Volatile Files and Directories...
[[0;32m  OK  [0m] Started Restore /run/initramfs on shutdown.
[[0;32m  OK  [0m] Started Tell Plymouth To Write Out Runtime Data.
[[0;32m  OK  [0m] Started Create Volatile Files and Directories.
         Starting RPC Bind...
         Mounting RPC Pipe File System...
         Starting Security Auditing Service...
[[0;32m  OK  [0m] Mounted RPC Pipe File System.
[[0;32m  OK  [0m] Reached target rpc_pipefs.target.
[[0;32m  OK  [0m] Started RPC Bind.
[[0;32m  OK  [0m] Started Security Auditing Service.
         Starting Update UTMP about System Boot/Shutdown...
[[0;32m  OK  [0m] Started Update UTMP about System Boot/Shutdown.
[[0;32m  OK  [0m] Reached target System Initialization.
[[0;32m  OK  [0m] Listening on D-Bus System Message Bus Socket.
[[0;32m  OK  [0m] Started daily update of the root trust anchor for DNSSEC.
[[0;32m  OK  [0m] Listening on SSSD Kerberos Cache Manager responder socket.
[[0;32m  OK  [0m] Reached target Sockets.
[[0;32m  OK  [0m] Reached target Basic System.
[[0;32m  OK  [0m] Started D-Bus System Message Bus.
         Starting Authorization Manager...
         Starting NTP client/server...
         Starting Login Service...
[[0;32m  OK  [0m] Started Daily Cleanup of Temporary Directories.
         Starting Auto-connect to subsystemsâ€¦-NVME devices found during boot...
         Starting Self Monitoring and Reporting Technology (SMART) Daemon...
         Starting Network Manager...
[[0;32m  OK  [0m] Started Machine Check Exception Logging Daemon.
[[0;32m  OK  [0m] Started irqbalance daemon.
[[0;32m  OK  [0m] Started dnf makecache --timer.
[[0;32m  OK  [0m] Reached target Timers.
[[0;32m  OK  [0m] Reached target sshd-keygen.target.
[[0;32m  OK  [0m] Started Auto-connect to subsystems â€¦FC-NVME devices found during boot.
[[0;32m  OK  [0m] Started Self Monitoring and Reporting Technology (SMART) Daemon.
         Starting update of the root trust aâ€¦or DNSSEC validation in unbound...
[[0;32m  OK  [0m] Started NTP client/server.
[[0;32m  OK  [0m] Started Login Service.
[[0;32m  OK  [0m] Started Network Manager.
[[0;32m  OK  [0m] Reached target Network.
         Starting GSSAPI Proxy Daemon...
         Starting OpenSSH server daemon...
         Starting Dynamic System Tuning Daemon...
         Starting Network Manager Wait Online...
[[0;32m  OK  [0m] Started OpenSSH server daemon.
[[0;32m  OK  [0m] Started update of the root trust anâ€¦ for DNSSEC validation in unbound.
         Starting Hostname Service...
[[0;32m  OK  [0m] Started GSSAPI Proxy Daemon.
[[0;32m  OK  [0m] Started Authorization Manager.
[[0;32m  OK  [0m] Reached target NFS client services.
[[0;32m  OK  [0m] Reached target Remote File Systems (Pre).
[[0;32m  OK  [0m] Reached target Remote File Systems.
         Starting Permit User Sessions...
[[0;32m  OK  [0m] Started Permit User Sessions.
         Starting Terminate Plymouth Boot Screen...
[[0;32m  OK  [0m] Started Command Scheduler.
         Starting Hold until boot process finishes up...
[[0;32m  OK  [0m] Started Terminate Plymouth Boot Screen.
[[0;32m  OK  [0m] Started Hold until boot process finishes up.
[    8.658203] e1000: eth0 NIC Link is Up 1000 Mbps Full Duplex, Flow Control: RX
[    8.659250] IPv6: ADDRCONF(NETDEV_CHANGE): eth0: link becomes ready
[    8.829072] Spectre V2 : WARNING: Unprivileged eBPF is enabled with eIBRS on, data leaks possible via Spectre v2 BHB attacks!
[    8.829919] Spectre V2 : WARNING: Unprivileged eBPF is enabled with eIBRS on, data leaks possible via Spectre v2 BHB attacks!

CentOS Stream 8
Kernel 5.19.0-6614a3c3164a+ on an x86_64

test login: 