c[?7l[2J[0mSeaBIOS (version rel-1.16.0-0-gd239552ce722-prebuilt.qemu.org)


iPXE (http://ipxe.org) 00:03.0 CA00 PCI2.10 PnP PMM+7FF91000+7FEF1000 CA00
Press Ctrl-B to configure iPXE (PCI 00:03.0)...                                                                               


Booting from ROM...
c[?7l[2J[    0.000000] Linux version 6.1.0-rc3-7f7bac08d9e3+ (root@p-tglh01.sh.intel.com) (gcc (GCC) 8.5.0 20210514 (Red Hat 8.5.0-17), GNU ld version 2.36.1-2.el8) #1 SMP PREEMPT_DYNAMIC Thu Nov 17 13:34:28 CST 2022
[    0.000000] Command line: console=ttyS0 root=/dev/sda earlyprintk=serial net.ifnames=0
[    0.000000] KERNEL supported cpus:
[    0.000000]   Intel GenuineIntel
[    0.000000]   AMD AuthenticAMD
[    0.000000]   Hygon HygonGenuine
[    0.000000]   Centaur CentaurHauls
[    0.000000]   zhaoxin   Shanghai  
[    0.000000] x86/fpu: Supporting XSAVE feature 0x001: 'x87 floating point registers'
[    0.000000] x86/fpu: Supporting XSAVE feature 0x002: 'SSE registers'
[    0.000000] x86/fpu: Supporting XSAVE feature 0x004: 'AVX registers'
[    0.000000] x86/fpu: Supporting XSAVE feature 0x020: 'AVX-512 opmask'
[    0.000000] x86/fpu: Supporting XSAVE feature 0x040: 'AVX-512 Hi256'
[    0.000000] x86/fpu: Supporting XSAVE feature 0x080: 'AVX-512 ZMM_Hi256'
[    0.000000] x86/fpu: Supporting XSAVE feature 0x200: 'Protection Keys User registers'
[    0.000000] x86/fpu: xstate_offset[2]:  576, xstate_sizes[2]:  256
[    0.000000] x86/fpu: xstate_offset[5]:  832, xstate_sizes[5]:   64
[    0.000000] x86/fpu: xstate_offset[6]:  896, xstate_sizes[6]:  512
[    0.000000] x86/fpu: xstate_offset[7]: 1408, xstate_sizes[7]: 1024
[    0.000000] x86/fpu: xstate_offset[9]: 2432, xstate_sizes[9]:    8
[    0.000000] x86/fpu: Enabled xstate features 0x2e7, context size is 2440 bytes, using 'compacted' format.
[    0.000000] signal: max sigframe size: 3632
[    0.000000] BIOS-provided physical RAM map:
[    0.000000] BIOS-e820: [mem 0x0000000000000000-0x000000000009fbff] usable
[    0.000000] BIOS-e820: [mem 0x000000000009fc00-0x000000000009ffff] reserved
[    0.000000] BIOS-e820: [mem 0x00000000000f0000-0x00000000000fffff] reserved
[    0.000000] BIOS-e820: [mem 0x0000000000100000-0x000000007ffdffff] usable
[    0.000000] BIOS-e820: [mem 0x000000007ffe0000-0x000000007fffffff] reserved
[    0.000000] BIOS-e820: [mem 0x00000000feffc000-0x00000000feffffff] reserved
[    0.000000] BIOS-e820: [mem 0x00000000fffc0000-0x00000000ffffffff] reserved
[    0.000000] printk: bootconsole [earlyser0] enabled
[    0.000000] NX (Execute Disable) protection: active
[    0.000000] SMBIOS 2.8 present.
[    0.000000] DMI: QEMU Standard PC (i440FX + PIIX, 1996), BIOS rel-1.16.0-0-gd239552ce722-prebuilt.qemu.org 04/01/2014
[    0.000000] Hypervisor detected: KVM
[    0.000000] kvm-clock: Using msrs 4b564d01 and 4b564d00
[    0.000005] kvm-clock: using sched offset of 423656799 cycles
[    0.000822] clocksource: kvm-clock: mask: 0xffffffffffffffff max_cycles: 0x1cd42e4dffb, max_idle_ns: 881590591483 ns
[    0.003259] tsc: Detected 3110.400 MHz processor
[    0.015996] last_pfn = 0x7ffe0 max_arch_pfn = 0x400000000
[    0.016944] x86/PAT: Configuration [0-7]: WB  WC  UC- UC  WB  WP  UC- WT  
[    0.032992] found SMP MP-table at [mem 0x000f5ba0-0x000f5baf]
[    0.034095] Using GB pages for direct mapping
[    0.036778] ACPI: Early table checksum verification disabled
[    0.037794] ACPI: RSDP 0x00000000000F59C0 000014 (v00 BOCHS )
[    0.038772] ACPI: RSDT 0x000000007FFE1951 000034 (v01 BOCHS  BXPC     00000001 BXPC 00000001)
[    0.040170] ACPI: FACP 0x000000007FFE17FD 000074 (v01 BOCHS  BXPC     00000001 BXPC 00000001)
[    0.041532] ACPI: DSDT 0x000000007FFE0040 0017BD (v01 BOCHS  BXPC     00000001 BXPC 00000001)
[    0.042864] ACPI: FACS 0x000000007FFE0000 000040
[    0.043622] ACPI: APIC 0x000000007FFE1871 000080 (v01 BOCHS  BXPC     00000001 BXPC 00000001)
[    0.044964] ACPI: HPET 0x000000007FFE18F1 000038 (v01 BOCHS  BXPC     00000001 BXPC 00000001)
[    0.046268] ACPI: WAET 0x000000007FFE1929 000028 (v01 BOCHS  BXPC     00000001 BXPC 00000001)
[    0.047624] ACPI: Reserving FACP table memory at [mem 0x7ffe17fd-0x7ffe1870]
[    0.048699] ACPI: Reserving DSDT table memory at [mem 0x7ffe0040-0x7ffe17fc]
[    0.049782] ACPI: Reserving FACS table memory at [mem 0x7ffe0000-0x7ffe003f]
[    0.050869] ACPI: Reserving APIC table memory at [mem 0x7ffe1871-0x7ffe18f0]
[    0.051951] ACPI: Reserving HPET table memory at [mem 0x7ffe18f1-0x7ffe1928]
[    0.053026] ACPI: Reserving WAET table memory at [mem 0x7ffe1929-0x7ffe1950]
[    0.056208] No NUMA configuration found
[    0.056840] Faking a node at [mem 0x0000000000000000-0x000000007ffdffff]
[    0.058068] NODE_DATA(0) allocated [mem 0x7ffb5000-0x7ffdffff]
[    0.064360] Zone ranges:
[    0.064778]   DMA      [mem 0x0000000000001000-0x0000000000ffffff]
[    0.065745]   DMA32    [mem 0x0000000001000000-0x000000007ffdffff]
[    0.066695]   Normal   empty
[    0.067132]   Device   empty
[    0.067510] Movable zone start for each node
[    0.067964] Early memory node ranges
[    0.068342]   node   0: [mem 0x0000000000001000-0x000000000009efff]
[    0.069029]   node   0: [mem 0x0000000000100000-0x000000007ffdffff]
[    0.069739] Initmem setup node 0 [mem 0x0000000000001000-0x000000007ffdffff]
[    0.071612] On node 0, zone DMA: 1 pages in unavailable ranges
[    0.071821] On node 0, zone DMA: 97 pages in unavailable ranges
[    0.103959] On node 0, zone DMA32: 32 pages in unavailable ranges
[    0.104987] ACPI: PM-Timer IO Port: 0x608
[    0.106149] ACPI: LAPIC_NMI (acpi_id[0xff] dfl dfl lint[0x1])
[    0.106819] IOAPIC[0]: apic_id 0, version 17, address 0xfec00000, GSI 0-23
[    0.107564] ACPI: INT_SRC_OVR (bus 0 bus_irq 0 global_irq 2 dfl dfl)
[    0.108247] ACPI: INT_SRC_OVR (bus 0 bus_irq 5 global_irq 5 high level)
[    0.108964] ACPI: INT_SRC_OVR (bus 0 bus_irq 9 global_irq 9 high level)
[    0.109680] ACPI: INT_SRC_OVR (bus 0 bus_irq 10 global_irq 10 high level)
[    0.110444] ACPI: INT_SRC_OVR (bus 0 bus_irq 11 global_irq 11 high level)
[    0.111229] ACPI: Using ACPI (MADT) for SMP configuration information
[    0.111903] ACPI: HPET id: 0x8086a201 base: 0xfed00000
[    0.112507] TSC deadline timer available
[    0.112940] smpboot: Allowing 2 CPUs, 0 hotplug CPUs
[    0.113563] kvm-guest: KVM setup pv remote TLB flush
[    0.114114] kvm-guest: setup PV sched yield
[    0.114651] PM: hibernation: Registered nosave memory: [mem 0x00000000-0x00000fff]
[    0.115499] PM: hibernation: Registered nosave memory: [mem 0x0009f000-0x0009ffff]
[    0.116341] PM: hibernation: Registered nosave memory: [mem 0x000a0000-0x000effff]
[    0.117177] PM: hibernation: Registered nosave memory: [mem 0x000f0000-0x000fffff]
[    0.118023] [mem 0x80000000-0xfeffbfff] available for PCI devices
[    0.118703] Booting paravirtualized kernel on KVM
[    0.119266] clocksource: refined-jiffies: mask: 0xffffffff max_cycles: 0xffffffff, max_idle_ns: 7645519600211568 ns
[    0.120436] setup_percpu: NR_CPUS:8192 nr_cpumask_bits:2 nr_cpu_ids:2 nr_node_ids:1
[    0.126891] percpu: Embedded 62 pages/cpu s217088 r8192 d28672 u1048576
[    0.127954] kvm-guest: PV spinlocks enabled
[    0.128438] PV qspinlock hash table entries: 256 (order: 0, 4096 bytes, linear)
[    0.129281] Fallback order for Node 0: 0 
[    0.129743] Built 1 zonelists, mobility grouping on.  Total pages: 515808
[    0.130502] Policy zone: DMA32
[    0.130846] Kernel command line: net.ifnames=0 console=ttyS0 root=/dev/sda earlyprintk=serial net.ifnames=0
[    0.133728] Dentry cache hash table entries: 262144 (order: 9, 2097152 bytes, linear)
[    0.134747] Inode-cache hash table entries: 131072 (order: 8, 1048576 bytes, linear)
[    0.135781] mem auto-init: stack:off, heap alloc:off, heap free:off
[    0.140656] Memory: 1999736K/2096632K available (30736K kernel code, 4079K rwdata, 7524K rodata, 3624K init, 10528K bss, 96640K reserved, 0K cma-reserved)
[    0.143521] SLUB: HWalign=64, Order=0-3, MinObjects=0, CPUs=2, Nodes=1
[    0.144227] kmemleak: Kernel memory leak detector disabled
[    0.144837] ftrace: allocating 66320 entries in 260 pages
[    0.179798] ftrace: allocated 260 pages with 2 groups
[    0.182503] Dynamic Preempt: voluntary
[    0.183021] rcu: Preemptible hierarchical RCU implementation.
[    0.183620] rcu: 	RCU restricting CPUs from NR_CPUS=8192 to nr_cpu_ids=2.
[    0.184303] 	Trampoline variant of Tasks RCU enabled.
[    0.184821] 	Rude variant of Tasks RCU enabled.
[    0.185289] 	Tracing variant of Tasks RCU enabled.
[    0.185777] rcu: RCU calculated value of scheduler-enlistment delay is 25 jiffies.
[    0.186548] rcu: Adjusting geometry for rcu_fanout_leaf=16, nr_cpu_ids=2
[    0.220010] NR_IRQS: 524544, nr_irqs: 440, preallocated irqs: 16
[    0.221002] rcu: srcu_init: Setting srcu_struct sizes based on contention.
[    0.230788] Console: colour VGA+ 80x25
[    0.231266] printk: console [ttyS0] enabled
[    0.231266] printk: console [ttyS0] enabled
[    0.232145] printk: bootconsole [earlyser0] disabled
[    0.232145] printk: bootconsole [earlyser0] disabled
[    0.233248] ACPI: Core revision 20220331
[    0.233966] clocksource: hpet: mask: 0xffffffff max_cycles: 0xffffffff, max_idle_ns: 19112604467 ns
[    0.235065] APIC: Switch to symmetric I/O mode setup
[    0.235820] x2apic enabled
[    0.236354] Switched APIC routing to physical x2apic.
[    0.236908] kvm-guest: setup PV IPIs
[    0.238325] ..TIMER: vector=0x30 apic1=0 pin1=2 apic2=-1 pin2=-1
[    0.239001] clocksource: tsc-early: mask: 0xffffffffffffffff max_cycles: 0x2cd5a8bb032, max_idle_ns: 440795365915 ns
[    0.240163] Calibrating delay loop (skipped) preset value.. 6220.80 BogoMIPS (lpj=12441600)
[    0.241060] pid_max: default: 32768 minimum: 301
[    0.241748] LSM: Security Framework initializing
[    0.242262] Yama: becoming mindful.
[    0.242908] Mount-cache hash table entries: 4096 (order: 3, 32768 bytes, linear)
[    0.244175] Mountpoint-cache hash table entries: 4096 (order: 3, 32768 bytes, linear)
[    0.248187] x86/cpu: User Mode Instruction Prevention (UMIP) activated
[    0.249317] Last level iTLB entries: 4KB 0, 2MB 0, 4MB 0
[    0.249945] Last level dTLB entries: 4KB 0, 2MB 0, 4MB 0, 1GB 0
[    0.250629] Spectre V1 : Mitigation: usercopy/swapgs barriers and __user pointer sanitization
[    0.252167] Spectre V2 : WARNING: Unprivileged eBPF is enabled with eIBRS on, data leaks possible via Spectre v2 BHB attacks!
[    0.253346] Spectre V2 : Mitigation: Enhanced IBRS
[    0.253825] Spectre V2 : Spectre v2 / SpectreRSB mitigation: Filling RSB on context switch
[    0.254639] Spectre V2 : Spectre v2 / PBRSB-eIBRS: Retire a single CALL on VMEXIT
[    0.255384] Spectre V2 : mitigation: Enabling conditional Indirect Branch Prediction Barrier
[    0.256155] Speculative Store Bypass: Mitigation: Speculative Store Bypass disabled via prctl
[    0.383056] Freeing SMP alternatives memory: 56K
[    0.383889] smpboot: CPU0: Genuine Intel(R) CPU 0000 @ 2.20GHz (family: 0x6, model: 0x8d, stepping: 0x0)
[    0.384152] cblist_init_generic: Setting adjustable number of callback queues.
[    0.384152] cblist_init_generic: Setting shift to 1 and lim to 1.
[    0.384152] cblist_init_generic: Setting shift to 1 and lim to 1.
[    0.384152] cblist_init_generic: Setting shift to 1 and lim to 1.
[    0.384152] Performance Events: Icelake events, full-width counters, Intel PMU driver.
[    0.384977] ... version:                2
[    0.385366] ... bit width:              48
[    0.385763] ... generic registers:      8
[    0.386150] ... value mask:             0000ffffffffffff
[    0.386657] ... max period:             00007fffffffffff
[    0.387166] ... fixed-purpose events:   3
[    0.387550] ... event mask:             00000007000000ff
[    0.388309] rcu: Hierarchical SRCU implementation.
[    0.388774] rcu: 	Max phase no-delay instances is 1000.
[    0.391995] smp: Bringing up secondary CPUs ...
[    0.392459] x86: Booting SMP configuration:
[    0.392861] .... node  #0, CPUs:      #1
[    0.393348] smp: Brought up 1 node, 2 CPUs
[    0.393348] smpboot: Max logical packages: 1
[    0.393361] smpboot: Total of 2 processors activated (12441.60 BogoMIPS)
[    0.397527] devtmpfs: initialized
[    0.397527] x86/mm: Memory block size: 128MB
[    0.400476] clocksource: jiffies: mask: 0xffffffff max_cycles: 0xffffffff, max_idle_ns: 7645041785100000 ns
[    0.401414] futex hash table entries: 512 (order: 3, 32768 bytes, linear)
[    0.402225] pinctrl core: initialized pinctrl subsystem
[    0.403016] 
[    0.403173] *************************************************************
[    0.404159] **     NOTICE NOTICE NOTICE NOTICE NOTICE NOTICE NOTICE    **
[    0.404793] **                                                         **
[    0.405444] **  IOMMU DebugFS SUPPORT HAS BEEN ENABLED IN THIS KERNEL  **
[    0.406091] **                                                         **
[    0.406734] ** This means that this kernel is built to expose internal **
[    0.407376] ** IOMMU data structures, which may compromise security on **
[    0.408015] ** your system.                                            **
[    0.408155] **                                                         **
[    0.408796] ** If you see this message and you are not debugging the   **
[    0.409440] ** kernel, report this immediately to your vendor!         **
[    0.410084] **                                                         **
[    0.410727] **     NOTICE NOTICE NOTICE NOTICE NOTICE NOTICE NOTICE    **
[    0.411370] *************************************************************
[    0.412062] PM: RTC time: 05:35:12, date: 2022-11-17
[    0.418809] NET: Registered PF_NETLINK/PF_ROUTE protocol family
[    0.419866] DMA: preallocated 256 KiB GFP_KERNEL pool for atomic allocations
[    0.420171] DMA: preallocated 256 KiB GFP_KERNEL|GFP_DMA pool for atomic allocations
[    0.420912] DMA: preallocated 256 KiB GFP_KERNEL|GFP_DMA32 pool for atomic allocations
[    0.421699] audit: initializing netlink subsys (disabled)
[    0.422232] audit: type=2000 audit(1668663313.631:1): state=initialized audit_enabled=0 res=1
[    0.422232] thermal_sys: Registered thermal governor 'fair_share'
[    0.422232] thermal_sys: Registered thermal governor 'bang_bang'
[    0.422232] thermal_sys: Registered thermal governor 'step_wise'
[    0.422232] thermal_sys: Registered thermal governor 'user_space'
[    0.424231] cpuidle: using governor ladder
[    0.425134] cpuidle: using governor menu
[    0.425781] acpiphp: ACPI Hot Plug PCI Controller Driver version: 0.5
[    0.426690] PCI: Using configuration type 1 for base access
[    0.437361] kprobes: kprobe jump-optimization is enabled. All kprobes are optimized if possible.
[    0.438182] HugeTLB: registered 1.00 GiB page size, pre-allocated 0 pages
[    0.438182] HugeTLB: 16380 KiB vmemmap can be freed for a 1.00 GiB page
[    0.438182] HugeTLB: registered 2.00 MiB page size, pre-allocated 0 pages
[    0.438182] HugeTLB: 28 KiB vmemmap can be freed for a 2.00 MiB page
[    0.672503] ACPI: Added _OSI(Module Device)
[    0.673003] ACPI: Added _OSI(Processor Device)
[    0.673476] ACPI: Added _OSI(3.0 _SCP Extensions)
[    0.673947] ACPI: Added _OSI(Processor Aggregator Device)
[    0.679304] ACPI: 1 ACPI AML tables successfully acquired and loaded
[    0.682679] ACPI: Interpreter enabled
[    0.683158] ACPI: PM: (supports S0 S3 S4 S5)
[    0.683602] ACPI: Using IOAPIC for interrupt routing
[    0.684186] PCI: Using host bridge windows from ACPI; if necessary, use "pci=nocrs" and report a bug
[    0.685118] PCI: Using E820 reservations for host bridge windows
[    0.686308] ACPI: Enabled 2 GPEs in block 00 to 0F
[    0.700110] ACPI: PCI Root Bridge [PCI0] (domain 0000 [bus 00-ff])
[    0.700174] acpi PNP0A03:00: _OSC: OS supports [ASPM ClockPM Segments MSI EDR HPX-Type3]
[    0.701026] acpi PNP0A03:00: _OSC: not requesting OS control; OS requires [ExtendedConfig ASPM ClockPM MSI]
[    0.702052] acpi PNP0A03:00: fail to add MMCONFIG information, can't access extended PCI configuration space under this bridge.
[    0.705028] acpiphp: Slot [3] registered
[    0.705493] acpiphp: Slot [4] registered
[    0.705963] acpiphp: Slot [5] registered
[    0.706435] acpiphp: Slot [6] registered
[    0.706906] acpiphp: Slot [7] registered
[    0.707380] acpiphp: Slot [8] registered
[    0.707852] acpiphp: Slot [9] registered
[    0.708228] acpiphp: Slot [10] registered
[    0.708730] acpiphp: Slot [11] registered
[    0.709209] acpiphp: Slot [12] registered
[    0.709696] acpiphp: Slot [13] registered
[    0.710191] acpiphp: Slot [14] registered
[    0.710683] acpiphp: Slot [15] registered
[    0.711194] acpiphp: Slot [16] registered
[    0.711693] acpiphp: Slot [17] registered
[    0.712191] acpiphp: Slot [18] registered
[    0.712703] acpiphp: Slot [19] registered
[    0.713182] acpiphp: Slot [20] registered
[    0.713682] acpiphp: Slot [21] registered
[    0.714175] acpiphp: Slot [22] registered
[    0.714683] acpiphp: Slot [23] registered
[    0.715178] acpiphp: Slot [24] registered
[    0.715673] acpiphp: Slot [25] registered
[    0.716175] acpiphp: Slot [26] registered
[    0.716684] acpiphp: Slot [27] registered
[    0.717162] acpiphp: Slot [28] registered
[    0.717668] acpiphp: Slot [29] registered
[    0.718160] acpiphp: Slot [30] registered
[    0.718652] acpiphp: Slot [31] registered
[    0.719123] PCI host bridge to bus 0000:00
[    0.719576] pci_bus 0000:00: root bus resource [io  0x0000-0x0cf7 window]
[    0.720158] pci_bus 0000:00: root bus resource [io  0x0d00-0xffff window]
[    0.720900] pci_bus 0000:00: root bus resource [mem 0x000a0000-0x000bffff window]
[    0.721700] pci_bus 0000:00: root bus resource [mem 0x80000000-0xfebfffff window]
[    0.722523] pci_bus 0000:00: root bus resource [mem 0x100000000-0x17fffffff window]
[    0.723339] pci_bus 0000:00: root bus resource [bus 00-ff]
[    0.724032] pci 0000:00:00.0: [8086:1237] type 00 class 0x060000
[    0.727035] pci 0000:00:01.0: [8086:7000] type 00 class 0x060100
[    0.728806] pci 0000:00:01.1: [8086:7010] type 00 class 0x010180
[    0.731962] pci 0000:00:01.1: reg 0x20: [io  0xc040-0xc04f]
[    0.733293] pci 0000:00:01.1: legacy IDE quirk: reg 0x10: [io  0x01f0-0x01f7]
[    0.734391] pci 0000:00:01.1: legacy IDE quirk: reg 0x14: [io  0x03f6]
[    0.735393] pci 0000:00:01.1: legacy IDE quirk: reg 0x18: [io  0x0170-0x0177]
[    0.736160] pci 0000:00:01.1: legacy IDE quirk: reg 0x1c: [io  0x0376]
[    0.737573] pci 0000:00:01.3: [8086:7113] type 00 class 0x068000
[    0.739059] pci 0000:00:01.3: quirk: [io  0x0600-0x063f] claimed by PIIX4 ACPI
[    0.740174] pci 0000:00:01.3: quirk: [io  0x0700-0x070f] claimed by PIIX4 SMB
[    0.741679] pci 0000:00:02.0: [1234:1111] type 00 class 0x030000
[    0.744742] pci 0000:00:02.0: reg 0x10: [mem 0xfd000000-0xfdffffff pref]
[    0.748248] pci 0000:00:02.0: reg 0x18: [mem 0xfebf0000-0xfebf0fff]
[    0.754256] pci 0000:00:02.0: reg 0x30: [mem 0xfebe0000-0xfebeffff pref]
[    0.755595] pci 0000:00:02.0: Video device with shadowed ROM at [mem 0x000c0000-0x000dffff]
[    0.760742] pci 0000:00:03.0: [8086:100e] type 00 class 0x020000
[    0.762572] pci 0000:00:03.0: reg 0x10: [mem 0xfebc0000-0xfebdffff]
[    0.764160] pci 0000:00:03.0: reg 0x14: [io  0xc000-0xc03f]
[    0.769398] pci 0000:00:03.0: reg 0x30: [mem 0xfeb80000-0xfebbffff pref]
[    0.787841] ACPI: PCI: Interrupt link LNKA configured for IRQ 10
[    0.788526] ACPI: PCI: Interrupt link LNKB configured for IRQ 10
[    0.789515] ACPI: PCI: Interrupt link LNKC configured for IRQ 11
[    0.790489] ACPI: PCI: Interrupt link LNKD configured for IRQ 11
[    0.791296] ACPI: PCI: Interrupt link LNKS configured for IRQ 9
[    0.793143] iommu: Default domain type: Translated 
[    0.793648] iommu: DMA domain TLB invalidation policy: lazy mode 
[    0.795118] SCSI subsystem initialized
[    0.795789] ACPI: bus type USB registered
[    0.796215] usbcore: registered new interface driver usbfs
[    0.796811] usbcore: registered new interface driver hub
[    0.797392] usbcore: registered new device driver usb
[    0.798032] pps_core: LinuxPPS API ver. 1 registered
[    0.798549] pps_core: Software ver. 5.3.6 - Copyright 2005-2007 Rodolfo Giometti <giometti@linux.it>
[    0.799473] PTP clock support registered
[    0.800023] EDAC MC: Ver: 3.0.0
[    0.801365] NetLabel: Initializing
[    0.801737] NetLabel:  domain hash size = 128
[    0.802196] NetLabel:  protocols = UNLABELED CIPSOv4 CALIPSO
[    0.802837] NetLabel:  unlabeled traffic allowed by default
[    0.803610] PCI: Using ACPI for IRQ routing
[    0.804272] pci 0000:00:02.0: vgaarb: setting as boot VGA device
[    0.804910] pci 0000:00:02.0: vgaarb: bridge control possible
[    0.805507] pci 0000:00:02.0: vgaarb: VGA device added: decodes=io+mem,owns=io+mem,locks=none
[    0.806383] vgaarb: loaded
[    0.807232] hpet0: at MMIO 0xfed00000, IRQs 2, 8, 0
[    0.807743] hpet0: 3 comparators, 64-bit 100.000000 MHz counter
[    3.807020] clocksource: Switched to clocksource kvm-clock
[    3.926184] VFS: Disk quotas dquot_6.6.0
[    3.926814] VFS: Dquot-cache hash table entries: 512 (order 0, 4096 bytes)
[    3.928031] pnp: PnP ACPI init
[    3.931017] pnp: PnP ACPI: found 6 devices
[    3.943799] clocksource: acpi_pm: mask: 0xffffff max_cycles: 0xffffff, max_idle_ns: 2085701024 ns
[    3.945605] NET: Registered PF_INET protocol family
[    3.948206] IP idents hash table entries: 32768 (order: 6, 262144 bytes, linear)
[    3.957570] tcp_listen_portaddr_hash hash table entries: 1024 (order: 2, 16384 bytes, linear)
[    3.958682] Table-perturb hash table entries: 65536 (order: 6, 262144 bytes, linear)
[    3.959723] TCP established hash table entries: 16384 (order: 5, 131072 bytes, linear)
[    3.961066] TCP bind hash table entries: 16384 (order: 7, 524288 bytes, linear)
[    3.962773] TCP: Hash tables configured (established 16384 bind 16384)
[    3.963821] UDP hash table entries: 1024 (order: 3, 32768 bytes, linear)
[    3.964861] UDP-Lite hash table entries: 1024 (order: 3, 32768 bytes, linear)
[    3.965991] NET: Registered PF_UNIX/PF_LOCAL protocol family
[    3.967175] RPC: Registered named UNIX socket transport module.
[    3.967949] RPC: Registered udp transport module.
[    3.968460] RPC: Registered tcp transport module.
[    3.968943] RPC: Registered tcp NFSv4.1 backchannel transport module.
[    3.969641] pci_bus 0000:00: resource 4 [io  0x0000-0x0cf7 window]
[    3.970278] pci_bus 0000:00: resource 5 [io  0x0d00-0xffff window]
[    3.970917] pci_bus 0000:00: resource 6 [mem 0x000a0000-0x000bffff window]
[    3.971623] pci_bus 0000:00: resource 7 [mem 0x80000000-0xfebfffff window]
[    3.972342] pci_bus 0000:00: resource 8 [mem 0x100000000-0x17fffffff window]
[    3.973287] pci 0000:00:01.0: PIIX3: Enabling Passive Release
[    3.973867] pci 0000:00:00.0: Limiting direct PCI/PCI transfers
[    3.974576] PCI: CLS 0 bytes, default 64
[    3.975388] clocksource: tsc: mask: 0xffffffffffffffff max_cycles: 0x2cd5a8bb032, max_idle_ns: 440795365915 ns
[    3.980800] Initialise system trusted keyrings
[    3.981318] Key type blacklist registered
[    3.981912] workingset: timestamp_bits=36 max_order=19 bucket_order=0
[    3.988643] zbud: loaded
[    3.990121] squashfs: version 4.0 (2009/01/31) Phillip Lougher
[    3.991765] NFS: Registering the id_resolver key type
[    3.992326] Key type id_resolver registered
[    3.992761] Key type id_legacy registered
[    3.993244] nfs4filelayout_init: NFSv4 File Layout Driver Registering...
[    3.993929] nfs4flexfilelayout_init: NFSv4 Flexfile Layout Driver Registering...
[    3.994766] fuse: init (API version 7.37)
[    3.995438] SGI XFS with ACLs, security attributes, realtime, quota, no debug enabled
[    3.998803] 9p: Installing v9fs 9p2000 file system support
[    4.008857] Key type asymmetric registered
[    4.009297] Asymmetric key parser 'x509' registered
[    4.010935] alg: self-tests for CTR-KDF (hmac(sha256)) passed
[    4.011603] Block layer SCSI generic (bsg) driver version 0.4 loaded (major 243)
[    4.012455] io scheduler mq-deadline registered
[    4.013026] io scheduler bfq registered
[    4.014170] shpchp: Standard Hot Plug PCI Controller Driver version: 0.4
[    4.015071] IPMI message handler: version 39.2
[    4.015550] ipmi device interface
[    4.017129] input: Power Button as /devices/LNXSYSTM:00/LNXPWRBN:00/input/input0
[    4.017976] ACPI: button: Power Button [PWRF]
[    4.019269] ERST DBG: ERST support is disabled.
[    4.020202] Serial: 8250/16550 driver, 32 ports, IRQ sharing enabled
[    4.021345] 00:04: ttyS0 at I/O 0x3f8 (irq = 4, base_baud = 115200) is a 16550A
[    4.028009] Linux agpgart interface v0.103
[    4.028939] ACPI: bus type drm_connector registered
[    4.039134] brd: module loaded
[    4.049027] loop: module loaded
[    4.054284] scsi host0: ata_piix
[    4.055408] scsi host1: ata_piix
[    4.056086] ata1: PATA max MWDMA2 cmd 0x1f0 ctl 0x3f6 bmdma 0xc040 irq 14
[    4.057117] ata2: PATA max MWDMA2 cmd 0x170 ctl 0x376 bmdma 0xc048 irq 15
[    4.059409] tun: Universal TUN/TAP device driver, 1.6
[    4.060381] e100: Intel(R) PRO/100 Network Driver
[    4.061117] e100: Copyright(c) 1999-2006 Intel Corporation
[    4.061981] e1000: Intel(R) PRO/1000 Network Driver
[    4.062713] e1000: Copyright (c) 1999-2006 Intel Corporation.
[    4.216439] ata1: found unknown device (class 0)
[    4.217911] ata1.00: ATA-7: QEMU HARDDISK, 2.5+, max UDMA/100
[    4.218847] ata1.00: 16777216 sectors, multi 16: LBA48 
[    4.220083] ata2: found unknown device (class 0)
[    4.221438] ata2.00: ATAPI: QEMU DVD-ROM, 2.5+, max UDMA/100
[    4.223383] scsi 0:0:0:0: Direct-Access     ATA      QEMU HARDDISK    2.5+ PQ: 0 ANSI: 5
[    4.225532] scsi 0:0:0:0: Attached scsi generic sg0 type 0
[    4.227054] scsi 1:0:0:0: CD-ROM            QEMU     QEMU DVD-ROM     2.5+ PQ: 0 ANSI: 5
[    4.228964] sd 0:0:0:0: [sda] 16777216 512-byte logical blocks: (8.59 GB/8.00 GiB)
[    4.230308] sd 0:0:0:0: [sda] Write Protect is off
[    4.231594] sd 0:0:0:0: [sda] Write cache: enabled, read cache: enabled, doesn't support DPO or FUA
[    4.233136] sd 0:0:0:0: [sda] Preferred minimum I/O size 512 bytes
[    4.239909] ACPI: \_SB_.LNKC: Enabled at IRQ 11
[    4.249891] sd 0:0:0:0: [sda] Attached SCSI disk
[    4.257158] scsi 1:0:0:0: Attached scsi generic sg1 type 5
[    4.593188] e1000 0000:00:03.0 eth0: (PCI:33MHz:32-bit) 52:54:00:12:34:56
[    4.594271] e1000 0000:00:03.0 eth0: Intel(R) PRO/1000 Network Connection
[    4.595460] e1000e: Intel(R) PRO/1000 Network Driver
[    4.596227] e1000e: Copyright(c) 1999 - 2015 Intel Corporation.
[    4.597283] igb: Intel(R) Gigabit Ethernet Network Driver
[    4.598106] igb: Copyright (c) 2007-2014 Intel Corporation.
[    4.599126] PPP generic driver version 2.4.2
[    4.600405] VFIO - User Level meta-driver version: 0.3
[    4.601878] usbcore: registered new interface driver uas
[    4.602843] usbcore: registered new interface driver usb-storage
[    4.603975] i8042: PNP: PS/2 Controller [PNP0303:KBD,PNP0f13:MOU] at 0x60,0x64 irq 1,12
[    4.606197] serio: i8042 KBD port at 0x60,0x64 irq 1
[    4.607022] serio: i8042 AUX port at 0x60,0x64 irq 12
[    4.608578] mousedev: PS/2 mouse device common for all mice
[    4.610409] input: AT Translated Set 2 keyboard as /devices/platform/i8042/serio0/input/input1
[    4.612894] input: VirtualPS/2 VMware VMMouse as /devices/platform/i8042/serio1/input/input4
[    4.614428] rtc_cmos 00:05: RTC can wake from S4
[    4.616431] input: VirtualPS/2 VMware VMMouse as /devices/platform/i8042/serio1/input/input3
[    4.618064] rtc_cmos 00:05: registered as rtc0
[    4.618879] rtc_cmos 00:05: setting system clock to 2022-11-17T05:35:17 UTC (1668663317)
[    4.620404] rtc_cmos 00:05: alarms up to one day, y3k, 242 bytes nvram, hpet irqs
[    4.621719] i2c_dev: i2c /dev entries driver
[    4.622501] device-mapper: core: CONFIG_IMA_DISABLE_HTABLE is disabled. Duplicate IMA measurements will not be recorded in the IMA log.
[    4.624768] device-mapper: uevent: version 1.0.3
[    4.625924] device-mapper: ioctl: 4.47.0-ioctl (2022-07-28) initialised: dm-devel@redhat.com
[    4.627292] intel_pstate: CPU model not supported
[    4.628225] sdhci: Secure Digital Host Controller Interface driver
[    4.629223] sdhci: Copyright(c) Pierre Ossman
[    4.630045] sdhci-pltfm: SDHCI platform and OF driver helper
[    4.631074] ledtrig-cpu: registered to indicate activity on CPUs
[    4.632601] drop_monitor: Initializing network drop monitor service
[    4.634418] NET: Registered PF_INET6 protocol family
[    4.637564] Segment Routing with IPv6
[    4.638227] In-situ OAM (IOAM) with IPv6
[    4.638942] NET: Registered PF_PACKET protocol family
[    4.640135] 9pnet: Installing 9P2000 support
[    4.640923] Key type dns_resolver registered
[    4.642770] IPI shorthand broadcast: enabled
[    4.643582] sched_clock: Marking stable (4631939475, 10413979)->(4664444935, -22091481)
[    4.645545] registered taskstats version 1
[    4.646326] Loading compiled-in X.509 certificates
[    4.647443] zswap: loaded using pool lzo/zbud
[    4.651028] Key type .fscrypt registered
[    4.651665] Key type fscrypt-provisioning registered
[    4.653754] Key type encrypted registered
[    4.654460] ima: No TPM chip found, activating TPM-bypass!
[    4.655374] ima: Allocated hash algorithm: sha1
[    4.656148] ima: No architecture policies found
[    4.657000] evm: Initialising EVM extended attributes:
[    4.657818] evm: security.selinux
[    4.658361] evm: security.SMACK64
[    4.658916] evm: security.SMACK64EXEC
[    4.659497] evm: security.SMACK64TRANSMUTE
[    4.660146] evm: security.SMACK64MMAP
[    4.660792] evm: security.apparmor
[    4.661381] evm: security.ima
[    4.661909] evm: security.capability
[    4.662524] evm: HMAC attrs: 0x1
[    4.669207] PM:   Magic number: 14:864:567
[    4.670509] RAS: Correctable Errors collector initialized.
[    4.672011] md: Waiting for all devices to be available before autodetect
[    4.672788] md: If you don't use raid, use raid=noautodetect
[    4.673441] md: Autodetecting RAID arrays.
[    4.673903] md: autorun ...
[    4.674236] md: ... autorun DONE.
[    4.678801] EXT4-fs (sda): INFO: recovery required on readonly filesystem
[    4.679552] EXT4-fs (sda): write access will be enabled during recovery
[    4.915764] EXT4-fs (sda): recovery complete
[    4.921610] EXT4-fs (sda): mounted filesystem with ordered data mode. Quota mode: none.
[    4.922562] VFS: Mounted root (ext4 filesystem) readonly on device 8:0.
[    4.923745] devtmpfs: mounted
[    4.941602] Freeing unused decrypted memory: 2036K
[    4.946278] Freeing unused kernel image (initmem) memory: 3624K
[    4.946958] Write protecting the kernel read-only data: 40960k
[    4.952256] Freeing unused kernel image (text/rodata gap) memory: 2028K
[    4.953891] Freeing unused kernel image (rodata/data gap) memory: 668K
[    5.128217] x86/mm: Checked W+X mappings: passed, no W+X pages found.
[    5.128995] Run /sbin/init as init process
[    5.253822] systemd[1]: RTC configured in localtime, applying delta of 0 minutes to system time.
[    5.284521] systemd[1]: systemd 239 (239-49.el8) running in system mode. (+PAM +AUDIT +SELINUX +IMA -APPARMOR +SMACK +SYSVINIT +UTMP +LIBCRYPTSETUP +GCRYPT +GNUTLS +ACL +XZ +LZ4 +SECCOMP +BLKID +ELFUTILS +KMOD +IDN2 -IDN +PCRE2 default-hierarchy=legacy)
[    5.286945] systemd[1]: Detected virtualization kvm.
[    5.287510] systemd[1]: Detected architecture x86-64.

Welcome to [0;31mCentOS Stream 8[0m!

[    5.346055] systemd[1]: Set hostname to <test>.
[    6.336170] random: crng init done
[    6.429851] systemd[1]: Listening on udev Kernel Socket.
[[0;32m  OK  [0m] Listening on udev Kernel Socket.
[    6.431123] systemd[1]: Reached target Swap.
[[0;32m  OK  [0m] Reached target Swap.
[    6.432217] systemd[1]: Listening on Journal Socket (/dev/log).
[[0;32m  OK  [0m] Listening on Journal Socket (/dev/log).
[    6.433716] systemd[1]: Set up automount Arbitrary Executable File Formats File System Automount Point.
[[0;32m  OK  [0m] Set up automount Arbitrary Executabâ€¦rmats File System Automount Point.
[    6.435832] systemd[1]: Listening on RPCbind Server Activation Socket.
[[0;32m  OK  [0m] Listening on RPCbind Server Activation Socket.
[    6.437182] systemd[1]: Reached target RPC Port Mapper.
[[0;32m  OK  [0m] Reached target RPC Port Mapper.
[[0;32m  OK  [0m] Created slice system-sshd\x2dkeygen.slice.
[[0;32m  OK  [0m] Created slice User and Session Slice.
[[0;32m  OK  [0m] Listening on Journal Socket.
         Starting Journal Service...
         Starting Setup Virtual Console...
         Starting Load Kernel Modules...
         Starting Remount Root and Kernel File Systems...
[[0;32m  OK  [0m] Listening on Process Core Dump Socket.
[[0;32m  OK  [0m] Reached target Slices.
         Mounting Huge Pages File System...
[[0;32m  OK  [0m] Created slice system-serial\x2dgetty.slice.
         Mounting Kernel Debug File System...
[[0;32m  OK  [0m] Started Forward Password Requests to Wall Directory Watch.
[[0;32m  OK  [0m] Listening on udev Control Socket.
         Mounting POSIX Message Queue File System...
[[0;32m  OK  [0m] Listening on LVM2 poll daemon socket.
[[0;32m  OK  [0m] Created slice system-getty.slice.
[[0;32m  OK  [0m] Listening on Device-mapper event daemon FIFOs.
[    6.643058] EXT4-fs (sda): re-mounted. Quota mode: none.
         Starting Monitoring of LVM2 mirrorsâ€¦ng dmeventd or progress polling...
[[0;32m  OK  [0m] Listening on initctl Compatibility Named Pipe.
         Starting udev Coldplug all Devices...
[[0;32m  OK  [0m] Listening on multipathd control socket.
[[0;32m  OK  [0m] Started Journal Service.
[[0;1;31mFAILED[0m] Failed to start Load Kernel Modules.
See 'systemctl status systemd-modules-load.service' for details.
[[0;32m  OK  [0m] Started Remount Root and Kernel File Systems.
[[0;32m  OK  [0m] Mounted Huge Pages File System.
[[0;32m  OK  [0m] Mounted Kernel Debug File System.
[[0;32m  OK  [0m] Mounted POSIX Message Queue File System.
         Starting Load/Save Random Seed...
         Starting Create Static Device Nodes in /dev...
         Starting Apply Kernel Variables...
         Mounting FUSE Control File System...
         Mounting Kernel Configuration File System...
         Starting Flush Journal to Persistent Storage...
[[0;32m  OK  [0m] Started Setup Virtual Console.
[[0;32m  OK  [0m] Started Load/Save Random Seed.
[[0;32m  OK  [0m] Started Create Static Device Nodes in /dev.
[[0;32m  OK  [0m] Started Apply Kernel Variables.
[[0;32m  OK  [0m] Mounted FUSE Control File System.
[[0;32m  OK  [0m] Mounted Kernel Configuration File System.
         Starting udev Kernel Device Manager...
[[0;32m  OK  [0m] Started Flush Journal to Persistent Storage.
[[0;32m  OK  [0m] Started udev Kernel Device Manager.
[[0;32m  OK  [0m] Started udev Coldplug all Devices.
         Starting Show Plymouth Boot Screen...
         Starting udev Wait for Complete Device Initialization...
[[0;32m  OK  [0m] Started Show Plymouth Boot Screen.
[[0;32m  OK  [0m] Started Forward Password Requests to Plymouth Directory Watch.
[[0;32m  OK  [0m] Reached target Local Encrypted Volumes.
[[0;32m  OK  [0m] Reached target Paths.
[[0;32m  OK  [0m] Found device /dev/ttyS0.
[[0;32m  OK  [0m] Started Monitoring of LVM2 mirrors,â€¦sing dmeventd or progress polling.
[[0;32m  OK  [0m] Listening on Load/Save RF Kill Switch Status /dev/rfkill Watch.
[[0;32m  OK  [0m] Started udev Wait for Complete Device Initialization.
[[0;32m  OK  [0m] Reached target Local File Systems (Pre).
[[0;32m  OK  [0m] Reached target Local File Systems.
         Starting Restore /run/initramfs on shutdown...
         Starting Create Volatile Files and Directories...
         Starting Tell Plymouth To Write Out Runtime Data...
[[0;32m  OK  [0m] Started Restore /run/initramfs on shutdown.
[[0;32m  OK  [0m] Started Create Volatile Files and Directories.
[[0;32m  OK  [0m] Started Tell Plymouth To Write Out Runtime Data.
         Starting Security Auditing Service...
         Starting RPC Bind...
         Mounting RPC Pipe File System...
[[0;32m  OK  [0m] Mounted RPC Pipe File System.
[[0;32m  OK  [0m] Reached target rpc_pipefs.target.
[[0;32m  OK  [0m] Started RPC Bind.
[[0;32m  OK  [0m] Started Security Auditing Service.
         Starting Update UTMP about System Boot/Shutdown...
[[0;32m  OK  [0m] Started Update UTMP about System Boot/Shutdown.
[[0;32m  OK  [0m] Reached target System Initialization.
[[0;32m  OK  [0m] Started dnf makecache --timer.
[[0;32m  OK  [0m] Started Daily Cleanup of Temporary Directories.
[[0;32m  OK  [0m] Started daily update of the root trust anchor for DNSSEC.
[[0;32m  OK  [0m] Reached target Timers.
[[0;32m  OK  [0m] Listening on SSSD Kerberos Cache Manager responder socket.
[[0;32m  OK  [0m] Listening on D-Bus System Message Bus Socket.
[[0;32m  OK  [0m] Reached target Sockets.
[[0;32m  OK  [0m] Reached target Basic System.
         Starting Auto-connect to subsystemsâ€¦-NVME devices found during boot...
         Starting Login Service...
         Starting Authorization Manager...
         Starting Self Monitoring and Reporting Technology (SMART) Daemon...
[[0;32m  OK  [0m] Started Machine Check Exception Logging Daemon.
[[0;32m  OK  [0m] Started irqbalance daemon.
[[0;32m  OK  [0m] Started D-Bus System Message Bus.
         Starting Network Manager...
[[0;32m  OK  [0m] Reached target sshd-keygen.target.
         Starting NTP client/server...
[[0;32m  OK  [0m] Started Auto-connect to subsystems â€¦FC-NVME devices found during boot.
[[0;32m  OK  [0m] Started Self Monitoring and Reporting Technology (SMART) Daemon.
[[0;32m  OK  [0m] Started Login Service.
[[0;32m  OK  [0m] Started Network Manager.
[[0;32m  OK  [0m] Reached target Network.
         Starting GSSAPI Proxy Daemon...
         Starting Dynamic System Tuning Daemon...
         Starting OpenSSH server daemon...
         Starting Network Manager Wait Online...
[[0;32m  OK  [0m] Started NTP client/server.
[[0;32m  OK  [0m] Started GSSAPI Proxy Daemon.
[[0;32m  OK  [0m] Reached target NFS client services.
[[0;32m  OK  [0m] Reached target Remote File Systems (Pre).
[[0;32m  OK  [0m] Reached target Remote File Systems.
         Starting Permit User Sessions...
         Starting Hostname Service...
[[0;32m  OK  [0m] Started Authorization Manager.
[[0;32m  OK  [0m] Started Permit User Sessions.
         Starting Terminate Plymouth Boot Screen...
[[0;32m  OK  [0m] Started Command Scheduler.
         Starting Hold until boot process finishes up...
[[0;32m  OK  [0m] Started Terminate Plymouth Boot Screen.
[[0;32m  OK  [0m] Started OpenSSH server daemon.
[[0;32m  OK  [0m] Started Hold until boot process finishes up.
[    8.320222] e1000: eth0 NIC Link is Up 1000 Mbps Full Duplex, Flow Control: RX
[    8.321167] IPv6: ADDRCONF(NETDEV_CHANGE): eth0: link becomes ready
[    9.790724] Spectre V2 : WARNING: Unprivileged eBPF is enabled with eIBRS on, data leaks possible via Spectre v2 BHB attacks!
[    9.795244] Spectre V2 : WARNING: Unprivileged eBPF is enabled with eIBRS on, data leaks possible via Spectre v2 BHB attacks!

CentOS Stream 8
Kernel 6.1.0-rc3-7f7bac08d9e3+ on an x86_64

test login: [   28.544611] ------------[ cut here ]------------
[   28.545045] WARNING: CPU: 0 PID: 583 at fs/attr.c:327 notify_change+0x9a1/0xb50
[   28.545715] Modules linked in:
[   28.545997] CPU: 0 PID: 583 Comm: repro Not tainted 6.1.0-rc3-7f7bac08d9e3+ #1
[   28.546628] Hardware name: QEMU Standard PC (i440FX + PIIX, 1996), BIOS rel-1.16.0-0-gd239552ce722-prebuilt.qemu.org 04/01/2014
[   28.547605] RIP: 0010:notify_change+0x9a1/0xb50
[   28.548015] Code: 44 89 f6 e8 c1 2f cf ff 41 83 fe ff 74 0c c7 45 c4 00 00 00 00 e9 e1 fd ff ff 41 be b5 ff ff ff e9 ea fb ff ff e8 2f 2e cf ff <0f> 0b e9 c2 f6 ff ff e8 23 2e cf ff 8b 5d b0 83 cb 01 41 89 1c 24
[   28.549607] RSP: 0018:ffffc90000f87b30 EFLAGS: 00010246
[   28.550080] RAX: 0000000000000000 RBX: 0000000000004200 RCX: ffffffff8155b201
[   28.550699] RDX: 0000000000000000 RSI: ffff888010b50000 RDI: 0000000000000002
[   28.551306] RBP: ffffc90000f87b90 R08: ffff88800b6e68c8 R09: 0000000000000000
[   28.551940] R10: ffffc90000f87bb0 R11: 0000000000005cbc R12: ffffc90000f87bb8
[   28.552571] R13: ffff88800f6196c0 R14: 0000000000000000 R15: ffffffff8385fdc0
[   28.553183] FS:  00007f577e5bf700(0000) GS:ffff88807dc00000(0000) knlGS:0000000000000000
[   28.553871] CS:  0010 DS: 0000 ES: 0000 CR0: 0000000080050033
[   28.554368] CR2: 0000000020006000 CR3: 0000000008b0a002 CR4: 0000000000770ef0
[   28.554983] PKRU: 55555554
[   28.555228] Call Trace:
[   28.555451]  <TASK>
[   28.555649]  ? write_comp_data+0x2f/0x90
[   28.556015]  __file_remove_privs+0x1de/0x240
[   28.556423]  ? __file_remove_privs+0x1de/0x240
[   28.556839]  ? __sanitizer_cov_trace_pc+0x25/0x60
[   28.557265]  ? current_time+0x64/0xb0
[   28.557607]  file_modified_flags+0x51/0x160
[   28.557995]  file_modified+0x20/0x30
[   28.558329]  fuse_file_fallocate+0x53a/0x620
[   28.558731]  ? __schedule+0x2e6/0x8f0
[   28.559092]  ? fuse_copy_file_range+0xc0/0xc0
[   28.559492]  vfs_fallocate+0x336/0x690
[   28.559839]  ioctl_preallocate+0xdf/0x110
[   28.560213]  do_vfs_ioctl+0xaf9/0xc20
[   28.560547]  ? __fget_light+0xb0/0x220
[   28.560888]  ? __sanitizer_cov_trace_pc+0x25/0x60
[   28.561315]  ? write_comp_data+0x2f/0x90
[   28.561677]  __x64_sys_ioctl+0xca/0x160
[   28.562026]  do_syscall_64+0x3b/0x90
[   28.562367]  entry_SYSCALL_64_after_hwframe+0x63/0xcd
[   28.562824] RIP: 0033:0x7f577e6e559d
[   28.563146] Code: 00 c3 66 2e 0f 1f 84 00 00 00 00 00 90 f3 0f 1e fa 48 89 f8 48 89 f7 48 89 d6 48 89 ca 4d 89 c2 4d 89 c8 4c 8b 4c 24 08 0f 05 <48> 3d 01 f0 ff ff 73 01 c3 48 8b 0d d3 08 0d 00 f7 d8 64 89 01 48
[   28.564716] RSP: 002b:00007f577e5beb28 EFLAGS: 00000246 ORIG_RAX: 0000000000000010
[   28.565373] RAX: ffffffffffffffda RBX: 0000000000000000 RCX: 00007f577e6e559d
[   28.565988] RDX: 00000000200001c0 RSI: 0000000040305828 RDI: 0000000000000004
[   28.566600] RBP: 00007f577e5bee00 R08: 0000000100000001 R09: 0000000000000000
[   28.567208] R10: 0000000100000001 R11: 0000000000000246 R12: 00007ffce22dae8e
[   28.567835] R13: 00007ffce22dae8f R14: 00007ffce22daf20 R15: 00007f577e5bf700
[   28.568480]  </TASK>
[   28.568693] ---[ end trace 0000000000000000 ]---
