c[?7l[2J[0mSeaBIOS (version rel-1.16.0-0-gd239552ce722-prebuilt.qemu.org)


iPXE (http://ipxe.org) 00:03.0 CA00 PCI2.10 PnP PMM+7FF91000+7FEF1000 CA00
Press Ctrl-B to configure iPXE (PCI 00:03.0)...                                                                               


Booting from ROM..c[?7l[2J[    0.000000] Linux version 6.1.0-rc3-980a2ff2cb98+ (root@p-tglh01.sh.intel.com) (gcc (GCC) 8.5.0 20210514 (Red Hat 8.5.0-17), GNU ld version 2.36.1-2.el8) #1 SMP PREEMPT_DYNAMIC Thu Nov 17 11:17:02 CST 2022
[    0.000000] Command line: console=ttyS0 root=/dev/sda earlyprintk=serial net.ifnames=0
[    0.000000] KERNEL supported cpus:
[    0.000000]   Intel GenuineIntel
[    0.000000]   AMD AuthenticAMD
[    0.000000]   Hygon HygonGenuine
[    0.000000]   Centaur CentaurHauls
[    0.000000]   zhaoxin   Shanghai  
[    0.000000] x86/fpu: Supporting XSAVE feature 0x001: 'x87 floating point registers'
[    0.000000] x86/fpu: Supporting XSAVE feature 0x002: 'SSE registers'
[    0.000000] x86/fpu: Supporting XSAVE feature 0x004: 'AVX registers'
[    0.000000] x86/fpu: Supporting XSAVE feature 0x020: 'AVX-512 opmask'
[    0.000000] x86/fpu: Supporting XSAVE feature 0x040: 'AVX-512 Hi256'
[    0.000000] x86/fpu: Supporting XSAVE feature 0x080: 'AVX-512 ZMM_Hi256'
[    0.000000] x86/fpu: Supporting XSAVE feature 0x200: 'Protection Keys User registers'
[    0.000000] x86/fpu: xstate_offset[2]:  576, xstate_sizes[2]:  256
[    0.000000] x86/fpu: xstate_offset[5]:  832, xstate_sizes[5]:   64
[    0.000000] x86/fpu: xstate_offset[6]:  896, xstate_sizes[6]:  512
[    0.000000] x86/fpu: xstate_offset[7]: 1408, xstate_sizes[7]: 1024
[    0.000000] x86/fpu: xstate_offset[9]: 2432, xstate_sizes[9]:    8
[    0.000000] x86/fpu: Enabled xstate features 0x2e7, context size is 2440 bytes, using 'compacted' format.
[    0.000000] signal: max sigframe size: 3632
[    0.000000] BIOS-provided physical RAM map:
[    0.000000] BIOS-e820: [mem 0x0000000000000000-0x000000000009fbff] usable
[    0.000000] BIOS-e820: [mem 0x000000000009fc00-0x000000000009ffff] reserved
[    0.000000] BIOS-e820: [mem 0x00000000000f0000-0x00000000000fffff] reserved
[    0.000000] BIOS-e820: [mem 0x0000000000100000-0x000000007ffdffff] usable
[    0.000000] BIOS-e820: [mem 0x000000007ffe0000-0x000000007fffffff] reserved
[    0.000000] BIOS-e820: [mem 0x00000000feffc000-0x00000000feffffff] reserved
[    0.000000] BIOS-e820: [mem 0x00000000fffc0000-0x00000000ffffffff] reserved
[    0.000000] printk: bootconsole [earlyser0] enabled
[    0.000000] NX (Execute Disable) protection: active
[    0.000000] SMBIOS 2.8 present.
[    0.000000] DMI: QEMU Standard PC (i440FX + PIIX, 1996), BIOS rel-1.16.0-0-gd239552ce722-prebuilt.qemu.org 04/01/2014
[    0.000000] Hypervisor detected: KVM
[    0.000000] kvm-clock: Using msrs 4b564d01 and 4b564d00
[    0.000005] kvm-clock: using sched offset of 383770124 cycles
[    0.000458] clocksource: kvm-clock: mask: 0xffffffffffffffff max_cycles: 0x1cd42e4dffb, max_idle_ns: 881590591483 ns
[    0.001851] tsc: Detected 3110.400 MHz processor
[    0.009532] last_pfn = 0x7ffe0 max_arch_pfn = 0x400000000
[    0.010047] x86/PAT: Configuration [0-7]: WB  WC  UC- UC  WB  WP  UC- WT  
[    0.019775] found SMP MP-table at [mem 0x000f5ba0-0x000f5baf]
[    0.020399] Using GB pages for direct mapping
[    0.022013] ACPI: Early table checksum verification disabled
[    0.022535] ACPI: RSDP 0x00000000000F59C0 000014 (v00 BOCHS )
[    0.023051] ACPI: RSDT 0x000000007FFE1951 000034 (v01 BOCHS  BXPC     00000001 BXPC 00000001)
[    0.023834] ACPI: FACP 0x000000007FFE17FD 000074 (v01 BOCHS  BXPC     00000001 BXPC 00000001)
[    0.024572] ACPI: DSDT 0x000000007FFE0040 0017BD (v01 BOCHS  BXPC     00000001 BXPC 00000001)
[    0.025305] ACPI: FACS 0x000000007FFE0000 000040
[    0.025704] ACPI: APIC 0x000000007FFE1871 000080 (v01 BOCHS  BXPC     00000001 BXPC 00000001)
[    0.026433] ACPI: HPET 0x000000007FFE18F1 000038 (v01 BOCHS  BXPC     00000001 BXPC 00000001)
[    0.027173] ACPI: WAET 0x000000007FFE1929 000028 (v01 BOCHS  BXPC     00000001 BXPC 00000001)
[    0.027898] ACPI: Reserving FACP table memory at [mem 0x7ffe17fd-0x7ffe1870]
[    0.028489] ACPI: Reserving DSDT table memory at [mem 0x7ffe0040-0x7ffe17fc]
[    0.029079] ACPI: Reserving FACS table memory at [mem 0x7ffe0000-0x7ffe003f]
[    0.029669] ACPI: Reserving APIC table memory at [mem 0x7ffe1871-0x7ffe18f0]
[    0.030253] ACPI: Reserving HPET table memory at [mem 0x7ffe18f1-0x7ffe1928]
[    0.030838] ACPI: Reserving WAET table memory at [mem 0x7ffe1929-0x7ffe1950]
[    0.032454] No NUMA configuration found
[    0.032781] Faking a node at [mem 0x0000000000000000-0x000000007ffdffff]
[    0.033426] NODE_DATA(0) allocated [mem 0x7ffb5000-0x7ffdffff]
[    0.037444] Zone ranges:
[    0.037669]   DMA      [mem 0x0000000000001000-0x0000000000ffffff]
[    0.038203]   DMA32    [mem 0x0000000001000000-0x000000007ffdffff]
[    0.038729]   Normal   empty
[    0.038977]   Device   empty
[    0.039234] Movable zone start for each node
[    0.039594] Early memory node ranges
[    0.039896]   node   0: [mem 0x0000000000001000-0x000000000009efff]
[    0.040418]   node   0: [mem 0x0000000000100000-0x000000007ffdffff]
[    0.040951] Initmem setup node 0 [mem 0x0000000000001000-0x000000007ffdffff]
[    0.042252] On node 0, zone DMA: 1 pages in unavailable ranges
[    0.042431] On node 0, zone DMA: 97 pages in unavailable ranges
[    0.073586] On node 0, zone DMA32: 32 pages in unavailable ranges
[    0.074402] ACPI: PM-Timer IO Port: 0x608
[    0.075324] ACPI: LAPIC_NMI (acpi_id[0xff] dfl dfl lint[0x1])
[    0.075898] IOAPIC[0]: apic_id 0, version 17, address 0xfec00000, GSI 0-23
[    0.076508] ACPI: INT_SRC_OVR (bus 0 bus_irq 0 global_irq 2 dfl dfl)
[    0.077057] ACPI: INT_SRC_OVR (bus 0 bus_irq 5 global_irq 5 high level)
[    0.077632] ACPI: INT_SRC_OVR (bus 0 bus_irq 9 global_irq 9 high level)
[    0.078206] ACPI: INT_SRC_OVR (bus 0 bus_irq 10 global_irq 10 high level)
[    0.078787] ACPI: INT_SRC_OVR (bus 0 bus_irq 11 global_irq 11 high level)
[    0.079391] ACPI: Using ACPI (MADT) for SMP configuration information
[    0.079945] ACPI: HPET id: 0x8086a201 base: 0xfed00000
[    0.080402] TSC deadline timer available
[    0.080737] smpboot: Allowing 2 CPUs, 0 hotplug CPUs
[    0.081250] kvm-guest: KVM setup pv remote TLB flush
[    0.081680] kvm-guest: setup PV sched yield
[    0.082108] PM: hibernation: Registered nosave memory: [mem 0x00000000-0x00000fff]
[    0.082773] PM: hibernation: Registered nosave memory: [mem 0x0009f000-0x0009ffff]
[    0.083428] PM: hibernation: Registered nosave memory: [mem 0x000a0000-0x000effff]
[    0.084070] PM: hibernation: Registered nosave memory: [mem 0x000f0000-0x000fffff]
[    0.084729] [mem 0x80000000-0xfeffbfff] available for PCI devices
[    0.085254] Booting paravirtualized kernel on KVM
[    0.085681] clocksource: refined-jiffies: mask: 0xffffffff max_cycles: 0xffffffff, max_idle_ns: 7645519600211568 ns
[    0.086601] setup_percpu: NR_CPUS:8192 nr_cpumask_bits:2 nr_cpu_ids:2 nr_node_ids:1
[    0.089303] percpu: Embedded 62 pages/cpu s217088 r8192 d28672 u1048576
[    0.090144] kvm-guest: PV spinlocks enabled
[    0.090529] PV qspinlock hash table entries: 256 (order: 0, 4096 bytes, linear)
[    0.091238] Fallback order for Node 0: 0 
[    0.091605] Built 1 zonelists, mobility grouping on.  Total pages: 515808
[    0.092204] Policy zone: DMA32
[    0.092477] Kernel command line: net.ifnames=0 console=ttyS0 root=/dev/sda earlyprintk=serial net.ifnames=0
[    0.095838] Dentry cache hash table entries: 262144 (order: 9, 2097152 bytes, linear)
[    0.097226] Inode-cache hash table entries: 131072 (order: 8, 1048576 bytes, linear)
[    0.098029] mem auto-init: stack:off, heap alloc:off, heap free:off
[    0.101757] Memory: 1999736K/2096632K available (30736K kernel code, 4079K rwdata, 7524K rodata, 3624K init, 10528K bss, 96640K reserved, 0K cma-reserved)
[    0.103894] SLUB: HWalign=64, Order=0-3, MinObjects=0, CPUs=2, Nodes=1
[    0.104437] kmemleak: Kernel memory leak detector disabled
[    0.104900] ftrace: allocating 66319 entries in 260 pages
[    0.129139] ftrace: allocated 260 pages with 2 groups
[    0.131251] Dynamic Preempt: voluntary
[    0.131677] rcu: Preemptible hierarchical RCU implementation.
[    0.132156] rcu: 	RCU restricting CPUs from NR_CPUS=8192 to nr_cpu_ids=2.
[    0.132712] 	Trampoline variant of Tasks RCU enabled.
[    0.133127] 	Rude variant of Tasks RCU enabled.
[    0.133490] 	Tracing variant of Tasks RCU enabled.
[    0.133874] rcu: RCU calculated value of scheduler-enlistment delay is 25 jiffies.
[    0.134483] rcu: Adjusting geometry for rcu_fanout_leaf=16, nr_cpu_ids=2
[    0.162259] NR_IRQS: 524544, nr_irqs: 440, preallocated irqs: 16
[    0.163069] rcu: srcu_init: Setting srcu_struct sizes based on contention.
[    0.171008] Console: colour VGA+ 80x25
[    0.171366] printk: console [ttyS0] enabled
[    0.171366] printk: console [ttyS0] enabled
[    0.172055] printk: bootconsole [earlyser0] disabled
[    0.172055] printk: bootconsole [earlyser0] disabled
[    0.172933] ACPI: Core revision 20220331
[    0.173506] clocksource: hpet: mask: 0xffffffff max_cycles: 0xffffffff, max_idle_ns: 19112604467 ns
[    0.174349] APIC: Switch to symmetric I/O mode setup
[    0.174934] x2apic enabled
[    0.175364] Switched APIC routing to physical x2apic.
[    0.175794] kvm-guest: setup PV IPIs
[    0.176963] ..TIMER: vector=0x30 apic1=0 pin1=2 apic2=-1 pin2=-1
[    0.177481] clocksource: tsc-early: mask: 0xffffffffffffffff max_cycles: 0x2cd5a8bb032, max_idle_ns: 440795365915 ns
[    0.178386] Calibrating delay loop (skipped) preset value.. 6220.80 BogoMIPS (lpj=12441600)
[    0.179086] pid_max: default: 32768 minimum: 301
[    0.179657] LSM: Security Framework initializing
[    0.180058] Yama: becoming mindful.
[    0.180538] Mount-cache hash table entries: 4096 (order: 3, 32768 bytes, linear)
[    0.181160] Mountpoint-cache hash table entries: 4096 (order: 3, 32768 bytes, linear)
[    0.182755] x86/cpu: User Mode Instruction Prevention (UMIP) activated
[    0.184799] Last level iTLB entries: 4KB 0, 2MB 0, 4MB 0
[    0.185321] Last level dTLB entries: 4KB 0, 2MB 0, 4MB 0, 1GB 0
[    0.185873] Spectre V1 : Mitigation: usercopy/swapgs barriers and __user pointer sanitization
[    0.186400] Spectre V2 : WARNING: Unprivileged eBPF is enabled with eIBRS on, data leaks possible via Spectre v2 BHB attacks!
[    0.187391] Spectre V2 : Mitigation: Enhanced IBRS
[    0.187776] Spectre V2 : Spectre v2 / SpectreRSB mitigation: Filling RSB on context switch
[    0.188428] Spectre V2 : Spectre v2 / PBRSB-eIBRS: Retire a single CALL on VMEXIT
[    0.189025] Spectre V2 : mitigation: Enabling conditional Indirect Branch Prediction Barrier
[    0.189691] Speculative Store Bypass: Mitigation: Speculative Store Bypass disabled via prctl
[    0.292444] Freeing SMP alternatives memory: 56K
[    0.293106] smpboot: CPU0: Genuine Intel(R) CPU 0000 @ 2.20GHz (family: 0x6, model: 0x8d, stepping: 0x0)
[    0.294136] cblist_init_generic: Setting adjustable number of callback queues.
[    0.294377] cblist_init_generic: Setting shift to 1 and lim to 1.
[    0.294377] cblist_init_generic: Setting shift to 1 and lim to 1.
[    0.294377] cblist_init_generic: Setting shift to 1 and lim to 1.
[    0.294377] Performance Events: Icelake events, full-width counters, Intel PMU driver.
[    0.294377] ... version:                2
[    0.294381] ... bit width:              48
[    0.294715] ... generic registers:      8
[    0.295044] ... value mask:             0000ffffffffffff
[    0.295472] ... max period:             00007fffffffffff
[    0.295907] ... fixed-purpose events:   3
[    0.296241] ... event mask:             00000007000000ff
[    0.296918] rcu: Hierarchical SRCU implementation.
[    0.297336] rcu: 	Max phase no-delay instances is 1000.
[    0.300068] smp: Bringing up secondary CPUs ...
[    0.300666] x86: Booting SMP configuration:
[    0.301016] .... node  #0, CPUs:      #1
[    0.301385] smp: Brought up 1 node, 2 CPUs
[    0.301385] smpboot: Max logical packages: 1
[    0.302384] smpboot: Total of 2 processors activated (12441.60 BogoMIPS)
[    0.306044] devtmpfs: initialized
[    0.306519] x86/mm: Memory block size: 128MB
[    0.308169] clocksource: jiffies: mask: 0xffffffff max_cycles: 0xffffffff, max_idle_ns: 7645041785100000 ns
[    0.308169] futex hash table entries: 512 (order: 3, 32768 bytes, linear)
[    0.308169] pinctrl core: initialized pinctrl subsystem
[    0.310633] 
[    0.310771] *************************************************************
[    0.311299] **     NOTICE NOTICE NOTICE NOTICE NOTICE NOTICE NOTICE    **
[    0.311832] **                                                         **
[    0.312378] **  IOMMU DebugFS SUPPORT HAS BEEN ENABLED IN THIS KERNEL  **
[    0.312903] **                                                         **
[    0.313429] ** This means that this kernel is built to expose internal **
[    0.313954] ** IOMMU data structures, which may compromise security on **
[    0.314380] ** your system.                                            **
[    0.314907] **                                                         **
[    0.315429] ** If you see this message and you are not debugging the   **
[    0.315999] ** kernel, report this immediately to your vendor!         **
[    0.316525] **                                                         **
[    0.317050] **     NOTICE NOTICE NOTICE NOTICE NOTICE NOTICE NOTICE    **
[    0.317584] *************************************************************
[    0.318155] PM: RTC time: 03:17:40, date: 2022-11-17
[    0.322078] NET: Registered PF_NETLINK/PF_ROUTE protocol family
[    0.322774] DMA: preallocated 256 KiB GFP_KERNEL pool for atomic allocations
[    0.323351] DMA: preallocated 256 KiB GFP_KERNEL|GFP_DMA pool for atomic allocations
[    0.323988] DMA: preallocated 256 KiB GFP_KERNEL|GFP_DMA32 pool for atomic allocations
[    0.324654] audit: initializing netlink subsys (disabled)
[    0.325156] audit: type=2000 audit(1668655061.677:1): state=initialized audit_enabled=0 res=1
[    0.325156] thermal_sys: Registered thermal governor 'fair_share'
[    0.325156] thermal_sys: Registered thermal governor 'bang_bang'
[    0.326382] thermal_sys: Registered thermal governor 'step_wise'
[    0.326948] thermal_sys: Registered thermal governor 'user_space'
[    0.327542] cpuidle: using governor ladder
[    0.328424] cpuidle: using governor menu
[    0.329074] acpiphp: ACPI Hot Plug PCI Controller Driver version: 0.5
[    0.329932] PCI: Using configuration type 1 for base access
[    0.339647] kprobes: kprobe jump-optimization is enabled. All kprobes are optimized if possible.
[    0.552102] HugeTLB: registered 1.00 GiB page size, pre-allocated 0 pages
[    0.552677] HugeTLB: 16380 KiB vmemmap can be freed for a 1.00 GiB page
[    0.553205] HugeTLB: registered 2.00 MiB page size, pre-allocated 0 pages
[    0.553755] HugeTLB: 28 KiB vmemmap can be freed for a 2.00 MiB page
[    0.555293] ACPI: Added _OSI(Module Device)
[    0.555762] ACPI: Added _OSI(Processor Device)
[    0.556118] ACPI: Added _OSI(3.0 _SCP Extensions)
[    0.556611] ACPI: Added _OSI(Processor Aggregator Device)
[    0.562045] ACPI: 1 ACPI AML tables successfully acquired and loaded
[    0.565011] ACPI: Interpreter enabled
[    0.565484] ACPI: PM: (supports S0 S3 S4 S5)
[    0.565833] ACPI: Using IOAPIC for interrupt routing
[    0.566377] PCI: Using host bridge windows from ACPI; if necessary, use "pci=nocrs" and report a bug
[    0.567177] PCI: Using E820 reservations for host bridge windows
[    0.568284] ACPI: Enabled 2 GPEs in block 00 to 0F
[    0.579753] ACPI: PCI Root Bridge [PCI0] (domain 0000 [bus 00-ff])
[    0.580330] acpi PNP0A03:00: _OSC: OS supports [ASPM ClockPM Segments MSI EDR HPX-Type3]
[    0.581088] acpi PNP0A03:00: _OSC: not requesting OS control; OS requires [ExtendedConfig ASPM ClockPM MSI]
[    0.582008] acpi PNP0A03:00: fail to add MMCONFIG information, can't access extended PCI configuration space under this bridge.
[    0.584099] acpiphp: Slot [3] registered
[    0.584595] acpiphp: Slot [4] registered
[    0.585002] acpiphp: Slot [5] registered
[    0.585473] acpiphp: Slot [6] registered
[    0.585902] acpiphp: Slot [7] registered
[    0.586364] acpiphp: Slot [8] registered
[    0.586458] acpiphp: Slot [9] registered
[    0.586944] acpiphp: Slot [10] registered
[    0.587396] acpiphp: Slot [11] registered
[    0.587825] acpiphp: Slot [12] registered
[    0.588304] acpiphp: Slot [13] registered
[    0.588702] acpiphp: Slot [14] registered
[    0.589168] acpiphp: Slot [15] registered
[    0.589640] acpiphp: Slot [16] registered
[    0.590097] acpiphp: Slot [17] registered
[    0.590430] acpiphp: Slot [18] registered
[    0.590812] acpiphp: Slot [19] registered
[    0.591191] acpiphp: Slot [20] registered
[    0.591571] acpiphp: Slot [21] registered
[    0.592009] acpiphp: Slot [22] registered
[    0.592465] acpiphp: Slot [23] registered
[    0.592955] acpiphp: Slot [24] registered
[    0.593357] acpiphp: Slot [25] registered
[    0.593864] acpiphp: Slot [26] registered
[    0.594254] acpiphp: Slot [27] registered
[    0.594430] acpiphp: Slot [28] registered
[    0.594813] acpiphp: Slot [29] registered
[    0.595187] acpiphp: Slot [30] registered
[    0.595559] acpiphp: Slot [31] registered
[    0.595901] PCI host bridge to bus 0000:00
[    0.596242] pci_bus 0000:00: root bus resource [io  0x0000-0x0cf7 window]
[    0.596793] pci_bus 0000:00: root bus resource [io  0x0d00-0xffff window]
[    0.597348] pci_bus 0000:00: root bus resource [mem 0x000a0000-0x000bffff window]
[    0.597934] pci_bus 0000:00: root bus resource [mem 0x80000000-0xfebfffff window]
[    0.598381] pci_bus 0000:00: root bus resource [mem 0x100000000-0x17fffffff window]
[    0.598979] pci_bus 0000:00: root bus resource [bus 00-ff]
[    0.599477] pci 0000:00:00.0: [8086:1237] type 00 class 0x060000
[    0.602116] pci 0000:00:01.0: [8086:7000] type 00 class 0x060100
[    0.602943] pci 0000:00:01.1: [8086:7010] type 00 class 0x010180
[    0.605122] pci 0000:00:01.1: reg 0x20: [io  0xc040-0xc04f]
[    0.606398] pci 0000:00:01.1: legacy IDE quirk: reg 0x10: [io  0x01f0-0x01f7]
[    0.607089] pci 0000:00:01.1: legacy IDE quirk: reg 0x14: [io  0x03f6]
[    0.607608] pci 0000:00:01.1: legacy IDE quirk: reg 0x18: [io  0x0170-0x0177]
[    0.608320] pci 0000:00:01.1: legacy IDE quirk: reg 0x1c: [io  0x0376]
[    0.609180] pci 0000:00:01.3: [8086:7113] type 00 class 0x068000
[    0.610098] pci 0000:00:01.3: quirk: [io  0x0600-0x063f] claimed by PIIX4 ACPI
[    0.610388] pci 0000:00:01.3: quirk: [io  0x0700-0x070f] claimed by PIIX4 SMB
[    0.611262] pci 0000:00:02.0: [1234:1111] type 00 class 0x030000
[    0.614178] pci 0000:00:02.0: reg 0x10: [mem 0xfd000000-0xfdffffff pref]
[    0.616269] pci 0000:00:02.0: reg 0x18: [mem 0xfebf0000-0xfebf0fff]
[    0.620352] pci 0000:00:02.0: reg 0x30: [mem 0xfebe0000-0xfebeffff pref]
[    0.621038] pci 0000:00:02.0: Video device with shadowed ROM at [mem 0x000c0000-0x000dffff]
[    0.624070] pci 0000:00:03.0: [8086:100e] type 00 class 0x020000
[    0.625584] pci 0000:00:03.0: reg 0x10: [mem 0xfebc0000-0xfebdffff]
[    0.626400] pci 0000:00:03.0: reg 0x14: [io  0xc000-0xc03f]
[    0.629218] pci 0000:00:03.0: reg 0x30: [mem 0xfeb80000-0xfebbffff pref]
[    0.639658] ACPI: PCI: Interrupt link LNKA configured for IRQ 10
[    0.640441] ACPI: PCI: Interrupt link LNKB configured for IRQ 10
[    0.641207] ACPI: PCI: Interrupt link LNKC configured for IRQ 11
[    0.642011] ACPI: PCI: Interrupt link LNKD configured for IRQ 11
[    0.642544] ACPI: PCI: Interrupt link LNKS configured for IRQ 9
[    0.644059] iommu: Default domain type: Translated 
[    0.644476] iommu: DMA domain TLB invalidation policy: lazy mode 
[    0.645622] SCSI subsystem initialized
[    0.646139] ACPI: bus type USB registered
[    0.646422] usbcore: registered new interface driver usbfs
[    0.646911] usbcore: registered new interface driver hub
[    0.647364] usbcore: registered new device driver usb
[    0.647838] pps_core: LinuxPPS API ver. 1 registered
[    0.648233] pps_core: Software ver. 5.3.6 - Copyright 2005-2007 Rodolfo Giometti <giometti@linux.it>
[    0.648946] PTP clock support registered
[    0.649366] EDAC MC: Ver: 3.0.0
[    0.650584] NetLabel: Initializing
[    0.650880] NetLabel:  domain hash size = 128
[    0.651246] NetLabel:  protocols = UNLABELED CIPSOv4 CALIPSO
[    0.651738] NetLabel:  unlabeled traffic allowed by default
[    0.652331] PCI: Using ACPI for IRQ routing
[    0.652853] pci 0000:00:02.0: vgaarb: setting as boot VGA device
[    0.653372] pci 0000:00:02.0: vgaarb: bridge control possible
[    0.653846] pci 0000:00:02.0: vgaarb: VGA device added: decodes=io+mem,owns=io+mem,locks=none
[    0.654383] vgaarb: loaded
[    0.655128] hpet0: at MMIO 0xfed00000, IRQs 2, 8, 0
[    0.655557] hpet0: 3 comparators, 64-bit 100.000000 MHz counter
[    3.213321] clocksource: Switched to clocksource kvm-clock
[    3.490928] VFS: Disk quotas dquot_6.6.0
[    3.491350] VFS: Dquot-cache hash table entries: 512 (order 0, 4096 bytes)
[    3.492075] pnp: PnP ACPI init
[    3.493718] pnp: PnP ACPI: found 6 devices
[    3.504664] clocksource: acpi_pm: mask: 0xffffff max_cycles: 0xffffff, max_idle_ns: 2085701024 ns
[    3.505706] NET: Registered PF_INET protocol family
[    3.507878] IP idents hash table entries: 32768 (order: 6, 262144 bytes, linear)
[    3.512323] tcp_listen_portaddr_hash hash table entries: 1024 (order: 2, 16384 bytes, linear)
[    3.513056] Table-perturb hash table entries: 65536 (order: 6, 262144 bytes, linear)
[    3.513724] TCP established hash table entries: 16384 (order: 5, 131072 bytes, linear)
[    3.514488] TCP bind hash table entries: 16384 (order: 7, 524288 bytes, linear)
[    3.515226] TCP: Hash tables configured (established 16384 bind 16384)
[    3.515820] UDP hash table entries: 1024 (order: 3, 32768 bytes, linear)
[    3.516403] UDP-Lite hash table entries: 1024 (order: 3, 32768 bytes, linear)
[    3.517161] NET: Registered PF_UNIX/PF_LOCAL protocol family
[    3.518044] RPC: Registered named UNIX socket transport module.
[    3.518575] RPC: Registered udp transport module.
[    3.518973] RPC: Registered tcp transport module.
[    3.519384] RPC: Registered tcp NFSv4.1 backchannel transport module.
[    3.519953] pci_bus 0000:00: resource 4 [io  0x0000-0x0cf7 window]
[    3.520493] pci_bus 0000:00: resource 5 [io  0x0d00-0xffff window]
[    3.521019] pci_bus 0000:00: resource 6 [mem 0x000a0000-0x000bffff window]
[    3.521619] pci_bus 0000:00: resource 7 [mem 0x80000000-0xfebfffff window]
[    3.522207] pci_bus 0000:00: resource 8 [mem 0x100000000-0x17fffffff window]
[    3.522992] pci 0000:00:01.0: PIIX3: Enabling Passive Release
[    3.523511] pci 0000:00:00.0: Limiting direct PCI/PCI transfers
[    3.524109] PCI: CLS 0 bytes, default 64
[    3.524686] clocksource: tsc: mask: 0xffffffffffffffff max_cycles: 0x2cd5a8bb032, max_idle_ns: 440795365915 ns
[    3.530123] Initialise system trusted keyrings
[    3.530553] Key type blacklist registered
[    3.531001] workingset: timestamp_bits=36 max_order=19 bucket_order=0
[    3.536575] zbud: loaded
[    3.537816] squashfs: version 4.0 (2009/01/31) Phillip Lougher
[    3.539086] NFS: Registering the id_resolver key type
[    3.539546] Key type id_resolver registered
[    3.539900] Key type id_legacy registered
[    3.540289] nfs4filelayout_init: NFSv4 File Layout Driver Registering...
[    3.540847] nfs4flexfilelayout_init: NFSv4 Flexfile Layout Driver Registering...
[    3.541569] fuse: init (API version 7.37)
[    3.542105] SGI XFS with ACLs, security attributes, realtime, quota, no debug enabled
[    3.545647] 9p: Installing v9fs 9p2000 file system support
[    3.554778] Key type asymmetric registered
[    3.555130] Asymmetric key parser 'x509' registered
[    3.556215] alg: self-tests for CTR-KDF (hmac(sha256)) passed
[    3.556733] Block layer SCSI generic (bsg) driver version 0.4 loaded (major 243)
[    3.557427] io scheduler mq-deadline registered
[    3.557892] io scheduler bfq registered
[    3.558731] shpchp: Standard Hot Plug PCI Controller Driver version: 0.4
[    3.559462] IPMI message handler: version 39.2
[    3.559857] ipmi device interface
[    3.561067] input: Power Button as /devices/LNXSYSTM:00/LNXPWRBN:00/input/input0
[    3.561808] ACPI: button: Power Button [PWRF]
[    3.562792] ERST DBG: ERST support is disabled.
[    3.563521] Serial: 8250/16550 driver, 32 ports, IRQ sharing enabled
[    3.564398] 00:04: ttyS0 at I/O 0x3f8 (irq = 4, base_baud = 115200) is a 16550A
[    3.570315] Linux agpgart interface v0.103
[    3.571029] ACPI: bus type drm_connector registered
[    3.581140] brd: module loaded
[    3.586844] loop: module loaded
[    3.589505] scsi host0: ata_piix
[    3.590073] scsi host1: ata_piix
[    3.590464] ata1: PATA max MWDMA2 cmd 0x1f0 ctl 0x3f6 bmdma 0xc040 irq 14
[    3.591027] ata2: PATA max MWDMA2 cmd 0x170 ctl 0x376 bmdma 0xc048 irq 15
[    3.592229] tun: Universal TUN/TAP device driver, 1.6
[    3.592788] e100: Intel(R) PRO/100 Network Driver
[    3.593197] e100: Copyright(c) 1999-2006 Intel Corporation
[    3.593693] e1000: Intel(R) PRO/1000 Network Driver
[    3.594094] e1000: Copyright (c) 1999-2006 Intel Corporation.
[    3.675384] ACPI: \_SB_.LNKC: Enabled at IRQ 11
[    3.750544] ata1: found unknown device (class 0)
[    3.751671] ata1.00: ATA-7: QEMU HARDDISK, 2.5+, max UDMA/100
[    3.752362] ata1.00: 16777216 sectors, multi 16: LBA48 
[    3.753321] ata2: found unknown device (class 0)
[    3.754575] scsi 0:0:0:0: Direct-Access     ATA      QEMU HARDDISK    2.5+ PQ: 0 ANSI: 5
[    3.755963] scsi 0:0:0:0: Attached scsi generic sg0 type 0
[    3.756728] sd 0:0:0:0: [sda] 16777216 512-byte logical blocks: (8.59 GB/8.00 GiB)
[    3.757695] sd 0:0:0:0: [sda] Write Protect is off
[    3.758124] ata2.00: ATAPI: QEMU DVD-ROM, 2.5+, max UDMA/100
[    3.759077] sd 0:0:0:0: [sda] Write cache: enabled, read cache: enabled, doesn't support DPO or FUA
[    3.760658] sd 0:0:0:0: [sda] Preferred minimum I/O size 512 bytes
[    3.761235] scsi 1:0:0:0: CD-ROM            QEMU     QEMU DVD-ROM     2.5+ PQ: 0 ANSI: 5
[    3.791451] sd 0:0:0:0: [sda] Attached SCSI disk
[    3.802671] scsi 1:0:0:0: Attached scsi generic sg1 type 5
[    4.005235] e1000 0000:00:03.0 eth0: (PCI:33MHz:32-bit) 52:54:00:12:34:56
[    4.005819] e1000 0000:00:03.0 eth0: Intel(R) PRO/1000 Network Connection
[    4.006468] e1000e: Intel(R) PRO/1000 Network Driver
[    4.006877] e1000e: Copyright(c) 1999 - 2015 Intel Corporation.
[    4.007411] igb: Intel(R) Gigabit Ethernet Network Driver
[    4.007857] igb: Copyright (c) 2007-2014 Intel Corporation.
[    4.008379] PPP generic driver version 2.4.2
[    4.009005] VFIO - User Level meta-driver version: 0.3
[    4.009721] usbcore: registered new interface driver uas
[    4.010184] usbcore: registered new interface driver usb-storage
[    4.010811] i8042: PNP: PS/2 Controller [PNP0303:KBD,PNP0f13:MOU] at 0x60,0x64 irq 1,12
[    4.012042] serio: i8042 KBD port at 0x60,0x64 irq 1
[    4.012452] serio: i8042 AUX port at 0x60,0x64 irq 12
[    4.013201] mousedev: PS/2 mouse device common for all mice
[    4.014045] input: AT Translated Set 2 keyboard as /devices/platform/i8042/serio0/input/input1
[    4.014626] rtc_cmos 00:05: RTC can wake from S4
[    4.016080] input: VirtualPS/2 VMware VMMouse as /devices/platform/i8042/serio1/input/input4
[    4.016303] rtc_cmos 00:05: registered as rtc0
[    4.017527] rtc_cmos 00:05: setting system clock to 2022-11-17T03:17:44 UTC (1668655064)
[    4.018441] input: VirtualPS/2 VMware VMMouse as /devices/platform/i8042/serio1/input/input3
[    4.018445] rtc_cmos 00:05: alarms up to one day, y3k, 242 bytes nvram, hpet irqs
[    4.020061] i2c_dev: i2c /dev entries driver
[    4.020442] device-mapper: core: CONFIG_IMA_DISABLE_HTABLE is disabled. Duplicate IMA measurements will not be recorded in the IMA log.
[    4.021493] device-mapper: uevent: version 1.0.3
[    4.022033] device-mapper: ioctl: 4.47.0-ioctl (2022-07-28) initialised: dm-devel@redhat.com
[    4.022727] intel_pstate: CPU model not supported
[    4.023187] sdhci: Secure Digital Host Controller Interface driver
[    4.023687] sdhci: Copyright(c) Pierre Ossman
[    4.024099] sdhci-pltfm: SDHCI platform and OF driver helper
[    4.024588] ledtrig-cpu: registered to indicate activity on CPUs
[    4.025254] drop_monitor: Initializing network drop monitor service
[    4.026192] NET: Registered PF_INET6 protocol family
[    4.027769] Segment Routing with IPv6
[    4.028120] In-situ OAM (IOAM) with IPv6
[    4.028490] NET: Registered PF_PACKET protocol family
[    4.029072] 9pnet: Installing 9P2000 support
[    4.029481] Key type dns_resolver registered
[    4.030398] IPI shorthand broadcast: enabled
[    4.030801] sched_clock: Marking stable (4023652974, 6728195)->(4044396408, -14015239)
[    4.031791] registered taskstats version 1
[    4.032192] Loading compiled-in X.509 certificates
[    4.036983] zswap: loaded using pool lzo/zbud
[    4.037720] Key type .fscrypt registered
[    4.038047] Key type fscrypt-provisioning registered
[    4.039127] Key type encrypted registered
[    4.039493] ima: No TPM chip found, activating TPM-bypass!
[    4.039959] ima: Allocated hash algorithm: sha1
[    4.040332] ima: No architecture policies found
[    4.040712] evm: Initialising EVM extended attributes:
[    4.041128] evm: security.selinux
[    4.041405] evm: security.SMACK64
[    4.041676] evm: security.SMACK64EXEC
[    4.041974] evm: security.SMACK64TRANSMUTE
[    4.042305] evm: security.SMACK64MMAP
[    4.042639] evm: security.apparmor
[    4.042920] evm: security.ima
[    4.043162] evm: security.capability
[    4.043452] evm: HMAC attrs: 0x1
[    4.046616] PM:   Magic number: 14:343:260
[    4.047299] RAS: Correctable Errors collector initialized.
[    4.048064] md: Waiting for all devices to be available before autodetect
[    4.048474] md: If you don't use raid, use raid=noautodetect
[    4.048809] md: Autodetecting RAID arrays.
[    4.049053] md: autorun ...
[    4.049233] md: ... autorun DONE.
[    4.051581] EXT4-fs (sda): INFO: recovery required on readonly filesystem
[    4.051994] EXT4-fs (sda): write access will be enabled during recovery
[    4.172460] EXT4-fs (sda): recovery complete
[    4.177921] EXT4-fs (sda): mounted filesystem with ordered data mode. Quota mode: none.
[    4.178442] VFS: Mounted root (ext4 filesystem) readonly on device 8:0.
[    4.179090] devtmpfs: mounted
[    4.186318] Freeing unused decrypted memory: 2036K
[    4.188857] Freeing unused kernel image (initmem) memory: 3624K
[    4.189230] Write protecting the kernel read-only data: 40960k
[    4.191872] Freeing unused kernel image (text/rodata gap) memory: 2028K
[    4.192743] Freeing unused kernel image (rodata/data gap) memory: 668K
[    4.282559] x86/mm: Checked W+X mappings: passed, no W+X pages found.
[    4.282953] Run /sbin/init as init process
[    4.356607] systemd[1]: RTC configured in localtime, applying delta of 0 minutes to system time.
[    4.374226] systemd[1]: systemd 239 (239-49.el8) running in system mode. (+PAM +AUDIT +SELINUX +IMA -APPARMOR +SMACK +SYSVINIT +UTMP +LIBCRYPTSETUP +GCRYPT +GNUTLS +ACL +XZ +LZ4 +SECCOMP +BLKID +ELFUTILS +KMOD +IDN2 -IDN +PCRE2 default-hierarchy=legacy)
[    4.375635] systemd[1]: Detected virtualization kvm.
[    4.375932] systemd[1]: Detected architecture x86-64.

Welcome to [0;31mCentOS Stream 8[0m!

[    4.425613] systemd[1]: Set hostname to <test>.
[    5.406395] random: crng init done
[    5.489015] systemd[1]: Listening on initctl Compatibility Named Pipe.
[[0;32m  OK  [0m] Listening on initctl Compatibility Named Pipe.
[    5.494041] systemd[1]: Listening on Process Core Dump Socket.
[[0;32m  OK  [0m] Listening on Process Core Dump Socket.
[    5.496464] systemd[1]: Created slice system-getty.slice.
[[0;32m  OK  [0m] Created slice system-getty.slice.
[    5.497518] systemd[1]: Set up automount Arbitrary Executable File Formats File System Automount Point.
[[0;32m  OK  [0m] Set up automount Arbitrary Executabâ€¦rmats File System Automount Point.
[    5.498967] systemd[1]: Listening on LVM2 poll daemon socket.
[[0;32m  OK  [0m] Listening on LVM2 poll daemon socket.
[    5.500292] systemd[1]: Created slice system-sshd\x2dkeygen.slice.
[[0;32m  OK  [0m] Created slice system-sshd\x2dkeygen.slice.
[[0;32m  OK  [0m] Listening on Device-mapper event daemon FIFOs.
[[0;32m  OK  [0m] Listening on RPCbind Server Activation Socket.
[[0;32m  OK  [0m] Reached target RPC Port Mapper.
[[0;32m  OK  [0m] Listening on udev Control Socket.
[[0;32m  OK  [0m] Started Forward Password Requests to Wall Directory Watch.
[[0;32m  OK  [0m] Listening on multipathd control socket.
[[0;32m  OK  [0m] Listening on Journal Socket.
         Starting Load Kernel Modules...
         Starting Monitoring of LVM2 mirrorsâ€¦ng dmeventd or progress polling...
         Mounting POSIX Message Queue File System...
         Starting Setup Virtual Console...
[[0;32m  OK  [0m] Listening on udev Kernel Socket.
[[0;32m  OK  [0m] Created slice system-serial\x2dgetty.slice.
[[0;32m  OK  [0m] Reached target Swap.
         Starting Remount Root and Kernel File Systems...
         Starting udev Coldplug all Devices...
[[0;32m  OK  [0m] Listening on Journal Socket (/dev/log).
         Starting Journal Service...
         Mounting Kernel Debug File System...
         Mounting Huge Pages File System...
[[0;32m  OK  [0m] Created slice User and Session Slice.
[[0;32m  OK  [0m] Reached target Slices.
[[0;1;31mFAILED[0m] Failed to start Load Kernel Modules.
See 'systemctl status systemd-modules-load.service' for details.
[[0;32m  OK  [0m] Mounted POSIX Message Queue File System.
[[0;32m  OK  [0m] Mounted Kernel Debug File System.
[[0;32m  OK  [0m] Mounted Huge Pages File System.
[    5.713881] EXT4-fs (sda): re-mounted. Quota mode: none.
         Starting Apply Kernel Variables...
         Mounting FUSE Control File System...
         Mounting Kernel Configuration File System...
[[0;32m  OK  [0m] Started Remount Root and Kernel File Systems.
         Starting Load/Save Random Seed...
         Starting Create Static Device Nodes in /dev...
[[0;32m  OK  [0m] Started Apply Kernel Variables.
[[0;32m  OK  [0m] Mounted FUSE Control File System.
[[0;32m  OK  [0m] Mounted Kernel Configuration File System.
[[0;32m  OK  [0m] Started Journal Service.
         Starting Flush Journal to Persistent Storage...
[[0;32m  OK  [0m] Started Load/Save Random Seed.
[[0;32m  OK  [0m] Started Create Static Device Nodes in /dev.
[[0;32m  OK  [0m] Started udev Coldplug all Devices.
[[0;32m  OK  [0m] Started Setup Virtual Console.
[[0;32m  OK  [0m] Started Flush Journal to Persistent Storage.
         Starting udev Wait for Complete Device Initialization...
         Starting udev Kernel Device Manager...
[[0;32m  OK  [0m] Started udev Kernel Device Manager.
         Starting Show Plymouth Boot Screen...
[[0;32m  OK  [0m] Started Show Plymouth Boot Screen.
[[0;32m  OK  [0m] Started Forward Password Requests to Plymouth Directory Watch.
[[0;32m  OK  [0m] Reached target Local Encrypted Volumes.
[[0;32m  OK  [0m] Reached target Paths.
[[0;32m  OK  [0m] Found device /dev/ttyS0.
[[0;32m  OK  [0m] Listening on Load/Save RF Kill Switch Status /dev/rfkill Watch.
[[0;32m  OK  [0m] Started Monitoring of LVM2 mirrors,â€¦sing dmeventd or progress polling.
[[0;32m  OK  [0m] Started udev Wait for Complete Device Initialization.
[[0;32m  OK  [0m] Reached target Local File Systems (Pre).
[[0;32m  OK  [0m] Reached target Local File Systems.
         Starting Tell Plymouth To Write Out Runtime Data...
         Starting Restore /run/initramfs on shutdown...
         Starting Create Volatile Files and Directories...
[[0;32m  OK  [0m] Started Tell Plymouth To Write Out Runtime Data.
[[0;32m  OK  [0m] Started Restore /run/initramfs on shutdown.
[[0;32m  OK  [0m] Started Create Volatile Files and Directories.
         Mounting RPC Pipe File System...
         Starting RPC Bind...
         Starting Security Auditing Service...
[[0;32m  OK  [0m] Mounted RPC Pipe File System.
[[0;32m  OK  [0m] Reached target rpc_pipefs.target.
[[0;32m  OK  [0m] Started RPC Bind.
[[0;32m  OK  [0m] Started Security Auditing Service.
         Starting Update UTMP about System Boot/Shutdown...
[[0;32m  OK  [0m] Started Update UTMP about System Boot/Shutdown.
[[0;32m  OK  [0m] Reached target System Initialization.
[[0;32m  OK  [0m] Started dnf makecache --timer.
[[0;32m  OK  [0m] Listening on SSSD Kerberos Cache Manager responder socket.
[[0;32m  OK  [0m] Started daily update of the root trust anchor for DNSSEC.
[[0;32m  OK  [0m] Started Daily Cleanup of Temporary Directories.
[[0;32m  OK  [0m] Reached target Timers.
[[0;32m  OK  [0m] Listening on D-Bus System Message Bus Socket.
[[0;32m  OK  [0m] Reached target Sockets.
[[0;32m  OK  [0m] Reached target Basic System.
[[0;32m  OK  [0m] Started D-Bus System Message Bus.
         Starting NTP client/server...
         Starting Auto-connect to subsystemsâ€¦-NVME devices found during boot...
         Starting Network Manager...
[[0;32m  OK  [0m] Reached target sshd-keygen.target.
         Starting Authorization Manager...
[[0;32m  OK  [0m] Started Machine Check Exception Logging Daemon.
         Starting Self Monitoring and Reporting Technology (SMART) Daemon...
[[0;32m  OK  [0m] Started irqbalance daemon.
         Starting Login Service...
[[0;32m  OK  [0m] Started Auto-connect to subsystems â€¦FC-NVME devices found during boot.
[[0;32m  OK  [0m] Started Self Monitoring and Reporting Technology (SMART) Daemon.
[[0;32m  OK  [0m] Started Network Manager.
[[0;32m  OK  [0m] Reached target Network.
         Starting Dynamic System Tuning Daemon...
         Starting GSSAPI Proxy Daemon...
         Starting OpenSSH server daemon...
         Starting Network Manager Wait Online...
[[0;32m  OK  [0m] Started NTP client/server.
[[0;32m  OK  [0m] Started Login Service.
         Starting Hostname Service...
[[0;32m  OK  [0m] Started OpenSSH server daemon.
[[0;32m  OK  [0m] Started GSSAPI Proxy Daemon.
[[0;32m  OK  [0m] Started Authorization Manager.
[[0;32m  OK  [0m] Reached target NFS client services.
[[0;32m  OK  [0m] Reached target Remote File Systems (Pre).
[[0;32m  OK  [0m] Reached target Remote File Systems.
         Starting Permit User Sessions...
[[0;32m  OK  [0m] Started Permit User Sessions.
         Starting Hold until boot process finishes up...
         Starting Terminate Plymouth Boot Screen...
[[0;32m  OK  [0m] Started Command Scheduler.
[    6.962417] e1000: eth0 NIC Link is Up 1000 Mbps Full Duplex, Flow Control: RX
[    6.963326] IPv6: ADDRCONF(NETDEV_CHANGE): eth0: link becomes ready
[    7.127381] Spectre V2 : WARNING: Unprivileged eBPF is enabled with eIBRS on, data leaks possible via Spectre v2 BHB attacks!
[    7.128153] Spectre V2 : WARNING: Unprivileged eBPF is enabled with eIBRS on, data leaks possible via Spectre v2 BHB attacks!

CentOS Stream 8
Kernel 6.1.0-rc3-980a2ff2cb98+ on an x86_64

test login: 