c[?7l[2J[0mSeaBIOS (version rel-1.16.0-0-gd239552ce722-prebuilt.qemu.org)


iPXE (http://ipxe.org) 00:03.0 CA00 PCI2.10 PnP PMM+7FF91000+7FEF1000 CA00
Press Ctrl-B to configure iPXE (PCI 00:03.0)...                                                                               


Booting from ROM..c[?7l[2J[0m.[    0.000000] Linux version 6.1.0-rc4-f0c4d9fc9cc9-4a6f278d4827-revert+ (root@p-tglh01.sh.intel.com) (gcc (GCC) 8.5.0 20210514 (Red Hat 8.5.0-17), GNU ld version 2.36.1-2.el8) #1 SMP PREEMPT_DYNAMIC Thu Nov 17 15:18:03 CST 2022
[    0.000000] Command line: console=ttyS0 root=/dev/sda earlyprintk=serial net.ifnames=0
[    0.000000] KERNEL supported cpus:
[    0.000000]   Intel GenuineIntel
[    0.000000]   AMD AuthenticAMD
[    0.000000]   Hygon HygonGenuine
[    0.000000]   Centaur CentaurHauls
[    0.000000]   zhaoxin   Shanghai  
[    0.000000] x86/fpu: Supporting XSAVE feature 0x001: 'x87 floating point registers'
[    0.000000] x86/fpu: Supporting XSAVE feature 0x002: 'SSE registers'
[    0.000000] x86/fpu: Supporting XSAVE feature 0x004: 'AVX registers'
[    0.000000] x86/fpu: Supporting XSAVE feature 0x020: 'AVX-512 opmask'
[    0.000000] x86/fpu: Supporting XSAVE feature 0x040: 'AVX-512 Hi256'
[    0.000000] x86/fpu: Supporting XSAVE feature 0x080: 'AVX-512 ZMM_Hi256'
[    0.000000] x86/fpu: Supporting XSAVE feature 0x200: 'Protection Keys User registers'
[    0.000000] x86/fpu: xstate_offset[2]:  576, xstate_sizes[2]:  256
[    0.000000] x86/fpu: xstate_offset[5]:  832, xstate_sizes[5]:   64
[    0.000000] x86/fpu: xstate_offset[6]:  896, xstate_sizes[6]:  512
[    0.000000] x86/fpu: xstate_offset[7]: 1408, xstate_sizes[7]: 1024
[    0.000000] x86/fpu: xstate_offset[9]: 2432, xstate_sizes[9]:    8
[    0.000000] x86/fpu: Enabled xstate features 0x2e7, context size is 2440 bytes, using 'compacted' format.
[    0.000000] signal: max sigframe size: 3632
[    0.000000] BIOS-provided physical RAM map:
[    0.000000] BIOS-e820: [mem 0x0000000000000000-0x000000000009fbff] usable
[    0.000000] BIOS-e820: [mem 0x000000000009fc00-0x000000000009ffff] reserved
[    0.000000] BIOS-e820: [mem 0x00000000000f0000-0x00000000000fffff] reserved
[    0.000000] BIOS-e820: [mem 0x0000000000100000-0x000000007ffdffff] usable
[    0.000000] BIOS-e820: [mem 0x000000007ffe0000-0x000000007fffffff] reserved
[    0.000000] BIOS-e820: [mem 0x00000000feffc000-0x00000000feffffff] reserved
[    0.000000] BIOS-e820: [mem 0x00000000fffc0000-0x00000000ffffffff] reserved
[    0.000000] printk: bootconsole [earlyser0] enabled
[    0.000000] NX (Execute Disable) protection: active
[    0.000000] SMBIOS 2.8 present.
[    0.000000] DMI: QEMU Standard PC (i440FX + PIIX, 1996), BIOS rel-1.16.0-0-gd239552ce722-prebuilt.qemu.org 04/01/2014
[    0.000000] Hypervisor detected: KVM
[    0.000000] kvm-clock: Using msrs 4b564d01 and 4b564d00
[    0.000005] kvm-clock: using sched offset of 413755057 cycles
[    0.000516] clocksource: kvm-clock: mask: 0xffffffffffffffff max_cycles: 0x1cd42e4dffb, max_idle_ns: 881590591483 ns
[    0.002077] tsc: Detected 3110.400 MHz processor
[    0.010341] last_pfn = 0x7ffe0 max_arch_pfn = 0x400000000
[    0.010887] x86/PAT: Configuration [0-7]: WB  WC  UC- UC  WB  WP  UC- WT  
[    0.021262] found SMP MP-table at [mem 0x000f5ba0-0x000f5baf]
[    0.021883] Using GB pages for direct mapping
[    0.023466] ACPI: Early table checksum verification disabled
[    0.024009] ACPI: RSDP 0x00000000000F59C0 000014 (v00 BOCHS )
[    0.024561] ACPI: RSDT 0x000000007FFE1951 000034 (v01 BOCHS  BXPC     00000001 BXPC 00000001)
[    0.025389] ACPI: FACP 0x000000007FFE17FD 000074 (v01 BOCHS  BXPC     00000001 BXPC 00000001)
[    0.026238] ACPI: DSDT 0x000000007FFE0040 0017BD (v01 BOCHS  BXPC     00000001 BXPC 00000001)
[    0.027042] ACPI: FACS 0x000000007FFE0000 000040
[    0.027481] ACPI: APIC 0x000000007FFE1871 000080 (v01 BOCHS  BXPC     00000001 BXPC 00000001)
[    0.028285] ACPI: HPET 0x000000007FFE18F1 000038 (v01 BOCHS  BXPC     00000001 BXPC 00000001)
[    0.029078] ACPI: WAET 0x000000007FFE1929 000028 (v01 BOCHS  BXPC     00000001 BXPC 00000001)
[    0.029867] ACPI: Reserving FACP table memory at [mem 0x7ffe17fd-0x7ffe1870]
[    0.030510] ACPI: Reserving DSDT table memory at [mem 0x7ffe0040-0x7ffe17fc]
[    0.031152] ACPI: Reserving FACS table memory at [mem 0x7ffe0000-0x7ffe003f]
[    0.031798] ACPI: Reserving APIC table memory at [mem 0x7ffe1871-0x7ffe18f0]
[    0.032447] ACPI: Reserving HPET table memory at [mem 0x7ffe18f1-0x7ffe1928]
[    0.033089] ACPI: Reserving WAET table memory at [mem 0x7ffe1929-0x7ffe1950]
[    0.034811] No NUMA configuration found
[    0.035173] Faking a node at [mem 0x0000000000000000-0x000000007ffdffff]
[    0.035879] NODE_DATA(0) allocated [mem 0x7ffb5000-0x7ffdffff]
[    0.040390] Zone ranges:
[    0.040642]   DMA      [mem 0x0000000000001000-0x0000000000ffffff]
[    0.041234]   DMA32    [mem 0x0000000001000000-0x000000007ffdffff]
[    0.041832]   Normal   empty
[    0.042111]   Device   empty
[    0.042391] Movable zone start for each node
[    0.042799] Early memory node ranges
[    0.043141]   node   0: [mem 0x0000000000001000-0x000000000009efff]
[    0.043749]   node   0: [mem 0x0000000000100000-0x000000007ffdffff]
[    0.044361] Initmem setup node 0 [mem 0x0000000000001000-0x000000007ffdffff]
[    0.049150] On node 0, zone DMA: 1 pages in unavailable ranges
[    0.049179] On node 0, zone DMA: 97 pages in unavailable ranges
[    0.076374] On node 0, zone DMA32: 32 pages in unavailable ranges
[    0.077260] ACPI: PM-Timer IO Port: 0x608
[    0.078272] ACPI: LAPIC_NMI (acpi_id[0xff] dfl dfl lint[0x1])
[    0.078870] IOAPIC[0]: apic_id 0, version 17, address 0xfec00000, GSI 0-23
[    0.079544] ACPI: INT_SRC_OVR (bus 0 bus_irq 0 global_irq 2 dfl dfl)
[    0.080156] ACPI: INT_SRC_OVR (bus 0 bus_irq 5 global_irq 5 high level)
[    0.080796] ACPI: INT_SRC_OVR (bus 0 bus_irq 9 global_irq 9 high level)
[    0.081463] ACPI: INT_SRC_OVR (bus 0 bus_irq 10 global_irq 10 high level)
[    0.082100] ACPI: INT_SRC_OVR (bus 0 bus_irq 11 global_irq 11 high level)
[    0.082750] ACPI: Using ACPI (MADT) for SMP configuration information
[    0.083348] ACPI: HPET id: 0x8086a201 base: 0xfed00000
[    0.083847] TSC deadline timer available
[    0.084216] smpboot: Allowing 2 CPUs, 0 hotplug CPUs
[    0.084775] kvm-guest: KVM setup pv remote TLB flush
[    0.085240] kvm-guest: setup PV sched yield
[    0.085677] PM: hibernation: Registered nosave memory: [mem 0x00000000-0x00000fff]
[    0.086402] PM: hibernation: Registered nosave memory: [mem 0x0009f000-0x0009ffff]
[    0.087120] PM: hibernation: Registered nosave memory: [mem 0x000a0000-0x000effff]
[    0.087837] PM: hibernation: Registered nosave memory: [mem 0x000f0000-0x000fffff]
[    0.088577] [mem 0x80000000-0xfeffbfff] available for PCI devices
[    0.089161] Booting paravirtualized kernel on KVM
[    0.089619] clocksource: refined-jiffies: mask: 0xffffffff max_cycles: 0xffffffff, max_idle_ns: 7645519600211568 ns
[    0.090701] setup_percpu: NR_CPUS:8192 nr_cpumask_bits:2 nr_cpu_ids:2 nr_node_ids:1
[    0.092751] percpu: Embedded 62 pages/cpu s217088 r8192 d28672 u1048576
[    0.093671] kvm-guest: PV spinlocks enabled
[    0.094095] PV qspinlock hash table entries: 256 (order: 0, 4096 bytes, linear)
[    0.094816] Fallback order for Node 0: 0 
[    0.095222] Built 1 zonelists, mobility grouping on.  Total pages: 515808
[    0.095884] Policy zone: DMA32
[    0.096176] Kernel command line: net.ifnames=0 console=ttyS0 root=/dev/sda earlyprintk=serial net.ifnames=0
[    0.099139] Dentry cache hash table entries: 262144 (order: 9, 2097152 bytes, linear)
[    0.100783] Inode-cache hash table entries: 131072 (order: 8, 1048576 bytes, linear)
[    0.101721] mem auto-init: stack:off, heap alloc:off, heap free:off
[    0.105953] Memory: 1999736K/2096632K available (30736K kernel code, 4081K rwdata, 7528K rodata, 3624K init, 10528K bss, 96640K reserved, 0K cma-reserved)
[    0.108408] SLUB: HWalign=64, Order=0-3, MinObjects=0, CPUs=2, Nodes=1
[    0.109019] kmemleak: Kernel memory leak detector disabled
[    0.109554] ftrace: allocating 66321 entries in 260 pages
[    0.141835] ftrace: allocated 260 pages with 2 groups
[    0.144183] Dynamic Preempt: voluntary
[    0.144656] rcu: Preemptible hierarchical RCU implementation.
[    0.145194] rcu: 	RCU restricting CPUs from NR_CPUS=8192 to nr_cpu_ids=2.
[    0.145822] 	Trampoline variant of Tasks RCU enabled.
[    0.146285] 	Rude variant of Tasks RCU enabled.
[    0.146699] 	Tracing variant of Tasks RCU enabled.
[    0.147139] rcu: RCU calculated value of scheduler-enlistment delay is 25 jiffies.
[    0.147839] rcu: Adjusting geometry for rcu_fanout_leaf=16, nr_cpu_ids=2
[    0.178182] NR_IRQS: 524544, nr_irqs: 440, preallocated irqs: 16
[    0.179086] rcu: srcu_init: Setting srcu_struct sizes based on contention.
[    0.188114] Console: colour VGA+ 80x25
[    0.188544] printk: console [ttyS0] enabled
[    0.188544] printk: console [ttyS0] enabled
[    0.189350] printk: bootconsole [earlyser0] disabled
[    0.189350] printk: bootconsole [earlyser0] disabled
[    0.190347] ACPI: Core revision 20220331
[    0.190994] clocksource: hpet: mask: 0xffffffff max_cycles: 0xffffffff, max_idle_ns: 19112604467 ns
[    0.191981] APIC: Switch to symmetric I/O mode setup
[    0.192686] x2apic enabled
[    0.193185] Switched APIC routing to physical x2apic.
[    0.193678] kvm-guest: setup PV IPIs
[    0.195012] ..TIMER: vector=0x30 apic1=0 pin1=2 apic2=-1 pin2=-1
[    0.195624] clocksource: tsc-early: mask: 0xffffffffffffffff max_cycles: 0x2cd5a8bb032, max_idle_ns: 440795365915 ns
[    0.196714] Calibrating delay loop (skipped) preset value.. 6220.80 BogoMIPS (lpj=12441600)
[    0.197525] pid_max: default: 32768 minimum: 301
[    0.198173] LSM: Security Framework initializing
[    0.198633] Yama: becoming mindful.
[    0.199173] Mount-cache hash table entries: 4096 (order: 3, 32768 bytes, linear)
[    0.199919] Mountpoint-cache hash table entries: 4096 (order: 3, 32768 bytes, linear)
[    0.202644] x86/cpu: User Mode Instruction Prevention (UMIP) activated
[    0.203609] Last level iTLB entries: 4KB 0, 2MB 0, 4MB 0
[    0.204733] Last level dTLB entries: 4KB 0, 2MB 0, 4MB 0, 1GB 0
[    0.205345] Spectre V1 : Mitigation: usercopy/swapgs barriers and __user pointer sanitization
[    0.206158] Spectre V2 : WARNING: Unprivileged eBPF is enabled with eIBRS on, data leaks possible via Spectre v2 BHB attacks!
[    0.207230] Spectre V2 : Mitigation: Enhanced IBRS
[    0.207670] Spectre V2 : Spectre v2 / SpectreRSB mitigation: Filling RSB on context switch
[    0.208709] Spectre V2 : Spectre v2 / PBRSB-eIBRS: Retire a single CALL on VMEXIT
[    0.209402] Spectre V2 : mitigation: Enabling conditional Indirect Branch Prediction Barrier
[    0.210169] Speculative Store Bypass: Mitigation: Speculative Store Bypass disabled via prctl
[    0.327039] Freeing SMP alternatives memory: 56K
[    0.327738] smpboot: CPU0: Genuine Intel(R) CPU 0000 @ 2.20GHz (family: 0x6, model: 0x8d, stepping: 0x0)
[    0.328706] cblist_init_generic: Setting adjustable number of callback queues.
[    0.328706] cblist_init_generic: Setting shift to 1 and lim to 1.
[    0.328706] cblist_init_generic: Setting shift to 1 and lim to 1.
[    0.328706] cblist_init_generic: Setting shift to 1 and lim to 1.
[    0.328706] Performance Events: Icelake events, full-width counters, Intel PMU driver.
[    0.328714] ... version:                2
[    0.329087] ... bit width:              48
[    0.329452] ... generic registers:      8
[    0.329834] ... value mask:             0000ffffffffffff
[    0.330303] ... max period:             00007fffffffffff
[    0.330779] ... fixed-purpose events:   3
[    0.331135] ... event mask:             00000007000000ff
[    0.331878] rcu: Hierarchical SRCU implementation.
[    0.332313] rcu: 	Max phase no-delay instances is 1000.
[    0.335001] smp: Bringing up secondary CPUs ...
[    0.335710] x86: Booting SMP configuration:
[    0.336103] .... node  #0, CPUs:      #1
[    0.336512] smp: Brought up 1 node, 2 CPUs
[    0.337086] smpboot: Max logical packages: 1
[    0.337487] smpboot: Total of 2 processors activated (12441.60 BogoMIPS)
[    0.338563] devtmpfs: initialized
[    0.338563] x86/mm: Memory block size: 128MB
[    0.340999] clocksource: jiffies: mask: 0xffffffff max_cycles: 0xffffffff, max_idle_ns: 7645041785100000 ns
[    0.341896] futex hash table entries: 512 (order: 3, 32768 bytes, linear)
[    0.342674] pinctrl core: initialized pinctrl subsystem
[    0.343425] 
[    0.343574] *************************************************************
[    0.344215] **     NOTICE NOTICE NOTICE NOTICE NOTICE NOTICE NOTICE    **
[    0.344717] **                                                         **
[    0.345343] **  IOMMU DebugFS SUPPORT HAS BEEN ENABLED IN THIS KERNEL  **
[    0.345963] **                                                         **
[    0.346586] ** This means that this kernel is built to expose internal **
[    0.347200] ** IOMMU data structures, which may compromise security on **
[    0.347827] ** your system.                                            **
[    0.348440] **                                                         **
[    0.348710] ** If you see this message and you are not debugging the   **
[    0.349331] ** kernel, report this immediately to your vendor!         **
[    0.349945] **                                                         **
[    0.350554] **     NOTICE NOTICE NOTICE NOTICE NOTICE NOTICE NOTICE    **
[    0.351152] *************************************************************
[    0.351801] PM: RTC time: 07:18:44, date: 2022-11-17
[    0.356546] NET: Registered PF_NETLINK/PF_ROUTE protocol family
[    0.357108] DMA: preallocated 256 KiB GFP_KERNEL pool for atomic allocations
[    0.357748] DMA: preallocated 256 KiB GFP_KERNEL|GFP_DMA pool for atomic allocations
[    0.358460] DMA: preallocated 256 KiB GFP_KERNEL|GFP_DMA32 pool for atomic allocations
[    0.359202] audit: initializing netlink subsys (disabled)
[    0.359776] audit: type=2000 audit(1668669525.216:1): state=initialized audit_enabled=0 res=1
[    0.359776] thermal_sys: Registered thermal governor 'fair_share'
[    0.360713] thermal_sys: Registered thermal governor 'bang_bang'
[    0.361252] thermal_sys: Registered thermal governor 'step_wise'
[    0.361779] thermal_sys: Registered thermal governor 'user_space'
[    0.362323] cpuidle: using governor ladder
[    0.363245] cpuidle: using governor menu
[    0.363845] acpiphp: ACPI Hot Plug PCI Controller Driver version: 0.5
[    0.364688] PCI: Using configuration type 1 for base access
[    0.373695] kprobes: kprobe jump-optimization is enabled. All kprobes are optimized if possible.
[    0.658443] HugeTLB: registered 1.00 GiB page size, pre-allocated 0 pages
[    0.659065] HugeTLB: 16380 KiB vmemmap can be freed for a 1.00 GiB page
[    0.659646] HugeTLB: registered 2.00 MiB page size, pre-allocated 0 pages
[    0.660192] HugeTLB: 28 KiB vmemmap can be freed for a 2.00 MiB page
[    0.665184] ACPI: Added _OSI(Module Device)
[    0.665577] ACPI: Added _OSI(Processor Device)
[    0.665965] ACPI: Added _OSI(3.0 _SCP Extensions)
[    0.666372] ACPI: Added _OSI(Processor Aggregator Device)
[    0.670831] ACPI: 1 ACPI AML tables successfully acquired and loaded
[    0.673651] ACPI: Interpreter enabled
[    0.674045] ACPI: PM: (supports S0 S3 S4 S5)
[    0.674418] ACPI: Using IOAPIC for interrupt routing
[    0.674875] PCI: Using host bridge windows from ACPI; if necessary, use "pci=nocrs" and report a bug
[    0.675651] PCI: Using E820 reservations for host bridge windows
[    0.676647] ACPI: Enabled 2 GPEs in block 00 to 0F
[    0.687786] ACPI: PCI Root Bridge [PCI0] (domain 0000 [bus 00-ff])
[    0.688365] acpi PNP0A03:00: _OSC: OS supports [ASPM ClockPM Segments MSI EDR HPX-Type3]
[    0.688717] acpi PNP0A03:00: _OSC: not requesting OS control; OS requires [ExtendedConfig ASPM ClockPM MSI]
[    0.689623] acpi PNP0A03:00: fail to add MMCONFIG information, can't access extended PCI configuration space under this bridge.
[    0.692186] acpiphp: Slot [3] registered
[    0.692790] acpiphp: Slot [4] registered
[    0.693371] acpiphp: Slot [5] registered
[    0.693957] acpiphp: Slot [6] registered
[    0.694442] acpiphp: Slot [7] registered
[    0.695037] acpiphp: Slot [8] registered
[    0.695602] acpiphp: Slot [9] registered
[    0.696203] acpiphp: Slot [10] registered
[    0.696798] acpiphp: Slot [11] registered
[    0.697396] acpiphp: Slot [12] registered
[    0.697993] acpiphp: Slot [13] registered
[    0.698580] acpiphp: Slot [14] registered
[    0.699185] acpiphp: Slot [15] registered
[    0.699802] acpiphp: Slot [16] registered
[    0.700396] acpiphp: Slot [17] registered
[    0.700800] acpiphp: Slot [18] registered
[    0.701398] acpiphp: Slot [19] registered
[    0.702001] acpiphp: Slot [20] registered
[    0.702603] acpiphp: Slot [21] registered
[    0.703207] acpiphp: Slot [22] registered
[    0.703828] acpiphp: Slot [23] registered
[    0.704359] acpiphp: Slot [24] registered
[    0.704750] acpiphp: Slot [25] registered
[    0.705134] acpiphp: Slot [26] registered
[    0.705518] acpiphp: Slot [27] registered
[    0.705902] acpiphp: Slot [28] registered
[    0.706290] acpiphp: Slot [29] registered
[    0.706671] acpiphp: Slot [30] registered
[    0.707053] acpiphp: Slot [31] registered
[    0.707404] PCI host bridge to bus 0000:00
[    0.707767] pci_bus 0000:00: root bus resource [io  0x0000-0x0cf7 window]
[    0.708340] pci_bus 0000:00: root bus resource [io  0x0d00-0xffff window]
[    0.708711] pci_bus 0000:00: root bus resource [mem 0x000a0000-0x000bffff window]
[    0.709359] pci_bus 0000:00: root bus resource [mem 0x80000000-0xfebfffff window]
[    0.710003] pci_bus 0000:00: root bus resource [mem 0x100000000-0x17fffffff window]
[    0.710665] pci_bus 0000:00: root bus resource [bus 00-ff]
[    0.711205] pci 0000:00:00.0: [8086:1237] type 00 class 0x060000
[    0.713903] pci 0000:00:01.0: [8086:7000] type 00 class 0x060100
[    0.714976] pci 0000:00:01.1: [8086:7010] type 00 class 0x010180
[    0.717032] pci 0000:00:01.1: reg 0x20: [io  0xc040-0xc04f]
[    0.718182] pci 0000:00:01.1: legacy IDE quirk: reg 0x10: [io  0x01f0-0x01f7]
[    0.718793] pci 0000:00:01.1: legacy IDE quirk: reg 0x14: [io  0x03f6]
[    0.719365] pci 0000:00:01.1: legacy IDE quirk: reg 0x18: [io  0x0170-0x0177]
[    0.719961] pci 0000:00:01.1: legacy IDE quirk: reg 0x1c: [io  0x0376]
[    0.720734] pci 0000:00:01.3: [8086:7113] type 00 class 0x068000
[    0.721756] pci 0000:00:01.3: quirk: [io  0x0600-0x063f] claimed by PIIX4 ACPI
[    0.722366] pci 0000:00:01.3: quirk: [io  0x0700-0x070f] claimed by PIIX4 SMB
[    0.723169] pci 0000:00:02.0: [1234:1111] type 00 class 0x030000
[    0.724999] pci 0000:00:02.0: reg 0x10: [mem 0xfd000000-0xfdffffff pref]
[    0.726830] pci 0000:00:02.0: reg 0x18: [mem 0xfebf0000-0xfebf0fff]
[    0.730403] pci 0000:00:02.0: reg 0x30: [mem 0xfebe0000-0xfebeffff pref]
[    0.731393] pci 0000:00:02.0: Video device with shadowed ROM at [mem 0x000c0000-0x000dffff]
[    0.734321] pci 0000:00:03.0: [8086:100e] type 00 class 0x020000
[    0.735389] pci 0000:00:03.0: reg 0x10: [mem 0xfebc0000-0xfebdffff]
[    0.736379] pci 0000:00:03.0: reg 0x14: [io  0xc000-0xc03f]
[    0.739112] pci 0000:00:03.0: reg 0x30: [mem 0xfeb80000-0xfebbffff pref]
[    0.749881] ACPI: PCI: Interrupt link LNKA configured for IRQ 10
[    0.750708] ACPI: PCI: Interrupt link LNKB configured for IRQ 10
[    0.751556] ACPI: PCI: Interrupt link LNKC configured for IRQ 11
[    0.752571] ACPI: PCI: Interrupt link LNKD configured for IRQ 11
[    0.752856] ACPI: PCI: Interrupt link LNKS configured for IRQ 9
[    0.754355] iommu: Default domain type: Translated 
[    0.754770] iommu: DMA domain TLB invalidation policy: lazy mode 
[    0.755825] SCSI subsystem initialized
[    0.756292] ACPI: bus type USB registered
[    0.756673] usbcore: registered new interface driver usbfs
[    0.756740] usbcore: registered new interface driver hub
[    0.757216] usbcore: registered new device driver usb
[    0.757726] pps_core: LinuxPPS API ver. 1 registered
[    0.758153] pps_core: Software ver. 5.3.6 - Copyright 2005-2007 Rodolfo Giometti <giometti@linux.it>
[    0.758931] PTP clock support registered
[    0.759369] EDAC MC: Ver: 3.0.0
[    0.760470] NetLabel: Initializing
[    0.760711] NetLabel:  domain hash size = 128
[    0.761086] NetLabel:  protocols = UNLABELED CIPSOv4 CALIPSO
[    0.761608] NetLabel:  unlabeled traffic allowed by default
[    0.762254] PCI: Using ACPI for IRQ routing
[    0.762767] pci 0000:00:02.0: vgaarb: setting as boot VGA device
[    0.763264] pci 0000:00:02.0: vgaarb: bridge control possible
[    0.763738] pci 0000:00:02.0: vgaarb: VGA device added: decodes=io+mem,owns=io+mem,locks=none
[    0.764434] vgaarb: loaded
[    0.764951] hpet0: at MMIO 0xfed00000, IRQs 2, 8, 0
[    0.765395] hpet0: 3 comparators, 64-bit 100.000000 MHz counter
[    3.448334] clocksource: Switched to clocksource kvm-clock
[    3.556209] VFS: Disk quotas dquot_6.6.0
[    3.556661] VFS: Dquot-cache hash table entries: 512 (order 0, 4096 bytes)
[    3.557467] pnp: PnP ACPI init
[    3.559275] pnp: PnP ACPI: found 6 devices
[    3.570553] clocksource: acpi_pm: mask: 0xffffff max_cycles: 0xffffff, max_idle_ns: 2085701024 ns
[    3.571690] NET: Registered PF_INET protocol family
[    3.574647] IP idents hash table entries: 32768 (order: 6, 262144 bytes, linear)
[    3.578245] tcp_listen_portaddr_hash hash table entries: 1024 (order: 2, 16384 bytes, linear)
[    3.579066] Table-perturb hash table entries: 65536 (order: 6, 262144 bytes, linear)
[    3.579807] TCP established hash table entries: 16384 (order: 5, 131072 bytes, linear)
[    3.580738] TCP bind hash table entries: 16384 (order: 7, 524288 bytes, linear)
[    3.581855] TCP: Hash tables configured (established 16384 bind 16384)
[    3.582582] UDP hash table entries: 1024 (order: 3, 32768 bytes, linear)
[    3.583240] UDP-Lite hash table entries: 1024 (order: 3, 32768 bytes, linear)
[    3.584007] NET: Registered PF_UNIX/PF_LOCAL protocol family
[    3.585121] RPC: Registered named UNIX socket transport module.
[    3.585678] RPC: Registered udp transport module.
[    3.586111] RPC: Registered tcp transport module.
[    3.586549] RPC: Registered tcp NFSv4.1 backchannel transport module.
[    3.587165] pci_bus 0000:00: resource 4 [io  0x0000-0x0cf7 window]
[    3.587748] pci_bus 0000:00: resource 5 [io  0x0d00-0xffff window]
[    3.588315] pci_bus 0000:00: resource 6 [mem 0x000a0000-0x000bffff window]
[    3.588968] pci_bus 0000:00: resource 7 [mem 0x80000000-0xfebfffff window]
[    3.589609] pci_bus 0000:00: resource 8 [mem 0x100000000-0x17fffffff window]
[    3.590434] pci 0000:00:01.0: PIIX3: Enabling Passive Release
[    3.590983] pci 0000:00:00.0: Limiting direct PCI/PCI transfers
[    3.591639] PCI: CLS 0 bytes, default 64
[    3.592225] clocksource: tsc: mask: 0xffffffffffffffff max_cycles: 0x2cd5a8bb032, max_idle_ns: 440795365915 ns
[    3.596128] Initialise system trusted keyrings
[    3.596607] Key type blacklist registered
[    3.597183] workingset: timestamp_bits=36 max_order=19 bucket_order=0
[    3.603222] zbud: loaded
[    3.604566] squashfs: version 4.0 (2009/01/31) Phillip Lougher
[    3.606092] NFS: Registering the id_resolver key type
[    3.606571] Key type id_resolver registered
[    3.606965] Key type id_legacy registered
[    3.607415] nfs4filelayout_init: NFSv4 File Layout Driver Registering...
[    3.608029] nfs4flexfilelayout_init: NFSv4 Flexfile Layout Driver Registering...
[    3.608793] fuse: init (API version 7.37)
[    3.609453] SGI XFS with ACLs, security attributes, realtime, quota, no debug enabled
[    3.611917] 9p: Installing v9fs 9p2000 file system support
[    3.621283] Key type asymmetric registered
[    3.621674] Asymmetric key parser 'x509' registered
[    3.623004] alg: self-tests for CTR-KDF (hmac(sha256)) passed
[    3.623602] Block layer SCSI generic (bsg) driver version 0.4 loaded (major 243)
[    3.624364] io scheduler mq-deadline registered
[    3.624877] io scheduler bfq registered
[    3.625968] shpchp: Standard Hot Plug PCI Controller Driver version: 0.4
[    3.626777] IPMI message handler: version 39.2
[    3.627202] ipmi device interface
[    3.628550] input: Power Button as /devices/LNXSYSTM:00/LNXPWRBN:00/input/input0
[    3.629395] ACPI: button: Power Button [PWRF]
[    3.630497] ERST DBG: ERST support is disabled.
[    3.631373] Serial: 8250/16550 driver, 32 ports, IRQ sharing enabled
[    3.632378] 00:04: ttyS0 at I/O 0x3f8 (irq = 4, base_baud = 115200) is a 16550A
[    3.638715] Linux agpgart interface v0.103
[    3.639476] ACPI: bus type drm_connector registered
[    3.649699] brd: module loaded
[    3.655625] loop: module loaded
[    3.658974] scsi host0: ata_piix
[    3.659660] scsi host1: ata_piix
[    3.660072] ata1: PATA max MWDMA2 cmd 0x1f0 ctl 0x3f6 bmdma 0xc040 irq 14
[    3.660731] ata2: PATA max MWDMA2 cmd 0x170 ctl 0x376 bmdma 0xc048 irq 15
[    3.662492] tun: Universal TUN/TAP device driver, 1.6
[    3.663137] e100: Intel(R) PRO/100 Network Driver
[    3.663589] e100: Copyright(c) 1999-2006 Intel Corporation
[    3.664150] e1000: Intel(R) PRO/1000 Network Driver
[    3.664599] e1000: Copyright (c) 1999-2006 Intel Corporation.
[    3.756531] ACPI: \_SB_.LNKC: Enabled at IRQ 11
[    3.820891] ata2: found unknown device (class 0)
[    3.821600] ata1: found unknown device (class 0)
[    3.822401] ata2.00: ATAPI: QEMU DVD-ROM, 2.5+, max UDMA/100
[    3.823270] ata1.00: ATA-7: QEMU HARDDISK, 2.5+, max UDMA/100
[    3.823759] ata1.00: 16777216 sectors, multi 16: LBA48 
[    3.825141] scsi 0:0:0:0: Direct-Access     ATA      QEMU HARDDISK    2.5+ PQ: 0 ANSI: 5
[    3.826276] scsi 0:0:0:0: Attached scsi generic sg0 type 0
[    3.827113] sd 0:0:0:0: [sda] 16777216 512-byte logical blocks: (8.59 GB/8.00 GiB)
[    3.827786] sd 0:0:0:0: [sda] Write Protect is off
[    3.828225] sd 0:0:0:0: [sda] Write cache: enabled, read cache: enabled, doesn't support DPO or FUA
[    3.829037] sd 0:0:0:0: [sda] Preferred minimum I/O size 512 bytes
[    3.829758] scsi 1:0:0:0: CD-ROM            QEMU     QEMU DVD-ROM     2.5+ PQ: 0 ANSI: 5
[    3.857556] scsi 1:0:0:0: Attached scsi generic sg1 type 5
[    3.858663] sd 0:0:0:0: [sda] Attached SCSI disk
[    4.083584] e1000 0000:00:03.0 eth0: (PCI:33MHz:32-bit) 52:54:00:12:34:56
[    4.084159] e1000 0000:00:03.0 eth0: Intel(R) PRO/1000 Network Connection
[    4.084795] e1000e: Intel(R) PRO/1000 Network Driver
[    4.085201] e1000e: Copyright(c) 1999 - 2015 Intel Corporation.
[    4.085724] igb: Intel(R) Gigabit Ethernet Network Driver
[    4.086157] igb: Copyright (c) 2007-2014 Intel Corporation.
[    4.086670] PPP generic driver version 2.4.2
[    4.087413] VFIO - User Level meta-driver version: 0.3
[    4.088205] usbcore: registered new interface driver uas
[    4.088878] usbcore: registered new interface driver usb-storage
[    4.089698] i8042: PNP: PS/2 Controller [PNP0303:KBD,PNP0f13:MOU] at 0x60,0x64 irq 1,12
[    4.091456] serio: i8042 KBD port at 0x60,0x64 irq 1
[    4.092035] serio: i8042 AUX port at 0x60,0x64 irq 12
[    4.092917] mousedev: PS/2 mouse device common for all mice
[    4.093849] input: AT Translated Set 2 keyboard as /devices/platform/i8042/serio0/input/input1
[    4.094794] rtc_cmos 00:05: RTC can wake from S4
[    4.095718] input: VirtualPS/2 VMware VMMouse as /devices/platform/i8042/serio1/input/input4
[    4.097049] input: VirtualPS/2 VMware VMMouse as /devices/platform/i8042/serio1/input/input3
[    4.098079] rtc_cmos 00:05: registered as rtc0
[    4.098521] rtc_cmos 00:05: setting system clock to 2022-11-17T07:18:48 UTC (1668669528)
[    4.099292] rtc_cmos 00:05: alarms up to one day, y3k, 242 bytes nvram, hpet irqs
[    4.099973] i2c_dev: i2c /dev entries driver
[    4.100354] device-mapper: core: CONFIG_IMA_DISABLE_HTABLE is disabled. Duplicate IMA measurements will not be recorded in the IMA log.
[    4.101412] device-mapper: uevent: version 1.0.3
[    4.101992] device-mapper: ioctl: 4.47.0-ioctl (2022-07-28) initialised: dm-devel@redhat.com
[    4.102675] intel_pstate: CPU model not supported
[    4.103129] sdhci: Secure Digital Host Controller Interface driver
[    4.103672] sdhci: Copyright(c) Pierre Ossman
[    4.104112] sdhci-pltfm: SDHCI platform and OF driver helper
[    4.104628] ledtrig-cpu: registered to indicate activity on CPUs
[    4.105313] drop_monitor: Initializing network drop monitor service
[    4.106229] NET: Registered PF_INET6 protocol family
[    4.107745] Segment Routing with IPv6
[    4.108065] In-situ OAM (IOAM) with IPv6
[    4.108428] NET: Registered PF_PACKET protocol family
[    4.109072] 9pnet: Installing 9P2000 support
[    4.109466] Key type dns_resolver registered
[    4.110414] IPI shorthand broadcast: enabled
[    4.110813] sched_clock: Marking stable (4101240229, 8978579)->(4127224051, -17005243)
[    4.111805] registered taskstats version 1
[    4.112206] Loading compiled-in X.509 certificates
[    4.113469] zswap: loaded using pool lzo/zbud
[    4.114094] Key type .fscrypt registered
[    4.114422] Key type fscrypt-provisioning registered
[    4.115473] Key type encrypted registered
[    4.115829] ima: No TPM chip found, activating TPM-bypass!
[    4.116292] ima: Allocated hash algorithm: sha1
[    4.116682] ima: No architecture policies found
[    4.117089] evm: Initialising EVM extended attributes:
[    4.117494] evm: security.selinux
[    4.117758] evm: security.SMACK64
[    4.118042] evm: security.SMACK64EXEC
[    4.118347] evm: security.SMACK64TRANSMUTE
[    4.118676] evm: security.SMACK64MMAP
[    4.118978] evm: security.apparmor
[    4.119279] evm: security.ima
[    4.119550] evm: security.capability
[    4.119847] evm: HMAC attrs: 0x1
[    4.122721] PM:   Magic number: 14:320:319
[    4.123151] tty tty44: hash matches
[    4.123723] RAS: Correctable Errors collector initialized.
[    4.124492] md: Waiting for all devices to be available before autodetect
[    4.124896] md: If you don't use raid, use raid=noautodetect
[    4.125261] md: Autodetecting RAID arrays.
[    4.125608] md: autorun ...
[    4.125842] md: ... autorun DONE.
[    4.130034] EXT4-fs (sda): INFO: recovery required on readonly filesystem
[    4.130610] EXT4-fs (sda): write access will be enabled during recovery
[    4.225299] EXT4-fs (sda): recovery complete
[    4.231189] EXT4-fs (sda): mounted filesystem with ordered data mode. Quota mode: none.
[    4.231724] VFS: Mounted root (ext4 filesystem) readonly on device 8:0.
[    4.232665] devtmpfs: mounted
[    4.241194] Freeing unused decrypted memory: 2036K
[    4.242907] Freeing unused kernel image (initmem) memory: 3624K
[    4.243295] Write protecting the kernel read-only data: 40960k
[    4.245649] Freeing unused kernel image (text/rodata gap) memory: 2028K
[    4.246325] Freeing unused kernel image (rodata/data gap) memory: 664K
[    4.343983] x86/mm: Checked W+X mappings: passed, no W+X pages found.
[    4.344418] Run /sbin/init as init process
[    4.419502] systemd[1]: RTC configured in localtime, applying delta of 0 minutes to system time.
[    4.440145] systemd[1]: systemd 239 (239-49.el8) running in system mode. (+PAM +AUDIT +SELINUX +IMA -APPARMOR +SMACK +SYSVINIT +UTMP +LIBCRYPTSETUP +GCRYPT +GNUTLS +ACL +XZ +LZ4 +SECCOMP +BLKID +ELFUTILS +KMOD +IDN2 -IDN +PCRE2 default-hierarchy=legacy)
[    4.441638] systemd[1]: Detected virtualization kvm.
[    4.441968] systemd[1]: Detected architecture x86-64.

Welcome to [0;31mCentOS Stream 8[0m!

[    4.502618] systemd[1]: Set hostname to <test>.
[    5.548724] random: crng init done
[    8.145853] systemd[1]: Listening on Journal Socket.
[[0;32m  OK  [0m] Listening on Journal Socket.
[    8.147279] systemd[1]: Set up automount Arbitrary Executable File Formats File System Automount Point.
[[0;32m  OK  [0m] Set up automount Arbitrary Executabâ€¦rmats File System Automount Point.
[    8.148855] systemd[1]: Listening on udev Control Socket.
[[0;32m  OK  [0m] Listening on udev Control Socket.
[    8.176923] systemd[1]: Mounting POSIX Message Queue File System...
         Mounting POSIX Message Queue File System...
[    8.179996] systemd[1]: Mounting Huge Pages File System...
         Mounting Huge Pages File System...
[    8.180997] systemd[1]: Listening on Device-mapper event daemon FIFOs.
[[0;32m  OK  [0m] Listening on Device-mapper event daemon FIFOs.
[[0;32m  OK  [0m] Listening on Process Core Dump Socket.
[[0;32m  OK  [0m] Listening on RPCbind Server Activation Socket.
         Starting Setup Virtual Console...
[[0;32m  OK  [0m] Started Forward Password Requests to Wall Directory Watch.
[[0;32m  OK  [0m] Created slice system-serial\x2dgetty.slice.
         Mounting Kernel Debug File System...
[[0;32m  OK  [0m] Listening on udev Kernel Socket.
         Starting udev Coldplug all Devices...
         Starting Load Kernel Modules...
[[0;32m  OK  [0m] Created slice system-sshd\x2dkeygen.slice.
[[0;32m  OK  [0m] Created slice User and Session Slice.
         Starting Remount Root and Kernel File Systems...
[[0;32m  OK  [0m] Reached target RPC Port Mapper.
[[0;32m  OK  [0m] Listening on Journal Socket (/dev/log).
         Starting Journal Service...
[[0;32m  OK  [0m] Created slice system-getty.slice.
[[0;32m  OK  [0m] Listening on LVM2 poll daemon socket.
[[0;32m  OK  [0m] Listening on multipathd control socket.
[[0;32m  OK  [0m] Reached target Swap.
[[0;32m  OK  [0m] Reached target Slices.
         Starting Monitoring of LVM2 mirrorsâ€¦ng dmeventd or progress polling...
[[0;32m  OK  [0m] Listening on initctl Compatibility Named Pipe.
[    8.404643] EXT4-fs (sda): re-mounted. Quota mode: none.
[[0;32m  OK  [0m] Mounted POSIX Message Queue File System.
[[0;32m  OK  [0m] Started Journal Service.
[[0;32m  OK  [0m] Mounted Huge Pages File System.
[[0;32m  OK  [0m] Mounted Kernel Debug File System.
[[0;32m  OK  [0m] Started Setup Virtual Console.
[[0;1;31mFAILED[0m] Failed to start Load Kernel Modules.
See 'systemctl status systemd-modules-load.service' for details.
[[0;32m  OK  [0m] Started Remount Root and Kernel File Systems.
         Starting Load/Save Random Seed...
         Starting Create Static Device Nodes in /dev...
         Mounting FUSE Control File System...
         Starting Apply Kernel Variables...
         Mounting Kernel Configuration File System...
         Starting Flush Journal to Persistent Storage...
[[0;32m  OK  [0m] Started Load/Save Random Seed.
[[0;32m  OK  [0m] Mounted FUSE Control File System.
[[0;32m  OK  [0m] Started Create Static Device Nodes in /dev.
[[0;32m  OK  [0m] Started Apply Kernel Variables.
[[0;32m  OK  [0m] Mounted Kernel Configuration File System.
         Starting udev Kernel Device Manager...
[[0;32m  OK  [0m] Started Flush Journal to Persistent Storage.
[[0;32m  OK  [0m] Started udev Coldplug all Devices.
         Starting udev Wait for Complete Device Initialization...
[[0;32m  OK  [0m] Started udev Kernel Device Manager.
         Starting Show Plymouth Boot Screen...
[[0;32m  OK  [0m] Started Show Plymouth Boot Screen.
[[0;32m  OK  [0m] Reached target Paths.
[[0;32m  OK  [0m] Reached target Local Encrypted Volumes.
[[0;32m  OK  [0m] Started Forward Password Requests to Plymouth Directory Watch.
[[0;32m  OK  [0m] Found device /dev/ttyS0.
[[0;32m  OK  [0m] Started Monitoring of LVM2 mirrors,â€¦sing dmeventd or progress polling.
[[0;32m  OK  [0m] Listening on Load/Save RF Kill Switch Status /dev/rfkill Watch.
[[0;32m  OK  [0m] Started udev Wait for Complete Device Initialization.
[[0;32m  OK  [0m] Reached target Local File Systems (Pre).
[[0;32m  OK  [0m] Reached target Local File Systems.
         Starting Restore /run/initramfs on shutdown...
         Starting Create Volatile Files and Directories...
         Starting Tell Plymouth To Write Out Runtime Data...
[[0;32m  OK  [0m] Started Restore /run/initramfs on shutdown.
[[0;32m  OK  [0m] Started Tell Plymouth To Write Out Runtime Data.
[[0;32m  OK  [0m] Started Create Volatile Files and Directories.
         Mounting RPC Pipe File System...
         Starting RPC Bind...
         Starting Security Auditing Service...
[[0;32m  OK  [0m] Mounted RPC Pipe File System.
[[0;32m  OK  [0m] Reached target rpc_pipefs.target.
[[0;32m  OK  [0m] Started RPC Bind.
[[0;32m  OK  [0m] Started Security Auditing Service.
         Starting Update UTMP about System Boot/Shutdown...
[[0;32m  OK  [0m] Started Update UTMP about System Boot/Shutdown.
[[0;32m  OK  [0m] Reached target System Initialization.
[[0;32m  OK  [0m] Listening on D-Bus System Message Bus Socket.
[[0;32m  OK  [0m] Started daily update of the root trust anchor for DNSSEC.
[[0;32m  OK  [0m] Started dnf makecache --timer.
[[0;32m  OK  [0m] Started Daily Cleanup of Temporary Directories.
[[0;32m  OK  [0m] Reached target Timers.
[[0;32m  OK  [0m] Listening on SSSD Kerberos Cache Manager responder socket.
[[0;32m  OK  [0m] Reached target Sockets.
[[0;32m  OK  [0m] Reached target Basic System.
[[0;32m  OK  [0m] Started D-Bus System Message Bus.
         Starting Authorization Manager...
         Starting Auto-connect to subsystemsâ€¦-NVME devices found during boot...
         Starting Self Monitoring and Reporting Technology (SMART) Daemon...
         Starting Login Service...
         Starting NTP client/server...
[[0;32m  OK  [0m] Started irqbalance daemon.
[[0;32m  OK  [0m] Started Machine Check Exception Logging Daemon.
[[0;32m  OK  [0m] Reached target sshd-keygen.target.
         Starting Network Manager...
[[0;32m  OK  [0m] Started Auto-connect to subsystems â€¦FC-NVME devices found during boot.
[[0;32m  OK  [0m] Started Self Monitoring and Reporting Technology (SMART) Daemon.
[[0;32m  OK  [0m] Started Login Service.
[[0;32m  OK  [0m] Started NTP client/server.
[[0;32m  OK  [0m] Started Network Manager.
         Starting Network Manager Wait Online...
[[0;32m  OK  [0m] Reached target Network.
         Starting GSSAPI Proxy Daemon...
         Starting OpenSSH server daemon...
         Starting Dynamic System Tuning Daemon...
[[0;32m  OK  [0m] Started Authorization Manager.
         Starting Hostname Service...
[[0;32m  OK  [0m] Started OpenSSH server daemon.
[[0;32m  OK  [0m] Started GSSAPI Proxy Daemon.
[[0;32m  OK  [0m] Reached target NFS client services.
[[0;32m  OK  [0m] Reached target Remote File Systems (Pre).
[[0;32m  OK  [0m] Reached target Remote File Systems.
         Starting Permit User Sessions...
[[0;32m  OK  [0m] Started Permit User Sessions.
         Starting Hold until boot process finishes up...
[[0;32m  OK  [0m] Started Command Scheduler.
         Starting Terminate Plymouth Boot Screen...
[    9.972849] e1000: eth0 NIC Link is Up 1000 Mbps Full Duplex, Flow Control: RX
[    9.973654] IPv6: ADDRCONF(NETDEV_CHANGE): eth0: link becomes ready
[   10.189144] Spectre V2 : WARNING: Unprivileged eBPF is enabled with eIBRS on, data leaks possible via Spectre v2 BHB attacks!
[   10.190117] Spectre V2 : WARNING: Unprivileged eBPF is enabled with eIBRS on, data leaks possible via Spectre v2 BHB attacks!

CentOS Stream 8
Kernel 6.1.0-rc4-f0c4d9fc9cc9-4a6f278d4827-revert+ on an x86_64

test login: 