c[?7l[2J[0mSeaBIOS (version rel-1.16.0-0-gd239552ce722-prebuilt.qemu.org)


iPXE (http://ipxe.org) 00:03.0 CA00 PCI2.10 PnP PMM+7FF91000+7FEF1000 CA00
Press Ctrl-B to configure iPXE (PCI 00:03.0)...                                                                               


Booting from ROM..c[?7l[2J[    0.000000] Linux version 6.1.0-rc3-fde25beb382b+ (root@p-tglh01.sh.intel.com) (gcc (GCC) 8.5.0 20210514 (Red Hat 8.5.0-17), GNU ld version 2.36.1-2.el8) #1 SMP PREEMPT_DYNAMIC Thu Nov 17 10:09:31 CST 2022
[    0.000000] Command line: console=ttyS0 root=/dev/sda earlyprintk=serial net.ifnames=0
[    0.000000] KERNEL supported cpus:
[    0.000000]   Intel GenuineIntel
[    0.000000]   AMD AuthenticAMD
[    0.000000]   Hygon HygonGenuine
[    0.000000]   Centaur CentaurHauls
[    0.000000]   zhaoxin   Shanghai  
[    0.000000] x86/fpu: Supporting XSAVE feature 0x001: 'x87 floating point registers'
[    0.000000] x86/fpu: Supporting XSAVE feature 0x002: 'SSE registers'
[    0.000000] x86/fpu: Supporting XSAVE feature 0x004: 'AVX registers'
[    0.000000] x86/fpu: Supporting XSAVE feature 0x020: 'AVX-512 opmask'
[    0.000000] x86/fpu: Supporting XSAVE feature 0x040: 'AVX-512 Hi256'
[    0.000000] x86/fpu: Supporting XSAVE feature 0x080: 'AVX-512 ZMM_Hi256'
[    0.000000] x86/fpu: Supporting XSAVE feature 0x200: 'Protection Keys User registers'
[    0.000000] x86/fpu: xstate_offset[2]:  576, xstate_sizes[2]:  256
[    0.000000] x86/fpu: xstate_offset[5]:  832, xstate_sizes[5]:   64
[    0.000000] x86/fpu: xstate_offset[6]:  896, xstate_sizes[6]:  512
[    0.000000] x86/fpu: xstate_offset[7]: 1408, xstate_sizes[7]: 1024
[    0.000000] x86/fpu: xstate_offset[9]: 2432, xstate_sizes[9]:    8
[    0.000000] x86/fpu: Enabled xstate features 0x2e7, context size is 2440 bytes, using 'compacted' format.
[    0.000000] signal: max sigframe size: 3632
[    0.000000] BIOS-provided physical RAM map:
[    0.000000] BIOS-e820: [mem 0x0000000000000000-0x000000000009fbff] usable
[    0.000000] BIOS-e820: [mem 0x000000000009fc00-0x000000000009ffff] reserved
[    0.000000] BIOS-e820: [mem 0x00000000000f0000-0x00000000000fffff] reserved
[    0.000000] BIOS-e820: [mem 0x0000000000100000-0x000000007ffdffff] usable
[    0.000000] BIOS-e820: [mem 0x000000007ffe0000-0x000000007fffffff] reserved
[    0.000000] BIOS-e820: [mem 0x00000000feffc000-0x00000000feffffff] reserved
[    0.000000] BIOS-e820: [mem 0x00000000fffc0000-0x00000000ffffffff] reserved
[    0.000000] printk: bootconsole [earlyser0] enabled
[    0.000000] NX (Execute Disable) protection: active
[    0.000000] SMBIOS 2.8 present.
[    0.000000] DMI: QEMU Standard PC (i440FX + PIIX, 1996), BIOS rel-1.16.0-0-gd239552ce722-prebuilt.qemu.org 04/01/2014
[    0.000000] Hypervisor detected: KVM
[    0.000000] kvm-clock: Using msrs 4b564d01 and 4b564d00
[    0.000003] kvm-clock: using sched offset of 363628275 cycles
[    0.000543] clocksource: kvm-clock: mask: 0xffffffffffffffff max_cycles: 0x1cd42e4dffb, max_idle_ns: 881590591483 ns
[    0.002208] tsc: Detected 3110.400 MHz processor
[    0.009865] last_pfn = 0x7ffe0 max_arch_pfn = 0x400000000
[    0.010482] x86/PAT: Configuration [0-7]: WB  WC  UC- UC  WB  WP  UC- WT  
[    0.020264] found SMP MP-table at [mem 0x000f5ba0-0x000f5baf]
[    0.020997] Using GB pages for direct mapping
[    0.022631] ACPI: Early table checksum verification disabled
[    0.023252] ACPI: RSDP 0x00000000000F59C0 000014 (v00 BOCHS )
[    0.023883] ACPI: RSDT 0x000000007FFE1951 000034 (v01 BOCHS  BXPC     00000001 BXPC 00000001)
[    0.024776] ACPI: FACP 0x000000007FFE17FD 000074 (v01 BOCHS  BXPC     00000001 BXPC 00000001)
[    0.025680] ACPI: DSDT 0x000000007FFE0040 0017BD (v01 BOCHS  BXPC     00000001 BXPC 00000001)
[    0.026591] ACPI: FACS 0x000000007FFE0000 000040
[    0.027081] ACPI: APIC 0x000000007FFE1871 000080 (v01 BOCHS  BXPC     00000001 BXPC 00000001)
[    0.027973] ACPI: HPET 0x000000007FFE18F1 000038 (v01 BOCHS  BXPC     00000001 BXPC 00000001)
[    0.028882] ACPI: WAET 0x000000007FFE1929 000028 (v01 BOCHS  BXPC     00000001 BXPC 00000001)
[    0.029806] ACPI: Reserving FACP table memory at [mem 0x7ffe17fd-0x7ffe1870]
[    0.030569] ACPI: Reserving DSDT table memory at [mem 0x7ffe0040-0x7ffe17fc]
[    0.031311] ACPI: Reserving FACS table memory at [mem 0x7ffe0000-0x7ffe003f]
[    0.032036] ACPI: Reserving APIC table memory at [mem 0x7ffe1871-0x7ffe18f0]
[    0.032764] ACPI: Reserving HPET table memory at [mem 0x7ffe18f1-0x7ffe1928]
[    0.033489] ACPI: Reserving WAET table memory at [mem 0x7ffe1929-0x7ffe1950]
[    0.035223] No NUMA configuration found
[    0.035639] Faking a node at [mem 0x0000000000000000-0x000000007ffdffff]
[    0.036432] NODE_DATA(0) allocated [mem 0x7ffb5000-0x7ffdffff]
[    0.040371] Zone ranges:
[    0.040653]   DMA      [mem 0x0000000000001000-0x0000000000ffffff]
[    0.041304]   DMA32    [mem 0x0000000001000000-0x000000007ffdffff]
[    0.041961]   Normal   empty
[    0.042262]   Device   empty
[    0.042566] Movable zone start for each node
[    0.043016] Early memory node ranges
[    0.043385]   node   0: [mem 0x0000000000001000-0x000000000009efff]
[    0.044031]   node   0: [mem 0x0000000000100000-0x000000007ffdffff]
[    0.044687] Initmem setup node 0 [mem 0x0000000000001000-0x000000007ffdffff]
[    0.046088] On node 0, zone DMA: 1 pages in unavailable ranges
[    0.046259] On node 0, zone DMA: 97 pages in unavailable ranges
[    0.154099] On node 0, zone DMA32: 32 pages in unavailable ranges
[    0.155019] ACPI: PM-Timer IO Port: 0x608
[    0.156102] ACPI: LAPIC_NMI (acpi_id[0xff] dfl dfl lint[0x1])
[    0.156754] IOAPIC[0]: apic_id 0, version 17, address 0xfec00000, GSI 0-23
[    0.157482] ACPI: INT_SRC_OVR (bus 0 bus_irq 0 global_irq 2 dfl dfl)
[    0.158155] ACPI: INT_SRC_OVR (bus 0 bus_irq 5 global_irq 5 high level)
[    0.158864] ACPI: INT_SRC_OVR (bus 0 bus_irq 9 global_irq 9 high level)
[    0.159575] ACPI: INT_SRC_OVR (bus 0 bus_irq 10 global_irq 10 high level)
[    0.160292] ACPI: INT_SRC_OVR (bus 0 bus_irq 11 global_irq 11 high level)
[    0.161047] ACPI: Using ACPI (MADT) for SMP configuration information
[    0.161724] ACPI: HPET id: 0x8086a201 base: 0xfed00000
[    0.162278] TSC deadline timer available
[    0.162707] smpboot: Allowing 2 CPUs, 0 hotplug CPUs
[    0.163288] kvm-guest: KVM setup pv remote TLB flush
[    0.163810] kvm-guest: setup PV sched yield
[    0.164327] PM: hibernation: Registered nosave memory: [mem 0x00000000-0x00000fff]
[    0.165162] PM: hibernation: Registered nosave memory: [mem 0x0009f000-0x0009ffff]
[    0.165970] PM: hibernation: Registered nosave memory: [mem 0x000a0000-0x000effff]
[    0.166780] PM: hibernation: Registered nosave memory: [mem 0x000f0000-0x000fffff]
[    0.167596] [mem 0x80000000-0xfeffbfff] available for PCI devices
[    0.168227] Booting paravirtualized kernel on KVM
[    0.168735] clocksource: refined-jiffies: mask: 0xffffffff max_cycles: 0xffffffff, max_idle_ns: 7645519600211568 ns
[    0.169881] setup_percpu: NR_CPUS:8192 nr_cpumask_bits:2 nr_cpu_ids:2 nr_node_ids:1
[    0.171046] percpu: Embedded 62 pages/cpu s217088 r8192 d28672 u1048576
[    0.171987] kvm-guest: PV spinlocks enabled
[    0.172450] PV qspinlock hash table entries: 256 (order: 0, 4096 bytes, linear)
[    0.173257] Fallback order for Node 0: 0 
[    0.173686] Built 1 zonelists, mobility grouping on.  Total pages: 515808
[    0.174393] Policy zone: DMA32
[    0.174720] Kernel command line: net.ifnames=0 console=ttyS0 root=/dev/sda earlyprintk=serial net.ifnames=0
[    0.176513] Dentry cache hash table entries: 262144 (order: 9, 2097152 bytes, linear)
[    0.177467] Inode-cache hash table entries: 131072 (order: 8, 1048576 bytes, linear)
[    0.178422] mem auto-init: stack:off, heap alloc:off, heap free:off
[    0.182635] Memory: 1999736K/2096632K available (30736K kernel code, 4079K rwdata, 7524K rodata, 3624K init, 10528K bss, 96640K reserved, 0K cma-reserved)
[    0.185201] SLUB: HWalign=64, Order=0-3, MinObjects=0, CPUs=2, Nodes=1
[    0.185877] kmemleak: Kernel memory leak detector disabled
[    0.186493] ftrace: allocating 66325 entries in 260 pages
[    0.215284] ftrace: allocated 260 pages with 2 groups
[    0.217524] Dynamic Preempt: voluntary
[    0.218006] rcu: Preemptible hierarchical RCU implementation.
[    0.218599] rcu: 	RCU restricting CPUs from NR_CPUS=8192 to nr_cpu_ids=2.
[    0.219282] 	Trampoline variant of Tasks RCU enabled.
[    0.219812] 	Rude variant of Tasks RCU enabled.
[    0.220294] 	Tracing variant of Tasks RCU enabled.
[    0.220800] rcu: RCU calculated value of scheduler-enlistment delay is 25 jiffies.
[    0.221575] rcu: Adjusting geometry for rcu_fanout_leaf=16, nr_cpu_ids=2
[    0.249151] NR_IRQS: 524544, nr_irqs: 440, preallocated irqs: 16
[    0.250085] rcu: srcu_init: Setting srcu_struct sizes based on contention.
[    0.258307] Console: colour VGA+ 80x25
[    0.258781] printk: console [ttyS0] enabled
[    0.258781] printk: console [ttyS0] enabled
[    0.259697] printk: bootconsole [earlyser0] disabled
[    0.259697] printk: bootconsole [earlyser0] disabled
[    0.260810] ACPI: Core revision 20220331
[    0.261511] clocksource: hpet: mask: 0xffffffff max_cycles: 0xffffffff, max_idle_ns: 19112604467 ns
[    0.262600] APIC: Switch to symmetric I/O mode setup
[    0.263314] x2apic enabled
[    0.263804] Switched APIC routing to physical x2apic.
[    0.264352] kvm-guest: setup PV IPIs
[    0.265619] ..TIMER: vector=0x30 apic1=0 pin1=2 apic2=-1 pin2=-1
[    0.266291] clocksource: tsc-early: mask: 0xffffffffffffffff max_cycles: 0x2cd5a8bb032, max_idle_ns: 440795365915 ns
[    0.267517] Calibrating delay loop (skipped) preset value.. 6220.80 BogoMIPS (lpj=12441600)
[    0.268421] pid_max: default: 32768 minimum: 301
[    0.269103] LSM: Security Framework initializing
[    0.269619] Yama: becoming mindful.
[    0.270197] Mount-cache hash table entries: 4096 (order: 3, 32768 bytes, linear)
[    0.271514] Mountpoint-cache hash table entries: 4096 (order: 3, 32768 bytes, linear)
[    0.274743] x86/cpu: User Mode Instruction Prevention (UMIP) activated
[    0.275793] Last level iTLB entries: 4KB 0, 2MB 0, 4MB 0
[    0.276418] Last level dTLB entries: 4KB 0, 2MB 0, 4MB 0, 1GB 0
[    0.277116] Spectre V1 : Mitigation: usercopy/swapgs barriers and __user pointer sanitization
[    0.278024] Spectre V2 : WARNING: Unprivileged eBPF is enabled with eIBRS on, data leaks possible via Spectre v2 BHB attacks!
[    0.279519] Spectre V2 : Mitigation: Enhanced IBRS
[    0.280006] Spectre V2 : Spectre v2 / SpectreRSB mitigation: Filling RSB on context switch
[    0.280832] Spectre V2 : Spectre v2 / PBRSB-eIBRS: Retire a single CALL on VMEXIT
[    0.281593] Spectre V2 : mitigation: Enabling conditional Indirect Branch Prediction Barrier
[    0.282456] Speculative Store Bypass: Mitigation: Speculative Store Bypass disabled via prctl
[    0.390263] Freeing SMP alternatives memory: 56K
[    0.391001] smpboot: CPU0: Genuine Intel(R) CPU 0000 @ 2.20GHz (family: 0x6, model: 0x8d, stepping: 0x0)
[    0.391508] cblist_init_generic: Setting adjustable number of callback queues.
[    0.391508] cblist_init_generic: Setting shift to 1 and lim to 1.
[    0.391508] cblist_init_generic: Setting shift to 1 and lim to 1.
[    0.391508] cblist_init_generic: Setting shift to 1 and lim to 1.
[    0.391508] Performance Events: Icelake events, full-width counters, Intel PMU driver.
[    0.392343] ... version:                2
[    0.392754] ... bit width:              48
[    0.393172] ... generic registers:      8
[    0.393584] ... value mask:             0000ffffffffffff
[    0.394145] ... max period:             00007fffffffffff
[    0.394685] ... fixed-purpose events:   3
[    0.395093] ... event mask:             00000007000000ff
[    0.395736] rcu: Hierarchical SRCU implementation.
[    0.396236] rcu: 	Max phase no-delay instances is 1000.
[    0.399039] smp: Bringing up secondary CPUs ...
[    0.399696] x86: Booting SMP configuration:
[    0.400128] .... node  #0, CPUs:      #1
[    0.400508] smp: Brought up 1 node, 2 CPUs
[    0.400508] smpboot: Max logical packages: 1
[    0.400790] smpboot: Total of 2 processors activated (12441.60 BogoMIPS)
[    0.405120] devtmpfs: initialized
[    0.405120] x86/mm: Memory block size: 128MB
[    0.407716] clocksource: jiffies: mask: 0xffffffff max_cycles: 0xffffffff, max_idle_ns: 7645041785100000 ns
[    0.408737] futex hash table entries: 512 (order: 3, 32768 bytes, linear)
[    0.409544] pinctrl core: initialized pinctrl subsystem
[    0.410319] 
[    0.410486] *************************************************************
[    0.411177] **     NOTICE NOTICE NOTICE NOTICE NOTICE NOTICE NOTICE    **
[    0.411514] **                                                         **
[    0.412219] **  IOMMU DebugFS SUPPORT HAS BEEN ENABLED IN THIS KERNEL  **
[    0.412905] **                                                         **
[    0.413592] ** This means that this kernel is built to expose internal **
[    0.414282] ** IOMMU data structures, which may compromise security on **
[    0.414970] ** your system.                                            **
[    0.415511] **                                                         **
[    0.416194] ** If you see this message and you are not debugging the   **
[    0.416892] ** kernel, report this immediately to your vendor!         **
[    0.417594] **                                                         **
[    0.418288] **     NOTICE NOTICE NOTICE NOTICE NOTICE NOTICE NOTICE    **
[    0.418972] *************************************************************
[    0.419557] PM: RTC time: 02:10:12, date: 2022-11-17
[    0.422490] NET: Registered PF_NETLINK/PF_ROUTE protocol family
[    0.423568] DMA: preallocated 256 KiB GFP_KERNEL pool for atomic allocations
[    0.424356] DMA: preallocated 256 KiB GFP_KERNEL|GFP_DMA pool for atomic allocations
[    0.425197] DMA: preallocated 256 KiB GFP_KERNEL|GFP_DMA32 pool for atomic allocations
[    0.426084] audit: initializing netlink subsys (disabled)
[    0.426674] audit: type=2000 audit(1668651013.171:1): state=initialized audit_enabled=0 res=1
[    0.426674] thermal_sys: Registered thermal governor 'fair_share'
[    0.426674] thermal_sys: Registered thermal governor 'bang_bang'
[    0.427513] thermal_sys: Registered thermal governor 'step_wise'
[    0.428020] thermal_sys: Registered thermal governor 'user_space'
[    0.428570] cpuidle: using governor ladder
[    0.428650] cpuidle: using governor menu
[    0.429367] acpiphp: ACPI Hot Plug PCI Controller Driver version: 0.5
[    0.431776] PCI: Using configuration type 1 for base access
[    0.441210] kprobes: kprobe jump-optimization is enabled. All kprobes are optimized if possible.
[    0.442185] HugeTLB: registered 1.00 GiB page size, pre-allocated 0 pages
[    0.442185] HugeTLB: 16380 KiB vmemmap can be freed for a 1.00 GiB page
[    0.442185] HugeTLB: registered 2.00 MiB page size, pre-allocated 0 pages
[    0.443514] HugeTLB: 28 KiB vmemmap can be freed for a 2.00 MiB page
[    0.663754] ACPI: Added _OSI(Module Device)
[    0.664258] ACPI: Added _OSI(Processor Device)
[    0.664762] ACPI: Added _OSI(3.0 _SCP Extensions)
[    0.665289] ACPI: Added _OSI(Processor Aggregator Device)
[    0.670339] ACPI: 1 ACPI AML tables successfully acquired and loaded
[    0.673597] ACPI: Interpreter enabled
[    0.674125] ACPI: PM: (supports S0 S3 S4 S5)
[    0.674622] ACPI: Using IOAPIC for interrupt routing
[    0.675239] PCI: Using host bridge windows from ACPI; if necessary, use "pci=nocrs" and report a bug
[    0.675513] PCI: Using E820 reservations for host bridge windows
[    0.676752] ACPI: Enabled 2 GPEs in block 00 to 0F
[    0.689165] ACPI: PCI Root Bridge [PCI0] (domain 0000 [bus 00-ff])
[    0.689900] acpi PNP0A03:00: _OSC: OS supports [ASPM ClockPM Segments MSI EDR HPX-Type3]
[    0.690809] acpi PNP0A03:00: _OSC: not requesting OS control; OS requires [ExtendedConfig ASPM ClockPM MSI]
[    0.691548] acpi PNP0A03:00: fail to add MMCONFIG information, can't access extended PCI configuration space under this bridge.
[    0.694132] acpiphp: Slot [3] registered
[    0.694556] acpiphp: Slot [4] registered
[    0.694977] acpiphp: Slot [5] registered
[    0.695400] acpiphp: Slot [6] registered
[    0.695567] acpiphp: Slot [7] registered
[    0.695984] acpiphp: Slot [8] registered
[    0.696402] acpiphp: Slot [9] registered
[    0.696827] acpiphp: Slot [10] registered
[    0.697253] acpiphp: Slot [11] registered
[    0.697678] acpiphp: Slot [12] registered
[    0.698105] acpiphp: Slot [13] registered
[    0.698537] acpiphp: Slot [14] registered
[    0.698978] acpiphp: Slot [15] registered
[    0.699409] acpiphp: Slot [16] registered
[    0.699566] acpiphp: Slot [17] registered
[    0.699991] acpiphp: Slot [18] registered
[    0.700435] acpiphp: Slot [19] registered
[    0.700861] acpiphp: Slot [20] registered
[    0.701296] acpiphp: Slot [21] registered
[    0.701720] acpiphp: Slot [22] registered
[    0.702148] acpiphp: Slot [23] registered
[    0.702572] acpiphp: Slot [24] registered
[    0.702997] acpiphp: Slot [25] registered
[    0.703421] acpiphp: Slot [26] registered
[    0.703565] acpiphp: Slot [27] registered
[    0.703999] acpiphp: Slot [28] registered
[    0.704431] acpiphp: Slot [29] registered
[    0.704857] acpiphp: Slot [30] registered
[    0.705279] acpiphp: Slot [31] registered
[    0.705670] PCI host bridge to bus 0000:00
[    0.706050] pci_bus 0000:00: root bus resource [io  0x0000-0x0cf7 window]
[    0.706675] pci_bus 0000:00: root bus resource [io  0x0d00-0xffff window]
[    0.707295] pci_bus 0000:00: root bus resource [mem 0x000a0000-0x000bffff window]
[    0.707513] pci_bus 0000:00: root bus resource [mem 0x80000000-0xfebfffff window]
[    0.708177] pci_bus 0000:00: root bus resource [mem 0x100000000-0x17fffffff window]
[    0.708854] pci_bus 0000:00: root bus resource [bus 00-ff]
[    0.709410] pci 0000:00:00.0: [8086:1237] type 00 class 0x060000
[    0.712334] pci 0000:00:01.0: [8086:7000] type 00 class 0x060100
[    0.713468] pci 0000:00:01.1: [8086:7010] type 00 class 0x010180
[    0.715518] pci 0000:00:01.1: reg 0x20: [io  0xc040-0xc04f]
[    0.716719] pci 0000:00:01.1: legacy IDE quirk: reg 0x10: [io  0x01f0-0x01f7]
[    0.717356] pci 0000:00:01.1: legacy IDE quirk: reg 0x14: [io  0x03f6]
[    0.717958] pci 0000:00:01.1: legacy IDE quirk: reg 0x18: [io  0x0170-0x0177]
[    0.718601] pci 0000:00:01.1: legacy IDE quirk: reg 0x1c: [io  0x0376]
[    0.719428] pci 0000:00:01.3: [8086:7113] type 00 class 0x068000
[    0.720058] pci 0000:00:01.3: quirk: [io  0x0600-0x063f] claimed by PIIX4 ACPI
[    0.720708] pci 0000:00:01.3: quirk: [io  0x0700-0x070f] claimed by PIIX4 SMB
[    0.721593] pci 0000:00:02.0: [1234:1111] type 00 class 0x030000
[    0.723841] pci 0000:00:02.0: reg 0x10: [mem 0xfd000000-0xfdffffff pref]
[    0.726081] pci 0000:00:02.0: reg 0x18: [mem 0xfebf0000-0xfebf0fff]
[    0.730062] pci 0000:00:02.0: reg 0x30: [mem 0xfebe0000-0xfebeffff pref]
[    0.730909] pci 0000:00:02.0: Video device with shadowed ROM at [mem 0x000c0000-0x000dffff]
[    0.734004] pci 0000:00:03.0: [8086:100e] type 00 class 0x020000
[    0.735121] pci 0000:00:03.0: reg 0x10: [mem 0xfebc0000-0xfebdffff]
[    0.736024] pci 0000:00:03.0: reg 0x14: [io  0xc000-0xc03f]
[    0.739251] pci 0000:00:03.0: reg 0x30: [mem 0xfeb80000-0xfebbffff pref]
[    0.750225] ACPI: PCI: Interrupt link LNKA configured for IRQ 10
[    0.751094] ACPI: PCI: Interrupt link LNKB configured for IRQ 10
[    0.751826] ACPI: PCI: Interrupt link LNKC configured for IRQ 11
[    0.752671] ACPI: PCI: Interrupt link LNKD configured for IRQ 11
[    0.753362] ACPI: PCI: Interrupt link LNKS configured for IRQ 9
[    0.754872] iommu: Default domain type: Translated 
[    0.755324] iommu: DMA domain TLB invalidation policy: lazy mode 
[    0.756198] SCSI subsystem initialized
[    0.756737] ACPI: bus type USB registered
[    0.757141] usbcore: registered new interface driver usbfs
[    0.757647] usbcore: registered new interface driver hub
[    0.758134] usbcore: registered new device driver usb
[    0.758673] pps_core: LinuxPPS API ver. 1 registered
[    0.759133] pps_core: Software ver. 5.3.6 - Copyright 2005-2007 Rodolfo Giometti <giometti@linux.it>
[    0.759520] PTP clock support registered
[    0.759980] EDAC MC: Ver: 3.0.0
[    0.761200] NetLabel: Initializing
[    0.761513] NetLabel:  domain hash size = 128
[    0.761901] NetLabel:  protocols = UNLABELED CIPSOv4 CALIPSO
[    0.762461] NetLabel:  unlabeled traffic allowed by default
[    0.763123] PCI: Using ACPI for IRQ routing
[    0.763691] pci 0000:00:02.0: vgaarb: setting as boot VGA device
[    0.764229] pci 0000:00:02.0: vgaarb: bridge control possible
[    0.764736] pci 0000:00:02.0: vgaarb: VGA device added: decodes=io+mem,owns=io+mem,locks=none
[    0.765482] vgaarb: loaded
[    0.766197] hpet0: at MMIO 0xfed00000, IRQs 2, 8, 0
[    0.766660] hpet0: 3 comparators, 64-bit 100.000000 MHz counter
[    3.415034] clocksource: Switched to clocksource kvm-clock
[    3.505160] VFS: Disk quotas dquot_6.6.0
[    3.505548] VFS: Dquot-cache hash table entries: 512 (order 0, 4096 bytes)
[    3.506250] pnp: PnP ACPI init
[    3.507871] pnp: PnP ACPI: found 6 devices
[    3.517181] clocksource: acpi_pm: mask: 0xffffff max_cycles: 0xffffff, max_idle_ns: 2085701024 ns
[    3.518210] NET: Registered PF_INET protocol family
[    3.518906] IP idents hash table entries: 32768 (order: 6, 262144 bytes, linear)
[    3.520801] tcp_listen_portaddr_hash hash table entries: 1024 (order: 2, 16384 bytes, linear)
[    3.521519] Table-perturb hash table entries: 65536 (order: 6, 262144 bytes, linear)
[    3.522165] TCP established hash table entries: 16384 (order: 5, 131072 bytes, linear)
[    3.522916] TCP bind hash table entries: 16384 (order: 7, 524288 bytes, linear)
[    3.523664] TCP: Hash tables configured (established 16384 bind 16384)
[    3.524244] UDP hash table entries: 1024 (order: 3, 32768 bytes, linear)
[    3.524817] UDP-Lite hash table entries: 1024 (order: 3, 32768 bytes, linear)
[    3.525510] NET: Registered PF_UNIX/PF_LOCAL protocol family
[    3.526253] RPC: Registered named UNIX socket transport module.
[    3.526747] RPC: Registered udp transport module.
[    3.527136] RPC: Registered tcp transport module.
[    3.527535] RPC: Registered tcp NFSv4.1 backchannel transport module.
[    3.528107] pci_bus 0000:00: resource 4 [io  0x0000-0x0cf7 window]
[    3.528621] pci_bus 0000:00: resource 5 [io  0x0d00-0xffff window]
[    3.529140] pci_bus 0000:00: resource 6 [mem 0x000a0000-0x000bffff window]
[    3.529711] pci_bus 0000:00: resource 7 [mem 0x80000000-0xfebfffff window]
[    3.530280] pci_bus 0000:00: resource 8 [mem 0x100000000-0x17fffffff window]
[    3.531030] pci 0000:00:01.0: PIIX3: Enabling Passive Release
[    3.531529] pci 0000:00:00.0: Limiting direct PCI/PCI transfers
[    3.532127] PCI: CLS 0 bytes, default 64
[    3.532667] clocksource: tsc: mask: 0xffffffffffffffff max_cycles: 0x2cd5a8bb032, max_idle_ns: 440795365915 ns
[    3.535399] Initialise system trusted keyrings
[    3.535845] Key type blacklist registered
[    3.536375] workingset: timestamp_bits=36 max_order=19 bucket_order=0
[    3.541653] zbud: loaded
[    3.542799] squashfs: version 4.0 (2009/01/31) Phillip Lougher
[    3.544395] NFS: Registering the id_resolver key type
[    3.544854] Key type id_resolver registered
[    3.545195] Key type id_legacy registered
[    3.545580] nfs4filelayout_init: NFSv4 File Layout Driver Registering...
[    3.546128] nfs4flexfilelayout_init: NFSv4 Flexfile Layout Driver Registering...
[    3.546849] fuse: init (API version 7.37)
[    3.547386] SGI XFS with ACLs, security attributes, realtime, quota, no debug enabled
[    3.549223] 9p: Installing v9fs 9p2000 file system support
[    3.557685] Key type asymmetric registered
[    3.558030] Asymmetric key parser 'x509' registered
[    3.559208] alg: self-tests for CTR-KDF (hmac(sha256)) passed
[    3.559743] Block layer SCSI generic (bsg) driver version 0.4 loaded (major 243)
[    3.560450] io scheduler mq-deadline registered
[    3.560913] io scheduler bfq registered
[    3.561703] shpchp: Standard Hot Plug PCI Controller Driver version: 0.4
[    3.562429] IPMI message handler: version 39.2
[    3.562818] ipmi device interface
[    3.563986] input: Power Button as /devices/LNXSYSTM:00/LNXPWRBN:00/input/input0
[    3.564661] ACPI: button: Power Button [PWRF]
[    3.565632] ERST DBG: ERST support is disabled.
[    3.566359] Serial: 8250/16550 driver, 32 ports, IRQ sharing enabled
[    3.567255] 00:04: ttyS0 at I/O 0x3f8 (irq = 4, base_baud = 115200) is a 16550A
[    3.572802] Linux agpgart interface v0.103
[    3.573470] ACPI: bus type drm_connector registered
[    3.581200] brd: module loaded
[    3.585470] loop: module loaded
[    3.588014] scsi host0: ata_piix
[    3.588601] scsi host1: ata_piix
[    3.588965] ata1: PATA max MWDMA2 cmd 0x1f0 ctl 0x3f6 bmdma 0xc040 irq 14
[    3.589527] ata2: PATA max MWDMA2 cmd 0x170 ctl 0x376 bmdma 0xc048 irq 15
[    3.590677] tun: Universal TUN/TAP device driver, 1.6
[    3.591353] e100: Intel(R) PRO/100 Network Driver
[    3.591805] e100: Copyright(c) 1999-2006 Intel Corporation
[    3.592285] e1000: Intel(R) PRO/1000 Network Driver
[    3.592686] e1000: Copyright (c) 1999-2006 Intel Corporation.
[    3.678269] ACPI: \_SB_.LNKC: Enabled at IRQ 11
[    3.747712] ata1: found unknown device (class 0)
[    3.748910] ata1.00: ATA-7: QEMU HARDDISK, 2.5+, max UDMA/100
[    3.749662] ata1.00: 16777216 sectors, multi 16: LBA48 
[    3.751142] scsi 0:0:0:0: Direct-Access     ATA      QEMU HARDDISK    2.5+ PQ: 0 ANSI: 5
[    3.752340] ata2: found unknown device (class 0)
[    3.753645] ata2.00: ATAPI: QEMU DVD-ROM, 2.5+, max UDMA/100
[    3.755080] scsi 0:0:0:0: Attached scsi generic sg0 type 0
[    3.756823] sd 0:0:0:0: [sda] 16777216 512-byte logical blocks: (8.59 GB/8.00 GiB)
[    3.757858] sd 0:0:0:0: [sda] Write Protect is off
[    3.758558] sd 0:0:0:0: [sda] Write cache: enabled, read cache: enabled, doesn't support DPO or FUA
[    3.759950] sd 0:0:0:0: [sda] Preferred minimum I/O size 512 bytes
[    3.761494] scsi 1:0:0:0: CD-ROM            QEMU     QEMU DVD-ROM     2.5+ PQ: 0 ANSI: 5
[    3.800646] sd 0:0:0:0: [sda] Attached SCSI disk
[    3.812221] scsi 1:0:0:0: Attached scsi generic sg1 type 5
[    4.002627] e1000 0000:00:03.0 eth0: (PCI:33MHz:32-bit) 52:54:00:12:34:56
[    4.003430] e1000 0000:00:03.0 eth0: Intel(R) PRO/1000 Network Connection
[    4.004240] e1000e: Intel(R) PRO/1000 Network Driver
[    4.004698] e1000e: Copyright(c) 1999 - 2015 Intel Corporation.
[    4.005291] igb: Intel(R) Gigabit Ethernet Network Driver
[    4.005779] igb: Copyright (c) 2007-2014 Intel Corporation.
[    4.006351] PPP generic driver version 2.4.2
[    4.007194] VFIO - User Level meta-driver version: 0.3
[    4.008038] usbcore: registered new interface driver uas
[    4.008802] usbcore: registered new interface driver usb-storage
[    4.009740] i8042: PNP: PS/2 Controller [PNP0303:KBD,PNP0f13:MOU] at 0x60,0x64 irq 1,12
[    4.011593] serio: i8042 KBD port at 0x60,0x64 irq 1
[    4.012255] serio: i8042 AUX port at 0x60,0x64 irq 12
[    4.013499] mousedev: PS/2 mouse device common for all mice
[    4.014890] input: AT Translated Set 2 keyboard as /devices/platform/i8042/serio0/input/input1
[    4.015704] rtc_cmos 00:05: RTC can wake from S4
[    4.017564] rtc_cmos 00:05: registered as rtc0
[    4.017585] input: VirtualPS/2 VMware VMMouse as /devices/platform/i8042/serio1/input/input4
[    4.018057] rtc_cmos 00:05: setting system clock to 2022-11-17T02:10:16 UTC (1668651016)
[    4.020010] rtc_cmos 00:05: alarms up to one day, y3k, 242 bytes nvram, hpet irqs
[    4.020150] input: VirtualPS/2 VMware VMMouse as /devices/platform/i8042/serio1/input/input3
[    4.020792] i2c_dev: i2c /dev entries driver
[    4.022272] device-mapper: core: CONFIG_IMA_DISABLE_HTABLE is disabled. Duplicate IMA measurements will not be recorded in the IMA log.
[    4.023437] device-mapper: uevent: version 1.0.3
[    4.024062] device-mapper: ioctl: 4.47.0-ioctl (2022-07-28) initialised: dm-devel@redhat.com
[    4.024842] intel_pstate: CPU model not supported
[    4.025338] sdhci: Secure Digital Host Controller Interface driver
[    4.025901] sdhci: Copyright(c) Pierre Ossman
[    4.026369] sdhci-pltfm: SDHCI platform and OF driver helper
[    4.026932] ledtrig-cpu: registered to indicate activity on CPUs
[    4.027693] drop_monitor: Initializing network drop monitor service
[    4.028710] NET: Registered PF_INET6 protocol family
[    4.030509] Segment Routing with IPv6
[    4.031066] In-situ OAM (IOAM) with IPv6
[    4.031654] NET: Registered PF_PACKET protocol family
[    4.032553] 9pnet: Installing 9P2000 support
[    4.032984] Key type dns_resolver registered
[    4.033980] IPI shorthand broadcast: enabled
[    4.034403] sched_clock: Marking stable (4025035113, 8721915)->(4049705207, -15948179)
[    4.035394] registered taskstats version 1
[    4.035863] Loading compiled-in X.509 certificates
[    4.036659] zswap: loaded using pool lzo/zbud
[    4.037643] Key type .fscrypt registered
[    4.038172] Key type fscrypt-provisioning registered
[    4.039568] Key type encrypted registered
[    4.039961] ima: No TPM chip found, activating TPM-bypass!
[    4.040476] ima: Allocated hash algorithm: sha1
[    4.040913] ima: No architecture policies found
[    4.041353] evm: Initialising EVM extended attributes:
[    4.041818] evm: security.selinux
[    4.042125] evm: security.SMACK64
[    4.042432] evm: security.SMACK64EXEC
[    4.042780] evm: security.SMACK64TRANSMUTE
[    4.043157] evm: security.SMACK64MMAP
[    4.043493] evm: security.apparmor
[    4.043824] evm: security.ima
[    4.044103] evm: security.capability
[    4.044435] evm: HMAC attrs: 0x1
[    4.048028] PM:   Magic number: 14:134:157
[    4.048470] bdi 1:9: hash matches
[    4.049153] RAS: Correctable Errors collector initialized.
[    4.050333] md: Waiting for all devices to be available before autodetect
[    4.050962] md: If you don't use raid, use raid=noautodetect
[    4.051489] md: Autodetecting RAID arrays.
[    4.051916] md: autorun ...
[    4.052176] md: ... autorun DONE.
[    4.055696] EXT4-fs (sda): INFO: recovery required on readonly filesystem
[    4.056314] EXT4-fs (sda): write access will be enabled during recovery
[    4.092658] EXT4-fs (sda): recovery complete
[    4.098476] EXT4-fs (sda): mounted filesystem with ordered data mode. Quota mode: none.
[    4.099254] VFS: Mounted root (ext4 filesystem) readonly on device 8:0.
[    4.100252] devtmpfs: mounted
[    4.116092] Freeing unused decrypted memory: 2036K
[    4.119428] Freeing unused kernel image (initmem) memory: 3624K
[    4.119977] Write protecting the kernel read-only data: 40960k
[    4.123609] Freeing unused kernel image (text/rodata gap) memory: 2028K
[    4.124890] Freeing unused kernel image (rodata/data gap) memory: 668K
[    4.243975] x86/mm: Checked W+X mappings: passed, no W+X pages found.
[    4.244436] Run /sbin/init as init process
[    4.317184] systemd[1]: RTC configured in localtime, applying delta of 0 minutes to system time.
[    4.335346] systemd[1]: systemd 239 (239-49.el8) running in system mode. (+PAM +AUDIT +SELINUX +IMA -APPARMOR +SMACK +SYSVINIT +UTMP +LIBCRYPTSETUP +GCRYPT +GNUTLS +ACL +XZ +LZ4 +SECCOMP +BLKID +ELFUTILS +KMOD +IDN2 -IDN +PCRE2 default-hierarchy=legacy)
[    4.336806] systemd[1]: Detected virtualization kvm.
[    4.337122] systemd[1]: Detected architecture x86-64.

Welcome to [0;31mCentOS Stream 8[0m!

[    4.385928] systemd[1]: Set hostname to <test>.
[    5.427521] random: crng init done
[    5.505250] systemd[1]: Listening on Device-mapper event daemon FIFOs.
[[0;32m  OK  [0m] Listening on Device-mapper event daemon FIFOs.
[    5.506388] systemd[1]: Listening on LVM2 poll daemon socket.
[[0;32m  OK  [0m] Listening on LVM2 poll daemon socket.
[    5.507186] systemd[1]: Reached target Swap.
[[0;32m  OK  [0m] Reached target Swap.
[    5.507885] systemd[1]: Listening on initctl Compatibility Named Pipe.
[[0;32m  OK  [0m] Listening on initctl Compatibility Named Pipe.
[    5.509041] systemd[1]: Set up automount Arbitrary Executable File Formats File System Automount Point.
[[0;32m  OK  [0m] Set up automount Arbitrary Executabâ€¦rmats File System Automount Point.
[    5.510390] systemd[1]: Listening on udev Kernel Socket.
[[0;32m  OK  [0m] Listening on udev Kernel Socket.
[[0;32m  OK  [0m] Created slice system-sshd\x2dkeygen.slice.
[[0;32m  OK  [0m] Started Forward Password Requests to Wall Directory Watch.
[[0;32m  OK  [0m] Listening on RPCbind Server Activation Socket.
[[0;32m  OK  [0m] Reached target RPC Port Mapper.
[[0;32m  OK  [0m] Listening on Journal Socket.
         Starting Monitoring of LVM2 mirrorsâ€¦ng dmeventd or progress polling...
         Mounting POSIX Message Queue File System...
         Mounting Kernel Debug File System...
         Starting Setup Virtual Console...
         Starting Remount Root and Kernel File Systems...
[[0;32m  OK  [0m] Created slice system-serial\x2dgetty.slice.
[[0;32m  OK  [0m] Created slice User and Session Slice.
[[0;32m  OK  [0m] Reached target Slices.
[[0;32m  OK  [0m] Listening on multipathd control socket.
[[0;32m  OK  [0m] Listening on Journal Socket (/dev/log).
         Starting Journal Service...
         Starting Load Kernel Modules...
[[0;32m  OK  [0m] Created slice system-getty.slice.
[[0;32m  OK  [0m] Listening on udev Control Socket.
         Starting udev Coldplug all Devices...
[[0;32m  OK  [0m] Listening on Process Core Dump Socket.
         Mounting Huge Pages File System...
[[0;32m  OK  [0m] Started Monitoring of LVM2 mirrors,â€¦sing dmeventd or progress polling.
[    5.732856] EXT4-fs (sda): re-mounted. Quota mode: none.
[[0;32m  OK  [0m] Mounted POSIX Message Queue File System.
[[0;32m  OK  [0m] Started Journal Service.
[[0;32m  OK  [0m] Mounted Kernel Debug File System.
[[0;32m  OK  [0m] Started Remount Root and Kernel File Systems.
[[0;1;31mFAILED[0m] Failed to start Load Kernel Modules.
See 'systemctl status systemd-modules-load.service' for details.
[[0;32m  OK  [0m] Mounted Huge Pages File System.
         Mounting Kernel Configuration File System...
         Mounting FUSE Control File System...
         Starting Apply Kernel Variables...
         Starting Load/Save Random Seed...
         Starting Create Static Device Nodes in /dev...
         Starting Flush Journal to Persistent Storage...
[[0;32m  OK  [0m] Started Setup Virtual Console.
[[0;32m  OK  [0m] Mounted Kernel Configuration File System.
[[0;32m  OK  [0m] Mounted FUSE Control File System.
[[0;32m  OK  [0m] Started Apply Kernel Variables.
[[0;32m  OK  [0m] Started Load/Save Random Seed.
[[0;32m  OK  [0m] Started Create Static Device Nodes in /dev.
         Starting udev Kernel Device Manager...
[[0;32m  OK  [0m] Started Flush Journal to Persistent Storage.
[[0;32m  OK  [0m] Started udev Coldplug all Devices.
         Starting udev Wait for Complete Device Initialization...
[[0;32m  OK  [0m] Started udev Kernel Device Manager.
         Starting Show Plymouth Boot Screen...
[[0;32m  OK  [0m] Started Show Plymouth Boot Screen.
[[0;32m  OK  [0m] Reached target Local Encrypted Volumes.
[[0;32m  OK  [0m] Reached target Paths.
[[0;32m  OK  [0m] Started Forward Password Requests to Plymouth Directory Watch.
[[0;32m  OK  [0m] Found device /dev/ttyS0.
[[0;32m  OK  [0m] Started udev Wait for Complete Device Initialization.
[[0;32m  OK  [0m] Reached target Local File Systems (Pre).
[[0;32m  OK  [0m] Reached target Local File Systems.
         Starting Restore /run/initramfs on shutdown...
         Starting Tell Plymouth To Write Out Runtime Data...
         Starting Create Volatile Files and Directories...
[[0;32m  OK  [0m] Listening on Load/Save RF Kill Switch Status /dev/rfkill Watch.
[[0;32m  OK  [0m] Started Restore /run/initramfs on shutdown.
[[0;32m  OK  [0m] Started Tell Plymouth To Write Out Runtime Data.
[[0;32m  OK  [0m] Started Create Volatile Files and Directories.
         Mounting RPC Pipe File System...
         Starting Security Auditing Service...
         Starting RPC Bind...
[[0;32m  OK  [0m] Mounted RPC Pipe File System.
[[0;32m  OK  [0m] Reached target rpc_pipefs.target.
[[0;32m  OK  [0m] Started RPC Bind.
[[0;32m  OK  [0m] Started Security Auditing Service.
         Starting Update UTMP about System Boot/Shutdown...
[[0;32m  OK  [0m] Started Update UTMP about System Boot/Shutdown.
[[0;32m  OK  [0m] Reached target System Initialization.
[[0;32m  OK  [0m] Listening on D-Bus System Message Bus Socket.
[[0;32m  OK  [0m] Started dnf makecache --timer.
[[0;32m  OK  [0m] Started Daily Cleanup of Temporary Directories.
[[0;32m  OK  [0m] Started daily update of the root trust anchor for DNSSEC.
[[0;32m  OK  [0m] Reached target Timers.
[[0;32m  OK  [0m] Listening on SSSD Kerberos Cache Manager responder socket.
[[0;32m  OK  [0m] Reached target Sockets.
[[0;32m  OK  [0m] Reached target Basic System.
[[0;32m  OK  [0m] Started Machine Check Exception Logging Daemon.
[[0;32m  OK  [0m] Reached target sshd-keygen.target.
         Starting Login Service...
[[0;32m  OK  [0m] Started irqbalance daemon.
         Starting Self Monitoring and Reporting Technology (SMART) Daemon...
[[0;32m  OK  [0m] Started D-Bus System Message Bus.
         Starting Network Manager...
         Starting NTP client/server...
         Starting Authorization Manager...
         Starting Auto-connect to subsystemsâ€¦-NVME devices found during boot...
[[0;32m  OK  [0m] Started Login Service.
[[0;32m  OK  [0m] Started Auto-connect to subsystems â€¦FC-NVME devices found during boot.
[[0;32m  OK  [0m] Started Self Monitoring and Reporting Technology (SMART) Daemon.
[[0;32m  OK  [0m] Started Network Manager.
[[0;32m  OK  [0m] Reached target Network.
         Starting OpenSSH server daemon...
         Starting GSSAPI Proxy Daemon...
         Starting Dynamic System Tuning Daemon...
         Starting Network Manager Wait Online...
         Starting Hostname Service...
[[0;32m  OK  [0m] Started NTP client/server.
[[0;32m  OK  [0m] Started OpenSSH server daemon.
[[0;32m  OK  [0m] Started GSSAPI Proxy Daemon.
[[0;32m  OK  [0m] Reached target NFS client services.
[[0;32m  OK  [0m] Reached target Remote File Systems (Pre).
[[0;32m  OK  [0m] Reached target Remote File Systems.
         Starting Permit User Sessions...
[[0;32m  OK  [0m] Started Permit User Sessions.
[[0;32m  OK  [0m] Started Command Scheduler.
         Starting Terminate Plymouth Boot Screen...
         Starting Hold until boot process finishes up...
[[0;32m  OK  [0m] Started Authorization Manager.
[    7.108559] e1000: eth0 NIC Link is Up 1000 Mbps Full Duplex, Flow Control: RX
[    7.109527] IPv6: ADDRCONF(NETDEV_CHANGE): eth0: link becomes ready
[    7.308007] Spectre V2 : WARNING: Unprivileged eBPF is enabled with eIBRS on, data leaks possible via Spectre v2 BHB attacks!
[    7.309083] Spectre V2 : WARNING: Unprivileged eBPF is enabled with eIBRS on, data leaks possible via Spectre v2 BHB attacks!

CentOS Stream 8
Kernel 6.1.0-rc3-fde25beb382b+ on an x86_64

test login: [   28.818959] ------------[ cut here ]------------
[   28.819316] WARNING: CPU: 1 PID: 579 at fs/attr.c:327 notify_change+0x9a1/0xb50
[   28.819840] Modules linked in:
[   28.820136] CPU: 1 PID: 579 Comm: repro Not tainted 6.1.0-rc3-fde25beb382b+ #1
[   28.820663] Hardware name: QEMU Standard PC (i440FX + PIIX, 1996), BIOS rel-1.16.0-0-gd239552ce722-prebuilt.qemu.org 04/01/2014
[   28.821413] RIP: 0010:notify_change+0x9a1/0xb50
[   28.821727] Code: 44 89 f6 e8 c1 2f cf ff 41 83 fe ff 74 0c c7 45 c4 00 00 00 00 e9 e1 fd ff ff 41 be b5 ff ff ff e9 ea fb ff ff e8 2f 2e cf ff <0f> 0b e9 c2 f6 ff ff e8 23 2e cf ff 8b 5d b0 83 cb 01 41 89 1c 24
[   28.822946] RSP: 0018:ffffc90000e83b30 EFLAGS: 00010246
[   28.823305] RAX: 0000000000000000 RBX: 0000000000004200 RCX: ffffffff8155b201
[   28.823808] RDX: 0000000000000000 RSI: ffff88800bf93f80 RDI: 0000000000000002
[   28.824409] RBP: ffffc90000e83b90 R08: ffff88800ec095d0 R09: 0000000000000000
[   28.824882] R10: ffffc90000e83bb0 R11: 0000000000001d4b R12: ffffc90000e83bb8
[   28.825337] R13: ffff88800e961a00 R14: 0000000000000000 R15: ffffffff8385fdc0
[   28.825804] FS:  00007f766c0b4700(0000) GS:ffff88807dd00000(0000) knlGS:0000000000000000
[   28.826336] CS:  0010 DS: 0000 ES: 0000 CR0: 0000000080050033
[   28.826717] CR2: 0000000020006000 CR3: 000000000be88006 CR4: 0000000000770ee0
[   28.827189] PKRU: 55555554
[   28.827379] Call Trace:
[   28.827569]  <TASK>
[   28.827792]  ? write_comp_data+0x2f/0x90
[   28.828201]  __file_remove_privs+0x1de/0x240
[   28.828532]  ? __file_remove_privs+0x1de/0x240
[   28.828851]  ? __sanitizer_cov_trace_pc+0x25/0x60
[   28.829171]  ? current_time+0x64/0xb0
[   28.829428]  file_modified_flags+0x51/0x160
[   28.829730]  file_modified+0x20/0x30
[   28.829994]  fuse_file_fallocate+0x53a/0x620
[   28.830306]  ? __schedule+0x2e6/0x8f0
[   28.830583]  ? fuse_copy_file_range+0xc0/0xc0
[   28.830890]  vfs_fallocate+0x336/0x690
[   28.831156]  ioctl_preallocate+0xdf/0x110
[   28.831436]  do_vfs_ioctl+0xaf9/0xc20
[   28.831716]  ? __fget_light+0xb0/0x220
[   28.832109]  ? __sanitizer_cov_trace_pc+0x25/0x60
[   28.832584]  ? write_comp_data+0x2f/0x90
[   28.832889]  __x64_sys_ioctl+0xca/0x160
[   28.833143]  do_syscall_64+0x3b/0x90
[   28.833403]  entry_SYSCALL_64_after_hwframe+0x63/0xcd
[   28.833760] RIP: 0033:0x7f766c1fb59d
[   28.834012] Code: 00 c3 66 2e 0f 1f 84 00 00 00 00 00 90 f3 0f 1e fa 48 89 f8 48 89 f7 48 89 d6 48 89 ca 4d 89 c2 4d 89 c8 4c 8b 4c 24 08 0f 05 <48> 3d 01 f0 ff ff 73 01 c3 48 8b 0d d3 08 0d 00 f7 d8 64 89 01 48
[   28.835231] RSP: 002b:00007f766c0b3b28 EFLAGS: 00000246 ORIG_RAX: 0000000000000010
[   28.835754] RAX: ffffffffffffffda RBX: 0000000000000000 RCX: 00007f766c1fb59d
[   28.836377] RDX: 00000000200001c0 RSI: 0000000040305828 RDI: 0000000000000004
[   28.836858] RBP: 00007f766c0b3e00 R08: 0000000000000000 R09: 0000000000000000
[   28.837326] R10: 0000000000000000 R11: 0000000000000246 R12: 00007ffe9d42ccce
[   28.837802] R13: 00007ffe9d42cccf R14: 00007ffe9d42cd60 R15: 00007f766c0b4700
[   28.838278]  </TASK>
[   28.838436] ---[ end trace 0000000000000000 ]---
