c[?7l[2J[0mSeaBIOS (version rel-1.16.0-0-gd239552ce722-prebuilt.qemu.org)


iPXE (http://ipxe.org) 00:03.0 CA00 PCI2.10 PnP PMM+7FF91000+7FEF1000 CA00
Press Ctrl-B to configure iPXE (PCI 00:03.0)...                                                                               


Booting from ROM..c[?7l[2J[    0.000000] Linux version 5.19.0-1d239c1eb873+ (root@p-tglh01.sh.intel.com) (gcc (GCC) 8.5.0 20210514 (Red Hat 8.5.0-17), GNU ld version 2.36.1-2.el8) #1 SMP PREEMPT_DYNAMIC Wed Dec 7 23:33:43 CST 2022
[    0.000000] Command line: console=ttyS0 root=/dev/sda earlyprintk=serial net.ifnames=0
[    0.000000] KERNEL supported cpus:
[    0.000000]   Intel GenuineIntel
[    0.000000]   AMD AuthenticAMD
[    0.000000]   Hygon HygonGenuine
[    0.000000]   Centaur CentaurHauls
[    0.000000]   zhaoxin   Shanghai  
[    0.000000] x86/fpu: Supporting XSAVE feature 0x001: 'x87 floating point registers'
[    0.000000] x86/fpu: Supporting XSAVE feature 0x002: 'SSE registers'
[    0.000000] x86/fpu: Supporting XSAVE feature 0x004: 'AVX registers'
[    0.000000] x86/fpu: Supporting XSAVE feature 0x020: 'AVX-512 opmask'
[    0.000000] x86/fpu: Supporting XSAVE feature 0x040: 'AVX-512 Hi256'
[    0.000000] x86/fpu: Supporting XSAVE feature 0x080: 'AVX-512 ZMM_Hi256'
[    0.000000] x86/fpu: Supporting XSAVE feature 0x200: 'Protection Keys User registers'
[    0.000000] x86/fpu: xstate_offset[2]:  576, xstate_sizes[2]:  256
[    0.000000] x86/fpu: xstate_offset[5]:  832, xstate_sizes[5]:   64
[    0.000000] x86/fpu: xstate_offset[6]:  896, xstate_sizes[6]:  512
[    0.000000] x86/fpu: xstate_offset[7]: 1408, xstate_sizes[7]: 1024
[    0.000000] x86/fpu: xstate_offset[9]: 2432, xstate_sizes[9]:    8
[    0.000000] x86/fpu: Enabled xstate features 0x2e7, context size is 2440 bytes, using 'compacted' format.
[    0.000000] signal: max sigframe size: 3632
[    0.000000] BIOS-provided physical RAM map:
[    0.000000] BIOS-e820: [mem 0x0000000000000000-0x000000000009fbff] usable
[    0.000000] BIOS-e820: [mem 0x000000000009fc00-0x000000000009ffff] reserved
[    0.000000] BIOS-e820: [mem 0x00000000000f0000-0x00000000000fffff] reserved
[    0.000000] BIOS-e820: [mem 0x0000000000100000-0x000000007ffdffff] usable
[    0.000000] BIOS-e820: [mem 0x000000007ffe0000-0x000000007fffffff] reserved
[    0.000000] BIOS-e820: [mem 0x00000000feffc000-0x00000000feffffff] reserved
[    0.000000] BIOS-e820: [mem 0x00000000fffc0000-0x00000000ffffffff] reserved
[    0.000000] printk: bootconsole [earlyser0] enabled
[    0.000000] NX (Execute Disable) protection: active
[    0.000000] SMBIOS 2.8 present.
[    0.000000] DMI: QEMU Standard PC (i440FX + PIIX, 1996), BIOS rel-1.16.0-0-gd239552ce722-prebuilt.qemu.org 04/01/2014
[    0.000000] Hypervisor detected: KVM
[    0.000000] kvm-clock: Using msrs 4b564d01 and 4b564d00
[    0.000002] kvm-clock: using sched offset of 334750212 cycles
[    0.000429] clocksource: kvm-clock: mask: 0xffffffffffffffff max_cycles: 0x1cd42e4dffb, max_idle_ns: 881590591483 ns
[    0.001800] tsc: Detected 3110.400 MHz processor
[    0.011752] last_pfn = 0x7ffe0 max_arch_pfn = 0x400000000
[    0.012261] x86/PAT: Configuration [0-7]: WB  WC  UC- UC  WB  WP  UC- WT  
[    0.021427] found SMP MP-table at [mem 0x000f5ba0-0x000f5baf]
[    0.021982] Using GB pages for direct mapping
[    0.023357] ACPI: Early table checksum verification disabled
[    0.023825] ACPI: RSDP 0x00000000000F59C0 000014 (v00 BOCHS )
[    0.024303] ACPI: RSDT 0x000000007FFE1951 000034 (v01 BOCHS  BXPC     00000001 BXPC 00000001)
[    0.025014] ACPI: FACP 0x000000007FFE17FD 000074 (v01 BOCHS  BXPC     00000001 BXPC 00000001)
[    0.025715] ACPI: DSDT 0x000000007FFE0040 0017BD (v01 BOCHS  BXPC     00000001 BXPC 00000001)
[    0.026409] ACPI: FACS 0x000000007FFE0000 000040
[    0.026791] ACPI: APIC 0x000000007FFE1871 000080 (v01 BOCHS  BXPC     00000001 BXPC 00000001)
[    0.027480] ACPI: HPET 0x000000007FFE18F1 000038 (v01 BOCHS  BXPC     00000001 BXPC 00000001)
[    0.028180] ACPI: WAET 0x000000007FFE1929 000028 (v01 BOCHS  BXPC     00000001 BXPC 00000001)
[    0.028893] ACPI: Reserving FACP table memory at [mem 0x7ffe17fd-0x7ffe1870]
[    0.029487] ACPI: Reserving DSDT table memory at [mem 0x7ffe0040-0x7ffe17fc]
[    0.030080] ACPI: Reserving FACS table memory at [mem 0x7ffe0000-0x7ffe003f]
[    0.030674] ACPI: Reserving APIC table memory at [mem 0x7ffe1871-0x7ffe18f0]
[    0.031267] ACPI: Reserving HPET table memory at [mem 0x7ffe18f1-0x7ffe1928]
[    0.031861] ACPI: Reserving WAET table memory at [mem 0x7ffe1929-0x7ffe1950]
[    0.033421] No NUMA configuration found
[    0.033749] Faking a node at [mem 0x0000000000000000-0x000000007ffdffff]
[    0.034387] NODE_DATA(0) allocated [mem 0x7ffb5000-0x7ffdffff]
[    0.038544] Zone ranges:
[    0.038752]   DMA      [mem 0x0000000000001000-0x0000000000ffffff]
[    0.039250]   DMA32    [mem 0x0000000001000000-0x000000007ffdffff]
[    0.039748]   Normal   empty
[    0.039982]   Device   empty
[    0.040215] Movable zone start for each node
[    0.040555] Early memory node ranges
[    0.040846]   node   0: [mem 0x0000000000001000-0x000000000009efff]
[    0.041346]   node   0: [mem 0x0000000000100000-0x000000007ffdffff]
[    0.041849] Initmem setup node 0 [mem 0x0000000000001000-0x000000007ffdffff]
[    0.043141] On node 0, zone DMA: 1 pages in unavailable ranges
[    0.043164] On node 0, zone DMA: 97 pages in unavailable ranges
[    0.079833] On node 0, zone DMA32: 32 pages in unavailable ranges
[    0.080605] ACPI: PM-Timer IO Port: 0x608
[    0.081444] ACPI: LAPIC_NMI (acpi_id[0xff] dfl dfl lint[0x1])
[    0.081953] IOAPIC[0]: apic_id 0, version 17, address 0xfec00000, GSI 0-23
[    0.082519] ACPI: INT_SRC_OVR (bus 0 bus_irq 0 global_irq 2 dfl dfl)
[    0.083035] ACPI: INT_SRC_OVR (bus 0 bus_irq 5 global_irq 5 high level)
[    0.083567] ACPI: INT_SRC_OVR (bus 0 bus_irq 9 global_irq 9 high level)
[    0.084096] ACPI: INT_SRC_OVR (bus 0 bus_irq 10 global_irq 10 high level)
[    0.084641] ACPI: INT_SRC_OVR (bus 0 bus_irq 11 global_irq 11 high level)
[    0.085203] ACPI: Using ACPI (MADT) for SMP configuration information
[    0.085720] ACPI: HPET id: 0x8086a201 base: 0xfed00000
[    0.086149] TSC deadline timer available
[    0.086466] smpboot: Allowing 2 CPUs, 0 hotplug CPUs
[    0.086910] kvm-guest: KVM setup pv remote TLB flush
[    0.087316] kvm-guest: setup PV sched yield
[    0.087719] PM: hibernation: Registered nosave memory: [mem 0x00000000-0x00000fff]
[    0.088331] PM: hibernation: Registered nosave memory: [mem 0x0009f000-0x0009ffff]
[    0.088941] PM: hibernation: Registered nosave memory: [mem 0x000a0000-0x000effff]
[    0.089547] PM: hibernation: Registered nosave memory: [mem 0x000f0000-0x000fffff]
[    0.090156] [mem 0x80000000-0xfeffbfff] available for PCI devices
[    0.090647] Booting paravirtualized kernel on KVM
[    0.091035] clocksource: refined-jiffies: mask: 0xffffffff max_cycles: 0xffffffff, max_idle_ns: 7645519600211568 ns
[    0.091884] setup_percpu: NR_CPUS:8192 nr_cpumask_bits:2 nr_cpu_ids:2 nr_node_ids:1
[    0.094488] percpu: Embedded 62 pages/cpu s217088 r8192 d28672 u1048576
[    0.095284] kvm-guest: PV spinlocks enabled
[    0.095639] PV qspinlock hash table entries: 256 (order: 0, 4096 bytes, linear)
[    0.096281] Fallback order for Node 0: 0 
[    0.096617] Built 1 zonelists, mobility grouping on.  Total pages: 515808
[    0.097178] Policy zone: DMA32
[    0.097431] Kernel command line: net.ifnames=0 console=ttyS0 root=/dev/sda earlyprintk=serial net.ifnames=0
[    0.100389] Dentry cache hash table entries: 262144 (order: 9, 2097152 bytes, linear)
[    0.101683] Inode-cache hash table entries: 131072 (order: 8, 1048576 bytes, linear)
[    0.102456] mem auto-init: stack:off, heap alloc:off, heap free:off
[    0.106080] Memory: 1999736K/2096632K available (30735K kernel code, 3931K rwdata, 7832K rodata, 3604K init, 10696K bss, 96640K reserved, 0K cma-reserved)
[    0.108225] SLUB: HWalign=64, Order=0-3, MinObjects=0, CPUs=2, Nodes=1
[    0.108752] kmemleak: Kernel memory leak detector disabled
[    0.109219] ftrace: allocating 66408 entries in 260 pages
[    0.131527] ftrace: allocated 260 pages with 2 groups
[    0.133494] Dynamic Preempt: voluntary
[    0.133885] rcu: Preemptible hierarchical RCU implementation.
[    0.134342] rcu: 	RCU restricting CPUs from NR_CPUS=8192 to nr_cpu_ids=2.
[    0.134874] 	Trampoline variant of Tasks RCU enabled.
[    0.135268] 	Rude variant of Tasks RCU enabled.
[    0.135623] 	Tracing variant of Tasks RCU enabled.
[    0.135998] rcu: RCU calculated value of scheduler-enlistment delay is 25 jiffies.
[    0.136587] rcu: Adjusting geometry for rcu_fanout_leaf=16, nr_cpu_ids=2
[    0.160493] NR_IRQS: 524544, nr_irqs: 440, preallocated irqs: 16
[    0.161270] rcu: srcu_init: Setting srcu_struct sizes based on contention.
[    0.168870] Console: colour VGA+ 80x25
[    0.169217] printk: console [ttyS0] enabled
[    0.169217] printk: console [ttyS0] enabled
[    0.169886] printk: bootconsole [earlyser0] disabled
[    0.169886] printk: bootconsole [earlyser0] disabled
[    0.170711] ACPI: Core revision 20220331
[    0.171244] clocksource: hpet: mask: 0xffffffff max_cycles: 0xffffffff, max_idle_ns: 19112604467 ns
[    0.172056] APIC: Switch to symmetric I/O mode setup
[    0.172719] x2apic enabled
[    0.173126] Switched APIC routing to physical x2apic.
[    0.173559] kvm-guest: setup PV IPIs
[    0.174674] ..TIMER: vector=0x30 apic1=0 pin1=2 apic2=-1 pin2=-1
[    0.175180] clocksource: tsc-early: mask: 0xffffffffffffffff max_cycles: 0x2cd5a8bb032, max_idle_ns: 440795365915 ns
[    0.176029] Calibrating delay loop (skipped) preset value.. 6220.80 BogoMIPS (lpj=12441600)
[    0.180026] pid_max: default: 32768 minimum: 301
[    0.180569] LSM: Security Framework initializing
[    0.180949] Yama: becoming mindful.
[    0.181407] Mount-cache hash table entries: 4096 (order: 3, 32768 bytes, linear)
[    0.182022] Mountpoint-cache hash table entries: 4096 (order: 3, 32768 bytes, linear)
[    0.184169] x86/cpu: User Mode Instruction Prevention (UMIP) activated
[    0.185153] Last level iTLB entries: 4KB 0, 2MB 0, 4MB 0
[    0.185603] Last level dTLB entries: 4KB 0, 2MB 0, 4MB 0, 1GB 0
[    0.186104] Spectre V1 : Mitigation: usercopy/swapgs barriers and __user pointer sanitization
[    0.186783] Spectre V2 : WARNING: Unprivileged eBPF is enabled with eIBRS on, data leaks possible via Spectre v2 BHB attacks!
[    0.187727] Spectre V2 : Mitigation: Enhanced IBRS
[    0.188035] Spectre V2 : Spectre v2 / SpectreRSB mitigation: Filling RSB on context switch
[    0.188683] Spectre V2 : mitigation: Enabling conditional Indirect Branch Prediction Barrier
[    0.189316] Speculative Store Bypass: Mitigation: Speculative Store Bypass disabled via prctl
[    0.281597] Freeing SMP alternatives memory: 56K
[    0.282188] smpboot: CPU0: Genuine Intel(R) CPU 0000 @ 2.20GHz (family: 0x6, model: 0x8d, stepping: 0x0)
[    0.283169] cblist_init_generic: Setting adjustable number of callback queues.
[    0.283712] cblist_init_generic: Setting shift to 1 and lim to 1.
[    0.284023] cblist_init_generic: Setting shift to 1 and lim to 1.
[    0.284023] cblist_init_generic: Setting shift to 1 and lim to 1.
[    0.284023] Performance Events: Icelake events, full-width counters, Intel PMU driver.
[    0.284023] ... version:                2
[    0.284023] ... bit width:              48
[    0.284026] ... generic registers:      8
[    0.284329] ... value mask:             0000ffffffffffff
[    0.284727] ... max period:             00007fffffffffff
[    0.285123] ... fixed-purpose events:   3
[    0.285427] ... event mask:             00000007000000ff
[    0.286003] rcu: Hierarchical SRCU implementation.
[    0.286376] rcu: 	Max phase no-delay instances is 1000.
[    0.288584] smp: Bringing up secondary CPUs ...
[    0.289192] x86: Booting SMP configuration:
[    0.289514] .... node  #0, CPUs:      #1
[    0.289853] smp: Brought up 1 node, 2 CPUs
[    0.289853] smpboot: Max logical packages: 1
[    0.289853] smpboot: Total of 2 processors activated (12441.60 BogoMIPS)
[    0.292979] devtmpfs: initialized
[    0.292979] x86/mm: Memory block size: 128MB
[    0.293832] clocksource: jiffies: mask: 0xffffffff max_cycles: 0xffffffff, max_idle_ns: 7645041785100000 ns
[    0.293832] futex hash table entries: 512 (order: 3, 32768 bytes, linear)
[    0.296162] pinctrl core: initialized pinctrl subsystem
[    0.296788] 
[    0.296915] *************************************************************
[    0.297438] **     NOTICE NOTICE NOTICE NOTICE NOTICE NOTICE NOTICE    **
[    0.297969] **                                                         **
[    0.298485] **  IOMMU DebugFS SUPPORT HAS BEEN ENABLED IN THIS KERNEL  **
[    0.299005] **                                                         **
[    0.299524] ** This means that this kernel is built to expose internal **
[    0.300029] ** IOMMU data structures, which may compromise security on **
[    0.300548] ** your system.                                            **
[    0.301066] **                                                         **
[    0.301583] ** If you see this message and you are not debugging the   **
[    0.302111] ** kernel, report this immediately to your vendor!         **
[    0.302628] **                                                         **
[    0.303146] **     NOTICE NOTICE NOTICE NOTICE NOTICE NOTICE NOTICE    **
[    0.303664] *************************************************************
[    0.304070] PM: RTC time: 15:58:20, date: 2022-12-07
[    0.308066] NET: Registered PF_NETLINK/PF_ROUTE protocol family
[    0.308882] DMA: preallocated 256 KiB GFP_KERNEL pool for atomic allocations
[    0.309435] DMA: preallocated 256 KiB GFP_KERNEL|GFP_DMA pool for atomic allocations
[    0.310029] DMA: preallocated 256 KiB GFP_KERNEL|GFP_DMA32 pool for atomic allocations
[    0.310653] audit: initializing netlink subsys (disabled)
[    0.311122] audit: type=2000 audit(1670428701.562:1): state=initialized audit_enabled=0 res=1
[    0.311122] thermal_sys: Registered thermal governor 'fair_share'
[    0.311122] thermal_sys: Registered thermal governor 'bang_bang'
[    0.312027] thermal_sys: Registered thermal governor 'step_wise'
[    0.312490] thermal_sys: Registered thermal governor 'user_space'
[    0.312964] cpuidle: using governor ladder
[    0.313743] cpuidle: using governor menu
[    0.314257] HugeTLB: can optimize 4095 vmemmap pages for hugepages-1048576kB
[    0.314796] acpiphp: ACPI Hot Plug PCI Controller Driver version: 0.5
[    0.315502] PCI: Using configuration type 1 for base access
[    0.323359] kprobes: kprobe jump-optimization is enabled. All kprobes are optimized if possible.
[    0.437840] HugeTLB: can optimize 7 vmemmap pages for hugepages-2048kB
[    0.438364] HugeTLB registered 1.00 GiB page size, pre-allocated 0 pages
[    0.438880] HugeTLB registered 2.00 MiB page size, pre-allocated 0 pages
[    0.440200] ACPI: Added _OSI(Module Device)
[    0.440534] ACPI: Added _OSI(Processor Device)
[    0.440875] ACPI: Added _OSI(3.0 _SCP Extensions)
[    0.441247] ACPI: Added _OSI(Processor Aggregator Device)
[    0.441663] ACPI: Added _OSI(Linux-Dell-Video)
[    0.442007] ACPI: Added _OSI(Linux-Lenovo-NV-HDMI-Audio)
[    0.442417] ACPI: Added _OSI(Linux-HPI-Hybrid-Graphics)
[    0.446563] ACPI: 1 ACPI AML tables successfully acquired and loaded
[    0.448909] ACPI: Interpreter enabled
[    0.449253] ACPI: PM: (supports S0 S3 S4 S5)
[    0.449586] ACPI: Using IOAPIC for interrupt routing
[    0.450004] PCI: Using host bridge windows from ACPI; if necessary, use "pci=nocrs" and report a bug
[    0.450702] PCI: Using E820 reservations for host bridge windows
[    0.451604] ACPI: Enabled 2 GPEs in block 00 to 0F
[    0.462211] ACPI: PCI Root Bridge [PCI0] (domain 0000 [bus 00-ff])
[    0.462702] acpi PNP0A03:00: _OSC: OS supports [ASPM ClockPM Segments MSI EDR HPX-Type3]
[    0.463325] acpi PNP0A03:00: _OSC: not requesting OS control; OS requires [ExtendedConfig ASPM ClockPM MSI]
[    0.464057] acpi PNP0A03:00: fail to add MMCONFIG information, can't access extended PCI configuration space under this bridge.
[    0.466258] acpiphp: Slot [3] registered
[    0.466611] acpiphp: Slot [4] registered
[    0.466975] acpiphp: Slot [5] registered
[    0.467326] acpiphp: Slot [6] registered
[    0.467683] acpiphp: Slot [7] registered
[    0.468044] acpiphp: Slot [8] registered
[    0.468398] acpiphp: Slot [9] registered
[    0.468758] acpiphp: Slot [10] registered
[    0.469116] acpiphp: Slot [11] registered
[    0.469491] acpiphp: Slot [12] registered
[    0.469849] acpiphp: Slot [13] registered
[    0.470207] acpiphp: Slot [14] registered
[    0.470564] acpiphp: Slot [15] registered
[    0.470920] acpiphp: Slot [16] registered
[    0.471277] acpiphp: Slot [17] registered
[    0.471643] acpiphp: Slot [18] registered
[    0.472000] acpiphp: Slot [19] registered
[    0.472071] acpiphp: Slot [20] registered
[    0.472435] acpiphp: Slot [21] registered
[    0.472793] acpiphp: Slot [22] registered
[    0.473149] acpiphp: Slot [23] registered
[    0.473516] acpiphp: Slot [24] registered
[    0.473874] acpiphp: Slot [25] registered
[    0.474230] acpiphp: Slot [26] registered
[    0.474589] acpiphp: Slot [27] registered
[    0.474946] acpiphp: Slot [28] registered
[    0.475303] acpiphp: Slot [29] registered
[    0.475660] acpiphp: Slot [30] registered
[    0.476035] acpiphp: Slot [31] registered
[    0.476363] PCI host bridge to bus 0000:00
[    0.476688] pci_bus 0000:00: root bus resource [io  0x0000-0x0cf7 window]
[    0.477212] pci_bus 0000:00: root bus resource [io  0x0d00-0xffff window]
[    0.477735] pci_bus 0000:00: root bus resource [mem 0x000a0000-0x000bffff window]
[    0.478319] pci_bus 0000:00: root bus resource [mem 0x80000000-0xfebfffff window]
[    0.478892] pci_bus 0000:00: root bus resource [mem 0x100000000-0x17fffffff window]
[    0.479479] pci_bus 0000:00: root bus resource [bus 00-ff]
[    0.479956] pci 0000:00:00.0: [8086:1237] type 00 class 0x060000
[    0.481996] pci 0000:00:01.0: [8086:7000] type 00 class 0x060100
[    0.482979] pci 0000:00:01.1: [8086:7010] type 00 class 0x010180
[    0.484701] pci 0000:00:01.1: reg 0x20: [io  0xc040-0xc04f]
[    0.485742] pci 0000:00:01.1: legacy IDE quirk: reg 0x10: [io  0x01f0-0x01f7]
[    0.486287] pci 0000:00:01.1: legacy IDE quirk: reg 0x14: [io  0x03f6]
[    0.486784] pci 0000:00:01.1: legacy IDE quirk: reg 0x18: [io  0x0170-0x0177]
[    0.487328] pci 0000:00:01.1: legacy IDE quirk: reg 0x1c: [io  0x0376]
[    0.488246] pci 0000:00:01.3: [8086:7113] type 00 class 0x068000
[    0.488994] pci 0000:00:01.3: quirk: [io  0x0600-0x063f] claimed by PIIX4 ACPI
[    0.489560] pci 0000:00:01.3: quirk: [io  0x0700-0x070f] claimed by PIIX4 SMB
[    0.490300] pci 0000:00:02.0: [1234:1111] type 00 class 0x030000
[    0.492036] pci 0000:00:02.0: reg 0x10: [mem 0xfd000000-0xfdffffff pref]
[    0.494190] pci 0000:00:02.0: reg 0x18: [mem 0xfebf0000-0xfebf0fff]
[    0.497733] pci 0000:00:02.0: reg 0x30: [mem 0xfebe0000-0xfebeffff pref]
[    0.498598] pci 0000:00:02.0: Video device with shadowed ROM at [mem 0x000c0000-0x000dffff]
[    0.501320] pci 0000:00:03.0: [8086:100e] type 00 class 0x020000
[    0.502331] pci 0000:00:03.0: reg 0x10: [mem 0xfebc0000-0xfebdffff]
[    0.503307] pci 0000:00:03.0: reg 0x14: [io  0xc000-0xc03f]
[    0.506047] pci 0000:00:03.0: reg 0x30: [mem 0xfeb80000-0xfebbffff pref]
[    0.516050] ACPI: PCI: Interrupt link LNKA configured for IRQ 10
[    0.516797] ACPI: PCI: Interrupt link LNKB configured for IRQ 10
[    0.517531] ACPI: PCI: Interrupt link LNKC configured for IRQ 11
[    0.518287] ACPI: PCI: Interrupt link LNKD configured for IRQ 11
[    0.518915] ACPI: PCI: Interrupt link LNKS configured for IRQ 9
[    0.520287] iommu: Default domain type: Translated 
[    0.520671] iommu: DMA domain TLB invalidation policy: lazy mode 
[    0.521662] SCSI subsystem initialized
[    0.522092] ACPI: bus type USB registered
[    0.522447] usbcore: registered new interface driver usbfs
[    0.522888] usbcore: registered new interface driver hub
[    0.523332] usbcore: registered new device driver usb
[    0.523794] pps_core: LinuxPPS API ver. 1 registered
[    0.524033] pps_core: Software ver. 5.3.6 - Copyright 2005-2007 Rodolfo Giometti <giometti@linux.it>
[    0.524739] PTP clock support registered
[    0.525141] EDAC MC: Ver: 3.0.0
[    0.526127] NetLabel: Initializing
[    0.526402] NetLabel:  domain hash size = 128
[    0.526748] NetLabel:  protocols = UNLABELED CIPSOv4 CALIPSO
[    0.527230] NetLabel:  unlabeled traffic allowed by default
[    0.527799] PCI: Using ACPI for IRQ routing
[    0.528188] pci 0000:00:02.0: vgaarb: setting as boot VGA device
[    0.528655] pci 0000:00:02.0: vgaarb: bridge control possible
[    0.529098] pci 0000:00:02.0: vgaarb: VGA device added: decodes=io+mem,owns=io+mem,locks=none
[    0.529749] vgaarb: loaded
[    0.530182] hpet0: at MMIO 0xfed00000, IRQs 2, 8, 0
[    0.530573] hpet0: 3 comparators, 64-bit 100.000000 MHz counter
[    2.625259] clocksource: Switched to clocksource kvm-clock
[    2.626178] VFS: Disk quotas dquot_6.6.0
[    2.626537] VFS: Dquot-cache hash table entries: 512 (order 0, 4096 bytes)
[    2.627201] pnp: PnP ACPI init
[    2.627741] pnp: PnP ACPI: found 6 devices
[    2.636238] clocksource: acpi_pm: mask: 0xffffff max_cycles: 0xffffff, max_idle_ns: 2085701024 ns
[    2.637235] NET: Registered PF_INET protocol family
[    2.637809] IP idents hash table entries: 32768 (order: 6, 262144 bytes, linear)
[    2.643341] tcp_listen_portaddr_hash hash table entries: 1024 (order: 2, 16384 bytes, linear)
[    2.644040] Table-perturb hash table entries: 65536 (order: 6, 262144 bytes, linear)
[    2.644634] TCP established hash table entries: 16384 (order: 5, 131072 bytes, linear)
[    2.646096] TCP bind hash table entries: 16384 (order: 6, 262144 bytes, linear)
[    2.646927] TCP: Hash tables configured (established 16384 bind 16384)
[    2.647535] UDP hash table entries: 1024 (order: 3, 32768 bytes, linear)
[    2.648091] UDP-Lite hash table entries: 1024 (order: 3, 32768 bytes, linear)
[    2.648759] NET: Registered PF_UNIX/PF_LOCAL protocol family
[    2.649465] RPC: Registered named UNIX socket transport module.
[    2.649922] RPC: Registered udp transport module.
[    2.650283] RPC: Registered tcp transport module.
[    2.650644] RPC: Registered tcp NFSv4.1 backchannel transport module.
[    2.651150] pci_bus 0000:00: resource 4 [io  0x0000-0x0cf7 window]
[    2.651628] pci_bus 0000:00: resource 5 [io  0x0d00-0xffff window]
[    2.652112] pci_bus 0000:00: resource 6 [mem 0x000a0000-0x000bffff window]
[    2.652642] pci_bus 0000:00: resource 7 [mem 0x80000000-0xfebfffff window]
[    2.653197] pci_bus 0000:00: resource 8 [mem 0x100000000-0x17fffffff window]
[    2.653893] pci 0000:00:01.0: PIIX3: Enabling Passive Release
[    2.654347] pci 0000:00:00.0: Limiting direct PCI/PCI transfers
[    2.654893] PCI: CLS 0 bytes, default 64
[    2.655218] ACPI: bus type thunderbolt registered
[    2.655824] clocksource: tsc: mask: 0xffffffffffffffff max_cycles: 0x2cd5a8bb032, max_idle_ns: 440795365915 ns
[    2.718149] Initialise system trusted keyrings
[    2.718539] Key type blacklist registered
[    2.718994] workingset: timestamp_bits=36 max_order=19 bucket_order=0
[    2.724005] zbud: loaded
[    2.725079] squashfs: version 4.0 (2009/01/31) Phillip Lougher
[    2.726477] NFS: Registering the id_resolver key type
[    2.726890] Key type id_resolver registered
[    2.727216] Key type id_legacy registered
[    2.727583] nfs4filelayout_init: NFSv4 File Layout Driver Registering...
[    2.728120] nfs4flexfilelayout_init: NFSv4 Flexfile Layout Driver Registering...
[    2.728883] fuse: init (API version 7.36)
[    2.729451] SGI XFS with ACLs, security attributes, realtime, quota, no debug enabled
[    2.731002] 9p: Installing v9fs 9p2000 file system support
[    2.738717] Key type asymmetric registered
[    2.739037] Asymmetric key parser 'x509' registered
[    2.740900] alg: self-tests for CTR-KDF (hmac(sha256)) passed
[    2.741377] Block layer SCSI generic (bsg) driver version 0.4 loaded (major 243)
[    2.742047] io scheduler mq-deadline registered
[    2.742411] io scheduler bfq registered
[    2.743264] shpchp: Standard Hot Plug PCI Controller Driver version: 0.4
[    2.743933] IPMI message handler: version 39.2
[    2.744307] ipmi device interface
[    2.745442] input: Power Button as /devices/LNXSYSTM:00/LNXPWRBN:00/input/input0
[    2.746072] ACPI: button: Power Button [PWRF]
[    2.746956] ERST DBG: ERST support is disabled.
[    2.747639] Serial: 8250/16550 driver, 32 ports, IRQ sharing enabled
[    2.748484] 00:04: ttyS0 at I/O 0x3f8 (irq = 4, base_baud = 115200) is a 16550A
[    2.753577] Linux agpgart interface v0.103
[    2.754194] ACPI: bus type drm_connector registered
[    2.761896] brd: module loaded
[    2.768659] loop: module loaded
[    2.771206] scsi host0: ata_piix
[    2.771791] scsi host1: ata_piix
[    2.772145] ata1: PATA max MWDMA2 cmd 0x1f0 ctl 0x3f6 bmdma 0xc040 irq 14
[    2.772672] ata2: PATA max MWDMA2 cmd 0x170 ctl 0x376 bmdma 0xc048 irq 15
[    2.773724] tun: Universal TUN/TAP device driver, 1.6
[    2.774219] e100: Intel(R) PRO/100 Network Driver
[    2.774584] e100: Copyright(c) 1999-2006 Intel Corporation
[    2.775026] e1000: Intel(R) PRO/1000 Network Driver
[    2.775402] e1000: Copyright (c) 1999-2006 Intel Corporation.
[    2.849964] ACPI: \_SB_.LNKC: Enabled at IRQ 11
[    2.932184] ata1: found unknown device (class 0)
[    2.932958] ata1.00: ATA-7: QEMU HARDDISK, 2.5+, max UDMA/100
[    2.933426] ata1.00: 16777216 sectors, multi 16: LBA48 
[    2.934355] scsi 0:0:0:0: Direct-Access     ATA      QEMU HARDDISK    2.5+ PQ: 0 ANSI: 5
[    2.935564] sd 0:0:0:0: [sda] 16777216 512-byte logical blocks: (8.59 GB/8.00 GiB)
[    2.936192] sd 0:0:0:0: [sda] Write Protect is off
[    2.936611] sd 0:0:0:0: Attached scsi generic sg0 type 0
[    2.937128] sd 0:0:0:0: [sda] Write cache: enabled, read cache: enabled, doesn't support DPO or FUA
[    2.937881] sd 0:0:0:0: [sda] Preferred minimum I/O size 512 bytes
[    2.938543] ata2: found unknown device (class 0)
[    2.939589] ata2.00: ATAPI: QEMU DVD-ROM, 2.5+, max UDMA/100
[    2.940815] scsi 1:0:0:0: CD-ROM            QEMU     QEMU DVD-ROM     2.5+ PQ: 0 ANSI: 5
[    2.996672] scsi 1:0:0:0: Attached scsi generic sg1 type 5
[    2.997967] sd 0:0:0:0: [sda] Attached SCSI disk
[    3.170683] e1000 0000:00:03.0 eth0: (PCI:33MHz:32-bit) 52:54:00:12:34:56
[    3.171222] e1000 0000:00:03.0 eth0: Intel(R) PRO/1000 Network Connection
[    3.171807] e1000e: Intel(R) PRO/1000 Network Driver
[    3.172198] e1000e: Copyright(c) 1999 - 2015 Intel Corporation.
[    3.172708] igb: Intel(R) Gigabit Ethernet Network Driver
[    3.173125] igb: Copyright (c) 2007-2014 Intel Corporation.
[    3.173607] PPP generic driver version 2.4.2
[    3.174330] VFIO - User Level meta-driver version: 0.3
[    3.174761] ehci_hcd: USB 2.0 'Enhanced' Host Controller (EHCI) Driver
[    3.175272] ehci-pci: EHCI PCI platform driver
[    3.175633] ehci-platform: EHCI generic platform driver
[    3.176068] ohci_hcd: USB 1.1 'Open' Host Controller (OHCI) Driver
[    3.176570] ohci-pci: OHCI PCI platform driver
[    3.176949] ohci-platform: OHCI generic platform driver
[    3.177365] uhci_hcd: USB Universal Host Controller Interface driver
[    3.178181] usbcore: registered new interface driver uas
[    3.178637] usbcore: registered new interface driver usb-storage
[    3.179161] i8042: PNP: PS/2 Controller [PNP0303:KBD,PNP0f13:MOU] at 0x60,0x64 irq 1,12
[    3.180324] serio: i8042 KBD port at 0x60,0x64 irq 1
[    3.180720] serio: i8042 AUX port at 0x60,0x64 irq 12
[    3.181593] mousedev: PS/2 mouse device common for all mice
[    3.182461] rtc_cmos 00:05: RTC can wake from S4
[    3.182927] input: AT Translated Set 2 keyboard as /devices/platform/i8042/serio0/input/input1
[    3.184099] input: VirtualPS/2 VMware VMMouse as /devices/platform/i8042/serio1/input/input4
[    3.185233] input: VirtualPS/2 VMware VMMouse as /devices/platform/i8042/serio1/input/input3
[    3.186279] rtc_cmos 00:05: registered as rtc0
[    3.186670] rtc_cmos 00:05: setting system clock to 2022-12-07T15:58:23 UTC (1670428703)
[    3.187369] rtc_cmos 00:05: alarms up to one day, y3k, 242 bytes nvram, hpet irqs
[    3.187974] i2c_dev: i2c /dev entries driver
[    3.188338] device-mapper: core: CONFIG_IMA_DISABLE_HTABLE is disabled. Duplicate IMA measurements will not be recorded in the IMA log.
[    3.189766] device-mapper: uevent: version 1.0.3
[    3.190286] device-mapper: ioctl: 4.47.0-ioctl (2022-07-28) initialised: dm-devel@redhat.com
[    3.190940] intel_pstate: CPU model not supported
[    3.191368] sdhci: Secure Digital Host Controller Interface driver
[    3.191850] sdhci: Copyright(c) Pierre Ossman
[    3.192248] sdhci-pltfm: SDHCI platform and OF driver helper
[    3.192761] ledtrig-cpu: registered to indicate activity on CPUs
[    3.193380] drop_monitor: Initializing network drop monitor service
[    3.194224] NET: Registered PF_INET6 protocol family
[    3.195837] Segment Routing with IPv6
[    3.196183] In-situ OAM (IOAM) with IPv6
[    3.196518] NET: Registered PF_PACKET protocol family
[    3.197054] 9pnet: Installing 9P2000 support
[    3.197417] Key type dns_resolver registered
[    3.198229] IPI shorthand broadcast: enabled
[    3.198592] sched_clock: Marking stable (3187890075, 10169654)->(3202092423, -4032694)
[    3.199499] registered taskstats version 1
[    3.199876] Loading compiled-in X.509 certificates
[    3.200410] zswap: loaded using pool lzo/zbud
[    3.201071] Key type ._fscrypt registered
[    3.201384] Key type .fscrypt registered
[    3.201689] Key type fscrypt-provisioning registered
[    3.202671] Key type encrypted registered
[    3.202996] ima: No TPM chip found, activating TPM-bypass!
[    3.203428] ima: Allocated hash algorithm: sha1
[    3.203788] ima: No architecture policies found
[    3.204161] evm: Initialising EVM extended attributes:
[    3.204557] evm: security.selinux
[    3.204821] evm: security.SMACK64
[    3.205080] evm: security.SMACK64EXEC
[    3.205370] evm: security.SMACK64TRANSMUTE
[    3.205688] evm: security.SMACK64MMAP
[    3.205973] evm: security.apparmor
[    3.206238] evm: security.ima
[    3.206470] evm: security.capability
[    3.206748] evm: HMAC attrs: 0x1
[    3.210165] PM:   Magic number: 2:596:992
[    3.210741] RAS: Correctable Errors collector initialized.
[    3.211434] md: Waiting for all devices to be available before autodetect
[    3.211823] md: If you don't use raid, use raid=noautodetect
[    3.212157] md: Autodetecting RAID arrays.
[    3.212392] md: autorun ...
[    3.212556] md: ... autorun DONE.
[    3.214549] EXT4-fs (sda): INFO: recovery required on readonly filesystem
[    3.214927] EXT4-fs (sda): write access will be enabled during recovery
[    3.280363] EXT4-fs (sda): recovery complete
[    3.285582] EXT4-fs (sda): mounted filesystem with ordered data mode. Quota mode: none.
[    3.286060] VFS: Mounted root (ext4 filesystem) readonly on device 8:0.
[    3.286662] devtmpfs: mounted
[    3.293788] Freeing unused decrypted memory: 2036K
[    3.294828] Freeing unused kernel image (initmem) memory: 3604K
[    3.295167] Write protecting the kernel read-only data: 40960k
[    3.297194] Freeing unused kernel image (text/rodata gap) memory: 2032K
[    3.297872] Freeing unused kernel image (rodata/data gap) memory: 360K
[    3.379008] x86/mm: Checked W+X mappings: passed, no W+X pages found.
[    3.379363] Run /sbin/init as init process
[    3.449260] systemd[1]: RTC configured in localtime, applying delta of 0 minutes to system time.
[    3.464733] systemd[1]: systemd 239 (239-49.el8) running in system mode. (+PAM +AUDIT +SELINUX +IMA -APPARMOR +SMACK +SYSVINIT +UTMP +LIBCRYPTSETUP +GCRYPT +GNUTLS +ACL +XZ +LZ4 +SECCOMP +BLKID +ELFUTILS +KMOD +IDN2 -IDN +PCRE2 default-hierarchy=legacy)
[    3.466043] systemd[1]: Detected virtualization kvm.
[    3.466335] systemd[1]: Detected architecture x86-64.

Welcome to [0;31mCentOS Stream 8[0m!

[    3.478794] systemd[1]: Set hostname to <test>.
[    5.368036] random: crng init done
[    5.440164] systemd[1]: Set up automount Arbitrary Executable File Formats File System Automount Point.
[[0;32m  OK  [0m] Set up automount Arbitrary Executabâ€¦rmats File System Automount Point.
[    5.441564] systemd[1]: Listening on udev Kernel Socket.
[[0;32m  OK  [0m] Listening on udev Kernel Socket.
[    5.442404] systemd[1]: Listening on udev Control Socket.
[[0;32m  OK  [0m] Listening on udev Control Socket.
[    5.443202] systemd[1]: Started Forward Password Requests to Wall Directory Watch.
[[0;32m  OK  [0m] Started Forward Password Requests to Wall Directory Watch.
[    5.444177] systemd[1]: Reached target Swap.
[[0;32m  OK  [0m] Reached target Swap.
[    5.445991] systemd[1]: Created slice system-getty.slice.
[[0;32m  OK  [0m] Created slice system-getty.slice.
[[0;32m  OK  [0m] Created slice User and Session Slice.
[[0;32m  OK  [0m] Reached target Slices.
[   10.667681] systemd[1]: Listening on Journal Socket.
[[0;32m  OK  [0m] Listening on Journal Socket.
[   10.688370] systemd[1]: Starting Remount Root and Kernel File Systems...
         Starting Remount Root and Kernel File Systems...
[   10.691469] systemd[1]: Starting Load Kernel Modules...
         Starting Load Kernel Modules...
[   10.693860] systemd[1]: Mounting Huge Pages File System...
         Mounting Huge Pages File System...
[   10.702354] systemd[1]: Listening on Process Core Dump Socket.
[[0;32m  OK  [0m] Listening on Process Core Dump Socket.
[   10.703176] systemd[1]: Listening on LVM2 poll daemon socket.
[[0;32m  OK  [0m] Listening on LVM2 poll daemon socket.
[   10.703926] systemd[1]: Listening on Journal Socket (/dev/log).
[[0;32m  OK  [0m] Listening on Journal Socket (/dev/log).
[   10.706013] systemd[1]: Starting Journal Service...
         Starting Journal Service...
[   10.706655] systemd[1]: Listening on initctl Compatibility Named Pipe.
[[0;32m  OK  [0m] Listening on initctl Compatibility Named Pipe.
[   10.708745] systemd[1]: Starting Setup Virtual Console...
         Starting Setup Virtual Console...
[[0;32m  OK  [0m] Listening on RPCbind Server Activation Socket.
[[0;32m  OK  [0m] Reached target RPC Port Mapper.
[[0;32m  OK  [0m] Created slice system-serial\x2dgetty.slice.
         Mounting POSIX Message Queue File System...
         Starting udev Coldplug all Devices...
[[0;32m  OK  [0m] Listening on multipathd control socket.
[[0;32m  OK  [0m] Listening on Device-mapper event daemon FIFOs.
         Starting Monitoring of LVM2 mirrorsâ€¦ng dmeventd or progress polling...
[[0;32m  OK  [0m] Created slice system-sshd\x2dkeygen.slice.
         Mounting Kernel Debug File System...
[   10.848209] EXT4-fs (sda): re-mounted. Quota mode: none.
[[0;1;31mFAILED[0m] Failed to start Load Kernel Modules.
See 'systemctl status systemd-modules-load.service' for details.
[[0;32m  OK  [0m] Started Journal Service.
[[0;32m  OK  [0m] Started Remount Root and Kernel File Systems.
[[0;32m  OK  [0m] Mounted Huge Pages File System.
[[0;32m  OK  [0m] Mounted POSIX Message Queue File System.
[[0;32m  OK  [0m] Mounted Kernel Debug File System.
         Starting Load/Save Random Seed...
         Starting Create Static Device Nodes in /dev...
         Starting Flush Journal to Persistent Storage...
         Starting Apply Kernel Variables...
         Mounting Kernel Configuration File System...
         Mounting FUSE Control File System...
[[0;32m  OK  [0m] Started Load/Save Random Seed.
[[0;32m  OK  [0m] Started Create Static Device Nodes in /dev.
[[0;32m  OK  [0m] Started Apply Kernel Variables.
[[0;32m  OK  [0m] Started udev Coldplug all Devices.
[[0;32m  OK  [0m] Mounted Kernel Configuration File System.
[[0;32m  OK  [0m] Started Setup Virtual Console.
[[0;32m  OK  [0m] Mounted FUSE Control File System.
         Starting udev Wait for Complete Device Initialization...
         Starting udev Kernel Device Manager...
[[0;32m  OK  [0m] Started Flush Journal to Persistent Storage.
[[0;32m  OK  [0m] Started udev Kernel Device Manager.
         Starting Show Plymouth Boot Screen...
[[0;32m  OK  [0m] Started Show Plymouth Boot Screen.
[[0;32m  OK  [0m] Reached target Paths.
[[0;32m  OK  [0m] Reached target Local Encrypted Volumes.
[[0;32m  OK  [0m] Started Forward Password Requests to Plymouth Directory Watch.
[[0;32m  OK  [0m] Found device /dev/ttyS0.
[[0;32m  OK  [0m] Started Monitoring of LVM2 mirrors,â€¦sing dmeventd or progress polling.
[[0;32m  OK  [0m] Started udev Wait for Complete Device Initialization.
[[0;32m  OK  [0m] Listening on Load/Save RF Kill Switch Status /dev/rfkill Watch.
[[0;32m  OK  [0m] Reached target Local File Systems (Pre).
[[0;32m  OK  [0m] Reached target Local File Systems.
         Starting Restore /run/initramfs on shutdown...
         Starting Tell Plymouth To Write Out Runtime Data...
         Starting Create Volatile Files and Directories...
[[0;32m  OK  [0m] Started Restore /run/initramfs on shutdown.
[[0;32m  OK  [0m] Started Tell Plymouth To Write Out Runtime Data.
[[0;32m  OK  [0m] Started Create Volatile Files and Directories.
         Starting RPC Bind...
         Starting Security Auditing Service...
         Mounting RPC Pipe File System...
[[0;32m  OK  [0m] Mounted RPC Pipe File System.
[[0;32m  OK  [0m] Reached target rpc_pipefs.target.
[[0;32m  OK  [0m] Started RPC Bind.
[[0;32m  OK  [0m] Started Security Auditing Service.
         Starting Update UTMP about System Boot/Shutdown...
[[0;32m  OK  [0m] Started Update UTMP about System Boot/Shutdown.
[[0;32m  OK  [0m] Reached target System Initialization.
[[0;32m  OK  [0m] Started daily update of the root trust anchor for DNSSEC.
[[0;32m  OK  [0m] Listening on D-Bus System Message Bus Socket.
[[0;32m  OK  [0m] Listening on SSSD Kerberos Cache Manager responder socket.
[[0;32m  OK  [0m] Reached target Sockets.
[[0;32m  OK  [0m] Reached target Basic System.
         Starting NTP client/server...
[[0;32m  OK  [0m] Started irqbalance daemon.
         Starting Self Monitoring and Reporting Technology (SMART) Daemon...
         Starting Authorization Manager...
[[0;32m  OK  [0m] Started D-Bus System Message Bus.
         Starting Network Manager...
[[0;32m  OK  [0m] Started dnf makecache --timer.
[[0;32m  OK  [0m] Started Machine Check Exception Logging Daemon.
         Starting Login Service...
         Starting Auto-connect to subsystemsâ€¦-NVME devices found during boot...
[[0;32m  OK  [0m] Reached target sshd-keygen.target.
[[0;32m  OK  [0m] Started Daily Cleanup of Temporary Directories.
[[0;32m  OK  [0m] Reached target Timers.
         Starting update of the root trust aâ€¦or DNSSEC validation in unbound...
[[0;32m  OK  [0m] Started Auto-connect to subsystems â€¦FC-NVME devices found during boot.
[[0;32m  OK  [0m] Started NTP client/server.
[[0;32m  OK  [0m] Started Self Monitoring and Reporting Technology (SMART) Daemon.
[[0;32m  OK  [0m] Started update of the root trust anâ€¦ for DNSSEC validation in unbound.
[[0;32m  OK  [0m] Started Login Service.
[[0;32m  OK  [0m] Started Network Manager.
         Starting Network Manager Wait Online...
[[0;32m  OK  [0m] Reached target Network.
         Starting GSSAPI Proxy Daemon...
         Starting OpenSSH server daemon...
         Starting Dynamic System Tuning Daemon...
         Starting Hostname Service...
[[0;32m  OK  [0m] Started GSSAPI Proxy Daemon.
[[0;32m  OK  [0m] Reached target NFS client services.
[[0;32m  OK  [0m] Reached target Remote File Systems (Pre).
[[0;32m  OK  [0m] Reached target Remote File Systems.
         Starting Permit User Sessions...
[[0;32m  OK  [0m] Started OpenSSH server daemon.
[[0;32m  OK  [0m] Started Authorization Manager.
[[0;32m  OK  [0m] Started Permit User Sessions.
         Starting Hold until boot process finishes up...
         Starting Terminate Plymouth Boot Screen...
[[0;32m  OK  [0m] Started Command Scheduler.
[   12.097238] e1000: eth0 NIC Link is Up 1000 Mbps Full Duplex, Flow Control: RX
[   12.098016] IPv6: ADDRCONF(NETDEV_CHANGE): eth0: link becomes ready
[   12.273592] Spectre V2 : WARNING: Unprivileged eBPF is enabled with eIBRS on, data leaks possible via Spectre v2 BHB attacks!
[   12.274352] Spectre V2 : WARNING: Unprivileged eBPF is enabled with eIBRS on, data leaks possible via Spectre v2 BHB attacks!

CentOS Stream 8
Kernel 5.19.0-1d239c1eb873+ on an x86_64

test login: [   29.104770] perf: interrupt took too long (2531 > 2500), lowering kernel.perf_event_max_sample_rate to 79000
[   29.255707] perf: interrupt took too long (3180 > 3163), lowering kernel.perf_event_max_sample_rate to 62750
[   29.611469] perf: interrupt took too long (3976 > 3975), lowering kernel.perf_event_max_sample_rate to 50250
[   30.091654] perf: interrupt took too long (5011 > 4970), lowering kernel.perf_event_max_sample_rate to 39750
[   31.317817] perf: interrupt took too long (6289 > 6263), lowering kernel.perf_event_max_sample_rate to 31750
[   32.841928] perf: interrupt took too long (7874 > 7861), lowering kernel.perf_event_max_sample_rate to 25250
[   34.905885] perf: interrupt took too long (9844 > 9842), lowering kernel.perf_event_max_sample_rate to 20250
[   42.338627] perf: interrupt took too long (12307 > 12305), lowering kernel.perf_event_max_sample_rate to 16250
[   49.645576] Pid 2269(repro) over core_pipe_limit
[   49.645867] Skipping core dump
[   49.683650] Pid 2271(repro) over core_pipe_limit
[   49.683929] Skipping core dump
[   49.723078] Pid 2274(repro) over core_pipe_limit
[   49.723679] Skipping core dump
[   49.768154] Pid 2276(repro) over core_pipe_limit
[   49.768748] Skipping core dump
[   64.016896] Pid 3276(repro) over core_pipe_limit
[   64.017197] Skipping core dump
[   64.061004] Pid 3280(repro) over core_pipe_limit
[   64.061305] Skipping core dump
[   64.093418] Pid 3282(repro) over core_pipe_limit
[   64.093720] Skipping core dump
[   95.546489] Pid 5449(repro) over core_pipe_limit
[   95.546775] Skipping core dump
