c[?7l[2J[0mSeaBIOS (version rel-1.16.0-0-gd239552ce722-prebuilt.qemu.org)


iPXE (http://ipxe.org) 00:03.0 CA00 PCI2.10 PnP PMM+7FF91000+7FEF1000 CA00
Press Ctrl-B to configure iPXE (PCI 00:03.0)...                                                                               


Booting from ROM..c[?7l[2J[0m.[    0.000000] Linux version 6.1.0-rc7-355479c70a48+ (root@p-tglh01.sh.intel.com) (gcc (GCC) 8.5.0 20210514 (Red Hat 8.5.0-17), GNU ld version 2.36.1-2.el8) #1 SMP PREEMPT_DYNAMIC Thu Dec  8 04:00:17 CST 2022
[    0.000000] Command line: console=ttyS0 root=/dev/sda earlyprintk=serial net.ifnames=0
[    0.000000] KERNEL supported cpus:
[    0.000000]   Intel GenuineIntel
[    0.000000]   AMD AuthenticAMD
[    0.000000]   Hygon HygonGenuine
[    0.000000]   Centaur CentaurHauls
[    0.000000]   zhaoxin   Shanghai  
[    0.000000] x86/fpu: Supporting XSAVE feature 0x001: 'x87 floating point registers'
[    0.000000] x86/fpu: Supporting XSAVE feature 0x002: 'SSE registers'
[    0.000000] x86/fpu: Supporting XSAVE feature 0x004: 'AVX registers'
[    0.000000] x86/fpu: Supporting XSAVE feature 0x020: 'AVX-512 opmask'
[    0.000000] x86/fpu: Supporting XSAVE feature 0x040: 'AVX-512 Hi256'
[    0.000000] x86/fpu: Supporting XSAVE feature 0x080: 'AVX-512 ZMM_Hi256'
[    0.000000] x86/fpu: Supporting XSAVE feature 0x200: 'Protection Keys User registers'
[    0.000000] x86/fpu: xstate_offset[2]:  576, xstate_sizes[2]:  256
[    0.000000] x86/fpu: xstate_offset[5]:  832, xstate_sizes[5]:   64
[    0.000000] x86/fpu: xstate_offset[6]:  896, xstate_sizes[6]:  512
[    0.000000] x86/fpu: xstate_offset[7]: 1408, xstate_sizes[7]: 1024
[    0.000000] x86/fpu: xstate_offset[9]: 2432, xstate_sizes[9]:    8
[    0.000000] x86/fpu: Enabled xstate features 0x2e7, context size is 2440 bytes, using 'compacted' format.
[    0.000000] signal: max sigframe size: 3632
[    0.000000] BIOS-provided physical RAM map:
[    0.000000] BIOS-e820: [mem 0x0000000000000000-0x000000000009fbff] usable
[    0.000000] BIOS-e820: [mem 0x000000000009fc00-0x000000000009ffff] reserved
[    0.000000] BIOS-e820: [mem 0x00000000000f0000-0x00000000000fffff] reserved
[    0.000000] BIOS-e820: [mem 0x0000000000100000-0x000000007ffdffff] usable
[    0.000000] BIOS-e820: [mem 0x000000007ffe0000-0x000000007fffffff] reserved
[    0.000000] BIOS-e820: [mem 0x00000000feffc000-0x00000000feffffff] reserved
[    0.000000] BIOS-e820: [mem 0x00000000fffc0000-0x00000000ffffffff] reserved
[    0.000000] printk: bootconsole [earlyser0] enabled
[    0.000000] NX (Execute Disable) protection: active
[    0.000000] SMBIOS 2.8 present.
[    0.000000] DMI: QEMU Standard PC (i440FX + PIIX, 1996), BIOS rel-1.16.0-0-gd239552ce722-prebuilt.qemu.org 04/01/2014
[    0.000000] Hypervisor detected: KVM
[    0.000000] kvm-clock: Using msrs 4b564d01 and 4b564d00
[    0.000004] kvm-clock: using sched offset of 394780140 cycles
[    0.000445] clocksource: kvm-clock: mask: 0xffffffffffffffff max_cycles: 0x1cd42e4dffb, max_idle_ns: 881590591483 ns
[    0.001779] tsc: Detected 3110.400 MHz processor
[    0.009555] last_pfn = 0x7ffe0 max_arch_pfn = 0x400000000
[    0.010060] x86/PAT: Configuration [0-7]: WB  WC  UC- UC  WB  WP  UC- WT  
[    0.020396] found SMP MP-table at [mem 0x000f5ba0-0x000f5baf]
[    0.020992] Using GB pages for direct mapping
[    0.022494] ACPI: Early table checksum verification disabled
[    0.023018] ACPI: RSDP 0x00000000000F59C0 000014 (v00 BOCHS )
[    0.023548] ACPI: RSDT 0x000000007FFE1951 000034 (v01 BOCHS  BXPC     00000001 BXPC 00000001)
[    0.024275] ACPI: FACP 0x000000007FFE17FD 000074 (v01 BOCHS  BXPC     00000001 BXPC 00000001)
[    0.025001] ACPI: DSDT 0x000000007FFE0040 0017BD (v01 BOCHS  BXPC     00000001 BXPC 00000001)
[    0.025716] ACPI: FACS 0x000000007FFE0000 000040
[    0.026121] ACPI: APIC 0x000000007FFE1871 000080 (v01 BOCHS  BXPC     00000001 BXPC 00000001)
[    0.026842] ACPI: HPET 0x000000007FFE18F1 000038 (v01 BOCHS  BXPC     00000001 BXPC 00000001)
[    0.027576] ACPI: WAET 0x000000007FFE1929 000028 (v01 BOCHS  BXPC     00000001 BXPC 00000001)
[    0.028293] ACPI: Reserving FACP table memory at [mem 0x7ffe17fd-0x7ffe1870]
[    0.028875] ACPI: Reserving DSDT table memory at [mem 0x7ffe0040-0x7ffe17fc]
[    0.029465] ACPI: Reserving FACS table memory at [mem 0x7ffe0000-0x7ffe003f]
[    0.030052] ACPI: Reserving APIC table memory at [mem 0x7ffe1871-0x7ffe18f0]
[    0.030635] ACPI: Reserving HPET table memory at [mem 0x7ffe18f1-0x7ffe1928]
[    0.031230] ACPI: Reserving WAET table memory at [mem 0x7ffe1929-0x7ffe1950]
[    0.032829] No NUMA configuration found
[    0.033147] Faking a node at [mem 0x0000000000000000-0x000000007ffdffff]
[    0.033789] NODE_DATA(0) allocated [mem 0x7ffb5000-0x7ffdffff]
[    0.037665] Zone ranges:
[    0.037890]   DMA      [mem 0x0000000000001000-0x0000000000ffffff]
[    0.038437]   DMA32    [mem 0x0000000001000000-0x000000007ffdffff]
[    0.038973]   Normal   empty
[    0.039232]   Device   empty
[    0.039489] Movable zone start for each node
[    0.039841] Early memory node ranges
[    0.040135]   node   0: [mem 0x0000000000001000-0x000000000009efff]
[    0.040650]   node   0: [mem 0x0000000000100000-0x000000007ffdffff]
[    0.041172] Initmem setup node 0 [mem 0x0000000000001000-0x000000007ffdffff]
[    0.042435] On node 0, zone DMA: 1 pages in unavailable ranges
[    0.042597] On node 0, zone DMA: 97 pages in unavailable ranges
[    0.075434] On node 0, zone DMA32: 32 pages in unavailable ranges
[    0.076234] ACPI: PM-Timer IO Port: 0x608
[    0.077156] ACPI: LAPIC_NMI (acpi_id[0xff] dfl dfl lint[0x1])
[    0.077689] IOAPIC[0]: apic_id 0, version 17, address 0xfec00000, GSI 0-23
[    0.078279] ACPI: INT_SRC_OVR (bus 0 bus_irq 0 global_irq 2 dfl dfl)
[    0.078817] ACPI: INT_SRC_OVR (bus 0 bus_irq 5 global_irq 5 high level)
[    0.079375] ACPI: INT_SRC_OVR (bus 0 bus_irq 9 global_irq 9 high level)
[    0.079937] ACPI: INT_SRC_OVR (bus 0 bus_irq 10 global_irq 10 high level)
[    0.080505] ACPI: INT_SRC_OVR (bus 0 bus_irq 11 global_irq 11 high level)
[    0.081088] ACPI: Using ACPI (MADT) for SMP configuration information
[    0.081628] ACPI: HPET id: 0x8086a201 base: 0xfed00000
[    0.082087] TSC deadline timer available
[    0.082421] smpboot: Allowing 2 CPUs, 0 hotplug CPUs
[    0.082899] kvm-guest: KVM setup pv remote TLB flush
[    0.083339] kvm-guest: setup PV sched yield
[    0.083774] PM: hibernation: Registered nosave memory: [mem 0x00000000-0x00000fff]
[    0.084454] PM: hibernation: Registered nosave memory: [mem 0x0009f000-0x0009ffff]
[    0.085126] PM: hibernation: Registered nosave memory: [mem 0x000a0000-0x000effff]
[    0.085788] PM: hibernation: Registered nosave memory: [mem 0x000f0000-0x000fffff]
[    0.086460] [mem 0x80000000-0xfeffbfff] available for PCI devices
[    0.086980] Booting paravirtualized kernel on KVM
[    0.087396] clocksource: refined-jiffies: mask: 0xffffffff max_cycles: 0xffffffff, max_idle_ns: 7645519600211568 ns
[    0.088302] setup_percpu: NR_CPUS:8192 nr_cpumask_bits:2 nr_cpu_ids:2 nr_node_ids:1
[    0.090985] percpu: Embedded 62 pages/cpu s217088 r8192 d28672 u1048576
[    0.091798] kvm-guest: PV spinlocks enabled
[    0.092181] PV qspinlock hash table entries: 256 (order: 0, 4096 bytes, linear)
[    0.092822] Fallback order for Node 0: 0 
[    0.093172] Built 1 zonelists, mobility grouping on.  Total pages: 515808
[    0.093753] Policy zone: DMA32
[    0.094014] Kernel command line: net.ifnames=0 console=ttyS0 root=/dev/sda earlyprintk=serial net.ifnames=0
[    0.097113] Dentry cache hash table entries: 262144 (order: 9, 2097152 bytes, linear)
[    0.098465] Inode-cache hash table entries: 131072 (order: 8, 1048576 bytes, linear)
[    0.099284] mem auto-init: stack:off, heap alloc:off, heap free:off
[    0.103053] Memory: 1999736K/2096632K available (30736K kernel code, 4097K rwdata, 7580K rodata, 3636K init, 10496K bss, 96640K reserved, 0K cma-reserved)
[    0.105409] SLUB: HWalign=64, Order=0-3, MinObjects=0, CPUs=2, Nodes=1
[    0.105967] kmemleak: Kernel memory leak detector disabled
[    0.106446] ftrace: allocating 67019 entries in 262 pages
[    0.129355] ftrace: allocated 262 pages with 3 groups
[    0.131436] Dynamic Preempt: voluntary
[    0.131868] rcu: Preemptible hierarchical RCU implementation.
[    0.132344] rcu: 	RCU restricting CPUs from NR_CPUS=8192 to nr_cpu_ids=2.
[    0.132915] 	Trampoline variant of Tasks RCU enabled.
[    0.133334] 	Rude variant of Tasks RCU enabled.
[    0.133715] 	Tracing variant of Tasks RCU enabled.
[    0.134108] rcu: RCU calculated value of scheduler-enlistment delay is 25 jiffies.
[    0.134728] rcu: Adjusting geometry for rcu_fanout_leaf=16, nr_cpu_ids=2
[    0.161594] NR_IRQS: 524544, nr_irqs: 440, preallocated irqs: 16
[    0.162387] rcu: srcu_init: Setting srcu_struct sizes based on contention.
[    0.170264] Console: colour VGA+ 80x25
[    0.170631] printk: console [ttyS0] enabled
[    0.170631] printk: console [ttyS0] enabled
[    0.171406] printk: bootconsole [earlyser0] disabled
[    0.171406] printk: bootconsole [earlyser0] disabled
[    0.172295] ACPI: Core revision 20220331
[    0.172860] clocksource: hpet: mask: 0xffffffff max_cycles: 0xffffffff, max_idle_ns: 19112604467 ns
[    0.173716] APIC: Switch to symmetric I/O mode setup
[    0.174311] x2apic enabled
[    0.174733] Switched APIC routing to physical x2apic.
[    0.175175] kvm-guest: setup PV IPIs
[    0.176355] ..TIMER: vector=0x30 apic1=0 pin1=2 apic2=-1 pin2=-1
[    0.176895] clocksource: tsc-early: mask: 0xffffffffffffffff max_cycles: 0x2cd5a8bb032, max_idle_ns: 440795365915 ns
[    0.177839] Calibrating delay loop (skipped) preset value.. 6220.80 BogoMIPS (lpj=12441600)
[    0.178550] pid_max: default: 32768 minimum: 301
[    0.179107] LSM: Security Framework initializing
[    0.179518] Yama: becoming mindful.
[    0.179999] Mount-cache hash table entries: 4096 (order: 3, 32768 bytes, linear)
[    0.180646] Mountpoint-cache hash table entries: 4096 (order: 3, 32768 bytes, linear)
[    0.183947] x86/cpu: User Mode Instruction Prevention (UMIP) activated
[    0.184820] Last level iTLB entries: 4KB 0, 2MB 0, 4MB 0
[    0.185313] Last level dTLB entries: 4KB 0, 2MB 0, 4MB 0, 1GB 0
[    0.185897] Spectre V1 : Mitigation: usercopy/swapgs barriers and __user pointer sanitization
[    0.186645] Spectre V2 : WARNING: Unprivileged eBPF is enabled with eIBRS on, data leaks possible via Spectre v2 BHB attacks!
[    0.187629] Spectre V2 : Mitigation: Enhanced IBRS
[    0.188017] Spectre V2 : Spectre v2 / SpectreRSB mitigation: Filling RSB on context switch
[    0.188680] Spectre V2 : Spectre v2 / PBRSB-eIBRS: Retire a single CALL on VMEXIT
[    0.189287] Spectre V2 : mitigation: Enabling conditional Indirect Branch Prediction Barrier
[    0.189835] Speculative Store Bypass: Mitigation: Speculative Store Bypass disabled via prctl
[    0.301236] Freeing SMP alternatives memory: 56K
[    0.301879] smpboot: CPU0: Genuine Intel(R) CPU 0000 @ 2.20GHz (family: 0x6, model: 0x8d, stepping: 0x0)
[    0.302911] cblist_init_generic: Setting adjustable number of callback queues.
[    0.303496] cblist_init_generic: Setting shift to 1 and lim to 1.
[    0.304038] cblist_init_generic: Setting shift to 1 and lim to 1.
[    0.304562] cblist_init_generic: Setting shift to 1 and lim to 1.
[    0.305097] Performance Events: Icelake events, full-width counters, Intel PMU driver.
[    0.305832] ... version:                2
[    0.305836] ... bit width:              48
[    0.306162] ... generic registers:      8
[    0.306483] ... value mask:             0000ffffffffffff
[    0.306910] ... max period:             00007fffffffffff
[    0.307353] ... fixed-purpose events:   3
[    0.307673] ... event mask:             00000007000000ff
[    0.308347] rcu: Hierarchical SRCU implementation.
[    0.308733] rcu: 	Max phase no-delay instances is 1000.
[    0.311418] smp: Bringing up secondary CPUs ...
[    0.312070] x86: Booting SMP configuration:
[    0.312415] .... node  #0, CPUs:      #1
[    0.312776] smp: Brought up 1 node, 2 CPUs
[    0.312776] smpboot: Max logical packages: 1
[    0.313839] smpboot: Total of 2 processors activated (12441.60 BogoMIPS)
[    0.317413] devtmpfs: initialized
[    0.317979] x86/mm: Memory block size: 128MB
[    0.319476] clocksource: jiffies: mask: 0xffffffff max_cycles: 0xffffffff, max_idle_ns: 7645041785100000 ns
[    0.319476] futex hash table entries: 512 (order: 3, 32768 bytes, linear)
[    0.319565] pinctrl core: initialized pinctrl subsystem
[    0.321920] 
[    0.322052] *************************************************************
[    0.322596] **     NOTICE NOTICE NOTICE NOTICE NOTICE NOTICE NOTICE    **
[    0.323151] **                                                         **
[    0.323695] **  IOMMU DebugFS SUPPORT HAS BEEN ENABLED IN THIS KERNEL  **
[    0.324239] **                                                         **
[    0.324785] ** This means that this kernel is built to expose internal **
[    0.325317] ** IOMMU data structures, which may compromise security on **
[    0.325835] ** your system.                                            **
[    0.326368] **                                                         **
[    0.326901] ** If you see this message and you are not debugging the   **
[    0.327443] ** kernel, report this immediately to your vendor!         **
[    0.327976] **                                                         **
[    0.328508] **     NOTICE NOTICE NOTICE NOTICE NOTICE NOTICE NOTICE    **
[    0.329045] *************************************************************
[    0.329619] PM: RTC time: 20:00:51, date: 2022-12-07
[    0.333595] NET: Registered PF_NETLINK/PF_ROUTE protocol family
[    0.334210] DMA: preallocated 256 KiB GFP_KERNEL pool for atomic allocations
[    0.334809] DMA: preallocated 256 KiB GFP_KERNEL|GFP_DMA pool for atomic allocations
[    0.335421] DMA: preallocated 256 KiB GFP_KERNEL|GFP_DMA32 pool for atomic allocations
[    0.336074] audit: initializing netlink subsys (disabled)
[    0.336566] audit: type=2000 audit(1670443251.912:1): state=initialized audit_enabled=0 res=1
[    0.336566] thermal_sys: Registered thermal governor 'fair_share'
[    0.336566] thermal_sys: Registered thermal governor 'bang_bang'
[    0.337837] thermal_sys: Registered thermal governor 'step_wise'
[    0.338333] thermal_sys: Registered thermal governor 'user_space'
[    0.338845] cpuidle: using governor ladder
[    0.339684] cpuidle: using governor menu
[    0.340230] acpiphp: ACPI Hot Plug PCI Controller Driver version: 0.5
[    0.340984] PCI: Using configuration type 1 for base access
[    0.350073] kprobes: kprobe jump-optimization is enabled. All kprobes are optimized if possible.
[    0.570270] HugeTLB: registered 1.00 GiB page size, pre-allocated 0 pages
[    0.570864] HugeTLB: 16380 KiB vmemmap can be freed for a 1.00 GiB page
[    0.571424] HugeTLB: registered 2.00 MiB page size, pre-allocated 0 pages
[    0.571995] HugeTLB: 28 KiB vmemmap can be freed for a 2.00 MiB page
[    0.573570] ACPI: Added _OSI(Module Device)
[    0.573851] ACPI: Added _OSI(Processor Device)
[    0.574238] ACPI: Added _OSI(3.0 _SCP Extensions)
[    0.574637] ACPI: Added _OSI(Processor Aggregator Device)
[    0.579457] ACPI: 1 ACPI AML tables successfully acquired and loaded
[    0.582416] ACPI: Interpreter enabled
[    0.582814] ACPI: PM: (supports S0 S3 S4 S5)
[    0.583196] ACPI: Using IOAPIC for interrupt routing
[    0.583658] PCI: Using host bridge windows from ACPI; if necessary, use "pci=nocrs" and report a bug
[    0.584451] PCI: Using E820 reservations for host bridge windows
[    0.585501] ACPI: Enabled 2 GPEs in block 00 to 0F
[    0.597549] ACPI: PCI Root Bridge [PCI0] (domain 0000 [bus 00-ff])
[    0.597852] acpi PNP0A03:00: _OSC: OS supports [ASPM ClockPM Segments MSI EDR HPX-Type3]
[    0.598555] acpi PNP0A03:00: _OSC: not requesting OS control; OS requires [ExtendedConfig ASPM ClockPM MSI]
[    0.599424] acpi PNP0A03:00: fail to add MMCONFIG information, can't access extended PCI configuration space under this bridge.
[    0.601938] acpiphp: Slot [3] registered
[    0.602337] acpiphp: Slot [4] registered
[    0.602732] acpiphp: Slot [5] registered
[    0.603127] acpiphp: Slot [6] registered
[    0.603533] acpiphp: Slot [7] registered
[    0.603938] acpiphp: Slot [8] registered
[    0.604333] acpiphp: Slot [9] registered
[    0.604729] acpiphp: Slot [10] registered
[    0.605132] acpiphp: Slot [11] registered
[    0.605533] acpiphp: Slot [12] registered
[    0.605888] acpiphp: Slot [13] registered
[    0.606300] acpiphp: Slot [14] registered
[    0.606701] acpiphp: Slot [15] registered
[    0.607104] acpiphp: Slot [16] registered
[    0.607507] acpiphp: Slot [17] registered
[    0.607908] acpiphp: Slot [18] registered
[    0.608310] acpiphp: Slot [19] registered
[    0.608711] acpiphp: Slot [20] registered
[    0.609135] acpiphp: Slot [21] registered
[    0.609537] acpiphp: Slot [22] registered
[    0.609899] acpiphp: Slot [23] registered
[    0.610303] acpiphp: Slot [24] registered
[    0.610707] acpiphp: Slot [25] registered
[    0.611102] acpiphp: Slot [26] registered
[    0.611506] acpiphp: Slot [27] registered
[    0.611902] acpiphp: Slot [28] registered
[    0.612296] acpiphp: Slot [29] registered
[    0.612700] acpiphp: Slot [30] registered
[    0.613094] acpiphp: Slot [31] registered
[    0.613451] PCI host bridge to bus 0000:00
[    0.613806] pci_bus 0000:00: root bus resource [io  0x0000-0x0cf7 window]
[    0.613837] pci_bus 0000:00: root bus resource [io  0x0d00-0xffff window]
[    0.614422] pci_bus 0000:00: root bus resource [mem 0x000a0000-0x000bffff window]
[    0.615058] pci_bus 0000:00: root bus resource [mem 0x80000000-0xfebfffff window]
[    0.615692] pci_bus 0000:00: root bus resource [mem 0x100000000-0x17fffffff window]
[    0.616341] pci_bus 0000:00: root bus resource [bus 00-ff]
[    0.616873] pci 0000:00:00.0: [8086:1237] type 00 class 0x060000
[    0.619643] pci 0000:00:01.0: [8086:7000] type 00 class 0x060100
[    0.620774] pci 0000:00:01.1: [8086:7010] type 00 class 0x010180
[    0.622770] pci 0000:00:01.1: reg 0x20: [io  0xc040-0xc04f]
[    0.623952] pci 0000:00:01.1: legacy IDE quirk: reg 0x10: [io  0x01f0-0x01f7]
[    0.624567] pci 0000:00:01.1: legacy IDE quirk: reg 0x14: [io  0x03f6]
[    0.625154] pci 0000:00:01.1: legacy IDE quirk: reg 0x18: [io  0x0170-0x0177]
[    0.625764] pci 0000:00:01.1: legacy IDE quirk: reg 0x1c: [io  0x0376]
[    0.626049] pci 0000:00:01.3: [8086:7113] type 00 class 0x068000
[    0.626894] pci 0000:00:01.3: quirk: [io  0x0600-0x063f] claimed by PIIX4 ACPI
[    0.627529] pci 0000:00:01.3: quirk: [io  0x0700-0x070f] claimed by PIIX4 SMB
[    0.628352] pci 0000:00:02.0: [1234:1111] type 00 class 0x030000
[    0.630176] pci 0000:00:02.0: reg 0x10: [mem 0xfd000000-0xfdffffff pref]
[    0.632195] pci 0000:00:02.0: reg 0x18: [mem 0xfebf0000-0xfebf0fff]
[    0.636005] pci 0000:00:02.0: reg 0x30: [mem 0xfebe0000-0xfebeffff pref]
[    0.636743] pci 0000:00:02.0: Video device with shadowed ROM at [mem 0x000c0000-0x000dffff]
[    0.639969] pci 0000:00:03.0: [8086:100e] type 00 class 0x020000
[    0.641071] pci 0000:00:03.0: reg 0x10: [mem 0xfebc0000-0xfebdffff]
[    0.642096] pci 0000:00:03.0: reg 0x14: [io  0xc000-0xc03f]
[    0.644893] pci 0000:00:03.0: reg 0x30: [mem 0xfeb80000-0xfebbffff pref]
[    0.655878] ACPI: PCI: Interrupt link LNKA configured for IRQ 10
[    0.656704] ACPI: PCI: Interrupt link LNKB configured for IRQ 10
[    0.657518] ACPI: PCI: Interrupt link LNKC configured for IRQ 11
[    0.658152] ACPI: PCI: Interrupt link LNKD configured for IRQ 11
[    0.658815] ACPI: PCI: Interrupt link LNKS configured for IRQ 9
[    0.660306] iommu: Default domain type: Translated 
[    0.660748] iommu: DMA domain TLB invalidation policy: lazy mode 
[    0.661867] SCSI subsystem initialized
[    0.662390] ACPI: bus type USB registered
[    0.662794] usbcore: registered new interface driver usbfs
[    0.663299] usbcore: registered new interface driver hub
[    0.663784] usbcore: registered new device driver usb
[    0.664300] pps_core: LinuxPPS API ver. 1 registered
[    0.664731] pps_core: Software ver. 5.3.6 - Copyright 2005-2007 Rodolfo Giometti <giometti@linux.it>
[    0.665518] PTP clock support registered
[    0.665964] EDAC MC: Ver: 3.0.0
[    0.667113] NetLabel: Initializing
[    0.667428] NetLabel:  domain hash size = 128
[    0.667809] NetLabel:  protocols = UNLABELED CIPSOv4 CALIPSO
[    0.668334] NetLabel:  unlabeled traffic allowed by default
[    0.668982] PCI: Using ACPI for IRQ routing
[    0.669533] pci 0000:00:02.0: vgaarb: setting as boot VGA device
[    0.669832] pci 0000:00:02.0: vgaarb: bridge control possible
[    0.669832] pci 0000:00:02.0: vgaarb: VGA device added: decodes=io+mem,owns=io+mem,locks=none
[    0.669837] vgaarb: loaded
[    0.670411] hpet0: at MMIO 0xfed00000, IRQs 2, 8, 0
[    0.670841] hpet0: 3 comparators, 64-bit 100.000000 MHz counter
[    3.240678] clocksource: Switched to clocksource kvm-clock
[    3.342058] VFS: Disk quotas dquot_6.6.0
[    3.342458] VFS: Dquot-cache hash table entries: 512 (order 0, 4096 bytes)
[    3.343157] pnp: PnP ACPI init
[    3.344722] pnp: PnP ACPI: found 6 devices
[    3.354748] clocksource: acpi_pm: mask: 0xffffff max_cycles: 0xffffff, max_idle_ns: 2085701024 ns
[    3.355748] NET: Registered PF_INET protocol family
[    3.357228] IP idents hash table entries: 32768 (order: 6, 262144 bytes, linear)
[    3.360705] tcp_listen_portaddr_hash hash table entries: 1024 (order: 2, 16384 bytes, linear)
[    3.361455] Table-perturb hash table entries: 65536 (order: 6, 262144 bytes, linear)
[    3.362087] TCP established hash table entries: 16384 (order: 5, 131072 bytes, linear)
[    3.362881] TCP bind hash table entries: 16384 (order: 7, 524288 bytes, linear)
[    3.363870] TCP: Hash tables configured (established 16384 bind 16384)
[    3.364478] UDP hash table entries: 1024 (order: 3, 32768 bytes, linear)
[    3.365055] UDP-Lite hash table entries: 1024 (order: 3, 32768 bytes, linear)
[    3.365734] NET: Registered PF_UNIX/PF_LOCAL protocol family
[    3.366617] RPC: Registered named UNIX socket transport module.
[    3.367081] RPC: Registered udp transport module.
[    3.367445] RPC: Registered tcp transport module.
[    3.367825] RPC: Registered tcp NFSv4.1 backchannel transport module.
[    3.368388] pci_bus 0000:00: resource 4 [io  0x0000-0x0cf7 window]
[    3.368868] pci_bus 0000:00: resource 5 [io  0x0d00-0xffff window]
[    3.369352] pci_bus 0000:00: resource 6 [mem 0x000a0000-0x000bffff window]
[    3.369895] pci_bus 0000:00: resource 7 [mem 0x80000000-0xfebfffff window]
[    3.370441] pci_bus 0000:00: resource 8 [mem 0x100000000-0x17fffffff window]
[    3.371172] pci 0000:00:01.0: PIIX3: Enabling Passive Release
[    3.371664] pci 0000:00:00.0: Limiting direct PCI/PCI transfers
[    3.372224] PCI: CLS 0 bytes, default 64
[    3.372571] ACPI: bus type thunderbolt registered
[    3.373199] clocksource: tsc: mask: 0xffffffffffffffff max_cycles: 0x2cd5a8bb032, max_idle_ns: 440795365915 ns
[    3.377183] Initialise system trusted keyrings
[    3.377602] Key type blacklist registered
[    3.378142] workingset: timestamp_bits=36 max_order=19 bucket_order=0
[    3.384409] zbud: loaded
[    3.385639] squashfs: version 4.0 (2009/01/31) Phillip Lougher
[    3.387073] NFS: Registering the id_resolver key type
[    3.387507] Key type id_resolver registered
[    3.387841] Key type id_legacy registered
[    3.388217] nfs4filelayout_init: NFSv4 File Layout Driver Registering...
[    3.388770] nfs4flexfilelayout_init: NFSv4 Flexfile Layout Driver Registering...
[    3.389473] fuse: init (API version 7.37)
[    3.390038] SGI XFS with ACLs, security attributes, realtime, quota, no debug enabled
[    3.391671] 9p: Installing v9fs 9p2000 file system support
[    3.399931] Key type asymmetric registered
[    3.400272] Asymmetric key parser 'x509' registered
[    3.401372] alg: self-tests for CTR-KDF (hmac(sha256)) passed
[    3.401923] Block layer SCSI generic (bsg) driver version 0.4 loaded (major 243)
[    3.402636] io scheduler mq-deadline registered
[    3.403072] io scheduler bfq registered
[    3.403994] shpchp: Standard Hot Plug PCI Controller Driver version: 0.4
[    3.404756] IPMI message handler: version 39.2
[    3.405120] ipmi device interface
[    3.406292] input: Power Button as /devices/LNXSYSTM:00/LNXPWRBN:00/input/input0
[    3.407002] ACPI: button: Power Button [PWRF]
[    3.407941] ERST DBG: ERST support is disabled.
[    3.408694] Serial: 8250/16550 driver, 32 ports, IRQ sharing enabled
[    3.409581] 00:04: ttyS0 at I/O 0x3f8 (irq = 4, base_baud = 115200) is a 16550A
[    3.415213] Linux agpgart interface v0.103
[    3.415861] ACPI: bus type drm_connector registered
[    3.424850] brd: module loaded
[    3.430497] loop: module loaded
[    3.433206] scsi host0: ata_piix
[    3.433796] scsi host1: ata_piix
[    3.434154] ata1: PATA max MWDMA2 cmd 0x1f0 ctl 0x3f6 bmdma 0xc040 irq 14
[    3.434712] ata2: PATA max MWDMA2 cmd 0x170 ctl 0x376 bmdma 0xc048 irq 15
[    3.436239] tun: Universal TUN/TAP device driver, 1.6
[    3.436745] e100: Intel(R) PRO/100 Network Driver
[    3.437125] e100: Copyright(c) 1999-2006 Intel Corporation
[    3.437604] e1000: Intel(R) PRO/1000 Network Driver
[    3.438003] e1000: Copyright (c) 1999-2006 Intel Corporation.
[    3.522741] ACPI: \_SB_.LNKC: Enabled at IRQ 11
[    3.593990] ata2: found unknown device (class 0)
[    3.594627] ata1: found unknown device (class 0)
[    3.595389] ata2.00: ATAPI: QEMU DVD-ROM, 2.5+, max UDMA/100
[    3.596224] ata1.00: ATA-7: QEMU HARDDISK, 2.5+, max UDMA/100
[    3.596684] ata1.00: 16777216 sectors, multi 16: LBA48 
[    3.597942] scsi 0:0:0:0: Direct-Access     ATA      QEMU HARDDISK    2.5+ PQ: 0 ANSI: 5
[    3.598986] scsi 0:0:0:0: Attached scsi generic sg0 type 0
[    3.599758] sd 0:0:0:0: [sda] 16777216 512-byte logical blocks: (8.59 GB/8.00 GiB)
[    3.600388] sd 0:0:0:0: [sda] Write Protect is off
[    3.600807] sd 0:0:0:0: [sda] Write cache: enabled, read cache: enabled, doesn't support DPO or FUA
[    3.601305] scsi 1:0:0:0: CD-ROM            QEMU     QEMU DVD-ROM     2.5+ PQ: 0 ANSI: 5
[    3.601637] sd 0:0:0:0: [sda] Preferred minimum I/O size 512 bytes
[    3.634668] scsi 1:0:0:0: Attached scsi generic sg1 type 5
[    3.635808] sd 0:0:0:0: [sda] Attached SCSI disk
[    3.848408] e1000 0000:00:03.0 eth0: (PCI:33MHz:32-bit) 52:54:00:12:34:56
[    3.848976] e1000 0000:00:03.0 eth0: Intel(R) PRO/1000 Network Connection
[    3.849614] e1000e: Intel(R) PRO/1000 Network Driver
[    3.850019] e1000e: Copyright(c) 1999 - 2015 Intel Corporation.
[    3.850544] igb: Intel(R) Gigabit Ethernet Network Driver
[    3.850976] igb: Copyright (c) 2007-2014 Intel Corporation.
[    3.851479] PPP generic driver version 2.4.2
[    3.852198] VFIO - User Level meta-driver version: 0.3
[    3.852904] usbcore: registered new interface driver uas
[    3.853378] usbcore: registered new interface driver usb-storage
[    3.853977] i8042: PNP: PS/2 Controller [PNP0303:KBD,PNP0f13:MOU] at 0x60,0x64 irq 1,12
[    3.855173] serio: i8042 KBD port at 0x60,0x64 irq 1
[    3.855568] serio: i8042 AUX port at 0x60,0x64 irq 12
[    3.856466] mousedev: PS/2 mouse device common for all mice
[    3.857392] input: AT Translated Set 2 keyboard as /devices/platform/i8042/serio0/input/input1
[    3.857910] rtc_cmos 00:05: RTC can wake from S4
[    3.859036] input: VirtualPS/2 VMware VMMouse as /devices/platform/i8042/serio1/input/input4
[    3.859125] rtc_cmos 00:05: registered as rtc0
[    3.860117] input: VirtualPS/2 VMware VMMouse as /devices/platform/i8042/serio1/input/input3
[    3.860208] rtc_cmos 00:05: setting system clock to 2022-12-07T20:00:55 UTC (1670443255)
[    3.861567] rtc_cmos 00:05: alarms up to one day, y3k, 242 bytes nvram, hpet irqs
[    3.862252] i2c_dev: i2c /dev entries driver
[    3.862635] device-mapper: core: CONFIG_IMA_DISABLE_HTABLE is disabled. Duplicate IMA measurements will not be recorded in the IMA log.
[    3.863660] device-mapper: uevent: version 1.0.3
[    3.864173] device-mapper: ioctl: 4.47.0-ioctl (2022-07-28) initialised: dm-devel@redhat.com
[    3.864869] intel_pstate: CPU model not supported
[    3.865339] sdhci: Secure Digital Host Controller Interface driver
[    3.865854] sdhci: Copyright(c) Pierre Ossman
[    3.866242] sdhci-pltfm: SDHCI platform and OF driver helper
[    3.866756] ledtrig-cpu: registered to indicate activity on CPUs
[    3.867413] drop_monitor: Initializing network drop monitor service
[    3.868377] NET: Registered PF_INET6 protocol family
[    3.869901] Segment Routing with IPv6
[    3.870243] In-situ OAM (IOAM) with IPv6
[    3.870600] NET: Registered PF_PACKET protocol family
[    3.871203] 9pnet: Installing 9P2000 support
[    3.871587] Key type dns_resolver registered
[    3.872510] IPI shorthand broadcast: enabled
[    3.872899] sched_clock: Marking stable (3865441668, 6878200)->(3882386858, -10066990)
[    3.873848] registered taskstats version 1
[    3.874300] Loading compiled-in X.509 certificates
[    3.874922] zswap: loaded using pool lzo/zbud
[    3.876683] Key type .fscrypt registered
[    3.877024] Key type fscrypt-provisioning registered
[    3.878034] Key type encrypted registered
[    3.878370] ima: No TPM chip found, activating TPM-bypass!
[    3.878823] ima: Allocated hash algorithm: sha1
[    3.879198] ima: No architecture policies found
[    3.879591] evm: Initialising EVM extended attributes:
[    3.879987] evm: security.selinux
[    3.880259] evm: security.SMACK64
[    3.880539] evm: security.SMACK64EXEC
[    3.880830] evm: security.SMACK64TRANSMUTE
[    3.881155] evm: security.SMACK64MMAP
[    3.881469] evm: security.apparmor
[    3.881761] evm: security.ima
[    3.882019] evm: security.capability
[    3.882321] evm: HMAC attrs: 0x1
[    3.885853] PM:   Magic number: 2:646:42
[    3.886199] bdi 7:7: hash matches
[    3.886729] RAS: Correctable Errors collector initialized.
[    3.887457] md: Waiting for all devices to be available before autodetect
[    3.887875] md: If you don't use raid, use raid=noautodetect
[    3.888215] md: Autodetecting RAID arrays.
[    3.888454] md: autorun ...
[    3.888620] md: ... autorun DONE.
[    3.891612] EXT4-fs (sda): INFO: recovery required on readonly filesystem
[    3.892031] EXT4-fs (sda): write access will be enabled during recovery
[    3.938173] EXT4-fs (sda): recovery complete
[    3.946587] EXT4-fs (sda): mounted filesystem with ordered data mode. Quota mode: none.
[    3.947073] VFS: Mounted root (ext4 filesystem) readonly on device 8:0.
[    3.947846] devtmpfs: mounted
[    3.953394] Freeing unused decrypted memory: 2036K
[    3.955947] Freeing unused kernel image (initmem) memory: 3636K
[    3.956304] Write protecting the kernel read-only data: 40960k
[    3.958621] Freeing unused kernel image (text/rodata gap) memory: 2028K
[    3.959392] Freeing unused kernel image (rodata/data gap) memory: 612K
[    4.052410] x86/mm: Checked W+X mappings: passed, no W+X pages found.
[    4.052794] Run /sbin/init as init process
[    4.121239] systemd[1]: RTC configured in localtime, applying delta of 0 minutes to system time.
[    4.139681] systemd[1]: systemd 239 (239-49.el8) running in system mode. (+PAM +AUDIT +SELINUX +IMA -APPARMOR +SMACK +SYSVINIT +UTMP +LIBCRYPTSETUP +GCRYPT +GNUTLS +ACL +XZ +LZ4 +SECCOMP +BLKID +ELFUTILS +KMOD +IDN2 -IDN +PCRE2 default-hierarchy=legacy)
[    4.141092] systemd[1]: Detected virtualization kvm.
[    4.141420] systemd[1]: Detected architecture x86-64.

Welcome to [0;31mCentOS Stream 8[0m!

[    4.193542] systemd[1]: Set hostname to <test>.
[    5.229848] random: crng init done
[    5.305798] systemd[1]: Listening on Device-mapper event daemon FIFOs.
[[0;32m  OK  [0m] Listening on Device-mapper event daemon FIFOs.
[    5.308114] systemd[1]: Created slice system-serial\x2dgetty.slice.
[[0;32m  OK  [0m] Created slice system-serial\x2dgetty.slice.
[    5.309222] systemd[1]: Set up automount Arbitrary Executable File Formats File System Automount Point.
[[0;32m  OK  [0m] Set up automount Arbitrary Executabâ€¦rmats File System Automount Point.
[    5.310656] systemd[1]: Listening on Journal Socket.
[[0;32m  OK  [0m] Listening on Journal Socket.
[    5.334066] systemd[1]: Starting Load Kernel Modules...
         Starting Load Kernel Modules...
[    5.334975] systemd[1]: Listening on LVM2 poll daemon socket.
[[0;32m  OK  [0m] Listening on LVM2 poll daemon socket.
[[0;32m  OK  [0m] Listening on udev Control Socket.
[[0;32m  OK  [0m] Created slice system-sshd\x2dkeygen.slice.
[[0;32m  OK  [0m] Listening on udev Kernel Socket.
[[0;32m  OK  [0m] Listening on multipathd control socket.
         Mounting POSIX Message Queue File System...
[[0;32m  OK  [0m] Created slice system-getty.slice.
[[0;32m  OK  [0m] Listening on Journal Socket (/dev/log).
         Starting Journal Service...
[[0;32m  OK  [0m] Listening on initctl Compatibility Named Pipe.
         Starting Monitoring of LVM2 mirrorsâ€¦ng dmeventd or progress polling...
[[0;32m  OK  [0m] Listening on Process Core Dump Socket.
[[0;32m  OK  [0m] Created slice User and Session Slice.
         Starting Remount Root and Kernel File Systems...
         Starting Setup Virtual Console...
         Mounting Kernel Debug File System...
[[0;32m  OK  [0m] Listening on RPCbind Server Activation Socket.
[[0;32m  OK  [0m] Reached target RPC Port Mapper.
[[0;32m  OK  [0m] Reached target Swap.
[[0;32m  OK  [0m] Reached target Slices.
[[0;32m  OK  [0m] Started Forward Password Requests to Wall Directory Watch.
         Mounting Huge Pages File System...
         Starting udev Coldplug all Devices...
[[0;1;31mFAILED[0m] Failed to start Load Kernel Modules.
See 'systemctl status systemd-modules-load.service' for details.
[[0;32m  OK  [0m] Mounted POSIX Message Queue File System.
[[0;32m  OK  [0m] Mounted Kernel Debug File System.
[[0;32m  OK  [0m] Started Journal Service.
[[0;32m  OK  [0m] Mounted Huge Pages File System.
         Starting Apply Kernel Variables...
         Mounting FUSE Control File System...
[    5.548367] EXT4-fs (sda): re-mounted. Quota mode: none.
         Mounting Kernel Configuration File System...
[[0;32m  OK  [0m] Started Remount Root and Kernel File Systems.
[[0;32m  OK  [0m] Started Apply Kernel Variables.
[[0;32m  OK  [0m] Mounted FUSE Control File System.
[[0;32m  OK  [0m] Mounted Kernel Configuration File System.
         Starting Flush Journal to Persistent Storage...
         Starting Load/Save Random Seed...
         Starting Create Static Device Nodes in /dev...
[[0;32m  OK  [0m] Started Setup Virtual Console.
[[0;32m  OK  [0m] Started udev Coldplug all Devices.
         Starting udev Wait for Complete Device Initialization...
[[0;32m  OK  [0m] Started Flush Journal to Persistent Storage.
[[0;32m  OK  [0m] Started Load/Save Random Seed.
[[0;32m  OK  [0m] Started Create Static Device Nodes in /dev.
         Starting udev Kernel Device Manager...
[[0;32m  OK  [0m] Started udev Kernel Device Manager.
         Starting Show Plymouth Boot Screen...
[[0;32m  OK  [0m] Started Show Plymouth Boot Screen.
[[0;32m  OK  [0m] Reached target Local Encrypted Volumes.
[[0;32m  OK  [0m] Reached target Paths.
[[0;32m  OK  [0m] Started Forward Password Requests to Plymouth Directory Watch.
[[0;32m  OK  [0m] Found device /dev/ttyS0.
[[0;32m  OK  [0m] Started Monitoring of LVM2 mirrors,â€¦sing dmeventd or progress polling.
[[0;32m  OK  [0m] Listening on Load/Save RF Kill Switch Status /dev/rfkill Watch.
[[0;32m  OK  [0m] Started udev Wait for Complete Device Initialization.
[[0;32m  OK  [0m] Reached target Local File Systems (Pre).
[[0;32m  OK  [0m] Reached target Local File Systems.
         Starting Tell Plymouth To Write Out Runtime Data...
         Starting Restore /run/initramfs on shutdown...
         Starting Create Volatile Files and Directories...
[[0;32m  OK  [0m] Started Tell Plymouth To Write Out Runtime Data.
[[0;32m  OK  [0m] Started Restore /run/initramfs on shutdown.
[[0;32m  OK  [0m] Started Create Volatile Files and Directories.
         Starting Security Auditing Service...
         Starting RPC Bind...
         Mounting RPC Pipe File System...
[[0;32m  OK  [0m] Mounted RPC Pipe File System.
[[0;32m  OK  [0m] Reached target rpc_pipefs.target.
[[0;32m  OK  [0m] Started RPC Bind.
[[0;32m  OK  [0m] Started Security Auditing Service.
         Starting Update UTMP about System Boot/Shutdown...
[[0;32m  OK  [0m] Started Update UTMP about System Boot/Shutdown.
[[0;32m  OK  [0m] Reached target System Initialization.
[[0;32m  OK  [0m] Started dnf makecache --timer.
[[0;32m  OK  [0m] Started Daily Cleanup of Temporary Directories.
[[0;32m  OK  [0m] Listening on D-Bus System Message Bus Socket.
[[0;32m  OK  [0m] Started daily update of the root trust anchor for DNSSEC.
[[0;32m  OK  [0m] Reached target Timers.
[[0;32m  OK  [0m] Listening on SSSD Kerberos Cache Manager responder socket.
[[0;32m  OK  [0m] Reached target Sockets.
[[0;32m  OK  [0m] Reached target Basic System.
         Starting NTP client/server...
         Starting Auto-connect to subsystemsâ€¦-NVME devices found during boot...
[[0;32m  OK  [0m] Started irqbalance daemon.
         Starting Login Service...
[[0;32m  OK  [0m] Started Machine Check Exception Logging Daemon.
[[0;32m  OK  [0m] Reached target sshd-keygen.target.
         Starting Authorization Manager...
         Starting Self Monitoring and Reporting Technology (SMART) Daemon...
[[0;32m  OK  [0m] Started D-Bus System Message Bus.
         Starting Network Manager...
[[0;32m  OK  [0m] Started Auto-connect to subsystems â€¦FC-NVME devices found during boot.
         Starting update of the root trust aâ€¦or DNSSEC validation in unbound...
[[0;32m  OK  [0m] Started Self Monitoring and Reporting Technology (SMART) Daemon.
[[0;32m  OK  [0m] Started Login Service.
[[0;32m  OK  [0m] Started Network Manager.
         Starting Network Manager Wait Online...
[[0;32m  OK  [0m] Reached target Network.
         Starting OpenSSH server daemon...
         Starting GSSAPI Proxy Daemon...
         Starting Dynamic System Tuning Daemon...
[[0;32m  OK  [0m] Started update of the root trust anâ€¦ for DNSSEC validation in unbound.
[[0;32m  OK  [0m] Started NTP client/server.
[[0;32m  OK  [0m] Started GSSAPI Proxy Daemon.
[[0;32m  OK  [0m] Started Authorization Manager.
         Starting Hostname Service...
[[0;32m  OK  [0m] Reached target NFS client services.
[[0;32m  OK  [0m] Reached target Remote File Systems (Pre).
[[0;32m  OK  [0m] Reached target Remote File Systems.
         Starting Permit User Sessions...
[[0;32m  OK  [0m] Started OpenSSH server daemon.
[[0;32m  OK  [0m] Started Permit User Sessions.
         Starting Terminate Plymouth Boot Screen...
[[0;32m  OK  [0m] Started Command Scheduler.
         Starting Hold until boot process finishes up...
[    6.913861] e1000: eth0 NIC Link is Up 1000 Mbps Full Duplex, Flow Control: RX
[    6.914623] IPv6: ADDRCONF(NETDEV_CHANGE): eth0: link becomes ready
[    7.050359] Spectre V2 : WARNING: Unprivileged eBPF is enabled with eIBRS on, data leaks possible via Spectre v2 BHB attacks!
[    7.051147] Spectre V2 : WARNING: Unprivileged eBPF is enabled with eIBRS on, data leaks possible via Spectre v2 BHB attacks!

CentOS Stream 8
Kernel 6.1.0-rc7-355479c70a48+ on an x86_64

test login: perf: interrupt took too long (3170 > 3143), lowering kernel.perf_event_max_sample_rate to 63000
perf: interrupt took too long (3996 > 3962), lowering kernel.perf_event_max_sample_rate to 50000
perf: interrupt took too long (5022 > 4995), lowering kernel.perf_event_max_sample_rate to 39750
perf: interrupt took too long (6308 > 6277), lowering kernel.perf_event_max_sample_rate to 31500
[   28.177949] perf: interrupt took too long (6308 > 6277), lowering kernel.perf_event_max_sample_rate to 31500
[   28.180018] perf: interrupt took too long (7891 > 7885), lowering kernel.perf_event_max_sample_rate to 25250
[   28.185911] perf: interrupt took too long (9869 > 9863), lowering kernel.perf_event_max_sample_rate to 20250
[   28.641568] perf: interrupt took too long (12378 > 12336), lowering kernel.perf_event_max_sample_rate to 16000
[   57.784293] perf: interrupt took too long (15521 > 15472), lowering kernel.perf_event_max_sample_rate to 12750
[  140.020909] Pid 7478(repro) over core_pipe_limit
[  140.021206] Skipping core dump
