c[?7l[2J[0mSeaBIOS (version rel-1.16.0-0-gd239552ce722-prebuilt.qemu.org)


iPXE (http://ipxe.org) 00:03.0 CA00 PCI2.10 PnP PMM+7FF91000+7FEF1000 CA00
Press Ctrl-B to configure iPXE (PCI 00:03.0)...                                                                               


Booting from ROM...
c[?7l[2J[    0.000000] Linux version 6.1.0-rc5-39f59bca275d+ (root@p-tglh01.sh.intel.com) (gcc (GCC) 8.5.0 20210514 (Red Hat 8.5.0-17), GNU ld version 2.36.1-2.el8) #1 SMP PREEMPT_DYNAMIC Thu Dec  8 02:31:14 CST 2022
[    0.000000] Command line: console=ttyS0 root=/dev/sda earlyprintk=serial net.ifnames=0
[    0.000000] KERNEL supported cpus:
[    0.000000]   Intel GenuineIntel
[    0.000000]   AMD AuthenticAMD
[    0.000000]   Hygon HygonGenuine
[    0.000000]   Centaur CentaurHauls
[    0.000000]   zhaoxin   Shanghai  
[    0.000000] x86/fpu: Supporting XSAVE feature 0x001: 'x87 floating point registers'
[    0.000000] x86/fpu: Supporting XSAVE feature 0x002: 'SSE registers'
[    0.000000] x86/fpu: Supporting XSAVE feature 0x004: 'AVX registers'
[    0.000000] x86/fpu: Supporting XSAVE feature 0x020: 'AVX-512 opmask'
[    0.000000] x86/fpu: Supporting XSAVE feature 0x040: 'AVX-512 Hi256'
[    0.000000] x86/fpu: Supporting XSAVE feature 0x080: 'AVX-512 ZMM_Hi256'
[    0.000000] x86/fpu: Supporting XSAVE feature 0x200: 'Protection Keys User registers'
[    0.000000] x86/fpu: xstate_offset[2]:  576, xstate_sizes[2]:  256
[    0.000000] x86/fpu: xstate_offset[5]:  832, xstate_sizes[5]:   64
[    0.000000] x86/fpu: xstate_offset[6]:  896, xstate_sizes[6]:  512
[    0.000000] x86/fpu: xstate_offset[7]: 1408, xstate_sizes[7]: 1024
[    0.000000] x86/fpu: xstate_offset[9]: 2432, xstate_sizes[9]:    8
[    0.000000] x86/fpu: Enabled xstate features 0x2e7, context size is 2440 bytes, using 'compacted' format.
[    0.000000] signal: max sigframe size: 3632
[    0.000000] BIOS-provided physical RAM map:
[    0.000000] BIOS-e820: [mem 0x0000000000000000-0x000000000009fbff] usable
[    0.000000] BIOS-e820: [mem 0x000000000009fc00-0x000000000009ffff] reserved
[    0.000000] BIOS-e820: [mem 0x00000000000f0000-0x00000000000fffff] reserved
[    0.000000] BIOS-e820: [mem 0x0000000000100000-0x000000007ffdffff] usable
[    0.000000] BIOS-e820: [mem 0x000000007ffe0000-0x000000007fffffff] reserved
[    0.000000] BIOS-e820: [mem 0x00000000feffc000-0x00000000feffffff] reserved
[    0.000000] BIOS-e820: [mem 0x00000000fffc0000-0x00000000ffffffff] reserved
[    0.000000] printk: bootconsole [earlyser0] enabled
[    0.000000] NX (Execute Disable) protection: active
[    0.000000] SMBIOS 2.8 present.
[    0.000000] DMI: QEMU Standard PC (i440FX + PIIX, 1996), BIOS rel-1.16.0-0-gd239552ce722-prebuilt.qemu.org 04/01/2014
[    0.000000] Hypervisor detected: KVM
[    0.000000] kvm-clock: Using msrs 4b564d01 and 4b564d00
[    0.000004] kvm-clock: using sched offset of 369172283 cycles
[    0.000474] clocksource: kvm-clock: mask: 0xffffffffffffffff max_cycles: 0x1cd42e4dffb, max_idle_ns: 881590591483 ns
[    0.001987] tsc: Detected 3110.400 MHz processor
[    0.010412] last_pfn = 0x7ffe0 max_arch_pfn = 0x400000000
[    0.010983] x86/PAT: Configuration [0-7]: WB  WC  UC- UC  WB  WP  UC- WT  
[    0.020982] found SMP MP-table at [mem 0x000f5ba0-0x000f5baf]
[    0.021583] Using GB pages for direct mapping
[    0.023118] ACPI: Early table checksum verification disabled
[    0.023635] ACPI: RSDP 0x00000000000F59C0 000014 (v00 BOCHS )
[    0.024194] ACPI: RSDT 0x000000007FFE1951 000034 (v01 BOCHS  BXPC     00000001 BXPC 00000001)
[    0.024972] ACPI: FACP 0x000000007FFE17FD 000074 (v01 BOCHS  BXPC     00000001 BXPC 00000001)
[    0.025753] ACPI: DSDT 0x000000007FFE0040 0017BD (v01 BOCHS  BXPC     00000001 BXPC 00000001)
[    0.026571] ACPI: FACS 0x000000007FFE0000 000040
[    0.027015] ACPI: APIC 0x000000007FFE1871 000080 (v01 BOCHS  BXPC     00000001 BXPC 00000001)
[    0.027829] ACPI: HPET 0x000000007FFE18F1 000038 (v01 BOCHS  BXPC     00000001 BXPC 00000001)
[    0.028642] ACPI: WAET 0x000000007FFE1929 000028 (v01 BOCHS  BXPC     00000001 BXPC 00000001)
[    0.029410] ACPI: Reserving FACP table memory at [mem 0x7ffe17fd-0x7ffe1870]
[    0.030035] ACPI: Reserving DSDT table memory at [mem 0x7ffe0040-0x7ffe17fc]
[    0.030658] ACPI: Reserving FACS table memory at [mem 0x7ffe0000-0x7ffe003f]
[    0.031282] ACPI: Reserving APIC table memory at [mem 0x7ffe1871-0x7ffe18f0]
[    0.031899] ACPI: Reserving HPET table memory at [mem 0x7ffe18f1-0x7ffe1928]
[    0.032551] ACPI: Reserving WAET table memory at [mem 0x7ffe1929-0x7ffe1950]
[    0.034260] No NUMA configuration found
[    0.034603] Faking a node at [mem 0x0000000000000000-0x000000007ffdffff]
[    0.035285] NODE_DATA(0) allocated [mem 0x7ffb5000-0x7ffdffff]
[    0.039352] Zone ranges:
[    0.039594]   DMA      [mem 0x0000000000001000-0x0000000000ffffff]
[    0.040153]   DMA32    [mem 0x0000000001000000-0x000000007ffdffff]
[    0.040715]   Normal   empty
[    0.040973]   Device   empty
[    0.041229] Movable zone start for each node
[    0.041611] Early memory node ranges
[    0.041936]   node   0: [mem 0x0000000000001000-0x000000000009efff]
[    0.042495]   node   0: [mem 0x0000000000100000-0x000000007ffdffff]
[    0.043050] Initmem setup node 0 [mem 0x0000000000001000-0x000000007ffdffff]
[    0.045271] On node 0, zone DMA: 1 pages in unavailable ranges
[    0.045290] On node 0, zone DMA: 97 pages in unavailable ranges
[    0.085199] On node 0, zone DMA32: 32 pages in unavailable ranges
[    0.086041] ACPI: PM-Timer IO Port: 0x608
[    0.086962] ACPI: LAPIC_NMI (acpi_id[0xff] dfl dfl lint[0x1])
[    0.087513] IOAPIC[0]: apic_id 0, version 17, address 0xfec00000, GSI 0-23
[    0.088119] ACPI: INT_SRC_OVR (bus 0 bus_irq 0 global_irq 2 dfl dfl)
[    0.088696] ACPI: INT_SRC_OVR (bus 0 bus_irq 5 global_irq 5 high level)
[    0.089281] ACPI: INT_SRC_OVR (bus 0 bus_irq 9 global_irq 9 high level)
[    0.089884] ACPI: INT_SRC_OVR (bus 0 bus_irq 10 global_irq 10 high level)
[    0.090495] ACPI: INT_SRC_OVR (bus 0 bus_irq 11 global_irq 11 high level)
[    0.091112] ACPI: Using ACPI (MADT) for SMP configuration information
[    0.091698] ACPI: HPET id: 0x8086a201 base: 0xfed00000
[    0.092177] TSC deadline timer available
[    0.092539] smpboot: Allowing 2 CPUs, 0 hotplug CPUs
[    0.093037] kvm-guest: KVM setup pv remote TLB flush
[    0.093489] kvm-guest: setup PV sched yield
[    0.093905] PM: hibernation: Registered nosave memory: [mem 0x00000000-0x00000fff]
[    0.094597] PM: hibernation: Registered nosave memory: [mem 0x0009f000-0x0009ffff]
[    0.095271] PM: hibernation: Registered nosave memory: [mem 0x000a0000-0x000effff]
[    0.095939] PM: hibernation: Registered nosave memory: [mem 0x000f0000-0x000fffff]
[    0.096625] [mem 0x80000000-0xfeffbfff] available for PCI devices
[    0.097162] Booting paravirtualized kernel on KVM
[    0.097592] clocksource: refined-jiffies: mask: 0xffffffff max_cycles: 0xffffffff, max_idle_ns: 7645519600211568 ns
[    0.098518] setup_percpu: NR_CPUS:8192 nr_cpumask_bits:2 nr_cpu_ids:2 nr_node_ids:1
[    0.101119] percpu: Embedded 62 pages/cpu s217088 r8192 d28672 u1048576
[    0.101968] kvm-guest: PV spinlocks enabled
[    0.102353] PV qspinlock hash table entries: 256 (order: 0, 4096 bytes, linear)
[    0.103035] Fallback order for Node 0: 0 
[    0.103404] Built 1 zonelists, mobility grouping on.  Total pages: 515808
[    0.104019] Policy zone: DMA32
[    0.104295] Kernel command line: net.ifnames=0 console=ttyS0 root=/dev/sda earlyprintk=serial net.ifnames=0
[    0.107503] Dentry cache hash table entries: 262144 (order: 9, 2097152 bytes, linear)
[    0.108928] Inode-cache hash table entries: 131072 (order: 8, 1048576 bytes, linear)
[    0.109771] mem auto-init: stack:off, heap alloc:off, heap free:off
[    0.113566] Memory: 1999736K/2096632K available (30736K kernel code, 4097K rwdata, 7580K rodata, 3636K init, 10496K bss, 96640K reserved, 0K cma-reserved)
[    0.115806] SLUB: HWalign=64, Order=0-3, MinObjects=0, CPUs=2, Nodes=1
[    0.116414] kmemleak: Kernel memory leak detector disabled
[    0.116924] ftrace: allocating 67017 entries in 262 pages
[    0.140335] ftrace: allocated 262 pages with 3 groups
[    0.142336] Dynamic Preempt: voluntary
[    0.142760] rcu: Preemptible hierarchical RCU implementation.
[    0.143263] rcu: 	RCU restricting CPUs from NR_CPUS=8192 to nr_cpu_ids=2.
[    0.143848] 	Trampoline variant of Tasks RCU enabled.
[    0.144281] 	Rude variant of Tasks RCU enabled.
[    0.144681] 	Tracing variant of Tasks RCU enabled.
[    0.145128] rcu: RCU calculated value of scheduler-enlistment delay is 25 jiffies.
[    0.145811] rcu: Adjusting geometry for rcu_fanout_leaf=16, nr_cpu_ids=2
[    0.173667] NR_IRQS: 524544, nr_irqs: 440, preallocated irqs: 16
[    0.174487] rcu: srcu_init: Setting srcu_struct sizes based on contention.
[    0.182890] Console: colour VGA+ 80x25
[    0.183265] printk: console [ttyS0] enabled
[    0.183265] printk: console [ttyS0] enabled
[    0.184008] printk: bootconsole [earlyser0] disabled
[    0.184008] printk: bootconsole [earlyser0] disabled
[    0.184955] ACPI: Core revision 20220331
[    0.185570] clocksource: hpet: mask: 0xffffffff max_cycles: 0xffffffff, max_idle_ns: 19112604467 ns
[    0.186471] APIC: Switch to symmetric I/O mode setup
[    0.187104] x2apic enabled
[    0.187555] Switched APIC routing to physical x2apic.
[    0.188018] kvm-guest: setup PV IPIs
[    0.189246] ..TIMER: vector=0x30 apic1=0 pin1=2 apic2=-1 pin2=-1
[    0.189824] clocksource: tsc-early: mask: 0xffffffffffffffff max_cycles: 0x2cd5a8bb032, max_idle_ns: 440795365915 ns
[    0.190800] Calibrating delay loop (skipped) preset value.. 6220.80 BogoMIPS (lpj=12441600)
[    0.191549] pid_max: default: 32768 minimum: 301
[    0.192138] LSM: Security Framework initializing
[    0.192568] Yama: becoming mindful.
[    0.193052] Mount-cache hash table entries: 4096 (order: 3, 32768 bytes, linear)
[    0.193716] Mountpoint-cache hash table entries: 4096 (order: 3, 32768 bytes, linear)
[    0.196543] x86/cpu: User Mode Instruction Prevention (UMIP) activated
[    0.197395] Last level iTLB entries: 4KB 0, 2MB 0, 4MB 0
[    0.197922] Last level dTLB entries: 4KB 0, 2MB 0, 4MB 0, 1GB 0
[    0.198486] Spectre V1 : Mitigation: usercopy/swapgs barriers and __user pointer sanitization
[    0.198820] Spectre V2 : WARNING: Unprivileged eBPF is enabled with eIBRS on, data leaks possible via Spectre v2 BHB attacks!
[    0.199814] Spectre V2 : Mitigation: Enhanced IBRS
[    0.200225] Spectre V2 : Spectre v2 / SpectreRSB mitigation: Filling RSB on context switch
[    0.200921] Spectre V2 : Spectre v2 / PBRSB-eIBRS: Retire a single CALL on VMEXIT
[    0.201559] Spectre V2 : mitigation: Enabling conditional Indirect Branch Prediction Barrier
[    0.202797] Speculative Store Bypass: Mitigation: Speculative Store Bypass disabled via prctl
[    0.310418] Freeing SMP alternatives memory: 56K
[    0.310969] smpboot: CPU0: Genuine Intel(R) CPU 0000 @ 2.20GHz (family: 0x6, model: 0x8d, stepping: 0x0)
[    0.311987] cblist_init_generic: Setting adjustable number of callback queues.
[    0.312597] cblist_init_generic: Setting shift to 1 and lim to 1.
[    0.313144] cblist_init_generic: Setting shift to 1 and lim to 1.
[    0.313681] cblist_init_generic: Setting shift to 1 and lim to 1.
[    0.314236] Performance Events: Icelake events, full-width counters, Intel PMU driver.
[    0.314800] ... version:                2
[    0.315147] ... bit width:              48
[    0.315494] ... generic registers:      8
[    0.315835] ... value mask:             0000ffffffffffff
[    0.316288] ... max period:             00007fffffffffff
[    0.316741] ... fixed-purpose events:   3
[    0.317081] ... event mask:             00000007000000ff
[    0.317753] rcu: Hierarchical SRCU implementation.
[    0.318168] rcu: 	Max phase no-delay instances is 1000.
[    0.320790] smp: Bringing up secondary CPUs ...
[    0.321413] x86: Booting SMP configuration:
[    0.321769] .... node  #0, CPUs:      #1
[    0.322210] smp: Brought up 1 node, 2 CPUs
[    0.322800] smpboot: Max logical packages: 1
[    0.323165] smpboot: Total of 2 processors activated (12441.60 BogoMIPS)
[    0.326799] devtmpfs: initialized
[    0.327219] x86/mm: Memory block size: 128MB
[    0.328715] clocksource: jiffies: mask: 0xffffffff max_cycles: 0xffffffff, max_idle_ns: 7645041785100000 ns
[    0.328715] futex hash table entries: 512 (order: 3, 32768 bytes, linear)
[    0.328715] pinctrl core: initialized pinctrl subsystem
[    0.331047] 
[    0.331183] *************************************************************
[    0.331747] **     NOTICE NOTICE NOTICE NOTICE NOTICE NOTICE NOTICE    **
[    0.332313] **                                                         **
[    0.332873] **  IOMMU DebugFS SUPPORT HAS BEEN ENABLED IN THIS KERNEL  **
[    0.333429] **                                                         **
[    0.333986] ** This means that this kernel is built to expose internal **
[    0.334544] ** IOMMU data structures, which may compromise security on **
[    0.334797] ** your system.                                            **
[    0.335354] **                                                         **
[    0.335919] ** If you see this message and you are not debugging the   **
[    0.336479] ** kernel, report this immediately to your vendor!         **
[    0.337037] **                                                         **
[    0.337593] **     NOTICE NOTICE NOTICE NOTICE NOTICE NOTICE NOTICE    **
[    0.338150] *************************************************************
[    0.338740] PM: RTC time: 18:31:54, date: 2022-12-07
[    0.341742] NET: Registered PF_NETLINK/PF_ROUTE protocol family
[    0.342624] DMA: preallocated 256 KiB GFP_KERNEL pool for atomic allocations
[    0.342806] DMA: preallocated 256 KiB GFP_KERNEL|GFP_DMA pool for atomic allocations
[    0.343450] DMA: preallocated 256 KiB GFP_KERNEL|GFP_DMA32 pool for atomic allocations
[    0.344124] audit: initializing netlink subsys (disabled)
[    0.344616] audit: type=2000 audit(1670437915.179:1): state=initialized audit_enabled=0 res=1
[    0.344616] thermal_sys: Registered thermal governor 'fair_share'
[    0.344616] thermal_sys: Registered thermal governor 'bang_bang'
[    0.344616] thermal_sys: Registered thermal governor 'step_wise'
[    0.344850] thermal_sys: Registered thermal governor 'user_space'
[    0.346812] cpuidle: using governor ladder
[    0.347651] cpuidle: using governor menu
[    0.348189] acpiphp: ACPI Hot Plug PCI Controller Driver version: 0.5
[    0.348941] PCI: Using configuration type 1 for base access
[    0.358118] kprobes: kprobe jump-optimization is enabled. All kprobes are optimized if possible.
[    0.602072] HugeTLB: registered 1.00 GiB page size, pre-allocated 0 pages
[    0.602676] HugeTLB: 16380 KiB vmemmap can be freed for a 1.00 GiB page
[    0.602821] HugeTLB: registered 2.00 MiB page size, pre-allocated 0 pages
[    0.603383] HugeTLB: 28 KiB vmemmap can be freed for a 2.00 MiB page
[    0.604279] ACPI: Added _OSI(Module Device)
[    0.604652] ACPI: Added _OSI(Processor Device)
[    0.605035] ACPI: Added _OSI(3.0 _SCP Extensions)
[    0.605426] ACPI: Added _OSI(Processor Aggregator Device)
[    0.611485] ACPI: 1 ACPI AML tables successfully acquired and loaded
[    0.614384] ACPI: Interpreter enabled
[    0.614760] ACPI: PM: (supports S0 S3 S4 S5)
[    0.614798] ACPI: Using IOAPIC for interrupt routing
[    0.615239] PCI: Using host bridge windows from ACPI; if necessary, use "pci=nocrs" and report a bug
[    0.615991] PCI: Using E820 reservations for host bridge windows
[    0.617004] ACPI: Enabled 2 GPEs in block 00 to 0F
[    0.629096] ACPI: PCI Root Bridge [PCI0] (domain 0000 [bus 00-ff])
[    0.629635] acpi PNP0A03:00: _OSC: OS supports [ASPM ClockPM Segments MSI EDR HPX-Type3]
[    0.630316] acpi PNP0A03:00: _OSC: not requesting OS control; OS requires [ExtendedConfig ASPM ClockPM MSI]
[    0.630832] acpi PNP0A03:00: fail to add MMCONFIG information, can't access extended PCI configuration space under this bridge.
[    0.633309] acpiphp: Slot [3] registered
[    0.633703] acpiphp: Slot [4] registered
[    0.634091] acpiphp: Slot [5] registered
[    0.634472] acpiphp: Slot [6] registered
[    0.634858] acpiphp: Slot [7] registered
[    0.635251] acpiphp: Slot [8] registered
[    0.635636] acpiphp: Slot [9] registered
[    0.636018] acpiphp: Slot [10] registered
[    0.636407] acpiphp: Slot [11] registered
[    0.636795] acpiphp: Slot [12] registered
[    0.637184] acpiphp: Slot [13] registered
[    0.637586] acpiphp: Slot [14] registered
[    0.637978] acpiphp: Slot [15] registered
[    0.638366] acpiphp: Slot [16] registered
[    0.638757] acpiphp: Slot [17] registered
[    0.638848] acpiphp: Slot [18] registered
[    0.639239] acpiphp: Slot [19] registered
[    0.639640] acpiphp: Slot [20] registered
[    0.640038] acpiphp: Slot [21] registered
[    0.640426] acpiphp: Slot [22] registered
[    0.640823] acpiphp: Slot [23] registered
[    0.641217] acpiphp: Slot [24] registered
[    0.641607] acpiphp: Slot [25] registered
[    0.641996] acpiphp: Slot [26] registered
[    0.642394] acpiphp: Slot [27] registered
[    0.642785] acpiphp: Slot [28] registered
[    0.642848] acpiphp: Slot [29] registered
[    0.643239] acpiphp: Slot [30] registered
[    0.643627] acpiphp: Slot [31] registered
[    0.643980] PCI host bridge to bus 0000:00
[    0.644327] pci_bus 0000:00: root bus resource [io  0x0000-0x0cf7 window]
[    0.644900] pci_bus 0000:00: root bus resource [io  0x0d00-0xffff window]
[    0.645469] pci_bus 0000:00: root bus resource [mem 0x000a0000-0x000bffff window]
[    0.646094] pci_bus 0000:00: root bus resource [mem 0x80000000-0xfebfffff window]
[    0.646718] pci_bus 0000:00: root bus resource [mem 0x100000000-0x17fffffff window]
[    0.646798] pci_bus 0000:00: root bus resource [bus 00-ff]
[    0.647320] pci 0000:00:00.0: [8086:1237] type 00 class 0x060000
[    0.650095] pci 0000:00:01.0: [8086:7000] type 00 class 0x060100
[    0.651192] pci 0000:00:01.1: [8086:7010] type 00 class 0x010180
[    0.653157] pci 0000:00:01.1: reg 0x20: [io  0xc040-0xc04f]
[    0.654255] pci 0000:00:01.1: legacy IDE quirk: reg 0x10: [io  0x01f0-0x01f7]
[    0.654800] pci 0000:00:01.1: legacy IDE quirk: reg 0x14: [io  0x03f6]
[    0.655345] pci 0000:00:01.1: legacy IDE quirk: reg 0x18: [io  0x0170-0x0177]
[    0.655937] pci 0000:00:01.1: legacy IDE quirk: reg 0x1c: [io  0x0376]
[    0.656710] pci 0000:00:01.3: [8086:7113] type 00 class 0x068000
[    0.657519] pci 0000:00:01.3: quirk: [io  0x0600-0x063f] claimed by PIIX4 ACPI
[    0.658128] pci 0000:00:01.3: quirk: [io  0x0700-0x070f] claimed by PIIX4 SMB
[    0.658948] pci 0000:00:02.0: [1234:1111] type 00 class 0x030000
[    0.660883] pci 0000:00:02.0: reg 0x10: [mem 0xfd000000-0xfdffffff pref]
[    0.662812] pci 0000:00:02.0: reg 0x18: [mem 0xfebf0000-0xfebf0fff]
[    0.665799] pci 0000:00:02.0: reg 0x30: [mem 0xfebe0000-0xfebeffff pref]
[    0.666474] pci 0000:00:02.0: Video device with shadowed ROM at [mem 0x000c0000-0x000dffff]
[    0.669007] pci 0000:00:03.0: [8086:100e] type 00 class 0x020000
[    0.670281] pci 0000:00:03.0: reg 0x10: [mem 0xfebc0000-0xfebdffff]
[    0.671513] pci 0000:00:03.0: reg 0x14: [io  0xc000-0xc03f]
[    0.674702] pci 0000:00:03.0: reg 0x30: [mem 0xfeb80000-0xfebbffff pref]
[    0.685227] ACPI: PCI: Interrupt link LNKA configured for IRQ 10
[    0.686059] ACPI: PCI: Interrupt link LNKB configured for IRQ 10
[    0.686865] ACPI: PCI: Interrupt link LNKC configured for IRQ 11
[    0.687686] ACPI: PCI: Interrupt link LNKD configured for IRQ 11
[    0.688364] ACPI: PCI: Interrupt link LNKS configured for IRQ 9
[    0.689789] iommu: Default domain type: Translated 
[    0.690214] iommu: DMA domain TLB invalidation policy: lazy mode 
[    0.691280] SCSI subsystem initialized
[    0.691762] ACPI: bus type USB registered
[    0.692168] usbcore: registered new interface driver usbfs
[    0.692673] usbcore: registered new interface driver hub
[    0.693150] usbcore: registered new device driver usb
[    0.693628] pps_core: LinuxPPS API ver. 1 registered
[    0.694046] pps_core: Software ver. 5.3.6 - Copyright 2005-2007 Rodolfo Giometti <giometti@linux.it>
[    0.694817] PTP clock support registered
[    0.695287] EDAC MC: Ver: 3.0.0
[    0.696348] NetLabel: Initializing
[    0.696649] NetLabel:  domain hash size = 128
[    0.697028] NetLabel:  protocols = UNLABELED CIPSOv4 CALIPSO
[    0.697540] NetLabel:  unlabeled traffic allowed by default
[    0.698142] PCI: Using ACPI for IRQ routing
[    0.698651] pci 0000:00:02.0: vgaarb: setting as boot VGA device
[    0.698793] pci 0000:00:02.0: vgaarb: bridge control possible
[    0.698793] pci 0000:00:02.0: vgaarb: VGA device added: decodes=io+mem,owns=io+mem,locks=none
[    0.698799] vgaarb: loaded
[    0.699330] hpet0: at MMIO 0xfed00000, IRQs 2, 8, 0
[    0.699765] hpet0: 3 comparators, 64-bit 100.000000 MHz counter
[    3.585006] clocksource: Switched to clocksource kvm-clock
[    3.685755] VFS: Disk quotas dquot_6.6.0
[    3.686156] VFS: Dquot-cache hash table entries: 512 (order 0, 4096 bytes)
[    3.686850] pnp: PnP ACPI init
[    3.688456] pnp: PnP ACPI: found 6 devices
[    3.699182] clocksource: acpi_pm: mask: 0xffffff max_cycles: 0xffffff, max_idle_ns: 2085701024 ns
[    3.700186] NET: Registered PF_INET protocol family
[    3.701294] IP idents hash table entries: 32768 (order: 6, 262144 bytes, linear)
[    3.704439] tcp_listen_portaddr_hash hash table entries: 1024 (order: 2, 16384 bytes, linear)
[    3.705161] Table-perturb hash table entries: 65536 (order: 6, 262144 bytes, linear)
[    3.705805] TCP established hash table entries: 16384 (order: 5, 131072 bytes, linear)
[    3.706595] TCP bind hash table entries: 16384 (order: 7, 524288 bytes, linear)
[    3.707580] TCP: Hash tables configured (established 16384 bind 16384)
[    3.708206] UDP hash table entries: 1024 (order: 3, 32768 bytes, linear)
[    3.708774] UDP-Lite hash table entries: 1024 (order: 3, 32768 bytes, linear)
[    3.709471] NET: Registered PF_UNIX/PF_LOCAL protocol family
[    3.710411] RPC: Registered named UNIX socket transport module.
[    3.710911] RPC: Registered udp transport module.
[    3.711284] RPC: Registered tcp transport module.
[    3.711650] RPC: Registered tcp NFSv4.1 backchannel transport module.
[    3.712168] pci_bus 0000:00: resource 4 [io  0x0000-0x0cf7 window]
[    3.712655] pci_bus 0000:00: resource 5 [io  0x0d00-0xffff window]
[    3.713154] pci_bus 0000:00: resource 6 [mem 0x000a0000-0x000bffff window]
[    3.713694] pci_bus 0000:00: resource 7 [mem 0x80000000-0xfebfffff window]
[    3.714239] pci_bus 0000:00: resource 8 [mem 0x100000000-0x17fffffff window]
[    3.714977] pci 0000:00:01.0: PIIX3: Enabling Passive Release
[    3.715449] pci 0000:00:00.0: Limiting direct PCI/PCI transfers
[    3.716021] PCI: CLS 0 bytes, default 64
[    3.716352] ACPI: bus type thunderbolt registered
[    3.716984] clocksource: tsc: mask: 0xffffffffffffffff max_cycles: 0x2cd5a8bb032, max_idle_ns: 440795365915 ns
[    3.720309] Initialise system trusted keyrings
[    3.720694] Key type blacklist registered
[    3.721245] workingset: timestamp_bits=36 max_order=19 bucket_order=0
[    3.726910] zbud: loaded
[    3.728232] squashfs: version 4.0 (2009/01/31) Phillip Lougher
[    3.729644] NFS: Registering the id_resolver key type
[    3.730074] Key type id_resolver registered
[    3.730421] Key type id_legacy registered
[    3.730817] nfs4filelayout_init: NFSv4 File Layout Driver Registering...
[    3.731345] nfs4flexfilelayout_init: NFSv4 Flexfile Layout Driver Registering...
[    3.732061] fuse: init (API version 7.37)
[    3.732607] SGI XFS with ACLs, security attributes, realtime, quota, no debug enabled
[    3.734633] 9p: Installing v9fs 9p2000 file system support
[    3.742866] Key type asymmetric registered
[    3.743196] Asymmetric key parser 'x509' registered
[    3.744381] alg: self-tests for CTR-KDF (hmac(sha256)) passed
[    3.744907] Block layer SCSI generic (bsg) driver version 0.4 loaded (major 243)
[    3.745592] io scheduler mq-deadline registered
[    3.746049] io scheduler bfq registered
[    3.746959] shpchp: Standard Hot Plug PCI Controller Driver version: 0.4
[    3.747666] IPMI message handler: version 39.2
[    3.748030] ipmi device interface
[    3.749272] input: Power Button as /devices/LNXSYSTM:00/LNXPWRBN:00/input/input0
[    3.749971] ACPI: button: Power Button [PWRF]
[    3.751006] ERST DBG: ERST support is disabled.
[    3.751792] Serial: 8250/16550 driver, 32 ports, IRQ sharing enabled
[    3.752661] 00:04: ttyS0 at I/O 0x3f8 (irq = 4, base_baud = 115200) is a 16550A
[    3.758428] Linux agpgart interface v0.103
[    3.759156] ACPI: bus type drm_connector registered
[    3.768219] brd: module loaded
[    3.773444] loop: module loaded
[    3.776225] scsi host0: ata_piix
[    3.776810] scsi host1: ata_piix
[    3.777180] ata1: PATA max MWDMA2 cmd 0x1f0 ctl 0x3f6 bmdma 0xc040 irq 14
[    3.777730] ata2: PATA max MWDMA2 cmd 0x170 ctl 0x376 bmdma 0xc048 irq 15
[    3.779327] tun: Universal TUN/TAP device driver, 1.6
[    3.779870] e100: Intel(R) PRO/100 Network Driver
[    3.780265] e100: Copyright(c) 1999-2006 Intel Corporation
[    3.780755] e1000: Intel(R) PRO/1000 Network Driver
[    3.781167] e1000: Copyright (c) 1999-2006 Intel Corporation.
[    3.866279] ACPI: \_SB_.LNKC: Enabled at IRQ 11
[    3.934963] ata2: found unknown device (class 0)
[    3.935749] ata1: found unknown device (class 0)
[    3.936621] ata2.00: ATAPI: QEMU DVD-ROM, 2.5+, max UDMA/100
[    3.937594] ata1.00: ATA-7: QEMU HARDDISK, 2.5+, max UDMA/100
[    3.938197] ata1.00: 16777216 sectors, multi 16: LBA48 
[    3.939595] scsi 0:0:0:0: Direct-Access     ATA      QEMU HARDDISK    2.5+ PQ: 0 ANSI: 5
[    3.940833] scsi 0:0:0:0: Attached scsi generic sg0 type 0
[    3.941725] sd 0:0:0:0: [sda] 16777216 512-byte logical blocks: (8.59 GB/8.00 GiB)
[    3.942541] sd 0:0:0:0: [sda] Write Protect is off
[    3.942674] scsi 1:0:0:0: CD-ROM            QEMU     QEMU DVD-ROM     2.5+ PQ: 0 ANSI: 5
[    3.943810] sd 0:0:0:0: [sda] Write cache: enabled, read cache: enabled, doesn't support DPO or FUA
[    3.944868] sd 0:0:0:0: [sda] Preferred minimum I/O size 512 bytes
[    3.963680] sd 0:0:0:0: [sda] Attached SCSI disk
[    3.975338] scsi 1:0:0:0: Attached scsi generic sg1 type 5
[    4.193575] e1000 0000:00:03.0 eth0: (PCI:33MHz:32-bit) 52:54:00:12:34:56
[    4.194198] e1000 0000:00:03.0 eth0: Intel(R) PRO/1000 Network Connection
[    4.194833] e1000e: Intel(R) PRO/1000 Network Driver
[    4.195257] e1000e: Copyright(c) 1999 - 2015 Intel Corporation.
[    4.195779] igb: Intel(R) Gigabit Ethernet Network Driver
[    4.196228] igb: Copyright (c) 2007-2014 Intel Corporation.
[    4.196745] PPP generic driver version 2.4.2
[    4.197453] VFIO - User Level meta-driver version: 0.3
[    4.198463] usbcore: registered new interface driver uas
[    4.199064] usbcore: registered new interface driver usb-storage
[    4.199761] i8042: PNP: PS/2 Controller [PNP0303:KBD,PNP0f13:MOU] at 0x60,0x64 irq 1,12
[    4.201141] serio: i8042 KBD port at 0x60,0x64 irq 1
[    4.201654] serio: i8042 AUX port at 0x60,0x64 irq 12
[    4.202521] mousedev: PS/2 mouse device common for all mice
[    4.203582] input: AT Translated Set 2 keyboard as /devices/platform/i8042/serio0/input/input1
[    4.204542] rtc_cmos 00:05: RTC can wake from S4
[    4.205881] input: VirtualPS/2 VMware VMMouse as /devices/platform/i8042/serio1/input/input4
[    4.206922] rtc_cmos 00:05: registered as rtc0
[    4.207427] rtc_cmos 00:05: setting system clock to 2022-12-07T18:31:58 UTC (1670437918)
[    4.208346] rtc_cmos 00:05: alarms up to one day, y3k, 242 bytes nvram, hpet irqs
[    4.209183] i2c_dev: i2c /dev entries driver
[    4.209661] device-mapper: core: CONFIG_IMA_DISABLE_HTABLE is disabled. Duplicate IMA measurements will not be recorded in the IMA log.
[    4.210981] device-mapper: uevent: version 1.0.3
[    4.211618] device-mapper: ioctl: 4.47.0-ioctl (2022-07-28) initialised: dm-devel@redhat.com
[    4.212483] intel_pstate: CPU model not supported
[    4.213183] input: VirtualPS/2 VMware VMMouse as /devices/platform/i8042/serio1/input/input3
[    4.214249] sdhci: Secure Digital Host Controller Interface driver
[    4.214900] sdhci: Copyright(c) Pierre Ossman
[    4.215411] sdhci-pltfm: SDHCI platform and OF driver helper
[    4.216025] ledtrig-cpu: registered to indicate activity on CPUs
[    4.216838] drop_monitor: Initializing network drop monitor service
[    4.217905] NET: Registered PF_INET6 protocol family
[    4.219635] Segment Routing with IPv6
[    4.219991] In-situ OAM (IOAM) with IPv6
[    4.220329] NET: Registered PF_PACKET protocol family
[    4.220916] 9pnet: Installing 9P2000 support
[    4.221415] Key type dns_resolver registered
[    4.222408] IPI shorthand broadcast: enabled
[    4.222908] sched_clock: Marking stable (4215168031, 7693704)->(4234333195, -11471460)
[    4.224009] registered taskstats version 1
[    4.224494] Loading compiled-in X.509 certificates
[    4.225776] zswap: loaded using pool lzo/zbud
[    4.226406] Key type .fscrypt registered
[    4.226728] Key type fscrypt-provisioning registered
[    4.227749] Key type encrypted registered
[    4.228185] ima: No TPM chip found, activating TPM-bypass!
[    4.228749] ima: Allocated hash algorithm: sha1
[    4.229236] ima: No architecture policies found
[    4.229740] evm: Initialising EVM extended attributes:
[    4.230260] evm: security.selinux
[    4.230606] evm: security.SMACK64
[    4.230955] evm: security.SMACK64EXEC
[    4.231329] evm: security.SMACK64TRANSMUTE
[    4.231752] evm: security.SMACK64MMAP
[    4.232124] evm: security.apparmor
[    4.232471] evm: security.ima
[    4.232780] evm: security.capability
[    4.233160] evm: HMAC attrs: 0x1
[    4.236173] PM:   Magic number: 2:949:543
[    4.236866] RAS: Correctable Errors collector initialized.
[    4.237683] md: Waiting for all devices to be available before autodetect
[    4.238195] md: If you don't use raid, use raid=noautodetect
[    4.238623] md: Autodetecting RAID arrays.
[    4.238947] md: autorun ...
[    4.239170] md: ... autorun DONE.
[    4.242096] EXT4-fs (sda): INFO: recovery required on readonly filesystem
[    4.242622] EXT4-fs (sda): write access will be enabled during recovery
[    4.303925] EXT4-fs (sda): recovery complete
[    4.309224] EXT4-fs (sda): mounted filesystem with ordered data mode. Quota mode: none.
[    4.309750] VFS: Mounted root (ext4 filesystem) readonly on device 8:0.
[    4.310624] devtmpfs: mounted
[    4.315550] Freeing unused decrypted memory: 2036K
[    4.317378] Freeing unused kernel image (initmem) memory: 3636K
[    4.317743] Write protecting the kernel read-only data: 40960k
[    4.319994] Freeing unused kernel image (text/rodata gap) memory: 2028K
[    4.320692] Freeing unused kernel image (rodata/data gap) memory: 612K
[    4.418471] x86/mm: Checked W+X mappings: passed, no W+X pages found.
[    4.418891] Run /sbin/init as init process
[    4.498011] systemd[1]: RTC configured in localtime, applying delta of 0 minutes to system time.
[    4.518598] systemd[1]: systemd 239 (239-49.el8) running in system mode. (+PAM +AUDIT +SELINUX +IMA -APPARMOR +SMACK +SYSVINIT +UTMP +LIBCRYPTSETUP +GCRYPT +GNUTLS +ACL +XZ +LZ4 +SECCOMP +BLKID +ELFUTILS +KMOD +IDN2 -IDN +PCRE2 default-hierarchy=legacy)
[    4.520017] systemd[1]: Detected virtualization kvm.
[    4.520331] systemd[1]: Detected architecture x86-64.

Welcome to [0;31mCentOS Stream 8[0m!

[    4.581250] systemd[1]: Set hostname to <test>.
[    5.630816] random: crng init done
[    5.726286] systemd[1]: Listening on udev Kernel Socket.
[[0;32m  OK  [0m] Listening on udev Kernel Socket.
[    5.728042] systemd[1]: Created slice User and Session Slice.
[[0;32m  OK  [0m] Created slice User and Session Slice.
[    5.728821] systemd[1]: Reached target Slices.
[[0;32m  OK  [0m] Reached target Slices.
[    5.729559] systemd[1]: Listening on udev Control Socket.
[[0;32m  OK  [0m] Listening on udev Control Socket.
[    5.730282] systemd[1]: Reached target Swap.
[[0;32m  OK  [0m] Reached target Swap.
[    5.731034] systemd[1]: Listening on Journal Socket.
[[0;32m  OK  [0m] Listening on Journal Socket.
         Mounting POSIX Message Queue File System...
         Mounting Huge Pages File System...
[[0;32m  OK  [0m] Listening on Journal Socket (/dev/log).
         Starting Journal Service...
[[0;32m  OK  [0m] Listening on Device-mapper event daemon FIFOs.
[[0;32m  OK  [0m] Listening on Process Core Dump Socket.
[[0;32m  OK  [0m] Created slice system-getty.slice.
[[0;32m  OK  [0m] Listening on LVM2 poll daemon socket.
[[0;32m  OK  [0m] Listening on multipathd control socket.
         Mounting Kernel Debug File System...
         Starting udev Coldplug all Devices...
[[0;32m  OK  [0m] Listening on initctl Compatibility Named Pipe.
         Starting Load Kernel Modules...
         Starting Remount Root and Kernel File Systems...
[[0;32m  OK  [0m] Started Forward Password Requests to Wall Directory Watch.
         Starting Setup Virtual Console...
[[0;32m  OK  [0m] Listening on RPCbind Server Activation Socket.
[[0;32m  OK  [0m] Reached target RPC Port Mapper.
[[0;32m  OK  [0m] Created slice system-sshd\x2dkeygen.slice.
         Starting Monitoring of LVM2 mirrorsâ€¦ng dmeventd or progress polling...
[[0;32m  OK  [0m] Created slice system-serial\x2dgetty.slice.
[[0;32m  OK  [0m] Set up automount Arbitrary Executabâ€¦rmats File System Automount Point.
[[0;32m  OK  [0m] Mounted POSIX Message Queue File System.
[[0;32m  OK  [0m] Started Journal Service.
[[0;32m  OK  [0m] Mounted Huge Pages File System.
[[0;32m  OK  [0m] Mounted Kernel Debug File System.
[[0;1;31mFAILED[0m] Failed to start Load Kernel Modules.
See 'systemctl status systemd-modules-load.service' for details.
         Mounting FUSE Control File System...
         Starting Apply Kernel Variables...
         Mounting Kernel Configuration File System...
[[0;32m  OK  [0m] Mounted FUSE Control File System.
[[0;32m  OK  [0m] Started Apply Kernel Variables.
[    6.016011] EXT4-fs (sda): re-mounted. Quota mode: none.
[[0;32m  OK  [0m] Mounted Kernel Configuration File System.
[[0;32m  OK  [0m] Started Remount Root and Kernel File Systems.
         Starting Load/Save Random Seed...
         Starting Flush Journal to Persistent Storage...
         Starting Create Static Device Nodes in /dev...
[[0;32m  OK  [0m] Started Load/Save Random Seed.
[[0;32m  OK  [0m] Started udev Coldplug all Devices.
[[0;32m  OK  [0m] Started Create Static Device Nodes in /dev.
[[0;32m  OK  [0m] Started Setup Virtual Console.
         Starting udev Kernel Device Manager...
         Starting udev Wait for Complete Device Initialization...
[[0;32m  OK  [0m] Started Flush Journal to Persistent Storage.
[[0;32m  OK  [0m] Started udev Kernel Device Manager.
         Starting Show Plymouth Boot Screen...
[[0;32m  OK  [0m] Started Show Plymouth Boot Screen.
[[0;32m  OK  [0m] Started Forward Password Requests to Plymouth Directory Watch.
[[0;32m  OK  [0m] Reached target Paths.
[[0;32m  OK  [0m] Reached target Local Encrypted Volumes.
[[0;32m  OK  [0m] Found device /dev/ttyS0.
[[0;32m  OK  [0m] Started Monitoring of LVM2 mirrors,â€¦sing dmeventd or progress polling.
[[0;32m  OK  [0m] Listening on Load/Save RF Kill Switch Status /dev/rfkill Watch.
[[0;32m  OK  [0m] Started udev Wait for Complete Device Initialization.
[[0;32m  OK  [0m] Reached target Local File Systems (Pre).
[[0;32m  OK  [0m] Reached target Local File Systems.
         Starting Restore /run/initramfs on shutdown...
         Starting Tell Plymouth To Write Out Runtime Data...
         Starting Create Volatile Files and Directories...
[[0;32m  OK  [0m] Started Restore /run/initramfs on shutdown.
[[0;32m  OK  [0m] Started Tell Plymouth To Write Out Runtime Data.
[[0;32m  OK  [0m] Started Create Volatile Files and Directories.
         Mounting RPC Pipe File System...
         Starting Security Auditing Service...
         Starting RPC Bind...
[[0;32m  OK  [0m] Mounted RPC Pipe File System.
[[0;32m  OK  [0m] Reached target rpc_pipefs.target.
[[0;32m  OK  [0m] Started RPC Bind.
[[0;32m  OK  [0m] Started Security Auditing Service.
         Starting Update UTMP about System Boot/Shutdown...
[[0;32m  OK  [0m] Started Update UTMP about System Boot/Shutdown.
[[0;32m  OK  [0m] Reached target System Initialization.
[[0;32m  OK  [0m] Started dnf makecache --timer.
[[0;32m  OK  [0m] Started daily update of the root trust anchor for DNSSEC.
[[0;32m  OK  [0m] Listening on SSSD Kerberos Cache Manager responder socket.
[[0;32m  OK  [0m] Listening on D-Bus System Message Bus Socket.
[[0;32m  OK  [0m] Reached target Sockets.
[[0;32m  OK  [0m] Reached target Basic System.
[[0;32m  OK  [0m] Started D-Bus System Message Bus.
         Starting Authorization Manager...
         Starting NTP client/server...
[[0;32m  OK  [0m] Reached target sshd-keygen.target.
[[0;32m  OK  [0m] Started Machine Check Exception Logging Daemon.
         Starting Self Monitoring and Reporting Technology (SMART) Daemon...
[[0;32m  OK  [0m] Started irqbalance daemon.
         Starting Login Service...
         Starting Network Manager...
         Starting Auto-connect to subsystemsâ€¦-NVME devices found during boot...
[[0;32m  OK  [0m] Started Daily Cleanup of Temporary Directories.
[[0;32m  OK  [0m] Reached target Timers.
[[0;32m  OK  [0m] Started Self Monitoring and Reporting Technology (SMART) Daemon.
[[0;32m  OK  [0m] Started Auto-connect to subsystems â€¦FC-NVME devices found during boot.
         Starting update of the root trust aâ€¦or DNSSEC validation in unbound...
[[0;32m  OK  [0m] Started Login Service.
[[0;32m  OK  [0m] Started NTP client/server.
[[0;32m  OK  [0m] Started Network Manager.
[[0;32m  OK  [0m] Reached target Network.
         Starting GSSAPI Proxy Daemon...
         Starting OpenSSH server daemon...
         Starting Dynamic System Tuning Daemon...
         Starting Network Manager Wait Online...
[[0;32m  OK  [0m] Started OpenSSH server daemon.
[[0;32m  OK  [0m] Started update of the root trust anâ€¦ for DNSSEC validation in unbound.
[[0;32m  OK  [0m] Started Authorization Manager.
         Starting Hostname Service...
[[0;32m  OK  [0m] Started GSSAPI Proxy Daemon.
[[0;32m  OK  [0m] Reached target NFS client services.
[[0;32m  OK  [0m] Reached target Remote File Systems (Pre).
[[0;32m  OK  [0m] Reached target Remote File Systems.
         Starting Permit User Sessions...
[[0;32m  OK  [0m] Started Permit User Sessions.
         Starting Hold until boot process finishes up...
         Starting Terminate Plymouth Boot Screen...
[[0;32m  OK  [0m] Started Command Scheduler.
[    7.474889] e1000: eth0 NIC Link is Up 1000 Mbps Full Duplex, Flow Control: RX
[    7.475673] IPv6: ADDRCONF(NETDEV_CHANGE): eth0: link becomes ready
[    7.690619] Spectre V2 : WARNING: Unprivileged eBPF is enabled with eIBRS on, data leaks possible via Spectre v2 BHB attacks!
[    7.691522] Spectre V2 : WARNING: Unprivileged eBPF is enabled with eIBRS on, data leaks possible via Spectre v2 BHB attacks!

CentOS Stream 8
Kernel 6.1.0-rc5-39f59bca275d+ on an x86_64

test login: perf: interrupt took too long (3204 > 3173), lowering kernel.perf_event_max_sample_rate to 62250
perf: interrupt took too long (4028 > 4005), lowering kernel.perf_event_max_sample_rate to 49500
perf: interrupt took too long (5065 > 5035), lowering kernel.perf_event_max_sample_rate to 39250
perf: interrupt took too long (6363 > 6331), lowering kernel.perf_event_max_sample_rate to 31250
[   28.319788] perf: interrupt took too long (6363 > 6331), lowering kernel.perf_event_max_sample_rate to 31250
[   28.321982] perf: interrupt took too long (7954 > 7953), lowering kernel.perf_event_max_sample_rate to 25000
[   28.325537] perf: interrupt took too long (9964 > 9942), lowering kernel.perf_event_max_sample_rate to 20000
[   29.554607] perf: interrupt took too long (12474 > 12455), lowering kernel.perf_event_max_sample_rate to 16000
[   30.310038] perf: interrupt took too long (15615 > 15592), lowering kernel.perf_event_max_sample_rate to 12750
[  109.656461] Pid 5320(repro) over core_pipe_limit
[  109.656765] Skipping core dump
[  109.701745] Pid 5323(repro) over core_pipe_limit
[  109.702040] Skipping core dump
[  109.740178] Pid 5325(repro) over core_pipe_limit
[  109.740466] Skipping core dump
[  109.844630] Pid 5334(repro) over core_pipe_limit
[  109.844936] Skipping core dump
[  109.994230] Pid 5352(repro) over core_pipe_limit
[  109.994524] Skipping core dump
[  110.050573] Pid 5354(repro) over core_pipe_limit
[  110.051659] Skipping core dump
[  151.869269] Pid 7751(repro) over core_pipe_limit
[  151.869570] Skipping core dump
[  151.909517] Pid 7758(repro) over core_pipe_limit
[  151.909810] Skipping core dump
[  151.950286] Pid 7760(repro) over core_pipe_limit
[  151.950586] Skipping core dump
[  152.077034] Pid 7769(repro) over core_pipe_limit
[  152.077338] Skipping core dump
[  152.090672] Pid 7773(repro) over core_pipe_limit
[  152.090982] Skipping core dump
[  152.123940] Pid 7774(repro) over core_pipe_limit
[  152.124249] Skipping core dump
