c[?7l[2J[0mSeaBIOS (version rel-1.16.0-0-gd239552ce722-prebuilt.qemu.org)


iPXE (http://ipxe.org) 00:03.0 CA00 PCI2.10 PnP PMM+7FF91000+7FEF1000 CA00
Press Ctrl-B to configure iPXE (PCI 00:03.0)...                                                                               


Booting from ROM..c[?7l[2J[    0.000000] Linux version 6.1.0-rc7-c2bf05db6c78+ (root@p-tglh01.sh.intel.com) (gcc (GCC) 8.5.0 20210514 (Red Hat 8.5.0-17), GNU ld version 2.36.1-2.el8) #1 SMP PREEMPT_DYNAMIC Thu Dec  8 05:38:32 CST 2022
[    0.000000] Command line: console=ttyS0 root=/dev/sda earlyprintk=serial net.ifnames=0
[    0.000000] KERNEL supported cpus:
[    0.000000]   Intel GenuineIntel
[    0.000000]   AMD AuthenticAMD
[    0.000000]   Hygon HygonGenuine
[    0.000000]   Centaur CentaurHauls
[    0.000000]   zhaoxin   Shanghai  
[    0.000000] x86/fpu: Supporting XSAVE feature 0x001: 'x87 floating point registers'
[    0.000000] x86/fpu: Supporting XSAVE feature 0x002: 'SSE registers'
[    0.000000] x86/fpu: Supporting XSAVE feature 0x004: 'AVX registers'
[    0.000000] x86/fpu: Supporting XSAVE feature 0x020: 'AVX-512 opmask'
[    0.000000] x86/fpu: Supporting XSAVE feature 0x040: 'AVX-512 Hi256'
[    0.000000] x86/fpu: Supporting XSAVE feature 0x080: 'AVX-512 ZMM_Hi256'
[    0.000000] x86/fpu: Supporting XSAVE feature 0x200: 'Protection Keys User registers'
[    0.000000] x86/fpu: xstate_offset[2]:  576, xstate_sizes[2]:  256
[    0.000000] x86/fpu: xstate_offset[5]:  832, xstate_sizes[5]:   64
[    0.000000] x86/fpu: xstate_offset[6]:  896, xstate_sizes[6]:  512
[    0.000000] x86/fpu: xstate_offset[7]: 1408, xstate_sizes[7]: 1024
[    0.000000] x86/fpu: xstate_offset[9]: 2432, xstate_sizes[9]:    8
[    0.000000] x86/fpu: Enabled xstate features 0x2e7, context size is 2440 bytes, using 'compacted' format.
[    0.000000] signal: max sigframe size: 3632
[    0.000000] BIOS-provided physical RAM map:
[    0.000000] BIOS-e820: [mem 0x0000000000000000-0x000000000009fbff] usable
[    0.000000] BIOS-e820: [mem 0x000000000009fc00-0x000000000009ffff] reserved
[    0.000000] BIOS-e820: [mem 0x00000000000f0000-0x00000000000fffff] reserved
[    0.000000] BIOS-e820: [mem 0x0000000000100000-0x000000007ffdffff] usable
[    0.000000] BIOS-e820: [mem 0x000000007ffe0000-0x000000007fffffff] reserved
[    0.000000] BIOS-e820: [mem 0x00000000feffc000-0x00000000feffffff] reserved
[    0.000000] BIOS-e820: [mem 0x00000000fffc0000-0x00000000ffffffff] reserved
[    0.000000] printk: bootconsole [earlyser0] enabled
[    0.000000] NX (Execute Disable) protection: active
[    0.000000] SMBIOS 2.8 present.
[    0.000000] DMI: QEMU Standard PC (i440FX + PIIX, 1996), BIOS rel-1.16.0-0-gd239552ce722-prebuilt.qemu.org 04/01/2014
[    0.000000] Hypervisor detected: KVM
[    0.000000] kvm-clock: Using msrs 4b564d01 and 4b564d00
[    0.000002] kvm-clock: using sched offset of 293874648 cycles
[    0.000442] clocksource: kvm-clock: mask: 0xffffffffffffffff max_cycles: 0x1cd42e4dffb, max_idle_ns: 881590591483 ns
[    0.001809] tsc: Detected 3110.400 MHz processor
[    0.010120] last_pfn = 0x7ffe0 max_arch_pfn = 0x400000000
[    0.010639] x86/PAT: Configuration [0-7]: WB  WC  UC- UC  WB  WP  UC- WT  
[    0.018324] found SMP MP-table at [mem 0x000f5ba0-0x000f5baf]
[    0.018865] Using GB pages for direct mapping
[    0.020314] ACPI: Early table checksum verification disabled
[    0.020824] ACPI: RSDP 0x00000000000F59C0 000014 (v00 BOCHS )
[    0.021333] ACPI: RSDT 0x000000007FFE1951 000034 (v01 BOCHS  BXPC     00000001 BXPC 00000001)
[    0.022076] ACPI: FACP 0x000000007FFE17FD 000074 (v01 BOCHS  BXPC     00000001 BXPC 00000001)
[    0.022835] ACPI: DSDT 0x000000007FFE0040 0017BD (v01 BOCHS  BXPC     00000001 BXPC 00000001)
[    0.023581] ACPI: FACS 0x000000007FFE0000 000040
[    0.023984] ACPI: APIC 0x000000007FFE1871 000080 (v01 BOCHS  BXPC     00000001 BXPC 00000001)
[    0.024734] ACPI: HPET 0x000000007FFE18F1 000038 (v01 BOCHS  BXPC     00000001 BXPC 00000001)
[    0.025483] ACPI: WAET 0x000000007FFE1929 000028 (v01 BOCHS  BXPC     00000001 BXPC 00000001)
[    0.026225] ACPI: Reserving FACP table memory at [mem 0x7ffe17fd-0x7ffe1870]
[    0.026831] ACPI: Reserving DSDT table memory at [mem 0x7ffe0040-0x7ffe17fc]
[    0.027441] ACPI: Reserving FACS table memory at [mem 0x7ffe0000-0x7ffe003f]
[    0.028040] ACPI: Reserving APIC table memory at [mem 0x7ffe1871-0x7ffe18f0]
[    0.028646] ACPI: Reserving HPET table memory at [mem 0x7ffe18f1-0x7ffe1928]
[    0.029264] ACPI: Reserving WAET table memory at [mem 0x7ffe1929-0x7ffe1950]
[    0.030880] No NUMA configuration found
[    0.031212] Faking a node at [mem 0x0000000000000000-0x000000007ffdffff]
[    0.031859] NODE_DATA(0) allocated [mem 0x7ffb5000-0x7ffdffff]
[    0.035677] Zone ranges:
[    0.035893]   DMA      [mem 0x0000000000001000-0x0000000000ffffff]
[    0.036423]   DMA32    [mem 0x0000000001000000-0x000000007ffdffff]
[    0.036962]   Normal   empty
[    0.037207]   Device   empty
[    0.037453] Movable zone start for each node
[    0.037817] Early memory node ranges
[    0.038116]   node   0: [mem 0x0000000000001000-0x000000000009efff]
[    0.038642]   node   0: [mem 0x0000000000100000-0x000000007ffdffff]
[    0.039175] Initmem setup node 0 [mem 0x0000000000001000-0x000000007ffdffff]
[    0.039935] On node 0, zone DMA: 1 pages in unavailable ranges
[    0.039954] On node 0, zone DMA: 97 pages in unavailable ranges
[    0.044212] On node 0, zone DMA32: 32 pages in unavailable ranges
[    0.045002] ACPI: PM-Timer IO Port: 0x608
[    0.045880] ACPI: LAPIC_NMI (acpi_id[0xff] dfl dfl lint[0x1])
[    0.046405] IOAPIC[0]: apic_id 0, version 17, address 0xfec00000, GSI 0-23
[    0.047006] ACPI: INT_SRC_OVR (bus 0 bus_irq 0 global_irq 2 dfl dfl)
[    0.047543] ACPI: INT_SRC_OVR (bus 0 bus_irq 5 global_irq 5 high level)
[    0.048107] ACPI: INT_SRC_OVR (bus 0 bus_irq 9 global_irq 9 high level)
[    0.048668] ACPI: INT_SRC_OVR (bus 0 bus_irq 10 global_irq 10 high level)
[    0.049248] ACPI: INT_SRC_OVR (bus 0 bus_irq 11 global_irq 11 high level)
[    0.049842] ACPI: Using ACPI (MADT) for SMP configuration information
[    0.050378] ACPI: HPET id: 0x8086a201 base: 0xfed00000
[    0.050822] TSC deadline timer available
[    0.051158] smpboot: Allowing 2 CPUs, 0 hotplug CPUs
[    0.051610] kvm-guest: KVM setup pv remote TLB flush
[    0.052063] kvm-guest: setup PV sched yield
[    0.052486] PM: hibernation: Registered nosave memory: [mem 0x00000000-0x00000fff]
[    0.053149] PM: hibernation: Registered nosave memory: [mem 0x0009f000-0x0009ffff]
[    0.053798] PM: hibernation: Registered nosave memory: [mem 0x000a0000-0x000effff]
[    0.054439] PM: hibernation: Registered nosave memory: [mem 0x000f0000-0x000fffff]
[    0.055075] [mem 0x80000000-0xfeffbfff] available for PCI devices
[    0.055593] Booting paravirtualized kernel on KVM
[    0.055997] clocksource: refined-jiffies: mask: 0xffffffff max_cycles: 0xffffffff, max_idle_ns: 7645519600211568 ns
[    0.056900] setup_percpu: NR_CPUS:8192 nr_cpumask_bits:2 nr_cpu_ids:2 nr_node_ids:1
[    0.057822] percpu: Embedded 62 pages/cpu s217088 r8192 d28672 u1048576
[    0.058591] kvm-guest: PV spinlocks enabled
[    0.058976] PV qspinlock hash table entries: 256 (order: 0, 4096 bytes, linear)
[    0.059653] Fallback order for Node 0: 0 
[    0.060026] Built 1 zonelists, mobility grouping on.  Total pages: 515808
[    0.060647] Policy zone: DMA32
[    0.060927] Kernel command line: net.ifnames=0 console=ttyS0 root=/dev/sda earlyprintk=serial net.ifnames=0
[    0.062322] Dentry cache hash table entries: 262144 (order: 9, 2097152 bytes, linear)
[    0.063062] Inode-cache hash table entries: 131072 (order: 8, 1048576 bytes, linear)
[    0.063849] mem auto-init: stack:off, heap alloc:off, heap free:off
[    0.068197] Memory: 1999736K/2096632K available (30736K kernel code, 4097K rwdata, 7580K rodata, 3636K init, 10496K bss, 96640K reserved, 0K cma-reserved)
[    0.070379] SLUB: HWalign=64, Order=0-3, MinObjects=0, CPUs=2, Nodes=1
[    0.070941] kmemleak: Kernel memory leak detector disabled
[    0.071423] ftrace: allocating 67023 entries in 262 pages
[    0.092921] ftrace: allocated 262 pages with 3 groups
[    0.094796] Dynamic Preempt: voluntary
[    0.095194] rcu: Preemptible hierarchical RCU implementation.
[    0.095674] rcu: 	RCU restricting CPUs from NR_CPUS=8192 to nr_cpu_ids=2.
[    0.096244] 	Trampoline variant of Tasks RCU enabled.
[    0.096662] 	Rude variant of Tasks RCU enabled.
[    0.097048] 	Tracing variant of Tasks RCU enabled.
[    0.097456] rcu: RCU calculated value of scheduler-enlistment delay is 25 jiffies.
[    0.098114] rcu: Adjusting geometry for rcu_fanout_leaf=16, nr_cpu_ids=2
[    0.125458] NR_IRQS: 524544, nr_irqs: 440, preallocated irqs: 16
[    0.126311] rcu: srcu_init: Setting srcu_struct sizes based on contention.
[    0.134667] Console: colour VGA+ 80x25
[    0.135021] printk: console [ttyS0] enabled
[    0.135021] printk: console [ttyS0] enabled
[    0.135757] printk: bootconsole [earlyser0] disabled
[    0.135757] printk: bootconsole [earlyser0] disabled
[    0.136689] ACPI: Core revision 20220331
[    0.137263] clocksource: hpet: mask: 0xffffffff max_cycles: 0xffffffff, max_idle_ns: 19112604467 ns
[    0.138142] APIC: Switch to symmetric I/O mode setup
[    0.138780] x2apic enabled
[    0.139216] Switched APIC routing to physical x2apic.
[    0.139658] kvm-guest: setup PV IPIs
[    0.140858] ..TIMER: vector=0x30 apic1=0 pin1=2 apic2=-1 pin2=-1
[    0.141407] clocksource: tsc-early: mask: 0xffffffffffffffff max_cycles: 0x2cd5a8bb032, max_idle_ns: 440795365915 ns
[    0.142359] Calibrating delay loop (skipped) preset value.. 6220.80 BogoMIPS (lpj=12441600)
[    0.143081] pid_max: default: 32768 minimum: 301
[    0.143645] LSM: Security Framework initializing
[    0.144051] Yama: becoming mindful.
[    0.144537] Mount-cache hash table entries: 4096 (order: 3, 32768 bytes, linear)
[    0.145187] Mountpoint-cache hash table entries: 4096 (order: 3, 32768 bytes, linear)
[    0.146789] x86/cpu: User Mode Instruction Prevention (UMIP) activated
[    0.147521] Last level iTLB entries: 4KB 0, 2MB 0, 4MB 0
[    0.147991] Last level dTLB entries: 4KB 0, 2MB 0, 4MB 0, 1GB 0
[    0.148507] Spectre V1 : Mitigation: usercopy/swapgs barriers and __user pointer sanitization
[    0.149255] Spectre V2 : WARNING: Unprivileged eBPF is enabled with eIBRS on, data leaks possible via Spectre v2 BHB attacks!
[    0.150207] Spectre V2 : Mitigation: Enhanced IBRS
[    0.150356] Spectre V2 : Spectre v2 / SpectreRSB mitigation: Filling RSB on context switch
[    0.151016] Spectre V2 : Spectre v2 / PBRSB-eIBRS: Retire a single CALL on VMEXIT
[    0.151617] Spectre V2 : mitigation: Enabling conditional Indirect Branch Prediction Barrier
[    0.152304] Speculative Store Bypass: Mitigation: Speculative Store Bypass disabled via prctl
[    0.257184] Freeing SMP alternatives memory: 56K
[    0.257776] smpboot: CPU0: Genuine Intel(R) CPU 0000 @ 2.20GHz (family: 0x6, model: 0x8d, stepping: 0x0)
[    0.258352] cblist_init_generic: Setting adjustable number of callback queues.
[    0.258352] cblist_init_generic: Setting shift to 1 and lim to 1.
[    0.258352] cblist_init_generic: Setting shift to 1 and lim to 1.
[    0.258352] cblist_init_generic: Setting shift to 1 and lim to 1.
[    0.258352] Performance Events: Icelake events, full-width counters, Intel PMU driver.
[    0.258359] ... version:                2
[    0.258703] ... bit width:              48
[    0.259053] ... generic registers:      8
[    0.259395] ... value mask:             0000ffffffffffff
[    0.259844] ... max period:             00007fffffffffff
[    0.260293] ... fixed-purpose events:   3
[    0.260635] ... event mask:             00000007000000ff
[    0.261288] rcu: Hierarchical SRCU implementation.
[    0.261702] rcu: 	Max phase no-delay instances is 1000.
[    0.264286] smp: Bringing up secondary CPUs ...
[    0.264858] x86: Booting SMP configuration:
[    0.265209] .... node  #0, CPUs:      #1
[    0.265563] smp: Brought up 1 node, 2 CPUs
[    0.265563] smpboot: Max logical packages: 1
[    0.266359] smpboot: Total of 2 processors activated (12441.60 BogoMIPS)
[    0.267310] devtmpfs: initialized
[    0.267310] x86/mm: Memory block size: 128MB
[    0.268210] clocksource: jiffies: mask: 0xffffffff max_cycles: 0xffffffff, max_idle_ns: 7645041785100000 ns
[    0.270360] futex hash table entries: 512 (order: 3, 32768 bytes, linear)
[    0.271023] pinctrl core: initialized pinctrl subsystem
[    0.271687] 
[    0.271823] *************************************************************
[    0.272388] **     NOTICE NOTICE NOTICE NOTICE NOTICE NOTICE NOTICE    **
[    0.272944] **                                                         **
[    0.273506] **  IOMMU DebugFS SUPPORT HAS BEEN ENABLED IN THIS KERNEL  **
[    0.274061] **                                                         **
[    0.274359] ** This means that this kernel is built to expose internal **
[    0.274918] ** IOMMU data structures, which may compromise security on **
[    0.275475] ** your system.                                            **
[    0.276031] **                                                         **
[    0.276586] ** If you see this message and you are not debugging the   **
[    0.277145] ** kernel, report this immediately to your vendor!         **
[    0.277700] **                                                         **
[    0.278259] **     NOTICE NOTICE NOTICE NOTICE NOTICE NOTICE NOTICE    **
[    0.278355] *************************************************************
[    0.278959] PM: RTC time: 21:39:11, date: 2022-12-07
[    0.281529] NET: Registered PF_NETLINK/PF_ROUTE protocol family
[    0.282413] DMA: preallocated 256 KiB GFP_KERNEL pool for atomic allocations
[    0.283002] DMA: preallocated 256 KiB GFP_KERNEL|GFP_DMA pool for atomic allocations
[    0.283645] DMA: preallocated 256 KiB GFP_KERNEL|GFP_DMA32 pool for atomic allocations
[    0.284328] audit: initializing netlink subsys (disabled)
[    0.284832] audit: type=2000 audit(1670449151.719:1): state=initialized audit_enabled=0 res=1
[    0.284832] thermal_sys: Registered thermal governor 'fair_share'
[    0.284832] thermal_sys: Registered thermal governor 'bang_bang'
[    0.284832] thermal_sys: Registered thermal governor 'step_wise'
[    0.286356] thermal_sys: Registered thermal governor 'user_space'
[    0.286861] cpuidle: using governor ladder
[    0.287697] cpuidle: using governor menu
[    0.288245] acpiphp: ACPI Hot Plug PCI Controller Driver version: 0.5
[    0.288994] PCI: Using configuration type 1 for base access
[    0.298210] kprobes: kprobe jump-optimization is enabled. All kprobes are optimized if possible.
[    0.526637] HugeTLB: registered 1.00 GiB page size, pre-allocated 0 pages
[    0.527202] HugeTLB: 16380 KiB vmemmap can be freed for a 1.00 GiB page
[    0.527747] HugeTLB: registered 2.00 MiB page size, pre-allocated 0 pages
[    0.528286] HugeTLB: 28 KiB vmemmap can be freed for a 2.00 MiB page
[    0.529613] ACPI: Added _OSI(Module Device)
[    0.529978] ACPI: Added _OSI(Processor Device)
[    0.530331] ACPI: Added _OSI(3.0 _SCP Extensions)
[    0.530370] ACPI: Added _OSI(Processor Aggregator Device)
[    0.534842] ACPI: 1 ACPI AML tables successfully acquired and loaded
[    0.537659] ACPI: Interpreter enabled
[    0.538019] ACPI: PM: (supports S0 S3 S4 S5)
[    0.538357] ACPI: Using IOAPIC for interrupt routing
[    0.538777] PCI: Using host bridge windows from ACPI; if necessary, use "pci=nocrs" and report a bug
[    0.539498] PCI: Using E820 reservations for host bridge windows
[    0.540461] ACPI: Enabled 2 GPEs in block 00 to 0F
[    0.552382] ACPI: PCI Root Bridge [PCI0] (domain 0000 [bus 00-ff])
[    0.552937] acpi PNP0A03:00: _OSC: OS supports [ASPM ClockPM Segments MSI EDR HPX-Type3]
[    0.553630] acpi PNP0A03:00: _OSC: not requesting OS control; OS requires [ExtendedConfig ASPM ClockPM MSI]
[    0.554393] acpi PNP0A03:00: fail to add MMCONFIG information, can't access extended PCI configuration space under this bridge.
[    0.556878] acpiphp: Slot [3] registered
[    0.557258] acpiphp: Slot [4] registered
[    0.557636] acpiphp: Slot [5] registered
[    0.558017] acpiphp: Slot [6] registered
[    0.558405] acpiphp: Slot [7] registered
[    0.558793] acpiphp: Slot [8] registered
[    0.559176] acpiphp: Slot [9] registered
[    0.559556] acpiphp: Slot [10] registered
[    0.559942] acpiphp: Slot [11] registered
[    0.560329] acpiphp: Slot [12] registered
[    0.560716] acpiphp: Slot [13] registered
[    0.561110] acpiphp: Slot [14] registered
[    0.561497] acpiphp: Slot [15] registered
[    0.561885] acpiphp: Slot [16] registered
[    0.562271] acpiphp: Slot [17] registered
[    0.562406] acpiphp: Slot [18] registered
[    0.562797] acpiphp: Slot [19] registered
[    0.563183] acpiphp: Slot [20] registered
[    0.563574] acpiphp: Slot [21] registered
[    0.563960] acpiphp: Slot [22] registered
[    0.564350] acpiphp: Slot [23] registered
[    0.564735] acpiphp: Slot [24] registered
[    0.565119] acpiphp: Slot [25] registered
[    0.565504] acpiphp: Slot [26] registered
[    0.565896] acpiphp: Slot [27] registered
[    0.566282] acpiphp: Slot [28] registered
[    0.566406] acpiphp: Slot [29] registered
[    0.566785] acpiphp: Slot [30] registered
[    0.567163] acpiphp: Slot [31] registered
[    0.567506] PCI host bridge to bus 0000:00
[    0.567842] pci_bus 0000:00: root bus resource [io  0x0000-0x0cf7 window]
[    0.568408] pci_bus 0000:00: root bus resource [io  0x0d00-0xffff window]
[    0.568971] pci_bus 0000:00: root bus resource [mem 0x000a0000-0x000bffff window]
[    0.569590] pci_bus 0000:00: root bus resource [mem 0x80000000-0xfebfffff window]
[    0.570210] pci_bus 0000:00: root bus resource [mem 0x100000000-0x17fffffff window]
[    0.570358] pci_bus 0000:00: root bus resource [bus 00-ff]
[    0.570867] pci 0000:00:00.0: [8086:1237] type 00 class 0x060000
[    0.573536] pci 0000:00:01.0: [8086:7000] type 00 class 0x060100
[    0.574590] pci 0000:00:01.1: [8086:7010] type 00 class 0x010180
[    0.576620] pci 0000:00:01.1: reg 0x20: [io  0xc040-0xc04f]
[    0.577732] pci 0000:00:01.1: legacy IDE quirk: reg 0x10: [io  0x01f0-0x01f7]
[    0.578335] pci 0000:00:01.1: legacy IDE quirk: reg 0x14: [io  0x03f6]
[    0.578359] pci 0000:00:01.1: legacy IDE quirk: reg 0x18: [io  0x0170-0x0177]
[    0.578949] pci 0000:00:01.1: legacy IDE quirk: reg 0x1c: [io  0x0376]
[    0.579699] pci 0000:00:01.3: [8086:7113] type 00 class 0x068000
[    0.580500] pci 0000:00:01.3: quirk: [io  0x0600-0x063f] claimed by PIIX4 ACPI
[    0.581108] pci 0000:00:01.3: quirk: [io  0x0700-0x070f] claimed by PIIX4 SMB
[    0.581929] pci 0000:00:02.0: [1234:1111] type 00 class 0x030000
[    0.583213] pci 0000:00:02.0: reg 0x10: [mem 0xfd000000-0xfdffffff pref]
[    0.585220] pci 0000:00:02.0: reg 0x18: [mem 0xfebf0000-0xfebf0fff]
[    0.588301] pci 0000:00:02.0: reg 0x30: [mem 0xfebe0000-0xfebeffff pref]
[    0.588928] pci 0000:00:02.0: Video device with shadowed ROM at [mem 0x000c0000-0x000dffff]
[    0.591694] pci 0000:00:03.0: [8086:100e] type 00 class 0x020000
[    0.592716] pci 0000:00:03.0: reg 0x10: [mem 0xfebc0000-0xfebdffff]
[    0.593711] pci 0000:00:03.0: reg 0x14: [io  0xc000-0xc03f]
[    0.597276] pci 0000:00:03.0: reg 0x30: [mem 0xfeb80000-0xfebbffff pref]
[    0.607989] ACPI: PCI: Interrupt link LNKA configured for IRQ 10
[    0.608801] ACPI: PCI: Interrupt link LNKB configured for IRQ 10
[    0.609622] ACPI: PCI: Interrupt link LNKC configured for IRQ 11
[    0.610424] ACPI: PCI: Interrupt link LNKD configured for IRQ 11
[    0.611072] ACPI: PCI: Interrupt link LNKS configured for IRQ 9
[    0.612285] iommu: Default domain type: Translated 
[    0.612697] iommu: DMA domain TLB invalidation policy: lazy mode 
[    0.613701] SCSI subsystem initialized
[    0.614158] ACPI: bus type USB registered
[    0.614400] usbcore: registered new interface driver usbfs
[    0.614893] usbcore: registered new interface driver hub
[    0.615349] usbcore: registered new device driver usb
[    0.615829] pps_core: LinuxPPS API ver. 1 registered
[    0.616251] pps_core: Software ver. 5.3.6 - Copyright 2005-2007 Rodolfo Giometti <giometti@linux.it>
[    0.617048] PTP clock support registered
[    0.617471] EDAC MC: Ver: 3.0.0
[    0.618444] NetLabel: Initializing
[    0.618734] NetLabel:  domain hash size = 128
[    0.619095] NetLabel:  protocols = UNLABELED CIPSOv4 CALIPSO
[    0.619605] NetLabel:  unlabeled traffic allowed by default
[    0.620157] PCI: Using ACPI for IRQ routing
[    0.620665] pci 0000:00:02.0: vgaarb: setting as boot VGA device
[    0.621184] pci 0000:00:02.0: vgaarb: bridge control possible
[    0.621661] pci 0000:00:02.0: vgaarb: VGA device added: decodes=io+mem,owns=io+mem,locks=none
[    0.622356] vgaarb: loaded
[    0.622852] hpet0: at MMIO 0xfed00000, IRQs 2, 8, 0
[    0.623274] hpet0: 3 comparators, 64-bit 100.000000 MHz counter
[    3.340125] clocksource: Switched to clocksource kvm-clock
[    3.433218] VFS: Disk quotas dquot_6.6.0
[    3.433640] VFS: Dquot-cache hash table entries: 512 (order 0, 4096 bytes)
[    3.434347] pnp: PnP ACPI init
[    3.436062] pnp: PnP ACPI: found 6 devices
[    3.446007] clocksource: acpi_pm: mask: 0xffffff max_cycles: 0xffffff, max_idle_ns: 2085701024 ns
[    3.447051] NET: Registered PF_INET protocol family
[    3.447678] IP idents hash table entries: 32768 (order: 6, 262144 bytes, linear)
[    3.449518] tcp_listen_portaddr_hash hash table entries: 1024 (order: 2, 16384 bytes, linear)
[    3.450231] Table-perturb hash table entries: 65536 (order: 6, 262144 bytes, linear)
[    3.450877] TCP established hash table entries: 16384 (order: 5, 131072 bytes, linear)
[    3.451627] TCP bind hash table entries: 16384 (order: 7, 524288 bytes, linear)
[    3.452362] TCP: Hash tables configured (established 16384 bind 16384)
[    3.452923] UDP hash table entries: 1024 (order: 3, 32768 bytes, linear)
[    3.453490] UDP-Lite hash table entries: 1024 (order: 3, 32768 bytes, linear)
[    3.454151] NET: Registered PF_UNIX/PF_LOCAL protocol family
[    3.454964] RPC: Registered named UNIX socket transport module.
[    3.455462] RPC: Registered udp transport module.
[    3.455854] RPC: Registered tcp transport module.
[    3.456246] RPC: Registered tcp NFSv4.1 backchannel transport module.
[    3.456802] pci_bus 0000:00: resource 4 [io  0x0000-0x0cf7 window]
[    3.457320] pci_bus 0000:00: resource 5 [io  0x0d00-0xffff window]
[    3.457845] pci_bus 0000:00: resource 6 [mem 0x000a0000-0x000bffff window]
[    3.458424] pci_bus 0000:00: resource 7 [mem 0x80000000-0xfebfffff window]
[    3.458987] pci_bus 0000:00: resource 8 [mem 0x100000000-0x17fffffff window]
[    3.459726] pci 0000:00:01.0: PIIX3: Enabling Passive Release
[    3.460204] pci 0000:00:00.0: Limiting direct PCI/PCI transfers
[    3.460781] PCI: CLS 0 bytes, default 64
[    3.461118] ACPI: bus type thunderbolt registered
[    3.461757] clocksource: tsc: mask: 0xffffffffffffffff max_cycles: 0x2cd5a8bb032, max_idle_ns: 440795365915 ns
[    3.464203] Initialise system trusted keyrings
[    3.464613] Key type blacklist registered
[    3.465042] workingset: timestamp_bits=36 max_order=19 bucket_order=0
[    3.470550] zbud: loaded
[    3.471713] squashfs: version 4.0 (2009/01/31) Phillip Lougher
[    3.473183] NFS: Registering the id_resolver key type
[    3.473630] Key type id_resolver registered
[    3.473982] Key type id_legacy registered
[    3.474385] nfs4filelayout_init: NFSv4 File Layout Driver Registering...
[    3.474942] nfs4flexfilelayout_init: NFSv4 Flexfile Layout Driver Registering...
[    3.475610] fuse: init (API version 7.37)
[    3.476108] SGI XFS with ACLs, security attributes, realtime, quota, no debug enabled
[    3.477711] 9p: Installing v9fs 9p2000 file system support
[    3.486651] Key type asymmetric registered
[    3.487001] Asymmetric key parser 'x509' registered
[    3.487908] alg: self-tests for CTR-KDF (hmac(sha256)) passed
[    3.488423] Block layer SCSI generic (bsg) driver version 0.4 loaded (major 243)
[    3.489086] io scheduler mq-deadline registered
[    3.489559] io scheduler bfq registered
[    3.490301] shpchp: Standard Hot Plug PCI Controller Driver version: 0.4
[    3.491018] IPMI message handler: version 39.2
[    3.491407] ipmi device interface
[    3.492600] input: Power Button as /devices/LNXSYSTM:00/LNXPWRBN:00/input/input0
[    3.493295] ACPI: button: Power Button [PWRF]
[    3.494290] ERST DBG: ERST support is disabled.
[    3.495054] Serial: 8250/16550 driver, 32 ports, IRQ sharing enabled
[    3.495905] 00:04: ttyS0 at I/O 0x3f8 (irq = 4, base_baud = 115200) is a 16550A
[    3.501215] Linux agpgart interface v0.103
[    3.501886] ACPI: bus type drm_connector registered
[    3.510198] brd: module loaded
[    3.514699] loop: module loaded
[    3.517243] scsi host0: ata_piix
[    3.517822] scsi host1: ata_piix
[    3.518184] ata1: PATA max MWDMA2 cmd 0x1f0 ctl 0x3f6 bmdma 0xc040 irq 14
[    3.518759] ata2: PATA max MWDMA2 cmd 0x170 ctl 0x376 bmdma 0xc048 irq 15
[    3.520057] tun: Universal TUN/TAP device driver, 1.6
[    3.520562] e100: Intel(R) PRO/100 Network Driver
[    3.520956] e100: Copyright(c) 1999-2006 Intel Corporation
[    3.521438] e1000: Intel(R) PRO/1000 Network Driver
[    3.521849] e1000: Copyright (c) 1999-2006 Intel Corporation.
[    3.611743] ACPI: \_SB_.LNKC: Enabled at IRQ 11
[    3.678480] ata1: found unknown device (class 0)
[    3.679275] ata1.00: ATA-7: QEMU HARDDISK, 2.5+, max UDMA/100
[    3.679747] ata1.00: 16777216 sectors, multi 16: LBA48 
[    3.680686] scsi 0:0:0:0: Direct-Access     ATA      QEMU HARDDISK    2.5+ PQ: 0 ANSI: 5
[    3.681763] ata2: found unknown device (class 0)
[    3.682528] ata2.00: ATAPI: QEMU DVD-ROM, 2.5+, max UDMA/100
[    3.682703] scsi 0:0:0:0: Attached scsi generic sg0 type 0
[    3.683882] sd 0:0:0:0: [sda] 16777216 512-byte logical blocks: (8.59 GB/8.00 GiB)
[    3.683953] scsi 1:0:0:0: CD-ROM            QEMU     QEMU DVD-ROM     2.5+ PQ: 0 ANSI: 5
[    3.684522] sd 0:0:0:0: [sda] Write Protect is off
[    3.685719] sd 0:0:0:0: [sda] Write cache: enabled, read cache: enabled, doesn't support DPO or FUA
[    3.686586] sd 0:0:0:0: [sda] Preferred minimum I/O size 512 bytes
[    3.715530] sd 0:0:0:0: [sda] Attached SCSI disk
[    3.715940] scsi 1:0:0:0: Attached scsi generic sg1 type 5
[    3.941077] e1000 0000:00:03.0 eth0: (PCI:33MHz:32-bit) 52:54:00:12:34:56
[    3.941657] e1000 0000:00:03.0 eth0: Intel(R) PRO/1000 Network Connection
[    3.942262] e1000e: Intel(R) PRO/1000 Network Driver
[    3.942672] e1000e: Copyright(c) 1999 - 2015 Intel Corporation.
[    3.943196] igb: Intel(R) Gigabit Ethernet Network Driver
[    3.943633] igb: Copyright (c) 2007-2014 Intel Corporation.
[    3.944149] PPP generic driver version 2.4.2
[    3.944878] VFIO - User Level meta-driver version: 0.3
[    3.945592] usbcore: registered new interface driver uas
[    3.946096] usbcore: registered new interface driver usb-storage
[    3.946702] i8042: PNP: PS/2 Controller [PNP0303:KBD,PNP0f13:MOU] at 0x60,0x64 irq 1,12
[    3.947926] serio: i8042 KBD port at 0x60,0x64 irq 1
[    3.948340] serio: i8042 AUX port at 0x60,0x64 irq 12
[    3.949082] mousedev: PS/2 mouse device common for all mice
[    3.949983] input: AT Translated Set 2 keyboard as /devices/platform/i8042/serio0/input/input1
[    3.950397] rtc_cmos 00:05: RTC can wake from S4
[    3.951421] input: VirtualPS/2 VMware VMMouse as /devices/platform/i8042/serio1/input/input4
[    3.951887] rtc_cmos 00:05: registered as rtc0
[    3.952538] input: VirtualPS/2 VMware VMMouse as /devices/platform/i8042/serio1/input/input3
[    3.952653] rtc_cmos 00:05: setting system clock to 2022-12-07T21:39:15 UTC (1670449155)
[    3.954044] rtc_cmos 00:05: alarms up to one day, y3k, 242 bytes nvram, hpet irqs
[    3.954718] i2c_dev: i2c /dev entries driver
[    3.955091] device-mapper: core: CONFIG_IMA_DISABLE_HTABLE is disabled. Duplicate IMA measurements will not be recorded in the IMA log.
[    3.956114] device-mapper: uevent: version 1.0.3
[    3.956691] device-mapper: ioctl: 4.47.0-ioctl (2022-07-28) initialised: dm-devel@redhat.com
[    3.957384] intel_pstate: CPU model not supported
[    3.957823] sdhci: Secure Digital Host Controller Interface driver
[    3.958335] sdhci: Copyright(c) Pierre Ossman
[    3.958753] sdhci-pltfm: SDHCI platform and OF driver helper
[    3.959277] ledtrig-cpu: registered to indicate activity on CPUs
[    3.959924] drop_monitor: Initializing network drop monitor service
[    3.960806] NET: Registered PF_INET6 protocol family
[    3.962118] Segment Routing with IPv6
[    3.962462] In-situ OAM (IOAM) with IPv6
[    3.962821] NET: Registered PF_PACKET protocol family
[    3.963418] 9pnet: Installing 9P2000 support
[    3.963822] Key type dns_resolver registered
[    3.964678] IPI shorthand broadcast: enabled
[    3.965074] sched_clock: Marking stable (3957035536, 7449649)->(3975752072, -11266887)
[    3.965992] registered taskstats version 1
[    3.966407] Loading compiled-in X.509 certificates
[    3.967133] zswap: loaded using pool lzo/zbud
[    3.967683] Key type .fscrypt registered
[    3.968022] Key type fscrypt-provisioning registered
[    3.968936] Key type encrypted registered
[    3.969291] ima: No TPM chip found, activating TPM-bypass!
[    3.969755] ima: Allocated hash algorithm: sha1
[    3.970135] ima: No architecture policies found
[    3.970534] evm: Initialising EVM extended attributes:
[    3.970955] evm: security.selinux
[    3.971237] evm: security.SMACK64
[    3.971513] evm: security.SMACK64EXEC
[    3.971816] evm: security.SMACK64TRANSMUTE
[    3.972158] evm: security.SMACK64MMAP
[    3.972464] evm: security.apparmor
[    3.972746] evm: security.ima
[    3.972994] evm: security.capability
[    3.973294] evm: HMAC attrs: 0x1
[    3.976133] PM:   Magic number: 2:923:701
[    3.976732] RAS: Correctable Errors collector initialized.
[    3.977443] md: Waiting for all devices to be available before autodetect
[    3.977859] md: If you don't use raid, use raid=noautodetect
[    3.978207] md: Autodetecting RAID arrays.
[    3.978475] md: autorun ...
[    3.978649] md: ... autorun DONE.
[    3.981110] EXT4-fs (sda): INFO: recovery required on readonly filesystem
[    3.981533] EXT4-fs (sda): write access will be enabled during recovery
[    4.048644] EXT4-fs (sda): recovery complete
[    4.055902] EXT4-fs (sda): mounted filesystem with ordered data mode. Quota mode: none.
[    4.056381] VFS: Mounted root (ext4 filesystem) readonly on device 8:0.
[    4.057117] devtmpfs: mounted
[    4.061832] Freeing unused decrypted memory: 2036K
[    4.063594] Freeing unused kernel image (initmem) memory: 3636K
[    4.063963] Write protecting the kernel read-only data: 40960k
[    4.066438] Freeing unused kernel image (text/rodata gap) memory: 2028K
[    4.067287] Freeing unused kernel image (rodata/data gap) memory: 612K
[    4.165587] x86/mm: Checked W+X mappings: passed, no W+X pages found.
[    4.165970] Run /sbin/init as init process
[    4.226965] systemd[1]: RTC configured in localtime, applying delta of 0 minutes to system time.
[    4.241911] systemd[1]: systemd 239 (239-49.el8) running in system mode. (+PAM +AUDIT +SELINUX +IMA -APPARMOR +SMACK +SYSVINIT +UTMP +LIBCRYPTSETUP +GCRYPT +GNUTLS +ACL +XZ +LZ4 +SECCOMP +BLKID +ELFUTILS +KMOD +IDN2 -IDN +PCRE2 default-hierarchy=legacy)
[    4.243259] systemd[1]: Detected virtualization kvm.
[    4.243560] systemd[1]: Detected architecture x86-64.

Welcome to [0;31mCentOS Stream 8[0m!

[    4.300776] systemd[1]: Set hostname to <test>.
[    5.318366] random: crng init done
[    5.387982] systemd[1]: Created slice User and Session Slice.
[[0;32m  OK  [0m] Created slice User and Session Slice.
[    5.388849] systemd[1]: Reached target Slices.
[[0;32m  OK  [0m] Reached target Slices.
[    5.390236] systemd[1]: Created slice system-sshd\x2dkeygen.slice.
[[0;32m  OK  [0m] Created slice system-sshd\x2dkeygen.slice.
[    5.391216] systemd[1]: Listening on Journal Socket.
[[0;32m  OK  [0m] Listening on Journal Socket.
[    5.392588] systemd[1]: Listening on udev Control Socket.
[[0;32m  OK  [0m] Listening on udev Control Socket.
[    5.393535] systemd[1]: Set up automount Arbitrary Executable File Formats File System Automount Point.
[[0;32m  OK  [0m] Set up automount Arbitrary Executabâ€¦rmats File System Automount Point.
         Starting Remount Root and Kernel File Systems...
[[0;32m  OK  [0m] Created slice system-serial\x2dgetty.slice.
[[0;32m  OK  [0m] Listening on initctl Compatibility Named Pipe.
[[0;32m  OK  [0m] Listening on RPCbind Server Activation Socket.
[[0;32m  OK  [0m] Listening on Device-mapper event daemon FIFOs.
         Starting Monitoring of LVM2 mirrorsâ€¦ng dmeventd or progress polling...
[[0;32m  OK  [0m] Reached target Swap.
[[0;32m  OK  [0m] Listening on LVM2 poll daemon socket.
         Mounting POSIX Message Queue File System...
[[0;32m  OK  [0m] Listening on Journal Socket (/dev/log).
         Starting Load Kernel Modules...
         Mounting Kernel Debug File System...
[[0;32m  OK  [0m] Listening on udev Kernel Socket.
[[0;32m  OK  [0m] Created slice system-getty.slice.
         Starting udev Coldplug all Devices...
         Starting Setup Virtual Console...
[[0;32m  OK  [0m] Listening on Process Core Dump Socket.
[[0;32m  OK  [0m] Listening on multipathd control socket.
[[0;32m  OK  [0m] Started Forward Password Requests to Wall Directory Watch.
[[0;32m  OK  [0m] Reached target RPC Port Mapper.
         Mounting Huge Pages File System...
         Starting Journal Service...
[[0;32m  OK  [0m] Mounted POSIX Message Queue File System.
[    5.562368] EXT4-fs (sda): re-mounted. Quota mode: none.
[[0;1;31mFAILED[0m] Failed to start Load Kernel Modules.
See 'systemctl status systemd-modules-load.service' for details.
[[0;32m  OK  [0m] Mounted Kernel Debug File System.
[[0;32m  OK  [0m] Started Remount Root and Kernel File Systems.
[[0;32m  OK  [0m] Mounted Huge Pages File System.
         Starting Create Static Device Nodes in /dev...
         Starting Load/Save Random Seed...
         Mounting Kernel Configuration File System...
         Mounting FUSE Control File System...
         Starting Apply Kernel Variables...
[[0;32m  OK  [0m] Started Create Static Device Nodes in /dev.
[[0;32m  OK  [0m] Started Load/Save Random Seed.
[[0;32m  OK  [0m] Mounted Kernel Configuration File System.
[[0;32m  OK  [0m] Mounted FUSE Control File System.
         Starting udev Kernel Device Manager...
[[0;32m  OK  [0m] Started Apply Kernel Variables.
[[0;32m  OK  [0m] Started udev Coldplug all Devices.
         Starting udev Wait for Complete Device Initialization...
[[0;32m  OK  [0m] Started Journal Service.
[[0;32m  OK  [0m] Started udev Kernel Device Manager.
         Starting Flush Journal to Persistent Storage...
[[0;32m  OK  [0m] Started Setup Virtual Console.
         Starting Show Plymouth Boot Screen...
[[0;32m  OK  [0m] Started Flush Journal to Persistent Storage.
[[0;32m  OK  [0m] Started Show Plymouth Boot Screen.
[[0;32m  OK  [0m] Reached target Local Encrypted Volumes.
[[0;32m  OK  [0m] Reached target Paths.
[[0;32m  OK  [0m] Started Forward Password Requests to Plymouth Directory Watch.
[[0;32m  OK  [0m] Found device /dev/ttyS0.
[[0;32m  OK  [0m] Listening on Load/Save RF Kill Switch Status /dev/rfkill Watch.
[[0;32m  OK  [0m] Started Monitoring of LVM2 mirrors,â€¦sing dmeventd or progress polling.
[[0;32m  OK  [0m] Started udev Wait for Complete Device Initialization.
[[0;32m  OK  [0m] Reached target Local File Systems (Pre).
[[0;32m  OK  [0m] Reached target Local File Systems.
         Starting Restore /run/initramfs on shutdown...
         Starting Tell Plymouth To Write Out Runtime Data...
         Starting Create Volatile Files and Directories...
[[0;32m  OK  [0m] Started Restore /run/initramfs on shutdown.
[[0;32m  OK  [0m] Started Tell Plymouth To Write Out Runtime Data.
[[0;32m  OK  [0m] Started Create Volatile Files and Directories.
         Starting RPC Bind...
         Starting Security Auditing Service...
         Mounting RPC Pipe File System...
[[0;32m  OK  [0m] Mounted RPC Pipe File System.
[[0;32m  OK  [0m] Reached target rpc_pipefs.target.
[[0;32m  OK  [0m] Started RPC Bind.
[[0;32m  OK  [0m] Started Security Auditing Service.
         Starting Update UTMP about System Boot/Shutdown...
[[0;32m  OK  [0m] Started Update UTMP about System Boot/Shutdown.
[[0;32m  OK  [0m] Reached target System Initialization.
[[0;32m  OK  [0m] Started Daily Cleanup of Temporary Directories.
[[0;32m  OK  [0m] Listening on SSSD Kerberos Cache Manager responder socket.
[[0;32m  OK  [0m] Started daily update of the root trust anchor for DNSSEC.
[[0;32m  OK  [0m] Listening on D-Bus System Message Bus Socket.
[[0;32m  OK  [0m] Reached target Sockets.
[[0;32m  OK  [0m] Reached target Basic System.
         Starting NTP client/server...
         Starting Self Monitoring and Reporting Technology (SMART) Daemon...
[[0;32m  OK  [0m] Started irqbalance daemon.
         Starting Authorization Manager...
         Starting Auto-connect to subsystemsâ€¦-NVME devices found during boot...
         Starting Login Service...
[[0;32m  OK  [0m] Started D-Bus System Message Bus.
         Starting Network Manager...
[[0;32m  OK  [0m] Started Machine Check Exception Logging Daemon.
[[0;32m  OK  [0m] Reached target sshd-keygen.target.
[[0;32m  OK  [0m] Started dnf makecache --timer.
[[0;32m  OK  [0m] Reached target Timers.
[[0;32m  OK  [0m] Started Self Monitoring and Reporting Technology (SMART) Daemon.
[[0;32m  OK  [0m] Started Auto-connect to subsystems â€¦FC-NVME devices found during boot.
         Starting update of the root trust aâ€¦or DNSSEC validation in unbound...
[[0;32m  OK  [0m] Started Login Service.
[[0;32m  OK  [0m] Started NTP client/server.
[[0;32m  OK  [0m] Started Network Manager.
[[0;32m  OK  [0m] Reached target Network.
         Starting GSSAPI Proxy Daemon...
         Starting Dynamic System Tuning Daemon...
         Starting OpenSSH server daemon...
         Starting Network Manager Wait Online...
[[0;32m  OK  [0m] Started update of the root trust anâ€¦ for DNSSEC validation in unbound.
[[0;32m  OK  [0m] Started Authorization Manager.
         Starting Hostname Service...
[[0;32m  OK  [0m] Started GSSAPI Proxy Daemon.
[[0;32m  OK  [0m] Reached target NFS client services.
[[0;32m  OK  [0m] Reached target Remote File Systems (Pre).
[[0;32m  OK  [0m] Reached target Remote File Systems.
         Starting Permit User Sessions...
[[0;32m  OK  [0m] Started Permit User Sessions.
         Starting Terminate Plymouth Boot Screen...
         Starting Hold until boot process finishes up...
[[0;32m  OK  [0m] Started Command Scheduler.
[[0;32m  OK  [0m] Started OpenSSH server daemon.
[    6.910392] e1000: eth0 NIC Link is Up 1000 Mbps Full Duplex, Flow Control: RX
[    6.911147] IPv6: ADDRCONF(NETDEV_CHANGE): eth0: link becomes ready
[    7.043316] Spectre V2 : WARNING: Unprivileged eBPF is enabled with eIBRS on, data leaks possible via Spectre v2 BHB attacks!
[    7.044082] Spectre V2 : WARNING: Unprivileged eBPF is enabled with eIBRS on, data leaks possible via Spectre v2 BHB attacks!

CentOS Stream 8
Kernel 6.1.0-rc7-c2bf05db6c78+ on an x86_64

test login: perf: interrupt took too long (3198 > 3196), lowering kernel.perf_event_max_sample_rate to 62500
perf: interrupt took too long (4007 > 3997), lowering kernel.perf_event_max_sample_rate to 49750
perf: interrupt took too long (5017 > 5008), lowering kernel.perf_event_max_sample_rate to 39750
perf: interrupt took too long (6291 > 6271), lowering kernel.perf_event_max_sample_rate to 31750
[   28.265936] perf: interrupt took too long (6291 > 6271), lowering kernel.perf_event_max_sample_rate to 31750
[   28.267967] perf: interrupt took too long (7873 > 7863), lowering kernel.perf_event_max_sample_rate to 25250
[   28.273308] perf: interrupt took too long (9842 > 9841), lowering kernel.perf_event_max_sample_rate to 20250
[   35.054381] Pid 1009(repro) over core_pipe_limit
[   35.054674] Skipping core dump
[   35.102877] Pid 1012(repro) over core_pipe_limit
[   35.103191] Skipping core dump
[   35.141352] Pid 1014(repro) over core_pipe_limit
[   35.141686] Skipping core dump
[   35.181055] Pid 1016(repro) over core_pipe_limit
[   35.181368] Skipping core dump
[   35.213944] Pid 1018(repro) over core_pipe_limit
[   35.214248] Skipping core dump
[   35.247482] Pid 1020(repro) over core_pipe_limit
[   35.247782] Skipping core dump
[   35.279750] Pid 1022(repro) over core_pipe_limit
[   35.280042] Skipping core dump
[   35.312545] Pid 1024(repro) over core_pipe_limit
[   35.312843] Skipping core dump
[   35.344626] Pid 1026(repro) over core_pipe_limit
[   35.344921] Skipping core dump
[   35.385094] Pid 1028(repro) over core_pipe_limit
[   35.385401] Skipping core dump
[   35.425245] Pid 1030(repro) over core_pipe_limit
[   35.425545] Skipping core dump
[   35.469205] Pid 1032(repro) over core_pipe_limit
[   35.469531] Skipping core dump
[   35.498291] Pid 1034(repro) over core_pipe_limit
[   35.498602] Skipping core dump
[   35.664985] Pid 1051(repro) over core_pipe_limit
[   35.665291] Skipping core dump
[   42.054695] perf: interrupt took too long (12306 > 12302), lowering kernel.perf_event_max_sample_rate to 16250
[   64.744519] Pid 2938(repro) over core_pipe_limit
[   64.744817] Skipping core dump
[   64.855701] Pid 2946(repro) over core_pipe_limit
[   64.856005] Skipping core dump
[   64.897023] Pid 2949(repro) over core_pipe_limit
[   64.897328] Skipping core dump
[   83.498545] Pid 4150(repro) over core_pipe_limit
[   83.498813] Skipping core dump
[   83.536358] Pid 4152(repro) over core_pipe_limit
[   83.536630] Skipping core dump
[   83.673778] Pid 4153(repro) over core_pipe_limit
[   83.674087] Skipping core dump
[  104.335784] perf: interrupt took too long (15435 > 15382), lowering kernel.perf_event_max_sample_rate to 12750
