c[?7l[2J[0mSeaBIOS (version rel-1.16.0-0-gd239552ce722-prebuilt.qemu.org)


iPXE (http://ipxe.org) 00:03.0 CA00 PCI2.10 PnP PMM+7FF91000+7FEF1000 CA00
Press Ctrl-B to configure iPXE (PCI 00:03.0)...                                                                               


Booting from ROM..c[?7l[2J[    0.000000] Linux version 6.0.0-f23cdfcd04f7+ (root@p-tglh01.sh.intel.com) (gcc (GCC) 8.5.0 20210514 (Red Hat 8.5.0-17), GNU ld version 2.36.1-2.el8) #1 SMP PREEMPT_DYNAMIC Thu Dec  8 00:56:03 CST 2022
[    0.000000] Command line: console=ttyS0 root=/dev/sda earlyprintk=serial net.ifnames=0
[    0.000000] KERNEL supported cpus:
[    0.000000]   Intel GenuineIntel
[    0.000000]   AMD AuthenticAMD
[    0.000000]   Hygon HygonGenuine
[    0.000000]   Centaur CentaurHauls
[    0.000000]   zhaoxin   Shanghai  
[    0.000000] x86/fpu: Supporting XSAVE feature 0x001: 'x87 floating point registers'
[    0.000000] x86/fpu: Supporting XSAVE feature 0x002: 'SSE registers'
[    0.000000] x86/fpu: Supporting XSAVE feature 0x004: 'AVX registers'
[    0.000000] x86/fpu: Supporting XSAVE feature 0x020: 'AVX-512 opmask'
[    0.000000] x86/fpu: Supporting XSAVE feature 0x040: 'AVX-512 Hi256'
[    0.000000] x86/fpu: Supporting XSAVE feature 0x080: 'AVX-512 ZMM_Hi256'
[    0.000000] x86/fpu: Supporting XSAVE feature 0x200: 'Protection Keys User registers'
[    0.000000] x86/fpu: xstate_offset[2]:  576, xstate_sizes[2]:  256
[    0.000000] x86/fpu: xstate_offset[5]:  832, xstate_sizes[5]:   64
[    0.000000] x86/fpu: xstate_offset[6]:  896, xstate_sizes[6]:  512
[    0.000000] x86/fpu: xstate_offset[7]: 1408, xstate_sizes[7]: 1024
[    0.000000] x86/fpu: xstate_offset[9]: 2432, xstate_sizes[9]:    8
[    0.000000] x86/fpu: Enabled xstate features 0x2e7, context size is 2440 bytes, using 'compacted' format.
[    0.000000] signal: max sigframe size: 3632
[    0.000000] BIOS-provided physical RAM map:
[    0.000000] BIOS-e820: [mem 0x0000000000000000-0x000000000009fbff] usable
[    0.000000] BIOS-e820: [mem 0x000000000009fc00-0x000000000009ffff] reserved
[    0.000000] BIOS-e820: [mem 0x00000000000f0000-0x00000000000fffff] reserved
[    0.000000] BIOS-e820: [mem 0x0000000000100000-0x000000007ffdffff] usable
[    0.000000] BIOS-e820: [mem 0x000000007ffe0000-0x000000007fffffff] reserved
[    0.000000] BIOS-e820: [mem 0x00000000feffc000-0x00000000feffffff] reserved
[    0.000000] BIOS-e820: [mem 0x00000000fffc0000-0x00000000ffffffff] reserved
[    0.000000] printk: bootconsole [earlyser0] enabled
[    0.000000] NX (Execute Disable) protection: active
[    0.000000] SMBIOS 2.8 present.
[    0.000000] DMI: QEMU Standard PC (i440FX + PIIX, 1996), BIOS rel-1.16.0-0-gd239552ce722-prebuilt.qemu.org 04/01/2014
[    0.000000] Hypervisor detected: KVM
[    0.000000] kvm-clock: Using msrs 4b564d01 and 4b564d00
[    0.000002] kvm-clock: using sched offset of 689026174 cycles
[    0.000454] clocksource: kvm-clock: mask: 0xffffffffffffffff max_cycles: 0x1cd42e4dffb, max_idle_ns: 881590591483 ns
[    0.001773] tsc: Detected 3110.400 MHz processor
[    0.009167] last_pfn = 0x7ffe0 max_arch_pfn = 0x400000000
[    0.009680] x86/PAT: Configuration [0-7]: WB  WC  UC- UC  WB  WP  UC- WT  
[    0.019274] found SMP MP-table at [mem 0x000f5ba0-0x000f5baf]
[    0.019900] Using GB pages for direct mapping
[    0.021386] ACPI: Early table checksum verification disabled
[    0.021915] ACPI: RSDP 0x00000000000F59C0 000014 (v00 BOCHS )
[    0.022403] ACPI: RSDT 0x000000007FFE1951 000034 (v01 BOCHS  BXPC     00000001 BXPC 00000001)
[    0.023148] ACPI: FACP 0x000000007FFE17FD 000074 (v01 BOCHS  BXPC     00000001 BXPC 00000001)
[    0.023877] ACPI: DSDT 0x000000007FFE0040 0017BD (v01 BOCHS  BXPC     00000001 BXPC 00000001)
[    0.024585] ACPI: FACS 0x000000007FFE0000 000040
[    0.024976] ACPI: APIC 0x000000007FFE1871 000080 (v01 BOCHS  BXPC     00000001 BXPC 00000001)
[    0.025682] ACPI: HPET 0x000000007FFE18F1 000038 (v01 BOCHS  BXPC     00000001 BXPC 00000001)
[    0.026389] ACPI: WAET 0x000000007FFE1929 000028 (v01 BOCHS  BXPC     00000001 BXPC 00000001)
[    0.027101] ACPI: Reserving FACP table memory at [mem 0x7ffe17fd-0x7ffe1870]
[    0.027676] ACPI: Reserving DSDT table memory at [mem 0x7ffe0040-0x7ffe17fc]
[    0.028248] ACPI: Reserving FACS table memory at [mem 0x7ffe0000-0x7ffe003f]
[    0.028818] ACPI: Reserving APIC table memory at [mem 0x7ffe1871-0x7ffe18f0]
[    0.029389] ACPI: Reserving HPET table memory at [mem 0x7ffe18f1-0x7ffe1928]
[    0.029960] ACPI: Reserving WAET table memory at [mem 0x7ffe1929-0x7ffe1950]
[    0.031536] No NUMA configuration found
[    0.031854] Faking a node at [mem 0x0000000000000000-0x000000007ffdffff]
[    0.032478] NODE_DATA(0) allocated [mem 0x7ffb5000-0x7ffdffff]
[    0.036241] Zone ranges:
[    0.036457]   DMA      [mem 0x0000000000001000-0x0000000000ffffff]
[    0.036967]   DMA32    [mem 0x0000000001000000-0x000000007ffdffff]
[    0.037544]   Normal   empty
[    0.037837]   Device   empty
[    0.038144] Movable zone start for each node
[    0.038591] Early memory node ranges
[    0.038971]   node   0: [mem 0x0000000000001000-0x000000000009efff]
[    0.039637]   node   0: [mem 0x0000000000100000-0x000000007ffdffff]
[    0.040287] Initmem setup node 0 [mem 0x0000000000001000-0x000000007ffdffff]
[    0.041672] On node 0, zone DMA: 1 pages in unavailable ranges
[    0.041833] On node 0, zone DMA: 97 pages in unavailable ranges
[    0.071383] On node 0, zone DMA32: 32 pages in unavailable ranges
[    0.072273] ACPI: PM-Timer IO Port: 0x608
[    0.073302] ACPI: LAPIC_NMI (acpi_id[0xff] dfl dfl lint[0x1])
[    0.073925] IOAPIC[0]: apic_id 0, version 17, address 0xfec00000, GSI 0-23
[    0.074653] ACPI: INT_SRC_OVR (bus 0 bus_irq 0 global_irq 2 dfl dfl)
[    0.075282] ACPI: INT_SRC_OVR (bus 0 bus_irq 5 global_irq 5 high level)
[    0.075939] ACPI: INT_SRC_OVR (bus 0 bus_irq 9 global_irq 9 high level)
[    0.076595] ACPI: INT_SRC_OVR (bus 0 bus_irq 10 global_irq 10 high level)
[    0.077263] ACPI: INT_SRC_OVR (bus 0 bus_irq 11 global_irq 11 high level)
[    0.077949] ACPI: Using ACPI (MADT) for SMP configuration information
[    0.078591] ACPI: HPET id: 0x8086a201 base: 0xfed00000
[    0.079129] TSC deadline timer available
[    0.079537] smpboot: Allowing 2 CPUs, 0 hotplug CPUs
[    0.080115] kvm-guest: KVM setup pv remote TLB flush
[    0.080623] kvm-guest: setup PV sched yield
[    0.081094] PM: hibernation: Registered nosave memory: [mem 0x00000000-0x00000fff]
[    0.081842] PM: hibernation: Registered nosave memory: [mem 0x0009f000-0x0009ffff]
[    0.082590] PM: hibernation: Registered nosave memory: [mem 0x000a0000-0x000effff]
[    0.083328] PM: hibernation: Registered nosave memory: [mem 0x000f0000-0x000fffff]
[    0.084069] [mem 0x80000000-0xfeffbfff] available for PCI devices
[    0.084670] Booting paravirtualized kernel on KVM
[    0.085152] clocksource: refined-jiffies: mask: 0xffffffff max_cycles: 0xffffffff, max_idle_ns: 7645519600211568 ns
[    0.086201] setup_percpu: NR_CPUS:8192 nr_cpumask_bits:2 nr_cpu_ids:2 nr_node_ids:1
[    0.088794] percpu: Embedded 62 pages/cpu s217088 r8192 d28672 u1048576
[    0.089687] kvm-guest: PV spinlocks enabled
[    0.090112] PV qspinlock hash table entries: 256 (order: 0, 4096 bytes, linear)
[    0.090858] Fallback order for Node 0: 0 
[    0.091283] Built 1 zonelists, mobility grouping on.  Total pages: 515808
[    0.091953] Policy zone: DMA32
[    0.092256] Kernel command line: net.ifnames=0 console=ttyS0 root=/dev/sda earlyprintk=serial net.ifnames=0
[    0.095486] Dentry cache hash table entries: 262144 (order: 9, 2097152 bytes, linear)
[    0.096909] Inode-cache hash table entries: 131072 (order: 8, 1048576 bytes, linear)
[    0.097803] mem auto-init: stack:off, heap alloc:off, heap free:off
[    0.101533] Memory: 1999736K/2096632K available (30735K kernel code, 4074K rwdata, 7560K rodata, 3624K init, 10532K bss, 96640K reserved, 0K cma-reserved)
[    0.103911] SLUB: HWalign=64, Order=0-3, MinObjects=0, CPUs=2, Nodes=1
[    0.104547] kmemleak: Kernel memory leak detector disabled
[    0.105110] ftrace: allocating 66893 entries in 262 pages
[    0.134347] ftrace: allocated 262 pages with 3 groups
[    0.136564] Dynamic Preempt: voluntary
[    0.137021] rcu: Preemptible hierarchical RCU implementation.
[    0.137584] rcu: 	RCU restricting CPUs from NR_CPUS=8192 to nr_cpu_ids=2.
[    0.138222] 	Trampoline variant of Tasks RCU enabled.
[    0.138674] 	Rude variant of Tasks RCU enabled.
[    0.139117] 	Tracing variant of Tasks RCU enabled.
[    0.139587] rcu: RCU calculated value of scheduler-enlistment delay is 25 jiffies.
[    0.140324] rcu: Adjusting geometry for rcu_fanout_leaf=16, nr_cpu_ids=2
[    0.166940] NR_IRQS: 524544, nr_irqs: 440, preallocated irqs: 16
[    0.167819] rcu: srcu_init: Setting srcu_struct sizes based on contention.
[    0.175443] Console: colour VGA+ 80x25
[    0.175864] printk: console [ttyS0] enabled
[    0.175864] printk: console [ttyS0] enabled
[    0.176685] printk: bootconsole [earlyser0] disabled
[    0.176685] printk: bootconsole [earlyser0] disabled
[    0.177687] ACPI: Core revision 20220331
[    0.178321] clocksource: hpet: mask: 0xffffffff max_cycles: 0xffffffff, max_idle_ns: 19112604467 ns
[    0.179368] APIC: Switch to symmetric I/O mode setup
[    0.180068] x2apic enabled
[    0.180523] Switched APIC routing to physical x2apic.
[    0.181035] kvm-guest: setup PV IPIs
[    0.182211] ..TIMER: vector=0x30 apic1=0 pin1=2 apic2=-1 pin2=-1
[    0.182853] clocksource: tsc-early: mask: 0xffffffffffffffff max_cycles: 0x2cd5a8bb032, max_idle_ns: 440795365915 ns
[    0.183965] Calibrating delay loop (skipped) preset value.. 6220.80 BogoMIPS (lpj=12441600)
[    0.184791] pid_max: default: 32768 minimum: 301
[    0.185406] LSM: Security Framework initializing
[    0.185873] Yama: becoming mindful.
[    0.186406] Mount-cache hash table entries: 4096 (order: 3, 32768 bytes, linear)
[    0.187180] Mountpoint-cache hash table entries: 4096 (order: 3, 32768 bytes, linear)
[    0.188830] x86/cpu: User Mode Instruction Prevention (UMIP) activated
[    0.191044] Last level iTLB entries: 4KB 0, 2MB 0, 4MB 0
[    0.191985] Last level dTLB entries: 4KB 0, 2MB 0, 4MB 0, 1GB 0
[    0.192628] Spectre V1 : Mitigation: usercopy/swapgs barriers and __user pointer sanitization
[    0.193498] Spectre V2 : WARNING: Unprivileged eBPF is enabled with eIBRS on, data leaks possible via Spectre v2 BHB attacks!
[    0.194599] Spectre V2 : Mitigation: Enhanced IBRS
[    0.195074] Spectre V2 : Spectre v2 / SpectreRSB mitigation: Filling RSB on context switch
[    0.195961] Spectre V2 : Spectre v2 / PBRSB-eIBRS: Retire a single CALL on VMEXIT
[    0.196665] Spectre V2 : mitigation: Enabling conditional Indirect Branch Prediction Barrier
[    0.197453] Speculative Store Bypass: Mitigation: Speculative Store Bypass disabled via prctl
[    0.301177] Freeing SMP alternatives memory: 56K
[    0.301883] smpboot: CPU0: Genuine Intel(R) CPU 0000 @ 2.20GHz (family: 0x6, model: 0x8d, stepping: 0x0)
[    0.303073] cblist_init_generic: Setting adjustable number of callback queues.
[    0.303774] cblist_init_generic: Setting shift to 1 and lim to 1.
[    0.303959] cblist_init_generic: Setting shift to 1 and lim to 1.
[    0.303959] cblist_init_generic: Setting shift to 1 and lim to 1.
[    0.303959] Performance Events: Icelake events, full-width counters, Intel PMU driver.
[    0.303964] ... version:                2
[    0.304349] ... bit width:              48
[    0.304747] ... generic registers:      8
[    0.305126] ... value mask:             0000ffffffffffff
[    0.305629] ... max period:             00007fffffffffff
[    0.306136] ... fixed-purpose events:   3
[    0.306514] ... event mask:             00000007000000ff
[    0.307217] rcu: Hierarchical SRCU implementation.
[    0.307677] rcu: 	Max phase no-delay instances is 1000.
[    0.310247] smp: Bringing up secondary CPUs ...
[    0.310949] x86: Booting SMP configuration:
[    0.311354] .... node  #0, CPUs:      #1
[    0.311727] smp: Brought up 1 node, 2 CPUs
[    0.312368] smpboot: Max logical packages: 1
[    0.312771] smpboot: Total of 2 processors activated (12441.60 BogoMIPS)
[    0.316271] devtmpfs: initialized
[    0.316425] x86/mm: Memory block size: 128MB
[    0.318034] clocksource: jiffies: mask: 0xffffffff max_cycles: 0xffffffff, max_idle_ns: 7645041785100000 ns
[    0.318034] futex hash table entries: 512 (order: 3, 32768 bytes, linear)
[    0.320090] pinctrl core: initialized pinctrl subsystem
[    0.320823] 
[    0.320977] *************************************************************
[    0.321617] **     NOTICE NOTICE NOTICE NOTICE NOTICE NOTICE NOTICE    **
[    0.322253] **                                                         **
[    0.322888] **  IOMMU DebugFS SUPPORT HAS BEEN ENABLED IN THIS KERNEL  **
[    0.323549] **                                                         **
[    0.323962] ** This means that this kernel is built to expose internal **
[    0.324594] ** IOMMU data structures, which may compromise security on **
[    0.325224] ** your system.                                            **
[    0.325854] **                                                         **
[    0.326485] ** If you see this message and you are not debugging the   **
[    0.327129] ** kernel, report this immediately to your vendor!         **
[    0.327786] **                                                         **
[    0.327961] **     NOTICE NOTICE NOTICE NOTICE NOTICE NOTICE NOTICE    **
[    0.328593] *************************************************************
[    0.329267] PM: RTC time: 16:56:37, date: 2022-12-07
[    0.333306] NET: Registered PF_NETLINK/PF_ROUTE protocol family
[    0.334245] DMA: preallocated 256 KiB GFP_KERNEL pool for atomic allocations
[    0.334953] DMA: preallocated 256 KiB GFP_KERNEL|GFP_DMA pool for atomic allocations
[    0.335693] DMA: preallocated 256 KiB GFP_KERNEL|GFP_DMA32 pool for atomic allocations
[    0.335995] audit: initializing netlink subsys (disabled)
[    0.336572] audit: type=2000 audit(1670432197.431:1): state=initialized audit_enabled=0 res=1
[    0.336572] thermal_sys: Registered thermal governor 'fair_share'
[    0.336670] thermal_sys: Registered thermal governor 'bang_bang'
[    0.337278] thermal_sys: Registered thermal governor 'step_wise'
[    0.337868] thermal_sys: Registered thermal governor 'user_space'
[    0.338446] cpuidle: using governor ladder
[    0.339967] cpuidle: using governor menu
[    0.340576] acpiphp: ACPI Hot Plug PCI Controller Driver version: 0.5
[    0.341454] PCI: Using configuration type 1 for base access
[    0.350021] kprobes: kprobe jump-optimization is enabled. All kprobes are optimized if possible.
[    0.562660] HugeTLB: registered 1.00 GiB page size, pre-allocated 0 pages
[    0.563342] HugeTLB: 16380 KiB vmemmap can be freed for a 1.00 GiB page
[    0.563982] HugeTLB: registered 2.00 MiB page size, pre-allocated 0 pages
[    0.564630] HugeTLB: 28 KiB vmemmap can be freed for a 2.00 MiB page
[    0.566090] ACPI: Added _OSI(Module Device)
[    0.566509] ACPI: Added _OSI(Processor Device)
[    0.566940] ACPI: Added _OSI(3.0 _SCP Extensions)
[    0.567393] ACPI: Added _OSI(Processor Aggregator Device)
[    0.571824] ACPI: 1 ACPI AML tables successfully acquired and loaded
[    0.574198] ACPI: Interpreter enabled
[    0.574637] ACPI: PM: (supports S0 S3 S4 S5)
[    0.575064] ACPI: Using IOAPIC for interrupt routing
[    0.575583] PCI: Using host bridge windows from ACPI; if necessary, use "pci=nocrs" and report a bug
[    0.575964] PCI: Using E820 reservations for host bridge windows
[    0.577050] ACPI: Enabled 2 GPEs in block 00 to 0F
[    0.588278] ACPI: PCI Root Bridge [PCI0] (domain 0000 [bus 00-ff])
[    0.588903] acpi PNP0A03:00: _OSC: OS supports [ASPM ClockPM Segments MSI EDR HPX-Type3]
[    0.589694] acpi PNP0A03:00: _OSC: not requesting OS control; OS requires [ExtendedConfig ASPM ClockPM MSI]
[    0.590652] acpi PNP0A03:00: fail to add MMCONFIG information, can't access extended PCI configuration space under this bridge.
[    0.593166] acpiphp: Slot [3] registered
[    0.593605] acpiphp: Slot [4] registered
[    0.594036] acpiphp: Slot [5] registered
[    0.594467] acpiphp: Slot [6] registered
[    0.594898] acpiphp: Slot [7] registered
[    0.595345] acpiphp: Slot [8] registered
[    0.595777] acpiphp: Slot [9] registered
[    0.596010] acpiphp: Slot [10] registered
[    0.596450] acpiphp: Slot [11] registered
[    0.596901] acpiphp: Slot [12] registered
[    0.597341] acpiphp: Slot [13] registered
[    0.597780] acpiphp: Slot [14] registered
[    0.598227] acpiphp: Slot [15] registered
[    0.598667] acpiphp: Slot [16] registered
[    0.599104] acpiphp: Slot [17] registered
[    0.599542] acpiphp: Slot [18] registered
[    0.599984] acpiphp: Slot [19] registered
[    0.600422] acpiphp: Slot [20] registered
[    0.600878] acpiphp: Slot [21] registered
[    0.601318] acpiphp: Slot [22] registered
[    0.601760] acpiphp: Slot [23] registered
[    0.602205] acpiphp: Slot [24] registered
[    0.602646] acpiphp: Slot [25] registered
[    0.603087] acpiphp: Slot [26] registered
[    0.603535] acpiphp: Slot [27] registered
[    0.603978] acpiphp: Slot [28] registered
[    0.604428] acpiphp: Slot [29] registered
[    0.604878] acpiphp: Slot [30] registered
[    0.605317] acpiphp: Slot [31] registered
[    0.605728] PCI host bridge to bus 0000:00
[    0.606131] pci_bus 0000:00: root bus resource [io  0x0000-0x0cf7 window]
[    0.606790] pci_bus 0000:00: root bus resource [io  0x0d00-0xffff window]
[    0.607453] pci_bus 0000:00: root bus resource [mem 0x000a0000-0x000bffff window]
[    0.607963] pci_bus 0000:00: root bus resource [mem 0x80000000-0xfebfffff window]
[    0.608694] pci_bus 0000:00: root bus resource [mem 0x100000000-0x17fffffff window]
[    0.609434] pci_bus 0000:00: root bus resource [bus 00-ff]
[    0.610024] pci 0000:00:00.0: [8086:1237] type 00 class 0x060000
[    0.612682] pci 0000:00:01.0: [8086:7000] type 00 class 0x060100
[    0.613788] pci 0000:00:01.1: [8086:7010] type 00 class 0x010180
[    0.615767] pci 0000:00:01.1: reg 0x20: [io  0xc040-0xc04f]
[    0.616575] pci 0000:00:01.1: legacy IDE quirk: reg 0x10: [io  0x01f0-0x01f7]
[    0.617275] pci 0000:00:01.1: legacy IDE quirk: reg 0x14: [io  0x03f6]
[    0.617906] pci 0000:00:01.1: legacy IDE quirk: reg 0x18: [io  0x0170-0x0177]
[    0.618597] pci 0000:00:01.1: legacy IDE quirk: reg 0x1c: [io  0x0376]
[    0.619435] pci 0000:00:01.3: [8086:7113] type 00 class 0x068000
[    0.620254] pci 0000:00:01.3: quirk: [io  0x0600-0x063f] claimed by PIIX4 ACPI
[    0.620958] pci 0000:00:01.3: quirk: [io  0x0700-0x070f] claimed by PIIX4 SMB
[    0.621840] pci 0000:00:02.0: [1234:1111] type 00 class 0x030000
[    0.624263] pci 0000:00:02.0: reg 0x10: [mem 0xfd000000-0xfdffffff pref]
[    0.626607] pci 0000:00:02.0: reg 0x18: [mem 0xfebf0000-0xfebf0fff]
[    0.630845] pci 0000:00:02.0: reg 0x30: [mem 0xfebe0000-0xfebeffff pref]
[    0.631965] pci 0000:00:02.0: Video device with shadowed ROM at [mem 0x000c0000-0x000dffff]
[    0.635109] pci 0000:00:03.0: [8086:100e] type 00 class 0x020000
[    0.636231] pci 0000:00:03.0: reg 0x10: [mem 0xfebc0000-0xfebdffff]
[    0.637324] pci 0000:00:03.0: reg 0x14: [io  0xc000-0xc03f]
[    0.639964] pci 0000:00:03.0: reg 0x30: [mem 0xfeb80000-0xfebbffff pref]
[    0.650155] ACPI: PCI: Interrupt link LNKA configured for IRQ 10
[    0.651038] ACPI: PCI: Interrupt link LNKB configured for IRQ 10
[    0.651923] ACPI: PCI: Interrupt link LNKC configured for IRQ 11
[    0.652236] ACPI: PCI: Interrupt link LNKD configured for IRQ 11
[    0.652961] ACPI: PCI: Interrupt link LNKS configured for IRQ 9
[    0.654507] iommu: Default domain type: Translated 
[    0.654991] iommu: DMA domain TLB invalidation policy: lazy mode 
[    0.656212] SCSI subsystem initialized
[    0.656774] ACPI: bus type USB registered
[    0.657212] usbcore: registered new interface driver usbfs
[    0.657778] usbcore: registered new interface driver hub
[    0.658319] usbcore: registered new device driver usb
[    0.658886] pps_core: LinuxPPS API ver. 1 registered
[    0.659371] pps_core: Software ver. 5.3.6 - Copyright 2005-2007 Rodolfo Giometti <giometti@linux.it>
[    0.659969] PTP clock support registered
[    0.660470] EDAC MC: Ver: 3.0.0
[    0.661678] NetLabel: Initializing
[    0.662029] NetLabel:  domain hash size = 128
[    0.662459] NetLabel:  protocols = UNLABELED CIPSOv4 CALIPSO
[    0.663041] NetLabel:  unlabeled traffic allowed by default
[    0.663756] PCI: Using ACPI for IRQ routing
[    0.664124] pci 0000:00:02.0: vgaarb: setting as boot VGA device
[    0.664712] pci 0000:00:02.0: vgaarb: bridge control possible
[    0.665270] pci 0000:00:02.0: vgaarb: VGA device added: decodes=io+mem,owns=io+mem,locks=none
[    0.666107] vgaarb: loaded
[    0.666779] hpet0: at MMIO 0xfed00000, IRQs 2, 8, 0
[    0.667275] hpet0: 3 comparators, 64-bit 100.000000 MHz counter
[    3.010663] clocksource: Switched to clocksource kvm-clock
[    3.102967] VFS: Disk quotas dquot_6.6.0
[    3.103385] VFS: Dquot-cache hash table entries: 512 (order 0, 4096 bytes)
[    3.104092] pnp: PnP ACPI init
[    3.105672] pnp: PnP ACPI: found 6 devices
[    3.115245] clocksource: acpi_pm: mask: 0xffffff max_cycles: 0xffffff, max_idle_ns: 2085701024 ns
[    3.116248] NET: Registered PF_INET protocol family
[    3.117337] IP idents hash table entries: 32768 (order: 6, 262144 bytes, linear)
[    3.120447] tcp_listen_portaddr_hash hash table entries: 1024 (order: 2, 16384 bytes, linear)
[    3.121290] Table-perturb hash table entries: 65536 (order: 6, 262144 bytes, linear)
[    3.122040] TCP established hash table entries: 16384 (order: 5, 131072 bytes, linear)
[    3.122935] TCP bind hash table entries: 16384 (order: 7, 524288 bytes, linear)
[    3.124020] TCP: Hash tables configured (established 16384 bind 16384)
[    3.124741] UDP hash table entries: 1024 (order: 3, 32768 bytes, linear)
[    3.125411] UDP-Lite hash table entries: 1024 (order: 3, 32768 bytes, linear)
[    3.126209] NET: Registered PF_UNIX/PF_LOCAL protocol family
[    3.127128] RPC: Registered named UNIX socket transport module.
[    3.127601] RPC: Registered udp transport module.
[    3.127978] RPC: Registered tcp transport module.
[    3.128344] RPC: Registered tcp NFSv4.1 backchannel transport module.
[    3.128857] pci_bus 0000:00: resource 4 [io  0x0000-0x0cf7 window]
[    3.129346] pci_bus 0000:00: resource 5 [io  0x0d00-0xffff window]
[    3.129824] pci_bus 0000:00: resource 6 [mem 0x000a0000-0x000bffff window]
[    3.130353] pci_bus 0000:00: resource 7 [mem 0x80000000-0xfebfffff window]
[    3.130883] pci_bus 0000:00: resource 8 [mem 0x100000000-0x17fffffff window]
[    3.131581] pci 0000:00:01.0: PIIX3: Enabling Passive Release
[    3.132045] pci 0000:00:00.0: Limiting direct PCI/PCI transfers
[    3.132590] PCI: CLS 0 bytes, default 64
[    3.132923] ACPI: bus type thunderbolt registered
[    3.133547] clocksource: tsc: mask: 0xffffffffffffffff max_cycles: 0x2cd5a8bb032, max_idle_ns: 440795365915 ns
[    3.136758] Initialise system trusted keyrings
[    3.137159] Key type blacklist registered
[    3.137567] workingset: timestamp_bits=36 max_order=19 bucket_order=0
[    3.142828] zbud: loaded
[    3.143909] squashfs: version 4.0 (2009/01/31) Phillip Lougher
[    3.145110] NFS: Registering the id_resolver key type
[    3.145524] Key type id_resolver registered
[    3.145849] Key type id_legacy registered
[    3.146219] nfs4filelayout_init: NFSv4 File Layout Driver Registering...
[    3.146735] nfs4flexfilelayout_init: NFSv4 Flexfile Layout Driver Registering...
[    3.147367] fuse: init (API version 7.36)
[    3.147855] SGI XFS with ACLs, security attributes, realtime, quota, no debug enabled
[    3.149898] 9p: Installing v9fs 9p2000 file system support
[    3.157905] Key type asymmetric registered
[    3.158234] Asymmetric key parser 'x509' registered
[    3.159332] alg: self-tests for CTR-KDF (hmac(sha256)) passed
[    3.159832] Block layer SCSI generic (bsg) driver version 0.4 loaded (major 243)
[    3.160495] io scheduler mq-deadline registered
[    3.160863] io scheduler bfq registered
[    3.161708] shpchp: Standard Hot Plug PCI Controller Driver version: 0.4
[    3.162396] IPMI message handler: version 39.2
[    3.162751] ipmi device interface
[    3.163901] input: Power Button as /devices/LNXSYSTM:00/LNXPWRBN:00/input/input0
[    3.164558] ACPI: button: Power Button [PWRF]
[    3.165520] ERST DBG: ERST support is disabled.
[    3.166210] Serial: 8250/16550 driver, 32 ports, IRQ sharing enabled
[    3.167051] 00:04: ttyS0 at I/O 0x3f8 (irq = 4, base_baud = 115200) is a 16550A
[    3.172330] Linux agpgart interface v0.103
[    3.172969] ACPI: bus type drm_connector registered
[    3.181387] brd: module loaded
[    3.186331] loop: module loaded
[    3.188951] scsi host0: ata_piix
[    3.189509] scsi host1: ata_piix
[    3.189865] ata1: PATA max MWDMA2 cmd 0x1f0 ctl 0x3f6 bmdma 0xc040 irq 14
[    3.190382] ata2: PATA max MWDMA2 cmd 0x170 ctl 0x376 bmdma 0xc048 irq 15
[    3.191862] tun: Universal TUN/TAP device driver, 1.6
[    3.192362] e100: Intel(R) PRO/100 Network Driver
[    3.192729] e100: Copyright(c) 1999-2006 Intel Corporation
[    3.193183] e1000: Intel(R) PRO/1000 Network Driver
[    3.193560] e1000: Copyright (c) 1999-2006 Intel Corporation.
[    3.272512] ACPI: \_SB_.LNKC: Enabled at IRQ 11
[    3.348119] ata2: found unknown device (class 0)
[    3.348848] ata1: found unknown device (class 0)
[    3.349690] ata2.00: ATAPI: QEMU DVD-ROM, 2.5+, max UDMA/100
[    3.350622] ata1.00: ATA-7: QEMU HARDDISK, 2.5+, max UDMA/100
[    3.351188] ata1.00: 16777216 sectors, multi 16: LBA48 
[    3.352554] scsi 0:0:0:0: Direct-Access     ATA      QEMU HARDDISK    2.5+ PQ: 0 ANSI: 5
[    3.353728] scsi 0:0:0:0: Attached scsi generic sg0 type 0
[    3.354565] sd 0:0:0:0: [sda] 16777216 512-byte logical blocks: (8.59 GB/8.00 GiB)
[    3.354728] scsi 1:0:0:0: CD-ROM            QEMU     QEMU DVD-ROM     2.5+ PQ: 0 ANSI: 5
[    3.355332] sd 0:0:0:0: [sda] Write Protect is off
[    3.356533] sd 0:0:0:0: [sda] Write cache: enabled, read cache: enabled, doesn't support DPO or FUA
[    3.357490] sd 0:0:0:0: [sda] Preferred minimum I/O size 512 bytes
[    3.377058] sd 0:0:0:0: [sda] Attached SCSI disk
[    3.392365] scsi 1:0:0:0: Attached scsi generic sg1 type 5
[    3.598537] e1000 0000:00:03.0 eth0: (PCI:33MHz:32-bit) 52:54:00:12:34:56
[    3.599080] e1000 0000:00:03.0 eth0: Intel(R) PRO/1000 Network Connection
[    3.599657] e1000e: Intel(R) PRO/1000 Network Driver
[    3.600045] e1000e: Copyright(c) 1999 - 2015 Intel Corporation.
[    3.600548] igb: Intel(R) Gigabit Ethernet Network Driver
[    3.600960] igb: Copyright (c) 2007-2014 Intel Corporation.
[    3.601464] PPP generic driver version 2.4.2
[    3.602068] VFIO - User Level meta-driver version: 0.3
[    3.602761] usbcore: registered new interface driver uas
[    3.603315] usbcore: registered new interface driver usb-storage
[    3.604017] i8042: PNP: PS/2 Controller [PNP0303:KBD,PNP0f13:MOU] at 0x60,0x64 irq 1,12
[    3.605308] serio: i8042 KBD port at 0x60,0x64 irq 1
[    3.605789] serio: i8042 AUX port at 0x60,0x64 irq 12
[    3.606675] mousedev: PS/2 mouse device common for all mice
[    3.607651] input: AT Translated Set 2 keyboard as /devices/platform/i8042/serio0/input/input1
[    3.608997] input: VirtualPS/2 VMware VMMouse as /devices/platform/i8042/serio1/input/input4
[    3.609883] rtc_cmos 00:05: RTC can wake from S4
[    3.610707] input: VirtualPS/2 VMware VMMouse as /devices/platform/i8042/serio1/input/input3
[    3.612045] rtc_cmos 00:05: registered as rtc0
[    3.612513] rtc_cmos 00:05: setting system clock to 2022-12-07T16:56:40 UTC (1670432200)
[    3.613380] rtc_cmos 00:05: alarms up to one day, y3k, 242 bytes nvram, hpet irqs
[    3.614099] i2c_dev: i2c /dev entries driver
[    3.614526] device-mapper: core: CONFIG_IMA_DISABLE_HTABLE is disabled. Duplicate IMA measurements will not be recorded in the IMA log.
[    3.615715] device-mapper: uevent: version 1.0.3
[    3.616358] device-mapper: ioctl: 4.47.0-ioctl (2022-07-28) initialised: dm-devel@redhat.com
[    3.617183] intel_pstate: CPU model not supported
[    3.617684] sdhci: Secure Digital Host Controller Interface driver
[    3.618266] sdhci: Copyright(c) Pierre Ossman
[    3.618730] sdhci-pltfm: SDHCI platform and OF driver helper
[    3.619344] ledtrig-cpu: registered to indicate activity on CPUs
[    3.620108] drop_monitor: Initializing network drop monitor service
[    3.621159] NET: Registered PF_INET6 protocol family
[    3.622805] Segment Routing with IPv6
[    3.623193] In-situ OAM (IOAM) with IPv6
[    3.623615] NET: Registered PF_PACKET protocol family
[    3.624311] 9pnet: Installing 9P2000 support
[    3.624760] Key type dns_resolver registered
[    3.625746] IPI shorthand broadcast: enabled
[    3.626233] sched_clock: Marking stable (3618081218, 7470105)->(3638990756, -13439433)
[    3.627303] registered taskstats version 1
[    3.627769] Loading compiled-in X.509 certificates
[    3.629078] zswap: loaded using pool lzo/zbud
[    3.629787] Key type .fscrypt registered
[    3.630173] Key type fscrypt-provisioning registered
[    3.631299] Key type encrypted registered
[    3.631713] ima: No TPM chip found, activating TPM-bypass!
[    3.632261] ima: Allocated hash algorithm: sha1
[    3.632717] ima: No architecture policies found
[    3.633181] evm: Initialising EVM extended attributes:
[    3.633677] evm: security.selinux
[    3.633999] evm: security.SMACK64
[    3.634320] evm: security.SMACK64EXEC
[    3.634675] evm: security.SMACK64TRANSMUTE
[    3.635070] evm: security.SMACK64MMAP
[    3.635423] evm: security.apparmor
[    3.635753] evm: security.ima
[    3.636048] evm: security.capability
[    3.636387] evm: HMAC attrs: 0x1
[    3.639274] PM:   Magic number: 2:152:944
[    3.639749] tty tty1: hash matches
[    3.640287] RAS: Correctable Errors collector initialized.
[    3.641121] md: Waiting for all devices to be available before autodetect
[    3.641615] md: If you don't use raid, use raid=noautodetect
[    3.642036] md: Autodetecting RAID arrays.
[    3.642329] md: autorun ...
[    3.642532] md: ... autorun DONE.
[    3.645592] EXT4-fs (sda): INFO: recovery required on readonly filesystem
[    3.646091] EXT4-fs (sda): write access will be enabled during recovery
[    3.698369] EXT4-fs (sda): recovery complete
[    3.703670] EXT4-fs (sda): mounted filesystem with ordered data mode. Quota mode: none.
[    3.704276] VFS: Mounted root (ext4 filesystem) readonly on device 8:0.
[    3.705047] devtmpfs: mounted
[    3.710667] Freeing unused decrypted memory: 2036K
[    3.713206] Freeing unused kernel image (initmem) memory: 3624K
[    3.713628] Write protecting the kernel read-only data: 40960k
[    3.716395] Freeing unused kernel image (text/rodata gap) memory: 2032K
[    3.717204] Freeing unused kernel image (rodata/data gap) memory: 632K
[    3.808693] x86/mm: Checked W+X mappings: passed, no W+X pages found.
[    3.809161] Run /sbin/init as init process
[    3.873807] systemd[1]: RTC configured in localtime, applying delta of 0 minutes to system time.
[    3.891858] systemd[1]: systemd 239 (239-49.el8) running in system mode. (+PAM +AUDIT +SELINUX +IMA -APPARMOR +SMACK +SYSVINIT +UTMP +LIBCRYPTSETUP +GCRYPT +GNUTLS +ACL +XZ +LZ4 +SECCOMP +BLKID +ELFUTILS +KMOD +IDN2 -IDN +PCRE2 default-hierarchy=legacy)
[    3.893559] systemd[1]: Detected virtualization kvm.
[    3.893915] systemd[1]: Detected architecture x86-64.

Welcome to [0;31mCentOS Stream 8[0m!

[    3.938868] systemd[1]: Set hostname to <test>.
[    4.955971] random: crng init done
[    5.028800] systemd[1]: Listening on Journal Socket (/dev/log).
[[0;32m  OK  [0m] Listening on Journal Socket (/dev/log).
[    5.030895] systemd[1]: Created slice system-sshd\x2dkeygen.slice.
[[0;32m  OK  [0m] Created slice system-sshd\x2dkeygen.slice.
[    5.031747] systemd[1]: Listening on initctl Compatibility Named Pipe.
[[0;32m  OK  [0m] Listening on initctl Compatibility Named Pipe.
[    5.032692] systemd[1]: Listening on multipathd control socket.
[[0;32m  OK  [0m] Listening on multipathd control socket.
[    5.033724] systemd[1]: Set up automount Arbitrary Executable File Formats File System Automount Point.
[[0;32m  OK  [0m] Set up automount Arbitrary Executabâ€¦rmats File System Automount Point.
[    5.035247] systemd[1]: Created slice User and Session Slice.
[[0;32m  OK  [0m] Created slice User and Session Slice.
[[0;32m  OK  [0m] Listening on Process Core Dump Socket.
[[0;32m  OK  [0m] Created slice system-serial\x2dgetty.slice.
[[0;32m  OK  [0m] Listening on Device-mapper event daemon FIFOs.
[[0;32m  OK  [0m] Listening on udev Control Socket.
[[0;32m  OK  [0m] Listening on LVM2 poll daemon socket.
[[0;32m  OK  [0m] Reached target Swap.
[[0;32m  OK  [0m] Created slice system-getty.slice.
[[0;32m  OK  [0m] Started Forward Password Requests to Wall Directory Watch.
[[0;32m  OK  [0m] Reached target Slices.
[[0;32m  OK  [0m] Listening on Journal Socket.
         Starting Remount Root and Kernel File Systems...
         Starting Monitoring of LVM2 mirrorsâ€¦ng dmeventd or progress polling...
         Starting Load Kernel Modules...
         Mounting Kernel Debug File System...
         Mounting POSIX Message Queue File System...
[[0;32m  OK  [0m] Listening on udev Kernel Socket.
         Starting udev Coldplug all Devices...
[[0;32m  OK  [0m] Listening on RPCbind Server Activation Socket.
         Mounting Huge Pages File System...
         Starting Journal Service...
[[0;32m  OK  [0m] Reached target RPC Port Mapper.
         Starting Setup Virtual Console...
[[0;1;31mFAILED[0m] Failed to start Load Kernel Modules.
See 'systemctl status systemd-modules-load.service' for details.
[[0;32m  OK  [0m] Mounted Kernel Debug File System.
[[0;32m  OK  [0m] Mounted POSIX Message Queue File System.
[[0;32m  OK  [0m] Mounted Huge Pages File System.
         Mounting FUSE Control File System...
         Starting Apply Kernel Variables...
         Mounting Kernel Configuration File System...
[[0;32m  OK  [0m] Mounted FUSE Control File System.
[    5.255977] EXT4-fs (sda): re-mounted. Quota mode: none.
[[0;32m  OK  [0m] Started Apply Kernel Variables.
[[0;32m  OK  [0m] Started Journal Service.
[[0;32m  OK  [0m] Started Remount Root and Kernel File Systems.
[[0;32m  OK  [0m] Mounted Kernel Configuration File System.
         Starting Load/Save Random Seed...
         Starting Create Static Device Nodes in /dev...
         Starting Flush Journal to Persistent Storage...
[[0;32m  OK  [0m] Started udev Coldplug all Devices.
[[0;32m  OK  [0m] Started Load/Save Random Seed.
         Starting udev Wait for Complete Device Initialization...
[[0;32m  OK  [0m] Started Create Static Device Nodes in /dev.
         Starting udev Kernel Device Manager...
[[0;32m  OK  [0m] Started Flush Journal to Persistent Storage.
[[0;32m  OK  [0m] Started Setup Virtual Console.
[[0;32m  OK  [0m] Started udev Kernel Device Manager.
         Starting Show Plymouth Boot Screen...
[[0;32m  OK  [0m] Started Show Plymouth Boot Screen.
[[0;32m  OK  [0m] Started Forward Password Requests to Plymouth Directory Watch.
[[0;32m  OK  [0m] Reached target Local Encrypted Volumes.
[[0;32m  OK  [0m] Reached target Paths.
[[0;32m  OK  [0m] Found device /dev/ttyS0.
[[0;32m  OK  [0m] Listening on Load/Save RF Kill Switch Status /dev/rfkill Watch.
[[0;32m  OK  [0m] Started udev Wait for Complete Device Initialization.
[[0;32m  OK  [0m] Started Monitoring of LVM2 mirrors,â€¦sing dmeventd or progress polling.
[[0;32m  OK  [0m] Reached target Local File Systems (Pre).
[[0;32m  OK  [0m] Reached target Local File Systems.
         Starting Restore /run/initramfs on shutdown...
         Starting Tell Plymouth To Write Out Runtime Data...
         Starting Create Volatile Files and Directories...
[[0;32m  OK  [0m] Started Restore /run/initramfs on shutdown.
[[0;32m  OK  [0m] Started Tell Plymouth To Write Out Runtime Data.
[[0;32m  OK  [0m] Started Create Volatile Files and Directories.
         Starting Security Auditing Service...
         Mounting RPC Pipe File System...
         Starting RPC Bind...
[[0;32m  OK  [0m] Mounted RPC Pipe File System.
[[0;32m  OK  [0m] Reached target rpc_pipefs.target.
[[0;32m  OK  [0m] Started RPC Bind.
[[0;32m  OK  [0m] Started Security Auditing Service.
         Starting Update UTMP about System Boot/Shutdown...
[[0;32m  OK  [0m] Started Update UTMP about System Boot/Shutdown.
[[0;32m  OK  [0m] Reached target System Initialization.
[[0;32m  OK  [0m] Listening on D-Bus System Message Bus Socket.
[[0;32m  OK  [0m] Started dnf makecache --timer.
[[0;32m  OK  [0m] Listening on SSSD Kerberos Cache Manager responder socket.
[[0;32m  OK  [0m] Reached target Sockets.
[[0;32m  OK  [0m] Started daily update of the root trust anchor for DNSSEC.
[[0;32m  OK  [0m] Started Daily Cleanup of Temporary Directories.
[[0;32m  OK  [0m] Reached target Timers.
[[0;32m  OK  [0m] Reached target Basic System.
[[0;32m  OK  [0m] Started irqbalance daemon.
         Starting Login Service...
         Starting Self Monitoring and Reporting Technology (SMART) Daemon...
         Starting Authorization Manager...
[[0;32m  OK  [0m] Reached target sshd-keygen.target.
[[0;32m  OK  [0m] Started D-Bus System Message Bus.
         Starting Network Manager...
         Starting NTP client/server...
         Starting Auto-connect to subsystemsâ€¦-NVME devices found during boot...
[[0;32m  OK  [0m] Started Machine Check Exception Logging Daemon.
[[0;32m  OK  [0m] Started Self Monitoring and Reporting Technology (SMART) Daemon.
         Starting update of the root trust aâ€¦or DNSSEC validation in unbound...
[[0;32m  OK  [0m] Started Auto-connect to subsystems â€¦FC-NVME devices found during boot.
[[0;32m  OK  [0m] Started Login Service.
[[0;32m  OK  [0m] Started NTP client/server.
[[0;32m  OK  [0m] Started Network Manager.
         Starting Network Manager Wait Online...
[[0;32m  OK  [0m] Reached target Network.
         Starting Dynamic System Tuning Daemon...
         Starting GSSAPI Proxy Daemon...
         Starting OpenSSH server daemon...
[[0;32m  OK  [0m] Started update of the root trust anâ€¦ for DNSSEC validation in unbound.
         Starting Hostname Service...
[[0;32m  OK  [0m] Started OpenSSH server daemon.
[[0;32m  OK  [0m] Started GSSAPI Proxy Daemon.
[[0;32m  OK  [0m] Started Authorization Manager.
[[0;32m  OK  [0m] Reached target NFS client services.
[[0;32m  OK  [0m] Reached target Remote File Systems (Pre).
[[0;32m  OK  [0m] Reached target Remote File Systems.
         Starting Permit User Sessions...
[[0;32m  OK  [0m] Started Permit User Sessions.
         Starting Hold until boot process finishes up...
[[0;32m  OK  [0m] Started Command Scheduler.
         Starting Terminate Plymouth Boot Screen...
[    6.452018] e1000: eth0 NIC Link is Up 1000 Mbps Full Duplex, Flow Control: RX
[    6.452830] IPv6: ADDRCONF(NETDEV_CHANGE): eth0: link becomes ready
[    6.642394] Spectre V2 : WARNING: Unprivileged eBPF is enabled with eIBRS on, data leaks possible via Spectre v2 BHB attacks!
[    6.643181] Spectre V2 : WARNING: Unprivileged eBPF is enabled with eIBRS on, data leaks possible via Spectre v2 BHB attacks!

CentOS Stream 8
Kernel 6.0.0-f23cdfcd04f7+ on an x86_64

test login: [   28.863643] perf: interrupt took too long (2507 > 2500), lowering kernel.perf_event_max_sample_rate to 79750
[   29.180750] perf: interrupt took too long (3189 > 3133), lowering kernel.perf_event_max_sample_rate to 62500
[   29.372026] perf: interrupt took too long (3998 > 3986), lowering kernel.perf_event_max_sample_rate to 50000
[   29.750222] perf: interrupt took too long (5010 > 4997), lowering kernel.perf_event_max_sample_rate to 39750
[   31.206151] perf: interrupt took too long (6307 > 6262), lowering kernel.perf_event_max_sample_rate to 31500
[   32.908780] perf: interrupt took too long (7929 > 7883), lowering kernel.perf_event_max_sample_rate to 25000
[   35.601113] perf: interrupt took too long (9948 > 9911), lowering kernel.perf_event_max_sample_rate to 20000
[   52.107493] perf: interrupt took too long (12439 > 12435), lowering kernel.perf_event_max_sample_rate to 16000
[  105.226567] Pid 5887(repro) over core_pipe_limit
[  105.226869] Skipping core dump
[  135.871143] Pid 8056(repro) over core_pipe_limit
[  135.871445] Skipping core dump
[  135.969163] Pid 8067(repro) over core_pipe_limit
[  135.969466] Skipping core dump
[  136.002160] Pid 8070(repro) over core_pipe_limit
[  136.002447] Skipping core dump
[  136.056268] Pid 8072(repro) over core_pipe_limit
[  136.056544] Skipping core dump
[  168.178039] Pid 10255(repro) over core_pipe_limit
[  168.178339] Skipping core dump
[  168.218829] Pid 10256(repro) over core_pipe_limit
[  168.219121] Skipping core dump
[  168.254241] Pid 10258(repro) over core_pipe_limit
[  168.254504] Skipping core dump
[  168.288380] Pid 10259(repro) over core_pipe_limit
[  168.288650] Skipping core dump
