c[?7l[2J[0mSeaBIOS (version rel-1.16.0-0-gd239552ce722-prebuilt.qemu.org)


iPXE (http://ipxe.org) 00:03.0 CA00 PCI2.10 PnP PMM+7FF91000+7FEF1000 CA00
Press Ctrl-B to configure iPXE (PCI 00:03.0)...                                                                               


Booting from ROM...
c[?7l[2J[    0.000000] Linux version 5.16.0-rc5-f2b551fad8d8+ (root@p-tglh01.sh.intel.com) (gcc (GCC) 8.5.0 20210514 (Red Hat 8.5.0-17), GNU ld version 2.36.1-2.el8) #1 SMP PREEMPT Wed Dec 7 22:33:45 CST 2022
[    0.000000] Command line: console=ttyS0 root=/dev/sda earlyprintk=serial net.ifnames=0
[    0.000000] KERNEL supported cpus:
[    0.000000]   Intel GenuineIntel
[    0.000000]   AMD AuthenticAMD
[    0.000000]   Hygon HygonGenuine
[    0.000000]   Centaur CentaurHauls
[    0.000000]   zhaoxin   Shanghai  
[    0.000000] x86/fpu: Supporting XSAVE feature 0x001: 'x87 floating point registers'
[    0.000000] x86/fpu: Supporting XSAVE feature 0x002: 'SSE registers'
[    0.000000] x86/fpu: Supporting XSAVE feature 0x004: 'AVX registers'
[    0.000000] x86/fpu: Supporting XSAVE feature 0x020: 'AVX-512 opmask'
[    0.000000] x86/fpu: Supporting XSAVE feature 0x040: 'AVX-512 Hi256'
[    0.000000] x86/fpu: Supporting XSAVE feature 0x080: 'AVX-512 ZMM_Hi256'
[    0.000000] x86/fpu: Supporting XSAVE feature 0x200: 'Protection Keys User registers'
[    0.000000] x86/fpu: xstate_offset[2]:  576, xstate_sizes[2]:  256
[    0.000000] x86/fpu: xstate_offset[5]:  832, xstate_sizes[5]:   64
[    0.000000] x86/fpu: xstate_offset[6]:  896, xstate_sizes[6]:  512
[    0.000000] x86/fpu: xstate_offset[7]: 1408, xstate_sizes[7]: 1024
[    0.000000] x86/fpu: xstate_offset[9]: 2432, xstate_sizes[9]:    8
[    0.000000] x86/fpu: Enabled xstate features 0x2e7, context size is 2440 bytes, using 'compacted' format.
[    0.000000] signal: max sigframe size: 3632
[    0.000000] printk: bootconsole [earlyser0] enabled
[    0.000000] BIOS-provided physical RAM map:
[    0.000000] BIOS-e820: [mem 0x0000000000000000-0x000000000009fbff] usable
[    0.000000] BIOS-e820: [mem 0x000000000009fc00-0x000000000009ffff] reserved
[    0.000000] BIOS-e820: [mem 0x00000000000f0000-0x00000000000fffff] reserved
[    0.000000] BIOS-e820: [mem 0x0000000000100000-0x000000007ffdffff] usable
[    0.000000] BIOS-e820: [mem 0x000000007ffe0000-0x000000007fffffff] reserved
[    0.000000] BIOS-e820: [mem 0x00000000feffc000-0x00000000feffffff] reserved
[    0.000000] BIOS-e820: [mem 0x00000000fffc0000-0x00000000ffffffff] reserved
[    0.000000] NX (Execute Disable) protection: active
[    0.000000] SMBIOS 2.8 present.
[    0.000000] DMI: QEMU Standard PC (i440FX + PIIX, 1996), BIOS rel-1.16.0-0-gd239552ce722-prebuilt.qemu.org 04/01/2014
[    0.000000] Hypervisor detected: KVM
[    0.000000] kvm-clock: Using msrs 4b564d01 and 4b564d00
[    0.000000] kvm-clock: cpu 0, msr 4601001, primary cpu clock
[    0.000004] kvm-clock: using sched offset of 468268248 cycles
[    0.000572] clocksource: kvm-clock: mask: 0xffffffffffffffff max_cycles: 0x1cd42e4dffb, max_idle_ns: 881590591483 ns
[    0.002279] tsc: Detected 3110.400 MHz processor
[    0.008703] last_pfn = 0x7ffe0 max_arch_pfn = 0x400000000
[    0.009338] x86/PAT: Configuration [0-7]: WB  WC  UC- UC  WB  WP  UC- WT  
[    0.019815] found SMP MP-table at [mem 0x000f5ba0-0x000f5baf]
[    0.020605] Using GB pages for direct mapping
[    0.022098] ACPI: Early table checksum verification disabled
[    0.022720] ACPI: RSDP 0x00000000000F59C0 000014 (v00 BOCHS )
[    0.023338] ACPI: RSDT 0x000000007FFE1951 000034 (v01 BOCHS  BXPC     00000001 BXPC 00000001)
[    0.024260] ACPI: FACP 0x000000007FFE17FD 000074 (v01 BOCHS  BXPC     00000001 BXPC 00000001)
[    0.025133] ACPI: DSDT 0x000000007FFE0040 0017BD (v01 BOCHS  BXPC     00000001 BXPC 00000001)
[    0.025998] ACPI: FACS 0x000000007FFE0000 000040
[    0.026472] ACPI: APIC 0x000000007FFE1871 000080 (v01 BOCHS  BXPC     00000001 BXPC 00000001)
[    0.027342] ACPI: HPET 0x000000007FFE18F1 000038 (v01 BOCHS  BXPC     00000001 BXPC 00000001)
[    0.028206] ACPI: WAET 0x000000007FFE1929 000028 (v01 BOCHS  BXPC     00000001 BXPC 00000001)
[    0.029077] ACPI: Reserving FACP table memory at [mem 0x7ffe17fd-0x7ffe1870]
[    0.029786] ACPI: Reserving DSDT table memory at [mem 0x7ffe0040-0x7ffe17fc]
[    0.030502] ACPI: Reserving FACS table memory at [mem 0x7ffe0000-0x7ffe003f]
[    0.031212] ACPI: Reserving APIC table memory at [mem 0x7ffe1871-0x7ffe18f0]
[    0.031929] ACPI: Reserving HPET table memory at [mem 0x7ffe18f1-0x7ffe1928]
[    0.032641] ACPI: Reserving WAET table memory at [mem 0x7ffe1929-0x7ffe1950]
[    0.034373] No NUMA configuration found
[    0.034767] Faking a node at [mem 0x0000000000000000-0x000000007ffdffff]
[    0.035506] NODE_DATA(0) allocated [mem 0x7ffb5000-0x7ffdffff]
[    0.039560] Zone ranges:
[    0.039831]   DMA      [mem 0x0000000000001000-0x0000000000ffffff]
[    0.040471]   DMA32    [mem 0x0000000001000000-0x000000007ffdffff]
[    0.041095]   Normal   empty
[    0.041386]   Device   empty
[    0.041685] Movable zone start for each node
[    0.042113] Early memory node ranges
[    0.042468]   node   0: [mem 0x0000000000001000-0x000000000009efff]
[    0.043097]   node   0: [mem 0x0000000000100000-0x000000007ffdffff]
[    0.043717] Initmem setup node 0 [mem 0x0000000000001000-0x000000007ffdffff]
[    0.045269] On node 0, zone DMA: 1 pages in unavailable ranges
[    0.045466] On node 0, zone DMA: 97 pages in unavailable ranges
[    0.081880] On node 0, zone DMA32: 32 pages in unavailable ranges
[    0.082835] ACPI: PM-Timer IO Port: 0x608
[    0.083944] ACPI: LAPIC_NMI (acpi_id[0xff] dfl dfl lint[0x1])
[    0.084602] IOAPIC[0]: apic_id 0, version 17, address 0xfec00000, GSI 0-23
[    0.085320] ACPI: INT_SRC_OVR (bus 0 bus_irq 0 global_irq 2 dfl dfl)
[    0.085986] ACPI: INT_SRC_OVR (bus 0 bus_irq 5 global_irq 5 high level)
[    0.086662] ACPI: INT_SRC_OVR (bus 0 bus_irq 9 global_irq 9 high level)
[    0.087333] ACPI: INT_SRC_OVR (bus 0 bus_irq 10 global_irq 10 high level)
[    0.088015] ACPI: INT_SRC_OVR (bus 0 bus_irq 11 global_irq 11 high level)
[    0.088710] ACPI: Using ACPI (MADT) for SMP configuration information
[    0.089366] ACPI: HPET id: 0x8086a201 base: 0xfed00000
[    0.089918] TSC deadline timer available
[    0.090324] smpboot: Allowing 2 CPUs, 0 hotplug CPUs
[    0.090912] kvm-guest: KVM setup pv remote TLB flush
[    0.091422] kvm-guest: setup PV sched yield
[    0.091906] PM: hibernation: Registered nosave memory: [mem 0x00000000-0x00000fff]
[    0.092685] PM: hibernation: Registered nosave memory: [mem 0x0009f000-0x0009ffff]
[    0.093490] PM: hibernation: Registered nosave memory: [mem 0x000a0000-0x000effff]
[    0.094269] PM: hibernation: Registered nosave memory: [mem 0x000f0000-0x000fffff]
[    0.095027] [mem 0x80000000-0xfeffbfff] available for PCI devices
[    0.095614] Booting paravirtualized kernel on KVM
[    0.096098] clocksource: refined-jiffies: mask: 0xffffffff max_cycles: 0xffffffff, max_idle_ns: 7645519600211568 ns
[    0.097198] setup_percpu: NR_CPUS:8192 nr_cpumask_bits:2 nr_cpu_ids:2 nr_node_ids:1
[    0.100303] percpu: Embedded 61 pages/cpu s212992 r8192 d28672 u1048576
[    0.101212] kvm-guest: setup async PF for cpu 0
[    0.101688] kvm-guest: stealtime: cpu 0, msr 7dc33080
[    0.102210] kvm-guest: PV spinlocks enabled
[    0.102647] PV qspinlock hash table entries: 256 (order: 0, 4096 bytes, linear)
[    0.103448] Fallback order for Node 0: 0 
[    0.103882] Built 1 zonelists, mobility grouping on.  Total pages: 515808
[    0.104585] Policy zone: DMA32
[    0.104898] Kernel command line: net.ifnames=0 console=ttyS0 root=/dev/sda earlyprintk=serial net.ifnames=0
[    0.108639] Dentry cache hash table entries: 262144 (order: 9, 2097152 bytes, linear)
[    0.110264] Inode-cache hash table entries: 131072 (order: 8, 1048576 bytes, linear)
[    0.111257] mem auto-init: stack:off, heap alloc:off, heap free:off
[    0.115722] Memory: 2001792K/2096632K available (28689K kernel code, 4396K rwdata, 7592K rodata, 3144K init, 10700K bss, 94584K reserved, 0K cma-reserved)
[    0.117166] random: get_random_u64 called from __kmem_cache_create+0x2f/0x480 with crng_init=0
[    0.117894] SLUB: HWalign=64, Order=0-3, MinObjects=0, CPUs=2, Nodes=1
[    0.119448] kmemleak: Kernel memory leak detector disabled
[    0.120037] ftrace: allocating 65306 entries in 256 pages
[    0.225368] ftrace: allocated 256 pages with 1 groups
[    0.227722] Dynamic Preempt: voluntary
[    0.228255] rcu: Preemptible hierarchical RCU implementation.
[    0.228848] rcu: 	RCU restricting CPUs from NR_CPUS=8192 to nr_cpu_ids=2.
[    0.229542] 	Trampoline variant of Tasks RCU enabled.
[    0.230095] 	Rude variant of Tasks RCU enabled.
[    0.230554] 	Tracing variant of Tasks RCU enabled.
[    0.231053] rcu: RCU calculated value of scheduler-enlistment delay is 25 jiffies.
[    0.231840] rcu: Adjusting geometry for rcu_fanout_leaf=16, nr_cpu_ids=2
[    0.258124] NR_IRQS: 524544, nr_irqs: 440, preallocated irqs: 16
[    0.268429] Console: colour VGA+ 80x25
[    0.268897] printk: console [ttyS0] enabled
[    0.268897] printk: console [ttyS0] enabled
[    0.269802] printk: bootconsole [earlyser0] disabled
[    0.269802] printk: bootconsole [earlyser0] disabled
[    0.270910] ACPI: Core revision 20210930
[    0.271554] clocksource: hpet: mask: 0xffffffff max_cycles: 0xffffffff, max_idle_ns: 19112604467 ns
[    0.272656] APIC: Switch to symmetric I/O mode setup
[    0.273459] x2apic enabled
[    0.273999] Switched APIC routing to physical x2apic.
[    0.274555] kvm-guest: setup PV IPIs
[    0.276011] ..TIMER: vector=0x30 apic1=0 pin1=2 apic2=-1 pin2=-1
[    0.276700] clocksource: tsc-early: mask: 0xffffffffffffffff max_cycles: 0x2cd5a8bb032, max_idle_ns: 440795365915 ns
[    0.277837] Calibrating delay loop (skipped) preset value.. 6220.80 BogoMIPS (lpj=12441600)
[    0.278740] pid_max: default: 32768 minimum: 301
[    0.279306] LSM: Security Framework initializing
[    0.279820] Yama: becoming mindful.
[    0.280338] Mount-cache hash table entries: 4096 (order: 3, 32768 bytes, linear)
[    0.281853] Mountpoint-cache hash table entries: 4096 (order: 3, 32768 bytes, linear)
[    0.285890] x86/cpu: User Mode Instruction Prevention (UMIP) activated
[    0.287055] Last level iTLB entries: 4KB 0, 2MB 0, 4MB 0
[    0.287699] Last level dTLB entries: 4KB 0, 2MB 0, 4MB 0, 1GB 0
[    0.288414] Spectre V1 : Mitigation: usercopy/swapgs barriers and __user pointer sanitization
[    0.289860] Spectre V2 : Mitigation: Enhanced IBRS
[    0.290352] Spectre V2 : Spectre v2 / SpectreRSB mitigation: Filling RSB on context switch
[    0.291205] Spectre V2 : mitigation: Enabling conditional Indirect Branch Prediction Barrier
[    0.292060] Speculative Store Bypass: Mitigation: Speculative Store Bypass disabled via prctl
[    0.336917] Freeing SMP alternatives memory: 56K
[    0.337783] smpboot: CPU0: Genuine Intel(R) CPU 0000 @ 2.20GHz (family: 0x6, model: 0x8d, stepping: 0x0)
[    0.337828] Performance Events: Icelake events, full-width counters, Intel PMU driver.
[    0.337828] ... version:                2
[    0.337828] ... bit width:              48
[    0.337828] ... generic registers:      8
[    0.337828] ... value mask:             0000ffffffffffff
[    0.337836] ... max period:             00007fffffffffff
[    0.338372] ... fixed-purpose events:   3
[    0.338783] ... event mask:             00000007000000ff
[    0.339605] rcu: Hierarchical SRCU implementation.
[    0.342868] smp: Bringing up secondary CPUs ...
[    0.343635] x86: Booting SMP configuration:
[    0.344067] .... node  #0, CPUs:      #1
[    0.018711] kvm-clock: cpu 1, msr 4601041, secondary cpu clock
[    0.345221] kvm-guest: setup async PF for cpu 1
[    0.345221] kvm-guest: stealtime: cpu 1, msr 7dd33080
[    0.345864] smp: Brought up 1 node, 2 CPUs
[    0.346301] smpboot: Max logical packages: 1
[    0.346756] smpboot: Total of 2 processors activated (12441.60 BogoMIPS)
[    0.352056] devtmpfs: initialized
[    0.352056] x86/mm: Memory block size: 128MB
[    0.354135] clocksource: jiffies: mask: 0xffffffff max_cycles: 0xffffffff, max_idle_ns: 7645041785100000 ns
[    0.355131] futex hash table entries: 512 (order: 3, 32768 bytes, linear)
[    0.355131] pinctrl core: initialized pinctrl subsystem
[    0.355131] 
[    0.355131] *************************************************************
[    0.355767] **     NOTICE NOTICE NOTICE NOTICE NOTICE NOTICE NOTICE    **
[    0.356461] **                                                         **
[    0.357148] **  IOMMU DebugFS SUPPORT HAS BEEN ENABLED IN THIS KERNEL  **
[    0.357832] **                                                         **
[    0.358530] ** This means that this kernel is built to expose internal **
[    0.359218] ** IOMMU data structures, which may compromise security on **
[    0.359904] ** your system.                                            **
[    0.360595] **                                                         **
[    0.361285] ** If you see this message and you are not debugging the   **
[    0.361831] ** kernel, report this immediately to your vendor!         **
[    0.362525] **                                                         **
[    0.363210] **     NOTICE NOTICE NOTICE NOTICE NOTICE NOTICE NOTICE    **
[    0.363892] *************************************************************
[    0.364638] PM: RTC time: 15:00:59, date: 2022-12-07
[    0.366478] NET: Registered PF_NETLINK/PF_ROUTE protocol family
[    0.367484] DMA: preallocated 256 KiB GFP_KERNEL pool for atomic allocations
[    0.368209] DMA: preallocated 256 KiB GFP_KERNEL|GFP_DMA pool for atomic allocations
[    0.368980] DMA: preallocated 256 KiB GFP_KERNEL|GFP_DMA32 pool for atomic allocations
[    0.369827] audit: initializing netlink subsys (disabled)
[    0.373888] audit: type=2000 audit(1670425260.197:1): state=initialized audit_enabled=0 res=1
[    0.374596] thermal_sys: Registered thermal governor 'fair_share'
[    0.375051] thermal_sys: Registered thermal governor 'bang_bang'
[    0.375705] thermal_sys: Registered thermal governor 'step_wise'
[    0.376301] thermal_sys: Registered thermal governor 'user_space'
[    0.376930] cpuidle: using governor ladder
[    0.378247] cpuidle: using governor menu
[    0.378933] acpiphp: ACPI Hot Plug PCI Controller Driver version: 0.5
[    0.379863] PCI: Using configuration type 1 for base access
[    0.389276] kprobes: kprobe jump-optimization is enabled. All kprobes are optimized if possible.
[    0.389914] HugeTLB registered 1.00 GiB page size, pre-allocated 0 pages
[    0.390572] HugeTLB registered 2.00 MiB page size, pre-allocated 0 pages
[    0.391361] ACPI: Added _OSI(Module Device)
[    0.391361] ACPI: Added _OSI(Processor Device)
[    0.391361] ACPI: Added _OSI(3.0 _SCP Extensions)
[    0.393836] ACPI: Added _OSI(Processor Aggregator Device)
[    0.394374] ACPI: Added _OSI(Linux-Dell-Video)
[    0.394826] ACPI: Added _OSI(Linux-Lenovo-NV-HDMI-Audio)
[    0.395378] ACPI: Added _OSI(Linux-HPI-Hybrid-Graphics)
[    0.400678] ACPI: 1 ACPI AML tables successfully acquired and loaded
[    0.404016] ACPI: Interpreter enabled
[    0.404484] ACPI: PM: (supports S0 S3 S4 S5)
[    0.404940] ACPI: Using IOAPIC for interrupt routing
[    0.405485] PCI: Using host bridge windows from ACPI; if necessary, use "pci=nocrs" and report a bug
[    0.406419] ACPI: Enabled 2 GPEs in block 00 to 0F
[    0.420512] ACPI: PCI Root Bridge [PCI0] (domain 0000 [bus 00-ff])
[    0.421184] acpi PNP0A03:00: _OSC: OS supports [ASPM ClockPM Segments MSI EDR HPX-Type3]
[    0.421838] acpi PNP0A03:00: _OSC: not requesting OS control; OS requires [ExtendedConfig ASPM ClockPM MSI]
[    0.422866] acpi PNP0A03:00: fail to add MMCONFIG information, can't access extended PCI configuration space under this bridge.
[    0.425496] acpiphp: Slot [3] registered
[    0.425891] acpiphp: Slot [4] registered
[    0.426370] acpiphp: Slot [5] registered
[    0.426830] acpiphp: Slot [6] registered
[    0.427293] acpiphp: Slot [7] registered
[    0.427759] acpiphp: Slot [8] registered
[    0.428232] acpiphp: Slot [9] registered
[    0.428696] acpiphp: Slot [10] registered
[    0.429171] acpiphp: Slot [11] registered
[    0.429644] acpiphp: Slot [12] registered
[    0.429909] acpiphp: Slot [13] registered
[    0.430375] acpiphp: Slot [14] registered
[    0.430843] acpiphp: Slot [15] registered
[    0.431326] acpiphp: Slot [16] registered
[    0.431803] acpiphp: Slot [17] registered
[    0.432283] acpiphp: Slot [18] registered
[    0.432761] acpiphp: Slot [19] registered
[    0.433235] acpiphp: Slot [20] registered
[    0.433696] acpiphp: Slot [21] registered
[    0.433893] acpiphp: Slot [22] registered
[    0.434352] acpiphp: Slot [23] registered
[    0.434815] acpiphp: Slot [24] registered
[    0.435293] acpiphp: Slot [25] registered
[    0.435770] acpiphp: Slot [26] registered
[    0.436240] acpiphp: Slot [27] registered
[    0.436720] acpiphp: Slot [28] registered
[    0.437184] acpiphp: Slot [29] registered
[    0.437661] acpiphp: Slot [30] registered
[    0.437892] acpiphp: Slot [31] registered
[    0.438332] PCI host bridge to bus 0000:00
[    0.438750] pci_bus 0000:00: root bus resource [io  0x0000-0x0cf7 window]
[    0.439455] pci_bus 0000:00: root bus resource [io  0x0d00-0xffff window]
[    0.440138] pci_bus 0000:00: root bus resource [mem 0x000a0000-0x000bffff window]
[    0.440903] pci_bus 0000:00: root bus resource [mem 0x80000000-0xfebfffff window]
[    0.441668] pci_bus 0000:00: root bus resource [mem 0x100000000-0x17fffffff window]
[    0.441834] pci_bus 0000:00: root bus resource [bus 00-ff]
[    0.442458] pci 0000:00:00.0: [8086:1237] type 00 class 0x060000
[    0.446094] pci 0000:00:01.0: [8086:7000] type 00 class 0x060100
[    0.447367] pci 0000:00:01.1: [8086:7010] type 00 class 0x010180
[    0.449761] pci 0000:00:01.1: reg 0x20: [io  0xc040-0xc04f]
[    0.450824] pci 0000:00:01.1: legacy IDE quirk: reg 0x10: [io  0x01f0-0x01f7]
[    0.451556] pci 0000:00:01.1: legacy IDE quirk: reg 0x14: [io  0x03f6]
[    0.452224] pci 0000:00:01.1: legacy IDE quirk: reg 0x18: [io  0x0170-0x0177]
[    0.452924] pci 0000:00:01.1: legacy IDE quirk: reg 0x1c: [io  0x0376]
[    0.453867] pci 0000:00:01.3: [8086:7113] type 00 class 0x068000
[    0.454839] pci 0000:00:01.3: quirk: [io  0x0600-0x063f] claimed by PIIX4 ACPI
[    0.455578] pci 0000:00:01.3: quirk: [io  0x0700-0x070f] claimed by PIIX4 SMB
[    0.456830] pci 0000:00:02.0: [1234:1111] type 00 class 0x030000
[    0.458222] pci 0000:00:02.0: reg 0x10: [mem 0xfd000000-0xfdffffff pref]
[    0.460802] pci 0000:00:02.0: reg 0x18: [mem 0xfebf0000-0xfebf0fff]
[    0.465537] pci 0000:00:02.0: reg 0x30: [mem 0xfebe0000-0xfebeffff pref]
[    0.469339] pci 0000:00:03.0: [8086:100e] type 00 class 0x020000
[    0.470540] pci 0000:00:03.0: reg 0x10: [mem 0xfebc0000-0xfebdffff]
[    0.471886] pci 0000:00:03.0: reg 0x14: [io  0xc000-0xc03f]
[    0.475371] pci 0000:00:03.0: reg 0x30: [mem 0xfeb80000-0xfebbffff pref]
[    0.488771] ACPI: PCI: Interrupt link LNKA configured for IRQ 10
[    0.489747] ACPI: PCI: Interrupt link LNKB configured for IRQ 10
[    0.490304] ACPI: PCI: Interrupt link LNKC configured for IRQ 11
[    0.491248] ACPI: PCI: Interrupt link LNKD configured for IRQ 11
[    0.492012] ACPI: PCI: Interrupt link LNKS configured for IRQ 9
[    0.494097] iommu: Default domain type: Translated 
[    0.494479] iommu: DMA domain TLB invalidation policy: lazy mode 
[    0.495310] pci 0000:00:02.0: vgaarb: setting as boot VGA device
[    0.495310] pci 0000:00:02.0: vgaarb: VGA device added: decodes=io+mem,owns=io+mem,locks=none
[    0.495310] pci 0000:00:02.0: vgaarb: bridge control possible
[    0.495310] vgaarb: loaded
[    0.495485] SCSI subsystem initialized
[    0.498038] ACPI: bus type USB registered
[    0.498528] usbcore: registered new interface driver usbfs
[    0.499109] usbcore: registered new interface driver hub
[    0.499665] usbcore: registered new device driver usb
[    0.501837] pps_core: LinuxPPS API ver. 1 registered
[    0.502347] pps_core: Software ver. 5.3.6 - Copyright 2005-2007 Rodolfo Giometti <giometti@linux.it>
[    0.503259] PTP clock support registered
[    0.503713] EDAC MC: Ver: 3.0.0
[    0.503713] NetLabel: Initializing
[    0.503713] NetLabel:  domain hash size = 128
[    0.503713] NetLabel:  protocols = UNLABELED CIPSOv4 CALIPSO
[    0.503774] NetLabel:  unlabeled traffic allowed by default
[    0.505892] PCI: Using ACPI for IRQ routing
[    0.506564] hpet0: at MMIO 0xfed00000, IRQs 2, 8, 0
[    0.506796] hpet0: 3 comparators, 64-bit 100.000000 MHz counter
[    0.513953] clocksource: Switched to clocksource kvm-clock
[    0.569245] VFS: Disk quotas dquot_6.6.0
[    0.569699] VFS: Dquot-cache hash table entries: 512 (order 0, 4096 bytes)
[    0.570607] pnp: PnP ACPI init
[    0.572472] pnp: PnP ACPI: found 6 devices
[    0.581501] clocksource: acpi_pm: mask: 0xffffff max_cycles: 0xffffff, max_idle_ns: 2085701024 ns
[    0.582725] NET: Registered PF_INET protocol family
[    0.583463] IP idents hash table entries: 32768 (order: 6, 262144 bytes, linear)
[    0.616198] tcp_listen_portaddr_hash hash table entries: 1024 (order: 2, 16384 bytes, linear)
[    0.617107] TCP established hash table entries: 16384 (order: 5, 131072 bytes, linear)
[    0.618112] TCP bind hash table entries: 16384 (order: 6, 262144 bytes, linear)
[    0.619935] TCP: Hash tables configured (established 16384 bind 16384)
[    0.620768] UDP hash table entries: 1024 (order: 3, 32768 bytes, linear)
[    0.621699] UDP-Lite hash table entries: 1024 (order: 3, 32768 bytes, linear)
[    0.622578] NET: Registered PF_UNIX/PF_LOCAL protocol family
[    0.623552] RPC: Registered named UNIX socket transport module.
[    0.624148] RPC: Registered udp transport module.
[    0.624623] RPC: Registered tcp transport module.
[    0.625090] RPC: Registered tcp NFSv4.1 backchannel transport module.
[    0.625750] pci_bus 0000:00: resource 4 [io  0x0000-0x0cf7 window]
[    0.626388] pci_bus 0000:00: resource 5 [io  0x0d00-0xffff window]
[    0.626973] pci_bus 0000:00: resource 6 [mem 0x000a0000-0x000bffff window]
[    0.627653] pci_bus 0000:00: resource 7 [mem 0x80000000-0xfebfffff window]
[    0.628332] pci_bus 0000:00: resource 8 [mem 0x100000000-0x17fffffff window]
[    0.629234] pci 0000:00:01.0: PIIX3: Enabling Passive Release
[    0.629839] pci 0000:00:00.0: Limiting direct PCI/PCI transfers
[    0.630441] pci 0000:00:01.0: Activating ISA DMA hang workarounds
[    0.631135] pci 0000:00:02.0: Video device with shadowed ROM at [mem 0x000c0000-0x000dffff]
[    0.632001] PCI: CLS 0 bytes, default 64
[    0.632595] ACPI: bus type thunderbolt registered
[    0.633367] clocksource: tsc: mask: 0xffffffffffffffff max_cycles: 0x2cd5a8bb032, max_idle_ns: 440795365915 ns
[    3.318721] Initialise system trusted keyrings
[    3.319168] Key type blacklist registered
[    3.319663] workingset: timestamp_bits=36 max_order=19 bucket_order=0
[    3.328399] zbud: loaded
[    3.329937] squashfs: version 4.0 (2009/01/31) Phillip Lougher
[    3.331729] NFS: Registering the id_resolver key type
[    3.332365] Key type id_resolver registered
[    3.332877] Key type id_legacy registered
[    3.333476] nfs4filelayout_init: NFSv4 File Layout Driver Registering...
[    3.334321] nfs4flexfilelayout_init: NFSv4 Flexfile Layout Driver Registering...
[    3.335376] fuse: init (API version 7.35)
[    3.336166] SGI XFS with ACLs, security attributes, realtime, quota, no debug enabled
[    3.338502] 9p: Installing v9fs 9p2000 file system support
[    3.347584] Key type asymmetric registered
[    3.347950] Asymmetric key parser 'x509' registered
[    3.348455] Block layer SCSI generic (bsg) driver version 0.4 loaded (major 243)
[    3.349211] io scheduler mq-deadline registered
[    3.349699] io scheduler bfq registered
[    3.350796] shpchp: Standard Hot Plug PCI Controller Driver version: 0.4
[    3.351523] IPMI message handler: version 39.2
[    3.351925] ipmi device interface
[    3.353173] input: Power Button as /devices/LNXSYSTM:00/LNXPWRBN:00/input/input0
[    3.353919] ACPI: button: Power Button [PWRF]
[    3.355033] ERST DBG: ERST support is disabled.
[    3.355735] Serial: 8250/16550 driver, 32 ports, IRQ sharing enabled
[    3.356645] 00:04: ttyS0 at I/O 0x3f8 (irq = 4, base_baud = 115200) is a 16550A
[    3.362907] Linux agpgart interface v0.103
[    3.363612] ACPI: bus type drm_connector registered
[    3.371466] brd: module loaded
[    3.375697] loop: module loaded
[    3.378448] scsi host0: ata_piix
[    3.379019] scsi host1: ata_piix
[    3.379387] ata1: PATA max MWDMA2 cmd 0x1f0 ctl 0x3f6 bmdma 0xc040 irq 14
[    3.379957] ata2: PATA max MWDMA2 cmd 0x170 ctl 0x376 bmdma 0xc048 irq 15
[    3.381241] libphy: Fixed MDIO Bus: probed
[    3.381782] tun: Universal TUN/TAP device driver, 1.6
[    3.382356] e100: Intel(R) PRO/100 Network Driver
[    3.382764] e100: Copyright(c) 1999-2006 Intel Corporation
[    3.383264] e1000: Intel(R) PRO/1000 Network Driver
[    3.383681] e1000: Copyright (c) 1999-2006 Intel Corporation.
[    3.468029] ACPI: \_SB_.LNKC: Enabled at IRQ 11
[    3.538784] ata2.00: ATAPI: QEMU DVD-ROM, 2.5+, max UDMA/100
[    3.539879] ata1.00: ATA-7: QEMU HARDDISK, 2.5+, max UDMA/100
[    3.540508] ata1.00: 16777216 sectors, multi 16: LBA48 
[    3.541235] ata1.00: Read log 0x00 page 0x00 failed, Emask 0x1
[    3.543080] scsi 0:0:0:0: Direct-Access     ATA      QEMU HARDDISK    2.5+ PQ: 0 ANSI: 5
[    3.544345] scsi 0:0:0:0: Attached scsi generic sg0 type 0
[    3.545256] sd 0:0:0:0: [sda] 16777216 512-byte logical blocks: (8.59 GB/8.00 GiB)
[    3.545874] scsi 1:0:0:0: CD-ROM            QEMU     QEMU DVD-ROM     2.5+ PQ: 0 ANSI: 5
[    3.546162] sd 0:0:0:0: [sda] Write Protect is off
[    3.547638] sd 0:0:0:0: [sda] Write cache: enabled, read cache: enabled, doesn't support DPO or FUA
[    3.547961] scsi 1:0:0:0: Attached scsi generic sg1 type 5
[    3.585977] sd 0:0:0:0: [sda] Attached SCSI disk
[    3.792679] e1000 0000:00:03.0 eth0: (PCI:33MHz:32-bit) 52:54:00:12:34:56
[    3.793283] e1000 0000:00:03.0 eth0: Intel(R) PRO/1000 Network Connection
[    3.793963] e1000e: Intel(R) PRO/1000 Network Driver
[    3.794380] e1000e: Copyright(c) 1999 - 2015 Intel Corporation.
[    3.794922] igb: Intel(R) Gigabit Ethernet Network Driver
[    3.795375] igb: Copyright (c) 2007-2014 Intel Corporation.
[    3.795923] PPP generic driver version 2.4.2
[    3.796519] VFIO - User Level meta-driver version: 0.3
[    3.796980] ehci_hcd: USB 2.0 'Enhanced' Host Controller (EHCI) Driver
[    3.797530] ehci-pci: EHCI PCI platform driver
[    3.797953] ehci-platform: EHCI generic platform driver
[    3.798399] ohci_hcd: USB 1.1 'Open' Host Controller (OHCI) Driver
[    3.798909] ohci-pci: OHCI PCI platform driver
[    3.799287] ohci-platform: OHCI generic platform driver
[    3.799735] uhci_hcd: USB Universal Host Controller Interface driver
[    3.800448] usbcore: registered new interface driver uas
[    3.800915] usbcore: registered new interface driver usb-storage
[    3.801481] i8042: PNP: PS/2 Controller [PNP0303:KBD,PNP0f13:MOU] at 0x60,0x64 irq 1,12
[    3.802743] serio: i8042 KBD port at 0x60,0x64 irq 1
[    3.803168] serio: i8042 AUX port at 0x60,0x64 irq 12
[    3.803872] mousedev: PS/2 mouse device common for all mice
[    3.804707] input: AT Translated Set 2 keyboard as /devices/platform/i8042/serio0/input/input1
[    3.806200] input: VirtualPS/2 VMware VMMouse as /devices/platform/i8042/serio1/input/input4
[    3.807124] rtc_cmos 00:05: RTC can wake from S4
[    3.807746] input: VirtualPS/2 VMware VMMouse as /devices/platform/i8042/serio1/input/input3
[    3.809070] rtc_cmos 00:05: registered as rtc0
[    3.809503] rtc_cmos 00:05: setting system clock to 2022-12-07T15:01:03 UTC (1670425263)
[    3.810295] rtc_cmos 00:05: alarms up to one day, y3k, 242 bytes nvram, hpet irqs
[    3.810945] i2c_dev: i2c /dev entries driver
[    3.811342] device-mapper: core: CONFIG_IMA_DISABLE_HTABLE is disabled. Duplicate IMA measurements will not be recorded in the IMA log.
[    3.812423] device-mapper: uevent: version 1.0.3
[    3.812985] device-mapper: ioctl: 4.45.0-ioctl (2021-03-22) initialised: dm-devel@redhat.com
[    3.813705] intel_pstate: CPU model not supported
[    3.814188] sdhci: Secure Digital Host Controller Interface driver
[    3.814718] sdhci: Copyright(c) Pierre Ossman
[    3.815164] sdhci-pltfm: SDHCI platform and OF driver helper
[    3.815690] ledtrig-cpu: registered to indicate activity on CPUs
[    3.816411] drop_monitor: Initializing network drop monitor service
[    3.817315] NET: Registered PF_INET6 protocol family
[    3.819609] Segment Routing with IPv6
[    3.819991] In-situ OAM (IOAM) with IPv6
[    3.820368] NET: Registered PF_PACKET protocol family
[    3.820992] 9pnet: Installing 9P2000 support
[    3.821414] Key type dns_resolver registered
[    3.822342] IPI shorthand broadcast: enabled
[    3.822790] sched_clock: Marking stable (3807428561, 14711129)->(3833368128, -11228438)
[    3.823790] registered taskstats version 1
[    3.824223] Loading compiled-in X.509 certificates
[    3.824884] zswap: loaded using pool lzo/zbud
[    3.826382] Key type ._fscrypt registered
[    3.826741] Key type .fscrypt registered
[    3.827077] Key type fscrypt-provisioning registered
[    3.828234] Key type encrypted registered
[    3.828630] ima: No TPM chip found, activating TPM-bypass!
[    3.829112] ima: Allocated hash algorithm: sha1
[    3.829518] ima: No architecture policies found
[    3.829966] evm: Initialising EVM extended attributes:
[    3.830413] evm: security.selinux
[    3.830701] evm: security.SMACK64
[    3.830989] evm: security.SMACK64EXEC
[    3.831305] evm: security.SMACK64TRANSMUTE
[    3.831657] evm: security.SMACK64MMAP
[    3.831981] evm: security.apparmor
[    3.832277] evm: security.ima
[    3.832537] evm: security.capability
[    3.832848] evm: HMAC attrs: 0x1
[    3.837193] PM:   Magic number: 2:116:32
[    3.837952] RAS: Correctable Errors collector initialized.
[    3.838760] md: Waiting for all devices to be available before autodetect
[    3.839353] md: If you don't use raid, use raid=noautodetect
[    3.839855] md: Autodetecting RAID arrays.
[    3.840227] md: autorun ...
[    3.840475] md: ... autorun DONE.
[    3.850005] EXT4-fs (sda): INFO: recovery required on readonly filesystem
[    3.850603] EXT4-fs (sda): write access will be enabled during recovery
[    3.914676] EXT4-fs (sda): recovery complete
[    3.938841] EXT4-fs (sda): mounted filesystem with ordered data mode. Opts: (null). Quota mode: none.
[    3.939658] VFS: Mounted root (ext4 filesystem) readonly on device 8:0.
[    3.941182] devtmpfs: mounted
[    3.953734] Freeing unused decrypted memory: 2036K
[    3.956066] Freeing unused kernel image (initmem) memory: 3144K
[    3.956572] Write protecting the kernel read-only data: 38912k
[    3.959516] Freeing unused kernel image (text/rodata gap) memory: 2028K
[    3.960673] Freeing unused kernel image (rodata/data gap) memory: 600K
[    4.050346] x86/mm: Checked W+X mappings: passed, no W+X pages found.
[    4.050911] Run /sbin/init as init process
[    4.064671] random: fast init done
[    4.198492] systemd[1]: RTC configured in localtime, applying delta of 0 minutes to system time.
[    4.252973] systemd[1]: systemd 239 (239-49.el8) running in system mode. (+PAM +AUDIT +SELINUX +IMA -APPARMOR +SMACK +SYSVINIT +UTMP +LIBCRYPTSETUP +GCRYPT +GNUTLS +ACL +XZ +LZ4 +SECCOMP +BLKID +ELFUTILS +KMOD +IDN2 -IDN +PCRE2 default-hierarchy=legacy)
[    4.254913] systemd[1]: Detected virtualization kvm.
[    4.255336] systemd[1]: Detected architecture x86-64.

Welcome to [0;31mCentOS Stream 8[0m!

[    4.271973] systemd[1]: Set hostname to <test>.
[    4.399329] random: lvmconfig: uninitialized urandom read (4 bytes read)
[    4.699383] random: systemd: uninitialized urandom read (16 bytes read)
[    4.700130] systemd[1]: Listening on udev Kernel Socket.
[[0;32m  OK  [0m] Listening on udev Kernel Socket.
[    4.701340] random: systemd: uninitialized urandom read (16 bytes read)
[    4.702045] systemd[1]: Listening on initctl Compatibility Named Pipe.
[[0;32m  OK  [0m] Listening on initctl Compatibility Named Pipe.
[    4.704875] systemd[1]: Created slice system-getty.slice.
[[0;32m  OK  [0m] Created slice system-getty.slice.
[    4.706053] systemd[1]: Started Forward Password Requests to Wall Directory Watch.
[[0;32m  OK  [0m] Started Forward Password Requests to Wall Directory Watch.
[    4.708003] systemd[1]: Created slice User and Session Slice.
[[0;32m  OK  [0m] Created slice User and Session Slice.
[    4.709316] systemd[1]: Listening on Journal Socket (/dev/log).
[[0;32m  OK  [0m] Listening on Journal Socket (/dev/log).
[[0;32m  OK  [0m] Listening on Device-mapper event daemon FIFOs.
[[0;32m  OK  [0m] Listening on udev Control Socket.
[[0;32m  OK  [0m] Created slice system-sshd\x2dkeygen.slice.
[[0;32m  OK  [0m] Listening on LVM2 poll daemon socket.
[[0;32m  OK  [0m] Set up automount Arbitrary Executabâ€¦rmats File System Automount Point.
[[0;32m  OK  [0m] Listening on multipathd control socket.
[[0;32m  OK  [0m] Listening on Process Core Dump Socket.
[[0;32m  OK  [0m] Reached target Swap.
[[0;32m  OK  [0m] Listening on RPCbind Server Activation Socket.
[[0;32m  OK  [0m] Reached target RPC Port Mapper.
[[0;32m  OK  [0m] Listening on Journal Socket.
         Starting udev Coldplug all Devices...
         Starting Journal Service...
         Starting Monitoring of LVM2 mirrorsâ€¦ng dmeventd or progress polling...
         Starting Setup Virtual Console...
         Starting Load Kernel Modules...
         Mounting Huge Pages File System...
         Starting Remount Root and Kernel File Systems...
[[0;32m  OK  [0m] Created slice system-serial\x2dgetty.slice.
         Mounting Kernel Debug File System...
         Mounting POSIX Message Queue File System...
[[0;32m  OK  [0m] Reached target Slices.
[[0;1;31mFAILED[0m] Failed to start Load Kernel Modules.
See 'systemctl status systemd-modules-load.service' for details.
[[0;32m  OK  [0m] Mounted Huge Pages File System.
[[0;32m  OK  [0m] Mounted Kernel Debug File System.
[[0;32m  OK  [0m] Mounted POSIX Message Queue File System.
         Mounting FUSE Control File System...
         Mounting Kernel Configuration File System...
         Starting Apply Kernel Variables...
[[0;32m  OK  [0m] Started Journal Service.
[[0;32m  OK  [0m] Mounted FUSE Control File System.
[[0;32m  OK  [0m] Mounted Kernel Configuration File System.
[[0;32m  OK  [0m] Started Apply Kernel Variables.
[[0;32m  OK  [0m] Started udev Coldplug all Devices.
         Starting udev Wait for Complete Device Initialization...
[    5.065677] EXT4-fs (sda): re-mounted. Opts: (null). Quota mode: none.
[[0;32m  OK  [0m] Started Remount Root and Kernel File Systems.
         Starting Load/Save Random Seed...
         Starting Create Static Device Nodes in /dev...
         Starting Flush Journal to Persistent Storage...
[[0;32m  OK  [0m] Started Setup Virtual Console.
[[0;32m  OK  [0m] Started Load/Save Random Seed.
[[0;32m  OK  [0m] Started Flush Journal to Persistent Storage.
[[0;32m  OK  [0m] Started Create Static Device Nodes in /dev.
         Starting udev Kernel Device Manager...
[[0;32m  OK  [0m] Started udev Kernel Device Manager.
         Starting Show Plymouth Boot Screen...
[[0;32m  OK  [0m] Started Show Plymouth Boot Screen.
[[0;32m  OK  [0m] Started Forward Password Requests to Plymouth Directory Watch.
[[0;32m  OK  [0m] Reached target Paths.
[[0;32m  OK  [0m] Reached target Local Encrypted Volumes.
[[0;32m  OK  [0m] Found device /dev/ttyS0.
[[0;32m  OK  [0m] Listening on Load/Save RF Kill Switch Status /dev/rfkill Watch.
[[0;32m  OK  [0m] Started Monitoring of LVM2 mirrors,â€¦sing dmeventd or progress polling.
[[0;32m  OK  [0m] Started udev Wait for Complete Device Initialization.
[[0;32m  OK  [0m] Reached target Local File Systems (Pre).
[[0;32m  OK  [0m] Reached target Local File Systems.
         Starting Create Volatile Files and Directories...
         Starting Restore /run/initramfs on shutdown...
         Starting Tell Plymouth To Write Out Runtime Data...
[[0;32m  OK  [0m] Started Restore /run/initramfs on shutdown.
[[0;32m  OK  [0m] Started Tell Plymouth To Write Out Runtime Data.
[[0;32m  OK  [0m] Started Create Volatile Files and Directories.
         Starting RPC Bind...
         Starting Security Auditing Service...
         Mounting RPC Pipe File System...
[[0;32m  OK  [0m] Mounted RPC Pipe File System.
[[0;32m  OK  [0m] Reached target rpc_pipefs.target.
[[0;32m  OK  [0m] Started RPC Bind.
[[0;32m  OK  [0m] Started Security Auditing Service.
         Starting Update UTMP about System Boot/Shutdown...
[[0;32m  OK  [0m] Started Update UTMP about System Boot/Shutdown.
[[0;32m  OK  [0m] Reached target System Initialization.
[[0;32m  OK  [0m] Started dnf makecache --timer.
[[0;32m  OK  [0m] Listening on SSSD Kerberos Cache Manager responder socket.
[[0;32m  OK  [0m] Listening on D-Bus System Message Bus Socket.
[[0;32m  OK  [0m] Reached target Sockets.
[[0;32m  OK  [0m] Started Daily Cleanup of Temporary Directories.
[[0;32m  OK  [0m] Started daily update of the root trust anchor for DNSSEC.
[[0;32m  OK  [0m] Reached target Timers.
[[0;32m  OK  [0m] Reached target Basic System.
         Starting Login Service...
[[0;32m  OK  [0m] Started irqbalance daemon.
[[0;32m  OK  [0m] Started D-Bus System Message Bus.
         Starting Authorization Manager...
         Starting Self Monitoring and Reporting Technology (SMART) Daemon...
         Starting NTP client/server...
         Starting Network Manager...
[[0;32m  OK  [0m] Started Machine Check Exception Logging Daemon.
         Starting Auto-connect to subsystemsâ€¦-NVME devices found during boot...
[[0;32m  OK  [0m] Reached target sshd-keygen.target.
[[0;32m  OK  [0m] Started Auto-connect to subsystems â€¦FC-NVME devices found during boot.
         Starting update of the root trust aâ€¦or DNSSEC validation in unbound...
[[0;32m  OK  [0m] Started Self Monitoring and Reporting Technology (SMART) Daemon.
[[0;32m  OK  [0m] Started Login Service.
[[0;32m  OK  [0m] Started NTP client/server.
[[0;32m  OK  [0m] Started Network Manager.
         Starting Network Manager Wait Online...
[[0;32m  OK  [0m] Reached target Network.
         Starting OpenSSH server daemon...
         Starting GSSAPI Proxy Daemon...
         Starting Dynamic System Tuning Daemon...
         Starting Hostname Service...
[[0;32m  OK  [0m] Started Authorization Manager.
[[0;32m  OK  [0m] Started Hostname Service.
         Starting Network Manager Script Dispatcher Service...
[[0;32m  OK  [0m] Started Network Manager Script Dispatcher Service.
[    6.478089] e1000: eth0 NIC Link is Up 1000 Mbps Full Duplex, Flow Control: RX
[    6.479127] IPv6: ADDRCONF(NETDEV_CHANGE): eth0: link becomes ready
[[0;32m  OK  [0m] Started Dynamic System Tuning Daemon.
[    7.421858] random: crng init done
[    7.422181] random: 7 urandom warning(s) missed due to ratelimiting
[[0;32m  OK  [0m] Started OpenSSH server daemon.
[[0;32m  OK  [0m] Started update of the root trust anâ€¦ for DNSSEC validation in unbound.
[[0;32m  OK  [0m] Started GSSAPI Proxy Daemon.
[[0;32m  OK  [0m] Reached target NFS client services.
[[0;32m  OK  [0m] Reached target Remote File Systems (Pre).
[[0;32m  OK  [0m] Reached target Remote File Systems.
         Starting Permit User Sessions...
[[0;32m  OK  [0m] Started Permit User Sessions.
[[0;32m  OK  [0m] Started Command Scheduler.
         Starting Terminate Plymouth Boot Screen...
         Starting Hold until boot process finishes up...

CentOS Stream 8
Kernel 5.16.0-rc5-f2b551fad8d8+ on an x86_64

test login: [   28.906943] perf: interrupt took too long (2591 > 2500), lowering kernel.perf_event_max_sample_rate to 77000
[   29.118157] perf: interrupt took too long (3392 > 3238), lowering kernel.perf_event_max_sample_rate to 58750
[   29.285555] perf: interrupt took too long (4310 > 4240), lowering kernel.perf_event_max_sample_rate to 46250
[   29.669354] perf: interrupt took too long (5434 > 5387), lowering kernel.perf_event_max_sample_rate to 36750
[   30.298414] perf: interrupt took too long (6812 > 6792), lowering kernel.perf_event_max_sample_rate to 29250
[   32.119587] perf: interrupt took too long (8613 > 8515), lowering kernel.perf_event_max_sample_rate to 23000
[   33.993659] perf: interrupt took too long (10812 > 10766), lowering kernel.perf_event_max_sample_rate to 18250
[   36.529734] perf: interrupt took too long (13585 > 13515), lowering kernel.perf_event_max_sample_rate to 14500
[   40.033256] perf: interrupt took too long (17011 > 16981), lowering kernel.perf_event_max_sample_rate to 11750
[   76.343387] Pid 2975(repro) over core_pipe_limit
[   76.343914] Skipping core dump
[   76.387152] Pid 2977(repro) over core_pipe_limit
[   76.387669] Skipping core dump
[   76.426098] Pid 2979(repro) over core_pipe_limit
[   76.426628] Skipping core dump
[   76.481947] Pid 2980(repro) over core_pipe_limit
[   76.482491] Skipping core dump
[   76.533625] Pid 2981(repro) over core_pipe_limit
[   76.534168] Skipping core dump
[   82.716260] Pid 3324(repro) over core_pipe_limit
[   82.716840] Skipping core dump
[   82.848346] Pid 3333(repro) over core_pipe_limit
[   82.848886] Skipping core dump
[   82.887959] Pid 3336(repro) over core_pipe_limit
[   82.888554] Skipping core dump
[   82.945345] Pid 3338(repro) over core_pipe_limit
[   82.945869] Skipping core dump
[   82.994392] Pid 3340(repro) over core_pipe_limit
[   82.994929] Skipping core dump
[   83.121014] Pid 3349(repro) over core_pipe_limit
[   83.121573] Skipping core dump
[   83.250645] Pid 3359(repro) over core_pipe_limit
[   83.251356] Skipping core dump
[   83.317059] Pid 3362(repro) over core_pipe_limit
[   83.317605] Skipping core dump
[   83.369956] Pid 3364(repro) over core_pipe_limit
[   83.370497] Skipping core dump
[   83.417113] Pid 3366(repro) over core_pipe_limit
[   83.417654] Skipping core dump
[   83.468145] Pid 3368(repro) over core_pipe_limit
[   83.468698] Skipping core dump
[   83.515227] Pid 3370(repro) over core_pipe_limit
[   83.515773] Skipping core dump
[   83.566996] Pid 3372(repro) over core_pipe_limit
[   83.567539] Skipping core dump
[   83.622230] Pid 3374(repro) over core_pipe_limit
[   83.622764] Skipping core dump
[   83.668388] Pid 3375(repro) over core_pipe_limit
[   83.668915] Skipping core dump
[   83.726572] Pid 3376(repro) over core_pipe_limit
[   83.727091] Skipping core dump
[  100.030980] Pid 4227(repro) over core_pipe_limit
[  100.031521] Skipping core dump
[  100.204989] Pid 4241(repro) over core_pipe_limit
[  100.205536] Skipping core dump
[  100.323849] Pid 4250(repro) over core_pipe_limit
[  100.324373] Skipping core dump
[  100.370204] Pid 4253(repro) over core_pipe_limit
[  100.370746] Skipping core dump
[  100.501552] Pid 4262(repro) over core_pipe_limit
[  100.502098] Skipping core dump
[  100.548619] Pid 4265(repro) over core_pipe_limit
[  100.549137] Skipping core dump
[  100.594516] Pid 4267(repro) over core_pipe_limit
[  100.595046] Skipping core dump
[  100.638182] Pid 4269(repro) over core_pipe_limit
[  100.638723] Skipping core dump
[  100.688327] Pid 4270(repro) over core_pipe_limit
[  100.688842] Skipping core dump
[  100.746008] Pid 4271(repro) over core_pipe_limit
[  100.746552] Skipping core dump
[  100.833994] Pid 4273(repro) over core_pipe_limit
[  100.834512] Skipping core dump
[  123.969810] Pid 5485(repro) over core_pipe_limit
[  123.970512] Skipping core dump
[  124.097990] Pid 5495(repro) over core_pipe_limit
[  124.098655] Skipping core dump
[  124.143608] Pid 5498(repro) over core_pipe_limit
[  124.144280] Skipping core dump
[  124.190940] Pid 5500(repro) over core_pipe_limit
[  124.191576] Skipping core dump
[  124.243861] Pid 5502(repro) over core_pipe_limit
[  124.244483] Skipping core dump
[  124.297177] Pid 5503(repro) over core_pipe_limit
[  124.297930] Skipping core dump
[  124.385110] Pid 5504(repro) over core_pipe_limit
[  124.385589] Skipping core dump
[  124.435566] Pid 5505(repro) over core_pipe_limit
[  124.436049] Skipping core dump
[  124.613256] Pid 5517(repro) over core_pipe_limit
[  124.613798] Skipping core dump
[  124.654430] Pid 5519(repro) over core_pipe_limit
[  124.654904] Skipping core dump
[  124.701950] Pid 5521(repro) over core_pipe_limit
[  124.702453] Skipping core dump
[  124.749529] Pid 5523(repro) over core_pipe_limit
[  124.750040] Skipping core dump
[  124.792560] Pid 5525(repro) over core_pipe_limit
[  124.793039] Skipping core dump
[  124.835227] Pid 5527(repro) over core_pipe_limit
[  124.835728] Skipping core dump
[  124.887242] Pid 5529(repro) over core_pipe_limit
[  124.887810] Skipping core dump
[  124.938808] Pid 5531(repro) over core_pipe_limit
[  124.939299] Skipping core dump
[  124.991920] Pid 5533(repro) over core_pipe_limit
[  124.992412] Skipping core dump
[  125.112067] Pid 5543(repro) over core_pipe_limit
[  125.112561] Skipping core dump
[  125.376196] Pid 5568(repro) over core_pipe_limit
[  125.376833] Skipping core dump
[  125.445541] Pid 5569(repro) over core_pipe_limit
[  125.446190] Skipping core dump
[  125.522426] Pid 5571(repro) over core_pipe_limit
[  125.523057] Skipping core dump
[  125.596538] Pid 5572(repro) over core_pipe_limit
[  125.597196] Skipping core dump
[  148.543416] Pid 6767(repro) over core_pipe_limit
[  148.543916] Skipping core dump
[  148.602871] Pid 6770(repro) over core_pipe_limit
[  148.603410] Skipping core dump
