c[?7l[2J[0mSeaBIOS (version rel-1.16.0-0-gd239552ce722-prebuilt.qemu.org)


iPXE (http://ipxe.org) 00:03.0 CA00 PCI2.10 PnP PMM+7FF91000+7FEF1000 CA00
Press Ctrl-B to configure iPXE (PCI 00:03.0)...                                                                               


Booting from ROM..c[?7l[2J[0m.[    0.000000] Linux version 6.3.0-rc4-197b6b60ae7b+ (root@p-adln01) (gcc (GCC) 8.5.0 20210514 (Red Hat 8.5.0-18), GNU ld version 2.36.1-2.el8) #1 SMP PREEMPT_DYNAMIC Mon Mar 27 13:04:50 CST 2023
[    0.000000] Command line: console=ttyS0 root=/dev/sda earlyprintk=serial net.ifnames=0
[    0.000000] KERNEL supported cpus:
[    0.000000]   Intel GenuineIntel
[    0.000000]   AMD AuthenticAMD
[    0.000000]   Hygon HygonGenuine
[    0.000000]   Centaur CentaurHauls
[    0.000000]   zhaoxin   Shanghai  
[    0.000000] x86/fpu: Supporting XSAVE feature 0x001: 'x87 floating point registers'
[    0.000000] x86/fpu: Supporting XSAVE feature 0x002: 'SSE registers'
[    0.000000] x86/fpu: Supporting XSAVE feature 0x004: 'AVX registers'
[    0.000000] x86/fpu: Supporting XSAVE feature 0x200: 'Protection Keys User registers'
[    0.000000] x86/fpu: xstate_offset[2]:  576, xstate_sizes[2]:  256
[    0.000000] x86/fpu: xstate_offset[9]:  832, xstate_sizes[9]:    8
[    0.000000] x86/fpu: Enabled xstate features 0x207, context size is 840 bytes, using 'compacted' format.
[    0.000000] signal: max sigframe size: 3632
[    0.000000] BIOS-provided physical RAM map:
[    0.000000] BIOS-e820: [mem 0x0000000000000000-0x000000000009fbff] usable
[    0.000000] BIOS-e820: [mem 0x000000000009fc00-0x000000000009ffff] reserved
[    0.000000] BIOS-e820: [mem 0x00000000000f0000-0x00000000000fffff] reserved
[    0.000000] BIOS-e820: [mem 0x0000000000100000-0x000000007ffdffff] usable
[    0.000000] BIOS-e820: [mem 0x000000007ffe0000-0x000000007fffffff] reserved
[    0.000000] BIOS-e820: [mem 0x00000000feffc000-0x00000000feffffff] reserved
[    0.000000] BIOS-e820: [mem 0x00000000fffc0000-0x00000000ffffffff] reserved
[    0.000000] printk: bootconsole [earlyser0] enabled
[    0.000000] NX (Execute Disable) protection: active
[    0.000000] SMBIOS 2.8 present.
[    0.000000] DMI: QEMU Standard PC (i440FX + PIIX, 1996), BIOS rel-1.16.0-0-gd239552ce722-prebuilt.qemu.org 04/01/2014
[    0.000000] Hypervisor detected: KVM
[    0.000000] kvm-clock: Using msrs 4b564d01 and 4b564d00
[    0.000004] kvm-clock: using sched offset of 504766322 cycles
[    0.000629] clocksource: kvm-clock: mask: 0xffffffffffffffff max_cycles: 0x1cd42e4dffb, max_idle_ns: 881590591483 ns
[    0.002550] tsc: Detected 1804.800 MHz processor
[    0.004000] last_pfn = 0x7ffe0 max_arch_pfn = 0x400000000
[    0.004000] x86/PAT: Configuration [0-7]: WB  WC  UC- UC  WB  WP  UC- WT  
[    0.004000] found SMP MP-table at [mem 0x000f5ba0-0x000f5baf]
[    0.004000] Using GB pages for direct mapping
[    0.004000] ACPI: Early table checksum verification disabled
[    0.004000] ACPI: RSDP 0x00000000000F59C0 000014 (v00 BOCHS )
[    0.004000] ACPI: RSDT 0x000000007FFE1951 000034 (v01 BOCHS  BXPC     00000001 BXPC 00000001)
[    0.004000] ACPI: FACP 0x000000007FFE17FD 000074 (v01 BOCHS  BXPC     00000001 BXPC 00000001)
[    0.004000] ACPI: DSDT 0x000000007FFE0040 0017BD (v01 BOCHS  BXPC     00000001 BXPC 00000001)
[    0.004000] ACPI: FACS 0x000000007FFE0000 000040
[    0.004000] ACPI: APIC 0x000000007FFE1871 000080 (v01 BOCHS  BXPC     00000001 BXPC 00000001)
[    0.004000] ACPI: HPET 0x000000007FFE18F1 000038 (v01 BOCHS  BXPC     00000001 BXPC 00000001)
[    0.004000] ACPI: WAET 0x000000007FFE1929 000028 (v01 BOCHS  BXPC     00000001 BXPC 00000001)
[    0.004000] ACPI: Reserving FACP table memory at [mem 0x7ffe17fd-0x7ffe1870]
[    0.004000] ACPI: Reserving DSDT table memory at [mem 0x7ffe0040-0x7ffe17fc]
[    0.004000] ACPI: Reserving FACS table memory at [mem 0x7ffe0000-0x7ffe003f]
[    0.004000] ACPI: Reserving APIC table memory at [mem 0x7ffe1871-0x7ffe18f0]
[    0.004000] ACPI: Reserving HPET table memory at [mem 0x7ffe18f1-0x7ffe1928]
[    0.004000] ACPI: Reserving WAET table memory at [mem 0x7ffe1929-0x7ffe1950]
[    0.004000] No NUMA configuration found
[    0.004000] Faking a node at [mem 0x0000000000000000-0x000000007ffdffff]
[    0.004000] NODE_DATA(0) allocated [mem 0x7ffb5000-0x7ffdffff]
[    0.004000] Zone ranges:
[    0.004000]   DMA      [mem 0x0000000000001000-0x0000000000ffffff]
[    0.004000]   DMA32    [mem 0x0000000001000000-0x000000007ffdffff]
[    0.004000]   Normal   empty
[    0.004000]   Device   empty
[    0.004000] Movable zone start for each node
[    0.004000] Early memory node ranges
[    0.004000]   node   0: [mem 0x0000000000001000-0x000000000009efff]
[    0.004000]   node   0: [mem 0x0000000000100000-0x000000007ffdffff]
[    0.004000] Initmem setup node 0 [mem 0x0000000000001000-0x000000007ffdffff]
[    0.004000] On node 0, zone DMA: 1 pages in unavailable ranges
[    0.004000] On node 0, zone DMA: 97 pages in unavailable ranges
[    0.004000] On node 0, zone DMA32: 32 pages in unavailable ranges
[    0.004000] ACPI: PM-Timer IO Port: 0x608
[    0.004000] ACPI: LAPIC_NMI (acpi_id[0xff] dfl dfl lint[0x1])
[    0.004000] IOAPIC[0]: apic_id 0, version 17, address 0xfec00000, GSI 0-23
[    0.004000] ACPI: INT_SRC_OVR (bus 0 bus_irq 0 global_irq 2 dfl dfl)
[    0.004000] ACPI: INT_SRC_OVR (bus 0 bus_irq 5 global_irq 5 high level)
[    0.004000] ACPI: INT_SRC_OVR (bus 0 bus_irq 9 global_irq 9 high level)
[    0.004000] ACPI: INT_SRC_OVR (bus 0 bus_irq 10 global_irq 10 high level)
[    0.004000] ACPI: INT_SRC_OVR (bus 0 bus_irq 11 global_irq 11 high level)
[    0.004000] ACPI: Using ACPI (MADT) for SMP configuration information
[    0.004000] ACPI: HPET id: 0x8086a201 base: 0xfed00000
[    0.004000] TSC deadline timer available
[    0.004000] smpboot: Allowing 2 CPUs, 0 hotplug CPUs
[    0.004000] kvm-guest: KVM setup pv remote TLB flush
[    0.004000] kvm-guest: setup PV sched yield
[    0.004000] PM: hibernation: Registered nosave memory: [mem 0x00000000-0x00000fff]
[    0.004000] PM: hibernation: Registered nosave memory: [mem 0x0009f000-0x0009ffff]
[    0.004000] PM: hibernation: Registered nosave memory: [mem 0x000a0000-0x000effff]
[    0.004000] PM: hibernation: Registered nosave memory: [mem 0x000f0000-0x000fffff]
[    0.004000] [mem 0x80000000-0xfeffbfff] available for PCI devices
[    0.004000] Booting paravirtualized kernel on KVM
[    0.004000] clocksource: refined-jiffies: mask: 0xffffffff max_cycles: 0xffffffff, max_idle_ns: 7645519600211568 ns
[    0.004000] setup_percpu: NR_CPUS:8192 nr_cpumask_bits:2 nr_cpu_ids:2 nr_node_ids:1
[    0.004000] percpu: Embedded 65 pages/cpu s229376 r8192 d28672 u1048576
[    0.004000] kvm-guest: PV spinlocks enabled
[    0.004000] PV qspinlock hash table entries: 256 (order: 0, 4096 bytes, linear)
[    0.004000] Fallback order for Node 0: 0 
[    0.004000] Built 1 zonelists, mobility grouping on.  Total pages: 515808
[    0.004000] Policy zone: DMA32
[    0.004000] Kernel command line: net.ifnames=0 console=ttyS0 root=/dev/sda earlyprintk=serial net.ifnames=0
[    0.004000] random: crng init done
[    0.004000] Dentry cache hash table entries: 262144 (order: 9, 2097152 bytes, linear)
[    0.004000] Inode-cache hash table entries: 131072 (order: 8, 1048576 bytes, linear)
[    0.004000] mem auto-init: stack:off, heap alloc:off, heap free:off
[    0.004000] Memory: 1966944K/2096632K available (34816K kernel code, 4578K rwdata, 9804K rodata, 10400K init, 31852K bss, 129432K reserved, 0K cma-reserved)
[    0.004000] SLUB: HWalign=64, Order=0-3, MinObjects=0, CPUs=2, Nodes=1
[    0.004000] kmemleak: Kernel memory leak detector disabled
[    0.004000] ftrace: allocating 68797 entries in 269 pages
[    0.004000] ftrace: allocated 269 pages with 4 groups
[    0.004000] Dynamic Preempt: voluntary
[    0.004000] Running RCU self tests
[    0.004000] Running RCU synchronous self tests
[    0.004000] rcu: Preemptible hierarchical RCU implementation.
[    0.004000] rcu: 	RCU lockdep checking is enabled.
[    0.004000] rcu: 	RCU restricting CPUs from NR_CPUS=8192 to nr_cpu_ids=2.
[    0.004000] 	Trampoline variant of Tasks RCU enabled.
[    0.004000] 	Rude variant of Tasks RCU enabled.
[    0.004000] 	Tracing variant of Tasks RCU enabled.
[    0.004000] rcu: RCU calculated value of scheduler-enlistment delay is 25 jiffies.
[    0.004000] rcu: Adjusting geometry for rcu_fanout_leaf=16, nr_cpu_ids=2
[    0.004000] Running RCU synchronous self tests
[    0.004000] NR_IRQS: 524544, nr_irqs: 440, preallocated irqs: 16
[    0.004000] rcu: srcu_init: Setting srcu_struct sizes based on contention.
[    0.004000] Console: colour VGA+ 80x25
[    0.004000] printk: console [ttyS0] enabled
[    0.004000] printk: console [ttyS0] enabled
[    0.004000] printk: bootconsole [earlyser0] disabled
[    0.004000] printk: bootconsole [earlyser0] disabled
[    0.004000] Lock dependency validator: Copyright (c) 2006 Red Hat, Inc., Ingo Molnar
[    0.004000] ... MAX_LOCKDEP_SUBCLASSES:  8
[    0.004000] ... MAX_LOCK_DEPTH:          48
[    0.004000] ... MAX_LOCKDEP_KEYS:        8192
[    0.004000] ... CLASSHASH_SIZE:          4096
[    0.004000] ... MAX_LOCKDEP_ENTRIES:     32768
[    0.004000] ... MAX_LOCKDEP_CHAINS:      65536
[    0.004000] ... CHAINHASH_SIZE:          32768
[    0.004000]  memory used by lock dependency info: 6365 kB
[    0.004000]  memory used for stack traces: 4224 kB
[    0.004000]  per task-struct memory footprint: 1920 bytes
[    0.004000] ACPI: Core revision 20221020
[    0.004000] clocksource: hpet: mask: 0xffffffff max_cycles: 0xffffffff, max_idle_ns: 19112604467 ns
[    0.004000] APIC: Switch to symmetric I/O mode setup
[    0.004000] x2apic enabled
[    0.004000] Switched APIC routing to physical x2apic.
[    0.004000] kvm-guest: setup PV IPIs
[    0.004000] ..TIMER: vector=0x30 apic1=0 pin1=2 apic2=-1 pin2=-1
[    0.004000] clocksource: tsc-early: mask: 0xffffffffffffffff max_cycles: 0x1a03dfe73b3, max_idle_ns: 440795256845 ns
[    0.236253] Calibrating delay loop (skipped) preset value.. 3609.60 BogoMIPS (lpj=7219200)
[    0.237337] pid_max: default: 32768 minimum: 301
[    0.240328] LSM: initializing lsm=capability,yama,integrity
[    0.241099] Yama: becoming mindful.
[    0.241845] Mount-cache hash table entries: 4096 (order: 3, 32768 bytes, linear)
[    0.242868] Mountpoint-cache hash table entries: 4096 (order: 3, 32768 bytes, linear)
[    0.247897] x86/cpu: User Mode Instruction Prevention (UMIP) activated
[    0.248989] Last level iTLB entries: 4KB 0, 2MB 0, 4MB 0
[    0.249749] Last level dTLB entries: 4KB 0, 2MB 0, 4MB 0, 1GB 0
[    0.250562] Spectre V1 : Mitigation: usercopy/swapgs barriers and __user pointer sanitization
[    0.252275] Spectre V2 : WARNING: Unprivileged eBPF is enabled with eIBRS on, data leaks possible via Spectre v2 BHB attacks!
[    0.253666] Spectre V2 : Mitigation: Enhanced / Automatic IBRS
[    0.254379] Spectre V2 : Spectre v2 / SpectreRSB mitigation: Filling RSB on context switch
[    0.255425] Spectre V2 : Spectre v2 / PBRSB-eIBRS: Retire a single CALL on VMEXIT
[    0.256247] Spectre V2 : mitigation: Enabling conditional Indirect Branch Prediction Barrier
[    0.257285] Speculative Store Bypass: Mitigation: Speculative Store Bypass disabled via prctl
[    0.258312] MMIO Stale Data: Unknown: No mitigations
[    0.388264] Freeing SMP alternatives memory: 56K
[    0.388905] Running RCU synchronous self tests
[    0.389460] Running RCU synchronous self tests
[    0.390594] smpboot: CPU0: Intel(R) Core(TM) i3-N305 (family: 0x6, model: 0xbe, stepping: 0x0)
[    0.392231] cblist_init_generic: Setting adjustable number of callback queues.
[    0.392231] cblist_init_generic: Setting shift to 1 and lim to 1.
[    0.392231] cblist_init_generic: Setting shift to 1 and lim to 1.
[    0.392330] cblist_init_generic: Setting shift to 1 and lim to 1.
[    0.393216] Running RCU-tasks wait API self tests
[    0.496458] Performance Events: Gracemont events, full-width counters, Intel PMU driver.
[    0.497537] ... version:                2
[    0.498036] ... bit width:              48
[    0.498523] ... generic registers:      6
[    0.498999] ... value mask:             0000ffffffffffff
[    0.499622] ... max period:             00007fffffffffff
[    0.500241] ... fixed-purpose events:   3
[    0.500717] ... event mask:             000000070000003f
[    0.502052] rcu: Hierarchical SRCU implementation.
[    0.502626] rcu: 	Max phase no-delay instances is 1000.
[    0.505086] Callback from call_rcu_tasks_trace() invoked.
[    0.506130] smp: Bringing up secondary CPUs ...
[    0.507346] x86: Booting SMP configuration:
[    0.507865] .... node  #0, CPUs:      #1
[    0.508407] smp: Brought up 1 node, 2 CPUs
[    0.509398] smpboot: Max logical packages: 1
[    0.509907] smpboot: Total of 2 processors activated (7219.20 BogoMIPS)
[    0.516353] devtmpfs: initialized
[    0.517074] x86/mm: Memory block size: 128MB
[    0.520627] Running RCU synchronous self tests
[    0.521180] Running RCU synchronous self tests
[    0.521755] clocksource: jiffies: mask: 0xffffffff max_cycles: 0xffffffff, max_idle_ns: 7645041785100000 ns
[    0.522900] futex hash table entries: 512 (order: 4, 65536 bytes, linear)
[    0.524085] pinctrl core: initialized pinctrl subsystem
[    0.524936] 
[    0.525136] *************************************************************
[    0.525936] **     NOTICE NOTICE NOTICE NOTICE NOTICE NOTICE NOTICE    **
[    0.526728] **                                                         **
[    0.527524] **  IOMMU DebugFS SUPPORT HAS BEEN ENABLED IN THIS KERNEL  **
[    0.528239] **                                                         **
[    0.529041] ** This means that this kernel is built to expose internal **
[    0.529850] ** IOMMU data structures, which may compromise security on **
[    0.530647] ** your system.                                            **
[    0.531452] **                                                         **
[    0.532244] ** If you see this message and you are not debugging the   **
[    0.533037] ** kernel, report this immediately to your vendor!         **
[    0.533829] **                                                         **
[    0.534623] **     NOTICE NOTICE NOTICE NOTICE NOTICE NOTICE NOTICE    **
[    0.535425] *************************************************************
[    0.536323] PM: RTC time: 18:07:38, date: 2023-03-28
[    0.543054] NET: Registered PF_NETLINK/PF_ROUTE protocol family
[    0.544514] DMA: preallocated 256 KiB GFP_KERNEL pool for atomic allocations
[    0.545401] DMA: preallocated 256 KiB GFP_KERNEL|GFP_DMA pool for atomic allocations
[    0.546353] DMA: preallocated 256 KiB GFP_KERNEL|GFP_DMA32 pool for atomic allocations
[    0.547359] audit: initializing netlink subsys (disabled)
[    0.548247] audit: type=2000 audit(1680026858.008:1): state=initialized audit_enabled=0 res=1
[    0.548035] thermal_sys: Registered thermal governor 'fair_share'
[    0.548035] thermal_sys: Registered thermal governor 'bang_bang'
[    0.548242] thermal_sys: Registered thermal governor 'step_wise'
[    0.548942] thermal_sys: Registered thermal governor 'user_space'
[    0.549735] cpuidle: using governor ladder
[    0.552744] cpuidle: using governor menu
[    0.553593] acpiphp: ACPI Hot Plug PCI Controller Driver version: 0.5
[    0.554770] PCI: Using configuration type 1 for base access
[    0.556511] kprobes: kprobe jump-optimization is enabled. All kprobes are optimized if possible.
[    0.808753] HugeTLB: registered 1.00 GiB page size, pre-allocated 0 pages
[    0.809658] HugeTLB: 16380 KiB vmemmap can be freed for a 1.00 GiB page
[    0.810501] HugeTLB: registered 2.00 MiB page size, pre-allocated 0 pages
[    0.811370] HugeTLB: 28 KiB vmemmap can be freed for a 2.00 MiB page
[    0.816792] ACPI: Added _OSI(Module Device)
[    0.817376] ACPI: Added _OSI(Processor Device)
[    0.817958] ACPI: Added _OSI(3.0 _SCP Extensions)
[    0.818565] ACPI: Added _OSI(Processor Aggregator Device)
[    0.825082] ACPI: 1 ACPI AML tables successfully acquired and loaded
[    3.609994] Callback from call_rcu_tasks_rude() invoked.
[    3.614256] ACPI: Interpreter enabled
[    3.614793] ACPI: PM: (supports S0 S3 S4 S5)
[    3.615282] ACPI: Using IOAPIC for interrupt routing
[    3.615933] PCI: Using host bridge windows from ACPI; if necessary, use "pci=nocrs" and report a bug
[    3.616245] PCI: Using E820 reservations for host bridge windows
[    3.617832] ACPI: Enabled 2 GPEs in block 00 to 0F
[    3.637309] ACPI: PCI Root Bridge [PCI0] (domain 0000 [bus 00-ff])
[    3.638102] acpi PNP0A03:00: _OSC: OS supports [ASPM ClockPM Segments MSI EDR HPX-Type3]
[    3.639064] acpi PNP0A03:00: _OSC: not requesting OS control; OS requires [ExtendedConfig ASPM ClockPM MSI]
[    3.640320] acpi PNP0A03:00: fail to add MMCONFIG information, can't access extended configuration space under this bridge
[    3.644646] acpiphp: Slot [3] registered
[    3.645301] acpiphp: Slot [4] registered
[    3.645913] acpiphp: Slot [5] registered
[    3.646522] acpiphp: Slot [6] registered
[    3.647124] acpiphp: Slot [7] registered
[    3.647736] acpiphp: Slot [8] registered
[    3.648352] acpiphp: Slot [9] registered
[    3.648984] acpiphp: Slot [10] registered
[    3.649600] acpiphp: Slot [11] registered
[    3.650215] acpiphp: Slot [12] registered
[    3.650830] acpiphp: Slot [13] registered
[    3.651447] acpiphp: Slot [14] registered
[    3.652046] acpiphp: Slot [15] registered
[    3.652331] acpiphp: Slot [16] registered
[    3.652939] acpiphp: Slot [17] registered
[    3.653535] acpiphp: Slot [18] registered
[    3.654117] acpiphp: Slot [19] registered
[    3.654714] acpiphp: Slot [20] registered
[    3.655296] acpiphp: Slot [21] registered
[    3.655913] acpiphp: Slot [22] registered
[    3.656327] acpiphp: Slot [23] registered
[    3.656910] acpiphp: Slot [24] registered
[    3.657495] acpiphp: Slot [25] registered
[    3.658089] acpiphp: Slot [26] registered
[    3.658695] acpiphp: Slot [27] registered
[    3.659304] acpiphp: Slot [28] registered
[    3.659903] acpiphp: Slot [29] registered
[    3.660316] acpiphp: Slot [30] registered
[    3.660900] acpiphp: Slot [31] registered
[    3.661442] PCI host bridge to bus 0000:00
[    3.661964] pci_bus 0000:00: root bus resource [io  0x0000-0x0cf7 window]
[    3.662804] pci_bus 0000:00: root bus resource [io  0x0d00-0xffff window]
[    3.663618] pci_bus 0000:00: root bus resource [mem 0x000a0000-0x000bffff window]
[    3.664241] pci_bus 0000:00: root bus resource [mem 0x80000000-0xfebfffff window]
[    3.665162] pci_bus 0000:00: root bus resource [mem 0x100000000-0x17fffffff window]
[    3.666092] pci_bus 0000:00: root bus resource [bus 00-ff]
[    3.666915] pci 0000:00:00.0: [8086:1237] type 00 class 0x060000
[    3.671361] pci 0000:00:01.0: [8086:7000] type 00 class 0x060100
[    3.673071] pci 0000:00:01.1: [8086:7010] type 00 class 0x010180
[    3.675388] pci 0000:00:01.1: reg 0x20: [io  0xc040-0xc04f]
[    3.676868] pci 0000:00:01.1: legacy IDE quirk: reg 0x10: [io  0x01f0-0x01f7]
[    3.677747] pci 0000:00:01.1: legacy IDE quirk: reg 0x14: [io  0x03f6]
[    3.678519] pci 0000:00:01.1: legacy IDE quirk: reg 0x18: [io  0x0170-0x0177]
[    3.679359] pci 0000:00:01.1: legacy IDE quirk: reg 0x1c: [io  0x0376]
[    3.680503] pci 0000:00:01.3: [8086:7113] type 00 class 0x068000
[    3.681715] pci 0000:00:01.3: quirk: [io  0x0600-0x063f] claimed by PIIX4 ACPI
[    3.682579] pci 0000:00:01.3: quirk: [io  0x0700-0x070f] claimed by PIIX4 SMB
[    3.683797] pci 0000:00:02.0: [1234:1111] type 00 class 0x030000
[    3.687109] pci 0000:00:02.0: reg 0x10: [mem 0xfd000000-0xfdffffff pref]
[    3.689879] pci 0000:00:02.0: reg 0x18: [mem 0xfebf0000-0xfebf0fff]
[    3.694696] pci 0000:00:02.0: reg 0x30: [mem 0xfebe0000-0xfebeffff pref]
[    3.695954] pci 0000:00:02.0: Video device with shadowed ROM at [mem 0x000c0000-0x000dffff]
[    3.700301] pci 0000:00:03.0: [8086:100e] type 00 class 0x020000
[    3.701532] pci 0000:00:03.0: reg 0x10: [mem 0xfebc0000-0xfebdffff]
[    3.702916] pci 0000:00:03.0: reg 0x14: [io  0xc000-0xc03f]
[    3.706065] pci 0000:00:03.0: reg 0x30: [mem 0xfeb80000-0xfebbffff pref]
[    3.723393] ACPI: PCI: Interrupt link LNKA configured for IRQ 10
[    3.724607] ACPI: PCI: Interrupt link LNKB configured for IRQ 10
[    3.725736] ACPI: PCI: Interrupt link LNKC configured for IRQ 11
[    3.726909] ACPI: PCI: Interrupt link LNKD configured for IRQ 11
[    3.727869] ACPI: PCI: Interrupt link LNKS configured for IRQ 9
[    3.730195] iommu: Default domain type: Translated 
[    3.730195] iommu: DMA domain TLB invalidation policy: lazy mode 
[    3.733457] SCSI subsystem initialized
[    3.734090] ACPI: bus type USB registered
[    3.734090] usbcore: registered new interface driver usbfs
[    3.734090] usbcore: registered new interface driver hub
[    3.736284] usbcore: registered new device driver usb
[    3.737111] pps_core: LinuxPPS API ver. 1 registered
[    3.737763] pps_core: Software ver. 5.3.6 - Copyright 2005-2007 Rodolfo Giometti <giometti@linux.it>
[    3.738940] PTP clock support registered
[    3.739629] EDAC MC: Ver: 3.0.0
[    3.741984] NetLabel: Initializing
[    3.742435] NetLabel:  domain hash size = 128
[    3.742995] NetLabel:  protocols = UNLABELED CIPSOv4 CALIPSO
[    3.744330] NetLabel:  unlabeled traffic allowed by default
[    3.745171] PCI: Using ACPI for IRQ routing
[    3.745209] pci 0000:00:02.0: vgaarb: setting as boot VGA device
[    3.745209] pci 0000:00:02.0: vgaarb: bridge control possible
[    3.745811] pci 0000:00:02.0: vgaarb: VGA device added: decodes=io+mem,owns=io+mem,locks=none
[    3.748243] vgaarb: loaded
[    3.748823] hpet0: at MMIO 0xfed00000, IRQs 2, 8, 0
[    3.749464] hpet0: 3 comparators, 64-bit 100.000000 MHz counter
[    3.754572] clocksource: Switched to clocksource kvm-clock
[    3.756231] VFS: Disk quotas dquot_6.6.0
[    3.756231] VFS: Dquot-cache hash table entries: 512 (order 0, 4096 bytes)
[    3.756835] pnp: PnP ACPI init
[    3.759673] pnp: PnP ACPI: found 6 devices
[    3.772926] clocksource: acpi_pm: mask: 0xffffff max_cycles: 0xffffff, max_idle_ns: 2085701024 ns
[    3.774491] NET: Registered PF_INET protocol family
[    3.775542] IP idents hash table entries: 32768 (order: 6, 262144 bytes, linear)
[    3.778087] tcp_listen_portaddr_hash hash table entries: 1024 (order: 4, 73728 bytes, linear)
[    3.779283] Table-perturb hash table entries: 65536 (order: 6, 262144 bytes, linear)
[    3.780302] TCP established hash table entries: 16384 (order: 5, 131072 bytes, linear)
[    3.781801] TCP bind hash table entries: 16384 (order: 9, 2359296 bytes, linear)
[    3.785612] TCP: Hash tables configured (established 16384 bind 16384)
[    3.786797] UDP hash table entries: 1024 (order: 5, 163840 bytes, linear)
[    3.787814] UDP-Lite hash table entries: 1024 (order: 5, 163840 bytes, linear)
[    3.789017] NET: Registered PF_UNIX/PF_LOCAL protocol family
[    3.790310] RPC: Registered named UNIX socket transport module.
[    3.791073] RPC: Registered udp transport module.
[    3.791680] RPC: Registered tcp transport module.
[    3.792270] RPC: Registered tcp NFSv4.1 backchannel transport module.
[    3.793085] pci_bus 0000:00: resource 4 [io  0x0000-0x0cf7 window]
[    3.793855] pci_bus 0000:00: resource 5 [io  0x0d00-0xffff window]
[    3.794599] pci_bus 0000:00: resource 6 [mem 0x000a0000-0x000bffff window]
[    3.795439] pci_bus 0000:00: resource 7 [mem 0x80000000-0xfebfffff window]
[    3.796279] pci_bus 0000:00: resource 8 [mem 0x100000000-0x17fffffff window]
[    3.797435] pci 0000:00:01.0: PIIX3: Enabling Passive Release
[    3.798133] pci 0000:00:00.0: Limiting direct PCI/PCI transfers
[    3.798977] PCI: CLS 0 bytes, default 64
[    3.799929] ACPI: bus type thunderbolt registered
[    3.801003] clocksource: tsc: mask: 0xffffffffffffffff max_cycles: 0x1a03dfe73b3, max_idle_ns: 440795256845 ns
[    3.832435] Callback from call_rcu_tasks() invoked.
[    3.898368] Initialise system trusted keyrings
[    3.899032] Key type blacklist registered
[    3.899827] workingset: timestamp_bits=36 max_order=19 bucket_order=0
[    3.900706] zbud: loaded
[    3.901832] squashfs: version 4.0 (2009/01/31) Phillip Lougher
[    3.903446] NFS: Registering the id_resolver key type
[    3.904064] Key type id_resolver registered
[    3.904583] Key type id_legacy registered
[    3.905105] nfs4filelayout_init: NFSv4 File Layout Driver Registering...
[    3.905964] nfs4flexfilelayout_init: NFSv4 Flexfile Layout Driver Registering...
[    3.907041] fuse: init (API version 7.38)
[    3.907823] SGI XFS with ACLs, security attributes, realtime, quota, no debug enabled
[    3.909546] 9p: Installing v9fs 9p2000 file system support
[    3.919482] Key type asymmetric registered
[    3.920031] Asymmetric key parser 'x509' registered
[    3.920782] Block layer SCSI generic (bsg) driver version 0.4 loaded (major 243)
[    3.921960] io scheduler mq-deadline registered
[    3.922581] io scheduler bfq registered
[    3.923675] shpchp: Standard Hot Plug PCI Controller Driver version: 0.4
[    3.925112] IPMI message handler: version 39.2
[    3.925737] ipmi device interface
[    3.928079] input: Power Button as /devices/LNXSYSTM:00/LNXPWRBN:00/input/input0
[    3.929249] ACPI: button: Power Button [PWRF]
[    3.930946] ERST DBG: ERST support is disabled.
[    3.932275] Serial: 8250/16550 driver, 32 ports, IRQ sharing enabled
[    3.933852] 00:04: ttyS0 at I/O 0x3f8 (irq = 4, base_baud = 115200) is a 16550A
[    3.945008] Linux agpgart interface v0.103
[    3.946461] ACPI: bus type drm_connector registered
[    3.961180] brd: module loaded
[    3.969973] loop: module loaded
[    3.975434] scsi host0: ata_piix
[    3.976498] scsi host1: ata_piix
[    3.977103] ata1: PATA max MWDMA2 cmd 0x1f0 ctl 0x3f6 bmdma 0xc040 irq 14
[    3.977937] ata2: PATA max MWDMA2 cmd 0x170 ctl 0x376 bmdma 0xc048 irq 15
[    3.980637] tun: Universal TUN/TAP device driver, 1.6
[    3.981442] e100: Intel(R) PRO/100 Network Driver
[    3.982021] e100: Copyright(c) 1999-2006 Intel Corporation
[    3.982748] e1000: Intel(R) PRO/1000 Network Driver
[    3.983357] e1000: Copyright (c) 1999-2006 Intel Corporation.
[    4.136453] ata2: found unknown device (class 0)
[    4.137621] ata1: found unknown device (class 0)
[    4.138800] ata2.00: ATAPI: QEMU DVD-ROM, 2.5+, max UDMA/100
[    4.140109] ata1.00: ATA-7: QEMU HARDDISK, 2.5+, max UDMA/100
[    4.140856] ata1.00: 16777216 sectors, multi 16: LBA48 
[    4.143188] scsi 0:0:0:0: Direct-Access     ATA      QEMU HARDDISK    2.5+ PQ: 0 ANSI: 5
[    4.145361] sd 0:0:0:0: Attached scsi generic sg0 type 0
[    4.145908] sd 0:0:0:0: [sda] 16777216 512-byte logical blocks: (8.59 GB/8.00 GiB)
[    4.147029] sd 0:0:0:0: [sda] Write Protect is off
[    4.147709] sd 0:0:0:0: [sda] Write cache: enabled, read cache: enabled, doesn't support DPO or FUA
[    4.148934] sd 0:0:0:0: [sda] Preferred minimum I/O size 512 bytes
[    4.152832] scsi 1:0:0:0: CD-ROM            QEMU     QEMU DVD-ROM     2.5+ PQ: 0 ANSI: 5
[    4.157948] ACPI: \_SB_.LNKC: Enabled at IRQ 11
[    4.169712] scsi 1:0:0:0: Attached scsi generic sg1 type 5
[    4.171467] sd 0:0:0:0: [sda] Attached SCSI disk
[    4.501226] e1000 0000:00:03.0 eth0: (PCI:33MHz:32-bit) 52:54:00:12:34:56
[    4.502104] e1000 0000:00:03.0 eth0: Intel(R) PRO/1000 Network Connection
[    4.503017] e1000e: Intel(R) PRO/1000 Network Driver
[    4.503622] e1000e: Copyright(c) 1999 - 2015 Intel Corporation.
[    4.504408] igb: Intel(R) Gigabit Ethernet Network Driver
[    4.505040] igb: Copyright (c) 2007-2014 Intel Corporation.
[    4.505808] PPP generic driver version 2.4.2
[    4.506913] VFIO - User Level meta-driver version: 0.3
[    4.508143] usbcore: registered new interface driver uas
[    4.508864] usbcore: registered new interface driver usb-storage
[    4.509768] i8042: PNP: PS/2 Controller [PNP0303:KBD,PNP0f13:MOU] at 0x60,0x64 irq 1,12
[    4.511752] serio: i8042 KBD port at 0x60,0x64 irq 1
[    4.512433] serio: i8042 AUX port at 0x60,0x64 irq 12
[    4.514062] mousedev: PS/2 mouse device common for all mice
[    4.515746] input: AT Translated Set 2 keyboard as /devices/platform/i8042/serio0/input/input1
[    4.516571] rtc_cmos 00:05: RTC can wake from S4
[    4.518686] input: VirtualPS/2 VMware VMMouse as /devices/platform/i8042/serio1/input/input4
[    4.519214] rtc_cmos 00:05: registered as rtc0
[    4.520591] rtc_cmos 00:05: setting system clock to 2023-03-28T18:07:42 UTC (1680026862)
[    4.521934] input: VirtualPS/2 VMware VMMouse as /devices/platform/i8042/serio1/input/input3
[    4.521963] rtc_cmos 00:05: alarms up to one day, y3k, 242 bytes nvram, hpet irqs
[    4.524013] i2c_dev: i2c /dev entries driver
[    4.524683] device-mapper: core: CONFIG_IMA_DISABLE_HTABLE is disabled. Duplicate IMA measurements will not be recorded in the IMA log.
[    4.526212] device-mapper: uevent: version 1.0.3
[    4.527045] device-mapper: ioctl: 4.47.0-ioctl (2022-07-28) initialised: dm-devel@redhat.com
[    4.528132] intel_pstate: CPU model not supported
[    4.528866] sdhci: Secure Digital Host Controller Interface driver
[    4.529639] sdhci: Copyright(c) Pierre Ossman
[    4.530283] sdhci-pltfm: SDHCI platform and OF driver helper
[    4.531069] ledtrig-cpu: registered to indicate activity on CPUs
[    4.532283] drop_monitor: Initializing network drop monitor service
[    4.533301] NET: Registered PF_INET6 protocol family
[    4.538048] Segment Routing with IPv6
[    4.538575] In-situ OAM (IOAM) with IPv6
[    4.539165] NET: Registered PF_PACKET protocol family
[    4.540085] 9pnet: Installing 9P2000 support
[    4.540734] Key type dns_resolver registered
[    4.542330] IPI shorthand broadcast: enabled
[    4.559265] sched_clock: Marking stable (4328004281, 228231792)->(4600443735, -44207662)
[    4.561076] registered taskstats version 1
[    4.561923] Loading compiled-in X.509 certificates
[    4.565787] zswap: loaded using pool lzo/zbud
[    4.583171] Key type .fscrypt registered
[    4.583687] Key type fscrypt-provisioning registered
[    4.585564] Key type encrypted registered
[    4.586125] ima: No TPM chip found, activating TPM-bypass!
[    4.586802] ima: Allocated hash algorithm: sha1
[    4.587429] ima: No architecture policies found
[    4.588083] evm: Initialising EVM extended attributes:
[    4.588737] evm: security.selinux
[    4.589157] evm: security.SMACK64
[    4.589572] evm: security.SMACK64EXEC
[    4.590023] evm: security.SMACK64TRANSMUTE
[    4.590526] evm: security.SMACK64MMAP
[    4.590986] evm: security.apparmor
[    4.591431] evm: security.ima
[    4.591806] evm: security.capability
[    4.592264] evm: HMAC attrs: 0x1
[    4.594111] PM:   Magic number: 15:61:141
[    4.594642] block ram6: hash matches
[    4.595141] acpi device:12: hash matches
[    4.596106] RAS: Correctable Errors collector initialized.
[    4.597696] md: Waiting for all devices to be available before autodetect
[    4.598223] md: If you don't use raid, use raid=noautodetect
[    4.598668] md: Autodetecting RAID arrays.
[    4.599004] md: autorun ...
[    4.599243] md: ... autorun DONE.
[    4.605041] EXT4-fs (sda): INFO: recovery required on readonly filesystem
[    4.605627] EXT4-fs (sda): write access will be enabled during recovery
[    4.654445] EXT4-fs (sda): recovery complete
[    4.656568] EXT4-fs (sda): mounted filesystem 23a53bb9-f815-47a5-b74c-5e08f7731193 with ordered data mode. Quota mode: none.
[    4.657576] VFS: Mounted root (ext4 filesystem) readonly on device 8:0.
[    4.658846] devtmpfs: mounted
[    4.664494] Freeing unused decrypted memory: 2036K
[    4.672197] Freeing unused kernel image (initmem) memory: 10400K
[    4.672777] Write protecting the kernel read-only data: 45056k
[    4.674937] Freeing unused kernel image (rodata/data gap) memory: 436K
[    4.783341] x86/mm: Checked W+X mappings: passed, no W+X pages found.
[    4.783887] Run /sbin/init as init process
[    4.933878] systemd[1]: RTC configured in localtime, applying delta of 0 minutes to system time.
[    4.972704] systemd[1]: systemd 239 (239-49.el8) running in system mode. (+PAM +AUDIT +SELINUX +IMA -APPARMOR +SMACK +SYSVINIT +UTMP +LIBCRYPTSETUP +GCRYPT +GNUTLS +ACL +XZ +LZ4 +SECCOMP +BLKID +ELFUTILS +KMOD +IDN2 -IDN +PCRE2 default-hierarchy=legacy)
[    4.974726] systemd[1]: Detected virtualization kvm.
[    4.975139] systemd[1]: Detected architecture x86-64.

Welcome to [0;31mCentOS Stream 8[0m!

[    5.033646] systemd[1]: Set hostname to <test>.
[    5.373987] systemd[1]: Listening on Process Core Dump Socket.
[[0;32m  OK  [0m] Listening on Process Core Dump Socket.
[    5.375599] systemd[1]: Listening on udev Kernel Socket.
[[0;32m  OK  [0m] Listening on udev Kernel Socket.
[    5.377056] systemd[1]: Listening on Journal Socket (/dev/log).
[[0;32m  OK  [0m] Listening on Journal Socket (/dev/log).
[    5.378565] systemd[1]: Listening on multipathd control socket.
[[0;32m  OK  [0m] Listening on multipathd control socket.
[    5.379852] systemd[1]: Reached target Swap.
[[0;32m  OK  [0m] Reached target Swap.
[    5.383631] systemd[1]: Created slice User and Session Slice.
[[0;32m  OK  [0m] Created slice User and Session Slice.
[[0;32m  OK  [0m] Listening on LVM2 poll daemon socket.
[[0;32m  OK  [0m] Listening on Journal Socket.
         Mounting Huge Pages File System...
         Starting Journal Service...
         Starting Remount Root and Kernel File Systems...
         Starting Load Kernel Modules...
         Mounting Kernel Debug File System...
[[0;32m  OK  [0m] Listening on initctl Compatibility Named Pipe.
[[0;32m  OK  [0m] Reached target Slices.
[[0;32m  OK  [0m] Listening on Device-mapper event daemon FIFOs.
[[0;32m  OK  [0m] Created slice system-sshd\x2dkeygen.slice.
[[0;32m  OK  [0m] Started Forward Password Requests to Wall Directory Watch.
[[0;32m  OK  [0m] Listening on RPCbind Server Activation Socket.
[[0;32m  OK  [0m] Reached target RPC Port Mapper.
         Starting Monitoring of LVM2 mirrorsâ€¦ng dmeventd or progress polling...
         Starting Setup Virtual Console...
[[0;32m  OK  [0m] Set up automount Arbitrary Executabâ€¦rmats File System Automount Point.
         Mounting POSIX Message Queue File System...
[[0;32m  OK  [0m] Created slice system-serial\x2dgetty.slice.
[[0;32m  OK  [0m] Listening on udev Control Socket.
         Starting udev Coldplug all Devices...
[[0;32m  OK  [0m] Created slice system-getty.slice.
[[0;32m  OK  [0m] Mounted Huge Pages File System.
[[0;1;31mFAILED[0m] Failed to start Load Kernel Modules.
See 'systemctl status systemd-modules-load.service' for details.
[[0;32m  OK  [0m] Started Journal Service.
[[0;32m  OK  [0m] Mounted Kernel Debug File System.
[[0;32m  OK  [0m] Started Monitoring of LVM2 mirrors,â€¦sing dmeventd or progress polling.
[[0;32m  OK  [0m] Mounted POSIX Message Queue File System.
         Starting Apply Kernel Variables...
         Mounting FUSE Control File System...
[    5.827001] EXT4-fs (sda): re-mounted 23a53bb9-f815-47a5-b74c-5e08f7731193. Quota mode: none.
         Mounting Kernel Configuration File System...
[[0;32m  OK  [0m] Started Remount Root and Kernel File Systems.
[[0;32m  OK  [0m] Started Apply Kernel Variables.
[[0;32m  OK  [0m] Mounted FUSE Control File System.
[[0;32m  OK  [0m] Mounted Kernel Configuration File System.
         Starting Create Static Device Nodes in /dev...
         Starting Flush Journal to Persistent Storage...
         Starting Load/Save Random Seed...
[[0;32m  OK  [0m] Started Setup Virtual Console.
[[0;32m  OK  [0m] Started Create Static Device Nodes in /dev.
         Starting udev Kernel Device Manager...
[[0;32m  OK  [0m] Started Load/Save Random Seed.
[[0;32m  OK  [0m] Started Flush Journal to Persistent Storage.
[[0;32m  OK  [0m] Started udev Coldplug all Devices.
         Starting udev Wait for Complete Device Initialization...
[[0;32m  OK  [0m] Started udev Kernel Device Manager.
         Starting Show Plymouth Boot Screen...
[[0;32m  OK  [0m] Started Show Plymouth Boot Screen.
[[0;32m  OK  [0m] Reached target Paths.
[[0;32m  OK  [0m] Reached target Local Encrypted Volumes.
[[0;32m  OK  [0m] Started Forward Password Requests to Plymouth Directory Watch.
[[0;32m  OK  [0m] Found device /dev/ttyS0.
[[0;32m  OK  [0m] Started udev Wait for Complete Device Initialization.
[[0;32m  OK  [0m] Listening on Load/Save RF Kill Switch Status /dev/rfkill Watch.
[[0;32m  OK  [0m] Reached target Local File Systems (Pre).
[[0;32m  OK  [0m] Reached target Local File Systems.
         Starting Tell Plymouth To Write Out Runtime Data...
         Starting Restore /run/initramfs on shutdown...
         Starting Create Volatile Files and Directories...
[[0;32m  OK  [0m] Started Tell Plymouth To Write Out Runtime Data.
[[0;32m  OK  [0m] Started Restore /run/initramfs on shutdown.
[[0;32m  OK  [0m] Started Create Volatile Files and Directories.
         Mounting RPC Pipe File System...
         Starting Security Auditing Service...
         Starting RPC Bind...
[[0;32m  OK  [0m] Mounted RPC Pipe File System.
[[0;32m  OK  [0m] Reached target rpc_pipefs.target.
[[0;32m  OK  [0m] Started RPC Bind.
[[0;32m  OK  [0m] Started Security Auditing Service.
         Starting Update UTMP about System Boot/Shutdown...
[[0;32m  OK  [0m] Started Update UTMP about System Boot/Shutdown.
[[0;32m  OK  [0m] Reached target System Initialization.
[[0;32m  OK  [0m] Started Daily Cleanup of Temporary Directories.
[[0;32m  OK  [0m] Started daily update of the root trust anchor for DNSSEC.
[[0;32m  OK  [0m] Listening on SSSD Kerberos Cache Manager responder socket.
[[0;32m  OK  [0m] Listening on D-Bus System Message Bus Socket.
[[0;32m  OK  [0m] Reached target Sockets.
[[0;32m  OK  [0m] Reached target Basic System.
         Starting Self Monitoring and Reporting Technology (SMART) Daemon...
         Starting NTP client/server...
[[0;32m  OK  [0m] Started D-Bus System Message Bus.
[[0;32m  OK  [0m] Started irqbalance daemon.
         Starting Auto-connect to subsystemsâ€¦-NVME devices found during boot...
         Starting Authorization Manager...
[[0;32m  OK  [0m] Reached target sshd-keygen.target.
         Starting Login Service...
[[0;32m  OK  [0m] Started dnf makecache --timer.
[[0;32m  OK  [0m] Reached target Timers.
[[0;32m  OK  [0m] Started Machine Check Exception Logging Daemon.
         Starting Network Manager...
[[0;32m  OK  [0m] Started Self Monitoring and Reporting Technology (SMART) Daemon.
[[0;32m  OK  [0m] Started Auto-connect to subsystems â€¦FC-NVME devices found during boot.
         Starting update of the root trust aâ€¦or DNSSEC validation in unbound...
[[0;32m  OK  [0m] Started Login Service.
[[0;32m  OK  [0m] Started NTP client/server.
[[0;32m  OK  [0m] Started Network Manager.
[[0;32m  OK  [0m] Reached target Network.
         Starting GSSAPI Proxy Daemon...
         Starting Dynamic System Tuning Daemon...
         Starting OpenSSH server daemon...
         Starting Network Manager Wait Online...
[[0;32m  OK  [0m] Started update of the root trust anâ€¦ for DNSSEC validation in unbound.
[[0;32m  OK  [0m] Started GSSAPI Proxy Daemon.
[[0;32m  OK  [0m] Started Authorization Manager.
         Starting Hostname Service...
[[0;32m  OK  [0m] Reached target NFS client services.
[[0;32m  OK  [0m] Reached target Remote File Systems (Pre).
[[0;32m  OK  [0m] Reached target Remote File Systems.
         Starting Permit User Sessions...
[[0;32m  OK  [0m] Started OpenSSH server daemon.
[[0;32m  OK  [0m] Started Permit User Sessions.
         Starting Terminate Plymouth Boot Screen...
         Starting Hold until boot process finishes up...
[[0;32m  OK  [0m] Started Command Scheduler.
[[0;32m  OK  [0m] Started Terminate Plymouth Boot Screen.
[[0;32m  OK  [0m] Started Hold until boot process finishes up.
[    8.748653] e1000: eth0 NIC Link is Up 1000 Mbps Full Duplex, Flow Control: RX
[    8.749974] IPv6: ADDRCONF(NETDEV_CHANGE): eth0: link becomes ready
[    9.089974] Spectre V2 : WARNING: Unprivileged eBPF is enabled with eIBRS on, data leaks possible via Spectre v2 BHB attacks!
[    9.091278] Spectre V2 : WARNING: Unprivileged eBPF is enabled with eIBRS on, data leaks possible via Spectre v2 BHB attacks!

CentOS Stream 8
Kernel 6.3.0-rc4-197b6b60ae7b+ on an x86_64

test login: [   24.618533] memfd_create() without MFD_EXEC nor MFD_NOEXEC_SEAL, pid=330 'systemd'
[   56.504281] watchdog: BUG: soft lockup - CPU#0 stuck for 26s! [repro:516]
[   56.507013] Modules linked in:
[   56.507699] irq event stamp: 684720
[   56.508318] hardirqs last  enabled at (684719): [<ffffffff8107247c>] __text_poke+0x2ec/0x4e0
[   56.509577] hardirqs last disabled at (684720): [<ffffffff82f937a3>] sysvec_apic_timer_interrupt+0x13/0xe0
[   56.510993] softirqs last  enabled at (472178): [<ffffffff82fb71a9>] __do_softirq+0x2d9/0x3c3
[   56.512283] softirqs last disabled at (472151): [<ffffffff811266f4>] irq_exit_rcu+0xc4/0x100
[   56.513543] CPU: 0 PID: 516 Comm: repro Not tainted 6.3.0-rc4-197b6b60ae7b+ #1
[   56.514647] Hardware name: QEMU Standard PC (i440FX + PIIX, 1996), BIOS rel-1.16.0-0-gd239552ce722-prebuilt.qemu.org 04/01/2014
[   56.516213] RIP: 0010:debug_lockdep_rcu_enabled+0x0/0x40
[   56.517098] Code: c7 c7 a3 d6 96 83 e8 4f 0e 00 00 65 c7 05 e4 c3 08 7d 00 00 00 00 eb ba 66 90 90 90 90 90 90 90 90 90 90 90 90 90 90 90 90 90 <f3> 0f 1e fa 8b 05 be 65 0d 01 85 c0 74 2b 8b 05 4c cd 0d 01 85 c0
[   56.519522] RSP: 0018:ffffc90000fbb260 EFLAGS: 00000246
[   56.520439] RAX: 0000000000000000 RBX: ffff888014599aa8 RCX: ffffffff81353c4d
[   56.521513] RDX: 0000000000000000 RSI: ffff888013bc4680 RDI: 0000000000000002
[   56.522585] RBP: ffffc90000fbb2a8 R08: ffffc90000fbb820 R09: ffffc90000fbb818
[   56.523683] R10: ffffc90000fbb7f0 R11: 0000000000000000 R12: ffffc90000fbb2b8
[   56.524766] R13: fffffffffffffdff R14: 0000000000000000 R15: ffffffff81353960
[   56.525841] FS:  00007fe17f501740(0000) GS:ffff88807dc00000(0000) knlGS:0000000000000000
[   56.527044] CS:  0010 DS: 0000 ES: 0000 CR0: 0000000080050033
[   56.527977] CR2: 00007ffd57376000 CR3: 000000000af0a003 CR4: 0000000000770ef0
[   56.529038] PKRU: 55555554
[   56.529543] Call Trace:
[   56.530040]  <TASK>
[   56.530496]  ? arch_ftrace_ops_list_func+0x1b6/0x360
[   56.531339]  ? perf_trace_buf_alloc+0x41/0x110
[   56.532148]  ? perf_swevent_get_recursion_context+0x4/0xe0
[   56.533132]  ? perf_tp_event+0x164/0x880
[   56.533853]  ftrace_call+0x5/0x44
[   56.534612]  ? write_comp_data+0x2f/0x90
[   56.535444]  ? perf_trace_buf_alloc+0x2a/0x110
[   56.536301]  ? perf_swevent_get_recursion_context+0x9/0xe0
[   56.537201]  ? write_comp_data+0x2f/0x90
[   56.537958]  perf_swevent_get_recursion_context+0x9/0xe0
[   56.538848]  perf_trace_buf_alloc+0x41/0x110
[   56.539644]  ? perf_swevent_get_recursion_context+0x9/0xe0
[   56.540564]  ? perf_trace_buf_alloc+0x41/0x110
[   56.541415]  ? __pfx_perf_swevent_event+0x10/0x10
[   56.542233]  perf_ftrace_function_call+0x28f/0x340
[   56.543070]  ? __sanitizer_cov_trace_pc+0x25/0x60
[   56.544273]  ? arch_ftrace_ops_list_func+0x2c6/0x360
[   56.545328]  ? __pfx_perf_ftrace_function_call+0x10/0x10
[   56.546221]  arch_ftrace_ops_list_func+0x2c6/0x360
[   56.547029]  ? perf_tp_event+0x164/0x880
[   56.547774]  ? __pfx_perf_swevent_event+0x10/0x10
[   56.548730]  ftrace_call+0x5/0x44
[   56.549407]  ? __sanitizer_cov_trace_pc+0x25/0x60
[   56.550239]  ? write_comp_data+0x2f/0x90
[   56.551228]  ? perf_swevent_event+0x5/0x170
[   56.552001]  ? write_comp_data+0x2f/0x90
[   56.552767]  perf_swevent_event+0x5/0x170
[   56.553500]  perf_tp_event+0x164/0x880
[   56.554219]  ? perf_swevent_event+0x5/0x170
[   56.554959]  ? perf_tp_event+0x164/0x880
[   56.555959]  ? arch_ftrace_ops_list_func+0x2c6/0x360
[   56.556843]  ? write_comp_data+0x2f/0x90
[   56.557646]  ? __sanitizer_cov_trace_pc+0x25/0x60
[   56.558541]  ? arch_ftrace_ops_list_func+0x207/0x360
[   56.559393]  ? perf_ftrace_function_call+0x2d2/0x340
[   56.560256]  ? perf_tp_event+0x4/0x880
[   56.561026]  ? _raw_spin_lock+0x4/0x50
[   56.561723]  ? __get_locked_pte+0x96/0xe0
[   56.562493]  ? ftrace_call+0x5/0x44
[   56.563335]  ? write_comp_data+0x2f/0x90
[   56.564308]  ? _raw_spin_lock+0x4/0x50
[   56.564988]  ? __get_locked_pte+0x96/0xe0
[   56.565708]  perf_ftrace_function_call+0x2d2/0x340
[   56.566516]  ? perf_tp_event+0x9/0x880
[   56.567223]  ? perf_ftrace_function_call+0x2d2/0x340
[   56.568079]  ? perf_tp_event+0x9/0x880
[   56.568741]  ? perf_ftrace_function_call+0x2d2/0x340
[   56.570049]  ? 0xffffffffa02010b1
[   56.570919]  0xffffffffa02010b1
[   56.571678]  ? ftrace_call+0x5/0x44
[   56.572420]  ? pmd_page_vaddr+0x2b/0x80
[   56.573193]  ? _raw_spin_lock+0x9/0x50
[   56.573987]  _raw_spin_lock+0x9/0x50
[   56.574672]  __get_locked_pte+0x96/0xe0
[   56.575411]  ? _raw_spin_lock+0x9/0x50
[   56.576100]  ? __get_locked_pte+0x96/0xe0
[   56.576924]  ? __pfx__regmap_raw_write_impl+0x10/0x10
[   56.577816]  __text_poke+0xf4/0x4e0
[   56.578489]  ? __pfx__regmap_raw_write_impl+0x10/0x10
[   56.579399]  ? __pfx_text_poke_memcpy+0x10/0x10
[   56.580134]  ? lock_is_held_type+0xe6/0x140
[   56.580902]  ? __pfx__regmap_raw_write_impl+0x10/0x10
[   56.581822]  text_poke+0x3a/0x60
[   56.582538]  text_poke_bp_batch+0x94/0x310
[   56.583263]  ? text_poke_bp_batch+0x5/0x310
[   56.584081]  ? __pfx_virtblk_update_cache_mode+0x10/0x10
[   56.585069]  text_poke_queue+0x93/0xb0
[   56.585874]  ftrace_replace_code+0x12a/0x1b0
[   56.586789]  ftrace_modify_all_code+0x1b9/0x2a0
[   56.587701]  arch_ftrace_update_code+0xd/0x20
[   56.588468]  ftrace_startup_enable+0x67/0xa0
[   56.589291]  ftrace_startup+0x124/0x200
[   56.590082]  register_ftrace_function_nolock+0x43/0x90
[   56.590991]  register_ftrace_function+0x1eb/0x280
[   56.591873]  ? __sanitizer_cov_trace_switch+0x57/0xa0
[   56.592835]  perf_ftrace_event_register+0xcd/0xf0
[   56.593735]  perf_trace_event_init+0x98/0x4b0
[   56.594639]  perf_trace_init+0xde/0x170
[   56.595449]  perf_tp_event_init+0x60/0xa0
[   56.596216]  perf_try_init_event+0x88/0x280
[   56.597094]  perf_event_alloc+0xe25/0x1c00
[   56.597900]  ? perf_event_alloc+0x5/0x1c00
[   56.598846]  __do_sys_perf_event_open+0x3b6/0x1910
[   56.600490]  __x64_sys_perf_event_open+0x2f/0x40
[   56.601330]  do_syscall_64+0x3b/0x90
[   56.602067]  entry_SYSCALL_64_after_hwframe+0x72/0xdc
[   56.602902] RIP: 0033:0x7fe17f62659d
[   56.603610] Code: 00 c3 66 2e 0f 1f 84 00 00 00 00 00 90 f3 0f 1e fa 48 89 f8 48 89 f7 48 89 d6 48 89 ca 4d 89 c2 4d 89 c8 4c 8b 4c 24 08 0f 05 <48> 3d 01 f0 ff ff 73 01 c3 48 8b 0d d3 08 0d 00 f7 d8 64 89 01 48
[   56.606099] RSP: 002b:00007ffd572b7f58 EFLAGS: 00000206 ORIG_RAX: 000000000000012a
[   56.607348] RAX: ffffffffffffffda RBX: 0000000000000000 RCX: 00007fe17f62659d
[   56.608429] RDX: 0000000000000000 RSI: 00000000ffffffff RDI: 0000000020000100
[   56.609512] RBP: 00007ffd572b7f70 R08: 0000000000000000 R09: 00007ffd572b7f70
[   56.610604] R10: 00000000ffffffff R11: 0000000000000206 R12: 0000000000401180
[   56.611719] R13: 00007ffd572b8090 R14: 0000000000000000 R15: 0000000000000000
[   56.613326]  </TASK>
[   56.613804] Kernel panic - not syncing: softlockup: hung tasks
[   56.614714] CPU: 0 PID: 516 Comm: repro Tainted: G             L     6.3.0-rc4-197b6b60ae7b+ #1
[   56.616000] Hardware name: QEMU Standard PC (i440FX + PIIX, 1996), BIOS rel-1.16.0-0-gd239552ce722-prebuilt.qemu.org 04/01/2014
[   56.617629] Call Trace:
[   56.618142]  <IRQ>
[   56.618614]  dump_stack_lvl+0xa9/0x110
[   56.619442]  dump_stack+0x19/0x20
[   56.620120]  panic+0x4fd/0x520
[   56.620904]  ? watchdog_timer_fn+0x31e/0x390
[   56.621845]  watchdog_timer_fn+0x337/0x390
[   56.622694]  ? __pfx_watchdog_timer_fn+0x10/0x10
[   56.623512]  __hrtimer_run_queues+0x2ed/0x5d0
[   56.624636]  hrtimer_interrupt+0x134/0x2d0
[   56.625643]  __sysvec_apic_timer_interrupt+0x9c/0x1d0
[   56.626550]  sysvec_apic_timer_interrupt+0xab/0xe0
[   56.627400]  </IRQ>
[   56.627866]  <TASK>
[   56.628392]  asm_sysvec_apic_timer_interrupt+0x1f/0x30
[   56.629248] RIP: 0010:debug_lockdep_rcu_enabled+0x0/0x40
[   56.630109] Code: c7 c7 a3 d6 96 83 e8 4f 0e 00 00 65 c7 05 e4 c3 08 7d 00 00 00 00 eb ba 66 90 90 90 90 90 90 90 90 90 90 90 90 90 90 90 90 90 <f3> 0f 1e fa 8b 05 be 65 0d 01 85 c0 74 2b 8b 05 4c cd 0d 01 85 c0
[   56.632509] RSP: 0018:ffffc90000fbb260 EFLAGS: 00000246
[   56.633423] RAX: 0000000000000000 RBX: ffff888014599aa8 RCX: ffffffff81353c4d
[   56.634486] RDX: 0000000000000000 RSI: ffff888013bc4680 RDI: 0000000000000002
[   56.635563] RBP: ffffc90000fbb2a8 R08: ffffc90000fbb820 R09: ffffc90000fbb818
[   56.636613] R10: ffffc90000fbb7f0 R11: 0000000000000000 R12: ffffc90000fbb2b8
[   56.637633] R13: fffffffffffffdff R14: 0000000000000000 R15: ffffffff81353960
[   56.638668]  ? __pfx_perf_ftrace_function_call+0x10/0x10
[   56.639765]  ? perf_ftrace_function_call+0x2ed/0x340
[   56.640788]  ? arch_ftrace_ops_list_func+0x1b6/0x360
[   56.641593]  ? perf_trace_buf_alloc+0x41/0x110
[   56.642383]  ? perf_swevent_get_recursion_context+0x4/0xe0
[   56.643378]  ? perf_tp_event+0x164/0x880
[   56.644134]  ftrace_call+0x5/0x44
[   56.644938]  ? write_comp_data+0x2f/0x90
[   56.645777]  ? perf_trace_buf_alloc+0x2a/0x110
[   56.646658]  ? perf_swevent_get_recursion_context+0x9/0xe0
[   56.647599]  ? write_comp_data+0x2f/0x90
[   56.648412]  perf_swevent_get_recursion_context+0x9/0xe0
[   56.649291]  perf_trace_buf_alloc+0x41/0x110
[   56.650080]  ? perf_swevent_get_recursion_context+0x9/0xe0
[   56.650960]  ? perf_trace_buf_alloc+0x41/0x110
[   56.651792]  ? __pfx_perf_swevent_event+0x10/0x10
[   56.652589]  perf_ftrace_function_call+0x28f/0x340
[   56.653430]  ? __sanitizer_cov_trace_pc+0x25/0x60
[   56.654585]  ? arch_ftrace_ops_list_func+0x2c6/0x360
[   56.655609]  ? __pfx_perf_ftrace_function_call+0x10/0x10
[   56.656506]  arch_ftrace_ops_list_func+0x2c6/0x360
[   56.657304]  ? perf_tp_event+0x164/0x880
[   56.658034]  ? __pfx_perf_swevent_event+0x10/0x10
[   56.658973]  ftrace_call+0x5/0x44
[   56.659637]  ? __sanitizer_cov_trace_pc+0x25/0x60
[   56.660535]  ? write_comp_data+0x2f/0x90
[   56.661489]  ? perf_swevent_event+0x5/0x170
[   56.662242]  ? write_comp_data+0x2f/0x90
[   56.662981]  perf_swevent_event+0x5/0x170
[   56.663723]  perf_tp_event+0x164/0x880
[   56.664440]  ? perf_swevent_event+0x5/0x170
[   56.665136]  ? perf_tp_event+0x164/0x880
[   56.666067]  ? arch_ftrace_ops_list_func+0x2c6/0x360
[   56.666911]  ? write_comp_data+0x2f/0x90
[   56.667709]  ? __sanitizer_cov_trace_pc+0x25/0x60
[   56.668575]  ? arch_ftrace_ops_list_func+0x207/0x360
[   56.669367]  ? perf_ftrace_function_call+0x2d2/0x340
[   56.670190]  ? perf_tp_event+0x4/0x880
[   56.670928]  ? _raw_spin_lock+0x4/0x50
[   56.671607]  ? __get_locked_pte+0x96/0xe0
[   56.672320]  ? ftrace_call+0x5/0x44
[   56.673117]  ? write_comp_data+0x2f/0x90
[   56.674022]  ? _raw_spin_lock+0x4/0x50
[   56.674679]  ? __get_locked_pte+0x96/0xe0
[   56.675416]  perf_ftrace_function_call+0x2d2/0x340
[   56.676199]  ? perf_tp_event+0x9/0x880
[   56.676894]  ? perf_ftrace_function_call+0x2d2/0x340
[   56.677706]  ? perf_tp_event+0x9/0x880
[   56.678367]  ? perf_ftrace_function_call+0x2d2/0x340
[   56.679685]  ? 0xffffffffa02010b1
[   56.680585]  0xffffffffa02010b1
[   56.681346]  ? ftrace_call+0x5/0x44
[   56.682076]  ? pmd_page_vaddr+0x2b/0x80
[   56.682839]  ? _raw_spin_lock+0x9/0x50
[   56.683633]  _raw_spin_lock+0x9/0x50
[   56.684306]  __get_locked_pte+0x96/0xe0
[   56.684996]  ? _raw_spin_lock+0x9/0x50
[   56.685658]  ? __get_locked_pte+0x96/0xe0
[   56.686425]  ? __pfx__regmap_raw_write_impl+0x10/0x10
[   56.687307]  __text_poke+0xf4/0x4e0
[   56.688004]  ? __pfx__regmap_raw_write_impl+0x10/0x10
[   56.688907]  ? __pfx_text_poke_memcpy+0x10/0x10
[   56.689682]  ? lock_is_held_type+0xe6/0x140
[   56.690451]  ? __pfx__regmap_raw_write_impl+0x10/0x10
[   56.691405]  text_poke+0x3a/0x60
[   56.692123]  text_poke_bp_batch+0x94/0x310
[   56.692847]  ? text_poke_bp_batch+0x5/0x310
[   56.693658]  ? __pfx_virtblk_update_cache_mode+0x10/0x10
[   56.694652]  text_poke_queue+0x93/0xb0
[   56.695469]  ftrace_replace_code+0x12a/0x1b0
[   56.696419]  ftrace_modify_all_code+0x1b9/0x2a0
[   56.697311]  arch_ftrace_update_code+0xd/0x20
[   56.698106]  ftrace_startup_enable+0x67/0xa0
[   56.698937]  ftrace_startup+0x124/0x200
[   56.699752]  register_ftrace_function_nolock+0x43/0x90
[   56.700664]  register_ftrace_function+0x1eb/0x280
[   56.701540]  ? __sanitizer_cov_trace_switch+0x57/0xa0
[   56.702553]  perf_ftrace_event_register+0xcd/0xf0
[   56.703427]  perf_trace_event_init+0x98/0x4b0
[   56.704326]  perf_trace_init+0xde/0x170
[   56.705148]  perf_tp_event_init+0x60/0xa0
[   56.705932]  perf_try_init_event+0x88/0x280
[   56.706809]  perf_event_alloc+0xe25/0x1c00
[   56.707630]  ? perf_event_alloc+0x5/0x1c00
[   56.708602]  __do_sys_perf_event_open+0x3b6/0x1910
[   56.710229]  __x64_sys_perf_event_open+0x2f/0x40
[   56.711046]  do_syscall_64+0x3b/0x90
[   56.711744]  entry_SYSCALL_64_after_hwframe+0x72/0xdc
[   56.712546] RIP: 0033:0x7fe17f62659d
[   56.713181] Code: 00 c3 66 2e 0f 1f 84 00 00 00 00 00 90 f3 0f 1e fa 48 89 f8 48 89 f7 48 89 d6 48 89 ca 4d 89 c2 4d 89 c8 4c 8b 4c 24 08 0f 05 <48> 3d 01 f0 ff ff 73 01 c3 48 8b 0d d3 08 0d 00 f7 d8 64 89 01 48
[   56.715477] RSP: 002b:00007ffd572b7f58 EFLAGS: 00000206 ORIG_RAX: 000000000000012a
[   56.716637] RAX: ffffffffffffffda RBX: 0000000000000000 RCX: 00007fe17f62659d
[   56.717675] RDX: 0000000000000000 RSI: 00000000ffffffff RDI: 0000000020000100
[   56.718692] RBP: 00007ffd572b7f70 R08: 0000000000000000 R09: 00007ffd572b7f70
[   56.719717] R10: 00000000ffffffff R11: 0000000000000206 R12: 0000000000401180
[   56.720734] R13: 00007ffd572b8090 R14: 0000000000000000 R15: 0000000000000000
[   56.722231]  </TASK>
[   56.722986] Kernel Offset: disabled
[   56.723797] ---[ end Kernel panic - not syncing: softlockup: hung tasks ]---
