c[?7l[2J[0mSeaBIOS (version rel-1.16.0-0-gd239552ce722-prebuilt.qemu.org)


iPXE (http://ipxe.org) 00:03.0 CA00 PCI2.10 PnP PMM+7FF91000+7FEF1000 CA00
Press Ctrl-B to configure iPXE (PCI 00:03.0)...                                                                               


Booting from ROM..c[?7l[2J[0m.[    0.000000] Linux version 5.15.0-43aa0a195f06+ (root@p-adln01) (gcc (GCC) 8.5.0 20210514 (Red Hat 8.5.0-18), GNU ld version 2.36.1-2.el8) #1 SMP Fri Mar 10 09:01:35 CST 2023
[    0.000000] Command line: console=ttyS0 root=/dev/sda earlyprintk=serial net.ifnames=0
[    0.000000] KERNEL supported cpus:
[    0.000000]   Intel GenuineIntel
[    0.000000]   AMD AuthenticAMD
[    0.000000]   Hygon HygonGenuine
[    0.000000]   Centaur CentaurHauls
[    0.000000]   zhaoxin   Shanghai  
[    0.000000] x86/fpu: Supporting XSAVE feature 0x001: 'x87 floating point registers'
[    0.000000] x86/fpu: Supporting XSAVE feature 0x002: 'SSE registers'
[    0.000000] x86/fpu: Supporting XSAVE feature 0x004: 'AVX registers'
[    0.000000] x86/fpu: Supporting XSAVE feature 0x200: 'Protection Keys User registers'
[    0.000000] x86/fpu: xstate_offset[2]:  576, xstate_sizes[2]:  256
[    0.000000] x86/fpu: xstate_offset[9]:  832, xstate_sizes[9]:    8
[    0.000000] x86/fpu: Enabled xstate features 0x207, context size is 840 bytes, using 'compacted' format.
[    0.000000] signal: max sigframe size: 3632
[    0.000000] BIOS-provided physical RAM map:
[    0.000000] BIOS-e820: [mem 0x0000000000000000-0x000000000009fbff] usable
[    0.000000] BIOS-e820: [mem 0x000000000009fc00-0x000000000009ffff] reserved
[    0.000000] BIOS-e820: [mem 0x00000000000f0000-0x00000000000fffff] reserved
[    0.000000] BIOS-e820: [mem 0x0000000000100000-0x000000007ffdffff] usable
[    0.000000] BIOS-e820: [mem 0x000000007ffe0000-0x000000007fffffff] reserved
[    0.000000] BIOS-e820: [mem 0x00000000feffc000-0x00000000feffffff] reserved
[    0.000000] BIOS-e820: [mem 0x00000000fffc0000-0x00000000ffffffff] reserved
[    0.000000] printk: bootconsole [earlyser0] enabled
[    0.000000] NX (Execute Disable) protection: active
[    0.000000] SMBIOS 2.8 present.
[    0.000000] DMI: QEMU Standard PC (i440FX + PIIX, 1996), BIOS rel-1.16.0-0-gd239552ce722-prebuilt.qemu.org 04/01/2014
[    0.000000] Hypervisor detected: KVM
[    0.000000] kvm-clock: Using msrs 4b564d01 and 4b564d00
[    0.000000] kvm-clock: cpu 0, msr 5401001, primary cpu clock
[    0.000002] kvm-clock: using sched offset of 381417788 cycles
[    0.000687] clocksource: kvm-clock: mask: 0xffffffffffffffff max_cycles: 0x1cd42e4dffb, max_idle_ns: 881590591483 ns
[    0.002606] tsc: Detected 1804.800 MHz processor
[    0.009919] last_pfn = 0x7ffe0 max_arch_pfn = 0x400000000
[    0.010650] x86/PAT: Configuration [0-7]: WB  WC  UC- UC  WB  WP  UC- WT  
[    0.018262] found SMP MP-table at [mem 0x000f5ba0-0x000f5baf]
[    0.019164] Using GB pages for direct mapping
[    0.021158] ACPI: Early table checksum verification disabled
[    0.021908] ACPI: RSDP 0x00000000000F59C0 000014 (v00 BOCHS )
[    0.022645] ACPI: RSDT 0x000000007FFE1951 000034 (v01 BOCHS  BXPC     00000001 BXPC 00000001)
[    0.023723] ACPI: FACP 0x000000007FFE17FD 000074 (v01 BOCHS  BXPC     00000001 BXPC 00000001)
[    0.024802] ACPI: DSDT 0x000000007FFE0040 0017BD (v01 BOCHS  BXPC     00000001 BXPC 00000001)
[    0.025867] ACPI: FACS 0x000000007FFE0000 000040
[    0.026451] ACPI: APIC 0x000000007FFE1871 000080 (v01 BOCHS  BXPC     00000001 BXPC 00000001)
[    0.027513] ACPI: HPET 0x000000007FFE18F1 000038 (v01 BOCHS  BXPC     00000001 BXPC 00000001)
[    0.028588] ACPI: WAET 0x000000007FFE1929 000028 (v01 BOCHS  BXPC     00000001 BXPC 00000001)
[    0.029649] ACPI: Reserving FACP table memory at [mem 0x7ffe17fd-0x7ffe1870]
[    0.030523] ACPI: Reserving DSDT table memory at [mem 0x7ffe0040-0x7ffe17fc]
[    0.031394] ACPI: Reserving FACS table memory at [mem 0x7ffe0000-0x7ffe003f]
[    0.032260] ACPI: Reserving APIC table memory at [mem 0x7ffe1871-0x7ffe18f0]
[    0.033135] ACPI: Reserving HPET table memory at [mem 0x7ffe18f1-0x7ffe1928]
[    0.034001] ACPI: Reserving WAET table memory at [mem 0x7ffe1929-0x7ffe1950]
[    0.036009] No NUMA configuration found
[    0.036493] Faking a node at [mem 0x0000000000000000-0x000000007ffdffff]
[    0.037403] NODE_DATA(0) allocated [mem 0x7ffb5000-0x7ffdffff]
[    0.042157] Zone ranges:
[    0.042482]   DMA      [mem 0x0000000000001000-0x0000000000ffffff]
[    0.043271]   DMA32    [mem 0x0000000001000000-0x000000007ffdffff]
[    0.044041]   Normal   empty
[    0.044411]   Device   empty
[    0.044774] Movable zone start for each node
[    0.045299] Early memory node ranges
[    0.045728]   node   0: [mem 0x0000000000001000-0x000000000009efff]
[    0.046468]   node   0: [mem 0x0000000000100000-0x000000007ffdffff]
[    0.047214] Initmem setup node 0 [mem 0x0000000000001000-0x000000007ffdffff]
[    0.048691] On node 0, zone DMA: 1 pages in unavailable ranges
[    0.048931] On node 0, zone DMA: 97 pages in unavailable ranges
[    0.084956] On node 0, zone DMA32: 32 pages in unavailable ranges
[    0.086087] ACPI: PM-Timer IO Port: 0x608
[    0.087267] ACPI: LAPIC_NMI (acpi_id[0xff] dfl dfl lint[0x1])
[    0.088007] IOAPIC[0]: apic_id 0, version 17, address 0xfec00000, GSI 0-23
[    0.088817] ACPI: INT_SRC_OVR (bus 0 bus_irq 0 global_irq 2 dfl dfl)
[    0.089530] ACPI: INT_SRC_OVR (bus 0 bus_irq 5 global_irq 5 high level)
[    0.090287] ACPI: INT_SRC_OVR (bus 0 bus_irq 9 global_irq 9 high level)
[    0.091036] ACPI: INT_SRC_OVR (bus 0 bus_irq 10 global_irq 10 high level)
[    0.091796] ACPI: INT_SRC_OVR (bus 0 bus_irq 11 global_irq 11 high level)
[    0.092586] ACPI: Using ACPI (MADT) for SMP configuration information
[    0.093309] ACPI: HPET id: 0x8086a201 base: 0xfed00000
[    0.093914] TSC deadline timer available
[    0.094360] smpboot: Allowing 2 CPUs, 0 hotplug CPUs
[    0.095047] kvm-guest: KVM setup pv remote TLB flush
[    0.095609] kvm-guest: setup PV sched yield
[    0.096173] PM: hibernation: Registered nosave memory: [mem 0x00000000-0x00000fff]
[    0.097038] PM: hibernation: Registered nosave memory: [mem 0x0009f000-0x0009ffff]
[    0.097890] PM: hibernation: Registered nosave memory: [mem 0x000a0000-0x000effff]
[    0.098740] PM: hibernation: Registered nosave memory: [mem 0x000f0000-0x000fffff]
[    0.099598] [mem 0x80000000-0xfeffbfff] available for PCI devices
[    0.100282] Booting paravirtualized kernel on KVM
[    0.100877] clocksource: refined-jiffies: mask: 0xffffffff max_cycles: 0xffffffff, max_idle_ns: 7645519600211568 ns
[    0.102073] setup_percpu: NR_CPUS:8192 nr_cpumask_bits:2 nr_cpu_ids:2 nr_node_ids:1
[    0.104896] percpu: Embedded 55 pages/cpu s188416 r8192 d28672 u1048576
[    0.105878] kvm-guest: setup async PF for cpu 0
[    0.106395] kvm-guest: stealtime: cpu 0, msr 7dc2d080
[    0.106978] kvm-guest: PV spinlocks enabled
[    0.107474] PV qspinlock hash table entries: 256 (order: 0, 4096 bytes, linear)
[    0.108363] Built 1 zonelists, mobility grouping on.  Total pages: 515808
[    0.109147] Policy zone: DMA32
[    0.109503] Kernel command line: net.ifnames=0 console=ttyS0 root=/dev/sda earlyprintk=serial net.ifnames=0
[    0.114706] Dentry cache hash table entries: 262144 (order: 9, 2097152 bytes, linear)
[    0.116429] Inode-cache hash table entries: 131072 (order: 8, 1048576 bytes, linear)
[    0.117436] mem auto-init: stack:off, heap alloc:off, heap free:off
[    0.122236] Memory: 1987504K/2096632K available (30737K kernel code, 5252K rwdata, 7680K rodata, 3112K init, 22136K bss, 108872K reserved, 0K cma-reserved)
[    0.123879] random: get_random_u64 called from __kmem_cache_create+0x2f/0x4d0 with crng_init=0
[    0.124702] SLUB: HWalign=64, Order=0-3, MinObjects=0, CPUs=2, Nodes=1
[    0.126410] kmemleak: Kernel memory leak detector disabled
[    0.127077] ftrace: allocating 65087 entries in 255 pages
[    0.220711] ftrace: allocated 255 pages with 8 groups
[    0.221814] Running RCU self tests
[    0.222218] rcu: Hierarchical RCU implementation.
[    0.222747] rcu: 	RCU lockdep checking is enabled.
[    0.223283] rcu: 	RCU restricting CPUs from NR_CPUS=8192 to nr_cpu_ids=2.
[    0.224040] 	Trampoline variant of Tasks RCU enabled.
[    0.224616] 	Rude variant of Tasks RCU enabled.
[    0.225122] 	Tracing variant of Tasks RCU enabled.
[    0.225658] rcu: RCU calculated value of scheduler-enlistment delay is 25 jiffies.
[    0.226512] rcu: Adjusting geometry for rcu_fanout_leaf=16, nr_cpu_ids=2
[    0.251227] NR_IRQS: 524544, nr_irqs: 440, preallocated irqs: 16
[    0.263314] Console: colour VGA+ 80x25
[    0.263827] printk: console [ttyS0] enabled
[    0.263827] printk: console [ttyS0] enabled
[    0.264784] printk: bootconsole [earlyser0] disabled
[    0.264784] printk: bootconsole [earlyser0] disabled
[    0.265916] Lock dependency validator: Copyright (c) 2006 Red Hat, Inc., Ingo Molnar
[    0.266810] ... MAX_LOCKDEP_SUBCLASSES:  8
[    0.267293] ... MAX_LOCK_DEPTH:          48
[    0.267787] ... MAX_LOCKDEP_KEYS:        8192
[    0.268301] ... CLASSHASH_SIZE:          4096
[    0.268816] ... MAX_LOCKDEP_ENTRIES:     32768
[    0.269338] ... MAX_LOCKDEP_CHAINS:      65536
[    0.269860] ... CHAINHASH_SIZE:          32768
[    0.270381]  memory used by lock dependency info: 6365 kB
[    0.271012]  memory used for stack traces: 4224 kB
[    0.271573]  per task-struct memory footprint: 1920 bytes
[    0.272249] ACPI: Core revision 20210730
[    0.273019] clocksource: hpet: mask: 0xffffffff max_cycles: 0xffffffff, max_idle_ns: 19112604467 ns
[    0.274234] APIC: Switch to symmetric I/O mode setup
[    0.275072] x2apic enabled
[    0.275657] Switched APIC routing to physical x2apic.
[    0.276274] kvm-guest: setup PV IPIs
[    0.277934] ..TIMER: vector=0x30 apic1=0 pin1=2 apic2=-1 pin2=-1
[    0.278715] clocksource: tsc-early: mask: 0xffffffffffffffff max_cycles: 0x1a03dfe73b3, max_idle_ns: 440795256845 ns
[    0.280004] Calibrating delay loop (skipped) preset value.. 3609.60 BogoMIPS (lpj=7219200)
[    0.281019] pid_max: default: 32768 minimum: 301
[    0.281679] LSM: Security Framework initializing
[    0.284008] Yama: becoming mindful.
[    0.284600] Mount-cache hash table entries: 4096 (order: 3, 32768 bytes, linear)
[    0.285517] Mountpoint-cache hash table entries: 4096 (order: 3, 32768 bytes, linear)
[    0.288099] x86/cpu: User Mode Instruction Prevention (UMIP) activated
[    0.289653] Last level iTLB entries: 4KB 0, 2MB 0, 4MB 0
[    0.292020] Last level dTLB entries: 4KB 0, 2MB 0, 4MB 0, 1GB 0
[    0.292796] Spectre V1 : Mitigation: usercopy/swapgs barriers and __user pointer sanitization
[    0.293837] Spectre V2 : Mitigation: Enhanced IBRS
[    0.294410] Spectre V2 : Spectre v2 / SpectreRSB mitigation: Filling RSB on context switch
[    0.295384] Spectre V2 : mitigation: Enabling conditional Indirect Branch Prediction Barrier
[    0.295993] Speculative Store Bypass: Mitigation: Speculative Store Bypass disabled via prctl and seccomp
[    0.347244] Freeing SMP alternatives memory: 56K
[    0.348419] smpboot: CPU0: Intel(R) Core(TM) i3-N305 (family: 0x6, model: 0xbe, stepping: 0x0)
[    0.350216] Running RCU-tasks wait API self tests
[    0.452176] Performance Events: generic architected perfmon, full-width counters, Intel PMU driver.
[    0.453310] ... version:                2
[    0.453772] ... bit width:              48
[    0.454241] ... generic registers:      6
[    0.454735] ... value mask:             0000ffffffffffff
[    0.455336] ... max period:             00007fffffffffff
[    0.455935] ... fixed-purpose events:   3
[    0.455996] ... event mask:             000000070000003f
[    0.457095] rcu: Hierarchical SRCU implementation.
[    0.460029] Callback from call_rcu_tasks_trace() invoked.
[    0.461705] smp: Bringing up secondary CPUs ...
[    0.462867] x86: Booting SMP configuration:
[    0.463357] .... node  #0, CPUs:      #1
[    0.027771] kvm-clock: cpu 1, msr 5401041, secondary cpu clock
[    0.464286] kvm-guest: setup async PF for cpu 1
[    0.465260] kvm-guest: stealtime: cpu 1, msr 7dd2d080
[    0.465925] smp: Brought up 1 node, 2 CPUs
[    0.465925] smpboot: Max logical packages: 1
[    0.465925] smpboot: Total of 2 processors activated (7219.20 BogoMIPS)
[    0.472553] devtmpfs: initialized
[    0.472799] x86/mm: Memory block size: 128MB
[    0.476474] clocksource: jiffies: mask: 0xffffffff max_cycles: 0xffffffff, max_idle_ns: 7645041785100000 ns
[    0.477193] futex hash table entries: 512 (order: 4, 65536 bytes, linear)
[    0.478409] pinctrl core: initialized pinctrl subsystem
[    0.480718] 
[    0.480919] *************************************************************
[    0.481701] **     NOTICE NOTICE NOTICE NOTICE NOTICE NOTICE NOTICE    **
[    0.482462] **                                                         **
[    0.483219] **  IOMMU DebugFS SUPPORT HAS BEEN ENABLED IN THIS KERNEL  **
[    0.483979] **                                                         **
[    0.484000] ** This means that this kernel is built to expose internal **
[    0.484774] ** IOMMU data structures, which may compromise security on **
[    0.485535] ** your system.                                            **
[    0.486293] **                                                         **
[    0.487059] ** If you see this message and you are not debugging the   **
[    0.487816] ** kernel, report this immediately to your vendor!         **
[    0.487994] **                                                         **
[    0.488755] **     NOTICE NOTICE NOTICE NOTICE NOTICE NOTICE NOTICE    **
[    0.489518] *************************************************************
[    0.490371] PM: RTC time: 20:56:13, date: 2023-03-28
[    0.492457] NET: Registered PF_NETLINK/PF_ROUTE protocol family
[    0.493768] DMA: preallocated 256 KiB GFP_KERNEL pool for atomic allocations
[    0.494619] DMA: preallocated 256 KiB GFP_KERNEL|GFP_DMA pool for atomic allocations
[    0.495503] DMA: preallocated 256 KiB GFP_KERNEL|GFP_DMA32 pool for atomic allocations
[    0.496048] audit: initializing netlink subsys (disabled)
[    0.496686] audit: type=2000 audit(1680036974.827:1): state=initialized audit_enabled=0 res=1
[    0.496966] thermal_sys: Registered thermal governor 'fair_share'
[    0.496966] thermal_sys: Registered thermal governor 'bang_bang'
[    0.496966] thermal_sys: Registered thermal governor 'step_wise'
[    0.497447] thermal_sys: Registered thermal governor 'user_space'
[    0.498217] cpuidle: using governor ladder
[    0.499380] cpuidle: using governor menu
[    0.500162] ACPI: bus type PCI registered
[    0.500630] acpiphp: ACPI Hot Plug PCI Controller Driver version: 0.5
[    0.501776] PCI: Using configuration type 1 for base access
[    0.516902] Kprobes globally optimized
[    0.520052] HugeTLB registered 1.00 GiB page size, pre-allocated 0 pages
[    0.520828] HugeTLB registered 2.00 MiB page size, pre-allocated 0 pages
[    0.529718] ACPI: Added _OSI(Module Device)
[    0.529718] ACPI: Added _OSI(Processor Device)
[    0.529718] ACPI: Added _OSI(3.0 _SCP Extensions)
[    0.530069] ACPI: Added _OSI(Processor Aggregator Device)
[    0.530680] ACPI: Added _OSI(Linux-Dell-Video)
[    0.531185] ACPI: Added _OSI(Linux-Lenovo-NV-HDMI-Audio)
[    0.531786] ACPI: Added _OSI(Linux-HPI-Hybrid-Graphics)
[    0.538091] ACPI: 1 ACPI AML tables successfully acquired and loaded
[    0.541464] ACPI: Interpreter enabled
[    0.541995] ACPI: PM: (supports S0 S3 S4 S5)
[    0.542484] ACPI: Using IOAPIC for interrupt routing
[    0.544058] PCI: Using host bridge windows from ACPI; if necessary, use "pci=nocrs" and report a bug
[    0.545878] ACPI: Enabled 2 GPEs in block 00 to 0F
[    0.556056] Callback from call_rcu_tasks_rude() invoked.
[    0.564584] ACPI: PCI Root Bridge [PCI0] (domain 0000 [bus 00-ff])
[    0.565322] acpi PNP0A03:00: _OSC: OS supports [ASPM ClockPM Segments MSI EDR HPX-Type3]
[    0.566317] acpi PNP0A03:00: fail to add MMCONFIG information, can't access extended PCI configuration space under this bridge.
[    0.569804] acpiphp: Slot [3] registered
[    0.570343] acpiphp: Slot [4] registered
[    0.570873] acpiphp: Slot [5] registered
[    0.571405] acpiphp: Slot [6] registered
[    0.571935] acpiphp: Slot [7] registered
[    0.572082] acpiphp: Slot [8] registered
[    0.572615] acpiphp: Slot [9] registered
[    0.573141] acpiphp: Slot [10] registered
[    0.573682] acpiphp: Slot [11] registered
[    0.574219] acpiphp: Slot [12] registered
[    0.574754] acpiphp: Slot [13] registered
[    0.575289] acpiphp: Slot [14] registered
[    0.575822] acpiphp: Slot [15] registered
[    0.576075] acpiphp: Slot [16] registered
[    0.576613] acpiphp: Slot [17] registered
[    0.577155] acpiphp: Slot [18] registered
[    0.577690] acpiphp: Slot [19] registered
[    0.578236] acpiphp: Slot [20] registered
[    0.578777] acpiphp: Slot [21] registered
[    0.579316] acpiphp: Slot [22] registered
[    0.579858] acpiphp: Slot [23] registered
[    0.580074] acpiphp: Slot [24] registered
[    0.580609] acpiphp: Slot [25] registered
[    0.581152] acpiphp: Slot [26] registered
[    0.581691] acpiphp: Slot [27] registered
[    0.582226] acpiphp: Slot [28] registered
[    0.582763] acpiphp: Slot [29] registered
[    0.583302] acpiphp: Slot [30] registered
[    0.583847] acpiphp: Slot [31] registered
[    0.584026] PCI host bridge to bus 0000:00
[    0.584502] pci_bus 0000:00: root bus resource [io  0x0000-0x0cf7 window]
[    0.585267] pci_bus 0000:00: root bus resource [io  0x0d00-0xffff window]
[    0.586030] pci_bus 0000:00: root bus resource [mem 0x000a0000-0x000bffff window]
[    0.586871] pci_bus 0000:00: root bus resource [mem 0x80000000-0xfebfffff window]
[    0.587748] pci_bus 0000:00: root bus resource [mem 0x100000000-0x17fffffff window]
[    0.592010] pci_bus 0000:00: root bus resource [bus 00-ff]
[    0.593590] pci 0000:00:00.0: [8086:1237] type 00 class 0x060000
[    0.599179] pci 0000:00:01.0: [8086:7000] type 00 class 0x060100
[    0.601212] pci 0000:00:01.1: [8086:7010] type 00 class 0x010180
[    0.603756] pci 0000:00:01.1: reg 0x20: [io  0xc040-0xc04f]
[    0.604683] pci 0000:00:01.1: legacy IDE quirk: reg 0x10: [io  0x01f0-0x01f7]
[    0.605528] pci 0000:00:01.1: legacy IDE quirk: reg 0x14: [io  0x03f6]
[    0.606309] pci 0000:00:01.1: legacy IDE quirk: reg 0x18: [io  0x0170-0x0177]
[    0.607146] pci 0000:00:01.1: legacy IDE quirk: reg 0x1c: [io  0x0376]
[    0.609060] pci 0000:00:01.3: [8086:7113] type 00 class 0x068000
[    0.610294] pci 0000:00:01.3: quirk: [io  0x0600-0x063f] claimed by PIIX4 ACPI
[    0.611158] pci 0000:00:01.3: quirk: [io  0x0700-0x070f] claimed by PIIX4 SMB
[    0.614243] pci 0000:00:02.0: [1234:1111] type 00 class 0x030000
[    0.616406] pci 0000:00:02.0: reg 0x10: [mem 0xfd000000-0xfdffffff pref]
[    0.619663] pci 0000:00:02.0: reg 0x18: [mem 0xfebf0000-0xfebf0fff]
[    0.623797] pci 0000:00:02.0: reg 0x30: [mem 0xfebe0000-0xfebeffff pref]
[    0.629529] pci 0000:00:03.0: [8086:100e] type 00 class 0x020000
[    0.631000] pci 0000:00:03.0: reg 0x10: [mem 0xfebc0000-0xfebdffff]
[    0.632194] pci 0000:00:03.0: reg 0x14: [io  0xc000-0xc03f]
[    0.635899] pci 0000:00:03.0: reg 0x30: [mem 0xfeb80000-0xfebbffff pref]
[    0.652652] ACPI: PCI: Interrupt link LNKA configured for IRQ 10
[    0.653801] ACPI: PCI: Interrupt link LNKB configured for IRQ 10
[    0.654932] ACPI: PCI: Interrupt link LNKC configured for IRQ 11
[    0.656056] ACPI: PCI: Interrupt link LNKD configured for IRQ 11
[    0.656954] ACPI: PCI: Interrupt link LNKS configured for IRQ 9
[    0.660280] iommu: Default domain type: Translated 
[    0.660628] iommu: DMA domain TLB invalidation policy: lazy mode 
[    0.661571] pci 0000:00:02.0: vgaarb: setting as boot VGA device
[    0.661571] pci 0000:00:02.0: vgaarb: VGA device added: decodes=io+mem,owns=io+mem,locks=none
[    0.664001] pci 0000:00:02.0: vgaarb: bridge control possible
[    0.664684] vgaarb: loaded
[    0.666418] SCSI subsystem initialized
[    0.666889] ACPI: bus type USB registered
[    0.666889] usbcore: registered new interface driver usbfs
[    0.666889] usbcore: registered new interface driver hub
[    0.668041] usbcore: registered new device driver usb
[    0.668728] pps_core: LinuxPPS API ver. 1 registered
[    0.669297] pps_core: Software ver. 5.3.6 - Copyright 2005-2007 Rodolfo Giometti <giometti@linux.it>
[    0.670351] PTP clock support registered
[    0.672075] EDAC MC: Ver: 3.0.0
[    0.673180] NetLabel: Initializing
[    0.673609] NetLabel:  domain hash size = 128
[    0.674131] NetLabel:  protocols = UNLABELED CIPSOv4 CALIPSO
[    0.676085] NetLabel:  unlabeled traffic allowed by default
[    0.676830] PCI: Using ACPI for IRQ routing
[    0.676830] hpet0: at MMIO 0xfed00000, IRQs 2, 8, 0
[    0.677102] hpet0: 3 comparators, 64-bit 100.000000 MHz counter
[    0.681289] clocksource: Switched to clocksource kvm-clock
[    0.768151] Callback from call_rcu_tasks() invoked.
[    0.807665] VFS: Disk quotas dquot_6.6.0
[    0.808298] VFS: Dquot-cache hash table entries: 512 (order 0, 4096 bytes)
[    0.809537] pnp: PnP ACPI init
[    0.812358] pnp: PnP ACPI: found 6 devices
[    0.824762] clocksource: acpi_pm: mask: 0xffffff max_cycles: 0xffffff, max_idle_ns: 2085701024 ns
[    0.826212] NET: Registered PF_INET protocol family
[    0.827140] IP idents hash table entries: 32768 (order: 6, 262144 bytes, linear)
[    0.828960] tcp_listen_portaddr_hash hash table entries: 1024 (order: 4, 81920 bytes, linear)
[    0.830056] TCP established hash table entries: 16384 (order: 5, 131072 bytes, linear)
[    0.831346] TCP bind hash table entries: 16384 (order: 8, 1179648 bytes, linear)
[    0.833626] TCP: Hash tables configured (established 16384 bind 16384)
[    0.834652] UDP hash table entries: 1024 (order: 5, 163840 bytes, linear)
[    0.835676] UDP-Lite hash table entries: 1024 (order: 5, 163840 bytes, linear)
[    0.837064] NET: Registered PF_UNIX/PF_LOCAL protocol family
[    0.838690] RPC: Registered named UNIX socket transport module.
[    0.839420] RPC: Registered udp transport module.
[    0.839985] RPC: Registered tcp transport module.
[    0.840565] RPC: Registered tcp NFSv4.1 backchannel transport module.
[    0.841353] pci_bus 0000:00: resource 4 [io  0x0000-0x0cf7 window]
[    0.842096] pci_bus 0000:00: resource 5 [io  0x0d00-0xffff window]
[    0.842834] pci_bus 0000:00: resource 6 [mem 0x000a0000-0x000bffff window]
[    0.843652] pci_bus 0000:00: resource 7 [mem 0x80000000-0xfebfffff window]
[    0.844491] pci_bus 0000:00: resource 8 [mem 0x100000000-0x17fffffff window]
[    0.845651] pci 0000:00:01.0: PIIX3: Enabling Passive Release
[    0.846355] pci 0000:00:00.0: Limiting direct PCI/PCI transfers
[    0.847084] pci 0000:00:01.0: Activating ISA DMA hang workarounds
[    0.847922] pci 0000:00:02.0: Video device with shadowed ROM at [mem 0x000c0000-0x000dffff]
[    0.848956] PCI: CLS 0 bytes, default 64
[    0.849925] ACPI: bus type thunderbolt registered
[    0.850890] clocksource: tsc: mask: 0xffffffffffffffff max_cycles: 0x1a03dfe73b3, max_idle_ns: 440795256845 ns
[    3.483566] Initialise system trusted keyrings
[    3.484293] Key type blacklist registered
[    3.485024] workingset: timestamp_bits=36 max_order=19 bucket_order=0
[    3.496207] zbud: loaded
[    3.498483] squashfs: version 4.0 (2009/01/31) Phillip Lougher
[    3.500671] NFS: Registering the id_resolver key type
[    3.501271] Key type id_resolver registered
[    3.501751] Key type id_legacy registered
[    3.502322] nfs4filelayout_init: NFSv4 File Layout Driver Registering...
[    3.503099] nfs4flexfilelayout_init: NFSv4 Flexfile Layout Driver Registering...
[    3.504175] fuse: init (API version 7.34)
[    3.504994] SGI XFS with ACLs, security attributes, realtime, quota, no debug enabled
[    3.507831] 9p: Installing v9fs 9p2000 file system support
[    3.517347] Key type asymmetric registered
[    3.517876] Asymmetric key parser 'x509' registered
[    3.518698] Block layer SCSI generic (bsg) driver version 0.4 loaded (major 244)
[    3.519792] io scheduler mq-deadline registered
[    3.520481] io scheduler bfq registered
[    3.521472] shpchp: Standard Hot Plug PCI Controller Driver version: 0.4
[    3.522707] IPMI message handler: version 39.2
[    3.523269] ipmi device interface
[    3.525323] input: Power Button as /devices/LNXSYSTM:00/LNXPWRBN:00/input/input0
[    3.526480] ACPI: button: Power Button [PWRF]
[    3.528104] ERST DBG: ERST support is disabled.
[    3.529246] Serial: 8250/16550 driver, 32 ports, IRQ sharing enabled
[    3.530683] 00:04: ttyS0 at I/O 0x3f8 (irq = 4, base_baud = 115200) is a 16550A
[    3.542156] Linux agpgart interface v0.103
[    3.557537] brd: module loaded
[    3.566435] loop: module loaded
[    3.571677] scsi host0: ata_piix
[    3.572843] scsi host1: ata_piix
[    3.573395] ata1: PATA max MWDMA2 cmd 0x1f0 ctl 0x3f6 bmdma 0xc040 irq 14
[    3.574163] ata2: PATA max MWDMA2 cmd 0x170 ctl 0x376 bmdma 0xc048 irq 15
[    3.576108] libphy: Fixed MDIO Bus: probed
[    3.576895] tun: Universal TUN/TAP device driver, 1.6
[    3.577674] e100: Intel(R) PRO/100 Network Driver
[    3.578209] e100: Copyright(c) 1999-2006 Intel Corporation
[    3.578860] e1000: Intel(R) PRO/1000 Network Driver
[    3.579409] e1000: Copyright (c) 1999-2006 Intel Corporation.
[    3.732863] ata1.00: ATA-7: QEMU HARDDISK, 2.5+, max UDMA/100
[    3.733571] ata1.00: 16777216 sectors, multi 16: LBA48 
[    3.734408] ata1.00: Read log page 0x00 failed, Emask 0x1
[    3.735059] ata1.00: ATA Identify Device Log not supported
[    3.736392] ata1.00: Read log page 0x00 failed, Emask 0x1
[    3.737046] ata1.00: ATA Identify Device Log not supported
[    3.738415] scsi 0:0:0:0: Direct-Access     ATA      QEMU HARDDISK    2.5+ PQ: 0 ANSI: 5
[    3.740248] scsi 0:0:0:0: Attached scsi generic sg0 type 0
[    3.741698] sd 0:0:0:0: [sda] 16777216 512-byte logical blocks: (8.59 GB/8.00 GiB)
[    3.743301] sd 0:0:0:0: [sda] Write Protect is off
[    3.743932] ata2.00: ATAPI: QEMU DVD-ROM, 2.5+, max UDMA/100
[    3.744904] sd 0:0:0:0: [sda] Write cache: enabled, read cache: enabled, doesn't support DPO or FUA
[    3.747048] scsi 1:0:0:0: CD-ROM            QEMU     QEMU DVD-ROM     2.5+ PQ: 0 ANSI: 5
[    3.749139] scsi 1:0:0:0: Attached scsi generic sg1 type 5
[    3.759621] ACPI: \_SB_.LNKC: Enabled at IRQ 11
[    3.788292] sd 0:0:0:0: [sda] Attached SCSI disk
[    4.100735] e1000 0000:00:03.0 eth0: (PCI:33MHz:32-bit) 52:54:00:12:34:56
[    4.101555] e1000 0000:00:03.0 eth0: Intel(R) PRO/1000 Network Connection
[    4.102433] e1000e: Intel(R) PRO/1000 Network Driver
[    4.103000] e1000e: Copyright(c) 1999 - 2015 Intel Corporation.
[    4.103753] igb: Intel(R) Gigabit Ethernet Network Driver
[    4.104386] igb: Copyright (c) 2007-2014 Intel Corporation.
[    4.105125] PPP generic driver version 2.4.2
[    4.106131] VFIO - User Level meta-driver version: 0.3
[    4.106774] ehci_hcd: USB 2.0 'Enhanced' Host Controller (EHCI) Driver
[    4.107521] ehci-pci: EHCI PCI platform driver
[    4.108106] ehci-platform: EHCI generic platform driver
[    4.108720] ohci_hcd: USB 1.1 'Open' Host Controller (OHCI) Driver
[    4.109436] ohci-pci: OHCI PCI platform driver
[    4.109977] ohci-platform: OHCI generic platform driver
[    4.110589] uhci_hcd: USB Universal Host Controller Interface driver
[    4.111694] usbcore: registered new interface driver uas
[    4.112399] usbcore: registered new interface driver usb-storage
[    4.113210] i8042: PNP: PS/2 Controller [PNP0303:KBD,PNP0f13:MOU] at 0x60,0x64 irq 1,12
[    4.115085] serio: i8042 KBD port at 0x60,0x64 irq 1
[    4.115690] serio: i8042 AUX port at 0x60,0x64 irq 12
[    4.117118] mousedev: PS/2 mouse device common for all mice
[    4.118762] input: AT Translated Set 2 keyboard as /devices/platform/i8042/serio0/input/input1
[    4.121138] input: VirtualPS/2 VMware VMMouse as /devices/platform/i8042/serio1/input/input4
[    4.122382] rtc_cmos 00:05: RTC can wake from S4
[    4.124108] input: VirtualPS/2 VMware VMMouse as /devices/platform/i8042/serio1/input/input3
[    4.125474] rtc_cmos 00:05: registered as rtc0
[    4.126079] rtc_cmos 00:05: setting system clock to 2023-03-28T20:56:17 UTC (1680036977)
[    4.127159] rtc_cmos 00:05: alarms up to one day, y3k, 242 bytes nvram, hpet irqs
[    4.128082] i2c_dev: i2c /dev entries driver
[    4.128630] device-mapper: core: CONFIG_IMA_DISABLE_HTABLE is disabled. Duplicate IMA measurements will not be recorded in the IMA log.
[    4.130080] device-mapper: uevent: version 1.0.3
[    4.130954] device-mapper: ioctl: 4.45.0-ioctl (2021-03-22) initialised: dm-devel@redhat.com
[    4.132016] intel_pstate: CPU model not supported
[    4.132688] sdhci: Secure Digital Host Controller Interface driver
[    4.133389] sdhci: Copyright(c) Pierre Ossman
[    4.133972] sdhci-pltfm: SDHCI platform and OF driver helper
[    4.134716] ledtrig-cpu: registered to indicate activity on CPUs
[    4.135687] drop_monitor: Initializing network drop monitor service
[    4.136942] NET: Registered PF_INET6 protocol family
[    4.141552] Segment Routing with IPv6
[    4.142038] In-situ OAM (IOAM) with IPv6
[    4.142550] NET: Registered PF_PACKET protocol family
[    4.143433] 9pnet: Installing 9P2000 support
[    4.144041] Key type dns_resolver registered
[    4.145460] IPI shorthand broadcast: enabled
[    4.146010] sched_clock: Marking stable (4121447251, 23771469)->(4157836826, -12618106)
[    4.147521] registered taskstats version 1
[    4.148297] Loading compiled-in X.509 certificates
[    4.149017] zswap: loaded using pool lzo/zbud
[    4.150365] Key type ._fscrypt registered
[    4.150864] Key type .fscrypt registered
[    4.151337] Key type fscrypt-provisioning registered
[    4.153323] Key type encrypted registered
[    4.153872] ima: No TPM chip found, activating TPM-bypass!
[    4.154536] ima: Allocated hash algorithm: sha1
[    4.155133] ima: No architecture policies found
[    4.155755] evm: Initialising EVM extended attributes:
[    4.156388] evm: security.selinux
[    4.156780] evm: security.SMACK64
[    4.157159] evm: security.SMACK64EXEC
[    4.157576] evm: security.SMACK64TRANSMUTE
[    4.158039] evm: security.SMACK64MMAP
[    4.158456] evm: security.apparmor
[    4.158844] evm: security.ima
[    4.159185] evm: security.capability
[    4.159592] evm: HMAC attrs: 0x1
[    4.161370] PM:   Magic number: 15:100:954
[    4.161966] memory memory7: hash matches
[    4.162798] RAS: Correctable Errors collector initialized.
[    4.164647] md: Waiting for all devices to be available before autodetect
[    4.165413] md: If you don't use raid, use raid=noautodetect
[    4.166051] md: Autodetecting RAID arrays.
[    4.166526] md: autorun ...
[    4.166851] md: ... autorun DONE.
[    4.172283] EXT4-fs (sda): INFO: recovery required on readonly filesystem
[    4.173081] EXT4-fs (sda): write access will be enabled during recovery
[    4.196219] EXT4-fs (sda): recovery complete
[    4.198430] EXT4-fs (sda): mounted filesystem with ordered data mode. Opts: (null). Quota mode: none.
[    4.199653] VFS: Mounted root (ext4 filesystem) readonly on device 8:0.
[    4.201177] devtmpfs: mounted
[    4.206425] Freeing unused decrypted memory: 2036K
[    4.209156] Freeing unused kernel image (initmem) memory: 3112K
[    4.216094] Write protecting the kernel read-only data: 40960k
[    4.220311] Freeing unused kernel image (text/rodata gap) memory: 2028K
[    4.221723] Freeing unused kernel image (rodata/data gap) memory: 512K
[    4.334681] x86/mm: Checked W+X mappings: passed, no W+X pages found.
[    4.335424] Run /sbin/init as init process
[    4.397700] random: fast init done
[    4.449607] systemd[1]: RTC configured in localtime, applying delta of 0 minutes to system time.
[    4.486010] systemd[1]: systemd 239 (239-49.el8) running in system mode. (+PAM +AUDIT +SELINUX +IMA -APPARMOR +SMACK +SYSVINIT +UTMP +LIBCRYPTSETUP +GCRYPT +GNUTLS +ACL +XZ +LZ4 +SECCOMP +BLKID +ELFUTILS +KMOD +IDN2 -IDN +PCRE2 default-hierarchy=legacy)
[    4.488957] systemd[1]: Detected virtualization kvm.
[    4.489573] systemd[1]: Detected architecture x86-64.

Welcome to [0;31mCentOS Stream 8[0m!

[    4.515394] systemd[1]: Set hostname to <test>.
[    4.680049] random: lvmconfig: uninitialized urandom read (4 bytes read)
[    4.813168] random: systemd: uninitialized urandom read (16 bytes read)
[    4.817538] systemd[1]: Created slice system-sshd\x2dkeygen.slice.
[[0;32m  OK  [0m] Created slice system-sshd\x2dkeygen.slice.
[    4.819155] random: systemd: uninitialized urandom read (16 bytes read)
[    4.820815] systemd[1]: Created slice system-getty.slice.
[[0;32m  OK  [0m] Created slice system-getty.slice.
[    4.823015] systemd[1]: Created slice system-serial\x2dgetty.slice.
[[0;32m  OK  [0m] Created slice system-serial\x2dgetty.slice.
[    4.826865] systemd[1]: Listening on RPCbind Server Activation Socket.
[[0;32m  OK  [0m] Listening on RPCbind Server Activation Socket.
[    4.828652] systemd[1]: Listening on udev Kernel Socket.
[[0;32m  OK  [0m] Listening on udev Kernel Socket.
[    4.830254] systemd[1]: Listening on Journal Socket.
[[0;32m  OK  [0m] Listening on Journal Socket.
         Starting Remount Root and Kernel File Systems...
         Mounting Kernel Debug File System...
         Starting Setup Virtual Console...
[[0;32m  OK  [0m] Listening on LVM2 poll daemon socket.
         Mounting Huge Pages File System...
[[0;32m  OK  [0m] Listening on Device-mapper event daemon FIFOs.
         Starting Monitoring of LVM2 mirrorsâ€¦ng dmeventd or progress polling...
[[0;32m  OK  [0m] Set up automount Arbitrary Executabâ€¦rmats File System Automount Point.
[[0;32m  OK  [0m] Listening on multipathd control socket.
[[0;32m  OK  [0m] Listening on udev Control Socket.
         Mounting POSIX Message Queue File System...
[[0;32m  OK  [0m] Created slice User and Session Slice.
[[0;32m  OK  [0m] Listening on initctl Compatibility Named Pipe.
[[0;32m  OK  [0m] Reached target Slices.
[[0;32m  OK  [0m] Started Forward Password Requests to Wall Directory Watch.
[[0;32m  OK  [0m] Listening on Journal Socket (/dev/log).
         Starting Journal Service...
[[0;32m  OK  [0m] Reached target Swap.
[[0;32m  OK  [0m] Reached target RPC Port Mapper.
         Starting Load Kernel Modules...
         Starting udev Coldplug all Devices...
[[0;32m  OK  [0m] Listening on Process Core Dump Socket.
[    5.120351] EXT4-fs (sda): re-mounted. Opts: (null). Quota mode: none.
[[0;32m  OK  [0m] Started Remount Root and Kernel File Systems.
[[0;32m  OK  [0m] Mounted Kernel Debug File System.
[[0;32m  OK  [0m] Mounted Huge Pages File System.
[[0;32m  OK  [0m] Mounted POSIX Message Queue File System.
[[0;1;31mFAILED[0m] Failed to start Load Kernel Modules.
See 'systemctl status systemd-modules-load.service' for details.
         Starting Apply Kernel Variables...
         Mounting Kernel Configuration File System...
         Mounting FUSE Control File System...
         Starting Create Static Device Nodes in /dev...
         Starting Load/Save Random Seed...
[[0;32m  OK  [0m] Started Journal Service.
[[0;32m  OK  [0m] Started Setup Virtual Console.
[[0;32m  OK  [0m] Started Apply Kernel Variables.
[[0;32m  OK  [0m] Mounted Kernel Configuration File System.
[[0;32m  OK  [0m] Mounted FUSE Control File System.
         Starting Flush Journal to Persistent Storage...
[[0;32m  OK  [0m] Started Load/Save Random Seed.
[[0;32m  OK  [0m] Started Create Static Device Nodes in /dev.
         Starting udev Kernel Device Manager...
[[0;32m  OK  [0m] Started Flush Journal to Persistent Storage.
[[0;32m  OK  [0m] Started udev Kernel Device Manager.
[[0;32m  OK  [0m] Started udev Coldplug all Devices.
         Starting udev Wait for Complete Device Initialization...
         Starting Show Plymouth Boot Screen...
[[0;32m  OK  [0m] Started Show Plymouth Boot Screen.
[[0;32m  OK  [0m] Started Forward Password Requests to Plymouth Directory Watch.
[[0;32m  OK  [0m] Reached target Paths.
[[0;32m  OK  [0m] Reached target Local Encrypted Volumes.
[[0;32m  OK  [0m] Found device /dev/ttyS0.
[[0;32m  OK  [0m] Started Monitoring of LVM2 mirrors,â€¦sing dmeventd or progress polling.
[[0;32m  OK  [0m] Started udev Wait for Complete Device Initialization.
[[0;32m  OK  [0m] Listening on Load/Save RF Kill Switch Status /dev/rfkill Watch.
[[0;32m  OK  [0m] Reached target Local File Systems (Pre).
[[0;32m  OK  [0m] Reached target Local File Systems.
         Starting Tell Plymouth To Write Out Runtime Data...
         Starting Create Volatile Files and Directories...
         Starting Restore /run/initramfs on shutdown...
[[0;32m  OK  [0m] Started Tell Plymouth To Write Out Runtime Data.
[[0;32m  OK  [0m] Started Restore /run/initramfs on shutdown.
[[0;32m  OK  [0m] Started Create Volatile Files and Directories.
         Starting Security Auditing Service...
         Starting RPC Bind...
         Mounting RPC Pipe File System...
[[0;32m  OK  [0m] Mounted RPC Pipe File System.
[[0;32m  OK  [0m] Reached target rpc_pipefs.target.
[[0;32m  OK  [0m] Started RPC Bind.
[[0;32m  OK  [0m] Started Security Auditing Service.
         Starting Update UTMP about System Boot/Shutdown...
[[0;32m  OK  [0m] Started Update UTMP about System Boot/Shutdown.
[[0;32m  OK  [0m] Reached target System Initialization.
[[0;32m  OK  [0m] Listening on D-Bus System Message Bus Socket.
[[0;32m  OK  [0m] Started Daily Cleanup of Temporary Directories.
[[0;32m  OK  [0m] Listening on SSSD Kerberos Cache Manager responder socket.
[[0;32m  OK  [0m] Reached target Sockets.
[[0;32m  OK  [0m] Reached target Basic System.
[[0;32m  OK  [0m] Started D-Bus System Message Bus.
         Starting Login Service...
         Starting Authorization Manager...
         Starting NTP client/server...
[[0;32m  OK  [0m] Reached target sshd-keygen.target.
         Starting Self Monitoring and Reporting Technology (SMART) Daemon...
         Starting Auto-connect to subsystemsâ€¦-NVME devices found during boot...
[[0;32m  OK  [0m] Started dnf makecache --timer.
[[0;32m  OK  [0m] Started irqbalance daemon.
[[0;32m  OK  [0m] Started Machine Check Exception Logging Daemon.
[[0;32m  OK  [0m] Started daily update of the root trust anchor for DNSSEC.
[[0;32m  OK  [0m] Reached target Timers.
         Starting Network Manager...
[[0;32m  OK  [0m] Started Auto-connect to subsystems â€¦FC-NVME devices found during boot.
         Starting update of the root trust aâ€¦or DNSSEC validation in unbound...
[[0;32m  OK  [0m] Started Login Service.
[[0;32m  OK  [0m] Started Self Monitoring and Reporting Technology (SMART) Daemon.
[[0;32m  OK  [0m] Started NTP client/server.
[[0;32m  OK  [0m] Started Network Manager.
         Starting Network Manager Wait Online...
[[0;32m  OK  [0m] Reached target Network.
         Starting Dynamic System Tuning Daemon...
         Starting GSSAPI Proxy Daemon...
         Starting OpenSSH server daemon...
[[0;32m  OK  [0m] Started Authorization Manager.
         Starting Hostname Service...
[[0;32m  OK  [0m] Started Hostname Service.
         Starting Network Manager Script Dispatcher Service...
[    7.380871] e1000: eth0 NIC Link is Up 1000 Mbps Full Duplex, Flow Control: RX
[    7.382442] IPv6: ADDRCONF(NETDEV_CHANGE): eth0: link becomes ready
[[0;32m  OK  [0m] Started Network Manager Script Dispatcher Service.
[[0;32m  OK  [0m] Started Dynamic System Tuning Daemon.
[    8.260155] random: crng init done
[    8.260669] random: 7 urandom warning(s) missed due to ratelimiting
[[0;32m  OK  [0m] Started GSSAPI Proxy Daemon.
[[0;32m  OK  [0m] Reached target NFS client services.
[[0;32m  OK  [0m] Reached target Remote File Systems (Pre).
[[0;32m  OK  [0m] Reached target Remote File Systems.
         Starting Permit User Sessions...
[[0;32m  OK  [0m] Started update of the root trust anâ€¦ for DNSSEC validation in unbound.
[[0;32m  OK  [0m] Started OpenSSH server daemon.
[[0;32m  OK  [0m] Started Permit User Sessions.
         Starting Terminate Plymouth Boot Screen...
[[0;32m  OK  [0m] Started Command Scheduler.
         Starting Hold until boot process finishes up...

CentOS Stream 8
Kernel 5.15.0-43aa0a195f06+ on an x86_64

test login: [  100.460192] watchdog: BUG: soft lockup - CPU#0 stuck for 26s! [repro:573]
[  100.462579] Modules linked in:
[  100.464091] irq event stamp: 677012
[  100.465479] hardirqs last  enabled at (677011): [<ffffffff81062242>] __text_poke+0x2d2/0x4c0
[  100.468338] hardirqs last disabled at (677012): [<ffffffff82b7f1cf>] sysvec_apic_timer_interrupt+0xf/0xa0
[  100.471458] softirqs last  enabled at (429652): [<ffffffff82e002e7>] __do_softirq+0x2e7/0x414
[  100.474315] softirqs last disabled at (429641): [<ffffffff810fa806>] irq_exit_rcu+0x96/0xc0
[  100.477132] CPU: 0 PID: 573 Comm: repro Not tainted 5.15.0-43aa0a195f06+ #1
[  100.479496] Hardware name: QEMU Standard PC (i440FX + PIIX, 1996), BIOS rel-1.16.0-0-gd239552ce722-prebuilt.qemu.org 04/01/2014
[  100.483288] RIP: 0010:__text_poke+0x2d9/0x4c0
[  100.485062] Code: 8b 55 b0 48 8b 75 b8 4c 89 ef e8 82 99 bb 00 85 c0 0f 85 c4 01 00 00 48 83 7d a0 00 74 0c e8 3e a7 25 00 fb 66 0f 1f 44 00 00 <48> 8b 7d c8 e8 8e 69 b3 01 4c 89 e8 48 8b 4d d0 65 48 33 0c 25 28
[  100.490949] RSP: 0018:ffffc9000022fa40 EFLAGS: 00000206
[  100.493154] RAX: 00000000000a5493 RBX: 0000000000000000 RCX: 0000000000000006
[  100.495688] RDX: 0000000000000000 RSI: 0000000000000000 RDI: ffffffff81062242
[  100.498227] RBP: ffffc9000022faa8 R08: 0000000000000001 R09: 0000000000000001
[  100.500762] R10: ffffc9000022f7f8 R11: ffffffff8398a440 R12: ffff888005aa6800
[  100.503292] R13: ffffffff82415a91 R14: 0000000000000a95 R15: 0000000000000a91
[  100.505827] FS:  00007ff42c874740(0000) GS:ffff88807dc00000(0000) knlGS:0000000000000000
[  100.508556] CS:  0010 DS: 0000 ES: 0000 CR0: 0000000080050033
[  100.510583] CR2: 00007ffcd9fd5f28 CR3: 000000000d48c006 CR4: 0000000000770ef0
[  100.512996] PKRU: 55555554
[  100.514170] Call Trace:
[  100.516149]  ? igb_ptp_set_timestamp_mode+0x1/0x560
[  100.518511]  text_poke+0x2b/0x60
[  100.520329]  text_poke_bp_batch+0xf5/0x2c0
[  100.522462]  ? rtl8139_nway_reset+0x30/0x30
[  100.524635]  text_poke_queue+0xa7/0xc0
[  100.526671]  ftrace_replace_code+0xfd/0x170
[  100.528969]  ftrace_modify_all_code+0x1b1/0x270
[  100.531228]  arch_ftrace_update_code+0x9/0x10
[  100.533061]  ftrace_run_update_code+0x30/0xa0
[  100.535076]  ftrace_startup_enable+0x5e/0xa0
[  100.537081]  ftrace_startup+0x16d/0x240
[  100.539445]  register_ftrace_function+0x43/0x90
[  100.541530]  perf_ftrace_event_register+0xc1/0xf0
[  100.543627]  perf_trace_event_init+0x9d/0x4c0
[  100.545954]  perf_trace_init+0xda/0x160
[  100.548033]  perf_tp_event_init+0x5c/0xa0
[  100.549962]  perf_try_init_event+0x88/0x280
[  100.552381]  perf_event_alloc+0xe4b/0x1c30
[  100.554422]  ? perf_event_alloc+0x5/0x1c30
[  100.557081]  __do_sys_perf_event_open+0x3bf/0x1e00
[  100.562697]  __x64_sys_perf_event_open+0x2b/0x30
[  100.564697]  do_syscall_64+0x37/0x80
[  100.566380]  entry_SYSCALL_64_after_hwframe+0x44/0xae
[  100.568301] RIP: 0033:0x7ff42c99959d
[  100.569838] Code: 00 c3 66 2e 0f 1f 84 00 00 00 00 00 90 f3 0f 1e fa 48 89 f8 48 89 f7 48 89 d6 48 89 ca 4d 89 c2 4d 89 c8 4c 8b 4c 24 08 0f 05 <48> 3d 01 f0 ff ff 73 01 c3 48 8b 0d d3 08 0d 00 f7 d8 64 89 01 48
[  100.575448] RSP: 002b:00007ffcd9fd5f28 EFLAGS: 00000206 ORIG_RAX: 000000000000012a
[  100.578215] RAX: ffffffffffffffda RBX: 0000000000000000 RCX: 00007ff42c99959d
[  100.580644] RDX: 0000000000000000 RSI: 00000000ffffffff RDI: 0000000020000100
[  100.583055] RBP: 00007ffcd9fd5f40 R08: 0000000000000000 R09: 00007ffcd9fd5f40
[  100.585475] R10: 00000000ffffffff R11: 0000000000000206 R12: 0000000000401180
[  100.587882] R13: 00007ffcd9fd6060 R14: 0000000000000000 R15: 0000000000000000
[  100.592465] Kernel panic - not syncing: softlockup: hung tasks
[  100.594515] CPU: 0 PID: 573 Comm: repro Tainted: G             L    5.15.0-43aa0a195f06+ #1
[  100.597272] Hardware name: QEMU Standard PC (i440FX + PIIX, 1996), BIOS rel-1.16.0-0-gd239552ce722-prebuilt.qemu.org 04/01/2014
[  100.600895] Call Trace:
[  100.602020]  <IRQ>
[  100.603120]  dump_stack_lvl+0xa9/0xda
[  100.605079]  dump_stack+0x15/0x17
[  100.606586]  panic+0x1a9/0x534
[  100.608666]  ? watchdog_timer_fn+0x2df/0x330
[  100.611138]  watchdog_timer_fn.cold.11+0x11/0x20
[  100.613646]  __hrtimer_run_queues+0x2e3/0x6f0
[  100.615949]  ? softlockup_fn+0x30/0x30
[  100.618396]  hrtimer_interrupt+0x129/0x2a0
[  100.621274]  __sysvec_apic_timer_interrupt+0x76/0x1d0
[  100.623478]  sysvec_apic_timer_interrupt+0x73/0xa0
[  100.625419]  </IRQ>
[  100.626755]  asm_sysvec_apic_timer_interrupt+0x12/0x20
[  100.628711] RIP: 0010:__text_poke+0x2d9/0x4c0
[  100.630389] Code: 8b 55 b0 48 8b 75 b8 4c 89 ef e8 82 99 bb 00 85 c0 0f 85 c4 01 00 00 48 83 7d a0 00 74 0c e8 3e a7 25 00 fb 66 0f 1f 44 00 00 <48> 8b 7d c8 e8 8e 69 b3 01 4c 89 e8 48 8b 4d d0 65 48 33 0c 25 28
[  100.636022] RSP: 0018:ffffc9000022fa40 EFLAGS: 00000206
[  100.638122] RAX: 00000000000a5493 RBX: 0000000000000000 RCX: 0000000000000006
[  100.640684] RDX: 0000000000000000 RSI: 0000000000000000 RDI: ffffffff81062242
[  100.643279] RBP: ffffc9000022faa8 R08: 0000000000000001 R09: 0000000000000001
[  100.645941] R10: ffffc9000022f7f8 R11: ffffffff8398a440 R12: ffff888005aa6800
[  100.648503] R13: ffffffff82415a91 R14: 0000000000000a95 R15: 0000000000000a91
[  100.651253]  ? igb_ptp_set_timestamp_mode+0x1/0x560
[  100.654350]  ? __text_poke+0x2d2/0x4c0
[  100.657237]  ? igb_ptp_set_timestamp_mode+0x1/0x560
[  100.659585]  text_poke+0x2b/0x60
[  100.661417]  text_poke_bp_batch+0xf5/0x2c0
[  100.663547]  ? rtl8139_nway_reset+0x30/0x30
[  100.665737]  text_poke_queue+0xa7/0xc0
[  100.667794]  ftrace_replace_code+0xfd/0x170
[  100.670081]  ftrace_modify_all_code+0x1b1/0x270
[  100.672373]  arch_ftrace_update_code+0x9/0x10
[  100.674173]  ftrace_run_update_code+0x30/0xa0
[  100.676212]  ftrace_startup_enable+0x5e/0xa0
[  100.678193]  ftrace_startup+0x16d/0x240
[  100.680593]  register_ftrace_function+0x43/0x90
[  100.682646]  perf_ftrace_event_register+0xc1/0xf0
[  100.684782]  perf_trace_event_init+0x9d/0x4c0
[  100.687079]  perf_trace_init+0xda/0x160
[  100.689165]  perf_tp_event_init+0x5c/0xa0
[  100.691071]  perf_try_init_event+0x88/0x280
[  100.693453]  perf_event_alloc+0xe4b/0x1c30
[  100.695487]  ? perf_event_alloc+0x5/0x1c30
[  100.698138]  __do_sys_perf_event_open+0x3bf/0x1e00
[  100.703727]  __x64_sys_perf_event_open+0x2b/0x30
[  100.705728]  do_syscall_64+0x37/0x80
[  100.707406]  entry_SYSCALL_64_after_hwframe+0x44/0xae
[  100.709515] RIP: 0033:0x7ff42c99959d
[  100.711060] Code: 00 c3 66 2e 0f 1f 84 00 00 00 00 00 90 f3 0f 1e fa 48 89 f8 48 89 f7 48 89 d6 48 89 ca 4d 89 c2 4d 89 c8 4c 8b 4c 24 08 0f 05 <48> 3d 01 f0 ff ff 73 01 c3 48 8b 0d d3 08 0d 00 f7 d8 64 89 01 48
[  100.716710] RSP: 002b:00007ffcd9fd5f28 EFLAGS: 00000206 ORIG_RAX: 000000000000012a
[  100.719447] RAX: ffffffffffffffda RBX: 0000000000000000 RCX: 00007ff42c99959d
[  100.721883] RDX: 0000000000000000 RSI: 00000000ffffffff RDI: 0000000020000100
[  100.725229] RBP: 00007ffcd9fd5f40 R08: 0000000000000000 R09: 00007ffcd9fd5f40
[  100.727621] R10: 00000000ffffffff R11: 0000000000000206 R12: 0000000000401180
[  100.730039] R13: 00007ffcd9fd6060 R14: 0000000000000000 R15: 0000000000000000
[  100.736063] Kernel Offset: disabled
[  100.737861] ---[ end Kernel panic - not syncing: softlockup: hung tasks ]---
