c[?7l[2J[0mSeaBIOS (version rel-1.16.0-0-gd239552ce722-prebuilt.qemu.org)


iPXE (http://ipxe.org) 00:03.0 CA00 PCI2.10 PnP PMM+7FF91000+7FEF1000 CA00
Press Ctrl-B to configure iPXE (PCI 00:03.0)...                                                                               


Booting from ROM...
c[?7l[2J[    0.000000] Linux version 5.15.0-rc7-84882cf72cd7+ (root@p-adln01) (gcc (GCC) 8.5.0 20210514 (Red Hat 8.5.0-18), GNU ld version 2.36.1-2.el8) #1 SMP Fri Mar 10 05:10:00 CST 2023
[    0.000000] Command line: console=ttyS0 root=/dev/sda earlyprintk=serial net.ifnames=0
[    0.000000] KERNEL supported cpus:
[    0.000000]   Intel GenuineIntel
[    0.000000]   AMD AuthenticAMD
[    0.000000]   Hygon HygonGenuine
[    0.000000]   Centaur CentaurHauls
[    0.000000]   zhaoxin   Shanghai  
[    0.000000] x86/fpu: Supporting XSAVE feature 0x001: 'x87 floating point registers'
[    0.000000] x86/fpu: Supporting XSAVE feature 0x002: 'SSE registers'
[    0.000000] x86/fpu: Supporting XSAVE feature 0x004: 'AVX registers'
[    0.000000] x86/fpu: Supporting XSAVE feature 0x200: 'Protection Keys User registers'
[    0.000000] x86/fpu: xstate_offset[2]:  576, xstate_sizes[2]:  256
[    0.000000] x86/fpu: xstate_offset[9]:  832, xstate_sizes[9]:    8
[    0.000000] x86/fpu: Enabled xstate features 0x207, context size is 840 bytes, using 'compacted' format.
[    0.000000] signal: max sigframe size: 3632
[    0.000000] BIOS-provided physical RAM map:
[    0.000000] BIOS-e820: [mem 0x0000000000000000-0x000000000009fbff] usable
[    0.000000] BIOS-e820: [mem 0x000000000009fc00-0x000000000009ffff] reserved
[    0.000000] BIOS-e820: [mem 0x00000000000f0000-0x00000000000fffff] reserved
[    0.000000] BIOS-e820: [mem 0x0000000000100000-0x000000007ffdffff] usable
[    0.000000] BIOS-e820: [mem 0x000000007ffe0000-0x000000007fffffff] reserved
[    0.000000] BIOS-e820: [mem 0x00000000feffc000-0x00000000feffffff] reserved
[    0.000000] BIOS-e820: [mem 0x00000000fffc0000-0x00000000ffffffff] reserved
[    0.000000] printk: bootconsole [earlyser0] enabled
[    0.000000] NX (Execute Disable) protection: active
[    0.000000] SMBIOS 2.8 present.
[    0.000000] DMI: QEMU Standard PC (i440FX + PIIX, 1996), BIOS rel-1.16.0-0-gd239552ce722-prebuilt.qemu.org 04/01/2014
[    0.000000] Hypervisor detected: KVM
[    0.000000] kvm-clock: Using msrs 4b564d01 and 4b564d00
[    0.000000] kvm-clock: cpu 0, msr 5401001, primary cpu clock
[    0.000005] kvm-clock: using sched offset of 524761618 cycles
[    0.000806] clocksource: kvm-clock: mask: 0xffffffffffffffff max_cycles: 0x1cd42e4dffb, max_idle_ns: 881590591483 ns
[    0.003060] tsc: Detected 1804.800 MHz processor
[    0.011086] last_pfn = 0x7ffe0 max_arch_pfn = 0x400000000
[    0.011970] x86/PAT: Configuration [0-7]: WB  WC  UC- UC  WB  WP  UC- WT  
[    0.021051] found SMP MP-table at [mem 0x000f5ba0-0x000f5baf]
[    0.022123] Using GB pages for direct mapping
[    0.024330] ACPI: Early table checksum verification disabled
[    0.025165] ACPI: RSDP 0x00000000000F59C0 000014 (v00 BOCHS )
[    0.025973] ACPI: RSDT 0x000000007FFE1951 000034 (v01 BOCHS  BXPC     00000001 BXPC 00000001)
[    0.027169] ACPI: FACP 0x000000007FFE17FD 000074 (v01 BOCHS  BXPC     00000001 BXPC 00000001)
[    0.028349] ACPI: DSDT 0x000000007FFE0040 0017BD (v01 BOCHS  BXPC     00000001 BXPC 00000001)
[    0.029542] ACPI: FACS 0x000000007FFE0000 000040
[    0.030185] ACPI: APIC 0x000000007FFE1871 000080 (v01 BOCHS  BXPC     00000001 BXPC 00000001)
[    0.031344] ACPI: HPET 0x000000007FFE18F1 000038 (v01 BOCHS  BXPC     00000001 BXPC 00000001)
[    0.032507] ACPI: WAET 0x000000007FFE1929 000028 (v01 BOCHS  BXPC     00000001 BXPC 00000001)
[    0.033662] ACPI: Reserving FACP table memory at [mem 0x7ffe17fd-0x7ffe1870]
[    0.034597] ACPI: Reserving DSDT table memory at [mem 0x7ffe0040-0x7ffe17fc]
[    0.035527] ACPI: Reserving FACS table memory at [mem 0x7ffe0000-0x7ffe003f]
[    0.036463] ACPI: Reserving APIC table memory at [mem 0x7ffe1871-0x7ffe18f0]
[    0.037414] ACPI: Reserving HPET table memory at [mem 0x7ffe18f1-0x7ffe1928]
[    0.038355] ACPI: Reserving WAET table memory at [mem 0x7ffe1929-0x7ffe1950]
[    0.040571] No NUMA configuration found
[    0.041113] Faking a node at [mem 0x0000000000000000-0x000000007ffdffff]
[    0.042155] NODE_DATA(0) allocated [mem 0x7ffb5000-0x7ffdffff]
[    0.047034] Zone ranges:
[    0.047406]   DMA      [mem 0x0000000000001000-0x0000000000ffffff]
[    0.048237]   DMA32    [mem 0x0000000001000000-0x000000007ffdffff]
[    0.049078]   Normal   empty
[    0.049469]   Device   empty
[    0.049859] Movable zone start for each node
[    0.050427] Early memory node ranges
[    0.050906]   node   0: [mem 0x0000000000001000-0x000000000009efff]
[    0.051760]   node   0: [mem 0x0000000000100000-0x000000007ffdffff]
[    0.052622] Initmem setup node 0 [mem 0x0000000000001000-0x000000007ffdffff]
[    0.053936] On node 0, zone DMA: 1 pages in unavailable ranges
[    0.054183] On node 0, zone DMA: 97 pages in unavailable ranges
[    0.095155] On node 0, zone DMA32: 32 pages in unavailable ranges
[    0.096477] ACPI: PM-Timer IO Port: 0x608
[    0.097975] ACPI: LAPIC_NMI (acpi_id[0xff] dfl dfl lint[0x1])
[    0.098909] IOAPIC[0]: apic_id 0, version 17, address 0xfec00000, GSI 0-23
[    0.099926] ACPI: INT_SRC_OVR (bus 0 bus_irq 0 global_irq 2 dfl dfl)
[    0.100854] ACPI: INT_SRC_OVR (bus 0 bus_irq 5 global_irq 5 high level)
[    0.101789] ACPI: INT_SRC_OVR (bus 0 bus_irq 9 global_irq 9 high level)
[    0.102732] ACPI: INT_SRC_OVR (bus 0 bus_irq 10 global_irq 10 high level)
[    0.103689] ACPI: INT_SRC_OVR (bus 0 bus_irq 11 global_irq 11 high level)
[    0.104684] ACPI: Using ACPI (MADT) for SMP configuration information
[    0.105586] ACPI: HPET id: 0x8086a201 base: 0xfed00000
[    0.106334] TSC deadline timer available
[    0.106903] smpboot: Allowing 2 CPUs, 0 hotplug CPUs
[    0.107754] kvm-guest: KVM setup pv remote TLB flush
[    0.108458] kvm-guest: setup PV sched yield
[    0.109151] PM: hibernation: Registered nosave memory: [mem 0x00000000-0x00000fff]
[    0.110199] PM: hibernation: Registered nosave memory: [mem 0x0009f000-0x0009ffff]
[    0.111239] PM: hibernation: Registered nosave memory: [mem 0x000a0000-0x000effff]
[    0.112272] PM: hibernation: Registered nosave memory: [mem 0x000f0000-0x000fffff]
[    0.113331] [mem 0x80000000-0xfeffbfff] available for PCI devices
[    0.114177] Booting paravirtualized kernel on KVM
[    0.114889] clocksource: refined-jiffies: mask: 0xffffffff max_cycles: 0xffffffff, max_idle_ns: 7645519600211568 ns
[    0.116356] setup_percpu: NR_CPUS:8192 nr_cpumask_bits:2 nr_cpu_ids:2 nr_node_ids:1
[    0.119947] percpu: Embedded 55 pages/cpu s188416 r8192 d28672 u1048576
[    0.121165] kvm-guest: setup async PF for cpu 0
[    0.121799] kvm-guest: stealtime: cpu 0, msr 7dc2d080
[    0.122520] kvm-guest: PV spinlocks enabled
[    0.123136] PV qspinlock hash table entries: 256 (order: 0, 4096 bytes, linear)
[    0.124229] Built 1 zonelists, mobility grouping on.  Total pages: 515808
[    0.125211] Policy zone: DMA32
[    0.125656] Kernel command line: net.ifnames=0 console=ttyS0 root=/dev/sda earlyprintk=serial net.ifnames=0
[    0.135257] Dentry cache hash table entries: 262144 (order: 9, 2097152 bytes, linear)
[    0.137335] Inode-cache hash table entries: 131072 (order: 8, 1048576 bytes, linear)
[    0.138572] mem auto-init: stack:off, heap alloc:off, heap free:off
[    0.145089] Memory: 1987504K/2096632K available (30737K kernel code, 5252K rwdata, 7680K rodata, 3232K init, 22016K bss, 108872K reserved, 0K cma-reserved)
[    0.147069] random: get_random_u64 called from __kmem_cache_create+0x2f/0x4d0 with crng_init=0
[    0.147974] SLUB: HWalign=64, Order=0-3, MinObjects=0, CPUs=2, Nodes=1
[    0.150051] kmemleak: Kernel memory leak detector disabled
[    0.150881] ftrace: allocating 64797 entries in 254 pages
[    0.250763] ftrace: allocated 254 pages with 7 groups
[    0.251979] Running RCU self tests
[    0.252462] rcu: Hierarchical RCU implementation.
[    0.253097] rcu: 	RCU lockdep checking is enabled.
[    0.253725] rcu: 	RCU restricting CPUs from NR_CPUS=8192 to nr_cpu_ids=2.
[    0.254627] 	Trampoline variant of Tasks RCU enabled.
[    0.255294] 	Rude variant of Tasks RCU enabled.
[    0.255890] 	Tracing variant of Tasks RCU enabled.
[    0.256529] rcu: RCU calculated value of scheduler-enlistment delay is 25 jiffies.
[    0.257533] rcu: Adjusting geometry for rcu_fanout_leaf=16, nr_cpu_ids=2
[    0.284250] NR_IRQS: 524544, nr_irqs: 440, preallocated irqs: 16
[    0.298050] Console: colour VGA+ 80x25
[    0.298687] printk: console [ttyS0] enabled
[    0.298687] printk: console [ttyS0] enabled
[    0.299849] printk: bootconsole [earlyser0] disabled
[    0.299849] printk: bootconsole [earlyser0] disabled
[    0.301242] Lock dependency validator: Copyright (c) 2006 Red Hat, Inc., Ingo Molnar
[    0.302354] ... MAX_LOCKDEP_SUBCLASSES:  8
[    0.302959] ... MAX_LOCK_DEPTH:          48
[    0.303566] ... MAX_LOCKDEP_KEYS:        8192
[    0.304190] ... CLASSHASH_SIZE:          4096
[    0.304834] ... MAX_LOCKDEP_ENTRIES:     32768
[    0.305486] ... MAX_LOCKDEP_CHAINS:      65536
[    0.306143] ... CHAINHASH_SIZE:          32768
[    0.306788]  memory used by lock dependency info: 6365 kB
[    0.307578]  memory used for stack traces: 4224 kB
[    0.308300]  per task-struct memory footprint: 1920 bytes
[    0.309209] ACPI: Core revision 20210730
[    0.310190] clocksource: hpet: mask: 0xffffffff max_cycles: 0xffffffff, max_idle_ns: 19112604467 ns
[    0.311751] APIC: Switch to symmetric I/O mode setup
[    0.312805] x2apic enabled
[    0.313535] Switched APIC routing to physical x2apic.
[    0.314278] kvm-guest: setup PV IPIs
[    0.316233] ..TIMER: vector=0x30 apic1=0 pin1=2 apic2=-1 pin2=-1
[    0.317179] clocksource: tsc-early: mask: 0xffffffffffffffff max_cycles: 0x1a03dfe73b3, max_idle_ns: 440795256845 ns
[    0.318716] Calibrating delay loop (skipped) preset value.. 3609.60 BogoMIPS (lpj=7219200)
[    0.322703] pid_max: default: 32768 minimum: 301
[    0.323485] LSM: Security Framework initializing
[    0.324192] Yama: becoming mindful.
[    0.324896] Mount-cache hash table entries: 4096 (order: 3, 32768 bytes, linear)
[    0.325989] Mountpoint-cache hash table entries: 4096 (order: 3, 32768 bytes, linear)
[    0.330818] x86/cpu: User Mode Instruction Prevention (UMIP) activated
[    0.332749] Last level iTLB entries: 4KB 0, 2MB 0, 4MB 0
[    0.334729] Last level dTLB entries: 4KB 0, 2MB 0, 4MB 0, 1GB 0
[    0.335728] Spectre V1 : Mitigation: usercopy/swapgs barriers and __user pointer sanitization
[    0.337024] Spectre V2 : Mitigation: Enhanced IBRS
[    0.337749] Spectre V2 : Spectre v2 / SpectreRSB mitigation: Filling RSB on context switch
[    0.338725] Spectre V2 : mitigation: Enabling conditional Indirect Branch Prediction Barrier
[    0.339957] Speculative Store Bypass: Mitigation: Speculative Store Bypass disabled via prctl and seccomp
[    0.381402] Freeing SMP alternatives memory: 56K
[    0.382919] smpboot: CPU0: Intel(R) Core(TM) i3-N305 (family: 0x6, model: 0xbe, stepping: 0x0)
[    0.385152] Running RCU-tasks wait API self tests
[    0.486922] Performance Events: generic architected perfmon, full-width counters, Intel PMU driver.
[    0.488263] ... version:                2
[    0.488822] ... bit width:              48
[    0.489387] ... generic registers:      6
[    0.489951] ... value mask:             0000ffffffffffff
[    0.490708] ... max period:             00007fffffffffff
[    0.491452] ... fixed-purpose events:   3
[    0.492015] ... event mask:             000000070000003f
[    0.493383] rcu: Hierarchical SRCU implementation.
[    0.497731] Callback from call_rcu_tasks_trace() invoked.
[    0.498983] smp: Bringing up secondary CPUs ...
[    0.500400] x86: Booting SMP configuration:
[    0.501001] .... node  #0, CPUs:      #1
[    0.033285] kvm-clock: cpu 1, msr 5401041, secondary cpu clock
[    0.502158] kvm-guest: setup async PF for cpu 1
[    0.502158] kvm-guest: stealtime: cpu 1, msr 7dd2d080
[    0.502824] smp: Brought up 1 node, 2 CPUs
[    0.503383] smpboot: Max logical packages: 1
[    0.503922] smpboot: Total of 2 processors activated (7219.20 BogoMIPS)
[    0.511638] devtmpfs: initialized
[    0.511638] x86/mm: Memory block size: 128MB
[    0.515239] clocksource: jiffies: mask: 0xffffffff max_cycles: 0xffffffff, max_idle_ns: 7645041785100000 ns
[    0.516082] futex hash table entries: 512 (order: 4, 65536 bytes, linear)
[    0.519219] pinctrl core: initialized pinctrl subsystem
[    0.520693] 
[    0.520922] *************************************************************
[    0.521819] **     NOTICE NOTICE NOTICE NOTICE NOTICE NOTICE NOTICE    **
[    0.522695] **                                                         **
[    0.523580] **  IOMMU DebugFS SUPPORT HAS BEEN ENABLED IN THIS KERNEL  **
[    0.524454] **                                                         **
[    0.525330] ** This means that this kernel is built to expose internal **
[    0.526218] ** IOMMU data structures, which may compromise security on **
[    0.526703] ** your system.                                            **
[    0.527601] **                                                         **
[    0.528473] ** If you see this message and you are not debugging the   **
[    0.529355] ** kernel, report this immediately to your vendor!         **
[    0.530197] **                                                         **
[    0.530704] **     NOTICE NOTICE NOTICE NOTICE NOTICE NOTICE NOTICE    **
[    0.531546] *************************************************************
[    0.532499] PM: RTC time: 20:33:45, date: 2023-03-28
[    0.534771] NET: Registered PF_NETLINK/PF_ROUTE protocol family
[    0.536194] DMA: preallocated 256 KiB GFP_KERNEL pool for atomic allocations
[    0.537134] DMA: preallocated 256 KiB GFP_KERNEL|GFP_DMA pool for atomic allocations
[    0.538148] DMA: preallocated 256 KiB GFP_KERNEL|GFP_DMA32 pool for atomic allocations
[    0.538792] audit: initializing netlink subsys (disabled)
[    0.539631] audit: type=2000 audit(1680035625.388:1): state=initialized audit_enabled=0 res=1
[    0.539631] thermal_sys: Registered thermal governor 'fair_share'
[    0.539663] thermal_sys: Registered thermal governor 'bang_bang'
[    0.540541] thermal_sys: Registered thermal governor 'step_wise'
[    0.541395] thermal_sys: Registered thermal governor 'user_space'
[    0.542327] cpuidle: using governor ladder
[    0.543299] cpuidle: using governor menu
[    0.544266] ACPI: bus type PCI registered
[    0.544881] acpiphp: ACPI Hot Plug PCI Controller Driver version: 0.5
[    0.546359] PCI: Using configuration type 1 for base access
[    0.563660] Kprobes globally optimized
[    0.566909] HugeTLB registered 1.00 GiB page size, pre-allocated 0 pages
[    0.567699] HugeTLB registered 2.00 MiB page size, pre-allocated 0 pages
[    0.579324] ACPI: Added _OSI(Module Device)
[    0.579932] ACPI: Added _OSI(Processor Device)
[    0.580548] ACPI: Added _OSI(3.0 _SCP Extensions)
[    0.581198] ACPI: Added _OSI(Processor Aggregator Device)
[    0.582747] ACPI: Added _OSI(Linux-Dell-Video)
[    0.583372] ACPI: Added _OSI(Linux-Lenovo-NV-HDMI-Audio)
[    0.584101] ACPI: Added _OSI(Linux-HPI-Hybrid-Graphics)
[    0.590853] Callback from call_rcu_tasks_rude() invoked.
[    0.591618] ACPI: 1 ACPI AML tables successfully acquired and loaded
[    0.596462] ACPI: Interpreter enabled
[    0.597097] ACPI: PM: (supports S0 S3 S4 S5)
[    0.597665] ACPI: Using IOAPIC for interrupt routing
[    0.598386] PCI: Using host bridge windows from ACPI; if necessary, use "pci=nocrs" and report a bug
[    0.599539] ACPI: Enabled 2 GPEs in block 00 to 0F
[    0.619357] ACPI: PCI Root Bridge [PCI0] (domain 0000 [bus 00-ff])
[    0.620249] acpi PNP0A03:00: _OSC: OS supports [ASPM ClockPM Segments MSI EDR HPX-Type3]
[    0.621399] acpi PNP0A03:00: fail to add MMCONFIG information, can't access extended PCI configuration space under this bridge.
[    0.625139] acpiphp: Slot [3] registered
[    0.625780] acpiphp: Slot [4] registered
[    0.626406] acpiphp: Slot [5] registered
[    0.626791] acpiphp: Slot [6] registered
[    0.627418] acpiphp: Slot [7] registered
[    0.628029] acpiphp: Slot [8] registered
[    0.628641] acpiphp: Slot [9] registered
[    0.629278] acpiphp: Slot [10] registered
[    0.629925] acpiphp: Slot [11] registered
[    0.630590] acpiphp: Slot [12] registered
[    0.630793] acpiphp: Slot [13] registered
[    0.631439] acpiphp: Slot [14] registered
[    0.632095] acpiphp: Slot [15] registered
[    0.632766] acpiphp: Slot [16] registered
[    0.633431] acpiphp: Slot [17] registered
[    0.634076] acpiphp: Slot [18] registered
[    0.634734] acpiphp: Slot [19] registered
[    0.635385] acpiphp: Slot [20] registered
[    0.636047] acpiphp: Slot [21] registered
[    0.636698] acpiphp: Slot [22] registered
[    0.637364] acpiphp: Slot [23] registered
[    0.638017] acpiphp: Slot [24] registered
[    0.638683] acpiphp: Slot [25] registered
[    0.638816] acpiphp: Slot [26] registered
[    0.639476] acpiphp: Slot [27] registered
[    0.640148] acpiphp: Slot [28] registered
[    0.640818] acpiphp: Slot [29] registered
[    0.641491] acpiphp: Slot [30] registered
[    0.642162] acpiphp: Slot [31] registered
[    0.642757] PCI host bridge to bus 0000:00
[    0.643346] pci_bus 0000:00: root bus resource [io  0x0000-0x0cf7 window]
[    0.644292] pci_bus 0000:00: root bus resource [io  0x0d00-0xffff window]
[    0.645254] pci_bus 0000:00: root bus resource [mem 0x000a0000-0x000bffff window]
[    0.646294] pci_bus 0000:00: root bus resource [mem 0x80000000-0xfebfffff window]
[    0.646706] pci_bus 0000:00: root bus resource [mem 0x100000000-0x17fffffff window]
[    0.647775] pci_bus 0000:00: root bus resource [bus 00-ff]
[    0.649649] pci 0000:00:00.0: [8086:1237] type 00 class 0x060000
[    0.655927] pci 0000:00:01.0: [8086:7000] type 00 class 0x060100
[    0.658312] pci 0000:00:01.1: [8086:7010] type 00 class 0x010180
[    0.660698] pci 0000:00:01.1: reg 0x20: [io  0xc040-0xc04f]
[    0.662277] pci 0000:00:01.1: legacy IDE quirk: reg 0x10: [io  0x01f0-0x01f7]
[    0.666708] pci 0000:00:01.1: legacy IDE quirk: reg 0x14: [io  0x03f6]
[    0.667623] pci 0000:00:01.1: legacy IDE quirk: reg 0x18: [io  0x0170-0x0177]
[    0.668608] pci 0000:00:01.1: legacy IDE quirk: reg 0x1c: [io  0x0376]
[    0.670840] pci 0000:00:01.3: [8086:7113] type 00 class 0x068000
[    0.672281] pci 0000:00:01.3: quirk: [io  0x0600-0x063f] claimed by PIIX4 ACPI
[    0.673562] pci 0000:00:01.3: quirk: [io  0x0700-0x070f] claimed by PIIX4 SMB
[    0.676904] pci 0000:00:02.0: [1234:1111] type 00 class 0x030000
[    0.679147] pci 0000:00:02.0: reg 0x10: [mem 0xfd000000-0xfdffffff pref]
[    0.682794] pci 0000:00:02.0: reg 0x18: [mem 0xfebf0000-0xfebf0fff]
[    0.688568] pci 0000:00:02.0: reg 0x30: [mem 0xfebe0000-0xfebeffff pref]
[    0.692023] pci 0000:00:03.0: [8086:100e] type 00 class 0x020000
[    0.693590] pci 0000:00:03.0: reg 0x10: [mem 0xfebc0000-0xfebdffff]
[    0.698696] pci 0000:00:03.0: reg 0x14: [io  0xc000-0xc03f]
[    0.698696] pci 0000:00:03.0: reg 0x30: [mem 0xfeb80000-0xfebbffff pref]
[    0.718890] ACPI: PCI: Interrupt link LNKA configured for IRQ 10
[    0.720279] ACPI: PCI: Interrupt link LNKB configured for IRQ 10
[    0.721575] ACPI: PCI: Interrupt link LNKC configured for IRQ 11
[    0.722920] ACPI: PCI: Interrupt link LNKD configured for IRQ 11
[    0.724042] ACPI: PCI: Interrupt link LNKS configured for IRQ 9
[    0.730911] iommu: Default domain type: Translated 
[    0.731488] iommu: DMA domain TLB invalidation policy: lazy mode 
[    0.732619] pci 0000:00:02.0: vgaarb: setting as boot VGA device
[    0.732619] pci 0000:00:02.0: vgaarb: VGA device added: decodes=io+mem,owns=io+mem,locks=none
[    0.734714] pci 0000:00:02.0: vgaarb: bridge control possible
[    0.735543] vgaarb: loaded
[    0.737696] SCSI subsystem initialized
[    0.738306] ACPI: bus type USB registered
[    0.738306] usbcore: registered new interface driver usbfs
[    0.738306] usbcore: registered new interface driver hub
[    0.738306] usbcore: registered new device driver usb
[    0.738863] pps_core: LinuxPPS API ver. 1 registered
[    0.739586] pps_core: Software ver. 5.3.6 - Copyright 2005-2007 Rodolfo Giometti <giometti@linux.it>
[    0.740883] PTP clock support registered
[    0.742820] EDAC MC: Ver: 3.0.0
[    0.748100] NetLabel: Initializing
[    0.748634] NetLabel:  domain hash size = 128
[    0.749261] NetLabel:  protocols = UNLABELED CIPSOv4 CALIPSO
[    0.750189] NetLabel:  unlabeled traffic allowed by default
[    0.750848] PCI: Using ACPI for IRQ routing
[    0.751709] hpet0: at MMIO 0xfed00000, IRQs 2, 8, 0
[    0.752039] hpet0: 3 comparators, 64-bit 100.000000 MHz counter
[    0.754708] clocksource: Switched to clocksource kvm-clock
[    0.798916] Callback from call_rcu_tasks() invoked.
[    0.894403] VFS: Disk quotas dquot_6.6.0
[    0.895100] VFS: Dquot-cache hash table entries: 512 (order 0, 4096 bytes)
[    0.896626] pnp: PnP ACPI init
[    0.899471] pnp: PnP ACPI: found 6 devices
[    0.912670] clocksource: acpi_pm: mask: 0xffffff max_cycles: 0xffffff, max_idle_ns: 2085701024 ns
[    0.914396] NET: Registered PF_INET protocol family
[    0.915527] IP idents hash table entries: 32768 (order: 6, 262144 bytes, linear)
[    0.917600] tcp_listen_portaddr_hash hash table entries: 1024 (order: 4, 81920 bytes, linear)
[    0.918904] TCP established hash table entries: 16384 (order: 5, 131072 bytes, linear)
[    0.920312] TCP bind hash table entries: 16384 (order: 8, 1179648 bytes, linear)
[    0.922998] TCP: Hash tables configured (established 16384 bind 16384)
[    0.924240] UDP hash table entries: 1024 (order: 5, 163840 bytes, linear)
[    0.925626] UDP-Lite hash table entries: 1024 (order: 5, 163840 bytes, linear)
[    0.927046] NET: Registered PF_UNIX/PF_LOCAL protocol family
[    0.928968] RPC: Registered named UNIX socket transport module.
[    0.929784] RPC: Registered udp transport module.
[    0.930415] RPC: Registered tcp transport module.
[    0.931077] RPC: Registered tcp NFSv4.1 backchannel transport module.
[    0.932002] pci_bus 0000:00: resource 4 [io  0x0000-0x0cf7 window]
[    0.932867] pci_bus 0000:00: resource 5 [io  0x0d00-0xffff window]
[    0.933710] pci_bus 0000:00: resource 6 [mem 0x000a0000-0x000bffff window]
[    0.934644] pci_bus 0000:00: resource 7 [mem 0x80000000-0xfebfffff window]
[    0.935633] pci_bus 0000:00: resource 8 [mem 0x100000000-0x17fffffff window]
[    0.936988] pci 0000:00:01.0: PIIX3: Enabling Passive Release
[    0.937810] pci 0000:00:00.0: Limiting direct PCI/PCI transfers
[    0.938641] pci 0000:00:01.0: Activating ISA DMA hang workarounds
[    0.939702] pci 0000:00:02.0: Video device with shadowed ROM at [mem 0x000c0000-0x000dffff]
[    0.940925] PCI: CLS 0 bytes, default 64
[    0.942085] ACPI: bus type thunderbolt registered
[    0.943272] clocksource: tsc: mask: 0xffffffffffffffff max_cycles: 0x1a03dfe73b3, max_idle_ns: 440795256845 ns
[    3.797962] Initialise system trusted keyrings
[    3.798878] Key type blacklist registered
[    3.799795] workingset: timestamp_bits=36 max_order=19 bucket_order=0
[    3.812255] zbud: loaded
[    3.815028] squashfs: version 4.0 (2009/01/31) Phillip Lougher
[    3.817836] NFS: Registering the id_resolver key type
[    3.818623] Key type id_resolver registered
[    3.819276] Key type id_legacy registered
[    3.819995] nfs4filelayout_init: NFSv4 File Layout Driver Registering...
[    3.820993] nfs4flexfilelayout_init: NFSv4 Flexfile Layout Driver Registering...
[    3.822328] fuse: init (API version 7.34)
[    3.823488] SGI XFS with ACLs, security attributes, realtime, quota, no debug enabled
[    3.826853] 9p: Installing v9fs 9p2000 file system support
[    3.836915] Key type asymmetric registered
[    3.837597] Asymmetric key parser 'x509' registered
[    3.838489] Block layer SCSI generic (bsg) driver version 0.4 loaded (major 244)
[    3.839939] io scheduler mq-deadline registered
[    3.840770] io scheduler bfq registered
[    3.841967] shpchp: Standard Hot Plug PCI Controller Driver version: 0.4
[    3.843501] IPMI message handler: version 39.2
[    3.844213] ipmi device interface
[    3.846537] input: Power Button as /devices/LNXSYSTM:00/LNXPWRBN:00/input/input0
[    3.848069] ACPI: button: Power Button [PWRF]
[    3.850133] ERST DBG: ERST support is disabled.
[    3.851683] Serial: 8250/16550 driver, 32 ports, IRQ sharing enabled
[    3.853467] 00:04: ttyS0 at I/O 0x3f8 (irq = 4, base_baud = 115200) is a 16550A
[    3.866951] Linux agpgart interface v0.103
[    3.885176] brd: module loaded
[    3.896817] loop: module loaded
[    3.903664] scsi host0: ata_piix
[    3.905087] scsi host1: ata_piix
[    3.905798] ata1: PATA max MWDMA2 cmd 0x1f0 ctl 0x3f6 bmdma 0xc040 irq 14
[    3.906810] ata2: PATA max MWDMA2 cmd 0x170 ctl 0x376 bmdma 0xc048 irq 15
[    3.909160] libphy: Fixed MDIO Bus: probed
[    3.910140] tun: Universal TUN/TAP device driver, 1.6
[    3.911179] e100: Intel(R) PRO/100 Network Driver
[    3.911840] e100: Copyright(c) 1999-2006 Intel Corporation
[    3.912673] e1000: Intel(R) PRO/1000 Network Driver
[    3.913353] e1000: Copyright (c) 1999-2006 Intel Corporation.
[    4.067823] ata1.00: ATA-7: QEMU HARDDISK, 2.5+, max UDMA/100
[    4.068679] ata1.00: 16777216 sectors, multi 16: LBA48 
[    4.070925] scsi 0:0:0:0: Direct-Access     ATA      QEMU HARDDISK    2.5+ PQ: 0 ANSI: 5
[    4.073296] scsi 0:0:0:0: Attached scsi generic sg0 type 0
[    4.075837] ata2.00: ATAPI: QEMU DVD-ROM, 2.5+, max UDMA/100
[    4.077237] sd 0:0:0:0: [sda] 16777216 512-byte logical blocks: (8.59 GB/8.00 GiB)
[    4.079703] scsi 1:0:0:0: CD-ROM            QEMU     QEMU DVD-ROM     2.5+ PQ: 0 ANSI: 5
[    4.082172] scsi 1:0:0:0: Attached scsi generic sg1 type 5
[    4.083288] sd 0:0:0:0: [sda] Write Protect is off
[    4.084109] sd 0:0:0:0: [sda] Write cache: enabled, read cache: enabled, doesn't support DPO or FUA
[    4.117465] ACPI: \_SB_.LNKC: Enabled at IRQ 11
[    4.151022] sd 0:0:0:0: [sda] Attached SCSI disk
[    4.472144] e1000 0000:00:03.0 eth0: (PCI:33MHz:32-bit) 52:54:00:12:34:56
[    4.473142] e1000 0000:00:03.0 eth0: Intel(R) PRO/1000 Network Connection
[    4.474215] e1000e: Intel(R) PRO/1000 Network Driver
[    4.474935] e1000e: Copyright(c) 1999 - 2015 Intel Corporation.
[    4.475867] igb: Intel(R) Gigabit Ethernet Network Driver
[    4.476596] igb: Copyright (c) 2007-2014 Intel Corporation.
[    4.477484] PPP generic driver version 2.4.2
[    4.478731] VFIO - User Level meta-driver version: 0.3
[    4.479544] ehci_hcd: USB 2.0 'Enhanced' Host Controller (EHCI) Driver
[    4.480460] ehci-pci: EHCI PCI platform driver
[    4.481150] ehci-platform: EHCI generic platform driver
[    4.481886] ohci_hcd: USB 1.1 'Open' Host Controller (OHCI) Driver
[    4.482764] ohci-pci: OHCI PCI platform driver
[    4.483434] ohci-platform: OHCI generic platform driver
[    4.484177] uhci_hcd: USB Universal Host Controller Interface driver
[    4.485479] usbcore: registered new interface driver uas
[    4.486263] usbcore: registered new interface driver usb-storage
[    4.487262] i8042: PNP: PS/2 Controller [PNP0303:KBD,PNP0f13:MOU] at 0x60,0x64 irq 1,12
[    4.489495] serio: i8042 KBD port at 0x60,0x64 irq 1
[    4.490204] serio: i8042 AUX port at 0x60,0x64 irq 12
[    4.491840] mousedev: PS/2 mouse device common for all mice
[    4.493676] input: AT Translated Set 2 keyboard as /devices/platform/i8042/serio0/input/input1
[    4.495248] rtc_cmos 00:05: RTC can wake from S4
[    4.497220] input: VirtualPS/2 VMware VMMouse as /devices/platform/i8042/serio1/input/input4
[    4.497655] rtc_cmos 00:05: registered as rtc0
[    4.499386] rtc_cmos 00:05: setting system clock to 2023-03-28T20:33:49 UTC (1680035629)
[    4.500880] rtc_cmos 00:05: alarms up to one day, y3k, 242 bytes nvram, hpet irqs
[    4.500902] input: VirtualPS/2 VMware VMMouse as /devices/platform/i8042/serio1/input/input3
[    4.502032] i2c_dev: i2c /dev entries driver
[    4.503953] device-mapper: core: CONFIG_IMA_DISABLE_HTABLE is disabled. Duplicate IMA measurements will not be recorded in the IMA log.
[    4.505781] device-mapper: uevent: version 1.0.3
[    4.506881] device-mapper: ioctl: 4.45.0-ioctl (2021-03-22) initialised: dm-devel@redhat.com
[    4.508117] intel_pstate: CPU model not supported
[    4.508935] sdhci: Secure Digital Host Controller Interface driver
[    4.509817] sdhci: Copyright(c) Pierre Ossman
[    4.510584] sdhci-pltfm: SDHCI platform and OF driver helper
[    4.511555] ledtrig-cpu: registered to indicate activity on CPUs
[    4.512972] drop_monitor: Initializing network drop monitor service
[    4.514487] NET: Registered PF_INET6 protocol family
[    4.521136] Segment Routing with IPv6
[    4.521725] In-situ OAM (IOAM) with IPv6
[    4.522318] NET: Registered PF_PACKET protocol family
[    4.523514] 9pnet: Installing 9P2000 support
[    4.524126] Key type dns_resolver registered
[    4.525572] IPI shorthand broadcast: enabled
[    4.526221] sched_clock: Marking stable (4496037048, 29285773)->(4534729664, -9406843)
[    4.528161] registered taskstats version 1
[    4.528965] Loading compiled-in X.509 certificates
[    4.529885] zswap: loaded using pool lzo/zbud
[    4.531569] Key type ._fscrypt registered
[    4.532161] Key type .fscrypt registered
[    4.532712] Key type fscrypt-provisioning registered
[    4.534607] Key type encrypted registered
[    4.535289] ima: No TPM chip found, activating TPM-bypass!
[    4.536045] ima: Allocated hash algorithm: sha1
[    4.536730] ima: No architecture policies found
[    4.537406] evm: Initialising EVM extended attributes:
[    4.538095] evm: security.selinux
[    4.538546] evm: security.SMACK64
[    4.539041] evm: security.SMACK64EXEC
[    4.539551] evm: security.SMACK64TRANSMUTE
[    4.540111] evm: security.SMACK64MMAP
[    4.540616] evm: security.apparmor
[    4.541087] evm: security.ima
[    4.541495] evm: security.capability
[    4.541982] evm: HMAC attrs: 0x1
[    4.544161] PM:   Magic number: 15:238:600
[    4.545367] RAS: Correctable Errors collector initialized.
[    4.547627] md: Waiting for all devices to be available before autodetect
[    4.548547] md: If you don't use raid, use raid=noautodetect
[    4.549312] md: Autodetecting RAID arrays.
[    4.549890] md: autorun ...
[    4.550280] md: ... autorun DONE.
[    4.555548] EXT4-fs (sda): INFO: recovery required on readonly filesystem
[    4.556516] EXT4-fs (sda): write access will be enabled during recovery
[    4.589833] EXT4-fs (sda): recovery complete
[    4.592565] EXT4-fs (sda): mounted filesystem with ordered data mode. Opts: (null). Quota mode: none.
[    4.593925] VFS: Mounted root (ext4 filesystem) readonly on device 8:0.
[    4.595874] devtmpfs: mounted
[    4.601591] Freeing unused decrypted memory: 2036K
[    4.604661] Freeing unused kernel image (initmem) memory: 3232K
[    4.605501] Write protecting the kernel read-only data: 40960k
[    4.610123] Freeing unused kernel image (text/rodata gap) memory: 2028K
[    4.611774] Freeing unused kernel image (rodata/data gap) memory: 512K
[    4.728913] x86/mm: Checked W+X mappings: passed, no W+X pages found.
[    4.729781] Run /sbin/init as init process
[    4.817284] random: fast init done
[    4.914575] systemd[1]: RTC configured in localtime, applying delta of 0 minutes to system time.
[    4.954846] systemd[1]: systemd 239 (239-49.el8) running in system mode. (+PAM +AUDIT +SELINUX +IMA -APPARMOR +SMACK +SYSVINIT +UTMP +LIBCRYPTSETUP +GCRYPT +GNUTLS +ACL +XZ +LZ4 +SECCOMP +BLKID +ELFUTILS +KMOD +IDN2 -IDN +PCRE2 default-hierarchy=legacy)
[    4.958280] systemd[1]: Detected virtualization kvm.
[    4.959057] systemd[1]: Detected architecture x86-64.

Welcome to [0;31mCentOS Stream 8[0m!

[    4.983721] systemd[1]: Set hostname to <test>.
[    5.194296] random: lvmconfig: uninitialized urandom read (4 bytes read)
[    5.351520] random: systemd: uninitialized urandom read (16 bytes read)
[    5.355666] systemd[1]: Created slice User and Session Slice.
[[0;32m  OK  [0m] Created slice User and Session Slice.
[    5.357643] random: systemd: uninitialized urandom read (16 bytes read)
[    5.358923] systemd[1]: Listening on udev Kernel Socket.
[[0;32m  OK  [0m] Listening on udev Kernel Socket.
[    5.360905] systemd[1]: Listening on Journal Socket (/dev/log).
[[0;32m  OK  [0m] Listening on Journal Socket (/dev/log).
[    5.363163] systemd[1]: Listening on Journal Socket.
[[0;32m  OK  [0m] Listening on Journal Socket.
[    5.369372] systemd[1]: Starting Remount Root and Kernel File Systems...
         Starting Remount Root and Kernel File Systems...
[    5.373036] systemd[1]: Listening on Device-mapper event daemon FIFOs.
[[0;32m  OK  [0m] Listening on Device-mapper event daemon FIFOs.
         Starting Monitoring of LVM2 mirrorsâ€¦ng dmeventd or progress polling...
[[0;32m  OK  [0m] Listening on Process Core Dump Socket.
[[0;32m  OK  [0m] Reached target Slices.
[[0;32m  OK  [0m] Listening on initctl Compatibility Named Pipe.
         Starting Journal Service...
[[0;32m  OK  [0m] Started Forward Password Requests to Wall Directory Watch.
         Mounting Huge Pages File System...
[[0;32m  OK  [0m] Reached target Swap.
[[0;32m  OK  [0m] Created slice system-sshd\x2dkeygen.slice.
[[0;32m  OK  [0m] Listening on multipathd control socket.
[[0;32m  OK  [0m] Listening on RPCbind Server Activation Socket.
[[0;32m  OK  [0m] Set up automount Arbitrary Executabâ€¦rmats File System Automount Point.
[[0;32m  OK  [0m] Created slice system-getty.slice.
         Mounting POSIX Message Queue File System...
[[0;32m  OK  [0m] Listening on LVM2 poll daemon socket.
         Starting Load Kernel Modules...
[[0;32m  OK  [0m] Created slice system-serial\x2dgetty.slice.
         Mounting Kernel Debug File System...
         Starting Setup Virtual Console...
[[0;32m  OK  [0m] Reached target RPC Port Mapper.
[[0;32m  OK  [0m] Listening on udev Control Socket.
         Starting udev Coldplug all Devices...
[    5.742788] EXT4-fs (sda): re-mounted. Opts: (null). Quota mode: none.
[[0;32m  OK  [0m] Started Monitoring of LVM2 mirrors,â€¦sing dmeventd or progress polling.
[[0;32m  OK  [0m] Started Journal Service.
[[0;32m  OK  [0m] Started Remount Root and Kernel File Systems.
[[0;32m  OK  [0m] Mounted Huge Pages File System.
[[0;32m  OK  [0m] Mounted POSIX Message Queue File System.
[[0;1;31mFAILED[0m] Failed to start Load Kernel Modules.
See 'systemctl status systemd-modules-load.service' for details.
[[0;32m  OK  [0m] Mounted Kernel Debug File System.
         Mounting FUSE Control File System...
         Starting Apply Kernel Variables...
         Mounting Kernel Configuration File System...
         Starting Load/Save Random Seed...
         Starting Create Static Device Nodes in /dev...
         Starting Flush Journal to Persistent Storage...
[[0;32m  OK  [0m] Mounted FUSE Control File System.
[[0;32m  OK  [0m] Started Apply Kernel Variables.
[[0;32m  OK  [0m] Mounted Kernel Configuration File System.
[[0;32m  OK  [0m] Started Load/Save Random Seed.
[[0;32m  OK  [0m] Started Create Static Device Nodes in /dev.
         Starting udev Kernel Device Manager...
[[0;32m  OK  [0m] Started udev Coldplug all Devices.
[[0;32m  OK  [0m] Started udev Kernel Device Manager.
[[0;32m  OK  [0m] Started Setup Virtual Console.
[[0;32m  OK  [0m] Started Flush Journal to Persistent Storage.
         Starting udev Wait for Complete Device Initialization...
         Starting Show Plymouth Boot Screen...
[[0;32m  OK  [0m] Started Show Plymouth Boot Screen.
[[0;32m  OK  [0m] Reached target Paths.
[[0;32m  OK  [0m] Reached target Local Encrypted Volumes.
[[0;32m  OK  [0m] Started Forward Password Requests to Plymouth Directory Watch.
[[0;32m  OK  [0m] Found device /dev/ttyS0.
[[0;32m  OK  [0m] Listening on Load/Save RF Kill Switch Status /dev/rfkill Watch.
[[0;32m  OK  [0m] Started udev Wait for Complete Device Initialization.
[[0;32m  OK  [0m] Reached target Local File Systems (Pre).
[[0;32m  OK  [0m] Reached target Local File Systems.
         Starting Restore /run/initramfs on shutdown...
         Starting Tell Plymouth To Write Out Runtime Data...
         Starting Create Volatile Files and Directories...
[[0;32m  OK  [0m] Started Restore /run/initramfs on shutdown.
[[0;32m  OK  [0m] Started Tell Plymouth To Write Out Runtime Data.
[[0;32m  OK  [0m] Started Create Volatile Files and Directories.
         Starting RPC Bind...
         Mounting RPC Pipe File System...
         Starting Security Auditing Service...
[[0;32m  OK  [0m] Mounted RPC Pipe File System.
[[0;32m  OK  [0m] Reached target rpc_pipefs.target.
[[0;32m  OK  [0m] Started RPC Bind.
[[0;32m  OK  [0m] Started Security Auditing Service.
         Starting Update UTMP about System Boot/Shutdown...
[[0;32m  OK  [0m] Started Update UTMP about System Boot/Shutdown.
[[0;32m  OK  [0m] Reached target System Initialization.
[[0;32m  OK  [0m] Listening on D-Bus System Message Bus Socket.
[[0;32m  OK  [0m] Started daily update of the root trust anchor for DNSSEC.
[[0;32m  OK  [0m] Started dnf makecache --timer.
[[0;32m  OK  [0m] Listening on SSSD Kerberos Cache Manager responder socket.
[[0;32m  OK  [0m] Reached target Sockets.
[[0;32m  OK  [0m] Reached target Basic System.
         Starting Auto-connect to subsystemsâ€¦-NVME devices found during boot...
[[0;32m  OK  [0m] Started Machine Check Exception Logging Daemon.
         Starting Login Service...
         Starting Authorization Manager...
[[0;32m  OK  [0m] Reached target sshd-keygen.target.
         Starting Self Monitoring and Reporting Technology (SMART) Daemon...
[[0;32m  OK  [0m] Started D-Bus System Message Bus.
         Starting Network Manager...
         Starting NTP client/server...
[[0;32m  OK  [0m] Started irqbalance daemon.
[[0;32m  OK  [0m] Started Daily Cleanup of Temporary Directories.
[[0;32m  OK  [0m] Reached target Timers.
[[0;32m  OK  [0m] Started Auto-connect to subsystems â€¦FC-NVME devices found during boot.
         Starting update of the root trust aâ€¦or DNSSEC validation in unbound...
[[0;32m  OK  [0m] Started Self Monitoring and Reporting Technology (SMART) Daemon.
[[0;32m  OK  [0m] Started Login Service.
[[0;32m  OK  [0m] Started Network Manager.
[[0;32m  OK  [0m] Reached target Network.
         Starting GSSAPI Proxy Daemon...
         Starting Dynamic System Tuning Daemon...
         Starting OpenSSH server daemon...
         Starting Network Manager Wait Online...
[[0;32m  OK  [0m] Started NTP client/server.
         Starting Hostname Service...
[[0;32m  OK  [0m] Started Authorization Manager.
[[0;32m  OK  [0m] Started Hostname Service.
         Starting Network Manager Script Dispatcher Service...
[[0;32m  OK  [0m] Started Network Manager Script Dispatcher Service.
[    8.715249] e1000: eth0 NIC Link is Up 1000 Mbps Full Duplex, Flow Control: RX
[    8.717558] IPv6: ADDRCONF(NETDEV_CHANGE): eth0: link becomes ready
[    9.033618] random: crng init done
[    9.034179] random: 7 urandom warning(s) missed due to ratelimiting
[[0;32m  OK  [0m] Started update of the root trust anâ€¦ for DNSSEC validation in unbound.
[[0;32m  OK  [0m] Started OpenSSH server daemon.
[[0;32m  OK  [0m] Started GSSAPI Proxy Daemon.
[[0;32m  OK  [0m] Reached target NFS client services.
[[0;32m  OK  [0m] Reached target Remote File Systems (Pre).
[[0;32m  OK  [0m] Reached target Remote File Systems.
         Starting Permit User Sessions...
[[0;32m  OK  [0m] Started Permit User Sessions.
         Starting Hold until boot process finishes up...
[[0;32m  OK  [0m] Started Command Scheduler.
         Starting Terminate Plymouth Boot Screen...

CentOS Stream 8
Kernel 5.15.0-rc7-84882cf72cd7+ on an x86_64

test login: 