c[?7l[2J[0mSeaBIOS (version rel-1.16.0-0-gd239552ce722-prebuilt.qemu.org)


iPXE (http://ipxe.org) 00:03.0 CA00 PCI2.10 PnP PMM+7FF91000+7FEF1000 CA00
Press Ctrl-B to configure iPXE (PCI 00:03.0)...                                                                               


Booting from ROM..c[?7l[2J[    0.000000] Linux version 5.15.0-9a7e0a90a454+ (root@p-adln01) (gcc (GCC) 8.5.0 20210514 (Red Hat 8.5.0-18), GNU ld version 2.36.1-2.el8) #1 SMP PREEMPT Fri Mar 10 07:24:48 CST 2023
[    0.000000] Command line: console=ttyS0 root=/dev/sda earlyprintk=serial net.ifnames=0
[    0.000000] KERNEL supported cpus:
[    0.000000]   Intel GenuineIntel
[    0.000000]   AMD AuthenticAMD
[    0.000000]   Hygon HygonGenuine
[    0.000000]   Centaur CentaurHauls
[    0.000000]   zhaoxin   Shanghai  
[    0.000000] x86/fpu: Supporting XSAVE feature 0x001: 'x87 floating point registers'
[    0.000000] x86/fpu: Supporting XSAVE feature 0x002: 'SSE registers'
[    0.000000] x86/fpu: Supporting XSAVE feature 0x004: 'AVX registers'
[    0.000000] x86/fpu: Supporting XSAVE feature 0x200: 'Protection Keys User registers'
[    0.000000] x86/fpu: xstate_offset[2]:  576, xstate_sizes[2]:  256
[    0.000000] x86/fpu: xstate_offset[9]:  832, xstate_sizes[9]:    8
[    0.000000] x86/fpu: Enabled xstate features 0x207, context size is 840 bytes, using 'compacted' format.
[    0.000000] signal: max sigframe size: 3632
[    0.000000] BIOS-provided physical RAM map:
[    0.000000] BIOS-e820: [mem 0x0000000000000000-0x000000000009fbff] usable
[    0.000000] BIOS-e820: [mem 0x000000000009fc00-0x000000000009ffff] reserved
[    0.000000] BIOS-e820: [mem 0x00000000000f0000-0x00000000000fffff] reserved
[    0.000000] BIOS-e820: [mem 0x0000000000100000-0x000000007ffdffff] usable
[    0.000000] BIOS-e820: [mem 0x000000007ffe0000-0x000000007fffffff] reserved
[    0.000000] BIOS-e820: [mem 0x00000000feffc000-0x00000000feffffff] reserved
[    0.000000] BIOS-e820: [mem 0x00000000fffc0000-0x00000000ffffffff] reserved
[    0.000000] printk: bootconsole [earlyser0] enabled
[    0.000000] NX (Execute Disable) protection: active
[    0.000000] SMBIOS 2.8 present.
[    0.000000] DMI: QEMU Standard PC (i440FX + PIIX, 1996), BIOS rel-1.16.0-0-gd239552ce722-prebuilt.qemu.org 04/01/2014
[    0.000000] Hypervisor detected: KVM
[    0.000000] kvm-clock: Using msrs 4b564d01 and 4b564d00
[    0.000000] kvm-clock: cpu 0, msr 5401001, primary cpu clock
[    0.000003] kvm-clock: using sched offset of 411994986 cycles
[    0.000642] clocksource: kvm-clock: mask: 0xffffffffffffffff max_cycles: 0x1cd42e4dffb, max_idle_ns: 881590591483 ns
[    0.002484] tsc: Detected 1804.800 MHz processor
[    0.009878] last_pfn = 0x7ffe0 max_arch_pfn = 0x400000000
[    0.010580] x86/PAT: Configuration [0-7]: WB  WC  UC- UC  WB  WP  UC- WT  
[    0.018209] found SMP MP-table at [mem 0x000f5ba0-0x000f5baf]
[    0.019024] Using GB pages for direct mapping
[    0.021061] ACPI: Early table checksum verification disabled
[    0.021754] ACPI: RSDP 0x00000000000F59C0 000014 (v00 BOCHS )
[    0.022416] ACPI: RSDT 0x000000007FFE1951 000034 (v01 BOCHS  BXPC     00000001 BXPC 00000001)
[    0.023393] ACPI: FACP 0x000000007FFE17FD 000074 (v01 BOCHS  BXPC     00000001 BXPC 00000001)
[    0.024371] ACPI: DSDT 0x000000007FFE0040 0017BD (v01 BOCHS  BXPC     00000001 BXPC 00000001)
[    0.025355] ACPI: FACS 0x000000007FFE0000 000040
[    0.025885] ACPI: APIC 0x000000007FFE1871 000080 (v01 BOCHS  BXPC     00000001 BXPC 00000001)
[    0.026851] ACPI: HPET 0x000000007FFE18F1 000038 (v01 BOCHS  BXPC     00000001 BXPC 00000001)
[    0.027814] ACPI: WAET 0x000000007FFE1929 000028 (v01 BOCHS  BXPC     00000001 BXPC 00000001)
[    0.028775] ACPI: Reserving FACP table memory at [mem 0x7ffe17fd-0x7ffe1870]
[    0.029589] ACPI: Reserving DSDT table memory at [mem 0x7ffe0040-0x7ffe17fc]
[    0.030376] ACPI: Reserving FACS table memory at [mem 0x7ffe0000-0x7ffe003f]
[    0.031160] ACPI: Reserving APIC table memory at [mem 0x7ffe1871-0x7ffe18f0]
[    0.031945] ACPI: Reserving HPET table memory at [mem 0x7ffe18f1-0x7ffe1928]
[    0.032737] ACPI: Reserving WAET table memory at [mem 0x7ffe1929-0x7ffe1950]
[    0.034630] No NUMA configuration found
[    0.035074] Faking a node at [mem 0x0000000000000000-0x000000007ffdffff]
[    0.035971] NODE_DATA(0) allocated [mem 0x7ffb5000-0x7ffdffff]
[    0.040485] Zone ranges:
[    0.040778]   DMA      [mem 0x0000000000001000-0x0000000000ffffff]
[    0.041541]   DMA32    [mem 0x0000000001000000-0x000000007ffdffff]
[    0.042235]   Normal   empty
[    0.042559]   Device   empty
[    0.042889] Movable zone start for each node
[    0.043368] Early memory node ranges
[    0.043767]   node   0: [mem 0x0000000000001000-0x000000000009efff]
[    0.044472]   node   0: [mem 0x0000000000100000-0x000000007ffdffff]
[    0.045207] Initmem setup node 0 [mem 0x0000000000001000-0x000000007ffdffff]
[    0.046321] On node 0, zone DMA: 1 pages in unavailable ranges
[    0.046524] On node 0, zone DMA: 97 pages in unavailable ranges
[    0.089794] On node 0, zone DMA32: 32 pages in unavailable ranges
[    0.090908] ACPI: PM-Timer IO Port: 0x608
[    0.092084] ACPI: LAPIC_NMI (acpi_id[0xff] dfl dfl lint[0x1])
[    0.092820] IOAPIC[0]: apic_id 0, version 17, address 0xfec00000, GSI 0-23
[    0.093631] ACPI: INT_SRC_OVR (bus 0 bus_irq 0 global_irq 2 dfl dfl)
[    0.094353] ACPI: INT_SRC_OVR (bus 0 bus_irq 5 global_irq 5 high level)
[    0.095107] ACPI: INT_SRC_OVR (bus 0 bus_irq 9 global_irq 9 high level)
[    0.095855] ACPI: INT_SRC_OVR (bus 0 bus_irq 10 global_irq 10 high level)
[    0.096616] ACPI: INT_SRC_OVR (bus 0 bus_irq 11 global_irq 11 high level)
[    0.097404] ACPI: Using ACPI (MADT) for SMP configuration information
[    0.098126] ACPI: HPET id: 0x8086a201 base: 0xfed00000
[    0.098729] TSC deadline timer available
[    0.099173] smpboot: Allowing 2 CPUs, 0 hotplug CPUs
[    0.099842] kvm-guest: KVM setup pv remote TLB flush
[    0.100402] kvm-guest: setup PV sched yield
[    0.101002] PM: hibernation: Registered nosave memory: [mem 0x00000000-0x00000fff]
[    0.101860] PM: hibernation: Registered nosave memory: [mem 0x0009f000-0x0009ffff]
[    0.102699] PM: hibernation: Registered nosave memory: [mem 0x000a0000-0x000effff]
[    0.103538] PM: hibernation: Registered nosave memory: [mem 0x000f0000-0x000fffff]
[    0.104386] [mem 0x80000000-0xfeffbfff] available for PCI devices
[    0.105081] Booting paravirtualized kernel on KVM
[    0.105649] clocksource: refined-jiffies: mask: 0xffffffff max_cycles: 0xffffffff, max_idle_ns: 7645519600211568 ns
[    0.106835] setup_percpu: NR_CPUS:8192 nr_cpumask_bits:2 nr_cpu_ids:2 nr_node_ids:1
[    0.109658] percpu: Embedded 55 pages/cpu s188416 r8192 d28672 u1048576
[    0.110646] kvm-guest: setup async PF for cpu 0
[    0.111159] kvm-guest: stealtime: cpu 0, msr 7dc2d080
[    0.111749] kvm-guest: PV spinlocks enabled
[    0.112240] PV qspinlock hash table entries: 256 (order: 0, 4096 bytes, linear)
[    0.113146] Built 1 zonelists, mobility grouping on.  Total pages: 515808
[    0.113936] Policy zone: DMA32
[    0.114290] Kernel command line: net.ifnames=0 console=ttyS0 root=/dev/sda earlyprintk=serial net.ifnames=0
[    0.119112] Dentry cache hash table entries: 262144 (order: 9, 2097152 bytes, linear)
[    0.120827] Inode-cache hash table entries: 131072 (order: 8, 1048576 bytes, linear)
[    0.121862] mem auto-init: stack:off, heap alloc:off, heap free:off
[    0.126714] Memory: 1987504K/2096632K available (30737K kernel code, 5253K rwdata, 7744K rodata, 3116K init, 22128K bss, 108872K reserved, 0K cma-reserved)
[    0.128354] random: get_random_u64 called from __kmem_cache_create+0x2f/0x4d0 with crng_init=0
[    0.129258] SLUB: HWalign=64, Order=0-3, MinObjects=0, CPUs=2, Nodes=1
[    0.130961] kmemleak: Kernel memory leak detector disabled
[    0.131643] ftrace: allocating 65122 entries in 255 pages
[    0.226087] ftrace: allocated 255 pages with 8 groups
[    0.229580] Dynamic Preempt: none
[    0.230161] Running RCU self tests
[    0.230555] rcu: Preemptible hierarchical RCU implementation.
[    0.231206] rcu: 	RCU lockdep checking is enabled.
[    0.231741] rcu: 	RCU restricting CPUs from NR_CPUS=8192 to nr_cpu_ids=2.
[    0.232498] 	Trampoline variant of Tasks RCU enabled.
[    0.233078] 	Rude variant of Tasks RCU enabled.
[    0.233583] 	Tracing variant of Tasks RCU enabled.
[    0.234119] rcu: RCU calculated value of scheduler-enlistment delay is 25 jiffies.
[    0.234959] rcu: Adjusting geometry for rcu_fanout_leaf=16, nr_cpu_ids=2
[    0.259745] NR_IRQS: 524544, nr_irqs: 440, preallocated irqs: 16
[    0.271784] Console: colour VGA+ 80x25
[    0.272288] printk: console [ttyS0] enabled
[    0.272288] printk: console [ttyS0] enabled
[    0.273254] printk: bootconsole [earlyser0] disabled
[    0.273254] printk: bootconsole [earlyser0] disabled
[    0.274378] Lock dependency validator: Copyright (c) 2006 Red Hat, Inc., Ingo Molnar
[    0.275269] ... MAX_LOCKDEP_SUBCLASSES:  8
[    0.275749] ... MAX_LOCK_DEPTH:          48
[    0.276238] ... MAX_LOCKDEP_KEYS:        8192
[    0.276747] ... CLASSHASH_SIZE:          4096
[    0.277266] ... MAX_LOCKDEP_ENTRIES:     32768
[    0.277784] ... MAX_LOCKDEP_CHAINS:      65536
[    0.278304] ... CHAINHASH_SIZE:          32768
[    0.278839]  memory used by lock dependency info: 6365 kB
[    0.279497]  memory used for stack traces: 4224 kB
[    0.280085]  per task-struct memory footprint: 1920 bytes
[    0.280793] ACPI: Core revision 20210730
[    0.281596] clocksource: hpet: mask: 0xffffffff max_cycles: 0xffffffff, max_idle_ns: 19112604467 ns
[    0.282876] APIC: Switch to symmetric I/O mode setup
[    0.283771] x2apic enabled
[    0.284388] Switched APIC routing to physical x2apic.
[    0.285032] kvm-guest: setup PV IPIs
[    0.286682] ..TIMER: vector=0x30 apic1=0 pin1=2 apic2=-1 pin2=-1
[    0.287469] clocksource: tsc-early: mask: 0xffffffffffffffff max_cycles: 0x1a03dfe73b3, max_idle_ns: 440795256845 ns
[    0.288755] Calibrating delay loop (skipped) preset value.. 3609.60 BogoMIPS (lpj=7219200)
[    0.289768] pid_max: default: 32768 minimum: 301
[    0.290436] LSM: Security Framework initializing
[    0.292760] Yama: becoming mindful.
[    0.293351] Mount-cache hash table entries: 4096 (order: 3, 32768 bytes, linear)
[    0.294270] Mountpoint-cache hash table entries: 4096 (order: 3, 32768 bytes, linear)
[    0.296849] x86/cpu: User Mode Instruction Prevention (UMIP) activated
[    0.301180] Last level iTLB entries: 4KB 0, 2MB 0, 4MB 0
[    0.301889] Last level dTLB entries: 4KB 0, 2MB 0, 4MB 0, 1GB 0
[    0.302692] Spectre V1 : Mitigation: usercopy/swapgs barriers and __user pointer sanitization
[    0.303715] Spectre V2 : Mitigation: Enhanced IBRS
[    0.304284] Spectre V2 : Spectre v2 / SpectreRSB mitigation: Filling RSB on context switch
[    0.304751] Spectre V2 : mitigation: Enabling conditional Indirect Branch Prediction Barrier
[    0.305743] Speculative Store Bypass: Mitigation: Speculative Store Bypass disabled via prctl and seccomp
[    0.357607] Freeing SMP alternatives memory: 56K
[    0.358859] smpboot: CPU0: Intel(R) Core(TM) i3-N305 (family: 0x6, model: 0xbe, stepping: 0x0)
[    0.360739] Running RCU-tasks wait API self tests
[    0.460942] Performance Events: generic architected perfmon, full-width counters, Intel PMU driver.
[    0.462111] ... version:                2
[    0.462597] ... bit width:              48
[    0.463092] ... generic registers:      6
[    0.463569] ... value mask:             0000ffffffffffff
[    0.464180] ... max period:             00007fffffffffff
[    0.464746] ... fixed-purpose events:   3
[    0.465202] ... event mask:             000000070000003f
[    0.466369] rcu: Hierarchical SRCU implementation.
[    0.470232] Callback from call_rcu_tasks_trace() invoked.
[    0.471287] smp: Bringing up secondary CPUs ...
[    0.472554] x86: Booting SMP configuration:
[    0.472758] .... node  #0, CPUs:      #1
[    0.028000] kvm-clock: cpu 1, msr 5401041, secondary cpu clock
[    0.473807] kvm-guest: setup async PF for cpu 1
[    0.474043] kvm-guest: stealtime: cpu 1, msr 7dd2d080
[    0.474693] smp: Brought up 1 node, 2 CPUs
[    0.474693] smpboot: Max logical packages: 1
[    0.476758] smpboot: Total of 2 processors activated (7219.20 BogoMIPS)
[    0.482157] devtmpfs: initialized
[    0.482157] x86/mm: Memory block size: 128MB
[    0.485535] clocksource: jiffies: mask: 0xffffffff max_cycles: 0xffffffff, max_idle_ns: 7645041785100000 ns
[    0.488759] futex hash table entries: 512 (order: 4, 65536 bytes, linear)
[    0.489985] pinctrl core: initialized pinctrl subsystem
[    0.491351] 
[    0.491540] *************************************************************
[    0.492300] **     NOTICE NOTICE NOTICE NOTICE NOTICE NOTICE NOTICE    **
[    0.492749] **                                                         **
[    0.493561] **  IOMMU DebugFS SUPPORT HAS BEEN ENABLED IN THIS KERNEL  **
[    0.494359] **                                                         **
[    0.495153] ** This means that this kernel is built to expose internal **
[    0.495949] ** IOMMU data structures, which may compromise security on **
[    0.496745] ** your system.                                            **
[    0.497542] **                                                         **
[    0.498340] ** If you see this message and you are not debugging the   **
[    0.499137] ** kernel, report this immediately to your vendor!         **
[    0.499946] **                                                         **
[    0.500745] **     NOTICE NOTICE NOTICE NOTICE NOTICE NOTICE NOTICE    **
[    0.501539] *************************************************************
[    0.502423] PM: RTC time: 20:48:45, date: 2023-03-28
[    0.504643] NET: Registered PF_NETLINK/PF_ROUTE protocol family
[    0.505481] DMA: preallocated 256 KiB GFP_KERNEL pool for atomic allocations
[    0.506342] DMA: preallocated 256 KiB GFP_KERNEL|GFP_DMA pool for atomic allocations
[    0.507271] DMA: preallocated 256 KiB GFP_KERNEL|GFP_DMA32 pool for atomic allocations
[    0.508276] audit: initializing netlink subsys (disabled)
[    0.508829] audit: type=2000 audit(1680036526.446:1): state=initialized audit_enabled=0 res=1
[    0.509821] thermal_sys: Registered thermal governor 'fair_share'
[    0.509830] thermal_sys: Registered thermal governor 'bang_bang'
[    0.510567] thermal_sys: Registered thermal governor 'step_wise'
[    0.511284] thermal_sys: Registered thermal governor 'user_space'
[    0.512063] cpuidle: using governor ladder
[    0.513267] cpuidle: using governor menu
[    0.514140] ACPI: bus type PCI registered
[    0.514634] acpiphp: ACPI Hot Plug PCI Controller Driver version: 0.5
[    0.516197] PCI: Using configuration type 1 for base access
[    0.533072] Kprobes globally optimized
[    0.533557] HugeTLB registered 1.00 GiB page size, pre-allocated 0 pages
[    0.533630] HugeTLB registered 2.00 MiB page size, pre-allocated 0 pages
[    0.545296] ACPI: Added _OSI(Module Device)
[    0.545820] ACPI: Added _OSI(Processor Device)
[    0.546350] ACPI: Added _OSI(3.0 _SCP Extensions)
[    0.546912] ACPI: Added _OSI(Processor Aggregator Device)
[    0.547555] ACPI: Added _OSI(Linux-Dell-Video)
[    0.548764] ACPI: Added _OSI(Linux-Lenovo-NV-HDMI-Audio)
[    0.549367] ACPI: Added _OSI(Linux-HPI-Hybrid-Graphics)
[    0.556510] ACPI: 1 ACPI AML tables successfully acquired and loaded
[    0.561086] ACPI: Interpreter enabled
[    0.561622] ACPI: PM: (supports S0 S3 S4 S5)
[    0.562119] ACPI: Using IOAPIC for interrupt routing
[    0.562789] PCI: Using host bridge windows from ACPI; if necessary, use "pci=nocrs" and report a bug
[    0.564899] ACPI: Enabled 2 GPEs in block 00 to 0F
[    0.586595] ACPI: PCI Root Bridge [PCI0] (domain 0000 [bus 00-ff])
[    0.587391] acpi PNP0A03:00: _OSC: OS supports [ASPM ClockPM Segments MSI EDR HPX-Type3]
[    0.588441] acpi PNP0A03:00: fail to add MMCONFIG information, can't access extended PCI configuration space under this bridge.
[    0.591511] acpiphp: Slot [3] registered
[    0.592748] acpiphp: Slot [4] registered
[    0.592748] acpiphp: Slot [5] registered
[    0.592845] acpiphp: Slot [6] registered
[    0.593393] acpiphp: Slot [7] registered
[    0.593931] acpiphp: Slot [8] registered
[    0.594469] acpiphp: Slot [9] registered
[    0.595006] acpiphp: Slot [10] registered
[    0.596768] acpiphp: Slot [11] registered
[    0.596768] acpiphp: Slot [12] registered
[    0.596768] acpiphp: Slot [13] registered
[    0.596832] acpiphp: Slot [14] registered
[    0.597379] acpiphp: Slot [15] registered
[    0.597930] acpiphp: Slot [16] registered
[    0.598488] acpiphp: Slot [17] registered
[    0.599037] acpiphp: Slot [18] registered
[    0.600747] acpiphp: Slot [19] registered
[    0.600747] acpiphp: Slot [20] registered
[    0.600778] acpiphp: Slot [21] registered
[    0.601336] acpiphp: Slot [22] registered
[    0.601880] acpiphp: Slot [23] registered
[    0.602424] acpiphp: Slot [24] registered
[    0.602967] acpiphp: Slot [25] registered
[    0.604766] acpiphp: Slot [26] registered
[    0.604766] acpiphp: Slot [27] registered
[    0.604766] acpiphp: Slot [28] registered
[    0.604844] acpiphp: Slot [29] registered
[    0.605401] acpiphp: Slot [30] registered
[    0.605956] acpiphp: Slot [31] registered
[    0.606447] PCI host bridge to bus 0000:00
[    0.608747] pci_bus 0000:00: root bus resource [io  0x0000-0x0cf7 window]
[    0.608747] pci_bus 0000:00: root bus resource [io  0x0d00-0xffff window]
[    0.608747] pci_bus 0000:00: root bus resource [mem 0x000a0000-0x000bffff window]
[    0.608748] pci_bus 0000:00: root bus resource [mem 0x80000000-0xfebfffff window]
[    0.609628] pci_bus 0000:00: root bus resource [mem 0x100000000-0x17fffffff window]
[    0.612766] pci_bus 0000:00: root bus resource [bus 00-ff]
[    0.612766] pci 0000:00:00.0: [8086:1237] type 00 class 0x060000
[    0.617764] pci 0000:00:01.0: [8086:7000] type 00 class 0x060100
[    0.620767] pci 0000:00:01.1: [8086:7010] type 00 class 0x010180
[    0.622126] pci 0000:00:01.1: reg 0x20: [io  0xc040-0xc04f]
[    0.624750] pci 0000:00:01.1: legacy IDE quirk: reg 0x10: [io  0x01f0-0x01f7]
[    0.624750] pci 0000:00:01.1: legacy IDE quirk: reg 0x14: [io  0x03f6]
[    0.624750] pci 0000:00:01.1: legacy IDE quirk: reg 0x18: [io  0x0170-0x0177]
[    0.625560] pci 0000:00:01.1: legacy IDE quirk: reg 0x1c: [io  0x0376]
[    0.628770] pci 0000:00:01.3: [8086:7113] type 00 class 0x068000
[    0.628770] pci 0000:00:01.3: quirk: [io  0x0600-0x063f] claimed by PIIX4 ACPI
[    0.628770] pci 0000:00:01.3: quirk: [io  0x0700-0x070f] claimed by PIIX4 SMB
[    0.632748] pci 0000:00:02.0: [1234:1111] type 00 class 0x030000
[    0.637089] pci 0000:00:02.0: reg 0x10: [mem 0xfd000000-0xfdffffff pref]
[    0.640202] pci 0000:00:02.0: reg 0x18: [mem 0xfebf0000-0xfebf0fff]
[    0.644893] pci 0000:00:02.0: reg 0x30: [mem 0xfebe0000-0xfebeffff pref]
[    0.651497] pci 0000:00:03.0: [8086:100e] type 00 class 0x020000
[    0.652986] pci 0000:00:03.0: reg 0x10: [mem 0xfebc0000-0xfebdffff]
[    0.654151] pci 0000:00:03.0: reg 0x14: [io  0xc000-0xc03f]
[    0.657761] pci 0000:00:03.0: reg 0x30: [mem 0xfeb80000-0xfebbffff pref]
[    0.675849] ACPI: PCI: Interrupt link LNKA configured for IRQ 10
[    0.677055] ACPI: PCI: Interrupt link LNKB configured for IRQ 10
[    0.678205] ACPI: PCI: Interrupt link LNKC configured for IRQ 11
[    0.679362] ACPI: PCI: Interrupt link LNKD configured for IRQ 11
[    0.680282] ACPI: PCI: Interrupt link LNKS configured for IRQ 9
[    0.682457] Callback from call_rcu_tasks_rude() invoked.
[    0.682457] iommu: Default domain type: Translated 
[    0.682457] iommu: DMA domain TLB invalidation policy: lazy mode 
[    0.684994] pci 0000:00:02.0: vgaarb: setting as boot VGA device
[    0.685531] pci 0000:00:02.0: vgaarb: VGA device added: decodes=io+mem,owns=io+mem,locks=none
[    0.686495] pci 0000:00:02.0: vgaarb: bridge control possible
[    0.687189] vgaarb: loaded
[    0.689518] SCSI subsystem initialized
[    0.689999] ACPI: bus type USB registered
[    0.689999] usbcore: registered new interface driver usbfs
[    0.690344] usbcore: registered new interface driver hub
[    0.691001] usbcore: registered new device driver usb
[    0.692880] pps_core: LinuxPPS API ver. 1 registered
[    0.693445] pps_core: Software ver. 5.3.6 - Copyright 2005-2007 Rodolfo Giometti <giometti@linux.it>
[    0.694470] PTP clock support registered
[    0.695010] EDAC MC: Ver: 3.0.0
[    0.697971] NetLabel: Initializing
[    0.698379] NetLabel:  domain hash size = 128
[    0.698874] NetLabel:  protocols = UNLABELED CIPSOv4 CALIPSO
[    0.699603] NetLabel:  unlabeled traffic allowed by default
[    0.700779] PCI: Using ACPI for IRQ routing
[    0.701533] hpet0: at MMIO 0xfed00000, IRQs 2, 8, 0
[    0.701835] hpet0: 3 comparators, 64-bit 100.000000 MHz counter
[    0.707114] clocksource: Switched to clocksource kvm-clock
[    0.776970] Callback from call_rcu_tasks() invoked.
[    0.858355] VFS: Disk quotas dquot_6.6.0
[    0.858948] VFS: Dquot-cache hash table entries: 512 (order 0, 4096 bytes)
[    0.860302] pnp: PnP ACPI init
[    0.863174] pnp: PnP ACPI: found 6 devices
[    0.876785] clocksource: acpi_pm: mask: 0xffffff max_cycles: 0xffffff, max_idle_ns: 2085701024 ns
[    0.878259] NET: Registered PF_INET protocol family
[    0.879193] IP idents hash table entries: 32768 (order: 6, 262144 bytes, linear)
[    0.880992] tcp_listen_portaddr_hash hash table entries: 1024 (order: 4, 81920 bytes, linear)
[    0.882100] TCP established hash table entries: 16384 (order: 5, 131072 bytes, linear)
[    0.883353] TCP bind hash table entries: 16384 (order: 8, 1179648 bytes, linear)
[    0.885684] TCP: Hash tables configured (established 16384 bind 16384)
[    0.886720] UDP hash table entries: 1024 (order: 5, 163840 bytes, linear)
[    0.889263] UDP-Lite hash table entries: 1024 (order: 5, 163840 bytes, linear)
[    0.890469] NET: Registered PF_UNIX/PF_LOCAL protocol family
[    0.892218] RPC: Registered named UNIX socket transport module.
[    0.892973] RPC: Registered udp transport module.
[    0.893538] RPC: Registered tcp transport module.
[    0.894101] RPC: Registered tcp NFSv4.1 backchannel transport module.
[    0.894895] pci_bus 0000:00: resource 4 [io  0x0000-0x0cf7 window]
[    0.895638] pci_bus 0000:00: resource 5 [io  0x0d00-0xffff window]
[    0.896384] pci_bus 0000:00: resource 6 [mem 0x000a0000-0x000bffff window]
[    0.897214] pci_bus 0000:00: resource 7 [mem 0x80000000-0xfebfffff window]
[    0.898033] pci_bus 0000:00: resource 8 [mem 0x100000000-0x17fffffff window]
[    0.899176] pci 0000:00:01.0: PIIX3: Enabling Passive Release
[    0.899883] pci 0000:00:00.0: Limiting direct PCI/PCI transfers
[    0.900621] pci 0000:00:01.0: Activating ISA DMA hang workarounds
[    0.901472] pci 0000:00:02.0: Video device with shadowed ROM at [mem 0x000c0000-0x000dffff]
[    0.902497] PCI: CLS 0 bytes, default 64
[    0.903050] ACPI: bus type thunderbolt registered
[    0.903999] clocksource: tsc: mask: 0xffffffffffffffff max_cycles: 0x1a03dfe73b3, max_idle_ns: 440795256845 ns
[    3.526041] Initialise system trusted keyrings
[    3.526692] Key type blacklist registered
[    3.527427] workingset: timestamp_bits=36 max_order=19 bucket_order=0
[    3.539763] zbud: loaded
[    3.542279] squashfs: version 4.0 (2009/01/31) Phillip Lougher
[    3.544591] NFS: Registering the id_resolver key type
[    3.545264] Key type id_resolver registered
[    3.545748] Key type id_legacy registered
[    3.546330] nfs4filelayout_init: NFSv4 File Layout Driver Registering...
[    3.547115] nfs4flexfilelayout_init: NFSv4 Flexfile Layout Driver Registering...
[    3.548195] fuse: init (API version 7.34)
[    3.549113] SGI XFS with ACLs, security attributes, realtime, quota, no debug enabled
[    3.552082] 9p: Installing v9fs 9p2000 file system support
[    3.561427] Key type asymmetric registered
[    3.561945] Asymmetric key parser 'x509' registered
[    3.562729] Block layer SCSI generic (bsg) driver version 0.4 loaded (major 244)
[    3.563835] io scheduler mq-deadline registered
[    3.564523] io scheduler bfq registered
[    3.565573] shpchp: Standard Hot Plug PCI Controller Driver version: 0.4
[    3.566818] IPMI message handler: version 39.2
[    3.567390] ipmi device interface
[    3.569711] input: Power Button as /devices/LNXSYSTM:00/LNXPWRBN:00/input/input0
[    3.570871] ACPI: button: Power Button [PWRF]
[    3.572562] ERST DBG: ERST support is disabled.
[    3.573930] Serial: 8250/16550 driver, 32 ports, IRQ sharing enabled
[    3.575410] 00:04: ttyS0 at I/O 0x3f8 (irq = 4, base_baud = 115200) is a 16550A
[    3.588635] Linux agpgart interface v0.103
[    3.606143] brd: module loaded
[    3.616193] loop: module loaded
[    3.622363] scsi host0: ata_piix
[    3.623853] scsi host1: ata_piix
[    3.624482] ata1: PATA max MWDMA2 cmd 0x1f0 ctl 0x3f6 bmdma 0xc040 irq 14
[    3.625276] ata2: PATA max MWDMA2 cmd 0x170 ctl 0x376 bmdma 0xc048 irq 15
[    3.626950] libphy: Fixed MDIO Bus: probed
[    3.627818] tun: Universal TUN/TAP device driver, 1.6
[    3.628688] e100: Intel(R) PRO/100 Network Driver
[    3.629288] e100: Copyright(c) 1999-2006 Intel Corporation
[    3.629994] e1000: Intel(R) PRO/1000 Network Driver
[    3.630583] e1000: Copyright (c) 1999-2006 Intel Corporation.
[    3.785685] ata1.00: ATA-7: QEMU HARDDISK, 2.5+, max UDMA/100
[    3.786391] ata1.00: 16777216 sectors, multi 16: LBA48 
[    3.787809] ata2.00: ATAPI: QEMU DVD-ROM, 2.5+, max UDMA/100
[    3.789317] ata1.00: Read log page 0x00 failed, Emask 0x1
[    3.789971] ata1.00: ATA Identify Device Log not supported
[    3.791375] ata1.00: Read log page 0x00 failed, Emask 0x1
[    3.792049] ata1.00: ATA Identify Device Log not supported
[    3.793423] scsi 0:0:0:0: Direct-Access     ATA      QEMU HARDDISK    2.5+ PQ: 0 ANSI: 5
[    3.795288] scsi 0:0:0:0: Attached scsi generic sg0 type 0
[    3.796814] scsi 1:0:0:0: CD-ROM            QEMU     QEMU DVD-ROM     2.5+ PQ: 0 ANSI: 5
[    3.798917] scsi 1:0:0:0: Attached scsi generic sg1 type 5
[    3.800480] sd 0:0:0:0: [sda] 16777216 512-byte logical blocks: (8.59 GB/8.00 GiB)
[    3.801447] sd 0:0:0:0: [sda] Write Protect is off
[    3.802102] sd 0:0:0:0: [sda] Write cache: enabled, read cache: enabled, doesn't support DPO or FUA
[    3.844570] ACPI: \_SB_.LNKC: Enabled at IRQ 11
[    3.853132] sd 0:0:0:0: [sda] Attached SCSI disk
[    4.185734] e1000 0000:00:03.0 eth0: (PCI:33MHz:32-bit) 52:54:00:12:34:56
[    4.186567] e1000 0000:00:03.0 eth0: Intel(R) PRO/1000 Network Connection
[    4.187433] e1000e: Intel(R) PRO/1000 Network Driver
[    4.188000] e1000e: Copyright(c) 1999 - 2015 Intel Corporation.
[    4.188826] igb: Intel(R) Gigabit Ethernet Network Driver
[    4.189483] igb: Copyright (c) 2007-2014 Intel Corporation.
[    4.190299] PPP generic driver version 2.4.2
[    4.191450] VFIO - User Level meta-driver version: 0.3
[    4.192122] ehci_hcd: USB 2.0 'Enhanced' Host Controller (EHCI) Driver
[    4.192932] ehci-pci: EHCI PCI platform driver
[    4.193504] ehci-platform: EHCI generic platform driver
[    4.194127] ohci_hcd: USB 1.1 'Open' Host Controller (OHCI) Driver
[    4.194825] ohci-pci: OHCI PCI platform driver
[    4.195370] ohci-platform: OHCI generic platform driver
[    4.195992] uhci_hcd: USB Universal Host Controller Interface driver
[    4.197195] usbcore: registered new interface driver uas
[    4.197869] usbcore: registered new interface driver usb-storage
[    4.198691] i8042: PNP: PS/2 Controller [PNP0303:KBD,PNP0f13:MOU] at 0x60,0x64 irq 1,12
[    4.200552] serio: i8042 KBD port at 0x60,0x64 irq 1
[    4.201188] serio: i8042 AUX port at 0x60,0x64 irq 12
[    4.202211] mousedev: PS/2 mouse device common for all mice
[    4.203847] rtc_cmos 00:05: RTC can wake from S4
[    4.205722] rtc_cmos 00:05: registered as rtc0
[    4.206332] rtc_cmos 00:05: setting system clock to 2023-03-28T20:48:49 UTC (1680036529)
[    4.207439] rtc_cmos 00:05: alarms up to one day, y3k, 242 bytes nvram, hpet irqs
[    4.208350] i2c_dev: i2c /dev entries driver
[    4.208945] device-mapper: core: CONFIG_IMA_DISABLE_HTABLE is disabled. Duplicate IMA measurements will not be recorded in the IMA log.
[    4.210416] device-mapper: uevent: version 1.0.3
[    4.211383] device-mapper: ioctl: 4.45.0-ioctl (2021-03-22) initialised: dm-devel@redhat.com
[    4.212403] intel_pstate: CPU model not supported
[    4.212680] input: AT Translated Set 2 keyboard as /devices/platform/i8042/serio0/input/input1
[    4.213112] sdhci: Secure Digital Host Controller Interface driver
[    4.214782] sdhci: Copyright(c) Pierre Ossman
[    4.215411] input: VirtualPS/2 VMware VMMouse as /devices/platform/i8042/serio1/input/input4
[    4.215611] sdhci-pltfm: SDHCI platform and OF driver helper
[    4.217273] input: VirtualPS/2 VMware VMMouse as /devices/platform/i8042/serio1/input/input3
[    4.218558] ledtrig-cpu: registered to indicate activity on CPUs
[    4.219589] drop_monitor: Initializing network drop monitor service
[    4.221047] NET: Registered PF_INET6 protocol family
[    4.226439] Segment Routing with IPv6
[    4.226939] In-situ OAM (IOAM) with IPv6
[    4.227473] NET: Registered PF_PACKET protocol family
[    4.228386] 9pnet: Installing 9P2000 support
[    4.229001] Key type dns_resolver registered
[    4.230709] IPI shorthand broadcast: enabled
[    4.231297] sched_clock: Marking stable (4206428203, 24000103)->(4243353389, -12925083)
[    4.233086] registered taskstats version 1
[    4.233753] Loading compiled-in X.509 certificates
[    4.234465] zswap: loaded using pool lzo/zbud
[    4.235608] Key type ._fscrypt registered
[    4.236188] Key type .fscrypt registered
[    4.236659] Key type fscrypt-provisioning registered
[    4.238492] Key type encrypted registered
[    4.239067] ima: No TPM chip found, activating TPM-bypass!
[    4.239731] ima: Allocated hash algorithm: sha1
[    4.240338] ima: No architecture policies found
[    4.240973] evm: Initialising EVM extended attributes:
[    4.241558] evm: security.selinux
[    4.241940] evm: security.SMACK64
[    4.242324] evm: security.SMACK64EXEC
[    4.242741] evm: security.SMACK64TRANSMUTE
[    4.243206] evm: security.SMACK64MMAP
[    4.243624] evm: security.apparmor
[    4.244019] evm: security.ima
[    4.244380] evm: security.capability
[    4.244852] evm: HMAC attrs: 0x1
[    4.246793] PM:   Magic number: 15:994:852
[    4.247792] RAS: Correctable Errors collector initialized.
[    4.249759] md: Waiting for all devices to be available before autodetect
[    4.250563] md: If you don't use raid, use raid=noautodetect
[    4.251236] md: Autodetecting RAID arrays.
[    4.251737] md: autorun ...
[    4.252086] md: ... autorun DONE.
[    4.265127] EXT4-fs (sda): INFO: recovery required on readonly filesystem
[    4.265930] EXT4-fs (sda): write access will be enabled during recovery
[    4.289722] EXT4-fs (sda): recovery complete
[    4.292332] EXT4-fs (sda): mounted filesystem with ordered data mode. Opts: (null). Quota mode: none.
[    4.293528] VFS: Mounted root (ext4 filesystem) readonly on device 8:0.
[    4.295165] devtmpfs: mounted
[    4.301107] Freeing unused decrypted memory: 2036K
[    4.303894] Freeing unused kernel image (initmem) memory: 3116K
[    4.304664] Write protecting the kernel read-only data: 40960k
[    4.309256] Freeing unused kernel image (text/rodata gap) memory: 2028K
[    4.310647] Freeing unused kernel image (rodata/data gap) memory: 448K
[    4.423460] x86/mm: Checked W+X mappings: passed, no W+X pages found.
[    4.424260] Run /sbin/init as init process
[    4.512622] random: fast init done
[    4.567448] systemd[1]: RTC configured in localtime, applying delta of 0 minutes to system time.
[    4.605253] systemd[1]: systemd 239 (239-49.el8) running in system mode. (+PAM +AUDIT +SELINUX +IMA -APPARMOR +SMACK +SYSVINIT +UTMP +LIBCRYPTSETUP +GCRYPT +GNUTLS +ACL +XZ +LZ4 +SECCOMP +BLKID +ELFUTILS +KMOD +IDN2 -IDN +PCRE2 default-hierarchy=legacy)
[    4.608252] systemd[1]: Detected virtualization kvm.
[    4.608922] systemd[1]: Detected architecture x86-64.

Welcome to [0;31mCentOS Stream 8[0m!

[    4.636861] systemd[1]: Set hostname to <test>.
[    4.811344] random: lvmconfig: uninitialized urandom read (4 bytes read)
[    4.945579] random: systemd: uninitialized urandom read (16 bytes read)
[    4.946699] systemd[1]: Started Forward Password Requests to Wall Directory Watch.
[[0;32m  OK  [0m] Started Forward Password Requests to Wall Directory Watch.
[    4.948725] random: systemd: uninitialized urandom read (16 bytes read)
[    4.949956] systemd[1]: Listening on LVM2 poll daemon socket.
[[0;32m  OK  [0m] Listening on LVM2 poll daemon socket.
[    4.954365] systemd[1]: Created slice User and Session Slice.
[[0;32m  OK  [0m] Created slice User and Session Slice.
[    4.955949] systemd[1]: Listening on initctl Compatibility Named Pipe.
[[0;32m  OK  [0m] Listening on initctl Compatibility Named Pipe.
[    4.957637] systemd[1]: Listening on Device-mapper event daemon FIFOs.
[[0;32m  OK  [0m] Listening on Device-mapper event daemon FIFOs.
[    4.959216] systemd[1]: Reached target Slices.
[[0;32m  OK  [0m] Reached target Slices.
[[0;32m  OK  [0m] Created slice system-sshd\x2dkeygen.slice.
[[0;32m  OK  [0m] Listening on RPCbind Server Activation Socket.
[[0;32m  OK  [0m] Reached target RPC Port Mapper.
[[0;32m  OK  [0m] Created slice system-getty.slice.
[[0;32m  OK  [0m] Listening on Journal Socket (/dev/log).
[[0;32m  OK  [0m] Listening on Journal Socket.
         Mounting Kernel Debug File System...
         Starting Monitoring of LVM2 mirrorsâ€¦ng dmeventd or progress polling...
         Starting Remount Root and Kernel File Systems...
         Mounting Huge Pages File System...
         Starting Setup Virtual Console...
[[0;32m  OK  [0m] Listening on Process Core Dump Socket.
[[0;32m  OK  [0m] Set up automount Arbitrary Executabâ€¦rmats File System Automount Point.
[[0;32m  OK  [0m] Reached target Swap.
         Starting Load Kernel Modules...
[[0;32m  OK  [0m] Listening on multipathd control socket.
         Mounting POSIX Message Queue File System...
[[0;32m  OK  [0m] Listening on udev Control Socket.
[[0;32m  OK  [0m] Listening on udev Kernel Socket.
         Starting udev Coldplug all Devices...
[[0;32m  OK  [0m] Created slice system-serial\x2dgetty.slice.
[    5.203550] EXT4-fs (sda): re-mounted. Opts: (null). Quota mode: none.
         Starting Journal Service...
[[0;32m  OK  [0m] Mounted Kernel Debug File System.
[[0;32m  OK  [0m] Started Monitoring of LVM2 mirrors,â€¦sing dmeventd or progress polling.
[[0;32m  OK  [0m] Started Remount Root and Kernel File Systems.
[[0;32m  OK  [0m] Mounted Huge Pages File System.
[[0;1;31mFAILED[0m] Failed to start Load Kernel Modules.
See 'systemctl status systemd-modules-load.service' for details.
[[0;32m  OK  [0m] Mounted POSIX Message Queue File System.
         Mounting FUSE Control File System...
         Starting Apply Kernel Variables...
         Mounting Kernel Configuration File System...
         Starting Load/Save Random Seed...
         Starting Create Static Device Nodes in /dev...
[[0;32m  OK  [0m] Started Journal Service.
[[0;32m  OK  [0m] Started Setup Virtual Console.
[[0;32m  OK  [0m] Mounted FUSE Control File System.
[[0;32m  OK  [0m] Started Apply Kernel Variables.
[[0;32m  OK  [0m] Mounted Kernel Configuration File System.
[[0;32m  OK  [0m] Started Load/Save Random Seed.
[[0;32m  OK  [0m] Started Create Static Device Nodes in /dev.
         Starting udev Kernel Device Manager...
         Starting Flush Journal to Persistent Storage...
[[0;32m  OK  [0m] Started Flush Journal to Persistent Storage.
[[0;32m  OK  [0m] Started udev Kernel Device Manager.
[[0;32m  OK  [0m] Started udev Coldplug all Devices.
         Starting udev Wait for Complete Device Initialization...
         Starting Show Plymouth Boot Screen...
[[0;32m  OK  [0m] Started Show Plymouth Boot Screen.
[[0;32m  OK  [0m] Reached target Local Encrypted Volumes.
[[0;32m  OK  [0m] Reached target Paths.
[[0;32m  OK  [0m] Started Forward Password Requests to Plymouth Directory Watch.
[[0;32m  OK  [0m] Found device /dev/ttyS0.
[[0;32m  OK  [0m] Listening on Load/Save RF Kill Switch Status /dev/rfkill Watch.
[[0;32m  OK  [0m] Started udev Wait for Complete Device Initialization.
[[0;32m  OK  [0m] Reached target Local File Systems (Pre).
[[0;32m  OK  [0m] Reached target Local File Systems.
         Starting Tell Plymouth To Write Out Runtime Data...
         Starting Restore /run/initramfs on shutdown...
         Starting Create Volatile Files and Directories...
[[0;32m  OK  [0m] Started Tell Plymouth To Write Out Runtime Data.
[[0;32m  OK  [0m] Started Restore /run/initramfs on shutdown.
[[0;32m  OK  [0m] Started Create Volatile Files and Directories.
         Starting Security Auditing Service...
         Starting RPC Bind...
         Mounting RPC Pipe File System...
[[0;32m  OK  [0m] Mounted RPC Pipe File System.
[[0;32m  OK  [0m] Reached target rpc_pipefs.target.
[[0;32m  OK  [0m] Started RPC Bind.
[[0;32m  OK  [0m] Started Security Auditing Service.
         Starting Update UTMP about System Boot/Shutdown...
[[0;32m  OK  [0m] Started Update UTMP about System Boot/Shutdown.
[[0;32m  OK  [0m] Reached target System Initialization.
[[0;32m  OK  [0m] Started Daily Cleanup of Temporary Directories.
[[0;32m  OK  [0m] Listening on D-Bus System Message Bus Socket.
[[0;32m  OK  [0m] Started daily update of the root trust anchor for DNSSEC.
[[0;32m  OK  [0m] Listening on SSSD Kerberos Cache Manager responder socket.
[[0;32m  OK  [0m] Reached target Sockets.
[[0;32m  OK  [0m] Reached target Basic System.
[[0;32m  OK  [0m] Started irqbalance daemon.
         Starting Auto-connect to subsystemsâ€¦-NVME devices found during boot...
[[0;32m  OK  [0m] Started D-Bus System Message Bus.
         Starting Login Service...
[[0;32m  OK  [0m] Started Machine Check Exception Logging Daemon.
         Starting Self Monitoring and Reporting Technology (SMART) Daemon...
         Starting Authorization Manager...
         Starting NTP client/server...
[[0;32m  OK  [0m] Started dnf makecache --timer.
[[0;32m  OK  [0m] Reached target Timers.
         Starting Network Manager...
[[0;32m  OK  [0m] Reached target sshd-keygen.target.
[[0;32m  OK  [0m] Started Auto-connect to subsystems â€¦FC-NVME devices found during boot.
[[0;32m  OK  [0m] Started Self Monitoring and Reporting Technology (SMART) Daemon.
[[0;32m  OK  [0m] Started Login Service.
         Starting update of the root trust aâ€¦or DNSSEC validation in unbound...
[[0;32m  OK  [0m] Started Network Manager.
[[0;32m  OK  [0m] Reached target Network.
         Starting OpenSSH server daemon...
         Starting Dynamic System Tuning Daemon...
         Starting GSSAPI Proxy Daemon...
         Starting Network Manager Wait Online...
[[0;32m  OK  [0m] Started NTP client/server.
[[0;32m  OK  [0m] Started Authorization Manager.
         Starting Hostname Service...
[[0;32m  OK  [0m] Started Hostname Service.
         Starting Network Manager Script Dispatcher Service...
[    8.713098] e1000: eth0 NIC Link is Up 1000 Mbps Full Duplex, Flow Control: RX
[    8.714570] IPv6: ADDRCONF(NETDEV_CHANGE): eth0: link becomes ready
[[0;32m  OK  [0m] Started Network Manager Script Dispatcher Service.
[[0;32m  OK  [0m] Started Dynamic System Tuning Daemon.
[    9.373081] random: crng init done
[    9.373622] random: 7 urandom warning(s) missed due to ratelimiting
[[0;32m  OK  [0m] Started OpenSSH server daemon.
[[0;32m  OK  [0m] Started GSSAPI Proxy Daemon.
[[0;32m  OK  [0m] Reached target NFS client services.
[[0;32m  OK  [0m] Reached target Remote File Systems (Pre).
[[0;32m  OK  [0m] Reached target Remote File Systems.
         Starting Permit User Sessions...
[[0;32m  OK  [0m] Started update of the root trust anâ€¦ for DNSSEC validation in unbound.
[[0;32m  OK  [0m] Started Permit User Sessions.
         Starting Hold until boot process finishes up...
[[0;32m  OK  [0m] Started Command Scheduler.
         Starting Terminate Plymouth Boot Screen...

CentOS Stream 8
Kernel 5.15.0-9a7e0a90a454+ on an x86_64

test login: [   28.797470] BUG: using smp_processor_id() in preemptible [00000000] code: repro/551
[   28.798476] caller is debug_smp_processor_id+0x1c/0x20
[   28.799118] CPU: 1 PID: 551 Comm: repro Not tainted 5.15.0-9a7e0a90a454+ #1
[   28.799939] Hardware name: QEMU Standard PC (i440FX + PIIX, 1996), BIOS rel-1.16.0-0-gd239552ce722-prebuilt.qemu.org 04/01/2014
[   28.801266] Call Trace:
[   28.801566]  dump_stack_lvl+0xa9/0xda
[   28.802026]  dump_stack+0x15/0x17
[   28.802433]  check_preemption_disabled+0x167/0x180
[   28.802989]  ? text_poke+0x2b/0x60
[   28.803389]  ? text_poke_loc_init+0x140/0x140
[   28.803907]  debug_smp_processor_id+0x1c/0x20
[   28.804419]  perf_ftrace_function_call+0x81/0x280
[   28.804978]  ? 0xffffffffa00dc099
[   28.805372]  ? __this_cpu_preempt_check+0x1c/0x20
[   28.805915]  ? lock_is_held_type+0xe4/0x140
[   28.806407]  ? __text_poke+0x4d0/0x4d0
[   28.806859]  0xffffffffa00dc099
[   28.807245]  ? __text_poke+0x4d0/0x4d0
[   28.807704]  ? __text_poke+0x4d0/0x4d0
[   28.808169]  ? __text_poke+0x5/0x4d0
[   28.808607]  __text_poke+0x5/0x4d0
[   28.809022]  text_poke+0x2b/0x60
[   28.809418]  ? __text_poke+0x5/0x4d0
[   28.809851]  ? text_poke+0x2b/0x60
[   28.810267]  text_poke_bp_batch+0x93/0x2c0
[   28.810762]  ? 0xffffffffa00dc000
[   28.811164]  ? tboot_dying_cpu+0xa0/0xa0
[   28.811645]  text_poke_queue+0xa7/0xc0
[   28.812109]  ftrace_replace_code+0xfd/0x170
[   28.812628]  ftrace_modify_all_code+0x1b1/0x270
[   28.813184]  arch_ftrace_update_code+0x9/0x10
[   28.813711]  ftrace_run_update_code+0x30/0xa0
[   28.814239]  ftrace_startup_enable+0x5e/0xa0
[   28.814758]  ftrace_startup+0x16d/0x240
[   28.815226]  register_ftrace_function+0x43/0x90
[   28.815770]  perf_ftrace_event_register+0xc1/0xf0
[   28.816339]  perf_trace_event_init+0x9d/0x4c0
[   28.816866]  perf_trace_init+0xda/0x160
[   28.817334]  perf_tp_event_init+0x5c/0xa0
[   28.817826]  perf_try_init_event+0x88/0x280
[   28.818340]  perf_event_alloc+0xe4f/0x1c20
[   28.818836]  ? _raw_spin_unlock+0x2c/0x50
[   28.819322]  ? alloc_fd+0x20d/0x320
[   28.819765]  __do_sys_perf_event_open+0x3bf/0x1de0
[   28.820352]  ? write_comp_data+0x2f/0x90
[   28.820852]  __x64_sys_perf_event_open+0x2b/0x30
[   28.821406]  do_syscall_64+0x37/0x80
[   28.821842]  entry_SYSCALL_64_after_hwframe+0x44/0xae
[   28.822449] RIP: 0033:0x7f0966e1f59d
[   28.822885] Code: 00 c3 66 2e 0f 1f 84 00 00 00 00 00 90 f3 0f 1e fa 48 89 f8 48 89 f7 48 89 d6 48 89 ca 4d 89 c2 4d 89 c8 4c 8b 4c 24 08 0f 05 <48> 3d 01 f0 ff ff 73 01 c3 48 8b 0d d3 08 0d 00 f7 d8 64 89 01 48
[   28.825038] RSP: 002b:00007ffec592ded8 EFLAGS: 00000206 ORIG_RAX: 000000000000012a
[   28.825928] RAX: ffffffffffffffda RBX: 0000000000000000 RCX: 00007f0966e1f59d
[   28.826762] RDX: 0000000000000000 RSI: 00000000ffffffff RDI: 0000000020000100
[   28.827596] RBP: 00007ffec592def0 R08: 0000000000000000 R09: 00007ffec592def0
[   28.828436] R10: 00000000ffffffff R11: 0000000000000206 R12: 0000000000401180
[   28.829268] R13: 00007ffec592e010 R14: 0000000000000000 R15: 0000000000000000
[   28.830178] BUG: using smp_processor_id() in preemptible [00000000] code: repro/551
[   28.831078] caller is debug_smp_processor_id+0x1c/0x20
[   28.831705] CPU: 1 PID: 551 Comm: repro Not tainted 5.15.0-9a7e0a90a454+ #1
[   28.832539] Hardware name: QEMU Standard PC (i440FX + PIIX, 1996), BIOS rel-1.16.0-0-gd239552ce722-prebuilt.qemu.org 04/01/2014
[   28.833858] Call Trace:
[   28.834160]  dump_stack_lvl+0xa9/0xda
[   28.834609]  dump_stack+0x15/0x17
[   28.835014]  check_preemption_disabled+0x167/0x180
[   28.835592]  ? text_poke+0x2b/0x60
[   28.836017]  ? text_poke_loc_init+0x140/0x140
[   28.836747]  debug_smp_processor_id+0x1c/0x20
[   28.837388]  perf_ftrace_function_call+0x81/0x280
[   28.837965]  ? 0xffffffffa00dc099
[   28.838417]  ? __this_cpu_preempt_check+0x1c/0x20
[   28.838987]  ? lock_is_held_type+0xe4/0x140
[   28.839540]  ? do_sync_core+0x30/0x30
[   28.839993]  0xffffffffa00dc099
[   28.840391]  ? do_sync_core+0x30/0x30
[   28.840881]  ? do_sync_core+0x30/0x30
[   28.841328]  ? __text_poke+0x5/0x4d0
[   28.841776]  __text_poke+0x5/0x4d0
[   28.842220]  text_poke+0x2b/0x60
[   28.842617]  ? __text_poke+0x5/0x4d0
[   28.843063]  ? text_poke+0x2b/0x60
[   28.843505]  text_poke_bp_batch+0x93/0x2c0
[   28.844002]  ? 0xffffffffa00dc000
[   28.844418]  ? tboot_dying_cpu+0xa0/0xa0
[   28.844901]  text_poke_queue+0xa7/0xc0
[   28.845364]  ftrace_replace_code+0xfd/0x170
[   28.845876]  ftrace_modify_all_code+0x1b1/0x270
[   28.846427]  arch_ftrace_update_code+0x9/0x10
[   28.846954]  ftrace_run_update_code+0x30/0xa0
[   28.847482]  ftrace_startup_enable+0x5e/0xa0
[   28.848001]  ftrace_startup+0x16d/0x240
[   28.848475]  register_ftrace_function+0x43/0x90
[   28.849021]  perf_ftrace_event_register+0xc1/0xf0
[   28.849587]  perf_trace_event_init+0x9d/0x4c0
[   28.850115]  perf_trace_init+0xda/0x160
[   28.850585]  perf_tp_event_init+0x5c/0xa0
[   28.851073]  perf_try_init_event+0x88/0x280
[   28.851583]  perf_event_alloc+0xe4f/0x1c20
[   28.852087]  ? _raw_spin_unlock+0x2c/0x50
[   28.852574]  ? alloc_fd+0x20d/0x320
[   28.853010]  __do_sys_perf_event_open+0x3bf/0x1de0
[   28.853588]  ? write_comp_data+0x2f/0x90
[   28.854083]  __x64_sys_perf_event_open+0x2b/0x30
[   28.854642]  do_syscall_64+0x37/0x80
[   28.855083]  entry_SYSCALL_64_after_hwframe+0x44/0xae
[   28.855686] RIP: 0033:0x7f0966e1f59d
[   28.856129] Code: 00 c3 66 2e 0f 1f 84 00 00 00 00 00 90 f3 0f 1e fa 48 89 f8 48 89 f7 48 89 d6 48 89 ca 4d 89 c2 4d 89 c8 4c 8b 4c 24 08 0f 05 <48> 3d 01 f0 ff ff 73 01 c3 48 8b 0d d3 08 0d 00 f7 d8 64 89 01 48
[   28.858273] RSP: 002b:00007ffec592ded8 EFLAGS: 00000206 ORIG_RAX: 000000000000012a
[   28.859169] RAX: ffffffffffffffda RBX: 0000000000000000 RCX: 00007f0966e1f59d
[   28.859999] RDX: 0000000000000000 RSI: 00000000ffffffff RDI: 0000000020000100
[   28.860835] RBP: 00007ffec592def0 R08: 0000000000000000 R09: 00007ffec592def0
[   28.861665] R10: 00000000ffffffff R11: 0000000000000206 R12: 0000000000401180
[   28.862493] R13: 00007ffec592e010 R14: 0000000000000000 R15: 0000000000000000
[   28.863380] BUG: using smp_processor_id() in preemptible [00000000] code: repro/551
[   28.864295] caller is debug_smp_processor_id+0x1c/0x20
[   28.864940] CPU: 1 PID: 551 Comm: repro Not tainted 5.15.0-9a7e0a90a454+ #1
[   28.865812] Hardware name: QEMU Standard PC (i440FX + PIIX, 1996), BIOS rel-1.16.0-0-gd239552ce722-prebuilt.qemu.org 04/01/2014
[   28.867143] Call Trace:
[   28.867447]  dump_stack_lvl+0xa9/0xda
[   28.867900]  dump_stack+0x15/0x17
[   28.868319]  check_preemption_disabled+0x167/0x180
[   28.868905]  ? text_poke+0x2b/0x60
[   28.869320]  ? text_poke_loc_init+0x140/0x140
[   28.869844]  debug_smp_processor_id+0x1c/0x20
[   28.870372]  perf_ftrace_function_call+0x81/0x280
[   28.870942]  ? 0xffffffffa00dc099
[   28.871348]  ? __this_cpu_preempt_check+0x1c/0x20
[   28.871915]  ? lock_is_held_type+0xe4/0x140
[   28.872435]  ? alternatives_smp_module_del+0x90/0x90
[   28.873042]  0xffffffffa00dc099
[   28.873428]  ? alternatives_smp_module_del+0x90/0x90
[   28.874024]  ? alternatives_smp_module_del+0x90/0x90
[   28.874616]  ? __text_poke+0x5/0x4d0
[   28.875053]  __text_poke+0x5/0x4d0
[   28.875468]  text_poke+0x2b/0x60
[   28.875865]  ? __text_poke+0x5/0x4d0
[   28.876307]  ? text_poke+0x2b/0x60
[   28.876724]  text_poke_bp_batch+0x93/0x2c0
[   28.877219]  ? 0xffffffffa00dc000
[   28.877621]  ? tboot_dying_cpu+0xa0/0xa0
[   28.878101]  text_poke_queue+0xa7/0xc0
[   28.878562]  ftrace_replace_code+0xfd/0x170
[   28.879073]  ftrace_modify_all_code+0x1b1/0x270
[   28.879622]  arch_ftrace_update_code+0x9/0x10
[   28.880159]  ftrace_run_update_code+0x30/0xa0
[   28.880687]  ftrace_startup_enable+0x5e/0xa0
[   28.881206]  ftrace_startup+0x16d/0x240
[   28.881680]  register_ftrace_function+0x43/0x90
[   28.882229]  perf_ftrace_event_register+0xc1/0xf0
[   28.882797]  perf_trace_event_init+0x9d/0x4c0
[   28.883324]  perf_trace_init+0xda/0x160
[   28.883791]  perf_tp_event_init+0x5c/0xa0
[   28.884286]  perf_try_init_event+0x88/0x280
[   28.884796]  perf_event_alloc+0xe4f/0x1c20
[   28.885291]  ? _raw_spin_unlock+0x2c/0x50
[   28.885774]  ? alloc_fd+0x20d/0x320
[   28.886208]  __do_sys_perf_event_open+0x3bf/0x1de0
[   28.886786]  ? write_comp_data+0x2f/0x90
[   28.887281]  __x64_sys_perf_event_open+0x2b/0x30
[   28.887845]  do_syscall_64+0x37/0x80
[   28.888290]  entry_SYSCALL_64_after_hwframe+0x44/0xae
[   28.888892] RIP: 0033:0x7f0966e1f59d
[   28.889325] Code: 00 c3 66 2e 0f 1f 84 00 00 00 00 00 90 f3 0f 1e fa 48 89 f8 48 89 f7 48 89 d6 48 89 ca 4d 89 c2 4d 89 c8 4c 8b 4c 24 08 0f 05 <48> 3d 01 f0 ff ff 73 01 c3 48 8b 0d d3 08 0d 00 f7 d8 64 89 01 48
[   28.891458] RSP: 002b:00007ffec592ded8 EFLAGS: 00000206 ORIG_RAX: 000000000000012a
[   28.892344] RAX: ffffffffffffffda RBX: 0000000000000000 RCX: 00007f0966e1f59d
[   28.893174] RDX: 0000000000000000 RSI: 00000000ffffffff RDI: 0000000020000100
[   28.894002] RBP: 00007ffec592def0 R08: 0000000000000000 R09: 00007ffec592def0
[   28.894834] R10: 00000000ffffffff R11: 0000000000000206 R12: 0000000000401180
[   28.895662] R13: 00007ffec592e010 R14: 0000000000000000 R15: 0000000000000000
[   28.896596] BUG: using smp_processor_id() in preemptible [00000000] code: repro/551
[   28.897505] caller is debug_smp_processor_id+0x1c/0x20
[   28.898128] CPU: 1 PID: 551 Comm: repro Not tainted 5.15.0-9a7e0a90a454+ #1
[   28.898950] Hardware name: QEMU Standard PC (i440FX + PIIX, 1996), BIOS rel-1.16.0-0-gd239552ce722-prebuilt.qemu.org 04/01/2014
[   28.900283] Call Trace:
[   28.900587]  dump_stack_lvl+0xa9/0xda
[   28.901041]  dump_stack+0x15/0x17
[   28.901449]  check_preemption_disabled+0x167/0x180
[   28.902031]  ? text_poke+0x2b/0x60
[   28.902446]  ? text_poke_loc_init+0x140/0x140
[   28.902971]  debug_smp_processor_id+0x1c/0x20
[   28.903500]  perf_ftrace_function_call+0x81/0x280
[   28.904077]  ? 0xffffffffa00dc099
[   28.904483]  ? __this_cpu_preempt_check+0x1c/0x20
[   28.905051]  ? lock_is_held_type+0xe4/0x140
[   28.905562]  ? alternatives_text_reserved+0xa0/0xa0
[   28.906149]  0xffffffffa00dc099
[   28.906538]  ? alternatives_text_reserved+0xa0/0xa0
[   28.907126]  ? alternatives_text_reserved+0xa0/0xa0
[   28.907718]  ? __text_poke+0x5/0x4d0
[   28.908164]  __text_poke+0x5/0x4d0
[   28.908579]  text_poke+0x2b/0x60
[   28.908975]  ? __text_poke+0x5/0x4d0
[   28.909407]  ? text_poke+0x2b/0x60
[   28.909822]  text_poke_bp_batch+0x93/0x2c0
[   28.910316]  ? 0xffffffffa00dc000
[   28.910719]  ? tboot_dying_cpu+0xa0/0xa0
[   28.911198]  text_poke_queue+0xa7/0xc0
[   28.911665]  ftrace_replace_code+0xfd/0x170
[   28.912179]  ftrace_modify_all_code+0x1b1/0x270
[   28.912728]  arch_ftrace_update_code+0x9/0x10
[   28.913255]  ftrace_run_update_code+0x30/0xa0
[   28.913789]  ftrace_startup_enable+0x5e/0xa0
[   28.914304]  ftrace_startup+0x16d/0x240
[   28.914771]  register_ftrace_function+0x43/0x90
[   28.915312]  perf_ftrace_event_register+0xc1/0xf0
[   28.915874]  perf_trace_event_init+0x9d/0x4c0
[   28.916409]  perf_trace_init+0xda/0x160
[   28.916877]  perf_tp_event_init+0x5c/0xa0
[   28.917361]  perf_try_init_event+0x88/0x280
[   28.917867]  perf_event_alloc+0xe4f/0x1c20
[   28.918364]  ? _raw_spin_unlock+0x2c/0x50
[   28.918852]  ? alloc_fd+0x20d/0x320
[   28.919303]  __do_sys_perf_event_open+0x3bf/0x1de0
[   28.919904]  ? write_comp_data+0x2f/0x90
[   28.920447]  __x64_sys_perf_event_open+0x2b/0x30
[   28.921043]  do_syscall_64+0x37/0x80
[   28.921508]  entry_SYSCALL_64_after_hwframe+0x44/0xae
[   28.922120] RIP: 0033:0x7f0966e1f59d
[   28.922570] Code: 00 c3 66 2e 0f 1f 84 00 00 00 00 00 90 f3 0f 1e fa 48 89 f8 48 89 f7 48 89 d6 48 89 ca 4d 89 c2 4d 89 c8 4c 8b 4c 24 08 0f 05 <48> 3d 01 f0 ff ff 73 01 c3 48 8b 0d d3 08 0d 00 f7 d8 64 89 01 48
[   28.924745] RSP: 002b:00007ffec592ded8 EFLAGS: 00000206 ORIG_RAX: 000000000000012a
[   28.925628] RAX: ffffffffffffffda RBX: 0000000000000000 RCX: 00007f0966e1f59d
[   28.926454] RDX: 0000000000000000 RSI: 00000000ffffffff RDI: 0000000020000100
[   28.927280] RBP: 00007ffec592def0 R08: 0000000000000000 R09: 00007ffec592def0
[   28.928115] R10: 00000000ffffffff R11: 0000000000000206 R12: 0000000000401180
[   28.928941] R13: 00007ffec592e010 R14: 0000000000000000 R15: 0000000000000000
[   28.929871] BUG: using smp_processor_id() in preemptible [00000000] code: repro/551
[   28.930835] caller is debug_smp_processor_id+0x1c/0x20
[   28.931497] CPU: 1 PID: 551 Comm: repro Not tainted 5.15.0-9a7e0a90a454+ #1
[   28.932387] Hardware name: QEMU Standard PC (i440FX + PIIX, 1996), BIOS rel-1.16.0-0-gd239552ce722-prebuilt.qemu.org 04/01/2014
[   28.933796] Call Trace:
[   28.934098]  dump_stack_lvl+0xa9/0xda
[   28.934547]  dump_stack+0x15/0x17
[   28.934953]  check_preemption_disabled+0x167/0x180
[   28.935532]  ? text_poke+0x2b/0x60
[   28.935946]  ? text_poke_loc_init+0x140/0x140
[   28.936483]  debug_smp_processor_id+0x1c/0x20
[   28.937010]  perf_ftrace_function_call+0x81/0x280
[   28.937579]  ? 0xffffffffa00dc099
[   28.937984]  ? __this_cpu_preempt_check+0x1c/0x20
[   28.938548]  ? lock_is_held_type+0xe4/0x140
[   28.939056]  ? text_poke_early+0xc0/0xc0
[   28.939531]  0xffffffffa00dc099
[   28.939916]  ? text_poke_early+0xc0/0xc0
[   28.940407]  ? text_poke_early+0xc0/0xc0
[   28.940880]  ? __text_poke+0x5/0x4d0
[   28.941318]  __text_poke+0x5/0x4d0
[   28.941731]  text_poke+0x2b/0x60
[   28.942126]  ? __text_poke+0x5/0x4d0
[   28.942558]  ? text_poke+0x2b/0x60
[   28.942973]  text_poke_bp_batch+0x93/0x2c0
[   28.943467]  ? 0xffffffffa00dc000
[   28.943869]  ? tboot_dying_cpu+0xa0/0xa0
[   28.944372]  text_poke_queue+0xa7/0xc0
[   28.944834]  ftrace_replace_code+0xfd/0x170
[   28.945346]  ftrace_modify_all_code+0x1b1/0x270
[   28.945895]  arch_ftrace_update_code+0x9/0x10
[   28.946421]  ftrace_run_update_code+0x30/0xa0
[   28.946952]  ftrace_startup_enable+0x5e/0xa0
[   28.947525]  ftrace_startup+0x16d/0x240
[   28.948001]  register_ftrace_function+0x43/0x90
[   28.948566]  perf_ftrace_event_register+0xc1/0xf0
[   28.949160]  perf_trace_event_init+0x9d/0x4c0
[   28.949695]  perf_trace_init+0xda/0x160
[   28.950162]  perf_tp_event_init+0x5c/0xa0
[   28.950658]  perf_try_init_event+0x88/0x280
[   28.951167]  perf_event_alloc+0xe4f/0x1c20
[   28.951661]  ? _raw_spin_unlock+0x2c/0x50
[   28.952157]  ? alloc_fd+0x20d/0x320
[   28.952592]  __do_sys_perf_event_open+0x3bf/0x1de0
[   28.953170]  ? write_comp_data+0x2f/0x90
[   28.953664]  __x64_sys_perf_event_open+0x2b/0x30
[   28.954221]  do_syscall_64+0x37/0x80
[   28.954657]  entry_SYSCALL_64_after_hwframe+0x44/0xae
[   28.955259] RIP: 0033:0x7f0966e1f59d
[   28.955693] Code: 00 c3 66 2e 0f 1f 84 00 00 00 00 00 90 f3 0f 1e fa 48 89 f8 48 89 f7 48 89 d6 48 89 ca 4d 89 c2 4d 89 c8 4c 8b 4c 24 08 0f 05 <48> 3d 01 f0 ff ff 73 01 c3 48 8b 0d d3 08 0d 00 f7 d8 64 89 01 48
[   28.957859] RSP: 002b:00007ffec592ded8 EFLAGS: 00000206 ORIG_RAX: 000000000000012a
[   28.958746] RAX: ffffffffffffffda RBX: 0000000000000000 RCX: 00007f0966e1f59d
[   28.959573] RDX: 0000000000000000 RSI: 00000000ffffffff RDI: 0000000020000100
[   28.960414] RBP: 00007ffec592def0 R08: 0000000000000000 R09: 00007ffec592def0
[   28.961251] R10: 00000000ffffffff R11: 0000000000000206 R12: 0000000000401180
[   28.962094] R13: 00007ffec592e010 R14: 0000000000000000 R15: 0000000000000000
[   28.962998] BUG: using smp_processor_id() in preemptible [00000000] code: repro/551
[   28.963898] caller is debug_smp_processor_id+0x1c/0x20
[   28.964532] CPU: 1 PID: 551 Comm: repro Not tainted 5.15.0-9a7e0a90a454+ #1
[   28.965353] Hardware name: QEMU Standard PC (i440FX + PIIX, 1996), BIOS rel-1.16.0-0-gd239552ce722-prebuilt.qemu.org 04/01/2014
[   28.966691] Call Trace:
[   28.966990]  dump_stack_lvl+0xa9/0xda
[   28.967436]  dump_stack+0x15/0x17
[   28.967842]  check_preemption_disabled+0x167/0x180
[   28.968425]  ? text_poke+0x2b/0x60
[   28.968839]  ? text_poke_loc_init+0x140/0x140
[   28.969362]  debug_smp_processor_id+0x1c/0x20
[   28.969888]  perf_ftrace_function_call+0x81/0x280
[   28.970456]  ? 0xffffffffa00dc099
[   28.970861]  ? __this_cpu_preempt_check+0x1c/0x20
[   28.971425]  ? lock_is_held_type+0xe4/0x140
[   28.971932]  ? apply_alternatives+0x360/0x360
[   28.972499]  0xffffffffa00dc099
[   28.972905]  ? apply_alternatives+0x360/0x360
[   28.973457]  ? apply_alternatives+0x360/0x360
[   28.973979]  ? __text_poke+0x5/0x4d0
[   28.974423]  __text_poke+0x5/0x4d0
[   28.974838]  text_poke+0x2b/0x60
[   28.975237]  ? __text_poke+0x5/0x4d0
[   28.975682]  ? text_poke+0x2b/0x60
[   28.976107]  text_poke_bp_batch+0x93/0x2c0
[   28.976601]  ? 0xffffffffa00dc000
[   28.977003]  ? tboot_dying_cpu+0xa0/0xa0
[   28.977480]  text_poke_queue+0xa7/0xc0
[   28.977939]  ftrace_replace_code+0xfd/0x170
[   28.978447]  ftrace_modify_all_code+0x1b1/0x270
[   28.978994]  arch_ftrace_update_code+0x9/0x10
[   28.979522]  ftrace_run_update_code+0x30/0xa0
[   28.980053]  ftrace_startup_enable+0x5e/0xa0
[   28.980571]  ftrace_startup+0x16d/0x240
[   28.981040]  register_ftrace_function+0x43/0x90
[   28.981586]  perf_ftrace_event_register+0xc1/0xf0
[   28.982152]  perf_trace_event_init+0x9d/0x4c0
[   28.982685]  perf_trace_init+0xda/0x160
[   28.983153]  perf_tp_event_init+0x5c/0xa0
[   28.983637]  perf_try_init_event+0x88/0x280
[   28.984150]  perf_event_alloc+0xe4f/0x1c20
[   28.984645]  ? _raw_spin_unlock+0x2c/0x50
[   28.985130]  ? alloc_fd+0x20d/0x320
[   28.985564]  __do_sys_perf_event_open+0x3bf/0x1de0
[   28.986142]  ? write_comp_data+0x2f/0x90
[   28.986636]  __x64_sys_perf_event_open+0x2b/0x30
[   28.987194]  do_syscall_64+0x37/0x80
[   28.987629]  entry_SYSCALL_64_after_hwframe+0x44/0xae
[   28.988232] RIP: 0033:0x7f0966e1f59d
[   28.988664] Code: 00 c3 66 2e 0f 1f 84 00 00 00 00 00 90 f3 0f 1e fa 48 89 f8 48 89 f7 48 89 d6 48 89 ca 4d 89 c2 4d 89 c8 4c 8b 4c 24 08 0f 05 <48> 3d 01 f0 ff ff 73 01 c3 48 8b 0d d3 08 0d 00 f7 d8 64 89 01 48
[   28.990805] RSP: 002b:00007ffec592ded8 EFLAGS: 00000206 ORIG_RAX: 000000000000012a
[   28.991685] RAX: ffffffffffffffda RBX: 0000000000000000 RCX: 00007f0966e1f59d
[   28.992494] RDX: 0000000000000000 RSI: 00000000ffffffff RDI: 0000000020000100
[   28.993292] RBP: 00007ffec592def0 R08: 0000000000000000 R09: 00007ffec592def0
[   28.994085] R10: 00000000ffffffff R11: 0000000000000206 R12: 0000000000401180
[   28.994876] R13: 00007ffec592e010 R14: 0000000000000000 R15: 0000000000000000
[   28.995718] BUG: using smp_processor_id() in preemptible [00000000] code: repro/551
[   28.996623] caller is debug_smp_processor_id+0x1c/0x20
[   28.997255] CPU: 1 PID: 551 Comm: repro Not tainted 5.15.0-9a7e0a90a454+ #1
[   28.998077] Hardware name: QEMU Standard PC (i440FX + PIIX, 1996), BIOS rel-1.16.0-0-gd239552ce722-prebuilt.qemu.org 04/01/2014
[   28.999403] Call Trace:
[   28.999705]  dump_stack_lvl+0xa9/0xda
[   29.000158]  dump_stack+0x15/0x17
[   29.000566]  check_preemption_disabled+0x167/0x180
[   29.001136]  ? text_poke+0x2b/0x60
[   29.001530]  ? text_poke_loc_init+0x140/0x140
[   29.002039]  debug_smp_processor_id+0x1c/0x20
[   29.002539]  perf_ftrace_function_call+0x81/0x280
[   29.003093]  ? 0xffffffffa00dc099
[   29.003485]  ? __this_cpu_preempt_check+0x1c/0x20
[   29.004026]  ? lock_is_held_type+0xe4/0x140
[   29.004535]  ? apply_retpolines+0x2a0/0x2a0
[   29.005040]  0xffffffffa00dc099
[   29.005420]  ? apply_retpolines+0x2a0/0x2a0
[   29.005902]  ? apply_retpolines+0x2a0/0x2a0
[   29.006384]  ? __text_poke+0x5/0x4d0
[   29.006820]  __text_poke+0x5/0x4d0
[   29.007213]  text_poke+0x2b/0x60
[   29.007589]  ? __text_poke+0x5/0x4d0
[   29.008028]  ? text_poke+0x2b/0x60
[   29.008428]  text_poke_bp_batch+0x93/0x2c0
[   29.008910]  ? 0xffffffffa00dc000
[   29.009292]  ? tboot_dying_cpu+0xa0/0xa0
[   29.009747]  text_poke_queue+0xa7/0xc0
[   29.010197]  ftrace_replace_code+0xfd/0x170
[   29.010681]  ftrace_modify_all_code+0x1b1/0x270
[   29.011208]  arch_ftrace_update_code+0x9/0x10
[   29.011713]  ftrace_run_update_code+0x30/0xa0
[   29.012229]  ftrace_startup_enable+0x5e/0xa0
[   29.012747]  ftrace_startup+0x16d/0x240
[   29.013197]  register_ftrace_function+0x43/0x90
[   29.013720]  perf_ftrace_event_register+0xc1/0xf0
[   29.014263]  perf_trace_event_init+0x9d/0x4c0
[   29.014778]  perf_trace_init+0xda/0x160
[   29.015222]  perf_tp_event_init+0x5c/0xa0
[   29.015682]  perf_try_init_event+0x88/0x280
[   29.016188]  perf_event_alloc+0xe4f/0x1c20
[   29.016659]  ? _raw_spin_unlock+0x2c/0x50
[   29.017133]  ? alloc_fd+0x20d/0x320
[   29.017545]  __do_sys_perf_event_open+0x3bf/0x1de0
[   29.018100]  ? write_comp_data+0x2f/0x90
[   29.018574]  __x64_sys_perf_event_open+0x2b/0x30
[   29.019102]  do_syscall_64+0x37/0x80
[   29.019530]  entry_SYSCALL_64_after_hwframe+0x44/0xae
[   29.020110] RIP: 0033:0x7f0966e1f59d
[   29.020543] Code: 00 c3 66 2e 0f 1f 84 00 00 00 00 00 90 f3 0f 1e fa 48 89 f8 48 89 f7 48 89 d6 48 89 ca 4d 89 c2 4d 89 c8 4c 8b 4c 24 08 0f 05 <48> 3d 01 f0 ff ff 73 01 c3 48 8b 0d d3 08 0d 00 f7 d8 64 89 01 48
[   29.022623] RSP: 002b:00007ffec592ded8 EFLAGS: 00000206 ORIG_RAX: 000000000000012a
[   29.023473] RAX: ffffffffffffffda RBX: 0000000000000000 RCX: 00007f0966e1f59d
[   29.024282] RDX: 0000000000000000 RSI: 00000000ffffffff RDI: 0000000020000100
[   29.025090] RBP: 00007ffec592def0 R08: 0000000000000000 R09: 00007ffec592def0
[   29.025879] R10: 00000000ffffffff R11: 0000000000000206 R12: 0000000000401180
[   29.026684] R13: 00007ffec592e010 R14: 0000000000000000 R15: 0000000000000000
[   29.027525] BUG: using smp_processor_id() in preemptible [00000000] code: repro/551
[   29.028429] caller is debug_smp_processor_id+0x1c/0x20
[   29.029072] CPU: 1 PID: 551 Comm: repro Not tainted 5.15.0-9a7e0a90a454+ #1
[   29.029896] Hardware name: QEMU Standard PC (i440FX + PIIX, 1996), BIOS rel-1.16.0-0-gd239552ce722-prebuilt.qemu.org 04/01/2014
[   29.031217] Call Trace:
[   29.031517]  dump_stack_lvl+0xa9/0xda
[   29.031967]  dump_stack+0x15/0x17
[   29.032377]  check_preemption_disabled+0x167/0x180
[   29.032955]  ? text_poke+0x2b/0x60
[   29.033349]  ? text_poke_loc_init+0x140/0x140
[   29.033846]  debug_smp_processor_id+0x1c/0x20
[   29.034360]  perf_ftrace_function_call+0x81/0x280
[   29.034901]  ? 0xffffffffa00dc099
[   29.035297]  ? __this_cpu_preempt_check+0x1c/0x20
[   29.035837]  ? lock_is_held_type+0xe4/0x140
[   29.036343]  ? apply_paravirt+0x150/0x150
[   29.036831]  0xffffffffa00dc099
[   29.037217]  ? apply_paravirt+0x150/0x150
[   29.037695]  ? apply_paravirt+0x150/0x150
[   29.038154]  ? __text_poke+0x5/0x4d0
[   29.038576]  __text_poke+0x5/0x4d0
[   29.038972]  text_poke+0x2b/0x60
[   29.039347]  ? __text_poke+0x5/0x4d0
[   29.039767]  ? text_poke+0x2b/0x60
[   29.040182]  text_poke_bp_batch+0x93/0x2c0
[   29.040652]  ? 0xffffffffa00dc000
[   29.041042]  ? tboot_dying_cpu+0xa0/0xa0
[   29.041496]  text_poke_queue+0xa7/0xc0
[   29.041934]  ftrace_replace_code+0xfd/0x170
[   29.042427]  ftrace_modify_all_code+0x1b1/0x270
[   29.042948]  arch_ftrace_update_code+0x9/0x10
[   29.043460]  ftrace_run_update_code+0x30/0xa0
[   29.043962]  ftrace_startup_enable+0x5e/0xa0
[   29.044482]  ftrace_startup+0x16d/0x240
[   29.044944]  register_ftrace_function+0x43/0x90
[   29.045463]  perf_ftrace_event_register+0xc1/0xf0
[   29.046004]  perf_trace_event_init+0x9d/0x4c0
[   29.046505]  perf_trace_init+0xda/0x160
[   29.046961]  perf_tp_event_init+0x5c/0xa0
[   29.047421]  perf_try_init_event+0x88/0x280
[   29.047919]  perf_event_alloc+0xe4f/0x1c20
[   29.048399]  ? _raw_spin_unlock+0x2c/0x50
[   29.048865]  ? alloc_fd+0x20d/0x320
[   29.049285]  __do_sys_perf_event_open+0x3bf/0x1de0
[   29.049832]  ? write_comp_data+0x2f/0x90
[   29.050319]  __x64_sys_perf_event_open+0x2b/0x30
[   29.050848]  do_syscall_64+0x37/0x80
[   29.051267]  entry_SYSCALL_64_after_hwframe+0x44/0xae
[   29.051859] RIP: 0033:0x7f0966e1f59d
[   29.052293] Code: 00 c3 66 2e 0f 1f 84 00 00 00 00 00 90 f3 0f 1e fa 48 89 f8 48 89 f7 48 89 d6 48 89 ca 4d 89 c2 4d 89 c8 4c 8b 4c 24 08 0f 05 <48> 3d 01 f0 ff ff 73 01 c3 48 8b 0d d3 08 0d 00 f7 d8 64 89 01 48
[   29.054354] RSP: 002b:00007ffec592ded8 EFLAGS: 00000206 ORIG_RAX: 000000000000012a
[   29.055201] RAX: ffffffffffffffda RBX: 0000000000000000 RCX: 00007f0966e1f59d
[   29.055995] RDX: 0000000000000000 RSI: 00000000ffffffff RDI: 0000000020000100
[   29.056793] RBP: 00007ffec592def0 R08: 0000000000000000 R09: 00007ffec592def0
[   29.057597] R10: 00000000ffffffff R11: 0000000000000206 R12: 0000000000401180
[   29.058401] R13: 00007ffec592e010 R14: 0000000000000000 R15: 0000000000000000
[   29.059224] BUG: using smp_processor_id() in preemptible [00000000] code: repro/551
[   29.060132] caller is debug_smp_processor_id+0x1c/0x20
[   29.060767] CPU: 1 PID: 551 Comm: repro Not tainted 5.15.0-9a7e0a90a454+ #1
[   29.061588] Hardware name: QEMU Standard PC (i440FX + PIIX, 1996), BIOS rel-1.16.0-0-gd239552ce722-prebuilt.qemu.org 04/01/2014
[   29.062911] Call Trace:
[   29.063213]  dump_stack_lvl+0xa9/0xda
[   29.063665]  dump_stack+0x15/0x17
[   29.064092]  check_preemption_disabled+0x167/0x180
[   29.064674]  ? text_poke_bp_batch+0x93/0x2c0
[   29.065174]  ? apply_paravirt+0x150/0x150
[   29.065636]  debug_smp_processor_id+0x1c/0x20
[   29.066151]  perf_ftrace_function_call+0x81/0x280
[   29.066690]  ? 0xffffffffa00dc099
[   29.067093]  ? __this_cpu_preempt_check+0x1c/0x20
[   29.067646]  ? lock_is_held_type+0xe4/0x140
[   29.068146]  ? __text_poke+0x2fa/0x4d0
[   29.068602]  ? __this_cpu_preempt_check+0x1c/0x20
[   29.069173]  0xffffffffa00dc099
[   29.069555]  ? text_poke+0x60/0x60
[   29.069949]  ? text_poke+0x5/0x60
[   29.070336]  text_poke+0x5/0x60
[   29.070713]  text_poke_bp_batch+0x93/0x2c0
[   29.071182]  ? text_poke+0x5/0x60
[   29.071569]  ? text_poke_bp_batch+0x93/0x2c0
[   29.072092]  ? 0xffffffffa00dc000
[   29.072478]  ? tboot_dying_cpu+0xa0/0xa0
[   29.072943]  text_poke_queue+0xa7/0xc0
[   29.073382]  ftrace_replace_code+0xfd/0x170
[   29.073867]  ftrace_modify_all_code+0x1b1/0x270
[   29.074399]  arch_ftrace_update_code+0x9/0x10
[   29.074899]  ftrace_run_update_code+0x30/0xa0
[   29.075409]  ftrace_startup_enable+0x5e/0xa0
[   29.075900]  ftrace_startup+0x16d/0x240
[   29.076371]  register_ftrace_function+0x43/0x90
[   29.076914]  perf_ftrace_event_register+0xc1/0xf0
[   29.077477]  perf_trace_event_init+0x9d/0x4c0
[   29.077984]  perf_trace_init+0xda/0x160
[   29.078428]  perf_tp_event_init+0x5c/0xa0
[   29.078903]  perf_try_init_event+0x88/0x280
[   29.079386]  perf_event_alloc+0xe4f/0x1c20
[   29.079874]  ? _raw_spin_unlock+0x2c/0x50
[   29.080351]  ? alloc_fd+0x20d/0x320
[   29.080768]  __do_sys_perf_event_open+0x3bf/0x1de0
[   29.081341]  ? write_comp_data+0x2f/0x90
[   29.081813]  __x64_sys_perf_event_open+0x2b/0x30
[   29.082354]  do_syscall_64+0x37/0x80
[   29.082769]  entry_SYSCALL_64_after_hwframe+0x44/0xae
[   29.083355] RIP: 0033:0x7f0966e1f59d
[   29.083766] Code: 00 c3 66 2e 0f 1f 84 00 00 00 00 00 90 f3 0f 1e fa 48 89 f8 48 89 f7 48 89 d6 48 89 ca 4d 89 c2 4d 89 c8 4c 8b 4c 24 08 0f 05 <48> 3d 01 f0 ff ff 73 01 c3 48 8b 0d d3 08 0d 00 f7 d8 64 89 01 48
[   29.085853] RSP: 002b:00007ffec592ded8 EFLAGS: 00000206 ORIG_RAX: 000000000000012a
[   29.086705] RAX: ffffffffffffffda RBX: 0000000000000000 RCX: 00007f0966e1f59d
[   29.087497] RDX: 0000000000000000 RSI: 00000000ffffffff RDI: 0000000020000100
[   29.088308] RBP: 00007ffec592def0 R08: 0000000000000000 R09: 00007ffec592def0
[   29.089112] R10: 00000000ffffffff R11: 0000000000000206 R12: 0000000000401180
[   29.089901] R13: 00007ffec592e010 R14: 0000000000000000 R15: 0000000000000000
[   29.090767] BUG: using smp_processor_id() in preemptible [00000000] code: repro/551
[   29.091672] caller is debug_smp_processor_id+0x1c/0x20
[   29.092294] CPU: 1 PID: 551 Comm: repro Not tainted 5.15.0-9a7e0a90a454+ #1
[   29.093123] Hardware name: QEMU Standard PC (i440FX + PIIX, 1996), BIOS rel-1.16.0-0-gd239552ce722-prebuilt.qemu.org 04/01/2014
[   29.094443] Call Trace:
[   29.094743]  dump_stack_lvl+0xa9/0xda
[   29.095192]  dump_stack+0x15/0x17
[   29.095598]  check_preemption_disabled+0x167/0x180
[   29.096179]  ? text_poke+0x2b/0x60
[   29.096593]  ? text_poke_loc_init+0x140/0x140
[   29.097103]  debug_smp_processor_id+0x1c/0x20
[   29.097605]  perf_ftrace_function_call+0x81/0x280
[   29.098155]  ? __sanitizer_cov_trace_pc+0x21/0x50
[   29.098691]  ? perf_ftrace_function_call+0x51/0x280
[   29.099262]  ? 0xffffffffa00dc099
[   29.099648]  ? __this_cpu_preempt_check+0x1c/0x20
[   29.100200]  ? lock_is_held_type+0xe4/0x140
[   29.100708]  ? text_poke+0x60/0x60
[   29.101127]  0xffffffffa00dc099
[   29.101503]  ? text_poke+0x60/0x60
[   29.101901]  ? text_poke+0x60/0x60
[   29.102295]  ? __text_poke+0x5/0x4d0
[   29.102723]  __text_poke+0x5/0x4d0
[   29.103117]  text_poke+0x2b/0x60
[   29.103494]  ? __text_poke+0x5/0x4d0
[   29.103926]  ? text_poke+0x2b/0x60
[   29.104335]  text_poke_bp_batch+0x93/0x2c0
[   29.104812]  ? 0xffffffffa00dc000
[   29.105199]  ? tboot_dying_cpu+0xa0/0xa0
[   29.105654]  text_poke_queue+0xa7/0xc0
[   29.106104]  ftrace_replace_code+0xfd/0x170
[   29.106588]  ftrace_modify_all_code+0x1b1/0x270
[   29.107131]  arch_ftrace_update_code+0x9/0x10
[   29.107632]  ftrace_run_update_code+0x30/0xa0
[   29.108152]  ftrace_startup_enable+0x5e/0xa0
[   29.108671]  ftrace_startup+0x16d/0x240
[   29.109141]  register_ftrace_function+0x43/0x90
[   29.109667]  perf_ftrace_event_register+0xc1/0xf0
[   29.110206]  perf_trace_event_init+0x9d/0x4c0
[   29.110729]  perf_trace_init+0xda/0x160
[   29.111174]  perf_tp_event_init+0x5c/0xa0
[   29.111640]  perf_try_init_event+0x88/0x280
[   29.112159]  perf_event_alloc+0xe4f/0x1c20
[   29.112655]  ? _raw_spin_unlock+0x2c/0x50
[   29.113126]  ? alloc_fd+0x20d/0x320
[   29.113539]  __do_sys_perf_event_open+0x3bf/0x1de0
[   29.114097]  ? write_comp_data+0x2f/0x90
[   29.114567]  __x64_sys_perf_event_open+0x2b/0x30
[   29.115103]  do_syscall_64+0x37/0x80
[   29.115526]  entry_SYSCALL_64_after_hwframe+0x44/0xae
[   29.116107] RIP: 0033:0x7f0966e1f59d
[   29.116540] Code: 00 c3 66 2e 0f 1f 84 00 00 00 00 00 90 f3 0f 1e fa 48 89 f8 48 89 f7 48 89 d6 48 89 ca 4d 89 c2 4d 89 c8 4c 8b 4c 24 08 0f 05 <48> 3d 01 f0 ff ff 73 01 c3 48 8b 0d d3 08 0d 00 f7 d8 64 89 01 48
[   29.118635] RSP: 002b:00007ffec592ded8 EFLAGS: 00000206 ORIG_RAX: 000000000000012a
[   29.119473] RAX: ffffffffffffffda RBX: 0000000000000000 RCX: 00007f0966e1f59d
[   29.120293] RDX: 0000000000000000 RSI: 00000000ffffffff RDI: 0000000020000100
[   29.121092] RBP: 00007ffec592def0 R08: 0000000000000000 R09: 00007ffec592def0
[   29.121889] R10: 00000000ffffffff R11: 0000000000000206 R12: 0000000000401180
[   29.122687] R13: 00007ffec592e010 R14: 0000000000000000 R15: 0000000000000000
[   33.800831] check_preemption_disabled: 1887443 callbacks suppressed
[   33.800854] BUG: using smp_processor_id() in preemptible [00000000] code: repro/551
[   33.802810] caller is debug_smp_processor_id+0x1c/0x20
[   33.802979] BUG: using smp_processor_id() in preemptible [00000000] code: repro/550
[   33.803552] CPU: 1 PID: 551 Comm: repro Not tainted 5.15.0-9a7e0a90a454+ #1
[   33.803597] Hardware name: QEMU Standard PC (i440FX + PIIX, 1996), BIOS rel-1.16.0-0-gd239552ce722-prebuilt.qemu.org 04/01/2014
[   33.803619] Call Trace:
[   33.803652]  dump_stack_lvl+0xa9/0xda
[   33.803729]  dump_stack+0x15/0x17
[   33.811104] caller is debug_smp_processor_id+0x1c/0x20
[   33.811545]  check_preemption_disabled+0x167/0x180
[   33.811614]  ? __get_locked_pte+0x1a2/0x290
[   33.811655]  ? __lock_text_start+0x8/0x8
[   33.811698]  debug_smp_processor_id+0x1c/0x20
[   33.811742]  perf_ftrace_function_call+0x81/0x280
[   33.817576]  ? __sanitizer_cov_trace_pc+0x21/0x50
[   33.818298]  ? ftrace_ops_test+0x71/0xc0
[   33.818914]  ? __sanitizer_cov_trace_pc+0x21/0x50
[   33.819628]  ? perf_ftrace_function_call+0x51/0x280
[   33.820360]  ? __sanitizer_cov_trace_pc+0x21/0x50
[   33.821075]  ? ftrace_ops_test+0x71/0xc0
[   33.821671]  ? write_comp_data+0x2f/0x90
[   33.822354]  0xffffffffa00dc099
[   33.822838]  ? __pmd_alloc+0x350/0x350
[   33.823414]  ? igb_ptp_settime_82576+0x1/0xe0
[   33.824103]  ? ftrace_call+0x5/0x44
[   33.824661]  ? pmd_page_vaddr+0x2b/0x70
[   33.825281]  ? _raw_spin_lock+0x5/0x50
[   33.825895]  _raw_spin_lock+0x5/0x50
[   33.826445]  __get_locked_pte+0x1a2/0x290
[   33.827047]  ? _raw_spin_lock+0x5/0x50
[   33.827606]  ? __get_locked_pte+0x1a2/0x290
[   33.828254]  ? igb_ptp_settime_82576+0x1/0xe0
[   33.828922]  __text_poke+0xea/0x4d0
[   33.829457]  ? igb_ptp_settime_82576+0x1/0xe0
[   33.830123]  ? lock_is_held_type+0xe4/0x140
[   33.830765]  ? igb_ptp_settime_82576+0x1/0xe0
[   33.831454]  text_poke+0x2b/0x60
[   33.831984]  text_poke_bp_batch+0xf5/0x2c0
[   33.832643]  ? igb_ptp_set_ts_config+0xf0/0xf0
[   33.833343]  text_poke_queue+0xa7/0xc0
[   33.833956]  ftrace_replace_code+0xfd/0x170
[   33.834634]  ftrace_modify_all_code+0x1b1/0x270
[   33.835348]  arch_ftrace_update_code+0x9/0x10
[   33.835997]  ftrace_run_update_code+0x30/0xa0
[   33.836670]  ftrace_startup_enable+0x5e/0xa0
[   33.837330]  ftrace_startup+0x16d/0x240
[   33.837982]  register_ftrace_function+0x43/0x90
[   33.838671]  perf_ftrace_event_register+0xc1/0xf0
[   33.839383]  perf_trace_event_init+0x9d/0x4c0
[   33.840086]  perf_trace_init+0xda/0x160
[   33.840708]  perf_tp_event_init+0x5c/0xa0
[   33.841330]  perf_try_init_event+0x88/0x280
[   33.842020]  perf_event_alloc+0xe4f/0x1c20
[   33.842659]  ? perf_event_alloc+0x5/0x1c20
[   33.843366]  __do_sys_perf_event_open+0x3bf/0x1de0
[   33.844094]  ? write_comp_data+0x2f/0x90
[   33.845020]  __x64_sys_perf_event_open+0x2b/0x30
[   33.845713]  do_syscall_64+0x37/0x80
[   33.846268]  entry_SYSCALL_64_after_hwframe+0x44/0xae
[   33.846991] RIP: 0033:0x7f0966e1f59d
[   33.847530] Code: 00 c3 66 2e 0f 1f 84 00 00 00 00 00 90 f3 0f 1e fa 48 89 f8 48 89 f7 48 89 d6 48 89 ca 4d 89 c2 4d 89 c8 4c 8b 4c 24 08 0f 05 <48> 3d 01 f0 ff ff 73 01 c3 48 8b 0d d3 08 0d 00 f7 d8 64 89 01 48
[   33.850011] RSP: 002b:00007ffec592ded8 EFLAGS: 00000206 ORIG_RAX: 000000000000012a
[   33.851077] RAX: ffffffffffffffda RBX: 0000000000000000 RCX: 00007f0966e1f59d
[   33.852060] RDX: 0000000000000000 RSI: 00000000ffffffff RDI: 0000000020000100
[   33.853043] RBP: 00007ffec592def0 R08: 0000000000000000 R09: 00007ffec592def0
[   33.854028] R10: 00000000ffffffff R11: 0000000000000206 R12: 0000000000401180
[   33.855012] R13: 00007ffec592e010 R14: 0000000000000000 R15: 0000000000000000
[   33.856285] CPU: 0 PID: 550 Comm: repro Not tainted 5.15.0-9a7e0a90a454+ #1
[   33.856376] BUG: using smp_processor_id() in preemptible [00000000] code: repro/551
[   33.857419] caller is debug_smp_processor_id+0x1c/0x20
[   33.864825] Hardware name: QEMU Standard PC (i440FX + PIIX, 1996), BIOS rel-1.16.0-0-gd239552ce722-prebuilt.qemu.org 04/01/2014
[   33.871438] Call Trace:
[   33.874042]  dump_stack_lvl+0xa9/0xda
[   33.878029]  dump_stack+0x15/0x17
[   33.881066]  check_preemption_disabled+0x167/0x180
[   33.885376]  ? hrtimer_nanosleep+0xf7/0x1b0
[   33.888538]  ? schedule_timeout_idle+0x40/0x40
[   33.892257]  debug_smp_processor_id+0x1c/0x20
[   33.896191]  perf_ftrace_function_call+0x81/0x280
[   33.900991]  ? ftrace_ops_list_func+0x23f/0x2d0
[   33.905077]  ? write_comp_data+0x2f/0x90
[   33.909370]  ? __sanitizer_cov_trace_pc+0x21/0x50
[   33.913648]  ? ftrace_ops_list_func+0x1bc/0x2d0
[   33.917014]  ? hrtimer_init_sleeper+0x65/0x1d0
[   33.920544]  ? ktime_get_real+0x20/0x20
[   33.926777]  0xffffffffa00dc099
[   33.932633]  ? hrtimer_nanosleep+0xdb/0x1b0
[   33.936860]  ? do_nanosleep+0x5/0x2a0
[   33.940050]  ? write_comp_data+0x2f/0x90
[   33.943863]  do_nanosleep+0x5/0x2a0
[   33.947017]  hrtimer_nanosleep+0xf7/0x1b0
[   33.950369]  ? do_nanosleep+0x5/0x2a0
[   33.953296]  ? hrtimer_nanosleep+0xf7/0x1b0
[   33.958034]  ? hrtimer_init_sleeper+0x1d0/0x1d0
[   33.964052]  __x64_sys_nanosleep+0xfc/0x150
[   33.969077]  do_syscall_64+0x37/0x80
[   33.972517]  entry_SYSCALL_64_after_hwframe+0x44/0xae
[   33.976169] RIP: 0033:0x7f0966de7a18
[   33.979254] Code: 00 66 2e 0f 1f 84 00 00 00 00 00 0f 1f 80 00 00 00 00 f3 0f 1e fa 48 8d 05 85 e6 10 00 8b 00 85 c0 75 1f b8 23 00 00 00 0f 05 <0f> 1f 84 00 00 00 00 00 48 3d 00 f0 ff ff 77 48 c3 0f 1f 80 00 00
[   33.989256] RSP: 002b:00007ffec592dd58 EFLAGS: 00000246 ORIG_RAX: 0000000000000023
[   33.994466] RAX: ffffffffffffffda RBX: 0000000000000000 RCX: 00007f0966de7a18
[   33.998895] RDX: 0000000000000000 RSI: 0000000000000000 RDI: 00007ffec592dd60
[   34.003323] RBP: 00007ffec592def0 R08: 00007ffec59f5080 R09: 0000000000000000
[   34.007796] R10: 0000000000000000 R11: 0000000000000246 R12: 0000000000401180
[   34.012228] R13: 00007ffec592e010 R14: 0000000000000000 R15: 0000000000000000
[   34.022213] CPU: 1 PID: 551 Comm: repro Not tainted 5.15.0-9a7e0a90a454+ #1
[   34.023243] Hardware name: QEMU Standard PC (i440FX + PIIX, 1996), BIOS rel-1.16.0-0-gd239552ce722-prebuilt.qemu.org 04/01/2014
[   34.024862] Call Trace:
[   34.025276]  dump_stack_lvl+0xa9/0xda
[   34.025888]  dump_stack+0x15/0x17
[   34.026417]  check_preemption_disabled+0x167/0x180
[   34.027174]  ? __get_locked_pte+0x1a2/0x290
[   34.027810]  ? __lock_text_start+0x8/0x8
[   34.028437]  debug_smp_processor_id+0x1c/0x20
[   34.029112]  perf_ftrace_function_call+0x81/0x280
[   34.029821]  ? __sanitizer_cov_trace_pc+0x21/0x50
[   34.030559]  ? ftrace_ops_test+0x71/0xc0
[   34.031196]  ? __sanitizer_cov_trace_pc+0x21/0x50
[   34.031567] BUG: using smp_processor_id() in preemptible [00000000] code: repro/550
[   34.031927]  ? perf_ftrace_function_call+0x51/0x280
[   34.031985]  ? __sanitizer_cov_trace_pc+0x21/0x50
[   34.035478] caller is debug_smp_processor_id+0x1c/0x20
[   34.035876]  ? ftrace_ops_test+0x71/0xc0
[   34.035921]  ? write_comp_data+0x2f/0x90
[   34.038918]  0xffffffffa00dc099
[   34.039419]  ? __pmd_alloc+0x350/0x350
[   34.040021]  ? igb_ptp_adjtime_i210+0x1/0x120
[   34.040714]  ? ftrace_call+0x5/0x44
[   34.041292]  ? pmd_page_vaddr+0x2b/0x70
[   34.041947]  ? _raw_spin_lock+0x5/0x50
[   34.042594]  _raw_spin_lock+0x5/0x50
[   34.043161]  __get_locked_pte+0x1a2/0x290
[   34.043782]  ? _raw_spin_lock+0x5/0x50
[   34.044366]  ? __get_locked_pte+0x1a2/0x290
[   34.045031]  ? igb_ptp_adjtime_i210+0x1/0x120
[   34.045721]  __text_poke+0xea/0x4d0
[   34.046274]  ? igb_ptp_adjtime_i210+0x1/0x120
[   34.046963]  ? lock_is_held_type+0xe4/0x140
[   34.047619]  ? igb_ptp_adjtime_i210+0x1/0x120
[   34.048338]  text_poke+0x2b/0x60
[   34.048887]  text_poke_bp_batch+0xf5/0x2c0
[   34.049565]  ? igb_ptp_set_ts_config+0xf0/0xf0
[   34.050289]  text_poke_queue+0xa7/0xc0
[   34.050923]  ftrace_replace_code+0xfd/0x170
[   34.051622]  ftrace_modify_all_code+0x1b1/0x270
[   34.052365]  arch_ftrace_update_code+0x9/0x10
[   34.053037]  ftrace_run_update_code+0x30/0xa0
[   34.053729]  ftrace_startup_enable+0x5e/0xa0
[   34.054408]  ftrace_startup+0x16d/0x240
[   34.055079]  register_ftrace_function+0x43/0x90
[   34.055789]  perf_ftrace_event_register+0xc1/0xf0
[   34.056531]  perf_trace_event_init+0x9d/0x4c0
[   34.057254]  perf_trace_init+0xda/0x160
[   34.057897]  perf_tp_event_init+0x5c/0xa0
[   34.058539]  perf_try_init_event+0x88/0x280
[   34.059257]  perf_event_alloc+0xe4f/0x1c20
[   34.059923]  ? perf_event_alloc+0x5/0x1c20
[   34.060660]  __do_sys_perf_event_open+0x3bf/0x1de0
[   34.061412]  ? write_comp_data+0x2f/0x90
[   34.062359]  __x64_sys_perf_event_open+0x2b/0x30
[   34.063080]  do_syscall_64+0x37/0x80
[   34.063653]  entry_SYSCALL_64_after_hwframe+0x44/0xae
[   34.064410] RIP: 0033:0x7f0966e1f59d
[   34.064968] Code: 00 c3 66 2e 0f 1f 84 00 00 00 00 00 90 f3 0f 1e fa 48 89 f8 48 89 f7 48 89 d6 48 89 ca 4d 89 c2 4d 89 c8 4c 8b 4c 24 08 0f 05 <48> 3d 01 f0 ff ff 73 01 c3 48 8b 0d d3 08 0d 00 f7 d8 64 89 01 48
[   34.067561] RSP: 002b:00007ffec592ded8 EFLAGS: 00000206 ORIG_RAX: 000000000000012a
[   34.068668] RAX: ffffffffffffffda RBX: 0000000000000000 RCX: 00007f0966e1f59d
[   34.069691] RDX: 0000000000000000 RSI: 00000000ffffffff RDI: 0000000020000100
[   34.070709] RBP: 00007ffec592def0 R08: 0000000000000000 R09: 00007ffec592def0
[   34.071728] R10: 00000000ffffffff R11: 0000000000000206 R12: 0000000000401180
[   34.072750] R13: 00007ffec592e010 R14: 0000000000000000 R15: 0000000000000000
[   34.074024] CPU: 0 PID: 550 Comm: repro Not tainted 5.15.0-9a7e0a90a454+ #1
[   34.074723] BUG: using smp_processor_id() in preemptible [00000000] code: repro/551
[   34.076588] Hardware name: QEMU Standard PC (i440FX + PIIX, 1996), BIOS rel-1.16.0-0-gd239552ce722-prebuilt.qemu.org 04/01/2014
[   34.077688] caller is debug_smp_processor_id+0x1c/0x20
[   34.081402] Call Trace:
[   34.083490]  dump_stack_lvl+0xa9/0xda
[   34.085729]  dump_stack+0x15/0x17
[   34.087450]  check_preemption_disabled+0x167/0x180
[   34.090029]  ? schedule_timeout_idle+0x40/0x40
[   34.092095]  debug_smp_processor_id+0x1c/0x20
[   34.094136]  perf_swevent_get_recursion_context+0x23/0xd0
[   34.096914]  ? schedule_timeout_idle+0x40/0x40
[   34.098969]  perf_trace_buf_alloc+0x3d/0x100
[   34.101260]  ? hrtimer_nanosleep+0xf7/0x1b0
[   34.103233]  perf_ftrace_function_call+0x1c0/0x280
[   34.107987]  ? 0xffffffffa00dc099
[   34.111173]  0xffffffffa00dc099
[   34.114310]  ? hrtimer_nanosleep+0xdb/0x1b0
[   34.116700]  ? do_nanosleep+0x5/0x2a0
[   34.118533]  ? write_comp_data+0x2f/0x90
[   34.120712]  do_nanosleep+0x5/0x2a0
[   34.122491]  hrtimer_nanosleep+0xf7/0x1b0
[   34.124429]  ? do_nanosleep+0x5/0x2a0
[   34.126114]  ? hrtimer_nanosleep+0xf7/0x1b0
[   34.128781]  ? hrtimer_init_sleeper+0x1d0/0x1d0
[   34.132088]  __x64_sys_nanosleep+0xfc/0x150
[   34.134895]  do_syscall_64+0x37/0x80
[   34.136840]  entry_SYSCALL_64_after_hwframe+0x44/0xae
[   34.138954] RIP: 0033:0x7f0966de7a18
[   34.140732] Code: 00 66 2e 0f 1f 84 00 00 00 00 00 0f 1f 80 00 00 00 00 f3 0f 1e fa 48 8d 05 85 e6 10 00 8b 00 85 c0 75 1f b8 23 00 00 00 0f 05 <0f> 1f 84 00 00 00 00 00 48 3d 00 f0 ff ff 77 48 c3 0f 1f 80 00 00
[   34.146946] RSP: 002b:00007ffec592dd58 EFLAGS: 00000246 ORIG_RAX: 0000000000000023
[   34.150024] RAX: ffffffffffffffda RBX: 0000000000000000 RCX: 00007f0966de7a18
[   34.152712] RDX: 0000000000000000 RSI: 0000000000000000 RDI: 00007ffec592dd60
[   34.155393] RBP: 00007ffec592def0 R08: 00007ffec59f5080 R09: 0000000000000000
[   34.158071] R10: 0000000000000000 R11: 0000000000000246 R12: 0000000000401180
[   34.160748] R13: 00007ffec592e010 R14: 0000000000000000 R15: 0000000000000000
[   34.166245] CPU: 1 PID: 551 Comm: repro Not tainted 5.15.0-9a7e0a90a454+ #1
[   34.167269] Hardware name: QEMU Standard PC (i440FX + PIIX, 1996), BIOS rel-1.16.0-0-gd239552ce722-prebuilt.qemu.org 04/01/2014
[   34.168103] BUG: using smp_processor_id() in preemptible [00000000] code: repro/550
[   34.169069] Call Trace:
[   34.169101]  dump_stack_lvl+0xa9/0xda
[   34.169175]  dump_stack+0x15/0x17
[   34.169215]  check_preemption_disabled+0x167/0x180
[   34.169281]  ? __get_locked_pte+0x1a2/0x290
[   34.169310]  ? __lock_text_start+0x8/0x8
[   34.169353]  debug_smp_processor_id+0x1c/0x20
[   34.169397]  perf_ftrace_function_call+0x81/0x280
[   34.169429]  ? __sanitizer_cov_trace_pc+0x21/0x50
[   34.169490]  ? ftrace_ops_test+0x71/0xc0
[   34.169553]  ? __sanitizer_cov_trace_pc+0x21/0x50
[   34.169615]  ? perf_ftrace_function_call+0x51/0x280
[   34.169667]  ? __sanitizer_cov_trace_pc+0x21/0x50
[   34.169728]  ? ftrace_ops_test+0x71/0xc0
[   34.169770]  ? write_comp_data+0x2f/0x90
[   34.169906]  0xffffffffa00dc099
[   34.169940]  ? __pmd_alloc+0x350/0x350
[   34.169989]  ? igb_ptp_systim_to_hwtstamp.isra.9+0x1/0xc0
[   34.170053]  ? ftrace_call+0x5/0x44
[   34.170116]  ? pmd_page_vaddr+0x2b/0x70
[   34.170190]  ? _raw_spin_lock+0x5/0x50
[   34.170274]  _raw_spin_lock+0x5/0x50
[   34.170317]  __get_locked_pte+0x1a2/0x290
[   34.170357]  ? _raw_spin_lock+0x5/0x50
[   34.170389]  ? __get_locked_pte+0x1a2/0x290
[   34.170450]  ? igb_ptp_systim_to_hwtstamp.isra.9+0x1/0xc0
[   34.170513]  __text_poke+0xea/0x4d0
[   34.170552]  ? igb_ptp_systim_to_hwtstamp.isra.9+0x1/0xc0
[   34.170615]  ? lock_is_held_type+0xe4/0x140
[   34.170668]  ? igb_ptp_systim_to_hwtstamp.isra.9+0x1/0xc0
[   34.170752]  text_poke+0x2b/0x60
[   34.170823]  text_poke_bp_batch+0xf5/0x2c0
[   34.172065] caller is debug_smp_processor_id+0x1c/0x20
[   34.172481]  ? igb_ptp_set_ts_config+0xf0/0xf0
[   34.193319]  text_poke_queue+0xa7/0xc0
[   34.193955]  ftrace_replace_code+0xfd/0x170
[   34.194657]  ftrace_modify_all_code+0x1b1/0x270
[   34.195397]  arch_ftrace_update_code+0x9/0x10
[   34.196076]  ftrace_run_update_code+0x30/0xa0
[   34.196778]  ftrace_startup_enable+0x5e/0xa0
[   34.197463]  ftrace_startup+0x16d/0x240
[   34.198136]  register_ftrace_function+0x43/0x90
[   34.198853]  perf_ftrace_event_register+0xc1/0xf0
[   34.199596]  perf_trace_event_init+0x9d/0x4c0
[   34.200330]  perf_trace_init+0xda/0x160
[   34.200974]  perf_tp_event_init+0x5c/0xa0
[   34.201618]  perf_try_init_event+0x88/0x280
[   34.202328]  perf_event_alloc+0xe4f/0x1c20
[   34.202996]  ? perf_event_alloc+0x5/0x1c20
[   34.203725]  __do_sys_perf_event_open+0x3bf/0x1de0
[   34.204485]  ? write_comp_data+0x2f/0x90
[   34.205435]  __x64_sys_perf_event_open+0x2b/0x30
[   34.206154]  do_syscall_64+0x37/0x80
[   34.206730]  entry_SYSCALL_64_after_hwframe+0x44/0xae
[   34.207484] RIP: 0033:0x7f0966e1f59d
[   34.208051] Code: 00 c3 66 2e 0f 1f 84 00 00 00 00 00 90 f3 0f 1e fa 48 89 f8 48 89 f7 48 89 d6 48 89 ca 4d 89 c2 4d 89 c8 4c 8b 4c 24 08 0f 05 <48> 3d 01 f0 ff ff 73 01 c3 48 8b 0d d3 08 0d 00 f7 d8 64 89 01 48
[   34.210645] RSP: 002b:00007ffec592ded8 EFLAGS: 00000206 ORIG_RAX: 000000000000012a
[   34.211746] RAX: ffffffffffffffda RBX: 0000000000000000 RCX: 00007f0966e1f59d
[   34.212783] RDX: 0000000000000000 RSI: 00000000ffffffff RDI: 0000000020000100
[   34.213806] RBP: 00007ffec592def0 R08: 0000000000000000 R09: 00007ffec592def0
[   34.214828] R10: 00000000ffffffff R11: 0000000000000206 R12: 0000000000401180
[   34.215858] R13: 00007ffec592e010 R14: 0000000000000000 R15: 0000000000000000
[   34.217255] BUG: using smp_processor_id() in preemptible [00000000] code: repro/551
[   34.218357] caller is debug_smp_processor_id+0x1c/0x20
[   34.218517] CPU: 0 PID: 550 Comm: repro Not tainted 5.15.0-9a7e0a90a454+ #1
[   34.220284] Hardware name: QEMU Standard PC (i440FX + PIIX, 1996), BIOS rel-1.16.0-0-gd239552ce722-prebuilt.qemu.org 04/01/2014
[   34.222153] Call Trace:
[   34.222674]  dump_stack_lvl+0xa9/0xda
[   34.223472]  dump_stack+0x15/0x17
[   34.224142]  check_preemption_disabled+0x167/0x180
[   34.225118]  ? schedule_timeout_idle+0x40/0x40
[   34.225959]  debug_smp_processor_id+0x1c/0x20
[   34.226789]  perf_trace_buf_alloc+0x98/0x100
[   34.227656]  ? hrtimer_nanosleep+0xf7/0x1b0
[   34.228460]  perf_ftrace_function_call+0x1c0/0x280
[   34.229859]  ? 0xffffffffa00dc099
[   34.230805]  0xffffffffa00dc099
[   34.231727]  ? hrtimer_nanosleep+0xdb/0x1b0
[   34.232643]  ? do_nanosleep+0x5/0x2a0
[   34.233367]  ? write_comp_data+0x2f/0x90
[   34.234177]  do_nanosleep+0x5/0x2a0
[   34.234874]  hrtimer_nanosleep+0xf7/0x1b0
[   34.235650]  ? do_nanosleep+0x5/0x2a0
[   34.236347]  ? hrtimer_nanosleep+0xf7/0x1b0
[   34.237276]  ? hrtimer_init_sleeper+0x1d0/0x1d0
[   34.238367]  __x64_sys_nanosleep+0xfc/0x150
[   34.239325]  do_syscall_64+0x37/0x80
[   34.240061]  entry_SYSCALL_64_after_hwframe+0x44/0xae
[   34.240965] RIP: 0033:0x7f0966de7a18
[   34.241712] Code: 00 66 2e 0f 1f 84 00 00 00 00 00 0f 1f 80 00 00 00 00 f3 0f 1e fa 48 8d 05 85 e6 10 00 8b 00 85 c0 75 1f b8 23 00 00 00 0f 05 <0f> 1f 84 00 00 00 00 00 48 3d 00 f0 ff ff 77 48 c3 0f 1f 80 00 00
[   34.245184] RSP: 002b:00007ffec592dd58 EFLAGS: 00000246 ORIG_RAX: 0000000000000023
[   34.246745] RAX: ffffffffffffffda RBX: 0000000000000000 RCX: 00007f0966de7a18
[   34.248155] RDX: 0000000000000000 RSI: 0000000000000000 RDI: 00007ffec592dd60
[   34.249560] RBP: 00007ffec592def0 R08: 00007ffec59f5080 R09: 0000000000000000
[   34.250950] R10: 0000000000000000 R11: 0000000000000246 R12: 0000000000401180
[   34.252355] R13: 00007ffec592e010 R14: 0000000000000000 R15: 0000000000000000
[   34.254402] CPU: 1 PID: 551 Comm: repro Not tainted 5.15.0-9a7e0a90a454+ #1
[   34.255598] Hardware name: QEMU Standard PC (i440FX + PIIX, 1996), BIOS rel-1.16.0-0-gd239552ce722-prebuilt.qemu.org 04/01/2014
[   34.257563] Call Trace:
[   34.258040]  dump_stack_lvl+0xa9/0xda
[   34.258754]  dump_stack+0x15/0x17
[   34.258893] BUG: using smp_processor_id() in preemptible [00000000] code: repro/550
[   34.259362]  check_preemption_disabled+0x167/0x180
[   34.261667]  ? __get_locked_pte+0x1a2/0x290
[   34.261959] caller is debug_smp_processor_id+0x1c/0x20
[   34.262406]  ? __lock_text_start+0x8/0x8
[   34.264103]  debug_smp_processor_id+0x1c/0x20
[   34.264885]  perf_ftrace_function_call+0x81/0x280
[   34.265728]  ? __sanitizer_cov_trace_pc+0x21/0x50
[   34.266589]  ? ftrace_ops_test+0x71/0xc0
[   34.267326]  ? __sanitizer_cov_trace_pc+0x21/0x50
[   34.268194]  ? perf_ftrace_function_call+0x51/0x280
[   34.269056]  ? __sanitizer_cov_trace_pc+0x21/0x50
[   34.269918]  ? ftrace_ops_test+0x71/0xc0
[   34.270605]  ? write_comp_data+0x2f/0x90
[   34.271399]  0xffffffffa00dc099
[   34.271958]  ? __pmd_alloc+0x350/0x350
[   34.272636]  ? igb_ptp_tx_work+0x1/0x220
[   34.273353]  ? ftrace_call+0x5/0x44
[   34.274006]  ? pmd_page_vaddr+0x2b/0x70
[   34.274717]  ? _raw_spin_lock+0x5/0x50
[   34.275439]  _raw_spin_lock+0x5/0x50
[   34.276083]  __get_locked_pte+0x1a2/0x290
[   34.276782]  ? _raw_spin_lock+0x5/0x50
[   34.277452]  ? __get_locked_pte+0x1a2/0x290
[   34.278203]  ? igb_ptp_tx_work+0x1/0x220
[   34.278921]  __text_poke+0xea/0x4d0
[   34.279564]  ? igb_ptp_tx_work+0x1/0x220
[   34.280312]  ? lock_is_held_type+0xe4/0x140
[   34.281063]  ? igb_ptp_tx_work+0x1/0x220
[   34.281826]  text_poke+0x2b/0x60
[   34.282454]  text_poke_bp_batch+0xf5/0x2c0
[   34.283259]  ? igb_ptp_set_ts_config+0xf0/0xf0
[   34.284133]  text_poke_queue+0xa7/0xc0
[   34.284872]  ftrace_replace_code+0xfd/0x170
[   34.285691]  ftrace_modify_all_code+0x1b1/0x270
[   34.286551]  arch_ftrace_update_code+0x9/0x10
[   34.287332]  ftrace_run_update_code+0x30/0xa0
[   34.288139]  ftrace_startup_enable+0x5e/0xa0
[   34.288928]  ftrace_startup+0x16d/0x240
[   34.289712]  register_ftrace_function+0x43/0x90
[   34.290546]  perf_ftrace_event_register+0xc1/0xf0
[   34.291404]  perf_trace_event_init+0x9d/0x4c0
[   34.292245]  perf_trace_init+0xda/0x160
[   34.292991]  perf_tp_event_init+0x5c/0xa0
[   34.293738]  perf_try_init_event+0x88/0x280
[   34.294561]  perf_event_alloc+0xe4f/0x1c20
[   34.295334]  ? perf_event_alloc+0x5/0x1c20
[   34.296183]  __do_sys_perf_event_open+0x3bf/0x1de0
[   34.297055]  ? write_comp_data+0x2f/0x90
[   34.298170]  __x64_sys_perf_event_open+0x2b/0x30
[   34.299004]  do_syscall_64+0x37/0x80
[   34.299671]  entry_SYSCALL_64_after_hwframe+0x44/0xae
[   34.300546] RIP: 0033:0x7f0966e1f59d
[   34.301196] Code: 00 c3 66 2e 0f 1f 84 00 00 00 00 00 90 f3 0f 1e fa 48 89 f8 48 89 f7 48 89 d6 48 89 ca 4d 89 c2 4d 89 c8 4c 8b 4c 24 08 0f 05 <48> 3d 01 f0 ff ff 73 01 c3 48 8b 0d d3 08 0d 00 f7 d8 64 89 01 48
[   34.304205] RSP: 002b:00007ffec592ded8 EFLAGS: 00000206 ORIG_RAX: 000000000000012a
[   34.305482] RAX: ffffffffffffffda RBX: 0000000000000000 RCX: 00007f0966e1f59d
[   34.306671] RDX: 0000000000000000 RSI: 00000000ffffffff RDI: 0000000020000100
[   34.307854] RBP: 00007ffec592def0 R08: 0000000000000000 R09: 00007ffec592def0
[   34.309043] R10: 00000000ffffffff R11: 0000000000000206 R12: 0000000000401180
[   34.310227] R13: 00007ffec592e010 R14: 0000000000000000 R15: 0000000000000000
[   34.311678] CPU: 0 PID: 550 Comm: repro Not tainted 5.15.0-9a7e0a90a454+ #1
[   34.311967] BUG: using smp_processor_id() in preemptible [00000000] code: repro/551
[   34.313066] Hardware name: QEMU Standard PC (i440FX + PIIX, 1996), BIOS rel-1.16.0-0-gd239552ce722-prebuilt.qemu.org 04/01/2014
[   34.313122] Call Trace:
[   34.314403] caller is debug_smp_processor_id+0x1c/0x20
[   34.316575]  dump_stack_lvl+0xa9/0xda
[   34.318826]  dump_stack+0x15/0x17
[   34.319606]  check_preemption_disabled+0x167/0x180
[   34.320806]  debug_smp_processor_id+0x1c/0x20
[   34.321775]  perf_swevent_put_recursion_context+0x20/0x40
[   34.322993]  perf_tp_event+0x336/0x4e0
[   34.324280]  ? write_comp_data+0x2f/0x90
[   34.325228]  ? __sanitizer_cov_trace_pc+0x21/0x50
[   34.326321]  ? ftrace_ops_list_func+0x1bc/0x2d0
[   34.327258]  ? perf_ftrace_function_call+0x1ff/0x280
[   34.328311]  ? perf_swevent_put_recursion_context+0x40/0x40
[   34.329558]  ? hrtimer_nanosleep+0xf7/0x1b0
[   34.330479]  ? schedule_timeout_idle+0x40/0x40
[   34.331462]  ? ftrace_call+0x5/0x44
[   34.332338]  ? __sanitizer_cov_trace_pc+0x21/0x50
[   34.333426]  ? dump_stack_lvl+0xd3/0xda
[   34.334544]  ? hrtimer_nanosleep+0xf7/0x1b0
[   34.335448]  ? schedule_timeout_idle+0x40/0x40
[   34.336434]  perf_ftrace_function_call+0x1ff/0x280
[   34.337478]  ? perf_tp_event+0x5/0x4e0
[   34.338340]  ? perf_ftrace_function_call+0x1ff/0x280
[   34.339411]  ? perf_tp_event+0x5/0x4e0
[   34.340248]  ? perf_ftrace_function_call+0x1ff/0x280
[   34.341976]  ? 0xffffffffa00dc099
[   34.343089]  0xffffffffa00dc099
[   34.344169]  ? hrtimer_nanosleep+0xdb/0x1b0
[   34.345198]  ? do_nanosleep+0x5/0x2a0
[   34.346046]  ? write_comp_data+0x2f/0x90
[   34.346992]  do_nanosleep+0x5/0x2a0
[   34.347812]  hrtimer_nanosleep+0xf7/0x1b0
[   34.348726]  ? do_nanosleep+0x5/0x2a0
[   34.349539]  ? hrtimer_nanosleep+0xf7/0x1b0
[   34.350628]  ? hrtimer_init_sleeper+0x1d0/0x1d0
[   34.351903]  __x64_sys_nanosleep+0xfc/0x150
[   34.353027]  do_syscall_64+0x37/0x80
[   34.353890]  entry_SYSCALL_64_after_hwframe+0x44/0xae
[   34.354950] RIP: 0033:0x7f0966de7a18
[   34.355767] Code: 00 66 2e 0f 1f 84 00 00 00 00 00 0f 1f 80 00 00 00 00 f3 0f 1e fa 48 8d 05 85 e6 10 00 8b 00 85 c0 75 1f b8 23 00 00 00 0f 05 <0f> 1f 84 00 00 00 00 00 48 3d 00 f0 ff ff 77 48 c3 0f 1f 80 00 00
[   34.359261] RSP: 002b:00007ffec592dd58 EFLAGS: 00000246 ORIG_RAX: 0000000000000023
[   34.360808] RAX: ffffffffffffffda RBX: 0000000000000000 RCX: 00007f0966de7a18
[   34.362212] RDX: 0000000000000000 RSI: 0000000000000000 RDI: 00007ffec592dd60
[   34.363612] RBP: 00007ffec592def0 R08: 00007ffec59f5080 R09: 0000000000000000
[   34.365050] R10: 0000000000000000 R11: 0000000000000246 R12: 0000000000401180
[   34.366471] R13: 00007ffec592e010 R14: 0000000000000000 R15: 0000000000000000
[   34.368532] CPU: 1 PID: 551 Comm: repro Not tainted 5.15.0-9a7e0a90a454+ #1
[   34.369708] Hardware name: QEMU Standard PC (i440FX + PIIX, 1996), BIOS rel-1.16.0-0-gd239552ce722-prebuilt.qemu.org 04/01/2014
[   34.369915] BUG: using smp_processor_id() in preemptible [00000000] code: repro/550
[   34.371557] Call Trace:
[   34.371596]  dump_stack_lvl+0xa9/0xda
[   34.371685]  dump_stack+0x15/0x17
[   34.375999] caller is debug_smp_processor_id+0x1c/0x20
[   34.376367]  check_preemption_disabled+0x167/0x180
[   34.376448]  ? __get_locked_pte+0x1a2/0x290
[   34.380122]  ? __lock_text_start+0x8/0x8
[   34.380835]  debug_smp_processor_id+0x1c/0x20
[   34.381621]  perf_ftrace_function_call+0x81/0x280
[   34.382447]  ? __sanitizer_cov_trace_pc+0x21/0x50
[   34.383301]  ? ftrace_ops_test+0x71/0xc0
[   34.384046]  ? __sanitizer_cov_trace_pc+0x21/0x50
[   34.384917]  ? perf_ftrace_function_call+0x51/0x280
[   34.385792]  ? __sanitizer_cov_trace_pc+0x21/0x50
[   34.386651]  ? ftrace_ops_test+0x71/0xc0
[   34.387365]  ? write_comp_data+0x2f/0x90
[   34.388198]  0xffffffffa00dc099
[   34.388779]  ? __pmd_alloc+0x350/0x350
[   34.389475]  ? igb_ptp_rx_hang+0x1/0x130
[   34.390213]  ? ftrace_call+0x5/0x44
[   34.390884]  ? pmd_page_vaddr+0x2b/0x70
[   34.391622]  ? _raw_spin_lock+0x5/0x50
[   34.392355]  _raw_spin_lock+0x5/0x50
[   34.393000]  __get_locked_pte+0x1a2/0x290
[   34.393724]  ? _raw_spin_lock+0x5/0x50
[   34.394398]  ? __get_locked_pte+0x1a2/0x290
[   34.395180]  ? igb_ptp_rx_hang+0x1/0x130
[   34.395889]  __text_poke+0xea/0x4d0
[   34.396534]  ? igb_ptp_rx_hang+0x1/0x130
[   34.397267]  ? lock_is_held_type+0xe4/0x140
[   34.398043]  ? igb_ptp_rx_hang+0x1/0x130
[   34.398780]  text_poke+0x2b/0x60
[   34.399396]  text_poke_bp_batch+0xf5/0x2c0
[   34.400167]  ? igb_ptp_set_ts_config+0xf0/0xf0
[   34.401008]  text_poke_queue+0xa7/0xc0
[   34.401750]  ftrace_replace_code+0xfd/0x170
[   34.402554]  ftrace_modify_all_code+0x1b1/0x270
[   34.403386]  arch_ftrace_update_code+0x9/0x10
[   34.404151]  ftrace_run_update_code+0x30/0xa0
[   34.404933]  ftrace_startup_enable+0x5e/0xa0
[   34.405718]  ftrace_startup+0x16d/0x240
[   34.406494]  register_ftrace_function+0x43/0x90
[   34.407299]  perf_ftrace_event_register+0xc1/0xf0
[   34.408138]  perf_trace_event_init+0x9d/0x4c0
[   34.408950]  perf_trace_init+0xda/0x160
[   34.409691]  perf_tp_event_init+0x5c/0xa0
[   34.410428]  perf_try_init_event+0x88/0x280
[   34.411227]  perf_event_alloc+0xe4f/0x1c20
[   34.412003]  ? perf_event_alloc+0x5/0x1c20
[   34.412830]  __do_sys_perf_event_open+0x3bf/0x1de0
[   34.413692]  ? write_comp_data+0x2f/0x90
[   34.414781]  __x64_sys_perf_event_open+0x2b/0x30
[   34.415589]  do_syscall_64+0x37/0x80
[   34.416245]  entry_SYSCALL_64_after_hwframe+0x44/0xae
[   34.417089] RIP: 0033:0x7f0966e1f59d
[   34.417733] Code: 00 c3 66 2e 0f 1f 84 00 00 00 00 00 90 f3 0f 1e fa 48 89 f8 48 89 f7 48 89 d6 48 89 ca 4d 89 c2 4d 89 c8 4c 8b 4c 24 08 0f 05 <48> 3d 01 f0 ff ff 73 01 c3 48 8b 0d d3 08 0d 00 f7 d8 64 89 01 48
[   34.420679] RSP: 002b:00007ffec592ded8 EFLAGS: 00000206 ORIG_RAX: 000000000000012a
[   34.421932] RAX: ffffffffffffffda RBX: 0000000000000000 RCX: 00007f0966e1f59d
