c[?7l[2J[0mSeaBIOS (version rel-1.16.0-0-gd239552ce722-prebuilt.qemu.org)


iPXE (http://ipxe.org) 00:03.0 CA00 PCI2.10 PnP PMM+7FF91000+7FEF1000 CA00
Press Ctrl-B to configure iPXE (PCI 00:03.0)...                                                                               


Booting from ROM...
c[?7l[2J[    0.000000] Linux version 5.11.0-f40ddce88593 (root@p-adln01) (gcc (GCC) 8.5.0 20210514 (Red Hat 8.5.0-18), GNU ld version 2.36.1-2.el8) #1 SMP Thu Feb 16 16:39:38 CST 2023
[    0.000000] Command line: console=ttyS0 root=/dev/sda earlyprintk=serial net.ifnames=0
[    0.000000] KERNEL supported cpus:
[    0.000000]   Intel GenuineIntel
[    0.000000]   AMD AuthenticAMD
[    0.000000]   Hygon HygonGenuine
[    0.000000]   Centaur CentaurHauls
[    0.000000]   zhaoxin   Shanghai  
[    0.000000] x86/fpu: Supporting XSAVE feature 0x001: 'x87 floating point registers'
[    0.000000] x86/fpu: Supporting XSAVE feature 0x002: 'SSE registers'
[    0.000000] x86/fpu: Supporting XSAVE feature 0x004: 'AVX registers'
[    0.000000] x86/fpu: Supporting XSAVE feature 0x200: 'Protection Keys User registers'
[    0.000000] x86/fpu: xstate_offset[2]:  576, xstate_sizes[2]:  256
[    0.000000] x86/fpu: xstate_offset[9]:  832, xstate_sizes[9]:    8
[    0.000000] x86/fpu: Enabled xstate features 0x207, context size is 840 bytes, using 'compacted' format.
[    0.000000] BIOS-provided physical RAM map:
[    0.000000] BIOS-e820: [mem 0x0000000000000000-0x000000000009fbff] usable
[    0.000000] BIOS-e820: [mem 0x000000000009fc00-0x000000000009ffff] reserved
[    0.000000] BIOS-e820: [mem 0x00000000000f0000-0x00000000000fffff] reserved
[    0.000000] BIOS-e820: [mem 0x0000000000100000-0x000000007ffdffff] usable
[    0.000000] BIOS-e820: [mem 0x000000007ffe0000-0x000000007fffffff] reserved
[    0.000000] BIOS-e820: [mem 0x00000000feffc000-0x00000000feffffff] reserved
[    0.000000] BIOS-e820: [mem 0x00000000fffc0000-0x00000000ffffffff] reserved
[    0.000000] printk: bootconsole [earlyser0] enabled
[    0.000000] NX (Execute Disable) protection: active
[    0.000000] SMBIOS 2.8 present.
[    0.000000] DMI: QEMU Standard PC (i440FX + PIIX, 1996), BIOS rel-1.16.0-0-gd239552ce722-prebuilt.qemu.org 04/01/2014
[    0.000000] Hypervisor detected: KVM
[    0.000000] kvm-clock: Using msrs 4b564d01 and 4b564d00
[    0.000000] kvm-clock: cpu 0, msr 5401001, primary cpu clock
[    0.000000] kvm-clock: using sched offset of 440573935 cycles
[    0.000762] clocksource: kvm-clock: mask: 0xffffffffffffffff max_cycles: 0x1cd42e4dffb, max_idle_ns: 881590591483 ns
[    0.003000] tsc: Detected 1804.800 MHz processor
[    0.011810] last_pfn = 0x7ffe0 max_arch_pfn = 0x400000000
[    0.012873] x86/PAT: Configuration [0-7]: WB  WC  UC- UC  WB  WP  UC- WT  
[    0.022068] found SMP MP-table at [mem 0x000f5ba0-0x000f5baf]
[    0.024229] check: Scanning 1 areas for low memory corruption
[    0.025295] Using GB pages for direct mapping
[    0.027636] ACPI: Early table checksum verification disabled
[    0.028526] ACPI: RSDP 0x00000000000F59C0 000014 (v00 BOCHS )
[    0.029396] ACPI: RSDT 0x000000007FFE1951 000034 (v01 BOCHS  BXPC     00000001 BXPC 00000001)
[    0.030639] ACPI: FACP 0x000000007FFE17FD 000074 (v01 BOCHS  BXPC     00000001 BXPC 00000001)
[    0.031873] ACPI: DSDT 0x000000007FFE0040 0017BD (v01 BOCHS  BXPC     00000001 BXPC 00000001)
[    0.033091] ACPI: FACS 0x000000007FFE0000 000040
[    0.033758] ACPI: APIC 0x000000007FFE1871 000080 (v01 BOCHS  BXPC     00000001 BXPC 00000001)
[    0.034973] ACPI: HPET 0x000000007FFE18F1 000038 (v01 BOCHS  BXPC     00000001 BXPC 00000001)
[    0.036192] ACPI: WAET 0x000000007FFE1929 000028 (v01 BOCHS  BXPC     00000001 BXPC 00000001)
[    0.038687] No NUMA configuration found
[    0.039240] Faking a node at [mem 0x0000000000000000-0x000000007ffdffff]
[    0.040320] NODE_DATA(0) allocated [mem 0x7ffb5000-0x7ffdffff]
[    0.045323] Zone ranges:
[    0.045720]   DMA      [mem 0x0000000000001000-0x0000000000ffffff]
[    0.046639]   DMA32    [mem 0x0000000001000000-0x000000007ffdffff]
[    0.047536]   Normal   empty
[    0.047961]   Device   empty
[    0.048391] Movable zone start for each node
[    0.049005] Early memory node ranges
[    0.049521]   node   0: [mem 0x0000000000001000-0x000000000009efff]
[    0.050435]   node   0: [mem 0x0000000000100000-0x000000007ffdffff]
[    0.052734] Zeroed struct page in unavailable ranges: 130 pages
[    0.052749] Initmem setup node 0 [mem 0x0000000000001000-0x000000007ffdffff]
[    0.091050] ACPI: PM-Timer IO Port: 0x608
[    0.091660] ACPI: LAPIC_NMI (acpi_id[0xff] dfl dfl lint[0x1])
[    0.092557] IOAPIC[0]: apic_id 0, version 17, address 0xfec00000, GSI 0-23
[    0.093543] ACPI: INT_SRC_OVR (bus 0 bus_irq 0 global_irq 2 dfl dfl)
[    0.094416] ACPI: INT_SRC_OVR (bus 0 bus_irq 5 global_irq 5 high level)
[    0.095304] ACPI: INT_SRC_OVR (bus 0 bus_irq 9 global_irq 9 high level)
[    0.096190] ACPI: INT_SRC_OVR (bus 0 bus_irq 10 global_irq 10 high level)
[    0.097080] ACPI: INT_SRC_OVR (bus 0 bus_irq 11 global_irq 11 high level)
[    0.097977] Using ACPI (MADT) for SMP configuration information
[    0.098737] ACPI: HPET id: 0x8086a201 base: 0xfed00000
[    0.099410] TSC deadline timer available
[    0.099913] smpboot: Allowing 2 CPUs, 0 hotplug CPUs
[    0.100608] kvm-guest: KVM setup pv remote TLB flush
[    0.101294] kvm-guest: setup PV sched yield
[    0.101906] PM: hibernation: Registered nosave memory: [mem 0x00000000-0x00000fff]
[    0.102953] PM: hibernation: Registered nosave memory: [mem 0x0009f000-0x0009ffff]
[    0.103991] PM: hibernation: Registered nosave memory: [mem 0x000a0000-0x000effff]
[    0.105032] PM: hibernation: Registered nosave memory: [mem 0x000f0000-0x000fffff]
[    0.106081] [mem 0x80000000-0xfeffbfff] available for PCI devices
[    0.106939] Booting paravirtualized kernel on KVM
[    0.107630] clocksource: refined-jiffies: mask: 0xffffffff max_cycles: 0xffffffff, max_idle_ns: 7645519600211568 ns
[    0.109093] setup_percpu: NR_CPUS:8192 nr_cpumask_bits:2 nr_cpu_ids:2 nr_node_ids:1
[    0.113012] percpu: Embedded 58 pages/cpu s200704 r8192 d28672 u1048576
[    0.114209] kvm-guest: KVM setup async PF for cpu 0
[    0.114885] kvm-guest: stealtime: cpu 0, msr 7dc30080
[    0.115585] kvm-guest: PV spinlocks enabled
[    0.116169] PV qspinlock hash table entries: 256 (order: 0, 4096 bytes, linear)
[    0.117236] Built 1 zonelists, mobility grouping on.  Total pages: 515945
[    0.118207] Policy zone: DMA32
[    0.118637] Kernel command line: net.ifnames=0 console=ttyS0 root=/dev/sda earlyprintk=serial net.ifnames=0
[    0.123413] Dentry cache hash table entries: 262144 (order: 9, 2097152 bytes, linear)
[    0.125515] Inode-cache hash table entries: 131072 (order: 8, 1048576 bytes, linear)
[    0.126762] mem auto-init: stack:off, heap alloc:off, heap free:off
[    0.132279] Memory: 1988036K/2096632K available (30736K kernel code, 5159K rwdata, 7444K rodata, 2980K init, 22372K bss, 108340K reserved, 0K cma-reserved)
[    0.134292] random: get_random_u64 called from __kmem_cache_create+0x33/0x460 with crng_init=0
[    0.135053] SLUB: HWalign=64, Order=0-3, MinObjects=0, CPUs=2, Nodes=1
[    0.137147] kmemleak: Kernel memory leak detector disabled
[    0.138011] ftrace: allocating 62788 entries in 246 pages
[    0.235774] ftrace: allocated 246 pages with 6 groups
[    0.236999] Running RCU self tests
[    0.237485] rcu: Hierarchical RCU implementation.
[    0.238126] rcu: 	RCU lockdep checking is enabled.
[    0.238798] rcu: 	RCU restricting CPUs from NR_CPUS=8192 to nr_cpu_ids=2.
[    0.239750] 	Trampoline variant of Tasks RCU enabled.
[    0.240461] 	Rude variant of Tasks RCU enabled.
[    0.241098] 	Tracing variant of Tasks RCU enabled.
[    0.241775] rcu: RCU calculated value of scheduler-enlistment delay is 25 jiffies.
[    0.242851] rcu: Adjusting geometry for rcu_fanout_leaf=16, nr_cpu_ids=2
[    0.262662] NR_IRQS: 524544, nr_irqs: 440, preallocated irqs: 16
[    0.277527] Console: colour VGA+ 80x25
[    0.278218] printk: console [ttyS0] enabled
[    0.278218] printk: console [ttyS0] enabled
[    0.279433] printk: bootconsole [earlyser0] disabled
[    0.279433] printk: bootconsole [earlyser0] disabled
[    0.280856] Lock dependency validator: Copyright (c) 2006 Red Hat, Inc., Ingo Molnar
[    0.281997] ... MAX_LOCKDEP_SUBCLASSES:  8
[    0.282611] ... MAX_LOCK_DEPTH:          48
[    0.283245] ... MAX_LOCKDEP_KEYS:        8192
[    0.283908] ... CLASSHASH_SIZE:          4096
[    0.284569] ... MAX_LOCKDEP_ENTRIES:     32768
[    0.285238] ... MAX_LOCKDEP_CHAINS:      65536
[    0.285913] ... CHAINHASH_SIZE:          32768
[    0.286609]  memory used by lock dependency info: 6365 kB
[    0.287432]  memory used for stack traces: 4224 kB
[    0.288138]  per task-struct memory footprint: 1920 bytes
[    0.289004] ACPI: Core revision 20201113
[    0.289931] clocksource: hpet: mask: 0xffffffff max_cycles: 0xffffffff, max_idle_ns: 19112604467 ns
[    0.291441] APIC: Switch to symmetric I/O mode setup
[    0.292453] x2apic enabled
[    0.293156] Switched APIC routing to physical x2apic.
[    0.293878] kvm-guest: setup PV IPIs
[    0.295778] ..TIMER: vector=0x30 apic1=0 pin1=2 apic2=-1 pin2=-1
[    0.296653] clocksource: tsc-early: mask: 0xffffffffffffffff max_cycles: 0x1a03dfe73b3, max_idle_ns: 440795256845 ns
[    0.298204] Calibrating delay loop (skipped) preset value.. 3609.60 BogoMIPS (lpj=7219200)
[    0.302195] pid_max: default: 32768 minimum: 301
[    0.302998] LSM: Security Framework initializing
[    0.303687] Yama: becoming mindful.
[    0.304462] Mount-cache hash table entries: 4096 (order: 3, 32768 bytes, linear)
[    0.305572] Mountpoint-cache hash table entries: 4096 (order: 3, 32768 bytes, linear)
[    0.310329] x86/cpu: User Mode Instruction Prevention (UMIP) activated
[    0.312179] Last level iTLB entries: 4KB 0, 2MB 0, 4MB 0
[    0.313067] Last level dTLB entries: 4KB 0, 2MB 0, 4MB 0, 1GB 0
[    0.314300] Spectre V1 : Mitigation: usercopy/swapgs barriers and __user pointer sanitization
[    0.315539] Spectre V2 : Mitigation: Enhanced IBRS
[    0.316234] Spectre V2 : Spectre v2 / SpectreRSB mitigation: Filling RSB on context switch
[    0.317407] Spectre V2 : mitigation: Enabling conditional Indirect Branch Prediction Barrier
[    0.318193] Speculative Store Bypass: Mitigation: Speculative Store Bypass disabled via prctl and seccomp
[    0.320887] Freeing SMP alternatives memory: 52K
[    0.324951] smpboot: CPU0: Intel(R) Core(TM) i3-N305 (family: 0x6, model: 0xbe, stepping: 0x0)
[    0.326186] Performance Events: generic architected perfmon, full-width counters, Intel PMU driver.
[    0.326186] ... version:                2
[    0.326198] ... bit width:              48
[    0.326789] ... generic registers:      6
[    0.327372] ... value mask:             0000ffffffffffff
[    0.328124] ... max period:             00007fffffffffff
[    0.328870] ... fixed-purpose events:   3
[    0.329449] ... event mask:             000000070000003f
[    0.330837] rcu: Hierarchical SRCU implementation.
[    0.335758] smp: Bringing up secondary CPUs ...
[    0.337306] x86: Booting SMP configuration:
[    0.337948] .... node  #0, CPUs:      #1
[    0.034337] kvm-clock: cpu 1, msr 5401041, secondary cpu clock
[    0.339008] kvm-guest: KVM setup async PF for cpu 1
[    0.339828] kvm-guest: stealtime: cpu 1, msr 7dd30080
[    0.340646] smp: Brought up 1 node, 2 CPUs
[    0.342199] smpboot: Max logical packages: 1
[    0.342800] smpboot: Total of 2 processors activated (7219.20 BogoMIPS)
[    0.349128] devtmpfs: initialized
[    0.349128] x86/mm: Memory block size: 128MB
[    0.354263] clocksource: jiffies: mask: 0xffffffff max_cycles: 0xffffffff, max_idle_ns: 7645041785100000 ns
[    0.355566] futex hash table entries: 512 (order: 4, 65536 bytes, linear)
[    0.356949] pinctrl core: initialized pinctrl subsystem
[    0.358983] 
[    0.359220] *************************************************************
[    0.360134] **     NOTICE NOTICE NOTICE NOTICE NOTICE NOTICE NOTICE    **
[    0.361047] **                                                         **
[    0.361972] **  IOMMU DebugFS SUPPORT HAS BEEN ENABLED IN THIS KERNEL  **
[    0.362197] **                                                         **
[    0.363116] ** This means that this kernel is built to expose internal **
[    0.364036] ** IOMMU data structures, which may compromise security on **
[    0.364946] ** your system.                                            **
[    0.365830] **                                                         **
[    0.366196] ** If you see this message and you are not debugging the   **
[    0.367093] ** kernel, report this immediately to your vendor!         **
[    0.367984] **                                                         **
[    0.368847] **     NOTICE NOTICE NOTICE NOTICE NOTICE NOTICE NOTICE    **
[    0.369712] *************************************************************
[    0.370335] PM: RTC time: 18:09:02, date: 2023-03-28
[    0.372628] NET: Registered protocol family 16
[    0.374016] DMA: preallocated 256 KiB GFP_KERNEL pool for atomic allocations
[    0.374213] DMA: preallocated 256 KiB GFP_KERNEL|GFP_DMA pool for atomic allocations
[    0.375188] DMA: preallocated 256 KiB GFP_KERNEL|GFP_DMA32 pool for atomic allocations
[    0.376228] audit: initializing netlink subsys (disabled)
[    0.376997] audit: type=2000 audit(1680026942.944:1): state=initialized audit_enabled=0 res=1
[    0.376997] thermal_sys: Registered thermal governor 'fair_share'
[    0.376997] thermal_sys: Registered thermal governor 'bang_bang'
[    0.376997] thermal_sys: Registered thermal governor 'step_wise'
[    0.377143] thermal_sys: Registered thermal governor 'user_space'
[    0.378308] cpuidle: using governor ladder
[    0.379733] cpuidle: using governor menu
[    0.380715] ACPI: bus type PCI registered
[    0.381280] acpiphp: ACPI Hot Plug PCI Controller Driver version: 0.5
[    0.382712] PCI: Using configuration type 1 for base access
[    0.402349] HugeTLB registered 1.00 GiB page size, pre-allocated 0 pages
[    0.403185] HugeTLB registered 2.00 MiB page size, pre-allocated 0 pages
[    0.410858] ACPI: Added _OSI(Module Device)
[    0.411468] ACPI: Added _OSI(Processor Device)
[    0.412073] ACPI: Added _OSI(3.0 _SCP Extensions)
[    0.412703] ACPI: Added _OSI(Processor Aggregator Device)
[    0.414205] ACPI: Added _OSI(Linux-Dell-Video)
[    0.414806] ACPI: Added _OSI(Linux-Lenovo-NV-HDMI-Audio)
[    0.415530] ACPI: Added _OSI(Linux-HPI-Hybrid-Graphics)
[    0.423707] ACPI: 1 ACPI AML tables successfully acquired and loaded
[    0.429096] ACPI: Interpreter enabled
[    0.429748] ACPI: (supports S0 S3 S4 S5)
[    0.430200] ACPI: Using IOAPIC for interrupt routing
[    0.430952] PCI: Using host bridge windows from ACPI; if necessary, use "pci=nocrs" and report a bug
[    0.433140] ACPI: Enabled 2 GPEs in block 00 to 0F
[    0.457704] ACPI: PCI Root Bridge [PCI0] (domain 0000 [bus 00-ff])
[    0.458232] acpi PNP0A03:00: _OSC: OS supports [ASPM ClockPM Segments MSI EDR HPX-Type3]
[    0.459496] acpi PNP0A03:00: fail to add MMCONFIG information, can't access extended PCI configuration space under this bridge.
[    0.463962] acpiphp: Slot [3] registered
[    0.464632] acpiphp: Slot [4] registered
[    0.465283] acpiphp: Slot [5] registered
[    0.465926] acpiphp: Slot [6] registered
[    0.466320] acpiphp: Slot [7] registered
[    0.467012] acpiphp: Slot [8] registered
[    0.467665] acpiphp: Slot [9] registered
[    0.468312] acpiphp: Slot [10] registered
[    0.468977] acpiphp: Slot [11] registered
[    0.469655] acpiphp: Slot [12] registered
[    0.470303] acpiphp: Slot [13] registered
[    0.470985] acpiphp: Slot [14] registered
[    0.471649] acpiphp: Slot [15] registered
[    0.472304] acpiphp: Slot [16] registered
[    0.472991] acpiphp: Slot [17] registered
[    0.473654] acpiphp: Slot [18] registered
[    0.474296] acpiphp: Slot [19] registered
[    0.474981] acpiphp: Slot [20] registered
[    0.475654] acpiphp: Slot [21] registered
[    0.476356] acpiphp: Slot [22] registered
[    0.477089] acpiphp: Slot [23] registered
[    0.477743] acpiphp: Slot [24] registered
[    0.478297] acpiphp: Slot [25] registered
[    0.478968] acpiphp: Slot [26] registered
[    0.479651] acpiphp: Slot [27] registered
[    0.480323] acpiphp: Slot [28] registered
[    0.480980] acpiphp: Slot [29] registered
[    0.481639] acpiphp: Slot [30] registered
[    0.482338] acpiphp: Slot [31] registered
[    0.482967] PCI host bridge to bus 0000:00
[    0.483542] pci_bus 0000:00: root bus resource [io  0x0000-0x0cf7 window]
[    0.484476] pci_bus 0000:00: root bus resource [io  0x0d00-0xffff window]
[    0.485426] pci_bus 0000:00: root bus resource [mem 0x000a0000-0x000bffff window]
[    0.486202] pci_bus 0000:00: root bus resource [mem 0x80000000-0xfebfffff window]
[    0.487242] pci_bus 0000:00: root bus resource [mem 0x100000000-0x17fffffff window]
[    0.488292] pci_bus 0000:00: root bus resource [bus 00-ff]
[    0.489200] pci 0000:00:00.0: [8086:1237] type 00 class 0x060000
[    0.493122] pci 0000:00:01.0: [8086:7000] type 00 class 0x060100
[    0.495579] pci 0000:00:01.1: [8086:7010] type 00 class 0x010180
[    0.498421] pci 0000:00:01.1: reg 0x20: [io  0xc040-0xc04f]
[    0.499980] pci 0000:00:01.1: legacy IDE quirk: reg 0x10: [io  0x01f0-0x01f7]
[    0.500980] pci 0000:00:01.1: legacy IDE quirk: reg 0x14: [io  0x03f6]
[    0.501887] pci 0000:00:01.1: legacy IDE quirk: reg 0x18: [io  0x0170-0x0177]
[    0.506200] pci 0000:00:01.1: legacy IDE quirk: reg 0x1c: [io  0x0376]
[    0.507991] pci 0000:00:01.3: [8086:7113] type 00 class 0x068000
[    0.509390] pci 0000:00:01.3: quirk: [io  0x0600-0x063f] claimed by PIIX4 ACPI
[    0.510216] pci 0000:00:01.3: quirk: [io  0x0700-0x070f] claimed by PIIX4 SMB
[    0.512530] pci 0000:00:02.0: [1234:1111] type 00 class 0x030000
[    0.514707] pci 0000:00:02.0: reg 0x10: [mem 0xfd000000-0xfdffffff pref]
[    0.518312] pci 0000:00:02.0: reg 0x18: [mem 0xfebf0000-0xfebf0fff]
[    0.523895] pci 0000:00:02.0: reg 0x30: [mem 0xfebe0000-0xfebeffff pref]
[    0.528860] pci 0000:00:03.0: [8086:100e] type 00 class 0x020000
[    0.530202] pci 0000:00:03.0: reg 0x10: [mem 0xfebc0000-0xfebdffff]
[    0.531604] pci 0000:00:03.0: reg 0x14: [io  0xc000-0xc03f]
[    0.535676] pci 0000:00:03.0: reg 0x30: [mem 0xfeb80000-0xfebbffff pref]
[    0.554498] ACPI: PCI Interrupt Link [LNKA] (IRQs 5 *10 11)
[    0.555912] ACPI: PCI Interrupt Link [LNKB] (IRQs 5 *10 11)
[    0.557279] ACPI: PCI Interrupt Link [LNKC] (IRQs 5 10 *11)
[    0.558645] ACPI: PCI Interrupt Link [LNKD] (IRQs 5 10 *11)
[    0.559708] ACPI: PCI Interrupt Link [LNKS] (IRQs *9)
[    0.562410] iommu: Default domain type: Translated 
[    0.563122] pci 0000:00:02.0: vgaarb: setting as boot VGA device
[    0.563122] pci 0000:00:02.0: vgaarb: VGA device added: decodes=io+mem,owns=io+mem,locks=none
[    0.566219] pci 0000:00:02.0: vgaarb: bridge control possible
[    0.566964] vgaarb: loaded
[    0.569060] SCSI subsystem initialized
[    0.569707] ACPI: bus type USB registered
[    0.570330] usbcore: registered new interface driver usbfs
[    0.571156] usbcore: registered new interface driver hub
[    0.571933] usbcore: registered new device driver usb
[    0.572810] pps_core: LinuxPPS API ver. 1 registered
[    0.573497] pps_core: Software ver. 5.3.6 - Copyright 2005-2007 Rodolfo Giometti <giometti@linux.it>
[    0.574219] PTP clock support registered
[    0.574879] EDAC MC: Ver: 3.0.0
[    0.579100] NetLabel: Initializing
[    0.579593] NetLabel:  domain hash size = 128
[    0.580171] NetLabel:  protocols = UNLABELED CIPSOv4 CALIPSO
[    0.580998] NetLabel:  unlabeled traffic allowed by default
[    0.581829] PCI: Using ACPI for IRQ routing
[    0.582480] hpet0: at MMIO 0xfed00000, IRQs 2, 8, 0
[    0.583173] hpet0: 3 comparators, 64-bit 100.000000 MHz counter
[    0.587384] clocksource: Switched to clocksource kvm-clock
[    0.743377] VFS: Disk quotas dquot_6.6.0
[    0.744036] VFS: Dquot-cache hash table entries: 512 (order 0, 4096 bytes)
[    0.745497] pnp: PnP ACPI init
[    0.748683] pnp: PnP ACPI: found 6 devices
[    0.764259] clocksource: acpi_pm: mask: 0xffffff max_cycles: 0xffffff, max_idle_ns: 2085701024 ns
[    0.766019] NET: Registered protocol family 2
[    3.497419] tcp_listen_portaddr_hash hash table entries: 1024 (order: 4, 81920 bytes, linear)
[    3.498956] TCP established hash table entries: 16384 (order: 5, 131072 bytes, linear)
[    3.500462] TCP bind hash table entries: 16384 (order: 8, 1179648 bytes, linear)
[    3.504334] TCP: Hash tables configured (established 16384 bind 16384)
[    3.505607] UDP hash table entries: 1024 (order: 5, 163840 bytes, linear)
[    3.506866] UDP-Lite hash table entries: 1024 (order: 5, 163840 bytes, linear)
[    3.508329] NET: Registered protocol family 1
[    3.510268] RPC: Registered named UNIX socket transport module.
[    3.511145] RPC: Registered udp transport module.
[    3.511817] RPC: Registered tcp transport module.
[    3.512461] RPC: Registered tcp NFSv4.1 backchannel transport module.
[    3.513424] pci_bus 0000:00: resource 4 [io  0x0000-0x0cf7 window]
[    3.514351] pci_bus 0000:00: resource 5 [io  0x0d00-0xffff window]
[    3.515243] pci_bus 0000:00: resource 6 [mem 0x000a0000-0x000bffff window]
[    3.516236] pci_bus 0000:00: resource 7 [mem 0x80000000-0xfebfffff window]
[    3.517261] pci_bus 0000:00: resource 8 [mem 0x100000000-0x17fffffff window]
[    3.518750] pci 0000:00:01.0: PIIX3: Enabling Passive Release
[    3.519635] pci 0000:00:00.0: Limiting direct PCI/PCI transfers
[    3.520531] pci 0000:00:01.0: Activating ISA DMA hang workarounds
[    3.521564] pci 0000:00:02.0: Video device with shadowed ROM at [mem 0x000c0000-0x000dffff]
[    3.522878] PCI: CLS 0 bytes, default 64
[    3.524357] clocksource: tsc: mask: 0xffffffffffffffff max_cycles: 0x1a03dfe73b3, max_idle_ns: 440795256845 ns
[    3.527609] check: Scanning for low memory corruption every 60 seconds
[    3.533193] Initialise system trusted keyrings
[    3.534020] Key type blacklist registered
[    3.534977] workingset: timestamp_bits=36 max_order=19 bucket_order=0
[    3.548562] zbud: loaded
[    3.551784] squashfs: version 4.0 (2009/01/31) Phillip Lougher
[    3.554762] NFS: Registering the id_resolver key type
[    3.555543] Key type id_resolver registered
[    3.556144] Key type id_legacy registered
[    3.556900] nfs4filelayout_init: NFSv4 File Layout Driver Registering...
[    3.558225] fuse: init (API version 7.33)
[    3.559319] SGI XFS with ACLs, security attributes, realtime, quota, no debug enabled
[    3.562676] 9p: Installing v9fs 9p2000 file system support
[    3.573171] Key type asymmetric registered
[    3.573841] Asymmetric key parser 'x509' registered
[    3.574651] Block layer SCSI generic (bsg) driver version 0.4 loaded (major 244)
[    3.576007] io scheduler mq-deadline registered
[    3.576917] io scheduler bfq registered
[    3.578311] shpchp: Standard Hot Plug PCI Controller Driver version: 0.4
[    3.579885] IPMI message handler: version 39.2
[    3.580614] ipmi device interface
[    3.583245] input: Power Button as /devices/LNXSYSTM:00/LNXPWRBN:00/input/input0
[    3.584793] ACPI: Power Button [PWRF]
[    3.586963] ERST DBG: ERST support is disabled.
[    3.588486] Serial: 8250/16550 driver, 32 ports, IRQ sharing enabled
[    3.590303] 00:04: ttyS0 at I/O 0x3f8 (irq = 4, base_baud = 115200) is a 16550A
[    3.604753] Linux agpgart interface v0.103
[    3.624012] brd: module loaded
[    3.640402] loop: module loaded
[    3.647802] scsi host0: ata_piix
[    3.649419] scsi host1: ata_piix
[    3.650146] ata1: PATA max MWDMA2 cmd 0x1f0 ctl 0x3f6 bmdma 0xc040 irq 14
[    3.651170] ata2: PATA max MWDMA2 cmd 0x170 ctl 0x376 bmdma 0xc048 irq 15
[    3.653833] libphy: Fixed MDIO Bus: probed
[    3.654905] tun: Universal TUN/TAP device driver, 1.6
[    3.655991] e100: Intel(R) PRO/100 Network Driver
[    3.656702] e100: Copyright(c) 1999-2006 Intel Corporation
[    3.657582] e1000: Intel(R) PRO/1000 Network Driver
[    3.658346] e1000: Copyright (c) 1999-2006 Intel Corporation.
[    3.811311] ata1.00: ATA-7: QEMU HARDDISK, 2.5+, max UDMA/100
[    3.812142] ata1.00: 16777216 sectors, multi 16: LBA48 
[    3.814468] scsi 0:0:0:0: Direct-Access     ATA      QEMU HARDDISK    2.5+ PQ: 0 ANSI: 5
[    3.816862] scsi 0:0:0:0: Attached scsi generic sg0 type 0
[    3.818892] ata2.00: ATAPI: QEMU DVD-ROM, 2.5+, max UDMA/100
[    3.820785] sd 0:0:0:0: [sda] 16777216 512-byte logical blocks: (8.59 GB/8.00 GiB)
[    3.822478] sd 0:0:0:0: [sda] Write Protect is off
[    3.823353] sd 0:0:0:0: [sda] Write cache: enabled, read cache: enabled, doesn't support DPO or FUA
[    3.824219] scsi 1:0:0:0: CD-ROM            QEMU     QEMU DVD-ROM     2.5+ PQ: 0 ANSI: 5
[    3.827733] scsi 1:0:0:0: Attached scsi generic sg1 type 5
[    3.831866] sd 0:0:0:0: [sda] Attached SCSI disk
[    3.917964] PCI Interrupt Link [LNKC] enabled at IRQ 11
[    4.267734] e1000 0000:00:03.0 eth0: (PCI:33MHz:32-bit) 52:54:00:12:34:56
[    4.268690] e1000 0000:00:03.0 eth0: Intel(R) PRO/1000 Network Connection
[    4.269741] e1000e: Intel(R) PRO/1000 Network Driver
[    4.270444] e1000e: Copyright(c) 1999 - 2015 Intel Corporation.
[    4.271364] igb: Intel(R) Gigabit Ethernet Network Driver
[    4.272090] igb: Copyright (c) 2007-2014 Intel Corporation.
[    4.272993] PPP generic driver version 2.4.2
[    4.274308] VFIO - User Level meta-driver version: 0.3
[    4.275114] ehci_hcd: USB 2.0 'Enhanced' Host Controller (EHCI) Driver
[    4.276002] ehci-pci: EHCI PCI platform driver
[    4.276637] ehci-platform: EHCI generic platform driver
[    4.277370] ohci_hcd: USB 1.1 'Open' Host Controller (OHCI) Driver
[    4.278252] ohci-pci: OHCI PCI platform driver
[    4.278921] ohci-platform: OHCI generic platform driver
[    4.279707] uhci_hcd: USB Universal Host Controller Interface driver
[    4.281101] usbcore: registered new interface driver uas
[    4.281920] usbcore: registered new interface driver usb-storage
[    4.282983] i8042: PNP: PS/2 Controller [PNP0303:KBD,PNP0f13:MOU] at 0x60,0x64 irq 1,12
[    4.285281] serio: i8042 KBD port at 0x60,0x64 irq 1
[    4.286041] serio: i8042 AUX port at 0x60,0x64 irq 12
[    4.287897] mousedev: PS/2 mouse device common for all mice
[    4.289943] input: AT Translated Set 2 keyboard as /devices/platform/i8042/serio0/input/input1
[    4.290729] rtc_cmos 00:05: RTC can wake from S4
[    4.293657] input: VirtualPS/2 VMware VMMouse as /devices/platform/i8042/serio1/input/input4
[    4.294060] rtc_cmos 00:05: registered as rtc0
[    4.295901] rtc_cmos 00:05: setting system clock to 2023-03-28T18:09:06 UTC (1680026946)
[    4.297378] rtc_cmos 00:05: alarms up to one day, y3k, 242 bytes nvram, hpet irqs
[    4.297446] input: VirtualPS/2 VMware VMMouse as /devices/platform/i8042/serio1/input/input3
[    4.298517] i2c /dev entries driver
[    4.300518] device-mapper: uevent: version 1.0.3
[    4.301576] device-mapper: ioctl: 4.43.0-ioctl (2020-10-01) initialised: dm-devel@redhat.com
[    4.302766] intel_pstate: CPU model not supported
[    4.303594] sdhci: Secure Digital Host Controller Interface driver
[    4.304434] sdhci: Copyright(c) Pierre Ossman
[    4.305163] sdhci-pltfm: SDHCI platform and OF driver helper
[    4.306079] ledtrig-cpu: registered to indicate activity on CPUs
[    4.307089] drop_monitor: Initializing network drop monitor service
[    4.308920] NET: Registered protocol family 10
[    4.315174] Segment Routing with IPv6
[    4.315765] NET: Registered protocol family 17
[    4.316812] 9pnet: Installing 9P2000 support
[    4.317520] Key type dns_resolver registered
[    4.319319] IPI shorthand broadcast: enabled
[    4.319995] sched_clock: Marking stable (4288685500, 30337845)->(4330021186, -10997841)
[    4.321546] registered taskstats version 1
[    4.322320] Loading compiled-in X.509 certificates
[    4.323289] zswap: loaded using pool lzo/zbud
[    4.324919] Key type ._fscrypt registered
[    4.325495] Key type .fscrypt registered
[    4.326035] Key type fscrypt-provisioning registered
[    4.328192] Key type encrypted registered
[    4.328863] ima: No TPM chip found, activating TPM-bypass!
[    4.329641] ima: Allocated hash algorithm: sha1
[    4.330417] ima: No architecture policies found
[    4.331193] evm: Initialising EVM extended attributes:
[    4.331894] evm: security.selinux
[    4.332345] evm: security.SMACK64
[    4.332792] evm: security.SMACK64EXEC
[    4.333284] evm: security.SMACK64TRANSMUTE
[    4.333832] evm: security.SMACK64MMAP
[    4.334374] evm: security.apparmor
[    4.334838] evm: security.ima
[    4.335250] evm: security.capability
[    4.335715] evm: HMAC attrs: 0x1
[    4.339589] PM:   Magic number: 15:611:191
[    4.340241] acpi device:1d: hash matches
[    4.341370] RAS: Correctable Errors collector initialized.
[    4.343589] md: Waiting for all devices to be available before autodetect
[    4.344495] md: If you don't use raid, use raid=noautodetect
[    4.345257] md: Autodetecting RAID arrays.
[    4.345835] md: autorun ...
[    4.346257] md: ... autorun DONE.
[    4.353134] EXT4-fs (sda): INFO: recovery required on readonly filesystem
[    4.354121] EXT4-fs (sda): write access will be enabled during recovery
[    4.404214] EXT4-fs (sda): recovery complete
[    4.406818] EXT4-fs (sda): mounted filesystem with ordered data mode. Opts: (null). Quota mode: none.
[    4.408191] VFS: Mounted root (ext4 filesystem) readonly on device 8:0.
[    4.409967] devtmpfs: mounted
[    4.417358] Freeing unused decrypted memory: 2036K
[    4.420466] Freeing unused kernel image (initmem) memory: 2980K
[    4.421392] Write protecting the kernel read-only data: 40960k
[    4.426392] Freeing unused kernel image (text/rodata gap) memory: 2028K
[    4.428294] Freeing unused kernel image (rodata/data gap) memory: 748K
[    4.547017] x86/mm: Checked W+X mappings: passed, no W+X pages found.
[    4.547966] Run /sbin/init as init process
[    4.588760] random: fast init done
[    4.696714] systemd[1]: RTC configured in localtime, applying delta of 0 minutes to system time.
[    4.738178] systemd[1]: systemd 239 (239-49.el8) running in system mode. (+PAM +AUDIT +SELINUX +IMA -APPARMOR +SMACK +SYSVINIT +UTMP +LIBCRYPTSETUP +GCRYPT +GNUTLS +ACL +XZ +LZ4 +SECCOMP +BLKID +ELFUTILS +KMOD +IDN2 -IDN +PCRE2 default-hierarchy=legacy)
[    4.741754] systemd[1]: Detected virtualization kvm.
[    4.742541] systemd[1]: Detected architecture x86-64.

Welcome to [0;31mCentOS Stream 8[0m!

[    4.767400] systemd[1]: Set hostname to <test>.
[    5.000768] random: lvmconfig: uninitialized urandom read (4 bytes read)
[    5.153663] random: systemd: uninitialized urandom read (16 bytes read)
[    5.155356] systemd[1]: Listening on Journal Socket.
[[0;32m  OK  [0m] Listening on Journal Socket.
[    5.159968] random: systemd: uninitialized urandom read (16 bytes read)
[    5.169323] systemd[1]: Starting Load Kernel Modules...
         Starting Load Kernel Modules...
[    5.175337] systemd[1]: Starting Remount Root and Kernel File Systems...
         Starting Remount Root and Kernel File Systems...
[    5.181674] systemd[1]: Mounting POSIX Message Queue File System...
         Mounting POSIX Message Queue File System...
[    5.188370] systemd[1]: Created slice system-getty.slice.
[[0;32m  OK  [0m] Created slice system-getty.slice.
[    5.195979] systemd[1]: Created slice User and Session Slice.
[[0;32m  OK  [0m] Created slice User and Session Slice.
         Starting Setup Virtual Console...
[[0;32m  OK  [0m] Listening on multipathd control socket.
[[0;32m  OK  [0m] Created slice system-serial\x2dgetty.slice.
[[0;32m  OK  [0m] Listening on Device-mapper event daemon FIFOs.
[[0;32m  OK  [0m] Reached target Slices.
[[0;32m  OK  [0m] Listening on udev Kernel Socket.
[[0;32m  OK  [0m] Listening on Journal Socket (/dev/log).
[[0;32m  OK  [0m] Listening on RPCbind Server Activation Socket.
[[0;32m  OK  [0m] Reached target RPC Port Mapper.
         Starting Monitoring of LVM2 mirrorsâ€¦ng dmeventd or progress polling...
         Mounting Kernel Debug File System...
[[0;32m  OK  [0m] Listening on Process Core Dump Socket.
[[0;32m  OK  [0m] Started Forward Password Requests to Wall Directory Watch.
[[0;32m  OK  [0m] Listening on udev Control Socket.
         Starting udev Coldplug all Devices...
         Starting Journal Service...
[[0;32m  OK  [0m] Listening on LVM2 poll daemon socket.
[[0;32m  OK  [0m] Created slice system-sshd\x2dkeygen.slice.
[[0;32m  OK  [0m] Listening on initctl Compatibility Named Pipe.
[[0;32m  OK  [0m] Set up automount Arbitrary Executabâ€¦rmats File System Automount Point.
[[0;32m  OK  [0m] Reached target Swap.
         Mounting Huge Pages File System...
[    5.498364] EXT4-fs (sda): re-mounted. Opts: (null). Quota mode: none.
[[0;1;31mFAILED[0m] Failed to start Load Kernel Modules.
See 'systemctl status systemd-modules-load.service' for details.
[[0;32m  OK  [0m] Started Remount Root and Kernel File Systems.
[[0;32m  OK  [0m] Mounted POSIX Message Queue File System.
[[0;32m  OK  [0m] Started Setup Virtual Console.
[[0;32m  OK  [0m] Started Monitoring of LVM2 mirrors,â€¦sing dmeventd or progress polling.
[[0;32m  OK  [0m] Mounted Kernel Debug File System.
[[0;32m  OK  [0m] Started Journal Service.
[[0;32m  OK  [0m] Mounted Huge Pages File System.
         Starting Load/Save Random Seed...
         Starting Create Static Device Nodes in /dev...
         Starting Flush Journal to Persistent Storage...
         Starting Apply Kernel Variables...
         Mounting FUSE Control File System...
         Mounting Kernel Configuration File System...
[[0;32m  OK  [0m] Started Load/Save Random Seed.
[[0;32m  OK  [0m] Started Create Static Device Nodes in /dev.
[[0;32m  OK  [0m] Started Apply Kernel Variables.
[[0;32m  OK  [0m] Mounted FUSE Control File System.
[[0;32m  OK  [0m] Mounted Kernel Configuration File System.
         Starting udev Kernel Device Manager...
[[0;32m  OK  [0m] Started Flush Journal to Persistent Storage.
[[0;32m  OK  [0m] Started udev Coldplug all Devices.
         Starting udev Wait for Complete Device Initialization...
[[0;32m  OK  [0m] Started udev Kernel Device Manager.
         Starting Show Plymouth Boot Screen...
[[0;32m  OK  [0m] Started Show Plymouth Boot Screen.
[[0;32m  OK  [0m] Reached target Local Encrypted Volumes.
[[0;32m  OK  [0m] Reached target Paths.
[[0;32m  OK  [0m] Started Forward Password Requests to Plymouth Directory Watch.
[[0;32m  OK  [0m] Found device /dev/ttyS0.
[[0;32m  OK  [0m] Started udev Wait for Complete Device Initialization.
[[0;32m  OK  [0m] Listening on Load/Save RF Kill Switch Status /dev/rfkill Watch.
[[0;32m  OK  [0m] Reached target Local File Systems (Pre).
[[0;32m  OK  [0m] Reached target Local File Systems.
         Starting Restore /run/initramfs on shutdown...
         Starting Create Volatile Files and Directories...
         Starting Tell Plymouth To Write Out Runtime Data...
[[0;32m  OK  [0m] Started Restore /run/initramfs on shutdown.
[[0;32m  OK  [0m] Started Tell Plymouth To Write Out Runtime Data.
[[0;32m  OK  [0m] Started Create Volatile Files and Directories.
         Starting RPC Bind...
         Starting Security Auditing Service...
         Mounting RPC Pipe File System...
[[0;32m  OK  [0m] Mounted RPC Pipe File System.
[[0;32m  OK  [0m] Reached target rpc_pipefs.target.
[[0;32m  OK  [0m] Started RPC Bind.
[[0;32m  OK  [0m] Started Security Auditing Service.
         Starting Update UTMP about System Boot/Shutdown...
[[0;32m  OK  [0m] Started Update UTMP about System Boot/Shutdown.
[[0;32m  OK  [0m] Reached target System Initialization.
[[0;32m  OK  [0m] Started daily update of the root trust anchor for DNSSEC.
[[0;32m  OK  [0m] Started dnf makecache --timer.
[[0;32m  OK  [0m] Started Daily Cleanup of Temporary Directories.
[[0;32m  OK  [0m] Reached target Timers.
[[0;32m  OK  [0m] Listening on D-Bus System Message Bus Socket.
[[0;32m  OK  [0m] Listening on SSSD Kerberos Cache Manager responder socket.
[[0;32m  OK  [0m] Reached target Sockets.
[[0;32m  OK  [0m] Reached target Basic System.
         Starting NTP client/server...
         Starting Auto-connect to subsystemsâ€¦-NVME devices found during boot...
         Starting Login Service...
[[0;32m  OK  [0m] Started D-Bus System Message Bus.
[[0;32m  OK  [0m] Started irqbalance daemon.
         Starting Self Monitoring and Reporting Technology (SMART) Daemon...
[    8.032752] random: crng init done
[    8.033286] random: 7 urandom warning(s) missed due to ratelimiting
[[0;32m  OK  [0m] Started Machine Check Exception Logging Daemon.
         Starting Authorization Manager...
         Starting Network Manager...
[[0;32m  OK  [0m] Reached target sshd-keygen.target.
[[0;32m  OK  [0m] Started Auto-connect to subsystems â€¦FC-NVME devices found during boot.
         Starting update of the root trust aâ€¦or DNSSEC validation in unbound...
[[0;32m  OK  [0m] Started Login Service.
[[0;32m  OK  [0m] Started Self Monitoring and Reporting Technology (SMART) Daemon.
[[0;32m  OK  [0m] Started NTP client/server.
[[0;32m  OK  [0m] Started update of the root trust anâ€¦ for DNSSEC validation in unbound.
[[0;32m  OK  [0m] Started Network Manager.
         Starting Network Manager Wait Online...
[[0;32m  OK  [0m] Reached target Network.
         Starting GSSAPI Proxy Daemon...
         Starting OpenSSH server daemon...
         Starting Dynamic System Tuning Daemon...
         Starting Hostname Service...
[[0;32m  OK  [0m] Started GSSAPI Proxy Daemon.
[[0;32m  OK  [0m] Reached target NFS client services.
[[0;32m  OK  [0m] Reached target Remote File Systems (Pre).
[[0;32m  OK  [0m] Reached target Remote File Systems.
         Starting Permit User Sessions...
[[0;32m  OK  [0m] Started OpenSSH server daemon.
[[0;32m  OK  [0m] Started Authorization Manager.
[[0;32m  OK  [0m] Started Permit User Sessions.
[[0;32m  OK  [0m] Started Command Scheduler.
         Starting Terminate Plymouth Boot Screen...
         Starting Hold until boot process finishes up...
[    9.090715] e1000: eth0 NIC Link is Up 1000 Mbps Full Duplex, Flow Control: RX
[    9.093059] IPv6: ADDRCONF(NETDEV_CHANGE): eth0: link becomes ready

CentOS Stream 8
Kernel 5.11.0-f40ddce88593 on an x86_64

test login: 