c[?7l[2J[0mSeaBIOS (version rel-1.14.0-0-g155821a1990b-prebuilt.qemu.org)


iPXE (http://ipxe.org) 00:03.0 CA00 PCI2.10 PnP PMM+7FF8F030+7FEEF030 CA00
Press Ctrl-B to configure iPXE (PCI 00:03.0)...                                                                               


Booting from ROM..c[?7l[2J[    0.000000] Linux version 5.15.0-38e719ab2673+ (root@p-mtlp02) (gcc (GCC) 8.5.0 20210514 (Red Hat 8.5.0-18), GNU ld version 2.36.1-2.el8) #1 SMP Tue Feb 7 04:31:50 CST 2023
[    0.000000] Command line: console=ttyS0 root=/dev/sda earlyprintk=serial net.ifnames=0
[    0.000000] KERNEL supported cpus:
[    0.000000]   Intel GenuineIntel
[    0.000000]   AMD AuthenticAMD
[    0.000000]   Hygon HygonGenuine
[    0.000000]   Centaur CentaurHauls
[    0.000000]   zhaoxin   Shanghai  
[    0.000000] x86/split lock detection: #DB: warning on user-space bus_locks
[    0.000000] x86/fpu: Supporting XSAVE feature 0x001: 'x87 floating point registers'
[    0.000000] x86/fpu: Supporting XSAVE feature 0x002: 'SSE registers'
[    0.000000] x86/fpu: Supporting XSAVE feature 0x004: 'AVX registers'
[    0.000000] x86/fpu: Supporting XSAVE feature 0x200: 'Protection Keys User registers'
[    0.000000] x86/fpu: xstate_offset[2]:  576, xstate_sizes[2]:  256
[    0.000000] x86/fpu: xstate_offset[9]:  832, xstate_sizes[9]:    8
[    0.000000] x86/fpu: Enabled xstate features 0x207, context size is 840 bytes, using 'compacted' format.
[    0.000000] signal: max sigframe size: 3632
[    0.000000] BIOS-provided physical RAM map:
[    0.000000] BIOS-e820: [mem 0x0000000000000000-0x000000000009fbff] usable
[    0.000000] BIOS-e820: [mem 0x000000000009fc00-0x000000000009ffff] reserved
[    0.000000] BIOS-e820: [mem 0x00000000000f0000-0x00000000000fffff] reserved
[    0.000000] BIOS-e820: [mem 0x0000000000100000-0x000000007ffdffff] usable
[    0.000000] BIOS-e820: [mem 0x000000007ffe0000-0x000000007fffffff] reserved
[    0.000000] BIOS-e820: [mem 0x00000000feffc000-0x00000000feffffff] reserved
[    0.000000] BIOS-e820: [mem 0x00000000fffc0000-0x00000000ffffffff] reserved
[    0.000000] printk: bootconsole [earlyser0] enabled
[    0.000000] NX (Execute Disable) protection: active
[    0.000000] SMBIOS 2.8 present.
[    0.000000] DMI: QEMU Standard PC (i440FX + PIIX, 1996), BIOS rel-1.14.0-0-g155821a1990b-prebuilt.qemu.org 04/01/2014
[    0.000000] Hypervisor detected: KVM
[    0.000000] kvm-clock: Using msrs 4b564d01 and 4b564d00
[    0.000000] kvm-clock: cpu 0, msr 8801001, primary cpu clock
[    0.000005] kvm-clock: using sched offset of 569917905 cycles
[    0.000426] clocksource: kvm-clock: mask: 0xffffffffffffffff max_cycles: 0x1cd42e4dffb, max_idle_ns: 881590591483 ns
[    0.001674] tsc: Detected 1190.400 MHz processor
[    0.006887] last_pfn = 0x7ffe0 max_arch_pfn = 0x400000000
[    0.007354] x86/PAT: Configuration [0-7]: WB  WC  UC- UC  WB  WP  UC- WT  
[    0.016653] found SMP MP-table at [mem 0x000f5a90-0x000f5a9f]
[    0.017263] Using GB pages for direct mapping
[    0.018842] ACPI: Early table checksum verification disabled
[    0.019302] ACPI: RSDP 0x00000000000F5870 000014 (v00 BOCHS )
[    0.019746] ACPI: RSDT 0x000000007FFE1959 000034 (v01 BOCHS  BXPC     00000001 BXPC 00000001)
[    0.020394] ACPI: FACP 0x000000007FFE1805 000074 (v01 BOCHS  BXPC     00000001 BXPC 00000001)
[    0.021040] ACPI: DSDT 0x000000007FFE0040 0017C5 (v01 BOCHS  BXPC     00000001 BXPC 00000001)
[    0.021685] ACPI: FACS 0x000000007FFE0000 000040
[    0.022039] ACPI: APIC 0x000000007FFE1879 000080 (v01 BOCHS  BXPC     00000001 BXPC 00000001)
[    0.022699] ACPI: HPET 0x000000007FFE18F9 000038 (v01 BOCHS  BXPC     00000001 BXPC 00000001)
[    0.023365] ACPI: WAET 0x000000007FFE1931 000028 (v01 BOCHS  BXPC     00000001 BXPC 00000001)
[    0.024009] ACPI: Reserving FACP table memory at [mem 0x7ffe1805-0x7ffe1878]
[    0.024532] ACPI: Reserving DSDT table memory at [mem 0x7ffe0040-0x7ffe1804]
[    0.025057] ACPI: Reserving FACS table memory at [mem 0x7ffe0000-0x7ffe003f]
[    0.025581] ACPI: Reserving APIC table memory at [mem 0x7ffe1879-0x7ffe18f8]
[    0.026100] ACPI: Reserving HPET table memory at [mem 0x7ffe18f9-0x7ffe1930]
[    0.026624] ACPI: Reserving WAET table memory at [mem 0x7ffe1931-0x7ffe1958]
[    0.027921] No NUMA configuration found
[    0.028210] Faking a node at [mem 0x0000000000000000-0x000000007ffdffff]
[    0.028767] NODE_DATA(0) allocated [mem 0x7ffb5000-0x7ffdffff]
[    0.078775] Zone ranges:
[    0.079014]   DMA      [mem 0x0000000000001000-0x0000000000ffffff]
[    0.079461]   DMA32    [mem 0x0000000001000000-0x000000007ffdffff]
[    0.079930]   Normal   empty
[    0.080176]   Device   empty
[    0.080406] Movable zone start for each node
[    0.080723] Early memory node ranges
[    0.080991]   node   0: [mem 0x0000000000001000-0x000000000009efff]
[    0.081465]   node   0: [mem 0x0000000000100000-0x000000007ffdffff]
[    0.081942] Initmem setup node 0 [mem 0x0000000000001000-0x000000007ffdffff]
[    0.082484] On node 0, zone DMA: 1 pages in unavailable ranges
[    0.082578] On node 0, zone DMA: 97 pages in unavailable ranges
[    0.092917] On node 0, zone DMA32: 32 pages in unavailable ranges
[    0.626459] kasan: KernelAddressSanitizer initialized
[    0.627910] ACPI: PM-Timer IO Port: 0x608
[    0.628399] ACPI: LAPIC_NMI (acpi_id[0xff] dfl dfl lint[0x1])
[    0.629003] IOAPIC[0]: apic_id 0, version 17, address 0xfec00000, GSI 0-23
[    0.629623] ACPI: INT_SRC_OVR (bus 0 bus_irq 0 global_irq 2 dfl dfl)
[    0.630185] ACPI: INT_SRC_OVR (bus 0 bus_irq 5 global_irq 5 high level)
[    0.630767] ACPI: INT_SRC_OVR (bus 0 bus_irq 9 global_irq 9 high level)
[    0.631358] ACPI: INT_SRC_OVR (bus 0 bus_irq 10 global_irq 10 high level)
[    0.631946] ACPI: INT_SRC_OVR (bus 0 bus_irq 11 global_irq 11 high level)
[    0.632552] ACPI: Using ACPI (MADT) for SMP configuration information
[    0.633116] ACPI: HPET id: 0x8086a201 base: 0xfed00000
[    0.633599] TSC deadline timer available
[    0.633969] smpboot: Allowing 2 CPUs, 0 hotplug CPUs
[    0.634536] kvm-guest: KVM setup pv remote TLB flush
[    0.635036] kvm-guest: setup PV sched yield
[    0.635536] PM: hibernation: Registered nosave memory: [mem 0x00000000-0x00000fff]
[    0.636199] PM: hibernation: Registered nosave memory: [mem 0x0009f000-0x0009ffff]
[    0.636855] PM: hibernation: Registered nosave memory: [mem 0x000a0000-0x000effff]
[    0.637503] PM: hibernation: Registered nosave memory: [mem 0x000f0000-0x000fffff]
[    0.638166] [mem 0x80000000-0xfeffbfff] available for PCI devices
[    0.638758] Booting paravirtualized kernel on KVM
[    0.639209] clocksource: refined-jiffies: mask: 0xffffffff max_cycles: 0xffffffff, max_idle_ns: 7645519600211568 ns
[    0.640144] setup_percpu: NR_CPUS:8192 nr_cpumask_bits:2 nr_cpu_ids:2 nr_node_ids:1
[    0.642869] percpu: Embedded 63 pages/cpu s221184 r8192 d28672 u1048576
[    0.643738] kvm-guest: setup async PF for cpu 0
[    0.644137] kvm-guest: stealtime: cpu 0, msr 5e235080
[    0.644587] kvm-guest: PV spinlocks enabled
[    0.644965] PV qspinlock hash table entries: 256 (order: 0, 4096 bytes, linear)
[    0.645662] Fallback order for Node 0: 0 
[    0.646039] Built 1 zonelists, mobility grouping on.  Total pages: 515808
[    0.646638] Policy zone: DMA32
[    0.646912] Kernel command line: net.ifnames=0 console=ttyS0 root=/dev/sda earlyprintk=serial net.ifnames=0
[    0.650258] Dentry cache hash table entries: 262144 (order: 9, 2097152 bytes, linear)
[    0.652122] Inode-cache hash table entries: 131072 (order: 8, 1048576 bytes, linear)
[    0.652968] mem auto-init: stack:off, heap alloc:off, heap free:off
[    0.699054] Memory: 1406520K/2096632K available (65554K kernel code, 14116K rwdata, 13536K rodata, 3996K init, 24656K bss, 689856K reserved, 0K cma-reserved)
[    0.700151] random: get_random_u64 called from __kmem_cache_create+0x2d/0x4f0 with crng_init=0
[    0.701111] SLUB: HWalign=64, Order=0-3, MinObjects=0, CPUs=2, Nodes=1
[    0.702184] kmemleak: Kernel memory leak detector disabled
[    0.702727] ftrace: allocating 64992 entries in 254 pages
[    0.800110] ftrace: allocated 254 pages with 7 groups
[    0.801789] Running RCU self tests
[    0.802199] rcu: Hierarchical RCU implementation.
[    0.802716] rcu: 	RCU lockdep checking is enabled.
[    0.803239] rcu: 	RCU restricting CPUs from NR_CPUS=8192 to nr_cpu_ids=2.
[    0.803964] 	Trampoline variant of Tasks RCU enabled.
[    0.804397] 	Rude variant of Tasks RCU enabled.
[    0.804782] 	Tracing variant of Tasks RCU enabled.
[    0.805182] rcu: RCU calculated value of scheduler-enlistment delay is 25 jiffies.
[    0.805820] rcu: Adjusting geometry for rcu_fanout_leaf=16, nr_cpu_ids=2
[    0.837496] NR_IRQS: 524544, nr_irqs: 440, preallocated irqs: 16
[    0.846118] Console: colour VGA+ 80x25
[    0.846507] printk: console [ttyS0] enabled
[    0.846507] printk: console [ttyS0] enabled
[    0.847241] printk: bootconsole [earlyser0] disabled
[    0.847241] printk: bootconsole [earlyser0] disabled
[    0.848049] Lock dependency validator: Copyright (c) 2006 Red Hat, Inc., Ingo Molnar
[    0.848693] ... MAX_LOCKDEP_SUBCLASSES:  8
[    0.849040] ... MAX_LOCK_DEPTH:          48
[    0.849393] ... MAX_LOCKDEP_KEYS:        8192
[    0.849762] ... CLASSHASH_SIZE:          4096
[    0.850134] ... MAX_LOCKDEP_ENTRIES:     32768
[    0.850511] ... MAX_LOCKDEP_CHAINS:      65536
[    0.850896] ... CHAINHASH_SIZE:          32768
[    0.851277]  memory used by lock dependency info: 6365 kB
[    0.851680]  memory used for stack traces: 4224 kB
[    0.852028]  per task-struct memory footprint: 1920 bytes
[    0.852499] ACPI: Core revision 20210730
[    0.853145] clocksource: hpet: mask: 0xffffffff max_cycles: 0xffffffff, max_idle_ns: 19112604467 ns
[    0.853954] APIC: Switch to symmetric I/O mode setup
[    0.854576] x2apic enabled
[    0.855013] Switched APIC routing to physical x2apic.
[    0.855443] kvm-guest: setup PV IPIs
[    0.856775] ..TIMER: vector=0x30 apic1=0 pin1=2 apic2=-1 pin2=-1
[    0.857301] clocksource: tsc-early: mask: 0xffffffffffffffff max_cycles: 0x1128af0325d, max_idle_ns: 440795261011 ns
[    0.858255] Calibrating delay loop (skipped) preset value.. 2380.80 BogoMIPS (lpj=4761600)
[    0.858971] pid_max: default: 32768 minimum: 301
[    0.859579] LSM: Security Framework initializing
[    0.860001] Yama: becoming mindful.
[    0.860516] Mount-cache hash table entries: 4096 (order: 3, 32768 bytes, linear)
[    0.861162] Mountpoint-cache hash table entries: 4096 (order: 3, 32768 bytes, linear)
[    0.864021] CPU0: Thermal monitoring enabled (TM1)
[    0.870312] x86/cpu: User Mode Instruction Prevention (UMIP) activated
[    0.872272] Last level iTLB entries: 4KB 0, 2MB 0, 4MB 0
[    0.872828] Last level dTLB entries: 4KB 0, 2MB 0, 4MB 0, 1GB 0
[    0.873440] Spectre V1 : Mitigation: usercopy/swapgs barriers and __user pointer sanitization
[    0.874288] Spectre V2 : Mitigation: Enhanced IBRS
[    0.874704] Spectre V2 : Spectre v2 / SpectreRSB mitigation: Filling RSB on context switch
[    0.875417] Spectre V2 : mitigation: Enabling conditional Indirect Branch Prediction Barrier
[    0.876133] Speculative Store Bypass: Mitigation: Speculative Store Bypass disabled via prctl and seccomp
[    0.921896] Freeing SMP alternatives memory: 52K
[    0.923145] smpboot: CPU0: Genuine Intel(R) 0000 (family: 0x6, model: 0xaa, stepping: 0x1)
[    0.924938] Running RCU-tasks wait API self tests
[    1.026526] Performance Events: generic architected perfmon, full-width counters, Intel PMU driver.
[    1.027309] ... version:                2
[    1.027608] ... bit width:              48
[    1.027951] ... generic registers:      8
[    1.028248] ... value mask:             0000ffffffffffff
[    1.028636] ... max period:             00007fffffffffff
[    1.029028] ... fixed-purpose events:   3
[    1.029330] ... event mask:             00000007000000ff
[    1.030262] rcu: Hierarchical SRCU implementation.
[    1.034291] Callback from call_rcu_tasks_trace() invoked.
[    1.035570] smp: Bringing up secondary CPUs ...
[    1.036683] x86: Booting SMP configuration:
[    1.037005] .... node  #0, CPUs:      #1
[    0.015819] kvm-clock: cpu 1, msr 8801041, secondary cpu clock
[    0.015819] smpboot: CPU 1 Converting physical 0 to logical die 1
[    1.042349] kvm-guest: setup async PF for cpu 1
[    1.042741] kvm-guest: stealtime: cpu 1, msr 5e335080
[    1.043269] smp: Brought up 1 node, 2 CPUs
[    1.043269] smpboot: Max logical packages: 2
[    1.043269] smpboot: Total of 2 processors activated (4761.60 BogoMIPS)
[    1.048958] devtmpfs: initialized
[    1.050781] x86/mm: Memory block size: 128MB
[    1.062938] clocksource: jiffies: mask: 0xffffffff max_cycles: 0xffffffff, max_idle_ns: 7645041785100000 ns
[    1.063690] futex hash table entries: 512 (order: 4, 65536 bytes, linear)
[    1.064704] pinctrl core: initialized pinctrl subsystem
[    1.067122] 
[    1.067248] *************************************************************
[    1.067776] **     NOTICE NOTICE NOTICE NOTICE NOTICE NOTICE NOTICE    **
[    1.068279] **                                                         **
[    1.068773] **  IOMMU DebugFS SUPPORT HAS BEEN ENABLED IN THIS KERNEL  **
[    1.069272] **                                                         **
[    1.069765] ** This means that this kernel is built to expose internal **
[    1.070239] ** IOMMU data structures, which may compromise security on **
[    1.070731] ** your system.                                            **
[    1.071265] **                                                         **
[    1.071760] ** If you see this message and you are not debugging the   **
[    1.072259] ** kernel, report this immediately to your vendor!         **
[    1.072751] **                                                         **
[    1.073247] **     NOTICE NOTICE NOTICE NOTICE NOTICE NOTICE NOTICE    **
[    1.073743] *************************************************************
[    1.074298] PM: RTC time: 21:01:02, date: 2023-02-06
[    1.076368] NET: Registered PF_NETLINK/PF_ROUTE protocol family
[    1.077709] DMA: preallocated 256 KiB GFP_KERNEL pool for atomic allocations
[    1.078282] DMA: preallocated 256 KiB GFP_KERNEL|GFP_DMA pool for atomic allocations
[    1.078882] DMA: preallocated 256 KiB GFP_KERNEL|GFP_DMA32 pool for atomic allocations
[    1.079579] audit: initializing netlink subsys (disabled)
[    1.080125] audit: type=2000 audit(1675717262.822:1): state=initialized audit_enabled=0 res=1
[    1.082305] thermal_sys: Registered thermal governor 'fair_share'
[    1.082313] thermal_sys: Registered thermal governor 'bang_bang'
[    1.082777] thermal_sys: Registered thermal governor 'step_wise'
[    1.083280] thermal_sys: Registered thermal governor 'user_space'
[    1.083789] cpuidle: using governor ladder
[    1.084563] cpuidle: using governor menu
[    1.085325] ACPI: bus type PCI registered
[    1.085644] acpiphp: ACPI Hot Plug PCI Controller Driver version: 0.5
[    1.086699] PCI: Using configuration type 1 for base access
[    1.112212] Kprobes globally optimized
[    1.112602] HugeTLB registered 1.00 GiB page size, pre-allocated 0 pages
[    1.114251] HugeTLB registered 2.00 MiB page size, pre-allocated 0 pages
[    1.126832] ACPI: Added _OSI(Module Device)
[    1.127216] ACPI: Added _OSI(Processor Device)
[    1.127605] ACPI: Added _OSI(3.0 _SCP Extensions)
[    1.128010] ACPI: Added _OSI(Processor Aggregator Device)
[    1.128482] ACPI: Added _OSI(Linux-Dell-Video)
[    1.128876] ACPI: Added _OSI(Linux-Lenovo-NV-HDMI-Audio)
[    1.129334] ACPI: Added _OSI(Linux-HPI-Hybrid-Graphics)
[    1.130531] Callback from call_rcu_tasks_rude() invoked.
[    1.144650] ACPI: 1 ACPI AML tables successfully acquired and loaded
[    1.152296] ACPI: Interpreter enabled
[    1.152695] ACPI: PM: (supports S0 S3 S4 S5)
[    1.153017] ACPI: Using IOAPIC for interrupt routing
[    1.153493] PCI: Using host bridge windows from ACPI; if necessary, use "pci=nocrs" and report a bug
[    1.155326] ACPI: Enabled 2 GPEs in block 00 to 0F
[    1.186771] ACPI: PCI Root Bridge [PCI0] (domain 0000 [bus 00-ff])
[    1.187260] acpi PNP0A03:00: _OSC: OS supports [ASPM ClockPM Segments MSI EDR HPX-Type3]
[    1.188021] acpi PNP0A03:00: fail to add MMCONFIG information, can't access extended PCI configuration space under this bridge.
[    1.192603] acpiphp: Slot [3] registered
[    1.193014] acpiphp: Slot [4] registered
[    1.193447] acpiphp: Slot [5] registered
[    1.193873] acpiphp: Slot [6] registered
[    1.194333] acpiphp: Slot [7] registered
[    1.194734] acpiphp: Slot [8] registered
[    1.195131] acpiphp: Slot [9] registered
[    1.195590] acpiphp: Slot [10] registered
[    1.196022] acpiphp: Slot [11] registered
[    1.196427] acpiphp: Slot [12] registered
[    1.196838] acpiphp: Slot [13] registered
[    1.197251] acpiphp: Slot [14] registered
[    1.197710] acpiphp: Slot [15] registered
[    1.198408] acpiphp: Slot [16] registered
[    1.198823] acpiphp: Slot [17] registered
[    1.199228] acpiphp: Slot [18] registered
[    1.199656] acpiphp: Slot [19] registered
[    1.200068] acpiphp: Slot [20] registered
[    1.200474] acpiphp: Slot [21] registered
[    1.200880] acpiphp: Slot [22] registered
[    1.201334] acpiphp: Slot [23] registered
[    1.201783] acpiphp: Slot [24] registered
[    1.202256] acpiphp: Slot [25] registered
[    1.202659] acpiphp: Slot [26] registered
[    1.203550] acpiphp: Slot [27] registered
[    1.203957] acpiphp: Slot [28] registered
[    1.204363] acpiphp: Slot [29] registered
[    1.204772] acpiphp: Slot [30] registered
[    1.205196] acpiphp: Slot [31] registered
[    1.205562] PCI host bridge to bus 0000:00
[    1.205903] pci_bus 0000:00: root bus resource [io  0x0000-0x0cf7 window]
[    1.206238] pci_bus 0000:00: root bus resource [io  0x0d00-0xffff window]
[    1.206739] pci_bus 0000:00: root bus resource [mem 0x000a0000-0x000bffff window]
[    1.207287] pci_bus 0000:00: root bus resource [mem 0x80000000-0xfebfffff window]
[    1.207864] pci_bus 0000:00: root bus resource [mem 0x100000000-0x17fffffff window]
[    1.208480] pci_bus 0000:00: root bus resource [bus 00-ff]
[    1.210357] pci 0000:00:00.0: [8086:1237] type 00 class 0x060000
[    1.219668] pci 0000:00:01.0: [8086:7000] type 00 class 0x060100
[    1.221720] pci 0000:00:01.1: [8086:7010] type 00 class 0x010180
[    1.223447] pci 0000:00:01.1: reg 0x20: [io  0xc040-0xc04f]
[    1.224468] pci 0000:00:01.1: legacy IDE quirk: reg 0x10: [io  0x01f0-0x01f7]
[    1.225007] pci 0000:00:01.1: legacy IDE quirk: reg 0x14: [io  0x03f6]
[    1.225486] pci 0000:00:01.1: legacy IDE quirk: reg 0x18: [io  0x0170-0x0177]
[    1.226055] pci 0000:00:01.1: legacy IDE quirk: reg 0x1c: [io  0x0376]
[    1.227929] pci 0000:00:01.3: [8086:7113] type 00 class 0x068000
[    1.228684] pci 0000:00:01.3: quirk: [io  0x0600-0x063f] claimed by PIIX4 ACPI
[    1.229230] pci 0000:00:01.3: quirk: [io  0x0700-0x070f] claimed by PIIX4 SMB
[    1.232271] pci 0000:00:02.0: [1234:1111] type 00 class 0x030000
[    1.235146] pci 0000:00:02.0: reg 0x10: [mem 0xfd000000-0xfdffffff pref]
[    1.238180] pci 0000:00:02.0: reg 0x18: [mem 0xfebf0000-0xfebf0fff]
[    1.243366] pci 0000:00:02.0: reg 0x30: [mem 0xfebe0000-0xfebeffff pref]
[    1.254335] pci 0000:00:03.0: [8086:100e] type 00 class 0x020000
[    1.256374] pci 0000:00:03.0: reg 0x10: [mem 0xfebc0000-0xfebdffff]
[    1.257967] pci 0000:00:03.0: reg 0x14: [io  0xc000-0xc03f]
[    1.260893] pci 0000:00:03.0: reg 0x30: [mem 0xfeb80000-0xfebbffff pref]
[    1.279394] ACPI: PCI: Interrupt link LNKA configured for IRQ 10
[    1.280685] ACPI: PCI: Interrupt link LNKB configured for IRQ 10
[    1.281855] ACPI: PCI: Interrupt link LNKC configured for IRQ 11
[    1.282980] ACPI: PCI: Interrupt link LNKD configured for IRQ 11
[    1.283737] ACPI: PCI: Interrupt link LNKS configured for IRQ 9
[    1.286869] iommu: Default domain type: Translated 
[    1.286869] iommu: DMA domain TLB invalidation policy: lazy mode 
[    1.287350] pci 0000:00:02.0: vgaarb: setting as boot VGA device
[    1.287350] pci 0000:00:02.0: vgaarb: VGA device added: decodes=io+mem,owns=io+mem,locks=none
[    1.290243] pci 0000:00:02.0: vgaarb: bridge control possible
[    1.290686] vgaarb: loaded
[    1.295625] SCSI subsystem initialized
[    1.296011] ACPI: bus type USB registered
[    1.296011] usbcore: registered new interface driver usbfs
[    1.296011] usbcore: registered new interface driver hub
[    1.298312] usbcore: registered new device driver usb
[    1.299011] pps_core: LinuxPPS API ver. 1 registered
[    1.299429] pps_core: Software ver. 5.3.6 - Copyright 2005-2007 Rodolfo Giometti <giometti@linux.it>
[    1.300115] PTP clock support registered
[    1.300520] EDAC MC: Ver: 3.0.0
[    1.303996] NetLabel: Initializing
[    1.304279] NetLabel:  domain hash size = 128
[    1.304631] NetLabel:  protocols = UNLABELED CIPSOv4 CALIPSO
[    1.305193] NetLabel:  unlabeled traffic allowed by default
[    1.306385] PCI: Using ACPI for IRQ routing
[    1.307049] hpet0: at MMIO 0xfed00000, IRQs 2, 8, 0
[    1.307431] hpet0: 3 comparators, 64-bit 100.000000 MHz counter
[    1.311764] clocksource: Switched to clocksource kvm-clock
[    1.342445] Callback from call_rcu_tasks() invoked.
[    1.747522] VFS: Disk quotas dquot_6.6.0
[    1.747959] VFS: Dquot-cache hash table entries: 512 (order 0, 4096 bytes)
[    1.749075] pnp: PnP ACPI init
[    1.752683] pnp: PnP ACPI: found 6 devices
[    1.769094] clocksource: acpi_pm: mask: 0xffffff max_cycles: 0xffffff, max_idle_ns: 2085701024 ns
[    1.770367] NET: Registered PF_INET protocol family
[    1.771069] IP idents hash table entries: 32768 (order: 6, 262144 bytes, linear)
[    1.772971] tcp_listen_portaddr_hash hash table entries: 1024 (order: 4, 81920 bytes, linear)
[    1.773778] TCP established hash table entries: 16384 (order: 5, 131072 bytes, linear)
[    1.774902] TCP bind hash table entries: 16384 (order: 8, 1179648 bytes, linear)
[    1.776951] TCP: Hash tables configured (established 16384 bind 16384)
[    1.777763] UDP hash table entries: 1024 (order: 5, 163840 bytes, linear)
[    1.778542] UDP-Lite hash table entries: 1024 (order: 5, 163840 bytes, linear)
[    1.779725] NET: Registered PF_UNIX/PF_LOCAL protocol family
[    1.781722] RPC: Registered named UNIX socket transport module.
[    1.782275] RPC: Registered udp transport module.
[    1.782668] RPC: Registered tcp transport module.
[    1.783060] RPC: Registered tcp NFSv4.1 backchannel transport module.
[    1.783624] pci_bus 0000:00: resource 4 [io  0x0000-0x0cf7 window]
[    1.784144] pci_bus 0000:00: resource 5 [io  0x0d00-0xffff window]
[    1.784664] pci_bus 0000:00: resource 6 [mem 0x000a0000-0x000bffff window]
[    1.785237] pci_bus 0000:00: resource 7 [mem 0x80000000-0xfebfffff window]
[    1.785817] pci_bus 0000:00: resource 8 [mem 0x100000000-0x17fffffff window]
[    1.786808] pci 0000:00:01.0: PIIX3: Enabling Passive Release
[    1.787291] pci 0000:00:00.0: Limiting direct PCI/PCI transfers
[    1.787795] pci 0000:00:01.0: Activating ISA DMA hang workarounds
[    1.788377] pci 0000:00:02.0: Video device with shadowed ROM at [mem 0x000c0000-0x000dffff]
[    1.789078] PCI: CLS 0 bytes, default 64
[    1.789496] ACPI: bus type thunderbolt registered
[    1.790436] clocksource: tsc: mask: 0xffffffffffffffff max_cycles: 0x1128af0325d, max_idle_ns: 440795261011 ns
[    3.591249] Initialise system trusted keyrings
[    3.591684] Key type blacklist registered
[    3.592497] workingset: timestamp_bits=36 max_order=19 bucket_order=0
[    3.610541] zbud: loaded
[    3.615296] squashfs: version 4.0 (2009/01/31) Phillip Lougher
[    3.619366] NFS: Registering the id_resolver key type
[    3.619733] Key type id_resolver registered
[    3.620033] Key type id_legacy registered
[    3.620513] nfs4filelayout_init: NFSv4 File Layout Driver Registering...
[    3.621012] nfs4flexfilelayout_init: NFSv4 Flexfile Layout Driver Registering...
[    3.621747] fuse: init (API version 7.34)
[    3.622584] SGI XFS with ACLs, security attributes, realtime, quota, no debug enabled
[    3.627006] 9p: Installing v9fs 9p2000 file system support
[    3.635329] Key type asymmetric registered
[    3.635632] Asymmetric key parser 'x509' registered
[    3.636751] Block layer SCSI generic (bsg) driver version 0.4 loaded (major 244)
[    3.637823] io scheduler mq-deadline registered
[    3.638625] io scheduler bfq registered
[    3.640561] shpchp: Standard Hot Plug PCI Controller Driver version: 0.4
[    3.641691] IPMI message handler: version 39.2
[    3.642101] ipmi device interface
[    3.644196] input: Power Button as /devices/LNXSYSTM:00/LNXPWRBN:00/input/input0
[    3.645128] ACPI: button: Power Button [PWRF]
[    3.647286] ERST DBG: ERST support is disabled.
[    3.648615] Serial: 8250/16550 driver, 32 ports, IRQ sharing enabled
[    3.649601] 00:04: ttyS0 at I/O 0x3f8 (irq = 4, base_baud = 115200) is a 16550A
[    3.673227] Linux agpgart interface v0.103
[    3.692389] brd: module loaded
[    3.703714] loop: module loaded
[    3.713013] scsi host0: ata_piix
[    3.714743] scsi host1: ata_piix
[    3.715259] ata1: PATA max MWDMA2 cmd 0x1f0 ctl 0x3f6 bmdma 0xc040 irq 14
[    3.715747] ata2: PATA max MWDMA2 cmd 0x170 ctl 0x376 bmdma 0xc048 irq 15
[    3.717512] libphy: Fixed MDIO Bus: probed
[    3.718793] tun: Universal TUN/TAP device driver, 1.6
[    3.719416] e100: Intel(R) PRO/100 Network Driver
[    3.719755] e100: Copyright(c) 1999-2006 Intel Corporation
[    3.720200] e1000: Intel(R) PRO/1000 Network Driver
[    3.720577] e1000: Copyright (c) 1999-2006 Intel Corporation.
[    3.875006] ata1.00: ATA-7: QEMU HARDDISK, 2.5+, max UDMA/100
[    3.875524] ata1.00: 16777216 sectors, multi 16: LBA48 
[    3.877299] scsi 0:0:0:0: Direct-Access     ATA      QEMU HARDDISK    2.5+ PQ: 0 ANSI: 5
[    3.879704] ata2.00: ATAPI: QEMU DVD-ROM, 2.5+, max UDMA/100
[    3.880439] scsi 0:0:0:0: Attached scsi generic sg0 type 0
[    3.882940] sd 0:0:0:0: [sda] 16777216 512-byte logical blocks: (8.59 GB/8.00 GiB)
[    3.883290] scsi 1:0:0:0: CD-ROM            QEMU     QEMU DVD-ROM     2.5+ PQ: 0 ANSI: 5
[    3.883701] sd 0:0:0:0: [sda] Write Protect is off
[    3.884933] sd 0:0:0:0: [sda] Write cache: enabled, read cache: enabled, doesn't support DPO or FUA
[    3.885595] scsi 1:0:0:0: Attached scsi generic sg1 type 5
[    3.918455] sd 0:0:0:0: [sda] Attached SCSI disk
[    4.338149] ACPI: \_SB_.LNKC: Enabled at IRQ 11
[    4.674286] e1000 0000:00:03.0 eth0: (PCI:33MHz:32-bit) 52:54:00:12:34:56
[    4.674838] e1000 0000:00:03.0 eth0: Intel(R) PRO/1000 Network Connection
[    4.675486] e1000e: Intel(R) PRO/1000 Network Driver
[    4.675839] e1000e: Copyright(c) 1999 - 2015 Intel Corporation.
[    4.676398] igb: Intel(R) Gigabit Ethernet Network Driver
[    4.676778] igb: Copyright (c) 2007-2014 Intel Corporation.
[    4.677350] PPP generic driver version 2.4.2
[    4.678397] VFIO - User Level meta-driver version: 0.3
[    4.678947] ehci_hcd: USB 2.0 'Enhanced' Host Controller (EHCI) Driver
[    4.679472] ehci-pci: EHCI PCI platform driver
[    4.679840] ehci-platform: EHCI generic platform driver
[    4.680260] ohci_hcd: USB 1.1 'Open' Host Controller (OHCI) Driver
[    4.680696] ohci-pci: OHCI PCI platform driver
[    4.681067] ohci-platform: OHCI generic platform driver
[    4.681458] uhci_hcd: USB Universal Host Controller Interface driver
[    4.682861] usbcore: registered new interface driver uas
[    4.683332] usbcore: registered new interface driver usb-storage
[    4.683983] i8042: PNP: PS/2 Controller [PNP0303:KBD,PNP0f13:MOU] at 0x60,0x64 irq 1,12
[    4.685676] serio: i8042 KBD port at 0x60,0x64 irq 1
[    4.686145] serio: i8042 AUX port at 0x60,0x64 irq 12
[    4.687488] mousedev: PS/2 mouse device common for all mice
[    4.688939] input: AT Translated Set 2 keyboard as /devices/platform/i8042/serio0/input/input1
[    4.691489] rtc_cmos 00:05: RTC can wake from S4
[    4.692671] input: VirtualPS/2 VMware VMMouse as /devices/platform/i8042/serio1/input/input4
[    4.694991] input: VirtualPS/2 VMware VMMouse as /devices/platform/i8042/serio1/input/input3
[    4.696760] rtc_cmos 00:05: registered as rtc0
[    4.697158] rtc_cmos 00:05: setting system clock to 2023-02-06T21:01:06 UTC (1675717266)
[    4.697963] rtc_cmos 00:05: alarms up to one day, y3k, 242 bytes nvram, hpet irqs
[    4.698616] i2c_dev: i2c /dev entries driver
[    4.699479] device-mapper: core: CONFIG_IMA_DISABLE_HTABLE is disabled. Duplicate IMA measurements will not be recorded in the IMA log.
[    4.700518] device-mapper: uevent: version 1.0.3
[    4.701419] device-mapper: ioctl: 4.45.0-ioctl (2021-03-22) initialised: dm-devel@redhat.com
[    4.702024] intel_pstate: CPU model not supported
[    4.702670] sdhci: Secure Digital Host Controller Interface driver
[    4.703141] sdhci: Copyright(c) Pierre Ossman
[    4.703576] sdhci-pltfm: SDHCI platform and OF driver helper
[    4.704400] ledtrig-cpu: registered to indicate activity on CPUs
[    4.705256] drop_monitor: Initializing network drop monitor service
[    4.706873] NET: Registered PF_INET6 protocol family
[    4.713692] Segment Routing with IPv6
[    4.714028] In-situ OAM (IOAM) with IPv6
[    4.714495] NET: Registered PF_PACKET protocol family
[    4.715419] 9pnet: Installing 9P2000 support
[    4.715854] Key type dns_resolver registered
[    4.717553] IPI shorthand broadcast: enabled
[    4.718012] sched_clock: Marking stable (4704967032, 11819294)->(4765289539, -48503213)
[    4.720241] registered taskstats version 1
[    4.720966] Loading compiled-in X.509 certificates
[    4.722480] zswap: loaded using pool lzo/zbud
[    4.725844] Key type ._fscrypt registered
[    4.726217] Key type .fscrypt registered
[    4.726557] Key type fscrypt-provisioning registered
[    4.728624] Key type encrypted registered
[    4.729018] ima: No TPM chip found, activating TPM-bypass!
[    4.729468] ima: Allocated hash algorithm: sha1
[    4.729837] ima: No architecture policies found
[    4.730344] evm: Initialising EVM extended attributes:
[    4.730724] evm: security.selinux
[    4.730967] evm: security.SMACK64
[    4.731208] evm: security.SMACK64EXEC
[    4.731472] evm: security.SMACK64TRANSMUTE
[    4.731767] evm: security.SMACK64MMAP
[    4.732030] evm: security.apparmor
[    4.732276] evm: security.ima
[    4.732494] evm: security.capability
[    4.732752] evm: HMAC attrs: 0x1
[    4.735674] PM:   Magic number: 11:614:44
[    4.736940] RAS: Correctable Errors collector initialized.
[    4.738819] md: Waiting for all devices to be available before autodetect
[    4.739312] md: If you don't use raid, use raid=noautodetect
[    4.739708] md: Autodetecting RAID arrays.
[    4.740003] md: autorun ...
[    4.740205] md: ... autorun DONE.
[    4.753314] EXT4-fs (sda): mounted filesystem with ordered data mode. Opts: (null). Quota mode: none.
[    4.754199] VFS: Mounted root (ext4 filesystem) readonly on device 8:0.
[    4.757370] devtmpfs: mounted
[    4.770763] Freeing unused decrypted memory: 2036K
[    4.774262] Freeing unused kernel image (initmem) memory: 3996K
[    4.782346] Write protecting the kernel read-only data: 81920k
[    4.787007] Freeing unused kernel image (text/rodata gap) memory: 2028K
[    4.788763] Freeing unused kernel image (rodata/data gap) memory: 800K
[    4.877524] x86/mm: Checked W+X mappings: passed, no W+X pages found.
[    4.878008] Run /sbin/init as init process
[    5.068680] random: fast init done
[    5.121554] systemd[1]: RTC configured in localtime, applying delta of 0 minutes to system time.
[    5.179486] systemd[1]: systemd 239 (239-49.el8) running in system mode. (+PAM +AUDIT +SELINUX +IMA -APPARMOR +SMACK +SYSVINIT +UTMP +LIBCRYPTSETUP +GCRYPT +GNUTLS +ACL +XZ +LZ4 +SECCOMP +BLKID +ELFUTILS +KMOD +IDN2 -IDN +PCRE2 default-hierarchy=legacy)
[    5.181333] systemd[1]: Detected virtualization kvm.
[    5.181694] systemd[1]: Detected architecture x86-64.

Welcome to [0;31mCentOS Stream 8[0m!

[    5.216320] systemd[1]: Set hostname to <test>.
[    5.432001] random: lvmconfig: uninitialized urandom read (4 bytes read)
[    5.713937] random: systemd: uninitialized urandom read (16 bytes read)
[    5.714947] systemd[1]: Listening on udev Kernel Socket.
[[0;32m  OK  [0m] Listening on udev Kernel Socket.
[    5.716067] random: systemd: uninitialized urandom read (16 bytes read)
[    5.716549] systemd[1]: Reached target Swap.
[[0;32m  OK  [0m] Reached target Swap.
[    5.732181] systemd[1]: Listening on Process Core Dump Socket.
[[0;32m  OK  [0m] Listening on Process Core Dump Socket.
[    5.733479] systemd[1]: Started Forward Password Requests to Wall Directory Watch.
[[0;32m  OK  [0m] Started Forward Password Requests to Wall Directory Watch.
[    5.739503] systemd[1]: Created slice User and Session Slice.
[[0;32m  OK  [0m] Created slice User and Session Slice.
[    5.741479] systemd[1]: Set up automount Arbitrary Executable File Formats File System Automount Point.
[[0;32m  OK  [0m] Set up automount Arbitrary Executabâ€¦rmats File System Automount Point.
[[0;32m  OK  [0m] Listening on Journal Socket.
         Starting Load Kernel Modules...
         Mounting POSIX Message Queue File System...
[[0;32m  OK  [0m] Listening on Device-mapper event daemon FIFOs.
         Starting Monitoring of LVM2 mirrorsâ€¦ng dmeventd or progress polling...
         Mounting Kernel Debug File System...
[[0;32m  OK  [0m] Created slice system-serial\x2dgetty.slice.
         Mounting Huge Pages File System...
[[0;32m  OK  [0m] Reached target Slices.
[[0;32m  OK  [0m] Created slice system-getty.slice.
         Starting Remount Root and Kernel File Systems...
[[0;32m  OK  [0m] Listening on Journal Socket (/dev/log).
[[0;32m  OK  [0m] Listening on initctl Compatibility Named Pipe.
[[0;32m  OK  [0m] Listening on multipathd control socket.
[[0;32m  OK  [0m] Listening on udev Control Socket.
         Starting udev Coldplug all Devices...
[[0;32m  OK  [0m] Listening on LVM2 poll daemon socket.
[[0;32m  OK  [0m] Created slice system-sshd\x2dkeygen.slice.
         Starting Setup Virtual Console...
         Starting Journal Service...
[[0;32m  OK  [0m] Listening on RPCbind Server Activation Socket.
[[0;32m  OK  [0m] Reached target RPC Port Mapper.
[[0;1;31mFAILED[0m] Failed to start Load Kernel Modules.
See 'systemctl status systemd-modules-load.service' for details.
[[0;32m  OK  [0m] Mounted POSIX Message Queue File System.
[[0;32m  OK  [0m] Started Monitoring of LVM2 mirrors,â€¦sing dmeventd or progress polling.
[[0;32m  OK  [0m] Mounted Kernel Debug File System.
[[0;32m  OK  [0m] Mounted Huge Pages File System.
         Mounting FUSE Control File System...
         Mounting Kernel Configuration File System...
[    6.194569] EXT4-fs (sda): re-mounted. Opts: (null). Quota mode: none.
         Starting Apply Kernel Variables...
[[0;32m  OK  [0m] Started Journal Service.
[[0;32m  OK  [0m] Started Remount Root and Kernel File Systems.
[[0;32m  OK  [0m] Mounted FUSE Control File System.
[[0;32m  OK  [0m] Mounted Kernel Configuration File System.
[[0;32m  OK  [0m] Started Apply Kernel Variables.
         Starting Load/Save Random Seed...
         Starting Create Static Device Nodes in /dev...
         Starting Flush Journal to Persistent Storage...
[[0;32m  OK  [0m] Started Load/Save Random Seed.
[[0;32m  OK  [0m] Started Setup Virtual Console.
[[0;32m  OK  [0m] Started Create Static Device Nodes in /dev.
         Starting udev Kernel Device Manager...
[[0;32m  OK  [0m] Started Flush Journal to Persistent Storage.
[[0;32m  OK  [0m] Started udev Coldplug all Devices.
         Starting udev Wait for Complete Device Initialization...
[[0;32m  OK  [0m] Started udev Kernel Device Manager.
         Starting Show Plymouth Boot Screen...
[[0;32m  OK  [0m] Started Show Plymouth Boot Screen.
[[0;32m  OK  [0m] Started Forward Password Requests to Plymouth Directory Watch.
[[0;32m  OK  [0m] Reached target Paths.
[[0;32m  OK  [0m] Reached target Local Encrypted Volumes.
[[0;32m  OK  [0m] Found device /dev/ttyS0.
[[0;32m  OK  [0m] Started udev Wait for Complete Device Initialization.
[[0;32m  OK  [0m] Listening on Load/Save RF Kill Switch Status /dev/rfkill Watch.
[[0;32m  OK  [0m] Reached target Local File Systems (Pre).
[[0;32m  OK  [0m] Reached target Local File Systems.
         Starting Create Volatile Files and Directories...
         Starting Tell Plymouth To Write Out Runtime Data...
         Starting Restore /run/initramfs on shutdown...
[[0;32m  OK  [0m] Started Tell Plymouth To Write Out Runtime Data.
[[0;32m  OK  [0m] Started Restore /run/initramfs on shutdown.
[[0;32m  OK  [0m] Started Create Volatile Files and Directories.
         Mounting RPC Pipe File System...
         Starting Security Auditing Service...
         Starting RPC Bind...
[[0;32m  OK  [0m] Mounted RPC Pipe File System.
[[0;32m  OK  [0m] Reached target rpc_pipefs.target.
[[0;32m  OK  [0m] Started RPC Bind.
[[0;32m  OK  [0m] Started Security Auditing Service.
         Starting Update UTMP about System Boot/Shutdown...
[[0;32m  OK  [0m] Started Update UTMP about System Boot/Shutdown.
[[0;32m  OK  [0m] Reached target System Initialization.
[[0;32m  OK  [0m] Listening on D-Bus System Message Bus Socket.
[[0;32m  OK  [0m] Started dnf makecache --timer.
[[0;32m  OK  [0m] Listening on SSSD Kerberos Cache Manager responder socket.
[[0;32m  OK  [0m] Reached target Sockets.
[[0;32m  OK  [0m] Started daily update of the root trust anchor for DNSSEC.
[[0;32m  OK  [0m] Reached target Basic System.
         Starting Authorization Manager...
         Starting NTP client/server...
         Starting Login Service...
[[0;32m  OK  [0m] Reached target sshd-keygen.target.
         Starting Self Monitoring and Reporting Technology (SMART) Daemon...
[[0;32m  OK  [0m] Started irqbalance daemon.
[[0;32m  OK  [0m] Started Machine Check Exception Logging Daemon.
[[0;32m  OK  [0m] Started Daily Cleanup of Temporary Directories.
[[0;32m  OK  [0m] Reached target Timers.
         Starting Auto-connect to subsystemsâ€¦-NVME devices found during boot...
[[0;32m  OK  [0m] Started D-Bus System Message Bus.
         Starting Network Manager...
[[0;32m  OK  [0m] Started Self Monitoring and Reporting Technology (SMART) Daemon.
[[0;32m  OK  [0m] Started Auto-connect to subsystems â€¦FC-NVME devices found during boot.
[[0;32m  OK  [0m] Started Login Service.
         Starting update of the root trust aâ€¦or DNSSEC validation in unbound...
[[0;32m  OK  [0m] Started Network Manager.
         Starting Network Manager Wait Online...
[[0;32m  OK  [0m] Reached target Network.
         Starting GSSAPI Proxy Daemon...
         Starting OpenSSH server daemon...
         Starting Dynamic System Tuning Daemon...
[[0;32m  OK  [0m] Started NTP client/server.
         Starting Hostname Service...
[[0;32m  OK  [0m] Started Authorization Manager.
[[0;32m  OK  [0m] Started Hostname Service.
         Starting Network Manager Script Dispatcher Service...
[    8.998461] e1000: eth0 NIC Link is Up 1000 Mbps Full Duplex, Flow Control: RX
[    8.999564] IPv6: ADDRCONF(NETDEV_CHANGE): eth0: link becomes ready
[[0;32m  OK  [0m] Started Network Manager Script Dispatcher Service.
[    9.409990] random: crng init done
[    9.410315] random: 7 urandom warning(s) missed due to ratelimiting
[[0;32m  OK  [0m] Started OpenSSH server daemon.
[[0;32m  OK  [0m] Started GSSAPI Proxy Daemon.
[[0;32m  OK  [0m] Reached target NFS client services.
[[0;32m  OK  [0m] Reached target Remote File Systems (Pre).
[[0;32m  OK  [0m] Reached target Remote File Systems.
         Starting Permit User Sessions...
[[0;32m  OK  [0m] Started update of the root trust anâ€¦ for DNSSEC validation in unbound.
[[0;32m  OK  [0m] Started Permit User Sessions.
[[0;32m  OK  [0m] Started Command Scheduler.
         Starting Hold until boot process finishes up...
         Starting Terminate Plymouth Boot Screen...
[[0;32m  OK  [0m] Started Dynamic System Tuning Daemon.

CentOS Stream 8
Kernel 5.15.0-38e719ab2673+ on an x86_64

test login: [   28.829624] Injecting memory failure for pfn 0x1ceef at process virtual address 0x20cef000
[   28.830638] page:000000007f36e0ef refcount:2 mapcount:0 mapping:0000000000000000 index:0x0 pfn:0x1ce00
[   28.831407] head:000000007f36e0ef order:9 compound_mapcount:0 compound_pincount:0
[   28.831986] flags: 0xfffffc0010001(locked|head|node=0|zone=1|lastcpupid=0x1fffff)
[   28.832561] raw: 000fffffc0010001 0000000000000000 dead000000000122 0000000000000000
[   28.833143] raw: 0000000000000000 0000000000000000 00000002ffffffff 0000000000000000
[   28.833739] page dumped because: VM_BUG_ON_PAGE(is_huge_zero_page(head))
[   28.834355] ------------[ cut here ]------------
[   28.834756] kernel BUG at mm/huge_memory.c:2621!
[   28.835175] invalid opcode: 0000 [#1] SMP KASAN NOPTI
[   28.835601] CPU: 0 PID: 550 Comm: repro Not tainted 5.15.0-38e719ab2673+ #1
[   28.836114] Hardware name: QEMU Standard PC (i440FX + PIIX, 1996), BIOS rel-1.14.0-0-g155821a1990b-prebuilt.qemu.org 04/01/2014
[   28.836985] RIP: 0010:split_huge_page_to_list+0x16f7/0x32f0
[   28.837418] Code: 5f 91 ad ff be 9c 00 00 00 48 89 df e8 52 ba f0 ff e9 54 f1 ff ff e8 48 91 ad ff 48 c7 c6 e0 8b 37 85 48 89 df e8 99 2b e9 ff <0f> 0b e8 32 91 ad ff 48 c7 c6 40 8c 37 85 48 89 df e8 83 2b e9 ff
[   28.838948] RSP: 0018:ffff88801cd379e8 EFLAGS: 00010246
[   28.839358] RAX: 0000000000000000 RBX: ffffea0000738000 RCX: ffffffff8168b763
[   28.839884] RDX: 0000000000000000 RSI: ffff888013af0000 RDI: 0000000000000002
[   28.840479] RBP: ffff88801cd37b70 R08: ffffed100bc45aa9 R09: ffffed100bc45aa9
[   28.841009] R10: ffff88805e22d547 R11: ffffed100bc45aa8 R12: 0000000000000000
[   28.841537] R13: 0000000000000000 R14: 0000000000000000 R15: ffff88807ffb5000
[   28.842202] FS:  00007fe4eaaf4740(0000) GS:ffff88805e200000(0000) knlGS:0000000000000000
[   28.842897] CS:  0010 DS: 0000 ES: 0000 CR0: 0000000080050033
[   28.843337] CR2: 00007fe4eac19580 CR3: 000000000ff84002 CR4: 0000000000770ef0
[   28.843866] DR0: 0000000000000000 DR1: 0000000000000000 DR2: 0000000000000000
[   28.844415] DR3: 0000000000000000 DR6: 00000000ffff07f0 DR7: 0000000000000400
[   28.844936] PKRU: 55555554
[   28.845160] Call Trace:
[   28.845366]  ? __kasan_check_write+0x14/0x20
[   28.845694]  ? __mutex_lock+0x203/0x15a0
[   28.846014]  ? can_split_huge_page+0x420/0x420
[   28.846387]  ? mutex_lock_io_nested+0x1420/0x1420
[   28.846740]  ? lock_is_held_type+0xdd/0x110
[   28.847062]  ? ___might_sleep+0x206/0x2c0
[   28.847377]  ? write_comp_data+0x2f/0x90
[   28.847722]  try_to_split_thp_page+0xaf/0x370
[   28.848054]  memory_failure+0xca8/0x2290
[   28.848358]  ? em_dev_register_perf_domain.cold.6+0x8d/0xe7
[   28.848813]  ? unpoison_memory+0xd50/0xd50
[   28.849129]  ? __sanitizer_cov_trace_pc+0x21/0x50
[   28.849518]  ? write_comp_data+0x2f/0x90
[   28.849817]  do_madvise.cold.37+0x17c/0x184
[   28.850200]  ? rcu_read_lock_sched_held+0xa1/0xd0
[   28.850582]  ? rcu_read_lock_sched_held+0xa1/0xd0
[   28.850942]  ? madvise_free_pte_range+0x1fc0/0x1fc0
[   28.851344]  ? lock_acquire+0x1aa/0x480
[   28.851638]  ? __audit_syscall_entry+0x441/0x590
[   28.851986]  ? lock_downgrade+0x800/0x800
[   28.852292]  ? lock_release+0x740/0x740
[   28.852627]  ? __audit_syscall_entry+0x441/0x590
[   28.852975]  ? lockdep_hardirqs_on+0x7e/0x100
[   28.853304]  ? write_comp_data+0x2f/0x90
[   28.853611]  ? __sanitizer_cov_trace_pc+0x21/0x50
[   28.854058]  ? ktime_get_coarse_real_ts64+0x12c/0x1b0
[   28.854549]  ? write_comp_data+0x2f/0x90
[   28.854892]  ? __sanitizer_cov_trace_pc+0x21/0x50
[   28.855340]  ? __audit_syscall_entry+0x446/0x590
[   28.855744]  __x64_sys_madvise+0xaf/0x110
[   28.856094]  ? __x64_sys_madvise+0xaf/0x110
[   28.856488]  ? syscall_enter_from_user_mode+0x4a/0x60
[   28.856931]  do_syscall_64+0x37/0x80
[   28.857245]  entry_SYSCALL_64_after_hwframe+0x44/0xae
[   28.857706] RIP: 0033:0x7fe4eac1959d
[   28.858074] Code: 00 c3 66 2e 0f 1f 84 00 00 00 00 00 90 f3 0f 1e fa 48 89 f8 48 89 f7 48 89 d6 48 89 ca 4d 89 c2 4d 89 c8 4c 8b 4c 24 08 0f 05 <48> 3d 01 f0 ff ff 73 01 c3 48 8b 0d d3 08 0d 00 f7 d8 64 89 01 48
[   28.859899] RSP: 002b:00007ffdede61278 EFLAGS: 00000217 ORIG_RAX: 000000000000001c
[   28.860647] RAX: ffffffffffffffda RBX: 0000000000000000 RCX: 00007fe4eac1959d
[   28.861349] RDX: 0000000000000064 RSI: 0000000000003000 RDI: 0000000020cef000
[   28.862052] RBP: 00007ffdede61280 R08: 00007ffdede612b0 R09: 00007ffdede612b0
[   28.862677] R10: 0000000000000004 R11: 0000000000000217 R12: 0000000000401180
[   28.863276] R13: 00007ffdede613a0 R14: 0000000000000000 R15: 0000000000000000
[   28.863881] Modules linked in:
[   28.864163] ---[ end trace eb9605b45bfa020c ]---
[   28.864557] RIP: 0010:split_huge_page_to_list+0x16f7/0x32f0
[   28.865038] Code: 5f 91 ad ff be 9c 00 00 00 48 89 df e8 52 ba f0 ff e9 54 f1 ff ff e8 48 91 ad ff 48 c7 c6 e0 8b 37 85 48 89 df e8 99 2b e9 ff <0f> 0b e8 32 91 ad ff 48 c7 c6 40 8c 37 85 48 89 df e8 83 2b e9 ff
[   28.866599] RSP: 0018:ffff88801cd379e8 EFLAGS: 00010246
[   28.867045] RAX: 0000000000000000 RBX: ffffea0000738000 RCX: ffffffff8168b763
[   28.867646] RDX: 0000000000000000 RSI: ffff888013af0000 RDI: 0000000000000002
[   28.868247] RBP: ffff88801cd37b70 R08: ffffed100bc45aa9 R09: ffffed100bc45aa9
[   28.868849] R10: ffff88805e22d547 R11: ffffed100bc45aa8 R12: 0000000000000000
[   28.869450] R13: 0000000000000000 R14: 0000000000000000 R15: ffff88807ffb5000
[   28.870052] FS:  00007fe4eaaf4740(0000) GS:ffff88805e200000(0000) knlGS:0000000000000000
[   28.870741] CS:  0010 DS: 0000 ES: 0000 CR0: 0000000080050033
[   28.871230] CR2: 00007fe4eac19580 CR3: 000000000ff84002 CR4: 0000000000770ef0
[   28.871834] DR0: 0000000000000000 DR1: 0000000000000000 DR2: 0000000000000000
[   28.872435] DR3: 0000000000000000 DR6: 00000000ffff07f0 DR7: 0000000000000400
[   28.873037] PKRU: 55555554
[   28.874516] Injecting memory failure for pfn 0x1ceef at process virtual address 0x20cef000
