c[?7l[2J[0mSeaBIOS (version rel-1.14.0-0-g155821a1990b-prebuilt.qemu.org)


iPXE (http://ipxe.org) 00:03.0 CA00 PCI2.10 PnP PMM+7FF8F030+7FEEF030 CA00
Press Ctrl-B to configure iPXE (PCI 00:03.0)...                                                                               


Booting from ROM...
c[?7l[2J[    0.000000] Linux version 5.16.0-3bad80dab94a+ (root@p-mtlp02) (gcc (GCC) 8.5.0 20210514 (Red Hat 8.5.0-18), GNU ld version 2.36.1-2.el8) #1 SMP PREEMPT Mon Feb 6 21:01:43 CST 2023
[    0.000000] Command line: console=ttyS0 root=/dev/sda earlyprintk=serial net.ifnames=0
[    0.000000] KERNEL supported cpus:
[    0.000000]   Intel GenuineIntel
[    0.000000]   AMD AuthenticAMD
[    0.000000]   Hygon HygonGenuine
[    0.000000]   Centaur CentaurHauls
[    0.000000]   zhaoxin   Shanghai  
[    0.000000] x86/split lock detection: #DB: warning on user-space bus_locks
[    0.000000] x86/fpu: Supporting XSAVE feature 0x001: 'x87 floating point registers'
[    0.000000] x86/fpu: Supporting XSAVE feature 0x002: 'SSE registers'
[    0.000000] x86/fpu: Supporting XSAVE feature 0x004: 'AVX registers'
[    0.000000] x86/fpu: Supporting XSAVE feature 0x200: 'Protection Keys User registers'
[    0.000000] x86/fpu: xstate_offset[2]:  576, xstate_sizes[2]:  256
[    0.000000] x86/fpu: xstate_offset[9]:  832, xstate_sizes[9]:    8
[    0.000000] x86/fpu: Enabled xstate features 0x207, context size is 840 bytes, using 'compacted' format.
[    0.000000] signal: max sigframe size: 3632
[    0.000000] BIOS-provided physical RAM map:
[    0.000000] BIOS-e820: [mem 0x0000000000000000-0x000000000009fbff] usable
[    0.000000] BIOS-e820: [mem 0x000000000009fc00-0x000000000009ffff] reserved
[    0.000000] BIOS-e820: [mem 0x00000000000f0000-0x00000000000fffff] reserved
[    0.000000] BIOS-e820: [mem 0x0000000000100000-0x000000007ffdffff] usable
[    0.000000] BIOS-e820: [mem 0x000000007ffe0000-0x000000007fffffff] reserved
[    0.000000] BIOS-e820: [mem 0x00000000feffc000-0x00000000feffffff] reserved
[    0.000000] BIOS-e820: [mem 0x00000000fffc0000-0x00000000ffffffff] reserved
[    0.000000] printk: bootconsole [earlyser0] enabled
[    0.000000] NX (Execute Disable) protection: active
[    0.000000] SMBIOS 2.8 present.
[    0.000000] DMI: QEMU Standard PC (i440FX + PIIX, 1996), BIOS rel-1.14.0-0-g155821a1990b-prebuilt.qemu.org 04/01/2014
[    0.000000] Hypervisor detected: KVM
[    0.000000] kvm-clock: Using msrs 4b564d01 and 4b564d00
[    0.000000] kvm-clock: cpu 0, msr 8801001, primary cpu clock
[    0.000010] kvm-clock: using sched offset of 789281126 cycles
[    0.000948] clocksource: kvm-clock: mask: 0xffffffffffffffff max_cycles: 0x1cd42e4dffb, max_idle_ns: 881590591483 ns
[    0.003603] tsc: Detected 1190.400 MHz processor
[    0.011149] last_pfn = 0x7ffe0 max_arch_pfn = 0x400000000
[    0.012186] x86/PAT: Configuration [0-7]: WB  WC  UC- UC  WB  WP  UC- WT  
[    0.022148] found SMP MP-table at [mem 0x000f5a90-0x000f5a9f]
[    0.023396] Using GB pages for direct mapping
[    0.026314] ACPI: Early table checksum verification disabled
[    0.027322] ACPI: RSDP 0x00000000000F5870 000014 (v00 BOCHS )
[    0.028286] ACPI: RSDT 0x000000007FFE1959 000034 (v01 BOCHS  BXPC     00000001 BXPC 00000001)
[    0.029727] ACPI: FACP 0x000000007FFE1805 000074 (v01 BOCHS  BXPC     00000001 BXPC 00000001)
[    0.031140] ACPI: DSDT 0x000000007FFE0040 0017C5 (v01 BOCHS  BXPC     00000001 BXPC 00000001)
[    0.032533] ACPI: FACS 0x000000007FFE0000 000040
[    0.033285] ACPI: APIC 0x000000007FFE1879 000080 (v01 BOCHS  BXPC     00000001 BXPC 00000001)
[    0.034649] ACPI: HPET 0x000000007FFE18F9 000038 (v01 BOCHS  BXPC     00000001 BXPC 00000001)
[    0.036035] ACPI: WAET 0x000000007FFE1931 000028 (v01 BOCHS  BXPC     00000001 BXPC 00000001)
[    0.037439] ACPI: Reserving FACP table memory at [mem 0x7ffe1805-0x7ffe1878]
[    0.038584] ACPI: Reserving DSDT table memory at [mem 0x7ffe0040-0x7ffe1804]
[    0.039724] ACPI: Reserving FACS table memory at [mem 0x7ffe0000-0x7ffe003f]
[    0.040863] ACPI: Reserving APIC table memory at [mem 0x7ffe1879-0x7ffe18f8]
[    0.041991] ACPI: Reserving HPET table memory at [mem 0x7ffe18f9-0x7ffe1930]
[    0.043126] ACPI: Reserving WAET table memory at [mem 0x7ffe1931-0x7ffe1958]
[    0.044913] ACPI: CEDT not present
[    0.046396] No NUMA configuration found
[    0.047021] Faking a node at [mem 0x0000000000000000-0x000000007ffdffff]
[    0.048203] NODE_DATA(0) allocated [mem 0x7ffb5000-0x7ffdffff]
[    0.105936] Zone ranges:
[    0.106230]   DMA      [mem 0x0000000000001000-0x0000000000ffffff]
[    0.106795]   DMA32    [mem 0x0000000001000000-0x000000007ffdffff]
[    0.107347]   Normal   empty
[    0.107618]   Device   empty
[    0.107877] Movable zone start for each node
[    0.108253] Early memory node ranges
[    0.108570]   node   0: [mem 0x0000000000001000-0x000000000009efff]
[    0.109165]   node   0: [mem 0x0000000000100000-0x000000007ffdffff]
[    0.109731] Initmem setup node 0 [mem 0x0000000000001000-0x000000007ffdffff]
[    0.110412] On node 0, zone DMA: 1 pages in unavailable ranges
[    0.110516] On node 0, zone DMA: 97 pages in unavailable ranges
[    0.122606] On node 0, zone DMA32: 32 pages in unavailable ranges
[    0.719285] kasan: KernelAddressSanitizer initialized
[    0.720656] ACPI: PM-Timer IO Port: 0x608
[    0.721071] ACPI: LAPIC_NMI (acpi_id[0xff] dfl dfl lint[0x1])
[    0.721687] IOAPIC[0]: apic_id 0, version 17, address 0xfec00000, GSI 0-23
[    0.722334] ACPI: INT_SRC_OVR (bus 0 bus_irq 0 global_irq 2 dfl dfl)
[    0.722907] ACPI: INT_SRC_OVR (bus 0 bus_irq 5 global_irq 5 high level)
[    0.723494] ACPI: INT_SRC_OVR (bus 0 bus_irq 9 global_irq 9 high level)
[    0.724089] ACPI: INT_SRC_OVR (bus 0 bus_irq 10 global_irq 10 high level)
[    0.724694] ACPI: INT_SRC_OVR (bus 0 bus_irq 11 global_irq 11 high level)
[    0.725325] ACPI: Using ACPI (MADT) for SMP configuration information
[    0.725902] ACPI: HPET id: 0x8086a201 base: 0xfed00000
[    0.726390] TSC deadline timer available
[    0.726749] smpboot: Allowing 2 CPUs, 0 hotplug CPUs
[    0.727361] kvm-guest: KVM setup pv remote TLB flush
[    0.727894] kvm-guest: setup PV sched yield
[    0.728393] PM: hibernation: Registered nosave memory: [mem 0x00000000-0x00000fff]
[    0.729073] PM: hibernation: Registered nosave memory: [mem 0x0009f000-0x0009ffff]
[    0.729741] PM: hibernation: Registered nosave memory: [mem 0x000a0000-0x000effff]
[    0.730408] PM: hibernation: Registered nosave memory: [mem 0x000f0000-0x000fffff]
[    0.731081] [mem 0x80000000-0xfeffbfff] available for PCI devices
[    0.731625] Booting paravirtualized kernel on KVM
[    0.732091] clocksource: refined-jiffies: mask: 0xffffffff max_cycles: 0xffffffff, max_idle_ns: 7645519600211568 ns
[    0.733050] setup_percpu: NR_CPUS:8192 nr_cpumask_bits:2 nr_cpu_ids:2 nr_node_ids:1
[    0.735666] percpu: Embedded 79 pages/cpu s286720 r8192 d28672 u1048576
[    0.736513] kvm-guest: setup async PF for cpu 0
[    0.736944] kvm-guest: stealtime: cpu 0, msr 5b245080
[    0.737407] kvm-guest: PV spinlocks enabled
[    0.737797] PV qspinlock hash table entries: 256 (order: 0, 4096 bytes, linear)
[    0.738519] Fallback order for Node 0: 0 
[    0.738920] Built 1 zonelists, mobility grouping on.  Total pages: 515808
[    0.739530] Policy zone: DMA32
[    0.739815] Kernel command line: net.ifnames=0 console=ttyS0 root=/dev/sda earlyprintk=serial net.ifnames=0
[    0.744613] Dentry cache hash table entries: 262144 (order: 9, 2097152 bytes, linear)
[    0.746283] Inode-cache hash table entries: 131072 (order: 8, 1048576 bytes, linear)
[    0.747171] mem auto-init: stack:off, heap alloc:off, heap free:off
[    0.798026] Memory: 1357240K/2096632K available (65552K kernel code, 14292K rwdata, 13792K rodata, 3964K init, 24512K bss, 739136K reserved, 0K cma-reserved)
[    0.799331] random: get_random_u64 called from __kmem_cache_create+0x2d/0x4f0 with crng_init=0
[    0.800568] SLUB: HWalign=64, Order=0-3, MinObjects=0, CPUs=2, Nodes=1
[    0.801875] kmemleak: Kernel memory leak detector disabled
[    0.802443] ftrace: allocating 65998 entries in 258 pages
[    0.925267] ftrace: allocated 258 pages with 2 groups
[    0.931847] Dynamic Preempt: voluntary
[    0.932562] Running RCU self tests
[    0.932888] rcu: Preemptible hierarchical RCU implementation.
[    0.933385] rcu: 	RCU lockdep checking is enabled.
[    0.933798] rcu: 	RCU restricting CPUs from NR_CPUS=8192 to nr_cpu_ids=2.
[    0.934385] 	Trampoline variant of Tasks RCU enabled.
[    0.934819] 	Rude variant of Tasks RCU enabled.
[    0.935208] 	Tracing variant of Tasks RCU enabled.
[    0.935623] rcu: RCU calculated value of scheduler-enlistment delay is 25 jiffies.
[    0.936272] rcu: Adjusting geometry for rcu_fanout_leaf=16, nr_cpu_ids=2
[    0.970823] NR_IRQS: 524544, nr_irqs: 440, preallocated irqs: 16
[    0.980100] Console: colour VGA+ 80x25
[    0.980526] printk: console [ttyS0] enabled
[    0.980526] printk: console [ttyS0] enabled
[    0.981296] printk: bootconsole [earlyser0] disabled
[    0.981296] printk: bootconsole [earlyser0] disabled
[    0.982186] Lock dependency validator: Copyright (c) 2006 Red Hat, Inc., Ingo Molnar
[    0.982893] ... MAX_LOCKDEP_SUBCLASSES:  8
[    0.983272] ... MAX_LOCK_DEPTH:          48
[    0.983662] ... MAX_LOCKDEP_KEYS:        8192
[    0.984070] ... CLASSHASH_SIZE:          4096
[    0.984471] ... MAX_LOCKDEP_ENTRIES:     32768
[    0.984886] ... MAX_LOCKDEP_CHAINS:      65536
[    0.985301] ... CHAINHASH_SIZE:          32768
[    0.985712]  memory used by lock dependency info: 6365 kB
[    0.986209]  memory used for stack traces: 4224 kB
[    0.986652]  per task-struct memory footprint: 1920 bytes
[    0.987245] ACPI: Core revision 20211217
[    0.988056] clocksource: hpet: mask: 0xffffffff max_cycles: 0xffffffff, max_idle_ns: 19112604467 ns
[    0.989068] APIC: Switch to symmetric I/O mode setup
[    0.989736] x2apic enabled
[    0.990196] Switched APIC routing to physical x2apic.
[    0.990667] kvm-guest: setup PV IPIs
[    0.992023] ..TIMER: vector=0x30 apic1=0 pin1=2 apic2=-1 pin2=-1
[    0.992609] clocksource: tsc-early: mask: 0xffffffffffffffff max_cycles: 0x1128af0325d, max_idle_ns: 440795261011 ns
[    0.993643] Calibrating delay loop (skipped) preset value.. 2380.80 BogoMIPS (lpj=4761600)
[    0.994398] pid_max: default: 32768 minimum: 301
[    0.995039] LSM: Security Framework initializing
[    0.995495] Yama: becoming mindful.
[    0.996065] Mount-cache hash table entries: 4096 (order: 3, 32768 bytes, linear)
[    0.996758] Mountpoint-cache hash table entries: 4096 (order: 3, 32768 bytes, linear)
[    0.999557] CPU0: Thermal monitoring enabled (TM1)
[    1.001763] x86/cpu: User Mode Instruction Prevention (UMIP) activated
[    1.003275] Last level iTLB entries: 4KB 0, 2MB 0, 4MB 0
[    1.003864] Last level dTLB entries: 4KB 0, 2MB 0, 4MB 0, 1GB 0
[    1.005741] Spectre V1 : Mitigation: usercopy/swapgs barriers and __user pointer sanitization
[    1.006504] Spectre V2 : Mitigation: Enhanced IBRS
[    1.006923] Spectre V2 : Spectre v2 / SpectreRSB mitigation: Filling RSB on context switch
[    1.007634] Spectre V2 : mitigation: Enabling conditional Indirect Branch Prediction Barrier
[    1.008356] Speculative Store Bypass: Mitigation: Speculative Store Bypass disabled via prctl
[    1.072078] Freeing SMP alternatives memory: 52K
[    1.073563] smpboot: CPU0: Genuine Intel(R) 0000 (family: 0x6, model: 0xaa, stepping: 0x1)
[    1.073619] cblist_init_generic: Setting adjustable number of callback queues.
[    1.073619] cblist_init_generic: Setting shift to 1 and lim to 1.
[    1.073619] cblist_init_generic: Setting shift to 1 and lim to 1.
[    1.073619] cblist_init_generic: Setting shift to 1 and lim to 1.
[    1.073718] Running RCU-tasks wait API self tests
[    1.178103] Performance Events: generic architected perfmon, full-width counters, Intel PMU driver.
[    1.179284] ... version:                2
[    1.179756] ... bit width:              48
[    1.180233] ... generic registers:      8
[    1.180708] ... value mask:             0000ffffffffffff
[    1.181318] ... max period:             00007fffffffffff
[    1.181632] ... fixed-purpose events:   3
[    1.182034] ... event mask:             00000007000000ff
[    1.183394] rcu: Hierarchical SRCU implementation.
[    1.186626] Callback from call_rcu_tasks_trace() invoked.
[    1.189644] smp: Bringing up secondary CPUs ...
[    1.190961] x86: Booting SMP configuration:
[    1.191349] .... node  #0, CPUs:      #1
[    0.017792] kvm-clock: cpu 1, msr 8801041, secondary cpu clock
[    0.017792] smpboot: CPU 1 Converting physical 0 to logical die 1
[    1.197865] kvm-guest: setup async PF for cpu 1
[    1.198653] kvm-guest: stealtime: cpu 1, msr 5b345080
[    1.199707] smp: Brought up 1 node, 2 CPUs
[    1.199707] smpboot: Max logical packages: 2
[    1.199707] smpboot: Total of 2 processors activated (4761.60 BogoMIPS)
[    1.206525] devtmpfs: initialized
[    1.206860] x86/mm: Memory block size: 128MB
[    1.222145] clocksource: jiffies: mask: 0xffffffff max_cycles: 0xffffffff, max_idle_ns: 7645041785100000 ns
[    1.223197] futex hash table entries: 512 (order: 4, 65536 bytes, linear)
[    1.224516] pinctrl core: initialized pinctrl subsystem
[    1.226407] 
[    1.226581] *************************************************************
[    1.227266] **     NOTICE NOTICE NOTICE NOTICE NOTICE NOTICE NOTICE    **
[    1.227946] **                                                         **
[    1.228623] **  IOMMU DebugFS SUPPORT HAS BEEN ENABLED IN THIS KERNEL  **
[    1.229301] **                                                         **
[    1.229636] ** This means that this kernel is built to expose internal **
[    1.230318] ** IOMMU data structures, which may compromise security on **
[    1.231003] ** your system.                                            **
[    1.231681] **                                                         **
[    1.232359] ** If you see this message and you are not debugging the   **
[    1.233036] ** kernel, report this immediately to your vendor!         **
[    1.233625] **                                                         **
[    1.234313] **     NOTICE NOTICE NOTICE NOTICE NOTICE NOTICE NOTICE    **
[    1.234997] *************************************************************
[    1.235766] PM: RTC time: 13:35:58, date: 2023-02-06
[    1.238090] NET: Registered PF_NETLINK/PF_ROUTE protocol family
[    1.239916] DMA: preallocated 256 KiB GFP_KERNEL pool for atomic allocations
[    1.240690] DMA: preallocated 256 KiB GFP_KERNEL|GFP_DMA pool for atomic allocations
[    1.241522] DMA: preallocated 256 KiB GFP_KERNEL|GFP_DMA32 pool for atomic allocations
[    1.241766] audit: initializing netlink subsys (disabled)
[    1.242520] audit: type=2000 audit(1675690558.565:1): state=initialized audit_enabled=0 res=1
[    1.243920] thermal_sys: Registered thermal governor 'fair_share'
[    1.243929] thermal_sys: Registered thermal governor 'bang_bang'
[    1.244470] thermal_sys: Registered thermal governor 'step_wise'
[    1.245633] thermal_sys: Registered thermal governor 'user_space'
[    1.246311] cpuidle: using governor ladder
[    1.247258] cpuidle: using governor menu
[    1.248091] acpiphp: ACPI Hot Plug PCI Controller Driver version: 0.5
[    1.249457] PCI: Using configuration type 1 for base access
[    1.282218] Callback from call_rcu_tasks_rude() invoked.
[    1.283521] kprobes: kprobe jump-optimization is enabled. All kprobes are optimized if possible.
[    1.284435] HugeTLB registered 1.00 GiB page size, pre-allocated 0 pages
[    1.285698] HugeTLB registered 2.00 MiB page size, pre-allocated 0 pages
[    1.290844] ACPI: Added _OSI(Module Device)
[    1.291271] ACPI: Added _OSI(Processor Device)
[    1.291662] ACPI: Added _OSI(3.0 _SCP Extensions)
[    1.292073] ACPI: Added _OSI(Processor Aggregator Device)
[    1.293664] ACPI: Added _OSI(Linux-Dell-Video)
[    1.294057] ACPI: Added _OSI(Linux-Lenovo-NV-HDMI-Audio)
[    1.294523] ACPI: Added _OSI(Linux-HPI-Hybrid-Graphics)
[    1.312326] ACPI: 1 ACPI AML tables successfully acquired and loaded
[    1.321490] ACPI: Interpreter enabled
[    1.321806] ACPI: PM: (supports S0 S3 S4 S5)
[    1.322184] ACPI: Using IOAPIC for interrupt routing
[    1.322740] PCI: Using host bridge windows from ACPI; if necessary, use "pci=nocrs" and report a bug
[    1.324934] ACPI: Enabled 2 GPEs in block 00 to 0F
[    1.362935] ACPI: PCI Root Bridge [PCI0] (domain 0000 [bus 00-ff])
[    1.363554] acpi PNP0A03:00: _OSC: OS supports [ASPM ClockPM Segments MSI EDR HPX-Type3]
[    1.364261] acpi PNP0A03:00: _OSC: not requesting OS control; OS requires [ExtendedConfig ASPM ClockPM MSI]
[    1.365272] acpi PNP0A03:00: fail to add MMCONFIG information, can't access extended PCI configuration space under this bridge.
[    1.370040] acpiphp: Slot [3] registered
[    1.370600] acpiphp: Slot [4] registered
[    1.371163] acpiphp: Slot [5] registered
[    1.371710] acpiphp: Slot [6] registered
[    1.372677] acpiphp: Slot [7] registered
[    1.373247] acpiphp: Slot [8] registered
[    1.373782] acpiphp: Slot [9] registered
[    1.374327] acpiphp: Slot [10] registered
[    1.374927] acpiphp: Slot [11] registered
[    1.375489] acpiphp: Slot [12] registered
[    1.376054] acpiphp: Slot [13] registered
[    1.376618] acpiphp: Slot [14] registered
[    1.377201] acpiphp: Slot [15] registered
[    1.377765] acpiphp: Slot [16] registered
[    1.378317] acpiphp: Slot [17] registered
[    1.378886] acpiphp: Slot [18] registered
[    1.379475] acpiphp: Slot [19] registered
[    1.380037] acpiphp: Slot [20] registered
[    1.380592] acpiphp: Slot [21] registered
[    1.381162] acpiphp: Slot [22] registered
[    1.381748] acpiphp: Slot [23] registered
[    1.382312] acpiphp: Slot [24] registered
[    1.382886] acpiphp: Slot [25] registered
[    1.383450] acpiphp: Slot [26] registered
[    1.384028] acpiphp: Slot [27] registered
[    1.384580] acpiphp: Slot [28] registered
[    1.385138] acpiphp: Slot [29] registered
[    1.385764] Callback from call_rcu_tasks() invoked.
[    1.386363] acpiphp: Slot [30] registered
[    1.386958] acpiphp: Slot [31] registered
[    1.387459] PCI host bridge to bus 0000:00
[    1.387893] pci_bus 0000:00: root bus resource [io  0x0000-0x0cf7 window]
[    1.388596] pci_bus 0000:00: root bus resource [io  0x0d00-0xffff window]
[    1.389298] pci_bus 0000:00: root bus resource [mem 0x000a0000-0x000bffff window]
[    1.389629] pci_bus 0000:00: root bus resource [mem 0x80000000-0xfebfffff window]
[    1.390406] pci_bus 0000:00: root bus resource [mem 0x100000000-0x17fffffff window]
[    1.391199] pci_bus 0000:00: root bus resource [bus 00-ff]
[    1.391945] pci 0000:00:00.0: [8086:1237] type 00 class 0x060000
[    1.402373] pci 0000:00:01.0: [8086:7000] type 00 class 0x060100
[    1.404193] pci 0000:00:01.1: [8086:7010] type 00 class 0x010180
[    1.406160] pci 0000:00:01.1: reg 0x20: [io  0xc040-0xc04f]
[    1.407333] pci 0000:00:01.1: legacy IDE quirk: reg 0x10: [io  0x01f0-0x01f7]
[    1.408057] pci 0000:00:01.1: legacy IDE quirk: reg 0x14: [io  0x03f6]
[    1.408718] pci 0000:00:01.1: legacy IDE quirk: reg 0x18: [io  0x0170-0x0177]
[    1.409440] pci 0000:00:01.1: legacy IDE quirk: reg 0x1c: [io  0x0376]
[    1.410195] pci 0000:00:01.3: [8086:7113] type 00 class 0x068000
[    1.411186] pci 0000:00:01.3: quirk: [io  0x0600-0x063f] claimed by PIIX4 ACPI
[    1.411929] pci 0000:00:01.3: quirk: [io  0x0700-0x070f] claimed by PIIX4 SMB
[    1.413314] pci 0000:00:02.0: [1234:1111] type 00 class 0x030000
[    1.418160] pci 0000:00:02.0: reg 0x10: [mem 0xfd000000-0xfdffffff pref]
[    1.421744] pci 0000:00:02.0: reg 0x18: [mem 0xfebf0000-0xfebf0fff]
[    1.428084] pci 0000:00:02.0: reg 0x30: [mem 0xfebe0000-0xfebeffff pref]
[    1.446298] pci 0000:00:03.0: [8086:100e] type 00 class 0x020000
[    1.447410] pci 0000:00:03.0: reg 0x10: [mem 0xfebc0000-0xfebdffff]
[    1.448299] pci 0000:00:03.0: reg 0x14: [io  0xc000-0xc03f]
[    1.451030] pci 0000:00:03.0: reg 0x30: [mem 0xfeb80000-0xfebbffff pref]
[    1.473245] ACPI: PCI: Interrupt link LNKA configured for IRQ 10
[    1.474696] ACPI: PCI: Interrupt link LNKB configured for IRQ 10
[    1.476160] ACPI: PCI: Interrupt link LNKC configured for IRQ 11
[    1.477576] ACPI: PCI: Interrupt link LNKD configured for IRQ 11
[    1.478046] ACPI: PCI: Interrupt link LNKS configured for IRQ 9
[    1.482085] iommu: Default domain type: Translated 
[    1.482110] iommu: DMA domain TLB invalidation policy: lazy mode 
[    1.482930] pci 0000:00:02.0: vgaarb: setting as boot VGA device
[    1.482930] pci 0000:00:02.0: vgaarb: VGA device added: decodes=io+mem,owns=io+mem,locks=none
[    1.483002] pci 0000:00:02.0: vgaarb: bridge control possible
[    1.485637] vgaarb: loaded
[    1.491647] SCSI subsystem initialized
[    1.492228] ACPI: bus type USB registered
[    1.493635] usbcore: registered new interface driver usbfs
[    1.494223] usbcore: registered new interface driver hub
[    1.494748] usbcore: registered new device driver usb
[    1.495529] pps_core: LinuxPPS API ver. 1 registered
[    1.495951] pps_core: Software ver. 5.3.6 - Copyright 2005-2007 Rodolfo Giometti <giometti@linux.it>
[    1.496795] PTP clock support registered
[    1.497375] EDAC MC: Ver: 3.0.0
[    1.499845] NetLabel: Initializing
[    1.500158] NetLabel:  domain hash size = 128
[    1.501634] NetLabel:  protocols = UNLABELED CIPSOv4 CALIPSO
[    1.502290] NetLabel:  unlabeled traffic allowed by default
[    1.502955] PCI: Using ACPI for IRQ routing
[    1.502955] hpet0: at MMIO 0xfed00000, IRQs 2, 8, 0
[    1.502955] hpet0: 3 comparators, 64-bit 100.000000 MHz counter
[    1.510070] clocksource: Switched to clocksource kvm-clock
[    2.004378] VFS: Disk quotas dquot_6.6.0
[    2.004988] VFS: Dquot-cache hash table entries: 512 (order 0, 4096 bytes)
[    2.006870] pnp: PnP ACPI init
[    2.013938] pnp: PnP ACPI: found 6 devices
[    2.041279] clocksource: acpi_pm: mask: 0xffffff max_cycles: 0xffffff, max_idle_ns: 2085701024 ns
[    2.043717] NET: Registered PF_INET protocol family
[    2.045845] IP idents hash table entries: 32768 (order: 6, 262144 bytes, linear)
[    2.050075] tcp_listen_portaddr_hash hash table entries: 1024 (order: 4, 81920 bytes, linear)
[    2.051683] TCP established hash table entries: 16384 (order: 5, 131072 bytes, linear)
[    2.053742] TCP bind hash table entries: 16384 (order: 8, 1179648 bytes, linear)
[    2.057364] TCP: Hash tables configured (established 16384 bind 16384)
[    2.059384] UDP hash table entries: 1024 (order: 5, 163840 bytes, linear)
[    2.060894] UDP-Lite hash table entries: 1024 (order: 5, 163840 bytes, linear)
[    2.063145] NET: Registered PF_UNIX/PF_LOCAL protocol family
[    2.066741] RPC: Registered named UNIX socket transport module.
[    2.067763] RPC: Registered udp transport module.
[    2.068539] RPC: Registered tcp transport module.
[    2.069305] RPC: Registered tcp NFSv4.1 backchannel transport module.
[    2.070567] pci_bus 0000:00: resource 4 [io  0x0000-0x0cf7 window]
[    2.071616] pci_bus 0000:00: resource 5 [io  0x0d00-0xffff window]
[    2.072618] pci_bus 0000:00: resource 6 [mem 0x000a0000-0x000bffff window]
[    2.073776] pci_bus 0000:00: resource 7 [mem 0x80000000-0xfebfffff window]
[    2.074899] pci_bus 0000:00: resource 8 [mem 0x100000000-0x17fffffff window]
[    2.076692] pci 0000:00:01.0: PIIX3: Enabling Passive Release
[    2.077706] pci 0000:00:00.0: Limiting direct PCI/PCI transfers
[    2.078731] pci 0000:00:01.0: Activating ISA DMA hang workarounds
[    2.079877] pci 0000:00:02.0: Video device with shadowed ROM at [mem 0x000c0000-0x000dffff]
[    2.081289] PCI: CLS 0 bytes, default 64
[    2.083418] ACPI: bus type thunderbolt registered
[    2.085036] clocksource: tsc: mask: 0xffffffffffffffff max_cycles: 0x1128af0325d, max_idle_ns: 440795261011 ns
[    4.535886] Initialise system trusted keyrings
[    4.536917] Key type blacklist registered
[    4.538386] workingset: timestamp_bits=36 max_order=19 bucket_order=0
[    4.571920] zbud: loaded
[    4.581532] squashfs: version 4.0 (2009/01/31) Phillip Lougher
[    4.589246] NFS: Registering the id_resolver key type
[    4.590185] Key type id_resolver registered
[    4.590891] Key type id_legacy registered
[    4.591965] nfs4filelayout_init: NFSv4 File Layout Driver Registering...
[    4.593332] nfs4flexfilelayout_init: NFSv4 Flexfile Layout Driver Registering...
[    4.595208] fuse: init (API version 7.36)
[    4.596169] SGI XFS with ACLs, security attributes, realtime, quota, no debug enabled
[    4.602699] 9p: Installing v9fs 9p2000 file system support
[    4.611540] Key type asymmetric registered
[    4.611926] Asymmetric key parser 'x509' registered
[    4.616746] alg: self-tests for CTR-KDF (hmac(sha256)) passed
[    4.618287] Block layer SCSI generic (bsg) driver version 0.4 loaded (major 243)
[    4.619820] io scheduler mq-deadline registered
[    4.621118] io scheduler bfq registered
[    4.626818] shpchp: Standard Hot Plug PCI Controller Driver version: 0.4
[    4.629504] IPMI message handler: version 39.2
[    4.630558] ipmi device interface
[    4.634848] input: Power Button as /devices/LNXSYSTM:00/LNXPWRBN:00/input/input0
[    4.636927] ACPI: button: Power Button [PWRF]
[    4.640564] ERST DBG: ERST support is disabled.
[    4.643517] Serial: 8250/16550 driver, 32 ports, IRQ sharing enabled
[    4.645725] 00:04: ttyS0 at I/O 0x3f8 (irq = 4, base_baud = 115200) is a 16550A
[    4.702144] Linux agpgart interface v0.103
[    4.704866] ACPI: bus type drm_connector registered
[    4.739883] brd: module loaded
[    4.760649] loop: module loaded
[    4.775825] scsi host0: ata_piix
[    4.778132] scsi host1: ata_piix
[    4.779076] ata1: PATA max MWDMA2 cmd 0x1f0 ctl 0x3f6 bmdma 0xc040 irq 14
[    4.779820] ata2: PATA max MWDMA2 cmd 0x170 ctl 0x376 bmdma 0xc048 irq 15
[    4.784098] tun: Universal TUN/TAP device driver, 1.6
[    4.785129] e100: Intel(R) PRO/100 Network Driver
[    4.785714] e100: Copyright(c) 1999-2006 Intel Corporation
[    4.786513] e1000: Intel(R) PRO/1000 Network Driver
[    4.787058] e1000: Copyright (c) 1999-2006 Intel Corporation.
[    4.939137] ata1.00: ATA-7: QEMU HARDDISK, 2.5+, max UDMA/100
[    4.939853] ata1.00: 16777216 sectors, multi 16: LBA48 
[    4.940744] ata1.00: Read log 0x00 page 0x00 failed, Emask 0x1
[    4.942635] ata2.00: ATAPI: QEMU DVD-ROM, 2.5+, max UDMA/100
[    4.946054] scsi 0:0:0:0: Direct-Access     ATA      QEMU HARDDISK    2.5+ PQ: 0 ANSI: 5
[    4.950019] sd 0:0:0:0: Attached scsi generic sg0 type 0
[    4.951584] sd 0:0:0:0: [sda] 16777216 512-byte logical blocks: (8.59 GB/8.00 GiB)
[    4.952705] sd 0:0:0:0: [sda] Write Protect is off
[    4.953503] scsi 1:0:0:0: CD-ROM            QEMU     QEMU DVD-ROM     2.5+ PQ: 0 ANSI: 5
[    4.953521] sd 0:0:0:0: [sda] Write cache: enabled, read cache: enabled, doesn't support DPO or FUA
[    4.955718] scsi 1:0:0:0: Attached scsi generic sg1 type 5
[    4.990367] sd 0:0:0:0: [sda] Attached SCSI disk
[    5.629809] ACPI: \_SB_.LNKC: Enabled at IRQ 11
[    5.977139] e1000 0000:00:03.0 eth0: (PCI:33MHz:32-bit) 52:54:00:12:34:56
[    5.978071] e1000 0000:00:03.0 eth0: Intel(R) PRO/1000 Network Connection
[    5.979290] e1000e: Intel(R) PRO/1000 Network Driver
[    5.979866] e1000e: Copyright(c) 1999 - 2015 Intel Corporation.
[    5.980701] igb: Intel(R) Gigabit Ethernet Network Driver
[    5.981299] igb: Copyright (c) 2007-2014 Intel Corporation.
[    5.982389] PPP generic driver version 2.4.2
[    5.984091] VFIO - User Level meta-driver version: 0.3
[    5.984817] ehci_hcd: USB 2.0 'Enhanced' Host Controller (EHCI) Driver
[    5.985583] ehci-pci: EHCI PCI platform driver
[    5.986390] ehci-platform: EHCI generic platform driver
[    5.987113] ohci_hcd: USB 1.1 'Open' Host Controller (OHCI) Driver
[    5.987862] ohci-pci: OHCI PCI platform driver
[    5.988465] ohci-platform: OHCI generic platform driver
[    5.989130] uhci_hcd: USB Universal Host Controller Interface driver
[    5.991075] usbcore: registered new interface driver uas
[    5.991846] usbcore: registered new interface driver usb-storage
[    5.992952] i8042: PNP: PS/2 Controller [PNP0303:KBD,PNP0f13:MOU] at 0x60,0x64 irq 1,12
[    5.995765] serio: i8042 KBD port at 0x60,0x64 irq 1
[    5.996441] serio: i8042 AUX port at 0x60,0x64 irq 12
[    5.998854] mousedev: PS/2 mouse device common for all mice
[    6.001531] input: AT Translated Set 2 keyboard as /devices/platform/i8042/serio0/input/input1
[    6.005753] input: VirtualPS/2 VMware VMMouse as /devices/platform/i8042/serio1/input/input4
[    6.007820] rtc_cmos 00:05: RTC can wake from S4
[    6.010580] input: VirtualPS/2 VMware VMMouse as /devices/platform/i8042/serio1/input/input3
[    6.013965] rtc_cmos 00:05: registered as rtc0
[    6.014641] rtc_cmos 00:05: setting system clock to 2023-02-06T13:36:02 UTC (1675690562)
[    6.015910] rtc_cmos 00:05: alarms up to one day, y3k, 242 bytes nvram, hpet irqs
[    6.016817] i2c_dev: i2c /dev entries driver
[    6.017940] device-mapper: core: CONFIG_IMA_DISABLE_HTABLE is disabled. Duplicate IMA measurements will not be recorded in the IMA log.
[    6.019578] device-mapper: uevent: version 1.0.3
[    6.021069] device-mapper: ioctl: 4.45.0-ioctl (2021-03-22) initialised: dm-devel@redhat.com
[    6.022074] intel_pstate: CPU model not supported
[    6.023034] sdhci: Secure Digital Host Controller Interface driver
[    6.023728] sdhci: Copyright(c) Pierre Ossman
[    6.024595] sdhci-pltfm: SDHCI platform and OF driver helper
[    6.025426] ledtrig-cpu: registered to indicate activity on CPUs
[    6.026941] drop_monitor: Initializing network drop monitor service
[    6.029909] NET: Registered PF_INET6 protocol family
[    6.036662] Segment Routing with IPv6
[    6.037176] In-situ OAM (IOAM) with IPv6
[    6.037827] NET: Registered PF_PACKET protocol family
[    6.039211] 9pnet: Installing 9P2000 support
[    6.039877] Key type dns_resolver registered
[    6.042789] IPI shorthand broadcast: enabled
[    6.043195] sched_clock: Marking stable (6027843063, 13792306)->(6096126671, -54491302)
[    6.044975] registered taskstats version 1
[    6.045884] Loading compiled-in X.509 certificates
[    6.047808] zswap: loaded using pool lzo/zbud
[    6.051793] Key type ._fscrypt registered
[    6.052077] Key type .fscrypt registered
[    6.052311] Key type fscrypt-provisioning registered
[    6.054645] Key type encrypted registered
[    6.055017] ima: No TPM chip found, activating TPM-bypass!
[    6.055374] ima: Allocated hash algorithm: sha1
[    6.055739] ima: No architecture policies found
[    6.056160] evm: Initialising EVM extended attributes:
[    6.056471] evm: security.selinux
[    6.056671] evm: security.SMACK64
[    6.056909] evm: security.SMACK64EXEC
[    6.057168] evm: security.SMACK64TRANSMUTE
[    6.057452] evm: security.SMACK64MMAP
[    6.057739] evm: security.apparmor
[    6.057942] evm: security.ima
[    6.058121] evm: security.capability
[    6.058342] evm: HMAC attrs: 0x1
[    6.067990] PM:   Magic number: 11:831:583
[    6.069325] RAS: Correctable Errors collector initialized.
[    6.071285] md: Waiting for all devices to be available before autodetect
[    6.071694] md: If you don't use raid, use raid=noautodetect
[    6.072022] md: Autodetecting RAID arrays.
[    6.072273] md: autorun ...
[    6.072444] md: ... autorun DONE.
[    6.091659] EXT4-fs (sda): mounted filesystem with ordered data mode. Quota mode: none.
[    6.092319] VFS: Mounted root (ext4 filesystem) readonly on device 8:0.
[    6.095794] devtmpfs: mounted
[    6.117798] Freeing unused decrypted memory: 2036K
[    6.121517] Freeing unused kernel image (initmem) memory: 3964K
[    6.122003] Write protecting the kernel read-only data: 81920k
[    6.126703] Freeing unused kernel image (text/rodata gap) memory: 2028K
[    6.127987] Freeing unused kernel image (rodata/data gap) memory: 544K
[    6.237061] x86/mm: Checked W+X mappings: passed, no W+X pages found.
[    6.237532] Run /sbin/init as init process
[    6.380321] random: fast init done
[    6.424124] systemd[1]: RTC configured in localtime, applying delta of 0 minutes to system time.
[    6.514196] systemd[1]: systemd 239 (239-49.el8) running in system mode. (+PAM +AUDIT +SELINUX +IMA -APPARMOR +SMACK +SYSVINIT +UTMP +LIBCRYPTSETUP +GCRYPT +GNUTLS +ACL +XZ +LZ4 +SECCOMP +BLKID +ELFUTILS +KMOD +IDN2 -IDN +PCRE2 default-hierarchy=legacy)
[    6.515830] systemd[1]: Detected virtualization kvm.
[    6.516139] systemd[1]: Detected architecture x86-64.

Welcome to [0;31mCentOS Stream 8[0m!

[    6.566968] systemd[1]: Set hostname to <test>.
[    6.817033] random: lvmconfig: uninitialized urandom read (4 bytes read)
[    7.030635] random: systemd: uninitialized urandom read (16 bytes read)
[    7.031469] systemd[1]: Listening on udev Kernel Socket.
[[0;32m  OK  [0m] Listening on udev Kernel Socket.
[    7.032782] random: systemd: uninitialized urandom read (16 bytes read)
[    7.055626] systemd[1]: Listening on Process Core Dump Socket.
[[0;32m  OK  [0m] Listening on Process Core Dump Socket.
[    7.059411] systemd[1]: Set up automount Arbitrary Executable File Formats File System Automount Point.
[[0;32m  OK  [0m] Set up automount Arbitrary Executabâ€¦rmats File System Automount Point.
[    7.061594] systemd[1]: Listening on LVM2 poll daemon socket.
[[0;32m  OK  [0m] Listening on LVM2 poll daemon socket.
[    7.063545] systemd[1]: Listening on Journal Socket (/dev/log).
[[0;32m  OK  [0m] Listening on Journal Socket (/dev/log).
[    7.064786] systemd[1]: Listening on initctl Compatibility Named Pipe.
[[0;32m  OK  [0m] Listening on initctl Compatibility Named Pipe.
[[0;32m  OK  [0m] Created slice system-getty.slice.
[[0;32m  OK  [0m] Listening on RPCbind Server Activation Socket.
[[0;32m  OK  [0m] Reached target RPC Port Mapper.
[[0;32m  OK  [0m] Created slice User and Session Slice.
[[0;32m  OK  [0m] Reached target Slices.
[[0;32m  OK  [0m] Created slice system-serial\x2dgetty.slice.
[[0;32m  OK  [0m] Listening on Journal Socket.
         Starting Journal Service...
         Starting Load Kernel Modules...
[[0;32m  OK  [0m] Listening on multipathd control socket.
[[0;32m  OK  [0m] Listening on Device-mapper event daemon FIFOs.
         Starting Monitoring of LVM2 mirrorsâ€¦ng dmeventd or progress polling...
         Mounting Kernel Debug File System...
         Mounting Huge Pages File System...
[[0;32m  OK  [0m] Reached target Swap.
         Starting Setup Virtual Console...
         Mounting POSIX Message Queue File System...
[[0;32m  OK  [0m] Started Forward Password Requests to Wall Directory Watch.
[[0;32m  OK  [0m] Created slice system-sshd\x2dkeygen.slice.
         Starting Remount Root and Kernel File Systems...
[[0;32m  OK  [0m] Listening on udev Control Socket.
         Starting udev Coldplug all Devices...
[[0;1;31mFAILED[0m] Failed to start Load Kernel Modules.
See 'systemctl status systemd-modules-load.service' for details.
[[0;32m  OK  [0m] Started Monitoring of LVM2 mirrors,â€¦sing dmeventd or progress polling.
[[0;32m  OK  [0m] Started Journal Service.
[[0;32m  OK  [0m] Mounted Kernel Debug File System.
[[0;32m  OK  [0m] Mounted Huge Pages File System.
[[0;32m  OK  [0m] Mounted POSIX Message Queue File System.
         Mounting Kernel Configuration File System...
         Starting Apply Kernel Variables...
[    7.825870] EXT4-fs (sda): re-mounted. Quota mode: none.
         Mounting FUSE Control File System...
[[0;32m  OK  [0m] Started Remount Root and Kernel File Systems.
[[0;32m  OK  [0m] Started Setup Virtual Console.
[[0;32m  OK  [0m] Mounted Kernel Configuration File System.
[[0;32m  OK  [0m] Started Apply Kernel Variables.
[[0;32m  OK  [0m] Mounted FUSE Control File System.
         Starting Flush Journal to Persistent Storage...
         Starting Load/Save Random Seed...
         Starting Create Static Device Nodes in /dev...
[[0;32m  OK  [0m] Started Flush Journal to Persistent Storage.
[[0;32m  OK  [0m] Started Load/Save Random Seed.
[[0;32m  OK  [0m] Started Create Static Device Nodes in /dev.
         Starting udev Kernel Device Manager...
[[0;32m  OK  [0m] Started udev Kernel Device Manager.
[[0;32m  OK  [0m] Started udev Coldplug all Devices.
         Starting Show Plymouth Boot Screen...
         Starting udev Wait for Complete Device Initialization...
[[0;32m  OK  [0m] Started Show Plymouth Boot Screen.
[[0;32m  OK  [0m] Started Forward Password Requests to Plymouth Directory Watch.
[[0;32m  OK  [0m] Reached target Paths.
[[0;32m  OK  [0m] Reached target Local Encrypted Volumes.
[[0;32m  OK  [0m] Found device /dev/ttyS0.
[   10.137296] random: crng init done
[   10.137563] random: 7 urandom warning(s) missed due to ratelimiting
[[0;32m  OK  [0m] Started udev Wait for Complete Device Initialization.
[[0;32m  OK  [0m] Reached target Local File Systems (Pre).
[[0;32m  OK  [0m] Reached target Local File Systems.
         Starting Restore /run/initramfs on shutdown...
         Starting Tell Plymouth To Write Out Runtime Data...
         Starting Create Volatile Files and Directories...
[[0;32m  OK  [0m] Listening on Load/Save RF Kill Switch Status /dev/rfkill Watch.
[[0;32m  OK  [0m] Started Restore /run/initramfs on shutdown.
[[0;32m  OK  [0m] Started Tell Plymouth To Write Out Runtime Data.
[[0;32m  OK  [0m] Started Create Volatile Files and Directories.
         Starting Security Auditing Service...
         Mounting RPC Pipe File System...
         Starting RPC Bind...
[[0;32m  OK  [0m] Mounted RPC Pipe File System.
[[0;32m  OK  [0m] Reached target rpc_pipefs.target.
[[0;32m  OK  [0m] Started RPC Bind.
[[0;32m  OK  [0m] Started Security Auditing Service.
         Starting Update UTMP about System Boot/Shutdown...
[[0;32m  OK  [0m] Started Update UTMP about System Boot/Shutdown.
[[0;32m  OK  [0m] Reached target System Initialization.
[[0;32m  OK  [0m] Started daily update of the root trust anchor for DNSSEC.
[[0;32m  OK  [0m] Listening on SSSD Kerberos Cache Manager responder socket.
[[0;32m  OK  [0m] Listening on D-Bus System Message Bus Socket.
[[0;32m  OK  [0m] Reached target Sockets.
[[0;32m  OK  [0m] Reached target Basic System.
         Starting NTP client/server...
         Starting Self Monitoring and Reporting Technology (SMART) Daemon...
[[0;32m  OK  [0m] Started Machine Check Exception Logging Daemon.
[[0;32m  OK  [0m] Reached target sshd-keygen.target.
[[0;32m  OK  [0m] Started irqbalance daemon.
         Starting Auto-connect to subsystemsâ€¦-NVME devices found during boot...
         Starting Login Service...
         Starting Authorization Manager...
[[0;32m  OK  [0m] Started D-Bus System Message Bus.
         Starting Network Manager...
[[0;32m  OK  [0m] Started dnf makecache --timer.
[[0;32m  OK  [0m] Started Daily Cleanup of Temporary Directories.
[[0;32m  OK  [0m] Reached target Timers.
[[0;32m  OK  [0m] Started Self Monitoring and Reporting Technology (SMART) Daemon.
[[0;32m  OK  [0m] Started Auto-connect to subsystems â€¦FC-NVME devices found during boot.
         Starting update of the root trust aâ€¦or DNSSEC validation in unbound...
[[0;32m  OK  [0m] Started Login Service.
[[0;32m  OK  [0m] Started NTP client/server.
[[0;32m  OK  [0m] Started Network Manager.
         Starting Network Manager Wait Online...
[[0;32m  OK  [0m] Reached target Network.
         Starting Dynamic System Tuning Daemon...
         Starting GSSAPI Proxy Daemon...
         Starting OpenSSH server daemon...
[[0;32m  OK  [0m] Started update of the root trust anâ€¦ for DNSSEC validation in unbound.
[[0;32m  OK  [0m] Started Authorization Manager.
         Starting Hostname Service...
[[0;32m  OK  [0m] Started GSSAPI Proxy Daemon.
[[0;32m  OK  [0m] Reached target NFS client services.
[[0;32m  OK  [0m] Reached target Remote File Systems (Pre).
[[0;32m  OK  [0m] Reached target Remote File Systems.
         Starting Permit User Sessions...
[[0;32m  OK  [0m] Started OpenSSH server daemon.
[[0;32m  OK  [0m] Started Permit User Sessions.
         Starting Hold until boot process finishes up...
[[0;32m  OK  [0m] Started Command Scheduler.
         Starting Terminate Plymouth Boot Screen...
[   12.426854] e1000: eth0 NIC Link is Up 1000 Mbps Full Duplex, Flow Control: RX
[   12.429973] IPv6: ADDRCONF(NETDEV_CHANGE): eth0: link becomes ready

CentOS Stream 8
Kernel 5.16.0-3bad80dab94a+ on an x86_64

test login: [   30.350949] Injecting memory failure for pfn 0x1f0ef at process virtual address 0x20cef000
[   30.352008] page:000000001c07f4e8 refcount:2 mapcount:0 mapping:0000000000000000 index:0x0 pfn:0x1f000
[   30.353130] head:000000001c07f4e8 order:9 compound_mapcount:0 compound_pincount:0
[   30.354250] flags: 0xfffffc0010001(locked|head|node=0|zone=1|lastcpupid=0x1fffff)
[   30.355123] raw: 000fffffc0010001 0000000000000000 dead000000000122 0000000000000000
[   30.355981] raw: 0000000000000000 0000000000000000 00000002ffffffff 0000000000000000
[   30.356828] page dumped because: VM_BUG_ON_PAGE(is_huge_zero_page(head))
[   30.357756] ------------[ cut here ]------------
[   30.358290] kernel BUG at mm/huge_memory.c:2623!
[   30.358877] invalid opcode: 0000 [#1] PREEMPT SMP KASAN NOPTI
[   30.359542] CPU: 1 PID: 543 Comm: repro Not tainted 5.16.0-3bad80dab94a+ #1
[   30.360318] Hardware name: QEMU Standard PC (i440FX + PIIX, 1996), BIOS rel-1.14.0-0-g155821a1990b-prebuilt.qemu.org 04/01/2014
[   30.361556] RIP: 0010:split_huge_page_to_list+0x1847/0x3340
[   30.362217] Code: 1f 7b ac ff be 9c 00 00 00 48 89 df e8 b2 f3 f0 ff e9 05 f3 ff ff e8 08 7b ac ff 48 c7 c6 a0 1c 38 85 48 89 df e8 19 58 e9 ff <0f> 0b e8 f2 7a ac ff 48 c7 c6 40 1c 38 85 4c 89 ef e8 03 58 e9 ff
[   30.364250] RSP: 0018:ffff888015ad7a08 EFLAGS: 00010246
[   30.364850] RAX: 0000000000000000 RBX: ffffea00007c0000 RCX: ffffffff813a4ba5
[   30.365635] RDX: 0000000000000000 RSI: ffff888016d18000 RDI: 0000000000000002
[   30.366431] RBP: ffff888015ad7b90 R08: ffffed100b666166 R09: ffffed100b666166
[   30.367232] R10: ffff88805b330b2b R11: ffffed100b666165 R12: ffffea00007c0008
[   30.368033] R13: ffff88807ffb5000 R14: ffffea00007c0018 R15: 0000000000000000
[   30.368825] FS:  00007f3226ee0740(0000) GS:ffff88805b300000(0000) knlGS:0000000000000000
[   30.369710] CS:  0010 DS: 0000 ES: 0000 CR0: 0000000080050033
[   30.370361] CR2: 00007f3226f86fa0 CR3: 00000000108a6002 CR4: 0000000000770ee0
[   30.371152] DR0: 0000000000000000 DR1: 0000000000000000 DR2: 0000000000000000
[   30.371968] DR3: 0000000000000000 DR6: 00000000ffff07f0 DR7: 0000000000000400
[   30.372760] PKRU: 55555554
[   30.373084] Call Trace:
[   30.373380]  <TASK>
[   30.373648]  ? __mutex_lock+0x247/0x15a0
[   30.374167]  ? can_split_huge_page+0x3b0/0x3b0
[   30.374707]  ? __this_cpu_preempt_check+0x1c/0x20
[   30.375257]  ? lock_is_held_type+0xe4/0x140
[   30.375751]  ? write_comp_data+0x2f/0x90
[   30.376228]  ? write_comp_data+0x2f/0x90
[   30.376690]  try_to_split_thp_page+0xb0/0x370
[   30.377212]  memory_failure+0x56d/0x2150
[   30.377673]  ? hwpoison_user_mappings+0xd60/0xd60
[   30.378219]  ? __sanitizer_cov_trace_pc+0x21/0x50
[   30.378776]  ? write_comp_data+0x2f/0x90
[   30.379243]  do_madvise.cold.37+0x17c/0x184
[   30.379751]  ? rcu_read_lock_sched_held+0xa1/0xd0
[   30.380315]  ? madvise_free_pte_range+0x1dc0/0x1dc0
[   30.380887]  ? __audit_syscall_entry+0x3db/0x540
[   30.381434]  ? lock_downgrade+0x730/0x730
[   30.381920]  ? ktime_get_coarse_real_ts64+0x17b/0x1b0
[   30.382521]  ? __audit_syscall_entry+0x3db/0x540
[   30.383061]  ? __this_cpu_preempt_check+0x1c/0x20
[   30.383609]  ? lockdep_hardirqs_on+0x83/0x110
[   30.384118]  ? write_comp_data+0x2f/0x90
[   30.384581]  ? __sanitizer_cov_trace_pc+0x21/0x50
[   30.385122]  ? ktime_get_coarse_real_ts64+0x12c/0x1b0
[   30.385700]  ? write_comp_data+0x2f/0x90
[   30.386160]  ? __sanitizer_cov_trace_pc+0x21/0x50
[   30.386716]  ? __audit_syscall_entry+0x3e0/0x540
[   30.387255]  __x64_sys_madvise+0xaf/0x110
[   30.387728]  ? syscall_enter_from_user_mode+0x4a/0x60
[   30.388315]  do_syscall_64+0x37/0x80
[   30.388743]  entry_SYSCALL_64_after_hwframe+0x44/0xae
[   30.389321] RIP: 0033:0x7f322700559d
[   30.389763] Code: 00 c3 66 2e 0f 1f 84 00 00 00 00 00 90 f3 0f 1e fa 48 89 f8 48 89 f7 48 89 d6 48 89 ca 4d 89 c2 4d 89 c8 4c 8b 4c 24 08 0f 05 <48> 3d 01 f0 ff ff 73 01 c3 48 8b 0d d3 08 0d 00 f7 d8 64 89 01 48
[   30.391769] RSP: 002b:00007fff8a47c828 EFLAGS: 00000217 ORIG_RAX: 000000000000001c
[   30.392607] RAX: ffffffffffffffda RBX: 0000000000000000 RCX: 00007f322700559d
[   30.393390] RDX: 0000000000000064 RSI: 0000000000003000 RDI: 0000000020cef000
[   30.394179] RBP: 00007fff8a47c830 R08: 00007fff8a47c860 R09: 00007fff8a47c860
[   30.394703] R10: 0000000000000004 R11: 0000000000000217 R12: 0000000000401180
[   30.395117] R13: 00007fff8a47c950 R14: 0000000000000000 R15: 0000000000000000
[   30.395532]  </TASK>
[   30.395681] Modules linked in:
[   30.395925] ---[ end trace 839f36d3998b206d ]---
[   30.396210] RIP: 0010:split_huge_page_to_list+0x1847/0x3340
[   30.396556] Code: 1f 7b ac ff be 9c 00 00 00 48 89 df e8 b2 f3 f0 ff e9 05 f3 ff ff e8 08 7b ac ff 48 c7 c6 a0 1c 38 85 48 89 df e8 19 58 e9 ff <0f> 0b e8 f2 7a ac ff 48 c7 c6 40 1c 38 85 4c 89 ef e8 03 58 e9 ff
[   30.397583] RSP: 0018:ffff888015ad7a08 EFLAGS: 00010246
[   30.397904] RAX: 0000000000000000 RBX: ffffea00007c0000 RCX: ffffffff813a4ba5
[   30.398318] RDX: 0000000000000000 RSI: ffff888016d18000 RDI: 0000000000000002
[   30.398728] RBP: ffff888015ad7b90 R08: ffffed100b666166 R09: ffffed100b666166
[   30.399134] R10: ffff88805b330b2b R11: ffffed100b666165 R12: ffffea00007c0008
[   30.399539] R13: ffff88807ffb5000 R14: ffffea00007c0018 R15: 0000000000000000
[   30.399945] FS:  00007f3226ee0740(0000) GS:ffff88805b300000(0000) knlGS:0000000000000000
[   30.400403] CS:  0010 DS: 0000 ES: 0000 CR0: 0000000080050033
[   30.400736] CR2: 00007f3226f86fa0 CR3: 00000000108a6002 CR4: 0000000000770ee0
[   30.401144] DR0: 0000000000000000 DR1: 0000000000000000 DR2: 0000000000000000
[   30.401557] DR3: 0000000000000000 DR6: 00000000ffff07f0 DR7: 0000000000000400
[   30.401980] PKRU: 55555554
[   30.404374] Injecting memory failure for pfn 0x1f0ef at process virtual address 0x20cef000
