c[?7l[2J[0mSeaBIOS (version rel-1.14.0-0-g155821a1990b-prebuilt.qemu.org)


iPXE (http://ipxe.org) 00:03.0 CA00 PCI2.10 PnP PMM+7FF8F030+7FEEF030 CA00
Press Ctrl-B to configure iPXE (PCI 00:03.0)...                                                                               


Booting from ROM..c[?7l[2J[    0.000000] Linux version 6.2.0-rc7-4ec5183ec486 (root@p-mtlp02) (gcc (GCC) 8.5.0 20210514 (Red Hat 8.5.0-18), GNU ld version 2.36.1-2.el8) #1 SMP PREEMPT_DYNAMIC Mon Feb  6 10:18:07 CST 2023
[    0.000000] Command line: console=ttyS0 root=/dev/sda earlyprintk=serial net.ifnames=0
[    0.000000] KERNEL supported cpus:
[    0.000000]   Intel GenuineIntel
[    0.000000]   AMD AuthenticAMD
[    0.000000]   Hygon HygonGenuine
[    0.000000]   Centaur CentaurHauls
[    0.000000]   zhaoxin   Shanghai  
[    0.000000] x86/split lock detection: #DB: warning on user-space bus_locks
[    0.000000] x86/fpu: Supporting XSAVE feature 0x001: 'x87 floating point registers'
[    0.000000] x86/fpu: Supporting XSAVE feature 0x002: 'SSE registers'
[    0.000000] x86/fpu: Supporting XSAVE feature 0x004: 'AVX registers'
[    0.000000] x86/fpu: Supporting XSAVE feature 0x200: 'Protection Keys User registers'
[    0.000000] x86/fpu: xstate_offset[2]:  576, xstate_sizes[2]:  256
[    0.000000] x86/fpu: xstate_offset[9]:  832, xstate_sizes[9]:    8
[    0.000000] x86/fpu: Enabled xstate features 0x207, context size is 840 bytes, using 'compacted' format.
[    0.000000] signal: max sigframe size: 3632
[    0.000000] BIOS-provided physical RAM map:
[    0.000000] BIOS-e820: [mem 0x0000000000000000-0x000000000009fbff] usable
[    0.000000] BIOS-e820: [mem 0x000000000009fc00-0x000000000009ffff] reserved
[    0.000000] BIOS-e820: [mem 0x00000000000f0000-0x00000000000fffff] reserved
[    0.000000] BIOS-e820: [mem 0x0000000000100000-0x000000007ffdffff] usable
[    0.000000] BIOS-e820: [mem 0x000000007ffe0000-0x000000007fffffff] reserved
[    0.000000] BIOS-e820: [mem 0x00000000feffc000-0x00000000feffffff] reserved
[    0.000000] BIOS-e820: [mem 0x00000000fffc0000-0x00000000ffffffff] reserved
[    0.000000] printk: bootconsole [earlyser0] enabled
[    0.000000] NX (Execute Disable) protection: active
[    0.000000] SMBIOS 2.8 present.
[    0.000000] DMI: QEMU Standard PC (i440FX + PIIX, 1996), BIOS rel-1.14.0-0-g155821a1990b-prebuilt.qemu.org 04/01/2014
[    0.000000] Hypervisor detected: KVM
[    0.000000] kvm-clock: Using msrs 4b564d01 and 4b564d00
[    0.000006] kvm-clock: using sched offset of 737340638 cycles
[    0.000465] clocksource: kvm-clock: mask: 0xffffffffffffffff max_cycles: 0x1cd42e4dffb, max_idle_ns: 881590591483 ns
[    0.001881] tsc: Detected 1190.400 MHz processor
[    0.010096] last_pfn = 0x7ffe0 max_arch_pfn = 0x400000000
[    0.010628] x86/PAT: Configuration [0-7]: WB  WC  UC- UC  WB  WP  UC- WT  
[    0.022781] found SMP MP-table at [mem 0x000f5a90-0x000f5a9f]
[    0.023429] Using GB pages for direct mapping
[    0.025570] ACPI: Early table checksum verification disabled
[    0.026091] ACPI: RSDP 0x00000000000F5870 000014 (v00 BOCHS )
[    0.026639] ACPI: RSDT 0x000000007FFE1959 000034 (v01 BOCHS  BXPC     00000001 BXPC 00000001)
[    0.027451] ACPI: FACP 0x000000007FFE1805 000074 (v01 BOCHS  BXPC     00000001 BXPC 00000001)
[    0.028257] ACPI: DSDT 0x000000007FFE0040 0017C5 (v01 BOCHS  BXPC     00000001 BXPC 00000001)
[    0.029041] ACPI: FACS 0x000000007FFE0000 000040
[    0.029483] ACPI: APIC 0x000000007FFE1879 000080 (v01 BOCHS  BXPC     00000001 BXPC 00000001)
[    0.030266] ACPI: HPET 0x000000007FFE18F9 000038 (v01 BOCHS  BXPC     00000001 BXPC 00000001)
[    0.031058] ACPI: WAET 0x000000007FFE1931 000028 (v01 BOCHS  BXPC     00000001 BXPC 00000001)
[    0.031839] ACPI: Reserving FACP table memory at [mem 0x7ffe1805-0x7ffe1878]
[    0.032474] ACPI: Reserving DSDT table memory at [mem 0x7ffe0040-0x7ffe1804]
[    0.033105] ACPI: Reserving FACS table memory at [mem 0x7ffe0000-0x7ffe003f]
[    0.033738] ACPI: Reserving APIC table memory at [mem 0x7ffe1879-0x7ffe18f8]
[    0.034370] ACPI: Reserving HPET table memory at [mem 0x7ffe18f9-0x7ffe1930]
[    0.035007] ACPI: Reserving WAET table memory at [mem 0x7ffe1931-0x7ffe1958]
[    0.036688] No NUMA configuration found
[    0.037040] Faking a node at [mem 0x0000000000000000-0x000000007ffdffff]
[    0.037731] NODE_DATA(0) allocated [mem 0x7ffb5000-0x7ffdffff]
[    0.082177] Zone ranges:
[    0.082446]   DMA      [mem 0x0000000000001000-0x0000000000ffffff]
[    0.083019]   DMA32    [mem 0x0000000001000000-0x000000007ffdffff]
[    0.083583]   Normal   empty
[    0.083886]   Device   empty
[    0.084151] Movable zone start for each node
[    0.084535] Early memory node ranges
[    0.084857]   node   0: [mem 0x0000000000001000-0x000000000009efff]
[    0.085425]   node   0: [mem 0x0000000000100000-0x000000007ffdffff]
[    0.085993] Initmem setup node 0 [mem 0x0000000000001000-0x000000007ffdffff]
[    0.086642] On node 0, zone DMA: 1 pages in unavailable ranges
[    0.086746] On node 0, zone DMA: 97 pages in unavailable ranges
[    0.099483] On node 0, zone DMA32: 32 pages in unavailable ranges
[    0.372392] kasan: KernelAddressSanitizer initialized
[    0.373733] ACPI: PM-Timer IO Port: 0x608
[    0.374154] ACPI: LAPIC_NMI (acpi_id[0xff] dfl dfl lint[0x1])
[    0.374773] IOAPIC[0]: apic_id 0, version 17, address 0xfec00000, GSI 0-23
[    0.375413] ACPI: INT_SRC_OVR (bus 0 bus_irq 0 global_irq 2 dfl dfl)
[    0.375985] ACPI: INT_SRC_OVR (bus 0 bus_irq 5 global_irq 5 high level)
[    0.376578] ACPI: INT_SRC_OVR (bus 0 bus_irq 9 global_irq 9 high level)
[    0.377173] ACPI: INT_SRC_OVR (bus 0 bus_irq 10 global_irq 10 high level)
[    0.377777] ACPI: INT_SRC_OVR (bus 0 bus_irq 11 global_irq 11 high level)
[    0.378407] ACPI: Using ACPI (MADT) for SMP configuration information
[    0.378983] ACPI: HPET id: 0x8086a201 base: 0xfed00000
[    0.379465] TSC deadline timer available
[    0.379820] smpboot: Allowing 2 CPUs, 0 hotplug CPUs
[    0.380363] kvm-guest: KVM setup pv remote TLB flush
[    0.380810] kvm-guest: setup PV sched yield
[    0.381272] PM: hibernation: Registered nosave memory: [mem 0x00000000-0x00000fff]
[    0.381951] PM: hibernation: Registered nosave memory: [mem 0x0009f000-0x0009ffff]
[    0.382623] PM: hibernation: Registered nosave memory: [mem 0x000a0000-0x000effff]
[    0.383294] PM: hibernation: Registered nosave memory: [mem 0x000f0000-0x000fffff]
[    0.383968] [mem 0x80000000-0xfeffbfff] available for PCI devices
[    0.384512] Booting paravirtualized kernel on KVM
[    0.384954] clocksource: refined-jiffies: mask: 0xffffffff max_cycles: 0xffffffff, max_idle_ns: 7645519600211568 ns
[    0.385908] setup_percpu: NR_CPUS:8192 nr_cpumask_bits:2 nr_cpu_ids:2 nr_node_ids:1
[    0.389039] percpu: Embedded 80 pages/cpu s290816 r8192 d28672 u1048576
[    0.389943] kvm-guest: PV spinlocks enabled
[    0.390338] PV qspinlock hash table entries: 256 (order: 0, 4096 bytes, linear)
[    0.391092] Fallback order for Node 0: 0 
[    0.391490] Built 1 zonelists, mobility grouping on.  Total pages: 515808
[    0.392101] Policy zone: DMA32
[    0.392382] Kernel command line: net.ifnames=0 console=ttyS0 root=/dev/sda earlyprintk=serial net.ifnames=0
[    0.394161] random: crng init done
[    0.398980] Dentry cache hash table entries: 262144 (order: 9, 2097152 bytes, linear)
[    0.400528] Inode-cache hash table entries: 131072 (order: 8, 1048576 bytes, linear)
[    0.401813] mem auto-init: stack:off, heap alloc:off, heap free:off
[    0.409879] stackdepot hash table entries: 1048576 (order: 11, 8388608 bytes, linear)
[    0.454190] Memory: 1631824K/2096632K available (71680K kernel code, 14007K rwdata, 16476K rodata, 14104K init, 20784K bss, 464552K reserved, 0K cma-reserved)
[    0.456454] SLUB: HWalign=64, Order=0-3, MinObjects=0, CPUs=2, Nodes=1
[    0.457029] kmemleak: Kernel memory leak detector disabled
[    0.457703] ftrace: allocating 68501 entries in 268 pages
[    0.503945] ftrace: allocated 268 pages with 3 groups
[    0.510769] Dynamic Preempt: voluntary
[    0.511508] Running RCU self tests
[    0.511823] rcu: Preemptible hierarchical RCU implementation.
[    0.512317] rcu: 	RCU lockdep checking is enabled.
[    0.512727] rcu: 	RCU restricting CPUs from NR_CPUS=8192 to nr_cpu_ids=2.
[    0.513312] 	Trampoline variant of Tasks RCU enabled.
[    0.513745] 	Rude variant of Tasks RCU enabled.
[    0.514134] 	Tracing variant of Tasks RCU enabled.
[    0.514547] rcu: RCU calculated value of scheduler-enlistment delay is 25 jiffies.
[    0.515200] rcu: Adjusting geometry for rcu_fanout_leaf=16, nr_cpu_ids=2
[    0.565139] NR_IRQS: 524544, nr_irqs: 440, preallocated irqs: 16
[    0.566181] rcu: srcu_init: Setting srcu_struct sizes based on contention.
[    0.574848] Console: colour VGA+ 80x25
[    0.575257] printk: console [ttyS0] enabled
[    0.575257] printk: console [ttyS0] enabled
[    0.576000] printk: bootconsole [earlyser0] disabled
[    0.576000] printk: bootconsole [earlyser0] disabled
[    0.576880] Lock dependency validator: Copyright (c) 2006 Red Hat, Inc., Ingo Molnar
[    0.577561] ... MAX_LOCKDEP_SUBCLASSES:  8
[    0.577927] ... MAX_LOCK_DEPTH:          48
[    0.578305] ... MAX_LOCKDEP_KEYS:        8192
[    0.578695] ... CLASSHASH_SIZE:          4096
[    0.579089] ... MAX_LOCKDEP_ENTRIES:     32768
[    0.579490] ... MAX_LOCKDEP_CHAINS:      65536
[    0.579885] ... CHAINHASH_SIZE:          32768
[    0.580282]  memory used by lock dependency info: 6365 kB
[    0.580762]  memory used for stack traces: 4224 kB
[    0.581188]  per task-struct memory footprint: 1920 bytes
[    0.581755] ACPI: Core revision 20221020
[    0.582583] clocksource: hpet: mask: 0xffffffff max_cycles: 0xffffffff, max_idle_ns: 19112604467 ns
[    0.583654] APIC: Switch to symmetric I/O mode setup
[    0.584314] x2apic enabled
[    0.584774] Switched APIC routing to physical x2apic.
[    0.585236] kvm-guest: setup PV IPIs
[    0.586731] ..TIMER: vector=0x30 apic1=0 pin1=2 apic2=-1 pin2=-1
[    0.587321] clocksource: tsc-early: mask: 0xffffffffffffffff max_cycles: 0x1128af0325d, max_idle_ns: 440795261011 ns
[    0.588342] Calibrating delay loop (skipped) preset value.. 2380.80 BogoMIPS (lpj=4761600)
[    0.589092] pid_max: default: 32768 minimum: 301
[    0.589734] LSM: initializing lsm=capability,yama,integrity
[    0.590268] Yama: becoming mindful.
[    0.590958] Mount-cache hash table entries: 4096 (order: 3, 32768 bytes, linear)
[    0.592326] Mountpoint-cache hash table entries: 4096 (order: 3, 32768 bytes, linear)
[    0.594993] CPU0: Thermal monitoring enabled (TM1)
[    0.596356] x86/cpu: User Mode Instruction Prevention (UMIP) activated
[    0.597563] Last level iTLB entries: 4KB 0, 2MB 0, 4MB 0
[    0.598103] Last level dTLB entries: 4KB 0, 2MB 0, 4MB 0, 1GB 0
[    0.598701] Spectre V1 : Mitigation: usercopy/swapgs barriers and __user pointer sanitization
[    0.599476] Spectre V2 : WARNING: Unprivileged eBPF is enabled with eIBRS on, data leaks possible via Spectre v2 BHB attacks!
[    0.600333] Spectre V2 : Mitigation: Enhanced IBRS
[    0.600755] Spectre V2 : Spectre v2 / SpectreRSB mitigation: Filling RSB on context switch
[    0.601465] Spectre V2 : Spectre v2 / PBRSB-eIBRS: Retire a single CALL on VMEXIT
[    0.602117] Spectre V2 : mitigation: Enabling conditional Indirect Branch Prediction Barrier
[    0.602847] Speculative Store Bypass: Mitigation: Speculative Store Bypass disabled via prctl
[    0.604319] MMIO Stale Data: Unknown: No mitigations
[    0.775079] Freeing SMP alternatives memory: 56K
[    0.776164] smpboot: CPU0: Genuine Intel(R) 0000 (family: 0x6, model: 0xaa, stepping: 0x1)
[    0.776314] cblist_init_generic: Setting adjustable number of callback queues.
[    0.776314] cblist_init_generic: Setting shift to 1 and lim to 1.
[    0.776417] cblist_init_generic: Setting shift to 1 and lim to 1.
[    0.777036] cblist_init_generic: Setting shift to 1 and lim to 1.
[    0.777666] Running RCU-tasks wait API self tests
[    0.880539] Performance Events: generic architected perfmon, full-width counters, Intel PMU driver.
[    0.881449] ... version:                2
[    0.881799] ... bit width:              48
[    0.882153] ... generic registers:      8
[    0.882499] ... value mask:             0000ffffffffffff
[    0.882955] ... max period:             00007fffffffffff
[    0.883411] ... fixed-purpose events:   3
[    0.883758] ... event mask:             00000007000000ff
[    0.884977] rcu: Hierarchical SRCU implementation.
[    0.885392] rcu: 	Max phase no-delay instances is 1000.
[    0.890205] smp: Bringing up secondary CPUs ...
[    0.891418] x86: Booting SMP configuration:
[    0.891799] .... node  #0, CPUs:      #1
[    0.017531] smpboot: CPU 1 Converting physical 0 to logical die 1
[    0.896585] smp: Brought up 1 node, 2 CPUs
[    0.896908] smpboot: Max logical packages: 2
[    0.897276] smpboot: Total of 2 processors activated (4761.60 BogoMIPS)
[    0.902420] devtmpfs: initialized
[    0.904371] Callback from call_rcu_tasks_trace() invoked.
[    0.905559] x86/mm: Memory block size: 128MB
[    0.917139] clocksource: jiffies: mask: 0xffffffff max_cycles: 0xffffffff, max_idle_ns: 7645041785100000 ns
[    0.918021] futex hash table entries: 512 (order: 4, 65536 bytes, linear)
[    0.919151] pinctrl core: initialized pinctrl subsystem
[    0.921538] 
[    0.921685] *************************************************************
[    0.922259] **     NOTICE NOTICE NOTICE NOTICE NOTICE NOTICE NOTICE    **
[    0.922844] **                                                         **
[    0.923418] **  IOMMU DebugFS SUPPORT HAS BEEN ENABLED IN THIS KERNEL  **
[    0.923993] **                                                         **
[    0.924325] ** This means that this kernel is built to expose internal **
[    0.924903] ** IOMMU data structures, which may compromise security on **
[    0.925476] ** your system.                                            **
[    0.926052] **                                                         **
[    0.926628] ** If you see this message and you are not debugging the   **
[    0.927203] ** kernel, report this immediately to your vendor!         **
[    0.927780] **                                                         **
[    0.928319] **     NOTICE NOTICE NOTICE NOTICE NOTICE NOTICE NOTICE    **
[    0.928892] *************************************************************
[    0.929536] PM: RTC time: 12:53:40, date: 2023-02-06
[    0.935371] NET: Registered PF_NETLINK/PF_ROUTE protocol family
[    0.937085] DMA: preallocated 256 KiB GFP_KERNEL pool for atomic allocations
[    0.937743] DMA: preallocated 256 KiB GFP_KERNEL|GFP_DMA pool for atomic allocations
[    0.938445] DMA: preallocated 256 KiB GFP_KERNEL|GFP_DMA32 pool for atomic allocations
[    0.939227] audit: initializing netlink subsys (disabled)
[    0.939827] audit: type=2000 audit(1675688021.286:1): state=initialized audit_enabled=0 res=1
[    0.944709] thermal_sys: Registered thermal governor 'fair_share'
[    0.944720] thermal_sys: Registered thermal governor 'bang_bang'
[    0.945254] thermal_sys: Registered thermal governor 'step_wise'
[    0.945772] thermal_sys: Registered thermal governor 'user_space'
[    0.946373] cpuidle: using governor ladder
[    0.947268] cpuidle: using governor menu
[    0.948165] acpiphp: ACPI Hot Plug PCI Controller Driver version: 0.5
[    0.948991] PCI: Using configuration type 1 for base access
[    0.950912] kprobes: kprobe jump-optimization is enabled. All kprobes are optimized if possible.
[    1.212842] Callback from call_rcu_tasks_rude() invoked.
[    1.261123] HugeTLB: registered 1.00 GiB page size, pre-allocated 0 pages
[    1.261728] HugeTLB: 16380 KiB vmemmap can be freed for a 1.00 GiB page
[    1.262297] HugeTLB: registered 2.00 MiB page size, pre-allocated 0 pages
[    1.262873] HugeTLB: 28 KiB vmemmap can be freed for a 2.00 MiB page
[    1.269192] ACPI: Added _OSI(Module Device)
[    1.269537] ACPI: Added _OSI(Processor Device)
[    1.269869] ACPI: Added _OSI(3.0 _SCP Extensions)
[    1.270218] ACPI: Added _OSI(Processor Aggregator Device)
[    1.287357] ACPI: 1 ACPI AML tables successfully acquired and loaded
[    1.294687] ACPI: Interpreter enabled
[    1.295209] ACPI: PM: (supports S0 S3 S4 S5)
[    1.295584] ACPI: Using IOAPIC for interrupt routing
[    1.296136] PCI: Using host bridge windows from ACPI; if necessary, use "pci=nocrs" and report a bug
[    1.296321] PCI: Using E820 reservations for host bridge windows
[    1.298236] ACPI: Enabled 2 GPEs in block 00 to 0F
[    1.316440] Callback from call_rcu_tasks() invoked.
[    1.337397] ACPI: PCI Root Bridge [PCI0] (domain 0000 [bus 00-ff])
[    1.337990] acpi PNP0A03:00: _OSC: OS supports [ASPM ClockPM Segments MSI EDR HPX-Type3]
[    1.338698] acpi PNP0A03:00: _OSC: not requesting OS control; OS requires [ExtendedConfig ASPM ClockPM MSI]
[    1.339716] acpi PNP0A03:00: fail to add MMCONFIG information, can't access extended configuration space under this bridge
[    1.345864] acpiphp: Slot [3] registered
[    1.346340] acpiphp: Slot [4] registered
[    1.346821] acpiphp: Slot [5] registered
[    1.347328] acpiphp: Slot [6] registered
[    1.347814] acpiphp: Slot [7] registered
[    1.348292] acpiphp: Slot [8] registered
[    1.348479] acpiphp: Slot [9] registered
[    1.348984] acpiphp: Slot [10] registered
[    1.349534] acpiphp: Slot [11] registered
[    1.350052] acpiphp: Slot [12] registered
[    1.350540] acpiphp: Slot [13] registered
[    1.351067] acpiphp: Slot [14] registered
[    1.351558] acpiphp: Slot [15] registered
[    1.352058] acpiphp: Slot [16] registered
[    1.352460] acpiphp: Slot [17] registered
[    1.353423] acpiphp: Slot [18] registered
[    1.353927] acpiphp: Slot [19] registered
[    1.354425] acpiphp: Slot [20] registered
[    1.354919] acpiphp: Slot [21] registered
[    1.355431] acpiphp: Slot [22] registered
[    1.355918] acpiphp: Slot [23] registered
[    1.356421] acpiphp: Slot [24] registered
[    1.356913] acpiphp: Slot [25] registered
[    1.357428] acpiphp: Slot [26] registered
[    1.357914] acpiphp: Slot [27] registered
[    1.358402] acpiphp: Slot [28] registered
[    1.358897] acpiphp: Slot [29] registered
[    1.359406] acpiphp: Slot [30] registered
[    1.359895] acpiphp: Slot [31] registered
[    1.360322] PCI host bridge to bus 0000:00
[    1.360687] pci_bus 0000:00: root bus resource [io  0x0000-0x0cf7 window]
[    1.361277] pci_bus 0000:00: root bus resource [io  0x0d00-0xffff window]
[    1.361864] pci_bus 0000:00: root bus resource [mem 0x000a0000-0x000bffff window]
[    1.362529] pci_bus 0000:00: root bus resource [mem 0x80000000-0xfebfffff window]
[    1.363172] pci_bus 0000:00: root bus resource [mem 0x100000000-0x17fffffff window]
[    1.363830] pci_bus 0000:00: root bus resource [bus 00-ff]
[    1.364525] pci 0000:00:00.0: [8086:1237] type 00 class 0x060000
[    1.375008] pci 0000:00:01.0: [8086:7000] type 00 class 0x060100
[    1.376875] pci 0000:00:01.1: [8086:7010] type 00 class 0x010180
[    1.378754] pci 0000:00:01.1: reg 0x20: [io  0xc040-0xc04f]
[    1.379864] pci 0000:00:01.1: legacy IDE quirk: reg 0x10: [io  0x01f0-0x01f7]
[    1.380324] pci 0000:00:01.1: legacy IDE quirk: reg 0x14: [io  0x03f6]
[    1.380883] pci 0000:00:01.1: legacy IDE quirk: reg 0x18: [io  0x0170-0x0177]
[    1.381556] pci 0000:00:01.1: legacy IDE quirk: reg 0x1c: [io  0x0376]
[    1.382582] pci 0000:00:01.3: [8086:7113] type 00 class 0x068000
[    1.383467] pci 0000:00:01.3: quirk: [io  0x0600-0x063f] claimed by PIIX4 ACPI
[    1.384097] pci 0000:00:01.3: quirk: [io  0x0700-0x070f] claimed by PIIX4 SMB
[    1.384830] pci 0000:00:02.0: [1234:1111] type 00 class 0x030000
[    1.389029] pci 0000:00:02.0: reg 0x10: [mem 0xfd000000-0xfdffffff pref]
[    1.391228] pci 0000:00:02.0: reg 0x18: [mem 0xfebf0000-0xfebf0fff]
[    1.395245] pci 0000:00:02.0: reg 0x30: [mem 0xfebe0000-0xfebeffff pref]
[    1.396165] pci 0000:00:02.0: Video device with shadowed ROM at [mem 0x000c0000-0x000dffff]
[    1.406769] pci 0000:00:03.0: [8086:100e] type 00 class 0x020000
[    1.407786] pci 0000:00:03.0: reg 0x10: [mem 0xfebc0000-0xfebdffff]
[    1.408720] pci 0000:00:03.0: reg 0x14: [io  0xc000-0xc03f]
[    1.411130] pci 0000:00:03.0: reg 0x30: [mem 0xfeb80000-0xfebbffff pref]
[    1.434613] ACPI: PCI: Interrupt link LNKA configured for IRQ 10
[    1.436227] ACPI: PCI: Interrupt link LNKB configured for IRQ 10
[    1.437311] ACPI: PCI: Interrupt link LNKC configured for IRQ 11
[    1.438862] ACPI: PCI: Interrupt link LNKD configured for IRQ 11
[    1.439794] ACPI: PCI: Interrupt link LNKS configured for IRQ 9
[    1.443631] iommu: Default domain type: Translated 
[    1.444068] iommu: DMA domain TLB invalidation policy: lazy mode 
[    1.447788] SCSI subsystem initialized
[    1.448880] ACPI: bus type USB registered
[    1.449399] usbcore: registered new interface driver usbfs
[    1.449951] usbcore: registered new interface driver hub
[    1.450473] usbcore: registered new device driver usb
[    1.451256] pps_core: LinuxPPS API ver. 1 registered
[    1.451675] pps_core: Software ver. 5.3.6 - Copyright 2005-2007 Rodolfo Giometti <giometti@linux.it>
[    1.452350] PTP clock support registered
[    1.453021] EDAC MC: Ver: 3.0.0
[    1.456899] NetLabel: Initializing
[    1.457198] NetLabel:  domain hash size = 128
[    1.457565] NetLabel:  protocols = UNLABELED CIPSOv4 CALIPSO
[    1.458240] NetLabel:  unlabeled traffic allowed by default
[    1.492852] PCI: Using ACPI for IRQ routing
[    1.493703] pci 0000:00:02.0: vgaarb: setting as boot VGA device
[    1.494228] pci 0000:00:02.0: vgaarb: bridge control possible
[    1.494709] pci 0000:00:02.0: vgaarb: VGA device added: decodes=io+mem,owns=io+mem,locks=none
[    1.495419] vgaarb: loaded
[    1.496745] hpet0: at MMIO 0xfed00000, IRQs 2, 8, 0
[    1.497195] hpet0: 3 comparators, 64-bit 100.000000 MHz counter
[    4.227273] clocksource: Switched to clocksource kvm-clock
[    4.227908] VFS: Disk quotas dquot_6.6.0
[    4.227908] VFS: Dquot-cache hash table entries: 512 (order 0, 4096 bytes)
[    4.228570] pnp: PnP ACPI init
[    4.233150] pnp: PnP ACPI: found 6 devices
[    4.254508] clocksource: acpi_pm: mask: 0xffffff max_cycles: 0xffffff, max_idle_ns: 2085701024 ns
[    4.255958] NET: Registered PF_INET protocol family
[    4.257158] IP idents hash table entries: 32768 (order: 6, 262144 bytes, linear)
[    4.259612] tcp_listen_portaddr_hash hash table entries: 1024 (order: 4, 73728 bytes, linear)
[    4.260456] Table-perturb hash table entries: 65536 (order: 6, 262144 bytes, linear)
[    4.261193] TCP established hash table entries: 16384 (order: 5, 131072 bytes, linear)
[    4.262555] TCP bind hash table entries: 16384 (order: 9, 2359296 bytes, linear)
[    4.265736] TCP: Hash tables configured (established 16384 bind 16384)
[    4.266623] UDP hash table entries: 1024 (order: 5, 163840 bytes, linear)
[    4.267371] UDP-Lite hash table entries: 1024 (order: 5, 163840 bytes, linear)
[    4.268647] NET: Registered PF_UNIX/PF_LOCAL protocol family
[    4.270130] RPC: Registered named UNIX socket transport module.
[    4.270665] RPC: Registered udp transport module.
[    4.271068] RPC: Registered tcp transport module.
[    4.271473] RPC: Registered tcp NFSv4.1 backchannel transport module.
[    4.272074] pci_bus 0000:00: resource 4 [io  0x0000-0x0cf7 window]
[    4.272645] pci_bus 0000:00: resource 5 [io  0x0d00-0xffff window]
[    4.273189] pci_bus 0000:00: resource 6 [mem 0x000a0000-0x000bffff window]
[    4.273780] pci_bus 0000:00: resource 7 [mem 0x80000000-0xfebfffff window]
[    4.274369] pci_bus 0000:00: resource 8 [mem 0x100000000-0x17fffffff window]
[    4.275418] pci 0000:00:01.0: PIIX3: Enabling Passive Release
[    4.275935] pci 0000:00:00.0: Limiting direct PCI/PCI transfers
[    4.276578] PCI: CLS 0 bytes, default 64
[    4.277044] ACPI: bus type thunderbolt registered
[    4.277944] clocksource: tsc: mask: 0xffffffffffffffff max_cycles: 0x1128af0325d, max_idle_ns: 440795261011 ns
[    4.508223] Initialise system trusted keyrings
[    4.508839] Key type blacklist registered
[    4.509817] workingset: timestamp_bits=36 max_order=19 bucket_order=0
[    4.510504] zbud: loaded
[    4.512391] squashfs: version 4.0 (2009/01/31) Phillip Lougher
[    4.515026] NFS: Registering the id_resolver key type
[    4.515507] Key type id_resolver registered
[    4.515872] Key type id_legacy registered
[    4.516276] nfs4filelayout_init: NFSv4 File Layout Driver Registering...
[    4.516916] nfs4flexfilelayout_init: NFSv4 Flexfile Layout Driver Registering...
[    4.517832] fuse: init (API version 7.38)
[    4.518505] SGI XFS with ACLs, security attributes, realtime, quota, no debug enabled
[    4.521030] 9p: Installing v9fs 9p2000 file system support
[    4.529513] Key type asymmetric registered
[    4.529890] Asymmetric key parser 'x509' registered
[    4.530456] Block layer SCSI generic (bsg) driver version 0.4 loaded (major 243)
[    4.531627] io scheduler mq-deadline registered
[    4.532128] io scheduler bfq registered
[    4.533975] shpchp: Standard Hot Plug PCI Controller Driver version: 0.4
[    4.535401] IPMI message handler: version 39.2
[    4.535871] ipmi device interface
[    4.538813] input: Power Button as /devices/LNXSYSTM:00/LNXPWRBN:00/input/input0
[    4.539894] ACPI: button: Power Button [PWRF]
[    4.542592] ERST DBG: ERST support is disabled.
[    4.545016] Serial: 8250/16550 driver, 32 ports, IRQ sharing enabled
[    4.546550] 00:04: ttyS0 at I/O 0x3f8 (irq = 4, base_baud = 115200) is a 16550A
[    4.565047] Linux agpgart interface v0.103
[    4.567407] ACPI: bus type drm_connector registered
[    4.589506] brd: module loaded
[    4.602529] loop: module loaded
[    4.613883] scsi host0: ata_piix
[    4.615497] scsi host1: ata_piix
[    4.616133] ata1: PATA max MWDMA2 cmd 0x1f0 ctl 0x3f6 bmdma 0xc040 irq 14
[    4.616740] ata2: PATA max MWDMA2 cmd 0x170 ctl 0x376 bmdma 0xc048 irq 15
[    4.619404] tun: Universal TUN/TAP device driver, 1.6
[    4.620184] e100: Intel(R) PRO/100 Network Driver
[    4.620618] e100: Copyright(c) 1999-2006 Intel Corporation
[    4.621162] e1000: Intel(R) PRO/1000 Network Driver
[    4.621587] e1000: Copyright (c) 1999-2006 Intel Corporation.
[    4.776666] ata1: found unknown device (class 0)
[    4.777768] ata1.00: ATA-7: QEMU HARDDISK, 2.5+, max UDMA/100
[    4.778273] ata1.00: 16777216 sectors, multi 16: LBA48 
[    4.779014] ata2: found unknown device (class 0)
[    4.780003] ata2.00: ATAPI: QEMU DVD-ROM, 2.5+, max UDMA/100
[    4.780476] scsi 0:0:0:0: Direct-Access     ATA      QEMU HARDDISK    2.5+ PQ: 0 ANSI: 5
[    4.783235] sd 0:0:0:0: [sda] 16777216 512-byte logical blocks: (8.59 GB/8.00 GiB)
[    4.783961] sd 0:0:0:0: [sda] Write Protect is off
[    4.784493] sd 0:0:0:0: [sda] Write cache: enabled, read cache: enabled, doesn't support DPO or FUA
[    4.784987] sd 0:0:0:0: Attached scsi generic sg0 type 0
[    4.785376] sd 0:0:0:0: [sda] Preferred minimum I/O size 512 bytes
[    4.786632] scsi 1:0:0:0: CD-ROM            QEMU     QEMU DVD-ROM     2.5+ PQ: 0 ANSI: 5
[    4.810215] scsi 1:0:0:0: Attached scsi generic sg1 type 5
[    4.813963] sd 0:0:0:0: [sda] Attached SCSI disk
[    5.409100] ACPI: \_SB_.LNKC: Enabled at IRQ 11
[    5.740635] e1000 0000:00:03.0 eth0: (PCI:33MHz:32-bit) 52:54:00:12:34:56
[    5.741326] e1000 0000:00:03.0 eth0: Intel(R) PRO/1000 Network Connection
[    5.742074] e1000e: Intel(R) PRO/1000 Network Driver
[    5.742510] e1000e: Copyright(c) 1999 - 2015 Intel Corporation.
[    5.743121] igb: Intel(R) Gigabit Ethernet Network Driver
[    5.743588] igb: Copyright (c) 2007-2014 Intel Corporation.
[    5.744308] PPP generic driver version 2.4.2
[    5.746564] VFIO - User Level meta-driver version: 0.3
[    5.748246] usbcore: registered new interface driver uas
[    5.748818] usbcore: registered new interface driver usb-storage
[    5.749660] i8042: PNP: PS/2 Controller [PNP0303:KBD,PNP0f13:MOU] at 0x60,0x64 irq 1,12
[    5.751299] serio: i8042 KBD port at 0x60,0x64 irq 1
[    5.751793] serio: i8042 AUX port at 0x60,0x64 irq 12
[    5.753336] mousedev: PS/2 mouse device common for all mice
[    5.755137] input: AT Translated Set 2 keyboard as /devices/platform/i8042/serio0/input/input1
[    5.757393] rtc_cmos 00:05: RTC can wake from S4
[    5.758754] input: VirtualPS/2 VMware VMMouse as /devices/platform/i8042/serio1/input/input4
[    5.761196] input: VirtualPS/2 VMware VMMouse as /devices/platform/i8042/serio1/input/input3
[    5.763359] rtc_cmos 00:05: registered as rtc0
[    5.763899] rtc_cmos 00:05: setting system clock to 2023-02-06T12:53:45 UTC (1675688025)
[    5.765200] rtc_cmos 00:05: alarms up to one day, y3k, 242 bytes nvram, hpet irqs
[    5.766014] i2c_dev: i2c /dev entries driver
[    5.766876] device-mapper: core: CONFIG_IMA_DISABLE_HTABLE is disabled. Duplicate IMA measurements will not be recorded in the IMA log.
[    5.768120] device-mapper: uevent: version 1.0.3
[    5.769486] device-mapper: ioctl: 4.47.0-ioctl (2022-07-28) initialised: dm-devel@redhat.com
[    5.770355] intel_pstate: CPU model not supported
[    5.771068] sdhci: Secure Digital Host Controller Interface driver
[    5.771682] sdhci: Copyright(c) Pierre Ossman
[    5.772258] sdhci-pltfm: SDHCI platform and OF driver helper
[    5.773151] ledtrig-cpu: registered to indicate activity on CPUs
[    5.774525] drop_monitor: Initializing network drop monitor service
[    5.775477] NET: Registered PF_INET6 protocol family
[    5.783077] Segment Routing with IPv6
[    5.783483] In-situ OAM (IOAM) with IPv6
[    5.783912] NET: Registered PF_PACKET protocol family
[    5.784941] 9pnet: Installing 9P2000 support
[    5.785432] Key type dns_resolver registered
[    5.787404] IPI shorthand broadcast: enabled
[    5.824073] sched_clock: Marking stable (5806791697, 13531965)->(5866226262, -45902600)
[    5.826596] registered taskstats version 1
[    5.827596] Loading compiled-in X.509 certificates
[    5.828592] zswap: loaded using pool lzo/zbud
[    5.875072] Key type .fscrypt registered
[    5.875394] Key type fscrypt-provisioning registered
[    5.878789] Key type encrypted registered
[    5.879219] ima: No TPM chip found, activating TPM-bypass!
[    5.879714] ima: Allocated hash algorithm: sha1
[    5.880169] ima: No architecture policies found
[    5.880697] evm: Initialising EVM extended attributes:
[    5.881147] evm: security.selinux
[    5.881438] evm: security.SMACK64
[    5.881730] evm: security.SMACK64EXEC
[    5.882051] evm: security.SMACK64TRANSMUTE
[    5.882406] evm: security.SMACK64MMAP
[    5.882713] evm: security.apparmor
[    5.882970] evm: security.ima
[    5.883233] evm: security.capability
[    5.883544] evm: HMAC attrs: 0x1
[    5.887100] PM:   Magic number: 11:37:885
[    5.888275] RAS: Correctable Errors collector initialized.
[    5.889570] md: Waiting for all devices to be available before autodetect
[    5.889887] md: If you don't use raid, use raid=noautodetect
[    5.890150] md: Autodetecting RAID arrays.
[    5.890364] md: autorun ...
[    5.890507] md: ... autorun DONE.
[    5.906333] EXT4-fs (sda): mounted filesystem 23a53bb9-f815-47a5-b74c-5e08f7731193 with ordered data mode. Quota mode: none.
[    5.907018] VFS: Mounted root (ext4 filesystem) readonly on device 8:0.
[    5.911572] devtmpfs: mounted
[    5.930627] Freeing unused decrypted memory: 2036K
[    5.937722] Freeing unused kernel image (initmem) memory: 14104K
[    5.938118] Write protecting the kernel read-only data: 90112k
[    5.942268] Freeing unused kernel image (rodata/data gap) memory: 1956K
[    6.048727] x86/mm: Checked W+X mappings: passed, no W+X pages found.
[    6.049154] Run /sbin/init as init process
[    6.310187] systemd[1]: RTC configured in localtime, applying delta of 0 minutes to system time.
[    6.379491] systemd[1]: systemd 239 (239-49.el8) running in system mode. (+PAM +AUDIT +SELINUX +IMA -APPARMOR +SMACK +SYSVINIT +UTMP +LIBCRYPTSETUP +GCRYPT +GNUTLS +ACL +XZ +LZ4 +SECCOMP +BLKID +ELFUTILS +KMOD +IDN2 -IDN +PCRE2 default-hierarchy=legacy)
[    6.382101] systemd[1]: Detected virtualization kvm.
[    6.382409] systemd[1]: Detected architecture x86-64.

Welcome to [0;31mCentOS Stream 8[0m!

[    6.441755] systemd[1]: Set hostname to <test>.
[    7.051379] systemd[1]: Listening on LVM2 poll daemon socket.
[[0;32m  OK  [0m] Listening on LVM2 poll daemon socket.
[    7.075836] systemd[1]: Listening on Process Core Dump Socket.
[[0;32m  OK  [0m] Listening on Process Core Dump Socket.
[    7.078256] systemd[1]: Set up automount Arbitrary Executable File Formats File System Automount Point.
[[0;32m  OK  [0m] Set up automount Arbitrary Executabâ€¦rmats File System Automount Point.
[    7.081433] systemd[1]: Listening on RPCbind Server Activation Socket.
[[0;32m  OK  [0m] Listening on RPCbind Server Activation Socket.
[    7.082994] systemd[1]: Listening on Journal Socket (/dev/log).
[[0;32m  OK  [0m] Listening on Journal Socket (/dev/log).
[    7.085272] systemd[1]: Listening on Journal Socket.
[[0;32m  OK  [0m] Listening on Journal Socket.
[[0;32m  OK  [0m] Created slice system-serial\x2dgetty.slice.
         Starting Remount Root and Kernel File Systems...
[[0;32m  OK  [0m] Listening on udev Kernel Socket.
[[0;32m  OK  [0m] Created slice User and Session Slice.
[[0;32m  OK  [0m] Reached target Slices.
[[0;32m  OK  [0m] Listening on initctl Compatibility Named Pipe.
[[0;32m  OK  [0m] Listening on multipathd control socket.
[[0;32m  OK  [0m] Started Forward Password Requests to Wall Directory Watch.
[[0;32m  OK  [0m] Created slice system-sshd\x2dkeygen.slice.
[[0;32m  OK  [0m] Listening on Device-mapper event daemon FIFOs.
[[0;32m  OK  [0m] Reached target RPC Port Mapper.
         Starting Journal Service...
         Mounting Huge Pages File System...
[[0;32m  OK  [0m] Created slice system-getty.slice.
         Starting Monitoring of LVM2 mirrorsâ€¦ng dmeventd or progress polling...
         Mounting Kernel Debug File System...
         Mounting POSIX Message Queue File System...
[[0;32m  OK  [0m] Reached target Swap.
[[0;32m  OK  [0m] Listening on udev Control Socket.
         Starting udev Coldplug all Devices...
         Starting Load Kernel Modules...
         Starting Setup Virtual Console...
[[0;32m  OK  [0m] Mounted Huge Pages File System.
[[0;32m  OK  [0m] Mounted Kernel Debug File System.
[[0;32m  OK  [0m] Mounted POSIX Message Queue File System.
[[0;1;31mFAILED[0m] Failed to start Load Kernel Modules.
See 'systemctl status systemd-modules-load.service' for details.
         Mounting Kernel Configuration File System...
[    7.676405] EXT4-fs (sda): re-mounted 23a53bb9-f815-47a5-b74c-5e08f7731193. Quota mode: none.
         Starting Apply Kernel Variables...
         Mounting FUSE Control File System...
[[0;32m  OK  [0m] Started Journal Service.
[[0;32m  OK  [0m] Started Remount Root and Kernel File Systems.
[[0;32m  OK  [0m] Mounted Kernel Configuration File System.
[[0;32m  OK  [0m] Started Apply Kernel Variables.
[[0;32m  OK  [0m] Mounted FUSE Control File System.
         Starting Load/Save Random Seed...
         Starting Create Static Device Nodes in /dev...
         Starting Flush Journal to Persistent Storage...
[[0;32m  OK  [0m] Started Load/Save Random Seed.
[[0;32m  OK  [0m] Started Create Static Device Nodes in /dev.
[[0;32m  OK  [0m] Started Flush Journal to Persistent Storage.
         Starting udev Kernel Device Manager...
[[0;32m  OK  [0m] Started Setup Virtual Console.
[[0;32m  OK  [0m] Started udev Kernel Device Manager.
[[0;32m  OK  [0m] Started udev Coldplug all Devices.
         Starting udev Wait for Complete Device Initialization...
         Starting Show Plymouth Boot Screen...
[[0;32m  OK  [0m] Started Show Plymouth Boot Screen.
[[0;32m  OK  [0m] Reached target Local Encrypted Volumes.
[[0;32m  OK  [0m] Reached target Paths.
[[0;32m  OK  [0m] Started Forward Password Requests to Plymouth Directory Watch.
[[0;32m  OK  [0m] Found device /dev/ttyS0.
[[0;32m  OK  [0m] Started Monitoring of LVM2 mirrors,â€¦sing dmeventd or progress polling.
[[0;32m  OK  [0m] Started udev Wait for Complete Device Initialization.
[[0;32m  OK  [0m] Listening on Load/Save RF Kill Switch Status /dev/rfkill Watch.
[[0;32m  OK  [0m] Reached target Local File Systems (Pre).
[[0;32m  OK  [0m] Reached target Local File Systems.
         Starting Tell Plymouth To Write Out Runtime Data...
         Starting Restore /run/initramfs on shutdown...
         Starting Create Volatile Files and Directories...
[[0;32m  OK  [0m] Started Tell Plymouth To Write Out Runtime Data.
[[0;32m  OK  [0m] Started Restore /run/initramfs on shutdown.
[[0;32m  OK  [0m] Started Create Volatile Files and Directories.
         Mounting RPC Pipe File System...
         Starting RPC Bind...
         Starting Security Auditing Service...
[[0;32m  OK  [0m] Mounted RPC Pipe File System.
[[0;32m  OK  [0m] Reached target rpc_pipefs.target.
[[0;32m  OK  [0m] Started RPC Bind.
[[0;32m  OK  [0m] Started Security Auditing Service.
         Starting Update UTMP about System Boot/Shutdown...
[[0;32m  OK  [0m] Started Update UTMP about System Boot/Shutdown.
[[0;32m  OK  [0m] Reached target System Initialization.
[[0;32m  OK  [0m] Listening on SSSD Kerberos Cache Manager responder socket.
[[0;32m  OK  [0m] Started daily update of the root trust anchor for DNSSEC.
[[0;32m  OK  [0m] Started dnf makecache --timer.
[[0;32m  OK  [0m] Listening on D-Bus System Message Bus Socket.
[[0;32m  OK  [0m] Reached target Sockets.
[[0;32m  OK  [0m] Reached target Basic System.
[[0;32m  OK  [0m] Started D-Bus System Message Bus.
         Starting Login Service...
[[0;32m  OK  [0m] Started irqbalance daemon.
         Starting Self Monitoring and Reporting Technology (SMART) Daemon...
         Starting Authorization Manager...
         Starting Auto-connect to subsystemsâ€¦-NVME devices found during boot...
         Starting NTP client/server...
[[0;32m  OK  [0m] Reached target sshd-keygen.target.
         Starting Network Manager...
[[0;32m  OK  [0m] Started Machine Check Exception Logging Daemon.
[[0;32m  OK  [0m] Started Daily Cleanup of Temporary Directories.
[[0;32m  OK  [0m] Reached target Timers.
[[0;32m  OK  [0m] Started Self Monitoring and Reporting Technology (SMART) Daemon.
[[0;32m  OK  [0m] Started Auto-connect to subsystems â€¦FC-NVME devices found during boot.
         Starting update of the root trust aâ€¦or DNSSEC validation in unbound...
[[0;32m  OK  [0m] Started Login Service.
[[0;32m  OK  [0m] Started NTP client/server.
[[0;32m  OK  [0m] Started Network Manager.
[[0;32m  OK  [0m] Reached target Network.
         Starting GSSAPI Proxy Daemon...
         Starting Dynamic System Tuning Daemon...
         Starting OpenSSH server daemon...
         Starting Network Manager Wait Online...
[[0;32m  OK  [0m] Started update of the root trust anâ€¦ for DNSSEC validation in unbound.
[[0;32m  OK  [0m] Started Authorization Manager.
         Starting Hostname Service...
[[0;32m  OK  [0m] Started GSSAPI Proxy Daemon.
[[0;32m  OK  [0m] Started OpenSSH server daemon.
[[0;32m  OK  [0m] Reached target NFS client services.
[[0;32m  OK  [0m] Reached target Remote File Systems (Pre).
[[0;32m  OK  [0m] Reached target Remote File Systems.
         Starting Permit User Sessions...
[[0;32m  OK  [0m] Started Permit User Sessions.
         Starting Hold until boot process finishes up...
         Starting Terminate Plymouth Boot Screen...
[[0;32m  OK  [0m] Started Hold until boot process finishes up.
[[0;32m  OK  [0m] Started Terminate Plymouth Boot Screen.
[   12.008641] e1000: eth0 NIC Link is Up 1000 Mbps Full Duplex, Flow Control: RX
[   12.009882] IPv6: ADDRCONF(NETDEV_CHANGE): eth0: link becomes ready
[   12.457726] Spectre V2 : WARNING: Unprivileged eBPF is enabled with eIBRS on, data leaks possible via Spectre v2 BHB attacks!
[   12.459369] Spectre V2 : WARNING: Unprivileged eBPF is enabled with eIBRS on, data leaks possible via Spectre v2 BHB attacks!

CentOS Stream 8
Kernel 6.2.0-rc7-4ec5183ec486 on an x86_64

test login: [   30.076996] Injecting memory failure for pfn 0x18eef at process virtual address 0x20cef000
[   30.077554] page:000000005a337492 refcount:2 mapcount:0 mapping:0000000000000000 index:0x0 pfn:0x18e00
[   30.078118] head:000000005a337492 order:9 compound_mapcount:0 subpages_mapcount:0 compound_pincount:0
[   30.078632] flags: 0xfffffc0010001(locked|head|node=0|zone=1|lastcpupid=0x1fffff)
[   30.079065] raw: 000fffffc0010001 0000000000000000 dead000000000122 0000000000000000
[   30.079507] raw: 0000000000000000 0000000000000000 00000002ffffffff 0000000000000000
[   30.079940] page dumped because: VM_WARN_ON_ONCE_FOLIO(is_hzp)
[   30.080449] ------------[ cut here ]------------
[   30.080715] WARNING: CPU: 1 PID: 517 at mm/huge_memory.c:2667 split_huge_page_to_list+0x1629/0x3970
[   30.081257] Modules linked in:
[   30.081452] CPU: 1 PID: 517 Comm: repro Not tainted 6.2.0-rc7-4ec5183ec486 #1
[   30.081891] Hardware name: QEMU Standard PC (i440FX + PIIX, 1996), BIOS rel-1.14.0-0-g155821a1990b-prebuilt.qemu.org 04/01/2014
[   30.082530] RIP: 0010:split_huge_page_to_list+0x1629/0x3970
[   30.082863] Code: 31 ff 44 89 e6 e8 d7 aa a2 ff 45 84 e4 75 1d e8 6d a9 a2 ff 48 c7 c6 e0 6b 79 85 48 89 df e8 fe b8 e5 ff c6 05 03 2d 98 05 01 <0f> 0b 41 bd f0 ff ff ff e9 2e f1 ff ff 48 c7 85 d8 fe ff ff ff ff
[   30.083879] RSP: 0018:ffff8880135b7af8 EFLAGS: 00010246
[   30.084189] RAX: 0000000000000000 RBX: ffffea0000638000 RCX: ffffffff813dde2e
[   30.084765] RDX: 0000000000000000 RSI: ffff88800f758000 RDI: 0000000000000002
[   30.085359] RBP: ffff8880135b7c78 R08: ffffed100d9a62b2 R09: ffffed100d9a62b2
[   30.085825] R10: ffff88806cd3158b R11: ffffed100d9a62b1 R12: 0000000000000000
[   30.086227] R13: 0000000000000001 R14: 0000000000000000 R15: ffff8880135b7c50
[   30.086628] FS:  00007efdb7675740(0000) GS:ffff88806cd00000(0000) knlGS:0000000000000000
[   30.087083] CS:  0010 DS: 0000 ES: 0000 CR0: 0000000080050033
[   30.087445] CR2: 00007efdb779a580 CR3: 0000000016be0005 CR4: 0000000000770ee0
[   30.087916] DR0: 0000000000000000 DR1: 0000000000000000 DR2: 0000000000000000
[   30.088334] DR3: 0000000000000000 DR6: 00000000ffff07f0 DR7: 0000000000000400
[   30.088738] PKRU: 55555554
[   30.088902] Call Trace:
[   30.089055]  <TASK>
[   30.089190]  ? rcu_read_lock_sched_held+0xa9/0xd0
[   30.089487]  ? __pfx_rcu_read_lock_sched_held+0x10/0x10
[   30.089812]  ? rcu_read_lock_sched_held+0xa9/0xd0
[   30.090237]  ? __this_cpu_preempt_check+0x20/0x30
[   30.090545]  ? __pfx_split_huge_page_to_list+0x10/0x10
[   30.090848]  ? __this_cpu_preempt_check+0x20/0x30
[   30.091148]  ? lock_is_held_type+0xe6/0x140
[   30.091618]  ? mark_held_locks+0xb7/0x140
[   30.091882]  ? write_comp_data+0x2f/0x90
[   30.092135]  try_to_split_thp_page+0xbc/0x450
[   30.092425]  memory_failure+0xcfc/0x2ac0
[   30.092675]  ? __pfx_memory_failure+0x10/0x10
[   30.092943]  ? _printk+0xc/0xdc
[   30.093156]  ? __pfx__printk+0x10/0x10
[   30.093384]  ? write_comp_data+0x2f/0x90
[   30.093633]  ? __sanitizer_cov_trace_pc+0x25/0x60
[   30.093922]  ? write_comp_data+0x2f/0x90
[   30.094172]  do_madvise.cold.55+0x187/0x1a5
[   30.094435]  ? lockdep_hardirqs_on+0x8a/0x110
[   30.094706]  ? __pfx_do_madvise+0x10/0x10
[   30.094960]  ? write_comp_data+0x2f/0x90
[   30.095207]  ? __sanitizer_cov_trace_pc+0x25/0x60
[   30.095496]  ? __audit_syscall_entry+0x3e4/0x550
[   30.095786]  __x64_sys_madvise+0xb3/0x120
[   30.096032]  ? syscall_enter_from_user_mode+0x51/0x60
[   30.096357]  do_syscall_64+0x3b/0x90
[   30.096585]  entry_SYSCALL_64_after_hwframe+0x72/0xdc
[   30.096895] RIP: 0033:0x7efdb779a59d
[   30.097174] Code: 00 c3 66 2e 0f 1f 84 00 00 00 00 00 90 f3 0f 1e fa 48 89 f8 48 89 f7 48 89 d6 48 89 ca 4d 89 c2 4d 89 c8 4c 8b 4c 24 08 0f 05 <48> 3d 01 f0 ff ff 73 01 c3 48 8b 0d d3 08 0d 00 f7 d8 64 89 01 48
[   30.098195] RSP: 002b:00007ffdbd086878 EFLAGS: 00000217 ORIG_RAX: 000000000000001c
[   30.098623] RAX: ffffffffffffffda RBX: 0000000000000000 RCX: 00007efdb779a59d
[   30.099027] RDX: 0000000000000064 RSI: 0000000000003000 RDI: 0000000020cef000
[   30.099429] RBP: 00007ffdbd086880 R08: 00007ffdbd0868b0 R09: 00007ffdbd0868b0
[   30.099831] R10: 0000000000000004 R11: 0000000000000217 R12: 0000000000401180
[   30.100232] R13: 00007ffdbd0869a0 R14: 0000000000000000 R15: 0000000000000000
[   30.100672]  </TASK>
[   30.100814] irq event stamp: 1591
[   30.101014] hardirqs last  enabled at (1599): [<ffffffff813dd0a1>] __up_console_sem+0x91/0xb0
[   30.101507] hardirqs last disabled at (1606): [<ffffffff813dd086>] __up_console_sem+0x76/0xb0
[   30.101994] softirqs last  enabled at (1104): [<ffffffff8536af3f>] __do_softirq+0x53f/0x836
[   30.102472] softirqs last disabled at (1017): [<ffffffff812498b0>] irq_exit_rcu+0x100/0x140
[   30.102956] ---[ end trace 0000000000000000 ]---
[   30.103229] Memory failure: 0x18eef: recovery action for unsplit thp: Ignored
[   30.106764] Injecting memory failure for pfn 0x18eef at process virtual address 0x20cef000
[   30.107243] Memory failure: 0x18eef: already hardware poisoned
[   30.110864] Injecting memory failure for pfn 0x18eef at process virtual address 0x20cef000
[   30.111327] Memory failure: 0x18eef: already hardware poisoned
[   30.114177] Injecting memory failure for pfn 0x18eef at process virtual address 0x20cef000
[   30.114647] Memory failure: 0x18eef: already hardware poisoned
[   30.118471] Injecting memory failure for pfn 0x18eef at process virtual address 0x20cef000
[   30.118943] Memory failure: 0x18eef: already hardware poisoned
[   30.122637] Injecting memory failure for pfn 0x18eef at process virtual address 0x20cef000
[   30.123108] Memory failure: 0x18eef: already hardware poisoned
[   30.125842] Injecting memory failure for pfn 0x18eef at process virtual address 0x20cef000
[   30.126303] Memory failure: 0x18eef: already hardware poisoned
[   30.129736] Injecting memory failure for pfn 0x18eef at process virtual address 0x20cef000
[   30.130193] Memory failure: 0x18eef: already hardware poisoned
[   30.133810] Injecting memory failure for pfn 0x18eef at process virtual address 0x20cef000
[   30.134282] Memory failure: 0x18eef: already hardware poisoned
[   30.137670] Injecting memory failure for pfn 0x18eef at process virtual address 0x20cef000
[   30.138138] Memory failure: 0x18eef: already hardware poisoned
[   30.140979] Injecting memory failure for pfn 0x18eef at process virtual address 0x20cef000
[   30.141437] Memory failure: 0x18eef: already hardware poisoned
[   30.145329] Injecting memory failure for pfn 0x18eef at process virtual address 0x20cef000
[   30.145828] Memory failure: 0x18eef: already hardware poisoned
[   30.149686] Injecting memory failure for pfn 0x18eef at process virtual address 0x20cef000
[   30.150155] Memory failure: 0x18eef: already hardware poisoned
[   30.153316] Injecting memory failure for pfn 0x18eef at process virtual address 0x20cef000
[   30.153789] Memory failure: 0x18eef: already hardware poisoned
[   30.157647] Injecting memory failure for pfn 0x18eef at process virtual address 0x20cef000
[   30.158127] Memory failure: 0x18eef: already hardware poisoned
[   30.161467] Injecting memory failure for pfn 0x18eef at process virtual address 0x20cef000
[   30.161954] Memory failure: 0x18eef: already hardware poisoned
[   30.166014] Injecting memory failure for pfn 0x18eef at process virtual address 0x20cef000
[   30.166489] Memory failure: 0x18eef: already hardware poisoned
[   30.170475] Injecting memory failure for pfn 0x18eef at process virtual address 0x20cef000
[   30.170945] Memory failure: 0x18eef: already hardware poisoned
[   30.174759] Injecting memory failure for pfn 0x18eef at process virtual address 0x20cef000
[   30.175229] Memory failure: 0x18eef: already hardware poisoned
[   30.178967] Injecting memory failure for pfn 0x18eef at process virtual address 0x20cef000
[   30.179425] Memory failure: 0x18eef: already hardware poisoned
[   30.183380] Injecting memory failure for pfn 0x18eef at process virtual address 0x20cef000
[   30.183864] Memory failure: 0x18eef: already hardware poisoned
[   30.187502] Injecting memory failure for pfn 0x18eef at process virtual address 0x20cef000
[   30.187965] Memory failure: 0x18eef: already hardware poisoned
[   30.191645] Injecting memory failure for pfn 0x18eef at process virtual address 0x20cef000
[   30.192112] Memory failure: 0x18eef: already hardware poisoned
[   30.195710] Injecting memory failure for pfn 0x18eef at process virtual address 0x20cef000
[   30.196179] Memory failure: 0x18eef: already hardware poisoned
[   30.199815] Injecting memory failure for pfn 0x18eef at process virtual address 0x20cef000
[   30.200278] Memory failure: 0x18eef: already hardware poisoned
[   30.204001] Injecting memory failure for pfn 0x18eef at process virtual address 0x20cef000
[   30.204732] Memory failure: 0x18eef: already hardware poisoned
[   30.208175] Injecting memory failure for pfn 0x18eef at process virtual address 0x20cef000
[   30.209106] Memory failure: 0x18eef: already hardware poisoned
[   30.212675] Injecting memory failure for pfn 0x18eef at process virtual address 0x20cef000
[   30.213166] Memory failure: 0x18eef: already hardware poisoned
[   30.217073] Injecting memory failure for pfn 0x18eef at process virtual address 0x20cef000
[   30.217537] Memory failure: 0x18eef: already hardware poisoned
[   30.221197] Injecting memory failure for pfn 0x18eef at process virtual address 0x20cef000
[   30.221693] Memory failure: 0x18eef: already hardware poisoned
[   30.225594] Injecting memory failure for pfn 0x18eef at process virtual address 0x20cef000
[   30.226064] Memory failure: 0x18eef: already hardware poisoned
[   30.230175] Injecting memory failure for pfn 0x18eef at process virtual address 0x20cef000
[   30.230643] Memory failure: 0x18eef: already hardware poisoned
[   30.234310] Injecting memory failure for pfn 0x18eef at process virtual address 0x20cef000
[   30.234774] Memory failure: 0x18eef: already hardware poisoned
[   30.238468] Injecting memory failure for pfn 0x18eef at process virtual address 0x20cef000
[   30.238936] Memory failure: 0x18eef: already hardware poisoned
[   30.242579] Injecting memory failure for pfn 0x18eef at process virtual address 0x20cef000
[   30.243033] Memory failure: 0x18eef: already hardware poisoned
[   30.246696] Injecting memory failure for pfn 0x18eef at process virtual address 0x20cef000
[   30.247166] Memory failure: 0x18eef: already hardware poisoned
[   30.250875] Injecting memory failure for pfn 0x18eef at process virtual address 0x20cef000
[   30.251339] Memory failure: 0x18eef: already hardware poisoned
[   30.255030] Injecting memory failure for pfn 0x18eef at process virtual address 0x20cef000
[   30.255498] Memory failure: 0x18eef: already hardware poisoned
[   30.258360] Injecting memory failure for pfn 0x18eef at process virtual address 0x20cef000
[   30.258840] Memory failure: 0x18eef: already hardware poisoned
[   30.262399] Injecting memory failure for pfn 0x18eef at process virtual address 0x20cef000
[   30.262866] Memory failure: 0x18eef: already hardware poisoned
[   30.266535] Injecting memory failure for pfn 0x18eef at process virtual address 0x20cef000
[   30.267002] Memory failure: 0x18eef: already hardware poisoned
[   30.270683] Injecting memory failure for pfn 0x18eef at process virtual address 0x20cef000
[   30.271142] Memory failure: 0x18eef: already hardware poisoned
[   30.274820] Injecting memory failure for pfn 0x18eef at process virtual address 0x20cef000
[   30.275285] Memory failure: 0x18eef: already hardware poisoned
[   30.278950] Injecting memory failure for pfn 0x18eef at process virtual address 0x20cef000
[   30.279413] Memory failure: 0x18eef: already hardware poisoned
[   30.283522] Injecting memory failure for pfn 0x18eef at process virtual address 0x20cef000
[   30.283991] Memory failure: 0x18eef: already hardware poisoned
[   30.287656] Injecting memory failure for pfn 0x18eef at process virtual address 0x20cef000
[   30.288128] Memory failure: 0x18eef: already hardware poisoned
[   30.291887] Injecting memory failure for pfn 0x18eef at process virtual address 0x20cef000
[   30.292384] Memory failure: 0x18eef: already hardware poisoned
[   30.296085] Injecting memory failure for pfn 0x18eef at process virtual address 0x20cef000
[   30.296652] Memory failure: 0x18eef: already hardware poisoned
[   30.300371] Injecting memory failure for pfn 0x18eef at process virtual address 0x20cef000
[   30.300875] Memory failure: 0x18eef: already hardware poisoned
[   30.304897] Injecting memory failure for pfn 0x18eef at process virtual address 0x20cef000
[   30.305371] Memory failure: 0x18eef: already hardware poisoned
[   30.309093] Injecting memory failure for pfn 0x18eef at process virtual address 0x20cef000
[   30.309559] Memory failure: 0x18eef: already hardware poisoned
[   30.313323] Injecting memory failure for pfn 0x18eef at process virtual address 0x20cef000
[   30.313776] Memory failure: 0x18eef: already hardware poisoned
[   30.317968] Injecting memory failure for pfn 0x18eef at process virtual address 0x20cef000
[   30.318439] Memory failure: 0x18eef: already hardware poisoned
[   30.322245] Injecting memory failure for pfn 0x18eef at process virtual address 0x20cef000
[   30.322724] Memory failure: 0x18eef: already hardware poisoned
[   30.325386] Injecting memory failure for pfn 0x18eef at process virtual address 0x20cef000
[   30.325890] Memory failure: 0x18eef: already hardware poisoned
[   30.329947] Injecting memory failure for pfn 0x18eef at process virtual address 0x20cef000
[   30.330410] Memory failure: 0x18eef: already hardware poisoned
[   30.334130] Injecting memory failure for pfn 0x18eef at process virtual address 0x20cef000
[   30.334602] Memory failure: 0x18eef: already hardware poisoned
[   30.338535] Injecting memory failure for pfn 0x18eef at process virtual address 0x20cef000
[   30.339074] Memory failure: 0x18eef: already hardware poisoned
[   30.343372] Injecting memory failure for pfn 0x18eef at process virtual address 0x20cef000
[   30.343876] Memory failure: 0x18eef: already hardware poisoned
[   30.347090] Injecting memory failure for pfn 0x18eef at process virtual address 0x20cef000
[   30.347772] Memory failure: 0x18eef: already hardware poisoned
[   30.351740] Injecting memory failure for pfn 0x18eef at process virtual address 0x20cef000
[   30.352688] Memory failure: 0x18eef: already hardware poisoned
[   30.356541] Injecting memory failure for pfn 0x18eef at process virtual address 0x20cef000
[   30.357050] Memory failure: 0x18eef: already hardware poisoned
[   30.360891] Injecting memory failure for pfn 0x18eef at process virtual address 0x20cef000
[   30.361368] Memory failure: 0x18eef: already hardware poisoned
[   30.365351] Injecting memory failure for pfn 0x18eef at process virtual address 0x20cef000
[   30.365822] Memory failure: 0x18eef: already hardware poisoned
[   30.369651] Injecting memory failure for pfn 0x18eef at process virtual address 0x20cef000
[   30.370150] Memory failure: 0x18eef: already hardware poisoned
[   30.373072] Injecting memory failure for pfn 0x18eef at process virtual address 0x20cef000
[   30.373550] Memory failure: 0x18eef: already hardware poisoned
[   30.377368] Injecting memory failure for pfn 0x18eef at process virtual address 0x20cef000
[   30.377842] Memory failure: 0x18eef: already hardware poisoned
[   30.381949] Injecting memory failure for pfn 0x18eef at process virtual address 0x20cef000
[   30.382429] Memory failure: 0x18eef: already hardware poisoned
[   30.386228] Injecting memory failure for pfn 0x18eef at process virtual address 0x20cef000
[   30.386709] Memory failure: 0x18eef: already hardware poisoned
[   30.390506] Injecting memory failure for pfn 0x18eef at process virtual address 0x20cef000
[   30.390974] Memory failure: 0x18eef: already hardware poisoned
[   30.394718] Injecting memory failure for pfn 0x18eef at process virtual address 0x20cef000
[   30.395192] Memory failure: 0x18eef: already hardware poisoned
[   30.398866] Injecting memory failure for pfn 0x18eef at process virtual address 0x20cef000
[   30.399332] Memory failure: 0x18eef: already hardware poisoned
[   30.403024] Injecting memory failure for pfn 0x18eef at process virtual address 0x20cef000
[   30.403488] Memory failure: 0x18eef: already hardware poisoned
[   30.406414] Injecting memory failure for pfn 0x18eef at process virtual address 0x20cef000
[   30.406902] Memory failure: 0x18eef: already hardware poisoned
[   30.410440] Injecting memory failure for pfn 0x18eef at process virtual address 0x20cef000
[   30.410906] Memory failure: 0x18eef: already hardware poisoned
[   30.414726] Injecting memory failure for pfn 0x18eef at process virtual address 0x20cef000
[   30.415196] Memory failure: 0x18eef: already hardware poisoned
[   30.419164] Injecting memory failure for pfn 0x18eef at process virtual address 0x20cef000
[   30.419631] Memory failure: 0x18eef: already hardware poisoned
[   30.423303] Injecting memory failure for pfn 0x18eef at process virtual address 0x20cef000
[   30.423767] Memory failure: 0x18eef: already hardware poisoned
[   30.427618] Injecting memory failure for pfn 0x18eef at process virtual address 0x20cef000
[   30.428088] Memory failure: 0x18eef: already hardware poisoned
[   30.431735] Injecting memory failure for pfn 0x18eef at process virtual address 0x20cef000
[   30.432202] Memory failure: 0x18eef: already hardware poisoned
[   30.435971] Injecting memory failure for pfn 0x18eef at process virtual address 0x20cef000
[   30.436634] Memory failure: 0x18eef: already hardware poisoned
[   30.440131] Injecting memory failure for pfn 0x18eef at process virtual address 0x20cef000
[   30.440954] Memory failure: 0x18eef: already hardware poisoned
[   30.444660] Injecting memory failure for pfn 0x18eef at process virtual address 0x20cef000
[   30.445128] Memory failure: 0x18eef: already hardware poisoned
[   30.448948] Injecting memory failure for pfn 0x18eef at process virtual address 0x20cef000
[   30.449413] Memory failure: 0x18eef: already hardware poisoned
[   30.452166] Injecting memory failure for pfn 0x18eef at process virtual address 0x20cef000
[   30.452678] Memory failure: 0x18eef: already hardware poisoned
[   30.456452] Injecting memory failure for pfn 0x18eef at process virtual address 0x20cef000
[   30.456944] Memory failure: 0x18eef: already hardware poisoned
[   30.460971] Injecting memory failure for pfn 0x18eef at process virtual address 0x20cef000
[   30.461452] Memory failure: 0x18eef: already hardware poisoned
[   30.465323] Injecting memory failure for pfn 0x18eef at process virtual address 0x20cef000
[   30.465822] Memory failure: 0x18eef: already hardware poisoned
[   30.470031] Injecting memory failure for pfn 0x18eef at process virtual address 0x20cef000
[   30.470500] Memory failure: 0x18eef: already hardware poisoned
[   30.474339] Injecting memory failure for pfn 0x18eef at process virtual address 0x20cef000
[   30.474798] Memory failure: 0x18eef: already hardware poisoned
[   30.478555] Injecting memory failure for pfn 0x18eef at process virtual address 0x20cef000
[   30.479038] Memory failure: 0x18eef: already hardware poisoned
[   30.482609] Injecting memory failure for pfn 0x18eef at process virtual address 0x20cef000
[   30.483099] Memory failure: 0x18eef: already hardware poisoned
[   30.486790] Injecting memory failure for pfn 0x18eef at process virtual address 0x20cef000
[   30.487265] Memory failure: 0x18eef: already hardware poisoned
[   30.490982] Injecting memory failure for pfn 0x18eef at process virtual address 0x20cef000
[   30.491460] Memory failure: 0x18eef: already hardware poisoned
[   30.494305] Injecting memory failure for pfn 0x18eef at process virtual address 0x20cef000
[   30.494795] Memory failure: 0x18eef: already hardware poisoned
[   30.498356] Injecting memory failure for pfn 0x18eef at process virtual address 0x20cef000
[   30.498838] Memory failure: 0x18eef: already hardware poisoned
[   30.502599] Injecting memory failure for pfn 0x18eef at process virtual address 0x20cef000
[   30.503073] Memory failure: 0x18eef: already hardware poisoned
[   30.506779] Injecting memory failure for pfn 0x18eef at process virtual address 0x20cef000
[   30.507236] Memory failure: 0x18eef: already hardware poisoned
[   30.510995] Injecting memory failure for pfn 0x18eef at process virtual address 0x20cef000
[   30.511466] Memory failure: 0x18eef: already hardware poisoned
[   30.514601] Injecting memory failure for pfn 0x18eef at process virtual address 0x20cef000
[   30.515072] Memory failure: 0x18eef: already hardware poisoned
[   30.518231] Injecting memory failure for pfn 0x18eef at process virtual address 0x20cef000
[   30.518700] Memory failure: 0x18eef: already hardware poisoned
[   30.521391] Injecting memory failure for pfn 0x18eef at process virtual address 0x20cef000
[   30.521890] Memory failure: 0x18eef: already hardware poisoned
[   30.525937] Injecting memory failure for pfn 0x18eef at process virtual address 0x20cef000
[   30.526413] Memory failure: 0x18eef: already hardware poisoned
[   30.529919] Injecting memory failure for pfn 0x18eef at process virtual address 0x20cef000
[   30.530372] Memory failure: 0x18eef: already hardware poisoned
[   30.533125] Injecting memory failure for pfn 0x18eef at process virtual address 0x20cef000
[   30.533589] Memory failure: 0x18eef: already hardware poisoned
[   30.537410] Injecting memory failure for pfn 0x18eef at process virtual address 0x20cef000
[   30.537912] Memory failure: 0x18eef: already hardware poisoned
[   30.541903] Injecting memory failure for pfn 0x18eef at process virtual address 0x20cef000
[   30.542351] Memory failure: 0x18eef: already hardware poisoned
[   30.545145] Injecting memory failure for pfn 0x18eef at process virtual address 0x20cef000
[   30.545549] Memory failure: 0x18eef: already hardware poisoned
[   30.549243] Injecting memory failure for pfn 0x18eef at process virtual address 0x20cef000
[   30.549704] Memory failure: 0x18eef: already hardware poisoned
[   30.553656] Injecting memory failure for pfn 0x18eef at process virtual address 0x20cef000
[   30.554125] Memory failure: 0x18eef: already hardware poisoned
[   30.558556] Injecting memory failure for pfn 0x18eef at process virtual address 0x20cef000
[   30.559028] Memory failure: 0x18eef: already hardware poisoned
[   30.563006] Injecting memory failure for pfn 0x18eef at process virtual address 0x20cef000
[   30.563482] Memory failure: 0x18eef: already hardware poisoned
[   30.567037] Injecting memory failure for pfn 0x18eef at process virtual address 0x20cef000
[   30.567518] Memory failure: 0x18eef: already hardware poisoned
[   30.570387] Injecting memory failure for pfn 0x18eef at process virtual address 0x20cef000
[   30.570875] Memory failure: 0x18eef: already hardware poisoned
[   30.574697] Injecting memory failure for pfn 0x18eef at process virtual address 0x20cef000
[   30.575174] Memory failure: 0x18eef: already hardware poisoned
[   30.579261] Injecting memory failure for pfn 0x18eef at process virtual address 0x20cef000
[   30.579743] Memory failure: 0x18eef: already hardware poisoned
[   30.582835] Injecting memory failure for pfn 0x18eef at process virtual address 0x20cef000
[   30.583730] Memory failure: 0x18eef: already hardware poisoned
[   30.588434] Injecting memory failure for pfn 0x18eef at process virtual address 0x20cef000
[   30.589614] Memory failure: 0x18eef: already hardware poisoned
[   30.595957] Injecting memory failure for pfn 0x18eef at process virtual address 0x20cef000
[   30.596876] Memory failure: 0x18eef: already hardware poisoned
[   30.599960] Injecting memory failure for pfn 0x18eef at process virtual address 0x20cef000
[   30.601159] Memory failure: 0x18eef: already hardware poisoned
[   30.606916] Injecting memory failure for pfn 0x18eef at process virtual address 0x20cef000
[   30.607809] Memory failure: 0x18eef: already hardware poisoned
[   30.611752] Injecting memory failure for pfn 0x18eef at process virtual address 0x20cef000
[   30.612710] Memory failure: 0x18eef: already hardware poisoned
[   30.617078] Injecting memory failure for pfn 0x18eef at process virtual address 0x20cef000
[   30.617564] Memory failure: 0x18eef: already hardware poisoned
[   30.620806] Injecting memory failure for pfn 0x18eef at process virtual address 0x20cef000
[   30.621298] Memory failure: 0x18eef: already hardware poisoned
[   30.625192] Injecting memory failure for pfn 0x18eef at process virtual address 0x20cef000
[   30.625654] Memory failure: 0x18eef: already hardware poisoned
[   30.629283] Injecting memory failure for pfn 0x18eef at process virtual address 0x20cef000
[   30.629752] Memory failure: 0x18eef: already hardware poisoned
[   30.633894] Injecting memory failure for pfn 0x18eef at process virtual address 0x20cef000
[   30.634365] Memory failure: 0x18eef: already hardware poisoned
[   30.638247] Injecting memory failure for pfn 0x18eef at process virtual address 0x20cef000
[   30.638722] Memory failure: 0x18eef: already hardware poisoned
[   30.642429] Injecting memory failure for pfn 0x18eef at process virtual address 0x20cef000
[   30.642898] Memory failure: 0x18eef: already hardware poisoned
[   30.646532] Injecting memory failure for pfn 0x18eef at process virtual address 0x20cef000
[   30.646996] Memory failure: 0x18eef: already hardware poisoned
[   30.650711] Injecting memory failure for pfn 0x18eef at process virtual address 0x20cef000
[   30.651181] Memory failure: 0x18eef: already hardware poisoned
[   30.654931] Injecting memory failure for pfn 0x18eef at process virtual address 0x20cef000
[   30.655413] Memory failure: 0x18eef: already hardware poisoned
[   30.659692] Injecting memory failure for pfn 0x18eef at process virtual address 0x20cef000
[   30.660160] Memory failure: 0x18eef: already hardware poisoned
[   30.663848] Injecting memory failure for pfn 0x18eef at process virtual address 0x20cef000
[   30.664555] Memory failure: 0x18eef: already hardware poisoned
[   30.668043] Injecting memory failure for pfn 0x18eef at process virtual address 0x20cef000
[   30.668941] Memory failure: 0x18eef: already hardware poisoned
[   30.672258] Injecting memory failure for pfn 0x18eef at process virtual address 0x20cef000
[   30.673156] Memory failure: 0x18eef: already hardware poisoned
[   30.676791] Injecting memory failure for pfn 0x18eef at process virtual address 0x20cef000
[   30.677270] Memory failure: 0x18eef: already hardware poisoned
[   30.681174] Injecting memory failure for pfn 0x18eef at process virtual address 0x20cef000
[   30.681645] Memory failure: 0x18eef: already hardware poisoned
[   30.685590] Injecting memory failure for pfn 0x18eef at process virtual address 0x20cef000
[   30.686066] Memory failure: 0x18eef: already hardware poisoned
[   30.689430] Injecting memory failure for pfn 0x18eef at process virtual address 0x20cef000
[   30.689979] Memory failure: 0x18eef: already hardware poisoned
[   30.694000] Injecting memory failure for pfn 0x18eef at process virtual address 0x20cef000
[   30.694472] Memory failure: 0x18eef: already hardware poisoned
[   30.698153] Injecting memory failure for pfn 0x18eef at process virtual address 0x20cef000
[   30.698623] Memory failure: 0x18eef: already hardware poisoned
[   30.702285] Injecting memory failure for pfn 0x18eef at process virtual address 0x20cef000
[   30.702758] Memory failure: 0x18eef: already hardware poisoned
[   30.706434] Injecting memory failure for pfn 0x18eef at process virtual address 0x20cef000
[   30.706915] Memory failure: 0x18eef: already hardware poisoned
[   30.710833] Injecting memory failure for pfn 0x18eef at process virtual address 0x20cef000
[   30.711302] Memory failure: 0x18eef: already hardware poisoned
[   30.715102] Injecting memory failure for pfn 0x18eef at process virtual address 0x20cef000
[   30.715574] Memory failure: 0x18eef: already hardware poisoned
[   30.718399] Injecting memory failure for pfn 0x18eef at process virtual address 0x20cef000
[   30.718882] Memory failure: 0x18eef: already hardware poisoned
[   30.722511] Injecting memory failure for pfn 0x18eef at process virtual address 0x20cef000
[   30.722985] Memory failure: 0x18eef: already hardware poisoned
[   30.726588] Injecting memory failure for pfn 0x18eef at process virtual address 0x20cef000
[   30.727060] Memory failure: 0x18eef: already hardware poisoned
[   30.730745] Injecting memory failure for pfn 0x18eef at process virtual address 0x20cef000
[   30.731219] Memory failure: 0x18eef: already hardware poisoned
[   30.734628] Injecting memory failure for pfn 0x18eef at process virtual address 0x20cef000
[   30.735105] Memory failure: 0x18eef: already hardware poisoned
[   30.738481] Injecting memory failure for pfn 0x18eef at process virtual address 0x20cef000
[   30.738951] Memory failure: 0x18eef: already hardware poisoned
[   30.742628] Injecting memory failure for pfn 0x18eef at process virtual address 0x20cef000
[   30.743098] Memory failure: 0x18eef: already hardware poisoned
[   30.746821] Injecting memory failure for pfn 0x18eef at process virtual address 0x20cef000
[   30.747293] Memory failure: 0x18eef: already hardware poisoned
[   30.750987] Injecting memory failure for pfn 0x18eef at process virtual address 0x20cef000
[   30.751460] Memory failure: 0x18eef: already hardware poisoned
[   30.754335] Injecting memory failure for pfn 0x18eef at process virtual address 0x20cef000
[   30.754806] Memory failure: 0x18eef: already hardware poisoned
[   30.758530] Injecting memory failure for pfn 0x18eef at process virtual address 0x20cef000
[   30.758988] Memory failure: 0x18eef: already hardware poisoned
[   30.762541] Injecting memory failure for pfn 0x18eef at process virtual address 0x20cef000
[   30.763010] Memory failure: 0x18eef: already hardware poisoned
[   30.766759] Injecting memory failure for pfn 0x18eef at process virtual address 0x20cef000
[   30.767231] Memory failure: 0x18eef: already hardware poisoned
[   30.770930] Injecting memory failure for pfn 0x18eef at process virtual address 0x20cef000
[   30.771396] Memory failure: 0x18eef: already hardware poisoned
[   30.775149] Injecting memory failure for pfn 0x18eef at process virtual address 0x20cef000
[   30.775619] Memory failure: 0x18eef: already hardware poisoned
[   30.779433] Injecting memory failure for pfn 0x18eef at process virtual address 0x20cef000
[   30.779901] Memory failure: 0x18eef: already hardware poisoned
[   30.783616] Injecting memory failure for pfn 0x18eef at process virtual address 0x20cef000
[   30.784080] Memory failure: 0x18eef: already hardware poisoned
[   30.787702] Injecting memory failure for pfn 0x18eef at process virtual address 0x20cef000
[   30.788171] Memory failure: 0x18eef: already hardware poisoned
[   30.791826] Injecting memory failure for pfn 0x18eef at process virtual address 0x20cef000
[   30.792298] Memory failure: 0x18eef: already hardware poisoned
[   30.795995] Injecting memory failure for pfn 0x18eef at process virtual address 0x20cef000
[   30.796654] Memory failure: 0x18eef: already hardware poisoned
[   30.800140] Injecting memory failure for pfn 0x18eef at process virtual address 0x20cef000
[   30.801087] Memory failure: 0x18eef: already hardware poisoned
[   30.804760] Injecting memory failure for pfn 0x18eef at process virtual address 0x20cef000
[   30.805250] Memory failure: 0x18eef: already hardware poisoned
[   30.808978] Injecting memory failure for pfn 0x18eef at process virtual address 0x20cef000
[   30.809454] Memory failure: 0x18eef: already hardware poisoned
[   30.813172] Injecting memory failure for pfn 0x18eef at process virtual address 0x20cef000
[   30.813634] Memory failure: 0x18eef: already hardware poisoned
[   30.817343] Injecting memory failure for pfn 0x18eef at process virtual address 0x20cef000
[   30.817804] Memory failure: 0x18eef: already hardware poisoned
[   30.820820] Injecting memory failure for pfn 0x18eef at process virtual address 0x20cef000
[   30.821286] Memory failure: 0x18eef: already hardware poisoned
[   30.825288] Injecting memory failure for pfn 0x18eef at process virtual address 0x20cef000
[   30.825747] Memory failure: 0x18eef: already hardware poisoned
[   30.829282] Injecting memory failure for pfn 0x18eef at process virtual address 0x20cef000
[   30.829734] Memory failure: 0x18eef: already hardware poisoned
[   30.832906] Injecting memory failure for pfn 0x18eef at process virtual address 0x20cef000
[   30.833361] Memory failure: 0x18eef: already hardware poisoned
[   30.837190] Injecting memory failure for pfn 0x18eef at process virtual address 0x20cef000
[   30.837649] Memory failure: 0x18eef: already hardware poisoned
[   30.841311] Injecting memory failure for pfn 0x18eef at process virtual address 0x20cef000
[   30.841821] Memory failure: 0x18eef: already hardware poisoned
[   30.845651] Injecting memory failure for pfn 0x18eef at process virtual address 0x20cef000
[   30.846102] Memory failure: 0x18eef: already hardware poisoned
[   30.849076] Injecting memory failure for pfn 0x18eef at process virtual address 0x20cef000
[   30.849546] Memory failure: 0x18eef: already hardware poisoned
[   30.853456] Injecting memory failure for pfn 0x18eef at process virtual address 0x20cef000
[   30.854126] Memory failure: 0x18eef: already hardware poisoned
[   30.857522] Injecting memory failure for pfn 0x18eef at process virtual address 0x20cef000
[   30.858272] Memory failure: 0x18eef: already hardware poisoned
[   30.862048] Injecting memory failure for pfn 0x18eef at process virtual address 0x20cef000
[   30.862773] Memory failure: 0x18eef: already hardware poisoned
[   30.866507] Injecting memory failure for pfn 0x18eef at process virtual address 0x20cef000
[   30.866993] Memory failure: 0x18eef: already hardware poisoned
[   30.870686] Injecting memory failure for pfn 0x18eef at process virtual address 0x20cef000
[   30.871156] Memory failure: 0x18eef: already hardware poisoned
[   30.874743] Injecting memory failure for pfn 0x18eef at process virtual address 0x20cef000
[   30.875226] Memory failure: 0x18eef: already hardware poisoned
[   30.878884] Injecting memory failure for pfn 0x18eef at process virtual address 0x20cef000
[   30.879357] Memory failure: 0x18eef: already hardware poisoned
[   30.882262] Injecting memory failure for pfn 0x18eef at process virtual address 0x20cef000
[   30.882727] Memory failure: 0x18eef: already hardware poisoned
[   30.886452] Injecting memory failure for pfn 0x18eef at process virtual address 0x20cef000
[   30.886919] Memory failure: 0x18eef: already hardware poisoned
[   30.890566] Injecting memory failure for pfn 0x18eef at process virtual address 0x20cef000
[   30.891024] Memory failure: 0x18eef: already hardware poisoned
[   30.894729] Injecting memory failure for pfn 0x18eef at process virtual address 0x20cef000
[   30.895188] Memory failure: 0x18eef: already hardware poisoned
[   30.898905] Injecting memory failure for pfn 0x18eef at process virtual address 0x20cef000
[   30.899364] Memory failure: 0x18eef: already hardware poisoned
[   30.903123] Injecting memory failure for pfn 0x18eef at process virtual address 0x20cef000
[   30.903581] Memory failure: 0x18eef: already hardware poisoned
[   30.907509] Injecting memory failure for pfn 0x18eef at process virtual address 0x20cef000
[   30.907970] Memory failure: 0x18eef: already hardware poisoned
[   30.911692] Injecting memory failure for pfn 0x18eef at process virtual address 0x20cef000
[   30.912147] Memory failure: 0x18eef: already hardware poisoned
[   30.915687] Injecting memory failure for pfn 0x18eef at process virtual address 0x20cef000
[   30.916146] Memory failure: 0x18eef: already hardware poisoned
[   30.919823] Injecting memory failure for pfn 0x18eef at process virtual address 0x20cef000
[   30.920273] Memory failure: 0x18eef: already hardware poisoned
[   30.924004] Injecting memory failure for pfn 0x18eef at process virtual address 0x20cef000
[   30.924639] Memory failure: 0x18eef: already hardware poisoned
[   30.928224] Injecting memory failure for pfn 0x18eef at process virtual address 0x20cef000
[   30.929070] Memory failure: 0x18eef: already hardware poisoned
[   30.932938] Injecting memory failure for pfn 0x18eef at process virtual address 0x20cef000
[   30.933402] Memory failure: 0x18eef: already hardware poisoned
[   30.938605] Injecting memory failure for pfn 0x18eef at process virtual address 0x20cef000
[   30.939069] Memory failure: 0x18eef: already hardware poisoned
[   30.942925] Injecting memory failure for pfn 0x18eef at process virtual address 0x20cef000
[   30.943386] Memory failure: 0x18eef: already hardware poisoned
[   30.947300] Injecting memory failure for pfn 0x18eef at process virtual address 0x20cef000
[   30.947763] Memory failure: 0x18eef: already hardware poisoned
[   30.950906] Injecting memory failure for pfn 0x18eef at process virtual address 0x20cef000
[   30.951797] Memory failure: 0x18eef: already hardware poisoned
[   30.956305] Injecting memory failure for pfn 0x18eef at process virtual address 0x20cef000
[   30.957274] Memory failure: 0x18eef: already hardware poisoned
[   30.962197] Injecting memory failure for pfn 0x18eef at process virtual address 0x20cef000
[   30.963079] Memory failure: 0x18eef: already hardware poisoned
[   30.966825] Injecting memory failure for pfn 0x18eef at process virtual address 0x20cef000
[   30.967738] Memory failure: 0x18eef: already hardware poisoned
[   30.972468] Injecting memory failure for pfn 0x18eef at process virtual address 0x20cef000
[   30.973393] Memory failure: 0x18eef: already hardware poisoned
[   30.977119] Injecting memory failure for pfn 0x18eef at process virtual address 0x20cef000
[   30.978192] Memory failure: 0x18eef: already hardware poisoned
[   30.982403] Injecting memory failure for pfn 0x18eef at process virtual address 0x20cef000
[   30.983317] Memory failure: 0x18eef: already hardware poisoned
[   30.987901] Injecting memory failure for pfn 0x18eef at process virtual address 0x20cef000
[   30.988976] Memory failure: 0x18eef: already hardware poisoned
[   30.993234] Injecting memory failure for pfn 0x18eef at process virtual address 0x20cef000
[   30.994154] Memory failure: 0x18eef: already hardware poisoned
[   30.998659] Injecting memory failure for pfn 0x18eef at process virtual address 0x20cef000
[   30.999576] Memory failure: 0x18eef: already hardware poisoned
[   31.003773] Injecting memory failure for pfn 0x18eef at process virtual address 0x20cef000
[   31.004770] Memory failure: 0x18eef: already hardware poisoned
[   31.009562] Injecting memory failure for pfn 0x18eef at process virtual address 0x20cef000
[   31.010476] Memory failure: 0x18eef: already hardware poisoned
[   31.014948] Injecting memory failure for pfn 0x18eef at process virtual address 0x20cef000
[   31.015857] Memory failure: 0x18eef: already hardware poisoned
[   31.020567] Injecting memory failure for pfn 0x18eef at process virtual address 0x20cef000
[   31.021493] Memory failure: 0x18eef: already hardware poisoned
[   31.025170] Injecting memory failure for pfn 0x18eef at process virtual address 0x20cef000
[   31.025682] Memory failure: 0x18eef: already hardware poisoned
[   31.029371] Injecting memory failure for pfn 0x18eef at process virtual address 0x20cef000
[   31.029895] Memory failure: 0x18eef: already hardware poisoned
[   31.033613] Injecting memory failure for pfn 0x18eef at process virtual address 0x20cef000
[   31.034116] Memory failure: 0x18eef: already hardware poisoned
[   31.038240] Injecting memory failure for pfn 0x18eef at process virtual address 0x20cef000
[   31.039121] Memory failure: 0x18eef: already hardware poisoned
[   31.043900] Injecting memory failure for pfn 0x18eef at process virtual address 0x20cef000
[   31.044876] Memory failure: 0x18eef: already hardware poisoned
[   31.049222] Injecting memory failure for pfn 0x18eef at process virtual address 0x20cef000
[   31.049728] Memory failure: 0x18eef: already hardware poisoned
[   31.053403] Injecting memory failure for pfn 0x18eef at process virtual address 0x20cef000
[   31.053900] Memory failure: 0x18eef: already hardware poisoned
[   31.057698] Injecting memory failure for pfn 0x18eef at process virtual address 0x20cef000
[   31.058208] Memory failure: 0x18eef: already hardware poisoned
[   31.062223] Injecting memory failure for pfn 0x18eef at process virtual address 0x20cef000
[   31.063141] Memory failure: 0x18eef: already hardware poisoned
[   31.067778] Injecting memory failure for pfn 0x18eef at process virtual address 0x20cef000
[   31.068248] Memory failure: 0x18eef: already hardware poisoned
[   31.071917] Injecting memory failure for pfn 0x18eef at process virtual address 0x20cef000
[   31.072441] Memory failure: 0x18eef: already hardware poisoned
[   31.075877] Injecting memory failure for pfn 0x18eef at process virtual address 0x20cef000
[   31.076512] Memory failure: 0x18eef: already hardware poisoned
[   31.080019] Injecting memory failure for pfn 0x18eef at process virtual address 0x20cef000
[   31.080669] Memory failure: 0x18eef: already hardware poisoned
[   31.084555] Injecting memory failure for pfn 0x18eef at process virtual address 0x20cef000
[   31.085061] Memory failure: 0x18eef: already hardware poisoned
[   31.088906] Injecting memory failure for pfn 0x18eef at process virtual address 0x20cef000
[   31.089382] Memory failure: 0x18eef: already hardware poisoned
[   31.093280] Injecting memory failure for pfn 0x18eef at process virtual address 0x20cef000
[   31.093758] Memory failure: 0x18eef: already hardware poisoned
[   31.097645] Injecting memory failure for pfn 0x18eef at process virtual address 0x20cef000
[   31.098122] Memory failure: 0x18eef: already hardware poisoned
[   31.102211] Injecting memory failure for pfn 0x18eef at process virtual address 0x20cef000
[   31.102683] Memory failure: 0x18eef: already hardware poisoned
[   31.106467] Injecting memory failure for pfn 0x18eef at process virtual address 0x20cef000
[   31.106921] Memory failure: 0x18eef: already hardware poisoned
[   31.111092] Injecting memory failure for pfn 0x18eef at process virtual address 0x20cef000
[   31.112182] Memory failure: 0x18eef: already hardware poisoned
[   31.116231] Injecting memory failure for pfn 0x18eef at process virtual address 0x20cef000
[   31.117122] Memory failure: 0x18eef: already hardware poisoned
[   31.120738] Injecting memory failure for pfn 0x18eef at process virtual address 0x20cef000
[   31.121243] Memory failure: 0x18eef: already hardware poisoned
[   31.124835] Injecting memory failure for pfn 0x18eef at process virtual address 0x20cef000
[   31.125371] Memory failure: 0x18eef: already hardware poisoned
[   31.129270] Injecting memory failure for pfn 0x18eef at process virtual address 0x20cef000
[   31.129749] Memory failure: 0x18eef: already hardware poisoned
[   31.133602] Injecting memory failure for pfn 0x18eef at process virtual address 0x20cef000
[   31.134075] Memory failure: 0x18eef: already hardware poisoned
[   31.136919] Injecting memory failure for pfn 0x18eef at process virtual address 0x20cef000
[   31.137381] Memory failure: 0x18eef: already hardware poisoned
[   31.141215] Injecting memory failure for pfn 0x18eef at process virtual address 0x20cef000
[   31.141702] Memory failure: 0x18eef: already hardware poisoned
[   31.145308] Injecting memory failure for pfn 0x18eef at process virtual address 0x20cef000
[   31.145805] Memory failure: 0x18eef: already hardware poisoned
[   31.149629] Injecting memory failure for pfn 0x18eef at process virtual address 0x20cef000
[   31.150093] Memory failure: 0x18eef: already hardware poisoned
[   31.153026] Injecting memory failure for pfn 0x18eef at process virtual address 0x20cef000
[   31.153500] Memory failure: 0x18eef: already hardware poisoned
[   31.157790] Injecting memory failure for pfn 0x18eef at process virtual address 0x20cef000
[   31.158265] Memory failure: 0x18eef: already hardware poisoned
[   31.162206] Injecting memory failure for pfn 0x18eef at process virtual address 0x20cef000
[   31.162686] Memory failure: 0x18eef: already hardware poisoned
[   31.165350] Injecting memory failure for pfn 0x18eef at process virtual address 0x20cef000
[   31.165850] Memory failure: 0x18eef: already hardware poisoned
[   31.169737] Injecting memory failure for pfn 0x18eef at process virtual address 0x20cef000
[   31.170195] Memory failure: 0x18eef: already hardware poisoned
[   31.173299] Injecting memory failure for pfn 0x18eef at process virtual address 0x20cef000
[   31.173766] Memory failure: 0x18eef: already hardware poisoned
[   31.177663] Injecting memory failure for pfn 0x18eef at process virtual address 0x20cef000
[   31.178135] Memory failure: 0x18eef: already hardware poisoned
[   31.181564] Injecting memory failure for pfn 0x18eef at process virtual address 0x20cef000
[   31.182060] Memory failure: 0x18eef: already hardware poisoned
[   31.186357] Injecting memory failure for pfn 0x18eef at process virtual address 0x20cef000
[   31.186833] Memory failure: 0x18eef: already hardware poisoned
[   31.190490] Injecting memory failure for pfn 0x18eef at process virtual address 0x20cef000
[   31.190958] Memory failure: 0x18eef: already hardware poisoned
[   31.194745] Injecting memory failure for pfn 0x18eef at process virtual address 0x20cef000
[   31.195217] Memory failure: 0x18eef: already hardware poisoned
[   31.198980] Injecting memory failure for pfn 0x18eef at process virtual address 0x20cef000
[   31.199453] Memory failure: 0x18eef: already hardware poisoned
[   31.203336] Injecting memory failure for pfn 0x18eef at process virtual address 0x20cef000
[   31.203811] Memory failure: 0x18eef: already hardware poisoned
[   31.207437] Injecting memory failure for pfn 0x18eef at process virtual address 0x20cef000
[   31.207909] Memory failure: 0x18eef: already hardware poisoned
[   31.211586] Injecting memory failure for pfn 0x18eef at process virtual address 0x20cef000
[   31.212059] Memory failure: 0x18eef: already hardware poisoned
[   31.215734] Injecting memory failure for pfn 0x18eef at process virtual address 0x20cef000
[   31.216204] Memory failure: 0x18eef: already hardware poisoned
[   31.219894] Injecting memory failure for pfn 0x18eef at process virtual address 0x20cef000
[   31.220489] Memory failure: 0x18eef: already hardware poisoned
[   31.224183] Injecting memory failure for pfn 0x18eef at process virtual address 0x20cef000
[   31.224691] Memory failure: 0x18eef: already hardware poisoned
[   31.228515] Injecting memory failure for pfn 0x18eef at process virtual address 0x20cef000
[   31.229003] Memory failure: 0x18eef: already hardware poisoned
[   31.232927] Injecting memory failure for pfn 0x18eef at process virtual address 0x20cef000
[   31.233399] Memory failure: 0x18eef: already hardware poisoned
[   31.237118] Injecting memory failure for pfn 0x18eef at process virtual address 0x20cef000
[   31.237593] Memory failure: 0x18eef: already hardware poisoned
[   31.241370] Injecting memory failure for pfn 0x18eef at process virtual address 0x20cef000
[   31.241841] Memory failure: 0x18eef: already hardware poisoned
[   31.246187] Injecting memory failure for pfn 0x18eef at process virtual address 0x20cef000
[   31.246663] Memory failure: 0x18eef: already hardware poisoned
[   31.250552] Injecting memory failure for pfn 0x18eef at process virtual address 0x20cef000
[   31.251017] Memory failure: 0x18eef: already hardware poisoned
[   31.254763] Injecting memory failure for pfn 0x18eef at process virtual address 0x20cef000
[   31.255234] Memory failure: 0x18eef: already hardware poisoned
[   31.258892] Injecting memory failure for pfn 0x18eef at process virtual address 0x20cef000
[   31.259348] Memory failure: 0x18eef: already hardware poisoned
[   31.262350] Injecting memory failure for pfn 0x18eef at process virtual address 0x20cef000
[   31.262838] Memory failure: 0x18eef: already hardware poisoned
[   31.266427] Injecting memory failure for pfn 0x18eef at process virtual address 0x20cef000
[   31.266885] Memory failure: 0x18eef: already hardware poisoned
[   31.270588] Injecting memory failure for pfn 0x18eef at process virtual address 0x20cef000
[   31.271070] Memory failure: 0x18eef: already hardware poisoned
[   31.274750] Injecting memory failure for pfn 0x18eef at process virtual address 0x20cef000
[   31.275222] Memory failure: 0x18eef: already hardware poisoned
[   31.278880] Injecting memory failure for pfn 0x18eef at process virtual address 0x20cef000
[   31.279345] Memory failure: 0x18eef: already hardware poisoned
[   31.283009] Injecting memory failure for pfn 0x18eef at process virtual address 0x20cef000
[   31.283491] Memory failure: 0x18eef: already hardware poisoned
[   31.286351] Injecting memory failure for pfn 0x18eef at process virtual address 0x20cef000
[   31.286838] Memory failure: 0x18eef: already hardware poisoned
[   31.290381] Injecting memory failure for pfn 0x18eef at process virtual address 0x20cef000
[   31.290851] Memory failure: 0x18eef: already hardware poisoned
[   31.294464] Injecting memory failure for pfn 0x18eef at process virtual address 0x20cef000
[   31.294937] Memory failure: 0x18eef: already hardware poisoned
[   31.298755] Injecting memory failure for pfn 0x18eef at process virtual address 0x20cef000
[   31.299224] Memory failure: 0x18eef: already hardware poisoned
[   31.302902] Injecting memory failure for pfn 0x18eef at process virtual address 0x20cef000
[   31.303371] Memory failure: 0x18eef: already hardware poisoned
[   31.307113] Injecting memory failure for pfn 0x18eef at process virtual address 0x20cef000
[   31.307594] Memory failure: 0x18eef: already hardware poisoned
[   31.310557] Injecting memory failure for pfn 0x18eef at process virtual address 0x20cef000
[   31.311033] Memory failure: 0x18eef: already hardware poisoned
[   31.314521] Injecting memory failure for pfn 0x18eef at process virtual address 0x20cef000
[   31.314994] Memory failure: 0x18eef: already hardware poisoned
[   31.318709] Injecting memory failure for pfn 0x18eef at process virtual address 0x20cef000
[   31.319177] Memory failure: 0x18eef: already hardware poisoned
[   31.322899] Injecting memory failure for pfn 0x18eef at process virtual address 0x20cef000
[   31.323371] Memory failure: 0x18eef: already hardware poisoned
[   31.327079] Injecting memory failure for pfn 0x18eef at process virtual address 0x20cef000
[   31.327547] Memory failure: 0x18eef: already hardware poisoned
[   31.330425] Injecting memory failure for pfn 0x18eef at process virtual address 0x20cef000
[   31.330898] Memory failure: 0x18eef: already hardware poisoned
[   31.334948] Injecting memory failure for pfn 0x18eef at process virtual address 0x20cef000
[   31.335422] Memory failure: 0x18eef: already hardware poisoned
[   31.338845] Injecting memory failure for pfn 0x18eef at process virtual address 0x20cef000
[   31.339315] Memory failure: 0x18eef: already hardware poisoned
[   31.342960] Injecting memory failure for pfn 0x18eef at process virtual address 0x20cef000
[   31.343434] Memory failure: 0x18eef: already hardware poisoned
[   31.346630] Injecting memory failure for pfn 0x18eef at process virtual address 0x20cef000
[   31.347117] Memory failure: 0x18eef: already hardware poisoned
[   31.350485] Injecting memory failure for pfn 0x18eef at process virtual address 0x20cef000
[   31.350969] Memory failure: 0x18eef: already hardware poisoned
[   31.354542] Injecting memory failure for pfn 0x18eef at process virtual address 0x20cef000
[   31.355008] Memory failure: 0x18eef: already hardware poisoned
[   31.358675] Injecting memory failure for pfn 0x18eef at process virtual address 0x20cef000
[   31.359145] Memory failure: 0x18eef: already hardware poisoned
[   31.362814] Injecting memory failure for pfn 0x18eef at process virtual address 0x20cef000
[   31.363286] Memory failure: 0x18eef: already hardware poisoned
[   31.366993] Injecting memory failure for pfn 0x18eef at process virtual address 0x20cef000
[   31.368137] Memory failure: 0x18eef: already hardware poisoned
[   31.372010] Injecting memory failure for pfn 0x18eef at process virtual address 0x20cef000
[   31.372812] Memory failure: 0x18eef: already hardware poisoned
[   31.376803] Injecting memory failure for pfn 0x18eef at process virtual address 0x20cef000
[   31.377355] Memory failure: 0x18eef: already hardware poisoned
[   31.380423] Injecting memory failure for pfn 0x18eef at process virtual address 0x20cef000
[   31.381274] Memory failure: 0x18eef: already hardware poisoned
[   31.384958] Injecting memory failure for pfn 0x18eef at process virtual address 0x20cef000
[   31.385439] Memory failure: 0x18eef: already hardware poisoned
[   31.388924] Injecting memory failure for pfn 0x18eef at process virtual address 0x20cef000
[   31.389390] Memory failure: 0x18eef: already hardware poisoned
[   31.393019] Injecting memory failure for pfn 0x18eef at process virtual address 0x20cef000
[   31.393499] Memory failure: 0x18eef: already hardware poisoned
[   31.397162] Injecting memory failure for pfn 0x18eef at process virtual address 0x20cef000
[   31.397616] Memory failure: 0x18eef: already hardware poisoned
[   31.401309] Injecting memory failure for pfn 0x18eef at process virtual address 0x20cef000
[   31.401778] Memory failure: 0x18eef: already hardware poisoned
[   31.406069] Injecting memory failure for pfn 0x18eef at process virtual address 0x20cef000
[   31.406529] Memory failure: 0x18eef: already hardware poisoned
[   31.410241] Injecting memory failure for pfn 0x18eef at process virtual address 0x20cef000
[   31.410715] Memory failure: 0x18eef: already hardware poisoned
[   31.413373] Injecting memory failure for pfn 0x18eef at process virtual address 0x20cef000
[   31.413872] Memory failure: 0x18eef: already hardware poisoned
[   31.417702] Injecting memory failure for pfn 0x18eef at process virtual address 0x20cef000
[   31.418180] Memory failure: 0x18eef: already hardware poisoned
[   31.421273] Injecting memory failure for pfn 0x18eef at process virtual address 0x20cef000
[   31.421739] Memory failure: 0x18eef: already hardware poisoned
[   31.425273] Injecting memory failure for pfn 0x18eef at process virtual address 0x20cef000
[   31.425772] Memory failure: 0x18eef: already hardware poisoned
[   31.429518] Injecting memory failure for pfn 0x18eef at process virtual address 0x20cef000
[   31.430005] Memory failure: 0x18eef: already hardware poisoned
[   31.434201] Injecting memory failure for pfn 0x18eef at process virtual address 0x20cef000
[   31.434668] Memory failure: 0x18eef: already hardware poisoned
[   31.438345] Injecting memory failure for pfn 0x18eef at process virtual address 0x20cef000
[   31.438817] Memory failure: 0x18eef: already hardware poisoned
[   31.442472] Injecting memory failure for pfn 0x18eef at process virtual address 0x20cef000
[   31.442940] Memory failure: 0x18eef: already hardware poisoned
[   31.446620] Injecting memory failure for pfn 0x18eef at process virtual address 0x20cef000
[   31.447096] Memory failure: 0x18eef: already hardware poisoned
[   31.450759] Injecting memory failure for pfn 0x18eef at process virtual address 0x20cef000
[   31.451237] Memory failure: 0x18eef: already hardware poisoned
[   31.454939] Injecting memory failure for pfn 0x18eef at process virtual address 0x20cef000
[   31.455417] Memory failure: 0x18eef: already hardware poisoned
[   31.458194] Injecting memory failure for pfn 0x18eef at process virtual address 0x20cef000
[   31.458679] Memory failure: 0x18eef: already hardware poisoned
[   31.462357] Injecting memory failure for pfn 0x18eef at process virtual address 0x20cef000
[   31.462827] Memory failure: 0x18eef: already hardware poisoned
[   31.466404] Injecting memory failure for pfn 0x18eef at process virtual address 0x20cef000
[   31.466873] Memory failure: 0x18eef: already hardware poisoned
[   31.470558] Injecting memory failure for pfn 0x18eef at process virtual address 0x20cef000
[   31.471029] Memory failure: 0x18eef: already hardware poisoned
[   31.474769] Injecting memory failure for pfn 0x18eef at process virtual address 0x20cef000
[   31.475240] Memory failure: 0x18eef: already hardware poisoned
[   31.478912] Injecting memory failure for pfn 0x18eef at process virtual address 0x20cef000
[   31.479383] Memory failure: 0x18eef: already hardware poisoned
[   31.482469] Injecting memory failure for pfn 0x18eef at process virtual address 0x20cef000
[   31.482956] Memory failure: 0x18eef: already hardware poisoned
[   31.486487] Injecting memory failure for pfn 0x18eef at process virtual address 0x20cef000
[   31.486956] Memory failure: 0x18eef: already hardware poisoned
[   31.490601] Injecting memory failure for pfn 0x18eef at process virtual address 0x20cef000
[   31.491071] Memory failure: 0x18eef: already hardware poisoned
[   31.494861] Injecting memory failure for pfn 0x18eef at process virtual address 0x20cef000
[   31.495332] Memory failure: 0x18eef: already hardware poisoned
[   31.498999] Injecting memory failure for pfn 0x18eef at process virtual address 0x20cef000
[   31.499478] Memory failure: 0x18eef: already hardware poisoned
[   31.503349] Injecting memory failure for pfn 0x18eef at process virtual address 0x20cef000
[   31.503834] Memory failure: 0x18eef: already hardware poisoned
[   31.507500] Injecting memory failure for pfn 0x18eef at process virtual address 0x20cef000
[   31.507970] Memory failure: 0x18eef: already hardware poisoned
[   31.511686] Injecting memory failure for pfn 0x18eef at process virtual address 0x20cef000
[   31.512153] Memory failure: 0x18eef: already hardware poisoned
[   31.515891] Injecting memory failure for pfn 0x18eef at process virtual address 0x20cef000
[   31.516662] Memory failure: 0x18eef: already hardware poisoned
[   31.520059] Injecting memory failure for pfn 0x18eef at process virtual address 0x20cef000
