c[?7l[2J[0mSeaBIOS (version rel-1.14.0-0-g155821a1990b-prebuilt.qemu.org)


iPXE (http://ipxe.org) 00:03.0 CA00 PCI2.10 PnP PMM+7FF8F030+7FEEF030 CA00
Press Ctrl-B to configure iPXE (PCI 00:03.0)...                                                                               


Booting from ROM...
c[?7l[2J[    0.000000] Linux version 5.15.0-e5bc4d4602b8+ (root@p-mtlp02) (gcc (GCC) 8.5.0 20210514 (Red Hat 8.5.0-18), GNU ld version 2.36.1-2.el8) #1 SMP PREEMPT Tue Feb 7 00:14:37 CST 2023
[    0.000000] Command line: console=ttyS0 root=/dev/sda earlyprintk=serial net.ifnames=0
[    0.000000] KERNEL supported cpus:
[    0.000000]   Intel GenuineIntel
[    0.000000]   AMD AuthenticAMD
[    0.000000]   Hygon HygonGenuine
[    0.000000]   Centaur CentaurHauls
[    0.000000]   zhaoxin   Shanghai  
[    0.000000] x86/split lock detection: #DB: warning on user-space bus_locks
[    0.000000] x86/fpu: Supporting XSAVE feature 0x001: 'x87 floating point registers'
[    0.000000] x86/fpu: Supporting XSAVE feature 0x002: 'SSE registers'
[    0.000000] x86/fpu: Supporting XSAVE feature 0x004: 'AVX registers'
[    0.000000] x86/fpu: Supporting XSAVE feature 0x200: 'Protection Keys User registers'
[    0.000000] x86/fpu: xstate_offset[2]:  576, xstate_sizes[2]:  256
[    0.000000] x86/fpu: xstate_offset[9]:  832, xstate_sizes[9]:    8
[    0.000000] x86/fpu: Enabled xstate features 0x207, context size is 840 bytes, using 'compacted' format.
[    0.000000] signal: max sigframe size: 3632
[    0.000000] BIOS-provided physical RAM map:
[    0.000000] BIOS-e820: [mem 0x0000000000000000-0x000000000009fbff] usable
[    0.000000] BIOS-e820: [mem 0x000000000009fc00-0x000000000009ffff] reserved
[    0.000000] BIOS-e820: [mem 0x00000000000f0000-0x00000000000fffff] reserved
[    0.000000] BIOS-e820: [mem 0x0000000000100000-0x000000007ffdffff] usable
[    0.000000] BIOS-e820: [mem 0x000000007ffe0000-0x000000007fffffff] reserved
[    0.000000] BIOS-e820: [mem 0x00000000feffc000-0x00000000feffffff] reserved
[    0.000000] BIOS-e820: [mem 0x00000000fffc0000-0x00000000ffffffff] reserved
[    0.000000] printk: bootconsole [earlyser0] enabled
[    0.000000] NX (Execute Disable) protection: active
[    0.000000] SMBIOS 2.8 present.
[    0.000000] DMI: QEMU Standard PC (i440FX + PIIX, 1996), BIOS rel-1.14.0-0-g155821a1990b-prebuilt.qemu.org 04/01/2014
[    0.000000] Hypervisor detected: KVM
[    0.000000] kvm-clock: Using msrs 4b564d01 and 4b564d00
[    0.000000] kvm-clock: cpu 0, msr 8801001, primary cpu clock
[    0.000007] kvm-clock: using sched offset of 721241011 cycles
[    0.000511] clocksource: kvm-clock: mask: 0xffffffffffffffff max_cycles: 0x1cd42e4dffb, max_idle_ns: 881590591483 ns
[    0.001951] tsc: Detected 1190.400 MHz processor
[    0.008336] last_pfn = 0x7ffe0 max_arch_pfn = 0x400000000
[    0.008888] x86/PAT: Configuration [0-7]: WB  WC  UC- UC  WB  WP  UC- WT  
[    0.019994] found SMP MP-table at [mem 0x000f5a90-0x000f5a9f]
[    0.020724] Using GB pages for direct mapping
[    0.022643] ACPI: Early table checksum verification disabled
[    0.023270] ACPI: RSDP 0x00000000000F5870 000014 (v00 BOCHS )
[    0.023893] ACPI: RSDT 0x000000007FFE1959 000034 (v01 BOCHS  BXPC     00000001 BXPC 00000001)
[    0.024925] ACPI: FACP 0x000000007FFE1805 000074 (v01 BOCHS  BXPC     00000001 BXPC 00000001)
[    0.025954] ACPI: DSDT 0x000000007FFE0040 0017C5 (v01 BOCHS  BXPC     00000001 BXPC 00000001)
[    0.026971] ACPI: FACS 0x000000007FFE0000 000040
[    0.027546] ACPI: APIC 0x000000007FFE1879 000080 (v01 BOCHS  BXPC     00000001 BXPC 00000001)
[    0.028559] ACPI: HPET 0x000000007FFE18F9 000038 (v01 BOCHS  BXPC     00000001 BXPC 00000001)
[    0.029534] ACPI: WAET 0x000000007FFE1931 000028 (v01 BOCHS  BXPC     00000001 BXPC 00000001)
[    0.030489] ACPI: Reserving FACP table memory at [mem 0x7ffe1805-0x7ffe1878]
[    0.031281] ACPI: Reserving DSDT table memory at [mem 0x7ffe0040-0x7ffe1804]
[    0.031986] ACPI: Reserving FACS table memory at [mem 0x7ffe0000-0x7ffe003f]
[    0.032621] ACPI: Reserving APIC table memory at [mem 0x7ffe1879-0x7ffe18f8]
[    0.033250] ACPI: Reserving HPET table memory at [mem 0x7ffe18f9-0x7ffe1930]
[    0.033882] ACPI: Reserving WAET table memory at [mem 0x7ffe1931-0x7ffe1958]
[    0.035461] No NUMA configuration found
[    0.035810] Faking a node at [mem 0x0000000000000000-0x000000007ffdffff]
[    0.036484] NODE_DATA(0) allocated [mem 0x7ffb5000-0x7ffdffff]
[    0.075260] Zone ranges:
[    0.075564]   DMA      [mem 0x0000000000001000-0x0000000000ffffff]
[    0.076146]   DMA32    [mem 0x0000000001000000-0x000000007ffdffff]
[    0.076694]   Normal   empty
[    0.076952]   Device   empty
[    0.077226] Movable zone start for each node
[    0.077603] Early memory node ranges
[    0.077917]   node   0: [mem 0x0000000000001000-0x000000000009efff]
[    0.078491]   node   0: [mem 0x0000000000100000-0x000000007ffdffff]
[    0.079045] Initmem setup node 0 [mem 0x0000000000001000-0x000000007ffdffff]
[    0.079710] On node 0, zone DMA: 1 pages in unavailable ranges
[    0.079817] On node 0, zone DMA: 97 pages in unavailable ranges
[    0.091967] On node 0, zone DMA32: 32 pages in unavailable ranges
[    0.706061] kasan: KernelAddressSanitizer initialized
[    0.707457] ACPI: PM-Timer IO Port: 0x608
[    0.707941] ACPI: LAPIC_NMI (acpi_id[0xff] dfl dfl lint[0x1])
[    0.708647] IOAPIC[0]: apic_id 0, version 17, address 0xfec00000, GSI 0-23
[    0.709379] ACPI: INT_SRC_OVR (bus 0 bus_irq 0 global_irq 2 dfl dfl)
[    0.710038] ACPI: INT_SRC_OVR (bus 0 bus_irq 5 global_irq 5 high level)
[    0.710717] ACPI: INT_SRC_OVR (bus 0 bus_irq 9 global_irq 9 high level)
[    0.711400] ACPI: INT_SRC_OVR (bus 0 bus_irq 10 global_irq 10 high level)
[    0.712102] ACPI: INT_SRC_OVR (bus 0 bus_irq 11 global_irq 11 high level)
[    0.712818] ACPI: Using ACPI (MADT) for SMP configuration information
[    0.713477] ACPI: HPET id: 0x8086a201 base: 0xfed00000
[    0.714035] TSC deadline timer available
[    0.714447] smpboot: Allowing 2 CPUs, 0 hotplug CPUs
[    0.715107] kvm-guest: KVM setup pv remote TLB flush
[    0.715627] kvm-guest: setup PV sched yield
[    0.716171] PM: hibernation: Registered nosave memory: [mem 0x00000000-0x00000fff]
[    0.716882] PM: hibernation: Registered nosave memory: [mem 0x0009f000-0x0009ffff]
[    0.717633] PM: hibernation: Registered nosave memory: [mem 0x000a0000-0x000effff]
[    0.718399] PM: hibernation: Registered nosave memory: [mem 0x000f0000-0x000fffff]
[    0.719176] [mem 0x80000000-0xfeffbfff] available for PCI devices
[    0.719809] Booting paravirtualized kernel on KVM
[    0.720331] clocksource: refined-jiffies: mask: 0xffffffff max_cycles: 0xffffffff, max_idle_ns: 7645519600211568 ns
[    0.721424] setup_percpu: NR_CPUS:8192 nr_cpumask_bits:2 nr_cpu_ids:2 nr_node_ids:1
[    0.725569] percpu: Embedded 79 pages/cpu s286720 r8192 d28672 u1048576
[    0.726533] kvm-guest: setup async PF for cpu 0
[    0.727005] kvm-guest: stealtime: cpu 0, msr 5b245080
[    0.727548] kvm-guest: PV spinlocks enabled
[    0.727992] PV qspinlock hash table entries: 256 (order: 0, 4096 bytes, linear)
[    0.728817] Fallback order for Node 0: 0 
[    0.729267] Built 1 zonelists, mobility grouping on.  Total pages: 515808
[    0.729971] Policy zone: DMA32
[    0.730296] Kernel command line: net.ifnames=0 console=ttyS0 root=/dev/sda earlyprintk=serial net.ifnames=0
[    0.733709] Dentry cache hash table entries: 262144 (order: 9, 2097152 bytes, linear)
[    0.735517] Inode-cache hash table entries: 131072 (order: 8, 1048576 bytes, linear)
[    0.736517] mem auto-init: stack:off, heap alloc:off, heap free:off
[    0.814032] Memory: 1357240K/2096632K available (65554K kernel code, 14252K rwdata, 13724K rodata, 3968K init, 24548K bss, 739136K reserved, 0K cma-reserved)
[    0.815540] random: get_random_u64 called from __kmem_cache_create+0x2d/0x4f0 with crng_init=0
[    0.816793] SLUB: HWalign=64, Order=0-3, MinObjects=0, CPUs=2, Nodes=1
[    0.818085] kmemleak: Kernel memory leak detector disabled
[    0.818644] ftrace: allocating 65603 entries in 257 pages
[    0.941918] ftrace: allocated 257 pages with 2 groups
[    0.948796] Dynamic Preempt: none
[    0.949469] Running RCU self tests
[    0.949785] rcu: Preemptible hierarchical RCU implementation.
[    0.950278] rcu: 	RCU lockdep checking is enabled.
[    0.950689] rcu: 	RCU restricting CPUs from NR_CPUS=8192 to nr_cpu_ids=2.
[    0.951269] 	Trampoline variant of Tasks RCU enabled.
[    0.951709] 	Rude variant of Tasks RCU enabled.
[    0.952095] 	Tracing variant of Tasks RCU enabled.
[    0.952507] rcu: RCU calculated value of scheduler-enlistment delay is 25 jiffies.
[    0.953153] rcu: Adjusting geometry for rcu_fanout_leaf=16, nr_cpu_ids=2
[    0.987429] NR_IRQS: 524544, nr_irqs: 440, preallocated irqs: 16
[    0.996626] Console: colour VGA+ 80x25
[    0.997038] printk: console [ttyS0] enabled
[    0.997038] printk: console [ttyS0] enabled
[    0.997884] printk: bootconsole [earlyser0] disabled
[    0.997884] printk: bootconsole [earlyser0] disabled
[    0.998885] Lock dependency validator: Copyright (c) 2006 Red Hat, Inc., Ingo Molnar
[    0.999678] ... MAX_LOCKDEP_SUBCLASSES:  8
[    1.000104] ... MAX_LOCK_DEPTH:          48
[    1.000539] ... MAX_LOCKDEP_KEYS:        8192
[    1.000992] ... CLASSHASH_SIZE:          4096
[    1.001444] ... MAX_LOCKDEP_ENTRIES:     32768
[    1.001903] ... MAX_LOCKDEP_CHAINS:      65536
[    1.002362] ... CHAINHASH_SIZE:          32768
[    1.002820]  memory used by lock dependency info: 6365 kB
[    1.003378]  memory used for stack traces: 4224 kB
[    1.003821]  per task-struct memory footprint: 1920 bytes
[    1.004400] ACPI: Core revision 20210930
[    1.005191] clocksource: hpet: mask: 0xffffffff max_cycles: 0xffffffff, max_idle_ns: 19112604467 ns
[    1.006180] APIC: Switch to symmetric I/O mode setup
[    1.006830] x2apic enabled
[    1.007294] Switched APIC routing to physical x2apic.
[    1.007752] kvm-guest: setup PV IPIs
[    1.009099] ..TIMER: vector=0x30 apic1=0 pin1=2 apic2=-1 pin2=-1
[    1.009663] clocksource: tsc-early: mask: 0xffffffffffffffff max_cycles: 0x1128af0325d, max_idle_ns: 440795261011 ns
[    1.010649] Calibrating delay loop (skipped) preset value.. 2380.80 BogoMIPS (lpj=4761600)
[    1.011382] pid_max: default: 32768 minimum: 301
[    1.012010] LSM: Security Framework initializing
[    1.012457] Yama: becoming mindful.
[    1.013019] Mount-cache hash table entries: 4096 (order: 3, 32768 bytes, linear)
[    1.013691] Mountpoint-cache hash table entries: 4096 (order: 3, 32768 bytes, linear)
[    1.016547] CPU0: Thermal monitoring enabled (TM1)
[    1.018779] x86/cpu: User Mode Instruction Prevention (UMIP) activated
[    1.023075] Last level iTLB entries: 4KB 0, 2MB 0, 4MB 0
[    1.023626] Last level dTLB entries: 4KB 0, 2MB 0, 4MB 0, 1GB 0
[    1.024255] Spectre V1 : Mitigation: usercopy/swapgs barriers and __user pointer sanitization
[    1.025019] Spectre V2 : Mitigation: Enhanced IBRS
[    1.025431] Spectre V2 : Spectre v2 / SpectreRSB mitigation: Filling RSB on context switch
[    1.026140] Spectre V2 : mitigation: Enabling conditional Indirect Branch Prediction Barrier
[    1.026631] Speculative Store Bypass: Mitigation: Speculative Store Bypass disabled via prctl
[    1.085134] Freeing SMP alternatives memory: 52K
[    1.086627] smpboot: CPU0: Genuine Intel(R) 0000 (family: 0x6, model: 0xaa, stepping: 0x1)
[    1.086627] Running RCU-tasks wait API self tests
[    1.187063] Performance Events: generic architected perfmon, full-width counters, Intel PMU driver.
[    1.188208] ... version:                2
[    1.188652] ... bit width:              48
[    1.189110] ... generic registers:      8
[    1.189560] ... value mask:             0000ffffffffffff
[    1.190142] ... max period:             00007fffffffffff
[    1.190643] ... fixed-purpose events:   3
[    1.191115] ... event mask:             00000007000000ff
[    1.192673] rcu: Hierarchical SRCU implementation.
[    1.199353] Callback from call_rcu_tasks_trace() invoked.
[    1.200954] smp: Bringing up secondary CPUs ...
[    1.202756] x86: Booting SMP configuration:
[    1.203229] .... node  #0, CPUs:      #1
[    0.018223] kvm-clock: cpu 1, msr 8801041, secondary cpu clock
[    0.018223] smpboot: CPU 1 Converting physical 0 to logical die 1
[    1.206850] kvm-guest: setup async PF for cpu 1
[    1.207304] kvm-guest: stealtime: cpu 1, msr 5b345080
[    1.207885] smp: Brought up 1 node, 2 CPUs
[    1.207885] smpboot: Max logical packages: 2
[    1.207885] smpboot: Total of 2 processors activated (4761.60 BogoMIPS)
[    1.215158] devtmpfs: initialized
[    1.215798] x86/mm: Memory block size: 128MB
[    1.228355] clocksource: jiffies: mask: 0xffffffff max_cycles: 0xffffffff, max_idle_ns: 7645041785100000 ns
[    1.230661] futex hash table entries: 512 (order: 4, 65536 bytes, linear)
[    1.231857] pinctrl core: initialized pinctrl subsystem
[    1.233683] 
[    1.233830] *************************************************************
[    1.234411] **     NOTICE NOTICE NOTICE NOTICE NOTICE NOTICE NOTICE    **
[    1.234636] **                                                         **
[    1.235222] **  IOMMU DebugFS SUPPORT HAS BEEN ENABLED IN THIS KERNEL  **
[    1.235798] **                                                         **
[    1.236398] ** This means that this kernel is built to expose internal **
[    1.236956] ** IOMMU data structures, which may compromise security on **
[    1.237528] ** your system.                                            **
[    1.238111] **                                                         **
[    1.238635] ** If you see this message and you are not debugging the   **
[    1.239208] ** kernel, report this immediately to your vendor!         **
[    1.239788] **                                                         **
[    1.240363] **     NOTICE NOTICE NOTICE NOTICE NOTICE NOTICE NOTICE    **
[    1.240936] *************************************************************
[    1.241600] PM: RTC time: 16:53:10, date: 2023-02-06
[    1.243964] NET: Registered PF_NETLINK/PF_ROUTE protocol family
[    1.245629] DMA: preallocated 256 KiB GFP_KERNEL pool for atomic allocations
[    1.246295] DMA: preallocated 256 KiB GFP_KERNEL|GFP_DMA pool for atomic allocations
[    1.246679] DMA: preallocated 256 KiB GFP_KERNEL|GFP_DMA32 pool for atomic allocations
[    1.247491] audit: initializing netlink subsys (disabled)
[    1.248192] audit: type=2000 audit(1675702391.511:1): state=initialized audit_enabled=0 res=1
[    1.248808] thermal_sys: Registered thermal governor 'fair_share'
[    1.248816] thermal_sys: Registered thermal governor 'bang_bang'
[    1.250640] thermal_sys: Registered thermal governor 'step_wise'
[    1.251152] thermal_sys: Registered thermal governor 'user_space'
[    1.251788] cpuidle: using governor ladder
[    1.252699] cpuidle: using governor menu
[    1.253468] acpiphp: ACPI Hot Plug PCI Controller Driver version: 0.5
[    1.254778] PCI: Using configuration type 1 for base access
[    1.287053] kprobes: kprobe jump-optimization is enabled. All kprobes are optimized if possible.
[    1.288001] HugeTLB registered 1.00 GiB page size, pre-allocated 0 pages
[    1.288001] HugeTLB registered 2.00 MiB page size, pre-allocated 0 pages
[    1.293299] Callback from call_rcu_tasks_rude() invoked.
[    1.295783] ACPI: Added _OSI(Module Device)
[    1.296178] ACPI: Added _OSI(Processor Device)
[    1.296566] ACPI: Added _OSI(3.0 _SCP Extensions)
[    1.296971] ACPI: Added _OSI(Processor Aggregator Device)
[    1.297440] ACPI: Added _OSI(Linux-Dell-Video)
[    1.297826] ACPI: Added _OSI(Linux-Lenovo-NV-HDMI-Audio)
[    1.298645] ACPI: Added _OSI(Linux-HPI-Hybrid-Graphics)
[    1.316286] ACPI: 1 ACPI AML tables successfully acquired and loaded
[    1.325564] ACPI: Interpreter enabled
[    1.326097] ACPI: PM: (supports S0 S3 S4 S5)
[    1.326471] ACPI: Using IOAPIC for interrupt routing
[    1.326789] PCI: Using host bridge windows from ACPI; if necessary, use "pci=nocrs" and report a bug
[    1.329385] ACPI: Enabled 2 GPEs in block 00 to 0F
[    1.374580] ACPI: PCI Root Bridge [PCI0] (domain 0000 [bus 00-ff])
[    1.374670] acpi PNP0A03:00: _OSC: OS supports [ASPM ClockPM Segments MSI EDR HPX-Type3]
[    1.375497] acpi PNP0A03:00: _OSC: not requesting OS control; OS requires [ExtendedConfig ASPM ClockPM MSI]
[    1.376661] acpi PNP0A03:00: fail to add MMCONFIG information, can't access extended PCI configuration space under this bridge.
[    1.382294] acpiphp: Slot [3] registered
[    1.382813] acpiphp: Slot [4] registered
[    1.383363] acpiphp: Slot [5] registered
[    1.383895] acpiphp: Slot [6] registered
[    1.384427] acpiphp: Slot [7] registered
[    1.384990] acpiphp: Slot [8] registered
[    1.385530] acpiphp: Slot [9] registered
[    1.386059] acpiphp: Slot [10] registered
[    1.386627] acpiphp: Slot [11] registered
[    1.387211] acpiphp: Slot [12] registered
[    1.387751] acpiphp: Slot [13] registered
[    1.388794] acpiphp: Slot [14] registered
[    1.389297] acpiphp: Slot [15] registered
[    1.389832] acpiphp: Slot [16] registered
[    1.390370] acpiphp: Slot [17] registered
[    1.390777] acpiphp: Slot [18] registered
[    1.391323] acpiphp: Slot [19] registered
[    1.391887] acpiphp: Slot [20] registered
[    1.392434] acpiphp: Slot [21] registered
[    1.392995] acpiphp: Slot [22] registered
[    1.393536] acpiphp: Slot [23] registered
[    1.394101] acpiphp: Slot [24] registered
[    1.394694] acpiphp: Slot [25] registered
[    1.395256] acpiphp: Slot [26] registered
[    1.395805] acpiphp: Slot [27] registered
[    1.396407] acpiphp: Slot [28] registered
[    1.396953] acpiphp: Slot [29] registered
[    1.397495] acpiphp: Slot [30] registered
[    1.398037] acpiphp: Slot [31] registered
[    1.398466] PCI host bridge to bus 0000:00
[    1.398642] pci_bus 0000:00: root bus resource [io  0x0000-0x0cf7 window]
[    1.399237] pci_bus 0000:00: root bus resource [io  0x0d00-0xffff window]
[    1.399825] pci_bus 0000:00: root bus resource [mem 0x000a0000-0x000bffff window]
[    1.400490] pci_bus 0000:00: root bus resource [mem 0x80000000-0xfebfffff window]
[    1.401147] pci_bus 0000:00: root bus resource [mem 0x100000000-0x17fffffff window]
[    1.401875] pci_bus 0000:00: root bus resource [bus 00-ff]
[    1.402674] pci 0000:00:00.0: [8086:1237] type 00 class 0x060000
[    1.402717] Callback from call_rcu_tasks() invoked.
[    1.413421] pci 0000:00:01.0: [8086:7000] type 00 class 0x060100
[    1.415320] pci 0000:00:01.1: [8086:7010] type 00 class 0x010180
[    1.417359] pci 0000:00:01.1: reg 0x20: [io  0xc040-0xc04f]
[    1.418439] pci 0000:00:01.1: legacy IDE quirk: reg 0x10: [io  0x01f0-0x01f7]
[    1.418641] pci 0000:00:01.1: legacy IDE quirk: reg 0x14: [io  0x03f6]
[    1.419202] pci 0000:00:01.1: legacy IDE quirk: reg 0x18: [io  0x0170-0x0177]
[    1.419815] pci 0000:00:01.1: legacy IDE quirk: reg 0x1c: [io  0x0376]
[    1.420930] pci 0000:00:01.3: [8086:7113] type 00 class 0x068000
[    1.421827] pci 0000:00:01.3: quirk: [io  0x0600-0x063f] claimed by PIIX4 ACPI
[    1.422464] pci 0000:00:01.3: quirk: [io  0x0700-0x070f] claimed by PIIX4 SMB
[    1.423309] pci 0000:00:02.0: [1234:1111] type 00 class 0x030000
[    1.427018] pci 0000:00:02.0: reg 0x10: [mem 0xfd000000-0xfdffffff pref]
[    1.430228] pci 0000:00:02.0: reg 0x18: [mem 0xfebf0000-0xfebf0fff]
[    1.435055] pci 0000:00:02.0: reg 0x30: [mem 0xfebe0000-0xfebeffff pref]
[    1.447121] pci 0000:00:03.0: [8086:100e] type 00 class 0x020000
[    1.448474] pci 0000:00:03.0: reg 0x10: [mem 0xfebc0000-0xfebdffff]
[    1.449677] pci 0000:00:03.0: reg 0x14: [io  0xc000-0xc03f]
[    1.453216] pci 0000:00:03.0: reg 0x30: [mem 0xfeb80000-0xfebbffff pref]
[    1.475908] ACPI: PCI: Interrupt link LNKA configured for IRQ 10
[    1.477611] ACPI: PCI: Interrupt link LNKB configured for IRQ 10
[    1.479173] ACPI: PCI: Interrupt link LNKC configured for IRQ 11
[    1.480722] ACPI: PCI: Interrupt link LNKD configured for IRQ 11
[    1.481738] ACPI: PCI: Interrupt link LNKS configured for IRQ 9
[    1.486108] iommu: Default domain type: Translated 
[    1.486638] iommu: DMA domain TLB invalidation policy: lazy mode 
[    1.487559] pci 0000:00:02.0: vgaarb: setting as boot VGA device
[    1.487559] pci 0000:00:02.0: vgaarb: VGA device added: decodes=io+mem,owns=io+mem,locks=none
[    1.488229] pci 0000:00:02.0: vgaarb: bridge control possible
[    1.488727] vgaarb: loaded
[    1.494684] SCSI subsystem initialized
[    1.495364] ACPI: bus type USB registered
[    1.495989] usbcore: registered new interface driver usbfs
[    1.496630] usbcore: registered new interface driver hub
[    1.497184] usbcore: registered new device driver usb
[    1.498880] pps_core: LinuxPPS API ver. 1 registered
[    1.499394] pps_core: Software ver. 5.3.6 - Copyright 2005-2007 Rodolfo Giometti <giometti@linux.it>
[    1.500383] PTP clock support registered
[    1.501054] EDAC MC: Ver: 3.0.0
[    1.504855] NetLabel: Initializing
[    1.505243] NetLabel:  domain hash size = 128
[    1.505705] NetLabel:  protocols = UNLABELED CIPSOv4 CALIPSO
[    1.506786] NetLabel:  unlabeled traffic allowed by default
[    1.507561] PCI: Using ACPI for IRQ routing
[    1.507561] hpet0: at MMIO 0xfed00000, IRQs 2, 8, 0
[    1.508095] hpet0: 3 comparators, 64-bit 100.000000 MHz counter
[    1.514118] clocksource: Switched to clocksource kvm-clock
[    1.749736] VFS: Disk quotas dquot_6.6.0
[    1.750236] VFS: Dquot-cache hash table entries: 512 (order 0, 4096 bytes)
[    1.751761] pnp: PnP ACPI init
[    1.756368] pnp: PnP ACPI: found 6 devices
[    1.774379] clocksource: acpi_pm: mask: 0xffffff max_cycles: 0xffffff, max_idle_ns: 2085701024 ns
[    1.775725] NET: Registered PF_INET protocol family
[    1.776959] IP idents hash table entries: 32768 (order: 6, 262144 bytes, linear)
[    1.778919] tcp_listen_portaddr_hash hash table entries: 1024 (order: 4, 81920 bytes, linear)
[    1.779759] TCP established hash table entries: 16384 (order: 5, 131072 bytes, linear)
[    1.780852] TCP bind hash table entries: 16384 (order: 8, 1179648 bytes, linear)
[    1.782911] TCP: Hash tables configured (established 16384 bind 16384)
[    1.783810] UDP hash table entries: 1024 (order: 5, 163840 bytes, linear)
[    1.784565] UDP-Lite hash table entries: 1024 (order: 5, 163840 bytes, linear)
[    1.785734] NET: Registered PF_UNIX/PF_LOCAL protocol family
[    1.787762] RPC: Registered named UNIX socket transport module.
[    1.788298] RPC: Registered udp transport module.
[    1.788701] RPC: Registered tcp transport module.
[    1.789102] RPC: Registered tcp NFSv4.1 backchannel transport module.
[    1.789701] pci_bus 0000:00: resource 4 [io  0x0000-0x0cf7 window]
[    1.790238] pci_bus 0000:00: resource 5 [io  0x0d00-0xffff window]
[    1.790797] pci_bus 0000:00: resource 6 [mem 0x000a0000-0x000bffff window]
[    1.791387] pci_bus 0000:00: resource 7 [mem 0x80000000-0xfebfffff window]
[    1.791964] pci_bus 0000:00: resource 8 [mem 0x100000000-0x17fffffff window]
[    1.793017] pci 0000:00:01.0: PIIX3: Enabling Passive Release
[    1.793523] pci 0000:00:00.0: Limiting direct PCI/PCI transfers
[    1.794058] pci 0000:00:01.0: Activating ISA DMA hang workarounds
[    1.794693] pci 0000:00:02.0: Video device with shadowed ROM at [mem 0x000c0000-0x000dffff]
[    1.795433] PCI: CLS 0 bytes, default 64
[    1.795895] ACPI: bus type thunderbolt registered
[    1.796873] clocksource: tsc: mask: 0xffffffffffffffff max_cycles: 0x1128af0325d, max_idle_ns: 440795261011 ns
[    4.541322] Initialise system trusted keyrings
[    4.542104] Key type blacklist registered
[    4.543201] workingset: timestamp_bits=36 max_order=19 bucket_order=0
[    4.576310] zbud: loaded
[    4.585915] squashfs: version 4.0 (2009/01/31) Phillip Lougher
[    4.593891] NFS: Registering the id_resolver key type
[    4.594868] Key type id_resolver registered
[    4.595564] Key type id_legacy registered
[    4.596580] nfs4filelayout_init: NFSv4 File Layout Driver Registering...
[    4.597771] nfs4flexfilelayout_init: NFSv4 Flexfile Layout Driver Registering...
[    4.599596] fuse: init (API version 7.35)
[    4.601290] SGI XFS with ACLs, security attributes, realtime, quota, no debug enabled
[    4.611024] 9p: Installing v9fs 9p2000 file system support
[    4.622530] Key type asymmetric registered
[    4.623364] Asymmetric key parser 'x509' registered
[    4.624760] Block layer SCSI generic (bsg) driver version 0.4 loaded (major 243)
[    4.626549] io scheduler mq-deadline registered
[    4.628014] io scheduler bfq registered
[    4.634411] shpchp: Standard Hot Plug PCI Controller Driver version: 0.4
[    4.637383] IPMI message handler: version 39.2
[    4.638340] ipmi device interface
[    4.642212] input: Power Button as /devices/LNXSYSTM:00/LNXPWRBN:00/input/input0
[    4.644433] ACPI: button: Power Button [PWRF]
[    4.648054] ERST DBG: ERST support is disabled.
[    4.650976] Serial: 8250/16550 driver, 32 ports, IRQ sharing enabled
[    4.653183] 00:04: ttyS0 at I/O 0x3f8 (irq = 4, base_baud = 115200) is a 16550A
[    4.683735] Linux agpgart interface v0.103
[    4.686548] ACPI: bus type drm_connector registered
[    4.721096] brd: module loaded
[    4.742796] loop: module loaded
[    4.757980] scsi host0: ata_piix
[    4.760694] scsi host1: ata_piix
[    4.761795] ata1: PATA max MWDMA2 cmd 0x1f0 ctl 0x3f6 bmdma 0xc040 irq 14
[    4.762959] ata2: PATA max MWDMA2 cmd 0x170 ctl 0x376 bmdma 0xc048 irq 15
[    4.766326] libphy: Fixed MDIO Bus: probed
[    4.768726] tun: Universal TUN/TAP device driver, 1.6
[    4.770145] e100: Intel(R) PRO/100 Network Driver
[    4.770975] e100: Copyright(c) 1999-2006 Intel Corporation
[    4.772060] e1000: Intel(R) PRO/1000 Network Driver
[    4.772864] e1000: Copyright (c) 1999-2006 Intel Corporation.
[    4.924106] ata1.00: ATA-7: QEMU HARDDISK, 2.5+, max UDMA/100
[    4.925117] ata1.00: 16777216 sectors, multi 16: LBA48 
[    4.926324] ata1.00: Read log page 0x00 failed, Emask 0x1
[    4.927266] ata1.00: ATA Identify Device Log not supported
[    4.929362] ata2.00: ATAPI: QEMU DVD-ROM, 2.5+, max UDMA/100
[    4.931992] ata1.00: Read log page 0x00 failed, Emask 0x1
[    4.932889] ata1.00: ATA Identify Device Log not supported
[    4.935618] scsi 0:0:0:0: Direct-Access     ATA      QEMU HARDDISK    2.5+ PQ: 0 ANSI: 5
[    4.939483] scsi 0:0:0:0: Attached scsi generic sg0 type 0
[    4.941994] scsi 1:0:0:0: CD-ROM            QEMU     QEMU DVD-ROM     2.5+ PQ: 0 ANSI: 5
[    4.945517] scsi 1:0:0:0: Attached scsi generic sg1 type 5
[    4.948462] sd 0:0:0:0: [sda] 16777216 512-byte logical blocks: (8.59 GB/8.00 GiB)
[    4.949862] sd 0:0:0:0: [sda] Write Protect is off
[    4.951200] sd 0:0:0:0: [sda] Write cache: enabled, read cache: enabled, doesn't support DPO or FUA
[    4.999474] sd 0:0:0:0: [sda] Attached SCSI disk
[    5.943654] ACPI: \_SB_.LNKC: Enabled at IRQ 11
[    6.306266] e1000 0000:00:03.0 eth0: (PCI:33MHz:32-bit) 52:54:00:12:34:56
[    6.307531] e1000 0000:00:03.0 eth0: Intel(R) PRO/1000 Network Connection
[    6.308887] e1000e: Intel(R) PRO/1000 Network Driver
[    6.309704] e1000e: Copyright(c) 1999 - 2015 Intel Corporation.
[    6.310985] igb: Intel(R) Gigabit Ethernet Network Driver
[    6.311869] igb: Copyright (c) 2007-2014 Intel Corporation.
[    6.313219] PPP generic driver version 2.4.2
[    6.315577] VFIO - User Level meta-driver version: 0.3
[    6.316597] ehci_hcd: USB 2.0 'Enhanced' Host Controller (EHCI) Driver
[    6.317750] ehci-pci: EHCI PCI platform driver
[    6.318456] ehci-platform: EHCI generic platform driver
[    6.318994] ohci_hcd: USB 1.1 'Open' Host Controller (OHCI) Driver
[    6.319552] ohci-pci: OHCI PCI platform driver
[    6.320032] ohci-platform: OHCI generic platform driver
[    6.320529] uhci_hcd: USB Universal Host Controller Interface driver
[    6.321920] usbcore: registered new interface driver uas
[    6.322499] usbcore: registered new interface driver usb-storage
[    6.323338] i8042: PNP: PS/2 Controller [PNP0303:KBD,PNP0f13:MOU] at 0x60,0x64 irq 1,12
[    6.325067] serio: i8042 KBD port at 0x60,0x64 irq 1
[    6.325583] serio: i8042 AUX port at 0x60,0x64 irq 12
[    6.326955] mousedev: PS/2 mouse device common for all mice
[    6.330054] input: AT Translated Set 2 keyboard as /devices/platform/i8042/serio0/input/input1
[    6.331423] rtc_cmos 00:05: RTC can wake from S4
[    6.334489] rtc_cmos 00:05: registered as rtc0
[    6.335449] rtc_cmos 00:05: setting system clock to 2023-02-06T16:53:16 UTC (1675702396)
[    6.335776] input: VirtualPS/2 VMware VMMouse as /devices/platform/i8042/serio1/input/input4
[    6.337330] rtc_cmos 00:05: alarms up to one day, y3k, 242 bytes nvram, hpet irqs
[    6.338060] i2c_dev: i2c /dev entries driver
[    6.339325] device-mapper: core: CONFIG_IMA_DISABLE_HTABLE is disabled. Duplicate IMA measurements will not be recorded in the IMA log.
[    6.340693] device-mapper: uevent: version 1.0.3
[    6.340964] input: VirtualPS/2 VMware VMMouse as /devices/platform/i8042/serio1/input/input3
[    6.341816] device-mapper: ioctl: 4.45.0-ioctl (2021-03-22) initialised: dm-devel@redhat.com
[    6.342735] intel_pstate: CPU model not supported
[    6.343426] sdhci: Secure Digital Host Controller Interface driver
[    6.343993] sdhci: Copyright(c) Pierre Ossman
[    6.344559] sdhci-pltfm: SDHCI platform and OF driver helper
[    6.345432] ledtrig-cpu: registered to indicate activity on CPUs
[    6.346563] drop_monitor: Initializing network drop monitor service
[    6.348634] NET: Registered PF_INET6 protocol family
[    6.356607] Segment Routing with IPv6
[    6.357053] In-situ OAM (IOAM) with IPv6
[    6.357506] NET: Registered PF_PACKET protocol family
[    6.358483] 9pnet: Installing 9P2000 support
[    6.359046] Key type dns_resolver registered
[    6.361028] IPI shorthand broadcast: enabled
[    6.361485] sched_clock: Marking stable (6346425668, 14223489)->(6414065825, -53416668)
[    6.363571] registered taskstats version 1
[    6.364230] Loading compiled-in X.509 certificates
[    6.365677] zswap: loaded using pool lzo/zbud
[    6.370213] Key type ._fscrypt registered
[    6.370747] Key type .fscrypt registered
[    6.371166] Key type fscrypt-provisioning registered
[    6.374960] Key type encrypted registered
[    6.375605] ima: No TPM chip found, activating TPM-bypass!
[    6.376231] ima: Allocated hash algorithm: sha1
[    6.376894] ima: No architecture policies found
[    6.377596] evm: Initialising EVM extended attributes:
[    6.378174] evm: security.selinux
[    6.378537] evm: security.SMACK64
[    6.378991] evm: security.SMACK64EXEC
[    6.379409] evm: security.SMACK64TRANSMUTE
[    6.379864] evm: security.SMACK64MMAP
[    6.380278] evm: security.apparmor
[    6.380674] evm: security.ima
[    6.381002] evm: security.capability
[    6.381401] evm: HMAC attrs: 0x1
[    6.400404] PM:   Magic number: 11:461:893
[    6.402206] RAS: Correctable Errors collector initialized.
[    6.405116] md: Waiting for all devices to be available before autodetect
[    6.405841] md: If you don't use raid, use raid=noautodetect
[    6.406469] md: Autodetecting RAID arrays.
[    6.406986] md: autorun ...
[    6.407308] md: ... autorun DONE.
[    6.421696] EXT4-fs (sda): mounted filesystem with ordered data mode. Opts: (null). Quota mode: none.
[    6.423149] VFS: Mounted root (ext4 filesystem) readonly on device 8:0.
[    6.427119] devtmpfs: mounted
[    6.463208] Freeing unused decrypted memory: 2036K
[    6.468234] Freeing unused kernel image (initmem) memory: 3968K
[    6.468879] Write protecting the kernel read-only data: 81920k
[    6.473725] Freeing unused kernel image (text/rodata gap) memory: 2028K
[    6.475099] Freeing unused kernel image (rodata/data gap) memory: 612K
[    6.590071] x86/mm: Checked W+X mappings: passed, no W+X pages found.
[    6.590770] Run /sbin/init as init process
[    6.727443] random: fast init done
[    6.776072] systemd[1]: RTC configured in localtime, applying delta of 0 minutes to system time.
[    6.829499] systemd[1]: systemd 239 (239-49.el8) running in system mode. (+PAM +AUDIT +SELINUX +IMA -APPARMOR +SMACK +SYSVINIT +UTMP +LIBCRYPTSETUP +GCRYPT +GNUTLS +ACL +XZ +LZ4 +SECCOMP +BLKID +ELFUTILS +KMOD +IDN2 -IDN +PCRE2 default-hierarchy=legacy)
[    6.831907] systemd[1]: Detected virtualization kvm.
[    6.832358] systemd[1]: Detected architecture x86-64.

Welcome to [0;31mCentOS Stream 8[0m!

[    6.863589] systemd[1]: Set hostname to <test>.
[    7.128730] random: lvmconfig: uninitialized urandom read (4 bytes read)
[    7.301236] random: systemd: uninitialized urandom read (16 bytes read)
[    7.302882] systemd[1]: Listening on udev Kernel Socket.
[[0;32m  OK  [0m] Listening on udev Kernel Socket.
[    7.305051] random: systemd: uninitialized urandom read (16 bytes read)
[    7.306618] systemd[1]: Listening on Journal Socket (/dev/log).
[[0;32m  OK  [0m] Listening on Journal Socket (/dev/log).
[    7.314373] systemd[1]: Created slice User and Session Slice.
[[0;32m  OK  [0m] Created slice User and Session Slice.
[    7.316782] systemd[1]: Listening on multipathd control socket.
[[0;32m  OK  [0m] Listening on multipathd control socket.
[    7.321083] systemd[1]: Created slice system-serial\x2dgetty.slice.
[[0;32m  OK  [0m] Created slice system-serial\x2dgetty.slice.
[    7.323264] systemd[1]: Listening on LVM2 poll daemon socket.
[[0;32m  OK  [0m] Listening on LVM2 poll daemon socket.
[[0;32m  OK  [0m] Listening on Process Core Dump Socket.
[[0;32m  OK  [0m] Created slice system-getty.slice.
[[0;32m  OK  [0m] Started Forward Password Requests to Wall Directory Watch.
[[0;32m  OK  [0m] Reached target Slices.
[[0;32m  OK  [0m] Listening on udev Control Socket.
[[0;32m  OK  [0m] Listening on RPCbind Server Activation Socket.
[[0;32m  OK  [0m] Reached target Swap.
[[0;32m  OK  [0m] Listening on Device-mapper event daemon FIFOs.
[[0;32m  OK  [0m] Set up automount Arbitrary Executabâ€¦rmats File System Automount Point.
[[0;32m  OK  [0m] Listening on Journal Socket.
         Starting Setup Virtual Console...
         Starting Remount Root and Kernel File Systems...
         Starting udev Coldplug all Devices...
         Mounting Kernel Debug File System...
         Mounting POSIX Message Queue File System...
         Starting Monitoring of LVM2 mirrorsâ€¦ng dmeventd or progress polling...
         Mounting Huge Pages File System...
[[0;32m  OK  [0m] Listening on initctl Compatibility Named Pipe.
         Starting Load Kernel Modules...
         Starting Journal Service...
[[0;32m  OK  [0m] Created slice system-sshd\x2dkeygen.slice.
[[0;32m  OK  [0m] Reached target RPC Port Mapper.
[[0;32m  OK  [0m] Mounted Kernel Debug File System.
[[0;32m  OK  [0m] Mounted POSIX Message Queue File System.
[[0;32m  OK  [0m] Mounted Huge Pages File System.
[[0;1;31mFAILED[0m] Failed to start Load Kernel Modules.
See 'systemctl status systemd-modules-load.service' for details.
         Starting Apply Kernel Variables...
         Mounting FUSE Control File System...
         Mounting Kernel Configuration File System...
[[0;32m  OK  [0m] Started Apply Kernel Variables.
[[0;32m  OK  [0m] Mounted FUSE Control File System.
[[0;32m  OK  [0m] Mounted Kernel Configuration File System.
[    8.162722] EXT4-fs (sda): re-mounted. Opts: (null). Quota mode: none.
[[0;32m  OK  [0m] Started Remount Root and Kernel File Systems.
         Starting Load/Save Random Seed...
         Starting Create Static Device Nodes in /dev...
[[0;32m  OK  [0m] Started Load/Save Random Seed.
[[0;32m  OK  [0m] Started Journal Service.
[[0;32m  OK  [0m] Started Create Static Device Nodes in /dev.
[[0;32m  OK  [0m] Started Setup Virtual Console.
         Starting udev Kernel Device Manager...
         Starting Flush Journal to Persistent Storage...
[[0;32m  OK  [0m] Started Flush Journal to Persistent Storage.
[[0;32m  OK  [0m] Started udev Coldplug all Devices.
         Starting udev Wait for Complete Device Initialization...
[[0;32m  OK  [0m] Started udev Kernel Device Manager.
         Starting Show Plymouth Boot Screen...
[[0;32m  OK  [0m] Started Show Plymouth Boot Screen.
[[0;32m  OK  [0m] Started Forward Password Requests to Plymouth Directory Watch.
[[0;32m  OK  [0m] Reached target Local Encrypted Volumes.
[[0;32m  OK  [0m] Reached target Paths.
[[0;32m  OK  [0m] Started Monitoring of LVM2 mirrors,â€¦sing dmeventd or progress polling.
[[0;32m  OK  [0m] Started udev Wait for Complete Device Initialization.
[[0;32m  OK  [0m] Found device /dev/ttyS0.
[[0;32m  OK  [0m] Listening on Load/Save RF Kill Switch Status /dev/rfkill Watch.
[[0;32m  OK  [0m] Reached target Local File Systems (Pre).
[[0;32m  OK  [0m] Reached target Local File Systems.
         Starting Tell Plymouth To Write Out Runtime Data...
         Starting Create Volatile Files and Directories...
         Starting Restore /run/initramfs on shutdown...
[   11.064057] random: crng init done
[   11.064403] random: 7 urandom warning(s) missed due to ratelimiting
[[0;32m  OK  [0m] Started Tell Plymouth To Write Out Runtime Data.
[[0;32m  OK  [0m] Started Create Volatile Files and Directories.
[[0;32m  OK  [0m] Started Restore /run/initramfs on shutdown.
         Starting Security Auditing Service...
         Starting RPC Bind...
         Mounting RPC Pipe File System...
[[0;32m  OK  [0m] Mounted RPC Pipe File System.
[[0;32m  OK  [0m] Reached target rpc_pipefs.target.
[[0;32m  OK  [0m] Started RPC Bind.
[[0;32m  OK  [0m] Started Security Auditing Service.
         Starting Update UTMP about System Boot/Shutdown...
[[0;32m  OK  [0m] Started Update UTMP about System Boot/Shutdown.
[[0;32m  OK  [0m] Reached target System Initialization.
[[0;32m  OK  [0m] Listening on D-Bus System Message Bus Socket.
[[0;32m  OK  [0m] Listening on SSSD Kerberos Cache Manager responder socket.
[[0;32m  OK  [0m] Reached target Sockets.
[[0;32m  OK  [0m] Started dnf makecache --timer.
[[0;32m  OK  [0m] Reached target Basic System.
         Starting Self Monitoring and Reporting Technology (SMART) Daemon...
[[0;32m  OK  [0m] Started D-Bus System Message Bus.
         Starting Network Manager...
[[0;32m  OK  [0m] Started irqbalance daemon.
         Starting Login Service...
         Starting NTP client/server...
[[0;32m  OK  [0m] Started Machine Check Exception Logging Daemon.
[[0;32m  OK  [0m] Reached target sshd-keygen.target.
[[0;32m  OK  [0m] Started Daily Cleanup of Temporary Directories.
         Starting Auto-connect to subsystemsâ€¦-NVME devices found during boot...
[[0;32m  OK  [0m] Started daily update of the root trust anchor for DNSSEC.
[[0;32m  OK  [0m] Reached target Timers.
         Starting Authorization Manager...
[[0;32m  OK  [0m] Started Auto-connect to subsystems â€¦FC-NVME devices found during boot.
[[0;32m  OK  [0m] Started Self Monitoring and Reporting Technology (SMART) Daemon.
         Starting update of the root trust aâ€¦or DNSSEC validation in unbound...
[[0;32m  OK  [0m] Started Login Service.
[[0;32m  OK  [0m] Started Network Manager.
         Starting Network Manager Wait Online...
[[0;32m  OK  [0m] Reached target Network.
         Starting GSSAPI Proxy Daemon...
         Starting Dynamic System Tuning Daemon...
         Starting OpenSSH server daemon...
[[0;32m  OK  [0m] Started update of the root trust anâ€¦ for DNSSEC validation in unbound.
[[0;32m  OK  [0m] Started NTP client/server.
[[0;32m  OK  [0m] Started GSSAPI Proxy Daemon.
[[0;32m  OK  [0m] Reached target NFS client services.
[[0;32m  OK  [0m] Reached target Remote File Systems (Pre).
[[0;32m  OK  [0m] Reached target Remote File Systems.
         Starting Permit User Sessions...
         Starting Hostname Service...
[[0;32m  OK  [0m] Started OpenSSH server daemon.
[[0;32m  OK  [0m] Started Permit User Sessions.
[[0;32m  OK  [0m] Started Command Scheduler.
         Starting Terminate Plymouth Boot Screen...
[   12.955493] e1000: eth0 NIC Link is Up 1000 Mbps Full Duplex, Flow Control: RX
[   12.957997] IPv6: ADDRCONF(NETDEV_CHANGE): eth0: link becomes ready

CentOS Stream 8
Kernel 5.15.0-e5bc4d4602b8+ on an x86_64

test login: [   30.441257] Injecting memory failure for pfn 0x17eef at process virtual address 0x20cef000
[   30.442086] page:000000006a6e648b refcount:2 mapcount:0 mapping:0000000000000000 index:0x0 pfn:0x17e00
[   30.442985] head:000000006a6e648b order:9 compound_mapcount:0 compound_pincount:0
[   30.443762] flags: 0xfffffc0010001(locked|head|node=0|zone=1|lastcpupid=0x1fffff)
[   30.444399] raw: 000fffffc0010001 0000000000000000 dead000000000122 0000000000000000
[   30.445057] raw: 0000000000000000 0000000000000000 00000002ffffffff 0000000000000000
[   30.445830] page dumped because: VM_BUG_ON_PAGE(is_huge_zero_page(head))
[   30.446536] ------------[ cut here ]------------
[   30.447163] kernel BUG at mm/huge_memory.c:2622!
[   30.447712] invalid opcode: 0000 [#1] PREEMPT SMP KASAN NOPTI
[   30.448284] CPU: 0 PID: 544 Comm: repro Not tainted 5.15.0-e5bc4d4602b8+ #1
[   30.448869] Hardware name: QEMU Standard PC (i440FX + PIIX, 1996), BIOS rel-1.14.0-0-g155821a1990b-prebuilt.qemu.org 04/01/2014
[   30.449815] RIP: 0010:split_huge_page_to_list+0x176b/0x3220
[   30.450325] Code: 2b 10 ad ff be 9c 00 00 00 48 89 df e8 6e e1 f0 ff e9 f5 f0 ff ff e8 14 10 ad ff 48 c7 c6 20 ed 37 85 48 89 df e8 55 46 e9 ff <0f> 0b e8 fe 0f ad ff 48 c7 c6 c0 ec 37 85 4c 89 f7 e8 3f 46 e9 ff
[   30.451865] RSP: 0018:ffff888016f97a00 EFLAGS: 00010246
[   30.452314] RAX: 0000000000000000 RBX: ffffea00005f8000 RCX: ffffffff813a4c85
[   30.452912] RDX: 0000000000000000 RSI: ffff8880171f2440 RDI: 0000000000000002
[   30.453511] RBP: ffff888016f97b90 R08: ffffed100b646172 R09: ffffed100b646172
[   30.454114] R10: ffff88805b230b8b R11: ffffed100b646171 R12: ffffea00005f8008
[   30.454733] R13: ffffea00005fbbc0 R14: ffff88807ffb5000 R15: 0000000000000000
[   30.455337] FS:  00007fa7d437d740(0000) GS:ffff88805b200000(0000) knlGS:0000000000000000
[   30.456017] CS:  0010 DS: 0000 ES: 0000 CR0: 0000000080050033
[   30.456510] CR2: 00007fa7d4423fa0 CR3: 0000000012994003 CR4: 0000000000770ef0
[   30.457112] DR0: 0000000000000000 DR1: 0000000000000000 DR2: 0000000000000000
[   30.457727] DR3: 0000000000000000 DR6: 00000000ffff07f0 DR7: 0000000000000400
[   30.458320] PKRU: 55555554
[   30.458567] Call Trace:
[   30.458791]  <TASK>
[   30.458984]  ? __mutex_lock+0x247/0x15a0
[   30.459363]  ? can_split_huge_page+0x3b0/0x3b0
[   30.459760]  ? __this_cpu_preempt_check+0x1c/0x20
[   30.460168]  ? lock_is_held_type+0xe4/0x140
[   30.460535]  ? write_comp_data+0x2f/0x90
[   30.460903]  ? write_comp_data+0x2f/0x90
[   30.461250]  try_to_split_thp_page+0xb0/0x370
[   30.461628]  memory_failure+0xc9f/0x2260
[   30.461986]  ? em_dev_register_perf_domain.cold.6+0x58/0xfe
[   30.462478]  ? hwpoison_user_mappings+0xd60/0xd60
[   30.462895]  ? __sanitizer_cov_trace_pc+0x21/0x50
[   30.463305]  ? write_comp_data+0x2f/0x90
[   30.463645]  do_madvise.cold.37+0x17c/0x184
[   30.464023]  ? rcu_read_lock_sched_held+0xa1/0xd0
[   30.464440]  ? madvise_free_pte_range+0x1dc0/0x1dc0
[   30.464859]  ? __audit_syscall_entry+0x41e/0x620
[   30.465276]  ? lock_downgrade+0x730/0x730
[   30.465629]  ? ktime_get_coarse_real_ts64+0x17b/0x1b0
[   30.466072]  ? __audit_syscall_entry+0x41e/0x620
[   30.466474]  ? __this_cpu_preempt_check+0x1c/0x20
[   30.466880]  ? lockdep_hardirqs_on+0x83/0x110
[   30.467269]  ? write_comp_data+0x2f/0x90
[   30.467616]  ? __sanitizer_cov_trace_pc+0x21/0x50
[   30.468017]  ? ktime_get_coarse_real_ts64+0x12c/0x1b0
[   30.468465]  ? write_comp_data+0x2f/0x90
[   30.468804]  ? __sanitizer_cov_trace_pc+0x21/0x50
[   30.469205]  ? __audit_syscall_entry+0x423/0x620
[   30.469618]  ? do_syscall_64+0x15/0x80
[   30.469949]  __x64_sys_madvise+0xaf/0x110
[   30.470300]  ? syscall_enter_from_user_mode+0x4a/0x60
[   30.470755]  do_syscall_64+0x37/0x80
[   30.471067]  entry_SYSCALL_64_after_hwframe+0x44/0xae
[   30.471510] RIP: 0033:0x7fa7d44a259d
[   30.471833] Code: 00 c3 66 2e 0f 1f 84 00 00 00 00 00 90 f3 0f 1e fa 48 89 f8 48 89 f7 48 89 d6 48 89 ca 4d 89 c2 4d 89 c8 4c 8b 4c 24 08 0f 05 <48> 3d 01 f0 ff ff 73 01 c3 48 8b 0d d3 08 0d 00 f7 d8 64 89 01 48
[   30.473404] RSP: 002b:00007ffd2b038028 EFLAGS: 00000217 ORIG_RAX: 000000000000001c
[   30.474067] RAX: ffffffffffffffda RBX: 0000000000000000 RCX: 00007fa7d44a259d
[   30.474660] RDX: 0000000000000064 RSI: 0000000000003000 RDI: 0000000020cef000
[   30.475272] RBP: 00007ffd2b038030 R08: 00007ffd2b038060 R09: 00007ffd2b038060
[   30.475882] R10: 0000000000000004 R11: 0000000000000217 R12: 0000000000401180
[   30.476469] R13: 00007ffd2b038150 R14: 0000000000000000 R15: 0000000000000000
[   30.477079]  </TASK>
[   30.477288] Modules linked in:
[   30.477659] ---[ end trace 92159e7ba3c3a6d1 ]---
[   30.478262] RIP: 0010:split_huge_page_to_list+0x176b/0x3220
[   30.479212] Code: 2b 10 ad ff be 9c 00 00 00 48 89 df e8 6e e1 f0 ff e9 f5 f0 ff ff e8 14 10 ad ff 48 c7 c6 20 ed 37 85 48 89 df e8 55 46 e9 ff <0f> 0b e8 fe 0f ad ff 48 c7 c6 c0 ec 37 85 4c 89 f7 e8 3f 46 e9 ff
[   30.482151] RSP: 0018:ffff888016f97a00 EFLAGS: 00010246
[   30.483021] RAX: 0000000000000000 RBX: ffffea00005f8000 RCX: ffffffff813a4c85
[   30.484169] RDX: 0000000000000000 RSI: ffff8880171f2440 RDI: 0000000000000002
[   30.485320] RBP: ffff888016f97b90 R08: ffffed100b646172 R09: ffffed100b646172
[   30.486360] R10: ffff88805b230b8b R11: ffffed100b646171 R12: ffffea00005f8008
[   30.487004] R13: ffffea00005fbbc0 R14: ffff88807ffb5000 R15: 0000000000000000
[   30.487709] FS:  00007fa7d437d740(0000) GS:ffff88805b200000(0000) knlGS:0000000000000000
[   30.488386] CS:  0010 DS: 0000 ES: 0000 CR0: 0000000080050033
[   30.488867] CR2: 00007fa7d4423fa0 CR3: 0000000012994003 CR4: 0000000000770ef0
[   30.489469] DR0: 0000000000000000 DR1: 0000000000000000 DR2: 0000000000000000
[   30.490073] DR3: 0000000000000000 DR6: 00000000ffff07f0 DR7: 0000000000000400
[   30.490689] PKRU: 55555554
[   30.493002] Injecting memory failure for pfn 0x17eef at process virtual address 0x20cef000
