c[?7l[2J[0mSeaBIOS (version rel-1.14.0-0-g155821a1990b-prebuilt.qemu.org)


iPXE (http://ipxe.org) 00:03.0 CA00 PCI2.10 PnP PMM+7FF8F030+7FEEF030 CA00
Press Ctrl-B to configure iPXE (PCI 00:03.0)...                                                                               


Booting from ROM..c[?7l[2J[    0.000000] Linux version 6.0.0-rc7-132857d9124c+ (root@p-rplp02) (gcc (GCC) 8.5.0 20210514 (Red Hat 8.5.0-15), GNU ld version 2.36.1-2.el8) #1 SMP PREEMPT_DYNAMIC Thu Nov 3 21:05:25 CST 2022
[    0.000000] Command line: console=ttyS0 root=/dev/sda earlyprintk=serial net.ifnames=0
[    0.000000] KERNEL supported cpus:
[    0.000000]   Intel GenuineIntel
[    0.000000]   AMD AuthenticAMD
[    0.000000]   Hygon HygonGenuine
[    0.000000]   Centaur CentaurHauls
[    0.000000]   zhaoxin   Shanghai  
[    0.000000] x86/fpu: Supporting XSAVE feature 0x001: 'x87 floating point registers'
[    0.000000] x86/fpu: Supporting XSAVE feature 0x002: 'SSE registers'
[    0.000000] x86/fpu: Supporting XSAVE feature 0x004: 'AVX registers'
[    0.000000] x86/fpu: Supporting XSAVE feature 0x200: 'Protection Keys User registers'
[    0.000000] x86/fpu: xstate_offset[2]:  576, xstate_sizes[2]:  256
[    0.000000] x86/fpu: xstate_offset[9]:  832, xstate_sizes[9]:    8
[    0.000000] x86/fpu: Enabled xstate features 0x207, context size is 840 bytes, using 'compacted' format.
[    0.000000] signal: max sigframe size: 3632
[    0.000000] BIOS-provided physical RAM map:
[    0.000000] BIOS-e820: [mem 0x0000000000000000-0x000000000009fbff] usable
[    0.000000] BIOS-e820: [mem 0x000000000009fc00-0x000000000009ffff] reserved
[    0.000000] BIOS-e820: [mem 0x00000000000f0000-0x00000000000fffff] reserved
[    0.000000] BIOS-e820: [mem 0x0000000000100000-0x000000007ffdffff] usable
[    0.000000] BIOS-e820: [mem 0x000000007ffe0000-0x000000007fffffff] reserved
[    0.000000] BIOS-e820: [mem 0x00000000feffc000-0x00000000feffffff] reserved
[    0.000000] BIOS-e820: [mem 0x00000000fffc0000-0x00000000ffffffff] reserved
[    0.000000] printk: bootconsole [earlyser0] enabled
[    0.000000] NX (Execute Disable) protection: active
[    0.000000] SMBIOS 2.8 present.
[    0.000000] DMI: QEMU Standard PC (i440FX + PIIX, 1996), BIOS rel-1.14.0-0-g155821a1990b-prebuilt.qemu.org 04/01/2014
[    0.000000] Hypervisor detected: KVM
[    0.000000] kvm-clock: Using msrs 4b564d01 and 4b564d00
[    0.000003] kvm-clock: using sched offset of 273137064 cycles
[    0.000501] clocksource: kvm-clock: mask: 0xffffffffffffffff max_cycles: 0x1cd42e4dffb, max_idle_ns: 881590591483 ns
[    0.002035] tsc: Detected 1881.600 MHz processor
[    0.008884] last_pfn = 0x7ffe0 max_arch_pfn = 0x400000000
[    0.009449] x86/PAT: Configuration [0-7]: WB  WC  UC- UC  WB  WP  UC- WT  
[    0.014857] found SMP MP-table at [mem 0x000f5a90-0x000f5a9f]
[    0.015514] Using GB pages for direct mapping
[    0.016855] ACPI: Early table checksum verification disabled
[    0.017407] ACPI: RSDP 0x00000000000F5870 000014 (v00 BOCHS )
[    0.017972] ACPI: RSDT 0x000000007FFE1959 000034 (v01 BOCHS  BXPC     00000001 BXPC 00000001)
[    0.018794] ACPI: FACP 0x000000007FFE1805 000074 (v01 BOCHS  BXPC     00000001 BXPC 00000001)
[    0.019622] ACPI: DSDT 0x000000007FFE0040 0017C5 (v01 BOCHS  BXPC     00000001 BXPC 00000001)
[    0.020449] ACPI: FACS 0x000000007FFE0000 000040
[    0.020897] ACPI: APIC 0x000000007FFE1879 000080 (v01 BOCHS  BXPC     00000001 BXPC 00000001)
[    0.021714] ACPI: HPET 0x000000007FFE18F9 000038 (v01 BOCHS  BXPC     00000001 BXPC 00000001)
[    0.022532] ACPI: WAET 0x000000007FFE1931 000028 (v01 BOCHS  BXPC     00000001 BXPC 00000001)
[    0.023363] ACPI: Reserving FACP table memory at [mem 0x7ffe1805-0x7ffe1878]
[    0.024031] ACPI: Reserving DSDT table memory at [mem 0x7ffe0040-0x7ffe1804]
[    0.024698] ACPI: Reserving FACS table memory at [mem 0x7ffe0000-0x7ffe003f]
[    0.025370] ACPI: Reserving APIC table memory at [mem 0x7ffe1879-0x7ffe18f8]
[    0.026039] ACPI: Reserving HPET table memory at [mem 0x7ffe18f9-0x7ffe1930]
[    0.026708] ACPI: Reserving WAET table memory at [mem 0x7ffe1931-0x7ffe1958]
[    0.027952] No NUMA configuration found
[    0.028328] Faking a node at [mem 0x0000000000000000-0x000000007ffdffff]
[    0.029020] NODE_DATA(0) allocated [mem 0x7ffb5000-0x7ffdffff]
[    0.033238] Zone ranges:
[    0.033515]   DMA      [mem 0x0000000000001000-0x0000000000ffffff]
[    0.034111]   DMA32    [mem 0x0000000001000000-0x000000007ffdffff]
[    0.034699]   Normal   empty
[    0.034983]   Device   empty
[    0.035260] Movable zone start for each node
[    0.035663] Early memory node ranges
[    0.036001]   node   0: [mem 0x0000000000001000-0x000000000009efff]
[    0.036594]   node   0: [mem 0x0000000000100000-0x000000007ffdffff]
[    0.037191] Initmem setup node 0 [mem 0x0000000000001000-0x000000007ffdffff]
[    0.038213] On node 0, zone DMA: 1 pages in unavailable ranges
[    0.038237] On node 0, zone DMA: 97 pages in unavailable ranges
[    0.044586] On node 0, zone DMA32: 32 pages in unavailable ranges
[    0.045425] ACPI: PM-Timer IO Port: 0x608
[    0.046405] ACPI: LAPIC_NMI (acpi_id[0xff] dfl dfl lint[0x1])
[    0.046998] IOAPIC[0]: apic_id 0, version 17, address 0xfec00000, GSI 0-23
[    0.047659] ACPI: INT_SRC_OVR (bus 0 bus_irq 0 global_irq 2 dfl dfl)
[    0.048269] ACPI: INT_SRC_OVR (bus 0 bus_irq 5 global_irq 5 high level)
[    0.048905] ACPI: INT_SRC_OVR (bus 0 bus_irq 9 global_irq 9 high level)
[    0.049536] ACPI: INT_SRC_OVR (bus 0 bus_irq 10 global_irq 10 high level)
[    0.050188] ACPI: INT_SRC_OVR (bus 0 bus_irq 11 global_irq 11 high level)
[    0.050855] ACPI: Using ACPI (MADT) for SMP configuration information
[    0.051482] ACPI: HPET id: 0x8086a201 base: 0xfed00000
[    0.051994] TSC deadline timer available
[    0.052367] smpboot: Allowing 2 CPUs, 0 hotplug CPUs
[    0.052872] kvm-guest: KVM setup pv remote TLB flush
[    0.053348] kvm-guest: setup PV sched yield
[    0.053781] PM: hibernation: Registered nosave memory: [mem 0x00000000-0x00000fff]
[    0.054503] PM: hibernation: Registered nosave memory: [mem 0x0009f000-0x0009ffff]
[    0.055232] PM: hibernation: Registered nosave memory: [mem 0x000a0000-0x000effff]
[    0.055948] PM: hibernation: Registered nosave memory: [mem 0x000f0000-0x000fffff]
[    0.056664] [mem 0x80000000-0xfeffbfff] available for PCI devices
[    0.057242] Booting paravirtualized kernel on KVM
[    0.057695] clocksource: refined-jiffies: mask: 0xffffffff max_cycles: 0xffffffff, max_idle_ns: 7645519600211568 ns
[    0.058699] setup_percpu: NR_CPUS:8192 nr_cpumask_bits:2 nr_cpu_ids:2 nr_node_ids:1
[    0.059839] percpu: Embedded 62 pages/cpu s217088 r8192 d28672 u1048576
[    0.060666] kvm-guest: PV spinlocks enabled
[    0.061074] PV qspinlock hash table entries: 256 (order: 0, 4096 bytes, linear)
[    0.061784] Fallback order for Node 0: 0 
[    0.062175] Built 1 zonelists, mobility grouping on.  Total pages: 515808
[    0.062825] Policy zone: DMA32
[    0.063128] Kernel command line: net.ifnames=0 console=ttyS0 root=/dev/sda earlyprintk=serial net.ifnames=0
[    0.064670] Dentry cache hash table entries: 262144 (order: 9, 2097152 bytes, linear)
[    0.065554] Inode-cache hash table entries: 131072 (order: 8, 1048576 bytes, linear)
[    0.066392] mem auto-init: stack:off, heap alloc:off, heap free:off
[    0.070196] Memory: 1999736K/2096632K available (30735K kernel code, 3927K rwdata, 7852K rodata, 3612K init, 10696K bss, 96640K reserved, 0K cma-reserved)
[    0.072048] SLUB: HWalign=64, Order=0-3, MinObjects=0, CPUs=2, Nodes=1
[    0.072587] kmemleak: Kernel memory leak detector disabled
[    0.073018] ftrace: allocating 65935 entries in 258 pages
[    0.090247] ftrace: allocated 258 pages with 2 groups
[    0.091712] Dynamic Preempt: voluntary
[    0.092061] rcu: Preemptible hierarchical RCU implementation.
[    0.092489] rcu: 	RCU restricting CPUs from NR_CPUS=8192 to nr_cpu_ids=2.
[    0.093002] 	Trampoline variant of Tasks RCU enabled.
[    0.093387] 	Rude variant of Tasks RCU enabled.
[    0.093729] 	Tracing variant of Tasks RCU enabled.
[    0.094094] rcu: RCU calculated value of scheduler-enlistment delay is 25 jiffies.
[    0.094669] rcu: Adjusting geometry for rcu_fanout_leaf=16, nr_cpu_ids=2
[    0.117504] NR_IRQS: 524544, nr_irqs: 440, preallocated irqs: 16
[    0.118380] rcu: srcu_init: Setting srcu_struct sizes based on contention.
[    0.125237] Console: colour VGA+ 80x25
[    0.125630] printk: console [ttyS0] enabled
[    0.125630] printk: console [ttyS0] enabled
[    0.126421] printk: bootconsole [earlyser0] disabled
[    0.126421] printk: bootconsole [earlyser0] disabled
[    0.127398] ACPI: Core revision 20220331
[    0.127965] clocksource: hpet: mask: 0xffffffff max_cycles: 0xffffffff, max_idle_ns: 19112604467 ns
[    0.128927] APIC: Switch to symmetric I/O mode setup
[    0.129547] x2apic enabled
[    0.129953] Switched APIC routing to physical x2apic.
[    0.130440] kvm-guest: setup PV IPIs
[    0.131474] ..TIMER: vector=0x30 apic1=0 pin1=2 apic2=-1 pin2=-1
[    0.132086] clocksource: tsc-early: mask: 0xffffffffffffffff max_cycles: 0x363e8c91135, max_idle_ns: 881590568389 ns
[    0.133134] Calibrating delay loop (skipped) preset value.. 3763.20 BogoMIPS (lpj=7526400)
[    0.133927] pid_max: default: 32768 minimum: 301
[    0.134518] LSM: Security Framework initializing
[    0.134973] Yama: becoming mindful.
[    0.135459] Mount-cache hash table entries: 4096 (order: 3, 32768 bytes, linear)
[    0.136169] Mountpoint-cache hash table entries: 4096 (order: 3, 32768 bytes, linear)
[    0.137796] x86/cpu: User Mode Instruction Prevention (UMIP) activated
[    0.138580] Last level iTLB entries: 4KB 0, 2MB 0, 4MB 0
[    0.139103] Last level dTLB entries: 4KB 0, 2MB 0, 4MB 0, 1GB 0
[    0.139695] Spectre V1 : Mitigation: usercopy/swapgs barriers and __user pointer sanitization
[    0.140494] Spectre V2 : WARNING: Unprivileged eBPF is enabled with eIBRS on, data leaks possible via Spectre v2 BHB attacks!
[    0.141131] Spectre V2 : Mitigation: Enhanced IBRS
[    0.141569] Spectre V2 : Spectre v2 / SpectreRSB mitigation: Filling RSB on context switch
[    0.142313] Spectre V2 : Spectre v2 / PBRSB-eIBRS: Retire a single CALL on VMEXIT
[    0.143000] Spectre V2 : mitigation: Enabling conditional Indirect Branch Prediction Barrier
[    0.143765] Speculative Store Bypass: Mitigation: Speculative Store Bypass disabled via prctl
[    0.144534] MMIO Stale Data: Unknown: No mitigations
[    0.225671] Freeing SMP alternatives memory: 56K
[    0.226317] smpboot: CPU0: Genuine Intel(R) 0000 (family: 0x6, model: 0xba, stepping: 0x2)
[    0.227277] cblist_init_generic: Setting adjustable number of callback queues.
[    0.227934] cblist_init_generic: Setting shift to 1 and lim to 1.
[    0.228504] cblist_init_generic: Setting shift to 1 and lim to 1.
[    0.229095] cblist_init_generic: Setting shift to 1 and lim to 1.
[    0.229122] Performance Events: Alderlake Hybrid events, full-width counters, Intel PMU driver.
[    0.229207] core: cpu_core PMU driver: 
[    0.229567] ... version:                2
[    0.229932] ... bit width:              48
[    0.230306] ... generic registers:      6
[    0.230671] ... value mask:             0000ffffffffffff
[    0.231208] ... max period:             00007fffffffffff
[    0.231692] ... fixed-purpose events:   3
[    0.232059] ... event mask:             0001000f0000003f
[    0.232630] rcu: Hierarchical SRCU implementation.
[    0.233072] rcu: 	Max phase no-delay instances is 1000.
[    0.234738] unchecked MSR access error: WRMSR to 0x38f (tried to write 0x0001000f0000003f) at rIP: 0xffffffff810c111c (native_write_msr+0xc/0x30)
[    0.235942] Call Trace:
[    0.236170]  <TASK>
[    0.236367]  __intel_pmu_enable_all.constprop.45+0x68/0xf0
[    0.236871]  intel_pmu_enable_all+0x1e/0x30
[    0.237122]  x86_pmu_enable+0x46d/0x5a0
[    0.237122]  ? write_comp_data+0x2f/0x90
[    0.237122]  perf_pmu_enable+0x53/0x70
[    0.237122]  ctx_resched+0xab/0xf0
[    0.237122]  __perf_install_in_context+0x210/0x3c0
[    0.237122]  ? __intel_shared_reg_put_constraints.isra.15.part.16+0x50/0x50
[    0.237122]  ? perf_duration_warn+0x50/0x50
[    0.237122]  remote_function+0x80/0xa0
[    0.237122]  ? perf_duration_warn+0x50/0x50
[    0.237122]  generic_exec_single+0xea/0x150
[    0.237122]  ? perf_duration_warn+0x50/0x50
[    0.237122]  smp_call_function_single+0x11c/0x240
[    0.237122]  ? perf_duration_warn+0x50/0x50
[    0.237122]  ? __sanitizer_cov_trace_pc+0x25/0x60
[    0.237122]  ? write_comp_data+0x2f/0x90
[    0.237122]  perf_install_in_context+0x292/0x2c0
[    0.237122]  ? ctx_resched+0xf0/0xf0
[    0.237122]  perf_event_create_kernel_counter+0x168/0x200
[    0.237122]  ? find_next_bit+0x40/0x40
[    0.237122]  hardlockup_detector_event_create+0x46/0xd0
[    0.237122]  hardlockup_detector_perf_init+0x18/0x66
[    0.237122]  watchdog_nmi_probe+0x17/0x1d
[    0.237122]  lockup_detector_init+0x40/0xad
[    0.237122]  kernel_init_freeable+0x1b0/0x35d
[    0.237122]  ? rest_init+0xe0/0xe0
[    0.237122]  kernel_init+0x24/0x1e0
[    0.237122]  ? rest_init+0xe0/0xe0
[    0.237122]  ret_from_fork+0x1f/0x30
[    0.237122]  </TASK>
[    0.237245] smp: Bringing up secondary CPUs ...
[    0.237795] x86: Booting SMP configuration:
[    0.238199] .... node  #0, CPUs:      #1
[    0.010076] smpboot: CPU 1 Converting physical 0 to logical die 1
[    0.241185] smp: Brought up 1 node, 2 CPUs
[    0.241578] smpboot: Max logical packages: 2
[    0.241967] smpboot: Total of 2 processors activated (7526.40 BogoMIPS)
[    0.243165] devtmpfs: initialized
[    0.243165] x86/mm: Memory block size: 128MB
[    0.245379] clocksource: jiffies: mask: 0xffffffff max_cycles: 0xffffffff, max_idle_ns: 7645041785100000 ns
[    0.246277] futex hash table entries: 512 (order: 3, 32768 bytes, linear)
[    0.247015] pinctrl core: initialized pinctrl subsystem
[    0.247692] 
[    0.247836] *************************************************************
[    0.248448] **     NOTICE NOTICE NOTICE NOTICE NOTICE NOTICE NOTICE    **
[    0.249058] **                                                         **
[    0.249741] **  IOMMU DebugFS SUPPORT HAS BEEN ENABLED IN THIS KERNEL  **
[    0.250351] **                                                         **
[    0.250960] ** This means that this kernel is built to expose internal **
[    0.251573] ** IOMMU data structures, which may compromise security on **
[    0.252182] ** your system.                                            **
[    0.252790] **                                                         **
[    0.253127] ** If you see this message and you are not debugging the   **
[    0.253737] ** kernel, report this immediately to your vendor!         **
[    0.254347] **                                                         **
[    0.254970] **     NOTICE NOTICE NOTICE NOTICE NOTICE NOTICE NOTICE    **
[    0.255581] *************************************************************
[    0.256231] PM: RTC time: 13:30:03, date: 2022-11-03
[    0.258663] NET: Registered PF_NETLINK/PF_ROUTE protocol family
[    0.259573] DMA: preallocated 256 KiB GFP_KERNEL pool for atomic allocations
[    0.260218] DMA: preallocated 256 KiB GFP_KERNEL|GFP_DMA pool for atomic allocations
[    0.260920] DMA: preallocated 256 KiB GFP_KERNEL|GFP_DMA32 pool for atomic allocations
[    0.261158] audit: initializing netlink subsys (disabled)
[    0.261700] audit: type=2000 audit(1667482203.884:1): state=initialized audit_enabled=0 res=1
[    0.261700] thermal_sys: Registered thermal governor 'fair_share'
[    0.262027] thermal_sys: Registered thermal governor 'bang_bang'
[    0.262582] thermal_sys: Registered thermal governor 'step_wise'
[    0.263123] thermal_sys: Registered thermal governor 'user_space'
[    0.263747] cpuidle: using governor ladder
[    0.265131] cpuidle: using governor menu
[    0.265701] acpiphp: ACPI Hot Plug PCI Controller Driver version: 0.5
[    0.266502] PCI: Using configuration type 1 for base access
[    0.273725] kprobes: kprobe jump-optimization is enabled. All kprobes are optimized if possible.
[    0.370957] HugeTLB: registered 1.00 GiB page size, pre-allocated 0 pages
[    0.371612] HugeTLB: 16380 KiB vmemmap can be freed for a 1.00 GiB page
[    0.372202] HugeTLB: registered 2.00 MiB page size, pre-allocated 0 pages
[    0.372804] HugeTLB: 28 KiB vmemmap can be freed for a 2.00 MiB page
[    0.374162] ACPI: Added _OSI(Module Device)
[    0.374520] ACPI: Added _OSI(Processor Device)
[    0.374893] ACPI: Added _OSI(3.0 _SCP Extensions)
[    0.375312] ACPI: Added _OSI(Processor Aggregator Device)
[    0.375792] ACPI: Added _OSI(Linux-Dell-Video)
[    0.376189] ACPI: Added _OSI(Linux-Lenovo-NV-HDMI-Audio)
[    0.376666] ACPI: Added _OSI(Linux-HPI-Hybrid-Graphics)
[    0.380536] ACPI: 1 ACPI AML tables successfully acquired and loaded
[    0.383191] ACPI: Interpreter enabled
[    0.383583] ACPI: PM: (supports S0 S3 S4 S5)
[    0.383969] ACPI: Using IOAPIC for interrupt routing
[    0.384446] PCI: Using host bridge windows from ACPI; if necessary, use "pci=nocrs" and report a bug
[    0.385126] PCI: Using E820 reservations for host bridge windows
[    0.386085] ACPI: Enabled 2 GPEs in block 00 to 0F
[    0.395441] ACPI: PCI Root Bridge [PCI0] (domain 0000 [bus 00-ff])
[    0.396020] acpi PNP0A03:00: _OSC: OS supports [ASPM ClockPM Segments MSI EDR HPX-Type3]
[    0.396740] acpi PNP0A03:00: _OSC: not requesting OS control; OS requires [ExtendedConfig ASPM ClockPM MSI]
[    0.397159] acpi PNP0A03:00: fail to add MMCONFIG information, can't access extended PCI configuration space under this bridge.
[    0.399375] acpiphp: Slot [3] registered
[    0.399770] acpiphp: Slot [4] registered
[    0.400166] acpiphp: Slot [5] registered
[    0.400560] acpiphp: Slot [6] registered
[    0.400953] acpiphp: Slot [7] registered
[    0.401169] acpiphp: Slot [8] registered
[    0.401566] acpiphp: Slot [9] registered
[    0.401970] acpiphp: Slot [10] registered
[    0.402378] acpiphp: Slot [11] registered
[    0.402778] acpiphp: Slot [12] registered
[    0.403181] acpiphp: Slot [13] registered
[    0.403580] acpiphp: Slot [14] registered
[    0.403982] acpiphp: Slot [15] registered
[    0.404399] acpiphp: Slot [16] registered
[    0.404802] acpiphp: Slot [17] registered
[    0.405168] acpiphp: Slot [18] registered
[    0.405594] acpiphp: Slot [19] registered
[    0.405999] acpiphp: Slot [20] registered
[    0.406398] acpiphp: Slot [21] registered
[    0.406805] acpiphp: Slot [22] registered
[    0.407208] acpiphp: Slot [23] registered
[    0.407611] acpiphp: Slot [24] registered
[    0.408013] acpiphp: Slot [25] registered
[    0.408411] acpiphp: Slot [26] registered
[    0.408808] acpiphp: Slot [27] registered
[    0.409163] acpiphp: Slot [28] registered
[    0.409567] acpiphp: Slot [29] registered
[    0.409964] acpiphp: Slot [30] registered
[    0.410362] acpiphp: Slot [31] registered
[    0.410737] PCI host bridge to bus 0000:00
[    0.411108] pci_bus 0000:00: root bus resource [io  0x0000-0x0cf7 window]
[    0.411714] pci_bus 0000:00: root bus resource [io  0x0d00-0xffff window]
[    0.412319] pci_bus 0000:00: root bus resource [mem 0x000a0000-0x000bffff window]
[    0.412987] pci_bus 0000:00: root bus resource [mem 0x80000000-0xfebfffff window]
[    0.413125] pci_bus 0000:00: root bus resource [mem 0x100000000-0x17fffffff window]
[    0.413813] pci_bus 0000:00: root bus resource [bus 00-ff]
[    0.414361] pci 0000:00:00.0: [8086:1237] type 00 class 0x060000
[    0.416724] pci 0000:00:01.0: [8086:7000] type 00 class 0x060100
[    0.417592] pci 0000:00:01.1: [8086:7010] type 00 class 0x010180
[    0.419656] pci 0000:00:01.1: reg 0x20: [io  0xc040-0xc04f]
[    0.420750] pci 0000:00:01.1: legacy IDE quirk: reg 0x10: [io  0x01f0-0x01f7]
[    0.421130] pci 0000:00:01.1: legacy IDE quirk: reg 0x14: [io  0x03f6]
[    0.421660] pci 0000:00:01.1: legacy IDE quirk: reg 0x18: [io  0x0170-0x0177]
[    0.422187] pci 0000:00:01.1: legacy IDE quirk: reg 0x1c: [io  0x0376]
[    0.422856] pci 0000:00:01.3: [8086:7113] type 00 class 0x068000
[    0.423547] pci 0000:00:01.3: quirk: [io  0x0600-0x063f] claimed by PIIX4 ACPI
[    0.424098] pci 0000:00:01.3: quirk: [io  0x0700-0x070f] claimed by PIIX4 SMB
[    0.424798] pci 0000:00:02.0: [1234:1111] type 00 class 0x030000
[    0.425937] pci 0000:00:02.0: reg 0x10: [mem 0xfd000000-0xfdffffff pref]
[    0.427492] pci 0000:00:02.0: reg 0x18: [mem 0xfebf0000-0xfebf0fff]
[    0.430354] pci 0000:00:02.0: reg 0x30: [mem 0xfebe0000-0xfebeffff pref]
[    0.431128] pci 0000:00:02.0: Video device with shadowed ROM at [mem 0x000c0000-0x000dffff]
[    0.433409] pci 0000:00:03.0: [8086:100e] type 00 class 0x020000
[    0.434332] pci 0000:00:03.0: reg 0x10: [mem 0xfebc0000-0xfebdffff]
[    0.435277] pci 0000:00:03.0: reg 0x14: [io  0xc000-0xc03f]
[    0.437653] pci 0000:00:03.0: reg 0x30: [mem 0xfeb80000-0xfebbffff pref]
[    0.445537] ACPI: PCI: Interrupt link LNKA configured for IRQ 10
[    0.446334] ACPI: PCI: Interrupt link LNKB configured for IRQ 10
[    0.447095] ACPI: PCI: Interrupt link LNKC configured for IRQ 11
[    0.447884] ACPI: PCI: Interrupt link LNKD configured for IRQ 11
[    0.448534] ACPI: PCI: Interrupt link LNKS configured for IRQ 9
[    0.449670] iommu: Default domain type: Translated 
[    0.450113] iommu: DMA domain TLB invalidation policy: lazy mode 
[    0.451145] SCSI subsystem initialized
[    0.451723] ACPI: bus type USB registered
[    0.452117] usbcore: registered new interface driver usbfs
[    0.452614] usbcore: registered new interface driver hub
[    0.453099] usbcore: registered new device driver usb
[    0.453182] pps_core: LinuxPPS API ver. 1 registered
[    0.453620] pps_core: Software ver. 5.3.6 - Copyright 2005-2007 Rodolfo Giometti <giometti@linux.it>
[    0.454426] PTP clock support registered
[    0.454870] EDAC MC: Ver: 3.0.0
[    0.455722] NetLabel: Initializing
[    0.456033] NetLabel:  domain hash size = 128
[    0.456419] NetLabel:  protocols = UNLABELED CIPSOv4 CALIPSO
[    0.456944] NetLabel:  unlabeled traffic allowed by default
[    0.493227] PCI: Using ACPI for IRQ routing
[    0.493834] pci 0000:00:02.0: vgaarb: setting as boot VGA device
[    0.494366] pci 0000:00:02.0: vgaarb: bridge control possible
[    0.494873] pci 0000:00:02.0: vgaarb: VGA device added: decodes=io+mem,owns=io+mem,locks=none
[    0.495622] vgaarb: loaded
[    0.496119] hpet0: at MMIO 0xfed00000, IRQs 2, 8, 0
[    0.496566] hpet0: 3 comparators, 64-bit 100.000000 MHz counter
[    2.624638] clocksource: Switched to clocksource kvm-clock
[    2.625122] VFS: Disk quotas dquot_6.6.0
[    2.625122] VFS: Dquot-cache hash table entries: 512 (order 0, 4096 bytes)
[    2.625122] pnp: PnP ACPI init
[    2.625122] pnp: PnP ACPI: found 6 devices
[    2.632362] clocksource: acpi_pm: mask: 0xffffff max_cycles: 0xffffff, max_idle_ns: 2085701024 ns
[    2.633448] NET: Registered PF_INET protocol family
[    2.633886] IP idents hash table entries: 32768 (order: 6, 262144 bytes, linear)
[    2.637327] tcp_listen_portaddr_hash hash table entries: 1024 (order: 2, 16384 bytes, linear)
[    2.637983] Table-perturb hash table entries: 65536 (order: 6, 262144 bytes, linear)
[    2.638573] TCP established hash table entries: 16384 (order: 5, 131072 bytes, linear)
[    2.639228] TCP bind hash table entries: 16384 (order: 7, 524288 bytes, linear)
[    2.640119] TCP: Hash tables configured (established 16384 bind 16384)
[    2.640658] UDP hash table entries: 1024 (order: 3, 32768 bytes, linear)
[    2.641202] UDP-Lite hash table entries: 1024 (order: 3, 32768 bytes, linear)
[    2.641835] NET: Registered PF_UNIX/PF_LOCAL protocol family
[    2.642432] RPC: Registered named UNIX socket transport module.
[    2.642902] RPC: Registered udp transport module.
[    2.643279] RPC: Registered tcp transport module.
[    2.643654] RPC: Registered tcp NFSv4.1 backchannel transport module.
[    2.644186] pci_bus 0000:00: resource 4 [io  0x0000-0x0cf7 window]
[    2.644704] pci_bus 0000:00: resource 5 [io  0x0d00-0xffff window]
[    2.645243] pci_bus 0000:00: resource 6 [mem 0x000a0000-0x000bffff window]
[    2.645839] pci_bus 0000:00: resource 7 [mem 0x80000000-0xfebfffff window]
[    2.646441] pci_bus 0000:00: resource 8 [mem 0x100000000-0x17fffffff window]
[    2.647217] pci 0000:00:01.0: PIIX3: Enabling Passive Release
[    2.647740] pci 0000:00:00.0: Limiting direct PCI/PCI transfers
[    2.648349] PCI: CLS 0 bytes, default 64
[    2.648883] clocksource: tsc: mask: 0xffffffffffffffff max_cycles: 0x363e8c91135, max_idle_ns: 881590568389 ns
[    2.698768] Initialise system trusted keyrings
[    2.699246] Key type blacklist registered
[    2.699843] workingset: timestamp_bits=36 max_order=19 bucket_order=0
[    2.704067] zbud: loaded
[    2.705001] squashfs: version 4.0 (2009/01/31) Phillip Lougher
[    2.706651] NFS: Registering the id_resolver key type
[    2.707166] Key type id_resolver registered
[    2.707548] Key type id_legacy registered
[    2.707948] nfs4filelayout_init: NFSv4 File Layout Driver Registering...
[    2.708553] nfs4flexfilelayout_init: NFSv4 Flexfile Layout Driver Registering...
[    2.709302] fuse: init (API version 7.36)
[    2.709799] SGI XFS with ACLs, security attributes, realtime, quota, no debug enabled
[    2.711230] 9p: Installing v9fs 9p2000 file system support
[    2.717652] Key type asymmetric registered
[    2.718035] Asymmetric key parser 'x509' registered
[    2.719058] alg: self-tests for CTR-KDF (hmac(sha256)) passed
[    2.719630] Block layer SCSI generic (bsg) driver version 0.4 loaded (major 243)
[    2.720332] io scheduler mq-deadline registered
[    2.720753] io scheduler bfq registered
[    2.721620] shpchp: Standard Hot Plug PCI Controller Driver version: 0.4
[    2.722380] IPMI message handler: version 39.2
[    2.722784] ipmi device interface
[    2.723850] input: Power Button as /devices/LNXSYSTM:00/LNXPWRBN:00/input/input0
[    2.724575] ACPI: button: Power Button [PWRF]
[    2.725476] ERST DBG: ERST support is disabled.
[    2.726197] Serial: 8250/16550 driver, 32 ports, IRQ sharing enabled
[    2.727238] 00:04: ttyS0 at I/O 0x3f8 (irq = 4, base_baud = 115200) is a 16550A
[    2.731507] Linux agpgart interface v0.103
[    2.732352] ACPI: bus type drm_connector registered
[    2.738863] brd: module loaded
[    2.742907] loop: module loaded
[    2.745685] scsi host0: ata_piix
[    2.746429] scsi host1: ata_piix
[    2.746800] ata1: PATA max MWDMA2 cmd 0x1f0 ctl 0x3f6 bmdma 0xc040 irq 14
[    2.747403] ata2: PATA max MWDMA2 cmd 0x170 ctl 0x376 bmdma 0xc048 irq 15
[    2.748511] tun: Universal TUN/TAP device driver, 1.6
[    2.749043] e100: Intel(R) PRO/100 Network Driver
[    2.749484] e100: Copyright(c) 1999-2006 Intel Corporation
[    2.750001] e1000: Intel(R) PRO/1000 Network Driver
[    2.750451] e1000: Copyright (c) 1999-2006 Intel Corporation.
[    2.821102] ACPI: \_SB_.LNKC: Enabled at IRQ 11
[    2.905261] ata1: found unknown device (class 0)
[    2.906121] ata1.00: ATA-7: QEMU HARDDISK, 2.5+, max UDMA/100
[    2.906676] ata1.00: 16777216 sectors, multi 16: LBA48 
[    2.907406] ata2: found unknown device (class 0)
[    2.908345] scsi 0:0:0:0: Direct-Access     ATA      QEMU HARDDISK    2.5+ PQ: 0 ANSI: 5
[    2.909600] sd 0:0:0:0: [sda] 16777216 512-byte logical blocks: (8.59 GB/8.00 GiB)
[    2.910340] sd 0:0:0:0: [sda] Write Protect is off
[    2.910751] sd 0:0:0:0: [sda] Write cache: enabled, read cache: enabled, doesn't support DPO or FUA
[    2.911465] sd 0:0:0:0: Attached scsi generic sg0 type 0
[    2.911934] sd 0:0:0:0: [sda] Preferred minimum I/O size 512 bytes
[    2.912667] ata2.00: ATAPI: QEMU DVD-ROM, 2.5+, max UDMA/100
[    2.914136] scsi 1:0:0:0: CD-ROM            QEMU     QEMU DVD-ROM     2.5+ PQ: 0 ANSI: 5
[    2.935293] sd 0:0:0:0: [sda] Attached SCSI disk
[    2.941738] scsi 1:0:0:0: Attached scsi generic sg1 type 5
[    3.143642] e1000 0000:00:03.0 eth0: (PCI:33MHz:32-bit) 52:54:00:12:34:56
[    3.144301] e1000 0000:00:03.0 eth0: Intel(R) PRO/1000 Network Connection
[    3.144985] e1000e: Intel(R) PRO/1000 Network Driver
[    3.145448] e1000e: Copyright(c) 1999 - 2015 Intel Corporation.
[    3.146029] igb: Intel(R) Gigabit Ethernet Network Driver
[    3.146533] igb: Copyright (c) 2007-2014 Intel Corporation.
[    3.147052] PPP generic driver version 2.4.2
[    3.147939] VFIO - User Level meta-driver version: 0.3
[    3.148465] ehci_hcd: USB 2.0 'Enhanced' Host Controller (EHCI) Driver
[    3.149074] ehci-pci: EHCI PCI platform driver
[    3.149525] ehci-platform: EHCI generic platform driver
[    3.150011] ohci_hcd: USB 1.1 'Open' Host Controller (OHCI) Driver
[    3.150594] ohci-pci: OHCI PCI platform driver
[    3.151010] ohci-platform: OHCI generic platform driver
[    3.151491] uhci_hcd: USB Universal Host Controller Interface driver
[    3.152316] usbcore: registered new interface driver uas
[    3.152847] usbcore: registered new interface driver usb-storage
[    3.153498] i8042: PNP: PS/2 Controller [PNP0303:KBD,PNP0f13:MOU] at 0x60,0x64 irq 1,12
[    3.154795] serio: i8042 KBD port at 0x60,0x64 irq 1
[    3.155254] serio: i8042 AUX port at 0x60,0x64 irq 12
[    3.156104] mousedev: PS/2 mouse device common for all mice
[    3.156979] rtc_cmos 00:05: RTC can wake from S4
[    3.157567] input: AT Translated Set 2 keyboard as /devices/platform/i8042/serio0/input/input1
[    3.158891] input: VirtualPS/2 VMware VMMouse as /devices/platform/i8042/serio1/input/input4
[    3.160076] rtc_cmos 00:05: registered as rtc0
[    3.160518] rtc_cmos 00:05: setting system clock to 2022-11-03T13:30:06 UTC (1667482206)
[    3.161334] rtc_cmos 00:05: alarms up to one day, y3k, 242 bytes nvram, hpet irqs
[    3.162027] i2c_dev: i2c /dev entries driver
[    3.162462] device-mapper: core: CONFIG_IMA_DISABLE_HTABLE is disabled. Duplicate IMA measurements will not be recorded in the IMA log.
[    3.163495] device-mapper: uevent: version 1.0.3
[    3.164179] input: VirtualPS/2 VMware VMMouse as /devices/platform/i8042/serio1/input/input3
[    3.164889] device-mapper: ioctl: 4.47.0-ioctl (2022-07-28) initialised: dm-devel@redhat.com
[    3.165573] intel_pstate: CPU model not supported
[    3.166076] sdhci: Secure Digital Host Controller Interface driver
[    3.166638] sdhci: Copyright(c) Pierre Ossman
[    3.167135] sdhci-pltfm: SDHCI platform and OF driver helper
[    3.167693] ledtrig-cpu: registered to indicate activity on CPUs
[    3.168398] drop_monitor: Initializing network drop monitor service
[    3.169314] NET: Registered PF_INET6 protocol family
[    3.170627] Segment Routing with IPv6
[    3.170997] In-situ OAM (IOAM) with IPv6
[    3.171377] NET: Registered PF_PACKET protocol family
[    3.171950] 9pnet: Installing 9P2000 support
[    3.172374] Key type dns_resolver registered
[    3.173288] IPI shorthand broadcast: enabled
[    3.173710] sched_clock: Marking stable (3167050318, 6076445)->(3217847856, -44721093)
[    3.174666] registered taskstats version 1
[    3.175128] Loading compiled-in X.509 certificates
[    3.175750] zswap: loaded using pool lzo/zbud
[    3.176326] Key type ._fscrypt registered
[    3.176697] Key type .fscrypt registered
[    3.177055] Key type fscrypt-provisioning registered
[    3.178322] Key type encrypted registered
[    3.178705] ima: No TPM chip found, activating TPM-bypass!
[    3.179205] ima: Allocated hash algorithm: sha1
[    3.179622] ima: No architecture policies found
[    3.180054] evm: Initialising EVM extended attributes:
[    3.180516] evm: security.selinux
[    3.180818] evm: security.SMACK64
[    3.181118] evm: security.SMACK64EXEC
[    3.181465] evm: security.SMACK64TRANSMUTE
[    3.181833] evm: security.SMACK64MMAP
[    3.182163] evm: security.apparmor
[    3.182487] evm: security.ima
[    3.182757] evm: security.capability
[    3.183079] evm: HMAC attrs: 0x1
[    3.185541] PM:   Magic number: 14:112:533
[    3.185958] bdi 1:11: hash matches
[    3.186294] tty ttyS13: hash matches
[    3.186885] RAS: Correctable Errors collector initialized.
[    3.187634] md: Waiting for all devices to be available before autodetect
[    3.188126] md: If you don't use raid, use raid=noautodetect
[    3.188516] md: Autodetecting RAID arrays.
[    3.188796] md: autorun ...
[    3.188995] md: ... autorun DONE.
[    3.204895] EXT4-fs (sda): INFO: recovery required on readonly filesystem
[    3.205393] EXT4-fs (sda): write access will be enabled during recovery
[    3.222207] EXT4-fs (sda): recovery complete
[    3.224462] EXT4-fs (sda): mounted filesystem with ordered data mode. Quota mode: none.
[    3.225046] VFS: Mounted root (ext4 filesystem) readonly on device 8:0.
[    3.226096] devtmpfs: mounted
[    3.234422] Freeing unused decrypted memory: 2036K
[    3.235737] Freeing unused kernel image (initmem) memory: 3612K
[    3.236165] Write protecting the kernel read-only data: 40960k
[    3.238105] Freeing unused kernel image (text/rodata gap) memory: 2032K
[    3.238771] Freeing unused kernel image (rodata/data gap) memory: 340K
[    3.315219] x86/mm: Checked W+X mappings: passed, no W+X pages found.
[    3.315707] Run /sbin/init as init process
[    3.428964] systemd[1]: RTC configured in localtime, applying delta of 0 minutes to system time.
[    3.448368] systemd[1]: systemd 239 (239-49.el8) running in system mode. (+PAM +AUDIT +SELINUX +IMA -APPARMOR +SMACK +SYSVINIT +UTMP +LIBCRYPTSETUP +GCRYPT +GNUTLS +ACL +XZ +LZ4 +SECCOMP +BLKID +ELFUTILS +KMOD +IDN2 -IDN +PCRE2 default-hierarchy=legacy)
[    3.449687] systemd[1]: Detected virtualization kvm.
[    3.449966] systemd[1]: Detected architecture x86-64.

Welcome to [0;31mCentOS Stream 8[0m!

[    3.493215] systemd[1]: Set hostname to <test>.
[    5.413141] random: crng init done
[    5.501652] systemd[1]: Listening on RPCbind Server Activation Socket.
[[0;32m  OK  [0m] Listening on RPCbind Server Activation Socket.
[    5.503932] systemd[1]: Created slice system-getty.slice.
[[0;32m  OK  [0m] Created slice system-getty.slice.
[    5.504907] systemd[1]: Reached target Swap.
[[0;32m  OK  [0m] Reached target Swap.
[    5.505747] systemd[1]: Listening on initctl Compatibility Named Pipe.
[[0;32m  OK  [0m] Listening on initctl Compatibility Named Pipe.
[    5.506869] systemd[1]: Listening on LVM2 poll daemon socket.
[[0;32m  OK  [0m] Listening on LVM2 poll daemon socket.
[    5.507903] systemd[1]: Listening on Device-mapper event daemon FIFOs.
[[0;32m  OK  [0m] Listening on Device-mapper event daemon FIFOs.
[[0;32m  OK  [0m] Listening on Journal Socket.
         Mounting Kernel Debug File System...
         Starting Remount Root and Kernel File Systems...
         Starting Monitoring of LVM2 mirrorsâ€¦ng dmeventd or progress polling...
         Starting Load Kernel Modules...
         Mounting POSIX Message Queue File System...
         Mounting Huge Pages File System...
[[0;32m  OK  [0m] Reached target RPC Port Mapper.
[[0;32m  OK  [0m] Set up automount Arbitrary Executabâ€¦rmats File System Automount Point.
[[0;32m  OK  [0m] Listening on multipathd control socket.
[[0;32m  OK  [0m] Started Forward Password Requests to Wall Directory Watch.
[[0;32m  OK  [0m] Created slice system-serial\x2dgetty.slice.
[[0;32m  OK  [0m] Listening on Journal Socket (/dev/log).
         Starting Journal Service...
[[0;32m  OK  [0m] Created slice User and Session Slice.
[[0;32m  OK  [0m] Listening on udev Control Socket.
[[0;32m  OK  [0m] Listening on udev Kernel Socket.
         Starting udev Coldplug all Devices...
[[0;32m  OK  [0m] Created slice system-sshd\x2dkeygen.slice.
[[0;32m  OK  [0m] Reached target Slices.
[[0;32m  OK  [0m] Listening on Process Core Dump Socket.
         Starting Setup Virtual Console...
[[0;32m  OK  [0m] Mounted Kernel Debug File System.
[[0;32m  OK  [0m] Started Monitoring of LVM2 mirrors,â€¦sing dmeventd or progress polling.
[[0;1;31mFAILED[0m] Failed to start Load Kernel Modules.
[    5.657185] EXT4-fs (sda): re-mounted. Quota mode: none.
See 'systemctl status systemd-modules-load.service' for details.
[[0;32m  OK  [0m] Started Journal Service.
[[0;32m  OK  [0m] Started Remount Root and Kernel File Systems.
[[0;32m  OK  [0m] Mounted POSIX Message Queue File System.
[[0;32m  OK  [0m] Mounted Huge Pages File System.
         Starting Load/Save Random Seed...
         Starting Create Static Device Nodes in /dev...
         Starting Flush Journal to Persistent Storage...
         Mounting FUSE Control File System...
         Mounting Kernel Configuration File System...
         Starting Apply Kernel Variables...
[[0;32m  OK  [0m] Started Load/Save Random Seed.
[[0;32m  OK  [0m] Started Create Static Device Nodes in /dev.
[[0;32m  OK  [0m] Mounted FUSE Control File System.
[[0;32m  OK  [0m] Mounted Kernel Configuration File System.
         Starting udev Kernel Device Manager...
[[0;32m  OK  [0m] Started Flush Journal to Persistent Storage.
[[0;32m  OK  [0m] Started Apply Kernel Variables.
[[0;32m  OK  [0m] Started udev Coldplug all Devices.
         Starting udev Wait for Complete Device Initialization...
[[0;32m  OK  [0m] Started Setup Virtual Console.
[[0;32m  OK  [0m] Started udev Kernel Device Manager.
         Starting Show Plymouth Boot Screen...
[[0;32m  OK  [0m] Started Show Plymouth Boot Screen.
[[0;32m  OK  [0m] Started Forward Password Requests to Plymouth Directory Watch.
[[0;32m  OK  [0m] Reached target Local Encrypted Volumes.
[[0;32m  OK  [0m] Reached target Paths.
[[0;32m  OK  [0m] Found device /dev/ttyS0.
[[0;32m  OK  [0m] Listening on Load/Save RF Kill Switch Status /dev/rfkill Watch.
[[0;32m  OK  [0m] Started udev Wait for Complete Device Initialization.
[[0;32m  OK  [0m] Reached target Local File Systems (Pre).
[[0;32m  OK  [0m] Reached target Local File Systems.
         Starting Create Volatile Files and Directories...
         Starting Tell Plymouth To Write Out Runtime Data...
         Starting Restore /run/initramfs on shutdown...
[[0;32m  OK  [0m] Started Restore /run/initramfs on shutdown.
[[0;32m  OK  [0m] Started Tell Plymouth To Write Out Runtime Data.
[[0;32m  OK  [0m] Started Create Volatile Files and Directories.
         Starting Security Auditing Service...
         Starting RPC Bind...
         Mounting RPC Pipe File System...
[[0;32m  OK  [0m] Mounted RPC Pipe File System.
[[0;32m  OK  [0m] Reached target rpc_pipefs.target.
[[0;32m  OK  [0m] Started RPC Bind.
[[0;32m  OK  [0m] Started Security Auditing Service.
         Starting Update UTMP about System Boot/Shutdown...
[[0;32m  OK  [0m] Started Update UTMP about System Boot/Shutdown.
[[0;32m  OK  [0m] Reached target System Initialization.
[[0;32m  OK  [0m] Started daily update of the root trust anchor for DNSSEC.
[[0;32m  OK  [0m] Started dnf makecache --timer.
[[0;32m  OK  [0m] Started Daily Cleanup of Temporary Directories.
[[0;32m  OK  [0m] Reached target Timers.
[[0;32m  OK  [0m] Listening on D-Bus System Message Bus Socket.
[[0;32m  OK  [0m] Listening on SSSD Kerberos Cache Manager responder socket.
[[0;32m  OK  [0m] Reached target Sockets.
[[0;32m  OK  [0m] Reached target Basic System.
         Starting Self Monitoring and Reporting Technology (SMART) Daemon...
[[0;32m  OK  [0m] Started D-Bus System Message Bus.
         Starting Login Service...
[[0;32m  OK  [0m] Started irqbalance daemon.
         Starting NTP client/server...
[[0;32m  OK  [0m] Started Machine Check Exception Logging Daemon.
         Starting Network Manager...
[[0;32m  OK  [0m] Reached target sshd-keygen.target.
         Starting Auto-connect to subsystemsâ€¦-NVME devices found during boot...
         Starting Authorization Manager...
[[0;32m  OK  [0m] Started Auto-connect to subsystems â€¦FC-NVME devices found during boot.
[[0;32m  OK  [0m] Started Self Monitoring and Reporting Technology (SMART) Daemon.
[[0;32m  OK  [0m] Started Login Service.
[[0;32m  OK  [0m] Started NTP client/server.
[[0;32m  OK  [0m] Started Network Manager.
         Starting Network Manager Wait Online...
[[0;32m  OK  [0m] Reached target Network.
         Starting Dynamic System Tuning Daemon...
         Starting GSSAPI Proxy Daemon...
         Starting OpenSSH server daemon...
         Starting Hostname Service...
[[0;32m  OK  [0m] Started OpenSSH server daemon.
[[0;32m  OK  [0m] Started Authorization Manager.
[[0;32m  OK  [0m] Started GSSAPI Proxy Daemon.
[[0;32m  OK  [0m] Reached target NFS client services.
[[0;32m  OK  [0m] Reached target Remote File Systems (Pre).
[[0;32m  OK  [0m] Reached target Remote File Systems.
         Starting Permit User Sessions...
[[0;32m  OK  [0m] Started Permit User Sessions.
[[0;32m  OK  [0m] Started Command Scheduler.
         Starting Terminate Plymouth Boot Screen...
         Starting Hold until boot process finishes up...
[[0;32m  OK  [0m] Started Terminate Plymouth Boot Screen.
[[0;32m  OK  [0m] Started Hold until boot process finishes up.
[    6.805287] e1000: eth0 NIC Link is Up 1000 Mbps Full Duplex, Flow Control: RX
[    6.805989] IPv6: ADDRCONF(NETDEV_CHANGE): eth0: link becomes ready
[    7.027813] Spectre V2 : WARNING: Unprivileged eBPF is enabled with eIBRS on, data leaks possible via Spectre v2 BHB attacks!
[    7.028784] Spectre V2 : WARNING: Unprivileged eBPF is enabled with eIBRS on, data leaks possible via Spectre v2 BHB attacks!

CentOS Stream 8
Kernel 6.0.0-rc7-132857d9124c+ on an x86_64

test login: 