c[?7l[2J[0mSeaBIOS (version rel-1.14.0-0-g155821a1990b-prebuilt.qemu.org)


iPXE (http://ipxe.org) 00:03.0 CA00 PCI2.10 PnP PMM+7FF8F030+7FEEF030 CA00
Press Ctrl-B to configure iPXE (PCI 00:03.0)...                                                                               


Booting from ROM..c[?7l[2J[    0.000000] Linux version 6.1.0-rc3-30a0b95b1335 (root@p-rplp02) (gcc (GCC) 8.5.0 20210514 (Red Hat 8.5.0-15), GNU ld version 2.36.1-2.el8) #1 SMP PREEMPT_DYNAMIC Wed Nov  2 10:52:33 CST 2022
[    0.000000] Command line: console=ttyS0 root=/dev/sda earlyprintk=serial net.ifnames=0
[    0.000000] KERNEL supported cpus:
[    0.000000]   Intel GenuineIntel
[    0.000000]   AMD AuthenticAMD
[    0.000000]   Hygon HygonGenuine
[    0.000000]   Centaur CentaurHauls
[    0.000000]   zhaoxin   Shanghai  
[    0.000000] x86/fpu: Supporting XSAVE feature 0x001: 'x87 floating point registers'
[    0.000000] x86/fpu: Supporting XSAVE feature 0x002: 'SSE registers'
[    0.000000] x86/fpu: Supporting XSAVE feature 0x004: 'AVX registers'
[    0.000000] x86/fpu: Supporting XSAVE feature 0x200: 'Protection Keys User registers'
[    0.000000] x86/fpu: xstate_offset[2]:  576, xstate_sizes[2]:  256
[    0.000000] x86/fpu: xstate_offset[9]:  832, xstate_sizes[9]:    8
[    0.000000] x86/fpu: Enabled xstate features 0x207, context size is 840 bytes, using 'compacted' format.
[    0.000000] signal: max sigframe size: 3632
[    0.000000] BIOS-provided physical RAM map:
[    0.000000] BIOS-e820: [mem 0x0000000000000000-0x000000000009fbff] usable
[    0.000000] BIOS-e820: [mem 0x000000000009fc00-0x000000000009ffff] reserved
[    0.000000] BIOS-e820: [mem 0x00000000000f0000-0x00000000000fffff] reserved
[    0.000000] BIOS-e820: [mem 0x0000000000100000-0x000000007ffdffff] usable
[    0.000000] BIOS-e820: [mem 0x000000007ffe0000-0x000000007fffffff] reserved
[    0.000000] BIOS-e820: [mem 0x00000000feffc000-0x00000000feffffff] reserved
[    0.000000] BIOS-e820: [mem 0x00000000fffc0000-0x00000000ffffffff] reserved
[    0.000000] printk: bootconsole [earlyser0] enabled
[    0.000000] NX (Execute Disable) protection: active
[    0.000000] SMBIOS 2.8 present.
[    0.000000] DMI: QEMU Standard PC (i440FX + PIIX, 1996), BIOS rel-1.14.0-0-g155821a1990b-prebuilt.qemu.org 04/01/2014
[    0.000000] Hypervisor detected: KVM
[    0.000000] kvm-clock: Using msrs 4b564d01 and 4b564d00
[    0.000003] kvm-clock: using sched offset of 297461351 cycles
[    0.000494] clocksource: kvm-clock: mask: 0xffffffffffffffff max_cycles: 0x1cd42e4dffb, max_idle_ns: 881590591483 ns
[    0.002018] tsc: Detected 1881.600 MHz processor
[    0.008513] last_pfn = 0x7ffe0 max_arch_pfn = 0x400000000
[    0.009089] x86/PAT: Configuration [0-7]: WB  WC  UC- UC  WB  WP  UC- WT  
[    0.014510] found SMP MP-table at [mem 0x000f5a90-0x000f5a9f]
[    0.015148] Using GB pages for direct mapping
[    0.016529] ACPI: Early table checksum verification disabled
[    0.017075] ACPI: RSDP 0x00000000000F5870 000014 (v00 BOCHS )
[    0.017638] ACPI: RSDT 0x000000007FFE1959 000034 (v01 BOCHS  BXPC     00000001 BXPC 00000001)
[    0.018456] ACPI: FACP 0x000000007FFE1805 000074 (v01 BOCHS  BXPC     00000001 BXPC 00000001)
[    0.019281] ACPI: DSDT 0x000000007FFE0040 0017C5 (v01 BOCHS  BXPC     00000001 BXPC 00000001)
[    0.020104] ACPI: FACS 0x000000007FFE0000 000040
[    0.020551] ACPI: APIC 0x000000007FFE1879 000080 (v01 BOCHS  BXPC     00000001 BXPC 00000001)
[    0.021368] ACPI: HPET 0x000000007FFE18F9 000038 (v01 BOCHS  BXPC     00000001 BXPC 00000001)
[    0.022190] ACPI: WAET 0x000000007FFE1931 000028 (v01 BOCHS  BXPC     00000001 BXPC 00000001)
[    0.023007] ACPI: Reserving FACP table memory at [mem 0x7ffe1805-0x7ffe1878]
[    0.023672] ACPI: Reserving DSDT table memory at [mem 0x7ffe0040-0x7ffe1804]
[    0.024342] ACPI: Reserving FACS table memory at [mem 0x7ffe0000-0x7ffe003f]
[    0.025061] ACPI: Reserving APIC table memory at [mem 0x7ffe1879-0x7ffe18f8]
[    0.025734] ACPI: Reserving HPET table memory at [mem 0x7ffe18f9-0x7ffe1930]
[    0.026396] ACPI: Reserving WAET table memory at [mem 0x7ffe1931-0x7ffe1958]
[    0.027616] No NUMA configuration found
[    0.027982] Faking a node at [mem 0x0000000000000000-0x000000007ffdffff]
[    0.028676] NODE_DATA(0) allocated [mem 0x7ffb5000-0x7ffdffff]
[    0.032382] Zone ranges:
[    0.032638]   DMA      [mem 0x0000000000001000-0x0000000000ffffff]
[    0.033228]   DMA32    [mem 0x0000000001000000-0x000000007ffdffff]
[    0.033799]   Normal   empty
[    0.034025]   Device   empty
[    0.034246] Movable zone start for each node
[    0.034568] Early memory node ranges
[    0.034838]   node   0: [mem 0x0000000000001000-0x000000000009efff]
[    0.035320]   node   0: [mem 0x0000000000100000-0x000000007ffdffff]
[    0.035809] Initmem setup node 0 [mem 0x0000000000001000-0x000000007ffdffff]
[    0.036549] On node 0, zone DMA: 1 pages in unavailable ranges
[    0.036567] On node 0, zone DMA: 97 pages in unavailable ranges
[    0.040643] On node 0, zone DMA32: 32 pages in unavailable ranges
[    0.041349] ACPI: PM-Timer IO Port: 0x608
[    0.042144] ACPI: LAPIC_NMI (acpi_id[0xff] dfl dfl lint[0x1])
[    0.042609] IOAPIC[0]: apic_id 0, version 17, address 0xfec00000, GSI 0-23
[    0.043143] ACPI: INT_SRC_OVR (bus 0 bus_irq 0 global_irq 2 dfl dfl)
[    0.043640] ACPI: INT_SRC_OVR (bus 0 bus_irq 5 global_irq 5 high level)
[    0.044155] ACPI: INT_SRC_OVR (bus 0 bus_irq 9 global_irq 9 high level)
[    0.044673] ACPI: INT_SRC_OVR (bus 0 bus_irq 10 global_irq 10 high level)
[    0.045209] ACPI: INT_SRC_OVR (bus 0 bus_irq 11 global_irq 11 high level)
[    0.045761] ACPI: Using ACPI (MADT) for SMP configuration information
[    0.046266] ACPI: HPET id: 0x8086a201 base: 0xfed00000
[    0.046680] TSC deadline timer available
[    0.047004] smpboot: Allowing 2 CPUs, 0 hotplug CPUs
[    0.047420] kvm-guest: KVM setup pv remote TLB flush
[    0.047815] kvm-guest: setup PV sched yield
[    0.048181] PM: hibernation: Registered nosave memory: [mem 0x00000000-0x00000fff]
[    0.048791] PM: hibernation: Registered nosave memory: [mem 0x0009f000-0x0009ffff]
[    0.049390] PM: hibernation: Registered nosave memory: [mem 0x000a0000-0x000effff]
[    0.050015] PM: hibernation: Registered nosave memory: [mem 0x000f0000-0x000fffff]
[    0.050623] [mem 0x80000000-0xfeffbfff] available for PCI devices
[    0.051119] Booting paravirtualized kernel on KVM
[    0.051502] clocksource: refined-jiffies: mask: 0xffffffff max_cycles: 0xffffffff, max_idle_ns: 7645519600211568 ns
[    0.052364] setup_percpu: NR_CPUS:8192 nr_cpumask_bits:2 nr_cpu_ids:2 nr_node_ids:1
[    0.053291] percpu: Embedded 62 pages/cpu s217088 r8192 d28672 u1048576
[    0.054060] kvm-guest: PV spinlocks enabled
[    0.054430] PV qspinlock hash table entries: 256 (order: 0, 4096 bytes, linear)
[    0.055066] Fallback order for Node 0: 0 
[    0.055425] Built 1 zonelists, mobility grouping on.  Total pages: 515808
[    0.056036] Policy zone: DMA32
[    0.056319] Kernel command line: net.ifnames=0 console=ttyS0 root=/dev/sda earlyprintk=serial net.ifnames=0
[    0.057942] Dentry cache hash table entries: 262144 (order: 9, 2097152 bytes, linear)
[    0.058627] Inode-cache hash table entries: 131072 (order: 8, 1048576 bytes, linear)
[    0.059305] mem auto-init: stack:off, heap alloc:off, heap free:off
[    0.062613] Memory: 1999736K/2096632K available (30736K kernel code, 4079K rwdata, 7524K rodata, 3624K init, 10528K bss, 96640K reserved, 0K cma-reserved)
[    0.064456] SLUB: HWalign=64, Order=0-3, MinObjects=0, CPUs=2, Nodes=1
[    0.064954] kmemleak: Kernel memory leak detector disabled
[    0.065385] ftrace: allocating 66319 entries in 260 pages
[    0.082757] ftrace: allocated 260 pages with 2 groups
[    0.084191] Dynamic Preempt: voluntary
[    0.084546] rcu: Preemptible hierarchical RCU implementation.
[    0.084978] rcu: 	RCU restricting CPUs from NR_CPUS=8192 to nr_cpu_ids=2.
[    0.085494] 	Trampoline variant of Tasks RCU enabled.
[    0.085880] 	Rude variant of Tasks RCU enabled.
[    0.086240] 	Tracing variant of Tasks RCU enabled.
[    0.086613] rcu: RCU calculated value of scheduler-enlistment delay is 25 jiffies.
[    0.087186] rcu: Adjusting geometry for rcu_fanout_leaf=16, nr_cpu_ids=2
[    0.111770] NR_IRQS: 524544, nr_irqs: 440, preallocated irqs: 16
[    0.112514] rcu: srcu_init: Setting srcu_struct sizes based on contention.
[    0.118995] Console: colour VGA+ 80x25
[    0.119324] printk: console [ttyS0] enabled
[    0.119324] printk: console [ttyS0] enabled
[    0.119977] printk: bootconsole [earlyser0] disabled
[    0.119977] printk: bootconsole [earlyser0] disabled
[    0.120821] ACPI: Core revision 20220331
[    0.121304] clocksource: hpet: mask: 0xffffffff max_cycles: 0xffffffff, max_idle_ns: 19112604467 ns
[    0.122120] APIC: Switch to symmetric I/O mode setup
[    0.122652] x2apic enabled
[    0.123012] Switched APIC routing to physical x2apic.
[    0.123426] kvm-guest: setup PV IPIs
[    0.124390] ..TIMER: vector=0x30 apic1=0 pin1=2 apic2=-1 pin2=-1
[    0.124908] clocksource: tsc-early: mask: 0xffffffffffffffff max_cycles: 0x363e8c91135, max_idle_ns: 881590568389 ns
[    0.125803] Calibrating delay loop (skipped) preset value.. 3763.20 BogoMIPS (lpj=7526400)
[    0.129802] pid_max: default: 32768 minimum: 301
[    0.130337] LSM: Security Framework initializing
[    0.130741] Yama: becoming mindful.
[    0.131185] Mount-cache hash table entries: 4096 (order: 3, 32768 bytes, linear)
[    0.131840] Mountpoint-cache hash table entries: 4096 (order: 3, 32768 bytes, linear)
[    0.133179] x86/cpu: User Mode Instruction Prevention (UMIP) activated
[    0.133939] Last level iTLB entries: 4KB 0, 2MB 0, 4MB 0
[    0.134446] Last level dTLB entries: 4KB 0, 2MB 0, 4MB 0, 1GB 0
[    0.135005] Spectre V1 : Mitigation: usercopy/swapgs barriers and __user pointer sanitization
[    0.135791] Spectre V2 : WARNING: Unprivileged eBPF is enabled with eIBRS on, data leaks possible via Spectre v2 BHB attacks!
[    0.136828] Spectre V2 : Mitigation: Enhanced IBRS
[    0.137276] Spectre V2 : Spectre v2 / SpectreRSB mitigation: Filling RSB on context switch
[    0.137798] Spectre V2 : Spectre v2 / PBRSB-eIBRS: Retire a single CALL on VMEXIT
[    0.138466] Spectre V2 : mitigation: Enabling conditional Indirect Branch Prediction Barrier
[    0.139215] Speculative Store Bypass: Mitigation: Speculative Store Bypass disabled via prctl
[    0.139975] MMIO Stale Data: Unknown: No mitigations
[    0.227638] Freeing SMP alternatives memory: 56K
[    0.228299] smpboot: CPU0: Genuine Intel(R) 0000 (family: 0x6, model: 0xba, stepping: 0x2)
[    0.229204] cblist_init_generic: Setting adjustable number of callback queues.
[    0.229795] cblist_init_generic: Setting shift to 1 and lim to 1.
[    0.229795] cblist_init_generic: Setting shift to 1 and lim to 1.
[    0.229795] cblist_init_generic: Setting shift to 1 and lim to 1.
[    0.229795] Performance Events: Alderlake Hybrid events, full-width counters, Intel PMU driver.
[    0.229912] core: cpu_core PMU driver: 
[    0.230257] ... version:                2
[    0.230631] ... bit width:              48
[    0.231000] ... generic registers:      6
[    0.231356] ... value mask:             0000ffffffffffff
[    0.231826] ... max period:             00007fffffffffff
[    0.232298] ... fixed-purpose events:   3
[    0.232656] ... event mask:             0001000f0000003f
[    0.233206] rcu: Hierarchical SRCU implementation.
[    0.233632] rcu: 	Max phase no-delay instances is 1000.
[    0.235632] unchecked MSR access error: WRMSR to 0x38f (tried to write 0x0001000f0000003f) at rIP: 0xffffffff810c30cc (native_write_msr+0xc/0x30)
[    0.236811] Call Trace:
[    0.237036]  <TASK>
[    0.237232]  __intel_pmu_enable_all.constprop.46+0xb5/0x140
[    0.237746]  intel_pmu_enable_all+0x1e/0x30
[    0.237795]  x86_pmu_enable+0x46d/0x5a0
[    0.237795]  ? write_comp_data+0x2f/0x90
[    0.237795]  perf_pmu_enable+0x53/0x70
[    0.237795]  ctx_resched+0xab/0xf0
[    0.237795]  __perf_install_in_context+0x210/0x390
[    0.237795]  ? __sanitizer_cov_trace_pc+0x25/0x60
[    0.237795]  ? perf_duration_warn+0x50/0x50
[    0.237795]  remote_function+0x80/0xa0
[    0.237795]  ? perf_duration_warn+0x50/0x50
[    0.237795]  generic_exec_single+0xea/0x150
[    0.237795]  ? perf_duration_warn+0x50/0x50
[    0.237795]  smp_call_function_single+0x11c/0x240
[    0.237795]  ? perf_duration_warn+0x50/0x50
[    0.237795]  ? __sanitizer_cov_trace_pc+0x25/0x60
[    0.237795]  ? write_comp_data+0x2f/0x90
[    0.237795]  perf_install_in_context+0x292/0x2c0
[    0.237795]  ? ctx_resched+0xf0/0xf0
[    0.237795]  perf_event_create_kernel_counter+0x168/0x200
[    0.237795]  ? find_next_bit+0x30/0x30
[    0.237795]  hardlockup_detector_event_create+0x46/0xd0
[    0.237795]  hardlockup_detector_perf_init+0x18/0x66
[    0.237795]  watchdog_nmi_probe+0x17/0x1d
[    0.237795]  lockup_detector_init+0x40/0xad
[    0.237795]  kernel_init_freeable+0x1b0/0x37a
[    0.237795]  ? rest_init+0xe0/0xe0
[    0.237795]  kernel_init+0x24/0x1e0
[    0.237795]  ? rest_init+0xe0/0xe0
[    0.237795]  ret_from_fork+0x1f/0x30
[    0.237795]  </TASK>
[    0.238041] smp: Bringing up secondary CPUs ...
[    0.238641] x86: Booting SMP configuration:
[    0.239026] .... node  #0, CPUs:      #1
[    0.012755] smpboot: CPU 1 Converting physical 0 to logical die 1
[    0.241853] smp: Brought up 1 node, 2 CPUs
[    0.242245] smpboot: Max logical packages: 2
[    0.242628] smpboot: Total of 2 processors activated (7526.40 BogoMIPS)
[    0.243698] devtmpfs: initialized
[    0.243698] x86/mm: Memory block size: 128MB
[    0.246006] clocksource: jiffies: mask: 0xffffffff max_cycles: 0xffffffff, max_idle_ns: 7645041785100000 ns
[    0.246825] futex hash table entries: 512 (order: 3, 32768 bytes, linear)
[    0.247408] pinctrl core: initialized pinctrl subsystem
[    0.247987] 
[    0.248107] *************************************************************
[    0.248600] **     NOTICE NOTICE NOTICE NOTICE NOTICE NOTICE NOTICE    **
[    0.249089] **                                                         **
[    0.249577] **  IOMMU DebugFS SUPPORT HAS BEEN ENABLED IN THIS KERNEL  **
[    0.249802] **                                                         **
[    0.250298] ** This means that this kernel is built to expose internal **
[    0.250797] ** IOMMU data structures, which may compromise security on **
[    0.251339] ** your system.                                            **
[    0.251841] **                                                         **
[    0.252347] ** If you see this message and you are not debugging the   **
[    0.252850] ** kernel, report this immediately to your vendor!         **
[    0.253356] **                                                         **
[    0.253798] **     NOTICE NOTICE NOTICE NOTICE NOTICE NOTICE NOTICE    **
[    0.254300] *************************************************************
[    0.254860] PM: RTC time: 07:21:18, date: 2022-11-03
[    0.257214] NET: Registered PF_NETLINK/PF_ROUTE protocol family
[    0.258034] DMA: preallocated 256 KiB GFP_KERNEL pool for atomic allocations
[    0.258582] DMA: preallocated 256 KiB GFP_KERNEL|GFP_DMA pool for atomic allocations
[    0.259183] DMA: preallocated 256 KiB GFP_KERNEL|GFP_DMA32 pool for atomic allocations
[    0.259885] audit: initializing netlink subsys (disabled)
[    0.260369] audit: type=2000 audit(1667460079.351:1): state=initialized audit_enabled=0 res=1
[    0.260369] thermal_sys: Registered thermal governor 'fair_share'
[    0.260369] thermal_sys: Registered thermal governor 'bang_bang'
[    0.260369] thermal_sys: Registered thermal governor 'step_wise'
[    0.261800] thermal_sys: Registered thermal governor 'user_space'
[    0.262315] cpuidle: using governor ladder
[    0.263178] cpuidle: using governor menu
[    0.263782] acpiphp: ACPI Hot Plug PCI Controller Driver version: 0.5
[    0.264550] PCI: Using configuration type 1 for base access
[    0.272715] kprobes: kprobe jump-optimization is enabled. All kprobes are optimized if possible.
[    0.494073] HugeTLB: registered 1.00 GiB page size, pre-allocated 0 pages
[    0.494755] HugeTLB: 16380 KiB vmemmap can be freed for a 1.00 GiB page
[    0.495279] HugeTLB: registered 2.00 MiB page size, pre-allocated 0 pages
[    0.495764] HugeTLB: 28 KiB vmemmap can be freed for a 2.00 MiB page
[    0.496403] ACPI: Added _OSI(Module Device)
[    0.496403] ACPI: Added _OSI(Processor Device)
[    0.496403] ACPI: Added _OSI(3.0 _SCP Extensions)
[    0.497799] ACPI: Added _OSI(Processor Aggregator Device)
[    0.502154] ACPI: 1 ACPI AML tables successfully acquired and loaded
[    0.504894] ACPI: Interpreter enabled
[    0.505249] ACPI: PM: (supports S0 S3 S4 S5)
[    0.505620] ACPI: Using IOAPIC for interrupt routing
[    0.505824] PCI: Using host bridge windows from ACPI; if necessary, use "pci=nocrs" and report a bug
[    0.506628] PCI: Using E820 reservations for host bridge windows
[    0.507679] ACPI: Enabled 2 GPEs in block 00 to 0F
[    0.518353] ACPI: PCI Root Bridge [PCI0] (domain 0000 [bus 00-ff])
[    0.518951] acpi PNP0A03:00: _OSC: OS supports [ASPM ClockPM Segments MSI EDR HPX-Type3]
[    0.519687] acpi PNP0A03:00: _OSC: not requesting OS control; OS requires [ExtendedConfig ASPM ClockPM MSI]
[    0.520596] acpi PNP0A03:00: fail to add MMCONFIG information, can't access extended PCI configuration space under this bridge.
[    0.523039] acpiphp: Slot [3] registered
[    0.523466] acpiphp: Slot [4] registered
[    0.523886] acpiphp: Slot [5] registered
[    0.524311] acpiphp: Slot [6] registered
[    0.524740] acpiphp: Slot [7] registered
[    0.525158] acpiphp: Slot [8] registered
[    0.525568] acpiphp: Slot [9] registered
[    0.525852] acpiphp: Slot [10] registered
[    0.526284] acpiphp: Slot [11] registered
[    0.526708] acpiphp: Slot [12] registered
[    0.527132] acpiphp: Slot [13] registered
[    0.527568] acpiphp: Slot [14] registered
[    0.527987] acpiphp: Slot [15] registered
[    0.528397] acpiphp: Slot [16] registered
[    0.528829] acpiphp: Slot [17] registered
[    0.529246] acpiphp: Slot [18] registered
[    0.529657] acpiphp: Slot [19] registered
[    0.529846] acpiphp: Slot [20] registered
[    0.530276] acpiphp: Slot [21] registered
[    0.530686] acpiphp: Slot [22] registered
[    0.531091] acpiphp: Slot [23] registered
[    0.531499] acpiphp: Slot [24] registered
[    0.531906] acpiphp: Slot [25] registered
[    0.532323] acpiphp: Slot [26] registered
[    0.532748] acpiphp: Slot [27] registered
[    0.533156] acpiphp: Slot [28] registered
[    0.533565] acpiphp: Slot [29] registered
[    0.533842] acpiphp: Slot [30] registered
[    0.534252] acpiphp: Slot [31] registered
[    0.534634] PCI host bridge to bus 0000:00
[    0.535061] pci_bus 0000:00: root bus resource [io  0x0000-0x0cf7 window]
[    0.535780] pci_bus 0000:00: root bus resource [io  0x0d00-0xffff window]
[    0.536618] pci_bus 0000:00: root bus resource [mem 0x000a0000-0x000bffff window]
[    0.537379] pci_bus 0000:00: root bus resource [mem 0x80000000-0xfebfffff window]
[    0.537799] pci_bus 0000:00: root bus resource [mem 0x100000000-0x17fffffff window]
[    0.538487] pci_bus 0000:00: root bus resource [bus 00-ff]
[    0.539077] pci 0000:00:00.0: [8086:1237] type 00 class 0x060000
[    0.541716] pci 0000:00:01.0: [8086:7000] type 00 class 0x060100
[    0.542292] pci 0000:00:01.1: [8086:7010] type 00 class 0x010180
[    0.544266] pci 0000:00:01.1: reg 0x20: [io  0xc040-0xc04f]
[    0.545493] pci 0000:00:01.1: legacy IDE quirk: reg 0x10: [io  0x01f0-0x01f7]
[    0.545802] pci 0000:00:01.1: legacy IDE quirk: reg 0x14: [io  0x03f6]
[    0.546390] pci 0000:00:01.1: legacy IDE quirk: reg 0x18: [io  0x0170-0x0177]
[    0.547042] pci 0000:00:01.1: legacy IDE quirk: reg 0x1c: [io  0x0376]
[    0.547849] pci 0000:00:01.3: [8086:7113] type 00 class 0x068000
[    0.548651] pci 0000:00:01.3: quirk: [io  0x0600-0x063f] claimed by PIIX4 ACPI
[    0.549323] pci 0000:00:01.3: quirk: [io  0x0700-0x070f] claimed by PIIX4 SMB
[    0.549981] pci 0000:00:02.0: [1234:1111] type 00 class 0x030000
[    0.551884] pci 0000:00:02.0: reg 0x10: [mem 0xfd000000-0xfdffffff pref]
[    0.554628] pci 0000:00:02.0: reg 0x18: [mem 0xfebf0000-0xfebf0fff]
[    0.557295] pci 0000:00:02.0: reg 0x30: [mem 0xfebe0000-0xfebeffff pref]
[    0.557862] pci 0000:00:02.0: Video device with shadowed ROM at [mem 0x000c0000-0x000dffff]
[    0.560446] pci 0000:00:03.0: [8086:100e] type 00 class 0x020000
[    0.561670] pci 0000:00:03.0: reg 0x10: [mem 0xfebc0000-0xfebdffff]
[    0.562550] pci 0000:00:03.0: reg 0x14: [io  0xc000-0xc03f]
[    0.564759] pci 0000:00:03.0: reg 0x30: [mem 0xfeb80000-0xfebbffff pref]
[    0.572869] ACPI: PCI: Interrupt link LNKA configured for IRQ 10
[    0.573681] ACPI: PCI: Interrupt link LNKB configured for IRQ 10
[    0.574059] ACPI: PCI: Interrupt link LNKC configured for IRQ 11
[    0.574831] ACPI: PCI: Interrupt link LNKD configured for IRQ 11
[    0.575484] ACPI: PCI: Interrupt link LNKS configured for IRQ 9
[    0.576741] iommu: Default domain type: Translated 
[    0.577178] iommu: DMA domain TLB invalidation policy: lazy mode 
[    0.578133] SCSI subsystem initialized
[    0.578588] ACPI: bus type USB registered
[    0.578967] usbcore: registered new interface driver usbfs
[    0.579459] usbcore: registered new interface driver hub
[    0.579972] usbcore: registered new device driver usb
[    0.580462] pps_core: LinuxPPS API ver. 1 registered
[    0.580891] pps_core: Software ver. 5.3.6 - Copyright 2005-2007 Rodolfo Giometti <giometti@linux.it>
[    0.581678] PTP clock support registered
[    0.581873] EDAC MC: Ver: 3.0.0
[    0.582927] NetLabel: Initializing
[    0.583241] NetLabel:  domain hash size = 128
[    0.583632] NetLabel:  protocols = UNLABELED CIPSOv4 CALIPSO
[    0.584145] NetLabel:  unlabeled traffic allowed by default
[    0.617901] PCI: Using ACPI for IRQ routing
[    0.618456] pci 0000:00:02.0: vgaarb: setting as boot VGA device
[    0.618976] pci 0000:00:02.0: vgaarb: bridge control possible
[    0.619471] pci 0000:00:02.0: vgaarb: VGA device added: decodes=io+mem,owns=io+mem,locks=none
[    0.620202] vgaarb: loaded
[    0.620726] hpet0: at MMIO 0xfed00000, IRQs 2, 8, 0
[    0.621163] hpet0: 3 comparators, 64-bit 100.000000 MHz counter
[    2.910967] clocksource: Switched to clocksource kvm-clock
[    2.989388] VFS: Disk quotas dquot_6.6.0
[    2.989747] VFS: Dquot-cache hash table entries: 512 (order 0, 4096 bytes)
[    2.990372] pnp: PnP ACPI init
[    2.991768] pnp: PnP ACPI: found 6 devices
[    2.999429] clocksource: acpi_pm: mask: 0xffffff max_cycles: 0xffffff, max_idle_ns: 2085701024 ns
[    3.000386] NET: Registered PF_INET protocol family
[    3.000857] IP idents hash table entries: 32768 (order: 6, 262144 bytes, linear)
[    3.002566] tcp_listen_portaddr_hash hash table entries: 1024 (order: 2, 16384 bytes, linear)
[    3.003524] Table-perturb hash table entries: 65536 (order: 6, 262144 bytes, linear)
[    3.004191] TCP established hash table entries: 16384 (order: 5, 131072 bytes, linear)
[    3.004954] TCP bind hash table entries: 16384 (order: 7, 524288 bytes, linear)
[    3.005705] TCP: Hash tables configured (established 16384 bind 16384)
[    3.006218] UDP hash table entries: 1024 (order: 3, 32768 bytes, linear)
[    3.006713] UDP-Lite hash table entries: 1024 (order: 3, 32768 bytes, linear)
[    3.007312] NET: Registered PF_UNIX/PF_LOCAL protocol family
[    3.007935] RPC: Registered named UNIX socket transport module.
[    3.008380] RPC: Registered udp transport module.
[    3.008731] RPC: Registered tcp transport module.
[    3.009090] RPC: Registered tcp NFSv4.1 backchannel transport module.
[    3.009585] pci_bus 0000:00: resource 4 [io  0x0000-0x0cf7 window]
[    3.010068] pci_bus 0000:00: resource 5 [io  0x0d00-0xffff window]
[    3.010541] pci_bus 0000:00: resource 6 [mem 0x000a0000-0x000bffff window]
[    3.011169] pci_bus 0000:00: resource 7 [mem 0x80000000-0xfebfffff window]
[    3.011819] pci_bus 0000:00: resource 8 [mem 0x100000000-0x17fffffff window]
[    3.012594] pci 0000:00:01.0: PIIX3: Enabling Passive Release
[    3.013045] pci 0000:00:00.0: Limiting direct PCI/PCI transfers
[    3.013672] PCI: CLS 0 bytes, default 64
[    3.014326] clocksource: tsc: mask: 0xffffffffffffffff max_cycles: 0x363e8c91135, max_idle_ns: 881590568389 ns
[    3.016882] Initialise system trusted keyrings
[    3.017391] Key type blacklist registered
[    3.017898] workingset: timestamp_bits=36 max_order=19 bucket_order=0
[    3.023397] zbud: loaded
[    3.024666] squashfs: version 4.0 (2009/01/31) Phillip Lougher
[    3.025827] NFS: Registering the id_resolver key type
[    3.026240] Key type id_resolver registered
[    3.026570] Key type id_legacy registered
[    3.026937] nfs4filelayout_init: NFSv4 File Layout Driver Registering...
[    3.027475] nfs4flexfilelayout_init: NFSv4 Flexfile Layout Driver Registering...
[    3.028261] fuse: init (API version 7.37)
[    3.028846] SGI XFS with ACLs, security attributes, realtime, quota, no debug enabled
[    3.030434] 9p: Installing v9fs 9p2000 file system support
[    3.037041] Key type asymmetric registered
[    3.037453] Asymmetric key parser 'x509' registered
[    3.038425] alg: self-tests for CTR-KDF (hmac(sha256)) passed
[    3.038995] Block layer SCSI generic (bsg) driver version 0.4 loaded (major 243)
[    3.039723] io scheduler mq-deadline registered
[    3.040204] io scheduler bfq registered
[    3.041281] shpchp: Standard Hot Plug PCI Controller Driver version: 0.4
[    3.042178] IPMI message handler: version 39.2
[    3.042608] ipmi device interface
[    3.043918] input: Power Button as /devices/LNXSYSTM:00/LNXPWRBN:00/input/input0
[    3.044682] ACPI: button: Power Button [PWRF]
[    3.045748] ERST DBG: ERST support is disabled.
[    3.046571] Serial: 8250/16550 driver, 32 ports, IRQ sharing enabled
[    3.047587] 00:04: ttyS0 at I/O 0x3f8 (irq = 4, base_baud = 115200) is a 16550A
[    3.052222] Linux agpgart interface v0.103
[    3.052940] ACPI: bus type drm_connector registered
[    3.059762] brd: module loaded
[    3.064180] loop: module loaded
[    3.066568] scsi host0: ata_piix
[    3.067106] scsi host1: ata_piix
[    3.067477] ata1: PATA max MWDMA2 cmd 0x1f0 ctl 0x3f6 bmdma 0xc040 irq 14
[    3.068088] ata2: PATA max MWDMA2 cmd 0x170 ctl 0x376 bmdma 0xc048 irq 15
[    3.069283] tun: Universal TUN/TAP device driver, 1.6
[    3.069847] e100: Intel(R) PRO/100 Network Driver
[    3.070277] e100: Copyright(c) 1999-2006 Intel Corporation
[    3.070796] e1000: Intel(R) PRO/1000 Network Driver
[    3.071237] e1000: Copyright (c) 1999-2006 Intel Corporation.
[    3.156206] ACPI: \_SB_.LNKC: Enabled at IRQ 11
[    3.225918] ata1: found unknown device (class 0)
[    3.226747] ata1.00: ATA-7: QEMU HARDDISK, 2.5+, max UDMA/100
[    3.227294] ata1.00: 16777216 sectors, multi 16: LBA48 
[    3.228207] ata2: found unknown device (class 0)
[    3.229002] scsi 0:0:0:0: Direct-Access     ATA      QEMU HARDDISK    2.5+ PQ: 0 ANSI: 5
[    3.230209] ata2.00: ATAPI: QEMU DVD-ROM, 2.5+, max UDMA/100
[    3.231225] scsi 0:0:0:0: Attached scsi generic sg0 type 0
[    3.232175] scsi 1:0:0:0: CD-ROM            QEMU     QEMU DVD-ROM     2.5+ PQ: 0 ANSI: 5
[    3.233682] sd 0:0:0:0: [sda] 16777216 512-byte logical blocks: (8.59 GB/8.00 GiB)
[    3.234391] sd 0:0:0:0: [sda] Write Protect is off
[    3.234851] sd 0:0:0:0: [sda] Write cache: enabled, read cache: enabled, doesn't support DPO or FUA
[    3.235690] sd 0:0:0:0: [sda] Preferred minimum I/O size 512 bytes
[    3.255379] sd 0:0:0:0: [sda] Attached SCSI disk
[    3.262249] scsi 1:0:0:0: Attached scsi generic sg1 type 5
[    3.476401] e1000 0000:00:03.0 eth0: (PCI:33MHz:32-bit) 52:54:00:12:34:56
[    3.477031] e1000 0000:00:03.0 eth0: Intel(R) PRO/1000 Network Connection
[    3.477689] e1000e: Intel(R) PRO/1000 Network Driver
[    3.478128] e1000e: Copyright(c) 1999 - 2015 Intel Corporation.
[    3.478687] igb: Intel(R) Gigabit Ethernet Network Driver
[    3.479151] igb: Copyright (c) 2007-2014 Intel Corporation.
[    3.479687] PPP generic driver version 2.4.2
[    3.480581] VFIO - User Level meta-driver version: 0.3
[    3.481454] usbcore: registered new interface driver uas
[    3.481994] usbcore: registered new interface driver usb-storage
[    3.482624] i8042: PNP: PS/2 Controller [PNP0303:KBD,PNP0f13:MOU] at 0x60,0x64 irq 1,12
[    3.483872] serio: i8042 KBD port at 0x60,0x64 irq 1
[    3.484314] serio: i8042 AUX port at 0x60,0x64 irq 12
[    3.485210] mousedev: PS/2 mouse device common for all mice
[    3.486119] rtc_cmos 00:05: RTC can wake from S4
[    3.487246] input: AT Translated Set 2 keyboard as /devices/platform/i8042/serio0/input/input1
[    3.488162] rtc_cmos 00:05: registered as rtc0
[    3.489079] input: VirtualPS/2 VMware VMMouse as /devices/platform/i8042/serio1/input/input4
[    3.489898] rtc_cmos 00:05: setting system clock to 2022-11-03T07:21:21 UTC (1667460081)
[    3.490687] rtc_cmos 00:05: alarms up to one day, y3k, 242 bytes nvram, hpet irqs
[    3.491384] i2c_dev: i2c /dev entries driver
[    3.491781] device-mapper: core: CONFIG_IMA_DISABLE_HTABLE is disabled. Duplicate IMA measurements will not be recorded in the IMA log.
[    3.492888] device-mapper: uevent: version 1.0.3
[    3.493647] input: VirtualPS/2 VMware VMMouse as /devices/platform/i8042/serio1/input/input3
[    3.494411] device-mapper: ioctl: 4.47.0-ioctl (2022-07-28) initialised: dm-devel@redhat.com
[    3.495138] intel_pstate: CPU model not supported
[    3.495636] sdhci: Secure Digital Host Controller Interface driver
[    3.496168] sdhci: Copyright(c) Pierre Ossman
[    3.496640] sdhci-pltfm: SDHCI platform and OF driver helper
[    3.497173] ledtrig-cpu: registered to indicate activity on CPUs
[    3.497860] drop_monitor: Initializing network drop monitor service
[    3.498780] NET: Registered PF_INET6 protocol family
[    3.500330] Segment Routing with IPv6
[    3.500699] In-situ OAM (IOAM) with IPv6
[    3.501088] NET: Registered PF_PACKET protocol family
[    3.501685] 9pnet: Installing 9P2000 support
[    3.502093] Key type dns_resolver registered
[    3.503139] IPI shorthand broadcast: enabled
[    3.503545] sched_clock: Marking stable (3494189242, 8755635)->(3543704179, -40759302)
[    3.504510] registered taskstats version 1
[    3.504961] Loading compiled-in X.509 certificates
[    3.505540] zswap: loaded using pool lzo/zbud
[    3.506570] Key type .fscrypt registered
[    3.506928] Key type fscrypt-provisioning registered
[    3.507940] Key type encrypted registered
[    3.508302] ima: No TPM chip found, activating TPM-bypass!
[    3.508780] ima: Allocated hash algorithm: sha1
[    3.509197] ima: No architecture policies found
[    3.509617] evm: Initialising EVM extended attributes:
[    3.510070] evm: security.selinux
[    3.510362] evm: security.SMACK64
[    3.510651] evm: security.SMACK64EXEC
[    3.510969] evm: security.SMACK64TRANSMUTE
[    3.511323] evm: security.SMACK64MMAP
[    3.511642] evm: security.apparmor
[    3.511940] evm: security.ima
[    3.512200] evm: security.capability
[    3.512511] evm: HMAC attrs: 0x1
[    3.515209] PM:   Magic number: 14:817:368
[    3.515889] RAS: Correctable Errors collector initialized.
[    3.516640] md: Waiting for all devices to be available before autodetect
[    3.517098] md: If you don't use raid, use raid=noautodetect
[    3.517475] md: Autodetecting RAID arrays.
[    3.517748] md: autorun ...
[    3.517982] md: ... autorun DONE.
[    3.521803] EXT4-fs (sda): INFO: recovery required on readonly filesystem
[    3.522158] EXT4-fs (sda): write access will be enabled during recovery
[    3.568710] EXT4-fs (sda): recovery complete
[    3.571529] EXT4-fs (sda): mounted filesystem with ordered data mode. Quota mode: none.
[    3.572111] VFS: Mounted root (ext4 filesystem) readonly on device 8:0.
[    3.573286] devtmpfs: mounted
[    3.580375] Freeing unused decrypted memory: 2036K
[    3.582456] Freeing unused kernel image (initmem) memory: 3624K
[    3.582848] Write protecting the kernel read-only data: 40960k
[    3.585599] Freeing unused kernel image (text/rodata gap) memory: 2028K
[    3.586644] Freeing unused kernel image (rodata/data gap) memory: 668K
[    3.674759] x86/mm: Checked W+X mappings: passed, no W+X pages found.
[    3.675237] Run /sbin/init as init process
[    3.953448] systemd[1]: RTC configured in localtime, applying delta of 0 minutes to system time.
[    3.983445] systemd[1]: systemd 239 (239-49.el8) running in system mode. (+PAM +AUDIT +SELINUX +IMA -APPARMOR +SMACK +SYSVINIT +UTMP +LIBCRYPTSETUP +GCRYPT +GNUTLS +ACL +XZ +LZ4 +SECCOMP +BLKID +ELFUTILS +KMOD +IDN2 -IDN +PCRE2 default-hierarchy=legacy)
[    3.985221] systemd[1]: Detected virtualization kvm.
[    3.985552] systemd[1]: Detected architecture x86-64.

Welcome to [0;31mCentOS Stream 8[0m!

[    4.038674] systemd[1]: Set hostname to <test>.
[    5.081817] random: crng init done
[    5.161843] systemd[1]: Created slice User and Session Slice.
[[0;32m  OK  [0m] Created slice User and Session Slice.
[    5.163184] systemd[1]: Listening on Journal Socket.
[[0;32m  OK  [0m] Listening on Journal Socket.
[    5.186111] systemd[1]: Starting Remount Root and Kernel File Systems...
         Starting Remount Root and Kernel File Systems...
[    5.187694] systemd[1]: Created slice system-getty.slice.
[[0;32m  OK  [0m] Created slice system-getty.slice.
[    5.193619] systemd[1]: Starting Load Kernel Modules...
         Starting Load Kernel Modules...
[    5.194490] systemd[1]: Set up automount Arbitrary Executable File Formats File System Automount Point.
[[0;32m  OK  [0m] Set up automount Arbitrary Executabâ€¦rmats File System Automount Point.
[[0;32m  OK  [0m] Listening on udev Kernel Socket.
[[0;32m  OK  [0m] Listening on RPCbind Server Activation Socket.
[[0;32m  OK  [0m] Listening on udev Control Socket.
[[0;32m  OK  [0m] Reached target Swap.
[[0;32m  OK  [0m] Created slice system-serial\x2dgetty.slice.
[[0;32m  OK  [0m] Reached target Slices.
         Mounting Huge Pages File System...
         Starting udev Coldplug all Devices...
[[0;32m  OK  [0m] Created slice system-sshd\x2dkeygen.slice.
[[0;32m  OK  [0m] Listening on Journal Socket (/dev/log).
         Starting Journal Service...
[[0;32m  OK  [0m] Listening on Process Core Dump Socket.
[[0;32m  OK  [0m] Started Forward Password Requests to Wall Directory Watch.
[[0;32m  OK  [0m] Reached target RPC Port Mapper.
[[0;32m  OK  [0m] Listening on initctl Compatibility Named Pipe.
         Mounting Kernel Debug File System...
[[0;32m  OK  [0m] Listening on LVM2 poll daemon socket.
         Starting Setup Virtual Console...
         Mounting POSIX Message Queue File System...
[[0;32m  OK  [0m] Listening on Device-mapper event daemon FIFOs.
         Starting Monitoring of LVM2 mirrorsâ€¦ng dmeventd or progress polling...
[[0;32m  OK  [0m] Listening on multipathd control socket.
[    5.343549] EXT4-fs (sda): re-mounted. Quota mode: none.
[[0;32m  OK  [0m] Started Journal Service.
[[0;32m  OK  [0m] Started Remount Root and Kernel File Systems.
[[0;1;31mFAILED[0m] Failed to start Load Kernel Modules.
See 'systemctl status systemd-modules-load.service' for details.
[[0;32m  OK  [0m] Mounted Huge Pages File System.
[[0;32m  OK  [0m] Mounted Kernel Debug File System.
[[0;32m  OK  [0m] Mounted POSIX Message Queue File System.
         Mounting Kernel Configuration File System...
         Starting Apply Kernel Variables...
         Mounting FUSE Control File System...
         Starting Load/Save Random Seed...
         Starting Create Static Device Nodes in /dev...
         Starting Flush Journal to Persistent Storage...
[[0;32m  OK  [0m] Started Setup Virtual Console.
[[0;32m  OK  [0m] Started udev Coldplug all Devices.
[[0;32m  OK  [0m] Mounted Kernel Configuration File System.
[[0;32m  OK  [0m] Started Apply Kernel Variables.
[[0;32m  OK  [0m] Mounted FUSE Control File System.
[[0;32m  OK  [0m] Started Load/Save Random Seed.
         Starting udev Wait for Complete Device Initialization...
[[0;32m  OK  [0m] Started Create Static Device Nodes in /dev.
         Starting udev Kernel Device Manager...
[[0;32m  OK  [0m] Started Flush Journal to Persistent Storage.
[[0;32m  OK  [0m] Started udev Kernel Device Manager.
         Starting Show Plymouth Boot Screen...
[[0;32m  OK  [0m] Started Show Plymouth Boot Screen.
[[0;32m  OK  [0m] Started Forward Password Requests to Plymouth Directory Watch.
[[0;32m  OK  [0m] Reached target Local Encrypted Volumes.
[[0;32m  OK  [0m] Reached target Paths.
[[0;32m  OK  [0m] Started Monitoring of LVM2 mirrors,â€¦sing dmeventd or progress polling.
[[0;32m  OK  [0m] Found device /dev/ttyS0.
[[0;32m  OK  [0m] Listening on Load/Save RF Kill Switch Status /dev/rfkill Watch.
[[0;32m  OK  [0m] Started udev Wait for Complete Device Initialization.
[[0;32m  OK  [0m] Reached target Local File Systems (Pre).
[[0;32m  OK  [0m] Reached target Local File Systems.
         Starting Restore /run/initramfs on shutdown...
         Starting Create Volatile Files and Directories...
         Starting Tell Plymouth To Write Out Runtime Data...
[[0;32m  OK  [0m] Started Restore /run/initramfs on shutdown.
[[0;32m  OK  [0m] Started Tell Plymouth To Write Out Runtime Data.
[[0;32m  OK  [0m] Started Create Volatile Files and Directories.
         Starting RPC Bind...
         Starting Security Auditing Service...
         Mounting RPC Pipe File System...
[[0;32m  OK  [0m] Mounted RPC Pipe File System.
[[0;32m  OK  [0m] Reached target rpc_pipefs.target.
[[0;32m  OK  [0m] Started RPC Bind.
[[0;32m  OK  [0m] Started Security Auditing Service.
         Starting Update UTMP about System Boot/Shutdown...
[[0;32m  OK  [0m] Started Update UTMP about System Boot/Shutdown.
[[0;32m  OK  [0m] Reached target System Initialization.
[[0;32m  OK  [0m] Started dnf makecache --timer.
[[0;32m  OK  [0m] Started Daily Cleanup of Temporary Directories.
[[0;32m  OK  [0m] Started daily update of the root trust anchor for DNSSEC.
[[0;32m  OK  [0m] Reached target Timers.
[[0;32m  OK  [0m] Listening on D-Bus System Message Bus Socket.
[[0;32m  OK  [0m] Listening on SSSD Kerberos Cache Manager responder socket.
[[0;32m  OK  [0m] Reached target Sockets.
[[0;32m  OK  [0m] Reached target Basic System.
         Starting Login Service...
         Starting Auto-connect to subsystemsâ€¦-NVME devices found during boot...
[[0;32m  OK  [0m] Started Machine Check Exception Logging Daemon.
         Starting Authorization Manager...
         Starting NTP client/server...
[[0;32m  OK  [0m] Started irqbalance daemon.
[[0;32m  OK  [0m] Started D-Bus System Message Bus.
         Starting Network Manager...
[[0;32m  OK  [0m] Reached target sshd-keygen.target.
         Starting Self Monitoring and Reporting Technology (SMART) Daemon...
[[0;32m  OK  [0m] Started Auto-connect to subsystems â€¦FC-NVME devices found during boot.
[[0;32m  OK  [0m] Started Login Service.
[[0;32m  OK  [0m] Started Self Monitoring and Reporting Technology (SMART) Daemon.
[[0;32m  OK  [0m] Started NTP client/server.
[[0;32m  OK  [0m] Started Network Manager.
[[0;32m  OK  [0m] Reached target Network.
         Starting OpenSSH server daemon...
         Starting GSSAPI Proxy Daemon...
         Starting Dynamic System Tuning Daemon...
         Starting Network Manager Wait Online...
[[0;32m  OK  [0m] Started Authorization Manager.
         Starting Hostname Service...
[[0;32m  OK  [0m] Started GSSAPI Proxy Daemon.
[[0;32m  OK  [0m] Reached target NFS client services.
[[0;32m  OK  [0m] Reached target Remote File Systems (Pre).
[[0;32m  OK  [0m] Reached target Remote File Systems.
         Starting Permit User Sessions...
[[0;32m  OK  [0m] Started OpenSSH server daemon.
[[0;32m  OK  [0m] Started Permit User Sessions.
[[0;32m  OK  [0m] Started Command Scheduler.
         Starting Hold until boot process finishes up...
         Starting Terminate Plymouth Boot Screen...
[    6.666253] e1000: eth0 NIC Link is Up 1000 Mbps Full Duplex, Flow Control: RX
[    6.667001] IPv6: ADDRCONF(NETDEV_CHANGE): eth0: link becomes ready
[    6.862060] Spectre V2 : WARNING: Unprivileged eBPF is enabled with eIBRS on, data leaks possible via Spectre v2 BHB attacks!
[    6.862780] Spectre V2 : WARNING: Unprivileged eBPF is enabled with eIBRS on, data leaks possible via Spectre v2 BHB attacks!

CentOS Stream 8
Kernel 6.1.0-rc3-30a0b95b1335 on an x86_64

test login: [   28.686292] ------------[ cut here ]------------
[   28.686567] WARNING: CPU: 0 PID: 579 at net/core/lwtunnel.c:57 lwtunnel_valid_encap_type+0x167/0x1e0
[   28.687079] Modules linked in:
[   28.687254] CPU: 0 PID: 579 Comm: repro Not tainted 6.1.0-rc3-30a0b95b1335 #1
[   28.687650] Hardware name: QEMU Standard PC (i440FX + PIIX, 1996), BIOS rel-1.14.0-0-g155821a1990b-prebuilt.qemu.org 04/01/2014
[   28.688343] RIP: 0010:lwtunnel_valid_encap_type+0x167/0x1e0
[   28.688756] Code: d0 e3 55 83 48 c7 c2 6a c8 55 83 4c 0f 45 f2 e9 68 ff ff ff 49 c7 c6 6a c8 55 83 66 83 fb 0a 0f 85 57 ff ff ff e8 d9 75 b7 fe <0f> 0b eb 8c 49 c7 c6 6a c8 55 83 66 83 fb 02 74 ea e9 3c ff ff ff
[   28.690017] RSP: 0018:ffffc90000fcf7e8 EFLAGS: 00010246
[   28.690398] RAX: 0000000000000000 RBX: 000000000000000a RCX: ffffffff826d71c8
[   28.690906] RDX: 0000000000000000 RSI: ffff888010a39980 RDI: 0000000000000002
[   28.691425] RBP: ffffc90000fcf810 R08: 0000000000000000 R09: 0000000000000000
[   28.691919] R10: 0000000000000000 R11: 0000000000000000 R12: 000000000000000a
[   28.692416] R13: ffffc90000fcfb08 R14: ffffffff8355c86a R15: 0000000000000000
[   28.692915] FS:  00007fbacb971740(0000) GS:ffff88807dc00000(0000) knlGS:0000000000000000
[   28.693466] CS:  0010 DS: 0000 ES: 0000 CR0: 0000000080050033
[   28.693856] CR2: 0000000020000700 CR3: 0000000007c9c004 CR4: 0000000000770ef0
[   28.694269] PKRU: 55555554
[   28.694633] Call Trace:
[   28.694951]  <TASK>
[   28.695108]  rtm_to_fib6_config+0x4a8/0x680
[   28.695769]  inet6_rtm_delroute+0x4b/0x110
[   28.696069]  ? inet6_rtm_delroute+0x4b/0x110
[   28.696410]  ? ip6_route_multipath_del+0x280/0x280
[   28.696786]  rtnetlink_rcv_msg+0x22e/0x5f0
[   28.697446]  ? __sanitizer_cov_trace_pc+0x25/0x60
[   28.697850]  ? write_comp_data+0x2f/0x90
[   28.698197]  netlink_rcv_skb+0x8e/0x1e0
[   28.698519]  ? rtnl_calcit.isra.41+0x1c0/0x1c0
[   28.698900]  rtnetlink_rcv+0x25/0x30
[   28.699168]  netlink_unicast+0x2e6/0x410
[   28.699464]  ? write_comp_data+0x2f/0x90
[   28.699799]  netlink_sendmsg+0x372/0x700
[   28.700163]  ? netlink_unicast+0x410/0x410
[   28.700476]  sock_sendmsg+0xda/0xf0
[   28.700753]  ____sys_sendmsg+0x3a9/0x420
[   28.701057]  ? write_comp_data+0x2f/0x90
[   28.701356]  ___sys_sendmsg+0x9b/0xe0
[   28.701615]  ? lru_cache_add_inactive_or_unevictable+0x59/0xd0
[   28.702042]  ? __sanitizer_cov_trace_pc+0x25/0x60
[   28.702385]  ? write_comp_data+0x2f/0x90
[   28.702669]  ? __sanitizer_cov_trace_pc+0x25/0x60
[   28.703002]  ? __fget_light+0xb0/0x220
[   28.703274]  ? write_comp_data+0x2f/0x90
[   28.703550]  ? __sanitizer_cov_trace_pc+0x25/0x60
[   28.703873]  ? sockfd_lookup_light+0x7a/0xc0
[   28.704166]  __sys_sendmsg+0xa2/0x130
[   28.704396]  __x64_sys_sendmsg+0x2c/0x40
[   28.704627]  do_syscall_64+0x3b/0x90
[   28.704840]  entry_SYSCALL_64_after_hwframe+0x63/0xcd
[   28.705139] RIP: 0033:0x7fbacba9659d
[   28.705391] Code: 00 c3 66 2e 0f 1f 84 00 00 00 00 00 90 f3 0f 1e fa 48 89 f8 48 89 f7 48 89 d6 48 89 ca 4d 89 c2 4d 89 c8 4c 8b 4c 24 08 0f 05 <48> 3d 01 f0 ff ff 73 01 c3 48 8b 0d d3 08 0d 00 f7 d8 64 89 01 48
[   28.706528] RSP: 002b:00007ffe459d7038 EFLAGS: 00000213 ORIG_RAX: 000000000000002e
[   28.706960] RAX: ffffffffffffffda RBX: 0000000000000000 RCX: 00007fbacba9659d
[   28.707418] RDX: 0000000000000000 RSI: 0000000020001840 RDI: 0000000000000003
[   28.707869] RBP: 00007ffe459d7050 R08: 00007ffe459d7130 R09: 00007ffe459d7130
[   28.708277] R10: 0000000000000000 R11: 0000000000000213 R12: 0000000000401040
[   28.708670] R13: 00007ffe459d7130 R14: 0000000000000000 R15: 0000000000000000
[   28.709092]  </TASK>
[   28.709221] ---[ end trace 0000000000000000 ]---
[   28.711851] ------------[ cut here ]------------
[   28.712131] WARNING: CPU: 0 PID: 580 at net/core/lwtunnel.c:57 lwtunnel_valid_encap_type+0x167/0x1e0
[   28.712676] Modules linked in:
[   28.712857] CPU: 0 PID: 580 Comm: repro Tainted: G        W          6.1.0-rc3-30a0b95b1335 #1
[   28.713362] Hardware name: QEMU Standard PC (i440FX + PIIX, 1996), BIOS rel-1.14.0-0-g155821a1990b-prebuilt.qemu.org 04/01/2014
[   28.714024] RIP: 0010:lwtunnel_valid_encap_type+0x167/0x1e0
[   28.714358] Code: d0 e3 55 83 48 c7 c2 6a c8 55 83 4c 0f 45 f2 e9 68 ff ff ff 49 c7 c6 6a c8 55 83 66 83 fb 0a 0f 85 57 ff ff ff e8 d9 75 b7 fe <0f> 0b eb 8c 49 c7 c6 6a c8 55 83 66 83 fb 02 74 ea e9 3c ff ff ff
[   28.715413] RSP: 0018:ffffc90000f2f7e8 EFLAGS: 00010246
[   28.715720] RAX: 0000000000000000 RBX: 000000000000000a RCX: ffffffff826d71c8
[   28.716160] RDX: 0000000000000000 RSI: ffff888010a3b300 RDI: 0000000000000002
[   28.716583] RBP: ffffc90000f2f810 R08: 0000000000000000 R09: 0000000000000000
[   28.717024] R10: 0000000000000000 R11: 0000000000000000 R12: 000000000000000a
[   28.717485] R13: ffffc90000f2fb08 R14: ffffffff8355c86a R15: 0000000000000000
[   28.717996] FS:  00007f21288c4740(0000) GS:ffff88807dc00000(0000) knlGS:0000000000000000
[   28.718535] CS:  0010 DS: 0000 ES: 0000 CR0: 0000000080050033
[   28.718895] CR2: 0000000020000700 CR3: 000000000b8f0001 CR4: 0000000000770ef0
[   28.719336] PKRU: 55555554
[   28.719510] Call Trace:
[   28.719671]  <TASK>
[   28.719816]  rtm_to_fib6_config+0x4a8/0x680
[   28.720104]  inet6_rtm_delroute+0x4b/0x110
[   28.720382]  ? inet6_rtm_delroute+0x4b/0x110
[   28.720675]  ? ip6_route_multipath_del+0x280/0x280
[   28.721012]  rtnetlink_rcv_msg+0x22e/0x5f0
[   28.721298]  ? __sanitizer_cov_trace_pc+0x25/0x60
[   28.721626]  ? write_comp_data+0x2f/0x90
[   28.721916]  netlink_rcv_skb+0x8e/0x1e0
[   28.722197]  ? rtnl_calcit.isra.41+0x1c0/0x1c0
[   28.722521]  rtnetlink_rcv+0x25/0x30
[   28.722785]  netlink_unicast+0x2e6/0x410
[   28.723068]  ? write_comp_data+0x2f/0x90
[   28.723352]  netlink_sendmsg+0x372/0x700
[   28.723639]  ? netlink_unicast+0x410/0x410
[   28.723937]  sock_sendmsg+0xda/0xf0
[   28.724197]  ____sys_sendmsg+0x3a9/0x420
[   28.724482]  ? write_comp_data+0x2f/0x90
[   28.724773]  ___sys_sendmsg+0x9b/0xe0
[   28.725058]  ? lru_cache_add_inactive_or_unevictable+0x59/0xd0
[   28.725507]  ? __sanitizer_cov_trace_pc+0x25/0x60
[   28.725940]  ? write_comp_data+0x2f/0x90
[   28.726280]  ? __sanitizer_cov_trace_pc+0x25/0x60
[   28.726688]  ? __fget_light+0xb0/0x220
[   28.727019]  ? write_comp_data+0x2f/0x90
[   28.727359]  ? __sanitizer_cov_trace_pc+0x25/0x60
[   28.727767]  ? sockfd_lookup_light+0x7a/0xc0
[   28.728137]  __sys_sendmsg+0xa2/0x130
[   28.728467]  __x64_sys_sendmsg+0x2c/0x40
[   28.728813]  do_syscall_64+0x3b/0x90
[   28.729144]  entry_SYSCALL_64_after_hwframe+0x63/0xcd
[   28.729575] RIP: 0033:0x7f21289e959d
[   28.729899] Code: 00 c3 66 2e 0f 1f 84 00 00 00 00 00 90 f3 0f 1e fa 48 89 f8 48 89 f7 48 89 d6 48 89 ca 4d 89 c2 4d 89 c8 4c 8b 4c 24 08 0f 05 <48> 3d 01 f0 ff ff 73 01 c3 48 8b 0d d3 08 0d 00 f7 d8 64 89 01 48
[   28.731391] RSP: 002b:00007ffc53e63ba8 EFLAGS: 00000213 ORIG_RAX: 000000000000002e
[   28.732009] RAX: ffffffffffffffda RBX: 0000000000000000 RCX: 00007f21289e959d
[   28.732581] RDX: 0000000000000000 RSI: 0000000020001840 RDI: 0000000000000003
[   28.733098] RBP: 00007ffc53e63bc0 R08: 00007ffc53e63ca0 R09: 00007ffc53e63ca0
[   28.733606] R10: 0000000000000000 R11: 0000000000000213 R12: 0000000000401040
[   28.734133] R13: 00007ffc53e63ca0 R14: 0000000000000000 R15: 0000000000000000
[   28.734653]  </TASK>
[   28.734824] ---[ end trace 0000000000000000 ]---
[   28.737894] ------------[ cut here ]------------
[   28.738303] WARNING: CPU: 0 PID: 581 at net/core/lwtunnel.c:57 lwtunnel_valid_encap_type+0x167/0x1e0
[   28.739079] Modules linked in:
[   28.739351] CPU: 0 PID: 581 Comm: repro Tainted: G        W          6.1.0-rc3-30a0b95b1335 #1
[   28.740083] Hardware name: QEMU Standard PC (i440FX + PIIX, 1996), BIOS rel-1.14.0-0-g155821a1990b-prebuilt.qemu.org 04/01/2014
[   28.741047] RIP: 0010:lwtunnel_valid_encap_type+0x167/0x1e0
[   28.741468] Code: d0 e3 55 83 48 c7 c2 6a c8 55 83 4c 0f 45 f2 e9 68 ff ff ff 49 c7 c6 6a c8 55 83 66 83 fb 0a 0f 85 57 ff ff ff e8 d9 75 b7 fe <0f> 0b eb 8c 49 c7 c6 6a c8 55 83 66 83 fb 02 74 ea e9 3c ff ff ff
[   28.742778] RSP: 0018:ffffc90000f2f7e8 EFLAGS: 00010246
[   28.743068] RAX: 0000000000000000 RBX: 000000000000000a RCX: ffffffff826d71c8
[   28.743449] RDX: 0000000000000000 RSI: ffff888010a3e600 RDI: 0000000000000002
[   28.743842] RBP: ffffc90000f2f810 R08: 0000000000000000 R09: 0000000000000000
[   28.744242] R10: 0000000000000000 R11: 0000000000000000 R12: 000000000000000a
[   28.744749] R13: ffffc90000f2fb08 R14: ffffffff8355c86a R15: 0000000000000000
[   28.745278] FS:  00007f6b06665740(0000) GS:ffff88807dc00000(0000) knlGS:0000000000000000
[   28.745872] CS:  0010 DS: 0000 ES: 0000 CR0: 0000000080050033
[   28.746293] CR2: 0000000020000700 CR3: 0000000007c9c003 CR4: 0000000000770ef0
[   28.746810] PKRU: 55555554
[   28.747018] Call Trace:
[   28.747206]  <TASK>
[   28.747374]  rtm_to_fib6_config+0x4a8/0x680
[   28.747706]  inet6_rtm_delroute+0x4b/0x110
[   28.748019]  ? inet6_rtm_delroute+0x4b/0x110
[   28.748347]  ? ip6_route_multipath_del+0x280/0x280
[   28.748709]  rtnetlink_rcv_msg+0x22e/0x5f0
[   28.749019]  ? __sanitizer_cov_trace_pc+0x25/0x60
[   28.749372]  ? write_comp_data+0x2f/0x90
[   28.749663]  netlink_rcv_skb+0x8e/0x1e0
[   28.749913]  ? rtnl_calcit.isra.41+0x1c0/0x1c0
[   28.750179]  rtnetlink_rcv+0x25/0x30
[   28.750390]  netlink_unicast+0x2e6/0x410
[   28.750622]  ? write_comp_data+0x2f/0x90
[   28.750855]  netlink_sendmsg+0x372/0x700
[   28.751092]  ? netlink_unicast+0x410/0x410
[   28.751335]  sock_sendmsg+0xda/0xf0
[   28.751544]  ____sys_sendmsg+0x3a9/0x420
[   28.751778]  ? write_comp_data+0x2f/0x90
[   28.752019]  ___sys_sendmsg+0x9b/0xe0
[   28.752251]  ? lru_cache_add_inactive_or_unevictable+0x59/0xd0
[   28.752610]  ? __sanitizer_cov_trace_pc+0x25/0x60
[   28.752907]  ? write_comp_data+0x2f/0x90
[   28.753204]  ? __sanitizer_cov_trace_pc+0x25/0x60
[   28.753570]  ? __fget_light+0xb0/0x220
[   28.753877]  ? write_comp_data+0x2f/0x90
[   28.754187]  ? __sanitizer_cov_trace_pc+0x25/0x60
[   28.754563]  ? sockfd_lookup_light+0x7a/0xc0
[   28.754900]  __sys_sendmsg+0xa2/0x130
[   28.755204]  __x64_sys_sendmsg+0x2c/0x40
[   28.755522]  do_syscall_64+0x3b/0x90
[   28.755808]  entry_SYSCALL_64_after_hwframe+0x63/0xcd
[   28.756123] RIP: 0033:0x7f6b0678a59d
[   28.756376] Code: 00 c3 66 2e 0f 1f 84 00 00 00 00 00 90 f3 0f 1e fa 48 89 f8 48 89 f7 48 89 d6 48 89 ca 4d 89 c2 4d 89 c8 4c 8b 4c 24 08 0f 05 <48> 3d 01 f0 ff ff 73 01 c3 48 8b 0d d3 08 0d 00 f7 d8 64 89 01 48
[   28.757747] RSP: 002b:00007ffdeecd47a8 EFLAGS: 00000213 ORIG_RAX: 000000000000002e
[   28.758355] RAX: ffffffffffffffda RBX: 0000000000000000 RCX: 00007f6b0678a59d
[   28.758915] RDX: 0000000000000000 RSI: 0000000020001840 RDI: 0000000000000003
[   28.759474] RBP: 00007ffdeecd47c0 R08: 00007ffdeecd48a0 R09: 00007ffdeecd48a0
[   28.760043] R10: 0000000000000000 R11: 0000000000000213 R12: 0000000000401040
[   28.760638] R13: 00007ffdeecd48a0 R14: 0000000000000000 R15: 0000000000000000
[   28.761238]  </TASK>
[   28.761428] ---[ end trace 0000000000000000 ]---
[   28.764458] ------------[ cut here ]------------
[   28.764885] WARNING: CPU: 0 PID: 582 at net/core/lwtunnel.c:57 lwtunnel_valid_encap_type+0x167/0x1e0
[   28.765692] Modules linked in:
[   28.766006] CPU: 0 PID: 582 Comm: repro Tainted: G        W          6.1.0-rc3-30a0b95b1335 #1
[   28.766772] Hardware name: QEMU Standard PC (i440FX + PIIX, 1996), BIOS rel-1.14.0-0-g155821a1990b-prebuilt.qemu.org 04/01/2014
[   28.767723] RIP: 0010:lwtunnel_valid_encap_type+0x167/0x1e0
[   28.768228] Code: d0 e3 55 83 48 c7 c2 6a c8 55 83 4c 0f 45 f2 e9 68 ff ff ff 49 c7 c6 6a c8 55 83 66 83 fb 0a 0f 85 57 ff ff ff e8 d9 75 b7 fe <0f> 0b eb 8c 49 c7 c6 6a c8 55 83 66 83 fb 02 74 ea e9 3c ff ff ff
[   28.769622] RSP: 0018:ffffc90000f2f7e8 EFLAGS: 00010246
[   28.770076] RAX: 0000000000000000 RBX: 000000000000000a RCX: ffffffff826d71c8
[   28.770595] RDX: 0000000000000000 RSI: ffff888010a39980 RDI: 0000000000000002
[   28.771111] RBP: ffffc90000f2f810 R08: 0000000000000000 R09: 0000000000000000
[   28.771635] R10: 0000000000000000 R11: 0000000000000000 R12: 000000000000000a
[   28.772155] R13: ffffc90000f2fb08 R14: ffffffff8355c86a R15: 0000000000000000
[   28.772669] FS:  00007f8e3f472740(0000) GS:ffff88807dc00000(0000) knlGS:0000000000000000
[   28.773261] CS:  0010 DS: 0000 ES: 0000 CR0: 0000000080050033
[   28.773683] CR2: 0000000020000700 CR3: 000000000b8f0006 CR4: 0000000000770ef0
[   28.774217] PKRU: 55555554
[   28.774425] Call Trace:
[   28.774613]  <TASK>
[   28.774781]  rtm_to_fib6_config+0x4a8/0x680
[   28.775115]  inet6_rtm_delroute+0x4b/0x110
[   28.775431]  ? inet6_rtm_delroute+0x4b/0x110
[   28.775759]  ? ip6_route_multipath_del+0x280/0x280
[   28.776122]  rtnetlink_rcv_msg+0x22e/0x5f0
[   28.776426]  ? __sanitizer_cov_trace_pc+0x25/0x60
[   28.776776]  ? write_comp_data+0x2f/0x90
[   28.777086]  netlink_rcv_skb+0x8e/0x1e0
[   28.777382]  ? rtnl_calcit.isra.41+0x1c0/0x1c0
[   28.777725]  rtnetlink_rcv+0x25/0x30
[   28.778018]  netlink_unicast+0x2e6/0x410
[   28.778324]  ? write_comp_data+0x2f/0x90
[   28.778631]  netlink_sendmsg+0x372/0x700
[   28.778933]  ? netlink_unicast+0x410/0x410
[   28.779244]  sock_sendmsg+0xda/0xf0
[   28.779514]  ____sys_sendmsg+0x3a9/0x420
[   28.779822]  ? write_comp_data+0x2f/0x90
[   28.780140]  ___sys_sendmsg+0x9b/0xe0
[   28.780446]  ? lru_cache_add_inactive_or_unevictable+0x59/0xd0
[   28.780917]  ? __sanitizer_cov_trace_pc+0x25/0x60
[   28.781292]  ? write_comp_data+0x2f/0x90
[   28.781604]  ? __sanitizer_cov_trace_pc+0x25/0x60
[   28.781986]  ? __fget_light+0xb0/0x220
[   28.782272]  ? write_comp_data+0x2f/0x90
[   28.782570]  ? __sanitizer_cov_trace_pc+0x25/0x60
[   28.782922]  ? sockfd_lookup_light+0x7a/0xc0
[   28.783243]  __sys_sendmsg+0xa2/0x130
[   28.783529]  __x64_sys_sendmsg+0x2c/0x40
[   28.783829]  do_syscall_64+0x3b/0x90
[   28.784114]  entry_SYSCALL_64_after_hwframe+0x63/0xcd
[   28.784498] RIP: 0033:0x7f8e3f59759d
[   28.784752] Code: 00 c3 66 2e 0f 1f 84 00 00 00 00 00 90 f3 0f 1e fa 48 89 f8 48 89 f7 48 89 d6 48 89 ca 4d 89 c2 4d 89 c8 4c 8b 4c 24 08 0f 05 <48> 3d 01 f0 ff ff 73 01 c3 48 8b 0d d3 08 0d 00 f7 d8 64 89 01 48
[   28.786027] RSP: 002b:00007ffc1cdf61c8 EFLAGS: 00000213 ORIG_RAX: 000000000000002e
[   28.786600] RAX: ffffffffffffffda RBX: 0000000000000000 RCX: 00007f8e3f59759d
[   28.787133] RDX: 0000000000000000 RSI: 0000000020001840 RDI: 0000000000000003
[   28.787670] RBP: 00007ffc1cdf61e0 R08: 00007ffc1cdf62c0 R09: 00007ffc1cdf62c0
[   28.788204] R10: 0000000000000000 R11: 0000000000000213 R12: 0000000000401040
[   28.788751] R13: 00007ffc1cdf62c0 R14: 0000000000000000 R15: 0000000000000000
[   28.789307]  </TASK>
[   28.789484] ---[ end trace 0000000000000000 ]---
[   28.792462] ------------[ cut here ]------------
[   28.792903] WARNING: CPU: 0 PID: 583 at net/core/lwtunnel.c:57 lwtunnel_valid_encap_type+0x167/0x1e0
[   28.793701] Modules linked in:
[   28.794019] CPU: 0 PID: 583 Comm: repro Tainted: G        W          6.1.0-rc3-30a0b95b1335 #1
[   28.794772] Hardware name: QEMU Standard PC (i440FX + PIIX, 1996), BIOS rel-1.14.0-0-g155821a1990b-prebuilt.qemu.org 04/01/2014
[   28.795732] RIP: 0010:lwtunnel_valid_encap_type+0x167/0x1e0
[   28.796168] Code: d0 e3 55 83 48 c7 c2 6a c8 55 83 4c 0f 45 f2 e9 68 ff ff ff 49 c7 c6 6a c8 55 83 66 83 fb 0a 0f 85 57 ff ff ff e8 d9 75 b7 fe <0f> 0b eb 8c 49 c7 c6 6a c8 55 83 66 83 fb 02 74 ea e9 3c ff ff ff
[   28.797512] RSP: 0018:ffffc90000f2f7e8 EFLAGS: 00010246
[   28.797978] RAX: 0000000000000000 RBX: 000000000000000a RCX: ffffffff826d71c8
[   28.798510] RDX: 0000000000000000 RSI: ffff888010a3b300 RDI: 0000000000000002
[   28.799031] RBP: ffffc90000f2f810 R08: 0000000000000000 R09: 0000000000000000
[   28.799552] R10: 0000000000000000 R11: 0000000000000000 R12: 000000000000000a
[   28.800079] R13: ffffc90000f2fb08 R14: ffffffff8355c86a R15: 0000000000000000
[   28.800602] FS:  00007f1a8cb11740(0000) GS:ffff88807dc00000(0000) knlGS:0000000000000000
[   28.801206] CS:  0010 DS: 0000 ES: 0000 CR0: 0000000080050033
[   28.801639] CR2: 0000000020000700 CR3: 0000000007c9c003 CR4: 0000000000770ef0
[   28.802194] PKRU: 55555554
[   28.802416] Call Trace:
[   28.802615]  <TASK>
[   28.802789]  rtm_to_fib6_config+0x4a8/0x680
[   28.803139]  inet6_rtm_delroute+0x4b/0x110
[   28.803470]  ? inet6_rtm_delroute+0x4b/0x110
[   28.803818]  ? ip6_route_multipath_del+0x280/0x280
[   28.804206]  rtnetlink_rcv_msg+0x22e/0x5f0
[   28.804542]  ? __sanitizer_cov_trace_pc+0x25/0x60
[   28.804939]  ? write_comp_data+0x2f/0x90
[   28.805256]  netlink_rcv_skb+0x8e/0x1e0
[   28.805565]  ? rtnl_calcit.isra.41+0x1c0/0x1c0
[   28.805939]  rtnetlink_rcv+0x25/0x30
[   28.806225]  netlink_unicast+0x2e6/0x410
[   28.806538]  ? write_comp_data+0x2f/0x90
[   28.806850]  netlink_sendmsg+0x372/0x700
[   28.807163]  ? netlink_unicast+0x410/0x410
[   28.807485]  sock_sendmsg+0xda/0xf0
[   28.807765]  ____sys_sendmsg+0x3a9/0x420
[   28.808076]  ? write_comp_data+0x2f/0x90
[   28.808387]  ___sys_sendmsg+0x9b/0xe0
[   28.808682]  ? lru_cache_add_inactive_or_unevictable+0x59/0xd0
[   28.809129]  ? __sanitizer_cov_trace_pc+0x25/0x60
[   28.809482]  ? write_comp_data+0x2f/0x90
[   28.809778]  ? __sanitizer_cov_trace_pc+0x25/0x60
[   28.810154]  ? __fget_light+0xb0/0x220
[   28.810443]  ? write_comp_data+0x2f/0x90
[   28.810743]  ? __sanitizer_cov_trace_pc+0x25/0x60
[   28.811097]  ? sockfd_lookup_light+0x7a/0xc0
[   28.811411]  __sys_sendmsg+0xa2/0x130
[   28.811692]  __x64_sys_sendmsg+0x2c/0x40
[   28.811985]  do_syscall_64+0x3b/0x90
[   28.812266]  entry_SYSCALL_64_after_hwframe+0x63/0xcd
[   28.812650] RIP: 0033:0x7f1a8cc3659d
[   28.812927] Code: 00 c3 66 2e 0f 1f 84 00 00 00 00 00 90 f3 0f 1e fa 48 89 f8 48 89 f7 48 89 d6 48 89 ca 4d 89 c2 4d 89 c8 4c 8b 4c 24 08 0f 05 <48> 3d 01 f0 ff ff 73 01 c3 48 8b 0d d3 08 0d 00 f7 d8 64 89 01 48
[   28.814270] RSP: 002b:00007ffcc3f25c88 EFLAGS: 00000213 ORIG_RAX: 000000000000002e
[   28.814810] RAX: ffffffffffffffda RBX: 0000000000000000 RCX: 00007f1a8cc3659d
[   28.815308] RDX: 0000000000000000 RSI: 0000000020001840 RDI: 0000000000000003
[   28.815782] RBP: 00007ffcc3f25ca0 R08: 00007ffcc3f25d80 R09: 00007ffcc3f25d80
[   28.816193] R10: 0000000000000000 R11: 0000000000000213 R12: 0000000000401040
[   28.816607] R13: 00007ffcc3f25d80 R14: 0000000000000000 R15: 0000000000000000
[   28.817028]  </TASK>
[   28.817166] ---[ end trace 0000000000000000 ]---
[   28.819838] ------------[ cut here ]------------
[   28.820219] WARNING: CPU: 0 PID: 584 at net/core/lwtunnel.c:57 lwtunnel_valid_encap_type+0x167/0x1e0
[   28.820937] Modules linked in:
[   28.821175] CPU: 0 PID: 584 Comm: repro Tainted: G        W          6.1.0-rc3-30a0b95b1335 #1
[   28.821845] Hardware name: QEMU Standard PC (i440FX + PIIX, 1996), BIOS rel-1.14.0-0-g155821a1990b-prebuilt.qemu.org 04/01/2014
[   28.822686] RIP: 0010:lwtunnel_valid_encap_type+0x167/0x1e0
[   28.823112] Code: d0 e3 55 83 48 c7 c2 6a c8 55 83 4c 0f 45 f2 e9 68 ff ff ff 49 c7 c6 6a c8 55 83 66 83 fb 0a 0f 85 57 ff ff ff e8 d9 75 b7 fe <0f> 0b eb 8c 49 c7 c6 6a c8 55 83 66 83 fb 02 74 ea e9 3c ff ff ff
[   28.824535] RSP: 0018:ffffc90000f2f7e8 EFLAGS: 00010246
[   28.824981] RAX: 0000000000000000 RBX: 000000000000000a RCX: ffffffff826d71c8
[   28.825581] RDX: 0000000000000000 RSI: ffff888010a39980 RDI: 0000000000000002
[   28.826188] RBP: ffffc90000f2f810 R08: 0000000000000000 R09: 0000000000000000
[   28.826782] R10: 0000000000000000 R11: 0000000000000000 R12: 000000000000000a
[   28.827353] R13: ffffc90000f2fb08 R14: ffffffff8355c86a R15: 0000000000000000
[   28.827845] FS:  00007f548010b740(0000) GS:ffff88807dc00000(0000) knlGS:0000000000000000
[   28.828417] CS:  0010 DS: 0000 ES: 0000 CR0: 0000000080050033
[   28.828841] CR2: 0000000020000700 CR3: 000000000b8f0005 CR4: 0000000000770ef0
[   28.829381] PKRU: 55555554
[   28.829595] Call Trace:
[   28.829787]  <TASK>
[   28.829979]  rtm_to_fib6_config+0x4a8/0x680
[   28.830312]  inet6_rtm_delroute+0x4b/0x110
[   28.830629]  ? inet6_rtm_delroute+0x4b/0x110
[   28.830966]  ? ip6_route_multipath_del+0x280/0x280
[   28.831337]  rtnetlink_rcv_msg+0x22e/0x5f0
[   28.831651]  ? __sanitizer_cov_trace_pc+0x25/0x60
[   28.832017]  ? write_comp_data+0x2f/0x90
[   28.832312]  netlink_rcv_skb+0x8e/0x1e0
[   28.832589]  ? rtnl_calcit.isra.41+0x1c0/0x1c0
[   28.832896]  rtnetlink_rcv+0x25/0x30
[   28.833116]  netlink_unicast+0x2e6/0x410
[   28.833347]  ? write_comp_data+0x2f/0x90
[   28.833577]  netlink_sendmsg+0x372/0x700
[   28.833826]  ? netlink_unicast+0x410/0x410
[   28.834082]  sock_sendmsg+0xda/0xf0
[   28.834308]  ____sys_sendmsg+0x3a9/0x420
[   28.834612]  ? write_comp_data+0x2f/0x90
[   28.834911]  ___sys_sendmsg+0x9b/0xe0
[   28.835200]  ? lru_cache_add_inactive_or_unevictable+0x59/0xd0
[   28.835638]  ? __sanitizer_cov_trace_pc+0x25/0x60
[   28.835996]  ? write_comp_data+0x2f/0x90
[   28.836303]  ? __sanitizer_cov_trace_pc+0x25/0x60
[   28.836662]  ? __fget_light+0xb0/0x220
[   28.836966]  ? write_comp_data+0x2f/0x90
[   28.837266]  ? __sanitizer_cov_trace_pc+0x25/0x60
[   28.837623]  ? sockfd_lookup_light+0x7a/0xc0
[   28.837980]  __sys_sendmsg+0xa2/0x130
[   28.838281]  __x64_sys_sendmsg+0x2c/0x40
[   28.838592]  do_syscall_64+0x3b/0x90
[   28.838881]  entry_SYSCALL_64_after_hwframe+0x63/0xcd
[   28.839273] RIP: 0033:0x7f548023059d
[   28.839541] Code: 00 c3 66 2e 0f 1f 84 00 00 00 00 00 90 f3 0f 1e fa 48 89 f8 48 89 f7 48 89 d6 48 89 ca 4d 89 c2 4d 89 c8 4c 8b 4c 24 08 0f 05 <48> 3d 01 f0 ff ff 73 01 c3 48 8b 0d d3 08 0d 00 f7 d8 64 89 01 48
[   28.840828] RSP: 002b:00007ffd1bd2c1b8 EFLAGS: 00000213 ORIG_RAX: 000000000000002e
[   28.841383] RAX: ffffffffffffffda RBX: 0000000000000000 RCX: 00007f548023059d
[   28.841857] RDX: 0000000000000000 RSI: 0000000020001840 RDI: 0000000000000003
[   28.842297] RBP: 00007ffd1bd2c1d0 R08: 00007ffd1bd2c2b0 R09: 00007ffd1bd2c2b0
[   28.842783] R10: 0000000000000000 R11: 0000000000000213 R12: 0000000000401040
[   28.843196] R13: 00007ffd1bd2c2b0 R14: 0000000000000000 R15: 0000000000000000
[   28.843613]  </TASK>
[   28.843775] ---[ end trace 0000000000000000 ]---
[   28.846195] ------------[ cut here ]------------
[   28.846532] WARNING: CPU: 0 PID: 585 at net/core/lwtunnel.c:57 lwtunnel_valid_encap_type+0x167/0x1e0
[   28.847167] Modules linked in:
[   28.847388] CPU: 0 PID: 585 Comm: repro Tainted: G        W          6.1.0-rc3-30a0b95b1335 #1
[   28.847948] Hardware name: QEMU Standard PC (i440FX + PIIX, 1996), BIOS rel-1.14.0-0-g155821a1990b-prebuilt.qemu.org 04/01/2014
[   28.848591] RIP: 0010:lwtunnel_valid_encap_type+0x167/0x1e0
[   28.848925] Code: d0 e3 55 83 48 c7 c2 6a c8 55 83 4c 0f 45 f2 e9 68 ff ff ff 49 c7 c6 6a c8 55 83 66 83 fb 0a 0f 85 57 ff ff ff e8 d9 75 b7 fe <0f> 0b eb 8c 49 c7 c6 6a c8 55 83 66 83 fb 02 74 ea e9 3c ff ff ff
[   28.850184] RSP: 0018:ffffc90000f2f7e8 EFLAGS: 00010246
[   28.850582] RAX: 0000000000000000 RBX: 000000000000000a RCX: ffffffff826d71c8
[   28.851088] RDX: 0000000000000000 RSI: ffff888010a3e600 RDI: 0000000000000002
[   28.851548] RBP: ffffc90000f2f810 R08: 0000000000000000 R09: 0000000000000000
[   28.851934] R10: 0000000000000000 R11: 0000000000000000 R12: 000000000000000a
[   28.852323] R13: ffffc90000f2fb08 R14: ffffffff8355c86a R15: 0000000000000000
[   28.852719] FS:  00007f7200e1b740(0000) GS:ffff88807dc00000(0000) knlGS:0000000000000000
[   28.853172] CS:  0010 DS: 0000 ES: 0000 CR0: 0000000080050033
[   28.853482] CR2: 0000000020000700 CR3: 0000000007c9c002 CR4: 0000000000770ef0
[   28.853881] PKRU: 55555554
[   28.854036] Call Trace:
[   28.854173]  <TASK>
[   28.854294]  rtm_to_fib6_config+0x4a8/0x680
[   28.854539]  inet6_rtm_delroute+0x4b/0x110
[   28.854772]  ? inet6_rtm_delroute+0x4b/0x110
[   28.855017]  ? ip6_route_multipath_del+0x280/0x280
[   28.855290]  rtnetlink_rcv_msg+0x22e/0x5f0
[   28.855529]  ? __sanitizer_cov_trace_pc+0x25/0x60
[   28.855796]  ? write_comp_data+0x2f/0x90
[   28.856023]  netlink_rcv_skb+0x8e/0x1e0
[   28.856269]  ? rtnl_calcit.isra.41+0x1c0/0x1c0
[   28.856609]  rtnetlink_rcv+0x25/0x30
[   28.856887]  netlink_unicast+0x2e6/0x410
[   28.857184]  ? write_comp_data+0x2f/0x90
[   28.857468]  netlink_sendmsg+0x372/0x700
[   28.857755]  ? netlink_unicast+0x410/0x410
[   28.858069]  sock_sendmsg+0xda/0xf0
[   28.858326]  ____sys_sendmsg+0x3a9/0x420
[   28.858617]  ? write_comp_data+0x2f/0x90
[   28.858938]  ___sys_sendmsg+0x9b/0xe0
[   28.859235]  ? lru_cache_add_inactive_or_unevictable+0x59/0xd0
[   28.859690]  ? __sanitizer_cov_trace_pc+0x25/0x60
[   28.860057]  ? write_comp_data+0x2f/0x90
[   28.860370]  ? __sanitizer_cov_trace_pc+0x25/0x60
[   28.860754]  ? __fget_light+0xb0/0x220
[   28.861069]  ? write_comp_data+0x2f/0x90
[   28.861391]  ? __sanitizer_cov_trace_pc+0x25/0x60
[   28.861734]  ? sockfd_lookup_light+0x7a/0xc0
[   28.862081]  __sys_sendmsg+0xa2/0x130
[   28.862386]  __x64_sys_sendmsg+0x2c/0x40
[   28.862691]  do_syscall_64+0x3b/0x90
[   28.862979]  entry_SYSCALL_64_after_hwframe+0x63/0xcd
[   28.863366] RIP: 0033:0x7f7200f4059d
[   28.863633] Code: 00 c3 66 2e 0f 1f 84 00 00 00 00 00 90 f3 0f 1e fa 48 89 f8 48 89 f7 48 89 d6 48 89 ca 4d 89 c2 4d 89 c8 4c 8b 4c 24 08 0f 05 <48> 3d 01 f0 ff ff 73 01 c3 48 8b 0d d3 08 0d 00 f7 d8 64 89 01 48
[   28.864910] RSP: 002b:00007ffebf999d78 EFLAGS: 00000213 ORIG_RAX: 000000000000002e
[   28.865469] RAX: ffffffffffffffda RBX: 0000000000000000 RCX: 00007f7200f4059d
[   28.865937] RDX: 0000000000000000 RSI: 0000000020001840 RDI: 0000000000000003
[   28.866376] RBP: 00007ffebf999d90 R08: 00007ffebf999e70 R09: 00007ffebf999e70
[   28.866782] R10: 0000000000000000 R11: 0000000000000213 R12: 0000000000401040
[   28.867171] R13: 00007ffebf999e70 R14: 0000000000000000 R15: 0000000000000000
[   28.867633]  </TASK>
[   28.867800] ---[ end trace 0000000000000000 ]---
[   28.870914] ------------[ cut here ]------------
[   28.871262] WARNING: CPU: 0 PID: 586 at net/core/lwtunnel.c:57 lwtunnel_valid_encap_type+0x167/0x1e0
[   28.871927] Modules linked in:
[   28.872152] CPU: 0 PID: 586 Comm: repro Tainted: G        W          6.1.0-rc3-30a0b95b1335 #1
[   28.872746] Hardware name: QEMU Standard PC (i440FX + PIIX, 1996), BIOS rel-1.14.0-0-g155821a1990b-prebuilt.qemu.org 04/01/2014
[   28.873586] RIP: 0010:lwtunnel_valid_encap_type+0x167/0x1e0
[   28.874104] Code: d0 e3 55 83 48 c7 c2 6a c8 55 83 4c 0f 45 f2 e9 68 ff ff ff 49 c7 c6 6a c8 55 83 66 83 fb 0a 0f 85 57 ff ff ff e8 d9 75 b7 fe <0f> 0b eb 8c 49 c7 c6 6a c8 55 83 66 83 fb 02 74 ea e9 3c ff ff ff
[   28.875390] RSP: 0018:ffffc90000f2f7e8 EFLAGS: 00010246
[   28.875775] RAX: 0000000000000000 RBX: 000000000000000a RCX: ffffffff826d71c8
[   28.876300] RDX: 0000000000000000 RSI: ffff888010a3cc80 RDI: 0000000000000002
[   28.876833] RBP: ffffc90000f2f810 R08: 0000000000000000 R09: 0000000000000000
[   28.877357] R10: 0000000000000000 R11: 0000000000000000 R12: 000000000000000a
[   28.877915] R13: ffffc90000f2fb08 R14: ffffffff8355c86a R15: 0000000000000000
[   28.878444] FS:  00007fef9a6c5740(0000) GS:ffff88807dc00000(0000) knlGS:0000000000000000
[   28.879020] CS:  0010 DS: 0000 ES: 0000 CR0: 0000000080050033
[   28.879423] CR2: 0000000020000700 CR3: 000000000b8f0005 CR4: 0000000000770ef0
[   28.879930] PKRU: 55555554
[   28.880118] Call Trace:
[   28.880290]  <TASK>
[   28.880438]  rtm_to_fib6_config+0x4a8/0x680
[   28.880762]  inet6_rtm_delroute+0x4b/0x110
[   28.881090]  ? inet6_rtm_delroute+0x4b/0x110
[   28.881426]  ? ip6_route_multipath_del+0x280/0x280
[   28.881778]  rtnetlink_rcv_msg+0x22e/0x5f0
[   28.882118]  ? __sanitizer_cov_trace_pc+0x25/0x60
[   28.882468]  ? write_comp_data+0x2f/0x90
[   28.882771]  netlink_rcv_skb+0x8e/0x1e0
[   28.883063]  ? rtnl_calcit.isra.41+0x1c0/0x1c0
[   28.883397]  rtnetlink_rcv+0x25/0x30
[   28.883663]  netlink_unicast+0x2e6/0x410
[   28.883949]  ? write_comp_data+0x2f/0x90
[   28.884231]  netlink_sendmsg+0x372/0x700
[   28.884534]  ? netlink_unicast+0x410/0x410
[   28.884848]  sock_sendmsg+0xda/0xf0
[   28.885127]  ____sys_sendmsg+0x3a9/0x420
[   28.885427]  ? write_comp_data+0x2f/0x90
[   28.885727]  ___sys_sendmsg+0x9b/0xe0
[   28.886014]  ? lru_cache_add_inactive_or_unevictable+0x59/0xd0
[   28.886443]  ? __sanitizer_cov_trace_pc+0x25/0x60
[   28.886810]  ? write_comp_data+0x2f/0x90
[   28.887129]  ? __sanitizer_cov_trace_pc+0x25/0x60
[   28.887516]  ? __fget_light+0xb0/0x220
[   28.887810]  ? write_comp_data+0x2f/0x90
[   28.888113]  ? __sanitizer_cov_trace_pc+0x25/0x60
[   28.888470]  ? sockfd_lookup_light+0x7a/0xc0
[   28.888812]  __sys_sendmsg+0xa2/0x130
[   28.889133]  __x64_sys_sendmsg+0x2c/0x40
[   28.889442]  do_syscall_64+0x3b/0x90
[   28.889729]  entry_SYSCALL_64_after_hwframe+0x63/0xcd
[   28.890147] RIP: 0033:0x7fef9a7ea59d
[   28.890424] Code: 00 c3 66 2e 0f 1f 84 00 00 00 00 00 90 f3 0f 1e fa 48 89 f8 48 89 f7 48 89 d6 48 89 ca 4d 89 c2 4d 89 c8 4c 8b 4c 24 08 0f 05 <48> 3d 01 f0 ff ff 73 01 c3 48 8b 0d d3 08 0d 00 f7 d8 64 89 01 48
[   28.891773] RSP: 002b:00007ffe7b11b0d8 EFLAGS: 00000213 ORIG_RAX: 000000000000002e
[   28.892318] RAX: ffffffffffffffda RBX: 0000000000000000 RCX: 00007fef9a7ea59d
[   28.892801] RDX: 0000000000000000 RSI: 0000000020001840 RDI: 0000000000000003
[   28.893317] RBP: 00007ffe7b11b0f0 R08: 00007ffe7b11b1d0 R09: 00007ffe7b11b1d0
[   28.893880] R10: 0000000000000000 R11: 0000000000000213 R12: 0000000000401040
[   28.894427] R13: 00007ffe7b11b1d0 R14: 0000000000000000 R15: 0000000000000000
[   28.894944]  </TASK>
[   28.895109] ---[ end trace 0000000000000000 ]---
[   28.897682] ------------[ cut here ]------------
[   28.898068] WARNING: CPU: 0 PID: 587 at net/core/lwtunnel.c:57 lwtunnel_valid_encap_type+0x167/0x1e0
[   28.898758] Modules linked in:
[   28.898991] CPU: 0 PID: 587 Comm: repro Tainted: G        W          6.1.0-rc3-30a0b95b1335 #1
[   28.899609] Hardware name: QEMU Standard PC (i440FX + PIIX, 1996), BIOS rel-1.14.0-0-g155821a1990b-prebuilt.qemu.org 04/01/2014
[   28.900408] RIP: 0010:lwtunnel_valid_encap_type+0x167/0x1e0
[   28.900818] Code: d0 e3 55 83 48 c7 c2 6a c8 55 83 4c 0f 45 f2 e9 68 ff ff ff 49 c7 c6 6a c8 55 83 66 83 fb 0a 0f 85 57 ff ff ff e8 d9 75 b7 fe <0f> 0b eb 8c 49 c7 c6 6a c8 55 83 66 83 fb 02 74 ea e9 3c ff ff ff
[   28.902184] RSP: 0018:ffffc90000f2f7e8 EFLAGS: 00010246
[   28.902579] RAX: 0000000000000000 RBX: 000000000000000a RCX: ffffffff826d71c8
[   28.903122] RDX: 0000000000000000 RSI: ffff888010a39980 RDI: 0000000000000002
[   28.903666] RBP: ffffc90000f2f810 R08: 0000000000000000 R09: 0000000000000000
[   28.904196] R10: 0000000000000000 R11: 0000000000000000 R12: 000000000000000a
[   28.904725] R13: ffffc90000f2fb08 R14: ffffffff8355c86a R15: 0000000000000000
[   28.905263] FS:  00007ff7619e0740(0000) GS:ffff88807dc00000(0000) knlGS:0000000000000000
[   28.905852] CS:  0010 DS: 0000 ES: 0000 CR0: 0000000080050033
[   28.906276] CR2: 0000000020000700 CR3: 0000000007c9c001 CR4: 0000000000770ef0
[   28.906805] PKRU: 55555554
[   28.907032] Call Trace:
[   28.907227]  <TASK>
[   28.907411]  rtm_to_fib6_config+0x4a8/0x680
[   28.907775]  inet6_rtm_delroute+0x4b/0x110
[   28.908118]  ? inet6_rtm_delroute+0x4b/0x110
[   28.908475]  ? ip6_route_multipath_del+0x280/0x280
[   28.908907]  rtnetlink_rcv_msg+0x22e/0x5f0
[   28.909254]  ? __sanitizer_cov_trace_pc+0x25/0x60
[   28.909629]  ? write_comp_data+0x2f/0x90
[   28.909960]  netlink_rcv_skb+0x8e/0x1e0
[   28.910284]  ? rtnl_calcit.isra.41+0x1c0/0x1c0
[   28.910668]  rtnetlink_rcv+0x25/0x30
[   28.910974]  netlink_unicast+0x2e6/0x410
[   28.911326]  ? write_comp_data+0x2f/0x90
[   28.911679]  netlink_sendmsg+0x372/0x700
[   28.912027]  ? netlink_unicast+0x410/0x410
[   28.912393]  sock_sendmsg+0xda/0xf0
[   28.912712]  ____sys_sendmsg+0x3a9/0x420
[   28.913080]  ? write_comp_data+0x2f/0x90
[   28.913424]  ___sys_sendmsg+0x9b/0xe0
[   28.913732]  ? lru_cache_add_inactive_or_unevictable+0x59/0xd0
[   28.914230]  ? __sanitizer_cov_trace_pc+0x25/0x60
[   28.914628]  ? write_comp_data+0x2f/0x90
[   28.914965]  ? __sanitizer_cov_trace_pc+0x25/0x60
[   28.915353]  ? __fget_light+0xb0/0x220
[   28.915665]  ? write_comp_data+0x2f/0x90
[   28.915992]  ? __sanitizer_cov_trace_pc+0x25/0x60
[   28.916378]  ? sockfd_lookup_light+0x7a/0xc0
[   28.916736]  __sys_sendmsg+0xa2/0x130
[   28.917067]  __x64_sys_sendmsg+0x2c/0x40
[   28.917412]  do_syscall_64+0x3b/0x90
[   28.917727]  entry_SYSCALL_64_after_hwframe+0x63/0xcd
[   28.918177] RIP: 0033:0x7ff761b0559d
[   28.918487] Code: 00 c3 66 2e 0f 1f 84 00 00 00 00 00 90 f3 0f 1e fa 48 89 f8 48 89 f7 48 89 d6 48 89 ca 4d 89 c2 4d 89 c8 4c 8b 4c 24 08 0f 05 <48> 3d 01 f0 ff ff 73 01 c3 48 8b 0d d3 08 0d 00 f7 d8 64 89 01 48
[   28.919810] RSP: 002b:00007fffa33b3208 EFLAGS: 00000213 ORIG_RAX: 000000000000002e
[   28.920343] RAX: ffffffffffffffda RBX: 0000000000000000 RCX: 00007ff761b0559d
[   28.920836] RDX: 0000000000000000 RSI: 0000000020001840 RDI: 0000000000000003
[   28.921342] RBP: 00007fffa33b3220 R08: 00007fffa33b3300 R09: 00007fffa33b3300
[   28.921847] R10: 0000000000000000 R11: 0000000000000213 R12: 0000000000401040
[   28.922349] R13: 00007fffa33b3300 R14: 0000000000000000 R15: 0000000000000000
[   28.922849]  </TASK>
[   28.923019] ---[ end trace 0000000000000000 ]---
[   28.926190] ------------[ cut here ]------------
[   28.926549] WARNING: CPU: 0 PID: 588 at net/core/lwtunnel.c:57 lwtunnel_valid_encap_type+0x167/0x1e0
[   28.927254] Modules linked in:
[   28.927486] CPU: 0 PID: 588 Comm: repro Tainted: G        W          6.1.0-rc3-30a0b95b1335 #1
[   28.928113] Hardware name: QEMU Standard PC (i440FX + PIIX, 1996), BIOS rel-1.14.0-0-g155821a1990b-prebuilt.qemu.org 04/01/2014
[   28.928962] RIP: 0010:lwtunnel_valid_encap_type+0x167/0x1e0
[   28.929373] Code: d0 e3 55 83 48 c7 c2 6a c8 55 83 4c 0f 45 f2 e9 68 ff ff ff 49 c7 c6 6a c8 55 83 66 83 fb 0a 0f 85 57 ff ff ff e8 d9 75 b7 fe <0f> 0b eb 8c 49 c7 c6 6a c8 55 83 66 83 fb 02 74 ea e9 3c ff ff ff
[   28.930793] RSP: 0018:ffffc90000f2f7e8 EFLAGS: 00010246
[   28.931202] RAX: 0000000000000000 RBX: 000000000000000a RCX: ffffffff826d71c8
[   28.931742] RDX: 0000000000000000 RSI: ffff888010a3e600 RDI: 0000000000000002
[   28.932288] RBP: ffffc90000f2f810 R08: 0000000000000000 R09: 0000000000000000
[   28.932834] R10: 0000000000000000 R11: 0000000000000000 R12: 000000000000000a
[   28.933355] R13: ffffc90000f2fb08 R14: ffffffff8355c86a R15: 0000000000000000
[   28.933861] FS:  00007fa13c62b740(0000) GS:ffff88807dc00000(0000) knlGS:0000000000000000
[   28.934431] CS:  0010 DS: 0000 ES: 0000 CR0: 0000000080050033
[   28.934838] CR2: 0000000020000700 CR3: 000000000b8f0004 CR4: 0000000000770ef0
[   28.935353] PKRU: 55555554
[   28.935554] Call Trace:
[   28.935743]  <TASK>
[   28.935910]  rtm_to_fib6_config+0x4a8/0x680
[   28.936232]  inet6_rtm_delroute+0x4b/0x110
[   28.936564]  ? inet6_rtm_delroute+0x4b/0x110
[   28.936927]  ? ip6_route_multipath_del+0x280/0x280
[   28.937285]  rtnetlink_rcv_msg+0x22e/0x5f0
[   28.937597]  ? __sanitizer_cov_trace_pc+0x25/0x60
[   28.937947]  ? write_comp_data+0x2f/0x90
[   28.938228]  netlink_rcv_skb+0x8e/0x1e0
[   28.938523]  ? rtnl_calcit.isra.41+0x1c0/0x1c0
[   28.938860]  rtnetlink_rcv+0x25/0x30
[   28.939142]  netlink_unicast+0x2e6/0x410
[   28.939435]  ? write_comp_data+0x2f/0x90
[   28.939738]  netlink_sendmsg+0x372/0x700
[   28.940039]  ? netlink_unicast+0x410/0x410
[   28.940343]  sock_sendmsg+0xda/0xf0
[   28.940604]  ____sys_sendmsg+0x3a9/0x420
[   28.940910]  ? write_comp_data+0x2f/0x90
[   28.941195]  ___sys_sendmsg+0x9b/0xe0
[   28.941454]  ? lru_cache_add_inactive_or_unevictable+0x59/0xd0
[   28.941854]  ? __sanitizer_cov_trace_pc+0x25/0x60
[   28.942183]  ? write_comp_data+0x2f/0x90
[   28.942464]  ? __sanitizer_cov_trace_pc+0x25/0x60
[   28.942803]  ? __fget_light+0xb0/0x220
[   28.943080]  ? write_comp_data+0x2f/0x90
[   28.943327]  ? __sanitizer_cov_trace_pc+0x25/0x60
[   28.943600]  ? sockfd_lookup_light+0x7a/0xc0
[   28.943846]  __sys_sendmsg+0xa2/0x130
[   28.944092]  __x64_sys_sendmsg+0x2c/0x40
[   28.944376]  do_syscall_64+0x3b/0x90
[   28.944646]  entry_SYSCALL_64_after_hwframe+0x63/0xcd
[   28.945026] RIP: 0033:0x7fa13c75059d
[   28.945300] Code: 00 c3 66 2e 0f 1f 84 00 00 00 00 00 90 f3 0f 1e fa 48 89 f8 48 89 f7 48 89 d6 48 89 ca 4d 89 c2 4d 89 c8 4c 8b 4c 24 08 0f 05 <48> 3d 01 f0 ff ff 73 01 c3 48 8b 0d d3 08 0d 00 f7 d8 64 89 01 48
[   28.946599] RSP: 002b:00007ffc2f8bb528 EFLAGS: 00000213 ORIG_RAX: 000000000000002e
[   28.947154] RAX: ffffffffffffffda RBX: 0000000000000000 RCX: 00007fa13c75059d
[   28.947656] RDX: 0000000000000000 RSI: 0000000020001840 RDI: 0000000000000003
[   28.948159] RBP: 00007ffc2f8bb540 R08: 00007ffc2f8bb620 R09: 00007ffc2f8bb620
[   28.948703] R10: 0000000000000000 R11: 0000000000000213 R12: 0000000000401040
[   28.949693] R13: 00007ffc2f8bb620 R14: 0000000000000000 R15: 0000000000000000
[   28.950340]  </TASK>
[   28.950510] ---[ end trace 0000000000000000 ]---
[   28.953457] ------------[ cut here ]------------
[   28.953787] WARNING: CPU: 0 PID: 589 at net/core/lwtunnel.c:57 lwtunnel_valid_encap_type+0x167/0x1e0
[   28.954551] Modules linked in:
[   28.954787] CPU: 0 PID: 589 Comm: repro Tainted: G        W          6.1.0-rc3-30a0b95b1335 #1
[   28.955459] Hardware name: QEMU Standard PC (i440FX + PIIX, 1996), BIOS rel-1.14.0-0-g155821a1990b-prebuilt.qemu.org 04/01/2014
[   28.956301] RIP: 0010:lwtunnel_valid_encap_type+0x167/0x1e0
[   28.956761] Code: d0 e3 55 83 48 c7 c2 6a c8 55 83 4c 0f 45 f2 e9 68 ff ff ff 49 c7 c6 6a c8 55 83 66 83 fb 0a 0f 85 57 ff ff ff e8 d9 75 b7 fe <0f> 0b eb 8c 49 c7 c6 6a c8 55 83 66 83 fb 02 74 ea e9 3c ff ff ff
[   28.958113] RSP: 0018:ffffc90000f2f7e8 EFLAGS: 00010246
[   28.958477] RAX: 0000000000000000 RBX: 000000000000000a RCX: ffffffff826d71c8
[   28.958961] RDX: 0000000000000000 RSI: ffff888010a3cc80 RDI: 0000000000000002
[   28.959473] RBP: ffffc90000f2f810 R08: 0000000000000000 R09: 0000000000000000
[   28.959922] R10: 0000000000000000 R11: 0000000000000000 R12: 000000000000000a
[   28.960354] R13: ffffc90000f2fb08 R14: ffffffff8355c86a R15: 0000000000000000
[   28.960796] FS:  00007fc4da4a7740(0000) GS:ffff88807dc00000(0000) knlGS:0000000000000000
[   28.961309] CS:  0010 DS: 0000 ES: 0000 CR0: 0000000080050033
[   28.961617] CR2: 0000000020000700 CR3: 0000000007c9c001 CR4: 0000000000770ef0
[   28.962069] PKRU: 55555554
[   28.962220] Call Trace:
[   28.962357]  <TASK>
[   28.962479]  rtm_to_fib6_config+0x4a8/0x680
[   28.962722]  inet6_rtm_delroute+0x4b/0x110
[   28.962960]  ? inet6_rtm_delroute+0x4b/0x110
[   28.963228]  ? ip6_route_multipath_del+0x280/0x280
[   28.963558]  rtnetlink_rcv_msg+0x22e/0x5f0
[   28.963799]  ? __sanitizer_cov_trace_pc+0x25/0x60
[   28.964111]  ? write_comp_data+0x2f/0x90
[   28.964377]  netlink_rcv_skb+0x8e/0x1e0
[   28.964600]  ? rtnl_calcit.isra.41+0x1c0/0x1c0
[   28.964958]  rtnetlink_rcv+0x25/0x30
[   28.965274]  netlink_unicast+0x2e6/0x410
[   28.965575]  ? write_comp_data+0x2f/0x90
[   28.965905]  netlink_sendmsg+0x372/0x700
[   28.966248]  ? netlink_unicast+0x410/0x410
[   28.966566]  sock_sendmsg+0xda/0xf0
[   28.966838]  ____sys_sendmsg+0x3a9/0x420
[   28.967146]  ? write_comp_data+0x2f/0x90
[   28.967443]  ___sys_sendmsg+0x9b/0xe0
[   28.967725]  ? lru_cache_add_inactive_or_unevictable+0x59/0xd0
[   28.968258]  ? __sanitizer_cov_trace_pc+0x25/0x60
[   28.968615]  ? write_comp_data+0x2f/0x90
[   28.968932]  ? __sanitizer_cov_trace_pc+0x25/0x60
[   28.969371]  ? __fget_light+0xb0/0x220
[   28.969645]  ? write_comp_data+0x2f/0x90
[   28.969975]  ? __sanitizer_cov_trace_pc+0x25/0x60
[   28.970400]  ? sockfd_lookup_light+0x7a/0xc0
[   28.970731]  __sys_sendmsg+0xa2/0x130
[   28.971021]  __x64_sys_sendmsg+0x2c/0x40
[   28.971325]  do_syscall_64+0x3b/0x90
[   28.971613]  entry_SYSCALL_64_after_hwframe+0x63/0xcd
[   28.972099] RIP: 0033:0x7fc4da5cc59d
[   28.972370] Code: 00 c3 66 2e 0f 1f 84 00 00 00 00 00 90 f3 0f 1e fa 48 89 f8 48 89 f7 48 89 d6 48 89 ca 4d 89 c2 4d 89 c8 4c 8b 4c 24 08 0f 05 <48> 3d 01 f0 ff ff 73 01 c3 48 8b 0d d3 08 0d 00 f7 d8 64 89 01 48
[   28.973753] RSP: 002b:00007ffdb40eab88 EFLAGS: 00000213 ORIG_RAX: 000000000000002e
[   28.974361] RAX: ffffffffffffffda RBX: 0000000000000000 RCX: 00007fc4da5cc59d
[   28.974821] RDX: 0000000000000000 RSI: 0000000020001840 RDI: 0000000000000003
[   28.975236] RBP: 00007ffdb40eaba0 R08: 00007ffdb40eac80 R09: 00007ffdb40eac80
[   28.975740] R10: 0000000000000000 R11: 0000000000000213 R12: 0000000000401040
[   28.976235] R13: 00007ffdb40eac80 R14: 0000000000000000 R15: 0000000000000000
[   28.976826]  </TASK>
[   28.977005] ---[ end trace 0000000000000000 ]---
[   28.980382] ------------[ cut here ]------------
[   28.980767] WARNING: CPU: 0 PID: 590 at net/core/lwtunnel.c:57 lwtunnel_valid_encap_type+0x167/0x1e0
[   28.981571] Modules linked in:
[   28.981829] CPU: 0 PID: 590 Comm: repro Tainted: G        W          6.1.0-rc3-30a0b95b1335 #1
[   28.982490] Hardware name: QEMU Standard PC (i440FX + PIIX, 1996), BIOS rel-1.14.0-0-g155821a1990b-prebuilt.qemu.org 04/01/2014
[   28.983340] RIP: 0010:lwtunnel_valid_encap_type+0x167/0x1e0
[   28.983855] Code: d0 e3 55 83 48 c7 c2 6a c8 55 83 4c 0f 45 f2 e9 68 ff ff ff 49 c7 c6 6a c8 55 83 66 83 fb 0a 0f 85 57 ff ff ff e8 d9 75 b7 fe <0f> 0b eb 8c 49 c7 c6 6a c8 55 83 66 83 fb 02 74 ea e9 3c ff ff ff
[   28.985286] RSP: 0018:ffffc90000f2f7e8 EFLAGS: 00010246
[   28.985712] RAX: 0000000000000000 RBX: 000000000000000a RCX: ffffffff826d71c8
[   28.986289] RDX: 0000000000000000 RSI: ffff888010a3e600 RDI: 0000000000000002
[   28.986812] RBP: ffffc90000f2f810 R08: 0000000000000000 R09: 0000000000000000
[   28.987438] R10: 0000000000000000 R11: 0000000000000000 R12: 000000000000000a
[   28.987989] R13: ffffc90000f2fb08 R14: ffffffff8355c86a R15: 0000000000000000
[   28.988648] FS:  00007f6daaa0d740(0000) GS:ffff88807dc00000(0000) knlGS:0000000000000000
[   28.989339] CS:  0010 DS: 0000 ES: 0000 CR0: 0000000080050033
[   28.989866] CR2: 0000000020000700 CR3: 000000000b8f0004 CR4: 0000000000770ef0
[   28.990419] PKRU: 55555554
[   28.990644] Call Trace:
[   28.990877]  <TASK>
[   28.991134]  rtm_to_fib6_config+0x4a8/0x680
[   28.991500]  inet6_rtm_delroute+0x4b/0x110
[   28.991867]  ? inet6_rtm_delroute+0x4b/0x110
[   28.992343]  ? ip6_route_multipath_del+0x280/0x280
[   28.992751]  rtnetlink_rcv_msg+0x22e/0x5f0
[   28.993186]  ? __sanitizer_cov_trace_pc+0x25/0x60
[   28.993660]  ? write_comp_data+0x2f/0x90
[   28.994024]  netlink_rcv_skb+0x8e/0x1e0
[   28.994508]  ? rtnl_calcit.isra.41+0x1c0/0x1c0
[   28.994910]  rtnetlink_rcv+0x25/0x30
[   28.995236]  netlink_unicast+0x2e6/0x410
[   28.995594]  ? write_comp_data+0x2f/0x90
[   28.995951]  netlink_sendmsg+0x372/0x700
[   28.996323]  ? netlink_unicast+0x410/0x410
[   28.996809]  sock_sendmsg+0xda/0xf0
[   28.997127]  ____sys_sendmsg+0x3a9/0x420
[   28.997450]  ? write_comp_data+0x2f/0x90
[   28.997832]  ___sys_sendmsg+0x9b/0xe0
[   28.998122]  ? lru_cache_add_inactive_or_unevictable+0x59/0xd0
[   28.998563]  ? __sanitizer_cov_trace_pc+0x25/0x60
[   28.998921]  ? write_comp_data+0x2f/0x90
[   28.999261]  ? __sanitizer_cov_trace_pc+0x25/0x60
[   28.999647]  ? __fget_light+0xb0/0x220
[   28.999933]  ? write_comp_data+0x2f/0x90
[   29.000278]  ? __sanitizer_cov_trace_pc+0x25/0x60
[   29.000697]  ? sockfd_lookup_light+0x7a/0xc0
[   29.001045]  __sys_sendmsg+0xa2/0x130
[   29.001380]  __x64_sys_sendmsg+0x2c/0x40
[   29.001730]  do_syscall_64+0x3b/0x90
[   29.002029]  entry_SYSCALL_64_after_hwframe+0x63/0xcd
[   29.002414] RIP: 0033:0x7f6daab3259d
[   29.002683] Code: 00 c3 66 2e 0f 1f 84 00 00 00 00 00 90 f3 0f 1e fa 48 89 f8 48 89 f7 48 89 d6 48 89 ca 4d 89 c2 4d 89 c8 4c 8b 4c 24 08 0f 05 <48> 3d 01 f0 ff ff 73 01 c3 48 8b 0d d3 08 0d 00 f7 d8 64 89 01 48
[   29.004031] RSP: 002b:00007ffc45c5ad48 EFLAGS: 00000213 ORIG_RAX: 000000000000002e
[   29.004661] RAX: ffffffffffffffda RBX: 0000000000000000 RCX: 00007f6daab3259d
[   29.005198] RDX: 0000000000000000 RSI: 0000000020001840 RDI: 0000000000000003
[   29.005753] RBP: 00007ffc45c5ad60 R08: 00007ffc45c5ae40 R09: 00007ffc45c5ae40
[   29.006240] R10: 0000000000000000 R11: 0000000000000213 R12: 0000000000401040
[   29.006695] R13: 00007ffc45c5ae40 R14: 0000000000000000 R15: 0000000000000000
[   29.007183]  </TASK>
[   29.007365] ---[ end trace 0000000000000000 ]---
[   29.010055] ------------[ cut here ]------------
[   29.010434] WARNING: CPU: 0 PID: 591 at net/core/lwtunnel.c:57 lwtunnel_valid_encap_type+0x167/0x1e0
[   29.011244] Modules linked in:
[   29.011488] CPU: 0 PID: 591 Comm: repro Tainted: G        W          6.1.0-rc3-30a0b95b1335 #1
[   29.012201] Hardware name: QEMU Standard PC (i440FX + PIIX, 1996), BIOS rel-1.14.0-0-g155821a1990b-prebuilt.qemu.org 04/01/2014
[   29.013144] RIP: 0010:lwtunnel_valid_encap_type+0x167/0x1e0
[   29.013658] Code: d0 e3 55 83 48 c7 c2 6a c8 55 83 4c 0f 45 f2 e9 68 ff ff ff 49 c7 c6 6a c8 55 83 66 83 fb 0a 0f 85 57 ff ff ff e8 d9 75 b7 fe <0f> 0b eb 8c 49 c7 c6 6a c8 55 83 66 83 fb 02 74 ea e9 3c ff ff ff
[   29.015259] RSP: 0018:ffffc90000f2f7e8 EFLAGS: 00010246
[   29.015768] RAX: 0000000000000000 RBX: 000000000000000a RCX: ffffffff826d71c8
[   29.016320] RDX: 0000000000000000 RSI: ffff888010a39980 RDI: 0000000000000002
[   29.016887] RBP: ffffc90000f2f810 R08: 0000000000000000 R09: 0000000000000000
[   29.017574] R10: 0000000000000000 R11: 0000000000000000 R12: 000000000000000a
[   29.018181] R13: ffffc90000f2fb08 R14: ffffffff8355c86a R15: 0000000000000000
[   29.018854] FS:  00007f27132f5740(0000) GS:ffff88807dc00000(0000) knlGS:0000000000000000
[   29.019544] CS:  0010 DS: 0000 ES: 0000 CR0: 0000000080050033
[   29.020206] CR2: 0000000020000700 CR3: 0000000007c9c001 CR4: 0000000000770ef0
[   29.020829] PKRU: 55555554
[   29.021155] Call Trace:
[   29.021434]  <TASK>
[   29.021640]  rtm_to_fib6_config+0x4a8/0x680
[   29.022060]  inet6_rtm_delroute+0x4b/0x110
[   29.022443]  ? inet6_rtm_delroute+0x4b/0x110
[   29.022835]  ? ip6_route_multipath_del+0x280/0x280
[   29.023413]  rtnetlink_rcv_msg+0x22e/0x5f0
[   29.023792]  ? __sanitizer_cov_trace_pc+0x25/0x60
[   29.024279]  ? write_comp_data+0x2f/0x90
[   29.024700]  netlink_rcv_skb+0x8e/0x1e0
[   29.025051]  ? rtnl_calcit.isra.41+0x1c0/0x1c0
[   29.025589]  rtnetlink_rcv+0x25/0x30
[   29.025934]  netlink_unicast+0x2e6/0x410
[   29.026297]  ? write_comp_data+0x2f/0x90
[   29.026657]  netlink_sendmsg+0x372/0x700
[   29.027005]  ? netlink_unicast+0x410/0x410
[   29.027361]  sock_sendmsg+0xda/0xf0
[   29.027821]  ____sys_sendmsg+0x3a9/0x420
[   29.028168]  ? write_comp_data+0x2f/0x90
[   29.028514]  ___sys_sendmsg+0x9b/0xe0
[   29.028988]  ? lru_cache_add_inactive_or_unevictable+0x59/0xd0
[   29.029512]  ? __sanitizer_cov_trace_pc+0x25/0x60
[   29.030098]  ? write_comp_data+0x2f/0x90
[   29.030453]  ? __sanitizer_cov_trace_pc+0x25/0x60
[   29.030889]  ? __fget_light+0xb0/0x220
[   29.031226]  ? write_comp_data+0x2f/0x90
[   29.031565]  ? __sanitizer_cov_trace_pc+0x25/0x60
[   29.032098]  ? sockfd_lookup_light+0x7a/0xc0
[   29.032434]  __sys_sendmsg+0xa2/0x130
[   29.032721]  __x64_sys_sendmsg+0x2c/0x40
[   29.033136]  do_syscall_64+0x3b/0x90
[   29.033531]  entry_SYSCALL_64_after_hwframe+0x63/0xcd
[   29.034009] RIP: 0033:0x7f271341a59d
[   29.034343] Code: 00 c3 66 2e 0f 1f 84 00 00 00 00 00 90 f3 0f 1e fa 48 89 f8 48 89 f7 48 89 d6 48 89 ca 4d 89 c2 4d 89 c8 4c 8b 4c 24 08 0f 05 <48> 3d 01 f0 ff ff 73 01 c3 48 8b 0d d3 08 0d 00 f7 d8 64 89 01 48
[   29.036087] RSP: 002b:00007ffec0d58f38 EFLAGS: 00000213 ORIG_RAX: 000000000000002e
[   29.036950] RAX: ffffffffffffffda RBX: 0000000000000000 RCX: 00007f271341a59d
[   29.037481] RDX: 0000000000000000 RSI: 0000000020001840 RDI: 0000000000000003
[   29.038116] RBP: 00007ffec0d58f50 R08: 00007ffec0d59030 R09: 00007ffec0d59030
[   29.038645] R10: 0000000000000000 R11: 0000000000000213 R12: 0000000000401040
[   29.039184] R13: 00007ffec0d59030 R14: 0000000000000000 R15: 0000000000000000
[   29.039731]  </TASK>
[   29.039911] ---[ end trace 0000000000000000 ]---
[   29.042907] ------------[ cut here ]------------
[   29.043276] WARNING: CPU: 0 PID: 592 at net/core/lwtunnel.c:57 lwtunnel_valid_encap_type+0x167/0x1e0
[   29.043978] Modules linked in:
[   29.044219] CPU: 0 PID: 592 Comm: repro Tainted: G        W          6.1.0-rc3-30a0b95b1335 #1
[   29.044863] Hardware name: QEMU Standard PC (i440FX + PIIX, 1996), BIOS rel-1.14.0-0-g155821a1990b-prebuilt.qemu.org 04/01/2014
[   29.045715] RIP: 0010:lwtunnel_valid_encap_type+0x167/0x1e0
[   29.046216] Code: d0 e3 55 83 48 c7 c2 6a c8 55 83 4c 0f 45 f2 e9 68 ff ff ff 49 c7 c6 6a c8 55 83 66 83 fb 0a 0f 85 57 ff ff ff e8 d9 75 b7 fe <0f> 0b eb 8c 49 c7 c6 6a c8 55 83 66 83 fb 02 74 ea e9 3c ff ff ff
[   29.047528] RSP: 0018:ffffc90000f2f7e8 EFLAGS: 00010246
[   29.047871] RAX: 0000000000000000 RBX: 000000000000000a RCX: ffffffff826d71c8
[   29.048258] RDX: 0000000000000000 RSI: ffff888010a3cc80 RDI: 0000000000000002
[   29.048656] RBP: ffffc90000f2f810 R08: 0000000000000000 R09: 0000000000000000
[   29.049086] R10: 0000000000000000 R11: 0000000000000000 R12: 000000000000000a
[   29.049571] R13: ffffc90000f2fb08 R14: ffffffff8355c86a R15: 0000000000000000
[   29.050103] FS:  00007f16a51f0740(0000) GS:ffff88807dc00000(0000) knlGS:0000000000000000
[   29.050701] CS:  0010 DS: 0000 ES: 0000 CR0: 0000000080050033
[   29.051127] CR2: 0000000020000700 CR3: 000000000b8f0004 CR4: 0000000000770ef0
[   29.051630] PKRU: 55555554
[   29.051850] Call Trace:
[   29.052040]  <TASK>
[   29.052212]  rtm_to_fib6_config+0x4a8/0x680
[   29.052560]  inet6_rtm_delroute+0x4b/0x110
[   29.052902]  ? inet6_rtm_delroute+0x4b/0x110
[   29.053240]  ? ip6_route_multipath_del+0x280/0x280
[   29.053612]  rtnetlink_rcv_msg+0x22e/0x5f0
[   29.053942]  ? __sanitizer_cov_trace_pc+0x25/0x60
[   29.054289]  ? write_comp_data+0x2f/0x90
[   29.054599]  netlink_rcv_skb+0x8e/0x1e0
[   29.054900]  ? rtnl_calcit.isra.41+0x1c0/0x1c0
[   29.055243]  rtnetlink_rcv+0x25/0x30
[   29.055512]  netlink_unicast+0x2e6/0x410
[   29.055784]  ? write_comp_data+0x2f/0x90
[   29.056079]  netlink_sendmsg+0x372/0x700
[   29.056307]  ? netlink_unicast+0x410/0x410
[   29.056551]  sock_sendmsg+0xda/0xf0
[   29.056762]  ____sys_sendmsg+0x3a9/0x420
[   29.057049]  ? write_comp_data+0x2f/0x90
[   29.057351]  ___sys_sendmsg+0x9b/0xe0
[   29.057634]  ? lru_cache_add_inactive_or_unevictable+0x59/0xd0
[   29.058083]  ? __sanitizer_cov_trace_pc+0x25/0x60
[   29.058443]  ? write_comp_data+0x2f/0x90
[   29.058747]  ? __sanitizer_cov_trace_pc+0x25/0x60
[   29.059118]  ? __fget_light+0xb0/0x220
[   29.059421]  ? write_comp_data+0x2f/0x90
[   29.059736]  ? __sanitizer_cov_trace_pc+0x25/0x60
[   29.060101]  ? sockfd_lookup_light+0x7a/0xc0
[   29.060439]  __sys_sendmsg+0xa2/0x130
[   29.060740]  __x64_sys_sendmsg+0x2c/0x40
[   29.061063]  do_syscall_64+0x3b/0x90
[   29.061354]  entry_SYSCALL_64_after_hwframe+0x63/0xcd
[   29.061742] RIP: 0033:0x7f16a531559d
[   29.062031] Code: 00 c3 66 2e 0f 1f 84 00 00 00 00 00 90 f3 0f 1e fa 48 89 f8 48 89 f7 48 89 d6 48 89 ca 4d 89 c2 4d 89 c8 4c 8b 4c 24 08 0f 05 <48> 3d 01 f0 ff ff 73 01 c3 48 8b 0d d3 08 0d 00 f7 d8 64 89 01 48
[   29.063377] RSP: 002b:00007ffd13e2a968 EFLAGS: 00000213 ORIG_RAX: 000000000000002e
[   29.063909] RAX: ffffffffffffffda RBX: 0000000000000000 RCX: 00007f16a531559d
[   29.064432] RDX: 0000000000000000 RSI: 0000000020001840 RDI: 0000000000000003
[   29.064957] RBP: 00007ffd13e2a980 R08: 00007ffd13e2aa60 R09: 00007ffd13e2aa60
[   29.065479] R10: 0000000000000000 R11: 0000000000000213 R12: 0000000000401040
[   29.065993] R13: 00007ffd13e2aa60 R14: 0000000000000000 R15: 0000000000000000
[   29.066492]  </TASK>
[   29.066666] ---[ end trace 0000000000000000 ]---
[   29.068809] ------------[ cut here ]------------
[   29.069170] WARNING: CPU: 0 PID: 593 at net/core/lwtunnel.c:57 lwtunnel_valid_encap_type+0x167/0x1e0
[   29.069904] Modules linked in:
[   29.070154] CPU: 0 PID: 593 Comm: repro Tainted: G        W          6.1.0-rc3-30a0b95b1335 #1
[   29.070794] Hardware name: QEMU Standard PC (i440FX + PIIX, 1996), BIOS rel-1.14.0-0-g155821a1990b-prebuilt.qemu.org 04/01/2014
[   29.071612] RIP: 0010:lwtunnel_valid_encap_type+0x167/0x1e0
[   29.072047] Code: d0 e3 55 83 48 c7 c2 6a c8 55 83 4c 0f 45 f2 e9 68 ff ff ff 49 c7 c6 6a c8 55 83 66 83 fb 0a 0f 85 57 ff ff ff e8 d9 75 b7 fe <0f> 0b eb 8c 49 c7 c6 6a c8 55 83 66 83 fb 02 74 ea e9 3c ff ff ff
[   29.073161] RSP: 0018:ffffc90000f2f7e8 EFLAGS: 00010246
[   29.073462] RAX: 0000000000000000 RBX: 000000000000000a RCX: ffffffff826d71c8
[   29.073913] RDX: 0000000000000000 RSI: ffff888010a3e600 RDI: 0000000000000002
[   29.074323] RBP: ffffc90000f2f810 R08: 0000000000000000 R09: 0000000000000000
[   29.074719] R10: 0000000000000000 R11: 0000000000000000 R12: 000000000000000a
[   29.075117] R13: ffffc90000f2fb08 R14: ffffffff8355c86a R15: 0000000000000000
[   29.075518] FS:  00007ff640322740(0000) GS:ffff88807dc00000(0000) knlGS:0000000000000000
[   29.075961] CS:  0010 DS: 0000 ES: 0000 CR0: 0000000080050033
[   29.076282] CR2: 0000000020000700 CR3: 0000000007c9c006 CR4: 0000000000770ef0
[   29.076706] PKRU: 55555554
[   29.076910] Call Trace:
[   29.077094]  <TASK>
[   29.077260]  rtm_to_fib6_config+0x4a8/0x680
[   29.077572]  inet6_rtm_delroute+0x4b/0x110
[   29.077883]  ? inet6_rtm_delroute+0x4b/0x110
[   29.078163]  ? ip6_route_multipath_del+0x280/0x280
[   29.078434]  rtnetlink_rcv_msg+0x22e/0x5f0
[   29.078666]  ? __sanitizer_cov_trace_pc+0x25/0x60
[   29.078942]  ? write_comp_data+0x2f/0x90
[   29.079166]  netlink_rcv_skb+0x8e/0x1e0
[   29.079419]  ? rtnl_calcit.isra.41+0x1c0/0x1c0
[   29.079777]  rtnetlink_rcv+0x25/0x30
[   29.080052]  netlink_unicast+0x2e6/0x410
[   29.080349]  ? write_comp_data+0x2f/0x90
[   29.080651]  netlink_sendmsg+0x372/0x700
[   29.080957]  ? netlink_unicast+0x410/0x410
[   29.081270]  sock_sendmsg+0xda/0xf0
[   29.081542]  ____sys_sendmsg+0x3a9/0x420
[   29.081856]  ? write_comp_data+0x2f/0x90
[   29.082163]  ___sys_sendmsg+0x9b/0xe0
[   29.082463]  ? lru_cache_add_inactive_or_unevictable+0x59/0xd0
[   29.082903]  ? __sanitizer_cov_trace_pc+0x25/0x60
[   29.083259]  ? write_comp_data+0x2f/0x90
[   29.083540]  ? __sanitizer_cov_trace_pc+0x25/0x60
[   29.083876]  ? __fget_light+0xb0/0x220
[   29.084143]  ? write_comp_data+0x2f/0x90
[   29.084432]  ? __sanitizer_cov_trace_pc+0x25/0x60
[   29.084797]  ? sockfd_lookup_light+0x7a/0xc0
[   29.085137]  __sys_sendmsg+0xa2/0x130
[   29.085433]  __x64_sys_sendmsg+0x2c/0x40
[   29.085727]  do_syscall_64+0x3b/0x90
[   29.086018]  entry_SYSCALL_64_after_hwframe+0x63/0xcd
[   29.086385] RIP: 0033:0x7ff64044759d
[   29.086643] Code: 00 c3 66 2e 0f 1f 84 00 00 00 00 00 90 f3 0f 1e fa 48 89 f8 48 89 f7 48 89 d6 48 89 ca 4d 89 c2 4d 89 c8 4c 8b 4c 24 08 0f 05 <48> 3d 01 f0 ff ff 73 01 c3 48 8b 0d d3 08 0d 00 f7 d8 64 89 01 48
[   29.087771] RSP: 002b:00007ffc539406b8 EFLAGS: 00000213 ORIG_RAX: 000000000000002e
[   29.088220] RAX: ffffffffffffffda RBX: 0000000000000000 RCX: 00007ff64044759d
[   29.088722] RDX: 0000000000000000 RSI: 0000000020001840 RDI: 0000000000000003
[   29.089240] RBP: 00007ffc539406d0 R08: 00007ffc539407b0 R09: 00007ffc539407b0
[   29.089751] R10: 0000000000000000 R11: 0000000000000213 R12: 0000000000401040
[   29.090259] R13: 00007ffc539407b0 R14: 0000000000000000 R15: 0000000000000000
[   29.090804]  </TASK>
[   29.090989] ---[ end trace 0000000000000000 ]---
[   29.093856] ------------[ cut here ]------------
[   29.094222] WARNING: CPU: 0 PID: 594 at net/core/lwtunnel.c:57 lwtunnel_valid_encap_type+0x167/0x1e0
[   29.094891] Modules linked in:
[   29.095117] CPU: 0 PID: 594 Comm: repro Tainted: G        W          6.1.0-rc3-30a0b95b1335 #1
[   29.095722] Hardware name: QEMU Standard PC (i440FX + PIIX, 1996), BIOS rel-1.14.0-0-g155821a1990b-prebuilt.qemu.org 04/01/2014
[   29.096465] RIP: 0010:lwtunnel_valid_encap_type+0x167/0x1e0
[   29.096789] Code: d0 e3 55 83 48 c7 c2 6a c8 55 83 4c 0f 45 f2 e9 68 ff ff ff 49 c7 c6 6a c8 55 83 66 83 fb 0a 0f 85 57 ff ff ff e8 d9 75 b7 fe <0f> 0b eb 8c 49 c7 c6 6a c8 55 83 66 83 fb 02 74 ea e9 3c ff ff ff
[   29.098022] RSP: 0018:ffffc90000f2f7e8 EFLAGS: 00010246
[   29.098402] RAX: 0000000000000000 RBX: 000000000000000a RCX: ffffffff826d71c8
[   29.098894] RDX: 0000000000000000 RSI: ffff888010a39980 RDI: 0000000000000002
[   29.099297] RBP: ffffc90000f2f810 R08: 0000000000000000 R09: 0000000000000000
[   29.099707] R10: 0000000000000000 R11: 0000000000000000 R12: 000000000000000a
[   29.100124] R13: ffffc90000f2fb08 R14: ffffffff8355c86a R15: 0000000000000000
[   29.100561] FS:  00007f27e8414740(0000) GS:ffff88807dc00000(0000) knlGS:0000000000000000
[   29.101051] CS:  0010 DS: 0000 ES: 0000 CR0: 0000000080050033
[   29.101405] CR2: 0000000020000700 CR3: 000000000b8f0003 CR4: 0000000000770ef0
[   29.101942] PKRU: 55555554
[   29.102157] Call Trace:
[   29.102351]  <TASK>
[   29.102526]  rtm_to_fib6_config+0x4a8/0x680
[   29.102859]  inet6_rtm_delroute+0x4b/0x110
[   29.103177]  ? inet6_rtm_delroute+0x4b/0x110
[   29.103511]  ? ip6_route_multipath_del+0x280/0x280
[   29.103868]  rtnetlink_rcv_msg+0x22e/0x5f0
[   29.104171]  ? __sanitizer_cov_trace_pc+0x25/0x60
[   29.104522]  ? write_comp_data+0x2f/0x90
[   29.104836]  netlink_rcv_skb+0x8e/0x1e0
[   29.105153]  ? rtnl_calcit.isra.41+0x1c0/0x1c0
[   29.105494]  rtnetlink_rcv+0x25/0x30
[   29.105761]  netlink_unicast+0x2e6/0x410
[   29.106071]  ? write_comp_data+0x2f/0x90
[   29.106380]  netlink_sendmsg+0x372/0x700
[   29.106682]  ? netlink_unicast+0x410/0x410
