c[?7l[2J[0mSeaBIOS (version rel-1.14.0-0-g155821a1990b-prebuilt.qemu.org)


iPXE (http://ipxe.org) 00:03.0 CA00 PCI2.10 PnP PMM+7FF8F030+7FEEF030 CA00
Press Ctrl-B to configure iPXE (PCI 00:03.0)...                                                                               


Booting from ROM..c[?7l[2J[0m.[    0.000000] Linux version 6.0.0-522667b24f08+ (root@p-rplp02) (gcc (GCC) 8.5.0 20210514 (Red Hat 8.5.0-15), GNU ld version 2.36.1-2.el8) #1 SMP PREEMPT_DYNAMIC Thu Nov 3 18:51:58 CST 2022
[    0.000000] Command line: console=ttyS0 root=/dev/sda earlyprintk=serial net.ifnames=0
[    0.000000] KERNEL supported cpus:
[    0.000000]   Intel GenuineIntel
[    0.000000]   AMD AuthenticAMD
[    0.000000]   Hygon HygonGenuine
[    0.000000]   Centaur CentaurHauls
[    0.000000]   zhaoxin   Shanghai  
[    0.000000] x86/fpu: Supporting XSAVE feature 0x001: 'x87 floating point registers'
[    0.000000] x86/fpu: Supporting XSAVE feature 0x002: 'SSE registers'
[    0.000000] x86/fpu: Supporting XSAVE feature 0x004: 'AVX registers'
[    0.000000] x86/fpu: Supporting XSAVE feature 0x200: 'Protection Keys User registers'
[    0.000000] x86/fpu: xstate_offset[2]:  576, xstate_sizes[2]:  256
[    0.000000] x86/fpu: xstate_offset[9]:  832, xstate_sizes[9]:    8
[    0.000000] x86/fpu: Enabled xstate features 0x207, context size is 840 bytes, using 'compacted' format.
[    0.000000] signal: max sigframe size: 3632
[    0.000000] BIOS-provided physical RAM map:
[    0.000000] BIOS-e820: [mem 0x0000000000000000-0x000000000009fbff] usable
[    0.000000] BIOS-e820: [mem 0x000000000009fc00-0x000000000009ffff] reserved
[    0.000000] BIOS-e820: [mem 0x00000000000f0000-0x00000000000fffff] reserved
[    0.000000] BIOS-e820: [mem 0x0000000000100000-0x000000007ffdffff] usable
[    0.000000] BIOS-e820: [mem 0x000000007ffe0000-0x000000007fffffff] reserved
[    0.000000] BIOS-e820: [mem 0x00000000feffc000-0x00000000feffffff] reserved
[    0.000000] BIOS-e820: [mem 0x00000000fffc0000-0x00000000ffffffff] reserved
[    0.000000] printk: bootconsole [earlyser0] enabled
[    0.000000] NX (Execute Disable) protection: active
[    0.000000] SMBIOS 2.8 present.
[    0.000000] DMI: QEMU Standard PC (i440FX + PIIX, 1996), BIOS rel-1.14.0-0-g155821a1990b-prebuilt.qemu.org 04/01/2014
[    0.000000] Hypervisor detected: KVM
[    0.000000] kvm-clock: Using msrs 4b564d01 and 4b564d00
[    0.000002] kvm-clock: using sched offset of 339179554 cycles
[    0.000466] clocksource: kvm-clock: mask: 0xffffffffffffffff max_cycles: 0x1cd42e4dffb, max_idle_ns: 881590591483 ns
[    0.002019] tsc: Detected 1881.600 MHz processor
[    0.008638] last_pfn = 0x7ffe0 max_arch_pfn = 0x400000000
[    0.009257] x86/PAT: Configuration [0-7]: WB  WC  UC- UC  WB  WP  UC- WT  
[    0.015568] found SMP MP-table at [mem 0x000f5a90-0x000f5a9f]
[    0.016150] Using GB pages for direct mapping
[    0.017618] ACPI: Early table checksum verification disabled
[    0.018229] ACPI: RSDP 0x00000000000F5870 000014 (v00 BOCHS )
[    0.018820] ACPI: RSDT 0x000000007FFE1959 000034 (v01 BOCHS  BXPC     00000001 BXPC 00000001)
[    0.019695] ACPI: FACP 0x000000007FFE1805 000074 (v01 BOCHS  BXPC     00000001 BXPC 00000001)
[    0.020645] ACPI: DSDT 0x000000007FFE0040 0017C5 (v01 BOCHS  BXPC     00000001 BXPC 00000001)
[    0.021524] ACPI: FACS 0x000000007FFE0000 000040
[    0.022030] ACPI: APIC 0x000000007FFE1879 000080 (v01 BOCHS  BXPC     00000001 BXPC 00000001)
[    0.022925] ACPI: HPET 0x000000007FFE18F9 000038 (v01 BOCHS  BXPC     00000001 BXPC 00000001)
[    0.023802] ACPI: WAET 0x000000007FFE1931 000028 (v01 BOCHS  BXPC     00000001 BXPC 00000001)
[    0.024729] ACPI: Reserving FACP table memory at [mem 0x7ffe1805-0x7ffe1878]
[    0.025432] ACPI: Reserving DSDT table memory at [mem 0x7ffe0040-0x7ffe1804]
[    0.026000] ACPI: Reserving FACS table memory at [mem 0x7ffe0000-0x7ffe003f]
[    0.026617] ACPI: Reserving APIC table memory at [mem 0x7ffe1879-0x7ffe18f8]
[    0.027251] ACPI: Reserving HPET table memory at [mem 0x7ffe18f9-0x7ffe1930]
[    0.027814] ACPI: Reserving WAET table memory at [mem 0x7ffe1931-0x7ffe1958]
[    0.029069] No NUMA configuration found
[    0.029386] Faking a node at [mem 0x0000000000000000-0x000000007ffdffff]
[    0.030033] NODE_DATA(0) allocated [mem 0x7ffb5000-0x7ffdffff]
[    0.034325] Zone ranges:
[    0.034567]   DMA      [mem 0x0000000000001000-0x0000000000ffffff]
[    0.035089]   DMA32    [mem 0x0000000001000000-0x000000007ffdffff]
[    0.035708]   Normal   empty
[    0.036032]   Device   empty
[    0.036334] Movable zone start for each node
[    0.036777] Early memory node ranges
[    0.037151]   node   0: [mem 0x0000000000001000-0x000000000009efff]
[    0.037802]   node   0: [mem 0x0000000000100000-0x000000007ffdffff]
[    0.038447] Initmem setup node 0 [mem 0x0000000000001000-0x000000007ffdffff]
[    0.039326] On node 0, zone DMA: 1 pages in unavailable ranges
[    0.039345] On node 0, zone DMA: 97 pages in unavailable ranges
[    0.044109] On node 0, zone DMA32: 32 pages in unavailable ranges
[    0.044900] ACPI: PM-Timer IO Port: 0x608
[    0.045962] ACPI: LAPIC_NMI (acpi_id[0xff] dfl dfl lint[0x1])
[    0.046553] IOAPIC[0]: apic_id 0, version 17, address 0xfec00000, GSI 0-23
[    0.047104] ACPI: INT_SRC_OVR (bus 0 bus_irq 0 global_irq 2 dfl dfl)
[    0.047605] ACPI: INT_SRC_OVR (bus 0 bus_irq 5 global_irq 5 high level)
[    0.048183] ACPI: INT_SRC_OVR (bus 0 bus_irq 9 global_irq 9 high level)
[    0.048759] ACPI: INT_SRC_OVR (bus 0 bus_irq 10 global_irq 10 high level)
[    0.049381] ACPI: INT_SRC_OVR (bus 0 bus_irq 11 global_irq 11 high level)
[    0.050079] ACPI: Using ACPI (MADT) for SMP configuration information
[    0.050705] ACPI: HPET id: 0x8086a201 base: 0xfed00000
[    0.051188] TSC deadline timer available
[    0.051496] smpboot: Allowing 2 CPUs, 0 hotplug CPUs
[    0.051926] kvm-guest: KVM setup pv remote TLB flush
[    0.052370] kvm-guest: setup PV sched yield
[    0.052870] PM: hibernation: Registered nosave memory: [mem 0x00000000-0x00000fff]
[    0.053664] PM: hibernation: Registered nosave memory: [mem 0x0009f000-0x0009ffff]
[    0.054464] PM: hibernation: Registered nosave memory: [mem 0x000a0000-0x000effff]
[    0.055198] PM: hibernation: Registered nosave memory: [mem 0x000f0000-0x000fffff]
[    0.055827] [mem 0x80000000-0xfeffbfff] available for PCI devices
[    0.056328] Booting paravirtualized kernel on KVM
[    0.056803] clocksource: refined-jiffies: mask: 0xffffffff max_cycles: 0xffffffff, max_idle_ns: 7645519600211568 ns
[    0.057871] setup_percpu: NR_CPUS:8192 nr_cpumask_bits:2 nr_cpu_ids:2 nr_node_ids:1
[    0.058966] percpu: Embedded 62 pages/cpu s217088 r8192 d28672 u1048576
[    0.059862] kvm-guest: PV spinlocks enabled
[    0.060316] PV qspinlock hash table entries: 256 (order: 0, 4096 bytes, linear)
[    0.061081] Fallback order for Node 0: 0 
[    0.061493] Built 1 zonelists, mobility grouping on.  Total pages: 515808
[    0.062166] Policy zone: DMA32
[    0.062455] Kernel command line: net.ifnames=0 console=ttyS0 root=/dev/sda earlyprintk=serial net.ifnames=0
[    0.063808] Dentry cache hash table entries: 262144 (order: 9, 2097152 bytes, linear)
[    0.064703] Inode-cache hash table entries: 131072 (order: 8, 1048576 bytes, linear)
[    0.065607] mem auto-init: stack:off, heap alloc:off, heap free:off
[    0.069643] Memory: 1999736K/2096632K available (30735K kernel code, 3926K rwdata, 7848K rodata, 3608K init, 10700K bss, 96640K reserved, 0K cma-reserved)
[    0.071753] SLUB: HWalign=64, Order=0-3, MinObjects=0, CPUs=2, Nodes=1
[    0.072437] kmemleak: Kernel memory leak detector disabled
[    0.073022] ftrace: allocating 65884 entries in 258 pages
[    0.091777] ftrace: allocated 258 pages with 2 groups
[    0.093626] Dynamic Preempt: voluntary
[    0.094074] rcu: Preemptible hierarchical RCU implementation.
[    0.094615] rcu: 	RCU restricting CPUs from NR_CPUS=8192 to nr_cpu_ids=2.
[    0.095244] 	Trampoline variant of Tasks RCU enabled.
[    0.095638] 	Rude variant of Tasks RCU enabled.
[    0.096011] 	Tracing variant of Tasks RCU enabled.
[    0.096381] rcu: RCU calculated value of scheduler-enlistment delay is 25 jiffies.
[    0.097008] rcu: Adjusting geometry for rcu_fanout_leaf=16, nr_cpu_ids=2
[    0.122909] NR_IRQS: 524544, nr_irqs: 440, preallocated irqs: 16
[    0.123703] rcu: srcu_init: Setting srcu_struct sizes based on contention.
[    0.131765] Console: colour VGA+ 80x25
[    0.132172] printk: console [ttyS0] enabled
[    0.132172] printk: console [ttyS0] enabled
[    0.133100] printk: bootconsole [earlyser0] disabled
[    0.133100] printk: bootconsole [earlyser0] disabled
[    0.134216] ACPI: Core revision 20220331
[    0.134911] clocksource: hpet: mask: 0xffffffff max_cycles: 0xffffffff, max_idle_ns: 19112604467 ns
[    0.136047] APIC: Switch to symmetric I/O mode setup
[    0.136758] x2apic enabled
[    0.137153] Switched APIC routing to physical x2apic.
[    0.137644] kvm-guest: setup PV IPIs
[    0.138769] ..TIMER: vector=0x30 apic1=0 pin1=2 apic2=-1 pin2=-1
[    0.139395] clocksource: tsc-early: mask: 0xffffffffffffffff max_cycles: 0x363e8c91135, max_idle_ns: 881590568389 ns
[    0.140970] Calibrating delay loop (skipped) preset value.. 3763.20 BogoMIPS (lpj=7526400)
[    0.141929] pid_max: default: 32768 minimum: 301
[    0.142642] LSM: Security Framework initializing
[    0.143181] Yama: becoming mindful.
[    0.143840] Mount-cache hash table entries: 4096 (order: 3, 32768 bytes, linear)
[    0.144982] Mountpoint-cache hash table entries: 4096 (order: 3, 32768 bytes, linear)
[    0.146914] x86/cpu: User Mode Instruction Prevention (UMIP) activated
[    0.149115] Last level iTLB entries: 4KB 0, 2MB 0, 4MB 0
[    0.149674] Last level dTLB entries: 4KB 0, 2MB 0, 4MB 0, 1GB 0
[    0.150286] Spectre V1 : Mitigation: usercopy/swapgs barriers and __user pointer sanitization
[    0.151123] Spectre V2 : WARNING: Unprivileged eBPF is enabled with eIBRS on, data leaks possible via Spectre v2 BHB attacks!
[    0.152367] Spectre V2 : Mitigation: Enhanced IBRS
[    0.152966] Spectre V2 : Spectre v2 / SpectreRSB mitigation: Filling RSB on context switch
[    0.154223] Spectre V2 : Spectre v2 / PBRSB-eIBRS: Retire a single CALL on VMEXIT
[    0.155391] Spectre V2 : mitigation: Enabling conditional Indirect Branch Prediction Barrier
[    0.156965] Speculative Store Bypass: Mitigation: Speculative Store Bypass disabled via prctl
[    0.158274] MMIO Stale Data: Unknown: No mitigations
[    0.258887] Freeing SMP alternatives memory: 56K
[    0.259565] smpboot: CPU0: Genuine Intel(R) 0000 (family: 0x6, model: 0xba, stepping: 0x2)
[    0.260538] cblist_init_generic: Setting adjustable number of callback queues.
[    0.260958] cblist_init_generic: Setting shift to 1 and lim to 1.
[    0.260958] cblist_init_generic: Setting shift to 1 and lim to 1.
[    0.260958] cblist_init_generic: Setting shift to 1 and lim to 1.
[    0.260958] Performance Events: Alderlake Hybrid events, full-width counters, Intel PMU driver.
[    0.261019] core: cpu_core PMU driver: 
[    0.261310] ... version:                2
[    0.261610] ... bit width:              48
[    0.261911] ... generic registers:      6
[    0.262221] ... value mask:             0000ffffffffffff
[    0.262612] ... max period:             00007fffffffffff
[    0.263041] ... fixed-purpose events:   3
[    0.263435] ... event mask:             0001000f0000003f
[    0.264130] rcu: Hierarchical SRCU implementation.
[    0.264620] rcu: 	Max phase no-delay instances is 1000.
[    0.267182] unchecked MSR access error: WRMSR to 0x38f (tried to write 0x0001000f0000003f) at rIP: 0xffffffff810c111c (native_write_msr+0xc/0x30)
[    0.268449] Call Trace:
[    0.268686]  <TASK>
[    0.268894]  __intel_pmu_enable_all.constprop.45+0x68/0xf0
[    0.268958]  intel_pmu_enable_all+0x1e/0x30
[    0.268958]  x86_pmu_enable+0x46d/0x5a0
[    0.268958]  ? write_comp_data+0x2f/0x90
[    0.268958]  perf_pmu_enable+0x53/0x70
[    0.268958]  ctx_resched+0xab/0xf0
[    0.268958]  __perf_install_in_context+0x210/0x3c0
[    0.268958]  ? __intel_shared_reg_put_constraints.isra.15.part.16+0x50/0x50
[    0.268958]  ? perf_duration_warn+0x50/0x50
[    0.268958]  remote_function+0x80/0xa0
[    0.268958]  ? perf_duration_warn+0x50/0x50
[    0.268958]  generic_exec_single+0xea/0x150
[    0.268958]  ? perf_duration_warn+0x50/0x50
[    0.268958]  smp_call_function_single+0x11c/0x240
[    0.268958]  ? perf_duration_warn+0x50/0x50
[    0.268958]  ? __sanitizer_cov_trace_pc+0x25/0x60
[    0.268958]  ? write_comp_data+0x2f/0x90
[    0.268958]  perf_install_in_context+0x292/0x2c0
[    0.268958]  ? ctx_resched+0xf0/0xf0
[    0.268958]  perf_event_create_kernel_counter+0x168/0x200
[    0.268958]  ? find_next_bit+0x40/0x40
[    0.268958]  hardlockup_detector_event_create+0x46/0xd0
[    0.268958]  hardlockup_detector_perf_init+0x18/0x66
[    0.268958]  watchdog_nmi_probe+0x17/0x1d
[    0.268958]  lockup_detector_init+0x40/0xad
[    0.268958]  kernel_init_freeable+0x1b0/0x35d
[    0.268958]  ? rest_init+0xe0/0xe0
[    0.268958]  kernel_init+0x24/0x1e0
[    0.268958]  ? rest_init+0xe0/0xe0
[    0.268958]  ret_from_fork+0x1f/0x30
[    0.268958]  </TASK>
[    0.269123] smp: Bringing up secondary CPUs ...
[    0.269641] x86: Booting SMP configuration:
[    0.269961] .... node  #0, CPUs:      #1
[    0.012536] smpboot: CPU 1 Converting physical 0 to logical die 1
[    0.273079] smp: Brought up 1 node, 2 CPUs
[    0.273561] smpboot: Max logical packages: 2
[    0.274054] smpboot: Total of 2 processors activated (7526.40 BogoMIPS)
[    0.275613] devtmpfs: initialized
[    0.275613] x86/mm: Memory block size: 128MB
[    0.278192] clocksource: jiffies: mask: 0xffffffff max_cycles: 0xffffffff, max_idle_ns: 7645041785100000 ns
[    0.278302] futex hash table entries: 512 (order: 3, 32768 bytes, linear)
[    0.279079] pinctrl core: initialized pinctrl subsystem
[    0.281210] 
[    0.281385] *************************************************************
[    0.282050] **     NOTICE NOTICE NOTICE NOTICE NOTICE NOTICE NOTICE    **
[    0.282727] **                                                         **
[    0.283405] **  IOMMU DebugFS SUPPORT HAS BEEN ENABLED IN THIS KERNEL  **
[    0.284069] **                                                         **
[    0.284729] ** This means that this kernel is built to expose internal **
[    0.284966] ** IOMMU data structures, which may compromise security on **
[    0.285635] ** your system.                                            **
[    0.286325] **                                                         **
[    0.286912] ** If you see this message and you are not debugging the   **
[    0.287422] ** kernel, report this immediately to your vendor!         **
[    0.287930] **                                                         **
[    0.288446] **     NOTICE NOTICE NOTICE NOTICE NOTICE NOTICE NOTICE    **
[    0.288971] *************************************************************
[    0.289569] PM: RTC time: 11:24:55, date: 2022-11-03
[    0.291837] NET: Registered PF_NETLINK/PF_ROUTE protocol family
[    0.292661] DMA: preallocated 256 KiB GFP_KERNEL pool for atomic allocations
[    0.292971] DMA: preallocated 256 KiB GFP_KERNEL|GFP_DMA pool for atomic allocations
[    0.293604] DMA: preallocated 256 KiB GFP_KERNEL|GFP_DMA32 pool for atomic allocations
[    0.294296] audit: initializing netlink subsys (disabled)
[    0.294827] audit: type=2000 audit(1667474696.592:1): state=initialized audit_enabled=0 res=1
[    0.294827] thermal_sys: Registered thermal governor 'fair_share'
[    0.294827] thermal_sys: Registered thermal governor 'bang_bang'
[    0.296967] thermal_sys: Registered thermal governor 'step_wise'
[    0.297630] thermal_sys: Registered thermal governor 'user_space'
[    0.298360] cpuidle: using governor ladder
[    0.299544] cpuidle: using governor menu
[    0.300491] acpiphp: ACPI Hot Plug PCI Controller Driver version: 0.5
[    0.301268] PCI: Using configuration type 1 for base access
[    0.309349] kprobes: kprobe jump-optimization is enabled. All kprobes are optimized if possible.
[    0.517198] HugeTLB: registered 1.00 GiB page size, pre-allocated 0 pages
[    0.517823] HugeTLB: 16380 KiB vmemmap can be freed for a 1.00 GiB page
[    0.518393] HugeTLB: registered 2.00 MiB page size, pre-allocated 0 pages
[    0.518965] HugeTLB: 28 KiB vmemmap can be freed for a 2.00 MiB page
[    0.520454] ACPI: Added _OSI(Module Device)
[    0.520839] ACPI: Added _OSI(Processor Device)
[    0.520965] ACPI: Added _OSI(3.0 _SCP Extensions)
[    0.521382] ACPI: Added _OSI(Processor Aggregator Device)
[    0.525653] ACPI: 1 ACPI AML tables successfully acquired and loaded
[    0.528553] ACPI: Interpreter enabled
[    0.528988] ACPI: PM: (supports S0 S3 S4 S5)
[    0.529397] ACPI: Using IOAPIC for interrupt routing
[    0.529920] PCI: Using host bridge windows from ACPI; if necessary, use "pci=nocrs" and report a bug
[    0.530802] PCI: Using E820 reservations for host bridge windows
[    0.531875] ACPI: Enabled 2 GPEs in block 00 to 0F
[    0.542841] ACPI: PCI Root Bridge [PCI0] (domain 0000 [bus 00-ff])
[    0.543527] acpi PNP0A03:00: _OSC: OS supports [ASPM ClockPM Segments MSI EDR HPX-Type3]
[    0.544282] acpi PNP0A03:00: _OSC: not requesting OS control; OS requires [ExtendedConfig ASPM ClockPM MSI]
[    0.545007] acpi PNP0A03:00: fail to add MMCONFIG information, can't access extended PCI configuration space under this bridge.
[    0.547492] acpiphp: Slot [3] registered
[    0.547914] acpiphp: Slot [4] registered
[    0.548339] acpiphp: Slot [5] registered
[    0.548754] acpiphp: Slot [6] registered
[    0.549009] acpiphp: Slot [7] registered
[    0.549425] acpiphp: Slot [8] registered
[    0.549847] acpiphp: Slot [9] registered
[    0.550266] acpiphp: Slot [10] registered
[    0.550698] acpiphp: Slot [11] registered
[    0.551135] acpiphp: Slot [12] registered
[    0.551567] acpiphp: Slot [13] registered
[    0.552003] acpiphp: Slot [14] registered
[    0.552450] acpiphp: Slot [15] registered
[    0.552900] acpiphp: Slot [16] registered
[    0.553015] acpiphp: Slot [17] registered
[    0.553446] acpiphp: Slot [18] registered
[    0.553873] acpiphp: Slot [19] registered
[    0.554298] acpiphp: Slot [20] registered
[    0.554750] acpiphp: Slot [21] registered
[    0.555187] acpiphp: Slot [22] registered
[    0.555609] acpiphp: Slot [23] registered
[    0.556041] acpiphp: Slot [24] registered
[    0.556465] acpiphp: Slot [25] registered
[    0.556894] acpiphp: Slot [26] registered
[    0.557013] acpiphp: Slot [27] registered
[    0.557438] acpiphp: Slot [28] registered
[    0.557874] acpiphp: Slot [29] registered
[    0.558321] acpiphp: Slot [30] registered
[    0.558747] acpiphp: Slot [31] registered
[    0.559150] PCI host bridge to bus 0000:00
[    0.559537] pci_bus 0000:00: root bus resource [io  0x0000-0x0cf7 window]
[    0.560177] pci_bus 0000:00: root bus resource [io  0x0d00-0xffff window]
[    0.560825] pci_bus 0000:00: root bus resource [mem 0x000a0000-0x000bffff window]
[    0.560965] pci_bus 0000:00: root bus resource [mem 0x80000000-0xfebfffff window]
[    0.561757] pci_bus 0000:00: root bus resource [mem 0x100000000-0x17fffffff window]
[    0.562572] pci_bus 0000:00: root bus resource [bus 00-ff]
[    0.563242] pci 0000:00:00.0: [8086:1237] type 00 class 0x060000
[    0.566184] pci 0000:00:01.0: [8086:7000] type 00 class 0x060100
[    0.567409] pci 0000:00:01.1: [8086:7010] type 00 class 0x010180
[    0.569667] pci 0000:00:01.1: reg 0x20: [io  0xc040-0xc04f]
[    0.571002] pci 0000:00:01.1: legacy IDE quirk: reg 0x10: [io  0x01f0-0x01f7]
[    0.571753] pci 0000:00:01.1: legacy IDE quirk: reg 0x14: [io  0x03f6]
[    0.572433] pci 0000:00:01.1: legacy IDE quirk: reg 0x18: [io  0x0170-0x0177]
[    0.572964] pci 0000:00:01.1: legacy IDE quirk: reg 0x1c: [io  0x0376]
[    0.573904] pci 0000:00:01.3: [8086:7113] type 00 class 0x068000
[    0.574794] pci 0000:00:01.3: quirk: [io  0x0600-0x063f] claimed by PIIX4 ACPI
[    0.575502] pci 0000:00:01.3: quirk: [io  0x0700-0x070f] claimed by PIIX4 SMB
[    0.576975] pci 0000:00:02.0: [1234:1111] type 00 class 0x030000
[    0.578442] pci 0000:00:02.0: reg 0x10: [mem 0xfd000000-0xfdffffff pref]
[    0.580628] pci 0000:00:02.0: reg 0x18: [mem 0xfebf0000-0xfebf0fff]
[    0.585535] pci 0000:00:02.0: reg 0x30: [mem 0xfebe0000-0xfebeffff pref]
[    0.586813] pci 0000:00:02.0: Video device with shadowed ROM at [mem 0x000c0000-0x000dffff]
[    0.589625] pci 0000:00:03.0: [8086:100e] type 00 class 0x020000
[    0.590689] pci 0000:00:03.0: reg 0x10: [mem 0xfebc0000-0xfebdffff]
[    0.591730] pci 0000:00:03.0: reg 0x14: [io  0xc000-0xc03f]
[    0.594231] pci 0000:00:03.0: reg 0x30: [mem 0xfeb80000-0xfebbffff pref]
[    0.603906] ACPI: PCI: Interrupt link LNKA configured for IRQ 10
[    0.604870] ACPI: PCI: Interrupt link LNKB configured for IRQ 10
[    0.605279] ACPI: PCI: Interrupt link LNKC configured for IRQ 11
[    0.606178] ACPI: PCI: Interrupt link LNKD configured for IRQ 11
[    0.607010] ACPI: PCI: Interrupt link LNKS configured for IRQ 9
[    0.608399] iommu: Default domain type: Translated 
[    0.608899] iommu: DMA domain TLB invalidation policy: lazy mode 
[    0.609450] SCSI subsystem initialized
[    0.609971] ACPI: bus type USB registered
[    0.610406] usbcore: registered new interface driver usbfs
[    0.610970] usbcore: registered new interface driver hub
[    0.611536] usbcore: registered new device driver usb
[    0.612100] pps_core: LinuxPPS API ver. 1 registered
[    0.612586] pps_core: Software ver. 5.3.6 - Copyright 2005-2007 Rodolfo Giometti <giometti@linux.it>
[    0.612976] PTP clock support registered
[    0.613478] EDAC MC: Ver: 3.0.0
[    0.614485] NetLabel: Initializing
[    0.614830] NetLabel:  domain hash size = 128
[    0.615283] NetLabel:  protocols = UNLABELED CIPSOv4 CALIPSO
[    0.615865] NetLabel:  unlabeled traffic allowed by default
[    0.649108] PCI: Using ACPI for IRQ routing
[    0.649789] pci 0000:00:02.0: vgaarb: setting as boot VGA device
[    0.650443] pci 0000:00:02.0: vgaarb: bridge control possible
[    0.651043] pci 0000:00:02.0: vgaarb: VGA device added: decodes=io+mem,owns=io+mem,locks=none
[    0.651939] vgaarb: loaded
[    0.652584] hpet0: at MMIO 0xfed00000, IRQs 2, 8, 0
[    0.652964] hpet0: 3 comparators, 64-bit 100.000000 MHz counter
[    3.295686] clocksource: Switched to clocksource kvm-clock
[    3.392059] VFS: Disk quotas dquot_6.6.0
[    3.392510] VFS: Dquot-cache hash table entries: 512 (order 0, 4096 bytes)
[    3.393343] pnp: PnP ACPI init
[    3.394945] pnp: PnP ACPI: found 6 devices
[    3.403047] clocksource: acpi_pm: mask: 0xffffff max_cycles: 0xffffff, max_idle_ns: 2085701024 ns
[    3.404299] NET: Registered PF_INET protocol family
[    3.405242] IP idents hash table entries: 32768 (order: 6, 262144 bytes, linear)
[    3.407470] tcp_listen_portaddr_hash hash table entries: 1024 (order: 2, 16384 bytes, linear)
[    3.408376] Table-perturb hash table entries: 65536 (order: 6, 262144 bytes, linear)
[    3.409202] TCP established hash table entries: 16384 (order: 5, 131072 bytes, linear)
[    3.410094] TCP bind hash table entries: 16384 (order: 6, 262144 bytes, linear)
[    3.410958] TCP: Hash tables configured (established 16384 bind 16384)
[    3.411682] UDP hash table entries: 1024 (order: 3, 32768 bytes, linear)
[    3.412388] UDP-Lite hash table entries: 1024 (order: 3, 32768 bytes, linear)
[    3.413246] NET: Registered PF_UNIX/PF_LOCAL protocol family
[    3.414621] RPC: Registered named UNIX socket transport module.
[    3.415269] RPC: Registered udp transport module.
[    3.415759] RPC: Registered tcp transport module.
[    3.416247] RPC: Registered tcp NFSv4.1 backchannel transport module.
[    3.416944] pci_bus 0000:00: resource 4 [io  0x0000-0x0cf7 window]
[    3.417610] pci_bus 0000:00: resource 5 [io  0x0d00-0xffff window]
[    3.418254] pci_bus 0000:00: resource 6 [mem 0x000a0000-0x000bffff window]
[    3.418973] pci_bus 0000:00: resource 7 [mem 0x80000000-0xfebfffff window]
[    3.419693] pci_bus 0000:00: resource 8 [mem 0x100000000-0x17fffffff window]
[    3.420596] pci 0000:00:01.0: PIIX3: Enabling Passive Release
[    3.421231] pci 0000:00:00.0: Limiting direct PCI/PCI transfers
[    3.421944] PCI: CLS 0 bytes, default 64
[    3.422573] clocksource: tsc: mask: 0xffffffffffffffff max_cycles: 0x363e8c91135, max_idle_ns: 881590568389 ns
[    3.426006] Initialise system trusted keyrings
[    3.426488] Key type blacklist registered
[    3.427109] workingset: timestamp_bits=36 max_order=19 bucket_order=0
[    3.431959] zbud: loaded
[    3.433020] squashfs: version 4.0 (2009/01/31) Phillip Lougher
[    3.434697] NFS: Registering the id_resolver key type
[    3.435216] Key type id_resolver registered
[    3.435611] Key type id_legacy registered
[    3.436034] nfs4filelayout_init: NFSv4 File Layout Driver Registering...
[    3.436667] nfs4flexfilelayout_init: NFSv4 Flexfile Layout Driver Registering...
[    3.437460] fuse: init (API version 7.36)
[    3.437989] SGI XFS with ACLs, security attributes, realtime, quota, no debug enabled
[    3.439815] 9p: Installing v9fs 9p2000 file system support
[    3.447530] Key type asymmetric registered
[    3.447996] Asymmetric key parser 'x509' registered
[    3.450549] alg: self-tests for CTR-KDF (hmac(sha256)) passed
[    3.451233] Block layer SCSI generic (bsg) driver version 0.4 loaded (major 243)
[    3.452113] io scheduler mq-deadline registered
[    3.452609] io scheduler bfq registered
[    3.453773] shpchp: Standard Hot Plug PCI Controller Driver version: 0.4
[    3.454633] IPMI message handler: version 39.2
[    3.455110] ipmi device interface
[    3.456434] input: Power Button as /devices/LNXSYSTM:00/LNXPWRBN:00/input/input0
[    3.457333] ACPI: button: Power Button [PWRF]
[    3.458473] ERST DBG: ERST support is disabled.
[    3.459317] Serial: 8250/16550 driver, 32 ports, IRQ sharing enabled
[    3.460463] 00:04: ttyS0 at I/O 0x3f8 (irq = 4, base_baud = 115200) is a 16550A
[    3.465273] Linux agpgart interface v0.103
[    3.466166] ACPI: bus type drm_connector registered
[    3.473787] brd: module loaded
[    3.478114] loop: module loaded
[    3.481592] scsi host0: ata_piix
[    3.482334] scsi host1: ata_piix
[    3.482718] ata1: PATA max MWDMA2 cmd 0x1f0 ctl 0x3f6 bmdma 0xc040 irq 14
[    3.483348] ata2: PATA max MWDMA2 cmd 0x170 ctl 0x376 bmdma 0xc048 irq 15
[    3.484520] tun: Universal TUN/TAP device driver, 1.6
[    3.485169] e100: Intel(R) PRO/100 Network Driver
[    3.485615] e100: Copyright(c) 1999-2006 Intel Corporation
[    3.486161] e1000: Intel(R) PRO/1000 Network Driver
[    3.486618] e1000: Copyright (c) 1999-2006 Intel Corporation.
[    3.572442] ACPI: \_SB_.LNKC: Enabled at IRQ 11
[    3.641271] ata2: found unknown device (class 0)
[    3.642553] ata1: found unknown device (class 0)
[    3.644468] ata2.00: ATAPI: QEMU DVD-ROM, 2.5+, max UDMA/100
[    3.645914] ata1.00: ATA-7: QEMU HARDDISK, 2.5+, max UDMA/100
[    3.646890] ata1.00: 16777216 sectors, multi 16: LBA48 
[    3.649631] scsi 0:0:0:0: Direct-Access     ATA      QEMU HARDDISK    2.5+ PQ: 0 ANSI: 5
[    3.651813] scsi 0:0:0:0: Attached scsi generic sg0 type 0
[    3.653563] scsi 1:0:0:0: CD-ROM            QEMU     QEMU DVD-ROM     2.5+ PQ: 0 ANSI: 5
[    3.657049] sd 0:0:0:0: [sda] 16777216 512-byte logical blocks: (8.59 GB/8.00 GiB)
[    3.658611] sd 0:0:0:0: [sda] Write Protect is off
[    3.660570] sd 0:0:0:0: [sda] Write cache: enabled, read cache: enabled, doesn't support DPO or FUA
[    3.662020] sd 0:0:0:0: [sda] Preferred minimum I/O size 512 bytes
[    3.679190] sd 0:0:0:0: [sda] Attached SCSI disk
[    3.686105] scsi 1:0:0:0: Attached scsi generic sg1 type 5
[    3.915124] e1000 0000:00:03.0 eth0: (PCI:33MHz:32-bit) 52:54:00:12:34:56
[    3.916352] e1000 0000:00:03.0 eth0: Intel(R) PRO/1000 Network Connection
[    3.917736] e1000e: Intel(R) PRO/1000 Network Driver
[    3.918629] e1000e: Copyright(c) 1999 - 2015 Intel Corporation.
[    3.919817] igb: Intel(R) Gigabit Ethernet Network Driver
[    3.920827] igb: Copyright (c) 2007-2014 Intel Corporation.
[    3.922032] PPP generic driver version 2.4.2
[    3.923540] VFIO - User Level meta-driver version: 0.3
[    3.924561] ehci_hcd: USB 2.0 'Enhanced' Host Controller (EHCI) Driver
[    3.925859] ehci-pci: EHCI PCI platform driver
[    3.926748] ehci-platform: EHCI generic platform driver
[    3.927755] ohci_hcd: USB 1.1 'Open' Host Controller (OHCI) Driver
[    3.928903] ohci-pci: OHCI PCI platform driver
[    3.929811] ohci-platform: OHCI generic platform driver
[    3.930812] uhci_hcd: USB Universal Host Controller Interface driver
[    3.932414] usbcore: registered new interface driver uas
[    3.933493] usbcore: registered new interface driver usb-storage
[    3.934714] i8042: PNP: PS/2 Controller [PNP0303:KBD,PNP0f13:MOU] at 0x60,0x64 irq 1,12
[    3.937219] serio: i8042 KBD port at 0x60,0x64 irq 1
[    3.938107] serio: i8042 AUX port at 0x60,0x64 irq 12
[    3.939762] mousedev: PS/2 mouse device common for all mice
[    3.941644] rtc_cmos 00:05: RTC can wake from S4
[    3.943510] input: AT Translated Set 2 keyboard as /devices/platform/i8042/serio0/input/input1
[    3.945792] rtc_cmos 00:05: registered as rtc0
[    3.946412] input: VirtualPS/2 VMware VMMouse as /devices/platform/i8042/serio1/input/input4
[    3.947236] rtc_cmos 00:05: setting system clock to 2022-11-03T11:24:59 UTC (1667474699)
[    3.950396] rtc_cmos 00:05: alarms up to one day, y3k, 242 bytes nvram, hpet irqs
[    3.950860] input: VirtualPS/2 VMware VMMouse as /devices/platform/i8042/serio1/input/input3
[    3.951954] i2c_dev: i2c /dev entries driver
[    3.954450] device-mapper: core: CONFIG_IMA_DISABLE_HTABLE is disabled. Duplicate IMA measurements will not be recorded in the IMA log.
[    3.956843] device-mapper: uevent: version 1.0.3
[    3.958053] device-mapper: ioctl: 4.47.0-ioctl (2022-07-28) initialised: dm-devel@redhat.com
[    3.959658] intel_pstate: CPU model not supported
[    3.960635] sdhci: Secure Digital Host Controller Interface driver
[    3.961808] sdhci: Copyright(c) Pierre Ossman
[    3.962760] sdhci-pltfm: SDHCI platform and OF driver helper
[    3.963918] ledtrig-cpu: registered to indicate activity on CPUs
[    3.965478] drop_monitor: Initializing network drop monitor service
[    3.967325] NET: Registered PF_INET6 protocol family
[    3.970516] Segment Routing with IPv6
[    3.971300] In-situ OAM (IOAM) with IPv6
[    3.972102] NET: Registered PF_PACKET protocol family
[    3.973380] 9pnet: Installing 9P2000 support
[    3.974428] Key type dns_resolver registered
[    3.976230] IPI shorthand broadcast: enabled
[    3.977183] sched_clock: Marking stable (3968519260, 8536413)->(4028099573, -51043900)
[    3.979121] registered taskstats version 1
[    3.980039] Loading compiled-in X.509 certificates
[    3.981299] zswap: loaded using pool lzo/zbud
[    3.982681] Key type .fscrypt registered
[    3.983428] Key type fscrypt-provisioning registered
[    3.985711] Key type encrypted registered
[    3.986497] ima: No TPM chip found, activating TPM-bypass!
[    3.987518] ima: Allocated hash algorithm: sha1
[    3.988357] ima: No architecture policies found
[    3.989298] evm: Initialising EVM extended attributes:
[    3.990228] evm: security.selinux
[    3.990840] evm: security.SMACK64
[    3.991450] evm: security.SMACK64EXEC
[    3.992128] evm: security.SMACK64TRANSMUTE
[    3.992925] evm: security.SMACK64MMAP
[    3.993618] evm: security.apparmor
[    3.994273] evm: security.ima
[    3.994833] evm: security.capability
[    3.995499] evm: HMAC attrs: 0x1
[    4.002040] PM:   Magic number: 14:794:427
[    4.003629] RAS: Correctable Errors collector initialized.
[    4.005383] md: Waiting for all devices to be available before autodetect
[    4.006264] md: If you don't use raid, use raid=noautodetect
[    4.006990] md: Autodetecting RAID arrays.
[    4.007517] md: autorun ...
[    4.007887] md: ... autorun DONE.
[    4.013977] EXT4-fs (sda): INFO: recovery required on readonly filesystem
[    4.014861] EXT4-fs (sda): write access will be enabled during recovery
[    4.058847] EXT4-fs (sda): recovery complete
[    4.061970] EXT4-fs (sda): mounted filesystem with ordered data mode. Quota mode: none.
[    4.062814] VFS: Mounted root (ext4 filesystem) readonly on device 8:0.
[    4.064276] devtmpfs: mounted
[    4.075651] Freeing unused decrypted memory: 2036K
[    4.077675] Freeing unused kernel image (initmem) memory: 3608K
[    4.078277] Write protecting the kernel read-only data: 40960k
[    4.081416] Freeing unused kernel image (text/rodata gap) memory: 2032K
[    4.082566] Freeing unused kernel image (rodata/data gap) memory: 344K
[    4.184186] x86/mm: Checked W+X mappings: passed, no W+X pages found.
[    4.184898] Run /sbin/init as init process
[    4.401955] systemd[1]: RTC configured in localtime, applying delta of 0 minutes to system time.
[    4.451290] systemd[1]: systemd 239 (239-49.el8) running in system mode. (+PAM +AUDIT +SELINUX +IMA -APPARMOR +SMACK +SYSVINIT +UTMP +LIBCRYPTSETUP +GCRYPT +GNUTLS +ACL +XZ +LZ4 +SECCOMP +BLKID +ELFUTILS +KMOD +IDN2 -IDN +PCRE2 default-hierarchy=legacy)
[    4.454357] systemd[1]: Detected virtualization kvm.
[    4.455028] systemd[1]: Detected architecture x86-64.

Welcome to [0;31mCentOS Stream 8[0m!

[    4.513524] systemd[1]: Set hostname to <test>.
[    6.356998] random: crng init done
[    6.556245] systemd[1]: Listening on Journal Socket.
[[0;32m  OK  [0m] Listening on Journal Socket.
[    6.559217] systemd[1]: Listening on initctl Compatibility Named Pipe.
[[0;32m  OK  [0m] Listening on initctl Compatibility Named Pipe.
[    6.589554] systemd[1]: Starting Remount Root and Kernel File Systems...
         Starting Remount Root and Kernel File Systems...
[    6.593209] systemd[1]: Listening on LVM2 poll daemon socket.
[[0;32m  OK  [0m] Listening on LVM2 poll daemon socket.
[    6.595714] systemd[1]: Listening on multipathd control socket.
[[0;32m  OK  [0m] Listening on multipathd control socket.
[    6.602699] systemd[1]: Mounting Huge Pages File System...
         Mounting Huge Pages File System...
         Starting Load Kernel Modules...
[[0;32m  OK  [0m] Created slice system-sshd\x2dkeygen.slice.
[[0;32m  OK  [0m] Reached target Swap.
[[0;32m  OK  [0m] Listening on udev Control Socket.
[[0;32m  OK  [0m] Set up automount Arbitrary Executabâ€¦rmats File System Automount Point.
[[0;32m  OK  [0m] Created slice system-serial\x2dgetty.slice.
[[0;32m  OK  [0m] Listening on Process Core Dump Socket.
         Mounting Kernel Debug File System...
[[0;32m  OK  [0m] Started Forward Password Requests to Wall Directory Watch.
[[0;32m  OK  [0m] Listening on udev Kernel Socket.
[[0;32m  OK  [0m] Created slice User and Session Slice.
[[0;32m  OK  [0m] Reached target Slices.
[[0;32m  OK  [0m] Created slice system-getty.slice.
         Mounting POSIX Message Queue File System...
         Starting Setup Virtual Console...
[[0;32m  OK  [0m] Listening on Journal Socket (/dev/log).
         Starting Journal Service...
[    6.795583] EXT4-fs (sda): re-mounted. Quota mode: none.
         Starting udev Coldplug all Devices...
[[0;32m  OK  [0m] Listening on Device-mapper event daemon FIFOs.
         Starting Monitoring of LVM2 mirrorsâ€¦ng dmeventd or progress polling...
[[0;32m  OK  [0m] Listening on RPCbind Server Activation Socket.
[[0;32m  OK  [0m] Reached target RPC Port Mapper.
[[0;32m  OK  [0m] Started Remount Root and Kernel File Systems.
[[0;32m  OK  [0m] Mounted Huge Pages File System.
[[0;1;31mFAILED[0m] Failed to start Load Kernel Modules.
See 'systemctl status systemd-modules-load.service' for details.
[[0;32m  OK  [0m] Mounted Kernel Debug File System.
[[0;32m  OK  [0m] Mounted POSIX Message Queue File System.
         Mounting FUSE Control File System...
         Mounting Kernel Configuration File System...
         Starting Apply Kernel Variables...
         Starting Load/Save Random Seed...
         Starting Create Static Device Nodes in /dev...
[[0;32m  OK  [0m] Mounted FUSE Control File System.
[[0;32m  OK  [0m] Mounted Kernel Configuration File System.
[[0;32m  OK  [0m] Started Load/Save Random Seed.
[[0;32m  OK  [0m] Started Journal Service.
[[0;32m  OK  [0m] Started Apply Kernel Variables.
         Starting Flush Journal to Persistent Storage...
[[0;32m  OK  [0m] Started Create Static Device Nodes in /dev.
[[0;32m  OK  [0m] Started udev Coldplug all Devices.
[[0;32m  OK  [0m] Started Setup Virtual Console.
         Starting udev Wait for Complete Device Initialization...
         Starting udev Kernel Device Manager...
[[0;32m  OK  [0m] Started Flush Journal to Persistent Storage.
[[0;32m  OK  [0m] Started udev Kernel Device Manager.
         Starting Show Plymouth Boot Screen...
[[0;32m  OK  [0m] Started Show Plymouth Boot Screen.
[[0;32m  OK  [0m] Started Forward Password Requests to Plymouth Directory Watch.
[[0;32m  OK  [0m] Reached target Local Encrypted Volumes.
[[0;32m  OK  [0m] Reached target Paths.
[[0;32m  OK  [0m] Found device /dev/ttyS0.
[[0;32m  OK  [0m] Started Monitoring of LVM2 mirrors,â€¦sing dmeventd or progress polling.
[[0;32m  OK  [0m] Listening on Load/Save RF Kill Switch Status /dev/rfkill Watch.
[[0;32m  OK  [0m] Started udev Wait for Complete Device Initialization.
[[0;32m  OK  [0m] Reached target Local File Systems (Pre).
[[0;32m  OK  [0m] Reached target Local File Systems.
         Starting Tell Plymouth To Write Out Runtime Data...
         Starting Create Volatile Files and Directories...
         Starting Restore /run/initramfs on shutdown...
[[0;32m  OK  [0m] Started Tell Plymouth To Write Out Runtime Data.
[[0;32m  OK  [0m] Started Restore /run/initramfs on shutdown.
[[0;32m  OK  [0m] Started Create Volatile Files and Directories.
         Mounting RPC Pipe File System...
         Starting RPC Bind...
         Starting Security Auditing Service...
[[0;32m  OK  [0m] Mounted RPC Pipe File System.
[[0;32m  OK  [0m] Reached target rpc_pipefs.target.
[[0;32m  OK  [0m] Started RPC Bind.
[[0;32m  OK  [0m] Started Security Auditing Service.
         Starting Update UTMP about System Boot/Shutdown...
[[0;32m  OK  [0m] Started Update UTMP about System Boot/Shutdown.
[[0;32m  OK  [0m] Reached target System Initialization.
[[0;32m  OK  [0m] Listening on SSSD Kerberos Cache Manager responder socket.
[[0;32m  OK  [0m] Listening on D-Bus System Message Bus Socket.
[[0;32m  OK  [0m] Reached target Sockets.
[[0;32m  OK  [0m] Reached target Basic System.
         Starting Authorization Manager...
         Starting Login Service...
[[0;32m  OK  [0m] Started D-Bus System Message Bus.
         Starting Network Manager...
[[0;32m  OK  [0m] Started daily update of the root trust anchor for DNSSEC.
         Starting NTP client/server...
[[0;32m  OK  [0m] Reached target sshd-keygen.target.
[[0;32m  OK  [0m] Started dnf makecache --timer.
         Starting Self Monitoring and Reporting Technology (SMART) Daemon...
         Starting Auto-connect to subsystemsâ€¦-NVME devices found during boot...
[[0;32m  OK  [0m] Started Daily Cleanup of Temporary Directories.
[[0;32m  OK  [0m] Reached target Timers.
[[0;32m  OK  [0m] Started irqbalance daemon.
[[0;32m  OK  [0m] Started Machine Check Exception Logging Daemon.
[[0;32m  OK  [0m] Started Auto-connect to subsystems â€¦FC-NVME devices found during boot.
[[0;32m  OK  [0m] Started Login Service.
[[0;32m  OK  [0m] Started Self Monitoring and Reporting Technology (SMART) Daemon.
[[0;32m  OK  [0m] Started NTP client/server.
[[0;32m  OK  [0m] Started Network Manager.
         Starting Network Manager Wait Online...
[[0;32m  OK  [0m] Reached target Network.
         Starting Dynamic System Tuning Daemon...
         Starting GSSAPI Proxy Daemon...
         Starting OpenSSH server daemon...
         Starting Hostname Service...
[[0;32m  OK  [0m] Started Authorization Manager.
[[0;32m  OK  [0m] Started GSSAPI Proxy Daemon.
[[0;32m  OK  [0m] Reached target NFS client services.
[[0;32m  OK  [0m] Reached target Remote File Systems (Pre).
[[0;32m  OK  [0m] Reached target Remote File Systems.
         Starting Permit User Sessions...
[[0;32m  OK  [0m] Started OpenSSH server daemon.
[[0;32m  OK  [0m] Started Permit User Sessions.
[[0;32m  OK  [0m] Started Command Scheduler.
         Starting Hold until boot process finishes up...
         Starting Terminate Plymouth Boot Screen...
[    9.257798] e1000: eth0 NIC Link is Up 1000 Mbps Full Duplex, Flow Control: RX
[    9.261047] IPv6: ADDRCONF(NETDEV_CHANGE): eth0: link becomes ready
[    9.803231] Spectre V2 : WARNING: Unprivileged eBPF is enabled with eIBRS on, data leaks possible via Spectre v2 BHB attacks!
[    9.804841] Spectre V2 : WARNING: Unprivileged eBPF is enabled with eIBRS on, data leaks possible via Spectre v2 BHB attacks!

CentOS Stream 8
Kernel 6.0.0-522667b24f08+ on an x86_64

test login: 