c[?7l[2J[0mSeaBIOS (version rel-1.14.0-0-g155821a1990b-prebuilt.qemu.org)


iPXE (http://ipxe.org) 00:03.0 CA00 PCI2.10 PnP PMM+7FF8F030+7FEEF030 CA00
Press Ctrl-B to configure iPXE (PCI 00:03.0)...                                                                               


Booting from ROM..c[?7l[2J[    0.000000] Linux version 5.19.0-74cae210a335+ (root@p-rplp02) (gcc (GCC) 8.5.0 20210514 (Red Hat 8.5.0-15), GNU ld version 2.36.1-2.el8) #1 SMP PREEMPT_DYNAMIC Thu Nov 3 16:50:01 CST 2022
[    0.000000] Command line: console=ttyS0 root=/dev/sda earlyprintk=serial net.ifnames=0
[    0.000000] KERNEL supported cpus:
[    0.000000]   Intel GenuineIntel
[    0.000000]   AMD AuthenticAMD
[    0.000000]   Hygon HygonGenuine
[    0.000000]   Centaur CentaurHauls
[    0.000000]   zhaoxin   Shanghai  
[    0.000000] x86/fpu: Supporting XSAVE feature 0x001: 'x87 floating point registers'
[    0.000000] x86/fpu: Supporting XSAVE feature 0x002: 'SSE registers'
[    0.000000] x86/fpu: Supporting XSAVE feature 0x004: 'AVX registers'
[    0.000000] x86/fpu: Supporting XSAVE feature 0x200: 'Protection Keys User registers'
[    0.000000] x86/fpu: xstate_offset[2]:  576, xstate_sizes[2]:  256
[    0.000000] x86/fpu: xstate_offset[9]:  832, xstate_sizes[9]:    8
[    0.000000] x86/fpu: Enabled xstate features 0x207, context size is 840 bytes, using 'compacted' format.
[    0.000000] signal: max sigframe size: 3632
[    0.000000] BIOS-provided physical RAM map:
[    0.000000] BIOS-e820: [mem 0x0000000000000000-0x000000000009fbff] usable
[    0.000000] BIOS-e820: [mem 0x000000000009fc00-0x000000000009ffff] reserved
[    0.000000] BIOS-e820: [mem 0x00000000000f0000-0x00000000000fffff] reserved
[    0.000000] BIOS-e820: [mem 0x0000000000100000-0x000000007ffdffff] usable
[    0.000000] BIOS-e820: [mem 0x000000007ffe0000-0x000000007fffffff] reserved
[    0.000000] BIOS-e820: [mem 0x00000000feffc000-0x00000000feffffff] reserved
[    0.000000] BIOS-e820: [mem 0x00000000fffc0000-0x00000000ffffffff] reserved
[    0.000000] printk: bootconsole [earlyser0] enabled
[    0.000000] NX (Execute Disable) protection: active
[    0.000000] SMBIOS 2.8 present.
[    0.000000] DMI: QEMU Standard PC (i440FX + PIIX, 1996), BIOS rel-1.14.0-0-g155821a1990b-prebuilt.qemu.org 04/01/2014
[    0.000000] Hypervisor detected: KVM
[    0.000000] kvm-clock: Using msrs 4b564d01 and 4b564d00
[    0.000002] kvm-clock: using sched offset of 269670212 cycles
[    0.000471] clocksource: kvm-clock: mask: 0xffffffffffffffff max_cycles: 0x1cd42e4dffb, max_idle_ns: 881590591483 ns
[    0.001920] tsc: Detected 1881.600 MHz processor
[    0.008472] last_pfn = 0x7ffe0 max_arch_pfn = 0x400000000
[    0.009016] x86/PAT: Configuration [0-7]: WB  WC  UC- UC  WB  WP  UC- WT  
[    0.014334] found SMP MP-table at [mem 0x000f5a90-0x000f5a9f]
[    0.014928] Using GB pages for direct mapping
[    0.016242] ACPI: Early table checksum verification disabled
[    0.016758] ACPI: RSDP 0x00000000000F5870 000014 (v00 BOCHS )
[    0.017288] ACPI: RSDT 0x000000007FFE1959 000034 (v01 BOCHS  BXPC     00000001 BXPC 00000001)
[    0.018066] ACPI: FACP 0x000000007FFE1805 000074 (v01 BOCHS  BXPC     00000001 BXPC 00000001)
[    0.018857] ACPI: DSDT 0x000000007FFE0040 0017C5 (v01 BOCHS  BXPC     00000001 BXPC 00000001)
[    0.019632] ACPI: FACS 0x000000007FFE0000 000040
[    0.020057] ACPI: APIC 0x000000007FFE1879 000080 (v01 BOCHS  BXPC     00000001 BXPC 00000001)
[    0.020831] ACPI: HPET 0x000000007FFE18F9 000038 (v01 BOCHS  BXPC     00000001 BXPC 00000001)
[    0.021606] ACPI: WAET 0x000000007FFE1931 000028 (v01 BOCHS  BXPC     00000001 BXPC 00000001)
[    0.022386] ACPI: Reserving FACP table memory at [mem 0x7ffe1805-0x7ffe1878]
[    0.023017] ACPI: Reserving DSDT table memory at [mem 0x7ffe0040-0x7ffe1804]
[    0.023651] ACPI: Reserving FACS table memory at [mem 0x7ffe0000-0x7ffe003f]
[    0.024282] ACPI: Reserving APIC table memory at [mem 0x7ffe1879-0x7ffe18f8]
[    0.024912] ACPI: Reserving HPET table memory at [mem 0x7ffe18f9-0x7ffe1930]
[    0.025543] ACPI: Reserving WAET table memory at [mem 0x7ffe1931-0x7ffe1958]
[    0.026729] No NUMA configuration found
[    0.027076] Faking a node at [mem 0x0000000000000000-0x000000007ffdffff]
[    0.027727] NODE_DATA(0) allocated [mem 0x7ffb5000-0x7ffdffff]
[    0.031640] Zone ranges:
[    0.031882]   DMA      [mem 0x0000000000001000-0x0000000000ffffff]
[    0.032438]   DMA32    [mem 0x0000000001000000-0x000000007ffdffff]
[    0.032993]   Normal   empty
[    0.033256]   Device   empty
[    0.033516] Movable zone start for each node
[    0.033898] Early memory node ranges
[    0.034224]   node   0: [mem 0x0000000000001000-0x000000000009efff]
[    0.034786]   node   0: [mem 0x0000000000100000-0x000000007ffdffff]
[    0.035349] Initmem setup node 0 [mem 0x0000000000001000-0x000000007ffdffff]
[    0.036329] On node 0, zone DMA: 1 pages in unavailable ranges
[    0.036349] On node 0, zone DMA: 97 pages in unavailable ranges
[    0.042160] On node 0, zone DMA32: 32 pages in unavailable ranges
[    0.042847] ACPI: PM-Timer IO Port: 0x608
[    0.043625] ACPI: LAPIC_NMI (acpi_id[0xff] dfl dfl lint[0x1])
[    0.044090] IOAPIC[0]: apic_id 0, version 17, address 0xfec00000, GSI 0-23
[    0.044619] ACPI: INT_SRC_OVR (bus 0 bus_irq 0 global_irq 2 dfl dfl)
[    0.045108] ACPI: INT_SRC_OVR (bus 0 bus_irq 5 global_irq 5 high level)
[    0.045611] ACPI: INT_SRC_OVR (bus 0 bus_irq 9 global_irq 9 high level)
[    0.046122] ACPI: INT_SRC_OVR (bus 0 bus_irq 10 global_irq 10 high level)
[    0.046710] ACPI: INT_SRC_OVR (bus 0 bus_irq 11 global_irq 11 high level)
[    0.047246] ACPI: Using ACPI (MADT) for SMP configuration information
[    0.047739] ACPI: HPET id: 0x8086a201 base: 0xfed00000
[    0.048147] TSC deadline timer available
[    0.048451] smpboot: Allowing 2 CPUs, 0 hotplug CPUs
[    0.048859] kvm-guest: KVM setup pv remote TLB flush
[    0.049247] kvm-guest: setup PV sched yield
[    0.049610] PM: hibernation: Registered nosave memory: [mem 0x00000000-0x00000fff]
[    0.050215] PM: hibernation: Registered nosave memory: [mem 0x0009f000-0x0009ffff]
[    0.050813] PM: hibernation: Registered nosave memory: [mem 0x000a0000-0x000effff]
[    0.051407] PM: hibernation: Registered nosave memory: [mem 0x000f0000-0x000fffff]
[    0.052012] [mem 0x80000000-0xfeffbfff] available for PCI devices
[    0.052506] Booting paravirtualized kernel on KVM
[    0.052890] clocksource: refined-jiffies: mask: 0xffffffff max_cycles: 0xffffffff, max_idle_ns: 7645519600211568 ns
[    0.053765] setup_percpu: NR_CPUS:8192 nr_cpumask_bits:2 nr_cpu_ids:2 nr_node_ids:1
[    0.055171] percpu: Embedded 62 pages/cpu s217088 r8192 d28672 u1048576
[    0.056934] kvm-guest: PV spinlocks enabled
[    0.057840] PV qspinlock hash table entries: 256 (order: 0, 4096 bytes, linear)
[    0.059245] Fallback order for Node 0: 0 
[    0.059762] Built 1 zonelists, mobility grouping on.  Total pages: 515808
[    0.060372] Policy zone: DMA32
[    0.060651] Kernel command line: net.ifnames=0 console=ttyS0 root=/dev/sda earlyprintk=serial net.ifnames=0
[    0.062248] Dentry cache hash table entries: 262144 (order: 9, 2097152 bytes, linear)
[    0.063130] Inode-cache hash table entries: 131072 (order: 8, 1048576 bytes, linear)
[    0.063934] mem auto-init: stack:off, heap alloc:off, heap free:off
[    0.067684] Memory: 1999736K/2096632K available (30735K kernel code, 3915K rwdata, 7776K rodata, 3592K init, 10728K bss, 96640K reserved, 0K cma-reserved)
[    0.069543] SLUB: HWalign=64, Order=0-3, MinObjects=0, CPUs=2, Nodes=1
[    0.070028] kmemleak: Kernel memory leak detector disabled
[    0.070451] ftrace: allocating 65713 entries in 257 pages
[    0.088376] ftrace: allocated 257 pages with 2 groups
[    0.090288] Dynamic Preempt: voluntary
[    0.090700] rcu: Preemptible hierarchical RCU implementation.
[    0.091200] rcu: 	RCU restricting CPUs from NR_CPUS=8192 to nr_cpu_ids=2.
[    0.091791] 	Trampoline variant of Tasks RCU enabled.
[    0.092230] 	Rude variant of Tasks RCU enabled.
[    0.092623] 	Tracing variant of Tasks RCU enabled.
[    0.093039] rcu: RCU calculated value of scheduler-enlistment delay is 25 jiffies.
[    0.093695] rcu: Adjusting geometry for rcu_fanout_leaf=16, nr_cpu_ids=2
[    0.116070] NR_IRQS: 524544, nr_irqs: 440, preallocated irqs: 16
[    0.116874] rcu: srcu_init: Setting srcu_struct sizes based on contention.
[    0.123539] Console: colour VGA+ 80x25
[    0.123903] printk: console [ttyS0] enabled
[    0.123903] printk: console [ttyS0] enabled
[    0.124646] printk: bootconsole [earlyser0] disabled
[    0.124646] printk: bootconsole [earlyser0] disabled
[    0.125558] ACPI: Core revision 20220331
[    0.126092] clocksource: hpet: mask: 0xffffffff max_cycles: 0xffffffff, max_idle_ns: 19112604467 ns
[    0.126997] APIC: Switch to symmetric I/O mode setup
[    0.127746] x2apic enabled
[    0.128139] Switched APIC routing to physical x2apic.
[    0.128601] kvm-guest: setup PV IPIs
[    0.129596] ..TIMER: vector=0x30 apic1=0 pin1=2 apic2=-1 pin2=-1
[    0.130185] clocksource: tsc-early: mask: 0xffffffffffffffff max_cycles: 0x363e8c91135, max_idle_ns: 881590568389 ns
[    0.131172] Calibrating delay loop (skipped) preset value.. 3763.20 BogoMIPS (lpj=7526400)
[    0.131908] pid_max: default: 32768 minimum: 301
[    0.132465] LSM: Security Framework initializing
[    0.132884] Yama: becoming mindful.
[    0.133342] Mount-cache hash table entries: 4096 (order: 3, 32768 bytes, linear)
[    0.134008] Mountpoint-cache hash table entries: 4096 (order: 3, 32768 bytes, linear)
[    0.135512] x86/cpu: User Mode Instruction Prevention (UMIP) activated
[    0.136260] Last level iTLB entries: 4KB 0, 2MB 0, 4MB 0
[    0.136740] Last level dTLB entries: 4KB 0, 2MB 0, 4MB 0, 1GB 0
[    0.137276] Spectre V1 : Mitigation: usercopy/swapgs barriers and __user pointer sanitization
[    0.138027] Spectre V2 : WARNING: Unprivileged eBPF is enabled with eIBRS on, data leaks possible via Spectre v2 BHB attacks!
[    0.139037] Spectre V2 : Mitigation: Enhanced IBRS
[    0.139168] Spectre V2 : Spectre v2 / SpectreRSB mitigation: Filling RSB on context switch
[    0.139873] Spectre V2 : mitigation: Enabling conditional Indirect Branch Prediction Barrier
[    0.140594] Speculative Store Bypass: Mitigation: Speculative Store Bypass disabled via prctl
[    0.220058] Freeing SMP alternatives memory: 56K
[    0.220551] smpboot: CPU0: Genuine Intel(R) 0000 (family: 0x6, model: 0xba, stepping: 0x2)
[    0.221292] cblist_init_generic: Setting adjustable number of callback queues.
[    0.221801] cblist_init_generic: Setting shift to 1 and lim to 1.
[    0.222253] cblist_init_generic: Setting shift to 1 and lim to 1.
[    0.222714] cblist_init_generic: Setting shift to 1 and lim to 1.
[    0.223163] Performance Events: Alderlake Hybrid events, full-width counters, Intel PMU driver.
[    0.223163] core: cpu_core PMU driver: 
[    0.223163] ... version:                2
[    0.223166] ... bit width:              48
[    0.223461] ... generic registers:      6
[    0.223754] ... value mask:             0000ffffffffffff
[    0.224137] ... max period:             00007fffffffffff
[    0.224518] ... fixed-purpose events:   3
[    0.224812] ... event mask:             0001000f0000003f
[    0.225261] rcu: Hierarchical SRCU implementation.
[    0.225609] rcu: 	Max phase no-delay instances is 1000.
[    0.227652] unchecked MSR access error: WRMSR to 0x38f (tried to write 0x0001000f0000003f) at rIP: 0xffffffff810c10dc (native_write_msr+0xc/0x30)
[    0.228620] Call Trace:
[    0.228808]  <TASK>
[    0.228982]  __intel_pmu_enable_all.constprop.45+0x68/0x100
[    0.229409]  intel_pmu_enable_all+0x1e/0x30
[    0.229733]  x86_pmu_enable+0x46d/0x5a0
[    0.230033]  ? write_comp_data+0x2f/0x90
[    0.230339]  perf_pmu_enable+0x53/0x70
[    0.230637]  ctx_resched+0xab/0xf0
[    0.230910]  __perf_install_in_context+0x210/0x3c0
[    0.231163]  ? perf_duration_warn+0x50/0x50
[    0.231163]  remote_function+0x80/0xa0
[    0.231163]  ? perf_duration_warn+0x50/0x50
[    0.231163]  generic_exec_single+0xea/0x150
[    0.231163]  ? perf_duration_warn+0x50/0x50
[    0.231163]  smp_call_function_single+0x11c/0x240
[    0.231163]  ? perf_duration_warn+0x50/0x50
[    0.231163]  ? __sanitizer_cov_trace_pc+0x25/0x60
[    0.231163]  ? write_comp_data+0x2f/0x90
[    0.231163]  perf_install_in_context+0x292/0x2c0
[    0.231163]  ? ctx_resched+0xf0/0xf0
[    0.231163]  perf_event_create_kernel_counter+0x168/0x200
[    0.231163]  ? hardlockup_detector_event_create+0xd0/0xd0
[    0.231163]  hardlockup_detector_event_create+0x46/0xd0
[    0.231163]  hardlockup_detector_perf_init+0x18/0x66
[    0.231163]  watchdog_nmi_probe+0x17/0x1d
[    0.231163]  lockup_detector_init+0x40/0xad
[    0.231163]  kernel_init_freeable+0x1b0/0x35d
[    0.231163]  ? rest_init+0xe0/0xe0
[    0.231163]  kernel_init+0x24/0x1e0
[    0.231163]  ? rest_init+0xe0/0xe0
[    0.231163]  ret_from_fork+0x1f/0x30
[    0.231163]  </TASK>
[    0.231277] smp: Bringing up secondary CPUs ...
[    0.231829] x86: Booting SMP configuration:
[    0.232193] .... node  #0, CPUs:      #1
[    0.009683] smpboot: CPU 1 Converting physical 0 to logical die 1
[    0.235282] smp: Brought up 1 node, 2 CPUs
[    0.235659] smpboot: Max logical packages: 2
[    0.236027] smpboot: Total of 2 processors activated (7526.40 BogoMIPS)
[    0.237277] devtmpfs: initialized
[    0.237277] x86/mm: Memory block size: 128MB
[    0.239410] clocksource: jiffies: mask: 0xffffffff max_cycles: 0xffffffff, max_idle_ns: 7645041785100000 ns
[    0.240253] futex hash table entries: 512 (order: 3, 32768 bytes, linear)
[    0.240952] pinctrl core: initialized pinctrl subsystem
[    0.241592] 
[    0.241729] *************************************************************
[    0.242323] **     NOTICE NOTICE NOTICE NOTICE NOTICE NOTICE NOTICE    **
[    0.243172] **                                                         **
[    0.243753] **  IOMMU DebugFS SUPPORT HAS BEEN ENABLED IN THIS KERNEL  **
[    0.244332] **                                                         **
[    0.244909] ** This means that this kernel is built to expose internal **
[    0.245486] ** IOMMU data structures, which may compromise security on **
[    0.246075] ** your system.                                            **
[    0.246655] **                                                         **
[    0.247168] ** If you see this message and you are not debugging the   **
[    0.247750] ** kernel, report this immediately to your vendor!         **
[    0.248328] **                                                         **
[    0.248905] **     NOTICE NOTICE NOTICE NOTICE NOTICE NOTICE NOTICE    **
[    0.249483] *************************************************************
[    0.250110] PM: RTC time: 09:17:19, date: 2022-11-03
[    0.252553] NET: Registered PF_NETLINK/PF_ROUTE protocol family
[    0.253310] DMA: preallocated 256 KiB GFP_KERNEL pool for atomic allocations
[    0.253824] DMA: preallocated 256 KiB GFP_KERNEL|GFP_DMA pool for atomic allocations
[    0.254378] DMA: preallocated 256 KiB GFP_KERNEL|GFP_DMA32 pool for atomic allocations
[    0.254959] audit: initializing netlink subsys (disabled)
[    0.255202] audit: type=2000 audit(1667467040.235:1): state=initialized audit_enabled=0 res=1
[    0.255442] thermal_sys: Registered thermal governor 'fair_share'
[    0.255821] thermal_sys: Registered thermal governor 'bang_bang'
[    0.256261] thermal_sys: Registered thermal governor 'step_wise'
[    0.256691] thermal_sys: Registered thermal governor 'user_space'
[    0.257135] cpuidle: using governor ladder
[    0.257874] cpuidle: using governor menu
[    0.258399] HugeTLB: can optimize 4095 vmemmap pages for hugepages-1048576kB
[    0.258913] acpiphp: ACPI Hot Plug PCI Controller Driver version: 0.5
[    0.259346] PCI: Using configuration type 1 for base access
[    0.267089] kprobes: kprobe jump-optimization is enabled. All kprobes are optimized if possible.
[    0.370867] HugeTLB: can optimize 7 vmemmap pages for hugepages-2048kB
[    0.371171] HugeTLB registered 1.00 GiB page size, pre-allocated 0 pages
[    0.371746] HugeTLB registered 2.00 MiB page size, pre-allocated 0 pages
[    0.373376] ACPI: Added _OSI(Module Device)
[    0.373763] ACPI: Added _OSI(Processor Device)
[    0.374147] ACPI: Added _OSI(3.0 _SCP Extensions)
[    0.374552] ACPI: Added _OSI(Processor Aggregator Device)
[    0.375016] ACPI: Added _OSI(Linux-Dell-Video)
[    0.375184] ACPI: Added _OSI(Linux-Lenovo-NV-HDMI-Audio)
[    0.375649] ACPI: Added _OSI(Linux-HPI-Hybrid-Graphics)
[    0.380056] ACPI: 1 ACPI AML tables successfully acquired and loaded
[    0.382854] ACPI: Interpreter enabled
[    0.383224] ACPI: PM: (supports S0 S3 S4 S5)
[    0.383594] ACPI: Using IOAPIC for interrupt routing
[    0.384059] PCI: Using host bridge windows from ACPI; if necessary, use "pci=nocrs" and report a bug
[    0.384834] PCI: Using E820 reservations for host bridge windows
[    0.385809] ACPI: Enabled 2 GPEs in block 00 to 0F
[    0.396287] ACPI: PCI Root Bridge [PCI0] (domain 0000 [bus 00-ff])
[    0.396847] acpi PNP0A03:00: _OSC: OS supports [ASPM ClockPM Segments MSI EDR HPX-Type3]
[    0.397543] acpi PNP0A03:00: _OSC: not requesting OS control; OS requires [ExtendedConfig ASPM ClockPM MSI]
[    0.398401] acpi PNP0A03:00: fail to add MMCONFIG information, can't access extended PCI configuration space under this bridge.
[    0.400494] acpiphp: Slot [3] registered
[    0.400884] acpiphp: Slot [4] registered
[    0.401267] acpiphp: Slot [5] registered
[    0.401649] acpiphp: Slot [6] registered
[    0.402032] acpiphp: Slot [7] registered
[    0.402412] acpiphp: Slot [8] registered
[    0.402796] acpiphp: Slot [9] registered
[    0.403181] acpiphp: Slot [10] registered
[    0.403575] acpiphp: Slot [11] registered
[    0.403978] acpiphp: Slot [12] registered
[    0.404370] acpiphp: Slot [13] registered
[    0.404759] acpiphp: Slot [14] registered
[    0.405147] acpiphp: Slot [15] registered
[    0.405535] acpiphp: Slot [16] registered
[    0.405934] acpiphp: Slot [17] registered
[    0.406322] acpiphp: Slot [18] registered
[    0.406713] acpiphp: Slot [19] registered
[    0.407103] acpiphp: Slot [20] registered
[    0.407208] acpiphp: Slot [21] registered
[    0.407605] acpiphp: Slot [22] registered
[    0.407992] acpiphp: Slot [23] registered
[    0.408387] acpiphp: Slot [24] registered
[    0.408779] acpiphp: Slot [25] registered
[    0.409170] acpiphp: Slot [26] registered
[    0.409561] acpiphp: Slot [27] registered
[    0.409951] acpiphp: Slot [28] registered
[    0.410339] acpiphp: Slot [29] registered
[    0.410734] acpiphp: Slot [30] registered
[    0.411124] acpiphp: Slot [31] registered
[    0.411179] PCI host bridge to bus 0000:00
[    0.411536] pci_bus 0000:00: root bus resource [io  0x0000-0x0cf7 window]
[    0.412121] pci_bus 0000:00: root bus resource [io  0x0d00-0xffff window]
[    0.412706] pci_bus 0000:00: root bus resource [mem 0x000a0000-0x000bffff window]
[    0.413348] pci_bus 0000:00: root bus resource [mem 0x80000000-0xfebfffff window]
[    0.413990] pci_bus 0000:00: root bus resource [mem 0x100000000-0x17fffffff window]
[    0.414649] pci_bus 0000:00: root bus resource [bus 00-ff]
[    0.415190] pci 0000:00:00.0: [8086:1237] type 00 class 0x060000
[    0.417696] pci 0000:00:01.0: [8086:7000] type 00 class 0x060100
[    0.418679] pci 0000:00:01.1: [8086:7010] type 00 class 0x010180
[    0.420613] pci 0000:00:01.1: reg 0x20: [io  0xc040-0xc04f]
[    0.421795] pci 0000:00:01.1: legacy IDE quirk: reg 0x10: [io  0x01f0-0x01f7]
[    0.422824] pci 0000:00:01.1: legacy IDE quirk: reg 0x14: [io  0x03f6]
[    0.423169] pci 0000:00:01.1: legacy IDE quirk: reg 0x18: [io  0x0170-0x0177]
[    0.423782] pci 0000:00:01.1: legacy IDE quirk: reg 0x1c: [io  0x0376]
[    0.424555] pci 0000:00:01.3: [8086:7113] type 00 class 0x068000
[    0.425327] pci 0000:00:01.3: quirk: [io  0x0600-0x063f] claimed by PIIX4 ACPI
[    0.425952] pci 0000:00:01.3: quirk: [io  0x0700-0x070f] claimed by PIIX4 SMB
[    0.426754] pci 0000:00:02.0: [1234:1111] type 00 class 0x030000
[    0.428018] pci 0000:00:02.0: reg 0x10: [mem 0xfd000000-0xfdffffff pref]
[    0.429989] pci 0000:00:02.0: reg 0x18: [mem 0xfebf0000-0xfebf0fff]
[    0.433045] pci 0000:00:02.0: reg 0x30: [mem 0xfebe0000-0xfebeffff pref]
[    0.433722] pci 0000:00:02.0: Video device with shadowed ROM at [mem 0x000c0000-0x000dffff]
[    0.436359] pci 0000:00:03.0: [8086:100e] type 00 class 0x020000
[    0.437391] pci 0000:00:03.0: reg 0x10: [mem 0xfebc0000-0xfebdffff]
[    0.438384] pci 0000:00:03.0: reg 0x14: [io  0xc000-0xc03f]
[    0.442035] pci 0000:00:03.0: reg 0x30: [mem 0xfeb80000-0xfebbffff pref]
[    0.450471] ACPI: PCI: Interrupt link LNKA configured for IRQ 10
[    0.451299] ACPI: PCI: Interrupt link LNKB configured for IRQ 10
[    0.452096] ACPI: PCI: Interrupt link LNKC configured for IRQ 11
[    0.452891] ACPI: PCI: Interrupt link LNKD configured for IRQ 11
[    0.453609] ACPI: PCI: Interrupt link LNKS configured for IRQ 9
[    0.454805] iommu: Default domain type: Translated 
[    0.455172] iommu: DMA domain TLB invalidation policy: lazy mode 
[    0.456161] SCSI subsystem initialized
[    0.456623] ACPI: bus type USB registered
[    0.457018] usbcore: registered new interface driver usbfs
[    0.457525] usbcore: registered new interface driver hub
[    0.458030] usbcore: registered new device driver usb
[    0.458544] pps_core: LinuxPPS API ver. 1 registered
[    0.458988] pps_core: Software ver. 5.3.6 - Copyright 2005-2007 Rodolfo Giometti <giometti@linux.it>
[    0.459172] PTP clock support registered
[    0.459606] EDAC MC: Ver: 3.0.0
[    0.460520] NetLabel: Initializing
[    0.460840] NetLabel:  domain hash size = 128
[    0.461240] NetLabel:  protocols = UNLABELED CIPSOv4 CALIPSO
[    0.461769] NetLabel:  unlabeled traffic allowed by default
[    0.462356] PCI: Using ACPI for IRQ routing
[    0.462866] pci 0000:00:02.0: vgaarb: setting as boot VGA device
[    0.463163] pci 0000:00:02.0: vgaarb: bridge control possible
[    0.463163] pci 0000:00:02.0: vgaarb: VGA device added: decodes=io+mem,owns=io+mem,locks=none
[    0.463168] vgaarb: loaded
[    0.463670] hpet0: at MMIO 0xfed00000, IRQs 2, 8, 0
[    0.464129] hpet0: 3 comparators, 64-bit 100.000000 MHz counter
[    2.654060] clocksource: Switched to clocksource kvm-clock
[    2.654869] VFS: Disk quotas dquot_6.6.0
[    2.655163] VFS: Dquot-cache hash table entries: 512 (order 0, 4096 bytes)
[    2.655163] pnp: PnP ACPI init
[    2.655163] pnp: PnP ACPI: found 6 devices
[    2.662598] clocksource: acpi_pm: mask: 0xffffff max_cycles: 0xffffff, max_idle_ns: 2085701024 ns
[    2.663682] NET: Registered PF_INET protocol family
[    2.664206] IP idents hash table entries: 32768 (order: 6, 262144 bytes, linear)
[    2.666124] tcp_listen_portaddr_hash hash table entries: 1024 (order: 2, 16384 bytes, linear)
[    2.666905] Table-perturb hash table entries: 65536 (order: 6, 262144 bytes, linear)
[    2.667624] TCP established hash table entries: 16384 (order: 5, 131072 bytes, linear)
[    2.668696] TCP bind hash table entries: 16384 (order: 6, 262144 bytes, linear)
[    2.669433] TCP: Hash tables configured (established 16384 bind 16384)
[    2.670049] UDP hash table entries: 1024 (order: 3, 32768 bytes, linear)
[    2.670656] UDP-Lite hash table entries: 1024 (order: 3, 32768 bytes, linear)
[    2.671398] NET: Registered PF_UNIX/PF_LOCAL protocol family
[    2.672075] RPC: Registered named UNIX socket transport module.
[    2.672603] RPC: Registered udp transport module.
[    2.673020] RPC: Registered tcp transport module.
[    2.673439] RPC: Registered tcp NFSv4.1 backchannel transport module.
[    2.674025] pci_bus 0000:00: resource 4 [io  0x0000-0x0cf7 window]
[    2.674580] pci_bus 0000:00: resource 5 [io  0x0d00-0xffff window]
[    2.675139] pci_bus 0000:00: resource 6 [mem 0x000a0000-0x000bffff window]
[    2.675763] pci_bus 0000:00: resource 7 [mem 0x80000000-0xfebfffff window]
[    2.676376] pci_bus 0000:00: resource 8 [mem 0x100000000-0x17fffffff window]
[    2.677160] pci 0000:00:01.0: PIIX3: Enabling Passive Release
[    2.677676] pci 0000:00:00.0: Limiting direct PCI/PCI transfers
[    2.678298] PCI: CLS 0 bytes, default 64
[    2.678843] clocksource: tsc: mask: 0xffffffffffffffff max_cycles: 0x363e8c91135, max_idle_ns: 881590568389 ns
[    2.728486] Initialise system trusted keyrings
[    2.728834] Key type blacklist registered
[    2.729345] workingset: timestamp_bits=36 max_order=19 bucket_order=0
[    2.733477] zbud: loaded
[    2.734293] squashfs: version 4.0 (2009/01/31) Phillip Lougher
[    2.735366] NFS: Registering the id_resolver key type
[    2.735710] Key type id_resolver registered
[    2.735987] Key type id_legacy registered
[    2.736295] nfs4filelayout_init: NFSv4 File Layout Driver Registering...
[    2.736739] nfs4flexfilelayout_init: NFSv4 Flexfile Layout Driver Registering...
[    2.737274] fuse: init (API version 7.36)
[    2.737662] SGI XFS with ACLs, security attributes, realtime, quota, no debug enabled
[    2.738953] 9p: Installing v9fs 9p2000 file system support
[    2.744774] Key type asymmetric registered
[    2.745074] Asymmetric key parser 'x509' registered
[    2.746289] alg: self-tests for CTR-KDF (hmac(sha256)) passed
[    2.746781] Block layer SCSI generic (bsg) driver version 0.4 loaded (major 243)
[    2.747554] io scheduler mq-deadline registered
[    2.747952] io scheduler bfq registered
[    2.749060] shpchp: Standard Hot Plug PCI Controller Driver version: 0.4
[    2.749775] IPMI message handler: version 39.2
[    2.750170] ipmi device interface
[    2.751359] input: Power Button as /devices/LNXSYSTM:00/LNXPWRBN:00/input/input0
[    2.752011] ACPI: button: Power Button [PWRF]
[    2.753051] ERST DBG: ERST support is disabled.
[    2.753804] Serial: 8250/16550 driver, 32 ports, IRQ sharing enabled
[    2.754663] 00:04: ttyS0 at I/O 0x3f8 (irq = 4, base_baud = 115200) is a 16550A
[    2.758741] Linux agpgart interface v0.103
[    2.759464] ACPI: bus type drm_connector registered
[    2.766087] brd: module loaded
[    2.770206] loop: module loaded
[    2.773188] scsi host0: ata_piix
[    2.773783] scsi host1: ata_piix
[    2.774146] ata1: PATA max MWDMA2 cmd 0x1f0 ctl 0x3f6 bmdma 0xc040 irq 14
[    2.774752] ata2: PATA max MWDMA2 cmd 0x170 ctl 0x376 bmdma 0xc048 irq 15
[    2.775903] tun: Universal TUN/TAP device driver, 1.6
[    2.776438] e100: Intel(R) PRO/100 Network Driver
[    2.776860] e100: Copyright(c) 1999-2006 Intel Corporation
[    2.777380] e1000: Intel(R) PRO/1000 Network Driver
[    2.777816] e1000: Copyright (c) 1999-2006 Intel Corporation.
[    2.852891] ACPI: \_SB_.LNKC: Enabled at IRQ 11
[    2.935374] ata1: found unknown device (class 0)
[    2.936096] ata1.00: ATA-7: QEMU HARDDISK, 2.5+, max UDMA/100
[    2.936530] ata1.00: 16777216 sectors, multi 16: LBA48 
[    2.937385] scsi 0:0:0:0: Direct-Access     ATA      QEMU HARDDISK    2.5+ PQ: 0 ANSI: 5
[    2.938322] ata2: found unknown device (class 0)
[    2.939016] ata2.00: ATAPI: QEMU DVD-ROM, 2.5+, max UDMA/100
[    2.940068] sd 0:0:0:0: [sda] 16777216 512-byte logical blocks: (8.59 GB/8.00 GiB)
[    2.940663] sd 0:0:0:0: [sda] Write Protect is off
[    2.941057] sd 0:0:0:0: Attached scsi generic sg0 type 0
[    2.941504] sd 0:0:0:0: [sda] Write cache: enabled, read cache: enabled, doesn't support DPO or FUA
[    2.942223] sd 0:0:0:0: [sda] Preferred minimum I/O size 512 bytes
[    2.943340] scsi 1:0:0:0: CD-ROM            QEMU     QEMU DVD-ROM     2.5+ PQ: 0 ANSI: 5
[    2.956723] sd 0:0:0:0: [sda] Attached SCSI disk
[    2.971624] scsi 1:0:0:0: Attached scsi generic sg1 type 5
[    3.169431] e1000 0000:00:03.0 eth0: (PCI:33MHz:32-bit) 52:54:00:12:34:56
[    3.169923] e1000 0000:00:03.0 eth0: Intel(R) PRO/1000 Network Connection
[    3.170427] e1000e: Intel(R) PRO/1000 Network Driver
[    3.170753] e1000e: Copyright(c) 1999 - 2015 Intel Corporation.
[    3.171188] igb: Intel(R) Gigabit Ethernet Network Driver
[    3.171542] igb: Copyright (c) 2007-2014 Intel Corporation.
[    3.171963] PPP generic driver version 2.4.2
[    3.172675] VFIO - User Level meta-driver version: 0.3
[    3.173042] ehci_hcd: USB 2.0 'Enhanced' Host Controller (EHCI) Driver
[    3.173472] ehci-pci: EHCI PCI platform driver
[    3.173778] ehci-platform: EHCI generic platform driver
[    3.174130] ohci_hcd: USB 1.1 'Open' Host Controller (OHCI) Driver
[    3.174534] ohci-pci: OHCI PCI platform driver
[    3.174839] ohci-platform: OHCI generic platform driver
[    3.175222] uhci_hcd: USB Universal Host Controller Interface driver
[    3.175923] usbcore: registered new interface driver uas
[    3.176299] usbcore: registered new interface driver usb-storage
[    3.176765] i8042: PNP: PS/2 Controller [PNP0303:KBD,PNP0f13:MOU] at 0x60,0x64 irq 1,12
[    3.177769] serio: i8042 KBD port at 0x60,0x64 irq 1
[    3.178103] serio: i8042 AUX port at 0x60,0x64 irq 12
[    3.178773] mousedev: PS/2 mouse device common for all mice
[    3.179498] rtc_cmos 00:05: RTC can wake from S4
[    3.180222] input: AT Translated Set 2 keyboard as /devices/platform/i8042/serio0/input/input1
[    3.181386] input: VirtualPS/2 VMware VMMouse as /devices/platform/i8042/serio1/input/input4
[    3.182239] input: VirtualPS/2 VMware VMMouse as /devices/platform/i8042/serio1/input/input3
[    3.182820] rtc_cmos 00:05: registered as rtc0
[    3.183245] rtc_cmos 00:05: setting system clock to 2022-11-03T09:17:22 UTC (1667467042)
[    3.183843] rtc_cmos 00:05: alarms up to one day, y3k, 242 bytes nvram, hpet irqs
[    3.184346] i2c_dev: i2c /dev entries driver
[    3.184648] device-mapper: core: CONFIG_IMA_DISABLE_HTABLE is disabled. Duplicate IMA measurements will not be recorded in the IMA log.
[    3.185487] device-mapper: uevent: version 1.0.3
[    3.186009] device-mapper: ioctl: 4.47.0-ioctl (2022-07-28) initialised: dm-devel@redhat.com
[    3.186562] intel_pstate: CPU model not supported
[    3.186908] sdhci: Secure Digital Host Controller Interface driver
[    3.187333] sdhci: Copyright(c) Pierre Ossman
[    3.187660] sdhci-pltfm: SDHCI platform and OF driver helper
[    3.188166] ledtrig-cpu: registered to indicate activity on CPUs
[    3.188686] drop_monitor: Initializing network drop monitor service
[    3.189373] NET: Registered PF_INET6 protocol family
[    3.190315] Segment Routing with IPv6
[    3.190578] In-situ OAM (IOAM) with IPv6
[    3.190855] NET: Registered PF_PACKET protocol family
[    3.191311] 9pnet: Installing 9P2000 support
[    3.191611] Key type dns_resolver registered
[    3.192388] IPI shorthand broadcast: enabled
[    3.192696] sched_clock: Marking stable (3186549883, 5683145)->(3231378180, -39145152)
[    3.193439] registered taskstats version 1
[    3.193790] Loading compiled-in X.509 certificates
[    3.194225] zswap: loaded using pool lzo/zbud
[    3.195104] Key type ._fscrypt registered
[    3.195383] Key type .fscrypt registered
[    3.195654] Key type fscrypt-provisioning registered
[    3.196415] Key type encrypted registered
[    3.196696] ima: No TPM chip found, activating TPM-bypass!
[    3.197071] ima: Allocated hash algorithm: sha1
[    3.197384] ima: No architecture policies found
[    3.197724] evm: Initialising EVM extended attributes:
[    3.198068] evm: security.selinux
[    3.198294] evm: security.SMACK64
[    3.198519] evm: security.SMACK64EXEC
[    3.198771] evm: security.SMACK64TRANSMUTE
[    3.199060] evm: security.SMACK64MMAP
[    3.199331] evm: security.apparmor
[    3.199565] evm: security.ima
[    3.199772] evm: security.capability
[    3.200017] evm: HMAC attrs: 0x1
[    3.202175] PM:   Magic number: 14:926:271
[    3.202693] RAS: Correctable Errors collector initialized.
[    3.203311] md: Waiting for all devices to be available before autodetect
[    3.203684] md: If you don't use raid, use raid=noautodetect
[    3.203976] md: Autodetecting RAID arrays.
[    3.204190] md: autorun ...
[    3.204339] md: ... autorun DONE.
[    3.208386] EXT4-fs (sda): INFO: recovery required on readonly filesystem
[    3.208760] EXT4-fs (sda): write access will be enabled during recovery
[    3.225034] EXT4-fs (sda): recovery complete
[    3.227385] EXT4-fs (sda): mounted filesystem with ordered data mode. Quota mode: none.
[    3.227964] VFS: Mounted root (ext4 filesystem) readonly on device 8:0.
[    3.229159] devtmpfs: mounted
[    3.238980] Freeing unused decrypted memory: 2036K
[    3.240264] Freeing unused kernel image (initmem) memory: 3592K
[    3.240554] Write protecting the kernel read-only data: 40960k
[    3.242794] Freeing unused kernel image (text/rodata gap) memory: 2032K
[    3.243569] Freeing unused kernel image (rodata/data gap) memory: 416K
[    3.324508] x86/mm: Checked W+X mappings: passed, no W+X pages found.
[    3.324834] Run /sbin/init as init process
[    3.450288] systemd[1]: RTC configured in localtime, applying delta of 0 minutes to system time.
[    3.468963] systemd[1]: systemd 239 (239-49.el8) running in system mode. (+PAM +AUDIT +SELINUX +IMA -APPARMOR +SMACK +SYSVINIT +UTMP +LIBCRYPTSETUP +GCRYPT +GNUTLS +ACL +XZ +LZ4 +SECCOMP +BLKID +ELFUTILS +KMOD +IDN2 -IDN +PCRE2 default-hierarchy=legacy)
[    3.470375] systemd[1]: Detected virtualization kvm.
[    3.470686] systemd[1]: Detected architecture x86-64.

Welcome to [0;31mCentOS Stream 8[0m!

[    3.505582] systemd[1]: Set hostname to <test>.
[    5.451175] random: crng init done
[    5.535648] systemd[1]: Listening on Journal Socket (/dev/log).
[[0;32m  OK  [0m] Listening on Journal Socket (/dev/log).
[    5.536878] systemd[1]: Listening on Journal Socket.
[[0;32m  OK  [0m] Listening on Journal Socket.
[    5.567248] systemd[1]: Mounting Kernel Debug File System...
         Mounting Kernel Debug File System...
[    5.569101] systemd[1]: Mounting POSIX Message Queue File System...
         Mounting POSIX Message Queue File System...
[    5.570934] systemd[1]: Starting Journal Service...
         Starting Journal Service...
[    5.571570] systemd[1]: Listening on multipathd control socket.
[[0;32m  OK  [0m] Listening on multipathd control socket.
         Mounting Huge Pages File System...
         Starting Load Kernel Modules...
[[0;32m  OK  [0m] Listening on Device-mapper event daemon FIFOs.
         Starting Setup Virtual Console...
[[0;32m  OK  [0m] Created slice system-sshd\x2dkeygen.slice.
[[0;32m  OK  [0m] Listening on udev Kernel Socket.
[[0;32m  OK  [0m] Listening on initctl Compatibility Named Pipe.
[[0;32m  OK  [0m] Reached target Swap.
[[0;32m  OK  [0m] Started Forward Password Requests to Wall Directory Watch.
[[0;32m  OK  [0m] Set up automount Arbitrary Executabâ€¦rmats File System Automount Point.
         Starting Remount Root and Kernel File Systems...
[[0;32m  OK  [0m] Listening on udev Control Socket.
         Starting udev Coldplug all Devices...
[[0;32m  OK  [0m] Created slice system-serial\x2dgetty.slice.
         Starting Monitoring of LVM2 mirrorsâ€¦ng dmeventd or progress polling...
[[0;32m  OK  [0m] Created slice User and Session Slice.
[[0;32m  OK  [0m] Reached target Slices.
[[0;32m  OK  [0m] Listening on Process Core Dump Socket.
[[0;32m  OK  [0m] Created slice system-getty.slice.
[[0;32m  OK  [0m] Listening on RPCbind Server Activation Socket.
[[0;32m  OK  [0m] Reached target RPC Port Mapper.
[[0;32m  OK  [0m] Listening on LVM2 poll daemon socket.
[[0;32m  OK  [0m] Mounted Kernel Debug File System.
[[0;32m  OK  [0m] Mounted POSIX Message Queue File System.
[[0;32m  OK  [0m] Mounted Huge Pages File System.
[[0;1;31mFAILED[0m] Failed to start Load Kernel Modules.
See 'systemctl status systemd-modules-load.service' for details.
         Mounting FUSE Control File System...
         Mounting Kernel Configuration File System...
         Starting Apply Kernel Variables...
[[0;32m  OK  [0m] Started Journal Service.
[    5.733805] EXT4-fs (sda): re-mounted. Quota mode: none.
[[0;32m  OK  [0m] Started Remount Root and Kernel File Systems.
[[0;32m  OK  [0m] Mounted FUSE Control File System.
[[0;32m  OK  [0m] Mounted Kernel Configuration File System.
[[0;32m  OK  [0m] Started Apply Kernel Variables.
         Starting Load/Save Random Seed...
         Starting Create Static Device Nodes in /dev...
         Starting Flush Journal to Persistent Storage...
[[0;32m  OK  [0m] Started Load/Save Random Seed.
[[0;32m  OK  [0m] Started Flush Journal to Persistent Storage.
[[0;32m  OK  [0m] Started Create Static Device Nodes in /dev.
         Starting udev Kernel Device Manager...
[[0;32m  OK  [0m] Started udev Coldplug all Devices.
         Starting udev Wait for Complete Device Initialization...
[[0;32m  OK  [0m] Started Setup Virtual Console.
[[0;32m  OK  [0m] Started udev Kernel Device Manager.
         Starting Show Plymouth Boot Screen...
[[0;32m  OK  [0m] Started Show Plymouth Boot Screen.
[[0;32m  OK  [0m] Started Forward Password Requests to Plymouth Directory Watch.
[[0;32m  OK  [0m] Reached target Paths.
[[0;32m  OK  [0m] Reached target Local Encrypted Volumes.
[[0;32m  OK  [0m] Found device /dev/ttyS0.
[[0;32m  OK  [0m] Listening on Load/Save RF Kill Switch Status /dev/rfkill Watch.
[[0;32m  OK  [0m] Started udev Wait for Complete Device Initialization.
[[0;32m  OK  [0m] Started Monitoring of LVM2 mirrors,â€¦sing dmeventd or progress polling.
[[0;32m  OK  [0m] Reached target Local File Systems (Pre).
[[0;32m  OK  [0m] Reached target Local File Systems.
         Starting Tell Plymouth To Write Out Runtime Data...
         Starting Restore /run/initramfs on shutdown...
         Starting Create Volatile Files and Directories...
[[0;32m  OK  [0m] Started Tell Plymouth To Write Out Runtime Data.
[[0;32m  OK  [0m] Started Restore /run/initramfs on shutdown.
[[0;32m  OK  [0m] Started Create Volatile Files and Directories.
         Starting Security Auditing Service...
         Mounting RPC Pipe File System...
         Starting RPC Bind...
[[0;32m  OK  [0m] Mounted RPC Pipe File System.
[[0;32m  OK  [0m] Reached target rpc_pipefs.target.
[[0;32m  OK  [0m] Started RPC Bind.
[[0;32m  OK  [0m] Started Security Auditing Service.
         Starting Update UTMP about System Boot/Shutdown...
[[0;32m  OK  [0m] Started Update UTMP about System Boot/Shutdown.
[[0;32m  OK  [0m] Reached target System Initialization.
[[0;32m  OK  [0m] Listening on SSSD Kerberos Cache Manager responder socket.
[[0;32m  OK  [0m] Started Daily Cleanup of Temporary Directories.
[[0;32m  OK  [0m] Started daily update of the root trust anchor for DNSSEC.
[[0;32m  OK  [0m] Listening on D-Bus System Message Bus Socket.
[[0;32m  OK  [0m] Reached target Sockets.
[[0;32m  OK  [0m] Reached target Basic System.
         Starting Self Monitoring and Reporting Technology (SMART) Daemon...
         Starting NTP client/server...
[[0;32m  OK  [0m] Reached target sshd-keygen.target.
[[0;32m  OK  [0m] Started D-Bus System Message Bus.
         Starting Authorization Manager...
[[0;32m  OK  [0m] Started Machine Check Exception Logging Daemon.
         Starting Network Manager...
         Starting Login Service...
[[0;32m  OK  [0m] Started dnf makecache --timer.
[[0;32m  OK  [0m] Reached target Timers.
[[0;32m  OK  [0m] Started irqbalance daemon.
         Starting Auto-connect to subsystemsâ€¦-NVME devices found during boot...
[[0;32m  OK  [0m] Started Auto-connect to subsystems â€¦FC-NVME devices found during boot.
[[0;32m  OK  [0m] Started Self Monitoring and Reporting Technology (SMART) Daemon.
[[0;32m  OK  [0m] Started NTP client/server.
[[0;32m  OK  [0m] Started Login Service.
[[0;32m  OK  [0m] Started Network Manager.
         Starting Network Manager Wait Online...
[[0;32m  OK  [0m] Reached target Network.
         Starting Dynamic System Tuning Daemon...
         Starting OpenSSH server daemon...
         Starting GSSAPI Proxy Daemon...
         Starting Hostname Service...
[[0;32m  OK  [0m] Started GSSAPI Proxy Daemon.
[[0;32m  OK  [0m] Reached target NFS client services.
[[0;32m  OK  [0m] Reached target Remote File Systems (Pre).
[[0;32m  OK  [0m] Reached target Remote File Systems.
         Starting Permit User Sessions...
[[0;32m  OK  [0m] Started Permit User Sessions.
[[0;32m  OK  [0m] Started OpenSSH server daemon.
         Starting Hold until boot process finishes up...
         Starting Terminate Plymouth Boot Screen...
[[0;32m  OK  [0m] Started Command Scheduler.
[[0;32m  OK  [0m] Started Authorization Manager.
[    6.815213] e1000: eth0 NIC Link is Up 1000 Mbps Full Duplex, Flow Control: RX
[    6.816177] IPv6: ADDRCONF(NETDEV_CHANGE): eth0: link becomes ready
[    6.974684] Spectre V2 : WARNING: Unprivileged eBPF is enabled with eIBRS on, data leaks possible via Spectre v2 BHB attacks!
[    6.976043] Spectre V2 : WARNING: Unprivileged eBPF is enabled with eIBRS on, data leaks possible via Spectre v2 BHB attacks!

CentOS Stream 8
Kernel 5.19.0-74cae210a335+ on an x86_64

test login: 