c[?7l[2J[0mSeaBIOS (version rel-1.14.0-0-g155821a1990b-prebuilt.qemu.org)


iPXE (http://ipxe.org) 00:03.0 CA00 PCI2.10 PnP PMM+7FF8F030+7FEEF030 CA00
Press Ctrl-B to configure iPXE (PCI 00:03.0)...                                                                               


Booting from ROM..c[?7l[2J[    0.000000] Linux version 6.0.0-rc2-880b0dd94f03+ (root@p-rplp02) (gcc (GCC) 8.5.0 20210514 (Red Hat 8.5.0-15), GNU ld version 2.36.1-2.el8) #1 SMP PREEMPT_DYNAMIC Thu Nov 3 17:49:10 CST 2022
[    0.000000] Command line: console=ttyS0 root=/dev/sda earlyprintk=serial net.ifnames=0
[    0.000000] KERNEL supported cpus:
[    0.000000]   Intel GenuineIntel
[    0.000000]   AMD AuthenticAMD
[    0.000000]   Hygon HygonGenuine
[    0.000000]   Centaur CentaurHauls
[    0.000000]   zhaoxin   Shanghai  
[    0.000000] x86/fpu: Supporting XSAVE feature 0x001: 'x87 floating point registers'
[    0.000000] x86/fpu: Supporting XSAVE feature 0x002: 'SSE registers'
[    0.000000] x86/fpu: Supporting XSAVE feature 0x004: 'AVX registers'
[    0.000000] x86/fpu: Supporting XSAVE feature 0x200: 'Protection Keys User registers'
[    0.000000] x86/fpu: xstate_offset[2]:  576, xstate_sizes[2]:  256
[    0.000000] x86/fpu: xstate_offset[9]:  832, xstate_sizes[9]:    8
[    0.000000] x86/fpu: Enabled xstate features 0x207, context size is 840 bytes, using 'compacted' format.
[    0.000000] signal: max sigframe size: 3632
[    0.000000] BIOS-provided physical RAM map:
[    0.000000] BIOS-e820: [mem 0x0000000000000000-0x000000000009fbff] usable
[    0.000000] BIOS-e820: [mem 0x000000000009fc00-0x000000000009ffff] reserved
[    0.000000] BIOS-e820: [mem 0x00000000000f0000-0x00000000000fffff] reserved
[    0.000000] BIOS-e820: [mem 0x0000000000100000-0x000000007ffdffff] usable
[    0.000000] BIOS-e820: [mem 0x000000007ffe0000-0x000000007fffffff] reserved
[    0.000000] BIOS-e820: [mem 0x00000000feffc000-0x00000000feffffff] reserved
[    0.000000] BIOS-e820: [mem 0x00000000fffc0000-0x00000000ffffffff] reserved
[    0.000000] printk: bootconsole [earlyser0] enabled
[    0.000000] NX (Execute Disable) protection: active
[    0.000000] SMBIOS 2.8 present.
[    0.000000] DMI: QEMU Standard PC (i440FX + PIIX, 1996), BIOS rel-1.14.0-0-g155821a1990b-prebuilt.qemu.org 04/01/2014
[    0.000000] Hypervisor detected: KVM
[    0.000000] kvm-clock: Using msrs 4b564d01 and 4b564d00
[    0.000005] kvm-clock: using sched offset of 353492772 cycles
[    0.000616] clocksource: kvm-clock: mask: 0xffffffffffffffff max_cycles: 0x1cd42e4dffb, max_idle_ns: 881590591483 ns
[    0.002508] tsc: Detected 1881.600 MHz processor
[    0.009838] last_pfn = 0x7ffe0 max_arch_pfn = 0x400000000
[    0.010547] x86/PAT: Configuration [0-7]: WB  WC  UC- UC  WB  WP  UC- WT  
[    0.016836] found SMP MP-table at [mem 0x000f5a90-0x000f5a9f]
[    0.017645] Using GB pages for direct mapping
[    0.019254] ACPI: Early table checksum verification disabled
[    0.019942] ACPI: RSDP 0x00000000000F5870 000014 (v00 BOCHS )
[    0.020637] ACPI: RSDT 0x000000007FFE1959 000034 (v01 BOCHS  BXPC     00000001 BXPC 00000001)
[    0.021670] ACPI: FACP 0x000000007FFE1805 000074 (v01 BOCHS  BXPC     00000001 BXPC 00000001)
[    0.022695] ACPI: DSDT 0x000000007FFE0040 0017C5 (v01 BOCHS  BXPC     00000001 BXPC 00000001)
[    0.023713] ACPI: FACS 0x000000007FFE0000 000040
[    0.024268] ACPI: APIC 0x000000007FFE1879 000080 (v01 BOCHS  BXPC     00000001 BXPC 00000001)
[    0.025286] ACPI: HPET 0x000000007FFE18F9 000038 (v01 BOCHS  BXPC     00000001 BXPC 00000001)
[    0.026301] ACPI: WAET 0x000000007FFE1931 000028 (v01 BOCHS  BXPC     00000001 BXPC 00000001)
[    0.027258] ACPI: Reserving FACP table memory at [mem 0x7ffe1805-0x7ffe1878]
[    0.028035] ACPI: Reserving DSDT table memory at [mem 0x7ffe0040-0x7ffe1804]
[    0.028816] ACPI: Reserving FACS table memory at [mem 0x7ffe0000-0x7ffe003f]
[    0.029586] ACPI: Reserving APIC table memory at [mem 0x7ffe1879-0x7ffe18f8]
[    0.030301] ACPI: Reserving HPET table memory at [mem 0x7ffe18f9-0x7ffe1930]
[    0.031020] ACPI: Reserving WAET table memory at [mem 0x7ffe1931-0x7ffe1958]
[    0.032380] No NUMA configuration found
[    0.032774] Faking a node at [mem 0x0000000000000000-0x000000007ffdffff]
[    0.033535] NODE_DATA(0) allocated [mem 0x7ffb5000-0x7ffdffff]
[    0.038271] Zone ranges:
[    0.038568]   DMA      [mem 0x0000000000001000-0x0000000000ffffff]
[    0.039241]   DMA32    [mem 0x0000000001000000-0x000000007ffdffff]
[    0.039910]   Normal   empty
[    0.040225]   Device   empty
[    0.040539] Movable zone start for each node
[    0.040999] Early memory node ranges
[    0.041382]   node   0: [mem 0x0000000000001000-0x000000000009efff]
[    0.042068]   node   0: [mem 0x0000000000100000-0x000000007ffdffff]
[    0.042747] Initmem setup node 0 [mem 0x0000000000001000-0x000000007ffdffff]
[    0.043803] On node 0, zone DMA: 1 pages in unavailable ranges
[    0.043829] On node 0, zone DMA: 97 pages in unavailable ranges
[    0.050478] On node 0, zone DMA32: 32 pages in unavailable ranges
[    0.051452] ACPI: PM-Timer IO Port: 0x608
[    0.052556] ACPI: LAPIC_NMI (acpi_id[0xff] dfl dfl lint[0x1])
[    0.053215] IOAPIC[0]: apic_id 0, version 17, address 0xfec00000, GSI 0-23
[    0.053974] ACPI: INT_SRC_OVR (bus 0 bus_irq 0 global_irq 2 dfl dfl)
[    0.054657] ACPI: INT_SRC_OVR (bus 0 bus_irq 5 global_irq 5 high level)
[    0.055377] ACPI: INT_SRC_OVR (bus 0 bus_irq 9 global_irq 9 high level)
[    0.056093] ACPI: INT_SRC_OVR (bus 0 bus_irq 10 global_irq 10 high level)
[    0.056825] ACPI: INT_SRC_OVR (bus 0 bus_irq 11 global_irq 11 high level)
[    0.057579] ACPI: Using ACPI (MADT) for SMP configuration information
[    0.058272] ACPI: HPET id: 0x8086a201 base: 0xfed00000
[    0.058844] TSC deadline timer available
[    0.059263] smpboot: Allowing 2 CPUs, 0 hotplug CPUs
[    0.059830] kvm-guest: KVM setup pv remote TLB flush
[    0.060365] kvm-guest: setup PV sched yield
[    0.060857] PM: hibernation: Registered nosave memory: [mem 0x00000000-0x00000fff]
[    0.061704] PM: hibernation: Registered nosave memory: [mem 0x0009f000-0x0009ffff]
[    0.062574] PM: hibernation: Registered nosave memory: [mem 0x000a0000-0x000effff]
[    0.063447] PM: hibernation: Registered nosave memory: [mem 0x000f0000-0x000fffff]
[    0.064324] [mem 0x80000000-0xfeffbfff] available for PCI devices
[    0.065027] Booting paravirtualized kernel on KVM
[    0.065577] clocksource: refined-jiffies: mask: 0xffffffff max_cycles: 0xffffffff, max_idle_ns: 7645519600211568 ns
[    0.066810] setup_percpu: NR_CPUS:8192 nr_cpumask_bits:2 nr_cpu_ids:2 nr_node_ids:1
[    0.068179] percpu: Embedded 62 pages/cpu s217088 r8192 d28672 u1048576
[    0.069211] kvm-guest: PV spinlocks enabled
[    0.069731] PV qspinlock hash table entries: 256 (order: 0, 4096 bytes, linear)
[    0.070609] Fallback order for Node 0: 0 
[    0.071092] Built 1 zonelists, mobility grouping on.  Total pages: 515808
[    0.071894] Policy zone: DMA32
[    0.072257] Kernel command line: net.ifnames=0 console=ttyS0 root=/dev/sda earlyprintk=serial net.ifnames=0
[    0.074170] Dentry cache hash table entries: 262144 (order: 9, 2097152 bytes, linear)
[    0.075284] Inode-cache hash table entries: 131072 (order: 8, 1048576 bytes, linear)
[    0.076321] mem auto-init: stack:off, heap alloc:off, heap free:off
[    0.081501] Memory: 1999736K/2096632K available (30735K kernel code, 3923K rwdata, 7832K rodata, 3604K init, 10708K bss, 96640K reserved, 0K cma-reserved)
[    0.084093] SLUB: HWalign=64, Order=0-3, MinObjects=0, CPUs=2, Nodes=1
[    0.084845] kmemleak: Kernel memory leak detector disabled
[    0.085555] ftrace: allocating 65876 entries in 258 pages
[    0.108445] ftrace: allocated 258 pages with 2 groups
[    0.110743] Dynamic Preempt: voluntary
[    0.111298] rcu: Preemptible hierarchical RCU implementation.
[    0.111971] rcu: 	RCU restricting CPUs from NR_CPUS=8192 to nr_cpu_ids=2.
[    0.112753] 	Trampoline variant of Tasks RCU enabled.
[    0.113335] 	Rude variant of Tasks RCU enabled.
[    0.113870] 	Tracing variant of Tasks RCU enabled.
[    0.114423] rcu: RCU calculated value of scheduler-enlistment delay is 25 jiffies.
[    0.115285] rcu: Adjusting geometry for rcu_fanout_leaf=16, nr_cpu_ids=2
[    0.143074] NR_IRQS: 524544, nr_irqs: 440, preallocated irqs: 16
[    0.144128] rcu: srcu_init: Setting srcu_struct sizes based on contention.
[    0.152286] Console: colour VGA+ 80x25
[    0.152779] printk: console [ttyS0] enabled
[    0.152779] printk: console [ttyS0] enabled
[    0.153744] printk: bootconsole [earlyser0] disabled
[    0.153744] printk: bootconsole [earlyser0] disabled
[    0.154938] ACPI: Core revision 20220331
[    0.155610] clocksource: hpet: mask: 0xffffffff max_cycles: 0xffffffff, max_idle_ns: 19112604467 ns
[    0.156757] APIC: Switch to symmetric I/O mode setup
[    0.157503] x2apic enabled
[    0.157992] Switched APIC routing to physical x2apic.
[    0.158584] kvm-guest: setup PV IPIs
[    0.159796] ..TIMER: vector=0x30 apic1=0 pin1=2 apic2=-1 pin2=-1
[    0.160534] clocksource: tsc-early: mask: 0xffffffffffffffff max_cycles: 0x363e8c91135, max_idle_ns: 881590568389 ns
[    0.161836] Calibrating delay loop (skipped) preset value.. 3763.20 BogoMIPS (lpj=7526400)
[    0.162817] pid_max: default: 32768 minimum: 301
[    0.163552] LSM: Security Framework initializing
[    0.164125] Yama: becoming mindful.
[    0.164734] Mount-cache hash table entries: 4096 (order: 3, 32768 bytes, linear)
[    0.165837] Mountpoint-cache hash table entries: 4096 (order: 3, 32768 bytes, linear)
[    0.167532] x86/cpu: User Mode Instruction Prevention (UMIP) activated
[    0.168462] Last level iTLB entries: 4KB 0, 2MB 0, 4MB 0
[    0.169833] Last level dTLB entries: 4KB 0, 2MB 0, 4MB 0, 1GB 0
[    0.170569] Spectre V1 : Mitigation: usercopy/swapgs barriers and __user pointer sanitization
[    0.171571] Spectre V2 : WARNING: Unprivileged eBPF is enabled with eIBRS on, data leaks possible via Spectre v2 BHB attacks!
[    0.172894] Spectre V2 : Mitigation: Enhanced IBRS
[    0.173447] Spectre V2 : Spectre v2 / SpectreRSB mitigation: Filling RSB on context switch
[    0.173829] Spectre V2 : Spectre v2 / PBRSB-eIBRS: Retire a single CALL on VMEXIT
[    0.174679] Spectre V2 : mitigation: Enabling conditional Indirect Branch Prediction Barrier
[    0.175640] Speculative Store Bypass: Mitigation: Speculative Store Bypass disabled via prctl
[    0.279795] Freeing SMP alternatives memory: 56K
[    0.280584] smpboot: CPU0: Genuine Intel(R) 0000 (family: 0x6, model: 0xba, stepping: 0x2)
[    0.281725] cblist_init_generic: Setting adjustable number of callback queues.
[    0.281825] cblist_init_generic: Setting shift to 1 and lim to 1.
[    0.281825] cblist_init_generic: Setting shift to 1 and lim to 1.
[    0.281825] cblist_init_generic: Setting shift to 1 and lim to 1.
[    0.281868] Performance Events: Alderlake Hybrid events, full-width counters, Intel PMU driver.
[    0.283153] core: cpu_core PMU driver: 
[    0.283599] ... version:                2
[    0.284049] ... bit width:              48
[    0.284504] ... generic registers:      6
[    0.284953] ... value mask:             0000ffffffffffff
[    0.285541] ... max period:             00007fffffffffff
[    0.285830] ... fixed-purpose events:   3
[    0.286280] ... event mask:             0001000f0000003f
[    0.287003] rcu: Hierarchical SRCU implementation.
[    0.287565] rcu: 	Max phase no-delay instances is 1000.
[    0.290277] unchecked MSR access error: WRMSR to 0x38f (tried to write 0x0001000f0000003f) at rIP: 0xffffffff810c111c (native_write_msr+0xc/0x30)
[    0.291755] Call Trace:
[    0.292035]  <TASK>
[    0.292278]  __intel_pmu_enable_all.constprop.45+0x68/0xf0
[    0.292898]  intel_pmu_enable_all+0x1e/0x30
[    0.293373]  x86_pmu_enable+0x46d/0x5a0
[    0.293809]  ? write_comp_data+0x2f/0x90
[    0.293825]  perf_pmu_enable+0x53/0x70
[    0.293825]  ctx_resched+0xab/0xf0
[    0.293825]  __perf_install_in_context+0x210/0x3c0
[    0.293825]  ? __intel_shared_reg_put_constraints.isra.15.part.16+0x50/0x50
[    0.293825]  ? perf_duration_warn+0x50/0x50
[    0.293825]  remote_function+0x80/0xa0
[    0.293825]  ? perf_duration_warn+0x50/0x50
[    0.293825]  generic_exec_single+0xea/0x150
[    0.293825]  ? perf_duration_warn+0x50/0x50
[    0.293825]  smp_call_function_single+0x11c/0x240
[    0.293825]  ? perf_duration_warn+0x50/0x50
[    0.293825]  ? __sanitizer_cov_trace_pc+0x25/0x60
[    0.293825]  ? write_comp_data+0x2f/0x90
[    0.293825]  perf_install_in_context+0x292/0x2c0
[    0.293825]  ? ctx_resched+0xf0/0xf0
[    0.293825]  perf_event_create_kernel_counter+0x168/0x200
[    0.293825]  ? find_next_bit+0x40/0x40
[    0.293825]  hardlockup_detector_event_create+0x46/0xd0
[    0.293825]  hardlockup_detector_perf_init+0x18/0x66
[    0.293825]  watchdog_nmi_probe+0x17/0x1d
[    0.293825]  lockup_detector_init+0x40/0xad
[    0.293825]  kernel_init_freeable+0x1b0/0x35d
[    0.293825]  ? rest_init+0xe0/0xe0
[    0.293825]  kernel_init+0x24/0x1e0
[    0.293825]  ? rest_init+0xe0/0xe0
[    0.293825]  ret_from_fork+0x1f/0x30
[    0.293825]  </TASK>
[    0.294052] smp: Bringing up secondary CPUs ...
[    0.295110] x86: Booting SMP configuration:
[    0.295587] .... node  #0, CPUs:      #1
[    0.012900] smpboot: CPU 1 Converting physical 0 to logical die 1
[    0.297937] smp: Brought up 1 node, 2 CPUs
[    0.298452] smpboot: Max logical packages: 2
[    0.298927] smpboot: Total of 2 processors activated (7526.40 BogoMIPS)
[    0.300366] devtmpfs: initialized
[    0.300366] x86/mm: Memory block size: 128MB
[    0.303011] clocksource: jiffies: mask: 0xffffffff max_cycles: 0xffffffff, max_idle_ns: 7645041785100000 ns
[    0.303272] futex hash table entries: 512 (order: 3, 32768 bytes, linear)
[    0.304167] pinctrl core: initialized pinctrl subsystem
[    0.306084] 
[    0.306258] *************************************************************
[    0.306994] **     NOTICE NOTICE NOTICE NOTICE NOTICE NOTICE NOTICE    **
[    0.307729] **                                                         **
[    0.308462] **  IOMMU DebugFS SUPPORT HAS BEEN ENABLED IN THIS KERNEL  **
[    0.309205] **                                                         **
[    0.309831] ** This means that this kernel is built to expose internal **
[    0.310562] ** IOMMU data structures, which may compromise security on **
[    0.311292] ** your system.                                            **
[    0.312026] **                                                         **
[    0.312769] ** If you see this message and you are not debugging the   **
[    0.313514] ** kernel, report this immediately to your vendor!         **
[    0.313834] **                                                         **
[    0.314579] **     NOTICE NOTICE NOTICE NOTICE NOTICE NOTICE NOTICE    **
[    0.315326] *************************************************************
[    0.316145] PM: RTC time: 10:13:53, date: 2022-11-03
[    0.319276] NET: Registered PF_NETLINK/PF_ROUTE protocol family
[    0.320431] DMA: preallocated 256 KiB GFP_KERNEL pool for atomic allocations
[    0.321210] DMA: preallocated 256 KiB GFP_KERNEL|GFP_DMA pool for atomic allocations
[    0.321834] DMA: preallocated 256 KiB GFP_KERNEL|GFP_DMA32 pool for atomic allocations
[    0.322809] audit: initializing netlink subsys (disabled)
[    0.323481] audit: type=2000 audit(1667470434.535:1): state=initialized audit_enabled=0 res=1
[    0.323481] thermal_sys: Registered thermal governor 'fair_share'
[    0.323481] thermal_sys: Registered thermal governor 'bang_bang'
[    0.323524] thermal_sys: Registered thermal governor 'step_wise'
[    0.325833] thermal_sys: Registered thermal governor 'user_space'
[    0.326520] cpuidle: using governor ladder
[    0.327647] cpuidle: using governor menu
[    0.328340] acpiphp: ACPI Hot Plug PCI Controller Driver version: 0.5
[    0.329283] PCI: Using configuration type 1 for base access
[    0.339322] kprobes: kprobe jump-optimization is enabled. All kprobes are optimized if possible.
[    0.574451] HugeTLB: registered 1.00 GiB page size, pre-allocated 0 pages
[    0.575729] HugeTLB: 16380 KiB vmemmap can be freed for a 1.00 GiB page
[    0.576910] HugeTLB: registered 2.00 MiB page size, pre-allocated 0 pages
[    0.577847] HugeTLB: 28 KiB vmemmap can be freed for a 2.00 MiB page
[    0.581410] ACPI: Added _OSI(Module Device)
[    0.581876] ACPI: Added _OSI(Processor Device)
[    0.582700] ACPI: Added _OSI(3.0 _SCP Extensions)
[    0.583541] ACPI: Added _OSI(Processor Aggregator Device)
[    0.584531] ACPI: Added _OSI(Linux-Dell-Video)
[    0.585371] ACPI: Added _OSI(Linux-Lenovo-NV-HDMI-Audio)
[    0.585872] ACPI: Added _OSI(Linux-HPI-Hybrid-Graphics)
[    0.595037] ACPI: 1 ACPI AML tables successfully acquired and loaded
[    0.601002] ACPI: Interpreter enabled
[    0.601868] ACPI: PM: (supports S0 S3 S4 S5)
[    0.602635] ACPI: Using IOAPIC for interrupt routing
[    0.603619] PCI: Using host bridge windows from ACPI; if necessary, use "pci=nocrs" and report a bug
[    0.605212] PCI: Using E820 reservations for host bridge windows
[    0.606892] ACPI: Enabled 2 GPEs in block 00 to 0F
[    0.623456] ACPI: PCI Root Bridge [PCI0] (domain 0000 [bus 00-ff])
[    0.624261] acpi PNP0A03:00: _OSC: OS supports [ASPM ClockPM Segments MSI EDR HPX-Type3]
[    0.625298] acpi PNP0A03:00: _OSC: not requesting OS control; OS requires [ExtendedConfig ASPM ClockPM MSI]
[    0.625901] acpi PNP0A03:00: fail to add MMCONFIG information, can't access extended PCI configuration space under this bridge.
[    0.629242] acpiphp: Slot [3] registered
[    0.629839] acpiphp: Slot [4] registered
[    0.630410] acpiphp: Slot [5] registered
[    0.630974] acpiphp: Slot [6] registered
[    0.631540] acpiphp: Slot [7] registered
[    0.632104] acpiphp: Slot [8] registered
[    0.632674] acpiphp: Slot [9] registered
[    0.633236] acpiphp: Slot [10] registered
[    0.633890] acpiphp: Slot [11] registered
[    0.634589] acpiphp: Slot [12] registered
[    0.635176] acpiphp: Slot [13] registered
[    0.635891] acpiphp: Slot [14] registered
[    0.636587] acpiphp: Slot [15] registered
[    0.637178] acpiphp: Slot [16] registered
[    0.637877] acpiphp: Slot [17] registered
[    0.638564] acpiphp: Slot [18] registered
[    0.639151] acpiphp: Slot [19] registered
[    0.639779] acpiphp: Slot [20] registered
[    0.640525] acpiphp: Slot [21] registered
[    0.641162] acpiphp: Slot [22] registered
[    0.641741] acpiphp: Slot [23] registered
[    0.641938] acpiphp: Slot [24] registered
[    0.642607] acpiphp: Slot [25] registered
[    0.643236] acpiphp: Slot [26] registered
[    0.643905] acpiphp: Slot [27] registered
[    0.644487] acpiphp: Slot [28] registered
[    0.645142] acpiphp: Slot [29] registered
[    0.645823] acpiphp: Slot [30] registered
[    0.646391] acpiphp: Slot [31] registered
[    0.646929] PCI host bridge to bus 0000:00
[    0.647448] pci_bus 0000:00: root bus resource [io  0x0000-0x0cf7 window]
[    0.648530] pci_bus 0000:00: root bus resource [io  0x0d00-0xffff window]
[    0.649390] pci_bus 0000:00: root bus resource [mem 0x000a0000-0x000bffff window]
[    0.649837] pci_bus 0000:00: root bus resource [mem 0x80000000-0xfebfffff window]
[    0.650790] pci_bus 0000:00: root bus resource [mem 0x100000000-0x17fffffff window]
[    0.651770] pci_bus 0000:00: root bus resource [bus 00-ff]
[    0.652615] pci 0000:00:00.0: [8086:1237] type 00 class 0x060000
[    0.656376] pci 0000:00:01.0: [8086:7000] type 00 class 0x060100
[    0.658009] pci 0000:00:01.1: [8086:7010] type 00 class 0x010180
[    0.660757] pci 0000:00:01.1: reg 0x20: [io  0xc040-0xc04f]
[    0.662291] pci 0000:00:01.1: legacy IDE quirk: reg 0x10: [io  0x01f0-0x01f7]
[    0.663213] pci 0000:00:01.1: legacy IDE quirk: reg 0x14: [io  0x03f6]
[    0.664038] pci 0000:00:01.1: legacy IDE quirk: reg 0x18: [io  0x0170-0x0177]
[    0.664943] pci 0000:00:01.1: legacy IDE quirk: reg 0x1c: [io  0x0376]
[    0.666153] pci 0000:00:01.3: [8086:7113] type 00 class 0x068000
[    0.667334] pci 0000:00:01.3: quirk: [io  0x0600-0x063f] claimed by PIIX4 ACPI
[    0.668267] pci 0000:00:01.3: quirk: [io  0x0700-0x070f] claimed by PIIX4 SMB
[    0.670035] pci 0000:00:02.0: [1234:1111] type 00 class 0x030000
[    0.674476] pci 0000:00:02.0: reg 0x10: [mem 0xfd000000-0xfdffffff pref]
[    0.677849] pci 0000:00:02.0: reg 0x18: [mem 0xfebf0000-0xfebf0fff]
[    0.683945] pci 0000:00:02.0: reg 0x30: [mem 0xfebe0000-0xfebeffff pref]
[    0.684958] pci 0000:00:02.0: Video device with shadowed ROM at [mem 0x000c0000-0x000dffff]
[    0.688685] pci 0000:00:03.0: [8086:100e] type 00 class 0x020000
[    0.690147] pci 0000:00:03.0: reg 0x10: [mem 0xfebc0000-0xfebdffff]
[    0.691389] pci 0000:00:03.0: reg 0x14: [io  0xc000-0xc03f]
[    0.695532] pci 0000:00:03.0: reg 0x30: [mem 0xfeb80000-0xfebbffff pref]
[    0.707106] ACPI: PCI: Interrupt link LNKA configured for IRQ 10
[    0.708293] ACPI: PCI: Interrupt link LNKB configured for IRQ 10
[    0.709542] ACPI: PCI: Interrupt link LNKC configured for IRQ 11
[    0.710206] ACPI: PCI: Interrupt link LNKD configured for IRQ 11
[    0.711755] ACPI: PCI: Interrupt link LNKS configured for IRQ 9
[    0.714450] iommu: Default domain type: Translated 
[    0.715398] iommu: DMA domain TLB invalidation policy: lazy mode 
[    0.717284] SCSI subsystem initialized
[    0.718046] ACPI: bus type USB registered
[    0.718618] usbcore: registered new interface driver usbfs
[    0.719403] usbcore: registered new interface driver hub
[    0.720116] usbcore: registered new device driver usb
[    0.720846] pps_core: LinuxPPS API ver. 1 registered
[    0.721477] pps_core: Software ver. 5.3.6 - Copyright 2005-2007 Rodolfo Giometti <giometti@linux.it>
[    0.721844] PTP clock support registered
[    0.722537] EDAC MC: Ver: 3.0.0
[    0.723844] NetLabel: Initializing
[    0.724302] NetLabel:  domain hash size = 128
[    0.724856] NetLabel:  protocols = UNLABELED CIPSOv4 CALIPSO
[    0.725622] NetLabel:  unlabeled traffic allowed by default
[    0.762065] PCI: Using ACPI for IRQ routing
[    0.763304] pci 0000:00:02.0: vgaarb: setting as boot VGA device
[    0.764383] pci 0000:00:02.0: vgaarb: bridge control possible
[    0.765405] pci 0000:00:02.0: vgaarb: VGA device added: decodes=io+mem,owns=io+mem,locks=none
[    0.765842] vgaarb: loaded
[    0.766968] hpet0: at MMIO 0xfed00000, IRQs 2, 8, 0
[    0.767871] hpet0: 3 comparators, 64-bit 100.000000 MHz counter
[    5.539425] clocksource: Switched to clocksource kvm-clock
[    5.727148] VFS: Disk quotas dquot_6.6.0
[    5.728115] VFS: Dquot-cache hash table entries: 512 (order 0, 4096 bytes)
[    5.729795] pnp: PnP ACPI init
[    5.733160] pnp: PnP ACPI: found 6 devices
[    5.746666] clocksource: acpi_pm: mask: 0xffffff max_cycles: 0xffffff, max_idle_ns: 2085701024 ns
[    5.749004] NET: Registered PF_INET protocol family
[    5.750268] IP idents hash table entries: 32768 (order: 6, 262144 bytes, linear)
[    5.755234] tcp_listen_portaddr_hash hash table entries: 1024 (order: 2, 16384 bytes, linear)
[    5.756557] Table-perturb hash table entries: 65536 (order: 6, 262144 bytes, linear)
[    5.757697] TCP established hash table entries: 16384 (order: 5, 131072 bytes, linear)
[    5.759516] TCP bind hash table entries: 16384 (order: 7, 524288 bytes, linear)
[    5.760780] TCP: Hash tables configured (established 16384 bind 16384)
[    5.761906] UDP hash table entries: 1024 (order: 3, 32768 bytes, linear)
[    5.762902] UDP-Lite hash table entries: 1024 (order: 3, 32768 bytes, linear)
[    5.764077] NET: Registered PF_UNIX/PF_LOCAL protocol family
[    5.765402] RPC: Registered named UNIX socket transport module.
[    5.766304] RPC: Registered udp transport module.
[    5.766978] RPC: Registered tcp transport module.
[    5.767651] RPC: Registered tcp NFSv4.1 backchannel transport module.
[    5.768547] pci_bus 0000:00: resource 4 [io  0x0000-0x0cf7 window]
[    5.769525] pci_bus 0000:00: resource 5 [io  0x0d00-0xffff window]
[    5.770539] pci_bus 0000:00: resource 6 [mem 0x000a0000-0x000bffff window]
[    5.771492] pci_bus 0000:00: resource 7 [mem 0x80000000-0xfebfffff window]
[    5.772484] pci_bus 0000:00: resource 8 [mem 0x100000000-0x17fffffff window]
[    5.773821] pci 0000:00:01.0: PIIX3: Enabling Passive Release
[    5.774728] pci 0000:00:00.0: Limiting direct PCI/PCI transfers
[    5.775740] PCI: CLS 0 bytes, default 64
[    5.776674] clocksource: tsc: mask: 0xffffffffffffffff max_cycles: 0x363e8c91135, max_idle_ns: 881590568389 ns
[    5.783353] Initialise system trusted keyrings
[    5.784328] Key type blacklist registered
[    5.785349] workingset: timestamp_bits=36 max_order=19 bucket_order=0
[    5.793040] zbud: loaded
[    5.794741] squashfs: version 4.0 (2009/01/31) Phillip Lougher
[    5.796778] NFS: Registering the id_resolver key type
[    5.797512] Key type id_resolver registered
[    5.798123] Key type id_legacy registered
[    5.799262] nfs4filelayout_init: NFSv4 File Layout Driver Registering...
[    5.800200] nfs4flexfilelayout_init: NFSv4 Flexfile Layout Driver Registering...
[    5.801434] fuse: init (API version 7.36)
[    5.802347] SGI XFS with ACLs, security attributes, realtime, quota, no debug enabled
[    5.804581] 9p: Installing v9fs 9p2000 file system support
[    5.819333] Key type asymmetric registered
[    5.820202] Asymmetric key parser 'x509' registered
[    5.822949] alg: self-tests for CTR-KDF (hmac(sha256)) passed
[    5.823825] Block layer SCSI generic (bsg) driver version 0.4 loaded (major 243)
[    5.825576] io scheduler mq-deadline registered
[    5.826570] io scheduler bfq registered
[    5.828884] shpchp: Standard Hot Plug PCI Controller Driver version: 0.4
[    5.830601] IPMI message handler: version 39.2
[    5.831517] ipmi device interface
[    5.834317] input: Power Button as /devices/LNXSYSTM:00/LNXPWRBN:00/input/input0
[    5.836020] ACPI: button: Power Button [PWRF]
[    5.838354] ERST DBG: ERST support is disabled.
[    5.840117] Serial: 8250/16550 driver, 32 ports, IRQ sharing enabled
[    5.842169] 00:04: ttyS0 at I/O 0x3f8 (irq = 4, base_baud = 115200) is a 16550A
[    5.854664] Linux agpgart interface v0.103
[    5.856309] ACPI: bus type drm_connector registered
[    5.875929] brd: module loaded
[    5.886806] loop: module loaded
[    5.893028] scsi host0: ata_piix
[    5.894436] scsi host1: ata_piix
[    5.895260] ata1: PATA max MWDMA2 cmd 0x1f0 ctl 0x3f6 bmdma 0xc040 irq 14
[    5.896535] ata2: PATA max MWDMA2 cmd 0x170 ctl 0x376 bmdma 0xc048 irq 15
[    5.899556] tun: Universal TUN/TAP device driver, 1.6
[    5.900838] e100: Intel(R) PRO/100 Network Driver
[    5.901749] e100: Copyright(c) 1999-2006 Intel Corporation
[    5.902903] e1000: Intel(R) PRO/1000 Network Driver
[    5.903816] e1000: Copyright (c) 1999-2006 Intel Corporation.
[    6.058092] ata1: found unknown device (class 0)
[    6.059497] ata2: found unknown device (class 0)
[    6.061329] ata1.00: ATA-7: QEMU HARDDISK, 2.5+, max UDMA/100
[    6.062547] ata1.00: 16777216 sectors, multi 16: LBA48 
[    6.063819] ata2.00: ATAPI: QEMU DVD-ROM, 2.5+, max UDMA/100
[    6.066575] scsi 0:0:0:0: Direct-Access     ATA      QEMU HARDDISK    2.5+ PQ: 0 ANSI: 5
[    6.069185] sd 0:0:0:0: Attached scsi generic sg0 type 0
[    6.069649] sd 0:0:0:0: [sda] 16777216 512-byte logical blocks: (8.59 GB/8.00 GiB)
[    6.072469] sd 0:0:0:0: [sda] Write Protect is off
[    6.073528] scsi 1:0:0:0: CD-ROM            QEMU     QEMU DVD-ROM     2.5+ PQ: 0 ANSI: 5
[    6.075590] sd 0:0:0:0: [sda] Write cache: enabled, read cache: enabled, doesn't support DPO or FUA
[    6.078411] sd 0:0:0:0: [sda] Preferred minimum I/O size 512 bytes
[    6.100275] sd 0:0:0:0: [sda] Attached SCSI disk
[    6.102063] ACPI: \_SB_.LNKC: Enabled at IRQ 11
[    6.107203] scsi 1:0:0:0: Attached scsi generic sg1 type 5
[    6.462097] e1000 0000:00:03.0 eth0: (PCI:33MHz:32-bit) 52:54:00:12:34:56
[    6.463266] e1000 0000:00:03.0 eth0: Intel(R) PRO/1000 Network Connection
[    6.464456] e1000e: Intel(R) PRO/1000 Network Driver
[    6.465298] e1000e: Copyright(c) 1999 - 2015 Intel Corporation.
[    6.466364] igb: Intel(R) Gigabit Ethernet Network Driver
[    6.467168] igb: Copyright (c) 2007-2014 Intel Corporation.
[    6.468296] PPP generic driver version 2.4.2
[    6.469197] VFIO - User Level meta-driver version: 0.3
[    6.470058] ehci_hcd: USB 2.0 'Enhanced' Host Controller (EHCI) Driver
[    6.471123] ehci-pci: EHCI PCI platform driver
[    6.471816] ehci-platform: EHCI generic platform driver
[    6.472644] ohci_hcd: USB 1.1 'Open' Host Controller (OHCI) Driver
[    6.474068] ohci-pci: OHCI PCI platform driver
[    6.475032] ohci-platform: OHCI generic platform driver
[    6.476221] uhci_hcd: USB Universal Host Controller Interface driver
[    6.477935] usbcore: registered new interface driver uas
[    6.478854] usbcore: registered new interface driver usb-storage
[    6.479765] i8042: PNP: PS/2 Controller [PNP0303:KBD,PNP0f13:MOU] at 0x60,0x64 irq 1,12
[    6.482534] serio: i8042 KBD port at 0x60,0x64 irq 1
[    6.483522] serio: i8042 AUX port at 0x60,0x64 irq 12
[    6.485145] mousedev: PS/2 mouse device common for all mice
[    6.487355] input: AT Translated Set 2 keyboard as /devices/platform/i8042/serio0/input/input1
[    6.490737] input: VirtualPS/2 VMware VMMouse as /devices/platform/i8042/serio1/input/input4
[    6.492916] rtc_cmos 00:05: RTC can wake from S4
[    6.495343] input: VirtualPS/2 VMware VMMouse as /devices/platform/i8042/serio1/input/input3
[    6.497556] rtc_cmos 00:05: registered as rtc0
[    6.498599] rtc_cmos 00:05: setting system clock to 2022-11-03T10:13:59 UTC (1667470439)
[    6.500382] rtc_cmos 00:05: alarms up to one day, y3k, 242 bytes nvram, hpet irqs
[    6.502023] i2c_dev: i2c /dev entries driver
[    6.502997] device-mapper: core: CONFIG_IMA_DISABLE_HTABLE is disabled. Duplicate IMA measurements will not be recorded in the IMA log.
[    6.505458] device-mapper: uevent: version 1.0.3
[    6.506778] device-mapper: ioctl: 4.47.0-ioctl (2022-07-28) initialised: dm-devel@redhat.com
[    6.508453] intel_pstate: CPU model not supported
[    6.509601] sdhci: Secure Digital Host Controller Interface driver
[    6.511100] sdhci: Copyright(c) Pierre Ossman
[    6.512183] sdhci-pltfm: SDHCI platform and OF driver helper
[    6.513491] ledtrig-cpu: registered to indicate activity on CPUs
[    6.515188] drop_monitor: Initializing network drop monitor service
[    6.517314] NET: Registered PF_INET6 protocol family
[    6.520748] Segment Routing with IPv6
[    6.521594] In-situ OAM (IOAM) with IPv6
[    6.522498] NET: Registered PF_PACKET protocol family
[    6.523947] 9pnet: Installing 9P2000 support
[    6.524897] Key type dns_resolver registered
[    6.527104] IPI shorthand broadcast: enabled
[    6.528035] sched_clock: Marking stable (6517452646, 8900813)->(6594520155, -68166696)
[    6.530305] registered taskstats version 1
[    6.531311] Loading compiled-in X.509 certificates
[    6.533613] zswap: loaded using pool lzo/zbud
[    6.535445] Key type ._fscrypt registered
[    6.536269] Key type .fscrypt registered
[    6.537036] Key type fscrypt-provisioning registered
[    6.539454] Key type encrypted registered
[    6.540282] ima: No TPM chip found, activating TPM-bypass!
[    6.541350] ima: Allocated hash algorithm: sha1
[    6.542217] ima: No architecture policies found
[    6.543055] evm: Initialising EVM extended attributes:
[    6.544033] evm: security.selinux
[    6.544617] evm: security.SMACK64
[    6.545201] evm: security.SMACK64EXEC
[    6.546017] evm: security.SMACK64TRANSMUTE
[    6.546731] evm: security.SMACK64MMAP
[    6.547369] evm: security.apparmor
[    6.547965] evm: security.ima
[    6.548484] evm: security.capability
[    6.549099] evm: HMAC attrs: 0x1
[    6.554472] PM:   Magic number: 14:482:223
[    6.555090] PM:   hash matches drivers/base/power/main.c:598
[    6.556490] RAS: Correctable Errors collector initialized.
[    6.557885] md: Waiting for all devices to be available before autodetect
[    6.558639] md: If you don't use raid, use raid=noautodetect
[    6.559261] md: Autodetecting RAID arrays.
[    6.559716] md: autorun ...
[    6.560018] md: ... autorun DONE.
[    6.565299] EXT4-fs (sda): INFO: recovery required on readonly filesystem
[    6.566132] EXT4-fs (sda): write access will be enabled during recovery
[    6.625043] EXT4-fs (sda): recovery complete
[    6.629036] EXT4-fs (sda): mounted filesystem with ordered data mode. Quota mode: none.
[    6.630238] VFS: Mounted root (ext4 filesystem) readonly on device 8:0.
[    6.632078] devtmpfs: mounted
[    6.642080] Freeing unused decrypted memory: 2036K
[    6.644086] Freeing unused kernel image (initmem) memory: 3604K
[    6.644771] Write protecting the kernel read-only data: 40960k
[    6.647996] Freeing unused kernel image (text/rodata gap) memory: 2032K
[    6.649140] Freeing unused kernel image (rodata/data gap) memory: 360K
[    6.803798] x86/mm: Checked W+X mappings: passed, no W+X pages found.
[    6.804839] Run /sbin/init as init process
[    7.008895] systemd[1]: RTC configured in localtime, applying delta of 0 minutes to system time.
[    7.048917] systemd[1]: systemd 239 (239-49.el8) running in system mode. (+PAM +AUDIT +SELINUX +IMA -APPARMOR +SMACK +SYSVINIT +UTMP +LIBCRYPTSETUP +GCRYPT +GNUTLS +ACL +XZ +LZ4 +SECCOMP +BLKID +ELFUTILS +KMOD +IDN2 -IDN +PCRE2 default-hierarchy=legacy)
[    7.052197] systemd[1]: Detected virtualization kvm.
[    7.052875] systemd[1]: Detected architecture x86-64.

Welcome to [0;31mCentOS Stream 8[0m!

[    7.132797] systemd[1]: Set hostname to <test>.
[    9.021887] random: crng init done
[    9.231324] systemd[1]: Created slice system-sshd\x2dkeygen.slice.
[[0;32m  OK  [0m] Created slice system-sshd\x2dkeygen.slice.
[    9.233108] systemd[1]: Reached target Swap.
[[0;32m  OK  [0m] Reached target Swap.
[    9.234512] systemd[1]: Listening on Device-mapper event daemon FIFOs.
[[0;32m  OK  [0m] Listening on Device-mapper event daemon FIFOs.
[    9.236624] systemd[1]: Listening on Journal Socket.
[[0;32m  OK  [0m] Listening on Journal Socket.
[    9.258194] systemd[1]: Mounting POSIX Message Queue File System...
         Mounting POSIX Message Queue File System...
[    9.262038] systemd[1]: Mounting Kernel Debug File System...
         Mounting Kernel Debug File System...
         Starting Setup Virtual Console...
         Starting Monitoring of LVM2 mirrorsâ€¦ng dmeventd or progress polling...
         Starting Remount Root and Kernel File Systems...
[[0;32m  OK  [0m] Created slice system-getty.slice.
[[0;32m  OK  [0m] Listening on LVM2 poll daemon socket.
[[0;32m  OK  [0m] Started Forward Password Requests to Wall Directory Watch.
[[0;32m  OK  [0m] Listening on udev Control Socket.
[[0;32m  OK  [0m] Listening on RPCbind Server Activation Socket.
[[0;32m  OK  [0m] Reached target RPC Port Mapper.
[[0;32m  OK  [0m] Listening on Journal Socket (/dev/log).
         Starting Journal Service...
[[0;32m  OK  [0m] Listening on udev Kernel Socket.
         Starting udev Coldplug all Devices...
[[0;32m  OK  [0m] Set up automount Arbitrary Executabâ€¦rmats File System Automount Point.
[[0;32m  OK  [0m] Listening on Process Core Dump Socket.
         Starting Load Kernel Modules...
[[0;32m  OK  [0m] Created slice system-serial\x2dgetty.slice.
[[0;32m  OK  [0m] Listening on initctl Compatibility Named Pipe.
[[0;32m  OK  [0m] Created slice User and Session Slice.
[[0;32m  OK  [0m] Reached target Slices.
[[0;32m  OK  [0m] Listening on multipathd control socket.
[    9.530054] EXT4-fs (sda): re-mounted. Quota mode: none.
         Mounting Huge Pages File System...
[[0;32m  OK  [0m] Mounted POSIX Message Queue File System.
[[0;32m  OK  [0m] Started Journal Service.
[[0;32m  OK  [0m] Mounted Kernel Debug File System.
[[0;32m  OK  [0m] Started Monitoring of LVM2 mirrors,â€¦sing dmeventd or progress polling.
[[0;32m  OK  [0m] Started Setup Virtual Console.
[[0;32m  OK  [0m] Started Remount Root and Kernel File Systems.
[[0;1;31mFAILED[0m] Failed to start Load Kernel Modules.
See 'systemctl status systemd-modules-load.service' for details.
[[0;32m  OK  [0m] Mounted Huge Pages File System.
         Mounting Kernel Configuration File System...
         Starting Apply Kernel Variables...
         Mounting FUSE Control File System...
         Starting Create Static Device Nodes in /dev...
         Starting Load/Save Random Seed...
         Starting Flush Journal to Persistent Storage...
[[0;32m  OK  [0m] Mounted Kernel Configuration File System.
[[0;32m  OK  [0m] Started Apply Kernel Variables.
[[0;32m  OK  [0m] Mounted FUSE Control File System.
[[0;32m  OK  [0m] Started Flush Journal to Persistent Storage.
[[0;32m  OK  [0m] Started Load/Save Random Seed.
[[0;32m  OK  [0m] Started Create Static Device Nodes in /dev.
         Starting udev Kernel Device Manager...
[[0;32m  OK  [0m] Started udev Coldplug all Devices.
         Starting udev Wait for Complete Device Initialization...
[[0;32m  OK  [0m] Started udev Kernel Device Manager.
         Starting Show Plymouth Boot Screen...
[[0;32m  OK  [0m] Started Show Plymouth Boot Screen.
[[0;32m  OK  [0m] Reached target Local Encrypted Volumes.
[[0;32m  OK  [0m] Reached target Paths.
[[0;32m  OK  [0m] Started Forward Password Requests to Plymouth Directory Watch.
[[0;32m  OK  [0m] Found device /dev/ttyS0.
[[0;32m  OK  [0m] Listening on Load/Save RF Kill Switch Status /dev/rfkill Watch.
[[0;32m  OK  [0m] Started udev Wait for Complete Device Initialization.
[[0;32m  OK  [0m] Reached target Local File Systems (Pre).
[[0;32m  OK  [0m] Reached target Local File Systems.
         Starting Create Volatile Files and Directories...
         Starting Tell Plymouth To Write Out Runtime Data...
         Starting Restore /run/initramfs on shutdown...
[[0;32m  OK  [0m] Started Tell Plymouth To Write Out Runtime Data.
[[0;32m  OK  [0m] Started Restore /run/initramfs on shutdown.
[[0;32m  OK  [0m] Started Create Volatile Files and Directories.
         Mounting RPC Pipe File System...
         Starting Security Auditing Service...
         Starting RPC Bind...
[[0;32m  OK  [0m] Mounted RPC Pipe File System.
[[0;32m  OK  [0m] Reached target rpc_pipefs.target.
[[0;32m  OK  [0m] Started RPC Bind.
[[0;32m  OK  [0m] Started Security Auditing Service.
         Starting Update UTMP about System Boot/Shutdown...
[[0;32m  OK  [0m] Started Update UTMP about System Boot/Shutdown.
[[0;32m  OK  [0m] Reached target System Initialization.
[[0;32m  OK  [0m] Started Daily Cleanup of Temporary Directories.
[[0;32m  OK  [0m] Started dnf makecache --timer.
[[0;32m  OK  [0m] Listening on D-Bus System Message Bus Socket.
[[0;32m  OK  [0m] Listening on SSSD Kerberos Cache Manager responder socket.
[[0;32m  OK  [0m] Reached target Sockets.
[[0;32m  OK  [0m] Reached target Basic System.
         Starting Self Monitoring and Reporting Technology (SMART) Daemon...
[[0;32m  OK  [0m] Started D-Bus System Message Bus.
[[0;32m  OK  [0m] Started irqbalance daemon.
         Starting Auto-connect to subsystemsâ€¦-NVME devices found during boot...
         Starting Login Service...
[[0;32m  OK  [0m] Reached target sshd-keygen.target.
         Starting NTP client/server...
[[0;32m  OK  [0m] Started Machine Check Exception Logging Daemon.
[[0;32m  OK  [0m] Started daily update of the root trust anchor for DNSSEC.
[[0;32m  OK  [0m] Reached target Timers.
         Starting Authorization Manager...
         Starting Network Manager...
[[0;32m  OK  [0m] Started Self Monitoring and Reporting Technology (SMART) Daemon.
[[0;32m  OK  [0m] Started Auto-connect to subsystems â€¦FC-NVME devices found during boot.
[[0;32m  OK  [0m] Started Login Service.
[[0;32m  OK  [0m] Started NTP client/server.
[[0;32m  OK  [0m] Started Network Manager.
[[0;32m  OK  [0m] Reached target Network.
         Starting OpenSSH server daemon...
         Starting Dynamic System Tuning Daemon...
         Starting GSSAPI Proxy Daemon...
         Starting Network Manager Wait Online...
[[0;32m  OK  [0m] Started Authorization Manager.
         Starting Hostname Service...
[[0;32m  OK  [0m] Started OpenSSH server daemon.
[[0;32m  OK  [0m] Started GSSAPI Proxy Daemon.
[[0;32m  OK  [0m] Reached target NFS client services.
[[0;32m  OK  [0m] Reached target Remote File Systems (Pre).
[[0;32m  OK  [0m] Reached target Remote File Systems.
         Starting Permit User Sessions...
[[0;32m  OK  [0m] Started Permit User Sessions.
         Starting Hold until boot process finishes up...
         Starting Terminate Plymouth Boot Screen...
[[0;32m  OK  [0m] Started Command Scheduler.
[   12.021912] e1000: eth0 NIC Link is Up 1000 Mbps Full Duplex, Flow Control: RX
[   12.023571] IPv6: ADDRCONF(NETDEV_CHANGE): eth0: link becomes ready
[   12.417114] Spectre V2 : WARNING: Unprivileged eBPF is enabled with eIBRS on, data leaks possible via Spectre v2 BHB attacks!
[   12.419397] Spectre V2 : WARNING: Unprivileged eBPF is enabled with eIBRS on, data leaks possible via Spectre v2 BHB attacks!

CentOS Stream 8
Kernel 6.0.0-rc2-880b0dd94f03+ on an x86_64

test login: 