c[?7l[2J[0mSeaBIOS (version rel-1.14.0-0-g155821a1990b-prebuilt.qemu.org)


iPXE (http://ipxe.org) 00:03.0 CA00 PCI2.10 PnP PMM+7FF8F030+7FEEF030 CA00
Press Ctrl-B to configure iPXE (PCI 00:03.0)...                                                                               


Booting from ROM..c[?7l[2J[    0.000000] Linux version 5.16.0-rc4-e85fbf535531+ (root@p-rplp02) (gcc (GCC) 8.5.0 20210514 (Red Hat 8.5.0-15), GNU ld version 2.36.1-2.el8) #1 SMP PREEMPT Thu Nov 3 15:58:00 CST 2022
[    0.000000] Command line: console=ttyS0 root=/dev/sda earlyprintk=serial net.ifnames=0
[    0.000000] KERNEL supported cpus:
[    0.000000]   Intel GenuineIntel
[    0.000000]   AMD AuthenticAMD
[    0.000000]   Hygon HygonGenuine
[    0.000000]   Centaur CentaurHauls
[    0.000000]   zhaoxin   Shanghai  
[    0.000000] x86/fpu: Supporting XSAVE feature 0x001: 'x87 floating point registers'
[    0.000000] x86/fpu: Supporting XSAVE feature 0x002: 'SSE registers'
[    0.000000] x86/fpu: Supporting XSAVE feature 0x004: 'AVX registers'
[    0.000000] x86/fpu: Supporting XSAVE feature 0x200: 'Protection Keys User registers'
[    0.000000] x86/fpu: xstate_offset[2]:  576, xstate_sizes[2]:  256
[    0.000000] x86/fpu: xstate_offset[9]:  832, xstate_sizes[9]:    8
[    0.000000] x86/fpu: Enabled xstate features 0x207, context size is 840 bytes, using 'compacted' format.
[    0.000000] signal: max sigframe size: 3632
[    0.000000] printk: bootconsole [earlyser0] enabled
[    0.000000] BIOS-provided physical RAM map:
[    0.000000] BIOS-e820: [mem 0x0000000000000000-0x000000000009fbff] usable
[    0.000000] BIOS-e820: [mem 0x000000000009fc00-0x000000000009ffff] reserved
[    0.000000] BIOS-e820: [mem 0x00000000000f0000-0x00000000000fffff] reserved
[    0.000000] BIOS-e820: [mem 0x0000000000100000-0x000000007ffdffff] usable
[    0.000000] BIOS-e820: [mem 0x000000007ffe0000-0x000000007fffffff] reserved
[    0.000000] BIOS-e820: [mem 0x00000000feffc000-0x00000000feffffff] reserved
[    0.000000] BIOS-e820: [mem 0x00000000fffc0000-0x00000000ffffffff] reserved
[    0.000000] NX (Execute Disable) protection: active
[    0.000000] SMBIOS 2.8 present.
[    0.000000] DMI: QEMU Standard PC (i440FX + PIIX, 1996), BIOS rel-1.14.0-0-g155821a1990b-prebuilt.qemu.org 04/01/2014
[    0.000000] Hypervisor detected: KVM
[    0.000000] kvm-clock: Using msrs 4b564d01 and 4b564d00
[    0.000000] kvm-clock: cpu 0, msr 4601001, primary cpu clock
[    0.000002] kvm-clock: using sched offset of 257225668 cycles
[    0.000535] clocksource: kvm-clock: mask: 0xffffffffffffffff max_cycles: 0x1cd42e4dffb, max_idle_ns: 881590591483 ns
[    0.002186] tsc: Detected 1881.600 MHz processor
[    0.006981] last_pfn = 0x7ffe0 max_arch_pfn = 0x400000000
[    0.007570] x86/PAT: Configuration [0-7]: WB  WC  UC- UC  WB  WP  UC- WT  
[    0.012357] found SMP MP-table at [mem 0x000f5a90-0x000f5a9f]
[    0.012985] Using GB pages for direct mapping
[    0.014119] ACPI: Early table checksum verification disabled
[    0.014665] ACPI: RSDP 0x00000000000F5870 000014 (v00 BOCHS )
[    0.015223] ACPI: RSDT 0x000000007FFE1959 000034 (v01 BOCHS  BXPC     00000001 BXPC 00000001)
[    0.016049] ACPI: FACP 0x000000007FFE1805 000074 (v01 BOCHS  BXPC     00000001 BXPC 00000001)
[    0.016859] ACPI: DSDT 0x000000007FFE0040 0017C5 (v01 BOCHS  BXPC     00000001 BXPC 00000001)
[    0.017663] ACPI: FACS 0x000000007FFE0000 000040
[    0.018101] ACPI: APIC 0x000000007FFE1879 000080 (v01 BOCHS  BXPC     00000001 BXPC 00000001)
[    0.018906] ACPI: HPET 0x000000007FFE18F9 000038 (v01 BOCHS  BXPC     00000001 BXPC 00000001)
[    0.019722] ACPI: WAET 0x000000007FFE1931 000028 (v01 BOCHS  BXPC     00000001 BXPC 00000001)
[    0.020530] ACPI: Reserving FACP table memory at [mem 0x7ffe1805-0x7ffe1878]
[    0.021200] ACPI: Reserving DSDT table memory at [mem 0x7ffe0040-0x7ffe1804]
[    0.021866] ACPI: Reserving FACS table memory at [mem 0x7ffe0000-0x7ffe003f]
[    0.022525] ACPI: Reserving APIC table memory at [mem 0x7ffe1879-0x7ffe18f8]
[    0.023185] ACPI: Reserving HPET table memory at [mem 0x7ffe18f9-0x7ffe1930]
[    0.023858] ACPI: Reserving WAET table memory at [mem 0x7ffe1931-0x7ffe1958]
[    0.025059] No NUMA configuration found
[    0.025452] Faking a node at [mem 0x0000000000000000-0x000000007ffdffff]
[    0.026145] NODE_DATA(0) allocated [mem 0x7ffb5000-0x7ffdffff]
[    0.029330] Zone ranges:
[    0.029595]   DMA      [mem 0x0000000000001000-0x0000000000ffffff]
[    0.030152]   DMA32    [mem 0x0000000001000000-0x000000007ffdffff]
[    0.030737]   Normal   empty
[    0.031012]   Device   empty
[    0.031288] Movable zone start for each node
[    0.031701] Early memory node ranges
[    0.032046]   node   0: [mem 0x0000000000001000-0x000000000009efff]
[    0.032650]   node   0: [mem 0x0000000000100000-0x000000007ffdffff]
[    0.033269] Initmem setup node 0 [mem 0x0000000000001000-0x000000007ffdffff]
[    0.034210] On node 0, zone DMA: 1 pages in unavailable ranges
[    0.034229] On node 0, zone DMA: 97 pages in unavailable ranges
[    0.038377] On node 0, zone DMA32: 32 pages in unavailable ranges
[    0.039079] ACPI: PM-Timer IO Port: 0x608
[    0.039883] ACPI: LAPIC_NMI (acpi_id[0xff] dfl dfl lint[0x1])
[    0.040359] IOAPIC[0]: apic_id 0, version 17, address 0xfec00000, GSI 0-23
[    0.040897] ACPI: INT_SRC_OVR (bus 0 bus_irq 0 global_irq 2 dfl dfl)
[    0.041394] ACPI: INT_SRC_OVR (bus 0 bus_irq 5 global_irq 5 high level)
[    0.041911] ACPI: INT_SRC_OVR (bus 0 bus_irq 9 global_irq 9 high level)
[    0.042428] ACPI: INT_SRC_OVR (bus 0 bus_irq 10 global_irq 10 high level)
[    0.042961] ACPI: INT_SRC_OVR (bus 0 bus_irq 11 global_irq 11 high level)
[    0.043507] ACPI: Using ACPI (MADT) for SMP configuration information
[    0.044016] ACPI: HPET id: 0x8086a201 base: 0xfed00000
[    0.044434] TSC deadline timer available
[    0.044743] smpboot: Allowing 2 CPUs, 0 hotplug CPUs
[    0.045158] kvm-guest: KVM setup pv remote TLB flush
[    0.045554] kvm-guest: setup PV sched yield
[    0.045916] PM: hibernation: Registered nosave memory: [mem 0x00000000-0x00000fff]
[    0.046528] PM: hibernation: Registered nosave memory: [mem 0x0009f000-0x0009ffff]
[    0.047143] PM: hibernation: Registered nosave memory: [mem 0x000a0000-0x000effff]
[    0.047766] PM: hibernation: Registered nosave memory: [mem 0x000f0000-0x000fffff]
[    0.048395] [mem 0x80000000-0xfeffbfff] available for PCI devices
[    0.048902] Booting paravirtualized kernel on KVM
[    0.049300] clocksource: refined-jiffies: mask: 0xffffffff max_cycles: 0xffffffff, max_idle_ns: 7645519600211568 ns
[    0.050193] setup_percpu: NR_CPUS:8192 nr_cpumask_bits:2 nr_cpu_ids:2 nr_node_ids:1
[    0.051183] percpu: Embedded 61 pages/cpu s212992 r8192 d28672 u1048576
[    0.051967] kvm-guest: setup async PF for cpu 0
[    0.052378] kvm-guest: stealtime: cpu 0, msr 7dc33080
[    0.052852] kvm-guest: PV spinlocks enabled
[    0.053256] PV qspinlock hash table entries: 256 (order: 0, 4096 bytes, linear)
[    0.053963] Fallback order for Node 0: 0 
[    0.054349] Built 1 zonelists, mobility grouping on.  Total pages: 515808
[    0.054991] Policy zone: DMA32
[    0.055282] Kernel command line: net.ifnames=0 console=ttyS0 root=/dev/sda earlyprintk=serial net.ifnames=0
[    0.056765] Dentry cache hash table entries: 262144 (order: 9, 2097152 bytes, linear)
[    0.057644] Inode-cache hash table entries: 131072 (order: 8, 1048576 bytes, linear)
[    0.058468] mem auto-init: stack:off, heap alloc:off, heap free:off
[    0.061902] Memory: 2001792K/2096632K available (28689K kernel code, 4383K rwdata, 7540K rodata, 3136K init, 10724K bss, 94584K reserved, 0K cma-reserved)
[    0.062950] random: get_random_u64 called from __kmem_cache_create+0x2f/0x480 with crng_init=0
[    0.063326] SLUB: HWalign=64, Order=0-3, MinObjects=0, CPUs=2, Nodes=1
[    0.064465] kmemleak: Kernel memory leak detector disabled
[    0.064885] ftrace: allocating 64645 entries in 253 pages
[    0.136169] ftrace: allocated 253 pages with 7 groups
[    0.138003] Dynamic Preempt: voluntary
[    0.138438] rcu: Preemptible hierarchical RCU implementation.
[    0.138997] rcu: 	RCU restricting CPUs from NR_CPUS=8192 to nr_cpu_ids=2.
[    0.139667] 	Trampoline variant of Tasks RCU enabled.
[    0.140139] 	Rude variant of Tasks RCU enabled.
[    0.140572] 	Tracing variant of Tasks RCU enabled.
[    0.141029] rcu: RCU calculated value of scheduler-enlistment delay is 25 jiffies.
[    0.141746] rcu: Adjusting geometry for rcu_fanout_leaf=16, nr_cpu_ids=2
[    0.160480] NR_IRQS: 524544, nr_irqs: 440, preallocated irqs: 16
[    0.167770] Console: colour VGA+ 80x25
[    0.168163] printk: console [ttyS0] enabled
[    0.168163] printk: console [ttyS0] enabled
[    0.168955] printk: bootconsole [earlyser0] disabled
[    0.168955] printk: bootconsole [earlyser0] disabled
[    0.169914] ACPI: Core revision 20210930
[    0.170431] clocksource: hpet: mask: 0xffffffff max_cycles: 0xffffffff, max_idle_ns: 19112604467 ns
[    0.171382] APIC: Switch to symmetric I/O mode setup
[    0.172029] x2apic enabled
[    0.172433] Switched APIC routing to physical x2apic.
[    0.172922] kvm-guest: setup PV IPIs
[    0.173885] ..TIMER: vector=0x30 apic1=0 pin1=2 apic2=-1 pin2=-1
[    0.174472] clocksource: tsc-early: mask: 0xffffffffffffffff max_cycles: 0x363e8c91135, max_idle_ns: 881590568389 ns
[    0.175552] Calibrating delay loop (skipped) preset value.. 3763.20 BogoMIPS (lpj=7526400)
[    0.176259] pid_max: default: 32768 minimum: 301
[    0.176729] LSM: Security Framework initializing
[    0.177135] Yama: becoming mindful.
[    0.177500] Mount-cache hash table entries: 4096 (order: 3, 32768 bytes, linear)
[    0.178209] Mountpoint-cache hash table entries: 4096 (order: 3, 32768 bytes, linear)
[    0.179672] x86/cpu: User Mode Instruction Prevention (UMIP) activated
[    0.180502] Last level iTLB entries: 4KB 0, 2MB 0, 4MB 0
[    0.181032] Last level dTLB entries: 4KB 0, 2MB 0, 4MB 0, 1GB 0
[    0.181617] Spectre V1 : Mitigation: usercopy/swapgs barriers and __user pointer sanitization
[    0.182431] Spectre V2 : Mitigation: Enhanced IBRS
[    0.182880] Spectre V2 : Spectre v2 / SpectreRSB mitigation: Filling RSB on context switch
[    0.183550] Spectre V2 : mitigation: Enabling conditional Indirect Branch Prediction Barrier
[    0.184334] Speculative Store Bypass: Mitigation: Speculative Store Bypass disabled via prctl
[    0.216630] Freeing SMP alternatives memory: 56K
[    0.217263] smpboot: CPU0: Genuine Intel(R) 0000 (family: 0x6, model: 0xba, stepping: 0x2)
[    0.218169] Performance Events: generic architected perfmon, full-width counters, Intel PMU driver.
[    0.219001] ... version:                2
[    0.219362] ... bit width:              48
[    0.219544] ... generic registers:      6
[    0.219544] ... value mask:             0000ffffffffffff
[    0.219544] ... max period:             00007fffffffffff
[    0.219544] ... fixed-purpose events:   3
[    0.219549] ... event mask:             000000070000003f
[    0.220186] rcu: Hierarchical SRCU implementation.
[    0.222226] smp: Bringing up secondary CPUs ...
[    0.222723] x86: Booting SMP configuration:
[    0.223069] .... node  #0, CPUs:      #1
[    0.010260] kvm-clock: cpu 1, msr 4601041, secondary cpu clock
[    0.010260] smpboot: CPU 1 Converting physical 0 to logical die 1
[    0.227596] kvm-guest: setup async PF for cpu 1
[    0.228164] kvm-guest: stealtime: cpu 1, msr 7dd33080
[    0.228765] smp: Brought up 1 node, 2 CPUs
[    0.228765] smpboot: Max logical packages: 2
[    0.228765] smpboot: Total of 2 processors activated (7526.40 BogoMIPS)
[    0.229815] devtmpfs: initialized
[    0.231662] x86/mm: Memory block size: 128MB
[    0.233104] clocksource: jiffies: mask: 0xffffffff max_cycles: 0xffffffff, max_idle_ns: 7645041785100000 ns
[    0.233104] futex hash table entries: 512 (order: 3, 32768 bytes, linear)
[    0.233104] pinctrl core: initialized pinctrl subsystem
[    0.233622] 
[    0.235551] *************************************************************
[    0.236058] **     NOTICE NOTICE NOTICE NOTICE NOTICE NOTICE NOTICE    **
[    0.236556] **                                                         **
[    0.237060] **  IOMMU DebugFS SUPPORT HAS BEEN ENABLED IN THIS KERNEL  **
[    0.237567] **                                                         **
[    0.238071] ** This means that this kernel is built to expose internal **
[    0.238574] ** IOMMU data structures, which may compromise security on **
[    0.239084] ** your system.                                            **
[    0.239549] **                                                         **
[    0.240068] ** If you see this message and you are not debugging the   **
[    0.240579] ** kernel, report this immediately to your vendor!         **
[    0.241096] **                                                         **
[    0.241616] **     NOTICE NOTICE NOTICE NOTICE NOTICE NOTICE NOTICE    **
[    0.242136] *************************************************************
[    0.242711] PM: RTC time: 08:21:13, date: 2022-11-03
[    0.243875] NET: Registered PF_NETLINK/PF_ROUTE protocol family
[    0.244624] DMA: preallocated 256 KiB GFP_KERNEL pool for atomic allocations
[    0.245205] DMA: preallocated 256 KiB GFP_KERNEL|GFP_DMA pool for atomic allocations
[    0.245842] DMA: preallocated 256 KiB GFP_KERNEL|GFP_DMA32 pool for atomic allocations
[    0.246519] audit: initializing netlink subsys (disabled)
[    0.247016] audit: type=2000 audit(1667463673.885:1): state=initialized audit_enabled=0 res=1
[    0.247016] thermal_sys: Registered thermal governor 'fair_share'
[    0.247548] thermal_sys: Registered thermal governor 'bang_bang'
[    0.248102] thermal_sys: Registered thermal governor 'step_wise'
[    0.248643] thermal_sys: Registered thermal governor 'user_space'
[    0.249201] cpuidle: using governor ladder
[    0.250123] cpuidle: using governor menu
[    0.250820] acpiphp: ACPI Hot Plug PCI Controller Driver version: 0.5
[    0.251564] PCI: Using configuration type 1 for base access
[    0.258211] kprobes: kprobe jump-optimization is enabled. All kprobes are optimized if possible.
[    0.259056] HugeTLB registered 1.00 GiB page size, pre-allocated 0 pages
[    0.259552] HugeTLB registered 2.00 MiB page size, pre-allocated 0 pages
[    0.260237] ACPI: Added _OSI(Module Device)
[    0.260237] ACPI: Added _OSI(Processor Device)
[    0.260527] ACPI: Added _OSI(3.0 _SCP Extensions)
[    0.260954] ACPI: Added _OSI(Processor Aggregator Device)
[    0.261456] ACPI: Added _OSI(Linux-Dell-Video)
[    0.261814] ACPI: Added _OSI(Linux-Lenovo-NV-HDMI-Audio)
[    0.263558] ACPI: Added _OSI(Linux-HPI-Hybrid-Graphics)
[    0.267297] ACPI: 1 ACPI AML tables successfully acquired and loaded
[    0.269546] ACPI: Interpreter enabled
[    0.269897] ACPI: PM: (supports S0 S3 S4 S5)
[    0.270263] ACPI: Using IOAPIC for interrupt routing
[    0.270697] PCI: Using host bridge windows from ACPI; if necessary, use "pci=nocrs" and report a bug
[    0.271823] ACPI: Enabled 2 GPEs in block 00 to 0F
[    0.280799] ACPI: PCI Root Bridge [PCI0] (domain 0000 [bus 00-ff])
[    0.281390] acpi PNP0A03:00: _OSC: OS supports [ASPM ClockPM Segments MSI EDR HPX-Type3]
[    0.282115] acpi PNP0A03:00: _OSC: not requesting OS control; OS requires [ExtendedConfig ASPM ClockPM MSI]
[    0.283050] acpi PNP0A03:00: fail to add MMCONFIG information, can't access extended PCI configuration space under this bridge.
[    0.284589] acpiphp: Slot [3] registered
[    0.284983] acpiphp: Slot [4] registered
[    0.285375] acpiphp: Slot [5] registered
[    0.285770] acpiphp: Slot [6] registered
[    0.286161] acpiphp: Slot [7] registered
[    0.286551] acpiphp: Slot [8] registered
[    0.286945] acpiphp: Slot [9] registered
[    0.287335] acpiphp: Slot [10] registered
[    0.287587] acpiphp: Slot [11] registered
[    0.287988] acpiphp: Slot [12] registered
[    0.288387] acpiphp: Slot [13] registered
[    0.288763] acpiphp: Slot [14] registered
[    0.289121] acpiphp: Slot [15] registered
[    0.289480] acpiphp: Slot [16] registered
[    0.289871] acpiphp: Slot [17] registered
[    0.290233] acpiphp: Slot [18] registered
[    0.290597] acpiphp: Slot [19] registered
[    0.290981] acpiphp: Slot [20] registered
[    0.291338] acpiphp: Slot [21] registered
[    0.291580] acpiphp: Slot [22] registered
[    0.291952] acpiphp: Slot [23] registered
[    0.292357] acpiphp: Slot [24] registered
[    0.292767] acpiphp: Slot [25] registered
[    0.293171] acpiphp: Slot [26] registered
[    0.293589] acpiphp: Slot [27] registered
[    0.293993] acpiphp: Slot [28] registered
[    0.294397] acpiphp: Slot [29] registered
[    0.294816] acpiphp: Slot [30] registered
[    0.295220] acpiphp: Slot [31] registered
[    0.295566] PCI host bridge to bus 0000:00
[    0.295940] pci_bus 0000:00: root bus resource [io  0x0000-0x0cf7 window]
[    0.296551] pci_bus 0000:00: root bus resource [io  0x0d00-0xffff window]
[    0.297170] pci_bus 0000:00: root bus resource [mem 0x000a0000-0x000bffff window]
[    0.297861] pci_bus 0000:00: root bus resource [mem 0x80000000-0xfebfffff window]
[    0.298533] pci_bus 0000:00: root bus resource [mem 0x100000000-0x17fffffff window]
[    0.299219] pci_bus 0000:00: root bus resource [bus 00-ff]
[    0.299597] pci 0000:00:00.0: [8086:1237] type 00 class 0x060000
[    0.302125] pci 0000:00:01.0: [8086:7000] type 00 class 0x060100
[    0.303108] pci 0000:00:01.1: [8086:7010] type 00 class 0x010180
[    0.304989] pci 0000:00:01.1: reg 0x20: [io  0xc040-0xc04f]
[    0.306169] pci 0000:00:01.1: legacy IDE quirk: reg 0x10: [io  0x01f0-0x01f7]
[    0.306827] pci 0000:00:01.1: legacy IDE quirk: reg 0x14: [io  0x03f6]
[    0.307415] pci 0000:00:01.1: legacy IDE quirk: reg 0x18: [io  0x0170-0x0177]
[    0.307550] pci 0000:00:01.1: legacy IDE quirk: reg 0x1c: [io  0x0376]
[    0.308857] pci 0000:00:01.3: [8086:7113] type 00 class 0x068000
[    0.309670] pci 0000:00:01.3: quirk: [io  0x0600-0x063f] claimed by PIIX4 ACPI
[    0.310332] pci 0000:00:01.3: quirk: [io  0x0700-0x070f] claimed by PIIX4 SMB
[    0.311322] pci 0000:00:02.0: [1234:1111] type 00 class 0x030000
[    0.312497] pci 0000:00:02.0: reg 0x10: [mem 0xfd000000-0xfdffffff pref]
[    0.314387] pci 0000:00:02.0: reg 0x18: [mem 0xfebf0000-0xfebf0fff]
[    0.317457] pci 0000:00:02.0: reg 0x30: [mem 0xfebe0000-0xfebeffff pref]
[    0.320543] pci 0000:00:03.0: [8086:100e] type 00 class 0x020000
[    0.321746] pci 0000:00:03.0: reg 0x10: [mem 0xfebc0000-0xfebdffff]
[    0.322822] pci 0000:00:03.0: reg 0x14: [io  0xc000-0xc03f]
[    0.325170] pci 0000:00:03.0: reg 0x30: [mem 0xfeb80000-0xfebbffff pref]
[    0.333983] ACPI: PCI: Interrupt link LNKA configured for IRQ 10
[    0.334808] ACPI: PCI: Interrupt link LNKB configured for IRQ 10
[    0.335609] ACPI: PCI: Interrupt link LNKC configured for IRQ 11
[    0.336446] ACPI: PCI: Interrupt link LNKD configured for IRQ 11
[    0.337126] ACPI: PCI: Interrupt link LNKS configured for IRQ 9
[    0.338289] iommu: Default domain type: Translated 
[    0.338289] iommu: DMA domain TLB invalidation policy: lazy mode 
[    0.339611] pci 0000:00:02.0: vgaarb: setting as boot VGA device
[    0.340111] pci 0000:00:02.0: vgaarb: VGA device added: decodes=io+mem,owns=io+mem,locks=none
[    0.340862] pci 0000:00:02.0: vgaarb: bridge control possible
[    0.341397] vgaarb: loaded
[    0.342025] SCSI subsystem initialized
[    0.342417] ACPI: bus type USB registered
[    0.342417] usbcore: registered new interface driver usbfs
[    0.343563] usbcore: registered new interface driver hub
[    0.344081] usbcore: registered new device driver usb
[    0.344607] pps_core: LinuxPPS API ver. 1 registered
[    0.345024] pps_core: Software ver. 5.3.6 - Copyright 2005-2007 Rodolfo Giometti <giometti@linux.it>
[    0.345808] PTP clock support registered
[    0.346206] EDAC MC: Ver: 3.0.0
[    0.346206] NetLabel: Initializing
[    0.347550] NetLabel:  domain hash size = 128
[    0.347935] NetLabel:  protocols = UNLABELED CIPSOv4 CALIPSO
[    0.348433] NetLabel:  unlabeled traffic allowed by default
[    0.348924] PCI: Using ACPI for IRQ routing
[    0.348924] hpet0: at MMIO 0xfed00000, IRQs 2, 8, 0
[    0.348924] hpet0: 3 comparators, 64-bit 100.000000 MHz counter
[    0.353672] clocksource: Switched to clocksource kvm-clock
[    0.527761] VFS: Disk quotas dquot_6.6.0
[    0.528223] VFS: Dquot-cache hash table entries: 512 (order 0, 4096 bytes)
[    0.529038] pnp: PnP ACPI init
[    0.530451] pnp: PnP ACPI: found 6 devices
[    0.537683] clocksource: acpi_pm: mask: 0xffffff max_cycles: 0xffffff, max_idle_ns: 2085701024 ns
[    0.538731] NET: Registered PF_INET protocol family
[    0.539273] IP idents hash table entries: 32768 (order: 6, 262144 bytes, linear)
[    0.540898] tcp_listen_portaddr_hash hash table entries: 1024 (order: 2, 16384 bytes, linear)
[    0.541707] TCP established hash table entries: 16384 (order: 5, 131072 bytes, linear)
[    0.542481] TCP bind hash table entries: 16384 (order: 6, 262144 bytes, linear)
[    0.543218] TCP: Hash tables configured (established 16384 bind 16384)
[    0.544180] UDP hash table entries: 1024 (order: 3, 32768 bytes, linear)
[    0.544808] UDP-Lite hash table entries: 1024 (order: 3, 32768 bytes, linear)
[    0.545507] NET: Registered PF_UNIX/PF_LOCAL protocol family
[    0.546192] RPC: Registered named UNIX socket transport module.
[    0.546730] RPC: Registered udp transport module.
[    0.547157] RPC: Registered tcp transport module.
[    0.547593] RPC: Registered tcp NFSv4.1 backchannel transport module.
[    0.548193] pci_bus 0000:00: resource 4 [io  0x0000-0x0cf7 window]
[    0.548756] pci_bus 0000:00: resource 5 [io  0x0d00-0xffff window]
[    0.549323] pci_bus 0000:00: resource 6 [mem 0x000a0000-0x000bffff window]
[    0.549946] pci_bus 0000:00: resource 7 [mem 0x80000000-0xfebfffff window]
[    0.550569] pci_bus 0000:00: resource 8 [mem 0x100000000-0x17fffffff window]
[    0.551328] pci 0000:00:01.0: PIIX3: Enabling Passive Release
[    0.551863] pci 0000:00:00.0: Limiting direct PCI/PCI transfers
[    0.552412] pci 0000:00:01.0: Activating ISA DMA hang workarounds
[    0.553026] pci 0000:00:02.0: Video device with shadowed ROM at [mem 0x000c0000-0x000dffff]
[    0.553797] PCI: CLS 0 bytes, default 64
[    0.554328] clocksource: tsc: mask: 0xffffffffffffffff max_cycles: 0x363e8c91135, max_idle_ns: 881590568389 ns
[    2.482712] Initialise system trusted keyrings
[    2.483312] Key type blacklist registered
[    2.484029] workingset: timestamp_bits=36 max_order=19 bucket_order=0
[    2.489090] zbud: loaded
[    2.490034] squashfs: version 4.0 (2009/01/31) Phillip Lougher
[    2.491512] NFS: Registering the id_resolver key type
[    2.492127] Key type id_resolver registered
[    2.492612] Key type id_legacy registered
[    2.493134] nfs4filelayout_init: NFSv4 File Layout Driver Registering...
[    2.493902] nfs4flexfilelayout_init: NFSv4 Flexfile Layout Driver Registering...
[    2.494792] fuse: init (API version 7.35)
[    2.495390] SGI XFS with ACLs, security attributes, realtime, quota, no debug enabled
[    2.497318] 9p: Installing v9fs 9p2000 file system support
[    2.504876] Key type asymmetric registered
[    2.505365] Asymmetric key parser 'x509' registered
[    2.505998] Block layer SCSI generic (bsg) driver version 0.4 loaded (major 243)
[    2.507049] io scheduler mq-deadline registered
[    2.507646] io scheduler bfq registered
[    2.508852] shpchp: Standard Hot Plug PCI Controller Driver version: 0.4
[    2.509785] IPMI message handler: version 39.2
[    2.510314] ipmi device interface
[    2.511846] input: Power Button as /devices/LNXSYSTM:00/LNXPWRBN:00/input/input0
[    2.512772] ACPI: button: Power Button [PWRF]
[    2.514016] ERST DBG: ERST support is disabled.
[    2.514845] Serial: 8250/16550 driver, 32 ports, IRQ sharing enabled
[    2.516123] 00:04: ttyS0 at I/O 0x3f8 (irq = 4, base_baud = 115200) is a 16550A
[    2.522197] Linux agpgart interface v0.103
[    2.523153] ACPI: bus type drm_connector registered
[    2.530978] brd: module loaded
[    2.534063] loop: module loaded
[    2.536496] scsi host0: ata_piix
[    2.537040] scsi host1: ata_piix
[    2.537410] ata1: PATA max MWDMA2 cmd 0x1f0 ctl 0x3f6 bmdma 0xc040 irq 14
[    2.538015] ata2: PATA max MWDMA2 cmd 0x170 ctl 0x376 bmdma 0xc048 irq 15
[    2.538934] libphy: Fixed MDIO Bus: probed
[    2.539468] tun: Universal TUN/TAP device driver, 1.6
[    2.540046] e100: Intel(R) PRO/100 Network Driver
[    2.540466] e100: Copyright(c) 1999-2006 Intel Corporation
[    2.540973] e1000: Intel(R) PRO/1000 Network Driver
[    2.541414] e1000: Copyright (c) 1999-2006 Intel Corporation.
[    2.608646] ACPI: \_SB_.LNKC: Enabled at IRQ 11
[    2.696332] ata1.00: ATA-7: QEMU HARDDISK, 2.5+, max UDMA/100
[    2.696936] ata1.00: 16777216 sectors, multi 16: LBA48 
[    2.697642] ata1.00: Read log 0x00 page 0x00 failed, Emask 0x1
[    2.698991] ata2.00: ATAPI: QEMU DVD-ROM, 2.5+, max UDMA/100
[    2.700281] scsi 0:0:0:0: Direct-Access     ATA      QEMU HARDDISK    2.5+ PQ: 0 ANSI: 5
[    2.701768] scsi 0:0:0:0: Attached scsi generic sg0 type 0
[    2.702582] sd 0:0:0:0: [sda] 16777216 512-byte logical blocks: (8.59 GB/8.00 GiB)
[    2.703389] sd 0:0:0:0: [sda] Write Protect is off
[    2.703937] sd 0:0:0:0: [sda] Write cache: enabled, read cache: enabled, doesn't support DPO or FUA
[    2.705885] scsi 1:0:0:0: CD-ROM            QEMU     QEMU DVD-ROM     2.5+ PQ: 0 ANSI: 5
[    2.707572] scsi 1:0:0:0: Attached scsi generic sg1 type 5
[    2.739789] sd 0:0:0:0: [sda] Attached SCSI disk
[    2.930028] e1000 0000:00:03.0 eth0: (PCI:33MHz:32-bit) 52:54:00:12:34:56
[    2.930591] e1000 0000:00:03.0 eth0: Intel(R) PRO/1000 Network Connection
[    2.931187] e1000e: Intel(R) PRO/1000 Network Driver
[    2.931590] e1000e: Copyright(c) 1999 - 2015 Intel Corporation.
[    2.932110] igb: Intel(R) Gigabit Ethernet Network Driver
[    2.932545] igb: Copyright (c) 2007-2014 Intel Corporation.
[    2.933050] PPP generic driver version 2.4.2
[    2.933908] VFIO - User Level meta-driver version: 0.3
[    2.934386] ehci_hcd: USB 2.0 'Enhanced' Host Controller (EHCI) Driver
[    2.934938] ehci-pci: EHCI PCI platform driver
[    2.935335] ehci-platform: EHCI generic platform driver
[    2.935817] ohci_hcd: USB 1.1 'Open' Host Controller (OHCI) Driver
[    2.936358] ohci-pci: OHCI PCI platform driver
[    2.936762] ohci-platform: OHCI generic platform driver
[    2.937257] uhci_hcd: USB Universal Host Controller Interface driver
[    2.938163] usbcore: registered new interface driver uas
[    2.938689] usbcore: registered new interface driver usb-storage
[    2.939256] i8042: PNP: PS/2 Controller [PNP0303:KBD,PNP0f13:MOU] at 0x60,0x64 irq 1,12
[    2.940791] serio: i8042 KBD port at 0x60,0x64 irq 1
[    2.941270] serio: i8042 AUX port at 0x60,0x64 irq 12
[    2.942271] mousedev: PS/2 mouse device common for all mice
[    2.943291] input: AT Translated Set 2 keyboard as /devices/platform/i8042/serio0/input/input1
[    2.943941] rtc_cmos 00:05: RTC can wake from S4
[    2.945482] rtc_cmos 00:05: registered as rtc0
[    2.945606] input: VirtualPS/2 VMware VMMouse as /devices/platform/i8042/serio1/input/input4
[    2.946131] rtc_cmos 00:05: setting system clock to 2022-11-03T08:21:16 UTC (1667463676)
[    2.947879] rtc_cmos 00:05: alarms up to one day, y3k, 242 bytes nvram, hpet irqs
[    2.948805] i2c_dev: i2c /dev entries driver
[    2.949370] device-mapper: core: CONFIG_IMA_DISABLE_HTABLE is disabled. Duplicate IMA measurements will not be recorded in the IMA log.
[    2.950871] device-mapper: uevent: version 1.0.3
[    2.950999] input: VirtualPS/2 VMware VMMouse as /devices/platform/i8042/serio1/input/input3
[    2.951540] device-mapper: ioctl: 4.45.0-ioctl (2021-03-22) initialised: dm-devel@redhat.com
[    2.953159] intel_pstate: CPU model not supported
[    2.953736] sdhci: Secure Digital Host Controller Interface driver
[    2.954401] sdhci: Copyright(c) Pierre Ossman
[    2.955198] sdhci-pltfm: SDHCI platform and OF driver helper
[    2.955966] ledtrig-cpu: registered to indicate activity on CPUs
[    2.956768] drop_monitor: Initializing network drop monitor service
[    2.957746] NET: Registered PF_INET6 protocol family
[    2.959846] Segment Routing with IPv6
[    2.960299] In-situ OAM (IOAM) with IPv6
[    2.960834] NET: Registered PF_PACKET protocol family
[    2.961602] 9pnet: Installing 9P2000 support
[    2.962136] Key type dns_resolver registered
[    2.963171] IPI shorthand broadcast: enabled
[    2.963726] sched_clock: Marking stable (2957417587, 6260097)->(2990077732, -26400048)
[    2.965002] registered taskstats version 1
[    2.965611] Loading compiled-in X.509 certificates
[    2.966310] zswap: loaded using pool lzo/zbud
[    2.967205] Key type ._fscrypt registered
[    2.967692] Key type .fscrypt registered
[    2.968152] Key type fscrypt-provisioning registered
[    2.969324] Key type encrypted registered
[    2.969812] ima: No TPM chip found, activating TPM-bypass!
[    2.970449] ima: Allocated hash algorithm: sha1
[    2.970987] ima: No architecture policies found
[    2.971534] evm: Initialising EVM extended attributes:
[    2.972145] evm: security.selinux
[    2.972536] evm: security.SMACK64
[    2.972924] evm: security.SMACK64EXEC
[    2.973414] evm: security.SMACK64TRANSMUTE
[    2.973791] evm: security.SMACK64MMAP
[    2.974122] evm: security.apparmor
[    2.974427] evm: security.ima
[    2.974694] evm: security.capability
[    2.975014] evm: HMAC attrs: 0x1
[    2.978244] PM:   Magic number: 14:923:370
[    2.979010] RAS: Correctable Errors collector initialized.
[    2.979807] md: Waiting for all devices to be available before autodetect
[    2.980413] md: If you don't use raid, use raid=noautodetect
[    2.980916] md: Autodetecting RAID arrays.
[    2.981290] md: autorun ...
[    2.981544] md: ... autorun DONE.
[    2.984190] EXT4-fs (sda): INFO: recovery required on readonly filesystem
[    2.984817] EXT4-fs (sda): write access will be enabled during recovery
[    3.001567] EXT4-fs (sda): recovery complete
[    3.003686] EXT4-fs (sda): mounted filesystem with ordered data mode. Opts: (null). Quota mode: none.
[    3.004554] VFS: Mounted root (ext4 filesystem) readonly on device 8:0.
[    3.005716] devtmpfs: mounted
[    3.011159] Freeing unused decrypted memory: 2036K
[    3.013084] Freeing unused kernel image (initmem) memory: 3136K
[    3.013648] Write protecting the kernel read-only data: 38912k
[    3.016306] Freeing unused kernel image (text/rodata gap) memory: 2028K
[    3.017396] Freeing unused kernel image (rodata/data gap) memory: 652K
[    3.096950] x86/mm: Checked W+X mappings: passed, no W+X pages found.
[    3.097575] Run /sbin/init as init process
[    3.163174] random: fast init done
[    3.213131] systemd[1]: RTC configured in localtime, applying delta of 0 minutes to system time.
[    3.241400] systemd[1]: systemd 239 (239-49.el8) running in system mode. (+PAM +AUDIT +SELINUX +IMA -APPARMOR +SMACK +SYSVINIT +UTMP +LIBCRYPTSETUP +GCRYPT +GNUTLS +ACL +XZ +LZ4 +SECCOMP +BLKID +ELFUTILS +KMOD +IDN2 -IDN +PCRE2 default-hierarchy=legacy)
[    3.243454] systemd[1]: Detected virtualization kvm.
[    3.243930] systemd[1]: Detected architecture x86-64.

Welcome to [0;31mCentOS Stream 8[0m!

[    3.269008] systemd[1]: Set hostname to <test>.
[    3.341469] random: lvmconfig: uninitialized urandom read (4 bytes read)
[    3.412770] random: systemd: uninitialized urandom read (16 bytes read)
[    3.413449] systemd[1]: Listening on Device-mapper event daemon FIFOs.
[[0;32m  OK  [0m] Listening on Device-mapper event daemon FIFOs.
[    3.414634] random: systemd: uninitialized urandom read (16 bytes read)
[    3.415283] systemd[1]: Listening on Journal Socket (/dev/log).
[[0;32m  OK  [0m] Listening on Journal Socket (/dev/log).
[    3.419224] systemd[1]: Listening on Process Core Dump Socket.
[[0;32m  OK  [0m] Listening on Process Core Dump Socket.
[    3.420358] systemd[1]: Listening on udev Kernel Socket.
[[0;32m  OK  [0m] Listening on udev Kernel Socket.
[    3.422448] systemd[1]: Created slice system-serial\x2dgetty.slice.
[[0;32m  OK  [0m] Created slice system-serial\x2dgetty.slice.
[    3.423602] systemd[1]: Reached target Swap.
[[0;32m  OK  [0m] Reached target Swap.
[[0;32m  OK  [0m] Listening on LVM2 poll daemon socket.
[[0;32m  OK  [0m] Listening on RPCbind Server Activation Socket.
[[0;32m  OK  [0m] Reached target RPC Port Mapper.
[[0;32m  OK  [0m] Created slice User and Session Slice.
[[0;32m  OK  [0m] Reached target Slices.
[[0;32m  OK  [0m] Listening on Journal Socket.
         Mounting POSIX Message Queue File System...
         Starting Monitoring of LVM2 mirrorsâ€¦ng dmeventd or progress polling...
         Mounting Huge Pages File System...
[[0;32m  OK  [0m] Set up automount Arbitrary Executabâ€¦rmats File System Automount Point.
[[0;32m  OK  [0m] Created slice system-getty.slice.
         Starting Journal Service...
[[0;32m  OK  [0m] Created slice system-sshd\x2dkeygen.slice.
[[0;32m  OK  [0m] Listening on initctl Compatibility Named Pipe.
         Mounting Kernel Debug File System...
         Starting Load Kernel Modules...
[[0;32m  OK  [0m] Started Forward Password Requests to Wall Directory Watch.
         Starting Remount Root and Kernel File Systems...
[[0;32m  OK  [0m] Listening on multipathd control socket.
         Starting Setup Virtual Console...
[[0;32m  OK  [0m] Listening on udev Control Socket.
         Starting udev Coldplug all Devices...
[[0;32m  OK  [0m] Mounted POSIX Message Queue File System.
[[0;32m  OK  [0m] Mounted Huge Pages File System.
[[0;32m  OK  [0m] Mounted Kernel Debug File System.
[    3.554836] EXT4-fs (sda): re-mounted. Opts: (null). Quota mode: none.
[[0;1;31mFAILED[0m] Failed to start Load Kernel Modules.
See 'systemctl status systemd-modules-load.service' for details.
[[0;32m  OK  [0m] Started Remount Root and Kernel File Systems.
         Starting Load/Save Random Seed...
         Starting Create Static Device Nodes in /dev...
         Mounting FUSE Control File System...
         Starting Apply Kernel Variables...
         Mounting Kernel Configuration File System...
[[0;32m  OK  [0m] Started Journal Service.
         Starting Flush Journal to Persistent Storage...
[[0;32m  OK  [0m] Mounted FUSE Control File System.
[[0;32m  OK  [0m] Started Load/Save Random Seed.
[[0;32m  OK  [0m] Started Apply Kernel Variables.
[[0;32m  OK  [0m] Started Flush Journal to Persistent Storage.
[[0;32m  OK  [0m] Mounted Kernel Configuration File System.
[[0;32m  OK  [0m] Started Create Static Device Nodes in /dev.
         Starting udev Kernel Device Manager...
[[0;32m  OK  [0m] Started udev Coldplug all Devices.
         Starting udev Wait for Complete Device Initialization...
[[0;32m  OK  [0m] Started Setup Virtual Console.
[[0;32m  OK  [0m] Started udev Kernel Device Manager.
         Starting Show Plymouth Boot Screen...
[[0;32m  OK  [0m] Started Show Plymouth Boot Screen.
[[0;32m  OK  [0m] Reached target Local Encrypted Volumes.
[[0;32m  OK  [0m] Reached target Paths.
[[0;32m  OK  [0m] Started Forward Password Requests to Plymouth Directory Watch.
[[0;32m  OK  [0m] Found device /dev/ttyS0.
[[0;32m  OK  [0m] Started Monitoring of LVM2 mirrors,â€¦sing dmeventd or progress polling.
[[0;32m  OK  [0m] Listening on Load/Save RF Kill Switch Status /dev/rfkill Watch.
[[0;32m  OK  [0m] Started udev Wait for Complete Device Initialization.
[[0;32m  OK  [0m] Reached target Local File Systems (Pre).
[[0;32m  OK  [0m] Reached target Local File Systems.
         Starting Restore /run/initramfs on shutdown...
         Starting Create Volatile Files and Directories...
         Starting Tell Plymouth To Write Out Runtime Data...
[[0;32m  OK  [0m] Started Restore /run/initramfs on shutdown.
[[0;32m  OK  [0m] Started Create Volatile Files and Directories.
         Starting Security Auditing Service...
         Starting RPC Bind...
         Mounting RPC Pipe File System...
[[0;32m  OK  [0m] Started Tell Plymouth To Write Out Runtime Data.
[[0;32m  OK  [0m] Mounted RPC Pipe File System.
[[0;32m  OK  [0m] Reached target rpc_pipefs.target.
[[0;32m  OK  [0m] Started RPC Bind.
[[0;32m  OK  [0m] Started Security Auditing Service.
         Starting Update UTMP about System Boot/Shutdown...
[[0;32m  OK  [0m] Started Update UTMP about System Boot/Shutdown.
[[0;32m  OK  [0m] Reached target System Initialization.
[[0;32m  OK  [0m] Listening on D-Bus System Message Bus Socket.
[[0;32m  OK  [0m] Started daily update of the root trust anchor for DNSSEC.
[[0;32m  OK  [0m] Listening on SSSD Kerberos Cache Manager responder socket.
[[0;32m  OK  [0m] Reached target Sockets.
[[0;32m  OK  [0m] Reached target Basic System.
[[0;32m  OK  [0m] Started irqbalance daemon.
         Starting Self Monitoring and Reporting Technology (SMART) Daemon...
[[0;32m  OK  [0m] Started Machine Check Exception Logging Daemon.
         Starting Authorization Manager...
[[0;32m  OK  [0m] Started D-Bus System Message Bus.
         Starting Login Service...
         Starting Network Manager...
         Starting NTP client/server...
         Starting Auto-connect to subsystemsâ€¦-NVME devices found during boot...
[[0;32m  OK  [0m] Started Daily Cleanup of Temporary Directories.
[[0;32m  OK  [0m] Started dnf makecache --timer.
[[0;32m  OK  [0m] Reached target Timers.
[[0;32m  OK  [0m] Reached target sshd-keygen.target.
[[0;32m  OK  [0m] Started Auto-connect to subsystems â€¦FC-NVME devices found during boot.
[[0;32m  OK  [0m] Started Self Monitoring and Reporting Technology (SMART) Daemon.
[[0;32m  OK  [0m] Started Login Service.
[[0;32m  OK  [0m] Started Network Manager.
         Starting Network Manager Wait Online...
[[0;32m  OK  [0m] Reached target Network.
         Starting GSSAPI Proxy Daemon...
         Starting OpenSSH server daemon...
         Starting Dynamic System Tuning Daemon...
[[0;32m  OK  [0m] Started NTP client/server.
         Starting Hostname Service...
[[0;32m  OK  [0m] Started Authorization Manager.
[[0;32m  OK  [0m] Started Hostname Service.
         Starting Network Manager Script Dispatcher Service...
[[0;32m  OK  [0m] Started Network Manager Script Dispatcher Service.
[    4.587671] e1000: eth0 NIC Link is Up 1000 Mbps Full Duplex, Flow Control: RX
[    4.588809] IPv6: ADDRCONF(NETDEV_CHANGE): eth0: link becomes ready
[[0;32m  OK  [0m] Started Dynamic System Tuning Daemon.
[[0;32m  OK  [0m] Started Network Manager Wait Online.
[[0;32m  OK  [0m] Reached target Network is Online.
         Starting System Logging Service...
         Starting Notify NFS peers of a restart...
[[0;32m  OK  [0m] Started Notify NFS peers of a restart.
[[0;32m  OK  [0m] Started System Logging Service.
[    5.799571] random: crng init done
[    5.799997] random: 7 urandom warning(s) missed due to ratelimiting
[[0;32m  OK  [0m] Started OpenSSH server daemon.
[[0;32m  OK  [0m] Started GSSAPI Proxy Daemon.
[[0;32m  OK  [0m] Reached target NFS client services.
[[0;32m  OK  [0m] Reached target Remote File Systems (Pre).
[[0;32m  OK  [0m] Reached target Remote File Systems.
         Starting Permit User Sessions...
[[0;32m  OK  [0m] Started Permit User Sessions.
[[0;32m  OK  [0m] Started Command Scheduler.
         Starting Terminate Plymouth Boot Screen...
         Starting Hold until boot process finishes up...

CentOS Stream 8
Kernel 5.16.0-rc4-e85fbf535531+ on an x86_64

test login: 