c[?7l[2J[0mSeaBIOS (version rel-1.14.0-0-g155821a1990b-prebuilt.qemu.org)


iPXE (http://ipxe.org) 00:03.0 CA00 PCI2.10 PnP PMM+7FF8F030+7FEEF030 CA00
Press Ctrl-B to configure iPXE (PCI 00:03.0)...                                                                               


Booting from ROM..c[?7l[2J[0m.[    0.000000] Linux version 5.11.0-f40ddce88593 (root@p-rplp02) (gcc (GCC) 8.5.0 20210514 (Red Hat 8.5.0-15), GNU ld version 2.36.1-2.el8) #1 SMP Thu Nov 3 15:22:43 CST 2022
[    0.000000] Command line: console=ttyS0 root=/dev/sda earlyprintk=serial net.ifnames=0
[    0.000000] KERNEL supported cpus:
[    0.000000]   Intel GenuineIntel
[    0.000000]   AMD AuthenticAMD
[    0.000000]   Hygon HygonGenuine
[    0.000000]   Centaur CentaurHauls
[    0.000000]   zhaoxin   Shanghai  
[    0.000000] x86/fpu: Supporting XSAVE feature 0x001: 'x87 floating point registers'
[    0.000000] x86/fpu: Supporting XSAVE feature 0x002: 'SSE registers'
[    0.000000] x86/fpu: Supporting XSAVE feature 0x004: 'AVX registers'
[    0.000000] x86/fpu: Supporting XSAVE feature 0x200: 'Protection Keys User registers'
[    0.000000] x86/fpu: xstate_offset[2]:  576, xstate_sizes[2]:  256
[    0.000000] x86/fpu: xstate_offset[9]:  832, xstate_sizes[9]:    8
[    0.000000] x86/fpu: Enabled xstate features 0x207, context size is 840 bytes, using 'compacted' format.
[    0.000000] BIOS-provided physical RAM map:
[    0.000000] BIOS-e820: [mem 0x0000000000000000-0x000000000009fbff] usable
[    0.000000] BIOS-e820: [mem 0x000000000009fc00-0x000000000009ffff] reserved
[    0.000000] BIOS-e820: [mem 0x00000000000f0000-0x00000000000fffff] reserved
[    0.000000] BIOS-e820: [mem 0x0000000000100000-0x000000007ffdffff] usable
[    0.000000] BIOS-e820: [mem 0x000000007ffe0000-0x000000007fffffff] reserved
[    0.000000] BIOS-e820: [mem 0x00000000feffc000-0x00000000feffffff] reserved
[    0.000000] BIOS-e820: [mem 0x00000000fffc0000-0x00000000ffffffff] reserved
[    0.000000] printk: bootconsole [earlyser0] enabled
[    0.000000] NX (Execute Disable) protection: active
[    0.000000] SMBIOS 2.8 present.
[    0.000000] DMI: QEMU Standard PC (i440FX + PIIX, 1996), BIOS rel-1.14.0-0-g155821a1990b-prebuilt.qemu.org 04/01/2014
[    0.000000] Hypervisor detected: KVM
[    0.000000] kvm-clock: Using msrs 4b564d01 and 4b564d00
[    0.000000] kvm-clock: cpu 0, msr 4601001, primary cpu clock
[    0.000000] kvm-clock: using sched offset of 357063670 cycles
[    0.000763] clocksource: kvm-clock: mask: 0xffffffffffffffff max_cycles: 0x1cd42e4dffb, max_idle_ns: 881590591483 ns
[    0.002964] tsc: Detected 1881.600 MHz processor
[    0.009886] last_pfn = 0x7ffe0 max_arch_pfn = 0x400000000
[    0.010815] x86/PAT: Configuration [0-7]: WB  WC  UC- UC  WB  WP  UC- WT  
[    0.017867] found SMP MP-table at [mem 0x000f5a90-0x000f5a9f]
[    0.019656] check: Scanning 1 areas for low memory corruption
[    0.020505] Using GB pages for direct mapping
[    0.022012] ACPI: Early table checksum verification disabled
[    0.022804] ACPI: RSDP 0x00000000000F5870 000014 (v00 BOCHS )
[    0.023599] ACPI: RSDT 0x000000007FFE1959 000034 (v01 BOCHS  BXPC     00000001 BXPC 00000001)
[    0.024780] ACPI: FACP 0x000000007FFE1805 000074 (v01 BOCHS  BXPC     00000001 BXPC 00000001)
[    0.025955] ACPI: DSDT 0x000000007FFE0040 0017C5 (v01 BOCHS  BXPC     00000001 BXPC 00000001)
[    0.027129] ACPI: FACS 0x000000007FFE0000 000040
[    0.027777] ACPI: APIC 0x000000007FFE1879 000080 (v01 BOCHS  BXPC     00000001 BXPC 00000001)
[    0.028944] ACPI: HPET 0x000000007FFE18F9 000038 (v01 BOCHS  BXPC     00000001 BXPC 00000001)
[    0.030120] ACPI: WAET 0x000000007FFE1931 000028 (v01 BOCHS  BXPC     00000001 BXPC 00000001)
[    0.031971] No NUMA configuration found
[    0.032494] Faking a node at [mem 0x0000000000000000-0x000000007ffdffff]
[    0.033460] NODE_DATA(0) allocated [mem 0x7ffb5000-0x7ffdffff]
[    0.037681] Zone ranges:
[    0.038055]   DMA      [mem 0x0000000000001000-0x0000000000ffffff]
[    0.038904]   DMA32    [mem 0x0000000001000000-0x000000007ffdffff]
[    0.039754]   Normal   empty
[    0.040156]   Device   empty
[    0.040552] Movable zone start for each node
[    0.041136] Early memory node ranges
[    0.041620]   node   0: [mem 0x0000000000001000-0x000000000009efff]
[    0.042470]   node   0: [mem 0x0000000000100000-0x000000007ffdffff]
[    0.044215] Zeroed struct page in unavailable ranges: 130 pages
[    0.044232] Initmem setup node 0 [mem 0x0000000000001000-0x000000007ffdffff]
[    0.055089] ACPI: PM-Timer IO Port: 0x608
[    0.055718] ACPI: LAPIC_NMI (acpi_id[0xff] dfl dfl lint[0x1])
[    0.056549] IOAPIC[0]: apic_id 0, version 17, address 0xfec00000, GSI 0-23
[    0.057483] ACPI: INT_SRC_OVR (bus 0 bus_irq 0 global_irq 2 dfl dfl)
[    0.058341] ACPI: INT_SRC_OVR (bus 0 bus_irq 5 global_irq 5 high level)
[    0.059230] ACPI: INT_SRC_OVR (bus 0 bus_irq 9 global_irq 9 high level)
[    0.060130] ACPI: INT_SRC_OVR (bus 0 bus_irq 10 global_irq 10 high level)
[    0.061050] ACPI: INT_SRC_OVR (bus 0 bus_irq 11 global_irq 11 high level)
[    0.062004] Using ACPI (MADT) for SMP configuration information
[    0.062798] ACPI: HPET id: 0x8086a201 base: 0xfed00000
[    0.063511] TSC deadline timer available
[    0.064047] smpboot: Allowing 2 CPUs, 0 hotplug CPUs
[    0.064738] kvm-guest: KVM setup pv remote TLB flush
[    0.065424] kvm-guest: setup PV sched yield
[    0.066025] PM: hibernation: Registered nosave memory: [mem 0x00000000-0x00000fff]
[    0.067049] PM: hibernation: Registered nosave memory: [mem 0x0009f000-0x0009ffff]
[    0.068076] PM: hibernation: Registered nosave memory: [mem 0x000a0000-0x000effff]
[    0.069093] PM: hibernation: Registered nosave memory: [mem 0x000f0000-0x000fffff]
[    0.070113] [mem 0x80000000-0xfeffbfff] available for PCI devices
[    0.070937] Booting paravirtualized kernel on KVM
[    0.071588] clocksource: refined-jiffies: mask: 0xffffffff max_cycles: 0xffffffff, max_idle_ns: 7645519600211568 ns
[    0.073036] setup_percpu: NR_CPUS:8192 nr_cpumask_bits:2 nr_cpu_ids:2 nr_node_ids:1
[    0.074728] percpu: Embedded 56 pages/cpu s192512 r8192 d28672 u1048576
[    0.075831] kvm-guest: KVM setup async PF for cpu 0
[    0.076481] kvm-guest: stealtime: cpu 0, msr 7dc2e080
[    0.077158] kvm-guest: PV spinlocks enabled
[    0.077728] PV qspinlock hash table entries: 256 (order: 0, 4096 bytes, linear)
[    0.078727] Built 1 zonelists, mobility grouping on.  Total pages: 515945
[    0.079659] Policy zone: DMA32
[    0.080079] Kernel command line: net.ifnames=0 console=ttyS0 root=/dev/sda earlyprintk=serial net.ifnames=0
[    0.082245] Dentry cache hash table entries: 262144 (order: 9, 2097152 bytes, linear)
[    0.083518] Inode-cache hash table entries: 131072 (order: 8, 1048576 bytes, linear)
[    0.084701] mem auto-init: stack:off, heap alloc:off, heap free:off
[    0.091910] Memory: 2002388K/2096632K available (28688K kernel code, 4244K rwdata, 7188K rodata, 3048K init, 10960K bss, 93988K reserved, 0K cma-reserved)
[    0.093803] random: get_random_u64 called from __kmem_cache_create+0x33/0x440 with crng_init=0
[    0.094174] SLUB: HWalign=64, Order=0-3, MinObjects=0, CPUs=2, Nodes=1
[    0.096179] kmemleak: Kernel memory leak detector disabled
[    0.096936] ftrace: allocating 61964 entries in 243 pages
[    0.189174] ftrace: allocated 243 pages with 6 groups
[    0.190022] rcu: Hierarchical RCU implementation.
[    0.190634] rcu: 	RCU restricting CPUs from NR_CPUS=8192 to nr_cpu_ids=2.
[    0.191518] 	Trampoline variant of Tasks RCU enabled.
[    0.192183] 	Rude variant of Tasks RCU enabled.
[    0.192770] 	Tracing variant of Tasks RCU enabled.
[    0.193390] rcu: RCU calculated value of scheduler-enlistment delay is 25 jiffies.
[    0.194365] rcu: Adjusting geometry for rcu_fanout_leaf=16, nr_cpu_ids=2
[    0.210122] NR_IRQS: 524544, nr_irqs: 440, preallocated irqs: 16
[    0.219943] Console: colour VGA+ 80x25
[    0.220553] printk: console [ttyS0] enabled
[    0.220553] printk: console [ttyS0] enabled
[    0.221732] printk: bootconsole [earlyser0] disabled
[    0.221732] printk: bootconsole [earlyser0] disabled
[    0.223173] ACPI: Core revision 20201113
[    0.223963] clocksource: hpet: mask: 0xffffffff max_cycles: 0xffffffff, max_idle_ns: 19112604467 ns
[    0.225370] APIC: Switch to symmetric I/O mode setup
[    0.226854] x2apic enabled
[    0.227771] Switched APIC routing to physical x2apic.
[    0.228723] kvm-guest: setup PV IPIs
[    0.231134] ..TIMER: vector=0x30 apic1=0 pin1=2 apic2=-1 pin2=-1
[    0.232352] clocksource: tsc-early: mask: 0xffffffffffffffff max_cycles: 0x363e8c91135, max_idle_ns: 881590568389 ns
[    0.234433] Calibrating delay loop (skipped) preset value.. 3763.20 BogoMIPS (lpj=7526400)
[    0.235978] pid_max: default: 32768 minimum: 301
[    0.236950] LSM: Security Framework initializing
[    0.238446] Yama: becoming mindful.
[    0.239395] Mount-cache hash table entries: 4096 (order: 3, 32768 bytes, linear)
[    0.240847] Mountpoint-cache hash table entries: 4096 (order: 3, 32768 bytes, linear)
[    0.243541] x86/cpu: User Mode Instruction Prevention (UMIP) activated
[    0.245229] Last level iTLB entries: 4KB 0, 2MB 0, 4MB 0
[    0.246436] Last level dTLB entries: 4KB 0, 2MB 0, 4MB 0, 1GB 0
[    0.247577] Spectre V1 : Mitigation: usercopy/swapgs barriers and __user pointer sanitization
[    0.249198] Spectre V2 : Mitigation: Enhanced IBRS
[    0.250429] Spectre V2 : Spectre v2 / SpectreRSB mitigation: Filling RSB on context switch
[    0.251977] Spectre V2 : mitigation: Enabling conditional Indirect Branch Prediction Barrier
[    0.253561] Speculative Store Bypass: Mitigation: Speculative Store Bypass disabled via prctl and seccomp
[    0.254769] Freeing SMP alternatives memory: 52K
[    0.259490] smpboot: CPU0: Genuine Intel(R) 0000 (family: 0x6, model: 0xba, stepping: 0x2)
[    0.261466] Performance Events: generic architected perfmon, full-width counters, Intel PMU driver.
[    0.262425] ... version:                2
[    0.262435] ... bit width:              48
[    0.263231] ... generic registers:      6
[    0.263982] ... value mask:             0000ffffffffffff
[    0.264967] ... max period:             00007fffffffffff
[    0.265947] ... fixed-purpose events:   3
[    0.266432] ... event mask:             000000070000003f
[    0.267783] rcu: Hierarchical SRCU implementation.
[    0.271961] smp: Bringing up secondary CPUs ...
[    0.273167] x86: Booting SMP configuration:
[    0.274049] .... node  #0, CPUs:      #1
[    0.015201] kvm-clock: cpu 1, msr 4601041, secondary cpu clock
[    0.015201] smpboot: CPU 1 Converting physical 0 to logical die 1
[    0.278536] kvm-guest: KVM setup async PF for cpu 1
[    0.279550] kvm-guest: stealtime: cpu 1, msr 7dd2e080
[    0.280511] smp: Brought up 1 node, 2 CPUs
[    0.280511] smpboot: Max logical packages: 2
[    0.280511] smpboot: Total of 2 processors activated (7526.40 BogoMIPS)
[    0.283265] devtmpfs: initialized
[    0.283337] x86/mm: Memory block size: 128MB
[    0.287350] clocksource: jiffies: mask: 0xffffffff max_cycles: 0xffffffff, max_idle_ns: 7645041785100000 ns
[    0.288826] futex hash table entries: 512 (order: 3, 32768 bytes, linear)
[    0.290663] pinctrl core: initialized pinctrl subsystem
[    0.292013] 
[    0.292333] *************************************************************
[    0.293636] **     NOTICE NOTICE NOTICE NOTICE NOTICE NOTICE NOTICE    **
[    0.294441] **                                                         **
[    0.295797] **  IOMMU DebugFS SUPPORT HAS BEEN ENABLED IN THIS KERNEL  **
[    0.297145] **                                                         **
[    0.298436] ** This means that this kernel is built to expose internal **
[    0.299856] ** IOMMU data structures, which may compromise security on **
[    0.301208] ** your system.                                            **
[    0.302434] **                                                         **
[    0.303741] ** If you see this message and you are not debugging the   **
[    0.305069] ** kernel, report this immediately to your vendor!         **
[    0.306394] **                                                         **
[    0.306434] **     NOTICE NOTICE NOTICE NOTICE NOTICE NOTICE NOTICE    **
[    0.307752] *************************************************************
[    0.309175] PM: RTC time: 07:52:41, date: 2022-11-03
[    0.311878] NET: Registered protocol family 16
[    0.313367] DMA: preallocated 256 KiB GFP_KERNEL pool for atomic allocations
[    0.314456] DMA: preallocated 256 KiB GFP_KERNEL|GFP_DMA pool for atomic allocations
[    0.315949] DMA: preallocated 256 KiB GFP_KERNEL|GFP_DMA32 pool for atomic allocations
[    0.317499] audit: initializing netlink subsys (disabled)
[    0.318559] audit: type=2000 audit(1667461962.591:1): state=initialized audit_enabled=0 res=1
[    0.319769] thermal_sys: Registered thermal governor 'fair_share'
[    0.320118] thermal_sys: Registered thermal governor 'bang_bang'
[    0.321276] thermal_sys: Registered thermal governor 'step_wise'
[    0.322437] thermal_sys: Registered thermal governor 'user_space'
[    0.323617] cpuidle: using governor ladder
[    0.325510] cpuidle: using governor menu
[    0.326701] ACPI: bus type PCI registered
[    0.327488] acpiphp: ACPI Hot Plug PCI Controller Driver version: 0.5
[    0.329091] PCI: Using configuration type 1 for base access
[    0.338538] HugeTLB registered 1.00 GiB page size, pre-allocated 0 pages
[    0.339373] HugeTLB registered 2.00 MiB page size, pre-allocated 0 pages
[    0.342992] ACPI: Added _OSI(Module Device)
[    0.343320] ACPI: Added _OSI(Processor Device)
[    0.343966] ACPI: Added _OSI(3.0 _SCP Extensions)
[    0.346437] ACPI: Added _OSI(Processor Aggregator Device)
[    0.347231] ACPI: Added _OSI(Linux-Dell-Video)
[    0.347869] ACPI: Added _OSI(Linux-Lenovo-NV-HDMI-Audio)
[    0.348628] ACPI: Added _OSI(Linux-HPI-Hybrid-Graphics)
[    0.354892] ACPI: 1 ACPI AML tables successfully acquired and loaded
[    0.359216] ACPI: Interpreter enabled
[    0.359890] ACPI: (supports S0 S3 S4 S5)
[    0.360490] ACPI: Using IOAPIC for interrupt routing
[    0.361283] PCI: Using host bridge windows from ACPI; if necessary, use "pci=nocrs" and report a bug
[    0.363166] ACPI: Enabled 2 GPEs in block 00 to 0F
[    0.378585] ACPI: PCI Root Bridge [PCI0] (domain 0000 [bus 00-ff])
[    0.379516] acpi PNP0A03:00: _OSC: OS supports [ASPM ClockPM Segments MSI EDR HPX-Type3]
[    0.380729] acpi PNP0A03:00: fail to add MMCONFIG information, can't access extended PCI configuration space under this bridge.
[    0.384049] acpiphp: Slot [3] registered
[    0.384683] acpiphp: Slot [4] registered
[    0.385315] acpiphp: Slot [5] registered
[    0.385949] acpiphp: Slot [6] registered
[    0.386502] acpiphp: Slot [7] registered
[    0.387143] acpiphp: Slot [8] registered
[    0.387787] acpiphp: Slot [9] registered
[    0.388434] acpiphp: Slot [10] registered
[    0.389089] acpiphp: Slot [11] registered
[    0.389770] acpiphp: Slot [12] registered
[    0.390417] acpiphp: Slot [13] registered
[    0.390499] acpiphp: Slot [14] registered
[    0.391157] acpiphp: Slot [15] registered
[    0.391814] acpiphp: Slot [16] registered
[    0.392479] acpiphp: Slot [17] registered
[    0.393191] acpiphp: Slot [18] registered
[    0.393847] acpiphp: Slot [19] registered
[    0.394498] acpiphp: Slot [20] registered
[    0.395155] acpiphp: Slot [21] registered
[    0.395803] acpiphp: Slot [22] registered
[    0.396449] acpiphp: Slot [23] registered
[    0.397119] acpiphp: Slot [24] registered
[    0.397763] acpiphp: Slot [25] registered
[    0.398421] acpiphp: Slot [26] registered
[    0.399073] acpiphp: Slot [27] registered
[    0.399782] acpiphp: Slot [28] registered
[    0.400455] acpiphp: Slot [29] registered
[    0.401139] acpiphp: Slot [30] registered
[    0.401850] acpiphp: Slot [31] registered
[    0.402479] PCI host bridge to bus 0000:00
[    0.403116] pci_bus 0000:00: root bus resource [io  0x0000-0x0cf7 window]
[    0.404102] pci_bus 0000:00: root bus resource [io  0x0d00-0xffff window]
[    0.405098] pci_bus 0000:00: root bus resource [mem 0x000a0000-0x000bffff window]
[    0.406171] pci_bus 0000:00: root bus resource [mem 0x80000000-0xfebfffff window]
[    0.406434] pci_bus 0000:00: root bus resource [mem 0x100000000-0x17fffffff window]
[    0.407698] pci_bus 0000:00: root bus resource [bus 00-ff]
[    0.408631] pci 0000:00:00.0: [8086:1237] type 00 class 0x060000
[    0.411460] pci 0000:00:01.0: [8086:7000] type 00 class 0x060100
[    0.413387] pci 0000:00:01.1: [8086:7010] type 00 class 0x010180
[    0.416109] pci 0000:00:01.1: reg 0x20: [io  0xc040-0xc04f]
[    0.417940] pci 0000:00:01.1: legacy IDE quirk: reg 0x10: [io  0x01f0-0x01f7]
[    0.418435] pci 0000:00:01.1: legacy IDE quirk: reg 0x14: [io  0x03f6]
[    0.419386] pci 0000:00:01.1: legacy IDE quirk: reg 0x18: [io  0x0170-0x0177]
[    0.420397] pci 0000:00:01.1: legacy IDE quirk: reg 0x1c: [io  0x0376]
[    0.421967] pci 0000:00:01.3: [8086:7113] type 00 class 0x068000
[    0.422851] pci 0000:00:01.3: quirk: [io  0x0600-0x063f] claimed by PIIX4 ACPI
[    0.423896] pci 0000:00:01.3: quirk: [io  0x0700-0x070f] claimed by PIIX4 SMB
[    0.425749] pci 0000:00:02.0: [1234:1111] type 00 class 0x030000
[    0.428182] pci 0000:00:02.0: reg 0x10: [mem 0xfd000000-0xfdffffff pref]
[    0.432057] pci 0000:00:02.0: reg 0x18: [mem 0xfebf0000-0xfebf0fff]
[    0.438467] pci 0000:00:02.0: reg 0x30: [mem 0xfebe0000-0xfebeffff pref]
[    0.443036] pci 0000:00:03.0: [8086:100e] type 00 class 0x020000
[    0.445613] pci 0000:00:03.0: reg 0x10: [mem 0xfebc0000-0xfebdffff]
[    0.447782] pci 0000:00:03.0: reg 0x14: [io  0xc000-0xc03f]
[    0.455312] pci 0000:00:03.0: reg 0x30: [mem 0xfeb80000-0xfebbffff pref]
[    0.479787] ACPI: PCI Interrupt Link [LNKA] (IRQs 5 *10 11)
[    0.481641] ACPI: PCI Interrupt Link [LNKB] (IRQs 5 *10 11)
[    0.483052] ACPI: PCI Interrupt Link [LNKC] (IRQs 5 10 *11)
[    0.484786] ACPI: PCI Interrupt Link [LNKD] (IRQs 5 10 *11)
[    0.486261] ACPI: PCI Interrupt Link [LNKS] (IRQs *9)
[    0.488260] iommu: Default domain type: Translated 
[    0.488260] pci 0000:00:02.0: vgaarb: setting as boot VGA device
[    0.488260] pci 0000:00:02.0: vgaarb: VGA device added: decodes=io+mem,owns=io+mem,locks=none
[    0.490454] pci 0000:00:02.0: vgaarb: bridge control possible
[    0.491580] vgaarb: loaded
[    0.493070] SCSI subsystem initialized
[    0.493986] ACPI: bus type USB registered
[    0.494542] usbcore: registered new interface driver usbfs
[    0.495684] usbcore: registered new interface driver hub
[    0.496809] usbcore: registered new device driver usb
[    0.497899] pps_core: LinuxPPS API ver. 1 registered
[    0.498437] pps_core: Software ver. 5.3.6 - Copyright 2005-2007 Rodolfo Giometti <giometti@linux.it>
[    0.500205] PTP clock support registered
[    0.501204] EDAC MC: Ver: 3.0.0
[    0.503185] NetLabel: Initializing
[    0.503897] NetLabel:  domain hash size = 128
[    0.504783] NetLabel:  protocols = UNLABELED CIPSOv4 CALIPSO
[    0.505954] NetLabel:  unlabeled traffic allowed by default
[    0.506539] PCI: Using ACPI for IRQ routing
[    0.507661] hpet0: at MMIO 0xfed00000, IRQs 2, 8, 0
[    0.507785] hpet0: 3 comparators, 64-bit 100.000000 MHz counter
[    0.514512] clocksource: Switched to clocksource kvm-clock
[    0.787028] VFS: Disk quotas dquot_6.6.0
[    0.787898] VFS: Dquot-cache hash table entries: 512 (order 0, 4096 bytes)
[    0.789500] pnp: PnP ACPI init
[    0.792702] pnp: PnP ACPI: found 6 devices
[    0.803736] clocksource: acpi_pm: mask: 0xffffff max_cycles: 0xffffff, max_idle_ns: 2085701024 ns
[    0.805921] NET: Registered protocol family 2
[    3.443929] tcp_listen_portaddr_hash hash table entries: 1024 (order: 2, 16384 bytes, linear)
[    3.445699] TCP established hash table entries: 16384 (order: 5, 131072 bytes, linear)
[    3.447522] TCP bind hash table entries: 16384 (order: 6, 262144 bytes, linear)
[    3.449240] TCP: Hash tables configured (established 16384 bind 16384)
[    3.450779] UDP hash table entries: 1024 (order: 3, 32768 bytes, linear)
[    3.452149] UDP-Lite hash table entries: 1024 (order: 3, 32768 bytes, linear)
[    3.453718] NET: Registered protocol family 1
[    3.455274] RPC: Registered named UNIX socket transport module.
[    3.456433] RPC: Registered udp transport module.
[    3.457330] RPC: Registered tcp transport module.
[    3.458258] RPC: Registered tcp NFSv4.1 backchannel transport module.
[    3.459551] pci_bus 0000:00: resource 4 [io  0x0000-0x0cf7 window]
[    3.460749] pci_bus 0000:00: resource 5 [io  0x0d00-0xffff window]
[    3.461935] pci_bus 0000:00: resource 6 [mem 0x000a0000-0x000bffff window]
[    3.463295] pci_bus 0000:00: resource 7 [mem 0x80000000-0xfebfffff window]
[    3.464633] pci_bus 0000:00: resource 8 [mem 0x100000000-0x17fffffff window]
[    3.466322] pci 0000:00:01.0: PIIX3: Enabling Passive Release
[    3.467496] pci 0000:00:00.0: Limiting direct PCI/PCI transfers
[    3.468652] pci 0000:00:01.0: Activating ISA DMA hang workarounds
[    3.469971] pci 0000:00:02.0: Video device with shadowed ROM at [mem 0x000c0000-0x000dffff]
[    3.471661] PCI: CLS 0 bytes, default 64
[    3.472946] clocksource: tsc: mask: 0xffffffffffffffff max_cycles: 0x363e8c91135, max_idle_ns: 881590568389 ns
[    3.476360] check: Scanning for low memory corruption every 60 seconds
[    3.481719] Initialise system trusted keyrings
[    3.482703] Key type blacklist registered
[    3.483811] workingset: timestamp_bits=36 max_order=19 bucket_order=0
[    3.491739] zbud: loaded
[    3.494335] squashfs: version 4.0 (2009/01/31) Phillip Lougher
[    3.496783] NFS: Registering the id_resolver key type
[    3.497834] Key type id_resolver registered
[    3.498716] Key type id_legacy registered
[    3.499621] nfs4filelayout_init: NFSv4 File Layout Driver Registering...
[    3.501065] fuse: init (API version 7.33)
[    3.502202] SGI XFS with ACLs, security attributes, realtime, quota, no debug enabled
[    3.505151] 9p: Installing v9fs 9p2000 file system support
[    3.516929] Key type asymmetric registered
[    3.517559] Asymmetric key parser 'x509' registered
[    3.518289] Block layer SCSI generic (bsg) driver version 0.4 loaded (major 244)
[    3.519483] io scheduler mq-deadline registered
[    3.520215] io scheduler bfq registered
[    3.521128] shpchp: Standard Hot Plug PCI Controller Driver version: 0.4
[    3.522249] IPMI message handler: version 39.2
[    3.522892] ipmi device interface
[    3.524396] input: Power Button as /devices/LNXSYSTM:00/LNXPWRBN:00/input/input0
[    3.525551] ACPI: Power Button [PWRF]
[    3.527038] ERST DBG: ERST support is disabled.
[    3.528040] Serial: 8250/16550 driver, 32 ports, IRQ sharing enabled
[    3.529508] 00:04: ttyS0 at I/O 0x3f8 (irq = 4, base_baud = 115200) is a 16550A
[    3.535238] Linux agpgart interface v0.103
[    3.543519] brd: module loaded
[    3.550057] loop: module loaded
[    3.553499] scsi host0: ata_piix
[    3.554312] scsi host1: ata_piix
[    3.554888] ata1: PATA max MWDMA2 cmd 0x1f0 ctl 0x3f6 bmdma 0xc040 irq 14
[    3.555814] ata2: PATA max MWDMA2 cmd 0x170 ctl 0x376 bmdma 0xc048 irq 15
[    3.557234] libphy: Fixed MDIO Bus: probed
[    3.558260] tun: Universal TUN/TAP device driver, 1.6
[    3.559137] e100: Intel(R) PRO/100 Network Driver
[    3.559776] e100: Copyright(c) 1999-2006 Intel Corporation
[    3.560564] e1000: Intel(R) PRO/1000 Network Driver
[    3.561202] e1000: Copyright (c) 1999-2006 Intel Corporation.
[    3.667563] PCI Interrupt Link [LNKC] enabled at IRQ 11
[    3.715543] ata1.00: ATA-7: QEMU HARDDISK, 2.5+, max UDMA/100
[    3.716663] ata1.00: 16777216 sectors, multi 16: LBA48 
[    3.718974] ata2.00: ATAPI: QEMU DVD-ROM, 2.5+, max UDMA/100
[    3.721457] scsi 0:0:0:0: Direct-Access     ATA      QEMU HARDDISK    2.5+ PQ: 0 ANSI: 5
[    3.724015] scsi 0:0:0:0: Attached scsi generic sg0 type 0
[    3.725923] sd 0:0:0:0: [sda] 16777216 512-byte logical blocks: (8.59 GB/8.00 GiB)
[    3.727572] sd 0:0:0:0: [sda] Write Protect is off
[    3.728630] sd 0:0:0:0: [sda] Write cache: enabled, read cache: enabled, doesn't support DPO or FUA
[    3.729201] scsi 1:0:0:0: CD-ROM            QEMU     QEMU DVD-ROM     2.5+ PQ: 0 ANSI: 5
[    3.735024] scsi 1:0:0:0: Attached scsi generic sg1 type 5
[    3.738055] sd 0:0:0:0: [sda] Attached SCSI disk
[    4.036957] e1000 0000:00:03.0 eth0: (PCI:33MHz:32-bit) 52:54:00:12:34:56
[    4.038290] e1000 0000:00:03.0 eth0: Intel(R) PRO/1000 Network Connection
[    4.039747] e1000e: Intel(R) PRO/1000 Network Driver
[    4.040687] e1000e: Copyright(c) 1999 - 2015 Intel Corporation.
[    4.041894] igb: Intel(R) Gigabit Ethernet Network Driver
[    4.042944] igb: Copyright (c) 2007-2014 Intel Corporation.
[    4.044126] PPP generic driver version 2.4.2
[    4.045694] VFIO - User Level meta-driver version: 0.3
[    4.046827] ehci_hcd: USB 2.0 'Enhanced' Host Controller (EHCI) Driver
[    4.048069] ehci-pci: EHCI PCI platform driver
[    4.048964] ehci-platform: EHCI generic platform driver
[    4.049976] ohci_hcd: USB 1.1 'Open' Host Controller (OHCI) Driver
[    4.051186] ohci-pci: OHCI PCI platform driver
[    4.052105] ohci-platform: OHCI generic platform driver
[    4.053133] uhci_hcd: USB Universal Host Controller Interface driver
[    4.054888] usbcore: registered new interface driver uas
[    4.055997] usbcore: registered new interface driver usb-storage
[    4.057269] i8042: PNP: PS/2 Controller [PNP0303:KBD,PNP0f13:MOU] at 0x60,0x64 irq 1,12
[    4.060196] serio: i8042 KBD port at 0x60,0x64 irq 1
[    4.061162] serio: i8042 AUX port at 0x60,0x64 irq 12
[    4.062878] mousedev: PS/2 mouse device common for all mice
[    4.064798] input: AT Translated Set 2 keyboard as /devices/platform/i8042/serio0/input/input1
[    4.067082] rtc_cmos 00:05: RTC can wake from S4
[    4.069130] input: VirtualPS/2 VMware VMMouse as /devices/platform/i8042/serio1/input/input4
[    4.069660] rtc_cmos 00:05: registered as rtc0
[    4.072032] rtc_cmos 00:05: setting system clock to 2022-11-03T07:52:45 UTC (1667461965)
[    4.073793] rtc_cmos 00:05: alarms up to one day, y3k, 242 bytes nvram, hpet irqs
[    4.075478] i2c /dev entries driver
[    4.076511] device-mapper: uevent: version 1.0.3
[    4.077779] input: VirtualPS/2 VMware VMMouse as /devices/platform/i8042/serio1/input/input3
[    4.077792] device-mapper: ioctl: 4.43.0-ioctl (2020-10-01) initialised: dm-devel@redhat.com
[    4.081104] intel_pstate: CPU model not supported
[    4.082206] sdhci: Secure Digital Host Controller Interface driver
[    4.083433] sdhci: Copyright(c) Pierre Ossman
[    4.084627] sdhci-pltfm: SDHCI platform and OF driver helper
[    4.085831] ledtrig-cpu: registered to indicate activity on CPUs
[    4.087231] drop_monitor: Initializing network drop monitor service
[    4.089165] NET: Registered protocol family 10
[    4.092550] Segment Routing with IPv6
[    4.093353] NET: Registered protocol family 17
[    4.094599] 9pnet: Installing 9P2000 support
[    4.095513] Key type dns_resolver registered
[    4.097417] IPI shorthand broadcast: enabled
[    4.098353] sched_clock: Marking stable (4085882929, 11201133)->(4146643776, -49559714)
[    4.100339] registered taskstats version 1
[    4.101215] Loading compiled-in X.509 certificates
[    4.102344] zswap: loaded using pool lzo/zbud
[    4.103786] Key type ._fscrypt registered
[    4.104603] Key type .fscrypt registered
[    4.105340] Key type fscrypt-provisioning registered
[    4.107337] Key type encrypted registered
[    4.108163] ima: No TPM chip found, activating TPM-bypass!
[    4.109215] ima: Allocated hash algorithm: sha1
[    4.110111] ima: No architecture policies found
[    4.111049] evm: Initialising EVM extended attributes:
[    4.112036] evm: security.selinux
[    4.112671] evm: security.SMACK64
[    4.113304] evm: security.SMACK64EXEC
[    4.114002] evm: security.SMACK64TRANSMUTE
[    4.114831] evm: security.SMACK64MMAP
[    4.115555] evm: security.apparmor
[    4.116211] evm: security.ima
[    4.116786] evm: security.capability
[    4.117487] evm: HMAC attrs: 0x1
[    4.121566] PM:   Magic number: 14:335:874
[    4.123210] RAS: Correctable Errors collector initialized.
[    4.125097] md: Waiting for all devices to be available before autodetect
[    4.126484] md: If you don't use raid, use raid=noautodetect
[    4.127604] md: Autodetecting RAID arrays.
[    4.128415] md: autorun ...
[    4.128978] md: ... autorun DONE.
[    4.134512] EXT4-fs (sda): INFO: recovery required on readonly filesystem
[    4.135859] EXT4-fs (sda): write access will be enabled during recovery
[    4.177669] EXT4-fs (sda): recovery complete
[    4.181306] EXT4-fs (sda): mounted filesystem with ordered data mode. Opts: (null). Quota mode: none.
[    4.183276] VFS: Mounted root (ext4 filesystem) readonly on device 8:0.
[    4.185663] devtmpfs: mounted
[    4.190472] Freeing unused decrypted memory: 2036K
[    4.194382] Freeing unused kernel image (initmem) memory: 3048K
[    4.195606] Write protecting the kernel read-only data: 38912k
[    4.200508] Freeing unused kernel image (text/rodata gap) memory: 2028K
[    4.202903] Freeing unused kernel image (rodata/data gap) memory: 1004K
[    4.373613] x86/mm: Checked W+X mappings: passed, no W+X pages found.
[    4.375023] Run /sbin/init as init process
[    4.479955] random: fast init done
[    4.609958] systemd[1]: RTC configured in localtime, applying delta of 0 minutes to system time.
[    4.653081] systemd[1]: systemd 239 (239-49.el8) running in system mode. (+PAM +AUDIT +SELINUX +IMA -APPARMOR +SMACK +SYSVINIT +UTMP +LIBCRYPTSETUP +GCRYPT +GNUTLS +ACL +XZ +LZ4 +SECCOMP +BLKID +ELFUTILS +KMOD +IDN2 -IDN +PCRE2 default-hierarchy=legacy)
[    4.657456] systemd[1]: Detected virtualization kvm.
[    4.658460] systemd[1]: Detected architecture x86-64.

Welcome to [0;31mCentOS Stream 8[0m!

[    4.683814] systemd[1]: Set hostname to <test>.
[    4.876748] random: lvmconfig: uninitialized urandom read (4 bytes read)
[    5.112207] random: systemd: uninitialized urandom read (16 bytes read)
[    5.113856] systemd[1]: Listening on multipathd control socket.
[[0;32m  OK  [0m] Listening on multipathd control socket.
[    5.116494] random: systemd: uninitialized urandom read (16 bytes read)
[    5.121551] systemd[1]: Created slice system-serial\x2dgetty.slice.
[[0;32m  OK  [0m] Created slice system-serial\x2dgetty.slice.
[    5.124674] systemd[1]: Listening on Journal Socket.
[[0;32m  OK  [0m] Listening on Journal Socket.
[    5.133794] systemd[1]: Starting Load Kernel Modules...
         Starting Load Kernel Modules...
[    5.136633] systemd[1]: Listening on initctl Compatibility Named Pipe.
[[0;32m  OK  [0m] Listening on initctl Compatibility Named Pipe.
[    5.142597] systemd[1]: Mounting Huge Pages File System...
         Mounting Huge Pages File System...
[[0;32m  OK  [0m] Started Forward Password Requests to Wall Directory Watch.
         Mounting POSIX Message Queue File System...
[[0;32m  OK  [0m] Reached target Swap.
         Starting Remount Root and Kernel File Systems...
[[0;32m  OK  [0m] Created slice User and Session Slice.
[[0;32m  OK  [0m] Reached target Slices.
         Starting Setup Virtual Console...
[[0;32m  OK  [0m] Listening on udev Control Socket.
[[0;32m  OK  [0m] Listening on Process Core Dump Socket.
         Mounting Kernel Debug File System...
[[0;32m  OK  [0m] Created slice system-sshd\x2dkeygen.slice.
[[0;32m  OK  [0m] Set up automount Arbitrary Executabâ€¦rmats File System Automount Point.
[[0;32m  OK  [0m] Listening on udev Kernel Socket.
         Starting udev Coldplug all Devices...
[[0;32m  OK  [0m] Created slice system-getty.slice.
[[0;32m  OK  [0m] Listening on LVM2 poll daemon socket.
[[0;32m  OK  [0m] Listening on RPCbind Server Activation Socket.
[[0;32m  OK  [0m] Listening on Device-mapper event daemon FIFOs.
         Starting Monitoring of LVM2 mirrorsâ€¦ng dmeventd or progress polling...
[[0;32m  OK  [0m] Reached target RPC Port Mapper.
[[0;32m  OK  [0m] Listening on Journal Socket (/dev/log).
         Starting Journal Service...
[    5.393638] EXT4-fs (sda): re-mounted. Opts: (null). Quota mode: none.
[[0;1;31mFAILED[0m] Failed to start Load Kernel Modules.
See 'systemctl status systemd-modules-load.service' for details.
[[0;32m  OK  [0m] Started Journal Service.
[[0;32m  OK  [0m] Mounted Huge Pages File System.
[[0;32m  OK  [0m] Mounted POSIX Message Queue File System.
[[0;32m  OK  [0m] Started Remount Root and Kernel File Systems.
[[0;32m  OK  [0m] Started Setup Virtual Console.
[[0;32m  OK  [0m] Mounted Kernel Debug File System.
         Starting Create Static Device Nodes in /dev...
         Starting Load/Save Random Seed...
         Starting Flush Journal to Persistent Storage...
         Mounting Kernel Configuration File System...
         Mounting FUSE Control File System...
         Starting Apply Kernel Variables...
[[0;32m  OK  [0m] Mounted Kernel Configuration File System.
[[0;32m  OK  [0m] Started Load/Save Random Seed.
[[0;32m  OK  [0m] Started Apply Kernel Variables.
[[0;32m  OK  [0m] Mounted FUSE Control File System.
[[0;32m  OK  [0m] Started Flush Journal to Persistent Storage.
[[0;32m  OK  [0m] Started Create Static Device Nodes in /dev.
         Starting udev Kernel Device Manager...
[[0;32m  OK  [0m] Started udev Coldplug all Devices.
         Starting udev Wait for Complete Device Initialization...
[[0;32m  OK  [0m] Started udev Kernel Device Manager.
         Starting Show Plymouth Boot Screen...
[[0;32m  OK  [0m] Started Show Plymouth Boot Screen.
[[0;32m  OK  [0m] Started Forward Password Requests to Plymouth Directory Watch.
[[0;32m  OK  [0m] Reached target Paths.
[[0;32m  OK  [0m] Reached target Local Encrypted Volumes.
[[0;32m  OK  [0m] Found device /dev/ttyS0.
[[0;32m  OK  [0m] Started Monitoring of LVM2 mirrors,â€¦sing dmeventd or progress polling.
[[0;32m  OK  [0m] Listening on Load/Save RF Kill Switch Status /dev/rfkill Watch.
[[0;32m  OK  [0m] Started udev Wait for Complete Device Initialization.
[[0;32m  OK  [0m] Reached target Local File Systems (Pre).
[[0;32m  OK  [0m] Reached target Local File Systems.
         Starting Create Volatile Files and Directories...
         Starting Restore /run/initramfs on shutdown...
         Starting Tell Plymouth To Write Out Runtime Data...
[[0;32m  OK  [0m] Started Create Volatile Files and Directories.
[[0;32m  OK  [0m] Started Restore /run/initramfs on shutdown.
[[0;32m  OK  [0m] Started Tell Plymouth To Write Out Runtime Data.
         Starting Security Auditing Service...
         Starting RPC Bind...
         Mounting RPC Pipe File System...
[[0;32m  OK  [0m] Mounted RPC Pipe File System.
[[0;32m  OK  [0m] Reached target rpc_pipefs.target.
[[0;32m  OK  [0m] Started RPC Bind.
[[0;32m  OK  [0m] Started Security Auditing Service.
         Starting Update UTMP about System Boot/Shutdown...
[[0;32m  OK  [0m] Started Update UTMP about System Boot/Shutdown.
[[0;32m  OK  [0m] Reached target System Initialization.
[[0;32m  OK  [0m] Listening on D-Bus System Message Bus Socket.
[[0;32m  OK  [0m] Started Daily Cleanup of Temporary Directories.
[[0;32m  OK  [0m] Listening on SSSD Kerberos Cache Manager responder socket.
[[0;32m  OK  [0m] Reached target Sockets.
[[0;32m  OK  [0m] Started dnf makecache --timer.
[[0;32m  OK  [0m] Started daily update of the root trust anchor for DNSSEC.
[[0;32m  OK  [0m] Reached target Timers.
[[0;32m  OK  [0m] Reached target Basic System.
[[0;32m  OK  [0m] Started irqbalance daemon.
         Starting NTP client/server...
         Starting Self Monitoring and Reporting Technology (SMART) Daemon...
         Starting Auto-connect to subsystemsâ€¦-NVME devices found during boot...
[[0;32m  OK  [0m] Started D-Bus System Message Bus.
         Starting Network Manager...
         Starting Authorization Manager...
         Starting Login Service...
[[0;32m  OK  [0m] Reached target sshd-keygen.target.
[[0;32m  OK  [0m] Started Machine Check Exception Logging Daemon.
[[0;32m  OK  [0m] Started Auto-connect to subsystems â€¦FC-NVME devices found during boot.
[[0;32m  OK  [0m] Started NTP client/server.
[[0;32m  OK  [0m] Started Self Monitoring and Reporting Technology (SMART) Daemon.
[[0;32m  OK  [0m] Started Login Service.
[[0;32m  OK  [0m] Started Network Manager.
[[0;32m  OK  [0m] Reached target Network.
         Starting Dynamic System Tuning Daemon...
         Starting OpenSSH server daemon...
         Starting GSSAPI Proxy Daemon...
         Starting Network Manager Wait Online...
         Starting Hostname Service...
[[0;32m  OK  [0m] Started Authorization Manager.
[[0;32m  OK  [0m] Started Hostname Service.
         Starting Network Manager Script Dispatcher Service...
[[0;32m  OK  [0m] Started Network Manager Script Dispatcher Service.
[    7.190630] e1000: eth0 NIC Link is Up 1000 Mbps Full Duplex, Flow Control: RX
[    7.192708] IPv6: ADDRCONF(NETDEV_CHANGE): eth0: link becomes ready
[[0;32m  OK  [0m] Started Dynamic System Tuning Daemon.
[    8.050507] random: crng init done
[    8.051429] random: 7 urandom warning(s) missed due to ratelimiting
[[0;32m  OK  [0m] Started OpenSSH server daemon.
[[0;32m  OK  [0m] Started GSSAPI Proxy Daemon.
[[0;32m  OK  [0m] Reached target NFS client services.
[[0;32m  OK  [0m] Reached target Remote File Systems (Pre).
[[0;32m  OK  [0m] Reached target Remote File Systems.
         Starting Permit User Sessions...
[[0;32m  OK  [0m] Started Permit User Sessions.
         Starting Terminate Plymouth Boot Screen...
         Starting Hold until boot process finishes up...
[[0;32m  OK  [0m] Started Command Scheduler.

CentOS Stream 8
Kernel 5.11.0-f40ddce88593 on an x86_64

test login: 