c[?7l[2J[0mSeaBIOS (version rel-1.16.0-0-gd239552ce722-prebuilt.qemu.org)


iPXE (http://ipxe.org) 00:03.0 CA00 PCI2.10 PnP PMM+7FF91000+7FEF1000 CA00
Press Ctrl-B to configure iPXE (PCI 00:03.0)...                                                                               


Booting from ROM..c[?7l[2J[    0.000000] Linux version 5.19.0-rc5-086ff8461718+ (root@p-adls01) (gcc (GCC) 8.5.0 20210514 (Red Hat 8.5.0-18), GNU ld version 2.36.1-2.el8) #1 SMP PREEMPT_DYNAMIC Wed Feb 22 18:37:33 CST 2023
[    0.000000] Command line: console=ttyS0 root=/dev/sda earlyprintk=serial net.ifnames=0
[    0.000000] KERNEL supported cpus:
[    0.000000]   Intel GenuineIntel
[    0.000000]   AMD AuthenticAMD
[    0.000000]   Hygon HygonGenuine
[    0.000000]   Centaur CentaurHauls
[    0.000000]   zhaoxin   Shanghai  
[    0.000000] x86/fpu: Supporting XSAVE feature 0x001: 'x87 floating point registers'
[    0.000000] x86/fpu: Supporting XSAVE feature 0x002: 'SSE registers'
[    0.000000] x86/fpu: Supporting XSAVE feature 0x004: 'AVX registers'
[    0.000000] x86/fpu: Supporting XSAVE feature 0x200: 'Protection Keys User registers'
[    0.000000] x86/fpu: xstate_offset[2]:  576, xstate_sizes[2]:  256
[    0.000000] x86/fpu: xstate_offset[9]:  832, xstate_sizes[9]:    8
[    0.000000] x86/fpu: Enabled xstate features 0x207, context size is 840 bytes, using 'compacted' format.
[    0.000000] signal: max sigframe size: 3632
[    0.000000] BIOS-provided physical RAM map:
[    0.000000] BIOS-e820: [mem 0x0000000000000000-0x000000000009fbff] usable
[    0.000000] BIOS-e820: [mem 0x000000000009fc00-0x000000000009ffff] reserved
[    0.000000] BIOS-e820: [mem 0x00000000000f0000-0x00000000000fffff] reserved
[    0.000000] BIOS-e820: [mem 0x0000000000100000-0x000000007ffdffff] usable
[    0.000000] BIOS-e820: [mem 0x000000007ffe0000-0x000000007fffffff] reserved
[    0.000000] BIOS-e820: [mem 0x00000000feffc000-0x00000000feffffff] reserved
[    0.000000] BIOS-e820: [mem 0x00000000fffc0000-0x00000000ffffffff] reserved
[    0.000000] printk: bootconsole [earlyser0] enabled
[    0.000000] NX (Execute Disable) protection: active
[    0.000000] SMBIOS 2.8 present.
[    0.000000] DMI: QEMU Standard PC (i440FX + PIIX, 1996), BIOS rel-1.16.0-0-gd239552ce722-prebuilt.qemu.org 04/01/2014
[    0.000000] Hypervisor detected: KVM
[    0.000000] kvm-clock: Using msrs 4b564d01 and 4b564d00
[    0.000002] kvm-clock: using sched offset of 288154958 cycles
[    0.000296] clocksource: kvm-clock: mask: 0xffffffffffffffff max_cycles: 0x1cd42e4dffb, max_idle_ns: 881590591483 ns
[    0.001210] tsc: Detected 3609.600 MHz processor
[    0.006021] last_pfn = 0x7ffe0 max_arch_pfn = 0x400000000
[    0.006390] x86/PAT: Configuration [0-7]: WB  WC  UC- UC  WB  WP  UC- WT  
[    0.013570] found SMP MP-table at [mem 0x000f5ba0-0x000f5baf]
[    0.014055] Using GB pages for direct mapping
[    0.015163] ACPI: Early table checksum verification disabled
[    0.015516] ACPI: RSDP 0x00000000000F59C0 000014 (v00 BOCHS )
[    0.015851] ACPI: RSDT 0x000000007FFE1951 000034 (v01 BOCHS  BXPC     00000001 BXPC 00000001)
[    0.016345] ACPI: FACP 0x000000007FFE17FD 000074 (v01 BOCHS  BXPC     00000001 BXPC 00000001)
[    0.016837] ACPI: DSDT 0x000000007FFE0040 0017BD (v01 BOCHS  BXPC     00000001 BXPC 00000001)
[    0.017323] ACPI: FACS 0x000000007FFE0000 000040
[    0.017591] ACPI: APIC 0x000000007FFE1871 000080 (v01 BOCHS  BXPC     00000001 BXPC 00000001)
[    0.018077] ACPI: HPET 0x000000007FFE18F1 000038 (v01 BOCHS  BXPC     00000001 BXPC 00000001)
[    0.018564] ACPI: WAET 0x000000007FFE1929 000028 (v01 BOCHS  BXPC     00000001 BXPC 00000001)
[    0.019047] ACPI: Reserving FACP table memory at [mem 0x7ffe17fd-0x7ffe1870]
[    0.019451] ACPI: Reserving DSDT table memory at [mem 0x7ffe0040-0x7ffe17fc]
[    0.019845] ACPI: Reserving FACS table memory at [mem 0x7ffe0000-0x7ffe003f]
[    0.020238] ACPI: Reserving APIC table memory at [mem 0x7ffe1871-0x7ffe18f0]
[    0.020631] ACPI: Reserving HPET table memory at [mem 0x7ffe18f1-0x7ffe1928]
[    0.021030] ACPI: Reserving WAET table memory at [mem 0x7ffe1929-0x7ffe1950]
[    0.021922] No NUMA configuration found
[    0.022139] Faking a node at [mem 0x0000000000000000-0x000000007ffdffff]
[    0.022553] NODE_DATA(0) allocated [mem 0x7ffb5000-0x7ffdffff]
[    0.025465] Zone ranges:
[    0.025629]   DMA      [mem 0x0000000000001000-0x0000000000ffffff]
[    0.025978]   DMA32    [mem 0x0000000001000000-0x000000007ffdffff]
[    0.026326]   Normal   empty
[    0.026489]   Device   empty
[    0.026653] Movable zone start for each node
[    0.026892] Early memory node ranges
[    0.027091]   node   0: [mem 0x0000000000001000-0x000000000009efff]
[    0.027450]   node   0: [mem 0x0000000000100000-0x000000007ffdffff]
[    0.027801] Initmem setup node 0 [mem 0x0000000000001000-0x000000007ffdffff]
[    0.028505] On node 0, zone DMA: 1 pages in unavailable ranges
[    0.028602] On node 0, zone DMA: 97 pages in unavailable ranges
[    0.055022] On node 0, zone DMA32: 32 pages in unavailable ranges
[    0.055574] ACPI: PM-Timer IO Port: 0x608
[    0.056165] ACPI: LAPIC_NMI (acpi_id[0xff] dfl dfl lint[0x1])
[    0.056536] IOAPIC[0]: apic_id 0, version 17, address 0xfec00000, GSI 0-23
[    0.056937] ACPI: INT_SRC_OVR (bus 0 bus_irq 0 global_irq 2 dfl dfl)
[    0.057295] ACPI: INT_SRC_OVR (bus 0 bus_irq 5 global_irq 5 high level)
[    0.057667] ACPI: INT_SRC_OVR (bus 0 bus_irq 9 global_irq 9 high level)
[    0.058041] ACPI: INT_SRC_OVR (bus 0 bus_irq 10 global_irq 10 high level)
[    0.058421] ACPI: INT_SRC_OVR (bus 0 bus_irq 11 global_irq 11 high level)
[    0.058813] ACPI: Using ACPI (MADT) for SMP configuration information
[    0.059173] ACPI: HPET id: 0x8086a201 base: 0xfed00000
[    0.059483] TSC deadline timer available
[    0.059707] smpboot: Allowing 2 CPUs, 0 hotplug CPUs
[    0.060038] kvm-guest: KVM setup pv remote TLB flush
[    0.060318] kvm-guest: setup PV sched yield
[    0.060604] PM: hibernation: Registered nosave memory: [mem 0x00000000-0x00000fff]
[    0.061030] PM: hibernation: Registered nosave memory: [mem 0x0009f000-0x0009ffff]
[    0.061452] PM: hibernation: Registered nosave memory: [mem 0x000a0000-0x000effff]
[    0.061874] PM: hibernation: Registered nosave memory: [mem 0x000f0000-0x000fffff]
[    0.062300] [mem 0x80000000-0xfeffbfff] available for PCI devices
[    0.062649] Booting paravirtualized kernel on KVM
[    0.062929] clocksource: refined-jiffies: mask: 0xffffffff max_cycles: 0xffffffff, max_idle_ns: 7645519600211568 ns
[    0.063531] setup_percpu: NR_CPUS:8192 nr_cpumask_bits:2 nr_cpu_ids:2 nr_node_ids:1
[    0.065055] percpu: Embedded 64 pages/cpu s225280 r8192 d28672 u1048576
[    0.065595] kvm-guest: PV spinlocks enabled
[    0.065839] PV qspinlock hash table entries: 256 (order: 0, 4096 bytes, linear)
[    0.066274] Fallback order for Node 0: 0 
[    0.066516] Built 1 zonelists, mobility grouping on.  Total pages: 515808
[    0.066902] Policy zone: DMA32
[    0.067078] Kernel command line: net.ifnames=0 console=ttyS0 root=/dev/sda earlyprintk=serial net.ifnames=0
[    0.068943] Dentry cache hash table entries: 262144 (order: 9, 2097152 bytes, linear)
[    0.069800] Inode-cache hash table entries: 131072 (order: 8, 1048576 bytes, linear)
[    0.070340] mem auto-init: stack:off, heap alloc:off, heap free:off
[    0.073353] Memory: 1985384K/2096632K available (32784K kernel code, 4463K rwdata, 8052K rodata, 3292K init, 22736K bss, 110992K reserved, 0K cma-reserved)
[    0.074933] SLUB: HWalign=64, Order=0-3, MinObjects=0, CPUs=2, Nodes=1
[    0.075295] kmemleak: Kernel memory leak detector disabled
[    0.075638] ftrace: allocating 66263 entries in 259 pages
[    0.093199] ftrace: allocated 259 pages with 3 groups
[    0.095716] Dynamic Preempt: voluntary
[    0.096079] Running RCU self tests
[    0.096268] rcu: Preemptible hierarchical RCU implementation.
[    0.096576] rcu: 	RCU lockdep checking is enabled.
[    0.096832] rcu: 	RCU restricting CPUs from NR_CPUS=8192 to nr_cpu_ids=2.
[    0.097197] 	Trampoline variant of Tasks RCU enabled.
[    0.097467] 	Rude variant of Tasks RCU enabled.
[    0.097710] 	Tracing variant of Tasks RCU enabled.
[    0.097967] rcu: RCU calculated value of scheduler-enlistment delay is 25 jiffies.
[    0.098371] rcu: Adjusting geometry for rcu_fanout_leaf=16, nr_cpu_ids=2
[    0.116628] NR_IRQS: 524544, nr_irqs: 440, preallocated irqs: 16
[    0.117219] rcu: srcu_init: Setting srcu_struct sizes based on contention.
[    0.122782] Console: colour VGA+ 80x25
[    0.123028] printk: console [ttyS0] enabled
[    0.123028] printk: console [ttyS0] enabled
[    0.123503] printk: bootconsole [earlyser0] disabled
[    0.123503] printk: bootconsole [earlyser0] disabled
[    0.124046] Lock dependency validator: Copyright (c) 2006 Red Hat, Inc., Ingo Molnar
[    0.124472] ... MAX_LOCKDEP_SUBCLASSES:  8
[    0.124703] ... MAX_LOCK_DEPTH:          48
[    0.124937] ... MAX_LOCKDEP_KEYS:        8192
[    0.125181] ... CLASSHASH_SIZE:          4096
[    0.125426] ... MAX_LOCKDEP_ENTRIES:     32768
[    0.125674] ... MAX_LOCKDEP_CHAINS:      65536
[    0.125924] ... CHAINHASH_SIZE:          32768
[    0.126173]  memory used by lock dependency info: 6365 kB
[    0.126474]  memory used for stack traces: 4224 kB
[    0.126741]  per task-struct memory footprint: 1920 bytes
[    0.127075] ACPI: Core revision 20220331
[    0.127489] clocksource: hpet: mask: 0xffffffff max_cycles: 0xffffffff, max_idle_ns: 19112604467 ns
[    0.128092] APIC: Switch to symmetric I/O mode setup
[    0.128511] x2apic enabled
[    0.128789] Switched APIC routing to physical x2apic.
[    0.129072] kvm-guest: setup PV IPIs
[    0.129909] ..TIMER: vector=0x30 apic1=0 pin1=2 apic2=-1 pin2=-1
[    0.130259] clocksource: tsc-early: mask: 0xffffffffffffffff max_cycles: 0x3407c077a8d, max_idle_ns: 440795342283 ns
[    0.130849] Calibrating delay loop (skipped) preset value.. 7219.20 BogoMIPS (lpj=14438400)
[    0.131327] pid_max: default: 32768 minimum: 301
[    0.131714] LSM: Security Framework initializing
[    0.131986] Yama: becoming mindful.
[    0.135003] Mount-cache hash table entries: 4096 (order: 3, 32768 bytes, linear)
[    0.135422] Mountpoint-cache hash table entries: 4096 (order: 3, 32768 bytes, linear)
[    0.136736] x86/cpu: User Mode Instruction Prevention (UMIP) activated
[    0.138153] Last level iTLB entries: 4KB 0, 2MB 0, 4MB 0
[    0.138492] Last level dTLB entries: 4KB 0, 2MB 0, 4MB 0, 1GB 0
[    0.138890] Spectre V1 : Mitigation: usercopy/swapgs barriers and __user pointer sanitization
[    0.139359] Spectre V2 : WARNING: Unprivileged eBPF is enabled with eIBRS on, data leaks possible via Spectre v2 BHB attacks!
[    0.139972] Spectre V2 : Mitigation: Enhanced IBRS
[    0.140228] Spectre V2 : Spectre v2 / SpectreRSB mitigation: Filling RSB on context switch
[    0.140665] Spectre V2 : mitigation: Enabling conditional Indirect Branch Prediction Barrier
[    0.141109] Speculative Store Bypass: Mitigation: Speculative Store Bypass disabled via prctl
[    0.178138] Freeing SMP alternatives memory: 56K
[    0.178705] smpboot: CPU0: 12th Gen Intel(R) Core(TM) i7-12700K (family: 0x6, model: 0x97, stepping: 0x2)
[    0.178839] cblist_init_generic: Setting adjustable number of callback queues.
[    0.178839] cblist_init_generic: Setting shift to 1 and lim to 1.
[    0.178839] cblist_init_generic: Setting shift to 1 and lim to 1.
[    0.178839] cblist_init_generic: Setting shift to 1 and lim to 1.
[    0.178839] Running RCU-tasks wait API self tests
[    0.278893] Performance Events: Alderlake Hybrid events, full-width counters, Intel PMU driver.
[    0.279714] core: cpu_core PMU driver: 
[    0.279935] ... version:                2
[    0.280152] ... bit width:              48
[    0.280373] ... generic registers:      6
[    0.280589] ... value mask:             0000ffffffffffff
[    0.280883] ... max period:             00007fffffffffff
[    0.281167] ... fixed-purpose events:   3
[    0.281383] ... event mask:             0001000f0000003f
[    0.281819] rcu: Hierarchical SRCU implementation.
[    0.284094] unchecked MSR access error: WRMSR to 0x38f (tried to write 0x0001000f0000003f) at rIP: 0xffffffff810c4eec (native_write_msr+0xc/0x30)
[    0.284809] Call Trace:
[    0.284946]  <TASK>
[    0.285065]  __intel_pmu_enable_all.constprop.45+0x68/0x100
[    0.285373]  intel_pmu_enable_all+0x1e/0x20
[    0.285606]  x86_pmu_enable+0x46d/0x5a0
[    0.285818]  ? write_comp_data+0x2f/0x90
[    0.286041]  perf_pmu_enable+0x53/0x70
[    0.286255]  ctx_resched+0xab/0xf0
[    0.286449]  __perf_install_in_context+0x343/0x4b0
[    0.286713]  ? perf_duration_warn+0x50/0x50
[    0.286839]  ? perf_duration_warn+0x50/0x50
[    0.286839]  remote_function+0x7c/0x90
[    0.286839]  ? perf_duration_warn+0x50/0x50
[    0.286839]  generic_exec_single+0x11c/0x190
[    0.286839]  smp_call_function_single+0x11c/0x240
[    0.286839]  ? perf_duration_warn+0x50/0x50
[    0.286839]  ? __sanitizer_cov_trace_pc+0x25/0x50
[    0.286839]  ? write_comp_data+0x2f/0x90
[    0.286839]  perf_install_in_context+0x2e4/0x310
[    0.286839]  ? ctx_resched+0xf0/0xf0
[    0.286839]  perf_event_create_kernel_counter+0x166/0x200
[    0.286839]  ? hardlockup_detector_event_create+0xc0/0xc0
[    0.286839]  hardlockup_detector_event_create+0x46/0xc0
[    0.286839]  hardlockup_detector_perf_init+0x18/0x62
[    0.286839]  watchdog_nmi_probe+0x17/0x19
[    0.286839]  lockup_detector_init+0x40/0xab
[    0.286839]  kernel_init_freeable+0x264/0x40d
[    0.286839]  ? rest_init+0x240/0x240
[    0.286839]  kernel_init+0x24/0x1e0
[    0.286839]  ? rest_init+0x240/0x240
[    0.286839]  ret_from_fork+0x1f/0x30
[    0.286839]  </TASK>
[    0.286860] Callback from call_rcu_tasks_trace() invoked.
[    0.287300] smp: Bringing up secondary CPUs ...
[    0.287927] x86: Booting SMP configuration:
[    0.288162] .... node  #0, CPUs:      #1
[    0.288465] smp: Brought up 1 node, 2 CPUs
[    0.288465] smpboot: Max logical packages: 1
[    0.288465] smpboot: Total of 2 processors activated (14438.40 BogoMIPS)
[    0.291652] devtmpfs: initialized
[    0.291652] x86/mm: Memory block size: 128MB
[    0.295232] clocksource: jiffies: mask: 0xffffffff max_cycles: 0xffffffff, max_idle_ns: 7645041785100000 ns
[    0.295780] futex hash table entries: 512 (order: 4, 65536 bytes, linear)
[    0.296348] pinctrl core: initialized pinctrl subsystem
[    0.297069] 
[    0.297157] *************************************************************
[    0.297517] **     NOTICE NOTICE NOTICE NOTICE NOTICE NOTICE NOTICE    **
[    0.297874] **                                                         **
[    0.298849] **  IOMMU DebugFS SUPPORT HAS BEEN ENABLED IN THIS KERNEL  **
[    0.299217] **                                                         **
[    0.299586] ** This means that this kernel is built to expose internal **
[    0.299952] ** IOMMU data structures, which may compromise security on **
[    0.300317] ** your system.                                            **
[    0.300685] **                                                         **
[    0.301044] ** If you see this message and you are not debugging the   **
[    0.301402] ** kernel, report this immediately to your vendor!         **
[    0.301761] **                                                         **
[    0.302120] **     NOTICE NOTICE NOTICE NOTICE NOTICE NOTICE NOTICE    **
[    0.302479] *************************************************************
[    0.302878] PM: RTC time: 10:55:57, date: 2023-02-22
[    0.304715] NET: Registered PF_NETLINK/PF_ROUTE protocol family
[    0.305517] DMA: preallocated 256 KiB GFP_KERNEL pool for atomic allocations
[    0.305903] DMA: preallocated 256 KiB GFP_KERNEL|GFP_DMA pool for atomic allocations
[    0.306321] DMA: preallocated 256 KiB GFP_KERNEL|GFP_DMA32 pool for atomic allocations
[    0.306779] audit: initializing netlink subsys (disabled)
[    0.306894] audit: type=2000 audit(1677063358.127:1): state=initialized audit_enabled=0 res=1
[    0.307399] thermal_sys: Registered thermal governor 'fair_share'
[    0.307406] thermal_sys: Registered thermal governor 'bang_bang'
[    0.307748] thermal_sys: Registered thermal governor 'step_wise'
[    0.308074] thermal_sys: Registered thermal governor 'user_space'
[    0.308074] cpuidle: using governor ladder
[    0.308074] cpuidle: using governor menu
[    0.308074] HugeTLB: can optimize 4095 vmemmap pages for hugepages-1048576kB
[    0.308265] acpiphp: ACPI Hot Plug PCI Controller Driver version: 0.5
[    0.308882] PCI: Using configuration type 1 for base access
[    0.322372] kprobes: kprobe jump-optimization is enabled. All kprobes are optimized if possible.
[    0.323143] HugeTLB: can optimize 7 vmemmap pages for hugepages-2048kB
[    0.323509] HugeTLB registered 1.00 GiB page size, pre-allocated 0 pages
[    0.323876] HugeTLB registered 2.00 MiB page size, pre-allocated 0 pages
[    0.414953] ACPI: Added _OSI(Module Device)
[    0.415195] ACPI: Added _OSI(Processor Device)
[    0.415441] ACPI: Added _OSI(3.0 _SCP Extensions)
[    0.415699] ACPI: Added _OSI(Processor Aggregator Device)
[    0.415994] ACPI: Added _OSI(Linux-Dell-Video)
[    0.416239] ACPI: Added _OSI(Linux-Lenovo-NV-HDMI-Audio)
[    0.416529] ACPI: Added _OSI(Linux-HPI-Hybrid-Graphics)
[    0.421164] ACPI: 1 ACPI AML tables successfully acquired and loaded
[    2.477580] Callback from call_rcu_tasks_rude() invoked.
[    2.517237] ACPI: Interpreter enabled
[    2.517520] ACPI: PM: (supports S0 S3 S4 S5)
[    2.517751] ACPI: Using IOAPIC for interrupt routing
[    2.518051] PCI: Using host bridge windows from ACPI; if necessary, use "pci=nocrs" and report a bug
[    2.518536] PCI: Using E820 reservations for host bridge windows
[    2.519384] ACPI: Enabled 2 GPEs in block 00 to 0F
[    2.532352] ACPI: PCI Root Bridge [PCI0] (domain 0000 [bus 00-ff])
[    2.532712] acpi PNP0A03:00: _OSC: OS supports [ASPM ClockPM Segments MSI EDR HPX-Type3]
[    2.533144] acpi PNP0A03:00: _OSC: not requesting OS control; OS requires [ExtendedConfig ASPM ClockPM MSI]
[    2.533710] acpi PNP0A03:00: fail to add MMCONFIG information, can't access extended PCI configuration space under this bridge.
[    2.535810] acpiphp: Slot [3] registered
[    2.536079] acpiphp: Slot [4] registered
[    2.536340] acpiphp: Slot [5] registered
[    2.536602] acpiphp: Slot [6] registered
[    2.536863] acpiphp: Slot [7] registered
[    2.537130] acpiphp: Slot [8] registered
[    2.537392] acpiphp: Slot [9] registered
[    2.537653] acpiphp: Slot [10] registered
[    2.537925] acpiphp: Slot [11] registered
[    2.538197] acpiphp: Slot [12] registered
[    2.538483] acpiphp: Slot [13] registered
[    2.538752] acpiphp: Slot [14] registered
[    2.538892] acpiphp: Slot [15] registered
[    2.539158] acpiphp: Slot [16] registered
[    2.539429] acpiphp: Slot [17] registered
[    2.539695] acpiphp: Slot [18] registered
[    2.539961] acpiphp: Slot [19] registered
[    2.540226] acpiphp: Slot [20] registered
[    2.540491] acpiphp: Slot [21] registered
[    2.540762] acpiphp: Slot [22] registered
[    2.541028] acpiphp: Slot [23] registered
[    2.541294] acpiphp: Slot [24] registered
[    2.541559] acpiphp: Slot [25] registered
[    2.541825] acpiphp: Slot [26] registered
[    2.542096] acpiphp: Slot [27] registered
[    2.542367] acpiphp: Slot [28] registered
[    2.542637] acpiphp: Slot [29] registered
[    2.542891] acpiphp: Slot [30] registered
[    2.543157] acpiphp: Slot [31] registered
[    2.543388] PCI host bridge to bus 0000:00
[    2.543609] pci_bus 0000:00: root bus resource [io  0x0000-0x0cf7 window]
[    2.543972] pci_bus 0000:00: root bus resource [io  0x0d00-0xffff window]
[    2.544335] pci_bus 0000:00: root bus resource [mem 0x000a0000-0x000bffff window]
[    2.544734] pci_bus 0000:00: root bus resource [mem 0x80000000-0xfebfffff window]
[    2.545133] pci_bus 0000:00: root bus resource [mem 0x100000000-0x17fffffff window]
[    2.545541] pci_bus 0000:00: root bus resource [bus 00-ff]
[    2.545896] pci 0000:00:00.0: [8086:1237] type 00 class 0x060000
[    2.548636] pci 0000:00:01.0: [8086:7000] type 00 class 0x060100
[    2.549454] pci 0000:00:01.1: [8086:7010] type 00 class 0x010180
[    2.550844] pci 0000:00:01.1: reg 0x20: [io  0xc040-0xc04f]
[    2.551560] pci 0000:00:01.1: legacy IDE quirk: reg 0x10: [io  0x01f0-0x01f7]
[    2.551940] pci 0000:00:01.1: legacy IDE quirk: reg 0x14: [io  0x03f6]
[    2.552288] pci 0000:00:01.1: legacy IDE quirk: reg 0x18: [io  0x0170-0x0177]
[    2.552668] pci 0000:00:01.1: legacy IDE quirk: reg 0x1c: [io  0x0376]
[    2.553204] pci 0000:00:01.3: [8086:7113] type 00 class 0x068000
[    2.553743] pci 0000:00:01.3: quirk: [io  0x0600-0x063f] claimed by PIIX4 ACPI
[    2.554131] pci 0000:00:01.3: quirk: [io  0x0700-0x070f] claimed by PIIX4 SMB
[    2.554849] pci 0000:00:02.0: [1234:1111] type 00 class 0x030000
[    2.557063] pci 0000:00:02.0: reg 0x10: [mem 0xfd000000-0xfdffffff pref]
[    2.558823] pci 0000:00:02.0: reg 0x18: [mem 0xfebf0000-0xfebf0fff]
[    2.561424] pci 0000:00:02.0: reg 0x30: [mem 0xfebe0000-0xfebeffff pref]
[    2.561947] pci 0000:00:02.0: Video device with shadowed ROM at [mem 0x000c0000-0x000dffff]
[    2.564851] pci 0000:00:03.0: [8086:100e] type 00 class 0x020000
[    2.565563] pci 0000:00:03.0: reg 0x10: [mem 0xfebc0000-0xfebdffff]
[    2.566196] pci 0000:00:03.0: reg 0x14: [io  0xc000-0xc03f]
[    2.568140] pci 0000:00:03.0: reg 0x30: [mem 0xfeb80000-0xfebbffff pref]
[    2.576088] ACPI: PCI: Interrupt link LNKA configured for IRQ 10
[    2.576708] ACPI: PCI: Interrupt link LNKB configured for IRQ 10
[    2.577311] ACPI: PCI: Interrupt link LNKC configured for IRQ 11
[    2.578957] Callback from call_rcu_tasks() invoked.
[    2.578914] ACPI: PCI: Interrupt link LNKD configured for IRQ 11
[    2.578914] ACPI: PCI: Interrupt link LNKS configured for IRQ 9
[    2.579705] iommu: Default domain type: Translated 
[    2.579705] iommu: DMA domain TLB invalidation policy: lazy mode 
[    2.580426] SCSI subsystem initialized
[    2.583021] ACPI: bus type USB registered
[    2.583311] usbcore: registered new interface driver usbfs
[    2.583635] usbcore: registered new interface driver hub
[    2.583635] usbcore: registered new device driver usb
[    2.583635] pps_core: LinuxPPS API ver. 1 registered
[    2.583635] pps_core: Software ver. 5.3.6 - Copyright 2005-2007 Rodolfo Giometti <giometti@linux.it>
[    2.583976] PTP clock support registered
[    2.584236] EDAC MC: Ver: 3.0.0
[    2.586906] NetLabel: Initializing
[    2.587098] NetLabel:  domain hash size = 128
[    2.587337] NetLabel:  protocols = UNLABELED CIPSOv4 CALIPSO
[    2.587680] NetLabel:  unlabeled traffic allowed by default
[    2.588074] PCI: Using ACPI for IRQ routing
[    2.588074] pci 0000:00:02.0: vgaarb: setting as boot VGA device
[    2.588074] pci 0000:00:02.0: vgaarb: bridge control possible
[    2.588074] pci 0000:00:02.0: vgaarb: VGA device added: decodes=io+mem,owns=io+mem,locks=none
[    2.588074] vgaarb: loaded
[    2.588112] hpet0: at MMIO 0xfed00000, IRQs 2, 8, 0
[    2.588112] hpet0: 3 comparators, 64-bit 100.000000 MHz counter
[    2.591997] clocksource: Switched to clocksource kvm-clock
[    2.593016] VFS: Disk quotas dquot_6.6.0
[    2.593268] VFS: Dquot-cache hash table entries: 512 (order 0, 4096 bytes)
[    2.593850] pnp: PnP ACPI init
[    2.594337] pnp: PnP ACPI: found 6 devices
[    2.604182] clocksource: acpi_pm: mask: 0xffffff max_cycles: 0xffffff, max_idle_ns: 2085701024 ns
[    2.604968] NET: Registered PF_INET protocol family
[    2.605418] IP idents hash table entries: 32768 (order: 6, 262144 bytes, linear)
[    2.606631] tcp_listen_portaddr_hash hash table entries: 1024 (order: 4, 73728 bytes, linear)
[    2.607131] Table-perturb hash table entries: 65536 (order: 6, 262144 bytes, linear)
[    2.607548] TCP established hash table entries: 16384 (order: 5, 131072 bytes, linear)
[    2.608127] TCP bind hash table entries: 16384 (order: 8, 1179648 bytes, linear)
[    2.609338] TCP: Hash tables configured (established 16384 bind 16384)
[    2.609799] UDP hash table entries: 1024 (order: 5, 163840 bytes, linear)
[    2.610248] UDP-Lite hash table entries: 1024 (order: 5, 163840 bytes, linear)
[    2.611099] NET: Registered PF_UNIX/PF_LOCAL protocol family
[    2.611720] RPC: Registered named UNIX socket transport module.
[    2.612053] RPC: Registered udp transport module.
[    2.612307] RPC: Registered tcp transport module.
[    2.612561] RPC: Registered tcp NFSv4.1 backchannel transport module.
[    2.612919] pci_bus 0000:00: resource 4 [io  0x0000-0x0cf7 window]
[    2.613255] pci_bus 0000:00: resource 5 [io  0x0d00-0xffff window]
[    2.613591] pci_bus 0000:00: resource 6 [mem 0x000a0000-0x000bffff window]
[    2.613961] pci_bus 0000:00: resource 7 [mem 0x80000000-0xfebfffff window]
[    2.614332] pci_bus 0000:00: resource 8 [mem 0x100000000-0x17fffffff window]
[    2.614909] pci 0000:00:01.0: PIIX3: Enabling Passive Release
[    2.615228] pci 0000:00:00.0: Limiting direct PCI/PCI transfers
[    2.615561] pci 0000:00:01.0: Activating ISA DMA hang workarounds
[    2.615953] PCI: CLS 0 bytes, default 64
[    2.616202] ACPI: bus type thunderbolt registered
[    2.616690] clocksource: tsc: mask: 0xffffffffffffffff max_cycles: 0x3407c077a8d, max_idle_ns: 440795342283 ns
[    2.681401] Initialise system trusted keyrings
[    2.681723] Key type blacklist registered
[    2.682092] workingset: timestamp_bits=36 max_order=19 bucket_order=0
[    2.690443] zbud: loaded
[    2.692229] squashfs: version 4.0 (2009/01/31) Phillip Lougher
[    2.693683] NFS: Registering the id_resolver key type
[    2.693985] Key type id_resolver registered
[    2.694211] Key type id_legacy registered
[    2.694510] nfs4filelayout_init: NFSv4 File Layout Driver Registering...
[    2.694895] nfs4flexfilelayout_init: NFSv4 Flexfile Layout Driver Registering...
[    2.695483] fuse: init (API version 7.36)
[    2.696039] SGI XFS with ACLs, security attributes, realtime, quota, no debug enabled
[    2.698036] 9p: Installing v9fs 9p2000 file system support
[    2.703812] Key type asymmetric registered
[    2.704087] Asymmetric key parser 'x509' registered
[    2.705486] alg: self-tests for CTR-KDF (hmac(sha256)) passed
[    2.705829] Block layer SCSI generic (bsg) driver version 0.4 loaded (major 243)
[    2.706362] io scheduler mq-deadline registered
[    2.706639] io scheduler bfq registered
[    2.707571] shpchp: Standard Hot Plug PCI Controller Driver version: 0.4
[    2.708275] IPMI message handler: version 39.2
[    2.708552] ipmi device interface
[    2.709986] input: Power Button as /devices/LNXSYSTM:00/LNXPWRBN:00/input/input0
[    2.710650] ACPI: button: Power Button [PWRF]
[    2.711683] ERST DBG: ERST support is disabled.
[    2.712389] Serial: 8250/16550 driver, 32 ports, IRQ sharing enabled
[    2.713080] 00:04: ttyS0 at I/O 0x3f8 (irq = 4, base_baud = 115200) is a 16550A
[    2.720298] Linux agpgart interface v0.103
[    2.721031] ACPI: bus type drm_connector registered
[    2.731665] brd: module loaded
[    2.737560] loop: module loaded
[    2.740743] scsi host0: ata_piix
[    2.741374] scsi host1: ata_piix
[    2.741673] ata1: PATA max MWDMA2 cmd 0x1f0 ctl 0x3f6 bmdma 0xc040 irq 14
[    2.742035] ata2: PATA max MWDMA2 cmd 0x170 ctl 0x376 bmdma 0xc048 irq 15
[    2.743410] tun: Universal TUN/TAP device driver, 1.6
[    2.743846] e100: Intel(R) PRO/100 Network Driver
[    2.744103] e100: Copyright(c) 1999-2006 Intel Corporation
[    2.744421] e1000: Intel(R) PRO/1000 Network Driver
[    2.744683] e1000: Copyright (c) 1999-2006 Intel Corporation.
[    2.890857] ACPI: \_SB_.LNKC: Enabled at IRQ 11
[    2.899044] ata1: found unknown device (class 0)
[    2.899494] ata2: found unknown device (class 0)
[    2.900185] ata1.00: ATA-7: QEMU HARDDISK, 2.5+, max UDMA/100
[    2.900510] ata1.00: 16777216 sectors, multi 16: LBA48 
[    2.900905] ata2.00: ATAPI: QEMU DVD-ROM, 2.5+, max UDMA/100
[    2.902093] scsi 0:0:0:0: Direct-Access     ATA      QEMU HARDDISK    2.5+ PQ: 0 ANSI: 5
[    2.903692] sd 0:0:0:0: Attached scsi generic sg0 type 0
[    2.903914] sd 0:0:0:0: [sda] 16777216 512-byte logical blocks: (8.59 GB/8.00 GiB)
[    2.904506] scsi 1:0:0:0: CD-ROM            QEMU     QEMU DVD-ROM     2.5+ PQ: 0 ANSI: 5
[    2.904512] sd 0:0:0:0: [sda] Write Protect is off
[    2.905393] sd 0:0:0:0: [sda] Write cache: enabled, read cache: enabled, doesn't support DPO or FUA
[    2.906050] sd 0:0:0:0: [sda] Preferred minimum I/O size 512 bytes
[    2.928891] sd 0:0:0:0: [sda] Attached SCSI disk
[    2.935475] scsi 1:0:0:0: Attached scsi generic sg1 type 5
[    3.209164] e1000 0000:00:03.0 eth0: (PCI:33MHz:32-bit) 52:54:00:12:34:56
[    3.209555] e1000 0000:00:03.0 eth0: Intel(R) PRO/1000 Network Connection
[    3.210005] e1000e: Intel(R) PRO/1000 Network Driver
[    3.210273] e1000e: Copyright(c) 1999 - 2015 Intel Corporation.
[    3.210642] igb: Intel(R) Gigabit Ethernet Network Driver
[    3.210938] igb: Copyright (c) 2007-2014 Intel Corporation.
[    3.211323] PPP generic driver version 2.4.2
[    3.212115] VFIO - User Level meta-driver version: 0.3
[    3.212476] ehci_hcd: USB 2.0 'Enhanced' Host Controller (EHCI) Driver
[    3.212834] ehci-pci: EHCI PCI platform driver
[    3.213097] ehci-platform: EHCI generic platform driver
[    3.213391] ohci_hcd: USB 1.1 'Open' Host Controller (OHCI) Driver
[    3.213724] ohci-pci: OHCI PCI platform driver
[    3.213984] ohci-platform: OHCI generic platform driver
[    3.214278] uhci_hcd: USB Universal Host Controller Interface driver
[    3.215013] usbcore: registered new interface driver uas
[    3.215645] usbcore: registered new interface driver usb-storage
[    3.216204] i8042: PNP: PS/2 Controller [PNP0303:KBD,PNP0f13:MOU] at 0x60,0x64 irq 1,12
[    3.217312] serio: i8042 KBD port at 0x60,0x64 irq 1
[    3.217622] serio: i8042 AUX port at 0x60,0x64 irq 12
[    3.218544] mousedev: PS/2 mouse device common for all mice
[    3.219523] input: AT Translated Set 2 keyboard as /devices/platform/i8042/serio0/input/input1
[    3.220879] input: VirtualPS/2 VMware VMMouse as /devices/platform/i8042/serio1/input/input4
[    3.221503] rtc_cmos 00:05: RTC can wake from S4
[    3.222130] input: VirtualPS/2 VMware VMMouse as /devices/platform/i8042/serio1/input/input3
[    3.223366] rtc_cmos 00:05: registered as rtc0
[    3.223678] rtc_cmos 00:05: setting system clock to 2023-02-22T10:56:00 UTC (1677063360)
[    3.224255] rtc_cmos 00:05: alarms up to one day, y3k, 242 bytes nvram, hpet irqs
[    3.224697] i2c_dev: i2c /dev entries driver
[    3.224978] device-mapper: core: CONFIG_IMA_DISABLE_HTABLE is disabled. Duplicate IMA measurements will not be recorded in the IMA log.
[    3.226059] device-mapper: uevent: version 1.0.3
[    3.226586] device-mapper: ioctl: 4.46.0-ioctl (2022-02-22) initialised: dm-devel@redhat.com
[    3.227086] intel_pstate: CPU model not supported
[    3.227425] sdhci: Secure Digital Host Controller Interface driver
[    3.227772] sdhci: Copyright(c) Pierre Ossman
[    3.228081] sdhci-pltfm: SDHCI platform and OF driver helper
[    3.228464] ledtrig-cpu: registered to indicate activity on CPUs
[    3.229068] drop_monitor: Initializing network drop monitor service
[    3.229971] NET: Registered PF_INET6 protocol family
[    3.231609] Segment Routing with IPv6
[    3.231866] In-situ OAM (IOAM) with IPv6
[    3.232123] NET: Registered PF_PACKET protocol family
[    3.232621] 9pnet: Installing 9P2000 support
[    3.232909] Key type dns_resolver registered
[    3.233747] IPI shorthand broadcast: enabled
[    3.234029] sched_clock: Marking stable (3224333252, 9234648)->(3249077852, -15509952)
[    3.234970] registered taskstats version 1
[    3.235350] Loading compiled-in X.509 certificates
[    3.235856] zswap: loaded using pool lzo/zbud
[    3.236660] Key type ._fscrypt registered
[    3.236897] Key type .fscrypt registered
[    3.237126] Key type fscrypt-provisioning registered
[    3.238227] Key type encrypted registered
[    3.238522] ima: No TPM chip found, activating TPM-bypass!
[    3.238854] ima: Allocated hash algorithm: sha1
[    3.239136] ima: No architecture policies found
[    3.239445] evm: Initialising EVM extended attributes:
[    3.239719] evm: security.selinux
[    3.239910] evm: security.SMACK64
[    3.240094] evm: security.SMACK64EXEC
[    3.240296] evm: security.SMACK64TRANSMUTE
[    3.240522] evm: security.SMACK64MMAP
[    3.240725] evm: security.apparmor
[    3.240915] evm: security.ima
[    3.241081] evm: security.capability
[    3.241279] evm: HMAC attrs: 0x1
[    3.245099] PM:   Magic number: 11:578:932
[    3.245720] RAS: Correctable Errors collector initialized.
[    3.247030] md: Waiting for all devices to be available before autodetect
[    3.247285] md: If you don't use raid, use raid=noautodetect
[    3.247499] md: Autodetecting RAID arrays.
[    3.247661] md: autorun ...
[    3.247771] md: ... autorun DONE.
[    3.260094] EXT4-fs (sda): mounted filesystem with ordered data mode. Quota mode: none.
[    3.260458] VFS: Mounted root (ext4 filesystem) readonly on device 8:0.
[    3.262502] devtmpfs: mounted
[    3.270556] Freeing unused decrypted memory: 2036K
[    3.272631] Freeing unused kernel image (initmem) memory: 3292K
[    3.287019] Write protecting the kernel read-only data: 43008k
[    3.289464] Freeing unused kernel image (text/rodata gap) memory: 2028K
[    3.289868] Freeing unused kernel image (rodata/data gap) memory: 140K
[    3.364462] x86/mm: Checked W+X mappings: passed, no W+X pages found.
[    3.364740] Run /sbin/init as init process
[    3.441093] systemd[1]: RTC configured in localtime, applying delta of 0 minutes to system time.
[    3.462059] systemd[1]: systemd 239 (239-49.el8) running in system mode. (+PAM +AUDIT +SELINUX +IMA -APPARMOR +SMACK +SYSVINIT +UTMP +LIBCRYPTSETUP +GCRYPT +GNUTLS +ACL +XZ +LZ4 +SECCOMP +BLKID +ELFUTILS +KMOD +IDN2 -IDN +PCRE2 default-hierarchy=legacy)
[    3.463080] systemd[1]: Detected virtualization kvm.
[    3.463288] systemd[1]: Detected architecture x86-64.

Welcome to [0;31mCentOS Stream 8[0m!

[    3.486746] systemd[1]: Set hostname to <test>.
[    5.394893] random: crng init done
[    5.481153] systemd[1]: Reached target Swap.
[[0;32m  OK  [0m] Reached target Swap.
[    5.487198] systemd[1]: Listening on Process Core Dump Socket.
[[0;32m  OK  [0m] Listening on Process Core Dump Socket.
[    5.488108] systemd[1]: Listening on LVM2 poll daemon socket.
[[0;32m  OK  [0m] Listening on LVM2 poll daemon socket.
[    5.488996] systemd[1]: Listening on Journal Socket.
[[0;32m  OK  [0m] Listening on Journal Socket.
[    5.493188] systemd[1]: Mounting Kernel Debug File System...
         Mounting Kernel Debug File System...
[    5.494086] systemd[1]: Listening on udev Control Socket.
[[0;32m  OK  [0m] Listening on udev Control Socket.
[[0;32m  OK  [0m] Started Forward Password Requests to Wall Directory Watch.
[[0;32m  OK  [0m] Listening on initctl Compatibility Named Pipe.
[[0;32m  OK  [0m] Listening on RPCbind Server Activation Socket.
         Mounting POSIX Message Queue File System...
         Mounting Huge Pages File System...
[[0;32m  OK  [0m] Listening on multipathd control socket.
[[0;32m  OK  [0m] Listening on Journal Socket (/dev/log).
         Starting Journal Service...
[[0;32m  OK  [0m] Created slice system-sshd\x2dkeygen.slice.
[[0;32m  OK  [0m] Created slice system-getty.slice.
         Starting Setup Virtual Console...
         Starting Load Kernel Modules...
[[0;32m  OK  [0m] Reached target RPC Port Mapper.
         Starting Remount Root and Kernel File Systems...
[[0;32m  OK  [0m] Created slice system-serial\x2dgetty.slice.
[[0;32m  OK  [0m] Created slice User and Session Slice.
[[0;32m  OK  [0m] Reached target Slices.
[[0;32m  OK  [0m] Listening on udev Kernel Socket.
         Starting udev Coldplug all Devices...
[[0;32m  OK  [0m] Listening on Device-mapper event daemon FIFOs.
[[0;32m  OK  [0m] Set up automount Arbitrary Executabâ€¦rmats File System Automount Point.
         Starting Monitoring of LVM2 mirrorsâ€¦ng dmeventd or progress polling...
[[0;32m  OK  [0m] Started Journal Service.
[[0;32m  OK  [0m] Mounted Kernel Debug File System.
[[0;32m  OK  [0m] Mounted POSIX Message Queue File System.
[[0;32m  OK  [0m] Mounted Huge Pages File System.
[[0;1;31mFAILED[0m] Failed to start Load Kernel Modules.
See 'systemctl status systemd-modules-load.service' for details.
         Starting Apply Kernel Variables...
         Mounting FUSE Control File System...
         Mounting Kernel Configuration File System...
[    5.740547] EXT4-fs (sda): re-mounted. Quota mode: none.
[[0;32m  OK  [0m] Started Remount Root and Kernel File Systems.
[[0;32m  OK  [0m] Started Apply Kernel Variables.
[[0;32m  OK  [0m] Mounted FUSE Control File System.
[[0;32m  OK  [0m] Mounted Kernel Configuration File System.
         Starting Load/Save Random Seed...
         Starting Flush Journal to Persistent Storage...
         Starting Create Static Device Nodes in /dev...
[[0;32m  OK  [0m] Started Setup Virtual Console.
[[0;32m  OK  [0m] Started Load/Save Random Seed.
[[0;32m  OK  [0m] Started Flush Journal to Persistent Storage.
[[0;32m  OK  [0m] Started Create Static Device Nodes in /dev.
         Starting udev Kernel Device Manager...
[[0;32m  OK  [0m] Started udev Coldplug all Devices.
         Starting udev Wait for Complete Device Initialization...
[[0;32m  OK  [0m] Started udev Kernel Device Manager.
         Starting Show Plymouth Boot Screen...
[[0;32m  OK  [0m] Started Show Plymouth Boot Screen.
[[0;32m  OK  [0m] Reached target Paths.
[[0;32m  OK  [0m] Reached target Local Encrypted Volumes.
[[0;32m  OK  [0m] Started Forward Password Requests to Plymouth Directory Watch.
[[0;32m  OK  [0m] Found device /dev/ttyS0.
[[0;32m  OK  [0m] Started Monitoring of LVM2 mirrors,â€¦sing dmeventd or progress polling.
[[0;32m  OK  [0m] Started udev Wait for Complete Device Initialization.
[[0;32m  OK  [0m] Reached target Local File Systems (Pre).
[[0;32m  OK  [0m] Reached target Local File Systems.
         Starting Tell Plymouth To Write Out Runtime Data...
         Starting Restore /run/initramfs on shutdown...
         Starting Create Volatile Files and Directories...
[[0;32m  OK  [0m] Listening on Load/Save RF Kill Switch Status /dev/rfkill Watch.
[[0;32m  OK  [0m] Started Tell Plymouth To Write Out Runtime Data.
[[0;32m  OK  [0m] Started Restore /run/initramfs on shutdown.
[[0;32m  OK  [0m] Started Create Volatile Files and Directories.
         Mounting RPC Pipe File System...
         Starting RPC Bind...
         Starting Security Auditing Service...
[[0;32m  OK  [0m] Mounted RPC Pipe File System.
[[0;32m  OK  [0m] Reached target rpc_pipefs.target.
[[0;32m  OK  [0m] Started RPC Bind.
[[0;32m  OK  [0m] Started Security Auditing Service.
         Starting Update UTMP about System Boot/Shutdown...
[[0;32m  OK  [0m] Started Update UTMP about System Boot/Shutdown.
[[0;32m  OK  [0m] Reached target System Initialization.
[[0;32m  OK  [0m] Listening on SSSD Kerberos Cache Manager responder socket.
[[0;32m  OK  [0m] Started Daily Cleanup of Temporary Directories.
[[0;32m  OK  [0m] Started daily update of the root trust anchor for DNSSEC.
[[0;32m  OK  [0m] Started dnf makecache --timer.
[[0;32m  OK  [0m] Reached target Timers.
[[0;32m  OK  [0m] Listening on D-Bus System Message Bus Socket.
[[0;32m  OK  [0m] Reached target Sockets.
[[0;32m  OK  [0m] Reached target Basic System.
[[0;32m  OK  [0m] Started irqbalance daemon.
         Starting Self Monitoring and Reporting Technology (SMART) Daemon...
         Starting Auto-connect to subsystemsâ€¦-NVME devices found during boot...
         Starting NTP client/server...
[[0;32m  OK  [0m] Started Machine Check Exception Logging Daemon.
[[0;32m  OK  [0m] Reached target sshd-keygen.target.
         Starting Login Service...
[[0;32m  OK  [0m] Started D-Bus System Message Bus.
         Starting Authorization Manager...
         Starting Network Manager...
[[0;32m  OK  [0m] Started Self Monitoring and Reporting Technology (SMART) Daemon.
[[0;32m  OK  [0m] Started Auto-connect to subsystems â€¦FC-NVME devices found during boot.
         Starting update of the root trust aâ€¦or DNSSEC validation in unbound...
[[0;32m  OK  [0m] Started Login Service.
[[0;32m  OK  [0m] Started update of the root trust anâ€¦ for DNSSEC validation in unbound.
[[0;32m  OK  [0m] Started Network Manager.
[[0;32m  OK  [0m] Reached target Network.
         Starting Dynamic System Tuning Daemon...
         Starting GSSAPI Proxy Daemon...
         Starting OpenSSH server daemon...
         Starting Network Manager Wait Online...
[[0;32m  OK  [0m] Started NTP client/server.
[[0;32m  OK  [0m] Started GSSAPI Proxy Daemon.
         Starting Hostname Service...
[[0;32m  OK  [0m] Reached target NFS client services.
[[0;32m  OK  [0m] Reached target Remote File Systems (Pre).
[[0;32m  OK  [0m] Reached target Remote File Systems.
         Starting Permit User Sessions...
[[0;32m  OK  [0m] Started Authorization Manager.
[[0;32m  OK  [0m] Started OpenSSH server daemon.
[[0;32m  OK  [0m] Started Permit User Sessions.
[[0;32m  OK  [0m] Started Command Scheduler.
         Starting Terminate Plymouth Boot Screen...
         Starting Hold until boot process finishes up...
[    7.175015] e1000: eth0 NIC Link is Up 1000 Mbps Full Duplex, Flow Control: RX
[    7.175659] IPv6: ADDRCONF(NETDEV_CHANGE): eth0: link becomes ready
[    7.292382] Spectre V2 : WARNING: Unprivileged eBPF is enabled with eIBRS on, data leaks possible via Spectre v2 BHB attacks!
[    7.292875] Spectre V2 : WARNING: Unprivileged eBPF is enabled with eIBRS on, data leaks possible via Spectre v2 BHB attacks!

CentOS Stream 8
Kernel 5.19.0-rc5-086ff8461718+ on an x86_64

test login: [   28.791988] loop4: detected capacity change from 0 to 65536
[   28.794618] =======================================================
[   28.794618] WARNING: The mand mount option has been deprecated and
[   28.794618]          and is ignored by this kernel. Remove the mand
[   28.794618]          option from the mount to silence this warning.
[   28.794618] =======================================================
[   28.797992] XFS: ikeep mount option is deprecated.
[   28.817473] loop1: detected capacity change from 0 to 65536
[   28.817915] XFS: ikeep mount option is deprecated.
[   28.821644] loop3: detected capacity change from 0 to 65536
[   28.822038] XFS: ikeep mount option is deprecated.
[   28.845895] XFS (loop4): Deprecated V4 format (crc=0) will not be supported after September 2030.
[   28.846301] XFS (loop4): DAX unsupported by block device. Turning off DAX.
[   28.846770] XFS (loop4): Mounting V4 Filesystem
[   28.856003] loop7: detected capacity change from 0 to 65536
[   28.856441] XFS: ikeep mount option is deprecated.
[   28.857225] loop0: detected capacity change from 0 to 65536
[   28.857617] XFS: ikeep mount option is deprecated.
[   28.858233] XFS (loop1): DAX unsupported by block device. Turning off DAX.
[   28.858821] XFS (loop1): Mounting V4 Filesystem
[   28.860862] loop5: detected capacity change from 0 to 65536
[   28.861315] XFS: ikeep mount option is deprecated.
[   28.862224] XFS (loop4): totally zeroed log
[   28.862859] XFS (loop4): Ending clean mount
[   28.863876] XFS (loop4): Quotacheck needed: Please wait.
[   28.867319] repro: attempt to access beyond end of device
[   28.867319] loop4: rw=432129, sector=65535, nr_sectors = 16 limit=65536
[   28.867940] XFS (loop4): log I/O error -5
[   28.868140] XFS (loop4): Filesystem has been shut down due to log error (0x2).
[   28.868424] XFS (loop4): Please unmount the filesystem and rectify the problem(s).
[   28.868983] XFS (loop4): Quotacheck: Unsuccessful (Error -5): Disabling quotas.
[   28.869036] loop6: detected capacity change from 0 to 65536
[   28.869357] xfs filesystem being mounted at /root/syzkaller.0gQvN3/0/file0 supports timestamps until 2038 (0x7fffffff)
[   28.869641] XFS: ikeep mount option is deprecated.
[   28.877477] XFS (loop1): totally zeroed log
[   28.877856] XFS (loop1): Ending clean mount
[   28.878169] XFS (loop1): Quotacheck needed: Please wait.
[   28.879431] XFS (loop4): Unmounting Filesystem
[   28.880142] XFS (loop3): DAX unsupported by block device. Turning off DAX.
[   28.880521] XFS (loop3): Mounting V4 Filesystem
[   28.883023] repro: attempt to access beyond end of device
[   28.883023] loop1: rw=432129, sector=65535, nr_sectors = 16 limit=65536
[   28.883528] XFS (loop1): log I/O error -5
[   28.883714] XFS (loop1): Filesystem has been shut down due to log error (0x2).
[   28.884011] XFS (loop1): Please unmount the filesystem and rectify the problem(s).
[   28.884063] loop2: detected capacity change from 0 to 65536
[   28.884415] XFS (loop1): Quotacheck: Unsuccessful (Error -5): Disabling quotas.
[   28.884773] XFS: ikeep mount option is deprecated.
[   28.884860] xfs filesystem being mounted at /root/syzkaller.x6NqrQ/0/file0 supports timestamps until 2038 (0x7fffffff)
[   28.891259] XFS (loop1): Unmounting Filesystem
[   28.901952] XFS (loop6): DAX unsupported by block device. Turning off DAX.
[   28.903056] XFS (loop0): DAX unsupported by block device. Turning off DAX.
[   28.903415] XFS (loop0): Mounting V4 Filesystem
[   28.903427] XFS (loop3): totally zeroed log
[   28.903719] XFS (loop6): Mounting V4 Filesystem
[   28.904622] XFS (loop7): DAX unsupported by block device. Turning off DAX.
[   28.904785] XFS (loop5): DAX unsupported by block device. Turning off DAX.
[   28.905271] XFS (loop5): Mounting V4 Filesystem
[   28.905311] XFS (loop7): Mounting V4 Filesystem
[   28.905797] XFS (loop3): Ending clean mount
[   28.906568] XFS (loop3): Quotacheck needed: Please wait.
[   28.907905] XFS (loop2): DAX unsupported by block device. Turning off DAX.
[   28.907961] XFS (loop0): totally zeroed log
[   28.908375] XFS (loop6): totally zeroed log
[   28.908740] XFS (loop6): Ending clean mount
[   28.909665] XFS (loop2): Mounting V4 Filesystem
[   28.909881] XFS (loop6): Quotacheck needed: Please wait.
[   28.910567] XFS (loop7): totally zeroed log
[   28.910786] XFS (loop5): totally zeroed log
[   28.910991] repro: attempt to access beyond end of device
[   28.910991] loop3: rw=432129, sector=65535, nr_sectors = 16 limit=65536
[   28.911388] XFS (loop0): Ending clean mount
[   28.911481] XFS (loop3): log I/O error -5
[   28.911763] XFS (loop0): Quotacheck needed: Please wait.
[   28.911815] XFS (loop3): Filesystem has been shut down due to log error (0x2).
[   28.912297] XFS (loop3): Please unmount the filesystem and rectify the problem(s).
[   28.912700] XFS (loop3): Quotacheck: Unsuccessful (Error -5): Disabling quotas.
[   28.913027] xfs filesystem being mounted at /root/syzkaller.uwuYO1/0/file0 supports timestamps until 2038 (0x7fffffff)
[   28.919008] 00000000: 58 41 47 49 00 00 00 01 00 00 00 00 00 00 80 00  XAGI............
[   28.919364] 00000010: 00 00 00 40 00 00 00 06 00 00 00 01 00 00 00 37  ...@...........7
[   28.919677] 00000020: 00 00 00 20 ff ff ff ff ff ff ff ff ff ff ff ff  ... ............
[   28.919990] 00000030: ff ff ff ff ff ff ff ff ff ff ff ff ff ff ff ff  ................
[   28.920300] 00000040: ff ff ff ff ff ff ff ff ff ff ff ff ff ff ff ff  ................
[   28.920611] 00000050: ff ff ff ff ff ff ff ff ff ff ff ff ff ff ff ff  ................
[   28.920922] 00000060: ff ff ff ff ff ff ff ff ff ff ff ff ff ff ff ff  ................
[   28.921235] 00000070: ff ff ff ff ff ff ff ff ff ff ff ff ff ff ff ff  ................
[   28.921547] 00000080: ff ff ff ff ff ff ff ff ff ff ff ff ff ff ff ff  ................
[   28.921857] 00000090: ff ff ff ff ff ff ff ff ff ff ff ff ff ff ff ff  ................
[   28.922169] 000000a0: ff ff ff ff ff ff ff ff ff ff ff ff ff ff ff ff  ................
[   28.922480] 000000b0: ff ff ff ff ff ff ff ff ff ff ff ff ff ff ff ff  ................
[   28.922555] XFS (loop7): Ending clean mount
[   28.922789] 000000c0: ff ff ff ff ff ff ff ff ff ff ff ff ff ff ff ff  ................
[   28.923094] XFS (loop5): Ending clean mount
[   28.923287] 000000d0: ff ff ff ff ff ff ff ff ff ff ff ff ff ff ff ff  ................
[   28.923759] 000000e0: ff ff ff ff ff ff ff ff ff ff ff ff ff ff ff ff  ................
[   28.924075] 000000f0: ff ff ff ff ff ff ff ff ff ff ff ff ff ff ff ff  ................
[   28.924387] 00000100: ff ff ff ff ff ff ff ff ff ff ff ff ff ff ff ff  ................
[   28.924697] 00000110: ff ff ff ff ff ff ff ff ff ff ff ff ff ff ff ff  ................
[   28.925007] 00000120: ff ff ff ff ff ff ff ff 00 00 00 00 00 00 00 00  ................
[   28.925317] 00000130: 00 00 00 00 00 00 00 00 00 00 00 00 00 00 00 00  ................
[   28.925627] 00000140: 00 00 00 00 00 00 00 00 00 00 00 00 00 00 00 00  ................
[   28.925940] 00000150: 00 00 00 00 00 00 00 00                          ........
[   28.926224] XFS (loop0): Internal error xfs_iunlink_remove at line 2343 of file fs/xfs/xfs_inode.c.  Caller xfs_ifree+0xe6/0x9d0
[   28.926683] CPU: 0 PID: 6 Comm: kworker/0:0 Not tainted 5.19.0-rc5-086ff8461718+ #1
[   28.926988] Hardware name: QEMU Standard PC (i440FX + PIIX, 1996), BIOS rel-1.16.0-0-gd239552ce722-prebuilt.qemu.org 04/01/2014
[   28.927137] XFS (loop5): Quotacheck needed: Please wait.
[   28.927426] Workqueue: xfs-inodegc/loop0 xfs_inodegc_worker
[   28.927862] Call Trace:
[   28.927964]  <TASK>
[   28.928056]  dump_stack_lvl+0xa7/0xd7
[   28.928216]  dump_stack+0x19/0x1b
[   28.928358]  xfs_corruption_error+0xd3/0xe0
[   28.928531]  ? xfs_ifree+0xe6/0x9d0
[   28.928684]  xfs_iunlink_remove+0x410/0x420
[   28.928857]  ? xfs_ifree+0xe6/0x9d0
[   28.929009]  ? write_comp_data+0x2f/0x90
[   28.929180]  xfs_ifree+0xe6/0x9d0
[   28.929322]  ? write_comp_data+0x2f/0x90
[   28.929487]  ? xfs_trans_ijoin+0x44/0x70
[   28.929652]  ? __sanitizer_cov_trace_pc+0x25/0x50
[   28.929847]  ? xfs_trans_add_item+0x7e/0x1c0
[   28.930029]  xfs_inactive_ifree+0xf4/0x290
[   28.930203]  xfs_inactive+0x226/0x340
[   28.930360]  xfs_inodegc_worker+0xc0/0x3f0
[   28.930532]  process_one_work+0x3eb/0x9a0
[   28.930707]  worker_thread+0x52/0x650
[   28.930862]  ? process_one_work+0x9a0/0x9a0
[   28.931035]  kthread+0x15d/0x1a0
[   28.931175]  ? kthread_complete_and_exit+0x40/0x40
[   28.931375]  ret_from_fork+0x1f/0x30
[   28.931539]  </TASK>
[   28.931660] XFS (loop0): Corruption detected. Unmount and run xfs_repair
[   28.931697] XFS (loop3): Unmounting Filesystem
[   28.931925] XFS (loop0): xfs_inactive_ifree: xfs_ifree returned error -117
[   28.942125] XFS (loop2): totally zeroed log
[   28.942357] XFS (loop7): Quotacheck needed: Please wait.
[   28.943204] repro: attempt to access beyond end of device
[   28.943204] loop6: rw=432129, sector=65535, nr_sectors = 16 limit=65536
[   28.943717] XFS (loop6): log I/O error -5
[   28.944339] XFS (loop6): Filesystem has been shut down due to log error (0x2).
[   28.944601] repro: attempt to access beyond end of device
[   28.944601] loop5: rw=432129, sector=65535, nr_sectors = 16 limit=65536
[   28.944623] XFS (loop6): Please unmount the filesystem and rectify the problem(s).
[   28.945117] XFS (loop5): log I/O error -5
[   28.945577] XFS (loop5): Filesystem has been shut down due to log error (0x2).
[   28.945859] XFS (loop5): Please unmount the filesystem and rectify the problem(s).
[   28.946261] XFS (loop5): Quotacheck: Unsuccessful (Error -5): Disabling quotas.
[   28.946513] XFS (loop6): Quotacheck: Unsuccessful (Error -5): Disabling quotas.
[   28.946581] xfs filesystem being mounted at /root/syzkaller.fXWvUw/0/file0 supports timestamps until 2038 (0x7fffffff)
[   28.946889] xfs filesystem being mounted at /root/syzkaller.lIjVmz/0/file0 supports timestamps until 2038 (0x7fffffff)
[   28.950321] XFS (loop2): Ending clean mount
[   28.950602] XFS (loop5): Unmounting Filesystem
[   28.951073] XFS (loop6): Unmounting Filesystem
[   28.952494] repro: attempt to access beyond end of device
[   28.952494] loop7: rw=432129, sector=65535, nr_sectors = 16 limit=65536
[   28.953002] XFS (loop7): log I/O error -5
[   28.953188] XFS (loop7): Filesystem has been shut down due to log error (0x2).
[   28.953472] XFS (loop7): Please unmount the filesystem and rectify the problem(s).
[   28.953877] XFS (loop7): Quotacheck: Unsuccessful (Error -5): Disabling quotas.
[   28.954204] xfs filesystem being mounted at /root/syzkaller.FAXivI/0/file0 supports timestamps until 2038 (0x7fffffff)
[   28.957648] XFS (loop2): Quotacheck needed: Please wait.
[   28.961572] XFS (loop7): Unmounting Filesystem
[   28.967586] repro: attempt to access beyond end of device
[   28.967586] loop2: rw=432129, sector=65535, nr_sectors = 16 limit=65536
[   28.968090] XFS (loop2): log I/O error -5
[   28.968277] XFS (loop2): Filesystem has been shut down due to log error (0x2).
[   28.968558] XFS (loop2): Please unmount the filesystem and rectify the problem(s).
[   28.972928] kworker/0:0: attempt to access beyond end of device
[   28.972928] loop0: rw=432129, sector=65535, nr_sectors = 16 limit=65536
[   28.973975] XFS (loop0): log I/O error -5
[   28.975984] XFS (loop2): Quotacheck: Unsuccessful (Error -5): Disabling quotas.
[   28.976337] xfs filesystem being mounted at /root/syzkaller.Owf0TU/0/file0 supports timestamps until 2038 (0x7fffffff)
[   28.978430] XFS (loop2): Unmounting Filesystem
[   28.982066] XFS (loop0): Metadata I/O Error (0x1) detected at xfs_inactive_ifree+0x22e/0x290 (fs/xfs/xfs_inode.c:1612).  Shutting down filesystem.
[   28.982592] XFS (loop0): Please unmount the filesystem and rectify the problem(s)
[   28.994883] XFS (loop0): Quotacheck: Unsuccessful (Error -5): Disabling quotas.
[   28.995221] xfs filesystem being mounted at /root/syzkaller.ej5veM/0/file0 supports timestamps until 2038 (0x7fffffff)
[   28.999195] XFS (loop0): Unmounting Filesystem
[   29.459254] loop1: detected capacity change from 0 to 65536
[   29.462922] XFS: ikeep mount option is deprecated.
[   29.500174] XFS (loop1): DAX unsupported by block device. Turning off DAX.
[   29.500544] XFS (loop1): Mounting V4 Filesystem
[   29.507322] loop6: detected capacity change from 0 to 65536
[   29.508095] loop7: detected capacity change from 0 to 65536
[   29.508483] XFS: ikeep mount option is deprecated.
[   29.509891] XFS: ikeep mount option is deprecated.
[   29.515574] loop0: detected capacity change from 0 to 65536
[   29.515948] XFS: ikeep mount option is deprecated.
[   29.522264] XFS (loop1): totally zeroed log
[   29.522638] XFS (loop1): Ending clean mount
[   29.522982] XFS (loop1): Quotacheck needed: Please wait.
[   29.526281] repro: attempt to access beyond end of device
[   29.526281] loop1: rw=432129, sector=65535, nr_sectors = 16 limit=65536
[   29.526789] XFS (loop1): log I/O error -5
[   29.527047] XFS (loop1): Filesystem has been shut down due to log error (0x2).
[   29.527338] XFS (loop1): Please unmount the filesystem and rectify the problem(s).
[   29.527837] XFS (loop1): Quotacheck: Unsuccessful (Error -5): Disabling quotas.
[   29.528158] xfs filesystem being mounted at /root/syzkaller.x6NqrQ/1/file0 supports timestamps until 2038 (0x7fffffff)
[   29.529398] XFS (loop1): Unmounting Filesystem
[   29.529625] XFS (loop7): DAX unsupported by block device. Turning off DAX.
[   29.530032] XFS (loop7): Mounting V4 Filesystem
[   29.535818] XFS (loop6): DAX unsupported by block device. Turning off DAX.
[   29.537246] XFS (loop6): Mounting V4 Filesystem
[   29.537791] loop5: detected capacity change from 0 to 65536
[   29.538153] XFS: ikeep mount option is deprecated.
[   29.540308] XFS (loop7): totally zeroed log
[   29.540432] loop4: detected capacity change from 0 to 65536
[   29.540646] XFS (loop7): Ending clean mount
[   29.540853] XFS: ikeep mount option is deprecated.
[   29.541047] XFS (loop7): Quotacheck needed: Please wait.
[   29.541856] XFS (loop0): DAX unsupported by block device. Turning off DAX.
[   29.542642] XFS (loop0): Mounting V4 Filesystem
[   29.543956] repro: attempt to access beyond end of device
[   29.543956] loop7: rw=432129, sector=65535, nr_sectors = 16 limit=65536
[   29.544463] XFS (loop7): log I/O error -5
[   29.544650] XFS (loop7): Filesystem has been shut down due to log error (0x2).
[   29.544933] XFS (loop7): Please unmount the filesystem and rectify the problem(s).
[   29.545332] XFS (loop7): Quotacheck: Unsuccessful (Error -5): Disabling quotas.
[   29.545654] xfs filesystem being mounted at /root/syzkaller.FAXivI/1/file0 supports timestamps until 2038 (0x7fffffff)
[   29.546216] loop3: detected capacity change from 0 to 65536
[   29.546571] XFS: ikeep mount option is deprecated.
[   29.548081] loop2: detected capacity change from 0 to 65536
[   29.548429] XFS: ikeep mount option is deprecated.
[   29.550838] XFS (loop7): Unmounting Filesystem
[   29.552627] XFS (loop0): totally zeroed log
[   29.552929] XFS (loop6): totally zeroed log
[   29.553046] XFS (loop0): Ending clean mount
[   29.553456] XFS (loop0): Quotacheck needed: Please wait.
[   29.554450] XFS (loop2): DAX unsupported by block device. Turning off DAX.
[   29.554831] XFS (loop3): DAX unsupported by block device. Turning off DAX.
[   29.555254] XFS (loop5): DAX unsupported by block device. Turning off DAX.
[   29.555633] XFS (loop6): Ending clean mount
[   29.556437] XFS (loop4): DAX unsupported by block device. Turning off DAX.
[   29.556452] XFS (loop0): log I/O error -5
[   29.556856] XFS (loop5): Mounting V4 Filesystem
[   29.556908] XFS (loop0): Filesystem has been shut down due to log error (0x2).
[   29.557224] XFS (loop2): Mounting V4 Filesystem
[   29.557364] XFS (loop0): Please unmount the filesystem and rectify the problem(s).
[   29.557631] XFS (loop3): Mounting V4 Filesystem
[   29.557976] XFS (loop0): Quotacheck: Unsuccessful (Error -5): Disabling quotas.
[   29.558334] xfs filesystem being mounted at /root/syzkaller.ej5veM/1/file0 supports timestamps until 2038 (0x7fffffff)
[   29.558565] XFS (loop4): Mounting V4 Filesystem
[   29.560322] XFS (loop0): Unmounting Filesystem
[   29.560384] XFS (loop6): Quotacheck needed: Please wait.
[   29.566289] XFS (loop2): totally zeroed log
[   29.566485] XFS (loop4): totally zeroed log
[   29.566661] XFS (loop3): totally zeroed log
[   29.567502] XFS (loop5): totally zeroed log
[   29.572633] XFS (loop3): Ending clean mount
[   29.572880] XFS (loop2): Ending clean mount
[   29.573101] XFS (loop4): Ending clean mount
[   29.573320] XFS (loop5): Ending clean mount
[   29.573821] XFS (loop4): Quotacheck needed: Please wait.
[   29.574352] XFS (loop2): Quotacheck needed: Please wait.
[   29.575207] XFS (loop5): Quotacheck needed: Please wait.
[   29.575678] XFS (loop3): Quotacheck needed: Please wait.
[   29.580328] XFS (loop6): log I/O error -5
[   29.580530] XFS (loop6): Filesystem has been shut down due to log error (0x2).
[   29.580813] XFS (loop6): Please unmount the filesystem and rectify the problem(s).
[   29.581223] XFS (loop6): Quotacheck: Unsuccessful (Error -5): Disabling quotas.
[   29.581553] xfs filesystem being mounted at /root/syzkaller.lIjVmz/1/file0 supports timestamps until 2038 (0x7fffffff)
[   29.584636] XFS (loop2): log I/O error -5
[   29.584836] XFS (loop2): Filesystem has been shut down due to log error (0x2).
[   29.585118] XFS (loop2): Please unmount the filesystem and rectify the problem(s).
[   29.585529] XFS (loop2): Quotacheck: Unsuccessful (Error -5): Disabling quotas.
[   29.585848] xfs filesystem being mounted at /root/syzkaller.Owf0TU/1/file0 supports timestamps until 2038 (0x7fffffff)
[   29.587174] XFS (loop6): Unmounting Filesystem
[   29.588203] XFS (loop4): log I/O error -5
[   29.588243] XFS (loop2): Unmounting Filesystem
[   29.588404] XFS (loop4): Filesystem has been shut down due to log error (0x2).
[   29.588874] XFS (loop4): Please unmount the filesystem and rectify the problem(s).
[   29.589296] XFS (loop4): Quotacheck: Unsuccessful (Error -5): Disabling quotas.
[   29.589617] xfs filesystem being mounted at /root/syzkaller.0gQvN3/1/file0 supports timestamps until 2038 (0x7fffffff)
[   29.592931] XFS (loop4): Unmounting Filesystem
[   29.593539] XFS (loop3): log I/O error -5
[   29.594092] XFS (loop3): Filesystem has been shut down due to log error (0x2).
[   29.594376] XFS (loop3): Please unmount the filesystem and rectify the problem(s).
[   29.594412] XFS (loop3): Quotacheck: Unsuccessful (Error -5): Disabling quotas.
[   29.594738] general protection fault, probably for non-canonical address 0xb301c7dfed435e68: 0000 [#1] PREEMPT SMP NOPTI
[   29.595003] xfs filesystem being mounted at /root/syzkaller.uwuYO1/1/file0 supports timestamps until 2038 (0x7fffffff)
[   29.595370] CPU: 0 PID: 9 Comm: kworker/0:1H Not tainted 5.19.0-rc5-086ff8461718+ #1
[   29.596075] Hardware name: QEMU Standard PC (i440FX + PIIX, 1996), BIOS rel-1.16.0-0-gd239552ce722-prebuilt.qemu.org 04/01/2014
[   29.596513] Workqueue: xfs-log/loop3 xlog_ioend_work
[   29.596718] RIP: 0010:xfs_buf_ioend+0x445/0x1170
[   29.596908] Code: 3a fc ff ff e8 9c 18 89 ff 31 ff 44 89 f6 e8 a2 19 89 ff 45 85 f6 0f 84 5a fd ff ff e8 84 18 89 ff 4c 8b ab 38 01 00 00 31 ff <49> 8b 85 40 01 00 00 4c 8b a0 d0 00 00 00 49 c1 ec 02 41 83 e4 01
[   29.597615] RSP: 0018:ffffc90000053a80 EFLAGS: 00010246
[   29.597824] RAX: 0000000000000000 RBX: ffff888013dbe500 RCX: ffffffff819f47ef
[   29.598102] RDX: 0000000000000000 RSI: ffff888005f1c700 RDI: 0000000000000000
[   29.598380] RBP: ffffc90000053ab0 R08: 0000000000000000 R09: 0000000000000001
[   29.598658] R10: ffff888005f1d4c0 R11: 0000000000000000 R12: 00000000fffffffb
[   29.598936] R13: b301c7dfed435d28 R14: 0000000000000001 R15: 0000000000000001
[   29.599214] FS:  0000000000000000(0000) GS:ffff88807dc00000(0000) knlGS:0000000000000000
[   29.599528] CS:  0010 DS: 0000 ES: 0000 CR0: 0000000080050033
[   29.599756] CR2: 00007f6642aa73a0 CR3: 000000000e578002 CR4: 0000000000770ef0
[   29.600036] PKRU: 55555554
[   29.600148] Call Trace:
[   29.600249]  <TASK>
[   29.600340]  xfs_buf_ioend_fail+0x78/0x1d0
[   29.600509]  xfs_buf_item_unpin+0x2fc/0x4d0
[   29.600683]  ? xfs_buf_item_done+0x60/0x60
[   29.600853]  xfs_trans_committed_bulk+0x25b/0x440
[   29.601047]  ? lock_is_held_type+0xe6/0x140
[   29.601226]  ? _raw_spin_unlock_irqrestore+0x39/0x60
[   29.601431]  ? __this_cpu_preempt_check+0x20/0x30
[   29.601623]  ? lock_is_held_type+0xe6/0x140
[   29.601798]  ? xlog_cil_committed+0x482/0x4d0
[   29.601979]  ? __this_cpu_preempt_check+0x20/0x30
[   29.602171]  ? lock_release+0x141/0x2c0
[   29.602336]  xlog_cil_committed+0x49f/0x4d0
[   29.602509]  ? xlog_state_shutdown_callbacks+0xbf/0x150
[   29.602721]  ? __this_cpu_preempt_check+0x20/0x30
[   29.602914]  xlog_cil_process_committed+0x7b/0xa0
[   29.603108]  xlog_state_shutdown_callbacks+0xc7/0x150
[   29.603315]  xlog_force_shutdown+0x152/0x230
[   29.603494]  xlog_ioend_work+0x9b/0xa0
[   29.603651]  process_one_work+0x3eb/0x9a0
[   29.603821]  worker_thread+0x52/0x650
[   29.603974]  ? process_one_work+0x9a0/0x9a0
[   29.604146]  kthread+0x15d/0x1a0
[   29.604284]  ? kthread_complete_and_exit+0x40/0x40
[   29.604482]  ret_from_fork+0x1f/0x30
[   29.604638]  </TASK>
[   29.604732] Modules linked in:
[   29.604914] ---[ end trace 0000000000000000 ]---
[   29.605098] RIP: 0010:xfs_buf_ioend+0x445/0x1170
[   29.605288] Code: 3a fc ff ff e8 9c 18 89 ff 31 ff 44 89 f6 e8 a2 19 89 ff 45 85 f6 0f 84 5a fd ff ff e8 84 18 89 ff 4c 8b ab 38 01 00 00 31 ff <49> 8b 85 40 01 00 00 4c 8b a0 d0 00 00 00 49 c1 ec 02 41 83 e4 01
[   29.605994] RSP: 0018:ffffc90000053a80 EFLAGS: 00010246
[   29.606201] RAX: 0000000000000000 RBX: ffff888013dbe500 RCX: ffffffff819f47ef
[   29.606479] RDX: 0000000000000000 RSI: ffff888005f1c700 RDI: 0000000000000000
[   29.606760] RBP: ffffc90000053ab0 R08: 0000000000000000 R09: 0000000000000001
[   29.607044] R10: ffff888005f1d4c0 R11: 0000000000000000 R12: 00000000fffffffb
[   29.607322] R13: b301c7dfed435d28 R14: 0000000000000001 R15: 0000000000000001
[   29.607600] FS:  0000000000000000(0000) GS:ffff88807dc00000(0000) knlGS:0000000000000000
[   29.607915] CS:  0010 DS: 0000 ES: 0000 CR0: 0000000080050033
[   29.608143] CR2: 00007f6642aa73a0 CR3: 0000000003a12006 CR4: 0000000000770ef0
[   29.608422] PKRU: 55555554
[   29.608558] 00000000: 58 41 47 49 00 00 00 01 00 00 00 00 00 00 80 00  XAGI............
[   29.608868] 00000010: 00 00 00 40 00 00 00 06 00 00 00 01 00 00 00 37  ...@...........7
[   29.609178] 00000020: 00 00 00 20 ff ff ff ff ff ff ff ff ff ff ff ff  ... ............
[   29.609487] 00000030: ff ff ff ff ff ff ff ff ff ff ff ff ff ff ff ff  ................
[   29.609797] 00000040: ff ff ff ff ff ff ff ff ff ff ff ff ff ff ff ff  ................
[   29.610106] 00000050: ff ff ff ff ff ff ff ff ff ff ff ff ff ff ff ff  ................
[   29.610416] 00000060: ff ff ff ff ff ff ff ff ff ff ff ff ff ff ff ff  ................
[   29.610726] 00000070: ff ff ff ff ff ff ff ff ff ff ff ff ff ff ff ff  ................
[   29.611046] 00000080: ff ff ff ff ff ff ff ff ff ff ff ff ff ff ff ff  ................
[   29.611356] 00000090: ff ff ff ff ff ff ff ff ff ff ff ff ff ff ff ff  ................
[   29.611523] XFS (loop3): Unmounting Filesystem
[   29.611665] 000000a0: ff ff ff ff ff ff ff ff ff ff ff ff ff ff ff ff  ................
[   29.612161] 000000b0: ff ff ff ff ff ff ff ff ff ff ff ff ff ff ff ff  ................
[   29.612470] 000000c0: ff ff ff ff ff ff ff ff ff ff ff ff ff ff ff ff  ................
[   29.612779] 000000d0: ff ff ff ff ff ff ff ff ff ff ff ff ff ff ff ff  ................
[   29.613089] 000000e0: ff ff ff ff ff ff ff ff ff ff ff ff ff ff ff ff  ................
[   29.613399] 000000f0: ff ff ff ff ff ff ff ff ff ff ff ff ff ff ff ff  ................
[   29.613708] 00000100: ff ff ff ff ff ff ff ff ff ff ff ff ff ff ff ff  ................
[   29.614017] 00000110: ff ff ff ff ff ff ff ff ff ff ff ff ff ff ff ff  ................
[   29.614326] 00000120: ff ff ff ff ff ff ff ff 00 00 00 00 00 00 00 00  ................
[   29.614636] 00000130: 00 00 00 00 00 00 00 00 00 00 00 00 00 00 00 00  ................
[   29.614950] 00000140: 00 00 00 00 00 00 00 00 00 00 00 00 00 00 00 00  ................
[   29.615260] 00000150: 00 00 00 00 00 00 00 00                          ........
[   29.615544] XFS (loop5): Internal error xfs_iunlink_remove at line 2343 of file fs/xfs/xfs_inode.c.  Caller xfs_ifree+0xe6/0x9d0
[   29.615995] CPU: 0 PID: 6 Comm: kworker/0:0 Tainted: G      D           5.19.0-rc5-086ff8461718+ #1
[   29.616347] Hardware name: QEMU Standard PC (i440FX + PIIX, 1996), BIOS rel-1.16.0-0-gd239552ce722-prebuilt.qemu.org 04/01/2014
[   29.616784] Workqueue: xfs-inodegc/loop5 xfs_inodegc_worker
[   29.617006] Call Trace:
[   29.617108]  <TASK>
[   29.617198]  dump_stack_lvl+0xa7/0xd7
[   29.617352]  dump_stack+0x19/0x1b
[   29.617492]  xfs_corruption_error+0xd3/0xe0
[   29.617664]  ? xfs_ifree+0xe6/0x9d0
[   29.617812]  xfs_iunlink_remove+0x410/0x420
[   29.617983]  ? xfs_ifree+0xe6/0x9d0
[   29.618131]  ? write_comp_data+0x2f/0x90
[   29.618296]  xfs_ifree+0xe6/0x9d0
[   29.618437]  ? write_comp_data+0x2f/0x90
[   29.618599]  ? xfs_trans_ijoin+0x44/0x70
[   29.618762]  ? __sanitizer_cov_trace_pc+0x25/0x50
[   29.618956]  ? xfs_trans_add_item+0x7e/0x1c0
[   29.619134]  xfs_inactive_ifree+0xf4/0x290
[   29.619304]  xfs_inactive+0x226/0x340
[   29.619459]  xfs_inodegc_worker+0xc0/0x3f0
[   29.619628]  process_one_work+0x3eb/0x9a0
[   29.619797]  worker_thread+0x52/0x650
[   29.619950]  ? process_one_work+0x9a0/0x9a0
[   29.620121]  kthread+0x15d/0x1a0
[   29.620260]  ? kthread_complete_and_exit+0x40/0x40
[   29.620458]  ret_from_fork+0x1f/0x30
[   29.620613]  </TASK>
[   29.620712] XFS (loop5): Corruption detected. Unmount and run xfs_repair
[   29.620972] XFS (loop5): xfs_inactive_ifree: xfs_ifree returned error -117
[   29.621374] XFS (loop5): log I/O error -5
[   29.621835] XFS (loop5): Metadata I/O Error (0x1) detected at xfs_inactive_ifree+0x22e/0x290 (fs/xfs/xfs_inode.c:1612).  Shutting down filesystem.
[   29.622352] XFS (loop5): Please unmount the filesystem and rectify the problem(s)
[   29.630857] XFS (loop5): Quotacheck: Unsuccessful (Error -5): Disabling quotas.
[   29.631186] xfs filesystem being mounted at /root/syzkaller.fXWvUw/1/file0 supports timestamps until 2038 (0x7fffffff)
[   29.632104] XFS (loop5): Unmounting Filesystem
[   29.777062] loop1: detected capacity change from 0 to 65536
[   29.779534] XFS: ikeep mount option is deprecated.
[   29.818920] XFS (loop1): DAX unsupported by block device. Turning off DAX.
[   29.819250] XFS (loop1): Mounting V4 Filesystem
[   29.838932] XFS (loop1): totally zeroed log
[   29.839229] XFS (loop1): Ending clean mount
[   29.839489] XFS (loop1): Quotacheck needed: Please wait.
[   29.846868] 00000000: 58 41 47 49 00 00 00 01 00 00 00 00 00 00 80 00  XAGI............
[   29.847188] 00000010: 00 00 00 40 00 00 00 06 00 00 00 01 00 00 00 37  ...@...........7
[   29.847503] 00000020: 00 00 00 20 ff ff ff ff ff ff ff ff ff ff ff ff  ... ............
[   29.847816] 00000030: ff ff ff ff ff ff ff ff ff ff ff ff ff ff ff ff  ................
[   29.848126] 00000040: ff ff ff ff ff ff ff ff ff ff ff ff ff ff ff ff  ................
[   29.848435] 00000050: ff ff ff ff ff ff ff ff ff ff ff ff ff ff ff ff  ................
[   29.848745] 00000060: ff ff ff ff ff ff ff ff ff ff ff ff ff ff ff ff  ................
[   29.849055] 00000070: ff ff ff ff ff ff ff ff ff ff ff ff ff ff ff ff  ................
[   29.849364] 00000080: ff ff ff ff ff ff ff ff ff ff ff ff ff ff ff ff  ................
[   29.849679] 00000090: ff ff ff ff ff ff ff ff ff ff ff ff ff ff ff ff  ................
[   29.849988] 000000a0: ff ff ff ff ff ff ff ff ff ff ff ff ff ff ff ff  ................
[   29.850298] 000000b0: ff ff ff ff ff ff ff ff ff ff ff ff ff ff ff ff  ................
[   29.850608] 000000c0: ff ff ff ff ff ff ff ff ff ff ff ff ff ff ff ff  ................
[   29.850927] 000000d0: ff ff ff ff ff ff ff ff ff ff ff ff ff ff ff ff  ................
[   29.851236] 000000e0: ff ff ff ff ff ff ff ff ff ff ff ff ff ff ff ff  ................
[   29.851546] 000000f0: ff ff ff ff ff ff ff ff ff ff ff ff ff ff ff ff  ................
[   29.851857] 00000100: ff ff ff ff ff ff ff ff ff ff ff ff ff ff ff ff  ................
[   29.852167] 00000110: ff ff ff ff ff ff ff ff ff ff ff ff ff ff ff ff  ................
[   29.852477] 00000120: ff ff ff ff ff ff ff ff 00 00 00 00 00 00 00 00  ................
[   29.852787] 00000130: 00 00 00 00 00 00 00 00 00 00 00 00 00 00 00 00  ................
[   29.853097] 00000140: 00 00 00 00 00 00 00 00 00 00 00 00 00 00 00 00  ................
[   29.853406] 00000150: 00 00 00 00 00 00 00 00                          ........
[   29.853692] XFS (loop1): Internal error xfs_iunlink_remove at line 2343 of file fs/xfs/xfs_inode.c.  Caller xfs_ifree+0xe6/0x9d0
[   29.854149] CPU: 1 PID: 174 Comm: kworker/1:3 Tainted: G      D           5.19.0-rc5-086ff8461718+ #1
[   29.854507] Hardware name: QEMU Standard PC (i440FX + PIIX, 1996), BIOS rel-1.16.0-0-gd239552ce722-prebuilt.qemu.org 04/01/2014
[   29.854945] Workqueue: xfs-inodegc/loop1 xfs_inodegc_worker
[   29.855168] Call Trace:
[   29.855270]  <TASK>
[   29.855361]  dump_stack_lvl+0xa7/0xd7
[   29.855515]  dump_stack+0x19/0x1b
[   29.855656]  xfs_corruption_error+0xd3/0xe0
[   29.855830]  ? xfs_ifree+0xe6/0x9d0
[   29.855979]  xfs_iunlink_remove+0x410/0x420
[   29.856152]  ? xfs_ifree+0xe6/0x9d0
[   29.856300]  ? write_comp_data+0x2f/0x90
[   29.856466]  xfs_ifree+0xe6/0x9d0
[   29.856607]  ? write_comp_data+0x2f/0x90
[   29.856795]  ? xfs_trans_ijoin+0x44/0x70
[   29.856959]  ? __sanitizer_cov_trace_pc+0x25/0x50
[   29.857152]  ? xfs_trans_add_item+0x7e/0x1c0
[   29.857330]  xfs_inactive_ifree+0xf4/0x290
[   29.857501]  xfs_inactive+0x226/0x340
[   29.857654]  xfs_inodegc_worker+0xc0/0x3f0
[   29.857823]  process_one_work+0x3eb/0x9a0
[   29.857991]  worker_thread+0x52/0x650
[   29.858144]  ? process_one_work+0x9a0/0x9a0
[   29.858315]  kthread+0x15d/0x1a0
[   29.858453]  ? kthread_complete_and_exit+0x40/0x40
[   29.858652]  ret_from_fork+0x1f/0x30
[   29.858808]  </TASK>
[   29.858905] XFS (loop1): Corruption detected. Unmount and run xfs_repair
[   29.859164] XFS (loop1): xfs_inactive_ifree: xfs_ifree returned error -117
[   29.868421] XFS (loop1): log I/O error -5
[   29.868663] general protection fault, probably for non-canonical address 0x4cf94f5ffe98ade8: 0000 [#2] PREEMPT SMP NOPTI
[   29.869082] CPU: 1 PID: 47 Comm: kworker/1:1H Tainted: G      D           5.19.0-rc5-086ff8461718+ #1
[   29.869444] Hardware name: QEMU Standard PC (i440FX + PIIX, 1996), BIOS rel-1.16.0-0-gd239552ce722-prebuilt.qemu.org 04/01/2014
[   29.869883] Workqueue: xfs-log/loop1 xlog_ioend_work
[   29.870086] RIP: 0010:xfs_buf_ioend+0x445/0x1170
[   29.870276] Code: 3a fc ff ff e8 9c 18 89 ff 31 ff 44 89 f6 e8 a2 19 89 ff 45 85 f6 0f 84 5a fd ff ff e8 84 18 89 ff 4c 8b ab 38 01 00 00 31 ff <49> 8b 85 40 01 00 00 4c 8b a0 d0 00 00 00 49 c1 ec 02 41 83 e4 01
[   29.870982] RSP: 0000:ffffc900003a3a80 EFLAGS: 00010246
[   29.871190] RAX: 0000000000000000 RBX: ffff888013dbe000 RCX: ffffffff819f47ef
[   29.871468] RDX: 0000000000000000 RSI: ffff888006972380 RDI: 0000000000000000
[   29.871746] RBP: ffffc900003a3ab0 R08: 0000000000000001 R09: 0000000000000000
[   29.872032] R10: 0000000000000001 R11: 0000000000000000 R12: 00000000fffffffb
[   29.872310] R13: 4cf94f5ffe98aca8 R14: 0000000000000001 R15: 0000000000000001
[   29.872587] FS:  0000000000000000(0000) GS:ffff88807dd00000(0000) knlGS:0000000000000000
[   29.872900] CS:  0010 DS: 0000 ES: 0000 CR0: 0000000080050033
[   29.873127] CR2: 00007f68a4cd4000 CR3: 000000000730e005 CR4: 0000000000770ee0
[   29.873406] PKRU: 55555554
[   29.873518] Call Trace:
[   29.873619]  <TASK>
[   29.873710]  xfs_buf_ioend_fail+0x78/0x1d0
[   29.873879]  xfs_buf_item_unpin+0x2fc/0x4d0
[   29.874053]  ? xfs_buf_item_done+0x60/0x60
[   29.874223]  xfs_trans_committed_bulk+0x25b/0x440
[   29.874415]  ? rcu_read_lock_held_common+0x12/0x50
[   29.874616]  ? rcu_read_lock_held_common+0x12/0x50
[   29.874813]  ? rcu_read_lock_sched_held+0x29/0x80
[   29.875007]  ? lock_release+0x1fe/0x2c0
[   29.875168]  ? _raw_spin_unlock_irqrestore+0x39/0x60
[   29.875370]  ? __wake_up_common_lock+0x8c/0xc0
[   29.875554]  ? trace_hardirqs_on+0x3f/0xe0
[   29.875726]  ? rcu_read_lock_held_common+0x12/0x50
[   29.875936]  ? rcu_read_lock_sched_held+0x29/0x80
[   29.876130]  ? lock_release+0x1fe/0x2c0
[   29.876293]  xlog_cil_committed+0x49f/0x4d0
[   29.876466]  ? rcu_read_lock_held_common+0x12/0x50
[   29.876662]  ? rcu_read_lock_sched_held+0x29/0x80
[   29.876858]  xlog_cil_process_committed+0x7b/0xa0
[   29.877052]  xlog_state_shutdown_callbacks+0xc7/0x150
[   29.877259]  xlog_force_shutdown+0x152/0x230
[   29.877437]  xlog_ioend_work+0x9b/0xa0
[   29.877595]  process_one_work+0x3eb/0x9a0
[   29.877762]  worker_thread+0x52/0x650
[   29.877915]  ? process_one_work+0x9a0/0x9a0
[   29.878086]  kthread+0x15d/0x1a0
[   29.878225]  ? kthread_complete_and_exit+0x40/0x40
[   29.878422]  ret_from_fork+0x1f/0x30
[   29.878578]  </TASK>
[   29.878670] Modules linked in:
[   29.878813] ---[ end trace 0000000000000000 ]---
[   29.879000] RIP: 0010:xfs_buf_ioend+0x445/0x1170
[   29.879191] Code: 3a fc ff ff e8 9c 18 89 ff 31 ff 44 89 f6 e8 a2 19 89 ff 45 85 f6 0f 84 5a fd ff ff e8 84 18 89 ff 4c 8b ab 38 01 00 00 31 ff <49> 8b 85 40 01 00 00 4c 8b a0 d0 00 00 00 49 c1 ec 02 41 83 e4 01
[   29.879898] RSP: 0018:ffffc90000053a80 EFLAGS: 00010246
[   29.880106] RAX: 0000000000000000 RBX: ffff888013dbe500 RCX: ffffffff819f47ef
[   29.880384] RDX: 0000000000000000 RSI: ffff888005f1c700 RDI: 0000000000000000
[   29.880661] RBP: ffffc90000053ab0 R08: 0000000000000000 R09: 0000000000000001
[   29.880939] R10: ffff888005f1d4c0 R11: 0000000000000000 R12: 00000000fffffffb
[   29.881217] R13: b301c7dfed435d28 R14: 0000000000000001 R15: 0000000000000001
[   29.881495] FS:  0000000000000000(0000) GS:ffff88807dd00000(0000) knlGS:0000000000000000
[   29.881809] CS:  0010 DS: 0000 ES: 0000 CR0: 0000000080050033
[   29.882037] CR2: 00007f68a4cd4000 CR3: 000000000730e005 CR4: 0000000000770ee0
[   29.882317] PKRU: 55555554
[   29.925360] loop4: detected capacity change from 0 to 65536
[   29.925723] XFS: ikeep mount option is deprecated.
[   29.936680] loop7: detected capacity change from 0 to 65536
[   29.937023] XFS: ikeep mount option is deprecated.
[   29.941350] loop2: detected capacity change from 0 to 65536
[   29.941678] XFS: ikeep mount option is deprecated.
[   29.941954] XFS (loop4): DAX unsupported by block device. Turning off DAX.
[   29.942276] XFS (loop4): Mounting V4 Filesystem
[   29.942694] XFS (loop4): totally zeroed log
[   29.942995] XFS (loop4): Ending clean mount
[   29.943244] XFS (loop4): Quotacheck needed: Please wait.
[   29.950875] 00000000: 58 41 47 49 00 00 00 01 00 00 00 00 00 00 80 00  XAGI............
[   29.951201] 00000010: 00 00 00 40 00 00 00 06 00 00 00 01 00 00 00 37  ...@...........7
[   29.951516] 00000020: 00 00 00 20 ff ff ff ff ff ff ff ff ff ff ff ff  ... ............
[   29.951829] 00000030: ff ff ff ff ff ff ff ff ff ff ff ff ff ff ff ff  ................
[   29.952138] 00000040: ff ff ff ff ff ff ff ff ff ff ff ff ff ff ff ff  ................
[   29.952447] 00000050: ff ff ff ff ff ff ff ff ff ff ff ff ff ff ff ff  ................
[   29.952757] 00000060: ff ff ff ff ff ff ff ff ff ff ff ff ff ff ff ff  ................
[   29.953066] 00000070: ff ff ff ff ff ff ff ff ff ff ff ff ff ff ff ff  ................
[   29.953375] 00000080: ff ff ff ff ff ff ff ff ff ff ff ff ff ff ff ff  ................
[   29.953684] 00000090: ff ff ff ff ff ff ff ff ff ff ff ff ff ff ff ff  ................
[   29.953993] 000000a0: ff ff ff ff ff ff ff ff ff ff ff ff ff ff ff ff  ................
[   29.954302] 000000b0: ff ff ff ff ff ff ff ff ff ff ff ff ff ff ff ff  ................
[   29.954611] 000000c0: ff ff ff ff ff ff ff ff ff ff ff ff ff ff ff ff  ................
[   29.954953] 000000d0: ff ff ff ff ff ff ff ff ff ff ff ff ff ff ff ff  ................
[   29.955263] 000000e0: ff ff ff ff ff ff ff ff ff ff ff ff ff ff ff ff  ................
[   29.955573] 000000f0: ff ff ff ff ff ff ff ff ff ff ff ff ff ff ff ff  ................
[   29.955888] 00000100: ff ff ff ff ff ff ff ff ff ff ff ff ff ff ff ff  ................
[   29.956197] 00000110: ff ff ff ff ff ff ff ff ff ff ff ff ff ff ff ff  ................
[   29.956506] 00000120: ff ff ff ff ff ff ff ff 00 00 00 00 00 00 00 00  ................
[   29.956816] 00000130: 00 00 00 00 00 00 00 00 00 00 00 00 00 00 00 00  ................
[   29.957125] 00000140: 00 00 00 00 00 00 00 00 00 00 00 00 00 00 00 00  ................
[   29.957435] 00000150: 00 00 00 00 00 00 00 00                          ........
[   29.957719] XFS (loop4): Internal error xfs_iunlink_remove at line 2343 of file fs/xfs/xfs_inode.c.  Caller xfs_ifree+0xe6/0x9d0
[   29.958169] CPU: 1 PID: 483 Comm: kworker/1:5 Tainted: G      D           5.19.0-rc5-086ff8461718+ #1
[   29.958530] Hardware name: QEMU Standard PC (i440FX + PIIX, 1996), BIOS rel-1.16.0-0-gd239552ce722-prebuilt.qemu.org 04/01/2014
[   29.958967] Workqueue: xfs-inodegc/loop4 xfs_inodegc_worker
[   29.959189] Call Trace:
[   29.959291]  <TASK>
[   29.959382]  dump_stack_lvl+0xa7/0xd7
[   29.959536]  dump_stack+0x19/0x1b
[   29.959675]  xfs_corruption_error+0xd3/0xe0
[   29.959849]  ? xfs_ifree+0xe6/0x9d0
[   29.959997]  xfs_iunlink_remove+0x410/0x420
[   29.960170]  ? xfs_ifree+0xe6/0x9d0
[   29.960318]  ? write_comp_data+0x2f/0x90
[   29.960483]  xfs_ifree+0xe6/0x9d0
[   29.960624]  ? write_comp_data+0x2f/0x90
[   29.960788]  ? xfs_trans_ijoin+0x44/0x70
[   29.960951]  ? __sanitizer_cov_trace_pc+0x25/0x50
[   29.961145]  ? xfs_trans_add_item+0x7e/0x1c0
[   29.961323]  xfs_inactive_ifree+0xf4/0x290
[   29.961493]  xfs_inactive+0x226/0x340
[   29.961647]  xfs_inodegc_worker+0xc0/0x3f0
[   29.961816]  process_one_work+0x3eb/0x9a0
[   29.961984]  worker_thread+0x52/0x650
[   29.962137]  ? process_one_work+0x9a0/0x9a0
[   29.962308]  kthread+0x15d/0x1a0
[   29.962446]  ? kthread_complete_and_exit+0x40/0x40
[   29.962644]  ret_from_fork+0x1f/0x30
[   29.962799]  </TASK>
[   29.962897] XFS (loop4): Corruption detected. Unmount and run xfs_repair
[   29.963158] XFS (loop4): xfs_inactive_ifree: xfs_ifree returned error -117
[   29.965269] loop6: detected capacity change from 0 to 65536
[   29.965624] XFS: ikeep mount option is deprecated.
[   29.966190] XFS (loop6): DAX unsupported by block device. Turning off DAX.
[   29.966518] XFS (loop6): Mounting V4 Filesystem
[   29.966999] XFS (loop6): totally zeroed log
[   29.967293] XFS (loop6): Ending clean mount
[   29.967547] XFS (loop6): Quotacheck needed: Please wait.
[   29.968303] loop5: detected capacity change from 0 to 65536
[   29.968637] XFS: ikeep mount option is deprecated.
[   29.968985] XFS (loop2): DAX unsupported by block device. Turning off DAX.
[   29.969302] XFS (loop7): DAX unsupported by block device. Turning off DAX.
[   29.969657] XFS (loop2): Mounting V4 Filesystem
[   29.969998] XFS (loop7): Mounting V4 Filesystem
[   29.970428] XFS (loop2): totally zeroed log
[   29.970429] XFS (loop7): totally zeroed log
[   29.970541] XFS (loop7): Ending clean mount
[   29.971052] XFS (loop7): Quotacheck needed: Please wait.
[   29.971990] XFS (loop2): Ending clean mount
[   29.972403] XFS (loop5): DAX unsupported by block device. Turning off DAX.
[   29.972408] XFS (loop2): Quotacheck needed: Please wait.
[   29.973578] XFS (loop5): Mounting V4 Filesystem
[   29.974132] XFS (loop5): totally zeroed log
[   29.974402] XFS (loop5): Ending clean mount
[   29.974644] XFS (loop5): Quotacheck needed: Please wait.
[   29.974961] 00000000: 58 41 47 49 00 00 00 01 00 00 00 00 00 00 80 00  XAGI............
[   29.975274] 00000010: 00 00 00 40 00 00 00 06 00 00 00 01 00 00 00 37  ...@...........7
[   29.975584] 00000020: 00 00 00 20 ff ff ff ff ff ff ff ff ff ff ff ff  ... ............
[   29.975897] 00000030: ff ff ff ff ff ff ff ff ff ff ff ff ff ff ff ff  ................
[   29.976207] 00000040: ff ff ff ff ff ff ff ff ff ff ff ff ff ff ff ff  ................
[   29.976517] 00000050: ff ff ff ff ff ff ff ff ff ff ff ff ff ff ff ff  ................
[   29.976826] 00000060: ff ff ff ff ff ff ff ff ff ff ff ff ff ff ff ff  ................
[   29.977135] 00000070: ff ff ff ff ff ff ff ff ff ff ff ff ff ff ff ff  ................
[   29.977443] 00000080: ff ff ff ff ff ff ff ff ff ff ff ff ff ff ff ff  ................
[   29.977752] 00000090: ff ff ff ff ff ff ff ff ff ff ff ff ff ff ff ff  ................
[   29.978061] 000000a0: ff ff ff ff ff ff ff ff ff ff ff ff ff ff ff ff  ................
[   29.978371] 000000b0: ff ff ff ff ff ff ff ff ff ff ff ff ff ff ff ff  ................
[   29.978680] 000000c0: ff ff ff ff ff ff ff ff ff ff ff ff ff ff ff ff  ................
[   29.978902] 00000000: 58 41 47 49 00 00 00 01 00 00 00 00 00 00 80 00  XAGI............
[   29.978998] 000000d0: ff ff ff ff ff ff ff ff ff ff ff ff ff ff ff ff  ................
[   29.979312] 00000010: 00 00 00 40 00 00 00 06 00 00 00 01 00 00 00 37  ...@...........7
[   29.979615] 000000e0: ff ff ff ff ff ff ff ff ff ff ff ff ff ff ff ff  ................
[   29.979920] 00000020: 00 00 00 20 ff ff ff ff ff ff ff ff ff ff ff ff  ... ............
[   29.980223] 000000f0: ff ff ff ff ff ff ff ff ff ff ff ff ff ff ff ff  ................
[   29.980525] 00000030: ff ff ff ff ff ff ff ff ff ff ff ff ff ff ff ff  ................
[   29.980828] 00000100: ff ff ff ff ff ff ff ff ff ff ff ff ff ff ff ff  ................
[   29.981129] 00000040: ff ff ff ff ff ff ff ff ff ff ff ff ff ff ff ff  ................
[   29.981432] 00000110: ff ff ff ff ff ff ff ff ff ff ff ff ff ff ff ff  ................
[   29.981734] 00000050: ff ff ff ff ff ff ff ff ff ff ff ff ff ff ff ff  ................
[   29.982037] 00000120: ff ff ff ff ff ff ff ff 00 00 00 00 00 00 00 00  ................
[   29.982338] 00000060: ff ff ff ff ff ff ff ff ff ff ff ff ff ff ff ff  ................
[   29.982641] 00000130: 00 00 00 00 00 00 00 00 00 00 00 00 00 00 00 00  ................
[   29.982949] 00000070: ff ff ff ff ff ff ff ff ff ff ff ff ff ff ff ff  ................
[   29.983250] 00000140: 00 00 00 00 00 00 00 00 00 00 00 00 00 00 00 00  ................
[   29.983552] 00000080: ff ff ff ff ff ff ff ff ff ff ff ff ff ff ff ff  ................
[   29.983856] 00000150: 00 00 00 00 00 00 00 00                          ........
[   29.984157] 00000090: ff ff ff ff ff ff ff ff ff ff ff ff ff ff ff ff  ................
[   29.984434] XFS (loop6): Internal error xfs_iunlink_remove at line 2343 of file fs/xfs/xfs_inode.c.  Caller xfs_ifree+0xe6/0x9d0
[   29.984736] 000000a0: ff ff ff ff ff ff ff ff ff ff ff ff ff ff ff ff  ................
[   29.985170] CPU: 1 PID: 656 Comm: kworker/1:6 Tainted: G      D           5.19.0-rc5-086ff8461718+ #1
[   29.985471] 000000b0: ff ff ff ff ff ff ff ff ff ff ff ff ff ff ff ff  ................
[   29.985818] Hardware name: QEMU Standard PC (i440FX + PIIX, 1996), BIOS rel-1.16.0-0-gd239552ce722-prebuilt.qemu.org 04/01/2014
[   29.986120] 000000c0: ff ff ff ff ff ff ff ff ff ff ff ff ff ff ff ff  ................
[   29.986551] Workqueue: xfs-inodegc/loop6 xfs_inodegc_worker
[   29.986856] 000000d0: ff ff ff ff ff ff ff ff ff ff ff ff ff ff ff ff  ................
[   29.987068] Call Trace:
[   29.987370] 000000e0: ff ff ff ff ff ff ff ff ff ff ff ff ff ff ff ff  ................
[   29.987469]  <TASK>
[   29.987770] 000000f0: ff ff ff ff ff ff ff ff ff ff ff ff ff ff ff ff  ................
[   29.987859]  dump_stack_lvl+0xa7/0xd7
[   29.988159] 00000100: ff ff ff ff ff ff ff ff ff ff ff ff ff ff ff ff  ................
[   29.988304]  dump_stack+0x19/0x1b
[   29.988604] 00000110: ff ff ff ff ff ff ff ff ff ff ff ff ff ff ff ff  ................
[   29.988735]  xfs_corruption_error+0xd3/0xe0
[   29.989037] 00000120: ff ff ff ff ff ff ff ff 00 00 00 00 00 00 00 00  ................
[   29.989199]  ? xfs_ifree+0xe6/0x9d0
[   29.989501] 00000130: 00 00 00 00 00 00 00 00 00 00 00 00 00 00 00 00  ................
[   29.989640]  xfs_iunlink_remove+0x410/0x420
[   29.989940] 00000140: 00 00 00 00 00 00 00 00 00 00 00 00 00 00 00 00  ................
[   29.990102]  ? xfs_ifree+0xe6/0x9d0
[   29.990404] 00000150: 00 00 00 00 00 00 00 00                          ........
[   29.990542]  ? write_comp_data+0x2f/0x90
[   29.990818] XFS (loop2): Internal error xfs_iunlink_remove at line 2343 of file fs/xfs/xfs_inode.c.  Caller xfs_ifree+0xe6/0x9d0
[   29.990973]  xfs_ifree+0xe6/0x9d0
[   29.991540]  ? write_comp_data+0x2f/0x90
[   29.991703]  ? xfs_trans_ijoin+0x44/0x70
[   29.991868]  ? __sanitizer_cov_trace_pc+0x25/0x50
[   29.992061]  ? xfs_trans_add_item+0x7e/0x1c0
[   29.992239]  xfs_inactive_ifree+0xf4/0x290
[   29.992409]  xfs_inactive+0x226/0x340
[   29.992563]  xfs_inodegc_worker+0xc0/0x3f0
[   29.992731]  process_one_work+0x3eb/0x9a0
[   29.992899]  worker_thread+0x52/0x650
[   29.993051]  ? process_one_work+0x9a0/0x9a0
[   29.993222]  kthread+0x15d/0x1a0
[   29.993361]  ? kthread_complete_and_exit+0x40/0x40
[   29.993558]  ret_from_fork+0x1f/0x30
[   29.993713]  </TASK>
[   29.993806] CPU: 0 PID: 659 Comm: kworker/0:6 Tainted: G      D           5.19.0-rc5-086ff8461718+ #1
[   29.993809] XFS (loop6): Corruption detected. Unmount and run xfs_repair
[   29.993815] XFS (loop6): xfs_inactive_ifree: xfs_ifree returned error -117
[   29.994185] Hardware name: QEMU Standard PC (i440FX + PIIX, 1996), BIOS rel-1.16.0-0-gd239552ce722-prebuilt.qemu.org 04/01/2014
[   29.995130] Workqueue: xfs-inodegc/loop2 xfs_inodegc_worker
[   29.995350] Call Trace:
[   29.995451]  <TASK>
[   29.995542]  dump_stack_lvl+0xa7/0xd7
[   29.995694]  dump_stack+0x19/0x1b
[   29.995835]  xfs_corruption_error+0xd3/0xe0
[   29.996005]  ? xfs_ifree+0xe6/0x9d0
[   29.996153]  xfs_iunlink_remove+0x410/0x420
[   29.996324]  ? xfs_ifree+0xe6/0x9d0
[   29.996471]  ? write_comp_data+0x2f/0x90
[   29.996635]  xfs_ifree+0xe6/0x9d0
[   29.996777]  ? write_comp_data+0x2f/0x90
[   29.996940]  ? xfs_trans_ijoin+0x44/0x70
[   29.997102]  ? __sanitizer_cov_trace_pc+0x25/0x50
[   29.997133] 00000000: 58 41 47 49 00 00 00 01 00 00 00 00 00 00 80 00  XAGI............
[   29.997294]  ? xfs_trans_add_item+0x7e/0x1c0
[   29.997607] 00000010: 00 00 00 40 00 00 00 06 00 00 00 01 00 00 00 37  ...@...........7
[   29.997774]  xfs_inactive_ifree+0xf4/0x290
[   29.998076] 00000020: 00 00 00 20 ff ff ff ff ff ff ff ff ff ff ff ff  ... ............
[   29.998235]  xfs_inactive+0x226/0x340
[   29.998545] 00000030: ff ff ff ff ff ff ff ff ff ff ff ff ff ff ff ff  ................
[   29.998688]  xfs_inodegc_worker+0xc0/0x3f0
[   29.998997] 00000040: ff ff ff ff ff ff ff ff ff ff ff ff ff ff ff ff  ................
[   29.999151]  process_one_work+0x3eb/0x9a0
[   29.999453] 00000050: ff ff ff ff ff ff ff ff ff ff ff ff ff ff ff ff  ................
[   29.999611]  worker_thread+0x52/0x650
[   29.999914] 00000060: ff ff ff ff ff ff ff ff ff ff ff ff ff ff ff ff  ................
[   30.000057]  ? process_one_work+0x9a0/0x9a0
[   30.000360] 00000070: ff ff ff ff ff ff ff ff ff ff ff ff ff ff ff ff  ................
[   30.000522]  kthread+0x15d/0x1a0
[   30.000825] 00000080: ff ff ff ff ff ff ff ff ff ff ff ff ff ff ff ff  ................
[   30.000953]  ? kthread_complete_and_exit+0x40/0x40
[   30.001257] 00000090: ff ff ff ff ff ff ff ff ff ff ff ff ff ff ff ff  ................
[   30.001443]  ret_from_fork+0x1f/0x30
[   30.001746] 000000a0: ff ff ff ff ff ff ff ff ff ff ff ff ff ff ff ff  ................
[   30.001890]  </TASK>
[   30.002189] 000000b0: ff ff ff ff ff ff ff ff ff ff ff ff ff ff ff ff  ................
[   30.002301] XFS (loop2): Corruption detected. Unmount and run xfs_repair
[   30.002582] 000000c0: ff ff ff ff ff ff ff ff ff ff ff ff ff ff ff ff  ................
[   30.002837] XFS (loop2): xfs_inactive_ifree: xfs_ifree returned error -117
[   30.003148] 000000d0: ff ff ff ff ff ff ff ff ff ff ff ff ff ff ff ff  ................
[   30.003707] 000000e0: ff ff ff ff ff ff ff ff ff ff ff ff ff ff ff ff  ................
[   30.004018] 000000f0: ff ff ff ff ff ff ff ff ff ff ff ff ff ff ff ff  ................
[   30.004328] 00000100: ff ff ff ff ff ff ff ff ff ff ff ff ff ff ff ff  ................
[   30.004638] 00000110: ff ff ff ff ff ff ff ff ff ff ff ff ff ff ff ff  ................
[   30.004948] 00000120: ff ff ff ff ff ff ff ff 00 00 00 00 00 00 00 00  ................
[   30.005257] 00000130: 00 00 00 00 00 00 00 00 00 00 00 00 00 00 00 00  ................
[   30.005567] 00000140: 00 00 00 00 00 00 00 00 00 00 00 00 00 00 00 00  ................
[   30.005877] 00000150: 00 00 00 00 00 00 00 00                          ........
[   30.006161] XFS (loop7): Internal error xfs_iunlink_remove at line 2343 of file fs/xfs/xfs_inode.c.  Caller xfs_ifree+0xe6/0x9d0
[   30.006610] CPU: 1 PID: 65 Comm: kworker/1:2 Tainted: G      D           5.19.0-rc5-086ff8461718+ #1
[   30.006966] Hardware name: QEMU Standard PC (i440FX + PIIX, 1996), BIOS rel-1.16.0-0-gd239552ce722-prebuilt.qemu.org 04/01/2014
[   30.007404] Workqueue: xfs-inodegc/loop7 xfs_inodegc_worker
[   30.007625] Call Trace:
[   30.007727]  <TASK>
[   30.007819]  dump_stack_lvl+0xa7/0xd7
[   30.007972]  dump_stack+0x19/0x1b
[   30.008114]  xfs_corruption_error+0xd3/0xe0
[   30.008286]  ? xfs_ifree+0xe6/0x9d0
[   30.008434]  xfs_iunlink_remove+0x410/0x420
[   30.008606]  ? xfs_ifree+0xe6/0x9d0
[   30.008754]  ? write_comp_data+0x2f/0x90
[   30.008920]  xfs_ifree+0xe6/0x9d0
[   30.009061]  ? write_comp_data+0x2f/0x90
[   30.009225]  ? xfs_trans_ijoin+0x44/0x70
[   30.009388]  ? __sanitizer_cov_trace_pc+0x25/0x50
[   30.009582]  ? xfs_trans_add_item+0x7e/0x1c0
[   30.009760]  xfs_inactive_ifree+0xf4/0x290
[   30.009931]  xfs_inactive+0x226/0x340
[   30.010085]  xfs_inodegc_worker+0xc0/0x3f0
[   30.010254]  process_one_work+0x3eb/0x9a0
[   30.010422]  worker_thread+0x52/0x650
[   30.010574]  ? process_one_work+0x9a0/0x9a0
[   30.010746]  kthread+0x15d/0x1a0
[   30.010884]  ? kthread_complete_and_exit+0x40/0x40
[   30.011082]  ret_from_fork+0x1f/0x30
[   30.011237]  </TASK>
[   30.011347] XFS (loop7): Corruption detected. Unmount and run xfs_repair
[   30.011608] XFS (loop7): xfs_inactive_ifree: xfs_ifree returned error -117
[   30.018872] 00000000: 58 41 47 49 00 00 00 01 00 00 00 00 00 00 80 00  XAGI............
[   30.019195] 00000010: 00 00 00 40 00 00 00 06 00 00 00 01 00 00 00 37  ...@...........7
[   30.019504] 00000020: 00 00 00 20 ff ff ff ff ff ff ff ff ff ff ff ff  ... ............
[   30.019822] 00000030: ff ff ff ff ff ff ff ff ff ff ff ff ff ff ff ff  ................
[   30.020131] 00000040: ff ff ff ff ff ff ff ff ff ff ff ff ff ff ff ff  ................
[   30.020439] 00000050: ff ff ff ff ff ff ff ff ff ff ff ff ff ff ff ff  ................
[   30.020748] 00000060: ff ff ff ff ff ff ff ff ff ff ff ff ff ff ff ff  ................
[   30.021057] 00000070: ff ff ff ff ff ff ff ff ff ff ff ff ff ff ff ff  ................
[   30.021368] 00000080: ff ff ff ff ff ff ff ff ff ff ff ff ff ff ff ff  ................
[   30.021676] 00000090: ff ff ff ff ff ff ff ff ff ff ff ff ff ff ff ff  ................
[   30.021985] 000000a0: ff ff ff ff ff ff ff ff ff ff ff ff ff ff ff ff  ................
[   30.022293] 000000b0: ff ff ff ff ff ff ff ff ff ff ff ff ff ff ff ff  ................
[   30.022602] 000000c0: ff ff ff ff ff ff ff ff ff ff ff ff ff ff ff ff  ................
[   30.022917] 000000d0: ff ff ff ff ff ff ff ff ff ff ff ff ff ff ff ff  ................
[   30.023226] 000000e0: ff ff ff ff ff ff ff ff ff ff ff ff ff ff ff ff  ................
[   30.023537] 000000f0: ff ff ff ff ff ff ff ff ff ff ff ff ff ff ff ff  ................
[   30.023853] 00000100: ff ff ff ff ff ff ff ff ff ff ff ff ff ff ff ff  ................
[   30.024162] 00000110: ff ff ff ff ff ff ff ff ff ff ff ff ff ff ff ff  ................
[   30.024471] 00000120: ff ff ff ff ff ff ff ff 00 00 00 00 00 00 00 00  ................
[   30.024780] 00000130: 00 00 00 00 00 00 00 00 00 00 00 00 00 00 00 00  ................
[   30.025089] 00000140: 00 00 00 00 00 00 00 00 00 00 00 00 00 00 00 00  ................
[   30.025399] 00000150: 00 00 00 00 00 00 00 00                          ........
[   30.025684] XFS (loop5): Internal error xfs_iunlink_remove at line 2343 of file fs/xfs/xfs_inode.c.  Caller xfs_ifree+0xe6/0x9d0
[   30.026135] CPU: 1 PID: 445 Comm: kworker/1:4 Tainted: G      D           5.19.0-rc5-086ff8461718+ #1
[   30.026493] Hardware name: QEMU Standard PC (i440FX + PIIX, 1996), BIOS rel-1.16.0-0-gd239552ce722-prebuilt.qemu.org 04/01/2014
[   30.026935] Workqueue: xfs-inodegc/loop5 xfs_inodegc_worker
[   30.027157] Call Trace:
[   30.027259]  <TASK>
[   30.027349]  dump_stack_lvl+0xa7/0xd7
[   30.027503]  dump_stack+0x19/0x1b
[   30.027643]  xfs_corruption_error+0xd3/0xe0
[   30.027817]  ? xfs_ifree+0xe6/0x9d0
[   30.027965]  xfs_iunlink_remove+0x410/0x420
[   30.028138]  ? xfs_ifree+0xe6/0x9d0
[   30.028286]  ? write_comp_data+0x2f/0x90
[   30.028451]  xfs_ifree+0xe6/0x9d0
[   30.028593]  ? write_comp_data+0x2f/0x90
[   30.028756]  ? xfs_trans_ijoin+0x44/0x70
[   30.028920]  ? __sanitizer_cov_trace_pc+0x25/0x50
[   30.029114]  ? xfs_trans_add_item+0x7e/0x1c0
[   30.029293]  xfs_inactive_ifree+0xf4/0x290
[   30.029464]  xfs_inactive+0x226/0x340
[   30.029618]  xfs_inodegc_worker+0xc0/0x3f0
[   30.029787]  process_one_work+0x3eb/0x9a0
[   30.029955]  worker_thread+0x52/0x650
[   30.030108]  ? process_one_work+0x9a0/0x9a0
[   30.030279]  kthread+0x15d/0x1a0
[   30.030418]  ? kthread_complete_and_exit+0x40/0x40
[   30.030615]  ret_from_fork+0x1f/0x30
[   30.030771]  </TASK>
[   30.030871] XFS (loop5): Corruption detected. Unmount and run xfs_repair
[   30.031131] XFS (loop5): xfs_inactive_ifree: xfs_ifree returned error -117
