c[?7l[2J[0mSeaBIOS (version rel-1.16.0-0-gd239552ce722-prebuilt.qemu.org)


iPXE (http://ipxe.org) 00:03.0 CA00 PCI2.10 PnP PMM+7FF91000+7FEF1000 CA00
Press Ctrl-B to configure iPXE (PCI 00:03.0)...                                                                               


Booting from ROM..c[?7l[2J[    0.000000] Linux version 5.19.0-rc6-097da1a44d1a+ (root@p-adls01) (gcc (GCC) 8.5.0 20210514 (Red Hat 8.5.0-18), GNU ld version 2.36.1-2.el8) #1 SMP PREEMPT_DYNAMIC Wed Feb 22 17:52:57 CST 2023
[    0.000000] Command line: console=ttyS0 root=/dev/sda earlyprintk=serial net.ifnames=0
[    0.000000] KERNEL supported cpus:
[    0.000000]   Intel GenuineIntel
[    0.000000]   AMD AuthenticAMD
[    0.000000]   Hygon HygonGenuine
[    0.000000]   Centaur CentaurHauls
[    0.000000]   zhaoxin   Shanghai  
[    0.000000] x86/fpu: Supporting XSAVE feature 0x001: 'x87 floating point registers'
[    0.000000] x86/fpu: Supporting XSAVE feature 0x002: 'SSE registers'
[    0.000000] x86/fpu: Supporting XSAVE feature 0x004: 'AVX registers'
[    0.000000] x86/fpu: Supporting XSAVE feature 0x200: 'Protection Keys User registers'
[    0.000000] x86/fpu: xstate_offset[2]:  576, xstate_sizes[2]:  256
[    0.000000] x86/fpu: xstate_offset[9]:  832, xstate_sizes[9]:    8
[    0.000000] x86/fpu: Enabled xstate features 0x207, context size is 840 bytes, using 'compacted' format.
[    0.000000] signal: max sigframe size: 3632
[    0.000000] BIOS-provided physical RAM map:
[    0.000000] BIOS-e820: [mem 0x0000000000000000-0x000000000009fbff] usable
[    0.000000] BIOS-e820: [mem 0x000000000009fc00-0x000000000009ffff] reserved
[    0.000000] BIOS-e820: [mem 0x00000000000f0000-0x00000000000fffff] reserved
[    0.000000] BIOS-e820: [mem 0x0000000000100000-0x000000007ffdffff] usable
[    0.000000] BIOS-e820: [mem 0x000000007ffe0000-0x000000007fffffff] reserved
[    0.000000] BIOS-e820: [mem 0x00000000feffc000-0x00000000feffffff] reserved
[    0.000000] BIOS-e820: [mem 0x00000000fffc0000-0x00000000ffffffff] reserved
[    0.000000] printk: bootconsole [earlyser0] enabled
[    0.000000] NX (Execute Disable) protection: active
[    0.000000] SMBIOS 2.8 present.
[    0.000000] DMI: QEMU Standard PC (i440FX + PIIX, 1996), BIOS rel-1.16.0-0-gd239552ce722-prebuilt.qemu.org 04/01/2014
[    0.000000] Hypervisor detected: KVM
[    0.000000] kvm-clock: Using msrs 4b564d01 and 4b564d00
[    0.000003] kvm-clock: using sched offset of 315336797 cycles
[    0.000305] clocksource: kvm-clock: mask: 0xffffffffffffffff max_cycles: 0x1cd42e4dffb, max_idle_ns: 881590591483 ns
[    0.001249] tsc: Detected 3609.600 MHz processor
[    0.007565] last_pfn = 0x7ffe0 max_arch_pfn = 0x400000000
[    0.007954] x86/PAT: Configuration [0-7]: WB  WC  UC- UC  WB  WP  UC- WT  
[    0.015633] found SMP MP-table at [mem 0x000f5ba0-0x000f5baf]
[    0.016086] Using GB pages for direct mapping
[    0.017398] ACPI: Early table checksum verification disabled
[    0.017777] ACPI: RSDP 0x00000000000F59C0 000014 (v00 BOCHS )
[    0.018159] ACPI: RSDT 0x000000007FFE1951 000034 (v01 BOCHS  BXPC     00000001 BXPC 00000001)
[    0.018670] ACPI: FACP 0x000000007FFE17FD 000074 (v01 BOCHS  BXPC     00000001 BXPC 00000001)
[    0.019176] ACPI: DSDT 0x000000007FFE0040 0017BD (v01 BOCHS  BXPC     00000001 BXPC 00000001)
[    0.019676] ACPI: FACS 0x000000007FFE0000 000040
[    0.019953] ACPI: APIC 0x000000007FFE1871 000080 (v01 BOCHS  BXPC     00000001 BXPC 00000001)
[    0.020454] ACPI: HPET 0x000000007FFE18F1 000038 (v01 BOCHS  BXPC     00000001 BXPC 00000001)
[    0.020954] ACPI: WAET 0x000000007FFE1929 000028 (v01 BOCHS  BXPC     00000001 BXPC 00000001)
[    0.021452] ACPI: Reserving FACP table memory at [mem 0x7ffe17fd-0x7ffe1870]
[    0.021857] ACPI: Reserving DSDT table memory at [mem 0x7ffe0040-0x7ffe17fc]
[    0.022272] ACPI: Reserving FACS table memory at [mem 0x7ffe0000-0x7ffe003f]
[    0.022676] ACPI: Reserving APIC table memory at [mem 0x7ffe1871-0x7ffe18f0]
[    0.023079] ACPI: Reserving HPET table memory at [mem 0x7ffe18f1-0x7ffe1928]
[    0.023482] ACPI: Reserving WAET table memory at [mem 0x7ffe1929-0x7ffe1950]
[    0.024420] No NUMA configuration found
[    0.024642] Faking a node at [mem 0x0000000000000000-0x000000007ffdffff]
[    0.025078] NODE_DATA(0) allocated [mem 0x7ffb5000-0x7ffdffff]
[    0.028536] Zone ranges:
[    0.028718]   DMA      [mem 0x0000000000001000-0x0000000000ffffff]
[    0.029086]   DMA32    [mem 0x0000000001000000-0x000000007ffdffff]
[    0.029442]   Normal   empty
[    0.029611]   Device   empty
[    0.029780] Movable zone start for each node
[    0.030036] Early memory node ranges
[    0.030244]   node   0: [mem 0x0000000000001000-0x000000000009efff]
[    0.030603]   node   0: [mem 0x0000000000100000-0x000000007ffdffff]
[    0.030964] Initmem setup node 0 [mem 0x0000000000001000-0x000000007ffdffff]
[    0.031647] On node 0, zone DMA: 1 pages in unavailable ranges
[    0.031747] On node 0, zone DMA: 97 pages in unavailable ranges
[    0.047338] On node 0, zone DMA32: 32 pages in unavailable ranges
[    0.047908] ACPI: PM-Timer IO Port: 0x608
[    0.048498] ACPI: LAPIC_NMI (acpi_id[0xff] dfl dfl lint[0x1])
[    0.048873] IOAPIC[0]: apic_id 0, version 17, address 0xfec00000, GSI 0-23
[    0.049280] ACPI: INT_SRC_OVR (bus 0 bus_irq 0 global_irq 2 dfl dfl)
[    0.049639] ACPI: INT_SRC_OVR (bus 0 bus_irq 5 global_irq 5 high level)
[    0.050025] ACPI: INT_SRC_OVR (bus 0 bus_irq 9 global_irq 9 high level)
[    0.050404] ACPI: INT_SRC_OVR (bus 0 bus_irq 10 global_irq 10 high level)
[    0.050787] ACPI: INT_SRC_OVR (bus 0 bus_irq 11 global_irq 11 high level)
[    0.051183] ACPI: Using ACPI (MADT) for SMP configuration information
[    0.051546] ACPI: HPET id: 0x8086a201 base: 0xfed00000
[    0.051856] TSC deadline timer available
[    0.052087] smpboot: Allowing 2 CPUs, 0 hotplug CPUs
[    0.052434] kvm-guest: KVM setup pv remote TLB flush
[    0.052725] kvm-guest: setup PV sched yield
[    0.053026] PM: hibernation: Registered nosave memory: [mem 0x00000000-0x00000fff]
[    0.053465] PM: hibernation: Registered nosave memory: [mem 0x0009f000-0x0009ffff]
[    0.053917] PM: hibernation: Registered nosave memory: [mem 0x000a0000-0x000effff]
[    0.054352] PM: hibernation: Registered nosave memory: [mem 0x000f0000-0x000fffff]
[    0.054791] [mem 0x80000000-0xfeffbfff] available for PCI devices
[    0.055141] Booting paravirtualized kernel on KVM
[    0.055431] clocksource: refined-jiffies: mask: 0xffffffff max_cycles: 0xffffffff, max_idle_ns: 7645519600211568 ns
[    0.056047] setup_percpu: NR_CPUS:8192 nr_cpumask_bits:2 nr_cpu_ids:2 nr_node_ids:1
[    0.058280] percpu: Embedded 64 pages/cpu s225280 r8192 d28672 u1048576
[    0.058858] kvm-guest: PV spinlocks enabled
[    0.059112] PV qspinlock hash table entries: 256 (order: 0, 4096 bytes, linear)
[    0.059561] Fallback order for Node 0: 0 
[    0.059812] Built 1 zonelists, mobility grouping on.  Total pages: 515808
[    0.060208] Policy zone: DMA32
[    0.060390] Kernel command line: net.ifnames=0 console=ttyS0 root=/dev/sda earlyprintk=serial net.ifnames=0
[    0.062028] Dentry cache hash table entries: 262144 (order: 9, 2097152 bytes, linear)
[    0.062899] Inode-cache hash table entries: 131072 (order: 8, 1048576 bytes, linear)
[    0.063452] mem auto-init: stack:off, heap alloc:off, heap free:off
[    0.066561] Memory: 1985384K/2096632K available (32784K kernel code, 4463K rwdata, 8056K rodata, 3640K init, 22388K bss, 110992K reserved, 0K cma-reserved)
[    0.068279] SLUB: HWalign=64, Order=0-3, MinObjects=0, CPUs=2, Nodes=1
[    0.068649] kmemleak: Kernel memory leak detector disabled
[    0.068988] ftrace: allocating 66273 entries in 259 pages
[    0.088209] ftrace: allocated 259 pages with 3 groups
[    0.090847] Dynamic Preempt: voluntary
[    0.091227] Running RCU self tests
[    0.091417] rcu: Preemptible hierarchical RCU implementation.
[    0.091726] rcu: 	RCU lockdep checking is enabled.
[    0.091983] rcu: 	RCU restricting CPUs from NR_CPUS=8192 to nr_cpu_ids=2.
[    0.092349] 	Trampoline variant of Tasks RCU enabled.
[    0.092620] 	Rude variant of Tasks RCU enabled.
[    0.092864] 	Tracing variant of Tasks RCU enabled.
[    0.093122] rcu: RCU calculated value of scheduler-enlistment delay is 25 jiffies.
[    0.093528] rcu: Adjusting geometry for rcu_fanout_leaf=16, nr_cpu_ids=2
[    0.114640] NR_IRQS: 524544, nr_irqs: 440, preallocated irqs: 16
[    0.115242] rcu: srcu_init: Setting srcu_struct sizes based on contention.
[    0.120787] Console: colour VGA+ 80x25
[    0.121031] printk: console [ttyS0] enabled
[    0.121031] printk: console [ttyS0] enabled
[    0.121495] printk: bootconsole [earlyser0] disabled
[    0.121495] printk: bootconsole [earlyser0] disabled
[    0.122046] Lock dependency validator: Copyright (c) 2006 Red Hat, Inc., Ingo Molnar
[    0.122479] ... MAX_LOCKDEP_SUBCLASSES:  8
[    0.122711] ... MAX_LOCK_DEPTH:          48
[    0.122947] ... MAX_LOCKDEP_KEYS:        8192
[    0.123193] ... CLASSHASH_SIZE:          4096
[    0.123439] ... MAX_LOCKDEP_ENTRIES:     32768
[    0.123689] ... MAX_LOCKDEP_CHAINS:      65536
[    0.123940] ... CHAINHASH_SIZE:          32768
[    0.124190]  memory used by lock dependency info: 6365 kB
[    0.124494]  memory used for stack traces: 4224 kB
[    0.124769]  per task-struct memory footprint: 1920 bytes
[    0.125124] ACPI: Core revision 20220331
[    0.125576] clocksource: hpet: mask: 0xffffffff max_cycles: 0xffffffff, max_idle_ns: 19112604467 ns
[    0.126207] APIC: Switch to symmetric I/O mode setup
[    0.126610] x2apic enabled
[    0.126890] Switched APIC routing to physical x2apic.
[    0.127175] kvm-guest: setup PV IPIs
[    0.128034] ..TIMER: vector=0x30 apic1=0 pin1=2 apic2=-1 pin2=-1
[    0.128386] clocksource: tsc-early: mask: 0xffffffffffffffff max_cycles: 0x3407c077a8d, max_idle_ns: 440795342283 ns
[    0.128983] Calibrating delay loop (skipped) preset value.. 7219.20 BogoMIPS (lpj=14438400)
[    0.129447] pid_max: default: 32768 minimum: 301
[    0.129837] LSM: Security Framework initializing
[    0.130119] Yama: becoming mindful.
[    0.133138] Mount-cache hash table entries: 4096 (order: 3, 32768 bytes, linear)
[    0.133553] Mountpoint-cache hash table entries: 4096 (order: 3, 32768 bytes, linear)
[    0.134927] x86/cpu: User Mode Instruction Prevention (UMIP) activated
[    0.136017] Last level iTLB entries: 4KB 0, 2MB 0, 4MB 0
[    0.136354] Last level dTLB entries: 4KB 0, 2MB 0, 4MB 0, 1GB 0
[    0.136742] Spectre V1 : Mitigation: usercopy/swapgs barriers and __user pointer sanitization
[    0.136995] Spectre V2 : WARNING: Unprivileged eBPF is enabled with eIBRS on, data leaks possible via Spectre v2 BHB attacks!
[    0.137612] Spectre V2 : Mitigation: Enhanced IBRS
[    0.137869] Spectre V2 : Spectre v2 / SpectreRSB mitigation: Filling RSB on context switch
[    0.138308] Spectre V2 : mitigation: Enabling conditional Indirect Branch Prediction Barrier
[    0.138753] Speculative Store Bypass: Mitigation: Speculative Store Bypass disabled via prctl
[    0.220766] Freeing SMP alternatives memory: 56K
[    0.221229] smpboot: CPU0: 12th Gen Intel(R) Core(TM) i7-12700K (family: 0x6, model: 0x97, stepping: 0x2)
[    0.222095] cblist_init_generic: Setting adjustable number of callback queues.
[    0.222486] cblist_init_generic: Setting shift to 1 and lim to 1.
[    0.222844] cblist_init_generic: Setting shift to 1 and lim to 1.
[    0.223199] cblist_init_generic: Setting shift to 1 and lim to 1.
[    0.223551] Running RCU-tasks wait API self tests
[    0.325037] Performance Events: Alderlake Hybrid events, full-width counters, Intel PMU driver.
[    0.325842] core: cpu_core PMU driver: 
[    0.326057] ... version:                2
[    0.326274] ... bit width:              48
[    0.326494] ... generic registers:      6
[    0.326710] ... value mask:             0000ffffffffffff
[    0.326998] ... max period:             00007fffffffffff
[    0.327284] ... fixed-purpose events:   3
[    0.327500] ... event mask:             0001000f0000003f
[    0.327941] rcu: Hierarchical SRCU implementation.
[    0.330167] unchecked MSR access error: WRMSR to 0x38f (tried to write 0x0001000f0000003f) at rIP: 0xffffffff810c945c (native_write_msr+0xc/0x30)
[    0.330894] Call Trace:
[    0.331037]  <TASK>
[    0.331158]  __intel_pmu_enable_all.constprop.45+0x68/0x100
[    0.331464]  intel_pmu_enable_all+0x1e/0x30
[    0.331695]  x86_pmu_enable+0x46d/0x5a0
[    0.331906]  ? write_comp_data+0x2f/0x90
[    0.332128]  perf_pmu_enable+0x53/0x70
[    0.332344]  ctx_resched+0xab/0xf0
[    0.332537]  __perf_install_in_context+0x347/0x4b0
[    0.332800]  ? perf_duration_warn+0x50/0x50
[    0.332970]  ? perf_duration_warn+0x50/0x50
[    0.332970]  remote_function+0x80/0xa0
[    0.332970]  ? perf_duration_warn+0x50/0x50
[    0.332970]  generic_exec_single+0x124/0x190
[    0.332970]  smp_call_function_single+0x11c/0x240
[    0.332970]  ? perf_duration_warn+0x50/0x50
[    0.332970]  ? __sanitizer_cov_trace_pc+0x25/0x60
[    0.332970]  ? write_comp_data+0x2f/0x90
[    0.332970]  perf_install_in_context+0x2e8/0x310
[    0.332970]  ? ctx_resched+0xf0/0xf0
[    0.332970]  perf_event_create_kernel_counter+0x16a/0x200
[    0.332970]  ? hardlockup_detector_event_create+0xd0/0xd0
[    0.332970]  hardlockup_detector_event_create+0x46/0xd0
[    0.332970]  hardlockup_detector_perf_init+0x18/0x66
[    0.332970]  watchdog_nmi_probe+0x17/0x1d
[    0.332970]  lockup_detector_init+0x40/0xaf
[    0.332970]  kernel_init_freeable+0x264/0x411
[    0.332970]  ? rest_init+0x240/0x240
[    0.332970]  kernel_init+0x24/0x1e0
[    0.332970]  ? rest_init+0x240/0x240
[    0.332970]  ret_from_fork+0x1f/0x30
[    0.332970]  </TASK>
[    0.332994] Callback from call_rcu_tasks_trace() invoked.
[    0.333419] smp: Bringing up secondary CPUs ...
[    0.333995] x86: Booting SMP configuration:
[    0.334229] .... node  #0, CPUs:      #1
[    0.334536] smp: Brought up 1 node, 2 CPUs
[    0.334536] smpboot: Max logical packages: 1
[    0.334536] smpboot: Total of 2 processors activated (14438.40 BogoMIPS)
[    0.337766] devtmpfs: initialized
[    0.337766] x86/mm: Memory block size: 128MB
[    0.341348] clocksource: jiffies: mask: 0xffffffff max_cycles: 0xffffffff, max_idle_ns: 7645041785100000 ns
[    0.341894] futex hash table entries: 512 (order: 4, 65536 bytes, linear)
[    0.342461] pinctrl core: initialized pinctrl subsystem
[    0.343168] 
[    0.343266] *************************************************************
[    0.343653] **     NOTICE NOTICE NOTICE NOTICE NOTICE NOTICE NOTICE    **
[    0.344981] **                                                         **
[    0.345352] **  IOMMU DebugFS SUPPORT HAS BEEN ENABLED IN THIS KERNEL  **
[    0.345721] **                                                         **
[    0.346085] ** This means that this kernel is built to expose internal **
[    0.346450] ** IOMMU data structures, which may compromise security on **
[    0.346818] ** your system.                                            **
[    0.347185] **                                                         **
[    0.347568] ** If you see this message and you are not debugging the   **
[    0.347935] ** kernel, report this immediately to your vendor!         **
[    0.348302] **                                                         **
[    0.348668] **     NOTICE NOTICE NOTICE NOTICE NOTICE NOTICE NOTICE    **
[    0.348978] *************************************************************
[    0.349382] PM: RTC time: 10:12:17, date: 2023-02-22
[    0.351217] NET: Registered PF_NETLINK/PF_ROUTE protocol family
[    0.352033] DMA: preallocated 256 KiB GFP_KERNEL pool for atomic allocations
[    0.352433] DMA: preallocated 256 KiB GFP_KERNEL|GFP_DMA pool for atomic allocations
[    0.352880] DMA: preallocated 256 KiB GFP_KERNEL|GFP_DMA32 pool for atomic allocations
[    0.353014] audit: initializing netlink subsys (disabled)
[    0.353327] audit: type=2000 audit(1677060738.199:1): state=initialized audit_enabled=0 res=1
[    0.353512] thermal_sys: Registered thermal governor 'fair_share'
[    0.353519] thermal_sys: Registered thermal governor 'bang_bang'
[    0.353863] thermal_sys: Registered thermal governor 'step_wise'
[    0.354190] thermal_sys: Registered thermal governor 'user_space'
[    0.354190] cpuidle: using governor ladder
[    0.354190] cpuidle: using governor menu
[    0.354190] HugeTLB: can optimize 4095 vmemmap pages for hugepages-1048576kB
[    0.354424] acpiphp: ACPI Hot Plug PCI Controller Driver version: 0.5
[    0.357255] PCI: Using configuration type 1 for base access
[    0.369099] kprobes: kprobe jump-optimization is enabled. All kprobes are optimized if possible.
[    0.369604] HugeTLB: can optimize 7 vmemmap pages for hugepages-2048kB
[    0.369604] HugeTLB registered 1.00 GiB page size, pre-allocated 0 pages
[    0.369962] HugeTLB registered 2.00 MiB page size, pre-allocated 0 pages
[    0.477398] ACPI: Added _OSI(Module Device)
[    0.477651] ACPI: Added _OSI(Processor Device)
[    0.477896] ACPI: Added _OSI(3.0 _SCP Extensions)
[    0.478153] ACPI: Added _OSI(Processor Aggregator Device)
[    0.478452] ACPI: Added _OSI(Linux-Dell-Video)
[    0.478696] ACPI: Added _OSI(Linux-Lenovo-NV-HDMI-Audio)
[    0.478985] ACPI: Added _OSI(Linux-HPI-Hybrid-Graphics)
[    0.483465] ACPI: 1 ACPI AML tables successfully acquired and loaded
[    2.491955] Callback from call_rcu_tasks_rude() invoked.
[    2.492037] ACPI: Interpreter enabled
[    2.492037] ACPI: PM: (supports S0 S3 S4 S5)
[    2.492037] ACPI: Using IOAPIC for interrupt routing
[    2.493013] PCI: Using host bridge windows from ACPI; if necessary, use "pci=nocrs" and report a bug
[    2.493503] PCI: Using E820 reservations for host bridge windows
[    2.494364] ACPI: Enabled 2 GPEs in block 00 to 0F
[    2.507687] ACPI: PCI Root Bridge [PCI0] (domain 0000 [bus 00-ff])
[    2.508067] acpi PNP0A03:00: _OSC: OS supports [ASPM ClockPM Segments MSI EDR HPX-Type3]
[    2.508524] acpi PNP0A03:00: _OSC: not requesting OS control; OS requires [ExtendedConfig ASPM ClockPM MSI]
[    2.509032] acpi PNP0A03:00: fail to add MMCONFIG information, can't access extended PCI configuration space under this bridge.
[    2.511192] acpiphp: Slot [3] registered
[    2.511468] acpiphp: Slot [4] registered
[    2.511745] acpiphp: Slot [5] registered
[    2.512017] acpiphp: Slot [6] registered
[    2.512288] acpiphp: Slot [7] registered
[    2.512566] acpiphp: Slot [8] registered
[    2.512838] acpiphp: Slot [9] registered
[    2.513032] acpiphp: Slot [10] registered
[    2.513310] acpiphp: Slot [11] registered
[    2.513599] acpiphp: Slot [12] registered
[    2.513914] acpiphp: Slot [13] registered
[    2.514192] acpiphp: Slot [14] registered
[    2.514469] acpiphp: Slot [15] registered
[    2.514746] acpiphp: Slot [16] registered
[    2.515034] acpiphp: Slot [17] registered
[    2.515310] acpiphp: Slot [18] registered
[    2.515606] acpiphp: Slot [19] registered
[    2.515896] acpiphp: Slot [20] registered
[    2.516175] acpiphp: Slot [21] registered
[    2.516458] acpiphp: Slot [22] registered
[    2.516736] acpiphp: Slot [23] registered
[    2.517021] acpiphp: Slot [24] registered
[    2.517298] acpiphp: Slot [25] registered
[    2.517575] acpiphp: Slot [26] registered
[    2.517865] acpiphp: Slot [27] registered
[    2.518143] acpiphp: Slot [28] registered
[    2.518419] acpiphp: Slot [29] registered
[    2.518695] acpiphp: Slot [30] registered
[    2.518970] acpiphp: Slot [31] registered
[    2.519210] PCI host bridge to bus 0000:00
[    2.519442] pci_bus 0000:00: root bus resource [io  0x0000-0x0cf7 window]
[    2.519820] pci_bus 0000:00: root bus resource [io  0x0d00-0xffff window]
[    2.520198] pci_bus 0000:00: root bus resource [mem 0x000a0000-0x000bffff window]
[    2.520615] pci_bus 0000:00: root bus resource [mem 0x80000000-0xfebfffff window]
[    2.520974] pci_bus 0000:00: root bus resource [mem 0x100000000-0x17fffffff window]
[    2.521400] pci_bus 0000:00: root bus resource [bus 00-ff]
[    2.521780] pci 0000:00:00.0: [8086:1237] type 00 class 0x060000
[    2.524605] pci 0000:00:01.0: [8086:7000] type 00 class 0x060100
[    2.525460] pci 0000:00:01.1: [8086:7010] type 00 class 0x010180
[    2.526893] pci 0000:00:01.1: reg 0x20: [io  0xc040-0xc04f]
[    2.527635] pci 0000:00:01.1: legacy IDE quirk: reg 0x10: [io  0x01f0-0x01f7]
[    2.528034] pci 0000:00:01.1: legacy IDE quirk: reg 0x14: [io  0x03f6]
[    2.528397] pci 0000:00:01.1: legacy IDE quirk: reg 0x18: [io  0x0170-0x0177]
[    2.528795] pci 0000:00:01.1: legacy IDE quirk: reg 0x1c: [io  0x0376]
[    2.529183] pci 0000:00:01.3: [8086:7113] type 00 class 0x068000
[    2.529747] pci 0000:00:01.3: quirk: [io  0x0600-0x063f] claimed by PIIX4 ACPI
[    2.530152] pci 0000:00:01.3: quirk: [io  0x0700-0x070f] claimed by PIIX4 SMB
[    2.530888] pci 0000:00:02.0: [1234:1111] type 00 class 0x030000
[    2.532899] pci 0000:00:02.0: reg 0x10: [mem 0xfd000000-0xfdffffff pref]
[    2.534571] pci 0000:00:02.0: reg 0x18: [mem 0xfebf0000-0xfebf0fff]
[    2.537155] pci 0000:00:02.0: reg 0x30: [mem 0xfebe0000-0xfebeffff pref]
[    2.537687] pci 0000:00:02.0: Video device with shadowed ROM at [mem 0x000c0000-0x000dffff]
[    2.540627] pci 0000:00:03.0: [8086:100e] type 00 class 0x020000
[    2.541328] pci 0000:00:03.0: reg 0x10: [mem 0xfebc0000-0xfebdffff]
[    2.542010] pci 0000:00:03.0: reg 0x14: [io  0xc000-0xc03f]
[    2.544367] pci 0000:00:03.0: reg 0x30: [mem 0xfeb80000-0xfebbffff pref]
[    2.552704] ACPI: PCI: Interrupt link LNKA configured for IRQ 10
[    2.553253] ACPI: PCI: Interrupt link LNKB configured for IRQ 10
[    2.553869] ACPI: PCI: Interrupt link LNKC configured for IRQ 11
[    2.554473] ACPI: PCI: Interrupt link LNKD configured for IRQ 11
[    2.554956] ACPI: PCI: Interrupt link LNKS configured for IRQ 9
[    2.557129] iommu: Default domain type: Translated 
[    2.557342] iommu: DMA domain TLB invalidation policy: lazy mode 
[    2.558686] SCSI subsystem initialized
[    2.558982] ACPI: bus type USB registered
[    2.558982] usbcore: registered new interface driver usbfs
[    2.558982] usbcore: registered new interface driver hub
[    2.558982] usbcore: registered new device driver usb
[    2.558982] pps_core: LinuxPPS API ver. 1 registered
[    2.558982] pps_core: Software ver. 5.3.6 - Copyright 2005-2007 Rodolfo Giometti <giometti@linux.it>
[    2.559253] PTP clock support registered
[    2.561021] EDAC MC: Ver: 3.0.0
[    2.561714] NetLabel: Initializing
[    2.561966] NetLabel:  domain hash size = 128
[    2.564975] NetLabel:  protocols = UNLABELED CIPSOv4 CALIPSO
[    2.565417] NetLabel:  unlabeled traffic allowed by default
[    2.565922] PCI: Using ACPI for IRQ routing
[    2.565922] pci 0000:00:02.0: vgaarb: setting as boot VGA device
[    2.565922] pci 0000:00:02.0: vgaarb: bridge control possible
[    2.565922] pci 0000:00:02.0: vgaarb: VGA device added: decodes=io+mem,owns=io+mem,locks=none
[    2.566426] vgaarb: loaded
[    2.566626] hpet0: at MMIO 0xfed00000, IRQs 2, 8, 0
[    2.566626] hpet0: 3 comparators, 64-bit 100.000000 MHz counter
[    2.570156] clocksource: Switched to clocksource kvm-clock
[    2.571153] VFS: Disk quotas dquot_6.6.0
[    2.571420] VFS: Dquot-cache hash table entries: 512 (order 0, 4096 bytes)
[    2.572028] pnp: PnP ACPI init
[    2.572555] pnp: PnP ACPI: found 6 devices
[    2.582448] clocksource: acpi_pm: mask: 0xffffff max_cycles: 0xffffff, max_idle_ns: 2085701024 ns
[    2.583285] NET: Registered PF_INET protocol family
[    2.583757] IP idents hash table entries: 32768 (order: 6, 262144 bytes, linear)
[    2.585033] tcp_listen_portaddr_hash hash table entries: 1024 (order: 4, 73728 bytes, linear)
[    2.585552] Table-perturb hash table entries: 65536 (order: 6, 262144 bytes, linear)
[    2.585985] TCP established hash table entries: 16384 (order: 5, 131072 bytes, linear)
[    2.586572] TCP bind hash table entries: 16384 (order: 8, 1179648 bytes, linear)
[    2.587793] TCP: Hash tables configured (established 16384 bind 16384)
[    2.588276] UDP hash table entries: 1024 (order: 5, 163840 bytes, linear)
[    2.588738] UDP-Lite hash table entries: 1024 (order: 5, 163840 bytes, linear)
[    2.589368] NET: Registered PF_UNIX/PF_LOCAL protocol family
[    2.593124] Callback from call_rcu_tasks() invoked.
[    2.601677] RPC: Registered named UNIX socket transport module.
[    2.602339] RPC: Registered udp transport module.
[    2.602841] RPC: Registered tcp transport module.
[    2.603368] RPC: Registered tcp NFSv4.1 backchannel transport module.
[    2.604073] pci_bus 0000:00: resource 4 [io  0x0000-0x0cf7 window]
[    2.604736] pci_bus 0000:00: resource 5 [io  0x0d00-0xffff window]
[    2.605462] pci_bus 0000:00: resource 6 [mem 0x000a0000-0x000bffff window]
[    2.605888] pci_bus 0000:00: resource 7 [mem 0x80000000-0xfebfffff window]
[    2.606295] pci_bus 0000:00: resource 8 [mem 0x100000000-0x17fffffff window]
[    2.606928] pci 0000:00:01.0: PIIX3: Enabling Passive Release
[    2.607283] pci 0000:00:00.0: Limiting direct PCI/PCI transfers
[    2.607648] pci 0000:00:01.0: Activating ISA DMA hang workarounds
[    2.608075] PCI: CLS 0 bytes, default 64
[    2.608626] ACPI: bus type thunderbolt registered
[    2.609192] clocksource: tsc: mask: 0xffffffffffffffff max_cycles: 0x3407c077a8d, max_idle_ns: 440795342283 ns
[    2.667201] Initialise system trusted keyrings
[    2.667561] Key type blacklist registered
[    2.668005] workingset: timestamp_bits=36 max_order=19 bucket_order=0
[    2.676577] zbud: loaded
[    2.678758] squashfs: version 4.0 (2009/01/31) Phillip Lougher
[    2.680349] NFS: Registering the id_resolver key type
[    2.680729] Key type id_resolver registered
[    2.681045] Key type id_legacy registered
[    2.681436] nfs4filelayout_init: NFSv4 File Layout Driver Registering...
[    2.681924] nfs4flexfilelayout_init: NFSv4 Flexfile Layout Driver Registering...
[    2.682584] fuse: init (API version 7.36)
[    2.683154] SGI XFS with ACLs, security attributes, realtime, quota, no debug enabled
[    2.685530] 9p: Installing v9fs 9p2000 file system support
[    2.691454] Key type asymmetric registered
[    2.691793] Asymmetric key parser 'x509' registered
[    2.693540] alg: self-tests for CTR-KDF (hmac(sha256)) passed
[    2.693926] Block layer SCSI generic (bsg) driver version 0.4 loaded (major 243)
[    2.694441] io scheduler mq-deadline registered
[    2.694801] io scheduler bfq registered
[    2.695895] shpchp: Standard Hot Plug PCI Controller Driver version: 0.4
[    2.696730] IPMI message handler: version 39.2
[    2.697101] ipmi device interface
[    2.698628] input: Power Button as /devices/LNXSYSTM:00/LNXPWRBN:00/input/input0
[    2.699318] ACPI: button: Power Button [PWRF]
[    2.700326] ERST DBG: ERST support is disabled.
[    2.701139] Serial: 8250/16550 driver, 32 ports, IRQ sharing enabled
[    2.701905] 00:04: ttyS0 at I/O 0x3f8 (irq = 4, base_baud = 115200) is a 16550A
[    2.709375] Linux agpgart interface v0.103
[    2.710126] ACPI: bus type drm_connector registered
[    2.721278] brd: module loaded
[    2.727562] loop: module loaded
[    2.731392] scsi host0: ata_piix
[    2.732227] scsi host1: ata_piix
[    2.732645] ata1: PATA max MWDMA2 cmd 0x1f0 ctl 0x3f6 bmdma 0xc040 irq 14
[    2.733154] ata2: PATA max MWDMA2 cmd 0x170 ctl 0x376 bmdma 0xc048 irq 15
[    2.734872] tun: Universal TUN/TAP device driver, 1.6
[    2.735411] e100: Intel(R) PRO/100 Network Driver
[    2.735749] e100: Copyright(c) 1999-2006 Intel Corporation
[    2.736175] e1000: Intel(R) PRO/1000 Network Driver
[    2.736520] e1000: Copyright (c) 1999-2006 Intel Corporation.
[    2.870064] ACPI: \_SB_.LNKC: Enabled at IRQ 11
[    2.893174] ata2: found unknown device (class 0)
[    2.893678] ata1: found unknown device (class 0)
[    2.894411] ata2.00: ATAPI: QEMU DVD-ROM, 2.5+, max UDMA/100
[    2.894853] ata1.00: ATA-7: QEMU HARDDISK, 2.5+, max UDMA/100
[    2.895209] ata1.00: 16777216 sectors, multi 16: LBA48 
[    2.896603] scsi 0:0:0:0: Direct-Access     ATA      QEMU HARDDISK    2.5+ PQ: 0 ANSI: 5
[    2.898082] sd 0:0:0:0: Attached scsi generic sg0 type 0
[    2.898283] sd 0:0:0:0: [sda] 16777216 512-byte logical blocks: (8.59 GB/8.00 GiB)
[    2.899144] sd 0:0:0:0: [sda] Write Protect is off
[    2.899240] scsi 1:0:0:0: CD-ROM            QEMU     QEMU DVD-ROM     2.5+ PQ: 0 ANSI: 5
[    2.899972] sd 0:0:0:0: [sda] Write cache: enabled, read cache: enabled, doesn't support DPO or FUA
[    2.900578] sd 0:0:0:0: [sda] Preferred minimum I/O size 512 bytes
[    2.926712] sd 0:0:0:0: [sda] Attached SCSI disk
[    2.933589] scsi 1:0:0:0: Attached scsi generic sg1 type 5
[    3.191359] e1000 0000:00:03.0 eth0: (PCI:33MHz:32-bit) 52:54:00:12:34:56
[    3.191774] e1000 0000:00:03.0 eth0: Intel(R) PRO/1000 Network Connection
[    3.192235] e1000e: Intel(R) PRO/1000 Network Driver
[    3.192502] e1000e: Copyright(c) 1999 - 2015 Intel Corporation.
[    3.192868] igb: Intel(R) Gigabit Ethernet Network Driver
[    3.193163] igb: Copyright (c) 2007-2014 Intel Corporation.
[    3.193546] PPP generic driver version 2.4.2
[    3.194377] VFIO - User Level meta-driver version: 0.3
[    3.194705] ehci_hcd: USB 2.0 'Enhanced' Host Controller (EHCI) Driver
[    3.195064] ehci-pci: EHCI PCI platform driver
[    3.195340] ehci-platform: EHCI generic platform driver
[    3.195638] ohci_hcd: USB 1.1 'Open' Host Controller (OHCI) Driver
[    3.195976] ohci-pci: OHCI PCI platform driver
[    3.196249] ohci-platform: OHCI generic platform driver
[    3.196547] uhci_hcd: USB Universal Host Controller Interface driver
[    3.197273] usbcore: registered new interface driver uas
[    3.197623] usbcore: registered new interface driver usb-storage
[    3.198068] i8042: PNP: PS/2 Controller [PNP0303:KBD,PNP0f13:MOU] at 0x60,0x64 irq 1,12
[    3.199134] serio: i8042 KBD port at 0x60,0x64 irq 1
[    3.199448] serio: i8042 AUX port at 0x60,0x64 irq 12
[    3.200333] mousedev: PS/2 mouse device common for all mice
[    3.201294] input: AT Translated Set 2 keyboard as /devices/platform/i8042/serio0/input/input1
[    3.202187] rtc_cmos 00:05: RTC can wake from S4
[    3.203273] input: VirtualPS/2 VMware VMMouse as /devices/platform/i8042/serio1/input/input4
[    3.204604] input: VirtualPS/2 VMware VMMouse as /devices/platform/i8042/serio1/input/input3
[    3.205344] rtc_cmos 00:05: registered as rtc0
[    3.205648] rtc_cmos 00:05: setting system clock to 2023-02-22T10:12:20 UTC (1677060740)
[    3.206209] rtc_cmos 00:05: alarms up to one day, y3k, 242 bytes nvram, hpet irqs
[    3.206636] i2c_dev: i2c /dev entries driver
[    3.206921] device-mapper: core: CONFIG_IMA_DISABLE_HTABLE is disabled. Duplicate IMA measurements will not be recorded in the IMA log.
[    3.207654] device-mapper: uevent: version 1.0.3
[    3.208147] device-mapper: ioctl: 4.46.0-ioctl (2022-02-22) initialised: dm-devel@redhat.com
[    3.208609] intel_pstate: CPU model not supported
[    3.208934] sdhci: Secure Digital Host Controller Interface driver
[    3.209277] sdhci: Copyright(c) Pierre Ossman
[    3.209573] sdhci-pltfm: SDHCI platform and OF driver helper
[    3.210004] ledtrig-cpu: registered to indicate activity on CPUs
[    3.210571] drop_monitor: Initializing network drop monitor service
[    3.211448] NET: Registered PF_INET6 protocol family
[    3.213084] Segment Routing with IPv6
[    3.213314] In-situ OAM (IOAM) with IPv6
[    3.213553] NET: Registered PF_PACKET protocol family
[    3.214130] 9pnet: Installing 9P2000 support
[    3.214429] Key type dns_resolver registered
[    3.215279] IPI shorthand broadcast: enabled
[    3.215575] sched_clock: Marking stable (3205749884, 9353098)->(3225911744, -10808762)
[    3.216454] registered taskstats version 1
[    3.216807] Loading compiled-in X.509 certificates
[    3.217277] zswap: loaded using pool lzo/zbud
[    3.218029] Key type ._fscrypt registered
[    3.218253] Key type .fscrypt registered
[    3.218505] Key type fscrypt-provisioning registered
[    3.219586] Key type encrypted registered
[    3.219853] ima: No TPM chip found, activating TPM-bypass!
[    3.220179] ima: Allocated hash algorithm: sha1
[    3.220473] ima: No architecture policies found
[    3.220793] evm: Initialising EVM extended attributes:
[    3.221106] evm: security.selinux
[    3.221302] evm: security.SMACK64
[    3.221497] evm: security.SMACK64EXEC
[    3.221710] evm: security.SMACK64TRANSMUTE
[    3.221947] evm: security.SMACK64MMAP
[    3.222161] evm: security.apparmor
[    3.222360] evm: security.ima
[    3.222535] evm: security.capability
[    3.222744] evm: HMAC attrs: 0x1
[    3.226513] PM:   Magic number: 11:854:224
[    3.227076] RAS: Correctable Errors collector initialized.
[    3.228367] md: Waiting for all devices to be available before autodetect
[    3.228633] md: If you don't use raid, use raid=noautodetect
[    3.228856] md: Autodetecting RAID arrays.
[    3.229044] md: autorun ...
[    3.229158] md: ... autorun DONE.
[    3.242627] EXT4-fs (sda): mounted filesystem with ordered data mode. Quota mode: none.
[    3.242980] VFS: Mounted root (ext4 filesystem) readonly on device 8:0.
[    3.245144] devtmpfs: mounted
[    3.252768] Freeing unused decrypted memory: 2036K
[    3.254420] Freeing unused kernel image (initmem) memory: 3640K
[    3.261140] Write protecting the kernel read-only data: 43008k
[    3.263535] Freeing unused kernel image (text/rodata gap) memory: 2028K
[    3.263925] Freeing unused kernel image (rodata/data gap) memory: 136K
[    3.339311] x86/mm: Checked W+X mappings: passed, no W+X pages found.
[    3.339596] Run /sbin/init as init process
[    3.404439] systemd[1]: RTC configured in localtime, applying delta of 0 minutes to system time.
[    3.425974] systemd[1]: systemd 239 (239-49.el8) running in system mode. (+PAM +AUDIT +SELINUX +IMA -APPARMOR +SMACK +SYSVINIT +UTMP +LIBCRYPTSETUP +GCRYPT +GNUTLS +ACL +XZ +LZ4 +SECCOMP +BLKID +ELFUTILS +KMOD +IDN2 -IDN +PCRE2 default-hierarchy=legacy)
[    3.426978] systemd[1]: Detected virtualization kvm.
[    3.427186] systemd[1]: Detected architecture x86-64.

Welcome to [0;31mCentOS Stream 8[0m!

[    3.457216] systemd[1]: Set hostname to <test>.
[    5.345038] random: crng init done
[    5.430805] systemd[1]: Listening on Journal Socket (/dev/log).
[[0;32m  OK  [0m] Listening on Journal Socket (/dev/log).
[    5.431838] systemd[1]: Listening on udev Control Socket.
[[0;32m  OK  [0m] Listening on udev Control Socket.
[    5.432576] systemd[1]: Listening on Journal Socket.
[[0;32m  OK  [0m] Listening on Journal Socket.
[    5.436783] systemd[1]: Starting Journal Service...
         Starting Journal Service...
[    5.437483] systemd[1]: Listening on initctl Compatibility Named Pipe.
[[0;32m  OK  [0m] Listening on initctl Compatibility Named Pipe.
[    5.439314] systemd[1]: Created slice User and Session Slice.
[[0;32m  OK  [0m] Created slice User and Session Slice.
[[0;32m  OK  [0m] Reached target Slices.
[[0;32m  OK  [0m] Started Forward Password Requests to Wall Directory Watch.
[[0;32m  OK  [0m] Listening on multipathd control socket.
[[0;32m  OK  [0m] Listening on LVM2 poll daemon socket.
[[0;32m  OK  [0m] Reached target Swap.
         Mounting Kernel Debug File System...
[[0;32m  OK  [0m] Created slice system-getty.slice.
[[0;32m  OK  [0m] Set up automount Arbitrary Executabâ€¦rmats File System Automount Point.
[[0;32m  OK  [0m] Listening on udev Kernel Socket.
         Starting udev Coldplug all Devices...
[[0;32m  OK  [0m] Listening on Device-mapper event daemon FIFOs.
[[0;32m  OK  [0m] Created slice system-serial\x2dgetty.slice.
         Starting Load Kernel Modules...
         Starting Setup Virtual Console...
         Starting Monitoring of LVM2 mirrorsâ€¦ng dmeventd or progress polling...
         Mounting POSIX Message Queue File System...
[[0;32m  OK  [0m] Created slice system-sshd\x2dkeygen.slice.
[[0;32m  OK  [0m] Listening on Process Core Dump Socket.
[[0;32m  OK  [0m] Listening on RPCbind Server Activation Socket.
[[0;32m  OK  [0m] Reached target RPC Port Mapper.
         Starting Remount Root and Kernel File Systems...
         Mounting Huge Pages File System...
[[0;32m  OK  [0m] Started Journal Service.
[[0;32m  OK  [0m] Mounted Kernel Debug File System.
[[0;1;31mFAILED[0m] Failed to start Load Kernel Modules.
See 'systemctl status systemd-modules-load.service' for details.
[[0;32m  OK  [0m] Mounted POSIX Message Queue File System.
[[0;32m  OK  [0m] Mounted Huge Pages File System.
         Mounting Kernel Configuration File System...
         Mounting FUSE Control File System...
         Starting Apply Kernel Variables...
[    5.723906] EXT4-fs (sda): re-mounted. Quota mode: none.
[[0;32m  OK  [0m] Mounted Kernel Configuration File System.
[[0;32m  OK  [0m] Started Remount Root and Kernel File Systems.
[[0;32m  OK  [0m] Mounted FUSE Control File System.
[[0;32m  OK  [0m] Started Apply Kernel Variables.
[[0;32m  OK  [0m] Started Setup Virtual Console.
         Starting Create Static Device Nodes in /dev...
         Starting Flush Journal to Persistent Storage...
         Starting Load/Save Random Seed...
[[0;32m  OK  [0m] Started Load/Save Random Seed.
[[0;32m  OK  [0m] Started Flush Journal to Persistent Storage.
[[0;32m  OK  [0m] Started Create Static Device Nodes in /dev.
         Starting udev Kernel Device Manager...
[[0;32m  OK  [0m] Started udev Coldplug all Devices.
         Starting udev Wait for Complete Device Initialization...
[[0;32m  OK  [0m] Started udev Kernel Device Manager.
         Starting Show Plymouth Boot Screen...
[[0;32m  OK  [0m] Started Show Plymouth Boot Screen.
[[0;32m  OK  [0m] Started Forward Password Requests to Plymouth Directory Watch.
[[0;32m  OK  [0m] Reached target Paths.
[[0;32m  OK  [0m] Reached target Local Encrypted Volumes.
[[0;32m  OK  [0m] Found device /dev/ttyS0.
[[0;32m  OK  [0m] Started Monitoring of LVM2 mirrors,â€¦sing dmeventd or progress polling.
[[0;32m  OK  [0m] Started udev Wait for Complete Device Initialization.
[[0;32m  OK  [0m] Reached target Local File Systems (Pre).
[[0;32m  OK  [0m] Reached target Local File Systems.
         Starting Create Volatile Files and Directories...
         Starting Tell Plymouth To Write Out Runtime Data...
         Starting Restore /run/initramfs on shutdown...
[[0;32m  OK  [0m] Listening on Load/Save RF Kill Switch Status /dev/rfkill Watch.
[[0;32m  OK  [0m] Started Tell Plymouth To Write Out Runtime Data.
[[0;32m  OK  [0m] Started Restore /run/initramfs on shutdown.
[[0;32m  OK  [0m] Started Create Volatile Files and Directories.
         Starting Security Auditing Service...
         Mounting RPC Pipe File System...
         Starting RPC Bind...
[[0;32m  OK  [0m] Mounted RPC Pipe File System.
[[0;32m  OK  [0m] Reached target rpc_pipefs.target.
[[0;32m  OK  [0m] Started RPC Bind.
[[0;32m  OK  [0m] Started Security Auditing Service.
         Starting Update UTMP about System Boot/Shutdown...
[[0;32m  OK  [0m] Started Update UTMP about System Boot/Shutdown.
[[0;32m  OK  [0m] Reached target System Initialization.
[[0;32m  OK  [0m] Started dnf makecache --timer.
[[0;32m  OK  [0m] Listening on D-Bus System Message Bus Socket.
[[0;32m  OK  [0m] Listening on SSSD Kerberos Cache Manager responder socket.
[[0;32m  OK  [0m] Reached target Sockets.
[[0;32m  OK  [0m] Reached target Basic System.
         Starting Login Service...
         Starting NTP client/server...
[[0;32m  OK  [0m] Started Machine Check Exception Logging Daemon.
[[0;32m  OK  [0m] Started irqbalance daemon.
[[0;32m  OK  [0m] Reached target sshd-keygen.target.
         Starting Self Monitoring and Reporting Technology (SMART) Daemon...
         Starting Authorization Manager...
[[0;32m  OK  [0m] Started daily update of the root trust anchor for DNSSEC.
         Starting Auto-connect to subsystemsâ€¦-NVME devices found during boot...
[[0;32m  OK  [0m] Started Daily Cleanup of Temporary Directories.
[[0;32m  OK  [0m] Reached target Timers.
[[0;32m  OK  [0m] Started D-Bus System Message Bus.
         Starting Network Manager...
[[0;32m  OK  [0m] Started Auto-connect to subsystems â€¦FC-NVME devices found during boot.
         Starting update of the root trust aâ€¦or DNSSEC validation in unbound...
[[0;32m  OK  [0m] Started Login Service.
[[0;32m  OK  [0m] Started Self Monitoring and Reporting Technology (SMART) Daemon.
[[0;32m  OK  [0m] Started NTP client/server.
[[0;32m  OK  [0m] Started Network Manager.
[[0;32m  OK  [0m] Reached target Network.
         Starting OpenSSH server daemon...
         Starting GSSAPI Proxy Daemon...
         Starting Dynamic System Tuning Daemon...
         Starting Network Manager Wait Online...
[[0;32m  OK  [0m] Started OpenSSH server daemon.
[[0;32m  OK  [0m] Started update of the root trust anâ€¦ for DNSSEC validation in unbound.
[[0;32m  OK  [0m] Started Authorization Manager.
         Starting Hostname Service...
[[0;32m  OK  [0m] Started GSSAPI Proxy Daemon.
[[0;32m  OK  [0m] Reached target NFS client services.
[[0;32m  OK  [0m] Reached target Remote File Systems (Pre).
[[0;32m  OK  [0m] Reached target Remote File Systems.
         Starting Permit User Sessions...
[[0;32m  OK  [0m] Started Permit User Sessions.
         Starting Hold until boot process finishes up...
[[0;32m  OK  [0m] Started Command Scheduler.
         Starting Terminate Plymouth Boot Screen...
[    7.133314] e1000: eth0 NIC Link is Up 1000 Mbps Full Duplex, Flow Control: RX
[    7.134044] IPv6: ADDRCONF(NETDEV_CHANGE): eth0: link becomes ready
[    7.299304] Spectre V2 : WARNING: Unprivileged eBPF is enabled with eIBRS on, data leaks possible via Spectre v2 BHB attacks!
[    7.299796] Spectre V2 : WARNING: Unprivileged eBPF is enabled with eIBRS on, data leaks possible via Spectre v2 BHB attacks!

CentOS Stream 8
Kernel 5.19.0-rc6-097da1a44d1a+ on an x86_64

test login: [   28.754600] loop1: detected capacity change from 0 to 65536
[   28.757519] loop0: detected capacity change from 0 to 65536
[   28.757956] =======================================================
[   28.757956] WARNING: The mand mount option has been deprecated and
[   28.757956]          and is ignored by this kernel. Remove the mand
[   28.757956]          option from the mount to silence this warning.
[   28.757956] =======================================================
[   28.760447] XFS: ikeep mount option is deprecated.
[   28.763509] XFS: ikeep mount option is deprecated.
[   28.772491] loop2: detected capacity change from 0 to 65536
[   28.773269] XFS: ikeep mount option is deprecated.
[   28.781329] loop4: detected capacity change from 0 to 65536
[   28.782856] XFS: ikeep mount option is deprecated.
[   28.787567] XFS (loop1): Deprecated V4 format (crc=0) will not be supported after September 2030.
[   28.787979] XFS (loop1): DAX unsupported by block device. Turning off DAX.
[   28.788453] XFS (loop1): Mounting V4 Filesystem
[   28.789567] loop5: detected capacity change from 0 to 65536
[   28.789971] XFS: ikeep mount option is deprecated.
[   28.790657] XFS (loop0): DAX unsupported by block device. Turning off DAX.
[   28.790988] loop6: detected capacity change from 0 to 65536
[   28.791054] XFS (loop0): Mounting V4 Filesystem
[   28.791386] XFS: ikeep mount option is deprecated.
[   28.796541] XFS (loop2): DAX unsupported by block device. Turning off DAX.
[   28.796946] XFS (loop2): Mounting V4 Filesystem
[   28.797521] XFS (loop0): totally zeroed log
[   28.798193] XFS (loop0): Ending clean mount
[   28.799005] XFS (loop0): Quotacheck needed: Please wait.
[   28.802654] repro: attempt to access beyond end of device
[   28.802654] loop0: rw=432129, sector=65535, nr_sectors = 16 limit=65536
[   28.803308] XFS (loop0): log I/O error -5
[   28.803515] XFS (loop0): Filesystem has been shut down due to log error (0x2).
[   28.803813] XFS (loop0): Please unmount the filesystem and rectify the problem(s).
[   28.804403] XFS (loop0): Quotacheck: Unsuccessful (Error -5): Disabling quotas.
[   28.804793] xfs filesystem being mounted at /root/syzkaller.ue62mP/0/file0 supports timestamps until 2038 (0x7fffffff)
[   28.809166] XFS (loop0): Unmounting Filesystem
[   28.814301] XFS (loop1): totally zeroed log
[   28.814567] XFS (loop4): DAX unsupported by block device. Turning off DAX.
[   28.815093] XFS (loop4): Mounting V4 Filesystem
[   28.815495] XFS (loop1): Ending clean mount
[   28.816189] XFS (loop1): Quotacheck needed: Please wait.
[   28.818285] repro: attempt to access beyond end of device
[   28.818285] loop1: rw=432129, sector=65535, nr_sectors = 16 limit=65536
[   28.818822] XFS (loop1): log I/O error -5
[   28.819016] XFS (loop1): Filesystem has been shut down due to log error (0x2).
[   28.819316] XFS (loop1): Please unmount the filesystem and rectify the problem(s).
[   28.819734] XFS (loop1): Quotacheck: Unsuccessful (Error -5): Disabling quotas.
[   28.820074] xfs filesystem being mounted at /root/syzkaller.a9TCtW/0/file0 supports timestamps until 2038 (0x7fffffff)
[   28.830080] XFS (loop2): totally zeroed log
[   28.830350] XFS (loop1): Unmounting Filesystem
[   28.830891] XFS (loop2): Ending clean mount
[   28.831245] XFS (loop2): Quotacheck needed: Please wait.
[   28.835338] repro: attempt to access beyond end of device
[   28.835338] loop2: rw=432129, sector=65535, nr_sectors = 16 limit=65536
[   28.835858] XFS (loop2): log I/O error -5
[   28.836049] XFS (loop2): Filesystem has been shut down due to log error (0x2).
[   28.836343] XFS (loop2): Please unmount the filesystem and rectify the problem(s).
[   28.836762] XFS (loop2): Quotacheck: Unsuccessful (Error -5): Disabling quotas.
[   28.837011] loop3: detected capacity change from 0 to 65536
[   28.837194] xfs filesystem being mounted at /root/syzkaller.1iobVZ/0/file0 supports timestamps until 2038 (0x7fffffff)
[   28.837846] XFS: ikeep mount option is deprecated.
[   28.844138] XFS (loop2): Unmounting Filesystem
[   28.855195] loop7: detected capacity change from 0 to 65536
[   28.855626] XFS: ikeep mount option is deprecated.
[   28.867017] XFS (loop5): DAX unsupported by block device. Turning off DAX.
[   28.867450] XFS (loop6): DAX unsupported by block device. Turning off DAX.
[   28.867799] XFS (loop5): Mounting V4 Filesystem
[   28.868073] XFS (loop6): Mounting V4 Filesystem
[   28.869248] XFS (loop4): totally zeroed log
[   28.870070] XFS (loop7): DAX unsupported by block device. Turning off DAX.
[   28.870957] XFS (loop7): Mounting V4 Filesystem
[   28.871377] XFS (loop4): Ending clean mount
[   28.871781] XFS (loop4): Quotacheck needed: Please wait.
[   28.875380] repro: attempt to access beyond end of device
[   28.875380] loop4: rw=432129, sector=65535, nr_sectors = 16 limit=65536
[   28.875906] XFS (loop4): log I/O error -5
[   28.876098] XFS (loop4): Filesystem has been shut down due to log error (0x2).
[   28.876390] XFS (loop4): Please unmount the filesystem and rectify the problem(s).
[   28.876867] XFS (loop4): Quotacheck: Unsuccessful (Error -5): Disabling quotas.
[   28.877354] xfs filesystem being mounted at /root/syzkaller.lCeE79/0/file0 supports timestamps until 2038 (0x7fffffff)
[   28.878979] XFS (loop4): Unmounting Filesystem
[   28.881646] XFS (loop5): totally zeroed log
[   28.881864] XFS (loop6): totally zeroed log
[   28.884205] XFS (loop5): Ending clean mount
[   28.884658] XFS (loop6): Ending clean mount
[   28.884712] XFS (loop5): Quotacheck needed: Please wait.
[   28.887207] XFS (loop6): Quotacheck needed: Please wait.
[   28.887240] repro: attempt to access beyond end of device
[   28.887240] loop5: rw=432129, sector=65535, nr_sectors = 16 limit=65536
[   28.887945] XFS (loop5): log I/O error -5
[   28.888135] XFS (loop5): Filesystem has been shut down due to log error (0x2).
[   28.888425] XFS (loop5): Please unmount the filesystem and rectify the problem(s).
[   28.888842] XFS (loop5): Quotacheck: Unsuccessful (Error -5): Disabling quotas.
[   28.890559] xfs filesystem being mounted at /root/syzkaller.Ta84Ic/0/file0 supports timestamps until 2038 (0x7fffffff)
[   28.892179] XFS (loop5): Unmounting Filesystem
[   28.894149] repro: attempt to access beyond end of device
[   28.894149] loop6: rw=432129, sector=65535, nr_sectors = 16 limit=65536
[   28.894684] XFS (loop6): log I/O error -5
[   28.894877] XFS (loop6): Filesystem has been shut down due to log error (0x2).
[   28.895175] XFS (loop6): Please unmount the filesystem and rectify the problem(s).
[   28.895737] XFS (loop6): Quotacheck: Unsuccessful (Error -5): Disabling quotas.
[   28.896075] xfs filesystem being mounted at /root/syzkaller.cen8Vj/0/file0 supports timestamps until 2038 (0x7fffffff)
[   28.897488] XFS (loop6): Unmounting Filesystem
[   28.909011] XFS (loop3): DAX unsupported by block device. Turning off DAX.
[   28.909400] XFS (loop3): Mounting V4 Filesystem
[   28.953042] XFS (loop7): totally zeroed log
[   28.953426] XFS (loop7): Ending clean mount
[   28.953759] XFS (loop7): Quotacheck needed: Please wait.
[   28.955582] repro: attempt to access beyond end of device
[   28.955582] loop7: rw=432129, sector=65535, nr_sectors = 16 limit=65536
[   28.956098] XFS (loop7): log I/O error -5
[   28.956288] XFS (loop7): Filesystem has been shut down due to log error (0x2).
[   28.956578] XFS (loop7): Please unmount the filesystem and rectify the problem(s).
[   28.957046] XFS (loop7): Quotacheck: Unsuccessful (Error -5): Disabling quotas.
[   28.957378] xfs filesystem being mounted at /root/syzkaller.wqmLol/0/file0 supports timestamps until 2038 (0x7fffffff)
[   28.960943] XFS (loop7): Unmounting Filesystem
[   29.021961] XFS (loop3): totally zeroed log
[   29.022400] XFS (loop3): Ending clean mount
[   29.022759] XFS (loop3): Quotacheck needed: Please wait.
[   29.024589] repro: attempt to access beyond end of device
[   29.024589] loop3: rw=432129, sector=65535, nr_sectors = 16 limit=65536
[   29.025210] XFS (loop3): log I/O error -5
[   29.025402] XFS (loop3): Filesystem has been shut down due to log error (0x2).
[   29.025699] XFS (loop3): Please unmount the filesystem and rectify the problem(s).
[   29.026113] XFS (loop3): Quotacheck: Unsuccessful (Error -5): Disabling quotas.
[   29.026445] xfs filesystem being mounted at /root/syzkaller.1dPDx2/0/file0 supports timestamps until 2038 (0x7fffffff)
[   29.032895] XFS (loop3): Unmounting Filesystem
[   29.364629] loop0: detected capacity change from 0 to 65536
[   29.365086] XFS: ikeep mount option is deprecated.
[   29.398926] XFS (loop0): DAX unsupported by block device. Turning off DAX.
[   29.399318] XFS (loop0): Mounting V4 Filesystem
[   29.415744] loop2: detected capacity change from 0 to 65536
[   29.416185] XFS: ikeep mount option is deprecated.
[   29.421425] XFS (loop0): totally zeroed log
[   29.421813] XFS (loop0): Ending clean mount
[   29.422187] XFS (loop0): Quotacheck needed: Please wait.
[   29.424616] repro: attempt to access beyond end of device
[   29.424616] loop0: rw=432129, sector=65535, nr_sectors = 16 limit=65536
[   29.425139] XFS (loop0): log I/O error -5
[   29.425323] XFS (loop0): Filesystem has been shut down due to log error (0x2).
[   29.425606] XFS (loop0): Please unmount the filesystem and rectify the problem(s).
[   29.426011] XFS (loop0): Quotacheck: Unsuccessful (Error -5): Disabling quotas.
[   29.426340] xfs filesystem being mounted at /root/syzkaller.ue62mP/1/file0 supports timestamps until 2038 (0x7fffffff)
[   29.427849] XFS (loop0): Unmounting Filesystem
[   29.432295] loop1: detected capacity change from 0 to 65536
[   29.432684] XFS: ikeep mount option is deprecated.
[   29.462035] XFS (loop1): DAX unsupported by block device. Turning off DAX.
[   29.462434] XFS (loop1): Mounting V4 Filesystem
[   29.469490] XFS (loop2): DAX unsupported by block device. Turning off DAX.
[   29.473201] XFS (loop2): Mounting V4 Filesystem
[   29.484845] loop7: detected capacity change from 0 to 65536
[   29.485309] XFS: ikeep mount option is deprecated.
[   29.494497] loop6: detected capacity change from 0 to 65536
[   29.494929] XFS: ikeep mount option is deprecated.
[   29.496309] XFS (loop2): totally zeroed log
[   29.496642] XFS (loop2): Ending clean mount
[   29.496945] XFS (loop2): Quotacheck needed: Please wait.
[   29.500083] repro: attempt to access beyond end of device
[   29.500083] loop2: rw=432129, sector=65535, nr_sectors = 16 limit=65536
[   29.500580] XFS (loop2): log I/O error -5
[   29.500763] XFS (loop2): Filesystem has been shut down due to log error (0x2).
[   29.501145] XFS (loop2): Please unmount the filesystem and rectify the problem(s).
[   29.501542] XFS (loop2): Quotacheck: Unsuccessful (Error -5): Disabling quotas.
[   29.501860] xfs filesystem being mounted at /root/syzkaller.1iobVZ/1/file0 supports timestamps until 2038 (0x7fffffff)
[   29.503632] XFS (loop2): Unmounting Filesystem
[   29.508603] loop4: detected capacity change from 0 to 65536
[   29.510150] XFS (loop1): totally zeroed log
[   29.510247] XFS: ikeep mount option is deprecated.
[   29.510712] XFS (loop1): Ending clean mount
[   29.511030] XFS (loop1): Quotacheck needed: Please wait.
[   29.513042] XFS (loop1): log I/O error -5
[   29.513239] XFS (loop1): Filesystem has been shut down due to log error (0x2).
[   29.513523] XFS (loop1): Please unmount the filesystem and rectify the problem(s).
[   29.513918] XFS (loop1): Quotacheck: Unsuccessful (Error -5): Disabling quotas.
[   29.514240] xfs filesystem being mounted at /root/syzkaller.a9TCtW/1/file0 supports timestamps until 2038 (0x7fffffff)
[   29.516107] XFS (loop1): Unmounting Filesystem
[   29.520470] loop5: detected capacity change from 0 to 65536
[   29.520847] XFS: ikeep mount option is deprecated.
[   29.540854] XFS (loop7): DAX unsupported by block device. Turning off DAX.
[   29.542977] XFS (loop7): Mounting V4 Filesystem
[   29.545637] loop3: detected capacity change from 0 to 65536
[   29.546021] XFS: ikeep mount option is deprecated.
[   29.546570] XFS (loop5): DAX unsupported by block device. Turning off DAX.
[   29.546933] XFS (loop5): Mounting V4 Filesystem
[   29.562501] XFS (loop6): DAX unsupported by block device. Turning off DAX.
[   29.562863] XFS (loop6): Mounting V4 Filesystem
[   29.563550] XFS (loop4): DAX unsupported by block device. Turning off DAX.
[   29.563916] XFS (loop4): Mounting V4 Filesystem
[   29.565181] XFS (loop5): totally zeroed log
[   29.565392] XFS (loop4): totally zeroed log
[   29.565435] XFS (loop6): totally zeroed log
[   29.565792] XFS (loop7): totally zeroed log
[   29.566141] XFS (loop4): Ending clean mount
[   29.566242] XFS (loop5): Ending clean mount
[   29.566559] XFS (loop7): Ending clean mount
[   29.566873] XFS (loop4): Quotacheck needed: Please wait.
[   29.566916] XFS (loop6): Ending clean mount
[   29.568042] XFS (loop7): Quotacheck needed: Please wait.
[   29.569332] XFS (loop5): Quotacheck needed: Please wait.
[   29.570367] XFS (loop6): Quotacheck needed: Please wait.
[   29.571979] XFS (loop5): log I/O error -5
[   29.572172] XFS (loop5): Filesystem has been shut down due to log error (0x2).
[   29.572454] XFS (loop5): Please unmount the filesystem and rectify the problem(s).
[   29.572856] XFS (loop5): Quotacheck: Unsuccessful (Error -5): Disabling quotas.
[   29.573194] xfs filesystem being mounted at /root/syzkaller.Ta84Ic/1/file0 supports timestamps until 2038 (0x7fffffff)
[   29.573564] XFS (loop4): log I/O error -5
[   29.573795] XFS (loop4): Filesystem has been shut down due to log error (0x2).
[   29.574075] XFS (loop4): Please unmount the filesystem and rectify the problem(s).
[   29.574469] XFS (loop4): Quotacheck: Unsuccessful (Error -5): Disabling quotas.
[   29.574798] xfs filesystem being mounted at /root/syzkaller.lCeE79/1/file0 supports timestamps until 2038 (0x7fffffff)
[   29.576075] XFS (loop5): Unmounting Filesystem
[   29.576344] XFS (loop4): Unmounting Filesystem
[   29.579507] XFS (loop3): DAX unsupported by block device. Turning off DAX.
[   29.579886] XFS (loop3): Mounting V4 Filesystem
[   29.581460] XFS (loop6): log I/O error -5
[   29.581657] XFS (loop6): Filesystem has been shut down due to log error (0x2).
[   29.581948] XFS (loop6): Please unmount the filesystem and rectify the problem(s).
[   29.582421] XFS (loop6): Quotacheck: Unsuccessful (Error -5): Disabling quotas.
[   29.582747] xfs filesystem being mounted at /root/syzkaller.cen8Vj/1/file0 supports timestamps until 2038 (0x7fffffff)
[   29.583449] BUG: kernel NULL pointer dereference, address: 00000000000002a8
[   29.583725] #PF: supervisor read access in kernel mode
[   29.583928] #PF: error_code(0x0000) - not-present page
[   29.584131] PGD ce00067 P4D ce00067 PUD cc33067 PMD 0 
[   29.584345] Oops: 0000 [#1] PREEMPT SMP NOPTI
[   29.584525] CPU: 0 PID: 6 Comm: kworker/0:0 Not tainted 5.19.0-rc6-097da1a44d1a+ #1
[   29.584829] Hardware name: QEMU Standard PC (i440FX + PIIX, 1996), BIOS rel-1.16.0-0-gd239552ce722-prebuilt.qemu.org 04/01/2014
[   29.585270] Workqueue: xfs-inodegc/loop6 xfs_inodegc_worker
[   29.585499] RIP: 0010:xfs_dquot_alloc+0x95/0x1c0
[   29.585692] Code: c0 81 44 85 48 c7 c6 28 51 77 83 e8 c5 3b 70 ff 49 8b 8d 60 01 00 00 44 89 e0 31 d2 48 c7 c6 97 98 74 83 48 8d bb 10 02 00 00 <f7> b1 a8 02 00 00 31 d2 89 c0 48 89 43 30 44 89 e0 4c 8d a3 08 02
[   29.586402] RSP: 0018:ffffc9000003bc30 EFLAGS: 00010246
[   29.586613] RAX: 0000000000000009 RBX: ffff88800d6df918 RCX: 0000000000000000
[   29.586893] RDX: 0000000000000000 RSI: ffffffff83749897 RDI: ffff88800d6dfb28
[   29.587175] RBP: ffffc9000003bc58 R08: 0000000000000002 R09: 0000000000000000
[   29.587454] R10: ffffc9000003ba98 R11: ffff888005f13140 R12: 0000000000000009
[   29.587733] R13: ffff88800d285000 R14: ffff88800d285000 R15: 0000000000000004
[   29.588012] FS:  0000000000000000(0000) GS:ffff88807dc00000(0000) knlGS:0000000000000000
[   29.588326] CS:  0010 DS: 0000 ES: 0000 CR0: 0000000080050033
[   29.588556] CR2: 00000000000002a8 CR3: 0000000009fa8003 CR4: 0000000000770ef0
[   29.588836] PKRU: 55555554
[   29.588949] Call Trace:
[   29.589052]  <TASK>
[   29.589144]  xfs_qm_dqread+0x46/0x430
[   29.589300]  ? xfs_qm_dqget_inode+0x13e/0x500
[   29.589484]  xfs_qm_dqget_inode+0x154/0x500
[   29.589658]  ? down_write_nested+0x6e/0x750
[   29.589836]  xfs_qm_dqattach_one+0x147/0x3c0
[   29.590017]  xfs_qm_dqattach_locked+0x14a/0x170
[   29.590205]  xfs_qm_dqattach+0x52/0x80
[   29.590362]  xfs_inactive+0x186/0x340
[   29.590517]  xfs_inodegc_worker+0xc0/0x3f0
[   29.590686]  process_one_work+0x3eb/0x9a0
[   29.590856]  worker_thread+0x52/0x660
[   29.591009]  ? process_one_work+0x9a0/0x9a0
[   29.591184]  kthread+0x15d/0x1a0
[   29.591324]  ? kthread_complete_and_exit+0x40/0x40
[   29.591523]  ret_from_fork+0x1f/0x30
[   29.591681]  </TASK>
[   29.591774] Modules linked in:
[   29.591903] CR2: 00000000000002a8
[   29.592041] ---[ end trace 0000000000000000 ]---
[   29.592225] RIP: 0010:xfs_dquot_alloc+0x95/0x1c0
[   29.592417] Code: c0 81 44 85 48 c7 c6 28 51 77 83 e8 c5 3b 70 ff 49 8b 8d 60 01 00 00 44 89 e0 31 d2 48 c7 c6 97 98 74 83 48 8d bb 10 02 00 00 <f7> b1 a8 02 00 00 31 d2 89 c0 48 89 43 30 44 89 e0 4c 8d a3 08 02
[   29.593132] RSP: 0018:ffffc9000003bc30 EFLAGS: 00010246
[   29.593341] RAX: 0000000000000009 RBX: ffff88800d6df918 RCX: 0000000000000000
[   29.593622] RDX: 0000000000000000 RSI: ffffffff83749897 RDI: ffff88800d6dfb28
[   29.593901] RBP: ffffc9000003bc58 R08: 0000000000000002 R09: 0000000000000000
[   29.594180] R10: ffffc9000003ba98 R11: ffff888005f13140 R12: 0000000000000009
[   29.594461] R13: ffff88800d285000 R14: ffff88800d285000 R15: 0000000000000004
[   29.594742] FS:  0000000000000000(0000) GS:ffff88807dc00000(0000) knlGS:0000000000000000
[   29.595056] CS:  0010 DS: 0000 ES: 0000 CR0: 0000000080050033
[   29.595286] CR2: 00000000000002a8 CR3: 0000000009fa8003 CR4: 0000000000770ef0
[   29.595567] PKRU: 55555554
[   29.601070] XFS (loop3): totally zeroed log
[   29.683470] loop0: detected capacity change from 0 to 65536
[   29.683859] XFS: ikeep mount option is deprecated.
[   29.721911] XFS (loop0): DAX unsupported by block device. Turning off DAX.
[   29.722257] XFS (loop0): Mounting V4 Filesystem
[   29.733214] loop2: detected capacity change from 0 to 65536
[   29.733573] XFS: ikeep mount option is deprecated.
[   29.733886] XFS (loop0): totally zeroed log
[   29.734173] XFS (loop0): Ending clean mount
[   29.734418] XFS (loop0): Quotacheck needed: Please wait.
[   29.745004] 00000000: 58 41 47 49 00 00 00 01 00 00 00 00 00 00 80 00  XAGI............
[   29.745322] 00000010: 00 00 00 40 00 00 00 06 00 00 00 01 00 00 00 37  ...@...........7
[   29.745636] 00000020: 00 00 00 20 ff ff ff ff ff ff ff ff ff ff ff ff  ... ............
[   29.745944] 00000030: ff ff ff ff ff ff ff ff ff ff ff ff ff ff ff ff  ................
[   29.746252] 00000040: ff ff ff ff ff ff ff ff ff ff ff ff ff ff ff ff  ................
[   29.746560] 00000050: ff ff ff ff ff ff ff ff ff ff ff ff ff ff ff ff  ................
[   29.746868] 00000060: ff ff ff ff ff ff ff ff ff ff ff ff ff ff ff ff  ................
[   29.747178] 00000070: ff ff ff ff ff ff ff ff ff ff ff ff ff ff ff ff  ................
[   29.747485] 00000080: ff ff ff ff ff ff ff ff ff ff ff ff ff ff ff ff  ................
[   29.747793] 00000090: ff ff ff ff ff ff ff ff ff ff ff ff ff ff ff ff  ................
[   29.748100] 000000a0: ff ff ff ff ff ff ff ff ff ff ff ff ff ff ff ff  ................
[   29.748407] 000000b0: ff ff ff ff ff ff ff ff ff ff ff ff ff ff ff ff  ................
[   29.748714] 000000c0: ff ff ff ff ff ff ff ff ff ff ff ff ff ff ff ff  ................
[   29.749033] 000000d0: ff ff ff ff ff ff ff ff ff ff ff ff ff ff ff ff  ................
[   29.749341] 000000e0: ff ff ff ff ff ff ff ff ff ff ff ff ff ff ff ff  ................
[   29.749649] 000000f0: ff ff ff ff ff ff ff ff ff ff ff ff ff ff ff ff  ................
[   29.749956] 00000100: ff ff ff ff ff ff ff ff ff ff ff ff ff ff ff ff  ................
[   29.750263] 00000110: ff ff ff ff ff ff ff ff ff ff ff ff ff ff ff ff  ................
[   29.750571] 00000120: ff ff ff ff ff ff ff ff 00 00 00 00 00 00 00 00  ................
[   29.750878] 00000130: 00 00 00 00 00 00 00 00 00 00 00 00 00 00 00 00  ................
[   29.751194] 00000140: 00 00 00 00 00 00 00 00 00 00 00 00 00 00 00 00  ................
[   29.751502] 00000150: 00 00 00 00 00 00 00 00                          ........
[   29.751784] XFS (loop0): Internal error xfs_iunlink_remove at line 2343 of file fs/xfs/xfs_inode.c.  Caller xfs_ifree+0xea/0x9d0
[   29.752233] CPU: 1 PID: 416 Comm: kworker/1:5 Tainted: G      D           5.19.0-rc6-097da1a44d1a+ #1
[   29.752589] Hardware name: QEMU Standard PC (i440FX + PIIX, 1996), BIOS rel-1.16.0-0-gd239552ce722-prebuilt.qemu.org 04/01/2014
[   29.753024] Workqueue: xfs-inodegc/loop0 xfs_inodegc_worker
[   29.753245] Call Trace:
[   29.753346]  <TASK>
[   29.753437]  dump_stack_lvl+0xa7/0xdb
[   29.753595]  dump_stack+0x19/0x1f
[   29.753735]  xfs_corruption_error+0xd7/0xe0
[   29.753909]  ? xfs_ifree+0xea/0x9d0
[   29.754056]  xfs_iunlink_remove+0x418/0x430
[   29.754227]  ? xfs_ifree+0xea/0x9d0
[   29.754374]  ? write_comp_data+0x2f/0x90
[   29.754540]  xfs_ifree+0xea/0x9d0
[   29.754682]  ? write_comp_data+0x2f/0x90
[   29.754844]  ? xfs_trans_ijoin+0x44/0x70
[   29.755007]  ? __sanitizer_cov_trace_pc+0x25/0x60
[   29.755201]  ? xfs_trans_add_item+0x7e/0x1c0
[   29.755378]  xfs_inactive_ifree+0xf8/0x2a0
[   29.755547]  xfs_inactive+0x226/0x340
[   29.755701]  xfs_inodegc_worker+0xc0/0x3f0
[   29.755869]  process_one_work+0x3eb/0x9a0
[   29.756036]  worker_thread+0x52/0x660
[   29.756188]  ? process_one_work+0x9a0/0x9a0
[   29.756358]  kthread+0x15d/0x1a0
[   29.756496]  ? kthread_complete_and_exit+0x40/0x40
[   29.756694]  ret_from_fork+0x1f/0x30
[   29.756848]  </TASK>
[   29.756946] XFS (loop0): Corruption detected. Unmount and run xfs_repair
[   29.757209] XFS (loop0): xfs_inactive_ifree: xfs_ifree returned error -117
[   29.771244] XFS (loop0): log I/O error -5
[   29.771443] XFS (loop0): Metadata I/O Error (0x1) detected at xfs_inactive_ifree+0x232/0x2a0 (fs/xfs/xfs_inode.c:1612).  Shutting down filesystem.
[   29.771949] XFS (loop0): Please unmount the filesystem and rectify the problem(s)
[   29.772258] XFS (loop2): DAX unsupported by block device. Turning off DAX.
[   29.772596] XFS (loop2): Mounting V4 Filesystem
[   29.783907] loop1: detected capacity change from 0 to 65536
[   29.784256] XFS: ikeep mount option is deprecated.
[   29.784574] XFS (loop2): totally zeroed log
[   29.784916] XFS (loop2): Ending clean mount
[   29.785289] XFS (loop2): Quotacheck needed: Please wait.
[   29.841824] loop4: detected capacity change from 0 to 65536
[   29.842212] XFS: ikeep mount option is deprecated.
[   29.842931] loop5: detected capacity change from 0 to 65536
[   29.843285] XFS: ikeep mount option is deprecated.
[   29.843874] XFS (loop5): DAX unsupported by block device. Turning off DAX.
[   29.844199] XFS (loop5): Mounting V4 Filesystem
[   29.844511] XFS (loop5): totally zeroed log
