c[?7l[2J[0mSeaBIOS (version rel-1.16.0-0-gd239552ce722-prebuilt.qemu.org)


iPXE (http://ipxe.org) 00:03.0 CA00 PCI2.10 PnP PMM+7FF91000+7FEF1000 CA00
Press Ctrl-B to configure iPXE (PCI 00:03.0)...                                                                               


Booting from ROM..c[?7l[2J[    0.000000] Linux version 5.19.0-12b68040a5e4+ (root@p-adls01) (gcc (GCC) 8.5.0 20210514 (Red Hat 8.5.0-18), GNU ld version 2.36.1-2.el8) #1 SMP PREEMPT_DYNAMIC Tue Feb 21 18:00:31 CST 2023
[    0.000000] Command line: console=ttyS0 root=/dev/sda earlyprintk=serial net.ifnames=0
[    0.000000] KERNEL supported cpus:
[    0.000000]   Intel GenuineIntel
[    0.000000]   AMD AuthenticAMD
[    0.000000]   Hygon HygonGenuine
[    0.000000]   Centaur CentaurHauls
[    0.000000]   zhaoxin   Shanghai  
[    0.000000] x86/fpu: Supporting XSAVE feature 0x001: 'x87 floating point registers'
[    0.000000] x86/fpu: Supporting XSAVE feature 0x002: 'SSE registers'
[    0.000000] x86/fpu: Supporting XSAVE feature 0x004: 'AVX registers'
[    0.000000] x86/fpu: Supporting XSAVE feature 0x200: 'Protection Keys User registers'
[    0.000000] x86/fpu: xstate_offset[2]:  576, xstate_sizes[2]:  256
[    0.000000] x86/fpu: xstate_offset[9]:  832, xstate_sizes[9]:    8
[    0.000000] x86/fpu: Enabled xstate features 0x207, context size is 840 bytes, using 'compacted' format.
[    0.000000] signal: max sigframe size: 3632
[    0.000000] BIOS-provided physical RAM map:
[    0.000000] BIOS-e820: [mem 0x0000000000000000-0x000000000009fbff] usable
[    0.000000] BIOS-e820: [mem 0x000000000009fc00-0x000000000009ffff] reserved
[    0.000000] BIOS-e820: [mem 0x00000000000f0000-0x00000000000fffff] reserved
[    0.000000] BIOS-e820: [mem 0x0000000000100000-0x000000007ffdffff] usable
[    0.000000] BIOS-e820: [mem 0x000000007ffe0000-0x000000007fffffff] reserved
[    0.000000] BIOS-e820: [mem 0x00000000feffc000-0x00000000feffffff] reserved
[    0.000000] BIOS-e820: [mem 0x00000000fffc0000-0x00000000ffffffff] reserved
[    0.000000] printk: bootconsole [earlyser0] enabled
[    0.000000] NX (Execute Disable) protection: active
[    0.000000] SMBIOS 2.8 present.
[    0.000000] DMI: QEMU Standard PC (i440FX + PIIX, 1996), BIOS rel-1.16.0-0-gd239552ce722-prebuilt.qemu.org 04/01/2014
[    0.000000] Hypervisor detected: KVM
[    0.000000] kvm-clock: Using msrs 4b564d01 and 4b564d00
[    0.000002] kvm-clock: using sched offset of 280114311 cycles
[    0.000306] clocksource: kvm-clock: mask: 0xffffffffffffffff max_cycles: 0x1cd42e4dffb, max_idle_ns: 881590591483 ns
[    0.001253] tsc: Detected 3609.600 MHz processor
[    0.007709] last_pfn = 0x7ffe0 max_arch_pfn = 0x400000000
[    0.008106] x86/PAT: Configuration [0-7]: WB  WC  UC- UC  WB  WP  UC- WT  
[    0.012918] found SMP MP-table at [mem 0x000f5ba0-0x000f5baf]
[    0.013315] Using GB pages for direct mapping
[    0.014488] ACPI: Early table checksum verification disabled
[    0.014824] ACPI: RSDP 0x00000000000F59C0 000014 (v00 BOCHS )
[    0.015178] ACPI: RSDT 0x000000007FFE1951 000034 (v01 BOCHS  BXPC     00000001 BXPC 00000001)
[    0.015688] ACPI: FACP 0x000000007FFE17FD 000074 (v01 BOCHS  BXPC     00000001 BXPC 00000001)
[    0.016198] ACPI: DSDT 0x000000007FFE0040 0017BD (v01 BOCHS  BXPC     00000001 BXPC 00000001)
[    0.016705] ACPI: FACS 0x000000007FFE0000 000040
[    0.016986] ACPI: APIC 0x000000007FFE1871 000080 (v01 BOCHS  BXPC     00000001 BXPC 00000001)
[    0.017493] ACPI: HPET 0x000000007FFE18F1 000038 (v01 BOCHS  BXPC     00000001 BXPC 00000001)
[    0.018001] ACPI: WAET 0x000000007FFE1929 000028 (v01 BOCHS  BXPC     00000001 BXPC 00000001)
[    0.018506] ACPI: Reserving FACP table memory at [mem 0x7ffe17fd-0x7ffe1870]
[    0.018919] ACPI: Reserving DSDT table memory at [mem 0x7ffe0040-0x7ffe17fc]
[    0.019333] ACPI: Reserving FACS table memory at [mem 0x7ffe0000-0x7ffe003f]
[    0.019742] ACPI: Reserving APIC table memory at [mem 0x7ffe1871-0x7ffe18f0]
[    0.020151] ACPI: Reserving HPET table memory at [mem 0x7ffe18f1-0x7ffe1928]
[    0.020560] ACPI: Reserving WAET table memory at [mem 0x7ffe1929-0x7ffe1950]
[    0.021434] No NUMA configuration found
[    0.021659] Faking a node at [mem 0x0000000000000000-0x000000007ffdffff]
[    0.022092] NODE_DATA(0) allocated [mem 0x7ffb5000-0x7ffdffff]
[    0.025498] Zone ranges:
[    0.025662]   DMA      [mem 0x0000000000001000-0x0000000000ffffff]
[    0.026023]   DMA32    [mem 0x0000000001000000-0x000000007ffdffff]
[    0.026384]   Normal   empty
[    0.026554]   Device   empty
[    0.026725] Movable zone start for each node
[    0.026977] Early memory node ranges
[    0.027186]   node   0: [mem 0x0000000000001000-0x000000000009efff]
[    0.027551]   node   0: [mem 0x0000000000100000-0x000000007ffdffff]
[    0.027917] Initmem setup node 0 [mem 0x0000000000001000-0x000000007ffdffff]
[    0.031811] On node 0, zone DMA: 1 pages in unavailable ranges
[    0.031908] On node 0, zone DMA: 97 pages in unavailable ranges
[    0.049194] On node 0, zone DMA32: 32 pages in unavailable ranges
[    0.049738] ACPI: PM-Timer IO Port: 0x608
[    0.050339] ACPI: LAPIC_NMI (acpi_id[0xff] dfl dfl lint[0x1])
[    0.050710] IOAPIC[0]: apic_id 0, version 17, address 0xfec00000, GSI 0-23
[    0.051127] ACPI: INT_SRC_OVR (bus 0 bus_irq 0 global_irq 2 dfl dfl)
[    0.051503] ACPI: INT_SRC_OVR (bus 0 bus_irq 5 global_irq 5 high level)
[    0.051894] ACPI: INT_SRC_OVR (bus 0 bus_irq 9 global_irq 9 high level)
[    0.052281] ACPI: INT_SRC_OVR (bus 0 bus_irq 10 global_irq 10 high level)
[    0.052678] ACPI: INT_SRC_OVR (bus 0 bus_irq 11 global_irq 11 high level)
[    0.053086] ACPI: Using ACPI (MADT) for SMP configuration information
[    0.053460] ACPI: HPET id: 0x8086a201 base: 0xfed00000
[    0.053770] TSC deadline timer available
[    0.054000] smpboot: Allowing 2 CPUs, 0 hotplug CPUs
[    0.054313] kvm-guest: KVM setup pv remote TLB flush
[    0.054603] kvm-guest: setup PV sched yield
[    0.054883] PM: hibernation: Registered nosave memory: [mem 0x00000000-0x00000fff]
[    0.055335] PM: hibernation: Registered nosave memory: [mem 0x0009f000-0x0009ffff]
[    0.055773] PM: hibernation: Registered nosave memory: [mem 0x000a0000-0x000effff]
[    0.056212] PM: hibernation: Registered nosave memory: [mem 0x000f0000-0x000fffff]
[    0.056653] [mem 0x80000000-0xfeffbfff] available for PCI devices
[    0.057007] Booting paravirtualized kernel on KVM
[    0.057282] clocksource: refined-jiffies: mask: 0xffffffff max_cycles: 0xffffffff, max_idle_ns: 7645519600211568 ns
[    0.057898] setup_percpu: NR_CPUS:8192 nr_cpumask_bits:2 nr_cpu_ids:2 nr_node_ids:1
[    0.059431] percpu: Embedded 64 pages/cpu s225280 r8192 d28672 u1048576
[    0.059986] kvm-guest: PV spinlocks enabled
[    0.060242] PV qspinlock hash table entries: 256 (order: 0, 4096 bytes, linear)
[    0.060683] Fallback order for Node 0: 0 
[    0.060931] Built 1 zonelists, mobility grouping on.  Total pages: 515808
[    0.061332] Policy zone: DMA32
[    0.061513] Kernel command line: net.ifnames=0 console=ttyS0 root=/dev/sda earlyprintk=serial net.ifnames=0
[    0.063318] Dentry cache hash table entries: 262144 (order: 9, 2097152 bytes, linear)
[    0.063857] Inode-cache hash table entries: 131072 (order: 8, 1048576 bytes, linear)
[    0.064389] mem auto-init: stack:off, heap alloc:off, heap free:off
[    0.067380] Memory: 1985384K/2096632K available (32784K kernel code, 4523K rwdata, 8060K rodata, 3640K init, 22328K bss, 110992K reserved, 0K cma-reserved)
[    0.069023] SLUB: HWalign=64, Order=0-3, MinObjects=0, CPUs=2, Nodes=1
[    0.069394] kmemleak: Kernel memory leak detector disabled
[    0.069724] ftrace: allocating 66506 entries in 260 pages
[    0.084678] ftrace: allocated 260 pages with 2 groups
[    0.087106] Dynamic Preempt: voluntary
[    0.087430] Running RCU self tests
[    0.087625] rcu: Preemptible hierarchical RCU implementation.
[    0.087946] rcu: 	RCU lockdep checking is enabled.
[    0.088214] rcu: 	RCU restricting CPUs from NR_CPUS=8192 to nr_cpu_ids=2.
[    0.088593] 	Trampoline variant of Tasks RCU enabled.
[    0.088875] 	Rude variant of Tasks RCU enabled.
[    0.089128] 	Tracing variant of Tasks RCU enabled.
[    0.089395] rcu: RCU calculated value of scheduler-enlistment delay is 25 jiffies.
[    0.089818] rcu: Adjusting geometry for rcu_fanout_leaf=16, nr_cpu_ids=2
[    0.110594] NR_IRQS: 524544, nr_irqs: 440, preallocated irqs: 16
[    0.111193] rcu: srcu_init: Setting srcu_struct sizes based on contention.
[    0.116926] Console: colour VGA+ 80x25
[    0.117181] printk: console [ttyS0] enabled
[    0.117181] printk: console [ttyS0] enabled
[    0.117665] printk: bootconsole [earlyser0] disabled
[    0.117665] printk: bootconsole [earlyser0] disabled
[    0.118231] Lock dependency validator: Copyright (c) 2006 Red Hat, Inc., Ingo Molnar
[    0.118676] ... MAX_LOCKDEP_SUBCLASSES:  8
[    0.118919] ... MAX_LOCK_DEPTH:          48
[    0.119165] ... MAX_LOCKDEP_KEYS:        8192
[    0.119421] ... CLASSHASH_SIZE:          4096
[    0.119677] ... MAX_LOCKDEP_ENTRIES:     32768
[    0.119937] ... MAX_LOCKDEP_CHAINS:      65536
[    0.120197] ... CHAINHASH_SIZE:          32768
[    0.120458]  memory used by lock dependency info: 6365 kB
[    0.120772]  memory used for stack traces: 4224 kB
[    0.121052]  per task-struct memory footprint: 1920 bytes
[    0.121403] ACPI: Core revision 20220331
[    0.121804] clocksource: hpet: mask: 0xffffffff max_cycles: 0xffffffff, max_idle_ns: 19112604467 ns
[    0.122420] APIC: Switch to symmetric I/O mode setup
[    0.122849] x2apic enabled
[    0.123144] Switched APIC routing to physical x2apic.
[    0.123439] kvm-guest: setup PV IPIs
[    0.124299] ..TIMER: vector=0x30 apic1=0 pin1=2 apic2=-1 pin2=-1
[    0.124674] clocksource: tsc-early: mask: 0xffffffffffffffff max_cycles: 0x3407c077a8d, max_idle_ns: 440795342283 ns
[    0.125302] Calibrating delay loop (skipped) preset value.. 7219.20 BogoMIPS (lpj=14438400)
[    0.125785] pid_max: default: 32768 minimum: 301
[    0.126192] LSM: Security Framework initializing
[    0.129298] Yama: becoming mindful.
[    0.129667] Mount-cache hash table entries: 4096 (order: 3, 32768 bytes, linear)
[    0.130125] Mountpoint-cache hash table entries: 4096 (order: 3, 32768 bytes, linear)
[    0.131978] x86/cpu: User Mode Instruction Prevention (UMIP) activated
[    0.132472] Last level iTLB entries: 4KB 0, 2MB 0, 4MB 0
[    0.132789] Last level dTLB entries: 4KB 0, 2MB 0, 4MB 0, 1GB 0
[    0.133142] Spectre V1 : Mitigation: usercopy/swapgs barriers and __user pointer sanitization
[    0.133298] Spectre V2 : WARNING: Unprivileged eBPF is enabled with eIBRS on, data leaks possible via Spectre v2 BHB attacks!
[    0.133948] Spectre V2 : Mitigation: Enhanced IBRS
[    0.134216] Spectre V2 : Spectre v2 / SpectreRSB mitigation: Filling RSB on context switch
[    0.134671] Spectre V2 : mitigation: Enabling conditional Indirect Branch Prediction Barrier
[    0.135135] Speculative Store Bypass: Mitigation: Speculative Store Bypass disabled via prctl
[    0.218934] Freeing SMP alternatives memory: 56K
[    0.219406] smpboot: CPU0: 12th Gen Intel(R) Core(TM) i7-12700K (family: 0x6, model: 0x97, stepping: 0x2)
[    0.220250] cblist_init_generic: Setting adjustable number of callback queues.
[    0.220657] cblist_init_generic: Setting shift to 1 and lim to 1.
[    0.221029] cblist_init_generic: Setting shift to 1 and lim to 1.
[    0.221292] cblist_init_generic: Setting shift to 1 and lim to 1.
[    0.221292] Running RCU-tasks wait API self tests
[    0.321348] Performance Events: Alderlake Hybrid events, full-width counters, Intel PMU driver.
[    0.322160] core: cpu_core PMU driver: 
[    0.322384] ... version:                2
[    0.322610] ... bit width:              48
[    0.322840] ... generic registers:      6
[    0.323065] ... value mask:             0000ffffffffffff
[    0.323359] ... max period:             00007fffffffffff
[    0.323654] ... fixed-purpose events:   3
[    0.323878] ... event mask:             0001000f0000003f
[    0.324276] rcu: Hierarchical SRCU implementation.
[    0.324543] rcu: 	Max phase no-delay instances is 1000.
[    0.326662] unchecked MSR access error: WRMSR to 0x38f (tried to write 0x0001000f0000003f) at rIP: 0xffffffff810ca4cc (native_write_msr+0xc/0x30)
[    0.327392] Call Trace:
[    0.327533]  <TASK>
[    0.327657]  __intel_pmu_enable_all.constprop.45+0x68/0x100
[    0.327975]  intel_pmu_enable_all+0x1e/0x30
[    0.328215]  x86_pmu_enable+0x46d/0x5a0
[    0.328436]  ? write_comp_data+0x2f/0x90
[    0.328665]  perf_pmu_enable+0x53/0x70
[    0.328883]  ctx_resched+0xab/0xf0
[    0.329086]  __perf_install_in_context+0x347/0x4b0
[    0.329292]  ? perf_duration_warn+0x50/0x50
[    0.329292]  ? perf_duration_warn+0x50/0x50
[    0.329292]  remote_function+0x80/0xa0
[    0.329292]  ? perf_duration_warn+0x50/0x50
[    0.329292]  generic_exec_single+0x124/0x190
[    0.329292]  smp_call_function_single+0x11c/0x240
[    0.329292]  ? perf_duration_warn+0x50/0x50
[    0.329292]  ? __sanitizer_cov_trace_pc+0x25/0x60
[    0.329292]  ? write_comp_data+0x2f/0x90
[    0.329292]  perf_install_in_context+0x2e8/0x310
[    0.329292]  ? ctx_resched+0xf0/0xf0
[    0.329292]  perf_event_create_kernel_counter+0x16a/0x200
[    0.329292]  ? hardlockup_detector_event_create+0xd0/0xd0
[    0.329292]  hardlockup_detector_event_create+0x46/0xd0
[    0.329292]  hardlockup_detector_perf_init+0x18/0x66
[    0.329292]  watchdog_nmi_probe+0x17/0x1d
[    0.329292]  lockup_detector_init+0x40/0xaf
[    0.329292]  kernel_init_freeable+0x264/0x411
[    0.329292]  ? rest_init+0x240/0x240
[    0.329292]  kernel_init+0x24/0x1e0
[    0.329292]  ? rest_init+0x240/0x240
[    0.329292]  ret_from_fork+0x1f/0x30
[    0.329292]  </TASK>
[    0.329307] Callback from call_rcu_tasks_trace() invoked.
[    0.329734] smp: Bringing up secondary CPUs ...
[    0.330304] x86: Booting SMP configuration:
[    0.330545] .... node  #0, CPUs:      #1
[    0.330753] smp: Brought up 1 node, 2 CPUs
[    0.330753] smpboot: Max logical packages: 1
[    0.330753] smpboot: Total of 2 processors activated (14438.40 BogoMIPS)
[    0.333939] devtmpfs: initialized
[    0.333939] x86/mm: Memory block size: 128MB
[    0.335360] clocksource: jiffies: mask: 0xffffffff max_cycles: 0xffffffff, max_idle_ns: 7645041785100000 ns
[    0.337307] futex hash table entries: 512 (order: 4, 65536 bytes, linear)
[    0.337864] pinctrl core: initialized pinctrl subsystem
[    0.338594] 
[    0.338686] *************************************************************
[    0.339060] **     NOTICE NOTICE NOTICE NOTICE NOTICE NOTICE NOTICE    **
[    0.339443] **                                                         **
[    0.339817] **  IOMMU DebugFS SUPPORT HAS BEEN ENABLED IN THIS KERNEL  **
[    0.340190] **                                                         **
[    0.340562] ** This means that this kernel is built to expose internal **
[    0.340935] ** IOMMU data structures, which may compromise security on **
[    0.341301] ** your system.                                            **
[    0.341675] **                                                         **
[    0.342049] ** If you see this message and you are not debugging the   **
[    0.342422] ** kernel, report this immediately to your vendor!         **
[    0.342796] **                                                         **
[    0.343178] **     NOTICE NOTICE NOTICE NOTICE NOTICE NOTICE NOTICE    **
[    0.343551] *************************************************************
[    0.343957] PM: RTC time: 07:33:04, date: 2023-02-22
[    0.346791] NET: Registered PF_NETLINK/PF_ROUTE protocol family
[    0.347615] DMA: preallocated 256 KiB GFP_KERNEL pool for atomic allocations
[    0.348016] DMA: preallocated 256 KiB GFP_KERNEL|GFP_DMA pool for atomic allocations
[    0.348449] DMA: preallocated 256 KiB GFP_KERNEL|GFP_DMA32 pool for atomic allocations
[    0.348923] audit: initializing netlink subsys (disabled)
[    0.349323] audit: type=2000 audit(1677051185.386:1): state=initialized audit_enabled=0 res=1
[    0.349759] thermal_sys: Registered thermal governor 'fair_share'
[    0.349816] thermal_sys: Registered thermal governor 'bang_bang'
[    0.350157] thermal_sys: Registered thermal governor 'step_wise'
[    0.350490] thermal_sys: Registered thermal governor 'user_space'
[    0.350852] cpuidle: using governor ladder
[    0.351439] cpuidle: using governor menu
[    0.351860] HugeTLB: can optimize 4095 vmemmap pages for hugepages-1048576kB
[    0.352258] acpiphp: ACPI Hot Plug PCI Controller Driver version: 0.5
[    0.352863] PCI: Using configuration type 1 for base access
[    0.365051] kprobes: kprobe jump-optimization is enabled. All kprobes are optimized if possible.
[    0.458010] HugeTLB: can optimize 7 vmemmap pages for hugepages-2048kB
[    0.458398] HugeTLB registered 1.00 GiB page size, pre-allocated 0 pages
[    0.458775] HugeTLB registered 2.00 MiB page size, pre-allocated 0 pages
[    0.461291] ACPI: Added _OSI(Module Device)
[    0.461564] ACPI: Added _OSI(Processor Device)
[    0.461813] ACPI: Added _OSI(3.0 _SCP Extensions)
[    0.462076] ACPI: Added _OSI(Processor Aggregator Device)
[    0.462377] ACPI: Added _OSI(Linux-Dell-Video)
[    0.462626] ACPI: Added _OSI(Linux-Lenovo-NV-HDMI-Audio)
[    0.462931] ACPI: Added _OSI(Linux-HPI-Hybrid-Graphics)
[    0.467476] ACPI: 1 ACPI AML tables successfully acquired and loaded
[    0.470291] ACPI: Interpreter enabled
[    0.470567] ACPI: PM: (supports S0 S3 S4 S5)
[    0.470818] ACPI: Using IOAPIC for interrupt routing
[    0.471128] PCI: Using host bridge windows from ACPI; if necessary, use "pci=nocrs" and report a bug
[    0.471628] PCI: Using E820 reservations for host bridge windows
[    0.472473] ACPI: Enabled 2 GPEs in block 00 to 0F
[    0.485370] ACPI: PCI Root Bridge [PCI0] (domain 0000 [bus 00-ff])
[    0.485741] acpi PNP0A03:00: _OSC: OS supports [ASPM ClockPM Segments MSI EDR HPX-Type3]
[    0.486193] acpi PNP0A03:00: _OSC: not requesting OS control; OS requires [ExtendedConfig ASPM ClockPM MSI]
[    0.486782] acpi PNP0A03:00: fail to add MMCONFIG information, can't access extended PCI configuration space under this bridge.
[    0.489238] acpiphp: Slot [3] registered
[    0.489357] acpiphp: Slot [4] registered
[    0.489628] acpiphp: Slot [5] registered
[    0.489900] acpiphp: Slot [6] registered
[    0.490171] acpiphp: Slot [7] registered
[    0.490442] acpiphp: Slot [8] registered
[    0.490730] acpiphp: Slot [9] registered
[    0.491002] acpiphp: Slot [10] registered
[    0.491278] acpiphp: Slot [11] registered
[    0.491555] acpiphp: Slot [12] registered
[    0.491831] acpiphp: Slot [13] registered
[    0.492113] acpiphp: Slot [14] registered
[    0.492389] acpiphp: Slot [15] registered
[    0.492665] acpiphp: Slot [16] registered
[    0.492941] acpiphp: Slot [17] registered
[    0.493224] acpiphp: Slot [18] registered
[    0.493350] acpiphp: Slot [19] registered
[    0.493626] acpiphp: Slot [20] registered
[    0.493902] acpiphp: Slot [21] registered
[    0.494179] acpiphp: Slot [22] registered
[    0.494470] acpiphp: Slot [23] registered
[    0.494754] acpiphp: Slot [24] registered
[    0.495031] acpiphp: Slot [25] registered
[    0.495307] acpiphp: Slot [26] registered
[    0.495583] acpiphp: Slot [27] registered
[    0.495864] acpiphp: Slot [28] registered
[    0.496139] acpiphp: Slot [29] registered
[    0.496415] acpiphp: Slot [30] registered
[    0.496691] acpiphp: Slot [31] registered
[    0.496932] PCI host bridge to bus 0000:00
[    0.497163] pci_bus 0000:00: root bus resource [io  0x0000-0x0cf7 window]
[    0.497295] pci_bus 0000:00: root bus resource [io  0x0d00-0xffff window]
[    0.497675] pci_bus 0000:00: root bus resource [mem 0x000a0000-0x000bffff window]
[    0.498091] pci_bus 0000:00: root bus resource [mem 0x80000000-0xfebfffff window]
[    0.498517] pci_bus 0000:00: root bus resource [mem 0x100000000-0x17fffffff window]
[    0.498946] pci_bus 0000:00: root bus resource [bus 00-ff]
[    0.499329] pci 0000:00:00.0: [8086:1237] type 00 class 0x060000
[    0.502063] pci 0000:00:01.0: [8086:7000] type 00 class 0x060100
[    0.502925] pci 0000:00:01.1: [8086:7010] type 00 class 0x010180
[    0.504173] pci 0000:00:01.1: reg 0x20: [io  0xc040-0xc04f]
[    0.504906] pci 0000:00:01.1: legacy IDE quirk: reg 0x10: [io  0x01f0-0x01f7]
[    0.505296] pci 0000:00:01.1: legacy IDE quirk: reg 0x14: [io  0x03f6]
[    0.505661] pci 0000:00:01.1: legacy IDE quirk: reg 0x18: [io  0x0170-0x0177]
[    0.506058] pci 0000:00:01.1: legacy IDE quirk: reg 0x1c: [io  0x0376]
[    0.506625] pci 0000:00:01.3: [8086:7113] type 00 class 0x068000
[    0.507188] pci 0000:00:01.3: quirk: [io  0x0600-0x063f] claimed by PIIX4 ACPI
[    0.507594] pci 0000:00:01.3: quirk: [io  0x0700-0x070f] claimed by PIIX4 SMB
[    0.508330] pci 0000:00:02.0: [1234:1111] type 00 class 0x030000
[    0.509529] pci 0000:00:02.0: reg 0x10: [mem 0xfd000000-0xfdffffff pref]
[    0.510903] pci 0000:00:02.0: reg 0x18: [mem 0xfebf0000-0xfebf0fff]
[    0.513008] pci 0000:00:02.0: reg 0x30: [mem 0xfebe0000-0xfebeffff pref]
[    0.513359] pci 0000:00:02.0: Video device with shadowed ROM at [mem 0x000c0000-0x000dffff]
[    0.516148] pci 0000:00:03.0: [8086:100e] type 00 class 0x020000
[    0.517001] pci 0000:00:03.0: reg 0x10: [mem 0xfebc0000-0xfebdffff]
[    0.517738] pci 0000:00:03.0: reg 0x14: [io  0xc000-0xc03f]
[    0.520199] pci 0000:00:03.0: reg 0x30: [mem 0xfeb80000-0xfebbffff pref]
[    0.528293] ACPI: PCI: Interrupt link LNKA configured for IRQ 10
[    0.528929] ACPI: PCI: Interrupt link LNKB configured for IRQ 10
[    0.529550] ACPI: PCI: Interrupt link LNKC configured for IRQ 11
[    0.530175] ACPI: PCI: Interrupt link LNKD configured for IRQ 11
[    0.530649] ACPI: PCI: Interrupt link LNKS configured for IRQ 9
[    0.531804] iommu: Default domain type: Translated 
[    0.532091] iommu: DMA domain TLB invalidation policy: lazy mode 
[    0.533195] SCSI subsystem initialized
[    0.533486] ACPI: bus type USB registered
[    0.533769] usbcore: registered new interface driver usbfs
[    0.534101] usbcore: registered new interface driver hub
[    0.534422] usbcore: registered new device driver usb
[    0.534771] pps_core: LinuxPPS API ver. 1 registered
[    0.535048] pps_core: Software ver. 5.3.6 - Copyright 2005-2007 Rodolfo Giometti <giometti@linux.it>
[    0.535554] PTP clock support registered
[    0.535896] EDAC MC: Ver: 3.0.0
[    0.537037] NetLabel: Initializing
[    0.537235] NetLabel:  domain hash size = 128
[    0.537297] NetLabel:  protocols = UNLABELED CIPSOv4 CALIPSO
[    0.537654] NetLabel:  unlabeled traffic allowed by default
[    0.538191] PCI: Using ACPI for IRQ routing
[    0.538582] pci 0000:00:02.0: vgaarb: setting as boot VGA device
[    0.538924] pci 0000:00:02.0: vgaarb: bridge control possible
[    0.539246] pci 0000:00:02.0: vgaarb: VGA device added: decodes=io+mem,owns=io+mem,locks=none
[    0.539717] vgaarb: loaded
[    0.540097] hpet0: at MMIO 0xfed00000, IRQs 2, 8, 0
[    0.540384] hpet0: 3 comparators, 64-bit 100.000000 MHz counter
[    2.589441] clocksource: Switched to clocksource kvm-clock
[    2.590321] VFS: Disk quotas dquot_6.6.0
[    2.590582] VFS: Dquot-cache hash table entries: 512 (order 0, 4096 bytes)
[    2.591168] pnp: PnP ACPI init
[    2.592707] pnp: PnP ACPI: found 6 devices
[    2.602564] clocksource: acpi_pm: mask: 0xffffff max_cycles: 0xffffff, max_idle_ns: 2085701024 ns
[    2.603369] NET: Registered PF_INET protocol family
[    2.603788] IP idents hash table entries: 32768 (order: 6, 262144 bytes, linear)
[    2.604867] tcp_listen_portaddr_hash hash table entries: 1024 (order: 4, 73728 bytes, linear)
[    2.605381] Table-perturb hash table entries: 65536 (order: 6, 262144 bytes, linear)
[    2.605811] TCP established hash table entries: 16384 (order: 5, 131072 bytes, linear)
[    2.606383] TCP bind hash table entries: 16384 (order: 8, 1179648 bytes, linear)
[    2.608067] TCP: Hash tables configured (established 16384 bind 16384)
[    2.608530] UDP hash table entries: 1024 (order: 5, 163840 bytes, linear)
[    2.609164] UDP-Lite hash table entries: 1024 (order: 5, 163840 bytes, linear)
[    2.609739] NET: Registered PF_UNIX/PF_LOCAL protocol family
[    2.610350] RPC: Registered named UNIX socket transport module.
[    2.610689] RPC: Registered udp transport module.
[    2.610951] RPC: Registered tcp transport module.
[    2.611212] RPC: Registered tcp NFSv4.1 backchannel transport module.
[    2.611580] pci_bus 0000:00: resource 4 [io  0x0000-0x0cf7 window]
[    2.611936] pci_bus 0000:00: resource 5 [io  0x0d00-0xffff window]
[    2.612281] pci_bus 0000:00: resource 6 [mem 0x000a0000-0x000bffff window]
[    2.612663] pci_bus 0000:00: resource 7 [mem 0x80000000-0xfebfffff window]
[    2.613045] pci_bus 0000:00: resource 8 [mem 0x100000000-0x17fffffff window]
[    2.613614] pci 0000:00:01.0: PIIX3: Enabling Passive Release
[    2.613941] pci 0000:00:00.0: Limiting direct PCI/PCI transfers
[    2.614282] pci 0000:00:01.0: Activating ISA DMA hang workarounds
[    2.614683] PCI: CLS 0 bytes, default 64
[    2.614933] ACPI: bus type thunderbolt registered
[    2.615391] clocksource: tsc: mask: 0xffffffffffffffff max_cycles: 0x3407c077a8d, max_idle_ns: 440795342283 ns
[    2.632591] Callback from call_rcu_tasks_rude() invoked.
[    2.693453] Callback from call_rcu_tasks() invoked.
[    2.722345] Initialise system trusted keyrings
[    2.722682] Key type blacklist registered
[    2.723116] workingset: timestamp_bits=36 max_order=19 bucket_order=0
[    2.731464] zbud: loaded
[    2.733144] squashfs: version 4.0 (2009/01/31) Phillip Lougher
[    2.734617] NFS: Registering the id_resolver key type
[    2.734922] Key type id_resolver registered
[    2.735157] Key type id_legacy registered
[    2.735465] nfs4filelayout_init: NFSv4 File Layout Driver Registering...
[    2.735855] nfs4flexfilelayout_init: NFSv4 Flexfile Layout Driver Registering...
[    2.736339] fuse: init (API version 7.36)
[    2.736804] SGI XFS with ACLs, security attributes, realtime, quota, no debug enabled
[    2.738935] 9p: Installing v9fs 9p2000 file system support
[    2.744752] Key type asymmetric registered
[    2.745041] Asymmetric key parser 'x509' registered
[    2.746516] alg: self-tests for CTR-KDF (hmac(sha256)) passed
[    2.746877] Block layer SCSI generic (bsg) driver version 0.4 loaded (major 243)
[    2.747399] io scheduler mq-deadline registered
[    2.747684] io scheduler bfq registered
[    2.748679] shpchp: Standard Hot Plug PCI Controller Driver version: 0.4
[    2.749398] IPMI message handler: version 39.2
[    2.749683] ipmi device interface
[    2.751057] input: Power Button as /devices/LNXSYSTM:00/LNXPWRBN:00/input/input0
[    2.751688] ACPI: button: Power Button [PWRF]
[    2.752611] ERST DBG: ERST support is disabled.
[    2.753273] Serial: 8250/16550 driver, 32 ports, IRQ sharing enabled
[    2.754012] 00:04: ttyS0 at I/O 0x3f8 (irq = 4, base_baud = 115200) is a 16550A
[    2.760806] Linux agpgart interface v0.103
[    2.761439] ACPI: bus type drm_connector registered
[    2.771281] brd: module loaded
[    2.776899] loop: module loaded
[    2.779886] scsi host0: ata_piix
[    2.780792] scsi host1: ata_piix
[    2.781103] ata1: PATA max MWDMA2 cmd 0x1f0 ctl 0x3f6 bmdma 0xc040 irq 14
[    2.781494] ata2: PATA max MWDMA2 cmd 0x170 ctl 0x376 bmdma 0xc048 irq 15
[    2.782859] tun: Universal TUN/TAP device driver, 1.6
[    2.783266] e100: Intel(R) PRO/100 Network Driver
[    2.783530] e100: Copyright(c) 1999-2006 Intel Corporation
[    2.783875] e1000: Intel(R) PRO/1000 Network Driver
[    2.784146] e1000: Copyright (c) 1999-2006 Intel Corporation.
[    2.918087] ACPI: \_SB_.LNKC: Enabled at IRQ 11
[    2.941486] ata2: found unknown device (class 0)
[    2.941955] ata1: found unknown device (class 0)
[    2.942658] ata2.00: ATAPI: QEMU DVD-ROM, 2.5+, max UDMA/100
[    2.943098] ata1.00: ATA-7: QEMU HARDDISK, 2.5+, max UDMA/100
[    2.943435] ata1.00: 16777216 sectors, multi 16: LBA48 
[    2.944662] scsi 0:0:0:0: Direct-Access     ATA      QEMU HARDDISK    2.5+ PQ: 0 ANSI: 5
[    2.945961] sd 0:0:0:0: Attached scsi generic sg0 type 0
[    2.946101] sd 0:0:0:0: [sda] 16777216 512-byte logical blocks: (8.59 GB/8.00 GiB)
[    2.946685] scsi 1:0:0:0: CD-ROM            QEMU     QEMU DVD-ROM     2.5+ PQ: 0 ANSI: 5
[    2.946764] sd 0:0:0:0: [sda] Write Protect is off
[    2.947518] sd 0:0:0:0: [sda] Write cache: enabled, read cache: enabled, doesn't support DPO or FUA
[    2.948094] sd 0:0:0:0: [sda] Preferred minimum I/O size 512 bytes
[    2.962768] sd 0:0:0:0: [sda] Attached SCSI disk
[    2.973846] scsi 1:0:0:0: Attached scsi generic sg1 type 5
[    3.235598] e1000 0000:00:03.0 eth0: (PCI:33MHz:32-bit) 52:54:00:12:34:56
[    3.236002] e1000 0000:00:03.0 eth0: Intel(R) PRO/1000 Network Connection
[    3.236445] e1000e: Intel(R) PRO/1000 Network Driver
[    3.236721] e1000e: Copyright(c) 1999 - 2015 Intel Corporation.
[    3.237093] igb: Intel(R) Gigabit Ethernet Network Driver
[    3.237400] igb: Copyright (c) 2007-2014 Intel Corporation.
[    3.237790] PPP generic driver version 2.4.2
[    3.238430] VFIO - User Level meta-driver version: 0.3
[    3.238743] ehci_hcd: USB 2.0 'Enhanced' Host Controller (EHCI) Driver
[    3.239107] ehci-pci: EHCI PCI platform driver
[    3.239375] ehci-platform: EHCI generic platform driver
[    3.239693] ohci_hcd: USB 1.1 'Open' Host Controller (OHCI) Driver
[    3.240047] ohci-pci: OHCI PCI platform driver
[    3.240314] ohci-platform: OHCI generic platform driver
[    3.240619] uhci_hcd: USB Universal Host Controller Interface driver
[    3.241171] usbcore: registered new interface driver uas
[    3.241528] usbcore: registered new interface driver usb-storage
[    3.241939] i8042: PNP: PS/2 Controller [PNP0303:KBD,PNP0f13:MOU] at 0x60,0x64 irq 1,12
[    3.243069] serio: i8042 KBD port at 0x60,0x64 irq 1
[    3.243380] serio: i8042 AUX port at 0x60,0x64 irq 12
[    3.244215] mousedev: PS/2 mouse device common for all mice
[    3.245115] input: AT Translated Set 2 keyboard as /devices/platform/i8042/serio0/input/input1
[    3.245564] rtc_cmos 00:05: RTC can wake from S4
[    3.246443] input: VirtualPS/2 VMware VMMouse as /devices/platform/i8042/serio1/input/input4
[    3.246689] rtc_cmos 00:05: registered as rtc0
[    3.247252] rtc_cmos 00:05: setting system clock to 2023-02-22T07:33:07 UTC (1677051187)
[    3.247840] input: VirtualPS/2 VMware VMMouse as /devices/platform/i8042/serio1/input/input3
[    3.247840] rtc_cmos 00:05: alarms up to one day, y3k, 242 bytes nvram, hpet irqs
[    3.248746] i2c_dev: i2c /dev entries driver
[    3.249022] device-mapper: core: CONFIG_IMA_DISABLE_HTABLE is disabled. Duplicate IMA measurements will not be recorded in the IMA log.
[    3.249781] device-mapper: uevent: version 1.0.3
[    3.250322] device-mapper: ioctl: 4.47.0-ioctl (2022-07-28) initialised: dm-devel@redhat.com
[    3.250790] intel_pstate: CPU model not supported
[    3.251117] sdhci: Secure Digital Host Controller Interface driver
[    3.251458] sdhci: Copyright(c) Pierre Ossman
[    3.251760] sdhci-pltfm: SDHCI platform and OF driver helper
[    3.252147] ledtrig-cpu: registered to indicate activity on CPUs
[    3.252718] drop_monitor: Initializing network drop monitor service
[    3.253580] NET: Registered PF_INET6 protocol family
[    3.255265] Segment Routing with IPv6
[    3.255503] In-situ OAM (IOAM) with IPv6
[    3.255775] NET: Registered PF_PACKET protocol family
[    3.256251] 9pnet: Installing 9P2000 support
[    3.256532] Key type dns_resolver registered
[    3.257330] IPI shorthand broadcast: enabled
[    3.257606] sched_clock: Marking stable (3247587820, 9707614)->(3268572750, -11277316)
[    3.258518] registered taskstats version 1
[    3.258881] Loading compiled-in X.509 certificates
[    3.259359] zswap: loaded using pool lzo/zbud
[    3.260117] Key type ._fscrypt registered
[    3.260349] Key type .fscrypt registered
[    3.260570] Key type fscrypt-provisioning registered
[    3.261625] Key type encrypted registered
[    3.261933] ima: No TPM chip found, activating TPM-bypass!
[    3.262254] ima: Allocated hash algorithm: sha1
[    3.262539] ima: No architecture policies found
[    3.262858] evm: Initialising EVM extended attributes:
[    3.263142] evm: security.selinux
[    3.263330] evm: security.SMACK64
[    3.263518] evm: security.SMACK64EXEC
[    3.263733] evm: security.SMACK64TRANSMUTE
[    3.263964] evm: security.SMACK64MMAP
[    3.264170] evm: security.apparmor
[    3.264362] evm: security.ima
[    3.264531] evm: security.capability
[    3.264732] evm: HMAC attrs: 0x1
[    3.268367] PM:   Magic number: 11:398:572
[    3.268909] RAS: Correctable Errors collector initialized.
[    3.270137] md: Waiting for all devices to be available before autodetect
[    3.270397] md: If you don't use raid, use raid=noautodetect
[    3.270611] md: Autodetecting RAID arrays.
[    3.270772] md: autorun ...
[    3.270882] md: ... autorun DONE.
[    3.283406] EXT4-fs (sda): mounted filesystem with ordered data mode. Quota mode: none.
[    3.283778] VFS: Mounted root (ext4 filesystem) readonly on device 8:0.
[    3.285849] devtmpfs: mounted
[    3.293536] Freeing unused decrypted memory: 2036K
[    3.294685] Freeing unused kernel image (initmem) memory: 3640K
[    3.301459] Write protecting the kernel read-only data: 43008k
[    3.303512] Freeing unused kernel image (text/rodata gap) memory: 2028K
[    3.303866] Freeing unused kernel image (rodata/data gap) memory: 132K
[    3.380353] x86/mm: Checked W+X mappings: passed, no W+X pages found.
[    3.380639] Run /sbin/init as init process
[    3.448936] systemd[1]: RTC configured in localtime, applying delta of 0 minutes to system time.
[    3.469193] systemd[1]: systemd 239 (239-49.el8) running in system mode. (+PAM +AUDIT +SELINUX +IMA -APPARMOR +SMACK +SYSVINIT +UTMP +LIBCRYPTSETUP +GCRYPT +GNUTLS +ACL +XZ +LZ4 +SECCOMP +BLKID +ELFUTILS +KMOD +IDN2 -IDN +PCRE2 default-hierarchy=legacy)
[    3.470195] systemd[1]: Detected virtualization kvm.
[    3.470393] systemd[1]: Detected architecture x86-64.

Welcome to [0;31mCentOS Stream 8[0m!

[    3.500800] systemd[1]: Set hostname to <test>.
[    5.425335] random: crng init done
[    5.512182] systemd[1]: Created slice User and Session Slice.
[[0;32m  OK  [0m] Created slice User and Session Slice.
[    5.513079] systemd[1]: Listening on multipathd control socket.
[[0;32m  OK  [0m] Listening on multipathd control socket.
[    5.514936] systemd[1]: Created slice system-sshd\x2dkeygen.slice.
[[0;32m  OK  [0m] Created slice system-sshd\x2dkeygen.slice.
[    5.520901] systemd[1]: Listening on Process Core Dump Socket.
[[0;32m  OK  [0m] Listening on Process Core Dump Socket.
[    5.521678] systemd[1]: Listening on initctl Compatibility Named Pipe.
[[0;32m  OK  [0m] Listening on initctl Compatibility Named Pipe.
[    5.522606] systemd[1]: Listening on Journal Socket.
[[0;32m  OK  [0m] Listening on Journal Socket.
         Starting Load Kernel Modules...
[[0;32m  OK  [0m] Reached target Slices.
[[0;32m  OK  [0m] Listening on udev Kernel Socket.
[[0;32m  OK  [0m] Created slice system-serial\x2dgetty.slice.
[[0;32m  OK  [0m] Listening on Device-mapper event daemon FIFOs.
         Starting Monitoring of LVM2 mirrorsâ€¦ng dmeventd or progress polling...
[[0;32m  OK  [0m] Started Forward Password Requests to Wall Directory Watch.
[[0;32m  OK  [0m] Listening on udev Control Socket.
         Starting udev Coldplug all Devices...
         Mounting Huge Pages File System...
         Starting Remount Root and Kernel File Systems...
         Mounting POSIX Message Queue File System...
[[0;32m  OK  [0m] Listening on LVM2 poll daemon socket.
         Mounting Kernel Debug File System...
[[0;32m  OK  [0m] Reached target Swap.
         Starting Setup Virtual Console...
[[0;32m  OK  [0m] Created slice system-getty.slice.
[[0;32m  OK  [0m] Set up automount Arbitrary Executabâ€¦rmats File System Automount Point.
[[0;32m  OK  [0m] Listening on RPCbind Server Activation Socket.
[[0;32m  OK  [0m] Reached target RPC Port Mapper.
[[0;32m  OK  [0m] Listening on Journal Socket (/dev/log).
         Starting Journal Service...
[[0;1;31mFAILED[0m] Failed to start Load Kernel Modules.
See 'systemctl status systemd-modules-load.service' for details.
[[0;32m  OK  [0m] Mounted Huge Pages File System.
[[0;32m  OK  [0m] Mounted POSIX Message Queue File System.
[[0;32m  OK  [0m] Mounted Kernel Debug File System.
         Starting Apply Kernel Variables...
         Mounting Kernel Configuration File System...
         Mounting FUSE Control File System...
[[0;32m  OK  [0m] Started Apply Kernel Variables.
[    5.789368] EXT4-fs (sda): re-mounted. Quota mode: none.
[[0;32m  OK  [0m] Started Remount Root and Kernel File Systems.
[[0;32m  OK  [0m] Mounted Kernel Configuration File System.
[[0;32m  OK  [0m] Mounted FUSE Control File System.
         Starting Create Static Device Nodes in /dev...
         Starting Load/Save Random Seed...
[[0;32m  OK  [0m] Started Journal Service.
[[0;32m  OK  [0m] Started Create Static Device Nodes in /dev.
[[0;32m  OK  [0m] Started udev Coldplug all Devices.
[[0;32m  OK  [0m] Started Setup Virtual Console.
[[0;32m  OK  [0m] Started Load/Save Random Seed.
         Starting udev Wait for Complete Device Initialization...
         Starting udev Kernel Device Manager...
         Starting Flush Journal to Persistent Storage...
[[0;32m  OK  [0m] Started Flush Journal to Persistent Storage.
[[0;32m  OK  [0m] Started udev Kernel Device Manager.
         Starting Show Plymouth Boot Screen...
[[0;32m  OK  [0m] Started Show Plymouth Boot Screen.
[[0;32m  OK  [0m] Started Forward Password Requests to Plymouth Directory Watch.
[[0;32m  OK  [0m] Reached target Paths.
[[0;32m  OK  [0m] Reached target Local Encrypted Volumes.
[[0;32m  OK  [0m] Found device /dev/ttyS0.
[[0;32m  OK  [0m] Started Monitoring of LVM2 mirrors,â€¦sing dmeventd or progress polling.
[[0;32m  OK  [0m] Started udev Wait for Complete Device Initialization.
[[0;32m  OK  [0m] Reached target Local File Systems (Pre).
[[0;32m  OK  [0m] Reached target Local File Systems.
         Starting Create Volatile Files and Directories...
         Starting Tell Plymouth To Write Out Runtime Data...
         Starting Restore /run/initramfs on shutdown...
[[0;32m  OK  [0m] Listening on Load/Save RF Kill Switch Status /dev/rfkill Watch.
[[0;32m  OK  [0m] Started Tell Plymouth To Write Out Runtime Data.
[[0;32m  OK  [0m] Started Restore /run/initramfs on shutdown.
[[0;32m  OK  [0m] Started Create Volatile Files and Directories.
         Starting Security Auditing Service...
         Starting RPC Bind...
         Mounting RPC Pipe File System...
[[0;32m  OK  [0m] Mounted RPC Pipe File System.
[[0;32m  OK  [0m] Reached target rpc_pipefs.target.
[[0;32m  OK  [0m] Started RPC Bind.
[[0;32m  OK  [0m] Started Security Auditing Service.
         Starting Update UTMP about System Boot/Shutdown...
[[0;32m  OK  [0m] Started Update UTMP about System Boot/Shutdown.
[[0;32m  OK  [0m] Reached target System Initialization.
[[0;32m  OK  [0m] Started daily update of the root trust anchor for DNSSEC.
[[0;32m  OK  [0m] Started Daily Cleanup of Temporary Directories.
[[0;32m  OK  [0m] Listening on SSSD Kerberos Cache Manager responder socket.
[[0;32m  OK  [0m] Started dnf makecache --timer.
[[0;32m  OK  [0m] Reached target Timers.
[[0;32m  OK  [0m] Listening on D-Bus System Message Bus Socket.
[[0;32m  OK  [0m] Reached target Sockets.
[[0;32m  OK  [0m] Reached target Basic System.
[[0;32m  OK  [0m] Started D-Bus System Message Bus.
         Starting NTP client/server...
         Starting Login Service...
         Starting Authorization Manager...
[[0;32m  OK  [0m] Started irqbalance daemon.
[[0;32m  OK  [0m] Started Machine Check Exception Logging Daemon.
         Starting Network Manager...
         Starting Auto-connect to subsystemsâ€¦-NVME devices found during boot...
         Starting Self Monitoring and Reporting Technology (SMART) Daemon...
[[0;32m  OK  [0m] Reached target sshd-keygen.target.
[[0;32m  OK  [0m] Started Auto-connect to subsystems â€¦FC-NVME devices found during boot.
         Starting update of the root trust aâ€¦or DNSSEC validation in unbound...
[[0;32m  OK  [0m] Started Login Service.
[[0;32m  OK  [0m] Started Self Monitoring and Reporting Technology (SMART) Daemon.
[[0;32m  OK  [0m] Started NTP client/server.
[[0;32m  OK  [0m] Started Network Manager.
[[0;32m  OK  [0m] Reached target Network.
         Starting Dynamic System Tuning Daemon...
         Starting OpenSSH server daemon...
         Starting GSSAPI Proxy Daemon...
         Starting Network Manager Wait Online...
[[0;32m  OK  [0m] Started update of the root trust anâ€¦ for DNSSEC validation in unbound.
         Starting Hostname Service...
[[0;32m  OK  [0m] Started OpenSSH server daemon.
[[0;32m  OK  [0m] Started GSSAPI Proxy Daemon.
[[0;32m  OK  [0m] Reached target NFS client services.
[[0;32m  OK  [0m] Reached target Remote File Systems (Pre).
[[0;32m  OK  [0m] Reached target Remote File Systems.
         Starting Permit User Sessions...
[[0;32m  OK  [0m] Started Authorization Manager.
[[0;32m  OK  [0m] Started Permit User Sessions.
[[0;32m  OK  [0m] Started Command Scheduler.
         Starting Terminate Plymouth Boot Screen...
         Starting Hold until boot process finishes up...
[    7.234867] e1000: eth0 NIC Link is Up 1000 Mbps Full Duplex, Flow Control: RX
[    7.235550] IPv6: ADDRCONF(NETDEV_CHANGE): eth0: link becomes ready
[    7.372342] Spectre V2 : WARNING: Unprivileged eBPF is enabled with eIBRS on, data leaks possible via Spectre v2 BHB attacks!
[    7.372817] Spectre V2 : WARNING: Unprivileged eBPF is enabled with eIBRS on, data leaks possible via Spectre v2 BHB attacks!

CentOS Stream 8
Kernel 5.19.0-12b68040a5e4+ on an x86_64

test login: [   28.832801] loop3: detected capacity change from 0 to 65536
[   28.836517] =======================================================
[   28.836517] WARNING: The mand mount option has been deprecated and
[   28.836517]          and is ignored by this kernel. Remove the mand
[   28.836517]          option from the mount to silence this warning.
[   28.836517] =======================================================
[   28.842178] XFS: ikeep mount option is deprecated.
[   28.850459] loop7: detected capacity change from 0 to 65536
[   28.853084] XFS: ikeep mount option is deprecated.
[   28.857632] loop4: detected capacity change from 0 to 65536
[   28.858061] XFS: ikeep mount option is deprecated.
[   28.862961] loop0: detected capacity change from 0 to 65536
[   28.863493] XFS: ikeep mount option is deprecated.
[   28.866348] XFS (loop3): Deprecated V4 format (crc=0) will not be supported after September 2030.
[   28.866749] XFS (loop3): DAX unsupported by block device. Turning off DAX.
[   28.867209] XFS (loop3): Mounting V4 Filesystem
[   28.867532] loop5: detected capacity change from 0 to 65536
[   28.868099] XFS: ikeep mount option is deprecated.
[   28.871975] loop6: detected capacity change from 0 to 65536
[   28.872472] XFS (loop7): DAX unsupported by block device. Turning off DAX.
[   28.872866] XFS (loop7): Mounting V4 Filesystem
[   28.873709] XFS: ikeep mount option is deprecated.
[   28.876464] XFS (loop3): totally zeroed log
[   28.876544] XFS (loop0): DAX unsupported by block device. Turning off DAX.
[   28.877057] XFS (loop0): Mounting V4 Filesystem
[   28.877988] XFS (loop3): Ending clean mount
[   28.878777] XFS (loop3): Quotacheck needed: Please wait.
[   28.881778] XFS (loop7): totally zeroed log
[   28.882860] repro: attempt to access beyond end of device
[   28.882860] loop3: rw=432129, sector=65535, nr_sectors = 16 limit=65536
[   28.882910] XFS (loop7): Ending clean mount
[   28.883472] XFS (loop3): log I/O error -5
[   28.883740] XFS (loop7): Quotacheck needed: Please wait.
[   28.883768] XFS (loop3): Filesystem has been shut down due to log error (0x2).
[   28.884255] XFS (loop3): Please unmount the filesystem and rectify the problem(s).
[   28.884805] XFS (loop3): Quotacheck: Unsuccessful (Error -5): Disabling quotas.
[   28.885168] xfs filesystem being mounted at /root/syzkaller.ajcroG/0/file0 supports timestamps until 2038 (0x7fffffff)
[   28.894041] XFS (loop3): Unmounting Filesystem
[   28.894573] loop1: detected capacity change from 0 to 65536
[   28.894975] XFS: ikeep mount option is deprecated.
[   28.896170] XFS (loop4): DAX unsupported by block device. Turning off DAX.
[   28.896701] XFS (loop4): Mounting V4 Filesystem
[   28.897817] repro: attempt to access beyond end of device
[   28.897817] loop7: rw=432129, sector=65535, nr_sectors = 16 limit=65536
[   28.898334] XFS (loop7): log I/O error -5
[   28.898531] XFS (loop7): Filesystem has been shut down due to log error (0x2).
[   28.898823] XFS (loop7): Please unmount the filesystem and rectify the problem(s).
[   28.899247] XFS (loop7): Quotacheck: Unsuccessful (Error -5): Disabling quotas.
[   28.899581] xfs filesystem being mounted at /root/syzkaller.lDDEsn/0/file0 supports timestamps until 2038 (0x7fffffff)
[   28.900862] XFS (loop5): DAX unsupported by block device. Turning off DAX.
[   28.901245] XFS (loop5): Mounting V4 Filesystem
[   28.901281] XFS (loop7): Unmounting Filesystem
[   28.922556] XFS (loop0): totally zeroed log
[   28.922990] XFS (loop0): Ending clean mount
[   28.923370] XFS (loop0): Quotacheck needed: Please wait.
[   28.925231] repro: attempt to access beyond end of device
[   28.925231] loop0: rw=432129, sector=65535, nr_sectors = 16 limit=65536
[   28.925794] XFS (loop0): log I/O error -5
[   28.925987] XFS (loop0): Filesystem has been shut down due to log error (0x2).
[   28.926284] XFS (loop0): Please unmount the filesystem and rectify the problem(s).
[   28.926695] XFS (loop0): Quotacheck: Unsuccessful (Error -5): Disabling quotas.
[   28.927028] xfs filesystem being mounted at /root/syzkaller.fucRyr/0/file0 supports timestamps until 2038 (0x7fffffff)
[   28.928983] XFS (loop0): Unmounting Filesystem
[   28.936160] loop2: detected capacity change from 0 to 65536
[   28.936574] XFS: ikeep mount option is deprecated.
[   28.937022] XFS (loop4): totally zeroed log
[   28.937270] XFS (loop6): DAX unsupported by block device. Turning off DAX.
[   28.937814] XFS (loop6): Mounting V4 Filesystem
[   28.938180] XFS (loop4): Ending clean mount
[   28.938556] XFS (loop4): Quotacheck needed: Please wait.
[   28.939200] XFS (loop5): totally zeroed log
[   28.939711] XFS (loop5): Ending clean mount
[   28.940024] XFS (loop5): Quotacheck needed: Please wait.
[   28.949916] repro: attempt to access beyond end of device
[   28.949916] loop4: rw=432129, sector=65535, nr_sectors = 16 limit=65536
[   28.950502] XFS (loop4): log I/O error -5
[   28.951084] XFS (loop4): Filesystem has been shut down due to log error (0x2).
[   28.951373] XFS (loop4): Please unmount the filesystem and rectify the problem(s).
[   28.951437] repro: attempt to access beyond end of device
[   28.951437] loop5: rw=432129, sector=65535, nr_sectors = 16 limit=65536
[   28.951809] XFS (loop4): Quotacheck: Unsuccessful (Error -5): Disabling quotas.
[   28.952184] XFS (loop5): log I/O error -5
[   28.952471] xfs filesystem being mounted at /root/syzkaller.0Sg7SL/0/file0 supports timestamps until 2038 (0x7fffffff)
[   28.952617] XFS (loop5): Filesystem has been shut down due to log error (0x2).
[   28.953318] XFS (loop5): Please unmount the filesystem and rectify the problem(s).
[   28.953716] XFS (loop5): Quotacheck: Unsuccessful (Error -5): Disabling quotas.
[   28.954043] xfs filesystem being mounted at /root/syzkaller.MvhAjd/0/file0 supports timestamps until 2038 (0x7fffffff)
[   28.956452] XFS (loop5): Unmounting Filesystem
[   28.956950] XFS (loop4): Unmounting Filesystem
[   28.983108] XFS (loop2): DAX unsupported by block device. Turning off DAX.
[   28.983518] XFS (loop2): Mounting V4 Filesystem
[   28.984071] XFS (loop2): totally zeroed log
[   28.984088] XFS (loop1): DAX unsupported by block device. Turning off DAX.
[   28.984416] XFS (loop2): Ending clean mount
[   28.984804] XFS (loop6): totally zeroed log
[   28.984909] XFS (loop2): Quotacheck needed: Please wait.
[   28.985006] XFS (loop1): Mounting V4 Filesystem
[   28.987459] XFS (loop6): Ending clean mount
[   28.988574] repro: attempt to access beyond end of device
[   28.988574] loop2: rw=432129, sector=65535, nr_sectors = 16 limit=65536
[   28.989085] XFS (loop2): log I/O error -5
[   28.989276] XFS (loop2): Filesystem has been shut down due to log error (0x2).
[   28.989664] XFS (loop2): Please unmount the filesystem and rectify the problem(s).
[   28.991423] XFS (loop6): Quotacheck needed: Please wait.
[   28.992526] XFS (loop2): Quotacheck: Unsuccessful (Error -5): Disabling quotas.
[   28.993137] repro: attempt to access beyond end of device
[   28.993137] loop6: rw=432129, sector=65535, nr_sectors = 16 limit=65536
[   28.993486] xfs filesystem being mounted at /root/syzkaller.4pLsdC/0/file0 supports timestamps until 2038 (0x7fffffff)
[   28.993808] XFS (loop6): log I/O error -5
[   28.994230] XFS (loop6): Filesystem has been shut down due to log error (0x2).
[   28.994520] XFS (loop6): Please unmount the filesystem and rectify the problem(s).
[   28.995058] XFS (loop6): Quotacheck: Unsuccessful (Error -5): Disabling quotas.
[   28.995384] xfs filesystem being mounted at /root/syzkaller.FSyuuh/0/file0 supports timestamps until 2038 (0x7fffffff)
[   28.999041] XFS (loop6): Unmounting Filesystem
[   29.013702] XFS (loop2): Unmounting Filesystem
[   29.050137] XFS (loop1): totally zeroed log
[   29.050634] XFS (loop1): Ending clean mount
[   29.051062] XFS (loop1): Quotacheck needed: Please wait.
[   29.052794] repro: attempt to access beyond end of device
[   29.052794] loop1: rw=432129, sector=65535, nr_sectors = 16 limit=65536
[   29.053351] XFS (loop1): log I/O error -5
[   29.053541] XFS (loop1): Filesystem has been shut down due to log error (0x2).
[   29.053837] XFS (loop1): Please unmount the filesystem and rectify the problem(s).
[   29.054951] XFS (loop1): Quotacheck: Unsuccessful (Error -5): Disabling quotas.
[   29.055286] xfs filesystem being mounted at /root/syzkaller.TtnyZu/0/file0 supports timestamps until 2038 (0x7fffffff)
[   29.057207] XFS (loop1): Unmounting Filesystem
[   29.494483] loop7: detected capacity change from 0 to 65536
[   29.497465] XFS: ikeep mount option is deprecated.
[   29.520948] loop5: detected capacity change from 0 to 65536
[   29.523592] XFS: ikeep mount option is deprecated.
[   29.531167] XFS (loop7): DAX unsupported by block device. Turning off DAX.
[   29.531545] XFS (loop7): Mounting V4 Filesystem
[   29.533091] loop0: detected capacity change from 0 to 65536
[   29.533513] XFS: ikeep mount option is deprecated.
[   29.539336] loop2: detected capacity change from 0 to 65536
[   29.539751] XFS: ikeep mount option is deprecated.
[   29.551767] XFS (loop7): totally zeroed log
[   29.552146] XFS (loop7): Ending clean mount
[   29.552480] XFS (loop7): Quotacheck needed: Please wait.
[   29.554867] repro: attempt to access beyond end of device
[   29.554867] loop7: rw=432129, sector=65535, nr_sectors = 16 limit=65536
[   29.555383] XFS (loop7): log I/O error -5
[   29.555568] XFS (loop7): Filesystem has been shut down due to log error (0x2).
[   29.555855] XFS (loop7): Please unmount the filesystem and rectify the problem(s).
[   29.556276] XFS (loop7): Quotacheck: Unsuccessful (Error -5): Disabling quotas.
[   29.556598] xfs filesystem being mounted at /root/syzkaller.lDDEsn/1/file0 supports timestamps until 2038 (0x7fffffff)
[   29.559703] XFS (loop7): Unmounting Filesystem
[   29.562575] XFS (loop5): DAX unsupported by block device. Turning off DAX.
[   29.562941] XFS (loop5): Mounting V4 Filesystem
[   29.568017] XFS (loop0): DAX unsupported by block device. Turning off DAX.
[   29.568371] XFS (loop0): Mounting V4 Filesystem
[   29.579476] loop1: detected capacity change from 0 to 65536
[   29.579864] XFS: ikeep mount option is deprecated.
[   29.580362] XFS (loop2): DAX unsupported by block device. Turning off DAX.
[   29.580775] XFS (loop2): Mounting V4 Filesystem
[   29.586219] XFS (loop0): totally zeroed log
[   29.586553] XFS (loop0): Ending clean mount
[   29.586853] XFS (loop0): Quotacheck needed: Please wait.
[   29.590867] repro: attempt to access beyond end of device
[   29.590867] loop0: rw=432129, sector=65535, nr_sectors = 16 limit=65536
[   29.591360] XFS (loop0): log I/O error -5
[   29.591542] XFS (loop0): Filesystem has been shut down due to log error (0x2).
[   29.591823] XFS (loop0): Please unmount the filesystem and rectify the problem(s).
[   29.592222] XFS (loop0): Quotacheck: Unsuccessful (Error -5): Disabling quotas.
[   29.592535] xfs filesystem being mounted at /root/syzkaller.fucRyr/1/file0 supports timestamps until 2038 (0x7fffffff)
[   29.593685] loop6: detected capacity change from 0 to 65536
[   29.594299] XFS: ikeep mount option is deprecated.
[   29.596747] loop3: detected capacity change from 0 to 65536
[   29.597114] XFS: ikeep mount option is deprecated.
[   29.597611] XFS (loop0): Unmounting Filesystem
[   29.608621] loop4: detected capacity change from 0 to 65536
[   29.608998] XFS: ikeep mount option is deprecated.
[   29.609312] XFS (loop5): totally zeroed log
[   29.610636] XFS (loop5): Ending clean mount
[   29.611068] XFS (loop5): Quotacheck needed: Please wait.
[   29.612622] XFS (loop5): log I/O error -5
[   29.612812] XFS (loop5): Filesystem has been shut down due to log error (0x2).
[   29.613093] XFS (loop5): Please unmount the filesystem and rectify the problem(s).
[   29.613511] XFS (loop5): Quotacheck: Unsuccessful (Error -5): Disabling quotas.
[   29.613835] xfs filesystem being mounted at /root/syzkaller.MvhAjd/1/file0 supports timestamps until 2038 (0x7fffffff)
[   29.614997] XFS (loop5): Unmounting Filesystem
[   29.621787] XFS (loop2): totally zeroed log
[   29.621991] XFS (loop4): DAX unsupported by block device. Turning off DAX.
[   29.622304] XFS (loop3): DAX unsupported by block device. Turning off DAX.
[   29.622681] XFS (loop4): Mounting V4 Filesystem
[   29.624846] XFS (loop3): Mounting V4 Filesystem
[   29.625093] XFS (loop6): DAX unsupported by block device. Turning off DAX.
[   29.625781] XFS (loop6): Mounting V4 Filesystem
[   29.626152] XFS (loop2): Ending clean mount
[   29.626450] XFS (loop2): Quotacheck needed: Please wait.
[   29.628048] XFS (loop2): log I/O error -5
[   29.628239] XFS (loop2): Filesystem has been shut down due to log error (0x2).
[   29.628517] XFS (loop2): Please unmount the filesystem and rectify the problem(s).
[   29.628912] XFS (loop2): Quotacheck: Unsuccessful (Error -5): Disabling quotas.
[   29.629231] xfs filesystem being mounted at /root/syzkaller.4pLsdC/1/file0 supports timestamps until 2038 (0x7fffffff)
[   29.631156] XFS (loop1): DAX unsupported by block device. Turning off DAX.
[   29.631174] XFS (loop2): Unmounting Filesystem
[   29.634599] XFS (loop1): Mounting V4 Filesystem
[   29.637632] XFS (loop4): totally zeroed log
[   29.637965] XFS (loop4): Ending clean mount
[   29.638275] XFS (loop4): Quotacheck needed: Please wait.
[   29.639906] XFS (loop4): log I/O error -5
[   29.640102] XFS (loop4): Filesystem has been shut down due to log error (0x2).
[   29.640381] XFS (loop4): Please unmount the filesystem and rectify the problem(s).
[   29.640772] XFS (loop4): Quotacheck: Unsuccessful (Error -5): Disabling quotas.
[   29.641098] xfs filesystem being mounted at /root/syzkaller.0Sg7SL/1/file0 supports timestamps until 2038 (0x7fffffff)
[   29.641980] XFS (loop3): totally zeroed log
[   29.645146] XFS (loop6): totally zeroed log
[   29.649219] XFS (loop4): Unmounting Filesystem
[   29.649763] XFS (loop6): Ending clean mount
[   29.650768] XFS (loop3): Ending clean mount
[   29.659620] XFS (loop6): Quotacheck needed: Please wait.
[   29.662049] XFS (loop3): Quotacheck needed: Please wait.
[   29.664192] XFS (loop6): log I/O error -5
[   29.664269] XFS (loop1): totally zeroed log
[   29.664385] XFS (loop6): Filesystem has been shut down due to log error (0x2).
[   29.664727] XFS (loop1): Ending clean mount
[   29.664830] XFS (loop6): Please unmount the filesystem and rectify the problem(s).
[   29.665154] XFS (loop1): Quotacheck needed: Please wait.
[   29.665415] XFS (loop6): Quotacheck: Unsuccessful (Error -5): Disabling quotas.
[   29.665801] xfs filesystem being mounted at /root/syzkaller.FSyuuh/1/file0 supports timestamps until 2038 (0x7fffffff)
[   29.667065] XFS (loop6): Unmounting Filesystem
[   29.667422] XFS (loop1): log I/O error -5
[   29.667618] XFS (loop1): Filesystem has been shut down due to log error (0x2).
[   29.667897] XFS (loop1): Please unmount the filesystem and rectify the problem(s).
[   29.668302] XFS (loop1): Quotacheck: Unsuccessful (Error -5): Disabling quotas.
[   29.668616] xfs filesystem being mounted at /root/syzkaller.TtnyZu/1/file0 supports timestamps until 2038 (0x7fffffff)
[   29.670167] XFS (loop3): log I/O error -5
[   29.670365] XFS (loop3): Filesystem has been shut down due to log error (0x2).
[   29.670645] XFS (loop3): Please unmount the filesystem and rectify the problem(s).
[   29.671032] XFS (loop3): Quotacheck: Unsuccessful (Error -5): Disabling quotas.
[   29.671341] xfs filesystem being mounted at /root/syzkaller.ajcroG/1/file0 supports timestamps until 2038 (0x7fffffff)
[   29.674024] XFS (loop1): Unmounting Filesystem
[   29.674355] XFS (loop3): Unmounting Filesystem
[   30.119828] loop7: detected capacity change from 0 to 65536
[   30.120261] XFS: ikeep mount option is deprecated.
[   30.156180] XFS (loop7): DAX unsupported by block device. Turning off DAX.
[   30.156562] XFS (loop7): Mounting V4 Filesystem
[   30.161250] loop5: detected capacity change from 0 to 65536
[   30.163820] XFS: ikeep mount option is deprecated.
[   30.168401] loop0: detected capacity change from 0 to 65536
[   30.168780] XFS: ikeep mount option is deprecated.
[   30.172366] loop2: detected capacity change from 0 to 65536
[   30.172746] XFS: ikeep mount option is deprecated.
[   30.175435] XFS (loop7): totally zeroed log
[   30.175777] XFS (loop7): Ending clean mount
[   30.176088] XFS (loop7): Quotacheck needed: Please wait.
[   30.179120] XFS (loop7): log I/O error -5
[   30.179319] XFS (loop7): Filesystem has been shut down due to log error (0x2).
[   30.179599] XFS (loop7): Please unmount the filesystem and rectify the problem(s).
[   30.179995] XFS (loop7): Quotacheck: Unsuccessful (Error -5): Disabling quotas.
[   30.180322] xfs filesystem being mounted at /root/syzkaller.lDDEsn/2/file0 supports timestamps until 2038 (0x7fffffff)
[   30.189707] XFS (loop7): Unmounting Filesystem
[   30.204494] loop6: detected capacity change from 0 to 65536
[   30.204876] XFS: ikeep mount option is deprecated.
[   30.216894] loop1: detected capacity change from 0 to 65536
[   30.217274] XFS: ikeep mount option is deprecated.
[   30.225093] XFS (loop5): DAX unsupported by block device. Turning off DAX.
[   30.225094] XFS (loop0): DAX unsupported by block device. Turning off DAX.
[   30.225182] XFS (loop0): Mounting V4 Filesystem
[   30.226187] XFS (loop5): Mounting V4 Filesystem
[   30.226833] loop4: detected capacity change from 0 to 65536
[   30.227234] XFS: ikeep mount option is deprecated.
[   30.227963] XFS (loop2): DAX unsupported by block device. Turning off DAX.
[   30.228352] XFS (loop2): Mounting V4 Filesystem
[   30.234289] loop3: detected capacity change from 0 to 65536
[   30.234741] XFS (loop6): DAX unsupported by block device. Turning off DAX.
[   30.235103] XFS (loop6): Mounting V4 Filesystem
[   30.235417] XFS (loop0): totally zeroed log
[   30.235447] XFS: ikeep mount option is deprecated.
[   30.235820] XFS (loop0): Ending clean mount
[   30.236267] XFS (loop0): Quotacheck needed: Please wait.
[   30.238522] XFS (loop0): log I/O error -5
[   30.238723] XFS (loop0): Filesystem has been shut down due to log error (0x2).
[   30.239016] XFS (loop0): Please unmount the filesystem and rectify the problem(s).
[   30.239549] XFS (loop0): Quotacheck: Unsuccessful (Error -5): Disabling quotas.
[   30.239878] xfs filesystem being mounted at /root/syzkaller.fucRyr/2/file0 supports timestamps until 2038 (0x7fffffff)
[   30.243809] XFS (loop0): Unmounting Filesystem
[   30.251107] XFS (loop5): totally zeroed log
[   30.251399] XFS (loop6): totally zeroed log
[   30.251723] XFS (loop5): Ending clean mount
[   30.251992] XFS (loop6): Ending clean mount
[   30.252282] XFS (loop5): Quotacheck needed: Please wait.
[   30.252592] XFS (loop6): Quotacheck needed: Please wait.
[   30.255003] XFS (loop2): totally zeroed log
[   30.255547] XFS (loop5): log I/O error -5
[   30.255711] XFS (loop2): Ending clean mount
[   30.255758] XFS (loop5): Filesystem has been shut down due to log error (0x2).
[   30.256071] XFS (loop2): Quotacheck needed: Please wait.
[   30.256193] XFS (loop5): Please unmount the filesystem and rectify the problem(s).
[   30.256844] XFS (loop5): Quotacheck: Unsuccessful (Error -5): Disabling quotas.
[   30.257164] xfs filesystem being mounted at /root/syzkaller.MvhAjd/2/file0 supports timestamps until 2038 (0x7fffffff)
[   30.259360] XFS (loop2): log I/O error -5
[   30.259386] XFS (loop6): log I/O error -5
[   30.259571] XFS (loop2): Filesystem has been shut down due to log error (0x2).
[   30.259760] XFS (loop6): Filesystem has been shut down due to log error (0x2).
[   30.260041] XFS (loop2): Please unmount the filesystem and rectify the problem(s).
[   30.260311] XFS (loop6): Please unmount the filesystem and rectify the problem(s).
[   30.260710] XFS (loop2): Quotacheck: Unsuccessful (Error -5): Disabling quotas.
[   30.260992] XFS (loop6): Quotacheck: Unsuccessful (Error -5): Disabling quotas.
[   30.261198] xfs filesystem being mounted at /root/syzkaller.4pLsdC/2/file0 supports timestamps until 2038 (0x7fffffff)
[   30.261493] xfs filesystem being mounted at /root/syzkaller.FSyuuh/2/file0 supports timestamps until 2038 (0x7fffffff)
[   30.263407] XFS (loop2): Unmounting Filesystem
[   30.263692] XFS (loop5): Unmounting Filesystem
[   30.269507] XFS (loop6): Unmounting Filesystem
[   30.273122] XFS (loop1): DAX unsupported by block device. Turning off DAX.
[   30.273602] XFS (loop4): DAX unsupported by block device. Turning off DAX.
[   30.273947] XFS (loop1): Mounting V4 Filesystem
[   30.274190] XFS (loop4): Mounting V4 Filesystem
[   30.276172] XFS (loop1): totally zeroed log
[   30.276175] XFS (loop3): DAX unsupported by block device. Turning off DAX.
[   30.276504] XFS (loop1): Ending clean mount
[   30.276856] XFS (loop3): Mounting V4 Filesystem
[   30.276972] XFS (loop1): Quotacheck needed: Please wait.
[   30.277393] XFS (loop4): totally zeroed log
[   30.278900] XFS (loop4): Ending clean mount
[   30.279967] XFS (loop1): log I/O error -5
[   30.280173] XFS (loop1): Filesystem has been shut down due to log error (0x2).
[   30.280455] XFS (loop1): Please unmount the filesystem and rectify the problem(s).
[   30.280862] XFS (loop1): Quotacheck: Unsuccessful (Error -5): Disabling quotas.
[   30.281182] xfs filesystem being mounted at /root/syzkaller.TtnyZu/2/file0 supports timestamps until 2038 (0x7fffffff)
[   30.283091] XFS (loop4): Quotacheck needed: Please wait.
[   30.283103] XFS (loop1): Unmounting Filesystem
[   30.284998] XFS (loop4): log I/O error -5
[   30.285789] XFS (loop4): Filesystem has been shut down due to log error (0x2).
[   30.286086] XFS (loop4): Please unmount the filesystem and rectify the problem(s).
[   30.287469] XFS (loop4): Quotacheck: Unsuccessful (Error -5): Disabling quotas.
[   30.287812] xfs filesystem being mounted at /root/syzkaller.0Sg7SL/2/file0 supports timestamps until 2038 (0x7fffffff)
[   30.289889] XFS (loop4): Unmounting Filesystem
[   30.291808] XFS (loop3): totally zeroed log
[   30.292157] XFS (loop3): Ending clean mount
[   30.292459] XFS (loop3): Quotacheck needed: Please wait.
[   30.308688] XFS (loop3): log I/O error -5
[   30.308908] XFS (loop3): Filesystem has been shut down due to log error (0x2).
[   30.309189] XFS (loop3): Please unmount the filesystem and rectify the problem(s).
[   30.310129] XFS (loop3): Quotacheck: Unsuccessful (Error -5): Disabling quotas.
[   30.310457] xfs filesystem being mounted at /root/syzkaller.ajcroG/2/file0 supports timestamps until 2038 (0x7fffffff)
[   30.312358] XFS (loop3): Unmounting Filesystem
[   30.312375] BUG: kernel NULL pointer dereference, address: 00000000000002a8
[   30.312835] #PF: supervisor read access in kernel mode
[   30.313042] #PF: error_code(0x0000) - not-present page
[   30.313246] PGD a6ee067 P4D a6ee067 PUD c8fa067 PMD 0 
[   30.313461] Oops: 0000 [#1] PREEMPT SMP NOPTI
[   30.313640] CPU: 0 PID: 211 Comm: kworker/0:12 Not tainted 5.19.0-12b68040a5e4+ #1
[   30.313940] Hardware name: QEMU Standard PC (i440FX + PIIX, 1996), BIOS rel-1.16.0-0-gd239552ce722-prebuilt.qemu.org 04/01/2014
[   30.314380] Workqueue: xfs-inodegc/loop3 xfs_inodegc_worker
[   30.314606] RIP: 0010:xfs_dquot_alloc+0x95/0x1e0
[   30.314800] Code: 20 71 45 85 48 c7 c6 75 53 77 83 e8 b5 42 72 ff 49 8b 8d 60 01 00 00 44 89 e0 31 d2 48 c7 c6 0f 9f 74 83 48 8d bb 10 02 00 00 <f7> b1 a8 02 00 00 31 d2 89 c0 48 89 43 30 44 89 e0 4c 8d a3 08 02
[   30.315511] RSP: 0018:ffffc90000b7fc30 EFLAGS: 00010246
[   30.315725] RAX: 0000000000000009 RBX: ffff88800c08fbd0 RCX: 0000000000000000
[   30.316005] RDX: 0000000000000000 RSI: ffffffff83749f0f RDI: ffff88800c08fde0
[   30.316285] RBP: ffffc90000b7fc58 R08: 0000000000000002 R09: 0000000000000000
[   30.316564] R10: ffffc90000b7fa98 R11: ffff88800d65d4d8 R12: 0000000000000009
[   30.316845] R13: ffff88800de02000 R14: ffff88800de02000 R15: 0000000000000004
[   30.317125] FS:  0000000000000000(0000) GS:ffff88807dc00000(0000) knlGS:0000000000000000
[   30.317441] CS:  0010 DS: 0000 ES: 0000 CR0: 0000000080050033
[   30.317670] CR2: 00000000000002a8 CR3: 000000000c844005 CR4: 0000000000770ef0
[   30.317952] PKRU: 55555554
[   30.318065] Call Trace:
[   30.318167]  <TASK>
[   30.318258]  xfs_qm_dqread+0x46/0x430
[   30.318414]  ? xfs_qm_dqget_inode+0x13e/0x500
[   30.318599]  xfs_qm_dqget_inode+0x154/0x500
[   30.318777]  xfs_qm_dqattach_one+0x147/0x3c0
[   30.318955]  xfs_qm_dqattach_locked+0x14a/0x170
[   30.319144]  xfs_qm_dqattach+0x52/0x80
[   30.319301]  xfs_inactive+0x186/0x340
[   30.319457]  xfs_inodegc_worker+0xc0/0x3f0
[   30.319635]  process_one_work+0x3eb/0x9a0
[   30.319805]  worker_thread+0x52/0x660
[   30.319959]  ? process_one_work+0x9a0/0x9a0
[   30.320132]  kthread+0x15d/0x1a0
[   30.320273]  ? kthread_complete_and_exit+0x40/0x40
[   30.320472]  ret_from_fork+0x1f/0x30
[   30.320629]  </TASK>
[   30.320722] Modules linked in:
[   30.320850] CR2: 00000000000002a8
[   30.320987] ---[ end trace 0000000000000000 ]---
[   30.321171] RIP: 0010:xfs_dquot_alloc+0x95/0x1e0
[   30.321363] Code: 20 71 45 85 48 c7 c6 75 53 77 83 e8 b5 42 72 ff 49 8b 8d 60 01 00 00 44 89 e0 31 d2 48 c7 c6 0f 9f 74 83 48 8d bb 10 02 00 00 <f7> b1 a8 02 00 00 31 d2 89 c0 48 89 43 30 44 89 e0 4c 8d a3 08 02
[   30.322074] RSP: 0018:ffffc90000b7fc30 EFLAGS: 00010246
[   30.322283] RAX: 0000000000000009 RBX: ffff88800c08fbd0 RCX: 0000000000000000
[   30.322563] RDX: 0000000000000000 RSI: ffffffff83749f0f RDI: ffff88800c08fde0
[   30.322843] RBP: ffffc90000b7fc58 R08: 0000000000000002 R09: 0000000000000000
[   30.323123] R10: ffffc90000b7fa98 R11: ffff88800d65d4d8 R12: 0000000000000009
[   30.323404] R13: ffff88800de02000 R14: ffff88800de02000 R15: 0000000000000004
[   30.323686] FS:  0000000000000000(0000) GS:ffff88807dc00000(0000) knlGS:0000000000000000
[   30.324002] CS:  0010 DS: 0000 ES: 0000 CR0: 0000000080050033
[   30.324232] CR2: 00000000000002a8 CR3: 000000000c844005 CR4: 0000000000770ef0
[   30.324514] PKRU: 55555554
[   30.599930] loop0: detected capacity change from 0 to 65536
[   30.600281] XFS: ikeep mount option is deprecated.
[   30.638372] loop7: detected capacity change from 0 to 65536
[   30.640854] XFS: ikeep mount option is deprecated.
[   30.660586] loop4: detected capacity change from 0 to 65536
[   30.661791] XFS: ikeep mount option is deprecated.
[   30.666530] loop5: detected capacity change from 0 to 65536
[   30.666852] XFS: ikeep mount option is deprecated.
[   30.668977] loop2: detected capacity change from 0 to 65536
[   30.669429] XFS: ikeep mount option is deprecated.
[   30.670262] loop6: detected capacity change from 0 to 65536
[   30.670593] XFS: ikeep mount option is deprecated.
[   30.672291] loop1: detected capacity change from 0 to 65536
[   30.672622] XFS: ikeep mount option is deprecated.
