c[?7l[2J[0mSeaBIOS (version rel-1.16.0-0-gd239552ce722-prebuilt.qemu.org)


iPXE (http://ipxe.org) 00:03.0 CA00 PCI2.10 PnP PMM+7FF91000+7FEF1000 CA00
Press Ctrl-B to configure iPXE (PCI 00:03.0)...                                                                               


Booting from ROM..c[?7l[2J[    0.000000] Linux version 5.19.0-rc1-68171bbd1a9a+ (root@p-adls01) (gcc (GCC) 8.5.0 20210514 (Red Hat 8.5.0-18), GNU ld version 2.36.1-2.el8) #1 SMP PREEMPT_DYNAMIC Wed Feb 22 16:43:37 CST 2023
[    0.000000] Command line: console=ttyS0 root=/dev/sda earlyprintk=serial net.ifnames=0
[    0.000000] KERNEL supported cpus:
[    0.000000]   Intel GenuineIntel
[    0.000000]   AMD AuthenticAMD
[    0.000000]   Hygon HygonGenuine
[    0.000000]   Centaur CentaurHauls
[    0.000000]   zhaoxin   Shanghai  
[    0.000000] x86/fpu: Supporting XSAVE feature 0x001: 'x87 floating point registers'
[    0.000000] x86/fpu: Supporting XSAVE feature 0x002: 'SSE registers'
[    0.000000] x86/fpu: Supporting XSAVE feature 0x004: 'AVX registers'
[    0.000000] x86/fpu: Supporting XSAVE feature 0x200: 'Protection Keys User registers'
[    0.000000] x86/fpu: xstate_offset[2]:  576, xstate_sizes[2]:  256
[    0.000000] x86/fpu: xstate_offset[9]:  832, xstate_sizes[9]:    8
[    0.000000] x86/fpu: Enabled xstate features 0x207, context size is 840 bytes, using 'compacted' format.
[    0.000000] signal: max sigframe size: 3632
[    0.000000] BIOS-provided physical RAM map:
[    0.000000] BIOS-e820: [mem 0x0000000000000000-0x000000000009fbff] usable
[    0.000000] BIOS-e820: [mem 0x000000000009fc00-0x000000000009ffff] reserved
[    0.000000] BIOS-e820: [mem 0x00000000000f0000-0x00000000000fffff] reserved
[    0.000000] BIOS-e820: [mem 0x0000000000100000-0x000000007ffdffff] usable
[    0.000000] BIOS-e820: [mem 0x000000007ffe0000-0x000000007fffffff] reserved
[    0.000000] BIOS-e820: [mem 0x00000000feffc000-0x00000000feffffff] reserved
[    0.000000] BIOS-e820: [mem 0x00000000fffc0000-0x00000000ffffffff] reserved
[    0.000000] printk: bootconsole [earlyser0] enabled
[    0.000000] NX (Execute Disable) protection: active
[    0.000000] SMBIOS 2.8 present.
[    0.000000] DMI: QEMU Standard PC (i440FX + PIIX, 1996), BIOS rel-1.16.0-0-gd239552ce722-prebuilt.qemu.org 04/01/2014
[    0.000000] Hypervisor detected: KVM
[    0.000000] kvm-clock: Using msrs 4b564d01 and 4b564d00
[    0.000002] kvm-clock: using sched offset of 348621099 cycles
[    0.000331] clocksource: kvm-clock: mask: 0xffffffffffffffff max_cycles: 0x1cd42e4dffb, max_idle_ns: 881590591483 ns
[    0.001355] tsc: Detected 3609.600 MHz processor
[    0.006353] last_pfn = 0x7ffe0 max_arch_pfn = 0x400000000
[    0.006743] x86/PAT: Configuration [0-7]: WB  WC  UC- UC  WB  WP  UC- WT  
[    0.013244] found SMP MP-table at [mem 0x000f5ba0-0x000f5baf]
[    0.013699] Using GB pages for direct mapping
[    0.014823] ACPI: Early table checksum verification disabled
[    0.015197] ACPI: RSDP 0x00000000000F59C0 000014 (v00 BOCHS )
[    0.015573] ACPI: RSDT 0x000000007FFE1951 000034 (v01 BOCHS  BXPC     00000001 BXPC 00000001)
[    0.016119] ACPI: FACP 0x000000007FFE17FD 000074 (v01 BOCHS  BXPC     00000001 BXPC 00000001)
[    0.016661] ACPI: DSDT 0x000000007FFE0040 0017BD (v01 BOCHS  BXPC     00000001 BXPC 00000001)
[    0.017194] ACPI: FACS 0x000000007FFE0000 000040
[    0.017487] ACPI: APIC 0x000000007FFE1871 000080 (v01 BOCHS  BXPC     00000001 BXPC 00000001)
[    0.018017] ACPI: HPET 0x000000007FFE18F1 000038 (v01 BOCHS  BXPC     00000001 BXPC 00000001)
[    0.018550] ACPI: WAET 0x000000007FFE1929 000028 (v01 BOCHS  BXPC     00000001 BXPC 00000001)
[    0.019082] ACPI: Reserving FACP table memory at [mem 0x7ffe17fd-0x7ffe1870]
[    0.019515] ACPI: Reserving DSDT table memory at [mem 0x7ffe0040-0x7ffe17fc]
[    0.019946] ACPI: Reserving FACS table memory at [mem 0x7ffe0000-0x7ffe003f]
[    0.020377] ACPI: Reserving APIC table memory at [mem 0x7ffe1871-0x7ffe18f0]
[    0.020809] ACPI: Reserving HPET table memory at [mem 0x7ffe18f1-0x7ffe1928]
[    0.021241] ACPI: Reserving WAET table memory at [mem 0x7ffe1929-0x7ffe1950]
[    0.022193] No NUMA configuration found
[    0.022426] Faking a node at [mem 0x0000000000000000-0x000000007ffdffff]
[    0.022887] NODE_DATA(0) allocated [mem 0x7ffb5000-0x7ffdffff]
[    0.025780] Zone ranges:
[    0.025965]   DMA      [mem 0x0000000000001000-0x0000000000ffffff]
[    0.026349]   DMA32    [mem 0x0000000001000000-0x000000007ffdffff]
[    0.026732]   Normal   empty
[    0.026913]   Device   empty
[    0.027094] Movable zone start for each node
[    0.027358] Early memory node ranges
[    0.027577]   node   0: [mem 0x0000000000001000-0x000000000009efff]
[    0.027964]   node   0: [mem 0x0000000000100000-0x000000007ffdffff]
[    0.028351] Initmem setup node 0 [mem 0x0000000000001000-0x000000007ffdffff]
[    0.029076] On node 0, zone DMA: 1 pages in unavailable ranges
[    0.029178] On node 0, zone DMA: 97 pages in unavailable ranges
[    0.048699] On node 0, zone DMA32: 32 pages in unavailable ranges
[    0.049301] ACPI: PM-Timer IO Port: 0x608
[    0.049951] ACPI: LAPIC_NMI (acpi_id[0xff] dfl dfl lint[0x1])
[    0.050354] IOAPIC[0]: apic_id 0, version 17, address 0xfec00000, GSI 0-23
[    0.050794] ACPI: INT_SRC_OVR (bus 0 bus_irq 0 global_irq 2 dfl dfl)
[    0.051189] ACPI: INT_SRC_OVR (bus 0 bus_irq 5 global_irq 5 high level)
[    0.051600] ACPI: INT_SRC_OVR (bus 0 bus_irq 9 global_irq 9 high level)
[    0.052010] ACPI: INT_SRC_OVR (bus 0 bus_irq 10 global_irq 10 high level)
[    0.052430] ACPI: INT_SRC_OVR (bus 0 bus_irq 11 global_irq 11 high level)
[    0.052859] ACPI: Using ACPI (MADT) for SMP configuration information
[    0.053257] ACPI: HPET id: 0x8086a201 base: 0xfed00000
[    0.053589] TSC deadline timer available
[    0.053836] smpboot: Allowing 2 CPUs, 0 hotplug CPUs
[    0.054187] kvm-guest: KVM setup pv remote TLB flush
[    0.054495] kvm-guest: setup PV sched yield
[    0.054800] PM: hibernation: Registered nosave memory: [mem 0x00000000-0x00000fff]
[    0.055269] PM: hibernation: Registered nosave memory: [mem 0x0009f000-0x0009ffff]
[    0.055734] PM: hibernation: Registered nosave memory: [mem 0x000a0000-0x000effff]
[    0.056198] PM: hibernation: Registered nosave memory: [mem 0x000f0000-0x000fffff]
[    0.056666] [mem 0x80000000-0xfeffbfff] available for PCI devices
[    0.057041] Booting paravirtualized kernel on KVM
[    0.057344] clocksource: refined-jiffies: mask: 0xffffffff max_cycles: 0xffffffff, max_idle_ns: 7645519600211568 ns
[    0.057997] setup_percpu: NR_CPUS:8192 nr_cpumask_bits:2 nr_cpu_ids:2 nr_node_ids:1
[    0.059548] percpu: Embedded 64 pages/cpu s225280 r8192 d28672 u1048576
[    0.060127] kvm-guest: PV spinlocks enabled
[    0.060396] PV qspinlock hash table entries: 256 (order: 0, 4096 bytes, linear)
[    0.060872] Fallback order for Node 0: 0 
[    0.061136] Built 1 zonelists, mobility grouping on.  Total pages: 515808
[    0.061561] Policy zone: DMA32
[    0.061757] Kernel command line: net.ifnames=0 console=ttyS0 root=/dev/sda earlyprintk=serial net.ifnames=0
[    0.063704] Dentry cache hash table entries: 262144 (order: 9, 2097152 bytes, linear)
[    0.064291] Inode-cache hash table entries: 131072 (order: 8, 1048576 bytes, linear)
[    0.064876] mem auto-init: stack:off, heap alloc:off, heap free:off
[    0.068082] Memory: 1985384K/2096632K available (32784K kernel code, 4464K rwdata, 8052K rodata, 3292K init, 22736K bss, 110992K reserved, 0K cma-reserved)
[    0.069721] SLUB: HWalign=64, Order=0-3, MinObjects=0, CPUs=2, Nodes=1
[    0.070124] kmemleak: Kernel memory leak detector disabled
[    0.070486] ftrace: allocating 66261 entries in 259 pages
[    0.083374] ftrace: allocated 259 pages with 3 groups
[    0.085802] Dynamic Preempt: voluntary
[    0.086157] Running RCU self tests
[    0.086367] rcu: Preemptible hierarchical RCU implementation.
[    0.086715] rcu: 	RCU lockdep checking is enabled.
[    0.087011] rcu: 	RCU restricting CPUs from NR_CPUS=8192 to nr_cpu_ids=2.
[    0.087432] 	Trampoline variant of Tasks RCU enabled.
[    0.087745] 	Rude variant of Tasks RCU enabled.
[    0.088025] 	Tracing variant of Tasks RCU enabled.
[    0.088322] rcu: RCU calculated value of scheduler-enlistment delay is 25 jiffies.
[    0.088789] rcu: Adjusting geometry for rcu_fanout_leaf=16, nr_cpu_ids=2
[    0.107830] NR_IRQS: 524544, nr_irqs: 440, preallocated irqs: 16
[    0.108463] rcu: srcu_init: Setting srcu_struct sizes based on contention.
[    0.114511] Console: colour VGA+ 80x25
[    0.114774] printk: console [ttyS0] enabled
[    0.114774] printk: console [ttyS0] enabled
[    0.115282] printk: bootconsole [earlyser0] disabled
[    0.115282] printk: bootconsole [earlyser0] disabled
[    0.115873] Lock dependency validator: Copyright (c) 2006 Red Hat, Inc., Ingo Molnar
[    0.116336] ... MAX_LOCKDEP_SUBCLASSES:  8
[    0.116587] ... MAX_LOCK_DEPTH:          48
[    0.116844] ... MAX_LOCKDEP_KEYS:        8192
[    0.117109] ... CLASSHASH_SIZE:          4096
[    0.117375] ... MAX_LOCKDEP_ENTRIES:     32768
[    0.117647] ... MAX_LOCKDEP_CHAINS:      65536
[    0.117918] ... CHAINHASH_SIZE:          32768
[    0.118188]  memory used by lock dependency info: 6365 kB
[    0.118515]  memory used for stack traces: 4224 kB
[    0.118807]  per task-struct memory footprint: 1920 bytes
[    0.119170] ACPI: Core revision 20220331
[    0.119589] clocksource: hpet: mask: 0xffffffff max_cycles: 0xffffffff, max_idle_ns: 19112604467 ns
[    0.120233] APIC: Switch to symmetric I/O mode setup
[    0.120665] x2apic enabled
[    0.120960] Switched APIC routing to physical x2apic.
[    0.121266] kvm-guest: setup PV IPIs
[    0.122153] ..TIMER: vector=0x30 apic1=0 pin1=2 apic2=-1 pin2=-1
[    0.122532] clocksource: tsc-early: mask: 0xffffffffffffffff max_cycles: 0x3407c077a8d, max_idle_ns: 440795342283 ns
[    0.123175] Calibrating delay loop (skipped) preset value.. 7219.20 BogoMIPS (lpj=14438400)
[    0.123678] pid_max: default: 32768 minimum: 301
[    0.124081] LSM: Security Framework initializing
[    0.127175] Yama: becoming mindful.
[    0.127536] Mount-cache hash table entries: 4096 (order: 3, 32768 bytes, linear)
[    0.127984] Mountpoint-cache hash table entries: 4096 (order: 3, 32768 bytes, linear)
[    0.129247] x86/cpu: User Mode Instruction Prevention (UMIP) activated
[    0.130341] Last level iTLB entries: 4KB 0, 2MB 0, 4MB 0
[    0.130690] Last level dTLB entries: 4KB 0, 2MB 0, 4MB 0, 1GB 0
[    0.131199] Spectre V1 : Mitigation: usercopy/swapgs barriers and __user pointer sanitization
[    0.131714] Spectre V2 : WARNING: Unprivileged eBPF is enabled with eIBRS on, data leaks possible via Spectre v2 BHB attacks!
[    0.132390] Spectre V2 : Mitigation: Enhanced IBRS
[    0.132723] Spectre V2 : Spectre v2 / SpectreRSB mitigation: Filling RSB on context switch
[    0.133228] Spectre V2 : mitigation: Enabling conditional Indirect Branch Prediction Barrier
[    0.133725] Speculative Store Bypass: Mitigation: Speculative Store Bypass disabled via prctl
[    0.166787] Freeing SMP alternatives memory: 56K
[    0.167374] smpboot: CPU0: 12th Gen Intel(R) Core(TM) i7-12700K (family: 0x6, model: 0x97, stepping: 0x2)
[    0.168606] cblist_init_generic: Setting adjustable number of callback queues.
[    0.169041] cblist_init_generic: Setting shift to 1 and lim to 1.
[    0.169469] cblist_init_generic: Setting shift to 1 and lim to 1.
[    0.169893] cblist_init_generic: Setting shift to 1 and lim to 1.
[    0.170312] Running RCU-tasks wait API self tests
[    0.271283] Performance Events: Alderlake Hybrid events, full-width counters, Intel PMU driver.
[    0.272120] core: cpu_core PMU driver: 
[    0.272349] ... version:                2
[    0.272581] ... bit width:              48
[    0.272816] ... generic registers:      6
[    0.273046] ... value mask:             0000ffffffffffff
[    0.273348] ... max period:             00007fffffffffff
[    0.273649] ... fixed-purpose events:   3
[    0.273879] ... event mask:             0001000f0000003f
[    0.274437] rcu: Hierarchical SRCU implementation.
[    0.274487] printk: console [ttyS0] printing thread started
[    0.277172] unchecked MSR access error: WRMSR to 0x38f (tried to write 0x0001000f0000003f) at rIP: 0xffffffff810c4eec (native_write_msr+0xc/0x30)
[    0.277190] Call Trace:
[    0.277191]  <TASK>
[    0.277195]  __intel_pmu_enable_all.constprop.45+0x68/0x100
[    0.277207]  intel_pmu_enable_all+0x1e/0x20
[    0.277217]  x86_pmu_enable+0x46d/0x5a0
[    0.277224]  ? write_comp_data+0x2f/0x90
[    0.277238]  perf_pmu_enable+0x53/0x70
[    0.277252]  ctx_resched+0xab/0xf0
[    0.277263]  __perf_install_in_context+0x343/0x4b0
[    0.277273]  ? perf_duration_warn+0x50/0x50
[    0.277284]  ? perf_duration_warn+0x50/0x50
[    0.277293]  remote_function+0x7c/0x90
[    0.277301]  ? perf_duration_warn+0x50/0x50
[    0.277311]  generic_exec_single+0x11c/0x190
[    0.277323]  smp_call_function_single+0x11c/0x240
[    0.277333]  ? perf_duration_warn+0x50/0x50
[    0.277343]  ? __sanitizer_cov_trace_pc+0x25/0x50
[    0.277352]  ? write_comp_data+0x2f/0x90
[    0.277364]  perf_install_in_context+0x2e4/0x310
[    0.277373]  ? ctx_resched+0xf0/0xf0
[    0.277385]  perf_event_create_kernel_counter+0x166/0x200
[    0.277394]  ? hardlockup_detector_event_create+0xc0/0xc0
[    0.277406]  hardlockup_detector_event_create+0x46/0xc0
[    0.277417]  hardlockup_detector_perf_init+0x18/0x62
[    0.277433]  watchdog_nmi_probe+0x17/0x19
[    0.277442]  lockup_detector_init+0x40/0xab
[    0.277451]  kernel_init_freeable+0x264/0x40d
[    0.277469]  ? rest_init+0x240/0x240
[    0.277479]  kernel_init+0x24/0x1e0
[    0.277487]  ? rest_init+0x240/0x240
[    0.277494]  ret_from_fork+0x1f/0x30
[    0.277510]  </TASK>
[    0.277718] smp: Bringing up secondary CPUs ...
[    0.278296] x86: Booting SMP configuration:
[    0.278299] .... node  #0, CPUs:      #1
[    0.278668] smp: Brought up 1 node, 2 CPUs
[    0.278668] smpboot: Max logical packages: 1
[    0.278668] smpboot: Total of 2 processors activated (14438.40 BogoMIPS)
[    0.285069] devtmpfs: initialized
[    0.285069] x86/mm: Memory block size: 128MB
[    0.288517] clocksource: jiffies: mask: 0xffffffff max_cycles: 0xffffffff, max_idle_ns: 7645041785100000 ns
[    0.288517] futex hash table entries: 512 (order: 4, 65536 bytes, linear)
[    0.288517] pinctrl core: initialized pinctrl subsystem
[    0.288517] 
[    0.288517] *************************************************************
[    0.288517] **     NOTICE NOTICE NOTICE NOTICE NOTICE NOTICE NOTICE    **
[    0.288517] **                                                         **
[    0.288517] **  IOMMU DebugFS SUPPORT HAS BEEN ENABLED IN THIS KERNEL  **
[    0.288517] **                                                         **
[    0.288517] ** This means that this kernel is built to expose internal **
[    0.288517] ** IOMMU data structures, which may compromise security on **
[    0.288517] ** your system.                                            **
[    0.288517] **                                                         **
[    0.288517] ** If you see this message and you are not debugging the   **
[    0.288517] ** kernel, report this immediately to your vendor!         **
[    0.288517] **                                                         **
[    0.288517] **     NOTICE NOTICE NOTICE NOTICE NOTICE NOTICE NOTICE    **
[    0.288517] *************************************************************
[    0.288517] PM: RTC time: 09:03:06, date: 2023-02-22
[    0.291186] Callback from call_rcu_tasks_trace() invoked.
[    0.288541] NET: Registered PF_NETLINK/PF_ROUTE protocol family
[    0.289037] DMA: preallocated 256 KiB GFP_KERNEL pool for atomic allocations
[    0.289053] DMA: preallocated 256 KiB GFP_KERNEL|GFP_DMA pool for atomic allocations
[    0.289064] DMA: preallocated 256 KiB GFP_KERNEL|GFP_DMA32 pool for atomic allocations
[    0.289105] audit: initializing netlink subsys (disabled)
[    0.291193] thermal_sys: Registered thermal governor 'fair_share'
[    0.291193] thermal_sys: Registered thermal governor 'bang_bang'
[    0.291193] thermal_sys: Registered thermal governor 'step_wise'
[    0.291193] thermal_sys: Registered thermal governor 'user_space'
[    0.292710] cpuidle: using governor ladder
[    0.292710] audit: type=2000 audit(1677056587.344:1): state=initialized audit_enabled=0 res=1
[    0.293102] cpuidle: using governor menu
[    0.293102] HugeTLB: can optimize 4095 vmemmap pages for hugepages-1048576kB
[    0.293102] acpiphp: ACPI Hot Plug PCI Controller Driver version: 0.5
[    0.293102] PCI: Using configuration type 1 for base access
[    0.303462] kprobes: kprobe jump-optimization is enabled. All kprobes are optimized if possible.
[    0.303650] HugeTLB: can optimize 7 vmemmap pages for hugepages-2048kB
[    0.303659] HugeTLB registered 1.00 GiB page size, pre-allocated 0 pages
[    0.303665] HugeTLB registered 2.00 MiB page size, pre-allocated 0 pages
[    0.411604] ACPI: Added _OSI(Module Device)
[    0.411609] ACPI: Added _OSI(Processor Device)
[    0.411612] ACPI: Added _OSI(3.0 _SCP Extensions)
[    0.411615] ACPI: Added _OSI(Processor Aggregator Device)
[    0.411619] ACPI: Added _OSI(Linux-Dell-Video)
[    0.411623] ACPI: Added _OSI(Linux-Lenovo-NV-HDMI-Audio)
[    0.411627] ACPI: Added _OSI(Linux-HPI-Hybrid-Graphics)
[    0.418001] ACPI: 1 ACPI AML tables successfully acquired and loaded
[    2.602615] Callback from call_rcu_tasks_rude() invoked.
[    2.604281] ACPI: Interpreter enabled
[    2.604391] ACPI: PM: (supports S0 S3 S4 S5)
[    2.604399] ACPI: Using IOAPIC for interrupt routing
[    2.604452] PCI: Using host bridge windows from ACPI; if necessary, use "pci=nocrs" and report a bug
[    2.604461] PCI: Using E820 reservations for host bridge windows
[    2.605259] ACPI: Enabled 2 GPEs in block 00 to 0F
[    2.620700] ACPI: PCI Root Bridge [PCI0] (domain 0000 [bus 00-ff])
[    2.620721] acpi PNP0A03:00: _OSC: OS supports [ASPM ClockPM Segments MSI EDR HPX-Type3]
[    2.620731] acpi PNP0A03:00: _OSC: not requesting OS control; OS requires [ExtendedConfig ASPM ClockPM MSI]
[    2.620786] acpi PNP0A03:00: fail to add MMCONFIG information, can't access extended PCI configuration space under this bridge.
[    2.622370] acpiphp: Slot [3] registered
[    2.622426] acpiphp: Slot [4] registered
[    2.622481] acpiphp: Slot [5] registered
[    2.622535] acpiphp: Slot [6] registered
[    2.622596] acpiphp: Slot [7] registered
[    2.622651] acpiphp: Slot [8] registered
[    2.622705] acpiphp: Slot [9] registered
[    2.622760] acpiphp: Slot [10] registered
[    2.622820] acpiphp: Slot [11] registered
[    2.622875] acpiphp: Slot [12] registered
[    2.622930] acpiphp: Slot [13] registered
[    2.622985] acpiphp: Slot [14] registered
[    2.623046] acpiphp: Slot [15] registered
[    2.623107] acpiphp: Slot [16] registered
[    2.623161] acpiphp: Slot [17] registered
[    2.628648] acpiphp: Slot [18] registered
[    2.628704] acpiphp: Slot [19] registered
[    2.628760] acpiphp: Slot [20] registered
[    2.628822] acpiphp: Slot [21] registered
[    2.628884] acpiphp: Slot [22] registered
[    2.628939] acpiphp: Slot [23] registered
[    2.628993] acpiphp: Slot [24] registered
[    2.629049] acpiphp: Slot [25] registered
[    2.629110] acpiphp: Slot [26] registered
[    2.629165] acpiphp: Slot [27] registered
[    2.629220] acpiphp: Slot [28] registered
[    2.629275] acpiphp: Slot [29] registered
[    2.629330] acpiphp: Slot [30] registered
[    2.629391] acpiphp: Slot [31] registered
[    2.629410] PCI host bridge to bus 0000:00
[    2.629415] pci_bus 0000:00: root bus resource [io  0x0000-0x0cf7 window]
[    2.629424] pci_bus 0000:00: root bus resource [io  0x0d00-0xffff window]
[    2.629432] pci_bus 0000:00: root bus resource [mem 0x000a0000-0x000bffff window]
[    2.629441] pci_bus 0000:00: root bus resource [mem 0x80000000-0xfebfffff window]
[    2.629449] pci_bus 0000:00: root bus resource [mem 0x100000000-0x17fffffff window]
[    2.629459] pci_bus 0000:00: root bus resource [bus 00-ff]
[    2.629527] pci 0000:00:00.0: [8086:1237] type 00 class 0x060000
[    2.638046] pci 0000:00:01.0: [8086:7000] type 00 class 0x060100
[    2.638603] pci 0000:00:01.1: [8086:7010] type 00 class 0x010180
[    2.639744] pci 0000:00:01.1: reg 0x20: [io  0xc040-0xc04f]
[    2.640215] pci 0000:00:01.1: legacy IDE quirk: reg 0x10: [io  0x01f0-0x01f7]
[    2.640223] pci 0000:00:01.1: legacy IDE quirk: reg 0x14: [io  0x03f6]
[    2.640230] pci 0000:00:01.1: legacy IDE quirk: reg 0x18: [io  0x0170-0x0177]
[    2.640237] pci 0000:00:01.1: legacy IDE quirk: reg 0x1c: [io  0x0376]
[    2.640435] pci 0000:00:01.3: [8086:7113] type 00 class 0x068000
[    2.640682] pci 0000:00:01.3: quirk: [io  0x0600-0x063f] claimed by PIIX4 ACPI
[    2.640695] pci 0000:00:01.3: quirk: [io  0x0700-0x070f] claimed by PIIX4 SMB
[    2.641052] pci 0000:00:02.0: [1234:1111] type 00 class 0x030000
[    2.642383] pci 0000:00:02.0: reg 0x10: [mem 0xfd000000-0xfdffffff pref]
[    2.643424] pci 0000:00:02.0: reg 0x18: [mem 0xfebf0000-0xfebf0fff]
[    2.645774] pci 0000:00:02.0: reg 0x30: [mem 0xfebe0000-0xfebeffff pref]
[    2.647697] pci 0000:00:02.0: Video device with shadowed ROM at [mem 0x000c0000-0x000dffff]
[    2.650197] pci 0000:00:03.0: [8086:100e] type 00 class 0x020000
[    2.650695] pci 0000:00:03.0: reg 0x10: [mem 0xfebc0000-0xfebdffff]
[    2.651104] pci 0000:00:03.0: reg 0x14: [io  0xc000-0xc03f]
[    2.653159] pci 0000:00:03.0: reg 0x30: [mem 0xfeb80000-0xfebbffff pref]
[    2.660967] ACPI: PCI: Interrupt link LNKA configured for IRQ 10
[    2.661264] ACPI: PCI: Interrupt link LNKB configured for IRQ 10
[    2.661555] ACPI: PCI: Interrupt link LNKC configured for IRQ 11
[    2.661850] ACPI: PCI: Interrupt link LNKD configured for IRQ 11
[    2.661993] ACPI: PCI: Interrupt link LNKS configured for IRQ 9
[    2.662815] iommu: Default domain type: Translated 
[    2.662815] iommu: DMA domain TLB invalidation policy: lazy mode 
[    2.662815] SCSI subsystem initialized
[    2.662815] ACPI: bus type USB registered
[    2.662815] usbcore: registered new interface driver usbfs
[    2.662815] usbcore: registered new interface driver hub
[    2.662815] usbcore: registered new device driver usb
[    2.662815] pps_core: LinuxPPS API ver. 1 registered
[    2.662815] pps_core: Software ver. 5.3.6 - Copyright 2005-2007 Rodolfo Giometti <giometti@linux.it>
[    2.662815] PTP clock support registered
[    2.662815] EDAC MC: Ver: 3.0.0
[    2.663285] NetLabel: Initializing
[    2.663288] NetLabel:  domain hash size = 128
[    2.663292] NetLabel:  protocols = UNLABELED CIPSOv4 CALIPSO
[    2.663333] NetLabel:  unlabeled traffic allowed by default
[    2.663592] PCI: Using ACPI for IRQ routing
[    2.663828] pci 0000:00:02.0: vgaarb: setting as boot VGA device
[    2.663835] pci 0000:00:02.0: vgaarb: bridge control possible
[    2.663840] pci 0000:00:02.0: vgaarb: VGA device added: decodes=io+mem,owns=io+mem,locks=none
[    2.663849] vgaarb: loaded
[    2.664220] hpet0: at MMIO 0xfed00000, IRQs 2, 8, 0
[    2.664234] hpet0: 3 comparators, 64-bit 100.000000 MHz counter
[    2.668396] clocksource: Switched to clocksource kvm-clock
[    2.670739] VFS: Disk quotas dquot_6.6.0
[    2.670739] VFS: Dquot-cache hash table entries: 512 (order 0, 4096 bytes)
[    2.670739] pnp: PnP ACPI init
[    2.670997] pnp: PnP ACPI: found 6 devices
[    2.680008] clocksource: acpi_pm: mask: 0xffffff max_cycles: 0xffffff, max_idle_ns: 2085701024 ns
[    2.680329] NET: Registered PF_INET protocol family
[    2.680525] IP idents hash table entries: 32768 (order: 6, 262144 bytes, linear)
[    2.681393] tcp_listen_portaddr_hash hash table entries: 1024 (order: 4, 73728 bytes, linear)
[    2.681436] Table-perturb hash table entries: 65536 (order: 6, 262144 bytes, linear)
[    2.681447] TCP established hash table entries: 16384 (order: 5, 131072 bytes, linear)
[    2.681600] TCP bind bhash tables hash table entries: 16384 (order: 8, 1310720 bytes, linear)
[    2.682447] TCP: Hash tables configured (established 16384 bind 16384)
[    2.682557] UDP hash table entries: 1024 (order: 5, 163840 bytes, linear)
[    2.682648] UDP-Lite hash table entries: 1024 (order: 5, 163840 bytes, linear)
[    2.683004] NET: Registered PF_UNIX/PF_LOCAL protocol family
[    2.683462] RPC: Registered named UNIX socket transport module.
[    2.683467] RPC: Registered udp transport module.
[    2.683469] RPC: Registered tcp transport module.
[    2.683472] RPC: Registered tcp NFSv4.1 backchannel transport module.
[    2.683487] pci_bus 0000:00: resource 4 [io  0x0000-0x0cf7 window]
[    2.683496] pci_bus 0000:00: resource 5 [io  0x0d00-0xffff window]
[    2.683504] pci_bus 0000:00: resource 6 [mem 0x000a0000-0x000bffff window]
[    2.683514] pci_bus 0000:00: resource 7 [mem 0x80000000-0xfebfffff window]
[    2.683522] pci_bus 0000:00: resource 8 [mem 0x100000000-0x17fffffff window]
[    2.683720] pci 0000:00:01.0: PIIX3: Enabling Passive Release
[    2.683734] pci 0000:00:00.0: Limiting direct PCI/PCI transfers
[    2.683756] pci 0000:00:01.0: Activating ISA DMA hang workarounds
[    2.683833] PCI: CLS 0 bytes, default 64
[    2.683866] ACPI: bus type thunderbolt registered
[    2.684092] clocksource: tsc: mask: 0xffffffffffffffff max_cycles: 0x3407c077a8d, max_idle_ns: 440795342283 ns
[    2.707329] Callback from call_rcu_tasks() invoked.
[    2.771034] Initialise system trusted keyrings
[    2.771108] Key type blacklist registered
[    2.771357] workingset: timestamp_bits=36 max_order=19 bucket_order=0
[    2.779610] zbud: loaded
[    2.781315] squashfs: version 4.0 (2009/01/31) Phillip Lougher
[    2.782682] NFS: Registering the id_resolver key type
[    2.782700] Key type id_resolver registered
[    2.782703] Key type id_legacy registered
[    2.782786] nfs4filelayout_init: NFSv4 File Layout Driver Registering...
[    2.782807] nfs4flexfilelayout_init: NFSv4 Flexfile Layout Driver Registering...
[    2.782964] fuse: init (API version 7.36)
[    2.785516] SGI XFS with ACLs, security attributes, realtime, quota, no debug enabled
[    2.787088] 9p: Installing v9fs 9p2000 file system support
[    2.792634] Key type asymmetric registered
[    2.792649] Asymmetric key parser 'x509' registered
[    2.794091] alg: self-tests for CTR-KDF (hmac(sha256)) passed
[    2.794174] Block layer SCSI generic (bsg) driver version 0.4 loaded (major 243)
[    2.794340] io scheduler mq-deadline registered
[    2.794368] io scheduler bfq registered
[    2.797301] shpchp: Standard Hot Plug PCI Controller Driver version: 0.4
[    2.797651] IPMI message handler: version 39.2
[    2.797690] ipmi device interface
[    2.799488] input: Power Button as /devices/LNXSYSTM:00/LNXPWRBN:00/input/input0
[    2.799809] ACPI: button: Power Button [PWRF]
[    2.800942] ERST DBG: ERST support is disabled.
[    2.801531] Serial: 8250/16550 driver, 32 ports, IRQ sharing enabled
[    2.802113] 00:04: ttyS0 at I/O 0x3f8 (irq = 4, base_baud = 115200) is a 16550A
[    2.811036] Linux agpgart interface v0.103
[    2.811554] ACPI: bus type drm_connector registered
[    2.822611] brd: module loaded
[    2.829160] loop: module loaded
[    2.832680] scsi host0: ata_piix
[    2.833214] scsi host1: ata_piix
[    2.833346] ata1: PATA max MWDMA2 cmd 0x1f0 ctl 0x3f6 bmdma 0xc040 irq 14
[    2.833352] ata2: PATA max MWDMA2 cmd 0x170 ctl 0x376 bmdma 0xc048 irq 15
[    2.834584] tun: Universal TUN/TAP device driver, 1.6
[    2.834744] e100: Intel(R) PRO/100 Network Driver
[    2.834747] e100: Copyright(c) 1999-2006 Intel Corporation
[    2.834783] e1000: Intel(R) PRO/1000 Network Driver
[    2.834786] e1000: Copyright (c) 1999-2006 Intel Corporation.
[    2.990171] ACPI: \_SB_.LNKC: Enabled at IRQ 11
[    2.991336] ata2: found unknown device (class 0)
[    2.991592] ata1: found unknown device (class 0)
[    2.992326] ata1.00: ATA-7: QEMU HARDDISK, 2.5+, max UDMA/100
[    2.992334] ata1.00: 16777216 sectors, multi 16: LBA48 
[    2.992538] ata2.00: ATAPI: QEMU DVD-ROM, 2.5+, max UDMA/100
[    2.993654] scsi 0:0:0:0: Direct-Access     ATA      QEMU HARDDISK    2.5+ PQ: 0 ANSI: 5
[    2.994909] scsi 0:0:0:0: Attached scsi generic sg0 type 0
[    2.995691] sd 0:0:0:0: [sda] 16777216 512-byte logical blocks: (8.59 GB/8.00 GiB)
[    2.995746] sd 0:0:0:0: [sda] Write Protect is off
[    2.995785] scsi 1:0:0:0: CD-ROM            QEMU     QEMU DVD-ROM     2.5+ PQ: 0 ANSI: 5
[    2.995953] sd 0:0:0:0: [sda] Write cache: enabled, read cache: enabled, doesn't support DPO or FUA
[    2.996029] sd 0:0:0:0: [sda] Preferred minimum I/O size 512 bytes
[    3.016806] sd 0:0:0:0: [sda] Attached SCSI disk
[    3.023771] scsi 1:0:0:0: Attached scsi generic sg1 type 5
[    3.305613] e1000 0000:00:03.0 eth0: (PCI:33MHz:32-bit) 52:54:00:12:34:56
[    3.305649] e1000 0000:00:03.0 eth0: Intel(R) PRO/1000 Network Connection
[    3.305744] e1000e: Intel(R) PRO/1000 Network Driver
[    3.305748] e1000e: Copyright(c) 1999 - 2015 Intel Corporation.
[    3.305802] igb: Intel(R) Gigabit Ethernet Network Driver
[    3.305806] igb: Copyright (c) 2007-2014 Intel Corporation.
[    3.305893] PPP generic driver version 2.4.2
[    3.306625] VFIO - User Level meta-driver version: 0.3
[    3.306658] ehci_hcd: USB 2.0 'Enhanced' Host Controller (EHCI) Driver
[    3.306668] ehci-pci: EHCI PCI platform driver
[    3.306694] ehci-platform: EHCI generic platform driver
[    3.306716] ohci_hcd: USB 1.1 'Open' Host Controller (OHCI) Driver
[    3.306731] ohci-pci: OHCI PCI platform driver
[    3.306758] ohci-platform: OHCI generic platform driver
[    3.306775] uhci_hcd: USB Universal Host Controller Interface driver
[    3.307050] usbcore: registered new interface driver uas
[    3.307089] usbcore: registered new interface driver usb-storage
[    3.307226] i8042: PNP: PS/2 Controller [PNP0303:KBD,PNP0f13:MOU] at 0x60,0x64 irq 1,12
[    3.307916] serio: i8042 KBD port at 0x60,0x64 irq 1
[    3.307951] serio: i8042 AUX port at 0x60,0x64 irq 12
[    3.308449] mousedev: PS/2 mouse device common for all mice
[    3.309004] rtc_cmos 00:05: RTC can wake from S4
[    3.309775] rtc_cmos 00:05: registered as rtc0
[    3.309828] rtc_cmos 00:05: setting system clock to 2023-02-22T09:03:09 UTC (1677056589)
[    3.309942] rtc_cmos 00:05: alarms up to one day, y3k, 242 bytes nvram, hpet irqs
[    3.309969] i2c_dev: i2c /dev entries driver
[    3.310012] device-mapper: core: CONFIG_IMA_DISABLE_HTABLE is disabled. Duplicate IMA measurements will not be recorded in the IMA log.
[    3.310123] device-mapper: uevent: version 1.0.3
[    3.310386] device-mapper: ioctl: 4.46.0-ioctl (2022-02-22) initialised: dm-devel@redhat.com
[    3.310399] intel_pstate: CPU model not supported
[    3.310516] sdhci: Secure Digital Host Controller Interface driver
[    3.310520] sdhci: Copyright(c) Pierre Ossman
[    3.310576] sdhci-pltfm: SDHCI platform and OF driver helper
[    3.310754] ledtrig-cpu: registered to indicate activity on CPUs
[    3.310974] drop_monitor: Initializing network drop monitor service
[    3.311272] input: AT Translated Set 2 keyboard as /devices/platform/i8042/serio0/input/input1
[    3.312045] input: VirtualPS/2 VMware VMMouse as /devices/platform/i8042/serio1/input/input4
[    3.312501] input: VirtualPS/2 VMware VMMouse as /devices/platform/i8042/serio1/input/input3
[    3.313079] NET: Registered PF_INET6 protocol family
[    3.314623] Segment Routing with IPv6
[    3.314644] In-situ OAM (IOAM) with IPv6
[    3.314679] NET: Registered PF_PACKET protocol family
[    3.314956] 9pnet: Installing 9P2000 support
[    3.314996] Key type dns_resolver registered
[    3.315875] IPI shorthand broadcast: enabled
[    3.315931] sched_clock: Marking stable (3305341610, 10273756)->(3323154434, -7539068)
[    3.317399] registered taskstats version 1
[    3.317813] Loading compiled-in X.509 certificates
[    3.318042] zswap: loaded using pool lzo/zbud
[    3.319471] Key type ._fscrypt registered
[    3.319474] Key type .fscrypt registered
[    3.319477] Key type fscrypt-provisioning registered
[    3.325980] Key type encrypted registered
[    3.326007] ima: No TPM chip found, activating TPM-bypass!
[    3.326018] ima: Allocated hash algorithm: sha1
[    3.326042] ima: No architecture policies found
[    3.326080] evm: Initialising EVM extended attributes:
[    3.326082] evm: security.selinux
[    3.326085] evm: security.SMACK64
[    3.326088] evm: security.SMACK64EXEC
[    3.326090] evm: security.SMACK64TRANSMUTE
[    3.326093] evm: security.SMACK64MMAP
[    3.326096] evm: security.apparmor
[    3.326098] evm: security.ima
[    3.326101] evm: security.capability
[    3.326103] evm: HMAC attrs: 0x1
[    3.331888] PM:   Magic number: 11:95:71
[    3.332287] RAS: Correctable Errors collector initialized.
[    3.332797] md: Waiting for all devices to be available before autodetect
[    3.332800] md: If you don't use raid, use raid=noautodetect
[    3.332803] md: Autodetecting RAID arrays.
[    3.332812] md: autorun ...
[    3.332814] md: ... autorun DONE.
[    3.338313] EXT4-fs (sda): mounted filesystem with ordered data mode. Quota mode: none.
[    3.338347] VFS: Mounted root (ext4 filesystem) readonly on device 8:0.
[    3.339831] devtmpfs: mounted
[    3.347460] Freeing unused decrypted memory: 2036K
[    3.349410] Freeing unused kernel image (initmem) memory: 3292K
[    3.379238] Write protecting the kernel read-only data: 43008k
[    3.382582] Freeing unused kernel image (text/rodata gap) memory: 2028K
[    3.382721] Freeing unused kernel image (rodata/data gap) memory: 140K
[    3.459362] x86/mm: Checked W+X mappings: passed, no W+X pages found.
[    3.459375] Run /sbin/init as init process
[    3.539839] systemd[1]: RTC configured in localtime, applying delta of 0 minutes to system time.
[    3.561367] systemd[1]: systemd 239 (239-49.el8) running in system mode. (+PAM +AUDIT +SELINUX +IMA -APPARMOR +SMACK +SYSVINIT +UTMP +LIBCRYPTSETUP +GCRYPT +GNUTLS +ACL +XZ +LZ4 +SECCOMP +BLKID +ELFUTILS +KMOD +IDN2 -IDN +PCRE2 default-hierarchy=legacy)
[    3.561519] systemd[1]: Detected virtualization kvm.
[    3.561527] systemd[1]: Detected architecture x86-64.

Welcome to [0;31mCentOS Stream 8[0m!

[    3.579453] systemd[1]: Set hostname to <test>.
[    5.431231] random: crng init done
[[0;32m  OK  [0m] Listening on multipathd control socket.
[[0;32m  OK  [0m] Started Forward Password Requests to Wall Directory Watch.
[    5.530146] systemd[1]: Listening on multipathd control socket.
[    5.530778] systemd[1]: Started Forward Password Requests to Wall Directory Watch.
[[0;32m  OK  [0m] Created slice system-sshd\x2dkeygen.slice.
[[0;32m  OK  [0m] Listening on LVM2 poll daemon socket.
[[0;32m  OK  [0m] Listening on Device-mapper event daemon FIFOs.
[[0;32m  OK  [0m] Listening on initctl Compatibility Named Pipe.
[    5.533249] systemd[1]: Created slice system-sshd\x2dkeygen.slice.
[    5.533845] systemd[1]: Listening on LVM2 poll daemon socket.
[    5.534319] systemd[1]: Listening on Device-mapper event daemon FIFOs.
[    5.534780] systemd[1]: Listening on initctl Compatibility Named Pipe.
[[0;32m  OK  [0m] Created slice system-serial\x2dgetty.slice.
[[0;32m  OK  [0m] Set up automount Arbitrary Executabâ€¦rmats File System Automount Point.
[[0;32m  OK  [0m] Reached target Swap.
[[0;32m  OK  [0m] Listening on udev Kernel Socket.
[[0;32m  OK  [0m] Listening on RPCbind Server Activation Socket.
[[0;32m  OK  [0m] Reached target RPC Port Mapper.
[[0;32m  OK  [0m] Listening on Journal Socket.
         Starting Setup Virtual Console...
         Starting Load Kernel Modules...
         Starting Remount Root and Kernel File Systems...
[[0;32m  OK  [0m] Listening on Journal Socket (/dev/log).
         Starting Journal Service...
[[0;32m  OK  [0m] Created slice system-getty.slice.
         Starting Monitoring of LVM2 mirrorsâ€¦ng dmeventd or progress polling...
         Mounting Huge Pages File System...
         Mounting Kernel Debug File System...
[[0;32m  OK  [0m] Listening on Process Core Dump Socket.
[[0;32m  OK  [0m] Created slice User and Session Slice.
[[0;32m  OK  [0m] Reached target Slices.
[[0;32m  OK  [0m] Listening on udev Control Socket.
         Starting udev Coldplug all Devices...
         Mounting POSIX Message Queue File System...
[    5.719460] EXT4-fs (sda): re-mounted. Quota mode: none.
[[0;1;31mFAILED[0m] Failed to start Load Kernel Modules.
See 'systemctl status systemd-modules-load.service' for details.
[[0;32m  OK  [0m] Started Remount Root and Kernel File Systems.
[[0;32m  OK  [0m] Started Journal Service.
[[0;32m  OK  [0m] Started Monitoring of LVM2 mirrors,â€¦sing dmeventd or progress polling.
[[0;32m  OK  [0m] Mounted Huge Pages File System.
[[0;32m  OK  [0m] Mounted Kernel Debug File System.
[[0;32m  OK  [0m] Mounted POSIX Message Queue File System.
         Starting Flush Journal to Persistent Storage...
         Starting Load/Save Random Seed...
         Starting Create Static Device Nodes in /dev...
         Mounting FUSE Control File System...
         Mounting Kernel Configuration File System...
         Starting Apply Kernel Variables...
[[0;32m  OK  [0m] Started Load/Save Random Seed.
[[0;32m  OK  [0m] Started Create Static Device Nodes in /dev.
[[0;32m  OK  [0m] Mounted FUSE Control File System.
[[0;32m  OK  [0m] Mounted Kernel Configuration File System.
[[0;32m  OK  [0m] Started Apply Kernel Variables.
         Starting udev Kernel Device Manager...
[[0;32m  OK  [0m] Started Flush Journal to Persistent Storage.
[[0;32m  OK  [0m] Started Setup Virtual Console.
[[0;32m  OK  [0m] Started udev Kernel Device Manager.
[[0;32m  OK  [0m] Started udev Coldplug all Devices.
         Starting udev Wait for Complete Device Initialization...
         Starting Show Plymouth Boot Screen...
[[0;32m  OK  [0m] Started Show Plymouth Boot Screen.
[[0;32m  OK  [0m] Reached target Local Encrypted Volumes.
[[0;32m  OK  [0m] Reached target Paths.
[[0;32m  OK  [0m] Started Forward Password Requests to Plymouth Directory Watch.
[[0;32m  OK  [0m] Found device /dev/ttyS0.
[[0;32m  OK  [0m] Started udev Wait for Complete Device Initialization.
[[0;32m  OK  [0m] Listening on Load/Save RF Kill Switch Status /dev/rfkill Watch.
[[0;32m  OK  [0m] Reached target Local File Systems (Pre).
[[0;32m  OK  [0m] Reached target Local File Systems.
         Starting Restore /run/initramfs on shutdown...
         Starting Tell Plymouth To Write Out Runtime Data...
         Starting Create Volatile Files and Directories...
[[0;32m  OK  [0m] Started Restore /run/initramfs on shutdown.
[[0;32m  OK  [0m] Started Tell Plymouth To Write Out Runtime Data.
[[0;32m  OK  [0m] Started Create Volatile Files and Directories.
         Starting RPC Bind...
         Mounting RPC Pipe File System...
         Starting Security Auditing Service...
[[0;32m  OK  [0m] Mounted RPC Pipe File System.
[[0;32m  OK  [0m] Reached target rpc_pipefs.target.
[[0;32m  OK  [0m] Started RPC Bind.
[[0;32m  OK  [0m] Started Security Auditing Service.
         Starting Update UTMP about System Boot/Shutdown...
[[0;32m  OK  [0m] Started Update UTMP about System Boot/Shutdown.
[[0;32m  OK  [0m] Reached target System Initialization.
[[0;32m  OK  [0m] Started daily update of the root trust anchor for DNSSEC.
[[0;32m  OK  [0m] Listening on D-Bus System Message Bus Socket.
[[0;32m  OK  [0m] Listening on SSSD Kerberos Cache Manager responder socket.
[[0;32m  OK  [0m] Reached target Sockets.
[[0;32m  OK  [0m] Reached target Basic System.
[[0;32m  OK  [0m] Started Machine Check Exception Logging Daemon.
         Starting Auto-connect to subsystemsâ€¦-NVME devices found during boot...
         Starting Self Monitoring and Reporting Technology (SMART) Daemon...
         Starting Login Service...
         Starting Authorization Manager...
         Starting NTP client/server...
[[0;32m  OK  [0m] Started irqbalance daemon.
[[0;32m  OK  [0m] Reached target sshd-keygen.target.
[[0;32m  OK  [0m] Started dnf makecache --timer.
[[0;32m  OK  [0m] Started D-Bus System Message Bus.
         Starting Network Manager...
[[0;32m  OK  [0m] Started Daily Cleanup of Temporary Directories.
[[0;32m  OK  [0m] Reached target Timers.
[[0;32m  OK  [0m] Started Auto-connect to subsystems â€¦FC-NVME devices found during boot.
         Starting update of the root trust aâ€¦or DNSSEC validation in unbound...
[[0;32m  OK  [0m] Started Login Service.
[[0;32m  OK  [0m] Started Self Monitoring and Reporting Technology (SMART) Daemon.
[[0;32m  OK  [0m] Started update of the root trust anâ€¦ for DNSSEC validation in unbound.
[[0;32m  OK  [0m] Started Network Manager.
         Starting Network Manager Wait Online...
[[0;32m  OK  [0m] Reached target Network.
         Starting Dynamic System Tuning Daemon...
         Starting OpenSSH server daemon...
         Starting GSSAPI Proxy Daemon...
[[0;32m  OK  [0m] Started NTP client/server.
         Starting Hostname Service...
[[0;32m  OK  [0m] Started OpenSSH server daemon.
[[0;32m  OK  [0m] Started Authorization Manager.
[[0;32m  OK  [0m] Started GSSAPI Proxy Daemon.
[[0;32m  OK  [0m] Reached target NFS client services.
[[0;32m  OK  [0m] Reached target Remote File Systems (Pre).
[[0;32m  OK  [0m] Reached target Remote File Systems.
         Starting Permit User Sessions...
[[0;32m  OK  [0m] Started Permit User Sessions.
[[0;32m  OK  [0m] Started Command Scheduler.
         Starting Hold until boot process finishes up...
         Starting Terminate Plymouth Boot Screen...
[    7.247319] e1000: eth0 NIC Link is Up 1000 Mbps Full Duplex, Flow Control: RX
[    7.247674] IPv6: ADDRCONF(NETDEV_CHANGE): eth0: link becomes ready
[    7.459636] Spectre V2 : WARNING: Unprivileged eBPF is enabled with eIBRS on, data leaks possible via Spectre v2 BHB attacks!
[    7.459669] Spectre V2 : WARNING: Unprivileged eBPF is enabled with eIBRS on, data leaks possible via Spectre v2 BHB attacks!

CentOS Stream 8
Kernel 5.19.0-rc1-68171bbd1a9a+ on an x86_64

test login: [   28.653307] loop5: detected capacity change from 0 to 65536
[   28.653507] =======================================================
[   28.653507] WARNING: The mand mount option has been deprecated and
[   28.653507]          and is ignored by this kernel. Remove the mand
[   28.653507]          option from the mount to silence this warning.
[   28.653507] =======================================================
[   28.653537] XFS: ikeep mount option is deprecated.
[   28.666492] loop0: detected capacity change from 0 to 65536
[   28.666690] XFS: ikeep mount option is deprecated.
[   28.687093] loop4: detected capacity change from 0 to 65536
[   28.687317] XFS: ikeep mount option is deprecated.
[   28.701146] loop3: detected capacity change from 0 to 65536
[   28.701347] loop2: detected capacity change from 0 to 65536
[   28.701407] XFS: ikeep mount option is deprecated.
[   28.701509] XFS: ikeep mount option is deprecated.
[   28.702048] XFS (loop5): Deprecated V4 format (crc=0) will not be supported after September 2030.
[   28.702064] XFS (loop5): DAX unsupported by block device. Turning off DAX.
[   28.702257] XFS (loop0): DAX unsupported by block device. Turning off DAX.
[   28.702360] XFS (loop0): Mounting V4 Filesystem
[   28.702540] XFS (loop5): Mounting V4 Filesystem
[   28.704779] loop6: detected capacity change from 0 to 65536
[   28.704945] XFS: ikeep mount option is deprecated.
[   28.709621] loop7: detected capacity change from 0 to 65536
[   28.709790] XFS: ikeep mount option is deprecated.
[   28.710322] XFS (loop5): totally zeroed log
[   28.710706] XFS (loop5): Ending clean mount
[   28.711274] XFS (loop5): Quotacheck needed: Please wait.
[   28.713209] XFS (loop0): totally zeroed log
[   28.713490] XFS (loop0): Ending clean mount
[   28.713633] XFS (loop0): Quotacheck needed: Please wait.
[   28.719836] XFS (loop4): DAX unsupported by block device. Turning off DAX.
[   28.719981] XFS (loop4): Mounting V4 Filesystem
[   28.720079] XFS (loop2): DAX unsupported by block device. Turning off DAX.
[   28.720184] XFS (loop6): DAX unsupported by block device. Turning off DAX.
[   28.720248] XFS (loop2): Mounting V4 Filesystem
[   28.720414] XFS (loop6): Mounting V4 Filesystem
[   28.723124] loop1: detected capacity change from 0 to 65536
[   28.723327] XFS: ikeep mount option is deprecated.
[   28.725315] repro: attempt to access beyond end of device
[   28.725315] loop5: rw=432129, sector=65535, nr_sectors = 16 limit=65536
[   28.725413] XFS (loop5): log I/O error -5
[   28.725425] XFS (loop5): Filesystem has been shut down due to log error (0x2).
[   28.725430] XFS (loop5): Please unmount the filesystem and rectify the problem(s).
[   28.725655] XFS (loop5): Quotacheck: Unsuccessful (Error -5): Disabling quotas.
[   28.725735] xfs filesystem being mounted at /root/syzkaller.gP4sBf/0/file0 supports timestamps until 2038 (0x7fffffff)
[   28.731651] repro: attempt to access beyond end of device
[   28.731651] loop0: rw=432129, sector=65535, nr_sectors = 16 limit=65536
[   28.731685] XFS (loop0): log I/O error -5
[   28.731693] XFS (loop0): Filesystem has been shut down due to log error (0x2).
[   28.731698] XFS (loop0): Please unmount the filesystem and rectify the problem(s).
[   28.731804] XFS (loop0): Quotacheck: Unsuccessful (Error -5): Disabling quotas.
[   28.731842] xfs filesystem being mounted at /root/syzkaller.rdm71R/0/file0 supports timestamps until 2038 (0x7fffffff)
[   28.732400] XFS (loop3): DAX unsupported by block device. Turning off DAX.
[   28.732566] XFS (loop3): Mounting V4 Filesystem
[   28.733629] XFS (loop5): Unmounting Filesystem
[   28.733921] XFS (loop0): Unmounting Filesystem
[   28.738562] XFS (loop7): DAX unsupported by block device. Turning off DAX.
[   28.738649] XFS (loop7): Mounting V4 Filesystem
[   28.749102] XFS (loop2): totally zeroed log
[   28.749324] XFS (loop4): totally zeroed log
[   28.749408] XFS (loop2): Ending clean mount
[   28.749580] XFS (loop4): Ending clean mount
[   28.749713] XFS (loop2): Quotacheck needed: Please wait.
[   28.749732] XFS (loop4): Quotacheck needed: Please wait.
[   28.753360] repro: attempt to access beyond end of device
[   28.753360] loop4: rw=432129, sector=65535, nr_sectors = 16 limit=65536
[   28.753395] XFS (loop4): log I/O error -5
[   28.753403] XFS (loop4): Filesystem has been shut down due to log error (0x2).
[   28.753408] XFS (loop4): Please unmount the filesystem and rectify the problem(s).
[   28.753518] XFS (loop4): Quotacheck: Unsuccessful (Error -5): Disabling quotas.
[   28.753563] xfs filesystem being mounted at /root/syzkaller.gQ9Tp9/0/file0 supports timestamps until 2038 (0x7fffffff)
[   28.753589] repro: attempt to access beyond end of device
[   28.753589] loop2: rw=432129, sector=65535, nr_sectors = 16 limit=65536
[   28.753630] XFS (loop2): log I/O error -5
[   28.753643] XFS (loop2): Filesystem has been shut down due to log error (0x2).
[   28.753649] XFS (loop2): Please unmount the filesystem and rectify the problem(s).
[   28.759953] XFS (loop3): totally zeroed log
[   28.760184] XFS (loop3): Ending clean mount
[   28.760380] XFS (loop3): Quotacheck needed: Please wait.
[   28.761686] repro: attempt to access beyond end of device
[   28.761686] loop3: rw=432129, sector=65535, nr_sectors = 16 limit=65536
[   28.761720] XFS (loop3): log I/O error -5
[   28.761728] XFS (loop3): Filesystem has been shut down due to log error (0x2).
[   28.761733] XFS (loop3): Please unmount the filesystem and rectify the problem(s).
[   28.761838] XFS (loop3): Quotacheck: Unsuccessful (Error -5): Disabling quotas.
[   28.761878] xfs filesystem being mounted at /root/syzkaller.0xgJh6/0/file0 supports timestamps until 2038 (0x7fffffff)
[   28.762580] XFS (loop7): totally zeroed log
[   28.762779] XFS (loop7): Ending clean mount
[   28.762909] XFS (loop7): Quotacheck needed: Please wait.
[   28.763245] XFS (loop6): totally zeroed log
[   28.763430] XFS (loop6): Ending clean mount
[   28.763563] XFS (loop2): Quotacheck: Unsuccessful (Error -5): Disabling quotas.
[   28.763610] xfs filesystem being mounted at /root/syzkaller.XeSSkY/0/file0 supports timestamps until 2038 (0x7fffffff)
[   28.765234] XFS (loop6): Quotacheck needed: Please wait.
[   28.765758] XFS (loop4): Unmounting Filesystem
[   28.765861] XFS (loop3): Unmounting Filesystem
[   28.765969] XFS (loop2): Unmounting Filesystem
[   28.777884] repro: attempt to access beyond end of device
[   28.777884] loop6: rw=432129, sector=65535, nr_sectors = 16 limit=65536
[   28.777918] XFS (loop6): log I/O error -5
[   28.777926] XFS (loop6): Filesystem has been shut down due to log error (0x2).
[   28.777931] XFS (loop6): Please unmount the filesystem and rectify the problem(s).
[   28.778044] XFS (loop6): Quotacheck: Unsuccessful (Error -5): Disabling quotas.
[   28.778085] xfs filesystem being mounted at /root/syzkaller.cKLX6h/0/file0 supports timestamps until 2038 (0x7fffffff)
[   28.778643] repro: attempt to access beyond end of device
[   28.778643] loop7: rw=432129, sector=65535, nr_sectors = 16 limit=65536
[   28.778678] XFS (loop7): log I/O error -5
[   28.778685] XFS (loop7): Filesystem has been shut down due to log error (0x2).
[   28.778690] XFS (loop7): Please unmount the filesystem and rectify the problem(s).
[   28.778794] XFS (loop7): Quotacheck: Unsuccessful (Error -5): Disabling quotas.
[   28.778826] xfs filesystem being mounted at /root/syzkaller.h6nvzn/0/file0 supports timestamps until 2038 (0x7fffffff)
[   28.783853] XFS (loop7): Unmounting Filesystem
[   28.783986] XFS (loop6): Unmounting Filesystem
[   28.798071] XFS (loop1): DAX unsupported by block device. Turning off DAX.
[   28.798170] XFS (loop1): Mounting V4 Filesystem
[   28.871304] XFS (loop1): totally zeroed log
[   28.871499] XFS (loop1): Ending clean mount
[   28.871691] XFS (loop1): Quotacheck needed: Please wait.
[   28.873013] repro: attempt to access beyond end of device
[   28.873013] loop1: rw=432129, sector=65535, nr_sectors = 16 limit=65536
[   28.873047] XFS (loop1): log I/O error -5
[   28.873054] XFS (loop1): Filesystem has been shut down due to log error (0x2).
[   28.873060] XFS (loop1): Please unmount the filesystem and rectify the problem(s).
[   28.873164] XFS (loop1): Quotacheck: Unsuccessful (Error -5): Disabling quotas.
[   28.873200] xfs filesystem being mounted at /root/syzkaller.iSJAhT/0/file0 supports timestamps until 2038 (0x7fffffff)
[   28.875135] XFS (loop1): Unmounting Filesystem
[   29.220343] loop5: detected capacity change from 0 to 65536
[   29.220543] XFS: ikeep mount option is deprecated.
[   29.263960] loop7: detected capacity change from 0 to 65536
[   29.264171] XFS: ikeep mount option is deprecated.
[   29.268794] XFS (loop5): DAX unsupported by block device. Turning off DAX.
[   29.268902] XFS (loop5): Mounting V4 Filesystem
[   29.280841] XFS (loop5): totally zeroed log
[   29.281033] XFS (loop5): Ending clean mount
[   29.281206] XFS (loop5): Quotacheck needed: Please wait.
[   29.284138] repro: attempt to access beyond end of device
[   29.284138] loop5: rw=432129, sector=65535, nr_sectors = 16 limit=65536
[   29.284181] XFS (loop5): log I/O error -5
[   29.284190] XFS (loop5): Filesystem has been shut down due to log error (0x2).
[   29.284195] XFS (loop5): Please unmount the filesystem and rectify the problem(s).
[   29.284318] XFS (loop5): Quotacheck: Unsuccessful (Error -5): Disabling quotas.
[   29.284363] xfs filesystem being mounted at /root/syzkaller.gP4sBf/1/file0 supports timestamps until 2038 (0x7fffffff)
[   29.289391] XFS (loop5): Unmounting Filesystem
[   29.334219] loop2: detected capacity change from 0 to 65536
[   29.334411] XFS: ikeep mount option is deprecated.
[   29.334669] XFS (loop7): DAX unsupported by block device. Turning off DAX.
[   29.334769] XFS (loop7): Mounting V4 Filesystem
[   29.353554] XFS (loop7): totally zeroed log
[   29.353760] XFS (loop7): Ending clean mount
[   29.354059] XFS (loop7): Quotacheck needed: Please wait.
[   29.357059] repro: attempt to access beyond end of device
[   29.357059] loop7: rw=432129, sector=65535, nr_sectors = 16 limit=65536
[   29.357102] XFS (loop7): log I/O error -5
[   29.357111] XFS (loop7): Filesystem has been shut down due to log error (0x2).
[   29.357116] XFS (loop7): Please unmount the filesystem and rectify the problem(s).
[   29.357236] XFS (loop7): Quotacheck: Unsuccessful (Error -5): Disabling quotas.
[   29.357283] xfs filesystem being mounted at /root/syzkaller.h6nvzn/1/file0 supports timestamps until 2038 (0x7fffffff)
[   29.362457] XFS (loop7): Unmounting Filesystem
[   29.374660] XFS (loop2): DAX unsupported by block device. Turning off DAX.
[   29.375343] XFS (loop2): Mounting V4 Filesystem
[   29.395029] loop4: detected capacity change from 0 to 65536
[   29.398368] XFS: ikeep mount option is deprecated.
[   29.400521] loop0: detected capacity change from 0 to 65536
[   29.400703] XFS: ikeep mount option is deprecated.
[   29.400892] XFS (loop2): totally zeroed log
[   29.401094] XFS (loop2): Ending clean mount
[   29.401250] XFS (loop2): Quotacheck needed: Please wait.
[   29.405492] XFS (loop2): log I/O error -5
[   29.405502] XFS (loop2): Filesystem has been shut down due to log error (0x2).
[   29.405508] XFS (loop2): Please unmount the filesystem and rectify the problem(s).
[   29.405637] XFS (loop2): Quotacheck: Unsuccessful (Error -5): Disabling quotas.
[   29.405682] xfs filesystem being mounted at /root/syzkaller.XeSSkY/1/file0 supports timestamps until 2038 (0x7fffffff)
[   29.407699] XFS (loop2): Unmounting Filesystem
[   29.415841] loop3: detected capacity change from 0 to 65536
[   29.416062] XFS: ikeep mount option is deprecated.
[   29.418277] loop6: detected capacity change from 0 to 65536
[   29.418443] XFS: ikeep mount option is deprecated.
[   29.437866] XFS (loop4): DAX unsupported by block device. Turning off DAX.
[   29.437976] XFS (loop4): Mounting V4 Filesystem
[   29.442478] XFS (loop6): DAX unsupported by block device. Turning off DAX.
[   29.442588] XFS (loop6): Mounting V4 Filesystem
[   29.445617] XFS (loop0): DAX unsupported by block device. Turning off DAX.
[   29.445677] XFS (loop3): DAX unsupported by block device. Turning off DAX.
[   29.445742] XFS (loop0): Mounting V4 Filesystem
[   29.445897] XFS (loop3): Mounting V4 Filesystem
[   29.450691] XFS (loop4): totally zeroed log
[   29.450931] XFS (loop4): Ending clean mount
[   29.451123] XFS (loop4): Quotacheck needed: Please wait.
[   29.456109] XFS (loop4): log I/O error -5
[   29.456119] XFS (loop4): Filesystem has been shut down due to log error (0x2).
[   29.456125] XFS (loop4): Please unmount the filesystem and rectify the problem(s).
[   29.456243] XFS (loop4): Quotacheck: Unsuccessful (Error -5): Disabling quotas.
[   29.456290] xfs filesystem being mounted at /root/syzkaller.gQ9Tp9/1/file0 supports timestamps until 2038 (0x7fffffff)
[   29.457392] XFS (loop4): Unmounting Filesystem
[   29.462397] loop1: detected capacity change from 0 to 65536
[   29.462574] XFS: ikeep mount option is deprecated.
[   29.468192] XFS (loop0): totally zeroed log
[   29.468410] XFS (loop0): Ending clean mount
[   29.468577] XFS (loop0): Quotacheck needed: Please wait.
[   29.470623] XFS (loop0): log I/O error -5
[   29.470633] XFS (loop0): Filesystem has been shut down due to log error (0x2).
[   29.470639] XFS (loop0): Please unmount the filesystem and rectify the problem(s).
[   29.470759] XFS (loop0): Quotacheck: Unsuccessful (Error -5): Disabling quotas.
[   29.470813] xfs filesystem being mounted at /root/syzkaller.rdm71R/1/file0 supports timestamps until 2038 (0x7fffffff)
[   29.472013] XFS (loop3): totally zeroed log
[   29.472075] XFS (loop0): Unmounting Filesystem
[   29.474694] XFS (loop3): Ending clean mount
[   29.474855] XFS (loop3): Quotacheck needed: Please wait.
[   29.481871] XFS (loop3): log I/O error -5
[   29.481882] XFS (loop3): Filesystem has been shut down due to log error (0x2).
[   29.481888] XFS (loop3): Please unmount the filesystem and rectify the problem(s).
[   29.481999] XFS (loop3): Quotacheck: Unsuccessful (Error -5): Disabling quotas.
[   29.482042] xfs filesystem being mounted at /root/syzkaller.0xgJh6/1/file0 supports timestamps until 2038 (0x7fffffff)
[   29.483100] XFS (loop3): Unmounting Filesystem
[   29.490472] XFS (loop6): totally zeroed log
[   29.491645] XFS (loop6): Ending clean mount
[   29.491830] XFS (loop6): Quotacheck needed: Please wait.
[   29.493312] XFS (loop6): log I/O error -5
[   29.493322] XFS (loop6): Filesystem has been shut down due to log error (0x2).
[   29.493327] XFS (loop6): Please unmount the filesystem and rectify the problem(s).
[   29.493447] XFS (loop6): Quotacheck: Unsuccessful (Error -5): Disabling quotas.
[   29.493489] xfs filesystem being mounted at /root/syzkaller.cKLX6h/1/file0 supports timestamps until 2038 (0x7fffffff)
[   29.495019] XFS (loop6): Unmounting Filesystem
[   29.547263] XFS (loop1): DAX unsupported by block device. Turning off DAX.
[   29.547417] XFS (loop1): Mounting V4 Filesystem
[   29.652571] XFS (loop1): totally zeroed log
[   29.652849] XFS (loop1): Ending clean mount
[   29.653066] XFS (loop1): Quotacheck needed: Please wait.
[   29.656485] XFS (loop1): log I/O error -5
[   29.656494] XFS (loop1): Filesystem has been shut down due to log error (0x2).
[   29.656500] XFS (loop1): Please unmount the filesystem and rectify the problem(s).
[   29.656609] XFS (loop1): Quotacheck: Unsuccessful (Error -5): Disabling quotas.
[   29.656656] xfs filesystem being mounted at /root/syzkaller.iSJAhT/1/file0 supports timestamps until 2038 (0x7fffffff)
[   29.660957] XFS (loop1): Unmounting Filesystem
[   29.675885] loop6: detected capacity change from 0 to 65536
[   29.676062] XFS: ikeep mount option is deprecated.
[   29.686230] XFS (loop6): DAX unsupported by block device. Turning off DAX.
[   29.686322] XFS (loop6): Mounting V4 Filesystem
[   29.692432] XFS (loop6): totally zeroed log
[   29.692605] XFS (loop6): Ending clean mount
[   29.692760] XFS (loop6): Quotacheck needed: Please wait.
[   29.694291] XFS (loop6): log I/O error -5
[   29.694301] XFS (loop6): Filesystem has been shut down due to log error (0x2).
[   29.694307] XFS (loop6): Please unmount the filesystem and rectify the problem(s).
[   29.694416] XFS (loop6): Quotacheck: Unsuccessful (Error -5): Disabling quotas.
[   29.694457] xfs filesystem being mounted at /root/syzkaller.cKLX6h/2/file0 supports timestamps until 2038 (0x7fffffff)
[   29.695440] XFS (loop6): Unmounting Filesystem
[   29.907987] loop5: detected capacity change from 0 to 65536
[   29.908170] XFS: ikeep mount option is deprecated.
[   29.954241] XFS (loop5): DAX unsupported by block device. Turning off DAX.
[   29.954333] XFS (loop5): Mounting V4 Filesystem
[   29.980319] XFS (loop5): totally zeroed log
[   29.980511] XFS (loop5): Ending clean mount
[   29.980684] XFS (loop5): Quotacheck needed: Please wait.
[   29.983444] XFS (loop5): log I/O error -5
[   29.983453] XFS (loop5): Filesystem has been shut down due to log error (0x2).
[   29.983458] XFS (loop5): Please unmount the filesystem and rectify the problem(s).
[   29.983576] XFS (loop5): Quotacheck: Unsuccessful (Error -5): Disabling quotas.
[   29.983615] xfs filesystem being mounted at /root/syzkaller.gP4sBf/2/file0 supports timestamps until 2038 (0x7fffffff)
[   29.986806] XFS (loop5): Unmounting Filesystem
[   30.071494] loop1: detected capacity change from 0 to 65536
[   30.071728] XFS: ikeep mount option is deprecated.
[   30.084297] XFS (loop1): DAX unsupported by block device. Turning off DAX.
[   30.084405] XFS (loop1): Mounting V4 Filesystem
[   30.092629] XFS (loop1): totally zeroed log
[   30.092882] XFS (loop1): Ending clean mount
[   30.093110] XFS (loop1): Quotacheck needed: Please wait.
[   30.093822] loop3: detected capacity change from 0 to 65536
[   30.094010] XFS: ikeep mount option is deprecated.
[   30.095606] XFS (loop1): log I/O error -5
[   30.095615] XFS (loop1): Filesystem has been shut down due to log error (0x2).
[   30.095621] XFS (loop1): Please unmount the filesystem and rectify the problem(s).
[   30.095729] XFS (loop1): Quotacheck: Unsuccessful (Error -5): Disabling quotas.
[   30.095794] xfs filesystem being mounted at /root/syzkaller.iSJAhT/2/file0 supports timestamps until 2038 (0x7fffffff)
[   30.099413] XFS (loop1): Unmounting Filesystem
[   30.113236] XFS (loop3): DAX unsupported by block device. Turning off DAX.
[   30.113329] XFS (loop3): Mounting V4 Filesystem
[   30.119138] loop4: detected capacity change from 0 to 65536
[   30.119335] XFS: ikeep mount option is deprecated.
[   30.119549] XFS (loop3): totally zeroed log
[   30.120148] XFS (loop3): Ending clean mount
[   30.120425] XFS (loop3): Quotacheck needed: Please wait.
[   30.121992] XFS (loop3): log I/O error -5
[   30.122001] XFS (loop3): Filesystem has been shut down due to log error (0x2).
[   30.122006] XFS (loop3): Please unmount the filesystem and rectify the problem(s).
[   30.122121] XFS (loop3): Quotacheck: Unsuccessful (Error -5): Disabling quotas.
[   30.122157] xfs filesystem being mounted at /root/syzkaller.0xgJh6/2/file0 supports timestamps until 2038 (0x7fffffff)
[   30.127454] XFS (loop3): Unmounting Filesystem
[   30.128897] loop7: detected capacity change from 0 to 65536
[   30.129058] XFS: ikeep mount option is deprecated.
[   30.142680] XFS (loop7): DAX unsupported by block device. Turning off DAX.
[   30.142767] XFS (loop7): Mounting V4 Filesystem
[   30.144891] loop0: detected capacity change from 0 to 65536
[   30.145076] XFS: ikeep mount option is deprecated.
[   30.149227] XFS (loop4): DAX unsupported by block device. Turning off DAX.
[   30.149330] XFS (loop4): Mounting V4 Filesystem
[   30.161747] XFS (loop7): totally zeroed log
[   30.161996] XFS (loop7): Ending clean mount
[   30.162201] XFS (loop7): Quotacheck needed: Please wait.
[   30.168161] XFS (loop7): log I/O error -5
[   30.168171] XFS (loop7): Filesystem has been shut down due to log error (0x2).
[   30.168176] XFS (loop7): Please unmount the filesystem and rectify the problem(s).
[   30.168291] XFS (loop7): Quotacheck: Unsuccessful (Error -5): Disabling quotas.
[   30.168330] xfs filesystem being mounted at /root/syzkaller.h6nvzn/2/file0 supports timestamps until 2038 (0x7fffffff)
[   30.169330] XFS (loop7): Unmounting Filesystem
[   30.224829] XFS (loop4): totally zeroed log
[   30.225030] XFS (loop4): Ending clean mount
[   30.225208] XFS (loop4): Quotacheck needed: Please wait.
[   30.226863] XFS (loop4): log I/O error -5
[   30.226873] XFS (loop4): Filesystem has been shut down due to log error (0x2).
[   30.226878] XFS (loop4): Please unmount the filesystem and rectify the problem(s).
[   30.226995] XFS (loop4): Quotacheck: Unsuccessful (Error -5): Disabling quotas.
[   30.227037] xfs filesystem being mounted at /root/syzkaller.gQ9Tp9/2/file0 supports timestamps until 2038 (0x7fffffff)
[   30.228297] XFS (loop4): Unmounting Filesystem
[   30.233131] loop6: detected capacity change from 0 to 65536
[   30.233304] XFS: ikeep mount option is deprecated.
[   30.233575] XFS (loop0): DAX unsupported by block device. Turning off DAX.
[   30.233692] XFS (loop0): Mounting V4 Filesystem
[   30.272607] XFS (loop0): totally zeroed log
[   30.272801] XFS (loop0): Ending clean mount
[   30.273007] XFS (loop0): Quotacheck needed: Please wait.
[   30.274527] XFS (loop0): log I/O error -5
[   30.274536] XFS (loop0): Filesystem has been shut down due to log error (0x2).
[   30.274542] XFS (loop0): Please unmount the filesystem and rectify the problem(s).
[   30.274656] XFS (loop0): Quotacheck: Unsuccessful (Error -5): Disabling quotas.
[   30.274702] xfs filesystem being mounted at /root/syzkaller.rdm71R/2/file0 supports timestamps until 2038 (0x7fffffff)
[   30.277615] XFS (loop0): Unmounting Filesystem
[   30.293519] loop2: detected capacity change from 0 to 65536
[   30.293681] XFS: ikeep mount option is deprecated.
[   30.293965] XFS (loop6): DAX unsupported by block device. Turning off DAX.
[   30.294057] XFS (loop6): Mounting V4 Filesystem
[   30.328886] XFS (loop6): totally zeroed log
[   30.329058] XFS (loop6): Ending clean mount
[   30.329216] XFS (loop6): Quotacheck needed: Please wait.
[   30.330689] XFS (loop6): log I/O error -5
[   30.330698] XFS (loop6): Filesystem has been shut down due to log error (0x2).
[   30.330704] XFS (loop6): Please unmount the filesystem and rectify the problem(s).
[   30.330838] XFS (loop6): Quotacheck: Unsuccessful (Error -5): Disabling quotas.
[   30.330874] xfs filesystem being mounted at /root/syzkaller.cKLX6h/3/file0 supports timestamps until 2038 (0x7fffffff)
[   30.333751] XFS (loop6): Unmounting Filesystem
[   30.339469] XFS (loop2): DAX unsupported by block device. Turning off DAX.
[   30.339571] XFS (loop2): Mounting V4 Filesystem
[   30.386259] XFS (loop2): totally zeroed log
[   30.386468] XFS (loop2): Ending clean mount
[   30.386626] XFS (loop2): Quotacheck needed: Please wait.
[   30.388964] XFS (loop2): log I/O error -5
[   30.388974] XFS (loop2): Filesystem has been shut down due to log error (0x2).
[   30.388980] XFS (loop2): Please unmount the filesystem and rectify the problem(s).
[   30.389092] XFS (loop2): Quotacheck: Unsuccessful (Error -5): Disabling quotas.
[   30.389134] xfs filesystem being mounted at /root/syzkaller.XeSSkY/2/file0 supports timestamps until 2038 (0x7fffffff)
[   30.390771] XFS (loop2): Unmounting Filesystem
[   30.662024] loop3: detected capacity change from 0 to 65536
[   30.662238] XFS: ikeep mount option is deprecated.
[   30.697761] loop7: detected capacity change from 0 to 65536
[   30.698700] XFS: ikeep mount option is deprecated.
[   30.729366] XFS (loop3): DAX unsupported by block device. Turning off DAX.
[   30.729480] XFS (loop3): Mounting V4 Filesystem
[   30.737368] loop1: detected capacity change from 0 to 65536
[   30.737541] XFS: ikeep mount option is deprecated.
[   30.746823] XFS (loop3): totally zeroed log
[   30.746842] XFS (loop7): DAX unsupported by block device. Turning off DAX.
[   30.746950] XFS (loop7): Mounting V4 Filesystem
[   30.747162] XFS (loop3): Ending clean mount
[   30.748143] XFS (loop3): Quotacheck needed: Please wait.
[   30.750817] XFS (loop3): log I/O error -5
[   30.750826] XFS (loop3): Filesystem has been shut down due to log error (0x2).
[   30.750832] XFS (loop3): Please unmount the filesystem and rectify the problem(s).
[   30.750944] XFS (loop3): Quotacheck: Unsuccessful (Error -5): Disabling quotas.
[   30.750987] xfs filesystem being mounted at /root/syzkaller.0xgJh6/3/file0 supports timestamps until 2038 (0x7fffffff)
[   30.755434] XFS (loop3): Unmounting Filesystem
[   30.769302] loop5: detected capacity change from 0 to 65536
[   30.769470] XFS: ikeep mount option is deprecated.
[   30.769517] loop0: detected capacity change from 0 to 65536
[   30.769702] XFS: ikeep mount option is deprecated.
[   30.776049] XFS (loop7): totally zeroed log
[   30.780000] XFS (loop7): Ending clean mount
[   30.780284] XFS (loop7): Quotacheck needed: Please wait.
[   30.781981] XFS (loop1): DAX unsupported by block device. Turning off DAX.
[   30.782112] XFS (loop1): Mounting V4 Filesystem
[   30.789051] XFS (loop7): log I/O error -5
[   30.789061] XFS (loop7): Filesystem has been shut down due to log error (0x2).
[   30.789067] XFS (loop7): Please unmount the filesystem and rectify the problem(s).
[   30.789181] XFS (loop7): Quotacheck: Unsuccessful (Error -5): Disabling quotas.
[   30.789217] xfs filesystem being mounted at /root/syzkaller.h6nvzn/3/file0 supports timestamps until 2038 (0x7fffffff)
[   30.797352] XFS (loop7): Unmounting Filesystem
[   30.808193] XFS (loop1): totally zeroed log
[   30.808387] XFS (loop1): Ending clean mount
[   30.808694] XFS (loop1): Quotacheck needed: Please wait.
[   30.810144] XFS (loop1): log I/O error -5
[   30.810153] XFS (loop1): Filesystem has been shut down due to log error (0x2).
[   30.810158] XFS (loop1): Please unmount the filesystem and rectify the problem(s).
[   30.810274] XFS (loop1): Quotacheck: Unsuccessful (Error -5): Disabling quotas.
[   30.810317] xfs filesystem being mounted at /root/syzkaller.iSJAhT/3/file0 supports timestamps until 2038 (0x7fffffff)
[   30.814450] XFS (loop1): Unmounting Filesystem
[   30.836647] XFS (loop0): DAX unsupported by block device. Turning off DAX.
[   30.836734] XFS (loop0): Mounting V4 Filesystem
[   30.849110] loop2: detected capacity change from 0 to 65536
[   30.849278] XFS: ikeep mount option is deprecated.
[   30.851336] loop6: detected capacity change from 0 to 65536
[   30.851496] XFS: ikeep mount option is deprecated.
[   30.863381] XFS (loop0): totally zeroed log
[   30.863423] XFS (loop5): DAX unsupported by block device. Turning off DAX.
[   30.863574] XFS (loop5): Mounting V4 Filesystem
[   30.863711] XFS (loop0): Ending clean mount
[   30.863856] XFS (loop0): Quotacheck needed: Please wait.
[   30.866040] XFS (loop0): log I/O error -5
[   30.866053] XFS (loop0): Filesystem has been shut down due to log error (0x2).
[   30.866059] XFS (loop0): Please unmount the filesystem and rectify the problem(s).
[   30.866173] XFS (loop0): Quotacheck: Unsuccessful (Error -5): Disabling quotas.
[   30.866241] xfs filesystem being mounted at /root/syzkaller.rdm71R/3/file0 supports timestamps until 2038 (0x7fffffff)
[   30.870718] XFS (loop0): Unmounting Filesystem
[   30.878832] loop4: detected capacity change from 0 to 65536
[   30.878997] XFS: ikeep mount option is deprecated.
[   30.911750] XFS (loop5): totally zeroed log
[   30.911927] XFS (loop5): Ending clean mount
[   30.912080] XFS (loop5): Quotacheck needed: Please wait.
[   30.913552] XFS (loop5): log I/O error -5
[   30.913562] XFS (loop5): Filesystem has been shut down due to log error (0x2).
[   30.913574] XFS (loop5): Please unmount the filesystem and rectify the problem(s).
[   30.913685] XFS (loop5): Quotacheck: Unsuccessful (Error -5): Disabling quotas.
[   30.913728] xfs filesystem being mounted at /root/syzkaller.gP4sBf/3/file0 supports timestamps until 2038 (0x7fffffff)
[   30.914817] XFS (loop5): Unmounting Filesystem
[   30.957110] XFS (loop2): DAX unsupported by block device. Turning off DAX.
[   30.957112] XFS (loop4): DAX unsupported by block device. Turning off DAX.
[   30.957208] XFS (loop2): Mounting V4 Filesystem
[   30.957210] XFS (loop4): Mounting V4 Filesystem
[   30.960809] XFS (loop6): DAX unsupported by block device. Turning off DAX.
[   30.960889] XFS (loop6): Mounting V4 Filesystem
[   30.977665] XFS (loop2): totally zeroed log
[   30.977875] XFS (loop2): Ending clean mount
[   30.978030] XFS (loop2): Quotacheck needed: Please wait.
[   30.980042] XFS (loop4): totally zeroed log
[   30.980083] XFS (loop2): log I/O error -5
[   30.980092] XFS (loop2): Filesystem has been shut down due to log error (0x2).
[   30.980098] XFS (loop2): Please unmount the filesystem and rectify the problem(s).
[   30.980212] XFS (loop2): Quotacheck: Unsuccessful (Error -5): Disabling quotas.
[   30.980229] XFS (loop4): Ending clean mount
[   30.980252] xfs filesystem being mounted at /root/syzkaller.XeSSkY/3/file0 supports timestamps until 2038 (0x7fffffff)
[   30.980365] XFS (loop4): Quotacheck needed: Please wait.
[   30.981407] XFS (loop2): Unmounting Filesystem
[   30.986388] XFS (loop6): totally zeroed log
[   30.986561] XFS (loop6): Ending clean mount
[   30.986720] XFS (loop6): Quotacheck needed: Please wait.
[   30.986989] XFS (loop4): log I/O error -5
[   30.986997] XFS (loop4): Filesystem has been shut down due to log error (0x2).
[   30.987003] XFS (loop4): Please unmount the filesystem and rectify the problem(s).
[   30.987113] XFS (loop4): Quotacheck: Unsuccessful (Error -5): Disabling quotas.
[   30.987149] xfs filesystem being mounted at /root/syzkaller.gQ9Tp9/3/file0 supports timestamps until 2038 (0x7fffffff)
[   30.987952] XFS (loop4): Unmounting Filesystem
[   30.989858] XFS (loop6): log I/O error -5
[   30.989877] XFS (loop6): Filesystem has been shut down due to log error (0x2).
[   30.989883] XFS (loop6): Please unmount the filesystem and rectify the problem(s).
[   30.989999] XFS (loop6): Quotacheck: Unsuccessful (Error -5): Disabling quotas.
[   30.990040] xfs filesystem being mounted at /root/syzkaller.cKLX6h/4/file0 supports timestamps until 2038 (0x7fffffff)
[   30.990841] XFS (loop6): Unmounting Filesystem
[   31.126890] loop1: detected capacity change from 0 to 65536
[   31.127104] XFS: ikeep mount option is deprecated.
[   31.167201] XFS (loop1): DAX unsupported by block device. Turning off DAX.
[   31.167293] XFS (loop1): Mounting V4 Filesystem
[   31.204029] XFS (loop1): totally zeroed log
[   31.204216] XFS (loop1): Ending clean mount
[   31.204376] XFS (loop1): Quotacheck needed: Please wait.
[   31.205942] XFS (loop1): log I/O error -5
[   31.205951] XFS (loop1): Filesystem has been shut down due to log error (0x2).
[   31.205956] XFS (loop1): Please unmount the filesystem and rectify the problem(s).
[   31.206073] XFS (loop1): Quotacheck: Unsuccessful (Error -5): Disabling quotas.
[   31.206118] xfs filesystem being mounted at /root/syzkaller.iSJAhT/4/file0 supports timestamps until 2038 (0x7fffffff)
[   31.206880] XFS (loop1): Unmounting Filesystem
[   31.391894] loop6: detected capacity change from 0 to 65536
[   31.392062] XFS: ikeep mount option is deprecated.
[   31.428805] XFS (loop6): DAX unsupported by block device. Turning off DAX.
[   31.428901] XFS (loop6): Mounting V4 Filesystem
[   31.442725] loop3: detected capacity change from 0 to 65536
[   31.442928] XFS: ikeep mount option is deprecated.
[   31.451931] XFS (loop6): totally zeroed log
[   31.452135] XFS (loop6): Ending clean mount
[   31.452314] XFS (loop6): Quotacheck needed: Please wait.
[   31.454940] XFS (loop6): log I/O error -5
[   31.454950] XFS (loop6): Filesystem has been shut down due to log error (0x2).
[   31.454955] XFS (loop6): Please unmount the filesystem and rectify the problem(s).
[   31.455062] XFS (loop6): Quotacheck: Unsuccessful (Error -5): Disabling quotas.
[   31.455104] xfs filesystem being mounted at /root/syzkaller.cKLX6h/5/file0 supports timestamps until 2038 (0x7fffffff)
[   31.457931] XFS (loop6): Unmounting Filesystem
[   31.492459] XFS (loop3): DAX unsupported by block device. Turning off DAX.
[   31.492545] XFS (loop3): Mounting V4 Filesystem
[   31.502070] loop2: detected capacity change from 0 to 65536
[   31.502256] XFS: ikeep mount option is deprecated.
[   31.508593] loop7: detected capacity change from 0 to 65536
[   31.509846] XFS: ikeep mount option is deprecated.
[   31.515068] XFS (loop3): totally zeroed log
[   31.515433] XFS (loop3): Ending clean mount
[   31.515586] XFS (loop3): Quotacheck needed: Please wait.
[   31.517580] XFS (loop3): log I/O error -5
[   31.517589] XFS (loop3): Filesystem has been shut down due to log error (0x2).
[   31.517595] XFS (loop3): Please unmount the filesystem and rectify the problem(s).
[   31.517703] XFS (loop3): Quotacheck: Unsuccessful (Error -5): Disabling quotas.
[   31.517745] xfs filesystem being mounted at /root/syzkaller.0xgJh6/4/file0 supports timestamps until 2038 (0x7fffffff)
[   31.518714] XFS (loop3): Unmounting Filesystem
[   31.541574] loop4: detected capacity change from 0 to 65536
[   31.541740] XFS: ikeep mount option is deprecated.
[   31.542001] XFS (loop2): DAX unsupported by block device. Turning off DAX.
[   31.542082] XFS (loop2): Mounting V4 Filesystem
[   31.546816] loop0: detected capacity change from 0 to 65536
[   31.546968] XFS: ikeep mount option is deprecated.
[   31.547881] XFS (loop7): DAX unsupported by block device. Turning off DAX.
[   31.547965] XFS (loop7): Mounting V4 Filesystem
[   31.571233] loop5: detected capacity change from 0 to 65536
[   31.571441] XFS: ikeep mount option is deprecated.
[   31.571924] XFS (loop2): totally zeroed log
[   31.572090] XFS (loop2): Ending clean mount
[   31.572246] XFS (loop2): Quotacheck needed: Please wait.
[   31.573804] XFS (loop2): log I/O error -5
[   31.573813] XFS (loop2): Filesystem has been shut down due to log error (0x2).
[   31.573819] XFS (loop2): Please unmount the filesystem and rectify the problem(s).
[   31.573925] XFS (loop2): Quotacheck: Unsuccessful (Error -5): Disabling quotas.
[   31.573962] xfs filesystem being mounted at /root/syzkaller.XeSSkY/4/file0 supports timestamps until 2038 (0x7fffffff)
[   31.574598] XFS (loop7): totally zeroed log
[   31.574773] XFS (loop7): Ending clean mount
[   31.575062] XFS (loop2): Unmounting Filesystem
[   31.575369] XFS (loop7): Quotacheck needed: Please wait.
[   31.576830] XFS (loop7): log I/O error -5
[   31.576839] XFS (loop7): Filesystem has been shut down due to log error (0x2).
[   31.576845] XFS (loop7): Please unmount the filesystem and rectify the problem(s).
[   31.576953] XFS (loop7): Quotacheck: Unsuccessful (Error -5): Disabling quotas.
[   31.576990] xfs filesystem being mounted at /root/syzkaller.h6nvzn/4/file0 supports timestamps until 2038 (0x7fffffff)
[   31.578395] XFS (loop7): Unmounting Filesystem
[   31.616263] XFS (loop4): DAX unsupported by block device. Turning off DAX.
[   31.616362] XFS (loop4): Mounting V4 Filesystem
[   31.640594] XFS (loop5): DAX unsupported by block device. Turning off DAX.
[   31.640681] XFS (loop5): Mounting V4 Filesystem
[   31.666538] XFS (loop4): totally zeroed log
[   31.670082] XFS (loop4): Ending clean mount
[   31.670278] XFS (loop4): Quotacheck needed: Please wait.
[   31.673259] XFS (loop4): log I/O error -5
[   31.673269] XFS (loop4): Filesystem has been shut down due to log error (0x2).
[   31.673274] XFS (loop4): Please unmount the filesystem and rectify the problem(s).
[   31.673387] XFS (loop4): Quotacheck: Unsuccessful (Error -5): Disabling quotas.
[   31.673465] xfs filesystem being mounted at /root/syzkaller.gQ9Tp9/4/file0 supports timestamps until 2038 (0x7fffffff)
[   31.675036] XFS (loop4): Unmounting Filesystem
[   31.684747] XFS (loop0): DAX unsupported by block device. Turning off DAX.
[   31.684834] XFS (loop0): Mounting V4 Filesystem
[   31.689362] XFS (loop5): totally zeroed log
[   31.689525] XFS (loop5): Ending clean mount
[   31.689666] XFS (loop5): Quotacheck needed: Please wait.
[   31.691385] XFS (loop5): log I/O error -5
[   31.691395] XFS (loop5): Filesystem has been shut down due to log error (0x2).
[   31.691405] XFS (loop5): Please unmount the filesystem and rectify the problem(s).
[   31.691519] XFS (loop5): Quotacheck: Unsuccessful (Error -5): Disabling quotas.
[   31.691562] xfs filesystem being mounted at /root/syzkaller.gP4sBf/4/file0 supports timestamps until 2038 (0x7fffffff)
[   31.694090] XFS (loop5): Unmounting Filesystem
[   31.714152] XFS (loop0): totally zeroed log
[   31.714353] XFS (loop0): Ending clean mount
[   31.714500] XFS (loop0): Quotacheck needed: Please wait.
[   31.715932] XFS (loop0): log I/O error -5
[   31.715942] XFS (loop0): Filesystem has been shut down due to log error (0x2).
[   31.715947] XFS (loop0): Please unmount the filesystem and rectify the problem(s).
[   31.716049] XFS (loop0): Quotacheck: Unsuccessful (Error -5): Disabling quotas.
[   31.716086] xfs filesystem being mounted at /root/syzkaller.rdm71R/4/file0 supports timestamps until 2038 (0x7fffffff)
[   31.716883] XFS (loop0): Unmounting Filesystem
[   31.727354] loop1: detected capacity change from 0 to 65536
[   31.727530] XFS: ikeep mount option is deprecated.
[   31.742701] XFS (loop1): DAX unsupported by block device. Turning off DAX.
[   31.742786] XFS (loop1): Mounting V4 Filesystem
[   31.761696] XFS (loop1): totally zeroed log
[   31.761885] XFS (loop1): Ending clean mount
[   31.762049] XFS (loop1): Quotacheck needed: Please wait.
[   31.773058] XFS (loop1): log I/O error -5
[   31.773068] XFS (loop1): Filesystem has been shut down due to log error (0x2).
[   31.773073] XFS (loop1): Please unmount the filesystem and rectify the problem(s).
[   31.773181] XFS (loop1): Quotacheck: Unsuccessful (Error -5): Disabling quotas.
[   31.773223] xfs filesystem being mounted at /root/syzkaller.iSJAhT/5/file0 supports timestamps until 2038 (0x7fffffff)
[   31.774241] XFS (loop1): Unmounting Filesystem
[   31.794669] loop6: detected capacity change from 0 to 65536
[   31.794843] XFS: ikeep mount option is deprecated.
[   31.841839] XFS (loop6): DAX unsupported by block device. Turning off DAX.
[   31.843140] XFS (loop6): Mounting V4 Filesystem
[   31.886749] XFS (loop6): totally zeroed log
[   31.886989] XFS (loop6): Ending clean mount
[   31.887201] XFS (loop6): Quotacheck needed: Please wait.
[   31.889084] XFS (loop6): log I/O error -5
[   31.889094] XFS (loop6): Filesystem has been shut down due to log error (0x2).
[   31.889099] XFS (loop6): Please unmount the filesystem and rectify the problem(s).
[   31.889207] XFS (loop6): Quotacheck: Unsuccessful (Error -5): Disabling quotas.
[   31.889251] xfs filesystem being mounted at /root/syzkaller.cKLX6h/6/file0 supports timestamps until 2038 (0x7fffffff)
[   31.895788] XFS (loop6): Unmounting Filesystem
[   32.077531] loop3: detected capacity change from 0 to 65536
[   32.077694] XFS: ikeep mount option is deprecated.
[   32.107811] loop5: detected capacity change from 0 to 65536
[   32.107985] XFS: ikeep mount option is deprecated.
[   32.115020] XFS (loop3): DAX unsupported by block device. Turning off DAX.
[   32.115106] XFS (loop3): Mounting V4 Filesystem
[   32.135031] XFS (loop3): totally zeroed log
[   32.135387] XFS (loop3): Ending clean mount
[   32.135592] XFS (loop3): Quotacheck needed: Please wait.
[   32.137738] XFS (loop3): log I/O error -5
[   32.137747] XFS (loop3): Filesystem has been shut down due to log error (0x2).
[   32.137753] XFS (loop3): Please unmount the filesystem and rectify the problem(s).
[   32.137873] XFS (loop3): Quotacheck: Unsuccessful (Error -5): Disabling quotas.
[   32.137927] xfs filesystem being mounted at /root/syzkaller.0xgJh6/5/file0 supports timestamps until 2038 (0x7fffffff)
[   32.143189] XFS (loop5): DAX unsupported by block device. Turning off DAX.
[   32.143276] XFS (loop5): Mounting V4 Filesystem
[   32.149521] XFS (loop3): Unmounting Filesystem
[   32.183386] XFS (loop5): totally zeroed log
[   32.183550] XFS (loop5): Ending clean mount
[   32.183698] XFS (loop5): Quotacheck needed: Please wait.
[   32.186256] XFS (loop5): log I/O error -5
[   32.186265] XFS (loop5): Filesystem has been shut down due to log error (0x2).
[   32.186271] XFS (loop5): Please unmount the filesystem and rectify the problem(s).
[   32.186376] XFS (loop5): Quotacheck: Unsuccessful (Error -5): Disabling quotas.
[   32.186415] xfs filesystem being mounted at /root/syzkaller.gP4sBf/5/file0 supports timestamps until 2038 (0x7fffffff)
[   32.190793] XFS (loop5): Unmounting Filesystem
[   32.299613] loop4: detected capacity change from 0 to 65536
[   32.299804] XFS: ikeep mount option is deprecated.
[   32.338121] XFS (loop4): DAX unsupported by block device. Turning off DAX.
[   32.338215] XFS (loop4): Mounting V4 Filesystem
[   32.368888] loop0: detected capacity change from 0 to 65536
[   32.369050] XFS: ikeep mount option is deprecated.
[   32.369873] loop2: detected capacity change from 0 to 65536
[   32.370029] XFS: ikeep mount option is deprecated.
[   32.372543] XFS (loop4): totally zeroed log
[   32.372739] XFS (loop4): Ending clean mount
[   32.372898] XFS (loop4): Quotacheck needed: Please wait.
[   32.374523] XFS (loop4): log I/O error -5
[   32.374532] XFS (loop4): Filesystem has been shut down due to log error (0x2).
[   32.374538] XFS (loop4): Please unmount the filesystem and rectify the problem(s).
[   32.374640] XFS (loop4): Quotacheck: Unsuccessful (Error -5): Disabling quotas.
[   32.374676] xfs filesystem being mounted at /root/syzkaller.gQ9Tp9/5/file0 supports timestamps until 2038 (0x7fffffff)
[   32.380182] XFS (loop4): Unmounting Filesystem
[   32.384125] loop7: detected capacity change from 0 to 65536
[   32.384281] XFS: ikeep mount option is deprecated.
[   32.411772] loop1: detected capacity change from 0 to 65536
[   32.411929] XFS: ikeep mount option is deprecated.
[   32.421514] XFS (loop7): DAX unsupported by block device. Turning off DAX.
[   32.421607] XFS (loop7): Mounting V4 Filesystem
[   32.430213] XFS (loop2): DAX unsupported by block device. Turning off DAX.
[   32.430216] XFS (loop0): DAX unsupported by block device. Turning off DAX.
[   32.430310] XFS (loop2): Mounting V4 Filesystem
[   32.430312] XFS (loop0): Mounting V4 Filesystem
[   32.433222] XFS (loop7): totally zeroed log
[   32.433423] XFS (loop7): Ending clean mount
[   32.433571] XFS (loop7): Quotacheck needed: Please wait.
[   32.436243] XFS (loop7): log I/O error -5
[   32.436252] XFS (loop7): Filesystem has been shut down due to log error (0x2).
[   32.436258] XFS (loop7): Please unmount the filesystem and rectify the problem(s).
[   32.436370] XFS (loop7): Quotacheck: Unsuccessful (Error -5): Disabling quotas.
[   32.436424] xfs filesystem being mounted at /root/syzkaller.h6nvzn/5/file0 supports timestamps until 2038 (0x7fffffff)
[   32.438814] XFS (loop1): DAX unsupported by block device. Turning off DAX.
[   32.438909] XFS (loop1): Mounting V4 Filesystem
[   32.441628] XFS (loop7): Unmounting Filesystem
[   32.444325] loop6: detected capacity change from 0 to 65536
[   32.444489] XFS: ikeep mount option is deprecated.
[   32.453619] XFS (loop0): totally zeroed log
[   32.453785] XFS (loop0): Ending clean mount
[   32.453924] XFS (loop0): Quotacheck needed: Please wait.
[   32.456675] XFS (loop0): log I/O error -5
[   32.456685] XFS (loop0): Filesystem has been shut down due to log error (0x2).
[   32.456690] XFS (loop0): Please unmount the filesystem and rectify the problem(s).
[   32.456799] XFS (loop0): Quotacheck: Unsuccessful (Error -5): Disabling quotas.
[   32.456839] xfs filesystem being mounted at /root/syzkaller.rdm71R/5/file0 supports timestamps until 2038 (0x7fffffff)
[   32.457968] XFS (loop0): Unmounting Filesystem
[   32.465453] XFS (loop2): totally zeroed log
[   32.465653] XFS (loop2): Ending clean mount
[   32.468585] XFS (loop1): totally zeroed log
[   32.468645] XFS (loop2): Quotacheck needed: Please wait.
[   32.468759] XFS (loop1): Ending clean mount
[   32.469286] XFS (loop1): Quotacheck needed: Please wait.
[   32.479233] XFS (loop2): log I/O error -5
[   32.479244] XFS (loop2): Filesystem has been shut down due to log error (0x2).
[   32.479251] XFS (loop2): Please unmount the filesystem and rectify the problem(s).
[   32.479367] XFS (loop2): Quotacheck: Unsuccessful (Error -5): Disabling quotas.
[   32.479406] xfs filesystem being mounted at /root/syzkaller.XeSSkY/5/file0 supports timestamps until 2038 (0x7fffffff)
[   32.481116] XFS (loop2): Unmounting Filesystem
[   32.481353] XFS (loop1): log I/O error -5
[   32.481363] XFS (loop1): Filesystem has been shut down due to log error (0x2).
[   32.481368] XFS (loop1): Please unmount the filesystem and rectify the problem(s).
[   32.481482] XFS (loop1): Quotacheck: Unsuccessful (Error -5): Disabling quotas.
[   32.481524] xfs filesystem being mounted at /root/syzkaller.iSJAhT/6/file0 supports timestamps until 2038 (0x7fffffff)
[   32.483136] XFS (loop1): Unmounting Filesystem
[   32.529877] XFS (loop6): DAX unsupported by block device. Turning off DAX.
[   32.529978] XFS (loop6): Mounting V4 Filesystem
[   32.587192] XFS (loop6): totally zeroed log
[   32.587416] XFS (loop6): Ending clean mount
[   32.587880] XFS (loop6): Quotacheck needed: Please wait.
[   32.590609] XFS (loop6): log I/O error -5
[   32.590619] XFS (loop6): Filesystem has been shut down due to log error (0x2).
[   32.590631] XFS (loop6): Please unmount the filesystem and rectify the problem(s).
[   32.590738] XFS (loop6): Quotacheck: Unsuccessful (Error -5): Disabling quotas.
[   32.590780] xfs filesystem being mounted at /root/syzkaller.cKLX6h/7/file0 supports timestamps until 2038 (0x7fffffff)
[   32.594208] XFS (loop6): Unmounting Filesystem
[   32.687301] loop3: detected capacity change from 0 to 65536
[   32.687452] XFS: ikeep mount option is deprecated.
[   32.744465] XFS (loop3): DAX unsupported by block device. Turning off DAX.
[   32.744556] XFS (loop3): Mounting V4 Filesystem
[   32.769075] loop5: detected capacity change from 0 to 65536
[   32.769237] XFS: ikeep mount option is deprecated.
[   32.772045] XFS (loop3): totally zeroed log
[   32.772251] XFS (loop3): Ending clean mount
[   32.772410] XFS (loop3): Quotacheck needed: Please wait.
[   32.775055] XFS (loop3): log I/O error -5
[   32.775064] XFS (loop3): Filesystem has been shut down due to log error (0x2).
[   32.775070] XFS (loop3): Please unmount the filesystem and rectify the problem(s).
[   32.775198] XFS (loop3): Quotacheck: Unsuccessful (Error -5): Disabling quotas.
[   32.775236] xfs filesystem being mounted at /root/syzkaller.0xgJh6/6/file0 supports timestamps until 2038 (0x7fffffff)
[   32.776301] XFS (loop3): Unmounting Filesystem
[   32.802754] XFS (loop5): DAX unsupported by block device. Turning off DAX.
[   32.802842] XFS (loop5): Mounting V4 Filesystem
[   32.837366] XFS (loop5): totally zeroed log
[   32.837540] XFS (loop5): Ending clean mount
[   32.837689] XFS (loop5): Quotacheck needed: Please wait.
[   32.842123] XFS (loop5): log I/O error -5
[   32.842132] XFS (loop5): Filesystem has been shut down due to log error (0x2).
[   32.842138] XFS (loop5): Please unmount the filesystem and rectify the problem(s).
[   32.842256] XFS (loop5): Quotacheck: Unsuccessful (Error -5): Disabling quotas.
[   32.842298] xfs filesystem being mounted at /root/syzkaller.gP4sBf/6/file0 supports timestamps until 2038 (0x7fffffff)
[   32.844156] XFS (loop5): Unmounting Filesystem
[   32.939683] loop0: detected capacity change from 0 to 65536
[   32.939839] XFS: ikeep mount option is deprecated.
[   32.976936] loop6: detected capacity change from 0 to 65536
[   32.977130] XFS: ikeep mount option is deprecated.
[   32.985398] XFS (loop0): DAX unsupported by block device. Turning off DAX.
[   32.985484] XFS (loop0): Mounting V4 Filesystem
[   32.999772] XFS (loop0): totally zeroed log
[   32.999942] XFS (loop0): Ending clean mount
[   33.000093] XFS (loop0): Quotacheck needed: Please wait.
[   33.001581] XFS (loop0): log I/O error -5
[   33.001590] XFS (loop0): Filesystem has been shut down due to log error (0x2).
[   33.001596] XFS (loop0): Please unmount the filesystem and rectify the problem(s).
[   33.001701] XFS (loop0): Quotacheck: Unsuccessful (Error -5): Disabling quotas.
[   33.001736] xfs filesystem being mounted at /root/syzkaller.rdm71R/6/file0 supports timestamps until 2038 (0x7fffffff)
[   33.014472] XFS (loop0): Unmounting Filesystem
[   33.014758] XFS (loop6): DAX unsupported by block device. Turning off DAX.
[   33.014838] XFS (loop6): Mounting V4 Filesystem
[   33.035227] XFS (loop6): totally zeroed log
[   33.035469] XFS (loop6): Ending clean mount
[   33.035651] XFS (loop6): Quotacheck needed: Please wait.
[   33.037140] XFS (loop6): log I/O error -5
[   33.037149] XFS (loop6): Filesystem has been shut down due to log error (0x2).
[   33.037154] XFS (loop6): Please unmount the filesystem and rectify the problem(s).
[   33.037261] XFS (loop6): Quotacheck: Unsuccessful (Error -5): Disabling quotas.
[   33.037297] xfs filesystem being mounted at /root/syzkaller.cKLX6h/8/file0 supports timestamps until 2038 (0x7fffffff)
[   33.038331] XFS (loop6): Unmounting Filesystem
[   33.085416] loop3: detected capacity change from 0 to 65536
[   33.085572] XFS: ikeep mount option is deprecated.
[   33.094931] loop2: detected capacity change from 0 to 65536
[   33.095079] XFS: ikeep mount option is deprecated.
[   33.102477] XFS (loop3): DAX unsupported by block device. Turning off DAX.
[   33.102564] XFS (loop3): Mounting V4 Filesystem
[   33.119418] XFS (loop2): DAX unsupported by block device. Turning off DAX.
[   33.119514] XFS (loop2): Mounting V4 Filesystem
[   33.126936] XFS (loop3): totally zeroed log
[   33.127604] XFS (loop3): Ending clean mount
[   33.128287] XFS (loop3): Quotacheck needed: Please wait.
[   33.130310] XFS (loop3): log I/O error -5
[   33.130319] XFS (loop3): Filesystem has been shut down due to log error (0x2).
[   33.130325] XFS (loop3): Please unmount the filesystem and rectify the problem(s).
[   33.130442] XFS (loop3): Quotacheck: Unsuccessful (Error -5): Disabling quotas.
[   33.130481] xfs filesystem being mounted at /root/syzkaller.0xgJh6/7/file0 supports timestamps until 2038 (0x7fffffff)
[   33.135241] XFS (loop3): Unmounting Filesystem
[   33.175348] XFS (loop2): totally zeroed log
[   33.175550] XFS (loop2): Ending clean mount
[   33.175705] XFS (loop2): Quotacheck needed: Please wait.
[   33.177185] XFS (loop2): log I/O error -5
[   33.177195] XFS (loop2): Filesystem has been shut down due to log error (0x2).
[   33.177200] XFS (loop2): Please unmount the filesystem and rectify the problem(s).
[   33.177307] XFS (loop2): Quotacheck: Unsuccessful (Error -5): Disabling quotas.
[   33.177347] xfs filesystem being mounted at /root/syzkaller.XeSSkY/6/file0 supports timestamps until 2038 (0x7fffffff)
[   33.178465] XFS (loop2): Unmounting Filesystem
[   33.192501] loop4: detected capacity change from 0 to 65536
[   33.192658] XFS: ikeep mount option is deprecated.
[   33.196981] loop1: detected capacity change from 0 to 65536
[   33.197127] XFS: ikeep mount option is deprecated.
[   33.253370] XFS (loop4): DAX unsupported by block device. Turning off DAX.
[   33.253476] XFS (loop4): Mounting V4 Filesystem
[   33.261671] XFS (loop1): DAX unsupported by block device. Turning off DAX.
[   33.261755] XFS (loop1): Mounting V4 Filesystem
[   33.272322] XFS (loop4): totally zeroed log
[   33.272498] XFS (loop4): Ending clean mount
[   33.272647] XFS (loop4): Quotacheck needed: Please wait.
[   33.275096] XFS (loop4): log I/O error -5
[   33.275105] XFS (loop4): Filesystem has been shut down due to log error (0x2).
[   33.275111] XFS (loop4): Please unmount the filesystem and rectify the problem(s).
[   33.275235] XFS (loop4): Quotacheck: Unsuccessful (Error -5): Disabling quotas.
[   33.275278] xfs filesystem being mounted at /root/syzkaller.gQ9Tp9/6/file0 supports timestamps until 2038 (0x7fffffff)
[   33.277181] XFS (loop4): Unmounting Filesystem
[   33.298530] XFS (loop1): totally zeroed log
[   33.298763] XFS (loop1): Ending clean mount
[   33.298908] XFS (loop1): Quotacheck needed: Please wait.
[   33.301424] XFS (loop1): log I/O error -5
[   33.301433] XFS (loop1): Filesystem has been shut down due to log error (0x2).
[   33.301439] XFS (loop1): Please unmount the filesystem and rectify the problem(s).
[   33.301548] XFS (loop1): Quotacheck: Unsuccessful (Error -5): Disabling quotas.
[   33.301587] xfs filesystem being mounted at /root/syzkaller.iSJAhT/7/file0 supports timestamps until 2038 (0x7fffffff)
[   33.302608] XFS (loop1): Unmounting Filesystem
[   33.353265] loop7: detected capacity change from 0 to 65536
[   33.353416] XFS: ikeep mount option is deprecated.
[   33.398813] XFS (loop7): DAX unsupported by block device. Turning off DAX.
[   33.398904] XFS (loop7): Mounting V4 Filesystem
[   33.424072] XFS (loop7): totally zeroed log
[   33.424254] XFS (loop7): Ending clean mount
[   33.424425] XFS (loop7): Quotacheck needed: Please wait.
[   33.426479] XFS (loop7): log I/O error -5
[   33.426488] XFS (loop7): Filesystem has been shut down due to log error (0x2).
[   33.426494] XFS (loop7): Please unmount the filesystem and rectify the problem(s).
[   33.426606] XFS (loop7): Quotacheck: Unsuccessful (Error -5): Disabling quotas.
[   33.426646] xfs filesystem being mounted at /root/syzkaller.h6nvzn/6/file0 supports timestamps until 2038 (0x7fffffff)
[   33.430472] XFS (loop7): Unmounting Filesystem
[   33.438487] loop5: detected capacity change from 0 to 65536
[   33.438640] XFS: ikeep mount option is deprecated.
[   33.525407] XFS (loop5): DAX unsupported by block device. Turning off DAX.
[   33.525492] XFS (loop5): Mounting V4 Filesystem
[   33.563632] XFS (loop5): totally zeroed log
[   33.563830] XFS (loop5): Ending clean mount
[   33.564018] XFS (loop5): Quotacheck needed: Please wait.
[   33.566148] XFS (loop5): log I/O error -5
[   33.566158] XFS (loop5): Filesystem has been shut down due to log error (0x2).
[   33.566164] XFS (loop5): Please unmount the filesystem and rectify the problem(s).
[   33.566275] XFS (loop5): Quotacheck: Unsuccessful (Error -5): Disabling quotas.
[   33.566318] xfs filesystem being mounted at /root/syzkaller.gP4sBf/7/file0 supports timestamps until 2038 (0x7fffffff)
[   33.566925] loop2: detected capacity change from 0 to 65536
[   33.567117] XFS: ikeep mount option is deprecated.
[   33.570616] XFS (loop5): Unmounting Filesystem
[   33.585720] loop6: detected capacity change from 0 to 65536
[   33.585872] XFS: ikeep mount option is deprecated.
[   33.626327] XFS (loop2): DAX unsupported by block device. Turning off DAX.
[   33.626435] XFS (loop2): Mounting V4 Filesystem
[   33.630156] XFS (loop6): DAX unsupported by block device. Turning off DAX.
[   33.630248] XFS (loop6): Mounting V4 Filesystem
[   33.636793] XFS (loop6): totally zeroed log
[   33.637014] XFS (loop6): Ending clean mount
[   33.637191] XFS (loop6): Quotacheck needed: Please wait.
[   33.639623] XFS (loop6): log I/O error -5
[   33.639632] XFS (loop6): Filesystem has been shut down due to log error (0x2).
[   33.639638] XFS (loop6): Please unmount the filesystem and rectify the problem(s).
[   33.639753] XFS (loop6): Quotacheck: Unsuccessful (Error -5): Disabling quotas.
[   33.639799] xfs filesystem being mounted at /root/syzkaller.cKLX6h/9/file0 supports timestamps until 2038 (0x7fffffff)
[   33.643689] XFS (loop6): Unmounting Filesystem
[   33.646972] XFS (loop2): totally zeroed log
[   33.647138] XFS (loop2): Ending clean mount
[   33.647309] XFS (loop2): Quotacheck needed: Please wait.
[   33.648801] XFS (loop2): log I/O error -5
[   33.648811] XFS (loop2): Filesystem has been shut down due to log error (0x2).
