c[?7l[2J[0mSeaBIOS (version rel-1.16.0-0-gd239552ce722-prebuilt.qemu.org)


iPXE (http://ipxe.org) 00:03.0 CA00 PCI2.10 PnP PMM+7FF91000+7FEF1000 CA00
Press Ctrl-B to configure iPXE (PCI 00:03.0)...                                                                               


Booting from ROM..c[?7l[2J[    0.000000] Linux version 5.19.0-rc2-6b0de7d0f328+ (root@p-adls01) (gcc (GCC) 8.5.0 20210514 (Red Hat 8.5.0-18), GNU ld version 2.36.1-2.el8) #1 SMP PREEMPT_DYNAMIC Wed Feb 22 20:05:00 CST 2023
[    0.000000] Command line: console=ttyS0 root=/dev/sda earlyprintk=serial net.ifnames=0
[    0.000000] KERNEL supported cpus:
[    0.000000]   Intel GenuineIntel
[    0.000000]   AMD AuthenticAMD
[    0.000000]   Hygon HygonGenuine
[    0.000000]   Centaur CentaurHauls
[    0.000000]   zhaoxin   Shanghai  
[    0.000000] x86/fpu: Supporting XSAVE feature 0x001: 'x87 floating point registers'
[    0.000000] x86/fpu: Supporting XSAVE feature 0x002: 'SSE registers'
[    0.000000] x86/fpu: Supporting XSAVE feature 0x004: 'AVX registers'
[    0.000000] x86/fpu: Supporting XSAVE feature 0x200: 'Protection Keys User registers'
[    0.000000] x86/fpu: xstate_offset[2]:  576, xstate_sizes[2]:  256
[    0.000000] x86/fpu: xstate_offset[9]:  832, xstate_sizes[9]:    8
[    0.000000] x86/fpu: Enabled xstate features 0x207, context size is 840 bytes, using 'compacted' format.
[    0.000000] signal: max sigframe size: 3632
[    0.000000] BIOS-provided physical RAM map:
[    0.000000] BIOS-e820: [mem 0x0000000000000000-0x000000000009fbff] usable
[    0.000000] BIOS-e820: [mem 0x000000000009fc00-0x000000000009ffff] reserved
[    0.000000] BIOS-e820: [mem 0x00000000000f0000-0x00000000000fffff] reserved
[    0.000000] BIOS-e820: [mem 0x0000000000100000-0x000000007ffdffff] usable
[    0.000000] BIOS-e820: [mem 0x000000007ffe0000-0x000000007fffffff] reserved
[    0.000000] BIOS-e820: [mem 0x00000000feffc000-0x00000000feffffff] reserved
[    0.000000] BIOS-e820: [mem 0x00000000fffc0000-0x00000000ffffffff] reserved
[    0.000000] printk: bootconsole [earlyser0] enabled
[    0.000000] NX (Execute Disable) protection: active
[    0.000000] SMBIOS 2.8 present.
[    0.000000] DMI: QEMU Standard PC (i440FX + PIIX, 1996), BIOS rel-1.16.0-0-gd239552ce722-prebuilt.qemu.org 04/01/2014
[    0.000000] Hypervisor detected: KVM
[    0.000000] kvm-clock: Using msrs 4b564d01 and 4b564d00
[    0.000002] kvm-clock: using sched offset of 305548788 cycles
[    0.000322] clocksource: kvm-clock: mask: 0xffffffffffffffff max_cycles: 0x1cd42e4dffb, max_idle_ns: 881590591483 ns
[    0.001312] tsc: Detected 3609.600 MHz processor
[    0.006520] last_pfn = 0x7ffe0 max_arch_pfn = 0x400000000
[    0.006915] x86/PAT: Configuration [0-7]: WB  WC  UC- UC  WB  WP  UC- WT  
[    0.014466] found SMP MP-table at [mem 0x000f5ba0-0x000f5baf]
[    0.014937] Using GB pages for direct mapping
[    0.016086] ACPI: Early table checksum verification disabled
[    0.016459] ACPI: RSDP 0x00000000000F59C0 000014 (v00 BOCHS )
[    0.016824] ACPI: RSDT 0x000000007FFE1951 000034 (v01 BOCHS  BXPC     00000001 BXPC 00000001)
[    0.017368] ACPI: FACP 0x000000007FFE17FD 000074 (v01 BOCHS  BXPC     00000001 BXPC 00000001)
[    0.017898] ACPI: DSDT 0x000000007FFE0040 0017BD (v01 BOCHS  BXPC     00000001 BXPC 00000001)
[    0.018425] ACPI: FACS 0x000000007FFE0000 000040
[    0.018715] ACPI: APIC 0x000000007FFE1871 000080 (v01 BOCHS  BXPC     00000001 BXPC 00000001)
[    0.019241] ACPI: HPET 0x000000007FFE18F1 000038 (v01 BOCHS  BXPC     00000001 BXPC 00000001)
[    0.019766] ACPI: WAET 0x000000007FFE1929 000028 (v01 BOCHS  BXPC     00000001 BXPC 00000001)
[    0.020289] ACPI: Reserving FACP table memory at [mem 0x7ffe17fd-0x7ffe1870]
[    0.020717] ACPI: Reserving DSDT table memory at [mem 0x7ffe0040-0x7ffe17fc]
[    0.021144] ACPI: Reserving FACS table memory at [mem 0x7ffe0000-0x7ffe003f]
[    0.021569] ACPI: Reserving APIC table memory at [mem 0x7ffe1871-0x7ffe18f0]
[    0.021995] ACPI: Reserving HPET table memory at [mem 0x7ffe18f1-0x7ffe1928]
[    0.022420] ACPI: Reserving WAET table memory at [mem 0x7ffe1929-0x7ffe1950]
[    0.023368] No NUMA configuration found
[    0.023601] Faking a node at [mem 0x0000000000000000-0x000000007ffdffff]
[    0.024049] NODE_DATA(0) allocated [mem 0x7ffb5000-0x7ffdffff]
[    0.027162] Zone ranges:
[    0.027347]   DMA      [mem 0x0000000000001000-0x0000000000ffffff]
[    0.027724]   DMA32    [mem 0x0000000001000000-0x000000007ffdffff]
[    0.028101]   Normal   empty
[    0.028278]   Device   empty
[    0.028456] Movable zone start for each node
[    0.028715] Early memory node ranges
[    0.028932]   node   0: [mem 0x0000000000001000-0x000000000009efff]
[    0.029311]   node   0: [mem 0x0000000000100000-0x000000007ffdffff]
[    0.029690] Initmem setup node 0 [mem 0x0000000000001000-0x000000007ffdffff]
[    0.030394] On node 0, zone DMA: 1 pages in unavailable ranges
[    0.030496] On node 0, zone DMA: 97 pages in unavailable ranges
[    0.051785] On node 0, zone DMA32: 32 pages in unavailable ranges
[    0.052369] ACPI: PM-Timer IO Port: 0x608
[    0.053011] ACPI: LAPIC_NMI (acpi_id[0xff] dfl dfl lint[0x1])
[    0.053411] IOAPIC[0]: apic_id 0, version 17, address 0xfec00000, GSI 0-23
[    0.053843] ACPI: INT_SRC_OVR (bus 0 bus_irq 0 global_irq 2 dfl dfl)
[    0.054229] ACPI: INT_SRC_OVR (bus 0 bus_irq 5 global_irq 5 high level)
[    0.054631] ACPI: INT_SRC_OVR (bus 0 bus_irq 9 global_irq 9 high level)
[    0.055035] ACPI: INT_SRC_OVR (bus 0 bus_irq 10 global_irq 10 high level)
[    0.055446] ACPI: INT_SRC_OVR (bus 0 bus_irq 11 global_irq 11 high level)
[    0.055870] ACPI: Using ACPI (MADT) for SMP configuration information
[    0.056262] ACPI: HPET id: 0x8086a201 base: 0xfed00000
[    0.056584] TSC deadline timer available
[    0.056825] smpboot: Allowing 2 CPUs, 0 hotplug CPUs
[    0.057179] kvm-guest: KVM setup pv remote TLB flush
[    0.057480] kvm-guest: setup PV sched yield
[    0.057786] PM: hibernation: Registered nosave memory: [mem 0x00000000-0x00000fff]
[    0.058247] PM: hibernation: Registered nosave memory: [mem 0x0009f000-0x0009ffff]
[    0.058702] PM: hibernation: Registered nosave memory: [mem 0x000a0000-0x000effff]
[    0.059156] PM: hibernation: Registered nosave memory: [mem 0x000f0000-0x000fffff]
[    0.059615] [mem 0x80000000-0xfeffbfff] available for PCI devices
[    0.059985] Booting paravirtualized kernel on KVM
[    0.060285] clocksource: refined-jiffies: mask: 0xffffffff max_cycles: 0xffffffff, max_idle_ns: 7645519600211568 ns
[    0.060930] setup_percpu: NR_CPUS:8192 nr_cpumask_bits:2 nr_cpu_ids:2 nr_node_ids:1
[    0.062470] percpu: Embedded 64 pages/cpu s225280 r8192 d28672 u1048576
[    0.063038] kvm-guest: PV spinlocks enabled
[    0.063303] PV qspinlock hash table entries: 256 (order: 0, 4096 bytes, linear)
[    0.063769] Fallback order for Node 0: 0 
[    0.064032] Built 1 zonelists, mobility grouping on.  Total pages: 515808
[    0.064447] Policy zone: DMA32
[    0.064637] Kernel command line: net.ifnames=0 console=ttyS0 root=/dev/sda earlyprintk=serial net.ifnames=0
[    0.066511] Dentry cache hash table entries: 262144 (order: 9, 2097152 bytes, linear)
[    0.067411] Inode-cache hash table entries: 131072 (order: 8, 1048576 bytes, linear)
[    0.067980] mem auto-init: stack:off, heap alloc:off, heap free:off
[    0.071125] Memory: 1985384K/2096632K available (32784K kernel code, 4464K rwdata, 8052K rodata, 3292K init, 22736K bss, 110992K reserved, 0K cma-reserved)
[    0.072788] SLUB: HWalign=64, Order=0-3, MinObjects=0, CPUs=2, Nodes=1
[    0.073178] kmemleak: Kernel memory leak detector disabled
[    0.073533] ftrace: allocating 66266 entries in 259 pages
[    0.091360] ftrace: allocated 259 pages with 3 groups
[    0.093965] Dynamic Preempt: voluntary
[    0.094352] Running RCU self tests
[    0.094556] rcu: Preemptible hierarchical RCU implementation.
[    0.094888] rcu: 	RCU lockdep checking is enabled.
[    0.095165] rcu: 	RCU restricting CPUs from NR_CPUS=8192 to nr_cpu_ids=2.
[    0.095558] 	Trampoline variant of Tasks RCU enabled.
[    0.095851] 	Rude variant of Tasks RCU enabled.
[    0.096113] 	Tracing variant of Tasks RCU enabled.
[    0.096390] rcu: RCU calculated value of scheduler-enlistment delay is 25 jiffies.
[    0.096828] rcu: Adjusting geometry for rcu_fanout_leaf=16, nr_cpu_ids=2
[    0.115735] NR_IRQS: 524544, nr_irqs: 440, preallocated irqs: 16
[    0.116354] rcu: srcu_init: Setting srcu_struct sizes based on contention.
[    0.122355] Console: colour VGA+ 80x25
[    0.122622] printk: console [ttyS0] enabled
[    0.122622] printk: console [ttyS0] enabled
[    0.123123] printk: bootconsole [earlyser0] disabled
[    0.123123] printk: bootconsole [earlyser0] disabled
[    0.123712] Lock dependency validator: Copyright (c) 2006 Red Hat, Inc., Ingo Molnar
[    0.124173] ... MAX_LOCKDEP_SUBCLASSES:  8
[    0.124422] ... MAX_LOCK_DEPTH:          48
[    0.124678] ... MAX_LOCKDEP_KEYS:        8192
[    0.124944] ... CLASSHASH_SIZE:          4096
[    0.125208] ... MAX_LOCKDEP_ENTRIES:     32768
[    0.125478] ... MAX_LOCKDEP_CHAINS:      65536
[    0.125748] ... CHAINHASH_SIZE:          32768
[    0.126017]  memory used by lock dependency info: 6365 kB
[    0.126342]  memory used for stack traces: 4224 kB
[    0.126632]  per task-struct memory footprint: 1920 bytes
[    0.126994] ACPI: Core revision 20220331
[    0.127408] clocksource: hpet: mask: 0xffffffff max_cycles: 0xffffffff, max_idle_ns: 19112604467 ns
[    0.128051] APIC: Switch to symmetric I/O mode setup
[    0.128473] x2apic enabled
[    0.128769] Switched APIC routing to physical x2apic.
[    0.129088] kvm-guest: setup PV IPIs
[    0.129969] ..TIMER: vector=0x30 apic1=0 pin1=2 apic2=-1 pin2=-1
[    0.130352] clocksource: tsc-early: mask: 0xffffffffffffffff max_cycles: 0x3407c077a8d, max_idle_ns: 440795342283 ns
[    0.130991] Calibrating delay loop (skipped) preset value.. 7219.20 BogoMIPS (lpj=14438400)
[    0.131491] pid_max: default: 32768 minimum: 301
[    0.131895] LSM: Security Framework initializing
[    0.134990] Yama: becoming mindful.
[    0.135372] Mount-cache hash table entries: 4096 (order: 3, 32768 bytes, linear)
[    0.135829] Mountpoint-cache hash table entries: 4096 (order: 3, 32768 bytes, linear)
[    0.137973] x86/cpu: User Mode Instruction Prevention (UMIP) activated
[    0.138704] Last level iTLB entries: 4KB 0, 2MB 0, 4MB 0
[    0.139018] Last level dTLB entries: 4KB 0, 2MB 0, 4MB 0, 1GB 0
[    0.139402] Spectre V1 : Mitigation: usercopy/swapgs barriers and __user pointer sanitization
[    0.139924] Spectre V2 : WARNING: Unprivileged eBPF is enabled with eIBRS on, data leaks possible via Spectre v2 BHB attacks!
[    0.140586] Spectre V2 : Mitigation: Enhanced IBRS
[    0.140863] Spectre V2 : Spectre v2 / SpectreRSB mitigation: Filling RSB on context switch
[    0.141336] Spectre V2 : mitigation: Enabling conditional Indirect Branch Prediction Barrier
[    0.141816] Speculative Store Bypass: Mitigation: Speculative Store Bypass disabled via prctl
[    0.180022] Freeing SMP alternatives memory: 56K
[    0.180659] smpboot: CPU0: 12th Gen Intel(R) Core(TM) i7-12700K (family: 0x6, model: 0x97, stepping: 0x2)
[    0.182017] cblist_init_generic: Setting adjustable number of callback queues.
[    0.182476] cblist_init_generic: Setting shift to 1 and lim to 1.
[    0.182906] cblist_init_generic: Setting shift to 1 and lim to 1.
[    0.182980] cblist_init_generic: Setting shift to 1 and lim to 1.
[    0.182980] Running RCU-tasks wait API self tests
[    0.283095] Performance Events: Alderlake Hybrid events, full-width counters, Intel PMU driver.
[    0.283983] core: cpu_core PMU driver: 
[    0.284218] ... version:                2
[    0.284457] ... bit width:              48
[    0.284696] ... generic registers:      6
[    0.284930] ... value mask:             0000ffffffffffff
[    0.285237] ... max period:             00007fffffffffff
[    0.285544] ... fixed-purpose events:   3
[    0.285778] ... event mask:             0001000f0000003f
[    0.286408] rcu: Hierarchical SRCU implementation.
[    0.286467] printk: console [ttyS0] printing thread started
[    0.289229] unchecked MSR access error: WRMSR to 0x38f (tried to write 0x0001000f0000003f) at rIP: 0xffffffff810c4eec (native_write_msr+0xc/0x30)
[    0.289248] Call Trace:
[    0.289250]  <TASK>
[    0.289253]  __intel_pmu_enable_all.constprop.45+0x68/0x100
[    0.289266]  intel_pmu_enable_all+0x1e/0x20
[    0.289276]  x86_pmu_enable+0x46d/0x5a0
[    0.289284]  ? write_comp_data+0x2f/0x90
[    0.289297]  perf_pmu_enable+0x53/0x70
[    0.289311]  ctx_resched+0xab/0xf0
[    0.289322]  __perf_install_in_context+0x343/0x4b0
[    0.289334]  ? perf_duration_warn+0x50/0x50
[    0.289344]  ? perf_duration_warn+0x50/0x50
[    0.289353]  remote_function+0x7c/0x90
[    0.289362]  ? perf_duration_warn+0x50/0x50
[    0.289371]  generic_exec_single+0x11c/0x190
[    0.289384]  smp_call_function_single+0x11c/0x240
[    0.289394]  ? perf_duration_warn+0x50/0x50
[    0.289404]  ? __sanitizer_cov_trace_pc+0x25/0x50
[    0.289414]  ? write_comp_data+0x2f/0x90
[    0.289426]  perf_install_in_context+0x2e4/0x310
[    0.289435]  ? ctx_resched+0xf0/0xf0
[    0.289447]  perf_event_create_kernel_counter+0x166/0x200
[    0.289456]  ? hardlockup_detector_event_create+0xc0/0xc0
[    0.289470]  hardlockup_detector_event_create+0x46/0xc0
[    0.289481]  hardlockup_detector_perf_init+0x18/0x62
[    0.289498]  watchdog_nmi_probe+0x17/0x19
[    0.289506]  lockup_detector_init+0x40/0xab
[    0.289515]  kernel_init_freeable+0x264/0x40d
[    0.289533]  ? rest_init+0x240/0x240
[    0.289544]  kernel_init+0x24/0x1e0
[    0.289551]  ? rest_init+0x240/0x240
[    0.289559]  ret_from_fork+0x1f/0x30
[    0.289575]  </TASK>
[    0.289814] smp: Bringing up secondary CPUs ...
[    0.290451] x86: Booting SMP configuration:
[    0.290453] .... node  #0, CPUs:      #1
[    0.295051] smp: Brought up 1 node, 2 CPUs
[    0.295058] smpboot: Max logical packages: 1
[    0.295061] smpboot: Total of 2 processors activated (14438.40 BogoMIPS)
[    0.297151] devtmpfs: initialized
[    0.297151] x86/mm: Memory block size: 128MB
[    0.301185] clocksource: jiffies: mask: 0xffffffff max_cycles: 0xffffffff, max_idle_ns: 7645041785100000 ns
[    0.301185] futex hash table entries: 512 (order: 4, 65536 bytes, linear)
[    0.301185] pinctrl core: initialized pinctrl subsystem
[    0.301185] 
[    0.301185] *************************************************************
[    0.301185] **     NOTICE NOTICE NOTICE NOTICE NOTICE NOTICE NOTICE    **
[    0.301185] **                                                         **
[    0.301185] **  IOMMU DebugFS SUPPORT HAS BEEN ENABLED IN THIS KERNEL  **
[    0.301185] **                                                         **
[    0.301185] ** This means that this kernel is built to expose internal **
[    0.301185] ** IOMMU data structures, which may compromise security on **
[    0.301185] ** your system.                                            **
[    0.301185] **                                                         **
[    0.301185] ** If you see this message and you are not debugging the   **
[    0.301185] ** kernel, report this immediately to your vendor!         **
[    0.301185] **                                                         **
[    0.301185] **     NOTICE NOTICE NOTICE NOTICE NOTICE NOTICE NOTICE    **
[    0.301185] *************************************************************
[    0.301185] PM: RTC time: 12:24:14, date: 2023-02-22
[    0.303003] Callback from call_rcu_tasks_trace() invoked.
[    0.301189] NET: Registered PF_NETLINK/PF_ROUTE protocol family
[    0.301628] DMA: preallocated 256 KiB GFP_KERNEL pool for atomic allocations
[    0.301644] DMA: preallocated 256 KiB GFP_KERNEL|GFP_DMA pool for atomic allocations
[    0.301655] DMA: preallocated 256 KiB GFP_KERNEL|GFP_DMA32 pool for atomic allocations
[    0.301696] audit: initializing netlink subsys (disabled)
[    0.303010] thermal_sys: Registered thermal governor 'fair_share'
[    0.303010] thermal_sys: Registered thermal governor 'bang_bang'
[    0.303010] thermal_sys: Registered thermal governor 'step_wise'
[    0.303010] thermal_sys: Registered thermal governor 'user_space'
[    0.303010] audit: type=2000 audit(1677068655.473:1): state=initialized audit_enabled=0 res=1
[    0.306138] cpuidle: using governor ladder
[    0.306534] cpuidle: using governor menu
[    0.306534] HugeTLB: can optimize 4095 vmemmap pages for hugepages-1048576kB
[    0.306534] acpiphp: ACPI Hot Plug PCI Controller Driver version: 0.5
[    0.306534] PCI: Using configuration type 1 for base access
[    0.316281] kprobes: kprobe jump-optimization is enabled. All kprobes are optimized if possible.
[    0.319522] HugeTLB: can optimize 7 vmemmap pages for hugepages-2048kB
[    0.319532] HugeTLB registered 1.00 GiB page size, pre-allocated 0 pages
[    0.319538] HugeTLB registered 2.00 MiB page size, pre-allocated 0 pages
[    0.427450] ACPI: Added _OSI(Module Device)
[    0.427454] ACPI: Added _OSI(Processor Device)
[    0.427458] ACPI: Added _OSI(3.0 _SCP Extensions)
[    0.427461] ACPI: Added _OSI(Processor Aggregator Device)
[    0.427465] ACPI: Added _OSI(Linux-Dell-Video)
[    0.427469] ACPI: Added _OSI(Linux-Lenovo-NV-HDMI-Audio)
[    0.427473] ACPI: Added _OSI(Linux-HPI-Hybrid-Graphics)
[    0.436002] ACPI: 1 ACPI AML tables successfully acquired and loaded
[    2.569790] Callback from call_rcu_tasks_rude() invoked.
[    2.616592] ACPI: Interpreter enabled
[    2.616711] ACPI: PM: (supports S0 S3 S4 S5)
[    2.616720] ACPI: Using IOAPIC for interrupt routing
[    2.616775] PCI: Using host bridge windows from ACPI; if necessary, use "pci=nocrs" and report a bug
[    2.616782] PCI: Using E820 reservations for host bridge windows
[    2.617616] ACPI: Enabled 2 GPEs in block 00 to 0F
[    2.631514] ACPI: PCI Root Bridge [PCI0] (domain 0000 [bus 00-ff])
[    2.631535] acpi PNP0A03:00: _OSC: OS supports [ASPM ClockPM Segments MSI EDR HPX-Type3]
[    2.631545] acpi PNP0A03:00: _OSC: not requesting OS control; OS requires [ExtendedConfig ASPM ClockPM MSI]
[    2.631606] acpi PNP0A03:00: fail to add MMCONFIG information, can't access extended PCI configuration space under this bridge.
[    2.633190] acpiphp: Slot [3] registered
[    2.633247] acpiphp: Slot [4] registered
[    2.633309] acpiphp: Slot [5] registered
[    2.633364] acpiphp: Slot [6] registered
[    2.633419] acpiphp: Slot [7] registered
[    2.633475] acpiphp: Slot [8] registered
[    2.633530] acpiphp: Slot [9] registered
[    2.633592] acpiphp: Slot [10] registered
[    2.633647] acpiphp: Slot [11] registered
[    2.633703] acpiphp: Slot [12] registered
[    2.633759] acpiphp: Slot [13] registered
[    2.633821] acpiphp: Slot [14] registered
[    2.633877] acpiphp: Slot [15] registered
[    2.633932] acpiphp: Slot [16] registered
[    2.633987] acpiphp: Slot [17] registered
[    2.634043] acpiphp: Slot [18] registered
[    2.634107] acpiphp: Slot [19] registered
[    2.634163] acpiphp: Slot [20] registered
[    2.634218] acpiphp: Slot [21] registered
[    2.634274] acpiphp: Slot [22] registered
[    2.634329] acpiphp: Slot [23] registered
[    2.634390] acpiphp: Slot [24] registered
[    2.634452] acpiphp: Slot [25] registered
[    2.634508] acpiphp: Slot [26] registered
[    2.634563] acpiphp: Slot [27] registered
[    2.634618] acpiphp: Slot [28] registered
[    2.634684] acpiphp: Slot [29] registered
[    2.634739] acpiphp: Slot [30] registered
[    2.634794] acpiphp: Slot [31] registered
[    2.634813] PCI host bridge to bus 0000:00
[    2.634818] pci_bus 0000:00: root bus resource [io  0x0000-0x0cf7 window]
[    2.634827] pci_bus 0000:00: root bus resource [io  0x0d00-0xffff window]
[    2.634835] pci_bus 0000:00: root bus resource [mem 0x000a0000-0x000bffff window]
[    2.634843] pci_bus 0000:00: root bus resource [mem 0x80000000-0xfebfffff window]
[    2.634852] pci_bus 0000:00: root bus resource [mem 0x100000000-0x17fffffff window]
[    2.634861] pci_bus 0000:00: root bus resource [bus 00-ff]
[    2.634935] pci 0000:00:00.0: [8086:1237] type 00 class 0x060000
[    2.637601] pci 0000:00:01.0: [8086:7000] type 00 class 0x060100
[    2.638203] pci 0000:00:01.1: [8086:7010] type 00 class 0x010180
[    2.639152] pci 0000:00:01.1: reg 0x20: [io  0xc040-0xc04f]
[    2.639619] pci 0000:00:01.1: legacy IDE quirk: reg 0x10: [io  0x01f0-0x01f7]
[    2.639627] pci 0000:00:01.1: legacy IDE quirk: reg 0x14: [io  0x03f6]
[    2.639634] pci 0000:00:01.1: legacy IDE quirk: reg 0x18: [io  0x0170-0x0177]
[    2.639641] pci 0000:00:01.1: legacy IDE quirk: reg 0x1c: [io  0x0376]
[    2.639871] pci 0000:00:01.3: [8086:7113] type 00 class 0x068000
[    2.640182] pci 0000:00:01.3: quirk: [io  0x0600-0x063f] claimed by PIIX4 ACPI
[    2.640195] pci 0000:00:01.3: quirk: [io  0x0700-0x070f] claimed by PIIX4 SMB
[    2.640579] pci 0000:00:02.0: [1234:1111] type 00 class 0x030000
[    2.642066] pci 0000:00:02.0: reg 0x10: [mem 0xfd000000-0xfdffffff pref]
[    2.643500] pci 0000:00:02.0: reg 0x18: [mem 0xfebf0000-0xfebf0fff]
[    2.646788] pci 0000:00:02.0: reg 0x30: [mem 0xfebe0000-0xfebeffff pref]
[    2.646961] pci 0000:00:02.0: Video device with shadowed ROM at [mem 0x000c0000-0x000dffff]
[    2.649835] pci 0000:00:03.0: [8086:100e] type 00 class 0x020000
[    2.650216] pci 0000:00:03.0: reg 0x10: [mem 0xfebc0000-0xfebdffff]
[    2.650571] pci 0000:00:03.0: reg 0x14: [io  0xc000-0xc03f]
[    2.652123] pci 0000:00:03.0: reg 0x30: [mem 0xfeb80000-0xfebbffff pref]
[    2.660139] ACPI: PCI: Interrupt link LNKA configured for IRQ 10
[    2.660452] ACPI: PCI: Interrupt link LNKB configured for IRQ 10
[    2.660746] ACPI: PCI: Interrupt link LNKC configured for IRQ 11
[    2.661035] ACPI: PCI: Interrupt link LNKD configured for IRQ 11
[    2.661175] ACPI: PCI: Interrupt link LNKS configured for IRQ 9
[    2.662342] iommu: Default domain type: Translated 
[    2.662348] iommu: DMA domain TLB invalidation policy: lazy mode 
[    2.663272] SCSI subsystem initialized
[    2.663538] ACPI: bus type USB registered
[    2.663599] usbcore: registered new interface driver usbfs
[    2.663631] usbcore: registered new interface driver hub
[    2.663661] usbcore: registered new device driver usb
[    2.663742] pps_core: LinuxPPS API ver. 1 registered
[    2.663746] pps_core: Software ver. 5.3.6 - Copyright 2005-2007 Rodolfo Giometti <giometti@linux.it>
[    2.663756] PTP clock support registered
[    2.663926] EDAC MC: Ver: 3.0.0
[    2.665165] NetLabel: Initializing
[    2.665167] NetLabel:  domain hash size = 128
[    2.665171] NetLabel:  protocols = UNLABELED CIPSOv4 CALIPSO
[    2.665217] NetLabel:  unlabeled traffic allowed by default
[    2.665519] PCI: Using ACPI for IRQ routing
[    2.665743] pci 0000:00:02.0: vgaarb: setting as boot VGA device
[    2.665751] pci 0000:00:02.0: vgaarb: bridge control possible
[    2.665756] pci 0000:00:02.0: vgaarb: VGA device added: decodes=io+mem,owns=io+mem,locks=none
[    2.665765] vgaarb: loaded
[    2.666155] hpet0: at MMIO 0xfed00000, IRQs 2, 8, 0
[    2.666170] hpet0: 3 comparators, 64-bit 100.000000 MHz counter
[    2.669204] clocksource: Switched to clocksource kvm-clock
[    2.675147] Callback from call_rcu_tasks() invoked.
[    2.771609] VFS: Disk quotas dquot_6.6.0
[    2.771665] VFS: Dquot-cache hash table entries: 512 (order 0, 4096 bytes)
[    2.771927] pnp: PnP ACPI init
[    2.773437] pnp: PnP ACPI: found 6 devices
[    2.786077] clocksource: acpi_pm: mask: 0xffffff max_cycles: 0xffffff, max_idle_ns: 2085701024 ns
[    2.786398] NET: Registered PF_INET protocol family
[    2.786564] IP idents hash table entries: 32768 (order: 6, 262144 bytes, linear)
[    2.787485] tcp_listen_portaddr_hash hash table entries: 1024 (order: 4, 73728 bytes, linear)
[    2.787530] Table-perturb hash table entries: 65536 (order: 6, 262144 bytes, linear)
[    2.787541] TCP established hash table entries: 16384 (order: 5, 131072 bytes, linear)
[    2.787689] TCP bind bhash tables hash table entries: 16384 (order: 8, 1310720 bytes, linear)
[    2.788526] TCP: Hash tables configured (established 16384 bind 16384)
[    2.788645] UDP hash table entries: 1024 (order: 5, 163840 bytes, linear)
[    2.788736] UDP-Lite hash table entries: 1024 (order: 5, 163840 bytes, linear)
[    2.789097] NET: Registered PF_UNIX/PF_LOCAL protocol family
[    2.789558] RPC: Registered named UNIX socket transport module.
[    2.789563] RPC: Registered udp transport module.
[    2.789565] RPC: Registered tcp transport module.
[    2.789568] RPC: Registered tcp NFSv4.1 backchannel transport module.
[    2.789593] pci_bus 0000:00: resource 4 [io  0x0000-0x0cf7 window]
[    2.789604] pci_bus 0000:00: resource 5 [io  0x0d00-0xffff window]
[    2.789612] pci_bus 0000:00: resource 6 [mem 0x000a0000-0x000bffff window]
[    2.789621] pci_bus 0000:00: resource 7 [mem 0x80000000-0xfebfffff window]
[    2.789629] pci_bus 0000:00: resource 8 [mem 0x100000000-0x17fffffff window]
[    2.789833] pci 0000:00:01.0: PIIX3: Enabling Passive Release
[    2.789849] pci 0000:00:00.0: Limiting direct PCI/PCI transfers
[    2.789872] pci 0000:00:01.0: Activating ISA DMA hang workarounds
[    2.789953] PCI: CLS 0 bytes, default 64
[    2.789994] ACPI: bus type thunderbolt registered
[    2.790236] clocksource: tsc: mask: 0xffffffffffffffff max_cycles: 0x3407c077a8d, max_idle_ns: 440795342283 ns
[    2.799523] Initialise system trusted keyrings
[    2.799596] Key type blacklist registered
[    2.799944] workingset: timestamp_bits=36 max_order=19 bucket_order=0
[    2.808244] zbud: loaded
[    2.809948] squashfs: version 4.0 (2009/01/31) Phillip Lougher
[    2.811166] NFS: Registering the id_resolver key type
[    2.811185] Key type id_resolver registered
[    2.811188] Key type id_legacy registered
[    2.811278] nfs4filelayout_init: NFSv4 File Layout Driver Registering...
[    2.811301] nfs4flexfilelayout_init: NFSv4 Flexfile Layout Driver Registering...
[    2.811408] fuse: init (API version 7.36)
[    2.811684] SGI XFS with ACLs, security attributes, realtime, quota, no debug enabled
[    2.813177] 9p: Installing v9fs 9p2000 file system support
[    2.819022] Key type asymmetric registered
[    2.819039] Asymmetric key parser 'x509' registered
[    2.820535] alg: self-tests for CTR-KDF (hmac(sha256)) passed
[    2.820571] Block layer SCSI generic (bsg) driver version 0.4 loaded (major 243)
[    2.820712] io scheduler mq-deadline registered
[    2.820742] io scheduler bfq registered
[    2.821752] shpchp: Standard Hot Plug PCI Controller Driver version: 0.4
[    2.822105] IPMI message handler: version 39.2
[    2.822146] ipmi device interface
[    2.823524] input: Power Button as /devices/LNXSYSTM:00/LNXPWRBN:00/input/input0
[    2.823773] ACPI: button: Power Button [PWRF]
[    2.824565] ERST DBG: ERST support is disabled.
[    2.825139] Serial: 8250/16550 driver, 32 ports, IRQ sharing enabled
[    2.825686] 00:04: ttyS0 at I/O 0x3f8 (irq = 4, base_baud = 115200) is a 16550A
[    2.833109] Linux agpgart interface v0.103
[    2.833614] ACPI: bus type drm_connector registered
[    2.845367] brd: module loaded
[    2.851472] loop: module loaded
[    2.855102] scsi host0: ata_piix
[    2.855646] scsi host1: ata_piix
[    2.855785] ata1: PATA max MWDMA2 cmd 0x1f0 ctl 0x3f6 bmdma 0xc040 irq 14
[    2.855791] ata2: PATA max MWDMA2 cmd 0x170 ctl 0x376 bmdma 0xc048 irq 15
[    2.856633] tun: Universal TUN/TAP device driver, 1.6
[    2.856879] e100: Intel(R) PRO/100 Network Driver
[    2.856883] e100: Copyright(c) 1999-2006 Intel Corporation
[    2.856914] e1000: Intel(R) PRO/1000 Network Driver
[    2.856917] e1000: Copyright (c) 1999-2006 Intel Corporation.
[    3.008940] ACPI: \_SB_.LNKC: Enabled at IRQ 11
[    3.015197] ata2: found unknown device (class 0)
[    3.015661] ata2.00: ATAPI: QEMU DVD-ROM, 2.5+, max UDMA/100
[    3.019235] ata1: found unknown device (class 0)
[    3.019704] ata1.00: ATA-7: QEMU HARDDISK, 2.5+, max UDMA/100
[    3.019712] ata1.00: 16777216 sectors, multi 16: LBA48 
[    3.020518] scsi 0:0:0:0: Direct-Access     ATA      QEMU HARDDISK    2.5+ PQ: 0 ANSI: 5
[    3.021449] sd 0:0:0:0: Attached scsi generic sg0 type 0
[    3.021823] sd 0:0:0:0: [sda] 16777216 512-byte logical blocks: (8.59 GB/8.00 GiB)
[    3.021873] sd 0:0:0:0: [sda] Write Protect is off
[    3.021892] scsi 1:0:0:0: CD-ROM            QEMU     QEMU DVD-ROM     2.5+ PQ: 0 ANSI: 5
[    3.022001] sd 0:0:0:0: [sda] Write cache: enabled, read cache: enabled, doesn't support DPO or FUA
[    3.022155] sd 0:0:0:0: [sda] Preferred minimum I/O size 512 bytes
[    3.044563] sd 0:0:0:0: [sda] Attached SCSI disk
[    3.054882] scsi 1:0:0:0: Attached scsi generic sg1 type 5
[    3.329629] e1000 0000:00:03.0 eth0: (PCI:33MHz:32-bit) 52:54:00:12:34:56
[    3.329673] e1000 0000:00:03.0 eth0: Intel(R) PRO/1000 Network Connection
[    3.329775] e1000e: Intel(R) PRO/1000 Network Driver
[    3.329779] e1000e: Copyright(c) 1999 - 2015 Intel Corporation.
[    3.329847] igb: Intel(R) Gigabit Ethernet Network Driver
[    3.329851] igb: Copyright (c) 2007-2014 Intel Corporation.
[    3.329945] PPP generic driver version 2.4.2
[    3.330845] VFIO - User Level meta-driver version: 0.3
[    3.330883] ehci_hcd: USB 2.0 'Enhanced' Host Controller (EHCI) Driver
[    3.330893] ehci-pci: EHCI PCI platform driver
[    3.330931] ehci-platform: EHCI generic platform driver
[    3.330950] ohci_hcd: USB 1.1 'Open' Host Controller (OHCI) Driver
[    3.330957] ohci-pci: OHCI PCI platform driver
[    3.331007] ohci-platform: OHCI generic platform driver
[    3.331025] uhci_hcd: USB Universal Host Controller Interface driver
[    3.331272] usbcore: registered new interface driver uas
[    3.331310] usbcore: registered new interface driver usb-storage
[    3.331405] i8042: PNP: PS/2 Controller [PNP0303:KBD,PNP0f13:MOU] at 0x60,0x64 irq 1,12
[    3.332092] serio: i8042 KBD port at 0x60,0x64 irq 1
[    3.332130] serio: i8042 AUX port at 0x60,0x64 irq 12
[    3.332715] mousedev: PS/2 mouse device common for all mice
[    3.333329] rtc_cmos 00:05: RTC can wake from S4
[    3.334134] rtc_cmos 00:05: registered as rtc0
[    3.334200] rtc_cmos 00:05: setting system clock to 2023-02-22T12:24:17 UTC (1677068657)
[    3.334324] rtc_cmos 00:05: alarms up to one day, y3k, 242 bytes nvram, hpet irqs
[    3.334352] i2c_dev: i2c /dev entries driver
[    3.334401] device-mapper: core: CONFIG_IMA_DISABLE_HTABLE is disabled. Duplicate IMA measurements will not be recorded in the IMA log.
[    3.334498] device-mapper: uevent: version 1.0.3
[    3.334733] device-mapper: ioctl: 4.46.0-ioctl (2022-02-22) initialised: dm-devel@redhat.com
[    3.334744] intel_pstate: CPU model not supported
[    3.334816] sdhci: Secure Digital Host Controller Interface driver
[    3.334820] sdhci: Copyright(c) Pierre Ossman
[    3.334884] sdhci-pltfm: SDHCI platform and OF driver helper
[    3.335291] ledtrig-cpu: registered to indicate activity on CPUs
[    3.335554] drop_monitor: Initializing network drop monitor service
[    3.335992] NET: Registered PF_INET6 protocol family
[    3.337368] input: AT Translated Set 2 keyboard as /devices/platform/i8042/serio0/input/input1
[    3.338299] input: VirtualPS/2 VMware VMMouse as /devices/platform/i8042/serio1/input/input4
[    3.338793] input: VirtualPS/2 VMware VMMouse as /devices/platform/i8042/serio1/input/input3
[    3.339622] Segment Routing with IPv6
[    3.339646] In-situ OAM (IOAM) with IPv6
[    3.339680] NET: Registered PF_PACKET protocol family
[    3.339952] 9pnet: Installing 9P2000 support
[    3.340001] Key type dns_resolver registered
[    3.341332] IPI shorthand broadcast: enabled
[    3.341384] sched_clock: Marking stable (3330851714, 10217805)->(3350802849, -9733330)
[    3.343632] registered taskstats version 1
[    3.343853] Loading compiled-in X.509 certificates
[    3.344079] zswap: loaded using pool lzo/zbud
[    3.345976] Key type ._fscrypt registered
[    3.345980] Key type .fscrypt registered
[    3.345983] Key type fscrypt-provisioning registered
[    3.352211] Key type encrypted registered
[    3.352246] ima: No TPM chip found, activating TPM-bypass!
[    3.352259] ima: Allocated hash algorithm: sha1
[    3.352294] ima: No architecture policies found
[    3.352359] evm: Initialising EVM extended attributes:
[    3.352361] evm: security.selinux
[    3.352364] evm: security.SMACK64
[    3.352367] evm: security.SMACK64EXEC
[    3.352369] evm: security.SMACK64TRANSMUTE
[    3.352372] evm: security.SMACK64MMAP
[    3.352375] evm: security.apparmor
[    3.352377] evm: security.ima
[    3.352380] evm: security.capability
[    3.352382] evm: HMAC attrs: 0x1
[    3.358423] PM:   Magic number: 11:275:431
[    3.358795] RAS: Correctable Errors collector initialized.
[    3.360703] md: Waiting for all devices to be available before autodetect
[    3.360707] md: If you don't use raid, use raid=noautodetect
[    3.360711] md: Autodetecting RAID arrays.
[    3.360720] md: autorun ...
[    3.360721] md: ... autorun DONE.
[    3.366055] EXT4-fs (sda): mounted filesystem with ordered data mode. Quota mode: none.
[    3.366100] VFS: Mounted root (ext4 filesystem) readonly on device 8:0.
[    3.368050] devtmpfs: mounted
[    3.376228] Freeing unused decrypted memory: 2036K
[    3.378203] Freeing unused kernel image (initmem) memory: 3292K
[    3.395139] Write protecting the kernel read-only data: 43008k
[    3.397454] Freeing unused kernel image (text/rodata gap) memory: 2028K
[    3.397609] Freeing unused kernel image (rodata/data gap) memory: 140K
[    3.474682] x86/mm: Checked W+X mappings: passed, no W+X pages found.
[    3.474701] Run /sbin/init as init process
[    3.545129] systemd[1]: RTC configured in localtime, applying delta of 0 minutes to system time.
[    3.567785] systemd[1]: systemd 239 (239-49.el8) running in system mode. (+PAM +AUDIT +SELINUX +IMA -APPARMOR +SMACK +SYSVINIT +UTMP +LIBCRYPTSETUP +GCRYPT +GNUTLS +ACL +XZ +LZ4 +SECCOMP +BLKID +ELFUTILS +KMOD +IDN2 -IDN +PCRE2 default-hierarchy=legacy)
[    3.567927] systemd[1]: Detected virtualization kvm.
[    3.567935] systemd[1]: Detected architecture x86-64.

Welcome to [0;31mCentOS Stream 8[0m!

[    3.596367] systemd[1]: Set hostname to <test>.
[    5.467045] random: crng init done
[[0;32m  OK  [0m] Listening on Process Core Dump Socket.
[[0;32m  OK  [0m] Reached target Swap.
[[0;32m  OK  [0m] Created slice User and Session Slice.
[[0;32m  OK  [0m] Listening on multipathd control socket.
[    5.559479] systemd[1]: Listening on Process Core Dump Socket.
[    5.560028] systemd[1]: Reached target Swap.
[    5.561771] systemd[1]: Created slice User and Session Slice.
[    5.562282] systemd[1]: Listening on multipathd control socket.
[    5.563170] systemd[1]: Listening on RPCbind Server Activation Socket.
[[0;32m  OK  [0m] Listening on RPCbind Server Activation Socket.
[[0;32m  OK  [0m] Created slice system-serial\x2dgetty.slice.
[[0;32m  OK  [0m] Listening on Device-mapper event daemon FIFOs.
[[0;32m  OK  [0m] Reached target Slices.
[    5.565907] systemd[1]: Created slice system-serial\x2dgetty.slice.
[[0;32m  OK  [0m] Listening on udev Kernel Socket.
[[0;32m  OK  [0m] Started Forward Password Requests to Wall Directory Watch.
[[0;32m  OK  [0m] Set up automount Arbitrary Executabâ€¦rmats File System Automount Point.
[[0;32m  OK  [0m] Listening on initctl Compatibility Named Pipe.
[[0;32m  OK  [0m] Listening on LVM2 poll daemon socket.
[[0;32m  OK  [0m] Listening on Journal Socket (/dev/log).
[[0;32m  OK  [0m] Listening on Journal Socket.
         Starting Load Kernel Modules...
         Mounting Kernel Debug File System...
         Starting Journal Service...
         Mounting POSIX Message Queue File System...
         Starting Setup Virtual Console...
         Starting Remount Root and Kernel File Systems...
         Starting Monitoring of LVM2 mirrorsâ€¦ng dmeventd or progress polling...
[[0;32m  OK  [0m] Reached target RPC Port Mapper.
[[0;32m  OK  [0m] Created slice system-sshd\x2dkeygen.slice.
         Mounting Huge Pages File System...
[[0;32m  OK  [0m] Listening on udev Control Socket.
         Starting udev Coldplug all Devices...
[[0;32m  OK  [0m] Created slice system-getty.slice.
[[0;1;31mFAILED[0m] Failed to start Load Kernel Modules.
See 'systemctl status systemd-modules-load.service' for details.
[[0;32m  OK  [0m] Mounted Kernel Debug File System.
[[0;32m  OK  [0m] Mounted POSIX Message Queue File System.
[[0;32m  OK  [0m] Started Monitoring of LVM2 mirrors,â€¦sing dmeventd or progress polling.
[[0;32m  OK  [0m] Mounted Huge Pages File System.
         Starting Apply Kernel Variables...
         Mounting Kernel Configuration File System...
[    5.805228] EXT4-fs (sda): re-mounted. Quota mode: none.
         Mounting FUSE Control File System...
[[0;32m  OK  [0m] Started Journal Service.
[[0;32m  OK  [0m] Started Remount Root and Kernel File Systems.
[[0;32m  OK  [0m] Started Apply Kernel Variables.
[[0;32m  OK  [0m] Mounted Kernel Configuration File System.
[[0;32m  OK  [0m] Mounted FUSE Control File System.
         Starting Load/Save Random Seed...
         Starting Create Static Device Nodes in /dev...
         Starting Flush Journal to Persistent Storage...
[[0;32m  OK  [0m] Started Load/Save Random Seed.
[[0;32m  OK  [0m] Started Create Static Device Nodes in /dev.
         Starting udev Kernel Device Manager...
[[0;32m  OK  [0m] Started Flush Journal to Persistent Storage.
[[0;32m  OK  [0m] Started Setup Virtual Console.
[[0;32m  OK  [0m] Started udev Kernel Device Manager.
[[0;32m  OK  [0m] Started udev Coldplug all Devices.
         Starting udev Wait for Complete Device Initialization...
         Starting Show Plymouth Boot Screen...
[[0;32m  OK  [0m] Started Show Plymouth Boot Screen.
[[0;32m  OK  [0m] Reached target Local Encrypted Volumes.
[[0;32m  OK  [0m] Reached target Paths.
[[0;32m  OK  [0m] Started Forward Password Requests to Plymouth Directory Watch.
[[0;32m  OK  [0m] Found device /dev/ttyS0.
[[0;32m  OK  [0m] Started udev Wait for Complete Device Initialization.
[[0;32m  OK  [0m] Listening on Load/Save RF Kill Switch Status /dev/rfkill Watch.
[[0;32m  OK  [0m] Reached target Local File Systems (Pre).
[[0;32m  OK  [0m] Reached target Local File Systems.
         Starting Create Volatile Files and Directories...
         Starting Tell Plymouth To Write Out Runtime Data...
         Starting Restore /run/initramfs on shutdown...
[[0;32m  OK  [0m] Started Create Volatile Files and Directories.
[[0;32m  OK  [0m] Started Tell Plymouth To Write Out Runtime Data.
[[0;32m  OK  [0m] Started Restore /run/initramfs on shutdown.
         Starting Security Auditing Service...
         Mounting RPC Pipe File System...
         Starting RPC Bind...
[[0;32m  OK  [0m] Mounted RPC Pipe File System.
[[0;32m  OK  [0m] Reached target rpc_pipefs.target.
[[0;32m  OK  [0m] Started RPC Bind.
[[0;32m  OK  [0m] Started Security Auditing Service.
         Starting Update UTMP about System Boot/Shutdown...
[[0;32m  OK  [0m] Started Update UTMP about System Boot/Shutdown.
[[0;32m  OK  [0m] Reached target System Initialization.
[[0;32m  OK  [0m] Started dnf makecache --timer.
[[0;32m  OK  [0m] Started Daily Cleanup of Temporary Directories.
[[0;32m  OK  [0m] Started daily update of the root trust anchor for DNSSEC.
[[0;32m  OK  [0m] Reached target Timers.
[[0;32m  OK  [0m] Listening on D-Bus System Message Bus Socket.
[[0;32m  OK  [0m] Listening on SSSD Kerberos Cache Manager responder socket.
[[0;32m  OK  [0m] Reached target Sockets.
[[0;32m  OK  [0m] Reached target Basic System.
         Starting NTP client/server...
         Starting Self Monitoring and Reporting Technology (SMART) Daemon...
[[0;32m  OK  [0m] Started Machine Check Exception Logging Daemon.
         Starting Authorization Manager...
         Starting Login Service...
[[0;32m  OK  [0m] Started D-Bus System Message Bus.
         Starting Network Manager...
[[0;32m  OK  [0m] Reached target sshd-keygen.target.
         Starting Auto-connect to subsystemsâ€¦-NVME devices found during boot...
[[0;32m  OK  [0m] Started irqbalance daemon.
[[0;32m  OK  [0m] Started Auto-connect to subsystems â€¦FC-NVME devices found during boot.
[[0;32m  OK  [0m] Started Self Monitoring and Reporting Technology (SMART) Daemon.
         Starting update of the root trust aâ€¦or DNSSEC validation in unbound...
[[0;32m  OK  [0m] Started Login Service.
[[0;32m  OK  [0m] Started NTP client/server.
[[0;32m  OK  [0m] Started Network Manager.
[[0;32m  OK  [0m] Reached target Network.
         Starting Dynamic System Tuning Daemon...
         Starting OpenSSH server daemon...
         Starting GSSAPI Proxy Daemon...
         Starting Network Manager Wait Online...
[[0;32m  OK  [0m] Started update of the root trust anâ€¦ for DNSSEC validation in unbound.
[[0;32m  OK  [0m] Started OpenSSH server daemon.
[[0;32m  OK  [0m] Started Authorization Manager.
         Starting Hostname Service...
[[0;32m  OK  [0m] Started GSSAPI Proxy Daemon.
[[0;32m  OK  [0m] Reached target NFS client services.
[[0;32m  OK  [0m] Reached target Remote File Systems (Pre).
[[0;32m  OK  [0m] Reached target Remote File Systems.
         Starting Permit User Sessions...
[[0;32m  OK  [0m] Started Permit User Sessions.
         Starting Hold until boot process finishes up...
[[0;32m  OK  [0m] Started Command Scheduler.
         Starting Terminate Plymouth Boot Screen...
[    7.375162] e1000: eth0 NIC Link is Up 1000 Mbps Full Duplex, Flow Control: RX
[    7.375549] IPv6: ADDRCONF(NETDEV_CHANGE): eth0: link becomes ready
[    7.516394] Spectre V2 : WARNING: Unprivileged eBPF is enabled with eIBRS on, data leaks possible via Spectre v2 BHB attacks!
[    7.516406] Spectre V2 : WARNING: Unprivileged eBPF is enabled with eIBRS on, data leaks possible via Spectre v2 BHB attacks!

CentOS Stream 8
Kernel 5.19.0-rc2-6b0de7d0f328+ on an x86_64

test login: [   28.808274] loop2: detected capacity change from 0 to 65536
[   28.810687] =======================================================
[   28.810687] WARNING: The mand mount option has been deprecated and
[   28.810687]          and is ignored by this kernel. Remove the mand
[   28.810687]          option from the mount to silence this warning.
[   28.810687] =======================================================
[   28.810716] XFS: ikeep mount option is deprecated.
[   28.818213] loop0: detected capacity change from 0 to 65536
[   28.818387] XFS: ikeep mount option is deprecated.
[   28.820011] loop3: detected capacity change from 0 to 65536
[   28.820168] XFS: ikeep mount option is deprecated.
[   28.829655] loop4: detected capacity change from 0 to 65536
[   28.829882] XFS: ikeep mount option is deprecated.
[   28.832191] loop5: detected capacity change from 0 to 65536
[   28.832362] XFS: ikeep mount option is deprecated.
[   28.845131] XFS (loop2): Deprecated V4 format (crc=0) will not be supported after September 2030.
[   28.845148] XFS (loop2): DAX unsupported by block device. Turning off DAX.
[   28.845336] XFS (loop2): Mounting V4 Filesystem
[   28.846941] XFS (loop0): DAX unsupported by block device. Turning off DAX.
[   28.847994] XFS (loop3): DAX unsupported by block device. Turning off DAX.
[   28.848080] XFS (loop3): Mounting V4 Filesystem
[   28.848621] XFS (loop0): Mounting V4 Filesystem
[   28.855298] XFS (loop5): DAX unsupported by block device. Turning off DAX.
[   28.855402] XFS (loop5): Mounting V4 Filesystem
[   28.856153] loop1: detected capacity change from 0 to 65536
[   28.856335] XFS: ikeep mount option is deprecated.
[   28.856669] XFS (loop5): totally zeroed log
[   28.857102] XFS (loop4): DAX unsupported by block device. Turning off DAX.
[   28.857221] XFS (loop4): Mounting V4 Filesystem
[   28.857283] XFS (loop5): Ending clean mount
[   28.857938] XFS (loop5): Quotacheck needed: Please wait.
[   28.862164] XFS (loop3): totally zeroed log
[   28.863089] repro: attempt to access beyond end of device
[   28.863089] loop5: rw=432129, sector=65535, nr_sectors = 16 limit=65536
[   28.863134] XFS (loop3): Ending clean mount
[   28.863212] XFS (loop5): log I/O error -5
[   28.863224] XFS (loop5): Filesystem has been shut down due to log error (0x2).
[   28.863230] XFS (loop5): Please unmount the filesystem and rectify the problem(s).
[   28.863308] XFS (loop3): Quotacheck needed: Please wait.
[   28.863514] XFS (loop5): Quotacheck: Unsuccessful (Error -5): Disabling quotas.
[   28.863607] xfs filesystem being mounted at /root/syzkaller.BcQCn5/0/file0 supports timestamps until 2038 (0x7fffffff)
[   28.867360] XFS (loop5): Unmounting Filesystem
[   28.873641] repro: attempt to access beyond end of device
[   28.873641] loop3: rw=432129, sector=65535, nr_sectors = 16 limit=65536
[   28.873682] XFS (loop3): log I/O error -5
[   28.873691] XFS (loop3): Filesystem has been shut down due to log error (0x2).
[   28.873696] XFS (loop3): Please unmount the filesystem and rectify the problem(s).
[   28.873807] XFS (loop3): Quotacheck: Unsuccessful (Error -5): Disabling quotas.
[   28.873853] xfs filesystem being mounted at /root/syzkaller.wjt94G/0/file0 supports timestamps until 2038 (0x7fffffff)
[   28.875692] XFS (loop3): Unmounting Filesystem
[   28.886449] XFS (loop2): totally zeroed log
[   28.887049] XFS (loop2): Ending clean mount
[   28.888051] XFS (loop2): Quotacheck needed: Please wait.
[   28.889678] repro: attempt to access beyond end of device
[   28.889678] loop2: rw=432129, sector=65535, nr_sectors = 16 limit=65536
[   28.889717] XFS (loop2): log I/O error -5
[   28.889725] XFS (loop2): Filesystem has been shut down due to log error (0x2).
[   28.889731] XFS (loop2): Please unmount the filesystem and rectify the problem(s).
[   28.889851] XFS (loop2): Quotacheck: Unsuccessful (Error -5): Disabling quotas.
[   28.889895] xfs filesystem being mounted at /root/syzkaller.3PwG4C/0/file0 supports timestamps until 2038 (0x7fffffff)
[   28.891812] XFS (loop2): Unmounting Filesystem
[   28.905309] XFS (loop0): totally zeroed log
[   28.905515] XFS (loop0): Ending clean mount
[   28.905747] XFS (loop0): Quotacheck needed: Please wait.
[   28.908289] repro: attempt to access beyond end of device
[   28.908289] loop0: rw=432129, sector=65535, nr_sectors = 16 limit=65536
[   28.908329] XFS (loop0): log I/O error -5
[   28.908338] XFS (loop0): Filesystem has been shut down due to log error (0x2).
[   28.908343] XFS (loop0): Please unmount the filesystem and rectify the problem(s).
[   28.908458] XFS (loop0): Quotacheck: Unsuccessful (Error -5): Disabling quotas.
[   28.908504] xfs filesystem being mounted at /root/syzkaller.S9BHRr/0/file0 supports timestamps until 2038 (0x7fffffff)
[   28.909922] XFS (loop0): Unmounting Filesystem
[   28.916200] loop6: detected capacity change from 0 to 65536
[   28.916360] XFS: ikeep mount option is deprecated.
[   28.926651] XFS (loop1): DAX unsupported by block device. Turning off DAX.
[   28.926745] XFS (loop1): Mounting V4 Filesystem
[   28.930292] loop7: detected capacity change from 0 to 65536
[   28.930463] XFS: ikeep mount option is deprecated.
[   28.931812] XFS (loop4): totally zeroed log
[   28.934215] XFS (loop4): Ending clean mount
[   28.934440] XFS (loop4): Quotacheck needed: Please wait.
[   28.936602] repro: attempt to access beyond end of device
[   28.936602] loop4: rw=432129, sector=65535, nr_sectors = 16 limit=65536
[   28.936641] XFS (loop4): log I/O error -5
[   28.936649] XFS (loop4): Filesystem has been shut down due to log error (0x2).
[   28.936655] XFS (loop4): Please unmount the filesystem and rectify the problem(s).
[   28.936769] XFS (loop4): Quotacheck: Unsuccessful (Error -5): Disabling quotas.
[   28.936840] xfs filesystem being mounted at /root/syzkaller.8eU0VY/0/file0 supports timestamps until 2038 (0x7fffffff)
[   28.937945] XFS (loop4): Unmounting Filesystem
[   28.960173] XFS (loop1): totally zeroed log
[   28.960306] XFS (loop6): DAX unsupported by block device. Turning off DAX.
[   28.960479] XFS (loop1): Ending clean mount
[   28.960559] XFS (loop6): Mounting V4 Filesystem
[   28.960858] XFS (loop1): Quotacheck needed: Please wait.
[   28.962375] repro: attempt to access beyond end of device
[   28.962375] loop1: rw=432129, sector=65535, nr_sectors = 16 limit=65536
[   28.962414] XFS (loop1): log I/O error -5
[   28.962423] XFS (loop1): Filesystem has been shut down due to log error (0x2).
[   28.962429] XFS (loop1): Please unmount the filesystem and rectify the problem(s).
[   28.962540] XFS (loop1): Quotacheck: Unsuccessful (Error -5): Disabling quotas.
[   28.962581] xfs filesystem being mounted at /root/syzkaller.E6Eimy/0/file0 supports timestamps until 2038 (0x7fffffff)
[   28.966571] XFS (loop1): Unmounting Filesystem
[   28.968678] XFS (loop7): DAX unsupported by block device. Turning off DAX.
[   28.968778] XFS (loop7): Mounting V4 Filesystem
[   28.969307] XFS (loop7): totally zeroed log
[   28.969641] XFS (loop7): Ending clean mount
[   28.973250] XFS (loop7): Quotacheck needed: Please wait.
[   28.987809] repro: attempt to access beyond end of device
[   28.987809] loop7: rw=432129, sector=65535, nr_sectors = 16 limit=65536
[   28.987854] XFS (loop7): log I/O error -5
[   28.987863] XFS (loop7): Filesystem has been shut down due to log error (0x2).
[   28.987868] XFS (loop7): Please unmount the filesystem and rectify the problem(s).
[   28.987986] XFS (loop7): Quotacheck: Unsuccessful (Error -5): Disabling quotas.
[   28.988030] xfs filesystem being mounted at /root/syzkaller.imlAVd/0/file0 supports timestamps until 2038 (0x7fffffff)
[   28.989206] XFS (loop7): Unmounting Filesystem
[   29.059114] XFS (loop6): totally zeroed log
[   29.059387] XFS (loop6): Ending clean mount
[   29.059601] XFS (loop6): Quotacheck needed: Please wait.
[   29.061163] repro: attempt to access beyond end of device
[   29.061163] loop6: rw=432129, sector=65535, nr_sectors = 16 limit=65536
[   29.061202] XFS (loop6): log I/O error -5
[   29.061210] XFS (loop6): Filesystem has been shut down due to log error (0x2).
[   29.061216] XFS (loop6): Please unmount the filesystem and rectify the problem(s).
[   29.061330] XFS (loop6): Quotacheck: Unsuccessful (Error -5): Disabling quotas.
[   29.061372] xfs filesystem being mounted at /root/syzkaller.xhVdU7/0/file0 supports timestamps until 2038 (0x7fffffff)
[   29.062596] XFS (loop6): Unmounting Filesystem
[   29.385445] loop3: detected capacity change from 0 to 65536
[   29.388884] XFS: ikeep mount option is deprecated.
[   29.425319] XFS (loop3): DAX unsupported by block device. Turning off DAX.
[   29.425419] XFS (loop3): Mounting V4 Filesystem
[   29.442063] loop5: detected capacity change from 0 to 65536
[   29.444447] XFS: ikeep mount option is deprecated.
[   29.449674] XFS (loop3): totally zeroed log
[   29.449879] XFS (loop3): Ending clean mount
[   29.450055] XFS (loop3): Quotacheck needed: Please wait.
[   29.453115] repro: attempt to access beyond end of device
[   29.453115] loop3: rw=432129, sector=65535, nr_sectors = 16 limit=65536
[   29.453161] XFS (loop3): log I/O error -5
[   29.453170] XFS (loop3): Filesystem has been shut down due to log error (0x2).
[   29.453175] XFS (loop3): Please unmount the filesystem and rectify the problem(s).
[   29.453291] XFS (loop3): Quotacheck: Unsuccessful (Error -5): Disabling quotas.
[   29.453333] xfs filesystem being mounted at /root/syzkaller.wjt94G/1/file0 supports timestamps until 2038 (0x7fffffff)
[   29.454582] XFS (loop3): Unmounting Filesystem
[   29.469443] loop2: detected capacity change from 0 to 65536
[   29.469612] XFS: ikeep mount option is deprecated.
[   29.501055] XFS (loop5): DAX unsupported by block device. Turning off DAX.
[   29.501148] XFS (loop5): Mounting V4 Filesystem
[   29.518347] XFS (loop5): totally zeroed log
[   29.518534] XFS (loop5): Ending clean mount
[   29.518694] XFS (loop5): Quotacheck needed: Please wait.
[   29.521153] XFS (loop2): DAX unsupported by block device. Turning off DAX.
[   29.521245] XFS (loop2): Mounting V4 Filesystem
[   29.522404] repro: attempt to access beyond end of device
[   29.522404] loop5: rw=432129, sector=65535, nr_sectors = 16 limit=65536
[   29.522443] XFS (loop5): log I/O error -5
[   29.522451] XFS (loop5): Filesystem has been shut down due to log error (0x2).
[   29.522457] XFS (loop5): Please unmount the filesystem and rectify the problem(s).
[   29.522572] XFS (loop5): Quotacheck: Unsuccessful (Error -5): Disabling quotas.
[   29.522617] xfs filesystem being mounted at /root/syzkaller.BcQCn5/1/file0 supports timestamps until 2038 (0x7fffffff)
[   29.526460] XFS (loop5): Unmounting Filesystem
[   29.546046] loop4: detected capacity change from 0 to 65536
[   29.546229] XFS: ikeep mount option is deprecated.
[   29.558834] loop0: detected capacity change from 0 to 65536
[   29.559050] XFS: ikeep mount option is deprecated.
[   29.560825] loop1: detected capacity change from 0 to 65536
[   29.560976] XFS: ikeep mount option is deprecated.
[   29.580526] XFS (loop2): totally zeroed log
[   29.580772] XFS (loop2): Ending clean mount
[   29.580956] XFS (loop2): Quotacheck needed: Please wait.
[   29.582001] loop7: detected capacity change from 0 to 65536
[   29.582188] XFS: ikeep mount option is deprecated.
[   29.583675] XFS (loop2): log I/O error -5
[   29.583685] XFS (loop2): Filesystem has been shut down due to log error (0x2).
[   29.583694] XFS (loop2): Please unmount the filesystem and rectify the problem(s).
[   29.583833] XFS (loop2): Quotacheck: Unsuccessful (Error -5): Disabling quotas.
[   29.583876] xfs filesystem being mounted at /root/syzkaller.3PwG4C/1/file0 supports timestamps until 2038 (0x7fffffff)
[   29.585140] XFS (loop2): Unmounting Filesystem
[   29.608076] XFS (loop4): DAX unsupported by block device. Turning off DAX.
[   29.608170] XFS (loop4): Mounting V4 Filesystem
[   29.608403] XFS (loop4): totally zeroed log
[   29.608585] XFS (loop4): Ending clean mount
[   29.608750] XFS (loop4): Quotacheck needed: Please wait.
[   29.613408] XFS (loop4): log I/O error -5
[   29.613419] XFS (loop4): Filesystem has been shut down due to log error (0x2).
[   29.613425] XFS (loop4): Please unmount the filesystem and rectify the problem(s).
[   29.613544] XFS (loop4): Quotacheck: Unsuccessful (Error -5): Disabling quotas.
[   29.613587] xfs filesystem being mounted at /root/syzkaller.8eU0VY/1/file0 supports timestamps until 2038 (0x7fffffff)
[   29.614917] XFS (loop4): Unmounting Filesystem
[   29.627796] XFS (loop0): DAX unsupported by block device. Turning off DAX.
[   29.628407] XFS (loop0): Mounting V4 Filesystem
[   29.644402] XFS (loop1): DAX unsupported by block device. Turning off DAX.
[   29.644501] XFS (loop1): Mounting V4 Filesystem
[   29.650312] XFS (loop7): DAX unsupported by block device. Turning off DAX.
[   29.650401] XFS (loop7): Mounting V4 Filesystem
[   29.656556] XFS (loop0): totally zeroed log
[   29.656737] XFS (loop0): Ending clean mount
[   29.656884] XFS (loop0): Quotacheck needed: Please wait.
[   29.660581] XFS (loop0): log I/O error -5
[   29.660592] XFS (loop0): Filesystem has been shut down due to log error (0x2).
[   29.660598] XFS (loop0): Please unmount the filesystem and rectify the problem(s).
[   29.660713] XFS (loop0): Quotacheck: Unsuccessful (Error -5): Disabling quotas.
[   29.660758] xfs filesystem being mounted at /root/syzkaller.S9BHRr/1/file0 supports timestamps until 2038 (0x7fffffff)
[   29.661562] XFS (loop0): Unmounting Filesystem
[   29.679008] XFS (loop7): totally zeroed log
[   29.679310] XFS (loop7): Ending clean mount
[   29.679526] XFS (loop7): Quotacheck needed: Please wait.
[   29.693425] XFS (loop1): totally zeroed log
[   29.694045] XFS (loop1): Ending clean mount
[   29.694193] XFS (loop1): Quotacheck needed: Please wait.
[   29.696671] XFS (loop7): log I/O error -5
[   29.696680] XFS (loop7): Filesystem has been shut down due to log error (0x2).
[   29.696686] XFS (loop7): Please unmount the filesystem and rectify the problem(s).
[   29.696797] XFS (loop7): Quotacheck: Unsuccessful (Error -5): Disabling quotas.
[   29.696845] xfs filesystem being mounted at /root/syzkaller.imlAVd/1/file0 supports timestamps until 2038 (0x7fffffff)
[   29.698706] XFS (loop7): Unmounting Filesystem
[   29.704348] loop6: detected capacity change from 0 to 65536
[   29.704517] XFS: ikeep mount option is deprecated.
[   29.709151] XFS (loop1): log I/O error -5
[   29.709161] XFS (loop1): Filesystem has been shut down due to log error (0x2).
[   29.709167] XFS (loop1): Please unmount the filesystem and rectify the problem(s).
[   29.709289] XFS (loop1): Quotacheck: Unsuccessful (Error -5): Disabling quotas.
[   29.709334] xfs filesystem being mounted at /root/syzkaller.E6Eimy/1/file0 supports timestamps until 2038 (0x7fffffff)
[   29.710396] XFS (loop1): Unmounting Filesystem
[   29.761202] XFS (loop6): DAX unsupported by block device. Turning off DAX.
[   29.761297] XFS (loop6): Mounting V4 Filesystem
[   29.833369] XFS (loop6): totally zeroed log
[   29.833556] XFS (loop6): Ending clean mount
[   29.833715] XFS (loop6): Quotacheck needed: Please wait.
[   29.835436] XFS (loop6): log I/O error -5
[   29.835446] XFS (loop6): Filesystem has been shut down due to log error (0x2).
[   29.835451] XFS (loop6): Please unmount the filesystem and rectify the problem(s).
[   29.835574] XFS (loop6): Quotacheck: Unsuccessful (Error -5): Disabling quotas.
[   29.835615] xfs filesystem being mounted at /root/syzkaller.xhVdU7/1/file0 supports timestamps until 2038 (0x7fffffff)
[   29.837980] XFS (loop6): Unmounting Filesystem
[   29.865866] loop5: detected capacity change from 0 to 65536
[   29.866037] XFS: ikeep mount option is deprecated.
[   29.895998] XFS (loop5): DAX unsupported by block device. Turning off DAX.
[   29.896088] XFS (loop5): Mounting V4 Filesystem
[   29.944606] XFS (loop5): totally zeroed log
[   29.944823] XFS (loop5): Ending clean mount
[   29.944991] XFS (loop5): Quotacheck needed: Please wait.
[   29.948486] XFS (loop5): log I/O error -5
[   29.948496] XFS (loop5): Filesystem has been shut down due to log error (0x2).
[   29.948502] XFS (loop5): Please unmount the filesystem and rectify the problem(s).
[   29.948616] XFS (loop5): Quotacheck: Unsuccessful (Error -5): Disabling quotas.
[   29.948678] xfs filesystem being mounted at /root/syzkaller.BcQCn5/2/file0 supports timestamps until 2038 (0x7fffffff)
[   29.955365] XFS (loop5): Unmounting Filesystem
[   30.201490] loop4: detected capacity change from 0 to 65536
[   30.201682] XFS: ikeep mount option is deprecated.
[   30.210504] loop3: detected capacity change from 0 to 65536
[   30.213883] XFS: ikeep mount option is deprecated.
[   30.236513] XFS (loop4): DAX unsupported by block device. Turning off DAX.
[   30.236634] XFS (loop4): Mounting V4 Filesystem
[   30.245259] XFS (loop3): DAX unsupported by block device. Turning off DAX.
[   30.245357] XFS (loop3): Mounting V4 Filesystem
[   30.250950] loop6: detected capacity change from 0 to 65536
[   30.251671] XFS: ikeep mount option is deprecated.
[   30.252019] XFS (loop3): totally zeroed log
[   30.252097] XFS (loop4): totally zeroed log
[   30.252435] XFS (loop3): Ending clean mount
[   30.252550] XFS (loop4): Ending clean mount
[   30.252718] XFS (loop4): Quotacheck needed: Please wait.
[   30.254348] XFS (loop3): Quotacheck needed: Please wait.
[   30.257717] XFS (loop4): log I/O error -5
[   30.257728] XFS (loop4): Filesystem has been shut down due to log error (0x2).
[   30.257738] XFS (loop4): Please unmount the filesystem and rectify the problem(s).
[   30.257859] XFS (loop4): Quotacheck: Unsuccessful (Error -5): Disabling quotas.
[   30.257910] xfs filesystem being mounted at /root/syzkaller.8eU0VY/2/file0 supports timestamps until 2038 (0x7fffffff)
[   30.259117] XFS (loop4): Unmounting Filesystem
[   30.266611] XFS (loop3): log I/O error -5
[   30.266622] XFS (loop3): Filesystem has been shut down due to log error (0x2).
[   30.266628] XFS (loop3): Please unmount the filesystem and rectify the problem(s).
[   30.266743] XFS (loop3): Quotacheck: Unsuccessful (Error -5): Disabling quotas.
[   30.266795] xfs filesystem being mounted at /root/syzkaller.wjt94G/2/file0 supports timestamps until 2038 (0x7fffffff)
[   30.271160] XFS (loop3): Unmounting Filesystem
[   30.303062] loop2: detected capacity change from 0 to 65536
[   30.303245] XFS: ikeep mount option is deprecated.
[   30.312235] XFS (loop6): DAX unsupported by block device. Turning off DAX.
[   30.312368] XFS (loop6): Mounting V4 Filesystem
[   30.312586] XFS (loop6): totally zeroed log
[   30.312774] XFS (loop6): Ending clean mount
[   30.312947] XFS (loop6): Quotacheck needed: Please wait.
[   30.317833] XFS (loop6): log I/O error -5
[   30.317843] XFS (loop6): Filesystem has been shut down due to log error (0x2).
[   30.317849] XFS (loop6): Please unmount the filesystem and rectify the problem(s).
[   30.318234] XFS (loop6): Quotacheck: Unsuccessful (Error -5): Disabling quotas.
[   30.318276] xfs filesystem being mounted at /root/syzkaller.xhVdU7/2/file0 supports timestamps until 2038 (0x7fffffff)
[   30.319476] XFS (loop6): Unmounting Filesystem
[   30.326736] XFS (loop2): DAX unsupported by block device. Turning off DAX.
[   30.332393] XFS (loop2): Mounting V4 Filesystem
[   30.340689] loop1: detected capacity change from 0 to 65536
[   30.340862] XFS: ikeep mount option is deprecated.
[   30.356482] loop0: detected capacity change from 0 to 65536
[   30.357725] XFS: ikeep mount option is deprecated.
[   30.393052] XFS (loop1): DAX unsupported by block device. Turning off DAX.
[   30.393730] XFS (loop1): Mounting V4 Filesystem
[   30.399822] XFS (loop2): totally zeroed log
[   30.400032] XFS (loop2): Ending clean mount
[   30.400212] XFS (loop2): Quotacheck needed: Please wait.
[   30.402467] XFS (loop2): log I/O error -5
[   30.402492] XFS (loop2): Filesystem has been shut down due to log error (0x2).
[   30.402498] XFS (loop2): Please unmount the filesystem and rectify the problem(s).
[   30.402614] XFS (loop2): Quotacheck: Unsuccessful (Error -5): Disabling quotas.
[   30.402682] xfs filesystem being mounted at /root/syzkaller.3PwG4C/2/file0 supports timestamps until 2038 (0x7fffffff)
[   30.406390] XFS (loop2): Unmounting Filesystem
[   30.408323] XFS (loop1): totally zeroed log
[   30.408904] XFS (loop1): Ending clean mount
[   30.409089] XFS (loop1): Quotacheck needed: Please wait.
[   30.410611] XFS (loop1): log I/O error -5
[   30.410621] XFS (loop1): Filesystem has been shut down due to log error (0x2).
[   30.410626] XFS (loop1): Please unmount the filesystem and rectify the problem(s).
[   30.410746] XFS (loop1): Quotacheck: Unsuccessful (Error -5): Disabling quotas.
[   30.410790] xfs filesystem being mounted at /root/syzkaller.E6Eimy/2/file0 supports timestamps until 2038 (0x7fffffff)
[   30.412228] XFS (loop1): Unmounting Filesystem
[   30.427975] XFS (loop0): DAX unsupported by block device. Turning off DAX.
[   30.428105] XFS (loop0): Mounting V4 Filesystem
[   30.442219] loop5: detected capacity change from 0 to 65536
[   30.442393] XFS: ikeep mount option is deprecated.
[   30.450132] loop7: detected capacity change from 0 to 65536
[   30.450296] XFS: ikeep mount option is deprecated.
[   30.463208] XFS (loop0): totally zeroed log
[   30.463400] XFS (loop0): Ending clean mount
[   30.463961] XFS (loop0): Quotacheck needed: Please wait.
[   30.466547] XFS (loop0): log I/O error -5
[   30.466557] XFS (loop0): Filesystem has been shut down due to log error (0x2).
[   30.466572] XFS (loop0): Please unmount the filesystem and rectify the problem(s).
[   30.466689] XFS (loop0): Quotacheck: Unsuccessful (Error -5): Disabling quotas.
[   30.466733] xfs filesystem being mounted at /root/syzkaller.S9BHRr/2/file0 supports timestamps until 2038 (0x7fffffff)
[   30.470712] XFS (loop0): Unmounting Filesystem
[   30.496709] XFS (loop7): DAX unsupported by block device. Turning off DAX.
[   30.496818] XFS (loop7): Mounting V4 Filesystem
[   30.519801] XFS (loop5): DAX unsupported by block device. Turning off DAX.
[   30.519893] XFS (loop5): Mounting V4 Filesystem
[   30.524406] XFS (loop7): totally zeroed log
[   30.525585] XFS (loop7): Ending clean mount
[   30.525757] XFS (loop7): Quotacheck needed: Please wait.
[   30.528600] XFS (loop7): log I/O error -5
[   30.528610] XFS (loop7): Filesystem has been shut down due to log error (0x2).
[   30.528615] XFS (loop7): Please unmount the filesystem and rectify the problem(s).
[   30.528734] XFS (loop7): Quotacheck: Unsuccessful (Error -5): Disabling quotas.
[   30.528775] xfs filesystem being mounted at /root/syzkaller.imlAVd/2/file0 supports timestamps until 2038 (0x7fffffff)
[   30.529771] XFS (loop7): Unmounting Filesystem
[   30.558109] XFS (loop5): totally zeroed log
[   30.558287] XFS (loop5): Ending clean mount
[   30.558436] XFS (loop5): Quotacheck needed: Please wait.
[   30.561209] XFS (loop5): log I/O error -5
[   30.561219] XFS (loop5): Filesystem has been shut down due to log error (0x2).
[   30.561224] XFS (loop5): Please unmount the filesystem and rectify the problem(s).
[   30.561338] XFS (loop5): Quotacheck: Unsuccessful (Error -5): Disabling quotas.
[   30.561383] xfs filesystem being mounted at /root/syzkaller.BcQCn5/3/file0 supports timestamps until 2038 (0x7fffffff)
[   30.562432] XFS (loop5): Unmounting Filesystem
[   30.751795] loop1: detected capacity change from 0 to 65536
[   30.751941] XFS: ikeep mount option is deprecated.
[   30.791517] XFS (loop1): DAX unsupported by block device. Turning off DAX.
[   30.791618] XFS (loop1): Mounting V4 Filesystem
[   30.812809] XFS (loop1): totally zeroed log
[   30.813032] XFS (loop1): Ending clean mount
[   30.813207] XFS (loop1): Quotacheck needed: Please wait.
[   30.815636] XFS (loop1): log I/O error -5
[   30.815665] XFS (loop1): Filesystem has been shut down due to log error (0x2).
[   30.815672] XFS (loop1): Please unmount the filesystem and rectify the problem(s).
[   30.815804] XFS (loop1): Quotacheck: Unsuccessful (Error -5): Disabling quotas.
[   30.815853] xfs filesystem being mounted at /root/syzkaller.E6Eimy/3/file0 supports timestamps until 2038 (0x7fffffff)
[   30.818128] XFS (loop1): Unmounting Filesystem
[   30.871374] loop6: detected capacity change from 0 to 65536
[   30.871554] XFS: ikeep mount option is deprecated.
[   30.906970] XFS (loop6): DAX unsupported by block device. Turning off DAX.
[   30.907480] XFS (loop6): Mounting V4 Filesystem
[   30.932192] loop3: detected capacity change from 0 to 65536
[   30.932369] XFS: ikeep mount option is deprecated.
[   30.943240] XFS (loop6): totally zeroed log
[   30.943446] XFS (loop6): Ending clean mount
[   30.943657] XFS (loop6): Quotacheck needed: Please wait.
[   30.945915] XFS (loop6): log I/O error -5
[   30.945925] XFS (loop6): Filesystem has been shut down due to log error (0x2).
[   30.945930] XFS (loop6): Please unmount the filesystem and rectify the problem(s).
[   30.946097] XFS (loop6): Quotacheck: Unsuccessful (Error -5): Disabling quotas.
[   30.946144] xfs filesystem being mounted at /root/syzkaller.xhVdU7/3/file0 supports timestamps until 2038 (0x7fffffff)
[   30.955273] XFS (loop6): Unmounting Filesystem
[   30.962715] loop4: detected capacity change from 0 to 65536
[   30.962880] XFS: ikeep mount option is deprecated.
[   31.011264] XFS (loop3): DAX unsupported by block device. Turning off DAX.
[   31.011357] XFS (loop3): Mounting V4 Filesystem
[   31.030142] loop2: detected capacity change from 0 to 65536
[   31.030316] XFS: ikeep mount option is deprecated.
[   31.036024] XFS (loop4): DAX unsupported by block device. Turning off DAX.
[   31.036121] XFS (loop4): Mounting V4 Filesystem
[   31.037600] XFS (loop3): totally zeroed log
[   31.037766] XFS (loop3): Ending clean mount
[   31.037919] XFS (loop3): Quotacheck needed: Please wait.
[   31.040866] XFS (loop3): log I/O error -5
[   31.040875] XFS (loop3): Filesystem has been shut down due to log error (0x2).
[   31.040881] XFS (loop3): Please unmount the filesystem and rectify the problem(s).
[   31.040999] XFS (loop3): Quotacheck: Unsuccessful (Error -5): Disabling quotas.
[   31.041041] xfs filesystem being mounted at /root/syzkaller.wjt94G/3/file0 supports timestamps until 2038 (0x7fffffff)
[   31.049317] XFS (loop3): Unmounting Filesystem
[   31.069986] loop0: detected capacity change from 0 to 65536
[   31.070151] XFS: ikeep mount option is deprecated.
[   31.102855] XFS (loop4): totally zeroed log
[   31.103398] XFS (loop4): Ending clean mount
[   31.103598] XFS (loop4): Quotacheck needed: Please wait.
[   31.106376] XFS (loop4): log I/O error -5
[   31.106387] XFS (loop4): Filesystem has been shut down due to log error (0x2).
[   31.106392] XFS (loop4): Please unmount the filesystem and rectify the problem(s).
[   31.106505] XFS (loop4): Quotacheck: Unsuccessful (Error -5): Disabling quotas.
[   31.106555] xfs filesystem being mounted at /root/syzkaller.8eU0VY/3/file0 supports timestamps until 2038 (0x7fffffff)
[   31.108465] XFS (loop4): Unmounting Filesystem
[   31.118437] XFS (loop2): DAX unsupported by block device. Turning off DAX.
[   31.118528] XFS (loop2): Mounting V4 Filesystem
[   31.124990] XFS (loop0): DAX unsupported by block device. Turning off DAX.
[   31.125085] XFS (loop0): Mounting V4 Filesystem
[   31.139781] loop7: detected capacity change from 0 to 65536
[   31.139950] XFS: ikeep mount option is deprecated.
[   31.140874] XFS (loop2): totally zeroed log
[   31.141046] XFS (loop2): Ending clean mount
[   31.141199] XFS (loop2): Quotacheck needed: Please wait.
[   31.142828] XFS (loop2): log I/O error -5
[   31.142838] XFS (loop2): Filesystem has been shut down due to log error (0x2).
[   31.142846] XFS (loop2): Please unmount the filesystem and rectify the problem(s).
[   31.142964] XFS (loop2): Quotacheck: Unsuccessful (Error -5): Disabling quotas.
[   31.143105] xfs filesystem being mounted at /root/syzkaller.3PwG4C/3/file0 supports timestamps until 2038 (0x7fffffff)
[   31.144525] XFS (loop2): Unmounting Filesystem
[   31.181974] XFS (loop0): totally zeroed log
[   31.182200] XFS (loop0): Ending clean mount
[   31.182376] XFS (loop0): Quotacheck needed: Please wait.
[   31.183920] XFS (loop0): log I/O error -5
[   31.183930] XFS (loop0): Filesystem has been shut down due to log error (0x2).
[   31.183936] XFS (loop0): Please unmount the filesystem and rectify the problem(s).
[   31.184085] XFS (loop0): Quotacheck: Unsuccessful (Error -5): Disabling quotas.
[   31.184131] xfs filesystem being mounted at /root/syzkaller.S9BHRr/3/file0 supports timestamps until 2038 (0x7fffffff)
[   31.185372] XFS (loop0): Unmounting Filesystem
[   31.232654] XFS (loop7): DAX unsupported by block device. Turning off DAX.
[   31.232746] XFS (loop7): Mounting V4 Filesystem
[   31.241066] loop5: detected capacity change from 0 to 65536
[   31.241226] XFS: ikeep mount option is deprecated.
[   31.275068] XFS (loop7): totally zeroed log
[   31.275276] XFS (loop7): Ending clean mount
[   31.275441] XFS (loop7): Quotacheck needed: Please wait.
[   31.277011] XFS (loop7): log I/O error -5
[   31.277020] XFS (loop7): Filesystem has been shut down due to log error (0x2).
[   31.277026] XFS (loop7): Please unmount the filesystem and rectify the problem(s).
[   31.277138] XFS (loop7): Quotacheck: Unsuccessful (Error -5): Disabling quotas.
[   31.277178] xfs filesystem being mounted at /root/syzkaller.imlAVd/3/file0 supports timestamps until 2038 (0x7fffffff)
[   31.278632] XFS (loop7): Unmounting Filesystem
[   31.300534] loop1: detected capacity change from 0 to 65536
[   31.300699] XFS: ikeep mount option is deprecated.
[   31.321724] XFS (loop5): DAX unsupported by block device. Turning off DAX.
[   31.321832] XFS (loop5): Mounting V4 Filesystem
[   31.355246] XFS (loop1): DAX unsupported by block device. Turning off DAX.
[   31.355342] XFS (loop1): Mounting V4 Filesystem
[   31.355466] XFS (loop5): totally zeroed log
[   31.355663] XFS (loop5): Ending clean mount
[   31.355864] XFS (loop5): Quotacheck needed: Please wait.
[   31.358159] XFS (loop5): log I/O error -5
[   31.358169] XFS (loop5): Filesystem has been shut down due to log error (0x2).
[   31.358175] XFS (loop5): Please unmount the filesystem and rectify the problem(s).
[   31.358315] XFS (loop5): Quotacheck: Unsuccessful (Error -5): Disabling quotas.
[   31.358362] xfs filesystem being mounted at /root/syzkaller.BcQCn5/4/file0 supports timestamps until 2038 (0x7fffffff)
[   31.360659] XFS (loop5): Unmounting Filesystem
[   31.382924] XFS (loop1): totally zeroed log
[   31.383385] XFS (loop1): Ending clean mount
[   31.383547] XFS (loop1): Quotacheck needed: Please wait.
[   31.388987] XFS (loop1): log I/O error -5
[   31.388997] XFS (loop1): Filesystem has been shut down due to log error (0x2).
[   31.389003] XFS (loop1): Please unmount the filesystem and rectify the problem(s).
[   31.389106] XFS (loop1): Quotacheck: Unsuccessful (Error -5): Disabling quotas.
[   31.389152] xfs filesystem being mounted at /root/syzkaller.E6Eimy/4/file0 supports timestamps until 2038 (0x7fffffff)
[   31.390340] XFS (loop1): Unmounting Filesystem
[   31.541407] loop3: detected capacity change from 0 to 65536
[   31.541561] XFS: ikeep mount option is deprecated.
[   31.589610] XFS (loop3): DAX unsupported by block device. Turning off DAX.
[   31.589704] XFS (loop3): Mounting V4 Filesystem
[   31.599798] loop4: detected capacity change from 0 to 65536
[   31.599948] XFS: ikeep mount option is deprecated.
[   31.631017] XFS (loop3): totally zeroed log
[   31.631227] XFS (loop3): Ending clean mount
[   31.631397] XFS (loop3): Quotacheck needed: Please wait.
[   31.634231] XFS (loop3): log I/O error -5
[   31.634240] XFS (loop3): Filesystem has been shut down due to log error (0x2).
[   31.634246] XFS (loop3): Please unmount the filesystem and rectify the problem(s).
[   31.634363] XFS (loop3): Quotacheck: Unsuccessful (Error -5): Disabling quotas.
[   31.634407] xfs filesystem being mounted at /root/syzkaller.wjt94G/4/file0 supports timestamps until 2038 (0x7fffffff)
[   31.637450] XFS (loop3): Unmounting Filesystem
[   31.658172] XFS (loop4): DAX unsupported by block device. Turning off DAX.
[   31.658264] XFS (loop4): Mounting V4 Filesystem
[   31.688530] XFS (loop4): totally zeroed log
[   31.688735] XFS (loop4): Ending clean mount
[   31.688905] XFS (loop4): Quotacheck needed: Please wait.
[   31.692123] XFS (loop4): log I/O error -5
[   31.692133] XFS (loop4): Filesystem has been shut down due to log error (0x2).
[   31.692139] XFS (loop4): Please unmount the filesystem and rectify the problem(s).
[   31.692247] XFS (loop4): Quotacheck: Unsuccessful (Error -5): Disabling quotas.
[   31.692287] xfs filesystem being mounted at /root/syzkaller.8eU0VY/4/file0 supports timestamps until 2038 (0x7fffffff)
[   31.696083] XFS (loop4): Unmounting Filesystem
[   31.704214] loop5: detected capacity change from 0 to 65536
[   31.704373] XFS: ikeep mount option is deprecated.
[   31.730883] XFS (loop5): DAX unsupported by block device. Turning off DAX.
[   31.731013] XFS (loop5): Mounting V4 Filesystem
[   31.753486] XFS (loop5): totally zeroed log
[   31.753709] XFS (loop5): Ending clean mount
[   31.753873] XFS (loop5): Quotacheck needed: Please wait.
[   31.756919] XFS (loop5): log I/O error -5
[   31.756929] XFS (loop5): Filesystem has been shut down due to log error (0x2).
[   31.756935] XFS (loop5): Please unmount the filesystem and rectify the problem(s).
[   31.757049] XFS (loop5): Quotacheck: Unsuccessful (Error -5): Disabling quotas.
[   31.757088] xfs filesystem being mounted at /root/syzkaller.BcQCn5/5/file0 supports timestamps until 2038 (0x7fffffff)
[   31.763626] XFS (loop5): Unmounting Filesystem
[   31.776661] loop6: detected capacity change from 0 to 65536
[   31.776826] XFS: ikeep mount option is deprecated.
[   31.823573] XFS (loop6): DAX unsupported by block device. Turning off DAX.
[   31.823691] XFS (loop6): Mounting V4 Filesystem
[   31.828549] loop1: detected capacity change from 0 to 65536
[   31.830880] XFS: ikeep mount option is deprecated.
[   31.842642] XFS (loop6): totally zeroed log
[   31.842835] XFS (loop6): Ending clean mount
[   31.843028] XFS (loop6): Quotacheck needed: Please wait.
[   31.845049] XFS (loop6): log I/O error -5
[   31.845059] XFS (loop6): Filesystem has been shut down due to log error (0x2).
[   31.845065] XFS (loop6): Please unmount the filesystem and rectify the problem(s).
[   31.845175] XFS (loop6): Quotacheck: Unsuccessful (Error -5): Disabling quotas.
[   31.845217] xfs filesystem being mounted at /root/syzkaller.xhVdU7/4/file0 supports timestamps until 2038 (0x7fffffff)
[   31.846229] XFS (loop6): Unmounting Filesystem
[   31.865772] XFS (loop1): DAX unsupported by block device. Turning off DAX.
[   31.865887] XFS (loop1): Mounting V4 Filesystem
[   31.873040] XFS (loop1): totally zeroed log
[   31.873242] XFS (loop1): Ending clean mount
[   31.873392] XFS (loop1): Quotacheck needed: Please wait.
[   31.874910] XFS (loop1): log I/O error -5
[   31.874920] XFS (loop1): Filesystem has been shut down due to log error (0x2).
[   31.874925] XFS (loop1): Please unmount the filesystem and rectify the problem(s).
[   31.875060] XFS (loop1): Quotacheck: Unsuccessful (Error -5): Disabling quotas.
[   31.875101] xfs filesystem being mounted at /root/syzkaller.E6Eimy/5/file0 supports timestamps until 2038 (0x7fffffff)
[   31.877017] XFS (loop1): Unmounting Filesystem
[   31.896811] loop2: detected capacity change from 0 to 65536
[   31.896956] XFS: ikeep mount option is deprecated.
[   31.945245] loop4: detected capacity change from 0 to 65536
[   31.945440] XFS: ikeep mount option is deprecated.
[   31.980506] XFS (loop2): DAX unsupported by block device. Turning off DAX.
[   31.980608] XFS (loop2): Mounting V4 Filesystem
[   31.990854] loop0: detected capacity change from 0 to 65536
[   31.991461] XFS: ikeep mount option is deprecated.
[   32.012821] XFS (loop2): totally zeroed log
[   32.013008] XFS (loop2): Ending clean mount
[   32.013167] XFS (loop2): Quotacheck needed: Please wait.
[   32.015975] XFS (loop2): log I/O error -5
[   32.015985] XFS (loop2): Filesystem has been shut down due to log error (0x2).
[   32.015993] XFS (loop2): Please unmount the filesystem and rectify the problem(s).
[   32.016150] XFS (loop4): DAX unsupported by block device. Turning off DAX.
[   32.016160] XFS (loop2): Quotacheck: Unsuccessful (Error -5): Disabling quotas.
[   32.016207] xfs filesystem being mounted at /root/syzkaller.3PwG4C/4/file0 supports timestamps until 2038 (0x7fffffff)
[   32.019362] XFS (loop4): Mounting V4 Filesystem
[   32.019883] XFS (loop2): Unmounting Filesystem
[   32.042263] XFS (loop0): DAX unsupported by block device. Turning off DAX.
[   32.042361] XFS (loop0): Mounting V4 Filesystem
[   32.056983] XFS (loop4): totally zeroed log
[   32.057194] XFS (loop4): Ending clean mount
[   32.057361] XFS (loop4): Quotacheck needed: Please wait.
[   32.060829] XFS (loop4): log I/O error -5
[   32.060840] XFS (loop4): Filesystem has been shut down due to log error (0x2).
[   32.060845] XFS (loop4): Please unmount the filesystem and rectify the problem(s).
[   32.060964] XFS (loop4): Quotacheck: Unsuccessful (Error -5): Disabling quotas.
[   32.061011] xfs filesystem being mounted at /root/syzkaller.8eU0VY/5/file0 supports timestamps until 2038 (0x7fffffff)
[   32.063313] XFS (loop4): Unmounting Filesystem
[   32.077778] loop7: detected capacity change from 0 to 65536
[   32.077955] XFS: ikeep mount option is deprecated.
[   32.088103] XFS (loop0): totally zeroed log
[   32.088333] XFS (loop0): Ending clean mount
[   32.088522] XFS (loop0): Quotacheck needed: Please wait.
[   32.090223] XFS (loop0): log I/O error -5
[   32.090232] XFS (loop0): Filesystem has been shut down due to log error (0x2).
[   32.090238] XFS (loop0): Please unmount the filesystem and rectify the problem(s).
[   32.090359] XFS (loop0): Quotacheck: Unsuccessful (Error -5): Disabling quotas.
[   32.090399] xfs filesystem being mounted at /root/syzkaller.S9BHRr/4/file0 supports timestamps until 2038 (0x7fffffff)
[   32.095308] XFS (loop0): Unmounting Filesystem
[   32.175220] XFS (loop7): DAX unsupported by block device. Turning off DAX.
[   32.175346] XFS (loop7): Mounting V4 Filesystem
[   32.179508] loop1: detected capacity change from 0 to 65536
[   32.179695] XFS: ikeep mount option is deprecated.
[   32.208321] XFS (loop7): totally zeroed log
[   32.208517] XFS (loop7): Ending clean mount
[   32.208685] XFS (loop7): Quotacheck needed: Please wait.
[   32.210410] XFS (loop7): log I/O error -5
[   32.210420] XFS (loop7): Filesystem has been shut down due to log error (0x2).
[   32.210425] XFS (loop7): Please unmount the filesystem and rectify the problem(s).
[   32.210545] XFS (loop7): Quotacheck: Unsuccessful (Error -5): Disabling quotas.
[   32.210588] xfs filesystem being mounted at /root/syzkaller.imlAVd/4/file0 supports timestamps until 2038 (0x7fffffff)
[   32.217260] XFS (loop7): Unmounting Filesystem
[   32.244269] XFS (loop1): DAX unsupported by block device. Turning off DAX.
[   32.244383] XFS (loop1): Mounting V4 Filesystem
[   32.270680] loop3: detected capacity change from 0 to 65536
[   32.270851] XFS: ikeep mount option is deprecated.
[   32.279088] XFS (loop1): totally zeroed log
[   32.279374] XFS (loop1): Ending clean mount
[   32.279547] XFS (loop1): Quotacheck needed: Please wait.
[   32.281872] XFS (loop1): log I/O error -5
[   32.281882] XFS (loop1): Filesystem has been shut down due to log error (0x2).
[   32.281888] XFS (loop1): Please unmount the filesystem and rectify the problem(s).
[   32.282008] XFS (loop1): Quotacheck: Unsuccessful (Error -5): Disabling quotas.
[   32.282055] xfs filesystem being mounted at /root/syzkaller.E6Eimy/6/file0 supports timestamps until 2038 (0x7fffffff)
[   32.286019] XFS (loop1): Unmounting Filesystem
[   32.321463] XFS (loop3): DAX unsupported by block device. Turning off DAX.
[   32.321561] XFS (loop3): Mounting V4 Filesystem
[   32.351747] XFS (loop3): totally zeroed log
[   32.351993] XFS (loop3): Ending clean mount
[   32.352169] XFS (loop3): Quotacheck needed: Please wait.
[   32.354869] XFS (loop3): log I/O error -5
[   32.354879] XFS (loop3): Filesystem has been shut down due to log error (0x2).
[   32.354897] XFS (loop3): Please unmount the filesystem and rectify the problem(s).
[   32.356426] XFS (loop3): Quotacheck: Unsuccessful (Error -5): Disabling quotas.
[   32.356469] xfs filesystem being mounted at /root/syzkaller.wjt94G/5/file0 supports timestamps until 2038 (0x7fffffff)
[   32.357743] XFS (loop3): Unmounting Filesystem
[   32.541614] loop4: detected capacity change from 0 to 65536
[   32.541777] XFS: ikeep mount option is deprecated.
[   32.582805] XFS (loop4): DAX unsupported by block device. Turning off DAX.
[   32.582900] XFS (loop4): Mounting V4 Filesystem
[   32.604948] XFS (loop4): totally zeroed log
[   32.605164] XFS (loop4): Ending clean mount
[   32.605326] XFS (loop4): Quotacheck needed: Please wait.
[   32.608620] XFS (loop4): log I/O error -5
[   32.608630] XFS (loop4): Filesystem has been shut down due to log error (0x2).
[   32.608636] XFS (loop4): Please unmount the filesystem and rectify the problem(s).
[   32.608743] XFS (loop4): Quotacheck: Unsuccessful (Error -5): Disabling quotas.
[   32.608791] xfs filesystem being mounted at /root/syzkaller.8eU0VY/6/file0 supports timestamps until 2038 (0x7fffffff)
[   32.609983] XFS (loop4): Unmounting Filesystem
[   32.667344] loop5: detected capacity change from 0 to 65536
[   32.667526] XFS: ikeep mount option is deprecated.
[   32.680447] loop6: detected capacity change from 0 to 65536
[   32.680623] XFS: ikeep mount option is deprecated.
[   32.714893] XFS (loop5): DAX unsupported by block device. Turning off DAX.
[   32.715010] XFS (loop5): Mounting V4 Filesystem
[   32.718399] loop2: detected capacity change from 0 to 65536
[   32.718580] XFS: ikeep mount option is deprecated.
[   32.738289] loop1: detected capacity change from 0 to 65536
[   32.738480] XFS: ikeep mount option is deprecated.
[   32.741172] loop7: detected capacity change from 0 to 65536
[   32.741328] XFS: ikeep mount option is deprecated.
[   32.741667] XFS (loop5): totally zeroed log
[   32.741904] XFS (loop5): Ending clean mount
[   32.742081] XFS (loop5): Quotacheck needed: Please wait.
[   32.745321] XFS (loop5): log I/O error -5
[   32.745332] XFS (loop5): Filesystem has been shut down due to log error (0x2).
[   32.745337] XFS (loop5): Please unmount the filesystem and rectify the problem(s).
[   32.745456] XFS (loop5): Quotacheck: Unsuccessful (Error -5): Disabling quotas.
[   32.745502] xfs filesystem being mounted at /root/syzkaller.BcQCn5/6/file0 supports timestamps until 2038 (0x7fffffff)
[   32.749604] XFS (loop5): Unmounting Filesystem
[   32.750833] XFS (loop6): DAX unsupported by block device. Turning off DAX.
[   32.750923] XFS (loop6): Mounting V4 Filesystem
[   32.788240] loop0: detected capacity change from 0 to 65536
[   32.788412] XFS: ikeep mount option is deprecated.
[   32.788806] XFS (loop6): totally zeroed log
[   32.788979] XFS (loop6): Ending clean mount
[   32.789134] XFS (loop6): Quotacheck needed: Please wait.
[   32.790710] XFS (loop6): log I/O error -5
[   32.790738] XFS (loop6): Filesystem has been shut down due to log error (0x2).
[   32.790744] XFS (loop6): Please unmount the filesystem and rectify the problem(s).
[   32.790883] XFS (loop6): Quotacheck: Unsuccessful (Error -5): Disabling quotas.
[   32.790924] xfs filesystem being mounted at /root/syzkaller.xhVdU7/5/file0 supports timestamps until 2038 (0x7fffffff)
[   32.792231] XFS (loop6): Unmounting Filesystem
[   32.794277] XFS (loop2): DAX unsupported by block device. Turning off DAX.
[   32.794625] XFS (loop2): Mounting V4 Filesystem
[   32.806439] XFS (loop7): DAX unsupported by block device. Turning off DAX.
[   32.806524] XFS (loop7): Mounting V4 Filesystem
[   32.809684] XFS (loop1): DAX unsupported by block device. Turning off DAX.
[   32.809773] XFS (loop1): Mounting V4 Filesystem
[   32.819031] XFS (loop2): totally zeroed log
[   32.823934] XFS (loop2): Ending clean mount
[   32.824096] XFS (loop2): Quotacheck needed: Please wait.
[   32.826290] XFS (loop2): log I/O error -5
[   32.826299] XFS (loop2): Filesystem has been shut down due to log error (0x2).
[   32.826305] XFS (loop2): Please unmount the filesystem and rectify the problem(s).
[   32.826430] XFS (loop2): Quotacheck: Unsuccessful (Error -5): Disabling quotas.
[   32.826474] xfs filesystem being mounted at /root/syzkaller.3PwG4C/5/file0 supports timestamps until 2038 (0x7fffffff)
[   32.829554] XFS (loop2): Unmounting Filesystem
[   32.834500] XFS (loop7): totally zeroed log
[   32.834613] XFS (loop0): DAX unsupported by block device. Turning off DAX.
[   32.834781] XFS (loop7): Ending clean mount
[   32.834882] XFS (loop0): Mounting V4 Filesystem
[   32.836643] XFS (loop7): Quotacheck needed: Please wait.
[   32.841049] XFS (loop7): log I/O error -5
[   32.841059] XFS (loop7): Filesystem has been shut down due to log error (0x2).
[   32.841065] XFS (loop7): Please unmount the filesystem and rectify the problem(s).
[   32.841180] XFS (loop7): Quotacheck: Unsuccessful (Error -5): Disabling quotas.
[   32.841225] xfs filesystem being mounted at /root/syzkaller.imlAVd/5/file0 supports timestamps until 2038 (0x7fffffff)
[   32.842112] XFS (loop7): Unmounting Filesystem
[   32.869034] XFS (loop1): totally zeroed log
[   32.869229] XFS (loop1): Ending clean mount
[   32.869413] XFS (loop1): Quotacheck needed: Please wait.
[   32.870876] XFS (loop1): log I/O error -5
[   32.870886] XFS (loop1): Filesystem has been shut down due to log error (0x2).
[   32.870892] XFS (loop1): Please unmount the filesystem and rectify the problem(s).
[   32.871032] XFS (loop1): Quotacheck: Unsuccessful (Error -5): Disabling quotas.
[   32.871074] xfs filesystem being mounted at /root/syzkaller.E6Eimy/7/file0 supports timestamps until 2038 (0x7fffffff)
[   32.873191] XFS (loop1): Unmounting Filesystem
[   32.927793] loop3: detected capacity change from 0 to 65536
[   32.927971] XFS: ikeep mount option is deprecated.
[   32.928099] XFS (loop0): totally zeroed log
[   32.928290] XFS (loop0): Ending clean mount
[   32.928445] XFS (loop0): Quotacheck needed: Please wait.
[   32.930007] XFS (loop0): log I/O error -5
[   32.930017] XFS (loop0): Filesystem has been shut down due to log error (0x2).
[   32.930023] XFS (loop0): Please unmount the filesystem and rectify the problem(s).
[   32.930135] XFS (loop0): Quotacheck: Unsuccessful (Error -5): Disabling quotas.
[   32.930177] xfs filesystem being mounted at /root/syzkaller.S9BHRr/5/file0 supports timestamps until 2038 (0x7fffffff)
[   32.930971] XFS (loop0): Unmounting Filesystem
[   33.004464] loop4: detected capacity change from 0 to 65536
[   33.004646] XFS: ikeep mount option is deprecated.
[   33.032296] XFS (loop3): DAX unsupported by block device. Turning off DAX.
[   33.032388] XFS (loop3): Mounting V4 Filesystem
[   33.053358] XFS (loop3): totally zeroed log
[   33.053563] XFS (loop3): Ending clean mount
[   33.053821] XFS (loop3): Quotacheck needed: Please wait.
[   33.057765] XFS (loop3): log I/O error -5
[   33.057776] XFS (loop3): Filesystem has been shut down due to log error (0x2).
[   33.057781] XFS (loop3): Please unmount the filesystem and rectify the problem(s).
[   33.057911] XFS (loop3): Quotacheck: Unsuccessful (Error -5): Disabling quotas.
[   33.057958] xfs filesystem being mounted at /root/syzkaller.wjt94G/6/file0 supports timestamps until 2038 (0x7fffffff)
[   33.063428] XFS (loop3): Unmounting Filesystem
[   33.103534] XFS (loop4): DAX unsupported by block device. Turning off DAX.
[   33.103635] XFS (loop4): Mounting V4 Filesystem
[   33.131093] XFS (loop4): totally zeroed log
[   33.131363] XFS (loop4): Ending clean mount
[   33.131587] XFS (loop4): Quotacheck needed: Please wait.
[   33.134667] XFS (loop4): log I/O error -5
[   33.134677] XFS (loop4): Filesystem has been shut down due to log error (0x2).
[   33.134682] XFS (loop4): Please unmount the filesystem and rectify the problem(s).
[   33.134795] XFS (loop4): Quotacheck: Unsuccessful (Error -5): Disabling quotas.
[   33.134837] xfs filesystem being mounted at /root/syzkaller.8eU0VY/7/file0 supports timestamps until 2038 (0x7fffffff)
[   33.135968] XFS (loop4): Unmounting Filesystem
[   33.337074] loop5: detected capacity change from 0 to 65536
[   33.337256] XFS: ikeep mount option is deprecated.
[   33.372822] loop7: detected capacity change from 0 to 65536
[   33.373007] XFS: ikeep mount option is deprecated.
[   33.374096] XFS (loop5): DAX unsupported by block device. Turning off DAX.
[   33.374193] XFS (loop5): Mounting V4 Filesystem
[   33.395354] XFS (loop5): totally zeroed log
[   33.395582] XFS (loop5): Ending clean mount
[   33.395760] XFS (loop5): Quotacheck needed: Please wait.
[   33.398129] XFS (loop5): log I/O error -5
[   33.398139] XFS (loop5): Filesystem has been shut down due to log error (0x2).
[   33.398145] XFS (loop5): Please unmount the filesystem and rectify the problem(s).
[   33.398299] XFS (loop5): Quotacheck: Unsuccessful (Error -5): Disabling quotas.
[   33.398347] xfs filesystem being mounted at /root/syzkaller.BcQCn5/7/file0 supports timestamps until 2038 (0x7fffffff)
[   33.402385] XFS (loop5): Unmounting Filesystem
[   33.453943] XFS (loop7): DAX unsupported by block device. Turning off DAX.
[   33.454045] XFS (loop7): Mounting V4 Filesystem
[   33.455350] loop1: detected capacity change from 0 to 65536
[   33.455529] XFS: ikeep mount option is deprecated.
[   33.462397] XFS (loop7): totally zeroed log
[   33.462602] XFS (loop7): Ending clean mount
[   33.462814] XFS (loop7): Quotacheck needed: Please wait.
[   33.465481] XFS (loop7): log I/O error -5
[   33.465491] XFS (loop7): Filesystem has been shut down due to log error (0x2).
[   33.465496] XFS (loop7): Please unmount the filesystem and rectify the problem(s).
[   33.465611] XFS (loop7): Quotacheck: Unsuccessful (Error -5): Disabling quotas.
[   33.465649] xfs filesystem being mounted at /root/syzkaller.imlAVd/6/file0 supports timestamps until 2038 (0x7fffffff)
[   33.469045] XFS (loop7): Unmounting Filesystem
[   33.502143] loop6: detected capacity change from 0 to 65536
[   33.502309] XFS: ikeep mount option is deprecated.
[   33.513628] loop2: detected capacity change from 0 to 65536
[   33.513787] XFS: ikeep mount option is deprecated.
[   33.520186] XFS (loop6): DAX unsupported by block device. Turning off DAX.
[   33.520275] XFS (loop6): Mounting V4 Filesystem
[   33.525533] XFS (loop1): DAX unsupported by block device. Turning off DAX.
[   33.525699] XFS (loop1): Mounting V4 Filesystem
[   33.531091] XFS (loop6): totally zeroed log
[   33.531290] XFS (loop6): Ending clean mount
[   33.531494] XFS (loop6): Quotacheck needed: Please wait.
[   33.534256] XFS (loop6): log I/O error -5
[   33.534265] XFS (loop6): Filesystem has been shut down due to log error (0x2).
[   33.534271] XFS (loop6): Please unmount the filesystem and rectify the problem(s).
[   33.534382] XFS (loop6): Quotacheck: Unsuccessful (Error -5): Disabling quotas.
[   33.534427] xfs filesystem being mounted at /root/syzkaller.xhVdU7/6/file0 supports timestamps until 2038 (0x7fffffff)
[   33.536391] XFS (loop6): Unmounting Filesystem
[   33.542841] XFS (loop2): DAX unsupported by block device. Turning off DAX.
[   33.542928] XFS (loop2): Mounting V4 Filesystem
[   33.583078] XFS (loop1): totally zeroed log
[   33.583399] XFS (loop1): Ending clean mount
[   33.583604] XFS (loop1): Quotacheck needed: Please wait.
[   33.585848] XFS (loop1): log I/O error -5
[   33.585858] XFS (loop1): Filesystem has been shut down due to log error (0x2).
[   33.585864] XFS (loop1): Please unmount the filesystem and rectify the problem(s).
[   33.586000] XFS (loop1): Quotacheck: Unsuccessful (Error -5): Disabling quotas.
[   33.586046] xfs filesystem being mounted at /root/syzkaller.E6Eimy/8/file0 supports timestamps until 2038 (0x7fffffff)
[   33.586843] XFS (loop1): Unmounting Filesystem
[   33.592489] loop0: detected capacity change from 0 to 65536
[   33.592641] XFS: ikeep mount option is deprecated.
[   33.599355] XFS (loop2): totally zeroed log
[   33.599528] XFS (loop2): Ending clean mount
[   33.599680] XFS (loop2): Quotacheck needed: Please wait.
[   33.602036] XFS (loop2): log I/O error -5
[   33.602046] XFS (loop2): Filesystem has been shut down due to log error (0x2).
[   33.602052] XFS (loop2): Please unmount the filesystem and rectify the problem(s).
[   33.602164] XFS (loop2): Quotacheck: Unsuccessful (Error -5): Disabling quotas.
[   33.602202] xfs filesystem being mounted at /root/syzkaller.3PwG4C/6/file0 supports timestamps until 2038 (0x7fffffff)
[   33.603130] XFS (loop2): Unmounting Filesystem
[   33.690857] loop3: detected capacity change from 0 to 65536
[   33.691073] XFS: ikeep mount option is deprecated.
[   33.714486] XFS (loop0): DAX unsupported by block device. Turning off DAX.
[   33.714577] XFS (loop0): Mounting V4 Filesystem
[   33.731176] loop4: detected capacity change from 0 to 65536
[   33.731326] XFS: ikeep mount option is deprecated.
[   33.747303] XFS (loop0): totally zeroed log
[   33.747387] XFS (loop3): DAX unsupported by block device. Turning off DAX.
[   33.747473] XFS (loop3): Mounting V4 Filesystem
[   33.747686] XFS (loop0): Ending clean mount
[   33.747855] XFS (loop0): Quotacheck needed: Please wait.
[   33.750077] XFS (loop0): log I/O error -5
[   33.750087] XFS (loop0): Filesystem has been shut down due to log error (0x2).
[   33.750093] XFS (loop0): Please unmount the filesystem and rectify the problem(s).
[   33.750228] XFS (loop0): Quotacheck: Unsuccessful (Error -5): Disabling quotas.
[   33.750273] xfs filesystem being mounted at /root/syzkaller.S9BHRr/6/file0 supports timestamps until 2038 (0x7fffffff)
[   33.751968] XFS (loop0): Unmounting Filesystem
[   33.792954] XFS (loop3): totally zeroed log
[   33.793099] XFS (loop4): DAX unsupported by block device. Turning off DAX.
[   33.793200] XFS (loop4): Mounting V4 Filesystem
[   33.795686] XFS (loop3): Ending clean mount
[   33.795878] XFS (loop3): Quotacheck needed: Please wait.
[   33.797469] XFS (loop3): log I/O error -5
[   33.797486] XFS (loop3): Filesystem has been shut down due to log error (0x2).
[   33.797492] XFS (loop3): Please unmount the filesystem and rectify the problem(s).
[   33.797608] XFS (loop3): Quotacheck: Unsuccessful (Error -5): Disabling quotas.
[   33.797655] xfs filesystem being mounted at /root/syzkaller.wjt94G/7/file0 supports timestamps until 2038 (0x7fffffff)
[   33.801523] XFS (loop3): Unmounting Filesystem
[   33.819362] XFS (loop4): totally zeroed log
[   33.819578] XFS (loop4): Ending clean mount
[   33.819761] XFS (loop4): Quotacheck needed: Please wait.
[   33.822475] XFS (loop4): log I/O error -5
[   33.822485] XFS (loop4): Filesystem has been shut down due to log error (0x2).
[   33.822491] XFS (loop4): Please unmount the filesystem and rectify the problem(s).
[   33.822598] XFS (loop4): Quotacheck: Unsuccessful (Error -5): Disabling quotas.
[   33.822639] xfs filesystem being mounted at /root/syzkaller.8eU0VY/8/file0 supports timestamps until 2038 (0x7fffffff)
[   33.825286] XFS (loop4): Unmounting Filesystem
[   33.966690] loop5: detected capacity change from 0 to 65536
[   33.966865] XFS: ikeep mount option is deprecated.
[   33.987590] loop7: detected capacity change from 0 to 65536
[   33.987726] XFS: ikeep mount option is deprecated.
[   34.011227] XFS (loop5): DAX unsupported by block device. Turning off DAX.
[   34.011324] XFS (loop5): Mounting V4 Filesystem
[   34.015176] XFS (loop7): DAX unsupported by block device. Turning off DAX.
[   34.015263] XFS (loop7): Mounting V4 Filesystem
[   34.027758] XFS (loop5): totally zeroed log
[   34.028000] XFS (loop5): Ending clean mount
