c[?7l[2J[0mSeaBIOS (version rel-1.16.0-0-gd239552ce722-prebuilt.qemu.org)


iPXE (http://ipxe.org) 00:03.0 CA00 PCI2.10 PnP PMM+7FF91000+7FEF1000 CA00
Press Ctrl-B to configure iPXE (PCI 00:03.0)...                                                                               


Booting from ROM..c[?7l[2J[    0.000000] Linux version 5.19.0-rc5-952c53cd357c+ (root@p-adls01) (gcc (GCC) 8.5.0 20210514 (Red Hat 8.5.0-18), GNU ld version 2.36.1-2.el8) #1 SMP PREEMPT_DYNAMIC Wed Feb 22 18:15:43 CST 2023
[    0.000000] Command line: console=ttyS0 root=/dev/sda earlyprintk=serial net.ifnames=0
[    0.000000] KERNEL supported cpus:
[    0.000000]   Intel GenuineIntel
[    0.000000]   AMD AuthenticAMD
[    0.000000]   Hygon HygonGenuine
[    0.000000]   Centaur CentaurHauls
[    0.000000]   zhaoxin   Shanghai  
[    0.000000] x86/fpu: Supporting XSAVE feature 0x001: 'x87 floating point registers'
[    0.000000] x86/fpu: Supporting XSAVE feature 0x002: 'SSE registers'
[    0.000000] x86/fpu: Supporting XSAVE feature 0x004: 'AVX registers'
[    0.000000] x86/fpu: Supporting XSAVE feature 0x200: 'Protection Keys User registers'
[    0.000000] x86/fpu: xstate_offset[2]:  576, xstate_sizes[2]:  256
[    0.000000] x86/fpu: xstate_offset[9]:  832, xstate_sizes[9]:    8
[    0.000000] x86/fpu: Enabled xstate features 0x207, context size is 840 bytes, using 'compacted' format.
[    0.000000] signal: max sigframe size: 3632
[    0.000000] BIOS-provided physical RAM map:
[    0.000000] BIOS-e820: [mem 0x0000000000000000-0x000000000009fbff] usable
[    0.000000] BIOS-e820: [mem 0x000000000009fc00-0x000000000009ffff] reserved
[    0.000000] BIOS-e820: [mem 0x00000000000f0000-0x00000000000fffff] reserved
[    0.000000] BIOS-e820: [mem 0x0000000000100000-0x000000007ffdffff] usable
[    0.000000] BIOS-e820: [mem 0x000000007ffe0000-0x000000007fffffff] reserved
[    0.000000] BIOS-e820: [mem 0x00000000feffc000-0x00000000feffffff] reserved
[    0.000000] BIOS-e820: [mem 0x00000000fffc0000-0x00000000ffffffff] reserved
[    0.000000] printk: bootconsole [earlyser0] enabled
[    0.000000] NX (Execute Disable) protection: active
[    0.000000] SMBIOS 2.8 present.
[    0.000000] DMI: QEMU Standard PC (i440FX + PIIX, 1996), BIOS rel-1.16.0-0-gd239552ce722-prebuilt.qemu.org 04/01/2014
[    0.000000] Hypervisor detected: KVM
[    0.000000] kvm-clock: Using msrs 4b564d01 and 4b564d00
[    0.000002] kvm-clock: using sched offset of 317104274 cycles
[    0.000303] clocksource: kvm-clock: mask: 0xffffffffffffffff max_cycles: 0x1cd42e4dffb, max_idle_ns: 881590591483 ns
[    0.001239] tsc: Detected 3609.600 MHz processor
[    0.006025] last_pfn = 0x7ffe0 max_arch_pfn = 0x400000000
[    0.006403] x86/PAT: Configuration [0-7]: WB  WC  UC- UC  WB  WP  UC- WT  
[    0.013765] found SMP MP-table at [mem 0x000f5ba0-0x000f5baf]
[    0.014206] Using GB pages for direct mapping
[    0.015321] ACPI: Early table checksum verification disabled
[    0.015675] ACPI: RSDP 0x00000000000F59C0 000014 (v00 BOCHS )
[    0.016019] ACPI: RSDT 0x000000007FFE1951 000034 (v01 BOCHS  BXPC     00000001 BXPC 00000001)
[    0.016551] ACPI: FACP 0x000000007FFE17FD 000074 (v01 BOCHS  BXPC     00000001 BXPC 00000001)
[    0.017057] ACPI: DSDT 0x000000007FFE0040 0017BD (v01 BOCHS  BXPC     00000001 BXPC 00000001)
[    0.017568] ACPI: FACS 0x000000007FFE0000 000040
[    0.017848] ACPI: APIC 0x000000007FFE1871 000080 (v01 BOCHS  BXPC     00000001 BXPC 00000001)
[    0.018346] ACPI: HPET 0x000000007FFE18F1 000038 (v01 BOCHS  BXPC     00000001 BXPC 00000001)
[    0.018844] ACPI: WAET 0x000000007FFE1929 000028 (v01 BOCHS  BXPC     00000001 BXPC 00000001)
[    0.019341] ACPI: Reserving FACP table memory at [mem 0x7ffe17fd-0x7ffe1870]
[    0.019745] ACPI: Reserving DSDT table memory at [mem 0x7ffe0040-0x7ffe17fc]
[    0.020148] ACPI: Reserving FACS table memory at [mem 0x7ffe0000-0x7ffe003f]
[    0.020551] ACPI: Reserving APIC table memory at [mem 0x7ffe1871-0x7ffe18f0]
[    0.020954] ACPI: Reserving HPET table memory at [mem 0x7ffe18f1-0x7ffe1928]
[    0.021357] ACPI: Reserving WAET table memory at [mem 0x7ffe1929-0x7ffe1950]
[    0.022281] No NUMA configuration found
[    0.022504] Faking a node at [mem 0x0000000000000000-0x000000007ffdffff]
[    0.022931] NODE_DATA(0) allocated [mem 0x7ffb5000-0x7ffdffff]
[    0.025771] Zone ranges:
[    0.025947]   DMA      [mem 0x0000000000001000-0x0000000000ffffff]
[    0.026320]   DMA32    [mem 0x0000000001000000-0x000000007ffdffff]
[    0.026677]   Normal   empty
[    0.026845]   Device   empty
[    0.027013] Movable zone start for each node
[    0.027262] Early memory node ranges
[    0.027469]   node   0: [mem 0x0000000000001000-0x000000000009efff]
[    0.027827]   node   0: [mem 0x0000000000100000-0x000000007ffdffff]
[    0.028187] Initmem setup node 0 [mem 0x0000000000001000-0x000000007ffdffff]
[    0.028918] On node 0, zone DMA: 1 pages in unavailable ranges
[    0.029015] On node 0, zone DMA: 97 pages in unavailable ranges
[    0.045374] On node 0, zone DMA32: 32 pages in unavailable ranges
[    0.045912] ACPI: PM-Timer IO Port: 0x608
[    0.046515] ACPI: LAPIC_NMI (acpi_id[0xff] dfl dfl lint[0x1])
[    0.046892] IOAPIC[0]: apic_id 0, version 17, address 0xfec00000, GSI 0-23
[    0.047300] ACPI: INT_SRC_OVR (bus 0 bus_irq 0 global_irq 2 dfl dfl)
[    0.047666] ACPI: INT_SRC_OVR (bus 0 bus_irq 5 global_irq 5 high level)
[    0.048048] ACPI: INT_SRC_OVR (bus 0 bus_irq 9 global_irq 9 high level)
[    0.048429] ACPI: INT_SRC_OVR (bus 0 bus_irq 10 global_irq 10 high level)
[    0.048818] ACPI: INT_SRC_OVR (bus 0 bus_irq 11 global_irq 11 high level)
[    0.049218] ACPI: Using ACPI (MADT) for SMP configuration information
[    0.049589] ACPI: HPET id: 0x8086a201 base: 0xfed00000
[    0.049894] TSC deadline timer available
[    0.050122] smpboot: Allowing 2 CPUs, 0 hotplug CPUs
[    0.050459] kvm-guest: KVM setup pv remote TLB flush
[    0.050745] kvm-guest: setup PV sched yield
[    0.051038] PM: hibernation: Registered nosave memory: [mem 0x00000000-0x00000fff]
[    0.051475] PM: hibernation: Registered nosave memory: [mem 0x0009f000-0x0009ffff]
[    0.051908] PM: hibernation: Registered nosave memory: [mem 0x000a0000-0x000effff]
[    0.052340] PM: hibernation: Registered nosave memory: [mem 0x000f0000-0x000fffff]
[    0.052777] [mem 0x80000000-0xfeffbfff] available for PCI devices
[    0.053127] Booting paravirtualized kernel on KVM
[    0.053414] clocksource: refined-jiffies: mask: 0xffffffff max_cycles: 0xffffffff, max_idle_ns: 7645519600211568 ns
[    0.054026] setup_percpu: NR_CPUS:8192 nr_cpumask_bits:2 nr_cpu_ids:2 nr_node_ids:1
[    0.055594] percpu: Embedded 64 pages/cpu s225280 r8192 d28672 u1048576
[    0.056132] kvm-guest: PV spinlocks enabled
[    0.056382] PV qspinlock hash table entries: 256 (order: 0, 4096 bytes, linear)
[    0.056825] Fallback order for Node 0: 0 
[    0.057074] Built 1 zonelists, mobility grouping on.  Total pages: 515808
[    0.057468] Policy zone: DMA32
[    0.057665] Kernel command line: net.ifnames=0 console=ttyS0 root=/dev/sda earlyprintk=serial net.ifnames=0
[    0.059611] Dentry cache hash table entries: 262144 (order: 9, 2097152 bytes, linear)
[    0.060511] Inode-cache hash table entries: 131072 (order: 8, 1048576 bytes, linear)
[    0.061060] mem auto-init: stack:off, heap alloc:off, heap free:off
[    0.064318] Memory: 1985384K/2096632K available (32784K kernel code, 4463K rwdata, 8052K rodata, 3292K init, 22736K bss, 110992K reserved, 0K cma-reserved)
[    0.065999] SLUB: HWalign=64, Order=0-3, MinObjects=0, CPUs=2, Nodes=1
[    0.066369] kmemleak: Kernel memory leak detector disabled
[    0.066706] ftrace: allocating 66263 entries in 259 pages
[    0.084457] ftrace: allocated 259 pages with 3 groups
[    0.087132] Dynamic Preempt: voluntary
[    0.087496] Running RCU self tests
[    0.087688] rcu: Preemptible hierarchical RCU implementation.
[    0.088000] rcu: 	RCU lockdep checking is enabled.
[    0.088261] rcu: 	RCU restricting CPUs from NR_CPUS=8192 to nr_cpu_ids=2.
[    0.088631] 	Trampoline variant of Tasks RCU enabled.
[    0.088907] 	Rude variant of Tasks RCU enabled.
[    0.089153] 	Tracing variant of Tasks RCU enabled.
[    0.089413] rcu: RCU calculated value of scheduler-enlistment delay is 25 jiffies.
[    0.089852] rcu: Adjusting geometry for rcu_fanout_leaf=16, nr_cpu_ids=2
[    0.108034] NR_IRQS: 524544, nr_irqs: 440, preallocated irqs: 16
[    0.108641] rcu: srcu_init: Setting srcu_struct sizes based on contention.
[    0.114178] Console: colour VGA+ 80x25
[    0.114421] printk: console [ttyS0] enabled
[    0.114421] printk: console [ttyS0] enabled
[    0.114883] printk: bootconsole [earlyser0] disabled
[    0.114883] printk: bootconsole [earlyser0] disabled
[    0.115428] Lock dependency validator: Copyright (c) 2006 Red Hat, Inc., Ingo Molnar
[    0.115855] ... MAX_LOCKDEP_SUBCLASSES:  8
[    0.116086] ... MAX_LOCK_DEPTH:          48
[    0.116322] ... MAX_LOCKDEP_KEYS:        8192
[    0.116567] ... CLASSHASH_SIZE:          4096
[    0.116812] ... MAX_LOCKDEP_ENTRIES:     32768
[    0.117062] ... MAX_LOCKDEP_CHAINS:      65536
[    0.117312] ... CHAINHASH_SIZE:          32768
[    0.117565]  memory used by lock dependency info: 6365 kB
[    0.117873]  memory used for stack traces: 4224 kB
[    0.118147]  per task-struct memory footprint: 1920 bytes
[    0.118490] ACPI: Core revision 20220331
[    0.118885] clocksource: hpet: mask: 0xffffffff max_cycles: 0xffffffff, max_idle_ns: 19112604467 ns
[    0.119480] APIC: Switch to symmetric I/O mode setup
[    0.119900] x2apic enabled
[    0.120179] Switched APIC routing to physical x2apic.
[    0.120463] kvm-guest: setup PV IPIs
[    0.121302] ..TIMER: vector=0x30 apic1=0 pin1=2 apic2=-1 pin2=-1
[    0.121658] clocksource: tsc-early: mask: 0xffffffffffffffff max_cycles: 0x3407c077a8d, max_idle_ns: 440795342283 ns
[    0.122251] Calibrating delay loop (skipped) preset value.. 7219.20 BogoMIPS (lpj=14438400)
[    0.122717] pid_max: default: 32768 minimum: 301
[    0.123098] LSM: Security Framework initializing
[    0.123362] Yama: becoming mindful.
[    0.126408] Mount-cache hash table entries: 4096 (order: 3, 32768 bytes, linear)
[    0.126828] Mountpoint-cache hash table entries: 4096 (order: 3, 32768 bytes, linear)
[    0.128107] x86/cpu: User Mode Instruction Prevention (UMIP) activated
[    0.129689] Last level iTLB entries: 4KB 0, 2MB 0, 4MB 0
[    0.130267] Last level dTLB entries: 4KB 0, 2MB 0, 4MB 0, 1GB 0
[    0.130628] Spectre V1 : Mitigation: usercopy/swapgs barriers and __user pointer sanitization
[    0.131101] Spectre V2 : WARNING: Unprivileged eBPF is enabled with eIBRS on, data leaks possible via Spectre v2 BHB attacks!
[    0.131720] Spectre V2 : Mitigation: Enhanced IBRS
[    0.131979] Spectre V2 : Spectre v2 / SpectreRSB mitigation: Filling RSB on context switch
[    0.132426] Spectre V2 : mitigation: Enabling conditional Indirect Branch Prediction Barrier
[    0.132874] Speculative Store Bypass: Mitigation: Speculative Store Bypass disabled via prctl
[    0.169446] Freeing SMP alternatives memory: 56K
[    0.170020] smpboot: CPU0: 12th Gen Intel(R) Core(TM) i7-12700K (family: 0x6, model: 0x97, stepping: 0x2)
[    0.170242] cblist_init_generic: Setting adjustable number of callback queues.
[    0.170242] cblist_init_generic: Setting shift to 1 and lim to 1.
[    0.170242] cblist_init_generic: Setting shift to 1 and lim to 1.
[    0.170242] cblist_init_generic: Setting shift to 1 and lim to 1.
[    0.170242] Running RCU-tasks wait API self tests
[    0.270313] Performance Events: Alderlake Hybrid events, full-width counters, Intel PMU driver.
[    0.271110] core: cpu_core PMU driver: 
[    0.271318] ... version:                2
[    0.271545] ... bit width:              48
[    0.271762] ... generic registers:      6
[    0.271975] ... value mask:             0000ffffffffffff
[    0.272254] ... max period:             00007fffffffffff
[    0.272534] ... fixed-purpose events:   3
[    0.272746] ... event mask:             0001000f0000003f
[    0.273192] rcu: Hierarchical SRCU implementation.
[    0.275454] unchecked MSR access error: WRMSR to 0x38f (tried to write 0x0001000f0000003f) at rIP: 0xffffffff810c4eec (native_write_msr+0xc/0x30)
[    0.276146] Call Trace:
[    0.276278]  <TASK>
[    0.276394]  __intel_pmu_enable_all.constprop.45+0x68/0x100
[    0.276690]  intel_pmu_enable_all+0x1e/0x20
[    0.276914]  x86_pmu_enable+0x46d/0x5a0
[    0.277119]  ? write_comp_data+0x2f/0x90
[    0.277335]  perf_pmu_enable+0x53/0x70
[    0.277542]  ctx_resched+0xab/0xf0
[    0.277730]  __perf_install_in_context+0x343/0x4b0
[    0.277985]  ? perf_duration_warn+0x50/0x50
[    0.278218]  ? perf_duration_warn+0x50/0x50
[    0.278242]  remote_function+0x7c/0x90
[    0.278242]  ? perf_duration_warn+0x50/0x50
[    0.278242]  generic_exec_single+0x11c/0x190
[    0.278242]  smp_call_function_single+0x11c/0x240
[    0.278242]  ? perf_duration_warn+0x50/0x50
[    0.278242]  ? __sanitizer_cov_trace_pc+0x25/0x50
[    0.278242]  ? write_comp_data+0x2f/0x90
[    0.278242]  perf_install_in_context+0x2e4/0x310
[    0.278242]  ? ctx_resched+0xf0/0xf0
[    0.278242]  perf_event_create_kernel_counter+0x166/0x200
[    0.278242]  ? hardlockup_detector_event_create+0xc0/0xc0
[    0.278242]  hardlockup_detector_event_create+0x46/0xc0
[    0.278242]  hardlockup_detector_perf_init+0x18/0x62
[    0.278242]  watchdog_nmi_probe+0x17/0x19
[    0.278242]  lockup_detector_init+0x40/0xab
[    0.278242]  kernel_init_freeable+0x264/0x40d
[    0.278242]  ? rest_init+0x240/0x240
[    0.278242]  kernel_init+0x24/0x1e0
[    0.278242]  ? rest_init+0x240/0x240
[    0.278242]  ret_from_fork+0x1f/0x30
[    0.278242]  </TASK>
[    0.278266] Callback from call_rcu_tasks_trace() invoked.
[    0.278703] smp: Bringing up secondary CPUs ...
[    0.279356] x86: Booting SMP configuration:
[    0.279586] .... node  #0, CPUs:      #1
[    0.279905] smp: Brought up 1 node, 2 CPUs
[    0.279905] smpboot: Max logical packages: 1
[    0.279905] smpboot: Total of 2 processors activated (14438.40 BogoMIPS)
[    0.294382] devtmpfs: initialized
[    0.294698] x86/mm: Memory block size: 128MB
[    0.298610] clocksource: jiffies: mask: 0xffffffff max_cycles: 0xffffffff, max_idle_ns: 7645041785100000 ns
[    0.299138] futex hash table entries: 512 (order: 4, 65536 bytes, linear)
[    0.299693] pinctrl core: initialized pinctrl subsystem
[    0.300396] 
[    0.300482] *************************************************************
[    0.300829] **     NOTICE NOTICE NOTICE NOTICE NOTICE NOTICE NOTICE    **
[    0.302248] **                                                         **
[    0.302594] **  IOMMU DebugFS SUPPORT HAS BEEN ENABLED IN THIS KERNEL  **
[    0.302940] **                                                         **
[    0.303286] ** This means that this kernel is built to expose internal **
[    0.303631] ** IOMMU data structures, which may compromise security on **
[    0.303977] ** your system.                                            **
[    0.304322] **                                                         **
[    0.304673] ** If you see this message and you are not debugging the   **
[    0.305029] ** kernel, report this immediately to your vendor!         **
[    0.305375] **                                                         **
[    0.305726] **     NOTICE NOTICE NOTICE NOTICE NOTICE NOTICE NOTICE    **
[    0.306104] *************************************************************
[    0.306279] PM: RTC time: 10:34:08, date: 2023-02-22
[    0.311035] NET: Registered PF_NETLINK/PF_ROUTE protocol family
[    0.311886] DMA: preallocated 256 KiB GFP_KERNEL pool for atomic allocations
[    0.312276] DMA: preallocated 256 KiB GFP_KERNEL|GFP_DMA pool for atomic allocations
[    0.312693] DMA: preallocated 256 KiB GFP_KERNEL|GFP_DMA32 pool for atomic allocations
[    0.313160] audit: initializing netlink subsys (disabled)
[    0.313467] audit: type=2000 audit(1677062048.733:1): state=initialized audit_enabled=0 res=1
[    0.313467] thermal_sys: Registered thermal governor 'fair_share'
[    0.313467] thermal_sys: Registered thermal governor 'bang_bang'
[    0.313467] thermal_sys: Registered thermal governor 'step_wise'
[    0.313467] thermal_sys: Registered thermal governor 'user_space'
[    0.314296] cpuidle: using governor ladder
[    0.314836] cpuidle: using governor menu
[    0.315235] HugeTLB: can optimize 4095 vmemmap pages for hugepages-1048576kB
[    0.315623] acpiphp: ACPI Hot Plug PCI Controller Driver version: 0.5
[    0.316229] PCI: Using configuration type 1 for base access
[    0.329077] kprobes: kprobe jump-optimization is enabled. All kprobes are optimized if possible.
[    0.421083] HugeTLB: can optimize 7 vmemmap pages for hugepages-2048kB
[    0.421494] HugeTLB registered 1.00 GiB page size, pre-allocated 0 pages
[    0.421863] HugeTLB registered 2.00 MiB page size, pre-allocated 0 pages
[    0.424684] ACPI: Added _OSI(Module Device)
[    0.424934] ACPI: Added _OSI(Processor Device)
[    0.425178] ACPI: Added _OSI(3.0 _SCP Extensions)
[    0.425436] ACPI: Added _OSI(Processor Aggregator Device)
[    0.425731] ACPI: Added _OSI(Linux-Dell-Video)
[    0.425976] ACPI: Added _OSI(Linux-Lenovo-NV-HDMI-Audio)
[    0.426249] ACPI: Added _OSI(Linux-HPI-Hybrid-Graphics)
[    0.430950] ACPI: 1 ACPI AML tables successfully acquired and loaded
[    0.433890] ACPI: Interpreter enabled
[    0.434175] ACPI: PM: (supports S0 S3 S4 S5)
[    0.434246] ACPI: Using IOAPIC for interrupt routing
[    0.434553] PCI: Using host bridge windows from ACPI; if necessary, use "pci=nocrs" and report a bug
[    0.435044] PCI: Using E820 reservations for host bridge windows
[    0.435923] ACPI: Enabled 2 GPEs in block 00 to 0F
[    0.449276] ACPI: PCI Root Bridge [PCI0] (domain 0000 [bus 00-ff])
[    0.449642] acpi PNP0A03:00: _OSC: OS supports [ASPM ClockPM Segments MSI EDR HPX-Type3]
[    0.450083] acpi PNP0A03:00: _OSC: not requesting OS control; OS requires [ExtendedConfig ASPM ClockPM MSI]
[    0.450295] acpi PNP0A03:00: fail to add MMCONFIG information, can't access extended PCI configuration space under this bridge.
[    0.452493] acpiphp: Slot [3] registered
[    0.452763] acpiphp: Slot [4] registered
[    0.453031] acpiphp: Slot [5] registered
[    0.453299] acpiphp: Slot [6] registered
[    0.453573] acpiphp: Slot [7] registered
[    0.453841] acpiphp: Slot [8] registered
[    0.454108] acpiphp: Slot [9] registered
[    0.454298] acpiphp: Slot [10] registered
[    0.454570] acpiphp: Slot [11] registered
[    0.454849] acpiphp: Slot [12] registered
[    0.455122] acpiphp: Slot [13] registered
[    0.455394] acpiphp: Slot [14] registered
[    0.455666] acpiphp: Slot [15] registered
[    0.455937] acpiphp: Slot [16] registered
[    0.456215] acpiphp: Slot [17] registered
[    0.456487] acpiphp: Slot [18] registered
[    0.456758] acpiphp: Slot [19] registered
[    0.457036] acpiphp: Slot [20] registered
[    0.457308] acpiphp: Slot [21] registered
[    0.457586] acpiphp: Slot [22] registered
[    0.457859] acpiphp: Slot [23] registered
[    0.458131] acpiphp: Slot [24] registered
[    0.458296] acpiphp: Slot [25] registered
[    0.458571] acpiphp: Slot [26] registered
[    0.458860] acpiphp: Slot [27] registered
[    0.459138] acpiphp: Slot [28] registered
[    0.459412] acpiphp: Slot [29] registered
[    0.459686] acpiphp: Slot [30] registered
[    0.459968] acpiphp: Slot [31] registered
[    0.460207] PCI host bridge to bus 0000:00
[    0.460436] pci_bus 0000:00: root bus resource [io  0x0000-0x0cf7 window]
[    0.460812] pci_bus 0000:00: root bus resource [io  0x0d00-0xffff window]
[    0.461187] pci_bus 0000:00: root bus resource [mem 0x000a0000-0x000bffff window]
[    0.461600] pci_bus 0000:00: root bus resource [mem 0x80000000-0xfebfffff window]
[    0.462012] pci_bus 0000:00: root bus resource [mem 0x100000000-0x17fffffff window]
[    0.462247] pci_bus 0000:00: root bus resource [bus 00-ff]
[    0.462615] pci 0000:00:00.0: [8086:1237] type 00 class 0x060000
[    0.465418] pci 0000:00:01.0: [8086:7000] type 00 class 0x060100
[    0.466238] pci 0000:00:01.1: [8086:7010] type 00 class 0x010180
[    0.467518] pci 0000:00:01.1: reg 0x20: [io  0xc040-0xc04f]
[    0.468244] pci 0000:00:01.1: legacy IDE quirk: reg 0x10: [io  0x01f0-0x01f7]
[    0.468639] pci 0000:00:01.1: legacy IDE quirk: reg 0x14: [io  0x03f6]
[    0.468999] pci 0000:00:01.1: legacy IDE quirk: reg 0x18: [io  0x0170-0x0177]
[    0.469391] pci 0000:00:01.1: legacy IDE quirk: reg 0x1c: [io  0x0376]
[    0.469953] pci 0000:00:01.3: [8086:7113] type 00 class 0x068000
[    0.470474] pci 0000:00:01.3: quirk: [io  0x0600-0x063f] claimed by PIIX4 ACPI
[    0.470877] pci 0000:00:01.3: quirk: [io  0x0700-0x070f] claimed by PIIX4 SMB
[    0.471603] pci 0000:00:02.0: [1234:1111] type 00 class 0x030000
[    0.473938] pci 0000:00:02.0: reg 0x10: [mem 0xfd000000-0xfdffffff pref]
[    0.475911] pci 0000:00:02.0: reg 0x18: [mem 0xfebf0000-0xfebf0fff]
[    0.478504] pci 0000:00:02.0: reg 0x30: [mem 0xfebe0000-0xfebeffff pref]
[    0.479016] pci 0000:00:02.0: Video device with shadowed ROM at [mem 0x000c0000-0x000dffff]
[    0.482031] pci 0000:00:03.0: [8086:100e] type 00 class 0x020000
[    0.482776] pci 0000:00:03.0: reg 0x10: [mem 0xfebc0000-0xfebdffff]
[    0.483672] pci 0000:00:03.0: reg 0x14: [io  0xc000-0xc03f]
[    0.485265] pci 0000:00:03.0: reg 0x30: [mem 0xfeb80000-0xfebbffff pref]
[    0.493275] ACPI: PCI: Interrupt link LNKA configured for IRQ 10
[    0.494241] ACPI: PCI: Interrupt link LNKB configured for IRQ 10
[    0.494863] ACPI: PCI: Interrupt link LNKC configured for IRQ 11
[    0.495482] ACPI: PCI: Interrupt link LNKD configured for IRQ 11
[    0.495956] ACPI: PCI: Interrupt link LNKS configured for IRQ 9
[    0.497337] iommu: Default domain type: Translated 
[    0.497621] iommu: DMA domain TLB invalidation policy: lazy mode 
[    0.498851] SCSI subsystem initialized
[    0.499314] ACPI: bus type USB registered
[    0.499589] usbcore: registered new interface driver usbfs
[    0.499930] usbcore: registered new interface driver hub
[    0.500249] usbcore: registered new device driver usb
[    0.500609] pps_core: LinuxPPS API ver. 1 registered
[    0.500881] pps_core: Software ver. 5.3.6 - Copyright 2005-2007 Rodolfo Giometti <giometti@linux.it>
[    0.501380] PTP clock support registered
[    0.501720] EDAC MC: Ver: 3.0.0
[    0.502964] NetLabel: Initializing
[    0.503162] NetLabel:  domain hash size = 128
[    0.503403] NetLabel:  protocols = UNLABELED CIPSOv4 CALIPSO
[    0.503755] NetLabel:  unlabeled traffic allowed by default
[    0.504335] PCI: Using ACPI for IRQ routing
[    0.504744] pci 0000:00:02.0: vgaarb: setting as boot VGA device
[    0.505086] pci 0000:00:02.0: vgaarb: bridge control possible
[    0.505401] pci 0000:00:02.0: vgaarb: VGA device added: decodes=io+mem,owns=io+mem,locks=none
[    0.505872] vgaarb: loaded
[    0.506379] hpet0: at MMIO 0xfed00000, IRQs 2, 8, 0
[    0.506663] hpet0: 3 comparators, 64-bit 100.000000 MHz counter
[    2.509344] Callback from call_rcu_tasks_rude() invoked.
[    2.509373] clocksource: Switched to clocksource kvm-clock
[    2.614355] Callback from call_rcu_tasks() invoked.
[    2.640337] VFS: Disk quotas dquot_6.6.0
[    2.640860] VFS: Dquot-cache hash table entries: 512 (order 0, 4096 bytes)
[    2.641945] pnp: PnP ACPI init
[    2.644601] pnp: PnP ACPI: found 6 devices
[    2.658761] clocksource: acpi_pm: mask: 0xffffff max_cycles: 0xffffff, max_idle_ns: 2085701024 ns
[    2.659576] NET: Registered PF_INET protocol family
[    2.660023] IP idents hash table entries: 32768 (order: 6, 262144 bytes, linear)
[    2.661223] tcp_listen_portaddr_hash hash table entries: 1024 (order: 4, 73728 bytes, linear)
[    2.661744] Table-perturb hash table entries: 65536 (order: 6, 262144 bytes, linear)
[    2.662185] TCP established hash table entries: 16384 (order: 5, 131072 bytes, linear)
[    2.662786] TCP bind hash table entries: 16384 (order: 8, 1179648 bytes, linear)
[    2.664020] TCP: Hash tables configured (established 16384 bind 16384)
[    2.664535] UDP hash table entries: 1024 (order: 5, 163840 bytes, linear)
[    2.665002] UDP-Lite hash table entries: 1024 (order: 5, 163840 bytes, linear)
[    2.665817] NET: Registered PF_UNIX/PF_LOCAL protocol family
[    2.666755] RPC: Registered named UNIX socket transport module.
[    2.667122] RPC: Registered udp transport module.
[    2.667396] RPC: Registered tcp transport module.
[    2.667667] RPC: Registered tcp NFSv4.1 backchannel transport module.
[    2.668054] pci_bus 0000:00: resource 4 [io  0x0000-0x0cf7 window]
[    2.668413] pci_bus 0000:00: resource 5 [io  0x0d00-0xffff window]
[    2.668773] pci_bus 0000:00: resource 6 [mem 0x000a0000-0x000bffff window]
[    2.669173] pci_bus 0000:00: resource 7 [mem 0x80000000-0xfebfffff window]
[    2.669567] pci_bus 0000:00: resource 8 [mem 0x100000000-0x17fffffff window]
[    2.670150] pci 0000:00:01.0: PIIX3: Enabling Passive Release
[    2.670495] pci 0000:00:00.0: Limiting direct PCI/PCI transfers
[    2.670849] pci 0000:00:01.0: Activating ISA DMA hang workarounds
[    2.671256] PCI: CLS 0 bytes, default 64
[    2.671529] ACPI: bus type thunderbolt registered
[    2.672054] clocksource: tsc: mask: 0xffffffffffffffff max_cycles: 0x3407c077a8d, max_idle_ns: 440795342283 ns
[    2.674918] Initialise system trusted keyrings
[    2.675255] Key type blacklist registered
[    2.675702] workingset: timestamp_bits=36 max_order=19 bucket_order=0
[    2.684158] zbud: loaded
[    2.685961] squashfs: version 4.0 (2009/01/31) Phillip Lougher
[    2.687615] NFS: Registering the id_resolver key type
[    2.687915] Key type id_resolver registered
[    2.688146] Key type id_legacy registered
[    2.688447] nfs4filelayout_init: NFSv4 File Layout Driver Registering...
[    2.688828] nfs4flexfilelayout_init: NFSv4 Flexfile Layout Driver Registering...
[    2.689338] fuse: init (API version 7.36)
[    2.689825] SGI XFS with ACLs, security attributes, realtime, quota, no debug enabled
[    2.691886] 9p: Installing v9fs 9p2000 file system support
[    2.697803] Key type asymmetric registered
[    2.698072] Asymmetric key parser 'x509' registered
[    2.699375] alg: self-tests for CTR-KDF (hmac(sha256)) passed
[    2.699742] Block layer SCSI generic (bsg) driver version 0.4 loaded (major 243)
[    2.700296] io scheduler mq-deadline registered
[    2.700575] io scheduler bfq registered
[    2.701525] shpchp: Standard Hot Plug PCI Controller Driver version: 0.4
[    2.702287] IPMI message handler: version 39.2
[    2.702582] ipmi device interface
[    2.704032] input: Power Button as /devices/LNXSYSTM:00/LNXPWRBN:00/input/input0
[    2.704715] ACPI: button: Power Button [PWRF]
[    2.705731] ERST DBG: ERST support is disabled.
[    2.706444] Serial: 8250/16550 driver, 32 ports, IRQ sharing enabled
[    2.707150] 00:04: ttyS0 at I/O 0x3f8 (irq = 4, base_baud = 115200) is a 16550A
[    2.714341] Linux agpgart interface v0.103
[    2.715006] ACPI: bus type drm_connector registered
[    2.725653] brd: module loaded
[    2.731988] loop: module loaded
[    2.735250] scsi host0: ata_piix
[    2.735929] scsi host1: ata_piix
[    2.736244] ata1: PATA max MWDMA2 cmd 0x1f0 ctl 0x3f6 bmdma 0xc040 irq 14
[    2.736635] ata2: PATA max MWDMA2 cmd 0x170 ctl 0x376 bmdma 0xc048 irq 15
[    2.738055] tun: Universal TUN/TAP device driver, 1.6
[    2.738494] e100: Intel(R) PRO/100 Network Driver
[    2.738767] e100: Copyright(c) 1999-2006 Intel Corporation
[    2.739108] e1000: Intel(R) PRO/1000 Network Driver
[    2.739389] e1000: Copyright (c) 1999-2006 Intel Corporation.
[    2.889768] ACPI: \_SB_.LNKC: Enabled at IRQ 11
[    2.894374] ata1: found unknown device (class 0)
[    2.894864] ata2: found unknown device (class 0)
[    2.895568] ata1.00: ATA-7: QEMU HARDDISK, 2.5+, max UDMA/100
[    2.895919] ata1.00: 16777216 sectors, multi 16: LBA48 
[    2.896339] ata2.00: ATAPI: QEMU DVD-ROM, 2.5+, max UDMA/100
[    2.897579] scsi 0:0:0:0: Direct-Access     ATA      QEMU HARDDISK    2.5+ PQ: 0 ANSI: 5
[    2.899315] sd 0:0:0:0: Attached scsi generic sg0 type 0
[    2.899544] sd 0:0:0:0: [sda] 16777216 512-byte logical blocks: (8.59 GB/8.00 GiB)
[    2.900159] scsi 1:0:0:0: CD-ROM            QEMU     QEMU DVD-ROM     2.5+ PQ: 0 ANSI: 5
[    2.900166] sd 0:0:0:0: [sda] Write Protect is off
[    2.901084] sd 0:0:0:0: [sda] Write cache: enabled, read cache: enabled, doesn't support DPO or FUA
[    2.901738] sd 0:0:0:0: [sda] Preferred minimum I/O size 512 bytes
[    2.924014] sd 0:0:0:0: [sda] Attached SCSI disk
[    2.935183] scsi 1:0:0:0: Attached scsi generic sg1 type 5
[    3.208663] e1000 0000:00:03.0 eth0: (PCI:33MHz:32-bit) 52:54:00:12:34:56
[    3.209074] e1000 0000:00:03.0 eth0: Intel(R) PRO/1000 Network Connection
[    3.209533] e1000e: Intel(R) PRO/1000 Network Driver
[    3.209800] e1000e: Copyright(c) 1999 - 2015 Intel Corporation.
[    3.210167] igb: Intel(R) Gigabit Ethernet Network Driver
[    3.210464] igb: Copyright (c) 2007-2014 Intel Corporation.
[    3.210842] PPP generic driver version 2.4.2
[    3.211644] VFIO - User Level meta-driver version: 0.3
[    3.211974] ehci_hcd: USB 2.0 'Enhanced' Host Controller (EHCI) Driver
[    3.212330] ehci-pci: EHCI PCI platform driver
[    3.212592] ehci-platform: EHCI generic platform driver
[    3.212887] ohci_hcd: USB 1.1 'Open' Host Controller (OHCI) Driver
[    3.213225] ohci-pci: OHCI PCI platform driver
[    3.213487] ohci-platform: OHCI generic platform driver
[    3.213795] uhci_hcd: USB Universal Host Controller Interface driver
[    3.214447] usbcore: registered new interface driver uas
[    3.214797] usbcore: registered new interface driver usb-storage
[    3.215234] i8042: PNP: PS/2 Controller [PNP0303:KBD,PNP0f13:MOU] at 0x60,0x64 irq 1,12
[    3.216275] serio: i8042 KBD port at 0x60,0x64 irq 1
[    3.216594] serio: i8042 AUX port at 0x60,0x64 irq 12
[    3.217447] mousedev: PS/2 mouse device common for all mice
[    3.218568] input: AT Translated Set 2 keyboard as /devices/platform/i8042/serio0/input/input1
[    3.219891] input: VirtualPS/2 VMware VMMouse as /devices/platform/i8042/serio1/input/input4
[    3.220513] rtc_cmos 00:05: RTC can wake from S4
[    3.221077] input: VirtualPS/2 VMware VMMouse as /devices/platform/i8042/serio1/input/input3
[    3.222601] rtc_cmos 00:05: registered as rtc0
[    3.222944] rtc_cmos 00:05: setting system clock to 2023-02-22T10:34:11 UTC (1677062051)
[    3.223543] rtc_cmos 00:05: alarms up to one day, y3k, 242 bytes nvram, hpet irqs
[    3.224120] i2c_dev: i2c /dev entries driver
[    3.224472] device-mapper: core: CONFIG_IMA_DISABLE_HTABLE is disabled. Duplicate IMA measurements will not be recorded in the IMA log.
[    3.225305] device-mapper: uevent: version 1.0.3
[    3.225800] device-mapper: ioctl: 4.46.0-ioctl (2022-02-22) initialised: dm-devel@redhat.com
[    3.226299] intel_pstate: CPU model not supported
[    3.226633] sdhci: Secure Digital Host Controller Interface driver
[    3.226986] sdhci: Copyright(c) Pierre Ossman
[    3.227299] sdhci-pltfm: SDHCI platform and OF driver helper
[    3.227696] ledtrig-cpu: registered to indicate activity on CPUs
[    3.228319] drop_monitor: Initializing network drop monitor service
[    3.229219] NET: Registered PF_INET6 protocol family
[    3.230958] Segment Routing with IPv6
[    3.231195] In-situ OAM (IOAM) with IPv6
[    3.231440] NET: Registered PF_PACKET protocol family
[    3.231959] 9pnet: Installing 9P2000 support
[    3.232278] Key type dns_resolver registered
[    3.233239] IPI shorthand broadcast: enabled
[    3.233553] sched_clock: Marking stable (3223828812, 9226026)->(3265446110, -32391272)
[    3.234629] registered taskstats version 1
[    3.235088] Loading compiled-in X.509 certificates
[    3.235655] zswap: loaded using pool lzo/zbud
[    3.236413] Key type ._fscrypt registered
[    3.236638] Key type .fscrypt registered
[    3.236853] Key type fscrypt-provisioning registered
[    3.237942] Key type encrypted registered
[    3.238207] ima: No TPM chip found, activating TPM-bypass!
[    3.238560] ima: Allocated hash algorithm: sha1
[    3.238852] ima: No architecture policies found
[    3.239185] evm: Initialising EVM extended attributes:
[    3.239480] evm: security.selinux
[    3.239674] evm: security.SMACK64
[    3.239868] evm: security.SMACK64EXEC
[    3.240082] evm: security.SMACK64TRANSMUTE
[    3.240319] evm: security.SMACK64MMAP
[    3.240532] evm: security.apparmor
[    3.240731] evm: security.ima
[    3.240906] evm: security.capability
[    3.241115] evm: HMAC attrs: 0x1
[    3.245000] PM:   Magic number: 11:716:578
[    3.245280] platform pcspkr: hash matches
[    3.245816] RAS: Correctable Errors collector initialized.
[    3.247156] md: Waiting for all devices to be available before autodetect
[    3.247427] md: If you don't use raid, use raid=noautodetect
[    3.247650] md: Autodetecting RAID arrays.
[    3.247818] md: autorun ...
[    3.247932] md: ... autorun DONE.
[    3.261074] EXT4-fs (sda): mounted filesystem with ordered data mode. Quota mode: none.
[    3.261422] VFS: Mounted root (ext4 filesystem) readonly on device 8:0.
[    3.263834] devtmpfs: mounted
[    3.271498] Freeing unused decrypted memory: 2036K
[    3.273535] Freeing unused kernel image (initmem) memory: 3292K
[    3.286407] Write protecting the kernel read-only data: 43008k
[    3.288832] Freeing unused kernel image (text/rodata gap) memory: 2028K
[    3.289198] Freeing unused kernel image (rodata/data gap) memory: 140K
[    3.364243] x86/mm: Checked W+X mappings: passed, no W+X pages found.
[    3.364524] Run /sbin/init as init process
[    3.441486] systemd[1]: RTC configured in localtime, applying delta of 0 minutes to system time.
[    3.462894] systemd[1]: systemd 239 (239-49.el8) running in system mode. (+PAM +AUDIT +SELINUX +IMA -APPARMOR +SMACK +SYSVINIT +UTMP +LIBCRYPTSETUP +GCRYPT +GNUTLS +ACL +XZ +LZ4 +SECCOMP +BLKID +ELFUTILS +KMOD +IDN2 -IDN +PCRE2 default-hierarchy=legacy)
[    3.463841] systemd[1]: Detected virtualization kvm.
[    3.464035] systemd[1]: Detected architecture x86-64.

Welcome to [0;31mCentOS Stream 8[0m!

[    3.499247] systemd[1]: Set hostname to <test>.
[    5.386324] random: crng init done
[    5.481600] systemd[1]: Listening on udev Control Socket.
[[0;32m  OK  [0m] Listening on udev Control Socket.
[    5.484530] systemd[1]: Created slice system-serial\x2dgetty.slice.
[[0;32m  OK  [0m] Created slice system-serial\x2dgetty.slice.
[    5.490831] systemd[1]: Listening on Process Core Dump Socket.
[[0;32m  OK  [0m] Listening on Process Core Dump Socket.
[    5.491620] systemd[1]: Listening on initctl Compatibility Named Pipe.
[[0;32m  OK  [0m] Listening on initctl Compatibility Named Pipe.
[    5.493021] systemd[1]: Created slice system-sshd\x2dkeygen.slice.
[[0;32m  OK  [0m] Created slice system-sshd\x2dkeygen.slice.
[    5.493748] systemd[1]: Started Forward Password Requests to Wall Directory Watch.
[[0;32m  OK  [0m] Started Forward Password Requests to Wall Directory Watch.
[[0;32m  OK  [0m] Set up automount Arbitrary Executabâ€¦rmats File System Automount Point.
[[0;32m  OK  [0m] Created slice system-getty.slice.
[[0;32m  OK  [0m] Listening on multipathd control socket.
[[0;32m  OK  [0m] Reached target Swap.
[[0;32m  OK  [0m] Listening on RPCbind Server Activation Socket.
[[0;32m  OK  [0m] Reached target RPC Port Mapper.
[[0;32m  OK  [0m] Listening on Device-mapper event daemon FIFOs.
[[0;32m  OK  [0m] Listening on udev Kernel Socket.
[[0;32m  OK  [0m] Listening on Journal Socket.
         Starting udev Coldplug all Devices...
         Starting Monitoring of LVM2 mirrorsâ€¦ng dmeventd or progress polling...
         Mounting Huge Pages File System...
         Mounting POSIX Message Queue File System...
         Starting Setup Virtual Console...
         Starting Remount Root and Kernel File Systems...
[[0;32m  OK  [0m] Created slice User and Session Slice.
[[0;32m  OK  [0m] Reached target Slices.
         Mounting Kernel Debug File System...
[[0;32m  OK  [0m] Listening on Journal Socket (/dev/log).
         Starting Journal Service...
         Starting Load Kernel Modules...
[[0;32m  OK  [0m] Listening on LVM2 poll daemon socket.
[[0;32m  OK  [0m] Mounted Huge Pages File System.
[[0;32m  OK  [0m] Mounted POSIX Message Queue File System.
[[0;32m  OK  [0m] Mounted Kernel Debug File System.
[[0;1;31mFAILED[0m] Failed to start Load Kernel Modules.
See 'systemctl status systemd-modules-load.service' for details.
         Starting Apply Kernel Variables...
         Mounting FUSE Control File System...
         Mounting Kernel Configuration File System...
[[0;32m  OK  [0m] Started Apply Kernel Variables.
[[0;32m  OK  [0m] Mounted FUSE Control File System.
[    5.779229] EXT4-fs (sda): re-mounted. Quota mode: none.
[[0;32m  OK  [0m] Mounted Kernel Configuration File System.
[[0;32m  OK  [0m] Started Remount Root and Kernel File Systems.
         Starting Load/Save Random Seed...
         Starting Create Static Device Nodes in /dev...
[[0;32m  OK  [0m] Started Journal Service.
[[0;32m  OK  [0m] Started Load/Save Random Seed.
         Starting Flush Journal to Persistent Storage...
[[0;32m  OK  [0m] Started Create Static Device Nodes in /dev.
         Starting udev Kernel Device Manager...
[[0;32m  OK  [0m] Started Flush Journal to Persistent Storage.
[[0;32m  OK  [0m] Started udev Coldplug all Devices.
         Starting udev Wait for Complete Device Initialization...
[[0;32m  OK  [0m] Started Setup Virtual Console.
[[0;32m  OK  [0m] Started udev Kernel Device Manager.
         Starting Show Plymouth Boot Screen...
[[0;32m  OK  [0m] Started Show Plymouth Boot Screen.
[[0;32m  OK  [0m] Started Forward Password Requests to Plymouth Directory Watch.
[[0;32m  OK  [0m] Reached target Paths.
[[0;32m  OK  [0m] Reached target Local Encrypted Volumes.
[[0;32m  OK  [0m] Found device /dev/ttyS0.
[[0;32m  OK  [0m] Started Monitoring of LVM2 mirrors,â€¦sing dmeventd or progress polling.
[[0;32m  OK  [0m] Started udev Wait for Complete Device Initialization.
[[0;32m  OK  [0m] Reached target Local File Systems (Pre).
[[0;32m  OK  [0m] Reached target Local File Systems.
         Starting Tell Plymouth To Write Out Runtime Data...
         Starting Restore /run/initramfs on shutdown...
         Starting Create Volatile Files and Directories...
[[0;32m  OK  [0m] Listening on Load/Save RF Kill Switch Status /dev/rfkill Watch.
[[0;32m  OK  [0m] Started Tell Plymouth To Write Out Runtime Data.
[[0;32m  OK  [0m] Started Restore /run/initramfs on shutdown.
[[0;32m  OK  [0m] Started Create Volatile Files and Directories.
         Starting RPC Bind...
         Starting Security Auditing Service...
         Mounting RPC Pipe File System...
[[0;32m  OK  [0m] Mounted RPC Pipe File System.
[[0;32m  OK  [0m] Started RPC Bind.
[[0;32m  OK  [0m] Reached target rpc_pipefs.target.
[[0;32m  OK  [0m] Started Security Auditing Service.
         Starting Update UTMP about System Boot/Shutdown...
[[0;32m  OK  [0m] Started Update UTMP about System Boot/Shutdown.
[[0;32m  OK  [0m] Reached target System Initialization.
[[0;32m  OK  [0m] Started Daily Cleanup of Temporary Directories.
[[0;32m  OK  [0m] Listening on D-Bus System Message Bus Socket.
[[0;32m  OK  [0m] Started dnf makecache --timer.
[[0;32m  OK  [0m] Started daily update of the root trust anchor for DNSSEC.
[[0;32m  OK  [0m] Reached target Timers.
[[0;32m  OK  [0m] Listening on SSSD Kerberos Cache Manager responder socket.
[[0;32m  OK  [0m] Reached target Sockets.
[[0;32m  OK  [0m] Reached target Basic System.
[[0;32m  OK  [0m] Started D-Bus System Message Bus.
         Starting Network Manager...
         Starting Authorization Manager...
         Starting Auto-connect to subsystemsâ€¦-NVME devices found during boot...
         Starting NTP client/server...
         Starting Self Monitoring and Reporting Technology (SMART) Daemon...
[[0;32m  OK  [0m] Reached target sshd-keygen.target.
[[0;32m  OK  [0m] Started irqbalance daemon.
         Starting Login Service...
[[0;32m  OK  [0m] Started Machine Check Exception Logging Daemon.
[[0;32m  OK  [0m] Started Auto-connect to subsystems â€¦FC-NVME devices found during boot.
         Starting update of the root trust aâ€¦or DNSSEC validation in unbound...
[[0;32m  OK  [0m] Started Network Manager.
[[0;32m  OK  [0m] Started Self Monitoring and Reporting Technology (SMART) Daemon.
         Starting Network Manager Wait Online...
[[0;32m  OK  [0m] Reached target Network.
         Starting GSSAPI Proxy Daemon...
         Starting OpenSSH server daemon...
         Starting Dynamic System Tuning Daemon...
[[0;32m  OK  [0m] Started update of the root trust anâ€¦ for DNSSEC validation in unbound.
[[0;32m  OK  [0m] Started Login Service.
         Starting Hostname Service...
[[0;32m  OK  [0m] Started GSSAPI Proxy Daemon.
[[0;32m  OK  [0m] Started OpenSSH server daemon.
[[0;32m  OK  [0m] Reached target NFS client services.
[[0;32m  OK  [0m] Reached target Remote File Systems (Pre).
[[0;32m  OK  [0m] Reached target Remote File Systems.
         Starting Permit User Sessions...
[[0;32m  OK  [0m] Started Permit User Sessions.
         Starting Hold until boot process finishes up...
         Starting Terminate Plymouth Boot Screen...
[[0;32m  OK  [0m] Started Command Scheduler.
[[0;32m  OK  [0m] Started NTP client/server.
[    7.230403] e1000: eth0 NIC Link is Up 1000 Mbps Full Duplex, Flow Control: RX
[    7.231052] IPv6: ADDRCONF(NETDEV_CHANGE): eth0: link becomes ready
[    7.372037] Spectre V2 : WARNING: Unprivileged eBPF is enabled with eIBRS on, data leaks possible via Spectre v2 BHB attacks!
[    7.372561] Spectre V2 : WARNING: Unprivileged eBPF is enabled with eIBRS on, data leaks possible via Spectre v2 BHB attacks!

CentOS Stream 8
Kernel 5.19.0-rc5-952c53cd357c+ on an x86_64

test login: [   28.857373] loop3: detected capacity change from 0 to 65536
[   28.871422] =======================================================
[   28.871422] WARNING: The mand mount option has been deprecated and
[   28.871422]          and is ignored by this kernel. Remove the mand
[   28.871422]          option from the mount to silence this warning.
[   28.871422] =======================================================
[   28.874857] XFS: ikeep mount option is deprecated.
[   28.881495] loop0: detected capacity change from 0 to 65536
[   28.885465] XFS: ikeep mount option is deprecated.
[   28.893352] loop4: detected capacity change from 0 to 65536
[   28.893743] XFS: ikeep mount option is deprecated.
[   28.915470] loop6: detected capacity change from 0 to 65536
[   28.915930] XFS: ikeep mount option is deprecated.
[   28.915932] loop1: detected capacity change from 0 to 65536
[   28.916744] XFS: ikeep mount option is deprecated.
[   28.917423] loop5: detected capacity change from 0 to 65536
[   28.917796] XFS: ikeep mount option is deprecated.
[   28.919019] XFS (loop3): Deprecated V4 format (crc=0) will not be supported after September 2030.
[   28.919417] XFS (loop3): DAX unsupported by block device. Turning off DAX.
[   28.919885] XFS (loop3): Mounting V4 Filesystem
[   28.922007] XFS (loop0): DAX unsupported by block device. Turning off DAX.
[   28.922599] XFS (loop0): Mounting V4 Filesystem
[   28.924600] loop2: detected capacity change from 0 to 65536
[   28.924989] XFS: ikeep mount option is deprecated.
[   28.925883] XFS (loop3): totally zeroed log
[   28.926079] XFS (loop1): DAX unsupported by block device. Turning off DAX.
[   28.926418] XFS (loop4): DAX unsupported by block device. Turning off DAX.
[   28.926854] XFS (loop4): Mounting V4 Filesystem
[   28.927128] XFS (loop1): Mounting V4 Filesystem
[   28.927820] XFS (loop0): totally zeroed log
[   28.928010] XFS (loop3): Ending clean mount
[   28.928262] XFS (loop0): Ending clean mount
[   28.928598] XFS (loop6): DAX unsupported by block device. Turning off DAX.
[   28.928985] XFS (loop0): Quotacheck needed: Please wait.
[   28.931658] XFS (loop6): Mounting V4 Filesystem
[   28.932024] XFS (loop3): Quotacheck needed: Please wait.
[   28.934477] repro: attempt to access beyond end of device
[   28.934477] loop0: rw=432129, sector=65535, nr_sectors = 16 limit=65536
[   28.935583] XFS (loop0): log I/O error -5
[   28.935779] XFS (loop0): Filesystem has been shut down due to log error (0x2).
[   28.936057] XFS (loop0): Please unmount the filesystem and rectify the problem(s).
[   28.936600] XFS (loop0): Quotacheck: Unsuccessful (Error -5): Disabling quotas.
[   28.936972] xfs filesystem being mounted at /root/syzkaller.TVU8EK/0/file0 supports timestamps until 2038 (0x7fffffff)
[   28.941808] loop7: detected capacity change from 0 to 65536
[   28.942192] XFS: ikeep mount option is deprecated.
[   28.942973] repro: attempt to access beyond end of device
[   28.942973] loop3: rw=432129, sector=65535, nr_sectors = 16 limit=65536
[   28.943456] XFS (loop3): log I/O error -5
[   28.943638] XFS (loop3): Filesystem has been shut down due to log error (0x2).
[   28.943912] XFS (loop3): Please unmount the filesystem and rectify the problem(s).
[   28.947793] XFS (loop0): Unmounting Filesystem
[   28.950436] XFS (loop3): Quotacheck: Unsuccessful (Error -5): Disabling quotas.
[   28.950811] xfs filesystem being mounted at /root/syzkaller.m6GaxZ/0/file0 supports timestamps until 2038 (0x7fffffff)
[   28.952314] XFS (loop3): Unmounting Filesystem
[   28.971096] XFS (loop4): totally zeroed log
[   28.971298] XFS (loop6): totally zeroed log
[   28.971516] XFS (loop2): DAX unsupported by block device. Turning off DAX.
[   28.972010] XFS (loop2): Mounting V4 Filesystem
[   28.972364] XFS (loop4): Ending clean mount
[   28.972597] XFS (loop6): Ending clean mount
[   28.972894] XFS (loop6): Quotacheck needed: Please wait.
[   28.973543] XFS (loop5): DAX unsupported by block device. Turning off DAX.
[   28.973928] XFS (loop5): Mounting V4 Filesystem
[   28.975092] XFS (loop4): Quotacheck needed: Please wait.
[   28.975645] XFS (loop1): totally zeroed log
[   28.976802] XFS (loop1): Ending clean mount
[   28.977157] XFS (loop1): Quotacheck needed: Please wait.
[   28.977634] repro: attempt to access beyond end of device
[   28.977634] loop6: rw=432129, sector=65535, nr_sectors = 16 limit=65536
[   28.978131] XFS (loop6): log I/O error -5
[   28.978407] XFS (loop6): Filesystem has been shut down due to log error (0x2).
[   28.978687] XFS (loop6): Please unmount the filesystem and rectify the problem(s).
[   28.979082] XFS (loop6): Quotacheck: Unsuccessful (Error -5): Disabling quotas.
[   28.979399] xfs filesystem being mounted at /root/syzkaller.st66Me/0/file0 supports timestamps until 2038 (0x7fffffff)
[   28.980696] XFS (loop6): Unmounting Filesystem
[   28.989307] XFS (loop2): totally zeroed log
[   28.991327] repro: attempt to access beyond end of device
[   28.991327] loop4: rw=432129, sector=65535, nr_sectors = 16 limit=65536
[   28.991843] XFS (loop4): log I/O error -5
[   28.992030] XFS (loop4): Filesystem has been shut down due to log error (0x2).
[   28.992310] XFS (loop4): Please unmount the filesystem and rectify the problem(s).
[   28.992707] XFS (loop4): Quotacheck: Unsuccessful (Error -5): Disabling quotas.
[   28.993025] xfs filesystem being mounted at /root/syzkaller.CGZRI5/0/file0 supports timestamps until 2038 (0x7fffffff)
[   28.997879] XFS (loop4): Unmounting Filesystem
[   29.000405] repro: attempt to access beyond end of device
[   29.000405] loop1: rw=432129, sector=65535, nr_sectors = 16 limit=65536
[   29.000915] XFS (loop1): log I/O error -5
[   29.001102] XFS (loop1): Filesystem has been shut down due to log error (0x2).
[   29.001393] XFS (loop1): Please unmount the filesystem and rectify the problem(s).
[   29.001920] XFS (loop1): Quotacheck: Unsuccessful (Error -5): Disabling quotas.
[   29.002316] xfs filesystem being mounted at /root/syzkaller.L2DWoO/0/file0 supports timestamps until 2038 (0x7fffffff)
[   29.005194] XFS (loop5): totally zeroed log
[   29.005788] XFS (loop1): Unmounting Filesystem
[   29.008779] XFS (loop2): Ending clean mount
[   29.014287] XFS (loop7): DAX unsupported by block device. Turning off DAX.
[   29.014702] XFS (loop7): Mounting V4 Filesystem
[   29.015054] XFS (loop5): Ending clean mount
[   29.015851] XFS (loop2): Quotacheck needed: Please wait.
[   29.016246] XFS (loop5): Quotacheck needed: Please wait.
[   29.017696] repro: attempt to access beyond end of device
[   29.017696] loop5: rw=432129, sector=65535, nr_sectors = 16 limit=65536
[   29.018201] XFS (loop5): log I/O error -5
[   29.018503] XFS (loop5): Filesystem has been shut down due to log error (0x2).
[   29.018787] XFS (loop5): Please unmount the filesystem and rectify the problem(s).
[   29.019183] XFS (loop5): Quotacheck: Unsuccessful (Error -5): Disabling quotas.
[   29.019503] xfs filesystem being mounted at /root/syzkaller.50Blp7/0/file0 supports timestamps until 2038 (0x7fffffff)
[   29.021283] repro: attempt to access beyond end of device
[   29.021283] loop2: rw=432129, sector=65535, nr_sectors = 16 limit=65536
[   29.021791] XFS (loop2): log I/O error -5
[   29.021978] XFS (loop2): Filesystem has been shut down due to log error (0x2).
[   29.022272] XFS (loop2): Please unmount the filesystem and rectify the problem(s).
[   29.022686] XFS (loop2): Quotacheck: Unsuccessful (Error -5): Disabling quotas.
[   29.023006] xfs filesystem being mounted at /root/syzkaller.NHVveV/0/file0 supports timestamps until 2038 (0x7fffffff)
[   29.023339] BUG: kernel NULL pointer dereference, address: 00000000000002a8
[   29.023694] #PF: supervisor read access in kernel mode
[   29.023897] #PF: error_code(0x0000) - not-present page
[   29.024098] PGD 12195067 P4D 12195067 PUD ca34067 PMD 0 
[   29.024316] Oops: 0000 [#1] PREEMPT SMP NOPTI
[   29.024494] CPU: 0 PID: 649 Comm: kworker/0:5 Not tainted 5.19.0-rc5-952c53cd357c+ #1
[   29.024799] Hardware name: QEMU Standard PC (i440FX + PIIX, 1996), BIOS rel-1.16.0-0-gd239552ce722-prebuilt.qemu.org 04/01/2014
[   29.025238] Workqueue: xfs-inodegc/loop2 xfs_inodegc_worker
[   29.025466] RIP: 0010:xfs_dquot_alloc+0x95/0x1c0
[   29.025658] Code: c0 11 3f 85 48 c7 c6 3f 4b 77 83 e8 45 bc 71 ff 49 8b 8d 60 01 00 00 44 89 e0 31 d2 48 c7 c6 bc 92 74 83 48 8d bb 10 02 00 00 <f7> b1 a8 02 00 00 31 d2 89 c0 48 89 43 30 44 89 e0 4c 8d a3 08 02
[   29.026361] RSP: 0018:ffffc9000108bc30 EFLAGS: 00010246
[   29.026569] RAX: 0000000000000009 RBX: ffff88800d283bd0 RCX: 0000000000000000
[   29.026846] RDX: 0000000000000000 RSI: ffffffff837492bc RDI: ffff88800d283de0
[   29.027125] RBP: ffffc9000108bc58 R08: 0000000000000002 R09: 0000000000000000
[   29.027403] R10: ffffc9000108ba98 R11: ffff888026953140 R12: 0000000000000009
[   29.027679] R13: ffff888013add000 R14: ffff888013add000 R15: 0000000000000004
[   29.027956] FS:  0000000000000000(0000) GS:ffff88807dc00000(0000) knlGS:0000000000000000
[   29.028268] CS:  0010 DS: 0000 ES: 0000 CR0: 0000000080050033
[   29.028496] CR2: 00000000000002a8 CR3: 000000000d4e8004 CR4: 0000000000770ef0
[   29.028773] PKRU: 55555554
[   29.028885] Call Trace:
[   29.028985]  <TASK>
[   29.029076]  xfs_qm_dqread+0x46/0x430
[   29.029232]  ? xfs_qm_dqget_inode+0x13a/0x500
[   29.029414]  xfs_qm_dqget_inode+0x150/0x500
[   29.029587]  ? down_write_nested+0x6e/0x750
[   29.029763]  xfs_qm_dqattach_one+0x143/0x3c0
[   29.029942]  xfs_qm_dqattach_locked+0x146/0x170
[   29.030128]  xfs_qm_dqattach+0x52/0x80
[   29.030283]  xfs_inactive+0x186/0x340
[   29.030437]  xfs_inodegc_worker+0xc0/0x3f0
[   29.030605]  process_one_work+0x3eb/0x9a0
[   29.030773]  worker_thread+0x52/0x650
[   29.030925]  ? process_one_work+0x9a0/0x9a0
[   29.031095]  kthread+0x15d/0x1a0
[   29.031234]  ? kthread_complete_and_exit+0x40/0x40
[   29.031431]  ret_from_fork+0x1f/0x30
[   29.031586]  </TASK>
[   29.031680] Modules linked in:
[   29.031807] CR2: 00000000000002a8
[   29.031944] ---[ end trace 0000000000000000 ]---
[   29.032127] RIP: 0010:xfs_dquot_alloc+0x95/0x1c0
[   29.032316] Code: c0 11 3f 85 48 c7 c6 3f 4b 77 83 e8 45 bc 71 ff 49 8b 8d 60 01 00 00 44 89 e0 31 d2 48 c7 c6 bc 92 74 83 48 8d bb 10 02 00 00 <f7> b1 a8 02 00 00 31 d2 89 c0 48 89 43 30 44 89 e0 4c 8d a3 08 02
[   29.033019] RSP: 0018:ffffc9000108bc30 EFLAGS: 00010246
[   29.033230] RAX: 0000000000000009 RBX: ffff88800d283bd0 RCX: 0000000000000000
[   29.033509] RDX: 0000000000000000 RSI: ffffffff837492bc RDI: ffff88800d283de0
[   29.033785] RBP: ffffc9000108bc58 R08: 0000000000000002 R09: 0000000000000000
[   29.034062] R10: ffffc9000108ba98 R11: ffff888026953140 R12: 0000000000000009
[   29.034339] R13: ffff888013add000 R14: ffff888013add000 R15: 0000000000000004
[   29.034615] FS:  0000000000000000(0000) GS:ffff88807dc00000(0000) knlGS:0000000000000000
[   29.034927] CS:  0010 DS: 0000 ES: 0000 CR0: 0000000080050033
[   29.035154] CR2: 00000000000002a8 CR3: 000000000d4e8004 CR4: 0000000000770ef0
[   29.035431] PKRU: 55555554
[   29.035587] XFS (loop5): Unmounting Filesystem
[   29.035840] XFS (loop2): Unmounting Filesystem
[   29.037801] XFS (loop7): totally zeroed log
[   29.038453] XFS (loop7): Ending clean mount
[   29.227373] loop3: detected capacity change from 0 to 65536
[   29.229876] XFS: ikeep mount option is deprecated.
[   29.296704] loop0: detected capacity change from 0 to 65536
[   29.299240] XFS: ikeep mount option is deprecated.
[   29.307111] loop6: detected capacity change from 0 to 65536
[   29.307463] XFS: ikeep mount option is deprecated.
[   29.321332] loop1: detected capacity change from 0 to 65536
[   29.321684] XFS: ikeep mount option is deprecated.
[   29.326107] loop4: detected capacity change from 0 to 65536
[   29.326476] XFS: ikeep mount option is deprecated.
[   29.347007] loop5: detected capacity change from 0 to 65536
[   29.347368] XFS: ikeep mount option is deprecated.
