c[?7l[2J[0mSeaBIOS (version rel-1.16.0-0-gd239552ce722-prebuilt.qemu.org)


iPXE (http://ipxe.org) 00:03.0 CA00 PCI2.10 PnP PMM+7FF91000+7FEF1000 CA00
Press Ctrl-B to configure iPXE (PCI 00:03.0)...                                                                               


Booting from ROM..c[?7l[2J[    0.000000] Linux version 5.19.0-rc7-b67fbebd4cf9+ (root@p-adls01) (gcc (GCC) 8.5.0 20210514 (Red Hat 8.5.0-18), GNU ld version 2.36.1-2.el8) #1 SMP PREEMPT_DYNAMIC Wed Feb 22 17:29:44 CST 2023
[    0.000000] Command line: console=ttyS0 root=/dev/sda earlyprintk=serial net.ifnames=0
[    0.000000] KERNEL supported cpus:
[    0.000000]   Intel GenuineIntel
[    0.000000]   AMD AuthenticAMD
[    0.000000]   Hygon HygonGenuine
[    0.000000]   Centaur CentaurHauls
[    0.000000]   zhaoxin   Shanghai  
[    0.000000] x86/fpu: Supporting XSAVE feature 0x001: 'x87 floating point registers'
[    0.000000] x86/fpu: Supporting XSAVE feature 0x002: 'SSE registers'
[    0.000000] x86/fpu: Supporting XSAVE feature 0x004: 'AVX registers'
[    0.000000] x86/fpu: Supporting XSAVE feature 0x200: 'Protection Keys User registers'
[    0.000000] x86/fpu: xstate_offset[2]:  576, xstate_sizes[2]:  256
[    0.000000] x86/fpu: xstate_offset[9]:  832, xstate_sizes[9]:    8
[    0.000000] x86/fpu: Enabled xstate features 0x207, context size is 840 bytes, using 'compacted' format.
[    0.000000] signal: max sigframe size: 3632
[    0.000000] BIOS-provided physical RAM map:
[    0.000000] BIOS-e820: [mem 0x0000000000000000-0x000000000009fbff] usable
[    0.000000] BIOS-e820: [mem 0x000000000009fc00-0x000000000009ffff] reserved
[    0.000000] BIOS-e820: [mem 0x00000000000f0000-0x00000000000fffff] reserved
[    0.000000] BIOS-e820: [mem 0x0000000000100000-0x000000007ffdffff] usable
[    0.000000] BIOS-e820: [mem 0x000000007ffe0000-0x000000007fffffff] reserved
[    0.000000] BIOS-e820: [mem 0x00000000feffc000-0x00000000feffffff] reserved
[    0.000000] BIOS-e820: [mem 0x00000000fffc0000-0x00000000ffffffff] reserved
[    0.000000] printk: bootconsole [earlyser0] enabled
[    0.000000] NX (Execute Disable) protection: active
[    0.000000] SMBIOS 2.8 present.
[    0.000000] DMI: QEMU Standard PC (i440FX + PIIX, 1996), BIOS rel-1.16.0-0-gd239552ce722-prebuilt.qemu.org 04/01/2014
[    0.000000] Hypervisor detected: KVM
[    0.000000] kvm-clock: Using msrs 4b564d01 and 4b564d00
[    0.000002] kvm-clock: using sched offset of 327544062 cycles
[    0.000306] clocksource: kvm-clock: mask: 0xffffffffffffffff max_cycles: 0x1cd42e4dffb, max_idle_ns: 881590591483 ns
[    0.001252] tsc: Detected 3609.600 MHz processor
[    0.007428] last_pfn = 0x7ffe0 max_arch_pfn = 0x400000000
[    0.007807] x86/PAT: Configuration [0-7]: WB  WC  UC- UC  WB  WP  UC- WT  
[    0.015375] found SMP MP-table at [mem 0x000f5ba0-0x000f5baf]
[    0.015834] Using GB pages for direct mapping
[    0.017138] ACPI: Early table checksum verification disabled
[    0.017527] ACPI: RSDP 0x00000000000F59C0 000014 (v00 BOCHS )
[    0.017883] ACPI: RSDT 0x000000007FFE1951 000034 (v01 BOCHS  BXPC     00000001 BXPC 00000001)
[    0.018408] ACPI: FACP 0x000000007FFE17FD 000074 (v01 BOCHS  BXPC     00000001 BXPC 00000001)
[    0.018931] ACPI: DSDT 0x000000007FFE0040 0017BD (v01 BOCHS  BXPC     00000001 BXPC 00000001)
[    0.019446] ACPI: FACS 0x000000007FFE0000 000040
[    0.019730] ACPI: APIC 0x000000007FFE1871 000080 (v01 BOCHS  BXPC     00000001 BXPC 00000001)
[    0.020259] ACPI: HPET 0x000000007FFE18F1 000038 (v01 BOCHS  BXPC     00000001 BXPC 00000001)
[    0.020787] ACPI: WAET 0x000000007FFE1929 000028 (v01 BOCHS  BXPC     00000001 BXPC 00000001)
[    0.021300] ACPI: Reserving FACP table memory at [mem 0x7ffe17fd-0x7ffe1870]
[    0.021716] ACPI: Reserving DSDT table memory at [mem 0x7ffe0040-0x7ffe17fc]
[    0.022132] ACPI: Reserving FACS table memory at [mem 0x7ffe0000-0x7ffe003f]
[    0.022548] ACPI: Reserving APIC table memory at [mem 0x7ffe1871-0x7ffe18f0]
[    0.022963] ACPI: Reserving HPET table memory at [mem 0x7ffe18f1-0x7ffe1928]
[    0.023377] ACPI: Reserving WAET table memory at [mem 0x7ffe1929-0x7ffe1950]
[    0.024336] No NUMA configuration found
[    0.024563] Faking a node at [mem 0x0000000000000000-0x000000007ffdffff]
[    0.025011] NODE_DATA(0) allocated [mem 0x7ffb5000-0x7ffdffff]
[    0.028763] Zone ranges:
[    0.028918]   DMA      [mem 0x0000000000001000-0x0000000000ffffff]
[    0.029287]   DMA32    [mem 0x0000000001000000-0x000000007ffdffff]
[    0.029653]   Normal   empty
[    0.029826]   Device   empty
[    0.030000] Movable zone start for each node
[    0.030251] Early memory node ranges
[    0.030461]   node   0: [mem 0x0000000000001000-0x000000000009efff]
[    0.030830]   node   0: [mem 0x0000000000100000-0x000000007ffdffff]
[    0.031201] Initmem setup node 0 [mem 0x0000000000001000-0x000000007ffdffff]
[    0.034455] On node 0, zone DMA: 1 pages in unavailable ranges
[    0.034478] On node 0, zone DMA: 97 pages in unavailable ranges
[    0.053574] On node 0, zone DMA32: 32 pages in unavailable ranges
[    0.054143] ACPI: PM-Timer IO Port: 0x608
[    0.054768] ACPI: LAPIC_NMI (acpi_id[0xff] dfl dfl lint[0x1])
[    0.055162] IOAPIC[0]: apic_id 0, version 17, address 0xfec00000, GSI 0-23
[    0.055590] ACPI: INT_SRC_OVR (bus 0 bus_irq 0 global_irq 2 dfl dfl)
[    0.055970] ACPI: INT_SRC_OVR (bus 0 bus_irq 5 global_irq 5 high level)
[    0.056360] ACPI: INT_SRC_OVR (bus 0 bus_irq 9 global_irq 9 high level)
[    0.056748] ACPI: INT_SRC_OVR (bus 0 bus_irq 10 global_irq 10 high level)
[    0.057144] ACPI: INT_SRC_OVR (bus 0 bus_irq 11 global_irq 11 high level)
[    0.057553] ACPI: Using ACPI (MADT) for SMP configuration information
[    0.057926] ACPI: HPET id: 0x8086a201 base: 0xfed00000
[    0.058241] TSC deadline timer available
[    0.058473] smpboot: Allowing 2 CPUs, 0 hotplug CPUs
[    0.058811] kvm-guest: KVM setup pv remote TLB flush
[    0.059102] kvm-guest: setup PV sched yield
[    0.059403] PM: hibernation: Registered nosave memory: [mem 0x00000000-0x00000fff]
[    0.059846] PM: hibernation: Registered nosave memory: [mem 0x0009f000-0x0009ffff]
[    0.060286] PM: hibernation: Registered nosave memory: [mem 0x000a0000-0x000effff]
[    0.060725] PM: hibernation: Registered nosave memory: [mem 0x000f0000-0x000fffff]
[    0.061167] [mem 0x80000000-0xfeffbfff] available for PCI devices
[    0.061521] Booting paravirtualized kernel on KVM
[    0.061807] clocksource: refined-jiffies: mask: 0xffffffff max_cycles: 0xffffffff, max_idle_ns: 7645519600211568 ns
[    0.062427] setup_percpu: NR_CPUS:8192 nr_cpumask_bits:2 nr_cpu_ids:2 nr_node_ids:1
[    0.063951] percpu: Embedded 64 pages/cpu s225280 r8192 d28672 u1048576
[    0.064540] kvm-guest: PV spinlocks enabled
[    0.064795] PV qspinlock hash table entries: 256 (order: 0, 4096 bytes, linear)
[    0.065241] Fallback order for Node 0: 0 
[    0.065496] Built 1 zonelists, mobility grouping on.  Total pages: 515808
[    0.065896] Policy zone: DMA32
[    0.066079] Kernel command line: net.ifnames=0 console=ttyS0 root=/dev/sda earlyprintk=serial net.ifnames=0
[    0.068572] Dentry cache hash table entries: 262144 (order: 9, 2097152 bytes, linear)
[    0.069453] Inode-cache hash table entries: 131072 (order: 8, 1048576 bytes, linear)
[    0.069998] mem auto-init: stack:off, heap alloc:off, heap free:off
[    0.073130] Memory: 1985384K/2096632K available (32784K kernel code, 4463K rwdata, 8056K rodata, 3640K init, 22388K bss, 110992K reserved, 0K cma-reserved)
[    0.074870] SLUB: HWalign=64, Order=0-3, MinObjects=0, CPUs=2, Nodes=1
[    0.075242] kmemleak: Kernel memory leak detector disabled
[    0.075581] ftrace: allocating 66277 entries in 259 pages
[    0.094150] ftrace: allocated 259 pages with 3 groups
[    0.096809] Dynamic Preempt: voluntary
[    0.097216] Running RCU self tests
[    0.097412] rcu: Preemptible hierarchical RCU implementation.
[    0.097731] rcu: 	RCU lockdep checking is enabled.
[    0.097997] rcu: 	RCU restricting CPUs from NR_CPUS=8192 to nr_cpu_ids=2.
[    0.098375] 	Trampoline variant of Tasks RCU enabled.
[    0.098655] 	Rude variant of Tasks RCU enabled.
[    0.098907] 	Tracing variant of Tasks RCU enabled.
[    0.099174] rcu: RCU calculated value of scheduler-enlistment delay is 25 jiffies.
[    0.099593] rcu: Adjusting geometry for rcu_fanout_leaf=16, nr_cpu_ids=2
[    0.121503] NR_IRQS: 524544, nr_irqs: 440, preallocated irqs: 16
[    0.122125] rcu: srcu_init: Setting srcu_struct sizes based on contention.
[    0.127781] Console: colour VGA+ 80x25
[    0.128041] printk: console [ttyS0] enabled
[    0.128041] printk: console [ttyS0] enabled
[    0.128527] printk: bootconsole [earlyser0] disabled
[    0.128527] printk: bootconsole [earlyser0] disabled
[    0.129090] Lock dependency validator: Copyright (c) 2006 Red Hat, Inc., Ingo Molnar
[    0.129534] ... MAX_LOCKDEP_SUBCLASSES:  8
[    0.129773] ... MAX_LOCK_DEPTH:          48
[    0.130018] ... MAX_LOCKDEP_KEYS:        8192
[    0.130272] ... CLASSHASH_SIZE:          4096
[    0.130526] ... MAX_LOCKDEP_ENTRIES:     32768
[    0.130785] ... MAX_LOCKDEP_CHAINS:      65536
[    0.131046] ... CHAINHASH_SIZE:          32768
[    0.131305]  memory used by lock dependency info: 6365 kB
[    0.131617]  memory used for stack traces: 4224 kB
[    0.131896]  per task-struct memory footprint: 1920 bytes
[    0.132256] ACPI: Core revision 20220331
[    0.132683] clocksource: hpet: mask: 0xffffffff max_cycles: 0xffffffff, max_idle_ns: 19112604467 ns
[    0.133312] APIC: Switch to symmetric I/O mode setup
[    0.133720] x2apic enabled
[    0.134007] Switched APIC routing to physical x2apic.
[    0.134302] kvm-guest: setup PV IPIs
[    0.135178] ..TIMER: vector=0x30 apic1=0 pin1=2 apic2=-1 pin2=-1
[    0.135542] clocksource: tsc-early: mask: 0xffffffffffffffff max_cycles: 0x3407c077a8d, max_idle_ns: 440795342283 ns
[    0.136160] Calibrating delay loop (skipped) preset value.. 7219.20 BogoMIPS (lpj=14438400)
[    0.136648] pid_max: default: 32768 minimum: 301
[    0.137053] LSM: Security Framework initializing
[    0.140156] Yama: becoming mindful.
[    0.140547] Mount-cache hash table entries: 4096 (order: 3, 32768 bytes, linear)
[    0.140985] Mountpoint-cache hash table entries: 4096 (order: 3, 32768 bytes, linear)
[    0.142474] x86/cpu: User Mode Instruction Prevention (UMIP) activated
[    0.143348] Last level iTLB entries: 4KB 0, 2MB 0, 4MB 0
[    0.143684] Last level dTLB entries: 4KB 0, 2MB 0, 4MB 0, 1GB 0
[    0.144052] Spectre V1 : Mitigation: usercopy/swapgs barriers and __user pointer sanitization
[    0.144164] Spectre V2 : WARNING: Unprivileged eBPF is enabled with eIBRS on, data leaks possible via Spectre v2 BHB attacks!
[    0.144802] Spectre V2 : Mitigation: Enhanced IBRS
[    0.145067] Spectre V2 : Spectre v2 / SpectreRSB mitigation: Filling RSB on context switch
[    0.145519] Spectre V2 : mitigation: Enabling conditional Indirect Branch Prediction Barrier
[    0.145980] Speculative Store Bypass: Mitigation: Speculative Store Bypass disabled via prctl
[    0.233986] Freeing SMP alternatives memory: 56K
[    0.234584] smpboot: CPU0: 12th Gen Intel(R) Core(TM) i7-12700K (family: 0x6, model: 0x97, stepping: 0x2)
[    0.235534] cblist_init_generic: Setting adjustable number of callback queues.
[    0.235939] cblist_init_generic: Setting shift to 1 and lim to 1.
[    0.236147] cblist_init_generic: Setting shift to 1 and lim to 1.
[    0.236147] cblist_init_generic: Setting shift to 1 and lim to 1.
[    0.236147] Running RCU-tasks wait API self tests
[    0.336222] Performance Events: Alderlake Hybrid events, full-width counters, Intel PMU driver.
[    0.337069] core: cpu_core PMU driver: 
[    0.337289] ... version:                2
[    0.337512] ... bit width:              48
[    0.337737] ... generic registers:      6
[    0.337959] ... value mask:             0000ffffffffffff
[    0.338249] ... max period:             00007fffffffffff
[    0.338538] ... fixed-purpose events:   3
[    0.338759] ... event mask:             0001000f0000003f
[    0.339224] rcu: Hierarchical SRCU implementation.
[    0.341489] unchecked MSR access error: WRMSR to 0x38f (tried to write 0x0001000f0000003f) at rIP: 0xffffffff810c945c (native_write_msr+0xc/0x30)
[    0.342210] Call Trace:
[    0.342350]  <TASK>
[    0.342472]  __intel_pmu_enable_all.constprop.45+0x68/0x100
[    0.342786]  intel_pmu_enable_all+0x1e/0x30
[    0.343023]  x86_pmu_enable+0x46d/0x5a0
[    0.343240]  ? write_comp_data+0x2f/0x90
[    0.343468]  perf_pmu_enable+0x53/0x70
[    0.343689]  ctx_resched+0xab/0xf0
[    0.343887]  __perf_install_in_context+0x347/0x4b0
[    0.344147]  ? perf_duration_warn+0x50/0x50
[    0.344147]  ? perf_duration_warn+0x50/0x50
[    0.344147]  remote_function+0x80/0xa0
[    0.344147]  ? perf_duration_warn+0x50/0x50
[    0.344147]  generic_exec_single+0x124/0x190
[    0.344147]  smp_call_function_single+0x11c/0x240
[    0.344147]  ? perf_duration_warn+0x50/0x50
[    0.344147]  ? __sanitizer_cov_trace_pc+0x25/0x60
[    0.344147]  ? write_comp_data+0x2f/0x90
[    0.344147]  perf_install_in_context+0x2e8/0x310
[    0.344147]  ? ctx_resched+0xf0/0xf0
[    0.344147]  perf_event_create_kernel_counter+0x16a/0x200
[    0.344147]  ? hardlockup_detector_event_create+0xd0/0xd0
[    0.344147]  hardlockup_detector_event_create+0x46/0xd0
[    0.344147]  hardlockup_detector_perf_init+0x18/0x66
[    0.344147]  watchdog_nmi_probe+0x17/0x1d
[    0.344147]  lockup_detector_init+0x40/0xaf
[    0.344147]  kernel_init_freeable+0x264/0x411
[    0.344147]  ? rest_init+0x240/0x240
[    0.344147]  kernel_init+0x24/0x1e0
[    0.344147]  ? rest_init+0x240/0x240
[    0.344147]  ret_from_fork+0x1f/0x30
[    0.344147]  </TASK>
[    0.344173] Callback from call_rcu_tasks_trace() invoked.
[    0.344635] smp: Bringing up secondary CPUs ...
[    0.345288] x86: Booting SMP configuration:
[    0.345529] .... node  #0, CPUs:      #1
[    0.345895] smp: Brought up 1 node, 2 CPUs
[    0.345895] smpboot: Max logical packages: 1
[    0.345895] smpboot: Total of 2 processors activated (14438.40 BogoMIPS)
[    0.348823] devtmpfs: initialized
[    0.348823] x86/mm: Memory block size: 128MB
[    0.352522] clocksource: jiffies: mask: 0xffffffff max_cycles: 0xffffffff, max_idle_ns: 7645041785100000 ns
[    0.353073] futex hash table entries: 512 (order: 4, 65536 bytes, linear)
[    0.353659] pinctrl core: initialized pinctrl subsystem
[    0.354385] 
[    0.354476] *************************************************************
[    0.354843] **     NOTICE NOTICE NOTICE NOTICE NOTICE NOTICE NOTICE    **
[    0.356158] **                                                         **
[    0.356525] **  IOMMU DebugFS SUPPORT HAS BEEN ENABLED IN THIS KERNEL  **
[    0.356890] **                                                         **
[    0.357255] ** This means that this kernel is built to expose internal **
[    0.357620] ** IOMMU data structures, which may compromise security on **
[    0.357986] ** your system.                                            **
[    0.358356] **                                                         **
[    0.358728] ** If you see this message and you are not debugging the   **
[    0.359095] ** kernel, report this immediately to your vendor!         **
[    0.359463] **                                                         **
[    0.359830] **     NOTICE NOTICE NOTICE NOTICE NOTICE NOTICE NOTICE    **
[    0.360155] *************************************************************
[    0.360557] PM: RTC time: 09:49:26, date: 2023-02-22
[    0.362287] NET: Registered PF_NETLINK/PF_ROUTE protocol family
[    0.363095] DMA: preallocated 256 KiB GFP_KERNEL pool for atomic allocations
[    0.363490] DMA: preallocated 256 KiB GFP_KERNEL|GFP_DMA pool for atomic allocations
[    0.363919] DMA: preallocated 256 KiB GFP_KERNEL|GFP_DMA32 pool for atomic allocations
[    0.364196] audit: initializing netlink subsys (disabled)
[    0.364508] audit: type=2000 audit(1677059367.367:1): state=initialized audit_enabled=0 res=1
[    0.364983] thermal_sys: Registered thermal governor 'fair_share'
[    0.364993] thermal_sys: Registered thermal governor 'bang_bang'
[    0.364993] thermal_sys: Registered thermal governor 'step_wise'
[    0.364993] thermal_sys: Registered thermal governor 'user_space'
[    0.365483] cpuidle: using governor ladder
[    0.365483] cpuidle: using governor menu
[    0.368331] HugeTLB: can optimize 4095 vmemmap pages for hugepages-1048576kB
[    0.368729] acpiphp: ACPI Hot Plug PCI Controller Driver version: 0.5
[    0.369362] PCI: Using configuration type 1 for base access
[    0.381153] kprobes: kprobe jump-optimization is enabled. All kprobes are optimized if possible.
[    0.472833] HugeTLB: can optimize 7 vmemmap pages for hugepages-2048kB
[    0.473249] HugeTLB registered 1.00 GiB page size, pre-allocated 0 pages
[    0.473626] HugeTLB registered 2.00 MiB page size, pre-allocated 0 pages
[    0.476339] ACPI: Added _OSI(Module Device)
[    0.476592] ACPI: Added _OSI(Processor Device)
[    0.476843] ACPI: Added _OSI(3.0 _SCP Extensions)
[    0.477108] ACPI: Added _OSI(Processor Aggregator Device)
[    0.477412] ACPI: Added _OSI(Linux-Dell-Video)
[    0.477663] ACPI: Added _OSI(Linux-Lenovo-NV-HDMI-Audio)
[    0.477966] ACPI: Added _OSI(Linux-HPI-Hybrid-Graphics)
[    0.482668] ACPI: 1 ACPI AML tables successfully acquired and loaded
[    0.485552] ACPI: Interpreter enabled
[    0.485839] ACPI: PM: (supports S0 S3 S4 S5)
[    0.486082] ACPI: Using IOAPIC for interrupt routing
[    0.486398] PCI: Using host bridge windows from ACPI; if necessary, use "pci=nocrs" and report a bug
[    0.486902] PCI: Using E820 reservations for host bridge windows
[    0.487766] ACPI: Enabled 2 GPEs in block 00 to 0F
[    0.501046] ACPI: PCI Root Bridge [PCI0] (domain 0000 [bus 00-ff])
[    0.501421] acpi PNP0A03:00: _OSC: OS supports [ASPM ClockPM Segments MSI EDR HPX-Type3]
[    0.501879] acpi PNP0A03:00: _OSC: not requesting OS control; OS requires [ExtendedConfig ASPM ClockPM MSI]
[    0.502465] acpi PNP0A03:00: fail to add MMCONFIG information, can't access extended PCI configuration space under this bridge.
[    0.504636] acpiphp: Slot [3] registered
[    0.504914] acpiphp: Slot [4] registered
[    0.505188] acpiphp: Slot [5] registered
[    0.505461] acpiphp: Slot [6] registered
[    0.505743] acpiphp: Slot [7] registered
[    0.506018] acpiphp: Slot [8] registered
[    0.506290] acpiphp: Slot [9] registered
[    0.506564] acpiphp: Slot [10] registered
[    0.506842] acpiphp: Slot [11] registered
[    0.507126] acpiphp: Slot [12] registered
[    0.507404] acpiphp: Slot [13] registered
[    0.507682] acpiphp: Slot [14] registered
[    0.507960] acpiphp: Slot [15] registered
[    0.508201] acpiphp: Slot [16] registered
[    0.508487] acpiphp: Slot [17] registered
[    0.508764] acpiphp: Slot [18] registered
[    0.509042] acpiphp: Slot [19] registered
[    0.509326] acpiphp: Slot [20] registered
[    0.509604] acpiphp: Slot [21] registered
[    0.509892] acpiphp: Slot [22] registered
[    0.510170] acpiphp: Slot [23] registered
[    0.510448] acpiphp: Slot [24] registered
[    0.510726] acpiphp: Slot [25] registered
[    0.511004] acpiphp: Slot [26] registered
[    0.511294] acpiphp: Slot [27] registered
[    0.511574] acpiphp: Slot [28] registered
[    0.511852] acpiphp: Slot [29] registered
[    0.512132] acpiphp: Slot [30] registered
[    0.512208] acpiphp: Slot [31] registered
[    0.512450] PCI host bridge to bus 0000:00
[    0.512684] pci_bus 0000:00: root bus resource [io  0x0000-0x0cf7 window]
[    0.513065] pci_bus 0000:00: root bus resource [io  0x0d00-0xffff window]
[    0.513450] pci_bus 0000:00: root bus resource [mem 0x000a0000-0x000bffff window]
[    0.513868] pci_bus 0000:00: root bus resource [mem 0x80000000-0xfebfffff window]
[    0.514287] pci_bus 0000:00: root bus resource [mem 0x100000000-0x17fffffff window]
[    0.514715] pci_bus 0000:00: root bus resource [bus 00-ff]
[    0.515087] pci 0000:00:00.0: [8086:1237] type 00 class 0x060000
[    0.517884] pci 0000:00:01.0: [8086:7000] type 00 class 0x060100
[    0.518720] pci 0000:00:01.1: [8086:7010] type 00 class 0x010180
[    0.520000] pci 0000:00:01.1: reg 0x20: [io  0xc040-0xc04f]
[    0.520569] pci 0000:00:01.1: legacy IDE quirk: reg 0x10: [io  0x01f0-0x01f7]
[    0.520973] pci 0000:00:01.1: legacy IDE quirk: reg 0x14: [io  0x03f6]
[    0.521344] pci 0000:00:01.1: legacy IDE quirk: reg 0x18: [io  0x0170-0x0177]
[    0.521744] pci 0000:00:01.1: legacy IDE quirk: reg 0x1c: [io  0x0376]
[    0.522309] pci 0000:00:01.3: [8086:7113] type 00 class 0x068000
[    0.522873] pci 0000:00:01.3: quirk: [io  0x0600-0x063f] claimed by PIIX4 ACPI
[    0.523285] pci 0000:00:01.3: quirk: [io  0x0700-0x070f] claimed by PIIX4 SMB
[    0.524024] pci 0000:00:02.0: [1234:1111] type 00 class 0x030000
[    0.525526] pci 0000:00:02.0: reg 0x10: [mem 0xfd000000-0xfdffffff pref]
[    0.526948] pci 0000:00:02.0: reg 0x18: [mem 0xfebf0000-0xfebf0fff]
[    0.529710] pci 0000:00:02.0: reg 0x30: [mem 0xfebe0000-0xfebeffff pref]
[    0.530236] pci 0000:00:02.0: Video device with shadowed ROM at [mem 0x000c0000-0x000dffff]
[    0.533204] pci 0000:00:03.0: [8086:100e] type 00 class 0x020000
[    0.534078] pci 0000:00:03.0: reg 0x10: [mem 0xfebc0000-0xfebdffff]
[    0.534877] pci 0000:00:03.0: reg 0x14: [io  0xc000-0xc03f]
[    0.536455] pci 0000:00:03.0: reg 0x30: [mem 0xfeb80000-0xfebbffff pref]
[    0.544681] ACPI: PCI: Interrupt link LNKA configured for IRQ 10
[    0.545319] ACPI: PCI: Interrupt link LNKB configured for IRQ 10
[    0.545935] ACPI: PCI: Interrupt link LNKC configured for IRQ 11
[    0.546545] ACPI: PCI: Interrupt link LNKD configured for IRQ 11
[    0.547014] ACPI: PCI: Interrupt link LNKS configured for IRQ 9
[    0.548316] iommu: Default domain type: Translated 
[    0.548611] iommu: DMA domain TLB invalidation policy: lazy mode 
[    0.549832] SCSI subsystem initialized
[    0.550295] ACPI: bus type USB registered
[    0.550578] usbcore: registered new interface driver usbfs
[    0.550924] usbcore: registered new interface driver hub
[    0.551245] usbcore: registered new device driver usb
[    0.551617] pps_core: LinuxPPS API ver. 1 registered
[    0.551898] pps_core: Software ver. 5.3.6 - Copyright 2005-2007 Rodolfo Giometti <giometti@linux.it>
[    0.552163] PTP clock support registered
[    0.552518] EDAC MC: Ver: 3.0.0
[    0.553770] NetLabel: Initializing
[    0.553973] NetLabel:  domain hash size = 128
[    0.554219] NetLabel:  protocols = UNLABELED CIPSOv4 CALIPSO
[    0.554599] NetLabel:  unlabeled traffic allowed by default
[    0.555144] PCI: Using ACPI for IRQ routing
[    0.555560] pci 0000:00:02.0: vgaarb: setting as boot VGA device
[    0.555906] pci 0000:00:02.0: vgaarb: bridge control possible
[    0.556147] pci 0000:00:02.0: vgaarb: VGA device added: decodes=io+mem,owns=io+mem,locks=none
[    0.556152] vgaarb: loaded
[    0.556659] hpet0: at MMIO 0xfed00000, IRQs 2, 8, 0
[    0.556949] hpet0: 3 comparators, 64-bit 100.000000 MHz counter
[    2.484757] Callback from call_rcu_tasks_rude() invoked.
[    2.485255] clocksource: Switched to clocksource kvm-clock
[    2.486246] VFS: Disk quotas dquot_6.6.0
[    2.486514] VFS: Dquot-cache hash table entries: 512 (order 0, 4096 bytes)
[    2.487119] pnp: PnP ACPI init
[    2.488345] pnp: PnP ACPI: found 6 devices
[    2.498492] clocksource: acpi_pm: mask: 0xffffff max_cycles: 0xffffff, max_idle_ns: 2085701024 ns
[    2.499294] NET: Registered PF_INET protocol family
[    2.499736] IP idents hash table entries: 32768 (order: 6, 262144 bytes, linear)
[    2.500935] tcp_listen_portaddr_hash hash table entries: 1024 (order: 4, 73728 bytes, linear)
[    2.501451] Table-perturb hash table entries: 65536 (order: 6, 262144 bytes, linear)
[    2.501888] TCP established hash table entries: 16384 (order: 5, 131072 bytes, linear)
[    2.502461] TCP bind hash table entries: 16384 (order: 8, 1179648 bytes, linear)
[    2.503694] TCP: Hash tables configured (established 16384 bind 16384)
[    2.504188] UDP hash table entries: 1024 (order: 5, 163840 bytes, linear)
[    2.504651] UDP-Lite hash table entries: 1024 (order: 5, 163840 bytes, linear)
[    2.505243] NET: Registered PF_UNIX/PF_LOCAL protocol family
[    2.505880] RPC: Registered named UNIX socket transport module.
[    2.506225] RPC: Registered udp transport module.
[    2.506490] RPC: Registered tcp transport module.
[    2.506754] RPC: Registered tcp NFSv4.1 backchannel transport module.
[    2.507131] pci_bus 0000:00: resource 4 [io  0x0000-0x0cf7 window]
[    2.507482] pci_bus 0000:00: resource 5 [io  0x0d00-0xffff window]
[    2.507830] pci_bus 0000:00: resource 6 [mem 0x000a0000-0x000bffff window]
[    2.508227] pci_bus 0000:00: resource 7 [mem 0x80000000-0xfebfffff window]
[    2.508614] pci_bus 0000:00: resource 8 [mem 0x100000000-0x17fffffff window]
[    2.509196] pci 0000:00:01.0: PIIX3: Enabling Passive Release
[    2.509528] pci 0000:00:00.0: Limiting direct PCI/PCI transfers
[    2.509875] pci 0000:00:01.0: Activating ISA DMA hang workarounds
[    2.510279] PCI: CLS 0 bytes, default 64
[    2.510539] ACPI: bus type thunderbolt registered
[    2.511062] clocksource: tsc: mask: 0xffffffffffffffff max_cycles: 0x3407c077a8d, max_idle_ns: 440795342283 ns
[    2.592213] Callback from call_rcu_tasks() invoked.
[    2.624949] Initialise system trusted keyrings
[    2.625549] Key type blacklist registered
[    2.626303] workingset: timestamp_bits=36 max_order=19 bucket_order=0
[    2.635864] zbud: loaded
[    2.637767] squashfs: version 4.0 (2009/01/31) Phillip Lougher
[    2.639416] NFS: Registering the id_resolver key type
[    2.639749] Key type id_resolver registered
[    2.639996] Key type id_legacy registered
[    2.640334] nfs4filelayout_init: NFSv4 File Layout Driver Registering...
[    2.640750] nfs4flexfilelayout_init: NFSv4 Flexfile Layout Driver Registering...
[    2.641389] fuse: init (API version 7.36)
[    2.641975] SGI XFS with ACLs, security attributes, realtime, quota, no debug enabled
[    2.644059] 9p: Installing v9fs 9p2000 file system support
[    2.649861] Key type asymmetric registered
[    2.650148] Asymmetric key parser 'x509' registered
[    2.651524] alg: self-tests for CTR-KDF (hmac(sha256)) passed
[    2.651948] Block layer SCSI generic (bsg) driver version 0.4 loaded (major 243)
[    2.652532] io scheduler mq-deadline registered
[    2.652847] io scheduler bfq registered
[    2.654034] shpchp: Standard Hot Plug PCI Controller Driver version: 0.4
[    2.654800] IPMI message handler: version 39.2
[    2.655120] ipmi device interface
[    2.656672] input: Power Button as /devices/LNXSYSTM:00/LNXPWRBN:00/input/input0
[    2.657415] ACPI: button: Power Button [PWRF]
[    2.658434] ERST DBG: ERST support is disabled.
[    2.659206] Serial: 8250/16550 driver, 32 ports, IRQ sharing enabled
[    2.659968] 00:04: ttyS0 at I/O 0x3f8 (irq = 4, base_baud = 115200) is a 16550A
[    2.667411] Linux agpgart interface v0.103
[    2.668180] ACPI: bus type drm_connector registered
[    2.679178] brd: module loaded
[    2.685350] loop: module loaded
[    2.688805] scsi host0: ata_piix
[    2.689521] scsi host1: ata_piix
[    2.689859] ata1: PATA max MWDMA2 cmd 0x1f0 ctl 0x3f6 bmdma 0xc040 irq 14
[    2.690261] ata2: PATA max MWDMA2 cmd 0x170 ctl 0x376 bmdma 0xc048 irq 15
[    2.691750] tun: Universal TUN/TAP device driver, 1.6
[    2.692237] e100: Intel(R) PRO/100 Network Driver
[    2.692519] e100: Copyright(c) 1999-2006 Intel Corporation
[    2.692877] e1000: Intel(R) PRO/1000 Network Driver
[    2.693167] e1000: Copyright (c) 1999-2006 Intel Corporation.
[    2.841829] ACPI: \_SB_.LNKC: Enabled at IRQ 11
[    2.848266] ata2: found unknown device (class 0)
[    2.848830] ata1: found unknown device (class 0)
[    2.849923] ata2.00: ATAPI: QEMU DVD-ROM, 2.5+, max UDMA/100
[    2.850441] ata1.00: ATA-7: QEMU HARDDISK, 2.5+, max UDMA/100
[    2.851066] ata1.00: 16777216 sectors, multi 16: LBA48 
[    2.863062] scsi 0:0:0:0: Direct-Access     ATA      QEMU HARDDISK    2.5+ PQ: 0 ANSI: 5
[    2.864995] sd 0:0:0:0: Attached scsi generic sg0 type 0
[    2.865304] sd 0:0:0:0: [sda] 16777216 512-byte logical blocks: (8.59 GB/8.00 GiB)
[    2.865792] scsi 1:0:0:0: CD-ROM            QEMU     QEMU DVD-ROM     2.5+ PQ: 0 ANSI: 5
[    2.866046] sd 0:0:0:0: [sda] Write Protect is off
[    2.866812] sd 0:0:0:0: [sda] Write cache: enabled, read cache: enabled, doesn't support DPO or FUA
[    2.867377] sd 0:0:0:0: [sda] Preferred minimum I/O size 512 bytes
[    2.893853] scsi 1:0:0:0: Attached scsi generic sg1 type 5
[    2.895578] sd 0:0:0:0: [sda] Attached SCSI disk
[    3.158541] e1000 0000:00:03.0 eth0: (PCI:33MHz:32-bit) 52:54:00:12:34:56
[    3.158970] e1000 0000:00:03.0 eth0: Intel(R) PRO/1000 Network Connection
[    3.159444] e1000e: Intel(R) PRO/1000 Network Driver
[    3.159728] e1000e: Copyright(c) 1999 - 2015 Intel Corporation.
[    3.160115] igb: Intel(R) Gigabit Ethernet Network Driver
[    3.160428] igb: Copyright (c) 2007-2014 Intel Corporation.
[    3.160824] PPP generic driver version 2.4.2
[    3.161559] VFIO - User Level meta-driver version: 0.3
[    3.161894] ehci_hcd: USB 2.0 'Enhanced' Host Controller (EHCI) Driver
[    3.162281] ehci-pci: EHCI PCI platform driver
[    3.162561] ehci-platform: EHCI generic platform driver
[    3.162871] ohci_hcd: USB 1.1 'Open' Host Controller (OHCI) Driver
[    3.163222] ohci-pci: OHCI PCI platform driver
[    3.163494] ohci-platform: OHCI generic platform driver
[    3.163809] uhci_hcd: USB Universal Host Controller Interface driver
[    3.164436] usbcore: registered new interface driver uas
[    3.164788] usbcore: registered new interface driver usb-storage
[    3.165226] i8042: PNP: PS/2 Controller [PNP0303:KBD,PNP0f13:MOU] at 0x60,0x64 irq 1,12
[    3.166388] serio: i8042 KBD port at 0x60,0x64 irq 1
[    3.166705] serio: i8042 AUX port at 0x60,0x64 irq 12
[    3.167580] mousedev: PS/2 mouse device common for all mice
[    3.168575] input: AT Translated Set 2 keyboard as /devices/platform/i8042/serio0/input/input1
[    3.169886] input: VirtualPS/2 VMware VMMouse as /devices/platform/i8042/serio1/input/input4
[    3.170733] rtc_cmos 00:05: RTC can wake from S4
[    3.171200] input: VirtualPS/2 VMware VMMouse as /devices/platform/i8042/serio1/input/input3
[    3.172519] rtc_cmos 00:05: registered as rtc0
[    3.172840] rtc_cmos 00:05: setting system clock to 2023-02-22T09:49:29 UTC (1677059369)
[    3.173433] rtc_cmos 00:05: alarms up to one day, y3k, 242 bytes nvram, hpet irqs
[    3.173898] i2c_dev: i2c /dev entries driver
[    3.174191] device-mapper: core: CONFIG_IMA_DISABLE_HTABLE is disabled. Duplicate IMA measurements will not be recorded in the IMA log.
[    3.174982] device-mapper: uevent: version 1.0.3
[    3.175477] device-mapper: ioctl: 4.46.0-ioctl (2022-02-22) initialised: dm-devel@redhat.com
[    3.175977] intel_pstate: CPU model not supported
[    3.176329] sdhci: Secure Digital Host Controller Interface driver
[    3.176694] sdhci: Copyright(c) Pierre Ossman
[    3.177014] sdhci-pltfm: SDHCI platform and OF driver helper
[    3.177413] ledtrig-cpu: registered to indicate activity on CPUs
[    3.178036] drop_monitor: Initializing network drop monitor service
[    3.178965] NET: Registered PF_INET6 protocol family
[    3.180701] Segment Routing with IPv6
[    3.180948] In-situ OAM (IOAM) with IPv6
[    3.181215] NET: Registered PF_PACKET protocol family
[    3.181745] 9pnet: Installing 9P2000 support
[    3.182057] Key type dns_resolver registered
[    3.182931] IPI shorthand broadcast: enabled
[    3.183236] sched_clock: Marking stable (3173116802, 9633950)->(3193427960, -10677208)
[    3.184191] registered taskstats version 1
[    3.184562] Loading compiled-in X.509 certificates
[    3.185085] zswap: loaded using pool lzo/zbud
[    3.185900] Key type ._fscrypt registered
[    3.186137] Key type .fscrypt registered
[    3.186365] Key type fscrypt-provisioning registered
[    3.187436] Key type encrypted registered
[    3.187747] ima: No TPM chip found, activating TPM-bypass!
[    3.188107] ima: Allocated hash algorithm: sha1
[    3.188450] ima: No architecture policies found
[    3.188758] evm: Initialising EVM extended attributes:
[    3.189068] evm: security.selinux
[    3.189268] evm: security.SMACK64
[    3.189467] evm: security.SMACK64EXEC
[    3.189713] evm: security.SMACK64TRANSMUTE
[    3.189958] evm: security.SMACK64MMAP
[    3.190177] evm: security.apparmor
[    3.190382] evm: security.ima
[    3.190562] evm: security.capability
[    3.190776] evm: HMAC attrs: 0x1
[    3.194617] PM:   Magic number: 11:369:829
[    3.195216] RAS: Correctable Errors collector initialized.
[    3.196465] md: Waiting for all devices to be available before autodetect
[    3.196738] md: If you don't use raid, use raid=noautodetect
[    3.196967] md: Autodetecting RAID arrays.
[    3.197139] md: autorun ...
[    3.197257] md: ... autorun DONE.
[    3.201777] EXT4-fs (sda): mounted filesystem with ordered data mode. Quota mode: none.
[    3.202145] VFS: Mounted root (ext4 filesystem) readonly on device 8:0.
[    3.203690] devtmpfs: mounted
[    3.211797] Freeing unused decrypted memory: 2036K
[    3.213471] Freeing unused kernel image (initmem) memory: 3640K
[    3.228324] Write protecting the kernel read-only data: 43008k
[    3.230715] Freeing unused kernel image (text/rodata gap) memory: 2028K
[    3.231118] Freeing unused kernel image (rodata/data gap) memory: 136K
[    3.304737] x86/mm: Checked W+X mappings: passed, no W+X pages found.
[    3.305068] Run /sbin/init as init process
[    3.373197] systemd[1]: RTC configured in localtime, applying delta of 0 minutes to system time.
[    3.394493] systemd[1]: systemd 239 (239-49.el8) running in system mode. (+PAM +AUDIT +SELINUX +IMA -APPARMOR +SMACK +SYSVINIT +UTMP +LIBCRYPTSETUP +GCRYPT +GNUTLS +ACL +XZ +LZ4 +SECCOMP +BLKID +ELFUTILS +KMOD +IDN2 -IDN +PCRE2 default-hierarchy=legacy)
[    3.395509] systemd[1]: Detected virtualization kvm.
[    3.395717] systemd[1]: Detected architecture x86-64.

Welcome to [0;31mCentOS Stream 8[0m!

[    3.419493] systemd[1]: Set hostname to <test>.
[    5.228203] random: crng init done
[    5.317972] systemd[1]: Created slice system-sshd\x2dkeygen.slice.
[[0;32m  OK  [0m] Created slice system-sshd\x2dkeygen.slice.
[    5.319216] systemd[1]: Listening on RPCbind Server Activation Socket.
[[0;32m  OK  [0m] Listening on RPCbind Server Activation Socket.
[    5.320039] systemd[1]: Listening on LVM2 poll daemon socket.
[[0;32m  OK  [0m] Listening on LVM2 poll daemon socket.
[    5.320745] systemd[1]: Listening on multipathd control socket.
[[0;32m  OK  [0m] Listening on multipathd control socket.
[    5.326671] systemd[1]: Listening on Process Core Dump Socket.
[[0;32m  OK  [0m] Listening on Process Core Dump Socket.
[    5.327394] systemd[1]: Started Forward Password Requests to Wall Directory Watch.
[[0;32m  OK  [0m] Started Forward Password Requests to Wall Directory Watch.
[[0;32m  OK  [0m] Reached target Swap.
[[0;32m  OK  [0m] Created slice system-getty.slice.
[[0;32m  OK  [0m] Listening on Journal Socket (/dev/log).
[[0;32m  OK  [0m] Listening on Device-mapper event daemon FIFOs.
[[0;32m  OK  [0m] Listening on udev Control Socket.
[[0;32m  OK  [0m] Reached target RPC Port Mapper.
[[0;32m  OK  [0m] Created slice User and Session Slice.
[[0;32m  OK  [0m] Reached target Slices.
[[0;32m  OK  [0m] Set up automount Arbitrary Executabâ€¦rmats File System Automount Point.
[[0;32m  OK  [0m] Created slice system-serial\x2dgetty.slice.
[[0;32m  OK  [0m] Listening on Journal Socket.
         Starting Load Kernel Modules...
         Mounting Huge Pages File System...
         Starting Journal Service...
         Mounting POSIX Message Queue File System...
         Starting Monitoring of LVM2 mirrorsâ€¦ng dmeventd or progress polling...
         Starting Setup Virtual Console...
         Mounting Kernel Debug File System...
[[0;32m  OK  [0m] Listening on udev Kernel Socket.
         Starting udev Coldplug all Devices...
[[0;32m  OK  [0m] Listening on initctl Compatibility Named Pipe.
         Starting Remount Root and Kernel File Systems...
[[0;1;31mFAILED[0m] Failed to start Load Kernel Modules.
See 'systemctl status systemd-modules-load.service' for details.
[[0;32m  OK  [0m] Started Journal Service.
[[0;32m  OK  [0m] Mounted Huge Pages File System.
[[0;32m  OK  [0m] Mounted POSIX Message Queue File System.
[[0;32m  OK  [0m] Mounted Kernel Debug File System.
         Mounting FUSE Control File System...
         Mounting Kernel Configuration File System...
         Starting Apply Kernel Variables...
[[0;32m  OK  [0m] Mounted FUSE Control File System.
[[0;32m  OK  [0m] Mounted Kernel Configuration File System.
[[0;32m  OK  [0m] Started Apply Kernel Variables.
[    5.660178] EXT4-fs (sda): re-mounted. Quota mode: none.
[[0;32m  OK  [0m] Started Remount Root and Kernel File Systems.
         Starting Create Static Device Nodes in /dev...
         Starting Load/Save Random Seed...
         Starting Flush Journal to Persistent Storage...
[[0;32m  OK  [0m] Started Setup Virtual Console.
[[0;32m  OK  [0m] Started Load/Save Random Seed.
[[0;32m  OK  [0m] Started Create Static Device Nodes in /dev.
[[0;32m  OK  [0m] Started Flush Journal to Persistent Storage.
         Starting udev Kernel Device Manager...
[[0;32m  OK  [0m] Started udev Coldplug all Devices.
         Starting udev Wait for Complete Device Initialization...
[[0;32m  OK  [0m] Started udev Kernel Device Manager.
         Starting Show Plymouth Boot Screen...
[[0;32m  OK  [0m] Started Show Plymouth Boot Screen.
[[0;32m  OK  [0m] Reached target Local Encrypted Volumes.
[[0;32m  OK  [0m] Reached target Paths.
[[0;32m  OK  [0m] Started Forward Password Requests to Plymouth Directory Watch.
[[0;32m  OK  [0m] Found device /dev/ttyS0.
[[0;32m  OK  [0m] Started udev Wait for Complete Device Initialization.
[[0;32m  OK  [0m] Started Monitoring of LVM2 mirrors,â€¦sing dmeventd or progress polling.
[[0;32m  OK  [0m] Listening on Load/Save RF Kill Switch Status /dev/rfkill Watch.
[[0;32m  OK  [0m] Reached target Local File Systems (Pre).
[[0;32m  OK  [0m] Reached target Local File Systems.
         Starting Restore /run/initramfs on shutdown...
         Starting Create Volatile Files and Directories...
         Starting Tell Plymouth To Write Out Runtime Data...
[[0;32m  OK  [0m] Started Restore /run/initramfs on shutdown.
[[0;32m  OK  [0m] Started Create Volatile Files and Directories.
[[0;32m  OK  [0m] Started Tell Plymouth To Write Out Runtime Data.
         Mounting RPC Pipe File System...
         Starting Security Auditing Service...
         Starting RPC Bind...
[[0;32m  OK  [0m] Mounted RPC Pipe File System.
[[0;32m  OK  [0m] Reached target rpc_pipefs.target.
[[0;32m  OK  [0m] Started RPC Bind.
[[0;32m  OK  [0m] Started Security Auditing Service.
         Starting Update UTMP about System Boot/Shutdown...
[[0;32m  OK  [0m] Started Update UTMP about System Boot/Shutdown.
[[0;32m  OK  [0m] Reached target System Initialization.
[[0;32m  OK  [0m] Started dnf makecache --timer.
[[0;32m  OK  [0m] Listening on D-Bus System Message Bus Socket.
[[0;32m  OK  [0m] Listening on SSSD Kerberos Cache Manager responder socket.
[[0;32m  OK  [0m] Reached target Sockets.
[[0;32m  OK  [0m] Reached target Basic System.
         Starting Auto-connect to subsystemsâ€¦-NVME devices found during boot...
[[0;32m  OK  [0m] Started D-Bus System Message Bus.
         Starting NTP client/server...
         Starting Network Manager...
         Starting Authorization Manager...
         Starting Login Service...
         Starting Self Monitoring and Reporting Technology (SMART) Daemon...
[[0;32m  OK  [0m] Started irqbalance daemon.
[[0;32m  OK  [0m] Started Machine Check Exception Logging Daemon.
[[0;32m  OK  [0m] Reached target sshd-keygen.target.
[[0;32m  OK  [0m] Started Daily Cleanup of Temporary Directories.
[[0;32m  OK  [0m] Started daily update of the root trust anchor for DNSSEC.
[[0;32m  OK  [0m] Reached target Timers.
[[0;32m  OK  [0m] Started Auto-connect to subsystems â€¦FC-NVME devices found during boot.
         Starting update of the root trust aâ€¦or DNSSEC validation in unbound...
[[0;32m  OK  [0m] Started Login Service.
[[0;32m  OK  [0m] Started Self Monitoring and Reporting Technology (SMART) Daemon.
[[0;32m  OK  [0m] Started Network Manager.
[[0;32m  OK  [0m] Reached target Network.
         Starting GSSAPI Proxy Daemon...
         Starting OpenSSH server daemon...
         Starting Dynamic System Tuning Daemon...
         Starting Network Manager Wait Online...
[[0;32m  OK  [0m] Started update of the root trust anâ€¦ for DNSSEC validation in unbound.
[[0;32m  OK  [0m] Started NTP client/server.
[[0;32m  OK  [0m] Started GSSAPI Proxy Daemon.
         Starting Hostname Service...
[[0;32m  OK  [0m] Reached target NFS client services.
[[0;32m  OK  [0m] Reached target Remote File Systems (Pre).
[[0;32m  OK  [0m] Reached target Remote File Systems.
         Starting Permit User Sessions...
[[0;32m  OK  [0m] Started Permit User Sessions.
         Starting Terminate Plymouth Boot Screen...
         Starting Hold until boot process finishes up...
[[0;32m  OK  [0m] Started Command Scheduler.
[[0;32m  OK  [0m] Started OpenSSH server daemon.
[[0;32m  OK  [0m] Started Terminate Plymouth Boot Screen.
[[0;32m  OK  [0m] Started Hold until boot process finishes up.
[    7.108304] e1000: eth0 NIC Link is Up 1000 Mbps Full Duplex, Flow Control: RX
[    7.108957] IPv6: ADDRCONF(NETDEV_CHANGE): eth0: link becomes ready
[    7.331866] Spectre V2 : WARNING: Unprivileged eBPF is enabled with eIBRS on, data leaks possible via Spectre v2 BHB attacks!
[    7.332380] Spectre V2 : WARNING: Unprivileged eBPF is enabled with eIBRS on, data leaks possible via Spectre v2 BHB attacks!

CentOS Stream 8
Kernel 5.19.0-rc7-b67fbebd4cf9+ on an x86_64

test login: [   28.690256] loop3: detected capacity change from 0 to 65536
[   28.692902] =======================================================
[   28.692902] WARNING: The mand mount option has been deprecated and
[   28.692902]          and is ignored by this kernel. Remove the mand
[   28.692902]          option from the mount to silence this warning.
[   28.692902] =======================================================
[   28.698478] XFS: ikeep mount option is deprecated.
[   28.701388] loop5: detected capacity change from 0 to 65536
[   28.703951] XFS: ikeep mount option is deprecated.
[   28.705264] loop7: detected capacity change from 0 to 65536
[   28.705654] XFS: ikeep mount option is deprecated.
[   28.721364] loop2: detected capacity change from 0 to 65536
[   28.721827] XFS: ikeep mount option is deprecated.
[   28.723308] loop0: detected capacity change from 0 to 65536
[   28.723735] XFS: ikeep mount option is deprecated.
[   28.735185] XFS (loop3): Deprecated V4 format (crc=0) will not be supported after September 2030.
[   28.735616] XFS (loop3): DAX unsupported by block device. Turning off DAX.
[   28.736129] XFS (loop3): Mounting V4 Filesystem
[   28.736458] loop4: detected capacity change from 0 to 65536
[   28.737022] XFS: ikeep mount option is deprecated.
[   28.737549] XFS (loop7): DAX unsupported by block device. Turning off DAX.
[   28.737575] XFS (loop5): DAX unsupported by block device. Turning off DAX.
[   28.738245] XFS (loop5): Mounting V4 Filesystem
[   28.738255] XFS (loop7): Mounting V4 Filesystem
[   28.740761] loop6: detected capacity change from 0 to 65536
[   28.741193] XFS: ikeep mount option is deprecated.
[   28.741806] XFS (loop2): DAX unsupported by block device. Turning off DAX.
[   28.742197] XFS (loop2): Mounting V4 Filesystem
[   28.743096] XFS (loop5): totally zeroed log
[   28.743098] XFS (loop7): totally zeroed log
[   28.743543] XFS (loop3): totally zeroed log
[   28.743583] XFS (loop2): totally zeroed log
[   28.743813] XFS (loop0): DAX unsupported by block device. Turning off DAX.
[   28.744731] XFS (loop4): DAX unsupported by block device. Turning off DAX.
[   28.745075] XFS (loop3): Ending clean mount
[   28.745468] XFS (loop4): Mounting V4 Filesystem
[   28.745587] XFS (loop5): Ending clean mount
[   28.745976] XFS (loop0): Mounting V4 Filesystem
[   28.745996] XFS (loop7): Ending clean mount
[   28.746520] XFS (loop2): Ending clean mount
[   28.746780] XFS (loop3): Quotacheck needed: Please wait.
[   28.748789] XFS (loop5): Quotacheck needed: Please wait.
[   28.748817] XFS (loop7): Quotacheck needed: Please wait.
[   28.749355] XFS (loop2): Quotacheck needed: Please wait.
[   28.755787] loop1: detected capacity change from 0 to 65536
[   28.756421] XFS: ikeep mount option is deprecated.
[   28.756967] repro: attempt to access beyond end of device
[   28.756967] loop3: rw=432129, sector=65535, nr_sectors = 16 limit=65536
[   28.757554] XFS (loop3): log I/O error -5
[   28.757774] XFS (loop3): Filesystem has been shut down due to log error (0x2).
[   28.758065] XFS (loop3): Please unmount the filesystem and rectify the problem(s).
[   28.758574] XFS (loop4): totally zeroed log
[   28.758652] XFS (loop0): totally zeroed log
[   28.758844] XFS (loop6): DAX unsupported by block device. Turning off DAX.
[   28.760259] repro: attempt to access beyond end of device
[   28.760259] loop5: rw=432129, sector=65535, nr_sectors = 16 limit=65536
[   28.760658] XFS (loop6): Mounting V4 Filesystem
[   28.760781] XFS (loop5): log I/O error -5
[   28.761126] XFS (loop5): Filesystem has been shut down due to log error (0x2).
[   28.761419] XFS (loop5): Please unmount the filesystem and rectify the problem(s).
[   28.761915] XFS (loop5): Quotacheck: Unsuccessful (Error -5): Disabling quotas.
[   28.762729] xfs filesystem being mounted at /root/syzkaller.6y4zDq/0/file0 supports timestamps until 2038 (0x7fffffff)
[   28.762807] XFS (loop4): Ending clean mount
[   28.764024] XFS (loop0): Ending clean mount
[   28.764397] XFS (loop3): Quotacheck: Unsuccessful (Error -5): Disabling quotas.
[   28.764727] xfs filesystem being mounted at /root/syzkaller.s7pN61/0/file0 supports timestamps until 2038 (0x7fffffff)
[   28.765750] BUG: kernel NULL pointer dereference, address: 00000000000002a8
[   28.766038] #PF: supervisor read access in kernel mode
[   28.766248] #PF: error_code(0x0000) - not-present page
[   28.766457] PGD 0 P4D 0 
[   28.766574] Oops: 0000 [#1] PREEMPT SMP NOPTI
[   28.766757] CPU: 0 PID: 337 Comm: kworker/0:4 Not tainted 5.19.0-rc7-b67fbebd4cf9+ #1
[   28.767079] Hardware name: QEMU Standard PC (i440FX + PIIX, 1996), BIOS rel-1.16.0-0-gd239552ce722-prebuilt.qemu.org 04/01/2014
[   28.767533] Workqueue: xfs-inodegc/loop3 xfs_inodegc_worker
[   28.767769] RIP: 0010:xfs_dquot_alloc+0x95/0x1c0
[   28.767970] Code: c0 81 44 85 48 c7 c6 f8 50 77 83 e8 05 2a 70 ff 49 8b 8d 60 01 00 00 44 89 e0 31 d2 48 c7 c6 67 98 74 83 48 8d bb 10 02 00 00 <f7> b1 a8 02 00 00 31 d2 89 c0 48 89 43 30 44 89 e0 4c 8d a3 08 02
[   28.768706] RSP: 0018:ffffc90000877c30 EFLAGS: 00010246
[   28.768924] RAX: 0000000000000009 RBX: ffff88800c8f20a0 RCX: 0000000000000000
[   28.769214] RDX: 0000000000000000 RSI: ffffffff83749867 RDI: ffff88800c8f22b0
[   28.769502] RBP: ffffc90000877c58 R08: 0000000000000002 R09: 0000000000000000
[   28.769792] R10: ffffc90000877a98 R11: ffff88800cae54c0 R12: 0000000000000009
[   28.770083] R13: ffff88800c99c000 R14: ffff88800c99c000 R15: 0000000000000004
[   28.770373] FS:  0000000000000000(0000) GS:ffff88807dc00000(0000) knlGS:0000000000000000
[   28.770700] CS:  0010 DS: 0000 ES: 0000 CR0: 0000000080050033
[   28.770936] CR2: 00000000000002a8 CR3: 0000000003a12001 CR4: 0000000000770ef0
[   28.771227] PKRU: 55555554
[   28.771345] Call Trace:
[   28.771451]  <TASK>
[   28.771546]  xfs_qm_dqread+0x46/0x430
[   28.771706]  ? xfs_qm_dqget_inode+0x13e/0x500
[   28.771895]  xfs_qm_dqget_inode+0x154/0x500
[   28.772074]  ? down_write_nested+0x6e/0x750
[   28.772259]  xfs_qm_dqattach_one+0x147/0x3c0
[   28.772444]  xfs_qm_dqattach_locked+0x14a/0x170
[   28.772507] repro: attempt to access beyond end of device
[   28.772507] loop2: rw=432129, sector=65535, nr_sectors = 16 limit=65536
[   28.772638]  xfs_qm_dqattach+0x52/0x80
[   28.773115] XFS (loop2): log I/O error -5
[   28.773263]  xfs_inactive+0x186/0x340
[   28.773434] XFS (loop2): Filesystem has been shut down due to log error (0x2).
[   28.773584]  xfs_inodegc_worker+0xc0/0x3f0
[   28.773864] XFS (loop2): Please unmount the filesystem and rectify the problem(s).
[   28.774030]  process_one_work+0x3eb/0x9a0
[   28.774353] XFS (loop2): Quotacheck: Unsuccessful (Error -5): Disabling quotas.
[   28.774486]  worker_thread+0x52/0x660
[   28.774790] xfs filesystem being mounted at /root/syzkaller.2o5FlX/0/file0 supports timestamps until 2038 (0x7fffffff)
[   28.774918]  ? process_one_work+0x9a0/0x9a0
[   28.775497]  kthread+0x15d/0x1a0
[   28.775643]  ? kthread_complete_and_exit+0x40/0x40
[   28.775849]  ret_from_fork+0x1f/0x30
[   28.776012]  </TASK>
[   28.776108] Modules linked in:
[   28.776238] CR2: 00000000000002a8
[   28.776379] ---[ end trace 0000000000000000 ]---
[   28.776568] RIP: 0010:xfs_dquot_alloc+0x95/0x1c0
[   28.776764] Code: c0 81 44 85 48 c7 c6 f8 50 77 83 e8 05 2a 70 ff 49 8b 8d 60 01 00 00 44 89 e0 31 d2 48 c7 c6 67 98 74 83 48 8d bb 10 02 00 00 <f7> b1 a8 02 00 00 31 d2 89 c0 48 89 43 30 44 89 e0 4c 8d a3 08 02
[   28.777492] RSP: 0018:ffffc90000877c30 EFLAGS: 00010246
[   28.777709] RAX: 0000000000000009 RBX: ffff88800c8f20a0 RCX: 0000000000000000
[   28.777802] repro: attempt to access beyond end of device
[   28.777802] loop7: rw=432129, sector=65535, nr_sectors = 16 limit=65536
[   28.777997] RDX: 0000000000000000 RSI: ffffffff83749867 RDI: ffff88800c8f22b0
[   28.778473] XFS (loop7): log I/O error -5
[   28.778749] RBP: ffffc90000877c58 R08: 0000000000000002 R09: 0000000000000000
[   28.778916] XFS (loop7): Filesystem has been shut down due to log error (0x2).
[   28.779191] R10: ffffc90000877a98 R11: ffff88800cae54c0 R12: 0000000000000009
[   28.779473] XFS (loop7): Please unmount the filesystem and rectify the problem(s).
[   28.779753] R13: ffff88800c99c000 R14: ffff88800c99c000 R15: 0000000000000004
[   28.780083] XFS (loop7): Quotacheck: Unsuccessful (Error -5): Disabling quotas.
[   28.780329] FS:  0000000000000000(0000) GS:ffff88807dc00000(0000) knlGS:0000000000000000
[   28.780336] CS:  0010 DS: 0000 ES: 0000 CR0: 0000000080050033
[   28.780648] xfs filesystem being mounted at /root/syzkaller.Mtquoz/0/file0 supports timestamps until 2038 (0x7fffffff)
[   28.780935] CR2: 00000000000002a8 CR3: 0000000003a12001 CR4: 0000000000770ef0
[   28.781539] BUG: kernel NULL pointer dereference, address: 00000000000002a8
[   28.781578] PKRU: 55555554
[   28.781861] #PF: supervisor read access in kernel mode
[   28.782451] #PF: error_code(0x0000) - not-present page
[   28.782658] PGD 0 P4D 0 
[   28.782770] Oops: 0000 [#2] PREEMPT SMP NOPTI
[   28.782953] CPU: 1 PID: 203 Comm: kworker/1:4 Tainted: G      D           5.19.0-rc7-b67fbebd4cf9+ #1
[   28.783320] Hardware name: QEMU Standard PC (i440FX + PIIX, 1996), BIOS rel-1.16.0-0-gd239552ce722-prebuilt.qemu.org 04/01/2014
[   28.783771] Workqueue: xfs-inodegc/loop7 xfs_inodegc_worker
[   28.784000] RIP: 0010:xfs_dquot_alloc+0x95/0x1c0
[   28.784199] Code: c0 81 44 85 48 c7 c6 f8 50 77 83 e8 05 2a 70 ff 49 8b 8d 60 01 00 00 44 89 e0 31 d2 48 c7 c6 67 98 74 83 48 8d bb 10 02 00 00 <f7> b1 a8 02 00 00 31 d2 89 c0 48 89 43 30 44 89 e0 4c 8d a3 08 02
[   28.784923] RSP: 0018:ffffc90000a4bc30 EFLAGS: 00010246
[   28.785137] RAX: 0000000000000009 RBX: ffff888006fbc2b8 RCX: 0000000000000000
[   28.785421] RDX: 0000000000000000 RSI: ffffffff83749867 RDI: ffff888006fbc4c8
[   28.785709] RBP: ffffc90000a4bc58 R08: 0000000000000002 R09: 0000000000000000
[   28.785993] R10: ffffc90000a4bc50 R11: 0000000000000000 R12: 0000000000000009
[   28.786277] R13: ffff88800c99d000 R14: ffff88800c99d000 R15: 0000000000000004
[   28.786560] FS:  0000000000000000(0000) GS:ffff88807dd00000(0000) knlGS:0000000000000000
[   28.786883] CS:  0010 DS: 0000 ES: 0000 CR0: 0000000080050033
[   28.787116] CR2: 00000000000002a8 CR3: 0000000003a12003 CR4: 0000000000770ee0
[   28.787404] PKRU: 55555554
[   28.787519] Call Trace:
[   28.787623]  <TASK>
[   28.787716]  xfs_qm_dqread+0x46/0x430
[   28.787874]  ? xfs_qm_dqget_inode+0x13e/0x500
[   28.788061]  xfs_qm_dqget_inode+0x154/0x500
[   28.788239]  ? down_write_nested+0x6e/0x750
[   28.788420]  xfs_qm_dqattach_one+0x147/0x3c0
[   28.788602]  xfs_qm_dqattach_locked+0x14a/0x170
[   28.788792]  xfs_qm_dqattach+0x52/0x80
[   28.788953]  xfs_inactive+0x186/0x340
[   28.789111]  xfs_inodegc_worker+0xc0/0x3f0
[   28.789284]  process_one_work+0x3eb/0x9a0
[   28.789455]  worker_thread+0x52/0x660
[   28.789615]  ? process_one_work+0x9a0/0x9a0
[   28.789792]  kthread+0x15d/0x1a0
[   28.789934]  ? kthread_complete_and_exit+0x40/0x40
[   28.790137]  ret_from_fork+0x1f/0x30
[   28.790297]  </TASK>
[   28.790392] Modules linked in:
[   28.790524] CR2: 00000000000002a8
[   28.790665] ---[ end trace 0000000000000000 ]---
[   28.790854] RIP: 0010:xfs_dquot_alloc+0x95/0x1c0
[   28.791050] Code: c0 81 44 85 48 c7 c6 f8 50 77 83 e8 05 2a 70 ff 49 8b 8d 60 01 00 00 44 89 e0 31 d2 48 c7 c6 67 98 74 83 48 8d bb 10 02 00 00 <f7> b1 a8 02 00 00 31 d2 89 c0 48 89 43 30 44 89 e0 4c 8d a3 08 02
[   28.791786] RSP: 0018:ffffc90000877c30 EFLAGS: 00010246
[   28.792000] RAX: 0000000000000009 RBX: ffff88800c8f20a0 RCX: 0000000000000000
[   28.792286] RDX: 0000000000000000 RSI: ffffffff83749867 RDI: ffff88800c8f22b0
[   28.792573] RBP: ffffc90000877c58 R08: 0000000000000002 R09: 0000000000000000
[   28.792859] R10: ffffc90000877a98 R11: ffff88800cae54c0 R12: 0000000000000009
[   28.793148] R13: ffff88800c99c000 R14: ffff88800c99c000 R15: 0000000000000004
[   28.793434] FS:  0000000000000000(0000) GS:ffff88807dd00000(0000) knlGS:0000000000000000
[   28.793759] CS:  0010 DS: 0000 ES: 0000 CR0: 0000000080050033
[   28.793990] CR2: 00000000000002a8 CR3: 0000000003a12003 CR4: 0000000000770ee0
[   28.794274] PKRU: 55555554
[   28.794618] XFS (loop5): Unmounting Filesystem
[   28.807964] XFS (loop6): totally zeroed log
[   28.981560] loop5: detected capacity change from 0 to 65536
[   28.981952] XFS: ikeep mount option is deprecated.
