c[?7l[2J[0mSeaBIOS (version rel-1.16.0-0-gd239552ce722-prebuilt.qemu.org)


iPXE (http://ipxe.org) 00:03.0 CA00 PCI2.10 PnP PMM+7FF91000+7FEF1000 CA00
Press Ctrl-B to configure iPXE (PCI 00:03.0)...                                                                               


Booting from ROM..c[?7l[2J[    0.000000] Linux version 5.18.0-rc5-eb60020411fc+ (root@p-adls01) (gcc (GCC) 8.5.0 20210514 (Red Hat 8.5.0-18), GNU ld version 2.36.1-2.el8) #1 SMP PREEMPT_DYNAMIC Wed Feb 22 15:36:32 CST 2023
[    0.000000] Command line: console=ttyS0 root=/dev/sda earlyprintk=serial net.ifnames=0
[    0.000000] KERNEL supported cpus:
[    0.000000]   Intel GenuineIntel
[    0.000000]   AMD AuthenticAMD
[    0.000000]   Hygon HygonGenuine
[    0.000000]   Centaur CentaurHauls
[    0.000000]   zhaoxin   Shanghai  
[    0.000000] x86/fpu: Supporting XSAVE feature 0x001: 'x87 floating point registers'
[    0.000000] x86/fpu: Supporting XSAVE feature 0x002: 'SSE registers'
[    0.000000] x86/fpu: Supporting XSAVE feature 0x004: 'AVX registers'
[    0.000000] x86/fpu: Supporting XSAVE feature 0x200: 'Protection Keys User registers'
[    0.000000] x86/fpu: xstate_offset[2]:  576, xstate_sizes[2]:  256
[    0.000000] x86/fpu: xstate_offset[9]:  832, xstate_sizes[9]:    8
[    0.000000] x86/fpu: Enabled xstate features 0x207, context size is 840 bytes, using 'compacted' format.
[    0.000000] signal: max sigframe size: 3632
[    0.000000] BIOS-provided physical RAM map:
[    0.000000] BIOS-e820: [mem 0x0000000000000000-0x000000000009fbff] usable
[    0.000000] BIOS-e820: [mem 0x000000000009fc00-0x000000000009ffff] reserved
[    0.000000] BIOS-e820: [mem 0x00000000000f0000-0x00000000000fffff] reserved
[    0.000000] BIOS-e820: [mem 0x0000000000100000-0x000000007ffdffff] usable
[    0.000000] BIOS-e820: [mem 0x000000007ffe0000-0x000000007fffffff] reserved
[    0.000000] BIOS-e820: [mem 0x00000000feffc000-0x00000000feffffff] reserved
[    0.000000] BIOS-e820: [mem 0x00000000fffc0000-0x00000000ffffffff] reserved
[    0.000000] printk: bootconsole [earlyser0] enabled
[    0.000000] NX (Execute Disable) protection: active
[    0.000000] SMBIOS 2.8 present.
[    0.000000] DMI: QEMU Standard PC (i440FX + PIIX, 1996), BIOS rel-1.16.0-0-gd239552ce722-prebuilt.qemu.org 04/01/2014
[    0.000000] Hypervisor detected: KVM
[    0.000000] kvm-clock: Using msrs 4b564d01 and 4b564d00
[    0.000002] kvm-clock: using sched offset of 322552059 cycles
[    0.000320] clocksource: kvm-clock: mask: 0xffffffffffffffff max_cycles: 0x1cd42e4dffb, max_idle_ns: 881590591483 ns
[    0.001311] tsc: Detected 3609.600 MHz processor
[    0.006835] last_pfn = 0x7ffe0 max_arch_pfn = 0x400000000
[    0.007257] x86/PAT: Configuration [0-7]: WB  WC  UC- UC  WB  WP  UC- WT  
[    0.014725] found SMP MP-table at [mem 0x000f5ba0-0x000f5baf]
[    0.015206] Using GB pages for direct mapping
[    0.016426] ACPI: Early table checksum verification disabled
[    0.016788] ACPI: RSDP 0x00000000000F59C0 000014 (v00 BOCHS )
[    0.017150] ACPI: RSDT 0x000000007FFE1951 000034 (v01 BOCHS  BXPC     00000001 BXPC 00000001)
[    0.017719] ACPI: FACP 0x000000007FFE17FD 000074 (v01 BOCHS  BXPC     00000001 BXPC 00000001)
[    0.018264] ACPI: DSDT 0x000000007FFE0040 0017BD (v01 BOCHS  BXPC     00000001 BXPC 00000001)
[    0.018798] ACPI: FACS 0x000000007FFE0000 000040
[    0.019093] ACPI: APIC 0x000000007FFE1871 000080 (v01 BOCHS  BXPC     00000001 BXPC 00000001)
[    0.019634] ACPI: HPET 0x000000007FFE18F1 000038 (v01 BOCHS  BXPC     00000001 BXPC 00000001)
[    0.020168] ACPI: WAET 0x000000007FFE1929 000028 (v01 BOCHS  BXPC     00000001 BXPC 00000001)
[    0.020700] ACPI: Reserving FACP table memory at [mem 0x7ffe17fd-0x7ffe1870]
[    0.021140] ACPI: Reserving DSDT table memory at [mem 0x7ffe0040-0x7ffe17fc]
[    0.021572] ACPI: Reserving FACS table memory at [mem 0x7ffe0000-0x7ffe003f]
[    0.022006] ACPI: Reserving APIC table memory at [mem 0x7ffe1871-0x7ffe18f0]
[    0.022438] ACPI: Reserving HPET table memory at [mem 0x7ffe18f1-0x7ffe1928]
[    0.022870] ACPI: Reserving WAET table memory at [mem 0x7ffe1929-0x7ffe1950]
[    0.023841] No NUMA configuration found
[    0.024077] Faking a node at [mem 0x0000000000000000-0x000000007ffdffff]
[    0.024534] NODE_DATA(0) allocated [mem 0x7ffb5000-0x7ffdffff]
[    0.027861] Zone ranges:
[    0.028055]   DMA      [mem 0x0000000000001000-0x0000000000ffffff]
[    0.028436]   DMA32    [mem 0x0000000001000000-0x000000007ffdffff]
[    0.028809]   Normal   empty
[    0.028985]   Device   empty
[    0.029161] Movable zone start for each node
[    0.029416] Early memory node ranges
[    0.029630]   node   0: [mem 0x0000000000001000-0x000000000009efff]
[    0.030009]   node   0: [mem 0x0000000000100000-0x000000007ffdffff]
[    0.030386] Initmem setup node 0 [mem 0x0000000000001000-0x000000007ffdffff]
[    0.031026] On node 0, zone DMA: 1 pages in unavailable ranges
[    0.031133] On node 0, zone DMA: 97 pages in unavailable ranges
[    0.046951] On node 0, zone DMA32: 32 pages in unavailable ranges
[    0.047544] ACPI: PM-Timer IO Port: 0x608
[    0.048190] ACPI: LAPIC_NMI (acpi_id[0xff] dfl dfl lint[0x1])
[    0.048589] IOAPIC[0]: apic_id 0, version 17, address 0xfec00000, GSI 0-23
[    0.049027] ACPI: INT_SRC_OVR (bus 0 bus_irq 0 global_irq 2 dfl dfl)
[    0.049419] ACPI: INT_SRC_OVR (bus 0 bus_irq 5 global_irq 5 high level)
[    0.049828] ACPI: INT_SRC_OVR (bus 0 bus_irq 9 global_irq 9 high level)
[    0.050239] ACPI: INT_SRC_OVR (bus 0 bus_irq 10 global_irq 10 high level)
[    0.050657] ACPI: INT_SRC_OVR (bus 0 bus_irq 11 global_irq 11 high level)
[    0.051092] ACPI: Using ACPI (MADT) for SMP configuration information
[    0.051487] ACPI: HPET id: 0x8086a201 base: 0xfed00000
[    0.051810] TSC deadline timer available
[    0.052051] smpboot: Allowing 2 CPUs, 0 hotplug CPUs
[    0.052409] kvm-guest: KVM setup pv remote TLB flush
[    0.052710] kvm-guest: setup PV sched yield
[    0.053013] PM: hibernation: Registered nosave memory: [mem 0x00000000-0x00000fff]
[    0.053470] PM: hibernation: Registered nosave memory: [mem 0x0009f000-0x0009ffff]
[    0.053923] PM: hibernation: Registered nosave memory: [mem 0x000a0000-0x000effff]
[    0.054372] PM: hibernation: Registered nosave memory: [mem 0x000f0000-0x000fffff]
[    0.054825] [mem 0x80000000-0xfeffbfff] available for PCI devices
[    0.055190] Booting paravirtualized kernel on KVM
[    0.055485] clocksource: refined-jiffies: mask: 0xffffffff max_cycles: 0xffffffff, max_idle_ns: 7645519600211568 ns
[    0.056120] setup_percpu: NR_CPUS:8192 nr_cpumask_bits:2 nr_cpu_ids:2 nr_node_ids:1
[    0.057694] percpu: Embedded 64 pages/cpu s225280 r8192 d28672 u1048576
[    0.058285] kvm-guest: PV spinlocks enabled
[    0.058552] PV qspinlock hash table entries: 256 (order: 0, 4096 bytes, linear)
[    0.059023] Fallback order for Node 0: 0 
[    0.059285] Built 1 zonelists, mobility grouping on.  Total pages: 515808
[    0.059705] Policy zone: DMA32
[    0.059895] Kernel command line: net.ifnames=0 console=ttyS0 root=/dev/sda earlyprintk=serial net.ifnames=0
[    0.061846] Dentry cache hash table entries: 262144 (order: 9, 2097152 bytes, linear)
[    0.062782] Inode-cache hash table entries: 131072 (order: 8, 1048576 bytes, linear)
[    0.063363] mem auto-init: stack:off, heap alloc:off, heap free:off
[    0.066552] Memory: 1985384K/2096632K available (32784K kernel code, 5485K rwdata, 7992K rodata, 3264K init, 21744K bss, 110992K reserved, 0K cma-reserved)
[    0.067411] random: get_random_u64 called from __kmem_cache_create+0x33/0x4f0 with crng_init=0
[    0.067960] SLUB: HWalign=64, Order=0-3, MinObjects=0, CPUs=2, Nodes=1
[    0.068845] kmemleak: Kernel memory leak detector disabled
[    0.069194] ftrace: allocating 66058 entries in 259 pages
[    0.085868] ftrace: allocated 259 pages with 3 groups
[    0.088351] Dynamic Preempt: voluntary
[    0.088687] Running RCU self tests
[    0.088893] rcu: Preemptible hierarchical RCU implementation.
[    0.089228] rcu: 	RCU lockdep checking is enabled.
[    0.089507] rcu: 	RCU restricting CPUs from NR_CPUS=8192 to nr_cpu_ids=2.
[    0.089903] 	Trampoline variant of Tasks RCU enabled.
[    0.090202] 	Rude variant of Tasks RCU enabled.
[    0.090466] 	Tracing variant of Tasks RCU enabled.
[    0.090746] rcu: RCU calculated value of scheduler-enlistment delay is 25 jiffies.
[    0.091186] rcu: Adjusting geometry for rcu_fanout_leaf=16, nr_cpu_ids=2
[    0.110876] NR_IRQS: 524544, nr_irqs: 440, preallocated irqs: 16
[    0.117152] Console: colour VGA+ 80x25
[    0.117421] printk: console [ttyS0] enabled
[    0.117421] printk: console [ttyS0] enabled
[    0.117922] printk: bootconsole [earlyser0] disabled
[    0.117922] printk: bootconsole [earlyser0] disabled
[    0.118520] Lock dependency validator: Copyright (c) 2006 Red Hat, Inc., Ingo Molnar
[    0.118984] ... MAX_LOCKDEP_SUBCLASSES:  8
[    0.119235] ... MAX_LOCK_DEPTH:          48
[    0.119491] ... MAX_LOCKDEP_KEYS:        8192
[    0.119759] ... CLASSHASH_SIZE:          4096
[    0.120025] ... MAX_LOCKDEP_ENTRIES:     32768
[    0.120297] ... MAX_LOCKDEP_CHAINS:      65536
[    0.120568] ... CHAINHASH_SIZE:          32768
[    0.120839]  memory used by lock dependency info: 6365 kB
[    0.121166]  memory used for stack traces: 4224 kB
[    0.121458]  per task-struct memory footprint: 1920 bytes
[    0.121818] ACPI: Core revision 20211217
[    0.122231] clocksource: hpet: mask: 0xffffffff max_cycles: 0xffffffff, max_idle_ns: 19112604467 ns
[    0.122900] APIC: Switch to symmetric I/O mode setup
[    0.123360] x2apic enabled
[    0.123665] Switched APIC routing to physical x2apic.
[    0.124011] kvm-guest: setup PV IPIs
[    0.124936] ..TIMER: vector=0x30 apic1=0 pin1=2 apic2=-1 pin2=-1
[    0.125323] clocksource: tsc-early: mask: 0xffffffffffffffff max_cycles: 0x3407c077a8d, max_idle_ns: 440795342283 ns
[    0.125972] Calibrating delay loop (skipped) preset value.. 7219.20 BogoMIPS (lpj=14438400)
[    0.126517] pid_max: default: 32768 minimum: 301
[    0.126859] LSM: Security Framework initializing
[    0.129970] Yama: becoming mindful.
[    0.130346] Mount-cache hash table entries: 4096 (order: 3, 32768 bytes, linear)
[    0.130807] Mountpoint-cache hash table entries: 4096 (order: 3, 32768 bytes, linear)
[    0.132966] x86/cpu: User Mode Instruction Prevention (UMIP) activated
[    0.134029] Last level iTLB entries: 4KB 0, 2MB 0, 4MB 0
[    0.134387] Last level dTLB entries: 4KB 0, 2MB 0, 4MB 0, 1GB 0
[    0.134773] Spectre V1 : Mitigation: usercopy/swapgs barriers and __user pointer sanitization
[    0.135283] Spectre V2 : WARNING: Unprivileged eBPF is enabled with eIBRS on, data leaks possible via Spectre v2 BHB attacks!
[    0.135952] Spectre V2 : Mitigation: Enhanced IBRS
[    0.136231] Spectre V2 : Spectre v2 / SpectreRSB mitigation: Filling RSB on context switch
[    0.136706] Spectre V2 : mitigation: Enabling conditional Indirect Branch Prediction Barrier
[    0.137193] Speculative Store Bypass: Mitigation: Speculative Store Bypass disabled via prctl
[    0.177679] Freeing SMP alternatives memory: 56K
[    0.178277] smpboot: CPU0: 12th Gen Intel(R) Core(TM) i7-12700K (family: 0x6, model: 0x97, stepping: 0x2)
[    0.179223] cblist_init_generic: Setting adjustable number of callback queues.
[    0.179655] cblist_init_generic: Setting shift to 1 and lim to 1.
[    0.180061] cblist_init_generic: Setting shift to 1 and lim to 1.
[    0.180456] cblist_init_generic: Setting shift to 1 and lim to 1.
[    0.180844] Running RCU-tasks wait API self tests
[    0.282099] Performance Events: Alderlake Hybrid events, full-width counters, Intel PMU driver.
[    0.282985] core: cpu_core PMU driver: 
[    0.283217] ... version:                2
[    0.283448] ... bit width:              48
[    0.283683] ... generic registers:      6
[    0.283912] ... value mask:             0000ffffffffffff
[    0.284214] ... max period:             00007fffffffffff
[    0.284515] ... fixed-purpose events:   3
[    0.284744] ... event mask:             0001000f0000003f
[    0.285185] rcu: Hierarchical SRCU implementation.
[    0.287722] unchecked MSR access error: WRMSR to 0x38f (tried to write 0x0001000f0000003f) at rIP: 0xffffffff810c420c (native_write_msr+0xc/0x30)
[    0.288528] Call Trace:
[    0.288676]  <TASK>
[    0.288806]  __intel_pmu_enable_all.constprop.45+0x68/0x100
[    0.289139]  intel_pmu_enable_all+0x1e/0x20
[    0.289403]  x86_pmu_enable+0x46d/0x5a0
[    0.289638]  ? write_comp_data+0x2f/0x90
[    0.289875]  perf_pmu_enable+0x53/0x70
[    0.289962]  ctx_resched+0xab/0xf0
[    0.289962]  __perf_install_in_context+0x343/0x4b0
[    0.289962]  ? write_comp_data+0x2f/0x90
[    0.289962]  ? perf_duration_warn+0x50/0x50
[    0.289962]  remote_function+0x7c/0x90
[    0.289962]  ? perf_duration_warn+0x50/0x50
[    0.289962]  generic_exec_single+0x11c/0x190
[    0.289962]  smp_call_function_single+0x11c/0x240
[    0.289962]  ? perf_duration_warn+0x50/0x50
[    0.289962]  ? __sanitizer_cov_trace_pc+0x25/0x50
[    0.289962]  ? write_comp_data+0x2f/0x90
[    0.289962]  perf_install_in_context+0x2e4/0x310
[    0.289962]  ? ctx_resched+0xf0/0xf0
[    0.289962]  perf_event_create_kernel_counter+0x166/0x200
[    0.289962]  ? hardlockup_detector_event_create+0xc0/0xc0
[    0.289962]  hardlockup_detector_event_create+0x46/0xc0
[    0.289962]  hardlockup_detector_perf_init+0x18/0x62
[    0.289962]  watchdog_nmi_probe+0x17/0x19
[    0.289962]  lockup_detector_init+0x40/0xab
[    0.289962]  kernel_init_freeable+0x264/0x40d
[    0.289962]  ? lockdep_hardirqs_on+0x86/0x110
[    0.289962]  ? rest_init+0x240/0x240
[    0.289962]  kernel_init+0x24/0x1e0
[    0.289962]  ? rest_init+0x240/0x240
[    0.289962]  ret_from_fork+0x1f/0x30
[    0.289962]  </TASK>
[    0.289994] Callback from call_rcu_tasks_trace() invoked.
[    0.290473] smp: Bringing up secondary CPUs ...
[    0.291141] x86: Booting SMP configuration:
[    0.291395] .... node  #0, CPUs:      #1
[    0.291863] smp: Brought up 1 node, 2 CPUs
[    0.291863] smpboot: Max logical packages: 1
[    0.291863] smpboot: Total of 2 processors activated (14438.40 BogoMIPS)
[    0.295601] devtmpfs: initialized
[    0.295601] x86/mm: Memory block size: 128MB
[    0.298321] clocksource: jiffies: mask: 0xffffffff max_cycles: 0xffffffff, max_idle_ns: 7645041785100000 ns
[    0.298905] futex hash table entries: 512 (order: 4, 65536 bytes, linear)
[    0.299489] pinctrl core: initialized pinctrl subsystem
[    0.302217] 
[    0.302314] *************************************************************
[    0.302713] **     NOTICE NOTICE NOTICE NOTICE NOTICE NOTICE NOTICE    **
[    0.303103] **                                                         **
[    0.303494] **  IOMMU DebugFS SUPPORT HAS BEEN ENABLED IN THIS KERNEL  **
[    0.303885] **                                                         **
[    0.304276] ** This means that this kernel is built to expose internal **
[    0.304669] ** IOMMU data structures, which may compromise security on **
[    0.305060] ** your system.                                            **
[    0.305452] **                                                         **
[    0.305840] ** If you see this message and you are not debugging the   **
[    0.305971] ** kernel, report this immediately to your vendor!         **
[    0.306353] **                                                         **
[    0.306735] **     NOTICE NOTICE NOTICE NOTICE NOTICE NOTICE NOTICE    **
[    0.307117] *************************************************************
[    0.307535] PM: RTC time: 07:55:05, date: 2023-02-22
[    0.309778] NET: Registered PF_NETLINK/PF_ROUTE protocol family
[    0.310450] DMA: preallocated 256 KiB GFP_KERNEL pool for atomic allocations
[    0.310862] DMA: preallocated 256 KiB GFP_KERNEL|GFP_DMA pool for atomic allocations
[    0.311313] DMA: preallocated 256 KiB GFP_KERNEL|GFP_DMA32 pool for atomic allocations
[    0.311802] audit: initializing netlink subsys (disabled)
[    0.312130] audit: type=2000 audit(1677052505.999:1): state=initialized audit_enabled=0 res=1
[    0.312130] thermal_sys: Registered thermal governor 'fair_share'
[    0.312130] thermal_sys: Registered thermal governor 'bang_bang'
[    0.312130] thermal_sys: Registered thermal governor 'step_wise'
[    0.312130] thermal_sys: Registered thermal governor 'user_space'
[    0.313972] cpuidle: using governor ladder
[    0.314564] cpuidle: using governor menu
[    0.315013] acpiphp: ACPI Hot Plug PCI Controller Driver version: 0.5
[    0.315621] PCI: Using configuration type 1 for base access
[    0.327969] kprobes: kprobe jump-optimization is enabled. All kprobes are optimized if possible.
[    0.328510] HugeTLB registered 1.00 GiB page size, pre-allocated 0 pages
[    0.328510] HugeTLB registered 2.00 MiB page size, pre-allocated 0 pages
[    0.331480] ACPI: Added _OSI(Module Device)
[    0.331480] ACPI: Added _OSI(Processor Device)
[    0.331480] ACPI: Added _OSI(3.0 _SCP Extensions)
[    0.331480] ACPI: Added _OSI(Processor Aggregator Device)
[    0.331480] ACPI: Added _OSI(Linux-Dell-Video)
[    0.331717] ACPI: Added _OSI(Linux-Lenovo-NV-HDMI-Audio)
[    0.332020] ACPI: Added _OSI(Linux-HPI-Hybrid-Graphics)
[    0.338755] ACPI: 1 ACPI AML tables successfully acquired and loaded
[    0.342002] ACPI: Interpreter enabled
[    0.342295] ACPI: PM: (supports S0 S3 S4 S5)
[    0.342550] ACPI: Using IOAPIC for interrupt routing
[    0.342883] PCI: Using host bridge windows from ACPI; if necessary, use "pci=nocrs" and report a bug
[    0.344012] ACPI: Enabled 2 GPEs in block 00 to 0F
[    0.358431] ACPI: PCI Root Bridge [PCI0] (domain 0000 [bus 00-ff])
[    0.358813] acpi PNP0A03:00: _OSC: OS supports [ASPM ClockPM Segments MSI EDR HPX-Type3]
[    0.359277] acpi PNP0A03:00: _OSC: not requesting OS control; OS requires [ExtendedConfig ASPM ClockPM MSI]
[    0.359879] acpi PNP0A03:00: fail to add MMCONFIG information, can't access extended PCI configuration space under this bridge.
[    0.362194] acpiphp: Slot [3] registered
[    0.362490] acpiphp: Slot [4] registered
[    0.362780] acpiphp: Slot [5] registered
[    0.363069] acpiphp: Slot [6] registered
[    0.363359] acpiphp: Slot [7] registered
[    0.363658] acpiphp: Slot [8] registered
[    0.363951] acpiphp: Slot [9] registered
[    0.364241] acpiphp: Slot [10] registered
[    0.364535] acpiphp: Slot [11] registered
[    0.364839] acpiphp: Slot [12] registered
[    0.365137] acpiphp: Slot [13] registered
[    0.365432] acpiphp: Slot [14] registered
[    0.365727] acpiphp: Slot [15] registered
[    0.366018] acpiphp: Slot [16] registered
[    0.366306] acpiphp: Slot [17] registered
[    0.366597] acpiphp: Slot [18] registered
[    0.366894] acpiphp: Slot [19] registered
[    0.367182] acpiphp: Slot [20] registered
[    0.367475] acpiphp: Slot [21] registered
[    0.367767] acpiphp: Slot [22] registered
[    0.368058] acpiphp: Slot [23] registered
[    0.368346] acpiphp: Slot [24] registered
[    0.368634] acpiphp: Slot [25] registered
[    0.368922] acpiphp: Slot [26] registered
[    0.369213] acpiphp: Slot [27] registered
[    0.369502] acpiphp: Slot [28] registered
[    0.369790] acpiphp: Slot [29] registered
[    0.370022] acpiphp: Slot [30] registered
[    0.370311] acpiphp: Slot [31] registered
[    0.370562] PCI host bridge to bus 0000:00
[    0.370801] pci_bus 0000:00: root bus resource [io  0x0000-0x0cf7 window]
[    0.371190] pci_bus 0000:00: root bus resource [io  0x0d00-0xffff window]
[    0.371581] pci_bus 0000:00: root bus resource [mem 0x000a0000-0x000bffff window]
[    0.372009] pci_bus 0000:00: root bus resource [mem 0x80000000-0xfebfffff window]
[    0.372437] pci_bus 0000:00: root bus resource [mem 0x100000000-0x17fffffff window]
[    0.372878] pci_bus 0000:00: root bus resource [bus 00-ff]
[    0.373258] pci 0000:00:00.0: [8086:1237] type 00 class 0x060000
[    0.376329] pci 0000:00:01.0: [8086:7000] type 00 class 0x060100
[    0.377207] pci 0000:00:01.1: [8086:7010] type 00 class 0x010180
[    0.378508] pci 0000:00:01.1: reg 0x20: [io  0xc040-0xc04f]
[    0.379282] pci 0000:00:01.1: legacy IDE quirk: reg 0x10: [io  0x01f0-0x01f7]
[    0.379693] pci 0000:00:01.1: legacy IDE quirk: reg 0x14: [io  0x03f6]
[    0.380073] pci 0000:00:01.1: legacy IDE quirk: reg 0x18: [io  0x0170-0x0177]
[    0.380482] pci 0000:00:01.1: legacy IDE quirk: reg 0x1c: [io  0x0376]
[    0.381185] pci 0000:00:01.3: [8086:7113] type 00 class 0x068000
[    0.381768] pci 0000:00:01.3: quirk: [io  0x0600-0x063f] claimed by PIIX4 ACPI
[    0.381972] pci 0000:00:01.3: quirk: [io  0x0700-0x070f] claimed by PIIX4 SMB
[    0.382731] pci 0000:00:02.0: [1234:1111] type 00 class 0x030000
[    0.384301] pci 0000:00:02.0: reg 0x10: [mem 0xfd000000-0xfdffffff pref]
[    0.385797] pci 0000:00:02.0: reg 0x18: [mem 0xfebf0000-0xfebf0fff]
[    0.388551] pci 0000:00:02.0: reg 0x30: [mem 0xfebe0000-0xfebeffff pref]
[    0.389149] Callback from call_rcu_tasks_rude() invoked.
[    0.389149] pci 0000:00:02.0: Video device with shadowed ROM at [mem 0x000c0000-0x000dffff]
[    0.389779] pci 0000:00:03.0: [8086:100e] type 00 class 0x020000
[    0.390502] pci 0000:00:03.0: reg 0x10: [mem 0xfebc0000-0xfebdffff]
[    0.391349] pci 0000:00:03.0: reg 0x14: [io  0xc000-0xc03f]
[    0.393968] pci 0000:00:03.0: reg 0x30: [mem 0xfeb80000-0xfebbffff pref]
[    0.402746] ACPI: PCI: Interrupt link LNKA configured for IRQ 10
[    0.403438] ACPI: PCI: Interrupt link LNKB configured for IRQ 10
[    0.404114] ACPI: PCI: Interrupt link LNKC configured for IRQ 11
[    0.404783] ACPI: PCI: Interrupt link LNKD configured for IRQ 11
[    0.405294] ACPI: PCI: Interrupt link LNKS configured for IRQ 9
[    0.406541] iommu: Default domain type: Translated 
[    0.409967] iommu: DMA domain TLB invalidation policy: lazy mode 
[    0.411276] SCSI subsystem initialized
[    0.411534] ACPI: bus type USB registered
[    0.411534] usbcore: registered new interface driver usbfs
[    0.411534] usbcore: registered new interface driver hub
[    0.411534] usbcore: registered new device driver usb
[    0.411534] pps_core: LinuxPPS API ver. 1 registered
[    0.411534] pps_core: Software ver. 5.3.6 - Copyright 2005-2007 Rodolfo Giometti <giometti@linux.it>
[    0.411534] PTP clock support registered
[    0.414041] EDAC MC: Ver: 3.0.0
[    0.414671] NetLabel: Initializing
[    0.414879] NetLabel:  domain hash size = 128
[    0.415132] NetLabel:  protocols = UNLABELED CIPSOv4 CALIPSO
[    0.415500] NetLabel:  unlabeled traffic allowed by default
[    0.415936] PCI: Using ACPI for IRQ routing
[    0.415936] pci 0000:00:02.0: vgaarb: setting as boot VGA device
[    0.415936] pci 0000:00:02.0: vgaarb: bridge control possible
[    0.415936] pci 0000:00:02.0: vgaarb: VGA device added: decodes=io+mem,owns=io+mem,locks=none
[    0.417968] vgaarb: loaded
[    0.418249] hpet0: at MMIO 0xfed00000, IRQs 2, 8, 0
[    0.418589] hpet0: 3 comparators, 64-bit 100.000000 MHz counter
[    0.421981] clocksource: Switched to clocksource kvm-clock
[    0.486143] Callback from call_rcu_tasks() invoked.
[    0.518791] VFS: Disk quotas dquot_6.6.0
[    0.519115] VFS: Dquot-cache hash table entries: 512 (order 0, 4096 bytes)
[    0.519746] pnp: PnP ACPI init
[    0.521518] pnp: PnP ACPI: found 6 devices
[    0.531385] clocksource: acpi_pm: mask: 0xffffff max_cycles: 0xffffff, max_idle_ns: 2085701024 ns
[    0.532226] NET: Registered PF_INET protocol family
[    0.532673] IP idents hash table entries: 32768 (order: 6, 262144 bytes, linear)
[    0.533640] tcp_listen_portaddr_hash hash table entries: 1024 (order: 4, 81920 bytes, linear)
[    0.534217] TCP established hash table entries: 16384 (order: 5, 131072 bytes, linear)
[    0.534858] TCP bind hash table entries: 16384 (order: 8, 1179648 bytes, linear)
[    0.536624] TCP: Hash tables configured (established 16384 bind 16384)
[    0.537154] UDP hash table entries: 1024 (order: 5, 163840 bytes, linear)
[    0.537665] UDP-Lite hash table entries: 1024 (order: 5, 163840 bytes, linear)
[    0.538470] NET: Registered PF_UNIX/PF_LOCAL protocol family
[    0.539322] RPC: Registered named UNIX socket transport module.
[    0.539703] RPC: Registered udp transport module.
[    0.539995] RPC: Registered tcp transport module.
[    0.540286] RPC: Registered tcp NFSv4.1 backchannel transport module.
[    0.540697] pci_bus 0000:00: resource 4 [io  0x0000-0x0cf7 window]
[    0.541086] pci_bus 0000:00: resource 5 [io  0x0d00-0xffff window]
[    0.541471] pci_bus 0000:00: resource 6 [mem 0x000a0000-0x000bffff window]
[    0.541898] pci_bus 0000:00: resource 7 [mem 0x80000000-0xfebfffff window]
[    0.542338] pci_bus 0000:00: resource 8 [mem 0x100000000-0x17fffffff window]
[    0.542985] pci 0000:00:01.0: PIIX3: Enabling Passive Release
[    0.543352] pci 0000:00:00.0: Limiting direct PCI/PCI transfers
[    0.543737] pci 0000:00:01.0: Activating ISA DMA hang workarounds
[    0.544193] PCI: CLS 0 bytes, default 64
[    0.544478] ACPI: bus type thunderbolt registered
[    0.545020] clocksource: tsc: mask: 0xffffffffffffffff max_cycles: 0x3407c077a8d, max_idle_ns: 440795342283 ns
[    2.831820] Initialise system trusted keyrings
[    2.832190] Key type blacklist registered
[    2.832626] workingset: timestamp_bits=36 max_order=19 bucket_order=0
[    2.844963] zbud: loaded
[    2.846802] squashfs: version 4.0 (2009/01/31) Phillip Lougher
[    2.848453] NFS: Registering the id_resolver key type
[    2.848774] Key type id_resolver registered
[    2.849024] Key type id_legacy registered
[    2.849353] nfs4filelayout_init: NFSv4 File Layout Driver Registering...
[    2.849766] nfs4flexfilelayout_init: NFSv4 Flexfile Layout Driver Registering...
[    2.850318] fuse: init (API version 7.36)
[    2.850840] SGI XFS with ACLs, security attributes, realtime, quota, no debug enabled
[    2.852781] 9p: Installing v9fs 9p2000 file system support
[    2.859125] Key type asymmetric registered
[    2.859430] Asymmetric key parser 'x509' registered
[    2.860732] alg: self-tests for CTR-KDF (hmac(sha256)) passed
[    2.861138] Block layer SCSI generic (bsg) driver version 0.4 loaded (major 243)
[    2.861738] io scheduler mq-deadline registered
[    2.862053] io scheduler bfq registered
[    2.863168] shpchp: Standard Hot Plug PCI Controller Driver version: 0.4
[    2.863916] IPMI message handler: version 39.2
[    2.864244] ipmi device interface
[    2.865882] input: Power Button as /devices/LNXSYSTM:00/LNXPWRBN:00/input/input0
[    2.866595] ACPI: button: Power Button [PWRF]
[    2.867610] ERST DBG: ERST support is disabled.
[    2.868312] Serial: 8250/16550 driver, 32 ports, IRQ sharing enabled
[    2.869048] 00:04: ttyS0 at I/O 0x3f8 (irq = 4, base_baud = 115200) is a 16550A
[    2.876575] Linux agpgart interface v0.103
[    2.877287] ACPI: bus type drm_connector registered
[    2.888392] brd: module loaded
[    2.896486] loop: module loaded
[    2.899770] scsi host0: ata_piix
[    2.900429] scsi host1: ata_piix
[    2.900748] ata1: PATA max MWDMA2 cmd 0x1f0 ctl 0x3f6 bmdma 0xc040 irq 14
[    2.901142] ata2: PATA max MWDMA2 cmd 0x170 ctl 0x376 bmdma 0xc048 irq 15
[    2.902556] tun: Universal TUN/TAP device driver, 1.6
[    2.903008] e100: Intel(R) PRO/100 Network Driver
[    2.903278] e100: Copyright(c) 1999-2006 Intel Corporation
[    2.903622] e1000: Intel(R) PRO/1000 Network Driver
[    2.903900] e1000: Copyright (c) 1999-2006 Intel Corporation.
[    3.058116] ata1: found unknown device (class 0)
[    3.058859] ata1.00: ATA-7: QEMU HARDDISK, 2.5+, max UDMA/100
[    3.059214] ata1.00: 16777216 sectors, multi 16: LBA48 
[    3.060241] scsi 0:0:0:0: Direct-Access     ATA      QEMU HARDDISK    2.5+ PQ: 0 ANSI: 5
[    3.061832] sd 0:0:0:0: [sda] 16777216 512-byte logical blocks: (8.59 GB/8.00 GiB)
[    3.062343] sd 0:0:0:0: [sda] Write Protect is off
[    3.062677] sd 0:0:0:0: [sda] Write cache: enabled, read cache: enabled, doesn't support DPO or FUA
[    3.063276] sd 0:0:0:0: Attached scsi generic sg0 type 0
[    3.064906] ata2: found unknown device (class 0)
[    3.065556] ata2.00: ATAPI: QEMU DVD-ROM, 2.5+, max UDMA/100
[    3.066640] scsi 1:0:0:0: CD-ROM            QEMU     QEMU DVD-ROM     2.5+ PQ: 0 ANSI: 5
[    3.067806] scsi 1:0:0:0: Attached scsi generic sg1 type 5
[    3.075779] ACPI: \_SB_.LNKC: Enabled at IRQ 11
[    3.094158] sd 0:0:0:0: [sda] Attached SCSI disk
[    3.392354] e1000 0000:00:03.0 eth0: (PCI:33MHz:32-bit) 52:54:00:12:34:56
[    3.392781] e1000 0000:00:03.0 eth0: Intel(R) PRO/1000 Network Connection
[    3.393256] e1000e: Intel(R) PRO/1000 Network Driver
[    3.393536] e1000e: Copyright(c) 1999 - 2015 Intel Corporation.
[    3.393925] igb: Intel(R) Gigabit Ethernet Network Driver
[    3.394239] igb: Copyright (c) 2007-2014 Intel Corporation.
[    3.394634] PPP generic driver version 2.4.2
[    3.395369] VFIO - User Level meta-driver version: 0.3
[    3.395711] ehci_hcd: USB 2.0 'Enhanced' Host Controller (EHCI) Driver
[    3.396088] ehci-pci: EHCI PCI platform driver
[    3.396382] ehci-platform: EHCI generic platform driver
[    3.396697] ohci_hcd: USB 1.1 'Open' Host Controller (OHCI) Driver
[    3.397050] ohci-pci: OHCI PCI platform driver
[    3.397330] ohci-platform: OHCI generic platform driver
[    3.397638] uhci_hcd: USB Universal Host Controller Interface driver
[    3.398283] usbcore: registered new interface driver uas
[    3.398653] usbcore: registered new interface driver usb-storage
[    3.399109] i8042: PNP: PS/2 Controller [PNP0303:KBD,PNP0f13:MOU] at 0x60,0x64 irq 1,12
[    3.400223] serio: i8042 KBD port at 0x60,0x64 irq 1
[    3.400548] serio: i8042 AUX port at 0x60,0x64 irq 12
[    3.401392] mousedev: PS/2 mouse device common for all mice
[    3.402377] input: AT Translated Set 2 keyboard as /devices/platform/i8042/serio0/input/input1
[    3.403735] input: VirtualPS/2 VMware VMMouse as /devices/platform/i8042/serio1/input/input4
[    3.404490] rtc_cmos 00:05: RTC can wake from S4
[    3.405071] input: VirtualPS/2 VMware VMMouse as /devices/platform/i8042/serio1/input/input3
[    3.406414] rtc_cmos 00:05: registered as rtc0
[    3.406736] rtc_cmos 00:05: setting system clock to 2023-02-22T07:55:08 UTC (1677052508)
[    3.407336] rtc_cmos 00:05: alarms up to one day, y3k, 242 bytes nvram, hpet irqs
[    3.407802] i2c_dev: i2c /dev entries driver
[    3.408101] device-mapper: core: CONFIG_IMA_DISABLE_HTABLE is disabled. Duplicate IMA measurements will not be recorded in the IMA log.
[    3.408893] device-mapper: uevent: version 1.0.3
[    3.409400] device-mapper: ioctl: 4.46.0-ioctl (2022-02-22) initialised: dm-devel@redhat.com
[    3.409911] intel_pstate: CPU model not supported
[    3.410284] sdhci: Secure Digital Host Controller Interface driver
[    3.410657] sdhci: Copyright(c) Pierre Ossman
[    3.410988] sdhci-pltfm: SDHCI platform and OF driver helper
[    3.411370] ledtrig-cpu: registered to indicate activity on CPUs
[    3.411954] drop_monitor: Initializing network drop monitor service
[    3.412874] NET: Registered PF_INET6 protocol family
[    3.423756] Segment Routing with IPv6
[    3.424226] In-situ OAM (IOAM) with IPv6
[    3.424757] NET: Registered PF_PACKET protocol family
[    3.425439] 9pnet: Installing 9P2000 support
[    3.425748] Key type dns_resolver registered
[    3.426637] IPI shorthand broadcast: enabled
[    3.426935] sched_clock: Marking stable (3415997371, 10453976)->(3435367744, -8916397)
[    3.427876] registered taskstats version 1
[    3.428212] Loading compiled-in X.509 certificates
[    3.428704] zswap: loaded using pool lzo/zbud
[    3.429561] Key type ._fscrypt registered
[    3.429813] Key type .fscrypt registered
[    3.430080] Key type fscrypt-provisioning registered
[    3.431137] Key type encrypted registered
[    3.431411] ima: No TPM chip found, activating TPM-bypass!
[    3.431744] ima: Allocated hash algorithm: sha1
[    3.432048] ima: No architecture policies found
[    3.432358] evm: Initialising EVM extended attributes:
[    3.432668] evm: security.selinux
[    3.432872] evm: security.SMACK64
[    3.433077] evm: security.SMACK64EXEC
[    3.433308] evm: security.SMACK64TRANSMUTE
[    3.433560] evm: security.SMACK64MMAP
[    3.433786] evm: security.apparmor
[    3.434015] evm: security.ima
[    3.434200] evm: security.capability
[    3.434431] evm: HMAC attrs: 0x1
[    3.438331] PM:   Magic number: 11:260:926
[    3.439060] RAS: Correctable Errors collector initialized.
[    3.440199] md: Waiting for all devices to be available before autodetect
[    3.440604] md: If you don't use raid, use raid=noautodetect
[    3.440948] md: Autodetecting RAID arrays.
[    3.441217] md: autorun ...
[    3.441395] md: ... autorun DONE.
[    3.445919] EXT4-fs (sda): mounted filesystem with ordered data mode. Quota mode: none.
[    3.446499] VFS: Mounted root (ext4 filesystem) readonly on device 8:0.
[    3.448279] devtmpfs: mounted
[    3.457444] Freeing unused decrypted memory: 2036K
[    3.459058] Freeing unused kernel image (initmem) memory: 3264K
[    3.474071] Write protecting the kernel read-only data: 43008k
[    3.476829] Freeing unused kernel image (text/rodata gap) memory: 2028K
[    3.477384] Freeing unused kernel image (rodata/data gap) memory: 200K
[    3.561257] x86/mm: Checked W+X mappings: passed, no W+X pages found.
[    3.561691] Run /sbin/init as init process
[    3.612969] random: fast init done
[    3.647969] systemd[1]: RTC configured in localtime, applying delta of 0 minutes to system time.
[    3.675088] systemd[1]: systemd 239 (239-49.el8) running in system mode. (+PAM +AUDIT +SELINUX +IMA -APPARMOR +SMACK +SYSVINIT +UTMP +LIBCRYPTSETUP +GCRYPT +GNUTLS +ACL +XZ +LZ4 +SECCOMP +BLKID +ELFUTILS +KMOD +IDN2 -IDN +PCRE2 default-hierarchy=legacy)
[    3.676568] systemd[1]: Detected virtualization kvm.
[    3.676880] systemd[1]: Detected architecture x86-64.

Welcome to [0;31mCentOS Stream 8[0m!

[    3.694978] systemd[1]: Set hostname to <test>.
[    5.534039] random: crng init done
[    5.629095] systemd[1]: Listening on multipathd control socket.
[[0;32m  OK  [0m] Listening on multipathd control socket.
[    5.630317] systemd[1]: Listening on udev Control Socket.
[[0;32m  OK  [0m] Listening on udev Control Socket.
[    5.631399] systemd[1]: Listening on udev Kernel Socket.
[[0;32m  OK  [0m] Listening on udev Kernel Socket.
[    5.634316] systemd[1]: Created slice system-serial\x2dgetty.slice.
[[0;32m  OK  [0m] Created slice system-serial\x2dgetty.slice.
[    5.635333] systemd[1]: Listening on Journal Socket (/dev/log).
[[0;32m  OK  [0m] Listening on Journal Socket (/dev/log).
[    5.636256] systemd[1]: Started Forward Password Requests to Wall Directory Watch.
[[0;32m  OK  [0m] Started Forward Password Requests to Wall Directory Watch.
[[0;32m  OK  [0m] Listening on Device-mapper event daemon FIFOs.
[[0;32m  OK  [0m] Created slice User and Session Slice.
[[0;32m  OK  [0m] Reached target Slices.
[[0;32m  OK  [0m] Created slice system-getty.slice.
[[0;32m  OK  [0m] Reached target Swap.
[[0;32m  OK  [0m] Set up automount Arbitrary Executabâ€¦rmats File System Automount Point.
[[0;32m  OK  [0m] Created slice system-sshd\x2dkeygen.slice.
[[0;32m  OK  [0m] Listening on Process Core Dump Socket.
[[0;32m  OK  [0m] Listening on initctl Compatibility Named Pipe.
[[0;32m  OK  [0m] Listening on Journal Socket.
         Mounting Huge Pages File System...
         Starting Remount Root and Kernel File Systems...
         Starting Setup Virtual Console...
[[0;32m  OK  [0m] Listening on RPCbind Server Activation Socket.
[[0;32m  OK  [0m] Reached target RPC Port Mapper.
         Starting Journal Service...
[[0;32m  OK  [0m] Listening on LVM2 poll daemon socket.
         Mounting Kernel Debug File System...
         Starting Monitoring of LVM2 mirrorsâ€¦ng dmeventd or progress polling...
         Starting Load Kernel Modules...
         Mounting POSIX Message Queue File System...
         Starting udev Coldplug all Devices...
[[0;32m  OK  [0m] Mounted Huge Pages File System.
[[0;32m  OK  [0m] Mounted Kernel Debug File System.
[[0;1;31mFAILED[0m] Failed to start Load Kernel Modules.
See 'systemctl status systemd-modules-load.service' for details.
[[0;32m  OK  [0m] Mounted POSIX Message Queue File System.
         Mounting FUSE Control File System...
         Mounting Kernel Configuration File System...
         Starting Apply Kernel Variables...
[[0;32m  OK  [0m] Mounted FUSE Control File System.
[[0;32m  OK  [0m] Mounted Kernel Configuration File System.
[[0;32m  OK  [0m] Started Journal Service.
[[0;32m  OK  [0m] Started Apply Kernel Variables.
[    5.954299] EXT4-fs (sda): re-mounted. Quota mode: none.
[[0;32m  OK  [0m] Started Remount Root and Kernel File Systems.
         Starting Flush Journal to Persistent Storage...
         Starting Load/Save Random Seed...
         Starting Create Static Device Nodes in /dev...
[[0;32m  OK  [0m] Started Setup Virtual Console.
[[0;32m  OK  [0m] Started Load/Save Random Seed.
[[0;32m  OK  [0m] Started Flush Journal to Persistent Storage.
[[0;32m  OK  [0m] Started Create Static Device Nodes in /dev.
         Starting udev Kernel Device Manager...
[[0;32m  OK  [0m] Started udev Kernel Device Manager.
[[0;32m  OK  [0m] Started udev Coldplug all Devices.
         Starting udev Wait for Complete Device Initialization...
         Starting Show Plymouth Boot Screen...
[[0;32m  OK  [0m] Started Show Plymouth Boot Screen.
[[0;32m  OK  [0m] Started Forward Password Requests to Plymouth Directory Watch.
[[0;32m  OK  [0m] Reached target Paths.
[[0;32m  OK  [0m] Reached target Local Encrypted Volumes.
[[0;32m  OK  [0m] Found device /dev/ttyS0.
[[0;32m  OK  [0m] Started udev Wait for Complete Device Initialization.
[[0;32m  OK  [0m] Started Monitoring of LVM2 mirrors,â€¦sing dmeventd or progress polling.
[[0;32m  OK  [0m] Listening on Load/Save RF Kill Switch Status /dev/rfkill Watch.
[[0;32m  OK  [0m] Reached target Local File Systems (Pre).
[[0;32m  OK  [0m] Reached target Local File Systems.
         Starting Tell Plymouth To Write Out Runtime Data...
         Starting Create Volatile Files and Directories...
         Starting Restore /run/initramfs on shutdown...
[[0;32m  OK  [0m] Started Tell Plymouth To Write Out Runtime Data.
[[0;32m  OK  [0m] Started Restore /run/initramfs on shutdown.
[[0;32m  OK  [0m] Started Create Volatile Files and Directories.
         Starting Security Auditing Service...
         Mounting RPC Pipe File System...
         Starting RPC Bind...
[[0;32m  OK  [0m] Mounted RPC Pipe File System.
[[0;32m  OK  [0m] Reached target rpc_pipefs.target.
[[0;32m  OK  [0m] Started RPC Bind.
[[0;32m  OK  [0m] Started Security Auditing Service.
         Starting Update UTMP about System Boot/Shutdown...
[[0;32m  OK  [0m] Started Update UTMP about System Boot/Shutdown.
[[0;32m  OK  [0m] Reached target System Initialization.
[[0;32m  OK  [0m] Started Daily Cleanup of Temporary Directories.
[[0;32m  OK  [0m] Listening on D-Bus System Message Bus Socket.
[[0;32m  OK  [0m] Listening on SSSD Kerberos Cache Manager responder socket.
[[0;32m  OK  [0m] Reached target Sockets.
[[0;32m  OK  [0m] Reached target Basic System.
         Starting Login Service...
         Starting Authorization Manager...
[[0;32m  OK  [0m] Started D-Bus System Message Bus.
         Starting Network Manager...
         Starting Self Monitoring and Reporting Technology (SMART) Daemon...
[[0;32m  OK  [0m] Started irqbalance daemon.
         Starting Auto-connect to subsystemsâ€¦-NVME devices found during boot...
         Starting NTP client/server...
[[0;32m  OK  [0m] Started Machine Check Exception Logging Daemon.
[[0;32m  OK  [0m] Started daily update of the root trust anchor for DNSSEC.
[[0;32m  OK  [0m] Started dnf makecache --timer.
[[0;32m  OK  [0m] Reached target Timers.
[[0;32m  OK  [0m] Reached target sshd-keygen.target.
[[0;32m  OK  [0m] Started Auto-connect to subsystems â€¦FC-NVME devices found during boot.
         Starting update of the root trust aâ€¦or DNSSEC validation in unbound...
[[0;32m  OK  [0m] Started Login Service.
[[0;32m  OK  [0m] Started Self Monitoring and Reporting Technology (SMART) Daemon.
[[0;32m  OK  [0m] Started Network Manager.
         Starting Network Manager Wait Online...
[[0;32m  OK  [0m] Reached target Network.
         Starting GSSAPI Proxy Daemon...
         Starting Dynamic System Tuning Daemon...
         Starting OpenSSH server daemon...
[[0;32m  OK  [0m] Started update of the root trust anâ€¦ for DNSSEC validation in unbound.
[[0;32m  OK  [0m] Started NTP client/server.
[[0;32m  OK  [0m] Started GSSAPI Proxy Daemon.
[[0;32m  OK  [0m] Started Authorization Manager.
         Starting Hostname Service...
[[0;32m  OK  [0m] Reached target NFS client services.
[[0;32m  OK  [0m] Reached target Remote File Systems (Pre).
[[0;32m  OK  [0m] Reached target Remote File Systems.
         Starting Permit User Sessions...
[[0;32m  OK  [0m] Started OpenSSH server daemon.
[[0;32m  OK  [0m] Started Permit User Sessions.
[[0;32m  OK  [0m] Started Command Scheduler.
         Starting Terminate Plymouth Boot Screen...
         Starting Hold until boot process finishes up...
[    7.502247] e1000: eth0 NIC Link is Up 1000 Mbps Full Duplex, Flow Control: RX
[    7.503059] IPv6: ADDRCONF(NETDEV_CHANGE): eth0: link becomes ready
[    7.670153] Spectre V2 : WARNING: Unprivileged eBPF is enabled with eIBRS on, data leaks possible via Spectre v2 BHB attacks!
[    7.670920] Spectre V2 : WARNING: Unprivileged eBPF is enabled with eIBRS on, data leaks possible via Spectre v2 BHB attacks!

CentOS Stream 8
Kernel 5.18.0-rc5-eb60020411fc+ on an x86_64

test login: [   28.728280] loop1: detected capacity change from 0 to 65536
[   28.730186] =======================================================
[   28.730186] WARNING: The mand mount option has been deprecated and
[   28.730186]          and is ignored by this kernel. Remove the mand
[   28.730186]          option from the mount to silence this warning.
[   28.730186] =======================================================
[   28.767026] XFS: ikeep mount option is deprecated.
[   28.782793] XFS (loop1): Deprecated V4 format (crc=0) will not be supported after September 2030.
[   28.783454] XFS (loop1): DAX unsupported by block device. Turning off DAX.
[   28.784051] XFS (loop1): Mounting V4 Filesystem
[   28.794140] XFS (loop1): totally zeroed log
[   28.794894] XFS (loop1): Ending clean mount
[   28.795819] XFS (loop1): Quotacheck needed: Please wait.
[   28.808348] repro: attempt to access beyond end of device
[   28.808348] loop1: rw=432129, want=65551, limit=65536
[   28.809155] XFS (loop1): log I/O error -5
[   28.809453] XFS (loop1): Filesystem has been shut down due to log error (0x2).
[   28.809895] XFS (loop1): Please unmount the filesystem and rectify the problem(s).
[   28.810667] XFS (loop1): Quotacheck: Unsuccessful (Error -5): Disabling quotas.
[   28.811203] xfs filesystem being mounted at /root/syzkaller.8TPgDJ/0/file0 supports timestamps until 2038 (0x7fffffff)
[   28.835148] XFS (loop1): Unmounting Filesystem
[   28.911868] loop2: detected capacity change from 0 to 65536
[   28.912543] XFS: ikeep mount option is deprecated.
[   28.931410] XFS (loop2): DAX unsupported by block device. Turning off DAX.
[   28.931961] XFS (loop2): Mounting V4 Filesystem
[   28.941293] loop4: detected capacity change from 0 to 65536
[   28.948219] XFS: ikeep mount option is deprecated.
[   28.956438] XFS (loop2): totally zeroed log
[   28.957036] XFS (loop2): Ending clean mount
[   28.957584] XFS (loop2): Quotacheck needed: Please wait.
[   28.961539] repro: attempt to access beyond end of device
[   28.961539] loop2: rw=432129, want=65551, limit=65536
[   28.962483] XFS (loop2): log I/O error -5
[   28.962766] XFS (loop2): Filesystem has been shut down due to log error (0x2).
[   28.963207] XFS (loop2): Please unmount the filesystem and rectify the problem(s).
[   28.972508] XFS (loop2): Quotacheck: Unsuccessful (Error -5): Disabling quotas.
[   28.973023] xfs filesystem being mounted at /root/syzkaller.5kpTwP/0/file0 supports timestamps until 2038 (0x7fffffff)
[   28.993596] XFS (loop2): Unmounting Filesystem
[   29.009518] loop6: detected capacity change from 0 to 65536
[   29.010355] XFS: ikeep mount option is deprecated.
[   29.014311] XFS (loop4): DAX unsupported by block device. Turning off DAX.
[   29.014849] XFS (loop4): Mounting V4 Filesystem
[   29.034328] XFS (loop4): totally zeroed log
[   29.034840] XFS (loop4): Ending clean mount
[   29.035295] XFS (loop4): Quotacheck needed: Please wait.
[   29.039377] repro: attempt to access beyond end of device
[   29.039377] loop4: rw=432129, want=65551, limit=65536
[   29.040055] XFS (loop4): log I/O error -5
[   29.040334] XFS (loop4): Filesystem has been shut down due to log error (0x2).
[   29.040770] XFS (loop4): Please unmount the filesystem and rectify the problem(s).
[   29.041354] XFS (loop4): Quotacheck: Unsuccessful (Error -5): Disabling quotas.
[   29.041835] xfs filesystem being mounted at /root/syzkaller.afaH2Z/0/file0 supports timestamps until 2038 (0x7fffffff)
[   29.053795] XFS (loop4): Unmounting Filesystem
[   29.061513] loop3: detected capacity change from 0 to 65536
[   29.065293] XFS (loop6): DAX unsupported by block device. Turning off DAX.
[   29.065510] XFS: ikeep mount option is deprecated.
[   29.066587] XFS (loop6): Mounting V4 Filesystem
[   29.091128] XFS (loop6): totally zeroed log
[   29.091457] loop7: detected capacity change from 0 to 65536
[   29.093359] XFS (loop6): Ending clean mount
[   29.093982] XFS (loop6): Quotacheck needed: Please wait.
[   29.097486] XFS: ikeep mount option is deprecated.
[   29.102723] repro: attempt to access beyond end of device
[   29.102723] loop6: rw=432129, want=65551, limit=65536
[   29.103426] XFS (loop6): log I/O error -5
[   29.103706] XFS (loop6): Filesystem has been shut down due to log error (0x2).
[   29.104152] XFS (loop6): Please unmount the filesystem and rectify the problem(s).
[   29.105954] XFS (loop6): Quotacheck: Unsuccessful (Error -5): Disabling quotas.
[   29.106554] xfs filesystem being mounted at /root/syzkaller.WDi4Ab/0/file0 supports timestamps until 2038 (0x7fffffff)
[   29.114705] XFS (loop3): DAX unsupported by block device. Turning off DAX.
[   29.115416] XFS (loop3): Mounting V4 Filesystem
[   29.123798] XFS (loop6): Unmounting Filesystem
[   29.136640] XFS (loop3): totally zeroed log
[   29.137463] XFS (loop3): Ending clean mount
[   29.138332] XFS (loop3): Quotacheck needed: Please wait.
[   29.140350] repro: attempt to access beyond end of device
[   29.140350] loop3: rw=432129, want=65551, limit=65536
[   29.141303] XFS (loop3): log I/O error -5
[   29.141637] XFS (loop3): Filesystem has been shut down due to log error (0x2).
[   29.142289] XFS (loop3): Please unmount the filesystem and rectify the problem(s).
[   29.144134] XFS (loop3): Quotacheck: Unsuccessful (Error -5): Disabling quotas.
[   29.144768] xfs filesystem being mounted at /root/syzkaller.IIRrnW/0/file0 supports timestamps until 2038 (0x7fffffff)
[   29.147247] XFS (loop3): Unmounting Filesystem
[   29.163124] XFS (loop7): DAX unsupported by block device. Turning off DAX.
[   29.163800] XFS (loop7): Mounting V4 Filesystem
[   29.177947] XFS (loop7): totally zeroed log
[   29.178620] XFS (loop7): Ending clean mount
[   29.179094] XFS (loop7): Quotacheck needed: Please wait.
[   29.190756] repro: attempt to access beyond end of device
[   29.190756] loop7: rw=432129, want=65551, limit=65536
[   29.191500] XFS (loop7): log I/O error -5
[   29.191797] XFS (loop7): Filesystem has been shut down due to log error (0x2).
[   29.192263] XFS (loop7): Please unmount the filesystem and rectify the problem(s).
[   29.197977] XFS (loop7): Quotacheck: Unsuccessful (Error -5): Disabling quotas.
[   29.198508] xfs filesystem being mounted at /root/syzkaller.aLTY7b/0/file0 supports timestamps until 2038 (0x7fffffff)
[   29.200762] XFS (loop7): Unmounting Filesystem
[   29.248339] loop5: detected capacity change from 0 to 65536
[   29.249568] XFS: ikeep mount option is deprecated.
[   29.254188] loop0: detected capacity change from 0 to 65536
[   29.289214] XFS: ikeep mount option is deprecated.
[   29.321918] XFS (loop5): DAX unsupported by block device. Turning off DAX.
[   29.327927] XFS (loop5): Mounting V4 Filesystem
[   29.341433] XFS (loop0): DAX unsupported by block device. Turning off DAX.
[   29.342199] XFS (loop0): Mounting V4 Filesystem
[   29.350332] XFS (loop5): totally zeroed log
[   29.350952] XFS (loop5): Ending clean mount
[   29.351434] XFS (loop5): Quotacheck needed: Please wait.
[   29.358309] repro: attempt to access beyond end of device
[   29.358309] loop5: rw=432129, want=65551, limit=65536
[   29.359003] XFS (loop5): log I/O error -5
[   29.359285] XFS (loop5): Filesystem has been shut down due to log error (0x2).
[   29.359720] XFS (loop5): Please unmount the filesystem and rectify the problem(s).
[   29.360339] XFS (loop5): Quotacheck: Unsuccessful (Error -5): Disabling quotas.
[   29.360845] xfs filesystem being mounted at /root/syzkaller.8uS3e4/0/file0 supports timestamps until 2038 (0x7fffffff)
[   29.367330] XFS (loop5): Unmounting Filesystem
[   29.377502] XFS (loop0): totally zeroed log
[   29.378228] XFS (loop0): Ending clean mount
[   29.378745] XFS (loop0): Quotacheck needed: Please wait.
[   29.394729] repro: attempt to access beyond end of device
[   29.394729] loop0: rw=432129, want=65551, limit=65536
[   29.395586] XFS (loop0): log I/O error -5
[   29.395924] XFS (loop0): Filesystem has been shut down due to log error (0x2).
[   29.396466] XFS (loop0): Please unmount the filesystem and rectify the problem(s).
[   29.397155] XFS (loop0): Quotacheck: Unsuccessful (Error -5): Disabling quotas.
[   29.397752] xfs filesystem being mounted at /root/syzkaller.Kr8zQG/0/file0 supports timestamps until 2038 (0x7fffffff)
[   29.401737] XFS (loop0): Unmounting Filesystem
[   29.501715] loop1: detected capacity change from 0 to 65536
[   29.506204] XFS: ikeep mount option is deprecated.
[   29.553551] XFS (loop1): DAX unsupported by block device. Turning off DAX.
[   29.554180] XFS (loop1): Mounting V4 Filesystem
[   29.573204] XFS (loop1): totally zeroed log
[   29.573809] XFS (loop1): Ending clean mount
[   29.574432] XFS (loop1): Quotacheck needed: Please wait.
[   29.578815] repro: attempt to access beyond end of device
[   29.578815] loop1: rw=432129, want=65551, limit=65536
[   29.579527] XFS (loop1): log I/O error -5
[   29.579819] XFS (loop1): Filesystem has been shut down due to log error (0x2).
[   29.580275] XFS (loop1): Please unmount the filesystem and rectify the problem(s).
[   29.582175] XFS (loop1): Quotacheck: Unsuccessful (Error -5): Disabling quotas.
[   29.582695] xfs filesystem being mounted at /root/syzkaller.8TPgDJ/1/file0 supports timestamps until 2038 (0x7fffffff)
[   29.591607] XFS (loop1): Unmounting Filesystem
[   29.698589] loop4: detected capacity change from 0 to 65536
[   29.708862] XFS: ikeep mount option is deprecated.
[   29.744910] XFS (loop4): DAX unsupported by block device. Turning off DAX.
[   29.745548] XFS (loop4): Mounting V4 Filesystem
[   29.748203] loop2: detected capacity change from 0 to 65536
[   29.772609] XFS: ikeep mount option is deprecated.
[   29.786632] XFS (loop4): totally zeroed log
[   29.787184] XFS (loop4): Ending clean mount
[   29.787687] XFS (loop4): Quotacheck needed: Please wait.
[   29.797750] repro: attempt to access beyond end of device
[   29.797750] loop4: rw=432129, want=65551, limit=65536
[   29.798672] XFS (loop4): log I/O error -5
[   29.799010] XFS (loop4): Filesystem has been shut down due to log error (0x2).
[   29.799550] XFS (loop4): Please unmount the filesystem and rectify the problem(s).
[   29.801952] XFS (loop4): Quotacheck: Unsuccessful (Error -5): Disabling quotas.
[   29.802614] xfs filesystem being mounted at /root/syzkaller.afaH2Z/1/file0 supports timestamps until 2038 (0x7fffffff)
[   29.804715] XFS (loop4): Unmounting Filesystem
[   29.826764] XFS (loop2): DAX unsupported by block device. Turning off DAX.
[   29.827412] XFS (loop2): Mounting V4 Filesystem
[   29.838118] XFS (loop2): totally zeroed log
[   29.838661] XFS (loop2): Ending clean mount
[   29.839349] XFS (loop2): Quotacheck needed: Please wait.
[   29.844834] XFS (loop2): log I/O error -5
[   29.845208] XFS (loop2): Filesystem has been shut down due to log error (0x2).
[   29.845752] XFS (loop2): Please unmount the filesystem and rectify the problem(s).
[   29.846475] XFS (loop2): Quotacheck: Unsuccessful (Error -5): Disabling quotas.
[   29.847063] xfs filesystem being mounted at /root/syzkaller.5kpTwP/1/file0 supports timestamps until 2038 (0x7fffffff)
[   29.855306] loop5: detected capacity change from 0 to 65536
[   29.863437] XFS: ikeep mount option is deprecated.
[   29.865679] XFS (loop2): Unmounting Filesystem
[   29.898366] XFS (loop5): DAX unsupported by block device. Turning off DAX.
[   29.898948] XFS (loop5): Mounting V4 Filesystem
[   29.901089] loop3: detected capacity change from 0 to 65536
[   29.901667] XFS: ikeep mount option is deprecated.
[   29.913459] XFS (loop5): totally zeroed log
[   29.914799] XFS (loop5): Ending clean mount
[   29.915652] XFS (loop5): Quotacheck needed: Please wait.
[   29.934347] XFS (loop5): log I/O error -5
[   29.934652] XFS (loop5): Filesystem has been shut down due to log error (0x2).
[   29.935100] XFS (loop5): Please unmount the filesystem and rectify the problem(s).
[   29.935732] XFS (loop5): Quotacheck: Unsuccessful (Error -5): Disabling quotas.
[   29.936225] xfs filesystem being mounted at /root/syzkaller.8uS3e4/1/file0 supports timestamps until 2038 (0x7fffffff)
[   29.938278] XFS (loop5): Unmounting Filesystem
[   29.981847] XFS (loop3): DAX unsupported by block device. Turning off DAX.
[   29.982470] XFS (loop3): Mounting V4 Filesystem
[   29.995567] XFS (loop3): totally zeroed log
[   29.996070] XFS (loop3): Ending clean mount
[   29.996502] XFS (loop3): Quotacheck needed: Please wait.
[   30.005015] XFS (loop3): log I/O error -5
[   30.005321] XFS (loop3): Filesystem has been shut down due to log error (0x2).
[   30.005748] XFS (loop3): Please unmount the filesystem and rectify the problem(s).
[   30.006986] XFS (loop3): Quotacheck: Unsuccessful (Error -5): Disabling quotas.
[   30.007509] xfs filesystem being mounted at /root/syzkaller.IIRrnW/1/file0 supports timestamps until 2038 (0x7fffffff)
[   30.009018] XFS (loop3): Unmounting Filesystem
[   30.064291] loop6: detected capacity change from 0 to 65536
[   30.064855] XFS: ikeep mount option is deprecated.
[   30.092322] loop7: detected capacity change from 0 to 65536
[   30.097619] XFS: ikeep mount option is deprecated.
[   30.115602] XFS (loop7): DAX unsupported by block device. Turning off DAX.
[   30.116122] XFS (loop7): Mounting V4 Filesystem
[   30.122955] XFS (loop7): totally zeroed log
[   30.123382] XFS (loop6): DAX unsupported by block device. Turning off DAX.
[   30.123521] XFS (loop7): Ending clean mount
[   30.124118] XFS (loop6): Mounting V4 Filesystem
[   30.124255] XFS (loop7): Quotacheck needed: Please wait.
[   30.130331] XFS (loop7): log I/O error -5
[   30.130620] XFS (loop7): Filesystem has been shut down due to log error (0x2).
[   30.131055] XFS (loop7): Please unmount the filesystem and rectify the problem(s).
[   30.131658] XFS (loop7): Quotacheck: Unsuccessful (Error -5): Disabling quotas.
[   30.132149] xfs filesystem being mounted at /root/syzkaller.aLTY7b/1/file0 supports timestamps until 2038 (0x7fffffff)
[   30.134240] XFS (loop7): Unmounting Filesystem
[   30.157325] XFS (loop6): totally zeroed log
[   30.157891] XFS (loop6): Ending clean mount
[   30.158574] XFS (loop6): Quotacheck needed: Please wait.
[   30.160525] loop0: detected capacity change from 0 to 65536
[   30.161097] XFS: ikeep mount option is deprecated.
[   30.165009] XFS (loop6): log I/O error -5
[   30.165305] XFS (loop6): Filesystem has been shut down due to log error (0x2).
[   30.165742] XFS (loop6): Please unmount the filesystem and rectify the problem(s).
[   30.167519] XFS (loop6): Quotacheck: Unsuccessful (Error -5): Disabling quotas.
[   30.168051] xfs filesystem being mounted at /root/syzkaller.WDi4Ab/1/file0 supports timestamps until 2038 (0x7fffffff)
[   30.189953] XFS (loop6): Unmounting Filesystem
[   30.235755] XFS (loop0): DAX unsupported by block device. Turning off DAX.
[   30.236285] XFS (loop0): Mounting V4 Filesystem
[   30.249273] XFS (loop0): totally zeroed log
[   30.249776] XFS (loop0): Ending clean mount
[   30.250395] XFS (loop0): Quotacheck needed: Please wait.
[   30.252228] XFS (loop0): log I/O error -5
[   30.252530] XFS (loop0): Filesystem has been shut down due to log error (0x2).
[   30.252967] XFS (loop0): Please unmount the filesystem and rectify the problem(s).
[   30.253550] XFS (loop0): Quotacheck: Unsuccessful (Error -5): Disabling quotas.
[   30.255079] xfs filesystem being mounted at /root/syzkaller.Kr8zQG/1/file0 supports timestamps until 2038 (0x7fffffff)
[   30.257442] XFS (loop0): Unmounting Filesystem
[   30.475403] loop4: detected capacity change from 0 to 65536
[   30.477230] XFS: ikeep mount option is deprecated.
[   30.510707] loop1: detected capacity change from 0 to 65536
[   30.521073] loop2: detected capacity change from 0 to 65536
[   30.524919] XFS: ikeep mount option is deprecated.
[   30.535296] XFS: ikeep mount option is deprecated.
[   30.545794] loop3: detected capacity change from 0 to 65536
[   30.549612] XFS: ikeep mount option is deprecated.
[   30.570598] XFS (loop4): DAX unsupported by block device. Turning off DAX.
[   30.571137] XFS (loop4): Mounting V4 Filesystem
[   30.576872] XFS (loop2): DAX unsupported by block device. Turning off DAX.
[   30.577452] XFS (loop2): Mounting V4 Filesystem
[   30.585435] XFS (loop4): totally zeroed log
[   30.585917] XFS (loop4): Ending clean mount
[   30.586698] XFS (loop4): Quotacheck needed: Please wait.
[   30.587101] XFS (loop2): totally zeroed log
[   30.587575] XFS (loop2): Ending clean mount
[   30.588024] XFS (loop2): Quotacheck needed: Please wait.
[   30.590307] XFS (loop2): log I/O error -5
[   30.590600] XFS (loop2): Filesystem has been shut down due to log error (0x2).
[   30.591072] XFS (loop2): Please unmount the filesystem and rectify the problem(s).
[   30.591694] XFS (loop2): Quotacheck: Unsuccessful (Error -5): Disabling quotas.
[   30.592177] xfs filesystem being mounted at /root/syzkaller.5kpTwP/2/file0 supports timestamps until 2038 (0x7fffffff)
[   30.594282] XFS (loop2): Unmounting Filesystem
[   30.596919] XFS (loop4): log I/O error -5
[   30.597219] XFS (loop4): Filesystem has been shut down due to log error (0x2).
[   30.597694] XFS (loop4): Please unmount the filesystem and rectify the problem(s).
[   30.598735] XFS (loop4): Quotacheck: Unsuccessful (Error -5): Disabling quotas.
[   30.599249] xfs filesystem being mounted at /root/syzkaller.afaH2Z/2/file0 supports timestamps until 2038 (0x7fffffff)
[   30.600071] XFS (loop1): DAX unsupported by block device. Turning off DAX.
[   30.602827] XFS (loop1): Mounting V4 Filesystem
[   30.603239] XFS (loop4): Unmounting Filesystem
[   30.604357] XFS (loop3): DAX unsupported by block device. Turning off DAX.
[   30.608820] XFS (loop3): Mounting V4 Filesystem
[   30.626843] XFS (loop3): totally zeroed log
[   30.627834] XFS (loop3): Ending clean mount
[   30.628219] XFS (loop1): totally zeroed log
[   30.628562] XFS (loop3): Quotacheck needed: Please wait.
[   30.628706] XFS (loop1): Ending clean mount
[   30.630385] XFS (loop1): Quotacheck needed: Please wait.
[   30.633621] XFS (loop3): log I/O error -5
[   30.633909] XFS (loop3): Filesystem has been shut down due to log error (0x2).
[   30.634574] XFS (loop3): Please unmount the filesystem and rectify the problem(s).
[   30.635269] XFS (loop3): Quotacheck: Unsuccessful (Error -5): Disabling quotas.
[   30.635409] XFS (loop1): log I/O error -5
[   30.635757] xfs filesystem being mounted at /root/syzkaller.IIRrnW/2/file0 supports timestamps until 2038 (0x7fffffff)
[   30.635992] XFS (loop1): Filesystem has been shut down due to log error (0x2).
[   30.637069] XFS (loop1): Please unmount the filesystem and rectify the problem(s).
[   30.637654] XFS (loop1): Quotacheck: Unsuccessful (Error -5): Disabling quotas.
[   30.638500] xfs filesystem being mounted at /root/syzkaller.8TPgDJ/2/file0 supports timestamps until 2038 (0x7fffffff)
[   30.642410] XFS (loop3): Unmounting Filesystem
[   30.643489] XFS (loop1): Unmounting Filesystem
[   30.696908] loop7: detected capacity change from 0 to 65536
[   30.701063] XFS: ikeep mount option is deprecated.
[   30.757738] XFS (loop7): DAX unsupported by block device. Turning off DAX.
[   30.758705] XFS (loop7): Mounting V4 Filesystem
[   30.780099] loop6: detected capacity change from 0 to 65536
[   30.780677] XFS: ikeep mount option is deprecated.
[   30.788160] XFS (loop7): totally zeroed log
[   30.788710] XFS (loop7): Ending clean mount
[   30.789311] XFS (loop7): Quotacheck needed: Please wait.
[   30.808415] loop5: detected capacity change from 0 to 65536
[   30.816659] XFS (loop7): log I/O error -5
[   30.816960] XFS (loop7): Filesystem has been shut down due to log error (0x2).
[   30.817402] XFS (loop7): Please unmount the filesystem and rectify the problem(s).
[   30.818288] XFS (loop7): Quotacheck: Unsuccessful (Error -5): Disabling quotas.
[   30.818770] xfs filesystem being mounted at /root/syzkaller.aLTY7b/2/file0 supports timestamps until 2038 (0x7fffffff)
[   30.823522] XFS (loop7): Unmounting Filesystem
[   30.829511] XFS: ikeep mount option is deprecated.
[   30.856453] XFS (loop6): DAX unsupported by block device. Turning off DAX.
[   30.857009] XFS (loop6): Mounting V4 Filesystem
[   30.866836] XFS (loop6): totally zeroed log
[   30.867344] XFS (loop6): Ending clean mount
[   30.867798] XFS (loop6): Quotacheck needed: Please wait.
[   30.882308] XFS (loop6): log I/O error -5
[   30.882606] XFS (loop6): Filesystem has been shut down due to log error (0x2).
[   30.883041] XFS (loop6): Please unmount the filesystem and rectify the problem(s).
[   30.883654] XFS (loop5): DAX unsupported by block device. Turning off DAX.
[   30.884147] XFS (loop6): Quotacheck: Unsuccessful (Error -5): Disabling quotas.
[   30.884621] xfs filesystem being mounted at /root/syzkaller.WDi4Ab/2/file0 supports timestamps until 2038 (0x7fffffff)
[   30.890177] XFS (loop6): Unmounting Filesystem
[   30.890516] XFS (loop5): Mounting V4 Filesystem
[   30.904977] XFS (loop5): totally zeroed log
[   30.905456] XFS (loop5): Ending clean mount
[   30.905873] XFS (loop5): Quotacheck needed: Please wait.
[   30.915269] XFS (loop5): log I/O error -5
[   30.915572] XFS (loop5): Filesystem has been shut down due to log error (0x2).
[   30.916009] XFS (loop5): Please unmount the filesystem and rectify the problem(s).
[   30.916621] XFS (loop5): Quotacheck: Unsuccessful (Error -5): Disabling quotas.
[   30.917112] xfs filesystem being mounted at /root/syzkaller.8uS3e4/2/file0 supports timestamps until 2038 (0x7fffffff)
[   30.919088] XFS (loop5): Unmounting Filesystem
[   30.998260] loop0: detected capacity change from 0 to 65536
[   31.000091] XFS: ikeep mount option is deprecated.
[   31.050192] XFS (loop0): DAX unsupported by block device. Turning off DAX.
[   31.050758] XFS (loop0): Mounting V4 Filesystem
[   31.066423] XFS (loop0): totally zeroed log
[   31.066918] XFS (loop0): Ending clean mount
[   31.067366] XFS (loop0): Quotacheck needed: Please wait.
[   31.073209] XFS (loop0): log I/O error -5
[   31.073502] XFS (loop0): Filesystem has been shut down due to log error (0x2).
[   31.073958] XFS (loop0): Please unmount the filesystem and rectify the problem(s).
[   31.074900] XFS (loop0): Quotacheck: Unsuccessful (Error -5): Disabling quotas.
[   31.075395] xfs filesystem being mounted at /root/syzkaller.Kr8zQG/2/file0 supports timestamps until 2038 (0x7fffffff)
[   31.080913] XFS (loop0): Unmounting Filesystem
[   31.196921] loop2: detected capacity change from 0 to 65536
[   31.204491] XFS: ikeep mount option is deprecated.
[   31.242297] XFS (loop2): DAX unsupported by block device. Turning off DAX.
[   31.242853] XFS (loop2): Mounting V4 Filesystem
[   31.255129] XFS (loop2): totally zeroed log
[   31.255594] XFS (loop2): Ending clean mount
[   31.256008] XFS (loop2): Quotacheck needed: Please wait.
[   31.265370] XFS (loop2): log I/O error -5
[   31.265675] XFS (loop2): Filesystem has been shut down due to log error (0x2).
[   31.266142] XFS (loop2): Please unmount the filesystem and rectify the problem(s).
[   31.266948] XFS (loop2): Quotacheck: Unsuccessful (Error -5): Disabling quotas.
[   31.267435] xfs filesystem being mounted at /root/syzkaller.5kpTwP/3/file0 supports timestamps until 2038 (0x7fffffff)
[   31.273042] XFS (loop2): Unmounting Filesystem
[   31.325702] loop1: detected capacity change from 0 to 65536
[   31.347921] XFS: ikeep mount option is deprecated.
[   31.370359] XFS (loop1): DAX unsupported by block device. Turning off DAX.
[   31.370904] XFS (loop1): Mounting V4 Filesystem
[   31.384054] XFS (loop1): totally zeroed log
[   31.384524] XFS (loop1): Ending clean mount
[   31.384956] XFS (loop1): Quotacheck needed: Please wait.
[   31.392764] loop3: detected capacity change from 0 to 65536
[   31.397534] XFS (loop1): log I/O error -5
[   31.397836] XFS (loop1): Filesystem has been shut down due to log error (0x2).
[   31.398300] XFS (loop1): Please unmount the filesystem and rectify the problem(s).
[   31.398882] XFS (loop1): Quotacheck: Unsuccessful (Error -5): Disabling quotas.
[   31.399366] xfs filesystem being mounted at /root/syzkaller.8TPgDJ/3/file0 supports timestamps until 2038 (0x7fffffff)
[   31.404733] XFS: ikeep mount option is deprecated.
[   31.405879] XFS (loop1): Unmounting Filesystem
[   31.446870] XFS (loop3): DAX unsupported by block device. Turning off DAX.
[   31.447432] XFS (loop3): Mounting V4 Filesystem
[   31.458031] XFS (loop3): totally zeroed log
[   31.458503] XFS (loop3): Ending clean mount
[   31.458937] XFS (loop3): Quotacheck needed: Please wait.
[   31.468652] XFS (loop3): log I/O error -5
[   31.468953] XFS (loop3): Filesystem has been shut down due to log error (0x2).
[   31.469401] XFS (loop3): Please unmount the filesystem and rectify the problem(s).
[   31.469990] XFS (loop3): Quotacheck: Unsuccessful (Error -5): Disabling quotas.
[   31.470470] xfs filesystem being mounted at /root/syzkaller.IIRrnW/3/file0 supports timestamps until 2038 (0x7fffffff)
[   31.474896] XFS (loop3): Unmounting Filesystem
[   31.489319] loop4: detected capacity change from 0 to 65536
[   31.489865] XFS: ikeep mount option is deprecated.
[   31.534239] XFS (loop4): DAX unsupported by block device. Turning off DAX.
[   31.534835] XFS (loop4): Mounting V4 Filesystem
[   31.541147] loop7: detected capacity change from 0 to 65536
[   31.541892] XFS: ikeep mount option is deprecated.
[   31.554171] XFS (loop4): totally zeroed log
[   31.554649] XFS (loop4): Ending clean mount
[   31.555058] XFS (loop4): Quotacheck needed: Please wait.
[   31.562038] XFS (loop4): log I/O error -5
[   31.562334] XFS (loop4): Filesystem has been shut down due to log error (0x2).
[   31.562770] XFS (loop4): Please unmount the filesystem and rectify the problem(s).
[   31.563389] XFS (loop4): Quotacheck: Unsuccessful (Error -5): Disabling quotas.
[   31.563913] xfs filesystem being mounted at /root/syzkaller.afaH2Z/3/file0 supports timestamps until 2038 (0x7fffffff)
[   31.567312] XFS (loop4): Unmounting Filesystem
[   31.584837] loop5: detected capacity change from 0 to 65536
[   31.585581] XFS: ikeep mount option is deprecated.
[   31.600938] XFS (loop7): DAX unsupported by block device. Turning off DAX.
[   31.601490] XFS (loop7): Mounting V4 Filesystem
[   31.614070] XFS (loop7): totally zeroed log
[   31.614654] XFS (loop7): Ending clean mount
[   31.615190] XFS (loop7): Quotacheck needed: Please wait.
[   31.617145] XFS (loop7): log I/O error -5
[   31.617439] XFS (loop7): Filesystem has been shut down due to log error (0x2).
[   31.617876] XFS (loop7): Please unmount the filesystem and rectify the problem(s).
[   31.618820] XFS (loop7): Quotacheck: Unsuccessful (Error -5): Disabling quotas.
[   31.619313] xfs filesystem being mounted at /root/syzkaller.aLTY7b/3/file0 supports timestamps until 2038 (0x7fffffff)
[   31.621819] XFS (loop5): DAX unsupported by block device. Turning off DAX.
[   31.622526] XFS (loop5): Mounting V4 Filesystem
[   31.625166] XFS (loop7): Unmounting Filesystem
[   31.629374] XFS (loop5): totally zeroed log
[   31.629822] XFS (loop5): Ending clean mount
[   31.630438] XFS (loop5): Quotacheck needed: Please wait.
[   31.632257] XFS (loop5): log I/O error -5
[   31.632551] XFS (loop5): Filesystem has been shut down due to log error (0x2).
[   31.632989] XFS (loop5): Please unmount the filesystem and rectify the problem(s).
[   31.633585] XFS (loop5): Quotacheck: Unsuccessful (Error -5): Disabling quotas.
[   31.634404] xfs filesystem being mounted at /root/syzkaller.8uS3e4/3/file0 supports timestamps until 2038 (0x7fffffff)
[   31.635876] XFS (loop5): Unmounting Filesystem
[   31.742721] loop6: detected capacity change from 0 to 65536
[   31.745665] XFS: ikeep mount option is deprecated.
[   31.786564] XFS (loop6): DAX unsupported by block device. Turning off DAX.
[   31.787134] XFS (loop6): Mounting V4 Filesystem
[   31.804629] XFS (loop6): totally zeroed log
[   31.805162] XFS (loop6): Ending clean mount
[   31.805603] XFS (loop6): Quotacheck needed: Please wait.
[   31.811272] XFS (loop6): log I/O error -5
[   31.811570] XFS (loop6): Filesystem has been shut down due to log error (0x2).
[   31.812007] XFS (loop6): Please unmount the filesystem and rectify the problem(s).
[   31.812627] XFS (loop6): Quotacheck: Unsuccessful (Error -5): Disabling quotas.
[   31.813122] xfs filesystem being mounted at /root/syzkaller.WDi4Ab/3/file0 supports timestamps until 2038 (0x7fffffff)
[   31.822340] XFS (loop6): Unmounting Filesystem
[   31.928243] loop0: detected capacity change from 0 to 65536
[   31.929439] XFS: ikeep mount option is deprecated.
[   31.943438] loop1: detected capacity change from 0 to 65536
[   31.944670] XFS: ikeep mount option is deprecated.
[   31.993658] XFS (loop0): DAX unsupported by block device. Turning off DAX.
[   31.994260] XFS (loop0): Mounting V4 Filesystem
[   31.997592] XFS (loop1): DAX unsupported by block device. Turning off DAX.
[   31.998343] XFS (loop1): Mounting V4 Filesystem
[   32.005190] XFS (loop0): totally zeroed log
[   32.005657] XFS (loop0): Ending clean mount
[   32.006279] XFS (loop0): Quotacheck needed: Please wait.
[   32.011783] loop2: detected capacity change from 0 to 65536
[   32.012341] XFS: ikeep mount option is deprecated.
[   32.015517] XFS (loop1): totally zeroed log
[   32.015969] XFS (loop1): Ending clean mount
[   32.016424] XFS (loop1): Quotacheck needed: Please wait.
[   32.020531] XFS (loop1): log I/O error -5
[   32.020825] XFS (loop1): Filesystem has been shut down due to log error (0x2).
[   32.021266] XFS (loop1): Please unmount the filesystem and rectify the problem(s).
[   32.021937] XFS (loop0): log I/O error -5
[   32.022262] XFS (loop0): Filesystem has been shut down due to log error (0x2).
[   32.022698] XFS (loop0): Please unmount the filesystem and rectify the problem(s).
[   32.023626] XFS (loop1): Quotacheck: Unsuccessful (Error -5): Disabling quotas.
[   32.024112] xfs filesystem being mounted at /root/syzkaller.8TPgDJ/4/file0 supports timestamps until 2038 (0x7fffffff)
[   32.026460] XFS (loop0): Quotacheck: Unsuccessful (Error -5): Disabling quotas.
[   32.026959] xfs filesystem being mounted at /root/syzkaller.Kr8zQG/3/file0 supports timestamps until 2038 (0x7fffffff)
[   32.032315] XFS (loop1): Unmounting Filesystem
[   32.043032] XFS (loop2): DAX unsupported by block device. Turning off DAX.
[   32.043582] XFS (loop0): Unmounting Filesystem
[   32.046275] XFS (loop2): Mounting V4 Filesystem
[   32.068758] XFS (loop2): totally zeroed log
[   32.070253] XFS (loop2): Ending clean mount
[   32.070670] XFS (loop2): Quotacheck needed: Please wait.
[   32.073284] XFS (loop2): log I/O error -5
[   32.073587] XFS (loop2): Filesystem has been shut down due to log error (0x2).
[   32.074047] XFS (loop2): Please unmount the filesystem and rectify the problem(s).
[   32.074965] XFS (loop2): Quotacheck: Unsuccessful (Error -5): Disabling quotas.
[   32.075450] xfs filesystem being mounted at /root/syzkaller.5kpTwP/4/file0 supports timestamps until 2038 (0x7fffffff)
[   32.081571] XFS (loop2): Unmounting Filesystem
[   32.173990] loop3: detected capacity change from 0 to 65536
[   32.175773] XFS: ikeep mount option is deprecated.
[   32.220495] loop4: detected capacity change from 0 to 65536
[   32.221282] XFS: ikeep mount option is deprecated.
[   32.239583] XFS (loop3): DAX unsupported by block device. Turning off DAX.
[   32.240117] XFS (loop3): Mounting V4 Filesystem
[   32.259965] XFS (loop3): totally zeroed log
[   32.260502] XFS (loop3): Ending clean mount
[   32.260936] XFS (loop3): Quotacheck needed: Please wait.
[   32.262890] XFS (loop3): log I/O error -5
[   32.263172] XFS (loop3): Filesystem has been shut down due to log error (0x2).
[   32.263606] XFS (loop3): Please unmount the filesystem and rectify the problem(s).
[   32.264180] XFS (loop3): Quotacheck: Unsuccessful (Error -5): Disabling quotas.
[   32.264656] xfs filesystem being mounted at /root/syzkaller.IIRrnW/4/file0 supports timestamps until 2038 (0x7fffffff)
[   32.266635] XFS (loop4): DAX unsupported by block device. Turning off DAX.
[   32.270132] XFS (loop3): Unmounting Filesystem
[   32.270541] XFS (loop4): Mounting V4 Filesystem
[   32.287300] XFS (loop4): totally zeroed log
[   32.287748] XFS (loop4): Ending clean mount
[   32.288187] XFS (loop4): Quotacheck needed: Please wait.
[   32.294570] loop7: detected capacity change from 0 to 65536
[   32.296327] XFS (loop4): log I/O error -5
[   32.296349] XFS: ikeep mount option is deprecated.
[   32.296618] XFS (loop4): Filesystem has been shut down due to log error (0x2).
[   32.297367] XFS (loop4): Please unmount the filesystem and rectify the problem(s).
[   32.298305] XFS (loop4): Quotacheck: Unsuccessful (Error -5): Disabling quotas.
[   32.298792] xfs filesystem being mounted at /root/syzkaller.afaH2Z/4/file0 supports timestamps until 2038 (0x7fffffff)
[   32.300754] XFS (loop4): Unmounting Filesystem
[   32.316809] XFS (loop7): DAX unsupported by block device. Turning off DAX.
[   32.317547] XFS (loop7): Mounting V4 Filesystem
[   32.323752] XFS (loop7): totally zeroed log
[   32.324209] XFS (loop7): Ending clean mount
[   32.335449] XFS (loop7): Quotacheck needed: Please wait.
[   32.346273] XFS (loop7): log I/O error -5
[   32.346568] XFS (loop7): Filesystem has been shut down due to log error (0x2).
[   32.347004] XFS (loop7): Please unmount the filesystem and rectify the problem(s).
[   32.347591] XFS (loop7): Quotacheck: Unsuccessful (Error -5): Disabling quotas.
[   32.348070] xfs filesystem being mounted at /root/syzkaller.aLTY7b/4/file0 supports timestamps until 2038 (0x7fffffff)
[   32.350557] XFS (loop7): Unmounting Filesystem
[   32.416434] loop5: detected capacity change from 0 to 65536
[   32.417612] XFS: ikeep mount option is deprecated.
[   32.453397] XFS (loop5): DAX unsupported by block device. Turning off DAX.
[   32.457288] XFS (loop5): Mounting V4 Filesystem
[   32.467729] XFS (loop5): totally zeroed log
[   32.468206] XFS (loop5): Ending clean mount
[   32.469124] XFS (loop5): Quotacheck needed: Please wait.
[   32.477476] XFS (loop5): log I/O error -5
[   32.477767] XFS (loop5): Filesystem has been shut down due to log error (0x2).
[   32.478319] XFS (loop5): Please unmount the filesystem and rectify the problem(s).
[   32.479229] XFS (loop5): Quotacheck: Unsuccessful (Error -5): Disabling quotas.
[   32.479725] xfs filesystem being mounted at /root/syzkaller.8uS3e4/4/file0 supports timestamps until 2038 (0x7fffffff)
[   32.494250] XFS (loop5): Unmounting Filesystem
[   32.604461] loop6: detected capacity change from 0 to 65536
[   32.615663] XFS: ikeep mount option is deprecated.
[   32.631219] loop0: detected capacity change from 0 to 65536
[   32.631799] XFS: ikeep mount option is deprecated.
[   32.640816] XFS (loop6): DAX unsupported by block device. Turning off DAX.
[   32.641657] XFS (loop6): Mounting V4 Filesystem
[   32.670321] XFS (loop6): totally zeroed log
[   32.670837] XFS (loop6): Ending clean mount
[   32.672490] XFS (loop6): Quotacheck needed: Please wait.
[   32.679106] XFS (loop6): log I/O error -5
[   32.679407] XFS (loop6): Filesystem has been shut down due to log error (0x2).
[   32.679844] XFS (loop6): Please unmount the filesystem and rectify the problem(s).
[   32.680454] XFS (loop6): Quotacheck: Unsuccessful (Error -5): Disabling quotas.
[   32.680943] xfs filesystem being mounted at /root/syzkaller.WDi4Ab/4/file0 supports timestamps until 2038 (0x7fffffff)
[   32.681823] XFS (loop0): DAX unsupported by block device. Turning off DAX.
[   32.685326] XFS (loop0): Mounting V4 Filesystem
[   32.687580] XFS (loop6): Unmounting Filesystem
[   32.692522] XFS (loop0): totally zeroed log
[   32.692991] XFS (loop0): Ending clean mount
[   32.697091] XFS (loop0): Quotacheck needed: Please wait.
[   32.703867] XFS (loop0): log I/O error -5
[   32.704168] XFS (loop0): Filesystem has been shut down due to log error (0x2).
[   32.704604] XFS (loop0): Please unmount the filesystem and rectify the problem(s).
[   32.706206] XFS (loop0): Quotacheck: Unsuccessful (Error -5): Disabling quotas.
[   32.706706] xfs filesystem being mounted at /root/syzkaller.Kr8zQG/4/file0 supports timestamps until 2038 (0x7fffffff)
[   32.708980] XFS (loop0): Unmounting Filesystem
[   32.813115] loop1: detected capacity change from 0 to 65536
[   32.816485] XFS: ikeep mount option is deprecated.
[   32.857828] XFS (loop1): DAX unsupported by block device. Turning off DAX.
[   32.858656] XFS (loop1): Mounting V4 Filesystem
[   32.874198] XFS (loop1): totally zeroed log
[   32.874680] XFS (loop1): Ending clean mount
[   32.875141] XFS (loop1): Quotacheck needed: Please wait.
[   32.879969] XFS (loop1): log I/O error -5
[   32.880262] XFS (loop1): Filesystem has been shut down due to log error (0x2).
[   32.880699] XFS (loop1): Please unmount the filesystem and rectify the problem(s).
[   32.882221] XFS (loop1): Quotacheck: Unsuccessful (Error -5): Disabling quotas.
[   32.882716] xfs filesystem being mounted at /root/syzkaller.8TPgDJ/5/file0 supports timestamps until 2038 (0x7fffffff)
[   32.895676] XFS (loop1): Unmounting Filesystem
[   32.917213] loop4: detected capacity change from 0 to 65536
[   32.928946] XFS: ikeep mount option is deprecated.
[   32.960192] XFS (loop4): DAX unsupported by block device. Turning off DAX.
[   32.960710] XFS (loop4): Mounting V4 Filesystem
[   32.973027] XFS (loop4): totally zeroed log
[   32.973472] XFS (loop4): Ending clean mount
[   32.973904] XFS (loop4): Quotacheck needed: Please wait.
[   32.975831] XFS (loop4): log I/O error -5
[   32.976150] XFS (loop4): Filesystem has been shut down due to log error (0x2).
[   32.976590] XFS (loop4): Please unmount the filesystem and rectify the problem(s).
[   32.977290] XFS (loop4): Quotacheck: Unsuccessful (Error -5): Disabling quotas.
[   32.977819] xfs filesystem being mounted at /root/syzkaller.afaH2Z/5/file0 supports timestamps until 2038 (0x7fffffff)
[   32.984703] XFS (loop4): Unmounting Filesystem
[   33.009804] loop5: detected capacity change from 0 to 65536
[   33.011552] XFS: ikeep mount option is deprecated.
[   33.043228] XFS (loop5): DAX unsupported by block device. Turning off DAX.
[   33.043751] XFS (loop5): Mounting V4 Filesystem
[   33.055918] XFS (loop5): totally zeroed log
[   33.056380] XFS (loop5): Ending clean mount
[   33.056824] XFS (loop5): Quotacheck needed: Please wait.
[   33.066187] XFS (loop5): log I/O error -5
[   33.066962] XFS (loop5): Filesystem has been shut down due to log error (0x2).
[   33.067415] XFS (loop5): Please unmount the filesystem and rectify the problem(s).
[   33.068003] XFS (loop5): Quotacheck: Unsuccessful (Error -5): Disabling quotas.
[   33.068476] xfs filesystem being mounted at /root/syzkaller.8uS3e4/5/file0 supports timestamps until 2038 (0x7fffffff)
[   33.075614] XFS (loop5): Unmounting Filesystem
[   33.092799] loop7: detected capacity change from 0 to 65536
[   33.093367] XFS: ikeep mount option is deprecated.
[   33.120233] XFS (loop7): DAX unsupported by block device. Turning off DAX.
[   33.120751] XFS (loop7): Mounting V4 Filesystem
[   33.133646] loop2: detected capacity change from 0 to 65536
[   33.137432] XFS: ikeep mount option is deprecated.
[   33.145784] XFS (loop7): totally zeroed log
[   33.149833] XFS (loop7): Ending clean mount
[   33.150305] XFS (loop7): Quotacheck needed: Please wait.
[   33.154856] XFS (loop7): log I/O error -5
[   33.155159] XFS (loop7): Filesystem has been shut down due to log error (0x2).
[   33.155596] XFS (loop7): Please unmount the filesystem and rectify the problem(s).
[   33.156186] XFS (loop7): Quotacheck: Unsuccessful (Error -5): Disabling quotas.
[   33.156670] xfs filesystem being mounted at /root/syzkaller.aLTY7b/5/file0 supports timestamps until 2038 (0x7fffffff)
[   33.162083] XFS (loop7): Unmounting Filesystem
[   33.164133] loop3: detected capacity change from 0 to 65536
[   33.164664] XFS: ikeep mount option is deprecated.
[   33.176010] XFS (loop2): DAX unsupported by block device. Turning off DAX.
[   33.176523] XFS (loop2): Mounting V4 Filesystem
[   33.202623] XFS (loop3): DAX unsupported by block device. Turning off DAX.
[   33.203133] XFS (loop3): Mounting V4 Filesystem
[   33.206958] XFS (loop2): totally zeroed log
[   33.214616] XFS (loop2): Ending clean mount
[   33.223919] XFS (loop2): Quotacheck needed: Please wait.
[   33.225910] XFS (loop2): log I/O error -5
[   33.226268] XFS (loop2): Filesystem has been shut down due to log error (0x2).
[   33.226704] XFS (loop2): Please unmount the filesystem and rectify the problem(s).
[   33.227551] XFS (loop2): Quotacheck: Unsuccessful (Error -5): Disabling quotas.
[   33.228028] xfs filesystem being mounted at /root/syzkaller.5kpTwP/5/file0 supports timestamps until 2038 (0x7fffffff)
[   33.229188] XFS (loop3): totally zeroed log
[   33.229661] XFS (loop3): Ending clean mount
[   33.234626] XFS (loop3): Quotacheck needed: Please wait.
[   33.235364] XFS (loop2): Unmounting Filesystem
[   33.237078] XFS (loop3): log I/O error -5
[   33.237361] XFS (loop3): Filesystem has been shut down due to log error (0x2).
[   33.237807] XFS (loop3): Please unmount the filesystem and rectify the problem(s).
[   33.239191] XFS (loop3): Quotacheck: Unsuccessful (Error -5): Disabling quotas.
[   33.239683] xfs filesystem being mounted at /root/syzkaller.IIRrnW/5/file0 supports timestamps until 2038 (0x7fffffff)
[   33.250094] XFS (loop3): Unmounting Filesystem
[   33.397434] loop0: detected capacity change from 0 to 65536
[   33.400814] XFS: ikeep mount option is deprecated.
[   33.456403] loop6: detected capacity change from 0 to 65536
[   33.476469] XFS: ikeep mount option is deprecated.
[   33.483950] XFS (loop0): DAX unsupported by block device. Turning off DAX.
[   33.484470] XFS (loop0): Mounting V4 Filesystem
[   33.496699] XFS (loop0): totally zeroed log
[   33.497163] XFS (loop0): Ending clean mount
[   33.497590] XFS (loop0): Quotacheck needed: Please wait.
[   33.500859] XFS (loop6): DAX unsupported by block device. Turning off DAX.
[   33.502267] XFS (loop0): log I/O error -5
[   33.502548] XFS (loop0): Filesystem has been shut down due to log error (0x2).
[   33.502976] XFS (loop0): Please unmount the filesystem and rectify the problem(s).
[   33.503577] XFS (loop0): Quotacheck: Unsuccessful (Error -5): Disabling quotas.
[   33.504058] xfs filesystem being mounted at /root/syzkaller.Kr8zQG/5/file0 supports timestamps until 2038 (0x7fffffff)
[   33.504743] XFS (loop6): Mounting V4 Filesystem
[   33.506371] XFS (loop0): Unmounting Filesystem
[   33.523087] XFS (loop6): totally zeroed log
[   33.523589] XFS (loop6): Ending clean mount
[   33.524008] XFS (loop6): Quotacheck needed: Please wait.
[   33.527958] XFS (loop6): log I/O error -5
[   33.528266] XFS (loop6): Filesystem has been shut down due to log error (0x2).
[   33.528697] XFS (loop6): Please unmount the filesystem and rectify the problem(s).
[   33.529301] XFS (loop6): Quotacheck: Unsuccessful (Error -5): Disabling quotas.
[   33.529781] xfs filesystem being mounted at /root/syzkaller.WDi4Ab/5/file0 supports timestamps until 2038 (0x7fffffff)
[   33.537222] XFS (loop6): Unmounting Filesystem
[   33.557346] loop1: detected capacity change from 0 to 65536
[   33.558993] XFS: ikeep mount option is deprecated.
[   33.589355] XFS (loop1): DAX unsupported by block device. Turning off DAX.
[   33.589893] XFS (loop1): Mounting V4 Filesystem
[   33.601644] XFS (loop1): totally zeroed log
[   33.602168] XFS (loop1): Ending clean mount
[   33.602593] XFS (loop1): Quotacheck needed: Please wait.
[   33.612812] XFS (loop1): log I/O error -5
[   33.613113] XFS (loop1): Filesystem has been shut down due to log error (0x2).
[   33.613556] XFS (loop1): Please unmount the filesystem and rectify the problem(s).
[   33.614347] XFS (loop1): Quotacheck: Unsuccessful (Error -5): Disabling quotas.
[   33.614833] xfs filesystem being mounted at /root/syzkaller.8TPgDJ/6/file0 supports timestamps until 2038 (0x7fffffff)
[   33.616754] XFS (loop1): Unmounting Filesystem
[   33.775227] loop4: detected capacity change from 0 to 65536
[   33.776999] XFS: ikeep mount option is deprecated.
[   33.821362] loop3: detected capacity change from 0 to 65536
[   33.823223] XFS: ikeep mount option is deprecated.
[   33.844926] XFS (loop4): DAX unsupported by block device. Turning off DAX.
[   33.845470] XFS (loop4): Mounting V4 Filesystem
[   33.858027] XFS (loop4): totally zeroed log
[   33.858488] XFS (loop3): DAX unsupported by block device. Turning off DAX.
[   33.858634] XFS (loop4): Ending clean mount
[   33.859241] XFS (loop3): Mounting V4 Filesystem
[   33.859383] XFS (loop4): Quotacheck needed: Please wait.
[   33.865207] bio_check_eod: 39 callbacks suppressed
[   33.865213] repro: attempt to access beyond end of device
[   33.865213] loop4: rw=432129, want=65551, limit=65536
[   33.866333] XFS (loop4): log I/O error -5
[   33.866607] XFS (loop4): Filesystem has been shut down due to log error (0x2).
[   33.867034] XFS (loop4): Please unmount the filesystem and rectify the problem(s).
[   33.867617] XFS (loop4): Quotacheck: Unsuccessful (Error -5): Disabling quotas.
[   33.868091] xfs filesystem being mounted at /root/syzkaller.afaH2Z/6/file0 supports timestamps until 2038 (0x7fffffff)
[   33.876472] XFS (loop4): Unmounting Filesystem
[   33.888960] XFS (loop3): totally zeroed log
[   33.889446] XFS (loop3): Ending clean mount
[   33.889860] XFS (loop3): Quotacheck needed: Please wait.
[   33.895000] repro: attempt to access beyond end of device
[   33.895000] loop3: rw=432129, want=65551, limit=65536
[   33.895690] XFS (loop3): log I/O error -5
[   33.895975] XFS (loop3): Filesystem has been shut down due to log error (0x2).
[   33.896419] XFS (loop3): Please unmount the filesystem and rectify the problem(s).
[   33.897008] XFS (loop3): Quotacheck: Unsuccessful (Error -5): Disabling quotas.
[   33.897496] xfs filesystem being mounted at /root/syzkaller.IIRrnW/6/file0 supports timestamps until 2038 (0x7fffffff)
[   33.905412] loop2: detected capacity change from 0 to 65536
[   33.910740] XFS (loop3): Unmounting Filesystem
[   33.912538] XFS: ikeep mount option is deprecated.
[   33.913476] loop7: detected capacity change from 0 to 65536
[   33.924433] XFS: ikeep mount option is deprecated.
[   33.950776] XFS (loop2): DAX unsupported by block device. Turning off DAX.
[   33.951293] XFS (loop2): Mounting V4 Filesystem
[   33.962134] XFS (loop2): totally zeroed log
[   33.962514] XFS (loop7): DAX unsupported by block device. Turning off DAX.
[   33.963143] XFS (loop2): Ending clean mount
[   33.963489] XFS (loop7): Mounting V4 Filesystem
[   33.964015] XFS (loop2): Quotacheck needed: Please wait.
[   33.968958] repro: attempt to access beyond end of device
[   33.968958] loop2: rw=432129, want=65551, limit=65536
[   33.969655] XFS (loop2): log I/O error -5
[   33.969932] XFS (loop2): Filesystem has been shut down due to log error (0x2).
[   33.970396] XFS (loop2): Please unmount the filesystem and rectify the problem(s).
[   33.971254] XFS (loop2): Quotacheck: Unsuccessful (Error -5): Disabling quotas.
[   33.971746] xfs filesystem being mounted at /root/syzkaller.5kpTwP/6/file0 supports timestamps until 2038 (0x7fffffff)
[   33.973836] XFS (loop2): Unmounting Filesystem
[   33.986710] XFS (loop7): totally zeroed log
[   33.987254] XFS (loop7): Ending clean mount
[   33.987686] XFS (loop7): Quotacheck needed: Please wait.
[   33.992159] repro: attempt to access beyond end of device
[   33.992159] loop7: rw=432129, want=65551, limit=65536
[   33.993028] XFS (loop7): log I/O error -5
[   33.993332] XFS (loop7): Filesystem has been shut down due to log error (0x2).
[   33.993780] XFS (loop7): Please unmount the filesystem and rectify the problem(s).
[   33.995198] XFS (loop7): Quotacheck: Unsuccessful (Error -5): Disabling quotas.
[   33.995697] xfs filesystem being mounted at /root/syzkaller.aLTY7b/6/file0 supports timestamps until 2038 (0x7fffffff)
[   33.997697] XFS (loop7): Unmounting Filesystem
[   34.020554] loop5: detected capacity change from 0 to 65536
[   34.029077] XFS: ikeep mount option is deprecated.
[   34.070850] XFS (loop5): DAX unsupported by block device. Turning off DAX.
[   34.071418] XFS (loop5): Mounting V4 Filesystem
[   34.089147] XFS (loop5): totally zeroed log
[   34.091971] XFS (loop5): Ending clean mount
[   34.094360] XFS (loop5): Quotacheck needed: Please wait.
[   34.099204] repro: attempt to access beyond end of device
[   34.099204] loop5: rw=432129, want=65551, limit=65536
[   34.099874] XFS (loop5): log I/O error -5
[   34.100172] XFS (loop5): Filesystem has been shut down due to log error (0x2).
[   34.100610] XFS (loop5): Please unmount the filesystem and rectify the problem(s).
[   34.110422] XFS (loop5): Quotacheck: Unsuccessful (Error -5): Disabling quotas.
[   34.110965] xfs filesystem being mounted at /root/syzkaller.8uS3e4/6/file0 supports timestamps until 2038 (0x7fffffff)
[   34.119165] XFS (loop5): Unmounting Filesystem
[   34.277281] loop0: detected capacity change from 0 to 65536
[   34.277872] XFS: ikeep mount option is deprecated.
[   34.318253] XFS (loop0): DAX unsupported by block device. Turning off DAX.
[   34.318820] XFS (loop0): Mounting V4 Filesystem
[   34.335322] loop1: detected capacity change from 0 to 65536
[   34.350996] XFS: ikeep mount option is deprecated.
[   34.355717] XFS (loop0): totally zeroed log
[   34.356229] XFS (loop0): Ending clean mount
[   34.356684] XFS (loop0): Quotacheck needed: Please wait.
[   34.362665] repro: attempt to access beyond end of device
[   34.362665] loop0: rw=432129, want=65551, limit=65536
[   34.363359] XFS (loop0): log I/O error -5
[   34.363653] XFS (loop0): Filesystem has been shut down due to log error (0x2).
[   34.364098] XFS (loop0): Please unmount the filesystem and rectify the problem(s).
[   34.364710] XFS (loop0): Quotacheck: Unsuccessful (Error -5): Disabling quotas.
[   34.365211] xfs filesystem being mounted at /root/syzkaller.Kr8zQG/6/file0 supports timestamps until 2038 (0x7fffffff)
[   34.370189] XFS (loop0): Unmounting Filesystem
[   34.379934] XFS (loop1): DAX unsupported by block device. Turning off DAX.
[   34.380481] XFS (loop1): Mounting V4 Filesystem
[   34.389172] XFS (loop1): totally zeroed log
[   34.389648] XFS (loop1): Ending clean mount
[   34.390318] XFS (loop1): Quotacheck needed: Please wait.
[   34.402130] repro: attempt to access beyond end of device
[   34.402130] loop1: rw=432129, want=65551, limit=65536
[   34.402828] XFS (loop1): log I/O error -5
[   34.403126] XFS (loop1): Filesystem has been shut down due to log error (0x2).
[   34.403565] XFS (loop1): Please unmount the filesystem and rectify the problem(s).
[   34.404974] XFS (loop1): Quotacheck: Unsuccessful (Error -5): Disabling quotas.
[   34.405481] xfs filesystem being mounted at /root/syzkaller.8TPgDJ/7/file0 supports timestamps until 2038 (0x7fffffff)
[   34.411422] loop6: detected capacity change from 0 to 65536
[   34.411978] XFS: ikeep mount option is deprecated.
[   34.415093] XFS (loop1): Unmounting Filesystem
[   34.452006] XFS (loop6): DAX unsupported by block device. Turning off DAX.
[   34.452570] XFS (loop6): Mounting V4 Filesystem
[   34.456937] loop4: detected capacity change from 0 to 65536
[   34.476720] XFS: ikeep mount option is deprecated.
[   34.481381] XFS (loop6): totally zeroed log
[   34.481902] XFS (loop6): Ending clean mount
[   34.484093] XFS (loop6): Quotacheck needed: Please wait.
[   34.490467] repro: attempt to access beyond end of device
[   34.490467] loop6: rw=432129, want=65551, limit=65536
[   34.492583] XFS (loop6): log I/O error -5
[   34.492891] XFS (loop6): Filesystem has been shut down due to log error (0x2).
[   34.493339] XFS (loop6): Please unmount the filesystem and rectify the problem(s).
[   34.495891] XFS (loop6): Quotacheck: Unsuccessful (Error -5): Disabling quotas.
[   34.496393] xfs filesystem being mounted at /root/syzkaller.WDi4Ab/6/file0 supports timestamps until 2038 (0x7fffffff)
[   34.505539] XFS (loop6): Unmounting Filesystem
[   34.508156] XFS (loop4): DAX unsupported by block device. Turning off DAX.
[   34.508721] XFS (loop4): Mounting V4 Filesystem
[   34.526732] XFS (loop4): totally zeroed log
[   34.528556] XFS (loop4): Ending clean mount
[   34.529024] XFS (loop4): Quotacheck needed: Please wait.
[   34.535688] repro: attempt to access beyond end of device
[   34.535688] loop4: rw=432129, want=65551, limit=65536
[   34.536414] XFS (loop4): log I/O error -5
[   34.536717] XFS (loop4): Filesystem has been shut down due to log error (0x2).
[   34.537188] XFS (loop4): Please unmount the filesystem and rectify the problem(s).
[   34.540937] XFS (loop4): Quotacheck: Unsuccessful (Error -5): Disabling quotas.
[   34.541477] xfs filesystem being mounted at /root/syzkaller.afaH2Z/7/file0 supports timestamps until 2038 (0x7fffffff)
[   34.550395] XFS (loop4): Unmounting Filesystem
[   34.599136] loop2: detected capacity change from 0 to 65536
[   34.601136] XFS: ikeep mount option is deprecated.
[   34.632079] XFS (loop2): DAX unsupported by block device. Turning off DAX.
[   34.632665] XFS (loop2): Mounting V4 Filesystem
[   34.652329] XFS (loop2): totally zeroed log
[   34.652820] XFS (loop2): Ending clean mount
[   34.653282] XFS (loop2): Quotacheck needed: Please wait.
[   34.655837] repro: attempt to access beyond end of device
[   34.655837] loop2: rw=432129, want=65551, limit=65536
[   34.656543] XFS (loop2): log I/O error -5
[   34.656831] XFS (loop2): Filesystem has been shut down due to log error (0x2).
[   34.657302] XFS (loop2): Please unmount the filesystem and rectify the problem(s).
[   34.657926] XFS (loop2): Quotacheck: Unsuccessful (Error -5): Disabling quotas.
[   34.658869] xfs filesystem being mounted at /root/syzkaller.5kpTwP/7/file0 supports timestamps until 2038 (0x7fffffff)
[   34.660909] XFS (loop2): Unmounting Filesystem
[   34.685576] loop3: detected capacity change from 0 to 65536
[   34.690013] XFS: ikeep mount option is deprecated.
[   34.733693] XFS (loop3): DAX unsupported by block device. Turning off DAX.
[   34.734285] XFS (loop3): Mounting V4 Filesystem
[   34.744234] loop5: detected capacity change from 0 to 65536
[   34.744866] XFS: ikeep mount option is deprecated.
[   34.754124] XFS (loop3): totally zeroed log
[   34.754648] XFS (loop3): Ending clean mount
[   34.755162] XFS (loop3): Quotacheck needed: Please wait.
[   34.758897] XFS (loop3): log I/O error -5
[   34.759224] XFS (loop3): Filesystem has been shut down due to log error (0x2).
[   34.759696] XFS (loop3): Please unmount the filesystem and rectify the problem(s).
[   34.760352] XFS (loop3): Quotacheck: Unsuccessful (Error -5): Disabling quotas.
[   34.760864] xfs filesystem being mounted at /root/syzkaller.IIRrnW/7/file0 supports timestamps until 2038 (0x7fffffff)
[   34.773919] XFS (loop3): Unmounting Filesystem
[   34.775878] XFS (loop5): DAX unsupported by block device. Turning off DAX.
[   34.778258] XFS (loop5): Mounting V4 Filesystem
[   34.799758] XFS (loop5): totally zeroed log
[   34.800250] XFS (loop5): Ending clean mount
[   34.800679] XFS (loop5): Quotacheck needed: Please wait.
[   34.803285] XFS (loop5): log I/O error -5
[   34.803598] XFS (loop5): Filesystem has been shut down due to log error (0x2).
[   34.804052] XFS (loop5): Please unmount the filesystem and rectify the problem(s).
[   34.804663] XFS (loop5): Quotacheck: Unsuccessful (Error -5): Disabling quotas.
[   34.805176] xfs filesystem being mounted at /root/syzkaller.8uS3e4/7/file0 supports timestamps until 2038 (0x7fffffff)
[   34.809320] XFS (loop5): Unmounting Filesystem
[   34.962015] loop7: detected capacity change from 0 to 65536
[   34.962615] XFS: ikeep mount option is deprecated.
[   35.010444] XFS (loop7): DAX unsupported by block device. Turning off DAX.
[   35.011007] XFS (loop7): Mounting V4 Filesystem
[   35.025443] XFS (loop7): totally zeroed log
[   35.026285] XFS (loop7): Ending clean mount
[   35.026743] XFS (loop7): Quotacheck needed: Please wait.
[   35.033037] XFS (loop7): log I/O error -5
[   35.033378] XFS (loop7): Filesystem has been shut down due to log error (0x2).
[   35.033839] XFS (loop7): Please unmount the filesystem and rectify the problem(s).
[   35.034699] XFS (loop7): Quotacheck: Unsuccessful (Error -5): Disabling quotas.
