c[?7l[2J[0mSeaBIOS (version rel-1.16.0-0-gd239552ce722-prebuilt.qemu.org)


iPXE (http://ipxe.org) 00:03.0 CA00 PCI2.10 PnP PMM+7FF91000+7FEF1000 CA00
Press Ctrl-B to configure iPXE (PCI 00:03.0)...                                                                               


Booting from ROM..c[?7l[2J[    0.000000] Linux version 6.2.0-c9c3395d5e3d (root@984fee00a1f6.jf.intel.com) (gcc (GCC) 8.5.0 20210514 (Red Hat 8.5.0-18), GNU ld version 2.36.1-3.el8) #1 SMP PREEMPT_DYNAMIC Mon Feb 20 12:16:46 HKT 2023
[    0.000000] Command line: console=ttyS0 root=/dev/sda earlyprintk=serial net.ifnames=0 thunderbolt.dyndbg
[    0.000000] KERNEL supported cpus:
[    0.000000]   Intel GenuineIntel
[    0.000000]   AMD AuthenticAMD
[    0.000000]   Hygon HygonGenuine
[    0.000000]   Centaur CentaurHauls
[    0.000000]   zhaoxin   Shanghai  
[    0.000000] x86/fpu: Supporting XSAVE feature 0x001: 'x87 floating point registers'
[    0.000000] x86/fpu: Supporting XSAVE feature 0x002: 'SSE registers'
[    0.000000] x86/fpu: Supporting XSAVE feature 0x004: 'AVX registers'
[    0.000000] x86/fpu: Supporting XSAVE feature 0x200: 'Protection Keys User registers'
[    0.000000] x86/fpu: xstate_offset[2]:  576, xstate_sizes[2]:  256
[    0.000000] x86/fpu: xstate_offset[9]:  832, xstate_sizes[9]:    8
[    0.000000] x86/fpu: Enabled xstate features 0x207, context size is 840 bytes, using 'compacted' format.
[    0.000000] signal: max sigframe size: 3632
[    0.000000] BIOS-provided physical RAM map:
[    0.000000] BIOS-e820: [mem 0x0000000000000000-0x000000000009fbff] usable
[    0.000000] BIOS-e820: [mem 0x000000000009fc00-0x000000000009ffff] reserved
[    0.000000] BIOS-e820: [mem 0x00000000000f0000-0x00000000000fffff] reserved
[    0.000000] BIOS-e820: [mem 0x0000000000100000-0x000000007ffdffff] usable
[    0.000000] BIOS-e820: [mem 0x000000007ffe0000-0x000000007fffffff] reserved
[    0.000000] BIOS-e820: [mem 0x00000000feffc000-0x00000000feffffff] reserved
[    0.000000] BIOS-e820: [mem 0x00000000fffc0000-0x00000000ffffffff] reserved
[    0.000000] printk: bootconsole [earlyser0] enabled
[    0.000000] NX (Execute Disable) protection: active
[    0.000000] SMBIOS 2.8 present.
[    0.000000] DMI: QEMU Standard PC (i440FX + PIIX, 1996), BIOS rel-1.16.0-0-gd239552ce722-prebuilt.qemu.org 04/01/2014
[    0.000000] Hypervisor detected: KVM
[    0.000000] kvm-clock: Using msrs 4b564d01 and 4b564d00
[    0.000003] kvm-clock: using sched offset of 354452679 cycles
[    0.000324] clocksource: kvm-clock: mask: 0xffffffffffffffff max_cycles: 0x1cd42e4dffb, max_idle_ns: 881590591483 ns
[    0.001319] tsc: Detected 3609.600 MHz processor
[    0.007901] last_pfn = 0x7ffe0 max_arch_pfn = 0x400000000
[    0.008311] x86/PAT: Configuration [0-7]: WB  WC  UC- UC  WB  WP  UC- WT  
[    0.016375] found SMP MP-table at [mem 0x000f5ba0-0x000f5baf]
[    0.017330] Using GB pages for direct mapping
[    0.018695] ACPI: Early table checksum verification disabled
[    0.019068] ACPI: RSDP 0x00000000000F59C0 000014 (v00 BOCHS )
[    0.019434] ACPI: RSDT 0x000000007FFE1951 000034 (v01 BOCHS  BXPC     00000001 BXPC 00000001)
[    0.019975] ACPI: FACP 0x000000007FFE17FD 000074 (v01 BOCHS  BXPC     00000001 BXPC 00000001)
[    0.020513] ACPI: DSDT 0x000000007FFE0040 0017BD (v01 BOCHS  BXPC     00000001 BXPC 00000001)
[    0.021044] ACPI: FACS 0x000000007FFE0000 000040
[    0.021337] ACPI: APIC 0x000000007FFE1871 000080 (v01 BOCHS  BXPC     00000001 BXPC 00000001)
[    0.021868] ACPI: HPET 0x000000007FFE18F1 000038 (v01 BOCHS  BXPC     00000001 BXPC 00000001)
[    0.022398] ACPI: WAET 0x000000007FFE1929 000028 (v01 BOCHS  BXPC     00000001 BXPC 00000001)
[    0.022927] ACPI: Reserving FACP table memory at [mem 0x7ffe17fd-0x7ffe1870]
[    0.023358] ACPI: Reserving DSDT table memory at [mem 0x7ffe0040-0x7ffe17fc]
[    0.023786] ACPI: Reserving FACS table memory at [mem 0x7ffe0000-0x7ffe003f]
[    0.024214] ACPI: Reserving APIC table memory at [mem 0x7ffe1871-0x7ffe18f0]
[    0.024642] ACPI: Reserving HPET table memory at [mem 0x7ffe18f1-0x7ffe1928]
[    0.025069] ACPI: Reserving WAET table memory at [mem 0x7ffe1929-0x7ffe1950]
[    0.026046] No NUMA configuration found
[    0.026283] Faking a node at [mem 0x0000000000000000-0x000000007ffdffff]
[    0.026743] NODE_DATA(0) allocated [mem 0x7ffb5000-0x7ffdffff]
[    0.030017] Zone ranges:
[    0.030205]   DMA      [mem 0x0000000000001000-0x0000000000ffffff]
[    0.030583]   DMA32    [mem 0x0000000001000000-0x000000007ffdffff]
[    0.030963]   Normal   empty
[    0.031141]   Device   empty
[    0.031321] Movable zone start for each node
[    0.031581] Early memory node ranges
[    0.031798]   node   0: [mem 0x0000000000001000-0x000000000009efff]
[    0.032181]   node   0: [mem 0x0000000000100000-0x000000007ffdffff]
[    0.032566] Initmem setup node 0 [mem 0x0000000000001000-0x000000007ffdffff]
[    0.033242] On node 0, zone DMA: 1 pages in unavailable ranges
[    0.033346] On node 0, zone DMA: 97 pages in unavailable ranges
[    0.067209] On node 0, zone DMA32: 32 pages in unavailable ranges
[    0.067821] ACPI: PM-Timer IO Port: 0x608
[    0.068466] ACPI: LAPIC_NMI (acpi_id[0xff] dfl dfl lint[0x1])
[    0.068885] IOAPIC[0]: apic_id 0, version 17, address 0xfec00000, GSI 0-23
[    0.069323] ACPI: INT_SRC_OVR (bus 0 bus_irq 0 global_irq 2 dfl dfl)
[    0.069714] ACPI: INT_SRC_OVR (bus 0 bus_irq 5 global_irq 5 high level)
[    0.070120] ACPI: INT_SRC_OVR (bus 0 bus_irq 9 global_irq 9 high level)
[    0.070526] ACPI: INT_SRC_OVR (bus 0 bus_irq 10 global_irq 10 high level)
[    0.070943] ACPI: INT_SRC_OVR (bus 0 bus_irq 11 global_irq 11 high level)
[    0.071371] ACPI: Using ACPI (MADT) for SMP configuration information
[    0.071763] ACPI: HPET id: 0x8086a201 base: 0xfed00000
[    0.072095] TSC deadline timer available
[    0.072337] smpboot: Allowing 2 CPUs, 0 hotplug CPUs
[    0.072705] kvm-guest: KVM setup pv remote TLB flush
[    0.073011] kvm-guest: setup PV sched yield
[    0.073317] PM: hibernation: Registered nosave memory: [mem 0x00000000-0x00000fff]
[    0.073781] PM: hibernation: Registered nosave memory: [mem 0x0009f000-0x0009ffff]
[    0.074240] PM: hibernation: Registered nosave memory: [mem 0x000a0000-0x000effff]
[    0.074698] PM: hibernation: Registered nosave memory: [mem 0x000f0000-0x000fffff]
[    0.075164] [mem 0x80000000-0xfeffbfff] available for PCI devices
[    0.075537] Booting paravirtualized kernel on KVM
[    0.075842] clocksource: refined-jiffies: mask: 0xffffffff max_cycles: 0xffffffff, max_idle_ns: 7645519600211568 ns
[    0.076495] setup_percpu: NR_CPUS:8192 nr_cpumask_bits:2 nr_cpu_ids:2 nr_node_ids:1
[    0.078040] percpu: Embedded 64 pages/cpu s225280 r8192 d28672 u1048576
[    0.078641] kvm-guest: PV spinlocks enabled
[    0.078908] PV qspinlock hash table entries: 256 (order: 0, 4096 bytes, linear)
[    0.079394] Fallback order for Node 0: 0 
[    0.079661] Built 1 zonelists, mobility grouping on.  Total pages: 515808
[    0.080081] Policy zone: DMA32
[    0.080273] Kernel command line: net.ifnames=0 console=ttyS0 root=/dev/sda earlyprintk=serial net.ifnames=0 thunderbolt.dyndbg
[    0.081448] random: crng init done
[    0.082618] Dentry cache hash table entries: 262144 (order: 9, 2097152 bytes, linear)
[    0.083525] Inode-cache hash table entries: 131072 (order: 8, 1048576 bytes, linear)
[    0.084142] mem auto-init: stack:off, heap alloc:off, heap free:off
[    0.088842] Memory: 1979232K/2096632K available (34816K kernel code, 4554K rwdata, 9872K rodata, 10164K init, 19860K bss, 117144K reserved, 0K cma-reserved)
[    0.090092] SLUB: HWalign=64, Order=0-3, MinObjects=0, CPUs=2, Nodes=1
[    0.090481] kmemleak: Kernel memory leak detector disabled
[    0.090891] ftrace: allocating 68264 entries in 267 pages
[    0.111810] ftrace: allocated 267 pages with 4 groups
[    0.114656] Dynamic Preempt: voluntary
[    0.115051] Running RCU self tests
[    0.115260] rcu: Preemptible hierarchical RCU implementation.
[    0.115598] rcu: 	RCU lockdep checking is enabled.
[    0.115876] rcu: 	RCU restricting CPUs from NR_CPUS=8192 to nr_cpu_ids=2.
[    0.116272] 	Trampoline variant of Tasks RCU enabled.
[    0.116580] 	Rude variant of Tasks RCU enabled.
[    0.116845] 	Tracing variant of Tasks RCU enabled.
[    0.117125] rcu: RCU calculated value of scheduler-enlistment delay is 25 jiffies.
[    0.117569] rcu: Adjusting geometry for rcu_fanout_leaf=16, nr_cpu_ids=2
[    0.141927] NR_IRQS: 524544, nr_irqs: 440, preallocated irqs: 16
[    0.142582] rcu: srcu_init: Setting srcu_struct sizes based on contention.
[    0.148631] Console: colour VGA+ 80x25
[    0.148906] printk: console [ttyS0] enabled
[    0.148906] printk: console [ttyS0] enabled
[    0.149413] printk: bootconsole [earlyser0] disabled
[    0.149413] printk: bootconsole [earlyser0] disabled
[    0.150012] Lock dependency validator: Copyright (c) 2006 Red Hat, Inc., Ingo Molnar
[    0.150480] ... MAX_LOCKDEP_SUBCLASSES:  8
[    0.150733] ... MAX_LOCK_DEPTH:          48
[    0.150994] ... MAX_LOCKDEP_KEYS:        8192
[    0.151263] ... CLASSHASH_SIZE:          4096
[    0.151531] ... MAX_LOCKDEP_ENTRIES:     32768
[    0.151807] ... MAX_LOCKDEP_CHAINS:      65536
[    0.152076] ... CHAINHASH_SIZE:          32768
[    0.152344]  memory used by lock dependency info: 6365 kB
[    0.152667]  memory used for stack traces: 4224 kB
[    0.152956]  per task-struct memory footprint: 1920 bytes
[    0.153314] ACPI: Core revision 20221020
[    0.153730] clocksource: hpet: mask: 0xffffffff max_cycles: 0xffffffff, max_idle_ns: 19112604467 ns
[    0.154393] APIC: Switch to symmetric I/O mode setup
[    0.154819] x2apic enabled
[    0.155122] Switched APIC routing to physical x2apic.
[    0.155432] kvm-guest: setup PV IPIs
[    0.156334] ..TIMER: vector=0x30 apic1=0 pin1=2 apic2=-1 pin2=-1
[    0.156717] clocksource: tsc-early: mask: 0xffffffffffffffff max_cycles: 0x3407c077a8d, max_idle_ns: 440795342283 ns
[    0.157365] Calibrating delay loop (skipped) preset value.. 7219.20 BogoMIPS (lpj=14438400)
[    0.157873] pid_max: default: 32768 minimum: 301
[    0.158217] LSM: initializing lsm=capability,yama,integrity
[    0.161369] Yama: becoming mindful.
[    0.161725] Mount-cache hash table entries: 4096 (order: 3, 32768 bytes, linear)
[    0.162186] Mountpoint-cache hash table entries: 4096 (order: 3, 32768 bytes, linear)
[    0.164729] x86/cpu: User Mode Instruction Prevention (UMIP) activated
[    0.165676] Last level iTLB entries: 4KB 0, 2MB 0, 4MB 0
[    0.166047] Last level dTLB entries: 4KB 0, 2MB 0, 4MB 0, 1GB 0
[    0.166443] Spectre V1 : Mitigation: usercopy/swapgs barriers and __user pointer sanitization
[    0.166957] Spectre V2 : WARNING: Unprivileged eBPF is enabled with eIBRS on, data leaks possible via Spectre v2 BHB attacks!
[    0.167627] Spectre V2 : Mitigation: Enhanced IBRS
[    0.167908] Spectre V2 : Spectre v2 / SpectreRSB mitigation: Filling RSB on context switch
[    0.168385] Spectre V2 : Spectre v2 / PBRSB-eIBRS: Retire a single CALL on VMEXIT
[    0.168822] Spectre V2 : mitigation: Enabling conditional Indirect Branch Prediction Barrier
[    0.169367] Speculative Store Bypass: Mitigation: Speculative Store Bypass disabled via prctl
[    0.256021] Freeing SMP alternatives memory: 56K
[    0.256633] smpboot: CPU0: 12th Gen Intel(R) Core(TM) i7-12700K (family: 0x6, model: 0x97, stepping: 0x2)
[    0.257352] cblist_init_generic: Setting adjustable number of callback queues.
[    0.257352] cblist_init_generic: Setting shift to 1 and lim to 1.
[    0.257352] cblist_init_generic: Setting shift to 1 and lim to 1.
[    0.257352] cblist_init_generic: Setting shift to 1 and lim to 1.
[    0.257352] Running RCU-tasks wait API self tests
[    0.357442] Performance Events: Alderlake Hybrid events, full-width counters, Intel PMU driver.
[    0.358374] core: cpu_core PMU driver: 
[    0.358610] ... version:                2
[    0.358846] ... bit width:              48
[    0.359086] ... generic registers:      6
[    0.359321] ... value mask:             0000ffffffffffff
[    0.359629] ... max period:             00007fffffffffff
[    0.359937] ... fixed-purpose events:   3
[    0.360173] ... event mask:             0001000f0000003f
[    0.360647] rcu: Hierarchical SRCU implementation.
[    0.360928] rcu: 	Max phase no-delay instances is 1000.
[    0.363359] unchecked MSR access error: WRMSR to 0x38f (tried to write 0x0001000f0000003f) at rIP: 0xffffffff810dc90c (native_write_msr+0xc/0x30)
[    0.364122] Call Trace:
[    0.364270]  <TASK>
[    0.364400]  __intel_pmu_enable_all.constprop.46+0xb5/0x140
[    0.364734]  intel_pmu_enable_all+0x1e/0x30
[    0.364987]  x86_pmu_enable+0x46d/0x5a0
[    0.365223]  ? write_comp_data+0x2f/0x90
[    0.365352]  perf_pmu_enable+0x53/0x70
[    0.365352]  ctx_resched+0x14d/0x1e0
[    0.365352]  __perf_install_in_context+0x2f7/0x450
[    0.365352]  ? __pfx_remote_function+0x10/0x10
[    0.365352]  ? __pfx_remote_function+0x10/0x10
[    0.365352]  remote_function+0x80/0xa0
[    0.365352]  ? __pfx_remote_function+0x10/0x10
[    0.365352]  generic_exec_single+0x124/0x190
[    0.365352]  smp_call_function_single+0x11c/0x240
[    0.365352]  ? __pfx_remote_function+0x10/0x10
[    0.365352]  ? __sanitizer_cov_trace_pc+0x25/0x60
[    0.365352]  ? write_comp_data+0x2f/0x90
[    0.365352]  perf_install_in_context+0x2d8/0x300
[    0.365352]  ? __pfx___perf_install_in_context+0x10/0x10
[    0.365352]  perf_event_create_kernel_counter+0x284/0x2b0
[    0.365352]  ? __pfx_watchdog_overflow_callback+0x10/0x10
[    0.365352]  hardlockup_detector_event_create+0x46/0xd0
[    0.365352]  hardlockup_detector_perf_init+0x18/0x66
[    0.365352]  watchdog_nmi_probe+0x17/0x1d
[    0.365352]  lockup_detector_init+0x40/0xaf
[    0.365352]  kernel_init_freeable+0x264/0x422
[    0.365352]  ? __pfx_kernel_init+0x10/0x10
[    0.365352]  kernel_init+0x24/0x1e0
[    0.365352]  ? __pfx_kernel_init+0x10/0x10
[    0.365352]  ret_from_fork+0x29/0x50
[    0.365352]  </TASK>
[    0.365368] Callback from call_rcu_tasks_trace() invoked.
[    0.365838] smp: Bringing up secondary CPUs ...
[    0.366500] x86: Booting SMP configuration:
[    0.366755] .... node  #0, CPUs:      #1
[    0.367010] smp: Brought up 1 node, 2 CPUs
[    0.367010] smpboot: Max logical packages: 1
[    0.367010] smpboot: Total of 2 processors activated (14438.40 BogoMIPS)
[    0.370495] devtmpfs: initialized
[    0.370495] x86/mm: Memory block size: 128MB
[    0.371563] clocksource: jiffies: mask: 0xffffffff max_cycles: 0xffffffff, max_idle_ns: 7645041785100000 ns
[    0.373925] futex hash table entries: 512 (order: 4, 65536 bytes, linear)
[    0.374527] pinctrl core: initialized pinctrl subsystem
[    0.375263] 
[    0.375360] *************************************************************
[    0.375749] **     NOTICE NOTICE NOTICE NOTICE NOTICE NOTICE NOTICE    **
[    0.376138] **                                                         **
[    0.376526] **  IOMMU DebugFS SUPPORT HAS BEEN ENABLED IN THIS KERNEL  **
[    0.376913] **                                                         **
[    0.377300] ** This means that this kernel is built to expose internal **
[    0.377363] ** IOMMU data structures, which may compromise security on **
[    0.377751] ** your system.                                            **
[    0.378142] **                                                         **
[    0.378530] ** If you see this message and you are not debugging the   **
[    0.378919] ** kernel, report this immediately to your vendor!         **
[    0.379307] **                                                         **
[    0.379695] **     NOTICE NOTICE NOTICE NOTICE NOTICE NOTICE NOTICE    **
[    0.380083] *************************************************************
[    0.380506] PM: RTC time: 11:38:36, date: 2023-02-24
[    0.383194] NET: Registered PF_NETLINK/PF_ROUTE protocol family
[    0.384046] DMA: preallocated 256 KiB GFP_KERNEL pool for atomic allocations
[    0.384467] DMA: preallocated 256 KiB GFP_KERNEL|GFP_DMA pool for atomic allocations
[    0.384921] DMA: preallocated 256 KiB GFP_KERNEL|GFP_DMA32 pool for atomic allocations
[    0.385392] audit: initializing netlink subsys (disabled)
[    0.385767] audit: type=2000 audit(1677238717.701:1): state=initialized audit_enabled=0 res=1
[    0.385850] thermal_sys: Registered thermal governor 'fair_share'
[    0.385883] thermal_sys: Registered thermal governor 'bang_bang'
[    0.386239] thermal_sys: Registered thermal governor 'step_wise'
[    0.386586] thermal_sys: Registered thermal governor 'user_space'
[    0.386964] cpuidle: using governor ladder
[    0.387566] cpuidle: using governor menu
[    0.388020] acpiphp: ACPI Hot Plug PCI Controller Driver version: 0.5
[    0.388634] PCI: Using configuration type 1 for base access
[    0.390113] kprobes: kprobe jump-optimization is enabled. All kprobes are optimized if possible.
[    0.579272] HugeTLB: registered 1.00 GiB page size, pre-allocated 0 pages
[    0.579680] HugeTLB: 16380 KiB vmemmap can be freed for a 1.00 GiB page
[    0.580064] HugeTLB: registered 2.00 MiB page size, pre-allocated 0 pages
[    0.580454] HugeTLB: 28 KiB vmemmap can be freed for a 2.00 MiB page
[    0.583333] ACPI: Added _OSI(Module Device)
[    0.583598] ACPI: Added _OSI(Processor Device)
[    0.583859] ACPI: Added _OSI(3.0 _SCP Extensions)
[    0.584134] ACPI: Added _OSI(Processor Aggregator Device)
[    0.588821] ACPI: 1 ACPI AML tables successfully acquired and loaded
[    0.591733] ACPI: Interpreter enabled
[    0.592034] ACPI: PM: (supports S0 S3 S4 S5)
[    0.592285] ACPI: Using IOAPIC for interrupt routing
[    0.592603] PCI: Using host bridge windows from ACPI; if necessary, use "pci=nocrs" and report a bug
[    0.593123] PCI: Using E820 reservations for host bridge windows
[    0.593890] ACPI: Enabled 2 GPEs in block 00 to 0F
[    0.606856] ACPI: PCI Root Bridge [PCI0] (domain 0000 [bus 00-ff])
[    0.607245] acpi PNP0A03:00: _OSC: OS supports [ASPM ClockPM Segments MSI EDR HPX-Type3]
[    0.607716] acpi PNP0A03:00: _OSC: not requesting OS control; OS requires [ExtendedConfig ASPM ClockPM MSI]
[    0.608322] acpi PNP0A03:00: fail to add MMCONFIG information, can't access extended configuration space under this bridge
[    0.610794] acpiphp: Slot [3] registered
[    0.611078] acpiphp: Slot [4] registered
[    0.611357] acpiphp: Slot [5] registered
[    0.611640] acpiphp: Slot [6] registered
[    0.611919] acpiphp: Slot [7] registered
[    0.612198] acpiphp: Slot [8] registered
[    0.612477] acpiphp: Slot [9] registered
[    0.612755] acpiphp: Slot [10] registered
[    0.613039] acpiphp: Slot [11] registered
[    0.613327] acpiphp: Slot [12] registered
[    0.613406] acpiphp: Slot [13] registered
[    0.613690] acpiphp: Slot [14] registered
[    0.613974] acpiphp: Slot [15] registered
[    0.614257] acpiphp: Slot [16] registered
[    0.614541] acpiphp: Slot [17] registered
[    0.614829] acpiphp: Slot [18] registered
[    0.615114] acpiphp: Slot [19] registered
[    0.615397] acpiphp: Slot [20] registered
[    0.615681] acpiphp: Slot [21] registered
[    0.615965] acpiphp: Slot [22] registered
[    0.616248] acpiphp: Slot [23] registered
[    0.616535] acpiphp: Slot [24] registered
[    0.616820] acpiphp: Slot [25] registered
[    0.617104] acpiphp: Slot [26] registered
[    0.617391] acpiphp: Slot [27] registered
[    0.617675] acpiphp: Slot [28] registered
[    0.617958] acpiphp: Slot [29] registered
[    0.618250] acpiphp: Slot [30] registered
[    0.618534] acpiphp: Slot [31] registered
[    0.618785] PCI host bridge to bus 0000:00
[    0.619026] pci_bus 0000:00: root bus resource [io  0x0000-0x0cf7 window]
[    0.619422] pci_bus 0000:00: root bus resource [io  0x0d00-0xffff window]
[    0.619816] pci_bus 0000:00: root bus resource [mem 0x000a0000-0x000bffff window]
[    0.620250] pci_bus 0000:00: root bus resource [mem 0x80000000-0xfebfffff window]
[    0.620684] pci_bus 0000:00: root bus resource [mem 0x100000000-0x17fffffff window]
[    0.621127] pci_bus 0000:00: root bus resource [bus 00-ff]
[    0.621434] pci 0000:00:00.0: [8086:1237] type 00 class 0x060000
[    0.624021] pci 0000:00:01.0: [8086:7000] type 00 class 0x060100
[    0.624909] pci 0000:00:01.1: [8086:7010] type 00 class 0x010180
[    0.626224] pci 0000:00:01.1: reg 0x20: [io  0xc040-0xc04f]
[    0.626980] pci 0000:00:01.1: legacy IDE quirk: reg 0x10: [io  0x01f0-0x01f7]
[    0.627397] pci 0000:00:01.1: legacy IDE quirk: reg 0x14: [io  0x03f6]
[    0.627777] pci 0000:00:01.1: legacy IDE quirk: reg 0x18: [io  0x0170-0x0177]
[    0.628190] pci 0000:00:01.1: legacy IDE quirk: reg 0x1c: [io  0x0376]
[    0.628768] pci 0000:00:01.3: [8086:7113] type 00 class 0x068000
[    0.629358] pci 0000:00:01.3: quirk: [io  0x0600-0x063f] claimed by PIIX4 ACPI
[    0.629782] pci 0000:00:01.3: quirk: [io  0x0700-0x070f] claimed by PIIX4 SMB
[    0.630531] pci 0000:00:02.0: [1234:1111] type 00 class 0x030000
[    0.632505] pci 0000:00:02.0: reg 0x10: [mem 0xfd000000-0xfdffffff pref]
[    0.634051] pci 0000:00:02.0: reg 0x18: [mem 0xfebf0000-0xfebf0fff]
[    0.637262] pci 0000:00:02.0: reg 0x30: [mem 0xfebe0000-0xfebeffff pref]
[    0.637500] pci 0000:00:02.0: Video device with shadowed ROM at [mem 0x000c0000-0x000dffff]
[    0.640368] pci 0000:00:03.0: [8086:100e] type 00 class 0x020000
[    0.641080] pci 0000:00:03.0: reg 0x10: [mem 0xfebc0000-0xfebdffff]
[    0.641679] pci 0000:00:03.0: reg 0x14: [io  0xc000-0xc03f]
[    0.643391] pci 0000:00:03.0: reg 0x30: [mem 0xfeb80000-0xfebbffff pref]
[    0.651296] ACPI: PCI: Interrupt link LNKA configured for IRQ 10
[    0.651940] ACPI: PCI: Interrupt link LNKB configured for IRQ 10
[    0.652568] ACPI: PCI: Interrupt link LNKC configured for IRQ 11
[    0.653191] ACPI: PCI: Interrupt link LNKD configured for IRQ 11
[    0.653489] ACPI: PCI: Interrupt link LNKS configured for IRQ 9
[    0.654883] iommu: Default domain type: Translated 
[    0.655180] iommu: DMA domain TLB invalidation policy: lazy mode 
[    0.656406] SCSI subsystem initialized
[    0.656851] ACPI: bus type USB registered
[    0.657127] usbcore: registered new interface driver usbfs
[    0.657384] usbcore: registered new interface driver hub
[    0.657724] usbcore: registered new device driver usb
[    0.658111] pps_core: LinuxPPS API ver. 1 registered
[    0.658403] pps_core: Software ver. 5.3.6 - Copyright 2005-2007 Rodolfo Giometti <giometti@linux.it>
[    0.658936] PTP clock support registered
[    0.659299] EDAC MC: Ver: 3.0.0
[    0.660795] NetLabel: Initializing
[    0.661007] NetLabel:  domain hash size = 128
[    0.661269] NetLabel:  protocols = UNLABELED CIPSOv4 CALIPSO
[    0.661409] NetLabel:  unlabeled traffic allowed by default
[    0.662010] PCI: Using ACPI for IRQ routing
[    0.662446] pci 0000:00:02.0: vgaarb: setting as boot VGA device
[    0.662807] pci 0000:00:02.0: vgaarb: bridge control possible
[    0.663142] pci 0000:00:02.0: vgaarb: VGA device added: decodes=io+mem,owns=io+mem,locks=none
[    0.663634] vgaarb: loaded
[    0.664453] hpet0: at MMIO 0xfed00000, IRQs 2, 8, 0
[    0.664760] hpet0: 3 comparators, 64-bit 100.000000 MHz counter
[    2.608975] clocksource: Switched to clocksource kvm-clock
[    2.645618] Callback from call_rcu_tasks_rude() invoked.
[    2.722383] Callback from call_rcu_tasks() invoked.
[    2.746616] VFS: Disk quotas dquot_6.6.0
[    2.746939] VFS: Dquot-cache hash table entries: 512 (order 0, 4096 bytes)
[    2.747669] pnp: PnP ACPI init
[    2.749347] pnp: PnP ACPI: found 6 devices
[    2.758828] clocksource: acpi_pm: mask: 0xffffff max_cycles: 0xffffff, max_idle_ns: 2085701024 ns
[    2.759632] NET: Registered PF_INET protocol family
[    2.760076] IP idents hash table entries: 32768 (order: 6, 262144 bytes, linear)
[    2.761311] tcp_listen_portaddr_hash hash table entries: 1024 (order: 4, 73728 bytes, linear)
[    2.761853] Table-perturb hash table entries: 65536 (order: 6, 262144 bytes, linear)
[    2.762310] TCP established hash table entries: 16384 (order: 5, 131072 bytes, linear)
[    2.762952] TCP bind hash table entries: 16384 (order: 9, 2359296 bytes, linear)
[    2.764718] TCP: Hash tables configured (established 16384 bind 16384)
[    2.765211] UDP hash table entries: 1024 (order: 5, 163840 bytes, linear)
[    2.765695] UDP-Lite hash table entries: 1024 (order: 5, 163840 bytes, linear)
[    2.766271] NET: Registered PF_UNIX/PF_LOCAL protocol family
[    2.766950] RPC: Registered named UNIX socket transport module.
[    2.767311] RPC: Registered udp transport module.
[    2.767587] RPC: Registered tcp transport module.
[    2.767861] RPC: Registered tcp NFSv4.1 backchannel transport module.
[    2.768254] pci_bus 0000:00: resource 4 [io  0x0000-0x0cf7 window]
[    2.768618] pci_bus 0000:00: resource 5 [io  0x0d00-0xffff window]
[    2.768980] pci_bus 0000:00: resource 6 [mem 0x000a0000-0x000bffff window]
[    2.769394] pci_bus 0000:00: resource 7 [mem 0x80000000-0xfebfffff window]
[    2.769797] pci_bus 0000:00: resource 8 [mem 0x100000000-0x17fffffff window]
[    2.770393] pci 0000:00:01.0: PIIX3: Enabling Passive Release
[    2.770738] pci 0000:00:00.0: Limiting direct PCI/PCI transfers
[    2.771160] PCI: CLS 0 bytes, default 64
[    2.771429] ACPI: bus type thunderbolt registered
[    2.771984] clocksource: tsc: mask: 0xffffffffffffffff max_cycles: 0x3407c077a8d, max_idle_ns: 440795342283 ns
[    2.774811] Initialise system trusted keyrings
[    2.775137] Key type blacklist registered
[    2.775517] workingset: timestamp_bits=36 max_order=19 bucket_order=0
[    2.775928] zbud: loaded
[    2.776584] squashfs: version 4.0 (2009/01/31) Phillip Lougher
[    2.777414] NFS: Registering the id_resolver key type
[    2.777721] Key type id_resolver registered
[    2.777967] Key type id_legacy registered
[    2.778227] nfs4filelayout_init: NFSv4 File Layout Driver Registering...
[    2.778630] nfs4flexfilelayout_init: NFSv4 Flexfile Layout Driver Registering...
[    2.779134] fuse: init (API version 7.38)
[    2.779472] SGI XFS with ACLs, security attributes, realtime, quota, no debug enabled
[    2.780271] 9p: Installing v9fs 9p2000 file system support
[    2.786155] Key type asymmetric registered
[    2.786404] Asymmetric key parser 'x509' registered
[    2.786741] Block layer SCSI generic (bsg) driver version 0.4 loaded (major 243)
[    2.787300] io scheduler mq-deadline registered
[    2.787590] io scheduler bfq registered
[    2.788111] shpchp: Standard Hot Plug PCI Controller Driver version: 0.4
[    2.788816] IPMI message handler: version 39.2
[    2.789113] ipmi device interface
[    2.790567] input: Power Button as /devices/LNXSYSTM:00/LNXPWRBN:00/input/input0
[    2.791171] ACPI: button: Power Button [PWRF]
[    2.792102] ERST DBG: ERST support is disabled.
[    2.792790] Serial: 8250/16550 driver, 32 ports, IRQ sharing enabled
[    2.793539] 00:04: ttyS0 at I/O 0x3f8 (irq = 4, base_baud = 115200) is a 16550A
[    2.800294] Linux agpgart interface v0.103
[    2.801088] ACPI: bus type drm_connector registered
[    2.810622] brd: module loaded
[    2.816083] loop: module loaded
[    2.819538] scsi host0: ata_piix
[    2.820142] scsi host1: ata_piix
[    2.820464] ata1: PATA max MWDMA2 cmd 0x1f0 ctl 0x3f6 bmdma 0xc040 irq 14
[    2.820859] ata2: PATA max MWDMA2 cmd 0x170 ctl 0x376 bmdma 0xc048 irq 15
[    2.822010] tun: Universal TUN/TAP device driver, 1.6
[    2.822419] e100: Intel(R) PRO/100 Network Driver
[    2.822696] e100: Copyright(c) 1999-2006 Intel Corporation
[    2.823041] e1000: Intel(R) PRO/1000 Network Driver
[    2.823327] e1000: Copyright (c) 1999-2006 Intel Corporation.
[    2.955761] ACPI: \_SB_.LNKC: Enabled at IRQ 11
[    2.981603] ata2: found unknown device (class 0)
[    2.982446] ata1: found unknown device (class 0)
[    2.983189] ata2.00: ATAPI: QEMU DVD-ROM, 2.5+, max UDMA/100
[    2.983654] ata1.00: ATA-7: QEMU HARDDISK, 2.5+, max UDMA/100
[    2.984010] ata1.00: 16777216 sectors, multi 16: LBA48 
[    2.985304] scsi 0:0:0:0: Direct-Access     ATA      QEMU HARDDISK    2.5+ PQ: 0 ANSI: 5
[    2.986631] sd 0:0:0:0: Attached scsi generic sg0 type 0
[    2.986886] sd 0:0:0:0: [sda] 16777216 512-byte logical blocks: (8.59 GB/8.00 GiB)
[    2.987510] scsi 1:0:0:0: CD-ROM            QEMU     QEMU DVD-ROM     2.5+ PQ: 0 ANSI: 5
[    2.987513] sd 0:0:0:0: [sda] Write Protect is off
[    2.988474] sd 0:0:0:0: [sda] Write cache: enabled, read cache: enabled, doesn't support DPO or FUA
[    2.989095] sd 0:0:0:0: [sda] Preferred minimum I/O size 512 bytes
[    2.997975] scsi 1:0:0:0: Attached scsi generic sg1 type 5
[    3.006619] sd 0:0:0:0: [sda] Attached SCSI disk
[    3.271931] e1000 0000:00:03.0 eth0: (PCI:33MHz:32-bit) 52:54:00:12:34:56
[    3.272384] e1000 0000:00:03.0 eth0: Intel(R) PRO/1000 Network Connection
[    3.272866] e1000e: Intel(R) PRO/1000 Network Driver
[    3.273164] e1000e: Copyright(c) 1999 - 2015 Intel Corporation.
[    3.273576] igb: Intel(R) Gigabit Ethernet Network Driver
[    3.273897] igb: Copyright (c) 2007-2014 Intel Corporation.
[    3.274301] PPP generic driver version 2.4.2
[    3.275090] VFIO - User Level meta-driver version: 0.3
[    3.276351] usbcore: registered new interface driver uas
[    3.276702] usbcore: registered new interface driver usb-storage
[    3.277171] i8042: PNP: PS/2 Controller [PNP0303:KBD,PNP0f13:MOU] at 0x60,0x64 irq 1,12
[    3.278330] serio: i8042 KBD port at 0x60,0x64 irq 1
[    3.278665] serio: i8042 AUX port at 0x60,0x64 irq 12
[    3.279522] mousedev: PS/2 mouse device common for all mice
[    3.280451] input: AT Translated Set 2 keyboard as /devices/platform/i8042/serio0/input/input1
[    3.281821] input: VirtualPS/2 VMware VMMouse as /devices/platform/i8042/serio1/input/input4
[    3.282465] rtc_cmos 00:05: RTC can wake from S4
[    3.283217] input: VirtualPS/2 VMware VMMouse as /devices/platform/i8042/serio1/input/input3
[    3.284397] rtc_cmos 00:05: registered as rtc0
[    3.284719] rtc_cmos 00:05: setting system clock to 2023-02-24T11:38:39 UTC (1677238719)
[    3.285389] rtc_cmos 00:05: alarms up to one day, y3k, 242 bytes nvram, hpet irqs
[    3.285857] i2c_dev: i2c /dev entries driver
[    3.286168] device-mapper: core: CONFIG_IMA_DISABLE_HTABLE is disabled. Duplicate IMA measurements will not be recorded in the IMA log.
[    3.286906] device-mapper: uevent: version 1.0.3
[    3.287332] device-mapper: ioctl: 4.47.0-ioctl (2022-07-28) initialised: dm-devel@redhat.com
[    3.287840] intel_pstate: CPU model not supported
[    3.288188] sdhci: Secure Digital Host Controller Interface driver
[    3.288553] sdhci: Copyright(c) Pierre Ossman
[    3.288874] sdhci-pltfm: SDHCI platform and OF driver helper
[    3.289261] ledtrig-cpu: registered to indicate activity on CPUs
[    3.289908] drop_monitor: Initializing network drop monitor service
[    3.290445] NET: Registered PF_INET6 protocol family
[    3.293267] Segment Routing with IPv6
[    3.293530] In-situ OAM (IOAM) with IPv6
[    3.293806] NET: Registered PF_PACKET protocol family
[    3.294377] 9pnet: Installing 9P2000 support
[    3.294949] Key type dns_resolver registered
[    3.296369] IPI shorthand broadcast: enabled
[    3.308640] sched_clock: Marking stable (3294991658, 10363856)->(3322146948, -16791434)
[    3.309623] registered taskstats version 1
[    3.310379] Loading compiled-in X.509 certificates
[    3.311020] zswap: loaded using pool lzo/zbud
[    3.323896] Key type .fscrypt registered
[    3.324158] Key type fscrypt-provisioning registered
[    3.325098] Key type encrypted registered
[    3.325408] ima: No TPM chip found, activating TPM-bypass!
[    3.325751] ima: Allocated hash algorithm: sha1
[    3.326056] ima: No architecture policies found
[    3.326388] evm: Initialising EVM extended attributes:
[    3.326693] evm: security.selinux
[    3.326895] evm: security.SMACK64
[    3.327096] evm: security.SMACK64EXEC
[    3.327317] evm: security.SMACK64TRANSMUTE
[    3.327563] evm: security.SMACK64MMAP
[    3.327784] evm: security.apparmor
[    3.327991] evm: security.ima
[    3.328172] evm: security.capability
[    3.328388] evm: HMAC attrs: 0x1
[    3.329609] PM:   Magic number: 11:525:631
[    3.330189] RAS: Correctable Errors collector initialized.
[    3.331634] md: Waiting for all devices to be available before autodetect
[    3.331919] md: If you don't use raid, use raid=noautodetect
[    3.332153] md: Autodetecting RAID arrays.
[    3.332326] md: autorun ...
[    3.332446] md: ... autorun DONE.
[    3.336642] EXT4-fs (sda): mounted filesystem 23a53bb9-f815-47a5-b74c-5e08f7731193 with ordered data mode. Quota mode: none.
[    3.337150] VFS: Mounted root (ext4 filesystem) readonly on device 8:0.
[    3.338643] devtmpfs: mounted
[    3.345901] Freeing unused decrypted memory: 2036K
[    3.349632] Freeing unused kernel image (initmem) memory: 10164K
[    3.357471] Write protecting the kernel read-only data: 45056k
[    3.358755] Freeing unused kernel image (rodata/data gap) memory: 368K
[    3.436299] x86/mm: Checked W+X mappings: passed, no W+X pages found.
[    3.436595] Run /sbin/init as init process
[    3.499820] systemd[1]: RTC configured in localtime, applying delta of 0 minutes to system time.
[    3.520754] systemd[1]: systemd 239 (239-49.el8) running in system mode. (+PAM +AUDIT +SELINUX +IMA -APPARMOR +SMACK +SYSVINIT +UTMP +LIBCRYPTSETUP +GCRYPT +GNUTLS +ACL +XZ +LZ4 +SECCOMP +BLKID +ELFUTILS +KMOD +IDN2 -IDN +PCRE2 default-hierarchy=legacy)
[    3.521796] systemd[1]: Detected virtualization kvm.
[    3.522002] systemd[1]: Detected architecture x86-64.

Welcome to [0;31mCentOS Stream 8[0m!

[    3.577084] systemd[1]: Set hostname to <test>.
[    3.793188] systemd[1]: Listening on Process Core Dump Socket.
[[0;32m  OK  [0m] Listening on Process Core Dump Socket.
[    3.794459] systemd[1]: Listening on RPCbind Server Activation Socket.
[[0;32m  OK  [0m] Listening on RPCbind Server Activation Socket.
[    3.795246] systemd[1]: Listening on udev Kernel Socket.
[[0;32m  OK  [0m] Listening on udev Kernel Socket.
[    3.795896] systemd[1]: Listening on multipathd control socket.
[[0;32m  OK  [0m] Listening on multipathd control socket.
[    3.796702] systemd[1]: Listening on Journal Socket.
[[0;32m  OK  [0m] Listening on Journal Socket.
[    3.813625] systemd[1]: Mounting POSIX Message Queue File System...
         Mounting POSIX Message Queue File System...
         Starting Load Kernel Modules...
         Starting Setup Virtual Console...
         Mounting Kernel Debug File System...
[[0;32m  OK  [0m] Reached target RPC Port Mapper.
[[0;32m  OK  [0m] Reached target Swap.
         Starting Remount Root and Kernel File Systems...
[[0;32m  OK  [0m] Set up automount Arbitrary Executabâ€¦rmats File System Automount Point.
[[0;32m  OK  [0m] Listening on udev Control Socket.
         Starting udev Coldplug all Devices...
[[0;32m  OK  [0m] Listening on initctl Compatibility Named Pipe.
[[0;32m  OK  [0m] Listening on Device-mapper event daemon FIFOs.
         Starting Monitoring of LVM2 mirrorsâ€¦ng dmeventd or progress polling...
         Mounting Huge Pages File System...
[[0;32m  OK  [0m] Created slice system-sshd\x2dkeygen.slice.
[[0;32m  OK  [0m] Created slice User and Session Slice.
[[0;32m  OK  [0m] Reached target Slices.
[[0;32m  OK  [0m] Started Forward Password Requests to Wall Directory Watch.
[[0;32m  OK  [0m] Created slice system-getty.slice.
[[0;32m  OK  [0m] Created slice system-serial\x2dgetty.slice.
[[0;32m  OK  [0m] Listening on Journal Socket (/dev/log).
         Starting Journal Service...
[[0;32m  OK  [0m] Listening on LVM2 poll daemon socket.
[[0;32m  OK  [0m] Mounted POSIX Message Queue File System.
[[0;1;31mFAILED[0m] Failed to start Load Kernel Modules.
See 'systemctl status systemd-modules-load.service' for details.
[[0;32m  OK  [0m] Mounted Kernel Debug File System.
[[0;32m  OK  [0m] Mounted Huge Pages File System.
         Mounting Kernel Configuration File System...
         Starting Apply Kernel Variables...
[    4.085436] EXT4-fs (sda): re-mounted 23a53bb9-f815-47a5-b74c-5e08f7731193. Quota mode: none.
         Mounting FUSE Control File System...
[[0;32m  OK  [0m] Started Journal Service.
[[0;32m  OK  [0m] Started Remount Root and Kernel File Systems.
[[0;32m  OK  [0m] Mounted Kernel Configuration File System.
[[0;32m  OK  [0m] Started Apply Kernel Variables.
[[0;32m  OK  [0m] Mounted FUSE Control File System.
         Starting Load/Save Random Seed...
         Starting Create Static Device Nodes in /dev...
         Starting Flush Journal to Persistent Storage...
[[0;32m  OK  [0m] Started Setup Virtual Console.
[[0;32m  OK  [0m] Started Load/Save Random Seed.
[[0;32m  OK  [0m] Started udev Coldplug all Devices.
[[0;32m  OK  [0m] Started Create Static Device Nodes in /dev.
         Starting udev Kernel Device Manager...
         Starting udev Wait for Complete Device Initialization...
[[0;32m  OK  [0m] Started Flush Journal to Persistent Storage.
[[0;32m  OK  [0m] Started udev Kernel Device Manager.
         Starting Show Plymouth Boot Screen...
[[0;32m  OK  [0m] Started Show Plymouth Boot Screen.
[[0;32m  OK  [0m] Started Forward Password Requests to Plymouth Directory Watch.
[[0;32m  OK  [0m] Reached target Local Encrypted Volumes.
[[0;32m  OK  [0m] Reached target Paths.
[[0;32m  OK  [0m] Found device /dev/ttyS0.
[[0;32m  OK  [0m] Started Monitoring of LVM2 mirrors,â€¦sing dmeventd or progress polling.
[[0;32m  OK  [0m] Started udev Wait for Complete Device Initialization.
[[0;32m  OK  [0m] Listening on Load/Save RF Kill Switch Status /dev/rfkill Watch.
[[0;32m  OK  [0m] Reached target Local File Systems (Pre).
[[0;32m  OK  [0m] Reached target Local File Systems.
         Starting Create Volatile Files and Directories...
         Starting Tell Plymouth To Write Out Runtime Data...
         Starting Restore /run/initramfs on shutdown...
[[0;32m  OK  [0m] Started Tell Plymouth To Write Out Runtime Data.
[[0;32m  OK  [0m] Started Restore /run/initramfs on shutdown.
[[0;32m  OK  [0m] Started Create Volatile Files and Directories.
         Starting RPC Bind...
         Mounting RPC Pipe File System...
         Starting Security Auditing Service...
[[0;32m  OK  [0m] Mounted RPC Pipe File System.
[[0;32m  OK  [0m] Reached target rpc_pipefs.target.
[[0;32m  OK  [0m] Started RPC Bind.
[[0;32m  OK  [0m] Started Security Auditing Service.
         Starting Update UTMP about System Boot/Shutdown...
[[0;32m  OK  [0m] Started Update UTMP about System Boot/Shutdown.
[[0;32m  OK  [0m] Reached target System Initialization.
[[0;32m  OK  [0m] Started dnf makecache --timer.
[[0;32m  OK  [0m] Listening on SSSD Kerberos Cache Manager responder socket.
[[0;32m  OK  [0m] Started daily update of the root trust anchor for DNSSEC.
[[0;32m  OK  [0m] Listening on D-Bus System Message Bus Socket.
[[0;32m  OK  [0m] Reached target Sockets.
[[0;32m  OK  [0m] Reached target Basic System.
         Starting Login Service...
         Starting Auto-connect to subsystemsâ€¦-NVME devices found during boot...
         Starting Authorization Manager...
         Starting Self Monitoring and Reporting Technology (SMART) Daemon...
         Starting NTP client/server...
[[0;32m  OK  [0m] Started Machine Check Exception Logging Daemon.
[[0;32m  OK  [0m] Started D-Bus System Message Bus.
         Starting Network Manager...
[[0;32m  OK  [0m] Started irqbalance daemon.
[[0;32m  OK  [0m] Reached target sshd-keygen.target.
[[0;32m  OK  [0m] Started Daily Cleanup of Temporary Directories.
[[0;32m  OK  [0m] Reached target Timers.
[[0;32m  OK  [0m] Started Self Monitoring and Reporting Technology (SMART) Daemon.
[[0;32m  OK  [0m] Started Auto-connect to subsystems â€¦FC-NVME devices found during boot.
[[0;32m  OK  [0m] Started Login Service.
[[0;32m  OK  [0m] Started Network Manager.
         Starting Network Manager Wait Online...
[[0;32m  OK  [0m] Reached target Network.
         Starting Dynamic System Tuning Daemon...
         Starting OpenSSH server daemon...
         Starting GSSAPI Proxy Daemon...
[[0;32m  OK  [0m] Started NTP client/server.
         Starting Hostname Service...
[[0;32m  OK  [0m] Started GSSAPI Proxy Daemon.
[[0;32m  OK  [0m] Started Authorization Manager.
[[0;32m  OK  [0m] Reached target NFS client services.
[[0;32m  OK  [0m] Reached target Remote File Systems (Pre).
[[0;32m  OK  [0m] Reached target Remote File Systems.
         Starting Permit User Sessions...
[[0;32m  OK  [0m] Started OpenSSH server daemon.
[[0;32m  OK  [0m] Started Permit User Sessions.
         Starting Hold until boot process finishes up...
[[0;32m  OK  [0m] Started Command Scheduler.
         Starting Terminate Plymouth Boot Screen...
[    5.665601] e1000: eth0 NIC Link is Up 1000 Mbps Full Duplex, Flow Control: RX
[    5.666325] IPv6: ADDRCONF(NETDEV_CHANGE): eth0: link becomes ready
[    5.815494] Spectre V2 : WARNING: Unprivileged eBPF is enabled with eIBRS on, data leaks possible via Spectre v2 BHB attacks!
[    5.816193] Spectre V2 : WARNING: Unprivileged eBPF is enabled with eIBRS on, data leaks possible via Spectre v2 BHB attacks!

CentOS Stream 8
Kernel 6.2.0-c9c3395d5e3d on an x86_64

test login: root
Last login: Fri Feb 24 11:35:50 on ttyS0
*******************************************************
Welcome to the Embargoed Overlay on CentOS

This content is for INTEL INTERNAL USE ONLY.

For support issues, please submit a request:
https://jira.devtools.intel.com/browse/LNXO
*******************************************************
[root@test ~]# ./repro
[   71.097839] loop2: detected capacity change from 0 to 65536
[   71.098298] =======================================================
[   71.098298] WARNING: The mand mount option has been deprecated and
[   71.098298]          and is ignored by this kernel. Remove the mand
[   71.098298]          option from the mount to silence this warning.
[   71.098298] =======================================================
[   71.101191] loop3: detected capacity change from 0 to 65536
[   71.104118] XFS: ikeep mount option is deprecated.
[   71.106073] XFS: ikeep mount option is deprecated.
[   71.125951] loop7: detected capacity change from 0 to 65536
[   71.127481] XFS: ikeep mount option is deprecated.
[   71.131361] XFS (loop2): Deprecated V4 format (crc=0) will not be supported after September 2030.
[   71.131361] XFS (loop3): Deprecated V4 format (crc=0) will not be supported after September 2030.
[   71.131387] XFS (loop3): DAX unsupported by block device. Turning off DAX.
[   71.131774] XFS (loop2): DAX unsupported by block device. Turning off DAX.
[   71.132307] XFS (loop3): Mounting V4 Filesystem 86ecfda0-089a-461f-b078-1b43afedebc1
[   71.133088] XFS (loop2): Mounting V4 Filesystem 86ecfda0-089a-461f-b078-1b43afedebc1
[   71.133143] loop4: detected capacity change from 0 to 65536
[   71.134897] XFS: ikeep mount option is deprecated.
[   71.135160] loop1: detected capacity change from 0 to 65536
[   71.135533] XFS: ikeep mount option is deprecated.
[   71.137541] loop5: detected capacity change from 0 to 65536
[   71.137921] XFS: ikeep mount option is deprecated.
[   71.138797] loop0: detected capacity change from 0 to 65536
[   71.139175] XFS: ikeep mount option is deprecated.
[   71.139649] XFS (loop3): totally zeroed log
[   71.140331] XFS (loop3): Ending clean mount
[   71.141067] XFS (loop3): Quotacheck needed: Please wait.
[   71.143083] loop6: detected capacity change from 0 to 65536
[   71.143505] XFS: ikeep mount option is deprecated.
[   71.144134] XFS (loop2): totally zeroed log
[   71.144603] XFS (loop2): Ending clean mount
[   71.145913] XFS (loop2): Quotacheck needed: Please wait.
[   71.147894] repro: attempt to access beyond end of device
[   71.147894] loop2: rw=432129, sector=65535, nr_sectors = 16 limit=65536
[   71.148509] XFS (loop2): log I/O error -5
[   71.148707] XFS (loop2): Filesystem has been shut down due to log error (0x2).
[   71.149002] XFS (loop2): Please unmount the filesystem and rectify the problem(s).
[   71.149596] XFS (loop2): Quotacheck: Unsuccessful (Error -5): Disabling quotas.
[   71.149963] xfs filesystem being mounted at /root/syzkaller.6TPmw0/0/file0 supports timestamps until 2038 (0x7fffffff)
[   71.150653] 00000000: 58 41 47 49 00 00 00 01 00 00 00 00 00 00 80 00  XAGI............
[   71.151006] 00000010: 00 00 00 40 00 00 00 06 00 00 00 01 00 00 00 37  ...@...........7
[   71.151321] 00000020: 00 00 00 20 ff ff ff ff ff ff ff ff ff ff ff ff  ... ............
[   71.151633] 00000030: ff ff ff ff ff ff ff ff ff ff ff ff ff ff ff ff  ................
[   71.151946] 00000040: ff ff ff ff ff ff ff ff ff ff ff ff ff ff ff ff  ................
[   71.152259] 00000050: ff ff ff ff ff ff ff ff ff ff ff ff ff ff ff ff  ................
[   71.152570] 00000060: ff ff ff ff ff ff ff ff ff ff ff ff ff ff ff ff  ................
[   71.152881] 00000070: ff ff ff ff ff ff ff ff ff ff ff ff ff ff ff ff  ................
[   71.153193] 00000080: ff ff ff ff ff ff ff ff ff ff ff ff ff ff ff ff  ................
[   71.153607] 00000090: ff ff ff ff ff ff ff ff ff ff ff ff ff ff ff ff  ................
[   71.153921] 000000a0: ff ff ff ff ff ff ff ff ff ff ff ff ff ff ff ff  ................
[   71.154237] 000000b0: ff ff ff ff ff ff ff ff ff ff ff ff ff ff ff ff  ................
[   71.154549] 000000c0: ff ff ff ff ff ff ff ff ff ff ff ff ff ff ff ff  ................
[   71.154865] 000000d0: ff ff ff ff ff ff ff ff ff ff ff ff ff ff ff ff  ................
[   71.155180] 000000e0: ff ff ff ff ff ff ff ff ff ff ff ff ff ff ff ff  ................
[   71.155494] 000000f0: ff ff ff ff ff ff ff ff ff ff ff ff ff ff ff ff  ................
[   71.155807] 00000100: ff ff ff ff ff ff ff ff ff ff ff ff ff ff ff ff  ................
[   71.156119] 00000110: ff ff ff ff ff ff ff ff ff ff ff ff ff ff ff ff  ................
[   71.156433] 00000120: ff ff ff ff ff ff ff ff 00 00 00 00 00 00 00 00  ................
[   71.156747] 00000130: 00 00 00 00 00 00 00 00 00 00 00 00 00 00 00 00  ................
[   71.157059] 00000140: 00 00 00 00 00 00 00 00 00 00 00 00 00 00 00 00  ................
[   71.157382] 00000150: 00 00 00 00 00 00 00 00                          ........
[   71.157671] XFS (loop3): Internal error xfs_iunlink_remove_inode at line 2013 of file fs/xfs/xfs_inode.c.  Caller xfs_ifree+0xed/0x9e0
[   71.158154] CPU: 1 PID: 137 Comm: kworker/1:3 Not tainted 6.2.0-c9c3395d5e3d #1
[   71.158447] Hardware name: QEMU Standard PC (i440FX + PIIX, 1996), BIOS rel-1.16.0-0-gd239552ce722-prebuilt.qemu.org 04/01/2014
[   71.158890] Workqueue: xfs-inodegc/loop3 xfs_inodegc_worker
[   71.159117] Call Trace:
[   71.159220]  <TASK>
[   71.159313]  dump_stack_lvl+0xa7/0xdb
[   71.159478]  dump_stack+0x19/0x1f
[   71.159621]  xfs_corruption_error+0xd7/0xe0
[   71.159805]  ? xfs_ifree+0xed/0x9e0
[   71.159957]  xfs_iunlink_remove+0x32e/0x590
[   71.160136]  ? xfs_ifree+0xed/0x9e0
[   71.160290]  xfs_ifree+0xed/0x9e0
[   71.160432]  ? write_comp_data+0x2f/0x90
[   71.160600]  ? xfs_trans_ijoin+0x47/0x70
[   71.160768]  ? __sanitizer_cov_trace_pc+0x25/0x60
[   71.160964]  ? xfs_trans_add_item+0x79/0x1c0
[   71.161151]  xfs_inactive_ifree+0xf8/0x2a0
[   71.161324]  xfs_inactive+0x226/0x340
[   71.161482]  xfs_inodegc_worker+0xd3/0x430
[   71.161657]  process_one_work+0x3b1/0x960
[   71.161837]  worker_thread+0x52/0x660
[   71.161999]  ? __pfx_worker_thread+0x10/0x10
[   71.162184]  kthread+0x161/0x1a0
[   71.162331]  ? __pfx_kthread+0x10/0x10
[   71.162498]  ret_from_fork+0x29/0x50
[   71.162670]  </TASK>
[   71.162773] XFS (loop3): Corruption detected. Unmount and run xfs_repair
[   71.163039] XFS (loop3): xfs_inactive_ifree: xfs_ifree returned error -117
[   71.163869] repro: attempt to access beyond end of device
[   71.163869] loop3: rw=432129, sector=65535, nr_sectors = 16 limit=65536
[   71.164410] XFS (loop3): log I/O error -5
[   71.166002] XFS (loop3): Metadata I/O Error (0x1) detected at xfs_inactive_ifree+0x232/0x2a0 (fs/xfs/xfs_inode.c:1612).  Shutting down filesystem.
[   71.166541] XFS (loop3): Please unmount the filesystem and rectify the problem(s)
[   71.167188] XFS (loop1): DAX unsupported by block device. Turning off DAX.
[   71.167530] XFS (loop7): DAX unsupported by block device. Turning off DAX.
[   71.167859] XFS (loop6): DAX unsupported by block device. Turning off DAX.
[   71.168188] XFS (loop4): DAX unsupported by block device. Turning off DAX.
[   71.168554] XFS (loop1): Mounting V4 Filesystem 86ecfda0-089a-461f-b078-1b43afedebc1
[   71.168995] XFS (loop7): Mounting V4 Filesystem 86ecfda0-089a-461f-b078-1b43afedebc1
[   71.169595] XFS (loop2): Unmounting Filesystem 86ecfda0-089a-461f-b078-1b43afedebc1
[   71.169614] XFS (loop6): Mounting V4 Filesystem 86ecfda0-089a-461f-b078-1b43afedebc1
[   71.170444] XFS (loop4): Mounting V4 Filesystem 86ecfda0-089a-461f-b078-1b43afedebc1
[   71.172161] XFS (loop3): Quotacheck: Unsuccessful (Error -5): Disabling quotas.
[   71.172510] xfs filesystem being mounted at /root/syzkaller.mc3H24/0/file0 supports timestamps until 2038 (0x7fffffff)
[   71.174633] XFS (loop3): Unmounting Filesystem 86ecfda0-089a-461f-b078-1b43afedebc1
[   71.175936] XFS (loop5): DAX unsupported by block device. Turning off DAX.
[   71.176303] XFS (loop5): Mounting V4 Filesystem 86ecfda0-089a-461f-b078-1b43afedebc1
[   71.178679] XFS (loop4): totally zeroed log
[   71.179069] XFS (loop4): Ending clean mount
[   71.179442] XFS (loop4): Quotacheck needed: Please wait.
[   71.183738] XFS (loop6): totally zeroed log
[   71.184537] repro: attempt to access beyond end of device
[   71.184537] loop4: rw=432129, sector=65535, nr_sectors = 16 limit=65536
[   71.184637] XFS (loop6): Ending clean mount
[   71.185052] XFS (loop4): log I/O error -5
[   71.185339] XFS (loop6): Quotacheck needed: Please wait.
[   71.185404] XFS (loop4): Filesystem has been shut down due to log error (0x2).
[   71.185883] XFS (loop4): Please unmount the filesystem and rectify the problem(s).
[   71.186372] XFS (loop4): Quotacheck: Unsuccessful (Error -5): Disabling quotas.
[   71.186705] xfs filesystem being mounted at /root/syzkaller.uq7iOt/0/file0 supports timestamps until 2038 (0x7fffffff)
[   71.187608] repro: attempt to access beyond end of device
[   71.187608] loop6: rw=432129, sector=65535, nr_sectors = 16 limit=65536
[   71.188127] XFS (loop6): log I/O error -5
[   71.188317] XFS (loop6): Filesystem has been shut down due to log error (0x2).
[   71.188599] XFS (loop6): Please unmount the filesystem and rectify the problem(s).
[   71.188998] XFS (loop6): Quotacheck: Unsuccessful (Error -5): Disabling quotas.
[   71.189324] xfs filesystem being mounted at /root/syzkaller.OjSrkA/0/file0 supports timestamps until 2038 (0x7fffffff)
[   71.191782] XFS (loop4): Unmounting Filesystem 86ecfda0-089a-461f-b078-1b43afedebc1
[   71.193911] XFS (loop6): Unmounting Filesystem 86ecfda0-089a-461f-b078-1b43afedebc1
[   71.207573] XFS (loop1): totally zeroed log
[   71.207813] XFS (loop7): totally zeroed log
[   71.208396] XFS (loop7): Ending clean mount
[   71.208664] XFS (loop1): Ending clean mount
[   71.209093] XFS (loop1): Quotacheck needed: Please wait.
[   71.210841] XFS (loop7): Quotacheck needed: Please wait.
[   71.216659] repro: attempt to access beyond end of device
[   71.216659] loop7: rw=432129, sector=65535, nr_sectors = 16 limit=65536
[   71.217165] XFS (loop7): log I/O error -5
[   71.217375] XFS (loop7): Filesystem has been shut down due to log error (0x2).
[   71.217674] XFS (loop7): Please unmount the filesystem and rectify the problem(s).
[   71.218071] XFS (loop7): Quotacheck: Unsuccessful (Error -5): Disabling quotas.
[   71.218402] xfs filesystem being mounted at /root/syzkaller.Q5dMMG/0/file0 supports timestamps until 2038 (0x7fffffff)
[   71.219906] XFS (loop7): Unmounting Filesystem 86ecfda0-089a-461f-b078-1b43afedebc1
[   71.224443] repro: attempt to access beyond end of device
[   71.224443] loop1: rw=432129, sector=65535, nr_sectors = 16 limit=65536
[   71.224960] XFS (loop1): log I/O error -5
[   71.225151] XFS (loop1): Filesystem has been shut down due to log error (0x2).
[   71.225543] XFS (loop1): Please unmount the filesystem and rectify the problem(s).
[   71.225966] XFS (loop1): Quotacheck: Unsuccessful (Error -5): Disabling quotas.
[   71.226310] xfs filesystem being mounted at /root/syzkaller.qCVHXV/0/file0 supports timestamps until 2038 (0x7fffffff)
[   71.227591] BUG: kernel NULL pointer dereference, address: 00000000000002a8
[   71.227873] #PF: supervisor read access in kernel mode
[   71.228077] #PF: error_code(0x0000) - not-present page
[   71.228280] PGD c313067 P4D c313067 PUD c1fe067 PMD 0 
[   71.228494] Oops: 0000 [#1] PREEMPT SMP NOPTI
[   71.228673] CPU: 0 PID: 161 Comm: kworker/0:4 Not tainted 6.2.0-c9c3395d5e3d #1
[   71.228961] Hardware name: QEMU Standard PC (i440FX + PIIX, 1996), BIOS rel-1.16.0-0-gd239552ce722-prebuilt.qemu.org 04/01/2014
[   71.229400] Workqueue: xfs-inodegc/loop1 xfs_inodegc_worker
[   71.229626] RIP: 0010:xfs_dquot_alloc+0x95/0x1e0
[   71.229820] Code: 80 15 ad 85 48 c7 c6 7c 6b 92 83 e8 75 0f 6b ff 49 8b 8d 60 01 00 00 44 89 e0 31 d2 48 c7 c6 18 ae 8f 83 48 8d bb 18 02 00 00 <f7> b1 a8 02 00 00 31 d2 89 c0 48 89 43 30 44 89 e0 4c 8d a3 10 02
[   71.230528] RSP: 0018:ffffc90000babc20 EFLAGS: 00010246
[   71.230737] RAX: 0000000000000009 RBX: ffff8880093c98c0 RCX: 0000000000000000
[   71.231014] RDX: 0000000000000000 RSI: ffffffff838fae18 RDI: ffff8880093c9ad8
[   71.231292] RBP: ffffc90000babc48 R08: 0000000000000002 R09: 0000000000000000
[   71.231570] R10: ffffc90000baba80 R11: ffff88800af08d98 R12: 0000000000000009
[   71.231850] R13: ffff88800c4bc000 R14: ffff88800c4bc000 R15: 0000000000000004
[   71.232129] FS:  0000000000000000(0000) GS:ffff88807dc00000(0000) knlGS:0000000000000000
[   71.232441] CS:  0010 DS: 0000 ES: 0000 CR0: 0000000080050033
[   71.232668] CR2: 00000000000002a8 CR3: 000000000a1d2002 CR4: 0000000000770ef0
[   71.232949] PKRU: 55555554
[   71.233061] Call Trace:
[   71.233162]  <TASK>
[   71.233254]  xfs_qm_dqread+0x46/0x440
[   71.233410]  ? xfs_qm_dqget_inode+0x13e/0x500
[   71.233596]  xfs_qm_dqget_inode+0x154/0x500
[   71.233774]  xfs_qm_dqattach_one+0x142/0x3c0
[   71.233961]  xfs_qm_dqattach_locked+0x14a/0x170
[   71.234149]  xfs_qm_dqattach+0x52/0x80
[   71.234307]  xfs_inactive+0x186/0x340
[   71.234461]  xfs_inodegc_worker+0xd3/0x430
[   71.234630]  process_one_work+0x3b1/0x960
[   71.234802]  worker_thread+0x52/0x660
[   71.234957]  ? __pfx_worker_thread+0x10/0x10
[   71.235136]  kthread+0x161/0x1a0
[   71.235279]  ? __pfx_kthread+0x10/0x10
[   71.235442]  ret_from_fork+0x29/0x50
[   71.235602]  </TASK>
[   71.235696] Modules linked in:
[   71.235826] CR2: 00000000000002a8
[   71.235964] ---[ end trace 0000000000000000 ]---
[   71.236148] RIP: 0010:xfs_dquot_alloc+0x95/0x1e0
[   71.236340] Code: 80 15 ad 85 48 c7 c6 7c 6b 92 83 e8 75 0f 6b ff 49 8b 8d 60 01 00 00 44 89 e0 31 d2 48 c7 c6 18 ae 8f 83 48 8d bb 18 02 00 00 <f7> b1 a8 02 00 00 31 d2 89 c0 48 89 43 30 44 89 e0 4c 8d a3 10 02
[   71.237050] RSP: 0018:ffffc90000babc20 EFLAGS: 00010246
[   71.237259] RAX: 0000000000000009 RBX: ffff8880093c98c0 RCX: 0000000000000000
[   71.237537] RDX: 0000000000000000 RSI: ffffffff838fae18 RDI: ffff8880093c9ad8
[   71.237818] RBP: ffffc90000babc48 R08: 0000000000000002 R09: 0000000000000000
[   71.238096] R10: ffffc90000baba80 R11: ffff88800af08d98 R12: 0000000000000009
[   71.238377] R13: ffff88800c4bc000 R14: ffff88800c4bc000 R15: 0000000000000004
[   71.238655] FS:  0000000000000000(0000) GS:ffff88807dc00000(0000) knlGS:0000000000000000
[   71.238970] CS:  0010 DS: 0000 ES: 0000 CR0: 0000000080050033
[   71.239199] CR2: 00000000000002a8 CR3: 000000000a1d2002 CR4: 0000000000770ef0
[   71.239479] PKRU: 55555554
[   71.239764] XFS (loop1): Unmounting Filesystem 86ecfda0-089a-461f-b078-1b43afedebc1
[   71.242953] XFS (loop5): totally zeroed log
[   71.361736] loop2: detected capacity change from 0 to 65536
[   71.362129] XFS: ikeep mount option is deprecated.
[   71.369415] loop3: detected capacity change from 0 to 65536
[   71.369989] XFS: ikeep mount option is deprecated.
[   71.370874] XFS (loop3): DAX unsupported by block device. Turning off DAX.
[   71.371228] XFS (loop3): Mounting V4 Filesystem 86ecfda0-089a-461f-b078-1b43afedebc1
[   71.372884] XFS (loop3): totally zeroed log

[root@test ~]# uname -r 
6.2.0-c9c3395d5e3d
[root@test ~]# init[K[K[K[K