c[?7l[2J[0mSeaBIOS (version rel-1.16.0-0-gd239552ce722-prebuilt.qemu.org)


iPXE (http://ipxe.org) 00:03.0 CA00 PCI2.10 PnP PMM+7FF91000+7FEF1000 CA00
Press Ctrl-B to configure iPXE (PCI 00:03.0)...                                                                               


Booting from ROM..c[?7l[2J[    0.000000] Linux version 6.2.0-kvmxfs+ (root@xpf.sh.intel.com) (gcc (GCC) 8.5.0 20210514 (Red Hat 8.5.0-17), GNU ld version 2.36.1-2.el8) #19 SMP PREEMPT_DYNAMIC Mon Feb 27 14:28:47 CST 2023
[    0.000000] Command line: console=ttyS0 root=/dev/sda earlyprintk=serial net.ifnames=0 thunderbolt.dyndbg
[    0.000000] KERNEL supported cpus:
[    0.000000]   Intel GenuineIntel
[    0.000000]   AMD AuthenticAMD
[    0.000000]   Hygon HygonGenuine
[    0.000000]   Centaur CentaurHauls
[    0.000000]   zhaoxin   Shanghai  
[    0.000000] x86/fpu: Supporting XSAVE feature 0x001: 'x87 floating point registers'
[    0.000000] x86/fpu: Supporting XSAVE feature 0x002: 'SSE registers'
[    0.000000] x86/fpu: Supporting XSAVE feature 0x004: 'AVX registers'
[    0.000000] x86/fpu: Supporting XSAVE feature 0x200: 'Protection Keys User registers'
[    0.000000] x86/fpu: xstate_offset[2]:  576, xstate_sizes[2]:  256
[    0.000000] x86/fpu: xstate_offset[9]:  832, xstate_sizes[9]:    8
[    0.000000] x86/fpu: Enabled xstate features 0x207, context size is 840 bytes, using 'compacted' format.
[    0.000000] signal: max sigframe size: 3632
[    0.000000] BIOS-provided physical RAM map:
[    0.000000] BIOS-e820: [mem 0x0000000000000000-0x000000000009fbff] usable
[    0.000000] BIOS-e820: [mem 0x000000000009fc00-0x000000000009ffff] reserved
[    0.000000] BIOS-e820: [mem 0x00000000000f0000-0x00000000000fffff] reserved
[    0.000000] BIOS-e820: [mem 0x0000000000100000-0x000000007ffdffff] usable
[    0.000000] BIOS-e820: [mem 0x000000007ffe0000-0x000000007fffffff] reserved
[    0.000000] BIOS-e820: [mem 0x00000000feffc000-0x00000000feffffff] reserved
[    0.000000] BIOS-e820: [mem 0x00000000fffc0000-0x00000000ffffffff] reserved
[    0.000000] printk: bootconsole [earlyser0] enabled
[    0.000000] NX (Execute Disable) protection: active
[    0.000000] SMBIOS 2.8 present.
[    0.000000] DMI: QEMU Standard PC (i440FX + PIIX, 1996), BIOS rel-1.16.0-0-gd239552ce722-prebuilt.qemu.org 04/01/2014
[    0.000000] Hypervisor detected: KVM
[    0.000000] kvm-clock: Using msrs 4b564d01 and 4b564d00
[    0.000002] kvm-clock: using sched offset of 268328698 cycles
[    0.000317] clocksource: kvm-clock: mask: 0xffffffffffffffff max_cycles: 0x1cd42e4dffb, max_idle_ns: 881590591483 ns
[    0.001288] tsc: Detected 3609.600 MHz processor
[    0.007724] last_pfn = 0x7ffe0 max_arch_pfn = 0x400000000
[    0.008099] x86/PAT: Configuration [0-7]: WB  WC  UC- UC  WB  WP  UC- WT  
[    0.013043] found SMP MP-table at [mem 0x000f5ba0-0x000f5baf]
[    0.013440] Using GB pages for direct mapping
[    0.014615] ACPI: Early table checksum verification disabled
[    0.014950] ACPI: RSDP 0x00000000000F59C0 000014 (v00 BOCHS )
[    0.015298] ACPI: RSDT 0x000000007FFE1951 000034 (v01 BOCHS  BXPC     00000001 BXPC 00000001)
[    0.015809] ACPI: FACP 0x000000007FFE17FD 000074 (v01 BOCHS  BXPC     00000001 BXPC 00000001)
[    0.016321] ACPI: DSDT 0x000000007FFE0040 0017BD (v01 BOCHS  BXPC     00000001 BXPC 00000001)
[    0.016827] ACPI: FACS 0x000000007FFE0000 000040
[    0.017106] ACPI: APIC 0x000000007FFE1871 000080 (v01 BOCHS  BXPC     00000001 BXPC 00000001)
[    0.017612] ACPI: HPET 0x000000007FFE18F1 000038 (v01 BOCHS  BXPC     00000001 BXPC 00000001)
[    0.018119] ACPI: WAET 0x000000007FFE1929 000028 (v01 BOCHS  BXPC     00000001 BXPC 00000001)
[    0.018624] ACPI: Reserving FACP table memory at [mem 0x7ffe17fd-0x7ffe1870]
[    0.019034] ACPI: Reserving DSDT table memory at [mem 0x7ffe0040-0x7ffe17fc]
[    0.019444] ACPI: Reserving FACS table memory at [mem 0x7ffe0000-0x7ffe003f]
[    0.019853] ACPI: Reserving APIC table memory at [mem 0x7ffe1871-0x7ffe18f0]
[    0.020271] ACPI: Reserving HPET table memory at [mem 0x7ffe18f1-0x7ffe1928]
[    0.020680] ACPI: Reserving WAET table memory at [mem 0x7ffe1929-0x7ffe1950]
[    0.021554] No NUMA configuration found
[    0.021778] Faking a node at [mem 0x0000000000000000-0x000000007ffdffff]
[    0.022213] NODE_DATA(0) allocated [mem 0x7ffb5000-0x7ffdffff]
[    0.025055] Zone ranges:
[    0.025232]   DMA      [mem 0x0000000000001000-0x0000000000ffffff]
[    0.025608]   DMA32    [mem 0x0000000001000000-0x000000007ffdffff]
[    0.025970]   Normal   empty
[    0.026141]   Device   empty
[    0.026312] Movable zone start for each node
[    0.026560] Early memory node ranges
[    0.026769]   node   0: [mem 0x0000000000001000-0x000000000009efff]
[    0.027134]   node   0: [mem 0x0000000000100000-0x000000007ffdffff]
[    0.027501] Initmem setup node 0 [mem 0x0000000000001000-0x000000007ffdffff]
[    0.028068] On node 0, zone DMA: 1 pages in unavailable ranges
[    0.028083] On node 0, zone DMA: 97 pages in unavailable ranges
[    0.031669] On node 0, zone DMA32: 32 pages in unavailable ranges
[    0.032234] ACPI: PM-Timer IO Port: 0x608
[    0.032833] ACPI: LAPIC_NMI (acpi_id[0xff] dfl dfl lint[0x1])
[    0.033202] IOAPIC[0]: apic_id 0, version 17, address 0xfec00000, GSI 0-23
[    0.033612] ACPI: INT_SRC_OVR (bus 0 bus_irq 0 global_irq 2 dfl dfl)
[    0.033982] ACPI: INT_SRC_OVR (bus 0 bus_irq 5 global_irq 5 high level)
[    0.034367] ACPI: INT_SRC_OVR (bus 0 bus_irq 9 global_irq 9 high level)
[    0.034751] ACPI: INT_SRC_OVR (bus 0 bus_irq 10 global_irq 10 high level)
[    0.035146] ACPI: INT_SRC_OVR (bus 0 bus_irq 11 global_irq 11 high level)
[    0.035551] ACPI: Using ACPI (MADT) for SMP configuration information
[    0.035923] ACPI: HPET id: 0x8086a201 base: 0xfed00000
[    0.036234] TSC deadline timer available
[    0.036462] smpboot: Allowing 2 CPUs, 0 hotplug CPUs
[    0.036770] kvm-guest: KVM setup pv remote TLB flush
[    0.037058] kvm-guest: setup PV sched yield
[    0.037329] PM: hibernation: Registered nosave memory: [mem 0x00000000-0x00000fff]
[    0.037769] PM: hibernation: Registered nosave memory: [mem 0x0009f000-0x0009ffff]
[    0.038206] PM: hibernation: Registered nosave memory: [mem 0x000a0000-0x000effff]
[    0.038643] PM: hibernation: Registered nosave memory: [mem 0x000f0000-0x000fffff]
[    0.039082] [mem 0x80000000-0xfeffbfff] available for PCI devices
[    0.039434] Booting paravirtualized kernel on KVM
[    0.039709] clocksource: refined-jiffies: mask: 0xffffffff max_cycles: 0xffffffff, max_idle_ns: 7645519600211568 ns
[    0.040323] setup_percpu: NR_CPUS:8192 nr_cpumask_bits:2 nr_cpu_ids:2 nr_node_ids:1
[    0.041013] percpu: Embedded 64 pages/cpu s225280 r8192 d28672 u1048576
[    0.041557] kvm-guest: PV spinlocks enabled
[    0.041810] PV qspinlock hash table entries: 256 (order: 0, 4096 bytes, linear)
[    0.042250] Fallback order for Node 0: 0 
[    0.042499] Built 1 zonelists, mobility grouping on.  Total pages: 515808
[    0.042898] Policy zone: DMA32
[    0.043080] Kernel command line: net.ifnames=0 console=ttyS0 root=/dev/sda earlyprintk=serial net.ifnames=0 thunderbolt.dyndbg
[    0.044062] random: crng init done
[    0.044466] Dentry cache hash table entries: 262144 (order: 9, 2097152 bytes, linear)
[    0.045003] Inode-cache hash table entries: 131072 (order: 8, 1048576 bytes, linear)
[    0.045552] mem auto-init: stack:off, heap alloc:off, heap free:off
[    0.048275] Memory: 1979232K/2096632K available (34816K kernel code, 4554K rwdata, 9872K rodata, 10164K init, 19860K bss, 117144K reserved, 0K cma-reserved)
[    0.049397] SLUB: HWalign=64, Order=0-3, MinObjects=0, CPUs=2, Nodes=1
[    0.049767] kmemleak: Kernel memory leak detector disabled
[    0.050113] ftrace: allocating 68264 entries in 267 pages
[    0.064260] ftrace: allocated 267 pages with 4 groups
[    0.066762] Dynamic Preempt: voluntary
[    0.067067] Running RCU self tests
[    0.067262] rcu: Preemptible hierarchical RCU implementation.
[    0.067582] rcu: 	RCU lockdep checking is enabled.
[    0.067849] rcu: 	RCU restricting CPUs from NR_CPUS=8192 to nr_cpu_ids=2.
[    0.068238] 	Trampoline variant of Tasks RCU enabled.
[    0.068519] 	Rude variant of Tasks RCU enabled.
[    0.068771] 	Tracing variant of Tasks RCU enabled.
[    0.069038] rcu: RCU calculated value of scheduler-enlistment delay is 25 jiffies.
[    0.069458] rcu: Adjusting geometry for rcu_fanout_leaf=16, nr_cpu_ids=2
[    0.092483] NR_IRQS: 524544, nr_irqs: 440, preallocated irqs: 16
[    0.093083] rcu: srcu_init: Setting srcu_struct sizes based on contention.
[    0.098720] Console: colour VGA+ 80x25
[    0.098972] printk: console [ttyS0] enabled
[    0.098972] printk: console [ttyS0] enabled
[    0.099452] printk: bootconsole [earlyser0] disabled
[    0.099452] printk: bootconsole [earlyser0] disabled
[    0.100028] Lock dependency validator: Copyright (c) 2006 Red Hat, Inc., Ingo Molnar
[    0.100497] ... MAX_LOCKDEP_SUBCLASSES:  8
[    0.100736] ... MAX_LOCK_DEPTH:          48
[    0.100980] ... MAX_LOCKDEP_KEYS:        8192
[    0.101234] ... CLASSHASH_SIZE:          4096
[    0.101488] ... MAX_LOCKDEP_ENTRIES:     32768
[    0.101746] ... MAX_LOCKDEP_CHAINS:      65536
[    0.102004] ... CHAINHASH_SIZE:          32768
[    0.102263]  memory used by lock dependency info: 6365 kB
[    0.102575]  memory used for stack traces: 4224 kB
[    0.102852]  per task-struct memory footprint: 1920 bytes
[    0.103195] ACPI: Core revision 20221020
[    0.103574] clocksource: hpet: mask: 0xffffffff max_cycles: 0xffffffff, max_idle_ns: 19112604467 ns
[    0.104193] APIC: Switch to symmetric I/O mode setup
[    0.104600] x2apic enabled
[    0.104887] Switched APIC routing to physical x2apic.
[    0.105181] kvm-guest: setup PV IPIs
[    0.106046] ..TIMER: vector=0x30 apic1=0 pin1=2 apic2=-1 pin2=-1
[    0.106408] clocksource: tsc-early: mask: 0xffffffffffffffff max_cycles: 0x3407c077a8d, max_idle_ns: 440795342283 ns
[    0.107020] Calibrating delay loop (skipped) preset value.. 7219.20 BogoMIPS (lpj=14438400)
[    0.107501] pid_max: default: 32768 minimum: 301
[    0.107824] LSM: initializing lsm=capability,yama,integrity
[    0.111026] Yama: becoming mindful.
[    0.111336] Mount-cache hash table entries: 4096 (order: 3, 32768 bytes, linear)
[    0.111765] Mountpoint-cache hash table entries: 4096 (order: 3, 32768 bytes, linear)
[    0.112952] x86/cpu: User Mode Instruction Prevention (UMIP) activated
[    0.113438] Last level iTLB entries: 4KB 0, 2MB 0, 4MB 0
[    0.113749] Last level dTLB entries: 4KB 0, 2MB 0, 4MB 0, 1GB 0
[    0.114097] Spectre V1 : Mitigation: usercopy/swapgs barriers and __user pointer sanitization
[    0.114581] Spectre V2 : WARNING: Unprivileged eBPF is enabled with eIBRS on, data leaks possible via Spectre v2 BHB attacks!
[    0.115016] Spectre V2 : Mitigation: Enhanced IBRS
[    0.115286] Spectre V2 : Spectre v2 / SpectreRSB mitigation: Filling RSB on context switch
[    0.115741] Spectre V2 : Spectre v2 / PBRSB-eIBRS: Retire a single CALL on VMEXIT
[    0.116155] Spectre V2 : mitigation: Enabling conditional Indirect Branch Prediction Barrier
[    0.116621] Speculative Store Bypass: Mitigation: Speculative Store Bypass disabled via prctl
[    0.194213] Freeing SMP alternatives memory: 56K
[    0.194676] smpboot: CPU0: 12th Gen Intel(R) Core(TM) i7-12700K (family: 0x6, model: 0x97, stepping: 0x2)
[    0.195010] cblist_init_generic: Setting adjustable number of callback queues.
[    0.195010] cblist_init_generic: Setting shift to 1 and lim to 1.
[    0.195010] cblist_init_generic: Setting shift to 1 and lim to 1.
[    0.195010] cblist_init_generic: Setting shift to 1 and lim to 1.
[    0.195010] Running RCU-tasks wait API self tests
[    0.295139] Performance Events: Alderlake Hybrid events, full-width counters, Intel PMU driver.
[    0.296054] core: cpu_core PMU driver: 
[    0.296280] ... version:                2
[    0.296506] ... bit width:              48
[    0.296736] ... generic registers:      6
[    0.296960] ... value mask:             0000ffffffffffff
[    0.297253] ... max period:             00007fffffffffff
[    0.297550] ... fixed-purpose events:   3
[    0.297774] ... event mask:             0001000f0000003f
[    0.298193] rcu: Hierarchical SRCU implementation.
[    0.298461] rcu: 	Max phase no-delay instances is 1000.
[    0.300573] unchecked MSR access error: WRMSR to 0x38f (tried to write 0x0001000f0000003f) at rIP: 0xffffffff810dc90c (native_write_msr+0xc/0x30)
[    0.301300] Call Trace:
[    0.301445]  <TASK>
[    0.301568]  __intel_pmu_enable_all.constprop.46+0xb5/0x140
[    0.301886]  intel_pmu_enable_all+0x1e/0x30
[    0.302127]  x86_pmu_enable+0x46d/0x5a0
[    0.302349]  ? write_comp_data+0x2f/0x90
[    0.302577]  perf_pmu_enable+0x53/0x70
[    0.302793]  ctx_resched+0x14d/0x1e0
[    0.303003]  __perf_install_in_context+0x2f7/0x450
[    0.303010]  ? __pfx_remote_function+0x10/0x10
[    0.303010]  ? __pfx_remote_function+0x10/0x10
[    0.303010]  remote_function+0x80/0xa0
[    0.303010]  ? __pfx_remote_function+0x10/0x10
[    0.303010]  generic_exec_single+0x124/0x190
[    0.303010]  smp_call_function_single+0x11c/0x240
[    0.303010]  ? __pfx_remote_function+0x10/0x10
[    0.303010]  ? __sanitizer_cov_trace_pc+0x25/0x60
[    0.303010]  ? write_comp_data+0x2f/0x90
[    0.303010]  perf_install_in_context+0x2d8/0x300
[    0.303010]  ? __pfx___perf_install_in_context+0x10/0x10
[    0.303010]  perf_event_create_kernel_counter+0x284/0x2b0
[    0.303010]  ? __pfx_watchdog_overflow_callback+0x10/0x10
[    0.303010]  hardlockup_detector_event_create+0x46/0xd0
[    0.303010]  hardlockup_detector_perf_init+0x18/0x66
[    0.303010]  watchdog_nmi_probe+0x17/0x1d
[    0.303010]  lockup_detector_init+0x40/0xaf
[    0.303010]  kernel_init_freeable+0x264/0x422
[    0.303010]  ? __pfx_kernel_init+0x10/0x10
[    0.303010]  kernel_init+0x24/0x1e0
[    0.303010]  ? __pfx_kernel_init+0x10/0x10
[    0.303010]  ret_from_fork+0x29/0x50
[    0.303010]  </TASK>
[    0.303024] Callback from call_rcu_tasks_trace() invoked.
[    0.303451] smp: Bringing up secondary CPUs ...
[    0.303993] x86: Booting SMP configuration:
[    0.304233] .... node  #0, CPUs:      #1
[    0.304620] smp: Brought up 1 node, 2 CPUs
[    0.304620] smpboot: Max logical packages: 1
[    0.304620] smpboot: Total of 2 processors activated (14438.40 BogoMIPS)
[    0.304722] devtmpfs: initialized
[    0.307203] x86/mm: Memory block size: 128MB
[    0.308770] clocksource: jiffies: mask: 0xffffffff max_cycles: 0xffffffff, max_idle_ns: 7645041785100000 ns
[    0.308770] futex hash table entries: 512 (order: 4, 65536 bytes, linear)
[    0.308770] pinctrl core: initialized pinctrl subsystem
[    0.309089] 
[    0.311020] *************************************************************
[    0.311397] **     NOTICE NOTICE NOTICE NOTICE NOTICE NOTICE NOTICE    **
[    0.311767] **                                                         **
[    0.312138] **  IOMMU DebugFS SUPPORT HAS BEEN ENABLED IN THIS KERNEL  **
[    0.312509] **                                                         **
[    0.312880] ** This means that this kernel is built to expose internal **
[    0.313251] ** IOMMU data structures, which may compromise security on **
[    0.313621] ** your system.                                            **
[    0.313991] **                                                         **
[    0.314362] ** If you see this message and you are not debugging the   **
[    0.314732] ** kernel, report this immediately to your vendor!         **
[    0.315019] **                                                         **
[    0.315392] **     NOTICE NOTICE NOTICE NOTICE NOTICE NOTICE NOTICE    **
[    0.315762] *************************************************************
[    0.316165] PM: RTC time: 04:11:23, date: 2023-02-28
[    0.317976] NET: Registered PF_NETLINK/PF_ROUTE protocol family
[    0.318764] DMA: preallocated 256 KiB GFP_KERNEL pool for atomic allocations
[    0.319019] DMA: preallocated 256 KiB GFP_KERNEL|GFP_DMA pool for atomic allocations
[    0.319454] DMA: preallocated 256 KiB GFP_KERNEL|GFP_DMA32 pool for atomic allocations
[    0.319913] audit: initializing netlink subsys (disabled)
[    0.320252] audit: type=2000 audit(1677557484.103:1): state=initialized audit_enabled=0 res=1
[    0.320252] thermal_sys: Registered thermal governor 'fair_share'
[    0.320252] thermal_sys: Registered thermal governor 'bang_bang'
[    0.320296] thermal_sys: Registered thermal governor 'step_wise'
[    0.320626] thermal_sys: Registered thermal governor 'user_space'
[    0.320984] cpuidle: using governor ladder
[    0.321559] cpuidle: using governor menu
[    0.323248] acpiphp: ACPI Hot Plug PCI Controller Driver version: 0.5
[    0.323798] PCI: Using configuration type 1 for base access
[    0.324817] kprobes: kprobe jump-optimization is enabled. All kprobes are optimized if possible.
[    0.504141] HugeTLB: registered 1.00 GiB page size, pre-allocated 0 pages
[    0.504533] HugeTLB: 16380 KiB vmemmap can be freed for a 1.00 GiB page
[    0.504900] HugeTLB: registered 2.00 MiB page size, pre-allocated 0 pages
[    0.505273] HugeTLB: 28 KiB vmemmap can be freed for a 2.00 MiB page
[    0.507071] ACPI: Added _OSI(Module Device)
[    0.507315] ACPI: Added _OSI(Processor Device)
[    0.507564] ACPI: Added _OSI(3.0 _SCP Extensions)
[    0.507826] ACPI: Added _OSI(Processor Aggregator Device)
[    0.512345] ACPI: 1 ACPI AML tables successfully acquired and loaded
[    0.515126] ACPI: Interpreter enabled
[    0.515406] ACPI: PM: (supports S0 S3 S4 S5)
[    0.515645] ACPI: Using IOAPIC for interrupt routing
[    0.515947] PCI: Using host bridge windows from ACPI; if necessary, use "pci=nocrs" and report a bug
[    0.516443] PCI: Using E820 reservations for host bridge windows
[    0.517281] ACPI: Enabled 2 GPEs in block 00 to 0F
[    0.529786] ACPI: PCI Root Bridge [PCI0] (domain 0000 [bus 00-ff])
[    0.530154] acpi PNP0A03:00: _OSC: OS supports [ASPM ClockPM Segments MSI EDR HPX-Type3]
[    0.530602] acpi PNP0A03:00: _OSC: not requesting OS control; OS requires [ExtendedConfig ASPM ClockPM MSI]
[    0.531060] acpi PNP0A03:00: fail to add MMCONFIG information, can't access extended configuration space under this bridge
[    0.533421] acpiphp: Slot [3] registered
[    0.533689] acpiphp: Slot [4] registered
[    0.533955] acpiphp: Slot [5] registered
[    0.534224] acpiphp: Slot [6] registered
[    0.534489] acpiphp: Slot [7] registered
[    0.534766] acpiphp: Slot [8] registered
[    0.535036] acpiphp: Slot [9] registered
[    0.535310] acpiphp: Slot [10] registered
[    0.535588] acpiphp: Slot [11] registered
[    0.535869] acpiphp: Slot [12] registered
[    0.536147] acpiphp: Slot [13] registered
[    0.536426] acpiphp: Slot [14] registered
[    0.536704] acpiphp: Slot [15] registered
[    0.536982] acpiphp: Slot [16] registered
[    0.537261] acpiphp: Slot [17] registered
[    0.537541] acpiphp: Slot [18] registered
[    0.537820] acpiphp: Slot [19] registered
[    0.538098] acpiphp: Slot [20] registered
[    0.538377] acpiphp: Slot [21] registered
[    0.538655] acpiphp: Slot [22] registered
[    0.538936] acpiphp: Slot [23] registered
[    0.539063] acpiphp: Slot [24] registered
[    0.539342] acpiphp: Slot [25] registered
[    0.539621] acpiphp: Slot [26] registered
[    0.539899] acpiphp: Slot [27] registered
[    0.540178] acpiphp: Slot [28] registered
[    0.540456] acpiphp: Slot [29] registered
[    0.540739] acpiphp: Slot [30] registered
[    0.541018] acpiphp: Slot [31] registered
[    0.541262] PCI host bridge to bus 0000:00
[    0.541500] pci_bus 0000:00: root bus resource [io  0x0000-0x0cf7 window]
[    0.541888] pci_bus 0000:00: root bus resource [io  0x0d00-0xffff window]
[    0.542275] pci_bus 0000:00: root bus resource [mem 0x000a0000-0x000bffff window]
[    0.542703] pci_bus 0000:00: root bus resource [mem 0x80000000-0xfebfffff window]
[    0.543014] pci_bus 0000:00: root bus resource [mem 0x100000000-0x17fffffff window]
[    0.543450] pci_bus 0000:00: root bus resource [bus 00-ff]
[    0.543836] pci 0000:00:00.0: [8086:1237] type 00 class 0x060000
[    0.546381] pci 0000:00:01.0: [8086:7000] type 00 class 0x060100
[    0.547243] pci 0000:00:01.1: [8086:7010] type 00 class 0x010180
[    0.548539] pci 0000:00:01.1: reg 0x20: [io  0xc040-0xc04f]
[    0.549286] pci 0000:00:01.1: legacy IDE quirk: reg 0x10: [io  0x01f0-0x01f7]
[    0.549690] pci 0000:00:01.1: legacy IDE quirk: reg 0x14: [io  0x03f6]
[    0.550061] pci 0000:00:01.1: legacy IDE quirk: reg 0x18: [io  0x0170-0x0177]
[    0.550467] pci 0000:00:01.1: legacy IDE quirk: reg 0x1c: [io  0x0376]
[    0.551021] pci 0000:00:01.3: [8086:7113] type 00 class 0x068000
[    0.551587] pci 0000:00:01.3: quirk: [io  0x0600-0x063f] claimed by PIIX4 ACPI
[    0.552001] pci 0000:00:01.3: quirk: [io  0x0700-0x070f] claimed by PIIX4 SMB
[    0.552612] pci 0000:00:02.0: [1234:1111] type 00 class 0x030000
[    0.553496] pci 0000:00:02.0: reg 0x10: [mem 0xfd000000-0xfdffffff pref]
[    0.554676] pci 0000:00:02.0: reg 0x18: [mem 0xfebf0000-0xfebf0fff]
[    0.556417] pci 0000:00:02.0: reg 0x30: [mem 0xfebe0000-0xfebeffff pref]
[    0.556846] pci 0000:00:02.0: Video device with shadowed ROM at [mem 0x000c0000-0x000dffff]
[    0.559322] pci 0000:00:03.0: [8086:100e] type 00 class 0x020000
[    0.560186] pci 0000:00:03.0: reg 0x10: [mem 0xfebc0000-0xfebdffff]
[    0.560996] pci 0000:00:03.0: reg 0x14: [io  0xc000-0xc03f]
[    0.563451] pci 0000:00:03.0: reg 0x30: [mem 0xfeb80000-0xfebbffff pref]
[    0.571256] ACPI: PCI: Interrupt link LNKA configured for IRQ 10
[    0.571872] ACPI: PCI: Interrupt link LNKB configured for IRQ 10
[    0.572467] ACPI: PCI: Interrupt link LNKC configured for IRQ 11
[    0.573061] ACPI: PCI: Interrupt link LNKD configured for IRQ 11
[    0.573518] ACPI: PCI: Interrupt link LNKS configured for IRQ 9
[    0.574590] iommu: Default domain type: Translated 
[    0.574871] iommu: DMA domain TLB invalidation policy: lazy mode 
[    0.575649] SCSI subsystem initialized
[    0.576023] ACPI: bus type USB registered
[    0.576280] usbcore: registered new interface driver usbfs
[    0.576603] usbcore: registered new interface driver hub
[    0.576917] usbcore: registered new device driver usb
[    0.577267] pps_core: LinuxPPS API ver. 1 registered
[    0.577541] pps_core: Software ver. 5.3.6 - Copyright 2005-2007 Rodolfo Giometti <giometti@linux.it>
[    0.578043] PTP clock support registered
[    0.578358] EDAC MC: Ver: 3.0.0
[    0.579522] NetLabel: Initializing
[    0.579720] NetLabel:  domain hash size = 128
[    0.579963] NetLabel:  protocols = UNLABELED CIPSOv4 CALIPSO
[    0.580317] NetLabel:  unlabeled traffic allowed by default
[    0.580814] PCI: Using ACPI for IRQ routing
[    0.581207] pci 0000:00:02.0: vgaarb: setting as boot VGA device
[    0.581550] pci 0000:00:02.0: vgaarb: bridge control possible
[    0.581869] pci 0000:00:02.0: vgaarb: VGA device added: decodes=io+mem,owns=io+mem,locks=none
[    0.582346] vgaarb: loaded
[    0.582747] hpet0: at MMIO 0xfed00000, IRQs 2, 8, 0
[    0.583015] hpet0: 3 comparators, 64-bit 100.000000 MHz counter
[    2.471348] clocksource: Switched to clocksource kvm-clock
[    2.471694] Callback from call_rcu_tasks_rude() invoked.
[    2.575047] Callback from call_rcu_tasks() invoked.
[    2.583541] VFS: Disk quotas dquot_6.6.0
[    2.583791] VFS: Dquot-cache hash table entries: 512 (order 0, 4096 bytes)
[    2.584343] pnp: PnP ACPI init
[    2.585848] pnp: PnP ACPI: found 6 devices
[    2.595367] clocksource: acpi_pm: mask: 0xffffff max_cycles: 0xffffff, max_idle_ns: 2085701024 ns
[    2.596112] NET: Registered PF_INET protocol family
[    2.596439] IP idents hash table entries: 32768 (order: 6, 262144 bytes, linear)
[    2.597531] tcp_listen_portaddr_hash hash table entries: 1024 (order: 4, 73728 bytes, linear)
[    2.598012] Table-perturb hash table entries: 65536 (order: 6, 262144 bytes, linear)
[    2.598463] TCP established hash table entries: 16384 (order: 5, 131072 bytes, linear)
[    2.599022] TCP bind hash table entries: 16384 (order: 9, 2359296 bytes, linear)
[    2.600036] TCP: Hash tables configured (established 16384 bind 16384)
[    2.600436] UDP hash table entries: 1024 (order: 5, 163840 bytes, linear)
[    2.600840] UDP-Lite hash table entries: 1024 (order: 5, 163840 bytes, linear)
[    2.601312] NET: Registered PF_UNIX/PF_LOCAL protocol family
[    2.602139] RPC: Registered named UNIX socket transport module.
[    2.602507] RPC: Registered udp transport module.
[    2.602783] RPC: Registered tcp transport module.
[    2.603069] RPC: Registered tcp NFSv4.1 backchannel transport module.
[    2.603449] pci_bus 0000:00: resource 4 [io  0x0000-0x0cf7 window]
[    2.603806] pci_bus 0000:00: resource 5 [io  0x0d00-0xffff window]
[    2.604162] pci_bus 0000:00: resource 6 [mem 0x000a0000-0x000bffff window]
[    2.604555] pci_bus 0000:00: resource 7 [mem 0x80000000-0xfebfffff window]
[    2.604963] pci_bus 0000:00: resource 8 [mem 0x100000000-0x17fffffff window]
[    2.605532] pci 0000:00:01.0: PIIX3: Enabling Passive Release
[    2.605868] pci 0000:00:00.0: Limiting direct PCI/PCI transfers
[    2.606280] PCI: CLS 0 bytes, default 64
[    2.606534] ACPI: bus type thunderbolt registered
[    2.607059] clocksource: tsc: mask: 0xffffffffffffffff max_cycles: 0x3407c077a8d, max_idle_ns: 440795342283 ns
[    2.609867] Initialise system trusted keyrings
[    2.610180] Key type blacklist registered
[    2.610536] workingset: timestamp_bits=36 max_order=19 bucket_order=0
[    2.610942] zbud: loaded
[    2.611575] squashfs: version 4.0 (2009/01/31) Phillip Lougher
[    2.612307] NFS: Registering the id_resolver key type
[    2.612610] Key type id_resolver registered
[    2.612867] Key type id_legacy registered
[    2.613119] nfs4filelayout_init: NFSv4 File Layout Driver Registering...
[    2.613517] nfs4flexfilelayout_init: NFSv4 Flexfile Layout Driver Registering...
[    2.614057] fuse: init (API version 7.38)
[    2.614422] SGI XFS with ACLs, security attributes, realtime, quota, no debug enabled
[    2.615178] 9p: Installing v9fs 9p2000 file system support
[    2.620966] Key type asymmetric registered
[    2.621244] Asymmetric key parser 'x509' registered
[    2.621564] Block layer SCSI generic (bsg) driver version 0.4 loaded (major 243)
[    2.622086] io scheduler mq-deadline registered
[    2.622370] io scheduler bfq registered
[    2.622852] shpchp: Standard Hot Plug PCI Controller Driver version: 0.4
[    2.623519] IPMI message handler: version 39.2
[    2.623810] ipmi device interface
[    2.625145] input: Power Button as /devices/LNXSYSTM:00/LNXPWRBN:00/input/input0
[    2.625755] ACPI: button: Power Button [PWRF]
[    2.626635] ERST DBG: ERST support is disabled.
[    2.627278] Serial: 8250/16550 driver, 32 ports, IRQ sharing enabled
[    2.627991] 00:04: ttyS0 at I/O 0x3f8 (irq = 4, base_baud = 115200) is a 16550A
[    2.634664] Linux agpgart interface v0.103
[    2.635433] ACPI: bus type drm_connector registered
[    2.644749] brd: module loaded
[    2.649835] loop: module loaded
[    2.652496] scsi host0: ata_piix
[    2.653014] scsi host1: ata_piix
[    2.653322] ata1: PATA max MWDMA2 cmd 0x1f0 ctl 0x3f6 bmdma 0xc040 irq 14
[    2.653715] ata2: PATA max MWDMA2 cmd 0x170 ctl 0x376 bmdma 0xc048 irq 15
[    2.655231] tun: Universal TUN/TAP device driver, 1.6
[    2.655659] e100: Intel(R) PRO/100 Network Driver
[    2.655935] e100: Copyright(c) 1999-2006 Intel Corporation
[    2.656276] e1000: Intel(R) PRO/1000 Network Driver
[    2.656558] e1000: Copyright (c) 1999-2006 Intel Corporation.
[    2.781844] ACPI: \_SB_.LNKC: Enabled at IRQ 11
[    2.811274] ata2: found unknown device (class 0)
[    2.811765] ata1: found unknown device (class 0)
[    2.812462] ata2.00: ATAPI: QEMU DVD-ROM, 2.5+, max UDMA/100
[    2.812931] ata1.00: ATA-7: QEMU HARDDISK, 2.5+, max UDMA/100
[    2.813261] ata1.00: 16777216 sectors, multi 16: LBA48 
[    2.814376] scsi 0:0:0:0: Direct-Access     ATA      QEMU HARDDISK    2.5+ PQ: 0 ANSI: 5
[    2.815534] scsi 0:0:0:0: Attached scsi generic sg0 type 0
[    2.816517] scsi 1:0:0:0: CD-ROM            QEMU     QEMU DVD-ROM     2.5+ PQ: 0 ANSI: 5
[    2.817727] sd 0:0:0:0: [sda] 16777216 512-byte logical blocks: (8.59 GB/8.00 GiB)
[    2.818194] sd 0:0:0:0: [sda] Write Protect is off
[    2.818507] sd 0:0:0:0: [sda] Write cache: enabled, read cache: enabled, doesn't support DPO or FUA
[    2.819082] sd 0:0:0:0: [sda] Preferred minimum I/O size 512 bytes
[    2.839617] scsi 1:0:0:0: Attached scsi generic sg1 type 5
[    2.841381] sd 0:0:0:0: [sda] Attached SCSI disk
[    3.097438] e1000 0000:00:03.0 eth0: (PCI:33MHz:32-bit) 52:54:00:12:34:56
[    3.097853] e1000 0000:00:03.0 eth0: Intel(R) PRO/1000 Network Connection
[    3.098295] e1000e: Intel(R) PRO/1000 Network Driver
[    3.098568] e1000e: Copyright(c) 1999 - 2015 Intel Corporation.
[    3.098933] igb: Intel(R) Gigabit Ethernet Network Driver
[    3.099237] igb: Copyright (c) 2007-2014 Intel Corporation.
[    3.099610] PPP generic driver version 2.4.2
[    3.100211] VFIO - User Level meta-driver version: 0.3
[    3.100952] usbcore: registered new interface driver uas
[    3.101276] usbcore: registered new interface driver usb-storage
[    3.101702] i8042: PNP: PS/2 Controller [PNP0303:KBD,PNP0f13:MOU] at 0x60,0x64 irq 1,12
[    3.102644] serio: i8042 KBD port at 0x60,0x64 irq 1
[    3.102942] serio: i8042 AUX port at 0x60,0x64 irq 12
[    3.103838] mousedev: PS/2 mouse device common for all mice
[    3.104797] input: AT Translated Set 2 keyboard as /devices/platform/i8042/serio0/input/input1
[    3.105936] input: VirtualPS/2 VMware VMMouse as /devices/platform/i8042/serio1/input/input4
[    3.106813] input: VirtualPS/2 VMware VMMouse as /devices/platform/i8042/serio1/input/input3
[    3.107094] rtc_cmos 00:05: RTC can wake from S4
[    3.108313] rtc_cmos 00:05: registered as rtc0
[    3.108634] rtc_cmos 00:05: setting system clock to 2023-02-28T04:11:26 UTC (1677557486)
[    3.109255] rtc_cmos 00:05: alarms up to one day, y3k, 242 bytes nvram, hpet irqs
[    3.109711] i2c_dev: i2c /dev entries driver
[    3.110000] device-mapper: core: CONFIG_IMA_DISABLE_HTABLE is disabled. Duplicate IMA measurements will not be recorded in the IMA log.
[    3.110703] device-mapper: uevent: version 1.0.3
[    3.111215] device-mapper: ioctl: 4.47.0-ioctl (2022-07-28) initialised: dm-devel@redhat.com
[    3.111719] intel_pstate: CPU model not supported
[    3.112061] sdhci: Secure Digital Host Controller Interface driver
[    3.112418] sdhci: Copyright(c) Pierre Ossman
[    3.112732] sdhci-pltfm: SDHCI platform and OF driver helper
[    3.113184] ledtrig-cpu: registered to indicate activity on CPUs
[    3.113769] drop_monitor: Initializing network drop monitor service
[    3.114258] NET: Registered PF_INET6 protocol family
[    3.116224] Segment Routing with IPv6
[    3.116456] In-situ OAM (IOAM) with IPv6
[    3.116710] NET: Registered PF_PACKET protocol family
[    3.117120] 9pnet: Installing 9P2000 support
[    3.117413] Key type dns_resolver registered
[    3.118226] IPI shorthand broadcast: enabled
[    3.129325] sched_clock: Marking stable (3117472346, 9540643)->(3138398985, -11385996)
[    3.130258] registered taskstats version 1
[    3.130631] Loading compiled-in X.509 certificates
[    3.131161] zswap: loaded using pool lzo/zbud
[    3.142490] Key type .fscrypt registered
[    3.142737] Key type fscrypt-provisioning registered
[    3.143658] Key type encrypted registered
[    3.143919] ima: No TPM chip found, activating TPM-bypass!
[    3.144230] ima: Allocated hash algorithm: sha1
[    3.144504] ima: No architecture policies found
[    3.144803] evm: Initialising EVM extended attributes:
[    3.145085] evm: security.selinux
[    3.145272] evm: security.SMACK64
[    3.145459] evm: security.SMACK64EXEC
[    3.145663] evm: security.SMACK64TRANSMUTE
[    3.145890] evm: security.SMACK64MMAP
[    3.146095] evm: security.apparmor
[    3.146285] evm: security.ima
[    3.146453] evm: security.capability
[    3.146652] evm: HMAC attrs: 0x1
[    3.147827] PM:   Magic number: 11:118:162
[    3.148516] RAS: Correctable Errors collector initialized.
[    3.149713] md: Waiting for all devices to be available before autodetect
[    3.149984] md: If you don't use raid, use raid=noautodetect
[    3.150209] md: Autodetecting RAID arrays.
[    3.150378] md: autorun ...
[    3.150494] md: ... autorun DONE.
[    3.163357] EXT4-fs (sda): mounted filesystem 23a53bb9-f815-47a5-b74c-5e08f7731193 with ordered data mode. Quota mode: none.
[    3.163861] VFS: Mounted root (ext4 filesystem) readonly on device 8:0.
[    3.166319] devtmpfs: mounted
[    3.173164] Freeing unused decrypted memory: 2036K
[    3.175117] Freeing unused kernel image (initmem) memory: 10164K
[    3.187181] Write protecting the kernel read-only data: 45056k
[    3.188404] Freeing unused kernel image (rodata/data gap) memory: 368K
[    3.261734] x86/mm: Checked W+X mappings: passed, no W+X pages found.
[    3.262009] Run /sbin/init as init process
[    3.352078] systemd[1]: RTC configured in localtime, applying delta of 0 minutes to system time.
[    3.374002] systemd[1]: systemd 239 (239-49.el8) running in system mode. (+PAM +AUDIT +SELINUX +IMA -APPARMOR +SMACK +SYSVINIT +UTMP +LIBCRYPTSETUP +GCRYPT +GNUTLS +ACL +XZ +LZ4 +SECCOMP +BLKID +ELFUTILS +KMOD +IDN2 -IDN +PCRE2 default-hierarchy=legacy)
[    3.374993] systemd[1]: Detected virtualization kvm.
[    3.375217] systemd[1]: Detected architecture x86-64.

Welcome to [0;31mCentOS Stream 8[0m!

[    3.428566] systemd[1]: Set hostname to <test>.
[    3.624283] systemd[1]: Listening on RPCbind Server Activation Socket.
[[0;32m  OK  [0m] Listening on RPCbind Server Activation Socket.
[    3.625019] systemd[1]: Reached target RPC Port Mapper.
[[0;32m  OK  [0m] Reached target RPC Port Mapper.
[    3.630528] systemd[1]: Listening on Process Core Dump Socket.
[[0;32m  OK  [0m] Listening on Process Core Dump Socket.
[    3.631353] systemd[1]: Listening on udev Control Socket.
[[0;32m  OK  [0m] Listening on udev Control Socket.
[    3.632344] systemd[1]: Set up automount Arbitrary Executable File Formats File System Automount Point.
[[0;32m  OK  [0m] Set up automount Arbitrary Executabâ€¦rmats File System Automount Point.
[    3.635213] systemd[1]: Created slice system-getty.slice.
[[0;32m  OK  [0m] Created slice system-getty.slice.
[[0;32m  OK  [0m] Created slice User and Session Slice.
[[0;32m  OK  [0m] Created slice system-serial\x2dgetty.slice.
[[0;32m  OK  [0m] Reached target Slices.
[[0;32m  OK  [0m] Started Forward Password Requests to Wall Directory Watch.
[[0;32m  OK  [0m] Listening on multipathd control socket.
[[0;32m  OK  [0m] Listening on Device-mapper event daemon FIFOs.
[[0;32m  OK  [0m] Listening on Journal Socket (/dev/log).
[[0;32m  OK  [0m] Listening on udev Kernel Socket.
[[0;32m  OK  [0m] Created slice system-sshd\x2dkeygen.slice.
[[0;32m  OK  [0m] Listening on LVM2 poll daemon socket.
[[0;32m  OK  [0m] Listening on Journal Socket.
         Starting Load Kernel Modules...
         Starting Remount Root and Kernel File Systems...
         Mounting Huge Pages File System...
         Mounting Kernel Debug File System...
         Starting Monitoring of LVM2 mirrorsâ€¦ng dmeventd or progress polling...
         Starting udev Coldplug all Devices...
         Starting Setup Virtual Console...
         Mounting POSIX Message Queue File System...
         Starting Journal Service...
[[0;32m  OK  [0m] Reached target Swap.
[[0;32m  OK  [0m] Listening on initctl Compatibility Named Pipe.
[[0;1;31mFAILED[0m] Failed to start Load Kernel Modules.
See 'systemctl status systemd-modules-load.service' for details.
[[0;32m  OK  [0m] Mounted Huge Pages File System.
[[0;32m  OK  [0m] Mounted Kernel Debug File System.
[[0;32m  OK  [0m] Mounted POSIX Message Queue File System.
         Starting Apply Kernel Variables...
         Mounting Kernel Configuration File System...
[    3.890767] EXT4-fs (sda): re-mounted 23a53bb9-f815-47a5-b74c-5e08f7731193. Quota mode: none.
         Mounting FUSE Control File System...
[[0;32m  OK  [0m] Started Journal Service.
[[0;32m  OK  [0m] Started Remount Root and Kernel File Systems.
[[0;32m  OK  [0m] Started Setup Virtual Console.
[[0;32m  OK  [0m] Started Apply Kernel Variables.
[[0;32m  OK  [0m] Mounted Kernel Configuration File System.
[[0;32m  OK  [0m] Mounted FUSE Control File System.
         Starting Create Static Device Nodes in /dev...
         Starting Load/Save Random Seed...
         Starting Flush Journal to Persistent Storage...
[[0;32m  OK  [0m] Started Create Static Device Nodes in /dev.
[[0;32m  OK  [0m] Started Load/Save Random Seed.
         Starting udev Kernel Device Manager...
[[0;32m  OK  [0m] Started udev Coldplug all Devices.
         Starting udev Wait for Complete Device Initialization...
[[0;32m  OK  [0m] Started Flush Journal to Persistent Storage.
[[0;32m  OK  [0m] Started udev Kernel Device Manager.
         Starting Show Plymouth Boot Screen...
[[0;32m  OK  [0m] Started Show Plymouth Boot Screen.
[[0;32m  OK  [0m] Reached target Local Encrypted Volumes.
[[0;32m  OK  [0m] Reached target Paths.
[[0;32m  OK  [0m] Started Forward Password Requests to Plymouth Directory Watch.
[[0;32m  OK  [0m] Found device /dev/ttyS0.
[[0;32m  OK  [0m] Started Monitoring of LVM2 mirrors,â€¦sing dmeventd or progress polling.
[[0;32m  OK  [0m] Started udev Wait for Complete Device Initialization.
[[0;32m  OK  [0m] Listening on Load/Save RF Kill Switch Status /dev/rfkill Watch.
[[0;32m  OK  [0m] Reached target Local File Systems (Pre).
[[0;32m  OK  [0m] Reached target Local File Systems.
         Starting Tell Plymouth To Write Out Runtime Data...
         Starting Restore /run/initramfs on shutdown...
         Starting Create Volatile Files and Directories...
[[0;32m  OK  [0m] Started Tell Plymouth To Write Out Runtime Data.
[[0;32m  OK  [0m] Started Restore /run/initramfs on shutdown.
[[0;32m  OK  [0m] Started Create Volatile Files and Directories.
         Starting Security Auditing Service...
         Mounting RPC Pipe File System...
         Starting RPC Bind...
[[0;32m  OK  [0m] Mounted RPC Pipe File System.
[[0;32m  OK  [0m] Reached target rpc_pipefs.target.
[[0;32m  OK  [0m] Started RPC Bind.
[[0;32m  OK  [0m] Started Security Auditing Service.
         Starting Update UTMP about System Boot/Shutdown...
[[0;32m  OK  [0m] Started Update UTMP about System Boot/Shutdown.
[[0;32m  OK  [0m] Reached target System Initialization.
[[0;32m  OK  [0m] Listening on SSSD Kerberos Cache Manager responder socket.
[[0;32m  OK  [0m] Started Daily Cleanup of Temporary Directories.
[[0;32m  OK  [0m] Started daily update of the root trust anchor for DNSSEC.
[[0;32m  OK  [0m] Started dnf makecache --timer.
[[0;32m  OK  [0m] Reached target Timers.
[[0;32m  OK  [0m] Listening on D-Bus System Message Bus Socket.
[[0;32m  OK  [0m] Reached target Sockets.
[[0;32m  OK  [0m] Reached target Basic System.
         Starting Self Monitoring and Reporting Technology (SMART) Daemon...
         Starting Login Service...
         Starting NTP client/server...
[[0;32m  OK  [0m] Started Machine Check Exception Logging Daemon.
[[0;32m  OK  [0m] Started irqbalance daemon.
[[0;32m  OK  [0m] Started D-Bus System Message Bus.
         Starting Authorization Manager...
         Starting Network Manager...
[[0;32m  OK  [0m] Reached target sshd-keygen.target.
         Starting Auto-connect to subsystemsâ€¦-NVME devices found during boot...
[[0;32m  OK  [0m] Started Self Monitoring and Reporting Technology (SMART) Daemon.
[[0;32m  OK  [0m] Started Auto-connect to subsystems â€¦FC-NVME devices found during boot.
         Starting update of the root trust aâ€¦or DNSSEC validation in unbound...
[[0;32m  OK  [0m] Started Login Service.
[[0;32m  OK  [0m] Started NTP client/server.
[[0;32m  OK  [0m] Started Network Manager.
[[0;32m  OK  [0m] Reached target Network.
         Starting OpenSSH server daemon...
         Starting GSSAPI Proxy Daemon...
         Starting Dynamic System Tuning Daemon...
         Starting Network Manager Wait Online...
[[0;32m  OK  [0m] Started update of the root trust anâ€¦ for DNSSEC validation in unbound.
         Starting Hostname Service...
[[0;32m  OK  [0m] Started OpenSSH server daemon.
[[0;32m  OK  [0m] Started GSSAPI Proxy Daemon.
[[0;32m  OK  [0m] Started Authorization Manager.
[[0;32m  OK  [0m] Reached target NFS client services.
[[0;32m  OK  [0m] Reached target Remote File Systems (Pre).
[[0;32m  OK  [0m] Reached target Remote File Systems.
         Starting Permit User Sessions...
[[0;32m  OK  [0m] Started Permit User Sessions.
[[0;32m  OK  [0m] Started Command Scheduler.
         Starting Terminate Plymouth Boot Screen...
         Starting Hold until boot process finishes up...
[    5.383114] e1000: eth0 NIC Link is Up 1000 Mbps Full Duplex, Flow Control: RX
[    5.383783] IPv6: ADDRCONF(NETDEV_CHANGE): eth0: link becomes ready
[    5.539511] Spectre V2 : WARNING: Unprivileged eBPF is enabled with eIBRS on, data leaks possible via Spectre v2 BHB attacks!
[    5.540020] Spectre V2 : WARNING: Unprivileged eBPF is enabled with eIBRS on, data leaks possible via Spectre v2 BHB attacks!

CentOS Stream 8
Kernel 6.2.0-kvmxfs+ on an x86_64

test login: root
Last login: Fri Feb 24 13:22:16 on ttyS0
*******************************************************
Welcome to the Embargoed Overlay on CentOS

This content is for INTEL INTERNAL USE ONLY.

For support issues, please submit a request:
https://jira.devtools.intel.com/browse/LNXO
*******************************************************
[root@test ~]# uname -r 
6.2.0-kvmxfs+
[root@test ~]# 
[root@test ~]# 
[root@test ~]# ls
anaconda-ks.cfg  Install_kernel_record.log  shadow_test_fork  syzkaller.mc3H24
cet_ibt		 quick_test		    shstk_cp	      syzkaller.OjSrkA
cpuid		 quick_test.c		    shstk_cp.c	      syzkaller.Q5dMMG
cpuid.c		 repro			    syzkaller.6TPmw0  syzkaller.qCVHXV
file0		 repro.c		    syzkaller.9FSdCu  syzkaller.uq7iOt
id_rsa.pub	 repro.sh		    syzkaller.iVVz3P
[root@test ~]# 
[root@test ~]# 
[root@test ~]# ls
anaconda-ks.cfg  Install_kernel_record.log  shadow_test_fork  syzkaller.mc3H24
cet_ibt		 quick_test		    shstk_cp	      syzkaller.OjSrkA
cpuid		 quick_test.c		    shstk_cp.c	      syzkaller.Q5dMMG
cpuid.c		 repro			    syzkaller.6TPmw0  syzkaller.qCVHXV
file0		 repro.c		    syzkaller.9FSdCu  syzkaller.uq7iOt
id_rsa.pub	 repro.sh		    syzkaller.iVVz3P
[root@test ~]# rm -rf repro
[root@test ~]# 
[root@test ~]# 
[root@test ~]# ls
anaconda-ks.cfg  Install_kernel_record.log  shadow_test_fork  syzkaller.mc3H24
cet_ibt		 quick_test		    shstk_cp	      syzkaller.OjSrkA
cpuid		 quick_test.c		    shstk_cp.c	      syzkaller.Q5dMMG
cpuid.c		 repro			    syzkaller.6TPmw0  syzkaller.qCVHXV
file0		 repro.c		    syzkaller.9FSdCu  syzkaller.uq7iOt
id_rsa.pub	 repro.sh		    syzkaller.iVVz3P
[root@test ~]# ./repro
[  192.864976] loop7: detected capacity change from 0 to 65536
[  192.865458] =======================================================
[  192.865458] WARNING: The mand mount option has been deprecated and
[  192.865458]          and is ignored by this kernel. Remove the mand
[  192.865458]          option from the mount to silence this warning.
[  192.865458] =======================================================
[  192.872032] XFS: ikeep mount option is deprecated.
[  192.877907] loop2: detected capacity change from 0 to 65536
[  192.878323] XFS: ikeep mount option is deprecated.
[  192.898794] loop6: detected capacity change from 0 to 65536
[  192.900354] XFS: ikeep mount option is deprecated.
[  192.908112] loop4: detected capacity change from 0 to 65536
[  192.909126] XFS: ikeep mount option is deprecated.
[  192.910219] XFS (loop7): Deprecated V4 format (crc=0) will not be supported after September 2030.
[  192.910639] XFS (loop7): DAX unsupported by block device. Turning off DAX.
[  192.911339] XFS (loop7): Mounting V4 Filesystem 86ecfda0-089a-461f-b078-1b43afedebc1
[  192.915818] loop0: detected capacity change from 0 to 65536
[  192.915912] loop3: detected capacity change from 0 to 65536
[  192.916244] XFS: ikeep mount option is deprecated.
[  192.916456] XFS: ikeep mount option is deprecated.
[  192.917171] XFS (loop2): DAX unsupported by block device. Turning off DAX.
[  192.917578] XFS (loop2): Mounting V4 Filesystem 86ecfda0-089a-461f-b078-1b43afedebc1
[  192.921921] XFS (loop7): totally zeroed log
[  192.922518] XFS (loop7): Ending clean mount
[  192.923247] XFS (loop7): Quotacheck needed: Please wait.
[  192.926540] XFS (loop6): DAX unsupported by block device. Turning off DAX.
[  192.927244] XFS (loop6): Mounting V4 Filesystem 86ecfda0-089a-461f-b078-1b43afedebc1
[  192.927250] repro: attempt to access beyond end of device
[  192.927250] loop7: rw=432129, sector=65535, nr_sectors = 16 limit=65536
[  192.928147] XFS (loop7): log I/O error -5
[  192.928362] XFS (loop7): Filesystem has been shut down due to log error (0x2).
[  192.928664] XFS (loop7): Please unmount the filesystem and rectify the problem(s).
[  192.929402] XFS (loop7): Quotacheck: Unsuccessful (Error -5): Disabling quotas.
[  192.929431] XFS (loop2): totally zeroed log
[  192.929772] xfs filesystem being mounted at /root/syzkaller.2e0D20/0/file0 supports timestamps until 2038 (0x7fffffff)
[  192.930091] XFS (loop2): Ending clean mount
[  192.930671] XFS (loop2): Quotacheck needed: Please wait.
[  192.933897] repro: attempt to access beyond end of device
[  192.933897] loop2: rw=432129, sector=65535, nr_sectors = 16 limit=65536
[  192.934414] XFS (loop2): log I/O error -5
[  192.934606] XFS (loop2): Filesystem has been shut down due to log error (0x2).
[  192.934899] XFS (loop2): Please unmount the filesystem and rectify the problem(s).
[  192.935407] XFS (loop2): Quotacheck: Unsuccessful (Error -5): Disabling quotas.
[  192.935740] xfs filesystem being mounted at /root/syzkaller.fIIL2o/0/file0 supports timestamps until 2038 (0x7fffffff)
[  192.937902] XFS (loop2): Unmounting Filesystem 86ecfda0-089a-461f-b078-1b43afedebc1
[  192.941222] XFS (loop7): Unmounting Filesystem 86ecfda0-089a-461f-b078-1b43afedebc1
[  192.948455] loop5: detected capacity change from 0 to 65536
[  192.948853] XFS: ikeep mount option is deprecated.
[  192.953618] XFS (loop4): DAX unsupported by block device. Turning off DAX.
[  192.953984] XFS (loop4): Mounting V4 Filesystem 86ecfda0-089a-461f-b078-1b43afedebc1
[  192.955948] loop1: detected capacity change from 0 to 65536
[  192.956374] XFS: ikeep mount option is deprecated.
[  192.956519] XFS (loop0): DAX unsupported by block device. Turning off DAX.
[  192.956973] XFS (loop0): Mounting V4 Filesystem 86ecfda0-089a-461f-b078-1b43afedebc1
[  192.958494] XFS (loop6): totally zeroed log
[  192.958863] XFS (loop6): Ending clean mount
[  192.960004] XFS (loop6): Quotacheck needed: Please wait.
[  192.961603] repro: attempt to access beyond end of device
[  192.961603] loop6: rw=432129, sector=65535, nr_sectors = 16 limit=65536
[  192.962125] XFS (loop6): log I/O error -5
[  192.962316] XFS (loop6): Filesystem has been shut down due to log error (0x2).
[  192.962610] XFS (loop6): Please unmount the filesystem and rectify the problem(s).
[  192.963154] XFS (loop6): Quotacheck: Unsuccessful (Error -5): Disabling quotas.
[  192.963482] xfs filesystem being mounted at /root/syzkaller.TRJkoZ/0/file0 supports timestamps until 2038 (0x7fffffff)
[  192.967528] XFS (loop6): Unmounting Filesystem 86ecfda0-089a-461f-b078-1b43afedebc1
[  192.974320] XFS (loop3): DAX unsupported by block device. Turning off DAX.
[  192.974728] XFS (loop3): Mounting V4 Filesystem 86ecfda0-089a-461f-b078-1b43afedebc1
[  192.981482] XFS (loop4): totally zeroed log
[  192.981821] XFS (loop4): Ending clean mount
[  192.982146] XFS (loop4): Quotacheck needed: Please wait.
[  192.985217] repro: attempt to access beyond end of device
[  192.985217] loop4: rw=432129, sector=65535, nr_sectors = 16 limit=65536
[  192.985742] XFS (loop4): log I/O error -5
[  192.985934] XFS (loop4): Filesystem has been shut down due to log error (0x2).
[  192.986226] XFS (loop4): Please unmount the filesystem and rectify the problem(s).
[  192.986748] XFS (loop0): totally zeroed log
[  192.987135] XFS (loop0): Ending clean mount
[  192.987485] XFS (loop0): Quotacheck needed: Please wait.
[  192.988965] repro: attempt to access beyond end of device
[  192.988965] loop0: rw=432129, sector=65535, nr_sectors = 16 limit=65536
[  192.989479] XFS (loop0): log I/O error -5
[  192.989671] XFS (loop0): Filesystem has been shut down due to log error (0x2).
[  192.989972] XFS (loop0): Please unmount the filesystem and rectify the problem(s).
[  192.990461] XFS (loop4): Quotacheck: Unsuccessful (Error -5): Disabling quotas.
[  192.990790] xfs filesystem being mounted at /root/syzkaller.ju9NUO/0/file0 supports timestamps until 2038 (0x7fffffff)
[  192.992526] XFS (loop4): Unmounting Filesystem 86ecfda0-089a-461f-b078-1b43afedebc1
[  192.992587] XFS (loop0): Quotacheck: Unsuccessful (Error -5): Disabling quotas.
[  192.993191] xfs filesystem being mounted at /root/syzkaller.uXhAhf/0/file0 supports timestamps until 2038 (0x7fffffff)
[  192.996812] XFS (loop0): Unmounting Filesystem 86ecfda0-089a-461f-b078-1b43afedebc1
[  193.004970] XFS (loop5): DAX unsupported by block device. Turning off DAX.
[  193.005337] XFS (loop5): Mounting V4 Filesystem 86ecfda0-089a-461f-b078-1b43afedebc1
[  193.006904] XFS (loop3): totally zeroed log
[  193.007903] XFS (loop3): Ending clean mount
[  193.008227] XFS (loop3): Quotacheck needed: Please wait.
[  193.009702] repro: attempt to access beyond end of device
[  193.009702] loop3: rw=432129, sector=65535, nr_sectors = 16 limit=65536
[  193.010212] XFS (loop3): log I/O error -5
[  193.010410] XFS (loop3): Filesystem has been shut down due to log error (0x2).
[  193.010703] XFS (loop3): Please unmount the filesystem and rectify the problem(s).
[  193.011489] XFS (loop3): Quotacheck: Unsuccessful (Error -5): Disabling quotas.
[  193.011826] xfs filesystem being mounted at /root/syzkaller.KfBl6t/0/file0 supports timestamps until 2038 (0x7fffffff)
[  193.017315] XFS (loop1): DAX unsupported by block device. Turning off DAX.
[  193.017721] XFS (loop3): Unmounting Filesystem 86ecfda0-089a-461f-b078-1b43afedebc1
[  193.018143] XFS (loop1): Mounting V4 Filesystem 86ecfda0-089a-461f-b078-1b43afedebc1
[  193.038468] XFS (loop5): totally zeroed log
[  193.038683] XFS (loop1): totally zeroed log
[  193.044975] XFS (loop5): Ending clean mount
[  193.045234] XFS (loop1): Ending clean mount
[  193.045526] XFS (loop5): Quotacheck needed: Please wait.
[  193.045850] XFS (loop1): Quotacheck needed: Please wait.
[  193.064681] repro: attempt to access beyond end of device
[  193.064681] loop5: rw=432129, sector=65535, nr_sectors = 16 limit=65536
[  193.065198] XFS (loop5): log I/O error -5
[  193.065390] XFS (loop5): Filesystem has been shut down due to log error (0x2).
[  193.065682] XFS (loop5): Please unmount the filesystem and rectify the problem(s).
[  193.066077] repro: attempt to access beyond end of device
[  193.066077] loop1: rw=432129, sector=65535, nr_sectors = 16 limit=65536
[  193.066575] XFS (loop1): log I/O error -5
[  193.066761] XFS (loop1): Filesystem has been shut down due to log error (0x2).
[  193.067152] XFS (loop1): Please unmount the filesystem and rectify the problem(s).
[  193.069916] XFS (loop5): Quotacheck: Unsuccessful (Error -5): Disabling quotas.
[  193.070254] xfs filesystem being mounted at /root/syzkaller.G7vfvS/0/file0 supports timestamps until 2038 (0x7fffffff)
[  193.071333] XFS (loop1): Quotacheck: Unsuccessful (Error -5): Disabling quotas.
[  193.071710] xfs filesystem being mounted at /root/syzkaller.IhmgVg/0/file0 supports timestamps until 2038 (0x7fffffff)
[  193.072191] XFS (loop5): Unmounting Filesystem 86ecfda0-089a-461f-b078-1b43afedebc1
[  193.073878] XFS (loop1): Unmounting Filesystem 86ecfda0-089a-461f-b078-1b43afedebc1
[  193.484777] loop6: detected capacity change from 0 to 65536
[  193.486276] XFS: ikeep mount option is deprecated.
[  193.522913] XFS (loop6): DAX unsupported by block device. Turning off DAX.
[  193.523305] XFS (loop6): Mounting V4 Filesystem 86ecfda0-089a-461f-b078-1b43afedebc1
[  193.533135] loop2: detected capacity change from 0 to 65536
[  193.534609] XFS: ikeep mount option is deprecated.
[  193.540309] XFS (loop6): totally zeroed log
[  193.540683] XFS (loop6): Ending clean mount
[  193.541049] XFS (loop6): Quotacheck needed: Please wait.
[  193.541060] loop7: detected capacity change from 0 to 65536
[  193.542820] repro: attempt to access beyond end of device
[  193.542820] loop6: rw=432129, sector=65535, nr_sectors = 16 limit=65536
[  193.543351] XFS (loop6): log I/O error -5
[  193.543542] XFS (loop6): Filesystem has been shut down due to log error (0x2).
[  193.543842] XFS (loop6): Please unmount the filesystem and rectify the problem(s).
[  193.544730] XFS (loop6): Quotacheck: Unsuccessful (Error -5): Disabling quotas.
[  193.545067] xfs filesystem being mounted at /root/syzkaller.TRJkoZ/1/file0 supports timestamps until 2038 (0x7fffffff)
[  193.547060] XFS (loop6): Unmounting Filesystem 86ecfda0-089a-461f-b078-1b43afedebc1
[  193.549033] XFS: ikeep mount option is deprecated.
[  193.559491] loop4: detected capacity change from 0 to 65536
[  193.560986] XFS: ikeep mount option is deprecated.
[  193.573755] XFS (loop2): DAX unsupported by block device. Turning off DAX.
[  193.574126] XFS (loop2): Mounting V4 Filesystem 86ecfda0-089a-461f-b078-1b43afedebc1
[  193.584600] loop1: detected capacity change from 0 to 65536
[  193.584991] XFS: ikeep mount option is deprecated.
[  193.585497] XFS (loop4): DAX unsupported by block device. Turning off DAX.
[  193.585856] XFS (loop4): Mounting V4 Filesystem 86ecfda0-089a-461f-b078-1b43afedebc1
[  193.586441] XFS (loop7): DAX unsupported by block device. Turning off DAX.
[  193.586810] XFS (loop7): Mounting V4 Filesystem 86ecfda0-089a-461f-b078-1b43afedebc1
[  193.590446] XFS (loop2): totally zeroed log
[  193.590811] XFS (loop2): Ending clean mount
[  193.592699] XFS (loop2): Quotacheck needed: Please wait.
[  193.595716] repro: attempt to access beyond end of device
[  193.595716] loop2: rw=432129, sector=65535, nr_sectors = 16 limit=65536
[  193.596234] XFS (loop2): log I/O error -5
[  193.596424] XFS (loop2): Filesystem has been shut down due to log error (0x2).
[  193.596731] XFS (loop2): Please unmount the filesystem and rectify the problem(s).
[  193.597431] XFS (loop2): Quotacheck: Unsuccessful (Error -5): Disabling quotas.
[  193.597768] xfs filesystem being mounted at /root/syzkaller.fIIL2o/1/file0 supports timestamps until 2038 (0x7fffffff)
[  193.599284] XFS (loop2): Unmounting Filesystem 86ecfda0-089a-461f-b078-1b43afedebc1
[  193.607952] XFS (loop4): totally zeroed log
[  193.608285] XFS (loop4): Ending clean mount
[  193.608588] XFS (loop4): Quotacheck needed: Please wait.
[  193.608879] loop0: detected capacity change from 0 to 65536
[  193.609267] XFS: ikeep mount option is deprecated.
[  193.610135] XFS (loop4): log I/O error -5
[  193.610352] XFS (loop4): Filesystem has been shut down due to log error (0x2).
[  193.610645] XFS (loop4): Please unmount the filesystem and rectify the problem(s).
[  193.611536] XFS (loop4): Quotacheck: Unsuccessful (Error -5): Disabling quotas.
[  193.611874] xfs filesystem being mounted at /root/syzkaller.ju9NUO/1/file0 supports timestamps until 2038 (0x7fffffff)
[  193.612969] XFS (loop7): totally zeroed log
[  193.613330] XFS (loop7): Ending clean mount
[  193.613836] XFS (loop4): Unmounting Filesystem 86ecfda0-089a-461f-b078-1b43afedebc1
[  193.613875] XFS (loop7): Quotacheck needed: Please wait.
[  193.615715] XFS (loop7): log I/O error -5
[  193.615915] XFS (loop7): Filesystem has been shut down due to log error (0x2).
[  193.616209] XFS (loop7): Please unmount the filesystem and rectify the problem(s).
[  193.616709] XFS (loop7): Quotacheck: Unsuccessful (Error -5): Disabling quotas.
[  193.617040] xfs filesystem being mounted at /root/syzkaller.2e0D20/1/file0 supports timestamps until 2038 (0x7fffffff)
[  193.618446] XFS (loop7): Unmounting Filesystem 86ecfda0-089a-461f-b078-1b43afedebc1
[  193.625412] loop5: detected capacity change from 0 to 65536
[  193.625795] XFS: ikeep mount option is deprecated.
[  193.626284] XFS (loop1): DAX unsupported by block device. Turning off DAX.
[  193.626669] XFS (loop1): Mounting V4 Filesystem 86ecfda0-089a-461f-b078-1b43afedebc1
[  193.635493] XFS (loop0): DAX unsupported by block device. Turning off DAX.
[  193.635872] XFS (loop0): Mounting V4 Filesystem 86ecfda0-089a-461f-b078-1b43afedebc1
[  193.656563] loop3: detected capacity change from 0 to 65536
[  193.656950] XFS: ikeep mount option is deprecated.
[  193.657276] XFS (loop1): totally zeroed log
[  193.657614] XFS (loop1): Ending clean mount
[  193.657919] XFS (loop1): Quotacheck needed: Please wait.
[  193.661636] XFS (loop1): log I/O error -5
[  193.661834] XFS (loop1): Filesystem has been shut down due to log error (0x2).
[  193.662126] XFS (loop1): Please unmount the filesystem and rectify the problem(s).
[  193.662643] XFS (loop1): Quotacheck: Unsuccessful (Error -5): Disabling quotas.
[  193.662977] xfs filesystem being mounted at /root/syzkaller.IhmgVg/1/file0 supports timestamps until 2038 (0x7fffffff)
[  193.665405] XFS (loop1): Unmounting Filesystem 86ecfda0-089a-461f-b078-1b43afedebc1
[  193.672902] XFS (loop0): totally zeroed log
[  193.673318] XFS (loop0): Ending clean mount
[  193.673756] XFS (loop0): Quotacheck needed: Please wait.
[  193.675987] XFS (loop0): log I/O error -5
[  193.676194] XFS (loop0): Filesystem has been shut down due to log error (0x2).
[  193.676490] XFS (loop0): Please unmount the filesystem and rectify the problem(s).
[  193.677049] XFS (loop0): Quotacheck: Unsuccessful (Error -5): Disabling quotas.
[  193.677382] xfs filesystem being mounted at /root/syzkaller.uXhAhf/1/file0 supports timestamps until 2038 (0x7fffffff)
[  193.678107] XFS (loop3): DAX unsupported by block device. Turning off DAX.
[  193.678476] XFS (loop3): Mounting V4 Filesystem 86ecfda0-089a-461f-b078-1b43afedebc1
[  193.681300] XFS (loop0): Unmounting Filesystem 86ecfda0-089a-461f-b078-1b43afedebc1
[  193.697136] XFS (loop5): DAX unsupported by block device. Turning off DAX.
[  193.697524] XFS (loop5): Mounting V4 Filesystem 86ecfda0-089a-461f-b078-1b43afedebc1
[  193.766899] XFS (loop3): totally zeroed log
[  193.767259] XFS (loop3): Ending clean mount
[  193.767573] XFS (loop3): Quotacheck needed: Please wait.
[  193.769096] XFS (loop3): log I/O error -5
[  193.769292] XFS (loop3): Filesystem has been shut down due to log error (0x2).
[  193.769601] XFS (loop3): Please unmount the filesystem and rectify the problem(s).
[  193.770106] XFS (loop3): Quotacheck: Unsuccessful (Error -5): Disabling quotas.
[  193.770432] xfs filesystem being mounted at /root/syzkaller.KfBl6t/1/file0 supports timestamps until 2038 (0x7fffffff)
[  193.773251] XFS (loop5): totally zeroed log
[  193.776933] XFS (loop5): Ending clean mount
[  193.777263] XFS (loop5): Quotacheck needed: Please wait.
[  193.780335] XFS (loop5): log I/O error -5
[  193.780535] XFS (loop5): Filesystem has been shut down due to log error (0x2).
[  193.780832] XFS (loop5): Please unmount the filesystem and rectify the problem(s).
[  193.781329] XFS (loop5): Quotacheck: Unsuccessful (Error -5): Disabling quotas.
[  193.781659] xfs filesystem being mounted at /root/syzkaller.G7vfvS/1/file0 supports timestamps until 2038 (0x7fffffff)
[  193.783870] XFS (loop5): Unmounting Filesystem 86ecfda0-089a-461f-b078-1b43afedebc1
[  193.791355] XFS (loop3): Unmounting Filesystem 86ecfda0-089a-461f-b078-1b43afedebc1
[  193.851548] loop6: detected capacity change from 0 to 65536
[  193.855124] XFS: ikeep mount option is deprecated.
[  193.913027] XFS (loop6): DAX unsupported by block device. Turning off DAX.
[  193.913384] XFS (loop6): Mounting V4 Filesystem 86ecfda0-089a-461f-b078-1b43afedebc1
[  193.928993] XFS (loop6): totally zeroed log
[  193.929361] XFS (loop6): Ending clean mount
[  193.929681] XFS (loop6): Quotacheck needed: Please wait.
[  193.932164] XFS (loop6): log I/O error -5
[  193.932367] XFS (loop6): Filesystem has been shut down due to log error (0x2).
[  193.932680] XFS (loop6): Please unmount the filesystem and rectify the problem(s).
[  193.933184] XFS (loop6): Quotacheck: Unsuccessful (Error -5): Disabling quotas.
[  193.933515] xfs filesystem being mounted at /root/syzkaller.TRJkoZ/2/file0 supports timestamps until 2038 (0x7fffffff)
[  193.936047] XFS (loop6): Unmounting Filesystem 86ecfda0-089a-461f-b078-1b43afedebc1
[  194.040171] loop4: detected capacity change from 0 to 65536
[  194.041630] XFS: ikeep mount option is deprecated.
[  194.091233] XFS (loop4): DAX unsupported by block device. Turning off DAX.
[  194.091592] XFS (loop4): Mounting V4 Filesystem 86ecfda0-089a-461f-b078-1b43afedebc1
[  194.126241] XFS (loop4): totally zeroed log
[  194.126593] XFS (loop4): Ending clean mount
[  194.126933] XFS (loop4): Quotacheck needed: Please wait.
[  194.129467] XFS (loop4): log I/O error -5
[  194.129678] XFS (loop4): Filesystem has been shut down due to log error (0x2).
[  194.130000] XFS (loop4): Please unmount the filesystem and rectify the problem(s).
[  194.130513] XFS (loop4): Quotacheck: Unsuccessful (Error -5): Disabling quotas.
[  194.130846] xfs filesystem being mounted at /root/syzkaller.ju9NUO/2/file0 supports timestamps until 2038 (0x7fffffff)
[  194.136293] XFS (loop4): Unmounting Filesystem 86ecfda0-089a-461f-b078-1b43afedebc1
[  194.280021] loop2: detected capacity change from 0 to 65536
[  194.282571] XFS: ikeep mount option is deprecated.
[  194.307277] loop3: detected capacity change from 0 to 65536
[  194.307660] XFS: ikeep mount option is deprecated.
[  194.323733] loop7: detected capacity change from 0 to 65536
[  194.324138] XFS: ikeep mount option is deprecated.
[  194.341734] XFS (loop2): DAX unsupported by block device. Turning off DAX.
[  194.342114] XFS (loop2): Mounting V4 Filesystem 86ecfda0-089a-461f-b078-1b43afedebc1
[  194.345770] loop0: detected capacity change from 0 to 65536
[  194.346177] XFS: ikeep mount option is deprecated.
[  194.350928] loop1: detected capacity change from 0 to 65536
[  194.351318] XFS: ikeep mount option is deprecated.
[  194.354242] loop5: detected capacity change from 0 to 65536
[  194.354737] XFS: ikeep mount option is deprecated.
[  194.355376] XFS (loop2): totally zeroed log
[  194.355594] XFS (loop3): DAX unsupported by block device. Turning off DAX.
[  194.355969] XFS (loop7): DAX unsupported by block device. Turning off DAX.
[  194.356347] XFS (loop3): Mounting V4 Filesystem 86ecfda0-089a-461f-b078-1b43afedebc1
[  194.356770] XFS (loop7): Mounting V4 Filesystem 86ecfda0-089a-461f-b078-1b43afedebc1
[  194.357188] XFS (loop2): Ending clean mount
[  194.357569] XFS (loop2): Quotacheck needed: Please wait.
[  194.360940] XFS (loop2): log I/O error -5
[  194.361141] XFS (loop2): Filesystem has been shut down due to log error (0x2).
[  194.361436] XFS (loop2): Please unmount the filesystem and rectify the problem(s).
[  194.361937] XFS (loop2): Quotacheck: Unsuccessful (Error -5): Disabling quotas.
[  194.362268] xfs filesystem being mounted at /root/syzkaller.fIIL2o/2/file0 supports timestamps until 2038 (0x7fffffff)
[  194.366483] XFS (loop2): Unmounting Filesystem 86ecfda0-089a-461f-b078-1b43afedebc1
[  194.378174] XFS (loop3): totally zeroed log
[  194.378234] XFS (loop0): DAX unsupported by block device. Turning off DAX.
[  194.378375] XFS (loop7): totally zeroed log
[  194.378744] XFS (loop0): Mounting V4 Filesystem 86ecfda0-089a-461f-b078-1b43afedebc1
[  194.379453] XFS (loop5): DAX unsupported by block device. Turning off DAX.
[  194.379830] XFS (loop5): Mounting V4 Filesystem 86ecfda0-089a-461f-b078-1b43afedebc1
[  194.380330] XFS (loop3): Ending clean mount
[  194.380592] XFS (loop7): Ending clean mount
[  194.380903] XFS (loop3): Quotacheck needed: Please wait.
[  194.381289] XFS (loop7): Quotacheck needed: Please wait.
[  194.384321] XFS (loop3): log I/O error -5
[  194.384909] XFS (loop3): Filesystem has been shut down due to log error (0x2).
[  194.384988] XFS (loop7): log I/O error -5
[  194.385203] XFS (loop3): Please unmount the filesystem and rectify the problem(s).
[  194.385710] XFS (loop7): Filesystem has been shut down due to log error (0x2).
[  194.386007] XFS (loop7): Please unmount the filesystem and rectify the problem(s).
[  194.386599] XFS (loop1): DAX unsupported by block device. Turning off DAX.
[  194.386621] XFS (loop7): Quotacheck: Unsuccessful (Error -5): Disabling quotas.
[  194.387231] xfs filesystem being mounted at /root/syzkaller.2e0D20/2/file0 supports timestamps until 2038 (0x7fffffff)
[  194.391109] XFS (loop3): Quotacheck: Unsuccessful (Error -5): Disabling quotas.
[  194.391153] XFS (loop7): Unmounting Filesystem 86ecfda0-089a-461f-b078-1b43afedebc1
[  194.391444] xfs filesystem being mounted at /root/syzkaller.KfBl6t/2/file0 supports timestamps until 2038 (0x7fffffff)
[  194.392728] XFS (loop1): Mounting V4 Filesystem 86ecfda0-089a-461f-b078-1b43afedebc1
[  194.393623] XFS (loop3): Unmounting Filesystem 86ecfda0-089a-461f-b078-1b43afedebc1
[  194.410384] loop6: detected capacity change from 0 to 65536
[  194.410782] XFS: ikeep mount option is deprecated.
[  194.425214] XFS (loop0): totally zeroed log
[  194.425572] XFS (loop0): Ending clean mount
[  194.425886] XFS (loop0): Quotacheck needed: Please wait.
[  194.427667] XFS (loop0): log I/O error -5
[  194.427875] XFS (loop0): Filesystem has been shut down due to log error (0x2).
[  194.428171] XFS (loop0): Please unmount the filesystem and rectify the problem(s).
[  194.428674] XFS (loop0): Quotacheck: Unsuccessful (Error -5): Disabling quotas.
[  194.429004] xfs filesystem being mounted at /root/syzkaller.uXhAhf/2/file0 supports timestamps until 2038 (0x7fffffff)
[  194.430916] XFS (loop0): Unmounting Filesystem 86ecfda0-089a-461f-b078-1b43afedebc1
[  194.447294] XFS (loop5): totally zeroed log
[  194.447655] XFS (loop5): Ending clean mount
[  194.448015] XFS (loop5): Quotacheck needed: Please wait.
[  194.449647] XFS (loop5): log I/O error -5
[  194.449855] XFS (loop5): Filesystem has been shut down due to log error (0x2).
[  194.450164] XFS (loop5): Please unmount the filesystem and rectify the problem(s).
[  194.450672] XFS (loop5): Quotacheck: Unsuccessful (Error -5): Disabling quotas.
[  194.451006] xfs filesystem being mounted at /root/syzkaller.G7vfvS/2/file0 supports timestamps until 2038 (0x7fffffff)
[  194.453008] XFS (loop5): Unmounting Filesystem 86ecfda0-089a-461f-b078-1b43afedebc1
[  194.470772] XFS (loop1): totally zeroed log
[  194.471720] XFS (loop1): Ending clean mount
[  194.472055] XFS (loop1): Quotacheck needed: Please wait.
[  194.474462] XFS (loop1): log I/O error -5
[  194.474663] XFS (loop1): Filesystem has been shut down due to log error (0x2).
[  194.474965] XFS (loop1): Please unmount the filesystem and rectify the problem(s).
[  194.476861] XFS (loop1): Quotacheck: Unsuccessful (Error -5): Disabling quotas.
[  194.477221] xfs filesystem being mounted at /root/syzkaller.IhmgVg/2/file0 supports timestamps until 2038 (0x7fffffff)
[  194.479362] XFS (loop1): Unmounting Filesystem 86ecfda0-089a-461f-b078-1b43afedebc1
[  194.538760] XFS (loop6): DAX unsupported by block device. Turning off DAX.
[  194.539143] XFS (loop6): Mounting V4 Filesystem 86ecfda0-089a-461f-b078-1b43afedebc1
[  194.546125] XFS (loop6): totally zeroed log
[  194.552590] XFS (loop6): Ending clean mount
[  194.553275] XFS (loop6): Quotacheck needed: Please wait.
[  194.563362] XFS (loop6): log I/O error -5
[  194.563567] XFS (loop6): Filesystem has been shut down due to log error (0x2).
[  194.563897] XFS (loop6): Please unmount the filesystem and rectify the problem(s).
[  194.564422] XFS (loop6): Quotacheck: Unsuccessful (Error -5): Disabling quotas.
[  194.564774] xfs filesystem being mounted at /root/syzkaller.TRJkoZ/3/file0 supports timestamps until 2038 (0x7fffffff)
[  194.566023] XFS (loop6): Unmounting Filesystem 86ecfda0-089a-461f-b078-1b43afedebc1
[  194.647859] loop4: detected capacity change from 0 to 65536
[  194.649875] XFS: ikeep mount option is deprecated.
[  194.715922] XFS (loop4): DAX unsupported by block device. Turning off DAX.
[  194.716275] XFS (loop4): Mounting V4 Filesystem 86ecfda0-089a-461f-b078-1b43afedebc1
[  194.745812] XFS (loop4): totally zeroed log
[  194.746168] XFS (loop4): Ending clean mount
[  194.746565] XFS (loop4): Quotacheck needed: Please wait.
[  194.749782] XFS (loop4): log I/O error -5
[  194.749986] XFS (loop4): Filesystem has been shut down due to log error (0x2).
[  194.750283] XFS (loop4): Please unmount the filesystem and rectify the problem(s).
[  194.750806] XFS (loop4): Quotacheck: Unsuccessful (Error -5): Disabling quotas.
[  194.751149] xfs filesystem being mounted at /root/syzkaller.ju9NUO/3/file0 supports timestamps until 2038 (0x7fffffff)
[  194.755246] XFS (loop4): Unmounting Filesystem 86ecfda0-089a-461f-b078-1b43afedebc1
[  194.795815] loop1: detected capacity change from 0 to 65536
[  194.796218] XFS: ikeep mount option is deprecated.
[  194.842367] XFS (loop1): DAX unsupported by block device. Turning off DAX.
[  194.842731] XFS (loop1): Mounting V4 Filesystem 86ecfda0-089a-461f-b078-1b43afedebc1
[  194.864912] loop7: detected capacity change from 0 to 65536
[  194.865324] XFS: ikeep mount option is deprecated.
[  194.897577] XFS (loop1): totally zeroed log
[  194.897945] XFS (loop1): Ending clean mount
[  194.898308] XFS (loop1): Quotacheck needed: Please wait.
[  194.901449] XFS (loop1): log I/O error -5
[  194.901653] XFS (loop1): Filesystem has been shut down due to log error (0x2).
[  194.901954] XFS (loop1): Please unmount the filesystem and rectify the problem(s).
[  194.902488] XFS (loop1): Quotacheck: Unsuccessful (Error -5): Disabling quotas.
[  194.902817] xfs filesystem being mounted at /root/syzkaller.IhmgVg/3/file0 supports timestamps until 2038 (0x7fffffff)
[  194.904250] XFS (loop1): Unmounting Filesystem 86ecfda0-089a-461f-b078-1b43afedebc1
[  194.941902] loop2: detected capacity change from 0 to 65536
[  194.942319] XFS: ikeep mount option is deprecated.
[  194.942808] XFS (loop7): DAX unsupported by block device. Turning off DAX.
[  194.944888] XFS (loop7): Mounting V4 Filesystem 86ecfda0-089a-461f-b078-1b43afedebc1
[  194.965601] XFS (loop2): DAX unsupported by block device. Turning off DAX.
[  194.965964] XFS (loop2): Mounting V4 Filesystem 86ecfda0-089a-461f-b078-1b43afedebc1
[  194.967676] XFS (loop7): totally zeroed log
[  194.968046] XFS (loop7): Ending clean mount
[  194.968451] XFS (loop7): Quotacheck needed: Please wait.
[  194.969747] loop3: detected capacity change from 0 to 65536
[  194.970854] XFS (loop7): log I/O error -5
[  194.971165] XFS (loop7): Filesystem has been shut down due to log error (0x2).
[  194.971463] XFS (loop7): Please unmount the filesystem and rectify the problem(s).
[  194.972497] XFS (loop7): Quotacheck: Unsuccessful (Error -5): Disabling quotas.
[  194.972837] xfs filesystem being mounted at /root/syzkaller.2e0D20/3/file0 supports timestamps until 2038 (0x7fffffff)
[  194.975003] XFS (loop7): Unmounting Filesystem 86ecfda0-089a-461f-b078-1b43afedebc1
[  194.976104] XFS: ikeep mount option is deprecated.
[  194.997850] XFS (loop2): totally zeroed log
[  194.998251] XFS (loop2): Ending clean mount
[  194.998590] XFS (loop2): Quotacheck needed: Please wait.
[  195.001254] XFS (loop2): log I/O error -5
[  195.001448] XFS (loop2): Filesystem has been shut down due to log error (0x2).
[  195.001742] XFS (loop2): Please unmount the filesystem and rectify the problem(s).
[  195.002244] XFS (loop2): Quotacheck: Unsuccessful (Error -5): Disabling quotas.
[  195.002578] xfs filesystem being mounted at /root/syzkaller.fIIL2o/3/file0 supports timestamps until 2038 (0x7fffffff)
[  195.004601] XFS (loop2): Unmounting Filesystem 86ecfda0-089a-461f-b078-1b43afedebc1
[  195.038074] loop0: detected capacity change from 0 to 65536
[  195.040474] XFS (loop3): DAX unsupported by block device. Turning off DAX.
[  195.040852] XFS (loop3): Mounting V4 Filesystem 86ecfda0-089a-461f-b078-1b43afedebc1
[  195.052065] XFS: ikeep mount option is deprecated.
[  195.076128] XFS (loop3): totally zeroed log
[  195.076478] XFS (loop3): Ending clean mount
[  195.076832] XFS (loop3): Quotacheck needed: Please wait.
[  195.079929] XFS (loop3): log I/O error -5
[  195.080126] XFS (loop3): Filesystem has been shut down due to log error (0x2).
[  195.080419] XFS (loop3): Please unmount the filesystem and rectify the problem(s).
[  195.080955] XFS (loop3): Quotacheck: Unsuccessful (Error -5): Disabling quotas.
[  195.081287] xfs filesystem being mounted at /root/syzkaller.KfBl6t/3/file0 supports timestamps until 2038 (0x7fffffff)
[  195.091276] XFS (loop3): Unmounting Filesystem 86ecfda0-089a-461f-b078-1b43afedebc1
[  195.128766] XFS (loop0): DAX unsupported by block device. Turning off DAX.
[  195.129132] XFS (loop0): Mounting V4 Filesystem 86ecfda0-089a-461f-b078-1b43afedebc1
[  195.131568] loop6: detected capacity change from 0 to 65536
[  195.131985] XFS: ikeep mount option is deprecated.
[  195.145990] loop5: detected capacity change from 0 to 65536
[  195.146385] XFS: ikeep mount option is deprecated.
[  195.182557] XFS (loop5): DAX unsupported by block device. Turning off DAX.
[  195.182909] XFS (loop5): Mounting V4 Filesystem 86ecfda0-089a-461f-b078-1b43afedebc1
[  195.189776] XFS (loop0): totally zeroed log
[  195.190134] XFS (loop0): Ending clean mount
[  195.190465] XFS (loop0): Quotacheck needed: Please wait.
[  195.192766] XFS (loop6): DAX unsupported by block device. Turning off DAX.
[  195.193188] XFS (loop6): Mounting V4 Filesystem 86ecfda0-089a-461f-b078-1b43afedebc1
[  195.193782] XFS (loop0): log I/O error -5
[  195.193986] XFS (loop0): Filesystem has been shut down due to log error (0x2).
[  195.194277] XFS (loop0): Please unmount the filesystem and rectify the problem(s).
[  195.194760] XFS (loop0): Quotacheck: Unsuccessful (Error -5): Disabling quotas.
[  195.195107] xfs filesystem being mounted at /root/syzkaller.uXhAhf/3/file0 supports timestamps until 2038 (0x7fffffff)
[  195.197112] XFS (loop0): Unmounting Filesystem 86ecfda0-089a-461f-b078-1b43afedebc1
[  195.215099] XFS (loop5): totally zeroed log
[  195.215438] XFS (loop5): Ending clean mount
[  195.215753] XFS (loop5): Quotacheck needed: Please wait.
[  195.217296] XFS (loop5): log I/O error -5
[  195.217506] XFS (loop5): Filesystem has been shut down due to log error (0x2).
[  195.217798] XFS (loop5): Please unmount the filesystem and rectify the problem(s).
[  195.218294] XFS (loop5): Quotacheck: Unsuccessful (Error -5): Disabling quotas.
[  195.218621] xfs filesystem being mounted at /root/syzkaller.G7vfvS/3/file0 supports timestamps until 2038 (0x7fffffff)
[  195.220764] XFS (loop5): Unmounting Filesystem 86ecfda0-089a-461f-b078-1b43afedebc1
[  195.251237] XFS (loop6): totally zeroed log
[  195.251624] XFS (loop6): Ending clean mount
[  195.251967] XFS (loop6): Quotacheck needed: Please wait.
[  195.253489] XFS (loop6): log I/O error -5
[  195.253686] XFS (loop6): Filesystem has been shut down due to log error (0x2).
[  195.253989] XFS (loop6): Please unmount the filesystem and rectify the problem(s).
[  195.254491] XFS (loop6): Quotacheck: Unsuccessful (Error -5): Disabling quotas.
[  195.254821] xfs filesystem being mounted at /root/syzkaller.TRJkoZ/4/file0 supports timestamps until 2038 (0x7fffffff)
[  195.257333] XFS (loop6): Unmounting Filesystem 86ecfda0-089a-461f-b078-1b43afedebc1
[  195.304315] loop4: detected capacity change from 0 to 65536
[  195.304723] XFS: ikeep mount option is deprecated.
[  195.388562] XFS (loop4): DAX unsupported by block device. Turning off DAX.
[  195.388920] XFS (loop4): Mounting V4 Filesystem 86ecfda0-089a-461f-b078-1b43afedebc1
[  195.417682] XFS (loop4): totally zeroed log
[  195.418050] XFS (loop4): Ending clean mount
[  195.418390] XFS (loop4): Quotacheck needed: Please wait.
[  195.422204] XFS (loop4): log I/O error -5
[  195.422409] XFS (loop4): Filesystem has been shut down due to log error (0x2).
[  195.422718] XFS (loop4): Please unmount the filesystem and rectify the problem(s).
[  195.423335] XFS (loop4): Quotacheck: Unsuccessful (Error -5): Disabling quotas.
[  195.423667] xfs filesystem being mounted at /root/syzkaller.ju9NUO/4/file0 supports timestamps until 2038 (0x7fffffff)
[  195.425575] XFS (loop4): Unmounting Filesystem 86ecfda0-089a-461f-b078-1b43afedebc1
[  195.501537] loop2: detected capacity change from 0 to 65536
[  195.501943] XFS: ikeep mount option is deprecated.
[  195.504090] loop3: detected capacity change from 0 to 65536
[  195.510854] XFS: ikeep mount option is deprecated.
[  195.516151] XFS (loop2): DAX unsupported by block device. Turning off DAX.
[  195.516539] XFS (loop2): Mounting V4 Filesystem 86ecfda0-089a-461f-b078-1b43afedebc1
[  195.524657] XFS (loop2): totally zeroed log
[  195.525005] XFS (loop2): Ending clean mount
[  195.525325] XFS (loop2): Quotacheck needed: Please wait.
[  195.528359] XFS (loop2): log I/O error -5
[  195.528561] XFS (loop2): Filesystem has been shut down due to log error (0x2).
[  195.528857] XFS (loop2): Please unmount the filesystem and rectify the problem(s).
[  195.529368] XFS (loop2): Quotacheck: Unsuccessful (Error -5): Disabling quotas.
[  195.529697] xfs filesystem being mounted at /root/syzkaller.fIIL2o/4/file0 supports timestamps until 2038 (0x7fffffff)
[  195.532122] XFS (loop2): Unmounting Filesystem 86ecfda0-089a-461f-b078-1b43afedebc1
[  195.551836] XFS (loop3): DAX unsupported by block device. Turning off DAX.
[  195.552253] XFS (loop3): Mounting V4 Filesystem 86ecfda0-089a-461f-b078-1b43afedebc1
[  195.575314] loop7: detected capacity change from 0 to 65536
[  195.575704] XFS: ikeep mount option is deprecated.
[  195.590362] XFS (loop3): totally zeroed log
[  195.590737] XFS (loop3): Ending clean mount
[  195.591217] XFS (loop3): Quotacheck needed: Please wait.
[  195.593639] XFS (loop3): log I/O error -5
[  195.593834] XFS (loop3): Filesystem has been shut down due to log error (0x2).
[  195.594142] XFS (loop3): Please unmount the filesystem and rectify the problem(s).
[  195.594657] XFS (loop3): Quotacheck: Unsuccessful (Error -5): Disabling quotas.
[  195.594997] xfs filesystem being mounted at /root/syzkaller.KfBl6t/4/file0 supports timestamps until 2038 (0x7fffffff)
[  195.596420] XFS (loop3): Unmounting Filesystem 86ecfda0-089a-461f-b078-1b43afedebc1
[  195.610511] loop1: detected capacity change from 0 to 65536
[  195.611119] XFS (loop7): DAX unsupported by block device. Turning off DAX.
[  195.612019] XFS: ikeep mount option is deprecated.
[  195.612243] XFS (loop7): Mounting V4 Filesystem 86ecfda0-089a-461f-b078-1b43afedebc1
[  195.668563] XFS (loop7): totally zeroed log
[  195.668944] XFS (loop7): Ending clean mount
[  195.669274] XFS (loop7): Quotacheck needed: Please wait.
[  195.671680] XFS (loop7): log I/O error -5
[  195.671877] XFS (loop7): Filesystem has been shut down due to log error (0x2).
[  195.672196] XFS (loop7): Please unmount the filesystem and rectify the problem(s).
[  195.672849] XFS (loop7): Quotacheck: Unsuccessful (Error -5): Disabling quotas.
[  195.673184] xfs filesystem being mounted at /root/syzkaller.2e0D20/4/file0 supports timestamps until 2038 (0x7fffffff)
[  195.674364] XFS (loop7): Unmounting Filesystem 86ecfda0-089a-461f-b078-1b43afedebc1
[  195.695582] XFS (loop1): DAX unsupported by block device. Turning off DAX.
[  195.695975] XFS (loop1): Mounting V4 Filesystem 86ecfda0-089a-461f-b078-1b43afedebc1
[  195.724467] XFS (loop1): totally zeroed log
[  195.726205] XFS (loop1): Ending clean mount
[  195.726601] XFS (loop1): Quotacheck needed: Please wait.
[  195.729162] XFS (loop1): log I/O error -5
[  195.729371] XFS (loop1): Filesystem has been shut down due to log error (0x2).
[  195.729699] XFS (loop1): Please unmount the filesystem and rectify the problem(s).
[  195.731191] XFS (loop1): Quotacheck: Unsuccessful (Error -5): Disabling quotas.
[  195.731537] xfs filesystem being mounted at /root/syzkaller.IhmgVg/4/file0 supports timestamps until 2038 (0x7fffffff)
[  195.733426] XFS (loop1): Unmounting Filesystem 86ecfda0-089a-461f-b078-1b43afedebc1
[  195.802401] loop0: detected capacity change from 0 to 65536
[  195.802808] XFS: ikeep mount option is deprecated.
[  195.863514] XFS (loop0): DAX unsupported by block device. Turning off DAX.
[  195.863882] XFS (loop0): Mounting V4 Filesystem 86ecfda0-089a-461f-b078-1b43afedebc1
[  195.869408] loop5: detected capacity change from 0 to 65536
[  195.869794] XFS: ikeep mount option is deprecated.
[  195.870686] loop6: detected capacity change from 0 to 65536
[  195.873352] XFS: ikeep mount option is deprecated.
[  195.889214] XFS (loop0): totally zeroed log
[  195.889569] XFS (loop0): Ending clean mount
[  195.889928] XFS (loop0): Quotacheck needed: Please wait.
[  195.892471] XFS (loop0): log I/O error -5
[  195.892672] XFS (loop0): Filesystem has been shut down due to log error (0x2).
[  195.892977] XFS (loop0): Please unmount the filesystem and rectify the problem(s).
[  195.893467] XFS (loop0): Quotacheck: Unsuccessful (Error -5): Disabling quotas.
[  195.893798] xfs filesystem being mounted at /root/syzkaller.uXhAhf/4/file0 supports timestamps until 2038 (0x7fffffff)
[  195.895740] XFS (loop0): Unmounting Filesystem 86ecfda0-089a-461f-b078-1b43afedebc1
[  195.912929] XFS (loop5): DAX unsupported by block device. Turning off DAX.
[  195.913350] XFS (loop5): Mounting V4 Filesystem 86ecfda0-089a-461f-b078-1b43afedebc1
[  195.921374] XFS (loop6): DAX unsupported by block device. Turning off DAX.
[  195.921741] XFS (loop6): Mounting V4 Filesystem 86ecfda0-089a-461f-b078-1b43afedebc1
[  195.946443] XFS (loop5): totally zeroed log
[  195.946795] XFS (loop5): Ending clean mount
[  195.947260] XFS (loop5): Quotacheck needed: Please wait.
[  195.949680] XFS (loop5): log I/O error -5
[  195.949889] XFS (loop5): Filesystem has been shut down due to log error (0x2).
[  195.950210] XFS (loop5): Please unmount the filesystem and rectify the problem(s).
[  195.950708] XFS (loop5): Quotacheck: Unsuccessful (Error -5): Disabling quotas.
[  195.951125] xfs filesystem being mounted at /root/syzkaller.G7vfvS/4/file0 supports timestamps until 2038 (0x7fffffff)
[  195.954742] XFS (loop5): Unmounting Filesystem 86ecfda0-089a-461f-b078-1b43afedebc1
[  195.961153] XFS (loop6): totally zeroed log
[  195.961563] XFS (loop6): Ending clean mount
[  195.961885] XFS (loop6): Quotacheck needed: Please wait.
[  195.963487] XFS (loop6): log I/O error -5
[  195.963694] XFS (loop6): Filesystem has been shut down due to log error (0x2).
[  195.963986] XFS (loop6): Please unmount the filesystem and rectify the problem(s).
[  195.964522] XFS (loop6): Quotacheck: Unsuccessful (Error -5): Disabling quotas.
[  195.964857] xfs filesystem being mounted at /root/syzkaller.TRJkoZ/5/file0 supports timestamps until 2038 (0x7fffffff)
[  195.966028] XFS (loop6): Unmounting Filesystem 86ecfda0-089a-461f-b078-1b43afedebc1
[  196.057983] loop2: detected capacity change from 0 to 65536
[  196.058394] XFS: ikeep mount option is deprecated.
[  196.119598] loop7: detected capacity change from 0 to 65536
[  196.119646] XFS (loop2): DAX unsupported by block device. Turning off DAX.
[  196.119999] XFS: ikeep mount option is deprecated.
[  196.120209] XFS (loop2): Mounting V4 Filesystem 86ecfda0-089a-461f-b078-1b43afedebc1
[  196.138806] XFS (loop2): totally zeroed log
[  196.139242] XFS (loop2): Ending clean mount
[  196.139601] XFS (loop2): Quotacheck needed: Please wait.
[  196.142572] XFS (loop2): log I/O error -5
[  196.142775] XFS (loop2): Filesystem has been shut down due to log error (0x2).
[  196.143090] XFS (loop2): Please unmount the filesystem and rectify the problem(s).
[  196.143834] XFS (loop2): Quotacheck: Unsuccessful (Error -5): Disabling quotas.
[  196.144169] xfs filesystem being mounted at /root/syzkaller.fIIL2o/5/file0 supports timestamps until 2038 (0x7fffffff)
[  196.146421] XFS (loop2): Unmounting Filesystem 86ecfda0-089a-461f-b078-1b43afedebc1
[  196.152631] loop4: detected capacity change from 0 to 65536
[  196.158442] XFS: ikeep mount option is deprecated.
[  196.184791] XFS (loop7): DAX unsupported by block device. Turning off DAX.
[  196.185155] XFS (loop7): Mounting V4 Filesystem 86ecfda0-089a-461f-b078-1b43afedebc1
[  196.200718] XFS (loop7): totally zeroed log
[  196.201077] XFS (loop4): DAX unsupported by block device. Turning off DAX.
[  196.201454] XFS (loop4): Mounting V4 Filesystem 86ecfda0-089a-461f-b078-1b43afedebc1
[  196.201931] XFS (loop7): Ending clean mount
[  196.202260] XFS (loop7): Quotacheck needed: Please wait.
[  196.205826] XFS (loop7): log I/O error -5
[  196.206019] XFS (loop7): Filesystem has been shut down due to log error (0x2).
[  196.206324] XFS (loop7): Please unmount the filesystem and rectify the problem(s).
[  196.206841] XFS (loop7): Quotacheck: Unsuccessful (Error -5): Disabling quotas.
[  196.207185] xfs filesystem being mounted at /root/syzkaller.2e0D20/5/file0 supports timestamps until 2038 (0x7fffffff)
[  196.208419] XFS (loop7): Unmounting Filesystem 86ecfda0-089a-461f-b078-1b43afedebc1
[  196.212529] loop3: detected capacity change from 0 to 65536
[  196.214002] XFS: ikeep mount option is deprecated.
[  196.216948] XFS (loop4): totally zeroed log
[  196.217311] XFS (loop4): Ending clean mount
[  196.217642] XFS (loop4): Quotacheck needed: Please wait.
[  196.219698] XFS (loop4): log I/O error -5
[  196.219905] XFS (loop4): Filesystem has been shut down due to log error (0x2).
[  196.220198] XFS (loop4): Please unmount the filesystem and rectify the problem(s).
[  196.223243] XFS (loop4): Quotacheck: Unsuccessful (Error -5): Disabling quotas.
[  196.223578] xfs filesystem being mounted at /root/syzkaller.ju9NUO/5/file0 supports timestamps until 2038 (0x7fffffff)
[  196.226698] XFS (loop4): Unmounting Filesystem 86ecfda0-089a-461f-b078-1b43afedebc1
[  196.251288] XFS (loop3): DAX unsupported by block device. Turning off DAX.
[  196.251640] XFS (loop3): Mounting V4 Filesystem 86ecfda0-089a-461f-b078-1b43afedebc1
[  196.273881] XFS (loop3): totally zeroed log
[  196.274301] XFS (loop3): Ending clean mount
[  196.274640] XFS (loop3): Quotacheck needed: Please wait.
[  196.277774] XFS (loop3): log I/O error -5
[  196.277985] XFS (loop3): Filesystem has been shut down due to log error (0x2).
[  196.278280] XFS (loop3): Please unmount the filesystem and rectify the problem(s).
[  196.278796] XFS (loop3): Quotacheck: Unsuccessful (Error -5): Disabling quotas.
[  196.279152] xfs filesystem being mounted at /root/syzkaller.KfBl6t/5/file0 supports timestamps until 2038 (0x7fffffff)
[  196.280941] XFS (loop3): Unmounting Filesystem 86ecfda0-089a-461f-b078-1b43afedebc1
[  196.351544] loop5: detected capacity change from 0 to 65536
[  196.351960] XFS: ikeep mount option is deprecated.
[  196.374579] loop1: detected capacity change from 0 to 65536
[  196.374954] XFS: ikeep mount option is deprecated.
[  196.402883] XFS (loop5): DAX unsupported by block device. Turning off DAX.
[  196.403291] XFS (loop5): Mounting V4 Filesystem 86ecfda0-089a-461f-b078-1b43afedebc1
[  196.410677] XFS (loop5): totally zeroed log
[  196.411054] XFS (loop5): Ending clean mount
[  196.411566] XFS (loop5): Quotacheck needed: Please wait.
[  196.413345] XFS (loop5): log I/O error -5
[  196.413560] XFS (loop5): Filesystem has been shut down due to log error (0x2).
[  196.413851] XFS (loop5): Please unmount the filesystem and rectify the problem(s).
[  196.414365] XFS (loop5): Quotacheck: Unsuccessful (Error -5): Disabling quotas.
[  196.414695] xfs filesystem being mounted at /root/syzkaller.G7vfvS/5/file0 supports timestamps until 2038 (0x7fffffff)
[  196.416699] XFS (loop5): Unmounting Filesystem 86ecfda0-089a-461f-b078-1b43afedebc1
[  196.426728] XFS (loop1): DAX unsupported by block device. Turning off DAX.
[  196.427109] XFS (loop1): Mounting V4 Filesystem 86ecfda0-089a-461f-b078-1b43afedebc1
[  196.447792] XFS (loop1): totally zeroed log
[  196.448153] XFS (loop1): Ending clean mount
[  196.448492] XFS (loop1): Quotacheck needed: Please wait.
[  196.450173] XFS (loop1): log I/O error -5
[  196.450373] XFS (loop1): Filesystem has been shut down due to log error (0x2).
[  196.450669] XFS (loop1): Please unmount the filesystem and rectify the problem(s).
[  196.451402] XFS (loop1): Quotacheck: Unsuccessful (Error -5): Disabling quotas.
[  196.451738] xfs filesystem being mounted at /root/syzkaller.IhmgVg/5/file0 supports timestamps until 2038 (0x7fffffff)
[  196.453519] XFS (loop1): Unmounting Filesystem 86ecfda0-089a-461f-b078-1b43afedebc1
[  196.519016] loop7: detected capacity change from 0 to 65536
[  196.519439] XFS: ikeep mount option is deprecated.
[  196.530458] XFS (loop7): DAX unsupported by block device. Turning off DAX.
[  196.530825] XFS (loop7): Mounting V4 Filesystem 86ecfda0-089a-461f-b078-1b43afedebc1
[  196.552965] XFS (loop7): totally zeroed log
[  196.553302] XFS (loop7): Ending clean mount
[  196.553630] XFS (loop7): Quotacheck needed: Please wait.
[  196.560016] XFS (loop7): log I/O error -5
[  196.560229] XFS (loop7): Filesystem has been shut down due to log error (0x2).
[  196.560530] XFS (loop7): Please unmount the filesystem and rectify the problem(s).
[  196.561061] XFS (loop7): Quotacheck: Unsuccessful (Error -5): Disabling quotas.
[  196.561391] xfs filesystem being mounted at /root/syzkaller.2e0D20/6/file0 supports timestamps until 2038 (0x7fffffff)
[  196.563313] XFS (loop7): Unmounting Filesystem 86ecfda0-089a-461f-b078-1b43afedebc1
[  196.647180] loop0: detected capacity change from 0 to 65536
[  196.650799] XFS: ikeep mount option is deprecated.
[  196.665306] loop2: detected capacity change from 0 to 65536
[  196.665677] XFS: ikeep mount option is deprecated.
[  196.703688] loop6: detected capacity change from 0 to 65536
[  196.703788] XFS (loop0): DAX unsupported by block device. Turning off DAX.
[  196.704295] XFS (loop0): Mounting V4 Filesystem 86ecfda0-089a-461f-b078-1b43afedebc1
[  196.704914] XFS: ikeep mount option is deprecated.
[  196.710200] XFS (loop2): DAX unsupported by block device. Turning off DAX.
[  196.710559] XFS (loop2): Mounting V4 Filesystem 86ecfda0-089a-461f-b078-1b43afedebc1
[  196.721167] XFS (loop0): totally zeroed log
[  196.721511] XFS (loop0): Ending clean mount
[  196.721852] XFS (loop0): Quotacheck needed: Please wait.
[  196.723473] XFS (loop0): log I/O error -5
[  196.723675] XFS (loop0): Filesystem has been shut down due to log error (0x2).
[  196.723977] XFS (loop0): Please unmount the filesystem and rectify the problem(s).
[  196.724476] XFS (loop0): Quotacheck: Unsuccessful (Error -5): Disabling quotas.
[  196.724807] xfs filesystem being mounted at /root/syzkaller.uXhAhf/5/file0 supports timestamps until 2038 (0x7fffffff)
[  196.726791] XFS (loop0): Unmounting Filesystem 86ecfda0-089a-461f-b078-1b43afedebc1
[  196.749034] XFS (loop2): totally zeroed log
[  196.749370] XFS (loop6): DAX unsupported by block device. Turning off DAX.
[  196.749764] XFS (loop6): Mounting V4 Filesystem 86ecfda0-089a-461f-b078-1b43afedebc1
[  196.750245] XFS (loop2): Ending clean mount
[  196.750581] XFS (loop2): Quotacheck needed: Please wait.
[  196.752729] XFS (loop2): log I/O error -5
[  196.752932] XFS (loop2): Filesystem has been shut down due to log error (0x2).
[  196.753223] XFS (loop2): Please unmount the filesystem and rectify the problem(s).
[  196.754025] XFS (loop2): Quotacheck: Unsuccessful (Error -5): Disabling quotas.
[  196.754363] xfs filesystem being mounted at /root/syzkaller.fIIL2o/6/file0 supports timestamps until 2038 (0x7fffffff)
[  196.756098] XFS (loop2): Unmounting Filesystem 86ecfda0-089a-461f-b078-1b43afedebc1
[  196.801731] XFS (loop6): totally zeroed log
[  196.802105] XFS (loop6): Ending clean mount
[  196.802463] XFS (loop6): Quotacheck needed: Please wait.
[  196.804924] XFS (loop6): log I/O error -5
[  196.805130] XFS (loop6): Filesystem has been shut down due to log error (0x2).
[  196.805446] XFS (loop6): Please unmount the filesystem and rectify the problem(s).
[  196.805949] XFS (loop6): Quotacheck: Unsuccessful (Error -5): Disabling quotas.
[  196.806276] xfs filesystem being mounted at /root/syzkaller.TRJkoZ/6/file0 supports timestamps until 2038 (0x7fffffff)
[  196.808128] XFS (loop6): Unmounting Filesystem 86ecfda0-089a-461f-b078-1b43afedebc1
[  196.821744] loop4: detected capacity change from 0 to 65536
[  196.823216] XFS: ikeep mount option is deprecated.
[  196.834315] loop3: detected capacity change from 0 to 65536
[  196.834710] XFS: ikeep mount option is deprecated.
[  196.887695] XFS (loop4): DAX unsupported by block device. Turning off DAX.
[  196.891184] XFS (loop4): Mounting V4 Filesystem 86ecfda0-089a-461f-b078-1b43afedebc1
[  196.902684] XFS (loop3): DAX unsupported by block device. Turning off DAX.
[  196.903566] XFS (loop3): Mounting V4 Filesystem 86ecfda0-089a-461f-b078-1b43afedebc1
[  196.925216] XFS (loop4): totally zeroed log
[  196.925555] XFS (loop4): Ending clean mount
[  196.925907] XFS (loop4): Quotacheck needed: Please wait.
[  196.929021] XFS (loop4): log I/O error -5
[  196.929211] XFS (loop4): Filesystem has been shut down due to log error (0x2).
[  196.929505] XFS (loop4): Please unmount the filesystem and rectify the problem(s).
[  196.930021] XFS (loop4): Quotacheck: Unsuccessful (Error -5): Disabling quotas.
[  196.930352] xfs filesystem being mounted at /root/syzkaller.ju9NUO/6/file0 supports timestamps until 2038 (0x7fffffff)
[  196.932312] XFS (loop4): Unmounting Filesystem 86ecfda0-089a-461f-b078-1b43afedebc1
[  196.966585] XFS (loop3): totally zeroed log
[  196.966983] XFS (loop3): Ending clean mount
[  196.974215] XFS (loop3): Quotacheck needed: Please wait.
[  196.975825] XFS (loop3): log I/O error -5
[  196.976034] XFS (loop3): Filesystem has been shut down due to log error (0x2).
[  196.976344] XFS (loop3): Please unmount the filesystem and rectify the problem(s).
[  196.976853] XFS (loop3): Quotacheck: Unsuccessful (Error -5): Disabling quotas.
[  196.977200] xfs filesystem being mounted at /root/syzkaller.KfBl6t/6/file0 supports timestamps until 2038 (0x7fffffff)
[  196.979663] XFS (loop3): Unmounting Filesystem 86ecfda0-089a-461f-b078-1b43afedebc1
[  196.994608] loop1: detected capacity change from 0 to 65536
[  196.995161] XFS: ikeep mount option is deprecated.
[  197.008901] XFS (loop1): DAX unsupported by block device. Turning off DAX.
[  197.009267] XFS (loop1): Mounting V4 Filesystem 86ecfda0-089a-461f-b078-1b43afedebc1
[  197.036424] XFS (loop1): totally zeroed log
[  197.036763] XFS (loop1): Ending clean mount
[  197.037099] XFS (loop1): Quotacheck needed: Please wait.
[  197.040337] XFS (loop1): log I/O error -5
[  197.040536] XFS (loop1): Filesystem has been shut down due to log error (0x2).
[  197.040841] XFS (loop1): Please unmount the filesystem and rectify the problem(s).
[  197.041336] XFS (loop1): Quotacheck: Unsuccessful (Error -5): Disabling quotas.
[  197.041664] xfs filesystem being mounted at /root/syzkaller.IhmgVg/6/file0 supports timestamps until 2038 (0x7fffffff)
[  197.047091] XFS (loop1): Unmounting Filesystem 86ecfda0-089a-461f-b078-1b43afedebc1
[  197.052095] loop7: detected capacity change from 0 to 65536
[  197.056762] XFS: ikeep mount option is deprecated.
[  197.096586] loop5: detected capacity change from 0 to 65536
[  197.096994] XFS: ikeep mount option is deprecated.
[  197.109084] XFS (loop7): DAX unsupported by block device. Turning off DAX.
[  197.109439] XFS (loop7): Mounting V4 Filesystem 86ecfda0-089a-461f-b078-1b43afedebc1
[  197.123057] XFS (loop7): totally zeroed log
[  197.123390] XFS (loop7): Ending clean mount
[  197.123711] XFS (loop7): Quotacheck needed: Please wait.
[  197.126636] XFS (loop7): log I/O error -5
[  197.126826] XFS (loop7): Filesystem has been shut down due to log error (0x2).
[  197.127169] XFS (loop7): Please unmount the filesystem and rectify the problem(s).
[  197.127978] XFS (loop7): Quotacheck: Unsuccessful (Error -5): Disabling quotas.
[  197.128312] xfs filesystem being mounted at /root/syzkaller.2e0D20/7/file0 supports timestamps until 2038 (0x7fffffff)
[  197.131338] XFS (loop7): Unmounting Filesystem 86ecfda0-089a-461f-b078-1b43afedebc1
[  197.155116] XFS (loop5): DAX unsupported by block device. Turning off DAX.
[  197.155506] XFS (loop5): Mounting V4 Filesystem 86ecfda0-089a-461f-b078-1b43afedebc1
[  197.191856] XFS (loop5): totally zeroed log
[  197.192209] XFS (loop5): Ending clean mount
[  197.192523] XFS (loop5): Quotacheck needed: Please wait.
[  197.195813] XFS (loop5): log I/O error -5
[  197.196017] XFS (loop5): Filesystem has been shut down due to log error (0x2).
[  197.196315] XFS (loop5): Please unmount the filesystem and rectify the problem(s).
[  197.196830] XFS (loop5): Quotacheck: Unsuccessful (Error -5): Disabling quotas.
[  197.197163] xfs filesystem being mounted at /root/syzkaller.G7vfvS/6/file0 supports timestamps until 2038 (0x7fffffff)
[  197.199386] XFS (loop5): Unmounting Filesystem 86ecfda0-089a-461f-b078-1b43afedebc1
[  197.374665] loop4: detected capacity change from 0 to 65536
[  197.375169] XFS: ikeep mount option is deprecated.
[  197.383308] loop6: detected capacity change from 0 to 65536
[  197.385876] XFS: ikeep mount option is deprecated.
[  197.415814] XFS (loop4): DAX unsupported by block device. Turning off DAX.
[  197.415815] XFS (loop6): DAX unsupported by block device. Turning off DAX.
[  197.415895] XFS (loop6): Mounting V4 Filesystem 86ecfda0-089a-461f-b078-1b43afedebc1
[  197.416883] XFS (loop4): Mounting V4 Filesystem 86ecfda0-089a-461f-b078-1b43afedebc1
[  197.434920] XFS (loop6): totally zeroed log
[  197.435318] XFS (loop6): Ending clean mount
[  197.435566] XFS (loop4): totally zeroed log
