c[?7l[2J[0mSeaBIOS (version rel-1.16.0-0-gd239552ce722-prebuilt.qemu.org)


iPXE (http://ipxe.org) 00:03.0 CA00 PCI2.10 PnP PMM+7FF91000+7FEF1000 CA00
Press Ctrl-B to configure iPXE (PCI 00:03.0)...                                                                               


Booting from ROM..c[?7l[2J[    0.000000] Linux version 5.12.0-rc2-420623430a70+ (root@984fee00a1f6.jf.intel.com) (gcc (GCC) 8.5.0 20210514 (Red Hat 8.5.0-18), GNU ld version 2.36.1-3.el8) #1 SMP Tue Jan 24 17:38:13 PST 2023
[    0.000000] Command line: console=ttyS0 root=/dev/sda earlyprintk=serial net.ifnames=0
[    0.000000] KERNEL supported cpus:
[    0.000000]   Intel GenuineIntel
[    0.000000]   AMD AuthenticAMD
[    0.000000]   Hygon HygonGenuine
[    0.000000]   Centaur CentaurHauls
[    0.000000]   zhaoxin   Shanghai  
[    0.000000] x86/fpu: Supporting XSAVE feature 0x001: 'x87 floating point registers'
[    0.000000] x86/fpu: Supporting XSAVE feature 0x002: 'SSE registers'
[    0.000000] x86/fpu: Supporting XSAVE feature 0x004: 'AVX registers'
[    0.000000] x86/fpu: Supporting XSAVE feature 0x020: 'AVX-512 opmask'
[    0.000000] x86/fpu: Supporting XSAVE feature 0x040: 'AVX-512 Hi256'
[    0.000000] x86/fpu: Supporting XSAVE feature 0x080: 'AVX-512 ZMM_Hi256'
[    0.000000] x86/fpu: Supporting XSAVE feature 0x200: 'Protection Keys User registers'
[    0.000000] x86/fpu: xstate_offset[2]:  576, xstate_sizes[2]:  256
[    0.000000] x86/fpu: xstate_offset[5]:  832, xstate_sizes[5]:   64
[    0.000000] x86/fpu: xstate_offset[6]:  896, xstate_sizes[6]:  512
[    0.000000] x86/fpu: xstate_offset[7]: 1408, xstate_sizes[7]: 1024
[    0.000000] x86/fpu: xstate_offset[9]: 2432, xstate_sizes[9]:    8
[    0.000000] x86/fpu: Enabled xstate features 0x2e7, context size is 2440 bytes, using 'compacted' format.
[    0.000000] BIOS-provided physical RAM map:
[    0.000000] BIOS-e820: [mem 0x0000000000000000-0x000000000009fbff] usable
[    0.000000] BIOS-e820: [mem 0x000000000009fc00-0x000000000009ffff] reserved
[    0.000000] BIOS-e820: [mem 0x00000000000f0000-0x00000000000fffff] reserved
[    0.000000] BIOS-e820: [mem 0x0000000000100000-0x000000007ffdffff] usable
[    0.000000] BIOS-e820: [mem 0x000000007ffe0000-0x000000007fffffff] reserved
[    0.000000] BIOS-e820: [mem 0x00000000feffc000-0x00000000feffffff] reserved
[    0.000000] BIOS-e820: [mem 0x00000000fffc0000-0x00000000ffffffff] reserved
[    0.000000] printk: bootconsole [earlyser0] enabled
[    0.000000] NX (Execute Disable) protection: active
[    0.000000] SMBIOS 2.8 present.
[    0.000000] DMI: QEMU Standard PC (i440FX + PIIX, 1996), BIOS rel-1.16.0-0-gd239552ce722-prebuilt.qemu.org 04/01/2014
[    0.000000] Hypervisor detected: KVM
[    0.000000] kvm-clock: Using msrs 4b564d01 and 4b564d00
[    0.000000] kvm-clock: cpu 0, msr 5401001, primary cpu clock
[    0.000000] kvm-clock: using sched offset of 338606900 cycles
[    0.000524] clocksource: kvm-clock: mask: 0xffffffffffffffff max_cycles: 0x1cd42e4dffb, max_idle_ns: 881590591483 ns
[    0.002023] tsc: Detected 1700.000 MHz processor
[    0.009194] last_pfn = 0x7ffe0 max_arch_pfn = 0x10000000000
[    0.009765] x86/PAT: Configuration [0-7]: WB  WC  UC- UC  WB  WP  UC- WT  
[    0.015956] found SMP MP-table at [mem 0x000f5ba0-0x000f5baf]
[    0.017433] check: Scanning 1 areas for low memory corruption
[    0.018009] Using GB pages for direct mapping
[    0.019346] ACPI: Early table checksum verification disabled
[    0.019872] ACPI: RSDP 0x00000000000F59C0 000014 (v00 BOCHS )
[    0.020417] ACPI: RSDT 0x000000007FFE1951 000034 (v01 BOCHS  BXPC     00000001 BXPC 00000001)
[    0.021218] ACPI: FACP 0x000000007FFE17FD 000074 (v01 BOCHS  BXPC     00000001 BXPC 00000001)
[    0.022023] ACPI: DSDT 0x000000007FFE0040 0017BD (v01 BOCHS  BXPC     00000001 BXPC 00000001)
[    0.022817] ACPI: FACS 0x000000007FFE0000 000040
[    0.023251] ACPI: APIC 0x000000007FFE1871 000080 (v01 BOCHS  BXPC     00000001 BXPC 00000001)
[    0.024048] ACPI: HPET 0x000000007FFE18F1 000038 (v01 BOCHS  BXPC     00000001 BXPC 00000001)
[    0.024843] ACPI: WAET 0x000000007FFE1929 000028 (v01 BOCHS  BXPC     00000001 BXPC 00000001)
[    0.026462] No NUMA configuration found
[    0.026816] Faking a node at [mem 0x0000000000000000-0x000000007ffdffff]
[    0.027498] NODE_DATA(0) allocated [mem 0x7ffb5000-0x7ffdffff]
[    0.032044] Zone ranges:
[    0.032297]   DMA      [mem 0x0000000000001000-0x0000000000ffffff]
[    0.032868]   DMA32    [mem 0x0000000001000000-0x000000007ffdffff]
[    0.033442]   Normal   empty
[    0.033712]   Device   empty
[    0.033986] Movable zone start for each node
[    0.034379] Early memory node ranges
[    0.034706]   node   0: [mem 0x0000000000001000-0x000000000009efff]
[    0.035282]   node   0: [mem 0x0000000000100000-0x000000007ffdffff]
[    0.036453] Zeroed struct page in unavailable ranges: 130 pages
[    0.036462] Initmem setup node 0 [mem 0x0000000000001000-0x000000007ffdffff]
[    0.044023] ACPI: PM-Timer IO Port: 0x608
[    0.044425] ACPI: LAPIC_NMI (acpi_id[0xff] dfl dfl lint[0x1])
[    0.045003] IOAPIC[0]: apic_id 0, version 17, address 0xfec00000, GSI 0-23
[    0.045649] ACPI: INT_SRC_OVR (bus 0 bus_irq 0 global_irq 2 dfl dfl)
[    0.046241] ACPI: INT_SRC_OVR (bus 0 bus_irq 5 global_irq 5 high level)
[    0.046853] ACPI: INT_SRC_OVR (bus 0 bus_irq 9 global_irq 9 high level)
[    0.047463] ACPI: INT_SRC_OVR (bus 0 bus_irq 10 global_irq 10 high level)
[    0.048088] ACPI: INT_SRC_OVR (bus 0 bus_irq 11 global_irq 11 high level)
[    0.048746] Using ACPI (MADT) for SMP configuration information
[    0.049290] ACPI: HPET id: 0x8086a201 base: 0xfed00000
[    0.049768] TSC deadline timer available
[    0.050135] smpboot: Allowing 2 CPUs, 0 hotplug CPUs
[    0.050607] kvm-guest: KVM setup pv remote TLB flush
[    0.051074] kvm-guest: setup PV sched yield
[    0.051496] PM: hibernation: Registered nosave memory: [mem 0x00000000-0x00000fff]
[    0.052200] PM: hibernation: Registered nosave memory: [mem 0x0009f000-0x0009ffff]
[    0.052896] PM: hibernation: Registered nosave memory: [mem 0x000a0000-0x000effff]
[    0.053590] PM: hibernation: Registered nosave memory: [mem 0x000f0000-0x000fffff]
[    0.054290] [mem 0x80000000-0xfeffbfff] available for PCI devices
[    0.054850] Booting paravirtualized kernel on KVM
[    0.055286] clocksource: refined-jiffies: mask: 0xffffffff max_cycles: 0xffffffff, max_idle_ns: 7645519600211568 ns
[    0.056258] setup_percpu: NR_CPUS:8192 nr_cpumask_bits:2 nr_cpu_ids:2 nr_node_ids:1
[    0.057358] percpu: Embedded 58 pages/cpu s200704 r8192 d28672 u1048576
[    0.058146] kvm-guest: KVM setup async PF for cpu 0
[    0.058599] kvm-guest: stealtime: cpu 0, msr 7da30080
[    0.059074] kvm-guest: PV spinlocks enabled
[    0.059472] PV qspinlock hash table entries: 256 (order: 0, 4096 bytes, linear)
[    0.060163] Built 1 zonelists, mobility grouping on.  Total pages: 515945
[    0.060798] Policy zone: DMA32
[    0.061085] Kernel command line: net.ifnames=0 console=ttyS0 root=/dev/sda earlyprintk=serial net.ifnames=0
[    0.062616] Dentry cache hash table entries: 262144 (order: 9, 2097152 bytes, linear)
[    0.063482] Inode-cache hash table entries: 131072 (order: 8, 1048576 bytes, linear)
[    0.064290] mem auto-init: stack:off, heap alloc:off, heap free:off
[    0.069272] Memory: 1986064K/2096632K available (30736K kernel code, 5183K rwdata, 7508K rodata, 2984K init, 22344K bss, 110368K reserved, 0K cma-reserved)
[    0.070569] random: get_random_u64 called from __kmem_cache_create+0x2f/0x460 with crng_init=0
[    0.070982] SLUB: HWalign=64, Order=0-3, MinObjects=0, CPUs=2, Nodes=1
[    0.072364] kmemleak: Kernel memory leak detector disabled
[    0.072884] ftrace: allocating 63240 entries in 248 pages
[    0.161411] ftrace: allocated 248 pages with 5 groups
[    0.162085] Running RCU self tests
[    0.162403] rcu: Hierarchical RCU implementation.
[    0.162833] rcu: 	RCU lockdep checking is enabled.
[    0.163271] rcu: 	RCU restricting CPUs from NR_CPUS=8192 to nr_cpu_ids=2.
[    0.163892] 	Trampoline variant of Tasks RCU enabled.
[    0.164352] 	Rude variant of Tasks RCU enabled.
[    0.164764] 	Tracing variant of Tasks RCU enabled.
[    0.165200] rcu: RCU calculated value of scheduler-enlistment delay is 25 jiffies.
[    0.165891] rcu: Adjusting geometry for rcu_fanout_leaf=16, nr_cpu_ids=2
[    0.181427] NR_IRQS: 524544, nr_irqs: 440, preallocated irqs: 16
[    0.190792] Console: colour VGA+ 80x25
[    0.191192] printk: console [ttyS0] enabled
[    0.191192] printk: console [ttyS0] enabled
[    0.191973] printk: bootconsole [earlyser0] disabled
[    0.191973] printk: bootconsole [earlyser0] disabled
[    0.192893] Lock dependency validator: Copyright (c) 2006 Red Hat, Inc., Ingo Molnar
[    0.193618] ... MAX_LOCKDEP_SUBCLASSES:  8
[    0.194010] ... MAX_LOCK_DEPTH:          48
[    0.194411] ... MAX_LOCKDEP_KEYS:        8192
[    0.194829] ... CLASSHASH_SIZE:          4096
[    0.195245] ... MAX_LOCKDEP_ENTRIES:     32768
[    0.195670] ... MAX_LOCKDEP_CHAINS:      65536
[    0.196091] ... CHAINHASH_SIZE:          32768
[    0.196512]  memory used by lock dependency info: 6365 kB
[    0.197020]  memory used for stack traces: 4224 kB
[    0.197474]  per task-struct memory footprint: 1920 bytes
[    0.198020] ACPI: Core revision 20210105
[    0.198611] clocksource: hpet: mask: 0xffffffff max_cycles: 0xffffffff, max_idle_ns: 19112604467 ns
[    0.199592] APIC: Switch to symmetric I/O mode setup
[    0.200288] x2apic enabled
[    0.200750] Switched APIC routing to physical x2apic.
[    0.201229] kvm-guest: setup PV IPIs
[    0.202471] ..TIMER: vector=0x30 apic1=0 pin1=2 apic2=-1 pin2=-1
[    0.203060] clocksource: tsc-early: mask: 0xffffffffffffffff max_cycles: 0x1881273ac8e, max_idle_ns: 440795257284 ns
[    0.204082] Calibrating delay loop (skipped) preset value.. 3400.00 BogoMIPS (lpj=6800000)
[    0.204859] pid_max: default: 32768 minimum: 301
[    0.205358] LSM: Security Framework initializing
[    0.205801] Yama: becoming mindful.
[    0.206295] Mount-cache hash table entries: 4096 (order: 3, 32768 bytes, linear)
[    0.206995] Mountpoint-cache hash table entries: 4096 (order: 3, 32768 bytes, linear)
[    0.208953] x86/cpu: User Mode Instruction Prevention (UMIP) activated
[    0.209787] Last level iTLB entries: 4KB 0, 2MB 0, 4MB 0
[    0.210303] Last level dTLB entries: 4KB 0, 2MB 0, 4MB 0, 1GB 0
[    0.210876] Spectre V1 : Mitigation: usercopy/swapgs barriers and __user pointer sanitization
[    0.211677] Spectre V2 : Mitigation: Enhanced IBRS
[    0.212081] Spectre V2 : Spectre v2 / SpectreRSB mitigation: Filling RSB on context switch
[    0.212809] Spectre V2 : mitigation: Enabling conditional Indirect Branch Prediction Barrier
[    0.213551] Speculative Store Bypass: Mitigation: Speculative Store Bypass disabled via prctl and seccomp
[    0.214840] Freeing SMP alternatives memory: 52K
[    0.216976] smpboot: CPU0: Intel(R) Xeon(R) Gold 6414TDX (family: 0x6, model: 0x8f, stepping: 0x6)
[    0.218181] Running RCU-tasks wait API self tests
[    0.320193] Performance Events: Sapphire Rapids events, full-width counters, Intel PMU driver.
[    0.321026] ... version:                2
[    0.321400] ... bit width:              48
[    0.321770] ... generic registers:      8
[    0.322133] ... value mask:             0000ffffffffffff
[    0.322611] ... max period:             00007fffffffffff
[    0.323088] ... fixed-purpose events:   3
[    0.323452] ... event mask:             00000007000000ff
[    0.324228] rcu: Hierarchical SRCU implementation.
[    0.327063] smp: Bringing up secondary CPUs ...
[    0.327875] x86: Booting SMP configuration:
[    0.328095] .... node  #0, CPUs:      #1
[    0.017849] kvm-clock: cpu 1, msr 5401041, secondary cpu clock
[    0.328944] kvm-guest: KVM setup async PF for cpu 1
[    0.329198] kvm-guest: stealtime: cpu 1, msr 7db30080
[    0.329714] smp: Brought up 1 node, 2 CPUs
[    0.329714] smpboot: Max logical packages: 1
[    0.329714] smpboot: Total of 2 processors activated (6800.00 BogoMIPS)
[    0.332801] devtmpfs: initialized
[    0.332801] x86/mm: Memory block size: 128MB
[    0.336111] clocksource: jiffies: mask: 0xffffffff max_cycles: 0xffffffff, max_idle_ns: 7645041785100000 ns
[    0.336982] futex hash table entries: 512 (order: 4, 65536 bytes, linear)
[    0.337828] pinctrl core: initialized pinctrl subsystem
[    0.338824] 
[    0.338969] *************************************************************
[    0.339574] **     NOTICE NOTICE NOTICE NOTICE NOTICE NOTICE NOTICE    **
[    0.340100] **                                                         **
[    0.340090] Callback from call_rcu_tasks_trace() invoked.
[    0.340707] **  IOMMU DebugFS SUPPORT HAS BEEN ENABLED IN THIS KERNEL  **
[    0.340711] **                                                         **
[    0.340715] ** This means that this kernel is built to expose internal **
[    0.343013] ** IOMMU data structures, which may compromise security on **
[    0.343617] ** your system.                                            **
[    0.344078] **                                                         **
[    0.344690] ** If you see this message and you are not debugging the   **
[    0.345296] ** kernel, report this immediately to your vendor!         **
[    0.345901] **                                                         **
[    0.346506] **     NOTICE NOTICE NOTICE NOTICE NOTICE NOTICE NOTICE    **
[    0.347109] *************************************************************
[    0.347769] PM: RTC time: 02:04:05, date: 2023-01-25
[    0.349163] NET: Registered protocol family 16
[    0.350160] DMA: preallocated 256 KiB GFP_KERNEL pool for atomic allocations
[    0.350800] DMA: preallocated 256 KiB GFP_KERNEL|GFP_DMA pool for atomic allocations
[    0.351501] DMA: preallocated 256 KiB GFP_KERNEL|GFP_DMA32 pool for atomic allocations
[    0.352113] audit: initializing netlink subsys (disabled)
[    0.352627] audit: type=2000 audit(1674612245.832:1): state=initialized audit_enabled=0 res=1
[    0.352799] thermal_sys: Registered thermal governor 'fair_share'
[    0.352891] thermal_sys: Registered thermal governor 'bang_bang'
[    0.353445] thermal_sys: Registered thermal governor 'step_wise'
[    0.353984] thermal_sys: Registered thermal governor 'user_space'
[    0.354573] cpuidle: using governor ladder
[    0.355510] cpuidle: using governor menu
[    0.356394] ACPI: bus type PCI registered
[    0.356760] acpiphp: ACPI Hot Plug PCI Controller Driver version: 0.5
[    0.357616] PCI: Using configuration type 1 for base access
[    0.370597] Kprobes globally optimized
[    0.370962] HugeTLB registered 1.00 GiB page size, pre-allocated 0 pages
[    0.372085] HugeTLB registered 2.00 MiB page size, pre-allocated 0 pages
[    0.376490] ACPI: Added _OSI(Module Device)
[    0.376895] ACPI: Added _OSI(Processor Device)
[    0.377297] ACPI: Added _OSI(3.0 _SCP Extensions)
[    0.377722] ACPI: Added _OSI(Processor Aggregator Device)
[    0.378209] ACPI: Added _OSI(Linux-Dell-Video)
[    0.378612] ACPI: Added _OSI(Linux-Lenovo-NV-HDMI-Audio)
[    0.379092] ACPI: Added _OSI(Linux-HPI-Hybrid-Graphics)
[    0.385672] ACPI: 1 ACPI AML tables successfully acquired and loaded
[    0.389412] ACPI: Interpreter enabled
[    0.389832] ACPI: (supports S0 S3 S4 S5)
[    0.390191] ACPI: Using IOAPIC for interrupt routing
[    0.390678] PCI: Using host bridge windows from ACPI; if necessary, use "pci=nocrs" and report a bug
[    0.392173] ACPI: Enabled 2 GPEs in block 00 to 0F
[    0.408378] ACPI: PCI Root Bridge [PCI0] (domain 0000 [bus 00-ff])
[    0.408966] acpi PNP0A03:00: _OSC: OS supports [ASPM ClockPM Segments MSI EDR HPX-Type3]
[    0.409751] acpi PNP0A03:00: fail to add MMCONFIG information, can't access extended PCI configuration space under this bridge.
[    0.412647] acpiphp: Slot [3] registered
[    0.413080] acpiphp: Slot [4] registered
[    0.413505] acpiphp: Slot [5] registered
[    0.413928] acpiphp: Slot [6] registered
[    0.414352] acpiphp: Slot [7] registered
[    0.414775] acpiphp: Slot [8] registered
[    0.415202] acpiphp: Slot [9] registered
[    0.415628] acpiphp: Slot [10] registered
[    0.416058] acpiphp: Slot [11] registered
[    0.416144] acpiphp: Slot [12] registered
[    0.416575] acpiphp: Slot [13] registered
[    0.417011] acpiphp: Slot [14] registered
[    0.417443] acpiphp: Slot [15] registered
[    0.417874] acpiphp: Slot [16] registered
[    0.418304] acpiphp: Slot [17] registered
[    0.418740] acpiphp: Slot [18] registered
[    0.419176] acpiphp: Slot [19] registered
[    0.419607] acpiphp: Slot [20] registered
[    0.420037] acpiphp: Slot [21] registered
[    0.420144] acpiphp: Slot [22] registered
[    0.420578] acpiphp: Slot [23] registered
[    0.421007] acpiphp: Slot [24] registered
[    0.421437] acpiphp: Slot [25] registered
[    0.421865] acpiphp: Slot [26] registered
[    0.422293] acpiphp: Slot [27] registered
[    0.422730] acpiphp: Slot [28] registered
[    0.424141] Callback from call_rcu_tasks_rude() invoked.
[    0.424141] acpiphp: Slot [29] registered
[    0.424142] acpiphp: Slot [30] registered
[    0.424571] acpiphp: Slot [31] registered
[    0.424954] PCI host bridge to bus 0000:00
[    0.425330] pci_bus 0000:00: root bus resource [io  0x0000-0x0cf7 window]
[    0.425944] pci_bus 0000:00: root bus resource [io  0x0d00-0xffff window]
[    0.426557] pci_bus 0000:00: root bus resource [mem 0x000a0000-0x000bffff window]
[    0.427234] pci_bus 0000:00: root bus resource [mem 0x80000000-0xfebfffff window]
[    0.427910] pci_bus 0000:00: root bus resource [mem 0x100000000-0x17fffffff window]
[    0.428082] pci_bus 0000:00: root bus resource [bus 00-ff]
[    0.428639] pci 0000:00:00.0: [8086:1237] type 00 class 0x060000
[    0.431109] pci 0000:00:01.0: [8086:7000] type 00 class 0x060100
[    0.432649] pci 0000:00:01.1: [8086:7010] type 00 class 0x010180
[    0.435037] pci 0000:00:01.1: reg 0x20: [io  0xc040-0xc04f]
[    0.436258] pci 0000:00:01.1: legacy IDE quirk: reg 0x10: [io  0x01f0-0x01f7]
[    0.436903] pci 0000:00:01.1: legacy IDE quirk: reg 0x14: [io  0x03f6]
[    0.437765] pci 0000:00:01.1: legacy IDE quirk: reg 0x18: [io  0x0170-0x0177]
[    0.438414] pci 0000:00:01.1: legacy IDE quirk: reg 0x1c: [io  0x0376]
[    0.439619] pci 0000:00:01.3: [8086:7113] type 00 class 0x068000
[    0.440424] pci 0000:00:01.3: quirk: [io  0x0600-0x063f] claimed by PIIX4 ACPI
[    0.441080] pci 0000:00:01.3: quirk: [io  0x0700-0x070f] claimed by PIIX4 SMB
[    0.442558] pci 0000:00:02.0: [1234:1111] type 00 class 0x030000
[    0.443832] pci 0000:00:02.0: reg 0x10: [mem 0xfd000000-0xfdffffff pref]
[    0.445114] pci 0000:00:02.0: reg 0x18: [mem 0xfebf0000-0xfebf0fff]
[    0.448086] pci 0000:00:02.0: reg 0x30: [mem 0xfebe0000-0xfebeffff pref]
[    0.450381] pci 0000:00:03.0: [8086:100e] type 00 class 0x020000
[    0.451406] pci 0000:00:03.0: reg 0x10: [mem 0xfebc0000-0xfebdffff]
[    0.452307] pci 0000:00:03.0: reg 0x14: [io  0xc000-0xc03f]
[    0.456082] pci 0000:00:03.0: reg 0x30: [mem 0xfeb80000-0xfebbffff pref]
[    0.466429] ACPI: PCI Interrupt Link [LNKA] (IRQs 5 *10 11)
[    0.467336] ACPI: PCI Interrupt Link [LNKB] (IRQs 5 *10 11)
[    0.468275] ACPI: PCI Interrupt Link [LNKC] (IRQs 5 10 *11)
[    0.469149] ACPI: PCI Interrupt Link [LNKD] (IRQs 5 10 *11)
[    0.469843] ACPI: PCI Interrupt Link [LNKS] (IRQs *9)
[    0.472108] iommu: Default domain type: Translated 
[    0.472686] pci 0000:00:02.0: vgaarb: setting as boot VGA device
[    0.472690] pci 0000:00:02.0: vgaarb: VGA device added: decodes=io+mem,owns=io+mem,locks=none
[    0.473457] pci 0000:00:02.0: vgaarb: bridge control possible
[    0.476089] vgaarb: loaded
[    0.477254] SCSI subsystem initialized
[    0.477616] ACPI: bus type USB registered
[    0.477616] usbcore: registered new interface driver usbfs
[    0.477616] usbcore: registered new interface driver hub
[    0.477616] usbcore: registered new device driver usb
[    0.477744] pps_core: LinuxPPS API ver. 1 registered
[    0.478192] pps_core: Software ver. 5.3.6 - Copyright 2005-2007 Rodolfo Giometti <giometti@linux.it>
[    0.479010] PTP clock support registered
[    0.480115] EDAC MC: Ver: 3.0.0
[    0.480815] NetLabel: Initializing
[    0.481137] NetLabel:  domain hash size = 128
[    0.481536] NetLabel:  protocols = UNLABELED CIPSOv4 CALIPSO
[    0.484138] NetLabel:  unlabeled traffic allowed by default
[    0.484697] PCI: Using ACPI for IRQ routing
[    0.484697] hpet0: at MMIO 0xfed00000, IRQs 2, 8, 0
[    0.484697] hpet0: 3 comparators, 64-bit 100.000000 MHz counter
[    0.488098] clocksource: Switched to clocksource kvm-clock
[    0.524193] Callback from call_rcu_tasks() invoked.
[    0.578794] VFS: Disk quotas dquot_6.6.0
[    0.579200] VFS: Dquot-cache hash table entries: 512 (order 0, 4096 bytes)
[    0.580072] pnp: PnP ACPI init
[    0.582176] pnp: PnP ACPI: found 6 devices
[    0.592508] clocksource: acpi_pm: mask: 0xffffff max_cycles: 0xffffff, max_idle_ns: 2085701024 ns
[    0.593628] NET: Registered protocol family 2
[    3.034582] tcp_listen_portaddr_hash hash table entries: 1024 (order: 4, 81920 bytes, linear)
[    3.035477] TCP established hash table entries: 16384 (order: 5, 131072 bytes, linear)
[    3.036360] TCP bind hash table entries: 16384 (order: 8, 1179648 bytes, linear)
[    3.037587] TCP: Hash tables configured (established 16384 bind 16384)
[    3.038275] UDP hash table entries: 1024 (order: 5, 163840 bytes, linear)
[    3.038947] UDP-Lite hash table entries: 1024 (order: 5, 163840 bytes, linear)
[    3.039734] NET: Registered protocol family 1
[    3.040671] RPC: Registered named UNIX socket transport module.
[    3.041216] RPC: Registered udp transport module.
[    3.041643] RPC: Registered tcp transport module.
[    3.042062] RPC: Registered tcp NFSv4.1 backchannel transport module.
[    3.042649] pci_bus 0000:00: resource 4 [io  0x0000-0x0cf7 window]
[    3.043203] pci_bus 0000:00: resource 5 [io  0x0d00-0xffff window]
[    3.043755] pci_bus 0000:00: resource 6 [mem 0x000a0000-0x000bffff window]
[    3.044388] pci_bus 0000:00: resource 7 [mem 0x80000000-0xfebfffff window]
[    3.045002] pci_bus 0000:00: resource 8 [mem 0x100000000-0x17fffffff window]
[    3.045889] pci 0000:00:01.0: PIIX3: Enabling Passive Release
[    3.046410] pci 0000:00:00.0: Limiting direct PCI/PCI transfers
[    3.046958] pci 0000:00:01.0: Activating ISA DMA hang workarounds
[    3.047602] pci 0000:00:02.0: Video device with shadowed ROM at [mem 0x000c0000-0x000dffff]
[    3.048376] PCI: CLS 0 bytes, default 64
[    3.049233] clocksource: tsc: mask: 0xffffffffffffffff max_cycles: 0x1881273ac8e, max_idle_ns: 440795257284 ns
[    3.050199] sgx: There are zero EPC sections.
[    3.051459] check: Scanning for low memory corruption every 60 seconds
[    3.055229] Initialise system trusted keyrings
[    3.055735] Key type blacklist registered
[    3.056356] workingset: timestamp_bits=36 max_order=19 bucket_order=0
[    3.065016] zbud: loaded
[    3.066858] squashfs: version 4.0 (2009/01/31) Phillip Lougher
[    3.068873] NFS: Registering the id_resolver key type
[    3.069351] Key type id_resolver registered
[    3.069741] Key type id_legacy registered
[    3.070196] nfs4filelayout_init: NFSv4 File Layout Driver Registering...
[    3.070814] nfs4flexfilelayout_init: NFSv4 Flexfile Layout Driver Registering...
[    3.071628] fuse: init (API version 7.33)
[    3.072285] SGI XFS with ACLs, security attributes, realtime, quota, no debug enabled
[    3.074223] 9p: Installing v9fs 9p2000 file system support
[    3.082441] Key type asymmetric registered
[    3.082863] Asymmetric key parser 'x509' registered
[    3.083346] Block layer SCSI generic (bsg) driver version 0.4 loaded (major 244)
[    3.084138] io scheduler mq-deadline registered
[    3.084732] io scheduler bfq registered
[    3.085434] shpchp: Standard Hot Plug PCI Controller Driver version: 0.4
[    3.086389] IPMI message handler: version 39.2
[    3.086840] ipmi device interface
[    3.088566] input: Power Button as /devices/LNXSYSTM:00/LNXPWRBN:00/input/input0
[    3.089540] ACPI: button: Power Button [PWRF]
[    3.090881] ERST DBG: ERST support is disabled.
[    3.091790] Serial: 8250/16550 driver, 32 ports, IRQ sharing enabled
[    3.092853] 00:04: ttyS0 at I/O 0x3f8 (irq = 4, base_baud = 115200) is a 16550A
[    3.101718] Linux agpgart interface v0.103
[    3.113387] brd: module loaded
[    3.122292] loop: module loaded
[    3.126336] scsi host0: ata_piix
[    3.127203] scsi host1: ata_piix
[    3.127646] ata1: PATA max MWDMA2 cmd 0x1f0 ctl 0x3f6 bmdma 0xc040 irq 14
[    3.128271] ata2: PATA max MWDMA2 cmd 0x170 ctl 0x376 bmdma 0xc048 irq 15
[    3.129848] libphy: Fixed MDIO Bus: probed
[    3.130495] tun: Universal TUN/TAP device driver, 1.6
[    3.131207] e100: Intel(R) PRO/100 Network Driver
[    3.131630] e100: Copyright(c) 1999-2006 Intel Corporation
[    3.132178] e1000: Intel(R) PRO/1000 Network Driver
[    3.132616] e1000: Copyright (c) 1999-2006 Intel Corporation.
[    3.289040] ata1.00: ATA-7: QEMU HARDDISK, 2.5+, max UDMA/100
[    3.289624] ata1.00: 16777216 sectors, multi 16: LBA48 
[    3.290275] ata2.00: ATAPI: QEMU DVD-ROM, 2.5+, max UDMA/100
[    3.292068] scsi 0:0:0:0: Direct-Access     ATA      QEMU HARDDISK    2.5+ PQ: 0 ANSI: 5
[    3.293619] scsi 0:0:0:0: Attached scsi generic sg0 type 0
[    3.295093] scsi 1:0:0:0: CD-ROM            QEMU     QEMU DVD-ROM     2.5+ PQ: 0 ANSI: 5
[    3.296669] scsi 1:0:0:0: Attached scsi generic sg1 type 5
[    3.297439] sd 0:0:0:0: [sda] 16777216 512-byte logical blocks: (8.59 GB/8.00 GiB)
[    3.298155] sd 0:0:0:0: [sda] Write Protect is off
[    3.298630] sd 0:0:0:0: [sda] Write cache: enabled, read cache: enabled, doesn't support DPO or FUA
[    3.314190] PCI Interrupt Link [LNKC] enabled at IRQ 11
[    3.332241] sd 0:0:0:0: [sda] Attached SCSI disk
[    3.643506] e1000 0000:00:03.0 eth0: (PCI:33MHz:32-bit) 52:54:00:12:34:56
[    3.644176] e1000 0000:00:03.0 eth0: Intel(R) PRO/1000 Network Connection
[    3.644891] e1000e: Intel(R) PRO/1000 Network Driver
[    3.645337] e1000e: Copyright(c) 1999 - 2015 Intel Corporation.
[    3.645935] igb: Intel(R) Gigabit Ethernet Network Driver
[    3.646417] igb: Copyright (c) 2007-2014 Intel Corporation.
[    3.647020] PPP generic driver version 2.4.2
[    3.647991] VFIO - User Level meta-driver version: 0.3
[    3.648561] ehci_hcd: USB 2.0 'Enhanced' Host Controller (EHCI) Driver
[    3.649158] ehci-pci: EHCI PCI platform driver
[    3.649598] ehci-platform: EHCI generic platform driver
[    3.650088] ohci_hcd: USB 1.1 'Open' Host Controller (OHCI) Driver
[    3.650649] ohci-pci: OHCI PCI platform driver
[    3.651076] ohci-platform: OHCI generic platform driver
[    3.651570] uhci_hcd: USB Universal Host Controller Interface driver
[    3.652405] usbcore: registered new interface driver uas
[    3.652947] usbcore: registered new interface driver usb-storage
[    3.653609] i8042: PNP: PS/2 Controller [PNP0303:KBD,PNP0f13:MOU] at 0x60,0x64 irq 1,12
[    3.655078] serio: i8042 KBD port at 0x60,0x64 irq 1
[    3.655567] serio: i8042 AUX port at 0x60,0x64 irq 12
[    3.656438] mousedev: PS/2 mouse device common for all mice
[    3.657904] input: AT Translated Set 2 keyboard as /devices/platform/i8042/serio0/input/input1
[    3.659613] input: VirtualPS/2 VMware VMMouse as /devices/platform/i8042/serio1/input/input4
[    3.660264] rtc_cmos 00:05: RTC can wake from S4
[    3.661309] input: VirtualPS/2 VMware VMMouse as /devices/platform/i8042/serio1/input/input3
[    3.661803] rtc_cmos 00:05: registered as rtc0
[    3.662568] rtc_cmos 00:05: setting system clock to 2023-01-25T02:04:08 UTC (1674612248)
[    3.663431] rtc_cmos 00:05: alarms up to one day, y3k, 242 bytes nvram, hpet irqs
[    3.664144] i2c /dev entries driver
[    3.664613] device-mapper: uevent: version 1.0.3
[    3.665256] device-mapper: ioctl: 4.44.0-ioctl (2021-02-01) initialised: dm-devel@redhat.com
[    3.666015] intel_pstate: CPU model not supported
[    3.666527] sdhci: Secure Digital Host Controller Interface driver
[    3.667076] sdhci: Copyright(c) Pierre Ossman
[    3.667542] sdhci-pltfm: SDHCI platform and OF driver helper
[    3.668133] ledtrig-cpu: registered to indicate activity on CPUs
[    3.668791] drop_monitor: Initializing network drop monitor service
[    3.670397] NET: Registered protocol family 10
[    3.673360] Segment Routing with IPv6
[    3.673751] NET: Registered protocol family 17
[    3.674381] 9pnet: Installing 9P2000 support
[    3.674830] Key type dns_resolver registered
[    3.675979] IPI shorthand broadcast: enabled
[    3.676422] sched_clock: Marking stable (3662524279, 13849105)->(3680948670, -4575286)
[    3.677439] registered taskstats version 1
[    3.677865] Loading compiled-in X.509 certificates
[    3.678502] zswap: loaded using pool lzo/zbud
[    3.679406] Key type ._fscrypt registered
[    3.679776] Key type .fscrypt registered
[    3.680204] Key type fscrypt-provisioning registered
[    3.681294] Key type encrypted registered
[    3.681710] ima: No TPM chip found, activating TPM-bypass!
[    3.682211] ima: Allocated hash algorithm: sha1
[    3.682671] ima: No architecture policies found
[    3.683123] evm: Initialising EVM extended attributes:
[    3.683583] evm: security.selinux
[    3.683887] evm: security.SMACK64
[    3.684214] evm: security.SMACK64EXEC
[    3.684549] evm: security.SMACK64TRANSMUTE
[    3.684923] evm: security.SMACK64MMAP
[    3.685257] evm: security.apparmor
[    3.685573] evm: security.ima
[    3.685845] evm: security.capability
[    3.686171] evm: HMAC attrs: 0x1
[    3.689036] PM:   Magic number: 7:569:56
[    3.689416] input mice: hash matches
[    3.690183] RAS: Correctable Errors collector initialized.
[    3.691653] md: Waiting for all devices to be available before autodetect
[    3.692316] md: If you don't use raid, use raid=noautodetect
[    3.692841] md: Autodetecting RAID arrays.
[    3.693222] md: autorun ...
[    3.693488] md: ... autorun DONE.
[    3.696681] EXT4-fs (sda): INFO: recovery required on readonly filesystem
[    3.697322] EXT4-fs (sda): write access will be enabled during recovery
[    3.743765] random: fast init done
[    3.764425] EXT4-fs (sda): recovery complete
[    3.766002] EXT4-fs (sda): mounted filesystem with ordered data mode. Opts: (null). Quota mode: none.
[    3.766866] VFS: Mounted root (ext4 filesystem) readonly on device 8:0.
[    3.767854] devtmpfs: mounted
[    3.776335] Freeing unused decrypted memory: 2036K
[    3.777885] Freeing unused kernel image (initmem) memory: 2984K
[    3.778473] Write protecting the kernel read-only data: 40960k
[    3.781464] Freeing unused kernel image (text/rodata gap) memory: 2028K
[    3.782494] Freeing unused kernel image (rodata/data gap) memory: 684K
[    3.886117] x86/mm: Checked W+X mappings: passed, no W+X pages found.
[    3.886694] Run /sbin/init as init process
[    3.958420] systemd[1]: RTC configured in localtime, applying delta of 0 minutes to system time.
[    3.980774] systemd[1]: systemd 239 (239-49.el8) running in system mode. (+PAM +AUDIT +SELINUX +IMA -APPARMOR +SMACK +SYSVINIT +UTMP +LIBCRYPTSETUP +GCRYPT +GNUTLS +ACL +XZ +LZ4 +SECCOMP +BLKID +ELFUTILS +KMOD +IDN2 -IDN +PCRE2 default-hierarchy=legacy)
[    3.982915] systemd[1]: Detected virtualization kvm.
[    3.983365] systemd[1]: Detected architecture x86-64.

Welcome to [0;31mCentOS Stream 8[0m!

[    4.003896] systemd[1]: Set hostname to <test>.
[    4.126553] random: lvmconfig: uninitialized urandom read (4 bytes read)
[    4.211505] random: systemd: uninitialized urandom read (16 bytes read)
[    4.212612] systemd[1]: Set up automount Arbitrary Executable File Formats File System Automount Point.
[[0;32m  OK  [0m] Set up automount Arbitrary Executabâ€¦rmats File System Automount Point.
[    4.214285] random: systemd: uninitialized urandom read (16 bytes read)
[    4.215047] systemd[1]: Listening on initctl Compatibility Named Pipe.
[[0;32m  OK  [0m] Listening on initctl Compatibility Named Pipe.
[    4.219481] systemd[1]: Created slice system-serial\x2dgetty.slice.
[[0;32m  OK  [0m] Created slice system-serial\x2dgetty.slice.
[    4.220890] systemd[1]: Listening on udev Control Socket.
[[0;32m  OK  [0m] Listening on udev Control Socket.
[    4.221974] systemd[1]: Listening on multipathd control socket.
[[0;32m  OK  [0m] Listening on multipathd control socket.
[    4.223235] systemd[1]: Listening on Journal Socket (/dev/log).
[[0;32m  OK  [0m] Listening on Journal Socket (/dev/log).
[[0;32m  OK  [0m] Listening on Device-mapper event daemon FIFOs.
[[0;32m  OK  [0m] Listening on udev Kernel Socket.
[[0;32m  OK  [0m] Listening on RPCbind Server Activation Socket.
[[0;32m  OK  [0m] Reached target RPC Port Mapper.
[[0;32m  OK  [0m] Started Forward Password Requests to Wall Directory Watch.
[[0;32m  OK  [0m] Listening on Journal Socket.
         Starting Remount Root and Kernel File Systems...
         Starting Setup Virtual Console...
         Starting Journal Service...
         Starting Monitoring of LVM2 mirrorsâ€¦ng dmeventd or progress polling...
         Mounting Kernel Debug File System...
         Starting udev Coldplug all Devices...
         Mounting POSIX Message Queue File System...
         Mounting Huge Pages File System...
[[0;32m  OK  [0m] Created slice system-sshd\x2dkeygen.slice.
[[0;32m  OK  [0m] Created slice system-getty.slice.
         Starting Load Kernel Modules...
[[0;32m  OK  [0m] Created slice User and Session Slice.
[[0;32m  OK  [0m] Reached target Slices.
[[0;32m  OK  [0m] Listening on LVM2 poll daemon socket.
[[0;32m  OK  [0m] Reached target Swap.
[    4.438616] EXT4-fs (sda): re-mounted. Opts: (null). Quota mode: none.
[[0;32m  OK  [0m] Listening on Process Core Dump Socket.
[[0;32m  OK  [0m] Started Journal Service.
[[0;32m  OK  [0m] Started Remount Root and Kernel File Systems.
[[0;32m  OK  [0m] Mounted Kernel Debug File System.
[[0;32m  OK  [0m] Started Setup Virtual Console.
[[0;32m  OK  [0m] Mounted POSIX Message Queue File System.
[[0;32m  OK  [0m] Mounted Huge Pages File System.
[[0;1;31mFAILED[0m] Failed to start Load Kernel Modules.
See 'systemctl status systemd-modules-load.service' for details.
         Starting Apply Kernel Variables...
         Mounting FUSE Control File System...
         Mounting Kernel Configuration File System...
         Starting Load/Save Random Seed...
         Starting Create Static Device Nodes in /dev...
         Starting Flush Journal to Persistent Storage...
[[0;32m  OK  [0m] Started Apply Kernel Variables.
[[0;32m  OK  [0m] Mounted FUSE Control File System.
[[0;32m  OK  [0m] Mounted Kernel Configuration File System.
[[0;32m  OK  [0m] Started Load/Save Random Seed.
[[0;32m  OK  [0m] Started Create Static Device Nodes in /dev.
         Starting udev Kernel Device Manager...
[[0;32m  OK  [0m] Started Flush Journal to Persistent Storage.
[[0;32m  OK  [0m] Started udev Coldplug all Devices.
         Starting udev Wait for Complete Device Initialization...
[[0;32m  OK  [0m] Started udev Kernel Device Manager.
         Starting Show Plymouth Boot Screen...
[[0;32m  OK  [0m] Started Show Plymouth Boot Screen.
[[0;32m  OK  [0m] Reached target Local Encrypted Volumes.
[[0;32m  OK  [0m] Reached target Paths.
[[0;32m  OK  [0m] Started Forward Password Requests to Plymouth Directory Watch.
[[0;32m  OK  [0m] Found device /dev/ttyS0.
[[0;32m  OK  [0m] Started Monitoring of LVM2 mirrors,â€¦sing dmeventd or progress polling.
[[0;32m  OK  [0m] Started udev Wait for Complete Device Initialization.
[[0;32m  OK  [0m] Listening on Load/Save RF Kill Switch Status /dev/rfkill Watch.
[[0;32m  OK  [0m] Reached target Local File Systems (Pre).
[[0;32m  OK  [0m] Reached target Local File Systems.
         Starting Tell Plymouth To Write Out Runtime Data...
         Starting Restore /run/initramfs on shutdown...
         Starting Create Volatile Files and Directories...
[[0;32m  OK  [0m] Started Tell Plymouth To Write Out Runtime Data.
[[0;32m  OK  [0m] Started Restore /run/initramfs on shutdown.
[[0;32m  OK  [0m] Started Create Volatile Files and Directories.
         Starting RPC Bind...
         Mounting RPC Pipe File System...
         Starting Security Auditing Service...
[[0;32m  OK  [0m] Mounted RPC Pipe File System.
[[0;32m  OK  [0m] Reached target rpc_pipefs.target.
[[0;32m  OK  [0m] Started RPC Bind.
[[0;32m  OK  [0m] Started Security Auditing Service.
         Starting Update UTMP about System Boot/Shutdown...
[[0;32m  OK  [0m] Started Update UTMP about System Boot/Shutdown.
[[0;32m  OK  [0m] Reached target System Initialization.
[[0;32m  OK  [0m] Listening on SSSD Kerberos Cache Manager responder socket.
[[0;32m  OK  [0m] Started Daily Cleanup of Temporary Directories.
[[0;32m  OK  [0m] Started dnf makecache --timer.
[[0;32m  OK  [0m] Listening on D-Bus System Message Bus Socket.
[[0;32m  OK  [0m] Reached target Sockets.
[[0;32m  OK  [0m] Reached target Basic System.
[[0;32m  OK  [0m] Started Machine Check Exception Logging Daemon.
[[0;32m  OK  [0m] Started irqbalance daemon.
         Starting NTP client/server...
         Starting Self Monitoring and Reporting Technology (SMART) Daemon...
         Starting Auto-connect to subsystemsâ€¦-NVME devices found during boot...
         Starting Authorization Manager...
[[0;32m  OK  [0m] Started D-Bus System Message Bus.
         Starting Network Manager...
         Starting Login Service...
[[0;32m  OK  [0m] Started daily update of the root trust anchor for DNSSEC.
[[0;32m  OK  [0m] Reached target Timers.
[[0;32m  OK  [0m] Reached target sshd-keygen.target.
[[0;32m  OK  [0m] Started Auto-connect to subsystems â€¦FC-NVME devices found during boot.
         Starting update of the root trust aâ€¦or DNSSEC validation in unbound...
[[0;32m  OK  [0m] Started Self Monitoring and Reporting Technology (SMART) Daemon.
[[0;32m  OK  [0m] Started Login Service.
[[0;32m  OK  [0m] Started Network Manager.
         Starting Network Manager Wait Online...
[[0;32m  OK  [0m] Reached target Network.
         Starting OpenSSH server daemon...
         Starting GSSAPI Proxy Daemon...
         Starting Dynamic System Tuning Daemon...
[[0;32m  OK  [0m] Started NTP client/server.
         Starting Hostname Service...
[[0;32m  OK  [0m] Started Authorization Manager.
[[0;32m  OK  [0m] Started Hostname Service.
         Starting Network Manager Script Dispatcher Service...
[[0;32m  OK  [0m] Started Network Manager Script Dispatcher Service.
[    6.268363] e1000: eth0 NIC Link is Up 1000 Mbps Full Duplex, Flow Control: RX
[    6.269473] IPv6: ADDRCONF(NETDEV_CHANGE): eth0: link becomes ready
[[0;32m  OK  [0m] Started Dynamic System Tuning Daemon.
[    7.216224] random: crng init done
[    7.216616] random: 7 urandom warning(s) missed due to ratelimiting
[[0;32m  OK  [0m] Started OpenSSH server daemon.
[[0;32m  OK  [0m] Started GSSAPI Proxy Daemon.
[[0;32m  OK  [0m] Reached target NFS client services.
[[0;32m  OK  [0m] Reached target Remote File Systems (Pre).
[[0;32m  OK  [0m] Reached target Remote File Systems.
         Starting Permit User Sessions...
[[0;32m  OK  [0m] Started update of the root trust anâ€¦ for DNSSEC validation in unbound.
[[0;32m  OK  [0m] Started Permit User Sessions.
         Starting Hold until boot process finishes up...
[[0;32m  OK  [0m] Started Command Scheduler.
         Starting Terminate Plymouth Boot Screen...

CentOS Stream 8
Kernel 5.12.0-rc2-420623430a70+ on an x86_64

test login: [  300.192155] INFO: task kworker/u4:3:117 blocked for more than 147 seconds.
[  300.192915]       Not tainted 5.12.0-rc2-420623430a70+ #1
[  300.193403] "echo 0 > /proc/sys/kernel/hung_task_timeout_secs" disables this message.
[  300.194089] task:kworker/u4:3    state:D stack:    0 pid:  117 ppid:     2 flags:0x00004000
[  300.194833] Workqueue: events_unbound io_ring_exit_work
[  300.195318] Call Trace:
[  300.195553]  __schedule+0x455/0xa00
[  300.195884]  ? wait_for_completion+0x8c/0x120
[  300.196309]  schedule+0x55/0xc0
[  300.196604]  schedule_timeout+0x4a3/0x5c0
[  300.196980]  ? mark_held_locks+0x4e/0x80
[  300.197345]  ? _raw_spin_unlock_irq+0x27/0x40
[  300.197747]  ? wait_for_completion+0xb8/0x120
[  300.198145]  ? wait_for_completion+0x8c/0x120
[  300.198544]  ? _raw_spin_unlock_irq+0x27/0x40
[  300.198944]  ? trace_hardirqs_on+0x6a/0x150
[  300.199333]  ? wait_for_completion+0x8c/0x120
[  300.199732]  wait_for_completion+0xc0/0x120
[  300.200130]  io_ring_exit_work+0x192/0x560
[  300.200508]  ? io_uring_del_task_file+0x110/0x110
[  300.200954]  process_one_work+0x3c7/0x8a0
[  300.201331]  worker_thread+0x4e/0x660
[  300.201674]  ? process_one_work+0x8a0/0x8a0
[  300.202058]  kthread+0x17c/0x1a0
[  300.202359]  ? kthread_park+0x110/0x110
[  300.202713]  ret_from_fork+0x1f/0x30
[  300.203077] 
[  300.203077] Showing all locks held in the system:
[  300.203630] 1 lock held by khungtaskd/29:
[  300.203995]  #0: ffffffff83987280 (rcu_read_lock){....}-{1:2}, at: debug_show_all_locks+0x23/0x185
[  300.204820] 2 locks held by kworker/u4:3/117:
[  300.205214]  #0: ff11000005841938 ((wq_completion)events_unbound){+.+.}-{0:0}, at: process_one_work+0x31e/0x8a0
[  300.206120]  #1: ffa0000000827e58 ((work_completion)(&ctx->exit_work)){+.+.}-{0:0}, at: process_one_work+0x31e/0x8a0
[  300.207064] 
[  300.207211] =============================================
[  300.207211] 
[  447.648148] INFO: task kworker/u4:3:117 blocked for more than 294 seconds.
[  447.648838]       Not tainted 5.12.0-rc2-420623430a70+ #1
[  447.649323] "echo 0 > /proc/sys/kernel/hung_task_timeout_secs" disables this message.
[  447.650011] task:kworker/u4:3    state:D stack:    0 pid:  117 ppid:     2 flags:0x00004000
[  447.650758] Workqueue: events_unbound io_ring_exit_work
[  447.651242] Call Trace:
[  447.651475]  __schedule+0x455/0xa00
[  447.651807]  ? wait_for_completion+0x8c/0x120
[  447.652233]  schedule+0x55/0xc0
[  447.652537]  schedule_timeout+0x4a3/0x5c0
[  447.652908]  ? mark_held_locks+0x4e/0x80
[  447.653275]  ? _raw_spin_unlock_irq+0x27/0x40
[  447.653676]  ? wait_for_completion+0xb8/0x120
[  447.654076]  ? wait_for_completion+0x8c/0x120
[  447.654477]  ? _raw_spin_unlock_irq+0x27/0x40
[  447.654878]  ? trace_hardirqs_on+0x6a/0x150
[  447.655269]  ? wait_for_completion+0x8c/0x120
[  447.655668]  wait_for_completion+0xc0/0x120
[  447.656059]  io_ring_exit_work+0x192/0x560
[  447.656456]  ? io_uring_del_task_file+0x110/0x110
[  447.656897]  process_one_work+0x3c7/0x8a0
[  447.657277]  worker_thread+0x4e/0x660
[  447.657620]  ? process_one_work+0x8a0/0x8a0
[  447.658007]  kthread+0x17c/0x1a0
[  447.658310]  ? kthread_park+0x110/0x110
[  447.658665]  ret_from_fork+0x1f/0x30
[  447.659028] 
[  447.659028] Showing all locks held in the system:
[  447.659579] 1 lock held by khungtaskd/29:
[  447.659945]  #0: ffffffff83987280 (rcu_read_lock){....}-{1:2}, at: debug_show_all_locks+0x23/0x185
[  447.660775] 2 locks held by kworker/u4:3/117:
[  447.661171]  #0: ff11000005841938 ((wq_completion)events_unbound){+.+.}-{0:0}, at: process_one_work+0x31e/0x8a0
[  447.662078]  #1: ffa0000000827e58 ((work_completion)(&ctx->exit_work)){+.+.}-{0:0}, at: process_one_work+0x31e/0x8a0
[  447.663026] 
[  447.663172] =============================================
[  447.663172] 
[  595.104130] INFO: task kworker/u4:3:117 blocked for more than 442 seconds.
[  595.104812]       Not tainted 5.12.0-rc2-420623430a70+ #1
[  595.105296] "echo 0 > /proc/sys/kernel/hung_task_timeout_secs" disables this message.
[  595.105983] task:kworker/u4:3    state:D stack:    0 pid:  117 ppid:     2 flags:0x00004000
[  595.106732] Workqueue: events_unbound io_ring_exit_work
[  595.107213] Call Trace:
[  595.107448]  __schedule+0x455/0xa00
[  595.107779]  ? wait_for_completion+0x8c/0x120
[  595.108212]  schedule+0x55/0xc0
[  595.108508]  schedule_timeout+0x4a3/0x5c0
[  595.108879]  ? mark_held_locks+0x4e/0x80
[  595.109245]  ? _raw_spin_unlock_irq+0x27/0x40
[  595.109646]  ? wait_for_completion+0xb8/0x120
[  595.110046]  ? wait_for_completion+0x8c/0x120
[  595.110446]  ? _raw_spin_unlock_irq+0x27/0x40
[  595.110847]  ? trace_hardirqs_on+0x6a/0x150
[  595.111236]  ? wait_for_completion+0x8c/0x120
[  595.111635]  wait_for_completion+0xc0/0x120
[  595.112028]  io_ring_exit_work+0x192/0x560
[  595.112415]  ? io_uring_del_task_file+0x110/0x110
[  595.112856]  process_one_work+0x3c7/0x8a0
[  595.113235]  worker_thread+0x4e/0x660
[  595.113578]  ? process_one_work+0x8a0/0x8a0
[  595.113964]  kthread+0x17c/0x1a0
[  595.114265]  ? kthread_park+0x110/0x110
[  595.114620]  ret_from_fork+0x1f/0x30
[  595.114982] 
[  595.114982] Showing all locks held in the system:
[  595.115536] 1 lock held by khungtaskd/29:
[  595.115901]  #0: ffffffff83987280 (rcu_read_lock){....}-{1:2}, at: debug_show_all_locks+0x23/0x185
[  595.116727] 2 locks held by kworker/u4:3/117:
[  595.117122]  #0: ff11000005841938 ((wq_completion)events_unbound){+.+.}-{0:0}, at: process_one_work+0x31e/0x8a0
[  595.118029]  #1: ffa0000000827e58 ((work_completion)(&ctx->exit_work)){+.+.}-{0:0}, at: process_one_work+0x31e/0x8a0
[  595.118975] 
[  595.119120] =============================================
[  595.119120] 
[  742.560165] INFO: task kworker/u4:3:117 blocked for more than 589 seconds.
[  742.560858]       Not tainted 5.12.0-rc2-420623430a70+ #1
[  742.561346] "echo 0 > /proc/sys/kernel/hung_task_timeout_secs" disables this message.
[  742.562036] task:kworker/u4:3    state:D stack:    0 pid:  117 ppid:     2 flags:0x00004000
[  742.562782] Workqueue: events_unbound io_ring_exit_work
[  742.563267] Call Trace:
[  742.563501]  __schedule+0x455/0xa00
[  742.563846]  ? wait_for_completion+0x8c/0x120
[  742.564273]  schedule+0x55/0xc0
[  742.564570]  schedule_timeout+0x4a3/0x5c0
[  742.564944]  ? mark_held_locks+0x4e/0x80
[  742.565311]  ? _raw_spin_unlock_irq+0x27/0x40
[  742.565713]  ? wait_for_completion+0xb8/0x120
[  742.566113]  ? wait_for_completion+0x8c/0x120
[  742.566513]  ? _raw_spin_unlock_irq+0x27/0x40
[  742.566914]  ? trace_hardirqs_on+0x6a/0x150
[  742.567305]  ? wait_for_completion+0x8c/0x120
[  742.567706]  wait_for_completion+0xc0/0x120
[  742.568107]  io_ring_exit_work+0x192/0x560
[  742.568489]  ? io_uring_del_task_file+0x110/0x110
[  742.568930]  process_one_work+0x3c7/0x8a0
[  742.569309]  worker_thread+0x4e/0x660
[  742.569651]  ? process_one_work+0x8a0/0x8a0
[  742.570035]  kthread+0x17c/0x1a0
[  742.570338]  ? kthread_park+0x110/0x110
[  742.570694]  ret_from_fork+0x1f/0x30
[  742.571055] 
[  742.571055] Showing all locks held in the system:
[  742.571607] 1 lock held by khungtaskd/29:
[  742.571971]  #0: ffffffff83987280 (rcu_read_lock){....}-{1:2}, at: debug_show_all_locks+0x23/0x185
[  742.572802] 2 locks held by kworker/u4:3/117:
[  742.573200]  #0: ff11000005841938 ((wq_completion)events_unbound){+.+.}-{0:0}, at: process_one_work+0x31e/0x8a0
[  742.574116]  #1: ffa0000000827e58 ((work_completion)(&ctx->exit_work)){+.+.}-{0:0}, at: process_one_work+0x31e/0x8a0
[  742.575072] 
[  742.575218] =============================================
[  742.575218] 
[  890.016236] INFO: task kworker/u4:3:117 blocked for more than 737 seconds.
[  890.016928]       Not tainted 5.12.0-rc2-420623430a70+ #1
[  890.017418] "echo 0 > /proc/sys/kernel/hung_task_timeout_secs" disables this message.
[  890.018113] task:kworker/u4:3    state:D stack:    0 pid:  117 ppid:     2 flags:0x00004000
[  890.018866] Workqueue: events_unbound io_ring_exit_work
[  890.019354] Call Trace:
[  890.019603]  __schedule+0x455/0xa00
[  890.019937]  ? wait_for_completion+0x8c/0x120
[  890.020367]  schedule+0x55/0xc0
[  890.020666]  schedule_timeout+0x4a3/0x5c0
[  890.021043]  ? mark_held_locks+0x4e/0x80
[  890.021412]  ? _raw_spin_unlock_irq+0x27/0x40
[  890.021818]  ? wait_for_completion+0xb8/0x120
[  890.022221]  ? wait_for_completion+0x8c/0x120
[  890.022624]  ? _raw_spin_unlock_irq+0x27/0x40
[  890.023030]  ? trace_hardirqs_on+0x6a/0x150
[  890.023422]  ? wait_for_completion+0x8c/0x120
[  890.023827]  wait_for_completion+0xc0/0x120
[  890.024228]  io_ring_exit_work+0x192/0x560
[  890.024611]  ? io_uring_del_task_file+0x110/0x110
[  890.025059]  process_one_work+0x3c7/0x8a0
[  890.025442]  worker_thread+0x4e/0x660
[  890.025787]  ? process_one_work+0x8a0/0x8a0
[  890.026176]  kthread+0x17c/0x1a0
[  890.026480]  ? kthread_park+0x110/0x110
[  890.026839]  ret_from_fork+0x1f/0x30
[  890.027201] 
[  890.027201] Showing all locks held in the system:
[  890.027762] 1 lock held by khungtaskd/29:
[  890.028141]  #0: ffffffff83987280 (rcu_read_lock){....}-{1:2}, at: debug_show_all_locks+0x23/0x185
[  890.028964] 2 locks held by kworker/u4:3/117:
[  890.029362]  #0: ff11000005841938 ((wq_completion)events_unbound){+.+.}-{0:0}, at: process_one_work+0x31e/0x8a0
[  890.030284]  #1: ffa0000000827e58 ((work_completion)(&ctx->exit_work)){+.+.}-{0:0}, at: process_one_work+0x31e/0x8a0
[  890.031236] 
[  890.031382] =============================================
[  890.031382] 
[ 1037.472147] INFO: task kworker/u4:3:117 blocked for more than 884 seconds.
[ 1037.472808]       Not tainted 5.12.0-rc2-420623430a70+ #1
[ 1037.473296] "echo 0 > /proc/sys/kernel/hung_task_timeout_secs" disables this message.
[ 1037.473987] task:kworker/u4:3    state:D stack:    0 pid:  117 ppid:     2 flags:0x00004000
[ 1037.474735] Workqueue: events_unbound io_ring_exit_work
[ 1037.475233] Call Trace:
[ 1037.475468]  __schedule+0x455/0xa00
[ 1037.475802]  ? wait_for_completion+0x8c/0x120
[ 1037.476232]  schedule+0x55/0xc0
[ 1037.476528]  schedule_timeout+0x4a3/0x5c0
[ 1037.476900]  ? mark_held_locks+0x4e/0x80
[ 1037.477266]  ? _raw_spin_unlock_irq+0x27/0x40
[ 1037.477669]  ? wait_for_completion+0xb8/0x120
[ 1037.478070]  ? wait_for_completion+0x8c/0x120
[ 1037.478472]  ? _raw_spin_unlock_irq+0x27/0x40
[ 1037.478874]  ? trace_hardirqs_on+0x6a/0x150
[ 1037.479269]  ? wait_for_completion+0x8c/0x120
[ 1037.479670]  wait_for_completion+0xc0/0x120
[ 1037.480060]  io_ring_exit_work+0x192/0x560
[ 1037.480453]  ? io_uring_del_task_file+0x110/0x110
[ 1037.480897]  process_one_work+0x3c7/0x8a0
[ 1037.481276]  worker_thread+0x4e/0x660
[ 1037.481621]  ? process_one_work+0x8a0/0x8a0
[ 1037.482009]  kthread+0x17c/0x1a0
[ 1037.482312]  ? kthread_park+0x110/0x110
[ 1037.482669]  ret_from_fork+0x1f/0x30
[ 1037.483032] 
[ 1037.483032] Showing all locks held in the system:
[ 1037.483592] 1 lock held by khungtaskd/29:
[ 1037.483959]  #0: ffffffff83987280 (rcu_read_lock){....}-{1:2}, at: debug_show_all_locks+0x23/0x185
[ 1037.484787] 2 locks held by kworker/u4:3/117:
[ 1037.485183]  #0: ff11000005841938 ((wq_completion)events_unbound){+.+.}-{0:0}, at: process_one_work+0x31e/0x8a0
[ 1037.486094]  #1: ffa0000000827e58 ((work_completion)(&ctx->exit_work)){+.+.}-{0:0}, at: process_one_work+0x31e/0x8a0
[ 1037.487043] 
[ 1037.487188] =============================================
[ 1037.487188] 
[ 1184.928187] INFO: task kworker/u4:3:117 blocked for more than 1032 seconds.
[ 1184.928893]       Not tainted 5.12.0-rc2-420623430a70+ #1
[ 1184.929399] "echo 0 > /proc/sys/kernel/hung_task_timeout_secs" disables this message.
[ 1184.930086] task:kworker/u4:3    state:D stack:    0 pid:  117 ppid:     2 flags:0x00004000
[ 1184.930846] Workqueue: events_unbound io_ring_exit_work
[ 1184.931340] Call Trace:
[ 1184.931595]  __schedule+0x455/0xa00
[ 1184.931924]  ? wait_for_completion+0x8c/0x120
[ 1184.932347]  schedule+0x55/0xc0
[ 1184.932657]  schedule_timeout+0x4a3/0x5c0
[ 1184.933025]  ? mark_held_locks+0x4e/0x80
[ 1184.933410]  ? _raw_spin_unlock_irq+0x27/0x40
[ 1184.933829]  ? wait_for_completion+0xb8/0x120
[ 1184.934224]  ? wait_for_completion+0x8c/0x120
[ 1184.934619]  ? _raw_spin_unlock_irq+0x27/0x40
[ 1184.935049]  ? trace_hardirqs_on+0x6a/0x150
[ 1184.935433]  ? wait_for_completion+0x8c/0x120
[ 1184.935850]  wait_for_completion+0xc0/0x120
[ 1184.936245]  io_ring_exit_work+0x192/0x560
[ 1184.936622]  ? io_uring_del_task_file+0x110/0x110
[ 1184.937082]  process_one_work+0x3c7/0x8a0
[ 1184.937456]  worker_thread+0x4e/0x660
[ 1184.937795]  ? process_one_work+0x8a0/0x8a0
[ 1184.938189]  kthread+0x17c/0x1a0
[ 1184.938489]  ? kthread_park+0x110/0x110
[ 1184.938844]  ret_from_fork+0x1f/0x30
[ 1184.939223] 
[ 1184.939223] Showing all locks held in the system:
[ 1184.939771] 1 lock held by khungtaskd/29:
[ 1184.940165]  #0: ffffffff83987280 (rcu_read_lock){....}-{1:2}, at: debug_show_all_locks+0x23/0x185
[ 1184.940971] 2 locks held by kworker/u4:3/117:
[ 1184.941376]  #0: ff11000005841938 ((wq_completion)events_unbound){+.+.}-{0:0}, at: process_one_work+0x31e/0x8a0
[ 1184.942294]  #1: ffa0000000827e58 ((work_completion)(&ctx->exit_work)){+.+.}-{0:0}, at: process_one_work+0x31e/0x8a0
[ 1184.943256] 
[ 1184.943419] =============================================
[ 1184.943419] 
[ 1332.384145] INFO: task kworker/u4:3:117 blocked for more than 1179 seconds.
[ 1332.384820]       Not tainted 5.12.0-rc2-420623430a70+ #1
[ 1332.385304] "echo 0 > /proc/sys/kernel/hung_task_timeout_secs" disables this message.
[ 1332.385990] task:kworker/u4:3    state:D stack:    0 pid:  117 ppid:     2 flags:0x00004000
[ 1332.386741] Workqueue: events_unbound io_ring_exit_work
[ 1332.387227] Call Trace:
[ 1332.387460]  __schedule+0x455/0xa00
[ 1332.387789]  ? wait_for_completion+0x8c/0x120
[ 1332.388215]  schedule+0x55/0xc0
[ 1332.388511]  schedule_timeout+0x4a3/0x5c0
[ 1332.388881]  ? mark_held_locks+0x4e/0x80
[ 1332.389246]  ? _raw_spin_unlock_irq+0x27/0x40
[ 1332.389645]  ? wait_for_completion+0xb8/0x120
[ 1332.390043]  ? wait_for_completion+0x8c/0x120
[ 1332.390441]  ? _raw_spin_unlock_irq+0x27/0x40
[ 1332.390845]  ? trace_hardirqs_on+0x6a/0x150
[ 1332.391232]  ? wait_for_completion+0x8c/0x120
[ 1332.391632]  wait_for_completion+0xc0/0x120
[ 1332.392019]  io_ring_exit_work+0x192/0x560
[ 1332.392407]  ? io_uring_del_task_file+0x110/0x110
[ 1332.392850]  process_one_work+0x3c7/0x8a0
[ 1332.393227]  worker_thread+0x4e/0x660
[ 1332.393568]  ? process_one_work+0x8a0/0x8a0
[ 1332.393952]  kthread+0x17c/0x1a0
[ 1332.394252]  ? kthread_park+0x110/0x110
[ 1332.394607]  ret_from_fork+0x1f/0x30
[ 1332.394968] 
[ 1332.394968] Showing all locks held in the system:
[ 1332.395520] 1 lock held by khungtaskd/29:
[ 1332.395885]  #0: ffffffff83987280 (rcu_read_lock){....}-{1:2}, at: debug_show_all_locks+0x23/0x185
[ 1332.396705] 2 locks held by kworker/u4:3/117:
[ 1332.397098]  #0: ff11000005841938 ((wq_completion)events_unbound){+.+.}-{0:0}, at: process_one_work+0x31e/0x8a0
[ 1332.398001]  #1: ffa0000000827e58 ((work_completion)(&ctx->exit_work)){+.+.}-{0:0}, at: process_one_work+0x31e/0x8a0
[ 1332.398948] 
[ 1332.399093] =============================================
[ 1332.399093] 
[ 1479.840126] INFO: task kworker/u4:3:117 blocked for more than 1327 seconds.
[ 1479.840819]       Not tainted 5.12.0-rc2-420623430a70+ #1
[ 1479.841299] "echo 0 > /proc/sys/kernel/hung_task_timeout_secs" disables this message.
[ 1479.841977] task:kworker/u4:3    state:D stack:    0 pid:  117 ppid:     2 flags:0x00004000
[ 1479.842715] Workqueue: events_unbound io_ring_exit_work
[ 1479.843196] Call Trace:
[ 1479.843429]  __schedule+0x455/0xa00
[ 1479.843758]  ? wait_for_completion+0x8c/0x120
[ 1479.844182]  schedule+0x55/0xc0
[ 1479.844486]  schedule_timeout+0x4a3/0x5c0
[ 1479.844854]  ? mark_held_locks+0x4e/0x80
[ 1479.845216]  ? _raw_spin_unlock_irq+0x27/0x40
[ 1479.845614]  ? wait_for_completion+0xb8/0x120
[ 1479.846010]  ? wait_for_completion+0x8c/0x120
[ 1479.846412]  ? _raw_spin_unlock_irq+0x27/0x40
[ 1479.846811]  ? trace_hardirqs_on+0x6a/0x150
[ 1479.847197]  ? wait_for_completion+0x8c/0x120
[ 1479.847594]  wait_for_completion+0xc0/0x120
[ 1479.847980]  io_ring_exit_work+0x192/0x560
[ 1479.848369]  ? io_uring_del_task_file+0x110/0x110
[ 1479.848809]  process_one_work+0x3c7/0x8a0
[ 1479.849184]  worker_thread+0x4e/0x660
[ 1479.849523]  ? process_one_work+0x8a0/0x8a0
[ 1479.849908]  kthread+0x17c/0x1a0
[ 1479.850210]  ? kthread_park+0x110/0x110
[ 1479.850568]  ret_from_fork+0x1f/0x30
[ 1479.850926] 
[ 1479.850926] Showing all locks held in the system:
[ 1479.851477] 1 lock held by khungtaskd/29:
[ 1479.851839]  #0: ffffffff83987280 (rcu_read_lock){....}-{1:2}, at: debug_show_all_locks+0x23/0x185
[ 1479.852658] 2 locks held by kworker/u4:3/117:
[ 1479.853062]  #0: ff11000005841938 ((wq_completion)events_unbound){+.+.}-{0:0}, at: process_one_work+0x31e/0x8a0
[ 1479.853963]  #1: ffa0000000827e58 ((work_completion)(&ctx->exit_work)){+.+.}-{0:0}, at: process_one_work+0x31e/0x8a0
[ 1479.854909] 
[ 1479.855054] =============================================
[ 1479.855054] 
[ 1627.296115] INFO: task kworker/u4:3:117 blocked for more than 1474 seconds.
[ 1627.296795]       Not tainted 5.12.0-rc2-420623430a70+ #1
[ 1627.297279] "echo 0 > /proc/sys/kernel/hung_task_timeout_secs" disables this message.
[ 1627.297984] task:kworker/u4:3    state:D stack:    0 pid:  117 ppid:     2 flags:0x00004000
[ 1627.298757] Workqueue: events_unbound io_ring_exit_work
[ 1627.299239] Call Trace:
[ 1627.299472]  __schedule+0x455/0xa00
[ 1627.299820]  ? wait_for_completion+0x8c/0x120
[ 1627.300245]  schedule+0x55/0xc0
[ 1627.300540]  schedule_timeout+0x4a3/0x5c0
[ 1627.300928]  ? mark_held_locks+0x4e/0x80
[ 1627.301293]  ? _raw_spin_unlock_irq+0x27/0x40
[ 1627.301692]  ? wait_for_completion+0xb8/0x120
[ 1627.302116]  ? wait_for_completion+0x8c/0x120
[ 1627.302516]  ? _raw_spin_unlock_irq+0x27/0x40
[ 1627.302928]  ? trace_hardirqs_on+0x6a/0x150
[ 1627.303319]  ? wait_for_completion+0x8c/0x120
[ 1627.303720]  wait_for_completion+0xc0/0x120
[ 1627.304132]  io_ring_exit_work+0x192/0x560
[ 1627.304511]  ? io_uring_del_task_file+0x110/0x110
[ 1627.304953]  process_one_work+0x3c7/0x8a0
[ 1627.305341]  worker_thread+0x4e/0x660
[ 1627.305683]  ? process_one_work+0x8a0/0x8a0
[ 1627.306073]  kthread+0x17c/0x1a0
[ 1627.306399]  ? kthread_park+0x110/0x110
[ 1627.306753]  ret_from_fork+0x1f/0x30
[ 1627.307113] 
[ 1627.307113] Showing all locks held in the system:
[ 1627.307676] 1 lock held by khungtaskd/29:
[ 1627.308040]  #0: ffffffff83987280 (rcu_read_lock){....}-{1:2}, at: debug_show_all_locks+0x23/0x185
[ 1627.308880] 2 locks held by kworker/u4:3/117:
[ 1627.309273]  #0: ff11000005841938 ((wq_completion)events_unbound){+.+.}-{0:0}, at: process_one_work+0x31e/0x8a0
[ 1627.310202]  #1: ffa0000000827e58 ((work_completion)(&ctx->exit_work)){+.+.}-{0:0}, at: process_one_work+0x31e/0x8a0
[ 1627.311161] 
[ 1627.311306] =============================================
[ 1627.311306] 
