c[?7l[2J[0mSeaBIOS (version rel-1.16.0-0-gd239552ce722-prebuilt.qemu.org)


iPXE (http://ipxe.org) 00:03.0 CA00 PCI2.10 PnP PMM+7FF91000+7FEF1000 CA00
Press Ctrl-B to configure iPXE (PCI 00:03.0)...                                                                               


Booting from ROM..c[?7l[2J[    0.000000] Linux version 5.12.0-rc3-6417f03132a6+ (root@984fee00a1f6.jf.intel.com) (gcc (GCC) 8.5.0 20210514 (Red Hat 8.5.0-18), GNU ld version 2.36.1-3.el8) #1 SMP Tue Jan 24 15:34:23 PST 2023
[    0.000000] Command line: console=ttyS0 root=/dev/sda earlyprintk=serial net.ifnames=0
[    0.000000] KERNEL supported cpus:
[    0.000000]   Intel GenuineIntel
[    0.000000]   AMD AuthenticAMD
[    0.000000]   Hygon HygonGenuine
[    0.000000]   Centaur CentaurHauls
[    0.000000]   zhaoxin   Shanghai  
[    0.000000] x86/fpu: Supporting XSAVE feature 0x001: 'x87 floating point registers'
[    0.000000] x86/fpu: Supporting XSAVE feature 0x002: 'SSE registers'
[    0.000000] x86/fpu: Supporting XSAVE feature 0x004: 'AVX registers'
[    0.000000] x86/fpu: Supporting XSAVE feature 0x020: 'AVX-512 opmask'
[    0.000000] x86/fpu: Supporting XSAVE feature 0x040: 'AVX-512 Hi256'
[    0.000000] x86/fpu: Supporting XSAVE feature 0x080: 'AVX-512 ZMM_Hi256'
[    0.000000] x86/fpu: Supporting XSAVE feature 0x200: 'Protection Keys User registers'
[    0.000000] x86/fpu: xstate_offset[2]:  576, xstate_sizes[2]:  256
[    0.000000] x86/fpu: xstate_offset[5]:  832, xstate_sizes[5]:   64
[    0.000000] x86/fpu: xstate_offset[6]:  896, xstate_sizes[6]:  512
[    0.000000] x86/fpu: xstate_offset[7]: 1408, xstate_sizes[7]: 1024
[    0.000000] x86/fpu: xstate_offset[9]: 2432, xstate_sizes[9]:    8
[    0.000000] x86/fpu: Enabled xstate features 0x2e7, context size is 2440 bytes, using 'compacted' format.
[    0.000000] BIOS-provided physical RAM map:
[    0.000000] BIOS-e820: [mem 0x0000000000000000-0x000000000009fbff] usable
[    0.000000] BIOS-e820: [mem 0x000000000009fc00-0x000000000009ffff] reserved
[    0.000000] BIOS-e820: [mem 0x00000000000f0000-0x00000000000fffff] reserved
[    0.000000] BIOS-e820: [mem 0x0000000000100000-0x000000007ffdffff] usable
[    0.000000] BIOS-e820: [mem 0x000000007ffe0000-0x000000007fffffff] reserved
[    0.000000] BIOS-e820: [mem 0x00000000feffc000-0x00000000feffffff] reserved
[    0.000000] BIOS-e820: [mem 0x00000000fffc0000-0x00000000ffffffff] reserved
[    0.000000] printk: bootconsole [earlyser0] enabled
[    0.000000] NX (Execute Disable) protection: active
[    0.000000] SMBIOS 2.8 present.
[    0.000000] DMI: QEMU Standard PC (i440FX + PIIX, 1996), BIOS rel-1.16.0-0-gd239552ce722-prebuilt.qemu.org 04/01/2014
[    0.000000] Hypervisor detected: KVM
[    0.000000] kvm-clock: Using msrs 4b564d01 and 4b564d00
[    0.000000] kvm-clock: cpu 0, msr 5401001, primary cpu clock
[    0.000000] kvm-clock: using sched offset of 329191477 cycles
[    0.000520] clocksource: kvm-clock: mask: 0xffffffffffffffff max_cycles: 0x1cd42e4dffb, max_idle_ns: 881590591483 ns
[    0.002015] tsc: Detected 1700.000 MHz processor
[    0.009357] last_pfn = 0x7ffe0 max_arch_pfn = 0x10000000000
[    0.009925] x86/PAT: Configuration [0-7]: WB  WC  UC- UC  WB  WP  UC- WT  
[    0.016115] found SMP MP-table at [mem 0x000f5ba0-0x000f5baf]
[    0.017569] check: Scanning 1 areas for low memory corruption
[    0.018136] Using GB pages for direct mapping
[    0.019476] ACPI: Early table checksum verification disabled
[    0.020002] ACPI: RSDP 0x00000000000F59C0 000014 (v00 BOCHS )
[    0.020547] ACPI: RSDT 0x000000007FFE1951 000034 (v01 BOCHS  BXPC     00000001 BXPC 00000001)
[    0.021346] ACPI: FACP 0x000000007FFE17FD 000074 (v01 BOCHS  BXPC     00000001 BXPC 00000001)
[    0.022145] ACPI: DSDT 0x000000007FFE0040 0017BD (v01 BOCHS  BXPC     00000001 BXPC 00000001)
[    0.022941] ACPI: FACS 0x000000007FFE0000 000040
[    0.023376] ACPI: APIC 0x000000007FFE1871 000080 (v01 BOCHS  BXPC     00000001 BXPC 00000001)
[    0.024177] ACPI: HPET 0x000000007FFE18F1 000038 (v01 BOCHS  BXPC     00000001 BXPC 00000001)
[    0.024973] ACPI: WAET 0x000000007FFE1929 000028 (v01 BOCHS  BXPC     00000001 BXPC 00000001)
[    0.026515] No NUMA configuration found
[    0.026868] Faking a node at [mem 0x0000000000000000-0x000000007ffdffff]
[    0.027553] NODE_DATA(0) allocated [mem 0x7ffb5000-0x7ffdffff]
[    0.032003] Zone ranges:
[    0.032255]   DMA      [mem 0x0000000000001000-0x0000000000ffffff]
[    0.032827]   DMA32    [mem 0x0000000001000000-0x000000007ffdffff]
[    0.033397]   Normal   empty
[    0.033668]   Device   empty
[    0.033935] Movable zone start for each node
[    0.034328] Early memory node ranges
[    0.034656]   node   0: [mem 0x0000000000001000-0x000000000009efff]
[    0.035233]   node   0: [mem 0x0000000000100000-0x000000007ffdffff]
[    0.035818] Initmem setup node 0 [mem 0x0000000000001000-0x000000007ffdffff]
[    0.036966]   DMA zone: 28770 pages in unavailable ranges
[    0.043828]   DMA32 zone: 32 pages in unavailable ranges
[    0.044613] ACPI: PM-Timer IO Port: 0x608
[    0.045006] ACPI: LAPIC_NMI (acpi_id[0xff] dfl dfl lint[0x1])
[    0.045587] IOAPIC[0]: apic_id 0, version 17, address 0xfec00000, GSI 0-23
[    0.046236] ACPI: INT_SRC_OVR (bus 0 bus_irq 0 global_irq 2 dfl dfl)
[    0.046824] ACPI: INT_SRC_OVR (bus 0 bus_irq 5 global_irq 5 high level)
[    0.047444] ACPI: INT_SRC_OVR (bus 0 bus_irq 9 global_irq 9 high level)
[    0.048057] ACPI: INT_SRC_OVR (bus 0 bus_irq 10 global_irq 10 high level)
[    0.048684] ACPI: INT_SRC_OVR (bus 0 bus_irq 11 global_irq 11 high level)
[    0.049344] Using ACPI (MADT) for SMP configuration information
[    0.049891] ACPI: HPET id: 0x8086a201 base: 0xfed00000
[    0.050370] TSC deadline timer available
[    0.050731] smpboot: Allowing 2 CPUs, 0 hotplug CPUs
[    0.051204] kvm-guest: KVM setup pv remote TLB flush
[    0.051677] kvm-guest: setup PV sched yield
[    0.052099] PM: hibernation: Registered nosave memory: [mem 0x00000000-0x00000fff]
[    0.052803] PM: hibernation: Registered nosave memory: [mem 0x0009f000-0x0009ffff]
[    0.053500] PM: hibernation: Registered nosave memory: [mem 0x000a0000-0x000effff]
[    0.054195] PM: hibernation: Registered nosave memory: [mem 0x000f0000-0x000fffff]
[    0.054890] [mem 0x80000000-0xfeffbfff] available for PCI devices
[    0.055454] Booting paravirtualized kernel on KVM
[    0.055889] clocksource: refined-jiffies: mask: 0xffffffff max_cycles: 0xffffffff, max_idle_ns: 7645519600211568 ns
[    0.056860] setup_percpu: NR_CPUS:8192 nr_cpumask_bits:2 nr_cpu_ids:2 nr_node_ids:1
[    0.057978] percpu: Embedded 58 pages/cpu s200704 r8192 d28672 u1048576
[    0.058760] kvm-guest: KVM setup async PF for cpu 0
[    0.059212] kvm-guest: stealtime: cpu 0, msr 7da30080
[    0.059694] kvm-guest: PV spinlocks enabled
[    0.060093] PV qspinlock hash table entries: 256 (order: 0, 4096 bytes, linear)
[    0.060791] Built 1 zonelists, mobility grouping on.  Total pages: 515945
[    0.061425] Policy zone: DMA32
[    0.061712] Kernel command line: net.ifnames=0 console=ttyS0 root=/dev/sda earlyprintk=serial net.ifnames=0
[    0.063230] Dentry cache hash table entries: 262144 (order: 9, 2097152 bytes, linear)
[    0.064111] Inode-cache hash table entries: 131072 (order: 8, 1048576 bytes, linear)
[    0.064922] mem auto-init: stack:off, heap alloc:off, heap free:off
[    0.070078] Memory: 1986064K/2096632K available (30736K kernel code, 5183K rwdata, 7512K rodata, 2984K init, 22344K bss, 110368K reserved, 0K cma-reserved)
[    0.071370] random: get_random_u64 called from __kmem_cache_create+0x2f/0x460 with crng_init=0
[    0.071765] SLUB: HWalign=64, Order=0-3, MinObjects=0, CPUs=2, Nodes=1
[    0.073146] kmemleak: Kernel memory leak detector disabled
[    0.073664] ftrace: allocating 63243 entries in 248 pages
[    0.161646] ftrace: allocated 248 pages with 5 groups
[    0.162300] Running RCU self tests
[    0.162617] rcu: Hierarchical RCU implementation.
[    0.163050] rcu: 	RCU lockdep checking is enabled.
[    0.163491] rcu: 	RCU restricting CPUs from NR_CPUS=8192 to nr_cpu_ids=2.
[    0.164111] 	Trampoline variant of Tasks RCU enabled.
[    0.164571] 	Rude variant of Tasks RCU enabled.
[    0.164983] 	Tracing variant of Tasks RCU enabled.
[    0.165420] rcu: RCU calculated value of scheduler-enlistment delay is 25 jiffies.
[    0.166109] rcu: Adjusting geometry for rcu_fanout_leaf=16, nr_cpu_ids=2
[    0.181577] NR_IRQS: 524544, nr_irqs: 440, preallocated irqs: 16
[    0.190978] Console: colour VGA+ 80x25
[    0.191372] printk: console [ttyS0] enabled
[    0.191372] printk: console [ttyS0] enabled
[    0.192160] printk: bootconsole [earlyser0] disabled
[    0.192160] printk: bootconsole [earlyser0] disabled
[    0.193082] Lock dependency validator: Copyright (c) 2006 Red Hat, Inc., Ingo Molnar
[    0.193804] ... MAX_LOCKDEP_SUBCLASSES:  8
[    0.194194] ... MAX_LOCK_DEPTH:          48
[    0.194594] ... MAX_LOCKDEP_KEYS:        8192
[    0.195010] ... CLASSHASH_SIZE:          4096
[    0.195427] ... MAX_LOCKDEP_ENTRIES:     32768
[    0.195849] ... MAX_LOCKDEP_CHAINS:      65536
[    0.196273] ... CHAINHASH_SIZE:          32768
[    0.196695]  memory used by lock dependency info: 6365 kB
[    0.197205]  memory used for stack traces: 4224 kB
[    0.197659]  per task-struct memory footprint: 1920 bytes
[    0.198197] ACPI: Core revision 20210105
[    0.198782] clocksource: hpet: mask: 0xffffffff max_cycles: 0xffffffff, max_idle_ns: 19112604467 ns
[    0.199762] APIC: Switch to symmetric I/O mode setup
[    0.200461] x2apic enabled
[    0.200927] Switched APIC routing to physical x2apic.
[    0.201405] kvm-guest: setup PV IPIs
[    0.202647] ..TIMER: vector=0x30 apic1=0 pin1=2 apic2=-1 pin2=-1
[    0.203235] clocksource: tsc-early: mask: 0xffffffffffffffff max_cycles: 0x1881273ac8e, max_idle_ns: 440795257284 ns
[    0.204266] Calibrating delay loop (skipped) preset value.. 3400.00 BogoMIPS (lpj=6800000)
[    0.205044] pid_max: default: 32768 minimum: 301
[    0.205542] LSM: Security Framework initializing
[    0.205984] Yama: becoming mindful.
[    0.206471] Mount-cache hash table entries: 4096 (order: 3, 32768 bytes, linear)
[    0.207169] Mountpoint-cache hash table entries: 4096 (order: 3, 32768 bytes, linear)
[    0.209075] x86/cpu: User Mode Instruction Prevention (UMIP) activated
[    0.209901] Last level iTLB entries: 4KB 0, 2MB 0, 4MB 0
[    0.210409] Last level dTLB entries: 4KB 0, 2MB 0, 4MB 0, 1GB 0
[    0.210981] Spectre V1 : Mitigation: usercopy/swapgs barriers and __user pointer sanitization
[    0.211788] Spectre V2 : Mitigation: Enhanced IBRS
[    0.212265] Spectre V2 : Spectre v2 / SpectreRSB mitigation: Filling RSB on context switch
[    0.212992] Spectre V2 : mitigation: Enabling conditional Indirect Branch Prediction Barrier
[    0.213735] Speculative Store Bypass: Mitigation: Speculative Store Bypass disabled via prctl and seccomp
[    0.215015] Freeing SMP alternatives memory: 52K
[    0.217040] smpboot: CPU0: Intel(R) Xeon(R) Gold 6414TDX (family: 0x6, model: 0x8f, stepping: 0x6)
[    0.218219] Running RCU-tasks wait API self tests
[    0.320370] Performance Events: Sapphire Rapids events, full-width counters, Intel PMU driver.
[    0.321200] ... version:                2
[    0.321564] ... bit width:              48
[    0.321935] ... generic registers:      8
[    0.322299] ... value mask:             0000ffffffffffff
[    0.322775] ... max period:             00007fffffffffff
[    0.323258] ... fixed-purpose events:   3
[    0.323621] ... event mask:             00000007000000ff
[    0.324379] rcu: Hierarchical SRCU implementation.
[    0.327168] smp: Bringing up secondary CPUs ...
[    0.327948] x86: Booting SMP configuration:
[    0.328278] .... node  #0, CPUs:      #1
[    0.017889] kvm-clock: cpu 1, msr 5401041, secondary cpu clock
[    0.329130] kvm-guest: KVM setup async PF for cpu 1
[    0.329330] kvm-guest: stealtime: cpu 1, msr 7db30080
[    0.329839] smp: Brought up 1 node, 2 CPUs
[    0.329839] smpboot: Max logical packages: 1
[    0.329839] smpboot: Total of 2 processors activated (6800.00 BogoMIPS)
[    0.332823] devtmpfs: initialized
[    0.332823] x86/mm: Memory block size: 128MB
[    0.334603] clocksource: jiffies: mask: 0xffffffff max_cycles: 0xffffffff, max_idle_ns: 7645041785100000 ns
[    0.336276] futex hash table entries: 512 (order: 4, 65536 bytes, linear)
[    0.337124] pinctrl core: initialized pinctrl subsystem
[    0.338111] 
[    0.338261] *************************************************************
[    0.338865] **     NOTICE NOTICE NOTICE NOTICE NOTICE NOTICE NOTICE    **
[    0.339468] **                                                         **
[    0.340072] **  IOMMU DebugFS SUPPORT HAS BEEN ENABLED IN THIS KERNEL  **
[    0.340285] **                                                         **
[    0.340276] Callback from call_rcu_tasks_trace() invoked.
[    0.340889] ** This means that this kernel is built to expose internal **
[    0.341990] ** IOMMU data structures, which may compromise security on **
[    0.342595] ** your system.                                            **
[    0.343202] **                                                         **
[    0.343805] ** If you see this message and you are not debugging the   **
[    0.344262] ** kernel, report this immediately to your vendor!         **
[    0.344868] **                                                         **
[    0.345472] **     NOTICE NOTICE NOTICE NOTICE NOTICE NOTICE NOTICE    **
[    0.346081] *************************************************************
[    0.346741] PM: RTC time: 00:00:11, date: 2023-01-25
[    0.348248] NET: Registered protocol family 16
[    0.348820] DMA: preallocated 256 KiB GFP_KERNEL pool for atomic allocations
[    0.349460] DMA: preallocated 256 KiB GFP_KERNEL|GFP_DMA pool for atomic allocations
[    0.350155] DMA: preallocated 256 KiB GFP_KERNEL|GFP_DMA32 pool for atomic allocations
[    0.350892] audit: initializing netlink subsys (disabled)
[    0.351394] audit: type=2000 audit(1674604812.487:1): state=initialized audit_enabled=0 res=1
[    0.351394] thermal_sys: Registered thermal governor 'fair_share'
[    0.351394] thermal_sys: Registered thermal governor 'bang_bang'
[    0.351394] thermal_sys: Registered thermal governor 'step_wise'
[    0.351394] thermal_sys: Registered thermal governor 'user_space'
[    0.351394] cpuidle: using governor ladder
[    0.351669] cpuidle: using governor menu
[    0.352403] ACPI: bus type PCI registered
[    0.352766] acpiphp: ACPI Hot Plug PCI Controller Driver version: 0.5
[    0.353612] PCI: Using configuration type 1 for base access
[    0.366562] Kprobes globally optimized
[    0.368368] HugeTLB registered 1.00 GiB page size, pre-allocated 0 pages
[    0.368919] HugeTLB registered 2.00 MiB page size, pre-allocated 0 pages
[    0.372701] ACPI: Added _OSI(Module Device)
[    0.373055] ACPI: Added _OSI(Processor Device)
[    0.373454] ACPI: Added _OSI(3.0 _SCP Extensions)
[    0.373883] ACPI: Added _OSI(Processor Aggregator Device)
[    0.374363] ACPI: Added _OSI(Linux-Dell-Video)
[    0.374763] ACPI: Added _OSI(Linux-Lenovo-NV-HDMI-Audio)
[    0.375236] ACPI: Added _OSI(Linux-HPI-Hybrid-Graphics)
[    0.381733] ACPI: 1 ACPI AML tables successfully acquired and loaded
[    0.385598] ACPI: Interpreter enabled
[    0.386018] ACPI: (supports S0 S3 S4 S5)
[    0.386372] ACPI: Using IOAPIC for interrupt routing
[    0.386854] PCI: Using host bridge windows from ACPI; if necessary, use "pci=nocrs" and report a bug
[    0.388338] ACPI: Enabled 2 GPEs in block 00 to 0F
[    0.404566] ACPI: PCI Root Bridge [PCI0] (domain 0000 [bus 00-ff])
[    0.405149] acpi PNP0A03:00: _OSC: OS supports [ASPM ClockPM Segments MSI EDR HPX-Type3]
[    0.405927] acpi PNP0A03:00: fail to add MMCONFIG information, can't access extended PCI configuration space under this bridge.
[    0.408833] acpiphp: Slot [3] registered
[    0.409259] acpiphp: Slot [4] registered
[    0.409678] acpiphp: Slot [5] registered
[    0.410101] acpiphp: Slot [6] registered
[    0.410518] acpiphp: Slot [7] registered
[    0.410935] acpiphp: Slot [8] registered
[    0.411358] acpiphp: Slot [9] registered
[    0.411776] acpiphp: Slot [10] registered
[    0.412202] acpiphp: Slot [11] registered
[    0.412327] acpiphp: Slot [12] registered
[    0.412752] acpiphp: Slot [13] registered
[    0.413182] acpiphp: Slot [14] registered
[    0.413608] acpiphp: Slot [15] registered
[    0.414037] acpiphp: Slot [16] registered
[    0.414462] acpiphp: Slot [17] registered
[    0.414894] acpiphp: Slot [18] registered
[    0.415320] acpiphp: Slot [19] registered
[    0.415746] acpiphp: Slot [20] registered
[    0.416172] acpiphp: Slot [21] registered
[    0.416327] acpiphp: Slot [22] registered
[    0.416757] acpiphp: Slot [23] registered
[    0.417181] acpiphp: Slot [24] registered
[    0.417610] acpiphp: Slot [25] registered
[    0.418034] acpiphp: Slot [26] registered
[    0.418459] acpiphp: Slot [27] registered
[    0.418890] acpiphp: Slot [28] registered
[    0.419315] acpiphp: Slot [29] registered
[    0.419740] acpiphp: Slot [30] registered
[    0.420164] acpiphp: Slot [31] registered
[    0.420282] PCI host bridge to bus 0000:00
[    0.424322] Callback from call_rcu_tasks_rude() invoked.
[    0.424322] pci_bus 0000:00: root bus resource [io  0x0000-0x0cf7 window]
[    0.424322] pci_bus 0000:00: root bus resource [io  0x0d00-0xffff window]
[    0.424322] pci_bus 0000:00: root bus resource [mem 0x000a0000-0x000bffff window]
[    0.424322] pci_bus 0000:00: root bus resource [mem 0x80000000-0xfebfffff window]
[    0.424322] pci_bus 0000:00: root bus resource [mem 0x100000000-0x17fffffff window]
[    0.428276] pci_bus 0000:00: root bus resource [bus 00-ff]
[    0.428832] pci 0000:00:00.0: [8086:1237] type 00 class 0x060000
[    0.431293] pci 0000:00:01.0: [8086:7000] type 00 class 0x060100
[    0.432811] pci 0000:00:01.1: [8086:7010] type 00 class 0x010180
[    0.435231] pci 0000:00:01.1: reg 0x20: [io  0xc040-0xc04f]
[    0.436465] pci 0000:00:01.1: legacy IDE quirk: reg 0x10: [io  0x01f0-0x01f7]
[    0.437126] pci 0000:00:01.1: legacy IDE quirk: reg 0x14: [io  0x03f6]
[    0.437953] pci 0000:00:01.1: legacy IDE quirk: reg 0x18: [io  0x0170-0x0177]
[    0.438589] pci 0000:00:01.1: legacy IDE quirk: reg 0x1c: [io  0x0376]
[    0.439807] pci 0000:00:01.3: [8086:7113] type 00 class 0x068000
[    0.440606] pci 0000:00:01.3: quirk: [io  0x0600-0x063f] claimed by PIIX4 ACPI
[    0.441261] pci 0000:00:01.3: quirk: [io  0x0700-0x070f] claimed by PIIX4 SMB
[    0.442730] pci 0000:00:02.0: [1234:1111] type 00 class 0x030000
[    0.444003] pci 0000:00:02.0: reg 0x10: [mem 0xfd000000-0xfdffffff pref]
[    0.445317] pci 0000:00:02.0: reg 0x18: [mem 0xfebf0000-0xfebf0fff]
[    0.448475] pci 0000:00:02.0: reg 0x30: [mem 0xfebe0000-0xfebeffff pref]
[    0.450775] pci 0000:00:03.0: [8086:100e] type 00 class 0x020000
[    0.451812] pci 0000:00:03.0: reg 0x10: [mem 0xfebc0000-0xfebdffff]
[    0.452678] pci 0000:00:03.0: reg 0x14: [io  0xc000-0xc03f]
[    0.456266] pci 0000:00:03.0: reg 0x30: [mem 0xfeb80000-0xfebbffff pref]
[    0.467068] ACPI: PCI Interrupt Link [LNKA] (IRQs 5 *10 11)
[    0.467971] ACPI: PCI Interrupt Link [LNKB] (IRQs 5 *10 11)
[    0.468634] ACPI: PCI Interrupt Link [LNKC] (IRQs 5 10 *11)
[    0.469507] ACPI: PCI Interrupt Link [LNKD] (IRQs 5 10 *11)
[    0.470194] ACPI: PCI Interrupt Link [LNKS] (IRQs *9)
[    0.472287] iommu: Default domain type: Translated 
[    0.472876] pci 0000:00:02.0: vgaarb: setting as boot VGA device
[    0.472876] pci 0000:00:02.0: vgaarb: VGA device added: decodes=io+mem,owns=io+mem,locks=none
[    0.473637] pci 0000:00:02.0: vgaarb: bridge control possible
[    0.474156] vgaarb: loaded
[    0.476660] SCSI subsystem initialized
[    0.477029] ACPI: bus type USB registered
[    0.477029] usbcore: registered new interface driver usbfs
[    0.477029] usbcore: registered new interface driver hub
[    0.477338] usbcore: registered new device driver usb
[    0.477867] pps_core: LinuxPPS API ver. 1 registered
[    0.478304] pps_core: Software ver. 5.3.6 - Copyright 2005-2007 Rodolfo Giometti <giometti@linux.it>
[    0.479108] PTP clock support registered
[    0.480301] EDAC MC: Ver: 3.0.0
[    0.480985] NetLabel: Initializing
[    0.481301] NetLabel:  domain hash size = 128
[    0.481697] NetLabel:  protocols = UNLABELED CIPSOv4 CALIPSO
[    0.482256] NetLabel:  unlabeled traffic allowed by default
[    0.484323] PCI: Using ACPI for IRQ routing
[    0.484819] hpet0: at MMIO 0xfed00000, IRQs 2, 8, 0
[    0.484819] hpet0: 3 comparators, 64-bit 100.000000 MHz counter
[    0.488262] clocksource: Switched to clocksource kvm-clock
[    0.524375] Callback from call_rcu_tasks() invoked.
[    0.577930] VFS: Disk quotas dquot_6.6.0
[    0.578333] VFS: Dquot-cache hash table entries: 512 (order 0, 4096 bytes)
[    0.579191] pnp: PnP ACPI init
[    0.581285] pnp: PnP ACPI: found 6 devices
[    0.592032] clocksource: acpi_pm: mask: 0xffffff max_cycles: 0xffffff, max_idle_ns: 2085701024 ns
[    0.593152] NET: Registered protocol family 2
[    3.034507] tcp_listen_portaddr_hash hash table entries: 1024 (order: 4, 81920 bytes, linear)
[    3.035386] TCP established hash table entries: 16384 (order: 5, 131072 bytes, linear)
[    3.036233] TCP bind hash table entries: 16384 (order: 8, 1179648 bytes, linear)
[    3.037474] TCP: Hash tables configured (established 16384 bind 16384)
[    3.038164] UDP hash table entries: 1024 (order: 5, 163840 bytes, linear)
[    3.038839] UDP-Lite hash table entries: 1024 (order: 5, 163840 bytes, linear)
[    3.039635] NET: Registered protocol family 1
[    3.040596] RPC: Registered named UNIX socket transport module.
[    3.041143] RPC: Registered udp transport module.
[    3.041564] RPC: Registered tcp transport module.
[    3.041983] RPC: Registered tcp NFSv4.1 backchannel transport module.
[    3.042573] pci_bus 0000:00: resource 4 [io  0x0000-0x0cf7 window]
[    3.043128] pci_bus 0000:00: resource 5 [io  0x0d00-0xffff window]
[    3.043683] pci_bus 0000:00: resource 6 [mem 0x000a0000-0x000bffff window]
[    3.044320] pci_bus 0000:00: resource 7 [mem 0x80000000-0xfebfffff window]
[    3.044936] pci_bus 0000:00: resource 8 [mem 0x100000000-0x17fffffff window]
[    3.045812] pci 0000:00:01.0: PIIX3: Enabling Passive Release
[    3.046334] pci 0000:00:00.0: Limiting direct PCI/PCI transfers
[    3.046881] pci 0000:00:01.0: Activating ISA DMA hang workarounds
[    3.047526] pci 0000:00:02.0: Video device with shadowed ROM at [mem 0x000c0000-0x000dffff]
[    3.048303] PCI: CLS 0 bytes, default 64
[    3.049144] clocksource: tsc: mask: 0xffffffffffffffff max_cycles: 0x1881273ac8e, max_idle_ns: 440795257284 ns
[    3.050095] sgx: There are zero EPC sections.
[    3.051518] check: Scanning for low memory corruption every 60 seconds
[    3.055311] Initialise system trusted keyrings
[    3.055825] Key type blacklist registered
[    3.056352] workingset: timestamp_bits=36 max_order=19 bucket_order=0
[    3.065049] zbud: loaded
[    3.066920] squashfs: version 4.0 (2009/01/31) Phillip Lougher
[    3.068958] NFS: Registering the id_resolver key type
[    3.069448] Key type id_resolver registered
[    3.069842] Key type id_legacy registered
[    3.070312] nfs4filelayout_init: NFSv4 File Layout Driver Registering...
[    3.070928] nfs4flexfilelayout_init: NFSv4 Flexfile Layout Driver Registering...
[    3.071703] fuse: init (API version 7.33)
[    3.072433] SGI XFS with ACLs, security attributes, realtime, quota, no debug enabled
[    3.074468] 9p: Installing v9fs 9p2000 file system support
[    3.083593] Key type asymmetric registered
[    3.084029] Asymmetric key parser 'x509' registered
[    3.084538] Block layer SCSI generic (bsg) driver version 0.4 loaded (major 244)
[    3.085350] io scheduler mq-deadline registered
[    3.085968] io scheduler bfq registered
[    3.086659] shpchp: Standard Hot Plug PCI Controller Driver version: 0.4
[    3.087625] IPMI message handler: version 39.2
[    3.088077] ipmi device interface
[    3.089797] input: Power Button as /devices/LNXSYSTM:00/LNXPWRBN:00/input/input0
[    3.090764] ACPI: button: Power Button [PWRF]
[    3.092076] ERST DBG: ERST support is disabled.
[    3.093039] Serial: 8250/16550 driver, 32 ports, IRQ sharing enabled
[    3.094091] 00:04: ttyS0 at I/O 0x3f8 (irq = 4, base_baud = 115200) is a 16550A
[    3.103100] Linux agpgart interface v0.103
[    3.114575] brd: module loaded
[    3.123129] loop: module loaded
[    3.127171] scsi host0: ata_piix
[    3.128025] scsi host1: ata_piix
[    3.128489] ata1: PATA max MWDMA2 cmd 0x1f0 ctl 0x3f6 bmdma 0xc040 irq 14
[    3.129101] ata2: PATA max MWDMA2 cmd 0x170 ctl 0x376 bmdma 0xc048 irq 15
[    3.130806] libphy: Fixed MDIO Bus: probed
[    3.131455] tun: Universal TUN/TAP device driver, 1.6
[    3.132066] e100: Intel(R) PRO/100 Network Driver
[    3.132511] e100: Copyright(c) 1999-2006 Intel Corporation
[    3.133042] e1000: Intel(R) PRO/1000 Network Driver
[    3.133484] e1000: Copyright (c) 1999-2006 Intel Corporation.
[    3.289232] ata1.00: ATA-7: QEMU HARDDISK, 2.5+, max UDMA/100
[    3.289813] ata1.00: 16777216 sectors, multi 16: LBA48 
[    3.290465] ata2.00: ATAPI: QEMU DVD-ROM, 2.5+, max UDMA/100
[    3.292114] scsi 0:0:0:0: Direct-Access     ATA      QEMU HARDDISK    2.5+ PQ: 0 ANSI: 5
[    3.293657] scsi 0:0:0:0: Attached scsi generic sg0 type 0
[    3.294901] scsi 1:0:0:0: CD-ROM            QEMU     QEMU DVD-ROM     2.5+ PQ: 0 ANSI: 5
[    3.296634] scsi 1:0:0:0: Attached scsi generic sg1 type 5
[    3.297767] sd 0:0:0:0: [sda] 16777216 512-byte logical blocks: (8.59 GB/8.00 GiB)
[    3.298503] sd 0:0:0:0: [sda] Write Protect is off
[    3.298980] sd 0:0:0:0: [sda] Write cache: enabled, read cache: enabled, doesn't support DPO or FUA
[    3.313362] PCI Interrupt Link [LNKC] enabled at IRQ 11
[    3.324449] sd 0:0:0:0: [sda] Attached SCSI disk
[    3.643652] e1000 0000:00:03.0 eth0: (PCI:33MHz:32-bit) 52:54:00:12:34:56
[    3.644327] e1000 0000:00:03.0 eth0: Intel(R) PRO/1000 Network Connection
[    3.645024] e1000e: Intel(R) PRO/1000 Network Driver
[    3.645470] e1000e: Copyright(c) 1999 - 2015 Intel Corporation.
[    3.646060] igb: Intel(R) Gigabit Ethernet Network Driver
[    3.646549] igb: Copyright (c) 2007-2014 Intel Corporation.
[    3.647146] PPP generic driver version 2.4.2
[    3.648104] VFIO - User Level meta-driver version: 0.3
[    3.648669] ehci_hcd: USB 2.0 'Enhanced' Host Controller (EHCI) Driver
[    3.649263] ehci-pci: EHCI PCI platform driver
[    3.649697] ehci-platform: EHCI generic platform driver
[    3.650185] ohci_hcd: USB 1.1 'Open' Host Controller (OHCI) Driver
[    3.650741] ohci-pci: OHCI PCI platform driver
[    3.651165] ohci-platform: OHCI generic platform driver
[    3.651652] uhci_hcd: USB Universal Host Controller Interface driver
[    3.652464] usbcore: registered new interface driver uas
[    3.653007] usbcore: registered new interface driver usb-storage
[    3.653652] i8042: PNP: PS/2 Controller [PNP0303:KBD,PNP0f13:MOU] at 0x60,0x64 irq 1,12
[    3.655060] serio: i8042 KBD port at 0x60,0x64 irq 1
[    3.655547] serio: i8042 AUX port at 0x60,0x64 irq 12
[    3.656634] mousedev: PS/2 mouse device common for all mice
[    3.658005] input: AT Translated Set 2 keyboard as /devices/platform/i8042/serio0/input/input1
[    3.659692] input: VirtualPS/2 VMware VMMouse as /devices/platform/i8042/serio1/input/input4
[    3.660463] rtc_cmos 00:05: RTC can wake from S4
[    3.661131] input: VirtualPS/2 VMware VMMouse as /devices/platform/i8042/serio1/input/input3
[    3.662063] rtc_cmos 00:05: registered as rtc0
[    3.662569] rtc_cmos 00:05: setting system clock to 2023-01-25T00:00:14 UTC (1674604814)
[    3.663430] rtc_cmos 00:05: alarms up to one day, y3k, 242 bytes nvram, hpet irqs
[    3.664123] i2c /dev entries driver
[    3.664612] device-mapper: uevent: version 1.0.3
[    3.665257] device-mapper: ioctl: 4.44.0-ioctl (2021-02-01) initialised: dm-devel@redhat.com
[    3.666008] intel_pstate: CPU model not supported
[    3.666516] sdhci: Secure Digital Host Controller Interface driver
[    3.667063] sdhci: Copyright(c) Pierre Ossman
[    3.667522] sdhci-pltfm: SDHCI platform and OF driver helper
[    3.668091] ledtrig-cpu: registered to indicate activity on CPUs
[    3.668742] drop_monitor: Initializing network drop monitor service
[    3.669881] NET: Registered protocol family 10
[    3.672791] Segment Routing with IPv6
[    3.673174] NET: Registered protocol family 17
[    3.673789] 9pnet: Installing 9P2000 support
[    3.674229] Key type dns_resolver registered
[    3.675352] IPI shorthand broadcast: enabled
[    3.675777] sched_clock: Marking stable (3661246085, 13889771)->(3678905314, -3769458)
[    3.676705] registered taskstats version 1
[    3.677160] Loading compiled-in X.509 certificates
[    3.677802] zswap: loaded using pool lzo/zbud
[    3.678715] Key type ._fscrypt registered
[    3.679087] Key type .fscrypt registered
[    3.679445] Key type fscrypt-provisioning registered
[    3.680602] Key type encrypted registered
[    3.680995] ima: No TPM chip found, activating TPM-bypass!
[    3.681496] ima: Allocated hash algorithm: sha1
[    3.681939] ima: No architecture policies found
[    3.682405] evm: Initialising EVM extended attributes:
[    3.682865] evm: security.selinux
[    3.683169] evm: security.SMACK64
[    3.683474] evm: security.SMACK64EXEC
[    3.683814] evm: security.SMACK64TRANSMUTE
[    3.684185] evm: security.SMACK64MMAP
[    3.684548] evm: security.apparmor
[    3.684859] evm: security.ima
[    3.685133] evm: security.capability
[    3.685459] evm: HMAC attrs: 0x1
[    3.688215] PM:   Magic number: 7:804:1
[    3.688973] RAS: Correctable Errors collector initialized.
[    3.690421] md: Waiting for all devices to be available before autodetect
[    3.691026] md: If you don't use raid, use raid=noautodetect
[    3.691531] md: Autodetecting RAID arrays.
[    3.691915] md: autorun ...
[    3.692173] md: ... autorun DONE.
[    3.695395] EXT4-fs (sda): INFO: recovery required on readonly filesystem
[    3.696041] EXT4-fs (sda): write access will be enabled during recovery
[    3.740898] EXT4-fs (sda): recovery complete
[    3.742508] EXT4-fs (sda): mounted filesystem with ordered data mode. Opts: (null). Quota mode: none.
[    3.743366] VFS: Mounted root (ext4 filesystem) readonly on device 8:0.
[    3.744355] devtmpfs: mounted
[    3.752828] Freeing unused decrypted memory: 2036K
[    3.754375] Freeing unused kernel image (initmem) memory: 2984K
[    3.754959] Write protecting the kernel read-only data: 40960k
[    3.757951] Freeing unused kernel image (text/rodata gap) memory: 2028K
[    3.758975] Freeing unused kernel image (rodata/data gap) memory: 680K
[    3.862478] x86/mm: Checked W+X mappings: passed, no W+X pages found.
[    3.863048] Run /sbin/init as init process
[    3.867722] random: fast init done
[    3.944178] systemd[1]: RTC configured in localtime, applying delta of 0 minutes to system time.
[    3.966665] systemd[1]: systemd 239 (239-49.el8) running in system mode. (+PAM +AUDIT +SELINUX +IMA -APPARMOR +SMACK +SYSVINIT +UTMP +LIBCRYPTSETUP +GCRYPT +GNUTLS +ACL +XZ +LZ4 +SECCOMP +BLKID +ELFUTILS +KMOD +IDN2 -IDN +PCRE2 default-hierarchy=legacy)
[    3.968862] systemd[1]: Detected virtualization kvm.
[    3.969320] systemd[1]: Detected architecture x86-64.

Welcome to [0;31mCentOS Stream 8[0m!

[    3.992091] systemd[1]: Set hostname to <test>.
[    4.110753] random: lvmconfig: uninitialized urandom read (4 bytes read)
[    4.196051] random: systemd: uninitialized urandom read (16 bytes read)
[    4.196959] systemd[1]: Listening on Journal Socket (/dev/log).
[[0;32m  OK  [0m] Listening on Journal Socket (/dev/log).
[    4.198297] random: systemd: uninitialized urandom read (16 bytes read)
[    4.199337] systemd[1]: Set up automount Arbitrary Executable File Formats File System Automount Point.
[[0;32m  OK  [0m] Set up automount Arbitrary Executabâ€¦rmats File System Automount Point.
[    4.201069] systemd[1]: Started Forward Password Requests to Wall Directory Watch.
[[0;32m  OK  [0m] Started Forward Password Requests to Wall Directory Watch.
[    4.202591] systemd[1]: Listening on udev Control Socket.
[[0;32m  OK  [0m] Listening on udev Control Socket.
[    4.203628] systemd[1]: Listening on initctl Compatibility Named Pipe.
[[0;32m  OK  [0m] Listening on initctl Compatibility Named Pipe.
[    4.204875] systemd[1]: Listening on Device-mapper event daemon FIFOs.
[[0;32m  OK  [0m] Listening on Device-mapper event daemon FIFOs.
[[0;32m  OK  [0m] Listening on RPCbind Server Activation Socket.
[[0;32m  OK  [0m] Reached target Swap.
[[0;32m  OK  [0m] Reached target RPC Port Mapper.
[[0;32m  OK  [0m] Listening on udev Kernel Socket.
[[0;32m  OK  [0m] Listening on Process Core Dump Socket.
[[0;32m  OK  [0m] Created slice system-serial\x2dgetty.slice.
[[0;32m  OK  [0m] Listening on multipathd control socket.
[[0;32m  OK  [0m] Listening on LVM2 poll daemon socket.
[[0;32m  OK  [0m] Created slice system-sshd\x2dkeygen.slice.
[[0;32m  OK  [0m] Created slice system-getty.slice.
[[0;32m  OK  [0m] Created slice User and Session Slice.
[[0;32m  OK  [0m] Reached target Slices.
[[0;32m  OK  [0m] Listening on Journal Socket.
         Mounting Huge Pages File System...
         Starting Setup Virtual Console...
         Starting udev Coldplug all Devices...
         Starting Journal Service...
         Starting Monitoring of LVM2 mirrorsâ€¦ng dmeventd or progress polling...
         Mounting Kernel Debug File System...
         Starting Remount Root and Kernel File Systems...
         Mounting POSIX Message Queue File System...
         Starting Load Kernel Modules...
[[0;32m  OK  [0m] Mounted Huge Pages File System.
[[0;32m  OK  [0m] Mounted Kernel Debug File System.
[[0;32m  OK  [0m] Mounted POSIX Message Queue File System.
[[0;1;31mFAILED[0m] Failed to start Load Kernel Modules.
See 'systemctl status systemd-modules-load.service' for details.
[[0;32m  OK  [0m] Started Journal Service.
         Mounting FUSE Control File System...
         Mounting Kernel Configuration File System...
         Startin[    4.527504] EXT4-fs (sda): re-mounted. Opts: (null). Quota mode: none.
g Apply Kernel Variables...
[[0;32m  OK  [0m] Started Remount Root and Kernel File Systems.
[[0;32m  OK  [0m] Mounted FUSE Control File System.
[[0;32m  OK  [0m] Mounted Kernel Configuration File System.
         Starting Load/Save Random Seed...
         Starting Flush Journal to Persistent Storage...
         Starting Create Static Device Nodes in /dev...
[[0;32m  OK  [0m] Started Setup Virtual Console.
[[0;32m  OK  [0m] Started Apply Kernel Variables.
[[0;32m  OK  [0m] Started Load/Save Random Seed.
[[0;32m  OK  [0m] Started Flush Journal to Persistent Storage.
[[0;32m  OK  [0m] Started Create Static Device Nodes in /dev.
         Starting udev Kernel Device Manager...
[[0;32m  OK  [0m] Started udev Coldplug all Devices.
         Starting udev Wait for Complete Device Initialization...
[[0;32m  OK  [0m] Started udev Kernel Device Manager.
         Starting Show Plymouth Boot Screen...
[[0;32m  OK  [0m] Started Show Plymouth Boot Screen.
[[0;32m  OK  [0m] Started Forward Password Requests to Plymouth Directory Watch.
[[0;32m  OK  [0m] Reached target Local Encrypted Volumes.
[[0;32m  OK  [0m] Reached target Paths.
[[0;32m  OK  [0m] Found device /dev/ttyS0.
[[0;32m  OK  [0m] Started Monitoring of LVM2 mirrors,â€¦sing dmeventd or progress polling.
[[0;32m  OK  [0m] Started udev Wait for Complete Device Initialization.
[[0;32m  OK  [0m] Reached target Local File Systems (Pre).
[[0;32m  OK  [0m] Reached target Local File Systems.
         Starting Tell Plymouth To Write Out Runtime Data...
         Starting Create Volatile Files and Directories...
         Starting Restore /run/initramfs on shutdown...
[[0;32m  OK  [0m] Listening on Load/Save RF Kill Switch Status /dev/rfkill Watch.
[[0;32m  OK  [0m] Started Tell Plymouth To Write Out Runtime Data.
[[0;32m  OK  [0m] Started Create Volatile Files and Directories.
[[0;32m  OK  [0m] Started Restore /run/initramfs on shutdown.
         Starting Security Auditing Service...
         Starting RPC Bind...
         Mounting RPC Pipe File System...
[[0;32m  OK  [0m] Mounted RPC Pipe File System.
[[0;32m  OK  [0m] Reached target rpc_pipefs.target.
[[0;32m  OK  [0m] Started RPC Bind.
[[0;32m  OK  [0m] Started Security Auditing Service.
         Starting Update UTMP about System Boot/Shutdown...
[[0;32m  OK  [0m] Started Update UTMP about System Boot/Shutdown.
[[0;32m  OK  [0m] Reached target System Initialization.
[[0;32m  OK  [0m] Listening on D-Bus System Message Bus Socket.
[[0;32m  OK  [0m] Started dnf makecache --timer.
[[0;32m  OK  [0m] Listening on SSSD Kerberos Cache Manager responder socket.
[[0;32m  OK  [0m] Reached target Sockets.
[[0;32m  OK  [0m] Reached target Basic System.
         Starting Login Service...
[[0;32m  OK  [0m] Started D-Bus System Message Bus.
         Starting Self Monitoring and Reporting Technology (SMART) Daemon...
         Starting NTP client/server...
[[0;32m  OK  [0m] Reached target sshd-keygen.target.
         Starting Network Manager...
[[0;32m  OK  [0m] Started irqbalance daemon.
         Starting Authorization Manager...
[[0;32m  OK  [0m] Started Daily Cleanup of Temporary Directories.
[[0;32m  OK  [0m] Started daily update of the root trust anchor for DNSSEC.
[[0;32m  OK  [0m] Reached target Timers.
[[0;32m  OK  [0m] Started Machine Check Exception Logging Daemon.
         Starting Auto-connect to subsystemsâ€¦-NVME devices found during boot...
[[0;32m  OK  [0m] Started Self Monitoring and Reporting Technology (SMART) Daemon.
[[0;32m  OK  [0m] Started Auto-connect to subsystems â€¦FC-NVME devices found during boot.
         Starting update of the root trust aâ€¦or DNSSEC validation in unbound...
[[0;32m  OK  [0m] Started Login Service.
[[0;32m  OK  [0m] Started NTP client/server.
[[0;32m  OK  [0m] Started Network Manager.
         Starting Network Manager Wait Online...
[[0;32m  OK  [0m] Reached target Network.
         Starting Dynamic System Tuning Daemon...
         Starting GSSAPI Proxy Daemon...
         Starting OpenSSH server daemon...
         Starting Hostname Service...
[[0;32m  OK  [0m] Started Authorization Manager.
[[0;32m  OK  [0m] Started Hostname Service.
         Starting Network Manager Script Dispatcher Service...
[    6.208496] e1000: eth0 NIC Link is Up 1000 Mbps Full Duplex, Flow Control: RX
[    6.209614] IPv6: ADDRCONF(NETDEV_CHANGE): eth0: link becomes ready
[[0;32m  OK  [0m] Started Network Manager Script Dispatcher Service.
[[0;32m  OK  [0m] Started Dynamic System Tuning Daemon.
[    7.184438] random: crng init done
[    7.184813] random: 7 urandom warning(s) missed due to ratelimiting
[[0;32m  OK  [0m] Started GSSAPI Proxy Daemon.
[[0;32m  OK  [0m] Reached target NFS client services.
[[0;32m  OK  [0m] Reached target Remote File Systems (Pre).
[[0;32m  OK  [0m] Reached target Remote File Systems.
         Starting Permit User Sessions...
[[0;32m  OK  [0m] Started update of the root trust anâ€¦ for DNSSEC validation in unbound.
[[0;32m  OK  [0m] Started OpenSSH server daemon.
[[0;32m  OK  [0m] Started Permit User Sessions.
[[0;32m  OK  [0m] Started Command Scheduler.
         Starting Terminate Plymouth Boot Screen...
         Starting Hold until boot process finishes up...

CentOS Stream 8
Kernel 5.12.0-rc3-6417f03132a6+ on an x86_64

test login: [  300.192336] INFO: task kworker/u4:3:117 blocked for more than 147 seconds.
[  300.193085]       Not tainted 5.12.0-rc3-6417f03132a6+ #1
[  300.193582] "echo 0 > /proc/sys/kernel/hung_task_timeout_secs" disables this message.
[  300.194280] task:kworker/u4:3    state:D stack:    0 pid:  117 ppid:     2 flags:0x00004000
[  300.195037] Workqueue: events_unbound io_ring_exit_work
[  300.195534] Call Trace:
[  300.195772]  __schedule+0x46f/0xa00
[  300.196108]  ? wait_for_completion+0x8c/0x120
[  300.196537]  schedule+0x55/0xc0
[  300.196838]  schedule_timeout+0x4a3/0x5c0
[  300.197214]  ? mark_held_locks+0x4e/0x80
[  300.197584]  ? _raw_spin_unlock_irq+0x27/0x40
[  300.197990]  ? wait_for_completion+0xb8/0x120
[  300.198393]  ? wait_for_completion+0x8c/0x120
[  300.198798]  ? _raw_spin_unlock_irq+0x27/0x40
[  300.199205]  ? trace_hardirqs_on+0x6a/0x150
[  300.199605]  ? wait_for_completion+0x8c/0x120
[  300.200008]  wait_for_completion+0xc0/0x120
[  300.200409]  io_ring_exit_work+0x192/0x560
[  300.200794]  ? io_uring_del_task_file+0x110/0x110
[  300.201242]  process_one_work+0x3c7/0x8a0
[  300.201626]  worker_thread+0x4e/0x660
[  300.201973]  ? process_one_work+0x8a0/0x8a0
[  300.202364]  kthread+0x17c/0x1a0
[  300.202669]  ? kthread_park+0x110/0x110
[  300.203029]  ret_from_fork+0x1f/0x30
[  300.203400] 
[  300.203400] Showing all locks held in the system:
[  300.203961] 1 lock held by khungtaskd/29:
[  300.204339]  #0: ffffffff83987280 (rcu_read_lock){....}-{1:2}, at: debug_show_all_locks+0x23/0x185
[  300.205165] 2 locks held by kworker/u4:3/117:
[  300.205565]  #0: ff11000005841938 ((wq_completion)events_unbound){+.+.}-{0:0}, at: process_one_work+0x31e/0x8a0
[  300.206484]  #1: ffa0000000837e58 ((work_completion)(&ctx->exit_work)){+.+.}-{0:0}, at: process_one_work+0x31e/0x8a0
[  300.207447] 
[  300.207593] =============================================
[  300.207593] 
[  447.648337] INFO: task kworker/u4:3:117 blocked for more than 294 seconds.
[  447.649020]       Not tainted 5.12.0-rc3-6417f03132a6+ #1
[  447.649514] "echo 0 > /proc/sys/kernel/hung_task_timeout_secs" disables this message.
[  447.650213] task:kworker/u4:3    state:D stack:    0 pid:  117 ppid:     2 flags:0x00004000
[  447.650970] Workqueue: events_unbound io_ring_exit_work
[  447.651464] Call Trace:
[  447.651701]  __schedule+0x46f/0xa00
[  447.652038]  ? wait_for_completion+0x8c/0x120
[  447.652474]  schedule+0x55/0xc0
[  447.652777]  schedule_timeout+0x4a3/0x5c0
[  447.653156]  ? mark_held_locks+0x4e/0x80
[  447.653528]  ? _raw_spin_unlock_irq+0x27/0x40
[  447.653936]  ? wait_for_completion+0xb8/0x120
[  447.654341]  ? wait_for_completion+0x8c/0x120
[  447.654751]  ? _raw_spin_unlock_irq+0x27/0x40
[  447.655162]  ? trace_hardirqs_on+0x6a/0x150
[  447.655557]  ? wait_for_completion+0x8c/0x120
[  447.655965]  wait_for_completion+0xc0/0x120
[  447.656369]  io_ring_exit_work+0x192/0x560
[  447.656757]  ? io_uring_del_task_file+0x110/0x110
[  447.657205]  process_one_work+0x3c7/0x8a0
[  447.657588]  worker_thread+0x4e/0x660
[  447.657937]  ? process_one_work+0x8a0/0x8a0
[  447.658328]  kthread+0x17c/0x1a0
[  447.658635]  ? kthread_park+0x110/0x110
[  447.658999]  ret_from_fork+0x1f/0x30
[  447.659366] 
[  447.659366] Showing all locks held in the system:
[  447.659928] 1 lock held by khungtaskd/29:
[  447.660308]  #0: ffffffff83987280 (rcu_read_lock){....}-{1:2}, at: debug_show_all_locks+0x23/0x185
[  447.661137] 2 locks held by kworker/u4:3/117:
[  447.661538]  #0: ff11000005841938 ((wq_completion)events_unbound){+.+.}-{0:0}, at: process_one_work+0x31e/0x8a0
[  447.662464]  #1: ffa0000000837e58 ((work_completion)(&ctx->exit_work)){+.+.}-{0:0}, at: process_one_work+0x31e/0x8a0
[  447.663428] 1 lock held by repro/557:
[  447.663769] 
[  447.663916] =============================================
[  447.663916] 
[  595.104336] INFO: task kworker/u4:3:117 blocked for more than 442 seconds.
[  595.105021]       Not tainted 5.12.0-rc3-6417f03132a6+ #1
[  595.105516] "echo 0 > /proc/sys/kernel/hung_task_timeout_secs" disables this message.
[  595.106215] task:kworker/u4:3    state:D stack:    0 pid:  117 ppid:     2 flags:0x00004000
[  595.106984] Workqueue: events_unbound io_ring_exit_work
[  595.107478] Call Trace:
[  595.107717]  __schedule+0x46f/0xa00
[  595.108053]  ? wait_for_completion+0x8c/0x120
[  595.108487]  schedule+0x55/0xc0
[  595.108788]  schedule_timeout+0x4a3/0x5c0
[  595.109166]  ? mark_held_locks+0x4e/0x80
[  595.109538]  ? _raw_spin_unlock_irq+0x27/0x40
[  595.109942]  ? wait_for_completion+0xb8/0x120
[  595.110353]  ? wait_for_completion+0x8c/0x120
[  595.110761]  ? _raw_spin_unlock_irq+0x27/0x40
[  595.111169]  ? trace_hardirqs_on+0x6a/0x150
[  595.111565]  ? wait_for_completion+0x8c/0x120
[  595.111973]  wait_for_completion+0xc0/0x120
[  595.112376]  io_ring_exit_work+0x192/0x560
[  595.112764]  ? io_uring_del_task_file+0x110/0x110
[  595.113212]  process_one_work+0x3c7/0x8a0
[  595.113601]  worker_thread+0x4e/0x660
[  595.113947]  ? process_one_work+0x8a0/0x8a0
[  595.114341]  kthread+0x17c/0x1a0
[  595.114647]  ? kthread_park+0x110/0x110
[  595.115006]  ret_from_fork+0x1f/0x30
[  595.115373] 
[  595.115373] Showing all locks held in the system:
[  595.115931] 1 lock held by khungtaskd/29:
[  595.116309]  #0: ffffffff83987280 (rcu_read_lock){....}-{1:2}, at: debug_show_all_locks+0x23/0x185
[  595.117134] 2 locks held by kworker/u4:3/117:
[  595.117535]  #0: ff11000005841938 ((wq_completion)events_unbound){+.+.}-{0:0}, at: process_one_work+0x31e/0x8a0
[  595.118457]  #1: ffa0000000837e58 ((work_completion)(&ctx->exit_work)){+.+.}-{0:0}, at: process_one_work+0x31e/0x8a0
[  595.119417] 
[  595.119565] =============================================
[  595.119565] 
[  742.560338] INFO: task kworker/u4:3:117 blocked for more than 589 seconds.
[  742.561031]       Not tainted 5.12.0-rc3-6417f03132a6+ #1
[  742.561526] "echo 0 > /proc/sys/kernel/hung_task_timeout_secs" disables this message.
[  742.562234] task:kworker/u4:3    state:D stack:    0 pid:  117 ppid:     2 flags:0x00004000
[  742.562992] Workqueue: events_unbound io_ring_exit_work
[  742.563485] Call Trace:
[  742.563721]  __schedule+0x46f/0xa00
[  742.564058]  ? wait_for_completion+0x8c/0x120
[  742.564493]  schedule+0x55/0xc0
[  742.564797]  schedule_timeout+0x4a3/0x5c0
[  742.565175]  ? mark_held_locks+0x4e/0x80
[  742.565547]  ? _raw_spin_unlock_irq+0x27/0x40
[  742.565957]  ? wait_for_completion+0xb8/0x120
[  742.566363]  ? wait_for_completion+0x8c/0x120
[  742.566768]  ? _raw_spin_unlock_irq+0x27/0x40
[  742.567175]  ? trace_hardirqs_on+0x6a/0x150
[  742.567570]  ? wait_for_completion+0x8c/0x120
[  742.567978]  wait_for_completion+0xc0/0x120
[  742.568383]  io_ring_exit_work+0x192/0x560
[  742.568769]  ? io_uring_del_task_file+0x110/0x110
[  742.569219]  process_one_work+0x3c7/0x8a0
[  742.569604]  worker_thread+0x4e/0x660
[  742.569954]  ? process_one_work+0x8a0/0x8a0
[  742.570346]  kthread+0x17c/0x1a0
[  742.570653]  ? kthread_park+0x110/0x110
[  742.571014]  ret_from_fork+0x1f/0x30
[  742.571381] 
[  742.571381] Showing all locks held in the system:
[  742.571939] 1 lock held by khungtaskd/29:
[  742.572317]  #0: ffffffff83987280 (rcu_read_lock){....}-{1:2}, at: debug_show_all_locks+0x23/0x185
[  742.573148] 2 locks held by kworker/u4:3/117:
[  742.573548]  #0: ff11000005841938 ((wq_completion)events_unbound){+.+.}-{0:0}, at: process_one_work+0x31e/0x8a0
[  742.574475]  #1: ffa0000000837e58 ((work_completion)(&ctx->exit_work)){+.+.}-{0:0}, at: process_one_work+0x31e/0x8a0
[  742.575438] 
[  742.575585] =============================================
[  742.575585] 
[  890.016470] INFO: task kworker/u4:3:117 blocked for more than 737 seconds.
[  890.017164]       Not tainted 5.12.0-rc3-6417f03132a6+ #1
[  890.017660] "echo 0 > /proc/sys/kernel/hung_task_timeout_secs" disables this message.
[  890.018379] task:kworker/u4:3    state:D stack:    0 pid:  117 ppid:     2 flags:0x00004000
[  890.019138] Workqueue: events_unbound io_ring_exit_work
[  890.019631] Call Trace:
[  890.019869]  __schedule+0x46f/0xa00
[  890.020207]  ? wait_for_completion+0x8c/0x120
[  890.020640]  schedule+0x55/0xc0
[  890.020942]  schedule_timeout+0x4a3/0x5c0
[  890.021322]  ? mark_held_locks+0x4e/0x80
[  890.021695]  ? _raw_spin_unlock_irq+0x27/0x40
[  890.022107]  ? wait_for_completion+0xb8/0x120
[  890.022514]  ? wait_for_completion+0x8c/0x120
[  890.022922]  ? _raw_spin_unlock_irq+0x27/0x40
[  890.023330]  ? trace_hardirqs_on+0x6a/0x150
[  890.023728]  ? wait_for_completion+0x8c/0x120
[  890.024133]  wait_for_completion+0xc0/0x120
[  890.024538]  io_ring_exit_work+0x192/0x560
[  890.024927]  ? io_uring_del_task_file+0x110/0x110
[  890.025379]  process_one_work+0x3c7/0x8a0
[  890.025767]  worker_thread+0x4e/0x660
[  890.026118]  ? process_one_work+0x8a0/0x8a0
[  890.026512]  kthread+0x17c/0x1a0
[  890.026819]  ? kthread_park+0x110/0x110
[  890.027181]  ret_from_fork+0x1f/0x30
[  890.027553] 
[  890.027553] Showing all locks held in the system:
[  890.028116] 1 lock held by khungtaskd/29:
[  890.028496]  #0: ffffffff83987280 (rcu_read_lock){....}-{1:2}, at: debug_show_all_locks+0x23/0x185
[  890.029335] 2 locks held by kworker/u4:3/117:
[  890.029735]  #0: ff11000005841938 ((wq_completion)events_unbound){+.+.}-{0:0}, at: process_one_work+0x31e/0x8a0
[  890.030658]  #1: ffa0000000837e58 ((work_completion)(&ctx->exit_work)){+.+.}-{0:0}, at: process_one_work+0x31e/0x8a0
[  890.031620] 
[  890.031769] =============================================
[  890.031769] 
[ 1037.472336] INFO: task kworker/u4:3:117 blocked for more than 884 seconds.
[ 1037.473021]       Not tainted 5.12.0-rc3-6417f03132a6+ #1
[ 1037.473513] "echo 0 > /proc/sys/kernel/hung_task_timeout_secs" disables this message.
[ 1037.474209] task:kworker/u4:3    state:D stack:    0 pid:  117 ppid:     2 flags:0x00004000
[ 1037.474961] Workqueue: events_unbound io_ring_exit_work
[ 1037.475452] Call Trace:
[ 1037.475687]  __schedule+0x46f/0xa00
[ 1037.476020]  ? wait_for_completion+0x8c/0x120
[ 1037.476453]  schedule+0x55/0xc0
[ 1037.476752]  schedule_timeout+0x4a3/0x5c0
[ 1037.477127]  ? mark_held_locks+0x4e/0x80
[ 1037.477498]  ? _raw_spin_unlock_irq+0x27/0x40
[ 1037.477909]  ? wait_for_completion+0xb8/0x120
[ 1037.478314]  ? wait_for_completion+0x8c/0x120
[ 1037.478720]  ? _raw_spin_unlock_irq+0x27/0x40
[ 1037.479125]  ? trace_hardirqs_on+0x6a/0x150
[ 1037.479517]  ? wait_for_completion+0x8c/0x120
[ 1037.479921]  wait_for_completion+0xc0/0x120
[ 1037.480323]  io_ring_exit_work+0x192/0x560
[ 1037.480708]  ? io_uring_del_task_file+0x110/0x110
[ 1037.481154]  process_one_work+0x3c7/0x8a0
[ 1037.481536]  worker_thread+0x4e/0x660
[ 1037.481886]  ? process_one_work+0x8a0/0x8a0
[ 1037.482274]  kthread+0x17c/0x1a0
[ 1037.482578]  ? kthread_park+0x110/0x110
[ 1037.482937]  ret_from_fork+0x1f/0x30
[ 1037.483303] 
[ 1037.483303] Showing all locks held in the system:
[ 1037.483861] 1 lock held by khungtaskd/29:
[ 1037.484229]  #0: ffffffff83987280 (rcu_read_lock){....}-{1:2}, at: debug_show_all_locks+0x23/0x185
[ 1037.485063] 2 locks held by kworker/u4:3/117:
[ 1037.485460]  #0: ff11000005841938 ((wq_completion)events_unbound){+.+.}-{0:0}, at: process_one_work+0x31e/0x8a0
[ 1037.486381]  #1: ffa0000000837e58 ((work_completion)(&ctx->exit_work)){+.+.}-{0:0}, at: process_one_work+0x31e/0x8a0
[ 1037.487337] 
[ 1037.487484] =============================================
[ 1037.487484] 
[ 1184.928335] INFO: task kworker/u4:3:117 blocked for more than 1032 seconds.
[ 1184.929026]       Not tainted 5.12.0-rc3-6417f03132a6+ #1
[ 1184.929515] "echo 0 > /proc/sys/kernel/hung_task_timeout_secs" disables this message.
[ 1184.930220] task:kworker/u4:3    state:D stack:    0 pid:  117 ppid:     2 flags:0x00004000
[ 1184.930971] Workqueue: events_unbound io_ring_exit_work
[ 1184.931461] Call Trace:
[ 1184.931697]  __schedule+0x46f/0xa00
[ 1184.932033]  ? wait_for_completion+0x8c/0x120
[ 1184.932464]  schedule+0x55/0xc0
[ 1184.932763]  schedule_timeout+0x4a3/0x5c0
[ 1184.933136]  ? mark_held_locks+0x4e/0x80
[ 1184.933505]  ? _raw_spin_unlock_irq+0x27/0x40
[ 1184.933914]  ? wait_for_completion+0xb8/0x120
[ 1184.934315]  ? wait_for_completion+0x8c/0x120
[ 1184.934720]  ? _raw_spin_unlock_irq+0x27/0x40
[ 1184.935123]  ? trace_hardirqs_on+0x6a/0x150
[ 1184.935514]  ? wait_for_completion+0x8c/0x120
[ 1184.935917]  wait_for_completion+0xc0/0x120
[ 1184.936315]  io_ring_exit_work+0x192/0x560
[ 1184.936697]  ? io_uring_del_task_file+0x110/0x110
[ 1184.937143]  process_one_work+0x3c7/0x8a0
[ 1184.937524]  worker_thread+0x4e/0x660
[ 1184.937871]  ? process_one_work+0x8a0/0x8a0
[ 1184.938260]  kthread+0x17c/0x1a0
[ 1184.938563]  ? kthread_park+0x110/0x110
[ 1184.938922]  ret_from_fork+0x1f/0x30
[ 1184.939287] 
[ 1184.939287] Showing all locks held in the system:
[ 1184.939845] 1 lock held by khungtaskd/29:
[ 1184.940213]  #0: ffffffff83987280 (rcu_read_lock){....}-{1:2}, at: debug_show_all_locks+0x23/0x185
[ 1184.941043] 2 locks held by kworker/u4:3/117:
[ 1184.941440]  #0: ff11000005841938 ((wq_completion)events_unbound){+.+.}-{0:0}, at: process_one_work+0x31e/0x8a0
[ 1184.942359]  #1: ffa0000000837e58 ((work_completion)(&ctx->exit_work)){+.+.}-{0:0}, at: process_one_work+0x31e/0x8a0
[ 1184.943315] 
[ 1184.943464] =============================================
[ 1184.943464] 
[ 1332.384336] INFO: task kworker/u4:3:117 blocked for more than 1179 seconds.
[ 1332.385049]       Not tainted 5.12.0-rc3-6417f03132a6+ #1
[ 1332.385547] "echo 0 > /proc/sys/kernel/hung_task_timeout_secs" disables this message.
[ 1332.386240] task:kworker/u4:3    state:D stack:    0 pid:  117 ppid:     2 flags:0x00004000
[ 1332.386991] Workqueue: events_unbound io_ring_exit_work
[ 1332.387479] Call Trace:
[ 1332.387711]  __schedule+0x46f/0xa00
[ 1332.388042]  ? wait_for_completion+0x8c/0x120
[ 1332.388472]  schedule+0x55/0xc0
[ 1332.388767]  schedule_timeout+0x4a3/0x5c0
[ 1332.389141]  ? mark_held_locks+0x4e/0x80
[ 1332.389512]  ? _raw_spin_unlock_irq+0x27/0x40
[ 1332.389920]  ? wait_for_completion+0xb8/0x120
[ 1332.390318]  ? wait_for_completion+0x8c/0x120
[ 1332.390716]  ? _raw_spin_unlock_irq+0x27/0x40
[ 1332.391115]  ? trace_hardirqs_on+0x6a/0x150
[ 1332.391504]  ? wait_for_completion+0x8c/0x120
[ 1332.391904]  wait_for_completion+0xc0/0x120
[ 1332.392299]  io_ring_exit_work+0x192/0x560
[ 1332.392679]  ? io_uring_del_task_file+0x110/0x110
[ 1332.393120]  process_one_work+0x3c7/0x8a0
[ 1332.393502]  worker_thread+0x4e/0x660
[ 1332.393842]  ? process_one_work+0x8a0/0x8a0
[ 1332.394225]  kthread+0x17c/0x1a0
[ 1332.394525]  ? kthread_park+0x110/0x110
[ 1332.394878]  ret_from_fork+0x1f/0x30
[ 1332.395243] 
[ 1332.395243] Showing all locks held in the system:
[ 1332.395794] 1 lock held by khungtaskd/29:
[ 1332.396159]  #0: ffffffff83987280 (rcu_read_lock){....}-{1:2}, at: debug_show_all_locks+0x23/0x185
[ 1332.396990] 2 locks held by kworker/u4:3/117:
[ 1332.397391]  #0: ff11000005841938 ((wq_completion)events_unbound){+.+.}-{0:0}, at: process_one_work+0x31e/0x8a0
[ 1332.398302]  #1: ffa0000000837e58 ((work_completion)(&ctx->exit_work)){+.+.}-{0:0}, at: process_one_work+0x31e/0x8a0
[ 1332.399253] 
[ 1332.399394] =============================================
[ 1332.399394] 
[ 1479.840344] INFO: task kworker/u4:3:117 blocked for more than 1327 seconds.
[ 1479.841041]       Not tainted 5.12.0-rc3-6417f03132a6+ #1
[ 1479.841545] "echo 0 > /proc/sys/kernel/hung_task_timeout_secs" disables this message.
[ 1479.842233] task:kworker/u4:3    state:D stack:    0 pid:  117 ppid:     2 flags:0x00004000
[ 1479.843000] Workqueue: events_unbound io_ring_exit_work
[ 1479.843483] Call Trace:
[ 1479.843716]  __schedule+0x46f/0xa00
[ 1479.844050]  ? wait_for_completion+0x8c/0x120
[ 1479.844479]  schedule+0x55/0xc0
[ 1479.844776]  schedule_timeout+0x4a3/0x5c0
[ 1479.845153]  ? mark_held_locks+0x4e/0x80
[ 1479.845522]  ? _raw_spin_unlock_irq+0x27/0x40
[ 1479.845924]  ? wait_for_completion+0xb8/0x120
[ 1479.846345]  ? wait_for_completion+0x8c/0x120
[ 1479.846745]  ? _raw_spin_unlock_irq+0x27/0x40
[ 1479.847174]  ? trace_hardirqs_on+0x6a/0x150
[ 1479.847563]  ? wait_for_completion+0x8c/0x120
[ 1479.847978]  wait_for_completion+0xc0/0x120
[ 1479.848381]  io_ring_exit_work+0x192/0x560
[ 1479.848762]  ? io_uring_del_task_file+0x110/0x110
[ 1479.849215]  process_one_work+0x3c7/0x8a0
[ 1479.849594]  worker_thread+0x4e/0x660
[ 1479.849946]  ? process_one_work+0x8a0/0x8a0
[ 1479.850343]  kthread+0x17c/0x1a0
[ 1479.850647]  ? kthread_park+0x110/0x110
[ 1479.851023]  ret_from_fork+0x1f/0x30
[ 1479.851383] 
[ 1479.851383] Showing all locks held in the system:
[ 1479.851940] 1 lock held by khungtaskd/29:
[ 1479.852317]  #0: ffffffff83987280 (rcu_read_lock){....}-{1:2}, at: debug_show_all_locks+0x23/0x185
[ 1479.853144] 2 locks held by kworker/u4:3/117:
[ 1479.853539]  #0: ff11000005841938 ((wq_completion)events_unbound){+.+.}-{0:0}, at: process_one_work+0x31e/0x8a0
[ 1479.854451]  #1: ffa0000000837e58 ((work_completion)(&ctx->exit_work)){+.+.}-{0:0}, at: process_one_work+0x31e/0x8a0
[ 1479.855422] 1 lock held by repro/557:
[ 1479.855757] 
[ 1479.855903] =============================================
[ 1479.855903] 
[ 1627.296340] INFO: task kworker/u4:3:117 blocked for more than 1474 seconds.
[ 1627.297050]       Not tainted 5.12.0-rc3-6417f03132a6+ #1
[ 1627.297537] "echo 0 > /proc/sys/kernel/hung_task_timeout_secs" disables this message.
[ 1627.298228] task:kworker/u4:3    state:D stack:    0 pid:  117 ppid:     2 flags:0x00004000
[ 1627.298980] Workqueue: events_unbound io_ring_exit_work
[ 1627.299467] Call Trace:
[ 1627.299701]  __schedule+0x46f/0xa00
[ 1627.300032]  ? wait_for_completion+0x8c/0x120
[ 1627.300462]  schedule+0x55/0xc0
[ 1627.300756]  schedule_timeout+0x4a3/0x5c0
[ 1627.301135]  ? mark_held_locks+0x4e/0x80
[ 1627.301501]  ? _raw_spin_unlock_irq+0x27/0x40
[ 1627.301902]  ? wait_for_completion+0xb8/0x120
[ 1627.302301]  ? wait_for_completion+0x8c/0x120
[ 1627.302701]  ? _raw_spin_unlock_irq+0x27/0x40
[ 1627.303103]  ? trace_hardirqs_on+0x6a/0x150
[ 1627.303492]  ? wait_for_completion+0x8c/0x120
[ 1627.303892]  wait_for_completion+0xc0/0x120
[ 1627.304295]  io_ring_exit_work+0x192/0x560
[ 1627.304675]  ? io_uring_del_task_file+0x110/0x110
[ 1627.305123]  process_one_work+0x3c7/0x8a0
[ 1627.305501]  worker_thread+0x4e/0x660
[ 1627.305843]  ? process_one_work+0x8a0/0x8a0
[ 1627.306228]  kthread+0x17c/0x1a0
[ 1627.306528]  ? kthread_park+0x110/0x110
[ 1627.306883]  ret_from_fork+0x1f/0x30
[ 1627.307246] 
[ 1627.307246] Showing all locks held in the system:
[ 1627.307800] 1 lock held by khungtaskd/29:
[ 1627.308166]  #0: ffffffff83987280 (rcu_read_lock){....}-{1:2}, at: debug_show_all_locks+0x23/0x185
[ 1627.309006] 2 locks held by kworker/u4:3/117:
[ 1627.309414]  #0: ff11000005841938 ((wq_completion)events_unbound){+.+.}-{0:0}, at: process_one_work+0x31e/0x8a0
[ 1627.310328]  #1: ffa0000000837e58 ((work_completion)(&ctx->exit_work)){+.+.}-{0:0}, at: process_one_work+0x31e/0x8a0
[ 1627.311281] 
[ 1627.311426] =============================================
[ 1627.311426] 
