c[?7l[2J[0mSeaBIOS (version rel-1.16.0-0-gd239552ce722-prebuilt.qemu.org)


iPXE (http://ipxe.org) 00:03.0 CA00 PCI2.10 PnP PMM+7FF91000+7FEF1000 CA00
Press Ctrl-B to configure iPXE (PCI 00:03.0)...                                                                               


Booting from ROM...
c[?7l[2J[    0.000000] Linux version 5.12.0-rc4-9c15db92a8e5+ (root@984fee00a1f6.jf.intel.com) (gcc (GCC) 8.5.0 20210514 (Red Hat 8.5.0-18), GNU ld version 2.36.1-3.el8) #1 SMP Tue Jan 24 13:05:59 PST 2023
[    0.000000] Command line: console=ttyS0 root=/dev/sda earlyprintk=serial net.ifnames=0
[    0.000000] KERNEL supported cpus:
[    0.000000]   Intel GenuineIntel
[    0.000000]   AMD AuthenticAMD
[    0.000000]   Hygon HygonGenuine
[    0.000000]   Centaur CentaurHauls
[    0.000000]   zhaoxin   Shanghai  
[    0.000000] x86/fpu: Supporting XSAVE feature 0x001: 'x87 floating point registers'
[    0.000000] x86/fpu: Supporting XSAVE feature 0x002: 'SSE registers'
[    0.000000] x86/fpu: Supporting XSAVE feature 0x004: 'AVX registers'
[    0.000000] x86/fpu: Supporting XSAVE feature 0x020: 'AVX-512 opmask'
[    0.000000] x86/fpu: Supporting XSAVE feature 0x040: 'AVX-512 Hi256'
[    0.000000] x86/fpu: Supporting XSAVE feature 0x080: 'AVX-512 ZMM_Hi256'
[    0.000000] x86/fpu: Supporting XSAVE feature 0x200: 'Protection Keys User registers'
[    0.000000] x86/fpu: xstate_offset[2]:  576, xstate_sizes[2]:  256
[    0.000000] x86/fpu: xstate_offset[5]:  832, xstate_sizes[5]:   64
[    0.000000] x86/fpu: xstate_offset[6]:  896, xstate_sizes[6]:  512
[    0.000000] x86/fpu: xstate_offset[7]: 1408, xstate_sizes[7]: 1024
[    0.000000] x86/fpu: xstate_offset[9]: 2432, xstate_sizes[9]:    8
[    0.000000] x86/fpu: Enabled xstate features 0x2e7, context size is 2440 bytes, using 'compacted' format.
[    0.000000] BIOS-provided physical RAM map:
[    0.000000] BIOS-e820: [mem 0x0000000000000000-0x000000000009fbff] usable
[    0.000000] BIOS-e820: [mem 0x000000000009fc00-0x000000000009ffff] reserved
[    0.000000] BIOS-e820: [mem 0x00000000000f0000-0x00000000000fffff] reserved
[    0.000000] BIOS-e820: [mem 0x0000000000100000-0x000000007ffdffff] usable
[    0.000000] BIOS-e820: [mem 0x000000007ffe0000-0x000000007fffffff] reserved
[    0.000000] BIOS-e820: [mem 0x00000000feffc000-0x00000000feffffff] reserved
[    0.000000] BIOS-e820: [mem 0x00000000fffc0000-0x00000000ffffffff] reserved
[    0.000000] printk: bootconsole [earlyser0] enabled
[    0.000000] NX (Execute Disable) protection: active
[    0.000000] SMBIOS 2.8 present.
[    0.000000] DMI: QEMU Standard PC (i440FX + PIIX, 1996), BIOS rel-1.16.0-0-gd239552ce722-prebuilt.qemu.org 04/01/2014
[    0.000000] Hypervisor detected: KVM
[    0.000000] kvm-clock: Using msrs 4b564d01 and 4b564d00
[    0.000000] kvm-clock: cpu 0, msr 5401001, primary cpu clock
[    0.000000] kvm-clock: using sched offset of 572834214 cycles
[    0.001048] clocksource: kvm-clock: mask: 0xffffffffffffffff max_cycles: 0x1cd42e4dffb, max_idle_ns: 881590591483 ns
[    0.004140] tsc: Detected 1700.000 MHz processor
[    0.015855] last_pfn = 0x7ffe0 max_arch_pfn = 0x10000000000
[    0.017000] x86/PAT: Configuration [0-7]: WB  WC  UC- UC  WB  WP  UC- WT  
[    0.027797] found SMP MP-table at [mem 0x000f5ba0-0x000f5baf]
[    0.030358] check: Scanning 1 areas for low memory corruption
[    0.031501] Using GB pages for direct mapping
[    0.033847] ACPI: Early table checksum verification disabled
[    0.034965] ACPI: RSDP 0x00000000000F59C0 000014 (v00 BOCHS )
[    0.036102] ACPI: RSDT 0x000000007FFE1951 000034 (v01 BOCHS  BXPC     00000001 BXPC 00000001)
[    0.037738] ACPI: FACP 0x000000007FFE17FD 000074 (v01 BOCHS  BXPC     00000001 BXPC 00000001)
[    0.039340] ACPI: DSDT 0x000000007FFE0040 0017BD (v01 BOCHS  BXPC     00000001 BXPC 00000001)
[    0.040967] ACPI: FACS 0x000000007FFE0000 000040
[    0.041877] ACPI: APIC 0x000000007FFE1871 000080 (v01 BOCHS  BXPC     00000001 BXPC 00000001)
[    0.043529] ACPI: HPET 0x000000007FFE18F1 000038 (v01 BOCHS  BXPC     00000001 BXPC 00000001)
[    0.045150] ACPI: WAET 0x000000007FFE1929 000028 (v01 BOCHS  BXPC     00000001 BXPC 00000001)
[    0.048242] No NUMA configuration found
[    0.049005] Faking a node at [mem 0x0000000000000000-0x000000007ffdffff]
[    0.050342] NODE_DATA(0) allocated [mem 0x7ffb5000-0x7ffdffff]
[    0.057746] Zone ranges:
[    0.058256]   DMA      [mem 0x0000000000001000-0x0000000000ffffff]
[    0.059456]   DMA32    [mem 0x0000000001000000-0x000000007ffdffff]
[    0.060614]   Normal   empty
[    0.061149]   Device   empty
[    0.061699] Movable zone start for each node
[    0.062517] Early memory node ranges
[    0.063214]   node   0: [mem 0x0000000000001000-0x000000000009efff]
[    0.064430]   node   0: [mem 0x0000000000100000-0x000000007ffdffff]
[    0.065644] Initmem setup node 0 [mem 0x0000000000001000-0x000000007ffdffff]
[    0.067839]   DMA zone: 28770 pages in unavailable ranges
[    0.079294]   DMA32 zone: 32 pages in unavailable ranges
[    0.080837] ACPI: PM-Timer IO Port: 0x608
[    0.081647] ACPI: LAPIC_NMI (acpi_id[0xff] dfl dfl lint[0x1])
[    0.082827] IOAPIC[0]: apic_id 0, version 17, address 0xfec00000, GSI 0-23
[    0.084140] ACPI: INT_SRC_OVR (bus 0 bus_irq 0 global_irq 2 dfl dfl)
[    0.085389] ACPI: INT_SRC_OVR (bus 0 bus_irq 5 global_irq 5 high level)
[    0.086667] ACPI: INT_SRC_OVR (bus 0 bus_irq 9 global_irq 9 high level)
[    0.087908] ACPI: INT_SRC_OVR (bus 0 bus_irq 10 global_irq 10 high level)
[    0.089210] ACPI: INT_SRC_OVR (bus 0 bus_irq 11 global_irq 11 high level)
[    0.090539] Using ACPI (MADT) for SMP configuration information
[    0.091683] ACPI: HPET id: 0x8086a201 base: 0xfed00000
[    0.092697] TSC deadline timer available
[    0.093454] smpboot: Allowing 2 CPUs, 0 hotplug CPUs
[    0.094419] kvm-guest: KVM setup pv remote TLB flush
[    0.095399] kvm-guest: setup PV sched yield
[    0.096225] PM: hibernation: Registered nosave memory: [mem 0x00000000-0x00000fff]
[    0.097655] PM: hibernation: Registered nosave memory: [mem 0x0009f000-0x0009ffff]
[    0.099066] PM: hibernation: Registered nosave memory: [mem 0x000a0000-0x000effff]
[    0.100558] PM: hibernation: Registered nosave memory: [mem 0x000f0000-0x000fffff]
[    0.101988] [mem 0x80000000-0xfeffbfff] available for PCI devices
[    0.103129] Booting paravirtualized kernel on KVM
[    0.103988] clocksource: refined-jiffies: mask: 0xffffffff max_cycles: 0xffffffff, max_idle_ns: 7645519600211568 ns
[    0.105982] setup_percpu: NR_CPUS:8192 nr_cpumask_bits:2 nr_cpu_ids:2 nr_node_ids:1
[    0.108148] percpu: Embedded 58 pages/cpu s200704 r8192 d28672 u1048576
[    0.109657] kvm-guest: KVM setup async PF for cpu 0
[    0.110607] kvm-guest: stealtime: cpu 0, msr 7da30080
[    0.111589] kvm-guest: PV spinlocks enabled
[    0.112417] PV qspinlock hash table entries: 256 (order: 0, 4096 bytes, linear)
[    0.113831] Built 1 zonelists, mobility grouping on.  Total pages: 515945
[    0.115110] Policy zone: DMA32
[    0.115714] Kernel command line: net.ifnames=0 console=ttyS0 root=/dev/sda earlyprintk=serial net.ifnames=0
[    0.118674] Dentry cache hash table entries: 262144 (order: 9, 2097152 bytes, linear)
[    0.120403] Inode-cache hash table entries: 131072 (order: 8, 1048576 bytes, linear)
[    0.122067] mem auto-init: stack:off, heap alloc:off, heap free:off
[    0.130801] Memory: 1986064K/2096632K available (30736K kernel code, 5183K rwdata, 7512K rodata, 2984K init, 22344K bss, 110368K reserved, 0K cma-reserved)
[    0.133489] random: get_random_u64 called from __kmem_cache_create+0x2f/0x460 with crng_init=0
[    0.134237] SLUB: HWalign=64, Order=0-3, MinObjects=0, CPUs=2, Nodes=1
[    0.137166] kmemleak: Kernel memory leak detector disabled
[    0.138256] ftrace: allocating 63245 entries in 248 pages
[    0.284407] ftrace: allocated 248 pages with 5 groups
[    0.285724] Running RCU self tests
[    0.286394] rcu: Hierarchical RCU implementation.
[    0.287279] rcu: 	RCU lockdep checking is enabled.
[    0.288196] rcu: 	RCU restricting CPUs from NR_CPUS=8192 to nr_cpu_ids=2.
[    0.289489] 	Trampoline variant of Tasks RCU enabled.
[    0.290446] 	Rude variant of Tasks RCU enabled.
[    0.291290] 	Tracing variant of Tasks RCU enabled.
[    0.292210] rcu: RCU calculated value of scheduler-enlistment delay is 25 jiffies.
[    0.293633] rcu: Adjusting geometry for rcu_fanout_leaf=16, nr_cpu_ids=2
[    0.321286] NR_IRQS: 524544, nr_irqs: 440, preallocated irqs: 16
[    0.340293] Console: colour VGA+ 80x25
[    0.341097] printk: console [ttyS0] enabled
[    0.341097] printk: console [ttyS0] enabled
[    0.342675] printk: bootconsole [earlyser0] disabled
[    0.342675] printk: bootconsole [earlyser0] disabled
[    0.344577] Lock dependency validator: Copyright (c) 2006 Red Hat, Inc., Ingo Molnar
[    0.346121] ... MAX_LOCKDEP_SUBCLASSES:  8
[    0.346922] ... MAX_LOCK_DEPTH:          48
[    0.347751] ... MAX_LOCKDEP_KEYS:        8192
[    0.348600] ... CLASSHASH_SIZE:          4096
[    0.349461] ... MAX_LOCKDEP_ENTRIES:     32768
[    0.350330] ... MAX_LOCKDEP_CHAINS:      65536
[    0.351190] ... CHAINHASH_SIZE:          32768
[    0.352060]  memory used by lock dependency info: 6365 kB
[    0.353107]  memory used for stack traces: 4224 kB
[    0.354027]  per task-struct memory footprint: 1920 bytes
[    0.355134] ACPI: Core revision 20210105
[    0.356259] clocksource: hpet: mask: 0xffffffff max_cycles: 0xffffffff, max_idle_ns: 19112604467 ns
[    0.358223] APIC: Switch to symmetric I/O mode setup
[    0.359594] x2apic enabled
[    0.360539] Switched APIC routing to physical x2apic.
[    0.361549] kvm-guest: setup PV IPIs
[    0.364131] ..TIMER: vector=0x30 apic1=0 pin1=2 apic2=-1 pin2=-1
[    0.365335] clocksource: tsc-early: mask: 0xffffffffffffffff max_cycles: 0x1881273ac8e, max_idle_ns: 440795257284 ns
[    0.367439] Calibrating delay loop (skipped) preset value.. 3400.00 BogoMIPS (lpj=6800000)
[    0.369067] pid_max: default: 32768 minimum: 301
[    0.370108] LSM: Security Framework initializing
[    0.371439] Yama: becoming mindful.
[    0.372390] Mount-cache hash table entries: 4096 (order: 3, 32768 bytes, linear)
[    0.373826] Mountpoint-cache hash table entries: 4096 (order: 3, 32768 bytes, linear)
[    0.376979] x86/cpu: User Mode Instruction Prevention (UMIP) activated
[    0.379465] Last level iTLB entries: 4KB 0, 2MB 0, 4MB 0
[    0.380510] Last level dTLB entries: 4KB 0, 2MB 0, 4MB 0, 1GB 0
[    0.381746] Spectre V1 : Mitigation: usercopy/swapgs barriers and __user pointer sanitization
[    0.383389] Spectre V2 : Mitigation: Enhanced IBRS
[    0.383431] Spectre V2 : Spectre v2 / SpectreRSB mitigation: Filling RSB on context switch
[    0.384966] Spectre V2 : mitigation: Enabling conditional Indirect Branch Prediction Barrier
[    0.387431] Speculative Store Bypass: Mitigation: Speculative Store Bypass disabled via prctl and seccomp
[    0.389788] Freeing SMP alternatives memory: 52K
[    0.392601] smpboot: CPU0: Intel(R) Xeon(R) Gold 6414TDX (family: 0x6, model: 0x8f, stepping: 0x6)
[    0.395080] Running RCU-tasks wait API self tests
[    0.495589] Performance Events: Sapphire Rapids events, full-width counters, Intel PMU driver.
[    0.497245] ... version:                2
[    0.498013] ... bit width:              48
[    0.498785] ... generic registers:      8
[    0.499433] ... value mask:             0000ffffffffffff
[    0.500414] ... max period:             00007fffffffffff
[    0.501352] ... fixed-purpose events:   3
[    0.502099] ... event mask:             00000007000000ff
[    0.503466] Callback from call_rcu_tasks_trace() invoked.
[    0.504668] rcu: Hierarchical SRCU implementation.
[    0.509537] smp: Bringing up secondary CPUs ...
[    0.511121] x86: Booting SMP configuration:
[    0.511459] .... node  #0, CPUs:      #1
[    0.036572] kvm-clock: cpu 1, msr 5401041, secondary cpu clock
[    0.512823] kvm-guest: KVM setup async PF for cpu 1
[    0.513604] kvm-guest: stealtime: cpu 1, msr 7db30080
[    0.515512] smp: Brought up 1 node, 2 CPUs
[    0.516280] smpboot: Max logical packages: 1
[    0.517082] smpboot: Total of 2 processors activated (6800.00 BogoMIPS)
[    0.520029] devtmpfs: initialized
[    0.520029] x86/mm: Memory block size: 128MB
[    0.524095] clocksource: jiffies: mask: 0xffffffff max_cycles: 0xffffffff, max_idle_ns: 7645041785100000 ns
[    0.527451] futex hash table entries: 512 (order: 4, 65536 bytes, linear)
[    0.529114] pinctrl core: initialized pinctrl subsystem
[    0.530949] 
[    0.531253] *************************************************************
[    0.531435] **     NOTICE NOTICE NOTICE NOTICE NOTICE NOTICE NOTICE    **
[    0.532655] **                                                         **
[    0.533926] **  IOMMU DebugFS SUPPORT HAS BEEN ENABLED IN THIS KERNEL  **
[    0.535186] **                                                         **
[    0.535434] ** This means that this kernel is built to expose internal **
[    0.536687] ** IOMMU data structures, which may compromise security on **
[    0.537929] ** your system.                                            **
[    0.539200] **                                                         **
[    0.539434] ** If you see this message and you are not debugging the   **
[    0.540711] ** kernel, report this immediately to your vendor!         **
[    0.541959] **                                                         **
[    0.543214] **     NOTICE NOTICE NOTICE NOTICE NOTICE NOTICE NOTICE    **
[    0.543434] *************************************************************
[    0.544779] PM: RTC time: 21:51:21, date: 2023-01-24
[    0.547658] NET: Registered protocol family 16
[    0.549514] DMA: preallocated 256 KiB GFP_KERNEL pool for atomic allocations
[    0.550880] DMA: preallocated 256 KiB GFP_KERNEL|GFP_DMA pool for atomic allocations
[    0.551445] DMA: preallocated 256 KiB GFP_KERNEL|GFP_DMA32 pool for atomic allocations
[    0.552952] audit: initializing netlink subsys (disabled)
[    0.553963] audit: type=2000 audit(1674597081.592:1): state=initialized audit_enabled=0 res=1
[    0.553963] thermal_sys: Registered thermal governor 'fair_share'
[    0.553963] thermal_sys: Registered thermal governor 'bang_bang'
[    0.555439] thermal_sys: Registered thermal governor 'step_wise'
[    0.556574] thermal_sys: Registered thermal governor 'user_space'
[    0.557723] cpuidle: using governor ladder
[    0.559455] cpuidle: using governor menu
[    0.560560] ACPI: bus type PCI registered
[    0.561339] acpiphp: ACPI Hot Plug PCI Controller Driver version: 0.5
[    0.563036] PCI: Using configuration type 1 for base access
[    0.587020] Kprobes globally optimized
[    0.587614] HugeTLB registered 1.00 GiB page size, pre-allocated 0 pages
[    0.588775] HugeTLB registered 2.00 MiB page size, pre-allocated 0 pages
[    0.599681] Callback from call_rcu_tasks_rude() invoked.
[    0.600769] ACPI: Added _OSI(Module Device)
[    0.600920] ACPI: Added _OSI(Processor Device)
[    0.601730] ACPI: Added _OSI(3.0 _SCP Extensions)
[    0.603443] ACPI: Added _OSI(Processor Aggregator Device)
[    0.604478] ACPI: Added _OSI(Linux-Dell-Video)
[    0.605310] ACPI: Added _OSI(Linux-Lenovo-NV-HDMI-Audio)
[    0.606292] ACPI: Added _OSI(Linux-HPI-Hybrid-Graphics)
[    0.617586] ACPI: 1 ACPI AML tables successfully acquired and loaded
[    0.624669] ACPI: Interpreter enabled
[    0.625483] ACPI: (supports S0 S3 S4 S5)
[    0.626218] ACPI: Using IOAPIC for interrupt routing
[    0.627183] PCI: Using host bridge windows from ACPI; if necessary, use "pci=nocrs" and report a bug
[    0.628831] ACPI: Enabled 2 GPEs in block 00 to 0F
[    0.660472] ACPI: PCI Root Bridge [PCI0] (domain 0000 [bus 00-ff])
[    0.661679] acpi PNP0A03:00: _OSC: OS supports [ASPM ClockPM Segments MSI EDR HPX-Type3]
[    0.663310] acpi PNP0A03:00: fail to add MMCONFIG information, can't access extended PCI configuration space under this bridge.
[    0.667042] acpiphp: Slot [3] registered
[    0.667594] acpiphp: Slot [4] registered
[    0.668890] acpiphp: Slot [5] registered
[    0.669752] acpiphp: Slot [6] registered
[    0.670596] acpiphp: Slot [7] registered
[    0.671495] acpiphp: Slot [8] registered
[    0.672384] acpiphp: Slot [9] registered
[    0.673276] acpiphp: Slot [10] registered
[    0.674189] acpiphp: Slot [11] registered
[    0.675113] acpiphp: Slot [12] registered
[    0.675560] acpiphp: Slot [13] registered
[    0.676440] acpiphp: Slot [14] registered
[    0.677327] acpiphp: Slot [15] registered
[    0.678263] acpiphp: Slot [16] registered
[    0.679190] acpiphp: Slot [17] registered
[    0.679564] acpiphp: Slot [18] registered
[    0.680434] acpiphp: Slot [19] registered
[    0.681317] acpiphp: Slot [20] registered
[    0.682250] acpiphp: Slot [21] registered
[    0.683138] acpiphp: Slot [22] registered
[    0.683566] acpiphp: Slot [23] registered
[    0.684429] acpiphp: Slot [24] registered
[    0.685319] acpiphp: Slot [25] registered
[    0.686179] acpiphp: Slot [26] registered
[    0.687063] acpiphp: Slot [27] registered
[    0.687560] acpiphp: Slot [28] registered
[    0.688447] acpiphp: Slot [29] registered
[    0.689400] acpiphp: Slot [30] registered
[    0.690300] acpiphp: Slot [31] registered
[    0.691140] PCI host bridge to bus 0000:00
[    0.691439] pci_bus 0000:00: root bus resource [io  0x0000-0x0cf7 window]
[    0.692725] pci_bus 0000:00: root bus resource [io  0x0d00-0xffff window]
[    0.693991] pci_bus 0000:00: root bus resource [mem 0x000a0000-0x000bffff window]
[    0.695418] pci_bus 0000:00: root bus resource [mem 0x80000000-0xfebfffff window]
[    0.696786] pci_bus 0000:00: root bus resource [mem 0x100000000-0x17fffffff window]
[    0.698200] pci_bus 0000:00: root bus resource [bus 00-ff]
[    0.699337] pci 0000:00:00.0: [8086:1237] type 00 class 0x060000
[    0.703149] pci 0000:00:01.0: [8086:7000] type 00 class 0x060100
[    0.704606] Callback from call_rcu_tasks() invoked.
[    0.705494] pci 0000:00:01.1: [8086:7010] type 00 class 0x010180
[    0.709655] pci 0000:00:01.1: reg 0x20: [io  0xc040-0xc04f]
[    0.711853] pci 0000:00:01.1: legacy IDE quirk: reg 0x10: [io  0x01f0-0x01f7]
[    0.713175] pci 0000:00:01.1: legacy IDE quirk: reg 0x14: [io  0x03f6]
[    0.714378] pci 0000:00:01.1: legacy IDE quirk: reg 0x18: [io  0x0170-0x0177]
[    0.715436] pci 0000:00:01.1: legacy IDE quirk: reg 0x1c: [io  0x0376]
[    0.718142] pci 0000:00:01.3: [8086:7113] type 00 class 0x068000
[    0.719985] pci 0000:00:01.3: quirk: [io  0x0600-0x063f] claimed by PIIX4 ACPI
[    0.721365] pci 0000:00:01.3: quirk: [io  0x0700-0x070f] claimed by PIIX4 SMB
[    0.724293] pci 0000:00:02.0: [1234:1111] type 00 class 0x030000
[    0.726572] pci 0000:00:02.0: reg 0x10: [mem 0xfd000000-0xfdffffff pref]
[    0.729414] pci 0000:00:02.0: reg 0x18: [mem 0xfebf0000-0xfebf0fff]
[    0.735445] pci 0000:00:02.0: reg 0x30: [mem 0xfebe0000-0xfebeffff pref]
[    0.740388] pci 0000:00:03.0: [8086:100e] type 00 class 0x020000
[    0.742488] pci 0000:00:03.0: reg 0x10: [mem 0xfebc0000-0xfebdffff]
[    0.744370] pci 0000:00:03.0: reg 0x14: [io  0xc000-0xc03f]
[    0.749420] pci 0000:00:03.0: reg 0x30: [mem 0xfeb80000-0xfebbffff pref]
[    0.768356] ACPI: PCI Interrupt Link [LNKA] (IRQs 5 *10 11)
[    0.770161] ACPI: PCI Interrupt Link [LNKB] (IRQs 5 *10 11)
[    0.771935] ACPI: PCI Interrupt Link [LNKC] (IRQs 5 10 *11)
[    0.773694] ACPI: PCI Interrupt Link [LNKD] (IRQs 5 10 *11)
[    0.775130] ACPI: PCI Interrupt Link [LNKS] (IRQs *9)
[    0.777086] iommu: Default domain type: Translated 
[    0.777086] pci 0000:00:02.0: vgaarb: setting as boot VGA device
[    0.777086] pci 0000:00:02.0: vgaarb: VGA device added: decodes=io+mem,owns=io+mem,locks=none
[    0.778285] pci 0000:00:02.0: vgaarb: bridge control possible
[    0.779447] vgaarb: loaded
[    0.781562] SCSI subsystem initialized
[    0.783700] ACPI: bus type USB registered
[    0.784585] usbcore: registered new interface driver usbfs
[    0.787509] usbcore: registered new interface driver hub
[    0.788543] usbcore: registered new device driver usb
[    0.789642] pps_core: LinuxPPS API ver. 1 registered
[    0.790587] pps_core: Software ver. 5.3.6 - Copyright 2005-2007 Rodolfo Giometti <giometti@linux.it>
[    0.791453] PTP clock support registered
[    0.792278] EDAC MC: Ver: 3.0.0
[    0.792660] NetLabel: Initializing
[    0.793290] NetLabel:  domain hash size = 128
[    0.794072] NetLabel:  protocols = UNLABELED CIPSOv4 CALIPSO
[    0.795523] NetLabel:  unlabeled traffic allowed by default
[    0.796676] PCI: Using ACPI for IRQ routing
[    0.799755] hpet0: at MMIO 0xfed00000, IRQs 2, 8, 0
[    0.800702] hpet0: 3 comparators, 64-bit 100.000000 MHz counter
[    0.806778] clocksource: Switched to clocksource kvm-clock
[    0.982320] VFS: Disk quotas dquot_6.6.0
[    0.983137] VFS: Dquot-cache hash table entries: 512 (order 0, 4096 bytes)
[    0.984863] pnp: PnP ACPI init
[    0.988753] pnp: PnP ACPI: found 6 devices
[    1.004758] clocksource: acpi_pm: mask: 0xffffff max_cycles: 0xffffff, max_idle_ns: 2085701024 ns
[    1.006943] NET: Registered protocol family 2
[    4.987580] tcp_listen_portaddr_hash hash table entries: 1024 (order: 4, 81920 bytes, linear)
[    4.989387] TCP established hash table entries: 16384 (order: 5, 131072 bytes, linear)
[    4.991163] TCP bind hash table entries: 16384 (order: 8, 1179648 bytes, linear)
[    4.993491] TCP: Hash tables configured (established 16384 bind 16384)
[    4.994865] UDP hash table entries: 1024 (order: 5, 163840 bytes, linear)
[    4.996305] UDP-Lite hash table entries: 1024 (order: 5, 163840 bytes, linear)
[    4.997947] NET: Registered protocol family 1
[    4.999613] RPC: Registered named UNIX socket transport module.
[    5.000762] RPC: Registered udp transport module.
[    5.001662] RPC: Registered tcp transport module.
[    5.002561] RPC: Registered tcp NFSv4.1 backchannel transport module.
[    5.003765] pci_bus 0000:00: resource 4 [io  0x0000-0x0cf7 window]
[    5.004897] pci_bus 0000:00: resource 5 [io  0x0d00-0xffff window]
[    5.006088] pci_bus 0000:00: resource 6 [mem 0x000a0000-0x000bffff window]
[    5.007366] pci_bus 0000:00: resource 7 [mem 0x80000000-0xfebfffff window]
[    5.008644] pci_bus 0000:00: resource 8 [mem 0x100000000-0x17fffffff window]
[    5.010386] pci 0000:00:01.0: PIIX3: Enabling Passive Release
[    5.011539] pci 0000:00:00.0: Limiting direct PCI/PCI transfers
[    5.012691] pci 0000:00:01.0: Activating ISA DMA hang workarounds
[    5.013987] pci 0000:00:02.0: Video device with shadowed ROM at [mem 0x000c0000-0x000dffff]
[    5.015578] PCI: CLS 0 bytes, default 64
[    5.017098] clocksource: tsc: mask: 0xffffffffffffffff max_cycles: 0x1881273ac8e, max_idle_ns: 440795257284 ns
[    5.019085] sgx: There are zero EPC sections.
[    5.021195] check: Scanning for low memory corruption every 60 seconds
[    5.027812] Initialise system trusted keyrings
[    5.028776] Key type blacklist registered
[    5.029725] workingset: timestamp_bits=36 max_order=19 bucket_order=0
[    5.046443] zbud: loaded
[    5.049817] squashfs: version 4.0 (2009/01/31) Phillip Lougher
[    5.052793] NFS: Registering the id_resolver key type
[    5.053770] Key type id_resolver registered
[    5.054551] Key type id_legacy registered
[    5.055470] nfs4filelayout_init: NFSv4 File Layout Driver Registering...
[    5.056776] nfs4flexfilelayout_init: NFSv4 Flexfile Layout Driver Registering...
[    5.058374] fuse: init (API version 7.33)
[    5.059624] SGI XFS with ACLs, security attributes, realtime, quota, no debug enabled
[    5.063227] 9p: Installing v9fs 9p2000 file system support
[    5.078735] Key type asymmetric registered
[    5.079542] Asymmetric key parser 'x509' registered
[    5.080496] Block layer SCSI generic (bsg) driver version 0.4 loaded (major 244)
[    5.082051] io scheduler mq-deadline registered
[    5.083235] io scheduler bfq registered
[    5.084562] shpchp: Standard Hot Plug PCI Controller Driver version: 0.4
[    5.086385] IPMI message handler: version 39.2
[    5.087306] ipmi device interface
[    5.090496] input: Power Button as /devices/LNXSYSTM:00/LNXPWRBN:00/input/input0
[    5.092341] ACPI: button: Power Button [PWRF]
[    5.094690] ERST DBG: ERST support is disabled.
[    5.096427] Serial: 8250/16550 driver, 32 ports, IRQ sharing enabled
[    5.098521] 00:04: ttyS0 at I/O 0x3f8 (irq = 4, base_baud = 115200) is a 16550A
[    5.115126] Linux agpgart interface v0.103
[    5.136640] brd: module loaded
[    5.152116] loop: module loaded
[    5.159232] scsi host0: ata_piix
[    5.160853] scsi host1: ata_piix
[    5.161705] ata1: PATA max MWDMA2 cmd 0x1f0 ctl 0x3f6 bmdma 0xc040 irq 14
[    5.163001] ata2: PATA max MWDMA2 cmd 0x170 ctl 0x376 bmdma 0xc048 irq 15
[    5.166065] libphy: Fixed MDIO Bus: probed
[    5.167343] tun: Universal TUN/TAP device driver, 1.6
[    5.168568] e100: Intel(R) PRO/100 Network Driver
[    5.169447] e100: Copyright(c) 1999-2006 Intel Corporation
[    5.170489] e1000: Intel(R) PRO/1000 Network Driver
[    5.171365] e1000: Copyright (c) 1999-2006 Intel Corporation.
[    5.324519] ata2.00: ATAPI: QEMU DVD-ROM, 2.5+, max UDMA/100
[    5.326830] ata1.00: ATA-7: QEMU HARDDISK, 2.5+, max UDMA/100
[    5.327928] ata1.00: 16777216 sectors, multi 16: LBA48 
[    5.330995] scsi 0:0:0:0: Direct-Access     ATA      QEMU HARDDISK    2.5+ PQ: 0 ANSI: 5
[    5.333827] scsi 0:0:0:0: Attached scsi generic sg0 type 0
[    5.336130] scsi 1:0:0:0: CD-ROM            QEMU     QEMU DVD-ROM     2.5+ PQ: 0 ANSI: 5
[    5.339131] scsi 1:0:0:0: Attached scsi generic sg1 type 5
[    5.340775] sd 0:0:0:0: [sda] 16777216 512-byte logical blocks: (8.59 GB/8.00 GiB)
[    5.342227] sd 0:0:0:0: [sda] Write Protect is off
[    5.343219] sd 0:0:0:0: [sda] Write cache: enabled, read cache: enabled, doesn't support DPO or FUA
[    5.520221] PCI Interrupt Link [LNKC] enabled at IRQ 11
[    5.527683] sd 0:0:0:0: [sda] Attached SCSI disk
[    5.886178] e1000 0000:00:03.0 eth0: (PCI:33MHz:32-bit) 52:54:00:12:34:56
[    5.887530] e1000 0000:00:03.0 eth0: Intel(R) PRO/1000 Network Connection
[    5.888934] e1000e: Intel(R) PRO/1000 Network Driver
[    5.889864] e1000e: Copyright(c) 1999 - 2015 Intel Corporation.
[    5.891060] igb: Intel(R) Gigabit Ethernet Network Driver
[    5.892040] igb: Copyright (c) 2007-2014 Intel Corporation.
[    5.893228] PPP generic driver version 2.4.2
[    5.894593] VFIO - User Level meta-driver version: 0.3
[    5.895647] ehci_hcd: USB 2.0 'Enhanced' Host Controller (EHCI) Driver
[    5.896850] ehci-pci: EHCI PCI platform driver
[    5.897740] ehci-platform: EHCI generic platform driver
[    5.898732] ohci_hcd: USB 1.1 'Open' Host Controller (OHCI) Driver
[    5.899877] ohci-pci: OHCI PCI platform driver
[    5.900771] ohci-platform: OHCI generic platform driver
[    5.901766] uhci_hcd: USB Universal Host Controller Interface driver
[    5.903337] usbcore: registered new interface driver uas
[    5.904405] usbcore: registered new interface driver usb-storage
[    5.905694] i8042: PNP: PS/2 Controller [PNP0303:KBD,PNP0f13:MOU] at 0x60,0x64 irq 1,12
[    5.908353] serio: i8042 KBD port at 0x60,0x64 irq 1
[    5.909286] serio: i8042 AUX port at 0x60,0x64 irq 12
[    5.911208] mousedev: PS/2 mouse device common for all mice
[    5.913729] input: AT Translated Set 2 keyboard as /devices/platform/i8042/serio0/input/input1
[    5.915768] rtc_cmos 00:05: RTC can wake from S4
[    5.917345] input: VirtualPS/2 VMware VMMouse as /devices/platform/i8042/serio1/input/input4
[    5.918798] rtc_cmos 00:05: registered as rtc0
[    5.920049] rtc_cmos 00:05: setting system clock to 2023-01-24T21:51:26 UTC (1674597086)
[    5.920131] input: VirtualPS/2 VMware VMMouse as /devices/platform/i8042/serio1/input/input3
[    5.923304] rtc_cmos 00:05: alarms up to one day, y3k, 242 bytes nvram, hpet irqs
[    5.924749] i2c /dev entries driver
[    5.925638] device-mapper: uevent: version 1.0.3
[    5.926901] device-mapper: ioctl: 4.44.0-ioctl (2021-02-01) initialised: dm-devel@redhat.com
[    5.928460] intel_pstate: CPU model not supported
[    5.929499] sdhci: Secure Digital Host Controller Interface driver
[    5.930609] sdhci: Copyright(c) Pierre Ossman
[    5.931561] sdhci-pltfm: SDHCI platform and OF driver helper
[    5.932723] ledtrig-cpu: registered to indicate activity on CPUs
[    5.934018] drop_monitor: Initializing network drop monitor service
[    5.936256] NET: Registered protocol family 10
[    5.941528] Segment Routing with IPv6
[    5.942312] NET: Registered protocol family 17
[    5.943556] 9pnet: Installing 9P2000 support
[    5.944481] Key type dns_resolver registered
[    5.946396] IPI shorthand broadcast: enabled
[    5.947274] sched_clock: Marking stable (5913513960, 32572592)->(5969518076, -23431524)
[    5.949159] registered taskstats version 1
[    5.950006] Loading compiled-in X.509 certificates
[    5.951290] zswap: loaded using pool lzo/zbud
[    5.953046] Key type ._fscrypt registered
[    5.953809] Key type .fscrypt registered
[    5.954535] Key type fscrypt-provisioning registered
[    5.956511] Key type encrypted registered
[    5.957335] ima: No TPM chip found, activating TPM-bypass!
[    5.958379] ima: Allocated hash algorithm: sha1
[    5.959298] ima: No architecture policies found
[    5.960276] evm: Initialising EVM extended attributes:
[    5.961237] evm: security.selinux
[    5.961849] evm: security.SMACK64
[    5.962481] evm: security.SMACK64EXEC
[    5.963176] evm: security.SMACK64TRANSMUTE
[    5.963988] evm: security.SMACK64MMAP
[    5.964671] evm: security.apparmor
[    5.965316] evm: security.ima
[    5.965886] evm: security.capability
[    5.966593] evm: HMAC attrs: 0x1
[    5.971606] PM:   Magic number: 7:341:905
[    5.972939] RAS: Correctable Errors collector initialized.
[    5.975519] md: Waiting for all devices to be available before autodetect
[    5.976796] md: If you don't use raid, use raid=noautodetect
[    5.977871] md: Autodetecting RAID arrays.
[    5.978612] md: autorun ...
[    5.979164] md: ... autorun DONE.
[    5.984352] EXT4-fs (sda): INFO: recovery required on readonly filesystem
[    5.985658] EXT4-fs (sda): write access will be enabled during recovery
[    6.054895] random: fast init done
[    6.136888] EXT4-fs (sda): recovery complete
[    6.139400] EXT4-fs (sda): mounted filesystem with ordered data mode. Opts: (null). Quota mode: none.
[    6.141194] VFS: Mounted root (ext4 filesystem) readonly on device 8:0.
[    6.143137] devtmpfs: mounted
[    6.159234] Freeing unused decrypted memory: 2036K
[    6.161869] Freeing unused kernel image (initmem) memory: 2984K
[    6.163058] Write protecting the kernel read-only data: 40960k
[    6.168564] Freeing unused kernel image (text/rodata gap) memory: 2028K
[    6.170505] Freeing unused kernel image (rodata/data gap) memory: 680K
[    6.348157] x86/mm: Checked W+X mappings: passed, no W+X pages found.
[    6.349416] Run /sbin/init as init process
[    6.487614] systemd[1]: RTC configured in localtime, applying delta of 0 minutes to system time.
[    6.529357] systemd[1]: systemd 239 (239-49.el8) running in system mode. (+PAM +AUDIT +SELINUX +IMA -APPARMOR +SMACK +SYSVINIT +UTMP +LIBCRYPTSETUP +GCRYPT +GNUTLS +ACL +XZ +LZ4 +SECCOMP +BLKID +ELFUTILS +KMOD +IDN2 -IDN +PCRE2 default-hierarchy=legacy)
[    6.533814] systemd[1]: Detected virtualization kvm.
[    6.534789] systemd[1]: Detected architecture x86-64.

Welcome to [0;31mCentOS Stream 8[0m!

[    6.559532] systemd[1]: Set hostname to <test>.
[    6.779766] random: lvmconfig: uninitialized urandom read (4 bytes read)
[    6.934600] random: systemd: uninitialized urandom read (16 bytes read)
[    6.942009] systemd[1]: Created slice system-serial\x2dgetty.slice.
[[0;32m  OK  [0m] Created slice system-serial\x2dgetty.slice.
[    6.944590] random: systemd: uninitialized urandom read (16 bytes read)
[    6.946095] systemd[1]: Listening on udev Kernel Socket.
[[0;32m  OK  [0m] Listening on udev Kernel Socket.
[    6.948459] systemd[1]: Listening on initctl Compatibility Named Pipe.
[[0;32m  OK  [0m] Listening on initctl Compatibility Named Pipe.
[    6.951112] systemd[1]: Listening on multipathd control socket.
[[0;32m  OK  [0m] Listening on multipathd control socket.
[    6.953641] systemd[1]: Started Forward Password Requests to Wall Directory Watch.
[[0;32m  OK  [0m] Started Forward Password Requests to Wall Directory Watch.
[    6.956765] systemd[1]: Listening on udev Control Socket.
[[0;32m  OK  [0m] Listening on udev Control Socket.
[[0;32m  OK  [0m] Listening on Device-mapper event daemon FIFOs.
[[0;32m  OK  [0m] Created slice system-getty.slice.
[[0;32m  OK  [0m] Listening on LVM2 poll daemon socket.
[[0;32m  OK  [0m] Reached target Swap.
[[0;32m  OK  [0m] Listening on Process Core Dump Socket.
[[0;32m  OK  [0m] Created slice system-sshd\x2dkeygen.slice.
[[0;32m  OK  [0m] Created slice User and Session Slice.
[[0;32m  OK  [0m] Listening on Journal Socket (/dev/log).
[[0;32m  OK  [0m] Listening on RPCbind Server Activation Socket.
[[0;32m  OK  [0m] Reached target RPC Port Mapper.
[[0;32m  OK  [0m] Listening on Journal Socket.
         Starting Load Kernel Modules...
         Starting udev Coldplug all Devices...
         Mounting Huge Pages File System...
         Mounting Kernel Debug File System...
         Starting Monitoring of LVM2 mirrorsâ€¦ng dmeventd or progress polling...
         Starting Setup Virtual Console...
         Mounting POSIX Message Queue File System...
         Starting Journal Service...
[[0;32m  OK  [0m] Set up automount Arbitrary Executabâ€¦rmats File System Automount Point.
[[0;32m  OK  [0m] Reached target Slices.
         Starting Remount Root and Kernel File Systems...
[[0;1;31mFAILED[0m] Failed to start Load Kernel Modules.
See 'systemctl status systemd-modules-load.service' for details.
[[0;32m  OK  [0m] Mounted Huge Pages File System.
[[0;32m  OK  [0m] Mounted Kernel Debug File System.
[[0;32m  OK  [0m] Mounted POSIX Message Queue File System.
         Mounting Kernel Configuration File System...
         Mounting FUSE Control File System...
         Starting Apply Kernel Variables...
[[0;32m  OK  [0m] Mounted Kernel Configuration File System.
[[0;32m  OK  [0m] Mounted FUSE Control File System.
[[0;32m  OK  [0m] Started Apply Kernel Variables.
[[0;32m  OK  [0m] Started Journal Service.
[    7.711696] EXT4-fs (sda): re-mounted. Opts: (null). Quota mode: none.
[[0;32m  OK  [0m] Started Remount Root and Kernel File Systems.
         Starting Load/Save Random Seed...
         Starting Flush Journal to Persistent Storage...
         Starting Create Static Device Nodes in /dev...
[[0;32m  OK  [0m] Started Setup Virtual Console.
[[0;32m  OK  [0m] Started udev Coldplug all Devices.
[[0;32m  OK  [0m] Started Load/Save Random Seed.
         Starting udev Wait for Complete Device Initialization...
[[0;32m  OK  [0m] Started Flush Journal to Persistent Storage.
[[0;32m  OK  [0m] Started Create Static Device Nodes in /dev.
         Starting udev Kernel Device Manager...
[[0;32m  OK  [0m] Started udev Kernel Device Manager.
         Starting Show Plymouth Boot Screen...
[[0;32m  OK  [0m] Started Show Plymouth Boot Screen.
[[0;32m  OK  [0m] Started Forward Password Requests to Plymouth Directory Watch.
[[0;32m  OK  [0m] Reached target Local Encrypted Volumes.
[[0;32m  OK  [0m] Reached target Paths.
[[0;32m  OK  [0m] Found device /dev/ttyS0.
[[0;32m  OK  [0m] Started Monitoring of LVM2 mirrors,â€¦sing dmeventd or progress polling.
[[0;32m  OK  [0m] Started udev Wait for Complete Device Initialization.
[[0;32m  OK  [0m] Listening on Load/Save RF Kill Switch Status /dev/rfkill Watch.
[[0;32m  OK  [0m] Reached target Local File Systems (Pre).
[[0;32m  OK  [0m] Reached target Local File Systems.
         Starting Tell Plymouth To Write Out Runtime Data...
         Starting Restore /run/initramfs on shutdown...
         Starting Create Volatile Files and Directories...
[[0;32m  OK  [0m] Started Tell Plymouth To Write Out Runtime Data.
[[0;32m  OK  [0m] Started Restore /run/initramfs on shutdown.
[[0;32m  OK  [0m] Started Create Volatile Files and Directories.
         Starting RPC Bind...
         Starting Security Auditing Service...
         Mounting RPC Pipe File System...
[[0;32m  OK  [0m] Mounted RPC Pipe File System.
[[0;32m  OK  [0m] Reached target rpc_pipefs.target.
[[0;32m  OK  [0m] Started RPC Bind.
[[0;32m  OK  [0m] Started Security Auditing Service.
         Starting Update UTMP about System Boot/Shutdown...
[[0;32m  OK  [0m] Started Update UTMP about System Boot/Shutdown.
[[0;32m  OK  [0m] Reached target System Initialization.
[[0;32m  OK  [0m] Started dnf makecache --timer.
[[0;32m  OK  [0m] Listening on D-Bus System Message Bus Socket.
[[0;32m  OK  [0m] Listening on SSSD Kerberos Cache Manager responder socket.
[[0;32m  OK  [0m] Reached target Sockets.
[[0;32m  OK  [0m] Reached target Basic System.
         Starting Auto-connect to subsystemsâ€¦-NVME devices found during boot...
[[0;32m  OK  [0m] Started daily update of the root trust anchor for DNSSEC.
         Starting Login Service...
         Starting NTP client/server...
[[0;32m  OK  [0m] Started Daily Cleanup of Temporary Directories.
[[0;32m  OK  [0m] Reached target Timers.
         Starting Authorization Manager...
[[0;32m  OK  [0m] Started D-Bus System Message Bus.
         Starting Self Monitoring and Reporting Technology (SMART) Daemon...
[[0;32m  OK  [0m] Reached target sshd-keygen.target.
[[0;32m  OK  [0m] Started irqbalance daemon.
[[0;32m  OK  [0m] Started Machine Check Exception Logging Daemon.
         Starting Network Manager...
[   10.136564] random: crng init done
[   10.137265] random: 7 urandom warning(s) missed due to ratelimiting
[[0;32m  OK  [0m] Started Auto-connect to subsystems â€¦FC-NVME devices found during boot.
         Starting update of the root trust aâ€¦or DNSSEC validation in unbound...
[[0;32m  OK  [0m] Started Self Monitoring and Reporting Technology (SMART) Daemon.
[[0;32m  OK  [0m] Started Login Service.
[[0;32m  OK  [0m] Started NTP client/server.
[[0;32m  OK  [0m] Started update of the root trust anâ€¦ for DNSSEC validation in unbound.
[[0;32m  OK  [0m] Started Network Manager.
         Starting Network Manager Wait Online...
[[0;32m  OK  [0m] Reached target Network.
         Starting GSSAPI Proxy Daemon...
         Starting OpenSSH server daemon...
         Starting Dynamic System Tuning Daemon...
[[0;32m  OK  [0m] Started Authorization Manager.
         Starting Hostname Service...
[[0;32m  OK  [0m] Started GSSAPI Proxy Daemon.
[[0;32m  OK  [0m] Started OpenSSH server daemon.
[[0;32m  OK  [0m] Reached target NFS client services.
[[0;32m  OK  [0m] Reached target Remote File Systems (Pre).
[[0;32m  OK  [0m] Reached target Remote File Systems.
         Starting Permit User Sessions...
[[0;32m  OK  [0m] Started Permit User Sessions.
         Starting Terminate Plymouth Boot Screen...
[[0;32m  OK  [0m] Started Command Scheduler.
         Starting Hold until boot process finishes up...
[[0;32m  OK  [0m] Started Terminate Plymouth Boot Screen.
[[0;32m  OK  [0m] Started Hold until boot process finishes up.
[   11.111631] e1000: eth0 NIC Link is Up 1000 Mbps Full Duplex, Flow Control: RX
[   11.113792] IPv6: ADDRCONF(NETDEV_CHANGE): eth0: link becomes ready

CentOS Stream 8
Kernel 5.12.0-rc4-9c15db92a8e5+ on an x86_64

test login: [  300.355503] INFO: task kworker/u4:3:118 blocked for more than 147 seconds.
[  300.356909]       Not tainted 5.12.0-rc4-9c15db92a8e5+ #1
[  300.357945] "echo 0 > /proc/sys/kernel/hung_task_timeout_secs" disables this message.
[  300.359394] task:kworker/u4:3    state:D stack:    0 pid:  118 ppid:     2 flags:0x00004000
[  300.361005] Workqueue: events_unbound io_ring_exit_work
[  300.361997] Call Trace:
[  300.362479]  __schedule+0x46f/0xa00
[  300.363168]  ? wait_for_completion+0x8c/0x120
[  300.364029]  schedule+0x55/0xc0
[  300.364636]  schedule_timeout+0x4a3/0x5c0
[  300.365430]  ? mark_held_locks+0x4e/0x80
[  300.366216]  ? _raw_spin_unlock_irq+0x27/0x40
[  300.367048]  ? wait_for_completion+0xb8/0x120
[  300.367886]  ? wait_for_completion+0x8c/0x120
[  300.368735]  ? _raw_spin_unlock_irq+0x27/0x40
[  300.369594]  ? trace_hardirqs_on+0x6a/0x150
[  300.370369]  ? wait_for_completion+0x8c/0x120
[  300.371228]  wait_for_completion+0xc0/0x120
[  300.372016]  io_ring_exit_work+0x194/0x5d0
[  300.372807]  ? io_uring_del_task_file+0x110/0x110
[  300.373745]  process_one_work+0x3c7/0x8a0
[  300.374543]  worker_thread+0x4e/0x660
[  300.375280]  ? process_one_work+0x8a0/0x8a0
[  300.376098]  kthread+0x17c/0x1a0
[  300.376722]  ? kthread_park+0x110/0x110
[  300.377478]  ret_from_fork+0x1f/0x30
[  300.378205] 
[  300.378205] Showing all locks held in the system:
[  300.379362] 1 lock held by khungtaskd/29:
[  300.380125]  #0: ffffffff83987300 (rcu_read_lock){....}-{1:2}, at: debug_show_all_locks+0x23/0x185
[  300.381834] 2 locks held by kworker/u4:3/118:
[  300.382682]  #0: ff11000005841938 ((wq_completion)events_unbound){+.+.}-{0:0}, at: process_one_work+0x31e/0x8a0
[  300.384581]  #1: ffa000000083fe58 ((work_completion)(&ctx->exit_work)){+.+.}-{0:0}, at: process_one_work+0x31e/0x8a0
[  300.386558] 
[  300.386874] =============================================
[  300.386874] 
[  447.811492] INFO: task kworker/u4:3:118 blocked for more than 294 seconds.
[  447.812855]       Not tainted 5.12.0-rc4-9c15db92a8e5+ #1
[  447.813863] "echo 0 > /proc/sys/kernel/hung_task_timeout_secs" disables this message.
[  447.815327] task:kworker/u4:3    state:D stack:    0 pid:  118 ppid:     2 flags:0x00004000
[  447.816958] Workqueue: events_unbound io_ring_exit_work
[  447.818015] Call Trace:
[  447.818512]  __schedule+0x46f/0xa00
[  447.819224]  ? wait_for_completion+0x8c/0x120
[  447.820094]  schedule+0x55/0xc0
[  447.820731]  schedule_timeout+0x4a3/0x5c0
[  447.821511]  ? mark_held_locks+0x4e/0x80
[  447.822310]  ? _raw_spin_unlock_irq+0x27/0x40
[  447.823162]  ? wait_for_completion+0xb8/0x120
[  447.824031]  ? wait_for_completion+0x8c/0x120
[  447.824847]  ? _raw_spin_unlock_irq+0x27/0x40
[  447.825704]  ? trace_hardirqs_on+0x6a/0x150
[  447.826526]  ? wait_for_completion+0x8c/0x120
[  447.827361]  wait_for_completion+0xc0/0x120
[  447.828204]  io_ring_exit_work+0x194/0x5d0
[  447.828989]  ? io_uring_del_task_file+0x110/0x110
[  447.829939]  process_one_work+0x3c7/0x8a0
[  447.830757]  worker_thread+0x4e/0x660
[  447.831465]  ? process_one_work+0x8a0/0x8a0
[  447.832303]  kthread+0x17c/0x1a0
[  447.832915]  ? kthread_park+0x110/0x110
[  447.833675]  ret_from_fork+0x1f/0x30
[  447.834410] 
[  447.834410] Showing all locks held in the system:
[  447.835552] 1 lock held by khungtaskd/29:
[  447.836306]  #0: ffffffff83987300 (rcu_read_lock){....}-{1:2}, at: debug_show_all_locks+0x23/0x185
[  447.838047] 2 locks held by kworker/u4:3/118:
[  447.838856]  #0: ff11000005841938 ((wq_completion)events_unbound){+.+.}-{0:0}, at: process_one_work+0x31e/0x8a0
[  447.840768]  #1: ffa000000083fe58 ((work_completion)(&ctx->exit_work)){+.+.}-{0:0}, at: process_one_work+0x31e/0x8a0
[  447.842764] 1 lock held by repro/549:
[  447.843498] 
[  447.843797] =============================================
[  447.843797] 
[  595.267497] INFO: task kworker/u4:3:118 blocked for more than 442 seconds.
[  595.268838]       Not tainted 5.12.0-rc4-9c15db92a8e5+ #1
[  595.269851] "echo 0 > /proc/sys/kernel/hung_task_timeout_secs" disables this message.
[  595.271293] task:kworker/u4:3    state:D stack:    0 pid:  118 ppid:     2 flags:0x00004000
[  595.272914] Workqueue: events_unbound io_ring_exit_work
[  595.273910] Call Trace:
[  595.274375]  __schedule+0x46f/0xa00
[  595.275069]  ? wait_for_completion+0x8c/0x120
[  595.275966]  schedule+0x55/0xc0
[  595.276578]  schedule_timeout+0x4a3/0x5c0
[  595.277367]  ? mark_held_locks+0x4e/0x80
[  595.278118]  ? _raw_spin_unlock_irq+0x27/0x40
[  595.278948]  ? wait_for_completion+0xb8/0x120
[  595.279798]  ? wait_for_completion+0x8c/0x120
[  595.280667]  ? _raw_spin_unlock_irq+0x27/0x40
[  595.281505]  ? trace_hardirqs_on+0x6a/0x150
[  595.282314]  ? wait_for_completion+0x8c/0x120
[  595.283166]  wait_for_completion+0xc0/0x120
[  595.283987]  io_ring_exit_work+0x194/0x5d0
[  595.284772]  ? io_uring_del_task_file+0x110/0x110
[  595.285711]  process_one_work+0x3c7/0x8a0
[  595.286509]  worker_thread+0x4e/0x660
[  595.287231]  ? process_one_work+0x8a0/0x8a0
[  595.288080]  kthread+0x17c/0x1a0
[  595.288704]  ? kthread_park+0x110/0x110
[  595.289470]  ret_from_fork+0x1f/0x30
[  595.290174] 
[  595.290174] Showing all locks held in the system:
[  595.291347] 1 lock held by khungtaskd/29:
[  595.292100]  #0: ffffffff83987300 (rcu_read_lock){....}-{1:2}, at: debug_show_all_locks+0x23/0x185
[  595.293836] 2 locks held by kworker/u4:3/118:
[  595.294661]  #0: ff11000005841938 ((wq_completion)events_unbound){+.+.}-{0:0}, at: process_one_work+0x31e/0x8a0
[  595.296606]  #1: ffa000000083fe58 ((work_completion)(&ctx->exit_work)){+.+.}-{0:0}, at: process_one_work+0x31e/0x8a0
[  595.298581] 
[  595.298879] =============================================
[  595.298879] 
[  742.723506] INFO: task kworker/u4:3:118 blocked for more than 589 seconds.
[  742.724872]       Not tainted 5.12.0-rc4-9c15db92a8e5+ #1
[  742.725877] "echo 0 > /proc/sys/kernel/hung_task_timeout_secs" disables this message.
[  742.727347] task:kworker/u4:3    state:D stack:    0 pid:  118 ppid:     2 flags:0x00004000
[  742.728926] Workqueue: events_unbound io_ring_exit_work
[  742.729883] Call Trace:
[  742.730368]  __schedule+0x46f/0xa00
[  742.731030]  ? wait_for_completion+0x8c/0x120
[  742.731846]  schedule+0x55/0xc0
[  742.732449]  schedule_timeout+0x4a3/0x5c0
[  742.733222]  ? mark_held_locks+0x4e/0x80
[  742.733990]  ? _raw_spin_unlock_irq+0x27/0x40
[  742.734828]  ? wait_for_completion+0xb8/0x120
[  742.735665]  ? wait_for_completion+0x8c/0x120
[  742.736485]  ? _raw_spin_unlock_irq+0x27/0x40
[  742.737342]  ? trace_hardirqs_on+0x6a/0x150
[  742.738130]  ? wait_for_completion+0x8c/0x120
[  742.738948]  wait_for_completion+0xc0/0x120
[  742.739781]  io_ring_exit_work+0x194/0x5d0
[  742.740592]  ? io_uring_del_task_file+0x110/0x110
[  742.741494]  process_one_work+0x3c7/0x8a0
[  742.742243]  worker_thread+0x4e/0x660
[  742.742955]  ? process_one_work+0x8a0/0x8a0
[  742.743743]  kthread+0x17c/0x1a0
[  742.744374]  ? kthread_park+0x110/0x110
[  742.745085]  ret_from_fork+0x1f/0x30
[  742.745819] 
[  742.745819] Showing all locks held in the system:
[  742.746993] 1 lock held by khungtaskd/29:
[  742.747749]  #0: ffffffff83987300 (rcu_read_lock){....}-{1:2}, at: debug_show_all_locks+0x23/0x185
[  742.749489] 2 locks held by kworker/u4:3/118:
[  742.750295]  #0: ff11000005841938 ((wq_completion)events_unbound){+.+.}-{0:0}, at: process_one_work+0x31e/0x8a0
[  742.752205]  #1: ffa000000083fe58 ((work_completion)(&ctx->exit_work)){+.+.}-{0:0}, at: process_one_work+0x31e/0x8a0
[  742.754114] 
[  742.754414] =============================================
[  742.754414] 
[  890.179504] INFO: task kworker/u4:3:118 blocked for more than 737 seconds.
[  890.180845]       Not tainted 5.12.0-rc4-9c15db92a8e5+ #1
[  890.181862] "echo 0 > /proc/sys/kernel/hung_task_timeout_secs" disables this message.
[  890.183316] task:kworker/u4:3    state:D stack:    0 pid:  118 ppid:     2 flags:0x00004000
[  890.184908] Workqueue: events_unbound io_ring_exit_work
[  890.185929] Call Trace:
[  890.186414]  __schedule+0x46f/0xa00
[  890.187102]  ? wait_for_completion+0x8c/0x120
[  890.187959]  schedule+0x55/0xc0
[  890.188584]  schedule_timeout+0x4a3/0x5c0
[  890.189366]  ? mark_held_locks+0x4e/0x80
[  890.190135]  ? _raw_spin_unlock_irq+0x27/0x40
[  890.190973]  ? wait_for_completion+0xb8/0x120
[  890.191828]  ? wait_for_completion+0x8c/0x120
[  890.192671]  ? _raw_spin_unlock_irq+0x27/0x40
[  890.193514]  ? trace_hardirqs_on+0x6a/0x150
[  890.194334]  ? wait_for_completion+0x8c/0x120
[  890.195175]  wait_for_completion+0xc0/0x120
[  890.196006]  io_ring_exit_work+0x194/0x5d0
[  890.196807]  ? io_uring_del_task_file+0x110/0x110
[  890.197737]  process_one_work+0x3c7/0x8a0
[  890.198539]  worker_thread+0x4e/0x660
[  890.199258]  ? process_one_work+0x8a0/0x8a0
[  890.200078]  kthread+0x17c/0x1a0
[  890.200713]  ? kthread_park+0x110/0x110
[  890.201460]  ret_from_fork+0x1f/0x30
[  890.202211] 
[  890.202211] Showing all locks held in the system:
[  890.203363] 1 lock held by khungtaskd/29:
[  890.204138]  #0: ffffffff83987300 (rcu_read_lock){....}-{1:2}, at: debug_show_all_locks+0x23/0x185
[  890.205858] 2 locks held by kworker/u4:3/118:
[  890.206690]  #0: ff11000005841938 ((wq_completion)events_unbound){+.+.}-{0:0}, at: process_one_work+0x31e/0x8a0
[  890.208608]  #1: ffa000000083fe58 ((work_completion)(&ctx->exit_work)){+.+.}-{0:0}, at: process_one_work+0x31e/0x8a0
[  890.210599] 
[  890.210903] =============================================
[  890.210903] 
[ 1037.635488] INFO: task kworker/u4:3:118 blocked for more than 884 seconds.
[ 1037.636839]       Not tainted 5.12.0-rc4-9c15db92a8e5+ #1
[ 1037.637862] "echo 0 > /proc/sys/kernel/hung_task_timeout_secs" disables this message.
[ 1037.639300] task:kworker/u4:3    state:D stack:    0 pid:  118 ppid:     2 flags:0x00004000
[ 1037.640905] Workqueue: events_unbound io_ring_exit_work
[ 1037.641916] Call Trace:
[ 1037.642403]  __schedule+0x46f/0xa00
[ 1037.643097]  ? wait_for_completion+0x8c/0x120
[ 1037.643951]  schedule+0x55/0xc0
[ 1037.644574]  schedule_timeout+0x4a3/0x5c0
[ 1037.645359]  ? mark_held_locks+0x4e/0x80
[ 1037.646128]  ? _raw_spin_unlock_irq+0x27/0x40
[ 1037.646971]  ? wait_for_completion+0xb8/0x120
[ 1037.647824]  ? wait_for_completion+0x8c/0x120
[ 1037.648666]  ? _raw_spin_unlock_irq+0x27/0x40
[ 1037.649512]  ? trace_hardirqs_on+0x6a/0x150
[ 1037.650327]  ? wait_for_completion+0x8c/0x120
[ 1037.651167]  wait_for_completion+0xc0/0x120
[ 1037.651995]  io_ring_exit_work+0x194/0x5d0
[ 1037.652799]  ? io_uring_del_task_file+0x110/0x110
[ 1037.653733]  process_one_work+0x3c7/0x8a0
[ 1037.654531]  worker_thread+0x4e/0x660
[ 1037.655253]  ? process_one_work+0x8a0/0x8a0
[ 1037.656074]  kthread+0x17c/0x1a0
[ 1037.656702]  ? kthread_park+0x110/0x110
[ 1037.657454]  ret_from_fork+0x1f/0x30
[ 1037.658202] 
[ 1037.658202] Showing all locks held in the system:
[ 1037.659359] 1 lock held by khungtaskd/29:
[ 1037.660140]  #0: ffffffff83987300 (rcu_read_lock){....}-{1:2}, at: debug_show_all_locks+0x23/0x185
[ 1037.661850] 2 locks held by kworker/u4:3/118:
[ 1037.662677]  #0: ff11000005841938 ((wq_completion)events_unbound){+.+.}-{0:0}, at: process_one_work+0x31e/0x8a0
[ 1037.664607]  #1: ffa000000083fe58 ((work_completion)(&ctx->exit_work)){+.+.}-{0:0}, at: process_one_work+0x31e/0x8a0
[ 1037.666614] 
[ 1037.666914] =============================================
[ 1037.666914] 
[ 1185.091513] INFO: task kworker/u4:3:118 blocked for more than 1032 seconds.
[ 1185.092875]       Not tainted 5.12.0-rc4-9c15db92a8e5+ #1
[ 1185.093895] "echo 0 > /proc/sys/kernel/hung_task_timeout_secs" disables this message.
[ 1185.095343] task:kworker/u4:3    state:D stack:    0 pid:  118 ppid:     2 flags:0x00004000
[ 1185.096931] Workqueue: events_unbound io_ring_exit_work
[ 1185.097951] Call Trace:
[ 1185.098438]  __schedule+0x46f/0xa00
[ 1185.099126]  ? wait_for_completion+0x8c/0x120
[ 1185.099981]  schedule+0x55/0xc0
[ 1185.100605]  schedule_timeout+0x4a3/0x5c0
[ 1185.101391]  ? mark_held_locks+0x4e/0x80
[ 1185.102153]  ? _raw_spin_unlock_irq+0x27/0x40
[ 1185.102990]  ? wait_for_completion+0xb8/0x120
[ 1185.103842]  ? wait_for_completion+0x8c/0x120
[ 1185.104684]  ? _raw_spin_unlock_irq+0x27/0x40
[ 1185.105538]  ? trace_hardirqs_on+0x6a/0x150
[ 1185.106356]  ? wait_for_completion+0x8c/0x120
[ 1185.107202]  wait_for_completion+0xc0/0x120
[ 1185.108036]  io_ring_exit_work+0x194/0x5d0
[ 1185.108835]  ? io_uring_del_task_file+0x110/0x110
[ 1185.109773]  process_one_work+0x3c7/0x8a0
[ 1185.110567]  worker_thread+0x4e/0x660
[ 1185.111285]  ? process_one_work+0x8a0/0x8a0
[ 1185.112104]  kthread+0x17c/0x1a0
[ 1185.112741]  ? kthread_park+0x110/0x110
[ 1185.113496]  ret_from_fork+0x1f/0x30
[ 1185.114238] 
[ 1185.114238] Showing all locks held in the system:
[ 1185.115390] 1 lock held by khungtaskd/29:
[ 1185.116165]  #0: ffffffff83987300 (rcu_read_lock){....}-{1:2}, at: debug_show_all_locks+0x23/0x185
[ 1185.117879] 2 locks held by kworker/u4:3/118:
[ 1185.118704]  #0: ff11000005841938 ((wq_completion)events_unbound){+.+.}-{0:0}, at: process_one_work+0x31e/0x8a0
[ 1185.120636]  #1: ffa000000083fe58 ((work_completion)(&ctx->exit_work)){+.+.}-{0:0}, at: process_one_work+0x31e/0x8a0
[ 1185.122627] 
[ 1185.122932] =============================================
[ 1185.122932] 
[ 1332.547502] INFO: task kworker/u4:3:118 blocked for more than 1179 seconds.
[ 1332.548862]       Not tainted 5.12.0-rc4-9c15db92a8e5+ #1
[ 1332.549872] "echo 0 > /proc/sys/kernel/hung_task_timeout_secs" disables this message.
[ 1332.551322] task:kworker/u4:3    state:D stack:    0 pid:  118 ppid:     2 flags:0x00004000
[ 1332.552931] Workqueue: events_unbound io_ring_exit_work
[ 1332.553939] Call Trace:
[ 1332.554426]  __schedule+0x46f/0xa00
[ 1332.555117]  ? wait_for_completion+0x8c/0x120
[ 1332.555973]  schedule+0x55/0xc0
[ 1332.556590]  schedule_timeout+0x4a3/0x5c0
[ 1332.557385]  ? mark_held_locks+0x4e/0x80
[ 1332.558148]  ? _raw_spin_unlock_irq+0x27/0x40
[ 1332.558992]  ? wait_for_completion+0xb8/0x120
[ 1332.559840]  ? wait_for_completion+0x8c/0x120
[ 1332.560683]  ? _raw_spin_unlock_irq+0x27/0x40
[ 1332.561533]  ? trace_hardirqs_on+0x6a/0x150
[ 1332.562350]  ? wait_for_completion+0x8c/0x120
[ 1332.563190]  wait_for_completion+0xc0/0x120
[ 1332.564025]  io_ring_exit_work+0x194/0x5d0
[ 1332.564830]  ? io_uring_del_task_file+0x110/0x110
[ 1332.565756]  process_one_work+0x3c7/0x8a0
[ 1332.566548]  worker_thread+0x4e/0x660
[ 1332.567265]  ? process_one_work+0x8a0/0x8a0
[ 1332.568089]  kthread+0x17c/0x1a0
[ 1332.568729]  ? kthread_park+0x110/0x110
[ 1332.569476]  ret_from_fork+0x1f/0x30
[ 1332.570219] 
[ 1332.570219] Showing all locks held in the system:
[ 1332.571372] 1 lock held by khungtaskd/29:
[ 1332.572150]  #0: ffffffff83987300 (rcu_read_lock){....}-{1:2}, at: debug_show_all_locks+0x23/0x185
[ 1332.573861] 2 locks held by kworker/u4:3/118:
[ 1332.574690]  #0: ff11000005841938 ((wq_completion)events_unbound){+.+.}-{0:0}, at: process_one_work+0x31e/0x8a0
[ 1332.576619]  #1: ffa000000083fe58 ((work_completion)(&ctx->exit_work)){+.+.}-{0:0}, at: process_one_work+0x31e/0x8a0
[ 1332.578614] 
[ 1332.578919] =============================================
[ 1332.578919] 
[ 1480.003484] INFO: task kworker/u4:3:118 blocked for more than 1327 seconds.
[ 1480.004852]       Not tainted 5.12.0-rc4-9c15db92a8e5+ #1
[ 1480.005871] "echo 0 > /proc/sys/kernel/hung_task_timeout_secs" disables this message.
[ 1480.007326] task:kworker/u4:3    state:D stack:    0 pid:  118 ppid:     2 flags:0x00004000
[ 1480.008926] Workqueue: events_unbound io_ring_exit_work
[ 1480.009931] Call Trace:
[ 1480.010413]  __schedule+0x46f/0xa00
[ 1480.011102]  ? wait_for_completion+0x8c/0x120
[ 1480.011963]  schedule+0x55/0xc0
[ 1480.012583]  schedule_timeout+0x4a3/0x5c0
[ 1480.013363]  ? mark_held_locks+0x4e/0x80
[ 1480.014125]  ? _raw_spin_unlock_irq+0x27/0x40
[ 1480.014963]  ? wait_for_completion+0xb8/0x120
[ 1480.015817]  ? wait_for_completion+0x8c/0x120
[ 1480.016664]  ? _raw_spin_unlock_irq+0x27/0x40
[ 1480.017506]  ? trace_hardirqs_on+0x6a/0x150
[ 1480.018324]  ? wait_for_completion+0x8c/0x120
[ 1480.019172]  wait_for_completion+0xc0/0x120
[ 1480.020003]  io_ring_exit_work+0x194/0x5d0
[ 1480.020813]  ? io_uring_del_task_file+0x110/0x110
[ 1480.021741]  process_one_work+0x3c7/0x8a0
[ 1480.022537]  worker_thread+0x4e/0x660
[ 1480.023259]  ? process_one_work+0x8a0/0x8a0
[ 1480.024088]  kthread+0x17c/0x1a0
[ 1480.024723]  ? kthread_park+0x110/0x110
[ 1480.025473]  ret_from_fork+0x1f/0x30
[ 1480.026212] 
[ 1480.026212] Showing all locks held in the system:
[ 1480.027373] 1 lock held by khungtaskd/29:
[ 1480.028153]  #0: ffffffff83987300 (rcu_read_lock){....}-{1:2}, at: debug_show_all_locks+0x23/0x185
[ 1480.029873] 2 locks held by kworker/u4:3/118:
[ 1480.030702]  #0: ff11000005841938 ((wq_completion)events_unbound){+.+.}-{0:0}, at: process_one_work+0x31e/0x8a0
[ 1480.032625]  #1: ffa000000083fe58 ((work_completion)(&ctx->exit_work)){+.+.}-{0:0}, at: process_one_work+0x31e/0x8a0
[ 1480.034617] 
[ 1480.034917] =============================================
[ 1480.034917] 
[ 1627.459482] INFO: task kworker/u4:3:118 blocked for more than 1474 seconds.
[ 1627.460851]       Not tainted 5.12.0-rc4-9c15db92a8e5+ #1
[ 1627.461873] "echo 0 > /proc/sys/kernel/hung_task_timeout_secs" disables this message.
[ 1627.463325] task:kworker/u4:3    state:D stack:    0 pid:  118 ppid:     2 flags:0x00004000
[ 1627.464921] Workqueue: events_unbound io_ring_exit_work
[ 1627.465929] Call Trace:
[ 1627.466415]  __schedule+0x46f/0xa00
[ 1627.467104]  ? wait_for_completion+0x8c/0x120
[ 1627.467962]  schedule+0x55/0xc0
[ 1627.468582]  schedule_timeout+0x4a3/0x5c0
[ 1627.469366]  ? mark_held_locks+0x4e/0x80
[ 1627.470134]  ? _raw_spin_unlock_irq+0x27/0x40
[ 1627.470977]  ? wait_for_completion+0xb8/0x120
[ 1627.471836]  ? wait_for_completion+0x8c/0x120
[ 1627.472677]  ? _raw_spin_unlock_irq+0x27/0x40
[ 1627.473522]  ? trace_hardirqs_on+0x6a/0x150
[ 1627.474340]  ? wait_for_completion+0x8c/0x120
[ 1627.475185]  wait_for_completion+0xc0/0x120
[ 1627.476018]  io_ring_exit_work+0x194/0x5d0
[ 1627.476822]  ? io_uring_del_task_file+0x110/0x110
[ 1627.477752]  process_one_work+0x3c7/0x8a0
[ 1627.478549]  worker_thread+0x4e/0x660
[ 1627.479267]  ? process_one_work+0x8a0/0x8a0
[ 1627.480089]  kthread+0x17c/0x1a0
[ 1627.480722]  ? kthread_park+0x110/0x110
[ 1627.481469]  ret_from_fork+0x1f/0x30
[ 1627.482206] 
[ 1627.482206] Showing all locks held in the system:
[ 1627.483359] 1 lock held by khungtaskd/29:
[ 1627.484139]  #0: ffffffff83987300 (rcu_read_lock){....}-{1:2}, at: debug_show_all_locks+0x23/0x185
[ 1627.485854] 2 locks held by kworker/u4:3/118:
[ 1627.486685]  #0: ff11000005841938 ((wq_completion)events_unbound){+.+.}-{0:0}, at: process_one_work+0x31e/0x8a0
[ 1627.488613]  #1: ffa000000083fe58 ((work_completion)(&ctx->exit_work)){+.+.}-{0:0}, at: process_one_work+0x31e/0x8a0
[ 1627.490608] 
[ 1627.490909] =============================================
[ 1627.490909] 
