c[?7l[2J[0mSeaBIOS (version rel-1.16.0-0-gd239552ce722-prebuilt.qemu.org)


iPXE (http://ipxe.org) 00:03.0 CA00 PCI2.10 PnP PMM+7FF91000+7FEF1000 CA00
Press Ctrl-B to configure iPXE (PCI 00:03.0)...                                                                               


Booting from ROM..c[?7l[2J[    0.000000] Linux version 5.12.0-rc2-baf186c4d345+ (root@984fee00a1f6.jf.intel.com) (gcc (GCC) 8.5.0 20210514 (Red Hat 8.5.0-18), GNU ld version 2.36.1-3.el8) #1 SMP Tue Jan 24 22:47:01 PST 2023
[    0.000000] Command line: console=ttyS0 root=/dev/sda earlyprintk=serial net.ifnames=0
[    0.000000] KERNEL supported cpus:
[    0.000000]   Intel GenuineIntel
[    0.000000]   AMD AuthenticAMD
[    0.000000]   Hygon HygonGenuine
[    0.000000]   Centaur CentaurHauls
[    0.000000]   zhaoxin   Shanghai  
[    0.000000] x86/fpu: Supporting XSAVE feature 0x001: 'x87 floating point registers'
[    0.000000] x86/fpu: Supporting XSAVE feature 0x002: 'SSE registers'
[    0.000000] x86/fpu: Supporting XSAVE feature 0x004: 'AVX registers'
[    0.000000] x86/fpu: Supporting XSAVE feature 0x020: 'AVX-512 opmask'
[    0.000000] x86/fpu: Supporting XSAVE feature 0x040: 'AVX-512 Hi256'
[    0.000000] x86/fpu: Supporting XSAVE feature 0x080: 'AVX-512 ZMM_Hi256'
[    0.000000] x86/fpu: Supporting XSAVE feature 0x200: 'Protection Keys User registers'
[    0.000000] x86/fpu: xstate_offset[2]:  576, xstate_sizes[2]:  256
[    0.000000] x86/fpu: xstate_offset[5]:  832, xstate_sizes[5]:   64
[    0.000000] x86/fpu: xstate_offset[6]:  896, xstate_sizes[6]:  512
[    0.000000] x86/fpu: xstate_offset[7]: 1408, xstate_sizes[7]: 1024
[    0.000000] x86/fpu: xstate_offset[9]: 2432, xstate_sizes[9]:    8
[    0.000000] x86/fpu: Enabled xstate features 0x2e7, context size is 2440 bytes, using 'compacted' format.
[    0.000000] BIOS-provided physical RAM map:
[    0.000000] BIOS-e820: [mem 0x0000000000000000-0x000000000009fbff] usable
[    0.000000] BIOS-e820: [mem 0x000000000009fc00-0x000000000009ffff] reserved
[    0.000000] BIOS-e820: [mem 0x00000000000f0000-0x00000000000fffff] reserved
[    0.000000] BIOS-e820: [mem 0x0000000000100000-0x000000007ffdffff] usable
[    0.000000] BIOS-e820: [mem 0x000000007ffe0000-0x000000007fffffff] reserved
[    0.000000] BIOS-e820: [mem 0x00000000feffc000-0x00000000feffffff] reserved
[    0.000000] BIOS-e820: [mem 0x00000000fffc0000-0x00000000ffffffff] reserved
[    0.000000] printk: bootconsole [earlyser0] enabled
[    0.000000] NX (Execute Disable) protection: active
[    0.000000] SMBIOS 2.8 present.
[    0.000000] DMI: QEMU Standard PC (i440FX + PIIX, 1996), BIOS rel-1.16.0-0-gd239552ce722-prebuilt.qemu.org 04/01/2014
[    0.000000] Hypervisor detected: KVM
[    0.000000] kvm-clock: Using msrs 4b564d01 and 4b564d00
[    0.000000] kvm-clock: cpu 0, msr 5401001, primary cpu clock
[    0.000000] kvm-clock: using sched offset of 359219820 cycles
[    0.000518] clocksource: kvm-clock: mask: 0xffffffffffffffff max_cycles: 0x1cd42e4dffb, max_idle_ns: 881590591483 ns
[    0.002004] tsc: Detected 1700.000 MHz processor
[    0.009593] last_pfn = 0x7ffe0 max_arch_pfn = 0x10000000000
[    0.010160] x86/PAT: Configuration [0-7]: WB  WC  UC- UC  WB  WP  UC- WT  
[    0.016507] found SMP MP-table at [mem 0x000f5ba0-0x000f5baf]
[    0.017965] check: Scanning 1 areas for low memory corruption
[    0.018537] Using GB pages for direct mapping
[    0.019927] ACPI: Early table checksum verification disabled
[    0.020450] ACPI: RSDP 0x00000000000F59C0 000014 (v00 BOCHS )
[    0.020990] ACPI: RSDT 0x000000007FFE1951 000034 (v01 BOCHS  BXPC     00000001 BXPC 00000001)
[    0.021786] ACPI: FACP 0x000000007FFE17FD 000074 (v01 BOCHS  BXPC     00000001 BXPC 00000001)
[    0.022584] ACPI: DSDT 0x000000007FFE0040 0017BD (v01 BOCHS  BXPC     00000001 BXPC 00000001)
[    0.023382] ACPI: FACS 0x000000007FFE0000 000040
[    0.023818] ACPI: APIC 0x000000007FFE1871 000080 (v01 BOCHS  BXPC     00000001 BXPC 00000001)
[    0.024609] ACPI: HPET 0x000000007FFE18F1 000038 (v01 BOCHS  BXPC     00000001 BXPC 00000001)
[    0.025400] ACPI: WAET 0x000000007FFE1929 000028 (v01 BOCHS  BXPC     00000001 BXPC 00000001)
[    0.027029] No NUMA configuration found
[    0.027382] Faking a node at [mem 0x0000000000000000-0x000000007ffdffff]
[    0.028065] NODE_DATA(0) allocated [mem 0x7ffb5000-0x7ffdffff]
[    0.032761] Zone ranges:
[    0.033013]   DMA      [mem 0x0000000000001000-0x0000000000ffffff]
[    0.033585]   DMA32    [mem 0x0000000001000000-0x000000007ffdffff]
[    0.034154]   Normal   empty
[    0.034422]   Device   empty
[    0.034691] Movable zone start for each node
[    0.035088] Early memory node ranges
[    0.035414]   node   0: [mem 0x0000000000001000-0x000000000009efff]
[    0.035989]   node   0: [mem 0x0000000000100000-0x000000007ffdffff]
[    0.037282] Zeroed struct page in unavailable ranges: 130 pages
[    0.037291] Initmem setup node 0 [mem 0x0000000000001000-0x000000007ffdffff]
[    0.045307] ACPI: PM-Timer IO Port: 0x608
[    0.045710] ACPI: LAPIC_NMI (acpi_id[0xff] dfl dfl lint[0x1])
[    0.046285] IOAPIC[0]: apic_id 0, version 17, address 0xfec00000, GSI 0-23
[    0.046934] ACPI: INT_SRC_OVR (bus 0 bus_irq 0 global_irq 2 dfl dfl)
[    0.047519] ACPI: INT_SRC_OVR (bus 0 bus_irq 5 global_irq 5 high level)
[    0.048126] ACPI: INT_SRC_OVR (bus 0 bus_irq 9 global_irq 9 high level)
[    0.048733] ACPI: INT_SRC_OVR (bus 0 bus_irq 10 global_irq 10 high level)
[    0.049356] ACPI: INT_SRC_OVR (bus 0 bus_irq 11 global_irq 11 high level)
[    0.050011] Using ACPI (MADT) for SMP configuration information
[    0.050552] ACPI: HPET id: 0x8086a201 base: 0xfed00000
[    0.051033] TSC deadline timer available
[    0.051392] smpboot: Allowing 2 CPUs, 0 hotplug CPUs
[    0.051864] kvm-guest: KVM setup pv remote TLB flush
[    0.052328] kvm-guest: setup PV sched yield
[    0.052749] PM: hibernation: Registered nosave memory: [mem 0x00000000-0x00000fff]
[    0.053447] PM: hibernation: Registered nosave memory: [mem 0x0009f000-0x0009ffff]
[    0.054139] PM: hibernation: Registered nosave memory: [mem 0x000a0000-0x000effff]
[    0.054833] PM: hibernation: Registered nosave memory: [mem 0x000f0000-0x000fffff]
[    0.055525] [mem 0x80000000-0xfeffbfff] available for PCI devices
[    0.056082] Booting paravirtualized kernel on KVM
[    0.056515] clocksource: refined-jiffies: mask: 0xffffffff max_cycles: 0xffffffff, max_idle_ns: 7645519600211568 ns
[    0.057479] setup_percpu: NR_CPUS:8192 nr_cpumask_bits:2 nr_cpu_ids:2 nr_node_ids:1
[    0.058577] percpu: Embedded 58 pages/cpu s200704 r8192 d28672 u1048576
[    0.059372] kvm-guest: KVM setup async PF for cpu 0
[    0.059822] kvm-guest: stealtime: cpu 0, msr 7da30080
[    0.060298] kvm-guest: PV spinlocks enabled
[    0.060698] PV qspinlock hash table entries: 256 (order: 0, 4096 bytes, linear)
[    0.061388] Built 1 zonelists, mobility grouping on.  Total pages: 515945
[    0.062023] Policy zone: DMA32
[    0.062308] Kernel command line: net.ifnames=0 console=ttyS0 root=/dev/sda earlyprintk=serial net.ifnames=0
[    0.063841] Dentry cache hash table entries: 262144 (order: 9, 2097152 bytes, linear)
[    0.064695] Inode-cache hash table entries: 131072 (order: 8, 1048576 bytes, linear)
[    0.065501] mem auto-init: stack:off, heap alloc:off, heap free:off
[    0.070323] Memory: 1986064K/2096632K available (30736K kernel code, 5183K rwdata, 7504K rodata, 2984K init, 22344K bss, 110368K reserved, 0K cma-reserved)
[    0.071606] random: get_random_u64 called from __kmem_cache_create+0x2f/0x460 with crng_init=0
[    0.072036] SLUB: HWalign=64, Order=0-3, MinObjects=0, CPUs=2, Nodes=1
[    0.073404] kmemleak: Kernel memory leak detector disabled
[    0.073919] ftrace: allocating 63141 entries in 247 pages
[    0.162637] ftrace: allocated 247 pages with 7 groups
[    0.163324] Running RCU self tests
[    0.163637] rcu: Hierarchical RCU implementation.
[    0.164063] rcu: 	RCU lockdep checking is enabled.
[    0.164495] rcu: 	RCU restricting CPUs from NR_CPUS=8192 to nr_cpu_ids=2.
[    0.165111] 	Trampoline variant of Tasks RCU enabled.
[    0.165567] 	Rude variant of Tasks RCU enabled.
[    0.165976] 	Tracing variant of Tasks RCU enabled.
[    0.166408] rcu: RCU calculated value of scheduler-enlistment delay is 25 jiffies.
[    0.167096] rcu: Adjusting geometry for rcu_fanout_leaf=16, nr_cpu_ids=2
[    0.183106] NR_IRQS: 524544, nr_irqs: 440, preallocated irqs: 16
[    0.192447] Console: colour VGA+ 80x25
[    0.192844] printk: console [ttyS0] enabled
[    0.192844] printk: console [ttyS0] enabled
[    0.193616] printk: bootconsole [earlyser0] disabled
[    0.193616] printk: bootconsole [earlyser0] disabled
[    0.194527] Lock dependency validator: Copyright (c) 2006 Red Hat, Inc., Ingo Molnar
[    0.195251] ... MAX_LOCKDEP_SUBCLASSES:  8
[    0.195640] ... MAX_LOCK_DEPTH:          48
[    0.196038] ... MAX_LOCKDEP_KEYS:        8192
[    0.196452] ... CLASSHASH_SIZE:          4096
[    0.196864] ... MAX_LOCKDEP_ENTRIES:     32768
[    0.197284] ... MAX_LOCKDEP_CHAINS:      65536
[    0.197704] ... CHAINHASH_SIZE:          32768
[    0.198124]  memory used by lock dependency info: 6365 kB
[    0.198631]  memory used for stack traces: 4224 kB
[    0.199090]  per task-struct memory footprint: 1920 bytes
[    0.199625] ACPI: Core revision 20210105
[    0.200217] clocksource: hpet: mask: 0xffffffff max_cycles: 0xffffffff, max_idle_ns: 19112604467 ns
[    0.201189] APIC: Switch to symmetric I/O mode setup
[    0.201851] x2apic enabled
[    0.202314] Switched APIC routing to physical x2apic.
[    0.202797] kvm-guest: setup PV IPIs
[    0.204045] ..TIMER: vector=0x30 apic1=0 pin1=2 apic2=-1 pin2=-1
[    0.204630] clocksource: tsc-early: mask: 0xffffffffffffffff max_cycles: 0x1881273ac8e, max_idle_ns: 440795257284 ns
[    0.205651] Calibrating delay loop (skipped) preset value.. 3400.00 BogoMIPS (lpj=6800000)
[    0.206421] pid_max: default: 32768 minimum: 301
[    0.206926] LSM: Security Framework initializing
[    0.207366] Yama: becoming mindful.
[    0.207864] Mount-cache hash table entries: 4096 (order: 3, 32768 bytes, linear)
[    0.208558] Mountpoint-cache hash table entries: 4096 (order: 3, 32768 bytes, linear)
[    0.210587] x86/cpu: User Mode Instruction Prevention (UMIP) activated
[    0.211417] Last level iTLB entries: 4KB 0, 2MB 0, 4MB 0
[    0.211921] Last level dTLB entries: 4KB 0, 2MB 0, 4MB 0, 1GB 0
[    0.212487] Spectre V1 : Mitigation: usercopy/swapgs barriers and __user pointer sanitization
[    0.213276] Spectre V2 : Mitigation: Enhanced IBRS
[    0.213649] Spectre V2 : Spectre v2 / SpectreRSB mitigation: Filling RSB on context switch
[    0.214367] Spectre V2 : mitigation: Enabling conditional Indirect Branch Prediction Barrier
[    0.215107] Speculative Store Bypass: Mitigation: Speculative Store Bypass disabled via prctl and seccomp
[    0.216408] Freeing SMP alternatives memory: 52K
[    0.218578] smpboot: CPU0: Intel(R) Xeon(R) Gold 6414TDX (family: 0x6, model: 0x8f, stepping: 0x6)
[    0.219803] Running RCU-tasks wait API self tests
[    0.321793] Performance Events: Sapphire Rapids events, full-width counters, Intel PMU driver.
[    0.322635] ... version:                2
[    0.322997] ... bit width:              48
[    0.323365] ... generic registers:      8
[    0.323725] ... value mask:             0000ffffffffffff
[    0.324198] ... max period:             00007fffffffffff
[    0.324669] ... fixed-purpose events:   3
[    0.325029] ... event mask:             00000007000000ff
[    0.325848] rcu: Hierarchical SRCU implementation.
[    0.328708] smp: Bringing up secondary CPUs ...
[    0.329540] x86: Booting SMP configuration:
[    0.329662] .... node  #0, CPUs:      #1
[    0.017741] kvm-clock: cpu 1, msr 5401041, secondary cpu clock
[    0.330539] kvm-guest: KVM setup async PF for cpu 1
[    0.330728] kvm-guest: stealtime: cpu 1, msr 7db30080
[    0.331246] smp: Brought up 1 node, 2 CPUs
[    0.331246] smpboot: Max logical packages: 1
[    0.331246] smpboot: Total of 2 processors activated (6800.00 BogoMIPS)
[    0.334318] devtmpfs: initialized
[    0.334318] x86/mm: Memory block size: 128MB
[    0.337678] clocksource: jiffies: mask: 0xffffffff max_cycles: 0xffffffff, max_idle_ns: 7645041785100000 ns
[    0.338532] futex hash table entries: 512 (order: 4, 65536 bytes, linear)
[    0.339398] pinctrl core: initialized pinctrl subsystem
[    0.340421] 
[    0.340567] *************************************************************
[    0.341166] **     NOTICE NOTICE NOTICE NOTICE NOTICE NOTICE NOTICE    **
[    0.341668] **                                                         **
[    0.341658] Callback from call_rcu_tasks_trace() invoked.
[    0.342270] **  IOMMU DebugFS SUPPORT HAS BEEN ENABLED IN THIS KERNEL  **
[    0.342274] **                                                         **
[    0.342278] ** This means that this kernel is built to expose internal **
[    0.344546] ** IOMMU data structures, which may compromise security on **
[    0.345145] ** your system.                                            **
[    0.345645] **                                                         **
[    0.346243] ** If you see this message and you are not debugging the   **
[    0.346843] ** kernel, report this immediately to your vendor!         **
[    0.347442] **                                                         **
[    0.348039] **     NOTICE NOTICE NOTICE NOTICE NOTICE NOTICE NOTICE    **
[    0.348637] *************************************************************
[    0.349297] PM: RTC time: 07:12:50, date: 2023-01-25
[    0.350817] NET: Registered protocol family 16
[    0.351843] DMA: preallocated 256 KiB GFP_KERNEL pool for atomic allocations
[    0.352476] DMA: preallocated 256 KiB GFP_KERNEL|GFP_DMA pool for atomic allocations
[    0.353173] DMA: preallocated 256 KiB GFP_KERNEL|GFP_DMA32 pool for atomic allocations
[    0.353686] audit: initializing netlink subsys (disabled)
[    0.354201] audit: type=2000 audit(1674630771.029:1): state=initialized audit_enabled=0 res=1
[    0.354375] thermal_sys: Registered thermal governor 'fair_share'
[    0.354467] thermal_sys: Registered thermal governor 'bang_bang'
[    0.355017] thermal_sys: Registered thermal governor 'step_wise'
[    0.355550] thermal_sys: Registered thermal governor 'user_space'
[    0.356135] cpuidle: using governor ladder
[    0.357069] cpuidle: using governor menu
[    0.357979] ACPI: bus type PCI registered
[    0.358342] acpiphp: ACPI Hot Plug PCI Controller Driver version: 0.5
[    0.359210] PCI: Using configuration type 1 for base access
[    0.372797] Kprobes globally optimized
[    0.373751] HugeTLB registered 1.00 GiB page size, pre-allocated 0 pages
[    0.374309] HugeTLB registered 2.00 MiB page size, pre-allocated 0 pages
[    0.378085] ACPI: Added _OSI(Module Device)
[    0.378478] ACPI: Added _OSI(Processor Device)
[    0.378880] ACPI: Added _OSI(3.0 _SCP Extensions)
[    0.379311] ACPI: Added _OSI(Processor Aggregator Device)
[    0.379796] ACPI: Added _OSI(Linux-Dell-Video)
[    0.381655] ACPI: Added _OSI(Linux-Lenovo-NV-HDMI-Audio)
[    0.382133] ACPI: Added _OSI(Linux-HPI-Hybrid-Graphics)
[    0.388500] ACPI: 1 ACPI AML tables successfully acquired and loaded
[    0.392521] ACPI: Interpreter enabled
[    0.392947] ACPI: (supports S0 S3 S4 S5)
[    0.393302] ACPI: Using IOAPIC for interrupt routing
[    0.393689] PCI: Using host bridge windows from ACPI; if necessary, use "pci=nocrs" and report a bug
[    0.395212] ACPI: Enabled 2 GPEs in block 00 to 0F
[    0.412512] ACPI: PCI Root Bridge [PCI0] (domain 0000 [bus 00-ff])
[    0.413097] acpi PNP0A03:00: _OSC: OS supports [ASPM ClockPM Segments MSI EDR HPX-Type3]
[    0.413710] acpi PNP0A03:00: fail to add MMCONFIG information, can't access extended PCI configuration space under this bridge.
[    0.416695] acpiphp: Slot [3] registered
[    0.417121] acpiphp: Slot [4] registered
[    0.417549] acpiphp: Slot [5] registered
[    0.417715] acpiphp: Slot [6] registered
[    0.418139] acpiphp: Slot [7] registered
[    0.418561] acpiphp: Slot [8] registered
[    0.418985] acpiphp: Slot [9] registered
[    0.419414] acpiphp: Slot [10] registered
[    0.419844] acpiphp: Slot [11] registered
[    0.420279] acpiphp: Slot [12] registered
[    0.420709] acpiphp: Slot [13] registered
[    0.421143] acpiphp: Slot [14] registered
[    0.421574] acpiphp: Slot [15] registered
[    0.421714] acpiphp: Slot [16] registered
[    0.422144] acpiphp: Slot [17] registered
[    0.422573] acpiphp: Slot [18] registered
[    0.423012] acpiphp: Slot [19] registered
[    0.423441] acpiphp: Slot [20] registered
[    0.423877] acpiphp: Slot [21] registered
[    0.424308] acpiphp: Slot [22] registered
[    0.424738] acpiphp: Slot [23] registered
[    0.425172] acpiphp: Slot [24] registered
[    0.425601] acpiphp: Slot [25] registered
[    0.425700] Callback from call_rcu_tasks_rude() invoked.
[    0.425814] acpiphp: Slot [26] registered
[    0.426646] acpiphp: Slot [27] registered
[    0.427076] acpiphp: Slot [28] registered
[    0.427515] acpiphp: Slot [29] registered
[    0.427946] acpiphp: Slot [30] registered
[    0.428377] acpiphp: Slot [31] registered
[    0.428759] PCI host bridge to bus 0000:00
[    0.429130] pci_bus 0000:00: root bus resource [io  0x0000-0x0cf7 window]
[    0.429652] pci_bus 0000:00: root bus resource [io  0x0d00-0xffff window]
[    0.430262] pci_bus 0000:00: root bus resource [mem 0x000a0000-0x000bffff window]
[    0.430933] pci_bus 0000:00: root bus resource [mem 0x80000000-0xfebfffff window]
[    0.431612] pci_bus 0000:00: root bus resource [mem 0x100000000-0x17fffffff window]
[    0.432299] pci_bus 0000:00: root bus resource [bus 00-ff]
[    0.432855] pci 0000:00:00.0: [8086:1237] type 00 class 0x060000
[    0.435511] pci 0000:00:01.0: [8086:7000] type 00 class 0x060100
[    0.437070] pci 0000:00:01.1: [8086:7010] type 00 class 0x010180
[    0.439207] pci 0000:00:01.1: reg 0x20: [io  0xc040-0xc04f]
[    0.440589] pci 0000:00:01.1: legacy IDE quirk: reg 0x10: [io  0x01f0-0x01f7]
[    0.441232] pci 0000:00:01.1: legacy IDE quirk: reg 0x14: [io  0x03f6]
[    0.441649] pci 0000:00:01.1: legacy IDE quirk: reg 0x18: [io  0x0170-0x0177]
[    0.442287] pci 0000:00:01.1: legacy IDE quirk: reg 0x1c: [io  0x0376]
[    0.443530] pci 0000:00:01.3: [8086:7113] type 00 class 0x068000
[    0.444416] pci 0000:00:01.3: quirk: [io  0x0600-0x063f] claimed by PIIX4 ACPI
[    0.445070] pci 0000:00:01.3: quirk: [io  0x0700-0x070f] claimed by PIIX4 SMB
[    0.446514] pci 0000:00:02.0: [1234:1111] type 00 class 0x030000
[    0.447832] pci 0000:00:02.0: reg 0x10: [mem 0xfd000000-0xfdffffff pref]
[    0.449521] pci 0000:00:02.0: reg 0x18: [mem 0xfebf0000-0xfebf0fff]
[    0.451796] pci 0000:00:02.0: reg 0x30: [mem 0xfebe0000-0xfebeffff pref]
[    0.454170] pci 0000:00:03.0: [8086:100e] type 00 class 0x020000
[    0.455428] pci 0000:00:03.0: reg 0x10: [mem 0xfebc0000-0xfebdffff]
[    0.456673] pci 0000:00:03.0: reg 0x14: [io  0xc000-0xc03f]
[    0.460369] pci 0000:00:03.0: reg 0x30: [mem 0xfeb80000-0xfebbffff pref]
[    0.471448] ACPI: PCI Interrupt Link [LNKA] (IRQs 5 *10 11)
[    0.472379] ACPI: PCI Interrupt Link [LNKB] (IRQs 5 *10 11)
[    0.473274] ACPI: PCI Interrupt Link [LNKC] (IRQs 5 10 *11)
[    0.474027] ACPI: PCI Interrupt Link [LNKD] (IRQs 5 10 *11)
[    0.474729] ACPI: PCI Interrupt Link [LNKS] (IRQs *9)
[    0.476154] iommu: Default domain type: Translated 
[    0.476154] pci 0000:00:02.0: vgaarb: setting as boot VGA device
[    0.476154] pci 0000:00:02.0: vgaarb: VGA device added: decodes=io+mem,owns=io+mem,locks=none
[    0.476154] pci 0000:00:02.0: vgaarb: bridge control possible
[    0.476154] vgaarb: loaded
[    0.478174] SCSI subsystem initialized
[    0.478535] ACPI: bus type USB registered
[    0.478535] usbcore: registered new interface driver usbfs
[    0.481651] usbcore: registered new interface driver hub
[    0.482152] usbcore: registered new device driver usb
[    0.482711] pps_core: LinuxPPS API ver. 1 registered
[    0.483156] pps_core: Software ver. 5.3.6 - Copyright 2005-2007 Rodolfo Giometti <giometti@linux.it>
[    0.483971] PTP clock support registered
[    0.484386] EDAC MC: Ver: 3.0.0
[    0.484386] NetLabel: Initializing
[    0.484386] NetLabel:  domain hash size = 128
[    0.484386] NetLabel:  protocols = UNLABELED CIPSOv4 CALIPSO
[    0.484386] NetLabel:  unlabeled traffic allowed by default
[    0.485720] PCI: Using ACPI for IRQ routing
[    0.486207] hpet0: at MMIO 0xfed00000, IRQs 2, 8, 0
[    0.486333] hpet0: 3 comparators, 64-bit 100.000000 MHz counter
[    0.492861] clocksource: Switched to clocksource kvm-clock
[    0.529754] Callback from call_rcu_tasks() invoked.
[    0.583145] VFS: Disk quotas dquot_6.6.0
[    0.583558] VFS: Dquot-cache hash table entries: 512 (order 0, 4096 bytes)
[    0.584462] pnp: PnP ACPI init
[    0.586669] pnp: PnP ACPI: found 6 devices
[    0.597307] clocksource: acpi_pm: mask: 0xffffff max_cycles: 0xffffff, max_idle_ns: 2085701024 ns
[    0.598424] NET: Registered protocol family 2
[    3.129417] tcp_listen_portaddr_hash hash table entries: 1024 (order: 4, 81920 bytes, linear)
[    3.130651] TCP established hash table entries: 16384 (order: 5, 131072 bytes, linear)
[    3.131503] TCP bind hash table entries: 16384 (order: 8, 1179648 bytes, linear)
[    3.132684] TCP: Hash tables configured (established 16384 bind 16384)
[    3.133349] UDP hash table entries: 1024 (order: 5, 163840 bytes, linear)
[    3.134024] UDP-Lite hash table entries: 1024 (order: 5, 163840 bytes, linear)
[    3.134807] NET: Registered protocol family 1
[    3.135726] RPC: Registered named UNIX socket transport module.
[    3.136266] RPC: Registered udp transport module.
[    3.136682] RPC: Registered tcp transport module.
[    3.137098] RPC: Registered tcp NFSv4.1 backchannel transport module.
[    3.137700] pci_bus 0000:00: resource 4 [io  0x0000-0x0cf7 window]
[    3.138249] pci_bus 0000:00: resource 5 [io  0x0d00-0xffff window]
[    3.138798] pci_bus 0000:00: resource 6 [mem 0x000a0000-0x000bffff window]
[    3.139411] pci_bus 0000:00: resource 7 [mem 0x80000000-0xfebfffff window]
[    3.140018] pci_bus 0000:00: resource 8 [mem 0x100000000-0x17fffffff window]
[    3.140910] pci 0000:00:01.0: PIIX3: Enabling Passive Release
[    3.141428] pci 0000:00:00.0: Limiting direct PCI/PCI transfers
[    3.141983] pci 0000:00:01.0: Activating ISA DMA hang workarounds
[    3.142626] pci 0000:00:02.0: Video device with shadowed ROM at [mem 0x000c0000-0x000dffff]
[    3.143390] PCI: CLS 0 bytes, default 64
[    3.144270] clocksource: tsc: mask: 0xffffffffffffffff max_cycles: 0x1881273ac8e, max_idle_ns: 440795257284 ns
[    3.145227] sgx: There are zero EPC sections.
[    3.146593] check: Scanning for low memory corruption every 60 seconds
[    3.150542] Initialise system trusted keyrings
[    3.151055] Key type blacklist registered
[    3.151572] workingset: timestamp_bits=36 max_order=19 bucket_order=0
[    3.160790] zbud: loaded
[    3.162686] squashfs: version 4.0 (2009/01/31) Phillip Lougher
[    3.164353] NFS: Registering the id_resolver key type
[    3.164823] Key type id_resolver registered
[    3.165203] Key type id_legacy registered
[    3.165668] nfs4filelayout_init: NFSv4 File Layout Driver Registering...
[    3.166408] fuse: init (API version 7.33)
[    3.167043] SGI XFS with ACLs, security attributes, realtime, quota, no debug enabled
[    3.168948] 9p: Installing v9fs 9p2000 file system support
[    3.176913] Key type asymmetric registered
[    3.177303] Asymmetric key parser 'x509' registered
[    3.177798] Block layer SCSI generic (bsg) driver version 0.4 loaded (major 244)
[    3.178567] io scheduler mq-deadline registered
[    3.179174] io scheduler bfq registered
[    3.179870] shpchp: Standard Hot Plug PCI Controller Driver version: 0.4
[    3.180827] IPMI message handler: version 39.2
[    3.181283] ipmi device interface
[    3.183116] input: Power Button as /devices/LNXSYSTM:00/LNXPWRBN:00/input/input0
[    3.184084] ACPI: button: Power Button [PWRF]
[    3.185446] ERST DBG: ERST support is disabled.
[    3.186366] Serial: 8250/16550 driver, 32 ports, IRQ sharing enabled
[    3.187438] 00:04: ttyS0 at I/O 0x3f8 (irq = 4, base_baud = 115200) is a 16550A
[    3.196573] Linux agpgart interface v0.103
[    3.209278] brd: module loaded
[    3.218385] loop: module loaded
[    3.222550] scsi host0: ata_piix
[    3.223414] scsi host1: ata_piix
[    3.223860] ata1: PATA max MWDMA2 cmd 0x1f0 ctl 0x3f6 bmdma 0xc040 irq 14
[    3.224466] ata2: PATA max MWDMA2 cmd 0x170 ctl 0x376 bmdma 0xc048 irq 15
[    3.226240] libphy: Fixed MDIO Bus: probed
[    3.226895] tun: Universal TUN/TAP device driver, 1.6
[    3.227496] e100: Intel(R) PRO/100 Network Driver
[    3.227917] e100: Copyright(c) 1999-2006 Intel Corporation
[    3.228444] e1000: Intel(R) PRO/1000 Network Driver
[    3.228883] e1000: Copyright (c) 1999-2006 Intel Corporation.
[    3.382629] ata1.00: ATA-7: QEMU HARDDISK, 2.5+, max UDMA/100
[    3.383188] ata1.00: 16777216 sectors, multi 16: LBA48 
[    3.383826] ata2.00: ATAPI: QEMU DVD-ROM, 2.5+, max UDMA/100
[    3.385766] scsi 0:0:0:0: Direct-Access     ATA      QEMU HARDDISK    2.5+ PQ: 0 ANSI: 5
[    3.387281] scsi 0:0:0:0: Attached scsi generic sg0 type 0
[    3.388446] sd 0:0:0:0: [sda] 16777216 512-byte logical blocks: (8.59 GB/8.00 GiB)
[    3.389279] sd 0:0:0:0: [sda] Write Protect is off
[    3.389284] scsi 1:0:0:0: CD-ROM            QEMU     QEMU DVD-ROM     2.5+ PQ: 0 ANSI: 5
[    3.390551] sd 0:0:0:0: [sda] Write cache: enabled, read cache: enabled, doesn't support DPO or FUA
[    3.392204] scsi 1:0:0:0: Attached scsi generic sg1 type 5
[    3.420724] PCI Interrupt Link [LNKC] enabled at IRQ 11
[    3.429816] sd 0:0:0:0: [sda] Attached SCSI disk
[    3.753169] e1000 0000:00:03.0 eth0: (PCI:33MHz:32-bit) 52:54:00:12:34:56
[    3.753849] e1000 0000:00:03.0 eth0: Intel(R) PRO/1000 Network Connection
[    3.754574] e1000e: Intel(R) PRO/1000 Network Driver
[    3.755024] e1000e: Copyright(c) 1999 - 2015 Intel Corporation.
[    3.755627] igb: Intel(R) Gigabit Ethernet Network Driver
[    3.756107] igb: Copyright (c) 2007-2014 Intel Corporation.
[    3.756716] PPP generic driver version 2.4.2
[    3.757758] VFIO - User Level meta-driver version: 0.3
[    3.758310] ehci_hcd: USB 2.0 'Enhanced' Host Controller (EHCI) Driver
[    3.758909] ehci-pci: EHCI PCI platform driver
[    3.759347] ehci-platform: EHCI generic platform driver
[    3.759848] ohci_hcd: USB 1.1 'Open' Host Controller (OHCI) Driver
[    3.760405] ohci-pci: OHCI PCI platform driver
[    3.760831] ohci-platform: OHCI generic platform driver
[    3.761317] uhci_hcd: USB Universal Host Controller Interface driver
[    3.762191] usbcore: registered new interface driver uas
[    3.762765] usbcore: registered new interface driver usb-storage
[    3.763421] i8042: PNP: PS/2 Controller [PNP0303:KBD,PNP0f13:MOU] at 0x60,0x64 irq 1,12
[    3.764875] serio: i8042 KBD port at 0x60,0x64 irq 1
[    3.765359] serio: i8042 AUX port at 0x60,0x64 irq 12
[    3.766470] mousedev: PS/2 mouse device common for all mice
[    3.767898] input: AT Translated Set 2 keyboard as /devices/platform/i8042/serio0/input/input1
[    3.769637] input: VirtualPS/2 VMware VMMouse as /devices/platform/i8042/serio1/input/input4
[    3.769838] rtc_cmos 00:05: RTC can wake from S4
[    3.771116] input: VirtualPS/2 VMware VMMouse as /devices/platform/i8042/serio1/input/input3
[    3.772051] rtc_cmos 00:05: registered as rtc0
[    3.772570] rtc_cmos 00:05: setting system clock to 2023-01-25T07:12:54 UTC (1674630774)
[    3.773446] rtc_cmos 00:05: alarms up to one day, y3k, 242 bytes nvram, hpet irqs
[    3.774150] i2c /dev entries driver
[    3.774627] device-mapper: uevent: version 1.0.3
[    3.775303] device-mapper: ioctl: 4.44.0-ioctl (2021-02-01) initialised: dm-devel@redhat.com
[    3.776053] intel_pstate: CPU model not supported
[    3.776563] sdhci: Secure Digital Host Controller Interface driver
[    3.777109] sdhci: Copyright(c) Pierre Ossman
[    3.777578] sdhci-pltfm: SDHCI platform and OF driver helper
[    3.778161] ledtrig-cpu: registered to indicate activity on CPUs
[    3.778819] drop_monitor: Initializing network drop monitor service
[    3.780063] NET: Registered protocol family 10
[    3.783446] Segment Routing with IPv6
[    3.783821] NET: Registered protocol family 17
[    3.784473] 9pnet: Installing 9P2000 support
[    3.784933] Key type dns_resolver registered
[    3.786085] IPI shorthand broadcast: enabled
[    3.786518] sched_clock: Marking stable (3772104292, 13741502)->(3793747112, -7901318)
[    3.787513] registered taskstats version 1
[    3.787931] Loading compiled-in X.509 certificates
[    3.788580] zswap: loaded using pool lzo/zbud
[    3.789511] Key type ._fscrypt registered
[    3.789896] Key type .fscrypt registered
[    3.790253] Key type fscrypt-provisioning registered
[    3.791462] Key type encrypted registered
[    3.791868] ima: No TPM chip found, activating TPM-bypass!
[    3.792368] ima: Allocated hash algorithm: sha1
[    3.792826] ima: No architecture policies found
[    3.793278] evm: Initialising EVM extended attributes:
[    3.793756] evm: security.selinux
[    3.794059] evm: security.SMACK64
[    3.794362] evm: security.SMACK64EXEC
[    3.794694] evm: security.SMACK64TRANSMUTE
[    3.795070] evm: security.SMACK64MMAP
[    3.795402] evm: security.apparmor
[    3.795711] evm: security.ima
[    3.795983] evm: security.capability
[    3.796308] evm: HMAC attrs: 0x1
[    3.799287] PM:   Magic number: 7:755:218
[    3.800093] RAS: Correctable Errors collector initialized.
[    3.801598] md: Waiting for all devices to be available before autodetect
[    3.802237] md: If you don't use raid, use raid=noautodetect
[    3.802775] md: Autodetecting RAID arrays.
[    3.803160] md: autorun ...
[    3.803419] md: ... autorun DONE.
[    3.806741] EXT4-fs (sda): INFO: recovery required on readonly filesystem
[    3.807388] EXT4-fs (sda): write access will be enabled during recovery
[    3.853969] EXT4-fs (sda): recovery complete
[    3.855616] EXT4-fs (sda): mounted filesystem with ordered data mode. Opts: (null). Quota mode: none.
[    3.856479] VFS: Mounted root (ext4 filesystem) readonly on device 8:0.
[    3.857471] devtmpfs: mounted
[    3.864046] Freeing unused decrypted memory: 2036K
[    3.865584] Freeing unused kernel image (initmem) memory: 2984K
[    3.866182] Write protecting the kernel read-only data: 40960k
[    3.869257] Freeing unused kernel image (text/rodata gap) memory: 2028K
[    3.870305] Freeing unused kernel image (rodata/data gap) memory: 688K
[    3.979029] x86/mm: Checked W+X mappings: passed, no W+X pages found.
[    3.979616] Run /sbin/init as init process
[    3.983297] random: fast init done
[    4.053605] systemd[1]: RTC configured in localtime, applying delta of 0 minutes to system time.
[    4.076692] systemd[1]: systemd 239 (239-49.el8) running in system mode. (+PAM +AUDIT +SELINUX +IMA -APPARMOR +SMACK +SYSVINIT +UTMP +LIBCRYPTSETUP +GCRYPT +GNUTLS +ACL +XZ +LZ4 +SECCOMP +BLKID +ELFUTILS +KMOD +IDN2 -IDN +PCRE2 default-hierarchy=legacy)
[    4.078922] systemd[1]: Detected virtualization kvm.
[    4.079382] systemd[1]: Detected architecture x86-64.

Welcome to [0;31mCentOS Stream 8[0m!

[    4.101320] systemd[1]: Set hostname to <test>.
[    4.227180] random: lvmconfig: uninitialized urandom read (4 bytes read)
[    4.315058] random: systemd: uninitialized urandom read (16 bytes read)
[    4.319400] systemd[1]: Created slice system-serial\x2dgetty.slice.
[[0;32m  OK  [0m] Created slice system-serial\x2dgetty.slice.
[    4.320755] random: systemd: uninitialized urandom read (16 bytes read)
[    4.322178] systemd[1]: Created slice system-getty.slice.
[[0;32m  OK  [0m] Created slice system-getty.slice.
[    4.323470] systemd[1]: Listening on LVM2 poll daemon socket.
[[0;32m  OK  [0m] Listening on LVM2 poll daemon socket.
[    4.324617] systemd[1]: Started Forward Password Requests to Wall Directory Watch.
[[0;32m  OK  [0m] Started Forward Password Requests to Wall Directory Watch.
[    4.326524] systemd[1]: Set up automount Arbitrary Executable File Formats File System Automount Point.
[[0;32m  OK  [0m] Set up automount Arbitrary Executabâ€¦rmats File System Automount Point.
[    4.328214] systemd[1]: Listening on Device-mapper event daemon FIFOs.
[[0;32m  OK  [0m] Listening on Device-mapper event daemon FIFOs.
[[0;32m  OK  [0m] Reached target Swap.
[[0;32m  OK  [0m] Listening on initctl Compatibility Named Pipe.
[[0;32m  OK  [0m] Listening on multipathd control socket.
[[0;32m  OK  [0m] Listening on Process Core Dump Socket.
[[0;32m  OK  [0m] Created slice system-sshd\x2dkeygen.slice.
[[0;32m  OK  [0m] Listening on Journal Socket.
         Starting Remount Root and Kernel File Systems...
         Mounting POSIX Message Queue File System...
         Starting Setup Virtual Console...
         Starting Monitoring of LVM2 mirrorsâ€¦ng dmeventd or progress polling...
         Mounting Kernel Debug File System...
         Mounting Huge Pages File System...
         Starting Load Kernel Modules...
[[0;32m  OK  [0m] Listening on RPCbind Server Activation Socket.
[[0;32m  OK  [0m] Reached target RPC Port Mapper.
[[0;32m  OK  [0m] Created slice User and Session Slice.
[[0;32m  OK  [0m] Reached target Slices.
[[0;32m  OK  [0m] Listening on udev Control Socket.
[[0;32m  OK  [0m] Listening on udev Kernel Socket.
         Starting udev Coldplug all Devices...
[[0;32m  OK  [0m] Listening on Journal Socket (/dev/log).
         Starting Journal Service...
[    4.557997] EXT4-fs (sda): re-mounted. Opts: (null). Quota mode: none.
[[0;32m  OK  [0m] Started Remount Root and Kernel File Systems.
[[0;32m  OK  [0m] Mounted POSIX Message Queue File System.
[[0;32m  OK  [0m] Started Monitoring of LVM2 mirrors,â€¦sing dmeventd or progress polling.
[[0;32m  OK  [0m] Mounted Kernel Debug File System.
[[0;32m  OK  [0m] Mounted Huge Pages File System.
[[0;1;31mFAILED[0m] Failed to start Load Kernel Modules.
See 'systemctl status systemd-modules-load.service' for details.
         Mounting FUSE Control File System...
         Mounting Kernel Configuration File System...
         Starting Apply Kernel Variables...
         Starting Load/Save Random Seed...
         Starting Create Static Device Nodes in /dev...
[[0;32m  OK  [0m] Started Journal Service.
[[0;32m  OK  [0m] Started Setup Virtual Console.
[[0;32m  OK  [0m] Mounted FUSE Control File System.
[[0;32m  OK  [0m] Mounted Kernel Configuration File System.
[[0;32m  OK  [0m] Started Apply Kernel Variables.
[[0;32m  OK  [0m] Started Load/Save Random Seed.
[[0;32m  OK  [0m] Started Create Static Device Nodes in /dev.
         Starting udev Kernel Device Manager...
         Starting Flush Journal to Persistent Storage...
[[0;32m  OK  [0m] Started Flush Journal to Persistent Storage.
[[0;32m  OK  [0m] Started udev Kernel Device Manager.
[[0;32m  OK  [0m] Started udev Coldplug all Devices.
         Starting Show Plymouth Boot Screen...
         Starting udev Wait for Complete Device Initialization...
[[0;32m  OK  [0m] Started Show Plymouth Boot Screen.
[[0;32m  OK  [0m] Reached target Local Encrypted Volumes.
[[0;32m  OK  [0m] Reached target Paths.
[[0;32m  OK  [0m] Started Forward Password Requests to Plymouth Directory Watch.
[[0;32m  OK  [0m] Found device /dev/ttyS0.
[[0;32m  OK  [0m] Started udev Wait for Complete Device Initialization.
[[0;32m  OK  [0m] Listening on Load/Save RF Kill Switch Status /dev/rfkill Watch.
[[0;32m  OK  [0m] Reached target Local File Systems (Pre).
[[0;32m  OK  [0m] Reached target Local File Systems.
         Starting Restore /run/initramfs on shutdown...
         Starting Create Volatile Files and Directories...
         Starting Tell Plymouth To Write Out Runtime Data...
[[0;32m  OK  [0m] Started Restore /run/initramfs on shutdown.
[[0;32m  OK  [0m] Started Tell Plymouth To Write Out Runtime Data.
[[0;32m  OK  [0m] Started Create Volatile Files and Directories.
         Starting RPC Bind...
         Mounting RPC Pipe File System...
         Starting Security Auditing Service...
[[0;32m  OK  [0m] Mounted RPC Pipe File System.
[[0;32m  OK  [0m] Reached target rpc_pipefs.target.
[[0;32m  OK  [0m] Started RPC Bind.
[[0;32m  OK  [0m] Started Security Auditing Service.
         Starting Update UTMP about System Boot/Shutdown...
[[0;32m  OK  [0m] Started Update UTMP about System Boot/Shutdown.
[[0;32m  OK  [0m] Reached target System Initialization.
[[0;32m  OK  [0m] Started daily update of the root trust anchor for DNSSEC.
[[0;32m  OK  [0m] Started dnf makecache --timer.
[[0;32m  OK  [0m] Listening on D-Bus System Message Bus Socket.
[[0;32m  OK  [0m] Listening on SSSD Kerberos Cache Manager responder socket.
[[0;32m  OK  [0m] Reached target Sockets.
[[0;32m  OK  [0m] Reached target Basic System.
[[0;32m  OK  [0m] Started Machine Check Exception Logging Daemon.
         Starting Self Monitoring and Reporting Technology (SMART) Daemon...
         Starting Auto-connect to subsystemsâ€¦-NVME devices found during boot...
         Starting Login Service...
[[0;32m  OK  [0m] Started irqbalance daemon.
[[0;32m  OK  [0m] Started D-Bus System Message Bus.
[[0;32m  OK  [0m] Reached target sshd-keygen.target.
         Starting NTP client/server...
         Starting Authorization Manager...
[[0;32m  OK  [0m] Started Daily Cleanup of Temporary Directories.
[[0;32m  OK  [0m] Reached target Timers.
         Starting Network Manager...
[[0;32m  OK  [0m] Started Self Monitoring and Reporting Technology (SMART) Daemon.
[[0;32m  OK  [0m] Started Auto-connect to subsystems â€¦FC-NVME devices found during boot.
         Starting update of the root trust aâ€¦or DNSSEC validation in unbound...
[[0;32m  OK  [0m] Started Login Service.
[[0;32m  OK  [0m] Started Network Manager.
         Starting Network Manager Wait Online...
[[0;32m  OK  [0m] Reached target Network.
         Starting Dynamic System Tuning Daemon...
         Starting OpenSSH server daemon...
         Starting GSSAPI Proxy Daemon...
[[0;32m  OK  [0m] Started NTP client/server.
         Starting Hostname Service...
[[0;32m  OK  [0m] Started Authorization Manager.
[[0;32m  OK  [0m] Started Hostname Service.
         Starting Network Manager Script Dispatcher Service...
[[0;32m  OK  [0m] Started Network Manager Script Dispatcher Service.
[    6.437822] e1000: eth0 NIC Link is Up 1000 Mbps Full Duplex, Flow Control: RX
[    6.438991] IPv6: ADDRCONF(NETDEV_CHANGE): eth0: link becomes ready
[[0;32m  OK  [0m] Started Dynamic System Tuning Daemon.
[    7.357912] random: crng init done
[    7.358327] random: 7 urandom warning(s) missed due to ratelimiting
[[0;32m  OK  [0m] Started GSSAPI Proxy Daemon.
[[0;32m  OK  [0m] Reached target NFS client services.
[[0;32m  OK  [0m] Reached target Remote File Systems (Pre).
[[0;32m  OK  [0m] Reached target Remote File Systems.
         Starting Permit User Sessions...
[[0;32m  OK  [0m] Started update of the root trust anâ€¦ for DNSSEC validation in unbound.
[[0;32m  OK  [0m] Started OpenSSH server daemon.
[[0;32m  OK  [0m] Started Permit User Sessions.
         Starting Terminate Plymouth Boot Screen...
         Starting Hold until boot process finishes up...
[[0;32m  OK  [0m] Started Command Scheduler.

CentOS Stream 8
Kernel 5.12.0-rc2-baf186c4d345+ on an x86_64

test login: [  300.197706] INFO: task kworker/u4:0:7 blocked for more than 147 seconds.
[  300.198439]       Not tainted 5.12.0-rc2-baf186c4d345+ #1
[  300.198939] "echo 0 > /proc/sys/kernel/hung_task_timeout_secs" disables this message.
[  300.199634] task:kworker/u4:0    state:D stack:    0 pid:    7 ppid:     2 flags:0x00004000
[  300.200386] Workqueue: events_unbound io_ring_exit_work
[  300.200879] Call Trace:
[  300.201117]  __schedule+0x455/0xa00
[  300.201455]  ? wait_for_completion+0x8c/0x120
[  300.201893]  schedule+0x55/0xc0
[  300.202194]  schedule_timeout+0x4a3/0x5c0
[  300.202569]  ? mark_held_locks+0x4e/0x80
[  300.202944]  ? _raw_spin_unlock_irq+0x27/0x40
[  300.203347]  ? wait_for_completion+0xb8/0x120
[  300.203753]  ? wait_for_completion+0x8c/0x120
[  300.204158]  ? _raw_spin_unlock_irq+0x27/0x40
[  300.204564]  ? trace_hardirqs_on+0x6a/0x150
[  300.204957]  ? wait_for_completion+0x8c/0x120
[  300.205365]  wait_for_completion+0xc0/0x120
[  300.205770]  io_ring_exit_work+0x132/0x510
[  300.206154]  ? io_uring_del_task_file+0x110/0x110
[  300.206603]  process_one_work+0x3c7/0x8a0
[  300.206991]  worker_thread+0x4e/0x660
[  300.207337]  ? process_one_work+0x8a0/0x8a0
[  300.207728]  kthread+0x17c/0x1a0
[  300.208034]  ? kthread_park+0x110/0x110
[  300.208394]  ret_from_fork+0x1f/0x30
[  300.208780] 
[  300.208780] Showing all locks held in the system:
[  300.209334] 2 locks held by kworker/u4:0/7:
[  300.209725]  #0: ff11000005841938 ((wq_completion)events_unbound){+.+.}-{0:0}, at: process_one_work+0x31e/0x8a0
[  300.210644]  #1: ffa0000000043e58 ((work_completion)(&ctx->exit_work)){+.+.}-{0:0}, at: process_one_work+0x31e/0x8a0
[  300.211607] 1 lock held by khungtaskd/29:
[  300.211974]  #0: ffffffff83987280 (rcu_read_lock){....}-{1:2}, at: debug_show_all_locks+0x23/0x185
[  300.212805] 
[  300.212951] =============================================
[  300.212951] 
[  447.653707] INFO: task kworker/u4:0:7 blocked for more than 294 seconds.
[  447.654393]       Not tainted 5.12.0-rc2-baf186c4d345+ #1
[  447.654892] "echo 0 > /proc/sys/kernel/hung_task_timeout_secs" disables this message.
[  447.655588] task:kworker/u4:0    state:D stack:    0 pid:    7 ppid:     2 flags:0x00004000
[  447.656341] Workqueue: events_unbound io_ring_exit_work
[  447.656830] Call Trace:
[  447.657068]  __schedule+0x455/0xa00
[  447.657406]  ? wait_for_completion+0x8c/0x120
[  447.657842]  schedule+0x55/0xc0
[  447.658142]  schedule_timeout+0x4a3/0x5c0
[  447.658517]  ? mark_held_locks+0x4e/0x80
[  447.658891]  ? _raw_spin_unlock_irq+0x27/0x40
[  447.659295]  ? wait_for_completion+0xb8/0x120
[  447.659700]  ? wait_for_completion+0x8c/0x120
[  447.660107]  ? _raw_spin_unlock_irq+0x27/0x40
[  447.660511]  ? trace_hardirqs_on+0x6a/0x150
[  447.660902]  ? wait_for_completion+0x8c/0x120
[  447.661309]  wait_for_completion+0xc0/0x120
[  447.661714]  io_ring_exit_work+0x132/0x510
[  447.662098]  ? io_uring_del_task_file+0x110/0x110
[  447.662553]  process_one_work+0x3c7/0x8a0
[  447.662938]  worker_thread+0x4e/0x660
[  447.663284]  ? process_one_work+0x8a0/0x8a0
[  447.663672]  kthread+0x17c/0x1a0
[  447.663977]  ? kthread_park+0x110/0x110
[  447.664336]  ret_from_fork+0x1f/0x30
[  447.664724] 
[  447.664724] Showing all locks held in the system:
[  447.665279] 2 locks held by kworker/u4:0/7:
[  447.665672]  #0: ff11000005841938 ((wq_completion)events_unbound){+.+.}-{0:0}, at: process_one_work+0x31e/0x8a0
[  447.666595]  #1: ffa0000000043e58 ((work_completion)(&ctx->exit_work)){+.+.}-{0:0}, at: process_one_work+0x31e/0x8a0
[  447.667553] 1 lock held by khungtaskd/29:
[  447.667921]  #0: ffffffff83987280 (rcu_read_lock){....}-{1:2}, at: debug_show_all_locks+0x23/0x185
[  447.668753] 
[  447.668898] =============================================
[  447.668898] 
[  595.109716] INFO: task kworker/u4:0:7 blocked for more than 442 seconds.
[  595.110408]       Not tainted 5.12.0-rc2-baf186c4d345+ #1
[  595.110898] "echo 0 > /proc/sys/kernel/hung_task_timeout_secs" disables this message.
[  595.111591] task:kworker/u4:0    state:D stack:    0 pid:    7 ppid:     2 flags:0x00004000
[  595.112342] Workqueue: events_unbound io_ring_exit_work
[  595.112831] Call Trace:
[  595.113066]  __schedule+0x455/0xa00
[  595.113405]  ? wait_for_completion+0x8c/0x120
[  595.113839]  schedule+0x55/0xc0
[  595.114141]  schedule_timeout+0x4a3/0x5c0
[  595.114521]  ? mark_held_locks+0x4e/0x80
[  595.114891]  ? _raw_spin_unlock_irq+0x27/0x40
[  595.115295]  ? wait_for_completion+0xb8/0x120
[  595.115698]  ? wait_for_completion+0x8c/0x120
[  595.116103]  ? _raw_spin_unlock_irq+0x27/0x40
[  595.116505]  ? trace_hardirqs_on+0x6a/0x150
[  595.116898]  ? wait_for_completion+0x8c/0x120
[  595.117304]  wait_for_completion+0xc0/0x120
[  595.117707]  io_ring_exit_work+0x132/0x510
[  595.118091]  ? io_uring_del_task_file+0x110/0x110
[  595.118544]  process_one_work+0x3c7/0x8a0
[  595.118927]  worker_thread+0x4e/0x660
[  595.119273]  ? process_one_work+0x8a0/0x8a0
[  595.119663]  kthread+0x17c/0x1a0
[  595.119968]  ? kthread_park+0x110/0x110
[  595.120327]  ret_from_fork+0x1f/0x30
[  595.120713] 
[  595.120713] Showing all locks held in the system:
[  595.121269] 2 locks held by kworker/u4:0/7:
[  595.121661]  #0: ff11000005841938 ((wq_completion)events_unbound){+.+.}-{0:0}, at: process_one_work+0x31e/0x8a0
[  595.122584]  #1: ffa0000000043e58 ((work_completion)(&ctx->exit_work)){+.+.}-{0:0}, at: process_one_work+0x31e/0x8a0
[  595.123539] 1 lock held by khungtaskd/29:
[  595.123907]  #0: ffffffff83987280 (rcu_read_lock){....}-{1:2}, at: debug_show_all_locks+0x23/0x185
[  595.124732] 1 lock held by repro/552:
[  595.125069] 
[  595.125217] =============================================
[  595.125217] 
[  742.565735] INFO: task kworker/u4:0:7 blocked for more than 589 seconds.
[  742.566441]       Not tainted 5.12.0-rc2-baf186c4d345+ #1
[  742.566930] "echo 0 > /proc/sys/kernel/hung_task_timeout_secs" disables this message.
[  742.567625] task:kworker/u4:0    state:D stack:    0 pid:    7 ppid:     2 flags:0x00004000
[  742.568380] Workqueue: events_unbound io_ring_exit_work
[  742.568871] Call Trace:
[  742.569110]  __schedule+0x455/0xa00
[  742.569447]  ? wait_for_completion+0x8c/0x120
[  742.569887]  schedule+0x55/0xc0
[  742.570191]  schedule_timeout+0x4a3/0x5c0
[  742.570566]  ? mark_held_locks+0x4e/0x80
[  742.570936]  ? _raw_spin_unlock_irq+0x27/0x40
[  742.571340]  ? wait_for_completion+0xb8/0x120
[  742.571745]  ? wait_for_completion+0x8c/0x120
[  742.572152]  ? _raw_spin_unlock_irq+0x27/0x40
[  742.572555]  ? trace_hardirqs_on+0x6a/0x150
[  742.572949]  ? wait_for_completion+0x8c/0x120
[  742.573355]  wait_for_completion+0xc0/0x120
[  742.573764]  io_ring_exit_work+0x132/0x510
[  742.574152]  ? io_uring_del_task_file+0x110/0x110
[  742.574603]  process_one_work+0x3c7/0x8a0
[  742.574988]  worker_thread+0x4e/0x660
[  742.575335]  ? process_one_work+0x8a0/0x8a0
[  742.575725]  kthread+0x17c/0x1a0
[  742.576033]  ? kthread_park+0x110/0x110
[  742.576392]  ret_from_fork+0x1f/0x30
[  742.576788] 
[  742.576788] Showing all locks held in the system:
[  742.577344] 2 locks held by kworker/u4:0/7:
[  742.577739]  #0: ff11000005841938 ((wq_completion)events_unbound){+.+.}-{0:0}, at: process_one_work+0x31e/0x8a0
[  742.578666]  #1: ffa0000000043e58 ((work_completion)(&ctx->exit_work)){+.+.}-{0:0}, at: process_one_work+0x31e/0x8a0
[  742.579623] 1 lock held by khungtaskd/29:
[  742.579991]  #0: ffffffff83987280 (rcu_read_lock){....}-{1:2}, at: debug_show_all_locks+0x23/0x185
[  742.580819] 
[  742.580966] =============================================
[  742.580966] 
[  890.021729] INFO: task kworker/u4:0:7 blocked for more than 737 seconds.
[  890.022419]       Not tainted 5.12.0-rc2-baf186c4d345+ #1
[  890.022914] "echo 0 > /proc/sys/kernel/hung_task_timeout_secs" disables this message.
[  890.023618] task:kworker/u4:0    state:D stack:    0 pid:    7 ppid:     2 flags:0x00004000
[  890.024382] Workqueue: events_unbound io_ring_exit_work
[  890.024884] Call Trace:
[  890.025125]  __schedule+0x455/0xa00
[  890.025468]  ? wait_for_completion+0x8c/0x120
[  890.025921]  schedule+0x55/0xc0
[  890.026228]  schedule_timeout+0x4a3/0x5c0
[  890.026608]  ? mark_held_locks+0x4e/0x80
[  890.026983]  ? _raw_spin_unlock_irq+0x27/0x40
[  890.027394]  ? wait_for_completion+0xb8/0x120
[  890.027806]  ? wait_for_completion+0x8c/0x120
[  890.028218]  ? _raw_spin_unlock_irq+0x27/0x40
[  890.028627]  ? trace_hardirqs_on+0x6a/0x150
[  890.029026]  ? wait_for_completion+0x8c/0x120
[  890.029439]  wait_for_completion+0xc0/0x120
[  890.029852]  io_ring_exit_work+0x132/0x510
[  890.030241]  ? io_uring_del_task_file+0x110/0x110
[  890.030694]  process_one_work+0x3c7/0x8a0
[  890.031083]  worker_thread+0x4e/0x660
[  890.031433]  ? process_one_work+0x8a0/0x8a0
[  890.031828]  kthread+0x17c/0x1a0
[  890.032137]  ? kthread_park+0x110/0x110
[  890.032500]  ret_from_fork+0x1f/0x30
[  890.032900] 
[  890.032900] Showing all locks held in the system:
[  890.033464] 2 locks held by kworker/u4:0/7:
[  890.033870]  #0: ff11000005841938 ((wq_completion)events_unbound){+.+.}-{0:0}, at: process_one_work+0x31e/0x8a0
[  890.034803]  #1: ffa0000000043e58 ((work_completion)(&ctx->exit_work)){+.+.}-{0:0}, at: process_one_work+0x31e/0x8a0
[  890.035779] 1 lock held by khungtaskd/29:
[  890.036151]  #0: ffffffff83987280 (rcu_read_lock){....}-{1:2}, at: debug_show_all_locks+0x23/0x185
[  890.036987] 
[  890.037137] =============================================
[  890.037137] 
[ 1037.477713] INFO: task kworker/u4:0:7 blocked for more than 884 seconds.
[ 1037.478389]       Not tainted 5.12.0-rc2-baf186c4d345+ #1
[ 1037.478877] "echo 0 > /proc/sys/kernel/hung_task_timeout_secs" disables this message.
[ 1037.479570] task:kworker/u4:0    state:D stack:    0 pid:    7 ppid:     2 flags:0x00004000
[ 1037.480321] Workqueue: events_unbound io_ring_exit_work
[ 1037.480807] Call Trace:
[ 1037.481044]  __schedule+0x455/0xa00
[ 1037.481390]  ? wait_for_completion+0x8c/0x120
[ 1037.481824]  schedule+0x55/0xc0
[ 1037.482123]  schedule_timeout+0x4a3/0x5c0
[ 1037.482498]  ? mark_held_locks+0x4e/0x80
[ 1037.482867]  ? _raw_spin_unlock_irq+0x27/0x40
[ 1037.483271]  ? wait_for_completion+0xb8/0x120
[ 1037.483676]  ? wait_for_completion+0x8c/0x120
[ 1037.484081]  ? _raw_spin_unlock_irq+0x27/0x40
[ 1037.484484]  ? trace_hardirqs_on+0x6a/0x150
[ 1037.484878]  ? wait_for_completion+0x8c/0x120
[ 1037.485287]  wait_for_completion+0xc0/0x120
[ 1037.485691]  io_ring_exit_work+0x132/0x510
[ 1037.486073]  ? io_uring_del_task_file+0x110/0x110
[ 1037.486521]  process_one_work+0x3c7/0x8a0
[ 1037.486904]  worker_thread+0x4e/0x660
[ 1037.487249]  ? process_one_work+0x8a0/0x8a0
[ 1037.487637]  kthread+0x17c/0x1a0
[ 1037.487943]  ? kthread_park+0x110/0x110
[ 1037.488301]  ret_from_fork+0x1f/0x30
[ 1037.488691] 
[ 1037.488691] Showing all locks held in the system:
[ 1037.489249] 2 locks held by kworker/u4:0/7:
[ 1037.489634]  #0: ff11000005841938 ((wq_completion)events_unbound){+.+.}-{0:0}, at: process_one_work+0x31e/0x8a0
[ 1037.490561]  #1: ffa0000000043e58 ((work_completion)(&ctx->exit_work)){+.+.}-{0:0}, at: process_one_work+0x31e/0x8a0
[ 1037.491516] 1 lock held by khungtaskd/29:
[ 1037.491883]  #0: ffffffff83987280 (rcu_read_lock){....}-{1:2}, at: debug_show_all_locks+0x23/0x185
[ 1037.492711] 
[ 1037.492857] =============================================
[ 1037.492857] 
[ 1184.933671] INFO: task kworker/u4:0:7 blocked for more than 1032 seconds.
[ 1184.934351]       Not tainted 5.12.0-rc2-baf186c4d345+ #1
[ 1184.934844] "echo 0 > /proc/sys/kernel/hung_task_timeout_secs" disables this message.
[ 1184.935541] task:kworker/u4:0    state:D stack:    0 pid:    7 ppid:     2 flags:0x00004000
[ 1184.936297] Workqueue: events_unbound io_ring_exit_work
[ 1184.936787] Call Trace:
[ 1184.937032]  __schedule+0x455/0xa00
[ 1184.937371]  ? wait_for_completion+0x8c/0x120
[ 1184.937804]  schedule+0x55/0xc0
[ 1184.938105]  schedule_timeout+0x4a3/0x5c0
[ 1184.938481]  ? mark_held_locks+0x4e/0x80
[ 1184.938853]  ? _raw_spin_unlock_irq+0x27/0x40
[ 1184.939257]  ? wait_for_completion+0xb8/0x120
[ 1184.939663]  ? wait_for_completion+0x8c/0x120
[ 1184.940070]  ? _raw_spin_unlock_irq+0x27/0x40
[ 1184.940475]  ? trace_hardirqs_on+0x6a/0x150
[ 1184.940871]  ? wait_for_completion+0x8c/0x120
[ 1184.941284]  wait_for_completion+0xc0/0x120
[ 1184.941691]  io_ring_exit_work+0x132/0x510
[ 1184.942076]  ? io_uring_del_task_file+0x110/0x110
[ 1184.942524]  process_one_work+0x3c7/0x8a0
[ 1184.942910]  worker_thread+0x4e/0x660
[ 1184.943257]  ? process_one_work+0x8a0/0x8a0
[ 1184.943649]  kthread+0x17c/0x1a0
[ 1184.943957]  ? kthread_park+0x110/0x110
[ 1184.944315]  ret_from_fork+0x1f/0x30
[ 1184.944700] 
[ 1184.944700] Showing all locks held in the system:
[ 1184.945258] 2 locks held by kworker/u4:0/7:
[ 1184.945653]  #0: ff11000005841938 ((wq_completion)events_unbound){+.+.}-{0:0}, at: process_one_work+0x31e/0x8a0
[ 1184.946574]  #1: ffa0000000043e58 ((work_completion)(&ctx->exit_work)){+.+.}-{0:0}, at: process_one_work+0x31e/0x8a0
[ 1184.947532] 1 lock held by khungtaskd/29:
[ 1184.947900]  #0: ffffffff83987280 (rcu_read_lock){....}-{1:2}, at: debug_show_all_locks+0x23/0x185
[ 1184.948729] 
[ 1184.948876] =============================================
[ 1184.948876] 
[ 1332.389699] INFO: task kworker/u4:0:7 blocked for more than 1179 seconds.
[ 1332.390819]       Not tainted 5.12.0-rc2-baf186c4d345+ #1
[ 1332.391715] "echo 0 > /proc/sys/kernel/hung_task_timeout_secs" disables this message.
[ 1332.392414] task:kworker/u4:0    state:D stack:    0 pid:    7 ppid:     2 flags:0x00004000
[ 1332.393172] Workqueue: events_unbound io_ring_exit_work
[ 1332.393686] Call Trace:
[ 1332.393922]  __schedule+0x455/0xa00
[ 1332.394254]  ? wait_for_completion+0x8c/0x120
[ 1332.394655]  schedule+0x55/0xc0
[ 1332.394952]  schedule_timeout+0x4a3/0x5c0
[ 1332.395323]  ? mark_held_locks+0x4e/0x80
[ 1332.395687]  ? _raw_spin_unlock_irq+0x27/0x40
[ 1332.396085]  ? wait_for_completion+0xb8/0x120
[ 1332.396486]  ? wait_for_completion+0x8c/0x120
[ 1332.396898]  ? _raw_spin_unlock_irq+0x27/0x40
[ 1332.397295]  ? trace_hardirqs_on+0x6a/0x150
[ 1332.397689]  ? wait_for_completion+0x8c/0x120
[ 1332.398090]  wait_for_completion+0xc0/0x120
[ 1332.398481]  io_ring_exit_work+0x132/0x510
[ 1332.398860]  ? io_uring_del_task_file+0x110/0x110
[ 1332.399301]  process_one_work+0x3c7/0x8a0
[ 1332.399679]  worker_thread+0x4e/0x660
[ 1332.400021]  ? process_one_work+0x8a0/0x8a0
[ 1332.400405]  kthread+0x17c/0x1a0
[ 1332.400705]  ? kthread_park+0x110/0x110
[ 1332.401071]  ret_from_fork+0x1f/0x30
[ 1332.401452] 
[ 1332.401452] Showing all locks held in the system:
[ 1332.402007] 2 locks held by kworker/u4:0/7:
[ 1332.402386]  #0: ff11000005841938 ((wq_completion)events_unbound){+.+.}-{0:0}, at: process_one_work+0x31e/0x8a0
[ 1332.403293]  #1: ffa0000000043e58 ((work_completion)(&ctx->exit_work)){+.+.}-{0:0}, at: process_one_work+0x31e/0x8a0
[ 1332.404240] 1 lock held by khungtaskd/29:
[ 1332.404601]  #0: ffffffff83987280 (rcu_read_lock){....}-{1:2}, at: debug_show_all_locks+0x23/0x185
[ 1332.405426] 
[ 1332.405572] =============================================
[ 1332.405572] 
[ 1479.845702] INFO: task kworker/u4:0:7 blocked for more than 1327 seconds.
[ 1479.846384]       Not tainted 5.12.0-rc2-baf186c4d345+ #1
[ 1479.846872] "echo 0 > /proc/sys/kernel/hung_task_timeout_secs" disables this message.
[ 1479.847565] task:kworker/u4:0    state:D stack:    0 pid:    7 ppid:     2 flags:0x00004000
[ 1479.848317] Workqueue: events_unbound io_ring_exit_work
[ 1479.849030] Call Trace:
[ 1479.849448]  __schedule+0x455/0xa00
[ 1479.850077]  ? wait_for_completion+0x8c/0x120
[ 1479.850811]  schedule+0x55/0xc0
[ 1479.851340]  schedule_timeout+0x4a3/0x5c0
[ 1479.852014]  ? mark_held_locks+0x4e/0x80
[ 1479.852681]  ? _raw_spin_unlock_irq+0x27/0x40
[ 1479.853411]  ? wait_for_completion+0xb8/0x120
[ 1479.854147]  ? wait_for_completion+0x8c/0x120
[ 1479.854875]  ? _raw_spin_unlock_irq+0x27/0x40
[ 1479.855606]  ? trace_hardirqs_on+0x6a/0x150
[ 1479.856310]  ? wait_for_completion+0x8c/0x120
[ 1479.857044]  wait_for_completion+0xc0/0x120
[ 1479.857761]  io_ring_exit_work+0x132/0x510
[ 1479.858446]  ? io_uring_del_task_file+0x110/0x110
[ 1479.859240]  process_one_work+0x3c7/0x8a0
[ 1479.859923]  worker_thread+0x4e/0x660
[ 1479.860545]  ? process_one_work+0x8a0/0x8a0
[ 1479.861246]  kthread+0x17c/0x1a0
[ 1479.861799]  ? kthread_park+0x110/0x110
[ 1479.862440]  ret_from_fork+0x1f/0x30
[ 1479.863093] 
[ 1479.863093] Showing all locks held in the system:
[ 1479.864110] 2 locks held by kworker/u4:0/7:
[ 1479.864817]  #0: ff11000005841938 ((wq_completion)events_unbound){+.+.}-{0:0}, at: process_one_work+0x31e/0x8a0
[ 1479.866484]  #1: ffa0000000043e58 ((work_completion)(&ctx->exit_work)){+.+.}-{0:0}, at: process_one_work+0x31e/0x8a0
[ 1479.868225] 1 lock held by khungtaskd/29:
[ 1479.868897]  #0: ffffffff83987280 (rcu_read_lock){....}-{1:2}, at: debug_show_all_locks+0x23/0x185
[ 1479.870395] 
[ 1479.870652] =============================================
[ 1479.870652] 
[ 1627.301725] INFO: task kworker/u4:0:7 blocked for more than 1474 seconds.
[ 1627.302843]       Not tainted 5.12.0-rc2-baf186c4d345+ #1
[ 1627.303732] "echo 0 > /proc/sys/kernel/hung_task_timeout_secs" disables this message.
[ 1627.305010] task:kworker/u4:0    state:D stack:    0 pid:    7 ppid:     2 flags:0x00004000
[ 1627.306410] Workqueue: events_unbound io_ring_exit_work
[ 1627.307287] Call Trace:
[ 1627.307705]  __schedule+0x455/0xa00
[ 1627.308305]  ? wait_for_completion+0x8c/0x120
[ 1627.309034]  schedule+0x55/0xc0
[ 1627.309566]  schedule_timeout+0x4a3/0x5c0
[ 1627.310248]  ? mark_held_locks+0x4e/0x80
[ 1627.310904]  ? _raw_spin_unlock_irq+0x27/0x40
[ 1627.311635]  ? wait_for_completion+0xb8/0x120
[ 1627.312372]  ? wait_for_completion+0x8c/0x120
[ 1627.313099]  ? _raw_spin_unlock_irq+0x27/0x40
[ 1627.313833]  ? trace_hardirqs_on+0x6a/0x150
[ 1627.314535]  ? wait_for_completion+0x8c/0x120
[ 1627.315266]  wait_for_completion+0xc0/0x120
[ 1627.315971]  io_ring_exit_work+0x132/0x510
[ 1627.316681]  ? io_uring_del_task_file+0x110/0x110
[ 1627.317478]  process_one_work+0x3c7/0x8a0
[ 1627.318169]  worker_thread+0x4e/0x660
[ 1627.318786]  ? process_one_work+0x8a0/0x8a0
[ 1627.319482]  kthread+0x17c/0x1a0
[ 1627.320026]  ? kthread_park+0x110/0x110
[ 1627.320674]  ret_from_fork+0x1f/0x30
[ 1627.321324] 
[ 1627.321324] Showing all locks held in the system:
[ 1627.322346] 2 locks held by kworker/u4:0/7:
[ 1627.323041]  #0: ff11000005841938 ((wq_completion)events_unbound){+.+.}-{0:0}, at: process_one_work+0x31e/0x8a0
[ 1627.324708]  #1: ffa0000000043e58 ((work_completion)(&ctx->exit_work)){+.+.}-{0:0}, at: process_one_work+0x31e/0x8a0
[ 1627.326449] 1 lock held by khungtaskd/29:
[ 1627.327115]  #0: ffffffff83987280 (rcu_read_lock){....}-{1:2}, at: debug_show_all_locks+0x23/0x185
[ 1627.328613] 
[ 1627.328869] =============================================
[ 1627.328869] 
