c[?7l[2J[0mSeaBIOS (version rel-1.16.0-0-gd239552ce722-prebuilt.qemu.org)


iPXE (http://ipxe.org) 00:03.0 CA00 PCI2.10 PnP PMM+7FF91000+7FEF1000 CA00
Press Ctrl-B to configure iPXE (PCI 00:03.0)...                                                                               


Booting from ROM...
c[?7l[2J[    0.000000] Linux version 5.11.0-cf64c2a905e0+ (root@984fee00a1f6.jf.intel.com) (gcc (GCC) 8.5.0 20210514 (Red Hat 8.5.0-18), GNU ld version 2.36.1-3.el8) #1 SMP Tue Jan 24 10:21:52 PST 2023
[    0.000000] Command line: console=ttyS0 root=/dev/sda earlyprintk=serial net.ifnames=0
[    0.000000] KERNEL supported cpus:
[    0.000000]   Intel GenuineIntel
[    0.000000]   AMD AuthenticAMD
[    0.000000]   Hygon HygonGenuine
[    0.000000]   Centaur CentaurHauls
[    0.000000]   zhaoxin   Shanghai  
[    0.000000] x86/fpu: Supporting XSAVE feature 0x001: 'x87 floating point registers'
[    0.000000] x86/fpu: Supporting XSAVE feature 0x002: 'SSE registers'
[    0.000000] x86/fpu: Supporting XSAVE feature 0x004: 'AVX registers'
[    0.000000] x86/fpu: Supporting XSAVE feature 0x020: 'AVX-512 opmask'
[    0.000000] x86/fpu: Supporting XSAVE feature 0x040: 'AVX-512 Hi256'
[    0.000000] x86/fpu: Supporting XSAVE feature 0x080: 'AVX-512 ZMM_Hi256'
[    0.000000] x86/fpu: Supporting XSAVE feature 0x200: 'Protection Keys User registers'
[    0.000000] x86/fpu: xstate_offset[2]:  576, xstate_sizes[2]:  256
[    0.000000] x86/fpu: xstate_offset[5]:  832, xstate_sizes[5]:   64
[    0.000000] x86/fpu: xstate_offset[6]:  896, xstate_sizes[6]:  512
[    0.000000] x86/fpu: xstate_offset[7]: 1408, xstate_sizes[7]: 1024
[    0.000000] x86/fpu: xstate_offset[9]: 2432, xstate_sizes[9]:    8
[    0.000000] x86/fpu: Enabled xstate features 0x2e7, context size is 2440 bytes, using 'compacted' format.
[    0.000000] BIOS-provided physical RAM map:
[    0.000000] BIOS-e820: [mem 0x0000000000000000-0x000000000009fbff] usable
[    0.000000] BIOS-e820: [mem 0x000000000009fc00-0x000000000009ffff] reserved
[    0.000000] BIOS-e820: [mem 0x00000000000f0000-0x00000000000fffff] reserved
[    0.000000] BIOS-e820: [mem 0x0000000000100000-0x000000007ffdffff] usable
[    0.000000] BIOS-e820: [mem 0x000000007ffe0000-0x000000007fffffff] reserved
[    0.000000] BIOS-e820: [mem 0x00000000feffc000-0x00000000feffffff] reserved
[    0.000000] BIOS-e820: [mem 0x00000000fffc0000-0x00000000ffffffff] reserved
[    0.000000] printk: bootconsole [earlyser0] enabled
[    0.000000] NX (Execute Disable) protection: active
[    0.000000] SMBIOS 2.8 present.
[    0.000000] DMI: QEMU Standard PC (i440FX + PIIX, 1996), BIOS rel-1.16.0-0-gd239552ce722-prebuilt.qemu.org 04/01/2014
[    0.000000] Hypervisor detected: KVM
[    0.000000] kvm-clock: Using msrs 4b564d01 and 4b564d00
[    0.000000] kvm-clock: cpu 0, msr 5401001, primary cpu clock
[    0.000000] kvm-clock: using sched offset of 568314099 cycles
[    0.001122] clocksource: kvm-clock: mask: 0xffffffffffffffff max_cycles: 0x1cd42e4dffb, max_idle_ns: 881590591483 ns
[    0.004344] tsc: Detected 1700.000 MHz processor
[    0.016547] last_pfn = 0x7ffe0 max_arch_pfn = 0x10000000000
[    0.017715] x86/PAT: Configuration [0-7]: WB  WC  UC- UC  WB  WP  UC- WT  
[    0.028595] found SMP MP-table at [mem 0x000f5ba0-0x000f5baf]
[    0.031175] check: Scanning 1 areas for low memory corruption
[    0.032385] Using GB pages for direct mapping
[    0.034735] ACPI: Early table checksum verification disabled
[    0.035879] ACPI: RSDP 0x00000000000F59C0 000014 (v00 BOCHS )
[    0.037034] ACPI: RSDT 0x000000007FFE1951 000034 (v01 BOCHS  BXPC     00000001 BXPC 00000001)
[    0.038726] ACPI: FACP 0x000000007FFE17FD 000074 (v01 BOCHS  BXPC     00000001 BXPC 00000001)
[    0.040415] ACPI: DSDT 0x000000007FFE0040 0017BD (v01 BOCHS  BXPC     00000001 BXPC 00000001)
[    0.042054] ACPI: FACS 0x000000007FFE0000 000040
[    0.042950] ACPI: APIC 0x000000007FFE1871 000080 (v01 BOCHS  BXPC     00000001 BXPC 00000001)
[    0.044629] ACPI: HPET 0x000000007FFE18F1 000038 (v01 BOCHS  BXPC     00000001 BXPC 00000001)
[    0.046276] ACPI: WAET 0x000000007FFE1929 000028 (v01 BOCHS  BXPC     00000001 BXPC 00000001)
[    0.049366] No NUMA configuration found
[    0.050095] Faking a node at [mem 0x0000000000000000-0x000000007ffdffff]
[    0.051499] NODE_DATA(0) allocated [mem 0x7ffb5000-0x7ffdffff]
[    0.058780] Zone ranges:
[    0.059292]   DMA      [mem 0x0000000000001000-0x0000000000ffffff]
[    0.060508]   DMA32    [mem 0x0000000001000000-0x000000007ffdffff]
[    0.061742]   Normal   empty
[    0.062292]   Device   empty
[    0.062852] Movable zone start for each node
[    0.063660] Early memory node ranges
[    0.064333]   node   0: [mem 0x0000000000001000-0x000000000009efff]
[    0.065573]   node   0: [mem 0x0000000000100000-0x000000007ffdffff]
[    0.067867] Zeroed struct page in unavailable ranges: 130 pages
[    0.067881] Initmem setup node 0 [mem 0x0000000000001000-0x000000007ffdffff]
[    0.081282] ACPI: PM-Timer IO Port: 0x608
[    0.082086] ACPI: LAPIC_NMI (acpi_id[0xff] dfl dfl lint[0x1])
[    0.083277] IOAPIC[0]: apic_id 0, version 17, address 0xfec00000, GSI 0-23
[    0.084660] ACPI: INT_SRC_OVR (bus 0 bus_irq 0 global_irq 2 dfl dfl)
[    0.085861] ACPI: INT_SRC_OVR (bus 0 bus_irq 5 global_irq 5 high level)
[    0.087204] ACPI: INT_SRC_OVR (bus 0 bus_irq 9 global_irq 9 high level)
[    0.088503] ACPI: INT_SRC_OVR (bus 0 bus_irq 10 global_irq 10 high level)
[    0.089849] ACPI: INT_SRC_OVR (bus 0 bus_irq 11 global_irq 11 high level)
[    0.091162] Using ACPI (MADT) for SMP configuration information
[    0.092291] ACPI: HPET id: 0x8086a201 base: 0xfed00000
[    0.093296] TSC deadline timer available
[    0.094088] smpboot: Allowing 2 CPUs, 0 hotplug CPUs
[    0.095073] kvm-guest: KVM setup pv remote TLB flush
[    0.096049] kvm-guest: setup PV sched yield
[    0.096974] PM: hibernation: Registered nosave memory: [mem 0x00000000-0x00000fff]
[    0.098418] PM: hibernation: Registered nosave memory: [mem 0x0009f000-0x0009ffff]
[    0.099841] PM: hibernation: Registered nosave memory: [mem 0x000a0000-0x000effff]
[    0.101286] PM: hibernation: Registered nosave memory: [mem 0x000f0000-0x000fffff]
[    0.102768] [mem 0x80000000-0xfeffbfff] available for PCI devices
[    0.103952] Booting paravirtualized kernel on KVM
[    0.104877] clocksource: refined-jiffies: mask: 0xffffffff max_cycles: 0xffffffff, max_idle_ns: 7645519600211568 ns
[    0.106973] setup_percpu: NR_CPUS:8192 nr_cpumask_bits:2 nr_cpu_ids:2 nr_node_ids:1
[    0.109142] percpu: Embedded 58 pages/cpu s200704 r8192 d28672 u1048576
[    0.110700] kvm-guest: KVM setup async PF for cpu 0
[    0.111665] kvm-guest: stealtime: cpu 0, msr 7da30080
[    0.112696] kvm-guest: PV spinlocks enabled
[    0.113498] PV qspinlock hash table entries: 256 (order: 0, 4096 bytes, linear)
[    0.114911] Built 1 zonelists, mobility grouping on.  Total pages: 515945
[    0.116275] Policy zone: DMA32
[    0.116906] Kernel command line: net.ifnames=0 console=ttyS0 root=/dev/sda earlyprintk=serial net.ifnames=0
[    0.119820] Dentry cache hash table entries: 262144 (order: 9, 2097152 bytes, linear)
[    0.121626] Inode-cache hash table entries: 131072 (order: 8, 1048576 bytes, linear)
[    0.123322] mem auto-init: stack:off, heap alloc:off, heap free:off
[    0.132448] Memory: 1986064K/2096632K available (30736K kernel code, 5181K rwdata, 7496K rodata, 2984K init, 22344K bss, 110368K reserved, 0K cma-reserved)
[    0.135193] random: get_random_u64 called from __kmem_cache_create+0x33/0x460 with crng_init=0
[    0.135967] SLUB: HWalign=64, Order=0-3, MinObjects=0, CPUs=2, Nodes=1
[    0.138891] kmemleak: Kernel memory leak detector disabled
[    0.139963] ftrace: allocating 63107 entries in 247 pages
[    0.288087] ftrace: allocated 247 pages with 7 groups
[    0.289442] Running RCU self tests
[    0.290111] rcu: Hierarchical RCU implementation.
[    0.291071] rcu: 	RCU lockdep checking is enabled.
[    0.292013] rcu: 	RCU restricting CPUs from NR_CPUS=8192 to nr_cpu_ids=2.
[    0.293320] 	Trampoline variant of Tasks RCU enabled.
[    0.294276] 	Rude variant of Tasks RCU enabled.
[    0.295139] 	Tracing variant of Tasks RCU enabled.
[    0.296086] rcu: RCU calculated value of scheduler-enlistment delay is 25 jiffies.
[    0.297540] rcu: Adjusting geometry for rcu_fanout_leaf=16, nr_cpu_ids=2
[    0.325813] NR_IRQS: 524544, nr_irqs: 440, preallocated irqs: 16
[    0.345666] Console: colour VGA+ 80x25
[    0.346495] printk: console [ttyS0] enabled
[    0.346495] printk: console [ttyS0] enabled
[    0.348207] printk: bootconsole [earlyser0] disabled
[    0.348207] printk: bootconsole [earlyser0] disabled
[    0.350138] Lock dependency validator: Copyright (c) 2006 Red Hat, Inc., Ingo Molnar
[    0.351680] ... MAX_LOCKDEP_SUBCLASSES:  8
[    0.352521] ... MAX_LOCK_DEPTH:          48
[    0.353347] ... MAX_LOCKDEP_KEYS:        8192
[    0.354248] ... CLASSHASH_SIZE:          4096
[    0.355113] ... MAX_LOCKDEP_ENTRIES:     32768
[    0.356007] ... MAX_LOCKDEP_CHAINS:      65536
[    0.356939] ... CHAINHASH_SIZE:          32768
[    0.357857]  memory used by lock dependency info: 6365 kB
[    0.358918]  memory used for stack traces: 4224 kB
[    0.359855]  per task-struct memory footprint: 1920 bytes
[    0.360987] ACPI: Core revision 20210105
[    0.362136] clocksource: hpet: mask: 0xffffffff max_cycles: 0xffffffff, max_idle_ns: 19112604467 ns
[    0.364172] APIC: Switch to symmetric I/O mode setup
[    0.365609] x2apic enabled
[    0.366591] Switched APIC routing to physical x2apic.
[    0.367637] kvm-guest: setup PV IPIs
[    0.370286] ..TIMER: vector=0x30 apic1=0 pin1=2 apic2=-1 pin2=-1
[    0.371495] clocksource: tsc-early: mask: 0xffffffffffffffff max_cycles: 0x1881273ac8e, max_idle_ns: 440795257284 ns
[    0.373622] Calibrating delay loop (skipped) preset value.. 3400.00 BogoMIPS (lpj=6800000)
[    0.375279] pid_max: default: 32768 minimum: 301
[    0.377741] LSM: Security Framework initializing
[    0.378647] Yama: becoming mindful.
[    0.379632] Mount-cache hash table entries: 4096 (order: 3, 32768 bytes, linear)
[    0.381085] Mountpoint-cache hash table entries: 4096 (order: 3, 32768 bytes, linear)
[    0.383295] x86/cpu: User Mode Instruction Prevention (UMIP) activated
[    0.385932] Last level iTLB entries: 4KB 0, 2MB 0, 4MB 0
[    0.387021] Last level dTLB entries: 4KB 0, 2MB 0, 4MB 0, 1GB 0
[    0.388234] Spectre V1 : Mitigation: usercopy/swapgs barriers and __user pointer sanitization
[    0.389618] Spectre V2 : Mitigation: Enhanced IBRS
[    0.390552] Spectre V2 : Spectre v2 / SpectreRSB mitigation: Filling RSB on context switch
[    0.392088] Spectre V2 : mitigation: Enabling conditional Indirect Branch Prediction Barrier
[    0.393616] Speculative Store Bypass: Mitigation: Speculative Store Bypass disabled via prctl and seccomp
[    0.396115] Freeing SMP alternatives memory: 52K
[    0.399655] smpboot: CPU0: Intel(R) Xeon(R) Gold 6414TDX (family: 0x6, model: 0x8f, stepping: 0x6)
[    0.401610] Running RCU-tasks wait API self tests
[    0.501885] Performance Events: Sapphire Rapids events, full-width counters, Intel PMU driver.
[    0.503670] ... version:                2
[    0.504474] ... bit width:              48
[    0.505241] ... generic registers:      8
[    0.505620] ... value mask:             0000ffffffffffff
[    0.506668] ... max period:             00007fffffffffff
[    0.507704] ... fixed-purpose events:   3
[    0.508484] ... event mask:             00000007000000ff
[    0.510047] rcu: Hierarchical SRCU implementation.
[    0.514234] Callback from call_rcu_tasks_trace() invoked.
[    0.516260] smp: Bringing up secondary CPUs ...
[    0.517940] x86: Booting SMP configuration:
[    0.518750] .... node  #0, CPUs:      #1
[    0.038161] kvm-clock: cpu 1, msr 5401041, secondary cpu clock
[    0.520267] kvm-guest: KVM setup async PF for cpu 1
[    0.520267] kvm-guest: stealtime: cpu 1, msr 7db30080
[    0.521721] smp: Brought up 1 node, 2 CPUs
[    0.522555] smpboot: Max logical packages: 1
[    0.523404] smpboot: Total of 2 processors activated (6800.00 BogoMIPS)
[    0.526473] devtmpfs: initialized
[    0.526783] x86/mm: Memory block size: 128MB
[    0.530563] clocksource: jiffies: mask: 0xffffffff max_cycles: 0xffffffff, max_idle_ns: 7645041785100000 ns
[    0.533644] futex hash table entries: 512 (order: 4, 65536 bytes, linear)
[    0.535390] pinctrl core: initialized pinctrl subsystem
[    0.537309] 
[    0.537617] *************************************************************
[    0.538928] **     NOTICE NOTICE NOTICE NOTICE NOTICE NOTICE NOTICE    **
[    0.540257] **                                                         **
[    0.541574] **  IOMMU DebugFS SUPPORT HAS BEEN ENABLED IN THIS KERNEL  **
[    0.541620] **                                                         **
[    0.542914] ** This means that this kernel is built to expose internal **
[    0.544253] ** IOMMU data structures, which may compromise security on **
[    0.545565] ** your system.                                            **
[    0.545619] **                                                         **
[    0.546912] ** If you see this message and you are not debugging the   **
[    0.548215] ** kernel, report this immediately to your vendor!         **
[    0.549474] **                                                         **
[    0.549618] **     NOTICE NOTICE NOTICE NOTICE NOTICE NOTICE NOTICE    **
[    0.550902] *************************************************************
[    0.552347] PM: RTC time: 19:07:38, date: 2023-01-24
[    0.555334] NET: Registered protocol family 16
[    0.557254] DMA: preallocated 256 KiB GFP_KERNEL pool for atomic allocations
[    0.557633] DMA: preallocated 256 KiB GFP_KERNEL|GFP_DMA pool for atomic allocations
[    0.559143] DMA: preallocated 256 KiB GFP_KERNEL|GFP_DMA32 pool for atomic allocations
[    0.560722] audit: initializing netlink subsys (disabled)
[    0.561710] audit: type=2000 audit(1674587258.551:1): state=initialized audit_enabled=0 res=1
[    0.563031] thermal_sys: Registered thermal governor 'fair_share'
[    0.563409] thermal_sys: Registered thermal governor 'bang_bang'
[    0.563409] thermal_sys: Registered thermal governor 'step_wise'
[    0.563409] thermal_sys: Registered thermal governor 'user_space'
[    0.563972] cpuidle: using governor ladder
[    0.565640] cpuidle: using governor menu
[    0.566838] ACPI: bus type PCI registered
[    0.567594] acpiphp: ACPI Hot Plug PCI Controller Driver version: 0.5
[    0.569309] PCI: Using configuration type 1 for base access
[    0.597790] Kprobes globally optimized
[    0.598563] HugeTLB registered 1.00 GiB page size, pre-allocated 0 pages
[    0.599041] HugeTLB registered 2.00 MiB page size, pre-allocated 0 pages
[    0.605835] Callback from call_rcu_tasks_rude() invoked.
[    0.614507] ACPI: Added _OSI(Module Device)
[    0.617862] ACPI: Added _OSI(Processor Device)
[    0.618725] ACPI: Added _OSI(3.0 _SCP Extensions)
[    0.619642] ACPI: Added _OSI(Processor Aggregator Device)
[    0.620602] ACPI: Added _OSI(Linux-Dell-Video)
[    0.621440] ACPI: Added _OSI(Linux-Lenovo-NV-HDMI-Audio)
[    0.621705] ACPI: Added _OSI(Linux-HPI-Hybrid-Graphics)
[    0.633175] ACPI: 1 ACPI AML tables successfully acquired and loaded
[    0.640190] ACPI: Interpreter enabled
[    0.641083] ACPI: (supports S0 S3 S4 S5)
[    0.641621] ACPI: Using IOAPIC for interrupt routing
[    0.642687] PCI: Using host bridge windows from ACPI; if necessary, use "pci=nocrs" and report a bug
[    0.645752] ACPI: Enabled 2 GPEs in block 00 to 0F
[    0.677417] ACPI: PCI Root Bridge [PCI0] (domain 0000 [bus 00-ff])
[    0.677643] acpi PNP0A03:00: _OSC: OS supports [ASPM ClockPM Segments MSI EDR HPX-Type3]
[    0.679313] acpi PNP0A03:00: fail to add MMCONFIG information, can't access extended PCI configuration space under this bridge.
[    0.685053] acpiphp: Slot [3] registered
[    0.685776] acpiphp: Slot [4] registered
[    0.686956] acpiphp: Slot [5] registered
[    0.687870] acpiphp: Slot [6] registered
[    0.688811] acpiphp: Slot [7] registered
[    0.689698] acpiphp: Slot [8] registered
[    0.690599] acpiphp: Slot [9] registered
[    0.691497] acpiphp: Slot [10] registered
[    0.692371] acpiphp: Slot [11] registered
[    0.693277] acpiphp: Slot [12] registered
[    0.693744] acpiphp: Slot [13] registered
[    0.694666] acpiphp: Slot [14] registered
[    0.695588] acpiphp: Slot [15] registered
[    0.696530] acpiphp: Slot [16] registered
[    0.697490] acpiphp: Slot [17] registered
[    0.697743] acpiphp: Slot [18] registered
[    0.698642] acpiphp: Slot [19] registered
[    0.699545] acpiphp: Slot [20] registered
[    0.700456] acpiphp: Slot [21] registered
[    0.701368] acpiphp: Slot [22] registered
[    0.701740] acpiphp: Slot [23] registered
[    0.702650] acpiphp: Slot [24] registered
[    0.703579] acpiphp: Slot [25] registered
[    0.704486] acpiphp: Slot [26] registered
[    0.705396] acpiphp: Slot [27] registered
[    0.705741] acpiphp: Slot [28] registered
[    0.706654] acpiphp: Slot [29] registered
[    0.707567] acpiphp: Slot [30] registered
[    0.708480] acpiphp: Slot [31] registered
[    0.709322] PCI host bridge to bus 0000:00
[    0.709643] pci_bus 0000:00: root bus resource [io  0x0000-0x0cf7 window]
[    0.710992] pci_bus 0000:00: root bus resource [io  0x0d00-0xffff window]
[    0.710979] Callback from call_rcu_tasks() invoked.
[    0.712310] pci_bus 0000:00: root bus resource [mem 0x000a0000-0x000bffff window]
[    0.713641] pci_bus 0000:00: root bus resource [mem 0x80000000-0xfebfffff window]
[    0.715084] pci_bus 0000:00: root bus resource [mem 0x100000000-0x17fffffff window]
[    0.716545] pci_bus 0000:00: root bus resource [bus 00-ff]
[    0.717770] pci 0000:00:00.0: [8086:1237] type 00 class 0x060000
[    0.722743] pci 0000:00:01.0: [8086:7000] type 00 class 0x060100
[    0.725904] pci 0000:00:01.1: [8086:7010] type 00 class 0x010180
[    0.729963] pci 0000:00:01.1: reg 0x20: [io  0xc040-0xc04f]
[    0.732440] pci 0000:00:01.1: legacy IDE quirk: reg 0x10: [io  0x01f0-0x01f7]
[    0.733629] pci 0000:00:01.1: legacy IDE quirk: reg 0x14: [io  0x03f6]
[    0.734947] pci 0000:00:01.1: legacy IDE quirk: reg 0x18: [io  0x0170-0x0177]
[    0.736260] pci 0000:00:01.1: legacy IDE quirk: reg 0x1c: [io  0x0376]
[    0.738823] pci 0000:00:01.3: [8086:7113] type 00 class 0x068000
[    0.740708] pci 0000:00:01.3: quirk: [io  0x0600-0x063f] claimed by PIIX4 ACPI
[    0.741636] pci 0000:00:01.3: quirk: [io  0x0700-0x070f] claimed by PIIX4 SMB
[    0.744608] pci 0000:00:02.0: [1234:1111] type 00 class 0x030000
[    0.746875] pci 0000:00:02.0: reg 0x10: [mem 0xfd000000-0xfdffffff pref]
[    0.750097] pci 0000:00:02.0: reg 0x18: [mem 0xfebf0000-0xfebf0fff]
[    0.756424] pci 0000:00:02.0: reg 0x30: [mem 0xfebe0000-0xfebeffff pref]
[    0.760823] pci 0000:00:03.0: [8086:100e] type 00 class 0x020000
[    0.762626] pci 0000:00:03.0: reg 0x10: [mem 0xfebc0000-0xfebdffff]
[    0.764856] pci 0000:00:03.0: reg 0x14: [io  0xc000-0xc03f]
[    0.769623] pci 0000:00:03.0: reg 0x30: [mem 0xfeb80000-0xfebbffff pref]
[    0.788843] ACPI: PCI Interrupt Link [LNKA] (IRQs 5 *10 11)
[    0.790351] ACPI: PCI Interrupt Link [LNKB] (IRQs 5 *10 11)
[    0.792117] ACPI: PCI Interrupt Link [LNKC] (IRQs 5 10 *11)
[    0.793932] ACPI: PCI Interrupt Link [LNKD] (IRQs 5 10 *11)
[    0.795334] ACPI: PCI Interrupt Link [LNKS] (IRQs *9)
[    0.798031] iommu: Default domain type: Translated 
[    0.798031] pci 0000:00:02.0: vgaarb: setting as boot VGA device
[    0.799063] pci 0000:00:02.0: vgaarb: VGA device added: decodes=io+mem,owns=io+mem,locks=none
[    0.800644] pci 0000:00:02.0: vgaarb: bridge control possible
[    0.801627] vgaarb: loaded
[    0.805729] SCSI subsystem initialized
[    0.806485] ACPI: bus type USB registered
[    0.809684] usbcore: registered new interface driver usbfs
[    0.810826] usbcore: registered new interface driver hub
[    0.811938] usbcore: registered new device driver usb
[    0.813078] pps_core: LinuxPPS API ver. 1 registered
[    0.813631] pps_core: Software ver. 5.3.6 - Copyright 2005-2007 Rodolfo Giometti <giometti@linux.it>
[    0.815415] PTP clock support registered
[    0.816286] EDAC MC: Ver: 3.0.0
[    0.818060] NetLabel: Initializing
[    0.818723] NetLabel:  domain hash size = 128
[    0.819562] NetLabel:  protocols = UNLABELED CIPSOv4 CALIPSO
[    0.820727] NetLabel:  unlabeled traffic allowed by default
[    0.821753] PCI: Using ACPI for IRQ routing
[    0.822760] hpet0: at MMIO 0xfed00000, IRQs 2, 8, 0
[    0.825619] hpet0: 3 comparators, 64-bit 100.000000 MHz counter
[    0.831955] clocksource: Switched to clocksource kvm-clock
[    1.018706] VFS: Disk quotas dquot_6.6.0
[    1.019569] VFS: Dquot-cache hash table entries: 512 (order 0, 4096 bytes)
[    1.021387] pnp: PnP ACPI init
[    1.025449] pnp: PnP ACPI: found 6 devices
[    1.041399] clocksource: acpi_pm: mask: 0xffffff max_cycles: 0xffffff, max_idle_ns: 2085701024 ns
[    1.043653] NET: Registered protocol family 2
[    5.054259] tcp_listen_portaddr_hash hash table entries: 1024 (order: 4, 81920 bytes, linear)
[    5.057731] TCP established hash table entries: 16384 (order: 5, 131072 bytes, linear)
[    5.059616] TCP bind hash table entries: 16384 (order: 8, 1179648 bytes, linear)
[    5.061959] TCP: Hash tables configured (established 16384 bind 16384)
[    5.063392] UDP hash table entries: 1024 (order: 5, 163840 bytes, linear)
[    5.064791] UDP-Lite hash table entries: 1024 (order: 5, 163840 bytes, linear)
[    5.066480] NET: Registered protocol family 1
[    5.070150] RPC: Registered named UNIX socket transport module.
[    5.071296] RPC: Registered udp transport module.
[    5.072178] RPC: Registered tcp transport module.
[    5.073064] RPC: Registered tcp NFSv4.1 backchannel transport module.
[    5.074326] pci_bus 0000:00: resource 4 [io  0x0000-0x0cf7 window]
[    5.075449] pci_bus 0000:00: resource 5 [io  0x0d00-0xffff window]
[    5.076623] pci_bus 0000:00: resource 6 [mem 0x000a0000-0x000bffff window]
[    5.077955] pci_bus 0000:00: resource 7 [mem 0x80000000-0xfebfffff window]
[    5.079207] pci_bus 0000:00: resource 8 [mem 0x100000000-0x17fffffff window]
[    5.081024] pci 0000:00:01.0: PIIX3: Enabling Passive Release
[    5.082142] pci 0000:00:00.0: Limiting direct PCI/PCI transfers
[    5.083236] pci 0000:00:01.0: Activating ISA DMA hang workarounds
[    5.084541] pci 0000:00:02.0: Video device with shadowed ROM at [mem 0x000c0000-0x000dffff]
[    5.086161] PCI: CLS 0 bytes, default 64
[    5.087805] clocksource: tsc: mask: 0xffffffffffffffff max_cycles: 0x1881273ac8e, max_idle_ns: 440795257284 ns
[    5.089850] sgx: There are zero EPC sections.
[    5.092205] check: Scanning for low memory corruption every 60 seconds
[    5.099415] Initialise system trusted keyrings
[    5.100429] Key type blacklist registered
[    5.101462] workingset: timestamp_bits=36 max_order=19 bucket_order=0
[    5.118373] zbud: loaded
[    5.122075] squashfs: version 4.0 (2009/01/31) Phillip Lougher
[    5.125294] NFS: Registering the id_resolver key type
[    5.126305] Key type id_resolver registered
[    5.127125] Key type id_legacy registered
[    5.128079] nfs4filelayout_init: NFSv4 File Layout Driver Registering...
[    5.129653] fuse: init (API version 7.33)
[    5.130983] SGI XFS with ACLs, security attributes, realtime, quota, no debug enabled
[    5.134830] 9p: Installing v9fs 9p2000 file system support
[    5.150976] Key type asymmetric registered
[    5.151811] Asymmetric key parser 'x509' registered
[    5.152872] Block layer SCSI generic (bsg) driver version 0.4 loaded (major 244)
[    5.154532] io scheduler mq-deadline registered
[    5.155767] io scheduler bfq registered
[    5.157207] shpchp: Standard Hot Plug PCI Controller Driver version: 0.4
[    5.159104] IPMI message handler: version 39.2
[    5.160015] ipmi device interface
[    5.163321] input: Power Button as /devices/LNXSYSTM:00/LNXPWRBN:00/input/input0
[    5.165222] ACPI: button: Power Button [PWRF]
[    5.167801] ERST DBG: ERST support is disabled.
[    5.169654] Serial: 8250/16550 driver, 32 ports, IRQ sharing enabled
[    5.171867] 00:04: ttyS0 at I/O 0x3f8 (irq = 4, base_baud = 115200) is a 16550A
[    5.191605] Linux agpgart interface v0.103
[    5.216548] brd: module loaded
[    5.235132] loop: module loaded
[    5.242884] scsi host0: ata_piix
[    5.244591] scsi host1: ata_piix
[    5.245454] ata1: PATA max MWDMA2 cmd 0x1f0 ctl 0x3f6 bmdma 0xc040 irq 14
[    5.246721] ata2: PATA max MWDMA2 cmd 0x170 ctl 0x376 bmdma 0xc048 irq 15
[    5.249835] libphy: Fixed MDIO Bus: probed
[    5.251163] tun: Universal TUN/TAP device driver, 1.6
[    5.252411] e100: Intel(R) PRO/100 Network Driver
[    5.253296] e100: Copyright(c) 1999-2006 Intel Corporation
[    5.254374] e1000: Intel(R) PRO/1000 Network Driver
[    5.255297] e1000: Copyright (c) 1999-2006 Intel Corporation.
[    5.406866] ata1.00: ATA-7: QEMU HARDDISK, 2.5+, max UDMA/100
[    5.408055] ata1.00: 16777216 sectors, multi 16: LBA48 
[    5.411381] scsi 0:0:0:0: Direct-Access     ATA      QEMU HARDDISK    2.5+ PQ: 0 ANSI: 5
[    5.414677] ata2.00: ATAPI: QEMU DVD-ROM, 2.5+, max UDMA/100
[    5.416153] scsi 0:0:0:0: Attached scsi generic sg0 type 0
[    5.419126] sd 0:0:0:0: [sda] 16777216 512-byte logical blocks: (8.59 GB/8.00 GiB)
[    5.419950] scsi 1:0:0:0: CD-ROM            QEMU     QEMU DVD-ROM     2.5+ PQ: 0 ANSI: 5
[    5.420862] sd 0:0:0:0: [sda] Write Protect is off
[    5.423646] sd 0:0:0:0: [sda] Write cache: enabled, read cache: enabled, doesn't support DPO or FUA
[    5.424329] scsi 1:0:0:0: Attached scsi generic sg1 type 5
[    5.549929] sd 0:0:0:0: [sda] Attached SCSI disk
[    5.626410] PCI Interrupt Link [LNKC] enabled at IRQ 11
[    5.996910] e1000 0000:00:03.0 eth0: (PCI:33MHz:32-bit) 52:54:00:12:34:56
[    5.998342] e1000 0000:00:03.0 eth0: Intel(R) PRO/1000 Network Connection
[    5.999804] e1000e: Intel(R) PRO/1000 Network Driver
[    6.000758] e1000e: Copyright(c) 1999 - 2015 Intel Corporation.
[    6.001982] igb: Intel(R) Gigabit Ethernet Network Driver
[    6.003038] igb: Copyright (c) 2007-2014 Intel Corporation.
[    6.004333] PPP generic driver version 2.4.2
[    6.005794] VFIO - User Level meta-driver version: 0.3
[    6.006933] ehci_hcd: USB 2.0 'Enhanced' Host Controller (EHCI) Driver
[    6.008251] ehci-pci: EHCI PCI platform driver
[    6.009175] ehci-platform: EHCI generic platform driver
[    6.010237] ohci_hcd: USB 1.1 'Open' Host Controller (OHCI) Driver
[    6.011455] ohci-pci: OHCI PCI platform driver
[    6.012343] ohci-platform: OHCI generic platform driver
[    6.013373] uhci_hcd: USB Universal Host Controller Interface driver
[    6.015064] usbcore: registered new interface driver uas
[    6.016142] usbcore: registered new interface driver usb-storage
[    6.017440] i8042: PNP: PS/2 Controller [PNP0303:KBD,PNP0f13:MOU] at 0x60,0x64 irq 1,12
[    6.020235] serio: i8042 KBD port at 0x60,0x64 irq 1
[    6.021236] serio: i8042 AUX port at 0x60,0x64 irq 12
[    6.023403] mousedev: PS/2 mouse device common for all mice
[    6.025861] input: AT Translated Set 2 keyboard as /devices/platform/i8042/serio0/input/input1
[    6.026328] rtc_cmos 00:05: RTC can wake from S4
[    6.030371] input: VirtualPS/2 VMware VMMouse as /devices/platform/i8042/serio1/input/input4
[    6.031046] rtc_cmos 00:05: registered as rtc0
[    6.033175] rtc_cmos 00:05: setting system clock to 2023-01-24T19:07:43 UTC (1674587263)
[    6.035165] rtc_cmos 00:05: alarms up to one day, y3k, 242 bytes nvram, hpet irqs
[    6.035187] input: VirtualPS/2 VMware VMMouse as /devices/platform/i8042/serio1/input/input3
[    6.036677] i2c /dev entries driver
[    6.039192] device-mapper: uevent: version 1.0.3
[    6.040507] device-mapper: ioctl: 4.44.0-ioctl (2021-02-01) initialised: dm-devel@redhat.com
[    6.042227] intel_pstate: CPU model not supported
[    6.043301] sdhci: Secure Digital Host Controller Interface driver
[    6.044456] sdhci: Copyright(c) Pierre Ossman
[    6.045549] sdhci-pltfm: SDHCI platform and OF driver helper
[    6.046764] ledtrig-cpu: registered to indicate activity on CPUs
[    6.048127] drop_monitor: Initializing network drop monitor service
[    6.050543] NET: Registered protocol family 10
[    6.057664] Segment Routing with IPv6
[    6.058410] NET: Registered protocol family 17
[    6.059675] 9pnet: Installing 9P2000 support
[    6.060651] Key type dns_resolver registered
[    6.062885] IPI shorthand broadcast: enabled
[    6.063786] sched_clock: Marking stable (6028352107, 34161370)->(6088237677, -25724200)
[    6.065890] registered taskstats version 1
[    6.066798] Loading compiled-in X.509 certificates
[    6.068106] zswap: loaded using pool lzo/zbud
[    6.070084] Key type ._fscrypt registered
[    6.070880] Key type .fscrypt registered
[    6.071628] Key type fscrypt-provisioning registered
[    6.073862] Key type encrypted registered
[    6.074726] ima: No TPM chip found, activating TPM-bypass!
[    6.075778] ima: Allocated hash algorithm: sha1
[    6.076696] ima: No architecture policies found
[    6.077769] evm: Initialising EVM extended attributes:
[    6.078726] evm: security.selinux
[    6.079347] evm: security.SMACK64
[    6.079959] evm: security.SMACK64EXEC
[    6.080653] evm: security.SMACK64TRANSMUTE
[    6.081485] evm: security.SMACK64MMAP
[    6.082209] evm: security.apparmor
[    6.082881] evm: security.ima
[    6.083479] evm: security.capability
[    6.084193] evm: HMAC attrs: 0x1
[    6.089578] PM:   Magic number: 7:852:142
[    6.090522] block ram7: hash matches
[    6.091406] acpi device:13: hash matches
[    6.092744] RAS: Correctable Errors collector initialized.
[    6.095448] md: Waiting for all devices to be available before autodetect
[    6.096678] md: If you don't use raid, use raid=noautodetect
[    6.097734] md: Autodetecting RAID arrays.
[    6.098487] md: autorun ...
[    6.099001] md: ... autorun DONE.
[    6.104724] EXT4-fs (sda): INFO: recovery required on readonly filesystem
[    6.106069] EXT4-fs (sda): write access will be enabled during recovery
[    6.188339] EXT4-fs (sda): recovery complete
[    6.190971] EXT4-fs (sda): mounted filesystem with ordered data mode. Opts: (null). Quota mode: none.
[    6.192742] VFS: Mounted root (ext4 filesystem) readonly on device 8:0.
[    6.194664] devtmpfs: mounted
[    6.207035] Freeing unused decrypted memory: 2036K
[    6.209758] Freeing unused kernel image (initmem) memory: 2984K
[    6.210890] Write protecting the kernel read-only data: 40960k
[    6.216410] Freeing unused kernel image (text/rodata gap) memory: 2028K
[    6.218392] Freeing unused kernel image (rodata/data gap) memory: 696K
[    6.390015] x86/mm: Checked W+X mappings: passed, no W+X pages found.
[    6.391243] Run /sbin/init as init process
[    6.398494] random: fast init done
[    6.529702] systemd[1]: RTC configured in localtime, applying delta of 0 minutes to system time.
[    6.573444] systemd[1]: systemd 239 (239-49.el8) running in system mode. (+PAM +AUDIT +SELINUX +IMA -APPARMOR +SMACK +SYSVINIT +UTMP +LIBCRYPTSETUP +GCRYPT +GNUTLS +ACL +XZ +LZ4 +SECCOMP +BLKID +ELFUTILS +KMOD +IDN2 -IDN +PCRE2 default-hierarchy=legacy)
[    6.577893] systemd[1]: Detected virtualization kvm.
[    6.578836] systemd[1]: Detected architecture x86-64.

Welcome to [0;31mCentOS Stream 8[0m!

[    6.604221] systemd[1]: Set hostname to <test>.
[    6.839243] random: lvmconfig: uninitialized urandom read (4 bytes read)
[    7.003651] random: systemd: uninitialized urandom read (16 bytes read)
[    7.011484] systemd[1]: Created slice system-serial\x2dgetty.slice.
[[0;32m  OK  [0m] Created slice system-serial\x2dgetty.slice.
[    7.014072] random: systemd: uninitialized urandom read (16 bytes read)
[    7.016707] systemd[1]: Created slice User and Session Slice.
[[0;32m  OK  [0m] Created slice User and Session Slice.
[    7.020242] systemd[1]: Created slice system-sshd\x2dkeygen.slice.
[[0;32m  OK  [0m] Created slice system-sshd\x2dkeygen.slice.
[    7.023196] systemd[1]: Listening on udev Control Socket.
[[0;32m  OK  [0m] Listening on udev Control Socket.
[    7.025235] systemd[1]: Reached target Swap.
[[0;32m  OK  [0m] Reached target Swap.
[    7.027130] systemd[1]: Listening on udev Kernel Socket.
[[0;32m  OK  [0m] Listening on udev Kernel Socket.
[[0;32m  OK  [0m] Listening on multipathd control socket.
[[0;32m  OK  [0m] Created slice system-getty.slice.
[[0;32m  OK  [0m] Set up automount Arbitrary Executabâ€¦rmats File System Automount Point.
[[0;32m  OK  [0m] Listening on Journal Socket.
         Mounting POSIX Message Queue File System...
         Starting Remount Root and Kernel File Systems...
         Starting Setup Virtual Console...
[[0;32m  OK  [0m] Started Forward Password Requests to Wall Directory Watch.
[[0;32m  OK  [0m] Listening on initctl Compatibility Named Pipe.
[[0;32m  OK  [0m] Reached target Slices.
         Starting Load Kernel Modules...
[[0;32m  OK  [0m] Listening on Journal Socket (/dev/log).
         Starting Journal Service...
[[0;32m  OK  [0m] Listening on Process Core Dump Socket.
         Mounting Huge Pages File System...
[[0;32m  OK  [0m] Listening on RPCbind Server Activation Socket.
[[0;32m  OK  [0m] Reached target RPC Port Mapper.
         Starting udev Coldplug all Devices...
         Mounting Kernel Debug File System...
[[0;32m  OK  [0m] Listening on Device-mapper event daemon FIFOs.
         Starting Monitoring of LVM2 mirrorsâ€¦ng dmeventd or progress polling...
[[0;32m  OK  [0m] Listening on LVM2 poll daemon socket.
[    7.505685] EXT4-fs (sda): re-mounted. Opts: (null). Quota mode: none.
[[0;32m  OK  [0m] Started Journal Service.
[[0;32m  OK  [0m] Mounted POSIX Message Queue File System.
[[0;32m  OK  [0m] Started Remount Root and Kernel File Systems.
[[0;1;31mFAILED[0m] Failed to start Load Kernel Modules.
See 'systemctl status systemd-modules-load.service' for details.
[[0;32m  OK  [0m] Mounted Huge Pages File System.
[[0;32m  OK  [0m] Mounted Kernel Debug File System.
[[0;32m  OK  [0m] Started Setup Virtual Console.
         Mounting Kernel Configuration File System...
         Mounting FUSE Control File System...
         Starting Apply Kernel Variables...
         Starting Create Static Device Nodes in /dev...
         Starting Load/Save Random Seed...
         Starting Flush Journal to Persistent Storage...
[[0;32m  OK  [0m] Mounted Kernel Configuration File System.
[[0;32m  OK  [0m] Mounted FUSE Control File System.
[[0;32m  OK  [0m] Started Apply Kernel Variables.
[[0;32m  OK  [0m] Started Load/Save Random Seed.
[[0;32m  OK  [0m] Started Flush Journal to Persistent Storage.
[[0;32m  OK  [0m] Started Create Static Device Nodes in /dev.
         Starting udev Kernel Device Manager...
[[0;32m  OK  [0m] Started udev Kernel Device Manager.
[[0;32m  OK  [0m] Started udev Coldplug all Devices.
         Starting udev Wait for Complete Device Initialization...
         Starting Show Plymouth Boot Screen...
[[0;32m  OK  [0m] Started Show Plymouth Boot Screen.
[[0;32m  OK  [0m] Reached target Local Encrypted Volumes.
[[0;32m  OK  [0m] Reached target Paths.
[[0;32m  OK  [0m] Started Forward Password Requests to Plymouth Directory Watch.
[[0;32m  OK  [0m] Found device /dev/ttyS0.
[[0;32m  OK  [0m] Started Monitoring of LVM2 mirrors,â€¦sing dmeventd or progress polling.
[[0;32m  OK  [0m] Started udev Wait for Complete Device Initialization.
[[0;32m  OK  [0m] Listening on Load/Save RF Kill Switch Status /dev/rfkill Watch.
[[0;32m  OK  [0m] Reached target Local File Systems (Pre).
[[0;32m  OK  [0m] Reached target Local File Systems.
         Starting Restore /run/initramfs on shutdown...
         Starting Create Volatile Files and Directories...
         Starting Tell Plymouth To Write Out Runtime Data...
[[0;32m  OK  [0m] Started Restore /run/initramfs on shutdown.
[[0;32m  OK  [0m] Started Create Volatile Files and Directories.
[[0;32m  OK  [0m] Started Tell Plymouth To Write Out Runtime Data.
         Starting Security Auditing Service...
         Starting RPC Bind...
         Mounting RPC Pipe File System...
[[0;32m  OK  [0m] Mounted RPC Pipe File System.
[[0;32m  OK  [0m] Reached target rpc_pipefs.target.
[[0;32m  OK  [0m] Started RPC Bind.
[[0;32m  OK  [0m] Started Security Auditing Service.
         Starting Update UTMP about System Boot/Shutdown...
[[0;32m  OK  [0m] Started Update UTMP about System Boot/Shutdown.
[[0;32m  OK  [0m] Reached target System Initialization.
[[0;32m  OK  [0m] Listening on SSSD Kerberos Cache Manager responder socket.
[[0;32m  OK  [0m] Started Daily Cleanup of Temporary Directories.
[[0;32m  OK  [0m] Started daily update of the root trust anchor for DNSSEC.
[[0;32m  OK  [0m] Listening on D-Bus System Message Bus Socket.
[[0;32m  OK  [0m] Reached target Sockets.
[[0;32m  OK  [0m] Reached target Basic System.
         Starting Auto-connect to subsystemsâ€¦-NVME devices found during boot...
[[0;32m  OK  [0m] Started irqbalance daemon.
         Starting Self Monitoring and Reporting Technology (SMART) Daemon...
         Starting Login Service...
[[0;32m  OK  [0m] Reached target sshd-keygen.target.
[[0;32m  OK  [0m] Started Machine Check Exception Logging Daemon.
[[0;32m  OK  [0m] Started D-Bus System Message Bus.
         Starting Network Manager...
[[0;32m  OK  [0m] Started dnf makecache --timer.
[[0;32m  OK  [0m] Reached target Timers.
         Starting NTP client/server...
         Starting Authorization Manager...
[[0;32m  OK  [0m] Started Auto-connect to subsystems â€¦FC-NVME devices found during boot.
         Starting update of the root trust aâ€¦or DNSSEC validation in unbound...
[[0;32m  OK  [0m] Started Self Monitoring and Reporting Technology (SMART) Daemon.
[[0;32m  OK  [0m] Started Login Service.
[   10.458287] random: crng init done
[   10.459048] random: 7 urandom warning(s) missed due to ratelimiting
[[0;32m  OK  [0m] Started Network Manager.
[[0;32m  OK  [0m] Reached target Network.
         Starting GSSAPI Proxy Daemon...
         Starting OpenSSH server daemon...
         Starting Dynamic System Tuning Daemon...
         Starting Network Manager Wait Online...
[[0;32m  OK  [0m] Started update of the root trust anâ€¦ for DNSSEC validation in unbound.
[[0;32m  OK  [0m] Started NTP client/server.
[[0;32m  OK  [0m] Started GSSAPI Proxy Daemon.
[[0;32m  OK  [0m] Started OpenSSH server daemon.
[[0;32m  OK  [0m] Started Authorization Manager.
         Starting Hostname Service...
[[0;32m  OK  [0m] Reached target NFS client services.
[[0;32m  OK  [0m] Reached target Remote File Systems (Pre).
[[0;32m  OK  [0m] Reached target Remote File Systems.
         Starting Permit User Sessions...
[[0;32m  OK  [0m] Started Permit User Sessions.
[[0;32m  OK  [0m] Started Command Scheduler.
         Starting Hold until boot process finishes up...
         Starting Terminate Plymouth Boot Screen...
[   11.230505] e1000: eth0 NIC Link is Up 1000 Mbps Full Duplex, Flow Control: RX
[   11.232862] IPv6: ADDRCONF(NETDEV_CHANGE): eth0: link becomes ready

CentOS Stream 8
Kernel 5.11.0-cf64c2a905e0+ on an x86_64

test login: 