c[?7l[2J[0mSeaBIOS (version rel-1.16.0-0-gd239552ce722-prebuilt.qemu.org)


iPXE (http://ipxe.org) 00:03.0 CA00 PCI2.10 PnP PMM+7FF91000+7FEF1000 CA00
Press Ctrl-B to configure iPXE (PCI 00:03.0)...                                                                               


Booting from ROM..c[?7l[2J[    0.000000] Linux version 5.12.0-rc2-e93aa38475d6+ (root@984fee00a1f6.jf.intel.com) (gcc (GCC) 8.5.0 20210514 (Red Hat 8.5.0-18), GNU ld version 2.36.1-3.el8) #1 SMP Tue Jan 24 14:27:38 PST 2023
[    0.000000] Command line: console=ttyS0 root=/dev/sda earlyprintk=serial net.ifnames=0
[    0.000000] KERNEL supported cpus:
[    0.000000]   Intel GenuineIntel
[    0.000000]   AMD AuthenticAMD
[    0.000000]   Hygon HygonGenuine
[    0.000000]   Centaur CentaurHauls
[    0.000000]   zhaoxin   Shanghai  
[    0.000000] x86/fpu: Supporting XSAVE feature 0x001: 'x87 floating point registers'
[    0.000000] x86/fpu: Supporting XSAVE feature 0x002: 'SSE registers'
[    0.000000] x86/fpu: Supporting XSAVE feature 0x004: 'AVX registers'
[    0.000000] x86/fpu: Supporting XSAVE feature 0x020: 'AVX-512 opmask'
[    0.000000] x86/fpu: Supporting XSAVE feature 0x040: 'AVX-512 Hi256'
[    0.000000] x86/fpu: Supporting XSAVE feature 0x080: 'AVX-512 ZMM_Hi256'
[    0.000000] x86/fpu: Supporting XSAVE feature 0x200: 'Protection Keys User registers'
[    0.000000] x86/fpu: xstate_offset[2]:  576, xstate_sizes[2]:  256
[    0.000000] x86/fpu: xstate_offset[5]:  832, xstate_sizes[5]:   64
[    0.000000] x86/fpu: xstate_offset[6]:  896, xstate_sizes[6]:  512
[    0.000000] x86/fpu: xstate_offset[7]: 1408, xstate_sizes[7]: 1024
[    0.000000] x86/fpu: xstate_offset[9]: 2432, xstate_sizes[9]:    8
[    0.000000] x86/fpu: Enabled xstate features 0x2e7, context size is 2440 bytes, using 'compacted' format.
[    0.000000] BIOS-provided physical RAM map:
[    0.000000] BIOS-e820: [mem 0x0000000000000000-0x000000000009fbff] usable
[    0.000000] BIOS-e820: [mem 0x000000000009fc00-0x000000000009ffff] reserved
[    0.000000] BIOS-e820: [mem 0x00000000000f0000-0x00000000000fffff] reserved
[    0.000000] BIOS-e820: [mem 0x0000000000100000-0x000000007ffdffff] usable
[    0.000000] BIOS-e820: [mem 0x000000007ffe0000-0x000000007fffffff] reserved
[    0.000000] BIOS-e820: [mem 0x00000000feffc000-0x00000000feffffff] reserved
[    0.000000] BIOS-e820: [mem 0x00000000fffc0000-0x00000000ffffffff] reserved
[    0.000000] printk: bootconsole [earlyser0] enabled
[    0.000000] NX (Execute Disable) protection: active
[    0.000000] SMBIOS 2.8 present.
[    0.000000] DMI: QEMU Standard PC (i440FX + PIIX, 1996), BIOS rel-1.16.0-0-gd239552ce722-prebuilt.qemu.org 04/01/2014
[    0.000000] Hypervisor detected: KVM
[    0.000000] kvm-clock: Using msrs 4b564d01 and 4b564d00
[    0.000000] kvm-clock: cpu 0, msr 5401001, primary cpu clock
[    0.000000] kvm-clock: using sched offset of 343324800 cycles
[    0.000519] clocksource: kvm-clock: mask: 0xffffffffffffffff max_cycles: 0x1cd42e4dffb, max_idle_ns: 881590591483 ns
[    0.002010] tsc: Detected 1700.000 MHz processor
[    0.010040] last_pfn = 0x7ffe0 max_arch_pfn = 0x10000000000
[    0.010612] x86/PAT: Configuration [0-7]: WB  WC  UC- UC  WB  WP  UC- WT  
[    0.016910] found SMP MP-table at [mem 0x000f5ba0-0x000f5baf]
[    0.018372] check: Scanning 1 areas for low memory corruption
[    0.018948] Using GB pages for direct mapping
[    0.020339] ACPI: Early table checksum verification disabled
[    0.020864] ACPI: RSDP 0x00000000000F59C0 000014 (v00 BOCHS )
[    0.021411] ACPI: RSDT 0x000000007FFE1951 000034 (v01 BOCHS  BXPC     00000001 BXPC 00000001)
[    0.022209] ACPI: FACP 0x000000007FFE17FD 000074 (v01 BOCHS  BXPC     00000001 BXPC 00000001)
[    0.023014] ACPI: DSDT 0x000000007FFE0040 0017BD (v01 BOCHS  BXPC     00000001 BXPC 00000001)
[    0.023808] ACPI: FACS 0x000000007FFE0000 000040
[    0.024245] ACPI: APIC 0x000000007FFE1871 000080 (v01 BOCHS  BXPC     00000001 BXPC 00000001)
[    0.025040] ACPI: HPET 0x000000007FFE18F1 000038 (v01 BOCHS  BXPC     00000001 BXPC 00000001)
[    0.025835] ACPI: WAET 0x000000007FFE1929 000028 (v01 BOCHS  BXPC     00000001 BXPC 00000001)
[    0.027474] No NUMA configuration found
[    0.027828] Faking a node at [mem 0x0000000000000000-0x000000007ffdffff]
[    0.028512] NODE_DATA(0) allocated [mem 0x7ffb5000-0x7ffdffff]
[    0.033100] Zone ranges:
[    0.033352]   DMA      [mem 0x0000000000001000-0x0000000000ffffff]
[    0.033926]   DMA32    [mem 0x0000000001000000-0x000000007ffdffff]
[    0.034497]   Normal   empty
[    0.034778]   Device   empty
[    0.035045] Movable zone start for each node
[    0.035439] Early memory node ranges
[    0.035766]   node   0: [mem 0x0000000000001000-0x000000000009efff]
[    0.036342]   node   0: [mem 0x0000000000100000-0x000000007ffdffff]
[    0.037501] Zeroed struct page in unavailable ranges: 130 pages
[    0.037511] Initmem setup node 0 [mem 0x0000000000001000-0x000000007ffdffff]
[    0.045110] ACPI: PM-Timer IO Port: 0x608
[    0.045515] ACPI: LAPIC_NMI (acpi_id[0xff] dfl dfl lint[0x1])
[    0.046090] IOAPIC[0]: apic_id 0, version 17, address 0xfec00000, GSI 0-23
[    0.046741] ACPI: INT_SRC_OVR (bus 0 bus_irq 0 global_irq 2 dfl dfl)
[    0.047330] ACPI: INT_SRC_OVR (bus 0 bus_irq 5 global_irq 5 high level)
[    0.047942] ACPI: INT_SRC_OVR (bus 0 bus_irq 9 global_irq 9 high level)
[    0.048552] ACPI: INT_SRC_OVR (bus 0 bus_irq 10 global_irq 10 high level)
[    0.049178] ACPI: INT_SRC_OVR (bus 0 bus_irq 11 global_irq 11 high level)
[    0.049839] Using ACPI (MADT) for SMP configuration information
[    0.050383] ACPI: HPET id: 0x8086a201 base: 0xfed00000
[    0.050868] TSC deadline timer available
[    0.051229] smpboot: Allowing 2 CPUs, 0 hotplug CPUs
[    0.051702] kvm-guest: KVM setup pv remote TLB flush
[    0.052169] kvm-guest: setup PV sched yield
[    0.052592] PM: hibernation: Registered nosave memory: [mem 0x00000000-0x00000fff]
[    0.053289] PM: hibernation: Registered nosave memory: [mem 0x0009f000-0x0009ffff]
[    0.053987] PM: hibernation: Registered nosave memory: [mem 0x000a0000-0x000effff]
[    0.054685] PM: hibernation: Registered nosave memory: [mem 0x000f0000-0x000fffff]
[    0.055381] [mem 0x80000000-0xfeffbfff] available for PCI devices
[    0.055939] Booting paravirtualized kernel on KVM
[    0.056373] clocksource: refined-jiffies: mask: 0xffffffff max_cycles: 0xffffffff, max_idle_ns: 7645519600211568 ns
[    0.057340] setup_percpu: NR_CPUS:8192 nr_cpumask_bits:2 nr_cpu_ids:2 nr_node_ids:1
[    0.058439] percpu: Embedded 58 pages/cpu s200704 r8192 d28672 u1048576
[    0.059232] kvm-guest: KVM setup async PF for cpu 0
[    0.059684] kvm-guest: stealtime: cpu 0, msr 7da30080
[    0.060158] kvm-guest: PV spinlocks enabled
[    0.060554] PV qspinlock hash table entries: 256 (order: 0, 4096 bytes, linear)
[    0.061246] Built 1 zonelists, mobility grouping on.  Total pages: 515945
[    0.061880] Policy zone: DMA32
[    0.062166] Kernel command line: net.ifnames=0 console=ttyS0 root=/dev/sda earlyprintk=serial net.ifnames=0
[    0.063688] Dentry cache hash table entries: 262144 (order: 9, 2097152 bytes, linear)
[    0.064538] Inode-cache hash table entries: 131072 (order: 8, 1048576 bytes, linear)
[    0.065346] mem auto-init: stack:off, heap alloc:off, heap free:off
[    0.070198] Memory: 1986064K/2096632K available (30736K kernel code, 5183K rwdata, 7504K rodata, 2984K init, 22344K bss, 110368K reserved, 0K cma-reserved)
[    0.071489] random: get_random_u64 called from __kmem_cache_create+0x2f/0x460 with crng_init=0
[    0.071917] SLUB: HWalign=64, Order=0-3, MinObjects=0, CPUs=2, Nodes=1
[    0.073289] kmemleak: Kernel memory leak detector disabled
[    0.073809] ftrace: allocating 63139 entries in 247 pages
[    0.162035] ftrace: allocated 247 pages with 7 groups
[    0.162718] Running RCU self tests
[    0.163034] rcu: Hierarchical RCU implementation.
[    0.163462] rcu: 	RCU lockdep checking is enabled.
[    0.163896] rcu: 	RCU restricting CPUs from NR_CPUS=8192 to nr_cpu_ids=2.
[    0.164515] 	Trampoline variant of Tasks RCU enabled.
[    0.164972] 	Rude variant of Tasks RCU enabled.
[    0.165381] 	Tracing variant of Tasks RCU enabled.
[    0.165815] rcu: RCU calculated value of scheduler-enlistment delay is 25 jiffies.
[    0.166500] rcu: Adjusting geometry for rcu_fanout_leaf=16, nr_cpu_ids=2
[    0.182346] NR_IRQS: 524544, nr_irqs: 440, preallocated irqs: 16
[    0.191699] Console: colour VGA+ 80x25
[    0.192096] printk: console [ttyS0] enabled
[    0.192096] printk: console [ttyS0] enabled
[    0.192871] printk: bootconsole [earlyser0] disabled
[    0.192871] printk: bootconsole [earlyser0] disabled
[    0.193790] Lock dependency validator: Copyright (c) 2006 Red Hat, Inc., Ingo Molnar
[    0.194515] ... MAX_LOCKDEP_SUBCLASSES:  8
[    0.194911] ... MAX_LOCK_DEPTH:          48
[    0.195311] ... MAX_LOCKDEP_KEYS:        8192
[    0.195728] ... CLASSHASH_SIZE:          4096
[    0.196144] ... MAX_LOCKDEP_ENTRIES:     32768
[    0.196567] ... MAX_LOCKDEP_CHAINS:      65536
[    0.196989] ... CHAINHASH_SIZE:          32768
[    0.197411]  memory used by lock dependency info: 6365 kB
[    0.197922]  memory used for stack traces: 4224 kB
[    0.198378]  per task-struct memory footprint: 1920 bytes
[    0.198923] ACPI: Core revision 20210105
[    0.199520] clocksource: hpet: mask: 0xffffffff max_cycles: 0xffffffff, max_idle_ns: 19112604467 ns
[    0.200496] APIC: Switch to symmetric I/O mode setup
[    0.201190] x2apic enabled
[    0.201653] Switched APIC routing to physical x2apic.
[    0.202132] kvm-guest: setup PV IPIs
[    0.203383] ..TIMER: vector=0x30 apic1=0 pin1=2 apic2=-1 pin2=-1
[    0.203970] clocksource: tsc-early: mask: 0xffffffffffffffff max_cycles: 0x1881273ac8e, max_idle_ns: 440795257284 ns
[    0.204988] Calibrating delay loop (skipped) preset value.. 3400.00 BogoMIPS (lpj=6800000)
[    0.205764] pid_max: default: 32768 minimum: 301
[    0.206265] LSM: Security Framework initializing
[    0.206710] Yama: becoming mindful.
[    0.207211] Mount-cache hash table entries: 4096 (order: 3, 32768 bytes, linear)
[    0.207907] Mountpoint-cache hash table entries: 4096 (order: 3, 32768 bytes, linear)
[    0.209874] x86/cpu: User Mode Instruction Prevention (UMIP) activated
[    0.210704] Last level iTLB entries: 4KB 0, 2MB 0, 4MB 0
[    0.211219] Last level dTLB entries: 4KB 0, 2MB 0, 4MB 0, 1GB 0
[    0.211788] Spectre V1 : Mitigation: usercopy/swapgs barriers and __user pointer sanitization
[    0.212581] Spectre V2 : Mitigation: Enhanced IBRS
[    0.212986] Spectre V2 : Spectre v2 / SpectreRSB mitigation: Filling RSB on context switch
[    0.213710] Spectre V2 : mitigation: Enabling conditional Indirect Branch Prediction Barrier
[    0.214449] Speculative Store Bypass: Mitigation: Speculative Store Bypass disabled via prctl and seccomp
[    0.215746] Freeing SMP alternatives memory: 52K
[    0.217896] smpboot: CPU0: Intel(R) Xeon(R) Gold 6414TDX (family: 0x6, model: 0x8f, stepping: 0x6)
[    0.219108] Running RCU-tasks wait API self tests
[    0.321112] Performance Events: Sapphire Rapids events, full-width counters, Intel PMU driver.
[    0.321948] ... version:                2
[    0.322319] ... bit width:              48
[    0.322688] ... generic registers:      8
[    0.323053] ... value mask:             0000ffffffffffff
[    0.323529] ... max period:             00007fffffffffff
[    0.324003] ... fixed-purpose events:   3
[    0.324367] ... event mask:             00000007000000ff
[    0.325168] rcu: Hierarchical SRCU implementation.
[    0.328013] smp: Bringing up secondary CPUs ...
[    0.328838] x86: Booting SMP configuration:
[    0.329000] .... node  #0, CPUs:      #1
[    0.017833] kvm-clock: cpu 1, msr 5401041, secondary cpu clock
[    0.329875] kvm-guest: KVM setup async PF for cpu 1
[    0.330083] kvm-guest: stealtime: cpu 1, msr 7db30080
[    0.330602] smp: Brought up 1 node, 2 CPUs
[    0.330602] smpboot: Max logical packages: 1
[    0.330602] smpboot: Total of 2 processors activated (6800.00 BogoMIPS)
[    0.333759] devtmpfs: initialized
[    0.333759] x86/mm: Memory block size: 128MB
[    0.337016] clocksource: jiffies: mask: 0xffffffff max_cycles: 0xffffffff, max_idle_ns: 7645041785100000 ns
[    0.337881] futex hash table entries: 512 (order: 4, 65536 bytes, linear)
[    0.338741] pinctrl core: initialized pinctrl subsystem
[    0.339752] 
[    0.339897] *************************************************************
[    0.340499] **     NOTICE NOTICE NOTICE NOTICE NOTICE NOTICE NOTICE    **
[    0.341003] **                                                         **
[    0.340994] Callback from call_rcu_tasks_trace() invoked.
[    0.341611] **  IOMMU DebugFS SUPPORT HAS BEEN ENABLED IN THIS KERNEL  **
[    0.341615] **                                                         **
[    0.341619] ** This means that this kernel is built to expose internal **
[    0.343901] ** IOMMU data structures, which may compromise security on **
[    0.344501] ** your system.                                            **
[    0.344983] **                                                         **
[    0.345591] ** If you see this message and you are not debugging the   **
[    0.346192] ** kernel, report this immediately to your vendor!         **
[    0.346793] **                                                         **
[    0.347395] **     NOTICE NOTICE NOTICE NOTICE NOTICE NOTICE NOTICE    **
[    0.347995] *************************************************************
[    0.348653] PM: RTC time: 22:58:25, date: 2023-01-24
[    0.350140] NET: Registered protocol family 16
[    0.351158] DMA: preallocated 256 KiB GFP_KERNEL pool for atomic allocations
[    0.351793] DMA: preallocated 256 KiB GFP_KERNEL|GFP_DMA pool for atomic allocations
[    0.352486] DMA: preallocated 256 KiB GFP_KERNEL|GFP_DMA32 pool for atomic allocations
[    0.353022] audit: initializing netlink subsys (disabled)
[    0.353522] audit: type=2000 audit(1674601105.761:1): state=initialized audit_enabled=0 res=1
[    0.353732] thermal_sys: Registered thermal governor 'fair_share'
[    0.353793] thermal_sys: Registered thermal governor 'bang_bang'
[    0.354345] thermal_sys: Registered thermal governor 'step_wise'
[    0.354882] thermal_sys: Registered thermal governor 'user_space'
[    0.355475] cpuidle: using governor ladder
[    0.356414] cpuidle: using governor menu
[    0.357344] ACPI: bus type PCI registered
[    0.357708] acpiphp: ACPI Hot Plug PCI Controller Driver version: 0.5
[    0.358578] PCI: Using configuration type 1 for base access
[    0.372132] Kprobes globally optimized
[    0.373094] HugeTLB registered 1.00 GiB page size, pre-allocated 0 pages
[    0.373649] HugeTLB registered 2.00 MiB page size, pre-allocated 0 pages
[    0.377397] ACPI: Added _OSI(Module Device)
[    0.377802] ACPI: Added _OSI(Processor Device)
[    0.378206] ACPI: Added _OSI(3.0 _SCP Extensions)
[    0.378630] ACPI: Added _OSI(Processor Aggregator Device)
[    0.379122] ACPI: Added _OSI(Linux-Dell-Video)
[    0.379524] ACPI: Added _OSI(Linux-Lenovo-NV-HDMI-Audio)
[    0.381030] ACPI: Added _OSI(Linux-HPI-Hybrid-Graphics)
[    0.387356] ACPI: 1 ACPI AML tables successfully acquired and loaded
[    0.391420] ACPI: Interpreter enabled
[    0.391841] ACPI: (supports S0 S3 S4 S5)
[    0.392201] ACPI: Using IOAPIC for interrupt routing
[    0.392684] PCI: Using host bridge windows from ACPI; if necessary, use "pci=nocrs" and report a bug
[    0.393707] ACPI: Enabled 2 GPEs in block 00 to 0F
[    0.410917] ACPI: PCI Root Bridge [PCI0] (domain 0000 [bus 00-ff])
[    0.411562] acpi PNP0A03:00: _OSC: OS supports [ASPM ClockPM Segments MSI EDR HPX-Type3]
[    0.412364] acpi PNP0A03:00: fail to add MMCONFIG information, can't access extended PCI configuration space under this bridge.
[    0.414997] acpiphp: Slot [3] registered
[    0.415426] acpiphp: Slot [4] registered
[    0.415854] acpiphp: Slot [5] registered
[    0.416277] acpiphp: Slot [6] registered
[    0.416699] acpiphp: Slot [7] registered
[    0.417053] acpiphp: Slot [8] registered
[    0.417477] acpiphp: Slot [9] registered
[    0.417904] acpiphp: Slot [10] registered
[    0.418335] acpiphp: Slot [11] registered
[    0.418765] acpiphp: Slot [12] registered
[    0.419200] acpiphp: Slot [13] registered
[    0.419630] acpiphp: Slot [14] registered
[    0.420065] acpiphp: Slot [15] registered
[    0.420495] acpiphp: Slot [16] registered
[    0.420925] acpiphp: Slot [17] registered
[    0.421054] acpiphp: Slot [18] registered
[    0.421483] acpiphp: Slot [19] registered
[    0.421918] acpiphp: Slot [20] registered
[    0.422348] acpiphp: Slot [21] registered
[    0.422782] acpiphp: Slot [22] registered
[    0.425043] Callback from call_rcu_tasks_rude() invoked.
[    0.425043] acpiphp: Slot [23] registered
[    0.425043] acpiphp: Slot [24] registered
[    0.425043] acpiphp: Slot [25] registered
[    0.425052] acpiphp: Slot [26] registered
[    0.425482] acpiphp: Slot [27] registered
[    0.425911] acpiphp: Slot [28] registered
[    0.426346] acpiphp: Slot [29] registered
[    0.426780] acpiphp: Slot [30] registered
[    0.427210] acpiphp: Slot [31] registered
[    0.427592] PCI host bridge to bus 0000:00
[    0.427963] pci_bus 0000:00: root bus resource [io  0x0000-0x0cf7 window]
[    0.428573] pci_bus 0000:00: root bus resource [io  0x0d00-0xffff window]
[    0.428987] pci_bus 0000:00: root bus resource [mem 0x000a0000-0x000bffff window]
[    0.429654] pci_bus 0000:00: root bus resource [mem 0x80000000-0xfebfffff window]
[    0.430324] pci_bus 0000:00: root bus resource [mem 0x100000000-0x17fffffff window]
[    0.431018] pci_bus 0000:00: root bus resource [bus 00-ff]
[    0.431573] pci 0000:00:00.0: [8086:1237] type 00 class 0x060000
[    0.434128] pci 0000:00:01.0: [8086:7000] type 00 class 0x060100
[    0.435720] pci 0000:00:01.1: [8086:7010] type 00 class 0x010180
[    0.438014] pci 0000:00:01.1: reg 0x20: [io  0xc040-0xc04f]
[    0.439254] pci 0000:00:01.1: legacy IDE quirk: reg 0x10: [io  0x01f0-0x01f7]
[    0.439893] pci 0000:00:01.1: legacy IDE quirk: reg 0x14: [io  0x03f6]
[    0.440479] pci 0000:00:01.1: legacy IDE quirk: reg 0x18: [io  0x0170-0x0177]
[    0.440986] pci 0000:00:01.1: legacy IDE quirk: reg 0x1c: [io  0x0376]
[    0.442225] pci 0000:00:01.3: [8086:7113] type 00 class 0x068000
[    0.443109] pci 0000:00:01.3: quirk: [io  0x0600-0x063f] claimed by PIIX4 ACPI
[    0.443759] pci 0000:00:01.3: quirk: [io  0x0700-0x070f] claimed by PIIX4 SMB
[    0.445261] pci 0000:00:02.0: [1234:1111] type 00 class 0x030000
[    0.446559] pci 0000:00:02.0: reg 0x10: [mem 0xfd000000-0xfdffffff pref]
[    0.448484] pci 0000:00:02.0: reg 0x18: [mem 0xfebf0000-0xfebf0fff]
[    0.450794] pci 0000:00:02.0: reg 0x30: [mem 0xfebe0000-0xfebeffff pref]
[    0.453168] pci 0000:00:03.0: [8086:100e] type 00 class 0x020000
[    0.454521] pci 0000:00:03.0: reg 0x10: [mem 0xfebc0000-0xfebdffff]
[    0.455819] pci 0000:00:03.0: reg 0x14: [io  0xc000-0xc03f]
[    0.459860] pci 0000:00:03.0: reg 0x30: [mem 0xfeb80000-0xfebbffff pref]
[    0.470404] ACPI: PCI Interrupt Link [LNKA] (IRQs 5 *10 11)
[    0.471333] ACPI: PCI Interrupt Link [LNKB] (IRQs 5 *10 11)
[    0.472227] ACPI: PCI Interrupt Link [LNKC] (IRQs 5 10 *11)
[    0.473121] ACPI: PCI Interrupt Link [LNKD] (IRQs 5 10 *11)
[    0.473826] ACPI: PCI Interrupt Link [LNKS] (IRQs *9)
[    0.477012] iommu: Default domain type: Translated 
[    0.477604] pci 0000:00:02.0: vgaarb: setting as boot VGA device
[    0.477604] pci 0000:00:02.0: vgaarb: VGA device added: decodes=io+mem,owns=io+mem,locks=none
[    0.478356] pci 0000:00:02.0: vgaarb: bridge control possible
[    0.478877] vgaarb: loaded
[    0.481983] SCSI subsystem initialized
[    0.482344] ACPI: bus type USB registered
[    0.482344] usbcore: registered new interface driver usbfs
[    0.482344] usbcore: registered new interface driver hub
[    0.482344] usbcore: registered new device driver usb
[    0.482344] pps_core: LinuxPPS API ver. 1 registered
[    0.482344] pps_core: Software ver. 5.3.6 - Copyright 2005-2007 Rodolfo Giometti <giometti@linux.it>
[    0.482820] PTP clock support registered
[    0.485023] EDAC MC: Ver: 3.0.0
[    0.485758] NetLabel: Initializing
[    0.486073] NetLabel:  domain hash size = 128
[    0.486475] NetLabel:  protocols = UNLABELED CIPSOv4 CALIPSO
[    0.489040] NetLabel:  unlabeled traffic allowed by default
[    0.489602] PCI: Using ACPI for IRQ routing
[    0.489602] hpet0: at MMIO 0xfed00000, IRQs 2, 8, 0
[    0.489681] hpet0: 3 comparators, 64-bit 100.000000 MHz counter
[    0.492984] clocksource: Switched to clocksource kvm-clock
[    0.525104] Callback from call_rcu_tasks() invoked.
[    0.588407] VFS: Disk quotas dquot_6.6.0
[    0.588829] VFS: Dquot-cache hash table entries: 512 (order 0, 4096 bytes)
[    0.589755] pnp: PnP ACPI init
[    0.591967] pnp: PnP ACPI: found 6 devices
[    0.603022] clocksource: acpi_pm: mask: 0xffffff max_cycles: 0xffffff, max_idle_ns: 2085701024 ns
[    0.604181] NET: Registered protocol family 2
[    3.134152] tcp_listen_portaddr_hash hash table entries: 1024 (order: 4, 81920 bytes, linear)
[    3.135054] TCP established hash table entries: 16384 (order: 5, 131072 bytes, linear)
[    3.135920] TCP bind hash table entries: 16384 (order: 8, 1179648 bytes, linear)
[    3.137177] TCP: Hash tables configured (established 16384 bind 16384)
[    3.137876] UDP hash table entries: 1024 (order: 5, 163840 bytes, linear)
[    3.138540] UDP-Lite hash table entries: 1024 (order: 5, 163840 bytes, linear)
[    3.139335] NET: Registered protocol family 1
[    3.140262] RPC: Registered named UNIX socket transport module.
[    3.140804] RPC: Registered udp transport module.
[    3.141258] RPC: Registered tcp transport module.
[    3.141687] RPC: Registered tcp NFSv4.1 backchannel transport module.
[    3.142275] pci_bus 0000:00: resource 4 [io  0x0000-0x0cf7 window]
[    3.142830] pci_bus 0000:00: resource 5 [io  0x0d00-0xffff window]
[    3.143382] pci_bus 0000:00: resource 6 [mem 0x000a0000-0x000bffff window]
[    3.143994] pci_bus 0000:00: resource 7 [mem 0x80000000-0xfebfffff window]
[    3.144605] pci_bus 0000:00: resource 8 [mem 0x100000000-0x17fffffff window]
[    3.145519] pci 0000:00:01.0: PIIX3: Enabling Passive Release
[    3.146044] pci 0000:00:00.0: Limiting direct PCI/PCI transfers
[    3.146596] pci 0000:00:01.0: Activating ISA DMA hang workarounds
[    3.147243] pci 0000:00:02.0: Video device with shadowed ROM at [mem 0x000c0000-0x000dffff]
[    3.148005] PCI: CLS 0 bytes, default 64
[    3.148881] clocksource: tsc: mask: 0xffffffffffffffff max_cycles: 0x1881273ac8e, max_idle_ns: 440795257284 ns
[    3.149859] sgx: There are zero EPC sections.
[    3.151134] check: Scanning for low memory corruption every 60 seconds
[    3.155006] Initialise system trusted keyrings
[    3.155528] Key type blacklist registered
[    3.156033] workingset: timestamp_bits=36 max_order=19 bucket_order=0
[    3.164878] zbud: loaded
[    3.166720] squashfs: version 4.0 (2009/01/31) Phillip Lougher
[    3.168358] NFS: Registering the id_resolver key type
[    3.168822] Key type id_resolver registered
[    3.169219] Key type id_legacy registered
[    3.169675] nfs4filelayout_init: NFSv4 File Layout Driver Registering...
[    3.170416] fuse: init (API version 7.33)
[    3.171041] SGI XFS with ACLs, security attributes, realtime, quota, no debug enabled
[    3.172903] 9p: Installing v9fs 9p2000 file system support
[    3.181196] Key type asymmetric registered
[    3.181591] Asymmetric key parser 'x509' registered
[    3.182076] Block layer SCSI generic (bsg) driver version 0.4 loaded (major 244)
[    3.182839] io scheduler mq-deadline registered
[    3.183432] io scheduler bfq registered
[    3.184128] shpchp: Standard Hot Plug PCI Controller Driver version: 0.4
[    3.185107] IPMI message handler: version 39.2
[    3.185548] ipmi device interface
[    3.187300] input: Power Button as /devices/LNXSYSTM:00/LNXPWRBN:00/input/input0
[    3.188237] ACPI: button: Power Button [PWRF]
[    3.189643] ERST DBG: ERST support is disabled.
[    3.190533] Serial: 8250/16550 driver, 32 ports, IRQ sharing enabled
[    3.191613] 00:04: ttyS0 at I/O 0x3f8 (irq = 4, base_baud = 115200) is a 16550A
[    3.200909] Linux agpgart interface v0.103
[    3.213270] brd: module loaded
[    3.222181] loop: module loaded
[    3.226210] scsi host0: ata_piix
[    3.227024] scsi host1: ata_piix
[    3.227458] ata1: PATA max MWDMA2 cmd 0x1f0 ctl 0x3f6 bmdma 0xc040 irq 14
[    3.228059] ata2: PATA max MWDMA2 cmd 0x170 ctl 0x376 bmdma 0xc048 irq 15
[    3.229617] libphy: Fixed MDIO Bus: probed
[    3.230264] tun: Universal TUN/TAP device driver, 1.6
[    3.230849] e100: Intel(R) PRO/100 Network Driver
[    3.231267] e100: Copyright(c) 1999-2006 Intel Corporation
[    3.231791] e1000: Intel(R) PRO/1000 Network Driver
[    3.232224] e1000: Copyright (c) 1999-2006 Intel Corporation.
[    3.389708] ata1.00: ATA-7: QEMU HARDDISK, 2.5+, max UDMA/100
[    3.390244] ata1.00: 16777216 sectors, multi 16: LBA48 
[    3.391726] scsi 0:0:0:0: Direct-Access     ATA      QEMU HARDDISK    2.5+ PQ: 0 ANSI: 5
[    3.393252] scsi 0:0:0:0: Attached scsi generic sg0 type 0
[    3.394422] sd 0:0:0:0: [sda] 16777216 512-byte logical blocks: (8.59 GB/8.00 GiB)
[    3.395135] sd 0:0:0:0: [sda] Write Protect is off
[    3.395612] sd 0:0:0:0: [sda] Write cache: enabled, read cache: enabled, doesn't support DPO or FUA
[    3.396936] ata2.00: ATAPI: QEMU DVD-ROM, 2.5+, max UDMA/100
[    3.399579] scsi 1:0:0:0: CD-ROM            QEMU     QEMU DVD-ROM     2.5+ PQ: 0 ANSI: 5
[    3.401194] scsi 1:0:0:0: Attached scsi generic sg1 type 5
[    3.418467] PCI Interrupt Link [LNKC] enabled at IRQ 11
[    3.425236] sd 0:0:0:0: [sda] Attached SCSI disk
[    3.748523] e1000 0000:00:03.0 eth0: (PCI:33MHz:32-bit) 52:54:00:12:34:56
[    3.749220] e1000 0000:00:03.0 eth0: Intel(R) PRO/1000 Network Connection
[    3.749952] e1000e: Intel(R) PRO/1000 Network Driver
[    3.750397] e1000e: Copyright(c) 1999 - 2015 Intel Corporation.
[    3.750996] igb: Intel(R) Gigabit Ethernet Network Driver
[    3.751478] igb: Copyright (c) 2007-2014 Intel Corporation.
[    3.752083] PPP generic driver version 2.4.2
[    3.753134] VFIO - User Level meta-driver version: 0.3
[    3.753694] ehci_hcd: USB 2.0 'Enhanced' Host Controller (EHCI) Driver
[    3.754292] ehci-pci: EHCI PCI platform driver
[    3.754732] ehci-platform: EHCI generic platform driver
[    3.755224] ohci_hcd: USB 1.1 'Open' Host Controller (OHCI) Driver
[    3.755782] ohci-pci: OHCI PCI platform driver
[    3.756206] ohci-platform: OHCI generic platform driver
[    3.756695] uhci_hcd: USB Universal Host Controller Interface driver
[    3.757581] usbcore: registered new interface driver uas
[    3.758146] usbcore: registered new interface driver usb-storage
[    3.758803] i8042: PNP: PS/2 Controller [PNP0303:KBD,PNP0f13:MOU] at 0x60,0x64 irq 1,12
[    3.760308] serio: i8042 KBD port at 0x60,0x64 irq 1
[    3.760802] serio: i8042 AUX port at 0x60,0x64 irq 12
[    3.761923] mousedev: PS/2 mouse device common for all mice
[    3.763227] input: AT Translated Set 2 keyboard as /devices/platform/i8042/serio0/input/input1
[    3.765102] input: VirtualPS/2 VMware VMMouse as /devices/platform/i8042/serio1/input/input4
[    3.765224] rtc_cmos 00:05: RTC can wake from S4
[    3.767077] input: VirtualPS/2 VMware VMMouse as /devices/platform/i8042/serio1/input/input3
[    3.767416] rtc_cmos 00:05: registered as rtc0
[    3.768346] rtc_cmos 00:05: setting system clock to 2023-01-24T22:58:29 UTC (1674601109)
[    3.769257] rtc_cmos 00:05: alarms up to one day, y3k, 242 bytes nvram, hpet irqs
[    3.769950] i2c /dev entries driver
[    3.770431] device-mapper: uevent: version 1.0.3
[    3.771102] device-mapper: ioctl: 4.44.0-ioctl (2021-02-01) initialised: dm-devel@redhat.com
[    3.771853] intel_pstate: CPU model not supported
[    3.772373] sdhci: Secure Digital Host Controller Interface driver
[    3.772919] sdhci: Copyright(c) Pierre Ossman
[    3.773404] sdhci-pltfm: SDHCI platform and OF driver helper
[    3.773976] ledtrig-cpu: registered to indicate activity on CPUs
[    3.774635] drop_monitor: Initializing network drop monitor service
[    3.775882] NET: Registered protocol family 10
[    3.779381] Segment Routing with IPv6
[    3.779771] NET: Registered protocol family 17
[    3.780408] 9pnet: Installing 9P2000 support
[    3.780860] Key type dns_resolver registered
[    3.782056] IPI shorthand broadcast: enabled
[    3.782535] sched_clock: Marking stable (3767981039, 13833337)->(3786912529, -5098153)
[    3.783460] registered taskstats version 1
[    3.783893] Loading compiled-in X.509 certificates
[    3.784534] zswap: loaded using pool lzo/zbud
[    3.785321] Key type ._fscrypt registered
[    3.785692] Key type .fscrypt registered
[    3.786048] Key type fscrypt-provisioning registered
[    3.787191] Key type encrypted registered
[    3.787608] ima: No TPM chip found, activating TPM-bypass!
[    3.788109] ima: Allocated hash algorithm: sha1
[    3.788578] ima: No architecture policies found
[    3.789059] evm: Initialising EVM extended attributes:
[    3.789518] evm: security.selinux
[    3.789828] evm: security.SMACK64
[    3.790133] evm: security.SMACK64EXEC
[    3.790465] evm: security.SMACK64TRANSMUTE
[    3.790836] evm: security.SMACK64MMAP
[    3.791168] evm: security.apparmor
[    3.791479] evm: security.ima
[    3.791754] evm: security.capability
[    3.792081] evm: HMAC attrs: 0x1
[    3.795113] PM:   Magic number: 7:550:1008
[    3.795940] RAS: Correctable Errors collector initialized.
[    3.797543] md: Waiting for all devices to be available before autodetect
[    3.798167] md: If you don't use raid, use raid=noautodetect
[    3.798675] md: Autodetecting RAID arrays.
[    3.799058] md: autorun ...
[    3.799317] md: ... autorun DONE.
[    3.802710] EXT4-fs (sda): INFO: recovery required on readonly filesystem
[    3.803354] EXT4-fs (sda): write access will be enabled during recovery
[    3.886336] EXT4-fs (sda): recovery complete
[    3.902863] EXT4-fs (sda): mounted filesystem with ordered data mode. Opts: (null). Quota mode: none.
[    3.903771] VFS: Mounted root (ext4 filesystem) readonly on device 8:0.
[    3.904914] devtmpfs: mounted
[    3.911576] Freeing unused decrypted memory: 2036K
[    3.913260] Freeing unused kernel image (initmem) memory: 2984K
[    3.913908] Write protecting the kernel read-only data: 40960k
[    3.917104] Freeing unused kernel image (text/rodata gap) memory: 2028K
[    3.918157] Freeing unused kernel image (rodata/data gap) memory: 688K
[    4.026108] x86/mm: Checked W+X mappings: passed, no W+X pages found.
[    4.026721] Run /sbin/init as init process
[    4.029856] random: fast init done
[    4.100471] systemd[1]: RTC configured in localtime, applying delta of 0 minutes to system time.
[    4.123729] systemd[1]: systemd 239 (239-49.el8) running in system mode. (+PAM +AUDIT +SELINUX +IMA -APPARMOR +SMACK +SYSVINIT +UTMP +LIBCRYPTSETUP +GCRYPT +GNUTLS +ACL +XZ +LZ4 +SECCOMP +BLKID +ELFUTILS +KMOD +IDN2 -IDN +PCRE2 default-hierarchy=legacy)
[    4.125891] systemd[1]: Detected virtualization kvm.
[    4.126341] systemd[1]: Detected architecture x86-64.

Welcome to [0;31mCentOS Stream 8[0m!

[    4.147552] systemd[1]: Set hostname to <test>.
[    4.277437] random: lvmconfig: uninitialized urandom read (4 bytes read)
[    4.365418] random: systemd: uninitialized urandom read (16 bytes read)
[    4.366323] systemd[1]: Listening on Device-mapper event daemon FIFOs.
[[0;32m  OK  [0m] Listening on Device-mapper event daemon FIFOs.
[    4.367656] random: systemd: uninitialized urandom read (16 bytes read)
[    4.368419] systemd[1]: Listening on multipathd control socket.
[[0;32m  OK  [0m] Listening on multipathd control socket.
[    4.370026] systemd[1]: Listening on RPCbind Server Activation Socket.
[[0;32m  OK  [0m] Listening on RPCbind Server Activation Socket.
[    4.371306] systemd[1]: Listening on udev Kernel Socket.
[[0;32m  OK  [0m] Listening on udev Kernel Socket.
[    4.379583] systemd[1]: Listening on Process Core Dump Socket.
[[0;32m  OK  [0m] Listening on Process Core Dump Socket.
[    4.380949] systemd[1]: Listening on Journal Socket.
[[0;32m  OK  [0m] Listening on Journal Socket.
         Starting Load Kernel Modules...
         Starting Setup Virtual Console...
[[0;32m  OK  [0m] Started Forward Password Requests to Wall Directory Watch.
[[0;32m  OK  [0m] Reached target Swap.
[[0;32m  OK  [0m] Created slice system-getty.slice.
[[0;32m  OK  [0m] Set up automount Arbitrary Executabâ€¦rmats File System Automount Point.
[[0;32m  OK  [0m] Created slice system-sshd\x2dkeygen.slice.
[[0;32m  OK  [0m] Listening on Journal Socket (/dev/log).
         Starting Monitoring of LVM2 mirrorsâ€¦ng dmeventd or progress polling...
         Mounting Kernel Debug File System...
[[0;32m  OK  [0m] Created slice User and Session Slice.
[[0;32m  OK  [0m] Reached target Slices.
[[0;32m  OK  [0m] Listening on initctl Compatibility Named Pipe.
         Mounting POSIX Message Queue File System...
[[0;32m  OK  [0m] Created slice system-serial\x2dgetty.slice.
         Starting Remount Root and Kernel File Systems...
         Starting Journal Service...
[[0;32m  OK  [0m] Listening on LVM2 poll daemon socket.
         Mounting Huge Pages File System...
[[0;32m  OK  [0m] Reached target RPC Port Mapper.
[[0;32m  OK  [0m] Listening on udev Control Socket.
         Starting udev Coldplug all Devices...
[    4.617229] EXT4-fs (sda): re-mounted. Opts: (null). Quota mode: none.
[[0;1;31mFAILED[0m] Failed to start Load Kernel Modules.
See 'systemctl status systemd-modules-load.service' for details.
[[0;32m  OK  [0m] Started Monitoring of LVM2 mirrors,â€¦sing dmeventd or progress polling.
[[0;32m  OK  [0m] Mounted Kernel Debug File System.
[[0;32m  OK  [0m] Mounted POSIX Message Queue File System.
[[0;32m  OK  [0m] Started Remount Root and Kernel File Systems.
[[0;32m  OK  [0m] Mounted Huge Pages File System.
         Starting Load/Save Random Seed...
         Starting Create Static Device Nodes in /dev...
         Starting Apply Kernel Variables...
         Mounting FUSE Control File System...
         Mounting Kernel Configuration File System...
[[0;32m  OK  [0m] Started Journal Service.
[[0;32m  OK  [0m] Started Load/Save Random Seed.
[[0;32m  OK  [0m] Started Create Static Device Nodes in /dev.
[[0;32m  OK  [0m] Started Apply Kernel Variables.
[[0;32m  OK  [0m] Mounted FUSE Control File System.
[[0;32m  OK  [0m] Mounted Kernel Configuration File System.
         Starting udev Kernel Device Manager...
         Starting Flush Journal to Persistent Storage...
[[0;32m  OK  [0m] Started Flush Journal to Persistent Storage.
[[0;32m  OK  [0m] Started Setup Virtual Console.
[[0;32m  OK  [0m] Started udev Kernel Device Manager.
[[0;32m  OK  [0m] Started udev Coldplug all Devices.
         Starting Show Plymouth Boot Screen...
         Starting udev Wait for Complete Device Initialization...
[[0;32m  OK  [0m] Started Show Plymouth Boot Screen.
[[0;32m  OK  [0m] Reached target Paths.
[[0;32m  OK  [0m] Reached target Local Encrypted Volumes.
[[0;32m  OK  [0m] Started Forward Password Requests to Plymouth Directory Watch.
[[0;32m  OK  [0m] Found device /dev/ttyS0.
[[0;32m  OK  [0m] Started udev Wait for Complete Device Initialization.
[[0;32m  OK  [0m] Reached target Local File Systems (Pre).
[[0;32m  OK  [0m] Reached target Local File Systems.
         Starting Tell Plymouth To Write Out Runtime Data...
         Starting Restore /run/initramfs on shutdown...
         Starting Create Volatile Files and Directories...
[[0;32m  OK  [0m] Listening on Load/Save RF Kill Switch Status /dev/rfkill Watch.
[[0;32m  OK  [0m] Started Tell Plymouth To Write Out Runtime Data.
[[0;32m  OK  [0m] Started Restore /run/initramfs on shutdown.
[[0;32m  OK  [0m] Started Create Volatile Files and Directories.
         Starting RPC Bind...
         Starting Security Auditing Service...
         Mounting RPC Pipe File System...
[[0;32m  OK  [0m] Mounted RPC Pipe File System.
[[0;32m  OK  [0m] Reached target rpc_pipefs.target.
[[0;32m  OK  [0m] Started RPC Bind.
[[0;32m  OK  [0m] Started Security Auditing Service.
         Starting Update UTMP about System Boot/Shutdown...
[[0;32m  OK  [0m] Started Update UTMP about System Boot/Shutdown.
[[0;32m  OK  [0m] Reached target System Initialization.
[[0;32m  OK  [0m] Started dnf makecache --timer.
[[0;32m  OK  [0m] Listening on SSSD Kerberos Cache Manager responder socket.
[[0;32m  OK  [0m] Listening on D-Bus System Message Bus Socket.
[[0;32m  OK  [0m] Reached target Sockets.
[[0;32m  OK  [0m] Started Daily Cleanup of Temporary Directories.
[[0;32m  OK  [0m] Started daily update of the root trust anchor for DNSSEC.
[[0;32m  OK  [0m] Reached target Timers.
[[0;32m  OK  [0m] Reached target Basic System.
[[0;32m  OK  [0m] Started irqbalance daemon.
         Starting Authorization Manager...
         Starting Auto-connect to subsystemsâ€¦-NVME devices found during boot...
         Starting Login Service...
         Starting NTP client/server...
         Starting Self Monitoring and Reporting Technology (SMART) Daemon...
[[0;32m  OK  [0m] Started D-Bus System Message Bus.
         Starting Network Manager...
[[0;32m  OK  [0m] Started Machine Check Exception Logging Daemon.
[[0;32m  OK  [0m] Reached target sshd-keygen.target.
[[0;32m  OK  [0m] Started Auto-connect to subsystems â€¦FC-NVME devices found during boot.
[[0;32m  OK  [0m] Started Self Monitoring and Reporting Technology (SMART) Daemon.
         Starting update of the root trust aâ€¦or DNSSEC validation in unbound...
[[0;32m  OK  [0m] Started Login Service.
[[0;32m  OK  [0m] Started NTP client/server.
[[0;32m  OK  [0m] Started Network Manager.
[[0;32m  OK  [0m] Reached target Network.
         Starting OpenSSH server daemon...
         Starting Dynamic System Tuning Daemon...
         Starting GSSAPI Proxy Daemon...
         Starting Network Manager Wait Online...
[[0;32m  OK  [0m] Started Authorization Manager.
         Starting Hostname Service...
[[0;32m  OK  [0m] Started Hostname Service.
         Starting Network Manager Script Dispatcher Service...
[[0;32m  OK  [0m] Started Network Manager Script Dispatcher Service.
[    6.477184] e1000: eth0 NIC Link is Up 1000 Mbps Full Duplex, Flow Control: RX
[    6.478327] IPv6: ADDRCONF(NETDEV_CHANGE): eth0: link becomes ready
[[0;32m  OK  [0m] Started Dynamic System Tuning Daemon.
[    7.365149] random: crng init done
[    7.365534] random: 7 urandom warning(s) missed due to ratelimiting
[[0;32m  OK  [0m] Started OpenSSH server daemon.
[[0;32m  OK  [0m] Started update of the root trust anâ€¦ for DNSSEC validation in unbound.
[[0;32m  OK  [0m] Started GSSAPI Proxy Daemon.
[[0;32m  OK  [0m] Reached target NFS client services.
[[0;32m  OK  [0m] Reached target Remote File Systems (Pre).
[[0;32m  OK  [0m] Reached target Remote File Systems.
         Starting Permit User Sessions...
[[0;32m  OK  [0m] Started Permit User Sessions.
         Starting Terminate Plymouth Boot Screen...
[[0;32m  OK  [0m] Started Command Scheduler.
         Starting Hold until boot process finishes up...

CentOS Stream 8
Kernel 5.12.0-rc2-e93aa38475d6+ on an x86_64

test login: 