c[?7l[2J[0mSeaBIOS (version rel-1.16.0-0-gd239552ce722-prebuilt.qemu.org)


iPXE (http://ipxe.org) 00:03.0 CA00 PCI2.10 PnP PMM+7FF91000+7FEF1000 CA00
Press Ctrl-B to configure iPXE (PCI 00:03.0)...                                                                               


Booting from ROM..c[?7l[2J[    0.000000] Linux version 5.12.0-rc2-f0b15b608129+ (root@984fee00a1f6.jf.intel.com) (gcc (GCC) 8.5.0 20210514 (Red Hat 8.5.0-18), GNU ld version 2.36.1-3.el8) #1 SMP Tue Jan 24 16:36:10 PST 2023
[    0.000000] Command line: console=ttyS0 root=/dev/sda earlyprintk=serial net.ifnames=0
[    0.000000] KERNEL supported cpus:
[    0.000000]   Intel GenuineIntel
[    0.000000]   AMD AuthenticAMD
[    0.000000]   Hygon HygonGenuine
[    0.000000]   Centaur CentaurHauls
[    0.000000]   zhaoxin   Shanghai  
[    0.000000] x86/fpu: Supporting XSAVE feature 0x001: 'x87 floating point registers'
[    0.000000] x86/fpu: Supporting XSAVE feature 0x002: 'SSE registers'
[    0.000000] x86/fpu: Supporting XSAVE feature 0x004: 'AVX registers'
[    0.000000] x86/fpu: Supporting XSAVE feature 0x020: 'AVX-512 opmask'
[    0.000000] x86/fpu: Supporting XSAVE feature 0x040: 'AVX-512 Hi256'
[    0.000000] x86/fpu: Supporting XSAVE feature 0x080: 'AVX-512 ZMM_Hi256'
[    0.000000] x86/fpu: Supporting XSAVE feature 0x200: 'Protection Keys User registers'
[    0.000000] x86/fpu: xstate_offset[2]:  576, xstate_sizes[2]:  256
[    0.000000] x86/fpu: xstate_offset[5]:  832, xstate_sizes[5]:   64
[    0.000000] x86/fpu: xstate_offset[6]:  896, xstate_sizes[6]:  512
[    0.000000] x86/fpu: xstate_offset[7]: 1408, xstate_sizes[7]: 1024
[    0.000000] x86/fpu: xstate_offset[9]: 2432, xstate_sizes[9]:    8
[    0.000000] x86/fpu: Enabled xstate features 0x2e7, context size is 2440 bytes, using 'compacted' format.
[    0.000000] BIOS-provided physical RAM map:
[    0.000000] BIOS-e820: [mem 0x0000000000000000-0x000000000009fbff] usable
[    0.000000] BIOS-e820: [mem 0x000000000009fc00-0x000000000009ffff] reserved
[    0.000000] BIOS-e820: [mem 0x00000000000f0000-0x00000000000fffff] reserved
[    0.000000] BIOS-e820: [mem 0x0000000000100000-0x000000007ffdffff] usable
[    0.000000] BIOS-e820: [mem 0x000000007ffe0000-0x000000007fffffff] reserved
[    0.000000] BIOS-e820: [mem 0x00000000feffc000-0x00000000feffffff] reserved
[    0.000000] BIOS-e820: [mem 0x00000000fffc0000-0x00000000ffffffff] reserved
[    0.000000] printk: bootconsole [earlyser0] enabled
[    0.000000] NX (Execute Disable) protection: active
[    0.000000] SMBIOS 2.8 present.
[    0.000000] DMI: QEMU Standard PC (i440FX + PIIX, 1996), BIOS rel-1.16.0-0-gd239552ce722-prebuilt.qemu.org 04/01/2014
[    0.000000] Hypervisor detected: KVM
[    0.000000] kvm-clock: Using msrs 4b564d01 and 4b564d00
[    0.000000] kvm-clock: cpu 0, msr 5401001, primary cpu clock
[    0.000000] kvm-clock: using sched offset of 327168563 cycles
[    0.000519] clocksource: kvm-clock: mask: 0xffffffffffffffff max_cycles: 0x1cd42e4dffb, max_idle_ns: 881590591483 ns
[    0.002016] tsc: Detected 1700.000 MHz processor
[    0.009230] last_pfn = 0x7ffe0 max_arch_pfn = 0x10000000000
[    0.009800] x86/PAT: Configuration [0-7]: WB  WC  UC- UC  WB  WP  UC- WT  
[    0.015979] found SMP MP-table at [mem 0x000f5ba0-0x000f5baf]
[    0.017448] check: Scanning 1 areas for low memory corruption
[    0.018023] Using GB pages for direct mapping
[    0.019361] ACPI: Early table checksum verification disabled
[    0.019894] ACPI: RSDP 0x00000000000F59C0 000014 (v00 BOCHS )
[    0.020437] ACPI: RSDT 0x000000007FFE1951 000034 (v01 BOCHS  BXPC     00000001 BXPC 00000001)
[    0.021238] ACPI: FACP 0x000000007FFE17FD 000074 (v01 BOCHS  BXPC     00000001 BXPC 00000001)
[    0.022040] ACPI: DSDT 0x000000007FFE0040 0017BD (v01 BOCHS  BXPC     00000001 BXPC 00000001)
[    0.022837] ACPI: FACS 0x000000007FFE0000 000040
[    0.023274] ACPI: APIC 0x000000007FFE1871 000080 (v01 BOCHS  BXPC     00000001 BXPC 00000001)
[    0.024074] ACPI: HPET 0x000000007FFE18F1 000038 (v01 BOCHS  BXPC     00000001 BXPC 00000001)
[    0.024871] ACPI: WAET 0x000000007FFE1929 000028 (v01 BOCHS  BXPC     00000001 BXPC 00000001)
[    0.026503] No NUMA configuration found
[    0.026857] Faking a node at [mem 0x0000000000000000-0x000000007ffdffff]
[    0.027546] NODE_DATA(0) allocated [mem 0x7ffb5000-0x7ffdffff]
[    0.032021] Zone ranges:
[    0.032273]   DMA      [mem 0x0000000000001000-0x0000000000ffffff]
[    0.032844]   DMA32    [mem 0x0000000001000000-0x000000007ffdffff]
[    0.033414]   Normal   empty
[    0.033683]   Device   empty
[    0.033952] Movable zone start for each node
[    0.034346] Early memory node ranges
[    0.034673]   node   0: [mem 0x0000000000001000-0x000000000009efff]
[    0.035250]   node   0: [mem 0x0000000000100000-0x000000007ffdffff]
[    0.035835] Initmem setup node 0 [mem 0x0000000000001000-0x000000007ffdffff]
[    0.037001]   DMA zone: 28770 pages in unavailable ranges
[    0.043810]   DMA32 zone: 32 pages in unavailable ranges
[    0.044600] ACPI: PM-Timer IO Port: 0x608
[    0.044996] ACPI: LAPIC_NMI (acpi_id[0xff] dfl dfl lint[0x1])
[    0.045572] IOAPIC[0]: apic_id 0, version 17, address 0xfec00000, GSI 0-23
[    0.046219] ACPI: INT_SRC_OVR (bus 0 bus_irq 0 global_irq 2 dfl dfl)
[    0.046809] ACPI: INT_SRC_OVR (bus 0 bus_irq 5 global_irq 5 high level)
[    0.047419] ACPI: INT_SRC_OVR (bus 0 bus_irq 9 global_irq 9 high level)
[    0.048036] ACPI: INT_SRC_OVR (bus 0 bus_irq 10 global_irq 10 high level)
[    0.048660] ACPI: INT_SRC_OVR (bus 0 bus_irq 11 global_irq 11 high level)
[    0.049317] Using ACPI (MADT) for SMP configuration information
[    0.049862] ACPI: HPET id: 0x8086a201 base: 0xfed00000
[    0.050344] TSC deadline timer available
[    0.050705] smpboot: Allowing 2 CPUs, 0 hotplug CPUs
[    0.051179] kvm-guest: KVM setup pv remote TLB flush
[    0.051654] kvm-guest: setup PV sched yield
[    0.052077] PM: hibernation: Registered nosave memory: [mem 0x00000000-0x00000fff]
[    0.052781] PM: hibernation: Registered nosave memory: [mem 0x0009f000-0x0009ffff]
[    0.053475] PM: hibernation: Registered nosave memory: [mem 0x000a0000-0x000effff]
[    0.054169] PM: hibernation: Registered nosave memory: [mem 0x000f0000-0x000fffff]
[    0.054865] [mem 0x80000000-0xfeffbfff] available for PCI devices
[    0.055426] Booting paravirtualized kernel on KVM
[    0.055864] clocksource: refined-jiffies: mask: 0xffffffff max_cycles: 0xffffffff, max_idle_ns: 7645519600211568 ns
[    0.056833] setup_percpu: NR_CPUS:8192 nr_cpumask_bits:2 nr_cpu_ids:2 nr_node_ids:1
[    0.057967] percpu: Embedded 58 pages/cpu s200704 r8192 d28672 u1048576
[    0.058750] kvm-guest: KVM setup async PF for cpu 0
[    0.059203] kvm-guest: stealtime: cpu 0, msr 7da30080
[    0.059684] kvm-guest: PV spinlocks enabled
[    0.060083] PV qspinlock hash table entries: 256 (order: 0, 4096 bytes, linear)
[    0.060779] Built 1 zonelists, mobility grouping on.  Total pages: 515945
[    0.061415] Policy zone: DMA32
[    0.061701] Kernel command line: net.ifnames=0 console=ttyS0 root=/dev/sda earlyprintk=serial net.ifnames=0
[    0.063258] Dentry cache hash table entries: 262144 (order: 9, 2097152 bytes, linear)
[    0.064126] Inode-cache hash table entries: 131072 (order: 8, 1048576 bytes, linear)
[    0.064935] mem auto-init: stack:off, heap alloc:off, heap free:off
[    0.070115] Memory: 1986064K/2096632K available (30736K kernel code, 5183K rwdata, 7504K rodata, 2984K init, 22344K bss, 110368K reserved, 0K cma-reserved)
[    0.071406] random: get_random_u64 called from __kmem_cache_create+0x2f/0x460 with crng_init=0
[    0.071833] SLUB: HWalign=64, Order=0-3, MinObjects=0, CPUs=2, Nodes=1
[    0.073216] kmemleak: Kernel memory leak detector disabled
[    0.073737] ftrace: allocating 63140 entries in 247 pages
[    0.162334] ftrace: allocated 247 pages with 7 groups
[    0.163023] Running RCU self tests
[    0.163342] rcu: Hierarchical RCU implementation.
[    0.163774] rcu: 	RCU lockdep checking is enabled.
[    0.164210] rcu: 	RCU restricting CPUs from NR_CPUS=8192 to nr_cpu_ids=2.
[    0.164827] 	Trampoline variant of Tasks RCU enabled.
[    0.165286] 	Rude variant of Tasks RCU enabled.
[    0.165698] 	Tracing variant of Tasks RCU enabled.
[    0.166134] rcu: RCU calculated value of scheduler-enlistment delay is 25 jiffies.
[    0.166822] rcu: Adjusting geometry for rcu_fanout_leaf=16, nr_cpu_ids=2
[    0.182481] NR_IRQS: 524544, nr_irqs: 440, preallocated irqs: 16
[    0.191929] Console: colour VGA+ 80x25
[    0.192367] printk: console [ttyS0] enabled
[    0.192367] printk: console [ttyS0] enabled
[    0.193215] printk: bootconsole [earlyser0] disabled
[    0.193215] printk: bootconsole [earlyser0] disabled
[    0.194219] Lock dependency validator: Copyright (c) 2006 Red Hat, Inc., Ingo Molnar
[    0.195008] ... MAX_LOCKDEP_SUBCLASSES:  8
[    0.195435] ... MAX_LOCK_DEPTH:          48
[    0.195873] ... MAX_LOCKDEP_KEYS:        8192
[    0.196325] ... CLASSHASH_SIZE:          4096
[    0.196778] ... MAX_LOCKDEP_ENTRIES:     32768
[    0.197239] ... MAX_LOCKDEP_CHAINS:      65536
[    0.197699] ... CHAINHASH_SIZE:          32768
[    0.198160]  memory used by lock dependency info: 6365 kB
[    0.198715]  memory used for stack traces: 4224 kB
[    0.199211]  per task-struct memory footprint: 1920 bytes
[    0.199802] ACPI: Core revision 20210105
[    0.200445] clocksource: hpet: mask: 0xffffffff max_cycles: 0xffffffff, max_idle_ns: 19112604467 ns
[    0.201428] APIC: Switch to symmetric I/O mode setup
[    0.202097] x2apic enabled
[    0.202562] Switched APIC routing to physical x2apic.
[    0.203041] kvm-guest: setup PV IPIs
[    0.204297] ..TIMER: vector=0x30 apic1=0 pin1=2 apic2=-1 pin2=-1
[    0.204887] clocksource: tsc-early: mask: 0xffffffffffffffff max_cycles: 0x1881273ac8e, max_idle_ns: 440795257284 ns
[    0.205916] Calibrating delay loop (skipped) preset value.. 3400.00 BogoMIPS (lpj=6800000)
[    0.206689] pid_max: default: 32768 minimum: 301
[    0.207185] LSM: Security Framework initializing
[    0.207634] Yama: becoming mindful.
[    0.208127] Mount-cache hash table entries: 4096 (order: 3, 32768 bytes, linear)
[    0.208825] Mountpoint-cache hash table entries: 4096 (order: 3, 32768 bytes, linear)
[    0.210789] x86/cpu: User Mode Instruction Prevention (UMIP) activated
[    0.211635] Last level iTLB entries: 4KB 0, 2MB 0, 4MB 0
[    0.212151] Last level dTLB entries: 4KB 0, 2MB 0, 4MB 0, 1GB 0
[    0.212719] Spectre V1 : Mitigation: usercopy/swapgs barriers and __user pointer sanitization
[    0.213513] Spectre V2 : Mitigation: Enhanced IBRS
[    0.213915] Spectre V2 : Spectre v2 / SpectreRSB mitigation: Filling RSB on context switch
[    0.214640] Spectre V2 : mitigation: Enabling conditional Indirect Branch Prediction Barrier
[    0.215378] Speculative Store Bypass: Mitigation: Speculative Store Bypass disabled via prctl and seccomp
[    0.216689] Freeing SMP alternatives memory: 52K
[    0.218865] smpboot: CPU0: Intel(R) Xeon(R) Gold 6414TDX (family: 0x6, model: 0x8f, stepping: 0x6)
[    0.220095] Running RCU-tasks wait API self tests
[    0.322078] Performance Events: Sapphire Rapids events, full-width counters, Intel PMU driver.
[    0.322949] ... version:                2
[    0.323314] ... bit width:              48
[    0.323684] ... generic registers:      8
[    0.324046] ... value mask:             0000ffffffffffff
[    0.324521] ... max period:             00007fffffffffff
[    0.324996] ... fixed-purpose events:   3
[    0.325357] ... event mask:             00000007000000ff
[    0.326199] rcu: Hierarchical SRCU implementation.
[    0.329137] smp: Bringing up secondary CPUs ...
[    0.329988] x86: Booting SMP configuration:
[    0.330377] .... node  #0, CPUs:      #1
[    0.018622] kvm-clock: cpu 1, msr 5401041, secondary cpu clock
[    0.331258] kvm-guest: KVM setup async PF for cpu 1
[    0.331258] kvm-guest: stealtime: cpu 1, msr 7db30080
[    0.331496] smp: Brought up 1 node, 2 CPUs
[    0.331496] smpboot: Max logical packages: 1
[    0.333939] smpboot: Total of 2 processors activated (6800.00 BogoMIPS)
[    0.335338] devtmpfs: initialized
[    0.335338] x86/mm: Memory block size: 128MB
[    0.338336] clocksource: jiffies: mask: 0xffffffff max_cycles: 0xffffffff, max_idle_ns: 7645041785100000 ns
[    0.338811] futex hash table entries: 512 (order: 4, 65536 bytes, linear)
[    0.339684] pinctrl core: initialized pinctrl subsystem
[    0.340717] 
[    0.340862] *************************************************************
[    0.341936] **     NOTICE NOTICE NOTICE NOTICE NOTICE NOTICE NOTICE    **
[    0.341925] Callback from call_rcu_tasks_trace() invoked.
[    0.342542] **                                                         **
[    0.343630] **  IOMMU DebugFS SUPPORT HAS BEEN ENABLED IN THIS KERNEL  **
[    0.344229] **                                                         **
[    0.344829] ** This means that this kernel is built to expose internal **
[    0.345429] ** IOMMU data structures, which may compromise security on **
[    0.345911] ** your system.                                            **
[    0.346516] **                                                         **
[    0.347116] ** If you see this message and you are not debugging the   **
[    0.347716] ** kernel, report this immediately to your vendor!         **
[    0.348315] **                                                         **
[    0.348915] **     NOTICE NOTICE NOTICE NOTICE NOTICE NOTICE NOTICE    **
[    0.349515] *************************************************************
[    0.349968] PM: RTC time: 01:02:16, date: 2023-01-25
[    0.351507] NET: Registered protocol family 16
[    0.352520] DMA: preallocated 256 KiB GFP_KERNEL pool for atomic allocations
[    0.353154] DMA: preallocated 256 KiB GFP_KERNEL|GFP_DMA pool for atomic allocations
[    0.353848] DMA: preallocated 256 KiB GFP_KERNEL|GFP_DMA32 pool for atomic allocations
[    0.353947] audit: initializing netlink subsys (disabled)
[    0.354445] audit: type=2000 audit(1674608536.664:1): state=initialized audit_enabled=0 res=1
[    0.354648] thermal_sys: Registered thermal governor 'fair_share'
[    0.354718] thermal_sys: Registered thermal governor 'bang_bang'
[    0.355266] thermal_sys: Registered thermal governor 'step_wise'
[    0.355804] thermal_sys: Registered thermal governor 'user_space'
[    0.356393] cpuidle: using governor ladder
[    0.357331] cpuidle: using governor menu
[    0.358241] ACPI: bus type PCI registered
[    0.358603] acpiphp: ACPI Hot Plug PCI Controller Driver version: 0.5
[    0.359459] PCI: Using configuration type 1 for base access
[    0.372603] Kprobes globally optimized
[    0.372979] HugeTLB registered 1.00 GiB page size, pre-allocated 0 pages
[    0.373920] HugeTLB registered 2.00 MiB page size, pre-allocated 0 pages
[    0.378319] ACPI: Added _OSI(Module Device)
[    0.378724] ACPI: Added _OSI(Processor Device)
[    0.379126] ACPI: Added _OSI(3.0 _SCP Extensions)
[    0.379547] ACPI: Added _OSI(Processor Aggregator Device)
[    0.380035] ACPI: Added _OSI(Linux-Dell-Video)
[    0.380434] ACPI: Added _OSI(Linux-Lenovo-NV-HDMI-Audio)
[    0.380909] ACPI: Added _OSI(Linux-HPI-Hybrid-Graphics)
[    0.387540] ACPI: 1 ACPI AML tables successfully acquired and loaded
[    0.391258] ACPI: Interpreter enabled
[    0.391673] ACPI: (supports S0 S3 S4 S5)
[    0.392026] ACPI: Using IOAPIC for interrupt routing
[    0.392509] PCI: Using host bridge windows from ACPI; if necessary, use "pci=nocrs" and report a bug
[    0.394003] ACPI: Enabled 2 GPEs in block 00 to 0F
[    0.410396] ACPI: PCI Root Bridge [PCI0] (domain 0000 [bus 00-ff])
[    0.410980] acpi PNP0A03:00: _OSC: OS supports [ASPM ClockPM Segments MSI EDR HPX-Type3]
[    0.411758] acpi PNP0A03:00: fail to add MMCONFIG information, can't access extended PCI configuration space under this bridge.
[    0.414688] acpiphp: Slot [3] registered
[    0.415109] acpiphp: Slot [4] registered
[    0.415532] acpiphp: Slot [5] registered
[    0.415952] acpiphp: Slot [6] registered
[    0.416373] acpiphp: Slot [7] registered
[    0.416791] acpiphp: Slot [8] registered
[    0.417209] acpiphp: Slot [9] registered
[    0.417634] acpiphp: Slot [10] registered
[    0.417979] acpiphp: Slot [11] registered
[    0.418406] acpiphp: Slot [12] registered
[    0.418833] acpiphp: Slot [13] registered
[    0.419260] acpiphp: Slot [14] registered
[    0.419692] acpiphp: Slot [15] registered
[    0.420123] acpiphp: Slot [16] registered
[    0.420550] acpiphp: Slot [17] registered
[    0.420975] acpiphp: Slot [18] registered
[    0.421400] acpiphp: Slot [19] registered
[    0.421833] acpiphp: Slot [20] registered
[    0.421980] acpiphp: Slot [21] registered
[    0.422406] acpiphp: Slot [22] registered
[    0.422836] acpiphp: Slot [23] registered
[    0.423269] acpiphp: Slot [24] registered
[    0.423696] acpiphp: Slot [25] registered
[    0.424127] acpiphp: Slot [26] registered
[    0.424552] acpiphp: Slot [27] registered
[    0.424976] acpiphp: Slot [28] registered
[    0.425999] Callback from call_rcu_tasks_rude() invoked.
[    0.425999] acpiphp: Slot [29] registered
[    0.426381] acpiphp: Slot [30] registered
[    0.426807] acpiphp: Slot [31] registered
[    0.427187] PCI host bridge to bus 0000:00
[    0.427558] pci_bus 0000:00: root bus resource [io  0x0000-0x0cf7 window]
[    0.428170] pci_bus 0000:00: root bus resource [io  0x0d00-0xffff window]
[    0.428777] pci_bus 0000:00: root bus resource [mem 0x000a0000-0x000bffff window]
[    0.429446] pci_bus 0000:00: root bus resource [mem 0x80000000-0xfebfffff window]
[    0.429919] pci_bus 0000:00: root bus resource [mem 0x100000000-0x17fffffff window]
[    0.430601] pci_bus 0000:00: root bus resource [bus 00-ff]
[    0.431154] pci 0000:00:00.0: [8086:1237] type 00 class 0x060000
[    0.433650] pci 0000:00:01.0: [8086:7000] type 00 class 0x060100
[    0.434911] pci 0000:00:01.1: [8086:7010] type 00 class 0x010180
[    0.437314] pci 0000:00:01.1: reg 0x20: [io  0xc040-0xc04f]
[    0.438455] pci 0000:00:01.1: legacy IDE quirk: reg 0x10: [io  0x01f0-0x01f7]
[    0.439336] pci 0000:00:01.1: legacy IDE quirk: reg 0x14: [io  0x03f6]
[    0.439917] pci 0000:00:01.1: legacy IDE quirk: reg 0x18: [io  0x0170-0x0177]
[    0.440552] pci 0000:00:01.1: legacy IDE quirk: reg 0x1c: [io  0x0376]
[    0.441765] pci 0000:00:01.3: [8086:7113] type 00 class 0x068000
[    0.442257] pci 0000:00:01.3: quirk: [io  0x0600-0x063f] claimed by PIIX4 ACPI
[    0.442910] pci 0000:00:01.3: quirk: [io  0x0700-0x070f] claimed by PIIX4 SMB
[    0.444392] pci 0000:00:02.0: [1234:1111] type 00 class 0x030000
[    0.445595] pci 0000:00:02.0: reg 0x10: [mem 0xfd000000-0xfdffffff pref]
[    0.446956] pci 0000:00:02.0: reg 0x18: [mem 0xfebf0000-0xfebf0fff]
[    0.449920] pci 0000:00:02.0: reg 0x30: [mem 0xfebe0000-0xfebeffff pref]
[    0.452239] pci 0000:00:03.0: [8086:100e] type 00 class 0x020000
[    0.453328] pci 0000:00:03.0: reg 0x10: [mem 0xfebc0000-0xfebdffff]
[    0.454146] pci 0000:00:03.0: reg 0x14: [io  0xc000-0xc03f]
[    0.457916] pci 0000:00:03.0: reg 0x30: [mem 0xfeb80000-0xfebbffff pref]
[    0.468348] ACPI: PCI Interrupt Link [LNKA] (IRQs 5 *10 11)
[    0.469272] ACPI: PCI Interrupt Link [LNKB] (IRQs 5 *10 11)
[    0.470192] ACPI: PCI Interrupt Link [LNKC] (IRQs 5 10 *11)
[    0.471065] ACPI: PCI Interrupt Link [LNKD] (IRQs 5 10 *11)
[    0.471751] ACPI: PCI Interrupt Link [LNKS] (IRQs *9)
[    0.473956] iommu: Default domain type: Translated 
[    0.474562] pci 0000:00:02.0: vgaarb: setting as boot VGA device
[    0.474562] pci 0000:00:02.0: vgaarb: VGA device added: decodes=io+mem,owns=io+mem,locks=none
[    0.475288] pci 0000:00:02.0: vgaarb: bridge control possible
[    0.477939] vgaarb: loaded
[    0.479179] SCSI subsystem initialized
[    0.479541] ACPI: bus type USB registered
[    0.479541] usbcore: registered new interface driver usbfs
[    0.479541] usbcore: registered new interface driver hub
[    0.479541] usbcore: registered new device driver usb
[    0.479548] pps_core: LinuxPPS API ver. 1 registered
[    0.479992] pps_core: Software ver. 5.3.6 - Copyright 2005-2007 Rodolfo Giometti <giometti@linux.it>
[    0.480806] PTP clock support registered
[    0.481954] EDAC MC: Ver: 3.0.0
[    0.482684] NetLabel: Initializing
[    0.483001] NetLabel:  domain hash size = 128
[    0.483395] NetLabel:  protocols = UNLABELED CIPSOv4 CALIPSO
[    0.483950] NetLabel:  unlabeled traffic allowed by default
[    0.485979] PCI: Using ACPI for IRQ routing
[    0.486484] hpet0: at MMIO 0xfed00000, IRQs 2, 8, 0
[    0.486618] hpet0: 3 comparators, 64-bit 100.000000 MHz counter
[    0.491098] clocksource: Switched to clocksource kvm-clock
[    0.526055] Callback from call_rcu_tasks() invoked.
[    0.581134] VFS: Disk quotas dquot_6.6.0
[    0.581556] VFS: Dquot-cache hash table entries: 512 (order 0, 4096 bytes)
[    0.582488] pnp: PnP ACPI init
[    0.584660] pnp: PnP ACPI: found 6 devices
[    0.595120] clocksource: acpi_pm: mask: 0xffffff max_cycles: 0xffffff, max_idle_ns: 2085701024 ns
[    0.596235] NET: Registered protocol family 2
[    3.068803] tcp_listen_portaddr_hash hash table entries: 1024 (order: 4, 81920 bytes, linear)
[    3.069737] TCP established hash table entries: 16384 (order: 5, 131072 bytes, linear)
[    3.070646] TCP bind hash table entries: 16384 (order: 8, 1179648 bytes, linear)
[    3.071828] TCP: Hash tables configured (established 16384 bind 16384)
[    3.072516] UDP hash table entries: 1024 (order: 5, 163840 bytes, linear)
[    3.073179] UDP-Lite hash table entries: 1024 (order: 5, 163840 bytes, linear)
[    3.074027] NET: Registered protocol family 1
[    3.075048] RPC: Registered named UNIX socket transport module.
[    3.075619] RPC: Registered udp transport module.
[    3.076040] RPC: Registered tcp transport module.
[    3.076458] RPC: Registered tcp NFSv4.1 backchannel transport module.
[    3.077046] pci_bus 0000:00: resource 4 [io  0x0000-0x0cf7 window]
[    3.077599] pci_bus 0000:00: resource 5 [io  0x0d00-0xffff window]
[    3.078176] pci_bus 0000:00: resource 6 [mem 0x000a0000-0x000bffff window]
[    3.078788] pci_bus 0000:00: resource 7 [mem 0x80000000-0xfebfffff window]
[    3.079401] pci_bus 0000:00: resource 8 [mem 0x100000000-0x17fffffff window]
[    3.080291] pci 0000:00:01.0: PIIX3: Enabling Passive Release
[    3.080812] pci 0000:00:00.0: Limiting direct PCI/PCI transfers
[    3.081360] pci 0000:00:01.0: Activating ISA DMA hang workarounds
[    3.082020] pci 0000:00:02.0: Video device with shadowed ROM at [mem 0x000c0000-0x000dffff]
[    3.082782] PCI: CLS 0 bytes, default 64
[    3.083660] clocksource: tsc: mask: 0xffffffffffffffff max_cycles: 0x1881273ac8e, max_idle_ns: 440795257284 ns
[    3.084632] sgx: There are zero EPC sections.
[    3.085814] check: Scanning for low memory corruption every 60 seconds
[    3.089625] Initialise system trusted keyrings
[    3.090174] Key type blacklist registered
[    3.090780] workingset: timestamp_bits=36 max_order=19 bucket_order=0
[    3.100116] zbud: loaded
[    3.102049] squashfs: version 4.0 (2009/01/31) Phillip Lougher
[    3.103916] NFS: Registering the id_resolver key type
[    3.104417] Key type id_resolver registered
[    3.104799] Key type id_legacy registered
[    3.105270] nfs4filelayout_init: NFSv4 File Layout Driver Registering...
[    3.106050] fuse: init (API version 7.33)
[    3.106682] SGI XFS with ACLs, security attributes, realtime, quota, no debug enabled
[    3.108602] 9p: Installing v9fs 9p2000 file system support
[    3.116843] Key type asymmetric registered
[    3.117238] Asymmetric key parser 'x509' registered
[    3.117716] Block layer SCSI generic (bsg) driver version 0.4 loaded (major 244)
[    3.118511] io scheduler mq-deadline registered
[    3.119107] io scheduler bfq registered
[    3.119824] shpchp: Standard Hot Plug PCI Controller Driver version: 0.4
[    3.120799] IPMI message handler: version 39.2
[    3.121246] ipmi device interface
[    3.123022] input: Power Button as /devices/LNXSYSTM:00/LNXPWRBN:00/input/input0
[    3.123987] ACPI: button: Power Button [PWRF]
[    3.125325] ERST DBG: ERST support is disabled.
[    3.126245] Serial: 8250/16550 driver, 32 ports, IRQ sharing enabled
[    3.127326] 00:04: ttyS0 at I/O 0x3f8 (irq = 4, base_baud = 115200) is a 16550A
[    3.136272] Linux agpgart interface v0.103
[    3.148435] brd: module loaded
[    3.157385] loop: module loaded
[    3.161541] scsi host0: ata_piix
[    3.162426] scsi host1: ata_piix
[    3.162865] ata1: PATA max MWDMA2 cmd 0x1f0 ctl 0x3f6 bmdma 0xc040 irq 14
[    3.163471] ata2: PATA max MWDMA2 cmd 0x170 ctl 0x376 bmdma 0xc048 irq 15
[    3.165255] libphy: Fixed MDIO Bus: probed
[    3.165908] tun: Universal TUN/TAP device driver, 1.6
[    3.166520] e100: Intel(R) PRO/100 Network Driver
[    3.166942] e100: Copyright(c) 1999-2006 Intel Corporation
[    3.167472] e1000: Intel(R) PRO/1000 Network Driver
[    3.167908] e1000: Copyright (c) 1999-2006 Intel Corporation.
[    3.322959] ata1.00: ATA-7: QEMU HARDDISK, 2.5+, max UDMA/100
[    3.323527] ata1.00: 16777216 sectors, multi 16: LBA48 
[    3.324178] ata2.00: ATAPI: QEMU DVD-ROM, 2.5+, max UDMA/100
[    3.326187] scsi 0:0:0:0: Direct-Access     ATA      QEMU HARDDISK    2.5+ PQ: 0 ANSI: 5
[    3.327705] scsi 0:0:0:0: Attached scsi generic sg0 type 0
[    3.328888] sd 0:0:0:0: [sda] 16777216 512-byte logical blocks: (8.59 GB/8.00 GiB)
[    3.329728] sd 0:0:0:0: [sda] Write Protect is off
[    3.329733] scsi 1:0:0:0: CD-ROM            QEMU     QEMU DVD-ROM     2.5+ PQ: 0 ANSI: 5
[    3.331094] sd 0:0:0:0: [sda] Write cache: enabled, read cache: enabled, doesn't support DPO or FUA
[    3.332607] scsi 1:0:0:0: Attached scsi generic sg1 type 5
[    3.353232] PCI Interrupt Link [LNKC] enabled at IRQ 11
[    3.362102] sd 0:0:0:0: [sda] Attached SCSI disk
[    3.685416] e1000 0000:00:03.0 eth0: (PCI:33MHz:32-bit) 52:54:00:12:34:56
[    3.686112] e1000 0000:00:03.0 eth0: Intel(R) PRO/1000 Network Connection
[    3.686834] e1000e: Intel(R) PRO/1000 Network Driver
[    3.687278] e1000e: Copyright(c) 1999 - 2015 Intel Corporation.
[    3.687871] igb: Intel(R) Gigabit Ethernet Network Driver
[    3.688350] igb: Copyright (c) 2007-2014 Intel Corporation.
[    3.688950] PPP generic driver version 2.4.2
[    3.690001] VFIO - User Level meta-driver version: 0.3
[    3.690550] ehci_hcd: USB 2.0 'Enhanced' Host Controller (EHCI) Driver
[    3.691146] ehci-pci: EHCI PCI platform driver
[    3.691576] ehci-platform: EHCI generic platform driver
[    3.692063] ohci_hcd: USB 1.1 'Open' Host Controller (OHCI) Driver
[    3.692618] ohci-pci: OHCI PCI platform driver
[    3.693048] ohci-platform: OHCI generic platform driver
[    3.693532] uhci_hcd: USB Universal Host Controller Interface driver
[    3.694401] usbcore: registered new interface driver uas
[    3.694945] usbcore: registered new interface driver usb-storage
[    3.695597] i8042: PNP: PS/2 Controller [PNP0303:KBD,PNP0f13:MOU] at 0x60,0x64 irq 1,12
[    3.697051] serio: i8042 KBD port at 0x60,0x64 irq 1
[    3.697534] serio: i8042 AUX port at 0x60,0x64 irq 12
[    3.698647] mousedev: PS/2 mouse device common for all mice
[    3.700045] input: AT Translated Set 2 keyboard as /devices/platform/i8042/serio0/input/input1
[    3.701762] input: VirtualPS/2 VMware VMMouse as /devices/platform/i8042/serio1/input/input4
[    3.702096] rtc_cmos 00:05: RTC can wake from S4
[    3.703189] input: VirtualPS/2 VMware VMMouse as /devices/platform/i8042/serio1/input/input3
[    3.704058] rtc_cmos 00:05: registered as rtc0
[    3.704561] rtc_cmos 00:05: setting system clock to 2023-01-25T01:02:20 UTC (1674608540)
[    3.705430] rtc_cmos 00:05: alarms up to one day, y3k, 242 bytes nvram, hpet irqs
[    3.706150] i2c /dev entries driver
[    3.706633] device-mapper: uevent: version 1.0.3
[    3.707291] device-mapper: ioctl: 4.44.0-ioctl (2021-02-01) initialised: dm-devel@redhat.com
[    3.708041] intel_pstate: CPU model not supported
[    3.708550] sdhci: Secure Digital Host Controller Interface driver
[    3.709096] sdhci: Copyright(c) Pierre Ossman
[    3.709558] sdhci-pltfm: SDHCI platform and OF driver helper
[    3.710154] ledtrig-cpu: registered to indicate activity on CPUs
[    3.710820] drop_monitor: Initializing network drop monitor service
[    3.712067] NET: Registered protocol family 10
[    3.715395] Segment Routing with IPv6
[    3.715776] NET: Registered protocol family 17
[    3.716425] 9pnet: Installing 9P2000 support
[    3.716888] Key type dns_resolver registered
[    3.718121] IPI shorthand broadcast: enabled
[    3.718555] sched_clock: Marking stable (3703294026, 14622338)->(3723636103, -5719739)
[    3.719536] registered taskstats version 1
[    3.719955] Loading compiled-in X.509 certificates
[    3.720607] zswap: loaded using pool lzo/zbud
[    3.721540] Key type ._fscrypt registered
[    3.721934] Key type .fscrypt registered
[    3.722291] Key type fscrypt-provisioning registered
[    3.723455] Key type encrypted registered
[    3.723856] ima: No TPM chip found, activating TPM-bypass!
[    3.724357] ima: Allocated hash algorithm: sha1
[    3.724816] ima: No architecture policies found
[    3.725280] evm: Initialising EVM extended attributes:
[    3.725739] evm: security.selinux
[    3.726065] evm: security.SMACK64
[    3.726370] evm: security.SMACK64EXEC
[    3.726705] evm: security.SMACK64TRANSMUTE
[    3.727075] evm: security.SMACK64MMAP
[    3.727408] evm: security.apparmor
[    3.727718] evm: security.ima
[    3.727990] evm: security.capability
[    3.728317] evm: HMAC attrs: 0x1
[    3.731141] PM:   Magic number: 7:910:3
[    3.731929] RAS: Correctable Errors collector initialized.
[    3.733427] md: Waiting for all devices to be available before autodetect
[    3.734081] md: If you don't use raid, use raid=noautodetect
[    3.734622] md: Autodetecting RAID arrays.
[    3.735004] md: autorun ...
[    3.735265] md: ... autorun DONE.
[    3.738510] EXT4-fs (sda): INFO: recovery required on readonly filesystem
[    3.739146] EXT4-fs (sda): write access will be enabled during recovery
[    3.792866] EXT4-fs (sda): recovery complete
[    3.794434] EXT4-fs (sda): mounted filesystem with ordered data mode. Opts: (null). Quota mode: none.
[    3.795296] VFS: Mounted root (ext4 filesystem) readonly on device 8:0.
[    3.796315] devtmpfs: mounted
[    3.802821] Freeing unused decrypted memory: 2036K
[    3.804347] Freeing unused kernel image (initmem) memory: 2984K
[    3.804933] Write protecting the kernel read-only data: 40960k
[    3.807976] Freeing unused kernel image (text/rodata gap) memory: 2028K
[    3.809031] Freeing unused kernel image (rodata/data gap) memory: 688K
[    3.913377] x86/mm: Checked W+X mappings: passed, no W+X pages found.
[    3.913983] Run /sbin/init as init process
[    3.919655] random: fast init done
[    4.015687] systemd[1]: RTC configured in localtime, applying delta of 0 minutes to system time.
[    4.048134] systemd[1]: systemd 239 (239-49.el8) running in system mode. (+PAM +AUDIT +SELINUX +IMA -APPARMOR +SMACK +SYSVINIT +UTMP +LIBCRYPTSETUP +GCRYPT +GNUTLS +ACL +XZ +LZ4 +SECCOMP +BLKID +ELFUTILS +KMOD +IDN2 -IDN +PCRE2 default-hierarchy=legacy)
[    4.051354] systemd[1]: Detected virtualization kvm.
[    4.052013] systemd[1]: Detected architecture x86-64.

Welcome to [0;31mCentOS Stream 8[0m!

[    4.078810] systemd[1]: Set hostname to <test>.
[    4.214936] random: lvmconfig: uninitialized urandom read (4 bytes read)
[    4.300605] random: systemd: uninitialized urandom read (16 bytes read)
[    4.308216] systemd[1]: Listening on Process Core Dump Socket.
[[0;32m  OK  [0m] Listening on Process Core Dump Socket.
[    4.309458] random: systemd: uninitialized urandom read (16 bytes read)
[    4.310401] systemd[1]: Listening on Journal Socket.
[[0;32m  OK  [0m] Listening on Journal Socket.
[    4.312160] systemd[1]: Listening on udev Kernel Socket.
[[0;32m  OK  [0m] Listening on udev Kernel Socket.
[    4.313319] systemd[1]: Listening on Device-mapper event daemon FIFOs.
[[0;32m  OK  [0m] Listening on Device-mapper event daemon FIFOs.
[    4.319765] systemd[1]: Mounting POSIX Message Queue File System...
         Mounting POSIX Message Queue File System...
[    4.321695] systemd[1]: Created slice User and Session Slice.
[[0;32m  OK  [0m] Created slice User and Session Slice.
[[0;32m  OK  [0m] Created slice system-getty.slice.
[[0;32m  OK  [0m] Started Forward Password Requests to Wall Directory Watch.
[[0;32m  OK  [0m] Listening on LVM2 poll daemon socket.
         Mounting Kernel Debug File System...
[[0;32m  OK  [0m] Listening on Journal Socket (/dev/log).
[[0;32m  OK  [0m] Created slice system-serial\x2dgetty.slice.
         Starting Remount Root and Kernel File Systems...
[[0;32m  OK  [0m] Created slice system-sshd\x2dkeygen.slice.
[[0;32m  OK  [0m] Listening on udev Control Socket.
         Starting Monitoring of LVM2 mirrorsâ€¦ng dmeventd or progress polling...
[[0;32m  OK  [0m] Reached target Swap.
         Starting Journal Service...
[[0;32m  OK  [0m] Listening on multipathd control socket.
         Starting Setup Virtual Console...
[[0;32m  OK  [0m] Listening on RPCbind Server Activation Socket.
[[0;32m  OK  [0m] Reached target RPC Port Mapper.
[[0;32m  OK  [0m] Reached target Slices.
         Starting udev Coldplug all Devices...
         Mounting Huge Pages File System...
[[0;32m  OK  [0m] Listening on initctl Compatibility Named Pipe.
[[0;32m  OK  [0m] Set up automount Arbitrary Executabâ€¦rmats File System Automount Point.
         Starting Load Kernel Modules...
[    4.573800] EXT4-fs (sda): re-mounted. Opts: (null). Quota mode: none.
[[0;32m  OK  [0m] Started Journal Service.
[[0;32m  OK  [0m] Mounted POSIX Message Queue File System.
[[0;32m  OK  [0m] Mounted Kernel Debug File System.
[[0;32m  OK  [0m] Started Remount Root and Kernel File Systems.
[[0;32m  OK  [0m] Mounted Huge Pages File System.
[[0;1;31mFAILED[0m] Failed to start Load Kernel Modules.
See 'systemctl status systemd-modules-load.service' for details.
         Mounting Kernel Configuration File System...
         Mounting FUSE Control File System...
         Starting Apply Kernel Variables...
         Starting Load/Save Random Seed...
         Starting Create Static Device Nodes in /dev...
         Starting Flush Journal to Persistent Storage...
[[0;32m  OK  [0m] Started Setup Virtual Console.
[[0;32m  OK  [0m] Mounted Kernel Configuration File System.
[[0;32m  OK  [0m] Mounted FUSE Control File System.
[[0;32m  OK  [0m] Started Apply Kernel Variables.
[[0;32m  OK  [0m] Started Load/Save Random Seed.
[[0;32m  OK  [0m] Started Create Static Device Nodes in /dev.
         Starting udev Kernel Device Manager...
[[0;32m  OK  [0m] Started Flush Journal to Persistent Storage.
[[0;32m  OK  [0m] Started udev Coldplug all Devices.
         Starting udev Wait for Complete Device Initialization...
[[0;32m  OK  [0m] Started udev Kernel Device Manager.
         Starting Show Plymouth Boot Screen...
[[0;32m  OK  [0m] Started Show Plymouth Boot Screen.
[[0;32m  OK  [0m] Started Forward Password Requests to Plymouth Directory Watch.
[[0;32m  OK  [0m] Reached target Local Encrypted Volumes.
[[0;32m  OK  [0m] Reached target Paths.
[[0;32m  OK  [0m] Found device /dev/ttyS0.
[[0;32m  OK  [0m] Started Monitoring of LVM2 mirrors,â€¦sing dmeventd or progress polling.
[[0;32m  OK  [0m] Started udev Wait for Complete Device Initialization.
[[0;32m  OK  [0m] Listening on Load/Save RF Kill Switch Status /dev/rfkill Watch.
[[0;32m  OK  [0m] Reached target Local File Systems (Pre).
[[0;32m  OK  [0m] Reached target Local File Systems.
         Starting Tell Plymouth To Write Out Runtime Data...
         Starting Create Volatile Files and Directories...
         Starting Restore /run/initramfs on shutdown...
[[0;32m  OK  [0m] Started Tell Plymouth To Write Out Runtime Data.
[[0;32m  OK  [0m] Started Restore /run/initramfs on shutdown.
[[0;32m  OK  [0m] Started Create Volatile Files and Directories.
         Mounting RPC Pipe File System...
         Starting RPC Bind...
         Starting Security Auditing Service...
[[0;32m  OK  [0m] Mounted RPC Pipe File System.
[[0;32m  OK  [0m] Reached target rpc_pipefs.target.
[[0;32m  OK  [0m] Started RPC Bind.
[[0;32m  OK  [0m] Started Security Auditing Service.
         Starting Update UTMP about System Boot/Shutdown...
[[0;32m  OK  [0m] Started Update UTMP about System Boot/Shutdown.
[[0;32m  OK  [0m] Reached target System Initialization.
[[0;32m  OK  [0m] Listening on D-Bus System Message Bus Socket.
[[0;32m  OK  [0m] Started daily update of the root trust anchor for DNSSEC.
[[0;32m  OK  [0m] Listening on SSSD Kerberos Cache Manager responder socket.
[[0;32m  OK  [0m] Reached target Sockets.
[[0;32m  OK  [0m] Reached target Basic System.
[[0;32m  OK  [0m] Started irqbalance daemon.
         Starting NTP client/server...
         Starting Self Monitoring and Reporting Technology (SMART) Daemon...
         Starting Auto-connect to subsystemsâ€¦-NVME devices found during boot...
         Starting Authorization Manager...
         Starting Login Service...
[[0;32m  OK  [0m] Started Machine Check Exception Logging Daemon.
[[0;32m  OK  [0m] Started D-Bus System Message Bus.
         Starting Network Manager...
[[0;32m  OK  [0m] Reached target sshd-keygen.target.
[[0;32m  OK  [0m] Started dnf makecache --timer.
[[0;32m  OK  [0m] Started Daily Cleanup of Temporary Directories.
[[0;32m  OK  [0m] Reached target Timers.
[[0;32m  OK  [0m] Started Auto-connect to subsystems â€¦FC-NVME devices found during boot.
         Starting update of the root trust aâ€¦or DNSSEC validation in unbound...
[[0;32m  OK  [0m] Started Self Monitoring and Reporting Technology (SMART) Daemon.
[[0;32m  OK  [0m] Started Login Service.
[[0;32m  OK  [0m] Started NTP client/server.
[[0;32m  OK  [0m] Started Network Manager.
[[0;32m  OK  [0m] Reached target Network.
         Starting Dynamic System Tuning Daemon...
         Starting OpenSSH server daemon...
         Starting GSSAPI Proxy Daemon...
         Starting Network Manager Wait Online...
[[0;32m  OK  [0m] Started Authorization Manager.
         Starting Hostname Service...
[[0;32m  OK  [0m] Started Hostname Service.
         Starting Network Manager Script Dispatcher Service...
[[0;32m  OK  [0m] Started Network Manager Script Dispatcher Service.
[    6.386191] e1000: eth0 NIC Link is Up 1000 Mbps Full Duplex, Flow Control: RX
[    6.387311] IPv6: ADDRCONF(NETDEV_CHANGE): eth0: link becomes ready
[[0;32m  OK  [0m] Started Dynamic System Tuning Daemon.
[    7.314160] random: crng init done
[    7.314609] random: 7 urandom warning(s) missed due to ratelimiting
[[0;32m  OK  [0m] Started GSSAPI Proxy Daemon.
[[0;32m  OK  [0m] Reached target NFS client services.
[[0;32m  OK  [0m] Reached target Remote File Systems (Pre).
[[0;32m  OK  [0m] Reached target Remote File Systems.
         Starting Permit User Sessions...
[[0;32m  OK  [0m] Started OpenSSH server daemon.
[[0;32m  OK  [0m] Started update of the root trust anâ€¦ for DNSSEC validation in unbound.
[[0;32m  OK  [0m] Started Permit User Sessions.
[[0;32m  OK  [0m] Started Command Scheduler.
         Starting Hold until boot process finishes up...
         Starting Terminate Plymouth Boot Screen...

CentOS Stream 8
Kernel 5.12.0-rc2-f0b15b608129+ on an x86_64

test login: 