c[?7l[2J[0mSeaBIOS (version rel-1.16.0-0-gd239552ce722-prebuilt.qemu.org)


iPXE (http://ipxe.org) 00:03.0 CA00 PCI2.10 PnP PMM+7FF91000+7FEF1000 CA00
Press Ctrl-B to configure iPXE (PCI 00:03.0)...                                                                               


Booting from ROM..c[?7l[2J[    0.000000] Linux version 6.1.0-rc3-725349f8ba1e+ (root@p-adls01) (gcc (GCC) 8.5.0 20210514 (Red Hat 8.5.0-18), GNU ld version 2.36.1-2.el8) #1 SMP PREEMPT_DYNAMIC Mon Mar 13 23:58:22 CST 2023
[    0.000000] Command line: console=ttyS0 root=/dev/sda earlyprintk=serial net.ifnames=0
[    0.000000] KERNEL supported cpus:
[    0.000000]   Intel GenuineIntel
[    0.000000]   AMD AuthenticAMD
[    0.000000]   Hygon HygonGenuine
[    0.000000]   Centaur CentaurHauls
[    0.000000]   zhaoxin   Shanghai  
[    0.000000] x86/fpu: Supporting XSAVE feature 0x001: 'x87 floating point registers'
[    0.000000] x86/fpu: Supporting XSAVE feature 0x002: 'SSE registers'
[    0.000000] x86/fpu: Supporting XSAVE feature 0x004: 'AVX registers'
[    0.000000] x86/fpu: Supporting XSAVE feature 0x200: 'Protection Keys User registers'
[    0.000000] x86/fpu: xstate_offset[2]:  576, xstate_sizes[2]:  256
[    0.000000] x86/fpu: xstate_offset[9]:  832, xstate_sizes[9]:    8
[    0.000000] x86/fpu: Enabled xstate features 0x207, context size is 840 bytes, using 'compacted' format.
[    0.000000] signal: max sigframe size: 3632
[    0.000000] BIOS-provided physical RAM map:
[    0.000000] BIOS-e820: [mem 0x0000000000000000-0x000000000009fbff] usable
[    0.000000] BIOS-e820: [mem 0x000000000009fc00-0x000000000009ffff] reserved
[    0.000000] BIOS-e820: [mem 0x00000000000f0000-0x00000000000fffff] reserved
[    0.000000] BIOS-e820: [mem 0x0000000000100000-0x000000007ffdffff] usable
[    0.000000] BIOS-e820: [mem 0x000000007ffe0000-0x000000007fffffff] reserved
[    0.000000] BIOS-e820: [mem 0x00000000feffc000-0x00000000feffffff] reserved
[    0.000000] BIOS-e820: [mem 0x00000000fffc0000-0x00000000ffffffff] reserved
[    0.000000] printk: bootconsole [earlyser0] enabled
[    0.000000] NX (Execute Disable) protection: active
[    0.000000] SMBIOS 2.8 present.
[    0.000000] DMI: QEMU Standard PC (i440FX + PIIX, 1996), BIOS rel-1.16.0-0-gd239552ce722-prebuilt.qemu.org 04/01/2014
[    0.000000] Hypervisor detected: KVM
[    0.000000] kvm-clock: Using msrs 4b564d01 and 4b564d00
[    0.000003] kvm-clock: using sched offset of 408537308 cycles
[    0.000350] clocksource: kvm-clock: mask: 0xffffffffffffffff max_cycles: 0x1cd42e4dffb, max_idle_ns: 881590591483 ns
[    0.001438] tsc: Detected 3609.600 MHz processor
[    0.008229] last_pfn = 0x7ffe0 max_arch_pfn = 0x400000000
[    0.008664] x86/PAT: Configuration [0-7]: WB  WC  UC- UC  WB  WP  UC- WT  
[    0.018118] found SMP MP-table at [mem 0x000f5ba0-0x000f5baf]
[    0.018633] Using GB pages for direct mapping
[    0.020060] ACPI: Early table checksum verification disabled
[    0.020461] ACPI: RSDP 0x00000000000F59C0 000014 (v00 BOCHS )
[    0.020874] ACPI: RSDT 0x000000007FFE1951 000034 (v01 BOCHS  BXPC     00000001 BXPC 00000001)
[    0.021465] ACPI: FACP 0x000000007FFE17FD 000074 (v01 BOCHS  BXPC     00000001 BXPC 00000001)
[    0.022047] ACPI: DSDT 0x000000007FFE0040 0017BD (v01 BOCHS  BXPC     00000001 BXPC 00000001)
[    0.022625] ACPI: FACS 0x000000007FFE0000 000040
[    0.022945] ACPI: APIC 0x000000007FFE1871 000080 (v01 BOCHS  BXPC     00000001 BXPC 00000001)
[    0.023522] ACPI: HPET 0x000000007FFE18F1 000038 (v01 BOCHS  BXPC     00000001 BXPC 00000001)
[    0.024100] ACPI: WAET 0x000000007FFE1929 000028 (v01 BOCHS  BXPC     00000001 BXPC 00000001)
[    0.024681] ACPI: Reserving FACP table memory at [mem 0x7ffe17fd-0x7ffe1870]
[    0.025157] ACPI: Reserving DSDT table memory at [mem 0x7ffe0040-0x7ffe17fc]
[    0.025634] ACPI: Reserving FACS table memory at [mem 0x7ffe0000-0x7ffe003f]
[    0.026112] ACPI: Reserving APIC table memory at [mem 0x7ffe1871-0x7ffe18f0]
[    0.026580] ACPI: Reserving HPET table memory at [mem 0x7ffe18f1-0x7ffe1928]
[    0.027048] ACPI: Reserving WAET table memory at [mem 0x7ffe1929-0x7ffe1950]
[    0.028108] No NUMA configuration found
[    0.028367] Faking a node at [mem 0x0000000000000000-0x000000007ffdffff]
[    0.028871] NODE_DATA(0) allocated [mem 0x7ffb5000-0x7ffdffff]
[    0.032160] Zone ranges:
[    0.032352]   DMA      [mem 0x0000000000001000-0x0000000000ffffff]
[    0.032770]   DMA32    [mem 0x0000000001000000-0x000000007ffdffff]
[    0.033193]   Normal   empty
[    0.033393]   Device   empty
[    0.033594] Movable zone start for each node
[    0.033887] Early memory node ranges
[    0.034131]   node   0: [mem 0x0000000000001000-0x000000000009efff]
[    0.034564]   node   0: [mem 0x0000000000100000-0x000000007ffdffff]
[    0.034993] Initmem setup node 0 [mem 0x0000000000001000-0x000000007ffdffff]
[    0.035823] On node 0, zone DMA: 1 pages in unavailable ranges
[    0.035938] On node 0, zone DMA: 97 pages in unavailable ranges
[    0.062961] On node 0, zone DMA32: 32 pages in unavailable ranges
[    0.063629] ACPI: PM-Timer IO Port: 0x608
[    0.064334] ACPI: LAPIC_NMI (acpi_id[0xff] dfl dfl lint[0x1])
[    0.064794] IOAPIC[0]: apic_id 0, version 17, address 0xfec00000, GSI 0-23
[    0.065274] ACPI: INT_SRC_OVR (bus 0 bus_irq 0 global_irq 2 dfl dfl)
[    0.065700] ACPI: INT_SRC_OVR (bus 0 bus_irq 5 global_irq 5 high level)
[    0.066144] ACPI: INT_SRC_OVR (bus 0 bus_irq 9 global_irq 9 high level)
[    0.066587] ACPI: INT_SRC_OVR (bus 0 bus_irq 10 global_irq 10 high level)
[    0.067041] ACPI: INT_SRC_OVR (bus 0 bus_irq 11 global_irq 11 high level)
[    0.067509] ACPI: Using ACPI (MADT) for SMP configuration information
[    0.067942] ACPI: HPET id: 0x8086a201 base: 0xfed00000
[    0.068306] TSC deadline timer available
[    0.068570] smpboot: Allowing 2 CPUs, 0 hotplug CPUs
[    0.068957] kvm-guest: KVM setup pv remote TLB flush
[    0.069290] kvm-guest: setup PV sched yield
[    0.069639] PM: hibernation: Registered nosave memory: [mem 0x00000000-0x00000fff]
[    0.070149] PM: hibernation: Registered nosave memory: [mem 0x0009f000-0x0009ffff]
[    0.070650] PM: hibernation: Registered nosave memory: [mem 0x000a0000-0x000effff]
[    0.071151] PM: hibernation: Registered nosave memory: [mem 0x000f0000-0x000fffff]
[    0.071661] [mem 0x80000000-0xfeffbfff] available for PCI devices
[    0.072067] Booting paravirtualized kernel on KVM
[    0.072394] clocksource: refined-jiffies: mask: 0xffffffff max_cycles: 0xffffffff, max_idle_ns: 7645519600211568 ns
[    0.073111] setup_percpu: NR_CPUS:8192 nr_cpumask_bits:2 nr_cpu_ids:2 nr_node_ids:1
[    0.075020] percpu: Embedded 64 pages/cpu s225280 r8192 d28672 u1048576
[    0.075693] kvm-guest: PV spinlocks enabled
[    0.075990] PV qspinlock hash table entries: 256 (order: 0, 4096 bytes, linear)
[    0.076518] Fallback order for Node 0: 0 
[    0.076818] Built 1 zonelists, mobility grouping on.  Total pages: 515808
[    0.077289] Policy zone: DMA32
[    0.077504] Kernel command line: net.ifnames=0 console=ttyS0 root=/dev/sda earlyprintk=serial net.ifnames=0
[    0.079649] Dentry cache hash table entries: 262144 (order: 9, 2097152 bytes, linear)
[    0.080297] Inode-cache hash table entries: 131072 (order: 8, 1048576 bytes, linear)
[    0.080952] mem auto-init: stack:off, heap alloc:off, heap free:off
[    0.084592] Memory: 1985384K/2096632K available (32784K kernel code, 4691K rwdata, 7816K rodata, 3672K init, 22124K bss, 110992K reserved, 0K cma-reserved)
[    0.086450] SLUB: HWalign=64, Order=0-3, MinObjects=0, CPUs=2, Nodes=1
[    0.086879] kmemleak: Kernel memory leak detector disabled
[    0.087275] ftrace: allocating 67270 entries in 263 pages
[    0.103774] ftrace: allocated 263 pages with 4 groups
[    0.106749] Dynamic Preempt: voluntary
[    0.107196] Running RCU self tests
[    0.107483] rcu: Preemptible hierarchical RCU implementation.
[    0.107938] rcu: 	RCU lockdep checking is enabled.
[    0.108316] rcu: 	RCU restricting CPUs from NR_CPUS=8192 to nr_cpu_ids=2.
[    0.108858] 	Trampoline variant of Tasks RCU enabled.
[    0.109258] 	Rude variant of Tasks RCU enabled.
[    0.109617] 	Tracing variant of Tasks RCU enabled.
[    0.109996] rcu: RCU calculated value of scheduler-enlistment delay is 25 jiffies.
[    0.110592] rcu: Adjusting geometry for rcu_fanout_leaf=16, nr_cpu_ids=2
[    0.135045] NR_IRQS: 524544, nr_irqs: 440, preallocated irqs: 16
[    0.135821] rcu: srcu_init: Setting srcu_struct sizes based on contention.
[    0.142399] Console: colour VGA+ 80x25
[    0.142745] printk: console [ttyS0] enabled
[    0.142745] printk: console [ttyS0] enabled
[    0.143412] printk: bootconsole [earlyser0] disabled
[    0.143412] printk: bootconsole [earlyser0] disabled
[    0.144196] Lock dependency validator: Copyright (c) 2006 Red Hat, Inc., Ingo Molnar
[    0.144816] ... MAX_LOCKDEP_SUBCLASSES:  8
[    0.145147] ... MAX_LOCK_DEPTH:          48
[    0.145485] ... MAX_LOCKDEP_KEYS:        8192
[    0.145839] ... CLASSHASH_SIZE:          4096
[    0.146216] ... MAX_LOCKDEP_ENTRIES:     32768
[    0.146574] ... MAX_LOCKDEP_CHAINS:      65536
[    0.146936] ... CHAINHASH_SIZE:          32768
[    0.147296]  memory used by lock dependency info: 6365 kB
[    0.147734]  memory used for stack traces: 4224 kB
[    0.148119]  per task-struct memory footprint: 1920 bytes
[    0.148594] ACPI: Core revision 20220331
[    0.149122] clocksource: hpet: mask: 0xffffffff max_cycles: 0xffffffff, max_idle_ns: 19112604467 ns
[    0.149982] APIC: Switch to symmetric I/O mode setup
[    0.150515] x2apic enabled
[    0.150882] Switched APIC routing to physical x2apic.
[    0.151290] kvm-guest: setup PV IPIs
[    0.152309] ..TIMER: vector=0x30 apic1=0 pin1=2 apic2=-1 pin2=-1
[    0.152823] clocksource: tsc-early: mask: 0xffffffffffffffff max_cycles: 0x3407c077a8d, max_idle_ns: 440795342283 ns
[    0.153679] Calibrating delay loop (skipped) preset value.. 7219.20 BogoMIPS (lpj=14438400)
[    0.157682] pid_max: default: 32768 minimum: 301
[    0.158193] LSM: Security Framework initializing
[    0.158571] Yama: becoming mindful.
[    0.159033] Mount-cache hash table entries: 4096 (order: 3, 32768 bytes, linear)
[    0.159625] Mountpoint-cache hash table entries: 4096 (order: 3, 32768 bytes, linear)
[    0.162492] x86/cpu: User Mode Instruction Prevention (UMIP) activated
[    0.163298] Last level iTLB entries: 4KB 0, 2MB 0, 4MB 0
[    0.163746] Last level dTLB entries: 4KB 0, 2MB 0, 4MB 0, 1GB 0
[    0.164238] Spectre V1 : Mitigation: usercopy/swapgs barriers and __user pointer sanitization
[    0.164911] Spectre V2 : WARNING: Unprivileged eBPF is enabled with eIBRS on, data leaks possible via Spectre v2 BHB attacks!
[    0.165679] Spectre V2 : Mitigation: Enhanced IBRS
[    0.166044] Spectre V2 : Spectre v2 / SpectreRSB mitigation: Filling RSB on context switch
[    0.166661] Spectre V2 : Spectre v2 / PBRSB-eIBRS: Retire a single CALL on VMEXIT
[    0.167226] Spectre V2 : mitigation: Enabling conditional Indirect Branch Prediction Barrier
[    0.167859] Speculative Store Bypass: Mitigation: Speculative Store Bypass disabled via prctl
[    0.260303] Freeing SMP alternatives memory: 56K
[    0.261017] smpboot: CPU0: 12th Gen Intel(R) Core(TM) i7-12700K (family: 0x6, model: 0x97, stepping: 0x2)
[    0.261663] cblist_init_generic: Setting adjustable number of callback queues.
[    0.261663] cblist_init_generic: Setting shift to 1 and lim to 1.
[    0.261663] cblist_init_generic: Setting shift to 1 and lim to 1.
[    0.261663] cblist_init_generic: Setting shift to 1 and lim to 1.
[    0.261663] Running RCU-tasks wait API self tests
[    0.361783] Performance Events: Alderlake Hybrid events, full-width counters, Intel PMU driver.
[    0.362906] core: cpu_core PMU driver: 
[    0.363213] ... version:                2
[    0.363527] ... bit width:              48
[    0.363845] ... generic registers:      6
[    0.364156] ... value mask:             0000ffffffffffff
[    0.364569] ... max period:             00007fffffffffff
[    0.364977] ... fixed-purpose events:   3
[    0.365287] ... event mask:             0001000f0000003f
[    0.365825] rcu: Hierarchical SRCU implementation.
[    0.366199] rcu: 	Max phase no-delay instances is 1000.
[    0.368780] unchecked MSR access error: WRMSR to 0x38f (tried to write 0x0001000f0000003f) at rIP: 0xffffffff810ce49c (native_write_msr+0xc/0x30)
[    0.369663] Call Trace:
[    0.369663]  <TASK>
[    0.369663]  __intel_pmu_enable_all.constprop.46+0xb5/0x140
[    0.369663]  intel_pmu_enable_all+0x1e/0x30
[    0.369663]  x86_pmu_enable+0x46d/0x5a0
[    0.369663]  ? write_comp_data+0x2f/0x90
[    0.369663]  perf_pmu_enable+0x53/0x70
[    0.369663]  ctx_resched+0xab/0xf0
[    0.369663]  __perf_install_in_context+0x31b/0x480
[    0.369663]  ? perf_duration_warn+0x50/0x50
[    0.369663]  ? perf_duration_warn+0x50/0x50
[    0.369663]  remote_function+0x80/0xa0
[    0.369663]  ? perf_duration_warn+0x50/0x50
[    0.369663]  generic_exec_single+0x124/0x190
[    0.369663]  smp_call_function_single+0x11c/0x240
[    0.369663]  ? perf_duration_warn+0x50/0x50
[    0.369663]  ? __sanitizer_cov_trace_pc+0x25/0x60
[    0.369663]  ? write_comp_data+0x2f/0x90
[    0.369663]  perf_install_in_context+0x2e8/0x310
[    0.369663]  ? ctx_resched+0xf0/0xf0
[    0.369663]  perf_event_create_kernel_counter+0x16a/0x200
[    0.369663]  ? find_next_bit+0x30/0x30
[    0.369663]  hardlockup_detector_event_create+0x46/0xd0
[    0.369663]  hardlockup_detector_perf_init+0x18/0x66
[    0.369663]  watchdog_nmi_probe+0x17/0x1d
[    0.369663]  lockup_detector_init+0x40/0xaf
[    0.369663]  kernel_init_freeable+0x264/0x42e
[    0.369663]  ? rest_init+0x240/0x240
[    0.369663]  kernel_init+0x24/0x1e0
[    0.369663]  ? rest_init+0x240/0x240
[    0.369663]  ret_from_fork+0x1f/0x30
[    0.369663]  </TASK>
[    0.369855] smp: Bringing up secondary CPUs ...
[    0.370977] x86: Booting SMP configuration:
[    0.371327] .... node  #0, CPUs:      #1
[    0.371731] smp: Brought up 1 node, 2 CPUs
[    0.371731] smpboot: Max logical packages: 1
[    0.371731] smpboot: Total of 2 processors activated (14438.40 BogoMIPS)
[    0.375902] devtmpfs: initialized
[    0.375902] x86/mm: Memory block size: 128MB
[    0.378787] clocksource: jiffies: mask: 0xffffffff max_cycles: 0xffffffff, max_idle_ns: 7645041785100000 ns
[    0.378787] futex hash table entries: 512 (order: 4, 65536 bytes, linear)
[    0.379497] pinctrl core: initialized pinctrl subsystem
[    0.380346] 
[    0.380470] *************************************************************
[    0.381683] **     NOTICE NOTICE NOTICE NOTICE NOTICE NOTICE NOTICE    **
[    0.382180] **                                                         **
[    0.382675] **  IOMMU DebugFS SUPPORT HAS BEEN ENABLED IN THIS KERNEL  **
[    0.383172] **                                                         **
[    0.383172] Callback from call_rcu_tasks_trace() invoked.
[    0.383669] ** This means that this kernel is built to expose internal **
[    0.383673] ** IOMMU data structures, which may compromise security on **
[    0.385292] ** your system.                                            **
[    0.385667] **                                                         **
[    0.386164] ** If you see this message and you are not debugging the   **
[    0.386662] ** kernel, report this immediately to your vendor!         **
[    0.387160] **                                                         **
[    0.387657] **     NOTICE NOTICE NOTICE NOTICE NOTICE NOTICE NOTICE    **
[    0.388153] *************************************************************
[    0.388694] PM: RTC time: 19:20:50, date: 2023-03-13
[    0.392231] NET: Registered PF_NETLINK/PF_ROUTE protocol family
[    0.393377] DMA: preallocated 256 KiB GFP_KERNEL pool for atomic allocations
[    0.393681] DMA: preallocated 256 KiB GFP_KERNEL|GFP_DMA pool for atomic allocations
[    0.394293] DMA: preallocated 256 KiB GFP_KERNEL|GFP_DMA32 pool for atomic allocations
[    0.394950] audit: initializing netlink subsys (disabled)
[    0.395462] audit: type=2000 audit(1678735251.452:1): state=initialized audit_enabled=0 res=1
[    0.395462] thermal_sys: Registered thermal governor 'fair_share'
[    0.395462] thermal_sys: Registered thermal governor 'bang_bang'
[    0.395462] thermal_sys: Registered thermal governor 'step_wise'
[    0.395628] thermal_sys: Registered thermal governor 'user_space'
[    0.397711] cpuidle: using governor ladder
[    0.398509] cpuidle: using governor menu
[    0.399092] acpiphp: ACPI Hot Plug PCI Controller Driver version: 0.5
[    0.399890] PCI: Using configuration type 1 for base access
[    0.413196] kprobes: kprobe jump-optimization is enabled. All kprobes are optimized if possible.
[    0.596358] HugeTLB: registered 1.00 GiB page size, pre-allocated 0 pages
[    0.596933] HugeTLB: 16380 KiB vmemmap can be freed for a 1.00 GiB page
[    0.597452] HugeTLB: registered 2.00 MiB page size, pre-allocated 0 pages
[    0.597707] HugeTLB: 28 KiB vmemmap can be freed for a 2.00 MiB page
[    0.599724] ACPI: Added _OSI(Module Device)
[    0.600076] ACPI: Added _OSI(Processor Device)
[    0.600429] ACPI: Added _OSI(3.0 _SCP Extensions)
[    0.600820] ACPI: Added _OSI(Processor Aggregator Device)
[    0.607361] ACPI: 1 ACPI AML tables successfully acquired and loaded
[    0.610663] ACPI: Interpreter enabled
[    0.611050] ACPI: PM: (supports S0 S3 S4 S5)
[    0.611391] ACPI: Using IOAPIC for interrupt routing
[    0.611835] PCI: Using host bridge windows from ACPI; if necessary, use "pci=nocrs" and report a bug
[    0.612551] PCI: Using E820 reservations for host bridge windows
[    0.613531] ACPI: Enabled 2 GPEs in block 00 to 0F
[    0.628225] ACPI: PCI Root Bridge [PCI0] (domain 0000 [bus 00-ff])
[    0.628768] acpi PNP0A03:00: _OSC: OS supports [ASPM ClockPM Segments MSI EDR HPX-Type3]
[    0.629360] acpi PNP0A03:00: _OSC: not requesting OS control; OS requires [ExtendedConfig ASPM ClockPM MSI]
[    0.629729] acpi PNP0A03:00: fail to add MMCONFIG information, can't access extended PCI configuration space under this bridge.
[    0.632839] acpiphp: Slot [3] registered
[    0.633210] acpiphp: Slot [4] registered
[    0.633527] acpiphp: Slot [5] registered
[    0.633730] acpiphp: Slot [6] registered
[    0.634058] acpiphp: Slot [7] registered
[    0.634396] acpiphp: Slot [8] registered
[    0.634716] acpiphp: Slot [9] registered
[    0.635064] acpiphp: Slot [10] registered
[    0.635382] acpiphp: Slot [11] registered
[    0.635700] acpiphp: Slot [12] registered
[    0.636025] acpiphp: Slot [13] registered
[    0.636344] acpiphp: Slot [14] registered
[    0.636663] acpiphp: Slot [15] registered
[    0.636987] acpiphp: Slot [16] registered
[    0.637306] acpiphp: Slot [17] registered
[    0.637655] acpiphp: Slot [18] registered
[    0.637728] acpiphp: Slot [19] registered
[    0.638058] acpiphp: Slot [20] registered
[    0.638431] acpiphp: Slot [21] registered
[    0.638765] acpiphp: Slot [22] registered
[    0.639094] acpiphp: Slot [23] registered
[    0.639455] acpiphp: Slot [24] registered
[    0.639837] acpiphp: Slot [25] registered
[    0.640229] acpiphp: Slot [26] registered
[    0.640630] acpiphp: Slot [27] registered
[    0.641025] acpiphp: Slot [28] registered
[    0.641431] acpiphp: Slot [29] registered
[    0.641725] acpiphp: Slot [30] registered
[    0.642099] acpiphp: Slot [31] registered
[    0.642437] PCI host bridge to bus 0000:00
[    0.642770] pci_bus 0000:00: root bus resource [io  0x0000-0x0cf7 window]
[    0.643304] pci_bus 0000:00: root bus resource [io  0x0d00-0xffff window]
[    0.643839] pci_bus 0000:00: root bus resource [mem 0x000a0000-0x000bffff window]
[    0.644410] pci_bus 0000:00: root bus resource [mem 0x80000000-0xfebfffff window]
[    0.644996] pci_bus 0000:00: root bus resource [mem 0x100000000-0x17fffffff window]
[    0.645599] pci_bus 0000:00: root bus resource [bus 00-ff]
[    0.645769] pci 0000:00:00.0: [8086:1237] type 00 class 0x060000
[    0.648896] pci 0000:00:01.0: [8086:7000] type 00 class 0x060100
[    0.650008] pci 0000:00:01.1: [8086:7010] type 00 class 0x010180
[    0.651658] pci 0000:00:01.1: reg 0x20: [io  0xc040-0xc04f]
[    0.652642] pci 0000:00:01.1: legacy IDE quirk: reg 0x10: [io  0x01f0-0x01f7]
[    0.653225] pci 0000:00:01.1: legacy IDE quirk: reg 0x14: [io  0x03f6]
[    0.653670] pci 0000:00:01.1: legacy IDE quirk: reg 0x18: [io  0x0170-0x0177]
[    0.654239] pci 0000:00:01.1: legacy IDE quirk: reg 0x1c: [io  0x0376]
[    0.654953] pci 0000:00:01.3: [8086:7113] type 00 class 0x068000
[    0.655694] pci 0000:00:01.3: quirk: [io  0x0600-0x063f] claimed by PIIX4 ACPI
[    0.656289] pci 0000:00:01.3: quirk: [io  0x0700-0x070f] claimed by PIIX4 SMB
[    0.657111] pci 0000:00:02.0: [1234:1111] type 00 class 0x030000
[    0.658837] pci 0000:00:02.0: reg 0x10: [mem 0xfd000000-0xfdffffff pref]
[    0.661253] pci 0000:00:02.0: reg 0x18: [mem 0xfebf0000-0xfebf0fff]
[    0.665727] pci 0000:00:02.0: reg 0x30: [mem 0xfebe0000-0xfebeffff pref]
[    0.666716] pci 0000:00:02.0: Video device with shadowed ROM at [mem 0x000c0000-0x000dffff]
[    0.671548] pci 0000:00:03.0: [8086:100e] type 00 class 0x020000
[    0.672933] pci 0000:00:03.0: reg 0x10: [mem 0xfebc0000-0xfebdffff]
[    0.674231] pci 0000:00:03.0: reg 0x14: [io  0xc000-0xc03f]
[    0.677944] pci 0000:00:03.0: reg 0x30: [mem 0xfeb80000-0xfebbffff pref]
[    0.694327] ACPI: PCI: Interrupt link LNKA configured for IRQ 10
[    0.695561] ACPI: PCI: Interrupt link LNKB configured for IRQ 10
[    0.696749] ACPI: PCI: Interrupt link LNKC configured for IRQ 11
[    0.698003] ACPI: PCI: Interrupt link LNKD configured for IRQ 11
[    0.698947] ACPI: PCI: Interrupt link LNKS configured for IRQ 9
[    0.701196] iommu: Default domain type: Translated 
[    0.701675] iommu: DMA domain TLB invalidation policy: lazy mode 
[    0.703742] SCSI subsystem initialized
[    0.704582] ACPI: bus type USB registered
[    0.705155] usbcore: registered new interface driver usbfs
[    0.705735] usbcore: registered new interface driver hub
[    0.706405] usbcore: registered new device driver usb
[    0.707145] pps_core: LinuxPPS API ver. 1 registered
[    0.707724] pps_core: Software ver. 5.3.6 - Copyright 2005-2007 Rodolfo Giometti <giometti@linux.it>
[    0.708780] PTP clock support registered
[    0.709454] EDAC MC: Ver: 3.0.0
[    0.712024] NetLabel: Initializing
[    0.712456] NetLabel:  domain hash size = 128
[    0.712968] NetLabel:  protocols = UNLABELED CIPSOv4 CALIPSO
[    0.713709] NetLabel:  unlabeled traffic allowed by default
[    0.714774] PCI: Using ACPI for IRQ routing
[    0.715604] pci 0000:00:02.0: vgaarb: setting as boot VGA device
[    0.716331] pci 0000:00:02.0: vgaarb: bridge control possible
[    0.717011] pci 0000:00:02.0: vgaarb: VGA device added: decodes=io+mem,owns=io+mem,locks=none
[    0.717676] vgaarb: loaded
[    0.718461] hpet0: at MMIO 0xfed00000, IRQs 2, 8, 0
[    0.719062] hpet0: 3 comparators, 64-bit 100.000000 MHz counter
[    2.820488] clocksource: Switched to clocksource kvm-clock
[    2.825915] Callback from call_rcu_tasks_rude() invoked.
[    2.929833] Callback from call_rcu_tasks() invoked.
[    2.961445] VFS: Disk quotas dquot_6.6.0
[    2.962002] VFS: Dquot-cache hash table entries: 512 (order 0, 4096 bytes)
[    2.963123] pnp: PnP ACPI init
[    2.965484] pnp: PnP ACPI: found 6 devices
[    2.978049] clocksource: acpi_pm: mask: 0xffffff max_cycles: 0xffffff, max_idle_ns: 2085701024 ns
[    2.978939] NET: Registered PF_INET protocol family
[    2.979342] IP idents hash table entries: 32768 (order: 6, 262144 bytes, linear)
[    2.980573] tcp_listen_portaddr_hash hash table entries: 1024 (order: 4, 73728 bytes, linear)
[    2.981135] Table-perturb hash table entries: 65536 (order: 6, 262144 bytes, linear)
[    2.981658] TCP established hash table entries: 16384 (order: 5, 131072 bytes, linear)
[    2.982307] TCP bind hash table entries: 16384 (order: 9, 2359296 bytes, linear)
[    2.984448] TCP: Hash tables configured (established 16384 bind 16384)
[    2.984957] UDP hash table entries: 1024 (order: 5, 163840 bytes, linear)
[    2.985466] UDP-Lite hash table entries: 1024 (order: 5, 163840 bytes, linear)
[    2.986121] NET: Registered PF_UNIX/PF_LOCAL protocol family
[    2.987049] RPC: Registered named UNIX socket transport module.
[    2.987432] RPC: Registered udp transport module.
[    2.987724] RPC: Registered tcp transport module.
[    2.988024] RPC: Registered tcp NFSv4.1 backchannel transport module.
[    2.988426] pci_bus 0000:00: resource 4 [io  0x0000-0x0cf7 window]
[    2.988815] pci_bus 0000:00: resource 5 [io  0x0d00-0xffff window]
[    2.989196] pci_bus 0000:00: resource 6 [mem 0x000a0000-0x000bffff window]
[    2.989614] pci_bus 0000:00: resource 7 [mem 0x80000000-0xfebfffff window]
[    2.990060] pci_bus 0000:00: resource 8 [mem 0x100000000-0x17fffffff window]
[    2.990687] pci 0000:00:01.0: PIIX3: Enabling Passive Release
[    2.991057] pci 0000:00:00.0: Limiting direct PCI/PCI transfers
[    2.991512] PCI: CLS 0 bytes, default 64
[    2.991837] ACPI: bus type thunderbolt registered
[    2.992400] clocksource: tsc: mask: 0xffffffffffffffff max_cycles: 0x3407c077a8d, max_idle_ns: 440795342283 ns
[    3.003338] Initialise system trusted keyrings
[    3.003714] Key type blacklist registered
[    3.004202] workingset: timestamp_bits=36 max_order=19 bucket_order=0
[    3.013598] zbud: loaded
[    3.015844] squashfs: version 4.0 (2009/01/31) Phillip Lougher
[    3.017598] NFS: Registering the id_resolver key type
[    3.018002] Key type id_resolver registered
[    3.018279] Key type id_legacy registered
[    3.018628] nfs4filelayout_init: NFSv4 File Layout Driver Registering...
[    3.019082] nfs4flexfilelayout_init: NFSv4 Flexfile Layout Driver Registering...
[    3.019688] fuse: init (API version 7.37)
[    3.020239] SGI XFS with ACLs, security attributes, realtime, quota, no debug enabled
[    3.022346] 9p: Installing v9fs 9p2000 file system support
[    3.038025] Key type asymmetric registered
[    3.038358] Asymmetric key parser 'x509' registered
[    3.040035] alg: self-tests for CTR-KDF (hmac(sha256)) passed
[    3.040822] Block layer SCSI generic (bsg) driver version 0.4 loaded (major 243)
[    3.041893] io scheduler mq-deadline registered
[    3.042587] io scheduler bfq registered
[    3.044407] shpchp: Standard Hot Plug PCI Controller Driver version: 0.4
[    3.045710] IPMI message handler: version 39.2
[    3.046279] ipmi device interface
[    3.048480] input: Power Button as /devices/LNXSYSTM:00/LNXPWRBN:00/input/input0
[    3.049330] ACPI: button: Power Button [PWRF]
[    3.050419] ERST DBG: ERST support is disabled.
[    3.051227] Serial: 8250/16550 driver, 32 ports, IRQ sharing enabled
[    3.052016] 00:04: ttyS0 at I/O 0x3f8 (irq = 4, base_baud = 115200) is a 16550A
[    3.060194] Linux agpgart interface v0.103
[    3.060918] ACPI: bus type drm_connector registered
[    3.072256] brd: module loaded
[    3.078946] loop: module loaded
[    3.082560] scsi host0: ata_piix
[    3.083269] scsi host1: ata_piix
[    3.083619] ata1: PATA max MWDMA2 cmd 0x1f0 ctl 0x3f6 bmdma 0xc040 irq 14
[    3.084050] ata2: PATA max MWDMA2 cmd 0x170 ctl 0x376 bmdma 0xc048 irq 15
[    3.085602] tun: Universal TUN/TAP device driver, 1.6
[    3.086121] e100: Intel(R) PRO/100 Network Driver
[    3.086415] e100: Copyright(c) 1999-2006 Intel Corporation
[    3.086785] e1000: Intel(R) PRO/1000 Network Driver
[    3.087097] e1000: Copyright (c) 1999-2006 Intel Corporation.
[    3.241861] ata1: found unknown device (class 0)
[    3.243083] ata1.00: ATA-7: QEMU HARDDISK, 2.5+, max UDMA/100
[    3.243740] ata1.00: 16777216 sectors, multi 16: LBA48 
[    3.244693] ata2: found unknown device (class 0)
[    3.246089] ata2.00: ATAPI: QEMU DVD-ROM, 2.5+, max UDMA/100
[    3.246151] scsi 0:0:0:0: Direct-Access     ATA      QEMU HARDDISK    2.5+ PQ: 0 ANSI: 5
[    3.247961] ACPI: \_SB_.LNKC: Enabled at IRQ 11
[    3.248271] scsi 0:0:0:0: Attached scsi generic sg0 type 0
[    3.249687] sd 0:0:0:0: [sda] 16777216 512-byte logical blocks: (8.59 GB/8.00 GiB)
[    3.250701] scsi 1:0:0:0: CD-ROM            QEMU     QEMU DVD-ROM     2.5+ PQ: 0 ANSI: 5
[    3.250722] sd 0:0:0:0: [sda] Write Protect is off
[    3.252110] sd 0:0:0:0: [sda] Write cache: enabled, read cache: enabled, doesn't support DPO or FUA
[    3.253441] sd 0:0:0:0: [sda] Preferred minimum I/O size 512 bytes
[    3.270895] sd 0:0:0:0: [sda] Attached SCSI disk
[    3.286429] scsi 1:0:0:0: Attached scsi generic sg1 type 5
[    3.574268] e1000 0000:00:03.0 eth0: (PCI:33MHz:32-bit) 52:54:00:12:34:56
[    3.575104] e1000 0000:00:03.0 eth0: Intel(R) PRO/1000 Network Connection
[    3.576003] e1000e: Intel(R) PRO/1000 Network Driver
[    3.576572] e1000e: Copyright(c) 1999 - 2015 Intel Corporation.
[    3.577322] igb: Intel(R) Gigabit Ethernet Network Driver
[    3.577949] igb: Copyright (c) 2007-2014 Intel Corporation.
[    3.578719] PPP generic driver version 2.4.2
[    3.579828] VFIO - User Level meta-driver version: 0.3
[    3.580985] usbcore: registered new interface driver uas
[    3.581662] usbcore: registered new interface driver usb-storage
[    3.582561] i8042: PNP: PS/2 Controller [PNP0303:KBD,PNP0f13:MOU] at 0x60,0x64 irq 1,12
[    3.584344] serio: i8042 KBD port at 0x60,0x64 irq 1
[    3.584967] serio: i8042 AUX port at 0x60,0x64 irq 12
[    3.586526] mousedev: PS/2 mouse device common for all mice
[    3.587758] input: AT Translated Set 2 keyboard as /devices/platform/i8042/serio0/input/input1
[    3.588575] rtc_cmos 00:05: RTC can wake from S4
[    3.589557] input: VirtualPS/2 VMware VMMouse as /devices/platform/i8042/serio1/input/input4
[    3.590753] input: VirtualPS/2 VMware VMMouse as /devices/platform/i8042/serio1/input/input3
[    3.591509] rtc_cmos 00:05: registered as rtc0
[    3.592134] rtc_cmos 00:05: setting system clock to 2023-03-13T19:20:54 UTC (1678735254)
[    3.593244] rtc_cmos 00:05: alarms up to one day, y3k, 242 bytes nvram, hpet irqs
[    3.594206] i2c_dev: i2c /dev entries driver
[    3.594778] device-mapper: core: CONFIG_IMA_DISABLE_HTABLE is disabled. Duplicate IMA measurements will not be recorded in the IMA log.
[    3.596254] device-mapper: uevent: version 1.0.3
[    3.597101] device-mapper: ioctl: 4.47.0-ioctl (2022-07-28) initialised: dm-devel@redhat.com
[    3.598079] intel_pstate: CPU model not supported
[    3.598720] sdhci: Secure Digital Host Controller Interface driver
[    3.599420] sdhci: Copyright(c) Pierre Ossman
[    3.600027] sdhci-pltfm: SDHCI platform and OF driver helper
[    3.600793] ledtrig-cpu: registered to indicate activity on CPUs
[    3.601998] drop_monitor: Initializing network drop monitor service
[    3.603273] NET: Registered PF_INET6 protocol family
[    3.605910] Segment Routing with IPv6
[    3.606434] In-situ OAM (IOAM) with IPv6
[    3.606952] NET: Registered PF_PACKET protocol family
[    3.607812] 9pnet: Installing 9P2000 support
[    3.608386] Key type dns_resolver registered
[    3.610007] IPI shorthand broadcast: enabled
[    3.610579] sched_clock: Marking stable (3596358039, 13313399)->(3633541664, -23870226)
[    3.612293] registered taskstats version 1
[    3.612910] Loading compiled-in X.509 certificates
[    3.613869] zswap: loaded using pool lzo/zbud
[    3.615506] Key type .fscrypt registered
[    3.615968] Key type fscrypt-provisioning registered
[    3.617743] Key type encrypted registered
[    3.618253] ima: No TPM chip found, activating TPM-bypass!
[    3.618899] ima: Allocated hash algorithm: sha1
[    3.619454] ima: No architecture policies found
[    3.620092] evm: Initialising EVM extended attributes:
[    3.620678] evm: security.selinux
[    3.621073] evm: security.SMACK64
[    3.621453] evm: security.SMACK64EXEC
[    3.621934] evm: security.SMACK64TRANSMUTE
[    3.622404] evm: security.SMACK64MMAP
[    3.622824] evm: security.apparmor
[    3.623219] evm: security.ima
[    3.623563] evm: security.capability
[    3.623974] evm: HMAC attrs: 0x1
[    3.629911] PM:   Magic number: 15:245:344
[    3.630247] tty tty61: hash matches
[    3.630869] RAS: Correctable Errors collector initialized.
[    3.632864] md: Waiting for all devices to be available before autodetect
[    3.633386] md: If you don't use raid, use raid=noautodetect
[    3.633855] md: Autodetecting RAID arrays.
[    3.634197] md: autorun ...
[    3.634423] md: ... autorun DONE.
[    3.641931] EXT4-fs (sda): INFO: recovery required on readonly filesystem
[    3.642264] EXT4-fs (sda): write access will be enabled during recovery
[    3.684935] EXT4-fs (sda): recovery complete
[    3.691041] EXT4-fs (sda): mounted filesystem with ordered data mode. Quota mode: none.
[    3.691440] VFS: Mounted root (ext4 filesystem) readonly on device 8:0.
[    3.692286] devtmpfs: mounted
[    3.698340] Freeing unused decrypted memory: 2036K
[    3.700162] Freeing unused kernel image (initmem) memory: 3672K
[    3.700455] Write protecting the kernel read-only data: 43008k
[    3.702717] Freeing unused kernel image (text/rodata gap) memory: 2028K
[    3.703278] Freeing unused kernel image (rodata/data gap) memory: 376K
[    3.780769] x86/mm: Checked W+X mappings: passed, no W+X pages found.
[    3.781111] Run /sbin/init as init process
[    3.850196] systemd[1]: RTC configured in localtime, applying delta of 0 minutes to system time.
[    3.873517] systemd[1]: systemd 239 (239-49.el8) running in system mode. (+PAM +AUDIT +SELINUX +IMA -APPARMOR +SMACK +SYSVINIT +UTMP +LIBCRYPTSETUP +GCRYPT +GNUTLS +ACL +XZ +LZ4 +SECCOMP +BLKID +ELFUTILS +KMOD +IDN2 -IDN +PCRE2 default-hierarchy=legacy)
[    3.874643] systemd[1]: Detected virtualization kvm.
[    3.874874] systemd[1]: Detected architecture x86-64.

Welcome to [0;31mCentOS Stream 8[0m!

[    3.935408] systemd[1]: Set hostname to <test>.
[    4.989740] random: crng init done
[    5.099522] systemd[1]: Started Forward Password Requests to Wall Directory Watch.
[[0;32m  OK  [0m] Started Forward Password Requests to Wall Directory Watch.
[    5.100951] systemd[1]: Set up automount Arbitrary Executable File Formats File System Automount Point.
[[0;32m  OK  [0m] Set up automount Arbitrary Executabâ€¦rmats File System Automount Point.
[    5.102067] systemd[1]: Listening on udev Kernel Socket.
[[0;32m  OK  [0m] Listening on udev Kernel Socket.
[    5.104136] systemd[1]: Created slice User and Session Slice.
[[0;32m  OK  [0m] Created slice User and Session Slice.
[    5.106020] systemd[1]: Created slice system-serial\x2dgetty.slice.
[[0;32m  OK  [0m] Created slice system-serial\x2dgetty.slice.
[    5.112542] systemd[1]: Listening on Process Core Dump Socket.
[[0;32m  OK  [0m] Listening on Process Core Dump Socket.
[[0;32m  OK  [0m] Listening on Device-mapper event daemon FIFOs.
[[0;32m  OK  [0m] Listening on LVM2 poll daemon socket.
[[0;32m  OK  [0m] Reached target Swap.
[[0;32m  OK  [0m] Created slice system-sshd\x2dkeygen.slice.
[[0;32m  OK  [0m] Listening on initctl Compatibility Named Pipe.
[[0;32m  OK  [0m] Listening on multipathd control socket.
[[0;32m  OK  [0m] Listening on RPCbind Server Activation Socket.
[[0;32m  OK  [0m] Reached target RPC Port Mapper.
[[0;32m  OK  [0m] Reached target Slices.
[[0;32m  OK  [0m] Listening on Journal Socket.
         Starting Remount Root and Kernel File Systems...
         Starting Monitoring of LVM2 mirrorsâ€¦ng dmeventd or progress polling...
         Starting Load Kernel Modules...
         Mounting Kernel Debug File System...
         Mounting Huge Pages File System...
         Starting Setup Virtual Console...
         Mounting POSIX Message Queue File System...
[[0;32m  OK  [0m] Created slice system-getty.slice.
[[0;32m  OK  [0m] Listening on Journal Socket (/dev/log).
         Starting Journal Service...
[[0;32m  OK  [0m] Listening on udev Control Socket.
         Starting udev Coldplug all Devices...
[[0;32m  OK  [0m] Started Monitoring of LVM2 mirrors,â€¦sing dmeventd or progress polling.
[[0;1;31mFAILED[0m] Failed to start Load Kernel Modules.
See 'systemctl status systemd-modules-load.service' for details.
[[0;32m  OK  [0m] Mounted Kernel Debug File System.
[[0;32m  OK  [0m] Mounted Huge Pages File System.
[[0;32m  OK  [0m] Mounted POSIX Message Queue File System.
         Starting Apply Kernel Variables...
[    5.385894] EXT4-fs (sda): re-mounted. Quota mode: none.
         Mounting FUSE Control File System...
         Mounting Kernel Configuration File System...
[[0;32m  OK  [0m] Started Journal Service.
[[0;32m  OK  [0m] Started Remount Root and Kernel File Systems.
[[0;32m  OK  [0m] Started Apply Kernel Variables.
[[0;32m  OK  [0m] Started Setup Virtual Console.
[[0;32m  OK  [0m] Mounted FUSE Control File System.
[[0;32m  OK  [0m] Mounted Kernel Configuration File System.
         Starting Create Static Device Nodes in /dev...
         Starting Load/Save Random Seed...
         Starting Flush Journal to Persistent Storage...
[[0;32m  OK  [0m] Started Load/Save Random Seed.
[[0;32m  OK  [0m] Started Flush Journal to Persistent Storage.
[[0;32m  OK  [0m] Started Create Static Device Nodes in /dev.
         Starting udev Kernel Device Manager...
[[0;32m  OK  [0m] Started udev Kernel Device Manager.
[[0;32m  OK  [0m] Started udev Coldplug all Devices.
         Starting udev Wait for Complete Device Initialization...
         Starting Show Plymouth Boot Screen...
[[0;32m  OK  [0m] Started Show Plymouth Boot Screen.
[[0;32m  OK  [0m] Started Forward Password Requests to Plymouth Directory Watch.
[[0;32m  OK  [0m] Reached target Paths.
[[0;32m  OK  [0m] Reached target Local Encrypted Volumes.
[[0;32m  OK  [0m] Found device /dev/ttyS0.
[[0;32m  OK  [0m] Started udev Wait for Complete Device Initialization.
[[0;32m  OK  [0m] Listening on Load/Save RF Kill Switch Status /dev/rfkill Watch.
[[0;32m  OK  [0m] Reached target Local File Systems (Pre).
[[0;32m  OK  [0m] Reached target Local File Systems.
         Starting Restore /run/initramfs on shutdown...
         Starting Create Volatile Files and Directories...
         Starting Tell Plymouth To Write Out Runtime Data...
[[0;32m  OK  [0m] Started Restore /run/initramfs on shutdown.
[[0;32m  OK  [0m] Started Tell Plymouth To Write Out Runtime Data.
[[0;32m  OK  [0m] Started Create Volatile Files and Directories.
         Starting Security Auditing Service...
         Starting RPC Bind...
         Mounting RPC Pipe File System...
[[0;32m  OK  [0m] Mounted RPC Pipe File System.
[[0;32m  OK  [0m] Reached target rpc_pipefs.target.
[[0;32m  OK  [0m] Started RPC Bind.
[[0;32m  OK  [0m] Started Security Auditing Service.
         Starting Update UTMP about System Boot/Shutdown...
[[0;32m  OK  [0m] Started Update UTMP about System Boot/Shutdown.
[[0;32m  OK  [0m] Reached target System Initialization.
[[0;32m  OK  [0m] Started daily update of the root trust anchor for DNSSEC.
[[0;32m  OK  [0m] Started dnf makecache --timer.
[[0;32m  OK  [0m] Listening on SSSD Kerberos Cache Manager responder socket.
[[0;32m  OK  [0m] Started Daily Cleanup of Temporary Directories.
[[0;32m  OK  [0m] Reached target Timers.
[[0;32m  OK  [0m] Listening on D-Bus System Message Bus Socket.
[[0;32m  OK  [0m] Reached target Sockets.
[[0;32m  OK  [0m] Reached target Basic System.
         Starting Self Monitoring and Reporting Technology (SMART) Daemon...
         Starting Login Service...
[[0;32m  OK  [0m] Started D-Bus System Message Bus.
[[0;32m  OK  [0m] Started irqbalance daemon.
         Starting Network Manager...
[[0;32m  OK  [0m] Reached target sshd-keygen.target.
         Starting NTP client/server...
[[0;32m  OK  [0m] Started Machine Check Exception Logging Daemon.
         Starting Auto-connect to subsystemsâ€¦-NVME devices found during boot...
         Starting Authorization Manager...
[[0;32m  OK  [0m] Started Self Monitoring and Reporting Technology (SMART) Daemon.
         Starting update of the root trust aâ€¦or DNSSEC validation in unbound...
[[0;32m  OK  [0m] Started Auto-connect to subsystems â€¦FC-NVME devices found during boot.
[[0;32m  OK  [0m] Started Login Service.
[[0;32m  OK  [0m] Started update of the root trust anâ€¦ for DNSSEC validation in unbound.
[[0;32m  OK  [0m] Started NTP client/server.
[[0;32m  OK  [0m] Started Network Manager.
[[0;32m  OK  [0m] Reached target Network.
         Starting GSSAPI Proxy Daemon...
         Starting Dynamic System Tuning Daemon...
         Starting OpenSSH server daemon...
         Starting Network Manager Wait Online...
         Starting Hostname Service...
[[0;32m  OK  [0m] Started OpenSSH server daemon.
[[0;32m  OK  [0m] Started GSSAPI Proxy Daemon.
[[0;32m  OK  [0m] Reached target NFS client services.
[[0;32m  OK  [0m] Reached target Remote File Systems (Pre).
[[0;32m  OK  [0m] Reached target Remote File Systems.
         Starting Permit User Sessions...
[[0;32m  OK  [0m] Started Authorization Manager.
[[0;32m  OK  [0m] Started Permit User Sessions.
         Starting Terminate Plymouth Boot Screen...
[[0;32m  OK  [0m] Started Command Scheduler.
         Starting Hold until boot process finishes up...
[[0;32m  OK  [0m] Started Terminate Plymouth Boot Screen.
[[0;32m  OK  [0m] Started Hold until boot process finishes up.
[    7.238046] e1000: eth0 NIC Link is Up 1000 Mbps Full Duplex, Flow Control: RX
[    7.239461] IPv6: ADDRCONF(NETDEV_CHANGE): eth0: link becomes ready
[    7.506403] Spectre V2 : WARNING: Unprivileged eBPF is enabled with eIBRS on, data leaks possible via Spectre v2 BHB attacks!
[    7.506942] Spectre V2 : WARNING: Unprivileged eBPF is enabled with eIBRS on, data leaks possible via Spectre v2 BHB attacks!

CentOS Stream 8
Kernel 6.1.0-rc3-725349f8ba1e+ on an x86_64

test login: 