c[?7l[2J[0mSeaBIOS (version rel-1.16.0-0-gd239552ce722-prebuilt.qemu.org)


iPXE (http://ipxe.org) 00:03.0 CA00 PCI2.10 PnP PMM+7FF91000+7FEF1000 CA00
Press Ctrl-B to configure iPXE (PCI 00:03.0)...                                                                               


Booting from ROM..c[?7l[2J[    0.000000] Linux version 6.1.0-rc8-d7b061b80ee6+ (root@p-adls01) (gcc (GCC) 8.5.0 20210514 (Red Hat 8.5.0-18), GNU ld version 2.36.1-2.el8) #1 SMP PREEMPT_DYNAMIC Mon Mar 13 23:00:33 CST 2023
[    0.000000] Command line: console=ttyS0 root=/dev/sda earlyprintk=serial net.ifnames=0
[    0.000000] KERNEL supported cpus:
[    0.000000]   Intel GenuineIntel
[    0.000000]   AMD AuthenticAMD
[    0.000000]   Hygon HygonGenuine
[    0.000000]   Centaur CentaurHauls
[    0.000000]   zhaoxin   Shanghai  
[    0.000000] x86/fpu: Supporting XSAVE feature 0x001: 'x87 floating point registers'
[    0.000000] x86/fpu: Supporting XSAVE feature 0x002: 'SSE registers'
[    0.000000] x86/fpu: Supporting XSAVE feature 0x004: 'AVX registers'
[    0.000000] x86/fpu: Supporting XSAVE feature 0x200: 'Protection Keys User registers'
[    0.000000] x86/fpu: xstate_offset[2]:  576, xstate_sizes[2]:  256
[    0.000000] x86/fpu: xstate_offset[9]:  832, xstate_sizes[9]:    8
[    0.000000] x86/fpu: Enabled xstate features 0x207, context size is 840 bytes, using 'compacted' format.
[    0.000000] signal: max sigframe size: 3632
[    0.000000] BIOS-provided physical RAM map:
[    0.000000] BIOS-e820: [mem 0x0000000000000000-0x000000000009fbff] usable
[    0.000000] BIOS-e820: [mem 0x000000000009fc00-0x000000000009ffff] reserved
[    0.000000] BIOS-e820: [mem 0x00000000000f0000-0x00000000000fffff] reserved
[    0.000000] BIOS-e820: [mem 0x0000000000100000-0x000000007ffdffff] usable
[    0.000000] BIOS-e820: [mem 0x000000007ffe0000-0x000000007fffffff] reserved
[    0.000000] BIOS-e820: [mem 0x00000000feffc000-0x00000000feffffff] reserved
[    0.000000] BIOS-e820: [mem 0x00000000fffc0000-0x00000000ffffffff] reserved
[    0.000000] printk: bootconsole [earlyser0] enabled
[    0.000000] NX (Execute Disable) protection: active
[    0.000000] SMBIOS 2.8 present.
[    0.000000] DMI: QEMU Standard PC (i440FX + PIIX, 1996), BIOS rel-1.16.0-0-gd239552ce722-prebuilt.qemu.org 04/01/2014
[    0.000000] Hypervisor detected: KVM
[    0.000000] kvm-clock: Using msrs 4b564d01 and 4b564d00
[    0.000003] kvm-clock: using sched offset of 389087403 cycles
[    0.000344] clocksource: kvm-clock: mask: 0xffffffffffffffff max_cycles: 0x1cd42e4dffb, max_idle_ns: 881590591483 ns
[    0.001428] tsc: Detected 3609.600 MHz processor
[    0.008330] last_pfn = 0x7ffe0 max_arch_pfn = 0x400000000
[    0.008752] x86/PAT: Configuration [0-7]: WB  WC  UC- UC  WB  WP  UC- WT  
[    0.016812] found SMP MP-table at [mem 0x000f5ba0-0x000f5baf]
[    0.017303] Using GB pages for direct mapping
[    0.018798] ACPI: Early table checksum verification disabled
[    0.019203] ACPI: RSDP 0x00000000000F59C0 000014 (v00 BOCHS )
[    0.019609] ACPI: RSDT 0x000000007FFE1951 000034 (v01 BOCHS  BXPC     00000001 BXPC 00000001)
[    0.020200] ACPI: FACP 0x000000007FFE17FD 000074 (v01 BOCHS  BXPC     00000001 BXPC 00000001)
[    0.020786] ACPI: DSDT 0x000000007FFE0040 0017BD (v01 BOCHS  BXPC     00000001 BXPC 00000001)
[    0.021366] ACPI: FACS 0x000000007FFE0000 000040
[    0.021686] ACPI: APIC 0x000000007FFE1871 000080 (v01 BOCHS  BXPC     00000001 BXPC 00000001)
[    0.022266] ACPI: HPET 0x000000007FFE18F1 000038 (v01 BOCHS  BXPC     00000001 BXPC 00000001)
[    0.022855] ACPI: WAET 0x000000007FFE1929 000028 (v01 BOCHS  BXPC     00000001 BXPC 00000001)
[    0.023451] ACPI: Reserving FACP table memory at [mem 0x7ffe17fd-0x7ffe1870]
[    0.023931] ACPI: Reserving DSDT table memory at [mem 0x7ffe0040-0x7ffe17fc]
[    0.024400] ACPI: Reserving FACS table memory at [mem 0x7ffe0000-0x7ffe003f]
[    0.024869] ACPI: Reserving APIC table memory at [mem 0x7ffe1871-0x7ffe18f0]
[    0.025337] ACPI: Reserving HPET table memory at [mem 0x7ffe18f1-0x7ffe1928]
[    0.025798] ACPI: Reserving WAET table memory at [mem 0x7ffe1929-0x7ffe1950]
[    0.026869] No NUMA configuration found
[    0.027128] Faking a node at [mem 0x0000000000000000-0x000000007ffdffff]
[    0.027646] NODE_DATA(0) allocated [mem 0x7ffb5000-0x7ffdffff]
[    0.030917] Zone ranges:
[    0.031130]   DMA      [mem 0x0000000000001000-0x0000000000ffffff]
[    0.031552]   DMA32    [mem 0x0000000001000000-0x000000007ffdffff]
[    0.031967]   Normal   empty
[    0.032162]   Device   empty
[    0.032360] Movable zone start for each node
[    0.032654] Early memory node ranges
[    0.032891]   node   0: [mem 0x0000000000001000-0x000000000009efff]
[    0.033309]   node   0: [mem 0x0000000000100000-0x000000007ffdffff]
[    0.033740] Initmem setup node 0 [mem 0x0000000000001000-0x000000007ffdffff]
[    0.034548] On node 0, zone DMA: 1 pages in unavailable ranges
[    0.034660] On node 0, zone DMA: 97 pages in unavailable ranges
[    0.053532] On node 0, zone DMA32: 32 pages in unavailable ranges
[    0.054165] ACPI: PM-Timer IO Port: 0x608
[    0.054873] ACPI: LAPIC_NMI (acpi_id[0xff] dfl dfl lint[0x1])
[    0.055313] IOAPIC[0]: apic_id 0, version 17, address 0xfec00000, GSI 0-23
[    0.055796] ACPI: INT_SRC_OVR (bus 0 bus_irq 0 global_irq 2 dfl dfl)
[    0.056216] ACPI: INT_SRC_OVR (bus 0 bus_irq 5 global_irq 5 high level)
[    0.056663] ACPI: INT_SRC_OVR (bus 0 bus_irq 9 global_irq 9 high level)
[    0.057098] ACPI: INT_SRC_OVR (bus 0 bus_irq 10 global_irq 10 high level)
[    0.057542] ACPI: INT_SRC_OVR (bus 0 bus_irq 11 global_irq 11 high level)
[    0.057999] ACPI: Using ACPI (MADT) for SMP configuration information
[    0.058416] ACPI: HPET id: 0x8086a201 base: 0xfed00000
[    0.058775] TSC deadline timer available
[    0.059039] smpboot: Allowing 2 CPUs, 0 hotplug CPUs
[    0.059428] kvm-guest: KVM setup pv remote TLB flush
[    0.059765] kvm-guest: setup PV sched yield
[    0.060104] PM: hibernation: Registered nosave memory: [mem 0x00000000-0x00000fff]
[    0.060611] PM: hibernation: Registered nosave memory: [mem 0x0009f000-0x0009ffff]
[    0.061115] PM: hibernation: Registered nosave memory: [mem 0x000a0000-0x000effff]
[    0.061619] PM: hibernation: Registered nosave memory: [mem 0x000f0000-0x000fffff]
[    0.062123] [mem 0x80000000-0xfeffbfff] available for PCI devices
[    0.062530] Booting paravirtualized kernel on KVM
[    0.062859] clocksource: refined-jiffies: mask: 0xffffffff max_cycles: 0xffffffff, max_idle_ns: 7645519600211568 ns
[    0.063575] setup_percpu: NR_CPUS:8192 nr_cpumask_bits:2 nr_cpu_ids:2 nr_node_ids:1
[    0.065433] percpu: Embedded 64 pages/cpu s225280 r8192 d28672 u1048576
[    0.066108] kvm-guest: PV spinlocks enabled
[    0.066414] PV qspinlock hash table entries: 256 (order: 0, 4096 bytes, linear)
[    0.066944] Fallback order for Node 0: 0 
[    0.067233] Built 1 zonelists, mobility grouping on.  Total pages: 515808
[    0.067704] Policy zone: DMA32
[    0.067913] Kernel command line: net.ifnames=0 console=ttyS0 root=/dev/sda earlyprintk=serial net.ifnames=0
[    0.070192] Dentry cache hash table entries: 262144 (order: 9, 2097152 bytes, linear)
[    0.070823] Inode-cache hash table entries: 131072 (order: 8, 1048576 bytes, linear)
[    0.071441] mem auto-init: stack:off, heap alloc:off, heap free:off
[    0.076076] Memory: 1985384K/2096632K available (32784K kernel code, 4694K rwdata, 7832K rodata, 3672K init, 22120K bss, 110992K reserved, 0K cma-reserved)
[    0.078052] SLUB: HWalign=64, Order=0-3, MinObjects=0, CPUs=2, Nodes=1
[    0.078483] kmemleak: Kernel memory leak detector disabled
[    0.078871] ftrace: allocating 67363 entries in 264 pages
[    0.100478] ftrace: allocated 264 pages with 2 groups
[    0.103619] Dynamic Preempt: voluntary
[    0.104065] Running RCU self tests
[    0.104310] rcu: Preemptible hierarchical RCU implementation.
[    0.104688] rcu: 	RCU lockdep checking is enabled.
[    0.105004] rcu: 	RCU restricting CPUs from NR_CPUS=8192 to nr_cpu_ids=2.
[    0.105449] 	Trampoline variant of Tasks RCU enabled.
[    0.105781] 	Rude variant of Tasks RCU enabled.
[    0.106071] 	Tracing variant of Tasks RCU enabled.
[    0.106378] rcu: RCU calculated value of scheduler-enlistment delay is 25 jiffies.
[    0.106862] rcu: Adjusting geometry for rcu_fanout_leaf=16, nr_cpu_ids=2
[    0.131451] NR_IRQS: 524544, nr_irqs: 440, preallocated irqs: 16
[    0.132159] rcu: srcu_init: Setting srcu_struct sizes based on contention.
[    0.138767] Console: colour VGA+ 80x25
[    0.139071] printk: console [ttyS0] enabled
[    0.139071] printk: console [ttyS0] enabled
[    0.139641] printk: bootconsole [earlyser0] disabled
[    0.139641] printk: bootconsole [earlyser0] disabled
[    0.140297] Lock dependency validator: Copyright (c) 2006 Red Hat, Inc., Ingo Molnar
[    0.140805] ... MAX_LOCKDEP_SUBCLASSES:  8
[    0.141075] ... MAX_LOCK_DEPTH:          48
[    0.141349] ... MAX_LOCKDEP_KEYS:        8192
[    0.141646] ... CLASSHASH_SIZE:          4096
[    0.141933] ... MAX_LOCKDEP_ENTRIES:     32768
[    0.142225] ... MAX_LOCKDEP_CHAINS:      65536
[    0.142516] ... CHAINHASH_SIZE:          32768
[    0.142809]  memory used by lock dependency info: 6365 kB
[    0.143159]  memory used for stack traces: 4224 kB
[    0.143474]  per task-struct memory footprint: 1920 bytes
[    0.143877] ACPI: Core revision 20220331
[    0.144352] clocksource: hpet: mask: 0xffffffff max_cycles: 0xffffffff, max_idle_ns: 19112604467 ns
[    0.145080] APIC: Switch to symmetric I/O mode setup
[    0.145577] x2apic enabled
[    0.145957] Switched APIC routing to physical x2apic.
[    0.146388] kvm-guest: setup PV IPIs
[    0.147440] ..TIMER: vector=0x30 apic1=0 pin1=2 apic2=-1 pin2=-1
[    0.147959] clocksource: tsc-early: mask: 0xffffffffffffffff max_cycles: 0x3407c077a8d, max_idle_ns: 440795342283 ns
[    0.148822] Calibrating delay loop (skipped) preset value.. 7219.20 BogoMIPS (lpj=14438400)
[    0.152826] pid_max: default: 32768 minimum: 301
[    0.153352] LSM: Security Framework initializing
[    0.153745] Yama: becoming mindful.
[    0.154236] Mount-cache hash table entries: 4096 (order: 3, 32768 bytes, linear)
[    0.154859] Mountpoint-cache hash table entries: 4096 (order: 3, 32768 bytes, linear)
[    0.158565] x86/cpu: User Mode Instruction Prevention (UMIP) activated
[    0.159419] Last level iTLB entries: 4KB 0, 2MB 0, 4MB 0
[    0.159882] Last level dTLB entries: 4KB 0, 2MB 0, 4MB 0, 1GB 0
[    0.160392] Spectre V1 : Mitigation: usercopy/swapgs barriers and __user pointer sanitization
[    0.160820] Spectre V2 : WARNING: Unprivileged eBPF is enabled with eIBRS on, data leaks possible via Spectre v2 BHB attacks!
[    0.161713] Spectre V2 : Mitigation: Enhanced IBRS
[    0.162089] Spectre V2 : Spectre v2 / SpectreRSB mitigation: Filling RSB on context switch
[    0.162724] Spectre V2 : Spectre v2 / PBRSB-eIBRS: Retire a single CALL on VMEXIT
[    0.163315] Spectre V2 : mitigation: Enabling conditional Indirect Branch Prediction Barrier
[    0.163967] Speculative Store Bypass: Mitigation: Speculative Store Bypass disabled via prctl
[    0.257744] Freeing SMP alternatives memory: 56K
[    0.258545] smpboot: CPU0: 12th Gen Intel(R) Core(TM) i7-12700K (family: 0x6, model: 0x97, stepping: 0x2)
[    0.259751] cblist_init_generic: Setting adjustable number of callback queues.
[    0.260336] cblist_init_generic: Setting shift to 1 and lim to 1.
[    0.260806] cblist_init_generic: Setting shift to 1 and lim to 1.
[    0.260806] cblist_init_generic: Setting shift to 1 and lim to 1.
[    0.260806] Running RCU-tasks wait API self tests
[    0.360966] Performance Events: Alderlake Hybrid events, full-width counters, Intel PMU driver.
[    0.362725] core: cpu_core PMU driver: 
[    0.363176] ... version:                2
[    0.363633] ... bit width:              48
[    0.364098] ... generic registers:      6
[    0.364552] ... value mask:             0000ffffffffffff
[    0.364816] ... max period:             00007fffffffffff
[    0.365413] ... fixed-purpose events:   3
[    0.365867] ... event mask:             0001000f0000003f
[    0.366736] rcu: Hierarchical SRCU implementation.
[    0.367284] rcu: 	Max phase no-delay instances is 1000.
[    0.371099] unchecked MSR access error: WRMSR to 0x38f (tried to write 0x0001000f0000003f) at rIP: 0xffffffff810ce49c (native_write_msr+0xc/0x30)
[    0.372638] Call Trace:
[    0.372806]  <TASK>
[    0.372806]  __intel_pmu_enable_all.constprop.46+0xb5/0x140
[    0.372806]  intel_pmu_enable_all+0x1e/0x30
[    0.372806]  x86_pmu_enable+0x46d/0x5a0
[    0.372806]  ? write_comp_data+0x2f/0x90
[    0.372806]  perf_pmu_enable+0x53/0x70
[    0.372806]  ctx_resched+0xab/0xf0
[    0.372806]  __perf_install_in_context+0x31b/0x480
[    0.372806]  ? perf_duration_warn+0x50/0x50
[    0.372806]  ? perf_duration_warn+0x50/0x50
[    0.372806]  remote_function+0x80/0xa0
[    0.372806]  ? perf_duration_warn+0x50/0x50
[    0.372806]  generic_exec_single+0x124/0x190
[    0.372806]  smp_call_function_single+0x11c/0x240
[    0.372806]  ? perf_duration_warn+0x50/0x50
[    0.372806]  ? __sanitizer_cov_trace_pc+0x25/0x60
[    0.372806]  ? write_comp_data+0x2f/0x90
[    0.372806]  perf_install_in_context+0x2e8/0x310
[    0.372806]  ? ctx_resched+0xf0/0xf0
[    0.372806]  perf_event_create_kernel_counter+0x16a/0x200
[    0.372806]  ? find_next_bit+0x30/0x30
[    0.372806]  hardlockup_detector_event_create+0x46/0xd0
[    0.372806]  hardlockup_detector_perf_init+0x18/0x66
[    0.372806]  watchdog_nmi_probe+0x17/0x1d
[    0.372806]  lockup_detector_init+0x40/0xaf
[    0.372806]  kernel_init_freeable+0x264/0x42e
[    0.372806]  ? __wait_for_common+0x19d/0x1f0
[    0.372806]  ? rest_init+0x240/0x240
[    0.372806]  kernel_init+0x24/0x1e0
[    0.372806]  ? rest_init+0x240/0x240
[    0.372806]  ret_from_fork+0x1f/0x30
[    0.372806]  </TASK>
[    0.372863] Callback from call_rcu_tasks_trace() invoked.
[    0.373805] smp: Bringing up secondary CPUs ...
[    0.375718] x86: Booting SMP configuration:
[    0.376241] .... node  #0, CPUs:      #1
[    0.376882] smp: Brought up 1 node, 2 CPUs
[    0.377839] smpboot: Max logical packages: 1
[    0.378338] smpboot: Total of 2 processors activated (14438.40 BogoMIPS)
[    0.383546] devtmpfs: initialized
[    0.383546] x86/mm: Memory block size: 128MB
[    0.387421] clocksource: jiffies: mask: 0xffffffff max_cycles: 0xffffffff, max_idle_ns: 7645041785100000 ns
[    0.388830] futex hash table entries: 512 (order: 4, 65536 bytes, linear)
[    0.389991] pinctrl core: initialized pinctrl subsystem
[    0.391353] 
[    0.391552] *************************************************************
[    0.392341] **     NOTICE NOTICE NOTICE NOTICE NOTICE NOTICE NOTICE    **
[    0.392821] **                                                         **
[    0.393614] **  IOMMU DebugFS SUPPORT HAS BEEN ENABLED IN THIS KERNEL  **
[    0.394397] **                                                         **
[    0.395177] ** This means that this kernel is built to expose internal **
[    0.395964] ** IOMMU data structures, which may compromise security on **
[    0.396746] ** your system.                                            **
[    0.396814] **                                                         **
[    0.397589] ** If you see this message and you are not debugging the   **
[    0.398354] ** kernel, report this immediately to your vendor!         **
[    0.399133] **                                                         **
[    0.399902] **     NOTICE NOTICE NOTICE NOTICE NOTICE NOTICE NOTICE    **
[    0.400687] *************************************************************
[    0.400906] PM: RTC time: 19:11:13, date: 2023-03-13
[    0.406112] NET: Registered PF_NETLINK/PF_ROUTE protocol family
[    0.407649] DMA: preallocated 256 KiB GFP_KERNEL pool for atomic allocations
[    0.408509] DMA: preallocated 256 KiB GFP_KERNEL|GFP_DMA pool for atomic allocations
[    0.408846] DMA: preallocated 256 KiB GFP_KERNEL|GFP_DMA32 pool for atomic allocations
[    0.409887] audit: initializing netlink subsys (disabled)
[    0.410755] audit: type=2000 audit(1678734674.306:1): state=initialized audit_enabled=0 res=1
[    0.410755] thermal_sys: Registered thermal governor 'fair_share'
[    0.410755] thermal_sys: Registered thermal governor 'bang_bang'
[    0.410755] thermal_sys: Registered thermal governor 'step_wise'
[    0.412821] thermal_sys: Registered thermal governor 'user_space'
[    0.413611] cpuidle: using governor ladder
[    0.414827] cpuidle: using governor menu
[    0.415660] acpiphp: ACPI Hot Plug PCI Controller Driver version: 0.5
[    0.416881] PCI: Using configuration type 1 for base access
[    0.434984] kprobes: kprobe jump-optimization is enabled. All kprobes are optimized if possible.
[    0.630876] HugeTLB: registered 1.00 GiB page size, pre-allocated 0 pages
[    0.631347] HugeTLB: 16380 KiB vmemmap can be freed for a 1.00 GiB page
[    0.631770] HugeTLB: registered 2.00 MiB page size, pre-allocated 0 pages
[    0.632205] HugeTLB: 28 KiB vmemmap can be freed for a 2.00 MiB page
[    0.634196] ACPI: Added _OSI(Module Device)
[    0.634491] ACPI: Added _OSI(Processor Device)
[    0.634786] ACPI: Added _OSI(3.0 _SCP Extensions)
[    0.635095] ACPI: Added _OSI(Processor Aggregator Device)
[    0.640254] ACPI: 1 ACPI AML tables successfully acquired and loaded
[    0.645180] ACPI: Interpreter enabled
[    0.645534] ACPI: PM: (supports S0 S3 S4 S5)
[    0.645813] ACPI: Using IOAPIC for interrupt routing
[    0.646177] PCI: Using host bridge windows from ACPI; if necessary, use "pci=nocrs" and report a bug
[    0.646765] PCI: Using E820 reservations for host bridge windows
[    0.647778] ACPI: Enabled 2 GPEs in block 00 to 0F
[    0.662210] ACPI: PCI Root Bridge [PCI0] (domain 0000 [bus 00-ff])
[    0.662696] acpi PNP0A03:00: _OSC: OS supports [ASPM ClockPM Segments MSI EDR HPX-Type3]
[    0.663328] acpi PNP0A03:00: _OSC: not requesting OS control; OS requires [ExtendedConfig ASPM ClockPM MSI]
[    0.664147] acpi PNP0A03:00: fail to add MMCONFIG information, can't access extended PCI configuration space under this bridge.
[    0.666899] acpiphp: Slot [3] registered
[    0.667224] acpiphp: Slot [4] registered
[    0.667533] acpiphp: Slot [5] registered
[    0.667851] acpiphp: Slot [6] registered
[    0.668162] acpiphp: Slot [7] registered
[    0.668489] acpiphp: Slot [8] registered
[    0.668830] acpiphp: Slot [9] registered
[    0.669162] acpiphp: Slot [10] registered
[    0.669497] acpiphp: Slot [11] registered
[    0.669841] acpiphp: Slot [12] registered
[    0.670170] acpiphp: Slot [13] registered
[    0.670489] acpiphp: Slot [14] registered
[    0.670818] acpiphp: Slot [15] registered
[    0.671154] acpiphp: Slot [16] registered
[    0.671491] acpiphp: Slot [17] registered
[    0.671821] acpiphp: Slot [18] registered
[    0.672145] acpiphp: Slot [19] registered
[    0.672482] acpiphp: Slot [20] registered
[    0.672811] acpiphp: Slot [21] registered
[    0.673142] acpiphp: Slot [22] registered
[    0.673480] acpiphp: Slot [23] registered
[    0.673817] acpiphp: Slot [24] registered
[    0.674172] acpiphp: Slot [25] registered
[    0.674504] acpiphp: Slot [26] registered
[    0.674829] acpiphp: Slot [27] registered
[    0.675162] acpiphp: Slot [28] registered
[    0.675483] acpiphp: Slot [29] registered
[    0.675809] acpiphp: Slot [30] registered
[    0.676133] acpiphp: Slot [31] registered
[    0.676428] PCI host bridge to bus 0000:00
[    0.676701] pci_bus 0000:00: root bus resource [io  0x0000-0x0cf7 window]
[    0.676813] pci_bus 0000:00: root bus resource [io  0x0d00-0xffff window]
[    0.677258] pci_bus 0000:00: root bus resource [mem 0x000a0000-0x000bffff window]
[    0.677745] pci_bus 0000:00: root bus resource [mem 0x80000000-0xfebfffff window]
[    0.678238] pci_bus 0000:00: root bus resource [mem 0x100000000-0x17fffffff window]
[    0.678740] pci_bus 0000:00: root bus resource [bus 00-ff]
[    0.679219] pci 0000:00:00.0: [8086:1237] type 00 class 0x060000
[    0.682250] pci 0000:00:01.0: [8086:7000] type 00 class 0x060100
[    0.683336] pci 0000:00:01.1: [8086:7010] type 00 class 0x010180
[    0.684943] pci 0000:00:01.1: reg 0x20: [io  0xc040-0xc04f]
[    0.685828] pci 0000:00:01.1: legacy IDE quirk: reg 0x10: [io  0x01f0-0x01f7]
[    0.686288] pci 0000:00:01.1: legacy IDE quirk: reg 0x14: [io  0x03f6]
[    0.686714] pci 0000:00:01.1: legacy IDE quirk: reg 0x18: [io  0x0170-0x0177]
[    0.687168] pci 0000:00:01.1: legacy IDE quirk: reg 0x1c: [io  0x0376]
[    0.687856] pci 0000:00:01.3: [8086:7113] type 00 class 0x068000
[    0.688508] pci 0000:00:01.3: quirk: [io  0x0600-0x063f] claimed by PIIX4 ACPI
[    0.688818] pci 0000:00:01.3: quirk: [io  0x0700-0x070f] claimed by PIIX4 SMB
[    0.689622] pci 0000:00:02.0: [1234:1111] type 00 class 0x030000
[    0.692411] pci 0000:00:02.0: reg 0x10: [mem 0xfd000000-0xfdffffff pref]
[    0.694952] pci 0000:00:02.0: reg 0x18: [mem 0xfebf0000-0xfebf0fff]
[    0.699089] pci 0000:00:02.0: reg 0x30: [mem 0xfebe0000-0xfebeffff pref]
[    0.700195] pci 0000:00:02.0: Video device with shadowed ROM at [mem 0x000c0000-0x000dffff]
[    0.705280] pci 0000:00:03.0: [8086:100e] type 00 class 0x020000
[    0.706661] pci 0000:00:03.0: reg 0x10: [mem 0xfebc0000-0xfebdffff]
[    0.707884] pci 0000:00:03.0: reg 0x14: [io  0xc000-0xc03f]
[    0.711436] pci 0000:00:03.0: reg 0x30: [mem 0xfeb80000-0xfebbffff pref]
[    0.725382] ACPI: PCI: Interrupt link LNKA configured for IRQ 10
[    0.726218] ACPI: PCI: Interrupt link LNKB configured for IRQ 10
[    0.727005] ACPI: PCI: Interrupt link LNKC configured for IRQ 11
[    0.727781] ACPI: PCI: Interrupt link LNKD configured for IRQ 11
[    0.728424] ACPI: PCI: Interrupt link LNKS configured for IRQ 9
[    0.729996] iommu: Default domain type: Translated 
[    0.730416] iommu: DMA domain TLB invalidation policy: lazy mode 
[    0.732098] SCSI subsystem initialized
[    0.732694] ACPI: bus type USB registered
[    0.732887] usbcore: registered new interface driver usbfs
[    0.733366] usbcore: registered new interface driver hub
[    0.733843] usbcore: registered new device driver usb
[    0.734359] pps_core: LinuxPPS API ver. 1 registered
[    0.734755] pps_core: Software ver. 5.3.6 - Copyright 2005-2007 Rodolfo Giometti <giometti@linux.it>
[    0.735470] PTP clock support registered
[    0.736003] EDAC MC: Ver: 3.0.0
[    0.737861] NetLabel: Initializing
[    0.738150] NetLabel:  domain hash size = 128
[    0.738490] NetLabel:  protocols = UNLABELED CIPSOv4 CALIPSO
[    0.738991] NetLabel:  unlabeled traffic allowed by default
[    0.739752] PCI: Using ACPI for IRQ routing
[    0.740291] pci 0000:00:02.0: vgaarb: setting as boot VGA device
[    0.740772] pci 0000:00:02.0: vgaarb: bridge control possible
[    0.740806] pci 0000:00:02.0: vgaarb: VGA device added: decodes=io+mem,owns=io+mem,locks=none
[    0.740816] vgaarb: loaded
[    0.741492] hpet0: at MMIO 0xfed00000, IRQs 2, 8, 0
[    0.741894] hpet0: 3 comparators, 64-bit 100.000000 MHz counter
[    2.877626] clocksource: Switched to clocksource kvm-clock
[    2.921570] Callback from call_rcu_tasks_rude() invoked.
[    2.990462] Callback from call_rcu_tasks() invoked.
[    3.057791] VFS: Disk quotas dquot_6.6.0
[    3.058348] VFS: Dquot-cache hash table entries: 512 (order 0, 4096 bytes)
[    3.059570] pnp: PnP ACPI init
[    3.061417] pnp: PnP ACPI: found 6 devices
[    3.074547] clocksource: acpi_pm: mask: 0xffffff max_cycles: 0xffffff, max_idle_ns: 2085701024 ns
[    3.075519] NET: Registered PF_INET protocol family
[    3.076070] IP idents hash table entries: 32768 (order: 6, 262144 bytes, linear)
[    3.077573] tcp_listen_portaddr_hash hash table entries: 1024 (order: 4, 73728 bytes, linear)
[    3.078181] Table-perturb hash table entries: 65536 (order: 6, 262144 bytes, linear)
[    3.078753] TCP established hash table entries: 16384 (order: 5, 131072 bytes, linear)
[    3.079488] TCP bind hash table entries: 16384 (order: 9, 2359296 bytes, linear)
[    3.081770] TCP: Hash tables configured (established 16384 bind 16384)
[    3.082381] UDP hash table entries: 1024 (order: 5, 163840 bytes, linear)
[    3.082973] UDP-Lite hash table entries: 1024 (order: 5, 163840 bytes, linear)
[    3.083735] NET: Registered PF_UNIX/PF_LOCAL protocol family
[    3.084738] RPC: Registered named UNIX socket transport module.
[    3.085171] RPC: Registered udp transport module.
[    3.085480] RPC: Registered tcp transport module.
[    3.085787] RPC: Registered tcp NFSv4.1 backchannel transport module.
[    3.086235] pci_bus 0000:00: resource 4 [io  0x0000-0x0cf7 window]
[    3.086655] pci_bus 0000:00: resource 5 [io  0x0d00-0xffff window]
[    3.087061] pci_bus 0000:00: resource 6 [mem 0x000a0000-0x000bffff window]
[    3.087524] pci_bus 0000:00: resource 7 [mem 0x80000000-0xfebfffff window]
[    3.087977] pci_bus 0000:00: resource 8 [mem 0x100000000-0x17fffffff window]
[    3.088668] pci 0000:00:01.0: PIIX3: Enabling Passive Release
[    3.089073] pci 0000:00:00.0: Limiting direct PCI/PCI transfers
[    3.089559] PCI: CLS 0 bytes, default 64
[    3.089889] ACPI: bus type thunderbolt registered
[    3.090506] clocksource: tsc: mask: 0xffffffffffffffff max_cycles: 0x3407c077a8d, max_idle_ns: 440795342283 ns
[    3.095353] Initialise system trusted keyrings
[    3.096035] Key type blacklist registered
[    3.096770] workingset: timestamp_bits=36 max_order=19 bucket_order=0
[    3.110362] zbud: loaded
[    3.113499] squashfs: version 4.0 (2009/01/31) Phillip Lougher
[    3.116292] NFS: Registering the id_resolver key type
[    3.116947] Key type id_resolver registered
[    3.117433] Key type id_legacy registered
[    3.118034] nfs4filelayout_init: NFSv4 File Layout Driver Registering...
[    3.118826] nfs4flexfilelayout_init: NFSv4 Flexfile Layout Driver Registering...
[    3.119848] fuse: init (API version 7.37)
[    3.120731] SGI XFS with ACLs, security attributes, realtime, quota, no debug enabled
[    3.124357] 9p: Installing v9fs 9p2000 file system support
[    3.132972] Key type asymmetric registered
[    3.133498] Asymmetric key parser 'x509' registered
[    3.135720] alg: self-tests for CTR-KDF (hmac(sha256)) passed
[    3.136488] Block layer SCSI generic (bsg) driver version 0.4 loaded (major 243)
[    3.137530] io scheduler mq-deadline registered
[    3.138234] io scheduler bfq registered
[    3.139999] shpchp: Standard Hot Plug PCI Controller Driver version: 0.4
[    3.141393] IPMI message handler: version 39.2
[    3.141984] ipmi device interface
[    3.144286] input: Power Button as /devices/LNXSYSTM:00/LNXPWRBN:00/input/input0
[    3.145437] ACPI: button: Power Button [PWRF]
[    3.147117] ERST DBG: ERST support is disabled.
[    3.148487] Serial: 8250/16550 driver, 32 ports, IRQ sharing enabled
[    3.149931] 00:04: ttyS0 at I/O 0x3f8 (irq = 4, base_baud = 115200) is a 16550A
[    3.162093] Linux agpgart interface v0.103
[    3.163263] ACPI: bus type drm_connector registered
[    3.179403] brd: module loaded
[    3.187986] loop: module loaded
[    3.192027] scsi host0: ata_piix
[    3.192783] scsi host1: ata_piix
[    3.193157] ata1: PATA max MWDMA2 cmd 0x1f0 ctl 0x3f6 bmdma 0xc040 irq 14
[    3.193591] ata2: PATA max MWDMA2 cmd 0x170 ctl 0x376 bmdma 0xc048 irq 15
[    3.195158] tun: Universal TUN/TAP device driver, 1.6
[    3.195674] e100: Intel(R) PRO/100 Network Driver
[    3.195976] e100: Copyright(c) 1999-2006 Intel Corporation
[    3.196364] e1000: Intel(R) PRO/1000 Network Driver
[    3.196695] e1000: Copyright (c) 1999-2006 Intel Corporation.
[    3.346091] ACPI: \_SB_.LNKC: Enabled at IRQ 11
[    3.353004] ata2: found unknown device (class 0)
[    3.353879] ata1: found unknown device (class 0)
[    3.354860] ata2.00: ATAPI: QEMU DVD-ROM, 2.5+, max UDMA/100
[    3.355698] ata1.00: ATA-7: QEMU HARDDISK, 2.5+, max UDMA/100
[    3.356091] ata1.00: 16777216 sectors, multi 16: LBA48 
[    3.357747] scsi 0:0:0:0: Direct-Access     ATA      QEMU HARDDISK    2.5+ PQ: 0 ANSI: 5
[    3.359396] sd 0:0:0:0: Attached scsi generic sg0 type 0
[    3.359899] sd 0:0:0:0: [sda] 16777216 512-byte logical blocks: (8.59 GB/8.00 GiB)
[    3.360963] scsi 1:0:0:0: CD-ROM            QEMU     QEMU DVD-ROM     2.5+ PQ: 0 ANSI: 5
[    3.360981] sd 0:0:0:0: [sda] Write Protect is off
[    3.362343] sd 0:0:0:0: [sda] Write cache: enabled, read cache: enabled, doesn't support DPO or FUA
[    3.363605] sd 0:0:0:0: [sda] Preferred minimum I/O size 512 bytes
[    3.390498] sd 0:0:0:0: [sda] Attached SCSI disk
[    3.397802] scsi 1:0:0:0: Attached scsi generic sg1 type 5
[    3.677427] e1000 0000:00:03.0 eth0: (PCI:33MHz:32-bit) 52:54:00:12:34:56
[    3.678129] e1000 0000:00:03.0 eth0: Intel(R) PRO/1000 Network Connection
[    3.678707] e1000e: Intel(R) PRO/1000 Network Driver
[    3.679033] e1000e: Copyright(c) 1999 - 2015 Intel Corporation.
[    3.679489] igb: Intel(R) Gigabit Ethernet Network Driver
[    3.679848] igb: Copyright (c) 2007-2014 Intel Corporation.
[    3.680304] PPP generic driver version 2.4.2
[    3.681154] VFIO - User Level meta-driver version: 0.3
[    3.681939] usbcore: registered new interface driver uas
[    3.682613] usbcore: registered new interface driver usb-storage
[    3.683478] i8042: PNP: PS/2 Controller [PNP0303:KBD,PNP0f13:MOU] at 0x60,0x64 irq 1,12
[    3.684632] serio: i8042 KBD port at 0x60,0x64 irq 1
[    3.685016] serio: i8042 AUX port at 0x60,0x64 irq 12
[    3.685971] mousedev: PS/2 mouse device common for all mice
[    3.687138] input: AT Translated Set 2 keyboard as /devices/platform/i8042/serio0/input/input1
[    3.687911] rtc_cmos 00:05: RTC can wake from S4
[    3.689010] input: VirtualPS/2 VMware VMMouse as /devices/platform/i8042/serio1/input/input4
[    3.690204] input: VirtualPS/2 VMware VMMouse as /devices/platform/i8042/serio1/input/input3
[    3.690268] rtc_cmos 00:05: registered as rtc0
[    3.691393] rtc_cmos 00:05: setting system clock to 2023-03-13T19:11:17 UTC (1678734677)
[    3.692528] rtc_cmos 00:05: alarms up to one day, y3k, 242 bytes nvram, hpet irqs
[    3.693506] i2c_dev: i2c /dev entries driver
[    3.694097] device-mapper: core: CONFIG_IMA_DISABLE_HTABLE is disabled. Duplicate IMA measurements will not be recorded in the IMA log.
[    3.695606] device-mapper: uevent: version 1.0.3
[    3.696519] device-mapper: ioctl: 4.47.0-ioctl (2022-07-28) initialised: dm-devel@redhat.com
[    3.697507] intel_pstate: CPU model not supported
[    3.698168] sdhci: Secure Digital Host Controller Interface driver
[    3.698871] sdhci: Copyright(c) Pierre Ossman
[    3.699462] sdhci-pltfm: SDHCI platform and OF driver helper
[    3.700186] ledtrig-cpu: registered to indicate activity on CPUs
[    3.701370] drop_monitor: Initializing network drop monitor service
[    3.702757] NET: Registered PF_INET6 protocol family
[    3.705907] Segment Routing with IPv6
[    3.706180] In-situ OAM (IOAM) with IPv6
[    3.706466] NET: Registered PF_PACKET protocol family
[    3.707051] 9pnet: Installing 9P2000 support
[    3.707638] Key type dns_resolver registered
[    3.709002] IPI shorthand broadcast: enabled
[    3.709595] sched_clock: Marking stable (3696618718, 12198460)->(3736819812, -28002634)
[    3.711341] registered taskstats version 1
[    3.712216] Loading compiled-in X.509 certificates
[    3.713097] zswap: loaded using pool lzo/zbud
[    3.714105] Key type .fscrypt registered
[    3.714358] Key type fscrypt-provisioning registered
[    3.715730] Key type encrypted registered
[    3.716256] ima: No TPM chip found, activating TPM-bypass!
[    3.716940] ima: Allocated hash algorithm: sha1
[    3.717535] ima: No architecture policies found
[    3.718134] evm: Initialising EVM extended attributes:
[    3.718727] evm: security.selinux
[    3.719112] evm: security.SMACK64
[    3.719500] evm: security.SMACK64EXEC
[    3.719934] evm: security.SMACK64TRANSMUTE
[    3.720405] evm: security.SMACK64MMAP
[    3.720876] evm: security.apparmor
[    3.721274] evm: security.ima
[    3.721625] evm: security.capability
[    3.722035] evm: HMAC attrs: 0x1
[    3.726393] PM:   Magic number: 15:589:192
[    3.726966] acpi device:1e: hash matches
[    3.727874] RAS: Correctable Errors collector initialized.
[    3.728936] md: Waiting for all devices to be available before autodetect
[    3.729224] md: If you don't use raid, use raid=noautodetect
[    3.729469] md: Autodetecting RAID arrays.
[    3.729653] md: autorun ...
[    3.729779] md: ... autorun DONE.
[    3.733720] EXT4-fs (sda): INFO: recovery required on readonly filesystem
[    3.734038] EXT4-fs (sda): write access will be enabled during recovery
[    3.831033] EXT4-fs (sda): recovery complete
[    3.837512] EXT4-fs (sda): mounted filesystem with ordered data mode. Quota mode: none.
[    3.838235] VFS: Mounted root (ext4 filesystem) readonly on device 8:0.
[    3.839524] devtmpfs: mounted
[    3.845925] Freeing unused decrypted memory: 2036K
[    3.848928] Freeing unused kernel image (initmem) memory: 3672K
[    3.849458] Write protecting the kernel read-only data: 43008k
[    3.853319] Freeing unused kernel image (text/rodata gap) memory: 2028K
[    3.854230] Freeing unused kernel image (rodata/data gap) memory: 360K
[    3.960785] x86/mm: Checked W+X mappings: passed, no W+X pages found.
[    3.961359] Run /sbin/init as init process
[    4.055998] systemd[1]: RTC configured in localtime, applying delta of 0 minutes to system time.
[    4.085585] systemd[1]: systemd 239 (239-49.el8) running in system mode. (+PAM +AUDIT +SELINUX +IMA -APPARMOR +SMACK +SYSVINIT +UTMP +LIBCRYPTSETUP +GCRYPT +GNUTLS +ACL +XZ +LZ4 +SECCOMP +BLKID +ELFUTILS +KMOD +IDN2 -IDN +PCRE2 default-hierarchy=legacy)
[    4.086724] systemd[1]: Detected virtualization kvm.
[    4.086955] systemd[1]: Detected architecture x86-64.

Welcome to [0;31mCentOS Stream 8[0m!

[    4.147721] systemd[1]: Set hostname to <test>.
[    5.208863] random: crng init done
[    5.311649] systemd[1]: Listening on RPCbind Server Activation Socket.
[[0;32m  OK  [0m] Listening on RPCbind Server Activation Socket.
[    5.312856] systemd[1]: Listening on udev Control Socket.
[[0;32m  OK  [0m] Listening on udev Control Socket.
[    5.313464] systemd[1]: Reached target Swap.
[[0;32m  OK  [0m] Reached target Swap.
[    5.316528] systemd[1]: Created slice system-sshd\x2dkeygen.slice.
[[0;32m  OK  [0m] Created slice system-sshd\x2dkeygen.slice.
[    5.317933] systemd[1]: Created slice system-serial\x2dgetty.slice.
[[0;32m  OK  [0m] Created slice system-serial\x2dgetty.slice.
[    5.319279] systemd[1]: Created slice User and Session Slice.
[[0;32m  OK  [0m] Created slice User and Session Slice.
[[0;32m  OK  [0m] Reached target Slices.
[[0;32m  OK  [0m] Listening on Device-mapper event daemon FIFOs.
[[0;32m  OK  [0m] Listening on LVM2 poll daemon socket.
[[0;32m  OK  [0m] Set up automount Arbitrary Executabâ€¦rmats File System Automount Point.
[[0;32m  OK  [0m] Listening on initctl Compatibility Named Pipe.
[[0;32m  OK  [0m] Listening on multipathd control socket.
[[0;32m  OK  [0m] Created slice system-getty.slice.
[[0;32m  OK  [0m] Listening on Journal Socket.
         Starting Load Kernel Modules...
         Mounting Kernel Debug File System...
         Mounting Huge Pages File System...
[[0;32m  OK  [0m] Listening on udev Kernel Socket.
         Mounting POSIX Message Queue File System...
[[0;32m  OK  [0m] Listening on Process Core Dump Socket.
[[0;32m  OK  [0m] Started Forward Password Requests to Wall Directory Watch.
         Starting udev Coldplug all Devices...
[[0;32m  OK  [0m] Reached target RPC Port Mapper.
[[0;32m  OK  [0m] Listening on Journal Socket (/dev/log).
         Starting Monitoring of LVM2 mirrorsâ€¦ng dmeventd or progress polling...
         Starting Setup Virtual Console...
         Starting Journal Service...
         Starting Remount Root and Kernel File Systems...
[[0;1;31mFAILED[0m] Failed to start Load Kernel Modules.
See 'systemctl status systemd-modules-load.service' for details.
[[0;32m  OK  [0m] Mounted Kernel Debug File System.
[[0;32m  OK  [0m] Mounted Huge Pages File System.
[[0;32m  OK  [0m] Mounted POSIX Message Queue File System.
         Starting Apply Kernel Variables...
         Mounting Kernel Configuration File System...
         Mounting FUSE Control File System...
[[0;32m  OK  [0m] Started Journal Service.
[[0;32m  OK  [0m] Started Apply Kernel Variables.
[    5.740876] EXT4-fs (sda): re-mounted. Quota mode: none.
[[0;32m  OK  [0m] Mounted Kernel Configuration File System.
[[0;32m  OK  [0m] Started Remount Root and Kernel File Systems.
[[0;32m  OK  [0m] Mounted FUSE Control File System.
         Starting Load/Save Random Seed...
         Starting Create Static Device Nodes in /dev...
         Starting Flush Journal to Persistent Storage...
[[0;32m  OK  [0m] Started Setup Virtual Console.
[[0;32m  OK  [0m] Started Load/Save Random Seed.
[[0;32m  OK  [0m] Started Flush Journal to Persistent Storage.
[[0;32m  OK  [0m] Started Create Static Device Nodes in /dev.
         Starting udev Kernel Device Manager...
[[0;32m  OK  [0m] Started udev Coldplug all Devices.
         Starting udev Wait for Complete Device Initialization...
[[0;32m  OK  [0m] Started udev Kernel Device Manager.
         Starting Show Plymouth Boot Screen...
[[0;32m  OK  [0m] Started Show Plymouth Boot Screen.
[[0;32m  OK  [0m] Reached target Local Encrypted Volumes.
[[0;32m  OK  [0m] Reached target Paths.
[[0;32m  OK  [0m] Started Forward Password Requests to Plymouth Directory Watch.
[[0;32m  OK  [0m] Started Monitoring of LVM2 mirrors,â€¦sing dmeventd or progress polling.
[[0;32m  OK  [0m] Found device /dev/ttyS0.
[[0;32m  OK  [0m] Started udev Wait for Complete Device Initialization.
[[0;32m  OK  [0m] Listening on Load/Save RF Kill Switch Status /dev/rfkill Watch.
[[0;32m  OK  [0m] Reached target Local File Systems (Pre).
[[0;32m  OK  [0m] Reached target Local File Systems.
         Starting Tell Plymouth To Write Out Runtime Data...
         Starting Restore /run/initramfs on shutdown...
         Starting Create Volatile Files and Directories...
[[0;32m  OK  [0m] Started Tell Plymouth To Write Out Runtime Data.
[[0;32m  OK  [0m] Started Restore /run/initramfs on shutdown.
[[0;32m  OK  [0m] Started Create Volatile Files and Directories.
         Starting Security Auditing Service...
         Starting RPC Bind...
         Mounting RPC Pipe File System...
[[0;32m  OK  [0m] Mounted RPC Pipe File System.
[[0;32m  OK  [0m] Reached target rpc_pipefs.target.
[[0;32m  OK  [0m] Started RPC Bind.
[[0;32m  OK  [0m] Started Security Auditing Service.
         Starting Update UTMP about System Boot/Shutdown...
[[0;32m  OK  [0m] Started Update UTMP about System Boot/Shutdown.
[[0;32m  OK  [0m] Reached target System Initialization.
[[0;32m  OK  [0m] Started daily update of the root trust anchor for DNSSEC.
[[0;32m  OK  [0m] Started dnf makecache --timer.
[[0;32m  OK  [0m] Started Daily Cleanup of Temporary Directories.
[[0;32m  OK  [0m] Reached target Timers.
[[0;32m  OK  [0m] Listening on D-Bus System Message Bus Socket.
[[0;32m  OK  [0m] Listening on SSSD Kerberos Cache Manager responder socket.
[[0;32m  OK  [0m] Reached target Sockets.
[[0;32m  OK  [0m] Reached target Basic System.
[[0;32m  OK  [0m] Started D-Bus System Message Bus.
         Starting NTP client/server...
         Starting Network Manager...
         Starting Login Service...
         Starting Auto-connect to subsystemsâ€¦-NVME devices found during boot...
         Starting Authorization Manager...
[[0;32m  OK  [0m] Started Machine Check Exception Logging Daemon.
[[0;32m  OK  [0m] Reached target sshd-keygen.target.
[[0;32m  OK  [0m] Started irqbalance daemon.
         Starting Self Monitoring and Reporting Technology (SMART) Daemon...
[[0;32m  OK  [0m] Started Auto-connect to subsystems â€¦FC-NVME devices found during boot.
         Starting update of the root trust aâ€¦or DNSSEC validation in unbound...
[[0;32m  OK  [0m] Started Network Manager.
[[0;32m  OK  [0m] Started Login Service.
         Starting Network Manager Wait Online...
[[0;32m  OK  [0m] Reached target Network.
         Starting GSSAPI Proxy Daemon...
         Starting Dynamic System Tuning Daemon...
         Starting OpenSSH server daemon...
[[0;32m  OK  [0m] Started Self Monitoring and Reporting Technology (SMART) Daemon.
[[0;32m  OK  [0m] Started NTP client/server.
         Starting Hostname Service...
[[0;32m  OK  [0m] Started GSSAPI Proxy Daemon.
[[0;32m  OK  [0m] Reached target NFS client services.
[[0;32m  OK  [0m] Reached target Remote File Systems (Pre).
[[0;32m  OK  [0m] Reached target Remote File Systems.
         Starting Permit User Sessions...
[[0;32m  OK  [0m] Started OpenSSH server daemon.
[[0;32m  OK  [0m] Started update of the root trust anâ€¦ for DNSSEC validation in unbound.
[[0;32m  OK  [0m] Started Permit User Sessions.
[[0;32m  OK  [0m] Started Command Scheduler.
         Starting Hold until boot process finishes up...
         Starting Terminate Plymouth Boot Screen...
[[0;32m  OK  [0m] Started Authorization Manager.
[[0;32m  OK  [0m] Started Hostname Service.
[    7.685009] e1000: eth0 NIC Link is Up 1000 Mbps Full Duplex, Flow Control: RX
[    7.685724] IPv6: ADDRCONF(NETDEV_CHANGE): eth0: link becomes ready
         Starting Network Manager Script Dispatcher Service...
[    7.986605] Spectre V2 : WARNING: Unprivileged eBPF is enabled with eIBRS on, data leaks possible via Spectre v2 BHB attacks!
[    7.987143] Spectre V2 : WARNING: Unprivileged eBPF is enabled with eIBRS on, data leaks possible via Spectre v2 BHB attacks!

CentOS Stream 8
Kernel 6.1.0-rc8-d7b061b80ee6+ on an x86_64

test login: 