c[?7l[2J[0mSeaBIOS (version rel-1.16.0-0-gd239552ce722-prebuilt.qemu.org)


iPXE (http://ipxe.org) 00:03.0 CA00 PCI2.10 PnP PMM+7FF91000+7FEF1000 CA00
Press Ctrl-B to configure iPXE (PCI 00:03.0)...                                                                               


Booting from ROM..c[?7l[2J[    0.000000] Linux version 5.17.0-rc8-e243f39685af+ (root@p-adls01) (gcc (GCC) 8.5.0 20210514 (Red Hat 8.5.0-18), GNU ld version 2.36.1-2.el8) #1 SMP PREEMPT Mon Mar 13 19:27:00 CST 2023
[    0.000000] Command line: console=ttyS0 root=/dev/sda earlyprintk=serial net.ifnames=0
[    0.000000] KERNEL supported cpus:
[    0.000000]   Intel GenuineIntel
[    0.000000]   AMD AuthenticAMD
[    0.000000]   Hygon HygonGenuine
[    0.000000]   Centaur CentaurHauls
[    0.000000]   zhaoxin   Shanghai  
[    0.000000] x86/fpu: Supporting XSAVE feature 0x001: 'x87 floating point registers'
[    0.000000] x86/fpu: Supporting XSAVE feature 0x002: 'SSE registers'
[    0.000000] x86/fpu: Supporting XSAVE feature 0x004: 'AVX registers'
[    0.000000] x86/fpu: Supporting XSAVE feature 0x200: 'Protection Keys User registers'
[    0.000000] x86/fpu: xstate_offset[2]:  576, xstate_sizes[2]:  256
[    0.000000] x86/fpu: xstate_offset[9]:  832, xstate_sizes[9]:    8
[    0.000000] x86/fpu: Enabled xstate features 0x207, context size is 840 bytes, using 'compacted' format.
[    0.000000] signal: max sigframe size: 3632
[    0.000000] BIOS-provided physical RAM map:
[    0.000000] BIOS-e820: [mem 0x0000000000000000-0x000000000009fbff] usable
[    0.000000] BIOS-e820: [mem 0x000000000009fc00-0x000000000009ffff] reserved
[    0.000000] BIOS-e820: [mem 0x00000000000f0000-0x00000000000fffff] reserved
[    0.000000] BIOS-e820: [mem 0x0000000000100000-0x000000007ffdffff] usable
[    0.000000] BIOS-e820: [mem 0x000000007ffe0000-0x000000007fffffff] reserved
[    0.000000] BIOS-e820: [mem 0x00000000feffc000-0x00000000feffffff] reserved
[    0.000000] BIOS-e820: [mem 0x00000000fffc0000-0x00000000ffffffff] reserved
[    0.000000] printk: bootconsole [earlyser0] enabled
[    0.000000] NX (Execute Disable) protection: active
[    0.000000] SMBIOS 2.8 present.
[    0.000000] DMI: QEMU Standard PC (i440FX + PIIX, 1996), BIOS rel-1.16.0-0-gd239552ce722-prebuilt.qemu.org 04/01/2014
[    0.000000] Hypervisor detected: KVM
[    0.000000] kvm-clock: Using msrs 4b564d01 and 4b564d00
[    0.000005] kvm-clock: using sched offset of 395252246 cycles
[    0.000412] clocksource: kvm-clock: mask: 0xffffffffffffffff max_cycles: 0x1cd42e4dffb, max_idle_ns: 881590591483 ns
[    0.001678] tsc: Detected 3609.600 MHz processor
[    0.007045] last_pfn = 0x7ffe0 max_arch_pfn = 0x400000000
[    0.007566] x86/PAT: Configuration [0-7]: WB  WC  UC- UC  WB  WP  UC- WT  
[    0.012367] found SMP MP-table at [mem 0x000f5ba0-0x000f5baf]
[    0.012961] Using GB pages for direct mapping
[    0.014140] ACPI: Early table checksum verification disabled
[    0.014598] ACPI: RSDP 0x00000000000F59C0 000014 (v00 BOCHS )
[    0.015067] ACPI: RSDT 0x000000007FFE1951 000034 (v01 BOCHS  BXPC     00000001 BXPC 00000001)
[    0.015759] ACPI: FACP 0x000000007FFE17FD 000074 (v01 BOCHS  BXPC     00000001 BXPC 00000001)
[    0.016435] ACPI: DSDT 0x000000007FFE0040 0017BD (v01 BOCHS  BXPC     00000001 BXPC 00000001)
[    0.017106] ACPI: FACS 0x000000007FFE0000 000040
[    0.017475] ACPI: APIC 0x000000007FFE1871 000080 (v01 BOCHS  BXPC     00000001 BXPC 00000001)
[    0.018144] ACPI: HPET 0x000000007FFE18F1 000038 (v01 BOCHS  BXPC     00000001 BXPC 00000001)
[    0.018817] ACPI: WAET 0x000000007FFE1929 000028 (v01 BOCHS  BXPC     00000001 BXPC 00000001)
[    0.019484] ACPI: Reserving FACP table memory at [mem 0x7ffe17fd-0x7ffe1870]
[    0.020037] ACPI: Reserving DSDT table memory at [mem 0x7ffe0040-0x7ffe17fc]
[    0.020583] ACPI: Reserving FACS table memory at [mem 0x7ffe0000-0x7ffe003f]
[    0.021132] ACPI: Reserving APIC table memory at [mem 0x7ffe1871-0x7ffe18f0]
[    0.021689] ACPI: Reserving HPET table memory at [mem 0x7ffe18f1-0x7ffe1928]
[    0.022246] ACPI: Reserving WAET table memory at [mem 0x7ffe1929-0x7ffe1950]
[    0.023333] No NUMA configuration found
[    0.023677] Faking a node at [mem 0x0000000000000000-0x000000007ffdffff]
[    0.024293] NODE_DATA(0) allocated [mem 0x7ffb5000-0x7ffdffff]
[    0.027583] Zone ranges:
[    0.027831]   DMA      [mem 0x0000000000001000-0x0000000000ffffff]
[    0.028322]   DMA32    [mem 0x0000000001000000-0x000000007ffdffff]
[    0.028813]   Normal   empty
[    0.029043]   Device   empty
[    0.029273] Movable zone start for each node
[    0.029620] Early memory node ranges
[    0.029907]   node   0: [mem 0x0000000000001000-0x000000000009efff]
[    0.030407]   node   0: [mem 0x0000000000100000-0x000000007ffdffff]
[    0.030914] Initmem setup node 0 [mem 0x0000000000001000-0x000000007ffdffff]
[    0.041908] On node 0, zone DMA: 1 pages in unavailable ranges
[    0.042041] On node 0, zone DMA: 97 pages in unavailable ranges
[    0.080391] On node 0, zone DMA32: 32 pages in unavailable ranges
[    0.081098] ACPI: PM-Timer IO Port: 0x608
[    0.081905] ACPI: LAPIC_NMI (acpi_id[0xff] dfl dfl lint[0x1])
[    0.082400] IOAPIC[0]: apic_id 0, version 17, address 0xfec00000, GSI 0-23
[    0.082953] ACPI: INT_SRC_OVR (bus 0 bus_irq 0 global_irq 2 dfl dfl)
[    0.083466] ACPI: INT_SRC_OVR (bus 0 bus_irq 5 global_irq 5 high level)
[    0.084015] ACPI: INT_SRC_OVR (bus 0 bus_irq 9 global_irq 9 high level)
[    0.084546] ACPI: INT_SRC_OVR (bus 0 bus_irq 10 global_irq 10 high level)
[    0.085091] ACPI: INT_SRC_OVR (bus 0 bus_irq 11 global_irq 11 high level)
[    0.085639] ACPI: Using ACPI (MADT) for SMP configuration information
[    0.086150] ACPI: HPET id: 0x8086a201 base: 0xfed00000
[    0.086570] TSC deadline timer available
[    0.086883] smpboot: Allowing 2 CPUs, 0 hotplug CPUs
[    0.087312] kvm-guest: KVM setup pv remote TLB flush
[    0.087712] kvm-guest: setup PV sched yield
[    0.088101] PM: hibernation: Registered nosave memory: [mem 0x00000000-0x00000fff]
[    0.088707] PM: hibernation: Registered nosave memory: [mem 0x0009f000-0x0009ffff]
[    0.089309] PM: hibernation: Registered nosave memory: [mem 0x000a0000-0x000effff]
[    0.089913] PM: hibernation: Registered nosave memory: [mem 0x000f0000-0x000fffff]
[    0.090514] [mem 0x80000000-0xfeffbfff] available for PCI devices
[    0.090998] Booting paravirtualized kernel on KVM
[    0.091384] clocksource: refined-jiffies: mask: 0xffffffff max_cycles: 0xffffffff, max_idle_ns: 7645519600211568 ns
[    0.092236] setup_percpu: NR_CPUS:8192 nr_cpumask_bits:2 nr_cpu_ids:2 nr_node_ids:1
[    0.094079] percpu: Embedded 63 pages/cpu s221184 r8192 d28672 u1048576
[    0.094779] kvm-guest: PV spinlocks enabled
[    0.095122] PV qspinlock hash table entries: 256 (order: 0, 4096 bytes, linear)
[    0.095743] Fallback order for Node 0: 0 
[    0.096078] Built 1 zonelists, mobility grouping on.  Total pages: 515808
[    0.096622] Policy zone: DMA32
[    0.096869] Kernel command line: net.ifnames=0 console=ttyS0 root=/dev/sda earlyprintk=serial net.ifnames=0
[    0.099632] Dentry cache hash table entries: 262144 (order: 9, 2097152 bytes, linear)
[    0.100420] Inode-cache hash table entries: 131072 (order: 8, 1048576 bytes, linear)
[    0.101146] mem auto-init: stack:off, heap alloc:off, heap free:off
[    0.105260] Memory: 1985392K/2096632K available (32784K kernel code, 5336K rwdata, 7916K rodata, 3180K init, 21976K bss, 110984K reserved, 0K cma-reserved)
[    0.106434] random: get_random_u64 called from __kmem_cache_create+0x2f/0x4e0 with crng_init=0
[    0.106944] SLUB: HWalign=64, Order=0-3, MinObjects=0, CPUs=2, Nodes=1
[    0.108126] kmemleak: Kernel memory leak detector disabled
[    0.108573] ftrace: allocating 65886 entries in 258 pages
[    0.128583] ftrace: allocated 258 pages with 2 groups
[    0.131551] Dynamic Preempt: voluntary
[    0.132001] Running RCU self tests
[    0.132266] rcu: Preemptible hierarchical RCU implementation.
[    0.132707] rcu: 	RCU lockdep checking is enabled.
[    0.133068] rcu: 	RCU restricting CPUs from NR_CPUS=8192 to nr_cpu_ids=2.
[    0.133579] 	Trampoline variant of Tasks RCU enabled.
[    0.133960] 	Rude variant of Tasks RCU enabled.
[    0.134304] 	Tracing variant of Tasks RCU enabled.
[    0.134670] rcu: RCU calculated value of scheduler-enlistment delay is 25 jiffies.
[    0.135238] rcu: Adjusting geometry for rcu_fanout_leaf=16, nr_cpu_ids=2
[    0.153995] NR_IRQS: 524544, nr_irqs: 440, preallocated irqs: 16
[    0.161189] Console: colour VGA+ 80x25
[    0.161546] printk: console [ttyS0] enabled
[    0.161546] printk: console [ttyS0] enabled
[    0.162204] printk: bootconsole [earlyser0] disabled
[    0.162204] printk: bootconsole [earlyser0] disabled
[    0.162983] Lock dependency validator: Copyright (c) 2006 Red Hat, Inc., Ingo Molnar
[    0.163604] ... MAX_LOCKDEP_SUBCLASSES:  8
[    0.163942] ... MAX_LOCK_DEPTH:          48
[    0.164276] ... MAX_LOCKDEP_KEYS:        8192
[    0.164625] ... CLASSHASH_SIZE:          4096
[    0.164975] ... MAX_LOCKDEP_ENTRIES:     32768
[    0.165330] ... MAX_LOCKDEP_CHAINS:      65536
[    0.165685] ... CHAINHASH_SIZE:          32768
[    0.166043]  memory used by lock dependency info: 6365 kB
[    0.166473]  memory used for stack traces: 4224 kB
[    0.166856]  per task-struct memory footprint: 1920 bytes
[    0.167319] ACPI: Core revision 20211217
[    0.167834] clocksource: hpet: mask: 0xffffffff max_cycles: 0xffffffff, max_idle_ns: 19112604467 ns
[    0.168674] APIC: Switch to symmetric I/O mode setup
[    0.169203] x2apic enabled
[    0.169563] Switched APIC routing to physical x2apic.
[    0.169969] kvm-guest: setup PV IPIs
[    0.170947] ..TIMER: vector=0x30 apic1=0 pin1=2 apic2=-1 pin2=-1
[    0.171435] clocksource: tsc-early: mask: 0xffffffffffffffff max_cycles: 0x3407c077a8d, max_idle_ns: 440795342283 ns
[    0.172163] Calibrating delay loop (skipped) preset value.. 7219.20 BogoMIPS (lpj=14438400)
[    0.176156] pid_max: default: 32768 minimum: 301
[    0.176527] LSM: Security Framework initializing
[    0.176841] Yama: becoming mindful.
[    0.177206] Mount-cache hash table entries: 4096 (order: 3, 32768 bytes, linear)
[    0.177797] Mountpoint-cache hash table entries: 4096 (order: 3, 32768 bytes, linear)
[    0.180180] x86/cpu: User Mode Instruction Prevention (UMIP) activated
[    0.180966] Last level iTLB entries: 4KB 0, 2MB 0, 4MB 0
[    0.181408] Last level dTLB entries: 4KB 0, 2MB 0, 4MB 0, 1GB 0
[    0.181902] Spectre V1 : Mitigation: usercopy/swapgs barriers and __user pointer sanitization
[    0.182582] Spectre V2 : WARNING: Unprivileged eBPF is enabled with eIBRS on, data leaks possible via Spectre v2 BHB attacks!
[    0.184162] Spectre V2 : Mitigation: Enhanced IBRS
[    0.184535] Spectre V2 : Spectre v2 / SpectreRSB mitigation: Filling RSB on context switch
[    0.185175] Spectre V2 : mitigation: Enabling conditional Indirect Branch Prediction Barrier
[    0.185807] Speculative Store Bypass: Mitigation: Speculative Store Bypass disabled via prctl
[    0.220267] Freeing SMP alternatives memory: 56K
[    0.220919] smpboot: CPU0: 12th Gen Intel(R) Core(TM) i7-12700K (family: 0x6, model: 0x97, stepping: 0x2)
[    0.221983] cblist_init_generic: Setting adjustable number of callback queues.
[    0.222551] cblist_init_generic: Setting shift to 1 and lim to 1.
[    0.223094] cblist_init_generic: Setting shift to 1 and lim to 1.
[    0.223607] cblist_init_generic: Setting shift to 1 and lim to 1.
[    0.224109] Running RCU-tasks wait API self tests
[    0.324351] Performance Events: Alderlake Hybrid events, full-width counters, Intel PMU driver.
[    0.325957] core: cpu_core PMU driver: 
[    0.326411] ... version:                2
[    0.326870] ... bit width:              48
[    0.327336] ... generic registers:      6
[    0.327791] ... value mask:             0000ffffffffffff
[    0.328161] ... max period:             00007fffffffffff
[    0.328761] ... fixed-purpose events:   3
[    0.329224] ... event mask:             0001000f0000003f
[    0.330081] rcu: Hierarchical SRCU implementation.
[    0.332839] Callback from call_rcu_tasks_trace() invoked.
[    0.334109] unchecked MSR access error: WRMSR to 0x38f (tried to write 0x0001000f0000003f) at rIP: 0xffffffff810c0f88 (native_write_msr+0x8/0x20)
[    0.335577] Call Trace:
[    0.335863]  <TASK>
[    0.336114]  __intel_pmu_enable_all.constprop.47+0x68/0x100
[    0.336151]  intel_pmu_enable_all+0x1a/0x20
[    0.336151]  x86_pmu_enable+0x469/0x5a0
[    0.336151]  ? write_comp_data+0x2f/0x90
[    0.336151]  perf_pmu_enable+0x4f/0x60
[    0.336151]  ctx_resched+0xb4/0xf0
[    0.336151]  __perf_install_in_context+0x34b/0x490
[    0.336151]  ? write_comp_data+0x2f/0x90
[    0.336151]  ? perf_duration_warn+0x40/0x40
[    0.336151]  remote_function+0x78/0x90
[    0.336151]  ? perf_duration_warn+0x40/0x40
[    0.336151]  generic_exec_single+0x11e/0x190
[    0.336151]  smp_call_function_single+0x119/0x240
[    0.336151]  ? perf_duration_warn+0x40/0x40
[    0.336151]  ? __sanitizer_cov_trace_pc+0x21/0x50
[    0.336151]  ? write_comp_data+0x2f/0x90
[    0.336151]  perf_install_in_context+0x2e4/0x310
[    0.336151]  ? ctx_resched+0xf0/0xf0
[    0.336151]  perf_event_create_kernel_counter+0x162/0x1f0
[    0.336151]  ? hardlockup_detector_event_create+0xc0/0xc0
[    0.336151]  hardlockup_detector_event_create+0x46/0xc0
[    0.336151]  hardlockup_detector_perf_init+0x14/0x5e
[    0.336151]  watchdog_nmi_probe+0x13/0x15
[    0.336151]  lockup_detector_init+0x3f/0xaa
[    0.336151]  kernel_init_freeable+0x267/0x410
[    0.336151]  ? rest_init+0x360/0x360
[    0.336151]  kernel_init+0x20/0x1d0
[    0.336151]  ? rest_init+0x360/0x360
[    0.336151]  ret_from_fork+0x1f/0x30
[    0.336151]  </TASK>
[    0.336376] smp: Bringing up secondary CPUs ...
[    0.337041] x86: Booting SMP configuration:
[    0.337327] .... node  #0, CPUs:      #1
[    0.337758] smp: Brought up 1 node, 2 CPUs
[    0.337758] smpboot: Max logical packages: 1
[    0.337758] smpboot: Total of 2 processors activated (14438.40 BogoMIPS)
[    0.341740] devtmpfs: initialized
[    0.341740] x86/mm: Memory block size: 128MB
[    0.345311] clocksource: jiffies: mask: 0xffffffff max_cycles: 0xffffffff, max_idle_ns: 7645041785100000 ns
[    0.345311] futex hash table entries: 512 (order: 4, 65536 bytes, linear)
[    0.348444] pinctrl core: initialized pinctrl subsystem
[    0.349295] 
[    0.349401] *************************************************************
[    0.349825] **     NOTICE NOTICE NOTICE NOTICE NOTICE NOTICE NOTICE    **
[    0.350243] **                                                         **
[    0.350675] **  IOMMU DebugFS SUPPORT HAS BEEN ENABLED IN THIS KERNEL  **
[    0.351098] **                                                         **
[    0.351536] ** This means that this kernel is built to expose internal **
[    0.351958] ** IOMMU data structures, which may compromise security on **
[    0.352163] ** your system.                                            **
[    0.352598] **                                                         **
[    0.353025] ** If you see this message and you are not debugging the   **
[    0.353450] ** kernel, report this immediately to your vendor!         **
[    0.353876] **                                                         **
[    0.354314] **     NOTICE NOTICE NOTICE NOTICE NOTICE NOTICE NOTICE    **
[    0.354744] *************************************************************
[    0.355227] PM: RTC time: 18:47:46, date: 2023-03-13
[    0.356993] NET: Registered PF_NETLINK/PF_ROUTE protocol family
[    0.357899] DMA: preallocated 256 KiB GFP_KERNEL pool for atomic allocations
[    0.358373] DMA: preallocated 256 KiB GFP_KERNEL|GFP_DMA pool for atomic allocations
[    0.358868] DMA: preallocated 256 KiB GFP_KERNEL|GFP_DMA32 pool for atomic allocations
[    0.359419] audit: initializing netlink subsys (disabled)
[    0.359815] audit: type=2000 audit(1678733266.888:1): state=initialized audit_enabled=0 res=1
[    0.359815] thermal_sys: Registered thermal governor 'fair_share'
[    0.359815] thermal_sys: Registered thermal governor 'bang_bang'
[    0.360162] thermal_sys: Registered thermal governor 'step_wise'
[    0.360833] thermal_sys: Registered thermal governor 'user_space'
[    0.361350] cpuidle: using governor ladder
[    0.361355] cpuidle: using governor menu
[    0.364451] acpiphp: ACPI Hot Plug PCI Controller Driver version: 0.5
[    0.365590] PCI: Using configuration type 1 for base access
[    0.379795] kprobes: kprobe jump-optimization is enabled. All kprobes are optimized if possible.
[    0.380263] HugeTLB registered 1.00 GiB page size, pre-allocated 0 pages
[    0.380638] HugeTLB registered 2.00 MiB page size, pre-allocated 0 pages
[    0.385182] ACPI: Added _OSI(Module Device)
[    0.385327] ACPI: Added _OSI(Processor Device)
[    0.385838] ACPI: Added _OSI(3.0 _SCP Extensions)
[    0.386382] ACPI: Added _OSI(Processor Aggregator Device)
[    0.386995] ACPI: Added _OSI(Linux-Dell-Video)
[    0.387500] ACPI: Added _OSI(Linux-Lenovo-NV-HDMI-Audio)
[    0.388173] ACPI: Added _OSI(Linux-HPI-Hybrid-Graphics)
[    0.393331] ACPI: 1 ACPI AML tables successfully acquired and loaded
[    0.396716] ACPI: Interpreter enabled
[    0.397039] ACPI: PM: (supports S0 S3 S4 S5)
[    0.397321] ACPI: Using IOAPIC for interrupt routing
[    0.397689] PCI: Using host bridge windows from ACPI; if necessary, use "pci=nocrs" and report a bug
[    0.398897] ACPI: Enabled 2 GPEs in block 00 to 0F
[    0.413233] ACPI: PCI Root Bridge [PCI0] (domain 0000 [bus 00-ff])
[    0.413662] acpi PNP0A03:00: _OSC: OS supports [ASPM ClockPM Segments MSI EDR HPX-Type3]
[    0.414178] acpi PNP0A03:00: _OSC: not requesting OS control; OS requires [ExtendedConfig ASPM ClockPM MSI]
[    0.414873] acpi PNP0A03:00: fail to add MMCONFIG information, can't access extended PCI configuration space under this bridge.
[    0.417296] acpiphp: Slot [3] registered
[    0.417622] acpiphp: Slot [4] registered
[    0.417936] acpiphp: Slot [5] registered
[    0.418256] acpiphp: Slot [6] registered
[    0.418573] acpiphp: Slot [7] registered
[    0.418887] acpiphp: Slot [8] registered
[    0.419201] acpiphp: Slot [9] registered
[    0.419521] acpiphp: Slot [10] registered
[    0.419845] acpiphp: Slot [11] registered
[    0.420168] acpiphp: Slot [12] registered
[    0.420505] acpiphp: Slot [13] registered
[    0.420826] acpiphp: Slot [14] registered
[    0.421149] acpiphp: Slot [15] registered
[    0.421463] acpiphp: Slot [16] registered
[    0.421778] acpiphp: Slot [17] registered
[    0.422098] acpiphp: Slot [18] registered
[    0.422412] acpiphp: Slot [19] registered
[    0.422726] acpiphp: Slot [20] registered
[    0.423040] acpiphp: Slot [21] registered
[    0.423356] acpiphp: Slot [22] registered
[    0.423677] acpiphp: Slot [23] registered
[    0.423991] acpiphp: Slot [24] registered
[    0.424217] acpiphp: Slot [25] registered
[    0.424532] acpiphp: Slot [26] registered
[    0.424846] acpiphp: Slot [27] registered
[    0.425167] acpiphp: Slot [28] registered
[    0.425481] acpiphp: Slot [29] registered
[    0.425801] acpiphp: Slot [30] registered
[    0.426123] acpiphp: Slot [31] registered
[    0.426405] PCI host bridge to bus 0000:00
[    0.426676] pci_bus 0000:00: root bus resource [io  0x0000-0x0cf7 window]
[    0.428269] Callback from call_rcu_tasks_rude() invoked.
[    0.428269] pci_bus 0000:00: root bus resource [io  0x0d00-0xffff window]
[    0.428269] pci_bus 0000:00: root bus resource [mem 0x000a0000-0x000bffff window]
[    0.428269] pci_bus 0000:00: root bus resource [mem 0x80000000-0xfebfffff window]
[    0.428643] pci_bus 0000:00: root bus resource [mem 0x100000000-0x17fffffff window]
[    0.429157] pci_bus 0000:00: root bus resource [bus 00-ff]
[    0.429592] pci 0000:00:00.0: [8086:1237] type 00 class 0x060000
[    0.432726] pci 0000:00:01.0: [8086:7000] type 00 class 0x060100
[    0.433687] pci 0000:00:01.1: [8086:7010] type 00 class 0x010180
[    0.435367] pci 0000:00:01.1: reg 0x20: [io  0xc040-0xc04f]
[    0.436182] pci 0000:00:01.1: legacy IDE quirk: reg 0x10: [io  0x01f0-0x01f7]
[    0.436650] pci 0000:00:01.1: legacy IDE quirk: reg 0x14: [io  0x03f6]
[    0.437078] pci 0000:00:01.1: legacy IDE quirk: reg 0x18: [io  0x0170-0x0177]
[    0.437550] pci 0000:00:01.1: legacy IDE quirk: reg 0x1c: [io  0x0376]
[    0.438227] pci 0000:00:01.3: [8086:7113] type 00 class 0x068000
[    0.438904] pci 0000:00:01.3: quirk: [io  0x0600-0x063f] claimed by PIIX4 ACPI
[    0.439389] pci 0000:00:01.3: quirk: [io  0x0700-0x070f] claimed by PIIX4 SMB
[    0.440251] pci 0000:00:02.0: [1234:1111] type 00 class 0x030000
[    0.442806] pci 0000:00:02.0: reg 0x10: [mem 0xfd000000-0xfdffffff pref]
[    0.445625] pci 0000:00:02.0: reg 0x18: [mem 0xfebf0000-0xfebf0fff]
[    0.453761] pci 0000:00:02.0: reg 0x30: [mem 0xfebe0000-0xfebeffff pref]
[    0.454850] pci 0000:00:02.0: Video device with shadowed ROM at [mem 0x000c0000-0x000dffff]
[    0.460276] pci 0000:00:03.0: [8086:100e] type 00 class 0x020000
[    0.461710] pci 0000:00:03.0: reg 0x10: [mem 0xfebc0000-0xfebdffff]
[    0.462938] pci 0000:00:03.0: reg 0x14: [io  0xc000-0xc03f]
[    0.466574] pci 0000:00:03.0: reg 0x30: [mem 0xfeb80000-0xfebbffff pref]
[    0.479094] ACPI: PCI: Interrupt link LNKA configured for IRQ 10
[    0.479826] ACPI: PCI: Interrupt link LNKB configured for IRQ 10
[    0.480468] ACPI: PCI: Interrupt link LNKC configured for IRQ 11
[    0.481173] ACPI: PCI: Interrupt link LNKD configured for IRQ 11
[    0.481723] ACPI: PCI: Interrupt link LNKS configured for IRQ 9
[    0.484174] iommu: Default domain type: Translated 
[    0.484698] iommu: DMA domain TLB invalidation policy: lazy mode 
[    0.485582] pci 0000:00:02.0: vgaarb: setting as boot VGA device
[    0.485582] pci 0000:00:02.0: vgaarb: VGA device added: decodes=io+mem,owns=io+mem,locks=none
[    0.485648] pci 0000:00:02.0: vgaarb: bridge control possible
[    0.486210] vgaarb: loaded
[    0.489600] SCSI subsystem initialized
[    0.490015] ACPI: bus type USB registered
[    0.490015] usbcore: registered new interface driver usbfs
[    0.490015] usbcore: registered new interface driver hub
[    0.490015] usbcore: registered new device driver usb
[    0.490015] pps_core: LinuxPPS API ver. 1 registered
[    0.490205] pps_core: Software ver. 5.3.6 - Copyright 2005-2007 Rodolfo Giometti <giometti@linux.it>
[    0.490811] PTP clock support registered
[    0.492239] EDAC MC: Ver: 3.0.0
[    0.493356] NetLabel: Initializing
[    0.493700] NetLabel:  domain hash size = 128
[    0.496164] NetLabel:  protocols = UNLABELED CIPSOv4 CALIPSO
[    0.496897] NetLabel:  unlabeled traffic allowed by default
[    0.497657] PCI: Using ACPI for IRQ routing
[    0.497657] hpet0: at MMIO 0xfed00000, IRQs 2, 8, 0
[    0.497657] hpet0: 3 comparators, 64-bit 100.000000 MHz counter
[    0.504160] clocksource: Switched to clocksource kvm-clock
[    0.528287] Callback from call_rcu_tasks() invoked.
[    0.607399] VFS: Disk quotas dquot_6.6.0
[    0.607730] VFS: Dquot-cache hash table entries: 512 (order 0, 4096 bytes)
[    0.608445] pnp: PnP ACPI init
[    0.610193] pnp: PnP ACPI: found 6 devices
[    0.620398] clocksource: acpi_pm: mask: 0xffffff max_cycles: 0xffffff, max_idle_ns: 2085701024 ns
[    0.621249] NET: Registered PF_INET protocol family
[    0.621737] IP idents hash table entries: 32768 (order: 6, 262144 bytes, linear)
[    0.622808] tcp_listen_portaddr_hash hash table entries: 1024 (order: 4, 81920 bytes, linear)
[    0.623417] TCP established hash table entries: 16384 (order: 5, 131072 bytes, linear)
[    0.624100] TCP bind hash table entries: 16384 (order: 8, 1179648 bytes, linear)
[    0.625533] TCP: Hash tables configured (established 16384 bind 16384)
[    0.626100] UDP hash table entries: 1024 (order: 5, 163840 bytes, linear)
[    0.626635] UDP-Lite hash table entries: 1024 (order: 5, 163840 bytes, linear)
[    0.627304] NET: Registered PF_UNIX/PF_LOCAL protocol family
[    0.628372] RPC: Registered named UNIX socket transport module.
[    0.628862] RPC: Registered udp transport module.
[    0.629235] RPC: Registered tcp transport module.
[    0.629608] RPC: Registered tcp NFSv4.1 backchannel transport module.
[    0.630142] pci_bus 0000:00: resource 4 [io  0x0000-0x0cf7 window]
[    0.630641] pci_bus 0000:00: resource 5 [io  0x0d00-0xffff window]
[    0.631147] pci_bus 0000:00: resource 6 [mem 0x000a0000-0x000bffff window]
[    0.631728] pci_bus 0000:00: resource 7 [mem 0x80000000-0xfebfffff window]
[    0.632325] pci_bus 0000:00: resource 8 [mem 0x100000000-0x17fffffff window]
[    0.633164] pci 0000:00:01.0: PIIX3: Enabling Passive Release
[    0.633643] pci 0000:00:00.0: Limiting direct PCI/PCI transfers
[    0.634127] pci 0000:00:01.0: Activating ISA DMA hang workarounds
[    0.634697] PCI: CLS 0 bytes, default 64
[    0.635402] ACPI: bus type thunderbolt registered
[    0.636149] clocksource: tsc: mask: 0xffffffffffffffff max_cycles: 0x3407c077a8d, max_idle_ns: 440795342283 ns
[    2.752262] Initialise system trusted keyrings
[    2.752672] Key type blacklist registered
[    2.753148] workingset: timestamp_bits=36 max_order=19 bucket_order=0
[    2.767459] zbud: loaded
[    2.770293] squashfs: version 4.0 (2009/01/31) Phillip Lougher
[    2.772548] NFS: Registering the id_resolver key type
[    2.772902] Key type id_resolver registered
[    2.773172] Key type id_legacy registered
[    2.773522] nfs4filelayout_init: NFSv4 File Layout Driver Registering...
[    2.773980] nfs4flexfilelayout_init: NFSv4 Flexfile Layout Driver Registering...
[    2.774626] fuse: init (API version 7.36)
[    2.775192] SGI XFS with ACLs, security attributes, realtime, quota, no debug enabled
[    2.777310] 9p: Installing v9fs 9p2000 file system support
[    2.784148] Key type asymmetric registered
[    2.784495] Asymmetric key parser 'x509' registered
[    2.786093] alg: self-tests for CTR-KDF (hmac(sha256)) passed
[    2.786848] Block layer SCSI generic (bsg) driver version 0.4 loaded (major 243)
[    2.787852] io scheduler mq-deadline registered
[    2.788199] io scheduler bfq registered
[    2.789132] shpchp: Standard Hot Plug PCI Controller Driver version: 0.4
[    2.789929] IPMI message handler: version 39.2
[    2.790255] ipmi device interface
[    2.791916] input: Power Button as /devices/LNXSYSTM:00/LNXPWRBN:00/input/input0
[    2.792669] ACPI: button: Power Button [PWRF]
[    2.793868] ERST DBG: ERST support is disabled.
[    2.795053] Serial: 8250/16550 driver, 32 ports, IRQ sharing enabled
[    2.796286] 00:04: ttyS0 at I/O 0x3f8 (irq = 4, base_baud = 115200) is a 16550A
[    2.804783] Linux agpgart interface v0.103
[    2.805676] ACPI: bus type drm_connector registered
[    2.817504] brd: module loaded
[    2.824372] loop: module loaded
[    2.829145] scsi host0: ata_piix
[    2.830079] scsi host1: ata_piix
[    2.830489] ata1: PATA max MWDMA2 cmd 0x1f0 ctl 0x3f6 bmdma 0xc040 irq 14
[    2.831012] ata2: PATA max MWDMA2 cmd 0x170 ctl 0x376 bmdma 0xc048 irq 15
[    2.832744] tun: Universal TUN/TAP device driver, 1.6
[    2.833304] e100: Intel(R) PRO/100 Network Driver
[    2.833670] e100: Copyright(c) 1999-2006 Intel Corporation
[    2.834141] e1000: Intel(R) PRO/1000 Network Driver
[    2.834460] e1000: Copyright (c) 1999-2006 Intel Corporation.
[    2.988352] ata1: found unknown device (class 0)
[    2.989637] ata1.00: ATA-7: QEMU HARDDISK, 2.5+, max UDMA/100
[    2.990319] ata1.00: 16777216 sectors, multi 16: LBA48 
[    2.992210] scsi 0:0:0:0: Direct-Access     ATA      QEMU HARDDISK    2.5+ PQ: 0 ANSI: 5
[    2.994072] scsi 0:0:0:0: Attached scsi generic sg0 type 0
[    2.995450] ACPI: \_SB_.LNKC: Enabled at IRQ 11
[    2.995647] sd 0:0:0:0: [sda] 16777216 512-byte logical blocks: (8.59 GB/8.00 GiB)
[    2.996546] ata2: found unknown device (class 0)
[    2.997023] sd 0:0:0:0: [sda] Write Protect is off
[    2.997707] ata2.00: ATAPI: QEMU DVD-ROM, 2.5+, max UDMA/100
[    2.998336] sd 0:0:0:0: [sda] Write cache: enabled, read cache: enabled, doesn't support DPO or FUA
[    2.999209] scsi 1:0:0:0: CD-ROM            QEMU     QEMU DVD-ROM     2.5+ PQ: 0 ANSI: 5
[    3.000731] scsi 1:0:0:0: Attached scsi generic sg1 type 5
[    3.032490] sd 0:0:0:0: [sda] Attached SCSI disk
[    3.324780] e1000 0000:00:03.0 eth0: (PCI:33MHz:32-bit) 52:54:00:12:34:56
[    3.325606] e1000 0000:00:03.0 eth0: Intel(R) PRO/1000 Network Connection
[    3.326514] e1000e: Intel(R) PRO/1000 Network Driver
[    3.327076] e1000e: Copyright(c) 1999 - 2015 Intel Corporation.
[    3.327818] igb: Intel(R) Gigabit Ethernet Network Driver
[    3.328457] igb: Copyright (c) 2007-2014 Intel Corporation.
[    3.329217] PPP generic driver version 2.4.2
[    3.330261] VFIO - User Level meta-driver version: 0.3
[    3.330934] ehci_hcd: USB 2.0 'Enhanced' Host Controller (EHCI) Driver
[    3.331675] ehci-pci: EHCI PCI platform driver
[    3.332273] ehci-platform: EHCI generic platform driver
[    3.332907] ohci_hcd: USB 1.1 'Open' Host Controller (OHCI) Driver
[    3.333650] ohci-pci: OHCI PCI platform driver
[    3.334214] ohci-platform: OHCI generic platform driver
[    3.334859] uhci_hcd: USB Universal Host Controller Interface driver
[    3.335981] usbcore: registered new interface driver uas
[    3.336677] usbcore: registered new interface driver usb-storage
[    3.337487] i8042: PNP: PS/2 Controller [PNP0303:KBD,PNP0f13:MOU] at 0x60,0x64 irq 1,12
[    3.339284] serio: i8042 KBD port at 0x60,0x64 irq 1
[    3.339938] serio: i8042 AUX port at 0x60,0x64 irq 12
[    3.341350] mousedev: PS/2 mouse device common for all mice
[    3.343089] input: AT Translated Set 2 keyboard as /devices/platform/i8042/serio0/input/input1
[    3.345242] input: VirtualPS/2 VMware VMMouse as /devices/platform/i8042/serio1/input/input4
[    3.346218] rtc_cmos 00:05: RTC can wake from S4
[    3.346444] input: VirtualPS/2 VMware VMMouse as /devices/platform/i8042/serio1/input/input3
[    3.348001] rtc_cmos 00:05: registered as rtc0
[    3.348442] rtc_cmos 00:05: setting system clock to 2023-03-13T18:47:49 UTC (1678733269)
[    3.349203] rtc_cmos 00:05: alarms up to one day, y3k, 242 bytes nvram, hpet irqs
[    3.349817] i2c_dev: i2c /dev entries driver
[    3.350211] device-mapper: core: CONFIG_IMA_DISABLE_HTABLE is disabled. Duplicate IMA measurements will not be recorded in the IMA log.
[    3.351246] device-mapper: uevent: version 1.0.3
[    3.351919] device-mapper: ioctl: 4.45.0-ioctl (2021-03-22) initialised: dm-devel@redhat.com
[    3.352591] intel_pstate: CPU model not supported
[    3.353044] sdhci: Secure Digital Host Controller Interface driver
[    3.353523] sdhci: Copyright(c) Pierre Ossman
[    3.353944] sdhci-pltfm: SDHCI platform and OF driver helper
[    3.354450] ledtrig-cpu: registered to indicate activity on CPUs
[    3.355144] drop_monitor: Initializing network drop monitor service
[    3.356079] NET: Registered PF_INET6 protocol family
[    3.358730] Segment Routing with IPv6
[    3.359214] In-situ OAM (IOAM) with IPv6
[    3.359728] NET: Registered PF_PACKET protocol family
[    3.360593] 9pnet: Installing 9P2000 support
[    3.360984] Key type dns_resolver registered
[    3.362028] IPI shorthand broadcast: enabled
[    3.362391] sched_clock: Marking stable (3348602609, 13255451)->(3377584542, -15726482)
[    3.363524] registered taskstats version 1
[    3.363984] Loading compiled-in X.509 certificates
[    3.364899] zswap: loaded using pool lzo/zbud
[    3.366275] Key type ._fscrypt registered
[    3.366744] Key type .fscrypt registered
[    3.367199] Key type fscrypt-provisioning registered
[    3.368907] Key type encrypted registered
[    3.369425] ima: No TPM chip found, activating TPM-bypass!
[    3.370061] ima: Allocated hash algorithm: sha1
[    3.370673] ima: No architecture policies found
[    3.371311] evm: Initialising EVM extended attributes:
[    3.371927] evm: security.selinux
[    3.372351] evm: security.SMACK64
[    3.372737] evm: security.SMACK64EXEC
[    3.373169] evm: security.SMACK64TRANSMUTE
[    3.373649] evm: security.SMACK64MMAP
[    3.374080] evm: security.apparmor
[    3.374484] evm: security.ima
[    3.374837] evm: security.capability
[    3.375255] evm: HMAC attrs: 0x1
[    3.382062] PM:   Magic number: 15:104:797
[    3.383092] RAS: Correctable Errors collector initialized.
[    3.384990] md: Waiting for all devices to be available before autodetect
[    3.385762] md: If you don't use raid, use raid=noautodetect
[    3.386406] md: Autodetecting RAID arrays.
[    3.386893] md: autorun ...
[    3.387225] md: ... autorun DONE.
[    3.390695] EXT4-fs (sda): INFO: recovery required on readonly filesystem
[    3.391258] EXT4-fs (sda): write access will be enabled during recovery
[    3.439394] EXT4-fs (sda): recovery complete
[    3.446213] EXT4-fs (sda): mounted filesystem with ordered data mode. Quota mode: none.
[    3.447219] VFS: Mounted root (ext4 filesystem) readonly on device 8:0.
[    3.448787] devtmpfs: mounted
[    3.455203] Freeing unused decrypted memory: 2036K
[    3.456965] Freeing unused kernel image (initmem) memory: 3180K
[    3.457742] Write protecting the kernel read-only data: 43008k
[    3.461920] Freeing unused kernel image (text/rodata gap) memory: 2028K
[    3.462908] Freeing unused kernel image (rodata/data gap) memory: 276K
[    3.554454] x86/mm: Checked W+X mappings: passed, no W+X pages found.
[    3.555067] Run /sbin/init as init process
[    3.561847] random: fast init done
[    3.639092] systemd[1]: RTC configured in localtime, applying delta of 0 minutes to system time.
[    3.662034] systemd[1]: systemd 239 (239-49.el8) running in system mode. (+PAM +AUDIT +SELINUX +IMA -APPARMOR +SMACK +SYSVINIT +UTMP +LIBCRYPTSETUP +GCRYPT +GNUTLS +ACL +XZ +LZ4 +SECCOMP +BLKID +ELFUTILS +KMOD +IDN2 -IDN +PCRE2 default-hierarchy=legacy)
[    3.663600] systemd[1]: Detected virtualization kvm.
[    3.663950] systemd[1]: Detected architecture x86-64.

Welcome to [0;31mCentOS Stream 8[0m!

[    3.688737] systemd[1]: Set hostname to <test>.
[    3.858517] random: lvmconfig: uninitialized urandom read (4 bytes read)
[    3.951082] random: systemd: uninitialized urandom read (16 bytes read)
[    3.952096] systemd[1]: Set up automount Arbitrary Executable File Formats File System Automount Point.
[[0;32m  OK  [0m] Set up automount Arbitrary Executabâ€¦rmats File System Automount Point.
[    3.953802] random: systemd: uninitialized urandom read (16 bytes read)
[    3.954829] systemd[1]: Listening on RPCbind Server Activation Socket.
[[0;32m  OK  [0m] Listening on RPCbind Server Activation Socket.
[    3.956236] systemd[1]: Listening on udev Control Socket.
[[0;32m  OK  [0m] Listening on udev Control Socket.
[    3.957350] systemd[1]: Started Forward Password Requests to Wall Directory Watch.
[[0;32m  OK  [0m] Started Forward Password Requests to Wall Directory Watch.
[    3.964981] systemd[1]: Listening on Process Core Dump Socket.
[[0;32m  OK  [0m] Listening on Process Core Dump Socket.
[    3.966288] systemd[1]: Listening on Journal Socket.
[[0;32m  OK  [0m] Listening on Journal Socket.
         Starting Load Kernel Modules...
         Mounting Kernel Debug File System...
         Mounting Huge Pages File System...
         Starting Remount Root and Kernel File Systems...
[[0;32m  OK  [0m] Created slice system-sshd\x2dkeygen.slice.
[[0;32m  OK  [0m] Reached target Swap.
[[0;32m  OK  [0m] Listening on LVM2 poll daemon socket.
[[0;32m  OK  [0m] Reached target RPC Port Mapper.
[[0;32m  OK  [0m] Listening on Device-mapper event daemon FIFOs.
         Starting Monitoring of LVM2 mirrorsâ€¦ng dmeventd or progress polling...
[[0;32m  OK  [0m] Created slice User and Session Slice.
[[0;32m  OK  [0m] Reached target Slices.
         Starting Setup Virtual Console...
[[0;32m  OK  [0m] Listening on multipathd control socket.
[[0;32m  OK  [0m] Listening on initctl Compatibility Named Pipe.
[[0;32m  OK  [0m] Created slice system-serial\x2dgetty.slice.
[[0;32m  OK  [0m] Created slice system-getty.slice.
         Mounting POSIX Message Queue File System...
[[0;32m  OK  [0m] Listening on udev Kernel Socket.
         Starting udev Coldplug all Devices...
[[0;32m  OK  [0m] Listening on Journal Socket (/dev/log).
         Starting Journal Service...
[[0;1;31mFAILED[0m] Failed to start Load Kernel Modules.
See 'systemctl status systemd-modules-load.service' for details.
[[0;32m  OK  [0m] Mounted Kernel Debug File System.
[[0;32m  OK  [0m] Mounted Huge Pages File System.
[[0;32m  OK  [0m] Mounted POSIX Message Queue File System.
         Mounting FUSE Control File System...
         Starting Apply Kernel Variables...
         Mounting Kernel Configuration File System...
[[0;32m  OK  [0m] Mounted FUSE Control File System.
[[0;32m  OK  [0m] Mounted Kernel Configuration File System.
[[0;32m  OK  [0m] Started Apply Kernel Variables.
[    4.263651] EXT4-fs (sda): re-mounted. Quota mode: none.
[[0;32m  OK  [0m] Started Remount Root and Kernel File Systems.
         Starting Load/Save Random Seed...
         Starting Create Static Device Nodes in /dev...
[[0;32m  OK  [0m] Started Journal Service.
[[0;32m  OK  [0m] Started Load/Save Random Seed.
[[0;32m  OK  [0m] Started Create Static Device Nodes in /dev.
         Starting udev Kernel Device Manager...
         Starting Flush Journal to Persistent Storage...
[[0;32m  OK  [0m] Started Flush Journal to Persistent Storage.
[[0;32m  OK  [0m] Started Setup Virtual Console.
[[0;32m  OK  [0m] Started udev Kernel Device Manager.
[[0;32m  OK  [0m] Started udev Coldplug all Devices.
         Starting udev Wait for Complete Device Initialization...
         Starting Show Plymouth Boot Screen...
[[0;32m  OK  [0m] Started Show Plymouth Boot Screen.
[[0;32m  OK  [0m] Started Forward Password Requests to Plymouth Directory Watch.
[[0;32m  OK  [0m] Reached target Local Encrypted Volumes.
[[0;32m  OK  [0m] Reached target Paths.
[[0;32m  OK  [0m] Found device /dev/ttyS0.
[[0;32m  OK  [0m] Started Monitoring of LVM2 mirrors,â€¦sing dmeventd or progress polling.
[[0;32m  OK  [0m] Started udev Wait for Complete Device Initialization.
[[0;32m  OK  [0m] Listening on Load/Save RF Kill Switch Status /dev/rfkill Watch.
[[0;32m  OK  [0m] Reached target Local File Systems (Pre).
[[0;32m  OK  [0m] Reached target Local File Systems.
         Starting Tell Plymouth To Write Out Runtime Data...
         Starting Create Volatile Files and Directories...
         Starting Restore /run/initramfs on shutdown...
[[0;32m  OK  [0m] Started Tell Plymouth To Write Out Runtime Data.
[[0;32m  OK  [0m] Started Restore /run/initramfs on shutdown.
[[0;32m  OK  [0m] Started Create Volatile Files and Directories.
         Starting Security Auditing Service...
         Starting RPC Bind...
         Mounting RPC Pipe File System...
[[0;32m  OK  [0m] Mounted RPC Pipe File System.
[[0;32m  OK  [0m] Reached target rpc_pipefs.target.
[[0;32m  OK  [0m] Started RPC Bind.
[[0;32m  OK  [0m] Started Security Auditing Service.
         Starting Update UTMP about System Boot/Shutdown...
[[0;32m  OK  [0m] Started Update UTMP about System Boot/Shutdown.
[[0;32m  OK  [0m] Reached target System Initialization.
[[0;32m  OK  [0m] Started Daily Cleanup of Temporary Directories.
[[0;32m  OK  [0m] Started daily update of the root trust anchor for DNSSEC.
[[0;32m  OK  [0m] Listening on SSSD Kerberos Cache Manager responder socket.
[[0;32m  OK  [0m] Listening on D-Bus System Message Bus Socket.
[[0;32m  OK  [0m] Reached target Sockets.
[[0;32m  OK  [0m] Reached target Basic System.
         Starting Self Monitoring and Reporting Technology (SMART) Daemon...
[[0;32m  OK  [0m] Started D-Bus System Message Bus.
         Starting Network Manager...
         Starting Login Service...
[[0;32m  OK  [0m] Started Machine Check Exception Logging Daemon.
[[0;32m  OK  [0m] Started irqbalance daemon.
         Starting Authorization Manager...
         Starting NTP client/server...
         Starting Auto-connect to subsystemsâ€¦-NVME devices found during boot...
[[0;32m  OK  [0m] Reached target sshd-keygen.target.
[[0;32m  OK  [0m] Started dnf makecache --timer.
[[0;32m  OK  [0m] Reached target Timers.
         Starting update of the root trust aâ€¦or DNSSEC validation in unbound...
[[0;32m  OK  [0m] Started Self Monitoring and Reporting Technology (SMART) Daemon.
[[0;32m  OK  [0m] Started Auto-connect to subsystems â€¦FC-NVME devices found during boot.
[[0;32m  OK  [0m] Started Login Service.
[[0;32m  OK  [0m] Started Network Manager.
         Starting Network Manager Wait Online...
[[0;32m  OK  [0m] Reached target Network.
         Starting OpenSSH server daemon...
         Starting Dynamic System Tuning Daemon...
         Starting GSSAPI Proxy Daemon...
[[0;32m  OK  [0m] Started NTP client/server.
         Starting Hostname Service...
[[0;32m  OK  [0m] Started Authorization Manager.
[[0;32m  OK  [0m] Started Hostname Service.
         Starting Network Manager Script Dispatcher Service...
[    5.908365] e1000: eth0 NIC Link is Up 1000 Mbps Full Duplex, Flow Control: RX
[    5.909197] IPv6: ADDRCONF(NETDEV_CHANGE): eth0: link becomes ready
[[0;32m  OK  [0m] Started Network Manager Script Dispatcher Service.
[    6.192847] Spectre V2 : WARNING: Unprivileged eBPF is enabled with eIBRS on, data leaks possible via Spectre v2 BHB attacks!
[    6.194525] Spectre V2 : WARNING: Unprivileged eBPF is enabled with eIBRS on, data leaks possible via Spectre v2 BHB attacks!
[[0;32m  OK  [0m] Started Dynamic System Tuning Daemon.
[    6.840407] random: crng init done
[    6.840719] random: 7 urandom warning(s) missed due to ratelimiting
[[0;32m  OK  [0m] Started OpenSSH server daemon.
[[0;32m  OK  [0m] Started GSSAPI Proxy Daemon.
[[0;32m  OK  [0m] Reached target NFS client services.
[[0;32m  OK  [0m] Reached target Remote File Systems (Pre).
[[0;32m  OK  [0m] Reached target Remote File Systems.
         Starting Permit User Sessions...
[[0;32m  OK  [0m] Started update of the root trust anâ€¦ for DNSSEC validation in unbound.
[[0;32m  OK  [0m] Started Permit User Sessions.
[[0;32m  OK  [0m] Started Command Scheduler.
         Starting Hold until boot process finishes up...
         Starting Terminate Plymouth Boot Screen...

CentOS Stream 8
Kernel 5.17.0-rc8-e243f39685af+ on an x86_64

test login: 