c[?7l[2J[0mSeaBIOS (version rel-1.16.0-0-gd239552ce722-prebuilt.qemu.org)


iPXE (http://ipxe.org) 00:03.0 CA00 PCI2.10 PnP PMM+7FF91000+7FEF1000 CA00
Press Ctrl-B to configure iPXE (PCI 00:03.0)...                                                                               


Booting from ROM..c[?7l[2J[    0.000000] Linux version 6.1.0-e2ca6ba6ba01+ (root@p-adls01) (gcc (GCC) 8.5.0 20210514 (Red Hat 8.5.0-18), GNU ld version 2.36.1-2.el8) #1 SMP PREEMPT_DYNAMIC Wed Mar  1 18:09:37 CST 2023
[    0.000000] Command line: console=ttyS0 root=/dev/sda earlyprintk=serial net.ifnames=0
[    0.000000] KERNEL supported cpus:
[    0.000000]   Intel GenuineIntel
[    0.000000]   AMD AuthenticAMD
[    0.000000]   Hygon HygonGenuine
[    0.000000]   Centaur CentaurHauls
[    0.000000]   zhaoxin   Shanghai  
[    0.000000] x86/fpu: Supporting XSAVE feature 0x001: 'x87 floating point registers'
[    0.000000] x86/fpu: Supporting XSAVE feature 0x002: 'SSE registers'
[    0.000000] x86/fpu: Supporting XSAVE feature 0x004: 'AVX registers'
[    0.000000] x86/fpu: Supporting XSAVE feature 0x200: 'Protection Keys User registers'
[    0.000000] x86/fpu: xstate_offset[2]:  576, xstate_sizes[2]:  256
[    0.000000] x86/fpu: xstate_offset[9]:  832, xstate_sizes[9]:    8
[    0.000000] x86/fpu: Enabled xstate features 0x207, context size is 840 bytes, using 'compacted' format.
[    0.000000] signal: max sigframe size: 3632
[    0.000000] BIOS-provided physical RAM map:
[    0.000000] BIOS-e820: [mem 0x0000000000000000-0x000000000009fbff] usable
[    0.000000] BIOS-e820: [mem 0x000000000009fc00-0x000000000009ffff] reserved
[    0.000000] BIOS-e820: [mem 0x00000000000f0000-0x00000000000fffff] reserved
[    0.000000] BIOS-e820: [mem 0x0000000000100000-0x000000007ffdffff] usable
[    0.000000] BIOS-e820: [mem 0x000000007ffe0000-0x000000007fffffff] reserved
[    0.000000] BIOS-e820: [mem 0x00000000feffc000-0x00000000feffffff] reserved
[    0.000000] BIOS-e820: [mem 0x00000000fffc0000-0x00000000ffffffff] reserved
[    0.000000] printk: bootconsole [earlyser0] enabled
[    0.000000] NX (Execute Disable) protection: active
[    0.000000] SMBIOS 2.8 present.
[    0.000000] DMI: QEMU Standard PC (i440FX + PIIX, 1996), BIOS rel-1.16.0-0-gd239552ce722-prebuilt.qemu.org 04/01/2014
[    0.000000] Hypervisor detected: KVM
[    0.000000] kvm-clock: Using msrs 4b564d01 and 4b564d00
[    0.000004] kvm-clock: using sched offset of 392585991 cycles
[    0.000420] clocksource: kvm-clock: mask: 0xffffffffffffffff max_cycles: 0x1cd42e4dffb, max_idle_ns: 881590591483 ns
[    0.001704] tsc: Detected 3609.600 MHz processor
[    0.008751] last_pfn = 0x7ffe0 max_arch_pfn = 0x400000000
[    0.009238] x86/PAT: Configuration [0-7]: WB  WC  UC- UC  WB  WP  UC- WT  
[    0.017612] found SMP MP-table at [mem 0x000f5ba0-0x000f5baf]
[    0.018199] Using GB pages for direct mapping
[    0.019733] ACPI: Early table checksum verification disabled
[    0.020224] ACPI: RSDP 0x00000000000F59C0 000014 (v00 BOCHS )
[    0.020706] ACPI: RSDT 0x000000007FFE1951 000034 (v01 BOCHS  BXPC     00000001 BXPC 00000001)
[    0.021418] ACPI: FACP 0x000000007FFE17FD 000074 (v01 BOCHS  BXPC     00000001 BXPC 00000001)
[    0.022110] ACPI: DSDT 0x000000007FFE0040 0017BD (v01 BOCHS  BXPC     00000001 BXPC 00000001)
[    0.022793] ACPI: FACS 0x000000007FFE0000 000040
[    0.023197] ACPI: APIC 0x000000007FFE1871 000080 (v01 BOCHS  BXPC     00000001 BXPC 00000001)
[    0.023878] ACPI: HPET 0x000000007FFE18F1 000038 (v01 BOCHS  BXPC     00000001 BXPC 00000001)
[    0.024565] ACPI: WAET 0x000000007FFE1929 000028 (v01 BOCHS  BXPC     00000001 BXPC 00000001)
[    0.025243] ACPI: Reserving FACP table memory at [mem 0x7ffe17fd-0x7ffe1870]
[    0.025796] ACPI: Reserving DSDT table memory at [mem 0x7ffe0040-0x7ffe17fc]
[    0.026345] ACPI: Reserving FACS table memory at [mem 0x7ffe0000-0x7ffe003f]
[    0.026887] ACPI: Reserving APIC table memory at [mem 0x7ffe1871-0x7ffe18f0]
[    0.027438] ACPI: Reserving HPET table memory at [mem 0x7ffe18f1-0x7ffe1928]
[    0.027977] ACPI: Reserving WAET table memory at [mem 0x7ffe1929-0x7ffe1950]
[    0.029093] No NUMA configuration found
[    0.029387] Faking a node at [mem 0x0000000000000000-0x000000007ffdffff]
[    0.029955] NODE_DATA(0) allocated [mem 0x7ffb5000-0x7ffdffff]
[    0.033679] Zone ranges:
[    0.033905]   DMA      [mem 0x0000000000001000-0x0000000000ffffff]
[    0.034392]   DMA32    [mem 0x0000000001000000-0x000000007ffdffff]
[    0.034875]   Normal   empty
[    0.035108]   Device   empty
[    0.035338] Movable zone start for each node
[    0.035672] Early memory node ranges
[    0.035949]   node   0: [mem 0x0000000000001000-0x000000000009efff]
[    0.036440]   node   0: [mem 0x0000000000100000-0x000000007ffdffff]
[    0.036934] Initmem setup node 0 [mem 0x0000000000001000-0x000000007ffdffff]
[    0.037971] On node 0, zone DMA: 1 pages in unavailable ranges
[    0.037992] On node 0, zone DMA: 97 pages in unavailable ranges
[    0.067692] On node 0, zone DMA32: 32 pages in unavailable ranges
[    0.068431] ACPI: PM-Timer IO Port: 0x608
[    0.069267] ACPI: LAPIC_NMI (acpi_id[0xff] dfl dfl lint[0x1])
[    0.069782] IOAPIC[0]: apic_id 0, version 17, address 0xfec00000, GSI 0-23
[    0.070353] ACPI: INT_SRC_OVR (bus 0 bus_irq 0 global_irq 2 dfl dfl)
[    0.070864] ACPI: INT_SRC_OVR (bus 0 bus_irq 5 global_irq 5 high level)
[    0.071404] ACPI: INT_SRC_OVR (bus 0 bus_irq 9 global_irq 9 high level)
[    0.071946] ACPI: INT_SRC_OVR (bus 0 bus_irq 10 global_irq 10 high level)
[    0.072490] ACPI: INT_SRC_OVR (bus 0 bus_irq 11 global_irq 11 high level)
[    0.073048] ACPI: Using ACPI (MADT) for SMP configuration information
[    0.073561] ACPI: HPET id: 0x8086a201 base: 0xfed00000
[    0.073987] TSC deadline timer available
[    0.074307] smpboot: Allowing 2 CPUs, 0 hotplug CPUs
[    0.074789] kvm-guest: KVM setup pv remote TLB flush
[    0.075194] kvm-guest: setup PV sched yield
[    0.075598] PM: hibernation: Registered nosave memory: [mem 0x00000000-0x00000fff]
[    0.076193] PM: hibernation: Registered nosave memory: [mem 0x0009f000-0x0009ffff]
[    0.076780] PM: hibernation: Registered nosave memory: [mem 0x000a0000-0x000effff]
[    0.077376] PM: hibernation: Registered nosave memory: [mem 0x000f0000-0x000fffff]
[    0.077967] [mem 0x80000000-0xfeffbfff] available for PCI devices
[    0.078444] Booting paravirtualized kernel on KVM
[    0.078830] clocksource: refined-jiffies: mask: 0xffffffff max_cycles: 0xffffffff, max_idle_ns: 7645519600211568 ns
[    0.079670] setup_percpu: NR_CPUS:8192 nr_cpumask_bits:2 nr_cpu_ids:2 nr_node_ids:1
[    0.081529] percpu: Embedded 64 pages/cpu s225280 r8192 d28672 u1048576
[    0.082276] kvm-guest: PV spinlocks enabled
[    0.082623] PV qspinlock hash table entries: 256 (order: 0, 4096 bytes, linear)
[    0.083265] Fallback order for Node 0: 0 
[    0.083610] Built 1 zonelists, mobility grouping on.  Total pages: 515808
[    0.084158] Policy zone: DMA32
[    0.084406] Kernel command line: net.ifnames=0 console=ttyS0 root=/dev/sda earlyprintk=serial net.ifnames=0
[    0.085671] random: crng init done
[    0.087262] Dentry cache hash table entries: 262144 (order: 9, 2097152 bytes, linear)
[    0.088342] Inode-cache hash table entries: 131072 (order: 8, 1048576 bytes, linear)
[    0.089091] mem auto-init: stack:off, heap alloc:off, heap free:off
[    0.092675] Memory: 1983336K/2096632K available (32784K kernel code, 4707K rwdata, 8368K rodata, 3680K init, 22100K bss, 113040K reserved, 0K cma-reserved)
[    0.094421] SLUB: HWalign=64, Order=0-3, MinObjects=0, CPUs=2, Nodes=1
[    0.094925] kmemleak: Kernel memory leak detector disabled
[    0.095379] ftrace: allocating 67725 entries in 265 pages
[    0.118689] ftrace: allocated 265 pages with 3 groups
[    0.121784] Dynamic Preempt: voluntary
[    0.122270] Running RCU self tests
[    0.122546] rcu: Preemptible hierarchical RCU implementation.
[    0.122990] rcu: 	RCU lockdep checking is enabled.
[    0.123379] rcu: 	RCU restricting CPUs from NR_CPUS=8192 to nr_cpu_ids=2.
[    0.123916] 	Trampoline variant of Tasks RCU enabled.
[    0.124317] 	Rude variant of Tasks RCU enabled.
[    0.124669] 	Tracing variant of Tasks RCU enabled.
[    0.125047] rcu: RCU calculated value of scheduler-enlistment delay is 25 jiffies.
[    0.125631] rcu: Adjusting geometry for rcu_fanout_leaf=16, nr_cpu_ids=2
[    0.150068] NR_IRQS: 524544, nr_irqs: 440, preallocated irqs: 16
[    0.150847] rcu: srcu_init: Setting srcu_struct sizes based on contention.
[    0.157373] Console: colour VGA+ 80x25
[    0.157729] printk: console [ttyS0] enabled
[    0.157729] printk: console [ttyS0] enabled
[    0.158381] printk: bootconsole [earlyser0] disabled
[    0.158381] printk: bootconsole [earlyser0] disabled
[    0.159161] Lock dependency validator: Copyright (c) 2006 Red Hat, Inc., Ingo Molnar
[    0.159766] ... MAX_LOCKDEP_SUBCLASSES:  8
[    0.160091] ... MAX_LOCK_DEPTH:          48
[    0.160423] ... MAX_LOCKDEP_KEYS:        8192
[    0.160767] ... CLASSHASH_SIZE:          4096
[    0.161112] ... MAX_LOCKDEP_ENTRIES:     32768
[    0.161464] ... MAX_LOCKDEP_CHAINS:      65536
[    0.161815] ... CHAINHASH_SIZE:          32768
[    0.162167]  memory used by lock dependency info: 6365 kB
[    0.162591]  memory used for stack traces: 4224 kB
[    0.162969]  per task-struct memory footprint: 1920 bytes
[    0.163439] ACPI: Core revision 20221020
[    0.163952] clocksource: hpet: mask: 0xffffffff max_cycles: 0xffffffff, max_idle_ns: 19112604467 ns
[    0.164785] APIC: Switch to symmetric I/O mode setup
[    0.165319] x2apic enabled
[    0.165673] Switched APIC routing to physical x2apic.
[    0.166072] kvm-guest: setup PV IPIs
[    0.167062] ..TIMER: vector=0x30 apic1=0 pin1=2 apic2=-1 pin2=-1
[    0.167558] clocksource: tsc-early: mask: 0xffffffffffffffff max_cycles: 0x3407c077a8d, max_idle_ns: 440795342283 ns
[    0.168392] Calibrating delay loop (skipped) preset value.. 7219.20 BogoMIPS (lpj=14438400)
[    0.172397] pid_max: default: 32768 minimum: 301
[    0.172837] LSM: initializing lsm=capability,yama,integrity
[    0.173291] Yama: becoming mindful.
[    0.173731] Mount-cache hash table entries: 4096 (order: 3, 32768 bytes, linear)
[    0.174328] Mountpoint-cache hash table entries: 4096 (order: 3, 32768 bytes, linear)
[    0.176420] x86/cpu: User Mode Instruction Prevention (UMIP) activated
[    0.177290] Last level iTLB entries: 4KB 0, 2MB 0, 4MB 0
[    0.177761] Last level dTLB entries: 4KB 0, 2MB 0, 4MB 0, 1GB 0
[    0.180435] Spectre V1 : Mitigation: usercopy/swapgs barriers and __user pointer sanitization
[    0.181100] Spectre V2 : WARNING: Unprivileged eBPF is enabled with eIBRS on, data leaks possible via Spectre v2 BHB attacks!
[    0.181976] Spectre V2 : Mitigation: Enhanced IBRS
[    0.182342] Spectre V2 : Spectre v2 / SpectreRSB mitigation: Filling RSB on context switch
[    0.182968] Spectre V2 : Spectre v2 / PBRSB-eIBRS: Retire a single CALL on VMEXIT
[    0.183544] Spectre V2 : mitigation: Enabling conditional Indirect Branch Prediction Barrier
[    0.184179] Speculative Store Bypass: Mitigation: Speculative Store Bypass disabled via prctl
[    0.282591] Freeing SMP alternatives memory: 56K
[    0.283358] smpboot: CPU0: 12th Gen Intel(R) Core(TM) i7-12700K (family: 0x6, model: 0x97, stepping: 0x2)
[    0.284378] cblist_init_generic: Setting adjustable number of callback queues.
[    0.284378] cblist_init_generic: Setting shift to 1 and lim to 1.
[    0.284378] cblist_init_generic: Setting shift to 1 and lim to 1.
[    0.284378] cblist_init_generic: Setting shift to 1 and lim to 1.
[    0.284378] Running RCU-tasks wait API self tests
[    0.384483] Performance Events: Alderlake Hybrid events, full-width counters, Intel PMU driver.
[    0.385595] core: cpu_core PMU driver: 
[    0.385891] ... version:                2
[    0.386192] ... bit width:              48
[    0.386498] ... generic registers:      6
[    0.386807] ... value mask:             0000ffffffffffff
[    0.387199] ... max period:             00007fffffffffff
[    0.387597] ... fixed-purpose events:   3
[    0.387898] ... event mask:             0001000f0000003f
[    0.388480] rcu: Hierarchical SRCU implementation.
[    0.388837] rcu: 	Max phase no-delay instances is 1000.
[    0.390380] unchecked MSR access error: WRMSR to 0x38f (tried to write 0x0001000f0000003f) at rIP: 0xffffffff810ce45c (native_write_msr+0xc/0x30)
[    0.391358] Call Trace:
[    0.391544]  <TASK>
[    0.391715]  __intel_pmu_enable_all.constprop.46+0xb5/0x140
[    0.392131]  intel_pmu_enable_all+0x1e/0x30
[    0.392378]  x86_pmu_enable+0x46d/0x5a0
[    0.392378]  ? write_comp_data+0x2f/0x90
[    0.392378]  perf_pmu_enable+0x53/0x70
[    0.392378]  ctx_resched+0x14d/0x1e0
[    0.392378]  __perf_install_in_context+0x2f7/0x450
[    0.392378]  ? perf_assert_pmu_disabled.isra.84+0x50/0x50
[    0.392378]  ? perf_assert_pmu_disabled.isra.84+0x50/0x50
[    0.392378]  remote_function+0x80/0xa0
[    0.392378]  ? perf_assert_pmu_disabled.isra.84+0x50/0x50
[    0.392378]  generic_exec_single+0x124/0x190
[    0.392378]  smp_call_function_single+0x11c/0x240
[    0.392378]  ? perf_assert_pmu_disabled.isra.84+0x50/0x50
[    0.392378]  ? __sanitizer_cov_trace_pc+0x25/0x60
[    0.392378]  ? write_comp_data+0x2f/0x90
[    0.392378]  perf_install_in_context+0x2d8/0x300
[    0.392378]  ? ctx_resched+0x1e0/0x1e0
[    0.392378]  perf_event_create_kernel_counter+0x278/0x2a0
[    0.392378]  ? find_next_bit+0x30/0x30
[    0.392378]  hardlockup_detector_event_create+0x46/0xd0
[    0.392378]  hardlockup_detector_perf_init+0x18/0x66
[    0.392378]  watchdog_nmi_probe+0x17/0x1d
[    0.392378]  lockup_detector_init+0x40/0xaf
[    0.392378]  kernel_init_freeable+0x264/0x422
[    0.392378]  ? rest_init+0x240/0x240
[    0.392378]  kernel_init+0x24/0x1e0
[    0.392378]  ? rest_init+0x240/0x240
[    0.392378]  ret_from_fork+0x1f/0x30
[    0.392378]  </TASK>
[    0.392557] smp: Bringing up secondary CPUs ...
[    0.393311] x86: Booting SMP configuration:
[    0.393642] .... node  #0, CPUs:      #1
[    0.394106] smp: Brought up 1 node, 2 CPUs
[    0.394106] smpboot: Max logical packages: 1
[    0.394106] smpboot: Total of 2 processors activated (14438.40 BogoMIPS)
[    0.397962] devtmpfs: initialized
[    0.397962] x86/mm: Memory block size: 128MB
[    0.400772] clocksource: jiffies: mask: 0xffffffff max_cycles: 0xffffffff, max_idle_ns: 7645041785100000 ns
[    0.401457] futex hash table entries: 512 (order: 4, 65536 bytes, linear)
[    0.402183] pinctrl core: initialized pinctrl subsystem
[    0.403074] 
[    0.403196] *************************************************************
[    0.403688] **     NOTICE NOTICE NOTICE NOTICE NOTICE NOTICE NOTICE    **
[    0.404395] **                                                         **
[    0.404888] **  IOMMU DebugFS SUPPORT HAS BEEN ENABLED IN THIS KERNEL  **
[    0.405385] **                                                         **
[    0.405876] ** This means that this kernel is built to expose internal **
[    0.405876] Callback from call_rcu_tasks_trace() invoked.
[    0.406368] ** IOMMU data structures, which may compromise security on **
[    0.406371] ** your system.                                            **
[    0.406374] **                                                         **
[    0.408383] ** If you see this message and you are not debugging the   **
[    0.408878] ** kernel, report this immediately to your vendor!         **
[    0.409378] **                                                         **
[    0.409874] **     NOTICE NOTICE NOTICE NOTICE NOTICE NOTICE NOTICE    **
[    0.410370] *************************************************************
[    0.410909] PM: RTC time: 19:14:27, date: 2023-03-13
[    0.414227] NET: Registered PF_NETLINK/PF_ROUTE protocol family
[    0.415265] DMA: preallocated 256 KiB GFP_KERNEL pool for atomic allocations
[    0.415801] DMA: preallocated 256 KiB GFP_KERNEL|GFP_DMA pool for atomic allocations
[    0.416377] DMA: preallocated 256 KiB GFP_KERNEL|GFP_DMA32 pool for atomic allocations
[    0.417000] audit: initializing netlink subsys (disabled)
[    0.417477] audit: type=2000 audit(1678734867.829:1): state=initialized audit_enabled=0 res=1
[    0.417477] thermal_sys: Registered thermal governor 'fair_share'
[    0.417477] thermal_sys: Registered thermal governor 'bang_bang'
[    0.417843] thermal_sys: Registered thermal governor 'step_wise'
[    0.418286] thermal_sys: Registered thermal governor 'user_space'
[    0.418763] cpuidle: using governor ladder
[    0.420394] cpuidle: using governor menu
[    0.420965] acpiphp: ACPI Hot Plug PCI Controller Driver version: 0.5
[    0.421695] PCI: Using configuration type 1 for base access
[    0.422912] kprobes: kprobe jump-optimization is enabled. All kprobes are optimized if possible.
[    0.624760] HugeTLB: registered 1.00 GiB page size, pre-allocated 0 pages
[    0.625301] HugeTLB: 16380 KiB vmemmap can be freed for a 1.00 GiB page
[    0.625799] HugeTLB: registered 2.00 MiB page size, pre-allocated 0 pages
[    0.626298] HugeTLB: 28 KiB vmemmap can be freed for a 2.00 MiB page
[    0.629611] ACPI: Added _OSI(Module Device)
[    0.629942] ACPI: Added _OSI(Processor Device)
[    0.630275] ACPI: Added _OSI(3.0 _SCP Extensions)
[    0.630625] ACPI: Added _OSI(Processor Aggregator Device)
[    0.635809] ACPI: 1 ACPI AML tables successfully acquired and loaded
[    0.639054] ACPI: Interpreter enabled
[    0.639424] ACPI: PM: (supports S0 S3 S4 S5)
[    0.639750] ACPI: Using IOAPIC for interrupt routing
[    0.640158] PCI: Using host bridge windows from ACPI; if necessary, use "pci=nocrs" and report a bug
[    0.640384] PCI: Using E820 reservations for host bridge windows
[    0.641438] ACPI: Enabled 2 GPEs in block 00 to 0F
[    0.655908] ACPI: PCI Root Bridge [PCI0] (domain 0000 [bus 00-ff])
[    0.656397] acpi PNP0A03:00: _OSC: OS supports [ASPM ClockPM Segments MSI EDR HPX-Type3]
[    0.657002] acpi PNP0A03:00: _OSC: not requesting OS control; OS requires [ExtendedConfig ASPM ClockPM MSI]
[    0.657772] acpi PNP0A03:00: fail to add MMCONFIG information, can't access extended PCI configuration space under this bridge.
[    0.660616] acpiphp: Slot [3] registered
[    0.660969] acpiphp: Slot [4] registered
[    0.661316] acpiphp: Slot [5] registered
[    0.661663] acpiphp: Slot [6] registered
[    0.662024] acpiphp: Slot [7] registered
[    0.662370] acpiphp: Slot [8] registered
[    0.662725] acpiphp: Slot [9] registered
[    0.663074] acpiphp: Slot [10] registered
[    0.663425] acpiphp: Slot [11] registered
[    0.663777] acpiphp: Slot [12] registered
[    0.664139] acpiphp: Slot [13] registered
[    0.664435] acpiphp: Slot [14] registered
[    0.664788] acpiphp: Slot [15] registered
[    0.665140] acpiphp: Slot [16] registered
[    0.665492] acpiphp: Slot [17] registered
[    0.665843] acpiphp: Slot [18] registered
[    0.666206] acpiphp: Slot [19] registered
[    0.666559] acpiphp: Slot [20] registered
[    0.666912] acpiphp: Slot [21] registered
[    0.667265] acpiphp: Slot [22] registered
[    0.667619] acpiphp: Slot [23] registered
[    0.667976] acpiphp: Slot [24] registered
[    0.668341] acpiphp: Slot [25] registered
[    0.668437] acpiphp: Slot [26] registered
[    0.668796] acpiphp: Slot [27] registered
[    0.669150] acpiphp: Slot [28] registered
[    0.669504] acpiphp: Slot [29] registered
[    0.669855] acpiphp: Slot [30] registered
[    0.670214] acpiphp: Slot [31] registered
[    0.670531] PCI host bridge to bus 0000:00
[    0.670838] pci_bus 0000:00: root bus resource [io  0x0000-0x0cf7 window]
[    0.671342] pci_bus 0000:00: root bus resource [io  0x0d00-0xffff window]
[    0.671849] pci_bus 0000:00: root bus resource [mem 0x000a0000-0x000bffff window]
[    0.672384] pci_bus 0000:00: root bus resource [mem 0x80000000-0xfebfffff window]
[    0.672936] pci_bus 0000:00: root bus resource [mem 0x100000000-0x17fffffff window]
[    0.673503] pci_bus 0000:00: root bus resource [bus 00-ff]
[    0.674001] pci 0000:00:00.0: [8086:1237] type 00 class 0x060000
[    0.677033] pci 0000:00:01.0: [8086:7000] type 00 class 0x060100
[    0.678068] pci 0000:00:01.1: [8086:7010] type 00 class 0x010180
[    0.679578] pci 0000:00:01.1: reg 0x20: [io  0xc040-0xc04f]
[    0.680397] pci 0000:00:01.1: legacy IDE quirk: reg 0x10: [io  0x01f0-0x01f7]
[    0.680931] pci 0000:00:01.1: legacy IDE quirk: reg 0x14: [io  0x03f6]
[    0.681415] pci 0000:00:01.1: legacy IDE quirk: reg 0x18: [io  0x0170-0x0177]
[    0.681944] pci 0000:00:01.1: legacy IDE quirk: reg 0x1c: [io  0x0376]
[    0.682653] pci 0000:00:01.3: [8086:7113] type 00 class 0x068000
[    0.683354] pci 0000:00:01.3: quirk: [io  0x0600-0x063f] claimed by PIIX4 ACPI
[    0.683900] pci 0000:00:01.3: quirk: [io  0x0700-0x070f] claimed by PIIX4 SMB
[    0.684616] pci 0000:00:02.0: [1234:1111] type 00 class 0x030000
[    0.687859] pci 0000:00:02.0: reg 0x10: [mem 0xfd000000-0xfdffffff pref]
[    0.689216] pci 0000:00:02.0: reg 0x18: [mem 0xfebf0000-0xfebf0fff]
[    0.692426] pci 0000:00:02.0: reg 0x30: [mem 0xfebe0000-0xfebeffff pref]
[    0.693016] pci 0000:00:02.0: Video device with shadowed ROM at [mem 0x000c0000-0x000dffff]
[    0.696172] pci 0000:00:03.0: [8086:100e] type 00 class 0x020000
[    0.696952] pci 0000:00:03.0: reg 0x10: [mem 0xfebc0000-0xfebdffff]
[    0.697985] pci 0000:00:03.0: reg 0x14: [io  0xc000-0xc03f]
[    0.699853] pci 0000:00:03.0: reg 0x30: [mem 0xfeb80000-0xfebbffff pref]
[    0.708691] ACPI: PCI: Interrupt link LNKA configured for IRQ 10
[    0.709391] ACPI: PCI: Interrupt link LNKB configured for IRQ 10
[    0.710069] ACPI: PCI: Interrupt link LNKC configured for IRQ 11
[    0.710757] ACPI: PCI: Interrupt link LNKD configured for IRQ 11
[    0.711277] ACPI: PCI: Interrupt link LNKS configured for IRQ 9
[    0.712846] iommu: Default domain type: Translated 
[    0.713165] iommu: DMA domain TLB invalidation policy: lazy mode 
[    0.714440] SCSI subsystem initialized
[    0.714938] ACPI: bus type USB registered
[    0.715237] usbcore: registered new interface driver usbfs
[    0.715601] usbcore: registered new interface driver hub
[    0.715957] usbcore: registered new device driver usb
[    0.716366] pps_core: LinuxPPS API ver. 1 registered
[    0.716385] pps_core: Software ver. 5.3.6 - Copyright 2005-2007 Rodolfo Giometti <giometti@linux.it>
[    0.716949] PTP clock support registered
[    0.717377] EDAC MC: Ver: 3.0.0
[    0.719167] NetLabel: Initializing
[    0.719398] NetLabel:  domain hash size = 128
[    0.719669] NetLabel:  protocols = UNLABELED CIPSOv4 CALIPSO
[    0.720066] NetLabel:  unlabeled traffic allowed by default
[    0.720721] PCI: Using ACPI for IRQ routing
[    0.721184] pci 0000:00:02.0: vgaarb: setting as boot VGA device
[    0.721574] pci 0000:00:02.0: vgaarb: bridge control possible
[    0.721931] pci 0000:00:02.0: vgaarb: VGA device added: decodes=io+mem,owns=io+mem,locks=none
[    0.722461] vgaarb: loaded
[    0.723062] hpet0: at MMIO 0xfed00000, IRQs 2, 8, 0
[    0.723386] hpet0: 3 comparators, 64-bit 100.000000 MHz counter
[    2.952377] clocksource: Switched to clocksource kvm-clock
[    2.994079] Callback from call_rcu_tasks_rude() invoked.
[    3.064538] Callback from call_rcu_tasks() invoked.
[    3.088579] VFS: Disk quotas dquot_6.6.0
[    3.088914] VFS: Dquot-cache hash table entries: 512 (order 0, 4096 bytes)
[    3.089587] pnp: PnP ACPI init
[    3.091387] pnp: PnP ACPI: found 6 devices
[    3.103345] clocksource: acpi_pm: mask: 0xffffff max_cycles: 0xffffff, max_idle_ns: 2085701024 ns
[    3.104193] NET: Registered PF_INET protocol family
[    3.104668] IP idents hash table entries: 32768 (order: 6, 262144 bytes, linear)
[    3.106016] tcp_listen_portaddr_hash hash table entries: 1024 (order: 4, 73728 bytes, linear)
[    3.106591] Table-perturb hash table entries: 65536 (order: 6, 262144 bytes, linear)
[    3.107121] TCP established hash table entries: 16384 (order: 5, 131072 bytes, linear)
[    3.107791] TCP bind hash table entries: 16384 (order: 9, 2359296 bytes, linear)
[    3.109907] TCP: Hash tables configured (established 16384 bind 16384)
[    3.110443] UDP hash table entries: 1024 (order: 5, 163840 bytes, linear)
[    3.110950] UDP-Lite hash table entries: 1024 (order: 5, 163840 bytes, linear)
[    3.111571] NET: Registered PF_UNIX/PF_LOCAL protocol family
[    3.112366] RPC: Registered named UNIX socket transport module.
[    3.112769] RPC: Registered udp transport module.
[    3.113063] RPC: Registered tcp transport module.
[    3.113355] RPC: Registered tcp NFSv4.1 backchannel transport module.
[    3.113775] pci_bus 0000:00: resource 4 [io  0x0000-0x0cf7 window]
[    3.114170] pci_bus 0000:00: resource 5 [io  0x0d00-0xffff window]
[    3.114556] pci_bus 0000:00: resource 6 [mem 0x000a0000-0x000bffff window]
[    3.114983] pci_bus 0000:00: resource 7 [mem 0x80000000-0xfebfffff window]
[    3.115411] pci_bus 0000:00: resource 8 [mem 0x100000000-0x17fffffff window]
[    3.116059] pci 0000:00:01.0: PIIX3: Enabling Passive Release
[    3.116447] pci 0000:00:00.0: Limiting direct PCI/PCI transfers
[    3.116915] PCI: CLS 0 bytes, default 64
[    3.117211] ACPI: bus type thunderbolt registered
[    3.117809] clocksource: tsc: mask: 0xffffffffffffffff max_cycles: 0x3407c077a8d, max_idle_ns: 440795342283 ns
[    3.121096] Initialise system trusted keyrings
[    3.121449] Key type blacklist registered
[    3.121875] workingset: timestamp_bits=36 max_order=19 bucket_order=0
[    3.122330] zbud: loaded
[    3.123101] squashfs: version 4.0 (2009/01/31) Phillip Lougher
[    3.123944] NFS: Registering the id_resolver key type
[    3.124270] Key type id_resolver registered
[    3.124548] Key type id_legacy registered
[    3.124833] nfs4filelayout_init: NFSv4 File Layout Driver Registering...
[    3.125267] nfs4flexfilelayout_init: NFSv4 Flexfile Layout Driver Registering...
[    3.125867] fuse: init (API version 7.38)
[    3.126245] SGI XFS with ACLs, security attributes, realtime, quota, no debug enabled
[    3.127138] 9p: Installing v9fs 9p2000 file system support
[    3.133416] Key type asymmetric registered
[    3.133723] Asymmetric key parser 'x509' registered
[    3.135072] alg: self-tests for CTR-KDF (hmac(sha256)) passed
[    3.135492] Block layer SCSI generic (bsg) driver version 0.4 loaded (major 243)
[    3.136058] io scheduler mq-deadline registered
[    3.136365] io scheduler bfq registered
[    3.137350] shpchp: Standard Hot Plug PCI Controller Driver version: 0.4
[    3.138143] IPMI message handler: version 39.2
[    3.138465] ipmi device interface
[    3.140077] input: Power Button as /devices/LNXSYSTM:00/LNXPWRBN:00/input/input0
[    3.140745] ACPI: button: Power Button [PWRF]
[    3.141797] ERST DBG: ERST support is disabled.
[    3.142569] Serial: 8250/16550 driver, 32 ports, IRQ sharing enabled
[    3.143389] 00:04: ttyS0 at I/O 0x3f8 (irq = 4, base_baud = 115200) is a 16550A
[    3.150884] Linux agpgart interface v0.103
[    3.151593] ACPI: bus type drm_connector registered
[    3.180896] brd: module loaded
[    3.187288] loop: module loaded
[    3.190662] scsi host0: ata_piix
[    3.191288] scsi host1: ata_piix
[    3.191945] ata1: PATA max MWDMA2 cmd 0x1f0 ctl 0x3f6 bmdma 0xc040 irq 14
[    3.192364] ata2: PATA max MWDMA2 cmd 0x170 ctl 0x376 bmdma 0xc048 irq 15
[    3.194013] tun: Universal TUN/TAP device driver, 1.6
[    3.194496] e100: Intel(R) PRO/100 Network Driver
[    3.194784] e100: Copyright(c) 1999-2006 Intel Corporation
[    3.195144] e1000: Intel(R) PRO/1000 Network Driver
[    3.195441] e1000: Copyright (c) 1999-2006 Intel Corporation.
[    3.352589] ata2: found unknown device (class 0)
[    3.353214] ata1: found unknown device (class 0)
[    3.354076] ata2.00: ATAPI: QEMU DVD-ROM, 2.5+, max UDMA/100
[    3.354606] ata1.00: ATA-7: QEMU HARDDISK, 2.5+, max UDMA/100
[    3.354959] ata1.00: 16777216 sectors, multi 16: LBA48 
[    3.356300] scsi 0:0:0:0: Direct-Access     ATA      QEMU HARDDISK    2.5+ PQ: 0 ANSI: 5
[    3.356926] ACPI: \_SB_.LNKC: Enabled at IRQ 11
[    3.357583] scsi 0:0:0:0: Attached scsi generic sg0 type 0
[    3.358551] sd 0:0:0:0: [sda] 16777216 512-byte logical blocks: (8.59 GB/8.00 GiB)
[    3.359604] sd 0:0:0:0: [sda] Write Protect is off
[    3.359612] scsi 1:0:0:0: CD-ROM            QEMU     QEMU DVD-ROM     2.5+ PQ: 0 ANSI: 5
[    3.360866] sd 0:0:0:0: [sda] Write cache: enabled, read cache: enabled, doesn't support DPO or FUA
[    3.362184] sd 0:0:0:0: [sda] Preferred minimum I/O size 512 bytes
[    3.385724] sd 0:0:0:0: [sda] Attached SCSI disk
[    3.393314] scsi 1:0:0:0: Attached scsi generic sg1 type 5
[    3.679008] e1000 0000:00:03.0 eth0: (PCI:33MHz:32-bit) 52:54:00:12:34:56
[    3.679487] e1000 0000:00:03.0 eth0: Intel(R) PRO/1000 Network Connection
[    3.679989] e1000e: Intel(R) PRO/1000 Network Driver
[    3.680302] e1000e: Copyright(c) 1999 - 2015 Intel Corporation.
[    3.680732] igb: Intel(R) Gigabit Ethernet Network Driver
[    3.681071] igb: Copyright (c) 2007-2014 Intel Corporation.
[    3.681492] PPP generic driver version 2.4.2
[    3.682467] VFIO - User Level meta-driver version: 0.3
[    3.683318] usbcore: registered new interface driver uas
[    3.683949] usbcore: registered new interface driver usb-storage
[    3.684812] i8042: PNP: PS/2 Controller [PNP0303:KBD,PNP0f13:MOU] at 0x60,0x64 irq 1,12
[    3.686510] serio: i8042 KBD port at 0x60,0x64 irq 1
[    3.686869] serio: i8042 AUX port at 0x60,0x64 irq 12
[    3.687900] mousedev: PS/2 mouse device common for all mice
[    3.689103] input: AT Translated Set 2 keyboard as /devices/platform/i8042/serio0/input/input1
[    3.689809] rtc_cmos 00:05: RTC can wake from S4
[    3.690714] input: VirtualPS/2 VMware VMMouse as /devices/platform/i8042/serio1/input/input4
[    3.691704] input: VirtualPS/2 VMware VMMouse as /devices/platform/i8042/serio1/input/input3
[    3.693029] rtc_cmos 00:05: registered as rtc0
[    3.693360] rtc_cmos 00:05: setting system clock to 2023-03-13T19:14:31 UTC (1678734871)
[    3.693979] rtc_cmos 00:05: alarms up to one day, y3k, 242 bytes nvram, hpet irqs
[    3.694510] i2c_dev: i2c /dev entries driver
[    3.694832] device-mapper: core: CONFIG_IMA_DISABLE_HTABLE is disabled. Duplicate IMA measurements will not be recorded in the IMA log.
[    3.695598] device-mapper: uevent: version 1.0.3
[    3.696101] device-mapper: ioctl: 4.47.0-ioctl (2022-07-28) initialised: dm-devel@redhat.com
[    3.696647] intel_pstate: CPU model not supported
[    3.697019] sdhci: Secure Digital Host Controller Interface driver
[    3.697401] sdhci: Copyright(c) Pierre Ossman
[    3.697731] sdhci-pltfm: SDHCI platform and OF driver helper
[    3.698153] ledtrig-cpu: registered to indicate activity on CPUs
[    3.698854] drop_monitor: Initializing network drop monitor service
[    3.699411] NET: Registered PF_INET6 protocol family
[    3.701524] Segment Routing with IPv6
[    3.701786] In-situ OAM (IOAM) with IPv6
[    3.702073] NET: Registered PF_PACKET protocol family
[    3.702526] 9pnet: Installing 9P2000 support
[    3.702830] Key type dns_resolver registered
[    3.703733] IPI shorthand broadcast: enabled
[    3.716038] sched_clock: Marking stable (3699383358, 12999446)->(3733497286, -21114482)
[    3.717037] registered taskstats version 1
[    3.717443] Loading compiled-in X.509 certificates
[    3.717996] zswap: loaded using pool lzo/zbud
[    3.731160] Key type .fscrypt registered
[    3.731432] Key type fscrypt-provisioning registered
[    3.732567] Key type encrypted registered
[    3.732872] ima: No TPM chip found, activating TPM-bypass!
[    3.733225] ima: Allocated hash algorithm: sha1
[    3.733548] ima: No architecture policies found
[    3.733899] evm: Initialising EVM extended attributes:
[    3.734223] evm: security.selinux
[    3.734433] evm: security.SMACK64
[    3.734643] evm: security.SMACK64EXEC
[    3.734874] evm: security.SMACK64TRANSMUTE
[    3.735131] evm: security.SMACK64MMAP
[    3.735363] evm: security.apparmor
[    3.735578] evm: security.ima
[    3.735767] evm: security.capability
[    3.735992] evm: HMAC attrs: 0x1
[    3.739959] PM:   Magic number: 15:142:243
[    3.740577] RAS: Correctable Errors collector initialized.
[    3.741888] md: Waiting for all devices to be available before autodetect
[    3.742179] md: If you don't use raid, use raid=noautodetect
[    3.742418] md: Autodetecting RAID arrays.
[    3.742599] md: autorun ...
[    3.742722] md: ... autorun DONE.
[    3.748886] EXT4-fs (sda): INFO: recovery required on readonly filesystem
[    3.749211] EXT4-fs (sda): write access will be enabled during recovery
[    3.790280] EXT4-fs (sda): recovery complete
[    3.796749] EXT4-fs (sda): mounted filesystem 23a53bb9-f815-47a5-b74c-5e08f7731193 with ordered data mode. Quota mode: none.
[    3.797283] VFS: Mounted root (ext4 filesystem) readonly on device 8:0.
[    3.798112] devtmpfs: mounted
[    3.805902] Freeing unused decrypted memory: 2036K
[    3.807727] Freeing unused kernel image (initmem) memory: 3680K
[    3.808022] Write protecting the kernel read-only data: 45056k
[    3.810733] Freeing unused kernel image (text/rodata gap) memory: 2028K
[    3.812189] Freeing unused kernel image (rodata/data gap) memory: 1872K
[    3.897972] x86/mm: Checked W+X mappings: passed, no W+X pages found.
[    3.898290] Run /sbin/init as init process
[    3.973122] systemd[1]: RTC configured in localtime, applying delta of 0 minutes to system time.
[    3.996618] systemd[1]: systemd 239 (239-49.el8) running in system mode. (+PAM +AUDIT +SELINUX +IMA -APPARMOR +SMACK +SYSVINIT +UTMP +LIBCRYPTSETUP +GCRYPT +GNUTLS +ACL +XZ +LZ4 +SECCOMP +BLKID +ELFUTILS +KMOD +IDN2 -IDN +PCRE2 default-hierarchy=legacy)
[    3.997721] systemd[1]: Detected virtualization kvm.
[    3.997943] systemd[1]: Detected architecture x86-64.

Welcome to [0;31mCentOS Stream 8[0m!

[    4.053934] systemd[1]: Set hostname to <test>.
[    4.285641] systemd[1]: Created slice system-getty.slice.
[[0;32m  OK  [0m] Created slice system-getty.slice.
[    4.287077] systemd[1]: Created slice User and Session Slice.
[[0;32m  OK  [0m] Created slice User and Session Slice.
[    4.287713] systemd[1]: Reached target Slices.
[[0;32m  OK  [0m] Reached target Slices.
[    4.288198] systemd[1]: Reached target Swap.
[[0;32m  OK  [0m] Reached target Swap.
[    4.288845] systemd[1]: Listening on udev Kernel Socket.
[[0;32m  OK  [0m] Listening on udev Kernel Socket.
[    4.289689] systemd[1]: Listening on udev Control Socket.
[[0;32m  OK  [0m] Listening on udev Control Socket.
[[0;32m  OK  [0m] Listening on Process Core Dump Socket.
[[0;32m  OK  [0m] Listening on RPCbind Server Activation Socket.
[[0;32m  OK  [0m] Listening on initctl Compatibility Named Pipe.
[[0;32m  OK  [0m] Listening on multipathd control socket.
[[0;32m  OK  [0m] Listening on Journal Socket.
         Mounting Huge Pages File System...
         Starting Load Kernel Modules...
         Starting udev Coldplug all Devices...
         Starting Setup Virtual Console...
[[0;32m  OK  [0m] Created slice system-sshd\x2dkeygen.slice.
[[0;32m  OK  [0m] Created slice system-serial\x2dgetty.slice.
[[0;32m  OK  [0m] Listening on Device-mapper event daemon FIFOs.
         Starting Monitoring of LVM2 mirrorsâ€¦ng dmeventd or progress polling...
[[0;32m  OK  [0m] Reached target RPC Port Mapper.
[[0;32m  OK  [0m] Started Forward Password Requests to Wall Directory Watch.
[[0;32m  OK  [0m] Listening on LVM2 poll daemon socket.
[[0;32m  OK  [0m] Set up automount Arbitrary Executabâ€¦rmats File System Automount Point.
         Starting Remount Root and Kernel File Systems...
[[0;32m  OK  [0m] Listening on Journal Socket (/dev/log).
         Starting Journal Service...
         Mounting Kernel Debug File System...
         Mounting POSIX Message Queue File System...
[[0;32m  OK  [0m] Mounted Huge Pages File System.
[[0;1;31mFAILED[0m] Failed to start Load Kernel Modules.
See 'systemctl status systemd-modules-load.service' for details.
[[0;32m  OK  [0m] Started Journal Service.
[[0;32m  OK  [0m] Started Setup Virtual Console.
[[0;32m  OK  [0m] Mounted Kernel Debug File System.
[[0;32m  OK  [0m] Mounted POSIX Message Queue File System.
[    4.669796] EXT4-fs (sda): re-mounted 23a53bb9-f815-47a5-b74c-5e08f7731193. Quota mode: none.
         Mounting FUSE Control File System...
         Mounting Kernel Configuration File System...
         Starting Apply Kernel Variables...
[[0;32m  OK  [0m] Started Remount Root and Kernel File Systems.
[[0;32m  OK  [0m] Mounted FUSE Control File System.
[[0;32m  OK  [0m] Mounted Kernel Configuration File System.
         Starting Flush Journal to Persistent Storage...
         Starting Load/Save Random Seed...
         Starting Create Static Device Nodes in /dev...
[[0;32m  OK  [0m] Started Apply Kernel Variables.
[[0;32m  OK  [0m] Started Load/Save Random Seed.
[[0;32m  OK  [0m] Started Flush Journal to Persistent Storage.
[[0;32m  OK  [0m] Started Create Static Device Nodes in /dev.
         Starting udev Kernel Device Manager...
[[0;32m  OK  [0m] Started udev Coldplug all Devices.
         Starting udev Wait for Complete Device Initialization...
[[0;32m  OK  [0m] Started udev Kernel Device Manager.
         Starting Show Plymouth Boot Screen...
[[0;32m  OK  [0m] Started Show Plymouth Boot Screen.
[[0;32m  OK  [0m] Started Forward Password Requests to Plymouth Directory Watch.
[[0;32m  OK  [0m] Reached target Local Encrypted Volumes.
[[0;32m  OK  [0m] Reached target Paths.
[[0;32m  OK  [0m] Found device /dev/ttyS0.
[[0;32m  OK  [0m] Listening on Load/Save RF Kill Switch Status /dev/rfkill Watch.
[[0;32m  OK  [0m] Started udev Wait for Complete Device Initialization.
[[0;32m  OK  [0m] Started Monitoring of LVM2 mirrors,â€¦sing dmeventd or progress polling.
[[0;32m  OK  [0m] Reached target Local File Systems (Pre).
[[0;32m  OK  [0m] Reached target Local File Systems.
         Starting Restore /run/initramfs on shutdown...
         Starting Create Volatile Files and Directories...
         Starting Tell Plymouth To Write Out Runtime Data...
[[0;32m  OK  [0m] Started Restore /run/initramfs on shutdown.
[[0;32m  OK  [0m] Started Create Volatile Files and Directories.
[[0;32m  OK  [0m] Started Tell Plymouth To Write Out Runtime Data.
         Starting Security Auditing Service...
         Starting RPC Bind...
         Mounting RPC Pipe File System...
[[0;32m  OK  [0m] Mounted RPC Pipe File System.
[[0;32m  OK  [0m] Reached target rpc_pipefs.target.
[[0;32m  OK  [0m] Started RPC Bind.
[[0;32m  OK  [0m] Started Security Auditing Service.
         Starting Update UTMP about System Boot/Shutdown...
[[0;32m  OK  [0m] Started Update UTMP about System Boot/Shutdown.
[[0;32m  OK  [0m] Reached target System Initialization.
[[0;32m  OK  [0m] Started dnf makecache --timer.
[[0;32m  OK  [0m] Listening on SSSD Kerberos Cache Manager responder socket.
[[0;32m  OK  [0m] Started daily update of the root trust anchor for DNSSEC.
[[0;32m  OK  [0m] Started Daily Cleanup of Temporary Directories.
[[0;32m  OK  [0m] Reached target Timers.
[[0;32m  OK  [0m] Listening on D-Bus System Message Bus Socket.
[[0;32m  OK  [0m] Reached target Sockets.
[[0;32m  OK  [0m] Reached target Basic System.
         Starting Auto-connect to subsystemsâ€¦-NVME devices found during boot...
[[0;32m  OK  [0m] Started irqbalance daemon.
         Starting Self Monitoring and Reporting Technology (SMART) Daemon...
[[0;32m  OK  [0m] Started Machine Check Exception Logging Daemon.
[[0;32m  OK  [0m] Reached target sshd-keygen.target.
[[0;32m  OK  [0m] Started D-Bus System Message Bus.
         Starting Authorization Manager...
         Starting Login Service...
         Starting Network Manager...
         Starting NTP client/server...
[[0;32m  OK  [0m] Started Auto-connect to subsystems â€¦FC-NVME devices found during boot.
         Starting update of the root trust aâ€¦or DNSSEC validation in unbound...
[[0;32m  OK  [0m] Started Self Monitoring and Reporting Technology (SMART) Daemon.
[[0;32m  OK  [0m] Started Login Service.
[[0;32m  OK  [0m] Started update of the root trust anâ€¦ for DNSSEC validation in unbound.
[[0;32m  OK  [0m] Started Network Manager.
[[0;32m  OK  [0m] Reached target Network.
         Starting OpenSSH server daemon...
         Starting GSSAPI Proxy Daemon...
         Starting Dynamic System Tuning Daemon...
         Starting Network Manager Wait Online...
[[0;32m  OK  [0m] Started NTP client/server.
[[0;32m  OK  [0m] Started Authorization Manager.
         Starting Hostname Service...
[[0;32m  OK  [0m] Started GSSAPI Proxy Daemon.
[[0;32m  OK  [0m] Reached target NFS client services.
[[0;32m  OK  [0m] Reached target Remote File Systems (Pre).
[[0;32m  OK  [0m] Reached target Remote File Systems.
         Starting Permit User Sessions...
[[0;32m  OK  [0m] Started OpenSSH server daemon.
[[0;32m  OK  [0m] Started Permit User Sessions.
         Starting Hold until boot process finishes up...
         Starting Terminate Plymouth Boot Screen...
[[0;32m  OK  [0m] Started Command Scheduler.
[    6.400582] e1000: eth0 NIC Link is Up 1000 Mbps Full Duplex, Flow Control: RX
[    6.401324] IPv6: ADDRCONF(NETDEV_CHANGE): eth0: link becomes ready
[    6.590071] Spectre V2 : WARNING: Unprivileged eBPF is enabled with eIBRS on, data leaks possible via Spectre v2 BHB attacks!
[    6.590615] Spectre V2 : WARNING: Unprivileged eBPF is enabled with eIBRS on, data leaks possible via Spectre v2 BHB attacks!

CentOS Stream 8
Kernel 6.1.0-e2ca6ba6ba01+ on an x86_64

test login: 