c[?7l[2J[0mSeaBIOS (version rel-1.16.0-0-gd239552ce722-prebuilt.qemu.org)


iPXE (http://ipxe.org) 00:03.0 CA00 PCI2.10 PnP PMM+7FF91000+7FEF1000 CA00
Press Ctrl-B to configure iPXE (PCI 00:03.0)...                                                                               


Booting from ROM..c[?7l[2J[    0.000000] Linux version 6.3.0-rc2-eeac8ede1755+ (root@p-adls01) (gcc (GCC) 8.5.0 20210514 (Red Hat 8.5.0-18), GNU ld version 2.36.1-2.el8) #1 SMP PREEMPT_DYNAMIC Mon Mar 13 19:17:17 CST 2023
[    0.000000] Command line: console=ttyS0 root=/dev/sda earlyprintk=serial net.ifnames=0
[    0.000000] KERNEL supported cpus:
[    0.000000]   Intel GenuineIntel
[    0.000000]   AMD AuthenticAMD
[    0.000000]   Hygon HygonGenuine
[    0.000000]   Centaur CentaurHauls
[    0.000000]   zhaoxin   Shanghai  
[    0.000000] x86/fpu: Supporting XSAVE feature 0x001: 'x87 floating point registers'
[    0.000000] x86/fpu: Supporting XSAVE feature 0x002: 'SSE registers'
[    0.000000] x86/fpu: Supporting XSAVE feature 0x004: 'AVX registers'
[    0.000000] x86/fpu: Supporting XSAVE feature 0x200: 'Protection Keys User registers'
[    0.000000] x86/fpu: xstate_offset[2]:  576, xstate_sizes[2]:  256
[    0.000000] x86/fpu: xstate_offset[9]:  832, xstate_sizes[9]:    8
[    0.000000] x86/fpu: Enabled xstate features 0x207, context size is 840 bytes, using 'compacted' format.
[    0.000000] signal: max sigframe size: 3632
[    0.000000] BIOS-provided physical RAM map:
[    0.000000] BIOS-e820: [mem 0x0000000000000000-0x000000000009fbff] usable
[    0.000000] BIOS-e820: [mem 0x000000000009fc00-0x000000000009ffff] reserved
[    0.000000] BIOS-e820: [mem 0x00000000000f0000-0x00000000000fffff] reserved
[    0.000000] BIOS-e820: [mem 0x0000000000100000-0x000000007ffdffff] usable
[    0.000000] BIOS-e820: [mem 0x000000007ffe0000-0x000000007fffffff] reserved
[    0.000000] BIOS-e820: [mem 0x00000000feffc000-0x00000000feffffff] reserved
[    0.000000] BIOS-e820: [mem 0x00000000fffc0000-0x00000000ffffffff] reserved
[    0.000000] printk: bootconsole [earlyser0] enabled
[    0.000000] NX (Execute Disable) protection: active
[    0.000000] SMBIOS 2.8 present.
[    0.000000] DMI: QEMU Standard PC (i440FX + PIIX, 1996), BIOS rel-1.16.0-0-gd239552ce722-prebuilt.qemu.org 04/01/2014
[    0.000000] Hypervisor detected: KVM
[    0.000000] kvm-clock: Using msrs 4b564d01 and 4b564d00
[    0.000003] kvm-clock: using sched offset of 481237200 cycles
[    0.000351] clocksource: kvm-clock: mask: 0xffffffffffffffff max_cycles: 0x1cd42e4dffb, max_idle_ns: 881590591483 ns
[    0.001446] tsc: Detected 3609.600 MHz processor
[    0.004000] last_pfn = 0x7ffe0 max_arch_pfn = 0x400000000
[    0.004000] x86/PAT: Configuration [0-7]: WB  WC  UC- UC  WB  WP  UC- WT  
[    0.004000] found SMP MP-table at [mem 0x000f5ba0-0x000f5baf]
[    0.004000] Using GB pages for direct mapping
[    0.004000] ACPI: Early table checksum verification disabled
[    0.004000] ACPI: RSDP 0x00000000000F59C0 000014 (v00 BOCHS )
[    0.004000] ACPI: RSDT 0x000000007FFE1951 000034 (v01 BOCHS  BXPC     00000001 BXPC 00000001)
[    0.004000] ACPI: FACP 0x000000007FFE17FD 000074 (v01 BOCHS  BXPC     00000001 BXPC 00000001)
[    0.004000] ACPI: DSDT 0x000000007FFE0040 0017BD (v01 BOCHS  BXPC     00000001 BXPC 00000001)
[    0.004000] ACPI: FACS 0x000000007FFE0000 000040
[    0.004000] ACPI: APIC 0x000000007FFE1871 000080 (v01 BOCHS  BXPC     00000001 BXPC 00000001)
[    0.004000] ACPI: HPET 0x000000007FFE18F1 000038 (v01 BOCHS  BXPC     00000001 BXPC 00000001)
[    0.004000] ACPI: WAET 0x000000007FFE1929 000028 (v01 BOCHS  BXPC     00000001 BXPC 00000001)
[    0.004000] ACPI: Reserving FACP table memory at [mem 0x7ffe17fd-0x7ffe1870]
[    0.004000] ACPI: Reserving DSDT table memory at [mem 0x7ffe0040-0x7ffe17fc]
[    0.004000] ACPI: Reserving FACS table memory at [mem 0x7ffe0000-0x7ffe003f]
[    0.004000] ACPI: Reserving APIC table memory at [mem 0x7ffe1871-0x7ffe18f0]
[    0.004000] ACPI: Reserving HPET table memory at [mem 0x7ffe18f1-0x7ffe1928]
[    0.004000] ACPI: Reserving WAET table memory at [mem 0x7ffe1929-0x7ffe1950]
[    0.004000] No NUMA configuration found
[    0.004000] Faking a node at [mem 0x0000000000000000-0x000000007ffdffff]
[    0.004000] NODE_DATA(0) allocated [mem 0x7ffb5000-0x7ffdffff]
[    0.004000] Zone ranges:
[    0.004000]   DMA      [mem 0x0000000000001000-0x0000000000ffffff]
[    0.004000]   DMA32    [mem 0x0000000001000000-0x000000007ffdffff]
[    0.004000]   Normal   empty
[    0.004000]   Device   empty
[    0.004000] Movable zone start for each node
[    0.004000] Early memory node ranges
[    0.004000]   node   0: [mem 0x0000000000001000-0x000000000009efff]
[    0.004000]   node   0: [mem 0x0000000000100000-0x000000007ffdffff]
[    0.004000] Initmem setup node 0 [mem 0x0000000000001000-0x000000007ffdffff]
[    0.004000] On node 0, zone DMA: 1 pages in unavailable ranges
[    0.004000] On node 0, zone DMA: 97 pages in unavailable ranges
[    0.004000] On node 0, zone DMA32: 32 pages in unavailable ranges
[    0.004000] ACPI: PM-Timer IO Port: 0x608
[    0.004000] ACPI: LAPIC_NMI (acpi_id[0xff] dfl dfl lint[0x1])
[    0.004000] IOAPIC[0]: apic_id 0, version 17, address 0xfec00000, GSI 0-23
[    0.004000] ACPI: INT_SRC_OVR (bus 0 bus_irq 0 global_irq 2 dfl dfl)
[    0.004000] ACPI: INT_SRC_OVR (bus 0 bus_irq 5 global_irq 5 high level)
[    0.004000] ACPI: INT_SRC_OVR (bus 0 bus_irq 9 global_irq 9 high level)
[    0.004000] ACPI: INT_SRC_OVR (bus 0 bus_irq 10 global_irq 10 high level)
[    0.004000] ACPI: INT_SRC_OVR (bus 0 bus_irq 11 global_irq 11 high level)
[    0.004000] ACPI: Using ACPI (MADT) for SMP configuration information
[    0.004000] ACPI: HPET id: 0x8086a201 base: 0xfed00000
[    0.004000] TSC deadline timer available
[    0.004000] smpboot: Allowing 2 CPUs, 0 hotplug CPUs
[    0.004000] kvm-guest: KVM setup pv remote TLB flush
[    0.004000] kvm-guest: setup PV sched yield
[    0.004000] PM: hibernation: Registered nosave memory: [mem 0x00000000-0x00000fff]
[    0.004000] PM: hibernation: Registered nosave memory: [mem 0x0009f000-0x0009ffff]
[    0.004000] PM: hibernation: Registered nosave memory: [mem 0x000a0000-0x000effff]
[    0.004000] PM: hibernation: Registered nosave memory: [mem 0x000f0000-0x000fffff]
[    0.004000] [mem 0x80000000-0xfeffbfff] available for PCI devices
[    0.004000] Booting paravirtualized kernel on KVM
[    0.004000] clocksource: refined-jiffies: mask: 0xffffffff max_cycles: 0xffffffff, max_idle_ns: 7645519600211568 ns
[    0.004000] setup_percpu: NR_CPUS:8192 nr_cpumask_bits:2 nr_cpu_ids:2 nr_node_ids:1
[    0.004000] percpu: Embedded 65 pages/cpu s229376 r8192 d28672 u1048576
[    0.004000] kvm-guest: PV spinlocks enabled
[    0.004000] PV qspinlock hash table entries: 256 (order: 0, 4096 bytes, linear)
[    0.004000] Fallback order for Node 0: 0 
[    0.004000] Built 1 zonelists, mobility grouping on.  Total pages: 515808
[    0.004000] Policy zone: DMA32
[    0.004000] Kernel command line: net.ifnames=0 console=ttyS0 root=/dev/sda earlyprintk=serial net.ifnames=0
[    0.004000] random: crng init done
[    0.004000] Dentry cache hash table entries: 262144 (order: 9, 2097152 bytes, linear)
[    0.004000] Inode-cache hash table entries: 131072 (order: 8, 1048576 bytes, linear)
[    0.004000] mem auto-init: stack:off, heap alloc:off, heap free:off
[    0.004000] Memory: 1964888K/2096632K available (36864K kernel code, 4578K rwdata, 9848K rodata, 10508K init, 31780K bss, 131488K reserved, 0K cma-reserved)
[    0.004000] SLUB: HWalign=64, Order=0-3, MinObjects=0, CPUs=2, Nodes=1
[    0.004000] kmemleak: Kernel memory leak detector disabled
[    0.004000] ftrace: allocating 68737 entries in 269 pages
[    0.004000] ftrace: allocated 269 pages with 4 groups
[    0.004000] Dynamic Preempt: voluntary
[    0.004000] Running RCU self tests
[    0.004000] Running RCU synchronous self tests
[    0.004000] rcu: Preemptible hierarchical RCU implementation.
[    0.004000] rcu: 	RCU lockdep checking is enabled.
[    0.004000] rcu: 	RCU restricting CPUs from NR_CPUS=8192 to nr_cpu_ids=2.
[    0.004000] 	Trampoline variant of Tasks RCU enabled.
[    0.004000] 	Rude variant of Tasks RCU enabled.
[    0.004000] 	Tracing variant of Tasks RCU enabled.
[    0.004000] rcu: RCU calculated value of scheduler-enlistment delay is 25 jiffies.
[    0.004000] rcu: Adjusting geometry for rcu_fanout_leaf=16, nr_cpu_ids=2
[    0.004000] Running RCU synchronous self tests
[    0.004000] NR_IRQS: 524544, nr_irqs: 440, preallocated irqs: 16
[    0.004000] rcu: srcu_init: Setting srcu_struct sizes based on contention.
[    0.004000] Console: colour VGA+ 80x25
[    0.004000] printk: console [ttyS0] enabled
[    0.004000] printk: console [ttyS0] enabled
[    0.004000] printk: bootconsole [earlyser0] disabled
[    0.004000] printk: bootconsole [earlyser0] disabled
[    0.004000] Lock dependency validator: Copyright (c) 2006 Red Hat, Inc., Ingo Molnar
[    0.004000] ... MAX_LOCKDEP_SUBCLASSES:  8
[    0.004000] ... MAX_LOCK_DEPTH:          48
[    0.004000] ... MAX_LOCKDEP_KEYS:        8192
[    0.004000] ... CLASSHASH_SIZE:          4096
[    0.004000] ... MAX_LOCKDEP_ENTRIES:     32768
[    0.004000] ... MAX_LOCKDEP_CHAINS:      65536
[    0.004000] ... CHAINHASH_SIZE:          32768
[    0.004000]  memory used by lock dependency info: 6365 kB
[    0.004000]  memory used for stack traces: 4224 kB
[    0.004000]  per task-struct memory footprint: 1920 bytes
[    0.004000] ACPI: Core revision 20221020
[    0.004000] clocksource: hpet: mask: 0xffffffff max_cycles: 0xffffffff, max_idle_ns: 19112604467 ns
[    0.004000] APIC: Switch to symmetric I/O mode setup
[    0.004000] x2apic enabled
[    0.004000] Switched APIC routing to physical x2apic.
[    0.004000] kvm-guest: setup PV IPIs
[    0.004000] ..TIMER: vector=0x30 apic1=0 pin1=2 apic2=-1 pin2=-1
[    0.004000] clocksource: tsc-early: mask: 0xffffffffffffffff max_cycles: 0x3407c077a8d, max_idle_ns: 440795342283 ns
[    0.153036] Calibrating delay loop (skipped) preset value.. 7219.20 BogoMIPS (lpj=14438400)
[    0.157039] pid_max: default: 32768 minimum: 301
[    0.157489] LSM: initializing lsm=capability,yama,integrity
[    0.157950] Yama: becoming mindful.
[    0.158412] Mount-cache hash table entries: 4096 (order: 3, 32768 bytes, linear)
[    0.159027] Mountpoint-cache hash table entries: 4096 (order: 3, 32768 bytes, linear)
[    0.162477] x86/cpu: User Mode Instruction Prevention (UMIP) activated
[    0.163288] Last level iTLB entries: 4KB 0, 2MB 0, 4MB 0
[    0.163731] Last level dTLB entries: 4KB 0, 2MB 0, 4MB 0, 1GB 0
[    0.164219] Spectre V1 : Mitigation: usercopy/swapgs barriers and __user pointer sanitization
[    0.164880] Spectre V2 : WARNING: Unprivileged eBPF is enabled with eIBRS on, data leaks possible via Spectre v2 BHB attacks!
[    0.165032] Spectre V2 : Mitigation: Enhanced / Automatic IBRS
[    0.165475] Spectre V2 : Spectre v2 / SpectreRSB mitigation: Filling RSB on context switch
[    0.166105] Spectre V2 : Spectre v2 / PBRSB-eIBRS: Retire a single CALL on VMEXIT
[    0.166667] Spectre V2 : mitigation: Enabling conditional Indirect Branch Prediction Barrier
[    0.167299] Speculative Store Bypass: Mitigation: Speculative Store Bypass disabled via prctl
[    0.264752] Freeing SMP alternatives memory: 56K
[    0.265052] Running RCU synchronous self tests
[    0.265398] Running RCU synchronous self tests
[    0.266038] smpboot: CPU0: 12th Gen Intel(R) Core(TM) i7-12700K (family: 0x6, model: 0x97, stepping: 0x2)
[    0.267179] cblist_init_generic: Setting adjustable number of callback queues.
[    0.267757] cblist_init_generic: Setting shift to 1 and lim to 1.
[    0.268272] cblist_init_generic: Setting shift to 1 and lim to 1.
[    0.268791] cblist_init_generic: Setting shift to 1 and lim to 1.
[    0.269023] Running RCU-tasks wait API self tests
[    0.369265] Performance Events: Alderlake Hybrid events, full-width counters, Intel PMU driver.
[    0.371107] core: cpu_core PMU driver: 
[    0.371577] ... version:                2
[    0.372046] ... bit width:              48
[    0.372519] ... generic registers:      6
[    0.372994] ... value mask:             0000ffffffffffff
[    0.373035] ... max period:             00007fffffffffff
[    0.373649] ... fixed-purpose events:   3
[    0.374118] ... event mask:             0001000f0000003f
[    0.374987] rcu: Hierarchical SRCU implementation.
[    0.375546] rcu: 	Max phase no-delay instances is 1000.
[    0.378112] Callback from call_rcu_tasks_trace() invoked.
[    0.378886] unchecked MSR access error: WRMSR to 0x38f (tried to write 0x0001000f0000003f) at rIP: 0xffffffff810e0c2c (native_write_msr+0xc/0x30)
[    0.380391] Call Trace:
[    0.380684]  <TASK>
[    0.380941]  __intel_pmu_enable_all.constprop.49+0xb5/0x140
[    0.381023]  intel_pmu_enable_all+0x1e/0x30
[    0.381023]  x86_pmu_enable+0x46d/0x5a0
[    0.381023]  ? write_comp_data+0x2f/0x90
[    0.381023]  perf_pmu_enable+0x53/0x70
[    0.381023]  ctx_resched+0x14d/0x1e0
[    0.381023]  __perf_install_in_context+0x2f7/0x470
[    0.381023]  ? lock_is_held_type+0xe6/0x140
[    0.381023]  ? __pfx_remote_function+0x10/0x10
[    0.381023]  remote_function+0x80/0xa0
[    0.381023]  ? __pfx_remote_function+0x10/0x10
[    0.381023]  generic_exec_single+0x124/0x190
[    0.381023]  smp_call_function_single+0x11c/0x240
[    0.381023]  ? __pfx_remote_function+0x10/0x10
[    0.381023]  ? __sanitizer_cov_trace_pc+0x25/0x60
[    0.381023]  ? write_comp_data+0x2f/0x90
[    0.381023]  perf_install_in_context+0x2d8/0x300
[    0.381023]  ? __pfx___perf_install_in_context+0x10/0x10
[    0.381023]  perf_event_create_kernel_counter+0x284/0x2b0
[    0.381023]  ? __pfx_watchdog_overflow_callback+0x10/0x10
[    0.381023]  hardlockup_detector_event_create+0x46/0xd0
[    0.381023]  hardlockup_detector_perf_init+0x18/0x80
[    0.381023]  watchdog_nmi_probe+0x17/0x20
[    0.381023]  lockup_detector_init+0x40/0xb0
[    0.381023]  kernel_init_freeable+0x37e/0x8c0
[    0.381023]  ? __pfx_kernel_init+0x10/0x10
[    0.381023]  kernel_init+0x24/0x1e0
[    0.381023]  ? __pfx_kernel_init+0x10/0x10
[    0.381023]  ret_from_fork+0x29/0x50
[    0.381023]  </TASK>
[    0.381336] smp: Bringing up secondary CPUs ...
[    0.383313] x86: Booting SMP configuration:
[    0.383832] .... node  #0, CPUs:      #1
[    0.384311] smp: Brought up 1 node, 2 CPUs
[    0.385513] smpboot: Max logical packages: 1
[    0.385995] smpboot: Total of 2 processors activated (14438.40 BogoMIPS)
[    0.391145] devtmpfs: initialized
[    0.391145] x86/mm: Memory block size: 128MB
[    0.395325] Running RCU synchronous self tests
[    0.395325] Running RCU synchronous self tests
[    0.395325] clocksource: jiffies: mask: 0xffffffff max_cycles: 0xffffffff, max_idle_ns: 7645041785100000 ns
[    0.397043] futex hash table entries: 512 (order: 4, 65536 bytes, linear)
[    0.398159] pinctrl core: initialized pinctrl subsystem
[    0.399502] 
[    0.399700] *************************************************************
[    0.400472] **     NOTICE NOTICE NOTICE NOTICE NOTICE NOTICE NOTICE    **
[    0.401033] **                                                         **
[    0.401800] **  IOMMU DebugFS SUPPORT HAS BEEN ENABLED IN THIS KERNEL  **
[    0.402571] **                                                         **
[    0.403350] ** This means that this kernel is built to expose internal **
[    0.404122] ** IOMMU data structures, which may compromise security on **
[    0.404894] ** your system.                                            **
[    0.405029] **                                                         **
[    0.405804] ** If you see this message and you are not debugging the   **
[    0.406579] ** kernel, report this immediately to your vendor!         **
[    0.407357] **                                                         **
[    0.408128] **     NOTICE NOTICE NOTICE NOTICE NOTICE NOTICE NOTICE    **
[    0.408904] *************************************************************
[    0.409127] PM: RTC time: 18:42:28, date: 2023-03-13
[    0.413987] NET: Registered PF_NETLINK/PF_ROUTE protocol family
[    0.415479] DMA: preallocated 256 KiB GFP_KERNEL pool for atomic allocations
[    0.416315] DMA: preallocated 256 KiB GFP_KERNEL|GFP_DMA pool for atomic allocations
[    0.417057] DMA: preallocated 256 KiB GFP_KERNEL|GFP_DMA32 pool for atomic allocations
[    0.418067] audit: initializing netlink subsys (disabled)
[    0.418856] audit: type=2000 audit(1678732949.649:1): state=initialized audit_enabled=0 res=1
[    0.418856] thermal_sys: Registered thermal governor 'fair_share'
[    0.418856] thermal_sys: Registered thermal governor 'bang_bang'
[    0.418856] thermal_sys: Registered thermal governor 'step_wise'
[    0.421037] thermal_sys: Registered thermal governor 'user_space'
[    0.421813] cpuidle: using governor ladder
[    0.423015] cpuidle: using governor menu
[    0.423832] acpiphp: ACPI Hot Plug PCI Controller Driver version: 0.5
[    0.425001] PCI: Using configuration type 1 for base access
[    0.426235] kprobes: kprobe jump-optimization is enabled. All kprobes are optimized if possible.
[    0.638773] HugeTLB: registered 1.00 GiB page size, pre-allocated 0 pages
[    0.639233] HugeTLB: 16380 KiB vmemmap can be freed for a 1.00 GiB page
[    0.639651] HugeTLB: registered 2.00 MiB page size, pre-allocated 0 pages
[    0.640078] HugeTLB: 28 KiB vmemmap can be freed for a 2.00 MiB page
[    0.643194] ACPI: Added _OSI(Module Device)
[    0.643494] ACPI: Added _OSI(Processor Device)
[    0.643786] ACPI: Added _OSI(3.0 _SCP Extensions)
[    0.644092] ACPI: Added _OSI(Processor Aggregator Device)
[    0.649291] ACPI: 1 ACPI AML tables successfully acquired and loaded
[    2.906455] Callback from call_rcu_tasks_rude() invoked.
[    2.954288] ACPI: Interpreter enabled
[    2.954863] ACPI: PM: (supports S0 S3 S4 S5)
[    2.955361] ACPI: Using IOAPIC for interrupt routing
[    2.956038] PCI: Using host bridge windows from ACPI; if necessary, use "pci=nocrs" and report a bug
[    2.956878] PCI: Using E820 reservations for host bridge windows
[    2.957703] ACPI: Enabled 2 GPEs in block 00 to 0F
[    2.973117] ACPI: PCI Root Bridge [PCI0] (domain 0000 [bus 00-ff])
[    2.973571] acpi PNP0A03:00: _OSC: OS supports [ASPM ClockPM Segments MSI EDR HPX-Type3]
[    2.974116] acpi PNP0A03:00: _OSC: not requesting OS control; OS requires [ExtendedConfig ASPM ClockPM MSI]
[    2.974827] acpi PNP0A03:00: fail to add MMCONFIG information, can't access extended configuration space under this bridge
[    2.977755] acpiphp: Slot [3] registered
[    2.978076] acpiphp: Slot [4] registered
[    2.978390] acpiphp: Slot [5] registered
[    2.978704] acpiphp: Slot [6] registered
[    2.979023] acpiphp: Slot [7] registered
[    2.979336] acpiphp: Slot [8] registered
[    2.979649] acpiphp: Slot [9] registered
[    2.979963] acpiphp: Slot [10] registered
[    2.980285] acpiphp: Slot [11] registered
[    2.980610] acpiphp: Slot [12] registered
[    2.980940] acpiphp: Slot [13] registered
[    2.981085] acpiphp: Slot [14] registered
[    2.981412] acpiphp: Slot [15] registered
[    2.981741] acpiphp: Slot [16] registered
[    2.982075] acpiphp: Slot [17] registered
[    2.982404] acpiphp: Slot [18] registered
[    2.982739] acpiphp: Slot [19] registered
[    2.983067] acpiphp: Slot [20] registered
[    2.983385] acpiphp: Slot [21] registered
[    2.983703] acpiphp: Slot [22] registered
[    2.984026] acpiphp: Slot [23] registered
[    2.984345] acpiphp: Slot [24] registered
[    2.984674] acpiphp: Slot [25] registered
[    2.984995] acpiphp: Slot [26] registered
[    2.985083] acpiphp: Slot [27] registered
[    2.985408] acpiphp: Slot [28] registered
[    2.985728] acpiphp: Slot [29] registered
[    2.986046] acpiphp: Slot [30] registered
[    2.986369] acpiphp: Slot [31] registered
[    2.986650] PCI host bridge to bus 0000:00
[    2.986921] pci_bus 0000:00: root bus resource [io  0x0000-0x0cf7 window]
[    2.987372] pci_bus 0000:00: root bus resource [io  0x0d00-0xffff window]
[    2.987837] pci_bus 0000:00: root bus resource [mem 0x000a0000-0x000bffff window]
[    2.988335] pci_bus 0000:00: root bus resource [mem 0x80000000-0xfebfffff window]
[    2.988833] pci_bus 0000:00: root bus resource [mem 0x100000000-0x17fffffff window]
[    2.989033] pci_bus 0000:00: root bus resource [bus 00-ff]
[    2.989522] pci 0000:00:00.0: [8086:1237] type 00 class 0x060000
[    2.992710] pci 0000:00:01.0: [8086:7000] type 00 class 0x060100
[    2.993649] pci 0000:00:01.1: [8086:7010] type 00 class 0x010180
[    2.995384] pci 0000:00:01.1: reg 0x20: [io  0xc040-0xc04f]
[    2.996246] pci 0000:00:01.1: legacy IDE quirk: reg 0x10: [io  0x01f0-0x01f7]
[    2.996712] pci 0000:00:01.1: legacy IDE quirk: reg 0x14: [io  0x03f6]
[    2.997029] pci 0000:00:01.1: legacy IDE quirk: reg 0x18: [io  0x0170-0x0177]
[    2.997492] pci 0000:00:01.1: legacy IDE quirk: reg 0x1c: [io  0x0376]
[    2.998240] pci 0000:00:01.3: [8086:7113] type 00 class 0x068000
[    2.998913] pci 0000:00:01.3: quirk: [io  0x0600-0x063f] claimed by PIIX4 ACPI
[    2.999402] pci 0000:00:01.3: quirk: [io  0x0700-0x070f] claimed by PIIX4 SMB
[    3.000112] pci 0000:00:02.0: [1234:1111] type 00 class 0x030000
[    3.001518] pci 0000:00:02.0: reg 0x10: [mem 0xfd000000-0xfdffffff pref]
[    3.003992] pci 0000:00:02.0: reg 0x18: [mem 0xfebf0000-0xfebf0fff]
[    3.006507] pci 0000:00:02.0: reg 0x30: [mem 0xfebe0000-0xfebeffff pref]
[    3.007077] pci 0000:00:02.0: Video device with shadowed ROM at [mem 0x000c0000-0x000dffff]
[    3.010201] pci 0000:00:03.0: [8086:100e] type 00 class 0x020000
[    3.011107] pci 0000:00:03.0: reg 0x10: [mem 0xfebc0000-0xfebdffff]
[    3.012010] pci 0000:00:03.0: reg 0x14: [io  0xc000-0xc03f]
[    3.014785] pci 0000:00:03.0: reg 0x30: [mem 0xfeb80000-0xfebbffff pref]
[    3.023807] ACPI: PCI: Interrupt link LNKA configured for IRQ 10
[    3.024667] ACPI: PCI: Interrupt link LNKB configured for IRQ 10
[    3.025346] ACPI: PCI: Interrupt link LNKC configured for IRQ 11
[    3.026056] ACPI: PCI: Interrupt link LNKD configured for IRQ 11
[    3.026596] ACPI: PCI: Interrupt link LNKS configured for IRQ 9
[    3.029185] iommu: Default domain type: Translated 
[    3.029631] iommu: DMA domain TLB invalidation policy: lazy mode 
[    3.033774] SCSI subsystem initialized
[    3.034080] ACPI: bus type USB registered
[    3.034080] usbcore: registered new interface driver usbfs
[    3.034549] usbcore: registered new interface driver hub
[    3.034549] usbcore: registered new device driver usb
[    3.034549] pps_core: LinuxPPS API ver. 1 registered
[    3.034549] pps_core: Software ver. 5.3.6 - Copyright 2005-2007 Rodolfo Giometti <giometti@linux.it>
[    3.035532] PTP clock support registered
[    3.037093] EDAC MC: Ver: 3.0.0
[    3.041619] NetLabel: Initializing
[    3.041865] NetLabel:  domain hash size = 128
[    3.042173] NetLabel:  protocols = UNLABELED CIPSOv4 CALIPSO
[    3.042599] NetLabel:  unlabeled traffic allowed by default
[    3.043071] PCI: Using ACPI for IRQ routing
[    3.043071] pci 0000:00:02.0: vgaarb: setting as boot VGA device
[    3.043071] pci 0000:00:02.0: vgaarb: bridge control possible
[    3.043071] pci 0000:00:02.0: vgaarb: VGA device added: decodes=io+mem,owns=io+mem,locks=none
[    3.045030] vgaarb: loaded
[    3.045410] hpet0: at MMIO 0xfed00000, IRQs 2, 8, 0
[    3.045997] hpet0: 3 comparators, 64-bit 100.000000 MHz counter
[    3.049029] clocksource: Switched to clocksource kvm-clock
[    3.118336] Callback from call_rcu_tasks() invoked.
[    3.209218] VFS: Disk quotas dquot_6.6.0
[    3.209565] VFS: Dquot-cache hash table entries: 512 (order 0, 4096 bytes)
[    3.210282] pnp: PnP ACPI init
[    3.212147] pnp: PnP ACPI: found 6 devices
[    3.224390] clocksource: acpi_pm: mask: 0xffffff max_cycles: 0xffffff, max_idle_ns: 2085701024 ns
[    3.225344] NET: Registered PF_INET protocol family
[    3.225841] IP idents hash table entries: 32768 (order: 6, 262144 bytes, linear)
[    3.227113] tcp_listen_portaddr_hash hash table entries: 1024 (order: 4, 73728 bytes, linear)
[    3.227714] Table-perturb hash table entries: 65536 (order: 6, 262144 bytes, linear)
[    3.228273] TCP established hash table entries: 16384 (order: 5, 131072 bytes, linear)
[    3.229051] TCP bind hash table entries: 16384 (order: 9, 2359296 bytes, linear)
[    3.232970] TCP: Hash tables configured (established 16384 bind 16384)
[    3.233565] UDP hash table entries: 1024 (order: 5, 163840 bytes, linear)
[    3.234121] UDP-Lite hash table entries: 1024 (order: 5, 163840 bytes, linear)
[    3.234778] NET: Registered PF_UNIX/PF_LOCAL protocol family
[    3.235713] RPC: Registered named UNIX socket transport module.
[    3.236118] RPC: Registered udp transport module.
[    3.236426] RPC: Registered tcp transport module.
[    3.236732] RPC: Registered tcp NFSv4.1 backchannel transport module.
[    3.237205] pci_bus 0000:00: resource 4 [io  0x0000-0x0cf7 window]
[    3.237633] pci_bus 0000:00: resource 5 [io  0x0d00-0xffff window]
[    3.238045] pci_bus 0000:00: resource 6 [mem 0x000a0000-0x000bffff window]
[    3.238494] pci_bus 0000:00: resource 7 [mem 0x80000000-0xfebfffff window]
[    3.238943] pci_bus 0000:00: resource 8 [mem 0x100000000-0x17fffffff window]
[    3.239629] pci 0000:00:01.0: PIIX3: Enabling Passive Release
[    3.240015] pci 0000:00:00.0: Limiting direct PCI/PCI transfers
[    3.240495] PCI: CLS 0 bytes, default 64
[    3.240810] ACPI: bus type thunderbolt registered
[    3.241405] clocksource: tsc: mask: 0xffffffffffffffff max_cycles: 0x3407c077a8d, max_idle_ns: 440795342283 ns
[    3.245111] Initialise system trusted keyrings
[    3.245493] Key type blacklist registered
[    3.246057] workingset: timestamp_bits=36 max_order=19 bucket_order=0
[    3.246930] zbud: loaded
[    3.248031] squashfs: version 4.0 (2009/01/31) Phillip Lougher
[    3.249263] NFS: Registering the id_resolver key type
[    3.249875] Key type id_resolver registered
[    3.250350] Key type id_legacy registered
[    3.250849] nfs4filelayout_init: NFSv4 File Layout Driver Registering...
[    3.251626] nfs4flexfilelayout_init: NFSv4 Flexfile Layout Driver Registering...
[    3.252659] fuse: init (API version 7.38)
[    3.253337] SGI XFS with ACLs, security attributes, realtime, quota, no debug enabled
[    3.254915] 9p: Installing v9fs 9p2000 file system support
[    3.264162] Key type asymmetric registered
[    3.264667] Asymmetric key parser 'x509' registered
[    3.265363] Block layer SCSI generic (bsg) driver version 0.4 loaded (major 243)
[    3.266395] io scheduler mq-deadline registered
[    3.266976] io scheduler bfq registered
[    3.267938] shpchp: Standard Hot Plug PCI Controller Driver version: 0.4
[    3.269270] IPMI message handler: version 39.2
[    3.269842] ipmi device interface
[    3.272324] input: Power Button as /devices/LNXSYSTM:00/LNXPWRBN:00/input/input0
[    3.273476] ACPI: button: Power Button [PWRF]
[    3.275111] ERST DBG: ERST support is disabled.
[    3.276347] Serial: 8250/16550 driver, 32 ports, IRQ sharing enabled
[    3.277763] 00:04: ttyS0 at I/O 0x3f8 (irq = 4, base_baud = 115200) is a 16550A
[    3.290483] Linux agpgart interface v0.103
[    3.291947] ACPI: bus type drm_connector registered
[    3.306064] brd: module loaded
[    3.313173] loop: module loaded
[    3.317208] scsi host0: ata_piix
[    3.317848] scsi host1: ata_piix
[    3.318197] ata1: PATA max MWDMA2 cmd 0x1f0 ctl 0x3f6 bmdma 0xc040 irq 14
[    3.318628] ata2: PATA max MWDMA2 cmd 0x170 ctl 0x376 bmdma 0xc048 irq 15
[    3.319929] tun: Universal TUN/TAP device driver, 1.6
[    3.320443] e100: Intel(R) PRO/100 Network Driver
[    3.320747] e100: Copyright(c) 1999-2006 Intel Corporation
[    3.321161] e1000: Intel(R) PRO/1000 Network Driver
[    3.321473] e1000: Copyright (c) 1999-2006 Intel Corporation.
[    3.477245] ata2: found unknown device (class 0)
[    3.478313] ata1: found unknown device (class 0)
[    3.479684] ata1.00: ATA-7: QEMU HARDDISK, 2.5+, max UDMA/100
[    3.480339] ata1.00: 16777216 sectors, multi 16: LBA48 
[    3.481223] ata2.00: ATAPI: QEMU DVD-ROM, 2.5+, max UDMA/100
[    3.483361] scsi 0:0:0:0: Direct-Access     ATA      QEMU HARDDISK    2.5+ PQ: 0 ANSI: 5
[    3.485699] scsi 0:0:0:0: Attached scsi generic sg0 type 0
[    3.486969] scsi 1:0:0:0: CD-ROM            QEMU     QEMU DVD-ROM     2.5+ PQ: 0 ANSI: 5
[    3.489314] sd 0:0:0:0: [sda] 16777216 512-byte logical blocks: (8.59 GB/8.00 GiB)
[    3.490254] sd 0:0:0:0: [sda] Write Protect is off
[    3.490877] sd 0:0:0:0: [sda] Write cache: enabled, read cache: enabled, doesn't support DPO or FUA
[    3.491827] sd 0:0:0:0: [sda] Preferred minimum I/O size 512 bytes
[    3.497726] ACPI: \_SB_.LNKC: Enabled at IRQ 11
[    3.514124] scsi 1:0:0:0: Attached scsi generic sg1 type 5
[    3.515600] sd 0:0:0:0: [sda] Attached SCSI disk
[    3.821630] e1000 0000:00:03.0 eth0: (PCI:33MHz:32-bit) 52:54:00:12:34:56
[    3.822482] e1000 0000:00:03.0 eth0: Intel(R) PRO/1000 Network Connection
[    3.823382] e1000e: Intel(R) PRO/1000 Network Driver
[    3.823965] e1000e: Copyright(c) 1999 - 2015 Intel Corporation.
[    3.824715] igb: Intel(R) Gigabit Ethernet Network Driver
[    3.825355] igb: Copyright (c) 2007-2014 Intel Corporation.
[    3.826126] PPP generic driver version 2.4.2
[    3.827277] VFIO - User Level meta-driver version: 0.3
[    3.828457] usbcore: registered new interface driver uas
[    3.829141] usbcore: registered new interface driver usb-storage
[    3.830008] i8042: PNP: PS/2 Controller [PNP0303:KBD,PNP0f13:MOU] at 0x60,0x64 irq 1,12
[    3.831864] serio: i8042 KBD port at 0x60,0x64 irq 1
[    3.832344] serio: i8042 AUX port at 0x60,0x64 irq 12
[    3.833333] mousedev: PS/2 mouse device common for all mice
[    3.834424] input: AT Translated Set 2 keyboard as /devices/platform/i8042/serio0/input/input1
[    3.836074] input: VirtualPS/2 VMware VMMouse as /devices/platform/i8042/serio1/input/input4
[    3.837073] rtc_cmos 00:05: RTC can wake from S4
[    3.837788] input: VirtualPS/2 VMware VMMouse as /devices/platform/i8042/serio1/input/input3
[    3.839460] rtc_cmos 00:05: registered as rtc0
[    3.839888] rtc_cmos 00:05: setting system clock to 2023-03-13T18:42:32 UTC (1678732952)
[    3.840706] rtc_cmos 00:05: alarms up to one day, y3k, 242 bytes nvram, hpet irqs
[    3.841347] i2c_dev: i2c /dev entries driver
[    3.841765] device-mapper: core: CONFIG_IMA_DISABLE_HTABLE is disabled. Duplicate IMA measurements will not be recorded in the IMA log.
[    3.842726] device-mapper: uevent: version 1.0.3
[    3.843311] device-mapper: ioctl: 4.47.0-ioctl (2022-07-28) initialised: dm-devel@redhat.com
[    3.844007] intel_pstate: CPU model not supported
[    3.844490] sdhci: Secure Digital Host Controller Interface driver
[    3.844980] sdhci: Copyright(c) Pierre Ossman
[    3.845439] sdhci-pltfm: SDHCI platform and OF driver helper
[    3.845953] ledtrig-cpu: registered to indicate activity on CPUs
[    3.846882] drop_monitor: Initializing network drop monitor service
[    3.847565] NET: Registered PF_INET6 protocol family
[    3.850891] Segment Routing with IPv6
[    3.851224] In-situ OAM (IOAM) with IPv6
[    3.851587] NET: Registered PF_PACKET protocol family
[    3.852162] 9pnet: Installing 9P2000 support
[    3.852783] Key type dns_resolver registered
[    3.854504] IPI shorthand broadcast: enabled
[    3.868234] sched_clock: Marking stable (3720005591, 145023082)->(3900540633, -35511960)
[    3.869586] registered taskstats version 1
[    3.870165] Loading compiled-in X.509 certificates
[    3.871046] zswap: loaded using pool lzo/zbud
[    3.887856] Key type .fscrypt registered
[    3.888359] Key type fscrypt-provisioning registered
[    3.890140] Key type encrypted registered
[    3.890443] ima: No TPM chip found, activating TPM-bypass!
[    3.890821] ima: Allocated hash algorithm: sha1
[    3.891140] ima: No architecture policies found
[    3.891474] evm: Initialising EVM extended attributes:
[    3.891811] evm: security.selinux
[    3.892026] evm: security.SMACK64
[    3.892244] evm: security.SMACK64EXEC
[    3.892480] evm: security.SMACK64TRANSMUTE
[    3.892743] evm: security.SMACK64MMAP
[    3.892979] evm: security.apparmor
[    3.893240] evm: security.ima
[    3.893436] evm: security.capability
[    3.893666] evm: HMAC attrs: 0x1
[    3.895259] PM:   Magic number: 15:551:746
[    3.896281] RAS: Correctable Errors collector initialized.
[    3.897753] md: Waiting for all devices to be available before autodetect
[    3.898050] md: If you don't use raid, use raid=noautodetect
[    3.898297] md: Autodetecting RAID arrays.
[    3.898487] md: autorun ...
[    3.898614] md: ... autorun DONE.
[    3.903956] EXT4-fs (sda): INFO: recovery required on readonly filesystem
[    3.904512] EXT4-fs (sda): write access will be enabled during recovery
[    3.997433] EXT4-fs (sda): recovery complete
[    4.003991] EXT4-fs (sda): mounted filesystem 23a53bb9-f815-47a5-b74c-5e08f7731193 with ordered data mode. Quota mode: none.
[    4.004912] VFS: Mounted root (ext4 filesystem) readonly on device 8:0.
[    4.006255] devtmpfs: mounted
[    4.012762] Freeing unused decrypted memory: 2036K
[    4.020512] Freeing unused kernel image (initmem) memory: 10508K
[    4.021125] Write protecting the kernel read-only data: 47104k
[    4.023318] Freeing unused kernel image (rodata/data gap) memory: 392K
[    4.146596] x86/mm: Checked W+X mappings: passed, no W+X pages found.
[    4.147118] Run /sbin/init as init process
[    4.247981] systemd[1]: RTC configured in localtime, applying delta of 0 minutes to system time.
[    4.283908] systemd[1]: systemd 239 (239-49.el8) running in system mode. (+PAM +AUDIT +SELINUX +IMA -APPARMOR +SMACK +SYSVINIT +UTMP +LIBCRYPTSETUP +GCRYPT +GNUTLS +ACL +XZ +LZ4 +SECCOMP +BLKID +ELFUTILS +KMOD +IDN2 -IDN +PCRE2 default-hierarchy=legacy)
[    4.286003] systemd[1]: Detected virtualization kvm.
[    4.286424] systemd[1]: Detected architecture x86-64.

Welcome to [0;31mCentOS Stream 8[0m!

[    4.341675] systemd[1]: Set hostname to <test>.
[    4.613548] systemd[1]: Listening on udev Kernel Socket.
[[0;32m  OK  [0m] Listening on udev Kernel Socket.
[    4.615060] systemd[1]: Set up automount Arbitrary Executable File Formats File System Automount Point.
[[0;32m  OK  [0m] Set up automount Arbitrary Executabâ€¦rmats File System Automount Point.
[    4.618837] systemd[1]: Created slice system-sshd\x2dkeygen.slice.
[[0;32m  OK  [0m] Created slice system-sshd\x2dkeygen.slice.
[    4.619994] systemd[1]: Listening on Device-mapper event daemon FIFOs.
[[0;32m  OK  [0m] Listening on Device-mapper event daemon FIFOs.
[    4.621190] systemd[1]: Listening on multipathd control socket.
[[0;32m  OK  [0m] Listening on multipathd control socket.
[    4.622238] systemd[1]: Started Forward Password Requests to Wall Directory Watch.
[[0;32m  OK  [0m] Started Forward Password Requests to Wall Directory Watch.
[[0;32m  OK  [0m] Created slice system-serial\x2dgetty.slice.
[[0;32m  OK  [0m] Listening on Process Core Dump Socket.
[[0;32m  OK  [0m] Created slice User and Session Slice.
[[0;32m  OK  [0m] Listening on Journal Socket.
         Starting Load Kernel Modules...
         Starting Setup Virtual Console...
         Mounting Huge Pages File System...
         Starting Remount Root and Kernel File Systems...
[[0;32m  OK  [0m] Listening on udev Control Socket.
         Starting udev Coldplug all Devices...
[[0;32m  OK  [0m] Listening on LVM2 poll daemon socket.
[[0;32m  OK  [0m] Created slice system-getty.slice.
[[0;32m  OK  [0m] Listening on RPCbind Server Activation Socket.
[[0;32m  OK  [0m] Reached target RPC Port Mapper.
[[0;32m  OK  [0m] Reached target Slices.
[[0;32m  OK  [0m] Listening on Journal Socket (/dev/log).
         Starting Journal Service...
[[0;32m  OK  [0m] Reached target Swap.
[[0;32m  OK  [0m] Listening on initctl Compatibility Named Pipe.
         Mounting Kernel Debug File System...
         Mounting POSIX Message Queue File System...
         Starting Monitoring of LVM2 mirrorsâ€¦ng dmeventd or progress polling...
[[0;1;31mFAILED[0m] Failed to start Load Kernel Modules.
See 'systemctl status systemd-modules-load.service' for details.
[[0;32m  OK  [0m] Mounted Huge Pages File System.
[[0;32m  OK  [0m] Mounted Kernel Debug File System.
[[0;32m  OK  [0m] Mounted POSIX Message Queue File System.
         Starting Apply Kernel Variables...
         Mounting FUSE Control File System...
         Mounting Kernel Configuration File System...
[[0;32m  OK  [0m] Started Apply Kernel Variables.
[[0;32m  OK  [0m] Mounted FUSE Control File System.
[[0;32m  OK  [0m] Mounted Kernel Configuration File System.
[[0;32m  OK  [0m] Started Journal Service.
[    5.188063] EXT4-fs (sda): re-mounted 23a53bb9-f815-47a5-b74c-5e08f7731193. Quota mode: none.
[[0;32m  OK  [0m] Started Remount Root and Kernel File Systems.
         Starting Flush Journal to Persistent Storage...
         Starting Create Static Device Nodes in /dev...
         Starting Load/Save Random Seed...
[[0;32m  OK  [0m] Started Setup Virtual Console.
[[0;32m  OK  [0m] Started Flush Journal to Persistent Storage.
[[0;32m  OK  [0m] Started Load/Save Random Seed.
[[0;32m  OK  [0m] Started Create Static Device Nodes in /dev.
         Starting udev Kernel Device Manager...
[[0;32m  OK  [0m] Started udev Coldplug all Devices.
         Starting udev Wait for Complete Device Initialization...
[[0;32m  OK  [0m] Started udev Kernel Device Manager.
         Starting Show Plymouth Boot Screen...
[[0;32m  OK  [0m] Started Show Plymouth Boot Screen.
[[0;32m  OK  [0m] Reached target Local Encrypted Volumes.
[[0;32m  OK  [0m] Reached target Paths.
[[0;32m  OK  [0m] Started Forward Password Requests to Plymouth Directory Watch.
[[0;32m  OK  [0m] Found device /dev/ttyS0.
[[0;32m  OK  [0m] Started Monitoring of LVM2 mirrors,â€¦sing dmeventd or progress polling.
[[0;32m  OK  [0m] Started udev Wait for Complete Device Initialization.
[[0;32m  OK  [0m] Listening on Load/Save RF Kill Switch Status /dev/rfkill Watch.
[[0;32m  OK  [0m] Reached target Local File Systems (Pre).
[[0;32m  OK  [0m] Reached target Local File Systems.
         Starting Tell Plymouth To Write Out Runtime Data...
         Starting Restore /run/initramfs on shutdown...
         Starting Create Volatile Files and Directories...
[[0;32m  OK  [0m] Started Tell Plymouth To Write Out Runtime Data.
[[0;32m  OK  [0m] Started Restore /run/initramfs on shutdown.
[[0;32m  OK  [0m] Started Create Volatile Files and Directories.
         Starting RPC Bind...
         Starting Security Auditing Service...
         Mounting RPC Pipe File System...
[[0;32m  OK  [0m] Mounted RPC Pipe File System.
[[0;32m  OK  [0m] Reached target rpc_pipefs.target.
[[0;32m  OK  [0m] Started RPC Bind.
[[0;32m  OK  [0m] Started Security Auditing Service.
         Starting Update UTMP about System Boot/Shutdown...
[[0;32m  OK  [0m] Started Update UTMP about System Boot/Shutdown.
[[0;32m  OK  [0m] Reached target System Initialization.
[[0;32m  OK  [0m] Listening on D-Bus System Message Bus Socket.
[[0;32m  OK  [0m] Started Daily Cleanup of Temporary Directories.
[[0;32m  OK  [0m] Started daily update of the root trust anchor for DNSSEC.
[[0;32m  OK  [0m] Listening on SSSD Kerberos Cache Manager responder socket.
[[0;32m  OK  [0m] Reached target Sockets.
[[0;32m  OK  [0m] Started dnf makecache --timer.
[[0;32m  OK  [0m] Reached target Timers.
[[0;32m  OK  [0m] Reached target Basic System.
         Starting Auto-connect to subsystemsâ€¦-NVME devices found during boot...
         Starting Authorization Manager...
         Starting Self Monitoring and Reporting Technology (SMART) Daemon...
         Starting NTP client/server...
[[0;32m  OK  [0m] Reached target sshd-keygen.target.
[[0;32m  OK  [0m] Started Machine Check Exception Logging Daemon.
[[0;32m  OK  [0m] Started D-Bus System Message Bus.
         Starting Network Manager...
[[0;32m  OK  [0m] Started irqbalance daemon.
         Starting Login Service...
[[0;32m  OK  [0m] Started Self Monitoring and Reporting Technology (SMART) Daemon.
[[0;32m  OK  [0m] Started Auto-connect to subsystems â€¦FC-NVME devices found during boot.
         Starting update of the root trust aâ€¦or DNSSEC validation in unbound...
[[0;32m  OK  [0m] Started Login Service.
[[0;32m  OK  [0m] Started Network Manager.
[[0;32m  OK  [0m] Reached target Network.
         Starting OpenSSH server daemon...
         Starting Dynamic System Tuning Daemon...
         Starting GSSAPI Proxy Daemon...
         Starting Network Manager Wait Online...
[[0;32m  OK  [0m] Started NTP client/server.
         Starting Hostname Service...
[[0;32m  OK  [0m] Started Authorization Manager.
[[0;32m  OK  [0m] Started OpenSSH server daemon.
[[0;32m  OK  [0m] Started update of the root trust anâ€¦ for DNSSEC validation in unbound.
[[0;32m  OK  [0m] Started GSSAPI Proxy Daemon.
[[0;32m  OK  [0m] Reached target NFS client services.
[[0;32m  OK  [0m] Reached target Remote File Systems (Pre).
[[0;32m  OK  [0m] Reached target Remote File Systems.
         Starting Permit User Sessions...
[[0;32m  OK  [0m] Started Permit User Sessions.
         Starting Hold until boot process finishes up...
[[0;32m  OK  [0m] Started Command Scheduler.
         Starting Terminate Plymouth Boot Screen...
[    7.877249] e1000: eth0 NIC Link is Up 1000 Mbps Full Duplex, Flow Control: RX
[    7.878062] IPv6: ADDRCONF(NETDEV_CHANGE): eth0: link becomes ready
[    8.136257] Spectre V2 : WARNING: Unprivileged eBPF is enabled with eIBRS on, data leaks possible via Spectre v2 BHB attacks!
[    8.136859] Spectre V2 : WARNING: Unprivileged eBPF is enabled with eIBRS on, data leaks possible via Spectre v2 BHB attacks!

CentOS Stream 8
Kernel 6.3.0-rc2-eeac8ede1755+ on an x86_64

test login: [   24.721671] memfd_create() without MFD_EXEC nor MFD_NOEXEC_SEAL, pid=331 'systemd'
[   28.878030] ------------[ cut here ]------------
[   28.878512] WARNING: CPU: 0 PID: 518 at drivers/iommu/iommufd/pages.c:793 pfn_reader_user_pin+0x2e6/0x390
[   28.879291] Modules linked in:
[   28.879557] CPU: 0 PID: 518 Comm: repro Not tainted 6.3.0-rc2-eeac8ede1755+ #1
[   28.880120] Hardware name: QEMU Standard PC (i440FX + PIIX, 1996), BIOS rel-1.16.0-0-gd239552ce722-prebuilt.qemu.org 04/01/2014
[   28.880984] RIP: 0010:pfn_reader_user_pin+0x2e6/0x390
[   28.881431] Code: b1 11 e9 25 fe ff ff e8 28 e4 0f ff 31 ff 48 89 de e8 2e e6 0f ff 48 85 db 74 0a e8 14 e4 0f ff e9 4d ff ff ff e8 0a e4 0f ff <0f> 0b bb f2 ff ff ff e9 3c ff ff ff e8 f9 e3 0f ff ba 01 00 00 00
[   28.882819] RSP: 0018:ffffc90000f9fa30 EFLAGS: 00010246
[   28.883230] RAX: 0000000000000000 RBX: 0000000000000000 RCX: ffffffff821e2b72
[   28.883786] RDX: 0000000000000000 RSI: ffff888014184680 RDI: 0000000000000002
[   28.884335] RBP: ffffc90000f9fa78 R08: 00000000000000ff R09: 0000000079de6f4e
[   28.884886] R10: ffffc90000f9f790 R11: ffff888014185418 R12: ffffc90000f9fc60
[   28.885460] R13: 0000000000000002 R14: ffff888007879800 R15: 0000000000000000
[   28.886018] FS:  00007f4227555740(0000) GS:ffff88807dc00000(0000) knlGS:0000000000000000
[   28.886636] CS:  0010 DS: 0000 ES: 0000 CR0: 0000000080050033
[   28.887084] CR2: 0000000020000043 CR3: 000000000e748005 CR4: 0000000000770ef0
[   28.887670] PKRU: 55555554
[   28.887902] Call Trace:
[   28.888105]  <TASK>
[   28.888291]  pfn_reader_next+0x14a/0x7b0
[   28.888619]  ? interval_tree_double_span_iter_update+0x11a/0x140
[   28.889140]  pfn_reader_first+0x140/0x1b0
[   28.889484]  iopt_pages_rw_slow+0x71/0x280
[   28.889830]  ? __this_cpu_preempt_check+0x20/0x30
[   28.890287]  iopt_pages_rw_access+0x2b2/0x5b0
[   28.890679]  iommufd_access_rw+0x19f/0x2f0
[   28.891025]  iommufd_test+0xd11/0x16f0
[   28.891342]  ? write_comp_data+0x2f/0x90
[   28.891697]  iommufd_fops_ioctl+0x206/0x330
[   28.892053]  __x64_sys_ioctl+0x10e/0x160
[   28.892391]  ? __pfx_iommufd_fops_ioctl+0x10/0x10
[   28.892784]  do_syscall_64+0x3b/0x90
[   28.893124]  entry_SYSCALL_64_after_hwframe+0x72/0xdc
[   28.893553] RIP: 0033:0x7f422767a59d
[   28.893850] Code: 00 c3 66 2e 0f 1f 84 00 00 00 00 00 90 f3 0f 1e fa 48 89 f8 48 89 f7 48 89 d6 48 89 ca 4d 89 c2 4d 89 c8 4c 8b 4c 24 08 0f 05 <48> 3d 01 f0 ff ff 73 01 c3 48 8b 0d d3 08 0d 00 f7 d8 64 89 01 48
[   28.895247] RSP: 002b:00007ffeeb8f6638 EFLAGS: 00000206 ORIG_RAX: 0000000000000010
[   28.895852] RAX: ffffffffffffffda RBX: 0000000000000000 RCX: 00007f422767a59d
[   28.896403] RDX: 00000000200001c0 RSI: 0000000000003ba0 RDI: 0000000000000006
[   28.896952] RBP: 00007ffeeb8f6650 R08: 00007ffeeb8f6730 R09: 00007ffeeb8f6730
[   28.897530] R10: 00007ffeeb8f6730 R11: 0000000000000206 R12: 0000000000401060
[   28.898098] R13: 00007ffeeb8f6730 R14: 0000000000000000 R15: 0000000000000000
[   28.898659]  </TASK>
[   28.898845] irq event stamp: 4555
[   28.899111] hardirqs last  enabled at (4563): [<ffffffff811eac21>] __up_console_sem+0x91/0xb0
[   28.899769] hardirqs last disabled at (4570): [<ffffffff811eac06>] __up_console_sem+0x76/0xb0
[   28.900156] softirqs last  enabled at (3896): [<ffffffff83024a4c>] __do_softirq+0x31c/0x49c
[   28.900541] softirqs last disabled at (3783): [<ffffffff8112b5a4>] irq_exit_rcu+0xc4/0x100
[   28.900924] ---[ end trace 0000000000000000 ]---
[   28.905593] ------------[ cut here ]------------
[   28.905993] WARNING: CPU: 0 PID: 519 at drivers/iommu/iommufd/pages.c:793 pfn_reader_user_pin+0x2e6/0x390
[   28.906766] Modules linked in:
[   28.907027] CPU: 0 PID: 519 Comm: repro Tainted: G        W          6.3.0-rc2-eeac8ede1755+ #1
[   28.907728] Hardware name: QEMU Standard PC (i440FX + PIIX, 1996), BIOS rel-1.16.0-0-gd239552ce722-prebuilt.qemu.org 04/01/2014
[   28.908611] RIP: 0010:pfn_reader_user_pin+0x2e6/0x390
[   28.909212] Code: b1 11 e9 25 fe ff ff e8 28 e4 0f ff 31 ff 48 89 de e8 2e e6 0f ff 48 85 db 74 0a e8 14 e4 0f ff e9 4d ff ff ff e8 0a e4 0f ff <0f> 0b bb f2 ff ff ff e9 3c ff ff ff e8 f9 e3 0f ff ba 01 00 00 00
[   28.910673] RSP: 0018:ffffc90000f67a30 EFLAGS: 00010246
[   28.911099] RAX: 0000000000000000 RBX: 0000000000000000 RCX: ffffffff821e2b72
[   28.911678] RDX: 0000000000000000 RSI: ffff88800acec680 RDI: 0000000000000002
[   28.912240] RBP: ffffc90000f67a78 R08: 000000000000019f R09: 0000000000000001
[   28.912813] R10: ffff88800aced418 R11: 0000000000000000 R12: ffffc90000f67c60
[   28.913414] R13: 0000000000000002 R14: ffff888007879800 R15: 0000000000000000
[   28.913986] FS:  00007fcae9cf4740(0000) GS:ffff88807dc00000(0000) knlGS:0000000000000000
[   28.914627] CS:  0010 DS: 0000 ES: 0000 CR0: 0000000080050033
[   28.915089] CR2: 0000000020000043 CR3: 000000000e748001 CR4: 0000000000770ef0
[   28.915667] PKRU: 55555554
[   28.915902] Call Trace:
[   28.916122]  <TASK>
[   28.916328]  pfn_reader_next+0x14a/0x7b0
[   28.916685]  ? interval_tree_double_span_iter_update+0x11a/0x140
[   28.917229]  pfn_reader_first+0x140/0x1b0
[   28.917583]  iopt_pages_rw_slow+0x71/0x280
[   28.917967]  iopt_pages_rw_access+0x2b2/0x5b0
[   28.918353]  iommufd_access_rw+0x19f/0x2f0
[   28.918705]  iommufd_test+0xd11/0x16f0
[   28.919032]  ? write_comp_data+0x2f/0x90
[   28.919392]  iommufd_fops_ioctl+0x206/0x330
[   28.919783]  __x64_sys_ioctl+0x10e/0x160
[   28.920123]  ? __pfx_iommufd_fops_ioctl+0x10/0x10
[   28.920523]  do_syscall_64+0x3b/0x90
[   28.920832]  entry_SYSCALL_64_after_hwframe+0x72/0xdc
[   28.921276] RIP: 0033:0x7fcae9e1959d
[   28.921585] Code: 00 c3 66 2e 0f 1f 84 00 00 00 00 00 90 f3 0f 1e fa 48 89 f8 48 89 f7 48 89 d6 48 89 ca 4d 89 c2 4d 89 c8 4c 8b 4c 24 08 0f 05 <48> 3d 01 f0 ff ff 73 01 c3 48 8b 0d d3 08 0d 00 f7 d8 64 89 01 48
[   28.923029] RSP: 002b:00007ffd6debb0c8 EFLAGS: 00000206 ORIG_RAX: 0000000000000010
[   28.923642] RAX: ffffffffffffffda RBX: 0000000000000000 RCX: 00007fcae9e1959d
[   28.924208] RDX: 00000000200001c0 RSI: 0000000000003ba0 RDI: 0000000000000006
[   28.924776] RBP: 00007ffd6debb0e0 R08: 00007ffd6debb1c0 R09: 00007ffd6debb1c0
[   28.925363] R10: 00007ffd6debb1c0 R11: 0000000000000206 R12: 0000000000401060
[   28.925934] R13: 00007ffd6debb1c0 R14: 0000000000000000 R15: 0000000000000000
[   28.926518]  </TASK>
[   28.926715] irq event stamp: 4281
[   28.926993] hardirqs last  enabled at (4289): [<ffffffff811eac21>] __up_console_sem+0x91/0xb0
[   28.927682] hardirqs last disabled at (4296): [<ffffffff811eac06>] __up_console_sem+0x76/0xb0
[   28.928364] softirqs last  enabled at (3978): [<ffffffff83024a4c>] __do_softirq+0x31c/0x49c
[   28.929065] softirqs last disabled at (3623): [<ffffffff8112b5a4>] irq_exit_rcu+0xc4/0x100
[   28.929725] ---[ end trace 0000000000000000 ]---
[   28.934466] ------------[ cut here ]------------
[   28.934864] WARNING: CPU: 0 PID: 520 at drivers/iommu/iommufd/pages.c:793 pfn_reader_user_pin+0x2e6/0x390
[   28.935624] Modules linked in:
[   28.935879] CPU: 0 PID: 520 Comm: repro Tainted: G        W          6.3.0-rc2-eeac8ede1755+ #1
[   28.936549] Hardware name: QEMU Standard PC (i440FX + PIIX, 1996), BIOS rel-1.16.0-0-gd239552ce722-prebuilt.qemu.org 04/01/2014
[   28.937611] RIP: 0010:pfn_reader_user_pin+0x2e6/0x390
[   28.938042] Code: b1 11 e9 25 fe ff ff e8 28 e4 0f ff 31 ff 48 89 de e8 2e e6 0f ff 48 85 db 74 0a e8 14 e4 0f ff e9 4d ff ff ff e8 0a e4 0f ff <0f> 0b bb f2 ff ff ff e9 3c ff ff ff e8 f9 e3 0f ff ba 01 00 00 00
[   28.939449] RSP: 0018:ffffc90000f97a30 EFLAGS: 00010246
[   28.939829] RAX: 0000000000000000 RBX: 0000000000000000 RCX: ffffffff821e2b72
[   28.940155] RDX: 0000000000000000 RSI: ffff888014182340 RDI: 0000000000000002
[   28.940474] RBP: ffffc90000f97a78 R08: 000000000000019f R09: 0000000000000001
[   28.940804] R10: ffff8880141830d8 R11: 0000000000000000 R12: ffffc90000f97c60
[   28.941151] R13: 0000000000000002 R14: ffff888007879800 R15: 0000000000000000
[   28.941470] FS:  00007f4024a69740(0000) GS:ffff88807dc00000(0000) knlGS:0000000000000000
[   28.941838] CS:  0010 DS: 0000 ES: 0000 CR0: 0000000080050033
[   28.942095] CR2: 0000000020000043 CR3: 000000000e748003 CR4: 0000000000770ef0
[   28.942418] PKRU: 55555554
[   28.942549] Call Trace:
[   28.942666]  <TASK>
[   28.942777]  pfn_reader_next+0x14a/0x7b0
[   28.942973]  ? interval_tree_double_span_iter_update+0x11a/0x140
[   28.943260]  pfn_reader_first+0x140/0x1b0
[   28.943457]  iopt_pages_rw_slow+0x71/0x280
[   28.943687]  iopt_pages_rw_access+0x2b2/0x5b0
[   28.943909]  iommufd_access_rw+0x19f/0x2f0
[   28.944119]  iommufd_test+0xd11/0x16f0
[   28.944302]  ? write_comp_data+0x2f/0x90
[   28.944498]  iommufd_fops_ioctl+0x206/0x330
[   28.944704]  __x64_sys_ioctl+0x10e/0x160
[   28.944895]  ? __pfx_iommufd_fops_ioctl+0x10/0x10
[   28.945137]  do_syscall_64+0x3b/0x90
[   28.945311]  entry_SYSCALL_64_after_hwframe+0x72/0xdc
[   28.945558] RIP: 0033:0x7f4024b8e59d
[   28.945725] Code: 00 c3 66 2e 0f 1f 84 00 00 00 00 00 90 f3 0f 1e fa 48 89 f8 48 89 f7 48 89 d6 48 89 ca 4d 89 c2 4d 89 c8 4c 8b 4c 24 08 0f 05 <48> 3d 01 f0 ff ff 73 01 c3 48 8b 0d d3 08 0d 00 f7 d8 64 89 01 48
[   28.946510] RSP: 002b:00007ffc03519de8 EFLAGS: 00000206 ORIG_RAX: 0000000000000010
[   28.946847] RAX: ffffffffffffffda RBX: 0000000000000000 RCX: 00007f4024b8e59d
[   28.947166] RDX: 00000000200001c0 RSI: 0000000000003ba0 RDI: 0000000000000006
[   28.947476] RBP: 00007ffc03519e00 R08: 00007ffc03519ee0 R09: 00007ffc03519ee0
[   28.947792] R10: 00007ffc03519ee0 R11: 0000000000000206 R12: 0000000000401060
[   28.948105] R13: 00007ffc03519ee0 R14: 0000000000000000 R15: 0000000000000000
[   28.948431]  </TASK>
[   28.948543] irq event stamp: 4343
[   28.948704] hardirqs last  enabled at (4351): [<ffffffff811eac21>] __up_console_sem+0x91/0xb0
[   28.949107] hardirqs last disabled at (4360): [<ffffffff811eac06>] __up_console_sem+0x76/0xb0
[   28.949484] softirqs last  enabled at (4036): [<ffffffff83024a4c>] __do_softirq+0x31c/0x49c
[   28.949854] softirqs last disabled at (3705): [<ffffffff8112b5a4>] irq_exit_rcu+0xc4/0x100
[   28.950217] ---[ end trace 0000000000000000 ]---
[   28.953883] ------------[ cut here ]------------
[   28.954134] WARNING: CPU: 0 PID: 521 at drivers/iommu/iommufd/pages.c:793 pfn_reader_user_pin+0x2e6/0x390
[   28.954553] Modules linked in:
[   28.954703] CPU: 0 PID: 521 Comm: repro Tainted: G        W          6.3.0-rc2-eeac8ede1755+ #1
[   28.955081] Hardware name: QEMU Standard PC (i440FX + PIIX, 1996), BIOS rel-1.16.0-0-gd239552ce722-prebuilt.qemu.org 04/01/2014
[   28.955569] RIP: 0010:pfn_reader_user_pin+0x2e6/0x390
[   28.955799] Code: b1 11 e9 25 fe ff ff e8 28 e4 0f ff 31 ff 48 89 de e8 2e e6 0f ff 48 85 db 74 0a e8 14 e4 0f ff e9 4d ff ff ff e8 0a e4 0f ff <0f> 0b bb f2 ff ff ff e9 3c ff ff ff e8 f9 e3 0f ff ba 01 00 00 00
[   28.956594] RSP: 0018:ffffc90000fa7a30 EFLAGS: 00010246
[   28.956838] RAX: 0000000000000000 RBX: 0000000000000000 RCX: ffffffff821e2b72
[   28.957236] RDX: 0000000000000000 RSI: ffff888014184680 RDI: 0000000000000002
[   28.957557] RBP: ffffc90000fa7a78 R08: 000000000000019f R09: 0000000000000001
[   28.957867] R10: ffff888014185418 R11: 0000000000000000 R12: ffffc90000fa7c60
[   28.958180] R13: 0000000000000002 R14: ffff888007879800 R15: 0000000000000000
[   28.958495] FS:  00007f7b8740f740(0000) GS:ffff88807dc00000(0000) knlGS:0000000000000000
[   28.958857] CS:  0010 DS: 0000 ES: 0000 CR0: 0000000080050033
[   28.959115] CR2: 0000000020000043 CR3: 000000000e748001 CR4: 0000000000770ef0
[   28.959431] PKRU: 55555554
[   28.959570] Call Trace:
[   28.959694]  <TASK>
[   28.959805]  pfn_reader_next+0x14a/0x7b0
[   28.959998]  ? interval_tree_double_span_iter_update+0x11a/0x140
[   28.960282]  pfn_reader_first+0x140/0x1b0
[   28.960477]  iopt_pages_rw_slow+0x71/0x280
[   28.960694]  iopt_pages_rw_access+0x2b2/0x5b0
[   28.960910]  iommufd_access_rw+0x19f/0x2f0
[   28.961127]  iommufd_test+0xd11/0x16f0
[   28.961312]  ? write_comp_data+0x2f/0x90
[   28.961510]  iommufd_fops_ioctl+0x206/0x330
[   28.961709]  __x64_sys_ioctl+0x10e/0x160
[   28.961895]  ? __pfx_iommufd_fops_ioctl+0x10/0x10
[   28.962115]  do_syscall_64+0x3b/0x90
[   28.962285]  entry_SYSCALL_64_after_hwframe+0x72/0xdc
[   28.962522] RIP: 0033:0x7f7b8753459d
[   28.962693] Code: 00 c3 66 2e 0f 1f 84 00 00 00 00 00 90 f3 0f 1e fa 48 89 f8 48 89 f7 48 89 d6 48 89 ca 4d 89 c2 4d 89 c8 4c 8b 4c 24 08 0f 05 <48> 3d 01 f0 ff ff 73 01 c3 48 8b 0d d3 08 0d 00 f7 d8 64 89 01 48
[   28.963469] RSP: 002b:00007ffddbc6e758 EFLAGS: 00000206 ORIG_RAX: 0000000000000010
[   28.963802] RAX: ffffffffffffffda RBX: 0000000000000000 RCX: 00007f7b8753459d
[   28.964104] RDX: 00000000200001c0 RSI: 0000000000003ba0 RDI: 0000000000000006
[   28.964408] RBP: 00007ffddbc6e770 R08: 00007ffddbc6e850 R09: 00007ffddbc6e850
[   28.964712] R10: 00007ffddbc6e850 R11: 0000000000000206 R12: 0000000000401060
[   28.965041] R13: 00007ffddbc6e850 R14: 0000000000000000 R15: 0000000000000000
[   28.965363]  </TASK>
[   28.965468] irq event stamp: 4047
[   28.965621] hardirqs last  enabled at (4055): [<ffffffff811eac21>] __up_console_sem+0x91/0xb0
[   28.965997] hardirqs last disabled at (4062): [<ffffffff811eac06>] __up_console_sem+0x76/0xb0
[   28.966372] softirqs last  enabled at (3778): [<ffffffff83024a4c>] __do_softirq+0x31c/0x49c
[   28.966738] softirqs last disabled at (3683): [<ffffffff8112b5a4>] irq_exit_rcu+0xc4/0x100
[   28.967102] ---[ end trace 0000000000000000 ]---
[   28.971223] ------------[ cut here ]------------
[   28.971448] WARNING: CPU: 0 PID: 522 at drivers/iommu/iommufd/pages.c:793 pfn_reader_user_pin+0x2e6/0x390
[   28.972051] Modules linked in:
[   28.972200] CPU: 0 PID: 522 Comm: repro Tainted: G        W          6.3.0-rc2-eeac8ede1755+ #1
[   28.972600] Hardware name: QEMU Standard PC (i440FX + PIIX, 1996), BIOS rel-1.16.0-0-gd239552ce722-prebuilt.qemu.org 04/01/2014
[   28.973185] RIP: 0010:pfn_reader_user_pin+0x2e6/0x390
[   28.973422] Code: b1 11 e9 25 fe ff ff e8 28 e4 0f ff 31 ff 48 89 de e8 2e e6 0f ff 48 85 db 74 0a e8 14 e4 0f ff e9 4d ff ff ff e8 0a e4 0f ff <0f> 0b bb f2 ff ff ff e9 3c ff ff ff e8 f9 e3 0f ff ba 01 00 00 00
[   28.974208] RSP: 0018:ffffc90000fafa30 EFLAGS: 00010246
[   28.974440] RAX: 0000000000000000 RBX: 0000000000000000 RCX: ffffffff821e2b72
[   28.974749] RDX: 0000000000000000 RSI: ffff888014180000 RDI: 0000000000000002
[   28.975064] RBP: ffffc90000fafa78 R08: 000000000000019f R09: 0000000000000001
[   28.975382] R10: ffff888014180d98 R11: 0000000000000000 R12: ffffc90000fafc60
[   28.975708] R13: 0000000000000002 R14: ffff888007879800 R15: 0000000000000000
[   28.976018] FS:  00007fe858b7b740(0000) GS:ffff88807dc00000(0000) knlGS:0000000000000000
[   28.976371] CS:  0010 DS: 0000 ES: 0000 CR0: 0000000080050033
[   28.976641] CR2: 0000000020000043 CR3: 000000000e748003 CR4: 0000000000770ef0
[   28.976952] PKRU: 55555554
[   28.977099] Call Trace:
[   28.977219]  <TASK>
[   28.977330]  pfn_reader_next+0x14a/0x7b0
[   28.977521]  ? interval_tree_double_span_iter_update+0x11a/0x140
[   28.977807]  pfn_reader_first+0x140/0x1b0
[   28.978004]  iopt_pages_rw_slow+0x71/0x280
[   28.978224]  iopt_pages_rw_access+0x2b2/0x5b0
[   28.978443]  iommufd_access_rw+0x19f/0x2f0
[   28.978642]  iommufd_test+0xd11/0x16f0
[   28.978829]  ? write_comp_data+0x2f/0x90
[   28.979037]  iommufd_fops_ioctl+0x206/0x330
[   28.979246]  __x64_sys_ioctl+0x10e/0x160
[   28.979439]  ? __pfx_iommufd_fops_ioctl+0x10/0x10
[   28.979681]  do_syscall_64+0x3b/0x90
[   28.979858]  entry_SYSCALL_64_after_hwframe+0x72/0xdc
[   28.980098] RIP: 0033:0x7fe858ca059d
[   28.980271] Code: 00 c3 66 2e 0f 1f 84 00 00 00 00 00 90 f3 0f 1e fa 48 89 f8 48 89 f7 48 89 d6 48 89 ca 4d 89 c2 4d 89 c8 4c 8b 4c 24 08 0f 05 <48> 3d 01 f0 ff ff 73 01 c3 48 8b 0d d3 08 0d 00 f7 d8 64 89 01 48
[   28.981095] RSP: 002b:00007fff2cc911d8 EFLAGS: 00000206 ORIG_RAX: 0000000000000010
[   28.981436] RAX: ffffffffffffffda RBX: 0000000000000000 RCX: 00007fe858ca059d
[   28.981754] RDX: 00000000200001c0 RSI: 0000000000003ba0 RDI: 0000000000000006
[   28.982063] RBP: 00007fff2cc911f0 R08: 00007fff2cc912d0 R09: 00007fff2cc912d0
[   28.982382] R10: 00007fff2cc912d0 R11: 0000000000000206 R12: 0000000000401060
[   28.982692] R13: 00007fff2cc912d0 R14: 0000000000000000 R15: 0000000000000000
[   28.983017]  </TASK>
[   28.983124] irq event stamp: 4173
[   28.983285] hardirqs last  enabled at (4181): [<ffffffff811eac21>] __up_console_sem+0x91/0xb0
[   28.983675] hardirqs last disabled at (4188): [<ffffffff811eac06>] __up_console_sem+0x76/0xb0
[   28.984059] softirqs last  enabled at (3866): [<ffffffff83024a4c>] __do_softirq+0x31c/0x49c
[   28.984436] softirqs last disabled at (3855): [<ffffffff8112b5a4>] irq_exit_rcu+0xc4/0x100
[   28.984817] ---[ end trace 0000000000000000 ]---
[   28.989473] ------------[ cut here ]------------
[   28.989712] WARNING: CPU: 0 PID: 523 at drivers/iommu/iommufd/pages.c:793 pfn_reader_user_pin+0x2e6/0x390
[   28.990227] Modules linked in:
[   28.990380] CPU: 0 PID: 523 Comm: repro Tainted: G        W          6.3.0-rc2-eeac8ede1755+ #1
[   28.990774] Hardware name: QEMU Standard PC (i440FX + PIIX, 1996), BIOS rel-1.16.0-0-gd239552ce722-prebuilt.qemu.org 04/01/2014
[   28.991326] RIP: 0010:pfn_reader_user_pin+0x2e6/0x390
[   28.991571] Code: b1 11 e9 25 fe ff ff e8 28 e4 0f ff 31 ff 48 89 de e8 2e e6 0f ff 48 85 db 74 0a e8 14 e4 0f ff e9 4d ff ff ff e8 0a e4 0f ff <0f> 0b bb f2 ff ff ff e9 3c ff ff ff e8 f9 e3 0f ff ba 01 00 00 00
[   28.992450] RSP: 0018:ffffc90000fb7a30 EFLAGS: 00010246
[   28.992690] RAX: 0000000000000000 RBX: 0000000000000000 RCX: ffffffff821e2b72
[   28.993086] RDX: 0000000000000000 RSI: ffff888014182340 RDI: 0000000000000002
[   28.993496] RBP: ffffc90000fb7a78 R08: 000000000000019f R09: 0000000000000001
[   28.993828] R10: ffff8880141830d8 R11: 0000000000000000 R12: ffffc90000fb7c60
[   28.994146] R13: 0000000000000002 R14: ffff888007879800 R15: 0000000000000000
[   28.994464] FS:  00007feb97694740(0000) GS:ffff88807dc00000(0000) knlGS:0000000000000000
[   28.994818] CS:  0010 DS: 0000 ES: 0000 CR0: 0000000080050033
[   28.995078] CR2: 0000000020000043 CR3: 000000000e748003 CR4: 0000000000770ef0
[   28.995391] PKRU: 55555554
[   28.995518] Call Trace:
[   28.995667]  <TASK>
[   28.995788]  pfn_reader_next+0x14a/0x7b0
[   28.995978]  ? interval_tree_double_span_iter_update+0x11a/0x140
[   28.996257]  pfn_reader_first+0x140/0x1b0
[   28.996456]  iopt_pages_rw_slow+0x71/0x280
[   28.996677]  iopt_pages_rw_access+0x2b2/0x5b0
[   28.996892]  iommufd_access_rw+0x19f/0x2f0
[   28.997107]  iommufd_test+0xd11/0x16f0
[   28.997290]  ? write_comp_data+0x2f/0x90
[   28.997486]  iommufd_fops_ioctl+0x206/0x330
[   28.997690]  __x64_sys_ioctl+0x10e/0x160
[   28.997881]  ? __pfx_iommufd_fops_ioctl+0x10/0x10
[   28.998107]  do_syscall_64+0x3b/0x90
[   28.998286]  entry_SYSCALL_64_after_hwframe+0x72/0xdc
[   28.998528] RIP: 0033:0x7feb977b959d
[   28.998707] Code: 00 c3 66 2e 0f 1f 84 00 00 00 00 00 90 f3 0f 1e fa 48 89 f8 48 89 f7 48 89 d6 48 89 ca 4d 89 c2 4d 89 c8 4c 8b 4c 24 08 0f 05 <48> 3d 01 f0 ff ff 73 01 c3 48 8b 0d d3 08 0d 00 f7 d8 64 89 01 48
[   28.999509] RSP: 002b:00007ffdeb631528 EFLAGS: 00000206 ORIG_RAX: 0000000000000010
[   28.999858] RAX: ffffffffffffffda RBX: 0000000000000000 RCX: 00007feb977b959d
[   29.000176] RDX: 00000000200001c0 RSI: 0000000000003ba0 RDI: 0000000000000006
[   29.000492] RBP: 00007ffdeb631540 R08: 00007ffdeb631620 R09: 00007ffdeb631620
[   29.000810] R10: 00007ffdeb631620 R11: 0000000000000206 R12: 0000000000401060
[   29.001157] R13: 00007ffdeb631620 R14: 0000000000000000 R15: 0000000000000000
[   29.001491]  </TASK>
[   29.001604] irq event stamp: 4101
[   29.001759] hardirqs last  enabled at (4109): [<ffffffff811eac21>] __up_console_sem+0x91/0xb0
[   29.002149] hardirqs last disabled at (4116): [<ffffffff811eac06>] __up_console_sem+0x76/0xb0
[   29.002547] softirqs last  enabled at (3830): [<ffffffff83024a4c>] __do_softirq+0x31c/0x49c
[   29.002925] softirqs last disabled at (3729): [<ffffffff8112b5a4>] irq_exit_rcu+0xc4/0x100
[   29.003297] ---[ end trace 0000000000000000 ]---
[   29.007264] ------------[ cut here ]------------
[   29.007493] WARNING: CPU: 0 PID: 524 at drivers/iommu/iommufd/pages.c:793 pfn_reader_user_pin+0x2e6/0x390
[   29.008035] Modules linked in:
[   29.008182] CPU: 0 PID: 524 Comm: repro Tainted: G        W          6.3.0-rc2-eeac8ede1755+ #1
[   29.008569] Hardware name: QEMU Standard PC (i440FX + PIIX, 1996), BIOS rel-1.16.0-0-gd239552ce722-prebuilt.qemu.org 04/01/2014
[   29.009086] RIP: 0010:pfn_reader_user_pin+0x2e6/0x390
[   29.009331] Code: b1 11 e9 25 fe ff ff e8 28 e4 0f ff 31 ff 48 89 de e8 2e e6 0f ff 48 85 db 74 0a e8 14 e4 0f ff e9 4d ff ff ff e8 0a e4 0f ff <0f> 0b bb f2 ff ff ff e9 3c ff ff ff e8 f9 e3 0f ff ba 01 00 00 00
[   29.010218] RSP: 0018:ffffc90000f8fa30 EFLAGS: 00010246
[   29.010455] RAX: 0000000000000000 RBX: 0000000000000000 RCX: ffffffff821e2b72
[   29.010769] RDX: 0000000000000000 RSI: ffff88801407a340 RDI: 0000000000000002
[   29.011162] RBP: ffffc90000f8fa78 R08: 000000000000019f R09: 0000000000000001
[   29.011476] R10: ffff88801407b0d8 R11: 0000000000000000 R12: ffffc90000f8fc60
[   29.011800] R13: 0000000000000002 R14: ffff888007879800 R15: 0000000000000000
[   29.012136] FS:  00007fd711ee1740(0000) GS:ffff88807dc00000(0000) knlGS:0000000000000000
[   29.012538] CS:  0010 DS: 0000 ES: 0000 CR0: 0000000080050033
[   29.012798] CR2: 0000000020000043 CR3: 000000000b3fe006 CR4: 0000000000770ef0
[   29.013131] PKRU: 55555554
[   29.013259] Call Trace:
[   29.013377]  <TASK>
[   29.013486]  pfn_reader_next+0x14a/0x7b0
[   29.013678]  ? interval_tree_double_span_iter_update+0x11a/0x140
[   29.013964]  pfn_reader_first+0x140/0x1b0
[   29.014160]  iopt_pages_rw_slow+0x71/0x280
[   29.014380]  iopt_pages_rw_access+0x2b2/0x5b0
[   29.014599]  iommufd_access_rw+0x19f/0x2f0
[   29.014798]  iommufd_test+0xd11/0x16f0
[   29.015067]  ? write_comp_data+0x2f/0x90
[   29.015267]  iommufd_fops_ioctl+0x206/0x330
[   29.015476]  __x64_sys_ioctl+0x10e/0x160
[   29.015682]  ? __pfx_iommufd_fops_ioctl+0x10/0x10
[   29.015906]  do_syscall_64+0x3b/0x90
[   29.016081]  entry_SYSCALL_64_after_hwframe+0x72/0xdc
[   29.016390] RIP: 0033:0x7fd71200659d
[   29.016561] Code: 00 c3 66 2e 0f 1f 84 00 00 00 00 00 90 f3 0f 1e fa 48 89 f8 48 89 f7 48 89 d6 48 89 ca 4d 89 c2 4d 89 c8 4c 8b 4c 24 08 0f 05 <48> 3d 01 f0 ff ff 73 01 c3 48 8b 0d d3 08 0d 00 f7 d8 64 89 01 48
[   29.017450] RSP: 002b:00007fff0f98d0d8 EFLAGS: 00000206 ORIG_RAX: 0000000000000010
[   29.017792] RAX: ffffffffffffffda RBX: 0000000000000000 RCX: 00007fd71200659d
[   29.018111] RDX: 00000000200001c0 RSI: 0000000000003ba0 RDI: 0000000000000006
[   29.018427] RBP: 00007fff0f98d0f0 R08: 00007fff0f98d1d0 R09: 00007fff0f98d1d0
[   29.018744] R10: 00007fff0f98d1d0 R11: 0000000000000206 R12: 0000000000401060
[   29.019067] R13: 00007fff0f98d1d0 R14: 0000000000000000 R15: 0000000000000000
[   29.019394]  </TASK>
[   29.019503] irq event stamp: 4315
[   29.019679] hardirqs last  enabled at (4323): [<ffffffff811eac21>] __up_console_sem+0x91/0xb0
[   29.020127] hardirqs last disabled at (4344): [<ffffffff811eac06>] __up_console_sem+0x76/0xb0
[   29.020528] softirqs last  enabled at (4342): [<ffffffff83024a4c>] __do_softirq+0x31c/0x49c
[   29.020927] softirqs last disabled at (4331): [<ffffffff8112b5a4>] irq_exit_rcu+0xc4/0x100
[   29.021383] ---[ end trace 0000000000000000 ]---
[   29.025150] ------------[ cut here ]------------
[   29.025379] WARNING: CPU: 0 PID: 525 at drivers/iommu/iommufd/pages.c:793 pfn_reader_user_pin+0x2e6/0x390
[   29.025827] Modules linked in:
[   29.026035] CPU: 0 PID: 525 Comm: repro Tainted: G        W          6.3.0-rc2-eeac8ede1755+ #1
[   29.026410] Hardware name: QEMU Standard PC (i440FX + PIIX, 1996), BIOS rel-1.16.0-0-gd239552ce722-prebuilt.qemu.org 04/01/2014
[   29.026919] RIP: 0010:pfn_reader_user_pin+0x2e6/0x390
[   29.027209] Code: b1 11 e9 25 fe ff ff e8 28 e4 0f ff 31 ff 48 89 de e8 2e e6 0f ff 48 85 db 74 0a e8 14 e4 0f ff e9 4d ff ff ff e8 0a e4 0f ff <0f> 0b bb f2 ff ff ff e9 3c ff ff ff e8 f9 e3 0f ff ba 01 00 00 00
[   29.028008] RSP: 0018:ffffc90000fafa30 EFLAGS: 00010246
[   29.028310] RAX: 0000000000000000 RBX: 0000000000000000 RCX: ffffffff821e2b72
[   29.028618] RDX: 0000000000000000 RSI: ffff888014078000 RDI: 0000000000000002
[   29.028933] RBP: ffffc90000fafa78 R08: 000000000000019f R09: 0000000000000001
[   29.029269] R10: ffff888014078d98 R11: 0000000000000000 R12: ffffc90000fafc60
[   29.029577] R13: 0000000000000002 R14: ffff888007879800 R15: 0000000000000000
[   29.029888] FS:  00007fd93cb89740(0000) GS:ffff88807dc00000(0000) knlGS:0000000000000000
[   29.030234] CS:  0010 DS: 0000 ES: 0000 CR0: 0000000080050033
[   29.030488] CR2: 0000000020000043 CR3: 000000000e748004 CR4: 0000000000770ef0
[   29.030810] PKRU: 55555554
[   29.031014] Call Trace:
[   29.031130]  <TASK>
[   29.031239]  pfn_reader_next+0x14a/0x7b0
[   29.031427]  ? interval_tree_double_span_iter_update+0x11a/0x140
[   29.031715]  pfn_reader_first+0x140/0x1b0
[   29.031911]  iopt_pages_rw_slow+0x71/0x280
[   29.032213]  iopt_pages_rw_access+0x2b2/0x5b0
[   29.032429]  iommufd_access_rw+0x19f/0x2f0
[   29.032628]  iommufd_test+0xd11/0x16f0
[   29.032831]  ? write_comp_data+0x2f/0x90
[   29.033050]  iommufd_fops_ioctl+0x206/0x330
[   29.033260]  __x64_sys_ioctl+0x10e/0x160
[   29.033454]  ? __pfx_iommufd_fops_ioctl+0x10/0x10
[   29.033680]  do_syscall_64+0x3b/0x90
[   29.033855]  entry_SYSCALL_64_after_hwframe+0x72/0xdc
[   29.034086] RIP: 0033:0x7fd93ccae59d
[   29.034254] Code: 00 c3 66 2e 0f 1f 84 00 00 00 00 00 90 f3 0f 1e fa 48 89 f8 48 89 f7 48 89 d6 48 89 ca 4d 89 c2 4d 89 c8 4c 8b 4c 24 08 0f 05 <48> 3d 01 f0 ff ff 73 01 c3 48 8b 0d d3 08 0d 00 f7 d8 64 89 01 48
[   29.035371] RSP: 002b:00007ffde1fc4b68 EFLAGS: 00000206 ORIG_RAX: 0000000000000010
[   29.035760] RAX: ffffffffffffffda RBX: 0000000000000000 RCX: 00007fd93ccae59d
[   29.036083] RDX: 00000000200001c0 RSI: 0000000000003ba0 RDI: 0000000000000006
[   29.036475] RBP: 00007ffde1fc4b80 R08: 00007ffde1fc4c60 R09: 00007ffde1fc4c60
[   29.036784] R10: 00007ffde1fc4c60 R11: 0000000000000206 R12: 0000000000401060
[   29.037120] R13: 00007ffde1fc4c60 R14: 0000000000000000 R15: 0000000000000000
[   29.037520]  </TASK>
[   29.037655] irq event stamp: 4075
[   29.037850] hardirqs last  enabled at (4083): [<ffffffff811eac21>] __up_console_sem+0x91/0xb0
[   29.038424] hardirqs last disabled at (4104): [<ffffffff811eac06>] __up_console_sem+0x76/0xb0
[   29.038912] softirqs last  enabled at (4102): [<ffffffff83024a4c>] __do_softirq+0x31c/0x49c
[   29.039461] softirqs last disabled at (4121): [<ffffffff8112b5a4>] irq_exit_rcu+0xc4/0x100
[   29.039951] ---[ end trace 0000000000000000 ]---
[   29.043605] ------------[ cut here ]------------
[   29.043890] WARNING: CPU: 0 PID: 526 at drivers/iommu/iommufd/pages.c:793 pfn_reader_user_pin+0x2e6/0x390
[   29.044454] Modules linked in:
[   29.044648] CPU: 0 PID: 526 Comm: repro Tainted: G        W          6.3.0-rc2-eeac8ede1755+ #1
[   29.045352] Hardware name: QEMU Standard PC (i440FX + PIIX, 1996), BIOS rel-1.16.0-0-gd239552ce722-prebuilt.qemu.org 04/01/2014
[   29.046009] RIP: 0010:pfn_reader_user_pin+0x2e6/0x390
[   29.046318] Code: b1 11 e9 25 fe ff ff e8 28 e4 0f ff 31 ff 48 89 de e8 2e e6 0f ff 48 85 db 74 0a e8 14 e4 0f ff e9 4d ff ff ff e8 0a e4 0f ff <0f> 0b bb f2 ff ff ff e9 3c ff ff ff e8 f9 e3 0f ff ba 01 00 00 00
[   29.047378] RSP: 0018:ffffc90000fafa30 EFLAGS: 00010246
[   29.047702] RAX: 0000000000000000 RBX: 0000000000000000 RCX: ffffffff821e2b72
[   29.048115] RDX: 0000000000000000 RSI: ffff88801287c680 RDI: 0000000000000002
[   29.048516] RBP: ffffc90000fafa78 R08: 000000000000019f R09: 0000000000000001
[   29.048913] R10: ffff88801287d418 R11: 0000000000000000 R12: ffffc90000fafc60
[   29.049245] R13: 0000000000000002 R14: ffff888007879800 R15: 0000000000000000
[   29.049557] FS:  00007fce08749740(0000) GS:ffff88807dc00000(0000) knlGS:0000000000000000
[   29.049916] CS:  0010 DS: 0000 ES: 0000 CR0: 0000000080050033
[   29.050170] CR2: 0000000020000043 CR3: 000000000b3fe001 CR4: 0000000000770ef0
[   29.050492] PKRU: 55555554
[   29.050619] Call Trace:
[   29.050734]  <TASK>
[   29.050841]  pfn_reader_next+0x14a/0x7b0
[   29.051036]  ? interval_tree_double_span_iter_update+0x11a/0x140
[   29.051323]  pfn_reader_first+0x140/0x1b0
[   29.051520]  iopt_pages_rw_slow+0x71/0x280
[   29.051749]  iopt_pages_rw_access+0x2b2/0x5b0
[   29.051968]  iommufd_access_rw+0x19f/0x2f0
[   29.052161]  iommufd_test+0xd11/0x16f0
[   29.052343]  ? write_comp_data+0x2f/0x90
[   29.052538]  iommufd_fops_ioctl+0x206/0x330
[   29.052741]  __x64_sys_ioctl+0x10e/0x160
[   29.052929]  ? __pfx_iommufd_fops_ioctl+0x10/0x10
[   29.053163]  do_syscall_64+0x3b/0x90
[   29.053336]  entry_SYSCALL_64_after_hwframe+0x72/0xdc
[   29.053568] RIP: 0033:0x7fce0886e59d
[   29.053734] Code: 00 c3 66 2e 0f 1f 84 00 00 00 00 00 90 f3 0f 1e fa 48 89 f8 48 89 f7 48 89 d6 48 89 ca 4d 89 c2 4d 89 c8 4c 8b 4c 24 08 0f 05 <48> 3d 01 f0 ff ff 73 01 c3 48 8b 0d d3 08 0d 00 f7 d8 64 89 01 48
[   29.054539] RSP: 002b:00007ffed3c2b608 EFLAGS: 00000206 ORIG_RAX: 0000000000000010
[   29.054878] RAX: ffffffffffffffda RBX: 0000000000000000 RCX: 00007fce0886e59d
[   29.055192] RDX: 00000000200001c0 RSI: 0000000000003ba0 RDI: 0000000000000006
[   29.055505] RBP: 00007ffed3c2b620 R08: 00007ffed3c2b700 R09: 00007ffed3c2b700
[   29.055826] R10: 00007ffed3c2b700 R11: 0000000000000206 R12: 0000000000401060
[   29.056148] R13: 00007ffed3c2b700 R14: 0000000000000000 R15: 0000000000000000
[   29.056474]  </TASK>
[   29.056581] irq event stamp: 4333
[   29.056735] hardirqs last  enabled at (4341): [<ffffffff811eac21>] __up_console_sem+0x91/0xb0
[   29.057134] hardirqs last disabled at (4350): [<ffffffff811eac06>] __up_console_sem+0x76/0xb0
[   29.057516] softirqs last  enabled at (4018): [<ffffffff83024a4c>] __do_softirq+0x31c/0x49c
[   29.057889] softirqs last disabled at (3627): [<ffffffff8112b5a4>] irq_exit_rcu+0xc4/0x100
[   29.058267] ---[ end trace 0000000000000000 ]---
[   29.063090] ------------[ cut here ]------------
[   29.063499] WARNING: CPU: 1 PID: 527 at drivers/iommu/iommufd/pages.c:793 pfn_reader_user_pin+0x2e6/0x390
[   29.064021] Modules linked in:
[   29.064171] CPU: 1 PID: 527 Comm: repro Tainted: G        W          6.3.0-rc2-eeac8ede1755+ #1
[   29.064557] Hardware name: QEMU Standard PC (i440FX + PIIX, 1996), BIOS rel-1.16.0-0-gd239552ce722-prebuilt.qemu.org 04/01/2014
[   29.065313] RIP: 0010:pfn_reader_user_pin+0x2e6/0x390
[   29.065555] Code: b1 11 e9 25 fe ff ff e8 28 e4 0f ff 31 ff 48 89 de e8 2e e6 0f ff 48 85 db 74 0a e8 14 e4 0f ff e9 4d ff ff ff e8 0a e4 0f ff <0f> 0b bb f2 ff ff ff e9 3c ff ff ff e8 f9 e3 0f ff ba 01 00 00 00
[   29.066360] RSP: 0018:ffffc90000fb7a30 EFLAGS: 00010246
[   29.066614] RAX: 0000000000000000 RBX: 0000000000000000 RCX: ffffffff821e2b72
[   29.066933] RDX: 0000000000000000 RSI: ffff88801407a340 RDI: 0000000000000002
[   29.067255] RBP: ffffc90000fb7a78 R08: 000000000000019f R09: 0000000000000001
[   29.067596] R10: ffff88801407b0d8 R11: 0000000000000000 R12: ffffc90000fb7c60
[   29.067914] R13: 0000000000000002 R14: ffff88800b0c9600 R15: 0000000000000000
[   29.068232] FS:  00007fb1cc713740(0000) GS:ffff88807dd00000(0000) knlGS:0000000000000000
[   29.068594] CS:  0010 DS: 0000 ES: 0000 CR0: 0000000080050033
[   29.068858] CR2: 0000000020000043 CR3: 000000000df9e003 CR4: 0000000000770ee0
[   29.069196] PKRU: 55555554
[   29.069333] Call Trace:
[   29.069450]  <TASK>
[   29.069567]  pfn_reader_next+0x14a/0x7b0
[   29.069761]  ? interval_tree_double_span_iter_update+0x11a/0x140
[   29.070048]  pfn_reader_first+0x140/0x1b0
[   29.070247]  iopt_pages_rw_slow+0x71/0x280
[   29.070476]  iopt_pages_rw_access+0x2b2/0x5b0
[   29.070696]  iommufd_access_rw+0x19f/0x2f0
[   29.070901]  iommufd_test+0xd11/0x16f0
[   29.071087]  ? write_comp_data+0x2f/0x90
[   29.071287]  iommufd_fops_ioctl+0x206/0x330
[   29.071503]  __x64_sys_ioctl+0x10e/0x160
[   29.071702]  ? __pfx_iommufd_fops_ioctl+0x10/0x10
[   29.071927]  do_syscall_64+0x3b/0x90
[   29.072105]  entry_SYSCALL_64_after_hwframe+0x72/0xdc
[   29.072350] RIP: 0033:0x7fb1cc83859d
[   29.072530] Code: 00 c3 66 2e 0f 1f 84 00 00 00 00 00 90 f3 0f 1e fa 48 89 f8 48 89 f7 48 89 d6 48 89 ca 4d 89 c2 4d 89 c8 4c 8b 4c 24 08 0f 05 <48> 3d 01 f0 ff ff 73 01 c3 48 8b 0d d3 08 0d 00 f7 d8 64 89 01 48
[   29.073346] RSP: 002b:00007ffc0b309448 EFLAGS: 00000206 ORIG_RAX: 0000000000000010
[   29.073691] RAX: ffffffffffffffda RBX: 0000000000000000 RCX: 00007fb1cc83859d
[   29.074010] RDX: 00000000200001c0 RSI: 0000000000003ba0 RDI: 0000000000000006
[   29.074330] RBP: 00007ffc0b309460 R08: 00007ffc0b309540 R09: 00007ffc0b309540
[   29.074647] R10: 00007ffc0b309540 R11: 0000000000000206 R12: 0000000000401060
[   29.074962] R13: 00007ffc0b309540 R14: 0000000000000000 R15: 0000000000000000
[   29.075285]  </TASK>
[   29.075391] irq event stamp: 5041
[   29.075554] hardirqs last  enabled at (5049): [<ffffffff811eac21>] __up_console_sem+0x91/0xb0
[   29.075928] hardirqs last disabled at (5056): [<ffffffff811eac06>] __up_console_sem+0x76/0xb0
[   29.076303] softirqs last  enabled at (4734): [<ffffffff83024a4c>] __do_softirq+0x31c/0x49c
[   29.076679] softirqs last disabled at (4109): [<ffffffff8112b5a4>] irq_exit_rcu+0xc4/0x100
[   29.077066] ---[ end trace 0000000000000000 ]---
[   29.080619] ------------[ cut here ]------------
[   29.080850] WARNING: CPU: 1 PID: 528 at drivers/iommu/iommufd/pages.c:793 pfn_reader_user_pin+0x2e6/0x390
[   29.081317] Modules linked in:
[   29.081467] CPU: 1 PID: 528 Comm: repro Tainted: G        W          6.3.0-rc2-eeac8ede1755+ #1
[   29.081855] Hardware name: QEMU Standard PC (i440FX + PIIX, 1996), BIOS rel-1.16.0-0-gd239552ce722-prebuilt.qemu.org 04/01/2014
[   29.082352] RIP: 0010:pfn_reader_user_pin+0x2e6/0x390
[   29.082592] Code: b1 11 e9 25 fe ff ff e8 28 e4 0f ff 31 ff 48 89 de e8 2e e6 0f ff 48 85 db 74 0a e8 14 e4 0f ff e9 4d ff ff ff e8 0a e4 0f ff <0f> 0b bb f2 ff ff ff e9 3c ff ff ff e8 f9 e3 0f ff ba 01 00 00 00
[   29.083394] RSP: 0018:ffffc90000f7fa30 EFLAGS: 00010246
[   29.083643] RAX: 0000000000000000 RBX: 0000000000000000 RCX: ffffffff821e2b72
[   29.083961] RDX: 0000000000000000 RSI: ffff888014078000 RDI: 0000000000000002
[   29.084278] RBP: ffffc90000f7fa78 R08: 000000000000019f R09: 0000000000000001
[   29.084594] R10: ffff888014078d98 R11: 0000000000000000 R12: ffffc90000f7fc60
[   29.084916] R13: 0000000000000002 R14: ffff88800b0c9600 R15: 0000000000000000
[   29.085254] FS:  00007f76e0665740(0000) GS:ffff88807dd00000(0000) knlGS:0000000000000000
[   29.085632] CS:  0010 DS: 0000 ES: 0000 CR0: 0000000080050033
[   29.085907] CR2: 0000000020000043 CR3: 000000000df9e001 CR4: 0000000000770ee0
[   29.086244] PKRU: 55555554
[   29.086382] Call Trace:
[   29.086508]  <TASK>
[   29.086624]  pfn_reader_next+0x14a/0x7b0
[   29.086822]  ? interval_tree_double_span_iter_update+0x11a/0x140
[   29.087116]  pfn_reader_first+0x140/0x1b0
[   29.087321]  iopt_pages_rw_slow+0x71/0x280
[   29.087577]  iopt_pages_rw_access+0x2b2/0x5b0
[   29.087805]  iommufd_access_rw+0x19f/0x2f0
[   29.088012]  iommufd_test+0xd11/0x16f0
[   29.088210]  ? write_comp_data+0x2f/0x90
[   29.088421]  iommufd_fops_ioctl+0x206/0x330
[   29.088639]  __x64_sys_ioctl+0x10e/0x160
[   29.088844]  ? __pfx_iommufd_fops_ioctl+0x10/0x10
[   29.089104]  do_syscall_64+0x3b/0x90
[   29.089281]  entry_SYSCALL_64_after_hwframe+0x72/0xdc
[   29.089517] RIP: 0033:0x7f76e078a59d
[   29.089689] Code: 00 c3 66 2e 0f 1f 84 00 00 00 00 00 90 f3 0f 1e fa 48 89 f8 48 89 f7 48 89 d6 48 89 ca 4d 89 c2 4d 89 c8 4c 8b 4c 24 08 0f 05 <48> 3d 01 f0 ff ff 73 01 c3 48 8b 0d d3 08 0d 00 f7 d8 64 89 01 48
[   29.090488] RSP: 002b:00007ffc7f68b728 EFLAGS: 00000206 ORIG_RAX: 0000000000000010
[   29.090834] RAX: ffffffffffffffda RBX: 0000000000000000 RCX: 00007f76e078a59d
[   29.091155] RDX: 00000000200001c0 RSI: 0000000000003ba0 RDI: 0000000000000006
[   29.091479] RBP: 00007ffc7f68b740 R08: 00007ffc7f68b820 R09: 00007ffc7f68b820
[   29.091811] R10: 00007ffc7f68b820 R11: 0000000000000206 R12: 0000000000401060
[   29.092133] R13: 00007ffc7f68b820 R14: 0000000000000000 R15: 0000000000000000
[   29.092467]  </TASK>
[   29.092576] irq event stamp: 4437
[   29.092733] hardirqs last  enabled at (4445): [<ffffffff811eac21>] __up_console_sem+0x91/0xb0
[   29.093150] hardirqs last disabled at (4454): [<ffffffff811eac06>] __up_console_sem+0x76/0xb0
[   29.093542] softirqs last  enabled at (4100): [<ffffffff83024a4c>] __do_softirq+0x31c/0x49c
[   29.093923] softirqs last disabled at (4093): [<ffffffff8112b5a4>] irq_exit_rcu+0xc4/0x100
[   29.094299] ---[ end trace 0000000000000000 ]---
[   29.097759] ------------[ cut here ]------------
[   29.097991] WARNING: CPU: 1 PID: 529 at drivers/iommu/iommufd/pages.c:793 pfn_reader_user_pin+0x2e6/0x390
[   29.098440] Modules linked in:
[   29.098589] CPU: 1 PID: 529 Comm: repro Tainted: G        W          6.3.0-rc2-eeac8ede1755+ #1
[   29.098983] Hardware name: QEMU Standard PC (i440FX + PIIX, 1996), BIOS rel-1.16.0-0-gd239552ce722-prebuilt.qemu.org 04/01/2014
[   29.099478] RIP: 0010:pfn_reader_user_pin+0x2e6/0x390
[   29.099726] Code: b1 11 e9 25 fe ff ff e8 28 e4 0f ff 31 ff 48 89 de e8 2e e6 0f ff 48 85 db 74 0a e8 14 e4 0f ff e9 4d ff ff ff e8 0a e4 0f ff <0f> 0b bb f2 ff ff ff e9 3c ff ff ff e8 f9 e3 0f ff ba 01 00 00 00
[   29.100522] RSP: 0018:ffffc90000fafa30 EFLAGS: 00010246
[   29.100767] RAX: 0000000000000000 RBX: 0000000000000000 RCX: ffffffff821e2b72
[   29.101110] RDX: 0000000000000000 RSI: ffff88801287c680 RDI: 0000000000000002
[   29.101428] RBP: ffffc90000fafa78 R08: 000000000000019f R09: 0000000000000001
[   29.101752] R10: ffff88801287d418 R11: 0000000000000000 R12: ffffc90000fafc60
[   29.102065] R13: 0000000000000002 R14: ffff88800b0c9600 R15: 0000000000000000
[   29.102385] FS:  00007fb701a0c740(0000) GS:ffff88807dd00000(0000) knlGS:0000000000000000
[   29.102741] CS:  0010 DS: 0000 ES: 0000 CR0: 0000000080050033
[   29.102999] CR2: 0000000020000043 CR3: 000000000df9e003 CR4: 0000000000770ee0
[   29.103316] PKRU: 55555554
[   29.103444] Call Trace:
[   29.103571]  <TASK>
[   29.103693]  pfn_reader_next+0x14a/0x7b0
[   29.103886]  ? interval_tree_double_span_iter_update+0x11a/0x140
[   29.104172]  pfn_reader_first+0x140/0x1b0
[   29.104369]  iopt_pages_rw_slow+0x71/0x280
[   29.104596]  iopt_pages_rw_access+0x2b2/0x5b0
[   29.104815]  iommufd_access_rw+0x19f/0x2f0
[   29.105013]  iommufd_test+0xd11/0x16f0
[   29.105219]  ? write_comp_data+0x2f/0x90
[   29.105419]  iommufd_fops_ioctl+0x206/0x330
[   29.105638]  __x64_sys_ioctl+0x10e/0x160
[   29.105831]  ? __pfx_iommufd_fops_ioctl+0x10/0x10
[   29.106059]  do_syscall_64+0x3b/0x90
[   29.106249]  entry_SYSCALL_64_after_hwframe+0x72/0xdc
[   29.106486] RIP: 0033:0x7fb701b3159d
[   29.106655] Code: 00 c3 66 2e 0f 1f 84 00 00 00 00 00 90 f3 0f 1e fa 48 89 f8 48 89 f7 48 89 d6 48 89 ca 4d 89 c2 4d 89 c8 4c 8b 4c 24 08 0f 05 <48> 3d 01 f0 ff ff 73 01 c3 48 8b 0d d3 08 0d 00 f7 d8 64 89 01 48
[   29.107466] RSP: 002b:00007ffe408c30c8 EFLAGS: 00000206 ORIG_RAX: 0000000000000010
[   29.107816] RAX: ffffffffffffffda RBX: 0000000000000000 RCX: 00007fb701b3159d
[   29.108133] RDX: 00000000200001c0 RSI: 0000000000003ba0 RDI: 0000000000000006
[   29.108461] RBP: 00007ffe408c30e0 R08: 00007ffe408c31c0 R09: 00007ffe408c31c0
[   29.108780] R10: 00007ffe408c31c0 R11: 0000000000000206 R12: 0000000000401060
[   29.109111] R13: 00007ffe408c31c0 R14: 0000000000000000 R15: 0000000000000000
[   29.109436]  </TASK>
[   29.109542] irq event stamp: 4381
[   29.109696] hardirqs last  enabled at (4389): [<ffffffff811eac21>] __up_console_sem+0x91/0xb0
[   29.110081] hardirqs last disabled at (4396): [<ffffffff811eac06>] __up_console_sem+0x76/0xb0
[   29.110475] softirqs last  enabled at (4112): [<ffffffff83024a4c>] __do_softirq+0x31c/0x49c
[   29.110847] softirqs last disabled at (4107): [<ffffffff8112b5a4>] irq_exit_rcu+0xc4/0x100
[   29.111218] ---[ end trace 0000000000000000 ]---
[   29.114625] ------------[ cut here ]------------
[   29.114860] WARNING: CPU: 1 PID: 530 at drivers/iommu/iommufd/pages.c:793 pfn_reader_user_pin+0x2e6/0x390
[   29.115295] Modules linked in:
[   29.115443] CPU: 1 PID: 530 Comm: repro Tainted: G        W          6.3.0-rc2-eeac8ede1755+ #1
[   29.115851] Hardware name: QEMU Standard PC (i440FX + PIIX, 1996), BIOS rel-1.16.0-0-gd239552ce722-prebuilt.qemu.org 04/01/2014
[   29.116350] RIP: 0010:pfn_reader_user_pin+0x2e6/0x390
[   29.116600] Code: b1 11 e9 25 fe ff ff e8 28 e4 0f ff 31 ff 48 89 de e8 2e e6 0f ff 48 85 db 74 0a e8 14 e4 0f ff e9 4d ff ff ff e8 0a e4 0f ff <0f> 0b bb f2 ff ff ff e9 3c ff ff ff e8 f9 e3 0f ff ba 01 00 00 00
[   29.117560] RSP: 0018:ffffc90000fbfa30 EFLAGS: 00010246
[   29.117804] RAX: 0000000000000000 RBX: 0000000000000000 RCX: ffffffff821e2b72
[   29.118121] RDX: 0000000000000000 RSI: ffff88801407a340 RDI: 0000000000000002
[   29.118442] RBP: ffffc90000fbfa78 R08: 000000000000019f R09: 0000000000000001
[   29.118778] R10: ffff88801407b0d8 R11: 0000000000000000 R12: ffffc90000fbfc60
[   29.119099] R13: 0000000000000002 R14: ffff88800b0c9600 R15: 0000000000000000
[   29.119409] FS:  00007f9825680740(0000) GS:ffff88807dd00000(0000) knlGS:0000000000000000
[   29.119772] CS:  0010 DS: 0000 ES: 0000 CR0: 0000000080050033
[   29.120032] CR2: 0000000020000043 CR3: 000000000df9e005 CR4: 0000000000770ee0
[   29.120345] PKRU: 55555554
[   29.120474] Call Trace:
[   29.120592]  <TASK>
[   29.120701]  pfn_reader_next+0x14a/0x7b0
[   29.120890]  ? interval_tree_double_span_iter_update+0x11a/0x140
[   29.121188]  pfn_reader_first+0x140/0x1b0
[   29.121389]  iopt_pages_rw_slow+0x71/0x280
[   29.121604]  iopt_pages_rw_access+0x2b2/0x5b0
[   29.121819]  iommufd_access_rw+0x19f/0x2f0
[   29.122018]  iommufd_test+0xd11/0x16f0
[   29.122200]  ? write_comp_data+0x2f/0x90
[   29.122395]  iommufd_fops_ioctl+0x206/0x330
[   29.122599]  __x64_sys_ioctl+0x10e/0x160
[   29.122787]  ? __pfx_iommufd_fops_ioctl+0x10/0x10
[   29.123006]  do_syscall_64+0x3b/0x90
[   29.123178]  entry_SYSCALL_64_after_hwframe+0x72/0xdc
[   29.123410] RIP: 0033:0x7f98257a559d
[   29.123603] Code: 00 c3 66 2e 0f 1f 84 00 00 00 00 00 90 f3 0f 1e fa 48 89 f8 48 89 f7 48 89 d6 48 89 ca 4d 89 c2 4d 89 c8 4c 8b 4c 24 08 0f 05 <48> 3d 01 f0 ff ff 73 01 c3 48 8b 0d d3 08 0d 00 f7 d8 64 89 01 48
[   29.124403] RSP: 002b:00007fff148c8438 EFLAGS: 00000206 ORIG_RAX: 0000000000000010
[   29.124745] RAX: ffffffffffffffda RBX: 0000000000000000 RCX: 00007f98257a559d
[   29.125075] RDX: 00000000200001c0 RSI: 0000000000003ba0 RDI: 0000000000000006
[   29.125386] RBP: 00007fff148c8450 R08: 00007fff148c8530 R09: 00007fff148c8530
[   29.125709] R10: 00007fff148c8530 R11: 0000000000000206 R12: 0000000000401060
[   29.126019] R13: 00007fff148c8530 R14: 0000000000000000 R15: 0000000000000000
[   29.126338]  </TASK>
[   29.126442] irq event stamp: 4737
[   29.126594] hardirqs last  enabled at (4745): [<ffffffff811eac21>] __up_console_sem+0x91/0xb0
[   29.126979] hardirqs last disabled at (4752): [<ffffffff811eac06>] __up_console_sem+0x76/0xb0
[   29.127358] softirqs last  enabled at (4446): [<ffffffff83024a4c>] __do_softirq+0x31c/0x49c
[   29.127736] softirqs last disabled at (4111): [<ffffffff8112b5a4>] irq_exit_rcu+0xc4/0x100
[   29.128109] ---[ end trace 0000000000000000 ]---
[   29.132594] ------------[ cut here ]------------
[   29.132984] WARNING: CPU: 0 PID: 531 at drivers/iommu/iommufd/pages.c:793 pfn_reader_user_pin+0x2e6/0x390
[   29.133920] Modules linked in:
[   29.134185] CPU: 0 PID: 531 Comm: repro Tainted: G        W          6.3.0-rc2-eeac8ede1755+ #1
[   29.134869] Hardware name: QEMU Standard PC (i440FX + PIIX, 1996), BIOS rel-1.16.0-0-gd239552ce722-prebuilt.qemu.org 04/01/2014
[   29.135710] RIP: 0010:pfn_reader_user_pin+0x2e6/0x390
[   29.135952] Code: b1 11 e9 25 fe ff ff e8 28 e4 0f ff 31 ff 48 89 de e8 2e e6 0f ff 48 85 db 74 0a e8 14 e4 0f ff e9 4d ff ff ff e8 0a e4 0f ff <0f> 0b bb f2 ff ff ff e9 3c ff ff ff e8 f9 e3 0f ff ba 01 00 00 00
[   29.136763] RSP: 0018:ffffc90000fc7a30 EFLAGS: 00010246
[   29.137009] RAX: 0000000000000000 RBX: 0000000000000000 RCX: ffffffff821e2b72
[   29.137352] RDX: 0000000000000000 RSI: ffff888014078000 RDI: 0000000000000002
[   29.137671] RBP: ffffc90000fc7a78 R08: 000000000000019f R09: 0000000000000001
[   29.137991] R10: ffff888014078d98 R11: 0000000000000000 R12: ffffc90000fc7c60
[   29.138316] R13: 0000000000000002 R14: ffff888007879800 R15: 0000000000000000
[   29.138637] FS:  00007f2dbfc04740(0000) GS:ffff88807dc00000(0000) knlGS:0000000000000000
[   29.138996] CS:  0010 DS: 0000 ES: 0000 CR0: 0000000080050033
[   29.139257] CR2: 0000000020000043 CR3: 000000000b0e2006 CR4: 0000000000770ef0
[   29.139592] PKRU: 55555554
[   29.139722] Call Trace:
[   29.139849]  <TASK>
[   29.139960]  pfn_reader_next+0x14a/0x7b0
[   29.140153]  ? interval_tree_double_span_iter_update+0x11a/0x140
[   29.140448]  pfn_reader_first+0x140/0x1b0
[   29.140646]  iopt_pages_rw_slow+0x71/0x280
[   29.140871]  iopt_pages_rw_access+0x2b2/0x5b0
[   29.141108]  iommufd_access_rw+0x19f/0x2f0
[   29.141309]  iommufd_test+0xd11/0x16f0
[   29.141501]  ? write_comp_data+0x2f/0x90
[   29.141713]  iommufd_fops_ioctl+0x206/0x330
[   29.141921]  __x64_sys_ioctl+0x10e/0x160
[   29.142111]  ? __pfx_iommufd_fops_ioctl+0x10/0x10
[   29.142335]  do_syscall_64+0x3b/0x90
[   29.142509]  entry_SYSCALL_64_after_hwframe+0x72/0xdc
[   29.142743] RIP: 0033:0x7f2dbfd2959d
[   29.142912] Code: 00 c3 66 2e 0f 1f 84 00 00 00 00 00 90 f3 0f 1e fa 48 89 f8 48 89 f7 48 89 d6 48 89 ca 4d 89 c2 4d 89 c8 4c 8b 4c 24 08 0f 05 <48> 3d 01 f0 ff ff 73 01 c3 48 8b 0d d3 08 0d 00 f7 d8 64 89 01 48
[   29.143769] RSP: 002b:00007ffeb433fea8 EFLAGS: 00000206 ORIG_RAX: 0000000000000010
[   29.144105] RAX: ffffffffffffffda RBX: 0000000000000000 RCX: 00007f2dbfd2959d
[   29.144435] RDX: 00000000200001c0 RSI: 0000000000003ba0 RDI: 0000000000000006
[   29.144752] RBP: 00007ffeb433fec0 R08: 00007ffeb433ffa0 R09: 00007ffeb433ffa0
[   29.145086] R10: 00007ffeb433ffa0 R11: 0000000000000206 R12: 0000000000401060
[   29.145403] R13: 00007ffeb433ffa0 R14: 0000000000000000 R15: 0000000000000000
[   29.145732]  </TASK>
[   29.145840] irq event stamp: 4519
[   29.145994] hardirqs last  enabled at (4527): [<ffffffff811eac21>] __up_console_sem+0x91/0xb0
[   29.146382] hardirqs last disabled at (4534): [<ffffffff811eac06>] __up_console_sem+0x76/0xb0
[   29.146775] softirqs last  enabled at (4180): [<ffffffff83024a4c>] __do_softirq+0x31c/0x49c
[   29.147155] softirqs last disabled at (3629): [<ffffffff8112b5a4>] irq_exit_rcu+0xc4/0x100
[   29.147528] ---[ end trace 0000000000000000 ]---
[   29.152323] ------------[ cut here ]------------
[   29.152720] WARNING: CPU: 1 PID: 532 at drivers/iommu/iommufd/pages.c:793 pfn_reader_user_pin+0x2e6/0x390
[   29.153623] Modules linked in:
[   29.153886] CPU: 1 PID: 532 Comm: repro Tainted: G        W          6.3.0-rc2-eeac8ede1755+ #1
[   29.154545] Hardware name: QEMU Standard PC (i440FX + PIIX, 1996), BIOS rel-1.16.0-0-gd239552ce722-prebuilt.qemu.org 04/01/2014
[   29.155394] RIP: 0010:pfn_reader_user_pin+0x2e6/0x390
[   29.155818] Code: b1 11 e9 25 fe ff ff e8 28 e4 0f ff 31 ff 48 89 de e8 2e e6 0f ff 48 85 db 74 0a e8 14 e4 0f ff e9 4d ff ff ff e8 0a e4 0f ff <0f> 0b bb f2 ff ff ff e9 3c ff ff ff e8 f9 e3 0f ff ba 01 00 00 00
[   29.157206] RSP: 0018:ffffc90000fb7a30 EFLAGS: 00010246
[   29.157618] RAX: 0000000000000000 RBX: 0000000000000000 RCX: ffffffff821e2b72
[   29.158160] RDX: 0000000000000000 RSI: ffff888014180000 RDI: 0000000000000002
[   29.158704] RBP: ffffc90000fb7a78 R08: 000000000000019f R09: 0000000000000001
[   29.159248] R10: ffff888014180d98 R11: 0000000000000000 R12: ffffc90000fb7c60
[   29.159798] R13: 0000000000000002 R14: ffff88800b0c9600 R15: 0000000000000000
[   29.160338] FS:  00007fc800b78740(0000) GS:ffff88807dd00000(0000) knlGS:0000000000000000
[   29.160946] CS:  0010 DS: 0000 ES: 0000 CR0: 0000000080050033
[   29.161406] CR2: 0000000020000043 CR3: 000000000e412005 CR4: 0000000000770ee0
[   29.161958] PKRU: 55555554
[   29.162180] Call Trace:
[   29.162390]  <TASK>
[   29.162581]  pfn_reader_next+0x14a/0x7b0
[   29.162909]  ? interval_tree_double_span_iter_update+0x11a/0x140
[   29.163395]  pfn_reader_first+0x140/0x1b0
[   29.163741]  iopt_pages_rw_slow+0x71/0x280
[   29.164113]  iopt_pages_rw_access+0x2b2/0x5b0
[   29.164481]  iommufd_access_rw+0x19f/0x2f0
[   29.164828]  iommufd_test+0xd11/0x16f0
[   29.165172]  ? write_comp_data+0x2f/0x90
[   29.165511]  iommufd_fops_ioctl+0x206/0x330
[   29.165870]  __x64_sys_ioctl+0x10e/0x160
[   29.166204]  ? __pfx_iommufd_fops_ioctl+0x10/0x10
[   29.166590]  do_syscall_64+0x3b/0x90
[   29.166894]  entry_SYSCALL_64_after_hwframe+0x72/0xdc
[   29.167320] RIP: 0033:0x7fc800c9d59d
[   29.167660] Code: 00 c3 66 2e 0f 1f 84 00 00 00 00 00 90 f3 0f 1e fa 48 89 f8 48 89 f7 48 89 d6 48 89 ca 4d 89 c2 4d 89 c8 4c 8b 4c 24 08 0f 05 <48> 3d 01 f0 ff ff 73 01 c3 48 8b 0d d3 08 0d 00 f7 d8 64 89 01 48
[   29.168459] RSP: 002b:00007ffc37f93c98 EFLAGS: 00000206 ORIG_RAX: 0000000000000010
[   29.168798] RAX: ffffffffffffffda RBX: 0000000000000000 RCX: 00007fc800c9d59d
[   29.169159] RDX: 00000000200001c0 RSI: 0000000000003ba0 RDI: 0000000000000006
[   29.169470] RBP: 00007ffc37f93cb0 R08: 00007ffc37f93d90 R09: 00007ffc37f93d90
[   29.169790] R10: 00007ffc37f93d90 R11: 0000000000000206 R12: 0000000000401060
[   29.170099] R13: 00007ffc37f93d90 R14: 0000000000000000 R15: 0000000000000000
[   29.170421]  </TASK>
[   29.170534] irq event stamp: 4653
[   29.170685] hardirqs last  enabled at (4661): [<ffffffff811eac21>] __up_console_sem+0x91/0xb0
[   29.171064] hardirqs last disabled at (4668): [<ffffffff811eac06>] __up_console_sem+0x76/0xb0
[   29.171440] softirqs last  enabled at (4610): [<ffffffff83024a4c>] __do_softirq+0x31c/0x49c
[   29.171832] softirqs last disabled at (4597): [<ffffffff8112b5a4>] irq_exit_rcu+0xc4/0x100
[   29.172195] ---[ end trace 0000000000000000 ]---
[   29.176902] ------------[ cut here ]------------
[   29.177542] WARNING: CPU: 0 PID: 533 at drivers/iommu/iommufd/pages.c:793 pfn_reader_user_pin+0x2e6/0x390
[   29.178288] Modules linked in:
[   29.178545] CPU: 0 PID: 533 Comm: repro Tainted: G        W          6.3.0-rc2-eeac8ede1755+ #1
[   29.179218] Hardware name: QEMU Standard PC (i440FX + PIIX, 1996), BIOS rel-1.16.0-0-gd239552ce722-prebuilt.qemu.org 04/01/2014
[   29.180084] RIP: 0010:pfn_reader_user_pin+0x2e6/0x390
[   29.180498] Code: b1 11 e9 25 fe ff ff e8 28 e4 0f ff 31 ff 48 89 de e8 2e e6 0f ff 48 85 db 74 0a e8 14 e4 0f ff e9 4d ff ff ff e8 0a e4 0f ff <0f> 0b bb f2 ff ff ff e9 3c ff ff ff e8 f9 e3 0f ff ba 01 00 00 00
[   29.182129] RSP: 0018:ffffc90000fc7a30 EFLAGS: 00010246
[   29.182551] RAX: 0000000000000000 RBX: 0000000000000000 RCX: ffffffff821e2b72
[   29.183103] RDX: 0000000000000000 RSI: ffff88801287c680 RDI: 0000000000000002
[   29.183664] RBP: ffffc90000fc7a78 R08: 000000000000019f R09: 0000000000000001
[   29.184214] R10: ffff88801287d418 R11: 0000000000000000 R12: ffffc90000fc7c60
[   29.184765] R13: 0000000000000002 R14: ffff888007879800 R15: 0000000000000000
[   29.185335] FS:  00007f3ae67c6740(0000) GS:ffff88807dc00000(0000) knlGS:0000000000000000
[   29.185954] CS:  0010 DS: 0000 ES: 0000 CR0: 0000000080050033
[   29.186400] CR2: 0000000020000043 CR3: 000000000e75e003 CR4: 0000000000770ef0
[   29.186946] PKRU: 55555554
[   29.187168] Call Trace:
[   29.187369]  <TASK>
[   29.187589]  pfn_reader_next+0x14a/0x7b0
[   29.187802]  ? interval_tree_double_span_iter_update+0x11a/0x140
[   29.188086]  pfn_reader_first+0x140/0x1b0
[   29.188284]  iopt_pages_rw_slow+0x71/0x280
[   29.188504]  iopt_pages_rw_access+0x2b2/0x5b0
[   29.188724]  iommufd_access_rw+0x19f/0x2f0
[   29.188924]  iommufd_test+0xd11/0x16f0
[   29.189136]  ? write_comp_data+0x2f/0x90
[   29.189341]  iommufd_fops_ioctl+0x206/0x330
[   29.189556]  __x64_sys_ioctl+0x10e/0x160
[   29.189758]  ? __pfx_iommufd_fops_ioctl+0x10/0x10
[   29.189996]  do_syscall_64+0x3b/0x90
[   29.190182]  entry_SYSCALL_64_after_hwframe+0x72/0xdc
[   29.190426] RIP: 0033:0x7f3ae68eb59d
[   29.190606] Code: 00 c3 66 2e 0f 1f 84 00 00 00 00 00 90 f3 0f 1e fa 48 89 f8 48 89 f7 48 89 d6 48 89 ca 4d 89 c2 4d 89 c8 4c 8b 4c 24 08 0f 05 <48> 3d 01 f0 ff ff 73 01 c3 48 8b 0d d3 08 0d 00 f7 d8 64 89 01 48
[   29.191412] RSP: 002b:00007ffd0ac7d028 EFLAGS: 00000206 ORIG_RAX: 0000000000000010
[   29.191779] RAX: ffffffffffffffda RBX: 0000000000000000 RCX: 00007f3ae68eb59d
[   29.192097] RDX: 00000000200001c0 RSI: 0000000000003ba0 RDI: 0000000000000006
[   29.192414] RBP: 00007ffd0ac7d040 R08: 00007ffd0ac7d120 R09: 00007ffd0ac7d120
[   29.192727] R10: 00007ffd0ac7d120 R11: 0000000000000206 R12: 0000000000401060
[   29.193062] R13: 00007ffd0ac7d120 R14: 0000000000000000 R15: 0000000000000000
[   29.193383]  </TASK>
[   29.193489] irq event stamp: 5235
[   29.193640] hardirqs last  enabled at (5243): [<ffffffff811eac21>] __up_console_sem+0x91/0xb0
[   29.194021] hardirqs last disabled at (5250): [<ffffffff811eac06>] __up_console_sem+0x76/0xb0
[   29.194399] softirqs last  enabled at (4942): [<ffffffff83024a4c>] __do_softirq+0x31c/0x49c
[   29.194768] softirqs last disabled at (4405): [<ffffffff8112b5a4>] irq_exit_rcu+0xc4/0x100
[   29.195130] ---[ end trace 0000000000000000 ]---
[   29.198906] ------------[ cut here ]------------
[   29.199126] WARNING: CPU: 0 PID: 534 at drivers/iommu/iommufd/pages.c:793 pfn_reader_user_pin+0x2e6/0x390
[   29.199548] Modules linked in:
[   29.199692] CPU: 0 PID: 534 Comm: repro Tainted: G        W          6.3.0-rc2-eeac8ede1755+ #1
[   29.200071] Hardware name: QEMU Standard PC (i440FX + PIIX, 1996), BIOS rel-1.16.0-0-gd239552ce722-prebuilt.qemu.org 04/01/2014
[   29.200564] RIP: 0010:pfn_reader_user_pin+0x2e6/0x390
[   29.200806] Code: b1 11 e9 25 fe ff ff e8 28 e4 0f ff 31 ff 48 89 de e8 2e e6 0f ff 48 85 db 74 0a e8 14 e4 0f ff e9 4d ff ff ff e8 0a e4 0f ff <0f> 0b bb f2 ff ff ff e9 3c ff ff ff e8 f9 e3 0f ff ba 01 00 00 00
[   29.201658] RSP: 0018:ffffc90000fbfa30 EFLAGS: 00010246
[   29.201905] RAX: 0000000000000000 RBX: 0000000000000000 RCX: ffffffff821e2b72
[   29.202220] RDX: 0000000000000000 RSI: ffff888014184680 RDI: 0000000000000002
[   29.202540] RBP: ffffc90000fbfa78 R08: 000000000000019f R09: 0000000000000001
[   29.202866] R10: ffff888014185418 R11: 0000000000000000 R12: ffffc90000fbfc60
[   29.203174] R13: 0000000000000002 R14: ffff888007879800 R15: 0000000000000000
[   29.203488] FS:  00007f0940903740(0000) GS:ffff88807dc00000(0000) knlGS:0000000000000000
[   29.203844] CS:  0010 DS: 0000 ES: 0000 CR0: 0000000080050033
[   29.204102] CR2: 0000000020000043 CR3: 000000000e75e001 CR4: 0000000000770ef0
[   29.204418] PKRU: 55555554
[   29.204546] Call Trace:
[   29.204663]  <TASK>
[   29.204773]  pfn_reader_next+0x14a/0x7b0
[   29.204965]  ? interval_tree_double_span_iter_update+0x11a/0x140
[   29.205265]  pfn_reader_first+0x140/0x1b0
[   29.205462]  iopt_pages_rw_slow+0x71/0x280
[   29.205688]  iopt_pages_rw_access+0x2b2/0x5b0
[   29.205907]  iommufd_access_rw+0x19f/0x2f0
[   29.206105]  iommufd_test+0xd11/0x16f0
[   29.206292]  ? write_comp_data+0x2f/0x90
[   29.206488]  iommufd_fops_ioctl+0x206/0x330
[   29.206697]  __x64_sys_ioctl+0x10e/0x160
[   29.206891]  ? __pfx_iommufd_fops_ioctl+0x10/0x10
[   29.207114]  do_syscall_64+0x3b/0x90
[   29.207286]  entry_SYSCALL_64_after_hwframe+0x72/0xdc
[   29.207522] RIP: 0033:0x7f0940a2859d
[   29.207693] Code: 00 c3 66 2e 0f 1f 84 00 00 00 00 00 90 f3 0f 1e fa 48 89 f8 48 89 f7 48 89 d6 48 89 ca 4d 89 c2 4d 89 c8 4c 8b 4c 24 08 0f 05 <48> 3d 01 f0 ff ff 73 01 c3 48 8b 0d d3 08 0d 00 f7 d8 64 89 01 48
[   29.208474] RSP: 002b:00007ffd47d7c848 EFLAGS: 00000206 ORIG_RAX: 0000000000000010
[   29.208804] RAX: ffffffffffffffda RBX: 0000000000000000 RCX: 00007f0940a2859d
[   29.209130] RDX: 00000000200001c0 RSI: 0000000000003ba0 RDI: 0000000000000006
[   29.209440] RBP: 00007ffd47d7c860 R08: 00007ffd47d7c940 R09: 00007ffd47d7c940
