c[?7l[2J[0mSeaBIOS (version rel-1.14.0-0-g155821a1990b-prebuilt.qemu.org)


iPXE (http://ipxe.org) 00:03.0 CA00 PCI2.10 PnP PMM+7FF8F030+7FEEF030 CA00
Press Ctrl-B to configure iPXE (PCI 00:03.0)...                                                                               


Booting from ROM...
c[?7l[2J[    0.000000] Linux version 6.3.0-11f325a5fafe+ (root@p-mtlp02) (gcc (GCC) 8.5.0 20210514 (Red Hat 8.5.0-18), GNU ld version 2.36.1-2.el8) #1 SMP PREEMPT_DYNAMIC Tue Apr 25 14:01:23 CST 2023
[    0.000000] ********************************************************************************************
[    0.000000] * WARNING: Project Intel Next sources and binaries include Intel Confidential information. *
[    0.000000] *          For use by Intel Employees only; do not distribute externally.                  *
[    0.000000] ********************************************************************************************
[    0.000000] Command line: console=ttyS0 root=/dev/sda earlyprintk=serial net.ifnames=0
[    0.000000] KERNEL supported cpus:
[    0.000000]   Intel GenuineIntel
[    0.000000]   AMD AuthenticAMD
[    0.000000]   Hygon HygonGenuine
[    0.000000]   Centaur CentaurHauls
[    0.000000]   zhaoxin   Shanghai  
[    0.000000] x86/split lock detection: #DB: warning on user-space bus_locks
[    0.000000] x86/fpu: Supporting XSAVE feature 0x001: 'x87 floating point registers'
[    0.000000] x86/fpu: Supporting XSAVE feature 0x002: 'SSE registers'
[    0.000000] x86/fpu: Supporting XSAVE feature 0x004: 'AVX registers'
[    0.000000] x86/fpu: Supporting XSAVE feature 0x200: 'Protection Keys User registers'
[    0.000000] x86/fpu: xstate_offset[2]:  576, xstate_sizes[2]:  256
[    0.000000] x86/fpu: xstate_offset[9]:  832, xstate_sizes[9]:    8
[    0.000000] x86/fpu: Enabled xstate features 0x207, context size is 840 bytes, using 'compacted' format.
[    0.000000] signal: max sigframe size: 3632
[    0.000000] BIOS-provided physical RAM map:
[    0.000000] BIOS-e820: [mem 0x0000000000000000-0x000000000009fbff] usable
[    0.000000] BIOS-e820: [mem 0x000000000009fc00-0x000000000009ffff] reserved
[    0.000000] BIOS-e820: [mem 0x00000000000f0000-0x00000000000fffff] reserved
[    0.000000] BIOS-e820: [mem 0x0000000000100000-0x000000007ffdffff] usable
[    0.000000] BIOS-e820: [mem 0x000000007ffe0000-0x000000007fffffff] reserved
[    0.000000] BIOS-e820: [mem 0x00000000feffc000-0x00000000feffffff] reserved
[    0.000000] BIOS-e820: [mem 0x00000000fffc0000-0x00000000ffffffff] reserved
[    0.000000] printk: bootconsole [earlyser0] enabled
[    0.000000] NX (Execute Disable) protection: active
[    0.000000] SMBIOS 2.8 present.
[    0.000000] DMI: QEMU Standard PC (i440FX + PIIX, 1996), BIOS rel-1.14.0-0-g155821a1990b-prebuilt.qemu.org 04/01/2014
[    0.000000] Hypervisor detected: KVM
[    0.000000] kvm-clock: Using msrs 4b564d01 and 4b564d00
[    0.000003] kvm-clock: using sched offset of 541674652 cycles
[    0.000428] clocksource: kvm-clock: mask: 0xffffffffffffffff max_cycles: 0x1cd42e4dffb, max_idle_ns: 881590591483 ns
[    0.001772] tsc: Detected 3072.000 MHz processor
[    0.004000] last_pfn = 0x7ffe0 max_arch_pfn = 0x400000000
[    0.004000] x86/PAT: Configuration [0-7]: WB  WC  UC- UC  WB  WP  UC- WT  
[    0.004000] found SMP MP-table at [mem 0x000f5a90-0x000f5a9f]
[    0.004000] Using GB pages for direct mapping
[    0.004000] ACPI: Early table checksum verification disabled
[    0.004000] ACPI: RSDP 0x00000000000F5870 000014 (v00 BOCHS )
[    0.004000] ACPI: RSDT 0x000000007FFE1959 000034 (v01 BOCHS  BXPC     00000001 BXPC 00000001)
[    0.004000] ACPI: FACP 0x000000007FFE1805 000074 (v01 BOCHS  BXPC     00000001 BXPC 00000001)
[    0.004000] ACPI: DSDT 0x000000007FFE0040 0017C5 (v01 BOCHS  BXPC     00000001 BXPC 00000001)
[    0.004000] ACPI: FACS 0x000000007FFE0000 000040
[    0.004000] ACPI: APIC 0x000000007FFE1879 000080 (v01 BOCHS  BXPC     00000001 BXPC 00000001)
[    0.004000] ACPI: HPET 0x000000007FFE18F9 000038 (v01 BOCHS  BXPC     00000001 BXPC 00000001)
[    0.004000] ACPI: WAET 0x000000007FFE1931 000028 (v01 BOCHS  BXPC     00000001 BXPC 00000001)
[    0.004000] ACPI: Reserving FACP table memory at [mem 0x7ffe1805-0x7ffe1878]
[    0.004000] ACPI: Reserving DSDT table memory at [mem 0x7ffe0040-0x7ffe1804]
[    0.004000] ACPI: Reserving FACS table memory at [mem 0x7ffe0000-0x7ffe003f]
[    0.004000] ACPI: Reserving APIC table memory at [mem 0x7ffe1879-0x7ffe18f8]
[    0.004000] ACPI: Reserving HPET table memory at [mem 0x7ffe18f9-0x7ffe1930]
[    0.004000] ACPI: Reserving WAET table memory at [mem 0x7ffe1931-0x7ffe1958]
[    0.004000] No NUMA configuration found
[    0.004000] Faking a node at [mem 0x0000000000000000-0x000000007ffdffff]
[    0.004000] NODE_DATA(0) allocated [mem 0x7ffb5000-0x7ffdffff]
[    0.004000] Zone ranges:
[    0.004000]   DMA      [mem 0x0000000000001000-0x0000000000ffffff]
[    0.004000]   DMA32    [mem 0x0000000001000000-0x000000007ffdffff]
[    0.004000]   Normal   empty
[    0.004000]   Device   empty
[    0.004000] Movable zone start for each node
[    0.004000] Early memory node ranges
[    0.004000]   node   0: [mem 0x0000000000001000-0x000000000009efff]
[    0.004000]   node   0: [mem 0x0000000000100000-0x000000007ffdffff]
[    0.004000] Initmem setup node 0 [mem 0x0000000000001000-0x000000007ffdffff]
[    0.004000] On node 0, zone DMA: 1 pages in unavailable ranges
[    0.004000] On node 0, zone DMA: 97 pages in unavailable ranges
[    0.004000] On node 0, zone DMA32: 32 pages in unavailable ranges
[    0.004000] ACPI: PM-Timer IO Port: 0x608
[    0.004000] ACPI: LAPIC_NMI (acpi_id[0xff] dfl dfl lint[0x1])
[    0.004000] IOAPIC[0]: apic_id 0, version 17, address 0xfec00000, GSI 0-23
[    0.004000] ACPI: INT_SRC_OVR (bus 0 bus_irq 0 global_irq 2 dfl dfl)
[    0.004000] ACPI: INT_SRC_OVR (bus 0 bus_irq 5 global_irq 5 high level)
[    0.004000] ACPI: INT_SRC_OVR (bus 0 bus_irq 9 global_irq 9 high level)
[    0.004000] ACPI: INT_SRC_OVR (bus 0 bus_irq 10 global_irq 10 high level)
[    0.004000] ACPI: INT_SRC_OVR (bus 0 bus_irq 11 global_irq 11 high level)
[    0.004000] ACPI: Using ACPI (MADT) for SMP configuration information
[    0.004000] ACPI: HPET id: 0x8086a201 base: 0xfed00000
[    0.004000] TSC deadline timer available
[    0.004000] smpboot: Allowing 2 CPUs, 0 hotplug CPUs
[    0.004000] kvm-guest: KVM setup pv remote TLB flush
[    0.004000] kvm-guest: setup PV sched yield
[    0.004000] PM: hibernation: Registered nosave memory: [mem 0x00000000-0x00000fff]
[    0.004000] PM: hibernation: Registered nosave memory: [mem 0x0009f000-0x0009ffff]
[    0.004000] PM: hibernation: Registered nosave memory: [mem 0x000a0000-0x000effff]
[    0.004000] PM: hibernation: Registered nosave memory: [mem 0x000f0000-0x000fffff]
[    0.004000] [mem 0x80000000-0xfeffbfff] available for PCI devices
[    0.004000] Booting paravirtualized kernel on KVM
[    0.004000] clocksource: refined-jiffies: mask: 0xffffffff max_cycles: 0xffffffff, max_idle_ns: 7645519600211568 ns
[    0.004000] setup_percpu: NR_CPUS:8192 nr_cpumask_bits:2 nr_cpu_ids:2 nr_node_ids:1
[    0.004000] percpu: Embedded 65 pages/cpu s229376 r8192 d28672 u1048576
[    0.004000] kvm-guest: PV spinlocks enabled
[    0.004000] PV qspinlock hash table entries: 256 (order: 0, 4096 bytes, linear)
[    0.004000] Fallback order for Node 0: 0 
[    0.004000] Built 1 zonelists, mobility grouping on.  Total pages: 515808
[    0.004000] Policy zone: DMA32
[    0.004000] Kernel command line: net.ifnames=0 console=ttyS0 root=/dev/sda earlyprintk=serial net.ifnames=0
[    0.004000] random: crng init done
[    0.004000] Dentry cache hash table entries: 262144 (order: 9, 2097152 bytes, linear)
[    0.004000] Inode-cache hash table entries: 131072 (order: 8, 1048576 bytes, linear)
[    0.004000] mem auto-init: stack:off, heap alloc:off, heap free:off
[    0.004000] Memory: 1966944K/2096632K available (34816K kernel code, 4561K rwdata, 9820K rodata, 10420K init, 31852K bss, 129432K reserved, 0K cma-reserved)
[    0.004000] SLUB: HWalign=64, Order=0-3, MinObjects=0, CPUs=2, Nodes=1
[    0.004000] kmemleak: Kernel memory leak detector disabled
[    0.004000] ftrace: allocating 69029 entries in 270 pages
[    0.004000] ftrace: allocated 270 pages with 4 groups
[    0.004000] Dynamic Preempt: voluntary
[    0.004000] Running RCU self tests
[    0.004000] Running RCU synchronous self tests
[    0.004000] rcu: Preemptible hierarchical RCU implementation.
[    0.004000] rcu: 	RCU lockdep checking is enabled.
[    0.004000] rcu: 	RCU restricting CPUs from NR_CPUS=8192 to nr_cpu_ids=2.
[    0.004000] 	Trampoline variant of Tasks RCU enabled.
[    0.004000] 	Rude variant of Tasks RCU enabled.
[    0.004000] 	Tracing variant of Tasks RCU enabled.
[    0.004000] rcu: RCU calculated value of scheduler-enlistment delay is 25 jiffies.
[    0.004000] rcu: Adjusting geometry for rcu_fanout_leaf=16, nr_cpu_ids=2
[    0.004000] Running RCU synchronous self tests
[    0.004000] NR_IRQS: 524544, nr_irqs: 440, preallocated irqs: 16
[    0.004000] rcu: srcu_init: Setting srcu_struct sizes based on contention.
[    0.004000] Console: colour VGA+ 80x25
[    0.004000] printk: console [ttyS0] enabled
[    0.004000] printk: console [ttyS0] enabled
[    0.004000] printk: bootconsole [earlyser0] disabled
[    0.004000] printk: bootconsole [earlyser0] disabled
[    0.004000] Lock dependency validator: Copyright (c) 2006 Red Hat, Inc., Ingo Molnar
[    0.004000] ... MAX_LOCKDEP_SUBCLASSES:  8
[    0.004000] ... MAX_LOCK_DEPTH:          48
[    0.004000] ... MAX_LOCKDEP_KEYS:        8192
[    0.004000] ... CLASSHASH_SIZE:          4096
[    0.004000] ... MAX_LOCKDEP_ENTRIES:     32768
[    0.004000] ... MAX_LOCKDEP_CHAINS:      65536
[    0.004000] ... CHAINHASH_SIZE:          32768
[    0.004000]  memory used by lock dependency info: 6365 kB
[    0.004000]  memory used for stack traces: 4224 kB
[    0.004000]  per task-struct memory footprint: 1920 bytes
[    0.004000] ACPI: Core revision 20230331
[    0.004000] clocksource: hpet: mask: 0xffffffff max_cycles: 0xffffffff, max_idle_ns: 19112604467 ns
[    0.004000] APIC: Switch to symmetric I/O mode setup
[    0.004000] x2apic enabled
[    0.004000] Switched APIC routing to physical x2apic.
[    0.004000] kvm-guest: setup PV IPIs
[    0.004000] ..TIMER: vector=0x30 apic1=0 pin1=2 apic2=-1 pin2=-1
[    0.004000] clocksource: tsc-early: mask: 0xffffffffffffffff max_cycles: 0x2c47f5688fc, max_idle_ns: 440795305069 ns
[    0.196322] Calibrating delay loop (skipped) preset value.. 6144.00 BogoMIPS (lpj=12288000)
[    0.197016] pid_max: default: 32768 minimum: 301
[    0.197480] LSM: initializing lsm=capability,yama,integrity
[    0.197956] Yama: becoming mindful.
[    0.198443] Mount-cache hash table entries: 4096 (order: 3, 32768 bytes, linear)
[    0.199066] Mountpoint-cache hash table entries: 4096 (order: 3, 32768 bytes, linear)
[    0.201057] CPU0: Thermal monitoring enabled (TM1)
[    0.201583] x86/cpu: User Mode Instruction Prevention (UMIP) activated
[    0.204745] Last level iTLB entries: 4KB 0, 2MB 0, 4MB 0
[    0.205241] Last level dTLB entries: 4KB 0, 2MB 0, 4MB 0, 1GB 0
[    0.205775] Spectre V1 : Mitigation: usercopy/swapgs barriers and __user pointer sanitization
[    0.206472] Spectre V2 : WARNING: Unprivileged eBPF is enabled with eIBRS on, data leaks possible via Spectre v2 BHB attacks!
[    0.208310] Spectre V2 : Mitigation: Enhanced / Automatic IBRS
[    0.208767] Spectre V2 : Spectre v2 / SpectreRSB mitigation: Filling RSB on context switch
[    0.209407] Spectre V2 : Spectre v2 / PBRSB-eIBRS: Retire a single CALL on VMEXIT
[    0.209994] Spectre V2 : mitigation: Enabling conditional Indirect Branch Prediction Barrier
[    0.210653] Speculative Store Bypass: Mitigation: Speculative Store Bypass disabled via prctl
[    0.211315] MMIO Stale Data: Unknown: No mitigations
[    0.344873] Freeing SMP alternatives memory: 56K
[    0.345305] Running RCU synchronous self tests
[    0.345660] Running RCU synchronous self tests
[    0.346484] smpboot: CPU0: Genuine Intel(R) 0000 (family: 0x6, model: 0xaa, stepping: 0x2)
[    0.347649] cblist_init_generic: Setting adjustable number of callback queues.
[    0.348229] cblist_init_generic: Setting shift to 1 and lim to 1.
[    0.348303] cblist_init_generic: Setting shift to 1 and lim to 1.
[    0.348303] cblist_init_generic: Setting shift to 1 and lim to 1.
[    0.348303] Running RCU-tasks wait API self tests
[    0.452489] Performance Events: unsupported p6 CPU model 170 no PMU driver, software events only.
[    0.453349] rcu: Hierarchical SRCU implementation.
[    0.453705] rcu: 	Max phase no-delay instances is 1000.
[    0.455620] NMI watchdog: Perf NMI watchdog permanently disabled
[    0.456265] smp: Bringing up secondary CPUs ...
[    0.456812] x86: Booting SMP configuration:
[    0.457133] .... node  #0, CPUs:      #1
[    0.188303] smpboot: CPU 1 Converting physical 0 to logical die 1
[    0.460626] smp: Brought up 1 node, 2 CPUs
[    0.460951] smpboot: Max logical packages: 2
[    0.461269] smpboot: Total of 2 processors activated (12288.00 BogoMIPS)
[    0.466259] devtmpfs: initialized
[    0.466259] x86/mm: Memory block size: 128MB
[    0.468321] Callback from call_rcu_tasks_trace() invoked.
[    0.470513] Running RCU synchronous self tests
[    0.470513] Running RCU synchronous self tests
[    0.470513] clocksource: jiffies: mask: 0xffffffff max_cycles: 0xffffffff, max_idle_ns: 7645041785100000 ns
[    0.472323] futex hash table entries: 512 (order: 4, 65536 bytes, linear)
[    0.473196] pinctrl core: initialized pinctrl subsystem
[    0.474111] 
[    0.474232] *************************************************************
[    0.474752] **     NOTICE NOTICE NOTICE NOTICE NOTICE NOTICE NOTICE    **
[    0.475263] **                                                         **
[    0.475757] **  IOMMU DebugFS SUPPORT HAS BEEN ENABLED IN THIS KERNEL  **
[    0.476249] **                                                         **
[    0.476313] ** This means that this kernel is built to expose internal **
[    0.476806] ** IOMMU data structures, which may compromise security on **
[    0.477301] ** your system.                                            **
[    0.477811] **                                                         **
[    0.478311] ** If you see this message and you are not debugging the   **
[    0.478819] ** kernel, report this immediately to your vendor!         **
[    0.479313] **                                                         **
[    0.479821] **     NOTICE NOTICE NOTICE NOTICE NOTICE NOTICE NOTICE    **
[    0.480306] *************************************************************
[    0.480853] PM: RTC time: 05:46:20, date: 2023-04-26
[    0.486019] NET: Registered PF_NETLINK/PF_ROUTE protocol family
[    0.487007] DMA: preallocated 256 KiB GFP_KERNEL pool for atomic allocations
[    0.487604] DMA: preallocated 256 KiB GFP_KERNEL|GFP_DMA pool for atomic allocations
[    0.488178] DMA: preallocated 256 KiB GFP_KERNEL|GFP_DMA32 pool for atomic allocations
[    0.488362] audit: initializing netlink subsys (disabled)
[    0.488857] audit: type=2000 audit(1682487980.871:1): state=initialized audit_enabled=0 res=1
[    0.488950] thermal_sys: Registered thermal governor 'fair_share'
[    0.489243] thermal_sys: Registered thermal governor 'bang_bang'
[    0.489731] thermal_sys: Registered thermal governor 'step_wise'
[    0.490176] thermal_sys: Registered thermal governor 'user_space'
[    0.490662] cpuidle: using governor ladder
[    0.492319] cpuidle: using governor menu
[    0.493082] acpiphp: ACPI Hot Plug PCI Controller Driver version: 0.5
[    0.493882] PCI: Using configuration type 1 for base access
[    0.495258] kprobes: kprobe jump-optimization is enabled. All kprobes are optimized if possible.
[    0.792685] HugeTLB: registered 1.00 GiB page size, pre-allocated 0 pages
[    0.793221] HugeTLB: 16380 KiB vmemmap can be freed for a 1.00 GiB page
[    0.793738] HugeTLB: registered 2.00 MiB page size, pre-allocated 0 pages
[    0.794259] HugeTLB: 28 KiB vmemmap can be freed for a 2.00 MiB page
[    0.801118] ACPI: Added _OSI(Module Device)
[    0.801474] ACPI: Added _OSI(Processor Device)
[    0.801823] ACPI: Added _OSI(3.0 _SCP Extensions)
[    0.802189] ACPI: Added _OSI(Processor Aggregator Device)
[    0.807707] ACPI: 1 ACPI AML tables successfully acquired and loaded
[    3.249596] ACPI: Interpreter enabled
[    3.250075] ACPI: PM: (supports S0 S3 S4 S5)
[    3.250484] ACPI: Using IOAPIC for interrupt routing
[    3.250484] Callback from call_rcu_tasks_rude() invoked.
[    3.251009] PCI: Using host bridge windows from ACPI; if necessary, use "pci=nocrs" and report a bug
[    3.252309] PCI: Using E820 reservations for host bridge windows
[    3.253501] ACPI: Enabled 2 GPEs in block 00 to 0F
[    3.267929] ACPI: PCI Root Bridge [PCI0] (domain 0000 [bus 00-ff])
[    3.268324] acpi PNP0A03:00: _OSC: OS supports [ASPM ClockPM Segments MSI EDR HPX-Type3]
[    3.269100] acpi PNP0A03:00: _OSC: not requesting OS control; OS requires [ExtendedConfig ASPM ClockPM MSI]
[    3.270045] acpi PNP0A03:00: fail to add MMCONFIG information, can't access extended configuration space under this bridge
[    3.273129] acpiphp: Slot [3] registered
[    3.273549] acpiphp: Slot [4] registered
[    3.273977] acpiphp: Slot [5] registered
[    3.274392] acpiphp: Slot [6] registered
[    3.274807] acpiphp: Slot [7] registered
[    3.275225] acpiphp: Slot [8] registered
[    3.275648] acpiphp: Slot [9] registered
[    3.276076] acpiphp: Slot [10] registered
[    3.276364] acpiphp: Slot [11] registered
[    3.276790] acpiphp: Slot [12] registered
[    3.277227] acpiphp: Slot [13] registered
[    3.277653] acpiphp: Slot [14] registered
[    3.278076] acpiphp: Slot [15] registered
[    3.278498] acpiphp: Slot [16] registered
[    3.278920] acpiphp: Slot [17] registered
[    3.279351] acpiphp: Slot [18] registered
[    3.279781] acpiphp: Slot [19] registered
[    3.280217] acpiphp: Slot [20] registered
[    3.280361] acpiphp: Slot [21] registered
[    3.280798] acpiphp: Slot [22] registered
[    3.281224] acpiphp: Slot [23] registered
[    3.281645] acpiphp: Slot [24] registered
[    3.282065] acpiphp: Slot [25] registered
[    3.282488] acpiphp: Slot [26] registered
[    3.282916] acpiphp: Slot [27] registered
[    3.283346] acpiphp: Slot [28] registered
[    3.283772] acpiphp: Slot [29] registered
[    3.284204] acpiphp: Slot [30] registered
[    3.284364] acpiphp: Slot [31] registered
[    3.284756] PCI host bridge to bus 0000:00
[    3.285134] pci_bus 0000:00: root bus resource [io  0x0000-0x0cf7 window]
[    3.285754] pci_bus 0000:00: root bus resource [io  0x0d00-0xffff window]
[    3.286376] pci_bus 0000:00: root bus resource [mem 0x000a0000-0x000bffff window]
[    3.287058] pci_bus 0000:00: root bus resource [mem 0x80000000-0xfebfffff window]
[    3.287747] pci_bus 0000:00: root bus resource [mem 0x100000000-0x17fffffff window]
[    3.288309] pci_bus 0000:00: root bus resource [bus 00-ff]
[    3.288905] pci 0000:00:00.0: [8086:1237] type 00 class 0x060000
[    3.292064] pci 0000:00:01.0: [8086:7000] type 00 class 0x060100
[    3.292907] pci 0000:00:01.1: [8086:7010] type 00 class 0x010180
[    3.294770] pci 0000:00:01.1: reg 0x20: [io  0xc040-0xc04f]
[    3.295886] pci 0000:00:01.1: legacy IDE quirk: reg 0x10: [io  0x01f0-0x01f7]
[    3.296310] pci 0000:00:01.1: legacy IDE quirk: reg 0x14: [io  0x03f6]
[    3.296904] pci 0000:00:01.1: legacy IDE quirk: reg 0x18: [io  0x0170-0x0177]
[    3.297550] pci 0000:00:01.1: legacy IDE quirk: reg 0x1c: [io  0x0376]
[    3.298425] pci 0000:00:01.3: [8086:7113] type 00 class 0x068000
[    3.299257] pci 0000:00:01.3: quirk: [io  0x0600-0x063f] claimed by PIIX4 ACPI
[    3.299942] pci 0000:00:01.3: quirk: [io  0x0700-0x070f] claimed by PIIX4 SMB
[    3.300552] pci 0000:00:02.0: [1234:1111] type 00 class 0x030000
[    3.304343] pci 0000:00:02.0: reg 0x10: [mem 0xfd000000-0xfdffffff pref]
[    3.307255] pci 0000:00:02.0: reg 0x18: [mem 0xfebf0000-0xfebf0fff]
[    3.311391] pci 0000:00:02.0: reg 0x30: [mem 0xfebe0000-0xfebeffff pref]
[    3.312194] pci 0000:00:02.0: Video device with shadowed ROM at [mem 0x000c0000-0x000dffff]
[    3.315361] pci 0000:00:03.0: [8086:100e] type 00 class 0x020000
[    3.316310] pci 0000:00:03.0: reg 0x10: [mem 0xfebc0000-0xfebdffff]
[    3.317212] pci 0000:00:03.0: reg 0x14: [io  0xc000-0xc03f]
[    3.319957] pci 0000:00:03.0: reg 0x30: [mem 0xfeb80000-0xfebbffff pref]
[    3.331460] ACPI: PCI: Interrupt link LNKA configured for IRQ 10
[    3.332282] ACPI: PCI: Interrupt link LNKB configured for IRQ 10
[    3.332627] ACPI: PCI: Interrupt link LNKC configured for IRQ 11
[    3.333437] ACPI: PCI: Interrupt link LNKD configured for IRQ 11
[    3.334065] ACPI: PCI: Interrupt link LNKS configured for IRQ 9
[    3.336000] iommu: Default domain type: Translated 
[    3.336315] iommu: DMA domain TLB invalidation policy: lazy mode 
[    3.337942] SCSI subsystem initialized
[    3.338316] ACPI: bus type USB registered
[    3.338316] usbcore: registered new interface driver usbfs
[    3.338316] usbcore: registered new interface driver hub
[    3.338316] usbcore: registered new device driver usb
[    3.340400] pps_core: LinuxPPS API ver. 1 registered
[    3.340812] pps_core: Software ver. 5.3.6 - Copyright 2005-2007 Rodolfo Giometti <giometti@linux.it>
[    3.341560] PTP clock support registered
[    3.341985] EDAC MC: Ver: 3.0.0
[    3.344355] NetLabel: Initializing
[    3.344644] NetLabel:  domain hash size = 128
[    3.345010] NetLabel:  protocols = UNLABELED CIPSOv4 CALIPSO
[    3.345533] NetLabel:  unlabeled traffic allowed by default
[    3.346106] PCI: Using ACPI for IRQ routing
[    3.346106] pci 0000:00:02.0: vgaarb: setting as boot VGA device
[    3.346106] pci 0000:00:02.0: vgaarb: bridge control possible
[    3.346106] pci 0000:00:02.0: vgaarb: VGA device added: decodes=io+mem,owns=io+mem,locks=none
[    3.348309] vgaarb: loaded
[    3.348847] hpet0: at MMIO 0xfed00000, IRQs 2, 8, 0
[    3.349267] hpet0: 3 comparators, 64-bit 100.000000 MHz counter
[    3.353555] clocksource: Switched to clocksource kvm-clock
[    3.354803] VFS: Disk quotas dquot_6.6.0
[    3.355158] VFS: Dquot-cache hash table entries: 512 (order 0, 4096 bytes)
[    3.355991] pnp: PnP ACPI init
[    3.356826] pnp: PnP ACPI: found 6 devices
[    3.374197] clocksource: acpi_pm: mask: 0xffffff max_cycles: 0xffffff, max_idle_ns: 2085701024 ns
[    3.375308] NET: Registered PF_INET protocol family
[    3.375871] IP idents hash table entries: 32768 (order: 6, 262144 bytes, linear)
[    3.377509] tcp_listen_portaddr_hash hash table entries: 1024 (order: 4, 73728 bytes, linear)
[    3.378225] Table-perturb hash table entries: 65536 (order: 6, 262144 bytes, linear)
[    3.378855] TCP established hash table entries: 16384 (order: 5, 131072 bytes, linear)
[    3.379681] TCP bind hash table entries: 16384 (order: 9, 2359296 bytes, linear)
[    3.384916] TCP: Hash tables configured (established 16384 bind 16384)
[    3.385634] UDP hash table entries: 1024 (order: 5, 163840 bytes, linear)
[    3.386329] UDP-Lite hash table entries: 1024 (order: 5, 163840 bytes, linear)
[    3.387166] NET: Registered PF_UNIX/PF_LOCAL protocol family
[    3.387988] RPC: Registered named UNIX socket transport module.
[    3.388500] RPC: Registered udp transport module.
[    3.388882] RPC: Registered tcp transport module.
[    3.389268] RPC: Registered tcp NFSv4.1 backchannel transport module.
[    3.389823] pci_bus 0000:00: resource 4 [io  0x0000-0x0cf7 window]
[    3.390336] pci_bus 0000:00: resource 5 [io  0x0d00-0xffff window]
[    3.390839] pci_bus 0000:00: resource 6 [mem 0x000a0000-0x000bffff window]
[    3.391393] pci_bus 0000:00: resource 7 [mem 0x80000000-0xfebfffff window]
[    3.391947] pci_bus 0000:00: resource 8 [mem 0x100000000-0x17fffffff window]
[    3.392778] pci 0000:00:01.0: PIIX3: Enabling Passive Release
[    3.393259] pci 0000:00:00.0: Limiting direct PCI/PCI transfers
[    3.393844] PCI: CLS 0 bytes, default 64
[    3.394514] ACPI: bus type thunderbolt registered
[    3.395233] clocksource: tsc: mask: 0xffffffffffffffff max_cycles: 0x2c47f5688fc, max_idle_ns: 440795305069 ns
[    3.404433] Callback from call_rcu_tasks() invoked.
[    3.466847] Initialise system trusted keyrings
[    3.467313] Key type blacklist registered
[    3.468152] workingset: timestamp_bits=36 max_order=19 bucket_order=0
[    3.468740] zbud: loaded
[    3.469635] squashfs: version 4.0 (2009/01/31) Phillip Lougher
[    3.470789] NFS: Registering the id_resolver key type
[    3.471198] Key type id_resolver registered
[    3.471535] Key type id_legacy registered
[    3.471890] nfs4filelayout_init: NFSv4 File Layout Driver Registering...
[    3.472461] nfs4flexfilelayout_init: NFSv4 Flexfile Layout Driver Registering...
[    3.473155] fuse: init (API version 7.38)
[    3.473637] SGI XFS with ACLs, security attributes, realtime, quota, no debug enabled
[    3.474887] 9p: Installing v9fs 9p2000 file system support
[    3.482237] Key type asymmetric registered
[    3.482582] Asymmetric key parser 'x509' registered
[    3.483037] Block layer SCSI generic (bsg) driver version 0.4 loaded (major 243)
[    3.483816] io scheduler mq-deadline registered
[    3.484222] io scheduler bfq registered
[    3.484953] shpchp: Standard Hot Plug PCI Controller Driver version: 0.4
[    3.485862] IPMI message handler: version 39.2
[    3.486274] ipmi device interface
[    3.488078] input: Power Button as /devices/LNXSYSTM:00/LNXPWRBN:00/input/input0
[    3.488888] ACPI: button: Power Button [PWRF]
[    3.490180] ERST DBG: ERST support is disabled.
[    3.491059] Serial: 8250/16550 driver, 32 ports, IRQ sharing enabled
[    3.492203] 00:04: ttyS0 at I/O 0x3f8 (irq = 4, base_baud = 115200) is a 16550A
[    3.500085] Linux agpgart interface v0.103
[    3.501200] ACPI: bus type drm_connector registered
[    3.512880] brd: module loaded
[    3.519391] loop: module loaded
[    3.523878] scsi host0: ata_piix
[    3.524728] scsi host1: ata_piix
[    3.525146] ata1: PATA max MWDMA2 cmd 0x1f0 ctl 0x3f6 bmdma 0xc040 irq 14
[    3.525690] ata2: PATA max MWDMA2 cmd 0x170 ctl 0x376 bmdma 0xc048 irq 15
[    3.527196] tun: Universal TUN/TAP device driver, 1.6
[    3.527715] e100: Intel(R) PRO/100 Network Driver
[    3.528090] e100: Copyright(c) 1999-2006 Intel Corporation
[    3.528578] e1000: Intel(R) PRO/1000 Network Driver
[    3.528977] e1000: Copyright (c) 1999-2006 Intel Corporation.
[    3.684342] ACPI: \_SB_.LNKC: Enabled at IRQ 11
[    3.684511] ata1: found unknown device (class 0)
[    3.685639] ata2: found unknown device (class 0)
[    3.686652] ata1.00: ATA-7: QEMU HARDDISK, 2.5+, max UDMA/100
[    3.687145] ata1.00: 16777216 sectors, multi 16: LBA48 
[    3.687719] ata2.00: ATAPI: QEMU DVD-ROM, 2.5+, max UDMA/100
[    3.689293] scsi 0:0:0:0: Direct-Access     ATA      QEMU HARDDISK    2.5+ PQ: 0 ANSI: 5
[    3.690735] sd 0:0:0:0: Attached scsi generic sg0 type 0
[    3.691173] sd 0:0:0:0: [sda] 16777216 512-byte logical blocks: (8.59 GB/8.00 GiB)
[    3.692043] sd 0:0:0:0: [sda] Write Protect is off
[    3.692521] scsi 1:0:0:0: CD-ROM            QEMU     QEMU DVD-ROM     2.5+ PQ: 0 ANSI: 5
[    3.693308] sd 0:0:0:0: [sda] Write cache: enabled, read cache: enabled, doesn't support DPO or FUA
[    3.694256] sd 0:0:0:0: [sda] Preferred minimum I/O size 512 bytes
[    3.709010] scsi 1:0:0:0: Attached scsi generic sg1 type 5
[    3.709920] sd 0:0:0:0: [sda] Attached SCSI disk
[    4.015877] e1000 0000:00:03.0 eth0: (PCI:33MHz:32-bit) 52:54:00:12:34:56
[    4.016455] e1000 0000:00:03.0 eth0: Intel(R) PRO/1000 Network Connection
[    4.017056] e1000e: Intel(R) PRO/1000 Network Driver
[    4.017436] e1000e: Copyright(c) 1999 - 2015 Intel Corporation.
[    4.017957] igb: Intel(R) Gigabit Ethernet Network Driver
[    4.018381] igb: Copyright (c) 2007-2014 Intel Corporation.
[    4.018877] PPP generic driver version 2.4.2
[    4.019644] VFIO - User Level meta-driver version: 0.3
[    4.020418] usbcore: registered new interface driver uas
[    4.020843] usbcore: registered new interface driver usb-storage
[    4.021453] i8042: PNP: PS/2 Controller [PNP0303:KBD,PNP0f13:MOU] at 0x60,0x64 irq 1,12
[    4.022724] serio: i8042 KBD port at 0x60,0x64 irq 1
[    4.023140] serio: i8042 AUX port at 0x60,0x64 irq 12
[    4.024104] mousedev: PS/2 mouse device common for all mice
[    4.025336] input: AT Translated Set 2 keyboard as /devices/platform/i8042/serio0/input/input1
[    4.026919] input: VirtualPS/2 VMware VMMouse as /devices/platform/i8042/serio1/input/input4
[    4.027934] rtc_cmos 00:05: RTC can wake from S4
[    4.029060] input: VirtualPS/2 VMware VMMouse as /devices/platform/i8042/serio1/input/input3
[    4.030060] rtc_cmos 00:05: registered as rtc0
[    4.030483] rtc_cmos 00:05: setting system clock to 2023-04-26T05:46:23 UTC (1682487983)
[    4.031306] rtc_cmos 00:05: alarms up to one day, y3k, 242 bytes nvram, hpet irqs
[    4.031889] i2c_dev: i2c /dev entries driver
[    4.032522] device-mapper: core: CONFIG_IMA_DISABLE_HTABLE is disabled. Duplicate IMA measurements will not be recorded in the IMA log.
[    4.033476] device-mapper: uevent: version 1.0.3
[    4.034003] device-mapper: ioctl: 4.47.0-ioctl (2022-07-28) initialised: dm-devel@redhat.com
[    4.034693] intel_pstate: CPU model not supported
[    4.035143] sdhci: Secure Digital Host Controller Interface driver
[    4.035606] sdhci: Copyright(c) Pierre Ossman
[    4.035998] sdhci-pltfm: SDHCI platform and OF driver helper
[    4.036497] ledtrig-cpu: registered to indicate activity on CPUs
[    4.037320] drop_monitor: Initializing network drop monitor service
[    4.037989] NET: Registered PF_INET6 protocol family
[    4.040963] Segment Routing with IPv6
[    4.041296] In-situ OAM (IOAM) with IPv6
[    4.041661] NET: Registered PF_PACKET protocol family
[    4.042171] 9pnet: Installing 9P2000 support
[    4.042568] Key type dns_resolver registered
[    4.043689] IPI shorthand broadcast: enabled
[    4.056694] sched_clock: Marking stable (3872003322, 184303168)->(4194739723, -138433233)
[    4.057868] registered taskstats version 1
[    4.058475] Loading compiled-in X.509 certificates
[    4.058981] zswap: loaded using pool lzo/zbud
[    4.072631] Key type .fscrypt registered
[    4.072944] Key type fscrypt-provisioning registered
[    4.074243] Key type encrypted registered
[    4.074614] ima: No TPM chip found, activating TPM-bypass!
[    4.075043] ima: Allocated hash algorithm: sha1
[    4.075423] ima: No architecture policies found
[    4.075831] evm: Initialising EVM extended attributes:
[    4.076221] evm: security.selinux
[    4.076504] evm: security.SMACK64
[    4.076772] evm: security.SMACK64EXEC
[    4.077053] evm: security.SMACK64TRANSMUTE
[    4.077364] evm: security.SMACK64MMAP
[    4.077645] evm: security.apparmor
[    4.077907] evm: security.ima
[    4.078146] evm: security.capability
[    4.078442] evm: HMAC attrs: 0x1
[    4.079871] PM:   Magic number: 3:705:770
[    4.080243] misc userfaultfd: hash matches
[    4.081006] RAS: Correctable Errors collector initialized.
[    4.082040] md: Waiting for all devices to be available before autodetect
[    4.082392] md: If you don't use raid, use raid=noautodetect
[    4.082678] md: Autodetecting RAID arrays.
[    4.082893] md: autorun ...
[    4.083038] md: ... autorun DONE.
[    4.095575] EXT4-fs (sda): mounted filesystem 23a53bb9-f815-47a5-b74c-5e08f7731193 with ordered data mode. Quota mode: none.
[    4.096225] VFS: Mounted root (ext4 filesystem) readonly on device 8:0.
[    4.098435] devtmpfs: mounted
[    4.105964] Freeing unused decrypted memory: 2036K
[    4.112505] Freeing unused kernel image (initmem) memory: 10420K
[    4.112842] Write protecting the kernel read-only data: 45056k
[    4.114585] Freeing unused kernel image (rodata/data gap) memory: 420K
[    4.211259] x86/mm: Checked W+X mappings: passed, no W+X pages found.
[    4.211599] ********************************************************************************************
[    4.211599] * WARNING: Project Intel Next sources and binaries include Intel Confidential information. *
[    4.211599] *          For use by Intel Employees only; do not distribute externally.                  *
[    4.211599] ********************************************************************************************
[    4.213401] Run /sbin/init as init process
[    4.321720] systemd[1]: RTC configured in localtime, applying delta of 0 minutes to system time.
[    4.354971] systemd[1]: systemd 239 (239-49.el8) running in system mode. (+PAM +AUDIT +SELINUX +IMA -APPARMOR +SMACK +SYSVINIT +UTMP +LIBCRYPTSETUP +GCRYPT +GNUTLS +ACL +XZ +LZ4 +SECCOMP +BLKID +ELFUTILS +KMOD +IDN2 -IDN +PCRE2 default-hierarchy=legacy)
[    4.356283] systemd[1]: Detected virtualization kvm.
[    4.356582] systemd[1]: Detected architecture x86-64.

Welcome to [0;31mCentOS Stream 8[0m!

[    4.409012] systemd[1]: Set hostname to <test>.
[    4.683763] systemd[1]: Listening on RPCbind Server Activation Socket.
[[0;32m  OK  [0m] Listening on RPCbind Server Activation Socket.
[    4.685400] systemd[1]: Listening on Journal Socket.
[[0;32m  OK  [0m] Listening on Journal Socket.
[    4.704532] systemd[1]: Mounting POSIX Message Queue File System...
         Mounting POSIX Message Queue File System...
[    4.705739] systemd[1]: Listening on multipathd control socket.
[[0;32m  OK  [0m] Listening on multipathd control socket.
[    4.712908] systemd[1]: Starting Load Kernel Modules...
         Starting Load Kernel Modules...
[    4.714915] systemd[1]: Set up automount Arbitrary Executable File Formats File System Automount Point.
[[0;32m  OK  [0m] Set up automount Arbitrary Executabâ€¦rmats File System Automount Point.
[[0;32m  OK  [0m] Created slice User and Session Slice.
         Starting Remount Root and Kernel File Systems...
[[0;32m  OK  [0m] Created slice system-serial\x2dgetty.slice.
[[0;32m  OK  [0m] Reached target RPC Port Mapper.
[[0;32m  OK  [0m] Reached target Slices.
         Starting Setup Virtual Console...
[[0;32m  OK  [0m] Listening on Device-mapper event daemon FIFOs.
         Starting Monitoring of LVM2 mirrorsâ€¦ng dmeventd or progress polling...
[[0;32m  OK  [0m] Listening on udev Kernel Socket.
[[0;32m  OK  [0m] Listening on udev Control Socket.
         Starting udev Coldplug all Devices...
[[0;32m  OK  [0m] Listening on Journal Socket (/dev/log).
         Starting Journal Service...
[[0;32m  OK  [0m] Listening on initctl Compatibility Named Pipe.
         Mounting Huge Pages File System...
[[0;32m  OK  [0m] Started Forward Password Requests to Wall Directory Watch.
[[0;32m  OK  [0m] Reached target Swap.
[[0;32m  OK  [0m] Listening on LVM2 poll daemon socket.
[[0;32m  OK  [0m] Listening on Process Core Dump Socket.
[[0;32m  OK  [0m] Created slice system-sshd\x2dkeygen.slice.
         Mounting Kernel Debug File System...
[[0;32m  OK  [0m] Created slice system-getty.slice.
[[0;32m  OK  [0m] Mounted POSIX Message Queue File System.
[[0;1;31mFAILED[0m] Failed to start Load Kernel Modules.
See 'systemctl status systemd-modules-load.service' for details.
[[0;32m  OK  [0m] Mounted Huge Pages File System.
[[0;32m  OK  [0m] Mounted Kernel Debug File System.
         Mounting FUSE Control File System...
         Starting Apply Kernel Variables...
         Mounting Kernel Configuration File System...
[    5.076608] EXT4-fs (sda): re-mounted 23a53bb9-f815-47a5-b74c-5e08f7731193. Quota mode: none.
[[0;32m  OK  [0m] Started Journal Service.
[[0;32m  OK  [0m] Started Remount Root and Kernel File Systems.
[[0;32m  OK  [0m] Started Setup Virtual Console.
[[0;32m  OK  [0m] Mounted FUSE Control File System.
[[0;32m  OK  [0m] Started Apply Kernel Variables.
[[0;32m  OK  [0m] Mounted Kernel Configuration File System.
         Starting Load/Save Random Seed...
         Starting Create Static Device Nodes in /dev...
         Starting Flush Journal to Persistent Storage...
[[0;32m  OK  [0m] Started Load/Save Random Seed.
[[0;32m  OK  [0m] Started Create Static Device Nodes in /dev.
[[0;32m  OK  [0m] Started Flush Journal to Persistent Storage.
         Starting udev Kernel Device Manager...
[[0;32m  OK  [0m] Started udev Coldplug all Devices.
         Starting udev Wait for Complete Device Initialization...
[[0;32m  OK  [0m] Started udev Kernel Device Manager.
         Starting Show Plymouth Boot Screen...
[[0;32m  OK  [0m] Started Show Plymouth Boot Screen.
[[0;32m  OK  [0m] Reached target Paths.
[[0;32m  OK  [0m] Reached target Local Encrypted Volumes.
[[0;32m  OK  [0m] Started Forward Password Requests to Plymouth Directory Watch.
[[0;32m  OK  [0m] Found device /dev/ttyS0.
[[0;32m  OK  [0m] Started Monitoring of LVM2 mirrors,â€¦sing dmeventd or progress polling.
[[0;32m  OK  [0m] Started udev Wait for Complete Device Initialization.
[[0;32m  OK  [0m] Listening on Load/Save RF Kill Switch Status /dev/rfkill Watch.
[[0;32m  OK  [0m] Reached target Local File Systems (Pre).
[[0;32m  OK  [0m] Reached target Local File Systems.
         Starting Restore /run/initramfs on shutdown...
         Starting Tell Plymouth To Write Out Runtime Data...
         Starting Create Volatile Files and Directories...
[[0;32m  OK  [0m] Started Restore /run/initramfs on shutdown.
[[0;32m  OK  [0m] Started Tell Plymouth To Write Out Runtime Data.
[[0;32m  OK  [0m] Started Create Volatile Files and Directories.
         Starting RPC Bind...
         Mounting RPC Pipe File System...
         Starting Security Auditing Service...
[[0;32m  OK  [0m] Mounted RPC Pipe File System.
[[0;32m  OK  [0m] Reached target rpc_pipefs.target.
[[0;32m  OK  [0m] Started RPC Bind.
[[0;32m  OK  [0m] Started Security Auditing Service.
         Starting Update UTMP about System Boot/Shutdown...
[[0;32m  OK  [0m] Started Update UTMP about System Boot/Shutdown.
[[0;32m  OK  [0m] Reached target System Initialization.
[[0;32m  OK  [0m] Listening on D-Bus System Message Bus Socket.
[[0;32m  OK  [0m] Started daily update of the root trust anchor for DNSSEC.
[[0;32m  OK  [0m] Started dnf makecache --timer.
[[0;32m  OK  [0m] Started Daily Cleanup of Temporary Directories.
[[0;32m  OK  [0m] Reached target Timers.
[[0;32m  OK  [0m] Listening on SSSD Kerberos Cache Manager responder socket.
[[0;32m  OK  [0m] Reached target Sockets.
[[0;32m  OK  [0m] Reached target Basic System.
         Starting Auto-connect to subsystemsâ€¦-NVME devices found during boot...
         Starting Self Monitoring and Reporting Technology (SMART) Daemon...
[[0;32m  OK  [0m] Started D-Bus System Message Bus.
         Starting Network Manager...
[[0;32m  OK  [0m] Started Machine Check Exception Logging Daemon.
         Starting Login Service...
[[0;32m  OK  [0m] Reached target sshd-keygen.target.
         Starting Authorization Manager...
         Starting NTP client/server...
[[0;32m  OK  [0m] Started irqbalance daemon.
[[0;32m  OK  [0m] Started Self Monitoring and Reporting Technology (SMART) Daemon.
[[0;32m  OK  [0m] Started Auto-connect to subsystems â€¦FC-NVME devices found during boot.
         Starting update of the root trust aâ€¦or DNSSEC validation in unbound...
[[0;32m  OK  [0m] Started Network Manager.
         Starting Network Manager Wait Online...
[[0;32m  OK  [0m] Reached target Network.
         Starting OpenSSH server daemon...
         Starting GSSAPI Proxy Daemon...
         Starting Dynamic System Tuning Daemon...
[[0;32m  OK  [0m] Started Login Service.
         Starting Hostname Service...
[[0;32m  OK  [0m] Started GSSAPI Proxy Daemon.
[[0;32m  OK  [0m] Started OpenSSH server daemon.
[[0;32m  OK  [0m] Started update of the root trust anâ€¦ for DNSSEC validation in unbound.
[[0;32m  OK  [0m] Reached target NFS client services.
[[0;32m  OK  [0m] Reached target Remote File Systems (Pre).
[[0;32m  OK  [0m] Reached target Remote File Systems.
         Starting Permit User Sessions...
[[0;32m  OK  [0m] Started NTP client/server.
[[0;32m  OK  [0m] Started Authorization Manager.
[[0;32m  OK  [0m] Started Permit User Sessions.
         Starting Hold until boot process finishes up...
         Starting Terminate Plymouth Boot Screen...
[[0;32m  OK  [0m] Started Command Scheduler.
[    7.020501] e1000: eth0 NIC Link is Up 1000 Mbps Full Duplex, Flow Control: RX
[    7.021303] IPv6: ADDRCONF(NETDEV_CHANGE): eth0: link becomes ready
[    7.265601] Spectre V2 : WARNING: Unprivileged eBPF is enabled with eIBRS on, data leaks possible via Spectre v2 BHB attacks!
[    7.266259] Spectre V2 : WARNING: Unprivileged eBPF is enabled with eIBRS on, data leaks possible via Spectre v2 BHB attacks!

CentOS Stream 8
Kernel 6.3.0-11f325a5fafe+ on an x86_64

test login: [   24.529950] memfd_create() without MFD_EXEC nor MFD_NOEXEC_SEAL, pid=328 'systemd'
[   28.341051] cgroup: Unknown subsys name 'net'
[   28.347055] cgroup: Unknown subsys name 'rlimit'
[   34.545017] tpm tpm0: Operation Canceled
[   34.545521] ------------[ cut here ]------------
[   34.545762] WARNING: CPU: 1 PID: 4023 at kernel/kthread.c:75 kthread_stop+0x353/0x360
[   34.546220] Modules linked in:
[   34.546402] CPU: 1 PID: 4023 Comm: repro Not tainted 6.3.0-11f325a5fafe+ #1
[   34.546790] Hardware name: QEMU Standard PC (i440FX + PIIX, 1996), BIOS rel-1.14.0-0-g155821a1990b-prebuilt.qemu.org 04/01/2014
[   34.547396] RIP: 0010:kthread_stop+0x353/0x360
[   34.547648] Code: 00 4c 89 ef e8 be e2 c0 00 e9 1f fe ff ff e8 d4 f4 16 00 be 02 00 00 00 4c 89 ef e8 a7 e2 c0 00 e9 5c fd ff ff e8 bd f4 16 00 <0f> 0b e9 73 fd ff ff 66 0f 1f 44 00 00 90 90 90 90 90 90 90 90 90
[   34.548658] RSP: 0018:ffffc900017dfda8 EFLAGS: 00010246
[   34.548945] RAX: 0000000000000000 RBX: ffff88800dbe8000 RCX: ffffffff81167544
[   34.549327] RDX: 0000000000000000 RSI: ffff88800fed0000 RDI: 0000000000000002
[   34.549712] RBP: ffffc900017dfdc8 R08: 0000000000000001 R09: 0000000000000001
[   34.550145] R10: 0000000000000001 R11: 0000000000000000 R12: 0000000000000000
[   34.550529] R13: ffff88800dbe8028 R14: ffff88800fde1ae0 R15: ffff888007095220
[   34.550916] FS:  00007f408133b800(0000) GS:ffff88807dd00000(0000) knlGS:0000000000000000
[   34.551349] CS:  0010 DS: 0000 ES: 0000 CR0: 0000000080050033
[   34.551664] CR2: 00007fe385413a58 CR3: 000000000751a002 CR4: 0000000000770ee0
[   34.552053] DR0: 0000000000000000 DR1: 0000000000000000 DR2: 0000000000000000
[   34.552449] DR3: 0000000000000000 DR6: 00000000ffff07f0 DR7: 0000000000000400
[   34.552826] PKRU: 55555554
[   34.552979] Call Trace:
[   34.553120]  <TASK>
[   34.553249]  hwrng_unregister+0x182/0x210
[   34.553484]  tpm_chip_unregister+0x1cc/0x1f0
[   34.553727]  ? __pfx_vtpm_proxy_fops_release+0x10/0x10
[   34.554023]  vtpm_proxy_fops_release+0x8f/0xa0
[   34.554281]  __fput+0x11f/0x450
[   34.554482]  ____fput+0x1e/0x30
[   34.554673]  task_work_run+0xb6/0x120
[   34.554889]  exit_to_user_mode_prepare+0x200/0x210
[   34.555161]  syscall_exit_to_user_mode+0x2d/0x60
[   34.555437]  do_syscall_64+0x4a/0x90
[   34.555641]  entry_SYSCALL_64_after_hwframe+0x72/0xdc
[   34.555929] RIP: 0033:0x7f408154be37
[   34.556136] Code: 12 b8 03 00 00 00 0f 05 48 3d 00 f0 ff ff 77 3b c3 66 90 53 89 fb 48 83 ec 10 e8 d4 fb ff ff 89 c2 89 df b8 03 00 00 00 0f 05 <48> 3d 00 f0 ff ff 77 2b 89 d7 89 44 24 0c e8 16 fc ff ff 8b 44 24
[   34.557097] RSP: 002b:00007ffcff4ba900 EFLAGS: 00000293 ORIG_RAX: 0000000000000003
[   34.557494] RAX: 0000000000000000 RBX: 0000000000000004 RCX: 00007f408154be37
[   34.557870] RDX: 0000000000000000 RSI: 0000000000000080 RDI: 0000000000000004
[   34.558246] RBP: 00007ffcff4ba930 R08: 0000000000000000 R09: 0000000000000032
[   34.558623] R10: 00007ffcff4ba900 R11: 0000000000000293 R12: 0000000000402400
[   34.559001] R13: 00007ffcff4baac0 R14: 0000000000000000 R15: 0000000000000000
[   34.559388]  </TASK>
[   34.559516] irq event stamp: 1855
[   34.559699] hardirqs last  enabled at (1863): [<ffffffff811e3d71>] __up_console_sem+0x91/0xb0
[   34.560158] hardirqs last disabled at (1870): [<ffffffff811e3d56>] __up_console_sem+0x76/0xb0
[   34.560621] softirqs last  enabled at (1564): [<ffffffff82fc41b9>] __do_softirq+0x2d9/0x3c3
[   34.561069] softirqs last disabled at (1545): [<ffffffff81126884>] irq_exit_rcu+0xc4/0x100
[   34.561505] ---[ end trace 0000000000000000 ]---
[   34.561762] BUG: kernel NULL pointer dereference, address: 0000000000000000
[   34.562126] #PF: supervisor write access in kernel mode
[   34.562408] #PF: error_code(0x0002) - not-present page
[   34.562682] PGD 1818a067 P4D 1818a067 PUD 1805f067 PMD 0 
[   34.562980] Oops: 0002 [#1] PREEMPT SMP NOPTI
[   34.563216] CPU: 1 PID: 4023 Comm: repro Tainted: G        W          6.3.0-11f325a5fafe+ #1
[   34.563662] Hardware name: QEMU Standard PC (i440FX + PIIX, 1996), BIOS rel-1.14.0-0-g155821a1990b-prebuilt.qemu.org 04/01/2014
[   34.564257] RIP: 0010:kthread_stop+0xd9/0x360
[   34.564498] Code: 44 8b 63 2c 31 ff 41 81 e4 00 00 20 00 44 89 e6 e8 2c f9 16 00 45 85 e4 0f 84 81 02 00 00 e8 3e f7 16 00 4c 8b a3 40 0a 00 00 <f0> 41 80 0c 24 02 48 89 df e8 f9 f1 ff ff f0 80 4b 02 02 48 89 df
[   34.565452] RSP: 0018:ffffc900017dfda8 EFLAGS: 00010246
[   34.565732] RAX: 0000000000000000 RBX: ffff88800dbe8000 RCX: ffffffff81167544
[   34.566109] RDX: 0000000000000000 RSI: ffff88800fed0000 RDI: 0000000000000002
[   34.566483] RBP: ffffc900017dfdc8 R08: 0000000000000001 R09: 0000000000000001
[   34.566857] R10: 0000000000000001 R11: 0000000000000000 R12: 0000000000000000
[   34.567231] R13: ffff88800dbe8028 R14: ffff88800fde1ae0 R15: ffff888007095220
[   34.567606] FS:  00007f408133b800(0000) GS:ffff88807dd00000(0000) knlGS:0000000000000000
[   34.568028] CS:  0010 DS: 0000 ES: 0000 CR0: 0000000080050033
[   34.568334] CR2: 0000000000000000 CR3: 000000000751a002 CR4: 0000000000770ee0
[   34.568709] DR0: 0000000000000000 DR1: 0000000000000000 DR2: 0000000000000000
[   34.569083] DR3: 0000000000000000 DR6: 00000000ffff07f0 DR7: 0000000000000400
[   34.569455] PKRU: 55555554
[   34.569605] Call Trace:
[   34.569742]  <TASK>
[   34.569864]  hwrng_unregister+0x182/0x210
[   34.570090]  tpm_chip_unregister+0x1cc/0x1f0
[   34.570329]  ? __pfx_vtpm_proxy_fops_release+0x10/0x10
[   34.570611]  vtpm_proxy_fops_release+0x8f/0xa0
[   34.570859]  __fput+0x11f/0x450
[   34.571049]  ____fput+0x1e/0x30
[   34.571235]  task_work_run+0xb6/0x120
[   34.571444]  exit_to_user_mode_prepare+0x200/0x210
[   34.571705]  syscall_exit_to_user_mode+0x2d/0x60
[   34.571961]  do_syscall_64+0x4a/0x90
[   34.572161]  entry_SYSCALL_64_after_hwframe+0x72/0xdc
[   34.572441] RIP: 0033:0x7f408154be37
[   34.572638] Code: 12 b8 03 00 00 00 0f 05 48 3d 00 f0 ff ff 77 3b c3 66 90 53 89 fb 48 83 ec 10 e8 d4 fb ff ff 89 c2 89 df b8 03 00 00 00 0f 05 <48> 3d 00 f0 ff ff 77 2b 89 d7 89 44 24 0c e8 16 fc ff ff 8b 44 24
[   34.573590] RSP: 002b:00007ffcff4ba900 EFLAGS: 00000293 ORIG_RAX: 0000000000000003
[   34.573986] RAX: 0000000000000000 RBX: 0000000000000004 RCX: 00007f408154be37
[   34.574363] RDX: 0000000000000000 RSI: 0000000000000080 RDI: 0000000000000004
[   34.574735] RBP: 00007ffcff4ba930 R08: 0000000000000000 R09: 0000000000000032
[   34.575109] R10: 00007ffcff4ba900 R11: 0000000000000293 R12: 0000000000402400
[   34.575482] R13: 00007ffcff4baac0 R14: 0000000000000000 R15: 0000000000000000
[   34.575862]  </TASK>
[   34.575987] Modules linked in:
[   34.576160] CR2: 0000000000000000
[   34.576342] ---[ end trace 0000000000000000 ]---
[   34.576588] RIP: 0010:kthread_stop+0xd9/0x360
[   34.576829] Code: 44 8b 63 2c 31 ff 41 81 e4 00 00 20 00 44 89 e6 e8 2c f9 16 00 45 85 e4 0f 84 81 02 00 00 e8 3e f7 16 00 4c 8b a3 40 0a 00 00 <f0> 41 80 0c 24 02 48 89 df e8 f9 f1 ff ff f0 80 4b 02 02 48 89 df
[   34.577776] RSP: 0018:ffffc900017dfda8 EFLAGS: 00010246
[   34.578058] RAX: 0000000000000000 RBX: ffff88800dbe8000 RCX: ffffffff81167544
[   34.578432] RDX: 0000000000000000 RSI: ffff88800fed0000 RDI: 0000000000000002
[   34.578804] RBP: ffffc900017dfdc8 R08: 0000000000000001 R09: 0000000000000001
[   34.579177] R10: 0000000000000001 R11: 0000000000000000 R12: 0000000000000000
[   34.579548] R13: ffff88800dbe8028 R14: ffff88800fde1ae0 R15: ffff888007095220
[   34.579922] FS:  00007f408133b800(0000) GS:ffff88807dd00000(0000) knlGS:0000000000000000
[   34.580343] CS:  0010 DS: 0000 ES: 0000 CR0: 0000000080050033
[   34.580648] CR2: 0000000000000000 CR3: 000000000751a002 CR4: 0000000000770ee0
[   34.581022] DR0: 0000000000000000 DR1: 0000000000000000 DR2: 0000000000000000
[   34.581395] DR3: 0000000000000000 DR6: 00000000ffff07f0 DR7: 0000000000000400
[   34.581768] PKRU: 55555554
[   34.581918] note: repro[4023] exited with irqs disabled
[   34.656322] tpm tpm1: Operation Canceled
[   34.658136] ------------[ cut here ]------------
[   34.658414] WARNING: CPU: 0 PID: 4085 at kernel/kthread.c:75 kthread_stop+0x353/0x360
[   34.658833] Modules linked in:
[   34.659013] CPU: 0 PID: 4085 Comm: repro Tainted: G      D W          6.3.0-11f325a5fafe+ #1
[   34.659452] Hardware name: QEMU Standard PC (i440FX + PIIX, 1996), BIOS rel-1.14.0-0-g155821a1990b-prebuilt.qemu.org 04/01/2014
[   34.660031] RIP: 0010:kthread_stop+0x353/0x360
[   34.660276] Code: 00 4c 89 ef e8 be e2 c0 00 e9 1f fe ff ff e8 d4 f4 16 00 be 02 00 00 00 4c 89 ef e8 a7 e2 c0 00 e9 5c fd ff ff e8 bd f4 16 00 <0f> 0b e9 73 fd ff ff 66 0f 1f 44 00 00 90 90 90 90 90 90 90 90 90
[   34.661228] RSP: 0018:ffffc900017c7da8 EFLAGS: 00010246
[   34.661507] RAX: 0000000000000000 RBX: ffff88800dbe8000 RCX: ffffffff81167544
[   34.661878] RDX: 0000000000000000 RSI: ffff88800dac0000 RDI: 0000000000000002
[   34.662257] RBP: ffffc900017c7dc8 R08: 0000000000000000 R09: 0000000000000000
[   34.662625] R10: ffffc900017c7dc8 R11: 0000000000000000 R12: 0000000000000000
[   34.662942] tpm tpm2: Operation Canceled
[   34.662992] R13: ffff88800dbe8028 R14: ffff88800fde4ae0 R15: ffff888007095220
[   34.663586] FS:  00007f408133b800(0000) GS:ffff88807dc00000(0000) knlGS:0000000000000000
[   34.663627] ------------[ cut here ]------------
[   34.664000] CS:  0010 DS: 0000 ES: 0000 CR0: 0000000080050033
[   34.664257] WARNING: CPU: 1 PID: 4093 at kernel/kthread.c:75 kthread_stop+0x353/0x360
[   34.664560] CR2: 00005624309e7458 CR3: 000000000bce4003 CR4: 0000000000770ef0
[   34.664983] Modules linked in:
[   34.665348] DR0: 0000000000000000 DR1: 0000000000000000 DR2: 0000000000000000
[   34.665523] CPU: 1 PID: 4093 Comm: repro Tainted: G      D W          6.3.0-11f325a5fafe+ #1
[   34.665883] DR3: 0000000000000000 DR6: 00000000ffff07f0 DR7: 0000000000000400
[   34.666337] Hardware name: QEMU Standard PC (i440FX + PIIX, 1996), BIOS rel-1.14.0-0-g155821a1990b-prebuilt.qemu.org 04/01/2014
[   34.666698] PKRU: 55555554
[   34.667302] RIP: 0010:kthread_stop+0x353/0x360
[   34.667447] Call Trace:
[   34.667451]  <TASK>
[   34.667691] Code: 00 4c 89 ef e8 be e2 c0 00 e9 1f fe ff ff e8 d4 f4 16 00 be 02 00 00 00 4c 89 ef e8 a7 e2 c0 00 e9 5c fd ff ff e8 bd f4 16 00 <0f> 0b e9 73 fd ff ff 66 0f 1f 44 00 00 90 90 90 90 90 90 90 90 90
[   34.667829]  hwrng_unregister+0x182/0x210
[   34.667949] RSP: 0018:ffffc9000180fda8 EFLAGS: 00010246
[   34.668876]  tpm_chip_unregister+0x1cc/0x1f0
[   34.669099] 
[   34.669101] RAX: 0000000000000000 RBX: ffff88800dbe8000 RCX: ffffffff81167544
[   34.669367]  ? __pfx_vtpm_proxy_fops_release+0x10/0x10
[   34.669600] RDX: 0000000000000000 RSI: ffff88800fe4a340 RDI: 0000000000000002
[   34.669689]  vtpm_proxy_fops_release+0x8f/0xa0
[   34.670073] RBP: ffffc9000180fdc8 R08: 0000000000000000 R09: 0000000000000000
[   34.670336]  __fput+0x11f/0x450
[   34.670716] R10: ffffc9000180fdc8 R11: 0000000000000000 R12: 0000000000000000
[   34.670950]  ____fput+0x1e/0x30
[   34.671324] R13: ffff88800dbe8028 R14: ffff88800fe9bae0 R15: ffff888007095220
[   34.671493]  task_work_run+0xb6/0x120
[   34.671875] FS:  00007f408133b800(0000) GS:ffff88807dd00000(0000) knlGS:0000000000000000
[   34.672045]  exit_to_user_mode_prepare+0x200/0x210
[   34.672432] CS:  0010 DS: 0000 ES: 0000 CR0: 0000000080050033
[   34.672624]  syscall_exit_to_user_mode+0x2d/0x60
[   34.673053] CR2: 00007f408154f3b8 CR3: 000000000ecbc003 CR4: 0000000000770ee0
[   34.673301]  do_syscall_64+0x4a/0x90
[   34.673611] DR0: 0000000000000000 DR1: 0000000000000000 DR2: 0000000000000000
[   34.673851]  entry_SYSCALL_64_after_hwframe+0x72/0xdc
[   34.674229] DR3: 0000000000000000 DR6: 00000000ffff07f0 DR7: 0000000000000400
[   34.674411] RIP: 0033:0x7f408154be37
[   34.674771] PKRU: 55555554
[   34.675018] Code: 12 b8 03 00 00 00 0f 05 48 3d 00 f0 ff ff 77 3b c3 66 90 53 89 fb 48 83 ec 10 e8 d4 fb ff ff 89 c2 89 df b8 03 00 00 00 0f 05 <48> 3d 00 f0 ff ff 77 2b 89 d7 89 44 24 0c e8 16 fc ff ff 8b 44 24
[   34.675377] Call Trace:
[   34.675380]  <TASK>
[   34.675555] RSP: 002b:00007ffcff4ba900 EFLAGS: 00000293
[   34.675702]  hwrng_unregister+0x182/0x210
[   34.676576]  ORIG_RAX: 0000000000000003
[   34.676709]  tpm_chip_unregister+0x1cc/0x1f0
[   34.676820] RAX: 0000000000000000 RBX: 0000000000000004 RCX: 00007f408154be37
[   34.677084]  ? __pfx_vtpm_proxy_fops_release+0x10/0x10
[   34.677281] RDX: 0000000000000000 RSI: 0000000000000080 RDI: 0000000000000004
[   34.677484]  vtpm_proxy_fops_release+0x8f/0xa0
[   34.677709] RBP: 00007ffcff4ba930 R08: 0000000000000000 R09: 0000000000000032
[   34.678138]  __fput+0x11f/0x450
[   34.678402] R10: 00007ffcff4ba900 R11: 0000000000000293 R12: 0000000000402400
[   34.678787]  ____fput+0x1e/0x30
[   34.679004] R13: 00007ffcff4baac0 R14: 0000000000000000 R15: 0000000000000000
[   34.679365]  task_work_run+0xb6/0x120
[   34.679528]  </TASK>
[   34.679887]  exit_to_user_mode_prepare+0x200/0x210
[   34.680045] irq event stamp: 0
[   34.680410]  syscall_exit_to_user_mode+0x2d/0x60
[   34.680592] hardirqs last  enabled at (0): [<0000000000000000>] 0x0
[   34.680714]  do_syscall_64+0x4a/0x90
[   34.680949] hardirqs last disabled at (0): [<ffffffff81113b14>] copy_process+0x1294/0x2c60
[   34.681113]  entry_SYSCALL_64_after_hwframe+0x72/0xdc
[   34.681342] softirqs last  enabled at (0): [<ffffffff81113b18>] copy_process+0x1298/0x2c60
[   34.681667] RIP: 0033:0x7f408154be37
[   34.681856] softirqs last disabled at (0): [<0000000000000000>] 0x0
[   34.682290] Code: 12 b8 03 00 00 00 0f 05 48 3d 00 f0 ff ff 77 3b c3 66 90 53 89 fb 48 83 ec 10 e8 d4 fb ff ff 89 c2 89 df b8 03 00 00 00 0f 05 <48> 3d 00 f0 ff ff 77 2b 89 d7 89 44 24 0c e8 16 fc ff ff 8b 44 24
[   34.682537] ---[ end trace 0000000000000000 ]---
[   34.682948] RSP: 002b:00007ffcff4ba900 EFLAGS: 00000293
[   34.683131] BUG: kernel NULL pointer dereference, address: 0000000000000000
[   34.683445]  ORIG_RAX: 0000000000000003
[   34.684321] #PF: supervisor write access in kernel mode
[   34.684327] #PF: error_code(0x0002) - not-present page
[   34.684562] RAX: 0000000000000000 RBX: 0000000000000004 RCX: 00007f408154be37
[   34.684816] PGD ff8e067 
[   34.685167] RDX: 0000000000000000 RSI: 0000000000000080 RDI: 0000000000000004
[   34.685358] P4D ff8e067 
[   34.685636] RBP: 00007ffcff4ba930 R08: 0000000000000000 R09: 0000000000000032
[   34.685896] PUD 18168067 
[   34.686274] R10: 00007ffcff4ba900 R11: 0000000000000293 R12: 0000000000402400
[   34.686404] PMD 0 
[   34.686761] R13: 00007ffcff4baac0 R14: 0000000000000000 R15: 0000000000000000
[   34.686890] 
[   34.686892] Oops: 0002 [#2] PREEMPT SMP NOPTI
[   34.687253]  </TASK>
[   34.687381] CPU: 0 PID: 4085 Comm: repro Tainted: G      D W          6.3.0-11f325a5fafe+ #1
[   34.687740] irq event stamp: 0
[   34.687846] Hardware name: QEMU Standard PC (i440FX + PIIX, 1996), BIOS rel-1.14.0-0-g155821a1990b-prebuilt.qemu.org 04/01/2014
[   34.688205] hardirqs last  enabled at (0): [<0000000000000000>] 0x0
[   34.688288] RIP: 0010:kthread_stop+0xd9/0x360
[   34.688527] hardirqs last disabled at (0): [<ffffffff81113b14>] copy_process+0x1294/0x2c60
[   34.688642] Code: 44 8b 63 2c 31 ff 41 81 e4 00 00 20 00 44 89 e6 e8 2c f9 16 00 45 85 e4 0f 84 81 02 00 00 e8 3e f7 16 00 4c 8b a3 40 0a 00 00 <f0> 41 80 0c 24 02 48 89 df e8 f9 f1 ff ff f0 80 4b 02 02 48 89 df
[   34.689095] softirqs last  enabled at (0): [<ffffffff81113b18>] copy_process+0x1298/0x2c60
[   34.689264] RSP: 0018:ffffc900017c7da8 EFLAGS: 00010246
[   34.689872] softirqs last disabled at (0): [<0000000000000000>] 0x0
[   34.690199] 
[   34.690202] RAX: 0000000000000000 RBX: ffff88800dbe8000 RCX: ffffffff81167544
[   34.690442] ---[ end trace 0000000000000000 ]---
[   34.690848] RDX: 0000000000000000 RSI: ffff88800dac0000 RDI: 0000000000000002
[   34.693835] RBP: ffffc900017c7dc8 R08: 0000000000000000 R09: 0000000000000000
[   34.694208] R10: ffffc900017c7dc8 R11: 0000000000000000 R12: 0000000000000000
[   34.694556] R13: ffff88800dbe8028 R14: ffff88800fde4ae0 R15: ffff888007095220
[   34.694903] FS:  00007f408133b800(0000) GS:ffff88807dc00000(0000) knlGS:0000000000000000
[   34.695295] CS:  0010 DS: 0000 ES: 0000 CR0: 0000000080050033
[   34.695581] CR2: 0000000000000000 CR3: 000000000bce4003 CR4: 0000000000770ef0
[   34.695935] DR0: 0000000000000000 DR1: 0000000000000000 DR2: 0000000000000000
[   34.696282] DR3: 0000000000000000 DR6: 00000000ffff07f0 DR7: 0000000000000400
[   34.696628] PKRU: 55555554
[   34.696767] Call Trace:
[   34.696894]  <TASK>
[   34.697008]  hwrng_unregister+0x182/0x210
[   34.697221]  tpm_chip_unregister+0x1cc/0x1f0
[   34.697444]  ? __pfx_vtpm_proxy_fops_release+0x10/0x10
[   34.697720]  vtpm_proxy_fops_release+0x8f/0xa0
[   34.697963]  __fput+0x11f/0x450
[   34.698158]  ____fput+0x1e/0x30
[   34.698338]  task_work_run+0xb6/0x120
[   34.698534]  exit_to_user_mode_prepare+0x200/0x210
[   34.698779]  syscall_exit_to_user_mode+0x2d/0x60
[   34.699017]  do_syscall_64+0x4a/0x90
[   34.699204]  entry_SYSCALL_64_after_hwframe+0x72/0xdc
[   34.699466] RIP: 0033:0x7f408154be37
[   34.699650] Code: 12 b8 03 00 00 00 0f 05 48 3d 00 f0 ff ff 77 3b c3 66 90 53 89 fb 48 83 ec 10 e8 d4 fb ff ff 89 c2 89 df b8 03 00 00 00 0f 05 <48> 3d 00 f0 ff ff 77 2b 89 d7 89 44 24 0c e8 16 fc ff ff 8b 44 24
[   34.700531] RSP: 002b:00007ffcff4ba900 EFLAGS: 00000293 ORIG_RAX: 0000000000000003
[   34.700902] RAX: 0000000000000000 RBX: 0000000000000004 RCX: 00007f408154be37
[   34.701248] RDX: 0000000000000000 RSI: 0000000000000080 RDI: 0000000000000004
[   34.701601] RBP: 00007ffcff4ba930 R08: 0000000000000000 R09: 0000000000000032
[   34.701965] R10: 00007ffcff4ba900 R11: 0000000000000293 R12: 0000000000402400
[   34.702328] R13: 00007ffcff4baac0 R14: 0000000000000000 R15: 0000000000000000
[   34.702680]  </TASK>
[   34.702796] Modules linked in:
[   34.702957] CR2: 0000000000000000
[   34.703131] ---[ end trace 0000000000000000 ]---
[   34.703306] BUG: kernel NULL pointer dereference, address: 0000000000000000
[   34.703360] RIP: 0010:kthread_stop+0xd9/0x360
[   34.703724] #PF: supervisor write access in kernel mode
[   34.703938] Code: 44 8b 63 2c 31 ff 41 81 e4 00 00 20 00 44 89 e6 e8 2c f9 16 00 45 85 e4 0f 84 81 02 00 00 e8 3e f7 16 00 4c 8b a3 40 0a 00 00 <f0> 41 80 0c 24 02 48 89 df e8 f9 f1 ff ff f0 80 4b 02 02 48 89 df
[   34.704201] #PF: error_code(0x0002) - not-present page
[   34.705071] RSP: 0018:ffffc900017dfda8 EFLAGS: 00010246
[   34.705329] PGD 18303067 P4D 18303067 PUD 182d7067 
[   34.705587] RAX: 0000000000000000 RBX: ffff88800dbe8000 RCX: ffffffff81167544
[   34.705853] PMD 0 
[   34.706215] RDX: 0000000000000000 RSI: ffff88800fed0000 RDI: 0000000000000002
[   34.706330] Oops: 0002 [#3] PREEMPT SMP NOPTI
[   34.706669] RBP: ffffc900017dfdc8 R08: 0000000000000001 R09: 0000000000000001
[   34.706890] CPU: 1 PID: 4093 Comm: repro Tainted: G      D W          6.3.0-11f325a5fafe+ #1
[   34.707228] R10: 0000000000000001 R11: 0000000000000000 R12: 0000000000000000
[   34.707638] Hardware name: QEMU Standard PC (i440FX + PIIX, 1996), BIOS rel-1.14.0-0-g155821a1990b-prebuilt.qemu.org 04/01/2014
[   34.707977] R13: ffff88800dbe8028 R14: ffff88800fde1ae0 R15: ffff888007095220
[   34.708529] RIP: 0010:kthread_stop+0xd9/0x360
[   34.708868] FS:  00007f408133b800(0000) GS:ffff88807dc00000(0000) knlGS:0000000000000000
[   34.709087] Code: 44 8b 63 2c 31 ff 41 81 e4 00 00 20 00 44 89 e6 e8 2c f9 16 00 45 85 e4 0f 84 81 02 00 00 e8 3e f7 16 00 4c 8b a3 40 0a 00 00 <f0> 41 80 0c 24 02 48 89 df e8 f9 f1 ff ff f0 80 4b 02 02 48 89 df
[   34.709468] CS:  0010 DS: 0000 ES: 0000 CR0: 0000000080050033
[   34.710398] RSP: 0018:ffffc9000180fda8 EFLAGS: 00010246
[   34.710675] CR2: 0000000000000000 CR3: 000000000bce4003 CR4: 0000000000770ef0
[   34.710935] RAX: 0000000000000000 RBX: ffff88800dbe8000 RCX: ffffffff81167544
[   34.711275] DR0: 0000000000000000 DR1: 0000000000000000 DR2: 0000000000000000
[   34.711623] RDX: 0000000000000000 RSI: ffff88800fe4a340 RDI: 0000000000000002
[   34.711963] DR3: 0000000000000000 DR6: 00000000ffff07f0 DR7: 0000000000000400
[   34.712312] RBP: ffffc9000180fdc8 R08: 0000000000000000 R09: 0000000000000000
[   34.712652] PKRU: 55555554
[   34.713001] R10: ffffc9000180fdc8 R11: 0000000000000000 R12: 0000000000000000
[   34.713138] note: repro[4085] exited with irqs disabled
[   34.713486] R13: ffff88800dbe8028 R14: ffff88800fe9bae0 R15: ffff888007095220
[   34.714121] FS:  00007f408133b800(0000) GS:ffff88807dd00000(0000) knlGS:0000000000000000
[   34.714544] CS:  0010 DS: 0000 ES: 0000 CR0: 0000000080050033
[   34.714850] CR2: 0000000000000000 CR3: 000000000ecbc003 CR4: 0000000000770ee0
[   34.715227] DR0: 0000000000000000 DR1: 0000000000000000 DR2: 0000000000000000
[   34.715604] DR3: 0000000000000000 DR6: 00000000ffff07f0 DR7: 0000000000000400
[   34.715979] PKRU: 55555554
[   34.716129] Call Trace:
[   34.716266]  <TASK>
[   34.716389]  hwrng_unregister+0x182/0x210
[   34.716613]  tpm_chip_unregister+0x1cc/0x1f0
[   34.716853]  ? __pfx_vtpm_proxy_fops_release+0x10/0x10
[   34.717137]  vtpm_proxy_fops_release+0x8f/0xa0
[   34.717385]  __fput+0x11f/0x450
[   34.717573]  ____fput+0x1e/0x30
[   34.717760]  task_work_run+0xb6/0x120
[   34.717970]  exit_to_user_mode_prepare+0x200/0x210
[   34.718239]  syscall_exit_to_user_mode+0x2d/0x60
[   34.718498]  do_syscall_64+0x4a/0x90
[   34.718698]  entry_SYSCALL_64_after_hwframe+0x72/0xdc
[   34.718981] RIP: 0033:0x7f408154be37
[   34.719183] Code: 12 b8 03 00 00 00 0f 05 48 3d 00 f0 ff ff 77 3b c3 66 90 53 89 fb 48 83 ec 10 e8 d4 fb ff ff 89 c2 89 df b8 03 00 00 00 0f 05 <48> 3d 00 f0 ff ff 77 2b 89 d7 89 44 24 0c e8 16 fc ff ff 8b 44 24
[   34.720130] RSP: 002b:00007ffcff4ba900 EFLAGS: 00000293 ORIG_RAX: 0000000000000003
[   34.720528] RAX: 0000000000000000 RBX: 0000000000000004 RCX: 00007f408154be37
[   34.720902] RDX: 0000000000000000 RSI: 0000000000000080 RDI: 0000000000000004
[   34.721276] RBP: 00007ffcff4ba930 R08: 0000000000000000 R09: 0000000000000032
[   34.721650] R10: 00007ffcff4ba900 R11: 0000000000000293 R12: 0000000000402400
[   34.722025] R13: 00007ffcff4baac0 R14: 0000000000000000 R15: 0000000000000000
[   34.722410]  </TASK>
[   34.722536] Modules linked in:
[   34.722708] CR2: 0000000000000000
[   34.722890] ---[ end trace 0000000000000000 ]---
[   34.723135] RIP: 0010:kthread_stop+0xd9/0x360
[   34.723374] Code: 44 8b 63 2c 31 ff 41 81 e4 00 00 20 00 44 89 e6 e8 2c f9 16 00 45 85 e4 0f 84 81 02 00 00 e8 3e f7 16 00 4c 8b a3 40 0a 00 00 <f0> 41 80 0c 24 02 48 89 df e8 f9 f1 ff ff f0 80 4b 02 02 48 89 df
[   34.724327] RSP: 0018:ffffc900017dfda8 EFLAGS: 00010246
[   34.724607] RAX: 0000000000000000 RBX: ffff88800dbe8000 RCX: ffffffff81167544
[   34.724984] RDX: 0000000000000000 RSI: ffff88800fed0000 RDI: 0000000000000002
[   34.725358] RBP: ffffc900017dfdc8 R08: 0000000000000001 R09: 0000000000000001
[   34.725732] R10: 0000000000000001 R11: 0000000000000000 R12: 0000000000000000
[   34.726108] R13: ffff88800dbe8028 R14: ffff88800fde1ae0 R15: ffff888007095220
[   34.726483] FS:  00007f408133b800(0000) GS:ffff88807dd00000(0000) knlGS:0000000000000000
[   34.726906] CS:  0010 DS: 0000 ES: 0000 CR0: 0000000080050033
[   34.727211] CR2: 0000000000000000 CR3: 000000000ecbc003 CR4: 0000000000770ee0
[   34.727587] DR0: 0000000000000000 DR1: 0000000000000000 DR2: 0000000000000000
[   34.727961] DR3: 0000000000000000 DR6: 00000000ffff07f0 DR7: 0000000000000400
[   34.728335] PKRU: 55555554
[   34.728486] note: repro[4093] exited with irqs disabled
[   34.737887] tpm tpm3: Operation Canceled
[   34.738291] ------------[ cut here ]------------
[   34.738545] WARNING: CPU: 1 PID: 4096 at kernel/kthread.c:75 kthread_stop+0x353/0x360
[   34.738977] Modules linked in:
[   34.739155] CPU: 1 PID: 4096 Comm: repro Tainted: G      D W          6.3.0-11f325a5fafe+ #1
[   34.739612] Hardware name: QEMU Standard PC (i440FX + PIIX, 1996), BIOS rel-1.14.0-0-g155821a1990b-prebuilt.qemu.org 04/01/2014
[   34.740210] RIP: 0010:kthread_stop+0x353/0x360
[   34.740380] tpm tpm4: Operation Canceled
[   34.740479] Code: 00 4c 89 ef e8 be e2 c0 00 e9 1f fe ff ff e8 d4 f4 16 00 be 02 00 00 00 4c 89 ef e8 a7 e2 c0 00 e9 5c fd ff ff e8 bd f4 16 00 <0f> 0b e9 73 fd ff ff 66 0f 1f 44 00 00 90 90 90 90 90 90 90 90 90
[   34.741664] RSP: 0018:ffffc9000181fda8 EFLAGS: 00010246
[   34.741953] RAX: 0000000000000000 RBX: ffff88800dbe8000 RCX: ffffffff81167544
[   34.742382] RDX: 0000000000000000 RSI: ffff88800fedc680 RDI: 0000000000000002
[   34.742767] RBP: ffffc9000181fdc8 R08: 0000000000000000 R09: 0000000000000000
[   34.743155] R10: ffffc9000181fdc8 R11: 0000000000000000 R12: 0000000000000000
[   34.743540] R13: ffff88800dbe8028 R14: ffff88800fe9eae0 R15: ffff888007095220
[   34.744181] FS:  00007f408133b800(0000) GS:ffff88807dd00000(0000) knlGS:0000000000000000
[   34.744635] CS:  0010 DS: 0000 ES: 0000 CR0: 0000000080050033
[   34.744945] CR2: 000055d9a1e81000 CR3: 000000000ea38003 CR4: 0000000000770ee0
[   34.745328] DR0: 0000000000000000 DR1: 0000000000000000 DR2: 0000000000000000
[   34.745704] DR3: 0000000000000000 DR6: 00000000ffff07f0 DR7: 0000000000000400
[   34.746089] PKRU: 55555554
[   34.746242] Call Trace:
[   34.746384]  <TASK>
[   34.746508]  hwrng_unregister+0x182/0x210
[   34.746736]  tpm_chip_unregister+0x1cc/0x1f0
[   34.746977]  ? __pfx_vtpm_proxy_fops_release+0x10/0x10
[   34.747261]  vtpm_proxy_fops_release+0x8f/0xa0
[   34.747515]  __fput+0x11f/0x450
[   34.747708]  ____fput+0x1e/0x30
[   34.747902]  task_work_run+0xb6/0x120
[   34.748113]  exit_to_user_mode_prepare+0x200/0x210
[   34.748392]  syscall_exit_to_user_mode+0x2d/0x60
[   34.748650]  do_syscall_64+0x4a/0x90
[   34.748854]  entry_SYSCALL_64_after_hwframe+0x72/0xdc
[   34.749138] RIP: 0033:0x7f408154be37
[   34.749337] Code: 12 b8 03 00 00 00 0f 05 48 3d 00 f0 ff ff 77 3b c3 66 90 53 89 fb 48 83 ec 10 e8 d4 fb ff ff 89 c2 89 df b8 03 00 00 00 0f 05 <48> 3d 00 f0 ff ff 77 2b 89 d7 89 44 24 0c e8 16 fc ff ff 8b 44 24
[   34.750295] RSP: 002b:00007ffcff4ba900 EFLAGS: 00000293 ORIG_RAX: 0000000000000003
[   34.750697] RAX: 0000000000000000 RBX: 0000000000000004 RCX: 00007f408154be37
[   34.751072] RDX: 0000000000000000 RSI: 0000000000000080 RDI: 0000000000000004
[   34.751449] RBP: 00007ffcff4ba930 R08: 0000000000000000 R09: 0000000000000032
[   34.751824] R10: 00007ffcff4ba900 R11: 0000000000000293 R12: 0000000000402400
[   34.752197] R13: 00007ffcff4baac0 R14: 0000000000000000 R15: 0000000000000000
[   34.752586]  </TASK>
[   34.752717] irq event stamp: 0
[   34.752889] hardirqs last  enabled at (0): [<0000000000000000>] 0x0
[   34.753223] hardirqs last disabled at (0): [<ffffffff81113b14>] copy_process+0x1294/0x2c60
[   34.753665] softirqs last  enabled at (0): [<ffffffff81113b18>] copy_process+0x1298/0x2c60
[   34.754111] softirqs last disabled at (0): [<0000000000000000>] 0x0
[   34.754441] ---[ end trace 0000000000000000 ]---
[   34.754693] BUG: kernel NULL pointer dereference, address: 0000000000000000
[   34.755055] #PF: supervisor write access in kernel mode
[   34.755334] #PF: error_code(0x0002) - not-present page
[   34.755608] PGD fe65067 P4D fe65067 PUD 1812e067 PMD 0 
[   34.755898] Oops: 0002 [#4] PREEMPT SMP NOPTI
[   34.756146] CPU: 1 PID: 4096 Comm: repro Tainted: G      D W          6.3.0-11f325a5fafe+ #1
[   34.756589] Hardware name: QEMU Standard PC (i440FX + PIIX, 1996), BIOS rel-1.14.0-0-g155821a1990b-prebuilt.qemu.org 04/01/2014
[   34.757174] RIP: 0010:kthread_stop+0xd9/0x360
[   34.757415] Code: 44 8b 63 2c 31 ff 41 81 e4 00 00 20 00 44 89 e6 e8 2c f9 16 00 45 85 e4 0f 84 81 02 00 00 e8 3e f7 16 00 4c 8b a3 40 0a 00 00 <f0> 41 80 0c 24 02 48 89 df e8 f9 f1 ff ff f0 80 4b 02 02 48 89 df
[   34.758361] RSP: 0018:ffffc9000181fda8 EFLAGS: 00010246
[   34.758639] RAX: 0000000000000000 RBX: ffff88800dbe8000 RCX: ffffffff81167544
[   34.759013] RDX: 0000000000000000 RSI: ffff88800fedc680 RDI: 0000000000000002
[   34.759385] RBP: ffffc9000181fdc8 R08: 0000000000000000 R09: 0000000000000000
[   34.759756] R10: ffffc9000181fdc8 R11: 0000000000000000 R12: 0000000000000000
[   34.760128] R13: ffff88800dbe8028 R14: ffff88800fe9eae0 R15: ffff888007095220
[   34.760501] FS:  00007f408133b800(0000) GS:ffff88807dd00000(0000) knlGS:0000000000000000
[   34.760921] CS:  0010 DS: 0000 ES: 0000 CR0: 0000000080050033
[   34.761225] CR2: 0000000000000000 CR3: 000000000ea38003 CR4: 0000000000770ee0
[   34.761600] DR0: 0000000000000000 DR1: 0000000000000000 DR2: 0000000000000000
[   34.761972] DR3: 0000000000000000 DR6: 00000000ffff07f0 DR7: 0000000000000400
[   34.762348] PKRU: 55555554
[   34.762497] Call Trace:
[   34.762634]  <TASK>
[   34.762756]  hwrng_unregister+0x182/0x210
[   34.762979]  tpm_chip_unregister+0x1cc/0x1f0
[   34.763219]  ? __pfx_vtpm_proxy_fops_release+0x10/0x10
[   34.763499]  vtpm_proxy_fops_release+0x8f/0xa0
[   34.763754]  __fput+0x11f/0x450
[   34.763942]  ____fput+0x1e/0x30
[   34.764131]  task_work_run+0xb6/0x120
[   34.764336]  exit_to_user_mode_prepare+0x200/0x210
[   34.764597]  syscall_exit_to_user_mode+0x2d/0x60
[   34.764853]  do_syscall_64+0x4a/0x90
[   34.765053]  entry_SYSCALL_64_after_hwframe+0x72/0xdc
[   34.765336] RIP: 0033:0x7f408154be37
[   34.765532] Code: 12 b8 03 00 00 00 0f 05 48 3d 00 f0 ff ff 77 3b c3 66 90 53 89 fb 48 83 ec 10 e8 d4 fb ff ff 89 c2 89 df b8 03 00 00 00 0f 05 <48> 3d 00 f0 ff ff 77 2b 89 d7 89 44 24 0c e8 16 fc ff ff 8b 44 24
[   34.766483] RSP: 002b:00007ffcff4ba900 EFLAGS: 00000293 ORIG_RAX: 0000000000000003
[   34.766880] RAX: 0000000000000000 RBX: 0000000000000004 RCX: 00007f408154be37
[   34.767251] RDX: 0000000000000000 RSI: 0000000000000080 RDI: 0000000000000004
[   34.767622] RBP: 00007ffcff4ba930 R08: 0000000000000000 R09: 0000000000000032
[   34.767994] R10: 00007ffcff4ba900 R11: 0000000000000293 R12: 0000000000402400
[   34.768368] R13: 00007ffcff4baac0 R14: 0000000000000000 R15: 0000000000000000
[   34.768743]  </TASK>
[   34.768868] Modules linked in:
[   34.769038] CR2: 0000000000000000
[   34.769220] ---[ end trace 0000000000000000 ]---
[   34.769465] RIP: 0010:kthread_stop+0xd9/0x360
[   34.769707] Code: 44 8b 63 2c 31 ff 41 81 e4 00 00 20 00 44 89 e6 e8 2c f9 16 00 45 85 e4 0f 84 81 02 00 00 e8 3e f7 16 00 4c 8b a3 40 0a 00 00 <f0> 41 80 0c 24 02 48 89 df e8 f9 f1 ff ff f0 80 4b 02 02 48 89 df
[   34.770655] RSP: 0018:ffffc900017dfda8 EFLAGS: 00010246
[   34.770934] RAX: 0000000000000000 RBX: ffff88800dbe8000 RCX: ffffffff81167544
[   34.771307] RDX: 0000000000000000 RSI: ffff88800fed0000 RDI: 0000000000000002
[   34.771679] RBP: ffffc900017dfdc8 R08: 0000000000000001 R09: 0000000000000001
[   34.772051] R10: 0000000000000001 R11: 0000000000000000 R12: 0000000000000000
[   34.772421] R13: ffff88800dbe8028 R14: ffff88800fde1ae0 R15: ffff888007095220
[   34.772795] FS:  00007f408133b800(0000) GS:ffff88807dd00000(0000) knlGS:0000000000000000
[   34.773214] CS:  0010 DS: 0000 ES: 0000 CR0: 0000000080050033
[   34.773518] CR2: 0000000000000000 CR3: 000000000ea38003 CR4: 0000000000770ee0
[   34.773893] DR0: 0000000000000000 DR1: 0000000000000000 DR2: 0000000000000000
[   34.774309] DR3: 0000000000000000 DR6: 00000000ffff07f0 DR7: 0000000000000400
[   34.774682] PKRU: 55555554
[   34.774831] note: repro[4096] exited with irqs disabled
[   34.778641] ------------[ cut here ]------------
[   34.778901] WARNING: CPU: 0 PID: 4100 at kernel/kthread.c:75 kthread_stop+0x353/0x360
[   34.779315] Modules linked in:
[   34.779486] CPU: 0 PID: 4100 Comm: repro Tainted: G      D W          6.3.0-11f325a5fafe+ #1
[   34.779929] Hardware name: QEMU Standard PC (i440FX + PIIX, 1996), BIOS rel-1.14.0-0-g155821a1990b-prebuilt.qemu.org 04/01/2014
[   34.780529] RIP: 0010:kthread_stop+0x353/0x360
[   34.780776] Code: 00 4c 89 ef e8 be e2 c0 00 e9 1f fe ff ff e8 d4 f4 16 00 be 02 00 00 00 4c 89 ef e8 a7 e2 c0 00 e9 5c fd ff ff e8 bd f4 16 00 <0f> 0b e9 73 fd ff ff 66 0f 1f 44 00 00 90 90 90 90 90 90 90 90 90
[   34.781708] RSP: 0018:ffffc9000182fda8 EFLAGS: 00010246
[   34.781983] RAX: 0000000000000000 RBX: ffff88800dbe8000 RCX: ffffffff81167544
[   34.782360] RDX: 0000000000000000 RSI: ffff88800fe48000 RDI: 0000000000000002
[   34.782732] RBP: ffffc9000182fdc8 R08: 0000000000000000 R09: 0000000000000000
[   34.783099] R10: ffffc9000182fdc8 R11: 0000000000000000 R12: 0000000000000000
[   34.783468] R13: ffff88800dbe8028 R14: ffff88800fe2aae0 R15: ffff888007095220
[   34.783835] FS:  00007f408133b800(0000) GS:ffff88807dc00000(0000) knlGS:0000000000000000
[   34.784250] CS:  0010 DS: 0000 ES: 0000 CR0: 0000000080050033
[   34.784559] CR2: 00005624309e7458 CR3: 000000000efba002 CR4: 0000000000770ef0
[   34.784928] DR0: 0000000000000000 DR1: 0000000000000000 DR2: 0000000000000000
[   34.785293] DR3: 0000000000000000 DR6: 00000000ffff07f0 DR7: 0000000000000400
[   34.785660] PKRU: 55555554
[   34.785813] Call Trace:
[   34.785949]  <TASK>
[   34.786080]  hwrng_unregister+0x182/0x210
[   34.786300]  tpm_chip_unregister+0x1cc/0x1f0
[   34.786535]  ? __pfx_vtpm_proxy_fops_release+0x10/0x10
[   34.786815]  vtpm_proxy_fops_release+0x8f/0xa0
[   34.787066]  __fput+0x11f/0x450
[   34.787257]  ____fput+0x1e/0x30
[   34.787445]  task_work_run+0xb6/0x120
[   34.787653]  exit_to_user_mode_prepare+0x200/0x210
[   34.787913]  syscall_exit_to_user_mode+0x2d/0x60
[   34.788163]  do_syscall_64+0x4a/0x90
[   34.788372]  entry_SYSCALL_64_after_hwframe+0x72/0xdc
[   34.788652] RIP: 0033:0x7f408154be37
[   34.788849] Code: 12 b8 03 00 00 00 0f 05 48 3d 00 f0 ff ff 77 3b c3 66 90 53 89 fb 48 83 ec 10 e8 d4 fb ff ff 89 c2 89 df b8 03 00 00 00 0f 05 <48> 3d 00 f0 ff ff 77 2b 89 d7 89 44 24 0c e8 16 fc ff ff 8b 44 24
[   34.789778] RSP: 002b:00007ffcff4ba900 EFLAGS: 00000293 ORIG_RAX: 0000000000000003
[   34.790176] RAX: 0000000000000000 RBX: 0000000000000004 RCX: 00007f408154be37
[   34.790542] RDX: 0000000000000000 RSI: 0000000000000080 RDI: 0000000000000004
[   34.790908] RBP: 00007ffcff4ba930 R08: 0000000000000000 R09: 0000000000000032
[   34.791276] R10: 00007ffcff4ba900 R11: 0000000000000293 R12: 0000000000402400
[   34.791642] R13: 00007ffcff4baac0 R14: 0000000000000000 R15: 0000000000000000
[   34.792014]  </TASK>
[   34.792140] irq event stamp: 0
[   34.792314] hardirqs last  enabled at (0): [<0000000000000000>] 0x0
[   34.792641] hardirqs last disabled at (0): [<ffffffff81113b14>] copy_process+0x1294/0x2c60
[   34.793075] softirqs last  enabled at (0): [<ffffffff81113b18>] copy_process+0x1298/0x2c60
[   34.793509] softirqs last disabled at (0): [<0000000000000000>] 0x0
[   34.793836] ---[ end trace 0000000000000000 ]---
[   34.794088] BUG: kernel NULL pointer dereference, address: 0000000000000000
[   34.794442] #PF: supervisor write access in kernel mode
[   34.794716] #PF: error_code(0x0002) - not-present page
[   34.794985] PGD 182a3067 P4D 182a3067 PUD 182db067 PMD 0 
[   34.795280] Oops: 0002 [#5] PREEMPT SMP NOPTI
[   34.795516] CPU: 0 PID: 4100 Comm: repro Tainted: G      D W          6.3.0-11f325a5fafe+ #1
[   34.795952] Hardware name: QEMU Standard PC (i440FX + PIIX, 1996), BIOS rel-1.14.0-0-g155821a1990b-prebuilt.qemu.org 04/01/2014
[   34.796529] RIP: 0010:kthread_stop+0xd9/0x360
[   34.796764] Code: 44 8b 63 2c 31 ff 41 81 e4 00 00 20 00 44 89 e6 e8 2c f9 16 00 45 85 e4 0f 84 81 02 00 00 e8 3e f7 16 00 4c 8b a3 40 0a 00 00 <f0> 41 80 0c 24 02 48 89 df e8 f9 f1 ff ff f0 80 4b 02 02 48 89 df
[   34.797691] RSP: 0018:ffffc9000182fda8 EFLAGS: 00010246
[   34.797968] RAX: 0000000000000000 RBX: ffff88800dbe8000 RCX: ffffffff81167544
[   34.798339] RDX: 0000000000000000 RSI: ffff88800fe48000 RDI: 0000000000000002
[   34.798703] RBP: ffffc9000182fdc8 R08: 0000000000000000 R09: 0000000000000000
[   34.799067] R10: ffffc9000182fdc8 R11: 0000000000000000 R12: 0000000000000000
[   34.799433] R13: ffff88800dbe8028 R14: ffff88800fe2aae0 R15: ffff888007095220
[   34.799798] FS:  00007f408133b800(0000) GS:ffff88807dc00000(0000) knlGS:0000000000000000
[   34.800209] CS:  0010 DS: 0000 ES: 0000 CR0: 0000000080050033
[   34.800507] CR2: 0000000000000000 CR3: 000000000efba002 CR4: 0000000000770ef0
[   34.800873] DR0: 0000000000000000 DR1: 0000000000000000 DR2: 0000000000000000
[   34.801236] DR3: 0000000000000000 DR6: 00000000ffff07f0 DR7: 0000000000000400
[   34.801600] PKRU: 55555554
[   34.801747] Call Trace:
[   34.801881]  <TASK>
[   34.802001]  hwrng_unregister+0x182/0x210
[   34.802222]  tpm_chip_unregister+0x1cc/0x1f0
[   34.802455]  ? __pfx_vtpm_proxy_fops_release+0x10/0x10
[   34.802734]  vtpm_proxy_fops_release+0x8f/0xa0
[   34.802981]  __fput+0x11f/0x450
[   34.803168]  ____fput+0x1e/0x30
[   34.803353]  task_work_run+0xb6/0x120
[   34.803557]  exit_to_user_mode_prepare+0x200/0x210
[   34.803815]  syscall_exit_to_user_mode+0x2d/0x60
[   34.804065]  do_syscall_64+0x4a/0x90
[   34.804262]  entry_SYSCALL_64_after_hwframe+0x72/0xdc
[   34.804537] RIP: 0033:0x7f408154be37
[   34.804731] Code: 12 b8 03 00 00 00 0f 05 48 3d 00 f0 ff ff 77 3b c3 66 90 53 89 fb 48 83 ec 10 e8 d4 fb ff ff 89 c2 89 df b8 03 00 00 00 0f 05 <48> 3d 00 f0 ff ff 77 2b 89 d7 89 44 24 0c e8 16 fc ff ff 8b 44 24
[   34.805659] RSP: 002b:00007ffcff4ba900 EFLAGS: 00000293 ORIG_RAX: 0000000000000003
[   34.806061] RAX: 0000000000000000 RBX: 0000000000000004 RCX: 00007f408154be37
[   34.806429] RDX: 0000000000000000 RSI: 0000000000000080 RDI: 0000000000000004
[   34.806793] RBP: 00007ffcff4ba930 R08: 0000000000000000 R09: 0000000000000032
[   34.807158] R10: 00007ffcff4ba900 R11: 0000000000000293 R12: 0000000000402400
[   34.807528] R13: 00007ffcff4baac0 R14: 0000000000000000 R15: 0000000000000000
[   34.807900]  </TASK>
[   34.808023] Modules linked in:
[   34.808190] CR2: 0000000000000000
[   34.808370] ---[ end trace 0000000000000000 ]---
[   34.808611] RIP: 0010:kthread_stop+0xd9/0x360
[   34.808850] Code: 44 8b 63 2c 31 ff 41 81 e4 00 00 20 00 44 89 e6 e8 2c f9 16 00 45 85 e4 0f 84 81 02 00 00 e8 3e f7 16 00 4c 8b a3 40 0a 00 00 <f0> 41 80 0c 24 02 48 89 df e8 f9 f1 ff ff f0 80 4b 02 02 48 89 df
[   34.809775] RSP: 0018:ffffc900017dfda8 EFLAGS: 00010246
[   34.810054] RAX: 0000000000000000 RBX: ffff88800dbe8000 RCX: ffffffff81167544
[   34.810425] RDX: 0000000000000000 RSI: ffff88800fed0000 RDI: 0000000000000002
[   34.810794] RBP: ffffc900017dfdc8 R08: 0000000000000001 R09: 0000000000000001
[   34.811160] R10: 0000000000000001 R11: 0000000000000000 R12: 0000000000000000
[   34.811525] R13: ffff88800dbe8028 R14: ffff88800fde1ae0 R15: ffff888007095220
[   34.811892] FS:  00007f408133b800(0000) GS:ffff88807dc00000(0000) knlGS:0000000000000000
[   34.812308] CS:  0010 DS: 0000 ES: 0000 CR0: 0000000080050033
[   34.812612] CR2: 0000000000000000 CR3: 000000000efba002 CR4: 0000000000770ef0
[   34.812980] DR0: 0000000000000000 DR1: 0000000000000000 DR2: 0000000000000000
[   34.813346] DR3: 0000000000000000 DR6: 00000000ffff07f0 DR7: 0000000000000400
[   34.813712] PKRU: 55555554
[   34.813861] note: repro[4100] exited with irqs disabled
[   34.829078] tpm tpm5: Operation Canceled
[   34.829510] ------------[ cut here ]------------
[   34.829765] WARNING: CPU: 1 PID: 4131 at kernel/kthread.c:75 kthread_stop+0x353/0x360
[   34.830216] Modules linked in:
[   34.830397] CPU: 1 PID: 4131 Comm: repro Tainted: G      D W          6.3.0-11f325a5fafe+ #1
[   34.830840] Hardware name: QEMU Standard PC (i440FX + PIIX, 1996), BIOS rel-1.14.0-0-g155821a1990b-prebuilt.qemu.org 04/01/2014
[   34.831783] RIP: 0010:kthread_stop+0x353/0x360
[   34.832050] Code: 00 4c 89 ef e8 be e2 c0 00 e9 1f fe ff ff e8 d4 f4 16 00 be 02 00 00 00 4c 89 ef e8 a7 e2 c0 00 e9 5c fd ff ff e8 bd f4 16 00 <0f> 0b e9 73 fd ff ff 66 0f 1f 44 00 00 90 90 90 90 90 90 90 90 90
[   34.833457] RSP: 0018:ffffc90001837da8 EFLAGS: 00010246
[   34.833778] RAX: 0000000000000000 RBX: ffff88800dbe8000 RCX: ffffffff81167544
[   34.834187] RDX: 0000000000000000 RSI: ffff88800feaa340 RDI: 0000000000000002
[   34.834639] RBP: ffffc90001837dc8 R08: 0000000000000000 R09: 0000000000000000
[   34.835025] R10: ffffc90001837dc8 R11: 0000000000000000 R12: 0000000000000000
[   34.835540] R13: ffff88800dbe8028 R14: ffff88800fe98ae0 R15: ffff888007095220
[   34.835921] FS:  00007f408133b800(0000) GS:ffff88807dd00000(0000) knlGS:0000000000000000
[   34.836363] CS:  0010 DS: 0000 ES: 0000 CR0: 0000000080050033
[   34.836736] CR2: 00007ff54a800260 CR3: 000000000ea4c005 CR4: 0000000000770ee0
[   34.837127] DR0: 0000000000000000 DR1: 0000000000000000 DR2: 0000000000000000
[   34.837510] DR3: 0000000000000000 DR6: 00000000ffff07f0 DR7: 0000000000000400
[   34.837990] PKRU: 55555554
[   34.838202] Call Trace:
[   34.838345]  <TASK>
[   34.838478]  hwrng_unregister+0x182/0x210
[   34.838802]  tpm_chip_unregister+0x1cc/0x1f0
[   34.839049]  ? __pfx_vtpm_proxy_fops_release+0x10/0x10
[   34.839345]  vtpm_proxy_fops_release+0x8f/0xa0
[   34.839612]  __fput+0x11f/0x450
[   34.839869]  ____fput+0x1e/0x30
[   34.840064]  task_work_run+0xb6/0x120
[   34.840277]  exit_to_user_mode_prepare+0x200/0x210
[   34.840555]  syscall_exit_to_user_mode+0x2d/0x60
[   34.840821]  do_syscall_64+0x4a/0x90
[   34.841031]  entry_SYSCALL_64_after_hwframe+0x72/0xdc
[   34.841324] RIP: 0033:0x7f408154be37
[   34.841537] Code: 12 b8 03 00 00 00 0f 05 48 3d 00 f0 ff ff 77 3b c3 66 90 53 89 fb 48 83 ec 10 e8 d4 fb ff ff 89 c2 89 df b8 03 00 00 00 0f 05 <48> 3d 00 f0 ff ff 77 2b 89 d7 89 44 24 0c e8 16 fc ff ff 8b 44 24
[   34.842681] RSP: 002b:00007ffcff4ba900 EFLAGS: 00000293 ORIG_RAX: 0000000000000003
[   34.843087] RAX: 0000000000000000 RBX: 0000000000000004 RCX: 00007f408154be37
[   34.843476] RDX: 0000000000000000 RSI: 0000000000000080 RDI: 0000000000000004
[   34.843858] RBP: 00007ffcff4ba930 R08: 0000000000000000 R09: 0000000000000032
[   34.844300] R10: 00007ffcff4ba900 R11: 0000000000000293 R12: 0000000000402400
[   34.844707] R13: 00007ffcff4baac0 R14: 0000000000000000 R15: 0000000000000000
[   34.845120]  </TASK>
[   34.845251] irq event stamp: 0
[   34.845421] hardirqs last  enabled at (0): [<0000000000000000>] 0x0
[   34.845789] hardirqs last disabled at (0): [<ffffffff81113b14>] copy_process+0x1294/0x2c60
[   34.846231] softirqs last  enabled at (0): [<ffffffff81113b18>] copy_process+0x1298/0x2c60
[   34.846671] softirqs last disabled at (0): [<0000000000000000>] 0x0
[   34.847049] ---[ end trace 0000000000000000 ]---
[   34.847300] BUG: kernel NULL pointer dereference, address: 0000000000000000
[   34.847698] #PF: supervisor write access in kernel mode
[   34.848015] #PF: error_code(0x0002) - not-present page
[   34.848289] PGD 1817b067 P4D 1817b067 PUD 18017067 PMD 0 
[   34.848621] Oops: 0002 [#6] PREEMPT SMP NOPTI
[   34.848860] CPU: 1 PID: 4131 Comm: repro Tainted: G      D W          6.3.0-11f325a5fafe+ #1
[   34.849344] Hardware name: QEMU Standard PC (i440FX + PIIX, 1996), BIOS rel-1.14.0-0-g155821a1990b-prebuilt.qemu.org 04/01/2014
[   34.850005] RIP: 0010:kthread_stop+0xd9/0x360
[   34.850250] Code: 44 8b 63 2c 31 ff 41 81 e4 00 00 20 00 44 89 e6 e8 2c f9 16 00 45 85 e4 0f 84 81 02 00 00 e8 3e f7 16 00 4c 8b a3 40 0a 00 00 <f0> 41 80 0c 24 02 48 89 df e8 f9 f1 ff ff f0 80 4b 02 02 48 89 df
[   34.851380] RSP: 0018:ffffc90001837da8 EFLAGS: 00010246
[   34.851739] RAX: 0000000000000000 RBX: ffff88800dbe8000 RCX: ffffffff81167544
[   34.852118] RDX: 0000000000000000 RSI: ffff88800feaa340 RDI: 0000000000000002
[   34.852579] RBP: ffffc90001837dc8 R08: 0000000000000000 R09: 0000000000000000
[   34.852967] tpm tpm6: Operation Canceled
[   34.852977] R10: ffffc90001837dc8 R11: 0000000000000000 R12: 0000000000000000
[   34.852984] R13: ffff88800dbe8028 R14: ffff88800fe98ae0 R15: ffff888007095220
[   34.852992] FS:  00007f408133b800(0000) GS:ffff88807dd00000(0000) knlGS:0000000000000000
[   34.853001] CS:  0010 DS: 0000 ES: 0000 CR0: 0000000080050033
[   34.853009] CR2: 0000000000000000 CR3: 000000000ea4c005 CR4: 0000000000770ee0
[   34.853017] DR0: 0000000000000000 DR1: 0000000000000000 DR2: 0000000000000000
[   34.855521] DR3: 0000000000000000 DR6: 00000000ffff07f0 DR7: 0000000000000400
[   34.855923] PKRU: 55555554
[   34.856073] Call Trace:
[   34.856209]  <TASK>
[   34.856331]  hwrng_unregister+0x182/0x210
[   34.856553]  tpm_chip_unregister+0x1cc/0x1f0
[   34.856792]  ? __pfx_vtpm_proxy_fops_release+0x10/0x10
[   34.857074]  vtpm_proxy_fops_release+0x8f/0xa0
[   34.857324]  __fput+0x11f/0x450
[   34.857515]  ____fput+0x1e/0x30
[   34.857702]  task_work_run+0xb6/0x120
[   34.857911]  exit_to_user_mode_prepare+0x200/0x210
[   34.858176]  syscall_exit_to_user_mode+0x2d/0x60
[   34.858431]  do_syscall_64+0x4a/0x90
[   34.858630]  entry_SYSCALL_64_after_hwframe+0x72/0xdc
[   34.858910] RIP: 0033:0x7f408154be37
[   34.859107] Code: 12 b8 03 00 00 00 0f 05 48 3d 00 f0 ff ff 77 3b c3 66 90 53 89 fb 48 83 ec 10 e8 d4 fb ff ff 89 c2 89 df b8 03 00 00 00 0f 05 <48> 3d 00 f0 ff ff 77 2b 89 d7 89 44 24 0c e8 16 fc ff ff 8b 44 24
[   34.860056] RSP: 002b:00007ffcff4ba900 EFLAGS: 00000293 ORIG_RAX: 0000000000000003
[   34.860452] RAX: 0000000000000000 RBX: 0000000000000004 RCX: 00007f408154be37
[   34.860826] RDX: 0000000000000000 RSI: 0000000000000080 RDI: 0000000000000004
[   34.861201] RBP: 00007ffcff4ba930 R08: 0000000000000000 R09: 0000000000000032
[   34.861573] R10: 00007ffcff4ba900 R11: 0000000000000293 R12: 0000000000402400
[   34.861947] R13: 00007ffcff4baac0 R14: 0000000000000000 R15: 0000000000000000
[   34.862330]  </TASK>
[   34.862456] Modules linked in:
[   34.862628] CR2: 0000000000000000
[   34.862810] ---[ end trace 0000000000000000 ]---
[   34.863056] RIP: 0010:kthread_stop+0xd9/0x360
[   34.863297] Code: 44 8b 63 2c 31 ff 41 81 e4 00 00 20 00 44 89 e6 e8 2c f9 16 00 45 85 e4 0f 84 81 02 00 00 e8 3e f7 16 00 4c 8b a3 40 0a 00 00 <f0> 41 80 0c 24 02 48 89 df e8 f9 f1 ff ff f0 80 4b 02 02 48 89 df
[   34.864245] RSP: 0018:ffffc900017dfda8 EFLAGS: 00010246
[   34.864525] RAX: 0000000000000000 RBX: ffff88800dbe8000 RCX: ffffffff81167544
[   34.864900] RDX: 0000000000000000 RSI: ffff88800fed0000 RDI: 0000000000000002
[   34.865275] RBP: ffffc900017dfdc8 R08: 0000000000000001 R09: 0000000000000001
[   34.865647] R10: 0000000000000001 R11: 0000000000000000 R12: 0000000000000000
[   34.866019] R13: ffff88800dbe8028 R14: ffff88800fde1ae0 R15: ffff888007095220
[   34.866397] FS:  00007f408133b800(0000) GS:ffff88807dd00000(0000) knlGS:0000000000000000
[   34.866819] CS:  0010 DS: 0000 ES: 0000 CR0: 0000000080050033
[   34.867123] CR2: 0000000000000000 CR3: 000000000ea4c005 CR4: 0000000000770ee0
[   34.867498] DR0: 0000000000000000 DR1: 0000000000000000 DR2: 0000000000000000
[   34.867872] DR3: 0000000000000000 DR6: 00000000ffff07f0 DR7: 0000000000000400
[   34.868245] PKRU: 55555554
[   34.868396] note: repro[4131] exited with irqs disabled
[   34.869904] ------------[ cut here ]------------
[   34.870164] WARNING: CPU: 0 PID: 4135 at kernel/kthread.c:75 kthread_stop+0x353/0x360
[   34.870576] Modules linked in:
[   34.870747] CPU: 0 PID: 4135 Comm: repro Tainted: G      D W          6.3.0-11f325a5fafe+ #1
[   34.871180] Hardware name: QEMU Standard PC (i440FX + PIIX, 1996), BIOS rel-1.14.0-0-g155821a1990b-prebuilt.qemu.org 04/01/2014
[   34.871757] RIP: 0010:kthread_stop+0x353/0x360
[   34.872005] Code: 00 4c 89 ef e8 be e2 c0 00 e9 1f fe ff ff e8 d4 f4 16 00 be 02 00 00 00 4c 89 ef e8 a7 e2 c0 00 e9 5c fd ff ff e8 bd f4 16 00 <0f> 0b e9 73 fd ff ff 66 0f 1f 44 00 00 90 90 90 90 90 90 90 90 90
[   34.872958] RSP: 0018:ffffc90001847da8 EFLAGS: 00010246
[   34.873244] RAX: 0000000000000000 RBX: ffff88800dbe8000 RCX: ffffffff81167544
[   34.873610] RDX: 0000000000000000 RSI: ffff88800feec680 RDI: 0000000000000002
[   34.873974] RBP: ffffc90001847dc8 R08: 0000000000000000 R09: 0000000000000000
[   34.874392] R10: ffffc90001847dc8 R11: 0000000000000000 R12: 0000000000000000
[   34.874780] R13: ffff88800dbe8028 R14: ffff88800fe29ae0 R15: ffff888007095220
[   34.875146] FS:  00007f408133b800(0000) GS:ffff88807dc00000(0000) knlGS:0000000000000000
[   34.875559] CS:  0010 DS: 0000 ES: 0000 CR0: 0000000080050033
[   34.875860] CR2: 00005624309e2ee8 CR3: 000000000e9ee005 CR4: 0000000000770ef0
[   34.876228] DR0: 0000000000000000 DR1: 0000000000000000 DR2: 0000000000000000
[   34.876604] DR3: 0000000000000000 DR6: 00000000ffff07f0 DR7: 0000000000000400
[   34.876974] PKRU: 55555554
[   34.877124] Call Trace:
[   34.877261]  <TASK>
[   34.877385]  hwrng_unregister+0x182/0x210
[   34.877607]  tpm_chip_unregister+0x1cc/0x1f0
[   34.877844]  ? __pfx_vtpm_proxy_fops_release+0x10/0x10
[   34.878134]  vtpm_proxy_fops_release+0x8f/0xa0
[   34.878386]  __fput+0x11f/0x450
[   34.878576]  ____fput+0x1e/0x30
[   34.878763]  task_work_run+0xb6/0x120
[   34.878970]  exit_to_user_mode_prepare+0x200/0x210
[   34.879229]  syscall_exit_to_user_mode+0x2d/0x60
[   34.879480]  do_syscall_64+0x4a/0x90
[   34.879679]  entry_SYSCALL_64_after_hwframe+0x72/0xdc
[   34.879960] RIP: 0033:0x7f408154be37
[   34.880156] Code: 12 b8 03 00 00 00 0f 05 48 3d 00 f0 ff ff 77 3b c3 66 90 53 89 fb 48 83 ec 10 e8 d4 fb ff ff 89 c2 89 df b8 03 00 00 00 0f 05 <48> 3d 00 f0 ff ff 77 2b 89 d7 89 44 24 0c e8 16 fc ff ff 8b 44 24
[   34.881092] RSP: 002b:00007ffcff4ba900 EFLAGS: 00000293 ORIG_RAX: 0000000000000003
[   34.881481] RAX: 0000000000000000 RBX: 0000000000000004 RCX: 00007f408154be37
[   34.881777] tpm tpm7: Operation Canceled
[   34.881847] RDX: 0000000000000000 RSI: 0000000000000080 RDI: 0000000000000004
[   34.882439] RBP: 00007ffcff4ba930 R08: 0000000000000000 R09: 0000000000000032
[   34.882805] R10: 00007ffcff4ba900 R11: 0000000000000293 R12: 0000000000402400
[   34.883171] R13: 00007ffcff4baac0 R14: 0000000000000000 R15: 0000000000000000
[   34.883206] ------------[ cut here ]------------
[   34.883540]  </TASK>
[   34.883544] irq event stamp: 0
[   34.883547] hardirqs last  enabled at (0): [<0000000000000000>] 0x0
[   34.883803] WARNING: CPU: 1 PID: 4141 at kernel/kthread.c:75 kthread_stop+0x353/0x360
[   34.883925] hardirqs last disabled at (0): [<ffffffff81113b14>] copy_process+0x1294/0x2c60
[   34.884100] Modules linked in:
[   34.884426] softirqs last  enabled at (0): [<ffffffff81113b18>] copy_process+0x1298/0x2c60
[   34.884847] CPU: 1 PID: 4141 Comm: repro Tainted: G      D W          6.3.0-11f325a5fafe+ #1
[   34.885258] softirqs last disabled at (0): [<0000000000000000>] 0x0
[   34.885429] Hardware name: QEMU Standard PC (i440FX + PIIX, 1996), BIOS rel-1.14.0-0-g155821a1990b-prebuilt.qemu.org 04/01/2014
[   34.885843] ---[ end trace 0000000000000000 ]---
[   34.886290] RIP: 0010:kthread_stop+0x353/0x360
[   34.886610] BUG: kernel NULL pointer dereference, address: 0000000000000000
[   34.887205] Code: 00 4c 89 ef e8 be e2 c0 00 e9 1f fe ff ff e8 d4 f4 16 00 be 02 00 00 00 4c 89 ef e8 a7 e2 c0 00 e9 5c fd ff ff e8 bd f4 16 00 <0f> 0b e9 73 fd ff ff 66 0f 1f 44 00 00 90 90 90 90 90 90 90 90 90
[   34.887441] #PF: supervisor write access in kernel mode
[   34.887684] RSP: 0018:ffffc900017cfda8 EFLAGS: 00010246
[   34.888031] #PF: error_code(0x0002) - not-present page
[   34.888998] 
[   34.889258] PGD 18393067 
[   34.889537] RAX: 0000000000000000 RBX: ffff88800dbe8000 RCX: ffffffff81167544
[   34.889797] P4D 18393067 
[   34.889890] RDX: 0000000000000000 RSI: ffff88800fea8000 RDI: 0000000000000002
[   34.890033] PUD 18394067 
[   34.890408] RBP: ffffc900017cfdc8 R08: 0000000000000000 R09: 0000000000000000
[   34.890547] PMD 0 
[   34.890924] R10: ffffc900017cfdc8 R11: 0000000000000000 R12: 0000000000000000
[   34.891063] 
[   34.891065] Oops: 0002 [#7] PREEMPT SMP NOPTI
[   34.891442] R13: ffff88800dbe8028 R14: ffff88800fe9dae0 R15: ffff888007095220
[   34.891553] CPU: 0 PID: 4135 Comm: repro Tainted: G      D W          6.3.0-11f325a5fafe+ #1
[   34.891929] FS:  00007f408133b800(0000) GS:ffff88807dd00000(0000) knlGS:0000000000000000
[   34.892017] Hardware name: QEMU Standard PC (i440FX + PIIX, 1996), BIOS rel-1.14.0-0-g155821a1990b-prebuilt.qemu.org 04/01/2014
[   34.892254] CS:  0010 DS: 0000 ES: 0000 CR0: 0000000080050033
[   34.892611] RIP: 0010:kthread_stop+0xd9/0x360
[   34.893058] CR2: 00005624309e7458 CR3: 000000000bdb2006 CR4: 0000000000770ee0
[   34.893458] Code: 44 8b 63 2c 31 ff 41 81 e4 00 00 20 00 44 89 e6 e8 2c f9 16 00 45 85 e4 0f 84 81 02 00 00 e8 3e f7 16 00 4c 8b a3 40 0a 00 00 <f0> 41 80 0c 24 02 48 89 df e8 f9 f1 ff ff f0 80 4b 02 02 48 89 df
[   34.894059] DR0: 0000000000000000 DR1: 0000000000000000 DR2: 0000000000000000
[   34.894349] RSP: 0018:ffffc90001847da8 EFLAGS: 00010246
[   34.894588] DR3: 0000000000000000 DR6: 00000000ffff07f0 DR7: 0000000000000400
[   34.894946] 
[   34.894947] RAX: 0000000000000000 RBX: ffff88800dbe8000 RCX: ffffffff81167544
[   34.895909] PKRU: 55555554
[   34.896264] RDX: 0000000000000000 RSI: ffff88800feec680 RDI: 0000000000000002
[   34.896549] Call Trace:
[   34.896902] RBP: ffffc90001847dc8 R08: 0000000000000000 R09: 0000000000000000
[   34.897000]  <TASK>
[   34.897358] R10: ffffc90001847dc8 R11: 0000000000000000 R12: 0000000000000000
[   34.897512]  hwrng_unregister+0x182/0x210
[   34.897866] R13: ffff88800dbe8028 R14: ffff88800fe29ae0 R15: ffff888007095220
[   34.898009]  tpm_chip_unregister+0x1cc/0x1f0
[   34.898374] FS:  00007f408133b800(0000) GS:ffff88807dc00000(0000) knlGS:0000000000000000
[   34.898499]  ? __pfx_vtpm_proxy_fops_release+0x10/0x10
[   34.898859] CS:  0010 DS: 0000 ES: 0000 CR0: 0000000080050033
[   34.899077]  vtpm_proxy_fops_release+0x8f/0xa0
[   34.899436] CR2: 0000000000000000 CR3: 000000000e9ee005 CR4: 0000000000770ef0
[   34.899674]  __fput+0x11f/0x450
[   34.900082] DR0: 0000000000000000 DR1: 0000000000000000 DR2: 0000000000000000
[   34.900376]  ____fput+0x1e/0x30
[   34.900655] DR3: 0000000000000000 DR6: 00000000ffff07f0 DR7: 0000000000000400
[   34.900907]  task_work_run+0xb6/0x120
[   34.901272] PKRU: 55555554
[   34.901457]  exit_to_user_mode_prepare+0x200/0x210
[   34.901823] Call Trace:
[   34.902002]  syscall_exit_to_user_mode+0x2d/0x60
[   34.902372]  <TASK>
[   34.902577]  do_syscall_64+0x4a/0x90
[   34.902723]  hwrng_unregister+0x182/0x210
[   34.902982]  entry_SYSCALL_64_after_hwframe+0x72/0xdc
[   34.903114]  tpm_chip_unregister+0x1cc/0x1f0
[   34.903364] RIP: 0033:0x7f408154be37
[   34.903481]  ? __pfx_vtpm_proxy_fops_release+0x10/0x10
[   34.903679] Code: 12 b8 03 00 00 00 0f 05 48 3d 00 f0 ff ff 77 3b c3 66 90 53 89 fb 48 83 ec 10 e8 d4 fb ff ff 89 c2 89 df b8 03 00 00 00 0f 05 <48> 3d 00 f0 ff ff 77 2b 89 d7 89 44 24 0c e8 16 fc ff ff 8b 44 24
[   34.903883]  vtpm_proxy_fops_release+0x8f/0xa0
[   34.904155] RSP: 002b:00007ffcff4ba900 EFLAGS: 00000293
[   34.904376]  __fput+0x11f/0x450
[   34.904396]  ____fput+0x1e/0x30
[   34.904597]  ORIG_RAX: 0000000000000003
[   34.904860]  task_work_run+0xb6/0x120
[   34.905824] RAX: 0000000000000000 RBX: 0000000000000004 RCX: 00007f408154be37
[   34.906063]  exit_to_user_mode_prepare+0x200/0x210
[   34.906343] RDX: 0000000000000000 RSI: 0000000000000080 RDI: 0000000000000004
[   34.906511]  syscall_exit_to_user_mode+0x2d/0x60
[   34.906684] RBP: 00007ffcff4ba930 R08: 0000000000000000 R09: 0000000000000032
[   34.906883]  do_syscall_64+0x4a/0x90
[   34.907083] R10: 00007ffcff4ba900 R11: 0000000000000293 R12: 0000000000402400
[   34.907442]  entry_SYSCALL_64_after_hwframe+0x72/0xdc
[   34.907702] R13: 00007ffcff4baac0 R14: 0000000000000000 R15: 0000000000000000
[   34.908062] RIP: 0033:0x7f408154be37
[   34.908331]  </TASK>
[   34.908676] Code: 12 b8 03 00 00 00 0f 05 48 3d 00 f0 ff ff 77 3b c3 66 90 53 89 fb 48 83 ec 10 e8 d4 fb ff ff 89 c2 89 df b8 03 00 00 00 0f 05 <48> 3d 00 f0 ff ff 77 2b 89 d7 89 44 24 0c e8 16 fc ff ff 8b 44 24
[   34.908875] irq event stamp: 0
[   34.909234] RSP: 002b:00007ffcff4ba900 EFLAGS: 00000293
[   34.909508] hardirqs last  enabled at (0): [<0000000000000000>] 0x0
[   34.909867]  ORIG_RAX: 0000000000000003
[   34.910074] hardirqs last disabled at (0): [<ffffffff81113b14>] copy_process+0x1294/0x2c60
[   34.910195] RAX: 0000000000000000 RBX: 0000000000000004 RCX: 00007f408154be37
[   34.911162] softirqs last  enabled at (0): [<ffffffff81113b18>] copy_process+0x1298/0x2c60
[   34.911325] RDX: 0000000000000000 RSI: 0000000000000080 RDI: 0000000000000004
[   34.911607] softirqs last disabled at (0): [<0000000000000000>] 0x0
[   34.911922] RBP: 00007ffcff4ba930 R08: 0000000000000000 R09: 0000000000000032
[   34.912131] ---[ end trace 0000000000000000 ]---
[   34.912543] R10: 00007ffcff4ba900 R11: 0000000000000293 R12: 0000000000402400
[   34.912551] R13: 00007ffcff4baac0 R14: 0000000000000000 R15: 0000000000000000
[   34.915415]  </TASK>
[   34.915542] Modules linked in:
[   34.915714] CR2: 0000000000000000
[   34.915900] ---[ end trace 0000000000000000 ]---
[   34.915940] BUG: kernel NULL pointer dereference, address: 0000000000000000
[   34.916142] RIP: 0010:kthread_stop+0xd9/0x360
[   34.916512] #PF: supervisor write access in kernel mode
[   34.916740] Code: 44 8b 63 2c 31 ff 41 81 e4 00 00 20 00 44 89 e6 e8 2c f9 16 00 45 85 e4 0f 84 81 02 00 00 e8 3e f7 16 00 4c 8b a3 40 0a 00 00 <f0> 41 80 0c 24 02 48 89 df e8 f9 f1 ff ff f0 80 4b 02 02 48 89 df
[   34.917017] #PF: error_code(0x0002) - not-present page
[   34.917934] RSP: 0018:ffffc900017dfda8 EFLAGS: 00010246
[   34.918211] PGD 18157067 
[   34.918212] 
[   34.918215] P4D 18157067 
[   34.918480] RAX: 0000000000000000 RBX: ffff88800dbe8000 RCX: ffffffff81167544
[   34.918626] PUD ffea067 
[   34.918714] RDX: 0000000000000000 RSI: ffff88800fed0000 RDI: 0000000000000002
