c[?7l[2J[0mSeaBIOS (version rel-1.14.0-0-g155821a1990b-prebuilt.qemu.org)


iPXE (http://ipxe.org) 00:03.0 CA00 PCI2.10 PnP PMM+7FF8F030+7FEEF030 CA00
Press Ctrl-B to configure iPXE (PCI 00:03.0)...                                                                               


Booting from ROM...
c[?7l[2J[    0.000000] Linux version 6.3.0-3fb29a23fcda+ (root@p-mtlp02) (gcc (GCC) 8.5.0 20210514 (Red Hat 8.5.0-18), GNU ld version 2.36.1-2.el8) #1 SMP PREEMPT_DYNAMIC Tue Apr 25 16:09:04 CST 2023
[    0.000000] Command line: console=ttyS0 root=/dev/sda earlyprintk=serial net.ifnames=0
[    0.000000] KERNEL supported cpus:
[    0.000000]   Intel GenuineIntel
[    0.000000]   AMD AuthenticAMD
[    0.000000]   Hygon HygonGenuine
[    0.000000]   Centaur CentaurHauls
[    0.000000]   zhaoxin   Shanghai  
[    0.000000] x86/split lock detection: #DB: warning on user-space bus_locks
[    0.000000] x86/fpu: Supporting XSAVE feature 0x001: 'x87 floating point registers'
[    0.000000] x86/fpu: Supporting XSAVE feature 0x002: 'SSE registers'
[    0.000000] x86/fpu: Supporting XSAVE feature 0x004: 'AVX registers'
[    0.000000] x86/fpu: Supporting XSAVE feature 0x200: 'Protection Keys User registers'
[    0.000000] x86/fpu: xstate_offset[2]:  576, xstate_sizes[2]:  256
[    0.000000] x86/fpu: xstate_offset[9]:  832, xstate_sizes[9]:    8
[    0.000000] x86/fpu: Enabled xstate features 0x207, context size is 840 bytes, using 'compacted' format.
[    0.000000] signal: max sigframe size: 3632
[    0.000000] BIOS-provided physical RAM map:
[    0.000000] BIOS-e820: [mem 0x0000000000000000-0x000000000009fbff] usable
[    0.000000] BIOS-e820: [mem 0x000000000009fc00-0x000000000009ffff] reserved
[    0.000000] BIOS-e820: [mem 0x00000000000f0000-0x00000000000fffff] reserved
[    0.000000] BIOS-e820: [mem 0x0000000000100000-0x000000007ffdffff] usable
[    0.000000] BIOS-e820: [mem 0x000000007ffe0000-0x000000007fffffff] reserved
[    0.000000] BIOS-e820: [mem 0x00000000feffc000-0x00000000feffffff] reserved
[    0.000000] BIOS-e820: [mem 0x00000000fffc0000-0x00000000ffffffff] reserved
[    0.000000] printk: bootconsole [earlyser0] enabled
[    0.000000] NX (Execute Disable) protection: active
[    0.000000] SMBIOS 2.8 present.
[    0.000000] DMI: QEMU Standard PC (i440FX + PIIX, 1996), BIOS rel-1.14.0-0-g155821a1990b-prebuilt.qemu.org 04/01/2014
[    0.000000] Hypervisor detected: KVM
[    0.000000] kvm-clock: Using msrs 4b564d01 and 4b564d00
[    0.000007] kvm-clock: using sched offset of 587790530 cycles
[    0.000562] clocksource: kvm-clock: mask: 0xffffffffffffffff max_cycles: 0x1cd42e4dffb, max_idle_ns: 881590591483 ns
[    0.002244] tsc: Detected 3072.000 MHz processor
[    0.004000] last_pfn = 0x7ffe0 max_arch_pfn = 0x400000000
[    0.004000] x86/PAT: Configuration [0-7]: WB  WC  UC- UC  WB  WP  UC- WT  
[    0.004000] found SMP MP-table at [mem 0x000f5a90-0x000f5a9f]
[    0.004000] Using GB pages for direct mapping
[    0.004000] ACPI: Early table checksum verification disabled
[    0.004000] ACPI: RSDP 0x00000000000F5870 000014 (v00 BOCHS )
[    0.004000] ACPI: RSDT 0x000000007FFE1959 000034 (v01 BOCHS  BXPC     00000001 BXPC 00000001)
[    0.004000] ACPI: FACP 0x000000007FFE1805 000074 (v01 BOCHS  BXPC     00000001 BXPC 00000001)
[    0.004000] ACPI: DSDT 0x000000007FFE0040 0017C5 (v01 BOCHS  BXPC     00000001 BXPC 00000001)
[    0.004000] ACPI: FACS 0x000000007FFE0000 000040
[    0.004000] ACPI: APIC 0x000000007FFE1879 000080 (v01 BOCHS  BXPC     00000001 BXPC 00000001)
[    0.004000] ACPI: HPET 0x000000007FFE18F9 000038 (v01 BOCHS  BXPC     00000001 BXPC 00000001)
[    0.004000] ACPI: WAET 0x000000007FFE1931 000028 (v01 BOCHS  BXPC     00000001 BXPC 00000001)
[    0.004000] ACPI: Reserving FACP table memory at [mem 0x7ffe1805-0x7ffe1878]
[    0.004000] ACPI: Reserving DSDT table memory at [mem 0x7ffe0040-0x7ffe1804]
[    0.004000] ACPI: Reserving FACS table memory at [mem 0x7ffe0000-0x7ffe003f]
[    0.004000] ACPI: Reserving APIC table memory at [mem 0x7ffe1879-0x7ffe18f8]
[    0.004000] ACPI: Reserving HPET table memory at [mem 0x7ffe18f9-0x7ffe1930]
[    0.004000] ACPI: Reserving WAET table memory at [mem 0x7ffe1931-0x7ffe1958]
[    0.004000] No NUMA configuration found
[    0.004000] Faking a node at [mem 0x0000000000000000-0x000000007ffdffff]
[    0.004000] NODE_DATA(0) allocated [mem 0x7ffb5000-0x7ffdffff]
[    0.004000] Zone ranges:
[    0.004000]   DMA      [mem 0x0000000000001000-0x0000000000ffffff]
[    0.004000]   DMA32    [mem 0x0000000001000000-0x000000007ffdffff]
[    0.004000]   Normal   empty
[    0.004000]   Device   empty
[    0.004000] Movable zone start for each node
[    0.004000] Early memory node ranges
[    0.004000]   node   0: [mem 0x0000000000001000-0x000000000009efff]
[    0.004000]   node   0: [mem 0x0000000000100000-0x000000007ffdffff]
[    0.004000] Initmem setup node 0 [mem 0x0000000000001000-0x000000007ffdffff]
[    0.004000] On node 0, zone DMA: 1 pages in unavailable ranges
[    0.004000] On node 0, zone DMA: 97 pages in unavailable ranges
[    0.004000] On node 0, zone DMA32: 32 pages in unavailable ranges
[    0.004000] ACPI: PM-Timer IO Port: 0x608
[    0.004000] ACPI: LAPIC_NMI (acpi_id[0xff] dfl dfl lint[0x1])
[    0.004000] IOAPIC[0]: apic_id 0, version 17, address 0xfec00000, GSI 0-23
[    0.004000] ACPI: INT_SRC_OVR (bus 0 bus_irq 0 global_irq 2 dfl dfl)
[    0.004000] ACPI: INT_SRC_OVR (bus 0 bus_irq 5 global_irq 5 high level)
[    0.004000] ACPI: INT_SRC_OVR (bus 0 bus_irq 9 global_irq 9 high level)
[    0.004000] ACPI: INT_SRC_OVR (bus 0 bus_irq 10 global_irq 10 high level)
[    0.004000] ACPI: INT_SRC_OVR (bus 0 bus_irq 11 global_irq 11 high level)
[    0.004000] ACPI: Using ACPI (MADT) for SMP configuration information
[    0.004000] ACPI: HPET id: 0x8086a201 base: 0xfed00000
[    0.004000] TSC deadline timer available
[    0.004000] smpboot: Allowing 2 CPUs, 0 hotplug CPUs
[    0.004000] kvm-guest: KVM setup pv remote TLB flush
[    0.004000] kvm-guest: setup PV sched yield
[    0.004000] PM: hibernation: Registered nosave memory: [mem 0x00000000-0x00000fff]
[    0.004000] PM: hibernation: Registered nosave memory: [mem 0x0009f000-0x0009ffff]
[    0.004000] PM: hibernation: Registered nosave memory: [mem 0x000a0000-0x000effff]
[    0.004000] PM: hibernation: Registered nosave memory: [mem 0x000f0000-0x000fffff]
[    0.004000] [mem 0x80000000-0xfeffbfff] available for PCI devices
[    0.004000] Booting paravirtualized kernel on KVM
[    0.004000] clocksource: refined-jiffies: mask: 0xffffffff max_cycles: 0xffffffff, max_idle_ns: 7645519600211568 ns
[    0.004000] setup_percpu: NR_CPUS:8192 nr_cpumask_bits:2 nr_cpu_ids:2 nr_node_ids:1
[    0.004000] percpu: Embedded 65 pages/cpu s229376 r8192 d28672 u1048576
[    0.004000] kvm-guest: PV spinlocks enabled
[    0.004000] PV qspinlock hash table entries: 256 (order: 0, 4096 bytes, linear)
[    0.004000] Fallback order for Node 0: 0 
[    0.004000] Built 1 zonelists, mobility grouping on.  Total pages: 515808
[    0.004000] Policy zone: DMA32
[    0.004000] Kernel command line: net.ifnames=0 console=ttyS0 root=/dev/sda earlyprintk=serial net.ifnames=0
[    0.004000] random: crng init done
[    0.004000] Dentry cache hash table entries: 262144 (order: 9, 2097152 bytes, linear)
[    0.004000] Inode-cache hash table entries: 131072 (order: 8, 1048576 bytes, linear)
[    0.004000] mem auto-init: stack:off, heap alloc:off, heap free:off
[    0.004000] Memory: 1966944K/2096632K available (34816K kernel code, 4558K rwdata, 9768K rodata, 10364K init, 31912K bss, 129432K reserved, 0K cma-reserved)
[    0.004000] SLUB: HWalign=64, Order=0-3, MinObjects=0, CPUs=2, Nodes=1
[    0.004000] kmemleak: Kernel memory leak detector disabled
[    0.004000] ftrace: allocating 68595 entries in 268 pages
[    0.004000] ftrace: allocated 268 pages with 3 groups
[    0.004000] Dynamic Preempt: voluntary
[    0.004000] Running RCU self tests
[    0.004000] Running RCU synchronous self tests
[    0.004000] rcu: Preemptible hierarchical RCU implementation.
[    0.004000] rcu: 	RCU lockdep checking is enabled.
[    0.004000] rcu: 	RCU restricting CPUs from NR_CPUS=8192 to nr_cpu_ids=2.
[    0.004000] 	Trampoline variant of Tasks RCU enabled.
[    0.004000] 	Rude variant of Tasks RCU enabled.
[    0.004000] 	Tracing variant of Tasks RCU enabled.
[    0.004000] rcu: RCU calculated value of scheduler-enlistment delay is 25 jiffies.
[    0.004000] rcu: Adjusting geometry for rcu_fanout_leaf=16, nr_cpu_ids=2
[    0.004000] Running RCU synchronous self tests
[    0.004000] NR_IRQS: 524544, nr_irqs: 440, preallocated irqs: 16
[    0.004000] rcu: srcu_init: Setting srcu_struct sizes based on contention.
[    0.004000] Console: colour VGA+ 80x25
[    0.004000] printk: console [ttyS0] enabled
[    0.004000] printk: console [ttyS0] enabled
[    0.004000] printk: bootconsole [earlyser0] disabled
[    0.004000] printk: bootconsole [earlyser0] disabled
[    0.004000] Lock dependency validator: Copyright (c) 2006 Red Hat, Inc., Ingo Molnar
[    0.004000] ... MAX_LOCKDEP_SUBCLASSES:  8
[    0.004000] ... MAX_LOCK_DEPTH:          48
[    0.004000] ... MAX_LOCKDEP_KEYS:        8192
[    0.004000] ... CLASSHASH_SIZE:          4096
[    0.004000] ... MAX_LOCKDEP_ENTRIES:     32768
[    0.004000] ... MAX_LOCKDEP_CHAINS:      65536
[    0.004000] ... CHAINHASH_SIZE:          32768
[    0.004000]  memory used by lock dependency info: 6365 kB
[    0.004000]  memory used for stack traces: 4224 kB
[    0.004000]  per task-struct memory footprint: 1920 bytes
[    0.004000] ACPI: Core revision 20221020
[    0.004000] clocksource: hpet: mask: 0xffffffff max_cycles: 0xffffffff, max_idle_ns: 19112604467 ns
[    0.004000] APIC: Switch to symmetric I/O mode setup
[    0.004000] x2apic enabled
[    0.004000] Switched APIC routing to physical x2apic.
[    0.004000] kvm-guest: setup PV IPIs
[    0.004000] ..TIMER: vector=0x30 apic1=0 pin1=2 apic2=-1 pin2=-1
[    0.004000] clocksource: tsc-early: mask: 0xffffffffffffffff max_cycles: 0x2c47f5688fc, max_idle_ns: 440795305069 ns
[    0.274107] Calibrating delay loop (skipped) preset value.. 6144.00 BogoMIPS (lpj=12288000)
[    0.275025] pid_max: default: 32768 minimum: 301
[    0.275625] LSM: initializing lsm=capability,yama,integrity
[    0.276252] Yama: becoming mindful.
[    0.278099] Mount-cache hash table entries: 4096 (order: 3, 32768 bytes, linear)
[    0.278936] Mountpoint-cache hash table entries: 4096 (order: 3, 32768 bytes, linear)
[    0.281437] CPU0: Thermal monitoring enabled (TM1)
[    0.285218] x86/cpu: User Mode Instruction Prevention (UMIP) activated
[    0.286812] Last level iTLB entries: 4KB 0, 2MB 0, 4MB 0
[    0.287433] Last level dTLB entries: 4KB 0, 2MB 0, 4MB 0, 1GB 0
[    0.288106] Spectre V1 : Mitigation: usercopy/swapgs barriers and __user pointer sanitization
[    0.288967] Spectre V2 : WARNING: Unprivileged eBPF is enabled with eIBRS on, data leaks possible via Spectre v2 BHB attacks!
[    0.290103] Spectre V2 : Mitigation: Enhanced / Automatic IBRS
[    0.290683] Spectre V2 : Spectre v2 / SpectreRSB mitigation: Filling RSB on context switch
[    0.291455] Spectre V2 : Spectre v2 / PBRSB-eIBRS: Retire a single CALL on VMEXIT
[    0.292159] Spectre V2 : mitigation: Enabling conditional Indirect Branch Prediction Barrier
[    0.292937] Speculative Store Bypass: Mitigation: Speculative Store Bypass disabled via prctl
[    0.294068] MMIO Stale Data: Unknown: No mitigations
[    0.457888] Freeing SMP alternatives memory: 56K
[    0.458131] Running RCU synchronous self tests
[    0.458580] Running RCU synchronous self tests
[    0.459741] smpboot: CPU0: Genuine Intel(R) 0000 (family: 0x6, model: 0xaa, stepping: 0x2)
[    0.461223] cblist_init_generic: Setting adjustable number of callback queues.
[    0.461979] cblist_init_generic: Setting shift to 1 and lim to 1.
[    0.462064] cblist_init_generic: Setting shift to 1 and lim to 1.
[    0.462064] cblist_init_generic: Setting shift to 1 and lim to 1.
[    0.462143] Running RCU-tasks wait API self tests
[    0.566458] Performance Events: unsupported p6 CPU model 170 no PMU driver, software events only.
[    0.568012] rcu: Hierarchical SRCU implementation.
[    0.568570] rcu: 	Max phase no-delay instances is 1000.
[    0.571548] NMI watchdog: Perf NMI watchdog permanently disabled
[    0.572554] smp: Bringing up secondary CPUs ...
[    0.574187] x86: Booting SMP configuration:
[    0.574841] .... node  #0, CPUs:      #1
[    0.270064] smpboot: CPU 1 Converting physical 0 to logical die 1
[    0.582411] smp: Brought up 1 node, 2 CPUs
[    0.582885] smpboot: Max logical packages: 2
[    0.583305] smpboot: Total of 2 processors activated (12288.00 BogoMIPS)
[    0.590098] Callback from call_rcu_tasks_trace() invoked.
[    0.590875] devtmpfs: initialized
[    0.590875] x86/mm: Memory block size: 128MB
[    0.594657] Running RCU synchronous self tests
[    0.594911] Running RCU synchronous self tests
[    0.595416] clocksource: jiffies: mask: 0xffffffff max_cycles: 0xffffffff, max_idle_ns: 7645041785100000 ns
[    0.596451] futex hash table entries: 512 (order: 4, 65536 bytes, linear)
[    0.598139] pinctrl core: initialized pinctrl subsystem
[    0.599296] 
[    0.599439] *************************************************************
[    0.600082] **     NOTICE NOTICE NOTICE NOTICE NOTICE NOTICE NOTICE    **
[    0.600733] **                                                         **
[    0.601313] **  IOMMU DebugFS SUPPORT HAS BEEN ENABLED IN THIS KERNEL  **
[    0.601975] **                                                         **
[    0.602071] ** This means that this kernel is built to expose internal **
[    0.602743] ** IOMMU data structures, which may compromise security on **
[    0.603412] ** your system.                                            **
[    0.604071] **                                                         **
[    0.604761] ** If you see this message and you are not debugging the   **
[    0.605431] ** kernel, report this immediately to your vendor!         **
[    0.606075] **                                                         **
[    0.606771] **     NOTICE NOTICE NOTICE NOTICE NOTICE NOTICE NOTICE    **
[    0.607429] *************************************************************
[    0.608164] PM: RTC time: 05:52:55, date: 2023-04-26
[    0.612682] NET: Registered PF_NETLINK/PF_ROUTE protocol family
[    0.614020] DMA: preallocated 256 KiB GFP_KERNEL pool for atomic allocations
[    0.614096] DMA: preallocated 256 KiB GFP_KERNEL|GFP_DMA pool for atomic allocations
[    0.614872] DMA: preallocated 256 KiB GFP_KERNEL|GFP_DMA32 pool for atomic allocations
[    0.615748] audit: initializing netlink subsys (disabled)
[    0.616449] audit: type=2000 audit(1682488375.558:1): state=initialized audit_enabled=0 res=1
[    0.616449] thermal_sys: Registered thermal governor 'fair_share'
[    0.616449] thermal_sys: Registered thermal governor 'bang_bang'
[    0.618074] thermal_sys: Registered thermal governor 'step_wise'
[    0.618673] thermal_sys: Registered thermal governor 'user_space'
[    0.619335] cpuidle: using governor ladder
[    0.620374] cpuidle: using governor menu
[    0.621166] acpiphp: ACPI Hot Plug PCI Controller Driver version: 0.5
[    0.622208] PCI: Using configuration type 1 for base access
[    0.623740] kprobes: kprobe jump-optimization is enabled. All kprobes are optimized if possible.
[    0.926053] HugeTLB: registered 1.00 GiB page size, pre-allocated 0 pages
[    0.926878] HugeTLB: 16380 KiB vmemmap can be freed for a 1.00 GiB page
[    0.927671] HugeTLB: registered 2.00 MiB page size, pre-allocated 0 pages
[    0.928483] HugeTLB: 28 KiB vmemmap can be freed for a 2.00 MiB page
[    0.935331] ACPI: Added _OSI(Module Device)
[    0.935796] ACPI: Added _OSI(Processor Device)
[    0.936275] ACPI: Added _OSI(3.0 _SCP Extensions)
[    0.936669] ACPI: Added _OSI(Processor Aggregator Device)
[    0.943183] ACPI: 1 ACPI AML tables successfully acquired and loaded
[    3.238145] Callback from call_rcu_tasks_rude() invoked.
[    3.239697] ACPI: Interpreter enabled
[    3.240214] ACPI: PM: (supports S0 S3 S4 S5)
[    3.240634] ACPI: Using IOAPIC for interrupt routing
[    3.241270] PCI: Using host bridge windows from ACPI; if necessary, use "pci=nocrs" and report a bug
[    3.242073] PCI: Using E820 reservations for host bridge windows
[    3.243533] ACPI: Enabled 2 GPEs in block 00 to 0F
[    3.262031] ACPI: PCI Root Bridge [PCI0] (domain 0000 [bus 00-ff])
[    3.262085] acpi PNP0A03:00: _OSC: OS supports [ASPM ClockPM Segments MSI EDR HPX-Type3]
[    3.262758] acpi PNP0A03:00: _OSC: not requesting OS control; OS requires [ExtendedConfig ASPM ClockPM MSI]
[    3.263577] acpi PNP0A03:00: fail to add MMCONFIG information, can't access extended configuration space under this bridge
[    3.266587] acpiphp: Slot [3] registered
[    3.266960] acpiphp: Slot [4] registered
[    3.267355] acpiphp: Slot [5] registered
[    3.267721] acpiphp: Slot [6] registered
[    3.268087] acpiphp: Slot [7] registered
[    3.268490] acpiphp: Slot [8] registered
[    3.268865] acpiphp: Slot [9] registered
[    3.269247] acpiphp: Slot [10] registered
[    3.269646] acpiphp: Slot [11] registered
[    3.270019] acpiphp: Slot [12] registered
[    3.270121] acpiphp: Slot [13] registered
[    3.270525] acpiphp: Slot [14] registered
[    3.270899] acpiphp: Slot [15] registered
[    3.271272] acpiphp: Slot [16] registered
[    3.271668] acpiphp: Slot [17] registered
[    3.272040] acpiphp: Slot [18] registered
[    3.272412] acpiphp: Slot [19] registered
[    3.272837] acpiphp: Slot [20] registered
[    3.273218] acpiphp: Slot [21] registered
[    3.273594] acpiphp: Slot [22] registered
[    3.273994] acpiphp: Slot [23] registered
[    3.274120] acpiphp: Slot [24] registered
[    3.274492] acpiphp: Slot [25] registered
[    3.274900] acpiphp: Slot [26] registered
[    3.275273] acpiphp: Slot [27] registered
[    3.275650] acpiphp: Slot [28] registered
[    3.276045] acpiphp: Slot [29] registered
[    3.276429] acpiphp: Slot [30] registered
[    3.276840] acpiphp: Slot [31] registered
[    3.277192] PCI host bridge to bus 0000:00
[    3.277521] pci_bus 0000:00: root bus resource [io  0x0000-0x0cf7 window]
[    3.278070] pci_bus 0000:00: root bus resource [io  0x0d00-0xffff window]
[    3.278607] pci_bus 0000:00: root bus resource [mem 0x000a0000-0x000bffff window]
[    3.279233] pci_bus 0000:00: root bus resource [mem 0x80000000-0xfebfffff window]
[    3.279835] pci_bus 0000:00: root bus resource [mem 0x100000000-0x17fffffff window]
[    3.280494] pci_bus 0000:00: root bus resource [bus 00-ff]
[    3.281048] pci 0000:00:00.0: [8086:1237] type 00 class 0x060000
[    3.284177] pci 0000:00:01.0: [8086:7000] type 00 class 0x060100
[    3.285334] pci 0000:00:01.1: [8086:7010] type 00 class 0x010180
[    3.287249] pci 0000:00:01.1: reg 0x20: [io  0xc040-0xc04f]
[    3.288332] pci 0000:00:01.1: legacy IDE quirk: reg 0x10: [io  0x01f0-0x01f7]
[    3.288930] pci 0000:00:01.1: legacy IDE quirk: reg 0x14: [io  0x03f6]
[    3.289477] pci 0000:00:01.1: legacy IDE quirk: reg 0x18: [io  0x0170-0x0177]
[    3.290043] pci 0000:00:01.1: legacy IDE quirk: reg 0x1c: [io  0x0376]
[    3.290356] pci 0000:00:01.3: [8086:7113] type 00 class 0x068000
[    3.291120] pci 0000:00:01.3: quirk: [io  0x0600-0x063f] claimed by PIIX4 ACPI
[    3.291720] pci 0000:00:01.3: quirk: [io  0x0700-0x070f] claimed by PIIX4 SMB
[    3.292600] pci 0000:00:02.0: [1234:1111] type 00 class 0x030000
[    3.294566] pci 0000:00:02.0: reg 0x10: [mem 0xfd000000-0xfdffffff pref]
[    3.297501] pci 0000:00:02.0: reg 0x18: [mem 0xfebf0000-0xfebf0fff]
[    3.302013] pci 0000:00:02.0: reg 0x30: [mem 0xfebe0000-0xfebeffff pref]
[    3.302346] pci 0000:00:02.0: Video device with shadowed ROM at [mem 0x000c0000-0x000dffff]
[    3.306289] pci 0000:00:03.0: [8086:100e] type 00 class 0x020000
[    3.307309] pci 0000:00:03.0: reg 0x10: [mem 0xfebc0000-0xfebdffff]
[    3.308324] pci 0000:00:03.0: reg 0x14: [io  0xc000-0xc03f]
[    3.310948] pci 0000:00:03.0: reg 0x30: [mem 0xfeb80000-0xfebbffff pref]
[    3.324124] ACPI: PCI: Interrupt link LNKA configured for IRQ 10
[    3.325116] ACPI: PCI: Interrupt link LNKB configured for IRQ 10
[    3.326057] ACPI: PCI: Interrupt link LNKC configured for IRQ 11
[    3.327004] ACPI: PCI: Interrupt link LNKD configured for IRQ 11
[    3.327746] ACPI: PCI: Interrupt link LNKS configured for IRQ 9
[    3.330103] iommu: Default domain type: Translated 
[    3.330579] iommu: DMA domain TLB invalidation policy: lazy mode 
[    3.332537] SCSI subsystem initialized
[    3.333002] ACPI: bus type USB registered
[    3.333002] usbcore: registered new interface driver usbfs
[    3.334109] usbcore: registered new interface driver hub
[    3.334647] usbcore: registered new device driver usb
[    3.335257] pps_core: LinuxPPS API ver. 1 registered
[    3.335721] pps_core: Software ver. 5.3.6 - Copyright 2005-2007 Rodolfo Giometti <giometti@linux.it>
[    3.336576] PTP clock support registered
[    3.337093] EDAC MC: Ver: 3.0.0
[    3.339417] NetLabel: Initializing
[    3.339741] NetLabel:  domain hash size = 128
[    3.340154] NetLabel:  protocols = UNLABELED CIPSOv4 CALIPSO
[    3.340741] NetLabel:  unlabeled traffic allowed by default
[    3.341384] PCI: Using ACPI for IRQ routing
[    3.342309] pci 0000:00:02.0: vgaarb: setting as boot VGA device
[    3.342639] pci 0000:00:02.0: vgaarb: bridge control possible
[    3.343148] pci 0000:00:02.0: vgaarb: VGA device added: decodes=io+mem,owns=io+mem,locks=none
[    3.343899] vgaarb: loaded
[    3.344220] hpet0: at MMIO 0xfed00000, IRQs 2, 8, 0
[    3.344220] hpet0: 3 comparators, 64-bit 100.000000 MHz counter
[    3.350309] clocksource: Switched to clocksource kvm-clock
[    3.351820] VFS: Disk quotas dquot_6.6.0
[    3.352203] VFS: Dquot-cache hash table entries: 512 (order 0, 4096 bytes)
[    3.353093] pnp: PnP ACPI init
[    3.354967] pnp: PnP ACPI: found 6 devices
[    3.366981] clocksource: acpi_pm: mask: 0xffffff max_cycles: 0xffffff, max_idle_ns: 2085701024 ns
[    3.368078] NET: Registered PF_INET protocol family
[    3.368756] IP idents hash table entries: 32768 (order: 6, 262144 bytes, linear)
[    3.370450] tcp_listen_portaddr_hash hash table entries: 1024 (order: 4, 73728 bytes, linear)
[    3.371204] Table-perturb hash table entries: 65536 (order: 6, 262144 bytes, linear)
[    3.371852] TCP established hash table entries: 16384 (order: 5, 131072 bytes, linear)
[    3.372797] TCP bind hash table entries: 16384 (order: 9, 2359296 bytes, linear)
[    3.375967] TCP: Hash tables configured (established 16384 bind 16384)
[    3.376736] UDP hash table entries: 1024 (order: 5, 163840 bytes, linear)
[    3.377480] UDP-Lite hash table entries: 1024 (order: 5, 163840 bytes, linear)
[    3.378500] NET: Registered PF_UNIX/PF_LOCAL protocol family
[    3.379448] RPC: Registered named UNIX socket transport module.
[    3.379987] RPC: Registered udp transport module.
[    3.380396] RPC: Registered tcp transport module.
[    3.380814] RPC: Registered tcp NFSv4.1 backchannel transport module.
[    3.381424] pci_bus 0000:00: resource 4 [io  0x0000-0x0cf7 window]
[    3.381989] pci_bus 0000:00: resource 5 [io  0x0d00-0xffff window]
[    3.382572] pci_bus 0000:00: resource 6 [mem 0x000a0000-0x000bffff window]
[    3.383191] pci_bus 0000:00: resource 7 [mem 0x80000000-0xfebfffff window]
[    3.383815] pci_bus 0000:00: resource 8 [mem 0x100000000-0x17fffffff window]
[    3.384683] pci 0000:00:01.0: PIIX3: Enabling Passive Release
[    3.385218] pci 0000:00:00.0: Limiting direct PCI/PCI transfers
[    3.385868] PCI: CLS 0 bytes, default 64
[    3.386665] ACPI: bus type thunderbolt registered
[    3.387462] clocksource: tsc: mask: 0xffffffffffffffff max_cycles: 0x2c47f5688fc, max_idle_ns: 440795305069 ns
[    3.402212] Callback from call_rcu_tasks() invoked.
[    3.491300] Initialise system trusted keyrings
[    3.491813] Key type blacklist registered
[    3.492666] workingset: timestamp_bits=36 max_order=19 bucket_order=0
[    3.493308] zbud: loaded
[    3.494368] squashfs: version 4.0 (2009/01/31) Phillip Lougher
[    3.495810] NFS: Registering the id_resolver key type
[    3.496250] Key type id_resolver registered
[    3.496587] Key type id_legacy registered
[    3.496985] nfs4filelayout_init: NFSv4 File Layout Driver Registering...
[    3.497557] nfs4flexfilelayout_init: NFSv4 Flexfile Layout Driver Registering...
[    3.498347] fuse: init (API version 7.38)
[    3.498831] SGI XFS with ACLs, security attributes, realtime, quota, no debug enabled
[    3.500214] 9p: Installing v9fs 9p2000 file system support
[    3.507972] Key type asymmetric registered
[    3.508359] Asymmetric key parser 'x509' registered
[    3.508848] Block layer SCSI generic (bsg) driver version 0.4 loaded (major 243)
[    3.509898] io scheduler mq-deadline registered
[    3.510333] io scheduler bfq registered
[    3.511295] shpchp: Standard Hot Plug PCI Controller Driver version: 0.4
[    3.512296] IPMI message handler: version 39.2
[    3.512704] ipmi device interface
[    3.514654] input: Power Button as /devices/LNXSYSTM:00/LNXPWRBN:00/input/input0
[    3.515536] ACPI: button: Power Button [PWRF]
[    3.517001] ERST DBG: ERST support is disabled.
[    3.518108] Serial: 8250/16550 driver, 32 ports, IRQ sharing enabled
[    3.519331] 00:04: ttyS0 at I/O 0x3f8 (irq = 4, base_baud = 115200) is a 16550A
[    3.529212] Linux agpgart interface v0.103
[    3.530687] ACPI: bus type drm_connector registered
[    3.546406] brd: module loaded
[    3.554951] loop: module loaded
[    3.561057] scsi host0: ata_piix
[    3.562049] scsi host1: ata_piix
[    3.562612] ata1: PATA max MWDMA2 cmd 0x1f0 ctl 0x3f6 bmdma 0xc040 irq 14
[    3.563265] ata2: PATA max MWDMA2 cmd 0x170 ctl 0x376 bmdma 0xc048 irq 15
[    3.565112] tun: Universal TUN/TAP device driver, 1.6
[    3.565783] e100: Intel(R) PRO/100 Network Driver
[    3.566295] e100: Copyright(c) 1999-2006 Intel Corporation
[    3.566850] e1000: Intel(R) PRO/1000 Network Driver
[    3.567340] e1000: Copyright (c) 1999-2006 Intel Corporation.
[    3.722501] ata1: found unknown device (class 0)
[    3.723573] ata1.00: ATA-7: QEMU HARDDISK, 2.5+, max UDMA/100
[    3.724071] ata1.00: 16777216 sectors, multi 16: LBA48 
[    3.724783] ata2: found unknown device (class 0)
[    3.726173] scsi 0:0:0:0: Direct-Access     ATA      QEMU HARDDISK    2.5+ PQ: 0 ANSI: 5
[    3.727890] scsi 0:0:0:0: Attached scsi generic sg0 type 0
[    3.728465] ata2.00: ATAPI: QEMU DVD-ROM, 2.5+, max UDMA/100
[    3.729665] sd 0:0:0:0: [sda] 16777216 512-byte logical blocks: (8.59 GB/8.00 GiB)
[    3.730724] sd 0:0:0:0: [sda] Write Protect is off
[    3.731266] scsi 1:0:0:0: CD-ROM            QEMU     QEMU DVD-ROM     2.5+ PQ: 0 ANSI: 5
[    3.731273] sd 0:0:0:0: [sda] Write cache: enabled, read cache: enabled, doesn't support DPO or FUA
[    3.733864] sd 0:0:0:0: [sda] Preferred minimum I/O size 512 bytes
[    3.755075] scsi 1:0:0:0: Attached scsi generic sg1 type 5
[    3.757913] sd 0:0:0:0: [sda] Attached SCSI disk
[    3.759129] ACPI: \_SB_.LNKC: Enabled at IRQ 11
[    4.085858] e1000 0000:00:03.0 eth0: (PCI:33MHz:32-bit) 52:54:00:12:34:56
[    4.086576] e1000 0000:00:03.0 eth0: Intel(R) PRO/1000 Network Connection
[    4.087385] e1000e: Intel(R) PRO/1000 Network Driver
[    4.087893] e1000e: Copyright(c) 1999 - 2015 Intel Corporation.
[    4.088481] igb: Intel(R) Gigabit Ethernet Network Driver
[    4.088988] igb: Copyright (c) 2007-2014 Intel Corporation.
[    4.089586] PPP generic driver version 2.4.2
[    4.091088] VFIO - User Level meta-driver version: 0.3
[    4.092730] usbcore: registered new interface driver uas
[    4.093319] usbcore: registered new interface driver usb-storage
[    4.094104] i8042: PNP: PS/2 Controller [PNP0303:KBD,PNP0f13:MOU] at 0x60,0x64 irq 1,12
[    4.095651] serio: i8042 KBD port at 0x60,0x64 irq 1
[    4.096153] serio: i8042 AUX port at 0x60,0x64 irq 12
[    4.097214] mousedev: PS/2 mouse device common for all mice
[    4.098568] rtc_cmos 00:05: RTC can wake from S4
[    4.100289] rtc_cmos 00:05: registered as rtc0
[    4.100894] input: AT Translated Set 2 keyboard as /devices/platform/i8042/serio0/input/input1
[    4.102588] rtc_cmos 00:05: setting system clock to 2023-04-26T05:52:58 UTC (1682488378)
[    4.102631] input: VirtualPS/2 VMware VMMouse as /devices/platform/i8042/serio1/input/input4
[    4.104440] rtc_cmos 00:05: alarms up to one day, y3k, 242 bytes nvram, hpet irqs
[    4.105252] input: VirtualPS/2 VMware VMMouse as /devices/platform/i8042/serio1/input/input3
[    4.105552] i2c_dev: i2c /dev entries driver
[    4.107069] device-mapper: core: CONFIG_IMA_DISABLE_HTABLE is disabled. Duplicate IMA measurements will not be recorded in the IMA log.
[    4.108290] device-mapper: uevent: version 1.0.3
[    4.109383] device-mapper: ioctl: 4.47.0-ioctl (2022-07-28) initialised: dm-devel@redhat.com
[    4.110312] intel_pstate: CPU model not supported
[    4.110877] sdhci: Secure Digital Host Controller Interface driver
[    4.111481] sdhci: Copyright(c) Pierre Ossman
[    4.111968] sdhci-pltfm: SDHCI platform and OF driver helper
[    4.112663] ledtrig-cpu: registered to indicate activity on CPUs
[    4.113895] drop_monitor: Initializing network drop monitor service
[    4.114818] NET: Registered PF_INET6 protocol family
[    4.119686] Segment Routing with IPv6
[    4.120092] In-situ OAM (IOAM) with IPv6
[    4.120534] NET: Registered PF_PACKET protocol family
[    4.121263] 9pnet: Installing 9P2000 support
[    4.121747] Key type dns_resolver registered
[    4.123461] IPI shorthand broadcast: enabled
[    4.136379] sched_clock: Marking stable (3868002760, 266064119)->(4208757738, -74690859)
[    4.139852] registered taskstats version 1
[    4.140506] Loading compiled-in X.509 certificates
[    4.141509] zswap: loaded using pool lzo/zbud
[    4.154795] Key type .fscrypt registered
[    4.155115] Key type fscrypt-provisioning registered
[    4.156516] Key type encrypted registered
[    4.156883] ima: No TPM chip found, activating TPM-bypass!
[    4.157326] ima: Allocated hash algorithm: sha1
[    4.157724] ima: No architecture policies found
[    4.158179] evm: Initialising EVM extended attributes:
[    4.158587] evm: security.selinux
[    4.158852] evm: security.SMACK64
[    4.159119] evm: security.SMACK64EXEC
[    4.159417] evm: security.SMACK64TRANSMUTE
[    4.159744] evm: security.SMACK64MMAP
[    4.160036] evm: security.apparmor
[    4.160307] evm: security.ima
[    4.160549] evm: security.capability
[    4.160838] evm: HMAC attrs: 0x1
[    4.162270] PM:   Magic number: 3:808:871
[    4.163055] RAS: Correctable Errors collector initialized.
[    4.164134] md: Waiting for all devices to be available before autodetect
[    4.164482] md: If you don't use raid, use raid=noautodetect
[    4.164780] md: Autodetecting RAID arrays.
[    4.165005] md: autorun ...
[    4.165158] md: ... autorun DONE.
[    4.179962] EXT4-fs (sda): mounted filesystem 23a53bb9-f815-47a5-b74c-5e08f7731193 with ordered data mode. Quota mode: none.
[    4.180585] VFS: Mounted root (ext4 filesystem) readonly on device 8:0.
[    4.184165] devtmpfs: mounted
[    4.192869] Freeing unused decrypted memory: 2036K
[    4.199368] Freeing unused kernel image (initmem) memory: 10364K
[    4.199723] Write protecting the kernel read-only data: 45056k
[    4.201357] Freeing unused kernel image (rodata/data gap) memory: 472K
[    4.298137] x86/mm: Checked W+X mappings: passed, no W+X pages found.
[    4.298589] Run /sbin/init as init process
[    4.431150] systemd[1]: RTC configured in localtime, applying delta of 0 minutes to system time.
[    4.463174] systemd[1]: systemd 239 (239-49.el8) running in system mode. (+PAM +AUDIT +SELINUX +IMA -APPARMOR +SMACK +SYSVINIT +UTMP +LIBCRYPTSETUP +GCRYPT +GNUTLS +ACL +XZ +LZ4 +SECCOMP +BLKID +ELFUTILS +KMOD +IDN2 -IDN +PCRE2 default-hierarchy=legacy)
[    4.464491] systemd[1]: Detected virtualization kvm.
[    4.464762] systemd[1]: Detected architecture x86-64.

Welcome to [0;31mCentOS Stream 8[0m!

[    4.539887] systemd[1]: Set hostname to <test>.
[    4.855956] systemd[1]: Set up automount Arbitrary Executable File Formats File System Automount Point.
[[0;32m  OK  [0m] Set up automount Arbitrary Executabâ€¦rmats File System Automount Point.
[    4.857640] systemd[1]: Listening on Device-mapper event daemon FIFOs.
[[0;32m  OK  [0m] Listening on Device-mapper event daemon FIFOs.
[    4.860301] systemd[1]: Created slice User and Session Slice.
[[0;32m  OK  [0m] Created slice User and Session Slice.
[    4.862563] systemd[1]: Created slice system-getty.slice.
[[0;32m  OK  [0m] Created slice system-getty.slice.
[    4.863453] systemd[1]: Listening on initctl Compatibility Named Pipe.
[[0;32m  OK  [0m] Listening on initctl Compatibility Named Pipe.
[    4.864337] systemd[1]: Reached target Slices.
[[0;32m  OK  [0m] Reached target Slices.
[[0;32m  OK  [0m] Reached target Swap.
[[0;32m  OK  [0m] Started Forward Password Requests to Wall Directory Watch.
[[0;32m  OK  [0m] Created slice system-serial\x2dgetty.slice.
[[0;32m  OK  [0m] Listening on Journal Socket.
         Starting Load Kernel Modules...
         Mounting Kernel Debug File System...
[[0;32m  OK  [0m] Listening on Journal Socket (/dev/log).
[[0;32m  OK  [0m] Created slice system-sshd\x2dkeygen.slice.
         Starting Remount Root and Kernel File Systems...
         Starting Setup Virtual Console...
[[0;32m  OK  [0m] Listening on udev Control Socket.
[[0;32m  OK  [0m] Listening on Process Core Dump Socket.
[[0;32m  OK  [0m] Listening on multipathd control socket.
         Mounting Huge Pages File System...
[[0;32m  OK  [0m] Listening on RPCbind Server Activation Socket.
[[0;32m  OK  [0m] Reached target RPC Port Mapper.
         Mounting POSIX Message Queue File System...
[[0;32m  OK  [0m] Listening on udev Kernel Socket.
         Starting udev Coldplug all Devices...
[    5.085615] EXT4-fs (sda): re-mounted 23a53bb9-f815-47a5-b74c-5e08f7731193. Quota mode: none.
         Starting Monitoring of LVM2 mirrorsâ€¦ng dmeventd or progress polling...
         Starting Journal Service...
[[0;32m  OK  [0m] Listening on LVM2 poll daemon socket.
[[0;1;31mFAILED[0m] Failed to start Load Kernel Modules.
See 'systemctl status systemd-modules-load.service' for details.
[[0;32m  OK  [0m] Mounted Kernel Debug File System.
[[0;32m  OK  [0m] Started Remount Root and Kernel File Systems.
[[0;32m  OK  [0m] Mounted Huge Pages File System.
[[0;32m  OK  [0m] Mounted POSIX Message Queue File System.
         Starting Load/Save Random Seed...
         Starting Create Static Device Nodes in /dev...
         Starting Apply Kernel Variables...
         Mounting FUSE Control File System...
         Mounting Kernel Configuration File System...
[[0;32m  OK  [0m] Started Journal Service.
[[0;32m  OK  [0m] Started Setup Virtual Console.
[[0;32m  OK  [0m] Started Load/Save Random Seed.
[[0;32m  OK  [0m] Started Create Static Device Nodes in /dev.
[[0;32m  OK  [0m] Started Apply Kernel Variables.
[[0;32m  OK  [0m] Mounted FUSE Control File System.
[[0;32m  OK  [0m] Mounted Kernel Configuration File System.
         Starting udev Kernel Device Manager...
         Starting Flush Journal to Persistent Storage...
[[0;32m  OK  [0m] Started Flush Journal to Persistent Storage.
[[0;32m  OK  [0m] Started udev Kernel Device Manager.
[[0;32m  OK  [0m] Started udev Coldplug all Devices.
         Starting Show Plymouth Boot Screen...
         Starting udev Wait for Complete Device Initialization...
[[0;32m  OK  [0m] Started Show Plymouth Boot Screen.
[[0;32m  OK  [0m] Reached target Paths.
[[0;32m  OK  [0m] Reached target Local Encrypted Volumes.
[[0;32m  OK  [0m] Started Forward Password Requests to Plymouth Directory Watch.
[[0;32m  OK  [0m] Found device /dev/ttyS0.
[[0;32m  OK  [0m] Listening on Load/Save RF Kill Switch Status /dev/rfkill Watch.
[[0;32m  OK  [0m] Started Monitoring of LVM2 mirrors,â€¦sing dmeventd or progress polling.
[[0;32m  OK  [0m] Started udev Wait for Complete Device Initialization.
[[0;32m  OK  [0m] Reached target Local File Systems (Pre).
[[0;32m  OK  [0m] Reached target Local File Systems.
         Starting Restore /run/initramfs on shutdown...
         Starting Tell Plymouth To Write Out Runtime Data...
         Starting Create Volatile Files and Directories...
[[0;32m  OK  [0m] Started Restore /run/initramfs on shutdown.
[[0;32m  OK  [0m] Started Tell Plymouth To Write Out Runtime Data.
[[0;32m  OK  [0m] Started Create Volatile Files and Directories.
         Mounting RPC Pipe File System...
         Starting RPC Bind...
         Starting Security Auditing Service...
[[0;32m  OK  [0m] Mounted RPC Pipe File System.
[[0;32m  OK  [0m] Reached target rpc_pipefs.target.
[[0;32m  OK  [0m] Started RPC Bind.
[[0;32m  OK  [0m] Started Security Auditing Service.
         Starting Update UTMP about System Boot/Shutdown...
[[0;32m  OK  [0m] Started Update UTMP about System Boot/Shutdown.
[[0;32m  OK  [0m] Reached target System Initialization.
[[0;32m  OK  [0m] Listening on D-Bus System Message Bus Socket.
[[0;32m  OK  [0m] Started dnf makecache --timer.
[[0;32m  OK  [0m] Started Daily Cleanup of Temporary Directories.
[[0;32m  OK  [0m] Started daily update of the root trust anchor for DNSSEC.
[[0;32m  OK  [0m] Reached target Timers.
[[0;32m  OK  [0m] Listening on SSSD Kerberos Cache Manager responder socket.
[[0;32m  OK  [0m] Reached target Sockets.
[[0;32m  OK  [0m] Reached target Basic System.
         Starting Authorization Manager...
         Starting NTP client/server...
[[0;32m  OK  [0m] Started irqbalance daemon.
[[0;32m  OK  [0m] Reached target sshd-keygen.target.
[[0;32m  OK  [0m] Started D-Bus System Message Bus.
         Starting Network Manager...
         Starting Auto-connect to subsystemsâ€¦-NVME devices found during boot...
         Starting Self Monitoring and Reporting Technology (SMART) Daemon...
[[0;32m  OK  [0m] Started Machine Check Exception Logging Daemon.
         Starting Login Service...
[[0;32m  OK  [0m] Started Self Monitoring and Reporting Technology (SMART) Daemon.
[[0;32m  OK  [0m] Started Auto-connect to subsystems â€¦FC-NVME devices found during boot.
         Starting update of the root trust aâ€¦or DNSSEC validation in unbound...
[[0;32m  OK  [0m] Started Network Manager.
         Starting Network Manager Wait Online...
[[0;32m  OK  [0m] Reached target Network.
         Starting OpenSSH server daemon...
         Starting Dynamic System Tuning Daemon...
         Starting GSSAPI Proxy Daemon...
[[0;32m  OK  [0m] Started NTP client/server.
[[0;32m  OK  [0m] Started Login Service.
         Starting Hostname Service...
[[0;32m  OK  [0m] Started OpenSSH server daemon.
[[0;32m  OK  [0m] Started update of the root trust anâ€¦ for DNSSEC validation in unbound.
[[0;32m  OK  [0m] Started Authorization Manager.
[[0;32m  OK  [0m] Started GSSAPI Proxy Daemon.
[[0;32m  OK  [0m] Reached target NFS client services.
[[0;32m  OK  [0m] Reached target Remote File Systems (Pre).
[[0;32m  OK  [0m] Reached target Remote File Systems.
         Starting Permit User Sessions...
[[0;32m  OK  [0m] Started Permit User Sessions.
         Starting Hold until boot process finishes up...
         Starting Terminate Plymouth Boot Screen...
[[0;32m  OK  [0m] Started Command Scheduler.
[[0;32m  OK  [0m] Started Hold until boot process finishes up.
[[0;32m  OK  [0m] Started Terminate Plymouth Boot Screen.
[    8.054399] e1000: eth0 NIC Link is Up 1000 Mbps Full Duplex, Flow Control: RX
[    8.055279] IPv6: ADDRCONF(NETDEV_CHANGE): eth0: link becomes ready
[    8.340684] Spectre V2 : WARNING: Unprivileged eBPF is enabled with eIBRS on, data leaks possible via Spectre v2 BHB attacks!
[    8.341316] Spectre V2 : WARNING: Unprivileged eBPF is enabled with eIBRS on, data leaks possible via Spectre v2 BHB attacks!

CentOS Stream 8
Kernel 6.3.0-3fb29a23fcda+ on an x86_64

test login: [   24.611644] memfd_create() without MFD_EXEC nor MFD_NOEXEC_SEAL, pid=335 'systemd'
[   29.009696] cgroup: Unknown subsys name 'net'
[   29.018643] cgroup: Unknown subsys name 'rlimit'
[   36.328769] tpm tpm0: Operation Canceled
[   36.329565] ------------[ cut here ]------------
[   36.329894] WARNING: CPU: 1 PID: 4086 at kernel/kthread.c:75 kthread_stop+0x353/0x360
[   36.330405] Modules linked in:
[   36.330584] CPU: 1 PID: 4086 Comm: repro Not tainted 6.3.0-3fb29a23fcda+ #1
[   36.331060] Hardware name: QEMU Standard PC (i440FX + PIIX, 1996), BIOS rel-1.14.0-0-g155821a1990b-prebuilt.qemu.org 04/01/2014
[   36.331856] RIP: 0010:kthread_stop+0x353/0x360
[   36.332160] Code: 00 4c 89 ef e8 1e e0 c0 00 e9 1f fe ff ff e8 34 f2 16 00 be 02 00 00 00 4c 89 ef e8 07 e0 c0 00 e9 5c fd ff ff e8 1d f2 16 00 <0f> 0b e9 73 fd ff ff 66 0f 1f 44 00 00 90 90 90 90 90 90 90 90 90
[   36.333391] RSP: 0000:ffffc9000238fda8 EFLAGS: 00010246
[   36.333743] RAX: 0000000000000000 RBX: ffff888017d72340 RCX: ffffffff81167534
[   36.334229] RDX: 0000000000000000 RSI: ffff888017d70000 RDI: 0000000000000002
[   36.334729] RBP: ffffc9000238fdc8 R08: 0000000000000001 R09: 0000000000000001
[   36.335213] R10: 0000000000000000 R11: 0000000000000000 R12: 0000000000000000
[   36.335693] R13: ffff888017d72368 R14: ffff888017d51ae0 R15: ffff8880070956a8
[   36.336156] FS:  00007fd5db664800(0000) GS:ffff88807dd00000(0000) knlGS:0000000000000000
[   36.336717] CS:  0010 DS: 0000 ES: 0000 CR0: 0000000080050033
[   36.337113] CR2: 00007f6bd8ed7010 CR3: 0000000014186006 CR4: 0000000000770ee0
[   36.337607] DR0: 0000000000000000 DR1: 0000000000000000 DR2: 0000000000000000
[   36.338088] DR3: 0000000000000000 DR6: 00000000ffff07f0 DR7: 0000000000000400
[   36.338572] PKRU: 55555554
[   36.338773] Call Trace:
[   36.338955]  <TASK>
[   36.339119]  hwrng_unregister+0x182/0x210
[   36.339392]  tpm_chip_unregister+0x1aa/0x1d0
[   36.339721]  ? __pfx_vtpm_proxy_fops_release+0x10/0x10
[   36.340083]  vtpm_proxy_fops_release+0x8f/0xa0
[   36.340402]  __fput+0x11f/0x450
[   36.340634]  ____fput+0x1e/0x30
[   36.340858]  task_work_run+0xb6/0x120
[   36.341119]  exit_to_user_mode_prepare+0x200/0x210
[   36.341449]  syscall_exit_to_user_mode+0x2d/0x60
[   36.341774]  do_syscall_64+0x4a/0x90
[   36.342045]  entry_SYSCALL_64_after_hwframe+0x72/0xdc
[   36.342433] RIP: 0033:0x7fd5db874e37
[   36.342690] Code: 12 b8 03 00 00 00 0f 05 48 3d 00 f0 ff ff 77 3b c3 66 90 53 89 fb 48 83 ec 10 e8 d4 fb ff ff 89 c2 89 df b8 03 00 00 00 0f 05 <48> 3d 00 f0 ff ff 77 2b 89 d7 89 44 24 0c e8 16 fc ff ff 8b 44 24
[   36.343946] RSP: 002b:00007ffce6ce2e40 EFLAGS: 00000293 ORIG_RAX: 0000000000000003
[   36.344432] RAX: 0000000000000000 RBX: 0000000000000004 RCX: 00007fd5db874e37
[   36.344926] RDX: 0000000000000000 RSI: 0000000000000080 RDI: 0000000000000004
[   36.345416] RBP: 00007ffce6ce2e70 R08: 0000000000000000 R09: 0000000000000032
[   36.345829] R10: 00007ffce6ce2e40 R11: 0000000000000293 R12: 0000000000402400
[   36.346342] R13: 00007ffce6ce3000 R14: 0000000000000000 R15: 0000000000000000
[   36.346845]  </TASK>
[   36.347011] irq event stamp: 1945
[   36.347249] hardirqs last  enabled at (1955): [<ffffffff811e3ac1>] __up_console_sem+0x91/0xb0
[   36.347855] hardirqs last disabled at (1962): [<ffffffff811e3aa6>] __up_console_sem+0x76/0xb0
[   36.348438] softirqs last  enabled at (1602): [<ffffffff82f9a1a9>] __do_softirq+0x2d9/0x3c3
[   36.349012] softirqs last disabled at (1577): [<ffffffff81126874>] irq_exit_rcu+0xc4/0x100
[   36.349576] ---[ end trace 0000000000000000 ]---
[   36.349909] BUG: kernel NULL pointer dereference, address: 0000000000000000
[   36.350369] #PF: supervisor write access in kernel mode
[   36.350720] #PF: error_code(0x0002) - not-present page
[   36.351057] PGD 18640067 P4D 18640067 PUD bec9067 PMD 0 
[   36.351456] Oops: 0002 [#1] PREEMPT SMP NOPTI
[   36.351740] CPU: 1 PID: 4086 Comm: repro Tainted: G        W          6.3.0-3fb29a23fcda+ #1
[   36.352296] Hardware name: QEMU Standard PC (i440FX + PIIX, 1996), BIOS rel-1.14.0-0-g155821a1990b-prebuilt.qemu.org 04/01/2014
[   36.353020] RIP: 0010:kthread_stop+0xd9/0x360
[   36.353318] Code: 44 8b 63 2c 31 ff 41 81 e4 00 00 20 00 44 89 e6 e8 8c f6 16 00 45 85 e4 0f 84 81 02 00 00 e8 9e f4 16 00 4c 8b a3 40 0a 00 00 <f0> 41 80 0c 24 02 48 89 df e8 f9 f1 ff ff f0 80 4b 02 02 48 89 df
[   36.354525] RSP: 0000:ffffc9000238fda8 EFLAGS: 00010246
[   36.354848] RAX: 0000000000000000 RBX: ffff888017d72340 RCX: ffffffff81167534
[   36.355308] RDX: 0000000000000000 RSI: ffff888017d70000 RDI: 0000000000000002
[   36.355792] RBP: ffffc9000238fdc8 R08: 0000000000000001 R09: 0000000000000001
[   36.356264] R10: 0000000000000000 R11: 0000000000000000 R12: 0000000000000000
[   36.356730] R13: ffff888017d72368 R14: ffff888017d51ae0 R15: ffff8880070956a8
[   36.357195] FS:  00007fd5db664800(0000) GS:ffff88807dd00000(0000) knlGS:0000000000000000
[   36.357721] CS:  0010 DS: 0000 ES: 0000 CR0: 0000000080050033
[   36.358094] CR2: 0000000000000000 CR3: 0000000014186006 CR4: 0000000000770ee0
[   36.358553] DR0: 0000000000000000 DR1: 0000000000000000 DR2: 0000000000000000
[   36.359012] DR3: 0000000000000000 DR6: 00000000ffff07f0 DR7: 0000000000000400
[   36.359476] PKRU: 55555554
[   36.359653] Call Trace:
[   36.359810]  <TASK>
[   36.359955]  hwrng_unregister+0x182/0x210
[   36.360224]  tpm_chip_unregister+0x1aa/0x1d0
[   36.360516]  ? __pfx_vtpm_proxy_fops_release+0x10/0x10
[   36.360855]  vtpm_proxy_fops_release+0x8f/0xa0
[   36.361155]  __fput+0x11f/0x450
[   36.361380]  ____fput+0x1e/0x30
[   36.361602]  task_work_run+0xb6/0x120
[   36.361841]  exit_to_user_mode_prepare+0x200/0x210
[   36.362168]  syscall_exit_to_user_mode+0x2d/0x60
[   36.362476]  do_syscall_64+0x4a/0x90
[   36.362720]  entry_SYSCALL_64_after_hwframe+0x72/0xdc
[   36.363050] RIP: 0033:0x7fd5db874e37
[   36.363295] Code: 12 b8 03 00 00 00 0f 05 48 3d 00 f0 ff ff 77 3b c3 66 90 53 89 fb 48 83 ec 10 e8 d4 fb ff ff 89 c2 89 df b8 03 00 00 00 0f 05 <48> 3d 00 f0 ff ff 77 2b 89 d7 89 44 24 0c e8 16 fc ff ff 8b 44 24
[   36.364532] RSP: 002b:00007ffce6ce2e40 EFLAGS: 00000293 ORIG_RAX: 0000000000000003
[   36.365051] RAX: 0000000000000000 RBX: 0000000000000004 RCX: 00007fd5db874e37
[   36.365541] RDX: 0000000000000000 RSI: 0000000000000080 RDI: 0000000000000004
[   36.366026] RBP: 00007ffce6ce2e70 R08: 0000000000000000 R09: 0000000000000032
[   36.366527] R10: 00007ffce6ce2e40 R11: 0000000000000293 R12: 0000000000402400
[   36.367022] R13: 00007ffce6ce3000 R14: 0000000000000000 R15: 0000000000000000
[   36.367579]  </TASK>
[   36.367745] Modules linked in:
[   36.367933] CR2: 0000000000000000
[   36.368173] ---[ end trace 0000000000000000 ]---
[   36.368464] RIP: 0010:kthread_stop+0xd9/0x360
[   36.368772] Code: 44 8b 63 2c 31 ff 41 81 e4 00 00 20 00 44 89 e6 e8 8c f6 16 00 45 85 e4 0f 84 81 02 00 00 e8 9e f4 16 00 4c 8b a3 40 0a 00 00 <f0> 41 80 0c 24 02 48 89 df e8 f9 f1 ff ff f0 80 4b 02 02 48 89 df
[   36.370001] RSP: 0000:ffffc9000238fda8 EFLAGS: 00010246
[   36.370353] RAX: 0000000000000000 RBX: ffff888017d72340 RCX: ffffffff81167534
[   36.370795] RDX: 0000000000000000 RSI: ffff888017d70000 RDI: 0000000000000002
[   36.371254] RBP: ffffc9000238fdc8 R08: 0000000000000001 R09: 0000000000000001
[   36.371768] R10: 0000000000000000 R11: 0000000000000000 R12: 0000000000000000
[   36.372236] R13: ffff888017d72368 R14: ffff888017d51ae0 R15: ffff8880070956a8
[   36.372699] FS:  00007fd5db664800(0000) GS:ffff88807dd00000(0000) knlGS:0000000000000000
[   36.373229] CS:  0010 DS: 0000 ES: 0000 CR0: 0000000080050033
[   36.373609] CR2: 0000000000000000 CR3: 0000000014186006 CR4: 0000000000770ee0
[   36.374065] DR0: 0000000000000000 DR1: 0000000000000000 DR2: 0000000000000000
[   36.374508] DR3: 0000000000000000 DR6: 00000000ffff07f0 DR7: 0000000000000400
[   36.374969] PKRU: 55555554
[   36.375144] note: repro[4086] exited with irqs disabled
[   36.405637] tpm tpm1: Operation Canceled
[   36.408186] tpm tpm2: Operation Canceled
[   36.408768] ------------[ cut here ]------------
[   36.409072] WARNING: CPU: 1 PID: 4116 at kernel/kthread.c:75 kthread_stop+0x353/0x360
[   36.409589] Modules linked in:
[   36.409790] CPU: 1 PID: 4116 Comm: repro Tainted: G      D W          6.3.0-3fb29a23fcda+ #1
[   36.410383] Hardware name: QEMU Standard PC (i440FX + PIIX, 1996), BIOS rel-1.14.0-0-g155821a1990b-prebuilt.qemu.org 04/01/2014
[   36.411098] RIP: 0010:kthread_stop+0x353/0x360
[   36.411457] Code: 00 4c 89 ef e8 1e e0 c0 00 e9 1f fe ff ff e8 34 f2 16 00 be 02 00 00 00 4c 89 ef e8 07 e0 c0 00 e9 5c fd ff ff e8 1d f2 16 00 <0f> 0b e9 73 fd ff ff 66 0f 1f 44 00 00 90 90 90 90 90 90 90 90 90
[   36.412686] RSP: 0018:ffffc900022ffda8 EFLAGS: 00010246
[   36.413023] RAX: 0000000000000000 RBX: ffff888017d72340 RCX: ffffffff81167534
[   36.413481] RDX: 0000000000000000 RSI: ffff888017db4680 RDI: 0000000000000002
[   36.413947] RBP: ffffc900022ffdc8 R08: 0000000000000000 R09: 0000000000000000
[   36.414463] R10: ffffc900022ffdc8 R11: 0000000000000000 R12: 0000000000000000
[   36.414934] R13: ffff888017d72368 R14: ffff888017d39ae0 R15: ffff8880070956a8
[   36.415415] FS:  00007fd5db664800(0000) GS:ffff88807dd00000(0000) knlGS:0000000000000000
[   36.415936] CS:  0010 DS: 0000 ES: 0000 CR0: 0000000080050033
[   36.416315] CR2: 00007fabe08e6a30 CR3: 0000000018546003 CR4: 0000000000770ee0
[   36.416792] DR0: 0000000000000000 DR1: 0000000000000000 DR2: 0000000000000000
[   36.417249] DR3: 0000000000000000 DR6: 00000000ffff07f0 DR7: 0000000000000400
[   36.417706] PKRU: 55555554
[   36.417892] Call Trace:
[   36.418080]  <TASK>
[   36.418225]  hwrng_unregister+0x182/0x210
[   36.418486]  tpm_chip_unregister+0x1aa/0x1d0
[   36.418795]  ? __pfx_vtpm_proxy_fops_release+0x10/0x10
[   36.419149]  vtpm_proxy_fops_release+0x8f/0xa0
[   36.419457]  __fput+0x11f/0x450
[   36.419690]  ____fput+0x1e/0x30
[   36.419907]  task_work_run+0xb6/0x120
[   36.420147]  exit_to_user_mode_prepare+0x200/0x210
[   36.420476]  syscall_exit_to_user_mode+0x2d/0x60
[   36.420799]  do_syscall_64+0x4a/0x90
[   36.421051]  entry_SYSCALL_64_after_hwframe+0x72/0xdc
[   36.421392] RIP: 0033:0x7fd5db874e37
[   36.421634] Code: 12 b8 03 00 00 00 0f 05 48 3d 00 f0 ff ff 77 3b c3 66 90 53 89 fb 48 83 ec 10 e8 d4 fb ff ff 89 c2 89 df b8 03 00 00 00 0f 05 <48> 3d 00 f0 ff ff 77 2b 89 d7 89 44 24 0c e8 16 fc ff ff 8b 44 24
[   36.422863] RSP: 002b:00007ffce6ce2e40 EFLAGS: 00000293 ORIG_RAX: 0000000000000003
[   36.423346] RAX: 0000000000000000 RBX: 0000000000000004 RCX: 00007fd5db874e37
[   36.423819] RDX: 0000000000000000 RSI: 0000000000000080 RDI: 0000000000000004
[   36.424261] RBP: 00007ffce6ce2e70 R08: 0000000000000000 R09: 0000000000000032
[   36.424689] R10: 00007ffce6ce2e40 R11: 0000000000000293 R12: 0000000000402400
[   36.425141] R13: 00007ffce6ce3000 R14: 0000000000000000 R15: 0000000000000000
[   36.425575]  </TASK>
[   36.425728] irq event stamp: 0
[   36.425932] hardirqs last  enabled at (0): [<0000000000000000>] 0x0
[   36.426351] hardirqs last disabled at (0): [<ffffffff81113b14>] copy_process+0x1294/0x2c60
[   36.426884] softirqs last  enabled at (0): [<ffffffff81113b18>] copy_process+0x1298/0x2c60
[   36.427438] softirqs last disabled at (0): [<0000000000000000>] 0x0
[   36.427853] ---[ end trace 0000000000000000 ]---
[   36.428170] BUG: kernel NULL pointer dereference, address: 0000000000000000
[   36.428599] #PF: supervisor write access in kernel mode
[   36.428947] #PF: error_code(0x0002) - not-present page
[   36.429276] PGD 8f58067 P4D 8f58067 PUD 14398067 PMD 0 
[   36.429492] tpm tpm1: Operation Canceled
[   36.429628] Oops: 0002 [#2] PREEMPT SMP NOPTI
[   36.430256] CPU: 1 PID: 4116 Comm: repro Tainted: G      D W          6.3.0-3fb29a23fcda+ #1
[   36.430780] Hardware name: QEMU Standard PC (i440FX + PIIX, 1996), BIOS rel-1.14.0-0-g155821a1990b-prebuilt.qemu.org 04/01/2014
[   36.431530] RIP: 0010:kthread_stop+0xd9/0x360
[   36.431817] Code: 44 8b 63 2c 31 ff 41 81 e4 00 00 20 00 44 89 e6 e8 8c f6 16 00 45 85 e4 0f 84 81 02 00 00 e8 9e f4 16 00 4c 8b a3 40 0a 00 00 <f0> 41 80 0c 24 02 48 89 df e8 f9 f1 ff ff f0 80 4b 02 02 48 89 df
[   36.433020] RSP: 0018:ffffc900022ffda8 EFLAGS: 00010246
[   36.433365] RAX: 0000000000000000 RBX: ffff888017d72340 RCX: ffffffff81167534
[   36.433829] RDX: 0000000000000000 RSI: ffff888017db4680 RDI: 0000000000000002
[   36.434295] RBP: ffffc900022ffdc8 R08: 0000000000000000 R09: 0000000000000000
[   36.434758] R10: ffffc900022ffdc8 R11: 0000000000000000 R12: 0000000000000000
[   36.435217] R13: ffff888017d72368 R14: ffff888017d39ae0 R15: ffff8880070956a8
[   36.435693] FS:  00007fd5db664800(0000) GS:ffff88807dd00000(0000) knlGS:0000000000000000
[   36.436217] CS:  0010 DS: 0000 ES: 0000 CR0: 0000000080050033
[   36.436600] CR2: 0000000000000000 CR3: 0000000018546003 CR4: 0000000000770ee0
[   36.437044] DR0: 0000000000000000 DR1: 0000000000000000 DR2: 0000000000000000
[   36.437513] DR3: 0000000000000000 DR6: 00000000ffff07f0 DR7: 0000000000000400
[   36.437970] PKRU: 55555554
[   36.438147] Call Trace:
[   36.438324]  <TASK>
[   36.438476]  hwrng_unregister+0x182/0x210
[   36.438732]  tpm_chip_unregister+0x1aa/0x1d0
[   36.439018]  ? __pfx_vtpm_proxy_fops_release+0x10/0x10
[   36.439343]  vtpm_proxy_fops_release+0x8f/0xa0
[   36.439646]  __fput+0x11f/0x450
[   36.439873]  ____fput+0x1e/0x30
[   36.440083]  task_work_run+0xb6/0x120
[   36.440330]  exit_to_user_mode_prepare+0x200/0x210
[   36.440648]  syscall_exit_to_user_mode+0x2d/0x60
[   36.440961]  do_syscall_64+0x4a/0x90
[   36.441201]  entry_SYSCALL_64_after_hwframe+0x72/0xdc
[   36.441530] RIP: 0033:0x7fd5db874e37
[   36.441770] Code: 12 b8 03 00 00 00 0f 05 48 3d 00 f0 ff ff 77 3b c3 66 90 53 89 fb 48 83 ec 10 e8 d4 fb ff ff 89 c2 89 df b8 03 00 00 00 0f 05 <48> 3d 00 f0 ff ff 77 2b 89 d7 89 44 24 0c e8 16 fc ff ff 8b 44 24
[   36.442929] RSP: 002b:00007ffce6ce2e40 EFLAGS: 00000293 ORIG_RAX: 0000000000000003
[   36.443425] RAX: 0000000000000000 RBX: 0000000000000004 RCX: 00007fd5db874e37
[   36.443886] RDX: 0000000000000000 RSI: 0000000000000080 RDI: 0000000000000004
[   36.444354] RBP: 00007ffce6ce2e70 R08: 0000000000000000 R09: 0000000000000032
[   36.444813] R10: 00007ffce6ce2e40 R11: 0000000000000293 R12: 0000000000402400
[   36.445281] R13: 00007ffce6ce3000 R14: 0000000000000000 R15: 0000000000000000
[   36.445747]  </TASK>
[   36.445891] Modules linked in:
[   36.446087] CR2: 0000000000000000
[   36.446296] ---[ end trace 0000000000000000 ]---
[   36.446567] RIP: 0010:kthread_stop+0xd9/0x360
[   36.446831] Code: 44 8b 63 2c 31 ff 41 81 e4 00 00 20 00 44 89 e6 e8 8c f6 16 00 45 85 e4 0f 84 81 02 00 00 e8 9e f4 16 00 4c 8b a3 40 0a 00 00 <f0> 41 80 0c 24 02 48 89 df e8 f9 f1 ff ff f0 80 4b 02 02 48 89 df
[   36.447851] RSP: 0000:ffffc9000238fda8 EFLAGS: 00010246
[   36.448146] RAX: 0000000000000000 RBX: ffff888017d72340 RCX: ffffffff81167534
[   36.448539] RDX: 0000000000000000 RSI: ffff888017d70000 RDI: 0000000000000002
[   36.448926] RBP: ffffc9000238fdc8 R08: 0000000000000001 R09: 0000000000000001
[   36.449317] R10: 0000000000000000 R11: 0000000000000000 R12: 0000000000000000
[   36.449708] R13: ffff888017d72368 R14: ffff888017d51ae0 R15: ffff8880070956a8
[   36.450093] FS:  00007fd5db664800(0000) GS:ffff88807dd00000(0000) knlGS:0000000000000000
[   36.450531] CS:  0010 DS: 0000 ES: 0000 CR0: 0000000080050033
[   36.450849] CR2: 0000000000000000 CR3: 0000000018546003 CR4: 0000000000770ee0
[   36.451236] DR0: 0000000000000000 DR1: 0000000000000000 DR2: 0000000000000000
[   36.451635] DR3: 0000000000000000 DR6: 00000000ffff07f0 DR7: 0000000000000400
[   36.452024] PKRU: 55555554
[   36.452179] note: repro[4116] exited with irqs disabled
[   36.460135] tpm tpm1: Operation Canceled
[   36.461876] ------------[ cut here ]------------
[   36.462309] WARNING: CPU: 0 PID: 4122 at kernel/kthread.c:75 kthread_stop+0x353/0x360
[   36.462850] Modules linked in:
[   36.463060] CPU: 0 PID: 4122 Comm: repro Tainted: G      D W          6.3.0-3fb29a23fcda+ #1
[   36.463659] Hardware name: QEMU Standard PC (i440FX + PIIX, 1996), BIOS rel-1.14.0-0-g155821a1990b-prebuilt.qemu.org 04/01/2014
[   36.464393] RIP: 0010:kthread_stop+0x353/0x360
[   36.464709] Code: 00 4c 89 ef e8 1e e0 c0 00 e9 1f fe ff ff e8 34 f2 16 00 be 02 00 00 00 4c 89 ef e8 07 e0 c0 00 e9 5c fd ff ff e8 1d f2 16 00 <0f> 0b e9 73 fd ff ff 66 0f 1f 44 00 00 90 90 90 90 90 90 90 90 90
[   36.465975] RSP: 0018:ffffc900023f7da8 EFLAGS: 00010246
[   36.466325] RAX: 0000000000000000 RBX: ffff888017d72340 RCX: ffffffff81167534
[   36.466801] RDX: 0000000000000000 RSI: ffff8880142d2340 RDI: 0000000000000002
[   36.467288] RBP: ffffc900023f7dc8 R08: 0000000000000000 R09: 0000000000000000
[   36.467778] R10: ffffc900023f7dc8 R11: 0000000000000000 R12: 0000000000000000
[   36.468277] R13: ffff888017d72368 R14: ffff888017d56ae0 R15: ffff8880070956a8
[   36.468738] FS:  00007fd5db664800(0000) GS:ffff88807dc00000(0000) knlGS:0000000000000000
[   36.468772] tpm tpm1: Operation Canceled
[   36.469223] CS:  0010 DS: 0000 ES: 0000 CR0: 0000000080050033
[   36.469654] ------------[ cut here ]------------
[   36.469831] CR2: 0000564b94f72ea0 CR3: 0000000014184003 CR4: 0000000000770ef0
[   36.470120] WARNING: CPU: 1 PID: 4140 at kernel/kthread.c:75 kthread_stop+0x353/0x360
[   36.470525] DR0: 0000000000000000 DR1: 0000000000000000 DR2: 0000000000000000
[   36.470978] Modules linked in:
[   36.471463] DR3: 0000000000000000 DR6: 00000000ffff07f0 DR7: 0000000000000400
[   36.471672] CPU: 1 PID: 4140 Comm: repro Tainted: G      D W          6.3.0-3fb29a23fcda+ #1
[   36.472107] PKRU: 55555554
[   36.472606] Hardware name: QEMU Standard PC (i440FX + PIIX, 1996), BIOS rel-1.14.0-0-g155821a1990b-prebuilt.qemu.org 04/01/2014
[   36.472784] Call Trace:
[   36.472789]  <TASK>
[   36.473454] RIP: 0010:kthread_stop+0x353/0x360
[   36.473618]  hwrng_unregister+0x182/0x210
[   36.473749] Code: 00 4c 89 ef e8 1e e0 c0 00 e9 1f fe ff ff e8 34 f2 16 00 be 02 00 00 00 4c 89 ef e8 07 e0 c0 00 e9 5c fd ff ff e8 1d f2 16 00 <0f> 0b e9 73 fd ff ff 66 0f 1f 44 00 00 90 90 90 90 90 90 90 90 90
[   36.474019]  tpm_chip_unregister+0x1aa/0x1d0
[   36.474277] RSP: 0018:ffffc90002417da8 EFLAGS: 00010246
[   36.475385]  ? __pfx_vtpm_proxy_fops_release+0x10/0x10
[   36.475664] 
[   36.475667] RAX: 0000000000000000 RBX: ffff888017d72340 RCX: ffffffff81167534
[   36.475992]  vtpm_proxy_fops_release+0x8f/0xa0
[   36.476301] RDX: 0000000000000000 RSI: ffff8880141a8000 RDI: 0000000000000002
[   36.476409]  __fput+0x11f/0x450
[   36.476832] RBP: ffffc90002417dc8 R08: 0000000000000000 R09: 0000000000000000
[   36.477118]  ____fput+0x1e/0x30
[   36.477538] R10: ffffc90002417dc8 R11: 0000000000000000 R12: 0000000000000000
[   36.477738]  task_work_run+0xb6/0x120
[   36.478180] R13: ffff888017d72368 R14: ffff888017d3aae0 R15: ffff8880070956a8
[   36.478385]  exit_to_user_mode_prepare+0x200/0x210
[   36.478818] FS:  00007fd5db664800(0000) GS:ffff88807dd00000(0000) knlGS:0000000000000000
[   36.479052]  syscall_exit_to_user_mode+0x2d/0x60
[   36.479508] CS:  0010 DS: 0000 ES: 0000 CR0: 0000000080050033
[   36.479810]  do_syscall_64+0x4a/0x90
[   36.480299] CR2: 00007f961b7f89e0 CR3: 0000000014188005 CR4: 0000000000770ee0
[   36.480595]  entry_SYSCALL_64_after_hwframe+0x72/0xdc
[   36.480959] DR0: 0000000000000000 DR1: 0000000000000000 DR2: 0000000000000000
[   36.481194] RIP: 0033:0x7fd5db874e37
[   36.481642] DR3: 0000000000000000 DR6: 00000000ffff07f0 DR7: 0000000000000400
[   36.481978] Code: 12 b8 03 00 00 00 0f 05 48 3d 00 f0 ff ff 77 3b c3 66 90 53 89 fb 48 83 ec 10 e8 d4 fb ff ff 89 c2 89 df b8 03 00 00 00 0f 05 <48> 3d 00 f0 ff ff 77 2b 89 d7 89 44 24 0c e8 16 fc ff ff 8b 44 24
[   36.482459] PKRU: 55555554
[   36.482701] RSP: 002b:00007ffce6ce2e40 EFLAGS: 00000293
[   36.483177] Call Trace:
[   36.484383]  ORIG_RAX: 0000000000000003
[   36.484583]  <TASK>
[   36.484953] RAX: 0000000000000000 RBX: 0000000000000004 RCX: 00007fd5db874e37
[   36.485124]  hwrng_unregister+0x182/0x210
[   36.485372] RDX: 0000000000000000 RSI: 0000000000000080 RDI: 0000000000000004
[   36.485524]  tpm_chip_unregister+0x1aa/0x1d0
[   36.486020] RBP: 00007ffce6ce2e70 R08: 0000000000000000 R09: 0000000000000032
[   36.486313]  ? __pfx_vtpm_proxy_fops_release+0x10/0x10
[   36.486790] R10: 00007ffce6ce2e40 R11: 0000000000000293 R12: 0000000000402400
[   36.487068]  vtpm_proxy_fops_release+0x8f/0xa0
[   36.487546] R13: 00007ffce6ce3000 R14: 0000000000000000 R15: 0000000000000000
[   36.487892]  __fput+0x11f/0x450
[   36.488391]  </TASK>
[   36.488688]  ____fput+0x1e/0x30
[   36.489169] irq event stamp: 0
[   36.489383]  task_work_run+0xb6/0x120
[   36.489545] hardirqs last  enabled at (0): [<0000000000000000>] 0x0
[   36.489759]  exit_to_user_mode_prepare+0x200/0x210
[   36.489985] hardirqs last disabled at (0): [<ffffffff81113b14>] copy_process+0x1294/0x2c60
[   36.490260]  syscall_exit_to_user_mode+0x2d/0x60
[   36.490682] softirqs last  enabled at (0): [<ffffffff81113b18>] copy_process+0x1298/0x2c60
[   36.490994]  do_syscall_64+0x4a/0x90
[   36.491569] softirqs last disabled at (0): [<0000000000000000>] 0x0
[   36.491901]  entry_SYSCALL_64_after_hwframe+0x72/0xdc
[   36.492482] ---[ end trace 0000000000000000 ]---
[   36.492724] RIP: 0033:0x7fd5db874e37
[   36.493157] BUG: kernel NULL pointer dereference, address: 0000000000000000
[   36.493484] Code: 12 b8 03 00 00 00 0f 05 48 3d 00 f0 ff ff 77 3b c3 66 90 53 89 fb 48 83 ec 10 e8 d4 fb ff ff 89 c2 89 df b8 03 00 00 00 0f 05 <48> 3d 00 f0 ff ff 77 2b 89 d7 89 44 24 0c e8 16 fc ff ff 8b 44 24
[   36.493791] #PF: supervisor write access in kernel mode
[   36.494037] RSP: 002b:00007ffce6ce2e40 EFLAGS: 00000293
[   36.494518] #PF: error_code(0x0002) - not-present page
[   36.494526] PGD 1837e067 P4D 1837e067 PUD 186b4067 PMD 0 
[   36.495710]  ORIG_RAX: 0000000000000003
[   36.496062] 
[   36.496405] RAX: 0000000000000000 RBX: 0000000000000004 RCX: 00007fd5db874e37
[   36.496770] Oops: 0002 [#3] PREEMPT SMP NOPTI
[   36.497121] RDX: 0000000000000000 RSI: 0000000000000080 RDI: 0000000000000004
[   36.497396] CPU: 0 PID: 4122 Comm: repro Tainted: G      D W          6.3.0-3fb29a23fcda+ #1
[   36.497512] RBP: 00007ffce6ce2e70 R08: 0000000000000000 R09: 0000000000000032
[   36.497986] Hardware name: QEMU Standard PC (i440FX + PIIX, 1996), BIOS rel-1.14.0-0-g155821a1990b-prebuilt.qemu.org 04/01/2014
[   36.498284] R10: 00007ffce6ce2e40 R11: 0000000000000293 R12: 0000000000402400
[   36.498724] RIP: 0010:kthread_stop+0xd9/0x360
[   36.499248] R13: 00007ffce6ce3000 R14: 0000000000000000 R15: 0000000000000000
[   36.499726] Code: 44 8b 63 2c 31 ff 41 81 e4 00 00 20 00 44 89 e6 e8 8c f6 16 00 45 85 e4 0f 84 81 02 00 00 e8 9e f4 16 00 4c 8b a3 40 0a 00 00 <f0> 41 80 0c 24 02 48 89 df e8 f9 f1 ff ff f0 80 4b 02 02 48 89 df
[   36.500446]  </TASK>
[   36.500890] RSP: 0018:ffffc900023f7da8 EFLAGS: 00010246
[   36.501177] irq event stamp: 0
[   36.501628] 
[   36.501631] RAX: 0000000000000000 RBX: ffff888017d72340 RCX: ffffffff81167534
[   36.502783] hardirqs last  enabled at (0): [<0000000000000000>] 0x0
[   36.502923] RDX: 0000000000000000 RSI: ffff8880142d2340 RDI: 0000000000000002
[   36.503258] hardirqs last disabled at (0): [<ffffffff81113b14>] copy_process+0x1294/0x2c60
[   36.503514] RBP: ffffc900023f7dc8 R08: 0000000000000000 R09: 0000000000000000
[   36.503628] softirqs last  enabled at (0): [<ffffffff81113b18>] copy_process+0x1298/0x2c60
[   36.504065] R10: ffffc900023f7dc8 R11: 0000000000000000 R12: 0000000000000000
[   36.504452] softirqs last disabled at (0): [<0000000000000000>] 0x0
[   36.504899] R13: ffff888017d72368 R14: ffff888017d56ae0 R15: ffff8880070956a8
[   36.505406] ---[ end trace 0000000000000000 ]---
[   36.505842] FS:  00007fd5db664800(0000) GS:ffff88807dc00000(0000) knlGS:0000000000000000
[   36.508402] CS:  0010 DS: 0000 ES: 0000 CR0: 0000000080050033
[   36.508764] CR2: 0000000000000000 CR3: 0000000014184003 CR4: 0000000000770ef0
[   36.509211] DR0: 0000000000000000 DR1: 0000000000000000 DR2: 0000000000000000
[   36.509671] DR3: 0000000000000000 DR6: 00000000ffff07f0 DR7: 0000000000000400
[   36.510114] PKRU: 55555554
[   36.510292] Call Trace:
[   36.510455]  <TASK>
[   36.510599]  hwrng_unregister+0x182/0x210
[   36.510865]  tpm_chip_unregister+0x1aa/0x1d0
[   36.511133]  ? __pfx_vtpm_proxy_fops_release+0x10/0x10
[   36.511474]  vtpm_proxy_fops_release+0x8f/0xa0
[   36.511765]  __fput+0x11f/0x450
[   36.511987]  ____fput+0x1e/0x30
[   36.512206]  task_work_run+0xb6/0x120
[   36.512455]  exit_to_user_mode_prepare+0x200/0x210
[   36.512777]  syscall_exit_to_user_mode+0x2d/0x60
[   36.513097]  do_syscall_64+0x4a/0x90
[   36.513340]  entry_SYSCALL_64_after_hwframe+0x72/0xdc
[   36.513673] RIP: 0033:0x7fd5db874e37
[   36.513916] Code: 12 b8 03 00 00 00 0f 05 48 3d 00 f0 ff ff 77 3b c3 66 90 53 89 fb 48 83 ec 10 e8 d4 fb ff ff 89 c2 89 df b8 03 00 00 00 0f 05 <48> 3d 00 f0 ff ff 77 2b 89 d7 89 44 24 0c e8 16 fc ff ff 8b 44 24
[   36.515084] RSP: 002b:00007ffce6ce2e40 EFLAGS: 00000293 ORIG_RAX: 0000000000000003
[   36.515572] RAX: 0000000000000000 RBX: 0000000000000004 RCX: 00007fd5db874e37
[   36.516049] RDX: 0000000000000000 RSI: 0000000000000080 RDI: 0000000000000004
[   36.516508] RBP: 00007ffce6ce2e70 R08: 0000000000000000 R09: 0000000000000032
[   36.516966] R10: 00007ffce6ce2e40 R11: 0000000000000293 R12: 0000000000402400
[   36.517423] R13: 00007ffce6ce3000 R14: 0000000000000000 R15: 0000000000000000
[   36.517892]  </TASK>
[   36.518049] Modules linked in:
[   36.518278] CR2: 0000000000000000
[   36.518502] ---[ end trace 0000000000000000 ]---
[   36.518724] BUG: kernel NULL pointer dereference, address: 0000000000000000
[   36.518812] RIP: 0010:kthread_stop+0xd9/0x360
[   36.519306] #PF: supervisor write access in kernel mode
[   36.519600] Code: 44 8b 63 2c 31 ff 41 81 e4 00 00 20 00 44 89 e6 e8 8c f6 16 00 45 85 e4 0f 84 81 02 00 00 e8 9e f4 16 00 4c 8b a3 40 0a 00 00 <f0> 41 80 0c 24 02 48 89 df e8 f9 f1 ff ff f0 80 4b 02 02 48 89 df
[   36.519937] #PF: error_code(0x0002) - not-present page
[   36.521108] RSP: 0000:ffffc9000238fda8 EFLAGS: 00010246
[   36.521436] PGD 12e9e067 P4D 12e9e067 
[   36.521772] RAX: 0000000000000000 RBX: ffff888017d72340 RCX: ffffffff81167534
[   36.521775] PUD 1873b067 PMD 0 
[   36.522478] RDX: 0000000000000000 RSI: ffff888017d70000 RDI: 0000000000000002
[   36.522689] Oops: 0002 [#4] PREEMPT SMP NOPTI
[   36.523139] RBP: ffffc9000238fdc8 R08: 0000000000000001 R09: 0000000000000001
[   36.523431] CPU: 1 PID: 4140 Comm: repro Tainted: G      D W          6.3.0-3fb29a23fcda+ #1
[   36.523866] R10: 0000000000000000 R11: 0000000000000000 R12: 0000000000000000
[   36.524380] Hardware name: QEMU Standard PC (i440FX + PIIX, 1996), BIOS rel-1.14.0-0-g155821a1990b-prebuilt.qemu.org 04/01/2014
[   36.524816] R13: ffff888017d72368 R14: ffff888017d51ae0 R15: ffff8880070956a8
[   36.525517] RIP: 0010:kthread_stop+0xd9/0x360
[   36.525956] FS:  00007fd5db664800(0000) GS:ffff88807dc00000(0000) knlGS:0000000000000000
[   36.526237] Code: 44 8b 63 2c 31 ff 41 81 e4 00 00 20 00 44 89 e6 e8 8c f6 16 00 45 85 e4 0f 84 81 02 00 00 e8 9e f4 16 00 4c 8b a3 40 0a 00 00 <f0> 41 80 0c 24 02 48 89 df e8 f9 f1 ff ff f0 80 4b 02 02 48 89 df
[   36.526736] CS:  0010 DS: 0000 ES: 0000 CR0: 0000000080050033
[   36.527843] RSP: 0018:ffffc90002417da8 EFLAGS: 00010246
[   36.528205] CR2: 0000000000000000 CR3: 0000000014184003 CR4: 0000000000770ef0
[   36.528528] RAX: 0000000000000000 RBX: ffff888017d72340 RCX: ffffffff81167534
[   36.528967] DR0: 0000000000000000 DR1: 0000000000000000 DR2: 0000000000000000
[   36.529397] RDX: 0000000000000000 RSI: ffff8880141a8000 RDI: 0000000000000002
[   36.529834] DR3: 0000000000000000 DR6: 00000000ffff07f0 DR7: 0000000000000400
[   36.530266] RBP: ffffc90002417dc8 R08: 0000000000000000 R09: 0000000000000000
[   36.530700] PKRU: 55555554
[   36.531133] R10: ffffc90002417dc8 R11: 0000000000000000 R12: 0000000000000000
[   36.531308] note: repro[4122] exited with irqs disabled
[   36.531748] R13: ffff888017d72368 R14: ffff888017d3aae0 R15: ffff8880070956a8
[   36.532498] FS:  00007fd5db664800(0000) GS:ffff88807dd00000(0000) knlGS:0000000000000000
[   36.532958] CS:  0010 DS: 0000 ES: 0000 CR0: 0000000080050033
[   36.533287] CR2: 0000000000000000 CR3: 0000000014188005 CR4: 0000000000770ee0
[   36.533696] DR0: 0000000000000000 DR1: 0000000000000000 DR2: 0000000000000000
[   36.534101] DR3: 0000000000000000 DR6: 00000000ffff07f0 DR7: 0000000000000400
[   36.534504] PKRU: 55555554
[   36.534666] Call Trace:
[   36.534814]  <TASK>
[   36.534950]  hwrng_unregister+0x182/0x210
[   36.535189]  tpm_chip_unregister+0x1aa/0x1d0
[   36.535441]  ? __pfx_vtpm_proxy_fops_release+0x10/0x10
[   36.535745]  vtpm_proxy_fops_release+0x8f/0xa0
[   36.536017]  __fput+0x11f/0x450
[   36.536220]  ____fput+0x1e/0x30
[   36.536422]  task_work_run+0xb6/0x120
[   36.536647]  exit_to_user_mode_prepare+0x200/0x210
[   36.536944]  syscall_exit_to_user_mode+0x2d/0x60
[   36.537228]  do_syscall_64+0x4a/0x90
[   36.537448]  entry_SYSCALL_64_after_hwframe+0x72/0xdc
[   36.537743] RIP: 0033:0x7fd5db874e37
[   36.537959] Code: 12 b8 03 00 00 00 0f 05 48 3d 00 f0 ff ff 77 3b c3 66 90 53 89 fb 48 83 ec 10 e8 d4 fb ff ff 89 c2 89 df b8 03 00 00 00 0f 05 <48> 3d 00 f0 ff ff 77 2b 89 d7 89 44 24 0c e8 16 fc ff ff 8b 44 24
[   36.538981] RSP: 002b:00007ffce6ce2e40 EFLAGS: 00000293 ORIG_RAX: 0000000000000003
[   36.539416] RAX: 0000000000000000 RBX: 0000000000000004 RCX: 00007fd5db874e37
[   36.539825] RDX: 0000000000000000 RSI: 0000000000000080 RDI: 0000000000000004
[   36.540235] RBP: 00007ffce6ce2e70 R08: 0000000000000000 R09: 0000000000000032
[   36.540644] R10: 00007ffce6ce2e40 R11: 0000000000000293 R12: 0000000000402400
[   36.541052] R13: 00007ffce6ce3000 R14: 0000000000000000 R15: 0000000000000000
[   36.541473]  </TASK>
[   36.541605] Modules linked in:
[   36.541802] CR2: 0000000000000000
[   36.542011] ---[ end trace 0000000000000000 ]---
[   36.542294] RIP: 0010:kthread_stop+0xd9/0x360
[   36.542570] Code: 44 8b 63 2c 31 ff 41 81 e4 00 00 20 00 44 89 e6 e8 8c f6 16 00 45 85 e4 0f 84 81 02 00 00 e8 9e f4 16 00 4c 8b a3 40 0a 00 00 <f0> 41 80 0c 24 02 48 89 df e8 f9 f1 ff ff f0 80 4b 02 02 48 89 df
[   36.543670] RSP: 0000:ffffc9000238fda8 EFLAGS: 00010246
[   36.543989] RAX: 0000000000000000 RBX: ffff888017d72340 RCX: ffffffff81167534
[   36.544429] RDX: 0000000000000000 RSI: ffff888017d70000 RDI: 0000000000000002
[   36.544870] RBP: ffffc9000238fdc8 R08: 0000000000000001 R09: 0000000000000001
[   36.545311] R10: 0000000000000000 R11: 0000000000000000 R12: 0000000000000000
[   36.545749] R13: ffff888017d72368 R14: ffff888017d51ae0 R15: ffff8880070956a8
[   36.546198] FS:  00007fd5db664800(0000) GS:ffff88807dd00000(0000) knlGS:0000000000000000
[   36.546710] CS:  0010 DS: 0000 ES: 0000 CR0: 0000000080050033
[   36.547083] CR2: 0000000000000000 CR3: 0000000014188005 CR4: 0000000000770ee0
[   36.547557] DR0: 0000000000000000 DR1: 0000000000000000 DR2: 0000000000000000
[   36.548025] DR3: 0000000000000000 DR6: 00000000ffff07f0 DR7: 0000000000000400
[   36.548475] PKRU: 55555554
[   36.548652] note: repro[4140] exited with irqs disabled
[   36.554212] tpm tpm3: Operation Canceled
[   36.556027] ------------[ cut here ]------------
[   36.556347] WARNING: CPU: 0 PID: 4139 at kernel/kthread.c:75 kthread_stop+0x353/0x360
[   36.556860] Modules linked in:
[   36.557068] CPU: 0 PID: 4139 Comm: repro Tainted: G      D W          6.3.0-3fb29a23fcda+ #1
[   36.557597] Hardware name: QEMU Standard PC (i440FX + PIIX, 1996), BIOS rel-1.14.0-0-g155821a1990b-prebuilt.qemu.org 04/01/2014
[   36.558342] RIP: 0010:kthread_stop+0x353/0x360
[   36.558634] Code: 00 4c 89 ef e8 1e e0 c0 00 e9 1f fe ff ff e8 34 f2 16 00 be 02 00 00 00 4c 89 ef e8 07 e0 c0 00 e9 5c fd ff ff e8 1d f2 16 00 <0f> 0b e9 73 fd ff ff 66 0f 1f 44 00 00 90 90 90 90 90 90 90 90 90
[   36.559792] RSP: 0018:ffffc900023cfda8 EFLAGS: 00010246
[   36.560125] RAX: 0000000000000000 RBX: ffff888017d72340 RCX: ffffffff81167534
[   36.560569] RDX: 0000000000000000 RSI: ffff888017db0000 RDI: 0000000000000002
[   36.561007] RBP: ffffc900023cfdc8 R08: 0000000000000000 R09: 0000000000000000
[   36.561450] R10: ffffc900023cfdc8 R11: 0000000000000000 R12: 0000000000000000
[   36.561884] R13: ffff888017d72368 R14: ffff888017d50ae0 R15: ffff8880070956a8
[   36.562344] FS:  00007fd5db664800(0000) GS:ffff88807dc00000(0000) knlGS:0000000000000000
[   36.562846] CS:  0010 DS: 0000 ES: 0000 CR0: 0000000080050033
[   36.563203] CR2: 0000564b94f68458 CR3: 00000000186a4002 CR4: 0000000000770ef0
[   36.563642] DR0: 0000000000000000 DR1: 0000000000000000 DR2: 0000000000000000
[   36.564071] DR3: 0000000000000000 DR6: 00000000ffff07f0 DR7: 0000000000000400
[   36.564502] PKRU: 55555554
[   36.564679] Call Trace:
[   36.564839]  <TASK>
[   36.564985]  hwrng_unregister+0x182/0x210
[   36.565239]  tpm_chip_unregister+0x1aa/0x1d0
[   36.565511]  ? __pfx_vtpm_proxy_fops_release+0x10/0x10
[   36.565838]  vtpm_proxy_fops_release+0x8f/0xa0
[   36.566133]  __fput+0x11f/0x450
[   36.566348]  ____fput+0x1e/0x30
[   36.566561]  task_work_run+0xb6/0x120
[   36.566799]  exit_to_user_mode_prepare+0x200/0x210
[   36.567102]  syscall_exit_to_user_mode+0x2d/0x60
[   36.567460]  do_syscall_64+0x4a/0x90
[   36.567702]  entry_SYSCALL_64_after_hwframe+0x72/0xdc
[   36.568033] RIP: 0033:0x7fd5db874e37
[   36.568273] Code: 12 b8 03 00 00 00 0f 05 48 3d 00 f0 ff ff 77 3b c3 66 90 53 89 fb 48 83 ec 10 e8 d4 fb ff ff 89 c2 89 df b8 03 00 00 00 0f 05 <48> 3d 00 f0 ff ff 77 2b 89 d7 89 44 24 0c e8 16 fc ff ff 8b 44 24
[   36.569420] RSP: 002b:00007ffce6ce2e40 EFLAGS: 00000293 ORIG_RAX: 0000000000000003
[   36.569907] RAX: 0000000000000000 RBX: 0000000000000004 RCX: 00007fd5db874e37
[   36.570392] RDX: 0000000000000000 RSI: 0000000000000080 RDI: 0000000000000004
[   36.570895] RBP: 00007ffce6ce2e70 R08: 0000000000000000 R09: 0000000000000032
[   36.571376] R10: 00007ffce6ce2e40 R11: 0000000000000293 R12: 0000000000402400
[   36.571839] R13: 00007ffce6ce3000 R14: 0000000000000000 R15: 0000000000000000
[   36.572314]  </TASK>
[   36.572470] irq event stamp: 0
[   36.572684] hardirqs last  enabled at (0): [<0000000000000000>] 0x0
[   36.573106] hardirqs last disabled at (0): [<ffffffff81113b14>] copy_process+0x1294/0x2c60
[   36.573653] softirqs last  enabled at (0): [<ffffffff81113b18>] copy_process+0x1298/0x2c60
[   36.574213] softirqs last disabled at (0): [<0000000000000000>] 0x0
[   36.574629] ---[ end trace 0000000000000000 ]---
[   36.574944] BUG: kernel NULL pointer dereference, address: 0000000000000000
[   36.575380] #PF: supervisor write access in kernel mode
[   36.575747] #PF: error_code(0x0002) - not-present page
[   36.576094] PGD 17e83067 P4D 17e83067 PUD 1862b067 PMD 0 
[   36.576469] Oops: 0002 [#5] PREEMPT SMP NOPTI
[   36.576752] CPU: 0 PID: 4139 Comm: repro Tainted: G      D W          6.3.0-3fb29a23fcda+ #1
[   36.577304] Hardware name: QEMU Standard PC (i440FX + PIIX, 1996), BIOS rel-1.14.0-0-g155821a1990b-prebuilt.qemu.org 04/01/2014
[   36.578059] RIP: 0010:kthread_stop+0xd9/0x360
[   36.578358] Code: 44 8b 63 2c 31 ff 41 81 e4 00 00 20 00 44 89 e6 e8 8c f6 16 00 45 85 e4 0f 84 81 02 00 00 e8 9e f4 16 00 4c 8b a3 40 0a 00 00 <f0> 41 80 0c 24 02 48 89 df e8 f9 f1 ff ff f0 80 4b 02 02 48 89 df
[   36.579552] RSP: 0018:ffffc900023cfda8 EFLAGS: 00010246
[   36.579898] RAX: 0000000000000000 RBX: ffff888017d72340 RCX: ffffffff81167534
[   36.580369] RDX: 0000000000000000 RSI: ffff888017db0000 RDI: 0000000000000002
[   36.580844] RBP: ffffc900023cfdc8 R08: 0000000000000000 R09: 0000000000000000
[   36.581331] R10: ffffc900023cfdc8 R11: 0000000000000000 R12: 0000000000000000
[   36.581801] R13: ffff888017d72368 R14: ffff888017d50ae0 R15: ffff8880070956a8
[   36.582292] FS:  00007fd5db664800(0000) GS:ffff88807dc00000(0000) knlGS:0000000000000000
[   36.582812] CS:  0010 DS: 0000 ES: 0000 CR0: 0000000080050033
[   36.583199] CR2: 0000000000000000 CR3: 00000000186a4002 CR4: 0000000000770ef0
[   36.583681] DR0: 0000000000000000 DR1: 0000000000000000 DR2: 0000000000000000
[   36.584153] DR3: 0000000000000000 DR6: 00000000ffff07f0 DR7: 0000000000000400
[   36.584624] PKRU: 55555554
[   36.584720] tpm tpm5: Operation Canceled
[   36.584810] Call Trace:
[   36.584815]  <TASK>
[   36.585427] ------------[ cut here ]------------
[   36.585448]  hwrng_unregister+0x182/0x210
[   36.585763] WARNING: CPU: 1 PID: 4143 at kernel/kthread.c:75 kthread_stop+0x353/0x360
[   36.586039]  tpm_chip_unregister+0x1aa/0x1d0
[   36.586549] Modules linked in:
[   36.586826]  ? __pfx_vtpm_proxy_fops_release+0x10/0x10
[   36.587029] CPU: 1 PID: 4143 Comm: repro Tainted: G      D W          6.3.0-3fb29a23fcda+ #1
[   36.587367]  vtpm_proxy_fops_release+0x8f/0xa0
[   36.587935] Hardware name: QEMU Standard PC (i440FX + PIIX, 1996), BIOS rel-1.14.0-0-g155821a1990b-prebuilt.qemu.org 04/01/2014
[   36.588233]  __fput+0x11f/0x450
[   36.588956] RIP: 0010:kthread_stop+0x353/0x360
[   36.589183]  ____fput+0x1e/0x30
[   36.589472] Code: 00 4c 89 ef e8 1e e0 c0 00 e9 1f fe ff ff e8 34 f2 16 00 be 02 00 00 00 4c 89 ef e8 07 e0 c0 00 e9 5c fd ff ff e8 1d f2 16 00 <0f> 0b e9 73 fd ff ff 66 0f 1f 44 00 00 90 90 90 90 90 90 90 90 90
[   36.589687]  task_work_run+0xb6/0x120
[   36.590844] RSP: 0018:ffffc9000240fda8 EFLAGS: 00010246
[   36.591091]  exit_to_user_mode_prepare+0x200/0x210
[   36.591442] RAX: 0000000000000000 RBX: ffff888017d72340 RCX: ffffffff81167534
[   36.591738]  syscall_exit_to_user_mode+0x2d/0x60
[   36.592157] RDX: 0000000000000000 RSI: ffff888017db2340 RDI: 0000000000000002
[   36.592441]  do_syscall_64+0x4a/0x90
[   36.592869] RBP: ffffc9000240fdc8 R08: 0000000000000000 R09: 0000000000000000
[   36.593091]  entry_SYSCALL_64_after_hwframe+0x72/0xdc
[   36.593516] R10: ffffc9000240fdc8 R11: 0000000000000001 R12: 0000000000000000
[   36.593820] RIP: 0033:0x7fd5db874e37
[   36.594248] R13: ffff888017d72368 R14: ffff888017d3bae0 R15: ffff8880070956a8
[   36.594463] Code: 12 b8 03 00 00 00 0f 05 48 3d 00 f0 ff ff 77 3b c3 66 90 53 89 fb 48 83 ec 10 e8 d4 fb ff ff 89 c2 89 df b8 03 00 00 00 0f 05 <48> 3d 00 f0 ff ff 77 2b 89 d7 89 44 24 0c e8 16 fc ff ff 8b 44 24
[   36.594891] FS:  00007fd5db664800(0000) GS:ffff88807dd00000(0000) knlGS:0000000000000000
[   36.596019] RSP: 002b:00007ffce6ce2e40 EFLAGS: 00000293 ORIG_RAX: 0000000000000003
[   36.596496] CS:  0010 DS: 0000 ES: 0000 CR0: 0000000080050033
[   36.596956] RAX: 0000000000000000 RBX: 0000000000000004 RCX: 00007fd5db874e37
[   36.597300] CR2: 00007fa164821366 CR3: 00000000186be001 CR4: 0000000000770ee0
[   36.597713] RDX: 0000000000000000 RSI: 0000000000000080 RDI: 0000000000000004
[   36.598158] DR0: 0000000000000000 DR1: 0000000000000000 DR2: 0000000000000000
[   36.598564] RBP: 00007ffce6ce2e70 R08: 0000000000000000 R09: 0000000000000032
[   36.598987] DR3: 0000000000000000 DR6: 00000000ffff07f0 DR7: 0000000000000400
[   36.599459] R10: 00007ffce6ce2e40 R11: 0000000000000293 R12: 0000000000402400
[   36.599890] PKRU: 55555554
[   36.600357] R13: 00007ffce6ce3000 R14: 0000000000000000 R15: 0000000000000000
[   36.600541] Call Trace:
[   36.601015]  </TASK>
[   36.601181]  <TASK>
[   36.601338] Modules linked in:
[   36.601492]  hwrng_unregister+0x182/0x210
[   36.601708] CR2: 0000000000000000
[   36.601983]  tpm_chip_unregister+0x1aa/0x1d0
[   36.602205] ---[ end trace 0000000000000000 ]---
[   36.602210] RIP: 0010:kthread_stop+0xd9/0x360
[   36.602474]  ? __pfx_vtpm_proxy_fops_release+0x10/0x10
[   36.602755] Code: 44 8b 63 2c 31 ff 41 81 e4 00 00 20 00 44 89 e6 e8 8c f6 16 00 45 85 e4 0f 84 81 02 00 00 e8 9e f4 16 00 4c 8b a3 40 0a 00 00 <f0> 41 80 0c 24 02 48 89 df e8 f9 f1 ff ff f0 80 4b 02 02 48 89 df
[   36.603024]  vtpm_proxy_fops_release+0x8f/0xa0
[   36.603348] RSP: 0000:ffffc9000238fda8 EFLAGS: 00010246
[   36.604508]  __fput+0x11f/0x450
[   36.604780] 
[   36.604783] RAX: 0000000000000000 RBX: ffff888017d72340 RCX: ffffffff81167534
[   36.605116]  ____fput+0x1e/0x30
[   36.605329] RDX: 0000000000000000 RSI: ffff888017d70000 RDI: 0000000000000002
[   36.605442]  task_work_run+0xb6/0x120
[   36.605900] RBP: ffffc9000238fdc8 R08: 0000000000000001 R09: 0000000000000001
[   36.606127]  exit_to_user_mode_prepare+0x200/0x210
[   36.606539] R10: 0000000000000000 R11: 0000000000000000 R12: 0000000000000000
[   36.606767]  syscall_exit_to_user_mode+0x2d/0x60
[   36.607193] R13: ffff888017d72368 R14: ffff888017d51ae0 R15: ffff8880070956a8
[   36.607514]  do_syscall_64+0x4a/0x90
[   36.607956] FS:  00007fd5db664800(0000) GS:ffff88807dc00000(0000) knlGS:0000000000000000
[   36.608241]  entry_SYSCALL_64_after_hwframe+0x72/0xdc
[   36.608666] CS:  0010 DS: 0000 ES: 0000 CR0: 0000000080050033
[   36.608890] RIP: 0033:0x7fd5db874e37
[   36.609380] CR2: 0000000000000000 CR3: 00000000186a4002 CR4: 0000000000770ef0
[   36.609703] Code: 12 b8 03 00 00 00 0f 05 48 3d 00 f0 ff ff 77 3b c3 66 90 53 89 fb 48 83 ec 10 e8 d4 fb ff ff 89 c2 89 df b8 03 00 00 00 0f 05 <48> 3d 00 f0 ff ff 77 2b 89 d7 89 44 24 0c e8 16 fc ff ff 8b 44 24
[   36.610053] DR0: 0000000000000000 DR1: 0000000000000000 DR2: 0000000000000000
[   36.610294] RSP: 002b:00007ffce6ce2e40 EFLAGS: 00000293
[   36.610748] DR3: 0000000000000000 DR6: 00000000ffff07f0 DR7: 0000000000000400
[   36.611931]  ORIG_RAX: 0000000000000003
[   36.612393] PKRU: 55555554
[   36.612733] RAX: 0000000000000000 RBX: 0000000000000004 RCX: 00007fd5db874e37
[   36.613187] note: repro[4139] exited with irqs disabled
[   36.613432] RDX: 0000000000000000 RSI: 0000000000000080 RDI: 0000000000000004
[   36.614900] RBP: 00007ffce6ce2e70 R08: 0000000000000000 R09: 0000000000000032
[   36.615353] R10: 00007ffce6ce2e40 R11: 0000000000000293 R12: 0000000000402400
[   36.615810] R13: 00007ffce6ce3000 R14: 0000000000000000 R15: 0000000000000000
[   36.616215]  </TASK>
[   36.616347] irq event stamp: 0
[   36.616532] hardirqs last  enabled at (0): [<0000000000000000>] 0x0
[   36.616884] hardirqs last disabled at (0): [<ffffffff81113b14>] copy_process+0x1294/0x2c60
[   36.617356] softirqs last  enabled at (0): [<ffffffff81113b18>] copy_process+0x1298/0x2c60
[   36.617808] softirqs last disabled at (0): [<0000000000000000>] 0x0
[   36.618140] ---[ end trace 0000000000000000 ]---
[   36.618386] BUG: kernel NULL pointer dereference, address: 0000000000000000
[   36.618738] #PF: supervisor write access in kernel mode
[   36.619015] #PF: error_code(0x0002) - not-present page
[   36.619298] PGD 1438a067 P4D 1438a067 PUD 183bd067 PMD 0 
[   36.619986] Oops: 0002 [#6] PREEMPT SMP NOPTI
[   36.621239] CPU: 1 PID: 4143 Comm: repro Tainted: G      D W          6.3.0-3fb29a23fcda+ #1
[   36.621686] Hardware name: QEMU Standard PC (i440FX + PIIX, 1996), BIOS rel-1.14.0-0-g155821a1990b-prebuilt.qemu.org 04/01/2014
[   36.622267] RIP: 0010:kthread_stop+0xd9/0x360
[   36.622514] Code: 44 8b 63 2c 31 ff 41 81 e4 00 00 20 00 44 89 e6 e8 8c f6 16 00 45 85 e4 0f 84 81 02 00 00 e8 9e f4 16 00 4c 8b a3 40 0a 00 00 <f0> 41 80 0c 24 02 48 89 df e8 f9 f1 ff ff f0 80 4b 02 02 48 89 df
[   36.623485] RSP: 0018:ffffc9000240fda8 EFLAGS: 00010246
[   36.623762] RAX: 0000000000000000 RBX: ffff888017d72340 RCX: ffffffff81167534
[   36.624129] RDX: 0000000000000000 RSI: ffff888017db2340 RDI: 0000000000000002
[   36.624496] RBP: ffffc9000240fdc8 R08: 0000000000000000 R09: 0000000000000000
[   36.624864] R10: ffffc9000240fdc8 R11: 0000000000000001 R12: 0000000000000000
[   36.625232] R13: ffff888017d72368 R14: ffff888017d3bae0 R15: ffff8880070956a8
[   36.625599] FS:  00007fd5db664800(0000) GS:ffff88807dd00000(0000) knlGS:0000000000000000
[   36.626015] CS:  0010 DS: 0000 ES: 0000 CR0: 0000000080050033
[   36.626316] CR2: 0000000000000000 CR3: 00000000186be001 CR4: 0000000000770ee0
[   36.626687] DR0: 0000000000000000 DR1: 0000000000000000 DR2: 0000000000000000
[   36.627054] DR3: 0000000000000000 DR6: 00000000ffff07f0 DR7: 0000000000000400
[   36.627430] PKRU: 55555554
[   36.627579] Call Trace:
[   36.627716]  <TASK>
[   36.627840]  hwrng_unregister+0x182/0x210
[   36.628062]  tpm_chip_unregister+0x1aa/0x1d0
[   36.628299]  ? __pfx_vtpm_proxy_fops_release+0x10/0x10
[   36.628581]  vtpm_proxy_fops_release+0x8f/0xa0
[   36.628823]  __fput+0x11f/0x450
[   36.628998]  ____fput+0x1e/0x30
[   36.629171]  task_work_run+0xb6/0x120
[   36.629363]  exit_to_user_mode_prepare+0x200/0x210
[   36.629618]  syscall_exit_to_user_mode+0x2d/0x60
[   36.629878]  do_syscall_64+0x4a/0x90
[   36.630082]  entry_SYSCALL_64_after_hwframe+0x72/0xdc
[   36.630359] RIP: 0033:0x7fd5db874e37
[   36.630555] Code: 12 b8 03 00 00 00 0f 05 48 3d 00 f0 ff ff 77 3b c3 66 90 53 89 fb 48 83 ec 10 e8 d4 fb ff ff 89 c2 89 df b8 03 00 00 00 0f 05 <48> 3d 00 f0 ff ff 77 2b 89 d7 89 44 24 0c e8 16 fc ff ff 8b 44 24
[   36.631495] RSP: 002b:00007ffce6ce2e40 EFLAGS: 00000293 ORIG_RAX: 0000000000000003
[   36.631889] RAX: 0000000000000000 RBX: 0000000000000004 RCX: 00007fd5db874e37
[   36.632257] RDX: 0000000000000000 RSI: 0000000000000080 RDI: 0000000000000004
[   36.632625] RBP: 00007ffce6ce2e70 R08: 0000000000000000 R09: 0000000000000032
[   36.632993] R10: 00007ffce6ce2e40 R11: 0000000000000293 R12: 0000000000402400
[   36.633366] R13: 00007ffce6ce3000 R14: 0000000000000000 R15: 0000000000000000
[   36.633741]  </TASK>
[   36.633866] Modules linked in:
[   36.634049] CR2: 0000000000000000
[   36.634233] ---[ end trace 0000000000000000 ]---
[   36.634478] RIP: 0010:kthread_stop+0xd9/0x360
[   36.634716] Code: 44 8b 63 2c 31 ff 41 81 e4 00 00 20 00 44 89 e6 e8 8c f6 16 00 45 85 e4 0f 84 81 02 00 00 e8 9e f4 16 00 4c 8b a3 40 0a 00 00 <f0> 41 80 0c 24 02 48 89 df e8 f9 f1 ff ff f0 80 4b 02 02 48 89 df
[   36.635682] RSP: 0000:ffffc9000238fda8 EFLAGS: 00010246
[   36.635960] RAX: 0000000000000000 RBX: ffff888017d72340 RCX: ffffffff81167534
[   36.636332] RDX: 0000000000000000 RSI: ffff888017d70000 RDI: 0000000000000002
[   36.636703] RBP: ffffc9000238fdc8 R08: 0000000000000001 R09: 0000000000000001
[   36.637076] R10: 0000000000000000 R11: 0000000000000000 R12: 0000000000000000
[   36.637447] R13: ffff888017d72368 R14: ffff888017d51ae0 R15: ffff8880070956a8
[   36.637820] FS:  00007fd5db664800(0000) GS:ffff88807dd00000(0000) knlGS:0000000000000000
[   36.638250] CS:  0010 DS: 0000 ES: 0000 CR0: 0000000080050033
[   36.638558] CR2: 0000000000000000 CR3: 00000000186be001 CR4: 0000000000770ee0
[   36.638934] DR0: 0000000000000000 DR1: 0000000000000000 DR2: 0000000000000000
[   36.639307] DR3: 0000000000000000 DR6: 00000000ffff07f0 DR7: 0000000000000400
[   36.639689] PKRU: 55555554
[   36.639841] note: repro[4143] exited with irqs disabled
[   36.660268] tpm tpm6: Operation Canceled
[   36.662698] ------------[ cut here ]------------
[   36.663042] WARNING: CPU: 1 PID: 4160 at kernel/kthread.c:75 kthread_stop+0x353/0x360
[   36.663492] Modules linked in:
[   36.663675] CPU: 1 PID: 4160 Comm: repro Tainted: G      D W          6.3.0-3fb29a23fcda+ #1
[   36.664135] Hardware name: QEMU Standard PC (i440FX + PIIX, 1996), BIOS rel-1.14.0-0-g155821a1990b-prebuilt.qemu.org 04/01/2014
[   36.664737] RIP: 0010:kthread_stop+0x353/0x360
[   36.664988] Code: 00 4c 89 ef e8 1e e0 c0 00 e9 1f fe ff ff e8 34 f2 16 00 be 02 00 00 00 4c 89 ef e8 07 e0 c0 00 e9 5c fd ff ff e8 1d f2 16 00 <0f> 0b e9 73 fd ff ff 66 0f 1f 44 00 00 90 90 90 90 90 90 90 90 90
[   36.665968] RSP: 0018:ffffc90002437da8 EFLAGS: 00010246
[   36.666282] RAX: 0000000000000000 RBX: ffff888017d72340 RCX: ffffffff81167534
[   36.666674] RDX: 0000000000000000 RSI: ffff888018462340 RDI: 0000000000000002
[   36.667184] RBP: ffffc90002437dc8 R08: 0000000000000000 R09: 0000000000000000
[   36.667665] R10: ffffc90002437dc8 R11: 0000000000000000 R12: 0000000000000000
[   36.668120] R13: ffff888017d72368 R14: ffff888017d57ae0 R15: ffff8880070956a8
[   36.668546] FS:  00007fd5db664800(0000) GS:ffff88807dd00000(0000) knlGS:0000000000000000
[   36.669056] CS:  0010 DS: 0000 ES: 0000 CR0: 0000000080050033
[   36.669400] CR2: 00007fd5db8783b8 CR3: 0000000014172006 CR4: 0000000000770ee0
[   36.669866] DR0: 0000000000000000 DR1: 0000000000000000 DR2: 0000000000000000
[   36.670323] DR3: 0000000000000000 DR6: 00000000ffff07f0 DR7: 0000000000000400
[   36.670796] PKRU: 55555554
[   36.670980] Call Trace:
[   36.671159]  <TASK>
[   36.671294]  hwrng_unregister+0x182/0x210
[   36.671611]  tpm_chip_unregister+0x1aa/0x1d0
[   36.671865]  ? __pfx_vtpm_proxy_fops_release+0x10/0x10
[   36.672245]  vtpm_proxy_fops_release+0x8f/0xa0
[   36.672506]  __fput+0x11f/0x450
[   36.672737]  ____fput+0x1e/0x30
[   36.672963]  task_work_run+0xb6/0x120
[   36.673184]  exit_to_user_mode_prepare+0x200/0x210
[   36.673529]  syscall_exit_to_user_mode+0x2d/0x60
[   36.673800]  do_syscall_64+0x4a/0x90
[   36.674107]  entry_SYSCALL_64_after_hwframe+0x72/0xdc
[   36.674401] RIP: 0033:0x7fd5db874e37
[   36.674651] Code: 12 b8 03 00 00 00 0f 05 48 3d 00 f0 ff ff 77 3b c3 66 90 53 89 fb 48 83 ec 10 e8 d4 fb ff ff 89 c2 89 df b8 03 00 00 00 0f 05 <48> 3d 00 f0 ff ff 77 2b 89 d7 89 44 24 0c e8 16 fc ff ff 8b 44 24
[   36.675751] RSP: 002b:00007ffce6ce2e40 EFLAGS: 00000293 ORIG_RAX: 0000000000000003
[   36.676237] RAX: 0000000000000000 RBX: 0000000000000004 RCX: 00007fd5db874e37
[   36.676691] RDX: 0000000000000000 RSI: 0000000000000080 RDI: 0000000000000004
[   36.677089] RBP: 00007ffce6ce2e70 R08: 0000000000000000 R09: 0000000000000032
[   36.677538] R10: 00007ffce6ce2e40 R11: 0000000000000293 R12: 0000000000402400
[   36.678000] R13: 00007ffce6ce3000 R14: 0000000000000000 R15: 0000000000000000
[   36.678418]  </TASK>
[   36.678608] irq event stamp: 0
[   36.678783] hardirqs last  enabled at (0): [<0000000000000000>] 0x0
[   36.679192] hardirqs last disabled at (0): [<ffffffff81113b14>] copy_process+0x1294/0x2c60
[   36.679659] softirqs last  enabled at (0): [<ffffffff81113b18>] copy_process+0x1298/0x2c60
[   36.680156] softirqs last disabled at (0): [<0000000000000000>] 0x0
[   36.680562] ---[ end trace 0000000000000000 ]---
[   36.680833] BUG: kernel NULL pointer dereference, address: 0000000000000000
[   36.681262] #PF: supervisor write access in kernel mode
[   36.681605] #PF: error_code(0x0002) - not-present page
[   36.681891] PGD 18317067 P4D 18317067 PUD 17f21067 PMD 0 
[   36.682276] Oops: 0002 [#7] PREEMPT SMP NOPTI
[   36.682527] CPU: 1 PID: 4160 Comm: repro Tainted: G      D W          6.3.0-3fb29a23fcda+ #1
[   36.683051] Hardware name: QEMU Standard PC (i440FX + PIIX, 1996), BIOS rel-1.14.0-0-g155821a1990b-prebuilt.qemu.org 04/01/2014
[   36.683729] RIP: 0010:kthread_stop+0xd9/0x360
[   36.684009] Code: 44 8b 63 2c 31 ff 41 81 e4 00 00 20 00 44 89 e6 e8 8c f6 16 00 45 85 e4 0f 84 81 02 00 00 e8 9e f4 16 00 4c 8b a3 40 0a 00 00 <f0> 41 80 0c 24 02 48 89 df e8 f9 f1 ff ff f0 80 4b 02 02 48 89 df
[   36.685082] RSP: 0018:ffffc90002437da8 EFLAGS: 00010246
[   36.685443] RAX: 0000000000000000 RBX: ffff888017d72340 RCX: ffffffff81167534
[   36.685831] RDX: 0000000000000000 RSI: ffff888018462340 RDI: 0000000000000002
[   36.686223] RBP: ffffc90002437dc8 R08: 0000000000000000 R09: 0000000000000000
[   36.686611] R10: ffffc90002437dc8 R11: 0000000000000000 R12: 0000000000000000
[   36.687003] R13: ffff888017d72368 R14: ffff888017d57ae0 R15: ffff8880070956a8
[   36.687390] FS:  00007fd5db664800(0000) GS:ffff88807dd00000(0000) knlGS:0000000000000000
[   36.687831] CS:  0010 DS: 0000 ES: 0000 CR0: 0000000080050033
[   36.688148] CR2: 0000000000000000 CR3: 0000000014172006 CR4: 0000000000770ee0
[   36.688537] DR0: 0000000000000000 DR1: 0000000000000000 DR2: 0000000000000000
[   36.688918] DR3: 0000000000000000 DR6: 00000000ffff07f0 DR7: 0000000000000400
[   36.689305] PKRU: 55555554
[   36.689464] Call Trace:
[   36.689605]  <TASK>
[   36.689731]  hwrng_unregister+0x182/0x210
[   36.689961]  tpm_chip_unregister+0x1aa/0x1d0
[   36.690212]  ? __pfx_vtpm_proxy_fops_release+0x10/0x10
[   36.690508]  vtpm_proxy_fops_release+0x8f/0xa0
[   36.690770]  __fput+0x11f/0x450
[   36.690973]  ____fput+0x1e/0x30
[   36.690979] tpm tpm6: Operation Canceled
[   36.691382]  task_work_run+0xb6/0x120
[   36.691611]  exit_to_user_mode_prepare+0x200/0x210
[   36.691882]  syscall_exit_to_user_mode+0x2d/0x60
[   36.692151]  do_syscall_64+0x4a/0x90
[   36.692365]  entry_SYSCALL_64_after_hwframe+0x72/0xdc
[   36.692647] RIP: 0033:0x7fd5db874e37
[   36.692852] Code: 12 b8 03 00 00 00 0f 05 48 3d 00 f0 ff ff 77 3b c3 66 90 53 89 fb 48 83 ec 10 e8 d4 fb ff ff 89 c2 89 df b8 03 00 00 00 0f 05 <48> 3d 00 f0 ff ff 77 2b 89 d7 89 44 24 0c e8 16 fc ff ff 8b 44 24
[   36.693831] RSP: 002b:00007ffce6ce2e40 EFLAGS: 00000293 ORIG_RAX: 0000000000000003
[   36.694243] RAX: 0000000000000000 RBX: 0000000000000004 RCX: 00007fd5db874e37
[   36.694628] RDX: 0000000000000000 RSI: 0000000000000080 RDI: 0000000000000004
[   36.695011] RBP: 00007ffce6ce2e70 R08: 0000000000000000 R09: 0000000000000032
[   36.695400] R10: 00007ffce6ce2e40 R11: 0000000000000293 R12: 0000000000402400
[   36.695779] R13: 00007ffce6ce3000 R14: 0000000000000000 R15: 0000000000000000
[   36.696169]  </TASK>
[   36.696298] Modules linked in:
[   36.696475] CR2: 0000000000000000
[   36.696664] ---[ end trace 0000000000000000 ]---
[   36.696913] RIP: 0010:kthread_stop+0xd9/0x360
[   36.697161] Code: 44 8b 63 2c 31 ff 41 81 e4 00 00 20 00 44 89 e6 e8 8c f6 16 00 45 85 e4 0f 84 81 02 00 00 e8 9e f4 16 00 4c 8b a3 40 0a 00 00 <f0> 41 80 0c 24 02 48 89 df e8 f9 f1 ff ff f0 80 4b 02 02 48 89 df
[   36.698130] RSP: 0000:ffffc9000238fda8 EFLAGS: 00010246
[   36.698417] RAX: 0000000000000000 RBX: ffff888017d72340 RCX: ffffffff81167534
[   36.698800] RDX: 0000000000000000 RSI: ffff888017d70000 RDI: 0000000000000002
[   36.699181] RBP: ffffc9000238fdc8 R08: 0000000000000001 R09: 0000000000000001
[   36.699568] R10: 0000000000000000 R11: 0000000000000000 R12: 0000000000000000
[   36.699951] R13: ffff888017d72368 R14: ffff888017d51ae0 R15: ffff8880070956a8
[   36.700332] FS:  00007fd5db664800(0000) GS:ffff88807dd00000(0000) knlGS:0000000000000000
[   36.700762] CS:  0010 DS: 0000 ES: 0000 CR0: 0000000080050033
[   36.701076] CR2: 0000000000000000 CR3: 0000000014172006 CR4: 0000000000770ee0
[   36.701458] DR0: 0000000000000000 DR1: 0000000000000000 DR2: 0000000000000000
[   36.701838] DR3: 0000000000000000 DR6: 00000000ffff07f0 DR7: 0000000000000400
[   36.702218] PKRU: 55555554
[   36.702372] note: repro[4160] exited with irqs disabled
[   36.702896] ------------[ cut here ]------------
[   36.703153] WARNING: CPU: 1 PID: 4166 at kernel/kthread.c:75 kthread_stop+0x353/0x360
[   36.703588] Modules linked in:
[   36.703766] CPU: 1 PID: 4166 Comm: repro Tainted: G      D W          6.3.0-3fb29a23fcda+ #1
[   36.704226] Hardware name: QEMU Standard PC (i440FX + PIIX, 1996), BIOS rel-1.14.0-0-g155821a1990b-prebuilt.qemu.org 04/01/2014
[   36.704830] RIP: 0010:kthread_stop+0x353/0x360
[   36.705084] Code: 00 4c 89 ef e8 1e e0 c0 00 e9 1f fe ff ff e8 34 f2 16 00 be 02 00 00 00 4c 89 ef e8 07 e0 c0 00 e9 5c fd ff ff e8 1d f2 16 00 <0f> 0b e9 73 fd ff ff 66 0f 1f 44 00 00 90 90 90 90 90 90 90 90 90
[   36.706082] RSP: 0018:ffffc9000240fda8 EFLAGS: 00010246
[   36.706377] RAX: 0000000000000000 RBX: ffff888017d72340 RCX: ffffffff81167534
[   36.706764] RDX: 0000000000000000 RSI: ffff888010dfa340 RDI: 0000000000000002
[   36.707150] RBP: ffffc9000240fdc8 R08: 0000000000000000 R09: 0000000000000000
[   36.707543] R10: ffffc9000240fdc8 R11: 0000000000000000 R12: 0000000000000000
[   36.707935] R13: ffff888017d72368 R14: ffff888017d53ae0 R15: ffff8880070956a8
[   36.708323] FS:  00007fd5db664800(0000) GS:ffff88807dd00000(0000) knlGS:0000000000000000
[   36.708759] CS:  0010 DS: 0000 ES: 0000 CR0: 0000000080050033
[   36.709075] CR2: 0000000000000000 CR3: 000000001417e003 CR4: 0000000000770ee0
[   36.709460] DR0: 0000000000000000 DR1: 0000000000000000 DR2: 0000000000000000
[   36.709843] DR3: 0000000000000000 DR6: 00000000ffff07f0 DR7: 0000000000000400
[   36.710243] PKRU: 55555554
[   36.710402] Call Trace:
[   36.710545]  <TASK>
[   36.710673]  hwrng_unregister+0x182/0x210
[   36.710898]  tpm_chip_unregister+0x1aa/0x1d0
[   36.711146]  ? __pfx_vtpm_proxy_fops_release+0x10/0x10
[   36.711436]  vtpm_proxy_fops_release+0x8f/0xa0
[   36.711690]  __fput+0x11f/0x450
[   36.711882]  ____fput+0x1e/0x30
[   36.712075]  task_work_run+0xb6/0x120
[   36.712289]  exit_to_user_mode_prepare+0x200/0x210
[   36.712558]  syscall_exit_to_user_mode+0x2d/0x60
[   36.712824]  do_syscall_64+0x4a/0x90
[   36.713033]  entry_SYSCALL_64_after_hwframe+0x72/0xdc
[   36.713320] RIP: 0033:0x7fd5db874e37
[   36.713524] Code: 12 b8 03 00 00 00 0f 05 48 3d 00 f0 ff ff 77 3b c3 66 90 53 89 fb 48 83 ec 10 e8 d4 fb ff ff 89 c2 89 df b8 03 00 00 00 0f 05 <48> 3d 00 f0 ff ff 77 2b 89 d7 89 44 24 0c e8 16 fc ff ff 8b 44 24
[   36.714509] RSP: 002b:00007ffce6ce2e40 EFLAGS: 00000293 ORIG_RAX: 0000000000000003
[   36.714919] RAX: 0000000000000000 RBX: 0000000000000004 RCX: 00007fd5db874e37
[   36.715304] RDX: 0000000000000000 RSI: 0000000000000080 RDI: 0000000000000004
[   36.715695] RBP: 00007ffce6ce2e70 R08: 0000000000000000 R09: 0000000000000032
[   36.716079] R10: 00007ffce6ce2e40 R11: 0000000000000293 R12: 0000000000402400
[   36.716462] R13: 00007ffce6ce3000 R14: 0000000000000000 R15: 0000000000000000
[   36.716853]  </TASK>
[   36.716983] irq event stamp: 0
[   36.717154] hardirqs last  enabled at (0): [<0000000000000000>] 0x0
[   36.717495] hardirqs last disabled at (0): [<ffffffff81113b14>] copy_process+0x1294/0x2c60
[   36.717942] softirqs last  enabled at (0): [<ffffffff81113b18>] copy_process+0x1298/0x2c60
[   36.718408] softirqs last disabled at (0): [<0000000000000000>] 0x0
[   36.718756] ---[ end trace 0000000000000000 ]---
[   36.719017] BUG: kernel NULL pointer dereference, address: 0000000000000000
[   36.719387] #PF: supervisor write access in kernel mode
[   36.719681] #PF: error_code(0x0002) - not-present page
[   36.719967] PGD 186ae067 P4D 186ae067 PUD 186ab067 PMD 0 
[   36.720272] Oops: 0002 [#8] PREEMPT SMP NOPTI
[   36.720520] CPU: 1 PID: 4166 Comm: repro Tainted: G      D W          6.3.0-3fb29a23fcda+ #1
