c[?7l[2J[0mSeaBIOS (version rel-1.14.0-0-g155821a1990b-prebuilt.qemu.org)


iPXE (http://ipxe.org) 00:03.0 CA00 PCI2.10 PnP PMM+7FF8F030+7FEEF030 CA00
Press Ctrl-B to configure iPXE (PCI 00:03.0)...                                                                               


Booting from ROM...
c[?7l[2J[    0.000000] Linux version 6.3.0-rc6-44851827db17+ (root@p-mtlp02) (gcc (GCC) 8.5.0 20210514 (Red Hat 8.5.0-18), GNU ld version 2.36.1-2.el8) #1 SMP PREEMPT_DYNAMIC Tue Apr 25 10:50:29 CST 2023
[    0.000000] Command line: console=ttyS0 root=/dev/sda earlyprintk=serial net.ifnames=0
[    0.000000] KERNEL supported cpus:
[    0.000000]   Intel GenuineIntel
[    0.000000]   AMD AuthenticAMD
[    0.000000]   Hygon HygonGenuine
[    0.000000]   Centaur CentaurHauls
[    0.000000]   zhaoxin   Shanghai  
[    0.000000] x86/split lock detection: #DB: warning on user-space bus_locks
[    0.000000] x86/fpu: Supporting XSAVE feature 0x001: 'x87 floating point registers'
[    0.000000] x86/fpu: Supporting XSAVE feature 0x002: 'SSE registers'
[    0.000000] x86/fpu: Supporting XSAVE feature 0x004: 'AVX registers'
[    0.000000] x86/fpu: Supporting XSAVE feature 0x200: 'Protection Keys User registers'
[    0.000000] x86/fpu: xstate_offset[2]:  576, xstate_sizes[2]:  256
[    0.000000] x86/fpu: xstate_offset[9]:  832, xstate_sizes[9]:    8
[    0.000000] x86/fpu: Enabled xstate features 0x207, context size is 840 bytes, using 'compacted' format.
[    0.000000] signal: max sigframe size: 3632
[    0.000000] BIOS-provided physical RAM map:
[    0.000000] BIOS-e820: [mem 0x0000000000000000-0x000000000009fbff] usable
[    0.000000] BIOS-e820: [mem 0x000000000009fc00-0x000000000009ffff] reserved
[    0.000000] BIOS-e820: [mem 0x00000000000f0000-0x00000000000fffff] reserved
[    0.000000] BIOS-e820: [mem 0x0000000000100000-0x000000007ffdffff] usable
[    0.000000] BIOS-e820: [mem 0x000000007ffe0000-0x000000007fffffff] reserved
[    0.000000] BIOS-e820: [mem 0x00000000feffc000-0x00000000feffffff] reserved
[    0.000000] BIOS-e820: [mem 0x00000000fffc0000-0x00000000ffffffff] reserved
[    0.000000] printk: bootconsole [earlyser0] enabled
[    0.000000] NX (Execute Disable) protection: active
[    0.000000] SMBIOS 2.8 present.
[    0.000000] DMI: QEMU Standard PC (i440FX + PIIX, 1996), BIOS rel-1.14.0-0-g155821a1990b-prebuilt.qemu.org 04/01/2014
[    0.000000] Hypervisor detected: KVM
[    0.000000] kvm-clock: Using msrs 4b564d01 and 4b564d00
[    0.000002] kvm-clock: using sched offset of 461278476 cycles
[    0.000380] clocksource: kvm-clock: mask: 0xffffffffffffffff max_cycles: 0x1cd42e4dffb, max_idle_ns: 881590591483 ns
[    0.001595] tsc: Detected 3072.000 MHz processor
[    0.004000] last_pfn = 0x7ffe0 max_arch_pfn = 0x400000000
[    0.004000] x86/PAT: Configuration [0-7]: WB  WC  UC- UC  WB  WP  UC- WT  
[    0.004000] found SMP MP-table at [mem 0x000f5a90-0x000f5a9f]
[    0.004000] Using GB pages for direct mapping
[    0.004000] ACPI: Early table checksum verification disabled
[    0.004000] ACPI: RSDP 0x00000000000F5870 000014 (v00 BOCHS )
[    0.004000] ACPI: RSDT 0x000000007FFE1959 000034 (v01 BOCHS  BXPC     00000001 BXPC 00000001)
[    0.004000] ACPI: FACP 0x000000007FFE1805 000074 (v01 BOCHS  BXPC     00000001 BXPC 00000001)
[    0.004000] ACPI: DSDT 0x000000007FFE0040 0017C5 (v01 BOCHS  BXPC     00000001 BXPC 00000001)
[    0.004000] ACPI: FACS 0x000000007FFE0000 000040
[    0.004000] ACPI: APIC 0x000000007FFE1879 000080 (v01 BOCHS  BXPC     00000001 BXPC 00000001)
[    0.004000] ACPI: HPET 0x000000007FFE18F9 000038 (v01 BOCHS  BXPC     00000001 BXPC 00000001)
[    0.004000] ACPI: WAET 0x000000007FFE1931 000028 (v01 BOCHS  BXPC     00000001 BXPC 00000001)
[    0.004000] ACPI: Reserving FACP table memory at [mem 0x7ffe1805-0x7ffe1878]
[    0.004000] ACPI: Reserving DSDT table memory at [mem 0x7ffe0040-0x7ffe1804]
[    0.004000] ACPI: Reserving FACS table memory at [mem 0x7ffe0000-0x7ffe003f]
[    0.004000] ACPI: Reserving APIC table memory at [mem 0x7ffe1879-0x7ffe18f8]
[    0.004000] ACPI: Reserving HPET table memory at [mem 0x7ffe18f9-0x7ffe1930]
[    0.004000] ACPI: Reserving WAET table memory at [mem 0x7ffe1931-0x7ffe1958]
[    0.004000] No NUMA configuration found
[    0.004000] Faking a node at [mem 0x0000000000000000-0x000000007ffdffff]
[    0.004000] NODE_DATA(0) allocated [mem 0x7ffb5000-0x7ffdffff]
[    0.004000] Zone ranges:
[    0.004000]   DMA      [mem 0x0000000000001000-0x0000000000ffffff]
[    0.004000]   DMA32    [mem 0x0000000001000000-0x000000007ffdffff]
[    0.004000]   Normal   empty
[    0.004000]   Device   empty
[    0.004000] Movable zone start for each node
[    0.004000] Early memory node ranges
[    0.004000]   node   0: [mem 0x0000000000001000-0x000000000009efff]
[    0.004000]   node   0: [mem 0x0000000000100000-0x000000007ffdffff]
[    0.004000] Initmem setup node 0 [mem 0x0000000000001000-0x000000007ffdffff]
[    0.004000] On node 0, zone DMA: 1 pages in unavailable ranges
[    0.004000] On node 0, zone DMA: 97 pages in unavailable ranges
[    0.004000] On node 0, zone DMA32: 32 pages in unavailable ranges
[    0.004000] ACPI: PM-Timer IO Port: 0x608
[    0.004000] ACPI: LAPIC_NMI (acpi_id[0xff] dfl dfl lint[0x1])
[    0.004000] IOAPIC[0]: apic_id 0, version 17, address 0xfec00000, GSI 0-23
[    0.004000] ACPI: INT_SRC_OVR (bus 0 bus_irq 0 global_irq 2 dfl dfl)
[    0.004000] ACPI: INT_SRC_OVR (bus 0 bus_irq 5 global_irq 5 high level)
[    0.004000] ACPI: INT_SRC_OVR (bus 0 bus_irq 9 global_irq 9 high level)
[    0.004000] ACPI: INT_SRC_OVR (bus 0 bus_irq 10 global_irq 10 high level)
[    0.004000] ACPI: INT_SRC_OVR (bus 0 bus_irq 11 global_irq 11 high level)
[    0.004000] ACPI: Using ACPI (MADT) for SMP configuration information
[    0.004000] ACPI: HPET id: 0x8086a201 base: 0xfed00000
[    0.004000] TSC deadline timer available
[    0.004000] smpboot: Allowing 2 CPUs, 0 hotplug CPUs
[    0.004000] kvm-guest: KVM setup pv remote TLB flush
[    0.004000] kvm-guest: setup PV sched yield
[    0.004000] PM: hibernation: Registered nosave memory: [mem 0x00000000-0x00000fff]
[    0.004000] PM: hibernation: Registered nosave memory: [mem 0x0009f000-0x0009ffff]
[    0.004000] PM: hibernation: Registered nosave memory: [mem 0x000a0000-0x000effff]
[    0.004000] PM: hibernation: Registered nosave memory: [mem 0x000f0000-0x000fffff]
[    0.004000] [mem 0x80000000-0xfeffbfff] available for PCI devices
[    0.004000] Booting paravirtualized kernel on KVM
[    0.004000] clocksource: refined-jiffies: mask: 0xffffffff max_cycles: 0xffffffff, max_idle_ns: 7645519600211568 ns
[    0.004000] setup_percpu: NR_CPUS:8192 nr_cpumask_bits:2 nr_cpu_ids:2 nr_node_ids:1
[    0.004000] percpu: Embedded 65 pages/cpu s229376 r8192 d28672 u1048576
[    0.004000] kvm-guest: PV spinlocks enabled
[    0.004000] PV qspinlock hash table entries: 256 (order: 0, 4096 bytes, linear)
[    0.004000] Fallback order for Node 0: 0 
[    0.004000] Built 1 zonelists, mobility grouping on.  Total pages: 515808
[    0.004000] Policy zone: DMA32
[    0.004000] Kernel command line: net.ifnames=0 console=ttyS0 root=/dev/sda earlyprintk=serial net.ifnames=0
[    0.004000] random: crng init done
[    0.004000] Dentry cache hash table entries: 262144 (order: 9, 2097152 bytes, linear)
[    0.004000] Inode-cache hash table entries: 131072 (order: 8, 1048576 bytes, linear)
[    0.004000] mem auto-init: stack:off, heap alloc:off, heap free:off
[    0.004000] Memory: 1966944K/2096632K available (34816K kernel code, 4560K rwdata, 9820K rodata, 10408K init, 31864K bss, 129432K reserved, 0K cma-reserved)
[    0.004000] SLUB: HWalign=64, Order=0-3, MinObjects=0, CPUs=2, Nodes=1
[    0.004000] kmemleak: Kernel memory leak detector disabled
[    0.004000] ftrace: allocating 69011 entries in 270 pages
[    0.004000] ftrace: allocated 270 pages with 4 groups
[    0.004000] Dynamic Preempt: voluntary
[    0.004000] Running RCU self tests
[    0.004000] Running RCU synchronous self tests
[    0.004000] rcu: Preemptible hierarchical RCU implementation.
[    0.004000] rcu: 	RCU lockdep checking is enabled.
[    0.004000] rcu: 	RCU restricting CPUs from NR_CPUS=8192 to nr_cpu_ids=2.
[    0.004000] 	Trampoline variant of Tasks RCU enabled.
[    0.004000] 	Rude variant of Tasks RCU enabled.
[    0.004000] 	Tracing variant of Tasks RCU enabled.
[    0.004000] rcu: RCU calculated value of scheduler-enlistment delay is 25 jiffies.
[    0.004000] rcu: Adjusting geometry for rcu_fanout_leaf=16, nr_cpu_ids=2
[    0.004000] Running RCU synchronous self tests
[    0.004000] NR_IRQS: 524544, nr_irqs: 440, preallocated irqs: 16
[    0.004000] rcu: srcu_init: Setting srcu_struct sizes based on contention.
[    0.004000] Console: colour VGA+ 80x25
[    0.004000] printk: console [ttyS0] enabled
[    0.004000] printk: console [ttyS0] enabled
[    0.004000] printk: bootconsole [earlyser0] disabled
[    0.004000] printk: bootconsole [earlyser0] disabled
[    0.004000] Lock dependency validator: Copyright (c) 2006 Red Hat, Inc., Ingo Molnar
[    0.004000] ... MAX_LOCKDEP_SUBCLASSES:  8
[    0.004000] ... MAX_LOCK_DEPTH:          48
[    0.004000] ... MAX_LOCKDEP_KEYS:        8192
[    0.004000] ... CLASSHASH_SIZE:          4096
[    0.004000] ... MAX_LOCKDEP_ENTRIES:     32768
[    0.004000] ... MAX_LOCKDEP_CHAINS:      65536
[    0.004000] ... CHAINHASH_SIZE:          32768
[    0.004000]  memory used by lock dependency info: 6365 kB
[    0.004000]  memory used for stack traces: 4224 kB
[    0.004000]  per task-struct memory footprint: 1920 bytes
[    0.004000] ACPI: Core revision 20221020
[    0.004000] clocksource: hpet: mask: 0xffffffff max_cycles: 0xffffffff, max_idle_ns: 19112604467 ns
[    0.004000] APIC: Switch to symmetric I/O mode setup
[    0.004000] x2apic enabled
[    0.004000] Switched APIC routing to physical x2apic.
[    0.004000] kvm-guest: setup PV IPIs
[    0.004000] ..TIMER: vector=0x30 apic1=0 pin1=2 apic2=-1 pin2=-1
[    0.004000] clocksource: tsc-early: mask: 0xffffffffffffffff max_cycles: 0x2c47f5688fc, max_idle_ns: 440795305069 ns
[    0.214401] Calibrating delay loop (skipped) preset value.. 6144.00 BogoMIPS (lpj=12288000)
[    0.218401] pid_max: default: 32768 minimum: 301
[    0.218816] LSM: initializing lsm=capability,yama,integrity
[    0.219236] Yama: becoming mindful.
[    0.219664] Mount-cache hash table entries: 4096 (order: 3, 32768 bytes, linear)
[    0.220209] Mountpoint-cache hash table entries: 4096 (order: 3, 32768 bytes, linear)
[    0.221832] CPU0: Thermal monitoring enabled (TM1)
[    0.222501] x86/cpu: User Mode Instruction Prevention (UMIP) activated
[    0.224259] Last level iTLB entries: 4KB 0, 2MB 0, 4MB 0
[    0.224732] Last level dTLB entries: 4KB 0, 2MB 0, 4MB 0, 1GB 0
[    0.225195] Spectre V1 : Mitigation: usercopy/swapgs barriers and __user pointer sanitization
[    0.225815] Spectre V2 : WARNING: Unprivileged eBPF is enabled with eIBRS on, data leaks possible via Spectre v2 BHB attacks!
[    0.226399] Spectre V2 : Mitigation: Enhanced / Automatic IBRS
[    0.226810] Spectre V2 : Spectre v2 / SpectreRSB mitigation: Filling RSB on context switch
[    0.227383] Spectre V2 : Spectre v2 / PBRSB-eIBRS: Retire a single CALL on VMEXIT
[    0.227907] Spectre V2 : mitigation: Enabling conditional Indirect Branch Prediction Barrier
[    0.228526] Speculative Store Bypass: Mitigation: Speculative Store Bypass disabled via prctl
[    0.229118] MMIO Stale Data: Unknown: No mitigations
[    0.349320] Freeing SMP alternatives memory: 56K
[    0.349746] Running RCU synchronous self tests
[    0.350055] Running RCU synchronous self tests
[    0.350790] smpboot: CPU0: Genuine Intel(R) 0000 (family: 0x6, model: 0xaa, stepping: 0x2)
[    0.351794] cblist_init_generic: Setting adjustable number of callback queues.
[    0.352340] cblist_init_generic: Setting shift to 1 and lim to 1.
[    0.352833] cblist_init_generic: Setting shift to 1 and lim to 1.
[    0.353326] cblist_init_generic: Setting shift to 1 and lim to 1.
[    0.353810] Running RCU-tasks wait API self tests
[    0.454531] Performance Events: unsupported p6 CPU model 170 no PMU driver, software events only.
[    0.455318] rcu: Hierarchical SRCU implementation.
[    0.455675] rcu: 	Max phase no-delay instances is 1000.
[    0.457474] NMI watchdog: Perf NMI watchdog permanently disabled
[    0.458061] smp: Bringing up secondary CPUs ...
[    0.458800] x86: Booting SMP configuration:
[    0.459122] .... node  #0, CPUs:      #1
[    0.210383] smpboot: CPU 1 Converting physical 0 to logical die 1
[    0.462567] smp: Brought up 1 node, 2 CPUs
[    0.462865] smpboot: Max logical packages: 2
[    0.463180] smpboot: Total of 2 processors activated (12288.00 BogoMIPS)
[    0.467498] devtmpfs: initialized
[    0.467498] x86/mm: Memory block size: 128MB
[    0.470404] Callback from call_rcu_tasks_trace() invoked.
[    0.471284] Running RCU synchronous self tests
[    0.471284] Running RCU synchronous self tests
[    0.471524] clocksource: jiffies: mask: 0xffffffff max_cycles: 0xffffffff, max_idle_ns: 7645041785100000 ns
[    0.472237] futex hash table entries: 512 (order: 4, 65536 bytes, linear)
[    0.472974] pinctrl core: initialized pinctrl subsystem
[    0.474906] 
[    0.475025] *************************************************************
[    0.475523] **     NOTICE NOTICE NOTICE NOTICE NOTICE NOTICE NOTICE    **
[    0.476019] **                                                         **
[    0.476515] **  IOMMU DebugFS SUPPORT HAS BEEN ENABLED IN THIS KERNEL  **
[    0.477007] **                                                         **
[    0.477502] ** This means that this kernel is built to expose internal **
[    0.477999] ** IOMMU data structures, which may compromise security on **
[    0.478392] ** your system.                                            **
[    0.478891] **                                                         **
[    0.479384] ** If you see this message and you are not debugging the   **
[    0.479874] ** kernel, report this immediately to your vendor!         **
[    0.480364] **                                                         **
[    0.480854] **     NOTICE NOTICE NOTICE NOTICE NOTICE NOTICE NOTICE    **
[    0.481344] *************************************************************
[    0.481890] PM: RTC time: 05:36:36, date: 2023-04-26
[    0.485598] NET: Registered PF_NETLINK/PF_ROUTE protocol family
[    0.486602] DMA: preallocated 256 KiB GFP_KERNEL pool for atomic allocations
[    0.487144] DMA: preallocated 256 KiB GFP_KERNEL|GFP_DMA pool for atomic allocations
[    0.487715] DMA: preallocated 256 KiB GFP_KERNEL|GFP_DMA32 pool for atomic allocations
[    0.488339] audit: initializing netlink subsys (disabled)
[    0.488802] audit: type=2000 audit(1682487397.755:1): state=initialized audit_enabled=0 res=1
[    0.488802] thermal_sys: Registered thermal governor 'fair_share'
[    0.488802] thermal_sys: Registered thermal governor 'bang_bang'
[    0.488802] thermal_sys: Registered thermal governor 'step_wise'
[    0.490392] thermal_sys: Registered thermal governor 'user_space'
[    0.490867] cpuidle: using governor ladder
[    0.491622] cpuidle: using governor menu
[    0.492203] acpiphp: ACPI Hot Plug PCI Controller Driver version: 0.5
[    0.492924] PCI: Using configuration type 1 for base access
[    0.494215] kprobes: kprobe jump-optimization is enabled. All kprobes are optimized if possible.
[    0.754608] HugeTLB: registered 1.00 GiB page size, pre-allocated 0 pages
[    0.755107] HugeTLB: 16380 KiB vmemmap can be freed for a 1.00 GiB page
[    0.755604] HugeTLB: registered 2.00 MiB page size, pre-allocated 0 pages
[    0.756112] HugeTLB: 28 KiB vmemmap can be freed for a 2.00 MiB page
[    0.760401] ACPI: Added _OSI(Module Device)
[    0.760725] ACPI: Added _OSI(Processor Device)
[    0.761059] ACPI: Added _OSI(3.0 _SCP Extensions)
[    0.761410] ACPI: Added _OSI(Processor Aggregator Device)
[    0.766708] ACPI: 1 ACPI AML tables successfully acquired and loaded
[    3.429433] Callback from call_rcu_tasks_rude() invoked.
[    3.431974] ACPI: Interpreter enabled
[    3.432553] ACPI: PM: (supports S0 S3 S4 S5)
[    3.432938] ACPI: Using IOAPIC for interrupt routing
[    3.433462] PCI: Using host bridge windows from ACPI; if necessary, use "pci=nocrs" and report a bug
[    3.434203] PCI: Using E820 reservations for host bridge windows
[    3.435091] ACPI: Enabled 2 GPEs in block 00 to 0F
[    3.450868] ACPI: PCI Root Bridge [PCI0] (domain 0000 [bus 00-ff])
[    3.451563] acpi PNP0A03:00: _OSC: OS supports [ASPM ClockPM Segments MSI EDR HPX-Type3]
[    3.452392] acpi PNP0A03:00: _OSC: not requesting OS control; OS requires [ExtendedConfig ASPM ClockPM MSI]
[    3.453422] acpi PNP0A03:00: fail to add MMCONFIG information, can't access extended configuration space under this bridge
[    3.456708] acpiphp: Slot [3] registered
[    3.457149] acpiphp: Slot [4] registered
[    3.457583] acpiphp: Slot [5] registered
[    3.457992] acpiphp: Slot [6] registered
[    3.458414] acpiphp: Slot [7] registered
[    3.458826] acpiphp: Slot [8] registered
[    3.459217] acpiphp: Slot [9] registered
[    3.459610] acpiphp: Slot [10] registered
[    3.459994] acpiphp: Slot [11] registered
[    3.460369] acpiphp: Slot [12] registered
[    3.460745] acpiphp: Slot [13] registered
[    3.461125] acpiphp: Slot [14] registered
[    3.461502] acpiphp: Slot [15] registered
[    3.461877] acpiphp: Slot [16] registered
[    3.462253] acpiphp: Slot [17] registered
[    3.462444] acpiphp: Slot [18] registered
[    3.462852] acpiphp: Slot [19] registered
[    3.463233] acpiphp: Slot [20] registered
[    3.463603] acpiphp: Slot [21] registered
[    3.463972] acpiphp: Slot [22] registered
[    3.464339] acpiphp: Slot [23] registered
[    3.464706] acpiphp: Slot [24] registered
[    3.465073] acpiphp: Slot [25] registered
[    3.465442] acpiphp: Slot [26] registered
[    3.465806] acpiphp: Slot [27] registered
[    3.466183] acpiphp: Slot [28] registered
[    3.466446] acpiphp: Slot [29] registered
[    3.466812] acpiphp: Slot [30] registered
[    3.467173] acpiphp: Slot [31] registered
[    3.467498] PCI host bridge to bus 0000:00
[    3.467815] pci_bus 0000:00: root bus resource [io  0x0000-0x0cf7 window]
[    3.468333] pci_bus 0000:00: root bus resource [io  0x0d00-0xffff window]
[    3.468864] pci_bus 0000:00: root bus resource [mem 0x000a0000-0x000bffff window]
[    3.469427] pci_bus 0000:00: root bus resource [mem 0x80000000-0xfebfffff window]
[    3.469996] pci_bus 0000:00: root bus resource [mem 0x100000000-0x17fffffff window]
[    3.470389] pci_bus 0000:00: root bus resource [bus 00-ff]
[    3.470899] pci 0000:00:00.0: [8086:1237] type 00 class 0x060000
[    3.474077] pci 0000:00:01.0: [8086:7000] type 00 class 0x060100
[    3.474986] pci 0000:00:01.1: [8086:7010] type 00 class 0x010180
[    3.477083] pci 0000:00:01.1: reg 0x20: [io  0xc040-0xc04f]
[    3.478210] pci 0000:00:01.1: legacy IDE quirk: reg 0x10: [io  0x01f0-0x01f7]
[    3.478390] pci 0000:00:01.1: legacy IDE quirk: reg 0x14: [io  0x03f6]
[    3.478883] pci 0000:00:01.1: legacy IDE quirk: reg 0x18: [io  0x0170-0x0177]
[    3.479414] pci 0000:00:01.1: legacy IDE quirk: reg 0x1c: [io  0x0376]
[    3.480173] pci 0000:00:01.3: [8086:7113] type 00 class 0x068000
[    3.480899] pci 0000:00:01.3: quirk: [io  0x0600-0x063f] claimed by PIIX4 ACPI
[    3.481469] pci 0000:00:01.3: quirk: [io  0x0700-0x070f] claimed by PIIX4 SMB
[    3.482265] pci 0000:00:02.0: [1234:1111] type 00 class 0x030000
[    3.485332] pci 0000:00:02.0: reg 0x10: [mem 0xfd000000-0xfdffffff pref]
[    3.488655] pci 0000:00:02.0: reg 0x18: [mem 0xfebf0000-0xfebf0fff]
[    3.493650] pci 0000:00:02.0: reg 0x30: [mem 0xfebe0000-0xfebeffff pref]
[    3.494403] pci 0000:00:02.0: Video device with shadowed ROM at [mem 0x000c0000-0x000dffff]
[    3.498213] pci 0000:00:03.0: [8086:100e] type 00 class 0x020000
[    3.498846] pci 0000:00:03.0: reg 0x10: [mem 0xfebc0000-0xfebdffff]
[    3.499746] pci 0000:00:03.0: reg 0x14: [io  0xc000-0xc03f]
[    3.502390] pci 0000:00:03.0: reg 0x30: [mem 0xfeb80000-0xfebbffff pref]
[    3.514052] ACPI: PCI: Interrupt link LNKA configured for IRQ 10
[    3.514731] ACPI: PCI: Interrupt link LNKB configured for IRQ 10
[    3.515533] ACPI: PCI: Interrupt link LNKC configured for IRQ 11
[    3.516361] ACPI: PCI: Interrupt link LNKD configured for IRQ 11
[    3.516985] ACPI: PCI: Interrupt link LNKS configured for IRQ 9
[    3.518763] iommu: Default domain type: Translated 
[    3.518829] iommu: DMA domain TLB invalidation policy: lazy mode 
[    3.520460] SCSI subsystem initialized
[    3.520852] ACPI: bus type USB registered
[    3.520852] usbcore: registered new interface driver usbfs
[    3.522417] usbcore: registered new interface driver hub
[    3.522857] usbcore: registered new device driver usb
[    3.523356] pps_core: LinuxPPS API ver. 1 registered
[    3.523753] pps_core: Software ver. 5.3.6 - Copyright 2005-2007 Rodolfo Giometti <giometti@linux.it>
[    3.524461] PTP clock support registered
[    3.524903] EDAC MC: Ver: 3.0.0
[    3.527562] NetLabel: Initializing
[    3.527841] NetLabel:  domain hash size = 128
[    3.528186] NetLabel:  protocols = UNLABELED CIPSOv4 CALIPSO
[    3.528689] NetLabel:  unlabeled traffic allowed by default
[    3.529239] PCI: Using ACPI for IRQ routing
[    3.530417] pci 0000:00:02.0: vgaarb: setting as boot VGA device
[    3.530886] pci 0000:00:02.0: vgaarb: bridge control possible
[    3.531331] pci 0000:00:02.0: vgaarb: VGA device added: decodes=io+mem,owns=io+mem,locks=none
[    3.531977] vgaarb: loaded
[    3.532249] hpet0: at MMIO 0xfed00000, IRQs 2, 8, 0
[    3.532249] hpet0: 3 comparators, 64-bit 100.000000 MHz counter
[    3.536640] clocksource: Switched to clocksource kvm-clock
[    3.536640] VFS: Disk quotas dquot_6.6.0
[    3.536640] VFS: Dquot-cache hash table entries: 512 (order 0, 4096 bytes)
[    3.537171] pnp: PnP ACPI init
[    3.539084] pnp: PnP ACPI: found 6 devices
[    3.548849] clocksource: acpi_pm: mask: 0xffffff max_cycles: 0xffffff, max_idle_ns: 2085701024 ns
[    3.549909] NET: Registered PF_INET protocol family
[    3.550478] IP idents hash table entries: 32768 (order: 6, 262144 bytes, linear)
[    3.552032] tcp_listen_portaddr_hash hash table entries: 1024 (order: 4, 73728 bytes, linear)
[    3.552729] Table-perturb hash table entries: 65536 (order: 6, 262144 bytes, linear)
[    3.553363] TCP established hash table entries: 16384 (order: 5, 131072 bytes, linear)
[    3.554161] TCP bind hash table entries: 16384 (order: 9, 2359296 bytes, linear)
[    3.555747] TCP: Hash tables configured (established 16384 bind 16384)
[    3.556376] UDP hash table entries: 1024 (order: 5, 163840 bytes, linear)
[    3.556945] UDP-Lite hash table entries: 1024 (order: 5, 163840 bytes, linear)
[    3.557645] NET: Registered PF_UNIX/PF_LOCAL protocol family
[    3.558568] RPC: Registered named UNIX socket transport module.
[    3.559041] RPC: Registered udp transport module.
[    3.559409] RPC: Registered tcp transport module.
[    3.559774] RPC: Registered tcp NFSv4.1 backchannel transport module.
[    3.560297] pci_bus 0000:00: resource 4 [io  0x0000-0x0cf7 window]
[    3.560776] pci_bus 0000:00: resource 5 [io  0x0d00-0xffff window]
[    3.561261] pci_bus 0000:00: resource 6 [mem 0x000a0000-0x000bffff window]
[    3.561793] pci_bus 0000:00: resource 7 [mem 0x80000000-0xfebfffff window]
[    3.562349] pci_bus 0000:00: resource 8 [mem 0x100000000-0x17fffffff window]
[    3.562936] Callback from call_rcu_tasks() invoked.
[    3.563567] pci 0000:00:01.0: PIIX3: Enabling Passive Release
[    3.564020] pci 0000:00:00.0: Limiting direct PCI/PCI transfers
[    3.564578] PCI: CLS 0 bytes, default 64
[    3.565226] ACPI: bus type thunderbolt registered
[    3.565914] clocksource: tsc: mask: 0xffffffffffffffff max_cycles: 0x2c47f5688fc, max_idle_ns: 440795305069 ns
[    3.627294] Initialise system trusted keyrings
[    3.627777] Key type blacklist registered
[    3.628750] workingset: timestamp_bits=36 max_order=19 bucket_order=0
[    3.629357] zbud: loaded
[    3.630287] squashfs: version 4.0 (2009/01/31) Phillip Lougher
[    3.631748] NFS: Registering the id_resolver key type
[    3.632170] Key type id_resolver registered
[    3.632490] Key type id_legacy registered
[    3.632823] nfs4filelayout_init: NFSv4 File Layout Driver Registering...
[    3.633382] nfs4flexfilelayout_init: NFSv4 Flexfile Layout Driver Registering...
[    3.634040] fuse: init (API version 7.38)
[    3.634516] SGI XFS with ACLs, security attributes, realtime, quota, no debug enabled
[    3.636053] 9p: Installing v9fs 9p2000 file system support
[    3.642910] Key type asymmetric registered
[    3.643241] Asymmetric key parser 'x509' registered
[    3.643666] Block layer SCSI generic (bsg) driver version 0.4 loaded (major 243)
[    3.644720] io scheduler mq-deadline registered
[    3.645165] io scheduler bfq registered
[    3.646619] shpchp: Standard Hot Plug PCI Controller Driver version: 0.4
[    3.647495] IPMI message handler: version 39.2
[    3.647878] ipmi device interface
[    3.650089] input: Power Button as /devices/LNXSYSTM:00/LNXPWRBN:00/input/input0
[    3.650917] ACPI: button: Power Button [PWRF]
[    3.652513] ERST DBG: ERST support is disabled.
[    3.653722] Serial: 8250/16550 driver, 32 ports, IRQ sharing enabled
[    3.654879] 00:04: ttyS0 at I/O 0x3f8 (irq = 4, base_baud = 115200) is a 16550A
[    3.662165] Linux agpgart interface v0.103
[    3.663620] ACPI: bus type drm_connector registered
[    3.674445] brd: module loaded
[    3.680060] loop: module loaded
[    3.686343] scsi host0: ata_piix
[    3.687286] scsi host1: ata_piix
[    3.687700] ata1: PATA max MWDMA2 cmd 0x1f0 ctl 0x3f6 bmdma 0xc040 irq 14
[    3.688242] ata2: PATA max MWDMA2 cmd 0x170 ctl 0x376 bmdma 0xc048 irq 15
[    3.689746] tun: Universal TUN/TAP device driver, 1.6
[    3.690286] e100: Intel(R) PRO/100 Network Driver
[    3.690690] e100: Copyright(c) 1999-2006 Intel Corporation
[    3.691168] e1000: Intel(R) PRO/1000 Network Driver
[    3.691559] e1000: Copyright (c) 1999-2006 Intel Corporation.
[    3.826123] ACPI: \_SB_.LNKC: Enabled at IRQ 11
[    3.846736] ata2: found unknown device (class 0)
[    3.847494] ata1: found unknown device (class 0)
[    3.848465] ata2.00: ATAPI: QEMU DVD-ROM, 2.5+, max UDMA/100
[    3.849124] ata1.00: ATA-7: QEMU HARDDISK, 2.5+, max UDMA/100
[    3.849580] ata1.00: 16777216 sectors, multi 16: LBA48 
[    3.851156] scsi 0:0:0:0: Direct-Access     ATA      QEMU HARDDISK    2.5+ PQ: 0 ANSI: 5
[    3.852564] scsi 0:0:0:0: Attached scsi generic sg0 type 0
[    3.853587] sd 0:0:0:0: [sda] 16777216 512-byte logical blocks: (8.59 GB/8.00 GiB)
[    3.854245] sd 0:0:0:0: [sda] Write Protect is off
[    3.854864] sd 0:0:0:0: [sda] Write cache: enabled, read cache: enabled, doesn't support DPO or FUA
[    3.855125] scsi 1:0:0:0: CD-ROM            QEMU     QEMU DVD-ROM     2.5+ PQ: 0 ANSI: 5
[    3.855639] sd 0:0:0:0: [sda] Preferred minimum I/O size 512 bytes
[    3.879920] scsi 1:0:0:0: Attached scsi generic sg1 type 5
[    3.881316] sd 0:0:0:0: [sda] Attached SCSI disk
[    4.157507] e1000 0000:00:03.0 eth0: (PCI:33MHz:32-bit) 52:54:00:12:34:56
[    4.158104] e1000 0000:00:03.0 eth0: Intel(R) PRO/1000 Network Connection
[    4.158747] e1000e: Intel(R) PRO/1000 Network Driver
[    4.159125] e1000e: Copyright(c) 1999 - 2015 Intel Corporation.
[    4.159654] igb: Intel(R) Gigabit Ethernet Network Driver
[    4.160059] igb: Copyright (c) 2007-2014 Intel Corporation.
[    4.160553] PPP generic driver version 2.4.2
[    4.162127] VFIO - User Level meta-driver version: 0.3
[    4.163340] usbcore: registered new interface driver uas
[    4.163781] usbcore: registered new interface driver usb-storage
[    4.164387] i8042: PNP: PS/2 Controller [PNP0303:KBD,PNP0f13:MOU] at 0x60,0x64 irq 1,12
[    4.165691] serio: i8042 KBD port at 0x60,0x64 irq 1
[    4.166109] serio: i8042 AUX port at 0x60,0x64 irq 12
[    4.167887] mousedev: PS/2 mouse device common for all mice
[    4.169329] rtc_cmos 00:05: RTC can wake from S4
[    4.170933] rtc_cmos 00:05: registered as rtc0
[    4.171363] rtc_cmos 00:05: setting system clock to 2023-04-26T05:36:40 UTC (1682487400)
[    4.172202] rtc_cmos 00:05: alarms up to one day, y3k, 242 bytes nvram, hpet irqs
[    4.172817] i2c_dev: i2c /dev entries driver
[    4.173632] device-mapper: core: CONFIG_IMA_DISABLE_HTABLE is disabled. Duplicate IMA measurements will not be recorded in the IMA log.
[    4.174842] input: AT Translated Set 2 keyboard as /devices/platform/i8042/serio0/input/input1
[    4.175671] device-mapper: uevent: version 1.0.3
[    4.176729] input: VirtualPS/2 VMware VMMouse as /devices/platform/i8042/serio1/input/input4
[    4.178000] device-mapper: ioctl: 4.47.0-ioctl (2022-07-28) initialised: dm-devel@redhat.com
[    4.178721] intel_pstate: CPU model not supported
[    4.179344] input: VirtualPS/2 VMware VMMouse as /devices/platform/i8042/serio1/input/input3
[    4.180134] sdhci: Secure Digital Host Controller Interface driver
[    4.180611] sdhci: Copyright(c) Pierre Ossman
[    4.181029] sdhci-pltfm: SDHCI platform and OF driver helper
[    4.181932] ledtrig-cpu: registered to indicate activity on CPUs
[    4.182814] drop_monitor: Initializing network drop monitor service
[    4.183509] NET: Registered PF_INET6 protocol family
[    4.188662] Segment Routing with IPv6
[    4.189005] In-situ OAM (IOAM) with IPv6
[    4.189369] NET: Registered PF_PACKET protocol family
[    4.189912] 9pnet: Installing 9P2000 support
[    4.190315] Key type dns_resolver registered
[    4.191695] IPI shorthand broadcast: enabled
[    4.204943] sched_clock: Marking stable (3996003112, 206383198)->(4302482634, -100096324)
[    4.206257] registered taskstats version 1
[    4.206818] Loading compiled-in X.509 certificates
[    4.207692] zswap: loaded using pool lzo/zbud
[    4.220685] Key type .fscrypt registered
[    4.221018] Key type fscrypt-provisioning registered
[    4.222276] Key type encrypted registered
[    4.222657] ima: No TPM chip found, activating TPM-bypass!
[    4.223093] ima: Allocated hash algorithm: sha1
[    4.223490] ima: No architecture policies found
[    4.223900] evm: Initialising EVM extended attributes:
[    4.224298] evm: security.selinux
[    4.224564] evm: security.SMACK64
[    4.224828] evm: security.SMACK64EXEC
[    4.225123] evm: security.SMACK64TRANSMUTE
[    4.225445] evm: security.SMACK64MMAP
[    4.225734] evm: security.apparmor
[    4.226005] evm: security.ima
[    4.226244] evm: security.capability
[    4.226541] evm: HMAC attrs: 0x1
[    4.228428] PM:   Magic number: 3:52:619
[    4.229207] RAS: Correctable Errors collector initialized.
[    4.230361] md: Waiting for all devices to be available before autodetect
[    4.230739] md: If you don't use raid, use raid=noautodetect
[    4.231035] md: Autodetecting RAID arrays.
[    4.231260] md: autorun ...
[    4.231412] md: ... autorun DONE.
[    4.243048] EXT4-fs (sda): mounted filesystem 23a53bb9-f815-47a5-b74c-5e08f7731193 with ordered data mode. Quota mode: none.
[    4.243707] VFS: Mounted root (ext4 filesystem) readonly on device 8:0.
[    4.245790] devtmpfs: mounted
[    4.252699] Freeing unused decrypted memory: 2036K
[    4.259134] Freeing unused kernel image (initmem) memory: 10408K
[    4.278679] Write protecting the kernel read-only data: 45056k
[    4.280468] Freeing unused kernel image (rodata/data gap) memory: 420K
[    4.379756] x86/mm: Checked W+X mappings: passed, no W+X pages found.
[    4.380156] Run /sbin/init as init process
[    4.490052] systemd[1]: RTC configured in localtime, applying delta of 0 minutes to system time.
[    4.519705] systemd[1]: systemd 239 (239-49.el8) running in system mode. (+PAM +AUDIT +SELINUX +IMA -APPARMOR +SMACK +SYSVINIT +UTMP +LIBCRYPTSETUP +GCRYPT +GNUTLS +ACL +XZ +LZ4 +SECCOMP +BLKID +ELFUTILS +KMOD +IDN2 -IDN +PCRE2 default-hierarchy=legacy)
[    4.521026] systemd[1]: Detected virtualization kvm.
[    4.521302] systemd[1]: Detected architecture x86-64.

Welcome to [0;31mCentOS Stream 8[0m!

[    4.608861] systemd[1]: Set hostname to <test>.
[    4.898148] systemd[1]: Reached target Swap.
[[0;32m  OK  [0m] Reached target Swap.
[    4.899421] systemd[1]: Listening on Device-mapper event daemon FIFOs.
[[0;32m  OK  [0m] Listening on Device-mapper event daemon FIFOs.
[    4.900488] systemd[1]: Listening on LVM2 poll daemon socket.
[[0;32m  OK  [0m] Listening on LVM2 poll daemon socket.
[    4.901427] systemd[1]: Listening on udev Control Socket.
[[0;32m  OK  [0m] Listening on udev Control Socket.
[    4.902280] systemd[1]: Listening on multipathd control socket.
[[0;32m  OK  [0m] Listening on multipathd control socket.
[    4.904837] systemd[1]: Created slice User and Session Slice.
[[0;32m  OK  [0m] Created slice User and Session Slice.
[[0;32m  OK  [0m] Listening on Journal Socket (/dev/log).
[[0;32m  OK  [0m] Listening on Journal Socket.
         Mounting Kernel Debug File System...
         Starting Load Kernel Modules...
         Starting Monitoring of LVM2 mirrorsâ€¦ng dmeventd or progress polling...
         Starting Journal Service...
         Mounting POSIX Message Queue File System...
[[0;32m  OK  [0m] Listening on initctl Compatibility Named Pipe.
[[0;32m  OK  [0m] Created slice system-getty.slice.
[[0;32m  OK  [0m] Listening on RPCbind Server Activation Socket.
[[0;32m  OK  [0m] Reached target RPC Port Mapper.
[[0;32m  OK  [0m] Started Forward Password Requests to Wall Directory Watch.
[[0;32m  OK  [0m] Reached target Slices.
[[0;32m  OK  [0m] Created slice system-serial\x2dgetty.slice.
[[0;32m  OK  [0m] Set up automount Arbitrary Executabâ€¦rmats File System Automount Point.
         Starting Setup Virtual Console...
         Starting Remount Root and Kernel File Systems...
[[0;32m  OK  [0m] Listening on Process Core Dump Socket.
[[0;32m  OK  [0m] Created slice system-sshd\x2dkeygen.slice.
         Mounting Huge Pages File System...
[[0;32m  OK  [0m] Listening on udev Kernel Socket.
         Starting udev Coldplug all Devices...
[    5.198497] EXT4-fs (sda): re-mounted 23a53bb9-f815-47a5-b74c-5e08f7731193. Quota mode: none.
[[0;32m  OK  [0m] Started Journal Service.
[[0;32m  OK  [0m] Mounted Kernel Debug File System.
[[0;1;31mFAILED[0m] Failed to start Load Kernel Modules.
See 'systemctl status systemd-modules-load.service' for details.
[[0;32m  OK  [0m] Mounted POSIX Message Queue File System.
[[0;32m  OK  [0m] Started Remount Root and Kernel File Systems.
[[0;32m  OK  [0m] Mounted Huge Pages File System.
         Starting Create Static Device Nodes in /dev...
         Starting Load/Save Random Seed...
         Mounting Kernel Configuration File System...
         Starting Apply Kernel Variables...
         Mounting FUSE Control File System...
         Starting Flush Journal to Persistent Storage...
[[0;32m  OK  [0m] Started Setup Virtual Console.
[[0;32m  OK  [0m] Started Create Static Device Nodes in /dev.
[[0;32m  OK  [0m] Started Load/Save Random Seed.
[[0;32m  OK  [0m] Mounted Kernel Configuration File System.
[[0;32m  OK  [0m] Started Apply Kernel Variables.
[[0;32m  OK  [0m] Mounted FUSE Control File System.
         Starting udev Kernel Device Manager...
[[0;32m  OK  [0m] Started Flush Journal to Persistent Storage.
[[0;32m  OK  [0m] Started udev Kernel Device Manager.
[[0;32m  OK  [0m] Started udev Coldplug all Devices.
         Starting udev Wait for Complete Device Initialization...
         Starting Show Plymouth Boot Screen...
[[0;32m  OK  [0m] Started Show Plymouth Boot Screen.
[[0;32m  OK  [0m] Reached target Paths.
[[0;32m  OK  [0m] Reached target Local Encrypted Volumes.
[[0;32m  OK  [0m] Started Forward Password Requests to Plymouth Directory Watch.
[[0;32m  OK  [0m] Found device /dev/ttyS0.
[[0;32m  OK  [0m] Started Monitoring of LVM2 mirrors,â€¦sing dmeventd or progress polling.
[[0;32m  OK  [0m] Started udev Wait for Complete Device Initialization.
[[0;32m  OK  [0m] Listening on Load/Save RF Kill Switch Status /dev/rfkill Watch.
[[0;32m  OK  [0m] Reached target Local File Systems (Pre).
[[0;32m  OK  [0m] Reached target Local File Systems.
         Starting Create Volatile Files and Directories...
         Starting Restore /run/initramfs on shutdown...
         Starting Tell Plymouth To Write Out Runtime Data...
[[0;32m  OK  [0m] Started Create Volatile Files and Directories.
[[0;32m  OK  [0m] Started Restore /run/initramfs on shutdown.
[[0;32m  OK  [0m] Started Tell Plymouth To Write Out Runtime Data.
         Starting Security Auditing Service...
         Mounting RPC Pipe File System...
         Starting RPC Bind...
[[0;32m  OK  [0m] Mounted RPC Pipe File System.
[[0;32m  OK  [0m] Reached target rpc_pipefs.target.
[[0;32m  OK  [0m] Started RPC Bind.
[[0;32m  OK  [0m] Started Security Auditing Service.
         Starting Update UTMP about System Boot/Shutdown...
[[0;32m  OK  [0m] Started Update UTMP about System Boot/Shutdown.
[[0;32m  OK  [0m] Reached target System Initialization.
[[0;32m  OK  [0m] Listening on D-Bus System Message Bus Socket.
[[0;32m  OK  [0m] Started Daily Cleanup of Temporary Directories.
[[0;32m  OK  [0m] Started daily update of the root trust anchor for DNSSEC.
[[0;32m  OK  [0m] Started dnf makecache --timer.
[[0;32m  OK  [0m] Reached target Timers.
[[0;32m  OK  [0m] Listening on SSSD Kerberos Cache Manager responder socket.
[[0;32m  OK  [0m] Reached target Sockets.
[[0;32m  OK  [0m] Reached target Basic System.
         Starting Login Service...
         Starting Auto-connect to subsystemsâ€¦-NVME devices found during boot...
[[0;32m  OK  [0m] Started Machine Check Exception Logging Daemon.
[[0;32m  OK  [0m] Started D-Bus System Message Bus.
[[0;32m  OK  [0m] Started irqbalance daemon.
         Starting NTP client/server...
         Starting Network Manager...
         Starting Authorization Manager...
[[0;32m  OK  [0m] Reached target sshd-keygen.target.
         Starting Self Monitoring and Reporting Technology (SMART) Daemon...
[[0;32m  OK  [0m] Started Auto-connect to subsystems â€¦FC-NVME devices found during boot.
         Starting update of the root trust aâ€¦or DNSSEC validation in unbound...
[[0;32m  OK  [0m] Started Login Service.
[[0;32m  OK  [0m] Started Self Monitoring and Reporting Technology (SMART) Daemon.
[[0;32m  OK  [0m] Started update of the root trust anâ€¦ for DNSSEC validation in unbound.
[[0;32m  OK  [0m] Started Network Manager.
         Starting Network Manager Wait Online...
[[0;32m  OK  [0m] Reached target Network.
         Starting Dynamic System Tuning Daemon...
         Starting OpenSSH server daemon...
         Starting GSSAPI Proxy Daemon...
[[0;32m  OK  [0m] Started NTP client/server.
         Starting Hostname Service...
[[0;32m  OK  [0m] Started OpenSSH server daemon.
[[0;32m  OK  [0m] Started Authorization Manager.
[[0;32m  OK  [0m] Started GSSAPI Proxy Daemon.
[[0;32m  OK  [0m] Reached target NFS client services.
[[0;32m  OK  [0m] Reached target Remote File Systems (Pre).
[[0;32m  OK  [0m] Reached target Remote File Systems.
         Starting Permit User Sessions...
[[0;32m  OK  [0m] Started Permit User Sessions.
[[0;32m  OK  [0m] Started Command Scheduler.
         Starting Hold until boot process finishes up...
         Starting Terminate Plymouth Boot Screen...
[    7.298557] e1000: eth0 NIC Link is Up 1000 Mbps Full Duplex, Flow Control: RX
[    7.299392] IPv6: ADDRCONF(NETDEV_CHANGE): eth0: link becomes ready
[    7.506870] Spectre V2 : WARNING: Unprivileged eBPF is enabled with eIBRS on, data leaks possible via Spectre v2 BHB attacks!
[    7.507565] Spectre V2 : WARNING: Unprivileged eBPF is enabled with eIBRS on, data leaks possible via Spectre v2 BHB attacks!

CentOS Stream 8
Kernel 6.3.0-rc6-44851827db17+ on an x86_64

test login: [   24.683410] memfd_create() without MFD_EXEC nor MFD_NOEXEC_SEAL, pid=337 'systemd'
[   28.659683] cgroup: Unknown subsys name 'net'
[   28.668519] cgroup: Unknown subsys name 'rlimit'
[   36.433548] tpm tpm0: Operation Canceled
[   36.451696] tpm tpm0: Operation Canceled
[   36.468510] tpm tpm0: Operation Canceled
[   36.489492] tpm tpm0: Operation Canceled
[   36.490044] tpm tpm1: Operation Canceled
[   36.496271] tpm tpm0: Operation Canceled
[   36.505122] tpm tpm0: Operation Canceled
[   36.507734] tpm tpm1: Operation Canceled
[   36.507908] tpm tpm0: Operation Canceled
[   36.517936] tpm tpm0: Operation Canceled
[   36.524140] tpm tpm0: Operation Canceled
[   36.535057] tpm tpm0: Operation Canceled
[   36.535065] tpm tpm1: Operation Canceled
[   36.537748] tpm tpm0: Operation Canceled
[   36.539144] tpm tpm0: Operation Canceled
[   36.545785] tpm tpm0: Operation Canceled
[   36.551564] tpm tpm0: Operation Canceled
[   36.557362] tpm tpm0: Operation Canceled
[   36.560263] tpm tpm0: Operation Canceled
[   36.566298] tpm tpm0: Operation Canceled
[   36.567057] tpm tpm3: Operation Canceled
[   36.580377] tpm tpm0: Operation Canceled
[   36.583028] tpm tpm0: Operation Canceled
[   36.586201] tpm tpm0: Operation Canceled
[   36.587201] tpm tpm1: Operation Canceled
[   36.590302] tpm tpm0: Operation Canceled
[   36.598789] tpm tpm0: Operation Canceled
[   36.599115] tpm tpm1: Operation Canceled
[   36.604488] tpm tpm0: Operation Canceled
[   36.607897] tpm tpm2: Operation Canceled
[   36.615262] tpm tpm0: Operation Canceled
[   36.618436] tpm tpm0: Operation Canceled
[   36.621885] tpm tpm0: Operation Canceled
[   36.622688] tpm tpm1: Operation Canceled
[   36.626160] tpm tpm0: Operation Canceled
[   36.628263] tpm tpm2: Operation Canceled
[   36.634059] tpm tpm0: Operation Canceled
[   36.641159] tpm tpm0: Operation Canceled
[   36.643142] tpm tpm0: Operation Canceled
[   36.645539] tpm tpm0: Operation Canceled
[   36.645836] tpm tpm1: Operation Canceled
[   36.653430] tpm tpm0: Operation Canceled
[   36.653796] tpm tpm1: Operation Canceled
[   36.657251] tpm tpm0: Operation Canceled
[   36.663061] tpm tpm0: Operation Canceled
[   36.664960] tpm tpm2: Operation Canceled
[   36.669075] tpm tpm0: Operation Canceled
[   36.671097] tpm tpm2: Operation Canceled
[   36.672171] tpm tpm1: Operation Canceled
[   36.677548] tpm tpm0: Operation Canceled
[   36.682430] tpm tpm0: Operation Canceled
[   36.685158] tpm tpm0: Operation Canceled
[   36.697543] tpm tpm0: Operation Canceled
[   36.703244] tpm tpm0: Operation Canceled
[   36.708012] tpm tpm0: Operation Canceled
[   36.711436] tpm tpm0: Operation Canceled
[   36.714947] tpm tpm0: Operation Canceled
[   36.720136] tpm tpm0: Operation Canceled
[   36.721425] tpm tpm2: Operation Canceled
[   36.727502] tpm tpm0: Operation Canceled
[   36.731117] tpm tpm0: Operation Canceled
[   36.732915] tpm tpm0: Operation Canceled
[   36.739692] tpm tpm0: Operation Canceled
[   36.744473] tpm tpm0: Operation Canceled
[   36.746670] tpm tpm0: Operation Canceled
[   36.750440] tpm tpm0: Operation Canceled
[   36.752397] tpm tpm1: Operation Canceled
[   36.754730] tpm tpm1: Operation Canceled
[   36.760141] tpm tpm0: Operation Canceled
[   36.761210] tpm tpm1: Operation Canceled
[   36.765276] tpm tpm0: Operation Canceled
[   36.768630] tpm tpm0: Operation Canceled
[   36.772896] tpm tpm0: Operation Canceled
[   36.776083] tpm tpm0: Operation Canceled
[   36.780524] tpm tpm0: Operation Canceled
[   36.781934] tpm tpm1: Operation Canceled
[   36.782270] tpm tpm0: Operation Canceled
[   36.785744] tpm tpm5: Operation Canceled
[   36.792806] tpm tpm0: Operation Canceled
[   36.796333] tpm tpm0: Operation Canceled
[   36.798162] tpm tpm1: Operation Canceled
[   36.799567] tpm tpm0: Operation Canceled
[   36.805046] tpm tpm0: Operation Canceled
[   36.805531] tpm tpm3: Operation Canceled
[   36.816136] tpm tpm0: Operation Canceled
[   36.816383] tpm tpm3: Operation Canceled
[   36.822494] tpm tpm5: Operation Canceled
[   36.823151] tpm tpm1: Operation Canceled
[   36.827079] tpm tpm0: Operation Canceled
[   36.830657] tpm tpm0: Operation Canceled
[   36.833562] tpm tpm0: Operation Canceled
[   36.840410] tpm tpm0: Operation Canceled
[   36.843608] tpm tpm0: Operation Canceled
[   36.851191] tpm tpm0: Operation Canceled
[   36.851821] tpm tpm1: Operation Canceled
[   36.853340] tpm tpm0: Operation Canceled
[   36.863179] tpm tpm0: Operation Canceled
[   36.866106] tpm tpm0: Operation Canceled
[   36.870453] tpm tpm0: Operation Canceled
[   36.874116] tpm tpm0: Operation Canceled
[   36.878825] tpm tpm0: Operation Canceled
[   36.880737] tpm tpm0: Operation Canceled
[   36.885925] tpm tpm2: Operation Canceled
[   36.887624] tpm tpm0: Operation Canceled
[   36.892613] tpm tpm0: Operation Canceled
[   36.896920] tpm tpm0: Operation Canceled
[   36.899064] tpm tpm0: Operation Canceled
[   36.904733] tpm tpm1: Operation Canceled
[   36.905544] tpm tpm0: Operation Canceled
[   36.911400] tpm tpm0: Operation Canceled
[   36.914876] tpm tpm3: Operation Canceled
[   36.924662] tpm tpm0: Operation Canceled
[   36.924920] tpm tpm3: Operation Canceled
[   36.936408] tpm tpm0: Operation Canceled
[   36.936905] tpm tpm4: Operation Canceled
[   36.948960] tpm tpm0: Operation Canceled
[   36.949798] tpm tpm4: Operation Canceled
[   36.955748] tpm tpm0: Operation Canceled
[   36.960742] tpm tpm0: Operation Canceled
[   36.964660] tpm tpm0: Operation Canceled
[   36.967726] tpm tpm0: Operation Canceled
[   36.968515] tpm tpm5: Operation Canceled
[   36.969925] tpm tpm0: Operation Canceled
[   36.975487] tpm tpm0: Operation Canceled
[   36.979360] tpm tpm0: Operation Canceled
[   36.980381] tpm tpm3: Operation Canceled
[   36.983300] tpm tpm0: Operation Canceled
[   36.984441] tpm tpm1: Operation Canceled
[   36.988090] tpm tpm0: Operation Canceled
[   36.992054] tpm tpm0: Operation Canceled
[   36.994987] tpm tpm1: Operation Canceled
[   36.997636] tpm tpm1: Operation Canceled
[   37.001173] tpm tpm0: Operation Canceled
[   37.003398] tpm tpm1: Operation Canceled
[   37.011086] tpm tpm0: Operation Canceled
[   37.012497] tpm tpm3: Operation Canceled
[   37.020177] tpm tpm0: Operation Canceled
[   37.024469] tpm tpm0: Operation Canceled
[   37.025510] tpm tpm2: Operation Canceled
[   37.032109] tpm tpm0: Operation Canceled
[   37.036193] tpm tpm0: Operation Canceled
[   37.037410] tpm tpm3: Operation Canceled
[   37.041774] tpm tpm0: Operation Canceled
[   37.045386] tpm tpm0: Operation Canceled
[   37.050444] tpm tpm0: Operation Canceled
[   37.054498] tpm tpm0: Operation Canceled
[   37.058006] tpm tpm0: Operation Canceled
[   37.059427] tpm tpm1: Operation Canceled
[   37.063014] tpm tpm0: Operation Canceled
[   37.071094] tpm tpm0: Operation Canceled
[   37.071724] tpm tpm4: Operation Canceled
[   37.083894] tpm tpm0: Operation Canceled
[   37.083956] tpm tpm1: Operation Canceled
[   37.095723] tpm tpm0: Operation Canceled
[   37.096891] tpm tpm4: Operation Canceled
[   37.103618] tpm tpm0: Operation Canceled
[   37.105873] tpm tpm0: Operation Canceled
[   37.109472] tpm tpm0: Operation Canceled
[   37.112367] tpm tpm0: Operation Canceled
[   37.112925] tpm tpm2: Operation Canceled
[   37.113452] tpm tpm1: Operation Canceled
[   37.115424] tpm tpm0: Operation Canceled
[   37.116943] tpm tpm3: Operation Canceled
[   37.117539] tpm tpm2: Operation Canceled
[   37.122440] tpm tpm0: Operation Canceled
[   37.126156] tpm tpm0: Operation Canceled
[   37.133067] tpm tpm0: Operation Canceled
[   37.135868] tpm tpm0: Operation Canceled
[   37.137372] tpm tpm2: Operation Canceled
[   37.138009] tpm tpm1: Operation Canceled
[   37.142913] tpm tpm0: Operation Canceled
[   37.149197] tpm tpm0: Operation Canceled
[   37.152951] tpm tpm0: Operation Canceled
[   37.153062] tpm tpm3: Operation Canceled
[   37.161450] tpm tpm0: Operation Canceled
[   37.161529] tpm tpm1: Operation Canceled
[   37.168694] tpm tpm0: Operation Canceled
[   37.172239] tpm tpm0: Operation Canceled
[   37.177641] tpm tpm2: Operation Canceled
[   37.177683] tpm tpm0: Operation Canceled
[   37.183830] tpm tpm0: Operation Canceled
[   37.184170] tpm tpm2: Operation Canceled
[   37.189220] tpm tpm0: Operation Canceled
[   37.190766] tpm tpm0: Operation Canceled
[   37.191934] tpm tpm1: Operation Canceled
[   37.197225] tpm tpm0: Operation Canceled
[   37.199595] tpm tpm0: Operation Canceled
[   37.204672] tpm tpm0: Operation Canceled
[   37.212287] tpm tpm1: Operation Canceled
[   37.217885] tpm tpm0: Operation Canceled
[   37.218420] tpm tpm1: Operation Canceled
[   37.226999] tpm tpm1: Operation Canceled
[   37.228455] tpm tpm0: Operation Canceled
[   37.231138] tpm tpm1: Operation Canceled
[   37.231887] tpm tpm2: Operation Canceled
[   37.236729] tpm tpm0: Operation Canceled
[   37.239921] tpm tpm0: Operation Canceled
[   37.244970] tpm tpm0: Operation Canceled
[   37.245929] tpm tpm3: Operation Canceled
[   37.250271] tpm tpm0: Operation Canceled
[   37.252599] tpm tpm0: Operation Canceled
[   37.254776] tpm tpm0: Operation Canceled
[   37.261500] tpm tpm0: Operation Canceled
[   37.262466] tpm tpm4: Operation Canceled
[   37.270094] tpm tpm0: Operation Canceled
[   37.270907] tpm tpm3: Operation Canceled
[   37.282427] tpm tpm0: Operation Canceled
[   37.284907] tpm tpm1: Operation Canceled
[   37.293468] tpm tpm0: Operation Canceled
[   37.297224] tpm tpm0: Operation Canceled
[   37.301158] tpm tpm0: Operation Canceled
[   37.306529] tpm tpm0: Operation Canceled
[   37.314979] tpm tpm0: Operation Canceled
[   37.316409] tpm tpm0: Operation Canceled
[   37.319897] tpm tpm4: Operation Canceled
[   37.322456] tpm tpm0: Operation Canceled
[   37.330023] tpm tpm0: Operation Canceled
[   37.335505] tpm tpm0: Operation Canceled
[   37.336698] tpm tpm3: Operation Canceled
[   37.343069] tpm tpm0: Operation Canceled
[   37.347805] tpm tpm0: Operation Canceled
[   37.349936] tpm tpm1: Operation Canceled
[   37.351065] tpm tpm0: Operation Canceled
[   37.356897] tpm tpm2: Operation Canceled
[   37.357103] tpm tpm0: Operation Canceled
[   37.361966] tpm tpm0: Operation Canceled
[   37.367982] tpm tpm0: Operation Canceled
[   37.370922] tpm tpm0: Operation Canceled
[   37.371901] tpm tpm5: Operation Canceled
[   37.379097] tpm tpm0: Operation Canceled
[   37.386476] tpm tpm0: Operation Canceled
[   37.386844] tpm tpm2: Operation Canceled
[   37.394371] tpm tpm0: Operation Canceled
[   37.398021] tpm tpm0: Operation Canceled
[   37.399712] tpm tpm1: Operation Canceled
[   37.400141] tpm tpm2: Operation Canceled
[   37.408300] tpm tpm0: Operation Canceled
[   37.413234] tpm tpm0: Operation Canceled
[   37.415743] tpm tpm1: Operation Canceled
[   37.416992] tpm tpm0: Operation Canceled
[   37.419992] tpm tpm5: Operation Canceled
[   37.425763] tpm tpm0: Operation Canceled
[   37.429295] tpm tpm0: Operation Canceled
[   37.429491] tpm tpm3: Operation Canceled
[   37.433378] tpm tpm0: Operation Canceled
[   37.436834] tpm tpm1: Operation Canceled
[   37.442112] tpm tpm1: Operation Canceled
[   37.442432] tpm tpm0: Operation Canceled
[   37.448563] tpm tpm1: Operation Canceled
[   37.448976] tpm tpm4: Operation Canceled
[   37.455019] tpm tpm0: Operation Canceled
[   37.460084] tpm tpm0: Operation Canceled
[   37.461621] tpm tpm0: Operation Canceled
[   37.462683] tpm tpm1: Operation Canceled
[   37.468677] tpm tpm0: Operation Canceled
[   37.469429] tpm tpm3: Operation Canceled
[   37.475670] tpm tpm2: Operation Canceled
[   37.480109] tpm tpm5: Operation Canceled
[   37.482446] tpm tpm1: Operation Canceled
[   37.485615] tpm tpm0: Operation Canceled
[   37.490739] tpm tpm0: Operation Canceled
[   37.493410] tpm tpm0: Operation Canceled
[   37.493926] tpm tpm2: Operation Canceled
[   37.497227] tpm tpm0: Operation Canceled
[   37.502025] tpm tpm0: Operation Canceled
[   37.504557] tpm tpm0: Operation Canceled
[   37.507911] tpm tpm1: Operation Canceled
[   37.509500] tpm tpm0: Operation Canceled
[   37.515844] tpm tpm0: Operation Canceled
[   37.516943] tpm tpm1: Operation Canceled
[   37.522416] tpm tpm0: Operation Canceled
[   37.523899] tpm tpm0: Operation Canceled
[   37.525333] tpm tpm1: Operation Canceled
[   37.527051] tpm tpm0: Operation Canceled
[   37.529592] tpm tpm0: Operation Canceled
[   37.531387] tpm tpm0: Operation Canceled
[   37.535268] tpm tpm0: Operation Canceled
[   37.539837] tpm tpm0: Operation Canceled
[   37.544568] tpm tpm0: Operation Canceled
[   37.546437] tpm tpm0: Operation Canceled
[   37.554333] tpm tpm0: Operation Canceled
[   37.559394] tpm tpm0: Operation Canceled
[   37.565042] tpm tpm0: Operation Canceled
[   37.565541] tpm tpm2: Operation Canceled
[   37.574421] tpm tpm0: Operation Canceled
[   37.575823] tpm tpm1: Operation Canceled
[   37.579512] tpm tpm0: Operation Canceled
[   37.582749] tpm tpm1: Operation Canceled
[   37.584658] tpm tpm0: Operation Canceled
[   37.590418] tpm tpm0: Operation Canceled
[   37.595194] tpm tpm0: Operation Canceled
[   37.598463] tpm tpm0: Operation Canceled
[   37.602489] tpm tpm0: Operation Canceled
[   37.604365] tpm tpm0: Operation Canceled
[   37.605866] tpm tpm1: Operation Canceled
[   37.610429] tpm tpm0: Operation Canceled
[   37.612888] tpm tpm0: Operation Canceled
[   37.614412] tpm tpm0: Operation Canceled
[   37.624891] tpm tpm0: Operation Canceled
[   37.625124] tpm tpm2: Operation Canceled
[   37.635907] tpm tpm0: Operation Canceled
[   37.638636] tpm tpm0: Operation Canceled
[   37.640946] tpm tpm1: Operation Canceled
[   37.643085] tpm tpm1: Operation Canceled
[   37.643824] tpm tpm0: Operation Canceled
[   37.647618] tpm tpm0: Operation Canceled
[   37.649229] tpm tpm0: Operation Canceled
[   37.652231] tpm tpm0: Operation Canceled
[   37.655850] tpm tpm0: Operation Canceled
[   37.658271] tpm tpm2: Operation Canceled
[   37.661046] tpm tpm0: Operation Canceled
[   37.663195] tpm tpm0: Operation Canceled
[   37.665957] tpm tpm0: Operation Canceled
[   37.666148] tpm tpm2: Operation Canceled
[   37.674073] tpm tpm0: Operation Canceled
[   37.674543] tpm tpm4: Operation Canceled
[   37.685937] tpm tpm0: Operation Canceled
[   37.686170] tpm tpm2: Operation Canceled
[   37.698144] tpm tpm0: Operation Canceled
[   37.698289] tpm tpm1: Operation Canceled
[   37.708767] tpm tpm0: Operation Canceled
[   37.709292] tpm tpm3: Operation Canceled
[   37.715825] tpm tpm0: Operation Canceled
[   37.720910] tpm tpm0: Operation Canceled
[   37.727817] tpm tpm0: Operation Canceled
[   37.729825] tpm tpm0: Operation Canceled
[   37.736068] tpm tpm3: Operation Canceled
[   37.739844] tpm tpm0: Operation Canceled
[   37.739841] tpm tpm1: Operation Canceled
[   37.744880] tpm tpm0: Operation Canceled
[   37.750970] tpm tpm0: Operation Canceled
[   37.755295] tpm tpm0: Operation Canceled
[   37.756186] tpm tpm1: Operation Canceled
[   37.756751] tpm tpm0: Operation Canceled
[   37.758310] tpm tpm1: Operation Canceled
[   37.763244] tpm tpm0: Operation Canceled
[   37.765409] tpm tpm3: Operation Canceled
[   37.765781] tpm tpm0: Operation Canceled
[   37.775523] tpm tpm0: Operation Canceled
[   37.775785] tpm tpm1: Operation Canceled
[   37.786841] tpm tpm0: Operation Canceled
[   37.787370] tpm tpm4: Operation Canceled
[   37.792778] tpm tpm6: Operation Canceled
[   37.798973] tpm tpm0: Operation Canceled
[   37.799616] tpm tpm3: Operation Canceled
[   37.803405] tpm tpm7: Operation Canceled
[   37.812272] tpm tpm0: Operation Canceled
[   37.812549] tpm tpm2: Operation Canceled
[   37.823104] tpm tpm0: Operation Canceled
[   37.824429] tpm tpm0: Operation Canceled
[   37.826771] tpm tpm0: Operation Canceled
[   37.828688] tpm tpm0: Operation Canceled
[   37.828744] tpm tpm1: Operation Canceled
[   37.835908] tpm tpm0: Operation Canceled
[   37.836929] tpm tpm2: Operation Canceled
[   37.847314] tpm tpm0: Operation Canceled
[   37.848017] tpm tpm2: Operation Canceled
[   37.850948] tpm tpm0: Operation Canceled
[   37.855311] tpm tpm0: Operation Canceled
[   37.856362] tpm tpm1: Operation Canceled
[   37.860831] tpm tpm0: Operation Canceled
[   37.864145] tpm tpm0: Operation Canceled
[   37.865821] tpm tpm0: Operation Canceled
[   37.870303] tpm tpm0: Operation Canceled
[   37.871356] tpm tpm1: Operation Canceled
[   37.872190] tpm tpm0: Operation Canceled
[   37.879534] tpm tpm0: Operation Canceled
[   37.884208] tpm tpm0: Operation Canceled
[   37.886712] tpm tpm2: Operation Canceled
[   37.888572] tpm tpm0: Operation Canceled
[   37.896138] tpm tpm0: Operation Canceled
[   37.900979] tpm tpm0: Operation Canceled
[   37.901659] tpm tpm1: Operation Canceled
[   37.903237] tpm tpm0: Operation Canceled
[   37.903947] tpm tpm3: Operation Canceled
[   37.907823] tpm tpm0: Operation Canceled
[   37.909906] tpm tpm0: Operation Canceled
[   37.913212] tpm tpm0: Operation Canceled
[   37.914414] tpm tpm2: Operation Canceled
[   37.917476] tpm tpm0: Operation Canceled
[   37.919367] tpm tpm0: Operation Canceled
[   37.921748] tpm tpm0: Operation Canceled
[   37.922179] tpm tpm1: Operation Canceled
[   37.926090] tpm tpm1: Operation Canceled
[   37.926680] tpm tpm0: Operation Canceled
[   37.930263] tpm tpm0: Operation Canceled
[   37.932170] tpm tpm0: Operation Canceled
[   37.934172] tpm tpm0: Operation Canceled
[   37.935208] tpm tpm1: Operation Canceled
[   37.940499] tpm tpm0: Operation Canceled
[   37.941756] tpm tpm3: Operation Canceled
[   37.946747] tpm tpm2: Operation Canceled
[   37.950426] tpm tpm0: Operation Canceled
[   37.954035] tpm tpm0: Operation Canceled
[   37.960470] tpm tpm0: Operation Canceled
[   37.962182] tpm tpm0: Operation Canceled
[   37.966189] tpm tpm1: Operation Canceled
[   37.966512] tpm tpm0: Operation Canceled
[   37.974816] tpm tpm0: Operation Canceled
[   37.974987] tpm tpm1: Operation Canceled
[   37.976826] tpm tpm6: Operation Canceled
[   37.984464] tpm tpm0: Operation Canceled
[   37.988063] tpm tpm0: Operation Canceled
[   37.991390] tpm tpm0: Operation Canceled
[   37.999124] tpm tpm0: Operation Canceled
[   38.007033] tpm tpm0: Operation Canceled
[   38.007954] tpm tpm4: Operation Canceled
[   38.011645] tpm tpm0: Operation Canceled
[   38.014177] tpm tpm0: Operation Canceled
[   38.016305] tpm tpm2: Operation Canceled
[   38.018419] tpm tpm0: Operation Canceled
[   38.019494] tpm tpm1: Operation Canceled
[   38.022937] tpm tpm0: Operation Canceled
[   38.024897] tpm tpm0: Operation Canceled
[   38.027974] tpm tpm0: Operation Canceled
[   38.031971] tpm tpm0: Operation Canceled
[   38.036654] tpm tpm0: Operation Canceled
[   38.040179] tpm tpm0: Operation Canceled
[   38.040675] tpm tpm3: Operation Canceled
[   38.043677] tpm tpm0: Operation Canceled
[   38.046826] tpm tpm0: Operation Canceled
[   38.050165] tpm tpm0: Operation Canceled
[   38.052739] tpm tpm1: Operation Canceled
[   38.053749] tpm tpm0: Operation Canceled
[   38.057621] tpm tpm2: Operation Canceled
[   38.060791] tpm tpm0: Operation Canceled
[   38.064814] tpm tpm0: Operation Canceled
[   38.066125] tpm tpm1: Operation Canceled
[   38.069558] tpm tpm0: Operation Canceled
[   38.071885] tpm tpm0: Operation Canceled
[   38.073159] tpm tpm1: Operation Canceled
[   38.074042] tpm tpm0: Operation Canceled
[   38.077805] tpm tpm0: Operation Canceled
[   38.082844] tpm tpm0: Operation Canceled
[   38.084496] tpm tpm0: Operation Canceled
[   38.088260] tpm tpm0: Operation Canceled
[   38.093681] tpm tpm0: Operation Canceled
[   38.100689] tpm tpm1: Operation Canceled
[   38.100713] tpm tpm0: Operation Canceled
[   38.102045] tpm tpm4: Operation Canceled
[   38.105385] tpm tpm0: Operation Canceled
[   38.107590] tpm tpm3: Operation Canceled
[   38.108653] tpm tpm1: Operation Canceled
[   38.108747] tpm tpm0: Operation Canceled
[   38.115650] tpm tpm0: Operation Canceled
[   38.117566] tpm tpm0: Operation Canceled
[   38.121094] tpm tpm3: Operation Canceled
[   38.123881] tpm tpm0: Operation Canceled
[   38.125893] tpm tpm3: Operation Canceled
[   38.130361] tpm tpm0: Operation Canceled
[   38.131459] tpm tpm1: Operation Canceled
[   38.131811] tpm tpm2: Operation Canceled
[   38.138464] tpm tpm0: Operation Canceled
[   38.140746] tpm tpm0: Operation Canceled
[   38.147729] tpm tpm0: Operation Canceled
[   38.148205] tpm tpm1: Operation Canceled
[   38.151888] tpm tpm0: Operation Canceled
[   38.153670] tpm tpm0: Operation Canceled
[   38.156551] tpm tpm2: Operation Canceled
[   38.158902] tpm tpm0: Operation Canceled
[   38.162214] tpm tpm0: Operation Canceled
[   38.163645] tpm tpm0: Operation Canceled
[   38.165263] tpm tpm1: Operation Canceled
[   38.169438] tpm tpm0: Operation Canceled
[   38.171049] tpm tpm0: Operation Canceled
[   38.175888] tpm tpm0: Operation Canceled
[   38.179247] tpm tpm0: Operation Canceled
[   38.179920] tpm tpm1: Operation Canceled
[   38.181438] tpm tpm0: Operation Canceled
[   38.186210] tpm tpm2: Operation Canceled
[   38.186610] tpm tpm0: Operation Canceled
[   38.189335] tpm tpm0: Operation Canceled
[   38.190772] tpm tpm4: Operation Canceled
[   38.197056] tpm tpm0: Operation Canceled
[   38.197953] tpm tpm2: Operation Canceled
[   38.199286] tpm tpm0: Operation Canceled
[   38.203184] tpm tpm0: Operation Canceled
[   38.203800] tpm tpm3: Operation Canceled
[   38.208911] tpm tpm0: Operation Canceled
[   38.209982] tpm tpm1: Operation Canceled
[   38.210007] tpm tpm2: Operation Canceled
[   38.213633] tpm tpm3: Operation Canceled
[   38.214923] tpm tpm0: Operation Canceled
[   38.218429] tpm tpm3: Operation Canceled
[   38.219307] tpm tpm0: Operation Canceled
[   38.221331] tpm tpm3: Operation Canceled
[   38.229469] tpm tpm0: Operation Canceled
[   38.230111] tpm tpm3: Operation Canceled
[   38.239677] tpm tpm0: Operation Canceled
[   38.240096] tpm tpm1: Operation Canceled
[   38.246517] tpm tpm0: Operation Canceled
[   38.247002] tpm tpm1: Operation Canceled
[   38.252970] tpm tpm0: Operation Canceled
[   38.255159] tpm tpm0: Operation Canceled
[   38.261206] tpm tpm0: Operation Canceled
[   38.264636] tpm tpm0: Operation Canceled
[   38.265734] tpm tpm2: Operation Canceled
[   38.266796] tpm tpm1: Operation Canceled
[   38.269504] tpm tpm0: Operation Canceled
[   38.271796] tpm tpm0: Operation Canceled
[   38.274414] tpm tpm0: Operation Canceled
[   38.276227] tpm tpm0: Operation Canceled
[   38.286173] tpm tpm0: Operation Canceled
[   38.286560] tpm tpm3: Operation Canceled
[   38.296983] tpm tpm0: Operation Canceled
[   38.297489] tpm tpm3: Operation Canceled
[   38.306423] tpm tpm0: Operation Canceled
[   38.309663] tpm tpm0: Operation Canceled
[   38.314020] tpm tpm0: Operation Canceled
[   38.317670] tpm tpm0: Operation Canceled
[   38.321713] tpm tpm0: Operation Canceled
[   38.324016] tpm tpm0: Operation Canceled
[   38.328039] tpm tpm0: Operation Canceled
[   38.328220] tpm tpm1: Operation Canceled
[   38.333732] tpm tpm0: Operation Canceled
[   38.334348] tpm tpm1: Operation Canceled
[   38.335848] tpm tpm0: Operation Canceled
[   38.337173] tpm tpm1: Operation Canceled
[   38.339016] tpm tpm0: Operation Canceled
[   38.341913] tpm tpm0: Operation Canceled
[   38.345198] tpm tpm0: Operation Canceled
[   38.345354] tpm tpm1: Operation Canceled
[   38.347471] tpm tpm5: Operation Canceled
[   38.347958] tpm tpm3: Operation Canceled
[   38.348534] tpm tpm0: Operation Canceled
[   38.355825] tpm tpm0: Operation Canceled
[   38.358128] tpm tpm0: Operation Canceled
[   38.362718] tpm tpm3: Operation Canceled
[   38.368101] tpm tpm0: Operation Canceled
[   38.369491] tpm tpm0: Operation Canceled
[   38.374914] tpm tpm0: Operation Canceled
[   38.378637] tpm tpm0: Operation Canceled
[   38.380704] tpm tpm0: Operation Canceled
[   38.388229] tpm tpm0: Operation Canceled
[   38.389604] tpm tpm4: Operation Canceled
[   38.398463] tpm tpm0: Operation Canceled
[   38.401936] tpm tpm0: Operation Canceled
[   38.406400] tpm tpm2: Operation Canceled
[   38.406515] tpm tpm0: Operation Canceled
[   38.408178] tpm tpm2: Operation Canceled
[   38.411088] tpm tpm0: Operation Canceled
[   38.416628] tpm tpm0: Operation Canceled
[   38.419285] tpm tpm0: Operation Canceled
[   38.423209] tpm tpm0: Operation Canceled
[   38.431108] tpm tpm0: Operation Canceled
[   38.433331] tpm tpm0: Operation Canceled
[   38.436350] tpm tpm2: Operation Canceled
[   38.440456] tpm tpm0: Operation Canceled
[   38.441841] tpm tpm0: Operation Canceled
[   38.446218] tpm tpm0: Operation Canceled
[   38.450439] tpm tpm0: Operation Canceled
[   38.452225] tpm tpm1: Operation Canceled
[   38.456806] tpm tpm0: Operation Canceled
[   38.458202] tpm tpm0: Operation Canceled
[   38.460001] tpm tpm1: Operation Canceled
[   38.461484] tpm tpm0: Operation Canceled
[   38.468482] tpm tpm0: Operation Canceled
[   38.469352] tpm tpm3: Operation Canceled
[   38.472899] tpm tpm4: Operation Canceled
[   38.474204] tpm tpm1: Operation Canceled
[   38.474958] tpm tpm2: Operation Canceled
[   38.478369] tpm tpm0: Operation Canceled
[   38.479265] tpm tpm1: Operation Canceled
[   38.482604] tpm tpm0: Operation Canceled
[   38.483120] tpm tpm3: Operation Canceled
[   38.486777] tpm tpm1: Operation Canceled
[   38.489457] tpm tpm0: Operation Canceled
[   38.491748] tpm tpm0: Operation Canceled
[   38.495767] tpm tpm0: Operation Canceled
[   38.496729] tpm tpm2: Operation Canceled
[   38.502054] tpm tpm0: Operation Canceled
[   38.509341] tpm tpm0: Operation Canceled
[   38.513564] tpm tpm0: Operation Canceled
[   38.516876] tpm tpm0: Operation Canceled
[   38.516933] tpm tpm1: Operation Canceled
[   38.518158] tpm tpm2: Operation Canceled
[   38.527966] tpm tpm1: Operation Canceled
[   38.533738] tpm tpm0: Operation Canceled
[   38.535590] tpm tpm7: Operation Canceled
[   38.538467] tpm tpm0: Operation Canceled
[   38.542456] tpm tpm0: Operation Canceled
[   38.546429] tpm tpm0: Operation Canceled
[   38.550460] tpm tpm0: Operation Canceled
[   38.553496] tpm tpm0: Operation Canceled
[   38.557557] tpm tpm0: Operation Canceled
[   38.560443] tpm tpm0: Operation Canceled
[   38.562858] tpm tpm0: Operation Canceled
[   38.564625] tpm tpm0: Operation Canceled
[   38.566198] tpm tpm2: Operation Canceled
[   38.569847] tpm tpm0: Operation Canceled
[   38.573538] tpm tpm0: Operation Canceled
[   38.577805] tpm tpm0: Operation Canceled
[   38.583138] tpm tpm0: Operation Canceled
[   38.587125] tpm tpm0: Operation Canceled
[   38.590168] tpm tpm1: Operation Canceled
[   38.591809] tpm tpm0: Operation Canceled
[   38.592779] tpm tpm1: Operation Canceled
[   38.601309] tpm tpm0: Operation Canceled
[   38.602496] tpm tpm0: Operation Canceled
[   38.606260] tpm tpm0: Operation Canceled
[   38.609968] tpm tpm0: Operation Canceled
[   38.613278] tpm tpm2: Operation Canceled
[   38.613345] tpm tpm0: Operation Canceled
[   38.614810] tpm tpm1: Operation Canceled
[   38.616068] tpm tpm0: Operation Canceled
[   38.624617] tpm tpm0: Operation Canceled
[   38.625715] tpm tpm0: Operation Canceled
[   38.632136] tpm tpm0: Operation Canceled
[   38.635205] tpm tpm0: Operation Canceled
[   38.637922] tpm tpm0: Operation Canceled
[   38.640087] tpm tpm0: Operation Canceled
[   38.641315] tpm tpm1: Operation Canceled
[   38.645472] tpm tpm0: Operation Canceled
[   38.649712] tpm tpm0: Operation Canceled
[   38.654794] tpm tpm0: Operation Canceled
[   38.659431] tpm tpm0: Operation Canceled
[   38.663645] tpm tpm0: Operation Canceled
[   38.670371] tpm tpm0: Operation Canceled
[   38.671727] tpm tpm2: Operation Canceled
[   38.672356] tpm tpm0: Operation Canceled
[   38.677537] tpm tpm5: Operation Canceled
[   38.678815] tpm tpm4: Operation Canceled
[   38.682897] tpm tpm0: Operation Canceled
[   38.688251] tpm tpm0: Operation Canceled
[   38.688336] tpm tpm2: Operation Canceled
[   38.699228] tpm tpm1: Operation Canceled
[   38.699228] tpm tpm0: Operation Canceled
[   38.709855] tpm tpm0: Operation Canceled
[   38.710894] tpm tpm4: Operation Canceled
[   38.711191] tpm tpm3: Operation Canceled
[   38.712504] tpm tpm6: Operation Canceled
[   38.720576] tpm tpm0: Operation Canceled
[   38.723049] tpm tpm0: Operation Canceled
[   38.725207] tpm tpm2: Operation Canceled
[   38.725760] tpm tpm0: Operation Canceled
[   38.727351] tpm tpm3: Operation Canceled
[   38.728419] tpm tpm4: Operation Canceled
[   38.729002] tpm tpm1: Operation Canceled
[   38.734034] tpm tpm0: Operation Canceled
[   38.739021] tpm tpm0: Operation Canceled
[   38.739774] tpm tpm4: Operation Canceled
[   38.746418] tpm tpm0: Operation Canceled
[   38.747168] tpm tpm1: Operation Canceled
[   38.752202] tpm tpm0: Operation Canceled
[   38.753745] tpm tpm0: Operation Canceled
[   38.758284] tpm tpm3: Operation Canceled
[   38.761505] tpm tpm0: Operation Canceled
[   38.762719] tpm tpm4: Operation Canceled
[   38.771144] tpm tpm0: Operation Canceled
[   38.772057] tpm tpm3: Operation Canceled
[   38.776983] tpm tpm0: Operation Canceled
[   38.779013] tpm tpm1: Operation Canceled
[   38.784794] tpm tpm0: Operation Canceled
[   38.785853] tpm tpm3: Operation Canceled
[   38.788294] tpm tpm2: Operation Canceled
[   38.789563] tpm tpm0: Operation Canceled
[   38.790838] tpm tpm2: Operation Canceled
[   38.796900] tpm tpm0: Operation Canceled
[   38.799007] tpm tpm0: Operation Canceled
[   38.801904] tpm tpm0: Operation Canceled
[   38.803768] tpm tpm0: Operation Canceled
[   38.805374] tpm tpm0: Operation Canceled
[   38.810422] tpm tpm0: Operation Canceled
[   38.810771] tpm tpm4: Operation Canceled
[   38.812893] tpm tpm0: Operation Canceled
[   38.821217] tpm tpm0: Operation Canceled
[   38.821250] tpm tpm2: Operation Canceled
[   38.832097] tpm tpm0: Operation Canceled
[   38.834299] tpm tpm4: Operation Canceled
[   38.835510] tpm tpm3: Operation Canceled
[   38.842412] tpm tpm0: Operation Canceled
[   38.845028] tpm tpm0: Operation Canceled
[   38.849738] tpm tpm0: Operation Canceled
[   38.857108] tpm tpm0: Operation Canceled
[   38.858653] tpm tpm0: Operation Canceled
[   38.861505] tpm tpm0: Operation Canceled
[   38.865825] tpm tpm1: Operation Canceled
[   38.870154] tpm tpm4: Operation Canceled
[   38.873692] tpm tpm1: Operation Canceled
[   38.874117] tpm tpm0: Operation Canceled
[   38.875077] tpm tpm2: Operation Canceled
[   38.877505] tpm tpm0: Operation Canceled
[   38.882243] tpm tpm0: Operation Canceled
[   38.883589] tpm tpm3: Operation Canceled
[   38.890257] tpm tpm1: Operation Canceled
[   38.890313] tpm tpm0: Operation Canceled
[   38.894739] tpm tpm0: Operation Canceled
[   38.895802] tpm tpm2: Operation Canceled
[   38.901196] tpm tpm0: Operation Canceled
[   38.901570] tpm tpm1: Operation Canceled
[   38.904504] tpm tpm0: Operation Canceled
[   38.911842] tpm tpm0: Operation Canceled
[   38.912538] tpm tpm3: Operation Canceled
[   38.914755] tpm tpm0: Operation Canceled
[   38.918348] tpm tpm0: Operation Canceled
[   38.921494] tpm tpm0: Operation Canceled
[   38.921686] tpm tpm2: Operation Canceled
[   38.926183] tpm tpm0: Operation Canceled
[   38.932898] tpm tpm0: Operation Canceled
[   38.935582] tpm tpm0: Operation Canceled
[   38.938771] tpm tpm0: Operation Canceled
[   38.941131] tpm tpm0: Operation Canceled
[   38.941867] tpm tpm1: Operation Canceled
[   38.945245] tpm tpm0: Operation Canceled
[   38.947015] tpm tpm0: Operation Canceled
[   38.948072] tpm tpm2: Operation Canceled
[   38.950280] tpm tpm0: Operation Canceled
[   38.952109] tpm tpm1: Operation Canceled
[   38.953577] tpm tpm0: Operation Canceled
[   38.954887] tpm tpm1: Operation Canceled
[   38.957562] tpm tpm0: Operation Canceled
[   38.961144] tpm tpm0: Operation Canceled
[   38.961760] tpm tpm1: Operation Canceled
[   38.962738] tpm tpm0: Operation Canceled
[   38.964533] tpm tpm3: Operation Canceled
[   38.969586] tpm tpm0: Operation Canceled
[   38.972892] tpm tpm0: Operation Canceled
[   38.973833] tpm tpm3: Operation Canceled
[   38.977517] tpm tpm0: Operation Canceled
[   38.980427] tpm tpm0: Operation Canceled
[   38.982414] tpm tpm0: Operation Canceled
[   38.989995] tpm tpm0: Operation Canceled
[   38.994995] tpm tpm0: Operation Canceled
[   38.995458] tpm tpm1: Operation Canceled
[   38.999216] tpm tpm0: Operation Canceled
[   39.002751] tpm tpm0: Operation Canceled
[   39.005934] tpm tpm1: Operation Canceled
[   39.008793] tpm tpm0: Operation Canceled
[   39.010238] tpm tpm0: Operation Canceled
[   39.011068] tpm tpm2: Operation Canceled
[   39.015508] tpm tpm1: Operation Canceled
[   39.017618] tpm tpm0: Operation Canceled
[   39.021254] tpm tpm1: Operation Canceled
[   39.023041] tpm tpm0: Operation Canceled
[   39.030971] tpm tpm0: Operation Canceled
[   39.035525] tpm tpm1: Operation Canceled
[   39.035563] tpm tpm0: Operation Canceled
[   39.042369] tpm tpm0: Operation Canceled
[   39.044070] tpm tpm0: Operation Canceled
[   39.046409] tpm tpm3: Operation Canceled
[   39.053565] tpm tpm0: Operation Canceled
[   39.058172] tpm tpm0: Operation Canceled
[   39.058322] tpm tpm3: Operation Canceled
[   39.064496] tpm tpm0: Operation Canceled
[   39.068489] tpm tpm0: Operation Canceled
[   39.070820] tpm tpm0: Operation Canceled
[   39.072293] tpm tpm2: Operation Canceled
[   39.072639] tpm tpm3: Operation Canceled
[   39.075336] tpm tpm0: Operation Canceled
[   39.082923] tpm tpm0: Operation Canceled
[   39.084800] tpm tpm0: Operation Canceled
[   39.086876] tpm tpm1: Operation Canceled
[   39.092229] tpm tpm0: Operation Canceled
[   39.092824] tpm tpm1: Operation Canceled
[   39.094421] tpm tpm0: Operation Canceled
[   39.100260] tpm tpm0: Operation Canceled
[   39.101411] tpm tpm5: Operation Canceled
[   39.111169] tpm tpm0: Operation Canceled
[   39.112727] tpm tpm0: Operation Canceled
[   39.117373] tpm tpm3: Operation Canceled
[   39.117833] tpm tpm0: Operation Canceled
[   39.120797] tpm tpm0: Operation Canceled
[   39.124659] tpm tpm0: Operation Canceled
[   39.127971] tpm tpm0: Operation Canceled
[   39.132794] tpm tpm0: Operation Canceled
[   39.135879] tpm tpm1: Operation Canceled
[   39.136857] tpm tpm0: Operation Canceled
[   39.138097] tpm tpm1: Operation Canceled
[   39.144935] tpm tpm0: Operation Canceled
[   39.146002] tpm tpm3: Operation Canceled
[   39.151144] tpm tpm1: Operation Canceled
[   39.152751] tpm tpm0: Operation Canceled
[   39.155387] tpm tpm0: Operation Canceled
[   39.158381] tpm tpm0: Operation Canceled
[   39.158669] tpm tpm1: Operation Canceled
[   39.164739] tpm tpm3: Operation Canceled
[   39.168163] tpm tpm0: Operation Canceled
[   39.172379] tpm tpm0: Operation Canceled
[   39.172542] tpm tpm1: Operation Canceled
[   39.178217] tpm tpm0: Operation Canceled
[   39.179531] tpm tpm1: Operation Canceled
[   39.179664] tpm tpm2: Operation Canceled
[   39.187400] tpm tpm0: Operation Canceled
[   39.189765] tpm tpm0: Operation Canceled
[   39.196979] tpm tpm0: Operation Canceled
[   39.199973] tpm tpm0: Operation Canceled
[   39.201925] tpm tpm1: Operation Canceled
[   39.204017] tpm tpm0: Operation Canceled
[   39.206225] tpm tpm0: Operation Canceled
[   39.211827] tpm tpm0: Operation Canceled
[   39.212127] tpm tpm1: Operation Canceled
[   39.217102] tpm tpm3: Operation Canceled
[   39.217178] tpm tpm0: Operation Canceled
[   39.225046] tpm tpm0: Operation Canceled
[   39.226106] tpm tpm1: Operation Canceled
[   39.230084] tpm tpm0: Operation Canceled
[   39.236766] tpm tpm0: Operation Canceled
[   39.238968] tpm tpm0: Operation Canceled
[   39.240333] tpm tpm0: Operation Canceled
[   39.249558] tpm tpm0: Operation Canceled
[   39.250701] tpm tpm4: Operation Canceled
[   39.257962] tpm tpm0: Operation Canceled
[   39.261446] tpm tpm0: Operation Canceled
[   39.263720] tpm tpm0: Operation Canceled
[   39.268255] tpm tpm0: Operation Canceled
[   39.274633] tpm tpm0: Operation Canceled
[   39.275246] tpm tpm1: Operation Canceled
[   39.277526] tpm tpm1: Operation Canceled
[   39.278145] tpm tpm0: Operation Canceled
[   39.283212] tpm tpm0: Operation Canceled
[   39.284280] tpm tpm3: Operation Canceled
[   39.290717] tpm tpm0: Operation Canceled
[   39.292468] tpm tpm0: Operation Canceled
[   39.293859] tpm tpm3: Operation Canceled
[   39.300494] tpm tpm0: Operation Canceled
[   39.304627] tpm tpm0: Operation Canceled
[   39.308008] tpm tpm0: Operation Canceled
[   39.313385] tpm tpm0: Operation Canceled
[   39.315713] tpm tpm0: Operation Canceled
[   39.317973] tpm tpm2: Operation Canceled
[   39.323092] tpm tpm1: Operation Canceled
[   39.324165] tpm tpm0: Operation Canceled
[   39.329418] tpm tpm0: Operation Canceled
[   39.335722] tpm tpm0: Operation Canceled
[   39.335812] tpm tpm1: Operation Canceled
[   39.340649] tpm tpm0: Operation Canceled
[   39.342420] tpm tpm1: Operation Canceled
[   39.344797] tpm tpm0: Operation Canceled
[   39.345787] tpm tpm3: Operation Canceled
[   39.352515] tpm tpm0: Operation Canceled
[   39.358928] tpm tpm0: Operation Canceled
[   39.362323] tpm tpm0: Operation Canceled
[   39.363215] tpm tpm3: Operation Canceled
[   39.364271] tpm tpm4: Operation Canceled
[   39.370354] tpm tpm0: Operation Canceled
[   39.376191] tpm tpm1: Operation Canceled
[   39.377271] tpm tpm0: Operation Canceled
[   39.381877] tpm tpm0: Operation Canceled
[   39.383826] tpm tpm1: Operation Canceled
[   39.385892] tpm tpm0: Operation Canceled
[   39.392374] tpm tpm0: Operation Canceled
[   39.395955] tpm tpm0: Operation Canceled
[   39.398135] tpm tpm0: Operation Canceled
[   39.398415] tpm tpm1: Operation Canceled
[   39.399803] tpm tpm2: Operation Canceled
[   39.402598] tpm tpm1: Operation Canceled
[   39.404478] tpm tpm0: Operation Canceled
[   39.409042] tpm tpm0: Operation Canceled
[   39.412171] tpm tpm0: Operation Canceled
[   39.415328] tpm tpm3: Operation Canceled
[   39.415364] tpm tpm0: Operation Canceled
[   39.419358] tpm tpm4: Operation Canceled
[   39.423206] tpm tpm0: Operation Canceled
[   39.426777] tpm tpm0: Operation Canceled
[   39.431551] tpm tpm0: Operation Canceled
[   39.434177] tpm tpm1: Operation Canceled
[   39.436344] tpm tpm2: Operation Canceled
[   39.443450] tpm tpm0: Operation Canceled
[   39.446772] tpm tpm0: Operation Canceled
[   39.448023] tpm tpm2: Operation Canceled
[   39.449689] tpm tpm0: Operation Canceled
[   39.453645] tpm tpm1: Operation Canceled
[   39.456206] tpm tpm0: Operation Canceled
[   39.460777] tpm tpm0: Operation Canceled
[   39.461050] tpm tpm2: Operation Canceled
[   39.465398] tpm tpm0: Operation Canceled
[   39.472626] tpm tpm0: Operation Canceled
[   39.472831] tpm tpm1: Operation Canceled
[   39.474216] tpm tpm6: Operation Canceled
[   39.482473] tpm tpm0: Operation Canceled
[   39.484618] tpm tpm0: Operation Canceled
[   39.489454] tpm tpm0: Operation Canceled
[   39.489467] tpm tpm2: Operation Canceled
[   39.493032] tpm tpm0: Operation Canceled
[   39.496493] tpm tpm0: Operation Canceled
[   39.498715] tpm tpm0: Operation Canceled
[   39.502149] tpm tpm0: Operation Canceled
[   39.504157] tpm tpm1: Operation Canceled
[   39.504768] tpm tpm2: Operation Canceled
[   39.508462] tpm tpm0: Operation Canceled
[   39.510490] tpm tpm0: Operation Canceled
[   39.512905] tpm tpm0: Operation Canceled
[   39.516032] tpm tpm0: Operation Canceled
[   39.519590] tpm tpm0: Operation Canceled
[   39.523448] tpm tpm0: Operation Canceled
[   39.527310] tpm tpm0: Operation Canceled
[   39.530604] tpm tpm0: Operation Canceled
[   39.534136] tpm tpm0: Operation Canceled
[   39.541723] tpm tpm0: Operation Canceled
[   39.548305] tpm tpm3: Operation Canceled
[   39.552786] tpm tpm0: Operation Canceled
[   39.556822] tpm tpm0: Operation Canceled
[   39.557308] tpm tpm1: Operation Canceled
[   39.566538] tpm tpm0: Operation Canceled
[   39.568888] tpm tpm0: Operation Canceled
[   39.572518] tpm tpm4: Operation Canceled
[   39.578105] tpm tpm0: Operation Canceled
[   39.578668] tpm tpm3: Operation Canceled
[   39.586511] tpm tpm0: Operation Canceled
[   39.587180] tpm tpm3: Operation Canceled
[   39.597067] tpm tpm0: Operation Canceled
[   39.597683] tpm tpm3: Operation Canceled
[   39.608228] tpm tpm0: Operation Canceled
[   39.608449] tpm tpm3: Operation Canceled
[   39.618894] tpm tpm0: Operation Canceled
[   39.618940] tpm tpm1: Operation Canceled
[   39.629626] tpm tpm0: Operation Canceled
[   39.634453] tpm tpm0: Operation Canceled
[   39.638986] tpm tpm7: Operation Canceled
[   39.641987] tpm tpm0: Operation Canceled
[   39.645286] tpm tpm0: Operation Canceled
[   39.647885] tpm tpm0: Operation Canceled
[   39.649998] tpm tpm0: Operation Canceled
[   39.652950] tpm tpm0: Operation Canceled
[   39.653205] tpm tpm1: Operation Canceled
[   39.655055] tpm tpm3: Operation Canceled
[   39.658874] tpm tpm0: Operation Canceled
[   39.661834] tpm tpm0: Operation Canceled
[   39.665967] tpm tpm0: Operation Canceled
[   39.670933] tpm tpm0: Operation Canceled
[   39.671319] tpm tpm2: Operation Canceled
[   39.674106] tpm tpm0: Operation Canceled
[   39.674820] tpm tpm1: Operation Canceled
[   39.677290] tpm tpm0: Operation Canceled
[   39.678421] tpm tpm3: Operation Canceled
[   39.680525] tpm tpm0: Operation Canceled
[   39.684903] tpm tpm1: Operation Canceled
[   39.686591] tpm tpm0: Operation Canceled
[   39.689801] tpm tpm0: Operation Canceled
[   39.695133] tpm tpm0: Operation Canceled
[   39.699346] tpm tpm0: Operation Canceled
[   39.701858] tpm tpm4: Operation Canceled
[   39.703278] tpm tpm0: Operation Canceled
[   39.705600] tpm tpm0: Operation Canceled
[   39.711864] tpm tpm0: Operation Canceled
[   39.714244] tpm tpm0: Operation Canceled
[   39.716496] tpm tpm2: Operation Canceled
[   39.718431] tpm tpm3: Operation Canceled
[   39.721572] tpm tpm0: Operation Canceled
[   39.724935] tpm tpm0: Operation Canceled
[   39.727794] tpm tpm1: Operation Canceled
[   39.729268] tpm tpm1: Operation Canceled
[   39.733700] tpm tpm0: Operation Canceled
[   39.734338] tpm tpm1: Operation Canceled
[   39.738758] tpm tpm1: Operation Canceled
[   39.738936] tpm tpm0: Operation Canceled
[   39.743547] tpm tpm0: Operation Canceled
[   39.746438] tpm tpm0: Operation Canceled
[   39.750526] tpm tpm0: Operation Canceled
[   39.754453] tpm tpm0: Operation Canceled
[   39.757298] tpm tpm0: Operation Canceled
[   39.763552] tpm tpm0: Operation Canceled
[   39.763923] tpm tpm3: Operation Canceled
[   39.770661] tpm tpm0: Operation Canceled
[   39.772079] tpm tpm0: Operation Canceled
[   39.772697] tpm tpm1: Operation Canceled
[   39.781346] tpm tpm0: Operation Canceled
[   39.785047] tpm tpm0: Operation Canceled
[   39.786450] tpm tpm1: Operation Canceled
[   39.792261] tpm tpm1: Operation Canceled
[   39.792282] tpm tpm0: Operation Canceled
[   39.793690] tpm tpm5: Operation Canceled
[   39.800733] tpm tpm0: Operation Canceled
[   39.804904] tpm tpm3: Operation Canceled
[   39.806444] tpm tpm0: Operation Canceled
[   39.814132] tpm tpm0: Operation Canceled
[   39.820089] tpm tpm0: Operation Canceled
[   39.824337] tpm tpm0: Operation Canceled
[   39.828045] tpm tpm0: Operation Canceled
[   39.833103] tpm tpm0: Operation Canceled
[   39.836906] tpm tpm0: Operation Canceled
[   39.839616] tpm tpm0: Operation Canceled
[   39.844221] tpm tpm0: Operation Canceled
[   39.845820] tpm tpm0: Operation Canceled
[   39.847759] tpm tpm1: Operation Canceled
[   39.850122] tpm tpm1: Operation Canceled
[   39.854444] tpm tpm1: Operation Canceled
[   39.857374] tpm tpm0: Operation Canceled
[   39.862724] tpm tpm0: Operation Canceled
[   39.866772] tpm tpm0: Operation Canceled
[   39.869611] tpm tpm2: Operation Canceled
[   39.874421] tpm tpm0: Operation Canceled
[   39.875665] tpm tpm5: Operation Canceled
[   39.875764] tpm tpm4: Operation Canceled
[   39.886566] tpm tpm0: Operation Canceled
[   39.886734] tpm tpm1: Operation Canceled
[   39.898063] tpm tpm0: Operation Canceled
[   39.899023] tpm tpm4: Operation Canceled
[   39.906422] tpm tpm0: Operation Canceled
[   39.909001] tpm tpm0: Operation Canceled
[   39.910822] tpm tpm0: Operation Canceled
[   39.918837] tpm tpm0: Operation Canceled
[   39.921270] tpm tpm0: Operation Canceled
[   39.927104] tpm tpm0: Operation Canceled
[   39.927147] tpm tpm3: Operation Canceled
[   39.930823] tpm tpm0: Operation Canceled
[   39.934601] tpm tpm0: Operation Canceled
[   39.936554] tpm tpm0: Operation Canceled
[   39.940050] tpm tpm0: Operation Canceled
[   39.941884] tpm tpm2: Operation Canceled
[   39.949279] tpm tpm0: Operation Canceled
[   39.950666] tpm tpm6: Operation Canceled
[   39.952657] tpm tpm5: Operation Canceled
[   39.957737] tpm tpm0: Operation Canceled
[   39.961645] tpm tpm0: Operation Canceled
[   39.966559] tpm tpm0: Operation Canceled
[   39.967102] tpm tpm1: Operation Canceled
[   39.970816] tpm tpm4: Operation Canceled
[   39.971767] tpm tpm1: Operation Canceled
[   39.971926] tpm tpm0: Operation Canceled
[   39.975126] tpm tpm0: Operation Canceled
[   39.983256] tpm tpm0: Operation Canceled
[   39.983810] tpm tpm2: Operation Canceled
[   39.991693] tpm tpm0: Operation Canceled
[   40.000428] tpm tpm0: Operation Canceled
[   40.001200] tpm tpm4: Operation Canceled
[   40.008039] tpm tpm0: Operation Canceled
[   40.016663] tpm tpm0: Operation Canceled
[   40.020663] tpm tpm0: Operation Canceled
[   40.023399] tpm tpm0: Operation Canceled
[   40.024964] tpm tpm1: Operation Canceled
[   40.029095] tpm tpm0: Operation Canceled
[   40.033551] tpm tpm0: Operation Canceled
[   40.034077] tpm tpm1: Operation Canceled
[   40.036872] tpm tpm4: Operation Canceled
[   40.038896] tpm tpm0: Operation Canceled
[   40.041089] tpm tpm2: Operation Canceled
[   40.042353] tpm tpm1: Operation Canceled
[   40.048504] tpm tpm0: Operation Canceled
[   40.051285] tpm tpm0: Operation Canceled
[   40.054498] tpm tpm0: Operation Canceled
[   40.055130] tpm tpm1: Operation Canceled
[   40.058928] tpm tpm0: Operation Canceled
[   40.068949] tpm tpm0: Operation Canceled
[   40.071208] tpm tpm1: Operation Canceled
[   40.071680] tpm tpm0: Operation Canceled
[   40.077637] tpm tpm0: Operation Canceled
[   40.081163] tpm tpm0: Operation Canceled
[   40.082431] tpm tpm4: Operation Canceled
[   40.089998] tpm tpm0: Operation Canceled
[   40.093135] tpm tpm0: Operation Canceled
[   40.099063] tpm tpm3: Operation Canceled
[   40.102659] tpm tpm0: Operation Canceled
[   40.106437] tpm tpm0: Operation Canceled
[   40.107079] tpm tpm3: Operation Canceled
[   40.113717] tpm tpm0: Operation Canceled
[   40.118442] tpm tpm0: Operation Canceled
[   40.119663] tpm tpm2: Operation Canceled
[   40.122082] tpm tpm0: Operation Canceled
[   40.127234] tpm tpm0: Operation Canceled
[   40.127996] tpm tpm3: Operation Canceled
[   40.130243] tpm tpm5: Operation Canceled
[   40.136045] tpm tpm0: Operation Canceled
[   40.136098] tpm tpm3: Operation Canceled
[   40.143592] tpm tpm0: Operation Canceled
[   40.149494] tpm tpm0: Operation Canceled
[   40.150860] tpm tpm1: Operation Canceled
[   40.151752] tpm tpm0: Operation Canceled
[   40.156758] tpm tpm2: Operation Canceled
[   40.156946] tpm tpm0: Operation Canceled
[   40.164119] tpm tpm0: Operation Canceled
[   40.165093] tpm tpm3: Operation Canceled
[   40.168802] tpm tpm0: Operation Canceled
[   40.171448] tpm tpm0: Operation Canceled
[   40.176991] tpm tpm0: Operation Canceled
[   40.178424] tpm tpm4: Operation Canceled
[   40.183995] tpm tpm0: Operation Canceled
[   40.188614] tpm tpm1: Operation Canceled
[   40.188674] tpm tpm0: Operation Canceled
[   40.194926] tpm tpm0: Operation Canceled
[   40.202022] tpm tpm0: Operation Canceled
[   40.202209] tpm tpm2: Operation Canceled
[   40.213600] tpm tpm0: Operation Canceled
[   40.214754] tpm tpm4: Operation Canceled
[   40.225351] tpm tpm0: Operation Canceled
[   40.227853] tpm tpm0: Operation Canceled
[   40.232224] tpm tpm1: Operation Canceled
[   40.232707] tpm tpm0: Operation Canceled
[   40.236677] tpm tpm0: Operation Canceled
[   40.244020] tpm tpm0: Operation Canceled
[   40.245307] tpm tpm4: Operation Canceled
[   40.252972] tpm tpm0: Operation Canceled
[   40.258192] tpm tpm0: Operation Canceled
[   40.261519] tpm tpm0: Operation Canceled
[   40.263927] tpm tpm1: Operation Canceled
[   40.264936] tpm tpm0: Operation Canceled
[   40.268986] tpm tpm1: Operation Canceled
[   40.272706] tpm tpm0: Operation Canceled
[   40.276423] tpm tpm0: Operation Canceled
[   40.278362] tpm tpm0: Operation Canceled
[   40.280675] tpm tpm1: Operation Canceled
[   40.281508] tpm tpm0: Operation Canceled
[   40.286146] tpm tpm0: Operation Canceled
[   40.290669] tpm tpm0: Operation Canceled
[   40.290891] tpm tpm1: Operation Canceled
[   40.295221] tpm tpm0: Operation Canceled
[   40.299355] tpm tpm0: Operation Canceled
[   40.307073] tpm tpm0: Operation Canceled
[   40.308958] tpm tpm0: Operation Canceled
[   40.317524] tpm tpm0: Operation Canceled
[   40.321816] tpm tpm3: Operation Canceled
[   40.324089] tpm tpm0: Operation Canceled
[   40.327042] tpm tpm0: Operation Canceled
[   40.330168] tpm tpm0: Operation Canceled
[   40.339588] tpm tpm0: Operation Canceled
[   40.342812] tpm tpm0: Operation Canceled
[   40.346577] tpm tpm0: Operation Canceled
[   40.347935] tpm tpm1: Operation Canceled
[   40.350524] tpm tpm0: Operation Canceled
[   40.352702] tpm tpm0: Operation Canceled
[   40.356924] tpm tpm0: Operation Canceled
[   40.357562] tpm tpm5: Operation Canceled
[   40.362328] tpm tpm0: Operation Canceled
[   40.368835] tpm tpm0: Operation Canceled
[   40.370458] tpm tpm0: Operation Canceled
[   40.380002] tpm tpm0: Operation Canceled
[   40.385310] tpm tpm0: Operation Canceled
[   40.386302] tpm tpm2: Operation Canceled
[   40.389926] tpm tpm0: Operation Canceled
[   40.396782] tpm tpm0: Operation Canceled
[   40.399401] tpm tpm0: Operation Canceled
[   40.402936] tpm tpm0: Operation Canceled
[   40.403891] tpm tpm2: Operation Canceled
[   40.409372] tpm tpm0: Operation Canceled
[   40.416246] tpm tpm0: Operation Canceled
[   40.416493] tpm tpm1: Operation Canceled
[   40.420102] tpm tpm0: Operation Canceled
[   40.422066] tpm tpm1: Operation Canceled
[   40.424364] tpm tpm1: Operation Canceled
[   40.427306] tpm tpm0: Operation Canceled
[   40.431061] tpm tpm0: Operation Canceled
[   40.432415] tpm tpm1: Operation Canceled
[   40.435023] tpm tpm0: Operation Canceled
[   40.443239] tpm tpm0: Operation Canceled
[   40.444682] tpm tpm1: Operation Canceled
[   40.445946] tpm tpm3: Operation Canceled
[   40.448641] tpm tpm4: Operation Canceled
[   40.449269] tpm tpm5: Operation Canceled
[   40.453258] tpm tpm0: Operation Canceled
[   40.460073] tpm tpm0: Operation Canceled
[   40.463824] tpm tpm0: Operation Canceled
[   40.465287] tpm tpm1: Operation Canceled
[   40.468755] tpm tpm0: Operation Canceled
[   40.469864] tpm tpm4: Operation Canceled
[   40.470699] tpm tpm3: Operation Canceled
[   40.478468] tpm tpm0: Operation Canceled
[   40.480339] tpm tpm0: Operation Canceled
[   40.486104] tpm tpm0: Operation Canceled
[   40.491311] tpm tpm0: Operation Canceled
[   40.491795] tpm tpm2: Operation Canceled
[   40.502398] tpm tpm0: Operation Canceled
[   40.504389] tpm tpm0: Operation Canceled
[   40.510063] tpm tpm0: Operation Canceled
[   40.512487] tpm tpm0: Operation Canceled
[   40.514425] tpm tpm3: Operation Canceled
[   40.514927] tpm tpm1: Operation Canceled
[   40.517320] tpm tpm4: Operation Canceled
[   40.524925] tpm tpm0: Operation Canceled
[   40.528032] tpm tpm0: Operation Canceled
[   40.529472] tpm tpm4: Operation Canceled
[   40.530564] tpm tpm1: Operation Canceled
[   40.534785] tpm tpm5: Operation Canceled
[   40.538261] tpm tpm0: Operation Canceled
[   40.542679] tpm tpm0: Operation Canceled
[   40.544062] tpm tpm3: Operation Canceled
[   40.544419] tpm tpm4: Operation Canceled
[   40.554779] tpm tpm0: Operation Canceled
[   40.558756] tpm tpm5: Operation Canceled
[   40.559509] tpm tpm3: Operation Canceled
[   40.565766] tpm tpm0: Operation Canceled
[   40.568589] tpm tpm0: Operation Canceled
[   40.571858] tpm tpm0: Operation Canceled
[   40.577155] tpm tpm2: Operation Canceled
[   40.577946] tpm tpm0: Operation Canceled
[   40.585822] tpm tpm0: Operation Canceled
[   40.590441] tpm tpm0: Operation Canceled
[   40.591408] tpm tpm4: Operation Canceled
[   40.598150] tpm tpm0: Operation Canceled
[   40.600907] tpm tpm0: Operation Canceled
[   40.603396] tpm tpm0: Operation Canceled
[   40.609125] tpm tpm0: Operation Canceled
[   40.609324] tpm tpm1: Operation Canceled
[   40.610687] tpm tpm2: Operation Canceled
[   40.612791] tpm tpm0: Operation Canceled
[   40.620953] tpm tpm0: Operation Canceled
[   40.623928] tpm tpm0: Operation Canceled
[   40.630672] tpm tpm1: Operation Canceled
[   40.631517] tpm tpm0: Operation Canceled
[   40.634930] tpm tpm0: Operation Canceled
[   40.639574] tpm tpm0: Operation Canceled
[   40.642264] tpm tpm0: Operation Canceled
[   40.645072] tpm tpm1: Operation Canceled
[   40.647250] tpm tpm0: Operation Canceled
[   40.651428] tpm tpm0: Operation Canceled
[   40.652495] tpm tpm3: Operation Canceled
[   40.655901] tpm tpm0: Operation Canceled
[   40.660057] tpm tpm0: Operation Canceled
[   40.661273] tpm tpm4: Operation Canceled
[   40.663407] tpm tpm0: Operation Canceled
[   40.668085] tpm tpm0: Operation Canceled
[   40.670504] tpm tpm0: Operation Canceled
[   40.671247] tpm tpm3: Operation Canceled
[   40.679866] tpm tpm0: Operation Canceled
[   40.683881] tpm tpm0: Operation Canceled
[   40.686072] tpm tpm2: Operation Canceled
[   40.686606] tpm tpm0: Operation Canceled
[   40.694011] tpm tpm0: Operation Canceled
[   40.695700] tpm tpm0: Operation Canceled
[   40.700054] tpm tpm0: Operation Canceled
[   40.701915] tpm tpm3: Operation Canceled
[   40.704048] tpm tpm0: Operation Canceled
[   40.708531] tpm tpm0: Operation Canceled
[   40.712872] tpm tpm0: Operation Canceled
[   40.716270] tpm tpm0: Operation Canceled
[   40.724155] tpm tpm0: Operation Canceled
[   40.727974] tpm tpm0: Operation Canceled
[   40.731100] tpm tpm0: Operation Canceled
[   40.737156] tpm tpm0: Operation Canceled
[   40.738226] tpm tpm3: Operation Canceled
[   40.738994] tpm tpm0: Operation Canceled
[   40.749659] tpm tpm0: Operation Canceled
[   40.750187] tpm tpm3: Operation Canceled
[   40.760459] tpm tpm0: Operation Canceled
[   40.762324] tpm tpm0: Operation Canceled
[   40.769557] tpm tpm0: Operation Canceled
[   40.773226] tpm tpm0: Operation Canceled
[   40.774888] tpm tpm1: Operation Canceled
[   40.778997] tpm tpm0: Operation Canceled
[   40.781926] tpm tpm0: Operation Canceled
[   40.784383] tpm tpm0: Operation Canceled
[   40.785569] tpm tpm2: Operation Canceled
[   40.788401] tpm tpm0: Operation Canceled
[   40.788873] tpm tpm1: Operation Canceled
[   40.794474] tpm tpm1: Operation Canceled
[   40.796125] tpm tpm0: Operation Canceled
[   40.799676] tpm tpm0: Operation Canceled
[   40.801906] tpm tpm1: Operation Canceled
[   40.802468] tpm tpm0: Operation Canceled
[   40.806876] tpm tpm0: Operation Canceled
[   40.808252] tpm tpm0: Operation Canceled
[   40.809602] tpm tpm1: Operation Canceled
[   40.813747] tpm tpm0: Operation Canceled
[   40.817117] tpm tpm0: Operation Canceled
[   40.820519] tpm tpm0: Operation Canceled
[   40.825462] tpm tpm0: Operation Canceled
[   40.827461] tpm tpm1: Operation Canceled
[   40.827910] tpm tpm3: Operation Canceled
[   40.832963] tpm tpm0: Operation Canceled
[   40.834692] tpm tpm0: Operation Canceled
[   40.837578] tpm tpm0: Operation Canceled
[   40.841922] tpm tpm0: Operation Canceled
[   40.850054] tpm tpm0: Operation Canceled
[   40.854012] tpm tpm0: Operation Canceled
[   40.856052] tpm tpm2: Operation Canceled
[   40.856316] tpm tpm0: Operation Canceled
[   40.862896] tpm tpm0: Operation Canceled
[   40.863018] tpm tpm1: Operation Canceled
[   40.865459] tpm tpm0: Operation Canceled
[   40.867856] tpm tpm2: Operation Canceled
[   40.870637] tpm tpm3: Operation Canceled
[   40.871987] tpm tpm0: Operation Canceled
[   40.874047] tpm tpm1: Operation Canceled
[   40.878492] tpm tpm0: Operation Canceled
[   40.883433] tpm tpm0: Operation Canceled
[   40.886920] tpm tpm0: Operation Canceled
[   40.889962] tpm tpm0: Operation Canceled
[   40.891150] tpm tpm1: Operation Canceled
[   40.891310] tpm tpm2: Operation Canceled
[   40.895088] tpm tpm0: Operation Canceled
[   40.899961] tpm tpm0: Operation Canceled
[   40.905373] tpm tpm0: Operation Canceled
[   40.907998] tpm tpm0: Operation Canceled
[   40.908800] tpm tpm1: Operation Canceled
[   40.914425] tpm tpm0: Operation Canceled
[   40.916601] tpm tpm0: Operation Canceled
[   40.920675] tpm tpm0: Operation Canceled
[   40.924874] tpm tpm0: Operation Canceled
[   40.928449] tpm tpm0: Operation Canceled
[   40.931530] tpm tpm0: Operation Canceled
[   40.937093] tpm tpm0: Operation Canceled
[   40.939263] tpm tpm1: Operation Canceled
[   40.939382] tpm tpm0: Operation Canceled
[   40.942172] tpm tpm0: Operation Canceled
[   40.946350] tpm tpm0: Operation Canceled
[   40.948292] tpm tpm2: Operation Canceled
[   40.952688] tpm tpm0: Operation Canceled
[   40.954058] tpm tpm1: Operation Canceled
[   40.958896] tpm tpm0: Operation Canceled
[   40.960026] tpm tpm4: Operation Canceled
[   40.961966] tpm tpm0: Operation Canceled
[   40.965282] tpm tpm0: Operation Canceled
[   40.965660] tpm tpm1: Operation Canceled
[   40.966912] tpm tpm0: Operation Canceled
[   40.970451] tpm tpm0: Operation Canceled
[   40.970709] tpm tpm1: Operation Canceled
[   40.974374] tpm tpm0: Operation Canceled
[   40.978556] tpm tpm0: Operation Canceled
[   40.979980] tpm tpm0: Operation Canceled
[   40.980990] tpm tpm5: Operation Canceled
[   40.988127] tpm tpm0: Operation Canceled
[   40.990127] tpm tpm0: Operation Canceled
[   40.992120] tpm tpm1: Operation Canceled
[   40.992203] tpm tpm2: Operation Canceled
[   40.994330] tpm tpm0: Operation Canceled
[   40.996704] tpm tpm0: Operation Canceled
[   41.000006] tpm tpm0: Operation Canceled
[   41.001477] tpm tpm0: Operation Canceled
[   41.006232] tpm tpm0: Operation Canceled
[   41.006729] tpm tpm1: Operation Canceled
[   41.010800] tpm tpm1: Operation Canceled
[   41.011651] tpm tpm0: Operation Canceled
[   41.012861] tpm tpm1: Operation Canceled
