c[?7l[2J[0mSeaBIOS (version rel-1.14.0-0-g155821a1990b-prebuilt.qemu.org)


iPXE (http://ipxe.org) 00:03.0 CA00 PCI2.10 PnP PMM+7FF8F030+7FEEF030 CA00
Press Ctrl-B to configure iPXE (PCI 00:03.0)...                                                                               


Booting from ROM..c[?7l[2J[    0.000000] Linux version 6.3.0-457391b03803 (root@p-mtlp02) (gcc (GCC) 8.5.0 20210514 (Red Hat 8.5.0-18), GNU ld version 2.36.1-2.el8) #1 SMP PREEMPT_DYNAMIC Tue Apr 25 08:42:51 CST 2023
[    0.000000] Command line: console=ttyS0 root=/dev/sda earlyprintk=serial net.ifnames=0
[    0.000000] KERNEL supported cpus:
[    0.000000]   Intel GenuineIntel
[    0.000000]   AMD AuthenticAMD
[    0.000000]   Hygon HygonGenuine
[    0.000000]   Centaur CentaurHauls
[    0.000000]   zhaoxin   Shanghai  
[    0.000000] x86/split lock detection: #DB: warning on user-space bus_locks
[    0.000000] x86/fpu: Supporting XSAVE feature 0x001: 'x87 floating point registers'
[    0.000000] x86/fpu: Supporting XSAVE feature 0x002: 'SSE registers'
[    0.000000] x86/fpu: Supporting XSAVE feature 0x004: 'AVX registers'
[    0.000000] x86/fpu: Supporting XSAVE feature 0x200: 'Protection Keys User registers'
[    0.000000] x86/fpu: xstate_offset[2]:  576, xstate_sizes[2]:  256
[    0.000000] x86/fpu: xstate_offset[9]:  832, xstate_sizes[9]:    8
[    0.000000] x86/fpu: Enabled xstate features 0x207, context size is 840 bytes, using 'compacted' format.
[    0.000000] signal: max sigframe size: 3632
[    0.000000] BIOS-provided physical RAM map:
[    0.000000] BIOS-e820: [mem 0x0000000000000000-0x000000000009fbff] usable
[    0.000000] BIOS-e820: [mem 0x000000000009fc00-0x000000000009ffff] reserved
[    0.000000] BIOS-e820: [mem 0x00000000000f0000-0x00000000000fffff] reserved
[    0.000000] BIOS-e820: [mem 0x0000000000100000-0x000000007ffdffff] usable
[    0.000000] BIOS-e820: [mem 0x000000007ffe0000-0x000000007fffffff] reserved
[    0.000000] BIOS-e820: [mem 0x00000000feffc000-0x00000000feffffff] reserved
[    0.000000] BIOS-e820: [mem 0x00000000fffc0000-0x00000000ffffffff] reserved
[    0.000000] printk: bootconsole [earlyser0] enabled
[    0.000000] NX (Execute Disable) protection: active
[    0.000000] SMBIOS 2.8 present.
[    0.000000] DMI: QEMU Standard PC (i440FX + PIIX, 1996), BIOS rel-1.14.0-0-g155821a1990b-prebuilt.qemu.org 04/01/2014
[    0.000000] Hypervisor detected: KVM
[    0.000000] kvm-clock: Using msrs 4b564d01 and 4b564d00
[    0.000005] kvm-clock: using sched offset of 523193177 cycles
[    0.000514] clocksource: kvm-clock: mask: 0xffffffffffffffff max_cycles: 0x1cd42e4dffb, max_idle_ns: 881590591483 ns
[    0.002095] tsc: Detected 3072.000 MHz processor
[    0.004000] last_pfn = 0x7ffe0 max_arch_pfn = 0x400000000
[    0.004000] x86/PAT: Configuration [0-7]: WB  WC  UC- UC  WB  WP  UC- WT  
[    0.004000] found SMP MP-table at [mem 0x000f5a90-0x000f5a9f]
[    0.004000] Using GB pages for direct mapping
[    0.004000] ACPI: Early table checksum verification disabled
[    0.004000] ACPI: RSDP 0x00000000000F5870 000014 (v00 BOCHS )
[    0.004000] ACPI: RSDT 0x000000007FFE1959 000034 (v01 BOCHS  BXPC     00000001 BXPC 00000001)
[    0.004000] ACPI: FACP 0x000000007FFE1805 000074 (v01 BOCHS  BXPC     00000001 BXPC 00000001)
[    0.004000] ACPI: DSDT 0x000000007FFE0040 0017C5 (v01 BOCHS  BXPC     00000001 BXPC 00000001)
[    0.004000] ACPI: FACS 0x000000007FFE0000 000040
[    0.004000] ACPI: APIC 0x000000007FFE1879 000080 (v01 BOCHS  BXPC     00000001 BXPC 00000001)
[    0.004000] ACPI: HPET 0x000000007FFE18F9 000038 (v01 BOCHS  BXPC     00000001 BXPC 00000001)
[    0.004000] ACPI: WAET 0x000000007FFE1931 000028 (v01 BOCHS  BXPC     00000001 BXPC 00000001)
[    0.004000] ACPI: Reserving FACP table memory at [mem 0x7ffe1805-0x7ffe1878]
[    0.004000] ACPI: Reserving DSDT table memory at [mem 0x7ffe0040-0x7ffe1804]
[    0.004000] ACPI: Reserving FACS table memory at [mem 0x7ffe0000-0x7ffe003f]
[    0.004000] ACPI: Reserving APIC table memory at [mem 0x7ffe1879-0x7ffe18f8]
[    0.004000] ACPI: Reserving HPET table memory at [mem 0x7ffe18f9-0x7ffe1930]
[    0.004000] ACPI: Reserving WAET table memory at [mem 0x7ffe1931-0x7ffe1958]
[    0.004000] No NUMA configuration found
[    0.004000] Faking a node at [mem 0x0000000000000000-0x000000007ffdffff]
[    0.004000] NODE_DATA(0) allocated [mem 0x7ffb5000-0x7ffdffff]
[    0.004000] Zone ranges:
[    0.004000]   DMA      [mem 0x0000000000001000-0x0000000000ffffff]
[    0.004000]   DMA32    [mem 0x0000000001000000-0x000000007ffdffff]
[    0.004000]   Normal   empty
[    0.004000]   Device   empty
[    0.004000] Movable zone start for each node
[    0.004000] Early memory node ranges
[    0.004000]   node   0: [mem 0x0000000000001000-0x000000000009efff]
[    0.004000]   node   0: [mem 0x0000000000100000-0x000000007ffdffff]
[    0.004000] Initmem setup node 0 [mem 0x0000000000001000-0x000000007ffdffff]
[    0.004000] On node 0, zone DMA: 1 pages in unavailable ranges
[    0.004000] On node 0, zone DMA: 97 pages in unavailable ranges
[    0.004000] On node 0, zone DMA32: 32 pages in unavailable ranges
[    0.004000] ACPI: PM-Timer IO Port: 0x608
[    0.004000] ACPI: LAPIC_NMI (acpi_id[0xff] dfl dfl lint[0x1])
[    0.004000] IOAPIC[0]: apic_id 0, version 17, address 0xfec00000, GSI 0-23
[    0.004000] ACPI: INT_SRC_OVR (bus 0 bus_irq 0 global_irq 2 dfl dfl)
[    0.004000] ACPI: INT_SRC_OVR (bus 0 bus_irq 5 global_irq 5 high level)
[    0.004000] ACPI: INT_SRC_OVR (bus 0 bus_irq 9 global_irq 9 high level)
[    0.004000] ACPI: INT_SRC_OVR (bus 0 bus_irq 10 global_irq 10 high level)
[    0.004000] ACPI: INT_SRC_OVR (bus 0 bus_irq 11 global_irq 11 high level)
[    0.004000] ACPI: Using ACPI (MADT) for SMP configuration information
[    0.004000] ACPI: HPET id: 0x8086a201 base: 0xfed00000
[    0.004000] TSC deadline timer available
[    0.004000] smpboot: Allowing 2 CPUs, 0 hotplug CPUs
[    0.004000] kvm-guest: KVM setup pv remote TLB flush
[    0.004000] kvm-guest: setup PV sched yield
[    0.004000] PM: hibernation: Registered nosave memory: [mem 0x00000000-0x00000fff]
[    0.004000] PM: hibernation: Registered nosave memory: [mem 0x0009f000-0x0009ffff]
[    0.004000] PM: hibernation: Registered nosave memory: [mem 0x000a0000-0x000effff]
[    0.004000] PM: hibernation: Registered nosave memory: [mem 0x000f0000-0x000fffff]
[    0.004000] [mem 0x80000000-0xfeffbfff] available for PCI devices
[    0.004000] Booting paravirtualized kernel on KVM
[    0.004000] clocksource: refined-jiffies: mask: 0xffffffff max_cycles: 0xffffffff, max_idle_ns: 7645519600211568 ns
[    0.004000] setup_percpu: NR_CPUS:8192 nr_cpumask_bits:2 nr_cpu_ids:2 nr_node_ids:1
[    0.004000] percpu: Embedded 65 pages/cpu s229376 r8192 d28672 u1048576
[    0.004000] kvm-guest: PV spinlocks enabled
[    0.004000] PV qspinlock hash table entries: 256 (order: 0, 4096 bytes, linear)
[    0.004000] Fallback order for Node 0: 0 
[    0.004000] Built 1 zonelists, mobility grouping on.  Total pages: 515808
[    0.004000] Policy zone: DMA32
[    0.004000] Kernel command line: net.ifnames=0 console=ttyS0 root=/dev/sda earlyprintk=serial net.ifnames=0
[    0.004000] random: crng init done
[    0.004000] Dentry cache hash table entries: 262144 (order: 9, 2097152 bytes, linear)
[    0.004000] Inode-cache hash table entries: 131072 (order: 8, 1048576 bytes, linear)
[    0.004000] mem auto-init: stack:off, heap alloc:off, heap free:off
[    0.004000] Memory: 1966944K/2096632K available (34816K kernel code, 4558K rwdata, 9768K rodata, 10364K init, 31912K bss, 129432K reserved, 0K cma-reserved)
[    0.004000] SLUB: HWalign=64, Order=0-3, MinObjects=0, CPUs=2, Nodes=1
[    0.004000] kmemleak: Kernel memory leak detector disabled
[    0.004000] ftrace: allocating 68593 entries in 268 pages
[    0.004000] ftrace: allocated 268 pages with 3 groups
[    0.004000] Dynamic Preempt: voluntary
[    0.004000] Running RCU self tests
[    0.004000] Running RCU synchronous self tests
[    0.004000] rcu: Preemptible hierarchical RCU implementation.
[    0.004000] rcu: 	RCU lockdep checking is enabled.
[    0.004000] rcu: 	RCU restricting CPUs from NR_CPUS=8192 to nr_cpu_ids=2.
[    0.004000] 	Trampoline variant of Tasks RCU enabled.
[    0.004000] 	Rude variant of Tasks RCU enabled.
[    0.004000] 	Tracing variant of Tasks RCU enabled.
[    0.004000] rcu: RCU calculated value of scheduler-enlistment delay is 25 jiffies.
[    0.004000] rcu: Adjusting geometry for rcu_fanout_leaf=16, nr_cpu_ids=2
[    0.004000] Running RCU synchronous self tests
[    0.004000] NR_IRQS: 524544, nr_irqs: 440, preallocated irqs: 16
[    0.004000] rcu: srcu_init: Setting srcu_struct sizes based on contention.
[    0.004000] Console: colour VGA+ 80x25
[    0.004000] printk: console [ttyS0] enabled
[    0.004000] printk: console [ttyS0] enabled
[    0.004000] printk: bootconsole [earlyser0] disabled
[    0.004000] printk: bootconsole [earlyser0] disabled
[    0.004000] Lock dependency validator: Copyright (c) 2006 Red Hat, Inc., Ingo Molnar
[    0.004000] ... MAX_LOCKDEP_SUBCLASSES:  8
[    0.004000] ... MAX_LOCK_DEPTH:          48
[    0.004000] ... MAX_LOCKDEP_KEYS:        8192
[    0.004000] ... CLASSHASH_SIZE:          4096
[    0.004000] ... MAX_LOCKDEP_ENTRIES:     32768
[    0.004000] ... MAX_LOCKDEP_CHAINS:      65536
[    0.004000] ... CHAINHASH_SIZE:          32768
[    0.004000]  memory used by lock dependency info: 6365 kB
[    0.004000]  memory used for stack traces: 4224 kB
[    0.004000]  per task-struct memory footprint: 1920 bytes
[    0.004000] ACPI: Core revision 20221020
[    0.004000] clocksource: hpet: mask: 0xffffffff max_cycles: 0xffffffff, max_idle_ns: 19112604467 ns
[    0.004000] APIC: Switch to symmetric I/O mode setup
[    0.004000] x2apic enabled
[    0.004000] Switched APIC routing to physical x2apic.
[    0.004000] kvm-guest: setup PV IPIs
[    0.004000] ..TIMER: vector=0x30 apic1=0 pin1=2 apic2=-1 pin2=-1
[    0.004000] clocksource: tsc-early: mask: 0xffffffffffffffff max_cycles: 0x2c47f5688fc, max_idle_ns: 440795305069 ns
[    0.251260] Calibrating delay loop (skipped) preset value.. 6144.00 BogoMIPS (lpj=12288000)
[    0.252060] pid_max: default: 32768 minimum: 301
[    0.252592] LSM: initializing lsm=capability,yama,integrity
[    0.253134] Yama: becoming mindful.
[    0.253692] Mount-cache hash table entries: 4096 (order: 3, 32768 bytes, linear)
[    0.255274] Mountpoint-cache hash table entries: 4096 (order: 3, 32768 bytes, linear)
[    0.257443] CPU0: Thermal monitoring enabled (TM1)
[    0.258116] x86/cpu: User Mode Instruction Prevention (UMIP) activated
[    0.260163] Last level iTLB entries: 4KB 0, 2MB 0, 4MB 0
[    0.260751] Last level dTLB entries: 4KB 0, 2MB 0, 4MB 0, 1GB 0
[    0.261331] Spectre V1 : Mitigation: usercopy/swapgs barriers and __user pointer sanitization
[    0.262134] Spectre V2 : WARNING: Unprivileged eBPF is enabled with eIBRS on, data leaks possible via Spectre v2 BHB attacks!
[    0.263262] Spectre V2 : Mitigation: Enhanced / Automatic IBRS
[    0.263808] Spectre V2 : Spectre v2 / SpectreRSB mitigation: Filling RSB on context switch
[    0.264560] Spectre V2 : Spectre v2 / PBRSB-eIBRS: Retire a single CALL on VMEXIT
[    0.265261] Spectre V2 : mitigation: Enabling conditional Indirect Branch Prediction Barrier
[    0.266021] Speculative Store Bypass: Mitigation: Speculative Store Bypass disabled via prctl
[    0.267250] MMIO Stale Data: Unknown: No mitigations
[    0.394271] Freeing SMP alternatives memory: 56K
[    0.394801] Running RCU synchronous self tests
[    0.395235] Running RCU synchronous self tests
[    0.395809] smpboot: CPU0: Genuine Intel(R) 0000 (family: 0x6, model: 0xaa, stepping: 0x2)
[    0.397138] cblist_init_generic: Setting adjustable number of callback queues.
[    0.397819] cblist_init_generic: Setting shift to 1 and lim to 1.
[    0.398454] cblist_init_generic: Setting shift to 1 and lim to 1.
[    0.399235] cblist_init_generic: Setting shift to 1 and lim to 1.
[    0.399309] Running RCU-tasks wait API self tests
[    0.503473] Performance Events: unsupported p6 CPU model 170 no PMU driver, software events only.
[    0.504594] rcu: Hierarchical SRCU implementation.
[    0.505077] rcu: 	Max phase no-delay instances is 1000.
[    0.507213] NMI watchdog: Perf NMI watchdog permanently disabled
[    0.507478] smp: Bringing up secondary CPUs ...
[    0.508433] x86: Booting SMP configuration:
[    0.508841] .... node  #0, CPUs:      #1
[    0.243235] smpboot: CPU 1 Converting physical 0 to logical die 1
[    0.511588] smp: Brought up 1 node, 2 CPUs
[    0.511959] smpboot: Max logical packages: 2
[    0.512304] smpboot: Total of 2 processors activated (12288.00 BogoMIPS)
[    0.515575] devtmpfs: initialized
[    0.515964] x86/mm: Memory block size: 128MB
[    0.519264] Callback from call_rcu_tasks_trace() invoked.
[    0.519927] Running RCU synchronous self tests
[    0.520282] Running RCU synchronous self tests
[    0.520743] clocksource: jiffies: mask: 0xffffffff max_cycles: 0xffffffff, max_idle_ns: 7645041785100000 ns
[    0.521663] futex hash table entries: 512 (order: 4, 65536 bytes, linear)
[    0.522593] pinctrl core: initialized pinctrl subsystem
[    0.523661] 
[    0.523805] *************************************************************
[    0.524414] **     NOTICE NOTICE NOTICE NOTICE NOTICE NOTICE NOTICE    **
[    0.525026] **                                                         **
[    0.525625] **  IOMMU DebugFS SUPPORT HAS BEEN ENABLED IN THIS KERNEL  **
[    0.526227] **                                                         **
[    0.526822] ** This means that this kernel is built to expose internal **
[    0.527247] ** IOMMU data structures, which may compromise security on **
[    0.527850] ** your system.                                            **
[    0.528454] **                                                         **
[    0.529126] ** If you see this message and you are not debugging the   **
[    0.529741] ** kernel, report this immediately to your vendor!         **
[    0.530326] **                                                         **
[    0.530938] **     NOTICE NOTICE NOTICE NOTICE NOTICE NOTICE NOTICE    **
[    0.531255] *************************************************************
[    0.531922] PM: RTC time: 05:30:07, date: 2023-04-26
[    0.536614] NET: Registered PF_NETLINK/PF_ROUTE protocol family
[    0.537823] DMA: preallocated 256 KiB GFP_KERNEL pool for atomic allocations
[    0.538462] DMA: preallocated 256 KiB GFP_KERNEL|GFP_DMA pool for atomic allocations
[    0.539159] DMA: preallocated 256 KiB GFP_KERNEL|GFP_DMA32 pool for atomic allocations
[    0.539324] audit: initializing netlink subsys (disabled)
[    0.539941] audit: type=2000 audit(1682487007.859:1): state=initialized audit_enabled=0 res=1
[    0.540123] thermal_sys: Registered thermal governor 'fair_share'
[    0.540223] thermal_sys: Registered thermal governor 'bang_bang'
[    0.540812] thermal_sys: Registered thermal governor 'step_wise'
[    0.541352] thermal_sys: Registered thermal governor 'user_space'
[    0.541948] cpuidle: using governor ladder
[    0.543671] cpuidle: using governor menu
[    0.544391] acpiphp: ACPI Hot Plug PCI Controller Driver version: 0.5
[    0.545327] PCI: Using configuration type 1 for base access
[    0.546804] kprobes: kprobe jump-optimization is enabled. All kprobes are optimized if possible.
[    0.807842] HugeTLB: registered 1.00 GiB page size, pre-allocated 0 pages
[    0.808435] HugeTLB: 16380 KiB vmemmap can be freed for a 1.00 GiB page
[    0.809013] HugeTLB: registered 2.00 MiB page size, pre-allocated 0 pages
[    0.809600] HugeTLB: 28 KiB vmemmap can be freed for a 2.00 MiB page
[    0.814682] ACPI: Added _OSI(Module Device)
[    0.815140] ACPI: Added _OSI(Processor Device)
[    0.815250] ACPI: Added _OSI(3.0 _SCP Extensions)
[    0.815644] ACPI: Added _OSI(Processor Aggregator Device)
[    0.820786] ACPI: 1 ACPI AML tables successfully acquired and loaded
[    3.459484] Callback from call_rcu_tasks_rude() invoked.
[    3.460580] ACPI: Interpreter enabled
[    3.461114] ACPI: PM: (supports S0 S3 S4 S5)
[    3.461469] ACPI: Using IOAPIC for interrupt routing
[    3.461951] PCI: Using host bridge windows from ACPI; if necessary, use "pci=nocrs" and report a bug
[    3.463243] PCI: Using E820 reservations for host bridge windows
[    3.464287] ACPI: Enabled 2 GPEs in block 00 to 0F
[    3.477901] ACPI: PCI Root Bridge [PCI0] (domain 0000 [bus 00-ff])
[    3.478397] acpi PNP0A03:00: _OSC: OS supports [ASPM ClockPM Segments MSI EDR HPX-Type3]
[    3.479005] acpi PNP0A03:00: _OSC: not requesting OS control; OS requires [ExtendedConfig ASPM ClockPM MSI]
[    3.479294] acpi PNP0A03:00: fail to add MMCONFIG information, can't access extended configuration space under this bridge
[    3.482066] acpiphp: Slot [3] registered
[    3.482421] acpiphp: Slot [4] registered
[    3.482775] acpiphp: Slot [5] registered
[    3.483126] acpiphp: Slot [6] registered
[    3.483290] acpiphp: Slot [7] registered
[    3.483646] acpiphp: Slot [8] registered
[    3.483997] acpiphp: Slot [9] registered
[    3.484349] acpiphp: Slot [10] registered
[    3.484705] acpiphp: Slot [11] registered
[    3.485061] acpiphp: Slot [12] registered
[    3.485420] acpiphp: Slot [13] registered
[    3.485783] acpiphp: Slot [14] registered
[    3.486140] acpiphp: Slot [15] registered
[    3.486499] acpiphp: Slot [16] registered
[    3.486856] acpiphp: Slot [17] registered
[    3.487212] acpiphp: Slot [18] registered
[    3.487293] acpiphp: Slot [19] registered
[    3.487654] acpiphp: Slot [20] registered
[    3.488011] acpiphp: Slot [21] registered
[    3.488368] acpiphp: Slot [22] registered
[    3.488725] acpiphp: Slot [23] registered
[    3.489081] acpiphp: Slot [24] registered
[    3.489437] acpiphp: Slot [25] registered
[    3.489808] acpiphp: Slot [26] registered
[    3.490173] acpiphp: Slot [27] registered
[    3.490534] acpiphp: Slot [28] registered
[    3.490890] acpiphp: Slot [29] registered
[    3.491250] acpiphp: Slot [30] registered
[    3.491607] acpiphp: Slot [31] registered
[    3.491930] PCI host bridge to bus 0000:00
[    3.492241] pci_bus 0000:00: root bus resource [io  0x0000-0x0cf7 window]
[    3.492754] pci_bus 0000:00: root bus resource [io  0x0d00-0xffff window]
[    3.493268] pci_bus 0000:00: root bus resource [mem 0x000a0000-0x000bffff window]
[    3.493847] pci_bus 0000:00: root bus resource [mem 0x80000000-0xfebfffff window]
[    3.494405] pci_bus 0000:00: root bus resource [mem 0x100000000-0x17fffffff window]
[    3.494955] pci_bus 0000:00: root bus resource [bus 00-ff]
[    3.495330] pci 0000:00:00.0: [8086:1237] type 00 class 0x060000
[    3.498286] pci 0000:00:01.0: [8086:7000] type 00 class 0x060100
[    3.499336] pci 0000:00:01.1: [8086:7010] type 00 class 0x010180
[    3.501101] pci 0000:00:01.1: reg 0x20: [io  0xc040-0xc04f]
[    3.502118] pci 0000:00:01.1: legacy IDE quirk: reg 0x10: [io  0x01f0-0x01f7]
[    3.502657] pci 0000:00:01.1: legacy IDE quirk: reg 0x14: [io  0x03f6]
[    3.503150] pci 0000:00:01.1: legacy IDE quirk: reg 0x18: [io  0x0170-0x0177]
[    3.503242] pci 0000:00:01.1: legacy IDE quirk: reg 0x1c: [io  0x0376]
[    3.504011] pci 0000:00:01.3: [8086:7113] type 00 class 0x068000
[    3.504750] pci 0000:00:01.3: quirk: [io  0x0600-0x063f] claimed by PIIX4 ACPI
[    3.505301] pci 0000:00:01.3: quirk: [io  0x0700-0x070f] claimed by PIIX4 SMB
[    3.506094] pci 0000:00:02.0: [1234:1111] type 00 class 0x030000
[    3.507612] pci 0000:00:02.0: reg 0x10: [mem 0xfd000000-0xfdffffff pref]
[    3.510660] pci 0000:00:02.0: reg 0x18: [mem 0xfebf0000-0xfebf0fff]
[    3.514296] pci 0000:00:02.0: reg 0x30: [mem 0xfebe0000-0xfebeffff pref]
[    3.515089] pci 0000:00:02.0: Video device with shadowed ROM at [mem 0x000c0000-0x000dffff]
[    3.518087] pci 0000:00:03.0: [8086:100e] type 00 class 0x020000
[    3.519075] pci 0000:00:03.0: reg 0x10: [mem 0xfebc0000-0xfebdffff]
[    3.519615] pci 0000:00:03.0: reg 0x14: [io  0xc000-0xc03f]
[    3.522246] pci 0000:00:03.0: reg 0x30: [mem 0xfeb80000-0xfebbffff pref]
[    3.533282] ACPI: PCI: Interrupt link LNKA configured for IRQ 10
[    3.534059] ACPI: PCI: Interrupt link LNKB configured for IRQ 10
[    3.534806] ACPI: PCI: Interrupt link LNKC configured for IRQ 11
[    3.535530] ACPI: PCI: Interrupt link LNKD configured for IRQ 11
[    3.536121] ACPI: PCI: Interrupt link LNKS configured for IRQ 9
[    3.537821] iommu: Default domain type: Translated 
[    3.537821] iommu: DMA domain TLB invalidation policy: lazy mode 
[    3.539757] SCSI subsystem initialized
[    3.540119] ACPI: bus type USB registered
[    3.540119] usbcore: registered new interface driver usbfs
[    3.540219] usbcore: registered new interface driver hub
[    3.540645] usbcore: registered new device driver usb
[    3.541142] pps_core: LinuxPPS API ver. 1 registered
[    3.541520] pps_core: Software ver. 5.3.6 - Copyright 2005-2007 Rodolfo Giometti <giometti@linux.it>
[    3.542201] PTP clock support registered
[    3.543364] EDAC MC: Ver: 3.0.0
[    3.544373] NetLabel: Initializing
[    3.544644] NetLabel:  domain hash size = 128
[    3.544984] NetLabel:  protocols = UNLABELED CIPSOv4 CALIPSO
[    3.545470] NetLabel:  unlabeled traffic allowed by default
[    3.546004] PCI: Using ACPI for IRQ routing
[    3.547418] pci 0000:00:02.0: vgaarb: setting as boot VGA device
[    3.547732] pci 0000:00:02.0: vgaarb: bridge control possible
[    3.548168] pci 0000:00:02.0: vgaarb: VGA device added: decodes=io+mem,owns=io+mem,locks=none
[    3.548808] vgaarb: loaded
[    3.549086] hpet0: at MMIO 0xfed00000, IRQs 2, 8, 0
[    3.549086] hpet0: 3 comparators, 64-bit 100.000000 MHz counter
[    3.552403] clocksource: Switched to clocksource kvm-clock
[    3.599551] Callback from call_rcu_tasks() invoked.
[    3.659116] VFS: Disk quotas dquot_6.6.0
[    3.659515] VFS: Dquot-cache hash table entries: 512 (order 0, 4096 bytes)
[    3.660362] pnp: PnP ACPI init
[    3.662221] pnp: PnP ACPI: found 6 devices
[    3.676731] clocksource: acpi_pm: mask: 0xffffff max_cycles: 0xffffff, max_idle_ns: 2085701024 ns
[    3.677727] NET: Registered PF_INET protocol family
[    3.678345] IP idents hash table entries: 32768 (order: 6, 262144 bytes, linear)
[    3.679979] tcp_listen_portaddr_hash hash table entries: 1024 (order: 4, 73728 bytes, linear)
[    3.680694] Table-perturb hash table entries: 65536 (order: 6, 262144 bytes, linear)
[    3.681280] TCP established hash table entries: 16384 (order: 5, 131072 bytes, linear)
[    3.682101] TCP bind hash table entries: 16384 (order: 9, 2359296 bytes, linear)
[    3.684965] TCP: Hash tables configured (established 16384 bind 16384)
[    3.685626] UDP hash table entries: 1024 (order: 5, 163840 bytes, linear)
[    3.686265] UDP-Lite hash table entries: 1024 (order: 5, 163840 bytes, linear)
[    3.687036] NET: Registered PF_UNIX/PF_LOCAL protocol family
[    3.687968] RPC: Registered named UNIX socket transport module.
[    3.688436] RPC: Registered udp transport module.
[    3.688791] RPC: Registered tcp transport module.
[    3.689148] RPC: Registered tcp NFSv4.1 backchannel transport module.
[    3.689663] pci_bus 0000:00: resource 4 [io  0x0000-0x0cf7 window]
[    3.690130] pci_bus 0000:00: resource 5 [io  0x0d00-0xffff window]
[    3.690600] pci_bus 0000:00: resource 6 [mem 0x000a0000-0x000bffff window]
[    3.691126] pci_bus 0000:00: resource 7 [mem 0x80000000-0xfebfffff window]
[    3.691669] pci_bus 0000:00: resource 8 [mem 0x100000000-0x17fffffff window]
[    3.692421] pci 0000:00:01.0: PIIX3: Enabling Passive Release
[    3.692870] pci 0000:00:00.0: Limiting direct PCI/PCI transfers
[    3.693414] PCI: CLS 0 bytes, default 64
[    3.693771] ACPI: bus type thunderbolt registered
[    3.694421] clocksource: tsc: mask: 0xffffffffffffffff max_cycles: 0x2c47f5688fc, max_idle_ns: 440795305069 ns
[    3.699576] Initialise system trusted keyrings
[    3.700026] Key type blacklist registered
[    3.700497] workingset: timestamp_bits=36 max_order=19 bucket_order=0
[    3.701071] zbud: loaded
[    3.701953] squashfs: version 4.0 (2009/01/31) Phillip Lougher
[    3.703075] NFS: Registering the id_resolver key type
[    3.703517] Key type id_resolver registered
[    3.703855] Key type id_legacy registered
[    3.704214] nfs4filelayout_init: NFSv4 File Layout Driver Registering...
[    3.704764] nfs4flexfilelayout_init: NFSv4 Flexfile Layout Driver Registering...
[    3.705525] fuse: init (API version 7.38)
[    3.706191] SGI XFS with ACLs, security attributes, realtime, quota, no debug enabled
[    3.707280] 9p: Installing v9fs 9p2000 file system support
[    3.714111] Key type asymmetric registered
[    3.714440] Asymmetric key parser 'x509' registered
[    3.714869] Block layer SCSI generic (bsg) driver version 0.4 loaded (major 243)
[    3.715575] io scheduler mq-deadline registered
[    3.715960] io scheduler bfq registered
[    3.716625] shpchp: Standard Hot Plug PCI Controller Driver version: 0.4
[    3.717485] IPMI message handler: version 39.2
[    3.717865] ipmi device interface
[    3.719465] input: Power Button as /devices/LNXSYSTM:00/LNXPWRBN:00/input/input0
[    3.720217] ACPI: button: Power Button [PWRF]
[    3.721392] ERST DBG: ERST support is disabled.
[    3.722273] Serial: 8250/16550 driver, 32 ports, IRQ sharing enabled
[    3.723325] 00:04: ttyS0 at I/O 0x3f8 (irq = 4, base_baud = 115200) is a 16550A
[    3.731475] Linux agpgart interface v0.103
[    3.732567] ACPI: bus type drm_connector registered
[    3.744116] brd: module loaded
[    3.750661] loop: module loaded
[    3.755283] scsi host0: ata_piix
[    3.756061] scsi host1: ata_piix
[    3.756454] ata1: PATA max MWDMA2 cmd 0x1f0 ctl 0x3f6 bmdma 0xc040 irq 14
[    3.756965] ata2: PATA max MWDMA2 cmd 0x170 ctl 0x376 bmdma 0xc048 irq 15
[    3.758371] tun: Universal TUN/TAP device driver, 1.6
[    3.758950] e100: Intel(R) PRO/100 Network Driver
[    3.759331] e100: Copyright(c) 1999-2006 Intel Corporation
[    3.759773] e1000: Intel(R) PRO/1000 Network Driver
[    3.760140] e1000: Copyright (c) 1999-2006 Intel Corporation.
[    3.887359] ACPI: \_SB_.LNKC: Enabled at IRQ 11
[    3.915379] ata1: found unknown device (class 0)
[    3.916208] ata1.00: ATA-7: QEMU HARDDISK, 2.5+, max UDMA/100
[    3.916636] ata1.00: 16777216 sectors, multi 16: LBA48 
[    3.917805] scsi 0:0:0:0: Direct-Access     ATA      QEMU HARDDISK    2.5+ PQ: 0 ANSI: 5
[    3.919078] scsi 0:0:0:0: Attached scsi generic sg0 type 0
[    3.919608] sd 0:0:0:0: [sda] 16777216 512-byte logical blocks: (8.59 GB/8.00 GiB)
[    3.919827] ata2: found unknown device (class 0)
[    3.920309] sd 0:0:0:0: [sda] Write Protect is off
[    3.921117] ata2.00: ATAPI: QEMU DVD-ROM, 2.5+, max UDMA/100
[    3.921132] sd 0:0:0:0: [sda] Write cache: enabled, read cache: enabled, doesn't support DPO or FUA
[    3.922619] scsi 1:0:0:0: CD-ROM            QEMU     QEMU DVD-ROM     2.5+ PQ: 0 ANSI: 5
[    3.923375] sd 0:0:0:0: [sda] Preferred minimum I/O size 512 bytes
[    3.944493] scsi 1:0:0:0: Attached scsi generic sg1 type 5
[    3.946417] sd 0:0:0:0: [sda] Attached SCSI disk
[    4.218387] e1000 0000:00:03.0 eth0: (PCI:33MHz:32-bit) 52:54:00:12:34:56
[    4.218942] e1000 0000:00:03.0 eth0: Intel(R) PRO/1000 Network Connection
[    4.219563] e1000e: Intel(R) PRO/1000 Network Driver
[    4.219958] e1000e: Copyright(c) 1999 - 2015 Intel Corporation.
[    4.220484] igb: Intel(R) Gigabit Ethernet Network Driver
[    4.220893] igb: Copyright (c) 2007-2014 Intel Corporation.
[    4.221390] PPP generic driver version 2.4.2
[    4.222841] VFIO - User Level meta-driver version: 0.3
[    4.224043] usbcore: registered new interface driver uas
[    4.224509] usbcore: registered new interface driver usb-storage
[    4.225125] i8042: PNP: PS/2 Controller [PNP0303:KBD,PNP0f13:MOU] at 0x60,0x64 irq 1,12
[    4.226377] serio: i8042 KBD port at 0x60,0x64 irq 1
[    4.226784] serio: i8042 AUX port at 0x60,0x64 irq 12
[    4.228153] mousedev: PS/2 mouse device common for all mice
[    4.230192] rtc_cmos 00:05: RTC can wake from S4
[    4.231179] input: AT Translated Set 2 keyboard as /devices/platform/i8042/serio0/input/input1
[    4.231912] rtc_cmos 00:05: registered as rtc0
[    4.232354] rtc_cmos 00:05: setting system clock to 2023-04-26T05:30:10 UTC (1682487010)
[    4.233299] rtc_cmos 00:05: alarms up to one day, y3k, 242 bytes nvram, hpet irqs
[    4.233358] input: VirtualPS/2 VMware VMMouse as /devices/platform/i8042/serio1/input/input4
[    4.233896] i2c_dev: i2c /dev entries driver
[    4.235034] device-mapper: core: CONFIG_IMA_DISABLE_HTABLE is disabled. Duplicate IMA measurements will not be recorded in the IMA log.
[    4.236013] device-mapper: uevent: version 1.0.3
[    4.236332] input: VirtualPS/2 VMware VMMouse as /devices/platform/i8042/serio1/input/input3
[    4.237139] device-mapper: ioctl: 4.47.0-ioctl (2022-07-28) initialised: dm-devel@redhat.com
[    4.237853] intel_pstate: CPU model not supported
[    4.238301] sdhci: Secure Digital Host Controller Interface driver
[    4.238774] sdhci: Copyright(c) Pierre Ossman
[    4.239172] sdhci-pltfm: SDHCI platform and OF driver helper
[    4.239787] ledtrig-cpu: registered to indicate activity on CPUs
[    4.240657] drop_monitor: Initializing network drop monitor service
[    4.241366] NET: Registered PF_INET6 protocol family
[    4.245168] Segment Routing with IPv6
[    4.245482] In-situ OAM (IOAM) with IPv6
[    4.245843] NET: Registered PF_PACKET protocol family
[    4.246382] 9pnet: Installing 9P2000 support
[    4.246864] Key type dns_resolver registered
[    4.248137] IPI shorthand broadcast: enabled
[    4.260767] sched_clock: Marking stable (4020002961, 239235981)->(4420918211, -161679269)
[    4.262104] registered taskstats version 1
[    4.262745] Loading compiled-in X.509 certificates
[    4.263314] zswap: loaded using pool lzo/zbud
[    4.276948] Key type .fscrypt registered
[    4.277257] Key type fscrypt-provisioning registered
[    4.278692] Key type encrypted registered
[    4.279030] ima: No TPM chip found, activating TPM-bypass!
[    4.279456] ima: Allocated hash algorithm: sha1
[    4.279834] ima: No architecture policies found
[    4.280249] evm: Initialising EVM extended attributes:
[    4.280627] evm: security.selinux
[    4.280879] evm: security.SMACK64
[    4.281129] evm: security.SMACK64EXEC
[    4.281405] evm: security.SMACK64TRANSMUTE
[    4.281710] evm: security.SMACK64MMAP
[    4.281985] evm: security.apparmor
[    4.282242] evm: security.ima
[    4.282467] evm: security.capability
[    4.282736] evm: HMAC attrs: 0x1
[    4.284171] PM:   Magic number: 3:946:517
[    4.284893] RAS: Correctable Errors collector initialized.
[    4.285907] md: Waiting for all devices to be available before autodetect
[    4.286237] md: If you don't use raid, use raid=noautodetect
[    4.286518] md: Autodetecting RAID arrays.
[    4.286727] md: autorun ...
[    4.286871] md: ... autorun DONE.
[    4.296639] EXT4-fs (sda): mounted filesystem 23a53bb9-f815-47a5-b74c-5e08f7731193 with ordered data mode. Quota mode: none.
[    4.297270] VFS: Mounted root (ext4 filesystem) readonly on device 8:0.
[    4.299725] devtmpfs: mounted
[    4.308664] Freeing unused decrypted memory: 2036K
[    4.314918] Freeing unused kernel image (initmem) memory: 10364K
[    4.319476] Write protecting the kernel read-only data: 45056k
[    4.321231] Freeing unused kernel image (rodata/data gap) memory: 472K
[    4.419181] x86/mm: Checked W+X mappings: passed, no W+X pages found.
[    4.419577] Run /sbin/init as init process
[    4.545366] systemd[1]: RTC configured in localtime, applying delta of 0 minutes to system time.
[    4.577245] systemd[1]: systemd 239 (239-49.el8) running in system mode. (+PAM +AUDIT +SELINUX +IMA -APPARMOR +SMACK +SYSVINIT +UTMP +LIBCRYPTSETUP +GCRYPT +GNUTLS +ACL +XZ +LZ4 +SECCOMP +BLKID +ELFUTILS +KMOD +IDN2 -IDN +PCRE2 default-hierarchy=legacy)
[    4.578520] systemd[1]: Detected virtualization kvm.
[    4.578784] systemd[1]: Detected architecture x86-64.

Welcome to [0;31mCentOS Stream 8[0m!

[    4.633376] systemd[1]: Set hostname to <test>.
[    4.922986] systemd[1]: Created slice system-getty.slice.
[[0;32m  OK  [0m] Created slice system-getty.slice.
[    4.924167] systemd[1]: Listening on Device-mapper event daemon FIFOs.
[[0;32m  OK  [0m] Listening on Device-mapper event daemon FIFOs.
[    4.925158] systemd[1]: Listening on udev Kernel Socket.
[[0;32m  OK  [0m] Listening on udev Kernel Socket.
[    4.926040] systemd[1]: Listening on Journal Socket (/dev/log).
[[0;32m  OK  [0m] Listening on Journal Socket (/dev/log).
[    4.926926] systemd[1]: Started Forward Password Requests to Wall Directory Watch.
[[0;32m  OK  [0m] Started Forward Password Requests to Wall Directory Watch.
[    4.928398] systemd[1]: Set up automount Arbitrary Executable File Formats File System Automount Point.
[[0;32m  OK  [0m] Set up automount Arbitrary Executabâ€¦rmats File System Automount Point.
[[0;32m  OK  [0m] Created slice system-serial\x2dgetty.slice.
[[0;32m  OK  [0m] Listening on RPCbind Server Activation Socket.
[[0;32m  OK  [0m] Reached target RPC Port Mapper.
[[0;32m  OK  [0m] Listening on LVM2 poll daemon socket.
[[0;32m  OK  [0m] Reached target Swap.
[[0;32m  OK  [0m] Listening on Journal Socket.
         Starting Remount Root and Kernel File Systems...
         Mounting Huge Pages File System...
         Mounting Kernel Debug File System...
         Starting Monitoring of LVM2 mirrorsâ€¦ng dmeventd or progress polling...
         Starting Setup Virtual Console...
[[0;32m  OK  [0m] Listening on multipathd control socket.
[[0;32m  OK  [0m] Created slice system-sshd\x2dkeygen.slice.
[[0;32m  OK  [0m] Listening on udev Control Socket.
         Starting Load Kernel Modules...
         Starting Journal Service...
[[0;32m  OK  [0m] Listening on Process Core Dump Socket.
[[0;32m  OK  [0m] Created slice User and Session Slice.
[[0;32m  OK  [0m] Reached target Slices.
[[0;32m  OK  [0m] Listening on initctl Compatibility Named Pipe.
         Mounting POSIX Message Queue File System...
         Starting udev Coldplug all Devices...
[[0;32m  OK  [0m] Mounted Huge Pages File System.
[[0;32m  OK  [0m] Mounted Kernel Debug File System.
[[0;1;31mFAILED[0m] Failed to start Load Kernel Modules.
[    5.211300] EXT4-fs (sda): re-mounted 23a53bb9-f815-47a5-b74c-5e08f7731193. Quota mode: none.
See 'systemctl status systemd-modules-load.service' for details.
[[0;32m  OK  [0m] Started Remount Root and Kernel File Systems.
[[0;32m  OK  [0m] Mounted POSIX Message Queue File System.
         Starting Create Static Device Nodes in /dev...
         Starting Load/Save Random Seed...
         Starting Apply Kernel Variables...
         Mounting FUSE Control File System...
         Mounting Kernel Configuration File System...
[[0;32m  OK  [0m] Started Journal Service.
[[0;32m  OK  [0m] Started Setup Virtual Console.
[[0;32m  OK  [0m] Started Create Static Device Nodes in /dev.
[[0;32m  OK  [0m] Started Load/Save Random Seed.
[[0;32m  OK  [0m] Started Apply Kernel Variables.
[[0;32m  OK  [0m] Mounted FUSE Control File System.
[[0;32m  OK  [0m] Mounted Kernel Configuration File System.
         Starting udev Kernel Device Manager...
         Starting Flush Journal to Persistent Storage...
[[0;32m  OK  [0m] Started Flush Journal to Persistent Storage.
[[0;32m  OK  [0m] Started udev Kernel Device Manager.
[[0;32m  OK  [0m] Started udev Coldplug all Devices.
         Starting Show Plymouth Boot Screen...
         Starting udev Wait for Complete Device Initialization...
[[0;32m  OK  [0m] Started Show Plymouth Boot Screen.
[[0;32m  OK  [0m] Reached target Local Encrypted Volumes.
[[0;32m  OK  [0m] Reached target Paths.
[[0;32m  OK  [0m] Started Forward Password Requests to Plymouth Directory Watch.
[[0;32m  OK  [0m] Started Monitoring of LVM2 mirrors,â€¦sing dmeventd or progress polling.
[[0;32m  OK  [0m] Found device /dev/ttyS0.
[[0;32m  OK  [0m] Started udev Wait for Complete Device Initialization.
[[0;32m  OK  [0m] Listening on Load/Save RF Kill Switch Status /dev/rfkill Watch.
[[0;32m  OK  [0m] Reached target Local File Systems (Pre).
[[0;32m  OK  [0m] Reached target Local File Systems.
         Starting Create Volatile Files and Directories...
         Starting Tell Plymouth To Write Out Runtime Data...
         Starting Restore /run/initramfs on shutdown...
[[0;32m  OK  [0m] Started Tell Plymouth To Write Out Runtime Data.
[[0;32m  OK  [0m] Started Restore /run/initramfs on shutdown.
[[0;32m  OK  [0m] Started Create Volatile Files and Directories.
         Mounting RPC Pipe File System...
         Starting RPC Bind...
         Starting Security Auditing Service...
[[0;32m  OK  [0m] Mounted RPC Pipe File System.
[[0;32m  OK  [0m] Reached target rpc_pipefs.target.
[[0;32m  OK  [0m] Started RPC Bind.
[[0;32m  OK  [0m] Started Security Auditing Service.
         Starting Update UTMP about System Boot/Shutdown...
[[0;32m  OK  [0m] Started Update UTMP about System Boot/Shutdown.
[[0;32m  OK  [0m] Reached target System Initialization.
[[0;32m  OK  [0m] Started Daily Cleanup of Temporary Directories.
[[0;32m  OK  [0m] Started daily update of the root trust anchor for DNSSEC.
[[0;32m  OK  [0m] Listening on D-Bus System Message Bus Socket.
[[0;32m  OK  [0m] Listening on SSSD Kerberos Cache Manager responder socket.
[[0;32m  OK  [0m] Reached target Sockets.
[[0;32m  OK  [0m] Started dnf makecache --timer.
[[0;32m  OK  [0m] Reached target Timers.
[[0;32m  OK  [0m] Reached target Basic System.
[[0;32m  OK  [0m] Started D-Bus System Message Bus.
         Starting Network Manager...
         Starting NTP client/server...
[[0;32m  OK  [0m] Started irqbalance daemon.
[[0;32m  OK  [0m] Started Machine Check Exception Logging Daemon.
[[0;32m  OK  [0m] Reached target sshd-keygen.target.
         Starting Login Service...
         Starting Authorization Manager...
         Starting Self Monitoring and Reporting Technology (SMART) Daemon...
         Starting Auto-connect to subsystemsâ€¦-NVME devices found during boot...
[[0;32m  OK  [0m] Started Auto-connect to subsystems â€¦FC-NVME devices found during boot.
[[0;32m  OK  [0m] Started Self Monitoring and Reporting Technology (SMART) Daemon.
         Starting update of the root trust aâ€¦or DNSSEC validation in unbound...
[[0;32m  OK  [0m] Started Network Manager.
         Starting Network Manager Wait Online...
[[0;32m  OK  [0m] Reached target Network.
         Starting OpenSSH server daemon...
         Starting Dynamic System Tuning Daemon...
         Starting GSSAPI Proxy Daemon...
[[0;32m  OK  [0m] Started NTP client/server.
[[0;32m  OK  [0m] Started Login Service.
         Starting Hostname Service...
[[0;32m  OK  [0m] Started OpenSSH server daemon.
[[0;32m  OK  [0m] Started Authorization Manager.
[[0;32m  OK  [0m] Started update of the root trust anâ€¦ for DNSSEC validation in unbound.
[[0;32m  OK  [0m] Started GSSAPI Proxy Daemon.
[[0;32m  OK  [0m] Reached target NFS client services.
[[0;32m  OK  [0m] Reached target Remote File Systems (Pre).
[[0;32m  OK  [0m] Reached target Remote File Systems.
         Starting Permit User Sessions...
[[0;32m  OK  [0m] Started Permit User Sessions.
         Starting Terminate Plymouth Boot Screen...
[[0;32m  OK  [0m] Started Command Scheduler.
         Starting Hold until boot process finishes up...
[[0;32m  OK  [0m] Started Terminate Plymouth Boot Screen.
[[0;32m  OK  [0m] Started Hold until boot process finishes up.
[    7.223393] e1000: eth0 NIC Link is Up 1000 Mbps Full Duplex, Flow Control: RX
[    7.224380] IPv6: ADDRCONF(NETDEV_CHANGE): eth0: link becomes ready
[    7.491444] Spectre V2 : WARNING: Unprivileged eBPF is enabled with eIBRS on, data leaks possible via Spectre v2 BHB attacks!
[    7.492046] Spectre V2 : WARNING: Unprivileged eBPF is enabled with eIBRS on, data leaks possible via Spectre v2 BHB attacks!

CentOS Stream 8
Kernel 6.3.0-457391b03803 on an x86_64

test login: [   24.520327] memfd_create() without MFD_EXEC nor MFD_NOEXEC_SEAL, pid=332 'systemd'
[   28.595502] cgroup: Unknown subsys name 'net'
[   28.602158] cgroup: Unknown subsys name 'rlimit'
[   36.288415] tpm tpm0: Operation Canceled
[   36.295168] tpm tpm0: Operation Canceled
[   36.298245] tpm tpm0: Operation Canceled
[   36.309393] tpm tpm0: Operation Canceled
[   36.312556] tpm tpm0: Operation Canceled
[   36.326777] tpm tpm0: Operation Canceled
[   36.327287] tpm tpm1: Operation Canceled
[   36.339590] tpm tpm0: Operation Canceled
[   36.342173] tpm tpm0: Operation Canceled
[   36.352279] tpm tpm0: Operation Canceled
[   36.354915] tpm tpm0: Operation Canceled
[   36.362281] tpm tpm0: Operation Canceled
[   36.366800] tpm tpm0: Operation Canceled
[   36.366897] tpm tpm1: Operation Canceled
[   36.370492] tpm tpm0: Operation Canceled
[   36.378166] tpm tpm0: Operation Canceled
[   36.379116] tpm tpm1: Operation Canceled
[   36.381568] tpm tpm0: Operation Canceled
[   36.384775] tpm tpm0: Operation Canceled
[   36.390269] tpm tpm0: Operation Canceled
[   36.392590] tpm tpm3: Operation Canceled
[   36.400273] tpm tpm0: Operation Canceled
[   36.402376] tpm tpm0: Operation Canceled
[   36.402666] tpm tpm1: Operation Canceled
[   36.407630] tpm tpm0: Operation Canceled
[   36.411866] tpm tpm0: Operation Canceled
[   36.416919] tpm tpm0: Operation Canceled
[   36.421225] tpm tpm1: Operation Canceled
[   36.421409] tpm tpm0: Operation Canceled
[   36.428127] tpm tpm0: Operation Canceled
[   36.431685] tpm tpm3: Operation Canceled
[   36.432056] tpm tpm0: Operation Canceled
[   36.434059] tpm tpm0: Operation Canceled
[   36.440566] tpm tpm1: Operation Canceled
[   36.441415] tpm tpm0: Operation Canceled
[   36.441812] tpm tpm4: Operation Canceled
[   36.447194] tpm tpm0: Operation Canceled
[   36.451289] tpm tpm0: Operation Canceled
[   36.453222] tpm tpm0: Operation Canceled
[   36.454456] tpm tpm4: Operation Canceled
[   36.458048] tpm tpm0: Operation Canceled
[   36.459020] tpm tpm5: Operation Canceled
[   36.462571] tpm tpm0: Operation Canceled
[   36.463660] tpm tpm4: Operation Canceled
[   36.467992] tpm tpm0: Operation Canceled
[   36.473813] tpm tpm0: Operation Canceled
[   36.473834] tpm tpm1: Operation Canceled
[   36.478189] tpm tpm4: Operation Canceled
[   36.479028] tpm tpm0: Operation Canceled
[   36.479314] tpm tpm2: Operation Canceled
[   36.481361] tpm tpm4: Operation Canceled
[   36.483435] tpm tpm0: Operation Canceled
[   36.487195] tpm tpm0: Operation Canceled
[   36.488650] tpm tpm1: Operation Canceled
[   36.490532] tpm tpm4: Operation Canceled
[   36.495968] tpm tpm0: Operation Canceled
[   36.497462] tpm tpm0: Operation Canceled
[   36.498775] tpm tpm2: Operation Canceled
[   36.500627] tpm tpm0: Operation Canceled
[   36.504674] tpm tpm0: Operation Canceled
[   36.508772] tpm tpm0: Operation Canceled
[   36.511109] tpm tpm0: Operation Canceled
[   36.511309] tpm tpm1: Operation Canceled
[   36.513851] tpm tpm0: Operation Canceled
[   36.515163] tpm tpm1: Operation Canceled
[   36.521820] tpm tpm0: Operation Canceled
[   36.522290] tpm tpm4: Operation Canceled
[   36.529637] tpm tpm0: Operation Canceled
[   36.532283] tpm tpm0: Operation Canceled
[   36.536110] tpm tpm0: Operation Canceled
[   36.536482] tpm tpm1: Operation Canceled
[   36.539081] tpm tpm0: Operation Canceled
[   36.539880] tpm tpm3: Operation Canceled
[   36.543229] tpm tpm0: Operation Canceled
[   36.550665] tpm tpm0: Operation Canceled
[   36.552160] tpm tpm0: Operation Canceled
[   36.557794] tpm tpm0: Operation Canceled
[   36.560094] tpm tpm0: Operation Canceled
[   36.560534] tpm tpm4: Operation Canceled
[   36.569012] tpm tpm0: Operation Canceled
[   36.569207] tpm tpm2: Operation Canceled
[   36.578404] tpm tpm0: Operation Canceled
[   36.578623] tpm tpm2: Operation Canceled
[   36.586972] tpm tpm0: Operation Canceled
[   36.588339] tpm tpm4: Operation Canceled
[   36.592837] tpm tpm1: Operation Canceled
[   36.593282] tpm tpm0: Operation Canceled
[   36.598160] tpm tpm4: Operation Canceled
[   36.600100] tpm tpm1: Operation Canceled
[   36.600417] tpm tpm0: Operation Canceled
[   36.605457] tpm tpm0: Operation Canceled
[   36.608504] tpm tpm3: Operation Canceled
[   36.609620] tpm tpm0: Operation Canceled
[   36.610385] tpm tpm1: Operation Canceled
[   36.610983] tpm tpm0: Operation Canceled
[   36.616972] tpm tpm0: Operation Canceled
[   36.620789] tpm tpm0: Operation Canceled
[   36.623356] tpm tpm0: Operation Canceled
[   36.623982] tpm tpm1: Operation Canceled
[   36.625737] tpm tpm1: Operation Canceled
[   36.626975] tpm tpm0: Operation Canceled
[   36.632476] tpm tpm0: Operation Canceled
[   36.632856] tpm tpm1: Operation Canceled
[   36.634584] tpm tpm0: Operation Canceled
[   36.635312] tpm tpm3: Operation Canceled
[   36.640856] tpm tpm0: Operation Canceled
[   36.643784] tpm tpm0: Operation Canceled
[   36.644480] tpm tpm3: Operation Canceled
[   36.648882] tpm tpm1: Operation Canceled
[   36.652463] tpm tpm0: Operation Canceled
[   36.654309] tpm tpm0: Operation Canceled
[   36.657243] tpm tpm4: Operation Canceled
[   36.657718] tpm tpm3: Operation Canceled
[   36.658310] tpm tpm1: Operation Canceled
[   36.663927] tpm tpm0: Operation Canceled
[   36.665519] tpm tpm0: Operation Canceled
[   36.665861] tpm tpm1: Operation Canceled
[   36.668742] tpm tpm0: Operation Canceled
[   36.670076] tpm tpm2: Operation Canceled
[   36.671545] tpm tpm0: Operation Canceled
[   36.675700] tpm tpm0: Operation Canceled
[   36.677568] tpm tpm0: Operation Canceled
[   36.680641] tpm tpm3: Operation Canceled
[   36.685335] tpm tpm0: Operation Canceled
[   36.686620] tpm tpm3: Operation Canceled
[   36.686967] tpm tpm0: Operation Canceled
[   36.694141] tpm tpm0: Operation Canceled
[   36.695099] tpm tpm1: Operation Canceled
[   36.695554] tpm tpm5: Operation Canceled
[   36.703333] tpm tpm0: Operation Canceled
[   36.706732] tpm tpm0: Operation Canceled
[   36.709772] tpm tpm0: Operation Canceled
[   36.710982] tpm tpm4: Operation Canceled
[   36.711379] tpm tpm1: Operation Canceled
[   36.717069] tpm tpm1: Operation Canceled
[   36.722229] tpm tpm0: Operation Canceled
[   36.726620] tpm tpm0: Operation Canceled
[   36.729238] tpm tpm0: Operation Canceled
[   36.733812] tpm tpm0: Operation Canceled
[   36.734018] tpm tpm1: Operation Canceled
[   36.739541] tpm tpm0: Operation Canceled
[   36.739605] tpm tpm2: Operation Canceled
[   36.743621] tpm tpm0: Operation Canceled
[   36.745646] tpm tpm0: Operation Canceled
[   36.746244] tpm tpm2: Operation Canceled
[   36.750687] tpm tpm0: Operation Canceled
[   36.754118] tpm tpm0: Operation Canceled
[   36.756039] tpm tpm0: Operation Canceled
[   36.758967] tpm tpm1: Operation Canceled
[   36.760627] tpm tpm0: Operation Canceled
[   36.763774] tpm tpm1: Operation Canceled
[   36.766923] tpm tpm0: Operation Canceled
[   36.767130] tpm tpm3: Operation Canceled
[   36.773226] tpm tpm0: Operation Canceled
[   36.774107] tpm tpm1: Operation Canceled
[   36.775541] tpm tpm4: Operation Canceled
[   36.777913] tpm tpm1: Operation Canceled
[   36.779125] tpm tpm0: Operation Canceled
[   36.780807] tpm tpm1: Operation Canceled
[   36.786151] tpm tpm0: Operation Canceled
[   36.788302] tpm tpm6: Operation Canceled
[   36.795287] tpm tpm0: Operation Canceled
[   36.797444] tpm tpm0: Operation Canceled
[   36.801831] tpm tpm0: Operation Canceled
[   36.808009] tpm tpm0: Operation Canceled
[   36.815312] tpm tpm0: Operation Canceled
[   36.817346] tpm tpm3: Operation Canceled
[   36.824913] tpm tpm0: Operation Canceled
[   36.825133] tpm tpm2: Operation Canceled
[   36.834696] tpm tpm0: Operation Canceled
[   36.835176] tpm tpm4: Operation Canceled
[   36.842084] tpm tpm0: Operation Canceled
[   36.844510] tpm tpm0: Operation Canceled
[   36.845691] tpm tpm3: Operation Canceled
[   36.845955] tpm tpm0: Operation Canceled
[   36.854185] tpm tpm0: Operation Canceled
[   36.855565] tpm tpm3: Operation Canceled
[   36.855593] tpm tpm0: Operation Canceled
[   36.862968] tpm tpm0: Operation Canceled
[   36.866250] tpm tpm0: Operation Canceled
[   36.867146] tpm tpm3: Operation Canceled
[   36.869348] tpm tpm2: Operation Canceled
[   36.872619] tpm tpm0: Operation Canceled
[   36.874518] tpm tpm1: Operation Canceled
[   36.878013] tpm tpm0: Operation Canceled
[   36.880097] tpm tpm0: Operation Canceled
[   36.883767] tpm tpm0: Operation Canceled
[   36.885370] tpm tpm0: Operation Canceled
[   36.886182] tpm tpm3: Operation Canceled
[   36.887929] tpm tpm2: Operation Canceled
[   36.890785] tpm tpm0: Operation Canceled
[   36.892880] tpm tpm1: Operation Canceled
[   36.898369] tpm tpm0: Operation Canceled
[   36.899652] tpm tpm3: Operation Canceled
[   36.903546] tpm tpm0: Operation Canceled
[   36.903552] tpm tpm1: Operation Canceled
[   36.907269] tpm tpm0: Operation Canceled
[   36.912780] tpm tpm0: Operation Canceled
[   36.913138] tpm tpm2: Operation Canceled
[   36.917196] tpm tpm0: Operation Canceled
[   36.919678] tpm tpm0: Operation Canceled
[   36.921634] tpm tpm0: Operation Canceled
[   36.923313] tpm tpm0: Operation Canceled
[   36.925788] tpm tpm0: Operation Canceled
[   36.928674] tpm tpm1: Operation Canceled
[   36.929909] tpm tpm3: Operation Canceled
[   36.932546] tpm tpm0: Operation Canceled
[   36.932904] tpm tpm4: Operation Canceled
[   36.935273] tpm tpm0: Operation Canceled
[   36.938133] tpm tpm1: Operation Canceled
[   36.939559] tpm tpm0: Operation Canceled
[   36.943272] tpm tpm0: Operation Canceled
[   36.946885] tpm tpm0: Operation Canceled
[   36.948167] tpm tpm2: Operation Canceled
[   36.951844] tpm tpm0: Operation Canceled
[   36.954813] tpm tpm0: Operation Canceled
[   36.958212] tpm tpm1: Operation Canceled
[   36.959272] tpm tpm2: Operation Canceled
[   36.965856] tpm tpm0: Operation Canceled
[   36.969684] tpm tpm0: Operation Canceled
[   36.970121] tpm tpm2: Operation Canceled
[   36.973858] tpm tpm0: Operation Canceled
[   36.977101] tpm tpm0: Operation Canceled
[   36.979190] tpm tpm0: Operation Canceled
[   36.980262] tpm tpm2: Operation Canceled
[   36.980284] tpm tpm3: Operation Canceled
[   36.983129] tpm tpm0: Operation Canceled
[   36.986141] tpm tpm1: Operation Canceled
[   36.987436] tpm tpm0: Operation Canceled
[   36.988381] tpm tpm1: Operation Canceled
[   36.994700] tpm tpm0: Operation Canceled
[   36.995594] tpm tpm5: Operation Canceled
[   37.001208] tpm tpm4: Operation Canceled
[   37.007279] tpm tpm0: Operation Canceled
[   37.008071] tpm tpm2: Operation Canceled
[   37.010184] tpm tpm0: Operation Canceled
[   37.015282] tpm tpm0: Operation Canceled
[   37.019675] tpm tpm1: Operation Canceled
[   37.019791] tpm tpm0: Operation Canceled
[   37.025502] tpm tpm0: Operation Canceled
[   37.029952] tpm tpm0: Operation Canceled
[   37.030180] tpm tpm2: Operation Canceled
[   37.033038] tpm tpm0: Operation Canceled
[   37.036050] tpm tpm0: Operation Canceled
[   37.039277] tpm tpm2: Operation Canceled
[   37.041908] tpm tpm0: Operation Canceled
[   37.045940] tpm tpm0: Operation Canceled
[   37.047907] tpm tpm0: Operation Canceled
[   37.050265] tpm tpm1: Operation Canceled
[   37.053792] tpm tpm0: Operation Canceled
[   37.054942] tpm tpm5: Operation Canceled
[   37.060221] tpm tpm0: Operation Canceled
[   37.062406] tpm tpm0: Operation Canceled
[   37.066949] tpm tpm0: Operation Canceled
[   37.071015] tpm tpm0: Operation Canceled
[   37.074040] tpm tpm0: Operation Canceled
[   37.076583] tpm tpm4: Operation Canceled
[   37.077296] tpm tpm3: Operation Canceled
[   37.081395] tpm tpm0: Operation Canceled
[   37.081442] tpm tpm1: Operation Canceled
[   37.085551] tpm tpm1: Operation Canceled
[   37.085647] tpm tpm0: Operation Canceled
[   37.088579] tpm tpm0: Operation Canceled
[   37.092991] tpm tpm0: Operation Canceled
[   37.093680] tpm tpm2: Operation Canceled
[   37.099315] tpm tpm0: Operation Canceled
[   37.101093] tpm tpm0: Operation Canceled
[   37.107257] tpm tpm0: Operation Canceled
[   37.108995] tpm tpm0: Operation Canceled
[   37.110131] tpm tpm2: Operation Canceled
[   37.116439] tpm tpm0: Operation Canceled
[   37.118830] tpm tpm0: Operation Canceled
[   37.120135] tpm tpm0: Operation Canceled
[   37.124137] tpm tpm0: Operation Canceled
[   37.127530] tpm tpm0: Operation Canceled
[   37.130851] tpm tpm0: Operation Canceled
[   37.134193] tpm tpm0: Operation Canceled
[   37.136495] tpm tpm0: Operation Canceled
[   37.136875] tpm tpm3: Operation Canceled
[   37.141720] tpm tpm0: Operation Canceled
[   37.144467] tpm tpm0: Operation Canceled
[   37.144614] tpm tpm3: Operation Canceled
[   37.151662] tpm tpm0: Operation Canceled
[   37.153562] tpm tpm0: Operation Canceled
[   37.156345] tpm tpm0: Operation Canceled
[   37.159541] tpm tpm0: Operation Canceled
[   37.162609] tpm tpm0: Operation Canceled
[   37.163262] tpm tpm1: Operation Canceled
[   37.166671] tpm tpm0: Operation Canceled
[   37.171182] tpm tpm0: Operation Canceled
[   37.173180] tpm tpm4: Operation Canceled
[   37.173991] tpm tpm3: Operation Canceled
[   37.179746] tpm tpm0: Operation Canceled
[   37.182282] tpm tpm0: Operation Canceled
[   37.184530] tpm tpm1: Operation Canceled
[   37.184963] tpm tpm3: Operation Canceled
[   37.185596] tpm tpm0: Operation Canceled
[   37.189649] tpm tpm0: Operation Canceled
[   37.193246] tpm tpm0: Operation Canceled
[   37.195330] tpm tpm0: Operation Canceled
[   37.198278] tpm tpm1: Operation Canceled
[   37.199519] tpm tpm5: Operation Canceled
[   37.203896] tpm tpm0: Operation Canceled
[   37.206392] tpm tpm3: Operation Canceled
[   37.206502] tpm tpm0: Operation Canceled
[   37.216054] tpm tpm0: Operation Canceled
[   37.218184] tpm tpm0: Operation Canceled
[   37.218701] tpm tpm1: Operation Canceled
[   37.221647] tpm tpm0: Operation Canceled
[   37.228111] tpm tpm0: Operation Canceled
[   37.233530] tpm tpm0: Operation Canceled
[   37.236017] tpm tpm0: Operation Canceled
[   37.240970] tpm tpm0: Operation Canceled
[   37.243197] tpm tpm0: Operation Canceled
[   37.245755] tpm tpm0: Operation Canceled
[   37.253610] tpm tpm0: Operation Canceled
[   37.256929] tpm tpm0: Operation Canceled
[   37.261959] tpm tpm0: Operation Canceled
[   37.266595] tpm tpm0: Operation Canceled
[   37.269512] tpm tpm1: Operation Canceled
[   37.271470] tpm tpm0: Operation Canceled
[   37.271696] tpm tpm1: Operation Canceled
[   37.275663] tpm tpm0: Operation Canceled
[   37.279908] tpm tpm0: Operation Canceled
[   37.283746] tpm tpm0: Operation Canceled
[   37.287999] tpm tpm0: Operation Canceled
[   37.288149] tpm tpm1: Operation Canceled
[   37.292278] tpm tpm0: Operation Canceled
[   37.297055] tpm tpm0: Operation Canceled
[   37.299839] tpm tpm0: Operation Canceled
[   37.303602] tpm tpm0: Operation Canceled
[   37.304105] tpm tpm3: Operation Canceled
[   37.306041] tpm tpm0: Operation Canceled
[   37.311840] tpm tpm0: Operation Canceled
[   37.316171] tpm tpm0: Operation Canceled
[   37.319000] tpm tpm5: Operation Canceled
[   37.323853] tpm tpm0: Operation Canceled
[   37.326652] tpm tpm0: Operation Canceled
[   37.331115] tpm tpm1: Operation Canceled
[   37.336789] tpm tpm0: Operation Canceled
[   37.340996] tpm tpm0: Operation Canceled
[   37.341329] tpm tpm3: Operation Canceled
[   37.349296] tpm tpm0: Operation Canceled
[   37.352156] tpm tpm0: Operation Canceled
[   37.355888] tpm tpm0: Operation Canceled
[   37.359871] tpm tpm0: Operation Canceled
[   37.363113] tpm tpm0: Operation Canceled
[   37.363315] tpm tpm1: Operation Canceled
[   37.371269] tpm tpm0: Operation Canceled
[   37.373836] tpm tpm0: Operation Canceled
[   37.374118] tpm tpm1: Operation Canceled
[   37.376928] tpm tpm2: Operation Canceled
[   37.377988] tpm tpm0: Operation Canceled
[   37.378346] tpm tpm1: Operation Canceled
[   37.384742] tpm tpm0: Operation Canceled
[   37.388831] tpm tpm0: Operation Canceled
[   37.389893] tpm tpm0: Operation Canceled
[   37.390496] tpm tpm1: Operation Canceled
[   37.392427] tpm tpm0: Operation Canceled
[   37.396747] tpm tpm0: Operation Canceled
[   37.398876] tpm tpm0: Operation Canceled
[   37.400868] tpm tpm0: Operation Canceled
[   37.405393] tpm tpm0: Operation Canceled
[   37.405645] tpm tpm1: Operation Canceled
[   37.408879] tpm tpm0: Operation Canceled
[   37.412654] tpm tpm0: Operation Canceled
[   37.413582] tpm tpm6: Operation Canceled
[   37.419354] tpm tpm7: Operation Canceled
[   37.421324] tpm tpm0: Operation Canceled
[   37.422810] tpm tpm3: Operation Canceled
[   37.428206] tpm tpm0: Operation Canceled
[   37.430864] tpm tpm0: Operation Canceled
[   37.433525] tpm tpm0: Operation Canceled
[   37.437433] tpm tpm0: Operation Canceled
[   37.438513] tpm tpm2: Operation Canceled
[   37.440684] tpm tpm0: Operation Canceled
[   37.442564] tpm tpm2: Operation Canceled
[   37.445321] tpm tpm0: Operation Canceled
[   37.449709] tpm tpm0: Operation Canceled
[   37.450775] tpm tpm1: Operation Canceled
[   37.452384] tpm tpm0: Operation Canceled
[   37.453741] tpm tpm2: Operation Canceled
[   37.454602] tpm tpm1: Operation Canceled
[   37.457916] tpm tpm4: Operation Canceled
[   37.459999] tpm tpm5: Operation Canceled
[   37.461974] tpm tpm0: Operation Canceled
[   37.465507] tpm tpm0: Operation Canceled
[   37.466959] tpm tpm0: Operation Canceled
[   37.474330] tpm tpm0: Operation Canceled
[   37.477505] tpm tpm0: Operation Canceled
[   37.479040] tpm tpm1: Operation Canceled
[   37.479523] tpm tpm0: Operation Canceled
[   37.482360] tpm tpm0: Operation Canceled
[   37.485576] tpm tpm0: Operation Canceled
[   37.487851] tpm tpm1: Operation Canceled
[   37.493810] tpm tpm0: Operation Canceled
[   37.497899] tpm tpm1: Operation Canceled
[   37.498174] tpm tpm0: Operation Canceled
[   37.500704] tpm tpm0: Operation Canceled
[   37.504710] tpm tpm0: Operation Canceled
[   37.509466] tpm tpm0: Operation Canceled
[   37.511332] tpm tpm0: Operation Canceled
[   37.513723] tpm tpm0: Operation Canceled
[   37.516686] tpm tpm0: Operation Canceled
[   37.520924] tpm tpm0: Operation Canceled
[   37.523602] tpm tpm0: Operation Canceled
[   37.525406] tpm tpm2: Operation Canceled
[   37.526721] tpm tpm0: Operation Canceled
[   37.528453] tpm tpm1: Operation Canceled
[   37.528792] tpm tpm2: Operation Canceled
[   37.533564] tpm tpm0: Operation Canceled
[   37.535429] tpm tpm2: Operation Canceled
[   37.540031] tpm tpm0: Operation Canceled
[   37.545680] tpm tpm0: Operation Canceled
[   37.545813] tpm tpm2: Operation Canceled
[   37.551037] tpm tpm0: Operation Canceled
[   37.554596] tpm tpm0: Operation Canceled
[   37.557684] tpm tpm0: Operation Canceled
[   37.559729] tpm tpm4: Operation Canceled
[   37.564633] tpm tpm0: Operation Canceled
[   37.569839] tpm tpm0: Operation Canceled
[   37.570877] tpm tpm3: Operation Canceled
[   37.575269] tpm tpm2: Operation Canceled
[   37.578950] tpm tpm0: Operation Canceled
[   37.581042] tpm tpm0: Operation Canceled
[   37.583413] tpm tpm3: Operation Canceled
[   37.587987] tpm tpm0: Operation Canceled
[   37.596676] tpm tpm0: Operation Canceled
[   37.598133] tpm tpm0: Operation Canceled
[   37.603259] tpm tpm0: Operation Canceled
[   37.605770] tpm tpm0: Operation Canceled
[   37.608340] tpm tpm2: Operation Canceled
[   37.609139] tpm tpm0: Operation Canceled
[   37.614017] tpm tpm0: Operation Canceled
[   37.615278] tpm tpm2: Operation Canceled
[   37.617588] tpm tpm0: Operation Canceled
[   37.621164] tpm tpm1: Operation Canceled
[   37.621615] tpm tpm0: Operation Canceled
[   37.625484] tpm tpm0: Operation Canceled
[   37.629099] tpm tpm0: Operation Canceled
[   37.630292] tpm tpm2: Operation Canceled
[   37.631518] tpm tpm1: Operation Canceled
[   37.637121] tpm tpm0: Operation Canceled
[   37.640568] tpm tpm0: Operation Canceled
[   37.642603] tpm tpm0: Operation Canceled
[   37.644222] tpm tpm1: Operation Canceled
[   37.644902] tpm tpm0: Operation Canceled
[   37.646224] tpm tpm2: Operation Canceled
[   37.650595] tpm tpm0: Operation Canceled
[   37.651903] tpm tpm0: Operation Canceled
[   37.655303] tpm tpm1: Operation Canceled
[   37.660846] tpm tpm0: Operation Canceled
[   37.661787] tpm tpm5: Operation Canceled
[   37.665085] tpm tpm1: Operation Canceled
[   37.669364] tpm tpm0: Operation Canceled
[   37.672420] tpm tpm2: Operation Canceled
[   37.672916] tpm tpm0: Operation Canceled
[   37.677784] tpm tpm6: Operation Canceled
[   37.681144] tpm tpm0: Operation Canceled
[   37.681617] tpm tpm3: Operation Canceled
[   37.687049] tpm tpm0: Operation Canceled
[   37.687068] tpm tpm1: Operation Canceled
[   37.690759] tpm tpm0: Operation Canceled
[   37.691024] tpm tpm1: Operation Canceled
[   37.692755] tpm tpm3: Operation Canceled
[   37.694082] tpm tpm0: Operation Canceled
[   37.701397] tpm tpm0: Operation Canceled
[   37.701755] tpm tpm3: Operation Canceled
[   37.710581] tpm tpm0: Operation Canceled
[   37.711292] tpm tpm4: Operation Canceled
[   37.719920] tpm tpm0: Operation Canceled
[   37.721010] tpm tpm3: Operation Canceled
[   37.728314] tpm tpm0: Operation Canceled
[   37.731625] tpm tpm1: Operation Canceled
[   37.732197] tpm tpm0: Operation Canceled
[   37.733942] tpm tpm0: Operation Canceled
[   37.734397] tpm tpm1: Operation Canceled
[   37.737337] tpm tpm1: Operation Canceled
[   37.739947] tpm tpm0: Operation Canceled
[   37.740021] tpm tpm2: Operation Canceled
[   37.744344] tpm tpm0: Operation Canceled
[   37.746040] tpm tpm0: Operation Canceled
[   37.747495] tpm tpm3: Operation Canceled
[   37.748760] tpm tpm0: Operation Canceled
[   37.755257] tpm tpm0: Operation Canceled
[   37.755548] tpm tpm2: Operation Canceled
[   37.757885] tpm tpm6: Operation Canceled
[   37.762637] tpm tpm0: Operation Canceled
[   37.763672] tpm tpm1: Operation Canceled
[   37.765558] tpm tpm0: Operation Canceled
[   37.770188] tpm tpm0: Operation Canceled
[   37.774683] tpm tpm0: Operation Canceled
[   37.776113] tpm tpm0: Operation Canceled
[   37.780134] tpm tpm0: Operation Canceled
[   37.783939] tpm tpm0: Operation Canceled
[   37.785224] tpm tpm3: Operation Canceled
[   37.786339] tpm tpm0: Operation Canceled
[   37.788520] tpm tpm4: Operation Canceled
[   37.791770] tpm tpm0: Operation Canceled
[   37.797419] tpm tpm0: Operation Canceled
[   37.798383] tpm tpm2: Operation Canceled
[   37.804605] tpm tpm5: Operation Canceled
[   37.804803] tpm tpm0: Operation Canceled
[   37.808301] tpm tpm0: Operation Canceled
[   37.811346] tpm tpm0: Operation Canceled
[   37.812902] tpm tpm1: Operation Canceled
[   37.815173] tpm tpm0: Operation Canceled
[   37.816975] tpm tpm1: Operation Canceled
[   37.819213] tpm tpm0: Operation Canceled
[   37.820568] tpm tpm1: Operation Canceled
[   37.820734] tpm tpm0: Operation Canceled
[   37.827822] tpm tpm0: Operation Canceled
[   37.829908] tpm tpm0: Operation Canceled
[   37.833100] tpm tpm3: Operation Canceled
[   37.834734] tpm tpm0: Operation Canceled
[   37.836892] tpm tpm2: Operation Canceled
[   37.840024] tpm tpm0: Operation Canceled
[   37.841075] tpm tpm2: Operation Canceled
[   37.842145] tpm tpm0: Operation Canceled
[   37.845305] tpm tpm0: Operation Canceled
[   37.851492] tpm tpm0: Operation Canceled
[   37.858197] tpm tpm0: Operation Canceled
[   37.860905] tpm tpm0: Operation Canceled
[   37.862667] tpm tpm1: Operation Canceled
[   37.866156] tpm tpm0: Operation Canceled
[   37.870338] tpm tpm0: Operation Canceled
[   37.871858] tpm tpm0: Operation Canceled
[   37.874913] tpm tpm0: Operation Canceled
[   37.875316] tpm tpm3: Operation Canceled
[   37.875972] tpm tpm1: Operation Canceled
[   37.880060] tpm tpm0: Operation Canceled
[   37.884350] tpm tpm0: Operation Canceled
[   37.885362] tpm tpm7: Operation Canceled
[   37.892472] tpm tpm0: Operation Canceled
[   37.893800] tpm tpm0: Operation Canceled
[   37.894427] tpm tpm5: Operation Canceled
[   37.901461] tpm tpm0: Operation Canceled
[   37.902628] tpm tpm4: Operation Canceled
[   37.908028] tpm tpm1: Operation Canceled
[   37.908962] tpm tpm0: Operation Canceled
[   37.910299] tpm tpm1: Operation Canceled
[   37.912436] tpm tpm3: Operation Canceled
[   37.913848] tpm tpm0: Operation Canceled
[   37.916836] tpm tpm1: Operation Canceled
[   37.918863] tpm tpm3: Operation Canceled
[   37.924279] tpm tpm1: Operation Canceled
[   37.928418] tpm tpm0: Operation Canceled
[   37.931893] tpm tpm0: Operation Canceled
[   37.932887] tpm tpm1: Operation Canceled
[   37.936228] tpm tpm0: Operation Canceled
[   37.937288] tpm tpm3: Operation Canceled
[   37.940074] tpm tpm0: Operation Canceled
[   37.944023] tpm tpm1: Operation Canceled
[   37.946555] tpm tpm0: Operation Canceled
[   37.949836] tpm tpm0: Operation Canceled
[   37.950946] tpm tpm3: Operation Canceled
[   37.954259] tpm tpm0: Operation Canceled
[   37.957960] tpm tpm0: Operation Canceled
[   37.958624] tpm tpm3: Operation Canceled
[   37.960403] tpm tpm0: Operation Canceled
[   37.961503] tpm tpm1: Operation Canceled
[   37.963600] tpm tpm0: Operation Canceled
[   37.965866] tpm tpm1: Operation Canceled
[   37.965964] tpm tpm0: Operation Canceled
[   37.970765] tpm tpm0: Operation Canceled
[   37.974079] tpm tpm1: Operation Canceled
[   37.974191] tpm tpm0: Operation Canceled
[   37.979223] tpm tpm0: Operation Canceled
[   37.983301] tpm tpm0: Operation Canceled
[   37.983718] tpm tpm1: Operation Canceled
[   37.992223] tpm tpm0: Operation Canceled
[   37.993160] tpm tpm5: Operation Canceled
[   38.001043] tpm tpm0: Operation Canceled
[   38.005349] tpm tpm0: Operation Canceled
[   38.005386] tpm tpm2: Operation Canceled
[   38.009498] tpm tpm1: Operation Canceled
[   38.009647] tpm tpm0: Operation Canceled
[   38.011424] tpm tpm3: Operation Canceled
[   38.015928] tpm tpm0: Operation Canceled
[   38.018451] tpm tpm0: Operation Canceled
[   38.025564] tpm tpm0: Operation Canceled
[   38.027253] tpm tpm0: Operation Canceled
[   38.028916] tpm tpm2: Operation Canceled
[   38.031706] tpm tpm0: Operation Canceled
[   38.036002] tpm tpm0: Operation Canceled
[   38.036782] tpm tpm3: Operation Canceled
[   38.041415] tpm tpm5: Operation Canceled
[   38.044036] tpm tpm0: Operation Canceled
[   38.045676] tpm tpm0: Operation Canceled
[   38.051754] tpm tpm0: Operation Canceled
[   38.054027] tpm tpm0: Operation Canceled
[   38.055743] tpm tpm3: Operation Canceled
[   38.061101] tpm tpm0: Operation Canceled
[   38.063444] tpm tpm3: Operation Canceled
[   38.065213] tpm tpm2: Operation Canceled
[   38.068506] tpm tpm0: Operation Canceled
[   38.071038] tpm tpm0: Operation Canceled
[   38.073691] tpm tpm0: Operation Canceled
[   38.076450] tpm tpm3: Operation Canceled
[   38.079982] tpm tpm0: Operation Canceled
[   38.081926] tpm tpm0: Operation Canceled
[   38.086976] tpm tpm0: Operation Canceled
[   38.089749] tpm tpm0: Operation Canceled
[   38.093675] tpm tpm2: Operation Canceled
[   38.094893] tpm tpm3: Operation Canceled
[   38.099914] tpm tpm0: Operation Canceled
[   38.100459] tpm tpm1: Operation Canceled
[   38.105988] tpm tpm0: Operation Canceled
[   38.106445] tpm tpm2: Operation Canceled
[   38.118660] tpm tpm0: Operation Canceled
[   38.119008] tpm tpm4: Operation Canceled
[   38.127303] tpm tpm0: Operation Canceled
[   38.128866] tpm tpm0: Operation Canceled
[   38.135989] tpm tpm0: Operation Canceled
[   38.138166] tpm tpm0: Operation Canceled
[   38.141361] tpm tpm4: Operation Canceled
[   38.145481] tpm tpm0: Operation Canceled
[   38.151158] tpm tpm0: Operation Canceled
[   38.151292] tpm tpm1: Operation Canceled
[   38.158509] tpm tpm0: Operation Canceled
[   38.163621] tpm tpm0: Operation Canceled
[   38.164795] tpm tpm1: Operation Canceled
[   38.164982] tpm tpm0: Operation Canceled
[   38.169774] tpm tpm0: Operation Canceled
[   38.172636] tpm tpm3: Operation Canceled
[   38.177550] tpm tpm0: Operation Canceled
[   38.178908] tpm tpm0: Operation Canceled
[   38.183971] tpm tpm0: Operation Canceled
[   38.185798] tpm tpm0: Operation Canceled
[   38.186296] tpm tpm1: Operation Canceled
[   38.188725] tpm tpm2: Operation Canceled
[   38.190356] tpm tpm0: Operation Canceled
[   38.191346] tpm tpm2: Operation Canceled
[   38.195261] tpm tpm0: Operation Canceled
[   38.196976] tpm tpm4: Operation Canceled
[   38.202867] tpm tpm0: Operation Canceled
[   38.203928] tpm tpm1: Operation Canceled
[   38.207450] tpm tpm3: Operation Canceled
[   38.209268] tpm tpm0: Operation Canceled
[   38.212885] tpm tpm0: Operation Canceled
[   38.215020] tpm tpm2: Operation Canceled
[   38.220054] tpm tpm0: Operation Canceled
[   38.222806] tpm tpm1: Operation Canceled
[   38.223175] tpm tpm0: Operation Canceled
[   38.225302] tpm tpm0: Operation Canceled
[   38.229729] tpm tpm0: Operation Canceled
[   38.230770] tpm tpm2: Operation Canceled
[   38.230792] tpm tpm1: Operation Canceled
[   38.237565] tpm tpm1: Operation Canceled
[   38.237638] tpm tpm0: Operation Canceled
[   38.243449] tpm tpm0: Operation Canceled
[   38.246510] tpm tpm0: Operation Canceled
[   38.248019] tpm tpm0: Operation Canceled
[   38.254371] tpm tpm0: Operation Canceled
[   38.259112] tpm tpm0: Operation Canceled
[   38.260662] tpm tpm0: Operation Canceled
[   38.265763] tpm tpm0: Operation Canceled
[   38.267219] tpm tpm1: Operation Canceled
[   38.268380] tpm tpm0: Operation Canceled
[   38.272861] tpm tpm1: Operation Canceled
[   38.274990] tpm tpm0: Operation Canceled
[   38.278934] tpm tpm3: Operation Canceled
[   38.281158] tpm tpm0: Operation Canceled
[   38.281604] tpm tpm3: Operation Canceled
[   38.286576] tpm tpm0: Operation Canceled
[   38.286599] tpm tpm2: Operation Canceled
[   38.287640] tpm tpm1: Operation Canceled
[   38.291122] tpm tpm0: Operation Canceled
[   38.291664] tpm tpm3: Operation Canceled
[   38.293958] tpm tpm0: Operation Canceled
[   38.298564] tpm tpm0: Operation Canceled
[   38.299207] tpm tpm1: Operation Canceled
[   38.301010] tpm tpm0: Operation Canceled
[   38.305001] tpm tpm0: Operation Canceled
[   38.306361] tpm tpm0: Operation Canceled
[   38.306984] tpm tpm1: Operation Canceled
[   38.312975] tpm tpm0: Operation Canceled
[   38.313584] tpm tpm5: Operation Canceled
[   38.315866] tpm tpm0: Operation Canceled
[   38.318826] tpm tpm0: Operation Canceled
[   38.320541] tpm tpm6: Operation Canceled
[   38.322086] tpm tpm0: Operation Canceled
[   38.326382] tpm tpm0: Operation Canceled
[   38.327916] tpm tpm0: Operation Canceled
[   38.332424] tpm tpm0: Operation Canceled
[   38.333902] tpm tpm0: Operation Canceled
[   38.338128] tpm tpm0: Operation Canceled
[   38.338854] tpm tpm1: Operation Canceled
[   38.340028] tpm tpm3: Operation Canceled
[   38.345444] tpm tpm0: Operation Canceled
[   38.350691] tpm tpm0: Operation Canceled
[   38.355939] tpm tpm0: Operation Canceled
[   38.355941] tpm tpm1: Operation Canceled
[   38.362031] tpm tpm0: Operation Canceled
[   38.363995] tpm tpm0: Operation Canceled
[   38.364330] tpm tpm2: Operation Canceled
[   38.366212] tpm tpm0: Operation Canceled
[   38.370552] tpm tpm1: Operation Canceled
[   38.375105] tpm tpm0: Operation Canceled
[   38.377144] tpm tpm0: Operation Canceled
[   38.382484] tpm tpm0: Operation Canceled
[   38.383271] tpm tpm1: Operation Canceled
[   38.385590] tpm tpm1: Operation Canceled
[   38.387688] tpm tpm0: Operation Canceled
[   38.392054] tpm tpm0: Operation Canceled
[   38.394947] tpm tpm2: Operation Canceled
[   38.395076] tpm tpm0: Operation Canceled
[   38.403256] tpm tpm0: Operation Canceled
[   38.404571] tpm tpm3: Operation Canceled
[   38.409770] tpm tpm0: Operation Canceled
[   38.410211] tpm tpm3: Operation Canceled
[   38.413410] tpm tpm0: Operation Canceled
[   38.417417] tpm tpm0: Operation Canceled
[   38.417898] tpm tpm3: Operation Canceled
[   38.420307] tpm tpm2: Operation Canceled
[   38.421192] tpm tpm3: Operation Canceled
[   38.425942] tpm tpm0: Operation Canceled
[   38.429575] tpm tpm1: Operation Canceled
[   38.429964] tpm tpm0: Operation Canceled
[   38.433080] tpm tpm5: Operation Canceled
[   38.438167] tpm tpm0: Operation Canceled
[   38.439262] tpm tpm0: Operation Canceled
[   38.443465] tpm tpm4: Operation Canceled
[   38.443951] tpm tpm1: Operation Canceled
[   38.447614] tpm tpm0: Operation Canceled
[   38.450526] tpm tpm0: Operation Canceled
[   38.453696] tpm tpm0: Operation Canceled
[   38.454017] tpm tpm1: Operation Canceled
[   38.458279] tpm tpm0: Operation Canceled
[   38.459950] tpm tpm0: Operation Canceled
[   38.460607] tpm tpm4: Operation Canceled
[   38.467863] tpm tpm0: Operation Canceled
[   38.470124] tpm tpm0: Operation Canceled
[   38.475889] tpm tpm0: Operation Canceled
[   38.477177] tpm tpm1: Operation Canceled
[   38.478850] tpm tpm0: Operation Canceled
[   38.479567] tpm tpm4: Operation Canceled
[   38.487317] tpm tpm0: Operation Canceled
[   38.487815] tpm tpm3: Operation Canceled
[   38.490120] tpm tpm0: Operation Canceled
[   38.490981] tpm tpm5: Operation Canceled
[   38.492961] tpm tpm0: Operation Canceled
[   38.495217] tpm tpm1: Operation Canceled
[   38.499298] tpm tpm0: Operation Canceled
[   38.500076] tpm tpm3: Operation Canceled
[   38.501999] tpm tpm0: Operation Canceled
[   38.506805] tpm tpm0: Operation Canceled
[   38.512723] tpm tpm1: Operation Canceled
[   38.512775] tpm tpm0: Operation Canceled
[   38.520535] tpm tpm0: Operation Canceled
[   38.523743] tpm tpm0: Operation Canceled
[   38.524358] tpm tpm1: Operation Canceled
[   38.526529] tpm tpm1: Operation Canceled
[   38.526953] tpm tpm0: Operation Canceled
[   38.528042] tpm tpm4: Operation Canceled
[   38.532923] tpm tpm0: Operation Canceled
[   38.534167] tpm tpm1: Operation Canceled
[   38.538982] tpm tpm2: Operation Canceled
[   38.539953] tpm tpm0: Operation Canceled
[   38.541692] tpm tpm3: Operation Canceled
[   38.542871] tpm tpm0: Operation Canceled
[   38.546421] tpm tpm2: Operation Canceled
[   38.546884] tpm tpm0: Operation Canceled
[   38.550910] tpm tpm0: Operation Canceled
[   38.551636] tpm tpm2: Operation Canceled
[   38.554422] tpm tpm0: Operation Canceled
[   38.556382] tpm tpm2: Operation Canceled
[   38.558574] tpm tpm0: Operation Canceled
[   38.562096] tpm tpm0: Operation Canceled
[   38.562622] tpm tpm2: Operation Canceled
[   38.564450] tpm tpm0: Operation Canceled
[   38.567042] tpm tpm0: Operation Canceled
[   38.570692] tpm tpm0: Operation Canceled
[   38.573758] tpm tpm0: Operation Canceled
[   38.577833] tpm tpm0: Operation Canceled
[   38.581296] tpm tpm3: Operation Canceled
[   38.583499] tpm tpm1: Operation Canceled
[   38.585082] tpm tpm0: Operation Canceled
[   38.587560] tpm tpm1: Operation Canceled
[   38.588142] tpm tpm0: Operation Canceled
[   38.589467] tpm tpm0: Operation Canceled
[   38.590870] tpm tpm2: Operation Canceled
[   38.594671] tpm tpm0: Operation Canceled
[   38.601706] tpm tpm0: Operation Canceled
[   38.602417] tpm tpm5: Operation Canceled
[   38.607342] tpm tpm0: Operation Canceled
[   38.612879] tpm tpm0: Operation Canceled
[   38.616055] tpm tpm0: Operation Canceled
[   38.617817] tpm tpm0: Operation Canceled
[   38.618109] tpm tpm2: Operation Canceled
[   38.619673] tpm tpm1: Operation Canceled
[   38.623798] tpm tpm0: Operation Canceled
[   38.624218] tpm tpm3: Operation Canceled
[   38.626479] tpm tpm1: Operation Canceled
[   38.630565] tpm tpm0: Operation Canceled
[   38.637189] tpm tpm0: Operation Canceled
[   38.639116] tpm tpm4: Operation Canceled
[   38.643456] tpm tpm0: Operation Canceled
[   38.644541] tpm tpm1: Operation Canceled
[   38.647986] tpm tpm0: Operation Canceled
[   38.651294] tpm tpm0: Operation Canceled
[   38.653033] tpm tpm1: Operation Canceled
[   38.656695] tpm tpm0: Operation Canceled
[   38.660912] tpm tpm0: Operation Canceled
[   38.663684] tpm tpm0: Operation Canceled
[   38.667134] tpm tpm0: Operation Canceled
[   38.667885] tpm tpm2: Operation Canceled
[   38.672979] tpm tpm0: Operation Canceled
[   38.676041] tpm tpm5: Operation Canceled
[   38.676613] tpm tpm4: Operation Canceled
[   38.682292] tpm tpm0: Operation Canceled
[   38.684057] tpm tpm2: Operation Canceled
[   38.684978] tpm tpm0: Operation Canceled
[   38.687091] tpm tpm0: Operation Canceled
[   38.693726] tpm tpm0: Operation Canceled
[   38.695111] tpm tpm3: Operation Canceled
[   38.698520] tpm tpm0: Operation Canceled
[   38.699848] tpm tpm0: Operation Canceled
[   38.702067] tpm tpm0: Operation Canceled
[   38.702767] tpm tpm1: Operation Canceled
[   38.705486] tpm tpm0: Operation Canceled
[   38.708325] tpm tpm1: Operation Canceled
[   38.708978] tpm tpm2: Operation Canceled
[   38.713666] tpm tpm0: Operation Canceled
[   38.719802] tpm tpm0: Operation Canceled
[   38.720747] tpm tpm4: Operation Canceled
[   38.726922] tpm tpm0: Operation Canceled
[   38.730443] tpm tpm0: Operation Canceled
[   38.731509] tpm tpm2: Operation Canceled
[   38.731930] tpm tpm0: Operation Canceled
[   38.736368] tpm tpm0: Operation Canceled
[   38.737420] tpm tpm4: Operation Canceled
[   38.738649] tpm tpm0: Operation Canceled
[   38.741833] tpm tpm0: Operation Canceled
[   38.742329] tpm tpm3: Operation Canceled
[   38.744736] tpm tpm0: Operation Canceled
[   38.748740] tpm tpm1: Operation Canceled
[   38.748747] tpm tpm0: Operation Canceled
[   38.750821] tpm tpm4: Operation Canceled
[   38.756231] tpm tpm0: Operation Canceled
[   38.762023] tpm tpm0: Operation Canceled
[   38.762812] tpm tpm5: Operation Canceled
[   38.768843] tpm tpm0: Operation Canceled
[   38.775186] tpm tpm0: Operation Canceled
[   38.776908] tpm tpm4: Operation Canceled
[   38.779804] tpm tpm0: Operation Canceled
[   38.782065] tpm tpm0: Operation Canceled
[   38.783667] tpm tpm1: Operation Canceled
[   38.787455] tpm tpm2: Operation Canceled
[   38.789381] tpm tpm0: Operation Canceled
[   38.794233] tpm tpm0: Operation Canceled
[   38.797371] tpm tpm0: Operation Canceled
[   38.797814] tpm tpm1: Operation Canceled
[   38.801007] tpm tpm0: Operation Canceled
[   38.806916] tpm tpm0: Operation Canceled
[   38.807806] tpm tpm1: Operation Canceled
[   38.809352] tpm tpm0: Operation Canceled
[   38.816861] tpm tpm0: Operation Canceled
[   38.819436] tpm tpm4: Operation Canceled
[   38.820277] tpm tpm0: Operation Canceled
[   38.823648] tpm tpm0: Operation Canceled
[   38.825145] tpm tpm0: Operation Canceled
[   38.829460] tpm tpm0: Operation Canceled
[   38.830893] tpm tpm1: Operation Canceled
[   38.832880] tpm tpm0: Operation Canceled
[   38.834496] tpm tpm0: Operation Canceled
[   38.834835] tpm tpm1: Operation Canceled
[   38.839109] tpm tpm0: Operation Canceled
[   38.841798] tpm tpm0: Operation Canceled
[   38.843306] tpm tpm0: Operation Canceled
[   38.847552] tpm tpm0: Operation Canceled
[   38.851186] tpm tpm2: Operation Canceled
[   38.852549] tpm tpm1: Operation Canceled
[   38.854532] tpm tpm5: Operation Canceled
[   38.857920] tpm tpm4: Operation Canceled
[   38.859769] tpm tpm0: Operation Canceled
[   38.862393] tpm tpm0: Operation Canceled
[   38.864076] tpm tpm0: Operation Canceled
[   38.865343] tpm tpm1: Operation Canceled
[   38.866942] tpm tpm0: Operation Canceled
[   38.872182] tpm tpm0: Operation Canceled
[   38.872572] tpm tpm1: Operation Canceled
[   38.874153] tpm tpm1: Operation Canceled
[   38.875605] tpm tpm0: Operation Canceled
[   38.879268] tpm tpm0: Operation Canceled
[   38.879881] tpm tpm1: Operation Canceled
[   38.883902] tpm tpm0: Operation Canceled
[   38.886560] tpm tpm0: Operation Canceled
[   38.890250] tpm tpm0: Operation Canceled
[   38.892472] tpm tpm2: Operation Canceled
[   38.897564] tpm tpm0: Operation Canceled
[   38.899291] tpm tpm0: Operation Canceled
[   38.900619] tpm tpm4: Operation Canceled
[   38.906221] tpm tpm0: Operation Canceled
[   38.909580] tpm tpm0: Operation Canceled
[   38.911290] tpm tpm0: Operation Canceled
[   38.914146] tpm tpm0: Operation Canceled
[   38.914355] tpm tpm2: Operation Canceled
[   38.918320] tpm tpm0: Operation Canceled
[   38.919040] tpm tpm1: Operation Canceled
[   38.923325] tpm tpm0: Operation Canceled
[   38.925928] tpm tpm4: Operation Canceled
[   38.929773] tpm tpm0: Operation Canceled
[   38.931258] tpm tpm2: Operation Canceled
[   38.935394] tpm tpm0: Operation Canceled
[   38.938839] tpm tpm0: Operation Canceled
[   38.939617] tpm tpm1: Operation Canceled
[   38.941134] tpm tpm2: Operation Canceled
[   38.945345] tpm tpm0: Operation Canceled
[   38.949019] tpm tpm0: Operation Canceled
[   38.951017] tpm tpm3: Operation Canceled
[   38.951052] tpm tpm0: Operation Canceled
[   38.954477] tpm tpm5: Operation Canceled
[   38.958353] tpm tpm0: Operation Canceled
[   38.960332] tpm tpm0: Operation Canceled
[   38.960748] tpm tpm1: Operation Canceled
[   38.965144] tpm tpm0: Operation Canceled
[   38.967081] tpm tpm0: Operation Canceled
[   38.967836] tpm tpm2: Operation Canceled
[   38.970961] tpm tpm0: Operation Canceled
[   38.974559] tpm tpm0: Operation Canceled
[   38.976172] tpm tpm0: Operation Canceled
[   38.980650] tpm tpm0: Operation Canceled
[   38.981130] tpm tpm1: Operation Canceled
[   38.984774] tpm tpm0: Operation Canceled
[   38.984944] tpm tpm1: Operation Canceled
[   38.989942] tpm tpm0: Operation Canceled
[   38.992972] tpm tpm0: Operation Canceled
[   38.995185] tpm tpm3: Operation Canceled
[   38.995510] tpm tpm0: Operation Canceled
[   38.996798] tpm tpm1: Operation Canceled
[   38.999013] tpm tpm0: Operation Canceled
[   39.006673] tpm tpm0: Operation Canceled
[   39.007690] tpm tpm4: Operation Canceled
[   39.010460] tpm tpm3: Operation Canceled
[   39.010894] tpm tpm0: Operation Canceled
[   39.015262] tpm tpm0: Operation Canceled
[   39.020126] tpm tpm0: Operation Canceled
[   39.020296] tpm tpm1: Operation Canceled
[   39.022322] tpm tpm0: Operation Canceled
[   39.027045] tpm tpm1: Operation Canceled
[   39.027634] tpm tpm0: Operation Canceled
[   39.030620] tpm tpm0: Operation Canceled
[   39.032098] tpm tpm0: Operation Canceled
[   39.034935] tpm tpm0: Operation Canceled
[   39.038294] tpm tpm0: Operation Canceled
[   39.041099] tpm tpm0: Operation Canceled
[   39.041802] tpm tpm2: Operation Canceled
[   39.045193] tpm tpm0: Operation Canceled
[   39.048062] tpm tpm0: Operation Canceled
[   39.049231] tpm tpm3: Operation Canceled
[   39.055254] tpm tpm0: Operation Canceled
[   39.057570] tpm tpm0: Operation Canceled
[   39.061187] tpm tpm4: Operation Canceled
[   39.065486] tpm tpm0: Operation Canceled
[   39.065873] tpm tpm3: Operation Canceled
[   39.073022] tpm tpm0: Operation Canceled
[   39.074800] tpm tpm0: Operation Canceled
[   39.077817] tpm tpm0: Operation Canceled
[   39.079261] tpm tpm2: Operation Canceled
[   39.083740] tpm tpm0: Operation Canceled
[   39.086881] tpm tpm0: Operation Canceled
[   39.091285] tpm tpm0: Operation Canceled
[   39.091704] tpm tpm1: Operation Canceled
[   39.096775] tpm tpm0: Operation Canceled
[   39.096836] tpm tpm1: Operation Canceled
[   39.100162] tpm tpm0: Operation Canceled
[   39.101664] tpm tpm0: Operation Canceled
[   39.106354] tpm tpm0: Operation Canceled
[   39.107964] tpm tpm0: Operation Canceled
[   39.111755] tpm tpm0: Operation Canceled
[   39.114592] tpm tpm0: Operation Canceled
[   39.117910] tpm tpm0: Operation Canceled
[   39.118491] tpm tpm1: Operation Canceled
[   39.119208] tpm tpm4: Operation Canceled
[   39.124057] tpm tpm0: Operation Canceled
[   39.126964] tpm tpm0: Operation Canceled
[   39.127287] tpm tpm2: Operation Canceled
[   39.132994] tpm tpm0: Operation Canceled
[   39.136912] tpm tpm0: Operation Canceled
[   39.138897] tpm tpm2: Operation Canceled
[   39.139092] tpm tpm0: Operation Canceled
[   39.140908] tpm tpm1: Operation Canceled
[   39.141910] tpm tpm0: Operation Canceled
[   39.148372] tpm tpm3: Operation Canceled
[   39.148591] tpm tpm0: Operation Canceled
[   39.156324] tpm tpm0: Operation Canceled
[   39.158507] tpm tpm0: Operation Canceled
[   39.158600] tpm tpm4: Operation Canceled
[   39.161271] tpm tpm2: Operation Canceled
[   39.163162] tpm tpm3: Operation Canceled
[   39.167260] tpm tpm0: Operation Canceled
[   39.167437] tpm tpm1: Operation Canceled
[   39.174928] tpm tpm0: Operation Canceled
[   39.175896] tpm tpm3: Operation Canceled
[   39.178441] tpm tpm1: Operation Canceled
[   39.183051] tpm tpm0: Operation Canceled
[   39.184696] tpm tpm0: Operation Canceled
[   39.187988] tpm tpm2: Operation Canceled
[   39.191006] tpm tpm0: Operation Canceled
[   39.193462] tpm tpm0: Operation Canceled
[   39.194723] tpm tpm1: Operation Canceled
[   39.200098] tpm tpm4: Operation Canceled
[   39.200829] tpm tpm1: Operation Canceled
[   39.207343] tpm tpm0: Operation Canceled
[   39.207800] tpm tpm4: Operation Canceled
[   39.215068] tpm tpm0: Operation Canceled
[   39.218732] tpm tpm0: Operation Canceled
[   39.219622] tpm tpm2: Operation Canceled
[   39.220142] tpm tpm0: Operation Canceled
[   39.222992] tpm tpm1: Operation Canceled
[   39.226554] tpm tpm0: Operation Canceled
[   39.228402] tpm tpm2: Operation Canceled
[   39.228695] tpm tpm0: Operation Canceled
[   39.234346] tpm tpm0: Operation Canceled
[   39.235049] tpm tpm2: Operation Canceled
[   39.235732] tpm tpm7: Operation Canceled
[   39.242052] tpm tpm0: Operation Canceled
[   39.248074] tpm tpm0: Operation Canceled
[   39.250075] tpm tpm0: Operation Canceled
[   39.255462] tpm tpm0: Operation Canceled
[   39.257591] tpm tpm0: Operation Canceled
[   39.259034] tpm tpm3: Operation Canceled
[   39.263642] tpm tpm0: Operation Canceled
[   39.266128] tpm tpm0: Operation Canceled
[   39.269306] tpm tpm0: Operation Canceled
[   39.270094] tpm tpm2: Operation Canceled
[   39.271766] tpm tpm1: Operation Canceled
[   39.275356] tpm tpm1: Operation Canceled
[   39.276109] tpm tpm0: Operation Canceled
[   39.280607] tpm tpm0: Operation Canceled
[   39.282883] tpm tpm0: Operation Canceled
[   39.286855] tpm tpm0: Operation Canceled
[   39.287742] tpm tpm1: Operation Canceled
[   39.289148] tpm tpm0: Operation Canceled
[   39.293031] tpm tpm0: Operation Canceled
[   39.293164] tpm tpm1: Operation Canceled
[   39.295268] tpm tpm0: Operation Canceled
[   39.298523] tpm tpm1: Operation Canceled
[   39.299265] tpm tpm3: Operation Canceled
[   39.306199] tpm tpm0: Operation Canceled
[   39.307600] tpm tpm4: Operation Canceled
[   39.309397] tpm tpm0: Operation Canceled
[   39.313806] tpm tpm0: Operation Canceled
[   39.318412] tpm tpm0: Operation Canceled
[   39.321306] tpm tpm0: Operation Canceled
[   39.326019] tpm tpm3: Operation Canceled
[   39.326229] tpm tpm2: Operation Canceled
[   39.328876] tpm tpm0: Operation Canceled
[   39.331011] tpm tpm4: Operation Canceled
[   39.333396] tpm tpm0: Operation Canceled
[   39.334912] tpm tpm1: Operation Canceled
[   39.337051] tpm tpm1: Operation Canceled
[   39.337237] tpm tpm2: Operation Canceled
[   39.339439] tpm tpm0: Operation Canceled
[   39.342489] tpm tpm0: Operation Canceled
[   39.345222] tpm tpm1: Operation Canceled
[   39.345526] tpm tpm0: Operation Canceled
[   39.348062] tpm tpm1: Operation Canceled
[   39.351862] tpm tpm2: Operation Canceled
[   39.351895] tpm tpm0: Operation Canceled
[   39.357684] tpm tpm0: Operation Canceled
[   39.358920] tpm tpm5: Operation Canceled
[   39.362188] tpm tpm2: Operation Canceled
[   39.368646] tpm tpm2: Operation Canceled
[   39.368780] tpm tpm0: Operation Canceled
[   39.377002] tpm tpm0: Operation Canceled
[   39.383309] tpm tpm0: Operation Canceled
[   39.384551] tpm tpm4: Operation Canceled
[   39.391280] tpm tpm0: Operation Canceled
[   39.395603] tpm tpm0: Operation Canceled
[   39.399826] tpm tpm0: Operation Canceled
[   39.401809] tpm tpm1: Operation Canceled
[   39.406525] tpm tpm0: Operation Canceled
[   39.409819] tpm tpm0: Operation Canceled
[   39.411863] tpm tpm1: Operation Canceled
[   39.411957] tpm tpm4: Operation Canceled
[   39.417009] tpm tpm3: Operation Canceled
[   39.420961] tpm tpm0: Operation Canceled
[   39.422726] tpm tpm0: Operation Canceled
[   39.430330] tpm tpm0: Operation Canceled
[   39.432030] tpm tpm0: Operation Canceled
[   39.433312] tpm tpm2: Operation Canceled
[   39.435202] tpm tpm1: Operation Canceled
[   39.440829] tpm tpm0: Operation Canceled
[   39.442723] tpm tpm0: Operation Canceled
[   39.447660] tpm tpm0: Operation Canceled
[   39.449951] tpm tpm0: Operation Canceled
[   39.455647] tpm tpm1: Operation Canceled
[   39.455841] tpm tpm0: Operation Canceled
[   39.460692] tpm tpm0: Operation Canceled
[   39.464878] tpm tpm0: Operation Canceled
[   39.468382] tpm tpm0: Operation Canceled
[   39.473519] tpm tpm0: Operation Canceled
[   39.477453] tpm tpm0: Operation Canceled
[   39.478383] tpm tpm1: Operation Canceled
[   39.480890] tpm tpm0: Operation Canceled
[   39.481301] tpm tpm3: Operation Canceled
[   39.483273] tpm tpm0: Operation Canceled
[   39.487692] tpm tpm0: Operation Canceled
[   39.491285] tpm tpm0: Operation Canceled
[   39.492912] tpm tpm3: Operation Canceled
[   39.494862] tpm tpm0: Operation Canceled
[   39.495827] tpm tpm1: Operation Canceled
[   39.498351] tpm tpm2: Operation Canceled
[   39.504153] tpm tpm0: Operation Canceled
[   39.504939] tpm tpm4: Operation Canceled
[   39.510792] tpm tpm0: Operation Canceled
[   39.517845] tpm tpm0: Operation Canceled
[   39.519432] tpm tpm3: Operation Canceled
[   39.521297] tpm tpm0: Operation Canceled
[   39.524066] tpm tpm0: Operation Canceled
[   39.526370] tpm tpm1: Operation Canceled
[   39.527983] tpm tpm0: Operation Canceled
[   39.532502] tpm tpm0: Operation Canceled
[   39.535225] tpm tpm0: Operation Canceled
[   39.538863] tpm tpm3: Operation Canceled
[   39.539727] tpm tpm0: Operation Canceled
[   39.541945] tpm tpm0: Operation Canceled
[   39.543951] tpm tpm0: Operation Canceled
[   39.547449] tpm tpm2: Operation Canceled
[   39.549454] tpm tpm0: Operation Canceled
[   39.552612] tpm tpm0: Operation Canceled
[   39.555693] tpm tpm1: Operation Canceled
[   39.556167] tpm tpm4: Operation Canceled
[   39.562424] tpm tpm0: Operation Canceled
[   39.563182] tpm tpm2: Operation Canceled
[   39.570188] tpm tpm0: Operation Canceled
[   39.571228] tpm tpm3: Operation Canceled
[   39.577218] tpm tpm0: Operation Canceled
[   39.577921] tpm tpm1: Operation Canceled
[   39.581279] tpm tpm0: Operation Canceled
[   39.583710] tpm tpm0: Operation Canceled
[   39.586169] tpm tpm0: Operation Canceled
[   39.588162] tpm tpm0: Operation Canceled
[   39.593290] tpm tpm0: Operation Canceled
[   39.596107] tpm tpm0: Operation Canceled
[   39.596276] tpm tpm3: Operation Canceled
[   39.599449] tpm tpm0: Operation Canceled
[   39.600499] tpm tpm1: Operation Canceled
[   39.603990] tpm tpm1: Operation Canceled
[   39.605293] tpm tpm0: Operation Canceled
[   39.611600] tpm tpm1: Operation Canceled
[   39.611748] tpm tpm0: Operation Canceled
[   39.614920] tpm tpm0: Operation Canceled
[   39.619914] tpm tpm0: Operation Canceled
[   39.619945] tpm tpm4: Operation Canceled
[   39.625379] tpm tpm0: Operation Canceled
[   39.627845] tpm tpm0: Operation Canceled
[   39.629803] tpm tpm3: Operation Canceled
[   39.632985] tpm tpm0: Operation Canceled
[   39.637072] tpm tpm0: Operation Canceled
[   39.638616] tpm tpm0: Operation Canceled
[   39.640948] tpm tpm0: Operation Canceled
[   39.642095] tpm tpm3: Operation Canceled
[   39.645240] tpm tpm1: Operation Canceled
[   39.647450] tpm tpm0: Operation Canceled
[   39.649800] tpm tpm0: Operation Canceled
[   39.653545] tpm tpm0: Operation Canceled
[   39.654854] tpm tpm1: Operation Canceled
[   39.659697] tpm tpm0: Operation Canceled
[   39.666354] tpm tpm0: Operation Canceled
[   39.668062] tpm tpm0: Operation Canceled
[   39.670479] tpm tpm0: Operation Canceled
[   39.673539] tpm tpm2: Operation Canceled
[   39.673638] tpm tpm3: Operation Canceled
[   39.676050] tpm tpm0: Operation Canceled
[   39.679969] tpm tpm0: Operation Canceled
[   39.681682] tpm tpm0: Operation Canceled
[   39.683726] tpm tpm1: Operation Canceled
[   39.684890] tpm tpm0: Operation Canceled
[   39.691553] tpm tpm0: Operation Canceled
[   39.691554] tpm tpm1: Operation Canceled
[   39.693579] tpm tpm0: Operation Canceled
[   39.698870] tpm tpm0: Operation Canceled
[   39.701474] tpm tpm0: Operation Canceled
[   39.704735] tpm tpm0: Operation Canceled
[   39.708564] tpm tpm0: Operation Canceled
[   39.709312] tpm tpm1: Operation Canceled
[   39.711328] tpm tpm0: Operation Canceled
[   39.713495] tpm tpm0: Operation Canceled
[   39.716576] tpm tpm1: Operation Canceled
[   39.718084] tpm tpm0: Operation Canceled
[   39.725053] tpm tpm0: Operation Canceled
[   39.730298] tpm tpm0: Operation Canceled
[   39.731814] tpm tpm0: Operation Canceled
[   39.739781] tpm tpm0: Operation Canceled
[   39.740843] tpm tpm3: Operation Canceled
[   39.741093] tpm tpm4: Operation Canceled
[   39.745826] tpm tpm0: Operation Canceled
[   39.747941] tpm tpm0: Operation Canceled
[   39.751858] tpm tpm0: Operation Canceled
[   39.756611] tpm tpm0: Operation Canceled
[   39.759106] tpm tpm5: Operation Canceled
[   39.759700] tpm tpm0: Operation Canceled
[   39.764796] tpm tpm6: Operation Canceled
[   39.765470] tpm tpm0: Operation Canceled
[   39.772080] tpm tpm0: Operation Canceled
[   39.772474] tpm tpm1: Operation Canceled
[   39.780143] tpm tpm0: Operation Canceled
[   39.783171] tpm tpm0: Operation Canceled
[   39.783766] tpm tpm1: Operation Canceled
[   39.790742] tpm tpm0: Operation Canceled
[   39.792507] tpm tpm0: Operation Canceled
[   39.795959] tpm tpm0: Operation Canceled
[   39.797992] tpm tpm1: Operation Canceled
[   39.803213] tpm tpm2: Operation Canceled
[   39.806057] tpm tpm0: Operation Canceled
[   39.810962] tpm tpm0: Operation Canceled
[   39.813453] tpm tpm0: Operation Canceled
[   39.814150] tpm tpm2: Operation Canceled
[   39.817270] tpm tpm0: Operation Canceled
[   39.820886] tpm tpm0: Operation Canceled
[   39.822991] tpm tpm0: Operation Canceled
[   39.824737] tpm tpm0: Operation Canceled
[   39.827284] tpm tpm2: Operation Canceled
[   39.828431] tpm tpm1: Operation Canceled
[   39.829496] tpm tpm3: Operation Canceled
[   39.829634] tpm tpm0: Operation Canceled
[   39.836956] tpm tpm0: Operation Canceled
[   39.838846] tpm tpm0: Operation Canceled
[   39.847636] tpm tpm0: Operation Canceled
[   39.849661] tpm tpm0: Operation Canceled
[   39.857014] tpm tpm0: Operation Canceled
[   39.859232] tpm tpm0: Operation Canceled
[   39.860211] tpm tpm1: Operation Canceled
[   39.864280] tpm tpm0: Operation Canceled
[   39.865859] tpm tpm1: Operation Canceled
[   39.865900] tpm tpm0: Operation Canceled
[   39.868985] tpm tpm0: Operation Canceled
[   39.871113] tpm tpm2: Operation Canceled
[   39.874584] tpm tpm0: Operation Canceled
[   39.876520] tpm tpm0: Operation Canceled
[   39.877740] tpm tpm2: Operation Canceled
[   39.879770] tpm tpm0: Operation Canceled
[   39.884326] tpm tpm0: Operation Canceled
[   39.887505] tpm tpm0: Operation Canceled
[   39.893914] tpm tpm0: Operation Canceled
[   39.893973] tpm tpm2: Operation Canceled
[   39.898558] tpm tpm5: Operation Canceled
[   39.899813] tpm tpm2: Operation Canceled
[   39.902605] tpm tpm0: Operation Canceled
[   39.905045] tpm tpm1: Operation Canceled
[   39.907922] tpm tpm0: Operation Canceled
[   39.909566] tpm tpm0: Operation Canceled
[   39.911928] tpm tpm2: Operation Canceled
[   39.918801] tpm tpm0: Operation Canceled
[   39.918897] tpm tpm1: Operation Canceled
[   39.928332] tpm tpm0: Operation Canceled
[   39.932636] tpm tpm0: Operation Canceled
[   39.934318] tpm tpm2: Operation Canceled
[   39.936947] tpm tpm0: Operation Canceled
[   39.938983] tpm tpm3: Operation Canceled
[   39.942521] tpm tpm2: Operation Canceled
[   39.943271] tpm tpm0: Operation Canceled
[   39.944565] tpm tpm2: Operation Canceled
[   39.946982] tpm tpm4: Operation Canceled
[   39.951887] tpm tpm1: Operation Canceled
[   39.952560] tpm tpm0: Operation Canceled
[   39.956929] tpm tpm0: Operation Canceled
[   39.958841] tpm tpm0: Operation Canceled
[   39.962139] tpm tpm0: Operation Canceled
[   39.965047] tpm tpm0: Operation Canceled
[   39.966250] tpm tpm1: Operation Canceled
[   39.968226] tpm tpm1: Operation Canceled
[   39.969646] tpm tpm2: Operation Canceled
[   39.973754] tpm tpm0: Operation Canceled
[   39.976587] tpm tpm0: Operation Canceled
[   39.980975] tpm tpm0: Operation Canceled
[   39.982513] tpm tpm0: Operation Canceled
[   39.986911] tpm tpm3: Operation Canceled
[   39.987408] tpm tpm0: Operation Canceled
[   39.991122] tpm tpm0: Operation Canceled
[   39.995727] tpm tpm0: Operation Canceled
[   39.998774] tpm tpm3: Operation Canceled
[   39.999213] tpm tpm0: Operation Canceled
[   40.002848] tpm tpm0: Operation Canceled
[   40.005959] tpm tpm0: Operation Canceled
[   40.006246] tpm tpm1: Operation Canceled
[   40.009452] tpm tpm0: Operation Canceled
[   40.011786] tpm tpm4: Operation Canceled
[   40.016183] tpm tpm0: Operation Canceled
[   40.017237] tpm tpm3: Operation Canceled
[   40.020477] tpm tpm0: Operation Canceled
[   40.026309] tpm tpm0: Operation Canceled
[   40.027278] tpm tpm4: Operation Canceled
[   40.029523] tpm tpm6: Operation Canceled
[   40.035460] tpm tpm0: Operation Canceled
[   40.038323] tpm tpm3: Operation Canceled
[   40.038743] tpm tpm0: Operation Canceled
[   40.041189] tpm tpm0: Operation Canceled
[   40.041686] tpm tpm4: Operation Canceled
[   40.043036] tpm tpm2: Operation Canceled
[   40.044865] tpm tpm0: Operation Canceled
[   40.048150] tpm tpm0: Operation Canceled
[   40.049008] tpm tpm1: Operation Canceled
[   40.051853] tpm tpm0: Operation Canceled
[   40.053893] tpm tpm1: Operation Canceled
[   40.054678] tpm tpm4: Operation Canceled
[   40.058298] tpm tpm0: Operation Canceled
[   40.063867] tpm tpm0: Operation Canceled
[   40.064689] tpm tpm4: Operation Canceled
[   40.068340] tpm tpm5: Operation Canceled
[   40.073203] tpm tpm0: Operation Canceled
[   40.074383] tpm tpm5: Operation Canceled
[   40.082574] tpm tpm0: Operation Canceled
[   40.083262] tpm tpm3: Operation Canceled
[   40.089650] tpm tpm2: Operation Canceled
