c[?7l[2J[0mSeaBIOS (version rel-1.14.0-0-g155821a1990b-prebuilt.qemu.org)


iPXE (http://ipxe.org) 00:03.0 CA00 PCI2.10 PnP PMM+7FF8F030+7FEEF030 CA00
Press Ctrl-B to configure iPXE (PCI 00:03.0)...                                                                               


Booting from ROM..c[?7l[2J[    0.000000] Linux version 6.3.0-548eb516ec0f+ (root@p-mtlp02) (gcc (GCC) 8.5.0 20210514 (Red Hat 8.5.0-18), GNU ld version 2.36.1-2.el8) #1 SMP PREEMPT_DYNAMIC Tue Apr 25 19:32:09 CST 2023
[    0.000000] Command line: console=ttyS0 root=/dev/sda earlyprintk=serial net.ifnames=0
[    0.000000] KERNEL supported cpus:
[    0.000000]   Intel GenuineIntel
[    0.000000]   AMD AuthenticAMD
[    0.000000]   Hygon HygonGenuine
[    0.000000]   Centaur CentaurHauls
[    0.000000]   zhaoxin   Shanghai  
[    0.000000] x86/split lock detection: #DB: warning on user-space bus_locks
[    0.000000] x86/fpu: Supporting XSAVE feature 0x001: 'x87 floating point registers'
[    0.000000] x86/fpu: Supporting XSAVE feature 0x002: 'SSE registers'
[    0.000000] x86/fpu: Supporting XSAVE feature 0x004: 'AVX registers'
[    0.000000] x86/fpu: Supporting XSAVE feature 0x200: 'Protection Keys User registers'
[    0.000000] x86/fpu: xstate_offset[2]:  576, xstate_sizes[2]:  256
[    0.000000] x86/fpu: xstate_offset[9]:  832, xstate_sizes[9]:    8
[    0.000000] x86/fpu: Enabled xstate features 0x207, context size is 840 bytes, using 'compacted' format.
[    0.000000] signal: max sigframe size: 3632
[    0.000000] BIOS-provided physical RAM map:
[    0.000000] BIOS-e820: [mem 0x0000000000000000-0x000000000009fbff] usable
[    0.000000] BIOS-e820: [mem 0x000000000009fc00-0x000000000009ffff] reserved
[    0.000000] BIOS-e820: [mem 0x00000000000f0000-0x00000000000fffff] reserved
[    0.000000] BIOS-e820: [mem 0x0000000000100000-0x000000007ffdffff] usable
[    0.000000] BIOS-e820: [mem 0x000000007ffe0000-0x000000007fffffff] reserved
[    0.000000] BIOS-e820: [mem 0x00000000feffc000-0x00000000feffffff] reserved
[    0.000000] BIOS-e820: [mem 0x00000000fffc0000-0x00000000ffffffff] reserved
[    0.000000] printk: bootconsole [earlyser0] enabled
[    0.000000] NX (Execute Disable) protection: active
[    0.000000] SMBIOS 2.8 present.
[    0.000000] DMI: QEMU Standard PC (i440FX + PIIX, 1996), BIOS rel-1.14.0-0-g155821a1990b-prebuilt.qemu.org 04/01/2014
[    0.000000] Hypervisor detected: KVM
[    0.000000] kvm-clock: Using msrs 4b564d01 and 4b564d00
[    0.000004] kvm-clock: using sched offset of 516493397 cycles
[    0.000442] clocksource: kvm-clock: mask: 0xffffffffffffffff max_cycles: 0x1cd42e4dffb, max_idle_ns: 881590591483 ns
[    0.001837] tsc: Detected 3072.000 MHz processor
[    0.004000] last_pfn = 0x7ffe0 max_arch_pfn = 0x400000000
[    0.004000] x86/PAT: Configuration [0-7]: WB  WC  UC- UC  WB  WP  UC- WT  
[    0.004000] found SMP MP-table at [mem 0x000f5a90-0x000f5a9f]
[    0.004000] Using GB pages for direct mapping
[    0.004000] ACPI: Early table checksum verification disabled
[    0.004000] ACPI: RSDP 0x00000000000F5870 000014 (v00 BOCHS )
[    0.004000] ACPI: RSDT 0x000000007FFE1959 000034 (v01 BOCHS  BXPC     00000001 BXPC 00000001)
[    0.004000] ACPI: FACP 0x000000007FFE1805 000074 (v01 BOCHS  BXPC     00000001 BXPC 00000001)
[    0.004000] ACPI: DSDT 0x000000007FFE0040 0017C5 (v01 BOCHS  BXPC     00000001 BXPC 00000001)
[    0.004000] ACPI: FACS 0x000000007FFE0000 000040
[    0.004000] ACPI: APIC 0x000000007FFE1879 000080 (v01 BOCHS  BXPC     00000001 BXPC 00000001)
[    0.004000] ACPI: HPET 0x000000007FFE18F9 000038 (v01 BOCHS  BXPC     00000001 BXPC 00000001)
[    0.004000] ACPI: WAET 0x000000007FFE1931 000028 (v01 BOCHS  BXPC     00000001 BXPC 00000001)
[    0.004000] ACPI: Reserving FACP table memory at [mem 0x7ffe1805-0x7ffe1878]
[    0.004000] ACPI: Reserving DSDT table memory at [mem 0x7ffe0040-0x7ffe1804]
[    0.004000] ACPI: Reserving FACS table memory at [mem 0x7ffe0000-0x7ffe003f]
[    0.004000] ACPI: Reserving APIC table memory at [mem 0x7ffe1879-0x7ffe18f8]
[    0.004000] ACPI: Reserving HPET table memory at [mem 0x7ffe18f9-0x7ffe1930]
[    0.004000] ACPI: Reserving WAET table memory at [mem 0x7ffe1931-0x7ffe1958]
[    0.004000] No NUMA configuration found
[    0.004000] Faking a node at [mem 0x0000000000000000-0x000000007ffdffff]
[    0.004000] NODE_DATA(0) allocated [mem 0x7ffb5000-0x7ffdffff]
[    0.004000] Zone ranges:
[    0.004000]   DMA      [mem 0x0000000000001000-0x0000000000ffffff]
[    0.004000]   DMA32    [mem 0x0000000001000000-0x000000007ffdffff]
[    0.004000]   Normal   empty
[    0.004000]   Device   empty
[    0.004000] Movable zone start for each node
[    0.004000] Early memory node ranges
[    0.004000]   node   0: [mem 0x0000000000001000-0x000000000009efff]
[    0.004000]   node   0: [mem 0x0000000000100000-0x000000007ffdffff]
[    0.004000] Initmem setup node 0 [mem 0x0000000000001000-0x000000007ffdffff]
[    0.004000] On node 0, zone DMA: 1 pages in unavailable ranges
[    0.004000] On node 0, zone DMA: 97 pages in unavailable ranges
[    0.004000] On node 0, zone DMA32: 32 pages in unavailable ranges
[    0.004000] ACPI: PM-Timer IO Port: 0x608
[    0.004000] ACPI: LAPIC_NMI (acpi_id[0xff] dfl dfl lint[0x1])
[    0.004000] IOAPIC[0]: apic_id 0, version 17, address 0xfec00000, GSI 0-23
[    0.004000] ACPI: INT_SRC_OVR (bus 0 bus_irq 0 global_irq 2 dfl dfl)
[    0.004000] ACPI: INT_SRC_OVR (bus 0 bus_irq 5 global_irq 5 high level)
[    0.004000] ACPI: INT_SRC_OVR (bus 0 bus_irq 9 global_irq 9 high level)
[    0.004000] ACPI: INT_SRC_OVR (bus 0 bus_irq 10 global_irq 10 high level)
[    0.004000] ACPI: INT_SRC_OVR (bus 0 bus_irq 11 global_irq 11 high level)
[    0.004000] ACPI: Using ACPI (MADT) for SMP configuration information
[    0.004000] ACPI: HPET id: 0x8086a201 base: 0xfed00000
[    0.004000] TSC deadline timer available
[    0.004000] smpboot: Allowing 2 CPUs, 0 hotplug CPUs
[    0.004000] kvm-guest: KVM setup pv remote TLB flush
[    0.004000] kvm-guest: setup PV sched yield
[    0.004000] PM: hibernation: Registered nosave memory: [mem 0x00000000-0x00000fff]
[    0.004000] PM: hibernation: Registered nosave memory: [mem 0x0009f000-0x0009ffff]
[    0.004000] PM: hibernation: Registered nosave memory: [mem 0x000a0000-0x000effff]
[    0.004000] PM: hibernation: Registered nosave memory: [mem 0x000f0000-0x000fffff]
[    0.004000] [mem 0x80000000-0xfeffbfff] available for PCI devices
[    0.004000] Booting paravirtualized kernel on KVM
[    0.004000] clocksource: refined-jiffies: mask: 0xffffffff max_cycles: 0xffffffff, max_idle_ns: 7645519600211568 ns
[    0.004000] setup_percpu: NR_CPUS:8192 nr_cpumask_bits:2 nr_cpu_ids:2 nr_node_ids:1
[    0.004000] percpu: Embedded 65 pages/cpu s229376 r8192 d28672 u1048576
[    0.004000] kvm-guest: PV spinlocks enabled
[    0.004000] PV qspinlock hash table entries: 256 (order: 0, 4096 bytes, linear)
[    0.004000] Fallback order for Node 0: 0 
[    0.004000] Built 1 zonelists, mobility grouping on.  Total pages: 515808
[    0.004000] Policy zone: DMA32
[    0.004000] Kernel command line: net.ifnames=0 console=ttyS0 root=/dev/sda earlyprintk=serial net.ifnames=0
[    0.004000] random: crng init done
[    0.004000] Dentry cache hash table entries: 262144 (order: 9, 2097152 bytes, linear)
[    0.004000] Inode-cache hash table entries: 131072 (order: 8, 1048576 bytes, linear)
[    0.004000] mem auto-init: stack:off, heap alloc:off, heap free:off
[    0.004000] Memory: 1966944K/2096632K available (34816K kernel code, 4558K rwdata, 9768K rodata, 10364K init, 31912K bss, 129432K reserved, 0K cma-reserved)
[    0.004000] SLUB: HWalign=64, Order=0-3, MinObjects=0, CPUs=2, Nodes=1
[    0.004000] kmemleak: Kernel memory leak detector disabled
[    0.004000] ftrace: allocating 68595 entries in 268 pages
[    0.004000] ftrace: allocated 268 pages with 3 groups
[    0.004000] Dynamic Preempt: voluntary
[    0.004000] Running RCU self tests
[    0.004000] Running RCU synchronous self tests
[    0.004000] rcu: Preemptible hierarchical RCU implementation.
[    0.004000] rcu: 	RCU lockdep checking is enabled.
[    0.004000] rcu: 	RCU restricting CPUs from NR_CPUS=8192 to nr_cpu_ids=2.
[    0.004000] 	Trampoline variant of Tasks RCU enabled.
[    0.004000] 	Rude variant of Tasks RCU enabled.
[    0.004000] 	Tracing variant of Tasks RCU enabled.
[    0.004000] rcu: RCU calculated value of scheduler-enlistment delay is 25 jiffies.
[    0.004000] rcu: Adjusting geometry for rcu_fanout_leaf=16, nr_cpu_ids=2
[    0.004000] Running RCU synchronous self tests
[    0.004000] NR_IRQS: 524544, nr_irqs: 440, preallocated irqs: 16
[    0.004000] rcu: srcu_init: Setting srcu_struct sizes based on contention.
[    0.004000] Console: colour VGA+ 80x25
[    0.004000] printk: console [ttyS0] enabled
[    0.004000] printk: console [ttyS0] enabled
[    0.004000] printk: bootconsole [earlyser0] disabled
[    0.004000] printk: bootconsole [earlyser0] disabled
[    0.004000] Lock dependency validator: Copyright (c) 2006 Red Hat, Inc., Ingo Molnar
[    0.004000] ... MAX_LOCKDEP_SUBCLASSES:  8
[    0.004000] ... MAX_LOCK_DEPTH:          48
[    0.004000] ... MAX_LOCKDEP_KEYS:        8192
[    0.004000] ... CLASSHASH_SIZE:          4096
[    0.004000] ... MAX_LOCKDEP_ENTRIES:     32768
[    0.004000] ... MAX_LOCKDEP_CHAINS:      65536
[    0.004000] ... CHAINHASH_SIZE:          32768
[    0.004000]  memory used by lock dependency info: 6365 kB
[    0.004000]  memory used for stack traces: 4224 kB
[    0.004000]  per task-struct memory footprint: 1920 bytes
[    0.004000] ACPI: Core revision 20221020
[    0.004000] clocksource: hpet: mask: 0xffffffff max_cycles: 0xffffffff, max_idle_ns: 19112604467 ns
[    0.004000] APIC: Switch to symmetric I/O mode setup
[    0.004000] x2apic enabled
[    0.004000] Switched APIC routing to physical x2apic.
[    0.004000] kvm-guest: setup PV IPIs
[    0.004000] ..TIMER: vector=0x30 apic1=0 pin1=2 apic2=-1 pin2=-1
[    0.004000] clocksource: tsc-early: mask: 0xffffffffffffffff max_cycles: 0x2c47f5688fc, max_idle_ns: 440795305069 ns
[    0.214169] Calibrating delay loop (skipped) preset value.. 6144.00 BogoMIPS (lpj=12288000)
[    0.214874] pid_max: default: 32768 minimum: 301
[    0.215351] LSM: initializing lsm=capability,yama,integrity
[    0.215849] Yama: becoming mindful.
[    0.216349] Mount-cache hash table entries: 4096 (order: 3, 32768 bytes, linear)
[    0.216981] Mountpoint-cache hash table entries: 4096 (order: 3, 32768 bytes, linear)
[    0.219383] CPU0: Thermal monitoring enabled (TM1)
[    0.221327] x86/cpu: User Mode Instruction Prevention (UMIP) activated
[    0.222534] Last level iTLB entries: 4KB 0, 2MB 0, 4MB 0
[    0.223038] Last level dTLB entries: 4KB 0, 2MB 0, 4MB 0, 1GB 0
[    0.223577] Spectre V1 : Mitigation: usercopy/swapgs barriers and __user pointer sanitization
[    0.224291] Spectre V2 : WARNING: Unprivileged eBPF is enabled with eIBRS on, data leaks possible via Spectre v2 BHB attacks!
[    0.225208] Spectre V2 : Mitigation: Enhanced / Automatic IBRS
[    0.225674] Spectre V2 : Spectre v2 / SpectreRSB mitigation: Filling RSB on context switch
[    0.226155] Spectre V2 : Spectre v2 / PBRSB-eIBRS: Retire a single CALL on VMEXIT
[    0.226763] Spectre V2 : mitigation: Enabling conditional Indirect Branch Prediction Barrier
[    0.227440] Speculative Store Bypass: Mitigation: Speculative Store Bypass disabled via prctl
[    0.228143] MMIO Stale Data: Unknown: No mitigations
[    0.349240] Freeing SMP alternatives memory: 56K
[    0.349701] Running RCU synchronous self tests
[    0.350063] Running RCU synchronous self tests
[    0.350666] smpboot: CPU0: Genuine Intel(R) 0000 (family: 0x6, model: 0xaa, stepping: 0x2)
[    0.351870] cblist_init_generic: Setting adjustable number of callback queues.
[    0.352467] cblist_init_generic: Setting shift to 1 and lim to 1.
[    0.353008] cblist_init_generic: Setting shift to 1 and lim to 1.
[    0.353554] cblist_init_generic: Setting shift to 1 and lim to 1.
[    0.354148] Running RCU-tasks wait API self tests
[    0.458380] Performance Events: unsupported p6 CPU model 170 no PMU driver, software events only.
[    0.459383] rcu: Hierarchical SRCU implementation.
[    0.459774] rcu: 	Max phase no-delay instances is 1000.
[    0.461743] NMI watchdog: Perf NMI watchdog permanently disabled
[    0.462384] smp: Bringing up secondary CPUs ...
[    0.463261] x86: Booting SMP configuration:
[    0.463618] .... node  #0, CPUs:      #1
[    0.206150] smpboot: CPU 1 Converting physical 0 to logical die 1
[    0.466425] smp: Brought up 1 node, 2 CPUs
[    0.466775] smpboot: Max logical packages: 2
[    0.467122] smpboot: Total of 2 processors activated (12288.00 BogoMIPS)
[    0.472349] devtmpfs: initialized
[    0.472349] x86/mm: Memory block size: 128MB
[    0.474174] Callback from call_rcu_tasks_trace() invoked.
[    0.476453] Running RCU synchronous self tests
[    0.476453] Running RCU synchronous self tests
[    0.476453] clocksource: jiffies: mask: 0xffffffff max_cycles: 0xffffffff, max_idle_ns: 7645041785100000 ns
[    0.478165] futex hash table entries: 512 (order: 4, 65536 bytes, linear)
[    0.478999] pinctrl core: initialized pinctrl subsystem
[    0.479951] 
[    0.480082] *************************************************************
[    0.480631] **     NOTICE NOTICE NOTICE NOTICE NOTICE NOTICE NOTICE    **
[    0.481137] **                                                         **
[    0.481640] **  IOMMU DebugFS SUPPORT HAS BEEN ENABLED IN THIS KERNEL  **
[    0.482164] **                                                         **
[    0.482665] ** This means that this kernel is built to expose internal **
[    0.483169] ** IOMMU data structures, which may compromise security on **
[    0.483674] ** your system.                                            **
[    0.484178] **                                                         **
[    0.484707] ** If you see this message and you are not debugging the   **
[    0.485213] ** kernel, report this immediately to your vendor!         **
[    0.485838] **                                                         **
[    0.486154] **     NOTICE NOTICE NOTICE NOTICE NOTICE NOTICE NOTICE    **
[    0.486668] *************************************************************
[    0.487258] PM: RTC time: 06:02:45, date: 2023-04-26
[    0.491722] NET: Registered PF_NETLINK/PF_ROUTE protocol family
[    0.492772] DMA: preallocated 256 KiB GFP_KERNEL pool for atomic allocations
[    0.493361] DMA: preallocated 256 KiB GFP_KERNEL|GFP_DMA pool for atomic allocations
[    0.493994] DMA: preallocated 256 KiB GFP_KERNEL|GFP_DMA32 pool for atomic allocations
[    0.494203] audit: initializing netlink subsys (disabled)
[    0.494742] audit: type=2000 audit(1682488965.081:1): state=initialized audit_enabled=0 res=1
[    0.494846] thermal_sys: Registered thermal governor 'fair_share'
[    0.494890] thermal_sys: Registered thermal governor 'bang_bang'
[    0.495395] thermal_sys: Registered thermal governor 'step_wise'
[    0.495881] thermal_sys: Registered thermal governor 'user_space'
[    0.496414] cpuidle: using governor ladder
[    0.497261] cpuidle: using governor menu
[    0.498773] acpiphp: ACPI Hot Plug PCI Controller Driver version: 0.5
[    0.499597] PCI: Using configuration type 1 for base access
[    0.500933] kprobes: kprobe jump-optimization is enabled. All kprobes are optimized if possible.
[    0.766679] HugeTLB: registered 1.00 GiB page size, pre-allocated 0 pages
[    0.767285] HugeTLB: 16380 KiB vmemmap can be freed for a 1.00 GiB page
[    0.767818] HugeTLB: registered 2.00 MiB page size, pre-allocated 0 pages
[    0.768359] HugeTLB: 28 KiB vmemmap can be freed for a 2.00 MiB page
[    0.772962] ACPI: Added _OSI(Module Device)
[    0.773341] ACPI: Added _OSI(Processor Device)
[    0.773717] ACPI: Added _OSI(3.0 _SCP Extensions)
[    0.774100] ACPI: Added _OSI(Processor Aggregator Device)
[    0.779046] ACPI: 1 ACPI AML tables successfully acquired and loaded
[    3.718789] Callback from call_rcu_tasks_rude() invoked.
[    3.720560] ACPI: Interpreter enabled
[    3.721224] ACPI: PM: (supports S0 S3 S4 S5)
[    3.722161] ACPI: Using IOAPIC for interrupt routing
[    3.722303] PCI: Using host bridge windows from ACPI; if necessary, use "pci=nocrs" and report a bug
[    3.723377] PCI: Using E820 reservations for host bridge windows
[    3.724858] ACPI: Enabled 2 GPEs in block 00 to 0F
[    3.742269] Callback from call_rcu_tasks() invoked.
[    3.744152] ACPI: PCI Root Bridge [PCI0] (domain 0000 [bus 00-ff])
[    3.745013] acpi PNP0A03:00: _OSC: OS supports [ASPM ClockPM Segments MSI EDR HPX-Type3]
[    3.746019] acpi PNP0A03:00: _OSC: not requesting OS control; OS requires [ExtendedConfig ASPM ClockPM MSI]
[    3.746237] acpi PNP0A03:00: fail to add MMCONFIG information, can't access extended configuration space under this bridge
[    3.750259] acpiphp: Slot [3] registered
[    3.750825] acpiphp: Slot [4] registered
[    3.751366] acpiphp: Slot [5] registered
[    3.751905] acpiphp: Slot [6] registered
[    3.752442] acpiphp: Slot [7] registered
[    3.752982] acpiphp: Slot [8] registered
[    3.753523] acpiphp: Slot [9] registered
[    3.754071] acpiphp: Slot [10] registered
[    3.754226] acpiphp: Slot [11] registered
[    3.754690] acpiphp: Slot [12] registered
[    3.755162] acpiphp: Slot [13] registered
[    3.755633] acpiphp: Slot [14] registered
[    3.756105] acpiphp: Slot [15] registered
[    3.756576] acpiphp: Slot [16] registered
[    3.757029] acpiphp: Slot [17] registered
[    3.757486] acpiphp: Slot [18] registered
[    3.757938] acpiphp: Slot [19] registered
[    3.758219] acpiphp: Slot [20] registered
[    3.758664] acpiphp: Slot [21] registered
[    3.759111] acpiphp: Slot [22] registered
[    3.759549] acpiphp: Slot [23] registered
[    3.759985] acpiphp: Slot [24] registered
[    3.760417] acpiphp: Slot [25] registered
[    3.760851] acpiphp: Slot [26] registered
[    3.761273] acpiphp: Slot [27] registered
[    3.761706] acpiphp: Slot [28] registered
[    3.762133] acpiphp: Slot [29] registered
[    3.762215] acpiphp: Slot [30] registered
[    3.762635] acpiphp: Slot [31] registered
[    3.763016] PCI host bridge to bus 0000:00
[    3.763383] pci_bus 0000:00: root bus resource [io  0x0000-0x0cf7 window]
[    3.763978] pci_bus 0000:00: root bus resource [io  0x0d00-0xffff window]
[    3.764583] pci_bus 0000:00: root bus resource [mem 0x000a0000-0x000bffff window]
[    3.765243] pci_bus 0000:00: root bus resource [mem 0x80000000-0xfebfffff window]
[    3.765916] pci_bus 0000:00: root bus resource [mem 0x100000000-0x17fffffff window]
[    3.766157] pci_bus 0000:00: root bus resource [bus 00-ff]
[    3.766739] pci 0000:00:00.0: [8086:1237] type 00 class 0x060000
[    3.770210] pci 0000:00:01.0: [8086:7000] type 00 class 0x060100
[    3.771479] pci 0000:00:01.1: [8086:7010] type 00 class 0x010180
[    3.773979] pci 0000:00:01.1: reg 0x20: [io  0xc040-0xc04f]
[    3.774853] pci 0000:00:01.1: legacy IDE quirk: reg 0x10: [io  0x01f0-0x01f7]
[    3.775519] pci 0000:00:01.1: legacy IDE quirk: reg 0x14: [io  0x03f6]
[    3.776128] pci 0000:00:01.1: legacy IDE quirk: reg 0x18: [io  0x0170-0x0177]
[    3.776791] pci 0000:00:01.1: legacy IDE quirk: reg 0x1c: [io  0x0376]
[    3.777748] pci 0000:00:01.3: [8086:7113] type 00 class 0x068000
[    3.778477] pci 0000:00:01.3: quirk: [io  0x0600-0x063f] claimed by PIIX4 ACPI
[    3.779128] pci 0000:00:01.3: quirk: [io  0x0700-0x070f] claimed by PIIX4 SMB
[    3.780032] pci 0000:00:02.0: [1234:1111] type 00 class 0x030000
[    3.787098] pci 0000:00:02.0: reg 0x10: [mem 0xfd000000-0xfdffffff pref]
[    3.792237] pci 0000:00:02.0: reg 0x18: [mem 0xfebf0000-0xfebf0fff]
[    3.797116] pci 0000:00:02.0: reg 0x30: [mem 0xfebe0000-0xfebeffff pref]
[    3.798058] pci 0000:00:02.0: Video device with shadowed ROM at [mem 0x000c0000-0x000dffff]
[    3.801168] pci 0000:00:03.0: [8086:100e] type 00 class 0x020000
[    3.802159] pci 0000:00:03.0: reg 0x10: [mem 0xfebc0000-0xfebdffff]
[    3.803253] pci 0000:00:03.0: reg 0x14: [io  0xc000-0xc03f]
[    3.806598] pci 0000:00:03.0: reg 0x30: [mem 0xfeb80000-0xfebbffff pref]
[    3.818280] ACPI: PCI: Interrupt link LNKA configured for IRQ 10
[    3.819116] ACPI: PCI: Interrupt link LNKB configured for IRQ 10
[    3.819911] ACPI: PCI: Interrupt link LNKC configured for IRQ 11
[    3.820751] ACPI: PCI: Interrupt link LNKD configured for IRQ 11
[    3.821386] ACPI: PCI: Interrupt link LNKS configured for IRQ 9
[    3.823156] iommu: Default domain type: Translated 
[    3.823156] iommu: DMA domain TLB invalidation policy: lazy mode 
[    3.824304] SCSI subsystem initialized
[    3.826361] ACPI: bus type USB registered
[    3.826751] usbcore: registered new interface driver usbfs
[    3.827234] usbcore: registered new interface driver hub
[    3.830176] usbcore: registered new device driver usb
[    3.830176] pps_core: LinuxPPS API ver. 1 registered
[    3.830176] pps_core: Software ver. 5.3.6 - Copyright 2005-2007 Rodolfo Giometti <giometti@linux.it>
[    3.830176] PTP clock support registered
[    3.830256] EDAC MC: Ver: 3.0.0
[    3.834167] NetLabel: Initializing
[    3.834167] NetLabel:  domain hash size = 128
[    3.834167] NetLabel:  protocols = UNLABELED CIPSOv4 CALIPSO
[    3.834167] NetLabel:  unlabeled traffic allowed by default
[    3.835274] PCI: Using ACPI for IRQ routing
[    3.835965] pci 0000:00:02.0: vgaarb: setting as boot VGA device
[    3.836473] pci 0000:00:02.0: vgaarb: bridge control possible
[    3.836948] pci 0000:00:02.0: vgaarb: VGA device added: decodes=io+mem,owns=io+mem,locks=none
[    3.837644] vgaarb: loaded
[    3.838611] hpet0: at MMIO 0xfed00000, IRQs 2, 8, 0
[    3.839038] hpet0: 3 comparators, 64-bit 100.000000 MHz counter
[    3.842394] clocksource: Switched to clocksource kvm-clock
[    3.971465] VFS: Disk quotas dquot_6.6.0
[    3.971878] VFS: Dquot-cache hash table entries: 512 (order 0, 4096 bytes)
[    3.972773] pnp: PnP ACPI init
[    3.974815] pnp: PnP ACPI: found 6 devices
[    3.990034] clocksource: acpi_pm: mask: 0xffffff max_cycles: 0xffffff, max_idle_ns: 2085701024 ns
[    3.991095] NET: Registered PF_INET protocol family
[    3.991746] IP idents hash table entries: 32768 (order: 6, 262144 bytes, linear)
[    3.993459] tcp_listen_portaddr_hash hash table entries: 1024 (order: 4, 73728 bytes, linear)
[    3.994224] Table-perturb hash table entries: 65536 (order: 6, 262144 bytes, linear)
[    3.994846] TCP established hash table entries: 16384 (order: 5, 131072 bytes, linear)
[    3.995747] TCP bind hash table entries: 16384 (order: 9, 2359296 bytes, linear)
[    3.998839] TCP: Hash tables configured (established 16384 bind 16384)
[    3.999572] UDP hash table entries: 1024 (order: 5, 163840 bytes, linear)
[    4.000238] UDP-Lite hash table entries: 1024 (order: 5, 163840 bytes, linear)
[    4.001043] NET: Registered PF_UNIX/PF_LOCAL protocol family
[    4.002125] RPC: Registered named UNIX socket transport module.
[    4.002820] RPC: Registered udp transport module.
[    4.003339] RPC: Registered tcp transport module.
[    4.003838] RPC: Registered tcp NFSv4.1 backchannel transport module.
[    4.004570] pci_bus 0000:00: resource 4 [io  0x0000-0x0cf7 window]
[    4.005250] pci_bus 0000:00: resource 5 [io  0x0d00-0xffff window]
[    4.005916] pci_bus 0000:00: resource 6 [mem 0x000a0000-0x000bffff window]
[    4.006687] pci_bus 0000:00: resource 7 [mem 0x80000000-0xfebfffff window]
[    4.007438] pci_bus 0000:00: resource 8 [mem 0x100000000-0x17fffffff window]
[    4.008542] pci 0000:00:01.0: PIIX3: Enabling Passive Release
[    4.009201] pci 0000:00:00.0: Limiting direct PCI/PCI transfers
[    4.009992] PCI: CLS 0 bytes, default 64
[    4.010543] ACPI: bus type thunderbolt registered
[    4.011505] clocksource: tsc: mask: 0xffffffffffffffff max_cycles: 0x2c47f5688fc, max_idle_ns: 440795305069 ns
[    4.015691] Initialise system trusted keyrings
[    4.016263] Key type blacklist registered
[    4.016885] workingset: timestamp_bits=36 max_order=19 bucket_order=0
[    4.017469] zbud: loaded
[    4.018392] squashfs: version 4.0 (2009/01/31) Phillip Lougher
[    4.019553] NFS: Registering the id_resolver key type
[    4.019977] Key type id_resolver registered
[    4.020317] Key type id_legacy registered
[    4.020678] nfs4filelayout_init: NFSv4 File Layout Driver Registering...
[    4.021244] nfs4flexfilelayout_init: NFSv4 Flexfile Layout Driver Registering...
[    4.021934] fuse: init (API version 7.38)
[    4.022583] SGI XFS with ACLs, security attributes, realtime, quota, no debug enabled
[    4.023803] 9p: Installing v9fs 9p2000 file system support
[    4.032672] Key type asymmetric registered
[    4.033084] Asymmetric key parser 'x509' registered
[    4.033661] Block layer SCSI generic (bsg) driver version 0.4 loaded (major 243)
[    4.034479] io scheduler mq-deadline registered
[    4.034893] io scheduler bfq registered
[    4.035704] shpchp: Standard Hot Plug PCI Controller Driver version: 0.4
[    4.036629] IPMI message handler: version 39.2
[    4.037048] ipmi device interface
[    4.038814] input: Power Button as /devices/LNXSYSTM:00/LNXPWRBN:00/input/input0
[    4.039691] ACPI: button: Power Button [PWRF]
[    4.040947] ERST DBG: ERST support is disabled.
[    4.041888] Serial: 8250/16550 driver, 32 ports, IRQ sharing enabled
[    4.043061] 00:04: ttyS0 at I/O 0x3f8 (irq = 4, base_baud = 115200) is a 16550A
[    4.050874] Linux agpgart interface v0.103
[    4.051972] ACPI: bus type drm_connector registered
[    4.063497] brd: module loaded
[    4.070283] loop: module loaded
[    4.075020] scsi host0: ata_piix
[    4.075789] scsi host1: ata_piix
[    4.076208] ata1: PATA max MWDMA2 cmd 0x1f0 ctl 0x3f6 bmdma 0xc040 irq 14
[    4.076754] ata2: PATA max MWDMA2 cmd 0x170 ctl 0x376 bmdma 0xc048 irq 15
[    4.078236] tun: Universal TUN/TAP device driver, 1.6
[    4.078781] e100: Intel(R) PRO/100 Network Driver
[    4.079173] e100: Copyright(c) 1999-2006 Intel Corporation
[    4.079650] e1000: Intel(R) PRO/1000 Network Driver
[    4.080049] e1000: Copyright (c) 1999-2006 Intel Corporation.
[    4.222774] ACPI: \_SB_.LNKC: Enabled at IRQ 11
[    4.234363] ata2: found unknown device (class 0)
[    4.235139] ata1: found unknown device (class 0)
[    4.236134] ata1.00: ATA-7: QEMU HARDDISK, 2.5+, max UDMA/100
[    4.236598] ata1.00: 16777216 sectors, multi 16: LBA48 
[    4.237207] ata2.00: ATAPI: QEMU DVD-ROM, 2.5+, max UDMA/100
[    4.239544] scsi 0:0:0:0: Direct-Access     ATA      QEMU HARDDISK    2.5+ PQ: 0 ANSI: 5
[    4.241146] sd 0:0:0:0: [sda] 16777216 512-byte logical blocks: (8.59 GB/8.00 GiB)
[    4.241791] sd 0:0:0:0: [sda] Write Protect is off
[    4.242241] sd 0:0:0:0: [sda] Write cache: enabled, read cache: enabled, doesn't support DPO or FUA
[    4.242603] sd 0:0:0:0: Attached scsi generic sg0 type 0
[    4.242985] sd 0:0:0:0: [sda] Preferred minimum I/O size 512 bytes
[    4.243937] scsi 1:0:0:0: CD-ROM            QEMU     QEMU DVD-ROM     2.5+ PQ: 0 ANSI: 5
[    4.267552] scsi 1:0:0:0: Attached scsi generic sg1 type 5
[    4.268456] sd 0:0:0:0: [sda] Attached SCSI disk
[    4.549526] e1000 0000:00:03.0 eth0: (PCI:33MHz:32-bit) 52:54:00:12:34:56
[    4.550110] e1000 0000:00:03.0 eth0: Intel(R) PRO/1000 Network Connection
[    4.550762] e1000e: Intel(R) PRO/1000 Network Driver
[    4.551160] e1000e: Copyright(c) 1999 - 2015 Intel Corporation.
[    4.551682] igb: Intel(R) Gigabit Ethernet Network Driver
[    4.552094] igb: Copyright (c) 2007-2014 Intel Corporation.
[    4.552596] PPP generic driver version 2.4.2
[    4.554145] VFIO - User Level meta-driver version: 0.3
[    4.555203] usbcore: registered new interface driver uas
[    4.555657] usbcore: registered new interface driver usb-storage
[    4.556267] i8042: PNP: PS/2 Controller [PNP0303:KBD,PNP0f13:MOU] at 0x60,0x64 irq 1,12
[    4.557935] serio: i8042 KBD port at 0x60,0x64 irq 1
[    4.558372] serio: i8042 AUX port at 0x60,0x64 irq 12
[    4.560133] mousedev: PS/2 mouse device common for all mice
[    4.561650] input: AT Translated Set 2 keyboard as /devices/platform/i8042/serio0/input/input1
[    4.562744] rtc_cmos 00:05: RTC can wake from S4
[    4.563640] input: VirtualPS/2 VMware VMMouse as /devices/platform/i8042/serio1/input/input4
[    4.565067] rtc_cmos 00:05: registered as rtc0
[    4.565549] rtc_cmos 00:05: setting system clock to 2023-04-26T06:02:49 UTC (1682488969)
[    4.566455] input: VirtualPS/2 VMware VMMouse as /devices/platform/i8042/serio1/input/input3
[    4.566459] rtc_cmos 00:05: alarms up to one day, y3k, 242 bytes nvram, hpet irqs
[    4.567772] i2c_dev: i2c /dev entries driver
[    4.568545] device-mapper: core: CONFIG_IMA_DISABLE_HTABLE is disabled. Duplicate IMA measurements will not be recorded in the IMA log.
[    4.569530] device-mapper: uevent: version 1.0.3
[    4.570093] device-mapper: ioctl: 4.47.0-ioctl (2022-07-28) initialised: dm-devel@redhat.com
[    4.570806] intel_pstate: CPU model not supported
[    4.571291] sdhci: Secure Digital Host Controller Interface driver
[    4.571783] sdhci: Copyright(c) Pierre Ossman
[    4.572196] sdhci-pltfm: SDHCI platform and OF driver helper
[    4.573047] ledtrig-cpu: registered to indicate activity on CPUs
[    4.573932] drop_monitor: Initializing network drop monitor service
[    4.574662] NET: Registered PF_INET6 protocol family
[    4.579762] Segment Routing with IPv6
[    4.580089] In-situ OAM (IOAM) with IPv6
[    4.580456] NET: Registered PF_PACKET protocol family
[    4.581066] 9pnet: Installing 9P2000 support
[    4.581488] Key type dns_resolver registered
[    4.582573] IPI shorthand broadcast: enabled
[    4.595371] sched_clock: Marking stable (4392003997, 202150077)->(4734677511, -140523437)
[    4.596625] registered taskstats version 1
[    4.597294] Loading compiled-in X.509 certificates
[    4.597817] zswap: loaded using pool lzo/zbud
[    4.611739] Key type .fscrypt registered
[    4.612065] Key type fscrypt-provisioning registered
[    4.614072] Key type encrypted registered
[    4.614454] ima: No TPM chip found, activating TPM-bypass!
[    4.614898] ima: Allocated hash algorithm: sha1
[    4.615310] ima: No architecture policies found
[    4.615752] evm: Initialising EVM extended attributes:
[    4.616196] evm: security.selinux
[    4.616472] evm: security.SMACK64
[    4.616741] evm: security.SMACK64EXEC
[    4.617037] evm: security.SMACK64TRANSMUTE
[    4.617368] evm: security.SMACK64MMAP
[    4.617664] evm: security.apparmor
[    4.617941] evm: security.ima
[    4.618202] evm: security.capability
[    4.618497] evm: HMAC attrs: 0x1
[    4.619994] PM:   Magic number: 3:537:14
[    4.620850] RAS: Correctable Errors collector initialized.
[    4.621943] md: Waiting for all devices to be available before autodetect
[    4.622310] md: If you don't use raid, use raid=noautodetect
[    4.622612] md: Autodetecting RAID arrays.
[    4.622839] md: autorun ...
[    4.622995] md: ... autorun DONE.
[    4.635352] EXT4-fs (sda): mounted filesystem 23a53bb9-f815-47a5-b74c-5e08f7731193 with ordered data mode. Quota mode: none.
[    4.636017] VFS: Mounted root (ext4 filesystem) readonly on device 8:0.
[    4.638276] devtmpfs: mounted
[    4.647135] Freeing unused decrypted memory: 2036K
[    4.653471] Freeing unused kernel image (initmem) memory: 10364K
[    4.653850] Write protecting the kernel read-only data: 45056k
[    4.655611] Freeing unused kernel image (rodata/data gap) memory: 472K
[    4.743309] x86/mm: Checked W+X mappings: passed, no W+X pages found.
[    4.743669] Run /sbin/init as init process
[    4.854595] systemd[1]: RTC configured in localtime, applying delta of 0 minutes to system time.
[    4.887960] systemd[1]: systemd 239 (239-49.el8) running in system mode. (+PAM +AUDIT +SELINUX +IMA -APPARMOR +SMACK +SYSVINIT +UTMP +LIBCRYPTSETUP +GCRYPT +GNUTLS +ACL +XZ +LZ4 +SECCOMP +BLKID +ELFUTILS +KMOD +IDN2 -IDN +PCRE2 default-hierarchy=legacy)
[    4.889224] systemd[1]: Detected virtualization kvm.
[    4.889482] systemd[1]: Detected architecture x86-64.

Welcome to [0;31mCentOS Stream 8[0m!

[    4.940292] systemd[1]: Set hostname to <test>.
[    5.213533] systemd[1]: Set up automount Arbitrary Executable File Formats File System Automount Point.
[[0;32m  OK  [0m] Set up automount Arbitrary Executabâ€¦rmats File System Automount Point.
[    5.215145] systemd[1]: Listening on udev Kernel Socket.
[[0;32m  OK  [0m] Listening on udev Kernel Socket.
[    5.216277] systemd[1]: Listening on Journal Socket (/dev/log).
[[0;32m  OK  [0m] Listening on Journal Socket (/dev/log).
[    5.217418] systemd[1]: Listening on Device-mapper event daemon FIFOs.
[[0;32m  OK  [0m] Listening on Device-mapper event daemon FIFOs.
[    5.220785] systemd[1]: Created slice User and Session Slice.
[[0;32m  OK  [0m] Created slice User and Session Slice.
[    5.221984] systemd[1]: Listening on Journal Socket.
[[0;32m  OK  [0m] Listening on Journal Socket.
         Mounting Huge Pages File System...
         Starting Remount Root and Kernel File Systems...
         Starting Journal Service...
         Starting Monitoring of LVM2 mirrorsâ€¦ng dmeventd or progress polling...
         Mounting POSIX Message Queue File System...
[[0;32m  OK  [0m] Listening on multipathd control socket.
         Mounting Kernel Debug File System...
[[0;32m  OK  [0m] Listening on initctl Compatibility Named Pipe.
[[0;32m  OK  [0m] Reached target Swap.
         Starting Load Kernel Modules...
         Starting Setup Virtual Console...
[[0;32m  OK  [0m] Listening on Process Core Dump Socket.
[[0;32m  OK  [0m] Listening on udev Control Socket.
         Starting udev Coldplug all Devices...
[[0;32m  OK  [0m] Created slice system-sshd\x2dkeygen.slice.
[[0;32m  OK  [0m] Created slice system-getty.slice.
[[0;32m  OK  [0m] Created slice system-serial\x2dgetty.slice.
[[0;32m  OK  [0m] Started Forward Password Requests to Wall Directory Watch.
[[0;32m  OK  [0m] Listening on LVM2 poll daemon socket.
[[0;32m  OK  [0m] Reached target Slices.
[[0;32m  OK  [0m] Listening on RPCbind Server Activation Socket.
[[0;32m  OK  [0m] Reached target RPC Port Mapper.
[[0;32m  OK  [0m] Started Journal Service.
[[0;32m  OK  [0m] Mounted Huge Pages File System.
[[0;32m  OK  [0m] Started Monitoring of LVM2 mirrors,â€¦sing dmeventd or progress polling.
[[0;32m  OK  [0m] Mounted POSIX Message Queue File System.
[[0;32m  OK  [0m] Mounted Kernel Debug File System.
[[0;1;31mFAILED[0m] Failed to start Load Kernel Modules.
See 'systemctl status systemd-modules-load.service' for details.
         Mounting Kernel Configuration File System...
         Mounting FUSE Control File System...
         Starting Apply Kernel Variables...
[[0;32m  OK  [[    5.558641] EXT4-fs (sda): re-mounted 23a53bb9-f815-47a5-b74c-5e08f7731193. Quota mode: none.
0m] Mounted Kernel Configuration File System.
[[0;32m  OK  [0m] Started Remount Root and Kernel File Systems.
[[0;32m  OK  [0m] Mounted FUSE Control File System.
[[0;32m  OK  [0m] Started Apply Kernel Variables.
         Starting Flush Journal to Persistent Storage...
         Starting Load/Save Random Seed...
         Starting Create Static Device Nodes in /dev...
[[0;32m  OK  [0m] Started Setup Virtual Console.
[[0;32m  OK  [0m] Started Load/Save Random Seed.
[[0;32m  OK  [0m] Started Flush Journal to Persistent Storage.
[[0;32m  OK  [0m] Started Create Static Device Nodes in /dev.
         Starting udev Kernel Device Manager...
[[0;32m  OK  [0m] Started udev Coldplug all Devices.
         Starting udev Wait for Complete Device Initialization...
[[0;32m  OK  [0m] Started udev Kernel Device Manager.
         Starting Show Plymouth Boot Screen...
[[0;32m  OK  [0m] Started Show Plymouth Boot Screen.
[[0;32m  OK  [0m] Started Forward Password Requests to Plymouth Directory Watch.
[[0;32m  OK  [0m] Reached target Local Encrypted Volumes.
[[0;32m  OK  [0m] Reached target Paths.
[[0;32m  OK  [0m] Found device /dev/ttyS0.
[[0;32m  OK  [0m] Started udev Wait for Complete Device Initialization.
[[0;32m  OK  [0m] Reached target Local File Systems (Pre).
[[0;32m  OK  [0m] Reached target Local File Systems.
         Starting Tell Plymouth To Write Out Runtime Data...
         Starting Create Volatile Files and Directories...
         Starting Restore /run/initramfs on shutdown...
[[0;32m  OK  [0m] Listening on Load/Save RF Kill Switch Status /dev/rfkill Watch.
[[0;32m  OK  [0m] Started Tell Plymouth To Write Out Runtime Data.
[[0;32m  OK  [0m] Started Restore /run/initramfs on shutdown.
[[0;32m  OK  [0m] Started Create Volatile Files and Directories.
         Mounting RPC Pipe File System...
         Starting RPC Bind...
         Starting Security Auditing Service...
[[0;32m  OK  [0m] Mounted RPC Pipe File System.
[[0;32m  OK  [0m] Reached target rpc_pipefs.target.
[[0;32m  OK  [0m] Started RPC Bind.
[[0;32m  OK  [0m] Started Security Auditing Service.
         Starting Update UTMP about System Boot/Shutdown...
[[0;32m  OK  [0m] Started Update UTMP about System Boot/Shutdown.
[[0;32m  OK  [0m] Reached target System Initialization.
[[0;32m  OK  [0m] Started dnf makecache --timer.
[[0;32m  OK  [0m] Listening on SSSD Kerberos Cache Manager responder socket.
[[0;32m  OK  [0m] Listening on D-Bus System Message Bus Socket.
[[0;32m  OK  [0m] Reached target Sockets.
[[0;32m  OK  [0m] Started Daily Cleanup of Temporary Directories.
[[0;32m  OK  [0m] Started daily update of the root trust anchor for DNSSEC.
[[0;32m  OK  [0m] Reached target Timers.
[[0;32m  OK  [0m] Reached target Basic System.
[[0;32m  OK  [0m] Started irqbalance daemon.
[[0;32m  OK  [0m] Reached target sshd-keygen.target.
         Starting NTP client/server...
         Starting Authorization Manager...
[[0;32m  OK  [0m] Started Machine Check Exception Logging Daemon.
         Starting Auto-connect to subsystemsâ€¦-NVME devices found during boot...
         Starting Self Monitoring and Reporting Technology (SMART) Daemon...
[[0;32m  OK  [0m] Started D-Bus System Message Bus.
         Starting Network Manager...
         Starting Login Service...
[[0;32m  OK  [0m] Started Self Monitoring and Reporting Technology (SMART) Daemon.
[[0;32m  OK  [0m] Started Auto-connect to subsystems â€¦FC-NVME devices found during boot.
         Starting update of the root trust aâ€¦or DNSSEC validation in unbound...
[[0;32m  OK  [0m] Started NTP client/server.
[[0;32m  OK  [0m] Started Login Service.
[[0;32m  OK  [0m] Started Network Manager.
[[0;32m  OK  [0m] Reached target Network.
         Starting GSSAPI Proxy Daemon...
         Starting Dynamic System Tuning Daemon...
         Starting OpenSSH server daemon...
         Starting Network Manager Wait Online...
[[0;32m  OK  [0m] Started update of the root trust anâ€¦ for DNSSEC validation in unbound.
[[0;32m  OK  [0m] Started GSSAPI Proxy Daemon.
[[0;32m  OK  [0m] Started Authorization Manager.
[[0;32m  OK  [0m] Reached target NFS client services.
[[0;32m  OK  [0m] Reached target Remote File Systems (Pre).
[[0;32m  OK  [0m] Reached target Remote File Systems.
         Starting Permit User Sessions...
         Starting Hostname Service...
[[0;32m  OK  [0m] Started OpenSSH server daemon.
[[0;32m  OK  [0m] Started Permit User Sessions.
         Starting Terminate Plymouth Boot Screen...
[[0;32m  OK  [0m] Started Command Scheduler.
         Starting Hold until boot process finishes up...
[[0;32m  OK  [0m] Started Terminate Plymouth Boot Screen.
[[0;32m  OK  [0m] Started Hold until boot process finishes up.
[    7.634440] e1000: eth0 NIC Link is Up 1000 Mbps Full Duplex, Flow Control: RX
[    7.635757] IPv6: ADDRCONF(NETDEV_CHANGE): eth0: link becomes ready
[    7.920376] Spectre V2 : WARNING: Unprivileged eBPF is enabled with eIBRS on, data leaks possible via Spectre v2 BHB attacks!
[    7.920987] Spectre V2 : WARNING: Unprivileged eBPF is enabled with eIBRS on, data leaks possible via Spectre v2 BHB attacks!

CentOS Stream 8
Kernel 6.3.0-548eb516ec0f+ on an x86_64

test login: [   24.586009] memfd_create() without MFD_EXEC nor MFD_NOEXEC_SEAL, pid=330 'systemd'
[   28.613845] cgroup: Unknown subsys name 'net'
[   28.619889] cgroup: Unknown subsys name 'rlimit'
[   36.521619] tpm tpm2: Operation Canceled
[   36.536390] tpm tpm0: Operation Canceled
[   36.550622] tpm tpm1: Operation Canceled
[   36.597232] tpm tpm3: Operation Canceled
[   36.631157] tpm tpm4: Operation Canceled
[   36.634093] tpm tpm5: Operation Canceled
[   36.639222] tpm tpm6: Operation Canceled
[   36.648086] tpm tpm5: Operation Canceled
[   36.652523] tpm tpm6: Operation Canceled
[   36.660375] tpm tpm5: Operation Canceled
