c[?7l[2J[0mSeaBIOS (version rel-1.14.0-0-g155821a1990b-prebuilt.qemu.org)


iPXE (http://ipxe.org) 00:03.0 CA00 PCI2.10 PnP PMM+7FF8F030+7FEEF030 CA00
Press Ctrl-B to configure iPXE (PCI 00:03.0)...                                                                               


Booting from ROM..c[?7l[2J[    0.000000] Linux version 6.3.0-9b74df4e2bbc+ (root@p-mtlp02) (gcc (GCC) 8.5.0 20210514 (Red Hat 8.5.0-18), GNU ld version 2.36.1-2.el8) #1 SMP PREEMPT_DYNAMIC Tue Apr 25 11:53:50 CST 2023
[    0.000000] ********************************************************************************************
[    0.000000] * WARNING: Project Intel Next sources and binaries include Intel Confidential information. *
[    0.000000] *          For use by Intel Employees only; do not distribute externally.                  *
[    0.000000] ********************************************************************************************
[    0.000000] Command line: console=ttyS0 root=/dev/sda earlyprintk=serial net.ifnames=0
[    0.000000] KERNEL supported cpus:
[    0.000000]   Intel GenuineIntel
[    0.000000]   AMD AuthenticAMD
[    0.000000]   Hygon HygonGenuine
[    0.000000]   Centaur CentaurHauls
[    0.000000]   zhaoxin   Shanghai  
[    0.000000] x86/split lock detection: #DB: warning on user-space bus_locks
[    0.000000] x86/fpu: Supporting XSAVE feature 0x001: 'x87 floating point registers'
[    0.000000] x86/fpu: Supporting XSAVE feature 0x002: 'SSE registers'
[    0.000000] x86/fpu: Supporting XSAVE feature 0x004: 'AVX registers'
[    0.000000] x86/fpu: Supporting XSAVE feature 0x200: 'Protection Keys User registers'
[    0.000000] x86/fpu: xstate_offset[2]:  576, xstate_sizes[2]:  256
[    0.000000] x86/fpu: xstate_offset[9]:  832, xstate_sizes[9]:    8
[    0.000000] x86/fpu: Enabled xstate features 0x207, context size is 840 bytes, using 'compacted' format.
[    0.000000] signal: max sigframe size: 3632
[    0.000000] BIOS-provided physical RAM map:
[    0.000000] BIOS-e820: [mem 0x0000000000000000-0x000000000009fbff] usable
[    0.000000] BIOS-e820: [mem 0x000000000009fc00-0x000000000009ffff] reserved
[    0.000000] BIOS-e820: [mem 0x00000000000f0000-0x00000000000fffff] reserved
[    0.000000] BIOS-e820: [mem 0x0000000000100000-0x000000007ffdffff] usable
[    0.000000] BIOS-e820: [mem 0x000000007ffe0000-0x000000007fffffff] reserved
[    0.000000] BIOS-e820: [mem 0x00000000feffc000-0x00000000feffffff] reserved
[    0.000000] BIOS-e820: [mem 0x00000000fffc0000-0x00000000ffffffff] reserved
[    0.000000] printk: bootconsole [earlyser0] enabled
[    0.000000] NX (Execute Disable) protection: active
[    0.000000] SMBIOS 2.8 present.
[    0.000000] DMI: QEMU Standard PC (i440FX + PIIX, 1996), BIOS rel-1.14.0-0-g155821a1990b-prebuilt.qemu.org 04/01/2014
[    0.000000] Hypervisor detected: KVM
[    0.000000] kvm-clock: Using msrs 4b564d01 and 4b564d00
[    0.000003] kvm-clock: using sched offset of 476773746 cycles
[    0.000410] clocksource: kvm-clock: mask: 0xffffffffffffffff max_cycles: 0x1cd42e4dffb, max_idle_ns: 881590591483 ns
[    0.001676] tsc: Detected 3072.000 MHz processor
[    0.004000] last_pfn = 0x7ffe0 max_arch_pfn = 0x400000000
[    0.004000] x86/PAT: Configuration [0-7]: WB  WC  UC- UC  WB  WP  UC- WT  
[    0.004000] found SMP MP-table at [mem 0x000f5a90-0x000f5a9f]
[    0.004000] Using GB pages for direct mapping
[    0.004000] ACPI: Early table checksum verification disabled
[    0.004000] ACPI: RSDP 0x00000000000F5870 000014 (v00 BOCHS )
[    0.004000] ACPI: RSDT 0x000000007FFE1959 000034 (v01 BOCHS  BXPC     00000001 BXPC 00000001)
[    0.004000] ACPI: FACP 0x000000007FFE1805 000074 (v01 BOCHS  BXPC     00000001 BXPC 00000001)
[    0.004000] ACPI: DSDT 0x000000007FFE0040 0017C5 (v01 BOCHS  BXPC     00000001 BXPC 00000001)
[    0.004000] ACPI: FACS 0x000000007FFE0000 000040
[    0.004000] ACPI: APIC 0x000000007FFE1879 000080 (v01 BOCHS  BXPC     00000001 BXPC 00000001)
[    0.004000] ACPI: HPET 0x000000007FFE18F9 000038 (v01 BOCHS  BXPC     00000001 BXPC 00000001)
[    0.004000] ACPI: WAET 0x000000007FFE1931 000028 (v01 BOCHS  BXPC     00000001 BXPC 00000001)
[    0.004000] ACPI: Reserving FACP table memory at [mem 0x7ffe1805-0x7ffe1878]
[    0.004000] ACPI: Reserving DSDT table memory at [mem 0x7ffe0040-0x7ffe1804]
[    0.004000] ACPI: Reserving FACS table memory at [mem 0x7ffe0000-0x7ffe003f]
[    0.004000] ACPI: Reserving APIC table memory at [mem 0x7ffe1879-0x7ffe18f8]
[    0.004000] ACPI: Reserving HPET table memory at [mem 0x7ffe18f9-0x7ffe1930]
[    0.004000] ACPI: Reserving WAET table memory at [mem 0x7ffe1931-0x7ffe1958]
[    0.004000] No NUMA configuration found
[    0.004000] Faking a node at [mem 0x0000000000000000-0x000000007ffdffff]
[    0.004000] NODE_DATA(0) allocated [mem 0x7ffb5000-0x7ffdffff]
[    0.004000] Zone ranges:
[    0.004000]   DMA      [mem 0x0000000000001000-0x0000000000ffffff]
[    0.004000]   DMA32    [mem 0x0000000001000000-0x000000007ffdffff]
[    0.004000]   Normal   empty
[    0.004000]   Device   empty
[    0.004000] Movable zone start for each node
[    0.004000] Early memory node ranges
[    0.004000]   node   0: [mem 0x0000000000001000-0x000000000009efff]
[    0.004000]   node   0: [mem 0x0000000000100000-0x000000007ffdffff]
[    0.004000] Initmem setup node 0 [mem 0x0000000000001000-0x000000007ffdffff]
[    0.004000] On node 0, zone DMA: 1 pages in unavailable ranges
[    0.004000] On node 0, zone DMA: 97 pages in unavailable ranges
[    0.004000] On node 0, zone DMA32: 32 pages in unavailable ranges
[    0.004000] ACPI: PM-Timer IO Port: 0x608
[    0.004000] ACPI: LAPIC_NMI (acpi_id[0xff] dfl dfl lint[0x1])
[    0.004000] IOAPIC[0]: apic_id 0, version 17, address 0xfec00000, GSI 0-23
[    0.004000] ACPI: INT_SRC_OVR (bus 0 bus_irq 0 global_irq 2 dfl dfl)
[    0.004000] ACPI: INT_SRC_OVR (bus 0 bus_irq 5 global_irq 5 high level)
[    0.004000] ACPI: INT_SRC_OVR (bus 0 bus_irq 9 global_irq 9 high level)
[    0.004000] ACPI: INT_SRC_OVR (bus 0 bus_irq 10 global_irq 10 high level)
[    0.004000] ACPI: INT_SRC_OVR (bus 0 bus_irq 11 global_irq 11 high level)
[    0.004000] ACPI: Using ACPI (MADT) for SMP configuration information
[    0.004000] ACPI: HPET id: 0x8086a201 base: 0xfed00000
[    0.004000] TSC deadline timer available
[    0.004000] smpboot: Allowing 2 CPUs, 0 hotplug CPUs
[    0.004000] kvm-guest: KVM setup pv remote TLB flush
[    0.004000] kvm-guest: setup PV sched yield
[    0.004000] PM: hibernation: Registered nosave memory: [mem 0x00000000-0x00000fff]
[    0.004000] PM: hibernation: Registered nosave memory: [mem 0x0009f000-0x0009ffff]
[    0.004000] PM: hibernation: Registered nosave memory: [mem 0x000a0000-0x000effff]
[    0.004000] PM: hibernation: Registered nosave memory: [mem 0x000f0000-0x000fffff]
[    0.004000] [mem 0x80000000-0xfeffbfff] available for PCI devices
[    0.004000] Booting paravirtualized kernel on KVM
[    0.004000] clocksource: refined-jiffies: mask: 0xffffffff max_cycles: 0xffffffff, max_idle_ns: 7645519600211568 ns
[    0.004000] setup_percpu: NR_CPUS:8192 nr_cpumask_bits:2 nr_cpu_ids:2 nr_node_ids:1
[    0.004000] percpu: Embedded 65 pages/cpu s229376 r8192 d28672 u1048576
[    0.004000] kvm-guest: PV spinlocks enabled
[    0.004000] PV qspinlock hash table entries: 256 (order: 0, 4096 bytes, linear)
[    0.004000] Fallback order for Node 0: 0 
[    0.004000] Built 1 zonelists, mobility grouping on.  Total pages: 515808
[    0.004000] Policy zone: DMA32
[    0.004000] Kernel command line: net.ifnames=0 console=ttyS0 root=/dev/sda earlyprintk=serial net.ifnames=0
[    0.004000] random: crng init done
[    0.004000] Dentry cache hash table entries: 262144 (order: 9, 2097152 bytes, linear)
[    0.004000] Inode-cache hash table entries: 131072 (order: 8, 1048576 bytes, linear)
[    0.004000] mem auto-init: stack:off, heap alloc:off, heap free:off
[    0.004000] Memory: 1966944K/2096632K available (34816K kernel code, 4558K rwdata, 9772K rodata, 10376K init, 31900K bss, 129432K reserved, 0K cma-reserved)
[    0.004000] SLUB: HWalign=64, Order=0-3, MinObjects=0, CPUs=2, Nodes=1
[    0.004000] kmemleak: Kernel memory leak detector disabled
[    0.004000] ftrace: allocating 68593 entries in 268 pages
[    0.004000] ftrace: allocated 268 pages with 3 groups
[    0.004000] Dynamic Preempt: voluntary
[    0.004000] Running RCU self tests
[    0.004000] Running RCU synchronous self tests
[    0.004000] rcu: Preemptible hierarchical RCU implementation.
[    0.004000] rcu: 	RCU lockdep checking is enabled.
[    0.004000] rcu: 	RCU restricting CPUs from NR_CPUS=8192 to nr_cpu_ids=2.
[    0.004000] 	Trampoline variant of Tasks RCU enabled.
[    0.004000] 	Rude variant of Tasks RCU enabled.
[    0.004000] 	Tracing variant of Tasks RCU enabled.
[    0.004000] rcu: RCU calculated value of scheduler-enlistment delay is 25 jiffies.
[    0.004000] rcu: Adjusting geometry for rcu_fanout_leaf=16, nr_cpu_ids=2
[    0.004000] Running RCU synchronous self tests
[    0.004000] NR_IRQS: 524544, nr_irqs: 440, preallocated irqs: 16
[    0.004000] rcu: srcu_init: Setting srcu_struct sizes based on contention.
[    0.004000] Console: colour VGA+ 80x25
[    0.004000] printk: console [ttyS0] enabled
[    0.004000] printk: console [ttyS0] enabled
[    0.004000] printk: bootconsole [earlyser0] disabled
[    0.004000] printk: bootconsole [earlyser0] disabled
[    0.004000] Lock dependency validator: Copyright (c) 2006 Red Hat, Inc., Ingo Molnar
[    0.004000] ... MAX_LOCKDEP_SUBCLASSES:  8
[    0.004000] ... MAX_LOCK_DEPTH:          48
[    0.004000] ... MAX_LOCKDEP_KEYS:        8192
[    0.004000] ... CLASSHASH_SIZE:          4096
[    0.004000] ... MAX_LOCKDEP_ENTRIES:     32768
[    0.004000] ... MAX_LOCKDEP_CHAINS:      65536
[    0.004000] ... CHAINHASH_SIZE:          32768
[    0.004000]  memory used by lock dependency info: 6365 kB
[    0.004000]  memory used for stack traces: 4224 kB
[    0.004000]  per task-struct memory footprint: 1920 bytes
[    0.004000] ACPI: Core revision 20221020
[    0.004000] clocksource: hpet: mask: 0xffffffff max_cycles: 0xffffffff, max_idle_ns: 19112604467 ns
[    0.004000] APIC: Switch to symmetric I/O mode setup
[    0.004000] x2apic enabled
[    0.004000] Switched APIC routing to physical x2apic.
[    0.004000] kvm-guest: setup PV IPIs
[    0.004000] ..TIMER: vector=0x30 apic1=0 pin1=2 apic2=-1 pin2=-1
[    0.004000] clocksource: tsc-early: mask: 0xffffffffffffffff max_cycles: 0x2c47f5688fc, max_idle_ns: 440795305069 ns
[    0.226749] Calibrating delay loop (skipped) preset value.. 6144.00 BogoMIPS (lpj=12288000)
[    0.230750] pid_max: default: 32768 minimum: 301
[    0.231183] LSM: initializing lsm=capability,yama,integrity
[    0.231631] Yama: becoming mindful.
[    0.232082] Mount-cache hash table entries: 4096 (order: 3, 32768 bytes, linear)
[    0.232669] Mountpoint-cache hash table entries: 4096 (order: 3, 32768 bytes, linear)
[    0.234381] CPU0: Thermal monitoring enabled (TM1)
[    0.234909] x86/cpu: User Mode Instruction Prevention (UMIP) activated
[    0.236935] Last level iTLB entries: 4KB 0, 2MB 0, 4MB 0
[    0.237453] Last level dTLB entries: 4KB 0, 2MB 0, 4MB 0, 1GB 0
[    0.237953] Spectre V1 : Mitigation: usercopy/swapgs barriers and __user pointer sanitization
[    0.238764] Spectre V2 : WARNING: Unprivileged eBPF is enabled with eIBRS on, data leaks possible via Spectre v2 BHB attacks!
[    0.239605] Spectre V2 : Mitigation: Enhanced / Automatic IBRS
[    0.240036] Spectre V2 : Spectre v2 / SpectreRSB mitigation: Filling RSB on context switch
[    0.240649] Spectre V2 : Spectre v2 / PBRSB-eIBRS: Retire a single CALL on VMEXIT
[    0.241197] Spectre V2 : mitigation: Enabling conditional Indirect Branch Prediction Barrier
[    0.241807] Speculative Store Bypass: Mitigation: Speculative Store Bypass disabled via prctl
[    0.242733] MMIO Stale Data: Unknown: No mitigations
[    0.371543] Freeing SMP alternatives memory: 56K
[    0.371957] Running RCU synchronous self tests
[    0.372287] Running RCU synchronous self tests
[    0.373038] smpboot: CPU0: Genuine Intel(R) 0000 (family: 0x6, model: 0xaa, stepping: 0x2)
[    0.374049] cblist_init_generic: Setting adjustable number of callback queues.
[    0.374595] cblist_init_generic: Setting shift to 1 and lim to 1.
[    0.374730] cblist_init_generic: Setting shift to 1 and lim to 1.
[    0.374730] cblist_init_generic: Setting shift to 1 and lim to 1.
[    0.374730] Running RCU-tasks wait API self tests
[    0.474904] Performance Events: unsupported p6 CPU model 170 no PMU driver, software events only.
[    0.475733] rcu: Hierarchical SRCU implementation.
[    0.476087] rcu: 	Max phase no-delay instances is 1000.
[    0.477869] NMI watchdog: Perf NMI watchdog permanently disabled
[    0.478466] smp: Bringing up secondary CPUs ...
[    0.479146] x86: Booting SMP configuration:
[    0.479465] .... node  #0, CPUs:      #1
[    0.222730] smpboot: CPU 1 Converting physical 0 to logical die 1
[    0.482994] smp: Brought up 1 node, 2 CPUs
[    0.483316] smpboot: Max logical packages: 2
[    0.483630] smpboot: Total of 2 processors activated (12288.00 BogoMIPS)
[    0.488524] devtmpfs: initialized
[    0.488524] x86/mm: Memory block size: 128MB
[    0.490748] Callback from call_rcu_tasks_trace() invoked.
[    0.492429] Running RCU synchronous self tests
[    0.492429] Running RCU synchronous self tests
[    0.492429] clocksource: jiffies: mask: 0xffffffff max_cycles: 0xffffffff, max_idle_ns: 7645041785100000 ns
[    0.492504] futex hash table entries: 512 (order: 4, 65536 bytes, linear)
[    0.494971] pinctrl core: initialized pinctrl subsystem
[    0.495852] 
[    0.495972] *************************************************************
[    0.496494] **     NOTICE NOTICE NOTICE NOTICE NOTICE NOTICE NOTICE    **
[    0.496986] **                                                         **
[    0.497476] **  IOMMU DebugFS SUPPORT HAS BEEN ENABLED IN THIS KERNEL  **
[    0.497967] **                                                         **
[    0.498457] ** This means that this kernel is built to expose internal **
[    0.498739] ** IOMMU data structures, which may compromise security on **
[    0.499249] ** your system.                                            **
[    0.499741] **                                                         **
[    0.500249] ** If you see this message and you are not debugging the   **
[    0.500741] ** kernel, report this immediately to your vendor!         **
[    0.501244] **                                                         **
[    0.501735] **     NOTICE NOTICE NOTICE NOTICE NOTICE NOTICE NOTICE    **
[    0.502224] *************************************************************
[    0.502733] PM: RTC time: 05:39:52, date: 2023-04-26
[    0.506833] NET: Registered PF_NETLINK/PF_ROUTE protocol family
[    0.507848] DMA: preallocated 256 KiB GFP_KERNEL pool for atomic allocations
[    0.508391] DMA: preallocated 256 KiB GFP_KERNEL|GFP_DMA pool for atomic allocations
[    0.508969] DMA: preallocated 256 KiB GFP_KERNEL|GFP_DMA32 pool for atomic allocations
[    0.509678] audit: initializing netlink subsys (disabled)
[    0.510139] audit: type=2000 audit(1682487593.222:1): state=initialized audit_enabled=0 res=1
[    0.511062] thermal_sys: Registered thermal governor 'fair_share'
[    0.511222] thermal_sys: Registered thermal governor 'bang_bang'
[    0.511694] thermal_sys: Registered thermal governor 'step_wise'
[    0.512149] thermal_sys: Registered thermal governor 'user_space'
[    0.512621] cpuidle: using governor ladder
[    0.513378] cpuidle: using governor menu
[    0.514080] acpiphp: ACPI Hot Plug PCI Controller Driver version: 0.5
[    0.514815] PCI: Using configuration type 1 for base access
[    0.516112] kprobes: kprobe jump-optimization is enabled. All kprobes are optimized if possible.
[    0.795033] HugeTLB: registered 1.00 GiB page size, pre-allocated 0 pages
[    0.795587] HugeTLB: 16380 KiB vmemmap can be freed for a 1.00 GiB page
[    0.796107] HugeTLB: registered 2.00 MiB page size, pre-allocated 0 pages
[    0.796632] HugeTLB: 28 KiB vmemmap can be freed for a 2.00 MiB page
[    0.800770] ACPI: Added _OSI(Module Device)
[    0.801127] ACPI: Added _OSI(Processor Device)
[    0.801479] ACPI: Added _OSI(3.0 _SCP Extensions)
[    0.801848] ACPI: Added _OSI(Processor Aggregator Device)
[    0.807454] ACPI: 1 ACPI AML tables successfully acquired and loaded
[    4.086876] Callback from call_rcu_tasks_rude() invoked.
[    4.088017] ACPI: Interpreter enabled
[    4.088415] ACPI: PM: (supports S0 S3 S4 S5)
[    4.090741] ACPI: Using IOAPIC for interrupt routing
[    4.091210] PCI: Using host bridge windows from ACPI; if necessary, use "pci=nocrs" and report a bug
[    4.091907] PCI: Using E820 reservations for host bridge windows
[    4.093004] ACPI: Enabled 2 GPEs in block 00 to 0F
[    4.107882] ACPI: PCI Root Bridge [PCI0] (domain 0000 [bus 00-ff])
[    4.108392] acpi PNP0A03:00: _OSC: OS supports [ASPM ClockPM Segments MSI EDR HPX-Type3]
[    4.109014] acpi PNP0A03:00: _OSC: not requesting OS control; OS requires [ExtendedConfig ASPM ClockPM MSI]
[    4.109817] acpi PNP0A03:00: fail to add MMCONFIG information, can't access extended configuration space under this bridge
[    4.112801] acpiphp: Slot [3] registered
[    4.113163] acpiphp: Slot [4] registered
[    4.113533] acpiphp: Slot [5] registered
[    4.113893] acpiphp: Slot [6] registered
[    4.114252] acpiphp: Slot [7] registered
[    4.114616] acpiphp: Slot [8] registered
[    4.114794] acpiphp: Slot [9] registered
[    4.115156] acpiphp: Slot [10] registered
[    4.115523] acpiphp: Slot [11] registered
[    4.115889] acpiphp: Slot [12] registered
[    4.116255] acpiphp: Slot [13] registered
[    4.116626] acpiphp: Slot [14] registered
[    4.116992] acpiphp: Slot [15] registered
[    4.117363] acpiphp: Slot [16] registered
[    4.117731] acpiphp: Slot [17] registered
[    4.118097] acpiphp: Slot [18] registered
[    4.118463] acpiphp: Slot [19] registered
[    4.118797] acpiphp: Slot [20] registered
[    4.119164] acpiphp: Slot [21] registered
[    4.119529] acpiphp: Slot [22] registered
[    4.119895] acpiphp: Slot [23] registered
[    4.120262] acpiphp: Slot [24] registered
[    4.120629] acpiphp: Slot [25] registered
[    4.121004] acpiphp: Slot [26] registered
[    4.121371] acpiphp: Slot [27] registered
[    4.121742] acpiphp: Slot [28] registered
[    4.122108] acpiphp: Slot [29] registered
[    4.122475] acpiphp: Slot [30] registered
[    4.122790] acpiphp: Slot [31] registered
[    4.123120] PCI host bridge to bus 0000:00
[    4.123439] pci_bus 0000:00: root bus resource [io  0x0000-0x0cf7 window]
[    4.123961] pci_bus 0000:00: root bus resource [io  0x0d00-0xffff window]
[    4.124484] pci_bus 0000:00: root bus resource [mem 0x000a0000-0x000bffff window]
[    4.125063] pci_bus 0000:00: root bus resource [mem 0x80000000-0xfebfffff window]
[    4.125613] pci_bus 0000:00: root bus resource [mem 0x100000000-0x17fffffff window]
[    4.126171] pci_bus 0000:00: root bus resource [bus 00-ff]
[    4.126668] pci 0000:00:00.0: [8086:1237] type 00 class 0x060000
[    4.129324] pci 0000:00:01.0: [8086:7000] type 00 class 0x060100
[    4.130379] pci 0000:00:01.1: [8086:7010] type 00 class 0x010180
[    4.132027] pci 0000:00:01.1: reg 0x20: [io  0xc040-0xc04f]
[    4.133003] pci 0000:00:01.1: legacy IDE quirk: reg 0x10: [io  0x01f0-0x01f7]
[    4.133526] pci 0000:00:01.1: legacy IDE quirk: reg 0x14: [io  0x03f6]
[    4.134005] pci 0000:00:01.1: legacy IDE quirk: reg 0x18: [io  0x0170-0x0177]
[    4.134528] pci 0000:00:01.1: legacy IDE quirk: reg 0x1c: [io  0x0376]
[    4.135014] pci 0000:00:01.3: [8086:7113] type 00 class 0x068000
[    4.135731] pci 0000:00:01.3: quirk: [io  0x0600-0x063f] claimed by PIIX4 ACPI
[    4.136269] pci 0000:00:01.3: quirk: [io  0x0700-0x070f] claimed by PIIX4 SMB
[    4.137030] pci 0000:00:02.0: [1234:1111] type 00 class 0x030000
[    4.139157] pci 0000:00:02.0: reg 0x10: [mem 0xfd000000-0xfdffffff pref]
[    4.142158] pci 0000:00:02.0: reg 0x18: [mem 0xfebf0000-0xfebf0fff]
[    4.146564] pci 0000:00:02.0: reg 0x30: [mem 0xfebe0000-0xfebeffff pref]
[    4.146961] pci 0000:00:02.0: Video device with shadowed ROM at [mem 0x000c0000-0x000dffff]
[    4.150373] pci 0000:00:03.0: [8086:100e] type 00 class 0x020000
[    4.151411] pci 0000:00:03.0: reg 0x10: [mem 0xfebc0000-0xfebdffff]
[    4.152426] pci 0000:00:03.0: reg 0x14: [io  0xc000-0xc03f]
[    4.154646] pci 0000:00:03.0: reg 0x30: [mem 0xfeb80000-0xfebbffff pref]
[    4.154779] Callback from call_rcu_tasks() invoked.
[    4.165204] ACPI: PCI: Interrupt link LNKA configured for IRQ 10
[    4.165990] ACPI: PCI: Interrupt link LNKB configured for IRQ 10
[    4.166742] ACPI: PCI: Interrupt link LNKC configured for IRQ 11
[    4.167484] ACPI: PCI: Interrupt link LNKD configured for IRQ 11
[    4.168069] ACPI: PCI: Interrupt link LNKS configured for IRQ 9
[    4.169799] iommu: Default domain type: Translated 
[    4.169799] iommu: DMA domain TLB invalidation policy: lazy mode 
[    4.171706] SCSI subsystem initialized
[    4.172085] ACPI: bus type USB registered
[    4.172085] usbcore: registered new interface driver usbfs
[    4.172085] usbcore: registered new interface driver hub
[    4.172162] usbcore: registered new device driver usb
[    4.172644] pps_core: LinuxPPS API ver. 1 registered
[    4.173016] pps_core: Software ver. 5.3.6 - Copyright 2005-2007 Rodolfo Giometti <giometti@linux.it>
[    4.174749] PTP clock support registered
[    4.175145] EDAC MC: Ver: 3.0.0
[    4.175938] NetLabel: Initializing
[    4.176207] NetLabel:  domain hash size = 128
[    4.176530] NetLabel:  protocols = UNLABELED CIPSOv4 CALIPSO
[    4.177004] NetLabel:  unlabeled traffic allowed by default
[    4.178839] PCI: Using ACPI for IRQ routing
[    4.179327] pci 0000:00:02.0: vgaarb: setting as boot VGA device
[    4.179327] pci 0000:00:02.0: vgaarb: bridge control possible
[    4.179633] pci 0000:00:02.0: vgaarb: VGA device added: decodes=io+mem,owns=io+mem,locks=none
[    4.180252] vgaarb: loaded
[    4.180515] hpet0: at MMIO 0xfed00000, IRQs 2, 8, 0
[    4.180515] hpet0: 3 comparators, 64-bit 100.000000 MHz counter
[    4.183898] clocksource: Switched to clocksource kvm-clock
[    4.185898] VFS: Disk quotas dquot_6.6.0
[    4.186256] VFS: Dquot-cache hash table entries: 512 (order 0, 4096 bytes)
[    4.186256] pnp: PnP ACPI init
[    4.187840] pnp: PnP ACPI: found 6 devices
[    4.197880] clocksource: acpi_pm: mask: 0xffffff max_cycles: 0xffffff, max_idle_ns: 2085701024 ns
[    4.198918] NET: Registered PF_INET protocol family
[    4.199580] IP idents hash table entries: 32768 (order: 6, 262144 bytes, linear)
[    4.201164] tcp_listen_portaddr_hash hash table entries: 1024 (order: 4, 73728 bytes, linear)
[    4.201884] Table-perturb hash table entries: 65536 (order: 6, 262144 bytes, linear)
[    4.202482] TCP established hash table entries: 16384 (order: 5, 131072 bytes, linear)
[    4.203378] TCP bind hash table entries: 16384 (order: 9, 2359296 bytes, linear)
[    4.206719] TCP: Hash tables configured (established 16384 bind 16384)
[    4.207526] UDP hash table entries: 1024 (order: 5, 163840 bytes, linear)
[    4.208194] UDP-Lite hash table entries: 1024 (order: 5, 163840 bytes, linear)
[    4.209011] NET: Registered PF_UNIX/PF_LOCAL protocol family
[    4.215163] RPC: Registered named UNIX socket transport module.
[    4.215639] RPC: Registered udp transport module.
[    4.215990] RPC: Registered tcp transport module.
[    4.216335] RPC: Registered tcp NFSv4.1 backchannel transport module.
[    4.216840] pci_bus 0000:00: resource 4 [io  0x0000-0x0cf7 window]
[    4.217301] pci_bus 0000:00: resource 5 [io  0x0d00-0xffff window]
[    4.217756] pci_bus 0000:00: resource 6 [mem 0x000a0000-0x000bffff window]
[    4.218261] pci_bus 0000:00: resource 7 [mem 0x80000000-0xfebfffff window]
[    4.218782] pci_bus 0000:00: resource 8 [mem 0x100000000-0x17fffffff window]
[    4.219523] pci 0000:00:01.0: PIIX3: Enabling Passive Release
[    4.219955] pci 0000:00:00.0: Limiting direct PCI/PCI transfers
[    4.220492] PCI: CLS 0 bytes, default 64
[    4.221107] ACPI: bus type thunderbolt registered
[    4.221772] clocksource: tsc: mask: 0xffffffffffffffff max_cycles: 0x2c47f5688fc, max_idle_ns: 440795305069 ns
[    4.332427] Initialise system trusted keyrings
[    4.332931] Key type blacklist registered
[    4.333551] workingset: timestamp_bits=36 max_order=19 bucket_order=0
[    4.334111] zbud: loaded
[    4.335066] squashfs: version 4.0 (2009/01/31) Phillip Lougher
[    4.336069] NFS: Registering the id_resolver key type
[    4.336457] Key type id_resolver registered
[    4.336769] Key type id_legacy registered
[    4.337095] nfs4filelayout_init: NFSv4 File Layout Driver Registering...
[    4.337613] nfs4flexfilelayout_init: NFSv4 Flexfile Layout Driver Registering...
[    4.338245] fuse: init (API version 7.38)
[    4.338689] SGI XFS with ACLs, security attributes, realtime, quota, no debug enabled
[    4.339694] 9p: Installing v9fs 9p2000 file system support
[    4.346861] Key type asymmetric registered
[    4.347173] Asymmetric key parser 'x509' registered
[    4.347605] Block layer SCSI generic (bsg) driver version 0.4 loaded (major 243)
[    4.348270] io scheduler mq-deadline registered
[    4.348649] io scheduler bfq registered
[    4.349309] shpchp: Standard Hot Plug PCI Controller Driver version: 0.4
[    4.350172] IPMI message handler: version 39.2
[    4.350543] ipmi device interface
[    4.352238] input: Power Button as /devices/LNXSYSTM:00/LNXPWRBN:00/input/input0
[    4.352977] ACPI: button: Power Button [PWRF]
[    4.354124] ERST DBG: ERST support is disabled.
[    4.355012] Serial: 8250/16550 driver, 32 ports, IRQ sharing enabled
[    4.356058] 00:04: ttyS0 at I/O 0x3f8 (irq = 4, base_baud = 115200) is a 16550A
[    4.364247] Linux agpgart interface v0.103
[    4.365608] ACPI: bus type drm_connector registered
[    4.378524] brd: module loaded
[    4.384674] loop: module loaded
[    4.389518] scsi host0: ata_piix
[    4.390315] scsi host1: ata_piix
[    4.390703] ata1: PATA max MWDMA2 cmd 0x1f0 ctl 0x3f6 bmdma 0xc040 irq 14
[    4.391234] ata2: PATA max MWDMA2 cmd 0x170 ctl 0x376 bmdma 0xc048 irq 15
[    4.392670] tun: Universal TUN/TAP device driver, 1.6
[    4.393181] e100: Intel(R) PRO/100 Network Driver
[    4.393532] e100: Copyright(c) 1999-2006 Intel Corporation
[    4.393975] e1000: Intel(R) PRO/1000 Network Driver
[    4.394336] e1000: Copyright (c) 1999-2006 Intel Corporation.
[    4.525905] ACPI: \_SB_.LNKC: Enabled at IRQ 11
[    4.551029] ata1: found unknown device (class 0)
[    4.551891] ata1.00: ATA-7: QEMU HARDDISK, 2.5+, max UDMA/100
[    4.552296] ata1.00: 16777216 sectors, multi 16: LBA48 
[    4.553485] scsi 0:0:0:0: Direct-Access     ATA      QEMU HARDDISK    2.5+ PQ: 0 ANSI: 5
[    4.554806] ata2: found unknown device (class 0)
[    4.555376] sd 0:0:0:0: Attached scsi generic sg0 type 0
[    4.555382] sd 0:0:0:0: [sda] 16777216 512-byte logical blocks: (8.59 GB/8.00 GiB)
[    4.556199] ata2.00: ATAPI: QEMU DVD-ROM, 2.5+, max UDMA/100
[    4.556748] sd 0:0:0:0: [sda] Write Protect is off
[    4.557549] sd 0:0:0:0: [sda] Write cache: enabled, read cache: enabled, doesn't support DPO or FUA
[    4.558508] scsi 1:0:0:0: CD-ROM            QEMU     QEMU DVD-ROM     2.5+ PQ: 0 ANSI: 5
[    4.559234] sd 0:0:0:0: [sda] Preferred minimum I/O size 512 bytes
[    4.580797] sd 0:0:0:0: [sda] Attached SCSI disk
[    4.587328] scsi 1:0:0:0: Attached scsi generic sg1 type 5
[    4.849875] e1000 0000:00:03.0 eth0: (PCI:33MHz:32-bit) 52:54:00:12:34:56
[    4.850409] e1000 0000:00:03.0 eth0: Intel(R) PRO/1000 Network Connection
[    4.851008] e1000e: Intel(R) PRO/1000 Network Driver
[    4.851382] e1000e: Copyright(c) 1999 - 2015 Intel Corporation.
[    4.851877] igb: Intel(R) Gigabit Ethernet Network Driver
[    4.852277] igb: Copyright (c) 2007-2014 Intel Corporation.
[    4.852766] PPP generic driver version 2.4.2
[    4.854273] VFIO - User Level meta-driver version: 0.3
[    4.855548] usbcore: registered new interface driver uas
[    4.855977] usbcore: registered new interface driver usb-storage
[    4.856575] i8042: PNP: PS/2 Controller [PNP0303:KBD,PNP0f13:MOU] at 0x60,0x64 irq 1,12
[    4.857804] serio: i8042 KBD port at 0x60,0x64 irq 1
[    4.858200] serio: i8042 AUX port at 0x60,0x64 irq 12
[    4.859967] mousedev: PS/2 mouse device common for all mice
[    4.861650] rtc_cmos 00:05: RTC can wake from S4
[    4.863346] input: AT Translated Set 2 keyboard as /devices/platform/i8042/serio0/input/input1
[    4.864794] input: VirtualPS/2 VMware VMMouse as /devices/platform/i8042/serio1/input/input4
[    4.865829] input: VirtualPS/2 VMware VMMouse as /devices/platform/i8042/serio1/input/input3
[    4.867016] rtc_cmos 00:05: registered as rtc0
[    4.867425] rtc_cmos 00:05: setting system clock to 2023-04-26T05:39:57 UTC (1682487597)
[    4.868202] rtc_cmos 00:05: alarms up to one day, y3k, 242 bytes nvram, hpet irqs
[    4.868772] i2c_dev: i2c /dev entries driver
[    4.869528] device-mapper: core: CONFIG_IMA_DISABLE_HTABLE is disabled. Duplicate IMA measurements will not be recorded in the IMA log.
[    4.870459] device-mapper: uevent: version 1.0.3
[    4.870954] device-mapper: ioctl: 4.47.0-ioctl (2022-07-28) initialised: dm-devel@redhat.com
[    4.871596] intel_pstate: CPU model not supported
[    4.872024] sdhci: Secure Digital Host Controller Interface driver
[    4.872477] sdhci: Copyright(c) Pierre Ossman
[    4.872862] sdhci-pltfm: SDHCI platform and OF driver helper
[    4.873581] ledtrig-cpu: registered to indicate activity on CPUs
[    4.874387] drop_monitor: Initializing network drop monitor service
[    4.875060] NET: Registered PF_INET6 protocol family
[    4.878991] Segment Routing with IPv6
[    4.879298] In-situ OAM (IOAM) with IPv6
[    4.879640] NET: Registered PF_PACKET protocol family
[    4.880158] 9pnet: Installing 9P2000 support
[    4.880527] Key type dns_resolver registered
[    4.881629] IPI shorthand broadcast: enabled
[    4.894063] sched_clock: Marking stable (4672003598, 218730219)->(4996237354, -105503537)
[    4.895332] registered taskstats version 1
[    4.895917] Loading compiled-in X.509 certificates
[    4.896992] zswap: loaded using pool lzo/zbud
[    4.909753] Key type .fscrypt registered
[    4.910050] Key type fscrypt-provisioning registered
[    4.911430] Key type encrypted registered
[    4.911771] ima: No TPM chip found, activating TPM-bypass!
[    4.912179] ima: Allocated hash algorithm: sha1
[    4.912553] ima: No architecture policies found
[    4.912938] evm: Initialising EVM extended attributes:
[    4.913316] evm: security.selinux
[    4.913565] evm: security.SMACK64
[    4.913814] evm: security.SMACK64EXEC
[    4.914088] evm: security.SMACK64TRANSMUTE
[    4.914392] evm: security.SMACK64MMAP
[    4.914665] evm: security.apparmor
[    4.914939] evm: security.ima
[    4.915165] evm: security.capability
[    4.915434] evm: HMAC attrs: 0x1
[    4.916912] PM:   Magic number: 3:602:669
[    4.917651] RAS: Correctable Errors collector initialized.
[    4.919007] md: Waiting for all devices to be available before autodetect
[    4.919347] md: If you don't use raid, use raid=noautodetect
[    4.919624] md: Autodetecting RAID arrays.
[    4.919834] md: autorun ...
[    4.919976] md: ... autorun DONE.
[    4.930713] EXT4-fs (sda): mounted filesystem 23a53bb9-f815-47a5-b74c-5e08f7731193 with ordered data mode. Quota mode: none.
[    4.931333] VFS: Mounted root (ext4 filesystem) readonly on device 8:0.
[    4.934336] devtmpfs: mounted
[    4.942206] Freeing unused decrypted memory: 2036K
[    4.948232] Freeing unused kernel image (initmem) memory: 10376K
[    4.950828] Write protecting the kernel read-only data: 45056k
[    4.952508] Freeing unused kernel image (rodata/data gap) memory: 468K
[    5.045670] x86/mm: Checked W+X mappings: passed, no W+X pages found.
[    5.046012] ********************************************************************************************
[    5.046012] * WARNING: Project Intel Next sources and binaries include Intel Confidential information. *
[    5.046012] *          For use by Intel Employees only; do not distribute externally.                  *
[    5.046012] ********************************************************************************************
[    5.047816] Run /sbin/init as init process
[    5.159891] systemd[1]: RTC configured in localtime, applying delta of 0 minutes to system time.
[    5.190618] systemd[1]: systemd 239 (239-49.el8) running in system mode. (+PAM +AUDIT +SELINUX +IMA -APPARMOR +SMACK +SYSVINIT +UTMP +LIBCRYPTSETUP +GCRYPT +GNUTLS +ACL +XZ +LZ4 +SECCOMP +BLKID +ELFUTILS +KMOD +IDN2 -IDN +PCRE2 default-hierarchy=legacy)
[    5.191906] systemd[1]: Detected virtualization kvm.
[    5.192169] systemd[1]: Detected architecture x86-64.

Welcome to [0;31mCentOS Stream 8[0m!

[    5.257887] systemd[1]: Set hostname to <test>.
[    5.541269] systemd[1]: Listening on Journal Socket.
[[0;32m  OK  [0m] Listening on Journal Socket.
[    5.562943] systemd[1]: Mounting Huge Pages File System...
         Mounting Huge Pages File System...
[    5.565335] systemd[1]: Created slice User and Session Slice.
[[0;32m  OK  [0m] Created slice User and Session Slice.
[    5.566004] systemd[1]: Reached target Slices.
[[0;32m  OK  [0m] Reached target Slices.
[    5.569117] systemd[1]: Mounting Kernel Debug File System...
         Mounting Kernel Debug File System...
[    5.577900] systemd[1]: Starting Load Kernel Modules...
         Starting Load Kernel Modules...
[[0;32m  OK  [0m] Started Forward Password Requests to Wall Directory Watch.
[[0;32m  OK  [0m] Listening on Process Core Dump Socket.
[[0;32m  OK  [0m] Listening on Device-mapper event daemon FIFOs.
[[0;32m  OK  [0m] Listening on udev Control Socket.
         Starting Monitoring of LVM2 mirrorsâ€¦ng dmeventd or progress polling...
         Starting Setup Virtual Console...
[[0;32m  OK  [0m] Set up automount Arbitrary Executabâ€¦rmats File System Automount Point.
[[0;32m  OK  [0m] Listening on multipathd control socket.
[[0;32m  OK  [0m] Listening on initctl Compatibility Named Pipe.
[[0;32m  OK  [0m] Listening on Journal Socket (/dev/log).
         Mounting POSIX Message Queue File System...
[[0;32m  OK  [0m] Created slice system-sshd\x2dkeygen.slice.
[[0;32m  OK  [0m] Created slice system-getty.slice.
[[0;32m  OK  [0m] Listening on udev Kernel Socket.
[[0;32m  OK  [0m] Listening on LVM2 poll daemon socket.
         Starting Remount Root and Kernel File Systems...
         Starting Journal Service...
         Starting udev Coldplug all Devices...
[[0;32m  OK  [0m] Listening on RPCbind Server Activation Socket.
[[0;32m  OK  [0m] Reached target RPC Port Mapper.
[[0;32m  OK  [0m] Reached target Swap.
[[0;32m  OK  [0m] Created slice system-serial\x2dgetty.slice.
[[0;32m  OK  [0m] Mounted Huge Pages File System.
[[0;32m  OK  [0m] Mounted Kernel Debug File System.
[[0;1;31mFAILED[0m] Failed to start Load Kernel Modules.
See 'systemctl status systemd-modules-load.service' for details.
[[0;32m  OK  [0m] Mounted POSIX Message Queue File System.
         Mounting Kernel Configuration File System...
         Mounting FUSE Control File System...
         Starting Apply Kernel Variables...
[[0;32m  OK  [0m] Mounted Kernel Configuration File System.
[[0;32m  OK  [0m] Mounted FUSE Control File System.
[[0;32m  OK  [0m] Started Apply Kernel Variables.
[    5.998818] EXT4-fs (sda): re-mounted 23a53bb9-f815-47a5-b74c-5e08f7731193. Quota mode: none.
[[0;32m  OK  [0m] Started Journal Service.
[[0;32m  OK  [0m] Started Remount Root and Kernel File Systems.
         Starting Load/Save Random Seed...
         Starting Create Static Device Nodes in /dev...
         Starting Flush Journal to Persistent Storage...
[[0;32m  OK  [0m] Started Setup Virtual Console.
[[0;32m  OK  [0m] Started Load/Save Random Seed.
[[0;32m  OK  [0m] Started Create Static Device Nodes in /dev.
         Starting udev Kernel Device Manager...
[[0;32m  OK  [0m] Started Flush Journal to Persistent Storage.
[[0;32m  OK  [0m] Started udev Coldplug all Devices.
         Starting udev Wait for Complete Device Initialization...
[[0;32m  OK  [0m] Started udev Kernel Device Manager.
         Starting Show Plymouth Boot Screen...
[[0;32m  OK  [0m] Started Show Plymouth Boot Screen.
[[0;32m  OK  [0m] Reached target Local Encrypted Volumes.
[[0;32m  OK  [0m] Reached target Paths.
[[0;32m  OK  [0m] Started Forward Password Requests to Plymouth Directory Watch.
[[0;32m  OK  [0m] Started Monitoring of LVM2 mirrors,â€¦sing dmeventd or progress polling.
[[0;32m  OK  [0m] Found device /dev/ttyS0.
[[0;32m  OK  [0m] Started udev Wait for Complete Device Initialization.
[[0;32m  OK  [0m] Listening on Load/Save RF Kill Switch Status /dev/rfkill Watch.
[[0;32m  OK  [0m] Reached target Local File Systems (Pre).
[[0;32m  OK  [0m] Reached target Local File Systems.
         Starting Tell Plymouth To Write Out Runtime Data...
         Starting Create Volatile Files and Directories...
         Starting Restore /run/initramfs on shutdown...
[[0;32m  OK  [0m] Started Tell Plymouth To Write Out Runtime Data.
[[0;32m  OK  [0m] Started Restore /run/initramfs on shutdown.
[[0;32m  OK  [0m] Started Create Volatile Files and Directories.
         Starting Security Auditing Service...
         Mounting RPC Pipe File System...
         Starting RPC Bind...
[[0;32m  OK  [0m] Mounted RPC Pipe File System.
[[0;32m  OK  [0m] Reached target rpc_pipefs.target.
[[0;32m  OK  [0m] Started RPC Bind.
[[0;32m  OK  [0m] Started Security Auditing Service.
         Starting Update UTMP about System Boot/Shutdown...
[[0;32m  OK  [0m] Started Update UTMP about System Boot/Shutdown.
[[0;32m  OK  [0m] Reached target System Initialization.
[[0;32m  OK  [0m] Started Daily Cleanup of Temporary Directories.
[[0;32m  OK  [0m] Started daily update of the root trust anchor for DNSSEC.
[[0;32m  OK  [0m] Listening on D-Bus System Message Bus Socket.
[[0;32m  OK  [0m] Listening on SSSD Kerberos Cache Manager responder socket.
[[0;32m  OK  [0m] Reached target Sockets.
[[0;32m  OK  [0m] Started dnf makecache --timer.
[[0;32m  OK  [0m] Reached target Timers.
[[0;32m  OK  [0m] Reached target Basic System.
         Starting Authorization Manager...
         Starting Auto-connect to subsystemsâ€¦-NVME devices found during boot...
[[0;32m  OK  [0m] Started Machine Check Exception Logging Daemon.
         Starting Self Monitoring and Reporting Technology (SMART) Daemon...
         Starting Login Service...
[[0;32m  OK  [0m] Reached target sshd-keygen.target.
         Starting NTP client/server...
[[0;32m  OK  [0m] Started irqbalance daemon.
[[0;32m  OK  [0m] Started D-Bus System Message Bus.
         Starting Network Manager...
[[0;32m  OK  [0m] Started Self Monitoring and Reporting Technology (SMART) Daemon.
[[0;32m  OK  [0m] Started Auto-connect to subsystems â€¦FC-NVME devices found during boot.
         Starting update of the root trust aâ€¦or DNSSEC validation in unbound...
[[0;32m  OK  [0m] Started Login Service.
[[0;32m  OK  [0m] Started NTP client/server.
[[0;32m  OK  [0m] Started Network Manager.
         Starting Network Manager Wait Online...
[[0;32m  OK  [0m] Reached target Network.
         Starting Dynamic System Tuning Daemon...
         Starting OpenSSH server daemon...
         Starting GSSAPI Proxy Daemon...
[[0;32m  OK  [0m] Started update of the root trust anâ€¦ for DNSSEC validation in unbound.
         Starting Hostname Service...
[[0;32m  OK  [0m] Started GSSAPI Proxy Daemon.
[[0;32m  OK  [0m] Reached target NFS client services.
[[0;32m  OK  [0m] Reached target Remote File Systems (Pre).
[[0;32m  OK  [0m] Reached target Remote File Systems.
         Starting Permit User Sessions...
[[0;32m  OK  [0m] Started OpenSSH server daemon.
[[0;32m  OK  [0m] Started Authorization Manager.
[[0;32m  OK  [0m] Started Permit User Sessions.
         Starting Hold until boot process finishes up...
         Starting Terminate Plymouth Boot Screen...
[[0;32m  OK  [0m] Started Command Scheduler.
[    8.167059] e1000: eth0 NIC Link is Up 1000 Mbps Full Duplex, Flow Control: RX
[    8.168003] IPv6: ADDRCONF(NETDEV_CHANGE): eth0: link becomes ready
[    8.397070] Spectre V2 : WARNING: Unprivileged eBPF is enabled with eIBRS on, data leaks possible via Spectre v2 BHB attacks!
[    8.398038] Spectre V2 : WARNING: Unprivileged eBPF is enabled with eIBRS on, data leaks possible via Spectre v2 BHB attacks!

CentOS Stream 8
Kernel 6.3.0-9b74df4e2bbc+ on an x86_64

test login: [   24.667750] memfd_create() without MFD_EXEC nor MFD_NOEXEC_SEAL, pid=327 'systemd'
[   28.554813] cgroup: Unknown subsys name 'net'
[   28.563713] cgroup: Unknown subsys name 'rlimit'
[   35.075363] tpm tpm0: Operation Canceled
[   35.096802] tpm tpm0: Operation Canceled
[   35.115851] tpm tpm0: Operation Canceled
[   35.141568] tpm tpm0: Operation Canceled
[   35.158789] tpm tpm0: Operation Canceled
[   35.164017] tpm tpm0: Operation Canceled
[   35.174062] tpm tpm0: Operation Canceled
[   35.181044] tpm tpm0: Operation Canceled
[   35.192938] tpm tpm0: Operation Canceled
[   35.195281] tpm tpm0: Operation Canceled
[   35.204032] tpm tpm0: Operation Canceled
[   35.208089] tpm tpm0: Operation Canceled
[   35.217687] tpm tpm0: Operation Canceled
[   35.225795] tpm tpm0: Operation Canceled
[   35.232448] tpm tpm0: Operation Canceled
[   35.241479] tpm tpm0: Operation Canceled
[   35.246790] tpm tpm0: Operation Canceled
[   35.259790] tpm tpm0: Operation Canceled
[   35.261307] tpm tpm0: Operation Canceled
[   35.280217] tpm tpm0: Operation Canceled
[   35.280911] tpm tpm1: Operation Canceled
[   35.295945] tpm tpm0: Operation Canceled
[   35.296607] tpm tpm1: Operation Canceled
[   35.308835] tpm tpm0: Operation Canceled
[   35.313517] tpm tpm0: Operation Canceled
[   35.321389] tpm tpm0: Operation Canceled
[   35.334320] tpm tpm0: Operation Canceled
[   35.335720] tpm tpm0: Operation Canceled
[   35.356092] tpm tpm0: Operation Canceled
[   35.368555] tpm tpm0: Operation Canceled
[   35.370600] tpm tpm0: Operation Canceled
[   35.381833] tpm tpm0: Operation Canceled
[   35.383109] tpm tpm1: Operation Canceled
[   35.388702] tpm tpm0: Operation Canceled
[   35.395250] tpm tpm0: Operation Canceled
[   35.399521] tpm tpm0: Operation Canceled
[   35.402054] tpm tpm0: Operation Canceled
[   35.412567] tpm tpm0: Operation Canceled
[   35.417028] tpm tpm0: Operation Canceled
[   35.417598] tpm tpm1: Operation Canceled
[   35.422301] tpm tpm0: Operation Canceled
[   35.426169] tpm tpm0: Operation Canceled
[   35.426567] tpm tpm1: Operation Canceled
[   35.431243] tpm tpm0: Operation Canceled
[   35.431306] tpm tpm1: Operation Canceled
[   35.438841] tpm tpm0: Operation Canceled
[   35.441167] tpm tpm0: Operation Canceled
[   35.441840] tpm tpm1: Operation Canceled
[   35.443290] tpm tpm0: Operation Canceled
[   35.445764] tpm tpm1: Operation Canceled
[   35.448298] tpm tpm0: Operation Canceled
[   35.452301] tpm tpm0: Operation Canceled
[   35.455562] tpm tpm0: Operation Canceled
[   35.459288] tpm tpm0: Operation Canceled
[   35.461588] tpm tpm0: Operation Canceled
[   35.462043] tpm tpm1: Operation Canceled
[   35.464171] tpm tpm0: Operation Canceled
[   35.466128] tpm tpm0: Operation Canceled
[   35.472282] tpm tpm0: Operation Canceled
[   35.475126] tpm tpm0: Operation Canceled
[   35.477739] tpm tpm0: Operation Canceled
[   35.484862] tpm tpm0: Operation Canceled
[   35.487368] tpm tpm0: Operation Canceled
[   35.493567] tpm tpm0: Operation Canceled
[   35.494780] tpm tpm2: Operation Canceled
[   35.498502] tpm tpm0: Operation Canceled
[   35.501307] tpm tpm0: Operation Canceled
[   35.507929] tpm tpm0: Operation Canceled
[   35.510675] tpm tpm3: Operation Canceled
[   35.513199] tpm tpm0: Operation Canceled
[   35.514770] tpm tpm2: Operation Canceled
[   35.519507] tpm tpm0: Operation Canceled
[   35.521637] tpm tpm0: Operation Canceled
[   35.527326] tpm tpm0: Operation Canceled
[   35.527737] tpm tpm3: Operation Canceled
[   35.535281] tpm tpm0: Operation Canceled
[   35.541143] tpm tpm0: Operation Canceled
[   35.542804] tpm tpm0: Operation Canceled
[   35.551176] tpm tpm0: Operation Canceled
[   35.556374] tpm tpm0: Operation Canceled
[   35.557681] tpm tpm0: Operation Canceled
[   35.558277] tpm tpm1: Operation Canceled
[   35.558981] tpm tpm3: Operation Canceled
[   35.561701] tpm tpm0: Operation Canceled
[   35.563788] tpm tpm1: Operation Canceled
[   35.566200] tpm tpm0: Operation Canceled
[   35.570188] tpm tpm0: Operation Canceled
[   35.573213] tpm tpm0: Operation Canceled
[   35.574385] tpm tpm4: Operation Canceled
[   35.579540] tpm tpm0: Operation Canceled
[   35.583324] tpm tpm0: Operation Canceled
[   35.585910] tpm tpm0: Operation Canceled
[   35.585959] tpm tpm1: Operation Canceled
[   35.588273] tpm tpm4: Operation Canceled
[   35.596141] tpm tpm0: Operation Canceled
[   35.599297] tpm tpm0: Operation Canceled
[   35.600384] tpm tpm1: Operation Canceled
[   35.601859] tpm tpm0: Operation Canceled
[   35.604121] tpm tpm3: Operation Canceled
[   35.605800] tpm tpm0: Operation Canceled
[   35.610756] tpm tpm0: Operation Canceled
[   35.613360] tpm tpm0: Operation Canceled
[   35.616159] tpm tpm0: Operation Canceled
[   35.621245] tpm tpm0: Operation Canceled
[   35.624094] tpm tpm0: Operation Canceled
[   35.626002] tpm tpm0: Operation Canceled
[   35.627705] tpm tpm0: Operation Canceled
[   35.632633] tpm tpm0: Operation Canceled
[   35.636043] tpm tpm3: Operation Canceled
[   35.636304] tpm tpm0: Operation Canceled
[   35.641301] tpm tpm0: Operation Canceled
[   35.642007] tpm tpm3: Operation Canceled
[   35.646579] tpm tpm0: Operation Canceled
[   35.647427] tpm tpm2: Operation Canceled
[   35.651013] tpm tpm0: Operation Canceled
[   35.653734] tpm tpm0: Operation Canceled
[   35.656436] tpm tpm0: Operation Canceled
[   35.656767] tpm tpm1: Operation Canceled
[   35.659173] tpm tpm0: Operation Canceled
[   35.659474] tpm tpm2: Operation Canceled
[   35.664485] tpm tpm0: Operation Canceled
[   35.665011] tpm tpm1: Operation Canceled
[   35.669185] tpm tpm0: Operation Canceled
[   35.672576] tpm tpm3: Operation Canceled
[   35.672613] tpm tpm0: Operation Canceled
[   35.677393] tpm tpm0: Operation Canceled
[   35.677864] tpm tpm2: Operation Canceled
[   35.679086] tpm tpm0: Operation Canceled
[   35.681253] tpm tpm1: Operation Canceled
[   35.686539] tpm tpm0: Operation Canceled
[   35.688064] tpm tpm0: Operation Canceled
[   35.694728] tpm tpm4: Operation Canceled
[   35.695195] tpm tpm0: Operation Canceled
[   35.697568] tpm tpm0: Operation Canceled
[   35.700409] tpm tpm0: Operation Canceled
[   35.702976] tpm tpm1: Operation Canceled
[   35.704081] tpm tpm0: Operation Canceled
[   35.706754] tpm tpm0: Operation Canceled
[   35.709077] tpm tpm0: Operation Canceled
[   35.711464] tpm tpm0: Operation Canceled
[   35.712569] tpm tpm5: Operation Canceled
[   35.716444] tpm tpm4: Operation Canceled
[   35.717736] tpm tpm0: Operation Canceled
[   35.719652] tpm tpm0: Operation Canceled
[   35.722639] tpm tpm0: Operation Canceled
[   35.727107] tpm tpm0: Operation Canceled
[   35.727258] tpm tpm1: Operation Canceled
[   35.731158] tpm tpm0: Operation Canceled
[   35.734370] tpm tpm0: Operation Canceled
[   35.738762] tpm tpm0: Operation Canceled
[   35.742701] tpm tpm0: Operation Canceled
[   35.746770] tpm tpm0: Operation Canceled
[   35.747717] tpm tpm3: Operation Canceled
[   35.749769] tpm tpm2: Operation Canceled
[   35.750710] tpm tpm0: Operation Canceled
[   35.755080] tpm tpm0: Operation Canceled
[   35.756672] tpm tpm0: Operation Canceled
[   35.761249] tpm tpm0: Operation Canceled
[   35.765114] tpm tpm0: Operation Canceled
[   35.767525] tpm tpm0: Operation Canceled
[   35.769102] tpm tpm0: Operation Canceled
[   35.774366] tpm tpm0: Operation Canceled
[   35.775919] tpm tpm0: Operation Canceled
[   35.781276] tpm tpm0: Operation Canceled
[   35.783168] tpm tpm1: Operation Canceled
[   35.783493] tpm tpm2: Operation Canceled
[   35.785407] tpm tpm5: Operation Canceled
[   35.789655] tpm tpm0: Operation Canceled
[   35.791682] tpm tpm0: Operation Canceled
[   35.794799] tpm tpm0: Operation Canceled
[   35.797128] tpm tpm0: Operation Canceled
[   35.798372] tpm tpm2: Operation Canceled
[   35.798404] tpm tpm3: Operation Canceled
[   35.803350] tpm tpm0: Operation Canceled
[   35.803591] tpm tpm1: Operation Canceled
[   35.806268] tpm tpm4: Operation Canceled
[   35.806764] tpm tpm0: Operation Canceled
[   35.810396] tpm tpm0: Operation Canceled
[   35.811583] tpm tpm2: Operation Canceled
[   35.813340] tpm tpm4: Operation Canceled
[   35.817618] tpm tpm0: Operation Canceled
[   35.820147] tpm tpm0: Operation Canceled
[   35.821726] tpm tpm1: Operation Canceled
[   35.822276] tpm tpm2: Operation Canceled
[   35.824080] tpm tpm0: Operation Canceled
[   35.831306] tpm tpm0: Operation Canceled
[   35.831471] tpm tpm2: Operation Canceled
[   35.840186] tpm tpm0: Operation Canceled
[   35.842288] tpm tpm0: Operation Canceled
[   35.844190] tpm tpm0: Operation Canceled
[   35.849093] tpm tpm0: Operation Canceled
[   35.849197] tpm tpm2: Operation Canceled
[   35.856541] tpm tpm0: Operation Canceled
[   35.858786] tpm tpm1: Operation Canceled
[   35.861220] tpm tpm0: Operation Canceled
[   35.861418] tpm tpm1: Operation Canceled
[   35.864662] tpm tpm0: Operation Canceled
[   35.864703] tpm tpm3: Operation Canceled
[   35.869291] tpm tpm0: Operation Canceled
[   35.870352] tpm tpm1: Operation Canceled
[   35.874843] tpm tpm0: Operation Canceled
[   35.875321] tpm tpm1: Operation Canceled
[   35.877812] tpm tpm0: Operation Canceled
[   35.884093] tpm tpm0: Operation Canceled
[   35.885363] tpm tpm0: Operation Canceled
[   35.888673] tpm tpm0: Operation Canceled
[   35.894312] tpm tpm0: Operation Canceled
[   35.896512] tpm tpm0: Operation Canceled
[   35.898435] tpm tpm1: Operation Canceled
[   35.899291] tpm tpm0: Operation Canceled
[   35.901636] tpm tpm0: Operation Canceled
[   35.905245] tpm tpm0: Operation Canceled
[   35.909558] tpm tpm0: Operation Canceled
[   35.911604] tpm tpm0: Operation Canceled
[   35.914328] tpm tpm0: Operation Canceled
[   35.917574] tpm tpm0: Operation Canceled
[   35.918159] tpm tpm1: Operation Canceled
[   35.920821] tpm tpm0: Operation Canceled
[   35.922089] tpm tpm3: Operation Canceled
[   35.924452] tpm tpm0: Operation Canceled
[   35.927792] tpm tpm0: Operation Canceled
[   35.934677] tpm tpm0: Operation Canceled
[   35.934845] tpm tpm1: Operation Canceled
[   35.942807] tpm tpm0: Operation Canceled
[   35.948329] tpm tpm0: Operation Canceled
[   35.949106] tpm tpm5: Operation Canceled
[   35.954717] tpm tpm0: Operation Canceled
[   35.955995] tpm tpm1: Operation Canceled
[   35.957857] tpm tpm1: Operation Canceled
[   35.957968] tpm tpm0: Operation Canceled
[   35.961376] tpm tpm0: Operation Canceled
[   35.964847] tpm tpm2: Operation Canceled
[   35.964867] tpm tpm0: Operation Canceled
[   35.968080] tpm tpm0: Operation Canceled
[   35.969168] tpm tpm3: Operation Canceled
[   35.970281] tpm tpm0: Operation Canceled
[   35.973449] tpm tpm0: Operation Canceled
[   35.976207] tpm tpm0: Operation Canceled
[   35.977256] tpm tpm4: Operation Canceled
[   35.977852] tpm tpm5: Operation Canceled
[   35.983174] tpm tpm0: Operation Canceled
[   35.984014] tpm tpm3: Operation Canceled
[   35.989540] tpm tpm0: Operation Canceled
[   35.992045] tpm tpm0: Operation Canceled
[   35.993954] tpm tpm1: Operation Canceled
[   35.996906] tpm tpm0: Operation Canceled
[   35.997440] tpm tpm1: Operation Canceled
[   36.002752] tpm tpm0: Operation Canceled
[   36.002921] tpm tpm1: Operation Canceled
[   36.004847] tpm tpm2: Operation Canceled
[   36.005254] tpm tpm1: Operation Canceled
[   36.007968] tpm tpm0: Operation Canceled
[   36.008687] tpm tpm4: Operation Canceled
[   36.010785] tpm tpm0: Operation Canceled
[   36.012324] tpm tpm1: Operation Canceled
[   36.018749] tpm tpm0: Operation Canceled
[   36.019624] tpm tpm5: Operation Canceled
[   36.023714] tpm tpm0: Operation Canceled
[   36.026599] tpm tpm0: Operation Canceled
[   36.033532] tpm tpm0: Operation Canceled
[   36.033836] tpm tpm1: Operation Canceled
[   36.042411] tpm tpm0: Operation Canceled
[   36.044058] tpm tpm0: Operation Canceled
[   36.045306] tpm tpm2: Operation Canceled
[   36.049713] tpm tpm0: Operation Canceled
[   36.057861] tpm tpm1: Operation Canceled
[   36.058055] tpm tpm0: Operation Canceled
[   36.065158] tpm tpm0: Operation Canceled
[   36.070093] tpm tpm0: Operation Canceled
[   36.070935] tpm tpm2: Operation Canceled
[   36.072498] tpm tpm0: Operation Canceled
[   36.076668] tpm tpm0: Operation Canceled
[   36.080987] tpm tpm0: Operation Canceled
[   36.081003] tpm tpm1: Operation Canceled
[   36.087479] tpm tpm7: Operation Canceled
[   36.093738] tpm tpm0: Operation Canceled
[   36.094810] tpm tpm3: Operation Canceled
[   36.096043] tpm tpm0: Operation Canceled
[   36.098338] tpm tpm2: Operation Canceled
[   36.101785] tpm tpm1: Operation Canceled
[   36.102781] tpm tpm0: Operation Canceled
[   36.106782] tpm tpm0: Operation Canceled
[   36.107573] tpm tpm1: Operation Canceled
[   36.109877] tpm tpm0: Operation Canceled
[   36.116504] tpm tpm0: Operation Canceled
[   36.122805] tpm tpm0: Operation Canceled
[   36.124346] tpm tpm0: Operation Canceled
[   36.127707] tpm tpm0: Operation Canceled
[   36.128222] tpm tpm1: Operation Canceled
[   36.129538] tpm tpm0: Operation Canceled
[   36.135509] tpm tpm0: Operation Canceled
[   36.139557] tpm tpm0: Operation Canceled
[   36.143491] tpm tpm2: Operation Canceled
[   36.143588] tpm tpm0: Operation Canceled
[   36.145247] tpm tpm0: Operation Canceled
[   36.148017] tpm tpm1: Operation Canceled
[   36.150121] tpm tpm0: Operation Canceled
[   36.151455] tpm tpm0: Operation Canceled
[   36.153163] tpm tpm0: Operation Canceled
[   36.156941] tpm tpm0: Operation Canceled
[   36.158002] tpm tpm1: Operation Canceled
[   36.158635] tpm tpm2: Operation Canceled
[   36.161245] tpm tpm3: Operation Canceled
[   36.161925] tpm tpm0: Operation Canceled
[   36.164922] tpm tpm1: Operation Canceled
[   36.165193] tpm tpm0: Operation Canceled
[   36.169938] tpm tpm0: Operation Canceled
[   36.174479] tpm tpm0: Operation Canceled
[   36.177398] tpm tpm2: Operation Canceled
[   36.177698] tpm tpm0: Operation Canceled
[   36.184120] tpm tpm0: Operation Canceled
[   36.184263] tpm tpm2: Operation Canceled
[   36.188503] tpm tpm0: Operation Canceled
[   36.190515] tpm tpm2: Operation Canceled
[   36.192834] tpm tpm0: Operation Canceled
[   36.198900] tpm tpm0: Operation Canceled
[   36.199574] tpm tpm3: Operation Canceled
[   36.203358] tpm tpm0: Operation Canceled
[   36.206157] tpm tpm0: Operation Canceled
[   36.211626] tpm tpm0: Operation Canceled
[   36.212879] tpm tpm2: Operation Canceled
[   36.213960] tpm tpm0: Operation Canceled
[   36.217830] tpm tpm0: Operation Canceled
[   36.221013] tpm tpm0: Operation Canceled
[   36.222867] tpm tpm0: Operation Canceled
[   36.224582] tpm tpm0: Operation Canceled
[   36.226807] tpm tpm1: Operation Canceled
[   36.228581] tpm tpm1: Operation Canceled
[   36.234129] tpm tpm0: Operation Canceled
[   36.235031] tpm tpm1: Operation Canceled
[   36.240339] tpm tpm0: Operation Canceled
[   36.241132] tpm tpm5: Operation Canceled
[   36.248324] tpm tpm0: Operation Canceled
[   36.252484] tpm tpm0: Operation Canceled
[   36.253510] tpm tpm1: Operation Canceled
[   36.254700] tpm tpm0: Operation Canceled
[   36.260971] tpm tpm0: Operation Canceled
[   36.264033] tpm tpm0: Operation Canceled
[   36.265214] tpm tpm2: Operation Canceled
[   36.268781] tpm tpm0: Operation Canceled
[   36.270610] tpm tpm0: Operation Canceled
[   36.272530] tpm tpm0: Operation Canceled
[   36.273002] tpm tpm1: Operation Canceled
[   36.276099] tpm tpm0: Operation Canceled
[   36.277353] tpm tpm1: Operation Canceled
[   36.279293] tpm tpm0: Operation Canceled
[   36.285873] tpm tpm0: Operation Canceled
[   36.287805] tpm tpm6: Operation Canceled
[   36.291956] tpm tpm5: Operation Canceled
[   36.297327] tpm tpm0: Operation Canceled
[   36.297871] tpm tpm3: Operation Canceled
[   36.302011] tpm tpm0: Operation Canceled
[   36.303150] tpm tpm1: Operation Canceled
[   36.305001] tpm tpm0: Operation Canceled
[   36.307955] tpm tpm0: Operation Canceled
[   36.310116] tpm tpm0: Operation Canceled
[   36.311496] tpm tpm0: Operation Canceled
[   36.315415] tpm tpm3: Operation Canceled
[   36.317558] tpm tpm3: Operation Canceled
[   36.318048] tpm tpm0: Operation Canceled
[   36.325026] tpm tpm0: Operation Canceled
[   36.327168] tpm tpm0: Operation Canceled
[   36.327174] tpm tpm1: Operation Canceled
[   36.328991] tpm tpm0: Operation Canceled
[   36.331601] tpm tpm2: Operation Canceled
[   36.335597] tpm tpm0: Operation Canceled
[   36.340216] tpm tpm0: Operation Canceled
[   36.341133] tpm tpm3: Operation Canceled
[   36.345691] tpm tpm1: Operation Canceled
[   36.346091] tpm tpm0: Operation Canceled
[   36.350376] tpm tpm0: Operation Canceled
[   36.351404] tpm tpm1: Operation Canceled
[   36.351458] tpm tpm3: Operation Canceled
[   36.357366] tpm tpm0: Operation Canceled
[   36.360947] tpm tpm0: Operation Canceled
[   36.364399] tpm tpm0: Operation Canceled
[   36.366976] tpm tpm0: Operation Canceled
[   36.368277] tpm tpm3: Operation Canceled
[   36.374549] tpm tpm0: Operation Canceled
[   36.375611] tpm tpm3: Operation Canceled
[   36.383589] tpm tpm0: Operation Canceled
[   36.385520] tpm tpm0: Operation Canceled
[   36.389665] tpm tpm0: Operation Canceled
[   36.392667] tpm tpm0: Operation Canceled
[   36.396394] tpm tpm0: Operation Canceled
[   36.396766] tpm tpm1: Operation Canceled
[   36.398907] tpm tpm0: Operation Canceled
[   36.400654] tpm tpm0: Operation Canceled
[   36.403244] tpm tpm0: Operation Canceled
[   36.406456] tpm tpm0: Operation Canceled
[   36.407933] tpm tpm0: Operation Canceled
[   36.413696] tpm tpm0: Operation Canceled
[   36.415407] tpm tpm0: Operation Canceled
[   36.423500] tpm tpm0: Operation Canceled
[   36.423569] tpm tpm1: Operation Canceled
[   36.426046] tpm tpm0: Operation Canceled
[   36.429353] tpm tpm5: Operation Canceled
[   36.433517] tpm tpm0: Operation Canceled
[   36.433869] tpm tpm2: Operation Canceled
[   36.436523] tpm tpm0: Operation Canceled
[   36.443459] tpm tpm0: Operation Canceled
[   36.446381] tpm tpm0: Operation Canceled
[   36.449945] tpm tpm0: Operation Canceled
[   36.453751] tpm tpm3: Operation Canceled
[   36.456936] tpm tpm0: Operation Canceled
[   36.458292] tpm tpm0: Operation Canceled
[   36.466701] tpm tpm0: Operation Canceled
[   36.467947] tpm tpm5: Operation Canceled
[   36.468162] tpm tpm4: Operation Canceled
[   36.475746] tpm tpm0: Operation Canceled
[   36.477978] tpm tpm0: Operation Canceled
[   36.480279] tpm tpm0: Operation Canceled
[   36.481872] tpm tpm0: Operation Canceled
[   36.486746] tpm tpm0: Operation Canceled
[   36.488391] tpm tpm1: Operation Canceled
[   36.488786] tpm tpm0: Operation Canceled
[   36.491221] tpm tpm0: Operation Canceled
[   36.492301] tpm tpm3: Operation Canceled
[   36.495904] tpm tpm0: Operation Canceled
[   36.498962] tpm tpm0: Operation Canceled
[   36.499486] tpm tpm3: Operation Canceled
[   36.503671] tpm tpm0: Operation Canceled
[   36.507636] tpm tpm0: Operation Canceled
[   36.511046] tpm tpm1: Operation Canceled
[   36.511815] tpm tpm0: Operation Canceled
[   36.514680] tpm tpm1: Operation Canceled
[   36.515007] tpm tpm0: Operation Canceled
[   36.515745] tpm tpm4: Operation Canceled
[   36.516918] tpm tpm0: Operation Canceled
[   36.520632] tpm tpm0: Operation Canceled
[   36.523132] tpm tpm0: Operation Canceled
[   36.525043] tpm tpm0: Operation Canceled
[   36.525086] tpm tpm1: Operation Canceled
[   36.529137] tpm tpm0: Operation Canceled
[   36.532409] tpm tpm0: Operation Canceled
[   36.533287] tpm tpm1: Operation Canceled
[   36.536560] tpm tpm0: Operation Canceled
[   36.538397] tpm tpm1: Operation Canceled
[   36.538788] tpm tpm2: Operation Canceled
[   36.543592] tpm tpm0: Operation Canceled
[   36.546351] tpm tpm0: Operation Canceled
[   36.548319] tpm tpm0: Operation Canceled
[   36.552595] tpm tpm0: Operation Canceled
[   36.554612] tpm tpm3: Operation Canceled
[   36.557511] tpm tpm0: Operation Canceled
[   36.561529] tpm tpm0: Operation Canceled
[   36.567198] tpm tpm0: Operation Canceled
[   36.568554] tpm tpm1: Operation Canceled
[   36.568866] tpm tpm0: Operation Canceled
[   36.578441] tpm tpm0: Operation Canceled
[   36.579408] tpm tpm4: Operation Canceled
[   36.582655] tpm tpm5: Operation Canceled
[   36.587377] tpm tpm0: Operation Canceled
[   36.589255] tpm tpm1: Operation Canceled
[   36.592429] tpm tpm2: Operation Canceled
[   36.593570] tpm tpm0: Operation Canceled
[   36.599757] tpm tpm1: Operation Canceled
[   36.599846] tpm tpm3: Operation Canceled
[   36.601264] tpm tpm0: Operation Canceled
[   36.603770] tpm tpm0: Operation Canceled
[   36.606782] tpm tpm0: Operation Canceled
[   36.607983] tpm tpm4: Operation Canceled
[   36.617008] tpm tpm0: Operation Canceled
[   36.618815] tpm tpm0: Operation Canceled
[   36.623776] tpm tpm0: Operation Canceled
[   36.630592] tpm tpm0: Operation Canceled
[   36.634326] tpm tpm0: Operation Canceled
[   36.639482] tpm tpm0: Operation Canceled
[   36.643287] tpm tpm0: Operation Canceled
[   36.646154] tpm tpm0: Operation Canceled
[   36.648862] tpm tpm0: Operation Canceled
[   36.650769] tpm tpm4: Operation Canceled
[   36.654041] tpm tpm0: Operation Canceled
[   36.654772] tpm tpm2: Operation Canceled
[   36.657435] tpm tpm0: Operation Canceled
[   36.662586] tpm tpm0: Operation Canceled
[   36.664664] tpm tpm0: Operation Canceled
[   36.669109] tpm tpm1: Operation Canceled
[   36.672747] tpm tpm0: Operation Canceled
[   36.674308] tpm tpm0: Operation Canceled
[   36.677893] tpm tpm0: Operation Canceled
[   36.681039] tpm tpm2: Operation Canceled
[   36.685271] tpm tpm2: Operation Canceled
[   36.687056] tpm tpm1: Operation Canceled
[   36.690565] tpm tpm0: Operation Canceled
[   36.692503] tpm tpm0: Operation Canceled
[   36.692975] tpm tpm1: Operation Canceled
[   36.697679] tpm tpm0: Operation Canceled
[   36.700318] tpm tpm0: Operation Canceled
[   36.702371] tpm tpm3: Operation Canceled
[   36.703580] tpm tpm1: Operation Canceled
[   36.707636] tpm tpm4: Operation Canceled
[   36.709994] tpm tpm0: Operation Canceled
[   36.714638] tpm tpm0: Operation Canceled
[   36.719615] tpm tpm0: Operation Canceled
[   36.724660] tpm tpm0: Operation Canceled
[   36.726115] tpm tpm0: Operation Canceled
[   36.730164] tpm tpm0: Operation Canceled
[   36.734814] tpm tpm0: Operation Canceled
[   36.736104] tpm tpm1: Operation Canceled
[   36.738536] tpm tpm2: Operation Canceled
[   36.741960] tpm tpm0: Operation Canceled
[   36.743497] tpm tpm0: Operation Canceled
[   36.745847] tpm tpm2: Operation Canceled
[   36.750184] tpm tpm2: Operation Canceled
[   36.750359] tpm tpm0: Operation Canceled
[   36.755853] tpm tpm6: Operation Canceled
[   36.759325] tpm tpm0: Operation Canceled
[   36.759538] tpm tpm3: Operation Canceled
[   36.763353] tpm tpm0: Operation Canceled
[   36.768274] tpm tpm0: Operation Canceled
[   36.769114] tpm tpm1: Operation Canceled
[   36.771708] tpm tpm0: Operation Canceled
[   36.778195] tpm tpm0: Operation Canceled
[   36.781521] tpm tpm0: Operation Canceled
[   36.786524] tpm tpm0: Operation Canceled
[   36.788545] tpm tpm0: Operation Canceled
[   36.789856] tpm tpm0: Operation Canceled
[   36.798776] tpm tpm0: Operation Canceled
[   36.798842] tpm tpm2: Operation Canceled
[   36.808188] tpm tpm0: Operation Canceled
[   36.810799] tpm tpm0: Operation Canceled
[   36.812873] tpm tpm2: Operation Canceled
[   36.813935] tpm tpm3: Operation Canceled
[   36.819155] tpm tpm0: Operation Canceled
[   36.820737] tpm tpm0: Operation Canceled
[   36.825240] tpm tpm0: Operation Canceled
[   36.828878] tpm tpm0: Operation Canceled
[   36.829243] tpm tpm2: Operation Canceled
[   36.833032] tpm tpm0: Operation Canceled
[   36.833689] tpm tpm1: Operation Canceled
[   36.835143] tpm tpm0: Operation Canceled
[   36.837162] tpm tpm3: Operation Canceled
[   36.838759] tpm tpm0: Operation Canceled
[   36.844614] tpm tpm0: Operation Canceled
[   36.846468] tpm tpm0: Operation Canceled
[   36.850191] tpm tpm0: Operation Canceled
[   36.855630] tpm tpm0: Operation Canceled
[   36.855934] tpm tpm1: Operation Canceled
[   36.861157] tpm tpm6: Operation Canceled
[   36.863257] tpm tpm0: Operation Canceled
[   36.864740] tpm tpm2: Operation Canceled
[   36.867100] tpm tpm0: Operation Canceled
[   36.873844] tpm tpm0: Operation Canceled
[   36.874102] tpm tpm3: Operation Canceled
[   36.881960] tpm tpm0: Operation Canceled
[   36.885892] tpm tpm0: Operation Canceled
[   36.886277] tpm tpm3: Operation Canceled
[   36.889403] tpm tpm0: Operation Canceled
[   36.893999] tpm tpm0: Operation Canceled
[   36.896739] tpm tpm0: Operation Canceled
[   36.899922] tpm tpm2: Operation Canceled
[   36.906043] tpm tpm0: Operation Canceled
[   36.911467] tpm tpm0: Operation Canceled
[   36.912766] tpm tpm3: Operation Canceled
[   36.914053] tpm tpm1: Operation Canceled
[   36.918275] tpm tpm0: Operation Canceled
[   36.919228] tpm tpm2: Operation Canceled
[   36.924713] tpm tpm0: Operation Canceled
[   36.928370] tpm tpm0: Operation Canceled
[   36.929163] tpm tpm4: Operation Canceled
[   36.932325] tpm tpm0: Operation Canceled
[   36.935685] tpm tpm1: Operation Canceled
[   36.940840] tpm tpm0: Operation Canceled
[   36.941202] tpm tpm2: Operation Canceled
[   36.948039] tpm tpm0: Operation Canceled
[   36.948299] tpm tpm1: Operation Canceled
[   36.950790] tpm tpm0: Operation Canceled
[   36.952386] tpm tpm1: Operation Canceled
[   36.954490] tpm tpm0: Operation Canceled
[   36.958118] tpm tpm0: Operation Canceled
[   36.964329] tpm tpm0: Operation Canceled
[   36.965059] tpm tpm4: Operation Canceled
[   36.973570] tpm tpm0: Operation Canceled
[   36.976151] tpm tpm0: Operation Canceled
[   36.978225] tpm tpm1: Operation Canceled
[   36.978541] tpm tpm0: Operation Canceled
[   36.983153] tpm tpm0: Operation Canceled
[   36.988905] tpm tpm0: Operation Canceled
[   36.989393] tpm tpm4: Operation Canceled
[   36.998125] tpm tpm0: Operation Canceled
[   37.000316] tpm tpm0: Operation Canceled
[   37.001104] tpm tpm1: Operation Canceled
[   37.002348] tpm tpm0: Operation Canceled
[   37.005173] tpm tpm3: Operation Canceled
[   37.008362] tpm tpm0: Operation Canceled
[   37.012045] tpm tpm1: Operation Canceled
[   37.013001] tpm tpm2: Operation Canceled
[   37.017493] tpm tpm0: Operation Canceled
[   37.018787] tpm tpm1: Operation Canceled
[   37.023180] tpm tpm0: Operation Canceled
[   37.026202] tpm tpm0: Operation Canceled
[   37.028407] tpm tpm0: Operation Canceled
[   37.030563] tpm tpm1: Operation Canceled
[   37.032027] tpm tpm0: Operation Canceled
[   37.033692] tpm tpm0: Operation Canceled
[   37.036537] tpm tpm0: Operation Canceled
[   37.036704] tpm tpm3: Operation Canceled
[   37.043276] tpm tpm0: Operation Canceled
[   37.044429] tpm tpm4: Operation Canceled
[   37.053949] tpm tpm0: Operation Canceled
[   37.054688] tpm tpm3: Operation Canceled
[   37.064436] tpm tpm0: Operation Canceled
[   37.065830] tpm tpm0: Operation Canceled
[   37.068856] tpm tpm3: Operation Canceled
[   37.072237] tpm tpm0: Operation Canceled
[   37.075415] tpm tpm0: Operation Canceled
[   37.076479] tpm tpm3: Operation Canceled
[   37.077446] tpm tpm0: Operation Canceled
[   37.081080] tpm tpm0: Operation Canceled
[   37.082107] tpm tpm1: Operation Canceled
[   37.085648] tpm tpm0: Operation Canceled
[   37.088384] tpm tpm0: Operation Canceled
[   37.090418] tpm tpm0: Operation Canceled
[   37.096301] tpm tpm0: Operation Canceled
[   37.098889] tpm tpm0: Operation Canceled
[   37.100361] tpm tpm5: Operation Canceled
[   37.103440] tpm tpm1: Operation Canceled
[   37.106611] tpm tpm0: Operation Canceled
[   37.108758] tpm tpm0: Operation Canceled
[   37.111247] tpm tpm3: Operation Canceled
[   37.115516] tpm tpm0: Operation Canceled
[   37.118670] tpm tpm0: Operation Canceled
[   37.119106] tpm tpm1: Operation Canceled
[   37.120274] tpm tpm0: Operation Canceled
[   37.123521] tpm tpm0: Operation Canceled
[   37.124991] tpm tpm0: Operation Canceled
[   37.130780] tpm tpm0: Operation Canceled
[   37.132249] tpm tpm0: Operation Canceled
[   37.132965] tpm tpm1: Operation Canceled
[   37.137049] tpm tpm2: Operation Canceled
[   37.137767] tpm tpm0: Operation Canceled
[   37.139075] tpm tpm4: Operation Canceled
[   37.147029] tpm tpm0: Operation Canceled
[   37.150126] tpm tpm1: Operation Canceled
[   37.150141] tpm tpm0: Operation Canceled
[   37.155726] tpm tpm1: Operation Canceled
[   37.158205] tpm tpm1: Operation Canceled
[   37.160071] tpm tpm2: Operation Canceled
[   37.166586] tpm tpm0: Operation Canceled
[   37.166687] tpm tpm1: Operation Canceled
[   37.172339] tpm tpm6: Operation Canceled
[   37.174391] tpm tpm0: Operation Canceled
[   37.178072] tpm tpm0: Operation Canceled
[   37.182384] tpm tpm0: Operation Canceled
[   37.182995] tpm tpm2: Operation Canceled
[   37.185573] tpm tpm3: Operation Canceled
[   37.189073] tpm tpm1: Operation Canceled
[   37.189643] tpm tpm0: Operation Canceled
[   37.191785] tpm tpm0: Operation Canceled
[   37.194771] tpm tpm2: Operation Canceled
[   37.194934] tpm tpm0: Operation Canceled
[   37.198527] tpm tpm0: Operation Canceled
[   37.201848] tpm tpm0: Operation Canceled
[   37.203064] tpm tpm2: Operation Canceled
[   37.203326] tpm tpm0: Operation Canceled
[   37.207462] tpm tpm1: Operation Canceled
[   37.209193] tpm tpm0: Operation Canceled
[   37.210226] tpm tpm1: Operation Canceled
[   37.213351] tpm tpm0: Operation Canceled
[   37.216766] tpm tpm0: Operation Canceled
[   37.219083] tpm tpm2: Operation Canceled
[   37.219619] tpm tpm3: Operation Canceled
[   37.221544] tpm tpm0: Operation Canceled
[   37.224469] tpm tpm0: Operation Canceled
[   37.225774] tpm tpm1: Operation Canceled
[   37.228762] tpm tpm0: Operation Canceled
[   37.230453] tpm tpm0: Operation Canceled
[   37.232077] tpm tpm4: Operation Canceled
[   37.237888] tpm tpm0: Operation Canceled
[   37.238944] tpm tpm1: Operation Canceled
[   37.243472] tpm tpm0: Operation Canceled
[   37.244131] tpm tpm2: Operation Canceled
[   37.244751] tpm tpm1: Operation Canceled
[   37.248056] tpm tpm0: Operation Canceled
[   37.250833] tpm tpm0: Operation Canceled
[   37.251600] tpm tpm3: Operation Canceled
[   37.252908] tpm tpm0: Operation Canceled
[   37.259263] tpm tpm0: Operation Canceled
[   37.263949] tpm tpm0: Operation Canceled
[   37.265627] tpm tpm0: Operation Canceled
[   37.270259] tpm tpm0: Operation Canceled
[   37.270367] tpm tpm2: Operation Canceled
[   37.275843] tpm tpm0: Operation Canceled
[   37.277772] tpm tpm2: Operation Canceled
[   37.283131] tpm tpm0: Operation Canceled
[   37.283710] tpm tpm2: Operation Canceled
[   37.284445] tpm tpm3: Operation Canceled
[   37.289463] tpm tpm0: Operation Canceled
[   37.290132] tpm tpm1: Operation Canceled
[   37.292364] tpm tpm2: Operation Canceled
[   37.296219] tpm tpm0: Operation Canceled
[   37.298162] tpm tpm5: Operation Canceled
[   37.298229] tpm tpm1: Operation Canceled
[   37.304549] tpm tpm0: Operation Canceled
[   37.312100] tpm tpm0: Operation Canceled
[   37.313650] tpm tpm0: Operation Canceled
[   37.320216] tpm tpm1: Operation Canceled
[   37.320274] tpm tpm0: Operation Canceled
[   37.325757] tpm tpm0: Operation Canceled
[   37.328130] tpm tpm0: Operation Canceled
[   37.333705] tpm tpm0: Operation Canceled
[   37.336179] tpm tpm1: Operation Canceled
[   37.339974] tpm tpm0: Operation Canceled
[   37.341941] tpm tpm0: Operation Canceled
[   37.348335] tpm tpm0: Operation Canceled
[   37.350828] tpm tpm4: Operation Canceled
[   37.350915] tpm tpm0: Operation Canceled
[   37.353701] tpm tpm0: Operation Canceled
[   37.356595] tpm tpm3: Operation Canceled
[   37.357660] tpm tpm0: Operation Canceled
[   37.360767] tpm tpm2: Operation Canceled
[   37.363091] tpm tpm0: Operation Canceled
[   37.364608] tpm tpm0: Operation Canceled
[   37.371268] tpm tpm0: Operation Canceled
[   37.373783] tpm tpm0: Operation Canceled
[   37.380454] tpm tpm1: Operation Canceled
[   37.380457] tpm tpm0: Operation Canceled
[   37.382775] tpm tpm0: Operation Canceled
[   37.384655] tpm tpm2: Operation Canceled
[   37.388099] tpm tpm0: Operation Canceled
[   37.393999] tpm tpm0: Operation Canceled
[   37.396613] tpm tpm0: Operation Canceled
[   37.402363] tpm tpm0: Operation Canceled
[   37.405563] tpm tpm0: Operation Canceled
[   37.405719] tpm tpm1: Operation Canceled
[   37.407588] tpm tpm0: Operation Canceled
[   37.412465] tpm tpm3: Operation Canceled
[   37.413488] tpm tpm0: Operation Canceled
[   37.418193] tpm tpm0: Operation Canceled
[   37.420295] tpm tpm0: Operation Canceled
[   37.425822] tpm tpm0: Operation Canceled
[   37.428796] tpm tpm0: Operation Canceled
[   37.434015] tpm tpm0: Operation Canceled
[   37.436410] tpm tpm0: Operation Canceled
[   37.438227] tpm tpm0: Operation Canceled
[   37.440675] tpm tpm2: Operation Canceled
[   37.447567] tpm tpm0: Operation Canceled
[   37.447682] tpm tpm1: Operation Canceled
[   37.455630] tpm tpm0: Operation Canceled
[   37.457999] tpm tpm0: Operation Canceled
[   37.460233] tpm tpm0: Operation Canceled
[   37.462126] tpm tpm0: Operation Canceled
[   37.462263] tpm tpm2: Operation Canceled
[   37.464059] tpm tpm4: Operation Canceled
[   37.464545] tpm tpm2: Operation Canceled
[   37.466110] tpm tpm0: Operation Canceled
[   37.473470] tpm tpm0: Operation Canceled
[   37.473964] tpm tpm2: Operation Canceled
[   37.477079] tpm tpm0: Operation Canceled
[   37.483704] tpm tpm0: Operation Canceled
[   37.485569] tpm tpm0: Operation Canceled
[   37.487963] tpm tpm0: Operation Canceled
[   37.489028] tpm tpm1: Operation Canceled
[   37.494212] tpm tpm0: Operation Canceled
[   37.495904] tpm tpm0: Operation Canceled
[   37.502119] tpm tpm0: Operation Canceled
[   37.503345] tpm tpm1: Operation Canceled
[   37.507865] tpm tpm0: Operation Canceled
[   37.508868] tpm tpm1: Operation Canceled
[   37.510149] tpm tpm0: Operation Canceled
[   37.513607] tpm tpm3: Operation Canceled
[   37.515145] tpm tpm0: Operation Canceled
[   37.522478] tpm tpm0: Operation Canceled
[   37.523790] tpm tpm0: Operation Canceled
[   37.529256] tpm tpm4: Operation Canceled
[   37.530320] tpm tpm0: Operation Canceled
[   37.530780] tpm tpm1: Operation Canceled
[   37.535992] tpm tpm0: Operation Canceled
[   37.538989] tpm tpm0: Operation Canceled
[   37.540419] tpm tpm0: Operation Canceled
[   37.540570] tpm tpm2: Operation Canceled
[   37.547237] tpm tpm0: Operation Canceled
[   37.552388] tpm tpm0: Operation Canceled
[   37.555057] tpm tpm0: Operation Canceled
[   37.556292] tpm tpm3: Operation Canceled
[   37.561444] tpm tpm0: Operation Canceled
[   37.566500] tpm tpm0: Operation Canceled
[   37.566818] tpm tpm1: Operation Canceled
[   37.572573] tpm tpm0: Operation Canceled
[   37.575941] tpm tpm1: Operation Canceled
[   37.576873] tpm tpm0: Operation Canceled
[   37.584870] tpm tpm0: Operation Canceled
[   37.587164] tpm tpm0: Operation Canceled
[   37.590328] tpm tpm1: Operation Canceled
[   37.591393] tpm tpm2: Operation Canceled
[   37.592449] tpm tpm0: Operation Canceled
[   37.598455] tpm tpm0: Operation Canceled
[   37.602129] tpm tpm0: Operation Canceled
[   37.606127] tpm tpm0: Operation Canceled
[   37.606152] tpm tpm1: Operation Canceled
[   37.612279] tpm tpm0: Operation Canceled
[   37.612641] tpm tpm1: Operation Canceled
[   37.617867] tpm tpm0: Operation Canceled
[   37.621656] tpm tpm0: Operation Canceled
[   37.621949] tpm tpm2: Operation Canceled
[   37.624252] tpm tpm0: Operation Canceled
[   37.625321] tpm tpm1: Operation Canceled
[   37.629727] tpm tpm0: Operation Canceled
[   37.630259] tpm tpm1: Operation Canceled
[   37.632772] tpm tpm0: Operation Canceled
[   37.639305] tpm tpm0: Operation Canceled
[   37.642506] tpm tpm0: Operation Canceled
[   37.642802] tpm tpm2: Operation Canceled
[   37.648443] tpm tpm0: Operation Canceled
[   37.651619] tpm tpm0: Operation Canceled
[   37.653692] tpm tpm0: Operation Canceled
[   37.656961] tpm tpm0: Operation Canceled
[   37.661393] tpm tpm0: Operation Canceled
[   37.663827] tpm tpm0: Operation Canceled
[   37.664447] tpm tpm4: Operation Canceled
[   37.671108] tpm tpm0: Operation Canceled
[   37.678802] tpm tpm0: Operation Canceled
[   37.685034] tpm tpm0: Operation Canceled
[   37.686332] tpm tpm4: Operation Canceled
[   37.689034] tpm tpm0: Operation Canceled
[   37.689857] tpm tpm2: Operation Canceled
[   37.695247] tpm tpm0: Operation Canceled
[   37.702760] tpm tpm0: Operation Canceled
[   37.703727] tpm tpm4: Operation Canceled
[   37.711537] tpm tpm0: Operation Canceled
[   37.714457] tpm tpm0: Operation Canceled
[   37.718760] tpm tpm0: Operation Canceled
[   37.720427] tpm tpm0: Operation Canceled
[   37.722800] tpm tpm0: Operation Canceled
[   37.724716] tpm tpm0: Operation Canceled
[   37.726512] tpm tpm0: Operation Canceled
[   37.728324] tpm tpm0: Operation Canceled
[   37.733420] tpm tpm0: Operation Canceled
[   37.734805] tpm tpm5: Operation Canceled
[   37.740064] tpm tpm0: Operation Canceled
[   37.741723] tpm tpm1: Operation Canceled
[   37.742850] tpm tpm0: Operation Canceled
[   37.748442] tpm tpm0: Operation Canceled
[   37.750771] tpm tpm0: Operation Canceled
[   37.755817] tpm tpm0: Operation Canceled
[   37.759040] tpm tpm0: Operation Canceled
[   37.761453] tpm tpm0: Operation Canceled
[   37.761681] tpm tpm1: Operation Canceled
[   37.765388] tpm tpm0: Operation Canceled
[   37.765514] tpm tpm2: Operation Canceled
[   37.769552] tpm tpm1: Operation Canceled
[   37.772001] tpm tpm0: Operation Canceled
[   37.773334] tpm tpm1: Operation Canceled
[   37.779426] tpm tpm0: Operation Canceled
[   37.780156] tpm tpm2: Operation Canceled
[   37.782187] tpm tpm0: Operation Canceled
[   37.788438] tpm tpm0: Operation Canceled
[   37.789926] tpm tpm1: Operation Canceled
[   37.790910] tpm tpm3: Operation Canceled
[   37.794403] tpm tpm0: Operation Canceled
[   37.794488] tpm tpm2: Operation Canceled
[   37.798372] tpm tpm0: Operation Canceled
[   37.801472] tpm tpm1: Operation Canceled
[   37.804438] tpm tpm0: Operation Canceled
[   37.805319] tpm tpm4: Operation Canceled
[   37.812898] tpm tpm0: Operation Canceled
[   37.817423] tpm tpm0: Operation Canceled
[   37.818491] tpm tpm1: Operation Canceled
[   37.820321] tpm tpm0: Operation Canceled
[   37.821383] tpm tpm3: Operation Canceled
[   37.824809] tpm tpm4: Operation Canceled
[   37.828334] tpm tpm0: Operation Canceled
[   37.829894] tpm tpm0: Operation Canceled
[   37.831414] tpm tpm2: Operation Canceled
[   37.835953] tpm tpm3: Operation Canceled
[   37.836173] tpm tpm0: Operation Canceled
[   37.840370] tpm tpm2: Operation Canceled
[   37.843537] tpm tpm0: Operation Canceled
[   37.849322] tpm tpm0: Operation Canceled
[   37.849939] tpm tpm2: Operation Canceled
[   37.853767] tpm tpm4: Operation Canceled
[   37.861291] tpm tpm0: Operation Canceled
[   37.861433] tpm tpm2: Operation Canceled
[   37.865019] tpm tpm0: Operation Canceled
[   37.870021] tpm tpm0: Operation Canceled
[   37.871540] tpm tpm1: Operation Canceled
[   37.876033] tpm tpm0: Operation Canceled
[   37.877829] tpm tpm0: Operation Canceled
[   37.885318] tpm tpm0: Operation Canceled
[   37.888088] tpm tpm0: Operation Canceled
[   37.891598] tpm tpm0: Operation Canceled
[   37.895444] tpm tpm0: Operation Canceled
[   37.895512] tpm tpm2: Operation Canceled
[   37.900921] tpm tpm0: Operation Canceled
[   37.903339] tpm tpm0: Operation Canceled
[   37.905247] tpm tpm0: Operation Canceled
[   37.907699] tpm tpm0: Operation Canceled
[   37.910792] tpm tpm0: Operation Canceled
[   37.913129] tpm tpm3: Operation Canceled
[   37.919366] tpm tpm0: Operation Canceled
[   37.923563] tpm tpm0: Operation Canceled
[   37.923800] tpm tpm2: Operation Canceled
[   37.926054] tpm tpm0: Operation Canceled
[   37.930877] tpm tpm0: Operation Canceled
[   37.934556] tpm tpm0: Operation Canceled
[   37.937074] tpm tpm2: Operation Canceled
[   37.941767] tpm tpm0: Operation Canceled
[   37.945492] tpm tpm0: Operation Canceled
[   37.948712] tpm tpm0: Operation Canceled
[   37.949989] tpm tpm2: Operation Canceled
[   37.954710] tpm tpm0: Operation Canceled
[   37.957824] tpm tpm0: Operation Canceled
[   37.959725] tpm tpm3: Operation Canceled
[   37.960788] tpm tpm4: Operation Canceled
[   37.965711] tpm tpm0: Operation Canceled
[   37.965976] tpm tpm4: Operation Canceled
[   37.969194] tpm tpm0: Operation Canceled
[   37.974834] tpm tpm0: Operation Canceled
[   37.980342] tpm tpm0: Operation Canceled
[   37.980940] tpm tpm2: Operation Canceled
[   37.983784] tpm tpm0: Operation Canceled
[   37.985217] tpm tpm2: Operation Canceled
[   37.986001] tpm tpm1: Operation Canceled
[   37.987669] tpm tpm3: Operation Canceled
[   37.990437] tpm tpm0: Operation Canceled
[   37.993178] tpm tpm2: Operation Canceled
[   37.996712] tpm tpm0: Operation Canceled
[   37.999131] tpm tpm0: Operation Canceled
[   38.001446] tpm tpm0: Operation Canceled
[   38.002180] tpm tpm2: Operation Canceled
[   38.007430] tpm tpm0: Operation Canceled
[   38.014228] tpm tpm0: Operation Canceled
[   38.014510] tpm tpm3: Operation Canceled
[   38.022756] tpm tpm0: Operation Canceled
[   38.029853] tpm tpm0: Operation Canceled
[   38.030289] tpm tpm4: Operation Canceled
[   38.038577] tpm tpm0: Operation Canceled
[   38.043938] tpm tpm0: Operation Canceled
[   38.048582] tpm tpm1: Operation Canceled
[   38.049599] tpm tpm0: Operation Canceled
[   38.052994] tpm tpm0: Operation Canceled
[   38.058551] tpm tpm0: Operation Canceled
[   38.063632] tpm tpm0: Operation Canceled
[   38.067054] tpm tpm0: Operation Canceled
[   38.067485] tpm tpm1: Operation Canceled
[   38.072839] tpm tpm3: Operation Canceled
[   38.072868] tpm tpm0: Operation Canceled
[   38.079257] tpm tpm1: Operation Canceled
[   38.081722] tpm tpm0: Operation Canceled
[   38.086516] tpm tpm0: Operation Canceled
[   38.088194] tpm tpm0: Operation Canceled
[   38.091290] tpm tpm0: Operation Canceled
[   38.093204] tpm tpm0: Operation Canceled
[   38.099097] tpm tpm0: Operation Canceled
[   38.105708] tpm tpm0: Operation Canceled
[   38.107180] tpm tpm0: Operation Canceled
[   38.110438] tpm tpm3: Operation Canceled
[   38.115191] tpm tpm0: Operation Canceled
[   38.121314] tpm tpm0: Operation Canceled
[   38.122005] tpm tpm5: Operation Canceled
[   38.126923] tpm tpm0: Operation Canceled
[   38.130496] tpm tpm0: Operation Canceled
[   38.134022] tpm tpm0: Operation Canceled
[   38.136789] tpm tpm0: Operation Canceled
[   38.137848] tpm tpm1: Operation Canceled
[   38.138642] tpm tpm0: Operation Canceled
[   38.147489] tpm tpm0: Operation Canceled
[   38.148826] tpm tpm4: Operation Canceled
[   38.156488] tpm tpm1: Operation Canceled
[   38.163596] tpm tpm0: Operation Canceled
[   38.164920] tpm tpm0: Operation Canceled
[   38.168453] tpm tpm0: Operation Canceled
[   38.170465] tpm tpm0: Operation Canceled
[   38.175956] tpm tpm0: Operation Canceled
[   38.179323] tpm tpm0: Operation Canceled
[   38.181362] tpm tpm0: Operation Canceled
[   38.189234] tpm tpm0: Operation Canceled
[   38.193791] tpm tpm0: Operation Canceled
[   38.200906] tpm tpm0: Operation Canceled
[   38.201643] tpm tpm4: Operation Canceled
[   38.209836] tpm tpm0: Operation Canceled
[   38.213189] tpm tpm0: Operation Canceled
[   38.216192] tpm tpm0: Operation Canceled
[   38.220104] tpm tpm0: Operation Canceled
[   38.220859] tpm tpm1: Operation Canceled
[   38.223389] tpm tpm0: Operation Canceled
[   38.228130] tpm tpm0: Operation Canceled
[   38.228821] tpm tpm1: Operation Canceled
[   38.232643] tpm tpm0: Operation Canceled
[   38.232973] tpm tpm1: Operation Canceled
[   38.238036] tpm tpm0: Operation Canceled
[   38.242152] tpm tpm0: Operation Canceled
[   38.243251] tpm tpm1: Operation Canceled
[   38.244462] tpm tpm3: Operation Canceled
[   38.246314] tpm tpm0: Operation Canceled
[   38.249552] tpm tpm0: Operation Canceled
[   38.253319] tpm tpm0: Operation Canceled
[   38.253457] tpm tpm3: Operation Canceled
[   38.254436] tpm tpm1: Operation Canceled
[   38.260483] tpm tpm0: Operation Canceled
[   38.263307] tpm tpm0: Operation Canceled
[   38.266220] tpm tpm0: Operation Canceled
[   38.268302] tpm tpm2: Operation Canceled
[   38.268803] tpm tpm0: Operation Canceled
[   38.274857] tpm tpm0: Operation Canceled
[   38.279199] tpm tpm0: Operation Canceled
[   38.281676] tpm tpm0: Operation Canceled
[   38.282150] tpm tpm1: Operation Canceled
[   38.283443] tpm tpm0: Operation Canceled
[   38.286412] tpm tpm1: Operation Canceled
[   38.287781] tpm tpm0: Operation Canceled
[   38.293462] tpm tpm0: Operation Canceled
[   38.295683] tpm tpm0: Operation Canceled
[   38.297028] tpm tpm0: Operation Canceled
[   38.298977] tpm tpm4: Operation Canceled
[   38.304951] tpm tpm0: Operation Canceled
[   38.305449] tpm tpm4: Operation Canceled
[   38.315268] tpm tpm0: Operation Canceled
[   38.318132] tpm tpm0: Operation Canceled
[   38.324875] tpm tpm0: Operation Canceled
[   38.327546] tpm tpm0: Operation Canceled
[   38.331781] tpm tpm0: Operation Canceled
[   38.332578] tpm tpm1: Operation Canceled
[   38.336954] tpm tpm1: Operation Canceled
[   38.338880] tpm tpm0: Operation Canceled
[   38.345189] tpm tpm0: Operation Canceled
[   38.346350] tpm tpm3: Operation Canceled
[   38.353537] tpm tpm0: Operation Canceled
[   38.356019] tpm tpm1: Operation Canceled
[   38.356999] tpm tpm0: Operation Canceled
[   38.361317] tpm tpm4: Operation Canceled
[   38.362709] tpm tpm0: Operation Canceled
[   38.369059] tpm tpm0: Operation Canceled
[   38.370979] tpm tpm0: Operation Canceled
[   38.375899] tpm tpm0: Operation Canceled
[   38.378252] tpm tpm0: Operation Canceled
[   38.380918] tpm tpm0: Operation Canceled
[   38.384115] tpm tpm0: Operation Canceled
[   38.387250] tpm tpm0: Operation Canceled
[   38.387364] tpm tpm3: Operation Canceled
[   38.389983] tpm tpm0: Operation Canceled
[   38.395063] tpm tpm0: Operation Canceled
[   38.399115] tpm tpm0: Operation Canceled
[   38.399706] tpm tpm1: Operation Canceled
[   38.405055] tpm tpm0: Operation Canceled
[   38.406083] tpm tpm3: Operation Canceled
[   38.408936] tpm tpm2: Operation Canceled
[   38.412864] tpm tpm0: Operation Canceled
[   38.415493] tpm tpm0: Operation Canceled
[   38.417675] tpm tpm1: Operation Canceled
[   38.418528] tpm tpm3: Operation Canceled
[   38.426708] tpm tpm0: Operation Canceled
[   38.430152] tpm tpm0: Operation Canceled
[   38.432474] tpm tpm1: Operation Canceled
[   38.436763] tpm tpm0: Operation Canceled
[   38.437517] tpm tpm2: Operation Canceled
[   38.443784] tpm tpm0: Operation Canceled
[   38.444623] tpm tpm1: Operation Canceled
[   38.446793] tpm tpm0: Operation Canceled
[   38.455567] tpm tpm0: Operation Canceled
[   38.462867] tpm tpm0: Operation Canceled
[   38.467407] tpm tpm1: Operation Canceled
[   38.467454] tpm tpm0: Operation Canceled
[   38.472716] tpm tpm0: Operation Canceled
[   38.477137] tpm tpm0: Operation Canceled
[   38.477703] tpm tpm1: Operation Canceled
[   38.481117] tpm tpm0: Operation Canceled
[   38.481160] tpm tpm2: Operation Canceled
[   38.483191] tpm tpm0: Operation Canceled
[   38.486880] tpm tpm0: Operation Canceled
[   38.490485] tpm tpm0: Operation Canceled
[   38.493503] tpm tpm0: Operation Canceled
[   38.494114] tpm tpm3: Operation Canceled
[   38.498546] tpm tpm1: Operation Canceled
[   38.502150] tpm tpm0: Operation Canceled
[   38.503222] tpm tpm1: Operation Canceled
[   38.503663] tpm tpm0: Operation Canceled
[   38.509669] tpm tpm0: Operation Canceled
[   38.515003] tpm tpm1: Operation Canceled
[   38.515074] tpm tpm0: Operation Canceled
[   38.519991] tpm tpm5: Operation Canceled
[   38.522116] tpm tpm0: Operation Canceled
[   38.523734] tpm tpm1: Operation Canceled
[   38.524325] tpm tpm2: Operation Canceled
[   38.530910] tpm tpm0: Operation Canceled
[   38.531641] tpm tpm2: Operation Canceled
[   38.532821] tpm tpm1: Operation Canceled
[   38.538765] tpm tpm0: Operation Canceled
[   38.541149] tpm tpm2: Operation Canceled
[   38.541435] tpm tpm0: Operation Canceled
[   38.547656] tpm tpm0: Operation Canceled
[   38.549931] tpm tpm0: Operation Canceled
[   38.550616] tpm tpm2: Operation Canceled
[   38.554150] tpm tpm0: Operation Canceled
[   38.556983] tpm tpm0: Operation Canceled
[   38.561072] tpm tpm0: Operation Canceled
[   38.563292] tpm tpm0: Operation Canceled
[   38.566658] tpm tpm1: Operation Canceled
[   38.566797] tpm tpm0: Operation Canceled
[   38.569565] tpm tpm3: Operation Canceled
[   38.570944] tpm tpm0: Operation Canceled
[   38.574349] tpm tpm0: Operation Canceled
[   38.575413] tpm tpm1: Operation Canceled
[   38.578631] tpm tpm0: Operation Canceled
[   38.583860] tpm tpm0: Operation Canceled
[   38.586773] tpm tpm0: Operation Canceled
[   38.592136] tpm tpm2: Operation Canceled
[   38.592245] tpm tpm0: Operation Canceled
[   38.595202] tpm tpm3: Operation Canceled
[   38.595699] tpm tpm1: Operation Canceled
[   38.603691] tpm tpm0: Operation Canceled
[   38.604926] tpm tpm4: Operation Canceled
[   38.606646] tpm tpm3: Operation Canceled
[   38.613855] tpm tpm0: Operation Canceled
[   38.616118] tpm tpm0: Operation Canceled
[   38.622455] tpm tpm0: Operation Canceled
[   38.624239] tpm tpm0: Operation Canceled
[   38.626856] tpm tpm0: Operation Canceled
[   38.630911] tpm tpm0: Operation Canceled
[   38.631427] tpm tpm2: Operation Canceled
[   38.631976] tpm tpm1: Operation Canceled
[   38.633485] tpm tpm0: Operation Canceled
[   38.636905] tpm tpm0: Operation Canceled
[   38.640072] tpm tpm0: Operation Canceled
[   38.641134] tpm tpm3: Operation Canceled
[   38.646073] tpm tpm1: Operation Canceled
[   38.646152] tpm tpm0: Operation Canceled
[   38.649769] tpm tpm0: Operation Canceled
[   38.651584] tpm tpm2: Operation Canceled
[   38.651738] tpm tpm1: Operation Canceled
[   38.658758] tpm tpm0: Operation Canceled
[   38.664859] tpm tpm0: Operation Canceled
[   38.666088] tpm tpm5: Operation Canceled
[   38.673508] tpm tpm0: Operation Canceled
[   38.678587] tpm tpm0: Operation Canceled
[   38.681159] tpm tpm1: Operation Canceled
[   38.683623] tpm tpm2: Operation Canceled
[   38.687894] tpm tpm0: Operation Canceled
[   38.688131] tpm tpm3: Operation Canceled
[   38.696035] tpm tpm0: Operation Canceled
[   38.700685] tpm tpm0: Operation Canceled
[   38.705141] tpm tpm0: Operation Canceled
[   38.708500] tpm tpm0: Operation Canceled
[   38.711907] tpm tpm0: Operation Canceled
[   38.713409] tpm tpm2: Operation Canceled
[   38.714515] tpm tpm1: Operation Canceled
[   38.718088] tpm tpm0: Operation Canceled
[   38.721559] tpm tpm0: Operation Canceled
[   38.724683] tpm tpm0: Operation Canceled
[   38.727995] tpm tpm0: Operation Canceled
[   38.729056] tpm tpm2: Operation Canceled
[   38.729775] tpm tpm0: Operation Canceled
[   38.738553] tpm tpm0: Operation Canceled
[   38.740644] tpm tpm3: Operation Canceled
[   38.741039] tpm tpm0: Operation Canceled
[   38.745015] tpm tpm0: Operation Canceled
[   38.745068] tpm tpm2: Operation Canceled
[   38.749126] tpm tpm1: Operation Canceled
[   38.756525] tpm tpm0: Operation Canceled
[   38.756814] tpm tpm2: Operation Canceled
[   38.766816] tpm tpm0: Operation Canceled
[   38.768318] tpm tpm4: Operation Canceled
[   38.773881] tpm tpm0: Operation Canceled
[   38.780373] tpm tpm0: Operation Canceled
[   38.781179] tpm tpm4: Operation Canceled
[   38.783673] tpm tpm0: Operation Canceled
[   38.787423] tpm tpm5: Operation Canceled
[   38.791300] tpm tpm0: Operation Canceled
[   38.792042] tpm tpm2: Operation Canceled
[   38.794840] tpm tpm0: Operation Canceled
[   38.796926] tpm tpm0: Operation Canceled
[   38.802771] tpm tpm0: Operation Canceled
[   38.803529] tpm tpm4: Operation Canceled
[   38.813017] tpm tpm0: Operation Canceled
[   38.813777] tpm tpm3: Operation Canceled
[   38.815921] tpm tpm4: Operation Canceled
[   38.818948] tpm tpm5: Operation Canceled
[   38.820505] tpm tpm0: Operation Canceled
[   38.825934] tpm tpm0: Operation Canceled
[   38.828783] tpm tpm0: Operation Canceled
[   38.829460] tpm tpm3: Operation Canceled
[   38.834037] tpm tpm0: Operation Canceled
[   38.840113] tpm tpm0: Operation Canceled
[   38.840692] tpm tpm1: Operation Canceled
[   38.842470] tpm tpm4: Operation Canceled
[   38.851186] tpm tpm0: Operation Canceled
[   38.855109] tpm tpm0: Operation Canceled
[   38.860126] tpm tpm0: Operation Canceled
[   38.860758] tpm tpm2: Operation Canceled
[   38.863089] tpm tpm0: Operation Canceled
[   38.868652] tpm tpm0: Operation Canceled
[   38.869388] tpm tpm4: Operation Canceled
[   38.873268] tpm tpm5: Operation Canceled
[   38.877282] tpm tpm0: Operation Canceled
[   38.882241] tpm tpm0: Operation Canceled
[   38.883991] tpm tpm0: Operation Canceled
[   38.888347] tpm tpm1: Operation Canceled
[   38.888875] tpm tpm0: Operation Canceled
[   38.893064] tpm tpm0: Operation Canceled
[   38.900214] tpm tpm0: Operation Canceled
[   38.900849] tpm tpm2: Operation Canceled
[   38.908986] tpm tpm0: Operation Canceled
[   38.910482] tpm tpm0: Operation Canceled
[   38.917581] tpm tpm1: Operation Canceled
[   38.920833] tpm tpm0: Operation Canceled
[   38.923564] tpm tpm1: Operation Canceled
[   38.926325] tpm tpm0: Operation Canceled
[   38.934170] tpm tpm0: Operation Canceled
[   38.935197] tpm tpm4: Operation Canceled
[   38.942013] tpm tpm0: Operation Canceled
[   38.943282] tpm tpm1: Operation Canceled
[   38.950610] tpm tpm0: Operation Canceled
[   38.951016] tpm tpm3: Operation Canceled
[   38.958780] tpm tpm0: Operation Canceled
[   38.960704] tpm tpm0: Operation Canceled
[   38.962775] tpm tpm2: Operation Canceled
[   38.964535] tpm tpm0: Operation Canceled
[   38.974823] tpm tpm0: Operation Canceled
[   38.982229] tpm tpm0: Operation Canceled
[   38.984119] tpm tpm0: Operation Canceled
[   38.991280] tpm tpm0: Operation Canceled
[   38.993696] tpm tpm1: Operation Canceled
[   38.995589] tpm tpm0: Operation Canceled
[   39.000875] tpm tpm0: Operation Canceled
[   39.001847] tpm tpm2: Operation Canceled
[   39.007266] tpm tpm2: Operation Canceled
[   39.007320] tpm tpm0: Operation Canceled
[   39.012020] tpm tpm0: Operation Canceled
[   39.015802] tpm tpm0: Operation Canceled
[   39.016855] tpm tpm6: Operation Canceled
[   39.018151] tpm tpm0: Operation Canceled
[   39.023322] tpm tpm0: Operation Canceled
[   39.029543] tpm tpm0: Operation Canceled
[   39.030906] tpm tpm3: Operation Canceled
[   39.031001] tpm tpm4: Operation Canceled
[   39.034486] tpm tpm0: Operation Canceled
[   39.034517] tpm tpm1: Operation Canceled
[   39.038630] tpm tpm0: Operation Canceled
[   39.038758] tpm tpm1: Operation Canceled
[   39.040869] tpm tpm0: Operation Canceled
[   39.044232] tpm tpm0: Operation Canceled
[   39.047867] tpm tpm0: Operation Canceled
[   39.049679] tpm tpm0: Operation Canceled
[   39.056949] tpm tpm0: Operation Canceled
[   39.061516] tpm tpm0: Operation Canceled
[   39.064693] tpm tpm0: Operation Canceled
[   39.072583] tpm tpm0: Operation Canceled
[   39.073397] tpm tpm3: Operation Canceled
[   39.075535] tpm tpm0: Operation Canceled
[   39.081002] tpm tpm0: Operation Canceled
[   39.081201] tpm tpm2: Operation Canceled
[   39.086684] tpm tpm0: Operation Canceled
[   39.087283] tpm tpm1: Operation Canceled
[   39.090444] tpm tpm0: Operation Canceled
[   39.090766] tpm tpm1: Operation Canceled
[   39.097824] tpm tpm0: Operation Canceled
[   39.100698] tpm tpm0: Operation Canceled
[   39.103326] tpm tpm0: Operation Canceled
[   39.104997] tpm tpm1: Operation Canceled
[   39.112185] tpm tpm0: Operation Canceled
[   39.114067] tpm tpm0: Operation Canceled
[   39.116367] tpm tpm4: Operation Canceled
[   39.122250] tpm tpm0: Operation Canceled
[   39.125681] tpm tpm0: Operation Canceled
[   39.127842] tpm tpm0: Operation Canceled
[   39.131992] tpm tpm0: Operation Canceled
[   39.134566] tpm tpm0: Operation Canceled
[   39.135141] tpm tpm1: Operation Canceled
[   39.136690] tpm tpm0: Operation Canceled
[   39.137369] tpm tpm3: Operation Canceled
[   39.140051] tpm tpm1: Operation Canceled
[   39.144348] tpm tpm0: Operation Canceled
[   39.145205] tpm tpm3: Operation Canceled
[   39.154845] tpm tpm0: Operation Canceled
[   39.155166] tpm tpm1: Operation Canceled
[   39.165237] tpm tpm0: Operation Canceled
[   39.166390] tpm tpm4: Operation Canceled
[   39.171853] tpm tpm0: Operation Canceled
[   39.173159] tpm tpm0: Operation Canceled
[   39.175115] tpm tpm1: Operation Canceled
[   39.176009] tpm tpm0: Operation Canceled
[   39.184572] tpm tpm0: Operation Canceled
[   39.184991] tpm tpm4: Operation Canceled
[   39.194810] tpm tpm0: Operation Canceled
[   39.195915] tpm tpm3: Operation Canceled
[   39.198834] tpm tpm0: Operation Canceled
[   39.200349] tpm tpm1: Operation Canceled
[   39.205971] tpm tpm0: Operation Canceled
[   39.206192] tpm tpm3: Operation Canceled
[   39.207517] tpm tpm4: Operation Canceled
[   39.214044] tpm tpm0: Operation Canceled
[   39.216345] tpm tpm0: Operation Canceled
[   39.220028] tpm tpm0: Operation Canceled
[   39.220657] tpm tpm3: Operation Canceled
[   39.223757] tpm tpm4: Operation Canceled
[   39.227057] tpm tpm0: Operation Canceled
[   39.231453] tpm tpm1: Operation Canceled
[   39.231561] tpm tpm0: Operation Canceled
[   39.237659] tpm tpm0: Operation Canceled
[   39.240384] tpm tpm1: Operation Canceled
[   39.244457] tpm tpm0: Operation Canceled
[   39.246717] tpm tpm1: Operation Canceled
[   39.247460] tpm tpm0: Operation Canceled
