c[?7l[2J[0mSeaBIOS (version rel-1.14.0-0-g155821a1990b-prebuilt.qemu.org)


iPXE (http://ipxe.org) 00:03.0 CA00 PCI2.10 PnP PMM+7FF8F030+7FEEF030 CA00
Press Ctrl-B to configure iPXE (PCI 00:03.0)...                                                                               


Booting from ROM..c[?7l[2J[    0.000000] Linux version 6.3.0-c3985d8b9c22+ (root@p-mtlp02) (gcc (GCC) 8.5.0 20210514 (Red Hat 8.5.0-18), GNU ld version 2.36.1-2.el8) #1 SMP PREEMPT_DYNAMIC Wed Apr 26 14:34:16 CST 2023
[    0.000000] Command line: console=ttyS0 root=/dev/sda earlyprintk=serial net.ifnames=0
[    0.000000] KERNEL supported cpus:
[    0.000000]   Intel GenuineIntel
[    0.000000]   AMD AuthenticAMD
[    0.000000]   Hygon HygonGenuine
[    0.000000]   Centaur CentaurHauls
[    0.000000]   zhaoxin   Shanghai  
[    0.000000] x86/split lock detection: #DB: warning on user-space bus_locks
[    0.000000] x86/fpu: Supporting XSAVE feature 0x001: 'x87 floating point registers'
[    0.000000] x86/fpu: Supporting XSAVE feature 0x002: 'SSE registers'
[    0.000000] x86/fpu: Supporting XSAVE feature 0x004: 'AVX registers'
[    0.000000] x86/fpu: Supporting XSAVE feature 0x200: 'Protection Keys User registers'
[    0.000000] x86/fpu: xstate_offset[2]:  576, xstate_sizes[2]:  256
[    0.000000] x86/fpu: xstate_offset[9]:  832, xstate_sizes[9]:    8
[    0.000000] x86/fpu: Enabled xstate features 0x207, context size is 840 bytes, using 'compacted' format.
[    0.000000] signal: max sigframe size: 3632
[    0.000000] BIOS-provided physical RAM map:
[    0.000000] BIOS-e820: [mem 0x0000000000000000-0x000000000009fbff] usable
[    0.000000] BIOS-e820: [mem 0x000000000009fc00-0x000000000009ffff] reserved
[    0.000000] BIOS-e820: [mem 0x00000000000f0000-0x00000000000fffff] reserved
[    0.000000] BIOS-e820: [mem 0x0000000000100000-0x000000007ffdffff] usable
[    0.000000] BIOS-e820: [mem 0x000000007ffe0000-0x000000007fffffff] reserved
[    0.000000] BIOS-e820: [mem 0x00000000feffc000-0x00000000feffffff] reserved
[    0.000000] BIOS-e820: [mem 0x00000000fffc0000-0x00000000ffffffff] reserved
[    0.000000] printk: bootconsole [earlyser0] enabled
[    0.000000] NX (Execute Disable) protection: active
[    0.000000] SMBIOS 2.8 present.
[    0.000000] DMI: QEMU Standard PC (i440FX + PIIX, 1996), BIOS rel-1.14.0-0-g155821a1990b-prebuilt.qemu.org 04/01/2014
[    0.000000] Hypervisor detected: KVM
[    0.000000] kvm-clock: Using msrs 4b564d01 and 4b564d00
[    0.000004] kvm-clock: using sched offset of 482035084 cycles
[    0.000436] clocksource: kvm-clock: mask: 0xffffffffffffffff max_cycles: 0x1cd42e4dffb, max_idle_ns: 881590591483 ns
[    0.001732] tsc: Detected 3072.000 MHz processor
[    0.004000] last_pfn = 0x7ffe0 max_arch_pfn = 0x400000000
[    0.004000] x86/PAT: Configuration [0-7]: WB  WC  UC- UC  WB  WP  UC- WT  
[    0.004000] found SMP MP-table at [mem 0x000f5a90-0x000f5a9f]
[    0.004000] Using GB pages for direct mapping
[    0.004000] ACPI: Early table checksum verification disabled
[    0.004000] ACPI: RSDP 0x00000000000F5870 000014 (v00 BOCHS )
[    0.004000] ACPI: RSDT 0x000000007FFE1959 000034 (v01 BOCHS  BXPC     00000001 BXPC 00000001)
[    0.004000] ACPI: FACP 0x000000007FFE1805 000074 (v01 BOCHS  BXPC     00000001 BXPC 00000001)
[    0.004000] ACPI: DSDT 0x000000007FFE0040 0017C5 (v01 BOCHS  BXPC     00000001 BXPC 00000001)
[    0.004000] ACPI: FACS 0x000000007FFE0000 000040
[    0.004000] ACPI: APIC 0x000000007FFE1879 000080 (v01 BOCHS  BXPC     00000001 BXPC 00000001)
[    0.004000] ACPI: HPET 0x000000007FFE18F9 000038 (v01 BOCHS  BXPC     00000001 BXPC 00000001)
[    0.004000] ACPI: WAET 0x000000007FFE1931 000028 (v01 BOCHS  BXPC     00000001 BXPC 00000001)
[    0.004000] ACPI: Reserving FACP table memory at [mem 0x7ffe1805-0x7ffe1878]
[    0.004000] ACPI: Reserving DSDT table memory at [mem 0x7ffe0040-0x7ffe1804]
[    0.004000] ACPI: Reserving FACS table memory at [mem 0x7ffe0000-0x7ffe003f]
[    0.004000] ACPI: Reserving APIC table memory at [mem 0x7ffe1879-0x7ffe18f8]
[    0.004000] ACPI: Reserving HPET table memory at [mem 0x7ffe18f9-0x7ffe1930]
[    0.004000] ACPI: Reserving WAET table memory at [mem 0x7ffe1931-0x7ffe1958]
[    0.004000] No NUMA configuration found
[    0.004000] Faking a node at [mem 0x0000000000000000-0x000000007ffdffff]
[    0.004000] NODE_DATA(0) allocated [mem 0x7ffb5000-0x7ffdffff]
[    0.004000] Zone ranges:
[    0.004000]   DMA      [mem 0x0000000000001000-0x0000000000ffffff]
[    0.004000]   DMA32    [mem 0x0000000001000000-0x000000007ffdffff]
[    0.004000]   Normal   empty
[    0.004000]   Device   empty
[    0.004000] Movable zone start for each node
[    0.004000] Early memory node ranges
[    0.004000]   node   0: [mem 0x0000000000001000-0x000000000009efff]
[    0.004000]   node   0: [mem 0x0000000000100000-0x000000007ffdffff]
[    0.004000] Initmem setup node 0 [mem 0x0000000000001000-0x000000007ffdffff]
[    0.004000] On node 0, zone DMA: 1 pages in unavailable ranges
[    0.004000] On node 0, zone DMA: 97 pages in unavailable ranges
[    0.004000] On node 0, zone DMA32: 32 pages in unavailable ranges
[    0.004000] ACPI: PM-Timer IO Port: 0x608
[    0.004000] ACPI: LAPIC_NMI (acpi_id[0xff] dfl dfl lint[0x1])
[    0.004000] IOAPIC[0]: apic_id 0, version 17, address 0xfec00000, GSI 0-23
[    0.004000] ACPI: INT_SRC_OVR (bus 0 bus_irq 0 global_irq 2 dfl dfl)
[    0.004000] ACPI: INT_SRC_OVR (bus 0 bus_irq 5 global_irq 5 high level)
[    0.004000] ACPI: INT_SRC_OVR (bus 0 bus_irq 9 global_irq 9 high level)
[    0.004000] ACPI: INT_SRC_OVR (bus 0 bus_irq 10 global_irq 10 high level)
[    0.004000] ACPI: INT_SRC_OVR (bus 0 bus_irq 11 global_irq 11 high level)
[    0.004000] ACPI: Using ACPI (MADT) for SMP configuration information
[    0.004000] ACPI: HPET id: 0x8086a201 base: 0xfed00000
[    0.004000] TSC deadline timer available
[    0.004000] smpboot: Allowing 2 CPUs, 0 hotplug CPUs
[    0.004000] kvm-guest: KVM setup pv remote TLB flush
[    0.004000] kvm-guest: setup PV sched yield
[    0.004000] PM: hibernation: Registered nosave memory: [mem 0x00000000-0x00000fff]
[    0.004000] PM: hibernation: Registered nosave memory: [mem 0x0009f000-0x0009ffff]
[    0.004000] PM: hibernation: Registered nosave memory: [mem 0x000a0000-0x000effff]
[    0.004000] PM: hibernation: Registered nosave memory: [mem 0x000f0000-0x000fffff]
[    0.004000] [mem 0x80000000-0xfeffbfff] available for PCI devices
[    0.004000] Booting paravirtualized kernel on KVM
[    0.004000] clocksource: refined-jiffies: mask: 0xffffffff max_cycles: 0xffffffff, max_idle_ns: 7645519600211568 ns
[    0.004000] setup_percpu: NR_CPUS:8192 nr_cpumask_bits:2 nr_cpu_ids:2 nr_node_ids:1
[    0.004000] percpu: Embedded 65 pages/cpu s229376 r8192 d28672 u1048576
[    0.004000] kvm-guest: PV spinlocks enabled
[    0.004000] PV qspinlock hash table entries: 256 (order: 0, 4096 bytes, linear)
[    0.004000] Fallback order for Node 0: 0 
[    0.004000] Built 1 zonelists, mobility grouping on.  Total pages: 515808
[    0.004000] Policy zone: DMA32
[    0.004000] Kernel command line: net.ifnames=0 console=ttyS0 root=/dev/sda earlyprintk=serial net.ifnames=0
[    0.004000] random: crng init done
[    0.004000] Dentry cache hash table entries: 262144 (order: 9, 2097152 bytes, linear)
[    0.004000] Inode-cache hash table entries: 131072 (order: 8, 1048576 bytes, linear)
[    0.004000] mem auto-init: stack:off, heap alloc:off, heap free:off
[    0.004000] Memory: 1966944K/2096632K available (34816K kernel code, 4558K rwdata, 9768K rodata, 10364K init, 31912K bss, 129432K reserved, 0K cma-reserved)
[    0.004000] SLUB: HWalign=64, Order=0-3, MinObjects=0, CPUs=2, Nodes=1
[    0.004000] kmemleak: Kernel memory leak detector disabled
[    0.004000] ftrace: allocating 68595 entries in 268 pages
[    0.004000] ftrace: allocated 268 pages with 3 groups
[    0.004000] Dynamic Preempt: voluntary
[    0.004000] Running RCU self tests
[    0.004000] Running RCU synchronous self tests
[    0.004000] rcu: Preemptible hierarchical RCU implementation.
[    0.004000] rcu: 	RCU lockdep checking is enabled.
[    0.004000] rcu: 	RCU restricting CPUs from NR_CPUS=8192 to nr_cpu_ids=2.
[    0.004000] 	Trampoline variant of Tasks RCU enabled.
[    0.004000] 	Rude variant of Tasks RCU enabled.
[    0.004000] 	Tracing variant of Tasks RCU enabled.
[    0.004000] rcu: RCU calculated value of scheduler-enlistment delay is 25 jiffies.
[    0.004000] rcu: Adjusting geometry for rcu_fanout_leaf=16, nr_cpu_ids=2
[    0.004000] Running RCU synchronous self tests
[    0.004000] NR_IRQS: 524544, nr_irqs: 440, preallocated irqs: 16
[    0.004000] rcu: srcu_init: Setting srcu_struct sizes based on contention.
[    0.004000] Console: colour VGA+ 80x25
[    0.004000] printk: console [ttyS0] enabled
[    0.004000] printk: console [ttyS0] enabled
[    0.004000] printk: bootconsole [earlyser0] disabled
[    0.004000] printk: bootconsole [earlyser0] disabled
[    0.004000] Lock dependency validator: Copyright (c) 2006 Red Hat, Inc., Ingo Molnar
[    0.004000] ... MAX_LOCKDEP_SUBCLASSES:  8
[    0.004000] ... MAX_LOCK_DEPTH:          48
[    0.004000] ... MAX_LOCKDEP_KEYS:        8192
[    0.004000] ... CLASSHASH_SIZE:          4096
[    0.004000] ... MAX_LOCKDEP_ENTRIES:     32768
[    0.004000] ... MAX_LOCKDEP_CHAINS:      65536
[    0.004000] ... CHAINHASH_SIZE:          32768
[    0.004000]  memory used by lock dependency info: 6365 kB
[    0.004000]  memory used for stack traces: 4224 kB
[    0.004000]  per task-struct memory footprint: 1920 bytes
[    0.004000] ACPI: Core revision 20221020
[    0.004000] clocksource: hpet: mask: 0xffffffff max_cycles: 0xffffffff, max_idle_ns: 19112604467 ns
[    0.004000] APIC: Switch to symmetric I/O mode setup
[    0.004000] x2apic enabled
[    0.004000] Switched APIC routing to physical x2apic.
[    0.004000] kvm-guest: setup PV IPIs
[    0.004000] ..TIMER: vector=0x30 apic1=0 pin1=2 apic2=-1 pin2=-1
[    0.004000] clocksource: tsc-early: mask: 0xffffffffffffffff max_cycles: 0x2c47f5688fc, max_idle_ns: 440795305069 ns
[    0.215113] Calibrating delay loop (skipped) preset value.. 6144.00 BogoMIPS (lpj=12288000)
[    0.219121] pid_max: default: 32768 minimum: 301
[    0.219593] LSM: initializing lsm=capability,yama,integrity
[    0.220053] Yama: becoming mindful.
[    0.220524] Mount-cache hash table entries: 4096 (order: 3, 32768 bytes, linear)
[    0.221127] Mountpoint-cache hash table entries: 4096 (order: 3, 32768 bytes, linear)
[    0.223354] CPU0: Thermal monitoring enabled (TM1)
[    0.225851] x86/cpu: User Mode Instruction Prevention (UMIP) activated
[    0.226987] Last level iTLB entries: 4KB 0, 2MB 0, 4MB 0
[    0.227131] Last level dTLB entries: 4KB 0, 2MB 0, 4MB 0, 1GB 0
[    0.227651] Spectre V1 : Mitigation: usercopy/swapgs barriers and __user pointer sanitization
[    0.228324] Spectre V2 : WARNING: Unprivileged eBPF is enabled with eIBRS on, data leaks possible via Spectre v2 BHB attacks!
[    0.229202] Spectre V2 : Mitigation: Enhanced / Automatic IBRS
[    0.229647] Spectre V2 : Spectre v2 / SpectreRSB mitigation: Filling RSB on context switch
[    0.231100] Spectre V2 : Spectre v2 / PBRSB-eIBRS: Retire a single CALL on VMEXIT
[    0.231698] Spectre V2 : mitigation: Enabling conditional Indirect Branch Prediction Barrier
[    0.232327] Speculative Store Bypass: Mitigation: Speculative Store Bypass disabled via prctl
[    0.232959] MMIO Stale Data: Unknown: No mitigations
[    0.359797] Freeing SMP alternatives memory: 56K
[    0.360226] Running RCU synchronous self tests
[    0.360563] Running RCU synchronous self tests
[    0.361361] smpboot: CPU0: Genuine Intel(R) 0000 (family: 0x6, model: 0xaa, stepping: 0x2)
[    0.362489] cblist_init_generic: Setting adjustable number of callback queues.
[    0.363049] cblist_init_generic: Setting shift to 1 and lim to 1.
[    0.363094] cblist_init_generic: Setting shift to 1 and lim to 1.
[    0.363094] cblist_init_generic: Setting shift to 1 and lim to 1.
[    0.363094] Running RCU-tasks wait API self tests
[    0.463328] Performance Events: unsupported p6 CPU model 170 no PMU driver, software events only.
[    0.464437] rcu: Hierarchical SRCU implementation.
[    0.464878] rcu: 	Max phase no-delay instances is 1000.
[    0.466833] NMI watchdog: Perf NMI watchdog permanently disabled
[    0.467326] smp: Bringing up secondary CPUs ...
[    0.468242] x86: Booting SMP configuration:
[    0.468642] .... node  #0, CPUs:      #1
[    0.211094] smpboot: CPU 1 Converting physical 0 to logical die 1
[    0.475382] smp: Brought up 1 node, 2 CPUs
[    0.475729] smpboot: Max logical packages: 2
[    0.476073] smpboot: Total of 2 processors activated (12288.00 BogoMIPS)
[    0.481596] devtmpfs: initialized
[    0.483117] Callback from call_rcu_tasks_trace() invoked.
[    0.483701] x86/mm: Memory block size: 128MB
[    0.485844] Running RCU synchronous self tests
[    0.485844] Running RCU synchronous self tests
[    0.487146] clocksource: jiffies: mask: 0xffffffff max_cycles: 0xffffffff, max_idle_ns: 7645041785100000 ns
[    0.487871] futex hash table entries: 512 (order: 4, 65536 bytes, linear)
[    0.488672] pinctrl core: initialized pinctrl subsystem
[    0.489583] 
[    0.489706] *************************************************************
[    0.490213] **     NOTICE NOTICE NOTICE NOTICE NOTICE NOTICE NOTICE    **
[    0.490716] **                                                         **
[    0.491104] **  IOMMU DebugFS SUPPORT HAS BEEN ENABLED IN THIS KERNEL  **
[    0.491609] **                                                         **
[    0.492111] ** This means that this kernel is built to expose internal **
[    0.492613] ** IOMMU data structures, which may compromise security on **
[    0.493113] ** your system.                                            **
[    0.493624] **                                                         **
[    0.494128] ** If you see this message and you are not debugging the   **
[    0.494633] ** kernel, report this immediately to your vendor!         **
[    0.495098] **                                                         **
[    0.495601] **     NOTICE NOTICE NOTICE NOTICE NOTICE NOTICE NOTICE    **
[    0.496101] *************************************************************
[    0.496655] PM: RTC time: 06:34:53, date: 2023-04-26
[    0.500988] NET: Registered PF_NETLINK/PF_ROUTE protocol family
[    0.501984] DMA: preallocated 256 KiB GFP_KERNEL pool for atomic allocations
[    0.502528] DMA: preallocated 256 KiB GFP_KERNEL|GFP_DMA pool for atomic allocations
[    0.503111] DMA: preallocated 256 KiB GFP_KERNEL|GFP_DMA32 pool for atomic allocations
[    0.503753] audit: initializing netlink subsys (disabled)
[    0.504239] audit: type=2000 audit(1682490894.659:1): state=initialized audit_enabled=0 res=1
[    0.504239] thermal_sys: Registered thermal governor 'fair_share'
[    0.505044] thermal_sys: Registered thermal governor 'bang_bang'
[    0.505508] thermal_sys: Registered thermal governor 'step_wise'
[    0.507102] thermal_sys: Registered thermal governor 'user_space'
[    0.507585] cpuidle: using governor ladder
[    0.508355] cpuidle: using governor menu
[    0.508901] acpiphp: ACPI Hot Plug PCI Controller Driver version: 0.5
[    0.509674] PCI: Using configuration type 1 for base access
[    0.510930] kprobes: kprobe jump-optimization is enabled. All kprobes are optimized if possible.
[    0.767609] HugeTLB: registered 1.00 GiB page size, pre-allocated 0 pages
[    0.768155] HugeTLB: 16380 KiB vmemmap can be freed for a 1.00 GiB page
[    0.768647] HugeTLB: registered 2.00 MiB page size, pre-allocated 0 pages
[    0.769154] HugeTLB: 28 KiB vmemmap can be freed for a 2.00 MiB page
[    0.773735] ACPI: Added _OSI(Module Device)
[    0.774085] ACPI: Added _OSI(Processor Device)
[    0.774426] ACPI: Added _OSI(3.0 _SCP Extensions)
[    0.774791] ACPI: Added _OSI(Processor Aggregator Device)
[    0.779740] ACPI: 1 ACPI AML tables successfully acquired and loaded
[    2.939368] Callback from call_rcu_tasks_rude() invoked.
[    2.940266] ACPI: Interpreter enabled
[    2.943204] ACPI: PM: (supports S0 S3 S4 S5)
[    2.943536] ACPI: Using IOAPIC for interrupt routing
[    2.943995] PCI: Using host bridge windows from ACPI; if necessary, use "pci=nocrs" and report a bug
[    2.944679] PCI: Using E820 reservations for host bridge windows
[    2.945706] ACPI: Enabled 2 GPEs in block 00 to 0F
[    2.959333] ACPI: PCI Root Bridge [PCI0] (domain 0000 [bus 00-ff])
[    2.959832] acpi PNP0A03:00: _OSC: OS supports [ASPM ClockPM Segments MSI EDR HPX-Type3]
[    2.960450] acpi PNP0A03:00: _OSC: not requesting OS control; OS requires [ExtendedConfig ASPM ClockPM MSI]
[    2.961231] acpi PNP0A03:00: fail to add MMCONFIG information, can't access extended configuration space under this bridge
[    2.964001] acpiphp: Slot [3] registered
[    2.964358] acpiphp: Slot [4] registered
[    2.964713] acpiphp: Slot [5] registered
[    2.965063] acpiphp: Slot [6] registered
[    2.965416] acpiphp: Slot [7] registered
[    2.965772] acpiphp: Slot [8] registered
[    2.966123] acpiphp: Slot [9] registered
[    2.966475] acpiphp: Slot [10] registered
[    2.966833] acpiphp: Slot [11] registered
[    2.967153] acpiphp: Slot [12] registered
[    2.967511] acpiphp: Slot [13] registered
[    2.967872] acpiphp: Slot [14] registered
[    2.968229] acpiphp: Slot [15] registered
[    2.968591] acpiphp: Slot [16] registered
[    2.968949] acpiphp: Slot [17] registered
[    2.969307] acpiphp: Slot [18] registered
[    2.969664] acpiphp: Slot [19] registered
[    2.970025] acpiphp: Slot [20] registered
[    2.970382] acpiphp: Slot [21] registered
[    2.970738] acpiphp: Slot [22] registered
[    2.971098] acpiphp: Slot [23] registered
[    2.971455] acpiphp: Slot [24] registered
[    2.971812] acpiphp: Slot [25] registered
[    2.972174] acpiphp: Slot [26] registered
[    2.972538] acpiphp: Slot [27] registered
[    2.972902] acpiphp: Slot [28] registered
[    2.973260] acpiphp: Slot [29] registered
[    2.973619] acpiphp: Slot [30] registered
[    2.973974] acpiphp: Slot [31] registered
[    2.974295] PCI host bridge to bus 0000:00
[    2.974608] pci_bus 0000:00: root bus resource [io  0x0000-0x0cf7 window]
[    2.975100] pci_bus 0000:00: root bus resource [io  0x0d00-0xffff window]
[    2.975614] pci_bus 0000:00: root bus resource [mem 0x000a0000-0x000bffff window]
[    2.976182] pci_bus 0000:00: root bus resource [mem 0x80000000-0xfebfffff window]
[    2.976750] pci_bus 0000:00: root bus resource [mem 0x100000000-0x17fffffff window]
[    2.977326] pci_bus 0000:00: root bus resource [bus 00-ff]
[    2.977833] pci 0000:00:00.0: [8086:1237] type 00 class 0x060000
[    2.980785] pci 0000:00:01.0: [8086:7000] type 00 class 0x060100
[    2.981833] pci 0000:00:01.1: [8086:7010] type 00 class 0x010180
[    2.983561] pci 0000:00:01.1: reg 0x20: [io  0xc040-0xc04f]
[    2.984571] pci 0000:00:01.1: legacy IDE quirk: reg 0x10: [io  0x01f0-0x01f7]
[    2.985116] pci 0000:00:01.1: legacy IDE quirk: reg 0x14: [io  0x03f6]
[    2.985607] pci 0000:00:01.1: legacy IDE quirk: reg 0x18: [io  0x0170-0x0177]
[    2.986146] pci 0000:00:01.1: legacy IDE quirk: reg 0x1c: [io  0x0376]
[    2.986935] pci 0000:00:01.3: [8086:7113] type 00 class 0x068000
[    2.987383] pci 0000:00:01.3: quirk: [io  0x0600-0x063f] claimed by PIIX4 ACPI
[    2.987944] pci 0000:00:01.3: quirk: [io  0x0700-0x070f] claimed by PIIX4 SMB
[    2.988726] pci 0000:00:02.0: [1234:1111] type 00 class 0x030000
[    2.991887] pci 0000:00:02.0: reg 0x10: [mem 0xfd000000-0xfdffffff pref]
[    2.995516] pci 0000:00:02.0: reg 0x18: [mem 0xfebf0000-0xfebf0fff]
[    2.999133] pci 0000:00:02.0: reg 0x30: [mem 0xfebe0000-0xfebeffff pref]
[    2.999924] pci 0000:00:02.0: Video device with shadowed ROM at [mem 0x000c0000-0x000dffff]
[    3.003475] pci 0000:00:03.0: [8086:100e] type 00 class 0x020000
[    3.004438] pci 0000:00:03.0: reg 0x10: [mem 0xfebc0000-0xfebdffff]
[    3.005285] pci 0000:00:03.0: reg 0x14: [io  0xc000-0xc03f]
[    3.007691] pci 0000:00:03.0: reg 0x30: [mem 0xfeb80000-0xfebbffff pref]
[    3.019279] ACPI: PCI: Interrupt link LNKA configured for IRQ 10
[    3.020082] ACPI: PCI: Interrupt link LNKB configured for IRQ 10
[    3.020866] ACPI: PCI: Interrupt link LNKC configured for IRQ 11
[    3.021644] ACPI: PCI: Interrupt link LNKD configured for IRQ 11
[    3.022264] ACPI: PCI: Interrupt link LNKS configured for IRQ 9
[    3.024241] iommu: Default domain type: Translated 
[    3.024241] iommu: DMA domain TLB invalidation policy: lazy mode 
[    3.025139] SCSI subsystem initialized
[    3.025528] ACPI: bus type USB registered
[    3.027206] Callback from call_rcu_tasks() invoked.
[    3.027673] usbcore: registered new interface driver usbfs
[    3.028139] usbcore: registered new interface driver hub
[    3.028586] usbcore: registered new device driver usb
[    3.029102] pps_core: LinuxPPS API ver. 1 registered
[    3.029497] pps_core: Software ver. 5.3.6 - Copyright 2005-2007 Rodolfo Giometti <giometti@linux.it>
[    3.030212] PTP clock support registered
[    3.030662] EDAC MC: Ver: 3.0.0
[    3.032477] NetLabel: Initializing
[    3.032761] NetLabel:  domain hash size = 128
[    3.033110] NetLabel:  protocols = UNLABELED CIPSOv4 CALIPSO
[    3.033617] NetLabel:  unlabeled traffic allowed by default
[    3.035117] PCI: Using ACPI for IRQ routing
[    3.035649] pci 0000:00:02.0: vgaarb: setting as boot VGA device
[    3.035681] pci 0000:00:02.0: vgaarb: bridge control possible
[    3.036138] pci 0000:00:02.0: vgaarb: VGA device added: decodes=io+mem,owns=io+mem,locks=none
[    3.036807] vgaarb: loaded
[    3.037097] hpet0: at MMIO 0xfed00000, IRQs 2, 8, 0
[    3.037097] hpet0: 3 comparators, 64-bit 100.000000 MHz counter
[    3.042396] clocksource: Switched to clocksource kvm-clock
[    3.159177] VFS: Disk quotas dquot_6.6.0
[    3.159563] VFS: Dquot-cache hash table entries: 512 (order 0, 4096 bytes)
[    3.160385] pnp: PnP ACPI init
[    3.162272] pnp: PnP ACPI: found 6 devices
[    3.177836] clocksource: acpi_pm: mask: 0xffffff max_cycles: 0xffffff, max_idle_ns: 2085701024 ns
[    3.178821] NET: Registered PF_INET protocol family
[    3.179453] IP idents hash table entries: 32768 (order: 6, 262144 bytes, linear)
[    3.181050] tcp_listen_portaddr_hash hash table entries: 1024 (order: 4, 73728 bytes, linear)
[    3.181749] Table-perturb hash table entries: 65536 (order: 6, 262144 bytes, linear)
[    3.182340] TCP established hash table entries: 16384 (order: 5, 131072 bytes, linear)
[    3.183203] TCP bind hash table entries: 16384 (order: 9, 2359296 bytes, linear)
[    3.186092] TCP: Hash tables configured (established 16384 bind 16384)
[    3.186764] UDP hash table entries: 1024 (order: 5, 163840 bytes, linear)
[    3.187420] UDP-Lite hash table entries: 1024 (order: 5, 163840 bytes, linear)
[    3.188171] NET: Registered PF_UNIX/PF_LOCAL protocol family
[    3.189037] RPC: Registered named UNIX socket transport module.
[    3.189492] RPC: Registered udp transport module.
[    3.189846] RPC: Registered tcp transport module.
[    3.190200] RPC: Registered tcp NFSv4.1 backchannel transport module.
[    3.190711] pci_bus 0000:00: resource 4 [io  0x0000-0x0cf7 window]
[    3.191200] pci_bus 0000:00: resource 5 [io  0x0d00-0xffff window]
[    3.191667] pci_bus 0000:00: resource 6 [mem 0x000a0000-0x000bffff window]
[    3.192181] pci_bus 0000:00: resource 7 [mem 0x80000000-0xfebfffff window]
[    3.192697] pci_bus 0000:00: resource 8 [mem 0x100000000-0x17fffffff window]
[    3.193432] pci 0000:00:01.0: PIIX3: Enabling Passive Release
[    3.193879] pci 0000:00:00.0: Limiting direct PCI/PCI transfers
[    3.194416] PCI: CLS 0 bytes, default 64
[    3.195041] ACPI: bus type thunderbolt registered
[    3.195720] clocksource: tsc: mask: 0xffffffffffffffff max_cycles: 0x2c47f5688fc, max_idle_ns: 440795305069 ns
[    3.199128] Initialise system trusted keyrings
[    3.199560] Key type blacklist registered
[    3.200063] workingset: timestamp_bits=36 max_order=19 bucket_order=0
[    3.200603] zbud: loaded
[    3.201475] squashfs: version 4.0 (2009/01/31) Phillip Lougher
[    3.202577] NFS: Registering the id_resolver key type
[    3.202977] Key type id_resolver registered
[    3.203315] Key type id_legacy registered
[    3.203649] nfs4filelayout_init: NFSv4 File Layout Driver Registering...
[    3.204168] nfs4flexfilelayout_init: NFSv4 Flexfile Layout Driver Registering...
[    3.204855] fuse: init (API version 7.38)
[    3.205359] SGI XFS with ACLs, security attributes, realtime, quota, no debug enabled
[    3.206441] 9p: Installing v9fs 9p2000 file system support
[    3.213778] Key type asymmetric registered
[    3.214100] Asymmetric key parser 'x509' registered
[    3.214534] Block layer SCSI generic (bsg) driver version 0.4 loaded (major 243)
[    3.215233] io scheduler mq-deadline registered
[    3.215617] io scheduler bfq registered
[    3.216341] shpchp: Standard Hot Plug PCI Controller Driver version: 0.4
[    3.217205] IPMI message handler: version 39.2
[    3.217583] ipmi device interface
[    3.219254] input: Power Button as /devices/LNXSYSTM:00/LNXPWRBN:00/input/input0
[    3.220001] ACPI: button: Power Button [PWRF]
[    3.221204] ERST DBG: ERST support is disabled.
[    3.222086] Serial: 8250/16550 driver, 32 ports, IRQ sharing enabled
[    3.223133] 00:04: ttyS0 at I/O 0x3f8 (irq = 4, base_baud = 115200) is a 16550A
[    3.231360] Linux agpgart interface v0.103
[    3.232498] ACPI: bus type drm_connector registered
[    3.244267] brd: module loaded
[    3.250919] loop: module loaded
[    3.256920] scsi host0: ata_piix
[    3.257680] scsi host1: ata_piix
[    3.258087] ata1: PATA max MWDMA2 cmd 0x1f0 ctl 0x3f6 bmdma 0xc040 irq 14
[    3.258630] ata2: PATA max MWDMA2 cmd 0x170 ctl 0x376 bmdma 0xc048 irq 15
[    3.260080] tun: Universal TUN/TAP device driver, 1.6
[    3.260755] e100: Intel(R) PRO/100 Network Driver
[    3.261138] e100: Copyright(c) 1999-2006 Intel Corporation
[    3.261604] e1000: Intel(R) PRO/1000 Network Driver
[    3.261994] e1000: Copyright (c) 1999-2006 Intel Corporation.
[    3.392571] ACPI: \_SB_.LNKC: Enabled at IRQ 11
[    3.419265] ata2: found unknown device (class 0)
[    3.419906] ata1: found unknown device (class 0)
[    3.420925] ata1.00: ATA-7: QEMU HARDDISK, 2.5+, max UDMA/100
[    3.421362] ata1.00: 16777216 sectors, multi 16: LBA48 
[    3.421939] ata2.00: ATAPI: QEMU DVD-ROM, 2.5+, max UDMA/100
[    3.423613] scsi 0:0:0:0: Direct-Access     ATA      QEMU HARDDISK    2.5+ PQ: 0 ANSI: 5
[    3.424983] scsi 0:0:0:0: Attached scsi generic sg0 type 0
[    3.425820] scsi 1:0:0:0: CD-ROM            QEMU     QEMU DVD-ROM     2.5+ PQ: 0 ANSI: 5
[    3.431631] sd 0:0:0:0: [sda] 16777216 512-byte logical blocks: (8.59 GB/8.00 GiB)
[    3.432236] sd 0:0:0:0: [sda] Write Protect is off
[    3.432642] sd 0:0:0:0: [sda] Write cache: enabled, read cache: enabled, doesn't support DPO or FUA
[    3.433352] sd 0:0:0:0: [sda] Preferred minimum I/O size 512 bytes
[    3.443744] scsi 1:0:0:0: Attached scsi generic sg1 type 5
[    3.453034] sd 0:0:0:0: [sda] Attached SCSI disk
[    3.718362] e1000 0000:00:03.0 eth0: (PCI:33MHz:32-bit) 52:54:00:12:34:56
[    3.718938] e1000 0000:00:03.0 eth0: Intel(R) PRO/1000 Network Connection
[    3.719569] e1000e: Intel(R) PRO/1000 Network Driver
[    3.719950] e1000e: Copyright(c) 1999 - 2015 Intel Corporation.
[    3.720452] igb: Intel(R) Gigabit Ethernet Network Driver
[    3.720862] igb: Copyright (c) 2007-2014 Intel Corporation.
[    3.721366] PPP generic driver version 2.4.2
[    3.722745] VFIO - User Level meta-driver version: 0.3
[    3.723881] usbcore: registered new interface driver uas
[    3.724325] usbcore: registered new interface driver usb-storage
[    3.724933] i8042: PNP: PS/2 Controller [PNP0303:KBD,PNP0f13:MOU] at 0x60,0x64 irq 1,12
[    3.726195] serio: i8042 KBD port at 0x60,0x64 irq 1
[    3.726602] serio: i8042 AUX port at 0x60,0x64 irq 12
[    3.728361] mousedev: PS/2 mouse device common for all mice
[    3.729855] rtc_cmos 00:05: RTC can wake from S4
[    3.731463] input: AT Translated Set 2 keyboard as /devices/platform/i8042/serio0/input/input1
[    3.732477] rtc_cmos 00:05: registered as rtc0
[    3.732876] rtc_cmos 00:05: setting system clock to 2023-04-26T06:34:57 UTC (1682490897)
[    3.733673] rtc_cmos 00:05: alarms up to one day, y3k, 242 bytes nvram, hpet irqs
[    3.734257] i2c_dev: i2c /dev entries driver
[    3.735239] device-mapper: core: CONFIG_IMA_DISABLE_HTABLE is disabled. Duplicate IMA measurements will not be recorded in the IMA log.
[    3.735368] input: VirtualPS/2 VMware VMMouse as /devices/platform/i8042/serio1/input/input4
[    3.736186] device-mapper: uevent: version 1.0.3
[    3.737312] device-mapper: ioctl: 4.47.0-ioctl (2022-07-28) initialised: dm-devel@redhat.com
[    3.737960] intel_pstate: CPU model not supported
[    3.738413] sdhci: Secure Digital Host Controller Interface driver
[    3.738912] input: VirtualPS/2 VMware VMMouse as /devices/platform/i8042/serio1/input/input3
[    3.738939] sdhci: Copyright(c) Pierre Ossman
[    3.739004] sdhci-pltfm: SDHCI platform and OF driver helper
[    3.740385] ledtrig-cpu: registered to indicate activity on CPUs
[    3.741218] drop_monitor: Initializing network drop monitor service
[    3.741907] NET: Registered PF_INET6 protocol family
[    3.746462] Segment Routing with IPv6
[    3.746797] In-situ OAM (IOAM) with IPv6
[    3.747173] NET: Registered PF_PACKET protocol family
[    3.747758] 9pnet: Installing 9P2000 support
[    3.748139] Key type dns_resolver registered
[    3.749243] IPI shorthand broadcast: enabled
[    3.761311] sched_clock: Marking stable (3552003551, 207094653)->(3864233131, -105134927)
[    3.763244] registered taskstats version 1
[    3.763855] Loading compiled-in X.509 certificates
[    3.764413] zswap: loaded using pool lzo/zbud
[    3.777458] Key type .fscrypt registered
[    3.777771] Key type fscrypt-provisioning registered
[    3.779165] Key type encrypted registered
[    3.779508] ima: No TPM chip found, activating TPM-bypass!
[    3.779930] ima: Allocated hash algorithm: sha1
[    3.780310] ima: No architecture policies found
[    3.780729] evm: Initialising EVM extended attributes:
[    3.781117] evm: security.selinux
[    3.781372] evm: security.SMACK64
[    3.781628] evm: security.SMACK64EXEC
[    3.781909] evm: security.SMACK64TRANSMUTE
[    3.782221] evm: security.SMACK64MMAP
[    3.782501] evm: security.apparmor
[    3.782762] evm: security.ima
[    3.783004] evm: security.capability
[    3.783296] evm: HMAC attrs: 0x1
[    3.784644] PM:   Magic number: 3:605:570
[    3.785400] RAS: Correctable Errors collector initialized.
[    3.786470] md: Waiting for all devices to be available before autodetect
[    3.786802] md: If you don't use raid, use raid=noautodetect
[    3.787118] md: Autodetecting RAID arrays.
[    3.787334] md: autorun ...
[    3.787479] md: ... autorun DONE.
[    3.803943] EXT4-fs (sda): mounted filesystem 23a53bb9-f815-47a5-b74c-5e08f7731193 with ordered data mode. Quota mode: none.
[    3.804591] VFS: Mounted root (ext4 filesystem) readonly on device 8:0.
[    3.808469] devtmpfs: mounted
[    3.816672] Freeing unused decrypted memory: 2036K
[    3.823030] Freeing unused kernel image (initmem) memory: 10364K
[    3.823390] Write protecting the kernel read-only data: 45056k
[    3.825079] Freeing unused kernel image (rodata/data gap) memory: 472K
[    3.918120] x86/mm: Checked W+X mappings: passed, no W+X pages found.
[    3.918527] Run /sbin/init as init process
[    4.064113] systemd[1]: RTC configured in localtime, applying delta of 0 minutes to system time.
[    4.094982] systemd[1]: systemd 239 (239-49.el8) running in system mode. (+PAM +AUDIT +SELINUX +IMA -APPARMOR +SMACK +SYSVINIT +UTMP +LIBCRYPTSETUP +GCRYPT +GNUTLS +ACL +XZ +LZ4 +SECCOMP +BLKID +ELFUTILS +KMOD +IDN2 -IDN +PCRE2 default-hierarchy=legacy)
[    4.096219] systemd[1]: Detected virtualization kvm.
[    4.096473] systemd[1]: Detected architecture x86-64.

Welcome to [0;31mCentOS Stream 8[0m!

[    4.150852] systemd[1]: Set hostname to <test>.
[    4.465055] systemd[1]: Started Forward Password Requests to Wall Directory Watch.
[[0;32m  OK  [0m] Started Forward Password Requests to Wall Directory Watch.
[    4.466499] systemd[1]: Listening on LVM2 poll daemon socket.
[[0;32m  OK  [0m] Listening on LVM2 poll daemon socket.
[    4.469706] systemd[1]: Created slice system-sshd\x2dkeygen.slice.
[[0;32m  OK  [0m] Created slice system-sshd\x2dkeygen.slice.
[    4.470661] systemd[1]: Listening on multipathd control socket.
[[0;32m  OK  [0m] Listening on multipathd control socket.
[    4.471654] systemd[1]: Listening on Journal Socket (/dev/log).
[[0;32m  OK  [0m] Listening on Journal Socket (/dev/log).
[    4.473163] systemd[1]: Created slice system-getty.slice.
[[0;32m  OK  [0m] Created slice system-getty.slice.
[[0;32m  OK  [0m] Reached target Swap.
[[0;32m  OK  [0m] Listening on Journal Socket.
         Starting Setup Virtual Console...
         Mounting POSIX Message Queue File System...
         Starting Remount Root and Kernel File Systems...
         Starting Journal Service...
         Mounting Kernel Debug File System...
         Starting Load Kernel Modules...
[[0;32m  OK  [0m] Created slice User and Session Slice.
[[0;32m  OK  [0m] Reached target Slices.
[[0;32m  OK  [0m] Listening on Device-mapper event daemon FIFOs.
         Starting Monitoring of LVM2 mirrorsâ€¦ng dmeventd or progress polling...
[[0;32m  OK  [0m] Listening on udev Control Socket.
[[0;32m  OK  [0m] Set up automount Arbitrary Executabâ€¦rmats File System Automount Point.
         Mounting Huge Pages File System...
[[0;32m  OK  [0m] Listening on initctl Compatibility Named Pipe.
[[0;32m  OK  [0m] Listening on RPCbind Server Activation Socket.
[[0;32m  OK  [0m] Reached target RPC Port Mapper.
[[0;32m  OK  [0m] Listening on Process Core Dump Socket.
[[0;32m  OK  [0m] Listening on udev Kernel Socket.
         Starting udev Coldplug all Devices...
[[0;32m  OK  [0m] Created slice system-serial\x2dgetty.slice.
[    4.740633] EXT4-fs (sda): re-mounted 23a53bb9-f815-47a5-b74c-5e08f7731193. Quota mode: none.
[[0;32m  OK  [0m] Started Journal Service.
[[0;32m  OK  [0m] Mounted POSIX Message Queue File System.
[[0;32m  OK  [0m] Started Remount Root and Kernel File Systems.
[[0;32m  OK  [0m] Mounted Kernel Debug File System.
[[0;1;31mFAILED[0m] Failed to start Load Kernel Modules.
See 'systemctl status systemd-modules-load.service' for details.
[[0;32m  OK  [0m] Mounted Huge Pages File System.
[[0;32m  OK  [0m] Started Setup Virtual Console.
         Mounting FUSE Control File System...
         Mounting Kernel Configuration File System...
         Starting Apply Kernel Variables...
         Starting Load/Save Random Seed...
         Starting Create Static Device Nodes in /dev...
         Starting Flush Journal to Persistent Storage...
[[0;32m  OK  [0m] Mounted FUSE Control File System.
[[0;32m  OK  [0m] Mounted Kernel Configuration File System.
[[0;32m  OK  [0m] Started Apply Kernel Variables.
[[0;32m  OK  [0m] Started Load/Save Random Seed.
[[0;32m  OK  [0m] Started Create Static Device Nodes in /dev.
         Starting udev Kernel Device Manager...
[[0;32m  OK  [0m] Started Flush Journal to Persistent Storage.
[[0;32m  OK  [0m] Started udev Kernel Device Manager.
[[0;32m  OK  [0m] Started udev Coldplug all Devices.
         Starting udev Wait for Complete Device Initialization...
         Starting Show Plymouth Boot Screen...
[[0;32m  OK  [0m] Started Show Plymouth Boot Screen.
[[0;32m  OK  [0m] Reached target Local Encrypted Volumes.
[[0;32m  OK  [0m] Reached target Paths.
[[0;32m  OK  [0m] Started Forward Password Requests to Plymouth Directory Watch.
[[0;32m  OK  [0m] Found device /dev/ttyS0.
[[0;32m  OK  [0m] Started Monitoring of LVM2 mirrors,â€¦sing dmeventd or progress polling.
[[0;32m  OK  [0m] Started udev Wait for Complete Device Initialization.
[[0;32m  OK  [0m] Listening on Load/Save RF Kill Switch Status /dev/rfkill Watch.
[[0;32m  OK  [0m] Reached target Local File Systems (Pre).
[[0;32m  OK  [0m] Reached target Local File Systems.
         Starting Restore /run/initramfs on shutdown...
         Starting Create Volatile Files and Directories...
         Starting Tell Plymouth To Write Out Runtime Data...
[[0;32m  OK  [0m] Started Restore /run/initramfs on shutdown.
[[0;32m  OK  [0m] Started Tell Plymouth To Write Out Runtime Data.
[[0;32m  OK  [0m] Started Create Volatile Files and Directories.
         Starting Security Auditing Service...
         Mounting RPC Pipe File System...
         Starting RPC Bind...
[[0;32m  OK  [0m] Mounted RPC Pipe File System.
[[0;32m  OK  [0m] Reached target rpc_pipefs.target.
[[0;32m  OK  [0m] Started RPC Bind.
[[0;32m  OK  [0m] Started Security Auditing Service.
         Starting Update UTMP about System Boot/Shutdown...
[[0;32m  OK  [0m] Started Update UTMP about System Boot/Shutdown.
[[0;32m  OK  [0m] Reached target System Initialization.
[[0;32m  OK  [0m] Started dnf makecache --timer.
[[0;32m  OK  [0m] Started Daily Cleanup of Temporary Directories.
[[0;32m  OK  [0m] Listening on D-Bus System Message Bus Socket.
[[0;32m  OK  [0m] Started daily update of the root trust anchor for DNSSEC.
[[0;32m  OK  [0m] Reached target Timers.
[[0;32m  OK  [0m] Listening on SSSD Kerberos Cache Manager responder socket.
[[0;32m  OK  [0m] Reached target Sockets.
[[0;32m  OK  [0m] Reached target Basic System.
[[0;32m  OK  [0m] Started Machine Check Exception Logging Daemon.
[[0;32m  OK  [0m] Started irqbalance daemon.
         Starting Auto-connect to subsystemsâ€¦-NVME devices found during boot...
         Starting Authorization Manager...
         Starting Self Monitoring and Reporting Technology (SMART) Daemon...
         Starting Login Service...
[[0;32m  OK  [0m] Started D-Bus System Message Bus.
         Starting Network Manager...
[[0;32m  OK  [0m] Reached target sshd-keygen.target.
         Starting NTP client/server...
[[0;32m  OK  [0m] Started Self Monitoring and Reporting Technology (SMART) Daemon.
[[0;32m  OK  [0m] Started Auto-connect to subsystems â€¦FC-NVME devices found during boot.
         Starting update of the root trust aâ€¦or DNSSEC validation in unbound...
[[0;32m  OK  [0m] Started Login Service.
[[0;32m  OK  [0m] Started Network Manager.
         Starting Network Manager Wait Online...
[[0;32m  OK  [0m] Reached target Network.
         Starting OpenSSH server daemon...
         Starting Dynamic System Tuning Daemon...
         Starting GSSAPI Proxy Daemon...
[[0;32m  OK  [0m] Started update of the root trust anâ€¦ for DNSSEC validation in unbound.
[[0;32m  OK  [0m] Started NTP client/server.
[[0;32m  OK  [0m] Started Authorization Manager.
         Starting Hostname Service...
[[0;32m  OK  [0m] Started OpenSSH server daemon.
[[0;32m  OK  [0m] Started GSSAPI Proxy Daemon.
[[0;32m  OK  [0m] Reached target NFS client services.
[[0;32m  OK  [0m] Reached target Remote File Systems (Pre).
[[0;32m  OK  [0m] Reached target Remote File Systems.
         Starting Permit User Sessions...
[[0;32m  OK  [0m] Started Permit User Sessions.
         Starting Terminate Plymouth Boot Screen...
         Starting Hold until boot process finishes up...
[[0;32m  OK  [0m] Started Command Scheduler.
[[0;32m  OK  [0m] Started Terminate Plymouth Boot Screen.
[[0;32m  OK  [0m] Started Hold until boot process finishes up.
[    6.995420] e1000: eth0 NIC Link is Up 1000 Mbps Full Duplex, Flow Control: RX
[    6.996541] IPv6: ADDRCONF(NETDEV_CHANGE): eth0: link becomes ready
[    7.320875] Spectre V2 : WARNING: Unprivileged eBPF is enabled with eIBRS on, data leaks possible via Spectre v2 BHB attacks!
[    7.321481] Spectre V2 : WARNING: Unprivileged eBPF is enabled with eIBRS on, data leaks possible via Spectre v2 BHB attacks!

CentOS Stream 8
Kernel 6.3.0-c3985d8b9c22+ on an x86_64

test login: [   24.704866] memfd_create() without MFD_EXEC nor MFD_NOEXEC_SEAL, pid=339 'systemd'
[   28.759827] cgroup: Unknown subsys name 'net'
[   28.767629] cgroup: Unknown subsys name 'rlimit'
[   35.320936] tpm tpm0: Operation Canceled
[   35.323074] ------------[ cut here ]------------
[   35.323384] WARNING: CPU: 0 PID: 4030 at kernel/kthread.c:75 kthread_stop+0x353/0x360
[   35.323781] Modules linked in:
[   35.323953] CPU: 0 PID: 4030 Comm: repro Not tainted 6.3.0-c3985d8b9c22+ #1
[   35.324305] Hardware name: QEMU Standard PC (i440FX + PIIX, 1996), BIOS rel-1.14.0-0-g155821a1990b-prebuilt.qemu.org 04/01/2014
[   35.324854] RIP: 0010:kthread_stop+0x353/0x360
[   35.325092] Code: 00 4c 89 ef e8 1e e0 c0 00 e9 1f fe ff ff e8 34 f2 16 00 be 02 00 00 00 4c 89 ef e8 07 e0 c0 00 e9 5c fd ff ff e8 1d f2 16 00 <0f> 0b e9 73 fd ff ff 66 0f 1f 44 00 00 90 90 90 90 90 90 90 90 90
[   35.325977] RSP: 0018:ffffc90001c7bda8 EFLAGS: 00010246
[   35.326246] RAX: 0000000000000000 RBX: ffff88801478a340 RCX: ffffffff81167534
[   35.326600] RDX: 0000000000000000 RSI: ffff888014660000 RDI: 0000000000000002
[   35.326960] RBP: ffffc90001c7bdc8 R08: 0000000000000001 R09: 0000000000000001
[   35.327319] R10: 0000000000000000 R11: 0000000000000000 R12: 0000000000000000
[   35.327671] R13: ffff88801478a368 R14: ffff888017cfdae0 R15: ffff888007094910
[   35.328025] FS:  00007fb36b30b800(0000) GS:ffff88807dc00000(0000) knlGS:0000000000000000
[   35.328419] CS:  0010 DS: 0000 ES: 0000 CR0: 0000000080050033
[   35.328706] CR2: 000055a31de72458 CR3: 0000000009f62006 CR4: 0000000000770ef0
[   35.329061] DR0: 0000000000000000 DR1: 0000000000000000 DR2: 0000000000000000
[   35.329411] DR3: 0000000000000000 DR6: 00000000ffff07f0 DR7: 0000000000000400
[   35.329764] PKRU: 55555554
[   35.329909] Call Trace:
[   35.330040]  <TASK>
[   35.330162]  hwrng_unregister+0x182/0x210
[   35.330382]  tpm_chip_unregister+0x1aa/0x1d0
[   35.330618]  ? __pfx_vtpm_proxy_fops_release+0x10/0x10
[   35.330887]  vtpm_proxy_fops_release+0x8f/0xa0
[   35.331130]  __fput+0x11f/0x450
[   35.331319]  ____fput+0x1e/0x30
[   35.331498]  task_work_run+0xb6/0x120
[   35.331696]  exit_to_user_mode_prepare+0x200/0x210
[   35.331953]  syscall_exit_to_user_mode+0x2d/0x60
[   35.332211]  do_syscall_64+0x4a/0x90
[   35.332412]  entry_SYSCALL_64_after_hwframe+0x72/0xdc
[   35.332679] RIP: 0033:0x7fb36b51be37
[   35.332872] Code: 12 b8 03 00 00 00 0f 05 48 3d 00 f0 ff ff 77 3b c3 66 90 53 89 fb 48 83 ec 10 e8 d4 fb ff ff 89 c2 89 df b8 03 00 00 00 0f 05 <48> 3d 00 f0 ff ff 77 2b 89 d7 89 44 24 0c e8 16 fc ff ff 8b 44 24
[   35.333755] RSP: 002b:00007ffd34817630 EFLAGS: 00000293 ORIG_RAX: 0000000000000003
[   35.334129] RAX: 0000000000000000 RBX: 0000000000000004 RCX: 00007fb36b51be37
[   35.334481] RDX: 0000000000000000 RSI: 0000000000000080 RDI: 0000000000000004
[   35.334832] RBP: 00007ffd34817660 R08: 0000000000000000 R09: 0000000000000032
[   35.335193] R10: 00007ffd34817630 R11: 0000000000000293 R12: 0000000000402400
[   35.335546] R13: 00007ffd348177f0 R14: 0000000000000000 R15: 0000000000000000
[   35.335920]  </TASK>
[   35.336050] irq event stamp: 2041
[   35.336224] hardirqs last  enabled at (2049): [<ffffffff811e3ac1>] __up_console_sem+0x91/0xb0
[   35.336667] hardirqs last disabled at (2056): [<ffffffff811e3aa6>] __up_console_sem+0x76/0xb0
[   35.337091] softirqs last  enabled at (1686): [<ffffffff82f9a1a9>] __do_softirq+0x2d9/0x3c3
[   35.337507] softirqs last disabled at (1487): [<ffffffff81126874>] irq_exit_rcu+0xc4/0x100
[   35.337923] ---[ end trace 0000000000000000 ]---
[   35.338178] BUG: kernel NULL pointer dereference, address: 0000000000000000
[   35.338534] #PF: supervisor write access in kernel mode
[   35.338808] #PF: error_code(0x0002) - not-present page
[   35.339111] PGD 18276067 P4D 18276067 PUD 18186067 PMD 0 
[   35.339389] Oops: 0002 [#1] PREEMPT SMP NOPTI
[   35.339612] CPU: 0 PID: 4030 Comm: repro Tainted: G        W          6.3.0-c3985d8b9c22+ #1
[   35.340026] Hardware name: QEMU Standard PC (i440FX + PIIX, 1996), BIOS rel-1.14.0-0-g155821a1990b-prebuilt.qemu.org 04/01/2014
[   35.340574] RIP: 0010:kthread_stop+0xd9/0x360
[   35.340800] Code: 44 8b 63 2c 31 ff 41 81 e4 00 00 20 00 44 89 e6 e8 8c f6 16 00 45 85 e4 0f 84 81 02 00 00 e8 9e f4 16 00 4c 8b a3 40 0a 00 00 <f0> 41 80 0c 24 02 48 89 df e8 f9 f1 ff ff f0 80 4b 02 02 48 89 df
[   35.341683] RSP: 0018:ffffc90001c7bda8 EFLAGS: 00010246
[   35.341946] RAX: 0000000000000000 RBX: ffff88801478a340 RCX: ffffffff81167534
[   35.342295] RDX: 0000000000000000 RSI: ffff888014660000 RDI: 0000000000000002
[   35.342644] RBP: ffffc90001c7bdc8 R08: 0000000000000001 R09: 0000000000000001
[   35.342996] R10: 0000000000000000 R11: 0000000000000000 R12: 0000000000000000
[   35.343344] R13: ffff88801478a368 R14: ffff888017cfdae0 R15: ffff888007094910
[   35.343693] FS:  00007fb36b30b800(0000) GS:ffff88807dc00000(0000) knlGS:0000000000000000
[   35.344087] CS:  0010 DS: 0000 ES: 0000 CR0: 0000000080050033
[   35.344373] CR2: 0000000000000000 CR3: 0000000009f62006 CR4: 0000000000770ef0
[   35.344725] DR0: 0000000000000000 DR1: 0000000000000000 DR2: 0000000000000000
[   35.345076] DR3: 0000000000000000 DR6: 00000000ffff07f0 DR7: 0000000000000400
[   35.345425] PKRU: 55555554
[   35.345566] Call Trace:
[   35.345694]  <TASK>
[   35.345808]  hwrng_unregister+0x182/0x210
[   35.346018]  tpm_chip_unregister+0x1aa/0x1d0
[   35.346243]  ? __pfx_vtpm_proxy_fops_release+0x10/0x10
[   35.346509]  vtpm_proxy_fops_release+0x8f/0xa0
[   35.346745]  __fput+0x11f/0x450
[   35.346927]  ____fput+0x1e/0x30
[   35.347104]  task_work_run+0xb6/0x120
[   35.347300]  exit_to_user_mode_prepare+0x200/0x210
[   35.347548]  syscall_exit_to_user_mode+0x2d/0x60
[   35.347794]  do_syscall_64+0x4a/0x90
[   35.347985]  entry_SYSCALL_64_after_hwframe+0x72/0xdc
[   35.348247] RIP: 0033:0x7fb36b51be37
[   35.348431] Code: 12 b8 03 00 00 00 0f 05 48 3d 00 f0 ff ff 77 3b c3 66 90 53 89 fb 48 83 ec 10 e8 d4 fb ff ff 89 c2 89 df b8 03 00 00 00 0f 05 <48> 3d 00 f0 ff ff 77 2b 89 d7 89 44 24 0c e8 16 fc ff ff 8b 44 24
[   35.349317] RSP: 002b:00007ffd34817630 EFLAGS: 00000293 ORIG_RAX: 0000000000000003
[   35.349689] RAX: 0000000000000000 RBX: 0000000000000004 RCX: 00007fb36b51be37
[   35.350038] RDX: 0000000000000000 RSI: 0000000000000080 RDI: 0000000000000004
[   35.350387] RBP: 00007ffd34817660 R08: 0000000000000000 R09: 0000000000000032
[   35.350739] R10: 00007ffd34817630 R11: 0000000000000293 R12: 0000000000402400
[   35.351091] R13: 00007ffd348177f0 R14: 0000000000000000 R15: 0000000000000000
[   35.351445]  </TASK>
[   35.351561] Modules linked in:
[   35.351725] CR2: 0000000000000000
[   35.351897] ---[ end trace 0000000000000000 ]---
[   35.352128] RIP: 0010:kthread_stop+0xd9/0x360
[   35.352354] Code: 44 8b 63 2c 31 ff 41 81 e4 00 00 20 00 44 89 e6 e8 8c f6 16 00 45 85 e4 0f 84 81 02 00 00 e8 9e f4 16 00 4c 8b a3 40 0a 00 00 <f0> 41 80 0c 24 02 48 89 df e8 f9 f1 ff ff f0 80 4b 02 02 48 89 df
[   35.353238] RSP: 0018:ffffc90001c7bda8 EFLAGS: 00010246
[   35.353499] RAX: 0000000000000000 RBX: ffff88801478a340 RCX: ffffffff81167534
[   35.353847] RDX: 0000000000000000 RSI: ffff888014660000 RDI: 0000000000000002
[   35.354197] RBP: ffffc90001c7bdc8 R08: 0000000000000001 R09: 0000000000000001
[   35.354560] R10: 0000000000000000 R11: 0000000000000000 R12: 0000000000000000
[   35.354910] R13: ffff88801478a368 R14: ffff888017cfdae0 R15: ffff888007094910
[   35.355258] FS:  00007fb36b30b800(0000) GS:ffff88807dc00000(0000) knlGS:0000000000000000
[   35.355652] CS:  0010 DS: 0000 ES: 0000 CR0: 0000000080050033
[   35.355938] CR2: 0000000000000000 CR3: 0000000009f62006 CR4: 0000000000770ef0
[   35.356287] DR0: 0000000000000000 DR1: 0000000000000000 DR2: 0000000000000000
[   35.356635] DR3: 0000000000000000 DR6: 00000000ffff07f0 DR7: 0000000000000400
[   35.356984] PKRU: 55555554
[   35.357125] note: repro[4030] exited with irqs disabled
[   35.436670] tpm tpm1: Operation Canceled
[   35.437093] ------------[ cut here ]------------
[   35.437335] WARNING: CPU: 1 PID: 4104 at kernel/kthread.c:75 kthread_stop+0x353/0x360
[   35.437723] Modules linked in:
[   35.437886] CPU: 1 PID: 4104 Comm: repro Tainted: G      D W          6.3.0-c3985d8b9c22+ #1
[   35.438301] Hardware name: QEMU Standard PC (i440FX + PIIX, 1996), BIOS rel-1.14.0-0-g155821a1990b-prebuilt.qemu.org 04/01/2014
[   35.438849] RIP: 0010:kthread_stop+0x353/0x360
[   35.439111] Code: 00 4c 89 ef e8 1e e0 c0 00 e9 1f fe ff ff e8 34 f2 16 00 be 02 00 00 00 4c 89 ef e8 07 e0 c0 00 e9 5c fd ff ff e8 1d f2 16 00 <0f> 0b e9 73 fd ff ff 66 0f 1f 44 00 00 90 90 90 90 90 90 90 90 90
[   35.440002] RSP: 0018:ffffc90001cb3da8 EFLAGS: 00010246
[   35.440267] RAX: 0000000000000000 RBX: ffff88801478a340 RCX: ffffffff81167534
[   35.440616] RDX: 0000000000000000 RSI: ffff888017dba340 RDI: 0000000000000002
[   35.440969] RBP: ffffc90001cb3dc8 R08: 0000000000000000 R09: 0000000000000000
[   35.441320] R10: ffffc90001cb3dc8 R11: 0000000000000000 R12: 0000000000000000
[   35.441668] R13: ffff88801478a368 R14: ffff8880183caae0 R15: ffff888007094910
[   35.442019] FS:  00007fb36b30b800(0000) GS:ffff88807dd00000(0000) knlGS:0000000000000000
[   35.442419] CS:  0010 DS: 0000 ES: 0000 CR0: 0000000080050033
[   35.442710] CR2: 00007fb67ca13a58 CR3: 00000000132f4001 CR4: 0000000000770ee0
[   35.443081] DR0: 0000000000000000 DR1: 0000000000000000 DR2: 0000000000000000
[   35.443443] DR3: 0000000000000000 DR6: 00000000ffff07f0 DR7: 0000000000000400
[   35.443801] PKRU: 55555554
[   35.443944] Call Trace:
[   35.444075]  <TASK>
[   35.444194]  hwrng_unregister+0x182/0x210
[   35.444409]  tpm_chip_unregister+0x1aa/0x1d0
[   35.444634]  ? __pfx_vtpm_proxy_fops_release+0x10/0x10
[   35.444906]  vtpm_proxy_fops_release+0x8f/0xa0
[   35.445146]  __fput+0x11f/0x450
[   35.445335]  ____fput+0x1e/0x30
[   35.445512]  task_work_run+0xb6/0x120
[   35.445711]  exit_to_user_mode_prepare+0x200/0x210
[   35.445961]  syscall_exit_to_user_mode+0x2d/0x60
[   35.446210]  do_syscall_64+0x4a/0x90
[   35.446410]  entry_SYSCALL_64_after_hwframe+0x72/0xdc
[   35.446674] RIP: 0033:0x7fb36b51be37
[   35.446866] Code: 12 b8 03 00 00 00 0f 05 48 3d 00 f0 ff ff 77 3b c3 66 90 53 89 fb 48 83 ec 10 e8 d4 fb ff ff 89 c2 89 df b8 03 00 00 00 0f 05 <48> 3d 00 f0 ff ff 77 2b 89 d7 89 44 24 0c e8 16 fc ff ff 8b 44 24
[   35.447759] RSP: 002b:00007ffd34817630 EFLAGS: 00000293 ORIG_RAX: 0000000000000003
[   35.448136] RAX: 0000000000000000 RBX: 0000000000000004 RCX: 00007fb36b51be37
[   35.448488] RDX: 0000000000000000 RSI: 0000000000000080 RDI: 0000000000000004
[   35.448839] RBP: 00007ffd34817660 R08: 0000000000000000 R09: 0000000000000032
[   35.449191] R10: 00007ffd34817630 R11: 0000000000000293 R12: 0000000000402400
[   35.449539] R13: 00007ffd348177f0 R14: 0000000000000000 R15: 0000000000000000
[   35.449893]  </TASK>
[   35.450012] irq event stamp: 0
[   35.450171] hardirqs last  enabled at (0): [<0000000000000000>] 0x0
[   35.450480] hardirqs last disabled at (0): [<ffffffff81113b14>] copy_process+0x1294/0x2c60
[   35.450902] softirqs last  enabled at (0): [<ffffffff81113b18>] copy_process+0x1298/0x2c60
[   35.451317] softirqs last disabled at (0): [<0000000000000000>] 0x0
[   35.451629] ---[ end trace 0000000000000000 ]---
[   35.451865] BUG: kernel NULL pointer dereference, address: 0000000000000000
[   35.452207] #PF: supervisor write access in kernel mode
[   35.452467] #PF: error_code(0x0002) - not-present page
[   35.452724] PGD 18177067 P4D 18177067 PUD 183b0067 PMD 0 
[   35.453003] Oops: 0002 [#2] PREEMPT SMP NOPTI
[   35.453226] CPU: 1 PID: 4104 Comm: repro Tainted: G      D W          6.3.0-c3985d8b9c22+ #1
[   35.453641] Hardware name: QEMU Standard PC (i440FX + PIIX, 1996), BIOS rel-1.14.0-0-g155821a1990b-prebuilt.qemu.org 04/01/2014
[   35.454187] RIP: 0010:kthread_stop+0xd9/0x360
[   35.454413] Code: 44 8b 63 2c 31 ff 41 81 e4 00 00 20 00 44 89 e6 e8 8c f6 16 00 45 85 e4 0f 84 81 02 00 00 e8 9e f4 16 00 4c 8b a3 40 0a 00 00 <f0> 41 80 0c 24 02 48 89 df e8 f9 f1 ff ff f0 80 4b 02 02 48 89 df
[   35.455301] RSP: 0018:ffffc90001cb3da8 EFLAGS: 00010246
[   35.455563] RAX: 0000000000000000 RBX: ffff88801478a340 RCX: ffffffff81167534
[   35.455911] RDX: 0000000000000000 RSI: ffff888017dba340 RDI: 0000000000000002
[   35.456260] RBP: ffffc90001cb3dc8 R08: 0000000000000000 R09: 0000000000000000
[   35.456611] R10: ffffc90001cb3dc8 R11: 0000000000000000 R12: 0000000000000000
[   35.456961] R13: ffff88801478a368 R14: ffff8880183caae0 R15: ffff888007094910
[   35.457311] FS:  00007fb36b30b800(0000) GS:ffff88807dd00000(0000) knlGS:0000000000000000
[   35.457705] CS:  0010 DS: 0000 ES: 0000 CR0: 0000000080050033
[   35.457993] CR2: 0000000000000000 CR3: 00000000132f4001 CR4: 0000000000770ee0
[   35.458345] DR0: 0000000000000000 DR1: 0000000000000000 DR2: 0000000000000000
[   35.458694] DR3: 0000000000000000 DR6: 00000000ffff07f0 DR7: 0000000000000400
[   35.459046] PKRU: 55555554
[   35.459187] Call Trace:
[   35.459314]  <TASK>
[   35.459428]  hwrng_unregister+0x182/0x210
[   35.459640]  tpm_chip_unregister+0x1aa/0x1d0
[   35.459864]  ? __pfx_vtpm_proxy_fops_release+0x10/0x10
[   35.460128]  vtpm_proxy_fops_release+0x8f/0xa0
[   35.460364]  __fput+0x11f/0x450
[   35.460542]  ____fput+0x1e/0x30
[   35.460719]  task_work_run+0xb6/0x120
[   35.460916]  exit_to_user_mode_prepare+0x200/0x210
[   35.461163]  syscall_exit_to_user_mode+0x2d/0x60
[   35.461410]  do_syscall_64+0x4a/0x90
[   35.461604]  entry_SYSCALL_64_after_hwframe+0x72/0xdc
[   35.461864] RIP: 0033:0x7fb36b51be37
[   35.462050] Code: 12 b8 03 00 00 00 0f 05 48 3d 00 f0 ff ff 77 3b c3 66 90 53 89 fb 48 83 ec 10 e8 d4 fb ff ff 89 c2 89 df b8 03 00 00 00 0f 05 <48> 3d 00 f0 ff ff 77 2b 89 d7 89 44 24 0c e8 16 fc ff ff 8b 44 24
[   35.462941] RSP: 002b:00007ffd34817630 EFLAGS: 00000293 ORIG_RAX: 0000000000000003
[   35.463312] RAX: 0000000000000000 RBX: 0000000000000004 RCX: 00007fb36b51be37
[   35.463661] RDX: 0000000000000000 RSI: 0000000000000080 RDI: 0000000000000004
[   35.464012] RBP: 00007ffd34817660 R08: 0000000000000000 R09: 0000000000000032
[   35.464359] R10: 00007ffd34817630 R11: 0000000000000293 R12: 0000000000402400
[   35.464710] R13: 00007ffd348177f0 R14: 0000000000000000 R15: 0000000000000000
[   35.465063]  </TASK>
[   35.465179] Modules linked in:
[   35.465339] CR2: 0000000000000000
[   35.465510] ---[ end trace 0000000000000000 ]---
[   35.465740] RIP: 0010:kthread_stop+0xd9/0x360
[   35.465968] Code: 44 8b 63 2c 31 ff 41 81 e4 00 00 20 00 44 89 e6 e8 8c f6 16 00 45 85 e4 0f 84 81 02 00 00 e8 9e f4 16 00 4c 8b a3 40 0a 00 00 <f0> 41 80 0c 24 02 48 89 df e8 f9 f1 ff ff f0 80 4b 02 02 48 89 df
[   35.466860] RSP: 0018:ffffc90001c7bda8 EFLAGS: 00010246
[   35.467123] RAX: 0000000000000000 RBX: ffff88801478a340 RCX: ffffffff81167534
[   35.467484] RDX: 0000000000000000 RSI: ffff888014660000 RDI: 0000000000000002
[   35.467832] RBP: ffffc90001c7bdc8 R08: 0000000000000001 R09: 0000000000000001
[   35.468178] R10: 0000000000000000 R11: 0000000000000000 R12: 0000000000000000
[   35.468525] R13: ffff88801478a368 R14: ffff888017cfdae0 R15: ffff888007094910
[   35.468877] FS:  00007fb36b30b800(0000) GS:ffff88807dd00000(0000) knlGS:0000000000000000
[   35.469273] CS:  0010 DS: 0000 ES: 0000 CR0: 0000000080050033
[   35.469561] CR2: 0000000000000000 CR3: 00000000132f4001 CR4: 0000000000770ee0
[   35.469912] DR0: 0000000000000000 DR1: 0000000000000000 DR2: 0000000000000000
[   35.470260] DR3: 0000000000000000 DR6: 00000000ffff07f0 DR7: 0000000000000400
[   35.470608] PKRU: 55555554
[   35.470749] note: repro[4104] exited with irqs disabled
[   35.497632] tpm tpm2: Operation Canceled
[   35.498807] tpm tpm3: Operation Canceled
[   35.500330] ------------[ cut here ]------------
[   35.500560] WARNING: CPU: 0 PID: 4138 at kernel/kthread.c:75 kthread_stop+0x353/0x360
[   35.500929] Modules linked in:
[   35.501079] CPU: 0 PID: 4138 Comm: repro Tainted: G      D W          6.3.0-c3985d8b9c22+ #1
[   35.501460] Hardware name: QEMU Standard PC (i440FX + PIIX, 1996), BIOS rel-1.14.0-0-g155821a1990b-prebuilt.qemu.org 04/01/2014
[   35.501963] RIP: 0010:kthread_stop+0x353/0x360
[   35.502178] Code: 00 4c 89 ef e8 1e e0 c0 00 e9 1f fe ff ff e8 34 f2 16 00 be 02 00 00 00 4c 89 ef e8 07 e0 c0 00 e9 5c fd ff ff e8 1d f2 16 00 <0f> 0b e9 73 fd ff ff 66 0f 1f 44 00 00 90 90 90 90 90 90 90 90 90
[   35.503000] RSP: 0018:ffffc90001cbbda8 EFLAGS: 00010246
[   35.503270] RAX: 0000000000000000 RBX: ffff88801478a340 RCX: ffffffff81167534
[   35.503594] RDX: 0000000000000000 RSI: ffff888017dc0000 RDI: 0000000000000002
[   35.503915] RBP: ffffc90001cbbdc8 R08: 0000000000000000 R09: 0000000000000000
[   35.504236] R10: ffffc90001cbbdc8 R11: 0000000000000000 R12: 0000000000000000
[   35.504556] R13: ffff88801478a368 R14: ffff8880183ccae0 R15: ffff888007094910
[   35.504878] FS:  00007fb36b30b800(0000) GS:ffff88807dc00000(0000) knlGS:0000000000000000
[   35.505248] CS:  0010 DS: 0000 ES: 0000 CR0: 0000000080050033
[   35.505512] CR2: 000055a31de72458 CR3: 000000000be24003 CR4: 0000000000770ef0
[   35.505840] DR0: 0000000000000000 DR1: 0000000000000000 DR2: 0000000000000000
[   35.506168] DR3: 0000000000000000 DR6: 00000000ffff07f0 DR7: 0000000000000400
[   35.506523] PKRU: 55555554
[   35.506663] Call Trace:
[   35.506790]  <TASK>
[   35.506912]  hwrng_unregister+0x182/0x210
[   35.507132]  tpm_chip_unregister+0x1aa/0x1d0
[   35.507371]  ? __pfx_vtpm_proxy_fops_release+0x10/0x10
[   35.507653]  vtpm_proxy_fops_release+0x8f/0xa0
[   35.507905]  __fput+0x11f/0x450
[   35.508097]  ____fput+0x1e/0x30
[   35.508286]  task_work_run+0xb6/0x120
[   35.508498]  exit_to_user_mode_prepare+0x200/0x210
[   35.508766]  syscall_exit_to_user_mode+0x2d/0x60
[   35.509029]  do_syscall_64+0x4a/0x90
[   35.509234]  entry_SYSCALL_64_after_hwframe+0x72/0xdc
[   35.509517] RIP: 0033:0x7fb36b51be37
[   35.509715] Code: 12 b8 03 00 00 00 0f 05 48 3d 00 f0 ff ff 77 3b c3 66 90 53 89 fb 48 83 ec 10 e8 d4 fb ff ff 89 c2 89 df b8 03 00 00 00 0f 05 <48> 3d 00 f0 ff ff 77 2b 89 d7 89 44 24 0c e8 16 fc ff ff 8b 44 24
[   35.510648] RSP: 002b:00007ffd34817630 EFLAGS: 00000293 ORIG_RAX: 0000000000000003
[   35.511046] RAX: 0000000000000000 RBX: 0000000000000004 RCX: 00007fb36b51be37
[   35.511425] RDX: 0000000000000000 RSI: 0000000000000080 RDI: 0000000000000004
[   35.511791] RBP: 00007ffd34817660 R08: 0000000000000000 R09: 0000000000000032
[   35.512031] tpm tpm3: Operation Canceled
[   35.512144] R10: 00007ffd34817630 R11: 0000000000000293 R12: 0000000000402400
[   35.512151] R13: 00007ffd348177f0 R14: 0000000000000000 R15: 0000000000000000
[   35.512479] ------------[ cut here ]------------
[   35.512711]  </TASK>
[   35.513053] WARNING: CPU: 1 PID: 4148 at kernel/kthread.c:75 kthread_stop+0x353/0x360
[   35.513283] irq event stamp: 0
[   35.513401] Modules linked in:
[   35.513777] hardirqs last  enabled at (0): [<0000000000000000>] 0x0
[   35.513784] hardirqs last disabled at (0): [<ffffffff81113b14>] copy_process+0x1294/0x2c60
[   35.513939] CPU: 1 PID: 4148 Comm: repro Tainted: G      D W          6.3.0-c3985d8b9c22+ #1
[   35.514096] softirqs last  enabled at (0): [<ffffffff81113b18>] copy_process+0x1298/0x2c60
[   35.514406] Hardware name: QEMU Standard PC (i440FX + PIIX, 1996), BIOS rel-1.14.0-0-g155821a1990b-prebuilt.qemu.org 04/01/2014
[   35.514830] softirqs last disabled at (0): [<0000000000000000>] 0x0
[   35.515256] RIP: 0010:kthread_stop+0x353/0x360
[   35.515649] ---[ end trace 0000000000000000 ]---
[   35.516193] Code: 00 4c 89 ef e8 1e e0 c0 00 e9 1f fe ff ff e8 34 f2 16 00 be 02 00 00 00 4c 89 ef e8 07 e0 c0 00 e9 5c fd ff ff e8 1d f2 16 00 <0f> 0b e9 73 fd ff ff 66 0f 1f 44 00 00 90 90 90 90 90 90 90 90 90
[   35.516503] BUG: kernel NULL pointer dereference, address: 0000000000000000
[   35.516719] RSP: 0018:ffffc90001bcbda8 EFLAGS: 00010246
[   35.516947] #PF: supervisor write access in kernel mode
[   35.517833] 
[   35.517835] RAX: 0000000000000000 RBX: ffff88801478a340 RCX: ffffffff81167534
[   35.518169] #PF: error_code(0x0002) - not-present page
[   35.518425] RDX: 0000000000000000 RSI: ffff888017dbc680 RDI: 0000000000000002
[   35.518680] PGD 18248067 
[   35.518765] RBP: ffffc90001bcbdc8 R08: 0000000000000000 R09: 0000000000000000
[   35.519115] P4D 18248067 PUD 18370067 PMD 0 
[   35.519373] R10: ffffc90001bcbdc8 R11: 0000000000000000 R12: 0000000000000000
[   35.519718] Oops: 0002 [#3] PREEMPT SMP NOPTI
[   35.519854] R13: ffff88801478a368 R14: ffff888017cfaae0 R15: ffff888007094910
[   35.520197] CPU: 0 PID: 4138 Comm: repro Tainted: G      D W          6.3.0-c3985d8b9c22+ #1
[   35.520408] FS:  00007fb36b30b800(0000) GS:ffff88807dd00000(0000) knlGS:0000000000000000
[   35.520751] Hardware name: QEMU Standard PC (i440FX + PIIX, 1996), BIOS rel-1.14.0-0-g155821a1990b-prebuilt.qemu.org 04/01/2014
[   35.520965] CS:  0010 DS: 0000 ES: 0000 CR0: 0000000080050033
[   35.521311] RIP: 0010:kthread_stop+0xd9/0x360
[   35.521711] CR2: 00007fb783600228 CR3: 00000000132ec001 CR4: 0000000000770ee0
[   35.522101] Code: 44 8b 63 2c 31 ff 41 81 e4 00 00 20 00 44 89 e6 e8 8c f6 16 00 45 85 e4 0f 84 81 02 00 00 e8 9e f4 16 00 4c 8b a3 40 0a 00 00 <f0> 41 80 0c 24 02 48 89 df e8 f9 f1 ff ff f0 80 4b 02 02 48 89 df
[   35.522642] DR0: 0000000000000000 DR1: 0000000000000000 DR2: 0000000000000000
[   35.522972] RSP: 0018:ffffc90001cbbda8 EFLAGS: 00010246
[   35.523204] DR3: 0000000000000000 DR6: 00000000ffff07f0 DR7: 0000000000000400
[   35.523543] 
[   35.523545] RAX: 0000000000000000 RBX: ffff88801478a340 RCX: ffffffff81167534
[   35.524416] PKRU: 55555554
[   35.524761] RDX: 0000000000000000 RSI: ffff888017dc0000 RDI: 0000000000000002
[   35.525018] Call Trace:
[   35.525021]  <TASK>
[   35.525364] RBP: ffffc90001cbbdc8 R08: 0000000000000000 R09: 0000000000000000
[   35.525449]  hwrng_unregister+0x182/0x210
[   35.525808] R10: ffffc90001cbbdc8 R11: 0000000000000000 R12: 0000000000000000
[   35.525957]  tpm_chip_unregister+0x1aa/0x1d0
[   35.526324] R13: ffff88801478a368 R14: ffff8880183ccae0 R15: ffff888007094910
[   35.526458]  ? __pfx_vtpm_proxy_fops_release+0x10/0x10
[   35.526576] FS:  00007fb36b30b800(0000) GS:ffff88807dc00000(0000) knlGS:0000000000000000
[   35.526943]  vtpm_proxy_fops_release+0x8f/0xa0
[   35.527154] CS:  0010 DS: 0000 ES: 0000 CR0: 0000000080050033
[   35.527162] CR2: 0000000000000000 CR3: 000000000be24003 CR4: 0000000000770ef0
[   35.527528]  __fput+0x11f/0x450
[   35.527757] DR0: 0000000000000000 DR1: 0000000000000000 DR2: 0000000000000000
[   35.528122]  ____fput+0x1e/0x30
[   35.528389] DR3: 0000000000000000 DR6: 00000000ffff07f0 DR7: 0000000000000400
[   35.528801]  task_work_run+0xb6/0x120
[   35.529035] PKRU: 55555554
[   35.529332]  exit_to_user_mode_prepare+0x200/0x210
[   35.529698] Call Trace:
[   35.529701]  <TASK>
[   35.529869]  syscall_exit_to_user_mode+0x2d/0x60
[   35.530238]  hwrng_unregister+0x182/0x210
[   35.530407]  do_syscall_64+0x4a/0x90
[   35.530776]  tpm_chip_unregister+0x1aa/0x1d0
[   35.530972]  entry_SYSCALL_64_after_hwframe+0x72/0xdc
[   35.531120]  ? __pfx_vtpm_proxy_fops_release+0x10/0x10
[   35.531376] RIP: 0033:0x7fb36b51be37
[   35.531511]  vtpm_proxy_fops_release+0x8f/0xa0
[   35.531631] Code: 12 b8 03 00 00 00 0f 05 48 3d 00 f0 ff ff 77 3b c3 66 90 53 89 fb 48 83 ec 10 e8 d4 fb ff ff 89 c2 89 df b8 03 00 00 00 0f 05 <48> 3d 00 f0 ff ff 77 2b 89 d7 89 44 24 0c e8 16 fc ff ff 8b 44 24
[   35.531875]  __fput+0x11f/0x450
[   35.532083] RSP: 002b:00007ffd34817630 EFLAGS: 00000293
[   35.532276]  ____fput+0x1e/0x30
[   35.532498]  ORIG_RAX: 0000000000000003
[   35.532762]  task_work_run+0xb6/0x120
[   35.533027] RAX: 0000000000000000 RBX: 0000000000000004 RCX: 00007fb36b51be37
[   35.533219]  exit_to_user_mode_prepare+0x200/0x210
[   35.533450] RDX: 0000000000000000 RSI: 0000000000000080 RDI: 0000000000000004
[   35.534393]  syscall_exit_to_user_mode+0x2d/0x60
[   35.534561] RBP: 00007ffd34817660 R08: 0000000000000000 R09: 0000000000000032
[   35.534833]  do_syscall_64+0x4a/0x90
[   35.535005] R10: 00007ffd34817630 R11: 0000000000000293 R12: 0000000000402400
[   35.535209]  entry_SYSCALL_64_after_hwframe+0x72/0xdc
[   35.535415] R13: 00007ffd348177f0 R14: 0000000000000000 R15: 0000000000000000
[   35.535782] RIP: 0033:0x7fb36b51be37
[   35.536038]  </TASK>
[   35.536401] Code: 12 b8 03 00 00 00 0f 05 48 3d 00 f0 ff ff 77 3b c3 66 90 53 89 fb 48 83 ec 10 e8 d4 fb ff ff 89 c2 89 df b8 03 00 00 00 0f 05 <48> 3d 00 f0 ff ff 77 2b 89 d7 89 44 24 0c e8 16 fc ff ff 8b 44 24
[   35.536643] irq event stamp: 0
[   35.537010] RSP: 002b:00007ffd34817630 EFLAGS: 00000293
[   35.537200] hardirqs last  enabled at (0): [<0000000000000000>] 0x0
[   35.537568]  ORIG_RAX: 0000000000000003
[   35.537829] hardirqs last disabled at (0): [<ffffffff81113b14>] copy_process+0x1294/0x2c60
[   35.538196] RAX: 0000000000000000 RBX: 0000000000000004 RCX: 00007fb36b51be37
[   35.538386] softirqs last  enabled at (0): [<ffffffff81113b18>] copy_process+0x1298/0x2c60
[   35.538508] RDX: 0000000000000000 RSI: 0000000000000080 RDI: 0000000000000004
[   35.539452] softirqs last disabled at (0): [<0000000000000000>] 0x0
[   35.539614] RBP: 00007ffd34817660 R08: 0000000000000000 R09: 0000000000000032
[   35.539886] ---[ end trace 0000000000000000 ]---
[   35.540210] R10: 00007ffd34817630 R11: 0000000000000293 R12: 0000000000402400
[   35.543211] R13: 00007ffd348177f0 R14: 0000000000000000 R15: 0000000000000000
[   35.543575]  </TASK>
[   35.543694] Modules linked in:
[   35.543858] CR2: 0000000000000000
[   35.544035] ---[ end trace 0000000000000000 ]---
[   35.544204] BUG: kernel NULL pointer dereference, address: 0000000000000000
[   35.544280] RIP: 0010:kthread_stop+0xd9/0x360
[   35.544651] #PF: supervisor write access in kernel mode
[   35.544882] Code: 44 8b 63 2c 31 ff 41 81 e4 00 00 20 00 44 89 e6 e8 8c f6 16 00 45 85 e4 0f 84 81 02 00 00 e8 9e f4 16 00 4c 8b a3 40 0a 00 00 <f0> 41 80 0c 24 02 48 89 df e8 f9 f1 ff ff f0 80 4b 02 02 48 89 df
[   35.545151] #PF: error_code(0x0002) - not-present page
[   35.546090] RSP: 0018:ffffc90001c7bda8 EFLAGS: 00010246
[   35.546355] PGD 181d1067 P4D 181d1067 PUD 181ad067 
[   35.546637] RAX: 0000000000000000 RBX: ffff88801478a340 RCX: ffffffff81167534
[   35.546900] PMD 0 
[   35.547270] RDX: 0000000000000000 RSI: ffff888014660000 RDI: 0000000000000002
[   35.547385] Oops: 0002 [#4] PREEMPT SMP NOPTI
[   35.547752] RBP: ffffc90001c7bdc8 R08: 0000000000000001 R09: 0000000000000001
[   35.547982] CPU: 1 PID: 4148 Comm: repro Tainted: G      D W          6.3.0-c3985d8b9c22+ #1
[   35.548349] R10: 0000000000000000 R11: 0000000000000000 R12: 0000000000000000
[   35.548776] Hardware name: QEMU Standard PC (i440FX + PIIX, 1996), BIOS rel-1.14.0-0-g155821a1990b-prebuilt.qemu.org 04/01/2014
[   35.549144] R13: ffff88801478a368 R14: ffff888017cfdae0 R15: ffff888007094910
[   35.549720] RIP: 0010:kthread_stop+0xd9/0x360
[   35.550086] FS:  00007fb36b30b800(0000) GS:ffff88807dc00000(0000) knlGS:0000000000000000
[   35.550314] Code: 44 8b 63 2c 31 ff 41 81 e4 00 00 20 00 44 89 e6 e8 8c f6 16 00 45 85 e4 0f 84 81 02 00 00 e8 9e f4 16 00 4c 8b a3 40 0a 00 00 <f0> 41 80 0c 24 02 48 89 df e8 f9 f1 ff ff f0 80 4b 02 02 48 89 df
[   35.550727] CS:  0010 DS: 0000 ES: 0000 CR0: 0000000080050033
[   35.551663] RSP: 0018:ffffc90001bcbda8 EFLAGS: 00010246
[   35.551962] CR2: 0000000000000000 CR3: 000000000be24003 CR4: 0000000000770ef0
[   35.552233] RAX: 0000000000000000 RBX: ffff88801478a340 RCX: ffffffff81167534
[   35.552601] DR0: 0000000000000000 DR1: 0000000000000000 DR2: 0000000000000000
[   35.552965] RDX: 0000000000000000 RSI: ffff888017dbc680 RDI: 0000000000000002
[   35.553332] DR3: 0000000000000000 DR6: 00000000ffff07f0 DR7: 0000000000000400
[   35.553697] RBP: ffffc90001bcbdc8 R08: 0000000000000000 R09: 0000000000000000
[   35.554063] PKRU: 55555554
[   35.554428] R10: ffffc90001bcbdc8 R11: 0000000000000000 R12: 0000000000000000
[   35.554575] note: repro[4138] exited with irqs disabled
[   35.554942] R13: ffff88801478a368 R14: ffff888017cfaae0 R15: ffff888007094910
[   35.555579] FS:  00007fb36b30b800(0000) GS:ffff88807dd00000(0000) knlGS:0000000000000000
[   35.555998] CS:  0010 DS: 0000 ES: 0000 CR0: 0000000080050033
[   35.556301] CR2: 0000000000000000 CR3: 00000000132ec001 CR4: 0000000000770ee0
[   35.556673] DR0: 0000000000000000 DR1: 0000000000000000 DR2: 0000000000000000
[   35.557045] DR3: 0000000000000000 DR6: 00000000ffff07f0 DR7: 0000000000000400
[   35.557416] PKRU: 55555554
[   35.557567] Call Trace:
[   35.557703]  <TASK>
[   35.557825]  hwrng_unregister+0x182/0x210
[   35.558047]  tpm_chip_unregister+0x1aa/0x1d0
[   35.558285]  ? __pfx_vtpm_proxy_fops_release+0x10/0x10
[   35.558566]  vtpm_proxy_fops_release+0x8f/0xa0
[   35.558814]  __fput+0x11f/0x450
[   35.559005]  ____fput+0x1e/0x30
[   35.559191]  task_work_run+0xb6/0x120
[   35.559399]  exit_to_user_mode_prepare+0x200/0x210
[   35.559660]  syscall_exit_to_user_mode+0x2d/0x60
[   35.559922]  do_syscall_64+0x4a/0x90
[   35.560126]  entry_SYSCALL_64_after_hwframe+0x72/0xdc
[   35.560402] RIP: 0033:0x7fb36b51be37
[   35.560600] Code: 12 b8 03 00 00 00 0f 05 48 3d 00 f0 ff ff 77 3b c3 66 90 53 89 fb 48 83 ec 10 e8 d4 fb ff ff 89 c2 89 df b8 03 00 00 00 0f 05 <48> 3d 00 f0 ff ff 77 2b 89 d7 89 44 24 0c e8 16 fc ff ff 8b 44 24
[   35.561544] RSP: 002b:00007ffd34817630 EFLAGS: 00000293 ORIG_RAX: 0000000000000003
[   35.561942] RAX: 0000000000000000 RBX: 0000000000000004 RCX: 00007fb36b51be37
[   35.562313] RDX: 0000000000000000 RSI: 0000000000000080 RDI: 0000000000000004
[   35.562687] RBP: 00007ffd34817660 R08: 0000000000000000 R09: 0000000000000032
[   35.563064] R10: 00007ffd34817630 R11: 0000000000000293 R12: 0000000000402400
[   35.563436] R13: 00007ffd348177f0 R14: 0000000000000000 R15: 0000000000000000
[   35.563815]  </TASK>
[   35.563938] Modules linked in:
[   35.564109] CR2: 0000000000000000
[   35.564291] ---[ end trace 0000000000000000 ]---
[   35.564536] RIP: 0010:kthread_stop+0xd9/0x360
[   35.564775] Code: 44 8b 63 2c 31 ff 41 81 e4 00 00 20 00 44 89 e6 e8 8c f6 16 00 45 85 e4 0f 84 81 02 00 00 e8 9e f4 16 00 4c 8b a3 40 0a 00 00 <f0> 41 80 0c 24 02 48 89 df e8 f9 f1 ff ff f0 80 4b 02 02 48 89 df
[   35.565715] RSP: 0018:ffffc90001c7bda8 EFLAGS: 00010246
[   35.565993] RAX: 0000000000000000 RBX: ffff88801478a340 RCX: ffffffff81167534
[   35.566365] RDX: 0000000000000000 RSI: ffff888014660000 RDI: 0000000000000002
[   35.566736] RBP: ffffc90001c7bdc8 R08: 0000000000000001 R09: 0000000000000001
[   35.567110] R10: 0000000000000000 R11: 0000000000000000 R12: 0000000000000000
[   35.567482] R13: ffff88801478a368 R14: ffff888017cfdae0 R15: ffff888007094910
[   35.567854] FS:  00007fb36b30b800(0000) GS:ffff88807dd00000(0000) knlGS:0000000000000000
[   35.568273] CS:  0010 DS: 0000 ES: 0000 CR0: 0000000080050033
[   35.568579] CR2: 0000000000000000 CR3: 00000000132ec001 CR4: 0000000000770ee0
[   35.568951] DR0: 0000000000000000 DR1: 0000000000000000 DR2: 0000000000000000
[   35.569322] DR3: 0000000000000000 DR6: 00000000ffff07f0 DR7: 0000000000000400
[   35.569694] PKRU: 55555554
[   35.569844] note: repro[4148] exited with irqs disabled
[   35.591576] tpm tpm4: Operation Canceled
[   35.598192] tpm tpm4: Operation Canceled
[   35.599176] ------------[ cut here ]------------
[   35.599438] WARNING: CPU: 0 PID: 4171 at kernel/kthread.c:75 kthread_stop+0x353/0x360
[   35.599875] Modules linked in:
[   35.600049] CPU: 0 PID: 4171 Comm: repro Tainted: G      D W          6.3.0-c3985d8b9c22+ #1
[   35.600501] Hardware name: QEMU Standard PC (i440FX + PIIX, 1996), BIOS rel-1.14.0-0-g155821a1990b-prebuilt.qemu.org 04/01/2014
[   35.601100] RIP: 0010:kthread_stop+0x353/0x360
[   35.601352] Code: 00 4c 89 ef e8 1e e0 c0 00 e9 1f fe ff ff e8 34 f2 16 00 be 02 00 00 00 4c 89 ef e8 07 e0 c0 00 e9 5c fd ff ff e8 1d f2 16 00 <0f> 0b e9 73 fd ff ff 66 0f 1f 44 00 00 90 90 90 90 90 90 90 90 90
[   35.602313] RSP: 0018:ffffc90001cebda8 EFLAGS: 00010246
[   35.602596] RAX: 0000000000000000 RBX: ffff88801478a340 RCX: ffffffff81167534
[   35.602980] RDX: 0000000000000000 RSI: ffff888017db8000 RDI: 0000000000000002
[   35.603376] RBP: ffffc90001cebdc8 R08: 0000000000000000 R09: 0000000000000000
[   35.603755] R10: ffffc90001cebdc8 R11: 0000000000000000 R12: 0000000000000000
[   35.604133] R13: ffff88801478a368 R14: ffff8880183c9ae0 R15: ffff888007094910
[   35.604185] tpm tpm6: Operation Canceled
[   35.604512] FS:  00007fb36b30b800(0000) GS:ffff88807dc00000(0000) knlGS:0000000000000000
[   35.605157] CS:  0010 DS: 0000 ES: 0000 CR0: 0000000080050033
[   35.605181] ------------[ cut here ]------------
[   35.605468] CR2: 00007f2b51c51c80 CR3: 000000000e468001 CR4: 0000000000770ef0
[   35.605477] DR0: 0000000000000000 DR1: 0000000000000000 DR2: 0000000000000000
[   35.605728] WARNING: CPU: 1 PID: 4178 at kernel/kthread.c:75 kthread_stop+0x353/0x360
[   35.606101] DR3: 0000000000000000 DR6: 00000000ffff07f0 DR7: 0000000000000400
[   35.606108] PKRU: 55555554
[   35.606475] Modules linked in:
[   35.606882] Call Trace:
[   35.606886]  <TASK>
[   35.607273] CPU: 1 PID: 4178 Comm: repro Tainted: G      D W          6.3.0-c3985d8b9c22+ #1
[   35.607417]  hwrng_unregister+0x182/0x210
[   35.607587] Hardware name: QEMU Standard PC (i440FX + PIIX, 1996), BIOS rel-1.14.0-0-g155821a1990b-prebuilt.qemu.org 04/01/2014
[   35.607726]  tpm_chip_unregister+0x1aa/0x1d0
[   35.607849] RIP: 0010:kthread_stop+0x353/0x360
[   35.608284]  ? __pfx_vtpm_proxy_fops_release+0x10/0x10
[   35.608499] Code: 00 4c 89 ef e8 1e e0 c0 00 e9 1f fe ff ff e8 34 f2 16 00 be 02 00 00 00 4c 89 ef e8 07 e0 c0 00 e9 5c fd ff ff e8 1d f2 16 00 <0f> 0b e9 73 fd ff ff 66 0f 1f 44 00 00 90 90 90 90 90 90 90 90 90
[   35.609090]  vtpm_proxy_fops_release+0x8f/0xa0
[   35.609316] RSP: 0018:ffffc90001d5bda8 EFLAGS: 00010246
[   35.609555]  __fput+0x11f/0x450
[   35.609821] 
[   35.609823] RAX: 0000000000000000 RBX: ffff88801478a340 RCX: ffffffff81167534
[   35.609830] RDX: 0000000000000000 RSI: ffff8880147cc680 RDI: 0000000000000002
[   35.610817]  ____fput+0x1e/0x30
[   35.611056] RBP: ffffc90001d5bdc8 R08: 0000000000000000 R09: 0000000000000000
[   35.611338]  task_work_run+0xb6/0x120
[   35.611508] R10: ffffc90001d5bdc8 R11: 0000000000000000 R12: 0000000000000000
[   35.611601]  exit_to_user_mode_prepare+0x200/0x210
[   35.611965] R13: ffff88801478a368 R14: ffff888017cffae0 R15: ffff888007094910
[   35.612336]  syscall_exit_to_user_mode+0x2d/0x60
[   35.612507] FS:  00007fb36b30b800(0000) GS:ffff88807dd00000(0000) knlGS:0000000000000000
[   35.612877]  do_syscall_64+0x4a/0x90
[   35.613072] CS:  0010 DS: 0000 ES: 0000 CR0: 0000000080050033
[   35.613444]  entry_SYSCALL_64_after_hwframe+0x72/0xdc
[   35.613697] CR2: 00007fb36b51f3b8 CR3: 000000000af02001 CR4: 0000000000770ee0
[   35.614067] RIP: 0033:0x7fb36b51be37
[   35.614313] DR0: 0000000000000000 DR1: 0000000000000000 DR2: 0000000000000000
[   35.614727] Code: 12 b8 03 00 00 00 0f 05 48 3d 00 f0 ff ff 77 3b c3 66 90 53 89 fb 48 83 ec 10 e8 d4 fb ff ff 89 c2 89 df b8 03 00 00 00 0f 05 <48> 3d 00 f0 ff ff 77 2b 89 d7 89 44 24 0c e8 16 fc ff ff 8b 44 24
[   35.614925] DR3: 0000000000000000 DR6: 00000000ffff07f0 DR7: 0000000000000400
[   35.615234] RSP: 002b:00007ffd34817630 EFLAGS: 00000293
[   35.615499] PKRU: 55555554
[   35.615872]  ORIG_RAX: 0000000000000003
[   35.616063] Call Trace:
[   35.616065]  <TASK>
[   35.616433] RAX: 0000000000000000 RBX: 0000000000000004 RCX: 00007fb36b51be37
[   35.617370]  hwrng_unregister+0x182/0x210
[   35.617737] RDX: 0000000000000000 RSI: 0000000000000080 RDI: 0000000000000004
[   35.618013]  tpm_chip_unregister+0x1aa/0x1d0
[   35.618162] RBP: 00007ffd34817660 R08: 0000000000000000 R09: 0000000000000032
[   35.618364]  ? __pfx_vtpm_proxy_fops_release+0x10/0x10
[   35.618499] R10: 00007ffd34817630 R11: 0000000000000293 R12: 0000000000402400
[   35.618619]  vtpm_proxy_fops_release+0x8f/0xa0
[   35.618990] R13: 00007ffd348177f0 R14: 0000000000000000 R15: 0000000000000000
[   35.619210]  __fput+0x11f/0x450
[   35.619583]  </TASK>
[   35.619807]  ____fput+0x1e/0x30
[   35.620177] irq event stamp: 0
[   35.620444]  task_work_run+0xb6/0x120
[   35.620813] hardirqs last  enabled at (0): [<0000000000000000>] 0x0
[   35.621049]  exit_to_user_mode_prepare+0x200/0x210
[   35.621418] hardirqs last disabled at (0): [<ffffffff81113b14>] copy_process+0x1294/0x2c60
[   35.621589]  syscall_exit_to_user_mode+0x2d/0x60
[   35.621712] softirqs last  enabled at (0): [<ffffffff81113b18>] copy_process+0x1298/0x2c60
[   35.621883]  do_syscall_64+0x4a/0x90
[   35.622051] softirqs last disabled at (0): [<0000000000000000>] 0x0
[   35.622245]  entry_SYSCALL_64_after_hwframe+0x72/0xdc
[   35.622571] ---[ end trace 0000000000000000 ]---
[   35.622822] RIP: 0033:0x7fb36b51be37
[   35.623264] BUG: kernel NULL pointer dereference, address: 0000000000000000
[   35.623505] Code: 12 b8 03 00 00 00 0f 05 48 3d 00 f0 ff ff 77 3b c3 66 90 53 89 fb 48 83 ec 10 e8 d4 fb ff ff 89 c2 89 df b8 03 00 00 00 0f 05 <48> 3d 00 f0 ff ff 77 2b 89 d7 89 44 24 0c e8 16 fc ff ff 8b 44 24
[   35.623927] #PF: supervisor write access in kernel mode
[   35.624120] RSP: 002b:00007ffd34817630 EFLAGS: 00000293
[   35.624448] #PF: error_code(0x0002) - not-present page
[   35.624710]  ORIG_RAX: 0000000000000003
[   35.624957] PGD 18236067 
[   35.625145] RAX: 0000000000000000 RBX: 0000000000000004 RCX: 00007fb36b51be37
[   35.625503] P4D 18236067 
[   35.626439] RDX: 0000000000000000 RSI: 0000000000000080 RDI: 0000000000000004
[   35.626712] PUD 18322067 
[   35.626984] RBP: 00007ffd34817660 R08: 0000000000000000 R09: 0000000000000032
[   35.627255] PMD 0 
[   35.627261] Oops: 0002 [#5] PREEMPT SMP NOPTI
[   35.627467] R10: 00007ffd34817630 R11: 0000000000000293 R12: 0000000000402400
[   35.627610] CPU: 0 PID: 4171 Comm: repro Tainted: G      D W          6.3.0-c3985d8b9c22+ #1
[   35.627975] R13: 00007ffd348177f0 R14: 0000000000000000 R15: 0000000000000000
[   35.628118] Hardware name: QEMU Standard PC (i440FX + PIIX, 1996), BIOS rel-1.14.0-0-g155821a1990b-prebuilt.qemu.org 04/01/2014
[   35.628489]  </TASK>
[   35.628628] RIP: 0010:kthread_stop+0xd9/0x360
[   35.628996] irq event stamp: 0
[   35.629111] Code: 44 8b 63 2c 31 ff 41 81 e4 00 00 20 00 44 89 e6 e8 8c f6 16 00 45 85 e4 0f 84 81 02 00 00 e8 9e f4 16 00 4c 8b a3 40 0a 00 00 <f0> 41 80 0c 24 02 48 89 df e8 f9 f1 ff ff f0 80 4b 02 02 48 89 df
[   35.629339] hardirqs last  enabled at (0): [<0000000000000000>] 0x0
[   35.629708] RSP: 0018:ffffc90001cebda8 EFLAGS: 00010246
[   35.630137] hardirqs last disabled at (0): [<ffffffff81113b14>] copy_process+0x1294/0x2c60
[   35.630507] 
[   35.631089] softirqs last  enabled at (0): [<ffffffff81113b18>] copy_process+0x1298/0x2c60
[   35.631212] RAX: 0000000000000000 RBX: ffff88801478a340 RCX: ffffffff81167534
[   35.631442] softirqs last disabled at (0): [<0000000000000000>] 0x0
[   35.631610] RDX: 0000000000000000 RSI: ffff888017db8000 RDI: 0000000000000002
[   35.632545] ---[ end trace 0000000000000000 ]---
[   35.632871] RBP: ffffc90001cebdc8 R08: 0000000000000000 R09: 0000000000000000
[   35.635727] R10: ffffc90001cebdc8 R11: 0000000000000000 R12: 0000000000000000
[   35.636085] R13: ffff88801478a368 R14: ffff8880183c9ae0 R15: ffff888007094910
[   35.636443] FS:  00007fb36b30b800(0000) GS:ffff88807dc00000(0000) knlGS:0000000000000000
[   35.636846] CS:  0010 DS: 0000 ES: 0000 CR0: 0000000080050033
[   35.637138] CR2: 0000000000000000 CR3: 000000000e468001 CR4: 0000000000770ef0
[   35.637495] DR0: 0000000000000000 DR1: 0000000000000000 DR2: 0000000000000000
[   35.637851] DR3: 0000000000000000 DR6: 00000000ffff07f0 DR7: 0000000000000400
[   35.638223] PKRU: 55555554
[   35.638369] Call Trace:
[   35.638500]  <TASK>
[   35.638616]  hwrng_unregister+0x182/0x210
[   35.638832]  tpm_chip_unregister+0x1aa/0x1d0
[   35.639062]  ? __pfx_vtpm_proxy_fops_release+0x10/0x10
[   35.639333]  vtpm_proxy_fops_release+0x8f/0xa0
[   35.639574]  __fput+0x11f/0x450
[   35.639753]  ____fput+0x1e/0x30
[   35.639930]  task_work_run+0xb6/0x120
[   35.640130]  exit_to_user_mode_prepare+0x200/0x210
[   35.640383]  syscall_exit_to_user_mode+0x2d/0x60
[   35.640631]  do_syscall_64+0x4a/0x90
[   35.640827]  entry_SYSCALL_64_after_hwframe+0x72/0xdc
[   35.641094] RIP: 0033:0x7fb36b51be37
[   35.641285] Code: 12 b8 03 00 00 00 0f 05 48 3d 00 f0 ff ff 77 3b c3 66 90 53 89 fb 48 83 ec 10 e8 d4 fb ff ff 89 c2 89 df b8 03 00 00 00 0f 05 <48> 3d 00 f0 ff ff 77 2b 89 d7 89 44 24 0c e8 16 fc ff ff 8b 44 24
[   35.642189] RSP: 002b:00007ffd34817630 EFLAGS: 00000293 ORIG_RAX: 0000000000000003
[   35.642577] RAX: 0000000000000000 RBX: 0000000000000004 RCX: 00007fb36b51be37
[   35.642937] RDX: 0000000000000000 RSI: 0000000000000080 RDI: 0000000000000004
[   35.643296] RBP: 00007ffd34817660 R08: 0000000000000000 R09: 0000000000000032
[   35.643654] R10: 00007ffd34817630 R11: 0000000000000293 R12: 0000000000402400
[   35.644011] R13: 00007ffd348177f0 R14: 0000000000000000 R15: 0000000000000000
[   35.644374]  </TASK>
[   35.644494] Modules linked in:
[   35.644658] CR2: 0000000000000000
[   35.644836] ---[ end trace 0000000000000000 ]---
[   35.645033] BUG: kernel NULL pointer dereference, address: 0000000000000000
[   35.645083] RIP: 0010:kthread_stop+0xd9/0x360
[   35.645451] #PF: supervisor write access in kernel mode
[   35.645683] Code: 44 8b 63 2c 31 ff 41 81 e4 00 00 20 00 44 89 e6 e8 8c f6 16 00 45 85 e4 0f 84 81 02 00 00 e8 9e f4 16 00 4c 8b a3 40 0a 00 00 <f0> 41 80 0c 24 02 48 89 df e8 f9 f1 ff ff f0 80 4b 02 02 48 89 df
[   35.645952] #PF: error_code(0x0002) - not-present page
[   35.646897] RSP: 0018:ffffc90001c7bda8 EFLAGS: 00010246
[   35.647167] PGD 18385067 P4D 18385067 
[   35.647441] RAX: 0000000000000000 RBX: ffff88801478a340 RCX: ffffffff81167534
[   35.647642] PUD 17f5f067 PMD 0 
[   35.648010] RDX: 0000000000000000 RSI: ffff888014660000 RDI: 0000000000000002
[   35.648182] 
[   35.648184] Oops: 0002 [#6] PREEMPT SMP NOPTI
[   35.648550] RBP: ffffc90001c7bdc8 R08: 0000000000000001 R09: 0000000000000001
[   35.648640] CPU: 1 PID: 4178 Comm: repro Tainted: G      D W          6.3.0-c3985d8b9c22+ #1
[   35.648870] R10: 0000000000000000 R11: 0000000000000000 R12: 0000000000000000
[   35.649235] Hardware name: QEMU Standard PC (i440FX + PIIX, 1996), BIOS rel-1.14.0-0-g155821a1990b-prebuilt.qemu.org 04/01/2014
[   35.649668] R13: ffff88801478a368 R14: ffff888017cfdae0 R15: ffff888007094910
[   35.650033] RIP: 0010:kthread_stop+0xd9/0x360
[   35.650616] FS:  00007fb36b30b800(0000) GS:ffff88807dc00000(0000) knlGS:0000000000000000
[   35.650985] Code: 44 8b 63 2c 31 ff 41 81 e4 00 00 20 00 44 89 e6 e8 8c f6 16 00 45 85 e4 0f 84 81 02 00 00 e8 9e f4 16 00 4c 8b a3 40 0a 00 00 <f0> 41 80 0c 24 02 48 89 df e8 f9 f1 ff ff f0 80 4b 02 02 48 89 df
[   35.651216] CS:  0010 DS: 0000 ES: 0000 CR0: 0000000080050033
[   35.651625] RSP: 0018:ffffc90001d5bda8 EFLAGS: 00010246
[   35.652566] CR2: 0000000000000000 CR3: 000000000e468001 CR4: 0000000000770ef0
[   35.652862] 
[   35.652864] RAX: 0000000000000000 RBX: ffff88801478a340 RCX: ffffffff81167534
[   35.653136] DR0: 0000000000000000 DR1: 0000000000000000 DR2: 0000000000000000
[   35.653502] RDX: 0000000000000000 RSI: ffff8880147cc680 RDI: 0000000000000002
[   35.653592] DR3: 0000000000000000 DR6: 00000000ffff07f0 DR7: 0000000000000400
[   35.653958] RBP: ffffc90001d5bdc8 R08: 0000000000000000 R09: 0000000000000000
[   35.654327] PKRU: 55555554
[   35.654691] R10: ffffc90001d5bdc8 R11: 0000000000000000 R12: 0000000000000000
[   35.655062] note: repro[4171] exited with irqs disabled
[   35.655427] R13: ffff88801478a368 R14: ffff888017cffae0 R15: ffff888007094910
[   35.656574] FS:  00007fb36b30b800(0000) GS:ffff88807dd00000(0000) knlGS:0000000000000000
[   35.656993] CS:  0010 DS: 0000 ES: 0000 CR0: 0000000080050033
[   35.657297] CR2: 0000000000000000 CR3: 000000000af02001 CR4: 0000000000770ee0
[   35.657671] DR0: 0000000000000000 DR1: 0000000000000000 DR2: 0000000000000000
[   35.658043] DR3: 0000000000000000 DR6: 00000000ffff07f0 DR7: 0000000000000400
[   35.658417] PKRU: 55555554
[   35.658567] Call Trace:
[   35.658704]  <TASK>
[   35.658826]  hwrng_unregister+0x182/0x210
[   35.659050]  tpm_chip_unregister+0x1aa/0x1d0
[   35.659289]  ? __pfx_vtpm_proxy_fops_release+0x10/0x10
[   35.659568]  vtpm_proxy_fops_release+0x8f/0xa0
[   35.659819]  __fput+0x11f/0x450
[   35.660009]  ____fput+0x1e/0x30
[   35.660197]  task_work_run+0xb6/0x120
[   35.660406]  exit_to_user_mode_prepare+0x200/0x210
[   35.660671]  syscall_exit_to_user_mode+0x2d/0x60
[   35.660936]  do_syscall_64+0x4a/0x90
[   35.661142]  entry_SYSCALL_64_after_hwframe+0x72/0xdc
[   35.661421] RIP: 0033:0x7fb36b51be37
[   35.661620] Code: 12 b8 03 00 00 00 0f 05 48 3d 00 f0 ff ff 77 3b c3 66 90 53 89 fb 48 83 ec 10 e8 d4 fb ff ff 89 c2 89 df b8 03 00 00 00 0f 05 <48> 3d 00 f0 ff ff 77 2b 89 d7 89 44 24 0c e8 16 fc ff ff 8b 44 24
[   35.662566] RSP: 002b:00007ffd34817630 EFLAGS: 00000293 ORIG_RAX: 0000000000000003
[   35.662968] RAX: 0000000000000000 RBX: 0000000000000004 RCX: 00007fb36b51be37
[   35.663113] tpm tpm4: Operation Canceled
[   35.663342] RDX: 0000000000000000 RSI: 0000000000000080 RDI: 0000000000000004
[   35.663931] RBP: 00007ffd34817660 R08: 0000000000000000 R09: 0000000000000032
[   35.664303] R10: 00007ffd34817630 R11: 0000000000000293 R12: 0000000000402400
[   35.664676] R13: 00007ffd348177f0 R14: 0000000000000000 R15: 0000000000000000
[   35.665056]  </TASK>
[   35.665181] Modules linked in:
[   35.665353] CR2: 0000000000000000
[   35.665536] ---[ end trace 0000000000000000 ]---
[   35.665783] RIP: 0010:kthread_stop+0xd9/0x360
[   35.666026] Code: 44 8b 63 2c 31 ff 41 81 e4 00 00 20 00 44 89 e6 e8 8c f6 16 00 45 85 e4 0f 84 81 02 00 00 e8 9e f4 16 00 4c 8b a3 40 0a 00 00 <f0> 41 80 0c 24 02 48 89 df e8 f9 f1 ff ff f0 80 4b 02 02 48 89 df
[   35.666972] RSP: 0018:ffffc90001c7bda8 EFLAGS: 00010246
[   35.667251] RAX: 0000000000000000 RBX: ffff88801478a340 RCX: ffffffff81167534
[   35.667624] RDX: 0000000000000000 RSI: ffff888014660000 RDI: 0000000000000002
[   35.667995] RBP: ffffc90001c7bdc8 R08: 0000000000000001 R09: 0000000000000001
[   35.668367] R10: 0000000000000000 R11: 0000000000000000 R12: 0000000000000000
[   35.668741] R13: ffff88801478a368 R14: ffff888017cfdae0 R15: ffff888007094910
[   35.669113] FS:  00007fb36b30b800(0000) GS:ffff88807dd00000(0000) knlGS:0000000000000000
[   35.669533] CS:  0010 DS: 0000 ES: 0000 CR0: 0000000080050033
[   35.669837] CR2: 0000000000000000 CR3: 000000000af02001 CR4: 0000000000770ee0
[   35.670213] DR0: 0000000000000000 DR1: 0000000000000000 DR2: 0000000000000000
[   35.670566] DR3: 0000000000000000 DR6: 00000000ffff07f0 DR7: 0000000000000400
[   35.670922] PKRU: 55555554
[   35.671071] note: repro[4178] exited with irqs disabled
[   35.674556] ------------[ cut here ]------------
[   35.674929] WARNING: CPU: 0 PID: 4184 at kernel/kthread.c:75 kthread_stop+0x353/0x360
[   35.675474] Modules linked in:
[   35.675746] CPU: 0 PID: 4184 Comm: repro Tainted: G      D W          6.3.0-c3985d8b9c22+ #1
[   35.676301] Hardware name: QEMU Standard PC (i440FX + PIIX, 1996), BIOS rel-1.14.0-0-g155821a1990b-prebuilt.qemu.org 04/01/2014
[   35.677093] RIP: 0010:kthread_stop+0x353/0x360
[   35.677369] Code: 00 4c 89 ef e8 1e e0 c0 00 e9 1f fe ff ff e8 34 f2 16 00 be 02 00 00 00 4c 89 ef e8 07 e0 c0 00 e9 5c fd ff ff e8 1d f2 16 00 <0f> 0b e9 73 fd ff ff 66 0f 1f 44 00 00 90 90 90 90 90 90 90 90 90
[   35.678360] RSP: 0018:ffffc90001d6bda8 EFLAGS: 00010246
[   35.678747] RAX: 0000000000000000 RBX: ffff88801478a340 RCX: ffffffff81167534
[   35.678868] tpm tpm4: Operation Canceled
[   35.679223] RDX: 0000000000000000 RSI: ffff888014674680 RDI: 0000000000000002
[   35.679883] RBP: ffffc90001d6bdc8 R08: 0000000000000000 R09: 0000000000000000
[   35.680389] R10: ffffc90001d6bdc8 R11: 0000000000000000 R12: 0000000000000000
[   35.680755] R13: ffff88801478a368 R14: ffff8880183cdae0 R15: ffff888007094910
[   35.681222] FS:  00007fb36b30b800(0000) GS:ffff88807dc00000(0000) knlGS:0000000000000000
[   35.681778] CS:  0010 DS: 0000 ES: 0000 CR0: 0000000080050033
[   35.682077] CR2: 000055a31df204e8 CR3: 000000000bd62005 CR4: 0000000000770ef0
[   35.682449] DR0: 0000000000000000 DR1: 0000000000000000 DR2: 0000000000000000
[   35.682819] DR3: 0000000000000000 DR6: 00000000ffff07f0 DR7: 0000000000000400
[   35.683196] PKRU: 55555554
[   35.683348] Call Trace:
[   35.683485]  <TASK>
[   35.683610]  hwrng_unregister+0x182/0x210
[   35.683831]  tpm_chip_unregister+0x1aa/0x1d0
[   35.684066]  ? __pfx_vtpm_proxy_fops_release+0x10/0x10
[   35.684345]  vtpm_proxy_fops_release+0x8f/0xa0
[   35.684591]  __fput+0x11f/0x450
[   35.684776]  ____fput+0x1e/0x30
[   35.684960]  task_work_run+0xb6/0x120
[   35.685167]  exit_to_user_mode_prepare+0x200/0x210
[   35.685435]  syscall_exit_to_user_mode+0x2d/0x60
[   35.685716]  do_syscall_64+0x4a/0x90
[   35.685978]  entry_SYSCALL_64_after_hwframe+0x72/0xdc
[   35.686394] RIP: 0033:0x7fb36b51be37
[   35.686702] Code: 12 b8 03 00 00 00 0f 05 48 3d 00 f0 ff ff 77 3b c3 66 90 53 89 fb 48 83 ec 10 e8 d4 fb ff ff 89 c2 89 df b8 03 00 00 00 0f 05 <48> 3d 00 f0 ff ff 77 2b 89 d7 89 44 24 0c e8 16 fc ff ff 8b 44 24
[   35.687640] RSP: 002b:00007ffd34817630 EFLAGS: 00000293 ORIG_RAX: 0000000000000003
[   35.688060] RAX: 0000000000000000 RBX: 0000000000000004 RCX: 00007fb36b51be37
[   35.688429] ------------[ cut here ]------------
[   35.688556] RDX: 0000000000000000 RSI: 0000000000000080 RDI: 0000000000000004
[   35.688802] WARNING: CPU: 1 PID: 4186 at kernel/kthread.c:75 kthread_stop+0x353/0x360
[   35.689137] RBP: 00007ffd34817660 R08: 0000000000000000 R09: 0000000000000032
[   35.689531] Modules linked in:
[   35.689894] R10: 00007ffd34817630 R11: 0000000000000293 R12: 0000000000402400
[   35.690061] CPU: 1 PID: 4186 Comm: repro Tainted: G      D W          6.3.0-c3985d8b9c22+ #1
[   35.690421] R13: 00007ffd348177f0 R14: 0000000000000000 R15: 0000000000000000
[   35.690844] Hardware name: QEMU Standard PC (i440FX + PIIX, 1996), BIOS rel-1.14.0-0-g155821a1990b-prebuilt.qemu.org 04/01/2014
[   35.691266]  </TASK>
[   35.691269] irq event stamp: 0
[   35.691839] RIP: 0010:kthread_stop+0x353/0x360
[   35.691961] hardirqs last  enabled at (0): [<0000000000000000>] 0x0
[   35.692127] Code: 00 4c 89 ef e8 1e e0 c0 00 e9 1f fe ff ff e8 34 f2 16 00 be 02 00 00 00 4c 89 ef e8 07 e0 c0 00 e9 5c fd ff ff e8 1d f2 16 00 <0f> 0b e9 73 fd ff ff 66 0f 1f 44 00 00 90 90 90 90 90 90 90 90 90
[   35.692358] hardirqs last disabled at (0): [<ffffffff81113b14>] copy_process+0x1294/0x2c60
[   35.692675] RSP: 0018:ffffc90001d0bda8 EFLAGS: 00010246
[   35.693595] softirqs last  enabled at (0): [<ffffffff81113b18>] copy_process+0x1298/0x2c60
[   35.694007] 
[   35.694009] RAX: 0000000000000000 RBX: ffff88801478a340 RCX: ffffffff81167534
[   35.694276] softirqs last disabled at (0): [<0000000000000000>] 0x0
[   35.694689] RDX: 0000000000000000 RSI: ffff888017d62340 RDI: 0000000000000002
[   35.694780] ---[ end trace 0000000000000000 ]---
[   35.695152] RBP: ffffc90001d0bdc8 R08: 0000000000000000 R09: 0000000000000000
[   35.695474] BUG: kernel NULL pointer dereference, address: 0000000000000000
[   35.695830] R10: ffffc90001d0bdc8 R11: 0000000000000000 R12: 0000000000000000
[   35.696069] #PF: supervisor write access in kernel mode
[   35.696427] R13: ffff88801478a368 R14: ffff888017cfcae0 R15: ffff888007094910
[   35.696779] #PF: error_code(0x0002) - not-present page
[   35.697139] FS:  00007fb36b30b800(0000) GS:ffff88807dd00000(0000) knlGS:0000000000000000
[   35.697409] PGD 184a2067 
[   35.697768] CS:  0010 DS: 0000 ES: 0000 CR0: 0000000080050033
[   35.698034] P4D 184a2067 
[   35.698439] CR2: 00007f4daab76000 CR3: 000000000e480005 CR4: 0000000000770ee0
[   35.698580] PUD 184a1067 
[   35.698877] DR0: 0000000000000000 DR1: 0000000000000000 DR2: 0000000000000000
[   35.699016] PMD 0 
[   35.699390] DR3: 0000000000000000 DR6: 00000000ffff07f0 DR7: 0000000000000400
[   35.699522] 
[   35.699524] Oops: 0002 [#7] PREEMPT SMP NOPTI
[   35.699882] PKRU: 55555554
[   35.699995] CPU: 0 PID: 4184 Comm: repro Tainted: G      D W          6.3.0-c3985d8b9c22+ #1
[   35.700352] Call Trace:
[   35.700355]  <TASK>
[   35.700440] Hardware name: QEMU Standard PC (i440FX + PIIX, 1996), BIOS rel-1.14.0-0-g155821a1990b-prebuilt.qemu.org 04/01/2014
[   35.700671]  hwrng_unregister+0x182/0x210
[   35.700813] RIP: 0010:kthread_stop+0xd9/0x360
[   35.701235]  tpm_chip_unregister+0x1aa/0x1d0
[   35.701366] Code: 44 8b 63 2c 31 ff 41 81 e4 00 00 20 00 44 89 e6 e8 8c f6 16 00 45 85 e4 0f 84 81 02 00 00 e8 9e f4 16 00 4c 8b a3 40 0a 00 00 <f0> 41 80 0c 24 02 48 89 df e8 f9 f1 ff ff f0 80 4b 02 02 48 89 df
[   35.701483]  ? __pfx_vtpm_proxy_fops_release+0x10/0x10
[   35.702051] RSP: 0018:ffffc90001d6bda8 EFLAGS: 00010246
[   35.702259]  vtpm_proxy_fops_release+0x8f/0xa0
[   35.702485] 
[   35.702486] RAX: 0000000000000000 RBX: ffff88801478a340 RCX: ffffffff81167534
[   35.702707]  __fput+0x11f/0x450
[   35.703628] RDX: 0000000000000000 RSI: ffff888014674680 RDI: 0000000000000002
[   35.703635] RBP: ffffc90001d6bdc8 R08: 0000000000000000 R09: 0000000000000000
[   35.703897]  ____fput+0x1e/0x30
[   35.704160] R10: ffffc90001d6bdc8 R11: 0000000000000000 R12: 0000000000000000
[   35.704394]  task_work_run+0xb6/0x120
[   35.704481] R13: ffff88801478a368 R14: ffff8880183cdae0 R15: ffff888007094910
[   35.704840]  exit_to_user_mode_prepare+0x200/0x210
[   35.705006] FS:  00007fb36b30b800(0000) GS:ffff88807dc00000(0000) knlGS:0000000000000000
[   35.705367]  syscall_exit_to_user_mode+0x2d/0x60
[   35.705726] CS:  0010 DS: 0000 ES: 0000 CR0: 0000000080050033
[   35.705894]  do_syscall_64+0x4a/0x90
[   35.706254] CR2: 0000000000000000 CR3: 000000000bd62005 CR4: 0000000000770ef0
[   35.706446]  entry_SYSCALL_64_after_hwframe+0x72/0xdc
[   35.706826] DR0: 0000000000000000 DR1: 0000000000000000 DR2: 0000000000000000
[   35.707074] RIP: 0033:0x7fb36b51be37
[   35.707478] DR3: 0000000000000000 DR6: 00000000ffff07f0 DR7: 0000000000000400
[   35.707485] PKRU: 55555554
[   35.707726] Code: 12 b8 03 00 00 00 0f 05 48 3d 00 f0 ff ff 77 3b c3 66 90 53 89 fb 48 83 ec 10 e8 d4 fb ff ff 89 c2 89 df b8 03 00 00 00 0f 05 <48> 3d 00 f0 ff ff 77 2b 89 d7 89 44 24 0c e8 16 fc ff ff 8b 44 24
[   35.708017] Call Trace:
[   35.708019]  <TASK>
[   35.708205] RSP: 002b:00007ffd34817630 EFLAGS: 00000293
[   35.708565]  hwrng_unregister+0x182/0x210
[   35.708822]  ORIG_RAX: 0000000000000003
[   35.709182]  tpm_chip_unregister+0x1aa/0x1d0
[   35.709367] RAX: 0000000000000000 RBX: 0000000000000004 RCX: 00007fb36b51be37
[   35.709727]  ? __pfx_vtpm_proxy_fops_release+0x10/0x10
[   35.709871] RDX: 0000000000000000 RSI: 0000000000000080 RDI: 0000000000000004
[   35.710788]  vtpm_proxy_fops_release+0x8f/0xa0
[   35.710922] RBP: 00007ffd34817660 R08: 0000000000000000 R09: 0000000000000032
[   35.711040]  __fput+0x11f/0x450
[   35.711310] R10: 00007ffd34817630 R11: 0000000000000293 R12: 0000000000402400
[   35.711515]  ____fput+0x1e/0x30
[   35.711711] R13: 00007ffd348177f0 R14: 0000000000000000 R15: 0000000000000000
[   35.711934]  task_work_run+0xb6/0x120
[   35.712296]  </TASK>
[   35.712556]  exit_to_user_mode_prepare+0x200/0x210
[   35.712912] irq event stamp: 0
[   35.713144]  syscall_exit_to_user_mode+0x2d/0x60
[   35.713500] hardirqs last  enabled at (0): [<0000000000000000>] 0x0
[   35.713668]  do_syscall_64+0x4a/0x90
[   35.714025] hardirqs last disabled at (0): [<ffffffff81113b14>] copy_process+0x1294/0x2c60
[   35.714192]  entry_SYSCALL_64_after_hwframe+0x72/0xdc
[   35.714549] softirqs last  enabled at (0): [<ffffffff81113b18>] copy_process+0x1298/0x2c60
[   35.714741] RIP: 0033:0x7fb36b51be37
[   35.714865] softirqs last disabled at (0): [<0000000000000000>] 0x0
[   35.715111] Code: 12 b8 03 00 00 00 0f 05 48 3d 00 f0 ff ff 77 3b c3 66 90 53 89 fb 48 83 ec 10 e8 d4 fb ff ff 89 c2 89 df b8 03 00 00 00 0f 05 <48> 3d 00 f0 ff ff 77 2b 89 d7 89 44 24 0c e8 16 fc ff ff 8b 44 24
[   35.715285] ---[ end trace 0000000000000000 ]---
[   35.715523] RSP: 002b:00007ffd34817630 EFLAGS: 00000293 ORIG_RAX: 0000000000000003
[   35.719136] RAX: 0000000000000000 RBX: 0000000000000004 RCX: 00007fb36b51be37
[   35.719490] RDX: 0000000000000000 RSI: 0000000000000080 RDI: 0000000000000004
[   35.719838] RBP: 00007ffd34817660 R08: 0000000000000000 R09: 0000000000000032
[   35.720190] R10: 00007ffd34817630 R11: 0000000000000293 R12: 0000000000402400
[   35.720540] R13: 00007ffd348177f0 R14: 0000000000000000 R15: 0000000000000000
[   35.720896]  </TASK>
[   35.721013] Modules linked in:
[   35.721172] CR2: 0000000000000000
[   35.721346] ---[ end trace 0000000000000000 ]---
[   35.721541] BUG: kernel NULL pointer dereference, address: 0000000000000000
[   35.721584] RIP: 0010:kthread_stop+0xd9/0x360
[   35.721944] #PF: supervisor write access in kernel mode
[   35.722170] Code: 44 8b 63 2c 31 ff 41 81 e4 00 00 20 00 44 89 e6 e8 8c f6 16 00 45 85 e4 0f 84 81 02 00 00 e8 9e f4 16 00 4c 8b a3 40 0a 00 00 <f0> 41 80 0c 24 02 48 89 df e8 f9 f1 ff ff f0 80 4b 02 02 48 89 df
[   35.722434] #PF: error_code(0x0002) - not-present page
[   35.723390] RSP: 0018:ffffc90001c7bda8 EFLAGS: 00010246
[   35.723653] PGD 1855e067 P4D 1855e067 PUD 181ee067 
[   35.723920] RAX: 0000000000000000 RBX: ffff88801478a340 RCX: ffffffff81167534
[   35.724174] PMD 0 
[   35.724534] RDX: 0000000000000000 RSI: ffff888014660000 RDI: 0000000000000002
[   35.724647] Oops: 0002 [#8] PREEMPT SMP NOPTI
[   35.725007] RBP: ffffc90001c7bdc8 R08: 0000000000000001 R09: 0000000000000001
[   35.725233] CPU: 1 PID: 4186 Comm: repro Tainted: G      D W          6.3.0-c3985d8b9c22+ #1
[   35.725592] R10: 0000000000000000 R11: 0000000000000000 R12: 0000000000000000
[   35.726013] Hardware name: QEMU Standard PC (i440FX + PIIX, 1996), BIOS rel-1.14.0-0-g155821a1990b-prebuilt.qemu.org 04/01/2014
[   35.726373] R13: ffff88801478a368 R14: ffff888017cfdae0 R15: ffff888007094910
[   35.726940] RIP: 0010:kthread_stop+0xd9/0x360
