c[?7l[2J[0mSeaBIOS (version rel-1.14.0-0-g155821a1990b-prebuilt.qemu.org)


iPXE (http://ipxe.org) 00:03.0 CA00 PCI2.10 PnP PMM+7FF8F030+7FEEF030 CA00
Press Ctrl-B to configure iPXE (PCI 00:03.0)...                                                                               


Booting from ROM..c[?7l[2J[0m.[    0.000000] Linux version 6.3.0-f968e3c2493f+ (root@p-mtlp02) (gcc (GCC) 8.5.0 20210514 (Red Hat 8.5.0-18), GNU ld version 2.36.1-2.el8) #1 SMP PREEMPT_DYNAMIC Tue Apr 25 15:04:47 CST 2023
[    0.000000] ********************************************************************************************
[    0.000000] * WARNING: Project Intel Next sources and binaries include Intel Confidential information. *
[    0.000000] *          For use by Intel Employees only; do not distribute externally.                  *
[    0.000000] ********************************************************************************************
[    0.000000] Command line: console=ttyS0 root=/dev/sda earlyprintk=serial net.ifnames=0
[    0.000000] KERNEL supported cpus:
[    0.000000]   Intel GenuineIntel
[    0.000000]   AMD AuthenticAMD
[    0.000000]   Hygon HygonGenuine
[    0.000000]   Centaur CentaurHauls
[    0.000000]   zhaoxin   Shanghai  
[    0.000000] x86/split lock detection: #DB: warning on user-space bus_locks
[    0.000000] x86/fpu: Supporting XSAVE feature 0x001: 'x87 floating point registers'
[    0.000000] x86/fpu: Supporting XSAVE feature 0x002: 'SSE registers'
[    0.000000] x86/fpu: Supporting XSAVE feature 0x004: 'AVX registers'
[    0.000000] x86/fpu: Supporting XSAVE feature 0x200: 'Protection Keys User registers'
[    0.000000] x86/fpu: xstate_offset[2]:  576, xstate_sizes[2]:  256
[    0.000000] x86/fpu: xstate_offset[9]:  832, xstate_sizes[9]:    8
[    0.000000] x86/fpu: Enabled xstate features 0x207, context size is 840 bytes, using 'compacted' format.
[    0.000000] signal: max sigframe size: 3632
[    0.000000] BIOS-provided physical RAM map:
[    0.000000] BIOS-e820: [mem 0x0000000000000000-0x000000000009fbff] usable
[    0.000000] BIOS-e820: [mem 0x000000000009fc00-0x000000000009ffff] reserved
[    0.000000] BIOS-e820: [mem 0x00000000000f0000-0x00000000000fffff] reserved
[    0.000000] BIOS-e820: [mem 0x0000000000100000-0x000000007ffdffff] usable
[    0.000000] BIOS-e820: [mem 0x000000007ffe0000-0x000000007fffffff] reserved
[    0.000000] BIOS-e820: [mem 0x00000000feffc000-0x00000000feffffff] reserved
[    0.000000] BIOS-e820: [mem 0x00000000fffc0000-0x00000000ffffffff] reserved
[    0.000000] printk: bootconsole [earlyser0] enabled
[    0.000000] NX (Execute Disable) protection: active
[    0.000000] SMBIOS 2.8 present.
[    0.000000] DMI: QEMU Standard PC (i440FX + PIIX, 1996), BIOS rel-1.14.0-0-g155821a1990b-prebuilt.qemu.org 04/01/2014
[    0.000000] Hypervisor detected: KVM
[    0.000000] kvm-clock: Using msrs 4b564d01 and 4b564d00
[    0.000007] kvm-clock: using sched offset of 556476835 cycles
[    0.000541] clocksource: kvm-clock: mask: 0xffffffffffffffff max_cycles: 0x1cd42e4dffb, max_idle_ns: 881590591483 ns
[    0.002188] tsc: Detected 3072.000 MHz processor
[    0.004000] last_pfn = 0x7ffe0 max_arch_pfn = 0x400000000
[    0.004000] x86/PAT: Configuration [0-7]: WB  WC  UC- UC  WB  WP  UC- WT  
[    0.004000] found SMP MP-table at [mem 0x000f5a90-0x000f5a9f]
[    0.004000] Using GB pages for direct mapping
[    0.004000] ACPI: Early table checksum verification disabled
[    0.004000] ACPI: RSDP 0x00000000000F5870 000014 (v00 BOCHS )
[    0.004000] ACPI: RSDT 0x000000007FFE1959 000034 (v01 BOCHS  BXPC     00000001 BXPC 00000001)
[    0.004000] ACPI: FACP 0x000000007FFE1805 000074 (v01 BOCHS  BXPC     00000001 BXPC 00000001)
[    0.004000] ACPI: DSDT 0x000000007FFE0040 0017C5 (v01 BOCHS  BXPC     00000001 BXPC 00000001)
[    0.004000] ACPI: FACS 0x000000007FFE0000 000040
[    0.004000] ACPI: APIC 0x000000007FFE1879 000080 (v01 BOCHS  BXPC     00000001 BXPC 00000001)
[    0.004000] ACPI: HPET 0x000000007FFE18F9 000038 (v01 BOCHS  BXPC     00000001 BXPC 00000001)
[    0.004000] ACPI: WAET 0x000000007FFE1931 000028 (v01 BOCHS  BXPC     00000001 BXPC 00000001)
[    0.004000] ACPI: Reserving FACP table memory at [mem 0x7ffe1805-0x7ffe1878]
[    0.004000] ACPI: Reserving DSDT table memory at [mem 0x7ffe0040-0x7ffe1804]
[    0.004000] ACPI: Reserving FACS table memory at [mem 0x7ffe0000-0x7ffe003f]
[    0.004000] ACPI: Reserving APIC table memory at [mem 0x7ffe1879-0x7ffe18f8]
[    0.004000] ACPI: Reserving HPET table memory at [mem 0x7ffe18f9-0x7ffe1930]
[    0.004000] ACPI: Reserving WAET table memory at [mem 0x7ffe1931-0x7ffe1958]
[    0.004000] No NUMA configuration found
[    0.004000] Faking a node at [mem 0x0000000000000000-0x000000007ffdffff]
[    0.004000] NODE_DATA(0) allocated [mem 0x7ffb5000-0x7ffdffff]
[    0.004000] Zone ranges:
[    0.004000]   DMA      [mem 0x0000000000001000-0x0000000000ffffff]
[    0.004000]   DMA32    [mem 0x0000000001000000-0x000000007ffdffff]
[    0.004000]   Normal   empty
[    0.004000]   Device   empty
[    0.004000] Movable zone start for each node
[    0.004000] Early memory node ranges
[    0.004000]   node   0: [mem 0x0000000000001000-0x000000000009efff]
[    0.004000]   node   0: [mem 0x0000000000100000-0x000000007ffdffff]
[    0.004000] Initmem setup node 0 [mem 0x0000000000001000-0x000000007ffdffff]
[    0.004000] On node 0, zone DMA: 1 pages in unavailable ranges
[    0.004000] On node 0, zone DMA: 97 pages in unavailable ranges
[    0.004000] On node 0, zone DMA32: 32 pages in unavailable ranges
[    0.004000] ACPI: PM-Timer IO Port: 0x608
[    0.004000] ACPI: LAPIC_NMI (acpi_id[0xff] dfl dfl lint[0x1])
[    0.004000] IOAPIC[0]: apic_id 0, version 17, address 0xfec00000, GSI 0-23
[    0.004000] ACPI: INT_SRC_OVR (bus 0 bus_irq 0 global_irq 2 dfl dfl)
[    0.004000] ACPI: INT_SRC_OVR (bus 0 bus_irq 5 global_irq 5 high level)
[    0.004000] ACPI: INT_SRC_OVR (bus 0 bus_irq 9 global_irq 9 high level)
[    0.004000] ACPI: INT_SRC_OVR (bus 0 bus_irq 10 global_irq 10 high level)
[    0.004000] ACPI: INT_SRC_OVR (bus 0 bus_irq 11 global_irq 11 high level)
[    0.004000] ACPI: Using ACPI (MADT) for SMP configuration information
[    0.004000] ACPI: HPET id: 0x8086a201 base: 0xfed00000
[    0.004000] TSC deadline timer available
[    0.004000] smpboot: Allowing 2 CPUs, 0 hotplug CPUs
[    0.004000] kvm-guest: KVM setup pv remote TLB flush
[    0.004000] kvm-guest: setup PV sched yield
[    0.004000] PM: hibernation: Registered nosave memory: [mem 0x00000000-0x00000fff]
[    0.004000] PM: hibernation: Registered nosave memory: [mem 0x0009f000-0x0009ffff]
[    0.004000] PM: hibernation: Registered nosave memory: [mem 0x000a0000-0x000effff]
[    0.004000] PM: hibernation: Registered nosave memory: [mem 0x000f0000-0x000fffff]
[    0.004000] [mem 0x80000000-0xfeffbfff] available for PCI devices
[    0.004000] Booting paravirtualized kernel on KVM
[    0.004000] clocksource: refined-jiffies: mask: 0xffffffff max_cycles: 0xffffffff, max_idle_ns: 7645519600211568 ns
[    0.004000] setup_percpu: NR_CPUS:8192 nr_cpumask_bits:2 nr_cpu_ids:2 nr_node_ids:1
[    0.004000] percpu: Embedded 65 pages/cpu s229376 r8192 d28672 u1048576
[    0.004000] kvm-guest: PV spinlocks enabled
[    0.004000] PV qspinlock hash table entries: 256 (order: 0, 4096 bytes, linear)
[    0.004000] Fallback order for Node 0: 0 
[    0.004000] Built 1 zonelists, mobility grouping on.  Total pages: 515808
[    0.004000] Policy zone: DMA32
[    0.004000] Kernel command line: net.ifnames=0 console=ttyS0 root=/dev/sda earlyprintk=serial net.ifnames=0
[    0.004000] random: crng init done
[    0.004000] Dentry cache hash table entries: 262144 (order: 9, 2097152 bytes, linear)
[    0.004000] Inode-cache hash table entries: 131072 (order: 8, 1048576 bytes, linear)
[    0.004000] mem auto-init: stack:off, heap alloc:off, heap free:off
[    0.004000] Memory: 1966944K/2096632K available (34816K kernel code, 4558K rwdata, 9772K rodata, 10380K init, 31892K bss, 129432K reserved, 0K cma-reserved)
[    0.004000] SLUB: HWalign=64, Order=0-3, MinObjects=0, CPUs=2, Nodes=1
[    0.004000] kmemleak: Kernel memory leak detector disabled
[    0.004000] ftrace: allocating 68609 entries in 269 pages
[    0.004000] ftrace: allocated 269 pages with 4 groups
[    0.004000] Dynamic Preempt: voluntary
[    0.004000] Running RCU self tests
[    0.004000] Running RCU synchronous self tests
[    0.004000] rcu: Preemptible hierarchical RCU implementation.
[    0.004000] rcu: 	RCU lockdep checking is enabled.
[    0.004000] rcu: 	RCU restricting CPUs from NR_CPUS=8192 to nr_cpu_ids=2.
[    0.004000] 	Trampoline variant of Tasks RCU enabled.
[    0.004000] 	Rude variant of Tasks RCU enabled.
[    0.004000] 	Tracing variant of Tasks RCU enabled.
[    0.004000] rcu: RCU calculated value of scheduler-enlistment delay is 25 jiffies.
[    0.004000] rcu: Adjusting geometry for rcu_fanout_leaf=16, nr_cpu_ids=2
[    0.004000] Running RCU synchronous self tests
[    0.004000] NR_IRQS: 524544, nr_irqs: 440, preallocated irqs: 16
[    0.004000] rcu: srcu_init: Setting srcu_struct sizes based on contention.
[    0.004000] Console: colour VGA+ 80x25
[    0.004000] printk: console [ttyS0] enabled
[    0.004000] printk: console [ttyS0] enabled
[    0.004000] printk: bootconsole [earlyser0] disabled
[    0.004000] printk: bootconsole [earlyser0] disabled
[    0.004000] Lock dependency validator: Copyright (c) 2006 Red Hat, Inc., Ingo Molnar
[    0.004000] ... MAX_LOCKDEP_SUBCLASSES:  8
[    0.004000] ... MAX_LOCK_DEPTH:          48
[    0.004000] ... MAX_LOCKDEP_KEYS:        8192
[    0.004000] ... CLASSHASH_SIZE:          4096
[    0.004000] ... MAX_LOCKDEP_ENTRIES:     32768
[    0.004000] ... MAX_LOCKDEP_CHAINS:      65536
[    0.004000] ... CHAINHASH_SIZE:          32768
[    0.004000]  memory used by lock dependency info: 6365 kB
[    0.004000]  memory used for stack traces: 4224 kB
[    0.004000]  per task-struct memory footprint: 1920 bytes
[    0.004000] ACPI: Core revision 20230331
[    0.004000] clocksource: hpet: mask: 0xffffffff max_cycles: 0xffffffff, max_idle_ns: 19112604467 ns
[    0.004000] APIC: Switch to symmetric I/O mode setup
[    0.004000] x2apic enabled
[    0.004000] Switched APIC routing to physical x2apic.
[    0.004000] kvm-guest: setup PV IPIs
[    0.004000] ..TIMER: vector=0x30 apic1=0 pin1=2 apic2=-1 pin2=-1
[    0.004000] clocksource: tsc-early: mask: 0xffffffffffffffff max_cycles: 0x2c47f5688fc, max_idle_ns: 440795305069 ns
[    0.268777] Calibrating delay loop (skipped) preset value.. 6144.00 BogoMIPS (lpj=12288000)
[    0.269552] pid_max: default: 32768 minimum: 301
[    0.270065] LSM: initializing lsm=capability,yama,integrity
[    0.270596] Yama: becoming mindful.
[    0.271149] Mount-cache hash table entries: 4096 (order: 3, 32768 bytes, linear)
[    0.271849] Mountpoint-cache hash table entries: 4096 (order: 3, 32768 bytes, linear)
[    0.274266] CPU0: Thermal monitoring enabled (TM1)
[    0.276840] x86/cpu: User Mode Instruction Prevention (UMIP) activated
[    0.281400] Last level iTLB entries: 4KB 0, 2MB 0, 4MB 0
[    0.282018] Last level dTLB entries: 4KB 0, 2MB 0, 4MB 0, 1GB 0
[    0.282673] Spectre V1 : Mitigation: usercopy/swapgs barriers and __user pointer sanitization
[    0.283532] Spectre V2 : WARNING: Unprivileged eBPF is enabled with eIBRS on, data leaks possible via Spectre v2 BHB attacks!
[    0.284634] Spectre V2 : Mitigation: Enhanced / Automatic IBRS
[    0.284783] Spectre V2 : Spectre v2 / SpectreRSB mitigation: Filling RSB on context switch
[    0.285648] Spectre V2 : Spectre v2 / PBRSB-eIBRS: Retire a single CALL on VMEXIT
[    0.286376] Spectre V2 : mitigation: Enabling conditional Indirect Branch Prediction Barrier
[    0.287185] Speculative Store Bypass: Mitigation: Speculative Store Bypass disabled via prctl
[    0.287995] MMIO Stale Data: Unknown: No mitigations
[    0.435138] Freeing SMP alternatives memory: 56K
[    0.435721] Running RCU synchronous self tests
[    0.436152] Running RCU synchronous self tests
[    0.437309] smpboot: CPU0: Genuine Intel(R) 0000 (family: 0x6, model: 0xaa, stepping: 0x2)
[    0.438744] cblist_init_generic: Setting adjustable number of callback queues.
[    0.439459] cblist_init_generic: Setting shift to 1 and lim to 1.
[    0.440103] cblist_init_generic: Setting shift to 1 and lim to 1.
[    0.440753] cblist_init_generic: Setting shift to 1 and lim to 1.
[    0.440828] Running RCU-tasks wait API self tests
[    0.545117] Performance Events: unsupported p6 CPU model 170 no PMU driver, software events only.
[    0.546472] rcu: Hierarchical SRCU implementation.
[    0.546940] rcu: 	Max phase no-delay instances is 1000.
[    0.549304] NMI watchdog: Perf NMI watchdog permanently disabled
[    0.550146] smp: Bringing up secondary CPUs ...
[    0.551209] x86: Booting SMP configuration:
[    0.551624] .... node  #0, CPUs:      #1
[    0.260753] smpboot: CPU 1 Converting physical 0 to logical die 1
[    0.557151] smp: Brought up 1 node, 2 CPUs
[    0.557654] smpboot: Max logical packages: 2
[    0.558067] smpboot: Total of 2 processors activated (12288.00 BogoMIPS)
[    0.564774] Callback from call_rcu_tasks_trace() invoked.
[    0.565417] devtmpfs: initialized
[    0.565519] x86/mm: Memory block size: 128MB
[    0.569652] Running RCU synchronous self tests
[    0.569765] Running RCU synchronous self tests
[    0.570224] clocksource: jiffies: mask: 0xffffffff max_cycles: 0xffffffff, max_idle_ns: 7645041785100000 ns
[    0.571110] futex hash table entries: 512 (order: 4, 65536 bytes, linear)
[    0.573169] pinctrl core: initialized pinctrl subsystem
[    0.574280] 
[    0.574428] *************************************************************
[    0.575033] **     NOTICE NOTICE NOTICE NOTICE NOTICE NOTICE NOTICE    **
[    0.575639] **                                                         **
[    0.576239] **  IOMMU DebugFS SUPPORT HAS BEEN ENABLED IN THIS KERNEL  **
[    0.576760] **                                                         **
[    0.577363] ** This means that this kernel is built to expose internal **
[    0.577981] ** IOMMU data structures, which may compromise security on **
[    0.578580] ** your system.                                            **
[    0.579184] **                                                         **
[    0.579784] ** If you see this message and you are not debugging the   **
[    0.580386] ** kernel, report this immediately to your vendor!         **
[    0.580758] **                                                         **
[    0.581365] **     NOTICE NOTICE NOTICE NOTICE NOTICE NOTICE NOTICE    **
[    0.582010] *************************************************************
[    0.582658] PM: RTC time: 05:49:37, date: 2023-04-26
[    0.587614] NET: Registered PF_NETLINK/PF_ROUTE protocol family
[    0.588844] DMA: preallocated 256 KiB GFP_KERNEL pool for atomic allocations
[    0.589512] DMA: preallocated 256 KiB GFP_KERNEL|GFP_DMA pool for atomic allocations
[    0.590224] DMA: preallocated 256 KiB GFP_KERNEL|GFP_DMA32 pool for atomic allocations
[    0.591030] audit: initializing netlink subsys (disabled)
[    0.591676] audit: type=2000 audit(1682488177.396:1): state=initialized audit_enabled=0 res=1
[    0.591676] thermal_sys: Registered thermal governor 'fair_share'
[    0.592765] thermal_sys: Registered thermal governor 'bang_bang'
[    0.593328] thermal_sys: Registered thermal governor 'step_wise'
[    0.593901] thermal_sys: Registered thermal governor 'user_space'
[    0.594504] cpuidle: using governor ladder
[    0.595464] cpuidle: using governor menu
[    0.596296] acpiphp: ACPI Hot Plug PCI Controller Driver version: 0.5
[    0.597139] PCI: Using configuration type 1 for base access
[    0.598714] kprobes: kprobe jump-optimization is enabled. All kprobes are optimized if possible.
[    0.893837] HugeTLB: registered 1.00 GiB page size, pre-allocated 0 pages
[    0.895602] HugeTLB: 16380 KiB vmemmap can be freed for a 1.00 GiB page
[    0.896784] HugeTLB: registered 2.00 MiB page size, pre-allocated 0 pages
[    0.898445] HugeTLB: 28 KiB vmemmap can be freed for a 2.00 MiB page
[    0.910014] ACPI: Added _OSI(Module Device)
[    0.911148] ACPI: Added _OSI(Processor Device)
[    0.912230] ACPI: Added _OSI(3.0 _SCP Extensions)
[    0.912776] ACPI: Added _OSI(Processor Aggregator Device)
[    0.921413] ACPI: 1 ACPI AML tables successfully acquired and loaded
[    3.393147] Callback from call_rcu_tasks_rude() invoked.
[    3.397023] ACPI: Interpreter enabled
[    3.398158] ACPI: PM: (supports S0 S3 S4 S5)
[    3.399238] ACPI: Using IOAPIC for interrupt routing
[    3.400719] PCI: Using host bridge windows from ACPI; if necessary, use "pci=nocrs" and report a bug
[    3.400775] PCI: Using E820 reservations for host bridge windows
[    3.402513] ACPI: Enabled 2 GPEs in block 00 to 0F
[    3.422828] ACPI: PCI Root Bridge [PCI0] (domain 0000 [bus 00-ff])
[    3.423567] acpi PNP0A03:00: _OSC: OS supports [ASPM ClockPM Segments MSI EDR HPX-Type3]
[    3.424396] acpi PNP0A03:00: _OSC: not requesting OS control; OS requires [ExtendedConfig ASPM ClockPM MSI]
[    3.424862] acpi PNP0A03:00: fail to add MMCONFIG information, can't access extended configuration space under this bridge
[    3.428308] acpiphp: Slot [3] registered
[    3.428751] acpiphp: Slot [4] registered
[    3.428823] acpiphp: Slot [5] registered
[    3.429271] acpiphp: Slot [6] registered
[    3.429731] acpiphp: Slot [7] registered
[    3.430195] acpiphp: Slot [8] registered
[    3.430634] acpiphp: Slot [9] registered
[    3.431258] acpiphp: Slot [10] registered
[    3.431705] acpiphp: Slot [11] registered
[    3.432155] acpiphp: Slot [12] registered
[    3.432633] acpiphp: Slot [13] registered
[    3.432863] acpiphp: Slot [14] registered
[    3.433310] acpiphp: Slot [15] registered
[    3.433758] acpiphp: Slot [16] registered
[    3.434206] acpiphp: Slot [17] registered
[    3.434658] acpiphp: Slot [18] registered
[    3.435111] acpiphp: Slot [19] registered
[    3.435574] acpiphp: Slot [20] registered
[    3.436012] acpiphp: Slot [21] registered
[    3.436463] acpiphp: Slot [22] registered
[    3.436823] acpiphp: Slot [23] registered
[    3.437273] acpiphp: Slot [24] registered
[    3.437719] acpiphp: Slot [25] registered
[    3.438187] acpiphp: Slot [26] registered
[    3.438635] acpiphp: Slot [27] registered
[    3.439082] acpiphp: Slot [28] registered
[    3.439532] acpiphp: Slot [29] registered
[    3.439984] acpiphp: Slot [30] registered
[    3.440434] acpiphp: Slot [31] registered
[    3.440800] PCI host bridge to bus 0000:00
[    3.441193] pci_bus 0000:00: root bus resource [io  0x0000-0x0cf7 window]
[    3.441846] pci_bus 0000:00: root bus resource [io  0x0d00-0xffff window]
[    3.442530] pci_bus 0000:00: root bus resource [mem 0x000a0000-0x000bffff window]
[    3.443216] pci_bus 0000:00: root bus resource [mem 0x80000000-0xfebfffff window]
[    3.443908] pci_bus 0000:00: root bus resource [mem 0x100000000-0x17fffffff window]
[    3.444624] pci_bus 0000:00: root bus resource [bus 00-ff]
[    3.444914] pci 0000:00:00.0: [8086:1237] type 00 class 0x060000
[    3.448418] pci 0000:00:01.0: [8086:7000] type 00 class 0x060100
[    3.449442] pci 0000:00:01.1: [8086:7010] type 00 class 0x010180
[    3.451871] pci 0000:00:01.1: reg 0x20: [io  0xc040-0xc04f]
[    3.453148] pci 0000:00:01.1: legacy IDE quirk: reg 0x10: [io  0x01f0-0x01f7]
[    3.453882] pci 0000:00:01.1: legacy IDE quirk: reg 0x14: [io  0x03f6]
[    3.454516] pci 0000:00:01.1: legacy IDE quirk: reg 0x18: [io  0x0170-0x0177]
[    3.455200] pci 0000:00:01.1: legacy IDE quirk: reg 0x1c: [io  0x0376]
[    3.456251] pci 0000:00:01.3: [8086:7113] type 00 class 0x068000
[    3.457085] pci 0000:00:01.3: quirk: [io  0x0600-0x063f] claimed by PIIX4 ACPI
[    3.457790] pci 0000:00:01.3: quirk: [io  0x0700-0x070f] claimed by PIIX4 SMB
[    3.458751] pci 0000:00:02.0: [1234:1111] type 00 class 0x030000
[    3.461478] pci 0000:00:02.0: reg 0x10: [mem 0xfd000000-0xfdffffff pref]
[    3.464676] pci 0000:00:02.0: reg 0x18: [mem 0xfebf0000-0xfebf0fff]
[    3.471026] pci 0000:00:02.0: reg 0x30: [mem 0xfebe0000-0xfebeffff pref]
[    3.473469] pci 0000:00:02.0: Video device with shadowed ROM at [mem 0x000c0000-0x000dffff]
[    3.481301] pci 0000:00:03.0: [8086:100e] type 00 class 0x020000
[    3.484388] pci 0000:00:03.0: reg 0x10: [mem 0xfebc0000-0xfebdffff]
[    3.486150] pci 0000:00:03.0: reg 0x14: [io  0xc000-0xc03f]
[    3.489113] pci 0000:00:03.0: reg 0x30: [mem 0xfeb80000-0xfebbffff pref]
[    3.493299] Callback from call_rcu_tasks() invoked.
[    3.510410] ACPI: PCI: Interrupt link LNKA configured for IRQ 10
[    3.511469] ACPI: PCI: Interrupt link LNKB configured for IRQ 10
[    3.512416] ACPI: PCI: Interrupt link LNKC configured for IRQ 11
[    3.513091] ACPI: PCI: Interrupt link LNKD configured for IRQ 11
[    3.513890] ACPI: PCI: Interrupt link LNKS configured for IRQ 9
[    3.516461] iommu: Default domain type: Translated 
[    3.516765] iommu: DMA domain TLB invalidation policy: lazy mode 
[    3.518949] SCSI subsystem initialized
[    3.519503] ACPI: bus type USB registered
[    3.519503] usbcore: registered new interface driver usbfs
[    3.520806] usbcore: registered new interface driver hub
[    3.521410] usbcore: registered new device driver usb
[    3.522094] pps_core: LinuxPPS API ver. 1 registered
[    3.522613] pps_core: Software ver. 5.3.6 - Copyright 2005-2007 Rodolfo Giometti <giometti@linux.it>
[    3.523555] PTP clock support registered
[    3.524175] EDAC MC: Ver: 3.0.0
[    3.526359] NetLabel: Initializing
[    3.526750] NetLabel:  domain hash size = 128
[    3.527210] NetLabel:  protocols = UNLABELED CIPSOv4 CALIPSO
[    3.527876] NetLabel:  unlabeled traffic allowed by default
[    3.529168] PCI: Using ACPI for IRQ routing
[    3.529659] pci 0000:00:02.0: vgaarb: setting as boot VGA device
[    3.529659] pci 0000:00:02.0: vgaarb: bridge control possible
[    3.529968] pci 0000:00:02.0: vgaarb: VGA device added: decodes=io+mem,owns=io+mem,locks=none
[    3.530770] vgaarb: loaded
[    3.533499] hpet0: at MMIO 0xfed00000, IRQs 2, 8, 0
[    3.534002] hpet0: 3 comparators, 64-bit 100.000000 MHz counter
[    3.540197] clocksource: Switched to clocksource kvm-clock
[    3.540753] VFS: Disk quotas dquot_6.6.0
[    3.540753] VFS: Dquot-cache hash table entries: 512 (order 0, 4096 bytes)
[    3.540933] pnp: PnP ACPI init
[    3.543312] pnp: PnP ACPI: found 6 devices
[    3.595833] clocksource: acpi_pm: mask: 0xffffff max_cycles: 0xffffff, max_idle_ns: 2085701024 ns
[    3.597219] NET: Registered PF_INET protocol family
[    3.598157] IP idents hash table entries: 32768 (order: 6, 262144 bytes, linear)
[    3.600270] tcp_listen_portaddr_hash hash table entries: 1024 (order: 4, 73728 bytes, linear)
[    3.601241] Table-perturb hash table entries: 65536 (order: 6, 262144 bytes, linear)
[    3.601968] TCP established hash table entries: 16384 (order: 5, 131072 bytes, linear)
[    3.603021] TCP bind hash table entries: 16384 (order: 9, 2359296 bytes, linear)
[    3.611644] TCP: Hash tables configured (established 16384 bind 16384)
[    3.612879] UDP hash table entries: 1024 (order: 5, 163840 bytes, linear)
[    3.613757] UDP-Lite hash table entries: 1024 (order: 5, 163840 bytes, linear)
[    3.614832] NET: Registered PF_UNIX/PF_LOCAL protocol family
[    3.616027] RPC: Registered named UNIX socket transport module.
[    3.616644] RPC: Registered udp transport module.
[    3.617146] RPC: Registered tcp transport module.
[    3.617609] RPC: Registered tcp NFSv4.1 backchannel transport module.
[    3.618288] pci_bus 0000:00: resource 4 [io  0x0000-0x0cf7 window]
[    3.618885] pci_bus 0000:00: resource 5 [io  0x0d00-0xffff window]
[    3.619480] pci_bus 0000:00: resource 6 [mem 0x000a0000-0x000bffff window]
[    3.620130] pci_bus 0000:00: resource 7 [mem 0x80000000-0xfebfffff window]
[    3.620805] pci_bus 0000:00: resource 8 [mem 0x100000000-0x17fffffff window]
[    3.621786] pci 0000:00:01.0: PIIX3: Enabling Passive Release
[    3.622363] pci 0000:00:00.0: Limiting direct PCI/PCI transfers
[    3.623053] PCI: CLS 0 bytes, default 64
[    3.623943] ACPI: bus type thunderbolt registered
[    3.624900] clocksource: tsc: mask: 0xffffffffffffffff max_cycles: 0x2c47f5688fc, max_idle_ns: 440795305069 ns
[    3.680250] Initialise system trusted keyrings
[    3.681610] Key type blacklist registered
[    3.682655] workingset: timestamp_bits=36 max_order=19 bucket_order=0
[    3.683375] zbud: loaded
[    3.684517] squashfs: version 4.0 (2009/01/31) Phillip Lougher
[    3.686289] NFS: Registering the id_resolver key type
[    3.686800] Key type id_resolver registered
[    3.687191] Key type id_legacy registered
[    3.687622] nfs4filelayout_init: NFSv4 File Layout Driver Registering...
[    3.688330] nfs4flexfilelayout_init: NFSv4 Flexfile Layout Driver Registering...
[    3.689287] fuse: init (API version 7.38)
[    3.689844] SGI XFS with ACLs, security attributes, realtime, quota, no debug enabled
[    3.691759] 9p: Installing v9fs 9p2000 file system support
[    3.699401] Key type asymmetric registered
[    3.699875] Asymmetric key parser 'x509' registered
[    3.700489] Block layer SCSI generic (bsg) driver version 0.4 loaded (major 243)
[    3.701778] io scheduler mq-deadline registered
[    3.702303] io scheduler bfq registered
[    3.703752] shpchp: Standard Hot Plug PCI Controller Driver version: 0.4
[    3.704979] IPMI message handler: version 39.2
[    3.705533] ipmi device interface
[    3.707792] input: Power Button as /devices/LNXSYSTM:00/LNXPWRBN:00/input/input0
[    3.708882] ACPI: button: Power Button [PWRF]
[    3.710800] ERST DBG: ERST support is disabled.
[    3.712316] Serial: 8250/16550 driver, 32 ports, IRQ sharing enabled
[    3.713729] 00:04: ttyS0 at I/O 0x3f8 (irq = 4, base_baud = 115200) is a 16550A
[    3.722312] Linux agpgart interface v0.103
[    3.723919] ACPI: bus type drm_connector registered
[    3.736820] brd: module loaded
[    3.744027] loop: module loaded
[    3.750992] scsi host0: ata_piix
[    3.752206] scsi host1: ata_piix
[    3.752710] ata1: PATA max MWDMA2 cmd 0x1f0 ctl 0x3f6 bmdma 0xc040 irq 14
[    3.753485] ata2: PATA max MWDMA2 cmd 0x170 ctl 0x376 bmdma 0xc048 irq 15
[    3.755368] tun: Universal TUN/TAP device driver, 1.6
[    3.756087] e100: Intel(R) PRO/100 Network Driver
[    3.756572] e100: Copyright(c) 1999-2006 Intel Corporation
[    3.757220] e1000: Intel(R) PRO/1000 Network Driver
[    3.757730] e1000: Copyright (c) 1999-2006 Intel Corporation.
[    3.898478] ACPI: \_SB_.LNKC: Enabled at IRQ 11
[    3.913322] ata1: found unknown device (class 0)
[    3.914455] ata1.00: ATA-7: QEMU HARDDISK, 2.5+, max UDMA/100
[    3.915011] ata1.00: 16777216 sectors, multi 16: LBA48 
[    3.915778] ata2: found unknown device (class 0)
[    3.917164] ata2.00: ATAPI: QEMU DVD-ROM, 2.5+, max UDMA/100
[    3.917385] scsi 0:0:0:0: Direct-Access     ATA      QEMU HARDDISK    2.5+ PQ: 0 ANSI: 5
[    3.919978] sd 0:0:0:0: Attached scsi generic sg0 type 0
[    3.920807] sd 0:0:0:0: [sda] 16777216 512-byte logical blocks: (8.59 GB/8.00 GiB)
[    3.921395] scsi 1:0:0:0: CD-ROM            QEMU     QEMU DVD-ROM     2.5+ PQ: 0 ANSI: 5
[    3.921829] sd 0:0:0:0: [sda] Write Protect is off
[    3.923334] sd 0:0:0:0: [sda] Write cache: enabled, read cache: enabled, doesn't support DPO or FUA
[    3.924684] sd 0:0:0:0: [sda] Preferred minimum I/O size 512 bytes
[    3.946584] scsi 1:0:0:0: Attached scsi generic sg1 type 5
[    3.948850] sd 0:0:0:0: [sda] Attached SCSI disk
[    4.232488] e1000 0000:00:03.0 eth0: (PCI:33MHz:32-bit) 52:54:00:12:34:56
[    4.233326] e1000 0000:00:03.0 eth0: Intel(R) PRO/1000 Network Connection
[    4.234158] e1000e: Intel(R) PRO/1000 Network Driver
[    4.234660] e1000e: Copyright(c) 1999 - 2015 Intel Corporation.
[    4.235304] igb: Intel(R) Gigabit Ethernet Network Driver
[    4.235837] igb: Copyright (c) 2007-2014 Intel Corporation.
[    4.236468] PPP generic driver version 2.4.2
[    4.238148] VFIO - User Level meta-driver version: 0.3
[    4.239334] usbcore: registered new interface driver uas
[    4.239889] usbcore: registered new interface driver usb-storage
[    4.240648] i8042: PNP: PS/2 Controller [PNP0303:KBD,PNP0f13:MOU] at 0x60,0x64 irq 1,12
[    4.242256] serio: i8042 KBD port at 0x60,0x64 irq 1
[    4.242770] serio: i8042 AUX port at 0x60,0x64 irq 12
[    4.244333] mousedev: PS/2 mouse device common for all mice
[    4.245894] rtc_cmos 00:05: RTC can wake from S4
[    4.246580] input: AT Translated Set 2 keyboard as /devices/platform/i8042/serio0/input/input1
[    4.248352] input: VirtualPS/2 VMware VMMouse as /devices/platform/i8042/serio1/input/input4
[    4.249780] rtc_cmos 00:05: registered as rtc0
[    4.249805] input: VirtualPS/2 VMware VMMouse as /devices/platform/i8042/serio1/input/input3
[    4.250224] rtc_cmos 00:05: setting system clock to 2023-04-26T05:49:40 UTC (1682488180)
[    4.251870] rtc_cmos 00:05: alarms up to one day, y3k, 242 bytes nvram, hpet irqs
[    4.252496] i2c_dev: i2c /dev entries driver
[    4.253009] device-mapper: core: CONFIG_IMA_DISABLE_HTABLE is disabled. Duplicate IMA measurements will not be recorded in the IMA log.
[    4.254007] device-mapper: uevent: version 1.0.3
[    4.254520] device-mapper: ioctl: 4.47.0-ioctl (2022-07-28) initialised: dm-devel@redhat.com
[    4.255210] intel_pstate: CPU model not supported
[    4.255676] sdhci: Secure Digital Host Controller Interface driver
[    4.256171] sdhci: Copyright(c) Pierre Ossman
[    4.256596] sdhci-pltfm: SDHCI platform and OF driver helper
[    4.257110] ledtrig-cpu: registered to indicate activity on CPUs
[    4.257991] drop_monitor: Initializing network drop monitor service
[    4.258773] NET: Registered PF_INET6 protocol family
[    4.262345] Segment Routing with IPv6
[    4.262680] In-situ OAM (IOAM) with IPv6
[    4.263060] NET: Registered PF_PACKET protocol family
[    4.263586] 9pnet: Installing 9P2000 support
[    4.264003] Key type dns_resolver registered
[    4.265419] IPI shorthand broadcast: enabled
[    4.278489] sched_clock: Marking stable (4020003789, 256753069)->(4400712665, -123955807)
[    4.280089] registered taskstats version 1
[    4.281008] Loading compiled-in X.509 certificates
[    4.281592] zswap: loaded using pool lzo/zbud
[    4.297175] Key type .fscrypt registered
[    4.297585] Key type fscrypt-provisioning registered
[    4.299420] Key type encrypted registered
[    4.299844] ima: No TPM chip found, activating TPM-bypass!
[    4.300323] ima: Allocated hash algorithm: sha1
[    4.300750] ima: No architecture policies found
[    4.301214] evm: Initialising EVM extended attributes:
[    4.301637] evm: security.selinux
[    4.301911] evm: security.SMACK64
[    4.302186] evm: security.SMACK64EXEC
[    4.302487] evm: security.SMACK64TRANSMUTE
[    4.302824] evm: security.SMACK64MMAP
[    4.303123] evm: security.apparmor
[    4.303397] evm: security.ima
[    4.303639] evm: security.capability
[    4.303926] evm: HMAC attrs: 0x1
[    4.305491] PM:   Magic number: 3:258:821
[    4.306361] RAS: Correctable Errors collector initialized.
[    4.307546] md: Waiting for all devices to be available before autodetect
[    4.307901] md: If you don't use raid, use raid=noautodetect
[    4.308198] md: Autodetecting RAID arrays.
[    4.308423] md: autorun ...
[    4.308575] md: ... autorun DONE.
[    4.326651] EXT4-fs (sda): mounted filesystem 23a53bb9-f815-47a5-b74c-5e08f7731193 with ordered data mode. Quota mode: none.
[    4.327333] VFS: Mounted root (ext4 filesystem) readonly on device 8:0.
[    4.330604] devtmpfs: mounted
[    4.339614] Freeing unused decrypted memory: 2036K
[    4.346245] Freeing unused kernel image (initmem) memory: 10380K
[    4.348857] Write protecting the kernel read-only data: 45056k
[    4.350581] Freeing unused kernel image (rodata/data gap) memory: 468K
[    4.457720] x86/mm: Checked W+X mappings: passed, no W+X pages found.
[    4.458278] ********************************************************************************************
[    4.458278] * WARNING: Project Intel Next sources and binaries include Intel Confidential information. *
[    4.458278] *          For use by Intel Employees only; do not distribute externally.                  *
[    4.458278] ********************************************************************************************
[    4.460721] Run /sbin/init as init process
[    4.605651] systemd[1]: RTC configured in localtime, applying delta of 0 minutes to system time.
[    4.635096] systemd[1]: systemd 239 (239-49.el8) running in system mode. (+PAM +AUDIT +SELINUX +IMA -APPARMOR +SMACK +SYSVINIT +UTMP +LIBCRYPTSETUP +GCRYPT +GNUTLS +ACL +XZ +LZ4 +SECCOMP +BLKID +ELFUTILS +KMOD +IDN2 -IDN +PCRE2 default-hierarchy=legacy)
[    4.636377] systemd[1]: Detected virtualization kvm.
[    4.636642] systemd[1]: Detected architecture x86-64.

Welcome to [0;31mCentOS Stream 8[0m!

[    4.686558] systemd[1]: Set hostname to <test>.
[    5.042091] systemd[1]: Created slice system-serial\x2dgetty.slice.
[[0;32m  OK  [0m] Created slice system-serial\x2dgetty.slice.
[    5.044949] systemd[1]: Listening on multipathd control socket.
[[0;32m  OK  [0m] Listening on multipathd control socket.
[    5.047721] systemd[1]: Listening on Journal Socket.
[[0;32m  OK  [0m] Listening on Journal Socket.
[    5.077299] systemd[1]: Mounting Huge Pages File System...
         Mounting Huge Pages File System...
[    5.081276] systemd[1]: Mounting Kernel Debug File System...
         Mounting Kernel Debug File System...
[    5.084645] systemd[1]: Starting Remount Root and Kernel File Systems...
         Starting Remount Root and Kernel File Systems...
[[0;32m  OK  [0m] Created slice User and Session Slice.
[[0;32m  OK  [0m] Listening on Process Core Dump Socket.
[[0;32m  OK  [0m] Created slice system-getty.slice.
[[0;32m  OK  [0m] Listening on LVM2 poll daemon socket.
         Mounting POSIX Message Queue File System...
[[0;32m  OK  [0m] Listening on Journal Socket (/dev/log).
[[0;32m  OK  [0m] Listening on initctl Compatibility Named Pipe.
         Starting Load Kernel Modules...
         Starting Setup Virtual Console...
[[0;32m  OK  [0m] Started Forward Password Requests to Wall Directory Watch.
         Starting Journal Service...
[[0;32m  OK  [0m] Reached target Swap.
[[0;32m  OK  [0m] Created slice system-sshd\x2dkeygen.slice.
[[0;32m  OK  [0m] Listening on udev Kernel Socket.
[[0;32m  OK  [0m] Listening on Device-mapper event daemon FIFOs.
         Starting Monitoring of LVM2 mirrorsâ€¦ng dmeventd or progress polling...
[[0;32m  OK  [0m] Listening on RPCbind Server Activation Socket.
[[0;32m  OK  [0m] Reached target RPC Port Mapper.
[[0;32m  OK  [0m] Listening on udev Control Socket.
         Starting udev Coldplug all Devices...
[[0;32m  OK  [0m] Set up automount Arbitrary Executabâ€¦rmats File System Automount Point.
[[0;32m  OK  [0m] Reached target Slices.
[[0;32m  OK  [0m] Started Journal Service.
[[0;32m  OK  [0m] Mounted Huge Pages File System.
[[0;32m  OK  [0m] Mounted Kernel Debug File System.
[[0;32m  OK  [0m] Mounted POSIX Message Queue File System.
[[0;1;31mFAILED[0m] Failed to start Load Kernel Modules.
See 'systemctl status systemd-modules-load.service' for details.
         Starting Apply Kernel Variables...
         Mounting Kernel Configu[    5.475026] EXT4-fs (sda): re-mounted 23a53bb9-f815-47a5-b74c-5e08f7731193. Quota mode: none.
ration File System...
         Mounting FUSE Control File System...
[[0;32m  OK  [0m] Started Remount Root and Kernel File Systems.
[[0;32m  OK  [0m] Started Setup Virtual Console.
[[0;32m  OK  [0m] Started Apply Kernel Variables.
[[0;32m  OK  [0m] Mounted Kernel Configuration File System.
[[0;32m  OK  [0m] Mounted FUSE Control File System.
         Starting Flush Journal to Persistent Storage...
         Starting Create Static Device Nodes in /dev...
         Starting Load/Save Random Seed...
[[0;32m  OK  [0m] Started Flush Journal to Persistent Storage.
[[0;32m  OK  [0m] Started Load/Save Random Seed.
[[0;32m  OK  [0m] Started Create Static Device Nodes in /dev.
         Starting udev Kernel Device Manager...
[[0;32m  OK  [0m] Started udev Coldplug all Devices.
         Starting udev Wait for Complete Device Initialization...
[[0;32m  OK  [0m] Started udev Kernel Device Manager.
         Starting Show Plymouth Boot Screen...
[[0;32m  OK  [0m] Started Show Plymouth Boot Screen.
[[0;32m  OK  [0m] Reached target Local Encrypted Volumes.
[[0;32m  OK  [0m] Reached target Paths.
[[0;32m  OK  [0m] Started Forward Password Requests to Plymouth Directory Watch.
[[0;32m  OK  [0m] Found device /dev/ttyS0.
[[0;32m  OK  [0m] Started Monitoring of LVM2 mirrors,â€¦sing dmeventd or progress polling.
[[0;32m  OK  [0m] Listening on Load/Save RF Kill Switch Status /dev/rfkill Watch.
[[0;32m  OK  [0m] Started udev Wait for Complete Device Initialization.
[[0;32m  OK  [0m] Reached target Local File Systems (Pre).
[[0;32m  OK  [0m] Reached target Local File Systems.
         Starting Restore /run/initramfs on shutdown...
         Starting Create Volatile Files and Directories...
         Starting Tell Plymouth To Write Out Runtime Data...
[[0;32m  OK  [0m] Started Restore /run/initramfs on shutdown.
[[0;32m  OK  [0m] Started Tell Plymouth To Write Out Runtime Data.
[[0;32m  OK  [0m] Started Create Volatile Files and Directories.
         Mounting RPC Pipe File System...
         Starting RPC Bind...
         Starting Security Auditing Service...
[[0;32m  OK  [0m] Mounted RPC Pipe File System.
[[0;32m  OK  [0m] Reached target rpc_pipefs.target.
[[0;32m  OK  [0m] Started RPC Bind.
[[0;32m  OK  [0m] Started Security Auditing Service.
         Starting Update UTMP about System Boot/Shutdown...
[[0;32m  OK  [0m] Started Update UTMP about System Boot/Shutdown.
[[0;32m  OK  [0m] Reached target System Initialization.
[[0;32m  OK  [0m] Started Daily Cleanup of Temporary Directories.
[[0;32m  OK  [0m] Listening on SSSD Kerberos Cache Manager responder socket.
[[0;32m  OK  [0m] Started dnf makecache --timer.
[[0;32m  OK  [0m] Started daily update of the root trust anchor for DNSSEC.
[[0;32m  OK  [0m] Reached target Timers.
[[0;32m  OK  [0m] Listening on D-Bus System Message Bus Socket.
[[0;32m  OK  [0m] Reached target Sockets.
[[0;32m  OK  [0m] Reached target Basic System.
         Starting Auto-connect to subsystemsâ€¦-NVME devices found during boot...
         Starting Login Service...
[[0;32m  OK  [0m] Started Machine Check Exception Logging Daemon.
[[0;32m  OK  [0m] Started irqbalance daemon.
         Starting Authorization Manager...
[[0;32m  OK  [0m] Reached target sshd-keygen.target.
         Starting NTP client/server...
         Starting Self Monitoring and Reporting Technology (SMART) Daemon...
[[0;32m  OK  [0m] Started D-Bus System Message Bus.
         Starting Network Manager...
[[0;32m  OK  [0m] Started Auto-connect to subsystems â€¦FC-NVME devices found during boot.
         Starting update of the root trust aâ€¦or DNSSEC validation in unbound...
[[0;32m  OK  [0m] Started Self Monitoring and Reporting Technology (SMART) Daemon.
[[0;32m  OK  [0m] Started Login Service.
[[0;32m  OK  [0m] Started NTP client/server.
[[0;32m  OK  [0m] Started Network Manager.
         Starting Network Manager Wait Online...
[[0;32m  OK  [0m] Reached target Network.
         Starting OpenSSH server daemon...
         Starting Dynamic System Tuning Daemon...
         Starting GSSAPI Proxy Daemon...
[[0;32m  OK  [0m] Started update of the root trust anâ€¦ for DNSSEC validation in unbound.
         Starting Hostname Service...
[[0;32m  OK  [0m] Started OpenSSH server daemon.
[[0;32m  OK  [0m] Started Authorization Manager.
[[0;32m  OK  [0m] Started GSSAPI Proxy Daemon.
[[0;32m  OK  [0m] Reached target NFS client services.
[[0;32m  OK  [0m] Reached target Remote File Systems (Pre).
[[0;32m  OK  [0m] Reached target Remote File Systems.
         Starting Permit User Sessions...
[[0;32m  OK  [0m] Started Permit User Sessions.
[[0;32m  OK  [0m] Started Command Scheduler.
         Starting Terminate Plymouth Boot Screen...
         Starting Hold until boot process finishes up...
[    7.929633] e1000: eth0 NIC Link is Up 1000 Mbps Full Duplex, Flow Control: RX
[    7.930757] IPv6: ADDRCONF(NETDEV_CHANGE): eth0: link becomes ready
[    8.247387] Spectre V2 : WARNING: Unprivileged eBPF is enabled with eIBRS on, data leaks possible via Spectre v2 BHB attacks!
[    8.248458] Spectre V2 : WARNING: Unprivileged eBPF is enabled with eIBRS on, data leaks possible via Spectre v2 BHB attacks!

CentOS Stream 8
Kernel 6.3.0-f968e3c2493f+ on an x86_64

test login: [   24.596139] memfd_create() without MFD_EXEC nor MFD_NOEXEC_SEAL, pid=329 'systemd'
[   29.247978] cgroup: Unknown subsys name 'net'
[   29.255112] cgroup: Unknown subsys name 'rlimit'
[   37.901957] tpm tpm0: Operation Canceled
[   37.904612] ------------[ cut here ]------------
[   37.904983] WARNING: CPU: 1 PID: 3827 at kernel/kthread.c:75 kthread_stop+0x353/0x360
[   37.905562] Modules linked in:
[   37.905785] CPU: 1 PID: 3827 Comm: repro Not tainted 6.3.0-f968e3c2493f+ #1
[   37.906221] Hardware name: QEMU Standard PC (i440FX + PIIX, 1996), BIOS rel-1.14.0-0-g155821a1990b-prebuilt.qemu.org 04/01/2014
[   37.906932] RIP: 0010:kthread_stop+0x353/0x360
[   37.907229] Code: 00 4c 89 ef e8 1e e2 c0 00 e9 1f fe ff ff e8 34 f4 16 00 be 02 00 00 00 4c 89 ef e8 07 e2 c0 00 e9 5c fd ff ff e8 1d f4 16 00 <0f> 0b e9 73 fd ff ff 66 0f 1f 44 00 00 90 90 90 90 90 90 90 90 90
[   37.908374] RSP: 0018:ffffc90001ebfda8 EFLAGS: 00010246
[   37.908712] RAX: 0000000000000000 RBX: ffff8880152d0000 RCX: ffffffff81167544
[   37.909198] RDX: 0000000000000000 RSI: ffff8880152dc680 RDI: 0000000000000002
[   37.909690] RBP: ffffc90001ebfdc8 R08: 0000000000000001 R09: 0000000000000001
[   37.910193] R10: 0000000000000000 R11: 0000000000000000 R12: 0000000000000000
[   37.910675] R13: ffff8880152d0028 R14: ffff8880151ccae0 R15: ffff888007094488
[   37.911161] FS:  00007f1ea7879800(0000) GS:ffff88807dd00000(0000) knlGS:0000000000000000
[   37.911707] CS:  0010 DS: 0000 ES: 0000 CR0: 0000000080050033
[   37.912102] CR2: 0000558eef8b3458 CR3: 000000000afa8004 CR4: 0000000000770ee0
[   37.912578] DR0: 0000000000000000 DR1: 0000000000000000 DR2: 0000000000000000
[   37.913081] DR3: 0000000000000000 DR6: 00000000ffff07f0 DR7: 0000000000000400
[   37.913562] PKRU: 55555554
[   37.913765] Call Trace:
[   37.913952]  <TASK>
[   37.914123]  hwrng_unregister+0x182/0x210
[   37.914429]  tpm_chip_unregister+0x1cc/0x1f0
[   37.914749]  ? __pfx_vtpm_proxy_fops_release+0x10/0x10
[   37.915122]  vtpm_proxy_fops_release+0x8f/0xa0
[   37.915448]  __fput+0x11f/0x450
[   37.915692]  ____fput+0x1e/0x30
[   37.915929]  task_work_run+0xb6/0x120
[   37.916203]  exit_to_user_mode_prepare+0x200/0x210
[   37.916552]  syscall_exit_to_user_mode+0x2d/0x60
[   37.916928]  do_syscall_64+0x4a/0x90
[   37.917224]  entry_SYSCALL_64_after_hwframe+0x72/0xdc
[   37.917598] RIP: 0033:0x7f1ea7a89e37
[   37.917873] Code: 12 b8 03 00 00 00 0f 05 48 3d 00 f0 ff ff 77 3b c3 66 90 53 89 fb 48 83 ec 10 e8 d4 fb ff ff 89 c2 89 df b8 03 00 00 00 0f 05 <48> 3d 00 f0 ff ff 77 2b 89 d7 89 44 24 0c e8 16 fc ff ff 8b 44 24
[   37.919133] RSP: 002b:00007fff36a4d960 EFLAGS: 00000293 ORIG_RAX: 0000000000000003
[   37.919641] RAX: 0000000000000000 RBX: 0000000000000004 RCX: 00007f1ea7a89e37
[   37.920129] RDX: 0000000000000000 RSI: 0000000000000080 RDI: 0000000000000004
[   37.920621] RBP: 00007fff36a4d990 R08: 0000000000000000 R09: 0000000000000032
[   37.921293] R10: 00007fff36a4d960 R11: 0000000000000293 R12: 0000000000402400
[   37.921805] R13: 00007fff36a4db20 R14: 0000000000000000 R15: 0000000000000000
[   37.922333]  </TASK>
[   37.922503] irq event stamp: 1841
[   37.922744] hardirqs last  enabled at (1849): [<ffffffff811e3cd1>] __up_console_sem+0x91/0xb0
[   37.923345] hardirqs last disabled at (1856): [<ffffffff811e3cb6>] __up_console_sem+0x76/0xb0
[   37.923934] softirqs last  enabled at (1484): [<ffffffff82f9b1b9>] __do_softirq+0x2d9/0x3c3
[   37.924519] softirqs last disabled at (1465): [<ffffffff81126884>] irq_exit_rcu+0xc4/0x100
[   37.925155] ---[ end trace 0000000000000000 ]---
[   37.925493] BUG: kernel NULL pointer dereference, address: 0000000000000000
[   37.925983] #PF: supervisor write access in kernel mode
[   37.926364] #PF: error_code(0x0002) - not-present page
[   37.926733] PGD acec067 P4D acec067 PUD dc92067 PMD 0 
[   37.927111] Oops: 0002 [#1] PREEMPT SMP NOPTI
[   37.927422] CPU: 1 PID: 3827 Comm: repro Tainted: G        W          6.3.0-f968e3c2493f+ #1
[   37.928007] Hardware name: QEMU Standard PC (i440FX + PIIX, 1996), BIOS rel-1.14.0-0-g155821a1990b-prebuilt.qemu.org 04/01/2014
[   37.928794] RIP: 0010:kthread_stop+0xd9/0x360
[   37.929126] Code: 44 8b 63 2c 31 ff 41 81 e4 00 00 20 00 44 89 e6 e8 8c f8 16 00 45 85 e4 0f 84 81 02 00 00 e8 9e f6 16 00 4c 8b a3 40 0a 00 00 <f0> 41 80 0c 24 02 48 89 df e8 f9 f1 ff ff f0 80 4b 02 02 48 89 df
[   37.930401] RSP: 0018:ffffc90001ebfda8 EFLAGS: 00010246
[   37.930766] RAX: 0000000000000000 RBX: ffff8880152d0000 RCX: ffffffff81167544
[   37.931272] RDX: 0000000000000000 RSI: ffff8880152dc680 RDI: 0000000000000002
[   37.931774] RBP: ffffc90001ebfdc8 R08: 0000000000000001 R09: 0000000000000001
[   37.932273] R10: 0000000000000000 R11: 0000000000000000 R12: 0000000000000000
[   37.932770] R13: ffff8880152d0028 R14: ffff8880151ccae0 R15: ffff888007094488
[   37.933288] FS:  00007f1ea7879800(0000) GS:ffff88807dd00000(0000) knlGS:0000000000000000
[   37.933826] CS:  0010 DS: 0000 ES: 0000 CR0: 0000000080050033
[   37.934225] CR2: 0000000000000000 CR3: 000000000afa8004 CR4: 0000000000770ee0
[   37.934718] DR0: 0000000000000000 DR1: 0000000000000000 DR2: 0000000000000000
[   37.935201] DR3: 0000000000000000 DR6: 00000000ffff07f0 DR7: 0000000000000400
[   37.935700] PKRU: 55555554
[   37.935900] Call Trace:
[   37.936085]  <TASK>
[   37.936245]  hwrng_unregister+0x182/0x210
[   37.936536]  tpm_chip_unregister+0x1cc/0x1f0
[   37.936862]  ? __pfx_vtpm_proxy_fops_release+0x10/0x10
[   37.937245]  vtpm_proxy_fops_release+0x8f/0xa0
[   37.937560]  __fput+0x11f/0x450
[   37.937802]  ____fput+0x1e/0x30
[   37.938039]  task_work_run+0xb6/0x120
[   37.938321]  exit_to_user_mode_prepare+0x200/0x210
[   37.938671]  syscall_exit_to_user_mode+0x2d/0x60
[   37.938998]  do_syscall_64+0x4a/0x90
[   37.939250]  entry_SYSCALL_64_after_hwframe+0x72/0xdc
[   37.939590] RIP: 0033:0x7f1ea7a89e37
[   37.939844] Code: 12 b8 03 00 00 00 0f 05 48 3d 00 f0 ff ff 77 3b c3 66 90 53 89 fb 48 83 ec 10 e8 d4 fb ff ff 89 c2 89 df b8 03 00 00 00 0f 05 <48> 3d 00 f0 ff ff 77 2b 89 d7 89 44 24 0c e8 16 fc ff ff 8b 44 24
[   37.941146] RSP: 002b:00007fff36a4d960 EFLAGS: 00000293 ORIG_RAX: 0000000000000003
[   37.941668] RAX: 0000000000000000 RBX: 0000000000000004 RCX: 00007f1ea7a89e37
[   37.942154] RDX: 0000000000000000 RSI: 0000000000000080 RDI: 0000000000000004
[   37.942640] RBP: 00007fff36a4d990 R08: 0000000000000000 R09: 0000000000000032
[   37.943129] R10: 00007fff36a4d960 R11: 0000000000000293 R12: 0000000000402400
[   37.943621] R13: 00007fff36a4db20 R14: 0000000000000000 R15: 0000000000000000
[   37.944090]  </TASK>
[   37.944248] Modules linked in:
[   37.944463] CR2: 0000000000000000
[   37.944703] ---[ end trace 0000000000000000 ]---
[   37.945036] RIP: 0010:kthread_stop+0xd9/0x360
[   37.945369] Code: 44 8b 63 2c 31 ff 41 81 e4 00 00 20 00 44 89 e6 e8 8c f8 16 00 45 85 e4 0f 84 81 02 00 00 e8 9e f6 16 00 4c 8b a3 40 0a 00 00 <f0> 41 80 0c 24 02 48 89 df e8 f9 f1 ff ff f0 80 4b 02 02 48 89 df
[   37.946655] RSP: 0018:ffffc90001ebfda8 EFLAGS: 00010246
[   37.947027] RAX: 0000000000000000 RBX: ffff8880152d0000 RCX: ffffffff81167544
[   37.947532] RDX: 0000000000000000 RSI: ffff8880152dc680 RDI: 0000000000000002
[   37.948029] RBP: ffffc90001ebfdc8 R08: 0000000000000001 R09: 0000000000000001
[   37.948533] R10: 0000000000000000 R11: 0000000000000000 R12: 0000000000000000
[   37.949025] R13: ffff8880152d0028 R14: ffff8880151ccae0 R15: ffff888007094488
[   37.949542] FS:  00007f1ea7879800(0000) GS:ffff88807dd00000(0000) knlGS:0000000000000000
[   37.950108] CS:  0010 DS: 0000 ES: 0000 CR0: 0000000080050033
[   37.950512] CR2: 0000000000000000 CR3: 000000000afa8004 CR4: 0000000000770ee0
[   37.951011] DR0: 0000000000000000 DR1: 0000000000000000 DR2: 0000000000000000
[   37.951514] DR3: 0000000000000000 DR6: 00000000ffff07f0 DR7: 0000000000000400
[   37.952012] PKRU: 55555554
[   37.952210] note: repro[3827] exited with irqs disabled
[   38.409203] tpm tpm1: Operation Canceled
[   38.409748] ------------[ cut here ]------------
[   38.410034] WARNING: CPU: 1 PID: 4062 at kernel/kthread.c:75 kthread_stop+0x353/0x360
[   38.410474] Modules linked in:
[   38.410652] CPU: 1 PID: 4062 Comm: repro Tainted: G      D W          6.3.0-f968e3c2493f+ #1
[   38.411122] Hardware name: QEMU Standard PC (i440FX + PIIX, 1996), BIOS rel-1.14.0-0-g155821a1990b-prebuilt.qemu.org 04/01/2014
[   38.411729] RIP: 0010:kthread_stop+0x353/0x360
[   38.411985] Code: 00 4c 89 ef e8 1e e2 c0 00 e9 1f fe ff ff e8 34 f4 16 00 be 02 00 00 00 4c 89 ef e8 07 e2 c0 00 e9 5c fd ff ff e8 1d f4 16 00 <0f> 0b e9 73 fd ff ff 66 0f 1f 44 00 00 90 90 90 90 90 90 90 90 90
[   38.412984] RSP: 0018:ffffc90001ec7da8 EFLAGS: 00010246
[   38.413276] RAX: 0000000000000000 RBX: ffff8880152d0000 RCX: ffffffff81167544
[   38.413662] RDX: 0000000000000000 RSI: ffff8880150b0000 RDI: 0000000000000002
[   38.414045] RBP: ffffc90001ec7dc8 R08: 0000000000000000 R09: 0000000000000000
[   38.414430] R10: ffffc90001ec7dc8 R11: 0000000000000000 R12: 0000000000000000
[   38.414815] R13: ffff8880152d0028 R14: ffff8880152a8ae0 R15: ffff888007094488
[   38.415200] FS:  00007f1ea7879800(0000) GS:ffff88807dd00000(0000) knlGS:0000000000000000
[   38.415638] CS:  0010 DS: 0000 ES: 0000 CR0: 0000000080050033
[   38.415957] CR2: 00007fddf3b887a0 CR3: 000000000f01e001 CR4: 0000000000770ee0
[   38.416348] DR0: 0000000000000000 DR1: 0000000000000000 DR2: 0000000000000000
[   38.416733] DR3: 0000000000000000 DR6: 00000000ffff07f0 DR7: 0000000000000400
[   38.417155] PKRU: 55555554
[   38.417313] Call Trace:
[   38.417460]  <TASK>
[   38.417592]  hwrng_unregister+0x182/0x210
[   38.417826]  tpm_chip_unregister+0x1cc/0x1f0
[   38.418077]  ? __pfx_vtpm_proxy_fops_release+0x10/0x10
[   38.418380]  vtpm_proxy_fops_release+0x8f/0xa0
[   38.418643]  __fput+0x11f/0x450
[   38.418844]  ____fput+0x1e/0x30
[   38.419041]  task_work_run+0xb6/0x120
[   38.419263]  exit_to_user_mode_prepare+0x200/0x210
[   38.419538]  syscall_exit_to_user_mode+0x2d/0x60
[   38.419801]  do_syscall_64+0x4a/0x90
[   38.420020]  entry_SYSCALL_64_after_hwframe+0x72/0xdc
[   38.420307] RIP: 0033:0x7f1ea7a89e37
[   38.420515] Code: 12 b8 03 00 00 00 0f 05 48 3d 00 f0 ff ff 77 3b c3 66 90 53 89 fb 48 83 ec 10 e8 d4 fb ff ff 89 c2 89 df b8 03 00 00 00 0f 05 <48> 3d 00 f0 ff ff 77 2b 89 d7 89 44 24 0c e8 16 fc ff ff 8b 44 24
[   38.421527] RSP: 002b:00007fff36a4d960 EFLAGS: 00000293 ORIG_RAX: 0000000000000003
[   38.421949] RAX: 0000000000000000 RBX: 0000000000000004 RCX: 00007f1ea7a89e37
[   38.422349] RDX: 0000000000000000 RSI: 0000000000000080 RDI: 0000000000000004
[   38.422747] RBP: 00007fff36a4d990 R08: 0000000000000000 R09: 0000000000000032
[   38.423148] R10: 00007fff36a4d960 R11: 0000000000000293 R12: 0000000000402400
[   38.423556] R13: 00007fff36a4db20 R14: 0000000000000000 R15: 0000000000000000
[   38.423968]  </TASK>
[   38.424108] irq event stamp: 0
[   38.424292] hardirqs last  enabled at (0): [<0000000000000000>] 0x0
[   38.424647] hardirqs last disabled at (0): [<ffffffff81113b14>] copy_process+0x1294/0x2c60
[   38.425158] softirqs last  enabled at (0): [<ffffffff81113b18>] copy_process+0x1298/0x2c60
[   38.425628] softirqs last disabled at (0): [<0000000000000000>] 0x0
[   38.425979] ---[ end trace 0000000000000000 ]---
[   38.426254] BUG: kernel NULL pointer dereference, address: 0000000000000000
[   38.426645] #PF: supervisor write access in kernel mode
[   38.426942] #PF: error_code(0x0002) - not-present page
[   38.427229] PGD d49c067 P4D d49c067 PUD bdb4067 PMD 0 
[   38.427542] Oops: 0002 [#2] PREEMPT SMP NOPTI
[   38.427803] CPU: 1 PID: 4062 Comm: repro Tainted: G      D W          6.3.0-f968e3c2493f+ #1
[   38.428283] Hardware name: QEMU Standard PC (i440FX + PIIX, 1996), BIOS rel-1.14.0-0-g155821a1990b-prebuilt.qemu.org 04/01/2014
[   38.428930] RIP: 0010:kthread_stop+0xd9/0x360
[   38.429205] Code: 44 8b 63 2c 31 ff 41 81 e4 00 00 20 00 44 89 e6 e8 8c f8 16 00 45 85 e4 0f 84 81 02 00 00 e8 9e f6 16 00 4c 8b a3 40 0a 00 00 <f0> 41 80 0c 24 02 48 89 df e8 f9 f1 ff ff f0 80 4b 02 02 48 89 df
[   38.430234] RSP: 0018:ffffc90001ec7da8 EFLAGS: 00010246
[   38.430540] RAX: 0000000000000000 RBX: ffff8880152d0000 RCX: ffffffff81167544
[   38.430952] RDX: 0000000000000000 RSI: ffff8880150b0000 RDI: 0000000000000002
[   38.431375] RBP: ffffc90001ec7dc8 R08: 0000000000000000 R09: 0000000000000000
[   38.431807] R10: ffffc90001ec7dc8 R11: 0000000000000000 R12: 0000000000000000
[   38.432254] R13: ffff8880152d0028 R14: ffff8880152a8ae0 R15: ffff888007094488
[   38.432719] FS:  00007f1ea7879800(0000) GS:ffff88807dd00000(0000) knlGS:0000000000000000
[   38.433251] CS:  0010 DS: 0000 ES: 0000 CR0: 0000000080050033
[   38.433627] CR2: 0000000000000000 CR3: 000000000f01e001 CR4: 0000000000770ee0
[   38.434094] DR0: 0000000000000000 DR1: 0000000000000000 DR2: 0000000000000000
[   38.434571] DR3: 0000000000000000 DR6: 00000000ffff07f0 DR7: 0000000000000400
[   38.435035] PKRU: 55555554
[   38.435228] Call Trace:
[   38.435403]  <TASK>
[   38.435559]  hwrng_unregister+0x182/0x210
[   38.435832]  tpm_chip_unregister+0x1cc/0x1f0
[   38.436126]  ? __pfx_vtpm_proxy_fops_release+0x10/0x10
[   38.436471]  vtpm_proxy_fops_release+0x8f/0xa0
[   38.436768]  __fput+0x11f/0x450
[   38.436991]  ____fput+0x1e/0x30
[   38.437232]  task_work_run+0xb6/0x120
[   38.437481]  exit_to_user_mode_prepare+0x200/0x210
[   38.437798]  syscall_exit_to_user_mode+0x2d/0x60
[   38.438104]  do_syscall_64+0x4a/0x90
[   38.438352]  entry_SYSCALL_64_after_hwframe+0x72/0xdc
[   38.438674] RIP: 0033:0x7f1ea7a89e37
[   38.438915] Code: 12 b8 03 00 00 00 0f 05 48 3d 00 f0 ff ff 77 3b c3 66 90 53 89 fb 48 83 ec 10 e8 d4 fb ff ff 89 c2 89 df b8 03 00 00 00 0f 05 <48> 3d 00 f0 ff ff 77 2b 89 d7 89 44 24 0c e8 16 fc ff ff 8b 44 24
[   38.440098] RSP: 002b:00007fff36a4d960 EFLAGS: 00000293 ORIG_RAX: 0000000000000003
[   38.440588] RAX: 0000000000000000 RBX: 0000000000000004 RCX: 00007f1ea7a89e37
[   38.441046] RDX: 0000000000000000 RSI: 0000000000000080 RDI: 0000000000000004
[   38.441525] RBP: 00007fff36a4d990 R08: 0000000000000000 R09: 0000000000000032
[   38.441999] R10: 00007fff36a4d960 R11: 0000000000000293 R12: 0000000000402400
[   38.442478] R13: 00007fff36a4db20 R14: 0000000000000000 R15: 0000000000000000
[   38.442957]  </TASK>
[   38.443110] Modules linked in:
[   38.443335] CR2: 0000000000000000
[   38.443564] ---[ end trace 0000000000000000 ]---
[   38.443853] RIP: 0010:kthread_stop+0xd9/0x360
[   38.444159] Code: 44 8b 63 2c 31 ff 41 81 e4 00 00 20 00 44 89 e6 e8 8c f8 16 00 45 85 e4 0f 84 81 02 00 00 e8 9e f6 16 00 4c 8b a3 40 0a 00 00 <f0> 41 80 0c 24 02 48 89 df e8 f9 f1 ff ff f0 80 4b 02 02 48 89 df
[   38.445411] RSP: 0018:ffffc90001ebfda8 EFLAGS: 00010246
[   38.445761] RAX: 0000000000000000 RBX: ffff8880152d0000 RCX: ffffffff81167544
[   38.446232] RDX: 0000000000000000 RSI: ffff8880152dc680 RDI: 0000000000000002
[   38.446700] RBP: ffffc90001ebfdc8 R08: 0000000000000001 R09: 0000000000000001
[   38.447165] R10: 0000000000000000 R11: 0000000000000000 R12: 0000000000000000
[   38.447630] R13: ffff8880152d0028 R14: ffff8880151ccae0 R15: ffff888007094488
[   38.448103] FS:  00007f1ea7879800(0000) GS:ffff88807dd00000(0000) knlGS:0000000000000000
[   38.448631] CS:  0010 DS: 0000 ES: 0000 CR0: 0000000080050033
[   38.449006] CR2: 0000000000000000 CR3: 000000000f01e001 CR4: 0000000000770ee0
[   38.449499] DR0: 0000000000000000 DR1: 0000000000000000 DR2: 0000000000000000
[   38.449980] DR3: 0000000000000000 DR6: 00000000ffff07f0 DR7: 0000000000000400
[   38.450448] PKRU: 55555554
[   38.450628] note: repro[4062] exited with irqs disabled
[   38.486968] tpm tpm2: Operation Canceled
[   38.493387] ------------[ cut here ]------------
[   38.493820] WARNING: CPU: 0 PID: 4089 at kernel/kthread.c:75 kthread_stop+0x353/0x360
[   38.494408] Modules linked in:
[   38.494630] CPU: 0 PID: 4089 Comm: repro Tainted: G      D W          6.3.0-f968e3c2493f+ #1
[   38.495226] Hardware name: QEMU Standard PC (i440FX + PIIX, 1996), BIOS rel-1.14.0-0-g155821a1990b-prebuilt.qemu.org 04/01/2014
[   38.496050] RIP: 0010:kthread_stop+0x353/0x360
[   38.496382] Code: 00 4c 89 ef e8 1e e2 c0 00 e9 1f fe ff ff e8 34 f4 16 00 be 02 00 00 00 4c 89 ef e8 07 e2 c0 00 e9 5c fd ff ff e8 1d f4 16 00 <0f> 0b e9 73 fd ff ff 66 0f 1f 44 00 00 90 90 90 90 90 90 90 90 90
[   38.497730] RSP: 0018:ffffc90001f47da8 EFLAGS: 00010246
[   38.498122] RAX: 0000000000000000 RBX: ffff8880152d0000 RCX: ffffffff81167544
[   38.498649] RDX: 0000000000000000 RSI: ffff8880150a0000 RDI: 0000000000000002
[   38.499151] RBP: ffffc90001f47dc8 R08: 0000000000000000 R09: 0000000000000000
[   38.499661] R10: ffffc90001f47dc8 R11: 0000000000000000 R12: 0000000000000000
[   38.500149] R13: ffff8880152d0028 R14: ffff8880152a9ae0 R15: ffff888007094488
[   38.500669] FS:  00007f1ea7879800(0000) GS:ffff88807dc00000(0000) knlGS:0000000000000000
[   38.501282] CS:  0010 DS: 0000 ES: 0000 CR0: 0000000080050033
[   38.501714] CR2: 00007fff36a4d9a8 CR3: 000000000aedc004 CR4: 0000000000770ef0
[   38.502214] DR0: 0000000000000000 DR1: 0000000000000000 DR2: 0000000000000000
[   38.502727] DR3: 0000000000000000 DR6: 00000000ffff07f0 DR7: 0000000000000400
[   38.503238] PKRU: 55555554
[   38.503437] Call Trace:
[   38.503631]  <TASK>
[   38.503694] tpm tpm3: Operation Canceled
[   38.503801]  hwrng_unregister+0x182/0x210
[   38.504355] ------------[ cut here ]------------
[   38.504443]  tpm_chip_unregister+0x1cc/0x1f0
[   38.504801] WARNING: CPU: 1 PID: 4099 at kernel/kthread.c:75 kthread_stop+0x353/0x360
[   38.505108]  ? __pfx_vtpm_proxy_fops_release+0x10/0x10
[   38.505641] Modules linked in:
[   38.505649] CPU: 1 PID: 4099 Comm: repro Tainted: G      D W          6.3.0-f968e3c2493f+ #1
[   38.506019]  vtpm_proxy_fops_release+0x8f/0xa0
[   38.506231] Hardware name: QEMU Standard PC (i440FX + PIIX, 1996), BIOS rel-1.14.0-0-g155821a1990b-prebuilt.qemu.org 04/01/2014
[   38.506834]  __fput+0x11f/0x450
[   38.507154] RIP: 0010:kthread_stop+0x353/0x360
[   38.507940]  ____fput+0x1e/0x30
[   38.508151] Code: 00 4c 89 ef e8 1e e2 c0 00 e9 1f fe ff ff e8 34 f4 16 00 be 02 00 00 00 4c 89 ef e8 07 e2 c0 00 e9 5c fd ff ff e8 1d f4 16 00 <0f> 0b e9 73 fd ff ff 66 0f 1f 44 00 00 90 90 90 90 90 90 90 90 90
[   38.508469]  task_work_run+0xb6/0x120
[   38.508684] RSP: 0018:ffffc90001f87da8 EFLAGS: 00010246
[   38.510012]  exit_to_user_mode_prepare+0x200/0x210
[   38.510255] 
[   38.510259] RAX: 0000000000000000 RBX: ffff8880152d0000 RCX: ffffffff81167544
[   38.510627]  syscall_exit_to_user_mode+0x2d/0x60
[   38.510938] RDX: 0000000000000000 RSI: ffff888018538000 RDI: 0000000000000002
[   38.511057]  do_syscall_64+0x4a/0x90
[   38.511524] RBP: ffffc90001f87dc8 R08: 0000000000000000 R09: 0000000000000000
[   38.511861]  entry_SYSCALL_64_after_hwframe+0x72/0xdc
[   38.512327] R10: ffffc90001f87dc8 R11: 0000000000000000 R12: 0000000000000000
[   38.512596] RIP: 0033:0x7f1ea7a89e37
[   38.513084] R13: ffff8880152d0028 R14: ffff8880151cbae0 R15: ffff888007094488
[   38.513428] Code: 12 b8 03 00 00 00 0f 05 48 3d 00 f0 ff ff 77 3b c3 66 90 53 89 fb 48 83 ec 10 e8 d4 fb ff ff 89 c2 89 df b8 03 00 00 00 0f 05 <48> 3d 00 f0 ff ff 77 2b 89 d7 89 44 24 0c e8 16 fc ff ff 8b 44 24
[   38.513879] FS:  00007f1ea7879800(0000) GS:ffff88807dd00000(0000) knlGS:0000000000000000
[   38.514143] RSP: 002b:00007fff36a4d960 EFLAGS: 00000293
[   38.514604] CS:  0010 DS: 0000 ES: 0000 CR0: 0000000080050033
[   38.515843]  ORIG_RAX: 0000000000000003
[   38.516360] CR2: 00007f6e1e800260 CR3: 000000000dc96006 CR4: 0000000000770ee0
[   38.516727] RAX: 0000000000000000 RBX: 0000000000000004 RCX: 00007f1ea7a89e37
[   38.517144] DR0: 0000000000000000 DR1: 0000000000000000 DR2: 0000000000000000
[   38.517419] RDX: 0000000000000000 RSI: 0000000000000080 RDI: 0000000000000004
[   38.517872] DR3: 0000000000000000 DR6: 00000000ffff07f0 DR7: 0000000000000400
[   38.518368] RBP: 00007fff36a4d990 R08: 0000000000000000 R09: 0000000000000032
[   38.518841] PKRU: 55555554
[   38.519324] R10: 00007fff36a4d960 R11: 0000000000000293 R12: 0000000000402400
[   38.519774] Call Trace:
[   38.520258] R13: 00007fff36a4db20 R14: 0000000000000000 R15: 0000000000000000
[   38.520439]  <TASK>
[   38.520934]  </TASK>
[   38.521123]  hwrng_unregister+0x182/0x210
[   38.521592] irq event stamp: 0
[   38.521742]  tpm_chip_unregister+0x1cc/0x1f0
[   38.521903] hardirqs last  enabled at (0): [<0000000000000000>] 0x0
[   38.522168]  ? __pfx_vtpm_proxy_fops_release+0x10/0x10
[   38.522388] hardirqs last disabled at (0): [<ffffffff81113b14>] copy_process+0x1294/0x2c60
[   38.522676]  vtpm_proxy_fops_release+0x8f/0xa0
[   38.523109] softirqs last  enabled at (0): [<ffffffff81113b18>] copy_process+0x1298/0x2c60
[   38.523451]  __fput+0x11f/0x450
[   38.524005] softirqs last disabled at (0): [<0000000000000000>] 0x0
[   38.524312]  ____fput+0x1e/0x30
[   38.524884] ---[ end trace 0000000000000000 ]---
[   38.525220]  task_work_run+0xb6/0x120
[   38.525652] BUG: kernel NULL pointer dereference, address: 0000000000000000
[   38.525861]  exit_to_user_mode_prepare+0x200/0x210
[   38.526194] #PF: supervisor write access in kernel mode
[   38.526450]  syscall_exit_to_user_mode+0x2d/0x60
[   38.526925] #PF: error_code(0x0002) - not-present page
[   38.527247]  do_syscall_64+0x4a/0x90
[   38.527610] PGD aea2067 
[   38.527921]  entry_SYSCALL_64_after_hwframe+0x72/0xdc
[   38.528271] P4D aea2067 
[   38.528521] RIP: 0033:0x7f1ea7a89e37
[   38.528708] PUD 18506067 
[   38.529115] Code: 12 b8 03 00 00 00 0f 05 48 3d 00 f0 ff ff 77 3b c3 66 90 53 89 fb 48 83 ec 10 e8 d4 fb ff ff 89 c2 89 df b8 03 00 00 00 0f 05 <48> 3d 00 f0 ff ff 77 2b 89 d7 89 44 24 0c e8 16 fc ff ff 8b 44 24
[   38.529272] PMD 0 
[   38.529525] RSP: 002b:00007fff36a4d960 EFLAGS: 00000293
[   38.529715] 
[   38.529720] Oops: 0002 [#3] PREEMPT SMP NOPTI
[   38.530915]  ORIG_RAX: 0000000000000003
[   38.531073] CPU: 0 PID: 4089 Comm: repro Tainted: G      D W          6.3.0-f968e3c2493f+ #1
[   38.531421] RAX: 0000000000000000 RBX: 0000000000000004 RCX: 00007f1ea7a89e37
[   38.531540] Hardware name: QEMU Standard PC (i440FX + PIIX, 1996), BIOS rel-1.14.0-0-g155821a1990b-prebuilt.qemu.org 04/01/2014
[   38.531832] RDX: 0000000000000000 RSI: 0000000000000080 RDI: 0000000000000004
[   38.532105] RIP: 0010:kthread_stop+0xd9/0x360
[   38.532645] RBP: 00007fff36a4d990 R08: 0000000000000000 R09: 0000000000000032
[   38.533138] Code: 44 8b 63 2c 31 ff 41 81 e4 00 00 20 00 44 89 e6 e8 8c f8 16 00 45 85 e4 0f 84 81 02 00 00 e8 9e f6 16 00 4c 8b a3 40 0a 00 00 <f0> 41 80 0c 24 02 48 89 df e8 f9 f1 ff ff f0 80 4b 02 02 48 89 df
[   38.533152] RSP: 0018:ffffc90001f47da8 EFLAGS: 00010246
[   38.533162] RAX: 0000000000000000 RBX: ffff8880152d0000 RCX: ffffffff81167544
[   38.533867] R10: 00007fff36a4d960 R11: 0000000000000293 R12: 0000000000402400
[   38.534349] RDX: 0000000000000000 RSI: ffff8880150a0000 RDI: 0000000000000002
[   38.534640] R13: 00007fff36a4db20 R14: 0000000000000000 R15: 0000000000000000
[   38.535125] RBP: ffffc90001f47dc8 R08: 0000000000000000 R09: 0000000000000000
[   38.536297]  </TASK>
[   38.536645] R10: ffffc90001f47dc8 R11: 0000000000000000 R12: 0000000000000000
[   38.537126] irq event stamp: 0
[   38.537582] R13: ffff8880152d0028 R14: ffff8880152a9ae0 R15: ffff888007094488
[   38.538039] hardirqs last  enabled at (0): [<0000000000000000>] 0x0
[   38.538514] FS:  00007f1ea7879800(0000) GS:ffff88807dc00000(0000) knlGS:0000000000000000
[   38.538967] hardirqs last disabled at (0): [<ffffffff81113b14>] copy_process+0x1294/0x2c60
[   38.539126] CS:  0010 DS: 0000 ES: 0000 CR0: 0000000080050033
[   38.539574] softirqs last  enabled at (0): [<ffffffff81113b18>] copy_process+0x1298/0x2c60
[   38.539789] CR2: 0000000000000000 CR3: 000000000aedc004 CR4: 0000000000770ef0
[   38.540242] softirqs last disabled at (0): [<0000000000000000>] 0x0
[   38.540674] DR0: 0000000000000000 DR1: 0000000000000000 DR2: 0000000000000000
[   38.541224] ---[ end trace 0000000000000000 ]---
[   38.541744] DR3: 0000000000000000 DR6: 00000000ffff07f0 DR7: 0000000000000400
[   38.544826] PKRU: 55555554
[   38.545021] Call Trace:
[   38.545214]  <TASK>
[   38.545378]  hwrng_unregister+0x182/0x210
[   38.545675]  tpm_chip_unregister+0x1cc/0x1f0
[   38.545983]  ? __pfx_vtpm_proxy_fops_release+0x10/0x10
[   38.546337]  vtpm_proxy_fops_release+0x8f/0xa0
[   38.546664]  __fput+0x11f/0x450
[   38.546908]  ____fput+0x1e/0x30
[   38.547149]  task_work_run+0xb6/0x120
[   38.547409]  exit_to_user_mode_prepare+0x200/0x210
[   38.547754]  syscall_exit_to_user_mode+0x2d/0x60
[   38.548090]  do_syscall_64+0x4a/0x90
[   38.548351]  entry_SYSCALL_64_after_hwframe+0x72/0xdc
[   38.548715] RIP: 0033:0x7f1ea7a89e37
[   38.548967] Code: 12 b8 03 00 00 00 0f 05 48 3d 00 f0 ff ff 77 3b c3 66 90 53 89 fb 48 83 ec 10 e8 d4 fb ff ff 89 c2 89 df b8 03 00 00 00 0f 05 <48> 3d 00 f0 ff ff 77 2b 89 d7 89 44 24 0c e8 16 fc ff ff 8b 44 24
[   38.550224] RSP: 002b:00007fff36a4d960 EFLAGS: 00000293 ORIG_RAX: 0000000000000003
[   38.550754] RAX: 0000000000000000 RBX: 0000000000000004 RCX: 00007f1ea7a89e37
[   38.551257] RDX: 0000000000000000 RSI: 0000000000000080 RDI: 0000000000000004
[   38.551753] RBP: 00007fff36a4d990 R08: 0000000000000000 R09: 0000000000000032
[   38.552239] R10: 00007fff36a4d960 R11: 0000000000000293 R12: 0000000000402400
[   38.552734] R13: 00007fff36a4db20 R14: 0000000000000000 R15: 0000000000000000
[   38.553242]  </TASK>
[   38.553405] Modules linked in:
[   38.553638] CR2: 0000000000000000
[   38.553890] ---[ end trace 0000000000000000 ]---
[   38.553941] BUG: kernel NULL pointer dereference, address: 0000000000000000
[   38.554222] RIP: 0010:kthread_stop+0xd9/0x360
[   38.554706] #PF: supervisor write access in kernel mode
[   38.555042] Code: 44 8b 63 2c 31 ff 41 81 e4 00 00 20 00 44 89 e6 e8 8c f8 16 00 45 85 e4 0f 84 81 02 00 00 e8 9e f6 16 00 4c 8b a3 40 0a 00 00 <f0> 41 80 0c 24 02 48 89 df e8 f9 f1 ff ff f0 80 4b 02 02 48 89 df
[   38.555388] #PF: error_code(0x0002) - not-present page
[   38.556688] RSP: 0018:ffffc90001ebfda8 EFLAGS: 00010246
[   38.557030] PGD df53067 
[   38.557032] 
[   38.557036] RAX: 0000000000000000 RBX: ffff8880152d0000 RCX: ffffffff81167544
[   38.557401] P4D df53067 
[   38.557584] RDX: 0000000000000000 RSI: ffff8880152dc680 RDI: 0000000000000002
[   38.557698] PUD afb0067 
[   38.558190] RBP: ffffc90001ebfdc8 R08: 0000000000000001 R09: 0000000000000001
[   38.558368] PMD 0 
[   38.558861] R10: 0000000000000000 R11: 0000000000000000 R12: 0000000000000000
[   38.559036] 
[   38.559041] Oops: 0002 [#4] PREEMPT SMP NOPTI
[   38.559519] R13: ffff8880152d0028 R14: ffff8880151ccae0 R15: ffff888007094488
[   38.559655] CPU: 1 PID: 4099 Comm: repro Tainted: G      D W          6.3.0-f968e3c2493f+ #1
[   38.560131] FS:  00007f1ea7879800(0000) GS:ffff88807dc00000(0000) knlGS:0000000000000000
[   38.560246] Hardware name: QEMU Standard PC (i440FX + PIIX, 1996), BIOS rel-1.14.0-0-g155821a1990b-prebuilt.qemu.org 04/01/2014
[   38.560547] CS:  0010 DS: 0000 ES: 0000 CR0: 0000000080050033
[   38.561017] RIP: 0010:kthread_stop+0xd9/0x360
[   38.561587] CR2: 0000000000000000 CR3: 000000000aedc004 CR4: 0000000000770ef0
[   38.562118] Code: 44 8b 63 2c 31 ff 41 81 e4 00 00 20 00 44 89 e6 e8 8c f8 16 00 45 85 e4 0f 84 81 02 00 00 e8 9e f6 16 00 4c 8b a3 40 0a 00 00 <f0> 41 80 0c 24 02 48 89 df e8 f9 f1 ff ff f0 80 4b 02 02 48 89 df
[   38.562876] DR0: 0000000000000000 DR1: 0000000000000000 DR2: 0000000000000000
[   38.563249] RSP: 0018:ffffc90001f87da8 EFLAGS: 00010246
[   38.563549] DR3: 0000000000000000 DR6: 00000000ffff07f0 DR7: 0000000000000400
[   38.564007] 
[   38.564011] RAX: 0000000000000000 RBX: ffff8880152d0000 RCX: ffffffff81167544
[   38.565224] PKRU: 55555554
[   38.565693] RDX: 0000000000000000 RSI: ffff888018538000 RDI: 0000000000000002
[   38.566040] note: repro[4089] exited with irqs disabled
[   38.566492] RBP: ffffc90001f87dc8 R08: 0000000000000000 R09: 0000000000000000
[   38.568448] R10: ffffc90001f87dc8 R11: 0000000000000000 R12: 0000000000000000
[   38.568906] R13: ffff8880152d0028 R14: ffff8880151cbae0 R15: ffff888007094488
[   38.569378] FS:  00007f1ea7879800(0000) GS:ffff88807dd00000(0000) knlGS:0000000000000000
[   38.569891] CS:  0010 DS: 0000 ES: 0000 CR0: 0000000080050033
[   38.570260] CR2: 0000000000000000 CR3: 000000000dc96006 CR4: 0000000000770ee0
[   38.570725] DR0: 0000000000000000 DR1: 0000000000000000 DR2: 0000000000000000
[   38.571184] DR3: 0000000000000000 DR6: 00000000ffff07f0 DR7: 0000000000000400
[   38.571637] PKRU: 55555554
[   38.571816] Call Trace:
[   38.571991]  <TASK>
[   38.572134]  hwrng_unregister+0x182/0x210
[   38.572413]  tpm_chip_unregister+0x1cc/0x1f0
[   38.572705]  ? __pfx_vtpm_proxy_fops_release+0x10/0x10
[   38.573050]  vtpm_proxy_fops_release+0x8f/0xa0
[   38.573395]  __fput+0x11f/0x450
[   38.573618]  ____fput+0x1e/0x30
[   38.573844]  task_work_run+0xb6/0x120
[   38.574095]  exit_to_user_mode_prepare+0x200/0x210
[   38.574428]  syscall_exit_to_user_mode+0x2d/0x60
[   38.574748]  do_syscall_64+0x4a/0x90
[   38.574990]  entry_SYSCALL_64_after_hwframe+0x72/0xdc
[   38.575325] RIP: 0033:0x7f1ea7a89e37
[   38.575571] Code: 12 b8 03 00 00 00 0f 05 48 3d 00 f0 ff ff 77 3b c3 66 90 53 89 fb 48 83 ec 10 e8 d4 fb ff ff 89 c2 89 df b8 03 00 00 00 0f 05 <48> 3d 00 f0 ff ff 77 2b 89 d7 89 44 24 0c e8 16 fc ff ff 8b 44 24
[   38.576741] RSP: 002b:00007fff36a4d960 EFLAGS: 00000293 ORIG_RAX: 0000000000000003
[   38.577238] RAX: 0000000000000000 RBX: 0000000000000004 RCX: 00007f1ea7a89e37
[   38.577688] RDX: 0000000000000000 RSI: 0000000000000080 RDI: 0000000000000004
[   38.578145] RBP: 00007fff36a4d990 R08: 0000000000000000 R09: 0000000000000032
[   38.578614] R10: 00007fff36a4d960 R11: 0000000000000293 R12: 0000000000402400
[   38.579088] R13: 00007fff36a4db20 R14: 0000000000000000 R15: 0000000000000000
[   38.579562]  </TASK>
[   38.579724] Modules linked in:
[   38.579933] CR2: 0000000000000000
[   38.580161] ---[ end trace 0000000000000000 ]---
[   38.580470] RIP: 0010:kthread_stop+0xd9/0x360
[   38.580777] Code: 44 8b 63 2c 31 ff 41 81 e4 00 00 20 00 44 89 e6 e8 8c f8 16 00 45 85 e4 0f 84 81 02 00 00 e8 9e f6 16 00 4c 8b a3 40 0a 00 00 <f0> 41 80 0c 24 02 48 89 df e8 f9 f1 ff ff f0 80 4b 02 02 48 89 df
[   38.581939] RSP: 0018:ffffc90001ebfda8 EFLAGS: 00010246
[   38.582286] RAX: 0000000000000000 RBX: ffff8880152d0000 RCX: ffffffff81167544
[   38.582753] RDX: 0000000000000000 RSI: ffff8880152dc680 RDI: 0000000000000002
[   38.583214] RBP: ffffc90001ebfdc8 R08: 0000000000000001 R09: 0000000000000001
[   38.583668] R10: 0000000000000000 R11: 0000000000000000 R12: 0000000000000000
[   38.584130] R13: ffff8880152d0028 R14: ffff8880151ccae0 R15: ffff888007094488
[   38.584591] FS:  00007f1ea7879800(0000) GS:ffff88807dd00000(0000) knlGS:0000000000000000
[   38.585139] CS:  0010 DS: 0000 ES: 0000 CR0: 0000000080050033
[   38.585535] CR2: 0000000000000000 CR3: 000000000dc96006 CR4: 0000000000770ee0
[   38.586002] DR0: 0000000000000000 DR1: 0000000000000000 DR2: 0000000000000000
[   38.586475] DR3: 0000000000000000 DR6: 00000000ffff07f0 DR7: 0000000000000400
[   38.586937] PKRU: 55555554
[   38.587128] note: repro[4099] exited with irqs disabled
[   38.625693] tpm tpm4: Operation Canceled
[   38.626279] ------------[ cut here ]------------
[   38.626598] WARNING: CPU: 1 PID: 4118 at kernel/kthread.c:75 kthread_stop+0x353/0x360
[   38.627143] Modules linked in:
[   38.627351] CPU: 1 PID: 4118 Comm: repro Tainted: G      D W          6.3.0-f968e3c2493f+ #1
[   38.627911] Hardware name: QEMU Standard PC (i440FX + PIIX, 1996), BIOS rel-1.14.0-0-g155821a1990b-prebuilt.qemu.org 04/01/2014
[   38.628628] RIP: 0010:kthread_stop+0x353/0x360
[   38.628984] Code: 00 4c 89 ef e8 1e e2 c0 00 e9 1f fe ff ff e8 34 f4 16 00 be 02 00 00 00 4c 89 ef e8 07 e2 c0 00 e9 5c fd ff ff e8 1d f4 16 00 <0f> 0b e9 73 fd ff ff 66 0f 1f 44 00 00 90 90 90 90 90 90 90 90 90
[   38.630166] RSP: 0018:ffffc90001f77da8 EFLAGS: 00010246
[   38.630519] RAX: 0000000000000000 RBX: ffff8880152d0000 RCX: ffffffff81167544
[   38.630956] RDX: 0000000000000000 RSI: ffff8880152cc680 RDI: 0000000000000002
[   38.631431] RBP: ffffc90001f77dc8 R08: 0000000000000000 R09: 0000000000000000
[   38.631883] R10: ffffc90001f77dc8 R11: 0000000000000000 R12: 0000000000000000
[   38.632360] R13: ffff8880152d0028 R14: ffff8880151ceae0 R15: ffff888007094488
[   38.632852] FS:  00007f1ea7879800(0000) GS:ffff88807dd00000(0000) knlGS:0000000000000000
[   38.633408] CS:  0010 DS: 0000 ES: 0000 CR0: 0000000080050033
[   38.633787] CR2: 00007f5784ffb490 CR3: 000000001538c001 CR4: 0000000000770ee0
[   38.634262] DR0: 0000000000000000 DR1: 0000000000000000 DR2: 0000000000000000
[   38.634725] DR3: 0000000000000000 DR6: 00000000ffff07f0 DR7: 0000000000000400
[   38.635197] PKRU: 55555554
[   38.635380] Call Trace:
[   38.635550]  <TASK>
[   38.635703]  hwrng_unregister+0x182/0x210
[   38.635986]  tpm_chip_unregister+0x1cc/0x1f0
[   38.636280]  ? __pfx_vtpm_proxy_fops_release+0x10/0x10
[   38.636631]  vtpm_proxy_fops_release+0x8f/0xa0
[   38.636950]  __fput+0x11f/0x450
[   38.637191]  ____fput+0x1e/0x30
[   38.637408]  task_work_run+0xb6/0x120
[   38.637654]  exit_to_user_mode_prepare+0x200/0x210
[   38.637984]  syscall_exit_to_user_mode+0x2d/0x60
[   38.638287]  do_syscall_64+0x4a/0x90
[   38.638541]  entry_SYSCALL_64_after_hwframe+0x72/0xdc
[   38.638885] RIP: 0033:0x7f1ea7a89e37
[   38.639136] Code: 12 b8 03 00 00 00 0f 05 48 3d 00 f0 ff ff 77 3b c3 66 90 53 89 fb 48 83 ec 10 e8 d4 fb ff ff 89 c2 89 df b8 03 00 00 00 0f 05 <48> 3d 00 f0 ff ff 77 2b 89 d7 89 44 24 0c e8 16 fc ff ff 8b 44 24
[   38.640342] RSP: 002b:00007fff36a4d960 EFLAGS: 00000293 ORIG_RAX: 0000000000000003
[   38.640851] RAX: 0000000000000000 RBX: 0000000000000004 RCX: 00007f1ea7a89e37
[   38.641338] RDX: 0000000000000000 RSI: 0000000000000080 RDI: 0000000000000004
[   38.641794] RBP: 00007fff36a4d990 R08: 0000000000000000 R09: 0000000000000032
[   38.642243] R10: 00007fff36a4d960 R11: 0000000000000293 R12: 0000000000402400
[   38.642719] R13: 00007fff36a4db20 R14: 0000000000000000 R15: 0000000000000000
[   38.643195]  </TASK>
[   38.643349] irq event stamp: 0
[   38.643554] hardirqs last  enabled at (0): [<0000000000000000>] 0x0
[   38.643953] hardirqs last disabled at (0): [<ffffffff81113b14>] copy_process+0x1294/0x2c60
[   38.644510] softirqs last  enabled at (0): [<ffffffff81113b18>] copy_process+0x1298/0x2c60
[   38.645097] softirqs last disabled at (0): [<0000000000000000>] 0x0
[   38.645506] ---[ end trace 0000000000000000 ]---
[   38.645826] BUG: kernel NULL pointer dereference, address: 0000000000000000
[   38.646265] #PF: supervisor write access in kernel mode
[   38.646607] #PF: error_code(0x0002) - not-present page
[   38.646955] PGD de75067 P4D de75067 PUD af2c067 PMD 0 
[   38.647309] Oops: 0002 [#5] PREEMPT SMP NOPTI
[   38.647609] CPU: 1 PID: 4118 Comm: repro Tainted: G      D W          6.3.0-f968e3c2493f+ #1
[   38.648164] Hardware name: QEMU Standard PC (i440FX + PIIX, 1996), BIOS rel-1.14.0-0-g155821a1990b-prebuilt.qemu.org 04/01/2014
[   38.648890] RIP: 0010:kthread_stop+0xd9/0x360
[   38.649195] Code: 44 8b 63 2c 31 ff 41 81 e4 00 00 20 00 44 89 e6 e8 8c f8 16 00 45 85 e4 0f 84 81 02 00 00 e8 9e f6 16 00 4c 8b a3 40 0a 00 00 <f0> 41 80 0c 24 02 48 89 df e8 f9 f1 ff ff f0 80 4b 02 02 48 89 df
[   38.650387] RSP: 0018:ffffc90001f77da8 EFLAGS: 00010246
[   38.650735] RAX: 0000000000000000 RBX: ffff8880152d0000 RCX: ffffffff81167544
[   38.651201] RDX: 0000000000000000 RSI: ffff8880152cc680 RDI: 0000000000000002
[   38.651678] RBP: ffffc90001f77dc8 R08: 0000000000000000 R09: 0000000000000000
[   38.652124] R10: ffffc90001f77dc8 R11: 0000000000000000 R12: 0000000000000000
[   38.652591] R13: ffff8880152d0028 R14: ffff8880151ceae0 R15: ffff888007094488
[   38.653067] FS:  00007f1ea7879800(0000) GS:ffff88807dd00000(0000) knlGS:0000000000000000
[   38.653602] CS:  0010 DS: 0000 ES: 0000 CR0: 0000000080050033
[   38.653981] CR2: 0000000000000000 CR3: 000000001538c001 CR4: 0000000000770ee0
[   38.654446] DR0: 0000000000000000 DR1: 0000000000000000 DR2: 0000000000000000
[   38.654914] DR3: 0000000000000000 DR6: 00000000ffff07f0 DR7: 0000000000000400
[   38.655375] PKRU: 55555554
[   38.655562] Call Trace:
[   38.655730]  <TASK>
[   38.655879]  hwrng_unregister+0x182/0x210
[   38.656155]  tpm_chip_unregister+0x1cc/0x1f0
[   38.656453]  ? __pfx_vtpm_proxy_fops_release+0x10/0x10
[   38.656804]  vtpm_proxy_fops_release+0x8f/0xa0
[   38.657124]  __fput+0x11f/0x450
[   38.657345]  ____fput+0x1e/0x30
[   38.657580]  task_work_run+0xb6/0x120
[   38.657838]  exit_to_user_mode_prepare+0x200/0x210
[   38.658156]  syscall_exit_to_user_mode+0x2d/0x60
[   38.658468]  do_syscall_64+0x4a/0x90
[   38.658725]  entry_SYSCALL_64_after_hwframe+0x72/0xdc
[   38.659068] RIP: 0033:0x7f1ea7a89e37
[   38.659312] Code: 12 b8 03 00 00 00 0f 05 48 3d 00 f0 ff ff 77 3b c3 66 90 53 89 fb 48 83 ec 10 e8 d4 fb ff ff 89 c2 89 df b8 03 00 00 00 0f 05 <48> 3d 00 f0 ff ff 77 2b 89 d7 89 44 24 0c e8 16 fc ff ff 8b 44 24
[   38.660504] RSP: 002b:00007fff36a4d960 EFLAGS: 00000293 ORIG_RAX: 0000000000000003
[   38.660989] RAX: 0000000000000000 RBX: 0000000000000004 RCX: 00007f1ea7a89e37
[   38.661475] RDX: 0000000000000000 RSI: 0000000000000080 RDI: 0000000000000004
[   38.661935] RBP: 00007fff36a4d990 R08: 0000000000000000 R09: 0000000000000032
[   38.662400] R10: 00007fff36a4d960 R11: 0000000000000293 R12: 0000000000402400
[   38.662867] R13: 00007fff36a4db20 R14: 0000000000000000 R15: 0000000000000000
[   38.663340]  </TASK>
[   38.663493] Modules linked in:
[   38.663713] CR2: 0000000000000000
[   38.663947] ---[ end trace 0000000000000000 ]---
[   38.664257] RIP: 0010:kthread_stop+0xd9/0x360
[   38.664556] Code: 44 8b 63 2c 31 ff 41 81 e4 00 00 20 00 44 89 e6 e8 8c f8 16 00 45 85 e4 0f 84 81 02 00 00 e8 9e f6 16 00 4c 8b a3 40 0a 00 00 <f0> 41 80 0c 24 02 48 89 df e8 f9 f1 ff ff f0 80 4b 02 02 48 89 df
[   38.665756] RSP: 0018:ffffc90001ebfda8 EFLAGS: 00010246
[   38.666110] RAX: 0000000000000000 RBX: ffff8880152d0000 RCX: ffffffff81167544
[   38.666569] RDX: 0000000000000000 RSI: ffff8880152dc680 RDI: 0000000000000002
[   38.667027] RBP: ffffc90001ebfdc8 R08: 0000000000000001 R09: 0000000000000001
[   38.667491] R10: 0000000000000000 R11: 0000000000000000 R12: 0000000000000000
[   38.667958] R13: ffff8880152d0028 R14: ffff8880151ccae0 R15: ffff888007094488
[   38.668417] FS:  00007f1ea7879800(0000) GS:ffff88807dd00000(0000) knlGS:0000000000000000
[   38.668918] CS:  0010 DS: 0000 ES: 0000 CR0: 0000000080050033
[   38.669306] CR2: 0000000000000000 CR3: 000000001538c001 CR4: 0000000000770ee0
[   38.669768] DR0: 0000000000000000 DR1: 0000000000000000 DR2: 0000000000000000
[   38.670223] DR3: 0000000000000000 DR6: 00000000ffff07f0 DR7: 0000000000000400
[   38.670687] PKRU: 55555554
[   38.670866] note: repro[4118] exited with irqs disabled
[   38.697829] tpm tpm5: Operation Canceled
[   38.698396] ------------[ cut here ]------------
[   38.698716] WARNING: CPU: 1 PID: 4138 at kernel/kthread.c:75 kthread_stop+0x353/0x360
[   38.699248] Modules linked in:
[   38.699460] CPU: 1 PID: 4138 Comm: repro Tainted: G      D W          6.3.0-f968e3c2493f+ #1
[   38.700009] Hardware name: QEMU Standard PC (i440FX + PIIX, 1996), BIOS rel-1.14.0-0-g155821a1990b-prebuilt.qemu.org 04/01/2014
[   38.700737] RIP: 0010:kthread_stop+0x353/0x360
[   38.701150] Code: 00 4c 89 ef e8 1e e2 c0 00 e9 1f fe ff ff e8 34 f4 16 00 be 02 00 00 00 4c 89 ef e8 07 e2 c0 00 e9 5c fd ff ff e8 1d f4 16 00 <0f> 0b e9 73 fd ff ff 66 0f 1f 44 00 00 90 90 90 90 90 90 90 90 90
[   38.702335] RSP: 0018:ffffc90001f7fda8 EFLAGS: 00010246
[   38.702683] RAX: 0000000000000000 RBX: ffff8880152d0000 RCX: ffffffff81167544
[   38.703360] RDX: 0000000000000000 RSI: ffff888015042340 RDI: 0000000000000002
[   38.704422] RBP: ffffc90001f7fdc8 R08: 0000000000000000 R09: 0000000000000000
[   38.704971] R10: ffffc90001f7fdc8 R11: 0000000000000000 R12: 0000000000000000
[   38.705477] R13: ffff8880152d0028 R14: ffff88800f2bcae0 R15: ffff888007094488
[   38.705942] FS:  00007f1ea7879800(0000) GS:ffff88807dd00000(0000) knlGS:0000000000000000
[   38.706454] CS:  0010 DS: 0000 ES: 0000 CR0: 0000000080050033
[   38.706837] CR2: 00007f1319221366 CR3: 000000000dfd0003 CR4: 0000000000770ee0
[   38.707554] DR0: 0000000000000000 DR1: 0000000000000000 DR2: 0000000000000000
[   38.708267] DR3: 0000000000000000 DR6: 00000000ffff07f0 DR7: 0000000000000400
[   38.708726] PKRU: 55555554
[   38.708938] Call Trace:
[   38.709120]  <TASK>
[   38.709273]  hwrng_unregister+0x182/0x210
[   38.709550]  tpm_chip_unregister+0x1cc/0x1f0
[   38.709850]  ? __pfx_vtpm_proxy_fops_release+0x10/0x10
[   38.710197]  vtpm_proxy_fops_release+0x8f/0xa0
[   38.710502]  __fput+0x11f/0x450
[   38.710730]  ____fput+0x1e/0x30
[   38.710954]  task_work_run+0xb6/0x120
[   38.711204]  exit_to_user_mode_prepare+0x200/0x210
[   38.711531]  syscall_exit_to_user_mode+0x2d/0x60
[   38.711833]  do_syscall_64+0x4a/0x90
[   38.712078]  entry_SYSCALL_64_after_hwframe+0x72/0xdc
[   38.712451] RIP: 0033:0x7f1ea7a89e37
[   38.712956] Code: 12 b8 03 00 00 00 0f 05 48 3d 00 f0 ff ff 77 3b c3 66 90 53 89 fb 48 83 ec 10 e8 d4 fb ff ff 89 c2 89 df b8 03 00 00 00 0f 05 <48> 3d 00 f0 ff ff 77 2b 89 d7 89 44 24 0c e8 16 fc ff ff 8b 44 24
[   38.714524] RSP: 002b:00007fff36a4d960 EFLAGS: 00000293 ORIG_RAX: 0000000000000003
[   38.715025] RAX: 0000000000000000 RBX: 0000000000000004 RCX: 00007f1ea7a89e37
[   38.715490] RDX: 0000000000000000 RSI: 0000000000000080 RDI: 0000000000000004
[   38.715948] RBP: 00007fff36a4d990 R08: 0000000000000000 R09: 0000000000000032
[   38.716432] R10: 00007fff36a4d960 R11: 0000000000000293 R12: 0000000000402400
[   38.716927] R13: 00007fff36a4db20 R14: 0000000000000000 R15: 0000000000000000
[   38.717460]  </TASK>
[   38.717616] irq event stamp: 0
[   38.717816] hardirqs last  enabled at (0): [<0000000000000000>] 0x0
[   38.718236] hardirqs last disabled at (0): [<ffffffff81113b14>] copy_process+0x1294/0x2c60
[   38.718801] softirqs last  enabled at (0): [<ffffffff81113b18>] copy_process+0x1298/0x2c60
[   38.719344] softirqs last disabled at (0): [<0000000000000000>] 0x0
[   38.719751] ---[ end trace 0000000000000000 ]---
[   38.720074] BUG: kernel NULL pointer dereference, address: 0000000000000000
[   38.720502] #PF: supervisor write access in kernel mode
[   38.720855] #PF: error_code(0x0002) - not-present page
[   38.721201] PGD bd35067 P4D bd35067 PUD 1530c067 PMD 0 
[   38.721553] Oops: 0002 [#6] PREEMPT SMP NOPTI
[   38.722019] CPU: 1 PID: 4138 Comm: repro Tainted: G      D W          6.3.0-f968e3c2493f+ #1
[   38.722904] Hardware name: QEMU Standard PC (i440FX + PIIX, 1996), BIOS rel-1.14.0-0-g155821a1990b-prebuilt.qemu.org 04/01/2014
[   38.723652] RIP: 0010:kthread_stop+0xd9/0x360
[   38.723945] Code: 44 8b 63 2c 31 ff 41 81 e4 00 00 20 00 44 89 e6 e8 8c f8 16 00 45 85 e4 0f 84 81 02 00 00 e8 9e f6 16 00 4c 8b a3 40 0a 00 00 <f0> 41 80 0c 24 02 48 89 df e8 f9 f1 ff ff f0 80 4b 02 02 48 89 df
[   38.725164] RSP: 0018:ffffc90001f7fda8 EFLAGS: 00010246
[   38.725515] RAX: 0000000000000000 RBX: ffff8880152d0000 RCX: ffffffff81167544
[   38.725981] RDX: 0000000000000000 RSI: ffff888015042340 RDI: 0000000000000002
[   38.726486] RBP: ffffc90001f7fdc8 R08: 0000000000000000 R09: 0000000000000000
[   38.727424] R10: ffffc90001f7fdc8 R11: 0000000000000000 R12: 0000000000000000
[   38.727880] R13: ffff8880152d0028 R14: ffff88800f2bcae0 R15: ffff888007094488
[   38.728338] FS:  00007f1ea7879800(0000) GS:ffff88807dd00000(0000) knlGS:0000000000000000
[   38.728862] CS:  0010 DS: 0000 ES: 0000 CR0: 0000000080050033
[   38.729241] CR2: 0000000000000000 CR3: 000000000dfd0003 CR4: 0000000000770ee0
[   38.729700] DR0: 0000000000000000 DR1: 0000000000000000 DR2: 0000000000000000
[   38.730134] DR3: 0000000000000000 DR6: 00000000ffff07f0 DR7: 0000000000000400
[   38.730783] PKRU: 55555554
[   38.731069] Call Trace:
[   38.731430]  <TASK>
[   38.731580]  hwrng_unregister+0x182/0x210
[   38.731853]  tpm_chip_unregister+0x1cc/0x1f0
[   38.732142]  ? __pfx_vtpm_proxy_fops_release+0x10/0x10
[   38.732474]  vtpm_proxy_fops_release+0x8f/0xa0
[   38.732777]  __fput+0x11f/0x450
[   38.732996]  ____fput+0x1e/0x30
[   38.733243]  task_work_run+0xb6/0x120
[   38.733497]  exit_to_user_mode_prepare+0x200/0x210
[   38.733811]  syscall_exit_to_user_mode+0x2d/0x60
[   38.734213]  do_syscall_64+0x4a/0x90
[   38.734704]  entry_SYSCALL_64_after_hwframe+0x72/0xdc
[   38.735034] RIP: 0033:0x7f1ea7a89e37
[   38.735269] Code: 12 b8 03 00 00 00 0f 05 48 3d 00 f0 ff ff 77 3b c3 66 90 53 89 fb 48 83 ec 10 e8 d4 fb ff ff 89 c2 89 df b8 03 00 00 00 0f 05 <48> 3d 00 f0 ff ff 77 2b 89 d7 89 44 24 0c e8 16 fc ff ff 8b 44 24
[   38.736414] RSP: 002b:00007fff36a4d960 EFLAGS: 00000293 ORIG_RAX: 0000000000000003
[   38.736896] RAX: 0000000000000000 RBX: 0000000000000004 RCX: 00007f1ea7a89e37
[   38.737364] RDX: 0000000000000000 RSI: 0000000000000080 RDI: 0000000000000004
[   38.737910] RBP: 00007fff36a4d990 R08: 0000000000000000 R09: 0000000000000032
[   38.738700] R10: 00007fff36a4d960 R11: 0000000000000293 R12: 0000000000402400
[   38.739153] R13: 00007fff36a4db20 R14: 0000000000000000 R15: 0000000000000000
[   38.739615]  </TASK>
[   38.739762] Modules linked in:
[   38.740064] CR2: 0000000000000000
[   38.740448] ---[ end trace 0000000000000000 ]---
[   38.740945] RIP: 0010:kthread_stop+0xd9/0x360
[   38.741255] Code: 44 8b 63 2c 31 ff 41 81 e4 00 00 20 00 44 89 e6 e8 8c f8 16 00 45 85 e4 0f 84 81 02 00 00 e8 9e f6 16 00 4c 8b a3 40 0a 00 00 <f0> 41 80 0c 24 02 48 89 df e8 f9 f1 ff ff f0 80 4b 02 02 48 89 df
[   38.742650] RSP: 0018:ffffc90001ebfda8 EFLAGS: 00010246
[   38.743163] RAX: 0000000000000000 RBX: ffff8880152d0000 RCX: ffffffff81167544
[   38.743618] RDX: 0000000000000000 RSI: ffff8880152dc680 RDI: 0000000000000002
[   38.744077] RBP: ffffc90001ebfdc8 R08: 0000000000000001 R09: 0000000000000001
[   38.744527] R10: 0000000000000000 R11: 0000000000000000 R12: 0000000000000000
[   38.745083] R13: ffff8880152d0028 R14: ffff8880151ccae0 R15: ffff888007094488
[   38.745975] FS:  00007f1ea7879800(0000) GS:ffff88807dd00000(0000) knlGS:0000000000000000
[   38.746466] CS:  0010 DS: 0000 ES: 0000 CR0: 0000000080050033
[   38.746838] CR2: 0000000000000000 CR3: 000000000dfd0003 CR4: 0000000000770ee0
[   38.747285] DR0: 0000000000000000 DR1: 0000000000000000 DR2: 0000000000000000
[   38.747722] DR3: 0000000000000000 DR6: 00000000ffff07f0 DR7: 0000000000000400
[   38.748169] PKRU: 55555554
[   38.748344] note: repro[4138] exited with irqs disabled
[   38.755138] tpm tpm6: Operation Canceled
[   38.755709] ------------[ cut here ]------------
[   38.755999] WARNING: CPU: 1 PID: 4145 at kernel/kthread.c:75 kthread_stop+0x353/0x360
[   38.756501] Modules linked in:
[   38.756708] CPU: 1 PID: 4145 Comm: repro Tainted: G      D W          6.3.0-f968e3c2493f+ #1
[   38.757338] Hardware name: QEMU Standard PC (i440FX + PIIX, 1996), BIOS rel-1.14.0-0-g155821a1990b-prebuilt.qemu.org 04/01/2014
[   38.758018] RIP: 0010:kthread_stop+0x353/0x360
[   38.758298] Code: 00 4c 89 ef e8 1e e2 c0 00 e9 1f fe ff ff e8 34 f4 16 00 be 02 00 00 00 4c 89 ef e8 07 e2 c0 00 e9 5c fd ff ff e8 1d f4 16 00 <0f> 0b e9 73 fd ff ff 66 0f 1f 44 00 00 90 90 90 90 90 90 90 90 90
[   38.759379] RSP: 0018:ffffc90001f37da8 EFLAGS: 00010246
[   38.759705] RAX: 0000000000000000 RBX: ffff8880152d0000 RCX: ffffffff81167544
[   38.760137] RDX: 0000000000000000 RSI: ffff88801505c680 RDI: 0000000000000002
[   38.760583] RBP: ffffc90001f37dc8 R08: 0000000000000000 R09: 0000000000000000
[   38.761046] R10: ffffc90001f37dc8 R11: 0000000000000000 R12: 0000000000000000
[   38.761520] R13: ffff8880152d0028 R14: ffff88800f2baae0 R15: ffff888007094488
[   38.761939] FS:  00007f1ea7879800(0000) GS:ffff88807dd00000(0000) knlGS:0000000000000000
[   38.762448] CS:  0010 DS: 0000 ES: 0000 CR0: 0000000080050033
[   38.762820] CR2: 00007f5338eda000 CR3: 0000000015388002 CR4: 0000000000770ee0
[   38.763273] DR0: 0000000000000000 DR1: 0000000000000000 DR2: 0000000000000000
[   38.763720] DR3: 0000000000000000 DR6: 00000000ffff07f0 DR7: 0000000000000400
[   38.764173] PKRU: 55555554
[   38.764362] Call Trace:
[   38.764523]  <TASK>
[   38.764672]  hwrng_unregister+0x182/0x210
[   38.764960]  tpm_chip_unregister+0x1cc/0x1f0
[   38.765243]  ? __pfx_vtpm_proxy_fops_release+0x10/0x10
[   38.765587]  vtpm_proxy_fops_release+0x8f/0xa0
[   38.765875]  __fput+0x11f/0x450
[   38.766092]  ____fput+0x1e/0x30
[   38.766297]  task_work_run+0xb6/0x120
[   38.766539]  exit_to_user_mode_prepare+0x200/0x210
[   38.766857]  syscall_exit_to_user_mode+0x2d/0x60
[   38.767149]  do_syscall_64+0x4a/0x90
[   38.767379]  entry_SYSCALL_64_after_hwframe+0x72/0xdc
[   38.767687] RIP: 0033:0x7f1ea7a89e37
[   38.767920] Code: 12 b8 03 00 00 00 0f 05 48 3d 00 f0 ff ff 77 3b c3 66 90 53 89 fb 48 83 ec 10 e8 d4 fb ff ff 89 c2 89 df b8 03 00 00 00 0f 05 <48> 3d 00 f0 ff ff 77 2b 89 d7 89 44 24 0c e8 16 fc ff ff 8b 44 24
[   38.769036] RSP: 002b:00007fff36a4d960 EFLAGS: 00000293 ORIG_RAX: 0000000000000003
[   38.769526] RAX: 0000000000000000 RBX: 0000000000000004 RCX: 00007f1ea7a89e37
[   38.769941] RDX: 0000000000000000 RSI: 0000000000000080 RDI: 0000000000000004
[   38.770384] RBP: 00007fff36a4d990 R08: 0000000000000000 R09: 0000000000000032
[   38.770828] R10: 00007fff36a4d960 R11: 0000000000000293 R12: 0000000000402400
[   38.771273] R13: 00007fff36a4db20 R14: 0000000000000000 R15: 0000000000000000
[   38.771719]  </TASK>
[   38.771870] irq event stamp: 0
[   38.772069] hardirqs last  enabled at (0): [<0000000000000000>] 0x0
[   38.772460] hardirqs last disabled at (0): [<ffffffff81113b14>] copy_process+0x1294/0x2c60
[   38.772977] softirqs last  enabled at (0): [<ffffffff81113b18>] copy_process+0x1298/0x2c60
[   38.773484] softirqs last disabled at (0): [<0000000000000000>] 0x0
[   38.773853] ---[ end trace 0000000000000000 ]---
[   38.774141] BUG: kernel NULL pointer dereference, address: 0000000000000000
[   38.774540] #PF: supervisor write access in kernel mode
[   38.774848] #PF: error_code(0x0002) - not-present page
[   38.775140] PGD 151a6067 P4D 151a6067 PUD f0e5067 PMD 0 
[   38.775451] Oops: 0002 [#7] PREEMPT SMP NOPTI
[   38.775711] CPU: 1 PID: 4145 Comm: repro Tainted: G      D W          6.3.0-f968e3c2493f+ #1
[   38.776211] Hardware name: QEMU Standard PC (i440FX + PIIX, 1996), BIOS rel-1.14.0-0-g155821a1990b-prebuilt.qemu.org 04/01/2014
[   38.776847] RIP: 0010:kthread_stop+0xd9/0x360
[   38.777105] Code: 44 8b 63 2c 31 ff 41 81 e4 00 00 20 00 44 89 e6 e8 8c f8 16 00 45 85 e4 0f 84 81 02 00 00 e8 9e f6 16 00 4c 8b a3 40 0a 00 00 <f0> 41 80 0c 24 02 48 89 df e8 f9 f1 ff ff f0 80 4b 02 02 48 89 df
[   38.778127] RSP: 0018:ffffc90001f37da8 EFLAGS: 00010246
[   38.778428] RAX: 0000000000000000 RBX: ffff8880152d0000 RCX: ffffffff81167544
[   38.778850] RDX: 0000000000000000 RSI: ffff88801505c680 RDI: 0000000000000002
[   38.779239] RBP: ffffc90001f37dc8 R08: 0000000000000000 R09: 0000000000000000
[   38.779638] R10: ffffc90001f37dc8 R11: 0000000000000000 R12: 0000000000000000
[   38.780051] R13: ffff8880152d0028 R14: ffff88800f2baae0 R15: ffff888007094488
[   38.780440] FS:  00007f1ea7879800(0000) GS:ffff88807dd00000(0000) knlGS:0000000000000000
[   38.780876] CS:  0010 DS: 0000 ES: 0000 CR0: 0000000080050033
[   38.781224] CR2: 0000000000000000 CR3: 0000000015388002 CR4: 0000000000770ee0
[   38.781645] DR0: 0000000000000000 DR1: 0000000000000000 DR2: 0000000000000000
[   38.782044] DR3: 0000000000000000 DR6: 00000000ffff07f0 DR7: 0000000000000400
[   38.782457] PKRU: 55555554
[   38.782633] Call Trace:
[   38.782781]  <TASK>
[   38.782913]  hwrng_unregister+0x182/0x210
[   38.783140]  tpm_chip_unregister+0x1cc/0x1f0
[   38.783397]  ? __pfx_vtpm_proxy_fops_release+0x10/0x10
[   38.783699]  vtpm_proxy_fops_release+0x8f/0xa0
[   38.784006]  __fput+0x11f/0x450
[   38.784215]  ____fput+0x1e/0x30
[   38.784424]  task_work_run+0xb6/0x120
[   38.784663]  exit_to_user_mode_prepare+0x200/0x210
[   38.784981]  syscall_exit_to_user_mode+0x2d/0x60
[   38.785288]  do_syscall_64+0x4a/0x90
[   38.785536]  entry_SYSCALL_64_after_hwframe+0x72/0xdc
[   38.785851] RIP: 0033:0x7f1ea7a89e37
[   38.786083] Code: 12 b8 03 00 00 00 0f 05 48 3d 00 f0 ff ff 77 3b c3 66 90 53 89 fb 48 83 ec 10 e8 d4 fb ff ff 89 c2 89 df b8 03 00 00 00 0f 05 <48> 3d 00 f0 ff ff 77 2b 89 d7 89 44 24 0c e8 16 fc ff ff 8b 44 24
[   38.787216] RSP: 002b:00007fff36a4d960 EFLAGS: 00000293 ORIG_RAX: 0000000000000003
[   38.787661] RAX: 0000000000000000 RBX: 0000000000000004 RCX: 00007f1ea7a89e37
[   38.788114] RDX: 0000000000000000 RSI: 0000000000000080 RDI: 0000000000000004
[   38.788548] RBP: 00007fff36a4d990 R08: 0000000000000000 R09: 0000000000000032
[   38.788987] R10: 00007fff36a4d960 R11: 0000000000000293 R12: 0000000000402400
[   38.789449] R13: 00007fff36a4db20 R14: 0000000000000000 R15: 0000000000000000
[   38.789886]  </TASK>
[   38.790031] Modules linked in:
[   38.790228] CR2: 0000000000000000
[   38.790448] ---[ end trace 0000000000000000 ]---
[   38.790731] RIP: 0010:kthread_stop+0xd9/0x360
[   38.790999] Code: 44 8b 63 2c 31 ff 41 81 e4 00 00 20 00 44 89 e6 e8 8c f8 16 00 45 85 e4 0f 84 81 02 00 00 e8 9e f6 16 00 4c 8b a3 40 0a 00 00 <f0> 41 80 0c 24 02 48 89 df e8 f9 f1 ff ff f0 80 4b 02 02 48 89 df
[   38.792197] RSP: 0018:ffffc90001ebfda8 EFLAGS: 00010246
[   38.792523] RAX: 0000000000000000 RBX: ffff8880152d0000 RCX: ffffffff81167544
[   38.792957] RDX: 0000000000000000 RSI: ffff8880152dc680 RDI: 0000000000000002
[   38.793417] RBP: ffffc90001ebfdc8 R08: 0000000000000001 R09: 0000000000000001
[   38.793847] R10: 0000000000000000 R11: 0000000000000000 R12: 0000000000000000
[   38.794295] R13: ffff8880152d0028 R14: ffff8880151ccae0 R15: ffff888007094488
[   38.794750] FS:  00007f1ea7879800(0000) GS:ffff88807dd00000(0000) knlGS:0000000000000000
[   38.795230] CS:  0010 DS: 0000 ES: 0000 CR0: 0000000080050033
[   38.795601] CR2: 0000000000000000 CR3: 0000000015388002 CR4: 0000000000770ee0
[   38.796047] DR0: 0000000000000000 DR1: 0000000000000000 DR2: 0000000000000000
[   38.796488] DR3: 0000000000000000 DR6: 00000000ffff07f0 DR7: 0000000000000400
[   38.796925] PKRU: 55555554
[   38.797116] note: repro[4145] exited with irqs disabled
[   38.871976] tpm tpm7: Operation Canceled
[   38.872457] ------------[ cut here ]------------
[   38.872695] WARNING: CPU: 1 PID: 4164 at kernel/kthread.c:75 kthread_stop+0x353/0x360
[   38.873129] Modules linked in:
[   38.873302] CPU: 1 PID: 4164 Comm: repro Tainted: G      D W          6.3.0-f968e3c2493f+ #1
[   38.873740] Hardware name: QEMU Standard PC (i440FX + PIIX, 1996), BIOS rel-1.14.0-0-g155821a1990b-prebuilt.qemu.org 04/01/2014
[   38.874304] RIP: 0010:kthread_stop+0x353/0x360
[   38.874546] Code: 00 4c 89 ef e8 1e e2 c0 00 e9 1f fe ff ff e8 34 f4 16 00 be 02 00 00 00 4c 89 ef e8 07 e2 c0 00 e9 5c fd ff ff e8 1d f4 16 00 <0f> 0b e9 73 fd ff ff 66 0f 1f 44 00 00 90 90 90 90 90 90 90 90 90
[   38.875478] RSP: 0018:ffffc90001fbfda8 EFLAGS: 00010246
[   38.875743] RAX: 0000000000000000 RBX: ffff8880152d0000 RCX: ffffffff81167544
[   38.876105] RDX: 0000000000000000 RSI: ffff8880152d2340 RDI: 0000000000000002
[   38.876470] RBP: ffffc90001fbfdc8 R08: 0000000000000000 R09: 0000000000000000
[   38.876842] R10: ffffc90001fbfdc8 R11: 0000000000000000 R12: 0000000000000000
[   38.877206] R13: ffff8880152d0028 R14: ffff88800db61ae0 R15: ffff888007094488
[   38.877577] FS:  00007f1ea7879800(0000) GS:ffff88807dd00000(0000) knlGS:0000000000000000
[   38.877982] CS:  0010 DS: 0000 ES: 0000 CR0: 0000000080050033
[   38.878277] CR2: 0000000000000000 CR3: 000000000f20a006 CR4: 0000000000770ee0
[   38.878645] DR0: 0000000000000000 DR1: 0000000000000000 DR2: 0000000000000000
[   38.879009] DR3: 0000000000000000 DR6: 00000000ffff07f0 DR7: 0000000000000400
[   38.879368] PKRU: 55555554
[   38.879511] Call Trace:
[   38.879644]  <TASK>
[   38.879765]  hwrng_unregister+0x182/0x210
[   38.879994]  tpm_chip_unregister+0x1cc/0x1f0
[   38.880225]  ? __pfx_vtpm_proxy_fops_release+0x10/0x10
[   38.880500]  vtpm_proxy_fops_release+0x8f/0xa0
[   38.880741]  __fput+0x11f/0x450
[   38.880944]  ____fput+0x1e/0x30
[   38.881136]  task_work_run+0xb6/0x120
[   38.881345]  exit_to_user_mode_prepare+0x200/0x210
[   38.881604]  syscall_exit_to_user_mode+0x2d/0x60
[   38.881851]  do_syscall_64+0x4a/0x90
[   38.882050]  entry_SYSCALL_64_after_hwframe+0x72/0xdc
[   38.882326] RIP: 0033:0x7f1ea7a89e37
[   38.882527] Code: 12 b8 03 00 00 00 0f 05 48 3d 00 f0 ff ff 77 3b c3 66 90 53 89 fb 48 83 ec 10 e8 d4 fb ff ff 89 c2 89 df b8 03 00 00 00 0f 05 <48> 3d 00 f0 ff ff 77 2b 89 d7 89 44 24 0c e8 16 fc ff ff 8b 44 24
[   38.883449] RSP: 002b:00007fff36a4d960 EFLAGS: 00000293 ORIG_RAX: 0000000000000003
[   38.883849] RAX: 0000000000000000 RBX: 0000000000000004 RCX: 00007f1ea7a89e37
[   38.884207] RDX: 0000000000000000 RSI: 0000000000000080 RDI: 0000000000000004
[   38.884562] RBP: 00007fff36a4d990 R08: 0000000000000000 R09: 0000000000000032
[   38.884940] R10: 00007fff36a4d960 R11: 0000000000000293 R12: 0000000000402400
[   38.885315] R13: 00007fff36a4db20 R14: 0000000000000000 R15: 0000000000000000
[   38.885676]  </TASK>
[   38.885797] irq event stamp: 0
[   38.885960] hardirqs last  enabled at (0): [<0000000000000000>] 0x0
