c[?7l[2J[0mSeaBIOS (version rel-1.14.0-0-g155821a1990b-prebuilt.qemu.org)


iPXE (http://ipxe.org) 00:03.0 CA00 PCI2.10 PnP PMM+7FF8F030+7FEEF030 CA00
Press Ctrl-B to configure iPXE (PCI 00:03.0)...                                                                               


Booting from ROM...
c[?7l[2J[    0.000000] Linux version 6.1.0-rc2-bd2756811766+ (root@p-rpls01) (gcc (GCC) 8.5.0 20210514 (Red Hat 8.5.0-17), GNU ld version 2.36.1-2.el8) #1 SMP PREEMPT_DYNAMIC Thu Dec  1 14:33:23 CST 2022
[    0.000000] Command line: console=ttyS0 root=/dev/sda earlyprintk=serial net.ifnames=0
[    0.000000] KERNEL supported cpus:
[    0.000000]   Intel GenuineIntel
[    0.000000]   AMD AuthenticAMD
[    0.000000]   Hygon HygonGenuine
[    0.000000]   Centaur CentaurHauls
[    0.000000]   zhaoxin   Shanghai  
[    0.000000] x86/fpu: Supporting XSAVE feature 0x001: 'x87 floating point registers'
[    0.000000] x86/fpu: Supporting XSAVE feature 0x002: 'SSE registers'
[    0.000000] x86/fpu: Supporting XSAVE feature 0x004: 'AVX registers'
[    0.000000] x86/fpu: Supporting XSAVE feature 0x200: 'Protection Keys User registers'
[    0.000000] x86/fpu: xstate_offset[2]:  576, xstate_sizes[2]:  256
[    0.000000] x86/fpu: xstate_offset[9]:  832, xstate_sizes[9]:    8
[    0.000000] x86/fpu: Enabled xstate features 0x207, context size is 840 bytes, using 'compacted' format.
[    0.000000] signal: max sigframe size: 3632
[    0.000000] BIOS-provided physical RAM map:
[    0.000000] BIOS-e820: [mem 0x0000000000000000-0x000000000009fbff] usable
[    0.000000] BIOS-e820: [mem 0x000000000009fc00-0x000000000009ffff] reserved
[    0.000000] BIOS-e820: [mem 0x00000000000f0000-0x00000000000fffff] reserved
[    0.000000] BIOS-e820: [mem 0x0000000000100000-0x000000007ffdffff] usable
[    0.000000] BIOS-e820: [mem 0x000000007ffe0000-0x000000007fffffff] reserved
[    0.000000] BIOS-e820: [mem 0x00000000feffc000-0x00000000feffffff] reserved
[    0.000000] BIOS-e820: [mem 0x00000000fffc0000-0x00000000ffffffff] reserved
[    0.000000] printk: bootconsole [earlyser0] enabled
[    0.000000] NX (Execute Disable) protection: active
[    0.000000] SMBIOS 2.8 present.
[    0.000000] DMI: QEMU Standard PC (i440FX + PIIX, 1996), BIOS rel-1.14.0-0-g155821a1990b-prebuilt.qemu.org 04/01/2014
[    0.000000] Hypervisor detected: KVM
[    0.000000] kvm-clock: Using msrs 4b564d01 and 4b564d00
[    0.000002] kvm-clock: using sched offset of 376564178 cycles
[    0.000361] clocksource: kvm-clock: mask: 0xffffffffffffffff max_cycles: 0x1cd42e4dffb, max_idle_ns: 881590591483 ns
[    0.001469] tsc: Detected 806.400 MHz processor
[    0.008374] last_pfn = 0x7ffe0 max_arch_pfn = 0x400000000
[    0.008791] x86/PAT: Configuration [0-7]: WB  WC  UC- UC  WB  WP  UC- WT  
[    0.017005] found SMP MP-table at [mem 0x000f5a90-0x000f5a9f]
[    0.017462] Using GB pages for direct mapping
[    0.018761] ACPI: Early table checksum verification disabled
[    0.019153] ACPI: RSDP 0x00000000000F5870 000014 (v00 BOCHS )
[    0.019549] ACPI: RSDT 0x000000007FFE1959 000034 (v01 BOCHS  BXPC     00000001 BXPC 00000001)
[    0.020137] ACPI: FACP 0x000000007FFE1805 000074 (v01 BOCHS  BXPC     00000001 BXPC 00000001)
[    0.020726] ACPI: DSDT 0x000000007FFE0040 0017C5 (v01 BOCHS  BXPC     00000001 BXPC 00000001)
[    0.021306] ACPI: FACS 0x000000007FFE0000 000040
[    0.021626] ACPI: APIC 0x000000007FFE1879 000080 (v01 BOCHS  BXPC     00000001 BXPC 00000001)
[    0.022207] ACPI: HPET 0x000000007FFE18F9 000038 (v01 BOCHS  BXPC     00000001 BXPC 00000001)
[    0.022787] ACPI: WAET 0x000000007FFE1931 000028 (v01 BOCHS  BXPC     00000001 BXPC 00000001)
[    0.023368] ACPI: Reserving FACP table memory at [mem 0x7ffe1805-0x7ffe1878]
[    0.023839] ACPI: Reserving DSDT table memory at [mem 0x7ffe0040-0x7ffe1804]
[    0.024308] ACPI: Reserving FACS table memory at [mem 0x7ffe0000-0x7ffe003f]
[    0.024777] ACPI: Reserving APIC table memory at [mem 0x7ffe1879-0x7ffe18f8]
[    0.025246] ACPI: Reserving HPET table memory at [mem 0x7ffe18f9-0x7ffe1930]
[    0.025712] ACPI: Reserving WAET table memory at [mem 0x7ffe1931-0x7ffe1958]
[    0.026726] No NUMA configuration found
[    0.026989] Faking a node at [mem 0x0000000000000000-0x000000007ffdffff]
[    0.027487] NODE_DATA(0) allocated [mem 0x7ffb5000-0x7ffdffff]
[    0.031098] Zone ranges:
[    0.031282]   DMA      [mem 0x0000000000001000-0x0000000000ffffff]
[    0.031697]   DMA32    [mem 0x0000000001000000-0x000000007ffdffff]
[    0.032110]   Normal   empty
[    0.032305]   Device   empty
[    0.032507] Movable zone start for each node
[    0.032791] Early memory node ranges
[    0.033028]   node   0: [mem 0x0000000000001000-0x000000000009efff]
[    0.033448]   node   0: [mem 0x0000000000100000-0x000000007ffdffff]
[    0.033869] Initmem setup node 0 [mem 0x0000000000001000-0x000000007ffdffff]
[    0.036897] On node 0, zone DMA: 1 pages in unavailable ranges
[    0.036918] On node 0, zone DMA: 97 pages in unavailable ranges
[    0.056537] On node 0, zone DMA32: 32 pages in unavailable ranges
[    0.057177] ACPI: PM-Timer IO Port: 0x608
[    0.057865] ACPI: LAPIC_NMI (acpi_id[0xff] dfl dfl lint[0x1])
[    0.058277] IOAPIC[0]: apic_id 0, version 17, address 0xfec00000, GSI 0-23
[    0.058732] ACPI: INT_SRC_OVR (bus 0 bus_irq 0 global_irq 2 dfl dfl)
[    0.059152] ACPI: INT_SRC_OVR (bus 0 bus_irq 5 global_irq 5 high level)
[    0.059582] ACPI: INT_SRC_OVR (bus 0 bus_irq 9 global_irq 9 high level)
[    0.060015] ACPI: INT_SRC_OVR (bus 0 bus_irq 10 global_irq 10 high level)
[    0.060456] ACPI: INT_SRC_OVR (bus 0 bus_irq 11 global_irq 11 high level)
[    0.060911] ACPI: Using ACPI (MADT) for SMP configuration information
[    0.061327] ACPI: HPET id: 0x8086a201 base: 0xfed00000
[    0.061679] TSC deadline timer available
[    0.061935] smpboot: Allowing 2 CPUs, 0 hotplug CPUs
[    0.062304] kvm-guest: KVM setup pv remote TLB flush
[    0.062627] kvm-guest: setup PV sched yield
[    0.062935] PM: hibernation: Registered nosave memory: [mem 0x00000000-0x00000fff]
[    0.063431] PM: hibernation: Registered nosave memory: [mem 0x0009f000-0x0009ffff]
[    0.063919] PM: hibernation: Registered nosave memory: [mem 0x000a0000-0x000effff]
[    0.064408] PM: hibernation: Registered nosave memory: [mem 0x000f0000-0x000fffff]
[    0.064900] [mem 0x80000000-0xfeffbfff] available for PCI devices
[    0.065296] Booting paravirtualized kernel on KVM
[    0.065608] clocksource: refined-jiffies: mask: 0xffffffff max_cycles: 0xffffffff, max_idle_ns: 7645519600211568 ns
[    0.066299] setup_percpu: NR_CPUS:8192 nr_cpumask_bits:2 nr_cpu_ids:2 nr_node_ids:1
[    0.067812] percpu: Embedded 62 pages/cpu s217088 r8192 d28672 u1048576
[    0.068441] kvm-guest: PV spinlocks enabled
[    0.068725] PV qspinlock hash table entries: 256 (order: 0, 4096 bytes, linear)
[    0.069217] Fallback order for Node 0: 0 
[    0.069488] Built 1 zonelists, mobility grouping on.  Total pages: 515808
[    0.069931] Policy zone: DMA32
[    0.070120] Kernel command line: net.ifnames=0 console=ttyS0 root=/dev/sda earlyprintk=serial net.ifnames=0
[    0.071879] Dentry cache hash table entries: 262144 (order: 9, 2097152 bytes, linear)
[    0.072919] Inode-cache hash table entries: 131072 (order: 8, 1048576 bytes, linear)
[    0.073542] mem auto-init: stack:off, heap alloc:off, heap free:off
[    0.077044] Memory: 1999736K/2096632K available (30736K kernel code, 4095K rwdata, 7576K rodata, 3632K init, 10504K bss, 96640K reserved, 0K cma-reserved)
[    0.078810] SLUB: HWalign=64, Order=0-3, MinObjects=0, CPUs=2, Nodes=1
[    0.079232] kmemleak: Kernel memory leak detector disabled
[    0.079599] ftrace: allocating 67019 entries in 262 pages
[    0.103034] ftrace: allocated 262 pages with 3 groups
[    0.104831] Dynamic Preempt: voluntary
[    0.105149] rcu: Preemptible hierarchical RCU implementation.
[    0.105518] rcu: 	RCU restricting CPUs from NR_CPUS=8192 to nr_cpu_ids=2.
[    0.105954] 	Trampoline variant of Tasks RCU enabled.
[    0.106278] 	Rude variant of Tasks RCU enabled.
[    0.106568] 	Tracing variant of Tasks RCU enabled.
[    0.106873] rcu: RCU calculated value of scheduler-enlistment delay is 25 jiffies.
[    0.107361] rcu: Adjusting geometry for rcu_fanout_leaf=16, nr_cpu_ids=2
[    0.131239] NR_IRQS: 524544, nr_irqs: 440, preallocated irqs: 16
[    0.131907] rcu: srcu_init: Setting srcu_struct sizes based on contention.
[    0.138147] Console: colour VGA+ 80x25
[    0.138431] printk: console [ttyS0] enabled
[    0.138431] printk: console [ttyS0] enabled
[    0.138983] printk: bootconsole [earlyser0] disabled
[    0.138983] printk: bootconsole [earlyser0] disabled
[    0.139669] ACPI: Core revision 20220331
[    0.140100] clocksource: hpet: mask: 0xffffffff max_cycles: 0xffffffff, max_idle_ns: 19112604467 ns
[    0.140772] APIC: Switch to symmetric I/O mode setup
[    0.141238] x2apic enabled
[    0.141565] Switched APIC routing to physical x2apic.
[    0.141904] kvm-guest: setup PV IPIs
[    0.142822] ..TIMER: vector=0x30 apic1=0 pin1=2 apic2=-1 pin2=-1
[    0.143246] clocksource: tsc-early: mask: 0xffffffffffffffff max_cycles: 0xb9fb05486c, max_idle_ns: 440795231721 ns
[    0.143942] Calibrating delay loop (skipped) preset value.. 1612.80 BogoMIPS (lpj=3225600)
[    0.144492] pid_max: default: 32768 minimum: 301
[    0.148080] LSM: Security Framework initializing
[    0.148395] Yama: becoming mindful.
[    0.148777] Mount-cache hash table entries: 4096 (order: 3, 32768 bytes, linear)
[    0.149280] Mountpoint-cache hash table entries: 4096 (order: 3, 32768 bytes, linear)
[    0.150442] x86/cpu: User Mode Instruction Prevention (UMIP) activated
[    0.151431] Last level iTLB entries: 4KB 0, 2MB 0, 4MB 0
[    0.151804] Last level dTLB entries: 4KB 0, 2MB 0, 4MB 0, 1GB 0
[    0.151974] Spectre V1 : Mitigation: usercopy/swapgs barriers and __user pointer sanitization
[    0.152537] Spectre V2 : WARNING: Unprivileged eBPF is enabled with eIBRS on, data leaks possible via Spectre v2 BHB attacks!
[    0.153275] Spectre V2 : Mitigation: Enhanced IBRS
[    0.153583] Spectre V2 : Spectre v2 / SpectreRSB mitigation: Filling RSB on context switch
[    0.154109] Spectre V2 : Spectre v2 / PBRSB-eIBRS: Retire a single CALL on VMEXIT
[    0.154584] Spectre V2 : mitigation: Enabling conditional Indirect Branch Prediction Barrier
[    0.155117] Speculative Store Bypass: Mitigation: Speculative Store Bypass disabled via prctl
[    0.155937] MMIO Stale Data: Unknown: No mitigations
[    0.254714] Freeing SMP alternatives memory: 56K
[    0.255307] smpboot: CPU0: Genuine Intel(R) 0000 (family: 0x6, model: 0xb7, stepping: 0x0)
[    0.255935] cblist_init_generic: Setting adjustable number of callback queues.
[    0.255935] cblist_init_generic: Setting shift to 1 and lim to 1.
[    0.255935] cblist_init_generic: Setting shift to 1 and lim to 1.
[    0.255935] cblist_init_generic: Setting shift to 1 and lim to 1.
[    0.255935] Performance Events: Alderlake Hybrid events, full-width counters, Intel PMU driver.
[    0.255935] core: cpu_core PMU driver: 
[    0.255935] ... version:                2
[    0.255939] ... bit width:              48
[    0.256218] ... generic registers:      6
[    0.256492] ... value mask:             0000ffffffffffff
[    0.256850] ... max period:             00007fffffffffff
[    0.257209] ... fixed-purpose events:   3
[    0.257481] ... event mask:             0001000f0000003f
[    0.257939] rcu: Hierarchical SRCU implementation.
[    0.258266] rcu: 	Max phase no-delay instances is 1000.
[    0.260491] unchecked MSR access error: WRMSR to 0x38f (tried to write 0x0001000f0000003f) at rIP: 0xffffffff810c30cc (native_write_msr+0xc/0x30)
[    0.261379] Call Trace:
[    0.261551]  <TASK>
[    0.261701]  __intel_pmu_enable_all.constprop.46+0xb5/0x140
[    0.262096]  intel_pmu_enable_all+0x1e/0x30
[    0.262395]  x86_pmu_enable+0x46d/0x5a0
[    0.262676]  ? write_comp_data+0x2f/0x90
[    0.262953]  perf_pmu_enable+0x53/0x70
[    0.263220]  ctx_resched+0x13e/0x1d0
[    0.263475]  __perf_install_in_context+0x204/0x370
[    0.263811]  ? __sanitizer_cov_trace_pc+0x25/0x60
[    0.263935]  ? account_event_cpu.part.86+0x30/0x30
[    0.263935]  remote_function+0x80/0xa0
[    0.263935]  ? account_event_cpu.part.86+0x30/0x30
[    0.263935]  generic_exec_single+0xea/0x150
[    0.263935]  ? account_event_cpu.part.86+0x30/0x30
[    0.263935]  smp_call_function_single+0x11c/0x240
[    0.263935]  ? account_event_cpu.part.86+0x30/0x30
[    0.263935]  ? __sanitizer_cov_trace_pc+0x25/0x60
[    0.263935]  ? write_comp_data+0x2f/0x90
[    0.263935]  perf_install_in_context+0x27e/0x2a0
[    0.263935]  ? ctx_resched+0x1d0/0x1d0
[    0.263935]  perf_event_create_kernel_counter+0x276/0x2a0
[    0.263935]  ? find_next_bit+0x30/0x30
[    0.263935]  hardlockup_detector_event_create+0x46/0xd0
[    0.263935]  hardlockup_detector_perf_init+0x18/0x66
[    0.263935]  watchdog_nmi_probe+0x17/0x1d
[    0.263935]  lockup_detector_init+0x40/0xad
[    0.263935]  kernel_init_freeable+0x1b0/0x37a
[    0.263935]  ? rest_init+0xe0/0xe0
[    0.263935]  kernel_init+0x24/0x1e0
[    0.263935]  ? rest_init+0xe0/0xe0
[    0.263935]  ret_from_fork+0x1f/0x30
[    0.263935]  </TASK>
[    0.264050] smp: Bringing up secondary CPUs ...
[    0.264554] x86: Booting SMP configuration:
[    0.264840] .... node  #0, CPUs:      #1
[    0.011577] smpboot: CPU 1 Converting physical 0 to logical die 1
[    0.268022] smp: Brought up 1 node, 2 CPUs
[    0.268329] smpboot: Max logical packages: 2
[    0.268620] smpboot: Total of 2 processors activated (3225.60 BogoMIPS)
[    0.269594] devtmpfs: initialized
[    0.269594] x86/mm: Memory block size: 128MB
[    0.272173] clocksource: jiffies: mask: 0xffffffff max_cycles: 0xffffffff, max_idle_ns: 7645041785100000 ns
[    0.272808] futex hash table entries: 512 (order: 3, 32768 bytes, linear)
[    0.273359] pinctrl core: initialized pinctrl subsystem
[    0.273904] 
[    0.274010] *************************************************************
[    0.274449] **     NOTICE NOTICE NOTICE NOTICE NOTICE NOTICE NOTICE    **
[    0.274889] **                                                         **
[    0.275329] **  IOMMU DebugFS SUPPORT HAS BEEN ENABLED IN THIS KERNEL  **
[    0.275769] **                                                         **
[    0.275940] ** This means that this kernel is built to expose internal **
[    0.276381] ** IOMMU data structures, which may compromise security on **
[    0.276825] ** your system.                                            **
[    0.277264] **                                                         **
[    0.277702] ** If you see this message and you are not debugging the   **
[    0.278142] ** kernel, report this immediately to your vendor!         **
[    0.278580] **                                                         **
[    0.279020] **     NOTICE NOTICE NOTICE NOTICE NOTICE NOTICE NOTICE    **
[    0.279458] *************************************************************
[    0.279938] PM: RTC time: 06:33:47, date: 2022-12-01
[    0.282861] NET: Registered PF_NETLINK/PF_ROUTE protocol family
[    0.283603] DMA: preallocated 256 KiB GFP_KERNEL pool for atomic allocations
[    0.283950] DMA: preallocated 256 KiB GFP_KERNEL|GFP_DMA pool for atomic allocations
[    0.284458] DMA: preallocated 256 KiB GFP_KERNEL|GFP_DMA32 pool for atomic allocations
[    0.285002] audit: initializing netlink subsys (disabled)
[    0.285393] audit: type=2000 audit(1669876427.767:1): state=initialized audit_enabled=0 res=1
[    0.285393] thermal_sys: Registered thermal governor 'fair_share'
[    0.285393] thermal_sys: Registered thermal governor 'bang_bang'
[    0.285393] thermal_sys: Registered thermal governor 'step_wise'
[    0.285393] thermal_sys: Registered thermal governor 'user_space'
[    0.285754] cpuidle: using governor ladder
[    0.287940] cpuidle: using governor menu
[    0.288490] acpiphp: ACPI Hot Plug PCI Controller Driver version: 0.5
[    0.289101] PCI: Using configuration type 1 for base access
[    0.297109] kprobes: kprobe jump-optimization is enabled. All kprobes are optimized if possible.
[    0.588443] HugeTLB: registered 1.00 GiB page size, pre-allocated 0 pages
[    0.589741] HugeTLB: 16380 KiB vmemmap can be freed for a 1.00 GiB page
[    0.590949] HugeTLB: registered 2.00 MiB page size, pre-allocated 0 pages
[    0.591946] HugeTLB: 28 KiB vmemmap can be freed for a 2.00 MiB page
[    0.594765] ACPI: Added _OSI(Module Device)
[    0.595565] ACPI: Added _OSI(Processor Device)
[    0.595946] ACPI: Added _OSI(3.0 _SCP Extensions)
[    0.596815] ACPI: Added _OSI(Processor Aggregator Device)
[    0.604808] ACPI: 1 ACPI AML tables successfully acquired and loaded
[    0.608513] ACPI: Interpreter enabled
[    0.608971] ACPI: PM: (supports S0 S3 S4 S5)
[    0.609399] ACPI: Using IOAPIC for interrupt routing
[    0.609928] PCI: Using host bridge windows from ACPI; if necessary, use "pci=nocrs" and report a bug
[    0.610814] PCI: Using E820 reservations for host bridge windows
[    0.612016] ACPI: Enabled 2 GPEs in block 00 to 0F
[    0.624952] ACPI: PCI Root Bridge [PCI0] (domain 0000 [bus 00-ff])
[    0.625548] acpi PNP0A03:00: _OSC: OS supports [ASPM ClockPM Segments MSI EDR HPX-Type3]
[    0.626310] acpi PNP0A03:00: _OSC: not requesting OS control; OS requires [ExtendedConfig ASPM ClockPM MSI]
[    0.627256] acpi PNP0A03:00: fail to add MMCONFIG information, can't access extended PCI configuration space under this bridge.
[    0.629560] acpiphp: Slot [3] registered
[    0.629978] acpiphp: Slot [4] registered
[    0.630404] acpiphp: Slot [5] registered
[    0.630843] acpiphp: Slot [6] registered
[    0.631273] acpiphp: Slot [7] registered
[    0.631694] acpiphp: Slot [8] registered
[    0.631991] acpiphp: Slot [9] registered
[    0.632410] acpiphp: Slot [10] registered
[    0.632840] acpiphp: Slot [11] registered
[    0.633275] acpiphp: Slot [12] registered
[    0.633702] acpiphp: Slot [13] registered
[    0.634132] acpiphp: Slot [14] registered
[    0.634571] acpiphp: Slot [15] registered
[    0.634999] acpiphp: Slot [16] registered
[    0.635429] acpiphp: Slot [17] registered
[    0.635860] acpiphp: Slot [18] registered
[    0.635999] acpiphp: Slot [19] registered
[    0.636431] acpiphp: Slot [20] registered
[    0.636863] acpiphp: Slot [21] registered
[    0.637286] acpiphp: Slot [22] registered
[    0.637719] acpiphp: Slot [23] registered
[    0.638160] acpiphp: Slot [24] registered
[    0.638594] acpiphp: Slot [25] registered
[    0.639021] acpiphp: Slot [26] registered
[    0.639453] acpiphp: Slot [27] registered
[    0.639882] acpiphp: Slot [28] registered
[    0.639989] acpiphp: Slot [29] registered
[    0.640420] acpiphp: Slot [30] registered
[    0.640849] acpiphp: Slot [31] registered
[    0.641243] PCI host bridge to bus 0000:00
[    0.641633] pci_bus 0000:00: root bus resource [io  0x0000-0x0cf7 window]
[    0.642281] pci_bus 0000:00: root bus resource [io  0x0d00-0xffff window]
[    0.642924] pci_bus 0000:00: root bus resource [mem 0x000a0000-0x000bffff window]
[    0.643625] pci_bus 0000:00: root bus resource [mem 0x80000000-0xfebfffff window]
[    0.643940] pci_bus 0000:00: root bus resource [mem 0x100000000-0x17fffffff window]
[    0.644657] pci_bus 0000:00: root bus resource [bus 00-ff]
[    0.645236] pci 0000:00:00.0: [8086:1237] type 00 class 0x060000
[    0.648092] pci 0000:00:01.0: [8086:7000] type 00 class 0x060100
[    0.649197] pci 0000:00:01.1: [8086:7010] type 00 class 0x010180
[    0.651306] pci 0000:00:01.1: reg 0x20: [io  0xc040-0xc04f]
[    0.652463] pci 0000:00:01.1: legacy IDE quirk: reg 0x10: [io  0x01f0-0x01f7]
[    0.653129] pci 0000:00:01.1: legacy IDE quirk: reg 0x14: [io  0x03f6]
[    0.653745] pci 0000:00:01.1: legacy IDE quirk: reg 0x18: [io  0x0170-0x0177]
[    0.654401] pci 0000:00:01.1: legacy IDE quirk: reg 0x1c: [io  0x0376]
[    0.655248] pci 0000:00:01.3: [8086:7113] type 00 class 0x068000
[    0.656103] pci 0000:00:01.3: quirk: [io  0x0600-0x063f] claimed by PIIX4 ACPI
[    0.657255] pci 0000:00:01.3: quirk: [io  0x0700-0x070f] claimed by PIIX4 SMB
[    0.658198] pci 0000:00:02.0: [1234:1111] type 00 class 0x030000
[    0.660324] pci 0000:00:02.0: reg 0x10: [mem 0xfd000000-0xfdffffff pref]
[    0.662846] pci 0000:00:02.0: reg 0x18: [mem 0xfebf0000-0xfebf0fff]
[    0.667544] pci 0000:00:02.0: reg 0x30: [mem 0xfebe0000-0xfebeffff pref]
[    0.668086] pci 0000:00:02.0: Video device with shadowed ROM at [mem 0x000c0000-0x000dffff]
[    0.671234] pci 0000:00:03.0: [8086:100e] type 00 class 0x020000
[    0.672257] pci 0000:00:03.0: reg 0x10: [mem 0xfebc0000-0xfebdffff]
[    0.673394] pci 0000:00:03.0: reg 0x14: [io  0xc000-0xc03f]
[    0.677506] pci 0000:00:03.0: reg 0x30: [mem 0xfeb80000-0xfebbffff pref]
[    0.687527] ACPI: PCI: Interrupt link LNKA configured for IRQ 10
[    0.688234] ACPI: PCI: Interrupt link LNKB configured for IRQ 10
[    0.689048] ACPI: PCI: Interrupt link LNKC configured for IRQ 11
[    0.689863] ACPI: PCI: Interrupt link LNKD configured for IRQ 11
[    0.690534] ACPI: PCI: Interrupt link LNKS configured for IRQ 9
[    0.692142] iommu: Default domain type: Translated 
[    0.692575] iommu: DMA domain TLB invalidation policy: lazy mode 
[    0.693700] SCSI subsystem initialized
[    0.694197] ACPI: bus type USB registered
[    0.694605] usbcore: registered new interface driver usbfs
[    0.695133] usbcore: registered new interface driver hub
[    0.695627] usbcore: registered new device driver usb
[    0.696005] pps_core: LinuxPPS API ver. 1 registered
[    0.696483] pps_core: Software ver. 5.3.6 - Copyright 2005-2007 Rodolfo Giometti <giometti@linux.it>
[    0.697324] PTP clock support registered
[    0.697754] EDAC MC: Ver: 3.0.0
[    0.698788] NetLabel: Initializing
[    0.699087] NetLabel:  domain hash size = 128
[    0.699463] NetLabel:  protocols = UNLABELED CIPSOv4 CALIPSO
[    0.699970] NetLabel:  unlabeled traffic allowed by default
[    0.732216] PCI: Using ACPI for IRQ routing
[    0.733213] pci 0000:00:02.0: vgaarb: setting as boot VGA device
[    0.734136] pci 0000:00:02.0: vgaarb: bridge control possible
[    0.735027] pci 0000:00:02.0: vgaarb: VGA device added: decodes=io+mem,owns=io+mem,locks=none
[    0.735941] vgaarb: loaded
[    0.736845] hpet0: at MMIO 0xfed00000, IRQs 2, 8, 0
[    0.737631] hpet0: 3 comparators, 64-bit 100.000000 MHz counter
[    3.487586] clocksource: Switched to clocksource kvm-clock
[    3.601379] VFS: Disk quotas dquot_6.6.0
[    3.601731] VFS: Dquot-cache hash table entries: 512 (order 0, 4096 bytes)
[    3.602355] pnp: PnP ACPI init
[    3.603856] pnp: PnP ACPI: found 6 devices
[    3.611753] clocksource: acpi_pm: mask: 0xffffff max_cycles: 0xffffff, max_idle_ns: 2085701024 ns
[    3.612651] NET: Registered PF_INET protocol family
[    3.613080] IP idents hash table entries: 32768 (order: 6, 262144 bytes, linear)
[    3.622630] tcp_listen_portaddr_hash hash table entries: 1024 (order: 2, 16384 bytes, linear)
[    3.623853] Table-perturb hash table entries: 65536 (order: 6, 262144 bytes, linear)
[    3.624419] TCP established hash table entries: 16384 (order: 5, 131072 bytes, linear)
[    3.625087] TCP bind hash table entries: 16384 (order: 7, 524288 bytes, linear)
[    3.625898] TCP: Hash tables configured (established 16384 bind 16384)
[    3.626459] UDP hash table entries: 1024 (order: 3, 32768 bytes, linear)
[    3.626949] UDP-Lite hash table entries: 1024 (order: 3, 32768 bytes, linear)
[    3.627547] NET: Registered PF_UNIX/PF_LOCAL protocol family
[    3.628368] RPC: Registered named UNIX socket transport module.
[    3.628803] RPC: Registered udp transport module.
[    3.629132] RPC: Registered tcp transport module.
[    3.629460] RPC: Registered tcp NFSv4.1 backchannel transport module.
[    3.629926] pci_bus 0000:00: resource 4 [io  0x0000-0x0cf7 window]
[    3.630360] pci_bus 0000:00: resource 5 [io  0x0d00-0xffff window]
[    3.630793] pci_bus 0000:00: resource 6 [mem 0x000a0000-0x000bffff window]
[    3.631282] pci_bus 0000:00: resource 7 [mem 0x80000000-0xfebfffff window]
[    3.631761] pci_bus 0000:00: resource 8 [mem 0x100000000-0x17fffffff window]
[    3.632427] pci 0000:00:01.0: PIIX3: Enabling Passive Release
[    3.632836] pci 0000:00:00.0: Limiting direct PCI/PCI transfers
[    3.633337] PCI: CLS 0 bytes, default 64
[    3.633632] ACPI: bus type thunderbolt registered
[    3.634214] clocksource: tsc: mask: 0xffffffffffffffff max_cycles: 0xb9fb05486c, max_idle_ns: 440795231721 ns
[    3.645805] Initialise system trusted keyrings
[    3.646150] Key type blacklist registered
[    3.646611] workingset: timestamp_bits=36 max_order=19 bucket_order=0
[    3.651358] zbud: loaded
[    3.652915] squashfs: version 4.0 (2009/01/31) Phillip Lougher
[    3.654115] NFS: Registering the id_resolver key type
[    3.654459] Key type id_resolver registered
[    3.654737] Key type id_legacy registered
[    3.655060] nfs4filelayout_init: NFSv4 File Layout Driver Registering...
[    3.655501] nfs4flexfilelayout_init: NFSv4 Flexfile Layout Driver Registering...
[    3.656044] fuse: init (API version 7.37)
[    3.656469] SGI XFS with ACLs, security attributes, realtime, quota, no debug enabled
[    3.657772] 9p: Installing v9fs 9p2000 file system support
[    3.664543] Key type asymmetric registered
[    3.664845] Asymmetric key parser 'x509' registered
[    3.665914] alg: self-tests for CTR-KDF (hmac(sha256)) passed
[    3.666331] Block layer SCSI generic (bsg) driver version 0.4 loaded (major 243)
[    3.666879] io scheduler mq-deadline registered
[    3.667403] io scheduler bfq registered
[    3.668243] shpchp: Standard Hot Plug PCI Controller Driver version: 0.4
[    3.668850] IPMI message handler: version 39.2
[    3.669170] ipmi device interface
[    3.670215] input: Power Button as /devices/LNXSYSTM:00/LNXPWRBN:00/input/input0
[    3.670779] ACPI: button: Power Button [PWRF]
[    3.671646] ERST DBG: ERST support is disabled.
[    3.672250] Serial: 8250/16550 driver, 32 ports, IRQ sharing enabled
[    3.673012] 00:04: ttyS0 at I/O 0x3f8 (irq = 4, base_baud = 115200) is a 16550A
[    3.677422] Linux agpgart interface v0.103
[    3.677995] ACPI: bus type drm_connector registered
[    3.684881] brd: module loaded
[    3.694024] loop: module loaded
[    3.696276] scsi host0: ata_piix
[    3.696746] scsi host1: ata_piix
[    3.697039] ata1: PATA max MWDMA2 cmd 0x1f0 ctl 0x3f6 bmdma 0xc040 irq 14
[    3.697487] ata2: PATA max MWDMA2 cmd 0x170 ctl 0x376 bmdma 0xc048 irq 15
[    3.698444] tun: Universal TUN/TAP device driver, 1.6
[    3.698870] e100: Intel(R) PRO/100 Network Driver
[    3.699185] e100: Copyright(c) 1999-2006 Intel Corporation
[    3.699565] e1000: Intel(R) PRO/1000 Network Driver
[    3.699885] e1000: Copyright (c) 1999-2006 Intel Corporation.
[    3.774862] ACPI: \_SB_.LNKC: Enabled at IRQ 11
[    3.856207] ata1: found unknown device (class 0)
[    3.857272] ata1.00: ATA-7: QEMU HARDDISK, 2.5+, max UDMA/100
[    3.857951] ata1.00: 16777216 sectors, multi 16: LBA48 
[    3.858888] ata2: found unknown device (class 0)
[    3.860160] scsi 0:0:0:0: Direct-Access     ATA      QEMU HARDDISK    2.5+ PQ: 0 ANSI: 5
[    3.861779] ata2.00: ATAPI: QEMU DVD-ROM, 2.5+, max UDMA/100
[    3.863364] scsi 0:0:0:0: Attached scsi generic sg0 type 0
[    3.864199] scsi 1:0:0:0: CD-ROM            QEMU     QEMU DVD-ROM     2.5+ PQ: 0 ANSI: 5
[    3.865365] sd 0:0:0:0: [sda] 16777216 512-byte logical blocks: (8.59 GB/8.00 GiB)
[    3.865827] sd 0:0:0:0: [sda] Write Protect is off
[    3.866142] sd 0:0:0:0: [sda] Write cache: enabled, read cache: enabled, doesn't support DPO or FUA
[    3.866699] sd 0:0:0:0: [sda] Preferred minimum I/O size 512 bytes
[    3.885473] sd 0:0:0:0: [sda] Attached SCSI disk
[    3.892437] scsi 1:0:0:0: Attached scsi generic sg1 type 5
[    4.090178] e1000 0000:00:03.0 eth0: (PCI:33MHz:32-bit) 52:54:00:12:34:56
[    4.090590] e1000 0000:00:03.0 eth0: Intel(R) PRO/1000 Network Connection
[    4.091039] e1000e: Intel(R) PRO/1000 Network Driver
[    4.091328] e1000e: Copyright(c) 1999 - 2015 Intel Corporation.
[    4.091708] igb: Intel(R) Gigabit Ethernet Network Driver
[    4.092029] igb: Copyright (c) 2007-2014 Intel Corporation.
[    4.092408] PPP generic driver version 2.4.2
[    4.093033] VFIO - User Level meta-driver version: 0.3
[    4.093654] usbcore: registered new interface driver uas
[    4.093982] usbcore: registered new interface driver usb-storage
[    4.094400] i8042: PNP: PS/2 Controller [PNP0303:KBD,PNP0f13:MOU] at 0x60,0x64 irq 1,12
[    4.095322] serio: i8042 KBD port at 0x60,0x64 irq 1
[    4.095626] serio: i8042 AUX port at 0x60,0x64 irq 12
[    4.096200] mousedev: PS/2 mouse device common for all mice
[    4.097128] input: AT Translated Set 2 keyboard as /devices/platform/i8042/serio0/input/input1
[    4.098071] input: VirtualPS/2 VMware VMMouse as /devices/platform/i8042/serio1/input/input4
[    4.098725] rtc_cmos 00:05: registered as rtc0
[    4.099027] rtc_cmos 00:05: setting system clock to 2022-12-01T06:33:51 UTC (1669876431)
[    4.099571] rtc_cmos 00:05: alarms up to one day, 242 bytes nvram, hpet irqs
[    4.100025] rtc_cmos 00:05: RTC can wake from S4
[    4.100351] i2c_dev: i2c /dev entries driver
[    4.100624] device-mapper: core: CONFIG_IMA_DISABLE_HTABLE is disabled. Duplicate IMA measurements will not be recorded in the IMA log.
[    4.101380] device-mapper: uevent: version 1.0.3
[    4.101888] input: VirtualPS/2 VMware VMMouse as /devices/platform/i8042/serio1/input/input3
[    4.102411] device-mapper: ioctl: 4.47.0-ioctl (2022-07-28) initialised: dm-devel@redhat.com
[    4.102908] intel_pstate: CPU model not supported
[    4.103308] sdhci: Secure Digital Host Controller Interface driver
[    4.103670] sdhci: Copyright(c) Pierre Ossman
[    4.103976] sdhci-pltfm: SDHCI platform and OF driver helper
[    4.104356] ledtrig-cpu: registered to indicate activity on CPUs
[    4.104841] drop_monitor: Initializing network drop monitor service
[    4.105513] NET: Registered PF_INET6 protocol family
[    4.106520] Segment Routing with IPv6
[    4.106763] In-situ OAM (IOAM) with IPv6
[    4.107026] NET: Registered PF_PACKET protocol family
[    4.107461] 9pnet: Installing 9P2000 support
[    4.107741] Key type dns_resolver registered
[    4.108410] IPI shorthand broadcast: enabled
[    4.108691] sched_clock: Marking stable (4100671367, 7577223)->(4148224743, -39976153)
[    4.109380] registered taskstats version 1
[    4.109668] Loading compiled-in X.509 certificates
[    4.110094] zswap: loaded using pool lzo/zbud
[    4.110575] Key type .fscrypt registered
[    4.110811] Key type fscrypt-provisioning registered
[    4.112394] Key type encrypted registered
[    4.112990] ima: No TPM chip found, activating TPM-bypass!
[    4.113616] ima: Allocated hash algorithm: sha1
[    4.114146] ima: No architecture policies found
[    4.114714] evm: Initialising EVM extended attributes:
[    4.115275] evm: security.selinux
[    4.115478] evm: security.SMACK64
[    4.115675] evm: security.SMACK64EXEC
[    4.115891] evm: security.SMACK64TRANSMUTE
[    4.116143] evm: security.SMACK64MMAP
[    4.116355] evm: security.apparmor
[    4.116552] evm: security.ima
[    4.116725] evm: security.capability
[    4.116932] evm: HMAC attrs: 0x1
[    4.119441] PM:   Magic number: 2:774:568
[    4.119977] RAS: Correctable Errors collector initialized.
[    4.120502] md: Waiting for all devices to be available before autodetect
[    4.120773] md: If you don't use raid, use raid=noautodetect
[    4.120999] md: Autodetecting RAID arrays.
[    4.121163] md: autorun ...
[    4.121279] md: ... autorun DONE.
[    4.126116] EXT4-fs (sda): INFO: recovery required on readonly filesystem
[    4.126382] EXT4-fs (sda): write access will be enabled during recovery
[    4.137412] EXT4-fs (sda): recovery complete
[    4.138420] EXT4-fs (sda): mounted filesystem with ordered data mode. Quota mode: none.
[    4.138761] VFS: Mounted root (ext4 filesystem) readonly on device 8:0.
[    4.139250] devtmpfs: mounted
[    4.143827] Freeing unused decrypted memory: 2036K
[    4.145373] Freeing unused kernel image (initmem) memory: 3632K
[    4.167988] Write protecting the kernel read-only data: 40960k
[    4.169777] Freeing unused kernel image (text/rodata gap) memory: 2028K
[    4.170290] Freeing unused kernel image (rodata/data gap) memory: 616K
[    4.251594] x86/mm: Checked W+X mappings: passed, no W+X pages found.
[    4.251961] Run /sbin/init as init process
[    4.315751] systemd[1]: RTC configured in localtime, applying delta of 0 minutes to system time.
[    4.329793] systemd[1]: systemd 239 (239-49.el8) running in system mode. (+PAM +AUDIT +SELINUX +IMA -APPARMOR +SMACK +SYSVINIT +UTMP +LIBCRYPTSETUP +GCRYPT +GNUTLS +ACL +XZ +LZ4 +SECCOMP +BLKID +ELFUTILS +KMOD +IDN2 -IDN +PCRE2 default-hierarchy=legacy)
[    4.330807] systemd[1]: Detected virtualization kvm.
[    4.331040] systemd[1]: Detected architecture x86-64.

Welcome to [0;31mCentOS Stream 8[0m!

[    4.383729] systemd[1]: Set hostname to <test>.
[    5.395947] random: crng init done
[    5.467659] systemd[1]: Listening on udev Control Socket.
[[0;32m  OK  [0m] Listening on udev Control Socket.
[    5.468748] systemd[1]: Listening on Journal Socket.
[[0;32m  OK  [0m] Listening on Journal Socket.
[    5.470692] systemd[1]: Created slice system-sshd\x2dkeygen.slice.
[[0;32m  OK  [0m] Created slice system-sshd\x2dkeygen.slice.
[    5.471610] systemd[1]: Listening on RPCbind Server Activation Socket.
[[0;32m  OK  [0m] Listening on RPCbind Server Activation Socket.
[    5.472337] systemd[1]: Reached target RPC Port Mapper.
[[0;32m  OK  [0m] Reached target RPC Port Mapper.
[    5.472911] systemd[1]: Reached target Swap.
[[0;32m  OK  [0m] Reached target Swap.
         Starting Load Kernel Modules...
[[0;32m  OK  [0m] Listening on Journal Socket (/dev/log).
         Starting Journal Service...
         Mounting Huge Pages File System...
         Starting Remount Root and Kernel File Systems...
[[0;32m  OK  [0m] Created slice system-serial\x2dgetty.slice.
         Starting Setup Virtual Console...
         Mounting Kernel Debug File System...
[[0;32m  OK  [0m] Listening on multipathd control socket.
[[0;32m  OK  [0m] Listening on Device-mapper event daemon FIFOs.
[[0;32m  OK  [0m] Started Forward Password Requests to Wall Directory Watch.
[[0;32m  OK  [0m] Listening on udev Kernel Socket.
         Starting udev Coldplug all Devices...
[[0;32m  OK  [0m] Created slice User and Session Slice.
[[0;32m  OK  [0m] Reached target Slices.
[[0;32m  OK  [0m] Listening on Process Core Dump Socket.
[[0;32m  OK  [0m] Set up automount Arbitrary Executabâ€¦rmats File System Automount Point.
         Starting Monitoring of LVM2 mirrorsâ€¦ng dmeventd or progress polling...
         Mounting POSIX Message Queue File System...
[    5.640171] EXT4-fs (sda): re-mounted. Quota mode: none.
[[0;32m  OK  [0m] Listening on initctl Compatibility Named Pipe.
[[0;32m  OK  [0m] Created slice system-getty.slice.
[[0;32m  OK  [0m] Listening on LVM2 poll daemon socket.
[[0;32m  OK  [0m] Started Journal Service.
[[0;1;31mFAILED[0m] Failed to start Load Kernel Modules.
See 'systemctl status systemd-modules-load.service' for details.
[[0;32m  OK  [0m] Mounted Huge Pages File System.
[[0;32m  OK  [0m] Started Remount Root and Kernel File Systems.
[[0;32m  OK  [0m] Mounted Kernel Debug File System.
[[0;32m  OK  [0m] Mounted POSIX Message Queue File System.
         Starting Load/Save Random Seed...
         Starting Create Static Device Nodes in /dev...
         Mounting FUSE Control File System...
         Starting Apply Kernel Variables...
         Mounting Kernel Configuration File System...
         Starting Flush Journal to Persistent Storage...
[[0;32m  OK  [0m] Started Setup Virtual Console.
[[0;32m  OK  [0m] Started udev Coldplug all Devices.
[[0;32m  OK  [0m] Started Load/Save Random Seed.
[[0;32m  OK  [0m] Started Create Static Device Nodes in /dev.
[[0;32m  OK  [0m] Mounted FUSE Control File System.
[[0;32m  OK  [0m] Started Apply Kernel Variables.
[[0;32m  OK  [0m] Mounted Kernel Configuration File System.
         Starting udev Kernel Device Manager...
         Starting udev Wait for Complete Device Initialization...
[[0;32m  OK  [0m] Started Flush Journal to Persistent Storage.
[[0;32m  OK  [0m] Started udev Kernel Device Manager.
         Starting Show Plymouth Boot Screen...
[[0;32m  OK  [0m] Started Show Plymouth Boot Screen.
[[0;32m  OK  [0m] Started Forward Password Requests to Plymouth Directory Watch.
[[0;32m  OK  [0m] Reached target Local Encrypted Volumes.
[[0;32m  OK  [0m] Reached target Paths.
[[0;32m  OK  [0m] Found device /dev/ttyS0.
[[0;32m  OK  [0m] Started Monitoring of LVM2 mirrors,â€¦sing dmeventd or progress polling.
[[0;32m  OK  [0m] Listening on Load/Save RF Kill Switch Status /dev/rfkill Watch.
[[0;32m  OK  [0m] Started udev Wait for Complete Device Initialization.
[[0;32m  OK  [0m] Reached target Local File Systems (Pre).
[[0;32m  OK  [0m] Reached target Local File Systems.
         Starting Restore /run/initramfs on shutdown...
         Starting Tell Plymouth To Write Out Runtime Data...
         Starting Create Volatile Files and Directories...
[[0;32m  OK  [0m] Started Restore /run/initramfs on shutdown.
[[0;32m  OK  [0m] Started Tell Plymouth To Write Out Runtime Data.
[[0;32m  OK  [0m] Started Create Volatile Files and Directories.
         Starting RPC Bind...
         Mounting RPC Pipe File System...
         Starting Security Auditing Service...
[[0;32m  OK  [0m] Mounted RPC Pipe File System.
[[0;32m  OK  [0m] Reached target rpc_pipefs.target.
[[0;32m  OK  [0m] Started RPC Bind.
[[0;32m  OK  [0m] Started Security Auditing Service.
         Starting Update UTMP about System Boot/Shutdown...
[[0;32m  OK  [0m] Started Update UTMP about System Boot/Shutdown.
[[0;32m  OK  [0m] Reached target System Initialization.
[[0;32m  OK  [0m] Started daily update of the root trust anchor for DNSSEC.
[[0;32m  OK  [0m] Listening on SSSD Kerberos Cache Manager responder socket.
[[0;32m  OK  [0m] Started Daily Cleanup of Temporary Directories.
[[0;32m  OK  [0m] Listening on D-Bus System Message Bus Socket.
[[0;32m  OK  [0m] Reached target Sockets.
[[0;32m  OK  [0m] Reached target Basic System.
         Starting NTP client/server...
         Starting Authorization Manager...
         Starting Login Service...
         Starting Self Monitoring and Reporting Technology (SMART) Daemon...
         Starting Auto-connect to subsystemsâ€¦-NVME devices found during boot...
[[0;32m  OK  [0m] Started D-Bus System Message Bus.
         Starting Network Manager...
[[0;32m  OK  [0m] Started irqbalance daemon.
[[0;32m  OK  [0m] Started dnf makecache --timer.
[[0;32m  OK  [0m] Reached target Timers.
[[0;32m  OK  [0m] Reached target sshd-keygen.target.
[[0;32m  OK  [0m] Started Machine Check Exception Logging Daemon.
[[0;32m  OK  [0m] Started Auto-connect to subsystems â€¦FC-NVME devices found during boot.
[[0;32m  OK  [0m] Started Self Monitoring and Reporting Technology (SMART) Daemon.
[[0;32m  OK  [0m] Started Login Service.
[[0;32m  OK  [0m] Started NTP client/server.
[[0;32m  OK  [0m] Started Network Manager.
         Starting Network Manager Wait Online...
[[0;32m  OK  [0m] Reached target Network.
         Starting Dynamic System Tuning Daemon...
         Starting GSSAPI Proxy Daemon...
         Starting OpenSSH server daemon...
[[0;32m  OK  [0m] Started Authorization Manager.
         Starting Hostname Service...
[[0;32m  OK  [0m] Started OpenSSH server daemon.
[[0;32m  OK  [0m] Started GSSAPI Proxy Daemon.
[[0;32m  OK  [0m] Reached target NFS client services.
[[0;32m  OK  [0m] Reached target Remote File Systems (Pre).
[[0;32m  OK  [0m] Reached target Remote File Systems.
         Starting Permit User Sessions...
[[0;32m  OK  [0m] Started Permit User Sessions.
         Starting Hold until boot process finishes up...
         Starting Terminate Plymouth Boot Screen...
[[0;32m  OK  [0m] Started Command Scheduler.
[    7.044014] e1000: eth0 NIC Link is Up 1000 Mbps Full Duplex, Flow Control: RX
[    7.044742] IPv6: ADDRCONF(NETDEV_CHANGE): eth0: link becomes ready
[    7.224210] Spectre V2 : WARNING: Unprivileged eBPF is enabled with eIBRS on, data leaks possible via Spectre v2 BHB attacks!
[    7.224798] Spectre V2 : WARNING: Unprivileged eBPF is enabled with eIBRS on, data leaks possible via Spectre v2 BHB attacks!

CentOS Stream 8
Kernel 6.1.0-rc2-bd2756811766+ on an x86_64

test login: [   45.708640] ------------[ cut here ]------------
[   45.708971] WARNING: CPU: 0 PID: 97758 at kernel/events/core.c:4907 put_pmu_ctx+0x107/0x120
[   45.709426] Modules linked in:
[   45.709605] CPU: 0 PID: 97758 Comm: repro Not tainted 6.1.0-rc2-bd2756811766+ #1
[   45.710016] Hardware name: QEMU Standard PC (i440FX + PIIX, 1996), BIOS rel-1.14.0-0-g155821a1990b-prebuilt.qemu.org 04/01/2014
[   45.710626] RIP: 0010:put_pmu_ctx+0x107/0x120
[   45.710881] Code: e8 8e 45 ec ff 48 8d 7b 50 48 c7 c6 20 72 38 81 e8 ae 8d e2 ff e8 79 45 ec ff 5b 41 5c 41 5d 5d c3 cc cc cc cc e8 69 45 ec ff <0f> 0b eb a5 e8 60 45 ec ff 0f 0b eb 8a e8 57 45 ec ff 0f 0b e9 35
[   45.711881] RSP: 0018:ffffc900054e7b60 EFLAGS: 00010246
[   45.712214] RAX: 0000000000000000 RBX: ffff88807dc3d0e8 RCX: 0000000000000001
[   45.712604] RDX: 0000000000000000 RSI: ffff888014560000 RDI: 0000000000000002
[   45.712989] RBP: ffffc900054e7b78 R08: ffff88800b335390 R09: 0000000000000001
[   45.713380] R10: ffff8880057d5080 R11: 0000000000000000 R12: ffff88807dc2dca0
[   45.713770] R13: ffff88807dc3d0f8 R14: 0000000000000000 R15: 0000000000000001
[   45.714159] FS:  0000000000000000(0000) GS:ffff88807dc00000(0000) knlGS:0000000000000000
[   45.714595] CS:  0010 DS: 0000 ES: 0000 CR0: 0000000080050033
[   45.714915] CR2: 00007ffd05605438 CR3: 0000000010fbe006 CR4: 0000000000770ef0
[   45.715308] PKRU: 55555554
[   45.715462] Call Trace:
[   45.715607]  <TASK>
[   45.715737]  _free_event+0x18d/0x6b0
[   45.715966]  put_event+0x3c/0x50
[   45.716160]  perf_event_release_kernel+0x2ee/0x370
[   45.716437]  ? perf_event_release_kernel+0x370/0x370
[   45.716722]  perf_release+0x22/0x30
[   45.716933]  __fput+0x10e/0x440
[   45.717124]  ____fput+0x1e/0x30
[   45.717318]  task_work_run+0xa6/0x100
[   45.717536]  do_exit+0x4d4/0x11f0
[   45.717741]  ? write_comp_data+0x2f/0x90
[   45.717967]  do_group_exit+0x58/0xe0
[   45.718185]  get_signal+0xf07/0xf10
[   45.718387]  ? __sanitizer_cov_trace_pc+0x25/0x60
[   45.718657]  ? write_comp_data+0x2f/0x90
[   45.718890]  arch_do_signal_or_restart+0x3b/0x7d0
[   45.719165]  ? __switch_to+0x11f/0x450
[   45.719383]  ? __schedule+0x2e6/0x8f0
[   45.719604]  exit_to_user_mode_prepare+0xdc/0x180
[   45.719886]  syscall_exit_to_user_mode+0x1f/0x30
[   45.720159]  do_syscall_64+0x4a/0x90
[   45.720373]  entry_SYSCALL_64_after_hwframe+0x63/0xcd
[   45.720661] RIP: 0033:0x7fac769d159d
[   45.720869] Code: Unable to access opcode bytes at 0x7fac769d1573.
[   45.721210] RSP: 002b:00007fac768aaea8 EFLAGS: 00000246 ORIG_RAX: 00000000000000ca
[   45.721630] RAX: 0000000000000001 RBX: 0000000000000000 RCX: 00007fac769d159d
[   45.722019] RDX: 00000000000f4240 RSI: 0000000000000081 RDI: 000000000040514c
[   45.722403] RBP: 00007fac768aaec0 R08: 0000000000000000 R09: 0000000000000000
[   45.722788] R10: 0000000000000000 R11: 0000000000000246 R12: 00007ffd0560533e
[   45.723185] R13: 00007ffd0560533f R14: 00007ffd056053d0 R15: 00007fac768ab700
[   45.723573]  </TASK>
[   45.723706] ---[ end trace 0000000000000000 ]---
