c[?7l[2J[0mSeaBIOS (version rel-1.14.0-0-g155821a1990b-prebuilt.qemu.org)


iPXE (http://ipxe.org) 00:03.0 CA00 PCI2.10 PnP PMM+7FF8F030+7FEEF030 CA00
Press Ctrl-B to configure iPXE (PCI 00:03.0)...                                                                               


Booting from ROM..c[?7l[2J[0m.[    0.000000] Linux version 6.1.0-rc2-d6962c4fe8f9+ (root@p-rpls01) (gcc (GCC) 8.5.0 20210514 (Red Hat 8.5.0-17), GNU ld version 2.36.1-2.el8) #1 SMP PREEMPT_DYNAMIC Thu Dec  1 11:56:04 CST 2022
[    0.000000] Command line: console=ttyS0 root=/dev/sda earlyprintk=serial net.ifnames=0
[    0.000000] KERNEL supported cpus:
[    0.000000]   Intel GenuineIntel
[    0.000000]   AMD AuthenticAMD
[    0.000000]   Hygon HygonGenuine
[    0.000000]   Centaur CentaurHauls
[    0.000000]   zhaoxin   Shanghai  
[    0.000000] x86/fpu: Supporting XSAVE feature 0x001: 'x87 floating point registers'
[    0.000000] x86/fpu: Supporting XSAVE feature 0x002: 'SSE registers'
[    0.000000] x86/fpu: Supporting XSAVE feature 0x004: 'AVX registers'
[    0.000000] x86/fpu: Supporting XSAVE feature 0x200: 'Protection Keys User registers'
[    0.000000] x86/fpu: xstate_offset[2]:  576, xstate_sizes[2]:  256
[    0.000000] x86/fpu: xstate_offset[9]:  832, xstate_sizes[9]:    8
[    0.000000] x86/fpu: Enabled xstate features 0x207, context size is 840 bytes, using 'compacted' format.
[    0.000000] signal: max sigframe size: 3632
[    0.000000] BIOS-provided physical RAM map:
[    0.000000] BIOS-e820: [mem 0x0000000000000000-0x000000000009fbff] usable
[    0.000000] BIOS-e820: [mem 0x000000000009fc00-0x000000000009ffff] reserved
[    0.000000] BIOS-e820: [mem 0x00000000000f0000-0x00000000000fffff] reserved
[    0.000000] BIOS-e820: [mem 0x0000000000100000-0x000000007ffdffff] usable
[    0.000000] BIOS-e820: [mem 0x000000007ffe0000-0x000000007fffffff] reserved
[    0.000000] BIOS-e820: [mem 0x00000000feffc000-0x00000000feffffff] reserved
[    0.000000] BIOS-e820: [mem 0x00000000fffc0000-0x00000000ffffffff] reserved
[    0.000000] printk: bootconsole [earlyser0] enabled
[    0.000000] NX (Execute Disable) protection: active
[    0.000000] SMBIOS 2.8 present.
[    0.000000] DMI: QEMU Standard PC (i440FX + PIIX, 1996), BIOS rel-1.14.0-0-g155821a1990b-prebuilt.qemu.org 04/01/2014
[    0.000000] Hypervisor detected: KVM
[    0.000000] kvm-clock: Using msrs 4b564d01 and 4b564d00
[    0.000002] kvm-clock: using sched offset of 362621828 cycles
[    0.000333] clocksource: kvm-clock: mask: 0xffffffffffffffff max_cycles: 0x1cd42e4dffb, max_idle_ns: 881590591483 ns
[    0.001362] tsc: Detected 806.400 MHz processor
[    0.007607] last_pfn = 0x7ffe0 max_arch_pfn = 0x400000000
[    0.008008] x86/PAT: Configuration [0-7]: WB  WC  UC- UC  WB  WP  UC- WT  
[    0.015783] found SMP MP-table at [mem 0x000f5a90-0x000f5a9f]
[    0.016260] Using GB pages for direct mapping
[    0.017582] ACPI: Early table checksum verification disabled
[    0.017981] ACPI: RSDP 0x00000000000F5870 000014 (v00 BOCHS )
[    0.018375] ACPI: RSDT 0x000000007FFE1959 000034 (v01 BOCHS  BXPC     00000001 BXPC 00000001)
[    0.018953] ACPI: FACP 0x000000007FFE1805 000074 (v01 BOCHS  BXPC     00000001 BXPC 00000001)
[    0.019524] ACPI: DSDT 0x000000007FFE0040 0017C5 (v01 BOCHS  BXPC     00000001 BXPC 00000001)
[    0.020089] ACPI: FACS 0x000000007FFE0000 000040
[    0.020402] ACPI: APIC 0x000000007FFE1879 000080 (v01 BOCHS  BXPC     00000001 BXPC 00000001)
[    0.020972] ACPI: HPET 0x000000007FFE18F9 000038 (v01 BOCHS  BXPC     00000001 BXPC 00000001)
[    0.021538] ACPI: WAET 0x000000007FFE1931 000028 (v01 BOCHS  BXPC     00000001 BXPC 00000001)
[    0.022101] ACPI: Reserving FACP table memory at [mem 0x7ffe1805-0x7ffe1878]
[    0.022557] ACPI: Reserving DSDT table memory at [mem 0x7ffe0040-0x7ffe1804]
[    0.023013] ACPI: Reserving FACS table memory at [mem 0x7ffe0000-0x7ffe003f]
[    0.023468] ACPI: Reserving APIC table memory at [mem 0x7ffe1879-0x7ffe18f8]
[    0.023923] ACPI: Reserving HPET table memory at [mem 0x7ffe18f9-0x7ffe1930]
[    0.024378] ACPI: Reserving WAET table memory at [mem 0x7ffe1931-0x7ffe1958]
[    0.025430] No NUMA configuration found
[    0.025683] Faking a node at [mem 0x0000000000000000-0x000000007ffdffff]
[    0.026174] NODE_DATA(0) allocated [mem 0x7ffb5000-0x7ffdffff]
[    0.029570] Zone ranges:
[    0.029755]   DMA      [mem 0x0000000000001000-0x0000000000ffffff]
[    0.030168]   DMA32    [mem 0x0000000001000000-0x000000007ffdffff]
[    0.030571]   Normal   empty
[    0.030761]   Device   empty
[    0.030952] Movable zone start for each node
[    0.031229] Early memory node ranges
[    0.031459]   node   0: [mem 0x0000000000001000-0x000000000009efff]
[    0.031866]   node   0: [mem 0x0000000000100000-0x000000007ffdffff]
[    0.032276] Initmem setup node 0 [mem 0x0000000000001000-0x000000007ffdffff]
[    0.033353] On node 0, zone DMA: 1 pages in unavailable ranges
[    0.033481] On node 0, zone DMA: 97 pages in unavailable ranges
[    0.055135] On node 0, zone DMA32: 32 pages in unavailable ranges
[    0.055771] ACPI: PM-Timer IO Port: 0x608
[    0.056453] ACPI: LAPIC_NMI (acpi_id[0xff] dfl dfl lint[0x1])
[    0.056867] IOAPIC[0]: apic_id 0, version 17, address 0xfec00000, GSI 0-23
[    0.057323] ACPI: INT_SRC_OVR (bus 0 bus_irq 0 global_irq 2 dfl dfl)
[    0.057738] ACPI: INT_SRC_OVR (bus 0 bus_irq 5 global_irq 5 high level)
[    0.058170] ACPI: INT_SRC_OVR (bus 0 bus_irq 9 global_irq 9 high level)
[    0.058602] ACPI: INT_SRC_OVR (bus 0 bus_irq 10 global_irq 10 high level)
[    0.059045] ACPI: INT_SRC_OVR (bus 0 bus_irq 11 global_irq 11 high level)
[    0.059499] ACPI: Using ACPI (MADT) for SMP configuration information
[    0.059915] ACPI: HPET id: 0x8086a201 base: 0xfed00000
[    0.060268] TSC deadline timer available
[    0.060526] smpboot: Allowing 2 CPUs, 0 hotplug CPUs
[    0.060898] kvm-guest: KVM setup pv remote TLB flush
[    0.061221] kvm-guest: setup PV sched yield
[    0.061542] PM: hibernation: Registered nosave memory: [mem 0x00000000-0x00000fff]
[    0.062035] PM: hibernation: Registered nosave memory: [mem 0x0009f000-0x0009ffff]
[    0.062522] PM: hibernation: Registered nosave memory: [mem 0x000a0000-0x000effff]
[    0.063009] PM: hibernation: Registered nosave memory: [mem 0x000f0000-0x000fffff]
[    0.063502] [mem 0x80000000-0xfeffbfff] available for PCI devices
[    0.063898] Booting paravirtualized kernel on KVM
[    0.064214] clocksource: refined-jiffies: mask: 0xffffffff max_cycles: 0xffffffff, max_idle_ns: 7645519600211568 ns
[    0.064901] setup_percpu: NR_CPUS:8192 nr_cpumask_bits:2 nr_cpu_ids:2 nr_node_ids:1
[    0.067747] percpu: Embedded 62 pages/cpu s217088 r8192 d28672 u1048576
[    0.068403] kvm-guest: PV spinlocks enabled
[    0.068692] PV qspinlock hash table entries: 256 (order: 0, 4096 bytes, linear)
[    0.069192] Fallback order for Node 0: 0 
[    0.069464] Built 1 zonelists, mobility grouping on.  Total pages: 515808
[    0.069913] Policy zone: DMA32
[    0.070117] Kernel command line: net.ifnames=0 console=ttyS0 root=/dev/sda earlyprintk=serial net.ifnames=0
[    0.072048] Dentry cache hash table entries: 262144 (order: 9, 2097152 bytes, linear)
[    0.072679] Inode-cache hash table entries: 131072 (order: 8, 1048576 bytes, linear)
[    0.073283] mem auto-init: stack:off, heap alloc:off, heap free:off
[    0.076786] Memory: 1999736K/2096632K available (30736K kernel code, 4095K rwdata, 7576K rodata, 3632K init, 10504K bss, 96640K reserved, 0K cma-reserved)
[    0.078569] SLUB: HWalign=64, Order=0-3, MinObjects=0, CPUs=2, Nodes=1
[    0.078983] kmemleak: Kernel memory leak detector disabled
[    0.079347] ftrace: allocating 67009 entries in 262 pages
[    0.102522] ftrace: allocated 262 pages with 3 groups
[    0.104272] Dynamic Preempt: voluntary
[    0.104601] rcu: Preemptible hierarchical RCU implementation.
[    0.104961] rcu: 	RCU restricting CPUs from NR_CPUS=8192 to nr_cpu_ids=2.
[    0.105381] 	Trampoline variant of Tasks RCU enabled.
[    0.105694] 	Rude variant of Tasks RCU enabled.
[    0.105973] 	Tracing variant of Tasks RCU enabled.
[    0.106268] rcu: RCU calculated value of scheduler-enlistment delay is 25 jiffies.
[    0.106735] rcu: Adjusting geometry for rcu_fanout_leaf=16, nr_cpu_ids=2
[    0.130865] NR_IRQS: 524544, nr_irqs: 440, preallocated irqs: 16
[    0.131518] rcu: srcu_init: Setting srcu_struct sizes based on contention.
[    0.137614] Console: colour VGA+ 80x25
[    0.137894] printk: console [ttyS0] enabled
[    0.137894] printk: console [ttyS0] enabled
[    0.138425] printk: bootconsole [earlyser0] disabled
[    0.138425] printk: bootconsole [earlyser0] disabled
[    0.139081] ACPI: Core revision 20220331
[    0.139507] clocksource: hpet: mask: 0xffffffff max_cycles: 0xffffffff, max_idle_ns: 19112604467 ns
[    0.140161] APIC: Switch to symmetric I/O mode setup
[    0.140615] x2apic enabled
[    0.140934] Switched APIC routing to physical x2apic.
[    0.141260] kvm-guest: setup PV IPIs
[    0.142177] ..TIMER: vector=0x30 apic1=0 pin1=2 apic2=-1 pin2=-1
[    0.142590] clocksource: tsc-early: mask: 0xffffffffffffffff max_cycles: 0xb9fb05486c, max_idle_ns: 440795231721 ns
[    0.143277] Calibrating delay loop (skipped) preset value.. 1612.80 BogoMIPS (lpj=3225600)
[    0.143820] pid_max: default: 32768 minimum: 301
[    0.147381] LSM: Security Framework initializing
[    0.147700] Yama: becoming mindful.
[    0.148099] Mount-cache hash table entries: 4096 (order: 3, 32768 bytes, linear)
[    0.148596] Mountpoint-cache hash table entries: 4096 (order: 3, 32768 bytes, linear)
[    0.150719] x86/cpu: User Mode Instruction Prevention (UMIP) activated
[    0.151359] Last level iTLB entries: 4KB 0, 2MB 0, 4MB 0
[    0.151777] Last level dTLB entries: 4KB 0, 2MB 0, 4MB 0, 1GB 0
[    0.152190] Spectre V1 : Mitigation: usercopy/swapgs barriers and __user pointer sanitization
[    0.152747] Spectre V2 : WARNING: Unprivileged eBPF is enabled with eIBRS on, data leaks possible via Spectre v2 BHB attacks!
[    0.153474] Spectre V2 : Mitigation: Enhanced IBRS
[    0.153776] Spectre V2 : Spectre v2 / SpectreRSB mitigation: Filling RSB on context switch
[    0.154288] Spectre V2 : Spectre v2 / PBRSB-eIBRS: Retire a single CALL on VMEXIT
[    0.154756] Spectre V2 : mitigation: Enabling conditional Indirect Branch Prediction Barrier
[    0.155269] Speculative Store Bypass: Mitigation: Speculative Store Bypass disabled via prctl
[    0.155804] MMIO Stale Data: Unknown: No mitigations
[    0.251556] Freeing SMP alternatives memory: 56K
[    0.252176] smpboot: CPU0: Genuine Intel(R) 0000 (family: 0x6, model: 0xb7, stepping: 0x0)
[    0.252965] cblist_init_generic: Setting adjustable number of callback queues.
[    0.253445] cblist_init_generic: Setting shift to 1 and lim to 1.
[    0.253886] cblist_init_generic: Setting shift to 1 and lim to 1.
[    0.254314] cblist_init_generic: Setting shift to 1 and lim to 1.
[    0.254748] Performance Events: Alderlake Hybrid events, full-width counters, Intel PMU driver.
[    0.255267] core: cpu_core PMU driver: 
[    0.255267] ... version:                2
[    0.255271] ... bit width:              48
[    0.255545] ... generic registers:      6
[    0.255814] ... value mask:             0000ffffffffffff
[    0.256167] ... max period:             00007fffffffffff
[    0.256519] ... fixed-purpose events:   3
[    0.256788] ... event mask:             0001000f0000003f
[    0.257236] rcu: Hierarchical SRCU implementation.
[    0.257556] rcu: 	Max phase no-delay instances is 1000.
[    0.259990] unchecked MSR access error: WRMSR to 0x38f (tried to write 0x0001000f0000003f) at rIP: 0xffffffff810c30cc (native_write_msr+0xc/0x30)
[    0.260861] Call Trace:
[    0.261029]  <TASK>
[    0.261176]  __intel_pmu_enable_all.constprop.46+0xb5/0x140
[    0.261561]  intel_pmu_enable_all+0x1e/0x30
[    0.261847]  x86_pmu_enable+0x46d/0x5a0
[    0.262118]  ? write_comp_data+0x2f/0x90
[    0.262392]  perf_pmu_enable+0x53/0x70
[    0.262660]  ctx_resched+0xab/0xf0
[    0.262900]  __perf_install_in_context+0x210/0x390
[    0.263229]  ? __sanitizer_cov_trace_pc+0x25/0x60
[    0.263267]  ? perf_duration_warn+0x50/0x50
[    0.263267]  remote_function+0x80/0xa0
[    0.263267]  ? perf_duration_warn+0x50/0x50
[    0.263267]  generic_exec_single+0xea/0x150
[    0.263267]  ? perf_duration_warn+0x50/0x50
[    0.263267]  smp_call_function_single+0x11c/0x240
[    0.263267]  ? perf_duration_warn+0x50/0x50
[    0.263267]  ? __sanitizer_cov_trace_pc+0x25/0x60
[    0.263267]  ? write_comp_data+0x2f/0x90
[    0.263267]  perf_install_in_context+0x292/0x2c0
[    0.263267]  ? ctx_resched+0xf0/0xf0
[    0.263267]  perf_event_create_kernel_counter+0x168/0x200
[    0.263267]  ? find_next_bit+0x30/0x30
[    0.263267]  hardlockup_detector_event_create+0x46/0xd0
[    0.263267]  hardlockup_detector_perf_init+0x18/0x66
[    0.263267]  watchdog_nmi_probe+0x17/0x1d
[    0.263267]  lockup_detector_init+0x40/0xad
[    0.263267]  kernel_init_freeable+0x1b0/0x37a
[    0.263267]  ? rest_init+0xe0/0xe0
[    0.263267]  kernel_init+0x24/0x1e0
[    0.263267]  ? rest_init+0xe0/0xe0
[    0.263267]  ret_from_fork+0x1f/0x30
[    0.263267]  </TASK>
[    0.263382] smp: Bringing up secondary CPUs ...
[    0.263879] x86: Booting SMP configuration:
[    0.264160] .... node  #0, CPUs:      #1
[    0.011315] smpboot: CPU 1 Converting physical 0 to logical die 1
[    0.267324] smp: Brought up 1 node, 2 CPUs
[    0.267615] smpboot: Max logical packages: 2
[    0.267894] smpboot: Total of 2 processors activated (3225.60 BogoMIPS)
[    0.269948] devtmpfs: initialized
[    0.269948] x86/mm: Memory block size: 128MB
[    0.272140] clocksource: jiffies: mask: 0xffffffff max_cycles: 0xffffffff, max_idle_ns: 7645041785100000 ns
[    0.272159] futex hash table entries: 512 (order: 3, 32768 bytes, linear)
[    0.272711] pinctrl core: initialized pinctrl subsystem
[    0.273270] 
[    0.273374] *************************************************************
[    0.273810] **     NOTICE NOTICE NOTICE NOTICE NOTICE NOTICE NOTICE    **
[    0.274245] **                                                         **
[    0.275272] **  IOMMU DebugFS SUPPORT HAS BEEN ENABLED IN THIS KERNEL  **
[    0.275706] **                                                         **
[    0.276140] ** This means that this kernel is built to expose internal **
[    0.276574] ** IOMMU data structures, which may compromise security on **
[    0.277008] ** your system.                                            **
[    0.277446] **                                                         **
[    0.277879] ** If you see this message and you are not debugging the   **
[    0.278314] ** kernel, report this immediately to your vendor!         **
[    0.278748] **                                                         **
[    0.279181] **     NOTICE NOTICE NOTICE NOTICE NOTICE NOTICE NOTICE    **
[    0.279269] *************************************************************
[    0.279740] PM: RTC time: 03:56:30, date: 2022-12-01
[    0.283465] NET: Registered PF_NETLINK/PF_ROUTE protocol family
[    0.284202] DMA: preallocated 256 KiB GFP_KERNEL pool for atomic allocations
[    0.284666] DMA: preallocated 256 KiB GFP_KERNEL|GFP_DMA pool for atomic allocations
[    0.285182] DMA: preallocated 256 KiB GFP_KERNEL|GFP_DMA32 pool for atomic allocations
[    0.285714] audit: initializing netlink subsys (disabled)
[    0.286103] audit: type=2000 audit(1669866991.461:1): state=initialized audit_enabled=0 res=1
[    0.286103] thermal_sys: Registered thermal governor 'fair_share'
[    0.286103] thermal_sys: Registered thermal governor 'bang_bang'
[    0.286103] thermal_sys: Registered thermal governor 'step_wise'
[    0.287272] thermal_sys: Registered thermal governor 'user_space'
[    0.287670] cpuidle: using governor ladder
[    0.288327] cpuidle: using governor menu
[    0.288783] acpiphp: ACPI Hot Plug PCI Controller Driver version: 0.5
[    0.289399] PCI: Using configuration type 1 for base access
[    0.297357] kprobes: kprobe jump-optimization is enabled. All kprobes are optimized if possible.
[    0.523663] HugeTLB: registered 1.00 GiB page size, pre-allocated 0 pages
[    0.524774] HugeTLB: 16380 KiB vmemmap can be freed for a 1.00 GiB page
[    0.525355] HugeTLB: registered 2.00 MiB page size, pre-allocated 0 pages
[    0.525933] HugeTLB: 28 KiB vmemmap can be freed for a 2.00 MiB page
[    0.527639] ACPI: Added _OSI(Module Device)
[    0.528022] ACPI: Added _OSI(Processor Device)
[    0.528445] ACPI: Added _OSI(3.0 _SCP Extensions)
[    0.528860] ACPI: Added _OSI(Processor Aggregator Device)
[    0.535796] ACPI: 1 ACPI AML tables successfully acquired and loaded
[    0.538975] ACPI: Interpreter enabled
[    0.539345] ACPI: PM: (supports S0 S3 S4 S5)
[    0.539713] ACPI: Using IOAPIC for interrupt routing
[    0.540170] PCI: Using host bridge windows from ACPI; if necessary, use "pci=nocrs" and report a bug
[    0.540940] PCI: Using E820 reservations for host bridge windows
[    0.542003] ACPI: Enabled 2 GPEs in block 00 to 0F
[    0.554261] ACPI: PCI Root Bridge [PCI0] (domain 0000 [bus 00-ff])
[    0.554815] acpi PNP0A03:00: _OSC: OS supports [ASPM ClockPM Segments MSI EDR HPX-Type3]
[    0.555276] acpi PNP0A03:00: _OSC: not requesting OS control; OS requires [ExtendedConfig ASPM ClockPM MSI]
[    0.556085] acpi PNP0A03:00: fail to add MMCONFIG information, can't access extended PCI configuration space under this bridge.
[    0.558552] acpiphp: Slot [3] registered
[    0.558914] acpiphp: Slot [4] registered
[    0.559288] acpiphp: Slot [5] registered
[    0.559667] acpiphp: Slot [6] registered
[    0.560047] acpiphp: Slot [7] registered
[    0.560415] acpiphp: Slot [8] registered
[    0.560783] acpiphp: Slot [9] registered
[    0.561150] acpiphp: Slot [10] registered
[    0.561525] acpiphp: Slot [11] registered
[    0.561908] acpiphp: Slot [12] registered
[    0.562280] acpiphp: Slot [13] registered
[    0.562682] acpiphp: Slot [14] registered
[    0.563063] acpiphp: Slot [15] registered
[    0.563319] acpiphp: Slot [16] registered
[    0.563685] acpiphp: Slot [17] registered
[    0.564050] acpiphp: Slot [18] registered
[    0.564467] acpiphp: Slot [19] registered
[    0.564861] acpiphp: Slot [20] registered
[    0.565227] acpiphp: Slot [21] registered
[    0.565593] acpiphp: Slot [22] registered
[    0.565959] acpiphp: Slot [23] registered
[    0.566338] acpiphp: Slot [24] registered
[    0.566743] acpiphp: Slot [25] registered
[    0.567117] acpiphp: Slot [26] registered
[    0.567318] acpiphp: Slot [27] registered
[    0.567692] acpiphp: Slot [28] registered
[    0.568067] acpiphp: Slot [29] registered
[    0.568451] acpiphp: Slot [30] registered
[    0.568819] acpiphp: Slot [31] registered
[    0.569153] PCI host bridge to bus 0000:00
[    0.569482] pci_bus 0000:00: root bus resource [io  0x0000-0x0cf7 window]
[    0.570022] pci_bus 0000:00: root bus resource [io  0x0d00-0xffff window]
[    0.570596] pci_bus 0000:00: root bus resource [mem 0x000a0000-0x000bffff window]
[    0.571192] pci_bus 0000:00: root bus resource [mem 0x80000000-0xfebfffff window]
[    0.571271] pci_bus 0000:00: root bus resource [mem 0x100000000-0x17fffffff window]
[    0.571910] pci_bus 0000:00: root bus resource [bus 00-ff]
[    0.572407] pci 0000:00:00.0: [8086:1237] type 00 class 0x060000
[    0.575107] pci 0000:00:01.0: [8086:7000] type 00 class 0x060100
[    0.575817] pci 0000:00:01.1: [8086:7010] type 00 class 0x010180
[    0.577627] pci 0000:00:01.1: reg 0x20: [io  0xc040-0xc04f]
[    0.578694] pci 0000:00:01.1: legacy IDE quirk: reg 0x10: [io  0x01f0-0x01f7]
[    0.579273] pci 0000:00:01.1: legacy IDE quirk: reg 0x14: [io  0x03f6]
[    0.579790] pci 0000:00:01.1: legacy IDE quirk: reg 0x18: [io  0x0170-0x0177]
[    0.580354] pci 0000:00:01.1: legacy IDE quirk: reg 0x1c: [io  0x0376]
[    0.581092] pci 0000:00:01.3: [8086:7113] type 00 class 0x068000
[    0.581860] pci 0000:00:01.3: quirk: [io  0x0600-0x063f] claimed by PIIX4 ACPI
[    0.582461] pci 0000:00:01.3: quirk: [io  0x0700-0x070f] claimed by PIIX4 SMB
[    0.583228] pci 0000:00:02.0: [1234:1111] type 00 class 0x030000
[    0.585174] pci 0000:00:02.0: reg 0x10: [mem 0xfd000000-0xfdffffff pref]
[    0.587546] pci 0000:00:02.0: reg 0x18: [mem 0xfebf0000-0xfebf0fff]
[    0.590999] pci 0000:00:02.0: reg 0x30: [mem 0xfebe0000-0xfebeffff pref]
[    0.591423] pci 0000:00:02.0: Video device with shadowed ROM at [mem 0x000c0000-0x000dffff]
[    0.594358] pci 0000:00:03.0: [8086:100e] type 00 class 0x020000
[    0.595274] pci 0000:00:03.0: reg 0x10: [mem 0xfebc0000-0xfebdffff]
[    0.596561] pci 0000:00:03.0: reg 0x14: [io  0xc000-0xc03f]
[    0.599275] pci 0000:00:03.0: reg 0x30: [mem 0xfeb80000-0xfebbffff pref]
[    0.608325] ACPI: PCI: Interrupt link LNKA configured for IRQ 10
[    0.609063] ACPI: PCI: Interrupt link LNKB configured for IRQ 10
[    0.609774] ACPI: PCI: Interrupt link LNKC configured for IRQ 11
[    0.610486] ACPI: PCI: Interrupt link LNKD configured for IRQ 11
[    0.611072] ACPI: PCI: Interrupt link LNKS configured for IRQ 9
[    0.612206] iommu: Default domain type: Translated 
[    0.612583] iommu: DMA domain TLB invalidation policy: lazy mode 
[    0.613635] SCSI subsystem initialized
[    0.614116] ACPI: bus type USB registered
[    0.614480] usbcore: registered new interface driver usbfs
[    0.614916] usbcore: registered new interface driver hub
[    0.615292] usbcore: registered new device driver usb
[    0.615744] pps_core: LinuxPPS API ver. 1 registered
[    0.616158] pps_core: Software ver. 5.3.6 - Copyright 2005-2007 Rodolfo Giometti <giometti@linux.it>
[    0.616862] PTP clock support registered
[    0.617265] EDAC MC: Ver: 3.0.0
[    0.618320] NetLabel: Initializing
[    0.618585] NetLabel:  domain hash size = 128
[    0.618917] NetLabel:  protocols = UNLABELED CIPSOv4 CALIPSO
[    0.619307] NetLabel:  unlabeled traffic allowed by default
[    0.655512] PCI: Using ACPI for IRQ routing
[    0.656377] pci 0000:00:02.0: vgaarb: setting as boot VGA device
[    0.657166] pci 0000:00:02.0: vgaarb: bridge control possible
[    0.657923] pci 0000:00:02.0: vgaarb: VGA device added: decodes=io+mem,owns=io+mem,locks=none
[    0.659036] vgaarb: loaded
[    0.659931] hpet0: at MMIO 0xfed00000, IRQs 2, 8, 0
[    0.660609] hpet0: 3 comparators, 64-bit 100.000000 MHz counter
[    3.334300] clocksource: Switched to clocksource kvm-clock
[    3.496349] VFS: Disk quotas dquot_6.6.0
[    3.496852] VFS: Dquot-cache hash table entries: 512 (order 0, 4096 bytes)
[    3.497808] pnp: PnP ACPI init
[    3.499987] pnp: PnP ACPI: found 6 devices
[    3.509865] clocksource: acpi_pm: mask: 0xffffff max_cycles: 0xffffff, max_idle_ns: 2085701024 ns
[    3.511259] NET: Registered PF_INET protocol family
[    3.512086] IP idents hash table entries: 32768 (order: 6, 262144 bytes, linear)
[    3.516741] tcp_listen_portaddr_hash hash table entries: 1024 (order: 2, 16384 bytes, linear)
[    3.517667] Table-perturb hash table entries: 65536 (order: 6, 262144 bytes, linear)
[    3.518494] TCP established hash table entries: 16384 (order: 5, 131072 bytes, linear)
[    3.521163] TCP bind hash table entries: 16384 (order: 7, 524288 bytes, linear)
[    3.522034] TCP: Hash tables configured (established 16384 bind 16384)
[    3.522785] UDP hash table entries: 1024 (order: 3, 32768 bytes, linear)
[    3.523492] UDP-Lite hash table entries: 1024 (order: 3, 32768 bytes, linear)
[    3.524365] NET: Registered PF_UNIX/PF_LOCAL protocol family
[    3.525588] RPC: Registered named UNIX socket transport module.
[    3.526208] RPC: Registered udp transport module.
[    3.526690] RPC: Registered tcp transport module.
[    3.527154] RPC: Registered tcp NFSv4.1 backchannel transport module.
[    3.527829] pci_bus 0000:00: resource 4 [io  0x0000-0x0cf7 window]
[    3.528432] pci_bus 0000:00: resource 5 [io  0x0d00-0xffff window]
[    3.529028] pci_bus 0000:00: resource 6 [mem 0x000a0000-0x000bffff window]
[    3.529684] pci_bus 0000:00: resource 7 [mem 0x80000000-0xfebfffff window]
[    3.530349] pci_bus 0000:00: resource 8 [mem 0x100000000-0x17fffffff window]
[    3.531263] pci 0000:00:01.0: PIIX3: Enabling Passive Release
[    3.531835] pci 0000:00:00.0: Limiting direct PCI/PCI transfers
[    3.532522] PCI: CLS 0 bytes, default 64
[    3.532946] ACPI: bus type thunderbolt registered
[    3.533805] clocksource: tsc: mask: 0xffffffffffffffff max_cycles: 0xb9fb05486c, max_idle_ns: 440795231721 ns
[    3.543342] Initialise system trusted keyrings
[    3.543909] Key type blacklist registered
[    3.544509] workingset: timestamp_bits=36 max_order=19 bucket_order=0
[    3.550905] zbud: loaded
[    3.552412] squashfs: version 4.0 (2009/01/31) Phillip Lougher
[    3.556006] NFS: Registering the id_resolver key type
[    3.556605] Key type id_resolver registered
[    3.557050] Key type id_legacy registered
[    3.557557] nfs4filelayout_init: NFSv4 File Layout Driver Registering...
[    3.558265] nfs4flexfilelayout_init: NFSv4 Flexfile Layout Driver Registering...
[    3.559168] fuse: init (API version 7.37)
[    3.559852] SGI XFS with ACLs, security attributes, realtime, quota, no debug enabled
[    3.562180] 9p: Installing v9fs 9p2000 file system support
[    3.571604] Key type asymmetric registered
[    3.572081] Asymmetric key parser 'x509' registered
[    3.574272] alg: self-tests for CTR-KDF (hmac(sha256)) passed
[    3.575015] Block layer SCSI generic (bsg) driver version 0.4 loaded (major 243)
[    3.575956] io scheduler mq-deadline registered
[    3.576535] io scheduler bfq registered
[    3.577750] shpchp: Standard Hot Plug PCI Controller Driver version: 0.4
[    3.578679] IPMI message handler: version 39.2
[    3.579168] ipmi device interface
[    3.580802] input: Power Button as /devices/LNXSYSTM:00/LNXPWRBN:00/input/input0
[    3.581673] ACPI: button: Power Button [PWRF]
[    3.583017] ERST DBG: ERST support is disabled.
[    3.584023] Serial: 8250/16550 driver, 32 ports, IRQ sharing enabled
[    3.585185] 00:04: ttyS0 at I/O 0x3f8 (irq = 4, base_baud = 115200) is a 16550A
[    3.591753] Linux agpgart interface v0.103
[    3.592768] ACPI: bus type drm_connector registered
[    3.602529] brd: module loaded
[    3.611432] loop: module loaded
[    3.615465] scsi host0: ata_piix
[    3.616315] scsi host1: ata_piix
[    3.616769] ata1: PATA max MWDMA2 cmd 0x1f0 ctl 0x3f6 bmdma 0xc040 irq 14
[    3.617488] ata2: PATA max MWDMA2 cmd 0x170 ctl 0x376 bmdma 0xc048 irq 15
[    3.619326] tun: Universal TUN/TAP device driver, 1.6
[    3.619996] e100: Intel(R) PRO/100 Network Driver
[    3.620500] e100: Copyright(c) 1999-2006 Intel Corporation
[    3.621138] e1000: Intel(R) PRO/1000 Network Driver
[    3.621661] e1000: Copyright (c) 1999-2006 Intel Corporation.
[    3.733012] ACPI: \_SB_.LNKC: Enabled at IRQ 11
[    3.775540] ata2: found unknown device (class 0)
[    3.776529] ata2.00: ATAPI: QEMU DVD-ROM, 2.5+, max UDMA/100
[    3.777852] ata1: found unknown device (class 0)
[    3.778782] ata1.00: ATA-7: QEMU HARDDISK, 2.5+, max UDMA/100
[    3.779436] ata1.00: 16777216 sectors, multi 16: LBA48 
[    3.780736] scsi 0:0:0:0: Direct-Access     ATA      QEMU HARDDISK    2.5+ PQ: 0 ANSI: 5
[    3.782466] sd 0:0:0:0: [sda] 16777216 512-byte logical blocks: (8.59 GB/8.00 GiB)
[    3.783372] sd 0:0:0:0: Attached scsi generic sg0 type 0
[    3.784033] sd 0:0:0:0: [sda] Write Protect is off
[    3.784665] sd 0:0:0:0: [sda] Write cache: enabled, read cache: enabled, doesn't support DPO or FUA
[    3.785650] sd 0:0:0:0: [sda] Preferred minimum I/O size 512 bytes
[    3.786861] scsi 1:0:0:0: CD-ROM            QEMU     QEMU DVD-ROM     2.5+ PQ: 0 ANSI: 5
[    3.809765] sd 0:0:0:0: [sda] Attached SCSI disk
[    3.816044] scsi 1:0:0:0: Attached scsi generic sg1 type 5
[    4.067177] e1000 0000:00:03.0 eth0: (PCI:33MHz:32-bit) 52:54:00:12:34:56
[    4.067949] e1000 0000:00:03.0 eth0: Intel(R) PRO/1000 Network Connection
[    4.068775] e1000e: Intel(R) PRO/1000 Network Driver
[    4.069303] e1000e: Copyright(c) 1999 - 2015 Intel Corporation.
[    4.069999] igb: Intel(R) Gigabit Ethernet Network Driver
[    4.070588] igb: Copyright (c) 2007-2014 Intel Corporation.
[    4.071283] PPP generic driver version 2.4.2
[    4.072522] VFIO - User Level meta-driver version: 0.3
[    4.073759] usbcore: registered new interface driver uas
[    4.074465] usbcore: registered new interface driver usb-storage
[    4.075264] i8042: PNP: PS/2 Controller [PNP0303:KBD,PNP0f13:MOU] at 0x60,0x64 irq 1,12
[    4.076798] serio: i8042 KBD port at 0x60,0x64 irq 1
[    4.077332] serio: i8042 AUX port at 0x60,0x64 irq 12
[    4.078472] mousedev: PS/2 mouse device common for all mice
[    4.080348] input: AT Translated Set 2 keyboard as /devices/platform/i8042/serio0/input/input1
[    4.082035] input: VirtualPS/2 VMware VMMouse as /devices/platform/i8042/serio1/input/input4
[    4.083240] rtc_cmos 00:05: registered as rtc0
[    4.083803] rtc_cmos 00:05: setting system clock to 2022-12-01T03:56:34 UTC (1669866994)
[    4.084796] rtc_cmos 00:05: alarms up to one day, 242 bytes nvram, hpet irqs
[    4.085591] rtc_cmos 00:05: RTC can wake from S4
[    4.086169] i2c_dev: i2c /dev entries driver
[    4.086682] device-mapper: core: CONFIG_IMA_DISABLE_HTABLE is disabled. Duplicate IMA measurements will not be recorded in the IMA log.
[    4.088225] input: VirtualPS/2 VMware VMMouse as /devices/platform/i8042/serio1/input/input3
[    4.089330] device-mapper: uevent: version 1.0.3
[    4.090167] device-mapper: ioctl: 4.47.0-ioctl (2022-07-28) initialised: dm-devel@redhat.com
[    4.091070] intel_pstate: CPU model not supported
[    4.091677] sdhci: Secure Digital Host Controller Interface driver
[    4.092325] sdhci: Copyright(c) Pierre Ossman
[    4.092896] sdhci-pltfm: SDHCI platform and OF driver helper
[    4.093590] ledtrig-cpu: registered to indicate activity on CPUs
[    4.094489] drop_monitor: Initializing network drop monitor service
[    4.095804] NET: Registered PF_INET6 protocol family
[    4.098104] Segment Routing with IPv6
[    4.098565] In-situ OAM (IOAM) with IPv6
[    4.099033] NET: Registered PF_PACKET protocol family
[    4.099869] 9pnet: Installing 9P2000 support
[    4.100371] Key type dns_resolver registered
[    4.101779] IPI shorthand broadcast: enabled
[    4.102321] sched_clock: Marking stable (4094147919, 7315798)->(4135716830, -34253113)
[    4.103641] registered taskstats version 1
[    4.104192] Loading compiled-in X.509 certificates
[    4.106618] zswap: loaded using pool lzo/zbud
[    4.107654] Key type .fscrypt registered
[    4.108075] Key type fscrypt-provisioning registered
[    4.109658] Key type encrypted registered
[    4.110111] ima: No TPM chip found, activating TPM-bypass!
[    4.110706] ima: Allocated hash algorithm: sha1
[    4.111205] ima: No architecture policies found
[    4.111787] evm: Initialising EVM extended attributes:
[    4.112321] evm: security.selinux
[    4.112674] evm: security.SMACK64
[    4.113026] evm: security.SMACK64EXEC
[    4.113415] evm: security.SMACK64TRANSMUTE
[    4.113845] evm: security.SMACK64MMAP
[    4.114232] evm: security.apparmor
[    4.114599] evm: security.ima
[    4.114916] evm: security.capability
[    4.115325] evm: HMAC attrs: 0x1
[    4.120651] PM:   Magic number: 2:318:916
[    4.121221] tty ptmx: hash matches
[    4.122200] RAS: Correctable Errors collector initialized.
[    4.123192] md: Waiting for all devices to be available before autodetect
[    4.123714] md: If you don't use raid, use raid=noautodetect
[    4.124129] md: Autodetecting RAID arrays.
[    4.124430] md: autorun ...
[    4.124641] md: ... autorun DONE.
[    4.131734] EXT4-fs (sda): mounted filesystem with ordered data mode. Quota mode: none.
[    4.132369] VFS: Mounted root (ext4 filesystem) readonly on device 8:0.
[    4.134812] devtmpfs: mounted
[    4.142671] Freeing unused decrypted memory: 2036K
[    4.146244] Freeing unused kernel image (initmem) memory: 3632K
[    4.171404] Write protecting the kernel read-only data: 40960k
[    4.175561] Freeing unused kernel image (text/rodata gap) memory: 2028K
[    4.176933] Freeing unused kernel image (rodata/data gap) memory: 616K
[    4.296802] x86/mm: Checked W+X mappings: passed, no W+X pages found.
[    4.297303] Run /sbin/init as init process
[    4.410254] systemd[1]: RTC configured in localtime, applying delta of 0 minutes to system time.
[    4.432284] systemd[1]: systemd 239 (239-49.el8) running in system mode. (+PAM +AUDIT +SELINUX +IMA -APPARMOR +SMACK +SYSVINIT +UTMP +LIBCRYPTSETUP +GCRYPT +GNUTLS +ACL +XZ +LZ4 +SECCOMP +BLKID +ELFUTILS +KMOD +IDN2 -IDN +PCRE2 default-hierarchy=legacy)
[    4.433827] systemd[1]: Detected virtualization kvm.
[    4.434183] systemd[1]: Detected architecture x86-64.

Welcome to [0;31mCentOS Stream 8[0m!

[    4.487766] systemd[1]: Set hostname to <test>.
[    5.519277] random: crng init done
[    5.597762] systemd[1]: Listening on udev Kernel Socket.
[[0;32m  OK  [0m] Listening on udev Kernel Socket.
[    5.599342] systemd[1]: Created slice User and Session Slice.
[[0;32m  OK  [0m] Created slice User and Session Slice.
[    5.600160] systemd[1]: Listening on Device-mapper event daemon FIFOs.
[[0;32m  OK  [0m] Listening on Device-mapper event daemon FIFOs.
[    5.601050] systemd[1]: Listening on Journal Socket.
[[0;32m  OK  [0m] Listening on Journal Socket.
[    5.631393] systemd[1]: Mounting Huge Pages File System...
         Mounting Huge Pages File System...
[    5.632480] systemd[1]: Created slice system-serial\x2dgetty.slice.
[[0;32m  OK  [0m] Created slice system-serial\x2dgetty.slice.
         Starting Setup Virtual Console...
         Starting Monitoring of LVM2 mirrorsâ€¦ng dmeventd or progress polling...
[[0;32m  OK  [0m] Listening on udev Control Socket.
         Starting udev Coldplug all Devices...
[[0;32m  OK  [0m] Listening on initctl Compatibility Named Pipe.
[[0;32m  OK  [0m] Created slice system-sshd\x2dkeygen.slice.
[[0;32m  OK  [0m] Created slice system-getty.slice.
[[0;32m  OK  [0m] Set up automount Arbitrary Executabâ€¦rmats File System Automount Point.
[[0;32m  OK  [0m] Listening on Process Core Dump Socket.
[[0;32m  OK  [0m] Listening on LVM2 poll daemon socket.
[[0;32m  OK  [0m] Reached target Slices.
         Starting Load Kernel Modules...
[[0;32m  OK  [0m] Listening on multipathd control socket.
         Starting Remount Root and Kernel File Systems...
[[0;32m  OK  [0m] Reached target Swap.
[[0;32m  OK  [0m] Listening on Journal Socket (/dev/log).
         Starting Journal Service...
[[0;32m  OK  [0m] Listening on RPCbind Server Activation Socket.
[[0;32m  OK  [0m] Reached target RPC Port Mapper.
         Mounting Kernel Debug File System...
         Mounting POSIX Message Queue File System...
[[0;32m  OK  [0m] Started Forward Password Requests to Wall Directory Watch.
[[0;32m  OK  [0m] Mounted Huge Pages File System.
[[0;1;31mFAILED[0m] Failed to start Load Kernel Modules.
See 'systemctl status systemd-modules-load.service' for details.
[[0;32m  OK  [0m] Mounted Kernel Debug File System.
[[0;32m  OK  [0m] Mounted POSIX Message Queue File System.
         Starting Apply Kernel Variables...
         Mounting Kernel Configuration File System...
[    5.899304] EXT4-fs (sda): re-mounted. Quota mode: none.
         Mounting FUSE Control File System...
[[0;32m  OK  [0m] Started Journal Service.
[[0;32m  OK  [0m] Started Remount Root and Kernel File Systems.
[[0;32m  OK  [0m] Started udev Coldplug all Devices.
[[0;32m  OK  [0m] Started Setup Virtual Console.
[[0;32m  OK  [0m] Started Apply Kernel Variables.
[[0;32m  OK  [0m] Mounted Kernel Configuration File System.
[[0;32m  OK  [0m] Mounted FUSE Control File System.
         Starting udev Wait for Complete Device Initialization...
         Starting Load/Save Random Seed...
         Starting Create Static Device Nodes in /dev...
         Starting Flush Journal to Persistent Storage...
[[0;32m  OK  [0m] Started Flush Journal to Persistent Storage.
[[0;32m  OK  [0m] Started Load/Save Random Seed.
[[0;32m  OK  [0m] Started Create Static Device Nodes in /dev.
         Starting udev Kernel Device Manager...
[[0;32m  OK  [0m] Started udev Kernel Device Manager.
         Starting Show Plymouth Boot Screen...
[[0;32m  OK  [0m] Started Show Plymouth Boot Screen.
[[0;32m  OK  [0m] Started Forward Password Requests to Plymouth Directory Watch.
[[0;32m  OK  [0m] Reached target Local Encrypted Volumes.
[[0;32m  OK  [0m] Reached target Paths.
[[0;32m  OK  [0m] Found device /dev/ttyS0.
[[0;32m  OK  [0m] Started Monitoring of LVM2 mirrors,â€¦sing dmeventd or progress polling.
[[0;32m  OK  [0m] Started udev Wait for Complete Device Initialization.
[[0;32m  OK  [0m] Reached target Local File Systems (Pre).
[[0;32m  OK  [0m] Reached target Local File Systems.
         Starting Create Volatile Files and Directories...
         Starting Restore /run/initramfs on shutdown...
         Starting Tell Plymouth To Write Out Runtime Data...
[[0;32m  OK  [0m] Listening on Load/Save RF Kill Switch Status /dev/rfkill Watch.
[[0;32m  OK  [0m] Started Restore /run/initramfs on shutdown.
[[0;32m  OK  [0m] Started Tell Plymouth To Write Out Runtime Data.
[[0;32m  OK  [0m] Started Create Volatile Files and Directories.
         Starting RPC Bind...
         Starting Security Auditing Service...
         Mounting RPC Pipe File System...
[[0;32m  OK  [0m] Mounted RPC Pipe File System.
[[0;32m  OK  [0m] Reached target rpc_pipefs.target.
[[0;32m  OK  [0m] Started RPC Bind.
[[0;32m  OK  [0m] Started Security Auditing Service.
         Starting Update UTMP about System Boot/Shutdown...
[[0;32m  OK  [0m] Started Update UTMP about System Boot/Shutdown.
[[0;32m  OK  [0m] Reached target System Initialization.
[[0;32m  OK  [0m] Started Daily Cleanup of Temporary Directories.
[[0;32m  OK  [0m] Listening on D-Bus System Message Bus Socket.
[[0;32m  OK  [0m] Started dnf makecache --timer.
[[0;32m  OK  [0m] Listening on SSSD Kerberos Cache Manager responder socket.
[[0;32m  OK  [0m] Reached target Sockets.
[[0;32m  OK  [0m] Reached target Basic System.
         Starting Authorization Manager...
[[0;32m  OK  [0m] Started D-Bus System Message Bus.
[[0;32m  OK  [0m] Started Machine Check Exception Logging Daemon.
         Starting Self Monitoring and Reporting Technology (SMART) Daemon...
         Starting NTP client/server...
[[0;32m  OK  [0m] Reached target sshd-keygen.target.
[[0;32m  OK  [0m] Started daily update of the root trust anchor for DNSSEC.
[[0;32m  OK  [0m] Reached target Timers.
         Starting Auto-connect to subsystemsâ€¦-NVME devices found during boot...
         Starting Network Manager...
         Starting Login Service...
[[0;32m  OK  [0m] Started irqbalance daemon.
[[0;32m  OK  [0m] Started Auto-connect to subsystems â€¦FC-NVME devices found during boot.
[[0;32m  OK  [0m] Started Self Monitoring and Reporting Technology (SMART) Daemon.
[[0;32m  OK  [0m] Started Login Service.
[[0;32m  OK  [0m] Started NTP client/server.
[[0;32m  OK  [0m] Started Network Manager.
[[0;32m  OK  [0m] Reached target Network.
         Starting OpenSSH server daemon...
         Starting Dynamic System Tuning Daemon...
         Starting GSSAPI Proxy Daemon...
         Starting Network Manager Wait Online...
[[0;32m  OK  [0m] Started Authorization Manager.
         Starting Hostname Service...
[[0;32m  OK  [0m] Started GSSAPI Proxy Daemon.
[[0;32m  OK  [0m] Reached target NFS client services.
[[0;32m  OK  [0m] Reached target Remote File Systems (Pre).
[[0;32m  OK  [0m] Reached target Remote File Systems.
         Starting Permit User Sessions...
[[0;32m  OK  [0m] Started OpenSSH server daemon.
[[0;32m  OK  [0m] Started Permit User Sessions.
         Starting Terminate Plymouth Boot Screen...
[[0;32m  OK  [0m] Started Command Scheduler.
         Starting Hold until boot process finishes up...
[    7.367316] e1000: eth0 NIC Link is Up 1000 Mbps Full Duplex, Flow Control: RX
[    7.368019] IPv6: ADDRCONF(NETDEV_CHANGE): eth0: link becomes ready
[    7.520879] Spectre V2 : WARNING: Unprivileged eBPF is enabled with eIBRS on, data leaks possible via Spectre v2 BHB attacks!
[    7.521654] Spectre V2 : WARNING: Unprivileged eBPF is enabled with eIBRS on, data leaks possible via Spectre v2 BHB attacks!

CentOS Stream 8
Kernel 6.1.0-rc2-d6962c4fe8f9+ on an x86_64

test login: 