c[?7l[2J[0mSeaBIOS (version rel-1.14.0-0-g155821a1990b-prebuilt.qemu.org)


iPXE (http://ipxe.org) 00:03.0 CA00 PCI2.10 PnP PMM+7FF8F030+7FEEF030 CA00
Press Ctrl-B to configure iPXE (PCI 00:03.0)...                                                                               


Booting from ROM..c[?7l[2J[    0.000000] Linux version 6.1.0-rc6-eb7081409f94+ (root@p-rpls01) (gcc (GCC) 8.5.0 20210514 (Red Hat 8.5.0-17), GNU ld version 2.36.1-2.el8) #1 SMP PREEMPT_DYNAMIC Wed Nov 30 11:22:32 CST 2022
[    0.000000] Command line: console=ttyS0 root=/dev/sda earlyprintk=serial net.ifnames=0
[    0.000000] KERNEL supported cpus:
[    0.000000]   Intel GenuineIntel
[    0.000000]   AMD AuthenticAMD
[    0.000000]   Hygon HygonGenuine
[    0.000000]   Centaur CentaurHauls
[    0.000000]   zhaoxin   Shanghai  
[    0.000000] x86/fpu: Supporting XSAVE feature 0x001: 'x87 floating point registers'
[    0.000000] x86/fpu: Supporting XSAVE feature 0x002: 'SSE registers'
[    0.000000] x86/fpu: Supporting XSAVE feature 0x004: 'AVX registers'
[    0.000000] x86/fpu: Supporting XSAVE feature 0x200: 'Protection Keys User registers'
[    0.000000] x86/fpu: xstate_offset[2]:  576, xstate_sizes[2]:  256
[    0.000000] x86/fpu: xstate_offset[9]:  832, xstate_sizes[9]:    8
[    0.000000] x86/fpu: Enabled xstate features 0x207, context size is 840 bytes, using 'compacted' format.
[    0.000000] signal: max sigframe size: 3632
[    0.000000] BIOS-provided physical RAM map:
[    0.000000] BIOS-e820: [mem 0x0000000000000000-0x000000000009fbff] usable
[    0.000000] BIOS-e820: [mem 0x000000000009fc00-0x000000000009ffff] reserved
[    0.000000] BIOS-e820: [mem 0x00000000000f0000-0x00000000000fffff] reserved
[    0.000000] BIOS-e820: [mem 0x0000000000100000-0x000000007ffdffff] usable
[    0.000000] BIOS-e820: [mem 0x000000007ffe0000-0x000000007fffffff] reserved
[    0.000000] BIOS-e820: [mem 0x00000000feffc000-0x00000000feffffff] reserved
[    0.000000] BIOS-e820: [mem 0x00000000fffc0000-0x00000000ffffffff] reserved
[    0.000000] printk: bootconsole [earlyser0] enabled
[    0.000000] NX (Execute Disable) protection: active
[    0.000000] SMBIOS 2.8 present.
[    0.000000] DMI: QEMU Standard PC (i440FX + PIIX, 1996), BIOS rel-1.14.0-0-g155821a1990b-prebuilt.qemu.org 04/01/2014
[    0.000000] Hypervisor detected: KVM
[    0.000000] kvm-clock: Using msrs 4b564d01 and 4b564d00
[    0.000001] kvm-clock: using sched offset of 229609519 cycles
[    0.000292] clocksource: kvm-clock: mask: 0xffffffffffffffff max_cycles: 0x1cd42e4dffb, max_idle_ns: 881590591483 ns
[    0.001188] tsc: Detected 806.400 MHz processor
[    0.006836] last_pfn = 0x7ffe0 max_arch_pfn = 0x400000000
[    0.007184] x86/PAT: Configuration [0-7]: WB  WC  UC- UC  WB  WP  UC- WT  
[    0.011636] found SMP MP-table at [mem 0x000f5a90-0x000f5a9f]
[    0.012018] Using GB pages for direct mapping
[    0.013105] ACPI: Early table checksum verification disabled
[    0.013426] ACPI: RSDP 0x00000000000F5870 000014 (v00 BOCHS )
[    0.013759] ACPI: RSDT 0x000000007FFE1959 000034 (v01 BOCHS  BXPC     00000001 BXPC 00000001)
[    0.014248] ACPI: FACP 0x000000007FFE1805 000074 (v01 BOCHS  BXPC     00000001 BXPC 00000001)
[    0.014742] ACPI: DSDT 0x000000007FFE0040 0017C5 (v01 BOCHS  BXPC     00000001 BXPC 00000001)
[    0.015229] ACPI: FACS 0x000000007FFE0000 000040
[    0.015497] ACPI: APIC 0x000000007FFE1879 000080 (v01 BOCHS  BXPC     00000001 BXPC 00000001)
[    0.015985] ACPI: HPET 0x000000007FFE18F9 000038 (v01 BOCHS  BXPC     00000001 BXPC 00000001)
[    0.016473] ACPI: WAET 0x000000007FFE1931 000028 (v01 BOCHS  BXPC     00000001 BXPC 00000001)
[    0.016958] ACPI: Reserving FACP table memory at [mem 0x7ffe1805-0x7ffe1878]
[    0.017357] ACPI: Reserving DSDT table memory at [mem 0x7ffe0040-0x7ffe1804]
[    0.017743] ACPI: Reserving FACS table memory at [mem 0x7ffe0000-0x7ffe003f]
[    0.018129] ACPI: Reserving APIC table memory at [mem 0x7ffe1879-0x7ffe18f8]
[    0.018516] ACPI: Reserving HPET table memory at [mem 0x7ffe18f9-0x7ffe1930]
[    0.018902] ACPI: Reserving WAET table memory at [mem 0x7ffe1931-0x7ffe1958]
[    0.019741] No NUMA configuration found
[    0.019955] Faking a node at [mem 0x0000000000000000-0x000000007ffdffff]
[    0.020368] NODE_DATA(0) allocated [mem 0x7ffb5000-0x7ffdffff]
[    0.023306] Zone ranges:
[    0.023460]   DMA      [mem 0x0000000000001000-0x0000000000ffffff]
[    0.023810]   DMA32    [mem 0x0000000001000000-0x000000007ffdffff]
[    0.024151]   Normal   empty
[    0.024312]   Device   empty
[    0.024473] Movable zone start for each node
[    0.024706] Early memory node ranges
[    0.024902]   node   0: [mem 0x0000000000001000-0x000000000009efff]
[    0.025258]   node   0: [mem 0x0000000000100000-0x000000007ffdffff]
[    0.025604] Initmem setup node 0 [mem 0x0000000000001000-0x000000007ffdffff]
[    0.026148] On node 0, zone DMA: 1 pages in unavailable ranges
[    0.026161] On node 0, zone DMA: 97 pages in unavailable ranges
[    0.029553] On node 0, zone DMA32: 32 pages in unavailable ranges
[    0.030068] ACPI: PM-Timer IO Port: 0x608
[    0.030635] ACPI: LAPIC_NMI (acpi_id[0xff] dfl dfl lint[0x1])
[    0.030975] IOAPIC[0]: apic_id 0, version 17, address 0xfec00000, GSI 0-23
[    0.031359] ACPI: INT_SRC_OVR (bus 0 bus_irq 0 global_irq 2 dfl dfl)
[    0.031710] ACPI: INT_SRC_OVR (bus 0 bus_irq 5 global_irq 5 high level)
[    0.032075] ACPI: INT_SRC_OVR (bus 0 bus_irq 9 global_irq 9 high level)
[    0.032440] ACPI: INT_SRC_OVR (bus 0 bus_irq 10 global_irq 10 high level)
[    0.032814] ACPI: INT_SRC_OVR (bus 0 bus_irq 11 global_irq 11 high level)
[    0.033212] ACPI: Using ACPI (MADT) for SMP configuration information
[    0.033564] ACPI: HPET id: 0x8086a201 base: 0xfed00000
[    0.033853] TSC deadline timer available
[    0.034067] smpboot: Allowing 2 CPUs, 0 hotplug CPUs
[    0.034356] kvm-guest: KVM setup pv remote TLB flush
[    0.034628] kvm-guest: setup PV sched yield
[    0.034886] PM: hibernation: Registered nosave memory: [mem 0x00000000-0x00000fff]
[    0.035304] PM: hibernation: Registered nosave memory: [mem 0x0009f000-0x0009ffff]
[    0.035718] PM: hibernation: Registered nosave memory: [mem 0x000a0000-0x000effff]
[    0.036132] PM: hibernation: Registered nosave memory: [mem 0x000f0000-0x000fffff]
[    0.036547] [mem 0x80000000-0xfeffbfff] available for PCI devices
[    0.036882] Booting paravirtualized kernel on KVM
[    0.037152] clocksource: refined-jiffies: mask: 0xffffffff max_cycles: 0xffffffff, max_idle_ns: 7645519600211568 ns
[    0.037731] setup_percpu: NR_CPUS:8192 nr_cpumask_bits:2 nr_cpu_ids:2 nr_node_ids:1
[    0.038386] percpu: Embedded 62 pages/cpu s217088 r8192 d28672 u1048576
[    0.038901] kvm-guest: PV spinlocks enabled
[    0.039141] PV qspinlock hash table entries: 256 (order: 0, 4096 bytes, linear)
[    0.039554] Fallback order for Node 0: 0 
[    0.039783] Built 1 zonelists, mobility grouping on.  Total pages: 515808
[    0.040161] Policy zone: DMA32
[    0.040333] Kernel command line: net.ifnames=0 console=ttyS0 root=/dev/sda earlyprintk=serial net.ifnames=0
[    0.041322] Dentry cache hash table entries: 262144 (order: 9, 2097152 bytes, linear)
[    0.041836] Inode-cache hash table entries: 131072 (order: 8, 1048576 bytes, linear)
[    0.042332] mem auto-init: stack:off, heap alloc:off, heap free:off
[    0.045224] Memory: 1999736K/2096632K available (30736K kernel code, 4097K rwdata, 7580K rodata, 3636K init, 10496K bss, 96640K reserved, 0K cma-reserved)
[    0.046689] SLUB: HWalign=64, Order=0-3, MinObjects=0, CPUs=2, Nodes=1
[    0.047040] kmemleak: Kernel memory leak detector disabled
[    0.047344] ftrace: allocating 67014 entries in 262 pages
[    0.062198] ftrace: allocated 262 pages with 3 groups
[    0.063455] Dynamic Preempt: voluntary
[    0.063710] rcu: Preemptible hierarchical RCU implementation.
[    0.064012] rcu: 	RCU restricting CPUs from NR_CPUS=8192 to nr_cpu_ids=2.
[    0.064370] 	Trampoline variant of Tasks RCU enabled.
[    0.064635] 	Rude variant of Tasks RCU enabled.
[    0.064873] 	Tracing variant of Tasks RCU enabled.
[    0.065137] rcu: RCU calculated value of scheduler-enlistment delay is 25 jiffies.
[    0.065539] rcu: Adjusting geometry for rcu_fanout_leaf=16, nr_cpu_ids=2
[    0.085624] NR_IRQS: 524544, nr_irqs: 440, preallocated irqs: 16
[    0.086175] rcu: srcu_init: Setting srcu_struct sizes based on contention.
[    0.091477] Console: colour VGA+ 80x25
[    0.091706] printk: console [ttyS0] enabled
[    0.091706] printk: console [ttyS0] enabled
[    0.092157] printk: bootconsole [earlyser0] disabled
[    0.092157] printk: bootconsole [earlyser0] disabled
[    0.092714] ACPI: Core revision 20220331
[    0.093071] clocksource: hpet: mask: 0xffffffff max_cycles: 0xffffffff, max_idle_ns: 19112604467 ns
[    0.093625] APIC: Switch to symmetric I/O mode setup
[    0.094044] x2apic enabled
[    0.094321] Switched APIC routing to physical x2apic.
[    0.094600] kvm-guest: setup PV IPIs
[    0.095390] ..TIMER: vector=0x30 apic1=0 pin1=2 apic2=-1 pin2=-1
[    0.095742] clocksource: tsc-early: mask: 0xffffffffffffffff max_cycles: 0xb9fb05486c, max_idle_ns: 440795231721 ns
[    0.096312] Calibrating delay loop (skipped) preset value.. 1612.80 BogoMIPS (lpj=3225600)
[    0.096765] pid_max: default: 32768 minimum: 301
[    0.097134] LSM: Security Framework initializing
[    0.097396] Yama: becoming mindful.
[    0.100358] Mount-cache hash table entries: 4096 (order: 3, 32768 bytes, linear)
[    0.100765] Mountpoint-cache hash table entries: 4096 (order: 3, 32768 bytes, linear)
[    0.101649] x86/cpu: User Mode Instruction Prevention (UMIP) activated
[    0.102132] Last level iTLB entries: 4KB 0, 2MB 0, 4MB 0
[    0.102428] Last level dTLB entries: 4KB 0, 2MB 0, 4MB 0, 1GB 0
[    0.102757] Spectre V1 : Mitigation: usercopy/swapgs barriers and __user pointer sanitization
[    0.103214] Spectre V2 : WARNING: Unprivileged eBPF is enabled with eIBRS on, data leaks possible via Spectre v2 BHB attacks!
[    0.103833] Spectre V2 : Mitigation: Enhanced IBRS
[    0.104090] Spectre V2 : Spectre v2 / SpectreRSB mitigation: Filling RSB on context switch
[    0.104310] Spectre V2 : Spectre v2 / PBRSB-eIBRS: Retire a single CALL on VMEXIT
[    0.104700] Spectre V2 : mitigation: Enabling conditional Indirect Branch Prediction Barrier
[    0.105135] Speculative Store Bypass: Mitigation: Speculative Store Bypass disabled via prctl
[    0.105578] MMIO Stale Data: Unknown: No mitigations
[    0.176512] Freeing SMP alternatives memory: 56K
[    0.176872] smpboot: CPU0: Genuine Intel(R) 0000 (family: 0x6, model: 0xb7, stepping: 0x0)
[    0.177426] cblist_init_generic: Setting adjustable number of callback queues.
[    0.177799] cblist_init_generic: Setting shift to 1 and lim to 1.
[    0.178133] cblist_init_generic: Setting shift to 1 and lim to 1.
[    0.178462] cblist_init_generic: Setting shift to 1 and lim to 1.
[    0.178794] Performance Events: Alderlake Hybrid events, full-width counters, Intel PMU driver.
[    0.179473] core: cpu_core PMU driver: 
[    0.179678] ... version:                2
[    0.179892] ... bit width:              48
[    0.180110] ... generic registers:      6
[    0.180307] ... value mask:             0000ffffffffffff
[    0.180307] ... max period:             00007fffffffffff
[    0.180310] ... fixed-purpose events:   3
[    0.180520] ... event mask:             0001000f0000003f
[    0.180840] rcu: Hierarchical SRCU implementation.
[    0.181088] rcu: 	Max phase no-delay instances is 1000.
[    0.182792] unchecked MSR access error: WRMSR to 0x38f (tried to write 0x0001000f0000003f) at rIP: 0xffffffff810c30cc (native_write_msr+0xc/0x30)
[    0.183479] Call Trace:
[    0.183612]  <TASK>
[    0.183728]  __intel_pmu_enable_all.constprop.46+0xb5/0x140
[    0.184031]  intel_pmu_enable_all+0x1e/0x30
[    0.184255]  x86_pmu_enable+0x46d/0x5a0
[    0.184307]  ? write_comp_data+0x2f/0x90
[    0.184307]  perf_pmu_enable+0x53/0x70
[    0.184307]  ctx_resched+0xab/0xf0
[    0.184307]  __perf_install_in_context+0x210/0x390
[    0.184307]  ? __sanitizer_cov_trace_pc+0x25/0x60
[    0.184307]  ? perf_duration_warn+0x50/0x50
[    0.184307]  remote_function+0x80/0xa0
[    0.184307]  ? perf_duration_warn+0x50/0x50
[    0.184307]  generic_exec_single+0xea/0x150
[    0.184307]  ? perf_duration_warn+0x50/0x50
[    0.184307]  smp_call_function_single+0x11c/0x240
[    0.184307]  ? perf_duration_warn+0x50/0x50
[    0.184307]  ? __sanitizer_cov_trace_pc+0x25/0x60
[    0.184307]  ? write_comp_data+0x2f/0x90
[    0.184307]  perf_install_in_context+0x292/0x2c0
[    0.184307]  ? ctx_resched+0xf0/0xf0
[    0.184307]  perf_event_create_kernel_counter+0x168/0x200
[    0.184307]  ? find_next_bit+0x30/0x30
[    0.184307]  hardlockup_detector_event_create+0x46/0xd0
[    0.184307]  hardlockup_detector_perf_init+0x18/0x66
[    0.184307]  watchdog_nmi_probe+0x17/0x1d
[    0.184307]  lockup_detector_init+0x40/0xad
[    0.184307]  kernel_init_freeable+0x1b0/0x37a
[    0.184307]  ? rest_init+0xe0/0xe0
[    0.184307]  kernel_init+0x24/0x1e0
[    0.184307]  ? rest_init+0xe0/0xe0
[    0.184307]  ret_from_fork+0x1f/0x30
[    0.184307]  </TASK>
[    0.184372] smp: Bringing up secondary CPUs ...
[    0.184720] x86: Booting SMP configuration:
[    0.184944] .... node  #0, CPUs:      #1
[    0.009766] smpboot: CPU 1 Converting physical 0 to logical die 1
[    0.188341] smp: Brought up 1 node, 2 CPUs
[    0.188568] smpboot: Max logical packages: 2
[    0.188796] smpboot: Total of 2 processors activated (3225.60 BogoMIPS)
[    0.189552] devtmpfs: initialized
[    0.189552] x86/mm: Memory block size: 128MB
[    0.189552] clocksource: jiffies: mask: 0xffffffff max_cycles: 0xffffffff, max_idle_ns: 7645041785100000 ns
[    0.189552] futex hash table entries: 512 (order: 3, 32768 bytes, linear)
[    0.189552] pinctrl core: initialized pinctrl subsystem
[    0.192450] 
[    0.192534] *************************************************************
[    0.192887] **     NOTICE NOTICE NOTICE NOTICE NOTICE NOTICE NOTICE    **
[    0.193235] **                                                         **
[    0.193584] **  IOMMU DebugFS SUPPORT HAS BEEN ENABLED IN THIS KERNEL  **
[    0.193933] **                                                         **
[    0.194281] ** This means that this kernel is built to expose internal **
[    0.194630] ** IOMMU data structures, which may compromise security on **
[    0.194981] ** your system.                                            **
[    0.195332] **                                                         **
[    0.195681] ** If you see this message and you are not debugging the   **
[    0.196029] ** kernel, report this immediately to your vendor!         **
[    0.196311] **                                                         **
[    0.196660] **     NOTICE NOTICE NOTICE NOTICE NOTICE NOTICE NOTICE    **
[    0.197008] *************************************************************
[    0.197386] PM: RTC time: 01:49:41, date: 2022-12-01
[    0.199296] NET: Registered PF_NETLINK/PF_ROUTE protocol family
[    0.199889] DMA: preallocated 256 KiB GFP_KERNEL pool for atomic allocations
[    0.200267] DMA: preallocated 256 KiB GFP_KERNEL|GFP_DMA pool for atomic allocations
[    0.200313] DMA: preallocated 256 KiB GFP_KERNEL|GFP_DMA32 pool for atomic allocations
[    0.200738] audit: initializing netlink subsys (disabled)
[    0.201042] audit: type=2000 audit(1669859382.011:1): state=initialized audit_enabled=0 res=1
[    0.201042] thermal_sys: Registered thermal governor 'fair_share'
[    0.201042] thermal_sys: Registered thermal governor 'bang_bang'
[    0.201107] thermal_sys: Registered thermal governor 'step_wise'
[    0.201417] thermal_sys: Registered thermal governor 'user_space'
[    0.201740] cpuidle: using governor ladder
[    0.202281] cpuidle: using governor menu
[    0.202681] acpiphp: ACPI Hot Plug PCI Controller Driver version: 0.5
[    0.203164] PCI: Using configuration type 1 for base access
[    0.210533] kprobes: kprobe jump-optimization is enabled. All kprobes are optimized if possible.
[    0.392410] HugeTLB: registered 1.00 GiB page size, pre-allocated 0 pages
[    0.392762] HugeTLB: 16380 KiB vmemmap can be freed for a 1.00 GiB page
[    0.393093] HugeTLB: registered 2.00 MiB page size, pre-allocated 0 pages
[    0.393460] HugeTLB: 28 KiB vmemmap can be freed for a 2.00 MiB page
[    0.394355] ACPI: Added _OSI(Module Device)
[    0.394583] ACPI: Added _OSI(Processor Device)
[    0.394820] ACPI: Added _OSI(3.0 _SCP Extensions)
[    0.395070] ACPI: Added _OSI(Processor Aggregator Device)
[    0.398550] ACPI: 1 ACPI AML tables successfully acquired and loaded
[    0.400633] ACPI: Interpreter enabled
[    0.400877] ACPI: PM: (supports S0 S3 S4 S5)
[    0.401106] ACPI: Using IOAPIC for interrupt routing
[    0.401386] PCI: Using host bridge windows from ACPI; if necessary, use "pci=nocrs" and report a bug
[    0.401864] PCI: Using E820 reservations for host bridge windows
[    0.402563] ACPI: Enabled 2 GPEs in block 00 to 0F
[    0.410973] ACPI: PCI Root Bridge [PCI0] (domain 0000 [bus 00-ff])
[    0.411320] acpi PNP0A03:00: _OSC: OS supports [ASPM ClockPM Segments MSI EDR HPX-Type3]
[    0.411749] acpi PNP0A03:00: _OSC: not requesting OS control; OS requires [ExtendedConfig ASPM ClockPM MSI]
[    0.412281] acpi PNP0A03:00: fail to add MMCONFIG information, can't access extended PCI configuration space under this bridge.
[    0.413404] acpiphp: Slot [3] registered
[    0.413654] acpiphp: Slot [4] registered
[    0.413903] acpiphp: Slot [5] registered
[    0.414152] acpiphp: Slot [6] registered
[    0.414401] acpiphp: Slot [7] registered
[    0.414647] acpiphp: Slot [8] registered
[    0.414893] acpiphp: Slot [9] registered
[    0.415139] acpiphp: Slot [10] registered
[    0.415390] acpiphp: Slot [11] registered
[    0.415644] acpiphp: Slot [12] registered
[    0.415894] acpiphp: Slot [13] registered
[    0.416144] acpiphp: Slot [14] registered
[    0.416345] acpiphp: Slot [15] registered
[    0.416595] acpiphp: Slot [16] registered
[    0.416844] acpiphp: Slot [17] registered
[    0.417093] acpiphp: Slot [18] registered
[    0.417347] acpiphp: Slot [19] registered
[    0.417597] acpiphp: Slot [20] registered
[    0.417848] acpiphp: Slot [21] registered
[    0.418098] acpiphp: Slot [22] registered
[    0.418348] acpiphp: Slot [23] registered
[    0.418601] acpiphp: Slot [24] registered
[    0.418854] acpiphp: Slot [25] registered
[    0.419105] acpiphp: Slot [26] registered
[    0.419355] acpiphp: Slot [27] registered
[    0.419606] acpiphp: Slot [28] registered
[    0.419856] acpiphp: Slot [29] registered
[    0.420106] acpiphp: Slot [30] registered
[    0.420346] acpiphp: Slot [31] registered
[    0.420570] PCI host bridge to bus 0000:00
[    0.420789] pci_bus 0000:00: root bus resource [io  0x0000-0x0cf7 window]
[    0.421150] pci_bus 0000:00: root bus resource [io  0x0d00-0xffff window]
[    0.421511] pci_bus 0000:00: root bus resource [mem 0x000a0000-0x000bffff window]
[    0.421914] pci_bus 0000:00: root bus resource [mem 0x80000000-0xfebfffff window]
[    0.422310] pci_bus 0000:00: root bus resource [mem 0x100000000-0x17fffffff window]
[    0.422717] pci_bus 0000:00: root bus resource [bus 00-ff]
[    0.423050] pci 0000:00:00.0: [8086:1237] type 00 class 0x060000
[    0.424889] pci 0000:00:01.0: [8086:7000] type 00 class 0x060100
[    0.425588] pci 0000:00:01.1: [8086:7010] type 00 class 0x010180
[    0.426887] pci 0000:00:01.1: reg 0x20: [io  0xc040-0xc04f]
[    0.427615] pci 0000:00:01.1: legacy IDE quirk: reg 0x10: [io  0x01f0-0x01f7]
[    0.427997] pci 0000:00:01.1: legacy IDE quirk: reg 0x14: [io  0x03f6]
[    0.428311] pci 0000:00:01.1: legacy IDE quirk: reg 0x18: [io  0x0170-0x0177]
[    0.428691] pci 0000:00:01.1: legacy IDE quirk: reg 0x1c: [io  0x0376]
[    0.429173] pci 0000:00:01.3: [8086:7113] type 00 class 0x068000
[    0.429891] pci 0000:00:01.3: quirk: [io  0x0600-0x063f] claimed by PIIX4 ACPI
[    0.430291] pci 0000:00:01.3: quirk: [io  0x0700-0x070f] claimed by PIIX4 SMB
[    0.430831] pci 0000:00:02.0: [1234:1111] type 00 class 0x030000
[    0.432576] pci 0000:00:02.0: reg 0x10: [mem 0xfd000000-0xfdffffff pref]
[    0.433986] pci 0000:00:02.0: reg 0x18: [mem 0xfebf0000-0xfebf0fff]
[    0.436312] pci 0000:00:02.0: reg 0x30: [mem 0xfebe0000-0xfebeffff pref]
[    0.436714] pci 0000:00:02.0: Video device with shadowed ROM at [mem 0x000c0000-0x000dffff]
[    0.438570] pci 0000:00:03.0: [8086:100e] type 00 class 0x020000
[    0.439417] pci 0000:00:03.0: reg 0x10: [mem 0xfebc0000-0xfebdffff]
[    0.440204] pci 0000:00:03.0: reg 0x14: [io  0xc000-0xc03f]
[    0.441697] pci 0000:00:03.0: reg 0x30: [mem 0xfeb80000-0xfebbffff pref]
[    0.448206] ACPI: PCI: Interrupt link LNKA configured for IRQ 10
[    0.448512] ACPI: PCI: Interrupt link LNKB configured for IRQ 10
[    0.449038] ACPI: PCI: Interrupt link LNKC configured for IRQ 11
[    0.449554] ACPI: PCI: Interrupt link LNKD configured for IRQ 11
[    0.449971] ACPI: PCI: Interrupt link LNKS configured for IRQ 9
[    0.450900] iommu: Default domain type: Translated 
[    0.451166] iommu: DMA domain TLB invalidation policy: lazy mode 
[    0.451792] SCSI subsystem initialized
[    0.452082] ACPI: bus type USB registered
[    0.452329] usbcore: registered new interface driver usbfs
[    0.452632] usbcore: registered new interface driver hub
[    0.452931] usbcore: registered new device driver usb
[    0.453239] pps_core: LinuxPPS API ver. 1 registered
[    0.453502] pps_core: Software ver. 5.3.6 - Copyright 2005-2007 Rodolfo Giometti <giometti@linux.it>
[    0.453982] PTP clock support registered
[    0.454240] EDAC MC: Ver: 3.0.0
[    0.454862] NetLabel: Initializing
[    0.455052] NetLabel:  domain hash size = 128
[    0.455285] NetLabel:  protocols = UNLABELED CIPSOv4 CALIPSO
[    0.455606] NetLabel:  unlabeled traffic allowed by default
[    0.488355] PCI: Using ACPI for IRQ routing
[    0.488701] pci 0000:00:02.0: vgaarb: setting as boot VGA device
[    0.489025] pci 0000:00:02.0: vgaarb: bridge control possible
[    0.489332] pci 0000:00:02.0: vgaarb: VGA device added: decodes=io+mem,owns=io+mem,locks=none
[    0.489785] vgaarb: loaded
[    0.490120] hpet0: at MMIO 0xfed00000, IRQs 2, 8, 0
[    0.490393] hpet0: 3 comparators, 64-bit 100.000000 MHz counter
[    2.416790] clocksource: Switched to clocksource kvm-clock
[    2.481541] VFS: Disk quotas dquot_6.6.0
[    2.481780] VFS: Dquot-cache hash table entries: 512 (order 0, 4096 bytes)
[    2.482221] pnp: PnP ACPI init
[    2.483337] pnp: PnP ACPI: found 6 devices
[    2.490444] clocksource: acpi_pm: mask: 0xffffff max_cycles: 0xffffff, max_idle_ns: 2085701024 ns
[    2.491133] NET: Registered PF_INET protocol family
[    2.491448] IP idents hash table entries: 32768 (order: 6, 262144 bytes, linear)
[    2.492842] tcp_listen_portaddr_hash hash table entries: 1024 (order: 2, 16384 bytes, linear)
[    2.493301] Table-perturb hash table entries: 65536 (order: 6, 262144 bytes, linear)
[    2.493711] TCP established hash table entries: 16384 (order: 5, 131072 bytes, linear)
[    2.494341] TCP bind hash table entries: 16384 (order: 7, 524288 bytes, linear)
[    2.494802] TCP: Hash tables configured (established 16384 bind 16384)
[    2.495161] UDP hash table entries: 1024 (order: 3, 32768 bytes, linear)
[    2.495520] UDP-Lite hash table entries: 1024 (order: 3, 32768 bytes, linear)
[    2.495955] NET: Registered PF_UNIX/PF_LOCAL protocol family
[    2.496630] RPC: Registered named UNIX socket transport module.
[    2.496954] RPC: Registered udp transport module.
[    2.497200] RPC: Registered tcp transport module.
[    2.497446] RPC: Registered tcp NFSv4.1 backchannel transport module.
[    2.497792] pci_bus 0000:00: resource 4 [io  0x0000-0x0cf7 window]
[    2.498118] pci_bus 0000:00: resource 5 [io  0x0d00-0xffff window]
[    2.498444] pci_bus 0000:00: resource 6 [mem 0x000a0000-0x000bffff window]
[    2.498817] pci_bus 0000:00: resource 7 [mem 0x80000000-0xfebfffff window]
[    2.499177] pci_bus 0000:00: resource 8 [mem 0x100000000-0x17fffffff window]
[    2.499667] pci 0000:00:01.0: PIIX3: Enabling Passive Release
[    2.499973] pci 0000:00:00.0: Limiting direct PCI/PCI transfers
[    2.500362] PCI: CLS 0 bytes, default 64
[    2.500580] ACPI: bus type thunderbolt registered
[    2.501012] clocksource: tsc: mask: 0xffffffffffffffff max_cycles: 0xb9fb05486c, max_idle_ns: 440795231721 ns
[    2.503176] Initialise system trusted keyrings
[    2.503434] Key type blacklist registered
[    2.503790] workingset: timestamp_bits=36 max_order=19 bucket_order=0
[    2.507512] zbud: loaded
[    2.508251] squashfs: version 4.0 (2009/01/31) Phillip Lougher
[    2.509163] NFS: Registering the id_resolver key type
[    2.509435] Key type id_resolver registered
[    2.509655] Key type id_legacy registered
[    2.509900] nfs4filelayout_init: NFSv4 File Layout Driver Registering...
[    2.510248] nfs4flexfilelayout_init: NFSv4 Flexfile Layout Driver Registering...
[    2.510668] fuse: init (API version 7.37)
[    2.510999] SGI XFS with ACLs, security attributes, realtime, quota, no debug enabled
[    2.512070] 9p: Installing v9fs 9p2000 file system support
[    2.517525] Key type asymmetric registered
[    2.517746] Asymmetric key parser 'x509' registered
[    2.518589] alg: self-tests for CTR-KDF (hmac(sha256)) passed
[    2.518914] Block layer SCSI generic (bsg) driver version 0.4 loaded (major 243)
[    2.519366] io scheduler mq-deadline registered
[    2.519650] io scheduler bfq registered
[    2.520147] shpchp: Standard Hot Plug PCI Controller Driver version: 0.4
[    2.520617] IPMI message handler: version 39.2
[    2.520867] ipmi device interface
[    2.521750] input: Power Button as /devices/LNXSYSTM:00/LNXPWRBN:00/input/input0
[    2.522191] ACPI: button: Power Button [PWRF]
[    2.522828] ERST DBG: ERST support is disabled.
[    2.523322] Serial: 8250/16550 driver, 32 ports, IRQ sharing enabled
[    2.523903] 00:04: ttyS0 at I/O 0x3f8 (irq = 4, base_baud = 115200) is a 16550A
[    2.527404] Linux agpgart interface v0.103
[    2.527854] ACPI: bus type drm_connector registered
[    2.533267] brd: module loaded
[    2.536306] loop: module loaded
[    2.537979] scsi host0: ata_piix
[    2.538369] scsi host1: ata_piix
[    2.538603] ata1: PATA max MWDMA2 cmd 0x1f0 ctl 0x3f6 bmdma 0xc040 irq 14
[    2.538967] ata2: PATA max MWDMA2 cmd 0x170 ctl 0x376 bmdma 0xc048 irq 15
[    2.539738] tun: Universal TUN/TAP device driver, 1.6
[    2.540063] e100: Intel(R) PRO/100 Network Driver
[    2.540322] e100: Copyright(c) 1999-2006 Intel Corporation
[    2.540633] e1000: Intel(R) PRO/1000 Network Driver
[    2.540893] e1000: Copyright (c) 1999-2006 Intel Corporation.
[    2.603819] ACPI: \_SB_.LNKC: Enabled at IRQ 11
[    2.696473] ata2: found unknown device (class 0)
[    2.696882] ata1: found unknown device (class 0)
[    2.697622] ata1.00: ATA-7: QEMU HARDDISK, 2.5+, max UDMA/100
[    2.697936] ata1.00: 16777216 sectors, multi 16: LBA48 
[    2.698359] ata2.00: ATAPI: QEMU DVD-ROM, 2.5+, max UDMA/100
[    2.699315] scsi 0:0:0:0: Direct-Access     ATA      QEMU HARDDISK    2.5+ PQ: 0 ANSI: 5
[    2.700233] sd 0:0:0:0: [sda] 16777216 512-byte logical blocks: (8.59 GB/8.00 GiB)
[    2.700661] sd 0:0:0:0: [sda] Write Protect is off
[    2.700941] sd 0:0:0:0: [sda] Write cache: enabled, read cache: enabled, doesn't support DPO or FUA
[    2.701441] sd 0:0:0:0: [sda] Preferred minimum I/O size 512 bytes
[    2.701871] sd 0:0:0:0: Attached scsi generic sg0 type 0
[    2.702389] scsi 1:0:0:0: CD-ROM            QEMU     QEMU DVD-ROM     2.5+ PQ: 0 ANSI: 5
[    2.717441] sd 0:0:0:0: [sda] Attached SCSI disk
[    2.724713] scsi 1:0:0:0: Attached scsi generic sg1 type 5
[    2.922362] e1000 0000:00:03.0 eth0: (PCI:33MHz:32-bit) 52:54:00:12:34:56
[    2.922728] e1000 0000:00:03.0 eth0: Intel(R) PRO/1000 Network Connection
[    2.923118] e1000e: Intel(R) PRO/1000 Network Driver
[    2.923377] e1000e: Copyright(c) 1999 - 2015 Intel Corporation.
[    2.923718] igb: Intel(R) Gigabit Ethernet Network Driver
[    2.924000] igb: Copyright (c) 2007-2014 Intel Corporation.
[    2.924345] PPP generic driver version 2.4.2
[    2.924953] VFIO - User Level meta-driver version: 0.3
[    2.925494] usbcore: registered new interface driver uas
[    2.925791] usbcore: registered new interface driver usb-storage
[    2.926164] i8042: PNP: PS/2 Controller [PNP0303:KBD,PNP0f13:MOU] at 0x60,0x64 irq 1,12
[    2.926994] serio: i8042 KBD port at 0x60,0x64 irq 1
[    2.927267] serio: i8042 AUX port at 0x60,0x64 irq 12
[    2.927731] mousedev: PS/2 mouse device common for all mice
[    2.928352] input: AT Translated Set 2 keyboard as /devices/platform/i8042/serio0/input/input1
[    2.928853] rtc_cmos 00:05: RTC can wake from S4
[    2.929432] input: VirtualPS/2 VMware VMMouse as /devices/platform/i8042/serio1/input/input4
[    2.930332] input: VirtualPS/2 VMware VMMouse as /devices/platform/i8042/serio1/input/input3
[    2.930896] rtc_cmos 00:05: registered as rtc0
[    2.931160] rtc_cmos 00:05: setting system clock to 2022-12-01T01:49:44 UTC (1669859384)
[    2.931650] rtc_cmos 00:05: alarms up to one day, y3k, 242 bytes nvram, hpet irqs
[    2.932085] i2c_dev: i2c /dev entries driver
[    2.932338] device-mapper: core: CONFIG_IMA_DISABLE_HTABLE is disabled. Duplicate IMA measurements will not be recorded in the IMA log.
[    2.933011] device-mapper: uevent: version 1.0.3
[    2.933387] device-mapper: ioctl: 4.47.0-ioctl (2022-07-28) initialised: dm-devel@redhat.com
[    2.933837] intel_pstate: CPU model not supported
[    2.934168] sdhci: Secure Digital Host Controller Interface driver
[    2.934494] sdhci: Copyright(c) Pierre Ossman
[    2.934765] sdhci-pltfm: SDHCI platform and OF driver helper
[    2.935102] ledtrig-cpu: registered to indicate activity on CPUs
[    2.935522] drop_monitor: Initializing network drop monitor service
[    2.936146] NET: Registered PF_INET6 protocol family
[    2.936933] Segment Routing with IPv6
[    2.937150] In-situ OAM (IOAM) with IPv6
[    2.937382] NET: Registered PF_PACKET protocol family
[    2.937766] 9pnet: Installing 9P2000 support
[    2.938011] Key type dns_resolver registered
[    2.938620] IPI shorthand broadcast: enabled
[    2.938879] sched_clock: Marking stable (2932714888, 5766167)->(2964807489, -26326434)
[    2.939484] registered taskstats version 1
[    2.939731] Loading compiled-in X.509 certificates
[    2.940051] zswap: loaded using pool lzo/zbud
[    2.940441] Key type .fscrypt registered
[    2.940653] Key type fscrypt-provisioning registered
[    2.941419] Key type encrypted registered
[    2.941650] ima: No TPM chip found, activating TPM-bypass!
[    2.941945] ima: Allocated hash algorithm: sha1
[    2.942192] ima: No architecture policies found
[    2.942445] evm: Initialising EVM extended attributes:
[    2.942722] evm: security.selinux
[    2.942903] evm: security.SMACK64
[    2.943083] evm: security.SMACK64EXEC
[    2.943279] evm: security.SMACK64TRANSMUTE
[    2.943498] evm: security.SMACK64MMAP
[    2.943695] evm: security.apparmor
[    2.943878] evm: security.ima
[    2.944039] evm: security.capability
[    2.944231] evm: HMAC attrs: 0x1
[    2.945904] PM:   Magic number: 2:3:811
[    2.946254] RAS: Correctable Errors collector initialized.
[    2.946723] md: Waiting for all devices to be available before autodetect
[    2.946975] md: If you don't use raid, use raid=noautodetect
[    2.947187] md: Autodetecting RAID arrays.
[    2.947342] md: autorun ...
[    2.947452] md: ... autorun DONE.
[    2.949429] EXT4-fs (sda): INFO: recovery required on readonly filesystem
[    2.949687] EXT4-fs (sda): write access will be enabled during recovery
[    2.979211] EXT4-fs (sda): recovery complete
[    2.980171] EXT4-fs (sda): mounted filesystem with ordered data mode. Quota mode: none.
[    2.980494] VFS: Mounted root (ext4 filesystem) readonly on device 8:0.
[    2.980891] devtmpfs: mounted
[    2.984925] Freeing unused decrypted memory: 2036K
[    2.986345] Freeing unused kernel image (initmem) memory: 3636K
[    2.986573] Write protecting the kernel read-only data: 40960k
[    2.988323] Freeing unused kernel image (text/rodata gap) memory: 2028K
[    2.988816] Freeing unused kernel image (rodata/data gap) memory: 612K
[    3.063525] x86/mm: Checked W+X mappings: passed, no W+X pages found.
[    3.063768] Run /sbin/init as init process
[    3.105340] systemd[1]: RTC configured in localtime, applying delta of 0 minutes to system time.
[    3.115895] systemd[1]: systemd 239 (239-49.el8) running in system mode. (+PAM +AUDIT +SELINUX +IMA -APPARMOR +SMACK +SYSVINIT +UTMP +LIBCRYPTSETUP +GCRYPT +GNUTLS +ACL +XZ +LZ4 +SECCOMP +BLKID +ELFUTILS +KMOD +IDN2 -IDN +PCRE2 default-hierarchy=legacy)
[    3.116749] systemd[1]: Detected virtualization kvm.
[    3.116939] systemd[1]: Detected architecture x86-64.

Welcome to [0;31mCentOS Stream 8[0m!

[    3.170241] systemd[1]: Set hostname to <test>.
[    4.152314] random: crng init done
[    4.202974] systemd[1]: Listening on udev Control Socket.
[[0;32m  OK  [0m] Listening on udev Control Socket.
[    4.203624] systemd[1]: Started Forward Password Requests to Wall Directory Watch.
[[0;32m  OK  [0m] Started Forward Password Requests to Wall Directory Watch.
[    4.204409] systemd[1]: Listening on Journal Socket.
[[0;32m  OK  [0m] Listening on Journal Socket.
[    4.228437] systemd[1]: Mounting POSIX Message Queue File System...
         Mounting POSIX Message Queue File System...
[    4.230877] systemd[1]: Starting Setup Virtual Console...
         Starting Setup Virtual Console...
[    4.231647] systemd[1]: Created slice system-serial\x2dgetty.slice.
[[0;32m  OK  [0m] Created slice system-serial\x2dgetty.slice.
[[0;32m  OK  [0m] Listening on Journal Socket (/dev/log).
[[0;32m  OK  [0m] Created slice system-getty.slice.
[[0;32m  OK  [0m] Listening on LVM2 poll daemon socket.
[[0;32m  OK  [0m] Listening on initctl Compatibility Named Pipe.
[[0;32m  OK  [0m] Listening on Process Core Dump Socket.
         Mounting Kernel Debug File System...
[[0;32m  OK  [0m] Listening on udev Kernel Socket.
         Starting udev Coldplug all Devices...
         Starting Journal Service...
[[0;32m  OK  [0m] Listening on RPCbind Server Activation Socket.
[[0;32m  OK  [0m] Reached target RPC Port Mapper.
         Mounting Huge Pages File System...
[[0;32m  OK  [0m] Listening on Device-mapper event daemon FIFOs.
         Starting Monitoring of LVM2 mirrorsâ€¦ng dmeventd or progress polling...
[[0;32m  OK  [0m] Created slice system-sshd\x2dkeygen.slice.
         Starting Load Kernel Modules...
[[0;32m  OK  [0m] Created slice User and Session Slice.
[[0;32m  OK  [0m] Reached target Slices.
[[0;32m  OK  [0m] Set up automount Arbitrary Executabâ€¦rmats File System Automount Point.
[[0;32m  OK  [0m] Reached target Swap.
         Starting Remount Root and Kernel File Systems...
[[0;32m  OK  [0m] Listening on multipathd control socket.
[[0;32m  OK  [0m] Started Journal Service.
[[0;32m  OK  [0m] Mounted POSIX Message Queue File System.
[[0;32m  OK  [0m] Mounted Kernel Debug File System.
[[0;32m  OK  [0m] Mounted Huge Pages File System.
[[0;1;31mFAILED[0m] Failed to start Load Kernel Modules.
See 'systemctl status systemd-modules-load.service' for details.
         Mounting Kernel Configuration File System...
         Mounting FUSE Control File System...
         Starting Apply Kernel Variables...
[    4.414285] EXT4-fs (sda): re-mounted. Quota mode: none.
[[0;32m  OK  [0m] Mounted Kernel Configuration File System.
[[0;32m  OK  [0m] Started Remount Root and Kernel File Systems.
[[0;32m  OK  [0m] Mounted FUSE Control File System.
[[0;32m  OK  [0m] Started Apply Kernel Variables.
         Starting Flush Journal to Persistent Storage...
         Starting Create Static Device Nodes in /dev...
         Starting Load/Save Random Seed...
[[0;32m  OK  [0m] Started Setup Virtual Console.
[[0;32m  OK  [0m] Started udev Coldplug all Devices.
         Starting udev Wait for Complete Device Initialization...
[[0;32m  OK  [0m] Started Create Static Device Nodes in /dev.
         Starting udev Kernel Device Manager...
[[0;32m  OK  [0m] Started Flush Journal to Persistent Storage.
[[0;32m  OK  [0m] Started Load/Save Random Seed.
[[0;32m  OK  [0m] Started udev Kernel Device Manager.
         Starting Show Plymouth Boot Screen...
[[0;32m  OK  [0m] Started Show Plymouth Boot Screen.
[[0;32m  OK  [0m] Reached target Paths.
[[0;32m  OK  [0m] Reached target Local Encrypted Volumes.
[[0;32m  OK  [0m] Started Forward Password Requests to Plymouth Directory Watch.
[[0;32m  OK  [0m] Found device /dev/ttyS0.
[[0;32m  OK  [0m] Listening on Load/Save RF Kill Switch Status /dev/rfkill Watch.
[[0;32m  OK  [0m] Started Monitoring of LVM2 mirrors,â€¦sing dmeventd or progress polling.
[[0;32m  OK  [0m] Started udev Wait for Complete Device Initialization.
[[0;32m  OK  [0m] Reached target Local File Systems (Pre).
[[0;32m  OK  [0m] Reached target Local File Systems.
         Starting Restore /run/initramfs on shutdown...
         Starting Tell Plymouth To Write Out Runtime Data...
         Starting Create Volatile Files and Directories...
[[0;32m  OK  [0m] Started Restore /run/initramfs on shutdown.
[[0;32m  OK  [0m] Started Tell Plymouth To Write Out Runtime Data.
[[0;32m  OK  [0m] Started Create Volatile Files and Directories.
         Starting RPC Bind...
         Starting Security Auditing Service...
         Mounting RPC Pipe File System...
[[0;32m  OK  [0m] Mounted RPC Pipe File System.
[[0;32m  OK  [0m] Reached target rpc_pipefs.target.
[[0;32m  OK  [0m] Started RPC Bind.
[[0;32m  OK  [0m] Started Security Auditing Service.
         Starting Update UTMP about System Boot/Shutdown...
[[0;32m  OK  [0m] Started Update UTMP about System Boot/Shutdown.
[[0;32m  OK  [0m] Reached target System Initialization.
[[0;32m  OK  [0m] Started daily update of the root trust anchor for DNSSEC.
[[0;32m  OK  [0m] Listening on SSSD Kerberos Cache Manager responder socket.
[[0;32m  OK  [0m] Started dnf makecache --timer.
[[0;32m  OK  [0m] Listening on D-Bus System Message Bus Socket.
[[0;32m  OK  [0m] Reached target Sockets.
[[0;32m  OK  [0m] Reached target Basic System.
[[0;32m  OK  [0m] Started irqbalance daemon.
         Starting Authorization Manager...
[[0;32m  OK  [0m] Started D-Bus System Message Bus.
         Starting Network Manager...
         Starting Auto-connect to subsystemsâ€¦-NVME devices found during boot...
[[0;32m  OK  [0m] Started Machine Check Exception Logging Daemon.
         Starting Login Service...
         Starting Self Monitoring and Reporting Technology (SMART) Daemon...
[[0;32m  OK  [0m] Started Daily Cleanup of Temporary Directories.
[[0;32m  OK  [0m] Reached target Timers.
[[0;32m  OK  [0m] Reached target sshd-keygen.target.
         Starting NTP client/server...
[[0;32m  OK  [0m] Started Auto-connect to subsystems â€¦FC-NVME devices found during boot.
[[0;32m  OK  [0m] Started Login Service.
[[0;32m  OK  [0m] Started Network Manager.
[[0;32m  OK  [0m] Reached target Network.
         Starting Dynamic System Tuning Daemon...
         Starting OpenSSH server daemon...
         Starting GSSAPI Proxy Daemon...
         Starting Network Manager Wait Online...
[[0;32m  OK  [0m] Started Self Monitoring and Reporting Technology (SMART) Daemon.
         Starting Hostname Service...
[[0;32m  OK  [0m] Started GSSAPI Proxy Daemon.
[[0;32m  OK  [0m] Reached target NFS client services.
[[0;32m  OK  [0m] Reached target Remote File Systems (Pre).
[[0;32m  OK  [0m] Reached target Remote File Systems.
         Starting Permit User Sessions...
[[0;32m  OK  [0m] Started OpenSSH server daemon.
[[0;32m  OK  [0m] Started NTP client/server.
[[0;32m  OK  [0m] Started Authorization Manager.
[[0;32m  OK  [0m] Started Permit User Sessions.
         Starting Hold until boot process finishes up...
         Starting Terminate Plymouth Boot Screen...
[[0;32m  OK  [0m] Started Command Scheduler.
[    5.292420] e1000: eth0 NIC Link is Up 1000 Mbps Full Duplex, Flow Control: RX
[    5.292954] IPv6: ADDRCONF(NETDEV_CHANGE): eth0: link becomes ready
[    5.375024] Spectre V2 : WARNING: Unprivileged eBPF is enabled with eIBRS on, data leaks possible via Spectre v2 BHB attacks!
[    5.375522] Spectre V2 : WARNING: Unprivileged eBPF is enabled with eIBRS on, data leaks possible via Spectre v2 BHB attacks!

CentOS Stream 8
Kernel 6.1.0-rc6-eb7081409f94+ on an x86_64

test login: 