c[?7l[2J[0mSeaBIOS (version rel-1.16.0-0-gd239552ce722-prebuilt.qemu.org)


iPXE (http://ipxe.org) 00:03.0 CA00 PCI2.10 PnP PMM+7FF91000+7FEF1000 CA00
Press Ctrl-B to configure iPXE (PCI 00:03.0)...                                                                               


Booting from ROM...
c[?7l[2J[    0.000000] Linux version 5.15.0-rc4-1c36432b278c+ (root@p-adln01) (gcc (GCC) 8.5.0 20210514 (Red Hat 8.5.0-18), GNU ld version 2.36.1-2.el8) #1 SMP Fri Mar 10 11:38:10 CST 2023
[    0.000000] Command line: console=ttyS0 root=/dev/sda earlyprintk=serial net.ifnames=0
[    0.000000] KERNEL supported cpus:
[    0.000000]   Intel GenuineIntel
[    0.000000]   AMD AuthenticAMD
[    0.000000]   Hygon HygonGenuine
[    0.000000]   Centaur CentaurHauls
[    0.000000]   zhaoxin   Shanghai  
[    0.000000] x86/fpu: Supporting XSAVE feature 0x001: 'x87 floating point registers'
[    0.000000] x86/fpu: Supporting XSAVE feature 0x002: 'SSE registers'
[    0.000000] x86/fpu: Supporting XSAVE feature 0x004: 'AVX registers'
[    0.000000] x86/fpu: Supporting XSAVE feature 0x200: 'Protection Keys User registers'
[    0.000000] x86/fpu: xstate_offset[2]:  576, xstate_sizes[2]:  256
[    0.000000] x86/fpu: xstate_offset[9]:  832, xstate_sizes[9]:    8
[    0.000000] x86/fpu: Enabled xstate features 0x207, context size is 840 bytes, using 'compacted' format.
[    0.000000] signal: max sigframe size: 3632
[    0.000000] BIOS-provided physical RAM map:
[    0.000000] BIOS-e820: [mem 0x0000000000000000-0x000000000009fbff] usable
[    0.000000] BIOS-e820: [mem 0x000000000009fc00-0x000000000009ffff] reserved
[    0.000000] BIOS-e820: [mem 0x00000000000f0000-0x00000000000fffff] reserved
[    0.000000] BIOS-e820: [mem 0x0000000000100000-0x000000007ffdffff] usable
[    0.000000] BIOS-e820: [mem 0x000000007ffe0000-0x000000007fffffff] reserved
[    0.000000] BIOS-e820: [mem 0x00000000feffc000-0x00000000feffffff] reserved
[    0.000000] BIOS-e820: [mem 0x00000000fffc0000-0x00000000ffffffff] reserved
[    0.000000] printk: bootconsole [earlyser0] enabled
[    0.000000] NX (Execute Disable) protection: active
[    0.000000] SMBIOS 2.8 present.
[    0.000000] DMI: QEMU Standard PC (i440FX + PIIX, 1996), BIOS rel-1.16.0-0-gd239552ce722-prebuilt.qemu.org 04/01/2014
[    0.000000] Hypervisor detected: KVM
[    0.000000] kvm-clock: Using msrs 4b564d01 and 4b564d00
[    0.000000] kvm-clock: cpu 0, msr 5401001, primary cpu clock
[    0.000013] kvm-clock: using sched offset of 1004906613 cycles
[    0.001892] clocksource: kvm-clock: mask: 0xffffffffffffffff max_cycles: 0x1cd42e4dffb, max_idle_ns: 881590591483 ns
[    0.007119] tsc: Detected 1804.800 MHz processor
[    0.017610] last_pfn = 0x7ffe0 max_arch_pfn = 0x400000000
[    0.019514] x86/PAT: Configuration [0-7]: WB  WC  UC- UC  WB  WP  UC- WT  
[    0.028416] found SMP MP-table at [mem 0x000f5ba0-0x000f5baf]
[    0.033650] Using GB pages for direct mapping
[    0.037670] ACPI: Early table checksum verification disabled
[    0.039569] ACPI: RSDP 0x00000000000F59C0 000014 (v00 BOCHS )
[    0.041596] ACPI: RSDT 0x000000007FFE1951 000034 (v01 BOCHS  BXPC     00000001 BXPC 00000001)
[    0.044481] ACPI: FACP 0x000000007FFE17FD 000074 (v01 BOCHS  BXPC     00000001 BXPC 00000001)
[    0.047353] ACPI: DSDT 0x000000007FFE0040 0017BD (v01 BOCHS  BXPC     00000001 BXPC 00000001)
[    0.050366] ACPI: FACS 0x000000007FFE0000 000040
[    0.051992] ACPI: APIC 0x000000007FFE1871 000080 (v01 BOCHS  BXPC     00000001 BXPC 00000001)
[    0.054870] ACPI: HPET 0x000000007FFE18F1 000038 (v01 BOCHS  BXPC     00000001 BXPC 00000001)
[    0.057631] ACPI: WAET 0x000000007FFE1929 000028 (v01 BOCHS  BXPC     00000001 BXPC 00000001)
[    0.060255] ACPI: Reserving FACP table memory at [mem 0x7ffe17fd-0x7ffe1870]
[    0.062499] ACPI: Reserving DSDT table memory at [mem 0x7ffe0040-0x7ffe17fc]
[    0.064500] ACPI: Reserving FACS table memory at [mem 0x7ffe0000-0x7ffe003f]
[    0.066474] ACPI: Reserving APIC table memory at [mem 0x7ffe1871-0x7ffe18f0]
[    0.068450] ACPI: Reserving HPET table memory at [mem 0x7ffe18f1-0x7ffe1928]
[    0.070635] ACPI: Reserving WAET table memory at [mem 0x7ffe1929-0x7ffe1950]
[    0.074519] No NUMA configuration found
[    0.075697] Faking a node at [mem 0x0000000000000000-0x000000007ffdffff]
[    0.077904] NODE_DATA(0) allocated [mem 0x7ffb5000-0x7ffdffff]
[    0.085333] Zone ranges:
[    0.086200]   DMA      [mem 0x0000000000001000-0x0000000000ffffff]
[    0.088256]   DMA32    [mem 0x0000000001000000-0x000000007ffdffff]
[    0.090239]   Normal   empty
[    0.091145]   Device   empty
[    0.092040] Movable zone start for each node
[    0.093285] Early memory node ranges
[    0.094248]   node   0: [mem 0x0000000000001000-0x000000000009efff]
[    0.095992]   node   0: [mem 0x0000000000100000-0x000000007ffdffff]
[    0.098105] Initmem setup node 0 [mem 0x0000000000001000-0x000000007ffdffff]
[    0.101238] On node 0, zone DMA: 1 pages in unavailable ranges
[    0.101658] On node 0, zone DMA: 97 pages in unavailable ranges
[    0.271739] On node 0, zone DMA32: 32 pages in unavailable ranges
[    0.274163] ACPI: PM-Timer IO Port: 0x608
[    0.276388] ACPI: LAPIC_NMI (acpi_id[0xff] dfl dfl lint[0x1])
[    0.277864] IOAPIC[0]: apic_id 0, version 17, address 0xfec00000, GSI 0-23
[    0.279360] ACPI: INT_SRC_OVR (bus 0 bus_irq 0 global_irq 2 dfl dfl)
[    0.280675] ACPI: INT_SRC_OVR (bus 0 bus_irq 5 global_irq 5 high level)
[    0.282015] ACPI: INT_SRC_OVR (bus 0 bus_irq 9 global_irq 9 high level)
[    0.283366] ACPI: INT_SRC_OVR (bus 0 bus_irq 10 global_irq 10 high level)
[    0.295831] ACPI: INT_SRC_OVR (bus 0 bus_irq 11 global_irq 11 high level)
[    0.297276] ACPI: Using ACPI (MADT) for SMP configuration information
[    0.298663] ACPI: HPET id: 0x8086a201 base: 0xfed00000
[    0.299815] TSC deadline timer available
[    0.300655] smpboot: Allowing 2 CPUs, 0 hotplug CPUs
[    0.301878] kvm-guest: KVM setup pv remote TLB flush
[    0.302888] kvm-guest: setup PV sched yield
[    0.303920] PM: hibernation: Registered nosave memory: [mem 0x00000000-0x00000fff]
[    0.305497] PM: hibernation: Registered nosave memory: [mem 0x0009f000-0x0009ffff]
[    0.307745] PM: hibernation: Registered nosave memory: [mem 0x000a0000-0x000effff]
[    0.309437] PM: hibernation: Registered nosave memory: [mem 0x000f0000-0x000fffff]
[    0.311162] [mem 0x80000000-0xfeffbfff] available for PCI devices
[    0.312525] Booting paravirtualized kernel on KVM
[    0.313855] clocksource: refined-jiffies: mask: 0xffffffff max_cycles: 0xffffffff, max_idle_ns: 7645519600211568 ns
[    0.316329] setup_percpu: NR_CPUS:8192 nr_cpumask_bits:2 nr_cpu_ids:2 nr_node_ids:1
[    0.354501] percpu: Embedded 55 pages/cpu s188416 r8192 d28672 u1048576
[    0.356778] kvm-guest: setup async PF for cpu 0
[    0.358020] kvm-guest: stealtime: cpu 0, msr 7dc2d080
[    0.359459] kvm-guest: PV spinlocks enabled
[    0.360726] PV qspinlock hash table entries: 256 (order: 0, 4096 bytes, linear)
[    0.362944] Built 1 zonelists, mobility grouping on.  Total pages: 515808
[    0.364994] Policy zone: DMA32
[    0.365939] Kernel command line: net.ifnames=0 console=ttyS0 root=/dev/sda earlyprintk=serial net.ifnames=0
[    0.373479] Dentry cache hash table entries: 262144 (order: 9, 2097152 bytes, linear)
[    0.377928] Inode-cache hash table entries: 131072 (order: 8, 1048576 bytes, linear)
[    0.380509] mem auto-init: stack:off, heap alloc:off, heap free:off
[    0.398220] Memory: 1987504K/2096632K available (30737K kernel code, 5254K rwdata, 7676K rodata, 3224K init, 22020K bss, 108872K reserved, 0K cma-reserved)
[    0.402419] random: get_random_u64 called from __kmem_cache_create+0x2f/0x4c0 with crng_init=0
[    0.403899] SLUB: HWalign=64, Order=0-3, MinObjects=0, CPUs=2, Nodes=1
[    0.408095] kmemleak: Kernel memory leak detector disabled
[    0.409885] ftrace: allocating 64763 entries in 253 pages
[    0.552857] ftrace: allocated 253 pages with 7 groups
[    0.555379] Running RCU self tests
[    0.556456] rcu: Hierarchical RCU implementation.
[    0.557761] rcu: 	RCU lockdep checking is enabled.
[    0.559031] rcu: 	RCU restricting CPUs from NR_CPUS=8192 to nr_cpu_ids=2.
[    0.561020] 	Trampoline variant of Tasks RCU enabled.
[    0.562616] 	Rude variant of Tasks RCU enabled.
[    0.563975] 	Tracing variant of Tasks RCU enabled.
[    0.565493] rcu: RCU calculated value of scheduler-enlistment delay is 25 jiffies.
[    0.567756] rcu: Adjusting geometry for rcu_fanout_leaf=16, nr_cpu_ids=2
[    0.606548] NR_IRQS: 524544, nr_irqs: 440, preallocated irqs: 16
[    0.627010] Console: colour VGA+ 80x25
[    0.628364] printk: console [ttyS0] enabled
[    0.628364] printk: console [ttyS0] enabled
[    0.630714] printk: bootconsole [earlyser0] disabled
[    0.630714] printk: bootconsole [earlyser0] disabled
[    0.633423] Lock dependency validator: Copyright (c) 2006 Red Hat, Inc., Ingo Molnar
[    0.635888] ... MAX_LOCKDEP_SUBCLASSES:  8
[    0.637175] ... MAX_LOCK_DEPTH:          48
[    0.638353] ... MAX_LOCKDEP_KEYS:        8192
[    0.639612] ... CLASSHASH_SIZE:          4096
[    0.640922] ... MAX_LOCKDEP_ENTRIES:     32768
[    0.642134] ... MAX_LOCKDEP_CHAINS:      65536
[    0.643424] ... CHAINHASH_SIZE:          32768
[    0.644854]  memory used by lock dependency info: 6365 kB
[    0.646362]  memory used for stack traces: 4224 kB
[    0.647726]  per task-struct memory footprint: 1920 bytes
[    0.649396] ACPI: Core revision 20210730
[    0.651256] clocksource: hpet: mask: 0xffffffff max_cycles: 0xffffffff, max_idle_ns: 19112604467 ns
[    0.654493] APIC: Switch to symmetric I/O mode setup
[    0.656448] x2apic enabled
[    0.657760] Switched APIC routing to physical x2apic.
[    0.659332] kvm-guest: setup PV IPIs
[    0.662481] ..TIMER: vector=0x30 apic1=0 pin1=2 apic2=-1 pin2=-1
[    0.664213] clocksource: tsc-early: mask: 0xffffffffffffffff max_cycles: 0x1a03dfe73b3, max_idle_ns: 440795256845 ns
[    0.667309] Calibrating delay loop (skipped) preset value.. 3609.60 BogoMIPS (lpj=7219200)
[    0.669698] pid_max: default: 32768 minimum: 301
[    0.671489] LSM: Security Framework initializing
[    0.672904] Yama: becoming mindful.
[    0.674290] Mount-cache hash table entries: 4096 (order: 3, 32768 bytes, linear)
[    0.677449] Mountpoint-cache hash table entries: 4096 (order: 3, 32768 bytes, linear)
[    0.683472] x86/cpu: User Mode Instruction Prevention (UMIP) activated
[    0.688806] Last level iTLB entries: 4KB 0, 2MB 0, 4MB 0
[    0.690612] Last level dTLB entries: 4KB 0, 2MB 0, 4MB 0, 1GB 0
[    0.691503] Spectre V1 : Mitigation: usercopy/swapgs barriers and __user pointer sanitization
[    0.695332] Spectre V2 : Mitigation: Enhanced IBRS
[    0.696834] Spectre V2 : Spectre v2 / SpectreRSB mitigation: Filling RSB on context switch
[    0.699336] Spectre V2 : mitigation: Enabling conditional Indirect Branch Prediction Barrier
[    0.701976] Speculative Store Bypass: Mitigation: Speculative Store Bypass disabled via prctl and seccomp
[    0.762868] Freeing SMP alternatives memory: 56K
[    0.764638] smpboot: CPU0: Intel(R) Core(TM) i3-N305 (family: 0x6, model: 0xbe, stepping: 0x0)
[    0.767576] Running RCU-tasks wait API self tests
[    0.871671] Performance Events: generic architected perfmon, full-width counters, Intel PMU driver.
[    0.873788] ... version:                2
[    0.874652] ... bit width:              48
[    0.875297] ... generic registers:      6
[    0.876133] ... value mask:             0000ffffffffffff
[    0.877335] ... max period:             00007fffffffffff
[    0.878504] ... fixed-purpose events:   3
[    0.879299] ... event mask:             000000070000003f
[    0.881859] rcu: Hierarchical SRCU implementation.
[    0.887443] Callback from call_rcu_tasks_trace() invoked.
[    0.894094] smp: Bringing up secondary CPUs ...
[    0.896544] x86: Booting SMP configuration:
[    0.897484] .... node  #0, CPUs:      #1
[    0.050471] kvm-clock: cpu 1, msr 5401041, secondary cpu clock
[    0.909298] kvm-guest: setup async PF for cpu 1
[    0.911270] kvm-guest: stealtime: cpu 1, msr 7dd2d080
[    0.911534] smp: Brought up 1 node, 2 CPUs
[    0.915329] smpboot: Max logical packages: 1
[    0.916639] smpboot: Total of 2 processors activated (7219.20 BogoMIPS)
[    0.932879] devtmpfs: initialized
[    0.934849] x86/mm: Memory block size: 128MB
[    0.940070] clocksource: jiffies: mask: 0xffffffff max_cycles: 0xffffffff, max_idle_ns: 7645041785100000 ns
[    0.943455] futex hash table entries: 512 (order: 4, 65536 bytes, linear)
[    0.946486] pinctrl core: initialized pinctrl subsystem
[    0.948899] 
[    0.949508] *************************************************************
[    0.951297] **     NOTICE NOTICE NOTICE NOTICE NOTICE NOTICE NOTICE    **
[    0.953253] **                                                         **
[    0.955302] **  IOMMU DebugFS SUPPORT HAS BEEN ENABLED IN THIS KERNEL  **
[    0.957438] **                                                         **
[    0.959296] ** This means that this kernel is built to expose internal **
[    0.961372] ** IOMMU data structures, which may compromise security on **
[    0.963311] ** your system.                                            **
[    0.965538] **                                                         **
[    0.967307] ** If you see this message and you are not debugging the   **
[    0.969751] ** kernel, report this immediately to your vendor!         **
[    0.971304] **                                                         **
[    0.973544] **     NOTICE NOTICE NOTICE NOTICE NOTICE NOTICE NOTICE    **
[    0.979328] *************************************************************
[    0.981587] PM: RTC time: 09:04:55, date: 2023-03-16
[    0.995430] Callback from call_rcu_tasks_rude() invoked.
[    0.997645] NET: Registered PF_NETLINK/PF_ROUTE protocol family
[    1.000514] DMA: preallocated 256 KiB GFP_KERNEL pool for atomic allocations
[    1.002864] DMA: preallocated 256 KiB GFP_KERNEL|GFP_DMA pool for atomic allocations
[    1.003365] DMA: preallocated 256 KiB GFP_KERNEL|GFP_DMA32 pool for atomic allocations
[    1.006168] audit: initializing netlink subsys (disabled)
[    1.011347] audit: type=2000 audit(1678957495.679:1): state=initialized audit_enabled=0 res=1
[    1.013226] thermal_sys: Registered thermal governor 'fair_share'
[    1.014928] thermal_sys: Registered thermal governor 'bang_bang'
[    1.015322] thermal_sys: Registered thermal governor 'step_wise'
[    1.017298] thermal_sys: Registered thermal governor 'user_space'
[    1.019321] cpuidle: using governor ladder
[    1.022465] cpuidle: using governor menu
[    1.024162] ACPI: bus type PCI registered
[    1.025551] acpiphp: ACPI Hot Plug PCI Controller Driver version: 0.5
[    1.028349] PCI: Using configuration type 1 for base access
[    1.057457] Kprobes globally optimized
[    1.060693] HugeTLB registered 1.00 GiB page size, pre-allocated 0 pages
[    1.062824] HugeTLB registered 2.00 MiB page size, pre-allocated 0 pages
[    1.070512] ACPI: Added _OSI(Module Device)
[    1.071322] ACPI: Added _OSI(Processor Device)
[    1.072704] ACPI: Added _OSI(3.0 _SCP Extensions)
[    1.074087] ACPI: Added _OSI(Processor Aggregator Device)
[    1.075309] ACPI: Added _OSI(Linux-Dell-Video)
[    1.076663] ACPI: Added _OSI(Linux-Lenovo-NV-HDMI-Audio)
[    1.078298] ACPI: Added _OSI(Linux-HPI-Hybrid-Graphics)
[    1.088888] ACPI: 1 ACPI AML tables successfully acquired and loaded
[    1.097653] ACPI: Interpreter enabled
[    1.099021] ACPI: PM: (supports S0 S3 S4 S5)
[    1.099331] ACPI: Using IOAPIC for interrupt routing
[    1.101092] PCI: Using host bridge windows from ACPI; if necessary, use "pci=nocrs" and report a bug
[    1.103340] Callback from call_rcu_tasks() invoked.
[    1.105744] ACPI: Enabled 2 GPEs in block 00 to 0F
[    1.140747] ACPI: PCI Root Bridge [PCI0] (domain 0000 [bus 00-ff])
[    1.143393] acpi PNP0A03:00: _OSC: OS supports [ASPM ClockPM Segments MSI EDR HPX-Type3]
[    1.147515] acpi PNP0A03:00: fail to add MMCONFIG information, can't access extended PCI configuration space under this bridge.
[    1.154987] acpiphp: Slot [3] registered
[    1.155521] acpiphp: Slot [4] registered
[    1.158680] acpiphp: Slot [5] registered
[    1.159643] acpiphp: Slot [6] registered
[    1.161053] acpiphp: Slot [7] registered
[    1.162619] acpiphp: Slot [8] registered
[    1.163520] acpiphp: Slot [9] registered
[    1.164873] acpiphp: Slot [10] registered
[    1.166402] acpiphp: Slot [11] registered
[    1.167513] acpiphp: Slot [12] registered
[    1.168934] acpiphp: Slot [13] registered
[    1.170532] acpiphp: Slot [14] registered
[    1.171508] acpiphp: Slot [15] registered
[    1.173170] acpiphp: Slot [16] registered
[    1.174626] acpiphp: Slot [17] registered
[    1.175528] acpiphp: Slot [18] registered
[    1.176859] acpiphp: Slot [19] registered
[    1.178200] acpiphp: Slot [20] registered
[    1.179579] acpiphp: Slot [21] registered
[    1.180935] acpiphp: Slot [22] registered
[    1.182249] acpiphp: Slot [23] registered
[    1.183506] acpiphp: Slot [24] registered
[    1.184935] acpiphp: Slot [25] registered
[    1.186284] acpiphp: Slot [26] registered
[    1.187578] acpiphp: Slot [27] registered
[    1.189052] acpiphp: Slot [28] registered
[    1.190402] acpiphp: Slot [29] registered
[    1.191527] acpiphp: Slot [30] registered
[    1.192898] acpiphp: Slot [31] registered
[    1.194195] PCI host bridge to bus 0000:00
[    1.195313] pci_bus 0000:00: root bus resource [io  0x0000-0x0cf7 window]
[    1.197438] pci_bus 0000:00: root bus resource [io  0x0d00-0xffff window]
[    1.199424] pci_bus 0000:00: root bus resource [mem 0x000a0000-0x000bffff window]
[    1.201808] pci_bus 0000:00: root bus resource [mem 0x80000000-0xfebfffff window]
[    1.203320] pci_bus 0000:00: root bus resource [mem 0x100000000-0x17fffffff window]
[    1.205788] pci_bus 0000:00: root bus resource [bus 00-ff]
[    1.208789] pci 0000:00:00.0: [8086:1237] type 00 class 0x060000
[    1.219331] pci 0000:00:01.0: [8086:7000] type 00 class 0x060100
[    1.223810] pci 0000:00:01.1: [8086:7010] type 00 class 0x010180
[    1.229136] pci 0000:00:01.1: reg 0x20: [io  0xc040-0xc04f]
[    1.232079] pci 0000:00:01.1: legacy IDE quirk: reg 0x10: [io  0x01f0-0x01f7]
[    1.234135] pci 0000:00:01.1: legacy IDE quirk: reg 0x14: [io  0x03f6]
[    1.235307] pci 0000:00:01.1: legacy IDE quirk: reg 0x18: [io  0x0170-0x0177]
[    1.239313] pci 0000:00:01.1: legacy IDE quirk: reg 0x1c: [io  0x0376]
[    1.243351] pci 0000:00:01.3: [8086:7113] type 00 class 0x068000
[    1.246326] pci 0000:00:01.3: quirk: [io  0x0600-0x063f] claimed by PIIX4 ACPI
[    1.247353] pci 0000:00:01.3: quirk: [io  0x0700-0x070f] claimed by PIIX4 SMB
[    1.252600] pci 0000:00:02.0: [1234:1111] type 00 class 0x030000
[    1.256334] pci 0000:00:02.0: reg 0x10: [mem 0xfd000000-0xfdffffff pref]
[    1.263144] pci 0000:00:02.0: reg 0x18: [mem 0xfebf0000-0xfebf0fff]
[    1.272171] pci 0000:00:02.0: reg 0x30: [mem 0xfebe0000-0xfebeffff pref]
[    1.286685] pci 0000:00:03.0: [8086:100e] type 00 class 0x020000
[    1.292294] pci 0000:00:03.0: reg 0x10: [mem 0xfebc0000-0xfebdffff]
[    1.295307] pci 0000:00:03.0: reg 0x14: [io  0xc000-0xc03f]
[    1.305063] pci 0000:00:03.0: reg 0x30: [mem 0xfeb80000-0xfebbffff pref]
[    1.339201] ACPI: PCI: Interrupt link LNKA configured for IRQ 10
[    1.340183] ACPI: PCI: Interrupt link LNKB configured for IRQ 10
[    1.342999] ACPI: PCI: Interrupt link LNKC configured for IRQ 11
[    1.344162] ACPI: PCI: Interrupt link LNKD configured for IRQ 11
[    1.346810] ACPI: PCI: Interrupt link LNKS configured for IRQ 9
[    1.353204] iommu: Default domain type: Translated 
[    1.354756] iommu: DMA domain TLB invalidation policy: lazy mode 
[    1.358185] pci 0000:00:02.0: vgaarb: setting as boot VGA device
[    1.359270] pci 0000:00:02.0: vgaarb: VGA device added: decodes=io+mem,owns=io+mem,locks=none
[    1.359319] pci 0000:00:02.0: vgaarb: bridge control possible
[    1.361121] vgaarb: loaded
[    1.365450] SCSI subsystem initialized
[    1.369850] ACPI: bus type USB registered
[    1.371566] usbcore: registered new interface driver usbfs
[    1.373754] usbcore: registered new interface driver hub
[    1.375430] usbcore: registered new device driver usb
[    1.377477] pps_core: LinuxPPS API ver. 1 registered
[    1.379096] pps_core: Software ver. 5.3.6 - Copyright 2005-2007 Rodolfo Giometti <giometti@linux.it>
[    1.379403] PTP clock support registered
[    1.383470] EDAC MC: Ver: 3.0.0
[    1.394029] NetLabel: Initializing
[    1.395298] NetLabel:  domain hash size = 128
[    1.396738] NetLabel:  protocols = UNLABELED CIPSOv4 CALIPSO
[    1.398852] NetLabel:  unlabeled traffic allowed by default
[    1.400939] PCI: Using ACPI for IRQ routing
[    1.406340] hpet0: at MMIO 0xfed00000, IRQs 2, 8, 0
[    1.407296] hpet0: 3 comparators, 64-bit 100.000000 MHz counter
[    1.415492] clocksource: Switched to clocksource kvm-clock
[    1.771667] VFS: Disk quotas dquot_6.6.0
[    1.773313] VFS: Dquot-cache hash table entries: 512 (order 0, 4096 bytes)
[    1.799053] pnp: PnP ACPI init
[    1.804133] pnp: PnP ACPI: found 6 devices
[    1.836684] clocksource: acpi_pm: mask: 0xffffff max_cycles: 0xffffff, max_idle_ns: 2085701024 ns
[    1.852611] NET: Registered PF_INET protocol family
[    1.855114] IP idents hash table entries: 32768 (order: 6, 262144 bytes, linear)
[    1.865504] tcp_listen_portaddr_hash hash table entries: 1024 (order: 4, 81920 bytes, linear)
[    1.883736] TCP established hash table entries: 16384 (order: 5, 131072 bytes, linear)
[    1.886786] TCP bind hash table entries: 16384 (order: 8, 1179648 bytes, linear)
[    1.931742] TCP: Hash tables configured (established 16384 bind 16384)
[    1.933994] UDP hash table entries: 1024 (order: 5, 163840 bytes, linear)
[    1.936493] UDP-Lite hash table entries: 1024 (order: 5, 163840 bytes, linear)
[    1.938925] NET: Registered PF_UNIX/PF_LOCAL protocol family
[    1.959078] RPC: Registered named UNIX socket transport module.
[    1.960574] RPC: Registered udp transport module.
[    1.961946] RPC: Registered tcp transport module.
[    1.963410] RPC: Registered tcp NFSv4.1 backchannel transport module.
[    1.965490] pci_bus 0000:00: resource 4 [io  0x0000-0x0cf7 window]
[    1.967362] pci_bus 0000:00: resource 5 [io  0x0d00-0xffff window]
[    1.969250] pci_bus 0000:00: resource 6 [mem 0x000a0000-0x000bffff window]
[    1.971378] pci_bus 0000:00: resource 7 [mem 0x80000000-0xfebfffff window]
[    1.973536] pci_bus 0000:00: resource 8 [mem 0x100000000-0x17fffffff window]
[    1.976253] pci 0000:00:01.0: PIIX3: Enabling Passive Release
[    1.978054] pci 0000:00:00.0: Limiting direct PCI/PCI transfers
[    1.979961] pci 0000:00:01.0: Activating ISA DMA hang workarounds
[    1.981957] pci 0000:00:02.0: Video device with shadowed ROM at [mem 0x000c0000-0x000dffff]
[    1.984454] PCI: CLS 0 bytes, default 64
[    1.985818] ACPI: bus type thunderbolt registered
[    1.987967] clocksource: tsc: mask: 0xffffffffffffffff max_cycles: 0x1a03dfe73b3, max_idle_ns: 440795256845 ns
[    5.670978] Initialise system trusted keyrings
[    5.672692] Key type blacklist registered
[    5.674948] workingset: timestamp_bits=36 max_order=19 bucket_order=0
[    5.694062] zbud: loaded
[    5.698655] squashfs: version 4.0 (2009/01/31) Phillip Lougher
[    5.710629] NFS: Registering the id_resolver key type
[    5.712556] Key type id_resolver registered
[    5.713805] Key type id_legacy registered
[    5.715503] nfs4filelayout_init: NFSv4 File Layout Driver Registering...
[    5.717986] nfs4flexfilelayout_init: NFSv4 Flexfile Layout Driver Registering...
[    5.722529] fuse: init (API version 7.34)
[    5.725560] SGI XFS with ACLs, security attributes, realtime, quota, no debug enabled
[    5.741733] 9p: Installing v9fs 9p2000 file system support
[    5.769256] Key type asymmetric registered
[    5.770328] Asymmetric key parser 'x509' registered
[    5.772141] Block layer SCSI generic (bsg) driver version 0.4 loaded (major 244)
[    5.774454] io scheduler mq-deadline registered
[    5.775727] io scheduler bfq registered
[    5.777886] shpchp: Standard Hot Plug PCI Controller Driver version: 0.4
[    5.781311] IPMI message handler: version 39.2
[    5.782928] ipmi device interface
[    5.787061] input: Power Button as /devices/LNXSYSTM:00/LNXPWRBN:00/input/input0
[    5.794875] ACPI: button: Power Button [PWRF]
[    5.805560] ERST DBG: ERST support is disabled.
[    5.808848] Serial: 8250/16550 driver, 32 ports, IRQ sharing enabled
[    5.821713] 00:04: ttyS0 at I/O 0x3f8 (irq = 4, base_baud = 115200) is a 16550A
[    5.881344] Linux agpgart interface v0.103
[    5.946334] brd: module loaded
[    5.978517] loop: module loaded
[    6.005219] scsi host0: ata_piix
[    6.010717] scsi host1: ata_piix
[    6.012511] ata1: PATA max MWDMA2 cmd 0x1f0 ctl 0x3f6 bmdma 0xc040 irq 14
[    6.014619] ata2: PATA max MWDMA2 cmd 0x170 ctl 0x376 bmdma 0xc048 irq 15
[    6.024226] libphy: Fixed MDIO Bus: probed
[    6.026240] tun: Universal TUN/TAP device driver, 1.6
[    6.029427] e100: Intel(R) PRO/100 Network Driver
[    6.030898] e100: Copyright(c) 1999-2006 Intel Corporation
[    6.032965] e1000: Intel(R) PRO/1000 Network Driver
[    6.034461] e1000: Copyright (c) 1999-2006 Intel Corporation.
[    6.176788] ata1.00: ATA-7: QEMU HARDDISK, 2.5+, max UDMA/100
[    6.177902] ata1.00: 16777216 sectors, multi 16: LBA48 
[    6.181166] scsi 0:0:0:0: Direct-Access     ATA      QEMU HARDDISK    2.5+ PQ: 0 ANSI: 5
[    6.184520] ata2.00: ATAPI: QEMU DVD-ROM, 2.5+, max UDMA/100
[    6.188723] scsi 0:0:0:0: Attached scsi generic sg0 type 0
[    6.192960] scsi 1:0:0:0: CD-ROM            QEMU     QEMU DVD-ROM     2.5+ PQ: 0 ANSI: 5
[    6.193220] sd 0:0:0:0: [sda] 16777216 512-byte logical blocks: (8.59 GB/8.00 GiB)
[    6.198991] sd 0:0:0:0: [sda] Write Protect is off
[    6.203343] sd 0:0:0:0: [sda] Write cache: enabled, read cache: enabled, doesn't support DPO or FUA
[    6.211566] scsi 1:0:0:0: Attached scsi generic sg1 type 5
[    6.358309] ACPI: \_SB_.LNKC: Enabled at IRQ 11
[    6.367804] sd 0:0:0:0: [sda] Attached SCSI disk
[    6.781190] e1000 0000:00:03.0 eth0: (PCI:33MHz:32-bit) 52:54:00:12:34:56
[    6.783433] e1000 0000:00:03.0 eth0: Intel(R) PRO/1000 Network Connection
[    6.785719] e1000e: Intel(R) PRO/1000 Network Driver
[    6.787152] e1000e: Copyright(c) 1999 - 2015 Intel Corporation.
[    6.789138] igb: Intel(R) Gigabit Ethernet Network Driver
[    6.790819] igb: Copyright (c) 2007-2014 Intel Corporation.
[    6.792873] PPP generic driver version 2.4.2
[    6.798261] VFIO - User Level meta-driver version: 0.3
[    6.800501] ehci_hcd: USB 2.0 'Enhanced' Host Controller (EHCI) Driver
[    6.802493] ehci-pci: EHCI PCI platform driver
[    6.804218] ehci-platform: EHCI generic platform driver
[    6.805958] ohci_hcd: USB 1.1 'Open' Host Controller (OHCI) Driver
[    6.808115] ohci-pci: OHCI PCI platform driver
[    6.809726] ohci-platform: OHCI generic platform driver
[    6.811910] uhci_hcd: USB Universal Host Controller Interface driver
[    6.817847] usbcore: registered new interface driver uas
[    6.819880] usbcore: registered new interface driver usb-storage
[    6.822065] i8042: PNP: PS/2 Controller [PNP0303:KBD,PNP0f13:MOU] at 0x60,0x64 irq 1,12
[    6.828020] serio: i8042 KBD port at 0x60,0x64 irq 1
[    6.830079] serio: i8042 AUX port at 0x60,0x64 irq 12
[    6.837635] mousedev: PS/2 mouse device common for all mice
[    6.844326] rtc_cmos 00:05: RTC can wake from S4
[    6.845312] input: AT Translated Set 2 keyboard as /devices/platform/i8042/serio0/input/input1
[    6.849038] rtc_cmos 00:05: registered as rtc0
[    6.867946] rtc_cmos 00:05: setting system clock to 2023-03-16T09:05:01 UTC (1678957501)
[    6.874679] rtc_cmos 00:05: alarms up to one day, y3k, 242 bytes nvram, hpet irqs
[    6.880502] i2c_dev: i2c /dev entries driver
[    6.884894] device-mapper: core: CONFIG_IMA_DISABLE_HTABLE is disabled. Duplicate IMA measurements will not be recorded in the IMA log.
[    6.886278] input: VirtualPS/2 VMware VMMouse as /devices/platform/i8042/serio1/input/input4
[    6.910440] device-mapper: uevent: version 1.0.3
[    6.911233] device-mapper: ioctl: 4.45.0-ioctl (2021-03-22) initialised: dm-devel@redhat.com
[    6.911351] intel_pstate: CPU model not supported
[    6.911600] sdhci: Secure Digital Host Controller Interface driver
[    6.911607] sdhci: Copyright(c) Pierre Ossman
[    6.911768] sdhci-pltfm: SDHCI platform and OF driver helper
[    6.927494] ledtrig-cpu: registered to indicate activity on CPUs
[    6.929492] drop_monitor: Initializing network drop monitor service
[    6.931899] NET: Registered PF_INET6 protocol family
[    6.941005] Segment Routing with IPv6
[    6.944187] In-situ OAM (IOAM) with IPv6
[    6.946193] NET: Registered PF_PACKET protocol family
[    6.950682] 9pnet: Installing 9P2000 support
[    6.954960] Key type dns_resolver registered
[    6.961587] input: VirtualPS/2 VMware VMMouse as /devices/platform/i8042/serio1/input/input3
[    6.965430] IPI shorthand broadcast: enabled
[    6.967201] sched_clock: Marking stable (6918177188, 46471921)->(7228112880, -263463771)
[    6.974696] registered taskstats version 1
[    6.978480] Loading compiled-in X.509 certificates
[    6.981363] zswap: loaded using pool lzo/zbud
[    6.991666] Key type ._fscrypt registered
[    6.993005] Key type .fscrypt registered
[    6.994176] Key type fscrypt-provisioning registered
[    7.006123] Key type encrypted registered
[    7.008938] ima: No TPM chip found, activating TPM-bypass!
[    7.011053] ima: Allocated hash algorithm: sha1
[    7.013430] ima: No architecture policies found
[    7.015092] evm: Initialising EVM extended attributes:
[    7.016726] evm: security.selinux
[    7.017702] evm: security.SMACK64
[    7.018617] evm: security.SMACK64EXEC
[    7.019915] evm: security.SMACK64TRANSMUTE
[    7.021400] evm: security.SMACK64MMAP
[    7.022615] evm: security.apparmor
[    7.024340] evm: security.ima
[    7.025373] evm: security.capability
[    7.026386] evm: HMAC attrs: 0x1
[    7.034925] PM:   Magic number: 15:648:70
[    7.037390]  memory: hash matches
[    7.043234] RAS: Correctable Errors collector initialized.
[    7.053749] md: Waiting for all devices to be available before autodetect
[    7.056111] md: If you don't use raid, use raid=noautodetect
[    7.057870] md: Autodetecting RAID arrays.
[    7.061490] md: autorun ...
[    7.062542] md: ... autorun DONE.
[    7.093148] EXT4-fs (sda): mounted filesystem with ordered data mode. Opts: (null). Quota mode: none.
[    7.096515] VFS: Mounted root (ext4 filesystem) readonly on device 8:0.
[    7.104045] devtmpfs: mounted
[    7.113840] Freeing unused decrypted memory: 2036K
[    7.121648] Freeing unused kernel image (initmem) memory: 3224K
[    7.123697] Write protecting the kernel read-only data: 40960k
[    7.132083] Freeing unused kernel image (text/rodata gap) memory: 2028K
[    7.136213] Freeing unused kernel image (rodata/data gap) memory: 516K
[    7.291894] x86/mm: Checked W+X mappings: passed, no W+X pages found.
[    7.294283] Run /sbin/init as init process
[    7.714101] random: fast init done
[    7.908989] systemd[1]: RTC configured in localtime, applying delta of 0 minutes to system time.
[    8.154611] systemd[1]: systemd 239 (239-49.el8) running in system mode. (+PAM +AUDIT +SELINUX +IMA -APPARMOR +SMACK +SYSVINIT +UTMP +LIBCRYPTSETUP +GCRYPT +GNUTLS +ACL +XZ +LZ4 +SECCOMP +BLKID +ELFUTILS +KMOD +IDN2 -IDN +PCRE2 default-hierarchy=legacy)
[    8.162672] systemd[1]: Detected virtualization kvm.
[    8.164307] systemd[1]: Detected architecture x86-64.

Welcome to [0;31mCentOS Stream 8[0m!

[    8.229362] systemd[1]: Set hostname to <test>.
[    8.710902] random: lvmconfig: uninitialized urandom read (4 bytes read)
[    9.379019] random: systemd: uninitialized urandom read (16 bytes read)
[    9.382349] systemd[1]: Listening on udev Control Socket.
[[0;32m  OK  [0m] Listening on udev Control Socket.
[    9.389625] random: systemd: uninitialized urandom read (16 bytes read)
[    9.409621] systemd[1]: Listening on Process Core Dump Socket.
[[0;32m  OK  [0m] Listening on Process Core Dump Socket.
[    9.416869] systemd[1]: Listening on udev Kernel Socket.
[[0;32m  OK  [0m] Listening on udev Kernel Socket.
[    9.435016] systemd[1]: Created slice system-getty.slice.
[[0;32m  OK  [0m] Created slice system-getty.slice.
[    9.446340] systemd[1]: Created slice system-sshd\x2dkeygen.slice.
[[0;32m  OK  [0m] Created slice system-sshd\x2dkeygen.slice.
[    9.458475] systemd[1]: Listening on Device-mapper event daemon FIFOs.
[[0;32m  OK  [0m] Listening on Device-mapper event daemon FIFOs.
[[0;32m  OK  [0m] Reached target Swap.
[[0;32m  OK  [0m] Started Forward Password Requests to Wall Directory Watch.
[[0;32m  OK  [0m] Listening on multipathd control socket.
[[0;32m  OK  [0m] Created slice User and Session Slice.
[[0;32m  OK  [0m] Reached target Slices.
[[0;32m  OK  [0m] Listening on RPCbind Server Activation Socket.
[[0;32m  OK  [0m] Reached target RPC Port Mapper.
[[0;32m  OK  [0m] Listening on initctl Compatibility Named Pipe.
[[0;32m  OK  [0m] Set up automount Arbitrary Executabâ€¦rmats File System Automount Point.
[[0;32m  OK  [0m] Listening on Journal Socket (/dev/log).
[[0;32m  OK  [0m] Listening on LVM2 poll daemon socket.
[[0;32m  OK  [0m] Created slice system-serial\x2dgetty.slice.
[[0;32m  OK  [0m] Listening on Journal Socket.
         Starting Load Kernel Modules...
         Mounting Huge Pages File System...
         Mounting POSIX Message Queue File System...
         Starting Monitoring of LVM2 mirrorsâ€¦ng dmeventd or progress polling...
         Starting udev Coldplug all Devices...
         Mounting Kernel Debug File System...
         Starting Remount Root and Kernel File Systems...
         Starting Journal Service...
         Starting Setup Virtual Console...
[[0;1;31mFAILED[0m] Failed to start Load Kernel Modules.
See 'systemctl status systemd-modules-load.service' for details.
[[0;32m  OK  [0m] Mounted Huge Pages File System.
[[0;32m  OK  [0m] Mounted POSIX Message Queue File System.
[[0;32m  OK  [0m] Mounted Kernel Debug File System.
         Starting Apply Kernel Variables...
         Mounting FUSE Control File System...
         Mounting Kernel Configuration File System...
[[0;32m  OK  [0m] Started Apply Kernel Variables.
[[0;32m  OK  [0m] Started Journal Service.
[[0;32m  OK  [0m] Mounted FUSE Control File System.
[[0;32m  OK  [0m] Mounted Kernel Configuration File System.
[   10.871686] EXT4-fs (sda): re-mounted. Opts: (null). Quota mode: none.
[[0;32m  OK  [0m] Started Remount Root and Kernel File Systems.
         Starting Flush Journal to Persistent Storage...
[   10.992701] random: crng init done
[   10.993800] random: 7 urandom warning(s) missed due to ratelimiting
         Starting Create Static Device Nodes in /dev...
         Starting Load/Save Random Seed...
[[0;32m  OK  [0m] Started Setup Virtual Console.
[[0;32m  OK  [0m] Started Load/Save Random Seed.
[[0;32m  OK  [0m] Started udev Coldplug all Devices.
[[0;32m  OK  [0m] Started Flush Journal to Persistent Storage.
         Starting udev Wait for Complete Device Initialization...
[[0;32m  OK  [0m] Started Create Static Device Nodes in /dev.
         Starting udev Kernel Device Manager...
[[0;32m  OK  [0m] Started udev Kernel Device Manager.
         Starting Show Plymouth Boot Screen...
[[0;32m  OK  [0m] Started Show Plymouth Boot Screen.
[[0;32m  OK  [0m] Started Forward Password Requests to Plymouth Directory Watch.
[[0;32m  OK  [0m] Reached target Paths.
[[0;32m  OK  [0m] Reached target Local Encrypted Volumes.
[[0;32m  OK  [0m] Found device /dev/ttyS0.
[[0;32m  OK  [0m] Started Monitoring of LVM2 mirrors,â€¦sing dmeventd or progress polling.
[[0;32m  OK  [0m] Listening on Load/Save RF Kill Switch Status /dev/rfkill Watch.
[[0;32m  OK  [0m] Started udev Wait for Complete Device Initialization.
[[0;32m  OK  [0m] Reached target Local File Systems (Pre).
[[0;32m  OK  [0m] Reached target Local File Systems.
         Starting Restore /run/initramfs on shutdown...
         Starting Tell Plymouth To Write Out Runtime Data...
         Starting Create Volatile Files and Directories...
[[0;32m  OK  [0m] Started Restore /run/initramfs on shutdown.
[[0;32m  OK  [0m] Started Tell Plymouth To Write Out Runtime Data.
[[0;32m  OK  [0m] Started Create Volatile Files and Directories.
         Mounting RPC Pipe File System...
         Starting RPC Bind...
         Starting Security Auditing Service...
[[0;32m  OK  [0m] Mounted RPC Pipe File System.
[[0;32m  OK  [0m] Reached target rpc_pipefs.target.
[[0;32m  OK  [0m] Started RPC Bind.
[[0;32m  OK  [0m] Started Security Auditing Service.
         Starting Update UTMP about System Boot/Shutdown...
[[0;32m  OK  [0m] Started Update UTMP about System Boot/Shutdown.
[[0;32m  OK  [0m] Reached target System Initialization.
[[0;32m  OK  [0m] Started daily update of the root trust anchor for DNSSEC.
[[0;32m  OK  [0m] Listening on SSSD Kerberos Cache Manager responder socket.
[[0;32m  OK  [0m] Started Daily Cleanup of Temporary Directories.
[[0;32m  OK  [0m] Started dnf makecache --timer.
[[0;32m  OK  [0m] Reached target Timers.
[[0;32m  OK  [0m] Listening on D-Bus System Message Bus Socket.
[[0;32m  OK  [0m] Reached target Sockets.
[[0;32m  OK  [0m] Reached target Basic System.
         Starting Self Monitoring and Reporting Technology (SMART) Daemon...
         Starting NTP client/server...
[[0;32m  OK  [0m] Started irqbalance daemon.
         Starting Auto-connect to subsystemsâ€¦-NVME devices found during boot...
[[0;32m  OK  [0m] Started D-Bus System Message Bus.
         Starting Network Manager...
         Starting Authorization Manager...
         Starting Login Service...
[[0;32m  OK  [0m] Started Machine Check Exception Logging Daemon.
[[0;32m  OK  [0m] Reached target sshd-keygen.target.
[[0;32m  OK  [0m] Started Auto-connect to subsystems â€¦FC-NVME devices found during boot.
         Starting update of the root trust aâ€¦or DNSSEC validation in unbound...
[[0;32m  OK  [0m] Started Login Service.
[[0;32m  OK  [0m] Started Self Monitoring and Reporting Technology (SMART) Daemon.
[[0;32m  OK  [0m] Started NTP client/server.
[[0;32m  OK  [0m] Started Network Manager.
         Starting Network Manager Wait Online...
[[0;32m  OK  [0m] Reached target Network.
         Starting GSSAPI Proxy Daemon...
         Starting Dynamic System Tuning Daemon...
         Starting OpenSSH server daemon...
         Starting Hostname Service...
[[0;32m  OK  [0m] Started OpenSSH server daemon.
[[0;32m  OK  [0m] Started Authorization Manager.
[[0;32m  OK  [0m] Started GSSAPI Proxy Daemon.
[[0;32m  OK  [0m] Started update of the root trust anâ€¦ for DNSSEC validation in unbound.
[[0;32m  OK  [0m] Reached target NFS client services.
[[0;32m  OK  [0m] Reached target Remote File Systems (Pre).
[[0;32m  OK  [0m] Reached target Remote File Systems.
         Starting Permit User Sessions...
[[0;32m  OK  [0m] Started Permit User Sessions.
[[0;32m  OK  [0m] Started Command Scheduler.
         Starting Terminate Plymouth Boot Screen...
         Starting Hold until boot process finishes up...
[   17.708071] e1000: eth0 NIC Link is Up 1000 Mbps Full Duplex, Flow Control: RX
[   17.714656] IPv6: ADDRCONF(NETDEV_CHANGE): eth0: link becomes ready

CentOS Stream 8
Kernel 5.15.0-rc4-1c36432b278c+ on an x86_64

test login: [   51.884693] hrtimer: interrupt took 10299242 ns
