c[?7l[2J[0mSeaBIOS (version rel-1.16.0-0-gd239552ce722-prebuilt.qemu.org)


iPXE (http://ipxe.org) 00:03.0 CA00 PCI2.10 PnP PMM+7FF91000+7FEF1000 CA00
Press Ctrl-B to configure iPXE (PCI 00:03.0)...                                                                               


Booting from ROM..c[?7l[2J[0m.[    0.000000] Linux version 5.15.0-2cf3f8133bda+ (root@p-adln01) (gcc (GCC) 8.5.0 20210514 (Red Hat 8.5.0-18), GNU ld version 2.36.1-2.el8) #1 SMP Thu Mar 2 12:05:08 CST 2023
[    0.000000] Command line: console=ttyS0 root=/dev/sda earlyprintk=serial net.ifnames=0
[    0.000000] KERNEL supported cpus:
[    0.000000]   Intel GenuineIntel
[    0.000000]   AMD AuthenticAMD
[    0.000000]   Hygon HygonGenuine
[    0.000000]   Centaur CentaurHauls
[    0.000000]   zhaoxin   Shanghai  
[    0.000000] x86/fpu: Supporting XSAVE feature 0x001: 'x87 floating point registers'
[    0.000000] x86/fpu: Supporting XSAVE feature 0x002: 'SSE registers'
[    0.000000] x86/fpu: Supporting XSAVE feature 0x004: 'AVX registers'
[    0.000000] x86/fpu: Supporting XSAVE feature 0x200: 'Protection Keys User registers'
[    0.000000] x86/fpu: xstate_offset[2]:  576, xstate_sizes[2]:  256
[    0.000000] x86/fpu: xstate_offset[9]:  832, xstate_sizes[9]:    8
[    0.000000] x86/fpu: Enabled xstate features 0x207, context size is 840 bytes, using 'compacted' format.
[    0.000000] signal: max sigframe size: 3632
[    0.000000] BIOS-provided physical RAM map:
[    0.000000] BIOS-e820: [mem 0x0000000000000000-0x000000000009fbff] usable
[    0.000000] BIOS-e820: [mem 0x000000000009fc00-0x000000000009ffff] reserved
[    0.000000] BIOS-e820: [mem 0x00000000000f0000-0x00000000000fffff] reserved
[    0.000000] BIOS-e820: [mem 0x0000000000100000-0x000000007ffdffff] usable
[    0.000000] BIOS-e820: [mem 0x000000007ffe0000-0x000000007fffffff] reserved
[    0.000000] BIOS-e820: [mem 0x00000000feffc000-0x00000000feffffff] reserved
[    0.000000] BIOS-e820: [mem 0x00000000fffc0000-0x00000000ffffffff] reserved
[    0.000000] printk: bootconsole [earlyser0] enabled
[    0.000000] NX (Execute Disable) protection: active
[    0.000000] SMBIOS 2.8 present.
[    0.000000] DMI: QEMU Standard PC (i440FX + PIIX, 1996), BIOS rel-1.16.0-0-gd239552ce722-prebuilt.qemu.org 04/01/2014
[    0.000000] Hypervisor detected: KVM
[    0.000000] kvm-clock: Using msrs 4b564d01 and 4b564d00
[    0.000000] kvm-clock: cpu 0, msr 5401001, primary cpu clock
[    0.000005] kvm-clock: using sched offset of 430029406 cycles
[    0.000773] clocksource: kvm-clock: mask: 0xffffffffffffffff max_cycles: 0x1cd42e4dffb, max_idle_ns: 881590591483 ns
[    0.003002] tsc: Detected 1804.800 MHz processor
[    0.011554] last_pfn = 0x7ffe0 max_arch_pfn = 0x400000000
[    0.012425] x86/PAT: Configuration [0-7]: WB  WC  UC- UC  WB  WP  UC- WT  
[    0.020981] found SMP MP-table at [mem 0x000f5ba0-0x000f5baf]
[    0.022050] Using GB pages for direct mapping
[    0.024326] ACPI: Early table checksum verification disabled
[    0.025174] ACPI: RSDP 0x00000000000F59C0 000014 (v00 BOCHS )
[    0.025975] ACPI: RSDT 0x000000007FFE1951 000034 (v01 BOCHS  BXPC     00000001 BXPC 00000001)
[    0.027169] ACPI: FACP 0x000000007FFE17FD 000074 (v01 BOCHS  BXPC     00000001 BXPC 00000001)
[    0.028353] ACPI: DSDT 0x000000007FFE0040 0017BD (v01 BOCHS  BXPC     00000001 BXPC 00000001)
[    0.029533] ACPI: FACS 0x000000007FFE0000 000040
[    0.030217] ACPI: APIC 0x000000007FFE1871 000080 (v01 BOCHS  BXPC     00000001 BXPC 00000001)
[    0.031424] ACPI: HPET 0x000000007FFE18F1 000038 (v01 BOCHS  BXPC     00000001 BXPC 00000001)
[    0.032628] ACPI: WAET 0x000000007FFE1929 000028 (v01 BOCHS  BXPC     00000001 BXPC 00000001)
[    0.033857] ACPI: Reserving FACP table memory at [mem 0x7ffe17fd-0x7ffe1870]
[    0.034814] ACPI: Reserving DSDT table memory at [mem 0x7ffe0040-0x7ffe17fc]
[    0.035772] ACPI: Reserving FACS table memory at [mem 0x7ffe0000-0x7ffe003f]
[    0.036729] ACPI: Reserving APIC table memory at [mem 0x7ffe1871-0x7ffe18f0]
[    0.037679] ACPI: Reserving HPET table memory at [mem 0x7ffe18f1-0x7ffe1928]
[    0.038634] ACPI: Reserving WAET table memory at [mem 0x7ffe1929-0x7ffe1950]
[    0.040954] No NUMA configuration found
[    0.041489] Faking a node at [mem 0x0000000000000000-0x000000007ffdffff]
[    0.042515] NODE_DATA(0) allocated [mem 0x7ffb5000-0x7ffdffff]
[    0.047665] Zone ranges:
[    0.048020]   DMA      [mem 0x0000000000001000-0x0000000000ffffff]
[    0.048853]   DMA32    [mem 0x0000000001000000-0x000000007ffdffff]
[    0.049682]   Normal   empty
[    0.050071]   Device   empty
[    0.050463] Movable zone start for each node
[    0.051030] Early memory node ranges
[    0.051515]   node   0: [mem 0x0000000000001000-0x000000000009efff]
[    0.052357]   node   0: [mem 0x0000000000100000-0x000000007ffdffff]
[    0.053194] Initmem setup node 0 [mem 0x0000000000001000-0x000000007ffdffff]
[    0.054510] On node 0, zone DMA: 1 pages in unavailable ranges
[    0.054771] On node 0, zone DMA: 97 pages in unavailable ranges
[    0.096412] On node 0, zone DMA32: 32 pages in unavailable ranges
[    0.097682] ACPI: PM-Timer IO Port: 0x608
[    0.099077] ACPI: LAPIC_NMI (acpi_id[0xff] dfl dfl lint[0x1])
[    0.099966] IOAPIC[0]: apic_id 0, version 17, address 0xfec00000, GSI 0-23
[    0.100921] ACPI: INT_SRC_OVR (bus 0 bus_irq 0 global_irq 2 dfl dfl)
[    0.101776] ACPI: INT_SRC_OVR (bus 0 bus_irq 5 global_irq 5 high level)
[    0.102668] ACPI: INT_SRC_OVR (bus 0 bus_irq 9 global_irq 9 high level)
[    0.103573] ACPI: INT_SRC_OVR (bus 0 bus_irq 10 global_irq 10 high level)
[    0.104480] ACPI: INT_SRC_OVR (bus 0 bus_irq 11 global_irq 11 high level)
[    0.105400] ACPI: Using ACPI (MADT) for SMP configuration information
[    0.106259] ACPI: HPET id: 0x8086a201 base: 0xfed00000
[    0.106974] TSC deadline timer available
[    0.107530] smpboot: Allowing 2 CPUs, 0 hotplug CPUs
[    0.108336] kvm-guest: KVM setup pv remote TLB flush
[    0.109023] kvm-guest: setup PV sched yield
[    0.109709] PM: hibernation: Registered nosave memory: [mem 0x00000000-0x00000fff]
[    0.110736] PM: hibernation: Registered nosave memory: [mem 0x0009f000-0x0009ffff]
[    0.111754] PM: hibernation: Registered nosave memory: [mem 0x000a0000-0x000effff]
[    0.112759] PM: hibernation: Registered nosave memory: [mem 0x000f0000-0x000fffff]
[    0.113773] [mem 0x80000000-0xfeffbfff] available for PCI devices
[    0.114589] Booting paravirtualized kernel on KVM
[    0.115268] clocksource: refined-jiffies: mask: 0xffffffff max_cycles: 0xffffffff, max_idle_ns: 7645519600211568 ns
[    0.116691] setup_percpu: NR_CPUS:8192 nr_cpumask_bits:2 nr_cpu_ids:2 nr_node_ids:1
[    0.120245] percpu: Embedded 55 pages/cpu s188416 r8192 d28672 u1048576
[    0.121420] kvm-guest: setup async PF for cpu 0
[    0.122034] kvm-guest: stealtime: cpu 0, msr 7dc2d080
[    0.122731] kvm-guest: PV spinlocks enabled
[    0.123319] PV qspinlock hash table entries: 256 (order: 0, 4096 bytes, linear)
[    0.124361] Built 1 zonelists, mobility grouping on.  Total pages: 515808
[    0.125281] Policy zone: DMA32
[    0.125707] Kernel command line: net.ifnames=0 console=ttyS0 root=/dev/sda earlyprintk=serial net.ifnames=0
[    0.129826] Dentry cache hash table entries: 262144 (order: 9, 2097152 bytes, linear)
[    0.131951] Inode-cache hash table entries: 131072 (order: 8, 1048576 bytes, linear)
[    0.133191] mem auto-init: stack:off, heap alloc:off, heap free:off
[    0.139377] Memory: 1987504K/2096632K available (30737K kernel code, 5251K rwdata, 7684K rodata, 3232K init, 22016K bss, 108872K reserved, 0K cma-reserved)
[    0.141317] random: get_random_u64 called from __kmem_cache_create+0x2f/0x4d0 with crng_init=0
[    0.142214] SLUB: HWalign=64, Order=0-3, MinObjects=0, CPUs=2, Nodes=1
[    0.144258] kmemleak: Kernel memory leak detector disabled
[    0.145061] ftrace: allocating 64802 entries in 254 pages
[    0.252044] ftrace: allocated 254 pages with 7 groups
[    0.253347] Running RCU self tests
[    0.253841] rcu: Hierarchical RCU implementation.
[    0.254488] rcu: 	RCU lockdep checking is enabled.
[    0.255142] rcu: 	RCU restricting CPUs from NR_CPUS=8192 to nr_cpu_ids=2.
[    0.256083] 	Trampoline variant of Tasks RCU enabled.
[    0.256776] 	Rude variant of Tasks RCU enabled.
[    0.257400] 	Tracing variant of Tasks RCU enabled.
[    0.258058] rcu: RCU calculated value of scheduler-enlistment delay is 25 jiffies.
[    0.259104] rcu: Adjusting geometry for rcu_fanout_leaf=16, nr_cpu_ids=2
[    0.287296] NR_IRQS: 524544, nr_irqs: 440, preallocated irqs: 16
[    0.301322] Console: colour VGA+ 80x25
[    0.301949] printk: console [ttyS0] enabled
[    0.301949] printk: console [ttyS0] enabled
[    0.303093] printk: bootconsole [earlyser0] disabled
[    0.303093] printk: bootconsole [earlyser0] disabled
[    0.304431] Lock dependency validator: Copyright (c) 2006 Red Hat, Inc., Ingo Molnar
[    0.305486] ... MAX_LOCKDEP_SUBCLASSES:  8
[    0.306055] ... MAX_LOCK_DEPTH:          48
[    0.306628] ... MAX_LOCKDEP_KEYS:        8192
[    0.307244] ... CLASSHASH_SIZE:          4096
[    0.307853] ... MAX_LOCKDEP_ENTRIES:     32768
[    0.308487] ... MAX_LOCKDEP_CHAINS:      65536
[    0.309122] ... CHAINHASH_SIZE:          32768
[    0.309757]  memory used by lock dependency info: 6365 kB
[    0.310526]  memory used for stack traces: 4224 kB
[    0.311232]  per task-struct memory footprint: 1920 bytes
[    0.312102] ACPI: Core revision 20210730
[    0.313059] clocksource: hpet: mask: 0xffffffff max_cycles: 0xffffffff, max_idle_ns: 19112604467 ns
[    0.314592] APIC: Switch to symmetric I/O mode setup
[    0.315628] x2apic enabled
[    0.316353] Switched APIC routing to physical x2apic.
[    0.317084] kvm-guest: setup PV IPIs
[    0.319009] ..TIMER: vector=0x30 apic1=0 pin1=2 apic2=-1 pin2=-1
[    0.319927] clocksource: tsc-early: mask: 0xffffffffffffffff max_cycles: 0x1a03dfe73b3, max_idle_ns: 440795256845 ns
[    0.321447] Calibrating delay loop (skipped) preset value.. 3609.60 BogoMIPS (lpj=7219200)
[    0.325431] pid_max: default: 32768 minimum: 301
[    0.326211] LSM: Security Framework initializing
[    0.326882] Yama: becoming mindful.
[    0.327566] Mount-cache hash table entries: 4096 (order: 3, 32768 bytes, linear)
[    0.328627] Mountpoint-cache hash table entries: 4096 (order: 3, 32768 bytes, linear)
[    0.333542] x86/cpu: User Mode Instruction Prevention (UMIP) activated
[    0.335369] Last level iTLB entries: 4KB 0, 2MB 0, 4MB 0
[    0.336206] Last level dTLB entries: 4KB 0, 2MB 0, 4MB 0, 1GB 0
[    0.337536] Spectre V1 : Mitigation: usercopy/swapgs barriers and __user pointer sanitization
[    0.338733] Spectre V2 : Mitigation: Enhanced IBRS
[    0.339386] Spectre V2 : Spectre v2 / SpectreRSB mitigation: Filling RSB on context switch
[    0.340498] Spectre V2 : mitigation: Enabling conditional Indirect Branch Prediction Barrier
[    0.341430] Speculative Store Bypass: Mitigation: Speculative Store Bypass disabled via prctl and seccomp
[    0.383637] Freeing SMP alternatives memory: 56K
[    0.385111] smpboot: CPU0: Intel(R) Core(TM) i3-N305 (family: 0x6, model: 0xbe, stepping: 0x0)
[    0.385423] Running RCU-tasks wait API self tests
[    0.485629] Performance Events: generic architected perfmon, full-width counters, Intel PMU driver.
[    0.486836] ... version:                2
[    0.487328] ... bit width:              48
[    0.487828] ... generic registers:      6
[    0.488317] ... value mask:             0000ffffffffffff
[    0.488956] ... max period:             00007fffffffffff
[    0.489432] ... fixed-purpose events:   3
[    0.489923] ... event mask:             000000070000003f
[    0.491117] rcu: Hierarchical SRCU implementation.
[    0.494181] Callback from call_rcu_tasks_trace() invoked.
[    0.496261] smp: Bringing up secondary CPUs ...
[    0.497620] x86: Booting SMP configuration:
[    0.498180] .... node  #0, CPUs:      #1
[    0.032932] kvm-clock: cpu 1, msr 5401041, secondary cpu clock
[    0.499252] kvm-guest: setup async PF for cpu 1
[    0.499252] kvm-guest: stealtime: cpu 1, msr 7dd2d080
[    0.501588] smp: Brought up 1 node, 2 CPUs
[    0.502106] smpboot: Max logical packages: 1
[    0.502631] smpboot: Total of 2 processors activated (7219.20 BogoMIPS)
[    0.508343] devtmpfs: initialized
[    0.508343] x86/mm: Memory block size: 128MB
[    0.510464] clocksource: jiffies: mask: 0xffffffff max_cycles: 0xffffffff, max_idle_ns: 7645041785100000 ns
[    0.513454] futex hash table entries: 512 (order: 4, 65536 bytes, linear)
[    0.514773] pinctrl core: initialized pinctrl subsystem
[    0.516171] 
[    0.516376] *************************************************************
[    0.517194] **     NOTICE NOTICE NOTICE NOTICE NOTICE NOTICE NOTICE    **
[    0.517437] **                                                         **
[    0.518258] **  IOMMU DebugFS SUPPORT HAS BEEN ENABLED IN THIS KERNEL  **
[    0.519070] **                                                         **
[    0.519904] ** This means that this kernel is built to expose internal **
[    0.520723] ** IOMMU data structures, which may compromise security on **
[    0.521429] ** your system.                                            **
[    0.522255] **                                                         **
[    0.523078] ** If you see this message and you are not debugging the   **
[    0.523910] ** kernel, report this immediately to your vendor!         **
[    0.524732] **                                                         **
[    0.525429] **     NOTICE NOTICE NOTICE NOTICE NOTICE NOTICE NOTICE    **
[    0.526264] *************************************************************
[    0.527222] PM: RTC time: 05:53:08, date: 2023-03-16
[    0.529705] NET: Registered PF_NETLINK/PF_ROUTE protocol family
[    0.531279] DMA: preallocated 256 KiB GFP_KERNEL pool for atomic allocations
[    0.532231] DMA: preallocated 256 KiB GFP_KERNEL|GFP_DMA pool for atomic allocations
[    0.533255] DMA: preallocated 256 KiB GFP_KERNEL|GFP_DMA32 pool for atomic allocations
[    0.533503] audit: initializing netlink subsys (disabled)
[    0.534262] audit: type=2000 audit(1678945989.912:1): state=initialized audit_enabled=0 res=1
[    0.534563] thermal_sys: Registered thermal governor 'fair_share'
[    0.534651] thermal_sys: Registered thermal governor 'bang_bang'
[    0.535470] thermal_sys: Registered thermal governor 'step_wise'
[    0.536311] thermal_sys: Registered thermal governor 'user_space'
[    0.537181] cpuidle: using governor ladder
[    0.537423] cpuidle: using governor menu
[    0.537423] ACPI: bus type PCI registered
[    0.537444] acpiphp: ACPI Hot Plug PCI Controller Driver version: 0.5
[    0.538850] PCI: Using configuration type 1 for base access
[    0.556441] Kprobes globally optimized
[    0.561459] HugeTLB registered 1.00 GiB page size, pre-allocated 0 pages
[    0.562349] HugeTLB registered 2.00 MiB page size, pre-allocated 0 pages
[    0.574204] ACPI: Added _OSI(Module Device)
[    0.574773] ACPI: Added _OSI(Processor Device)
[    0.575321] ACPI: Added _OSI(3.0 _SCP Extensions)
[    0.575895] ACPI: Added _OSI(Processor Aggregator Device)
[    0.576554] ACPI: Added _OSI(Linux-Dell-Video)
[    0.577201] ACPI: Added _OSI(Linux-Lenovo-NV-HDMI-Audio)
[    0.577450] ACPI: Added _OSI(Linux-HPI-Hybrid-Graphics)
[    0.584578] ACPI: 1 ACPI AML tables successfully acquired and loaded
[    0.589514] Callback from call_rcu_tasks_rude() invoked.
[    0.589729] ACPI: Interpreter enabled
[    0.590918] ACPI: PM: (supports S0 S3 S4 S5)
[    0.591479] ACPI: Using IOAPIC for interrupt routing
[    0.592200] PCI: Using host bridge windows from ACPI; if necessary, use "pci=nocrs" and report a bug
[    0.594321] ACPI: Enabled 2 GPEs in block 00 to 0F
[    0.615427] ACPI: PCI Root Bridge [PCI0] (domain 0000 [bus 00-ff])
[    0.616267] acpi PNP0A03:00: _OSC: OS supports [ASPM ClockPM Segments MSI EDR HPX-Type3]
[    0.617397] acpi PNP0A03:00: fail to add MMCONFIG information, can't access extended PCI configuration space under this bridge.
[    0.619912] acpiphp: Slot [3] registered
[    0.620522] acpiphp: Slot [4] registered
[    0.621116] acpiphp: Slot [5] registered
[    0.621521] acpiphp: Slot [6] registered
[    0.622104] acpiphp: Slot [7] registered
[    0.622687] acpiphp: Slot [8] registered
[    0.623273] acpiphp: Slot [9] registered
[    0.623881] acpiphp: Slot [10] registered
[    0.624472] acpiphp: Slot [11] registered
[    0.625067] acpiphp: Slot [12] registered
[    0.625531] acpiphp: Slot [13] registered
[    0.626227] acpiphp: Slot [14] registered
[    0.626866] acpiphp: Slot [15] registered
[    0.627510] acpiphp: Slot [16] registered
[    0.628122] acpiphp: Slot [17] registered
[    0.628743] acpiphp: Slot [18] registered
[    0.629373] acpiphp: Slot [19] registered
[    0.629529] acpiphp: Slot [20] registered
[    0.630146] acpiphp: Slot [21] registered
[    0.630758] acpiphp: Slot [22] registered
[    0.631388] acpiphp: Slot [23] registered
[    0.632008] acpiphp: Slot [24] registered
[    0.632626] acpiphp: Slot [25] registered
[    0.633240] acpiphp: Slot [26] registered
[    0.633522] acpiphp: Slot [27] registered
[    0.634139] acpiphp: Slot [28] registered
[    0.634768] acpiphp: Slot [29] registered
[    0.635405] acpiphp: Slot [30] registered
[    0.636147] acpiphp: Slot [31] registered
[    0.636725] PCI host bridge to bus 0000:00
[    0.637262] pci_bus 0000:00: root bus resource [io  0x0000-0x0cf7 window]
[    0.637436] pci_bus 0000:00: root bus resource [io  0x0d00-0xffff window]
[    0.638324] pci_bus 0000:00: root bus resource [mem 0x000a0000-0x000bffff window]
[    0.639282] pci_bus 0000:00: root bus resource [mem 0x80000000-0xfebfffff window]
[    0.640248] pci_bus 0000:00: root bus resource [mem 0x100000000-0x17fffffff window]
[    0.641229] pci_bus 0000:00: root bus resource [bus 00-ff]
[    0.642476] pci 0000:00:00.0: [8086:1237] type 00 class 0x060000
[    0.648716] pci 0000:00:01.0: [8086:7000] type 00 class 0x060100
[    0.650905] pci 0000:00:01.1: [8086:7010] type 00 class 0x010180
[    0.653445] pci 0000:00:01.1: reg 0x20: [io  0xc040-0xc04f]
[    0.654989] pci 0000:00:01.1: legacy IDE quirk: reg 0x10: [io  0x01f0-0x01f7]
[    0.655917] pci 0000:00:01.1: legacy IDE quirk: reg 0x14: [io  0x03f6]
[    0.656759] pci 0000:00:01.1: legacy IDE quirk: reg 0x18: [io  0x0170-0x0177]
[    0.657432] pci 0000:00:01.1: legacy IDE quirk: reg 0x1c: [io  0x0376]
[    0.659618] pci 0000:00:01.3: [8086:7113] type 00 class 0x068000
[    0.660984] pci 0000:00:01.3: quirk: [io  0x0600-0x063f] claimed by PIIX4 ACPI
[    0.661452] pci 0000:00:01.3: quirk: [io  0x0700-0x070f] claimed by PIIX4 SMB
[    0.664556] pci 0000:00:02.0: [1234:1111] type 00 class 0x030000
[    0.665917] pci 0000:00:02.0: reg 0x10: [mem 0xfd000000-0xfdffffff pref]
[    0.669332] pci 0000:00:02.0: reg 0x18: [mem 0xfebf0000-0xfebf0fff]
[    0.673941] pci 0000:00:02.0: reg 0x30: [mem 0xfebe0000-0xfebeffff pref]
[    0.681183] pci 0000:00:03.0: [8086:100e] type 00 class 0x020000
[    0.682173] pci 0000:00:03.0: reg 0x10: [mem 0xfebc0000-0xfebdffff]
[    0.683656] pci 0000:00:03.0: reg 0x14: [io  0xc000-0xc03f]
[    0.687155] pci 0000:00:03.0: reg 0x30: [mem 0xfeb80000-0xfebbffff pref]
[    0.706892] ACPI: PCI: Interrupt link LNKA configured for IRQ 10
[    0.708215] ACPI: PCI: Interrupt link LNKB configured for IRQ 10
[    0.709508] ACPI: PCI: Interrupt link LNKC configured for IRQ 11
[    0.710754] ACPI: PCI: Interrupt link LNKD configured for IRQ 11
[    0.711791] ACPI: PCI: Interrupt link LNKS configured for IRQ 9
[    0.714343] iommu: Default domain type: Translated 
[    0.714343] iommu: DMA domain TLB invalidation policy: lazy mode 
[    0.714343] pci 0000:00:02.0: vgaarb: setting as boot VGA device
[    0.714343] pci 0000:00:02.0: vgaarb: VGA device added: decodes=io+mem,owns=io+mem,locks=none
[    0.715456] pci 0000:00:02.0: vgaarb: bridge control possible
[    0.716227] vgaarb: loaded
[    0.718980] SCSI subsystem initialized
[    0.721814] ACPI: bus type USB registered
[    0.722589] usbcore: registered new interface driver usbfs
[    0.723461] usbcore: registered new interface driver hub
[    0.724251] usbcore: registered new device driver usb
[    0.725645] pps_core: LinuxPPS API ver. 1 registered
[    0.726361] pps_core: Software ver. 5.3.6 - Copyright 2005-2007 Rodolfo Giometti <giometti@linux.it>
[    0.727664] PTP clock support registered
[    0.728316] EDAC MC: Ver: 3.0.0
[    0.729752] NetLabel: Initializing
[    0.730261] NetLabel:  domain hash size = 128
[    0.730838] NetLabel:  protocols = UNLABELED CIPSOv4 CALIPSO
[    0.731671] NetLabel:  unlabeled traffic allowed by default
[    0.733561] PCI: Using ACPI for IRQ routing
[    0.734124] hpet0: at MMIO 0xfed00000, IRQs 2, 8, 0
[    0.734772] hpet0: 3 comparators, 64-bit 100.000000 MHz counter
[    0.740851] clocksource: Switched to clocksource kvm-clock
[    0.801672] Callback from call_rcu_tasks() invoked.
[    0.893001] VFS: Disk quotas dquot_6.6.0
[    0.893723] VFS: Dquot-cache hash table entries: 512 (order 0, 4096 bytes)
[    0.895145] pnp: PnP ACPI init
[    0.898063] pnp: PnP ACPI: found 6 devices
[    0.911305] clocksource: acpi_pm: mask: 0xffffff max_cycles: 0xffffff, max_idle_ns: 2085701024 ns
[    0.912952] NET: Registered PF_INET protocol family
[    0.913995] IP idents hash table entries: 32768 (order: 6, 262144 bytes, linear)
[    0.916006] tcp_listen_portaddr_hash hash table entries: 1024 (order: 4, 81920 bytes, linear)
[    0.917250] TCP established hash table entries: 16384 (order: 5, 131072 bytes, linear)
[    0.918644] TCP bind hash table entries: 16384 (order: 8, 1179648 bytes, linear)
[    0.921353] TCP: Hash tables configured (established 16384 bind 16384)
[    0.922570] UDP hash table entries: 1024 (order: 5, 163840 bytes, linear)
[    0.923686] UDP-Lite hash table entries: 1024 (order: 5, 163840 bytes, linear)
[    0.925043] NET: Registered PF_UNIX/PF_LOCAL protocol family
[    0.927043] RPC: Registered named UNIX socket transport module.
[    0.927877] RPC: Registered udp transport module.
[    0.928512] RPC: Registered tcp transport module.
[    0.929168] RPC: Registered tcp NFSv4.1 backchannel transport module.
[    0.930080] pci_bus 0000:00: resource 4 [io  0x0000-0x0cf7 window]
[    0.930932] pci_bus 0000:00: resource 5 [io  0x0d00-0xffff window]
[    0.931757] pci_bus 0000:00: resource 6 [mem 0x000a0000-0x000bffff window]
[    0.932677] pci_bus 0000:00: resource 7 [mem 0x80000000-0xfebfffff window]
[    0.933622] pci_bus 0000:00: resource 8 [mem 0x100000000-0x17fffffff window]
[    0.934960] pci 0000:00:01.0: PIIX3: Enabling Passive Release
[    0.935759] pci 0000:00:00.0: Limiting direct PCI/PCI transfers
[    0.936581] pci 0000:00:01.0: Activating ISA DMA hang workarounds
[    0.937603] pci 0000:00:02.0: Video device with shadowed ROM at [mem 0x000c0000-0x000dffff]
[    0.938783] PCI: CLS 0 bytes, default 64
[    0.939900] ACPI: bus type thunderbolt registered
[    0.940950] clocksource: tsc: mask: 0xffffffffffffffff max_cycles: 0x1a03dfe73b3, max_idle_ns: 440795256845 ns
[    4.009292] Initialise system trusted keyrings
[    4.010040] Key type blacklist registered
[    4.010790] workingset: timestamp_bits=36 max_order=19 bucket_order=0
[    4.023434] zbud: loaded
[    4.026316] squashfs: version 4.0 (2009/01/31) Phillip Lougher
[    4.028867] NFS: Registering the id_resolver key type
[    4.029639] Key type id_resolver registered
[    4.030193] Key type id_legacy registered
[    4.030873] nfs4filelayout_init: NFSv4 File Layout Driver Registering...
[    4.031775] nfs4flexfilelayout_init: NFSv4 Flexfile Layout Driver Registering...
[    4.033004] fuse: init (API version 7.34)
[    4.034072] SGI XFS with ACLs, security attributes, realtime, quota, no debug enabled
[    4.037323] 9p: Installing v9fs 9p2000 file system support
[    4.048646] Key type asymmetric registered
[    4.049281] Asymmetric key parser 'x509' registered
[    4.050202] Block layer SCSI generic (bsg) driver version 0.4 loaded (major 244)
[    4.051502] io scheduler mq-deadline registered
[    4.052289] io scheduler bfq registered
[    4.053544] shpchp: Standard Hot Plug PCI Controller Driver version: 0.4
[    4.054976] IPMI message handler: version 39.2
[    4.055640] ipmi device interface
[    4.058034] input: Power Button as /devices/LNXSYSTM:00/LNXPWRBN:00/input/input0
[    4.059407] ACPI: button: Power Button [PWRF]
[    4.061363] ERST DBG: ERST support is disabled.
[    4.062752] Serial: 8250/16550 driver, 32 ports, IRQ sharing enabled
[    4.064360] 00:04: ttyS0 at I/O 0x3f8 (irq = 4, base_baud = 115200) is a 16550A
[    4.077044] Linux agpgart interface v0.103
[    4.094840] brd: module loaded
[    4.105324] loop: module loaded
[    4.111583] scsi host0: ata_piix
[    4.112840] scsi host1: ata_piix
[    4.113554] ata1: PATA max MWDMA2 cmd 0x1f0 ctl 0x3f6 bmdma 0xc040 irq 14
[    4.114431] ata2: PATA max MWDMA2 cmd 0x170 ctl 0x376 bmdma 0xc048 irq 15
[    4.116624] libphy: Fixed MDIO Bus: probed
[    4.117565] tun: Universal TUN/TAP device driver, 1.6
[    4.118428] e100: Intel(R) PRO/100 Network Driver
[    4.119046] e100: Copyright(c) 1999-2006 Intel Corporation
[    4.119808] e1000: Intel(R) PRO/1000 Network Driver
[    4.120442] e1000: Copyright (c) 1999-2006 Intel Corporation.
[    4.274444] ata1.00: ATA-7: QEMU HARDDISK, 2.5+, max UDMA/100
[    4.275247] ata1.00: 16777216 sectors, multi 16: LBA48 
[    4.276151] ata1.00: Read log page 0x00 failed, Emask 0x1
[    4.276857] ata1.00: ATA Identify Device Log not supported
[    4.278686] ata1.00: Read log page 0x00 failed, Emask 0x1
[    4.279400] ata1.00: ATA Identify Device Log not supported
[    4.280896] scsi 0:0:0:0: Direct-Access     ATA      QEMU HARDDISK    2.5+ PQ: 0 ANSI: 5
[    4.282993] scsi 0:0:0:0: Attached scsi generic sg0 type 0
[    4.284606] sd 0:0:0:0: [sda] 16777216 512-byte logical blocks: (8.59 GB/8.00 GiB)
[    4.285979] ata2.00: ATAPI: QEMU DVD-ROM, 2.5+, max UDMA/100
[    4.287040] sd 0:0:0:0: [sda] Write Protect is off
[    4.288253] sd 0:0:0:0: [sda] Write cache: enabled, read cache: enabled, doesn't support DPO or FUA
[    4.290238] scsi 1:0:0:0: CD-ROM            QEMU     QEMU DVD-ROM     2.5+ PQ: 0 ANSI: 5
[    4.292509] sd 1:0:0:0: Attached scsi generic sg1 type 5
[    4.331057] ACPI: \_SB_.LNKC: Enabled at IRQ 11
[    4.353805] sd 0:0:0:0: [sda] Attached SCSI disk
[    4.674547] e1000 0000:00:03.0 eth0: (PCI:33MHz:32-bit) 52:54:00:12:34:56
[    4.675464] e1000 0000:00:03.0 eth0: Intel(R) PRO/1000 Network Connection
[    4.676420] e1000e: Intel(R) PRO/1000 Network Driver
[    4.677027] e1000e: Copyright(c) 1999 - 2015 Intel Corporation.
[    4.677852] igb: Intel(R) Gigabit Ethernet Network Driver
[    4.678516] igb: Copyright (c) 2007-2014 Intel Corporation.
[    4.679315] PPP generic driver version 2.4.2
[    4.680400] VFIO - User Level meta-driver version: 0.3
[    4.681100] ehci_hcd: USB 2.0 'Enhanced' Host Controller (EHCI) Driver
[    4.681923] ehci-pci: EHCI PCI platform driver
[    4.682526] ehci-platform: EHCI generic platform driver
[    4.683192] ohci_hcd: USB 1.1 'Open' Host Controller (OHCI) Driver
[    4.683941] ohci-pci: OHCI PCI platform driver
[    4.684518] ohci-platform: OHCI generic platform driver
[    4.685183] uhci_hcd: USB Universal Host Controller Interface driver
[    4.686436] usbcore: registered new interface driver uas
[    4.687183] usbcore: registered new interface driver usb-storage
[    4.688056] i8042: PNP: PS/2 Controller [PNP0303:KBD,PNP0f13:MOU] at 0x60,0x64 irq 1,12
[    4.690117] serio: i8042 KBD port at 0x60,0x64 irq 1
[    4.690791] serio: i8042 AUX port at 0x60,0x64 irq 12
[    4.692395] mousedev: PS/2 mouse device common for all mice
[    4.694216] input: AT Translated Set 2 keyboard as /devices/platform/i8042/serio0/input/input1
[    4.696794] input: VirtualPS/2 VMware VMMouse as /devices/platform/i8042/serio1/input/input4
[    4.698108] rtc_cmos 00:05: RTC can wake from S4
[    4.699201] input: VirtualPS/2 VMware VMMouse as /devices/platform/i8042/serio1/input/input3
[    4.700159] rtc_cmos 00:05: registered as rtc0
[    4.701026] rtc_cmos 00:05: setting system clock to 2023-03-16T05:53:13 UTC (1678945993)
[    4.702248] rtc_cmos 00:05: alarms up to one day, y3k, 242 bytes nvram, hpet irqs
[    4.703220] i2c_dev: i2c /dev entries driver
[    4.703833] device-mapper: core: CONFIG_IMA_DISABLE_HTABLE is disabled. Duplicate IMA measurements will not be recorded in the IMA log.
[    4.705405] device-mapper: uevent: version 1.0.3
[    4.706374] device-mapper: ioctl: 4.45.0-ioctl (2021-03-22) initialised: dm-devel@redhat.com
[    4.707422] intel_pstate: CPU model not supported
[    4.708131] sdhci: Secure Digital Host Controller Interface driver
[    4.708882] sdhci: Copyright(c) Pierre Ossman
[    4.709556] sdhci-pltfm: SDHCI platform and OF driver helper
[    4.710333] ledtrig-cpu: registered to indicate activity on CPUs
[    4.711409] drop_monitor: Initializing network drop monitor service
[    4.712769] NET: Registered PF_INET6 protocol family
[    4.717645] Segment Routing with IPv6
[    4.718186] In-situ OAM (IOAM) with IPv6
[    4.718736] NET: Registered PF_PACKET protocol family
[    4.719742] 9pnet: Installing 9P2000 support
[    4.720378] Key type dns_resolver registered
[    4.721988] IPI shorthand broadcast: enabled
[    4.722606] sched_clock: Marking stable (4692807161, 28932272)->(4742435852, -20696419)
[    4.724311] registered taskstats version 1
[    4.725010] Loading compiled-in X.509 certificates
[    4.725925] zswap: loaded using pool lzo/zbud
[    4.727460] Key type ._fscrypt registered
[    4.727999] Key type .fscrypt registered
[    4.728504] Key type fscrypt-provisioning registered
[    4.730545] Key type encrypted registered
[    4.731150] ima: No TPM chip found, activating TPM-bypass!
[    4.731855] ima: Allocated hash algorithm: sha1
[    4.732503] ima: No architecture policies found
[    4.733192] evm: Initialising EVM extended attributes:
[    4.733873] evm: security.selinux
[    4.734290] evm: security.SMACK64
[    4.734713] evm: security.SMACK64EXEC
[    4.735164] evm: security.SMACK64TRANSMUTE
[    4.735662] evm: security.SMACK64MMAP
[    4.736128] evm: security.apparmor
[    4.736579] evm: security.ima
[    4.736961] evm: security.capability
[    4.737416] evm: HMAC attrs: 0x1
[    4.739579] PM:   Magic number: 15:51:871
[    4.740774] RAS: Correctable Errors collector initialized.
[    4.743014] md: Waiting for all devices to be available before autodetect
[    4.743902] md: If you don't use raid, use raid=noautodetect
[    4.744647] md: Autodetecting RAID arrays.
[    4.745210] md: autorun ...
[    4.745626] md: ... autorun DONE.
[    4.754457] EXT4-fs (sda): mounted filesystem with ordered data mode. Opts: (null). Quota mode: none.
[    4.755815] VFS: Mounted root (ext4 filesystem) readonly on device 8:0.
[    4.759127] devtmpfs: mounted
[    4.764838] Freeing unused decrypted memory: 2036K
[    4.767962] Freeing unused kernel image (initmem) memory: 3232K
[    4.773607] Write protecting the kernel read-only data: 40960k
[    4.778191] Freeing unused kernel image (text/rodata gap) memory: 2028K
[    4.779778] Freeing unused kernel image (rodata/data gap) memory: 508K
[    4.908740] x86/mm: Checked W+X mappings: passed, no W+X pages found.
[    4.909671] Run /sbin/init as init process
[    5.051207] random: fast init done
[    5.084772] systemd[1]: RTC configured in localtime, applying delta of 0 minutes to system time.
[    5.125263] systemd[1]: systemd 239 (239-49.el8) running in system mode. (+PAM +AUDIT +SELINUX +IMA -APPARMOR +SMACK +SYSVINIT +UTMP +LIBCRYPTSETUP +GCRYPT +GNUTLS +ACL +XZ +LZ4 +SECCOMP +BLKID +ELFUTILS +KMOD +IDN2 -IDN +PCRE2 default-hierarchy=legacy)
[    5.128523] systemd[1]: Detected virtualization kvm.
[    5.129234] systemd[1]: Detected architecture x86-64.

Welcome to [0;31mCentOS Stream 8[0m!

[    5.154749] systemd[1]: Set hostname to <test>.
[    5.351828] random: lvmconfig: uninitialized urandom read (4 bytes read)
[    5.513372] random: systemd: uninitialized urandom read (16 bytes read)
[    5.515065] systemd[1]: Listening on Journal Socket.
[[0;32m  OK  [0m] Listening on Journal Socket.
[    5.517561] random: systemd: uninitialized urandom read (16 bytes read)
[    5.518790] systemd[1]: Listening on multipathd control socket.
[[0;32m  OK  [0m] Listening on multipathd control socket.
[    5.523658] systemd[1]: Created slice User and Session Slice.
[[0;32m  OK  [0m] Created slice User and Session Slice.
[    5.526685] systemd[1]: Set up automount Arbitrary Executable File Formats File System Automount Point.
[[0;32m  OK  [0m] Set up automount Arbitrary Executabâ€¦rmats File System Automount Point.
[    5.534317] systemd[1]: Mounting Huge Pages File System...
         Mounting Huge Pages File System...
[    5.536682] systemd[1]: Listening on udev Control Socket.
[[0;32m  OK  [0m] Listening on udev Control Socket.
[[0;32m  OK  [0m] Reached target Slices.
[[0;32m  OK  [0m] Listening on Device-mapper event daemon FIFOs.
         Starting Monitoring of LVM2 mirrorsâ€¦ng dmeventd or progress polling...
[[0;32m  OK  [0m] Created slice system-sshd\x2dkeygen.slice.
[[0;32m  OK  [0m] Started Forward Password Requests to Wall Directory Watch.
         Starting Remount Root and Kernel File Systems...
[[0;32m  OK  [0m] Listening on Process Core Dump Socket.
[[0;32m  OK  [0m] Listening on LVM2 poll daemon socket.
[[0;32m  OK  [0m] Created slice system-getty.slice.
[[0;32m  OK  [0m] Listening on initctl Compatibility Named Pipe.
         Starting Setup Virtual Console...
[[0;32m  OK  [0m] Reached target Swap.
[[0;32m  OK  [0m] Created slice system-serial\x2dgetty.slice.
[[0;32m  OK  [0m] Listening on RPCbind Server Activation Socket.
[[0;32m  OK  [0m] Reached target RPC Port Mapper.
         Mounting POSIX Message Queue File System...
[[0;32m  OK  [0m] Listening on udev Kernel Socket.
         Starting udev Coldplug all Devices...
         Starting Load Kernel Modules...
[[0;32m  OK  [0m] Listening on Journal Socket (/dev/log).
         Starting Journal Service...
         Mounting Kernel Debug File System...
[[0;32m  OK  [0m] Mounted Huge Pages File System.
[[0;32m  OK  [0m] Mounted POSIX Message Queue File System.
[[0;1;31mFAILED[0m] Failed to start Load Kernel Modules.
See 'systemctl status systemd-modules-load.service' for details.
[[0;32m  OK  [0m] Mounted Kernel Debug File System.
         Mounting Kernel Configuration File System...
         Starting Apply Kernel Variables...
[    6.005765] EXT4-fs (sda): re-mounted. Opts: (null). Quota mode: none.
         Mounting FUSE Control File System...
[[0;32m  OK  [0m] Started Remount Root and Kernel File Systems.
[[0;32m  OK  [0m] Mounted Kernel Configuration File System.
         Starting Load/Save Random Seed...
         Starting Create Static Device Nodes in /dev...
[[0;32m  OK  [0m] Started Journal Service.
[[0;32m  OK  [0m] Started Setup Virtual Console.
[[0;32m  OK  [0m] Started Apply Kernel Variables.
[[0;32m  OK  [0m] Mounted FUSE Control File System.
[[0;32m  OK  [0m] Started Load/Save Random Seed.
[[0;32m  OK  [0m] Started Create Static Device Nodes in /dev.
         Starting udev Kernel Device Manager...
         Starting Flush Journal to Persistent Storage...
[[0;32m  OK  [0m] Started udev Coldplug all Devices.
         Starting udev Wait for Complete Device Initialization...
[[0;32m  OK  [0m] Started Flush Journal to Persistent Storage.
[[0;32m  OK  [0m] Started udev Kernel Device Manager.
         Starting Show Plymouth Boot Screen...
[[0;32m  OK  [0m] Started Show Plymouth Boot Screen.
[[0;32m  OK  [0m] Reached target Paths.
[[0;32m  OK  [0m] Reached target Local Encrypted Volumes.
[[0;32m  OK  [0m] Started Forward Password Requests to Plymouth Directory Watch.
[[0;32m  OK  [0m] Found device /dev/ttyS0.
[[0;32m  OK  [0m] Started Monitoring of LVM2 mirrors,â€¦sing dmeventd or progress polling.
[[0;32m  OK  [0m] Started udev Wait for Complete Device Initialization.
[[0;32m  OK  [0m] Reached target Local File Systems (Pre).
[[0;32m  OK  [0m] Reached target Local File Systems.
         Starting Tell Plymouth To Write Out Runtime Data...
         Starting Create Volatile Files and Directories...
         Starting Restore /run/initramfs on shutdown...
[[0;32m  OK  [0m] Listening on Load/Save RF Kill Switch Status /dev/rfkill Watch.
[[0;32m  OK  [0m] Started Tell Plymouth To Write Out Runtime Data.
[[0;32m  OK  [0m] Started Restore /run/initramfs on shutdown.
[[0;32m  OK  [0m] Started Create Volatile Files and Directories.
         Starting RPC Bind...
         Mounting RPC Pipe File System...
         Starting Security Auditing Service...
[[0;32m  OK  [0m] Mounted RPC Pipe File System.
[[0;32m  OK  [0m] Reached target rpc_pipefs.target.
[[0;32m  OK  [0m] Started RPC Bind.
[[0;32m  OK  [0m] Started Security Auditing Service.
         Starting Update UTMP about System Boot/Shutdown...
[[0;32m  OK  [0m] Started Update UTMP about System Boot/Shutdown.
[[0;32m  OK  [0m] Reached target System Initialization.
[[0;32m  OK  [0m] Listening on SSSD Kerberos Cache Manager responder socket.
[[0;32m  OK  [0m] Started dnf makecache --timer.
[[0;32m  OK  [0m] Listening on D-Bus System Message Bus Socket.
[[0;32m  OK  [0m] Reached target Sockets.
[[0;32m  OK  [0m] Reached target Basic System.
[[0;32m  OK  [0m] Started Machine Check Exception Logging Daemon.
         Starting Auto-connect to subsystemsâ€¦-NVME devices found during boot...
         Starting Self Monitoring and Reporting Technology (SMART) Daemon...
[[0;32m  OK  [0m] Started D-Bus System Message Bus.
         Starting NTP client/server...
         Starting Network Manager...
[[0;32m  OK  [0m] Started daily update of the root trust anchor for DNSSEC.
[[0;32m  OK  [0m] Reached target sshd-keygen.target.
[[0;32m  OK  [0m] Started Daily Cleanup of Temporary Directories.
[[0;32m  OK  [0m] Reached target Timers.
         Starting Authorization Manager...
[[0;32m  OK  [0m] Started irqbalance daemon.
         Starting Login Service...
[[0;32m  OK  [0m] Started Self Monitoring and Reporting Technology (SMART) Daemon.
[[0;32m  OK  [0m] Started Auto-connect to subsystems â€¦FC-NVME devices found during boot.
         Starting update of the root trust aâ€¦or DNSSEC validation in unbound...
[[0;32m  OK  [0m] Started NTP client/server.
[[0;32m  OK  [0m] Started Login Service.
[[0;32m  OK  [0m] Started Network Manager.
[[0;32m  OK  [0m] Reached target Network.
         Starting GSSAPI Proxy Daemon...
         Starting OpenSSH server daemon...
         Starting Dynamic System Tuning Daemon...
         Starting Network Manager Wait Online...
         Starting Hostname Service...
[[0;32m  OK  [0m] Started Authorization Manager.
[[0;32m  OK  [0m] Started Hostname Service.
         Starting Network Manager Script Dispatcher Service...
[    8.857922] e1000: eth0 NIC Link is Up 1000 Mbps Full Duplex, Flow Control: RX
[    8.859776] IPv6: ADDRCONF(NETDEV_CHANGE): eth0: link becomes ready
[[0;32m  OK  [0m] Started Network Manager Script Dispatcher Service.
[    9.146311] random: crng init done
[    9.146807] random: 7 urandom warning(s) missed due to ratelimiting
[[0;32m  OK  [0m] Started GSSAPI Proxy Daemon.
[[0;32m  OK  [0m] Reached target NFS client services.
[[0;32m  OK  [0m] Reached target Remote File Systems (Pre).
[[0;32m  OK  [0m] Reached target Remote File Systems.
         Starting Permit User Sessions...
[[0;32m  OK  [0m] Started OpenSSH server daemon.
[[0;32m  OK  [0m] Started update of the root trust anâ€¦ for DNSSEC validation in unbound.
[[0;32m  OK  [0m] Started Permit User Sessions.
[[0;32m  OK  [0m] Started Command Scheduler.
         Starting Hold until boot process finishes up...
         Starting Terminate Plymouth Boot Screen...
[[0;32m  OK  [0m] Started Dynamic System Tuning Daemon.

CentOS Stream 8
Kernel 5.15.0-2cf3f8133bda+ on an x86_64

test login: 