c[?7l[2J[0mSeaBIOS (version rel-1.16.0-0-gd239552ce722-prebuilt.qemu.org)


iPXE (http://ipxe.org) 00:03.0 CA00 PCI2.10 PnP PMM+7FF91000+7FEF1000 CA00
Press Ctrl-B to configure iPXE (PCI 00:03.0)...                                                                               


Booting from ROM...
c[?7l[2J[    0.000000] Linux version 5.15.0-rc4-32ed980c3020+ (root@p-adln01) (gcc (GCC) 8.5.0 20210514 (Red Hat 8.5.0-18), GNU ld version 2.36.1-2.el8) #1 SMP Fri Mar 10 14:34:59 CST 2023
[    0.000000] Command line: console=ttyS0 root=/dev/sda earlyprintk=serial net.ifnames=0
[    0.000000] KERNEL supported cpus:
[    0.000000]   Intel GenuineIntel
[    0.000000]   AMD AuthenticAMD
[    0.000000]   Hygon HygonGenuine
[    0.000000]   Centaur CentaurHauls
[    0.000000]   zhaoxin   Shanghai  
[    0.000000] x86/fpu: Supporting XSAVE feature 0x001: 'x87 floating point registers'
[    0.000000] x86/fpu: Supporting XSAVE feature 0x002: 'SSE registers'
[    0.000000] x86/fpu: Supporting XSAVE feature 0x004: 'AVX registers'
[    0.000000] x86/fpu: Supporting XSAVE feature 0x200: 'Protection Keys User registers'
[    0.000000] x86/fpu: xstate_offset[2]:  576, xstate_sizes[2]:  256
[    0.000000] x86/fpu: xstate_offset[9]:  832, xstate_sizes[9]:    8
[    0.000000] x86/fpu: Enabled xstate features 0x207, context size is 840 bytes, using 'compacted' format.
[    0.000000] signal: max sigframe size: 3632
[    0.000000] BIOS-provided physical RAM map:
[    0.000000] BIOS-e820: [mem 0x0000000000000000-0x000000000009fbff] usable
[    0.000000] BIOS-e820: [mem 0x000000000009fc00-0x000000000009ffff] reserved
[    0.000000] BIOS-e820: [mem 0x00000000000f0000-0x00000000000fffff] reserved
[    0.000000] BIOS-e820: [mem 0x0000000000100000-0x000000007ffdffff] usable
[    0.000000] BIOS-e820: [mem 0x000000007ffe0000-0x000000007fffffff] reserved
[    0.000000] BIOS-e820: [mem 0x00000000feffc000-0x00000000feffffff] reserved
[    0.000000] BIOS-e820: [mem 0x00000000fffc0000-0x00000000ffffffff] reserved
[    0.000000] printk: bootconsole [earlyser0] enabled
[    0.000000] NX (Execute Disable) protection: active
[    0.000000] SMBIOS 2.8 present.
[    0.000000] DMI: QEMU Standard PC (i440FX + PIIX, 1996), BIOS rel-1.16.0-0-gd239552ce722-prebuilt.qemu.org 04/01/2014
[    0.000000] Hypervisor detected: KVM
[    0.000000] kvm-clock: Using msrs 4b564d01 and 4b564d00
[    0.000000] kvm-clock: cpu 0, msr 5401001, primary cpu clock
[    0.000020] kvm-clock: using sched offset of 1157664152 cycles
[    0.001613] clocksource: kvm-clock: mask: 0xffffffffffffffff max_cycles: 0x1cd42e4dffb, max_idle_ns: 881590591483 ns
[    0.006476] tsc: Detected 1804.800 MHz processor
[    0.017025] last_pfn = 0x7ffe0 max_arch_pfn = 0x400000000
[    0.018945] x86/PAT: Configuration [0-7]: WB  WC  UC- UC  WB  WP  UC- WT  
[    0.027940] found SMP MP-table at [mem 0x000f5ba0-0x000f5baf]
[    0.032962] Using GB pages for direct mapping
[    0.036810] ACPI: Early table checksum verification disabled
[    0.038864] ACPI: RSDP 0x00000000000F59C0 000014 (v00 BOCHS )
[    0.040650] ACPI: RSDT 0x000000007FFE1951 000034 (v01 BOCHS  BXPC     00000001 BXPC 00000001)
[    0.043166] ACPI: FACP 0x000000007FFE17FD 000074 (v01 BOCHS  BXPC     00000001 BXPC 00000001)
[    0.045760] ACPI: DSDT 0x000000007FFE0040 0017BD (v01 BOCHS  BXPC     00000001 BXPC 00000001)
[    0.048251] ACPI: FACS 0x000000007FFE0000 000040
[    0.049654] ACPI: APIC 0x000000007FFE1871 000080 (v01 BOCHS  BXPC     00000001 BXPC 00000001)
[    0.052650] ACPI: HPET 0x000000007FFE18F1 000038 (v01 BOCHS  BXPC     00000001 BXPC 00000001)
[    0.055153] ACPI: WAET 0x000000007FFE1929 000028 (v01 BOCHS  BXPC     00000001 BXPC 00000001)
[    0.058129] ACPI: Reserving FACP table memory at [mem 0x7ffe17fd-0x7ffe1870]
[    0.060245] ACPI: Reserving DSDT table memory at [mem 0x7ffe0040-0x7ffe17fc]
[    0.062770] ACPI: Reserving FACS table memory at [mem 0x7ffe0000-0x7ffe003f]
[    0.065013] ACPI: Reserving APIC table memory at [mem 0x7ffe1871-0x7ffe18f0]
[    0.067101] ACPI: Reserving HPET table memory at [mem 0x7ffe18f1-0x7ffe1928]
[    0.069297] ACPI: Reserving WAET table memory at [mem 0x7ffe1929-0x7ffe1950]
[    0.072986] No NUMA configuration found
[    0.074199] Faking a node at [mem 0x0000000000000000-0x000000007ffdffff]
[    0.076486] NODE_DATA(0) allocated [mem 0x7ffb5000-0x7ffdffff]
[    0.083489] Zone ranges:
[    0.084416]   DMA      [mem 0x0000000000001000-0x0000000000ffffff]
[    0.086207]   DMA32    [mem 0x0000000001000000-0x000000007ffdffff]
[    0.088047]   Normal   empty
[    0.088920]   Device   empty
[    0.089796] Movable zone start for each node
[    0.091118] Early memory node ranges
[    0.092166]   node   0: [mem 0x0000000000001000-0x000000000009efff]
[    0.094018]   node   0: [mem 0x0000000000100000-0x000000007ffdffff]
[    0.096130] Initmem setup node 0 [mem 0x0000000000001000-0x000000007ffdffff]
[    0.099078] On node 0, zone DMA: 1 pages in unavailable ranges
[    0.099481] On node 0, zone DMA: 97 pages in unavailable ranges
[    0.178366] On node 0, zone DMA32: 32 pages in unavailable ranges
[    0.180844] ACPI: PM-Timer IO Port: 0x608
[    0.184019] ACPI: LAPIC_NMI (acpi_id[0xff] dfl dfl lint[0x1])
[    0.185795] IOAPIC[0]: apic_id 0, version 17, address 0xfec00000, GSI 0-23
[    0.187809] ACPI: INT_SRC_OVR (bus 0 bus_irq 0 global_irq 2 dfl dfl)
[    0.189547] ACPI: INT_SRC_OVR (bus 0 bus_irq 5 global_irq 5 high level)
[    0.191445] ACPI: INT_SRC_OVR (bus 0 bus_irq 9 global_irq 9 high level)
[    0.193554] ACPI: INT_SRC_OVR (bus 0 bus_irq 10 global_irq 10 high level)
[    0.195784] ACPI: INT_SRC_OVR (bus 0 bus_irq 11 global_irq 11 high level)
[    0.197728] ACPI: Using ACPI (MADT) for SMP configuration information
[    0.199632] ACPI: HPET id: 0x8086a201 base: 0xfed00000
[    0.201182] TSC deadline timer available
[    0.202374] smpboot: Allowing 2 CPUs, 0 hotplug CPUs
[    0.204065] kvm-guest: KVM setup pv remote TLB flush
[    0.205434] kvm-guest: setup PV sched yield
[    0.206905] PM: hibernation: Registered nosave memory: [mem 0x00000000-0x00000fff]
[    0.209125] PM: hibernation: Registered nosave memory: [mem 0x0009f000-0x0009ffff]
[    0.211350] PM: hibernation: Registered nosave memory: [mem 0x000a0000-0x000effff]
[    0.213400] PM: hibernation: Registered nosave memory: [mem 0x000f0000-0x000fffff]
[    0.215845] [mem 0x80000000-0xfeffbfff] available for PCI devices
[    0.217568] Booting paravirtualized kernel on KVM
[    0.219127] clocksource: refined-jiffies: mask: 0xffffffff max_cycles: 0xffffffff, max_idle_ns: 7645519600211568 ns
[    0.222345] setup_percpu: NR_CPUS:8192 nr_cpumask_bits:2 nr_cpu_ids:2 nr_node_ids:1
[    0.235458] percpu: Embedded 55 pages/cpu s188416 r8192 d28672 u1048576
[    0.237863] kvm-guest: setup async PF for cpu 0
[    0.239300] kvm-guest: stealtime: cpu 0, msr 7dc2d080
[    0.240923] kvm-guest: PV spinlocks enabled
[    0.242174] PV qspinlock hash table entries: 256 (order: 0, 4096 bytes, linear)
[    0.244429] Built 1 zonelists, mobility grouping on.  Total pages: 515808
[    0.246515] Policy zone: DMA32
[    0.247482] Kernel command line: net.ifnames=0 console=ttyS0 root=/dev/sda earlyprintk=serial net.ifnames=0
[    0.256320] Dentry cache hash table entries: 262144 (order: 9, 2097152 bytes, linear)
[    0.260550] Inode-cache hash table entries: 131072 (order: 8, 1048576 bytes, linear)
[    0.263147] mem auto-init: stack:off, heap alloc:off, heap free:off
[    0.281492] Memory: 1987504K/2096632K available (30737K kernel code, 5254K rwdata, 7676K rodata, 3224K init, 22020K bss, 108872K reserved, 0K cma-reserved)
[    0.286121] random: get_random_u64 called from __kmem_cache_create+0x2f/0x4c0 with crng_init=0
[    0.287674] SLUB: HWalign=64, Order=0-3, MinObjects=0, CPUs=2, Nodes=1
[    0.292506] kmemleak: Kernel memory leak detector disabled
[    0.294490] ftrace: allocating 64766 entries in 253 pages
[    0.438426] ftrace: allocated 253 pages with 7 groups
[    0.441134] Running RCU self tests
[    0.442357] rcu: Hierarchical RCU implementation.
[    0.443731] rcu: 	RCU lockdep checking is enabled.
[    0.445133] rcu: 	RCU restricting CPUs from NR_CPUS=8192 to nr_cpu_ids=2.
[    0.447368] 	Trampoline variant of Tasks RCU enabled.
[    0.448942] 	Rude variant of Tasks RCU enabled.
[    0.450154] 	Tracing variant of Tasks RCU enabled.
[    0.451503] rcu: RCU calculated value of scheduler-enlistment delay is 25 jiffies.
[    0.453686] rcu: Adjusting geometry for rcu_fanout_leaf=16, nr_cpu_ids=2
[    0.493703] NR_IRQS: 524544, nr_irqs: 440, preallocated irqs: 16
[    0.516233] Console: colour VGA+ 80x25
[    0.517788] printk: console [ttyS0] enabled
[    0.517788] printk: console [ttyS0] enabled
[    0.520570] printk: bootconsole [earlyser0] disabled
[    0.520570] printk: bootconsole [earlyser0] disabled
[    0.523927] Lock dependency validator: Copyright (c) 2006 Red Hat, Inc., Ingo Molnar
[    0.526452] ... MAX_LOCKDEP_SUBCLASSES:  8
[    0.527706] ... MAX_LOCK_DEPTH:          48
[    0.528907] ... MAX_LOCKDEP_KEYS:        8192
[    0.530172] ... CLASSHASH_SIZE:          4096
[    0.531533] ... MAX_LOCKDEP_ENTRIES:     32768
[    0.532946] ... MAX_LOCKDEP_CHAINS:      65536
[    0.534297] ... CHAINHASH_SIZE:          32768
[    0.535664]  memory used by lock dependency info: 6365 kB
[    0.537351]  memory used for stack traces: 4224 kB
[    0.538835]  per task-struct memory footprint: 1920 bytes
[    0.540690] ACPI: Core revision 20210730
[    0.542714] clocksource: hpet: mask: 0xffffffff max_cycles: 0xffffffff, max_idle_ns: 19112604467 ns
[    0.546246] APIC: Switch to symmetric I/O mode setup
[    0.548411] x2apic enabled
[    0.549871] Switched APIC routing to physical x2apic.
[    0.551774] kvm-guest: setup PV IPIs
[    0.555537] ..TIMER: vector=0x30 apic1=0 pin1=2 apic2=-1 pin2=-1
[    0.557532] clocksource: tsc-early: mask: 0xffffffffffffffff max_cycles: 0x1a03dfe73b3, max_idle_ns: 440795256845 ns
[    0.561093] Calibrating delay loop (skipped) preset value.. 3609.60 BogoMIPS (lpj=7219200)
[    0.565044] pid_max: default: 32768 minimum: 301
[    0.566782] LSM: Security Framework initializing
[    0.569112] Yama: becoming mindful.
[    0.570619] Mount-cache hash table entries: 4096 (order: 3, 32768 bytes, linear)
[    0.573157] Mountpoint-cache hash table entries: 4096 (order: 3, 32768 bytes, linear)
[    0.582032] x86/cpu: User Mode Instruction Prevention (UMIP) activated
[    0.589366] Last level iTLB entries: 4KB 0, 2MB 0, 4MB 0
[    0.591394] Last level dTLB entries: 4KB 0, 2MB 0, 4MB 0, 1GB 0
[    0.593217] Spectre V1 : Mitigation: usercopy/swapgs barriers and __user pointer sanitization
[    0.597097] Spectre V2 : Mitigation: Enhanced IBRS
[    0.598646] Spectre V2 : Spectre v2 / SpectreRSB mitigation: Filling RSB on context switch
[    0.601208] Spectre V2 : mitigation: Enabling conditional Indirect Branch Prediction Barrier
[    0.603872] Speculative Store Bypass: Mitigation: Speculative Store Bypass disabled via prctl and seccomp
[    0.663874] Freeing SMP alternatives memory: 56K
[    0.666321] smpboot: CPU0: Intel(R) Core(TM) i3-N305 (family: 0x6, model: 0xbe, stepping: 0x0)
[    0.669204] Running RCU-tasks wait API self tests
[    0.773474] Performance Events: generic architected perfmon, full-width counters, Intel PMU driver.
[    0.775542] ... version:                2
[    0.776359] ... bit width:              48
[    0.777054] ... generic registers:      6
[    0.777880] ... value mask:             0000ffffffffffff
[    0.778853] ... max period:             00007fffffffffff
[    0.779853] ... fixed-purpose events:   3
[    0.780598] ... event mask:             000000070000003f
[    0.782133] rcu: Hierarchical SRCU implementation.
[    0.789230] Callback from call_rcu_tasks_trace() invoked.
[    0.793998] smp: Bringing up secondary CPUs ...
[    0.796742] x86: Booting SMP configuration:
[    0.797104] .... node  #0, CPUs:      #1
[    0.056786] kvm-clock: cpu 1, msr 5401041, secondary cpu clock
[    0.811034] kvm-guest: setup async PF for cpu 1
[    0.812404] kvm-guest: stealtime: cpu 1, msr 7dd2d080
[    0.813299] smp: Brought up 1 node, 2 CPUs
[    0.814536] smpboot: Max logical packages: 1
[    0.815722] smpboot: Total of 2 processors activated (7219.20 BogoMIPS)
[    0.829043] devtmpfs: initialized
[    0.830692] x86/mm: Memory block size: 128MB
[    0.841555] clocksource: jiffies: mask: 0xffffffff max_cycles: 0xffffffff, max_idle_ns: 7645041785100000 ns
[    0.844547] futex hash table entries: 512 (order: 4, 65536 bytes, linear)
[    0.845888] pinctrl core: initialized pinctrl subsystem
[    0.849066] 
[    0.849649] *************************************************************
[    0.851636] **     NOTICE NOTICE NOTICE NOTICE NOTICE NOTICE NOTICE    **
[    0.853053] **                                                         **
[    0.855007] **  IOMMU DebugFS SUPPORT HAS BEEN ENABLED IN THIS KERNEL  **
[    0.856899] **                                                         **
[    0.857049] ** This means that this kernel is built to expose internal **
[    0.858948] ** IOMMU data structures, which may compromise security on **
[    0.860796] ** your system.                                            **
[    0.861051] **                                                         **
[    0.863108] ** If you see this message and you are not debugging the   **
[    0.865089] ** kernel, report this immediately to your vendor!         **
[    0.867188] **                                                         **
[    0.869051] **     NOTICE NOTICE NOTICE NOTICE NOTICE NOTICE NOTICE    **
[    0.871239] *************************************************************
[    0.873286] PM: RTC time: 11:13:31, date: 2023-03-16
[    0.885456] Callback from call_rcu_tasks_rude() invoked.
[    0.887306] NET: Registered PF_NETLINK/PF_ROUTE protocol family
[    0.889838] DMA: preallocated 256 KiB GFP_KERNEL pool for atomic allocations
[    0.891271] DMA: preallocated 256 KiB GFP_KERNEL|GFP_DMA pool for atomic allocations
[    0.892807] DMA: preallocated 256 KiB GFP_KERNEL|GFP_DMA32 pool for atomic allocations
[    0.893264] audit: initializing netlink subsys (disabled)
[    0.898937] thermal_sys: Registered thermal governor 'fair_share'
[    0.898956] thermal_sys: Registered thermal governor 'bang_bang'
[    0.900682] thermal_sys: Registered thermal governor 'step_wise'
[    0.901058] thermal_sys: Registered thermal governor 'user_space'
[    0.901162] audit: type=2000 audit(1678965211.993:1): state=initialized audit_enabled=0 res=1
[    0.909143] cpuidle: using governor ladder
[    0.910398] cpuidle: using governor menu
[    0.912131] ACPI: bus type PCI registered
[    0.913072] acpiphp: ACPI Hot Plug PCI Controller Driver version: 0.5
[    0.916071] PCI: Using configuration type 1 for base access
[    0.943668] Kprobes globally optimized
[    0.953714] HugeTLB registered 1.00 GiB page size, pre-allocated 0 pages
[    0.953714] HugeTLB registered 2.00 MiB page size, pre-allocated 0 pages
[    1.015413] Callback from call_rcu_tasks() invoked.
[    1.037680] ACPI: Added _OSI(Module Device)
[    1.038993] ACPI: Added _OSI(Processor Device)
[    1.041064] ACPI: Added _OSI(3.0 _SCP Extensions)
[    1.043345] ACPI: Added _OSI(Processor Aggregator Device)
[    1.044992] ACPI: Added _OSI(Linux-Dell-Video)
[    1.045073] ACPI: Added _OSI(Linux-Lenovo-NV-HDMI-Audio)
[    1.046951] ACPI: Added _OSI(Linux-HPI-Hybrid-Graphics)
[    1.061023] ACPI: 1 ACPI AML tables successfully acquired and loaded
[    1.075431] ACPI: Interpreter enabled
[    1.079511] ACPI: PM: (supports S0 S3 S4 S5)
[    1.081110] ACPI: Using IOAPIC for interrupt routing
[    1.082969] PCI: Using host bridge windows from ACPI; if necessary, use "pci=nocrs" and report a bug
[    1.086713] ACPI: Enabled 2 GPEs in block 00 to 0F
[    1.123796] ACPI: PCI Root Bridge [PCI0] (domain 0000 [bus 00-ff])
[    1.125146] acpi PNP0A03:00: _OSC: OS supports [ASPM ClockPM Segments MSI EDR HPX-Type3]
[    1.128127] acpi PNP0A03:00: fail to add MMCONFIG information, can't access extended PCI configuration space under this bridge.
[    1.137595] acpiphp: Slot [3] registered
[    1.139186] acpiphp: Slot [4] registered
[    1.140831] acpiphp: Slot [5] registered
[    1.141252] acpiphp: Slot [6] registered
[    1.142562] acpiphp: Slot [7] registered
[    1.144239] acpiphp: Slot [8] registered
[    1.145308] acpiphp: Slot [9] registered
[    1.146703] acpiphp: Slot [10] registered
[    1.148409] acpiphp: Slot [11] registered
[    1.149247] acpiphp: Slot [12] registered
[    1.150800] acpiphp: Slot [13] registered
[    1.152370] acpiphp: Slot [14] registered
[    1.153309] acpiphp: Slot [15] registered
[    1.155067] acpiphp: Slot [16] registered
[    1.156415] acpiphp: Slot [17] registered
[    1.157231] acpiphp: Slot [18] registered
[    1.158905] acpiphp: Slot [19] registered
[    1.160308] acpiphp: Slot [20] registered
[    1.161437] acpiphp: Slot [21] registered
[    1.162941] acpiphp: Slot [22] registered
[    1.164311] acpiphp: Slot [23] registered
[    1.169394] acpiphp: Slot [24] registered
[    1.170896] acpiphp: Slot [25] registered
[    1.172292] acpiphp: Slot [26] registered
[    1.173320] acpiphp: Slot [27] registered
[    1.174893] acpiphp: Slot [28] registered
[    1.176468] acpiphp: Slot [29] registered
[    1.177217] acpiphp: Slot [30] registered
[    1.178591] acpiphp: Slot [31] registered
[    1.180218] PCI host bridge to bus 0000:00
[    1.183182] pci_bus 0000:00: root bus resource [io  0x0000-0x0cf7 window]
[    1.185103] pci_bus 0000:00: root bus resource [io  0x0d00-0xffff window]
[    1.187733] pci_bus 0000:00: root bus resource [mem 0x000a0000-0x000bffff window]
[    1.189068] pci_bus 0000:00: root bus resource [mem 0x80000000-0xfebfffff window]
[    1.191437] pci_bus 0000:00: root bus resource [mem 0x100000000-0x17fffffff window]
[    1.197069] pci_bus 0000:00: root bus resource [bus 00-ff]
[    1.200734] pci 0000:00:00.0: [8086:1237] type 00 class 0x060000
[    1.210889] pci 0000:00:01.0: [8086:7000] type 00 class 0x060100
[    1.215917] pci 0000:00:01.1: [8086:7010] type 00 class 0x010180
[    1.220686] pci 0000:00:01.1: reg 0x20: [io  0xc040-0xc04f]
[    1.226666] pci 0000:00:01.1: legacy IDE quirk: reg 0x10: [io  0x01f0-0x01f7]
[    1.229068] pci 0000:00:01.1: legacy IDE quirk: reg 0x14: [io  0x03f6]
[    1.231584] pci 0000:00:01.1: legacy IDE quirk: reg 0x18: [io  0x0170-0x0177]
[    1.233068] pci 0000:00:01.1: legacy IDE quirk: reg 0x1c: [io  0x0376]
[    1.237147] pci 0000:00:01.3: [8086:7113] type 00 class 0x068000
[    1.240942] pci 0000:00:01.3: quirk: [io  0x0600-0x063f] claimed by PIIX4 ACPI
[    1.245094] pci 0000:00:01.3: quirk: [io  0x0700-0x070f] claimed by PIIX4 SMB
[    1.250541] pci 0000:00:02.0: [1234:1111] type 00 class 0x030000
[    1.258078] pci 0000:00:02.0: reg 0x10: [mem 0xfd000000-0xfdffffff pref]
[    1.265165] pci 0000:00:02.0: reg 0x18: [mem 0xfebf0000-0xfebf0fff]
[    1.281168] pci 0000:00:02.0: reg 0x30: [mem 0xfebe0000-0xfebeffff pref]
[    1.295674] pci 0000:00:03.0: [8086:100e] type 00 class 0x020000
[    1.299025] pci 0000:00:03.0: reg 0x10: [mem 0xfebc0000-0xfebdffff]
[    1.302849] pci 0000:00:03.0: reg 0x14: [io  0xc000-0xc03f]
[    1.312504] pci 0000:00:03.0: reg 0x30: [mem 0xfeb80000-0xfebbffff pref]
[    1.347386] ACPI: PCI: Interrupt link LNKA configured for IRQ 10
[    1.350291] ACPI: PCI: Interrupt link LNKB configured for IRQ 10
[    1.353586] ACPI: PCI: Interrupt link LNKC configured for IRQ 11
[    1.356708] ACPI: PCI: Interrupt link LNKD configured for IRQ 11
[    1.361716] ACPI: PCI: Interrupt link LNKS configured for IRQ 9
[    1.371209] iommu: Default domain type: Translated 
[    1.372850] iommu: DMA domain TLB invalidation policy: lazy mode 
[    1.377065] pci 0000:00:02.0: vgaarb: setting as boot VGA device
[    1.377065] pci 0000:00:02.0: vgaarb: VGA device added: decodes=io+mem,owns=io+mem,locks=none
[    1.381074] pci 0000:00:02.0: vgaarb: bridge control possible
[    1.383177] vgaarb: loaded
[    1.388709] SCSI subsystem initialized
[    1.393501] ACPI: bus type USB registered
[    1.395509] usbcore: registered new interface driver usbfs
[    1.397374] usbcore: registered new interface driver hub
[    1.399586] usbcore: registered new device driver usb
[    1.401463] pps_core: LinuxPPS API ver. 1 registered
[    1.403319] pps_core: Software ver. 5.3.6 - Copyright 2005-2007 Rodolfo Giometti <giometti@linux.it>
[    1.409191] PTP clock support registered
[    1.413324] EDAC MC: Ver: 3.0.0
[    1.426289] NetLabel: Initializing
[    1.427503] NetLabel:  domain hash size = 128
[    1.429060] NetLabel:  protocols = UNLABELED CIPSOv4 CALIPSO
[    1.431051] NetLabel:  unlabeled traffic allowed by default
[    1.435051] PCI: Using ACPI for IRQ routing
[    1.441880] hpet0: at MMIO 0xfed00000, IRQs 2, 8, 0
[    1.443605] hpet0: 3 comparators, 64-bit 100.000000 MHz counter
[    1.459390] clocksource: Switched to clocksource kvm-clock
[    1.804443] VFS: Disk quotas dquot_6.6.0
[    1.806513] VFS: Dquot-cache hash table entries: 512 (order 0, 4096 bytes)
[    1.810295] pnp: PnP ACPI init
[    1.814978] pnp: PnP ACPI: found 6 devices
[    1.832922] clocksource: acpi_pm: mask: 0xffffff max_cycles: 0xffffff, max_idle_ns: 2085701024 ns
[    1.836375] NET: Registered PF_INET protocol family
[    1.838528] IP idents hash table entries: 32768 (order: 6, 262144 bytes, linear)
[    1.842581] tcp_listen_portaddr_hash hash table entries: 1024 (order: 4, 81920 bytes, linear)
[    1.845271] TCP established hash table entries: 16384 (order: 5, 131072 bytes, linear)
[    1.848300] TCP bind hash table entries: 16384 (order: 8, 1179648 bytes, linear)
[    1.853311] TCP: Hash tables configured (established 16384 bind 16384)
[    1.855991] UDP hash table entries: 1024 (order: 5, 163840 bytes, linear)
[    1.858314] UDP-Lite hash table entries: 1024 (order: 5, 163840 bytes, linear)
[    1.862658] NET: Registered PF_UNIX/PF_LOCAL protocol family
[    1.866054] RPC: Registered named UNIX socket transport module.
[    1.867878] RPC: Registered udp transport module.
[    1.869324] RPC: Registered tcp transport module.
[    1.870739] RPC: Registered tcp NFSv4.1 backchannel transport module.
[    1.872703] pci_bus 0000:00: resource 4 [io  0x0000-0x0cf7 window]
[    1.874637] pci_bus 0000:00: resource 5 [io  0x0d00-0xffff window]
[    1.876363] pci_bus 0000:00: resource 6 [mem 0x000a0000-0x000bffff window]
[    1.878421] pci_bus 0000:00: resource 7 [mem 0x80000000-0xfebfffff window]
[    1.880693] pci_bus 0000:00: resource 8 [mem 0x100000000-0x17fffffff window]
[    1.883488] pci 0000:00:01.0: PIIX3: Enabling Passive Release
[    1.885359] pci 0000:00:00.0: Limiting direct PCI/PCI transfers
[    1.887131] pci 0000:00:01.0: Activating ISA DMA hang workarounds
[    1.889126] pci 0000:00:02.0: Video device with shadowed ROM at [mem 0x000c0000-0x000dffff]
[    1.891538] PCI: CLS 0 bytes, default 64
[    1.893711] ACPI: bus type thunderbolt registered
[    1.895794] clocksource: tsc: mask: 0xffffffffffffffff max_cycles: 0x1a03dfe73b3, max_idle_ns: 440795256845 ns
[    6.052292] Initialise system trusted keyrings
[    6.054476] Key type blacklist registered
[    6.057138] workingset: timestamp_bits=36 max_order=19 bucket_order=0
[    6.077708] zbud: loaded
[    6.083342] squashfs: version 4.0 (2009/01/31) Phillip Lougher
[    6.100482] NFS: Registering the id_resolver key type
[    6.102562] Key type id_resolver registered
[    6.103851] Key type id_legacy registered
[    6.105417] nfs4filelayout_init: NFSv4 File Layout Driver Registering...
[    6.107576] nfs4flexfilelayout_init: NFSv4 Flexfile Layout Driver Registering...
[    6.111960] fuse: init (API version 7.34)
[    6.115906] SGI XFS with ACLs, security attributes, realtime, quota, no debug enabled
[    6.132288] 9p: Installing v9fs 9p2000 file system support
[    6.155611] Key type asymmetric registered
[    6.158410] Asymmetric key parser 'x509' registered
[    6.160251] Block layer SCSI generic (bsg) driver version 0.4 loaded (major 244)
[    6.166886] io scheduler mq-deadline registered
[    6.168898] io scheduler bfq registered
[    6.175377] shpchp: Standard Hot Plug PCI Controller Driver version: 0.4
[    6.179118] IPMI message handler: version 39.2
[    6.180887] ipmi device interface
[    6.185477] input: Power Button as /devices/LNXSYSTM:00/LNXPWRBN:00/input/input0
[    6.188767] ACPI: button: Power Button [PWRF]
[    6.200927] ERST DBG: ERST support is disabled.
[    6.205385] Serial: 8250/16550 driver, 32 ports, IRQ sharing enabled
[    6.210019] 00:04: ttyS0 at I/O 0x3f8 (irq = 4, base_baud = 115200) is a 16550A
[    6.267961] Linux agpgart interface v0.103
[    6.330383] brd: module loaded
[    6.364891] loop: module loaded
[    6.389400] scsi host0: ata_piix
[    6.393463] scsi host1: ata_piix
[    6.395004] ata1: PATA max MWDMA2 cmd 0x1f0 ctl 0x3f6 bmdma 0xc040 irq 14
[    6.396994] ata2: PATA max MWDMA2 cmd 0x170 ctl 0x376 bmdma 0xc048 irq 15
[    6.400595] libphy: Fixed MDIO Bus: probed
[    6.407595] tun: Universal TUN/TAP device driver, 1.6
[    6.410997] e100: Intel(R) PRO/100 Network Driver
[    6.412577] e100: Copyright(c) 1999-2006 Intel Corporation
[    6.415000] e1000: Intel(R) PRO/1000 Network Driver
[    6.416584] e1000: Copyright (c) 1999-2006 Intel Corporation.
[    6.567128] ata2.00: ATAPI: QEMU DVD-ROM, 2.5+, max UDMA/100
[    6.587565] ata1.00: ATA-7: QEMU HARDDISK, 2.5+, max UDMA/100
[    6.589394] ata1.00: 16777216 sectors, multi 16: LBA48 
[    6.593312] scsi 0:0:0:0: Direct-Access     ATA      QEMU HARDDISK    2.5+ PQ: 0 ANSI: 5
[    6.597622] scsi 0:0:0:0: Attached scsi generic sg0 type 0
[    6.601834] sd 0:0:0:0: [sda] 16777216 512-byte logical blocks: (8.59 GB/8.00 GiB)
[    6.605815] sd 0:0:0:0: [sda] Write Protect is off
[    6.607533] sd 0:0:0:0: [sda] Write cache: enabled, read cache: enabled, doesn't support DPO or FUA
[    6.609683] scsi 1:0:0:0: CD-ROM            QEMU     QEMU DVD-ROM     2.5+ PQ: 0 ANSI: 5
[    6.643773] scsi 1:0:0:0: Attached scsi generic sg1 type 5
[    6.783126] ACPI: \_SB_.LNKC: Enabled at IRQ 11
[    6.793644] sd 0:0:0:0: [sda] Attached SCSI disk
[    7.218718] e1000 0000:00:03.0 eth0: (PCI:33MHz:32-bit) 52:54:00:12:34:56
[    7.240703] e1000 0000:00:03.0 eth0: Intel(R) PRO/1000 Network Connection
[    7.243447] e1000e: Intel(R) PRO/1000 Network Driver
[    7.244954] e1000e: Copyright(c) 1999 - 2015 Intel Corporation.
[    7.246889] igb: Intel(R) Gigabit Ethernet Network Driver
[    7.248471] igb: Copyright (c) 2007-2014 Intel Corporation.
[    7.250588] PPP generic driver version 2.4.2
[    7.259217] VFIO - User Level meta-driver version: 0.3
[    7.261513] ehci_hcd: USB 2.0 'Enhanced' Host Controller (EHCI) Driver
[    7.263736] ehci-pci: EHCI PCI platform driver
[    7.266837] ehci-platform: EHCI generic platform driver
[    7.271248] ohci_hcd: USB 1.1 'Open' Host Controller (OHCI) Driver
[    7.275183] ohci-pci: OHCI PCI platform driver
[    7.278881] ohci-platform: OHCI generic platform driver
[    7.282871] uhci_hcd: USB Universal Host Controller Interface driver
[    7.289694] usbcore: registered new interface driver uas
[    7.304642] usbcore: registered new interface driver usb-storage
[    7.307044] i8042: PNP: PS/2 Controller [PNP0303:KBD,PNP0f13:MOU] at 0x60,0x64 irq 1,12
[    7.311437] serio: i8042 KBD port at 0x60,0x64 irq 1
[    7.313235] serio: i8042 AUX port at 0x60,0x64 irq 12
[    7.327800] mousedev: PS/2 mouse device common for all mice
[    7.332502] input: AT Translated Set 2 keyboard as /devices/platform/i8042/serio0/input/input1
[    7.333751] rtc_cmos 00:05: RTC can wake from S4
[    7.338569] rtc_cmos 00:05: registered as rtc0
[    7.339615] rtc_cmos 00:05: setting system clock to 2023-03-16T11:13:37 UTC (1678965217)
[    7.342311] rtc_cmos 00:05: alarms up to one day, y3k, 242 bytes nvram, hpet irqs
[    7.344745] i2c_dev: i2c /dev entries driver
[    7.346434] device-mapper: core: CONFIG_IMA_DISABLE_HTABLE is disabled. Duplicate IMA measurements will not be recorded in the IMA log.
[    7.350097] input: VirtualPS/2 VMware VMMouse as /devices/platform/i8042/serio1/input/input4
[    7.368601] device-mapper: uevent: version 1.0.3
[    7.369307] device-mapper: ioctl: 4.45.0-ioctl (2021-03-22) initialised: dm-devel@redhat.com
[    7.369357] intel_pstate: CPU model not supported
[    7.369648] sdhci: Secure Digital Host Controller Interface driver
[    7.369662] sdhci: Copyright(c) Pierre Ossman
[    7.369835] sdhci-pltfm: SDHCI platform and OF driver helper
[    7.370379] hpet: Lost 1 RTC interrupts
[    7.386510] ledtrig-cpu: registered to indicate activity on CPUs
[    7.388586] drop_monitor: Initializing network drop monitor service
[    7.391341] NET: Registered PF_INET6 protocol family
[    7.395805] input: VirtualPS/2 VMware VMMouse as /devices/platform/i8042/serio1/input/input3
[    7.422232] Segment Routing with IPv6
[    7.423257] In-situ OAM (IOAM) with IPv6
[    7.429116] NET: Registered PF_PACKET protocol family
[    7.431804] 9pnet: Installing 9P2000 support
[    7.432962] Key type dns_resolver registered
[    7.436638] IPI shorthand broadcast: enabled
[    7.438628] sched_clock: Marking stable (7385463772, 52786333)->(7574397846, -136147741)
[    7.443487] registered taskstats version 1
[    7.458653] Loading compiled-in X.509 certificates
[    7.460865] zswap: loaded using pool lzo/zbud
[    7.465251] Key type ._fscrypt registered
[    7.466195] Key type .fscrypt registered
[    7.466895] Key type fscrypt-provisioning registered
[    7.473144] Key type encrypted registered
[    7.474759] ima: No TPM chip found, activating TPM-bypass!
[    7.476474] ima: Allocated hash algorithm: sha1
[    7.478307] ima: No architecture policies found
[    7.479843] evm: Initialising EVM extended attributes:
[    7.488558] evm: security.selinux
[    7.489632] evm: security.SMACK64
[    7.490684] evm: security.SMACK64EXEC
[    7.491807] evm: security.SMACK64TRANSMUTE
[    7.493135] evm: security.SMACK64MMAP
[    7.494220] evm: security.apparmor
[    7.495224] evm: security.ima
[    7.496786] evm: security.capability
[    7.504116] evm: HMAC attrs: 0x1
[    7.508693] PM:   Magic number: 15:516:226
[    7.527046] RAS: Correctable Errors collector initialized.
[    7.531366] md: Waiting for all devices to be available before autodetect
[    7.532559] md: If you don't use raid, use raid=noautodetect
[    7.533668] md: Autodetecting RAID arrays.
[    7.534570] md: autorun ...
[    7.535081] md: ... autorun DONE.
[    7.557560] EXT4-fs (sda): mounted filesystem with ordered data mode. Opts: (null). Quota mode: none.
[    7.560739] VFS: Mounted root (ext4 filesystem) readonly on device 8:0.
[    7.577550] devtmpfs: mounted
[    7.586426] Freeing unused decrypted memory: 2036K
[    7.592182] Freeing unused kernel image (initmem) memory: 3224K
[    7.608188] Write protecting the kernel read-only data: 40960k
[    7.615823] Freeing unused kernel image (text/rodata gap) memory: 2028K
[    7.629821] Freeing unused kernel image (rodata/data gap) memory: 516K
[    7.811865] x86/mm: Checked W+X mappings: passed, no W+X pages found.
[    7.814036] Run /sbin/init as init process
[    8.247353] random: fast init done
[    8.420289] systemd[1]: RTC configured in localtime, applying delta of 0 minutes to system time.
[    8.529597] systemd[1]: systemd 239 (239-49.el8) running in system mode. (+PAM +AUDIT +SELINUX +IMA -APPARMOR +SMACK +SYSVINIT +UTMP +LIBCRYPTSETUP +GCRYPT +GNUTLS +ACL +XZ +LZ4 +SECCOMP +BLKID +ELFUTILS +KMOD +IDN2 -IDN +PCRE2 default-hierarchy=legacy)
[    8.536757] systemd[1]: Detected virtualization kvm.
[    8.540899] systemd[1]: Detected architecture x86-64.

Welcome to [0;31mCentOS Stream 8[0m!

[    8.603410] systemd[1]: Set hostname to <test>.
[    9.236400] random: lvmconfig: uninitialized urandom read (4 bytes read)
[    9.685827] random: systemd: uninitialized urandom read (16 bytes read)
[    9.691665] systemd[1]: Listening on Journal Socket.
[[0;32m  OK  [0m] Listening on Journal Socket.
[    9.704207] random: systemd: uninitialized urandom read (16 bytes read)
[    9.726971] systemd[1]: Starting Load Kernel Modules...
         Starting Load Kernel Modules...
[    9.736099] systemd[1]: Listening on RPCbind Server Activation Socket.
[[0;32m  OK  [0m] Listening on RPCbind Server Activation Socket.
[    9.763441] systemd[1]: Listening on udev Kernel Socket.
[[0;32m  OK  [0m] Listening on udev Kernel Socket.
[    9.781361] systemd[1]: Listening on udev Control Socket.
[[0;32m  OK  [0m] Listening on udev Control Socket.
[    9.788482] systemd[1]: Set up automount Arbitrary Executable File Formats File System Automount Point.
[[0;32m  OK  [0m] Set up automount Arbitrary Executabâ€¦rmats File System Automount Point.
[[0;32m  OK  [0m] Listening on multipathd control socket.
[[0;32m  OK  [0m] Listening on LVM2 poll daemon socket.
[[0;32m  OK  [0m] Started Forward Password Requests to Wall Directory Watch.
[[0;32m  OK  [0m] Reached target RPC Port Mapper.
[[0;32m  OK  [0m] Reached target Swap.
         Mounting Kernel Debug File System...
         Starting udev Coldplug all Devices...
         Starting Setup Virtual Console...
[[0;32m  OK  [0m] Listening on initctl Compatibility Named Pipe.
         Mounting POSIX Message Queue File System...
         Mounting Huge Pages File System...
[[0;32m  OK  [0m] Listening on Device-mapper event daemon FIFOs.
         Starting Monitoring of LVM2 mirrorsâ€¦ng dmeventd or progress polling...
[[0;32m  OK  [0m] Listening on Journal Socket (/dev/log).
[[0;32m  OK  [0m] Created slice system-sshd\x2dkeygen.slice.
[[0;32m  OK  [0m] Created slice User and Session Slice.
[[0;32m  OK  [0m] Reached target Slices.
         Starting Journal Service...
[[0;32m  OK  [0m] Listening on Process Core Dump Socket.
[[0;32m  OK  [0m] Created slice system-serial\x2dgetty.slice.
[[0;32m  OK  [0m] Created slice system-getty.slice.
         Starting Remount Root and Kernel File Systems...
[[0;1;31mFAILED[0m] Failed to start Load Kernel Modules.
See 'systemctl status systemd-modules-load.service' for details.
[[0;32m  OK  [0m] Mounted Kernel Debug File System.
[[0;32m  OK  [0m] Mounted POSIX Message Queue File System.
[[0;32m  OK  [0m] Mounted Huge Pages File System.
[[0;32m  OK  [0m] Started Journal Service.
[[0;32m  OK  [0m] Started Setup Virtual Console.
         Starting Apply Kernel Variables...
[   10.893255] EXT4-fs (sda): re-mounted. Opts: (null). Quota mode: none.
         Mounting Kernel Configuration File System...
         Mounting FUSE Control File System...
[[0;32m  OK  [0m] Started Remount Root and Kernel File Systems.
[[0;32m  OK  [0m] Mounted Kernel Configuration File System.
[[0;32m  OK  [0m] Started Apply Kernel Variables.
[[0;32m  OK  [0m] Mounted FUSE Control File System.
         Starting Create Static Device Nodes in /dev...
         Starting Flush Journal to Persistent Storage...
         Starting Load/Save Random Seed...
[[0;32m  OK  [0m] Started Flush Journal to Persistent Storage.
[[0;32m  OK  [0m] Started udev Coldplug all Devices.
[[0;32m  OK  [0m] Started Create Static Device Nodes in /dev.
[[0;32m  OK  [0m] Started Load/Save Random Seed.
         Starting udev Kernel Device Manager...
         Starting udev Wait for Complete Device Initialization...
[[0;32m  OK  [0m] Started udev Kernel Device Manager.
         Starting Show Plymouth Boot Screen...
[   11.605157] random: crng init done
[   11.606322] random: 7 urandom warning(s) missed due to ratelimiting
[[0;32m  OK  [0m] Started Show Plymouth Boot Screen.
[[0;32m  OK  [0m] Reached target Paths.
[[0;32m  OK  [0m] Reached target Local Encrypted Volumes.
[[0;32m  OK  [0m] Started Forward Password Requests to Plymouth Directory Watch.
[[0;32m  OK  [0m] Found device /dev/ttyS0.
[[0;32m  OK  [0m] Listening on Load/Save RF Kill Switch Status /dev/rfkill Watch.
[[0;32m  OK  [0m] Started Monitoring of LVM2 mirrors,â€¦sing dmeventd or progress polling.
[[0;32m  OK  [0m] Started udev Wait for Complete Device Initialization.
[[0;32m  OK  [0m] Reached target Local File Systems (Pre).
[[0;32m  OK  [0m] Reached target Local File Systems.
         Starting Restore /run/initramfs on shutdown...
         Starting Create Volatile Files and Directories...
         Starting Tell Plymouth To Write Out Runtime Data...
[[0;32m  OK  [0m] Started Restore /run/initramfs on shutdown.
[[0;32m  OK  [0m] Started Tell Plymouth To Write Out Runtime Data.
[[0;32m  OK  [0m] Started Create Volatile Files and Directories.
         Mounting RPC Pipe File System...
         Starting RPC Bind...
         Starting Security Auditing Service...
[[0;32m  OK  [0m] Mounted RPC Pipe File System.
[[0;32m  OK  [0m] Reached target rpc_pipefs.target.
[[0;32m  OK  [0m] Started RPC Bind.
[[0;32m  OK  [0m] Started Security Auditing Service.
         Starting Update UTMP about System Boot/Shutdown...
[[0;32m  OK  [0m] Started Update UTMP about System Boot/Shutdown.
[[0;32m  OK  [0m] Reached target System Initialization.
[[0;32m  OK  [0m] Started Daily Cleanup of Temporary Directories.
[[0;32m  OK  [0m] Started daily update of the root trust anchor for DNSSEC.
[[0;32m  OK  [0m] Listening on D-Bus System Message Bus Socket.
[[0;32m  OK  [0m] Started dnf makecache --timer.
[[0;32m  OK  [0m] Reached target Timers.
[[0;32m  OK  [0m] Listening on SSSD Kerberos Cache Manager responder socket.
[[0;32m  OK  [0m] Reached target Sockets.
[[0;32m  OK  [0m] Reached target Basic System.
[[0;32m  OK  [0m] Started irqbalance daemon.
         Starting Authorization Manager...
         Starting Login Service...
[[0;32m  OK  [0m] Started D-Bus System Message Bus.
         Starting Network Manager...
         Starting NTP client/server...
         Starting Self Monitoring and Reporting Technology (SMART) Daemon...
[[0;32m  OK  [0m] Started Machine Check Exception Logging Daemon.
[[0;32m  OK  [0m] Reached target sshd-keygen.target.
         Starting Auto-connect to subsystemsâ€¦-NVME devices found during boot...
         Starting update of the root trust aâ€¦or DNSSEC validation in unbound...
[[0;32m  OK  [0m] Started Auto-connect to subsystems â€¦FC-NVME devices found during boot.
[[0;32m  OK  [0m] Started Self Monitoring and Reporting Technology (SMART) Daemon.
[[0;32m  OK  [0m] Started Login Service.
[[0;32m  OK  [0m] Started Network Manager.
         Starting Network Manager Wait Online...
[[0;32m  OK  [0m] Reached target Network.
         Starting Dynamic System Tuning Daemon...
         Starting OpenSSH server daemon...
         Starting GSSAPI Proxy Daemon...
[[0;32m  OK  [0m] Started NTP client/server.
[[0;32m  OK  [0m] Started update of the root trust anâ€¦ for DNSSEC validation in unbound.
[[0;32m  OK  [0m] Started Authorization Manager.
         Starting Hostname Service...
[[0;32m  OK  [0m] Started OpenSSH server daemon.
[[0;32m  OK  [0m] Started GSSAPI Proxy Daemon.
[[0;32m  OK  [0m] Reached target NFS client services.
[[0;32m  OK  [0m] Reached target Remote File Systems (Pre).
[[0;32m  OK  [0m] Reached target Remote File Systems.
         Starting Permit User Sessions...
[[0;32m  OK  [0m] Started Permit User Sessions.
         Starting Terminate Plymouth Boot Screen...
         Starting Hold until boot process finishes up...
[[0;32m  OK  [0m] Started Command Scheduler.
[[0;32m  OK  [0m] Started Terminate Plymouth Boot Screen.
[[0;32m  OK  [0m] Started Hold until boot process finishes up.
[   16.026204] e1000: eth0 NIC Link is Up 1000 Mbps Full Duplex, Flow Control: RX
[   16.031594] IPv6: ADDRCONF(NETDEV_CHANGE): eth0: link becomes ready

CentOS Stream 8
Kernel 5.15.0-rc4-32ed980c3020+ on an x86_64

test login: [  497.041217] hrtimer: interrupt took 19750059 ns
