c[?7l[2J[0mSeaBIOS (version rel-1.16.0-0-gd239552ce722-prebuilt.qemu.org)


iPXE (http://ipxe.org) 00:03.0 CA00 PCI2.10 PnP PMM+7FF91000+7FEF1000 CA00
Press Ctrl-B to configure iPXE (PCI 00:03.0)...                                                                               


Booting from ROM..c[?7l[2J[0m.[    0.000000] Linux version 5.14.0-rc3-35482f9dc56b+ (root@p-adln01) (gcc (GCC) 8.5.0 20210514 (Red Hat 8.5.0-18), GNU ld version 2.36.1-2.el8) #1 SMP Thu Mar 16 07:28:30 CST 2023
[    0.000000] Command line: console=ttyS0 root=/dev/sda earlyprintk=serial net.ifnames=0
[    0.000000] KERNEL supported cpus:
[    0.000000]   Intel GenuineIntel
[    0.000000]   AMD AuthenticAMD
[    0.000000]   Hygon HygonGenuine
[    0.000000]   Centaur CentaurHauls
[    0.000000]   zhaoxin   Shanghai  
[    0.000000] x86/fpu: Supporting XSAVE feature 0x001: 'x87 floating point registers'
[    0.000000] x86/fpu: Supporting XSAVE feature 0x002: 'SSE registers'
[    0.000000] x86/fpu: Supporting XSAVE feature 0x004: 'AVX registers'
[    0.000000] x86/fpu: Supporting XSAVE feature 0x200: 'Protection Keys User registers'
[    0.000000] x86/fpu: xstate_offset[2]:  576, xstate_sizes[2]:  256
[    0.000000] x86/fpu: xstate_offset[9]:  832, xstate_sizes[9]:    8
[    0.000000] x86/fpu: Enabled xstate features 0x207, context size is 840 bytes, using 'compacted' format.
[    0.000000] signal: max sigframe size: 3632
[    0.000000] BIOS-provided physical RAM map:
[    0.000000] BIOS-e820: [mem 0x0000000000000000-0x000000000009fbff] usable
[    0.000000] BIOS-e820: [mem 0x000000000009fc00-0x000000000009ffff] reserved
[    0.000000] BIOS-e820: [mem 0x00000000000f0000-0x00000000000fffff] reserved
[    0.000000] BIOS-e820: [mem 0x0000000000100000-0x000000007ffdffff] usable
[    0.000000] BIOS-e820: [mem 0x000000007ffe0000-0x000000007fffffff] reserved
[    0.000000] BIOS-e820: [mem 0x00000000feffc000-0x00000000feffffff] reserved
[    0.000000] BIOS-e820: [mem 0x00000000fffc0000-0x00000000ffffffff] reserved
[    0.000000] printk: bootconsole [earlyser0] enabled
[    0.000000] NX (Execute Disable) protection: active
[    0.000000] SMBIOS 2.8 present.
[    0.000000] DMI: QEMU Standard PC (i440FX + PIIX, 1996), BIOS rel-1.16.0-0-gd239552ce722-prebuilt.qemu.org 04/01/2014
[    0.000000] Hypervisor detected: KVM
[    0.000000] kvm-clock: Using msrs 4b564d01 and 4b564d00
[    0.000000] kvm-clock: cpu 0, msr 5401001, primary cpu clock
[    0.000005] kvm-clock: using sched offset of 457540342 cycles
[    0.000749] clocksource: kvm-clock: mask: 0xffffffffffffffff max_cycles: 0x1cd42e4dffb, max_idle_ns: 881590591483 ns
[    0.002869] tsc: Detected 1804.800 MHz processor
[    0.010160] last_pfn = 0x7ffe0 max_arch_pfn = 0x400000000
[    0.011000] x86/PAT: Configuration [0-7]: WB  WC  UC- UC  WB  WP  UC- WT  
[    0.019304] found SMP MP-table at [mem 0x000f5ba0-0x000f5baf]
[    0.020323] Using GB pages for direct mapping
[    0.022371] ACPI: Early table checksum verification disabled
[    0.023196] ACPI: RSDP 0x00000000000F59C0 000014 (v00 BOCHS )
[    0.023998] ACPI: RSDT 0x000000007FFE1951 000034 (v01 BOCHS  BXPC     00000001 BXPC 00000001)
[    0.025144] ACPI: FACP 0x000000007FFE17FD 000074 (v01 BOCHS  BXPC     00000001 BXPC 00000001)
[    0.026303] ACPI: DSDT 0x000000007FFE0040 0017BD (v01 BOCHS  BXPC     00000001 BXPC 00000001)
[    0.027443] ACPI: FACS 0x000000007FFE0000 000040
[    0.028085] ACPI: APIC 0x000000007FFE1871 000080 (v01 BOCHS  BXPC     00000001 BXPC 00000001)
[    0.029220] ACPI: HPET 0x000000007FFE18F1 000038 (v01 BOCHS  BXPC     00000001 BXPC 00000001)
[    0.030358] ACPI: WAET 0x000000007FFE1929 000028 (v01 BOCHS  BXPC     00000001 BXPC 00000001)
[    0.031491] ACPI: Reserving FACP table memory at [mem 0x7ffe17fd-0x7ffe1870]
[    0.032444] ACPI: Reserving DSDT table memory at [mem 0x7ffe0040-0x7ffe17fc]
[    0.033374] ACPI: Reserving FACS table memory at [mem 0x7ffe0000-0x7ffe003f]
[    0.034312] ACPI: Reserving APIC table memory at [mem 0x7ffe1871-0x7ffe18f0]
[    0.035242] ACPI: Reserving HPET table memory at [mem 0x7ffe18f1-0x7ffe1928]
[    0.036182] ACPI: Reserving WAET table memory at [mem 0x7ffe1929-0x7ffe1950]
[    0.038346] No NUMA configuration found
[    0.038866] Faking a node at [mem 0x0000000000000000-0x000000007ffdffff]
[    0.039898] NODE_DATA(0) allocated [mem 0x7ffb5000-0x7ffdffff]
[    0.044594] Zone ranges:
[    0.044972]   DMA      [mem 0x0000000000001000-0x0000000000ffffff]
[    0.045792]   DMA32    [mem 0x0000000001000000-0x000000007ffdffff]
[    0.046621]   Normal   empty
[    0.047001]   Device   empty
[    0.047385] Movable zone start for each node
[    0.047961] Early memory node ranges
[    0.048435]   node   0: [mem 0x0000000000001000-0x000000000009efff]
[    0.049277]   node   0: [mem 0x0000000000100000-0x000000007ffdffff]
[    0.050115] Initmem setup node 0 [mem 0x0000000000001000-0x000000007ffdffff]
[    0.051398] On node 0, zone DMA: 1 pages in unavailable ranges
[    0.051655] On node 0, zone DMA: 97 pages in unavailable ranges
[    0.100890] On node 0, zone DMA32: 32 pages in unavailable ranges
[    0.102148] ACPI: PM-Timer IO Port: 0x608
[    0.103501] ACPI: LAPIC_NMI (acpi_id[0xff] dfl dfl lint[0x1])
[    0.104405] IOAPIC[0]: apic_id 0, version 17, address 0xfec00000, GSI 0-23
[    0.105322] ACPI: INT_SRC_OVR (bus 0 bus_irq 0 global_irq 2 dfl dfl)
[    0.106147] ACPI: INT_SRC_OVR (bus 0 bus_irq 5 global_irq 5 high level)
[    0.107009] ACPI: INT_SRC_OVR (bus 0 bus_irq 9 global_irq 9 high level)
[    0.107887] ACPI: INT_SRC_OVR (bus 0 bus_irq 10 global_irq 10 high level)
[    0.108768] ACPI: INT_SRC_OVR (bus 0 bus_irq 11 global_irq 11 high level)
[    0.109659] ACPI: Using ACPI (MADT) for SMP configuration information
[    0.110500] ACPI: HPET id: 0x8086a201 base: 0xfed00000
[    0.111206] TSC deadline timer available
[    0.111739] smpboot: Allowing 2 CPUs, 0 hotplug CPUs
[    0.112535] kvm-guest: KVM setup pv remote TLB flush
[    0.113185] kvm-guest: setup PV sched yield
[    0.113828] PM: hibernation: Registered nosave memory: [mem 0x00000000-0x00000fff]
[    0.114822] PM: hibernation: Registered nosave memory: [mem 0x0009f000-0x0009ffff]
[    0.115814] PM: hibernation: Registered nosave memory: [mem 0x000a0000-0x000effff]
[    0.116793] PM: hibernation: Registered nosave memory: [mem 0x000f0000-0x000fffff]
[    0.117774] [mem 0x80000000-0xfeffbfff] available for PCI devices
[    0.118575] Booting paravirtualized kernel on KVM
[    0.119245] clocksource: refined-jiffies: mask: 0xffffffff max_cycles: 0xffffffff, max_idle_ns: 7645519600211568 ns
[    0.120640] setup_percpu: NR_CPUS:8192 nr_cpumask_bits:2 nr_cpu_ids:2 nr_node_ids:1
[    0.124024] percpu: Embedded 59 pages/cpu s204800 r8192 d28672 u1048576
[    0.125169] kvm-guest: setup async PF for cpu 0
[    0.125763] kvm-guest: stealtime: cpu 0, msr 7dc31080
[    0.126432] kvm-guest: PV spinlocks enabled
[    0.126999] PV qspinlock hash table entries: 256 (order: 0, 4096 bytes, linear)
[    0.128030] Built 1 zonelists, mobility grouping on.  Total pages: 515808
[    0.128924] Policy zone: DMA32
[    0.129332] Kernel command line: net.ifnames=0 console=ttyS0 root=/dev/sda earlyprintk=serial net.ifnames=0
[    0.133314] Dentry cache hash table entries: 262144 (order: 9, 2097152 bytes, linear)
[    0.135300] Inode-cache hash table entries: 131072 (order: 8, 1048576 bytes, linear)
[    0.136488] mem auto-init: stack:off, heap alloc:off, heap free:off
[    0.142358] Memory: 1987472K/2096632K available (30737K kernel code, 5221K rwdata, 7600K rodata, 3240K init, 22044K bss, 108904K reserved, 0K cma-reserved)
[    0.144278] random: get_random_u64 called from __kmem_cache_create+0x2f/0x490 with crng_init=0
[    0.145141] SLUB: HWalign=64, Order=0-3, MinObjects=0, CPUs=2, Nodes=1
[    0.147106] kmemleak: Kernel memory leak detector disabled
[    0.147902] ftrace: allocating 64391 entries in 252 pages
[    0.245934] ftrace: allocated 252 pages with 6 groups
[    0.247204] Running RCU self tests
[    0.247702] rcu: Hierarchical RCU implementation.
[    0.248328] rcu: 	RCU lockdep checking is enabled.
[    0.248956] rcu: 	RCU restricting CPUs from NR_CPUS=8192 to nr_cpu_ids=2.
[    0.249851] 	Trampoline variant of Tasks RCU enabled.
[    0.250518] 	Rude variant of Tasks RCU enabled.
[    0.251112] 	Tracing variant of Tasks RCU enabled.
[    0.251751] rcu: RCU calculated value of scheduler-enlistment delay is 25 jiffies.
[    0.252762] rcu: Adjusting geometry for rcu_fanout_leaf=16, nr_cpu_ids=2
[    0.278583] NR_IRQS: 524544, nr_irqs: 440, preallocated irqs: 16
[    0.292484] Console: colour VGA+ 80x25
[    0.293099] printk: console [ttyS0] enabled
[    0.293099] printk: console [ttyS0] enabled
[    0.294205] printk: bootconsole [earlyser0] disabled
[    0.294205] printk: bootconsole [earlyser0] disabled
[    0.295508] Lock dependency validator: Copyright (c) 2006 Red Hat, Inc., Ingo Molnar
[    0.296539] ... MAX_LOCKDEP_SUBCLASSES:  8
[    0.297091] ... MAX_LOCK_DEPTH:          48
[    0.297657] ... MAX_LOCKDEP_KEYS:        8192
[    0.298241] ... CLASSHASH_SIZE:          4096
[    0.298823] ... MAX_LOCKDEP_ENTRIES:     32768
[    0.299428] ... MAX_LOCKDEP_CHAINS:      65536
[    0.300041] ... CHAINHASH_SIZE:          32768
[    0.300643]  memory used by lock dependency info: 6365 kB
[    0.301380]  memory used for stack traces: 4224 kB
[    0.302030]  per task-struct memory footprint: 1920 bytes
[    0.302850] ACPI: Core revision 20210604
[    0.303776] clocksource: hpet: mask: 0xffffffff max_cycles: 0xffffffff, max_idle_ns: 19112604467 ns
[    0.305193] APIC: Switch to symmetric I/O mode setup
[    0.306150] x2apic enabled
[    0.306812] Switched APIC routing to physical x2apic.
[    0.307495] kvm-guest: setup PV IPIs
[    0.309300] ..TIMER: vector=0x30 apic1=0 pin1=2 apic2=-1 pin2=-1
[    0.310159] clocksource: tsc-early: mask: 0xffffffffffffffff max_cycles: 0x1a03dfe73b3, max_idle_ns: 440795256845 ns
[    0.311607] Calibrating delay loop (skipped) preset value.. 3609.60 BogoMIPS (lpj=7219200)
[    0.312718] pid_max: default: 32768 minimum: 301
[    0.315693] LSM: Security Framework initializing
[    0.316343] Yama: becoming mindful.
[    0.317005] Mount-cache hash table entries: 4096 (order: 3, 32768 bytes, linear)
[    0.318048] Mountpoint-cache hash table entries: 4096 (order: 3, 32768 bytes, linear)
[    0.323717] x86/cpu: User Mode Instruction Prevention (UMIP) activated
[    0.325407] Last level iTLB entries: 4KB 0, 2MB 0, 4MB 0
[    0.326234] Last level dTLB entries: 4KB 0, 2MB 0, 4MB 0, 1GB 0
[    0.327085] Spectre V1 : Mitigation: usercopy/swapgs barriers and __user pointer sanitization
[    0.327640] Spectre V2 : Mitigation: Enhanced IBRS
[    0.328280] Spectre V2 : Spectre v2 / SpectreRSB mitigation: Filling RSB on context switch
[    0.329397] Spectre V2 : mitigation: Enabling conditional Indirect Branch Prediction Barrier
[    0.331600] Speculative Store Bypass: Mitigation: Speculative Store Bypass disabled via prctl and seccomp
[    0.369677] Freeing SMP alternatives memory: 52K
[    0.371097] smpboot: CPU0: Intel(R) Core(TM) i3-N305 (family: 0x6, model: 0xbe, stepping: 0x0)
[    0.371592] Running RCU-tasks wait API self tests
[    0.471820] Performance Events: generic architected perfmon, full-width counters, Intel PMU driver.
[    0.473085] ... version:                2
[    0.473609] ... bit width:              48
[    0.474121] ... generic registers:      6
[    0.474623] ... value mask:             0000ffffffffffff
[    0.475284] ... max period:             00007fffffffffff
[    0.475602] ... fixed-purpose events:   3
[    0.476110] ... event mask:             000000070000003f
[    0.477369] rcu: Hierarchical SRCU implementation.
[    0.480243] Callback from call_rcu_tasks_trace() invoked.
[    0.482280] smp: Bringing up secondary CPUs ...
[    0.483556] x86: Booting SMP configuration:
[    0.483614] .... node  #0, CPUs:      #1
[    0.031842] kvm-clock: cpu 1, msr 5401041, secondary cpu clock
[    0.484751] kvm-guest: setup async PF for cpu 1
[    0.484989] kvm-guest: stealtime: cpu 1, msr 7dd31080
[    0.485684] smp: Brought up 1 node, 2 CPUs
[    0.487614] smpboot: Max logical packages: 1
[    0.488177] smpboot: Total of 2 processors activated (7219.20 BogoMIPS)
[    0.494011] devtmpfs: initialized
[    0.494011] x86/mm: Memory block size: 128MB
[    0.497089] clocksource: jiffies: mask: 0xffffffff max_cycles: 0xffffffff, max_idle_ns: 7645041785100000 ns
[    0.499638] futex hash table entries: 512 (order: 4, 65536 bytes, linear)
[    0.501072] pinctrl core: initialized pinctrl subsystem
[    0.502592] 
[    0.502828] *************************************************************
[    0.503610] **     NOTICE NOTICE NOTICE NOTICE NOTICE NOTICE NOTICE    **
[    0.504536] **                                                         **
[    0.505435] **  IOMMU DebugFS SUPPORT HAS BEEN ENABLED IN THIS KERNEL  **
[    0.506349] **                                                         **
[    0.507272] ** This means that this kernel is built to expose internal **
[    0.507604] ** IOMMU data structures, which may compromise security on **
[    0.508453] ** your system.                                            **
[    0.509305] **                                                         **
[    0.510153] ** If you see this message and you are not debugging the   **
[    0.511002] ** kernel, report this immediately to your vendor!         **
[    0.511600] **                                                         **
[    0.512439] **     NOTICE NOTICE NOTICE NOTICE NOTICE NOTICE NOTICE    **
[    0.513277] *************************************************************
[    0.514243] PM: RTC time: 00:04:32, date: 2023-03-16
[    0.516465] NET: Registered PF_NETLINK/PF_ROUTE protocol family
[    0.517886] DMA: preallocated 256 KiB GFP_KERNEL pool for atomic allocations
[    0.518863] DMA: preallocated 256 KiB GFP_KERNEL|GFP_DMA pool for atomic allocations
[    0.519614] DMA: preallocated 256 KiB GFP_KERNEL|GFP_DMA32 pool for atomic allocations
[    0.520684] audit: initializing netlink subsys (disabled)
[    0.521416] audit: type=2000 audit(1678925073.443:1): state=initialized audit_enabled=0 res=1
[    0.521416] thermal_sys: Registered thermal governor 'fair_share'
[    0.521416] thermal_sys: Registered thermal governor 'bang_bang'
[    0.521416] thermal_sys: Registered thermal governor 'step_wise'
[    0.521567] thermal_sys: Registered thermal governor 'user_space'
[    0.522400] cpuidle: using governor ladder
[    0.523618] cpuidle: using governor menu
[    0.524507] ACPI: bus type PCI registered
[    0.525046] acpiphp: ACPI Hot Plug PCI Controller Driver version: 0.5
[    0.526314] PCI: Using configuration type 1 for base access
[    0.541591] Kprobes globally optimized
[    0.544064] HugeTLB registered 1.00 GiB page size, pre-allocated 0 pages
[    0.544572] HugeTLB registered 2.00 MiB page size, pre-allocated 0 pages
[    0.552125] ACPI: PRMT not present
[    0.552628] PRM: found 4294967277 modules
[    0.555721] ACPI: Added _OSI(Module Device)
[    0.556260] ACPI: Added _OSI(Processor Device)
[    0.556827] ACPI: Added _OSI(3.0 _SCP Extensions)
[    0.557459] ACPI: Added _OSI(Processor Aggregator Device)
[    0.558166] ACPI: Added _OSI(Linux-Dell-Video)
[    0.558728] ACPI: Added _OSI(Linux-Lenovo-NV-HDMI-Audio)
[    0.559406] ACPI: Added _OSI(Linux-HPI-Hybrid-Graphics)
[    0.565856] ACPI: 1 ACPI AML tables successfully acquired and loaded
[    0.570385] ACPI: Interpreter enabled
[    0.570990] ACPI: PM: (supports S0 S3 S4 S5)
[    0.571539] ACPI: Using IOAPIC for interrupt routing
[    0.571683] PCI: Using host bridge windows from ACPI; if necessary, use "pci=nocrs" and report a bug
[    0.573671] ACPI: Enabled 2 GPEs in block 00 to 0F
[    0.575736] Callback from call_rcu_tasks_rude() invoked.
[    0.594520] ACPI: PCI Root Bridge [PCI0] (domain 0000 [bus 00-ff])
[    0.595386] acpi PNP0A03:00: _OSC: OS supports [ASPM ClockPM Segments MSI EDR HPX-Type3]
[    0.595693] acpi PNP0A03:00: fail to add MMCONFIG information, can't access extended PCI configuration space under this bridge.
[    0.599585] acpiphp: Slot [3] registered
[    0.599688] acpiphp: Slot [4] registered
[    0.600313] acpiphp: Slot [5] registered
[    0.600915] acpiphp: Slot [6] registered
[    0.601525] acpiphp: Slot [7] registered
[    0.602131] acpiphp: Slot [8] registered
[    0.602772] acpiphp: Slot [9] registered
[    0.603373] acpiphp: Slot [10] registered
[    0.603683] acpiphp: Slot [11] registered
[    0.604291] acpiphp: Slot [12] registered
[    0.604902] acpiphp: Slot [13] registered
[    0.605534] acpiphp: Slot [14] registered
[    0.606160] acpiphp: Slot [15] registered
[    0.606791] acpiphp: Slot [16] registered
[    0.607407] acpiphp: Slot [17] registered
[    0.607711] acpiphp: Slot [18] registered
[    0.608349] acpiphp: Slot [19] registered
[    0.608971] acpiphp: Slot [20] registered
[    0.609593] acpiphp: Slot [21] registered
[    0.610227] acpiphp: Slot [22] registered
[    0.610874] acpiphp: Slot [23] registered
[    0.611520] acpiphp: Slot [24] registered
[    0.611687] acpiphp: Slot [25] registered
[    0.612306] acpiphp: Slot [26] registered
[    0.612928] acpiphp: Slot [27] registered
[    0.613574] acpiphp: Slot [28] registered
[    0.614212] acpiphp: Slot [29] registered
[    0.614838] acpiphp: Slot [30] registered
[    0.615458] acpiphp: Slot [31] registered
[    0.615737] PCI host bridge to bus 0000:00
[    0.616305] pci_bus 0000:00: root bus resource [io  0x0000-0x0cf7 window]
[    0.617223] pci_bus 0000:00: root bus resource [io  0x0d00-0xffff window]
[    0.618120] pci_bus 0000:00: root bus resource [mem 0x000a0000-0x000bffff window]
[    0.619119] pci_bus 0000:00: root bus resource [mem 0x80000000-0xfebfffff window]
[    0.619605] pci_bus 0000:00: root bus resource [mem 0x100000000-0x17fffffff window]
[    0.620630] pci_bus 0000:00: root bus resource [bus 00-ff]
[    0.621488] pci 0000:00:00.0: [8086:1237] type 00 class 0x060000
[    0.627227] pci 0000:00:01.0: [8086:7000] type 00 class 0x060100
[    0.629050] pci 0000:00:01.1: [8086:7010] type 00 class 0x010180
[    0.631613] pci 0000:00:01.1: reg 0x20: [io  0xc040-0xc04f]
[    0.633220] pci 0000:00:01.1: legacy IDE quirk: reg 0x10: [io  0x01f0-0x01f7]
[    0.634235] pci 0000:00:01.1: legacy IDE quirk: reg 0x14: [io  0x03f6]
[    0.635137] pci 0000:00:01.1: legacy IDE quirk: reg 0x18: [io  0x0170-0x0177]
[    0.635603] pci 0000:00:01.1: legacy IDE quirk: reg 0x1c: [io  0x0376]
[    0.637303] pci 0000:00:01.3: [8086:7113] type 00 class 0x068000
[    0.638690] pci 0000:00:01.3: quirk: [io  0x0600-0x063f] claimed by PIIX4 ACPI
[    0.639810] pci 0000:00:01.3: quirk: [io  0x0700-0x070f] claimed by PIIX4 SMB
[    0.642072] pci 0000:00:02.0: [1234:1111] type 00 class 0x030000
[    0.644029] pci 0000:00:02.0: reg 0x10: [mem 0xfd000000-0xfdffffff pref]
[    0.647376] pci 0000:00:02.0: reg 0x18: [mem 0xfebf0000-0xfebf0fff]
[    0.651721] pci 0000:00:02.0: reg 0x30: [mem 0xfebe0000-0xfebeffff pref]
[    0.658451] pci 0000:00:03.0: [8086:100e] type 00 class 0x020000
[    0.659903] pci 0000:00:03.0: reg 0x10: [mem 0xfebc0000-0xfebdffff]
[    0.661267] pci 0000:00:03.0: reg 0x14: [io  0xc000-0xc03f]
[    0.665242] pci 0000:00:03.0: reg 0x30: [mem 0xfeb80000-0xfebbffff pref]
[    0.685436] ACPI: PCI: Interrupt link LNKA configured for IRQ 10
[    0.686738] ACPI: PCI: Interrupt link LNKB configured for IRQ 10
[    0.688028] ACPI: PCI: Interrupt link LNKC configured for IRQ 11
[    0.689277] ACPI: PCI: Interrupt link LNKD configured for IRQ 11
[    0.690301] ACPI: PCI: Interrupt link LNKS configured for IRQ 9
[    0.692799] iommu: Default domain type: Translated 
[    0.692799] pci 0000:00:02.0: vgaarb: setting as boot VGA device
[    0.692799] pci 0000:00:02.0: vgaarb: VGA device added: decodes=io+mem,owns=io+mem,locks=none
[    0.693652] pci 0000:00:02.0: vgaarb: bridge control possible
[    0.694391] vgaarb: loaded
[    0.696294] SCSI subsystem initialized
[    0.699898] ACPI: bus type USB registered
[    0.700549] usbcore: registered new interface driver usbfs
[    0.701337] usbcore: registered new interface driver hub
[    0.702083] usbcore: registered new device driver usb
[    0.702911] pps_core: LinuxPPS API ver. 1 registered
[    0.703608] pps_core: Software ver. 5.3.6 - Copyright 2005-2007 Rodolfo Giometti <giometti@linux.it>
[    0.704788] PTP clock support registered
[    0.705413] EDAC MC: Ver: 3.0.0
[    0.705413] NetLabel: Initializing
[    0.705413] NetLabel:  domain hash size = 128
[    0.705886] NetLabel:  protocols = UNLABELED CIPSOv4 CALIPSO
[    0.707613] NetLabel:  unlabeled traffic allowed by default
[    0.708454] PCI: Using ACPI for IRQ routing
[    0.712145] hpet0: at MMIO 0xfed00000, IRQs 2, 8, 0
[    0.712827] hpet0: 3 comparators, 64-bit 100.000000 MHz counter
[    0.716948] clocksource: Switched to clocksource kvm-clock
[    0.783813] Callback from call_rcu_tasks() invoked.
[    0.848202] VFS: Disk quotas dquot_6.6.0
[    0.848875] VFS: Dquot-cache hash table entries: 512 (order 0, 4096 bytes)
[    0.850638] pnp: PnP ACPI init
[    0.853462] pnp: PnP ACPI: found 6 devices
[    0.866511] clocksource: acpi_pm: mask: 0xffffff max_cycles: 0xffffff, max_idle_ns: 2085701024 ns
[    0.868170] NET: Registered PF_INET protocol family
[    0.869215] IP idents hash table entries: 32768 (order: 6, 262144 bytes, linear)
[    0.894951] tcp_listen_portaddr_hash hash table entries: 1024 (order: 4, 81920 bytes, linear)
[    0.896294] TCP established hash table entries: 16384 (order: 5, 131072 bytes, linear)
[    0.897707] TCP bind hash table entries: 16384 (order: 8, 1179648 bytes, linear)
[    0.900390] TCP: Hash tables configured (established 16384 bind 16384)
[    0.901633] UDP hash table entries: 1024 (order: 5, 163840 bytes, linear)
[    0.902770] UDP-Lite hash table entries: 1024 (order: 5, 163840 bytes, linear)
[    0.904579] NET: Registered PF_UNIX/PF_LOCAL protocol family
[    0.906588] RPC: Registered named UNIX socket transport module.
[    0.907438] RPC: Registered udp transport module.
[    0.908122] RPC: Registered tcp transport module.
[    0.908766] RPC: Registered tcp NFSv4.1 backchannel transport module.
[    0.909694] pci_bus 0000:00: resource 4 [io  0x0000-0x0cf7 window]
[    0.910537] pci_bus 0000:00: resource 5 [io  0x0d00-0xffff window]
[    0.911368] pci_bus 0000:00: resource 6 [mem 0x000a0000-0x000bffff window]
[    0.912330] pci_bus 0000:00: resource 7 [mem 0x80000000-0xfebfffff window]
[    0.913275] pci_bus 0000:00: resource 8 [mem 0x100000000-0x17fffffff window]
[    0.914582] pci 0000:00:01.0: PIIX3: Enabling Passive Release
[    0.915402] pci 0000:00:00.0: Limiting direct PCI/PCI transfers
[    0.916334] pci 0000:00:01.0: Activating ISA DMA hang workarounds
[    0.917309] pci 0000:00:02.0: Video device with shadowed ROM at [mem 0x000c0000-0x000dffff]
[    0.918490] PCI: CLS 0 bytes, default 64
[    0.919672] ACPI: bus type thunderbolt registered
[    0.920790] clocksource: tsc: mask: 0xffffffffffffffff max_cycles: 0x1a03dfe73b3, max_idle_ns: 440795256845 ns
[    3.625472] Initialise system trusted keyrings
[    3.626224] Key type blacklist registered
[    3.627059] workingset: timestamp_bits=36 max_order=19 bucket_order=0
[    3.638930] zbud: loaded
[    3.641408] squashfs: version 4.0 (2009/01/31) Phillip Lougher
[    3.644498] NFS: Registering the id_resolver key type
[    3.645254] Key type id_resolver registered
[    3.645825] Key type id_legacy registered
[    3.646514] nfs4filelayout_init: NFSv4 File Layout Driver Registering...
[    3.647469] nfs4flexfilelayout_init: NFSv4 Flexfile Layout Driver Registering...
[    3.648732] fuse: init (API version 7.34)
[    3.649744] SGI XFS with ACLs, security attributes, realtime, quota, no debug enabled
[    3.652695] 9p: Installing v9fs 9p2000 file system support
[    3.662888] Key type asymmetric registered
[    3.663514] Asymmetric key parser 'x509' registered
[    3.664242] Block layer SCSI generic (bsg) driver version 0.4 loaded (major 244)
[    3.665587] io scheduler mq-deadline registered
[    3.666411] io scheduler bfq registered
[    3.667644] shpchp: Standard Hot Plug PCI Controller Driver version: 0.4
[    3.669127] IPMI message handler: version 39.2
[    3.669831] ipmi device interface
[    3.672116] input: Power Button as /devices/LNXSYSTM:00/LNXPWRBN:00/input/input0
[    3.673499] ACPI: button: Power Button [PWRF]
[    3.675455] ERST DBG: ERST support is disabled.
[    3.676824] Serial: 8250/16550 driver, 32 ports, IRQ sharing enabled
[    3.678456] 00:04: ttyS0 at I/O 0x3f8 (irq = 4, base_baud = 115200) is a 16550A
[    3.691049] Linux agpgart interface v0.103
[    3.709242] brd: module loaded
[    3.723983] loop: module loaded
[    3.730459] scsi host0: ata_piix
[    3.732534] scsi host1: ata_piix
[    3.733242] ata1: PATA max MWDMA2 cmd 0x1f0 ctl 0x3f6 bmdma 0xc040 irq 14
[    3.734144] ata2: PATA max MWDMA2 cmd 0x170 ctl 0x376 bmdma 0xc048 irq 15
[    3.736396] libphy: Fixed MDIO Bus: probed
[    3.737326] tun: Universal TUN/TAP device driver, 1.6
[    3.738327] e100: Intel(R) PRO/100 Network Driver
[    3.738952] e100: Copyright(c) 1999-2006 Intel Corporation
[    3.739758] e1000: Intel(R) PRO/1000 Network Driver
[    3.740402] e1000: Copyright (c) 1999-2006 Intel Corporation.
[    3.896660] ata1.00: ATA-7: QEMU HARDDISK, 2.5+, max UDMA/100
[    3.897478] ata1.00: 16777216 sectors, multi 16: LBA48 
[    3.899492] scsi 0:0:0:0: Direct-Access     ATA      QEMU HARDDISK    2.5+ PQ: 0 ANSI: 5
[    3.901655] scsi 0:0:0:0: Attached scsi generic sg0 type 0
[    3.904086] ata2.00: ATAPI: QEMU DVD-ROM, 2.5+, max UDMA/100
[    3.905194] sd 0:0:0:0: [sda] 16777216 512-byte logical blocks: (8.59 GB/8.00 GiB)
[    3.906699] sd 0:0:0:0: [sda] Write Protect is off
[    3.908206] sd 0:0:0:0: [sda] Write cache: enabled, read cache: enabled, doesn't support DPO or FUA
[    3.909483] scsi 1:0:0:0: CD-ROM            QEMU     QEMU DVD-ROM     2.5+ PQ: 0 ANSI: 5
[    3.912002] scsi 1:0:0:0: Attached scsi generic sg1 type 5
[    3.944716] ACPI: \_SB_.LNKC: Enabled at IRQ 11
[    3.959926] sd 0:0:0:0: [sda] Attached SCSI disk
[    4.288794] e1000 0000:00:03.0 eth0: (PCI:33MHz:32-bit) 52:54:00:12:34:56
[    4.289736] e1000 0000:00:03.0 eth0: Intel(R) PRO/1000 Network Connection
[    4.290746] e1000e: Intel(R) PRO/1000 Network Driver
[    4.291393] e1000e: Copyright(c) 1999 - 2015 Intel Corporation.
[    4.292256] igb: Intel(R) Gigabit Ethernet Network Driver
[    4.292963] igb: Copyright (c) 2007-2014 Intel Corporation.
[    4.293822] PPP generic driver version 2.4.2
[    4.295093] VFIO - User Level meta-driver version: 0.3
[    4.295940] ehci_hcd: USB 2.0 'Enhanced' Host Controller (EHCI) Driver
[    4.296759] ehci-pci: EHCI PCI platform driver
[    4.297367] ehci-platform: EHCI generic platform driver
[    4.298038] ohci_hcd: USB 1.1 'Open' Host Controller (OHCI) Driver
[    4.298805] ohci-pci: OHCI PCI platform driver
[    4.299416] ohci-platform: OHCI generic platform driver
[    4.300111] uhci_hcd: USB Universal Host Controller Interface driver
[    4.301387] usbcore: registered new interface driver uas
[    4.302117] usbcore: registered new interface driver usb-storage
[    4.302998] i8042: PNP: PS/2 Controller [PNP0303:KBD,PNP0f13:MOU] at 0x60,0x64 irq 1,12
[    4.304957] serio: i8042 KBD port at 0x60,0x64 irq 1
[    4.305637] serio: i8042 AUX port at 0x60,0x64 irq 12
[    4.307242] mousedev: PS/2 mouse device common for all mice
[    4.309367] input: AT Translated Set 2 keyboard as /devices/platform/i8042/serio0/input/input1
[    4.310809] rtc_cmos 00:05: RTC can wake from S4
[    4.312710] input: VirtualPS/2 VMware VMMouse as /devices/platform/i8042/serio1/input/input4
[    4.313325] rtc_cmos 00:05: registered as rtc0
[    4.314683] rtc_cmos 00:05: setting system clock to 2023-03-16T00:04:36 UTC (1678925076)
[    4.314773] input: VirtualPS/2 VMware VMMouse as /devices/platform/i8042/serio1/input/input3
[    4.317125] rtc_cmos 00:05: alarms up to one day, y3k, 242 bytes nvram, hpet irqs
[    4.318154] i2c /dev entries driver
[    4.318801] device-mapper: uevent: version 1.0.3
[    4.319706] device-mapper: ioctl: 4.45.0-ioctl (2021-03-22) initialised: dm-devel@redhat.com
[    4.320731] intel_pstate: CPU model not supported
[    4.321442] sdhci: Secure Digital Host Controller Interface driver
[    4.322191] sdhci: Copyright(c) Pierre Ossman
[    4.322809] sdhci-pltfm: SDHCI platform and OF driver helper
[    4.323621] ledtrig-cpu: registered to indicate activity on CPUs
[    4.324664] drop_monitor: Initializing network drop monitor service
[    4.326015] NET: Registered PF_INET6 protocol family
[    4.330695] Segment Routing with IPv6
[    4.331285] NET: Registered PF_PACKET protocol family
[    4.332293] 9pnet: Installing 9P2000 support
[    4.332977] Key type dns_resolver registered
[    4.334511] IPI shorthand broadcast: enabled
[    4.335140] sched_clock: Marking stable (4306396572, 27842404)->(4352992272, -18753296)
[    4.337000] registered taskstats version 1
[    4.337772] Loading compiled-in X.509 certificates
[    4.338597] zswap: loaded using pool lzo/zbud
[    4.340022] Key type ._fscrypt registered
[    4.340582] Key type .fscrypt registered
[    4.341108] Key type fscrypt-provisioning registered
[    4.343450] Key type encrypted registered
[    4.344187] ima: No TPM chip found, activating TPM-bypass!
[    4.344919] ima: Allocated hash algorithm: sha1
[    4.345565] ima: No architecture policies found
[    4.346250] evm: Initialising EVM extended attributes:
[    4.346897] evm: security.selinux
[    4.347331] evm: security.SMACK64
[    4.347808] evm: security.SMACK64EXEC
[    4.348285] evm: security.SMACK64TRANSMUTE
[    4.348811] evm: security.SMACK64MMAP
[    4.349278] evm: security.apparmor
[    4.349708] evm: security.ima
[    4.350086] evm: security.capability
[    4.350540] evm: HMAC attrs: 0x1
[    4.352487] PM:   Magic number: 15:691:51
[    4.353642] RAS: Correctable Errors collector initialized.
[    4.355823] md: Waiting for all devices to be available before autodetect
[    4.356664] md: If you don't use raid, use raid=noautodetect
[    4.357379] md: Autodetecting RAID arrays.
[    4.357904] md: autorun ...
[    4.358259] md: ... autorun DONE.
[    4.366292] EXT4-fs (sda): mounted filesystem with ordered data mode. Opts: (null). Quota mode: none.
[    4.367792] VFS: Mounted root (ext4 filesystem) readonly on device 8:0.
[    4.370819] devtmpfs: mounted
[    4.376968] Freeing unused decrypted memory: 2036K
[    4.380149] Freeing unused kernel image (initmem) memory: 3240K
[    4.391795] Write protecting the kernel read-only data: 40960k
[    4.396524] Freeing unused kernel image (text/rodata gap) memory: 2028K
[    4.398288] Freeing unused kernel image (rodata/data gap) memory: 592K
[    4.511435] x86/mm: Checked W+X mappings: passed, no W+X pages found.
[    4.512395] Run /sbin/init as init process
[    4.612337] random: fast init done
[    4.641739] systemd[1]: RTC configured in localtime, applying delta of 0 minutes to system time.
[    4.684212] systemd[1]: systemd 239 (239-49.el8) running in system mode. (+PAM +AUDIT +SELINUX +IMA -APPARMOR +SMACK +SYSVINIT +UTMP +LIBCRYPTSETUP +GCRYPT +GNUTLS +ACL +XZ +LZ4 +SECCOMP +BLKID +ELFUTILS +KMOD +IDN2 -IDN +PCRE2 default-hierarchy=legacy)
[    4.687437] systemd[1]: Detected virtualization kvm.
[    4.688187] systemd[1]: Detected architecture x86-64.

Welcome to [0;31mCentOS Stream 8[0m!

[    4.727205] systemd[1]: Set hostname to <test>.
[    4.924016] random: lvmconfig: uninitialized urandom read (4 bytes read)
[    5.093125] random: systemd: uninitialized urandom read (16 bytes read)
[    5.095205] systemd[1]: Listening on RPCbind Server Activation Socket.
[[0;32m  OK  [0m] Listening on RPCbind Server Activation Socket.
[    5.097561] random: systemd: uninitialized urandom read (16 bytes read)
[    5.098528] systemd[1]: Reached target Swap.
[[0;32m  OK  [0m] Reached target Swap.
[    5.100276] systemd[1]: Listening on Journal Socket (/dev/log).
[[0;32m  OK  [0m] Listening on Journal Socket (/dev/log).
[    5.106200] systemd[1]: Created slice system-getty.slice.
[[0;32m  OK  [0m] Created slice system-getty.slice.
[    5.109259] systemd[1]: Set up automount Arbitrary Executable File Formats File System Automount Point.
[[0;32m  OK  [0m] Set up automount Arbitrary Executabâ€¦rmats File System Automount Point.
[    5.112213] systemd[1]: Listening on initctl Compatibility Named Pipe.
[[0;32m  OK  [0m] Listening on initctl Compatibility Named Pipe.
[[0;32m  OK  [0m] Listening on udev Control Socket.
[[0;32m  OK  [0m] Listening on multipathd control socket.
[[0;32m  OK  [0m] Reached target RPC Port Mapper.
[[0;32m  OK  [0m] Listening on Device-mapper event daemon FIFOs.
[[0;32m  OK  [0m] Created slice system-sshd\x2dkeygen.slice.
[[0;32m  OK  [0m] Created slice User and Session Slice.
[[0;32m  OK  [0m] Reached target Slices.
[[0;32m  OK  [0m] Listening on Process Core Dump Socket.
[[0;32m  OK  [0m] Listening on Journal Socket.
         Starting Journal Service...
         Starting Setup Virtual Console...
         Starting Remount Root and Kernel File Systems...
         Starting Load Kernel Modules...
         Starting Monitoring of LVM2 mirrorsâ€¦ng dmeventd or progress polling...
         Mounting POSIX Message Queue File System...
[[0;32m  OK  [0m] Started Forward Password Requests to Wall Directory Watch.
         Mounting Kernel Debug File System...
[[0;32m  OK  [0m] Listening on LVM2 poll daemon socket.
         Mounting Huge Pages File System...
[[0;32m  OK  [0m] Created slice system-serial\x2dgetty.slice.
[[0;32m  OK  [0m] Listening on udev Kernel Socket.
         Starting udev Coldplug all Devices...
[    5.478938] EXT4-fs (sda): re-mounted. Opts: (null). Quota mode: none.
[[0;32m  OK  [0m] Started Journal Service.
[[0;32m  OK  [0m] Started Remount Root and Kernel File Systems.
[[0;1;31mFAILED[0m] Failed to start Load Kernel Modules.
See 'systemctl status systemd-modules-load.service' for details.
[[0;32m  OK  [0m] Mounted POSIX Message Queue File System.
[[0;32m  OK  [0m] Mounted Kernel Debug File System.
[[0;32m  OK  [0m] Mounted Huge Pages File System.
         Mounting FUSE Control File System...
         Mounting Kernel Configuration File System...
         Starting Apply Kernel Variables...
         Starting Load/Save Random Seed...
         Starting Create Static Device Nodes in /dev...
         Starting Flush Journal to Persistent Storage...
[[0;32m  OK  [0m] Started Setup Virtual Console.
[[0;32m  OK  [0m] Mounted FUSE Control File System.
[[0;32m  OK  [0m] Mounted Kernel Configuration File System.
[[0;32m  OK  [0m] Started Load/Save Random Seed.
[[0;32m  OK  [0m] Started Apply Kernel Variables.
[[0;32m  OK  [0m] Started Create Static Device Nodes in /dev.
         Starting udev Kernel Device Manager...
[[0;32m  OK  [0m] Started Flush Journal to Persistent Storage.
[[0;32m  OK  [0m] Started udev Kernel Device Manager.
[[0;32m  OK  [0m] Started udev Coldplug all Devices.
         Starting Show Plymouth Boot Screen...
         Starting udev Wait for Complete Device Initialization...
[[0;32m  OK  [0m] Started Show Plymouth Boot Screen.
[[0;32m  OK  [0m] Reached target Paths.
[[0;32m  OK  [0m] Reached target Local Encrypted Volumes.
[[0;32m  OK  [0m] Started Forward Password Requests to Plymouth Directory Watch.
[[0;32m  OK  [0m] Found device /dev/ttyS0.
[[0;32m  OK  [0m] Started Monitoring of LVM2 mirrors,â€¦sing dmeventd or progress polling.
[[0;32m  OK  [0m] Listening on Load/Save RF Kill Switch Status /dev/rfkill Watch.
[[0;32m  OK  [0m] Started udev Wait for Complete Device Initialization.
[[0;32m  OK  [0m] Reached target Local File Systems (Pre).
[[0;32m  OK  [0m] Reached target Local File Systems.
         Starting Restore /run/initramfs on shutdown...
         Starting Tell Plymouth To Write Out Runtime Data...
         Starting Create Volatile Files and Directories...
[[0;32m  OK  [0m] Started Restore /run/initramfs on shutdown.
[[0;32m  OK  [0m] Started Tell Plymouth To Write Out Runtime Data.
[[0;32m  OK  [0m] Started Create Volatile Files and Directories.
         Starting RPC Bind...
         Mounting RPC Pipe File System...
         Starting Security Auditing Service...
[[0;32m  OK  [0m] Mounted RPC Pipe File System.
[[0;32m  OK  [0m] Reached target rpc_pipefs.target.
[[0;32m  OK  [0m] Started RPC Bind.
[[0;32m  OK  [0m] Started Security Auditing Service.
         Starting Update UTMP about System Boot/Shutdown...
[[0;32m  OK  [0m] Started Update UTMP about System Boot/Shutdown.
[[0;32m  OK  [0m] Reached target System Initialization.
[[0;32m  OK  [0m] Started dnf makecache --timer.
[[0;32m  OK  [0m] Listening on SSSD Kerberos Cache Manager responder socket.
[[0;32m  OK  [0m] Listening on D-Bus System Message Bus Socket.
[[0;32m  OK  [0m] Reached target Sockets.
[[0;32m  OK  [0m] Reached target Basic System.
[[0;32m  OK  [0m] Started Machine Check Exception Logging Daemon.
         Starting Self Monitoring and Reporting Technology (SMART) Daemon...
         Starting NTP client/server...
         Starting Login Service...
         Starting Auto-connect to subsystemsâ€¦-NVME devices found during boot...
         Starting Authorization Manager...
[[0;32m  OK  [0m] Started Daily Cleanup of Temporary Directories.
[[0;32m  OK  [0m] Started D-Bus System Message Bus.
         Starting Network Manager...
[[0;32m  OK  [0m] Started daily update of the root trust anchor for DNSSEC.
[[0;32m  OK  [0m] Reached target Timers.
[[0;32m  OK  [0m] Started irqbalance daemon.
[[0;32m  OK  [0m] Reached target sshd-keygen.target.
[[0;32m  OK  [0m] Started Auto-connect to subsystems â€¦FC-NVME devices found during boot.
         Starting update of the root trust aâ€¦or DNSSEC validation in unbound...
[[0;32m  OK  [0m] Started Self Monitoring and Reporting Technology (SMART) Daemon.
[[0;32m  OK  [0m] Started Login Service.
[[0;32m  OK  [0m] Started Network Manager.
         Starting Network Manager Wait Online...
[[0;32m  OK  [0m] Reached target Network.
         Starting GSSAPI Proxy Daemon...
         Starting OpenSSH server daemon...
         Starting Dynamic System Tuning Daemon...
[[0;32m  OK  [0m] Started NTP client/server.
         Starting Hostname Service...
[[0;32m  OK  [0m] Started Authorization Manager.
[[0;32m  OK  [0m] Started Hostname Service.
         Starting Network Manager Script Dispatcher Service...
[    8.336011] e1000: eth0 NIC Link is Up 1000 Mbps Full Duplex, Flow Control: RX
[    8.337877] IPv6: ADDRCONF(NETDEV_CHANGE): eth0: link becomes ready
[[0;32m  OK  [0m] Started Network Manager Script Dispatcher Service.
[[0;32m  OK  [0m] Started Dynamic System Tuning Daemon.
[    9.039978] random: crng init done
[    9.040531] random: 7 urandom warning(s) missed due to ratelimiting
[[0;32m  OK  [0m] Started OpenSSH server daemon.
[[0;32m  OK  [0m] Started GSSAPI Proxy Daemon.
[[0;32m  OK  [0m] Reached target NFS client services.
[[0;32m  OK  [0m] Reached target Remote File Systems (Pre).
[[0;32m  OK  [0m] Reached target Remote File Systems.
         Starting Permit User Sessions...
[[0;32m  OK  [0m] Started update of the root trust anâ€¦ for DNSSEC validation in unbound.
[[0;32m  OK  [0m] Started Permit User Sessions.
         Starting Hold until boot process finishes up...
[[0;32m  OK  [0m] Started Command Scheduler.
         Starting Terminate Plymouth Boot Screen...

CentOS Stream 8
Kernel 5.14.0-rc3-35482f9dc56b+ on an x86_64

test login: 