c[?7l[2J[0mSeaBIOS (version rel-1.16.0-0-gd239552ce722-prebuilt.qemu.org)


iPXE (http://ipxe.org) 00:03.0 CA00 PCI2.10 PnP PMM+7FF91000+7FEF1000 CA00
Press Ctrl-B to configure iPXE (PCI 00:03.0)...                                                                               


Booting from ROM..c[?7l[2J[    0.000000] Linux version 5.15.0-5a47ebe98e6e+ (root@p-adln01) (gcc (GCC) 8.5.0 20210514 (Red Hat 8.5.0-18), GNU ld version 2.36.1-2.el8) #1 SMP Fri Mar 10 08:07:13 CST 2023
[    0.000000] Command line: console=ttyS0 root=/dev/sda earlyprintk=serial net.ifnames=0
[    0.000000] KERNEL supported cpus:
[    0.000000]   Intel GenuineIntel
[    0.000000]   AMD AuthenticAMD
[    0.000000]   Hygon HygonGenuine
[    0.000000]   Centaur CentaurHauls
[    0.000000]   zhaoxin   Shanghai  
[    0.000000] x86/fpu: Supporting XSAVE feature 0x001: 'x87 floating point registers'
[    0.000000] x86/fpu: Supporting XSAVE feature 0x002: 'SSE registers'
[    0.000000] x86/fpu: Supporting XSAVE feature 0x004: 'AVX registers'
[    0.000000] x86/fpu: Supporting XSAVE feature 0x200: 'Protection Keys User registers'
[    0.000000] x86/fpu: xstate_offset[2]:  576, xstate_sizes[2]:  256
[    0.000000] x86/fpu: xstate_offset[9]:  832, xstate_sizes[9]:    8
[    0.000000] x86/fpu: Enabled xstate features 0x207, context size is 840 bytes, using 'compacted' format.
[    0.000000] signal: max sigframe size: 3632
[    0.000000] BIOS-provided physical RAM map:
[    0.000000] BIOS-e820: [mem 0x0000000000000000-0x000000000009fbff] usable
[    0.000000] BIOS-e820: [mem 0x000000000009fc00-0x000000000009ffff] reserved
[    0.000000] BIOS-e820: [mem 0x00000000000f0000-0x00000000000fffff] reserved
[    0.000000] BIOS-e820: [mem 0x0000000000100000-0x000000007ffdffff] usable
[    0.000000] BIOS-e820: [mem 0x000000007ffe0000-0x000000007fffffff] reserved
[    0.000000] BIOS-e820: [mem 0x00000000feffc000-0x00000000feffffff] reserved
[    0.000000] BIOS-e820: [mem 0x00000000fffc0000-0x00000000ffffffff] reserved
[    0.000000] printk: bootconsole [earlyser0] enabled
[    0.000000] NX (Execute Disable) protection: active
[    0.000000] SMBIOS 2.8 present.
[    0.000000] DMI: QEMU Standard PC (i440FX + PIIX, 1996), BIOS rel-1.16.0-0-gd239552ce722-prebuilt.qemu.org 04/01/2014
[    0.000000] Hypervisor detected: KVM
[    0.000000] kvm-clock: Using msrs 4b564d01 and 4b564d00
[    0.000000] kvm-clock: cpu 0, msr 5401001, primary cpu clock
[    0.000004] kvm-clock: using sched offset of 368947163 cycles
[    0.000785] clocksource: kvm-clock: mask: 0xffffffffffffffff max_cycles: 0x1cd42e4dffb, max_idle_ns: 881590591483 ns
[    0.002929] tsc: Detected 1804.800 MHz processor
[    0.010915] last_pfn = 0x7ffe0 max_arch_pfn = 0x400000000
[    0.011762] x86/PAT: Configuration [0-7]: WB  WC  UC- UC  WB  WP  UC- WT  
[    0.019994] found SMP MP-table at [mem 0x000f5ba0-0x000f5baf]
[    0.020941] Using GB pages for direct mapping
[    0.022713] ACPI: Early table checksum verification disabled
[    0.023500] ACPI: RSDP 0x00000000000F59C0 000014 (v00 BOCHS )
[    0.024302] ACPI: RSDT 0x000000007FFE1951 000034 (v01 BOCHS  BXPC     00000001 BXPC 00000001)
[    0.025463] ACPI: FACP 0x000000007FFE17FD 000074 (v01 BOCHS  BXPC     00000001 BXPC 00000001)
[    0.026659] ACPI: DSDT 0x000000007FFE0040 0017BD (v01 BOCHS  BXPC     00000001 BXPC 00000001)
[    0.027863] ACPI: FACS 0x000000007FFE0000 000040
[    0.028581] ACPI: APIC 0x000000007FFE1871 000080 (v01 BOCHS  BXPC     00000001 BXPC 00000001)
[    0.029760] ACPI: HPET 0x000000007FFE18F1 000038 (v01 BOCHS  BXPC     00000001 BXPC 00000001)
[    0.030966] ACPI: WAET 0x000000007FFE1929 000028 (v01 BOCHS  BXPC     00000001 BXPC 00000001)
[    0.032151] ACPI: Reserving FACP table memory at [mem 0x7ffe17fd-0x7ffe1870]
[    0.033109] ACPI: Reserving DSDT table memory at [mem 0x7ffe0040-0x7ffe17fc]
[    0.034060] ACPI: Reserving FACS table memory at [mem 0x7ffe0000-0x7ffe003f]
[    0.035007] ACPI: Reserving APIC table memory at [mem 0x7ffe1871-0x7ffe18f0]
[    0.035965] ACPI: Reserving HPET table memory at [mem 0x7ffe18f1-0x7ffe1928]
[    0.037008] ACPI: Reserving WAET table memory at [mem 0x7ffe1929-0x7ffe1950]
[    0.039186] No NUMA configuration found
[    0.039751] Faking a node at [mem 0x0000000000000000-0x000000007ffdffff]
[    0.040809] NODE_DATA(0) allocated [mem 0x7ffb5000-0x7ffdffff]
[    0.045634] Zone ranges:
[    0.046013]   DMA      [mem 0x0000000000001000-0x0000000000ffffff]
[    0.046881]   DMA32    [mem 0x0000000001000000-0x000000007ffdffff]
[    0.047745]   Normal   empty
[    0.048172]   Device   empty
[    0.048575] Movable zone start for each node
[    0.049168] Early memory node ranges
[    0.049666]   node   0: [mem 0x0000000000001000-0x000000000009efff]
[    0.050535]   node   0: [mem 0x0000000000100000-0x000000007ffdffff]
[    0.051412] Initmem setup node 0 [mem 0x0000000000001000-0x000000007ffdffff]
[    0.063550] On node 0, zone DMA: 1 pages in unavailable ranges
[    0.063809] On node 0, zone DMA: 97 pages in unavailable ranges
[    0.096425] On node 0, zone DMA32: 32 pages in unavailable ranges
[    0.097573] ACPI: PM-Timer IO Port: 0x608
[    0.098847] ACPI: LAPIC_NMI (acpi_id[0xff] dfl dfl lint[0x1])
[    0.099614] IOAPIC[0]: apic_id 0, version 17, address 0xfec00000, GSI 0-23
[    0.100519] ACPI: INT_SRC_OVR (bus 0 bus_irq 0 global_irq 2 dfl dfl)
[    0.101301] ACPI: INT_SRC_OVR (bus 0 bus_irq 5 global_irq 5 high level)
[    0.102115] ACPI: INT_SRC_OVR (bus 0 bus_irq 9 global_irq 9 high level)
[    0.102939] ACPI: INT_SRC_OVR (bus 0 bus_irq 10 global_irq 10 high level)
[    0.103785] ACPI: INT_SRC_OVR (bus 0 bus_irq 11 global_irq 11 high level)
[    0.104662] ACPI: Using ACPI (MADT) for SMP configuration information
[    0.105452] ACPI: HPET id: 0x8086a201 base: 0xfed00000
[    0.106099] TSC deadline timer available
[    0.106585] smpboot: Allowing 2 CPUs, 0 hotplug CPUs
[    0.107234] kvm-guest: KVM setup pv remote TLB flush
[    0.107853] kvm-guest: setup PV sched yield
[    0.108435] PM: hibernation: Registered nosave memory: [mem 0x00000000-0x00000fff]
[    0.109445] PM: hibernation: Registered nosave memory: [mem 0x0009f000-0x0009ffff]
[    0.110428] PM: hibernation: Registered nosave memory: [mem 0x000a0000-0x000effff]
[    0.111359] PM: hibernation: Registered nosave memory: [mem 0x000f0000-0x000fffff]
[    0.112321] [mem 0x80000000-0xfeffbfff] available for PCI devices
[    0.113082] Booting paravirtualized kernel on KVM
[    0.113675] clocksource: refined-jiffies: mask: 0xffffffff max_cycles: 0xffffffff, max_idle_ns: 7645519600211568 ns
[    0.114991] setup_percpu: NR_CPUS:8192 nr_cpumask_bits:2 nr_cpu_ids:2 nr_node_ids:1
[    0.118073] percpu: Embedded 55 pages/cpu s188416 r8192 d28672 u1048576
[    0.119095] kvm-guest: setup async PF for cpu 0
[    0.119662] kvm-guest: stealtime: cpu 0, msr 7dc2d080
[    0.120329] kvm-guest: PV spinlocks enabled
[    0.120860] PV qspinlock hash table entries: 256 (order: 0, 4096 bytes, linear)
[    0.121802] Built 1 zonelists, mobility grouping on.  Total pages: 515808
[    0.122648] Policy zone: DMA32
[    0.123032] Kernel command line: net.ifnames=0 console=ttyS0 root=/dev/sda earlyprintk=serial net.ifnames=0
[    0.181456] Dentry cache hash table entries: 262144 (order: 9, 2097152 bytes, linear)
[    0.182650] Inode-cache hash table entries: 131072 (order: 8, 1048576 bytes, linear)
[    0.183816] mem auto-init: stack:off, heap alloc:off, heap free:off
[    0.191571] Memory: 1987504K/2096632K available (30737K kernel code, 5251K rwdata, 7684K rodata, 3232K init, 22016K bss, 108872K reserved, 0K cma-reserved)
[    0.193542] random: get_random_u64 called from __kmem_cache_create+0x2f/0x4d0 with crng_init=0
[    0.194153] SLUB: HWalign=64, Order=0-3, MinObjects=0, CPUs=2, Nodes=1
[    0.196285] kmemleak: Kernel memory leak detector disabled
[    0.197062] ftrace: allocating 64801 entries in 254 pages
[    0.283316] ftrace: allocated 254 pages with 7 groups
[    0.284274] Running RCU self tests
[    0.284742] rcu: Hierarchical RCU implementation.
[    0.285374] rcu: 	RCU lockdep checking is enabled.
[    0.286022] rcu: 	RCU restricting CPUs from NR_CPUS=8192 to nr_cpu_ids=2.
[    0.286933] 	Trampoline variant of Tasks RCU enabled.
[    0.287610] 	Rude variant of Tasks RCU enabled.
[    0.288232] 	Tracing variant of Tasks RCU enabled.
[    0.288875] rcu: RCU calculated value of scheduler-enlistment delay is 25 jiffies.
[    0.289888] rcu: Adjusting geometry for rcu_fanout_leaf=16, nr_cpu_ids=2
[    0.314279] NR_IRQS: 524544, nr_irqs: 440, preallocated irqs: 16
[    0.328478] Console: colour VGA+ 80x25
[    0.329065] printk: console [ttyS0] enabled
[    0.329065] printk: console [ttyS0] enabled
[    0.330216] printk: bootconsole [earlyser0] disabled
[    0.330216] printk: bootconsole [earlyser0] disabled
[    0.331584] Lock dependency validator: Copyright (c) 2006 Red Hat, Inc., Ingo Molnar
[    0.332660] ... MAX_LOCKDEP_SUBCLASSES:  8
[    0.333234] ... MAX_LOCK_DEPTH:          48
[    0.333826] ... MAX_LOCKDEP_KEYS:        8192
[    0.334439] ... CLASSHASH_SIZE:          4096
[    0.335052] ... MAX_LOCKDEP_ENTRIES:     32768
[    0.335683] ... MAX_LOCKDEP_CHAINS:      65536
[    0.336331] ... CHAINHASH_SIZE:          32768
[    0.336953]  memory used by lock dependency info: 6365 kB
[    0.337710]  memory used for stack traces: 4224 kB
[    0.338390]  per task-struct memory footprint: 1920 bytes
[    0.339236] ACPI: Core revision 20210730
[    0.340096] clocksource: hpet: mask: 0xffffffff max_cycles: 0xffffffff, max_idle_ns: 19112604467 ns
[    0.341535] APIC: Switch to symmetric I/O mode setup
[    0.342505] x2apic enabled
[    0.343185] Switched APIC routing to physical x2apic.
[    0.343932] kvm-guest: setup PV IPIs
[    0.345846] ..TIMER: vector=0x30 apic1=0 pin1=2 apic2=-1 pin2=-1
[    0.346779] clocksource: tsc-early: mask: 0xffffffffffffffff max_cycles: 0x1a03dfe73b3, max_idle_ns: 440795256845 ns
[    0.348366] Calibrating delay loop (skipped) preset value.. 3609.60 BogoMIPS (lpj=7219200)
[    0.352359] pid_max: default: 32768 minimum: 301
[    0.353126] LSM: Security Framework initializing
[    0.353792] Yama: becoming mindful.
[    0.354404] Mount-cache hash table entries: 4096 (order: 3, 32768 bytes, linear)
[    0.355473] Mountpoint-cache hash table entries: 4096 (order: 3, 32768 bytes, linear)
[    0.358320] x86/cpu: User Mode Instruction Prevention (UMIP) activated
[    0.359553] Last level iTLB entries: 4KB 0, 2MB 0, 4MB 0
[    0.360364] Last level dTLB entries: 4KB 0, 2MB 0, 4MB 0, 1GB 0
[    0.361247] Spectre V1 : Mitigation: usercopy/swapgs barriers and __user pointer sanitization
[    0.362514] Spectre V2 : Mitigation: Enhanced IBRS
[    0.363207] Spectre V2 : Spectre v2 / SpectreRSB mitigation: Filling RSB on context switch
[    0.364360] Spectre V2 : mitigation: Enabling conditional Indirect Branch Prediction Barrier
[    0.365558] Speculative Store Bypass: Mitigation: Speculative Store Bypass disabled via prctl and seccomp
[    0.397069] Freeing SMP alternatives memory: 56K
[    0.398039] smpboot: CPU0: Intel(R) Core(TM) i3-N305 (family: 0x6, model: 0xbe, stepping: 0x0)
[    0.399813] Running RCU-tasks wait API self tests
[    0.500510] Performance Events: generic architected perfmon, full-width counters, Intel PMU driver.
[    0.501764] ... version:                2
[    0.502286] ... bit width:              48
[    0.502817] ... generic registers:      6
[    0.503337] ... value mask:             0000ffffffffffff
[    0.504020] ... max period:             00007fffffffffff
[    0.504361] ... fixed-purpose events:   3
[    0.504894] ... event mask:             000000070000003f
[    0.506019] rcu: Hierarchical SRCU implementation.
[    0.509016] Callback from call_rcu_tasks_trace() invoked.
[    0.510419] smp: Bringing up secondary CPUs ...
[    0.511603] x86: Booting SMP configuration:
[    0.512202] .... node  #0, CPUs:      #1
[    0.032973] kvm-clock: cpu 1, msr 5401041, secondary cpu clock
[    0.513324] kvm-guest: setup async PF for cpu 1
[    0.513851] kvm-guest: stealtime: cpu 1, msr 7dd2d080
[    0.514625] smp: Brought up 1 node, 2 CPUs
[    0.516372] smpboot: Max logical packages: 1
[    0.516947] smpboot: Total of 2 processors activated (7219.20 BogoMIPS)
[    0.522617] devtmpfs: initialized
[    0.522617] x86/mm: Memory block size: 128MB
[    0.525205] clocksource: jiffies: mask: 0xffffffff max_cycles: 0xffffffff, max_idle_ns: 7645041785100000 ns
[    0.528377] futex hash table entries: 512 (order: 4, 65536 bytes, linear)
[    0.529586] pinctrl core: initialized pinctrl subsystem
[    0.530969] 
[    0.531197] *************************************************************
[    0.532122] **     NOTICE NOTICE NOTICE NOTICE NOTICE NOTICE NOTICE    **
[    0.532364] **                                                         **
[    0.533279] **  IOMMU DebugFS SUPPORT HAS BEEN ENABLED IN THIS KERNEL  **
[    0.534200] **                                                         **
[    0.535139] ** This means that this kernel is built to expose internal **
[    0.536083] ** IOMMU data structures, which may compromise security on **
[    0.536360] ** your system.                                            **
[    0.537283] **                                                         **
[    0.538215] ** If you see this message and you are not debugging the   **
[    0.539134] ** kernel, report this immediately to your vendor!         **
[    0.540051] **                                                         **
[    0.540360] **     NOTICE NOTICE NOTICE NOTICE NOTICE NOTICE NOTICE    **
[    0.541279] *************************************************************
[    0.542311] PM: RTC time: 06:56:58, date: 2023-03-16
[    0.544558] NET: Registered PF_NETLINK/PF_ROUTE protocol family
[    0.546051] DMA: preallocated 256 KiB GFP_KERNEL pool for atomic allocations
[    0.547050] DMA: preallocated 256 KiB GFP_KERNEL|GFP_DMA pool for atomic allocations
[    0.548114] DMA: preallocated 256 KiB GFP_KERNEL|GFP_DMA32 pool for atomic allocations
[    0.548428] audit: initializing netlink subsys (disabled)
[    0.549213] audit: type=2000 audit(1678949819.050:1): state=initialized audit_enabled=0 res=1
[    0.549213] thermal_sys: Registered thermal governor 'fair_share'
[    0.549213] thermal_sys: Registered thermal governor 'bang_bang'
[    0.549213] thermal_sys: Registered thermal governor 'step_wise'
[    0.550000] thermal_sys: Registered thermal governor 'user_space'
[    0.550935] cpuidle: using governor ladder
[    0.552325] cpuidle: using governor menu
[    0.552709] ACPI: bus type PCI registered
[    0.553262] acpiphp: ACPI Hot Plug PCI Controller Driver version: 0.5
[    0.554528] PCI: Using configuration type 1 for base access
[    0.570824] Kprobes globally optimized
[    0.572551] HugeTLB registered 1.00 GiB page size, pre-allocated 0 pages
[    0.573319] HugeTLB registered 2.00 MiB page size, pre-allocated 0 pages
[    0.584908] ACPI: Added _OSI(Module Device)
[    0.585522] ACPI: Added _OSI(Processor Device)
[    0.586122] ACPI: Added _OSI(3.0 _SCP Extensions)
[    0.586740] ACPI: Added _OSI(Processor Aggregator Device)
[    0.587457] ACPI: Added _OSI(Linux-Dell-Video)
[    0.588377] ACPI: Added _OSI(Linux-Lenovo-NV-HDMI-Audio)
[    0.589081] ACPI: Added _OSI(Linux-HPI-Hybrid-Graphics)
[    0.596214] ACPI: 1 ACPI AML tables successfully acquired and loaded
[    0.600294] ACPI: Interpreter enabled
[    0.600477] ACPI: PM: (supports S0 S3 S4 S5)
[    0.601053] ACPI: Using IOAPIC for interrupt routing
[    0.601760] PCI: Using host bridge windows from ACPI; if necessary, use "pci=nocrs" and report a bug
[    0.603740] ACPI: Enabled 2 GPEs in block 00 to 0F
[    0.604511] Callback from call_rcu_tasks_rude() invoked.
[    0.625409] ACPI: PCI Root Bridge [PCI0] (domain 0000 [bus 00-ff])
[    0.626240] acpi PNP0A03:00: _OSC: OS supports [ASPM ClockPM Segments MSI EDR HPX-Type3]
[    0.627348] acpi PNP0A03:00: fail to add MMCONFIG information, can't access extended PCI configuration space under this bridge.
[    0.630765] acpiphp: Slot [3] registered
[    0.631391] acpiphp: Slot [4] registered
[    0.631993] acpiphp: Slot [5] registered
[    0.632456] acpiphp: Slot [6] registered
[    0.633059] acpiphp: Slot [7] registered
[    0.633679] acpiphp: Slot [8] registered
[    0.634338] acpiphp: Slot [9] registered
[    0.634945] acpiphp: Slot [10] registered
[    0.635556] acpiphp: Slot [11] registered
[    0.636193] acpiphp: Slot [12] registered
[    0.636451] acpiphp: Slot [13] registered
[    0.637102] acpiphp: Slot [14] registered
[    0.637737] acpiphp: Slot [15] registered
[    0.638341] acpiphp: Slot [16] registered
[    0.638952] acpiphp: Slot [17] registered
[    0.639596] acpiphp: Slot [18] registered
[    0.640247] acpiphp: Slot [19] registered
[    0.640447] acpiphp: Slot [20] registered
[    0.641095] acpiphp: Slot [21] registered
[    0.641705] acpiphp: Slot [22] registered
[    0.642330] acpiphp: Slot [23] registered
[    0.642946] acpiphp: Slot [24] registered
[    0.643566] acpiphp: Slot [25] registered
[    0.644174] acpiphp: Slot [26] registered
[    0.644444] acpiphp: Slot [27] registered
[    0.645083] acpiphp: Slot [28] registered
[    0.645687] acpiphp: Slot [29] registered
[    0.646301] acpiphp: Slot [30] registered
[    0.646998] acpiphp: Slot [31] registered
[    0.647552] PCI host bridge to bus 0000:00
[    0.648125] pci_bus 0000:00: root bus resource [io  0x0000-0x0cf7 window]
[    0.648362] pci_bus 0000:00: root bus resource [io  0x0d00-0xffff window]
[    0.649244] pci_bus 0000:00: root bus resource [mem 0x000a0000-0x000bffff window]
[    0.650222] pci_bus 0000:00: root bus resource [mem 0x80000000-0xfebfffff window]
[    0.651190] pci_bus 0000:00: root bus resource [mem 0x100000000-0x17fffffff window]
[    0.652187] pci_bus 0000:00: root bus resource [bus 00-ff]
[    0.653298] pci 0000:00:00.0: [8086:1237] type 00 class 0x060000
[    0.659228] pci 0000:00:01.0: [8086:7000] type 00 class 0x060100
[    0.661508] pci 0000:00:01.1: [8086:7010] type 00 class 0x010180
[    0.664041] pci 0000:00:01.1: reg 0x20: [io  0xc040-0xc04f]
[    0.665100] pci 0000:00:01.1: legacy IDE quirk: reg 0x10: [io  0x01f0-0x01f7]
[    0.666034] pci 0000:00:01.1: legacy IDE quirk: reg 0x14: [io  0x03f6]
[    0.666909] pci 0000:00:01.1: legacy IDE quirk: reg 0x18: [io  0x0170-0x0177]
[    0.667840] pci 0000:00:01.1: legacy IDE quirk: reg 0x1c: [io  0x0376]
[    0.669597] pci 0000:00:01.3: [8086:7113] type 00 class 0x068000
[    0.670971] pci 0000:00:01.3: quirk: [io  0x0600-0x063f] claimed by PIIX4 ACPI
[    0.672125] pci 0000:00:01.3: quirk: [io  0x0700-0x070f] claimed by PIIX4 SMB
[    0.674447] pci 0000:00:02.0: [1234:1111] type 00 class 0x030000
[    0.676754] pci 0000:00:02.0: reg 0x10: [mem 0xfd000000-0xfdffffff pref]
[    0.679709] pci 0000:00:02.0: reg 0x18: [mem 0xfebf0000-0xfebf0fff]
[    0.683433] pci 0000:00:02.0: reg 0x30: [mem 0xfebe0000-0xfebeffff pref]
[    0.689285] pci 0000:00:03.0: [8086:100e] type 00 class 0x020000
[    0.690915] pci 0000:00:03.0: reg 0x10: [mem 0xfebc0000-0xfebdffff]
[    0.692282] pci 0000:00:03.0: reg 0x14: [io  0xc000-0xc03f]
[    0.695733] pci 0000:00:03.0: reg 0x30: [mem 0xfeb80000-0xfebbffff pref]
[    0.713678] ACPI: PCI: Interrupt link LNKA configured for IRQ 10
[    0.714908] ACPI: PCI: Interrupt link LNKB configured for IRQ 10
[    0.716194] ACPI: PCI: Interrupt link LNKC configured for IRQ 11
[    0.716814] ACPI: PCI: Interrupt link LNKD configured for IRQ 11
[    0.717781] ACPI: PCI: Interrupt link LNKS configured for IRQ 9
[    0.719732] iommu: Default domain type: Translated 
[    0.719732] iommu: DMA domain TLB invalidation policy: lazy mode 
[    0.720448] pci 0000:00:02.0: vgaarb: setting as boot VGA device
[    0.721180] pci 0000:00:02.0: vgaarb: VGA device added: decodes=io+mem,owns=io+mem,locks=none
[    0.721180] pci 0000:00:02.0: vgaarb: bridge control possible
[    0.721180] vgaarb: loaded
[    0.722513] SCSI subsystem initialized
[    0.724590] ACPI: bus type USB registered
[    0.725159] usbcore: registered new interface driver usbfs
[    0.725874] usbcore: registered new interface driver hub
[    0.728392] usbcore: registered new device driver usb
[    0.729099] pps_core: LinuxPPS API ver. 1 registered
[    0.729703] pps_core: Software ver. 5.3.6 - Copyright 2005-2007 Rodolfo Giometti <giometti@linux.it>
[    0.730881] PTP clock support registered
[    0.731461] EDAC MC: Ver: 3.0.0
[    0.733272] NetLabel: Initializing
[    0.733740] NetLabel:  domain hash size = 128
[    0.734306] NetLabel:  protocols = UNLABELED CIPSOv4 CALIPSO
[    0.734306] NetLabel:  unlabeled traffic allowed by default
[    0.736426] PCI: Using ACPI for IRQ routing
[    0.737140] hpet0: at MMIO 0xfed00000, IRQs 2, 8, 0
[    0.737304] hpet0: 3 comparators, 64-bit 100.000000 MHz counter
[    0.741620] clocksource: Switched to clocksource kvm-clock
[    0.812533] Callback from call_rcu_tasks() invoked.
[    0.868494] VFS: Disk quotas dquot_6.6.0
[    0.869079] VFS: Dquot-cache hash table entries: 512 (order 0, 4096 bytes)
[    0.870255] pnp: PnP ACPI init
[    0.872772] pnp: PnP ACPI: found 6 devices
[    0.885308] clocksource: acpi_pm: mask: 0xffffff max_cycles: 0xffffff, max_idle_ns: 2085701024 ns
[    0.886871] NET: Registered PF_INET protocol family
[    0.887834] IP idents hash table entries: 32768 (order: 6, 262144 bytes, linear)
[    0.889642] tcp_listen_portaddr_hash hash table entries: 1024 (order: 4, 81920 bytes, linear)
[    0.890829] TCP established hash table entries: 16384 (order: 5, 131072 bytes, linear)
[    0.892115] TCP bind hash table entries: 16384 (order: 8, 1179648 bytes, linear)
[    0.894605] TCP: Hash tables configured (established 16384 bind 16384)
[    0.895688] UDP hash table entries: 1024 (order: 5, 163840 bytes, linear)
[    0.897008] UDP-Lite hash table entries: 1024 (order: 5, 163840 bytes, linear)
[    0.898274] NET: Registered PF_UNIX/PF_LOCAL protocol family
[    0.899937] RPC: Registered named UNIX socket transport module.
[    0.900770] RPC: Registered udp transport module.
[    0.901384] RPC: Registered tcp transport module.
[    0.902004] RPC: Registered tcp NFSv4.1 backchannel transport module.
[    0.902844] pci_bus 0000:00: resource 4 [io  0x0000-0x0cf7 window]
[    0.903646] pci_bus 0000:00: resource 5 [io  0x0d00-0xffff window]
[    0.904477] pci_bus 0000:00: resource 6 [mem 0x000a0000-0x000bffff window]
[    0.905365] pci_bus 0000:00: resource 7 [mem 0x80000000-0xfebfffff window]
[    0.906258] pci_bus 0000:00: resource 8 [mem 0x100000000-0x17fffffff window]
[    0.907464] pci 0000:00:01.0: PIIX3: Enabling Passive Release
[    0.908206] pci 0000:00:00.0: Limiting direct PCI/PCI transfers
[    0.909026] pci 0000:00:01.0: Activating ISA DMA hang workarounds
[    0.909943] pci 0000:00:02.0: Video device with shadowed ROM at [mem 0x000c0000-0x000dffff]
[    0.911013] PCI: CLS 0 bytes, default 64
[    0.911877] ACPI: bus type thunderbolt registered
[    0.912907] clocksource: tsc: mask: 0xffffffffffffffff max_cycles: 0x1a03dfe73b3, max_idle_ns: 440795256845 ns
[    3.508825] Initialise system trusted keyrings
[    3.509529] Key type blacklist registered
[    3.510238] workingset: timestamp_bits=36 max_order=19 bucket_order=0
[    3.521767] zbud: loaded
[    3.524276] squashfs: version 4.0 (2009/01/31) Phillip Lougher
[    3.526885] NFS: Registering the id_resolver key type
[    3.527620] Key type id_resolver registered
[    3.528184] Key type id_legacy registered
[    3.528940] nfs4filelayout_init: NFSv4 File Layout Driver Registering...
[    3.529867] nfs4flexfilelayout_init: NFSv4 Flexfile Layout Driver Registering...
[    3.531056] fuse: init (API version 7.34)
[    3.532013] SGI XFS with ACLs, security attributes, realtime, quota, no debug enabled
[    3.535077] 9p: Installing v9fs 9p2000 file system support
[    3.545291] Key type asymmetric registered
[    3.545921] Asymmetric key parser 'x509' registered
[    3.546818] Block layer SCSI generic (bsg) driver version 0.4 loaded (major 244)
[    3.547959] io scheduler mq-deadline registered
[    3.548764] io scheduler bfq registered
[    3.549805] shpchp: Standard Hot Plug PCI Controller Driver version: 0.4
[    3.551100] IPMI message handler: version 39.2
[    3.551725] ipmi device interface
[    3.553921] input: Power Button as /devices/LNXSYSTM:00/LNXPWRBN:00/input/input0
[    3.555193] ACPI: button: Power Button [PWRF]
[    3.556880] ERST DBG: ERST support is disabled.
[    3.558150] Serial: 8250/16550 driver, 32 ports, IRQ sharing enabled
[    3.559652] 00:04: ttyS0 at I/O 0x3f8 (irq = 4, base_baud = 115200) is a 16550A
[    3.571430] Linux agpgart interface v0.103
[    3.587029] brd: module loaded
[    3.596676] loop: module loaded
[    3.602604] scsi host0: ata_piix
[    3.603894] scsi host1: ata_piix
[    3.604624] ata1: PATA max MWDMA2 cmd 0x1f0 ctl 0x3f6 bmdma 0xc040 irq 14
[    3.605571] ata2: PATA max MWDMA2 cmd 0x170 ctl 0x376 bmdma 0xc048 irq 15
[    3.607813] libphy: Fixed MDIO Bus: probed
[    3.608778] tun: Universal TUN/TAP device driver, 1.6
[    3.609678] e100: Intel(R) PRO/100 Network Driver
[    3.610307] e100: Copyright(c) 1999-2006 Intel Corporation
[    3.611116] e1000: Intel(R) PRO/1000 Network Driver
[    3.611784] e1000: Copyright (c) 1999-2006 Intel Corporation.
[    3.765279] ata1.00: ATA-7: QEMU HARDDISK, 2.5+, max UDMA/100
[    3.766068] ata1.00: 16777216 sectors, multi 16: LBA48 
[    3.766956] ata1.00: Read log page 0x00 failed, Emask 0x1
[    3.767656] ata1.00: ATA Identify Device Log not supported
[    3.769497] ata1.00: Read log page 0x00 failed, Emask 0x1
[    3.770197] ata1.00: ATA Identify Device Log not supported
[    3.771553] scsi 0:0:0:0: Direct-Access     ATA      QEMU HARDDISK    2.5+ PQ: 0 ANSI: 5
[    3.773523] scsi 0:0:0:0: Attached scsi generic sg0 type 0
[    3.775043] sd 0:0:0:0: [sda] 16777216 512-byte logical blocks: (8.59 GB/8.00 GiB)
[    3.776490] ata2.00: ATAPI: QEMU DVD-ROM, 2.5+, max UDMA/100
[    3.777524] sd 0:0:0:0: [sda] Write Protect is off
[    3.778745] sd 0:0:0:0: [sda] Write cache: enabled, read cache: enabled, doesn't support DPO or FUA
[    3.780818] scsi 1:0:0:0: CD-ROM            QEMU     QEMU DVD-ROM     2.5+ PQ: 0 ANSI: 5
[    3.783150] scsi 1:0:0:0: Attached scsi generic sg1 type 5
[    3.804317] ACPI: \_SB_.LNKC: Enabled at IRQ 11
[    3.828640] sd 0:0:0:0: [sda] Attached SCSI disk
[    4.149773] e1000 0000:00:03.0 eth0: (PCI:33MHz:32-bit) 52:54:00:12:34:56
[    4.150802] e1000 0000:00:03.0 eth0: Intel(R) PRO/1000 Network Connection
[    4.151901] e1000e: Intel(R) PRO/1000 Network Driver
[    4.152624] e1000e: Copyright(c) 1999 - 2015 Intel Corporation.
[    4.153546] igb: Intel(R) Gigabit Ethernet Network Driver
[    4.154297] igb: Copyright (c) 2007-2014 Intel Corporation.
[    4.155196] PPP generic driver version 2.4.2
[    4.156348] VFIO - User Level meta-driver version: 0.3
[    4.157154] ehci_hcd: USB 2.0 'Enhanced' Host Controller (EHCI) Driver
[    4.158056] ehci-pci: EHCI PCI platform driver
[    4.158711] ehci-platform: EHCI generic platform driver
[    4.159448] ohci_hcd: USB 1.1 'Open' Host Controller (OHCI) Driver
[    4.160314] ohci-pci: OHCI PCI platform driver
[    4.160962] ohci-platform: OHCI generic platform driver
[    4.161690] uhci_hcd: USB Universal Host Controller Interface driver
[    4.162887] usbcore: registered new interface driver uas
[    4.163643] usbcore: registered new interface driver usb-storage
[    4.164614] i8042: PNP: PS/2 Controller [PNP0303:KBD,PNP0f13:MOU] at 0x60,0x64 irq 1,12
[    4.166663] serio: i8042 KBD port at 0x60,0x64 irq 1
[    4.167340] serio: i8042 AUX port at 0x60,0x64 irq 12
[    4.168910] mousedev: PS/2 mouse device common for all mice
[    4.170694] input: AT Translated Set 2 keyboard as /devices/platform/i8042/serio0/input/input1
[    4.173369] input: VirtualPS/2 VMware VMMouse as /devices/platform/i8042/serio1/input/input4
[    4.174793] rtc_cmos 00:05: RTC can wake from S4
[    4.177025] input: VirtualPS/2 VMware VMMouse as /devices/platform/i8042/serio1/input/input3
[    4.178535] rtc_cmos 00:05: registered as rtc0
[    4.179242] rtc_cmos 00:05: setting system clock to 2023-03-16T06:57:02 UTC (1678949822)
[    4.180561] rtc_cmos 00:05: alarms up to one day, y3k, 242 bytes nvram, hpet irqs
[    4.181587] i2c_dev: i2c /dev entries driver
[    4.182273] device-mapper: core: CONFIG_IMA_DISABLE_HTABLE is disabled. Duplicate IMA measurements will not be recorded in the IMA log.
[    4.184031] device-mapper: uevent: version 1.0.3
[    4.185319] device-mapper: ioctl: 4.45.0-ioctl (2021-03-22) initialised: dm-devel@redhat.com
[    4.186475] intel_pstate: CPU model not supported
[    4.187232] sdhci: Secure Digital Host Controller Interface driver
[    4.188076] sdhci: Copyright(c) Pierre Ossman
[    4.188819] sdhci-pltfm: SDHCI platform and OF driver helper
[    4.189690] ledtrig-cpu: registered to indicate activity on CPUs
[    4.190804] drop_monitor: Initializing network drop monitor service
[    4.192462] NET: Registered PF_INET6 protocol family
[    4.197355] Segment Routing with IPv6
[    4.197983] In-situ OAM (IOAM) with IPv6
[    4.198612] NET: Registered PF_PACKET protocol family
[    4.199674] 9pnet: Installing 9P2000 support
[    4.200393] Key type dns_resolver registered
[    4.201996] IPI shorthand broadcast: enabled
[    4.202647] sched_clock: Marking stable (4172746969, 28973213)->(4217496090, -15775908)
[    4.204527] registered taskstats version 1
[    4.205333] Loading compiled-in X.509 certificates
[    4.206209] zswap: loaded using pool lzo/zbud
[    4.207699] Key type ._fscrypt registered
[    4.208285] Key type .fscrypt registered
[    4.208869] Key type fscrypt-provisioning registered
[    4.210771] Key type encrypted registered
[    4.211388] ima: No TPM chip found, activating TPM-bypass!
[    4.212163] ima: Allocated hash algorithm: sha1
[    4.212900] ima: No architecture policies found
[    4.213642] evm: Initialising EVM extended attributes:
[    4.214360] evm: security.selinux
[    4.214827] evm: security.SMACK64
[    4.215291] evm: security.SMACK64EXEC
[    4.215815] evm: security.SMACK64TRANSMUTE
[    4.216470] evm: security.SMACK64MMAP
[    4.216984] evm: security.apparmor
[    4.217457] evm: security.ima
[    4.217872] evm: security.capability
[    4.218366] evm: HMAC attrs: 0x1
[    4.220460] PM:   Magic number: 15:707:923
[    4.221577] RAS: Correctable Errors collector initialized.
[    4.223602] md: Waiting for all devices to be available before autodetect
[    4.224578] md: If you don't use raid, use raid=noautodetect
[    4.225341] md: Autodetecting RAID arrays.
[    4.225914] md: autorun ...
[    4.226300] md: ... autorun DONE.
[    4.233401] EXT4-fs (sda): mounted filesystem with ordered data mode. Opts: (null). Quota mode: none.
[    4.234721] VFS: Mounted root (ext4 filesystem) readonly on device 8:0.
[    4.237631] devtmpfs: mounted
[    4.242320] Freeing unused decrypted memory: 2036K
[    4.244141] Freeing unused kernel image (initmem) memory: 3232K
[    4.260496] Write protecting the kernel read-only data: 40960k
[    4.263884] Freeing unused kernel image (text/rodata gap) memory: 2028K
[    4.265249] Freeing unused kernel image (rodata/data gap) memory: 508K
[    4.384383] x86/mm: Checked W+X mappings: passed, no W+X pages found.
[    4.385248] Run /sbin/init as init process
[    4.503752] random: fast init done
[    4.530236] systemd[1]: RTC configured in localtime, applying delta of 0 minutes to system time.
[    4.566748] systemd[1]: systemd 239 (239-49.el8) running in system mode. (+PAM +AUDIT +SELINUX +IMA -APPARMOR +SMACK +SYSVINIT +UTMP +LIBCRYPTSETUP +GCRYPT +GNUTLS +ACL +XZ +LZ4 +SECCOMP +BLKID +ELFUTILS +KMOD +IDN2 -IDN +PCRE2 default-hierarchy=legacy)
[    4.570007] systemd[1]: Detected virtualization kvm.
[    4.570703] systemd[1]: Detected architecture x86-64.

Welcome to [0;31mCentOS Stream 8[0m!

[    4.595135] systemd[1]: Set hostname to <test>.
[    4.778249] random: lvmconfig: uninitialized urandom read (4 bytes read)
[    4.917757] random: systemd: uninitialized urandom read (16 bytes read)
[    4.919271] systemd[1]: Set up automount Arbitrary Executable File Formats File System Automount Point.
[[0;32m  OK  [0m] Set up automount Arbitrary Executabâ€¦rmats File System Automount Point.
[    4.921836] random: systemd: uninitialized urandom read (16 bytes read)
[    4.922957] systemd[1]: Started Forward Password Requests to Wall Directory Watch.
[[0;32m  OK  [0m] Started Forward Password Requests to Wall Directory Watch.
[    4.925161] systemd[1]: Listening on Device-mapper event daemon FIFOs.
[[0;32m  OK  [0m] Listening on Device-mapper event daemon FIFOs.
[    4.930502] systemd[1]: Created slice system-getty.slice.
[[0;32m  OK  [0m] Created slice system-getty.slice.
[    4.932502] systemd[1]: Listening on Journal Socket (/dev/log).
[[0;32m  OK  [0m] Listening on Journal Socket (/dev/log).
[    4.934338] systemd[1]: Listening on LVM2 poll daemon socket.
[[0;32m  OK  [0m] Listening on LVM2 poll daemon socket.
[[0;32m  OK  [0m] Listening on RPCbind Server Activation Socket.
[[0;32m  OK  [0m] Reached target RPC Port Mapper.
[[0;32m  OK  [0m] Created slice User and Session Slice.
[[0;32m  OK  [0m] Reached target Slices.
[[0;32m  OK  [0m] Created slice system-serial\x2dgetty.slice.
[[0;32m  OK  [0m] Reached target Swap.
[[0;32m  OK  [0m] Listening on Journal Socket.
         Starting Setup Virtual Console...
         Mounting Kernel Debug File System...
         Starting Load Kernel Modules...
[[0;32m  OK  [0m] Listening on udev Control Socket.
[[0;32m  OK  [0m] Listening on udev Kernel Socket.
         Starting udev Coldplug all Devices...
         Starting Monitoring of LVM2 mirrorsâ€¦ng dmeventd or progress polling...
[[0;32m  OK  [0m] Listening on Process Core Dump Socket.
         Mounting POSIX Message Queue File System...
         Starting Journal Service...
[[0;32m  OK  [0m] Listening on multipathd control socket.
         Mounting Huge Pages File System...
[[0;32m  OK  [0m] Listening on initctl Compatibility Named Pipe.
[[0;32m  OK  [0m] Created slice system-sshd\x2dkeygen.slice.
         Starting Remount Root and Kernel File Systems...
[[0;32m  OK  [0m] Mounted Kernel Debug File System.
[[0;1;31mFAILED[0m] Failed to start Load Kernel Modules.
See 'systemctl status systemd-modules-load.service' for details.
[[0;32m  OK  [0m] Mounted POSIX Message Queue File System.
[[0;32m  OK  [0m] Mounted Huge Pages File System.
         Starting Apply Kernel Variables...
         Mounting Kernel Configuration File System...
         Mounting FUSE Control File System...
[[0;32m  OK  [0m] Started Apply Kernel Variables.
[[0;32m  OK  [0m] Mounted Kernel Configuration File System.
[[0;32m  OK  [0m] Mounted FUSE Control File System.
[[0;32m  OK  [0m] Started Setup Virtual Console.
[[0;32m  OK  [0m] Started Journal Service.
[    5.540466] EXT4-fs (sda): re-mounted. Opts: (null). Quota mode: none.
[[0;32m  OK  [0m] Started Remount Root and Kernel File Systems.
         Starting Flush Journal to Persistent Storage...
         Starting Load/Save Random Seed...
         Starting Create Static Device Nodes in /dev...
[[0;32m  OK  [0m] Started Load/Save Random Seed.
[[0;32m  OK  [0m] Started udev Coldplug all Devices.
[[0;32m  OK  [0m] Started Flush Journal to Persistent Storage.
         Starting udev Wait for Complete Device Initialization...
[[0;32m  OK  [0m] Started Create Static Device Nodes in /dev.
         Starting udev Kernel Device Manager...
[[0;32m  OK  [0m] Started udev Kernel Device Manager.
         Starting Show Plymouth Boot Screen...
[[0;32m  OK  [0m] Started Show Plymouth Boot Screen.
[[0;32m  OK  [0m] Started Forward Password Requests to Plymouth Directory Watch.
[[0;32m  OK  [0m] Reached target Paths.
[[0;32m  OK  [0m] Reached target Local Encrypted Volumes.
[[0;32m  OK  [0m] Found device /dev/ttyS0.
[[0;32m  OK  [0m] Started Monitoring of LVM2 mirrors,â€¦sing dmeventd or progress polling.
[[0;32m  OK  [0m] Listening on Load/Save RF Kill Switch Status /dev/rfkill Watch.
[[0;32m  OK  [0m] Started udev Wait for Complete Device Initialization.
[[0;32m  OK  [0m] Reached target Local File Systems (Pre).
[[0;32m  OK  [0m] Reached target Local File Systems.
         Starting Create Volatile Files and Directories...
         Starting Restore /run/initramfs on shutdown...
         Starting Tell Plymouth To Write Out Runtime Data...
[[0;32m  OK  [0m] Started Create Volatile Files and Directories.
[[0;32m  OK  [0m] Started Restore /run/initramfs on shutdown.
[[0;32m  OK  [0m] Started Tell Plymouth To Write Out Runtime Data.
         Starting RPC Bind...
         Starting Security Auditing Service...
         Mounting RPC Pipe File System...
[[0;32m  OK  [0m] Mounted RPC Pipe File System.
[[0;32m  OK  [0m] Reached target rpc_pipefs.target.
[[0;32m  OK  [0m] Started RPC Bind.
[[0;32m  OK  [0m] Started Security Auditing Service.
         Starting Update UTMP about System Boot/Shutdown...
[[0;32m  OK  [0m] Started Update UTMP about System Boot/Shutdown.
[[0;32m  OK  [0m] Reached target System Initialization.
[[0;32m  OK  [0m] Started Daily Cleanup of Temporary Directories.
[[0;32m  OK  [0m] Started daily update of the root trust anchor for DNSSEC.
[[0;32m  OK  [0m] Listening on D-Bus System Message Bus Socket.
[[0;32m  OK  [0m] Started dnf makecache --timer.
[[0;32m  OK  [0m] Reached target Timers.
[[0;32m  OK  [0m] Listening on SSSD Kerberos Cache Manager responder socket.
[[0;32m  OK  [0m] Reached target Sockets.
[[0;32m  OK  [0m] Reached target Basic System.
         Starting Self Monitoring and Reporting Technology (SMART) Daemon...
[[0;32m  OK  [0m] Started D-Bus System Message Bus.
         Starting Network Manager...
         Starting Authorization Manager...
[[0;32m  OK  [0m] Started irqbalance daemon.
         Starting Login Service...
         Starting NTP client/server...
[[0;32m  OK  [0m] Reached target sshd-keygen.target.
         Starting Auto-connect to subsystemsâ€¦-NVME devices found during boot...
[[0;32m  OK  [0m] Started Machine Check Exception Logging Daemon.
[[0;32m  OK  [0m] Started Auto-connect to subsystems â€¦FC-NVME devices found during boot.
[[0;32m  OK  [0m] Started Self Monitoring and Reporting Technology (SMART) Daemon.
         Starting update of the root trust aâ€¦or DNSSEC validation in unbound...
[[0;32m  OK  [0m] Started Network Manager.
[[0;32m  OK  [0m] Reached target Network.
         Starting GSSAPI Proxy Daemon...
         Starting OpenSSH server daemon...
         Starting Dynamic System Tuning Daemon...
         Starting Network Manager Wait Online...
[[0;32m  OK  [0m] Started Login Service.
[[0;32m  OK  [0m] Started Authorization Manager.
         Starting Hostname Service...
[[0;32m  OK  [0m] Started NTP client/server.
[[0;32m  OK  [0m] Started Hostname Service.
         Starting Network Manager Script Dispatcher Service...
[[0;32m  OK  [0m] Started Network Manager Script Dispatcher Service.
[    7.896615] e1000: eth0 NIC Link is Up 1000 Mbps Full Duplex, Flow Control: RX
[    7.898294] IPv6: ADDRCONF(NETDEV_CHANGE): eth0: link becomes ready
[[0;32m  OK  [0m] Started Dynamic System Tuning Daemon.
[    8.548628] random: crng init done
[    8.549212] random: 7 urandom warning(s) missed due to ratelimiting
[[0;32m  OK  [0m] Started OpenSSH server daemon.
[[0;32m  OK  [0m] Started GSSAPI Proxy Daemon.
[[0;32m  OK  [0m] Reached target NFS client services.
[[0;32m  OK  [0m] Reached target Remote File Systems (Pre).
[[0;32m  OK  [0m] Reached target Remote File Systems.
         Starting Permit User Sessions...
[[0;32m  OK  [0m] Started update of the root trust anâ€¦ for DNSSEC validation in unbound.
[[0;32m  OK  [0m] Started Permit User Sessions.
         Starting Terminate Plymouth Boot Screen...
         Starting Hold until boot process finishes up...
[[0;32m  OK  [0m] Started Command Scheduler.

CentOS Stream 8
Kernel 5.15.0-5a47ebe98e6e+ on an x86_64

test login: 