c[?7l[2J[0mSeaBIOS (version rel-1.16.0-0-gd239552ce722-prebuilt.qemu.org)


iPXE (http://ipxe.org) 00:03.0 CA00 PCI2.10 PnP PMM+7FF91000+7FEF1000 CA00
Press Ctrl-B to configure iPXE (PCI 00:03.0)...                                                                               


Booting from ROM...
c[?7l[2J[    0.000000] Linux version 5.15.0-7ddb58cb0eca+ (root@p-adln01) (gcc (GCC) 8.5.0 20210514 (Red Hat 8.5.0-18), GNU ld version 2.36.1-2.el8) #1 SMP PREEMPT Thu Mar 16 08:37:07 CST 2023
[    0.000000] Command line: console=ttyS0 root=/dev/sda earlyprintk=serial net.ifnames=0
[    0.000000] KERNEL supported cpus:
[    0.000000]   Intel GenuineIntel
[    0.000000]   AMD AuthenticAMD
[    0.000000]   Hygon HygonGenuine
[    0.000000]   Centaur CentaurHauls
[    0.000000]   zhaoxin   Shanghai  
[    0.000000] x86/fpu: Supporting XSAVE feature 0x001: 'x87 floating point registers'
[    0.000000] x86/fpu: Supporting XSAVE feature 0x002: 'SSE registers'
[    0.000000] x86/fpu: Supporting XSAVE feature 0x004: 'AVX registers'
[    0.000000] x86/fpu: Supporting XSAVE feature 0x200: 'Protection Keys User registers'
[    0.000000] x86/fpu: xstate_offset[2]:  576, xstate_sizes[2]:  256
[    0.000000] x86/fpu: xstate_offset[9]:  832, xstate_sizes[9]:    8
[    0.000000] x86/fpu: Enabled xstate features 0x207, context size is 840 bytes, using 'compacted' format.
[    0.000000] signal: max sigframe size: 3632
[    0.000000] BIOS-provided physical RAM map:
[    0.000000] BIOS-e820: [mem 0x0000000000000000-0x000000000009fbff] usable
[    0.000000] BIOS-e820: [mem 0x000000000009fc00-0x000000000009ffff] reserved
[    0.000000] BIOS-e820: [mem 0x00000000000f0000-0x00000000000fffff] reserved
[    0.000000] BIOS-e820: [mem 0x0000000000100000-0x000000007ffdffff] usable
[    0.000000] BIOS-e820: [mem 0x000000007ffe0000-0x000000007fffffff] reserved
[    0.000000] BIOS-e820: [mem 0x00000000feffc000-0x00000000feffffff] reserved
[    0.000000] BIOS-e820: [mem 0x00000000fffc0000-0x00000000ffffffff] reserved
[    0.000000] printk: bootconsole [earlyser0] enabled
[    0.000000] NX (Execute Disable) protection: active
[    0.000000] SMBIOS 2.8 present.
[    0.000000] DMI: QEMU Standard PC (i440FX + PIIX, 1996), BIOS rel-1.16.0-0-gd239552ce722-prebuilt.qemu.org 04/01/2014
[    0.000000] Hypervisor detected: KVM
[    0.000000] kvm-clock: Using msrs 4b564d01 and 4b564d00
[    0.000000] kvm-clock: cpu 0, msr 5401001, primary cpu clock
[    0.000011] kvm-clock: using sched offset of 1046052852 cycles
[    0.001156] clocksource: kvm-clock: mask: 0xffffffffffffffff max_cycles: 0x1cd42e4dffb, max_idle_ns: 881590591483 ns
[    0.004564] tsc: Detected 1804.800 MHz processor
[    0.014780] last_pfn = 0x7ffe0 max_arch_pfn = 0x400000000
[    0.016158] x86/PAT: Configuration [0-7]: WB  WC  UC- UC  WB  WP  UC- WT  
[    0.026023] found SMP MP-table at [mem 0x000f5ba0-0x000f5baf]
[    0.030361] Using GB pages for direct mapping
[    0.033545] ACPI: Early table checksum verification disabled
[    0.034753] ACPI: RSDP 0x00000000000F59C0 000014 (v00 BOCHS )
[    0.035883] ACPI: RSDT 0x000000007FFE1951 000034 (v01 BOCHS  BXPC     00000001 BXPC 00000001)
[    0.037641] ACPI: FACP 0x000000007FFE17FD 000074 (v01 BOCHS  BXPC     00000001 BXPC 00000001)
[    0.039335] ACPI: DSDT 0x000000007FFE0040 0017BD (v01 BOCHS  BXPC     00000001 BXPC 00000001)
[    0.040875] ACPI: FACS 0x000000007FFE0000 000040
[    0.041774] ACPI: APIC 0x000000007FFE1871 000080 (v01 BOCHS  BXPC     00000001 BXPC 00000001)
[    0.043692] ACPI: HPET 0x000000007FFE18F1 000038 (v01 BOCHS  BXPC     00000001 BXPC 00000001)
[    0.045396] ACPI: WAET 0x000000007FFE1929 000028 (v01 BOCHS  BXPC     00000001 BXPC 00000001)
[    0.047478] ACPI: Reserving FACP table memory at [mem 0x7ffe17fd-0x7ffe1870]
[    0.048910] ACPI: Reserving DSDT table memory at [mem 0x7ffe0040-0x7ffe17fc]
[    0.050336] ACPI: Reserving FACS table memory at [mem 0x7ffe0000-0x7ffe003f]
[    0.051762] ACPI: Reserving APIC table memory at [mem 0x7ffe1871-0x7ffe18f0]
[    0.053303] ACPI: Reserving HPET table memory at [mem 0x7ffe18f1-0x7ffe1928]
[    0.054701] ACPI: Reserving WAET table memory at [mem 0x7ffe1929-0x7ffe1950]
[    0.057752] No NUMA configuration found
[    0.058495] Faking a node at [mem 0x0000000000000000-0x000000007ffdffff]
[    0.059960] NODE_DATA(0) allocated [mem 0x7ffb5000-0x7ffdffff]
[    0.066667] Zone ranges:
[    0.067235]   DMA      [mem 0x0000000000001000-0x0000000000ffffff]
[    0.068278]   DMA32    [mem 0x0000000001000000-0x000000007ffdffff]
[    0.069346]   Normal   empty
[    0.069826]   Device   empty
[    0.070391] Movable zone start for each node
[    0.071229] Early memory node ranges
[    0.071935]   node   0: [mem 0x0000000000001000-0x000000000009efff]
[    0.073217]   node   0: [mem 0x0000000000100000-0x000000007ffdffff]
[    0.074391] Initmem setup node 0 [mem 0x0000000000001000-0x000000007ffdffff]
[    0.076539] On node 0, zone DMA: 1 pages in unavailable ranges
[    0.076914] On node 0, zone DMA: 97 pages in unavailable ranges
[    0.144042] On node 0, zone DMA32: 32 pages in unavailable ranges
[    0.146190] ACPI: PM-Timer IO Port: 0x608
[    0.148460] ACPI: LAPIC_NMI (acpi_id[0xff] dfl dfl lint[0x1])
[    0.149888] IOAPIC[0]: apic_id 0, version 17, address 0xfec00000, GSI 0-23
[    0.151476] ACPI: INT_SRC_OVR (bus 0 bus_irq 0 global_irq 2 dfl dfl)
[    0.152927] ACPI: INT_SRC_OVR (bus 0 bus_irq 5 global_irq 5 high level)
[    0.154533] ACPI: INT_SRC_OVR (bus 0 bus_irq 9 global_irq 9 high level)
[    0.156008] ACPI: INT_SRC_OVR (bus 0 bus_irq 10 global_irq 10 high level)
[    0.157245] ACPI: INT_SRC_OVR (bus 0 bus_irq 11 global_irq 11 high level)
[    0.158503] ACPI: Using ACPI (MADT) for SMP configuration information
[    0.159719] ACPI: HPET id: 0x8086a201 base: 0xfed00000
[    0.160872] TSC deadline timer available
[    0.161717] smpboot: Allowing 2 CPUs, 0 hotplug CPUs
[    0.162910] kvm-guest: KVM setup pv remote TLB flush
[    0.163854] kvm-guest: setup PV sched yield
[    0.164806] PM: hibernation: Registered nosave memory: [mem 0x00000000-0x00000fff]
[    0.166165] PM: hibernation: Registered nosave memory: [mem 0x0009f000-0x0009ffff]
[    0.167495] PM: hibernation: Registered nosave memory: [mem 0x000a0000-0x000effff]
[    0.168922] PM: hibernation: Registered nosave memory: [mem 0x000f0000-0x000fffff]
[    0.170265] [mem 0x80000000-0xfeffbfff] available for PCI devices
[    0.171443] Booting paravirtualized kernel on KVM
[    0.172596] clocksource: refined-jiffies: mask: 0xffffffff max_cycles: 0xffffffff, max_idle_ns: 7645519600211568 ns
[    0.174737] setup_percpu: NR_CPUS:8192 nr_cpumask_bits:2 nr_cpu_ids:2 nr_node_ids:1
[    0.186150] percpu: Embedded 63 pages/cpu s221184 r8192 d28672 u1048576
[    0.197679] kvm-guest: setup async PF for cpu 0
[    0.199304] kvm-guest: stealtime: cpu 0, msr 7dc35080
[    0.200774] kvm-guest: PV spinlocks enabled
[    0.201969] PV qspinlock hash table entries: 256 (order: 0, 4096 bytes, linear)
[    0.204220] Built 1 zonelists, mobility grouping on.  Total pages: 515808
[    0.206217] Policy zone: DMA32
[    0.207230] Kernel command line: net.ifnames=0 console=ttyS0 root=/dev/sda earlyprintk=serial net.ifnames=0
[    0.214850] Dentry cache hash table entries: 262144 (order: 9, 2097152 bytes, linear)
[    0.218056] Inode-cache hash table entries: 131072 (order: 8, 1048576 bytes, linear)
[    0.220043] mem auto-init: stack:off, heap alloc:off, heap free:off
[    0.237874] Memory: 1987440K/2096632K available (30737K kernel code, 5257K rwdata, 7776K rodata, 3152K init, 22088K bss, 108936K reserved, 0K cma-reserved)
[    0.241513] random: get_random_u64 called from __kmem_cache_create+0x2f/0x4d0 with crng_init=0
[    0.243131] SLUB: HWalign=64, Order=0-3, MinObjects=0, CPUs=2, Nodes=1
[    0.246219] kmemleak: Kernel memory leak detector disabled
[    0.247386] ftrace: allocating 65309 entries in 256 pages
[    0.397747] ftrace: allocated 256 pages with 1 groups
[    0.406302] Dynamic Preempt: none
[    0.408269] Running RCU self tests
[    0.409405] rcu: Preemptible hierarchical RCU implementation.
[    0.410839] rcu: 	RCU lockdep checking is enabled.
[    0.411988] rcu: 	RCU restricting CPUs from NR_CPUS=8192 to nr_cpu_ids=2.
[    0.413669] 	Trampoline variant of Tasks RCU enabled.
[    0.414893] 	Rude variant of Tasks RCU enabled.
[    0.415973] 	Tracing variant of Tasks RCU enabled.
[    0.417180] rcu: RCU calculated value of scheduler-enlistment delay is 25 jiffies.
[    0.419381] rcu: Adjusting geometry for rcu_fanout_leaf=16, nr_cpu_ids=2
[    0.459118] NR_IRQS: 524544, nr_irqs: 440, preallocated irqs: 16
[    0.476662] Console: colour VGA+ 80x25
[    0.477436] printk: console [ttyS0] enabled
[    0.477436] printk: console [ttyS0] enabled
[    0.478785] printk: bootconsole [earlyser0] disabled
[    0.478785] printk: bootconsole [earlyser0] disabled
[    0.480436] Lock dependency validator: Copyright (c) 2006 Red Hat, Inc., Ingo Molnar
[    0.481702] ... MAX_LOCKDEP_SUBCLASSES:  8
[    0.482366] ... MAX_LOCK_DEPTH:          48
[    0.483054] ... MAX_LOCKDEP_KEYS:        8192
[    0.483760] ... CLASSHASH_SIZE:          4096
[    0.484461] ... MAX_LOCKDEP_ENTRIES:     32768
[    0.485170] ... MAX_LOCKDEP_CHAINS:      65536
[    0.485877] ... CHAINHASH_SIZE:          32768
[    0.486583]  memory used by lock dependency info: 6365 kB
[    0.487445]  memory used for stack traces: 4224 kB
[    0.488205]  per task-struct memory footprint: 1920 bytes
[    0.489174] ACPI: Core revision 20210930
[    0.490265] clocksource: hpet: mask: 0xffffffff max_cycles: 0xffffffff, max_idle_ns: 19112604467 ns
[    0.491937] APIC: Switch to symmetric I/O mode setup
[    0.493057] x2apic enabled
[    0.493832] Switched APIC routing to physical x2apic.
[    0.494630] kvm-guest: setup PV IPIs
[    0.496727] ..TIMER: vector=0x30 apic1=0 pin1=2 apic2=-1 pin2=-1
[    0.497709] clocksource: tsc-early: mask: 0xffffffffffffffff max_cycles: 0x1a03dfe73b3, max_idle_ns: 440795256845 ns
[    0.499387] Calibrating delay loop (skipped) preset value.. 3609.60 BogoMIPS (lpj=7219200)
[    0.503381] pid_max: default: 32768 minimum: 301
[    0.504258] LSM: Security Framework initializing
[    0.505011] Yama: becoming mindful.
[    0.505784] Mount-cache hash table entries: 4096 (order: 3, 32768 bytes, linear)
[    0.507414] Mountpoint-cache hash table entries: 4096 (order: 3, 32768 bytes, linear)
[    0.511524] x86/cpu: User Mode Instruction Prevention (UMIP) activated
[    0.516299] Last level iTLB entries: 4KB 0, 2MB 0, 4MB 0
[    0.517224] Last level dTLB entries: 4KB 0, 2MB 0, 4MB 0, 1GB 0
[    0.518312] Spectre V1 : Mitigation: usercopy/swapgs barriers and __user pointer sanitization
[    0.520843] Spectre V2 : Mitigation: Enhanced IBRS
[    0.521633] Spectre V2 : Spectre v2 / SpectreRSB mitigation: Filling RSB on context switch
[    0.523048] Spectre V2 : mitigation: Enabling conditional Indirect Branch Prediction Barrier
[    0.523382] Speculative Store Bypass: Mitigation: Speculative Store Bypass disabled via prctl
[    0.594806] Freeing SMP alternatives memory: 56K
[    0.596511] smpboot: CPU0: Intel(R) Core(TM) i3-N305 (family: 0x6, model: 0xbe, stepping: 0x0)
[    0.599322] Running RCU-tasks wait API self tests
[    0.703651] Performance Events: generic architected perfmon, full-width counters, Intel PMU driver.
[    0.705154] ... version:                2
[    0.705765] ... bit width:              48
[    0.706364] ... generic registers:      6
[    0.706983] ... value mask:             0000ffffffffffff
[    0.707384] ... max period:             00007fffffffffff
[    0.708212] ... fixed-purpose events:   3
[    0.708820] ... event mask:             000000070000003f
[    0.710406] rcu: Hierarchical SRCU implementation.
[    0.711489] Callback from call_rcu_tasks_trace() invoked.
[    0.716939] smp: Bringing up secondary CPUs ...
[    0.718769] x86: Booting SMP configuration:
[    0.719416] .... node  #0, CPUs:      #1
[    0.038492] kvm-clock: cpu 1, msr 5401041, secondary cpu clock
[    0.720716] kvm-guest: setup async PF for cpu 1
[    0.721053] kvm-guest: stealtime: cpu 1, msr 7dd35080
[    0.723561] smp: Brought up 1 node, 2 CPUs
[    0.724271] smpboot: Max logical packages: 1
[    0.724917] smpboot: Total of 2 processors activated (7219.20 BogoMIPS)
[    0.732151] devtmpfs: initialized
[    0.732463] x86/mm: Memory block size: 128MB
[    0.736154] clocksource: jiffies: mask: 0xffffffff max_cycles: 0xffffffff, max_idle_ns: 7645041785100000 ns
[    0.739418] futex hash table entries: 512 (order: 4, 65536 bytes, linear)
[    0.741144] pinctrl core: initialized pinctrl subsystem
[    0.743092] 
[    0.743384] *************************************************************
[    0.744442] **     NOTICE NOTICE NOTICE NOTICE NOTICE NOTICE NOTICE    **
[    0.745488] **                                                         **
[    0.746513] **  IOMMU DebugFS SUPPORT HAS BEEN ENABLED IN THIS KERNEL  **
[    0.747380] **                                                         **
[    0.748366] ** This means that this kernel is built to expose internal **
[    0.749372] ** IOMMU data structures, which may compromise security on **
[    0.750363] ** your system.                                            **
[    0.751381] **                                                         **
[    0.752374] ** If you see this message and you are not debugging the   **
[    0.753402] ** kernel, report this immediately to your vendor!         **
[    0.754404] **                                                         **
[    0.755378] **     NOTICE NOTICE NOTICE NOTICE NOTICE NOTICE NOTICE    **
[    0.756361] *************************************************************
[    0.757499] PM: RTC time: 01:47:11, date: 2023-03-16
[    0.760260] NET: Registered PF_NETLINK/PF_ROUTE protocol family
[    0.762083] DMA: preallocated 256 KiB GFP_KERNEL pool for atomic allocations
[    0.763193] DMA: preallocated 256 KiB GFP_KERNEL|GFP_DMA pool for atomic allocations
[    0.763412] DMA: preallocated 256 KiB GFP_KERNEL|GFP_DMA32 pool for atomic allocations
[    0.764693] audit: initializing netlink subsys (disabled)
[    0.765590] audit: type=2000 audit(1678931232.349:1): state=initialized audit_enabled=0 res=1
[    0.765590] thermal_sys: Registered thermal governor 'fair_share'
[    0.765590] thermal_sys: Registered thermal governor 'bang_bang'
[    0.765768] thermal_sys: Registered thermal governor 'step_wise'
[    0.766625] thermal_sys: Registered thermal governor 'user_space'
[    0.767366] cpuidle: using governor ladder
[    0.768029] cpuidle: using governor menu
[    0.769115] acpiphp: ACPI Hot Plug PCI Controller Driver version: 0.5
[    0.779970] PCI: Using configuration type 1 for base access
[    0.796479] kprobes: kprobe jump-optimization is enabled. All kprobes are optimized if possible.
[    0.799564] HugeTLB registered 1.00 GiB page size, pre-allocated 0 pages
[    0.803399] HugeTLB registered 2.00 MiB page size, pre-allocated 0 pages
[    0.810599] Callback from call_rcu_tasks_rude() invoked.
[    0.812195] ACPI: Added _OSI(Module Device)
[    0.812901] ACPI: Added _OSI(Processor Device)
[    0.813554] ACPI: Added _OSI(3.0 _SCP Extensions)
[    0.814259] ACPI: Added _OSI(Processor Aggregator Device)
[    0.815081] ACPI: Added _OSI(Linux-Dell-Video)
[    0.815386] ACPI: Added _OSI(Linux-Lenovo-NV-HDMI-Audio)
[    0.816189] ACPI: Added _OSI(Linux-HPI-Hybrid-Graphics)
[    0.825469] ACPI: 1 ACPI AML tables successfully acquired and loaded
[    0.831655] ACPI: Interpreter enabled
[    0.832393] ACPI: PM: (supports S0 S3 S4 S5)
[    0.833031] ACPI: Using IOAPIC for interrupt routing
[    0.833873] PCI: Using host bridge windows from ACPI; if necessary, use "pci=nocrs" and report a bug
[    0.836375] ACPI: Enabled 2 GPEs in block 00 to 0F
[    0.862049] ACPI: PCI Root Bridge [PCI0] (domain 0000 [bus 00-ff])
[    0.863057] acpi PNP0A03:00: _OSC: OS supports [ASPM ClockPM Segments MSI EDR HPX-Type3]
[    0.863511] acpi PNP0A03:00: fail to add MMCONFIG information, can't access extended PCI configuration space under this bridge.
[    0.868326] acpiphp: Slot [3] registered
[    0.869083] acpiphp: Slot [4] registered
[    0.869792] acpiphp: Slot [5] registered
[    0.870497] acpiphp: Slot [6] registered
[    0.871185] acpiphp: Slot [7] registered
[    0.871487] acpiphp: Slot [8] registered
[    0.872195] acpiphp: Slot [9] registered
[    0.872918] acpiphp: Slot [10] registered
[    0.873656] acpiphp: Slot [11] registered
[    0.874410] acpiphp: Slot [12] registered
[    0.875136] acpiphp: Slot [13] registered
[    0.875509] acpiphp: Slot [14] registered
[    0.876258] acpiphp: Slot [15] registered
[    0.877011] acpiphp: Slot [16] registered
[    0.877732] acpiphp: Slot [17] registered
[    0.878623] acpiphp: Slot [18] registered
[    0.879337] acpiphp: Slot [19] registered
[    0.879497] acpiphp: Slot [20] registered
[    0.880241] acpiphp: Slot [21] registered
[    0.880993] acpiphp: Slot [22] registered
[    0.881708] acpiphp: Slot [23] registered
[    0.882409] acpiphp: Slot [24] registered
[    0.883101] acpiphp: Slot [25] registered
[    0.883493] acpiphp: Slot [26] registered
[    0.884219] acpiphp: Slot [27] registered
[    0.884936] acpiphp: Slot [28] registered
[    0.885642] acpiphp: Slot [29] registered
[    0.886346] acpiphp: Slot [30] registered
[    0.887107] acpiphp: Slot [31] registered
[    0.887460] PCI host bridge to bus 0000:00
[    0.888097] pci_bus 0000:00: root bus resource [io  0x0000-0x0cf7 window]
[    0.889121] pci_bus 0000:00: root bus resource [io  0x0d00-0xffff window]
[    0.890115] pci_bus 0000:00: root bus resource [mem 0x000a0000-0x000bffff window]
[    0.891214] pci_bus 0000:00: root bus resource [mem 0x80000000-0xfebfffff window]
[    0.891384] pci_bus 0000:00: root bus resource [mem 0x100000000-0x17fffffff window]
[    0.892497] pci_bus 0000:00: root bus resource [bus 00-ff]
[    0.893487] pci 0000:00:00.0: [8086:1237] type 00 class 0x060000
[    0.899759] pci 0000:00:01.0: [8086:7000] type 00 class 0x060100
[    0.901899] pci 0000:00:01.1: [8086:7010] type 00 class 0x010180
[    0.904748] pci 0000:00:01.1: reg 0x20: [io  0xc040-0xc04f]
[    0.906527] pci 0000:00:01.1: legacy IDE quirk: reg 0x10: [io  0x01f0-0x01f7]
[    0.907385] pci 0000:00:01.1: legacy IDE quirk: reg 0x14: [io  0x03f6]
[    0.908363] pci 0000:00:01.1: legacy IDE quirk: reg 0x18: [io  0x0170-0x0177]
[    0.909439] pci 0000:00:01.1: legacy IDE quirk: reg 0x1c: [io  0x0376]
[    0.910891] pci 0000:00:01.3: [8086:7113] type 00 class 0x068000
[    0.912089] pci 0000:00:01.3: quirk: [io  0x0600-0x063f] claimed by PIIX4 ACPI
[    0.913516] pci 0000:00:01.3: quirk: [io  0x0700-0x070f] claimed by PIIX4 SMB
[    0.915424] Callback from call_rcu_tasks() invoked.
[    0.915643] pci 0000:00:02.0: [1234:1111] type 00 class 0x030000
[    0.919877] pci 0000:00:02.0: reg 0x10: [mem 0xfd000000-0xfdffffff pref]
[    0.923444] pci 0000:00:02.0: reg 0x18: [mem 0xfebf0000-0xfebf0fff]
[    0.930320] pci 0000:00:02.0: reg 0x30: [mem 0xfebe0000-0xfebeffff pref]
[    0.937799] pci 0000:00:03.0: [8086:100e] type 00 class 0x020000
[    0.939384] pci 0000:00:03.0: reg 0x10: [mem 0xfebc0000-0xfebdffff]
[    0.941019] pci 0000:00:03.0: reg 0x14: [io  0xc000-0xc03f]
[    0.945701] pci 0000:00:03.0: reg 0x30: [mem 0xfeb80000-0xfebbffff pref]
[    0.973085] ACPI: PCI: Interrupt link LNKA configured for IRQ 10
[    0.974671] ACPI: PCI: Interrupt link LNKB configured for IRQ 10
[    0.976028] ACPI: PCI: Interrupt link LNKC configured for IRQ 11
[    0.977613] ACPI: PCI: Interrupt link LNKD configured for IRQ 11
[    0.978804] ACPI: PCI: Interrupt link LNKS configured for IRQ 9
[    0.981672] iommu: Default domain type: Translated 
[    0.981672] iommu: DMA domain TLB invalidation policy: lazy mode 
[    0.983653] pci 0000:00:02.0: vgaarb: setting as boot VGA device
[    0.984522] pci 0000:00:02.0: vgaarb: VGA device added: decodes=io+mem,owns=io+mem,locks=none
[    0.984522] pci 0000:00:02.0: vgaarb: bridge control possible
[    0.984522] vgaarb: loaded
[    0.986530] SCSI subsystem initialized
[    0.991420] ACPI: bus type USB registered
[    0.992271] usbcore: registered new interface driver usbfs
[    0.993270] usbcore: registered new interface driver hub
[    0.994190] usbcore: registered new device driver usb
[    0.995189] pps_core: LinuxPPS API ver. 1 registered
[    0.995379] pps_core: Software ver. 5.3.6 - Copyright 2005-2007 Rodolfo Giometti <giometti@linux.it>
[    0.996733] PTP clock support registered
[    0.997460] EDAC MC: Ver: 3.0.0
[    1.001205] NetLabel: Initializing
[    1.001772] NetLabel:  domain hash size = 128
[    1.001772] NetLabel:  protocols = UNLABELED CIPSOv4 CALIPSO
[    1.001772] NetLabel:  unlabeled traffic allowed by default
[    1.003514] PCI: Using ACPI for IRQ routing
[    1.004649] hpet0: at MMIO 0xfed00000, IRQs 2, 8, 0
[    1.007487] hpet0: 3 comparators, 64-bit 100.000000 MHz counter
[    1.013020] clocksource: Switched to clocksource kvm-clock
[    1.279985] VFS: Disk quotas dquot_6.6.0
[    1.280820] VFS: Dquot-cache hash table entries: 512 (order 0, 4096 bytes)
[    1.282527] pnp: PnP ACPI init
[    1.286176] pnp: PnP ACPI: found 6 devices
[    1.304055] clocksource: acpi_pm: mask: 0xffffff max_cycles: 0xffffff, max_idle_ns: 2085701024 ns
[    1.306117] NET: Registered PF_INET protocol family
[    1.307443] IP idents hash table entries: 32768 (order: 6, 262144 bytes, linear)
[    1.309935] tcp_listen_portaddr_hash hash table entries: 1024 (order: 4, 81920 bytes, linear)
[    1.311493] TCP established hash table entries: 16384 (order: 5, 131072 bytes, linear)
[    1.313185] TCP bind hash table entries: 16384 (order: 8, 1179648 bytes, linear)
[    1.316504] TCP: Hash tables configured (established 16384 bind 16384)
[    1.318033] UDP hash table entries: 1024 (order: 5, 163840 bytes, linear)
[    1.319514] UDP-Lite hash table entries: 1024 (order: 5, 163840 bytes, linear)
[    1.321260] NET: Registered PF_UNIX/PF_LOCAL protocol family
[    1.323926] RPC: Registered named UNIX socket transport module.
[    1.324965] RPC: Registered udp transport module.
[    1.325731] RPC: Registered tcp transport module.
[    1.326497] RPC: Registered tcp NFSv4.1 backchannel transport module.
[    1.327654] pci_bus 0000:00: resource 4 [io  0x0000-0x0cf7 window]
[    1.328771] pci_bus 0000:00: resource 5 [io  0x0d00-0xffff window]
[    1.329746] pci_bus 0000:00: resource 6 [mem 0x000a0000-0x000bffff window]
[    1.330856] pci_bus 0000:00: resource 7 [mem 0x80000000-0xfebfffff window]
[    1.332147] pci_bus 0000:00: resource 8 [mem 0x100000000-0x17fffffff window]
[    1.333955] pci 0000:00:01.0: PIIX3: Enabling Passive Release
[    1.334965] pci 0000:00:00.0: Limiting direct PCI/PCI transfers
[    1.336028] pci 0000:00:01.0: Activating ISA DMA hang workarounds
[    1.337170] pci 0000:00:02.0: Video device with shadowed ROM at [mem 0x000c0000-0x000dffff]
[    1.338577] PCI: CLS 0 bytes, default 64
[    1.339509] ACPI: bus type thunderbolt registered
[    1.340804] clocksource: tsc: mask: 0xffffffffffffffff max_cycles: 0x1a03dfe73b3, max_idle_ns: 440795256845 ns
[    5.210612] Initialise system trusted keyrings
[    5.211936] Key type blacklist registered
[    5.213293] workingset: timestamp_bits=36 max_order=19 bucket_order=0
[    5.231225] zbud: loaded
[    5.236034] squashfs: version 4.0 (2009/01/31) Phillip Lougher
[    5.240936] NFS: Registering the id_resolver key type
[    5.242186] Key type id_resolver registered
[    5.243122] Key type id_legacy registered
[    5.244421] nfs4filelayout_init: NFSv4 File Layout Driver Registering...
[    5.245907] nfs4flexfilelayout_init: NFSv4 Flexfile Layout Driver Registering...
[    5.248037] fuse: init (API version 7.34)
[    5.249891] SGI XFS with ACLs, security attributes, realtime, quota, no debug enabled
[    5.255897] 9p: Installing v9fs 9p2000 file system support
[    5.269271] Key type asymmetric registered
[    5.270196] Asymmetric key parser 'x509' registered
[    5.271502] Block layer SCSI generic (bsg) driver version 0.4 loaded (major 244)
[    5.273430] io scheduler mq-deadline registered
[    5.274602] io scheduler bfq registered
[    5.277999] shpchp: Standard Hot Plug PCI Controller Driver version: 0.4
[    5.280319] IPMI message handler: version 39.2
[    5.281345] ipmi device interface
[    5.284776] input: Power Button as /devices/LNXSYSTM:00/LNXPWRBN:00/input/input0
[    5.286707] ACPI: button: Power Button [PWRF]
[    5.290096] ERST DBG: ERST support is disabled.
[    5.292351] Serial: 8250/16550 driver, 32 ports, IRQ sharing enabled
[    5.294985] 00:04: ttyS0 at I/O 0x3f8 (irq = 4, base_baud = 115200) is a 16550A
[    5.316437] Linux agpgart interface v0.103
[    5.319114] ACPI: bus type drm_connector registered
[    5.358646] brd: module loaded
[    5.430683] loop: module loaded
[    5.445876] scsi host0: ata_piix
[    5.449611] scsi host1: ata_piix
[    5.451213] ata1: PATA max MWDMA2 cmd 0x1f0 ctl 0x3f6 bmdma 0xc040 irq 14
[    5.453253] ata2: PATA max MWDMA2 cmd 0x170 ctl 0x376 bmdma 0xc048 irq 15
[    5.457105] libphy: Fixed MDIO Bus: probed
[    5.459030] tun: Universal TUN/TAP device driver, 1.6
[    5.462629] e100: Intel(R) PRO/100 Network Driver
[    5.464431] e100: Copyright(c) 1999-2006 Intel Corporation
[    5.466284] e1000: Intel(R) PRO/1000 Network Driver
[    5.467325] e1000: Copyright (c) 1999-2006 Intel Corporation.
[    5.617257] ata2.00: ATAPI: QEMU DVD-ROM, 2.5+, max UDMA/100
[    5.620146] ata1.00: ATA-7: QEMU HARDDISK, 2.5+, max UDMA/100
[    5.621232] ata1.00: 16777216 sectors, multi 16: LBA48 
[    5.623694] ata1.00: Read log page 0x00 failed, Emask 0x1
[    5.625380] ata1.00: ATA Identify Device Log not supported
[    5.630169] ata1.00: Read log page 0x00 failed, Emask 0x1
[    5.631334] ata1.00: ATA Identify Device Log not supported
[    5.633978] scsi 0:0:0:0: Direct-Access     ATA      QEMU HARDDISK    2.5+ PQ: 0 ANSI: 5
[    5.638109] scsi 0:0:0:0: Attached scsi generic sg0 type 0
[    5.641534] scsi 1:0:0:0: CD-ROM            QEMU     QEMU DVD-ROM     2.5+ PQ: 0 ANSI: 5
[    5.659645] sd 0:0:0:0: [sda] 16777216 512-byte logical blocks: (8.59 GB/8.00 GiB)
[    5.662615] scsi 1:0:0:0: Attached scsi generic sg1 type 5
[    5.665184] sd 0:0:0:0: [sda] Write Protect is off
[    5.666984] sd 0:0:0:0: [sda] Write cache: enabled, read cache: enabled, doesn't support DPO or FUA
[    5.720070] sd 0:0:0:0: [sda] Attached SCSI disk
[    5.821442] ACPI: \_SB_.LNKC: Enabled at IRQ 11
[    6.215596] e1000 0000:00:03.0 eth0: (PCI:33MHz:32-bit) 52:54:00:12:34:56
[    6.217380] e1000 0000:00:03.0 eth0: Intel(R) PRO/1000 Network Connection
[    6.219076] e1000e: Intel(R) PRO/1000 Network Driver
[    6.220178] e1000e: Copyright(c) 1999 - 2015 Intel Corporation.
[    6.221528] igb: Intel(R) Gigabit Ethernet Network Driver
[    6.222541] igb: Copyright (c) 2007-2014 Intel Corporation.
[    6.224096] PPP generic driver version 2.4.2
[    6.227142] VFIO - User Level meta-driver version: 0.3
[    6.228701] ehci_hcd: USB 2.0 'Enhanced' Host Controller (EHCI) Driver
[    6.230165] ehci-pci: EHCI PCI platform driver
[    6.231266] ehci-platform: EHCI generic platform driver
[    6.232665] ohci_hcd: USB 1.1 'Open' Host Controller (OHCI) Driver
[    6.233925] ohci-pci: OHCI PCI platform driver
[    6.234998] ohci-platform: OHCI generic platform driver
[    6.236196] uhci_hcd: USB Universal Host Controller Interface driver
[    6.238420] usbcore: registered new interface driver uas
[    6.239495] usbcore: registered new interface driver usb-storage
[    6.240762] i8042: PNP: PS/2 Controller [PNP0303:KBD,PNP0f13:MOU] at 0x60,0x64 irq 1,12
[    6.244973] serio: i8042 KBD port at 0x60,0x64 irq 1
[    6.245958] serio: i8042 AUX port at 0x60,0x64 irq 12
[    6.248327] mousedev: PS/2 mouse device common for all mice
[    6.251237] rtc_cmos 00:05: RTC can wake from S4
[    6.255126] rtc_cmos 00:05: registered as rtc0
[    6.255288] input: AT Translated Set 2 keyboard as /devices/platform/i8042/serio0/input/input1
[    6.257845] rtc_cmos 00:05: setting system clock to 2023-03-16T01:47:17 UTC (1678931237)
[    6.262447] input: VirtualPS/2 VMware VMMouse as /devices/platform/i8042/serio1/input/input4
[    6.265821] rtc_cmos 00:05: alarms up to one day, y3k, 242 bytes nvram, hpet irqs
[    6.269750] input: VirtualPS/2 VMware VMMouse as /devices/platform/i8042/serio1/input/input3
[    6.269961] i2c_dev: i2c /dev entries driver
[    6.274227] device-mapper: core: CONFIG_IMA_DISABLE_HTABLE is disabled. Duplicate IMA measurements will not be recorded in the IMA log.
[    6.280027] device-mapper: uevent: version 1.0.3
[    6.282051] device-mapper: ioctl: 4.45.0-ioctl (2021-03-22) initialised: dm-devel@redhat.com
[    6.284387] intel_pstate: CPU model not supported
[    6.285569] sdhci: Secure Digital Host Controller Interface driver
[    6.286720] sdhci: Copyright(c) Pierre Ossman
[    6.287760] sdhci-pltfm: SDHCI platform and OF driver helper
[    6.289429] ledtrig-cpu: registered to indicate activity on CPUs
[    6.291306] drop_monitor: Initializing network drop monitor service
[    6.293765] NET: Registered PF_INET6 protocol family
[    6.303298] Segment Routing with IPv6
[    6.304336] In-situ OAM (IOAM) with IPv6
[    6.305296] NET: Registered PF_PACKET protocol family
[    6.307513] 9pnet: Installing 9P2000 support
[    6.308753] Key type dns_resolver registered
[    6.311231] IPI shorthand broadcast: enabled
[    6.312466] sched_clock: Marking stable (6277775509, 34492458)->(6334928771, -22660804)
[    6.315729] registered taskstats version 1
[    6.317034] Loading compiled-in X.509 certificates
[    6.319148] zswap: loaded using pool lzo/zbud
[    6.321664] Key type ._fscrypt registered
[    6.322533] Key type .fscrypt registered
[    6.323321] Key type fscrypt-provisioning registered
[    6.327955] Key type encrypted registered
[    6.328972] ima: No TPM chip found, activating TPM-bypass!
[    6.330047] ima: Allocated hash algorithm: sha1
[    6.331069] ima: No architecture policies found
[    6.332512] evm: Initialising EVM extended attributes:
[    6.333538] evm: security.selinux
[    6.334158] evm: security.SMACK64
[    6.334807] evm: security.SMACK64EXEC
[    6.335538] evm: security.SMACK64TRANSMUTE
[    6.336298] evm: security.SMACK64MMAP
[    6.337009] evm: security.apparmor
[    6.337655] evm: security.ima
[    6.338222] evm: security.capability
[    6.338880] evm: HMAC attrs: 0x1
[    6.353858] PM:   Magic number: 15:521:761
[    6.356285] RAS: Correctable Errors collector initialized.
[    6.360075] md: Waiting for all devices to be available before autodetect
[    6.361491] md: If you don't use raid, use raid=noautodetect
[    6.362668] md: Autodetecting RAID arrays.
[    6.363785] md: autorun ...
[    6.364399] md: ... autorun DONE.
[    6.386541] EXT4-fs (sda): mounted filesystem with ordered data mode. Opts: (null). Quota mode: none.
[    6.388878] VFS: Mounted root (ext4 filesystem) readonly on device 8:0.
[    6.395736] devtmpfs: mounted
[    6.409066] Freeing unused decrypted memory: 2036K
[    6.415151] Freeing unused kernel image (initmem) memory: 3152K
[    6.416860] Write protecting the kernel read-only data: 40960k
[    6.424718] Freeing unused kernel image (text/rodata gap) memory: 2028K
[    6.427195] Freeing unused kernel image (rodata/data gap) memory: 416K
[    6.616217] x86/mm: Checked W+X mappings: passed, no W+X pages found.
[    6.617811] Run /sbin/init as init process
[    6.874401] random: fast init done
[    7.057209] systemd[1]: RTC configured in localtime, applying delta of 0 minutes to system time.
[    7.224752] systemd[1]: systemd 239 (239-49.el8) running in system mode. (+PAM +AUDIT +SELINUX +IMA -APPARMOR +SMACK +SYSVINIT +UTMP +LIBCRYPTSETUP +GCRYPT +GNUTLS +ACL +XZ +LZ4 +SECCOMP +BLKID +ELFUTILS +KMOD +IDN2 -IDN +PCRE2 default-hierarchy=legacy)
[    7.236853] systemd[1]: Detected virtualization kvm.
[    7.238451] systemd[1]: Detected architecture x86-64.

Welcome to [0;31mCentOS Stream 8[0m!

[    7.285677] systemd[1]: Set hostname to <test>.
[    7.925836] random: lvmconfig: uninitialized urandom read (4 bytes read)
[    8.296590] random: systemd: uninitialized urandom read (16 bytes read)
[    8.306181] systemd[1]: Created slice system-getty.slice.
[[0;32m  OK  [0m] Created slice system-getty.slice.
[    8.310116] random: systemd: uninitialized urandom read (16 bytes read)
[    8.312717] systemd[1]: Listening on Device-mapper event daemon FIFOs.
[[0;32m  OK  [0m] Listening on Device-mapper event daemon FIFOs.
[    8.316517] systemd[1]: Listening on udev Kernel Socket.
[[0;32m  OK  [0m] Listening on udev Kernel Socket.
[    8.320955] systemd[1]: Listening on Journal Socket (/dev/log).
[[0;32m  OK  [0m] Listening on Journal Socket (/dev/log).
[    8.324098] systemd[1]: Reached target Swap.
[[0;32m  OK  [0m] Reached target Swap.
[    8.328435] systemd[1]: Listening on Journal Socket.
[[0;32m  OK  [0m] Listening on Journal Socket.
         Mounting Huge Pages File System...
         Mounting POSIX Message Queue File System...
         Starting Remount Root and Kernel File Systems...
[[0;32m  OK  [0m] Listening on multipathd control socket.
         Starting Monitoring of LVM2 mirrorsâ€¦ng dmeventd or progress polling...
[[0;32m  OK  [0m] Listening on LVM2 poll daemon socket.
[[0;32m  OK  [0m] Listening on initctl Compatibility Named Pipe.
         Mounting Kernel Debug File System...
         Starting Journal Service...
[[0;32m  OK  [0m] Set up automount Arbitrary Executabâ€¦rmats File System Automount Point.
[[0;32m  OK  [0m] Created slice User and Session Slice.
[[0;32m  OK  [0m] Reached target Slices.
         Starting Load Kernel Modules...
[[0;32m  OK  [0m] Listening on Process Core Dump Socket.
[[0;32m  OK  [0m] Listening on RPCbind Server Activation Socket.
[[0;32m  OK  [0m] Reached target RPC Port Mapper.
[[0;32m  OK  [0m] Created slice system-serial\x2dgetty.slice.
[[0;32m  OK  [0m] Listening on udev Control Socket.
         Starting udev Coldplug all Devices...
[[0;32m  OK  [0m] Created slice system-sshd\x2dkeygen.slice.
         Starting Setup Virtual Console...
[[0;32m  OK  [0m] Started Forward Password Requests to Wall Directory Watch.
[    9.175659] EXT4-fs (sda): re-mounted. Opts: (null). Quota mode: none.
[[0;32m  OK  [0m] Mounted Huge Pages File System.
[[0;32m  OK  [0m] Mounted POSIX Message Queue File System.
[[0;32m  OK  [0m] Started Journal Service.
[[0;32m  OK  [0m] Started Remount Root and Kernel File Systems.
[[0;32m  OK  [0m] Started Monitoring of LVM2 mirrors,â€¦sing dmeventd or progress polling.
[[0;32m  OK  [0m] Mounted Kernel Debug File System.
[[0;1;31mFAILED[0m] Failed to start Load Kernel Modules.
See 'systemctl status systemd-modules-load.service' for details.
         Starting Apply Kernel Variables...
         Mounting Kernel Configuration File System...
         Mounting FUSE Control File System...
         Starting Create Static Device Nodes in /dev...
         Starting Load/Save Random Seed...
         Starting Flush Journal to Persistent Storage...
[[0;32m  OK  [0m] Started Apply Kernel Variables.
[[0;32m  OK  [0m] Mounted Kernel Configuration File System.
[[0;32m  OK  [0m] Mounted FUSE Control File System.
[[0;32m  OK  [0m] Started Setup Virtual Console.
[[0;32m  OK  [0m] Started Create Static Device Nodes in /dev.
[[0;32m  OK  [0m] Started Load/Save Random Seed.
         Starting udev Kernel Device Manager...
[[0;32m  OK  [0m] Started Flush Journal to Persistent Storage.
[[0;32m  OK  [0m] Started udev Kernel Device Manager.
[[0;32m  OK  [0m] Started udev Coldplug all Devices.
         Starting Show Plymouth Boot Screen...
         Starting udev Wait for Complete Device Initialization...
[[0;32m  OK  [0m] Started Show Plymouth Boot Screen.
[[0;32m  OK  [0m] Reached target Paths.
[[0;32m  OK  [0m] Reached target Local Encrypted Volumes.
[[0;32m  OK  [0m] Started Forward Password Requests to Plymouth Directory Watch.
[   10.835898] random: crng init done
[   10.837892] random: 7 urandom warning(s) missed due to ratelimiting
[[0;32m  OK  [0m] Found device /dev/ttyS0.
[[0;32m  OK  [0m] Listening on Load/Save RF Kill Switch Status /dev/rfkill Watch.
[[0;32m  OK  [0m] Started udev Wait for Complete Device Initialization.
[[0;32m  OK  [0m] Reached target Local File Systems (Pre).
[[0;32m  OK  [0m] Reached target Local File Systems.
         Starting Restore /run/initramfs on shutdown...
         Starting Tell Plymouth To Write Out Runtime Data...
         Starting Create Volatile Files and Directories...
[[0;32m  OK  [0m] Started Restore /run/initramfs on shutdown.
[[0;32m  OK  [0m] Started Tell Plymouth To Write Out Runtime Data.
[[0;32m  OK  [0m] Started Create Volatile Files and Directories.
         Mounting RPC Pipe File System...
         Starting RPC Bind...
         Starting Security Auditing Service...
[[0;32m  OK  [0m] Mounted RPC Pipe File System.
[[0;32m  OK  [0m] Reached target rpc_pipefs.target.
[[0;32m  OK  [0m] Started RPC Bind.
[[0;32m  OK  [0m] Started Security Auditing Service.
         Starting Update UTMP about System Boot/Shutdown...
[[0;32m  OK  [0m] Started Update UTMP about System Boot/Shutdown.
[[0;32m  OK  [0m] Reached target System Initialization.
[[0;32m  OK  [0m] Listening on SSSD Kerberos Cache Manager responder socket.
[[0;32m  OK  [0m] Listening on D-Bus System Message Bus Socket.
[[0;32m  OK  [0m] Reached target Sockets.
[[0;32m  OK  [0m] Reached target Basic System.
[[0;32m  OK  [0m] Started irqbalance daemon.
[[0;32m  OK  [0m] Started Machine Check Exception Logging Daemon.
         Starting Self Monitoring and Reporting Technology (SMART) Daemon...
         Starting Authorization Manager...
         Starting Auto-connect to subsystemsâ€¦-NVME devices found during boot...
         Starting Login Service...
[[0;32m  OK  [0m] Started Daily Cleanup of Temporary Directories.
[[0;32m  OK  [0m] Started dnf makecache --timer.
         Starting NTP client/server...
[[0;32m  OK  [0m] Started D-Bus System Message Bus.
         Starting Network Manager...
[[0;32m  OK  [0m] Started daily update of the root trust anchor for DNSSEC.
[[0;32m  OK  [0m] Reached target Timers.
[[0;32m  OK  [0m] Reached target sshd-keygen.target.
[[0;32m  OK  [0m] Started Auto-connect to subsystems â€¦FC-NVME devices found during boot.
[[0;32m  OK  [0m] Started Self Monitoring and Reporting Technology (SMART) Daemon.
         Starting update of the root trust aâ€¦or DNSSEC validation in unbound...
[[0;32m  OK  [0m] Started Login Service.
[[0;32m  OK  [0m] Started NTP client/server.
[[0;32m  OK  [0m] Started Network Manager.
[[0;32m  OK  [0m] Reached target Network.
         Starting GSSAPI Proxy Daemon...
         Starting Dynamic System Tuning Daemon...
         Starting OpenSSH server daemon...
         Starting Network Manager Wait Online...
[[0;32m  OK  [0m] Started update of the root trust anâ€¦ for DNSSEC validation in unbound.
[[0;32m  OK  [0m] Started Authorization Manager.
[[0;32m  OK  [0m] Started GSSAPI Proxy Daemon.
[[0;32m  OK  [0m] Reached target NFS client services.
[[0;32m  OK  [0m] Reached target Remote File Systems (Pre).
[[0;32m  OK  [0m] Reached target Remote File Systems.
         Starting Permit User Sessions...
         Starting Hostname Service...
[[0;32m  OK  [0m] Started OpenSSH server daemon.
[[0;32m  OK  [0m] Started Permit User Sessions.
         Starting Hold until boot process finishes up...
[[0;32m  OK  [0m] Started Command Scheduler.
         Starting Terminate Plymouth Boot Screen...
[   15.556095] e1000: eth0 NIC Link is Up 1000 Mbps Full Duplex, Flow Control: RX
[   15.559130] IPv6: ADDRCONF(NETDEV_CHANGE): eth0: link becomes ready

CentOS Stream 8
Kernel 5.15.0-7ddb58cb0eca+ on an x86_64

test login: [   76.715664] watchdog: BUG: soft lockup - CPU#0 stuck for 26s! [repro:546]
[   76.718900] Modules linked in:
[   76.720950] irq event stamp: 666854
[   76.722809] hardirqs last  enabled at (666853): [<ffffffff8106555a>] __text_poke+0x2ea/0x4d0
[   76.726534] hardirqs last disabled at (666854): [<ffffffff82bc7a7f>] sysvec_apic_timer_interrupt+0xf/0xd0
[   76.730835] softirqs last  enabled at (440298): [<ffffffff82e00329>] __do_softirq+0x329/0x48b
[   76.734658] softirqs last disabled at (440273): [<ffffffff8110226e>] irq_exit_rcu+0xbe/0x100
[   76.738437] CPU: 0 PID: 546 Comm: repro Not tainted 5.15.0-7ddb58cb0eca+ #1
[   76.741553] Hardware name: QEMU Standard PC (i440FX + PIIX, 1996), BIOS rel-1.16.0-0-gd239552ce722-prebuilt.qemu.org 04/01/2014
[   76.746224] RIP: 0010:__text_poke+0x2f1/0x4d0
[   76.748437] Code: 8b 55 b0 48 8b 75 b8 4c 89 ef e8 5a 36 be 00 85 c0 0f 85 c4 01 00 00 48 83 7d a0 00 74 0c e8 f6 80 26 00 fb 66 0f 1f 44 00 00 <48> 8b 7d c8 e8 06 c8 b7 01 4c 89 e8 48 8b 4d d0 65 48 33 0c 25 28
[   76.755953] RSP: 0018:ffffc90000ab3a40 EFLAGS: 00000202
[   76.758813] RAX: 00000000000a2ce5 RBX: 0000000000000000 RCX: 0000000000000006
[   76.762040] RDX: 0000000000000000 RSI: 0000000000000001 RDI: 0000000000000000
[   76.765311] RBP: ffffc90000ab3aa8 R08: 0000000000000001 R09: 0000000000000001
[   76.768606] R10: ffffc90000ab37b8 R11: ffff88800585b558 R12: ffff888005aa1380
[   76.772049] R13: ffffffff82338e41 R14: 0000000000000e45 R15: 0000000000000e41
[   76.775638] FS:  00007f4491e88740(0000) GS:ffff88807dc00000(0000) knlGS:0000000000000000
[   76.779912] CS:  0010 DS: 0000 ES: 0000 CR0: 0000000080050033
[   76.783104] CR2: 00007ffe1a211318 CR3: 000000000c6ec006 CR4: 0000000000770ef0
[   76.787416] PKRU: 55555554
[   76.789590] Call Trace:
[   76.791540]  <TASK>
[   76.794705]  ? nvme_tcp_alloc_queue+0x1/0x910
[   76.798608]  text_poke+0x2b/0x60
[   76.801645]  text_poke_bp_batch+0xf5/0x2c0
[   76.805369]  ? nvmet_param_pi_enable_show+0x40/0x40
[   76.809424]  text_poke_queue+0xa7/0xc0
[   76.812886]  ftrace_replace_code+0xfd/0x170
[   76.816943]  ftrace_modify_all_code+0x1b1/0x270
[   76.820939]  arch_ftrace_update_code+0x9/0x10
[   76.824227]  ftrace_run_update_code+0x30/0xa0
[   76.827733]  ftrace_startup_enable+0x5e/0xa0
[   76.831208]  ftrace_startup+0x16d/0x240
[   76.835282]  register_ftrace_function+0x43/0x90
[   76.838919]  perf_ftrace_event_register+0xc1/0xf0
[   76.842616]  perf_trace_event_init+0x9d/0x4c0
[   76.846505]  perf_trace_init+0xda/0x160
[   76.850083]  perf_tp_event_init+0x5c/0xa0
[   76.853411]  perf_try_init_event+0x88/0x280
[   76.857342]  perf_event_alloc+0xe4f/0x1c20
[   76.860431]  ? perf_event_alloc+0x5/0x1c20
[   76.864392]  __do_sys_perf_event_open+0x3bf/0x1de0
[   76.872725]  __x64_sys_perf_event_open+0x2b/0x30
[   76.875644]  do_syscall_64+0x37/0x80
[   76.878122]  entry_SYSCALL_64_after_hwframe+0x44/0xae
[   76.880865] RIP: 0033:0x7f4491fad59d
[   76.883098] Code: 00 c3 66 2e 0f 1f 84 00 00 00 00 00 90 f3 0f 1e fa 48 89 f8 48 89 f7 48 89 d6 48 89 ca 4d 89 c2 4d 89 c8 4c 8b 4c 24 08 0f 05 <48> 3d 01 f0 ff ff 73 01 c3 48 8b 0d d3 08 0d 00 f7 d8 64 89 01 48
[   76.890780] RSP: 002b:00007ffe1a211318 EFLAGS: 00000246 ORIG_RAX: 000000000000012a
[   76.894660] RAX: ffffffffffffffda RBX: 0000000000000000 RCX: 00007f4491fad59d
[   76.897953] RDX: 0000000000000000 RSI: 00000000ffffffff RDI: 00000000200000c0
[   76.901214] RBP: 00007ffe1a211330 R08: 0000000000000000 R09: 00007ffe1a211330
[   76.904366] R10: 00000000ffffffff R11: 0000000000000246 R12: 0000000000401180
[   76.907495] R13: 00007ffe1a211450 R14: 0000000000000000 R15: 0000000000000000
[   76.914018]  </TASK>
[   76.915476] Kernel panic - not syncing: softlockup: hung tasks
[   76.918227] CPU: 0 PID: 546 Comm: repro Tainted: G             L    5.15.0-7ddb58cb0eca+ #1
[   76.921914] Hardware name: QEMU Standard PC (i440FX + PIIX, 1996), BIOS rel-1.16.0-0-gd239552ce722-prebuilt.qemu.org 04/01/2014
[   76.926814] Call Trace:
[   76.928333]  <IRQ>
[   76.929839]  dump_stack_lvl+0xa9/0xda
[   76.932485]  dump_stack+0x15/0x17
[   76.934578]  panic+0x1a9/0x534
[   76.937402]  ? watchdog_timer_fn+0x31a/0x370
[   76.940780]  watchdog_timer_fn.cold.10+0x11/0x20
[   76.944231]  __hrtimer_run_queues+0x2e3/0x7c0
[   76.947279]  ? softlockup_fn+0x40/0x40
[   76.950673]  hrtimer_interrupt+0x130/0x2a0
[   76.954729]  __sysvec_apic_timer_interrupt+0x98/0x260
[   76.957747]  sysvec_apic_timer_interrupt+0xa3/0xd0
[   76.960393]  </IRQ>
[   76.961764]  <TASK>
[   76.963573]  asm_sysvec_apic_timer_interrupt+0x12/0x20
[   76.966157] RIP: 0010:__text_poke+0x2f1/0x4d0
[   76.968413] Code: 8b 55 b0 48 8b 75 b8 4c 89 ef e8 5a 36 be 00 85 c0 0f 85 c4 01 00 00 48 83 7d a0 00 74 0c e8 f6 80 26 00 fb 66 0f 1f 44 00 00 <48> 8b 7d c8 e8 06 c8 b7 01 4c 89 e8 48 8b 4d d0 65 48 33 0c 25 28
[   76.975901] RSP: 0018:ffffc90000ab3a40 EFLAGS: 00000202
[   76.978718] RAX: 00000000000a2ce5 RBX: 0000000000000000 RCX: 0000000000000006
[   76.981865] RDX: 0000000000000000 RSI: 0000000000000001 RDI: 0000000000000000
[   76.985018] RBP: ffffc90000ab3aa8 R08: 0000000000000001 R09: 0000000000000001
[   76.988220] R10: ffffc90000ab37b8 R11: ffff88800585b558 R12: ffff888005aa1380
[   76.991530] R13: ffffffff82338e41 R14: 0000000000000e45 R15: 0000000000000e41
[   76.995130]  ? nvme_tcp_alloc_queue+0x1/0x910
[   77.001083]  ? nvme_tcp_alloc_queue+0x1/0x910
[   77.004163]  text_poke+0x2b/0x60
[   77.006637]  text_poke_bp_batch+0xf5/0x2c0
[   77.009641]  ? nvmet_param_pi_enable_show+0x40/0x40
[   77.012840]  text_poke_queue+0xa7/0xc0
[   77.015691]  ftrace_replace_code+0xfd/0x170
[   77.018823]  ftrace_modify_all_code+0x1b1/0x270
[   77.022098]  arch_ftrace_update_code+0x9/0x10
[   77.024633]  ftrace_run_update_code+0x30/0xa0
[   77.027383]  ftrace_startup_enable+0x5e/0xa0
[   77.030228]  ftrace_startup+0x16d/0x240
[   77.033701]  register_ftrace_function+0x43/0x90
[   77.036704]  perf_ftrace_event_register+0xc1/0xf0
[   77.039733]  perf_trace_event_init+0x9d/0x4c0
[   77.043119]  perf_trace_init+0xda/0x160
[   77.046099]  perf_tp_event_init+0x5c/0xa0
[   77.048830]  perf_try_init_event+0x88/0x280
[   77.052309]  perf_event_alloc+0xe4f/0x1c20
[   77.055243]  ? perf_event_alloc+0x5/0x1c20
[   77.059128]  __do_sys_perf_event_open+0x3bf/0x1de0
[   77.067273]  __x64_sys_perf_event_open+0x2b/0x30
[   77.070135]  do_syscall_64+0x37/0x80
[   77.072533]  entry_SYSCALL_64_after_hwframe+0x44/0xae
[   77.075102] RIP: 0033:0x7f4491fad59d
[   77.077276] Code: 00 c3 66 2e 0f 1f 84 00 00 00 00 00 90 f3 0f 1e fa 48 89 f8 48 89 f7 48 89 d6 48 89 ca 4d 89 c2 4d 89 c8 4c 8b 4c 24 08 0f 05 <48> 3d 01 f0 ff ff 73 01 c3 48 8b 0d d3 08 0d 00 f7 d8 64 89 01 48
[   77.084962] RSP: 002b:00007ffe1a211318 EFLAGS: 00000246 ORIG_RAX: 000000000000012a
[   77.088722] RAX: ffffffffffffffda RBX: 0000000000000000 RCX: 00007f4491fad59d
[   77.092047] RDX: 0000000000000000 RSI: 00000000ffffffff RDI: 00000000200000c0
[   77.095349] RBP: 00007ffe1a211330 R08: 0000000000000000 R09: 00007ffe1a211330
[   77.098633] R10: 00000000ffffffff R11: 0000000000000246 R12: 0000000000401180
[   77.101971] R13: 00007ffe1a211450 R14: 0000000000000000 R15: 0000000000000000
[   77.108403]  </TASK>
[   77.111518] Kernel Offset: disabled
[   77.114068] ---[ end Kernel panic - not syncing: softlockup: hung tasks ]---
