c[?7l[2J[0mSeaBIOS (version rel-1.16.0-0-gd239552ce722-prebuilt.qemu.org)


iPXE (http://ipxe.org) 00:03.0 CA00 PCI2.10 PnP PMM+7FF91000+7FEF1000 CA00
Press Ctrl-B to configure iPXE (PCI 00:03.0)...                                                                               


Booting from ROM..c[?7l[2J[0m.[    0.000000] Linux version 5.17.0-rc8-e243f39685af+ (root@p-adln01) (gcc (GCC) 8.5.0 20210514 (Red Hat 8.5.0-18), GNU ld version 2.36.1-2.el8) #1 SMP PREEMPT Mon Mar 13 16:58:24 CST 2023
[    0.000000] Command line: console=ttyS0 root=/dev/sda earlyprintk=serial net.ifnames=0
[    0.000000] KERNEL supported cpus:
[    0.000000]   Intel GenuineIntel
[    0.000000]   AMD AuthenticAMD
[    0.000000]   Hygon HygonGenuine
[    0.000000]   Centaur CentaurHauls
[    0.000000]   zhaoxin   Shanghai  
[    0.000000] x86/fpu: Supporting XSAVE feature 0x001: 'x87 floating point registers'
[    0.000000] x86/fpu: Supporting XSAVE feature 0x002: 'SSE registers'
[    0.000000] x86/fpu: Supporting XSAVE feature 0x004: 'AVX registers'
[    0.000000] x86/fpu: Supporting XSAVE feature 0x200: 'Protection Keys User registers'
[    0.000000] x86/fpu: xstate_offset[2]:  576, xstate_sizes[2]:  256
[    0.000000] x86/fpu: xstate_offset[9]:  832, xstate_sizes[9]:    8
[    0.000000] x86/fpu: Enabled xstate features 0x207, context size is 840 bytes, using 'compacted' format.
[    0.000000] signal: max sigframe size: 3632
[    0.000000] BIOS-provided physical RAM map:
[    0.000000] BIOS-e820: [mem 0x0000000000000000-0x000000000009fbff] usable
[    0.000000] BIOS-e820: [mem 0x000000000009fc00-0x000000000009ffff] reserved
[    0.000000] BIOS-e820: [mem 0x00000000000f0000-0x00000000000fffff] reserved
[    0.000000] BIOS-e820: [mem 0x0000000000100000-0x000000007ffdffff] usable
[    0.000000] BIOS-e820: [mem 0x000000007ffe0000-0x000000007fffffff] reserved
[    0.000000] BIOS-e820: [mem 0x00000000feffc000-0x00000000feffffff] reserved
[    0.000000] BIOS-e820: [mem 0x00000000fffc0000-0x00000000ffffffff] reserved
[    0.000000] printk: bootconsole [earlyser0] enabled
[    0.000000] NX (Execute Disable) protection: active
[    0.000000] SMBIOS 2.8 present.
[    0.000000] DMI: QEMU Standard PC (i440FX + PIIX, 1996), BIOS rel-1.16.0-0-gd239552ce722-prebuilt.qemu.org 04/01/2014
[    0.000000] Hypervisor detected: KVM
[    0.000000] kvm-clock: Using msrs 4b564d01 and 4b564d00
[    0.000005] kvm-clock: using sched offset of 479634986 cycles
[    0.000694] clocksource: kvm-clock: mask: 0xffffffffffffffff max_cycles: 0x1cd42e4dffb, max_idle_ns: 881590591483 ns
[    0.002826] tsc: Detected 1804.800 MHz processor
[    0.010224] last_pfn = 0x7ffe0 max_arch_pfn = 0x400000000
[    0.011062] x86/PAT: Configuration [0-7]: WB  WC  UC- UC  WB  WP  UC- WT  
[    0.019619] found SMP MP-table at [mem 0x000f5ba0-0x000f5baf]
[    0.020680] Using GB pages for direct mapping
[    0.022851] ACPI: Early table checksum verification disabled
[    0.023671] ACPI: RSDP 0x00000000000F59C0 000014 (v00 BOCHS )
[    0.024469] ACPI: RSDT 0x000000007FFE1951 000034 (v01 BOCHS  BXPC     00000001 BXPC 00000001)
[    0.025615] ACPI: FACP 0x000000007FFE17FD 000074 (v01 BOCHS  BXPC     00000001 BXPC 00000001)
[    0.026751] ACPI: DSDT 0x000000007FFE0040 0017BD (v01 BOCHS  BXPC     00000001 BXPC 00000001)
[    0.027895] ACPI: FACS 0x000000007FFE0000 000040
[    0.028521] ACPI: APIC 0x000000007FFE1871 000080 (v01 BOCHS  BXPC     00000001 BXPC 00000001)
[    0.029651] ACPI: HPET 0x000000007FFE18F1 000038 (v01 BOCHS  BXPC     00000001 BXPC 00000001)
[    0.030788] ACPI: WAET 0x000000007FFE1929 000028 (v01 BOCHS  BXPC     00000001 BXPC 00000001)
[    0.031929] ACPI: Reserving FACP table memory at [mem 0x7ffe17fd-0x7ffe1870]
[    0.032851] ACPI: Reserving DSDT table memory at [mem 0x7ffe0040-0x7ffe17fc]
[    0.033768] ACPI: Reserving FACS table memory at [mem 0x7ffe0000-0x7ffe003f]
[    0.034691] ACPI: Reserving APIC table memory at [mem 0x7ffe1871-0x7ffe18f0]
[    0.035608] ACPI: Reserving HPET table memory at [mem 0x7ffe18f1-0x7ffe1928]
[    0.036540] ACPI: Reserving WAET table memory at [mem 0x7ffe1929-0x7ffe1950]
[    0.038731] No NUMA configuration found
[    0.039248] Faking a node at [mem 0x0000000000000000-0x000000007ffdffff]
[    0.040226] NODE_DATA(0) allocated [mem 0x7ffb5000-0x7ffdffff]
[    0.044951] Zone ranges:
[    0.045313]   DMA      [mem 0x0000000000001000-0x0000000000ffffff]
[    0.046119]   DMA32    [mem 0x0000000001000000-0x000000007ffdffff]
[    0.046928]   Normal   empty
[    0.047308]   Device   empty
[    0.047693] Movable zone start for each node
[    0.048269] Early memory node ranges
[    0.048734]   node   0: [mem 0x0000000000001000-0x000000000009efff]
[    0.049555]   node   0: [mem 0x0000000000100000-0x000000007ffdffff]
[    0.050380] Initmem setup node 0 [mem 0x0000000000001000-0x000000007ffdffff]
[    0.053429] On node 0, zone DMA: 1 pages in unavailable ranges
[    0.053667] On node 0, zone DMA: 97 pages in unavailable ranges
[    0.099449] On node 0, zone DMA32: 32 pages in unavailable ranges
[    0.100787] ACPI: PM-Timer IO Port: 0x608
[    0.102256] ACPI: LAPIC_NMI (acpi_id[0xff] dfl dfl lint[0x1])
[    0.103167] IOAPIC[0]: apic_id 0, version 17, address 0xfec00000, GSI 0-23
[    0.104171] ACPI: INT_SRC_OVR (bus 0 bus_irq 0 global_irq 2 dfl dfl)
[    0.105054] ACPI: INT_SRC_OVR (bus 0 bus_irq 5 global_irq 5 high level)
[    0.105972] ACPI: INT_SRC_OVR (bus 0 bus_irq 9 global_irq 9 high level)
[    0.106891] ACPI: INT_SRC_OVR (bus 0 bus_irq 10 global_irq 10 high level)
[    0.107858] ACPI: INT_SRC_OVR (bus 0 bus_irq 11 global_irq 11 high level)
[    0.108888] ACPI: Using ACPI (MADT) for SMP configuration information
[    0.109825] ACPI: HPET id: 0x8086a201 base: 0xfed00000
[    0.110605] TSC deadline timer available
[    0.111173] smpboot: Allowing 2 CPUs, 0 hotplug CPUs
[    0.112104] kvm-guest: KVM setup pv remote TLB flush
[    0.112800] kvm-guest: setup PV sched yield
[    0.113509] PM: hibernation: Registered nosave memory: [mem 0x00000000-0x00000fff]
[    0.114564] PM: hibernation: Registered nosave memory: [mem 0x0009f000-0x0009ffff]
[    0.115610] PM: hibernation: Registered nosave memory: [mem 0x000a0000-0x000effff]
[    0.116661] PM: hibernation: Registered nosave memory: [mem 0x000f0000-0x000fffff]
[    0.117731] [mem 0x80000000-0xfeffbfff] available for PCI devices
[    0.118597] Booting paravirtualized kernel on KVM
[    0.119306] clocksource: refined-jiffies: mask: 0xffffffff max_cycles: 0xffffffff, max_idle_ns: 7645519600211568 ns
[    0.120787] setup_percpu: NR_CPUS:8192 nr_cpumask_bits:2 nr_cpu_ids:2 nr_node_ids:1
[    0.124536] percpu: Embedded 63 pages/cpu s221184 r8192 d28672 u1048576
[    0.125832] kvm-guest: PV spinlocks enabled
[    0.126461] PV qspinlock hash table entries: 256 (order: 0, 4096 bytes, linear)
[    0.127578] Fallback order for Node 0: 0 
[    0.128201] Built 1 zonelists, mobility grouping on.  Total pages: 515808
[    0.129158] Policy zone: DMA32
[    0.129601] Kernel command line: net.ifnames=0 console=ttyS0 root=/dev/sda earlyprintk=serial net.ifnames=0
[    0.133999] Dentry cache hash table entries: 262144 (order: 9, 2097152 bytes, linear)
[    0.136184] Inode-cache hash table entries: 131072 (order: 8, 1048576 bytes, linear)
[    0.137501] mem auto-init: stack:off, heap alloc:off, heap free:off
[    0.144366] Memory: 1985392K/2096632K available (32784K kernel code, 5336K rwdata, 7916K rodata, 3180K init, 21976K bss, 110984K reserved, 0K cma-reserved)
[    0.146389] random: get_random_u64 called from __kmem_cache_create+0x2f/0x4e0 with crng_init=0
[    0.147361] SLUB: HWalign=64, Order=0-3, MinObjects=0, CPUs=2, Nodes=1
[    0.149483] kmemleak: Kernel memory leak detector disabled
[    0.150333] ftrace: allocating 65886 entries in 258 pages
[    0.180407] ftrace: allocated 258 pages with 2 groups
[    0.184460] Dynamic Preempt: voluntary
[    0.185225] Running RCU self tests
[    0.185696] rcu: Preemptible hierarchical RCU implementation.
[    0.186449] rcu: 	RCU lockdep checking is enabled.
[    0.187086] rcu: 	RCU restricting CPUs from NR_CPUS=8192 to nr_cpu_ids=2.
[    0.187994] 	Trampoline variant of Tasks RCU enabled.
[    0.188664] 	Rude variant of Tasks RCU enabled.
[    0.189278] 	Tracing variant of Tasks RCU enabled.
[    0.189902] rcu: RCU calculated value of scheduler-enlistment delay is 25 jiffies.
[    0.190892] rcu: Adjusting geometry for rcu_fanout_leaf=16, nr_cpu_ids=2
[    0.218290] NR_IRQS: 524544, nr_irqs: 440, preallocated irqs: 16
[    0.232382] Console: colour VGA+ 80x25
[    0.233022] printk: console [ttyS0] enabled
[    0.233022] printk: console [ttyS0] enabled
[    0.234149] printk: bootconsole [earlyser0] disabled
[    0.234149] printk: bootconsole [earlyser0] disabled
[    0.235474] Lock dependency validator: Copyright (c) 2006 Red Hat, Inc., Ingo Molnar
[    0.236545] ... MAX_LOCKDEP_SUBCLASSES:  8
[    0.237112] ... MAX_LOCK_DEPTH:          48
[    0.237686] ... MAX_LOCKDEP_KEYS:        8192
[    0.238281] ... CLASSHASH_SIZE:          4096
[    0.238877] ... MAX_LOCKDEP_ENTRIES:     32768
[    0.239488] ... MAX_LOCKDEP_CHAINS:      65536
[    0.240103] ... CHAINHASH_SIZE:          32768
[    0.240709]  memory used by lock dependency info: 6365 kB
[    0.241444]  memory used for stack traces: 4224 kB
[    0.242098]  per task-struct memory footprint: 1920 bytes
[    0.242917] ACPI: Core revision 20211217
[    0.243856] clocksource: hpet: mask: 0xffffffff max_cycles: 0xffffffff, max_idle_ns: 19112604467 ns
[    0.245334] APIC: Switch to symmetric I/O mode setup
[    0.246316] x2apic enabled
[    0.247004] Switched APIC routing to physical x2apic.
[    0.247706] kvm-guest: setup PV IPIs
[    0.249589] ..TIMER: vector=0x30 apic1=0 pin1=2 apic2=-1 pin2=-1
[    0.250459] clocksource: tsc-early: mask: 0xffffffffffffffff max_cycles: 0x1a03dfe73b3, max_idle_ns: 440795256845 ns
[    0.251913] Calibrating delay loop (skipped) preset value.. 3609.60 BogoMIPS (lpj=7219200)
[    0.253040] pid_max: default: 32768 minimum: 301
[    0.256012] LSM: Security Framework initializing
[    0.256671] Yama: becoming mindful.
[    0.257460] Mount-cache hash table entries: 4096 (order: 3, 32768 bytes, linear)
[    0.258530] Mountpoint-cache hash table entries: 4096 (order: 3, 32768 bytes, linear)
[    0.264045] x86/cpu: User Mode Instruction Prevention (UMIP) activated
[    0.265783] Last level iTLB entries: 4KB 0, 2MB 0, 4MB 0
[    0.266597] Last level dTLB entries: 4KB 0, 2MB 0, 4MB 0, 1GB 0
[    0.268017] Spectre V1 : Mitigation: usercopy/swapgs barriers and __user pointer sanitization
[    0.269143] Spectre V2 : WARNING: Unprivileged eBPF is enabled with eIBRS on, data leaks possible via Spectre v2 BHB attacks!
[    0.270639] Spectre V2 : Mitigation: Enhanced IBRS
[    0.271277] Spectre V2 : Spectre v2 / SpectreRSB mitigation: Filling RSB on context switch
[    0.271916] Spectre V2 : mitigation: Enabling conditional Indirect Branch Prediction Barrier
[    0.273022] Speculative Store Bypass: Mitigation: Speculative Store Bypass disabled via prctl
[    0.328630] Freeing SMP alternatives memory: 56K
[    0.330141] smpboot: CPU0: Intel(R) Core(TM) i3-N305 (family: 0x6, model: 0xbe, stepping: 0x0)
[    0.331896] cblist_init_generic: Setting adjustable number of callback queues.
[    0.331896] cblist_init_generic: Setting shift to 1 and lim to 1.
[    0.331896] cblist_init_generic: Setting shift to 1 and lim to 1.
[    0.332016] cblist_init_generic: Setting shift to 1 and lim to 1.
[    0.332919] Running RCU-tasks wait API self tests
[    0.436156] Performance Events: generic architected perfmon, full-width counters, Intel PMU driver.
[    0.437406] ... version:                2
[    0.437911] ... bit width:              48
[    0.438429] ... generic registers:      6
[    0.438925] ... value mask:             0000ffffffffffff
[    0.439581] ... max period:             00007fffffffffff
[    0.439908] ... fixed-purpose events:   3
[    0.440409] ... event mask:             000000070000003f
[    0.441657] rcu: Hierarchical SRCU implementation.
[    0.444684] Callback from call_rcu_tasks_trace() invoked.
[    0.446958] smp: Bringing up secondary CPUs ...
[    0.448372] x86: Booting SMP configuration:
[    0.448916] .... node  #0, CPUs:      #1
[    0.449419] smp: Brought up 1 node, 2 CPUs
[    0.449419] smpboot: Max logical packages: 1
[    0.449537] smpboot: Total of 2 processors activated (7219.20 BogoMIPS)
[    0.456974] devtmpfs: initialized
[    0.456974] x86/mm: Memory block size: 128MB
[    0.460458] clocksource: jiffies: mask: 0xffffffff max_cycles: 0xffffffff, max_idle_ns: 7645041785100000 ns
[    0.463925] futex hash table entries: 512 (order: 4, 65536 bytes, linear)
[    0.465291] pinctrl core: initialized pinctrl subsystem
[    0.466864] 
[    0.467099] *************************************************************
[    0.467906] **     NOTICE NOTICE NOTICE NOTICE NOTICE NOTICE NOTICE    **
[    0.468775] **                                                         **
[    0.469659] **  IOMMU DebugFS SUPPORT HAS BEEN ENABLED IN THIS KERNEL  **
[    0.470523] **                                                         **
[    0.471387] ** This means that this kernel is built to expose internal **
[    0.471903] ** IOMMU data structures, which may compromise security on **
[    0.472789] ** your system.                                            **
[    0.473679] **                                                         **
[    0.474550] ** If you see this message and you are not debugging the   **
[    0.475415] ** kernel, report this immediately to your vendor!         **
[    0.475904] **                                                         **
[    0.476787] **     NOTICE NOTICE NOTICE NOTICE NOTICE NOTICE NOTICE    **
[    0.477663] *************************************************************
[    0.478648] PM: RTC time: 22:55:53, date: 2023-03-15
[    0.481434] NET: Registered PF_NETLINK/PF_ROUTE protocol family
[    0.483040] DMA: preallocated 256 KiB GFP_KERNEL pool for atomic allocations
[    0.483943] DMA: preallocated 256 KiB GFP_KERNEL|GFP_DMA pool for atomic allocations
[    0.484946] DMA: preallocated 256 KiB GFP_KERNEL|GFP_DMA32 pool for atomic allocations
[    0.485997] audit: initializing netlink subsys (disabled)
[    0.486766] audit: type=2000 audit(1678920954.554:1): state=initialized audit_enabled=0 res=1
[    0.486766] thermal_sys: Registered thermal governor 'fair_share'
[    0.486766] thermal_sys: Registered thermal governor 'bang_bang'
[    0.487909] thermal_sys: Registered thermal governor 'step_wise'
[    0.488649] thermal_sys: Registered thermal governor 'user_space'
[    0.489505] cpuidle: using governor ladder
[    0.489505] cpuidle: using governor menu
[    0.492316] acpiphp: ACPI Hot Plug PCI Controller Driver version: 0.5
[    0.493620] PCI: Using configuration type 1 for base access
[    0.511545] kprobes: kprobe jump-optimization is enabled. All kprobes are optimized if possible.
[    0.512076] HugeTLB registered 1.00 GiB page size, pre-allocated 0 pages
[    0.512862] HugeTLB registered 2.00 MiB page size, pre-allocated 0 pages
[    0.518407] ACPI: Added _OSI(Module Device)
[    0.519969] ACPI: Added _OSI(Processor Device)
[    0.520564] ACPI: Added _OSI(3.0 _SCP Extensions)
[    0.521180] ACPI: Added _OSI(Processor Aggregator Device)
[    0.521887] ACPI: Added _OSI(Linux-Dell-Video)
[    0.522483] ACPI: Added _OSI(Linux-Lenovo-NV-HDMI-Audio)
[    0.523164] ACPI: Added _OSI(Linux-HPI-Hybrid-Graphics)
[    0.530526] ACPI: 1 ACPI AML tables successfully acquired and loaded
[    0.535701] ACPI: Interpreter enabled
[    0.536027] ACPI: PM: (supports S0 S3 S4 S5)
[    0.536588] ACPI: Using IOAPIC for interrupt routing
[    0.537302] PCI: Using host bridge windows from ACPI; if necessary, use "pci=nocrs" and report a bug
[    0.539389] ACPI: Enabled 2 GPEs in block 00 to 0F
[    0.540039] Callback from call_rcu_tasks_rude() invoked.
[    0.562225] ACPI: PCI Root Bridge [PCI0] (domain 0000 [bus 00-ff])
[    0.563102] acpi PNP0A03:00: _OSC: OS supports [ASPM ClockPM Segments MSI EDR HPX-Type3]
[    0.563912] acpi PNP0A03:00: _OSC: not requesting OS control; OS requires [ExtendedConfig ASPM ClockPM MSI]
[    0.565280] acpi PNP0A03:00: fail to add MMCONFIG information, can't access extended PCI configuration space under this bridge.
[    0.569447] acpiphp: Slot [3] registered
[    0.570102] acpiphp: Slot [4] registered
[    0.570735] acpiphp: Slot [5] registered
[    0.571347] acpiphp: Slot [6] registered
[    0.571971] acpiphp: Slot [7] registered
[    0.572587] acpiphp: Slot [8] registered
[    0.573233] acpiphp: Slot [9] registered
[    0.573863] acpiphp: Slot [10] registered
[    0.574490] acpiphp: Slot [11] registered
[    0.575121] acpiphp: Slot [12] registered
[    0.575745] acpiphp: Slot [13] registered
[    0.576021] acpiphp: Slot [14] registered
[    0.576661] acpiphp: Slot [15] registered
[    0.577295] acpiphp: Slot [16] registered
[    0.577917] acpiphp: Slot [17] registered
[    0.578540] acpiphp: Slot [18] registered
[    0.579179] acpiphp: Slot [19] registered
[    0.579799] acpiphp: Slot [20] registered
[    0.580027] acpiphp: Slot [21] registered
[    0.580667] acpiphp: Slot [22] registered
[    0.581303] acpiphp: Slot [23] registered
[    0.581915] acpiphp: Slot [24] registered
[    0.582658] acpiphp: Slot [25] registered
[    0.583272] acpiphp: Slot [26] registered
[    0.583884] acpiphp: Slot [27] registered
[    0.584041] acpiphp: Slot [28] registered
[    0.584655] acpiphp: Slot [29] registered
[    0.585265] acpiphp: Slot [30] registered
[    0.585875] acpiphp: Slot [31] registered
[    0.586435] PCI host bridge to bus 0000:00
[    0.586968] pci_bus 0000:00: root bus resource [io  0x0000-0x0cf7 window]
[    0.587838] pci_bus 0000:00: root bus resource [io  0x0d00-0xffff window]
[    0.587911] pci_bus 0000:00: root bus resource [mem 0x000a0000-0x000bffff window]
[    0.588866] pci_bus 0000:00: root bus resource [mem 0x80000000-0xfebfffff window]
[    0.589824] pci_bus 0000:00: root bus resource [mem 0x100000000-0x17fffffff window]
[    0.590793] pci_bus 0000:00: root bus resource [bus 00-ff]
[    0.591698] pci 0000:00:00.0: [8086:1237] type 00 class 0x060000
[    0.596401] pci 0000:00:01.0: [8086:7000] type 00 class 0x060100
[    0.598240] pci 0000:00:01.1: [8086:7010] type 00 class 0x010180
[    0.600672] pci 0000:00:01.1: reg 0x20: [io  0xc040-0xc04f]
[    0.602130] pci 0000:00:01.1: legacy IDE quirk: reg 0x10: [io  0x01f0-0x01f7]
[    0.603073] pci 0000:00:01.1: legacy IDE quirk: reg 0x14: [io  0x03f6]
[    0.603910] pci 0000:00:01.1: legacy IDE quirk: reg 0x18: [io  0x0170-0x0177]
[    0.604844] pci 0000:00:01.1: legacy IDE quirk: reg 0x1c: [io  0x0376]
[    0.606131] pci 0000:00:01.3: [8086:7113] type 00 class 0x068000
[    0.607523] pci 0000:00:01.3: quirk: [io  0x0600-0x063f] claimed by PIIX4 ACPI
[    0.607919] pci 0000:00:01.3: quirk: [io  0x0700-0x070f] claimed by PIIX4 SMB
[    0.609969] pci 0000:00:02.0: [1234:1111] type 00 class 0x030000
[    0.612392] pci 0000:00:02.0: reg 0x10: [mem 0xfd000000-0xfdffffff pref]
[    0.615998] pci 0000:00:02.0: reg 0x18: [mem 0xfebf0000-0xfebf0fff]
[    0.621576] pci 0000:00:02.0: reg 0x30: [mem 0xfebe0000-0xfebeffff pref]
[    0.622883] pci 0000:00:02.0: Video device with shadowed ROM at [mem 0x000c0000-0x000dffff]
[    0.628982] pci 0000:00:03.0: [8086:100e] type 00 class 0x020000
[    0.630511] pci 0000:00:03.0: reg 0x10: [mem 0xfebc0000-0xfebdffff]
[    0.631911] pci 0000:00:03.0: reg 0x14: [io  0xc000-0xc03f]
[    0.636367] pci 0000:00:03.0: reg 0x30: [mem 0xfeb80000-0xfebbffff pref]
[    0.656791] ACPI: PCI: Interrupt link LNKA configured for IRQ 10
[    0.658116] ACPI: PCI: Interrupt link LNKB configured for IRQ 10
[    0.659428] ACPI: PCI: Interrupt link LNKC configured for IRQ 11
[    0.660400] ACPI: PCI: Interrupt link LNKD configured for IRQ 11
[    0.661418] ACPI: PCI: Interrupt link LNKS configured for IRQ 9
[    0.664220] iommu: Default domain type: Translated 
[    0.664604] iommu: DMA domain TLB invalidation policy: lazy mode 
[    0.664604] pci 0000:00:02.0: vgaarb: setting as boot VGA device
[    0.664808] pci 0000:00:02.0: vgaarb: VGA device added: decodes=io+mem,owns=io+mem,locks=none
[    0.665894] pci 0000:00:02.0: vgaarb: bridge control possible
[    0.666629] vgaarb: loaded
[    0.669365] SCSI subsystem initialized
[    0.672279] ACPI: bus type USB registered
[    0.672944] usbcore: registered new interface driver usbfs
[    0.673735] usbcore: registered new interface driver hub
[    0.674475] usbcore: registered new device driver usb
[    0.675285] pps_core: LinuxPPS API ver. 1 registered
[    0.675909] pps_core: Software ver. 5.3.6 - Copyright 2005-2007 Rodolfo Giometti <giometti@linux.it>
[    0.677097] PTP clock support registered
[    0.677730] EDAC MC: Ver: 3.0.0
[    0.677730] NetLabel: Initializing
[    0.677756] NetLabel:  domain hash size = 128
[    0.679909] NetLabel:  protocols = UNLABELED CIPSOv4 CALIPSO
[    0.680753] NetLabel:  unlabeled traffic allowed by default
[    0.681625] PCI: Using ACPI for IRQ routing
[    0.684474] hpet0: at MMIO 0xfed00000, IRQs 2, 8, 0
[    0.685157] hpet0: 3 comparators, 64-bit 100.000000 MHz counter
[    0.689259] clocksource: Switched to clocksource kvm-clock
[    0.752061] Callback from call_rcu_tasks() invoked.
[    0.884986] VFS: Disk quotas dquot_6.6.0
[    0.885648] VFS: Dquot-cache hash table entries: 512 (order 0, 4096 bytes)
[    0.887016] pnp: PnP ACPI init
[    0.890057] pnp: PnP ACPI: found 6 devices
[    0.904380] clocksource: acpi_pm: mask: 0xffffff max_cycles: 0xffffff, max_idle_ns: 2085701024 ns
[    0.906065] NET: Registered PF_INET protocol family
[    0.907112] IP idents hash table entries: 32768 (order: 6, 262144 bytes, linear)
[    0.909279] tcp_listen_portaddr_hash hash table entries: 1024 (order: 4, 81920 bytes, linear)
[    0.910511] TCP established hash table entries: 16384 (order: 5, 131072 bytes, linear)
[    0.911935] TCP bind hash table entries: 16384 (order: 8, 1179648 bytes, linear)
[    0.914554] TCP: Hash tables configured (established 16384 bind 16384)
[    0.915785] UDP hash table entries: 1024 (order: 5, 163840 bytes, linear)
[    0.916925] UDP-Lite hash table entries: 1024 (order: 5, 163840 bytes, linear)
[    0.918298] NET: Registered PF_UNIX/PF_LOCAL protocol family
[    0.920228] RPC: Registered named UNIX socket transport module.
[    0.921065] RPC: Registered udp transport module.
[    0.921688] RPC: Registered tcp transport module.
[    0.922313] RPC: Registered tcp NFSv4.1 backchannel transport module.
[    0.923205] pci_bus 0000:00: resource 4 [io  0x0000-0x0cf7 window]
[    0.924075] pci_bus 0000:00: resource 5 [io  0x0d00-0xffff window]
[    0.924892] pci_bus 0000:00: resource 6 [mem 0x000a0000-0x000bffff window]
[    0.925795] pci_bus 0000:00: resource 7 [mem 0x80000000-0xfebfffff window]
[    0.926705] pci_bus 0000:00: resource 8 [mem 0x100000000-0x17fffffff window]
[    0.928074] pci 0000:00:01.0: PIIX3: Enabling Passive Release
[    0.928885] pci 0000:00:00.0: Limiting direct PCI/PCI transfers
[    0.929698] pci 0000:00:01.0: Activating ISA DMA hang workarounds
[    0.930674] PCI: CLS 0 bytes, default 64
[    0.931842] ACPI: bus type thunderbolt registered
[    0.933049] clocksource: tsc: mask: 0xffffffffffffffff max_cycles: 0x1a03dfe73b3, max_idle_ns: 440795256845 ns
[    3.979759] Initialise system trusted keyrings
[    3.980564] Key type blacklist registered
[    3.981482] workingset: timestamp_bits=36 max_order=19 bucket_order=0
[    3.995065] zbud: loaded
[    3.998083] squashfs: version 4.0 (2009/01/31) Phillip Lougher
[    4.001029] NFS: Registering the id_resolver key type
[    4.001758] Key type id_resolver registered
[    4.002318] Key type id_legacy registered
[    4.002997] nfs4filelayout_init: NFSv4 File Layout Driver Registering...
[    4.003971] nfs4flexfilelayout_init: NFSv4 Flexfile Layout Driver Registering...
[    4.005276] fuse: init (API version 7.36)
[    4.006310] SGI XFS with ACLs, security attributes, realtime, quota, no debug enabled
[    4.009782] 9p: Installing v9fs 9p2000 file system support
[    4.018938] Key type asymmetric registered
[    4.019564] Asymmetric key parser 'x509' registered
[    4.022542] alg: self-tests for CTR-KDF (hmac(sha256)) passed
[    4.023422] Block layer SCSI generic (bsg) driver version 0.4 loaded (major 243)
[    4.024719] io scheduler mq-deadline registered
[    4.025479] io scheduler bfq registered
[    4.027260] shpchp: Standard Hot Plug PCI Controller Driver version: 0.4
[    4.028798] IPMI message handler: version 39.2
[    4.029477] ipmi device interface
[    4.032322] input: Power Button as /devices/LNXSYSTM:00/LNXPWRBN:00/input/input0
[    4.033696] ACPI: button: Power Button [PWRF]
[    4.035605] ERST DBG: ERST support is disabled.
[    4.037159] Serial: 8250/16550 driver, 32 ports, IRQ sharing enabled
[    4.038921] 00:04: ttyS0 at I/O 0x3f8 (irq = 4, base_baud = 115200) is a 16550A
[    4.053197] Linux agpgart interface v0.103
[    4.054718] ACPI: bus type drm_connector registered
[    4.072914] brd: module loaded
[    4.083807] loop: module loaded
[    4.090234] scsi host0: ata_piix
[    4.091598] scsi host1: ata_piix
[    4.092353] ata1: PATA max MWDMA2 cmd 0x1f0 ctl 0x3f6 bmdma 0xc040 irq 14
[    4.093275] ata2: PATA max MWDMA2 cmd 0x170 ctl 0x376 bmdma 0xc048 irq 15
[    4.096185] tun: Universal TUN/TAP device driver, 1.6
[    4.097140] e100: Intel(R) PRO/100 Network Driver
[    4.097780] e100: Copyright(c) 1999-2006 Intel Corporation
[    4.098573] e1000: Intel(R) PRO/1000 Network Driver
[    4.099230] e1000: Copyright (c) 1999-2006 Intel Corporation.
[    4.252209] ata1: found unknown device (class 0)
[    4.253632] ata1.00: ATA-7: QEMU HARDDISK, 2.5+, max UDMA/100
[    4.254413] ata1.00: 16777216 sectors, multi 16: LBA48 
[    4.256555] scsi 0:0:0:0: Direct-Access     ATA      QEMU HARDDISK    2.5+ PQ: 0 ANSI: 5
[    4.258658] scsi 0:0:0:0: Attached scsi generic sg0 type 0
[    4.259798] ata2: found unknown device (class 0)
[    4.261512] sd 0:0:0:0: [sda] 16777216 512-byte logical blocks: (8.59 GB/8.00 GiB)
[    4.262917] ata2.00: ATAPI: QEMU DVD-ROM, 2.5+, max UDMA/100
[    4.263988] sd 0:0:0:0: [sda] Write Protect is off
[    4.265269] sd 0:0:0:0: [sda] Write cache: enabled, read cache: enabled, doesn't support DPO or FUA
[    4.266651] scsi 1:0:0:0: CD-ROM            QEMU     QEMU DVD-ROM     2.5+ PQ: 0 ANSI: 5
[    4.269465] scsi 1:0:0:0: Attached scsi generic sg1 type 5
[    4.300308] sd 0:0:0:0: [sda] Attached SCSI disk
[    4.336408] ACPI: \_SB_.LNKC: Enabled at IRQ 11
[    4.685160] e1000 0000:00:03.0 eth0: (PCI:33MHz:32-bit) 52:54:00:12:34:56
[    4.686069] e1000 0000:00:03.0 eth0: Intel(R) PRO/1000 Network Connection
[    4.687035] e1000e: Intel(R) PRO/1000 Network Driver
[    4.687653] e1000e: Copyright(c) 1999 - 2015 Intel Corporation.
[    4.688502] igb: Intel(R) Gigabit Ethernet Network Driver
[    4.689169] igb: Copyright (c) 2007-2014 Intel Corporation.
[    4.690015] PPP generic driver version 2.4.2
[    4.691195] VFIO - User Level meta-driver version: 0.3
[    4.691976] ehci_hcd: USB 2.0 'Enhanced' Host Controller (EHCI) Driver
[    4.692792] ehci-pci: EHCI PCI platform driver
[    4.693394] ehci-platform: EHCI generic platform driver
[    4.694065] ohci_hcd: USB 1.1 'Open' Host Controller (OHCI) Driver
[    4.694827] ohci-pci: OHCI PCI platform driver
[    4.695438] ohci-platform: OHCI generic platform driver
[    4.696157] uhci_hcd: USB Universal Host Controller Interface driver
[    4.697348] usbcore: registered new interface driver uas
[    4.698091] usbcore: registered new interface driver usb-storage
[    4.698971] i8042: PNP: PS/2 Controller [PNP0303:KBD,PNP0f13:MOU] at 0x60,0x64 irq 1,12
[    4.700996] serio: i8042 KBD port at 0x60,0x64 irq 1
[    4.701663] serio: i8042 AUX port at 0x60,0x64 irq 12
[    4.703256] mousedev: PS/2 mouse device common for all mice
[    4.705466] input: AT Translated Set 2 keyboard as /devices/platform/i8042/serio0/input/input1
[    4.707934] input: VirtualPS/2 VMware VMMouse as /devices/platform/i8042/serio1/input/input4
[    4.708080] rtc_cmos 00:05: RTC can wake from S4
[    4.709906] input: VirtualPS/2 VMware VMMouse as /devices/platform/i8042/serio1/input/input3
[    4.711277] rtc_cmos 00:05: registered as rtc0
[    4.712064] rtc_cmos 00:05: setting system clock to 2023-03-15T22:55:58 UTC (1678920958)
[    4.713317] rtc_cmos 00:05: alarms up to one day, y3k, 242 bytes nvram, hpet irqs
[    4.714327] i2c_dev: i2c /dev entries driver
[    4.714978] device-mapper: core: CONFIG_IMA_DISABLE_HTABLE is disabled. Duplicate IMA measurements will not be recorded in the IMA log.
[    4.716664] device-mapper: uevent: version 1.0.3
[    4.717627] device-mapper: ioctl: 4.45.0-ioctl (2021-03-22) initialised: dm-devel@redhat.com
[    4.718656] intel_pstate: CPU model not supported
[    4.719381] sdhci: Secure Digital Host Controller Interface driver
[    4.720184] sdhci: Copyright(c) Pierre Ossman
[    4.720847] sdhci-pltfm: SDHCI platform and OF driver helper
[    4.721645] ledtrig-cpu: registered to indicate activity on CPUs
[    4.722769] drop_monitor: Initializing network drop monitor service
[    4.724237] NET: Registered PF_INET6 protocol family
[    4.727618] Segment Routing with IPv6
[    4.728196] In-situ OAM (IOAM) with IPv6
[    4.728755] NET: Registered PF_PACKET protocol family
[    4.729822] 9pnet: Installing 9P2000 support
[    4.730449] Key type dns_resolver registered
[    4.732026] IPI shorthand broadcast: enabled
[    4.732657] sched_clock: Marking stable (4703470870, 28433795)->(4748060271, -16155606)
[    4.734472] registered taskstats version 1
[    4.735191] Loading compiled-in X.509 certificates
[    4.736344] zswap: loaded using pool lzo/zbud
[    4.738292] Key type ._fscrypt registered
[    4.738824] Key type .fscrypt registered
[    4.739339] Key type fscrypt-provisioning registered
[    4.741660] Key type encrypted registered
[    4.742275] ima: No TPM chip found, activating TPM-bypass!
[    4.743010] ima: Allocated hash algorithm: sha1
[    4.743683] ima: No architecture policies found
[    4.744506] evm: Initialising EVM extended attributes:
[    4.745184] evm: security.selinux
[    4.745620] evm: security.SMACK64
[    4.746061] evm: security.SMACK64EXEC
[    4.746551] evm: security.SMACK64TRANSMUTE
[    4.747086] evm: security.SMACK64MMAP
[    4.747567] evm: security.apparmor
[    4.748070] evm: security.ima
[    4.748475] evm: security.capability
[    4.748945] evm: HMAC attrs: 0x1
[    4.756553] PM:   Magic number: 15:334:957
[    4.757743] RAS: Correctable Errors collector initialized.
[    4.759877] md: Waiting for all devices to be available before autodetect
[    4.760809] md: If you don't use raid, use raid=noautodetect
[    4.761562] md: Autodetecting RAID arrays.
[    4.762117] md: autorun ...
[    4.762493] md: ... autorun DONE.
[    4.771403] EXT4-fs (sda): mounted filesystem with ordered data mode. Quota mode: none.
[    4.772683] VFS: Mounted root (ext4 filesystem) readonly on device 8:0.
[    4.776088] devtmpfs: mounted
[    4.783278] Freeing unused decrypted memory: 2036K
[    4.786372] Freeing unused kernel image (initmem) memory: 3180K
[    4.804022] Write protecting the kernel read-only data: 43008k
[    4.808911] Freeing unused kernel image (text/rodata gap) memory: 2028K
[    4.810287] Freeing unused kernel image (rodata/data gap) memory: 276K
[    4.918596] x86/mm: Checked W+X mappings: passed, no W+X pages found.
[    4.919503] Run /sbin/init as init process
[    5.013384] random: fast init done
[    5.048252] systemd[1]: RTC configured in localtime, applying delta of 0 minutes to system time.
[    5.090652] systemd[1]: systemd 239 (239-49.el8) running in system mode. (+PAM +AUDIT +SELINUX +IMA -APPARMOR +SMACK +SYSVINIT +UTMP +LIBCRYPTSETUP +GCRYPT +GNUTLS +ACL +XZ +LZ4 +SECCOMP +BLKID +ELFUTILS +KMOD +IDN2 -IDN +PCRE2 default-hierarchy=legacy)
[    5.093990] systemd[1]: Detected virtualization kvm.
[    5.094683] systemd[1]: Detected architecture x86-64.

Welcome to [0;31mCentOS Stream 8[0m!

[    5.120514] systemd[1]: Set hostname to <test>.
[    5.333198] random: lvmconfig: uninitialized urandom read (4 bytes read)
[    5.507336] random: systemd: uninitialized urandom read (16 bytes read)
[    5.508431] systemd[1]: Reached target Swap.
[[0;32m  OK  [0m] Reached target Swap.
[    5.510064] random: systemd: uninitialized urandom read (16 bytes read)
[    5.511633] systemd[1]: Listening on Journal Socket.
[[0;32m  OK  [0m] Listening on Journal Socket.
[    5.521489] systemd[1]: Mounting POSIX Message Queue File System...
         Mounting POSIX Message Queue File System...
[    5.524116] systemd[1]: Listening on multipathd control socket.
[[0;32m  OK  [0m] Listening on multipathd control socket.
[    5.527948] systemd[1]: Created slice system-getty.slice.
[[0;32m  OK  [0m] Created slice system-getty.slice.
[    5.534120] systemd[1]: Mounting Huge Pages File System...
         Mounting Huge Pages File System...
[[0;32m  OK  [0m] Listening on RPCbind Server Activation Socket.
[[0;32m  OK  [0m] Reached target RPC Port Mapper.
[[0;32m  OK  [0m] Listening on udev Kernel Socket.
[[0;32m  OK  [0m] Listening on Process Core Dump Socket.
         Starting Remount Root and Kernel File Systems...
[[0;32m  OK  [0m] Created slice User and Session Slice.
[[0;32m  OK  [0m] Reached target Slices.
[[0;32m  OK  [0m] Set up automount Arbitrary Executabâ€¦rmats File System Automount Point.
[[0;32m  OK  [0m] Listening on udev Control Socket.
         Starting udev Coldplug all Devices...
[[0;32m  OK  [0m] Listening on initctl Compatibility Named Pipe.
         Starting Load Kernel Modules...
         Starting Setup Virtual Console...
[[0;32m  OK  [0m] Listening on Device-mapper event daemon FIFOs.
[[0;32m  OK  [0m] Listening on Journal Socket (/dev/log).
         Starting Journal Service...
[[0;32m  OK  [0m] Created slice system-sshd\x2dkeygen.slice.
[[0;32m  OK  [0m] Listening on LVM2 poll daemon socket.
         Starting Monitoring of LVM2 mirrorsâ€¦ng dmeventd or progress polling...
[[0;32m  OK  [0m] Created slice system-serial\x2dgetty.slice.
[[0;32m  OK  [0m] Started Forward Password Requests to Wall Directory Watch.
         Mounting Kernel Debug File System...
[[0;32m  OK  [0m] Mounted POSIX Message Queue File System.
[[0;32m  OK  [0m] Mounted Huge Pages File System.
[[0;1;31mFAILED[0m] Failed to start Load Kernel Modules.
See 'systemctl status systemd-modules-load.service' for details.
[[0;32m  OK  [0m] Mounted Kernel Debug File System.
         Mounting Kernel Configuration File System...
         Starting Apply Kernel Variables...
[    6.028020] EXT4-fs (sda): re-mounted. Quota mode: none.
         Mounting FUSE Control File System...
[[0;32m  OK  [0m] Started Remount Root and Kernel File Systems.
[[0;32m  OK  [0m] Mounted Kernel Configuration File System.
[[0;32m  OK  [0m] Started Journal Service.
[[0;32m  OK  [0m] Started Apply Kernel Variables.
[[0;32m  OK  [0m] Mounted FUSE Control File System.
         Starting Flush Journal to Persistent Storage...
         Starting Create Static Device Nodes in /dev...
         Starting Load/Save Random Seed...
[[0;32m  OK  [0m] Started Flush Journal to Persistent Storage.
[[0;32m  OK  [0m] Started Create Static Device Nodes in /dev.
[[0;32m  OK  [0m] Started udev Coldplug all Devices.
[[0;32m  OK  [0m] Started Load/Save Random Seed.
[[0;32m  OK  [0m] Started Setup Virtual Console.
         Starting udev Wait for Complete Device Initialization...
         Starting udev Kernel Device Manager...
[[0;32m  OK  [0m] Started udev Kernel Device Manager.
         Starting Show Plymouth Boot Screen...
[[0;32m  OK  [0m] Started Show Plymouth Boot Screen.
[[0;32m  OK  [0m] Reached target Paths.
[[0;32m  OK  [0m] Reached target Local Encrypted Volumes.
[[0;32m  OK  [0m] Started Forward Password Requests to Plymouth Directory Watch.
[[0;32m  OK  [0m] Found device /dev/ttyS0.
[[0;32m  OK  [0m] Started Monitoring of LVM2 mirrors,â€¦sing dmeventd or progress polling.
[[0;32m  OK  [0m] Started udev Wait for Complete Device Initialization.
[[0;32m  OK  [0m] Listening on Load/Save RF Kill Switch Status /dev/rfkill Watch.
[[0;32m  OK  [0m] Reached target Local File Systems (Pre).
[[0;32m  OK  [0m] Reached target Local File Systems.
         Starting Tell Plymouth To Write Out Runtime Data...
         Starting Restore /run/initramfs on shutdown...
         Starting Create Volatile Files and Directories...
[[0;32m  OK  [0m] Started Tell Plymouth To Write Out Runtime Data.
[[0;32m  OK  [0m] Started Restore /run/initramfs on shutdown.
[[0;32m  OK  [0m] Started Create Volatile Files and Directories.
         Starting Security Auditing Service...
         Mounting RPC Pipe File System...
         Starting RPC Bind...
[[0;32m  OK  [0m] Mounted RPC Pipe File System.
[[0;32m  OK  [0m] Reached target rpc_pipefs.target.
[[0;32m  OK  [0m] Started RPC Bind.
[[0;32m  OK  [0m] Started Security Auditing Service.
         Starting Update UTMP about System Boot/Shutdown...
[[0;32m  OK  [0m] Started Update UTMP about System Boot/Shutdown.
[[0;32m  OK  [0m] Reached target System Initialization.
[[0;32m  OK  [0m] Started Daily Cleanup of Temporary Directories.
[[0;32m  OK  [0m] Listening on D-Bus System Message Bus Socket.
[[0;32m  OK  [0m] Started dnf makecache --timer.
[[0;32m  OK  [0m] Listening on SSSD Kerberos Cache Manager responder socket.
[[0;32m  OK  [0m] Reached target Sockets.
[[0;32m  OK  [0m] Reached target Basic System.
[[0;32m  OK  [0m] Started Machine Check Exception Logging Daemon.
         Starting Auto-connect to subsystemsâ€¦-NVME devices found during boot...
[[0;32m  OK  [0m] Started irqbalance daemon.
         Starting NTP client/server...
         Starting Login Service...
         Starting Self Monitoring and Reporting Technology (SMART) Daemon...
[[0;32m  OK  [0m] Started D-Bus System Message Bus.
         Starting Network Manager...
[[0;32m  OK  [0m] Started daily update of the root trust anchor for DNSSEC.
[[0;32m  OK  [0m] Reached target Timers.
[[0;32m  OK  [0m] Reached target sshd-keygen.target.
         Starting Authorization Manager...
[[0;32m  OK  [0m] Started Auto-connect to subsystems â€¦FC-NVME devices found during boot.
         Starting update of the root trust aâ€¦or DNSSEC validation in unbound...
[[0;32m  OK  [0m] Started Login Service.
[[0;32m  OK  [0m] Started Self Monitoring and Reporting Technology (SMART) Daemon.
[[0;32m  OK  [0m] Started Network Manager.
         Starting Network Manager Wait Online...
[[0;32m  OK  [0m] Reached target Network.
         Starting GSSAPI Proxy Daemon...
         Starting Dynamic System Tuning Daemon...
         Starting OpenSSH server daemon...
[[0;32m  OK  [0m] Started NTP client/server.
         Starting Hostname Service...
[[0;32m  OK  [0m] Started Authorization Manager.
[[0;32m  OK  [0m] Started Hostname Service.
         Starting Network Manager Script Dispatcher Service...
[    9.064266] e1000: eth0 NIC Link is Up 1000 Mbps Full Duplex, Flow Control: RX
[    9.065989] IPv6: ADDRCONF(NETDEV_CHANGE): eth0: link becomes ready
[    9.071022] random: crng init done
[    9.071579] random: 7 urandom warning(s) missed due to ratelimiting
[[0;32m  OK  [0m] Started Network Manager Script Dispatcher Service.
[[0;32m  OK  [0m] Started update of the root trust anâ€¦ for DNSSEC validation in unbound.
[[0;32m  OK  [0m] Started GSSAPI Proxy Daemon.
[[0;32m  OK  [0m] Started OpenSSH server daemon.
[[0;32m  OK  [0m] Reached target NFS client services.
[[0;32m  OK  [0m] Reached target Remote File Systems (Pre).
[[0;32m  OK  [0m] Reached target Remote File Systems.
         Starting Permit User Sessions...
[[0;32m  OK  [0m] Started Permit User Sessions.
         Starting Terminate Plymouth Boot Screen...
         Starting Hold until boot process finishes up...
[[0;32m  OK  [0m] Started Command Scheduler.
[[0;32m  OK  [0m] Started Terminate Plymouth Boot Screen.
[[0;32m  OK  [0m] Started Hold until boot process finishes up.
[    9.623396] Spectre V2 : WARNING: Unprivileged eBPF is enabled with eIBRS on, data leaks possible via Spectre v2 BHB attacks!
[    9.625305] Spectre V2 : WARNING: Unprivileged eBPF is enabled with eIBRS on, data leaks possible via Spectre v2 BHB attacks!

CentOS Stream 8
Kernel 5.17.0-rc8-e243f39685af+ on an x86_64

test login: [   56.443957] watchdog: BUG: soft lockup - CPU#0 stuck for 26s! [repro:551]
[   56.445380] Modules linked in:
[   56.446153] irq event stamp: 763882
[   56.446920] hardirqs last  enabled at (763881): [<ffffffff81064d0d>] __text_poke+0x2ed/0x4d0
[   56.448593] hardirqs last disabled at (763882): [<ffffffff82c1c5bf>] sysvec_apic_timer_interrupt+0xf/0xd0
[   56.450428] softirqs last  enabled at (529784): [<ffffffff83000329>] __do_softirq+0x329/0x48b
[   56.452105] softirqs last disabled at (529771): [<ffffffff8110153e>] irq_exit_rcu+0xbe/0x100
[   56.453712] CPU: 0 PID: 551 Comm: repro Not tainted 5.17.0-rc8-e243f39685af+ #1
[   56.455102] Hardware name: QEMU Standard PC (i440FX + PIIX, 1996), BIOS rel-1.16.0-0-gd239552ce722-prebuilt.qemu.org 04/01/2014
[   56.457226] RIP: 0010:check_kcov_mode+0x8/0x40
[   56.458164] Code: 00 48 c7 c7 80 03 c2 83 e8 f5 85 9b 01 e8 10 9a fe ff 5b 41 5c 41 5d 41 5e 41 5f 5d c3 cc cc cc cc cc 55 65 8b 05 78 9d da 7e <89> c2 48 89 e5 81 e2 00 01 00 00 a9 00 01 ff 00 74 10 31 c0 85 d2
[   56.461503] RSP: 0018:ffffc90000f73450 EFLAGS: 00000246
[   56.462609] RAX: 0000000000000005 RBX: ffff888011fbc680 RCX: ffffffff812e7649
[   56.463983] RDX: 0000000000000001 RSI: ffff888011fbc680 RDI: 0000000000000003
[   56.465339] RBP: ffffc90000f73488 R08: 0000000000000001 R09: 0000000000000000
[   56.466695] R10: ffffc90000f73720 R11: 0000000000000001 R12: ffffffff812e7649
[   56.468065] R13: 0000000000000000 R14: 0000000000000001 R15: 0000000000000001
[   56.469429] FS:  00007fde32ac9740(0000) GS:ffff88807dc00000(0000) knlGS:0000000000000000
[   56.470946] CS:  0010 DS: 0000 ES: 0000 CR0: 0000000080050033
[   56.472100] CR2: 00007ffdd23c1000 CR3: 000000000cb82002 CR4: 0000000000770ef0
[   56.473465] PKRU: 55555554
[   56.474084] Call Trace:
[   56.474657]  <TASK>
[   56.475203]  ? write_comp_data+0x2f/0x90
[   56.476188]  ? perf_trace_buf_update+0x70/0x70
[   56.477160]  __sanitizer_cov_trace_const_cmp1+0x1a/0x20
[   56.478250]  perf_ftrace_function_call+0x49/0x280
[   56.479224]  ? perf_trace_buf_alloc+0x3d/0x100
[   56.480174]  ? __perf_event_stop+0xd0/0xd0
[   56.481055]  ? __sanitizer_cov_trace_pc+0x21/0x50
[   56.482111]  ? ftrace_ops_test+0x71/0xc0
[   56.483101]  ? debug_smp_processor_id+0x1c/0x20
[   56.484092]  ? perf_swevent_put_recursion_context+0x20/0x40
[   56.485313]  ? perf_tp_event+0x3a4/0x500
[   56.486271]  ? write_comp_data+0x2f/0x90
[   56.487293]  ? perf_trace_buf_update+0x70/0x70
[   56.488274]  arch_ftrace_ops_list_func+0x230/0x2b0
[   56.489262]  ? perf_trace_buf_alloc+0x3d/0x100
[   56.490216]  ? __perf_event_stop+0xd0/0xd0
[   56.491266]  ftrace_call+0x5/0x44
[   56.492037]  ? perf_swevent_put_recursion_context+0x40/0x40
[   56.493365]  ? ftrace_call+0x5/0x44
[   56.494295]  ? perf_trace_buf_alloc+0x26/0x100
[   56.495381]  ? perf_swevent_get_recursion_context+0x5/0xd0
[   56.496564]  ? write_comp_data+0x2f/0x90
[   56.497544]  perf_swevent_get_recursion_context+0x5/0xd0
[   56.498681]  perf_trace_buf_alloc+0x3d/0x100
[   56.499649]  ? perf_swevent_get_recursion_context+0x5/0xd0
[   56.500809]  ? perf_trace_buf_alloc+0x3d/0x100
[   56.501927]  perf_ftrace_function_call+0x1d5/0x280
[   56.502950]  ? rcu_read_lock_sched_held+0x25/0x80
[   56.503975]  ? rcu_tasks_trace_pregp_step+0x70/0x70
[   56.505019]  ? __sanitizer_cov_trace_pc+0x21/0x50
[   56.506569]  ? arch_ftrace_ops_list_func+0x230/0x2b0
[   56.507919]  ? perf_trace_buf_update+0x70/0x70
[   56.508917]  arch_ftrace_ops_list_func+0x230/0x2b0
[   56.509950]  ? rcu_read_lock_sched_held+0x25/0x80
[   56.510973]  ? rcu_tasks_trace_pregp_step+0x70/0x70
[   56.512184]  ftrace_call+0x5/0x44
[   56.513018]  ? ftrace_call+0x5/0x44
[   56.513832]  ? __sanitizer_cov_trace_pc+0x21/0x50
[   56.515105]  ? rcu_read_lock_held_common+0x5/0x50
[   56.516183]  ? rcu_read_lock_sched_held+0x5/0x80
[   56.517171]  rcu_read_lock_held_common+0x5/0x50
[   56.518159]  rcu_read_lock_sched_held+0x25/0x80
[   56.519138]  ? rcu_read_lock_held_common+0x5/0x50
[   56.520155]  ? rcu_read_lock_sched_held+0x25/0x80
[   56.521151]  ? lock_acquire+0x19c/0x2f0
[   56.522075]  lock_acquire+0x19c/0x2f0
[   56.523023]  ? preempt_count_add+0x5/0xc0
[   56.524210]  _raw_spin_lock+0x32/0x50
[   56.525035]  ? __get_locked_pte+0x92/0xd0
[   56.525997]  __get_locked_pte+0x92/0xd0
[   56.526917]  ? ipv6_dup_options+0x1/0xe0
[   56.527894]  __text_poke+0xed/0x4d0
[   56.528711]  ? ipv6_dup_options+0x1/0xe0
[   56.529648]  ? lock_is_held_type+0xe4/0x140
[   56.530592]  ? ipv6_dup_options+0x1/0xe0
[   56.531582]  text_poke+0x2b/0x60
[   56.532448]  text_poke_bp_batch+0x161/0x2c0
[   56.533512]  ? fib6_rule_fill+0xf0/0xf0
[   56.534489]  text_poke_queue+0xa7/0xc0
[   56.535459]  ftrace_replace_code+0xfd/0x170
[   56.536543]  ftrace_modify_all_code+0x1b1/0x270
[   56.537639]  arch_ftrace_update_code+0x9/0x10
[   56.538583]  ftrace_run_update_code+0x30/0xa0
[   56.539585]  ftrace_startup_enable+0x5e/0xa0
[   56.540602]  ftrace_startup+0x16d/0x240
[   56.541680]  register_ftrace_function+0x43/0x90
[   56.542723]  perf_ftrace_event_register+0xc1/0xf0
[   56.543801]  perf_trace_event_init+0x9e/0x4d0
[   56.544932]  perf_trace_init+0xda/0x160
[   56.545915]  perf_tp_event_init+0x5c/0xa0
[   56.546861]  perf_try_init_event+0x88/0x280
[   56.547985]  perf_event_alloc+0xe53/0x1c40
[   56.548978]  ? perf_event_alloc+0x5/0x1c40
[   56.550164]  __do_sys_perf_event_open+0x3bf/0x1de0
[   56.552370]  __x64_sys_perf_event_open+0x2b/0x30
[   56.553426]  do_syscall_64+0x37/0x80
[   56.554321]  entry_SYSCALL_64_after_hwframe+0x44/0xae
[   56.555392] RIP: 0033:0x7fde32bee59d
[   56.556266] Code: 00 c3 66 2e 0f 1f 84 00 00 00 00 00 90 f3 0f 1e fa 48 89 f8 48 89 f7 48 89 d6 48 89 ca 4d 89 c2 4d 89 c8 4c 8b 4c 24 08 0f 05 <48> 3d 01 f0 ff ff 73 01 c3 48 8b 0d d3 08 0d 00 f7 d8 64 89 01 48
[   56.559692] RSP: 002b:00007ffdd23b1a68 EFLAGS: 00000246 ORIG_RAX: 000000000000012a
[   56.561281] RAX: ffffffffffffffda RBX: 0000000000000000 RCX: 00007fde32bee59d
[   56.562686] RDX: 0000000000000000 RSI: 00000000ffffffff RDI: 00000000200000c0
[   56.564109] RBP: 00007ffdd23b1a80 R08: 0000000000000000 R09: 00007ffdd23b1a80
[   56.565509] R10: 00000000ffffffff R11: 0000000000000246 R12: 0000000000401180
[   56.566926] R13: 00007ffdd23b1ba0 R14: 0000000000000000 R15: 0000000000000000
[   56.569007]  </TASK>
[   56.569559] Kernel panic - not syncing: softlockup: hung tasks
[   56.570739] CPU: 0 PID: 551 Comm: repro Tainted: G             L    5.17.0-rc8-e243f39685af+ #1
[   56.572437] Hardware name: QEMU Standard PC (i440FX + PIIX, 1996), BIOS rel-1.16.0-0-gd239552ce722-prebuilt.qemu.org 04/01/2014
[   56.574610] Call Trace:
[   56.575210]  <IRQ>
[   56.575770]  dump_stack_lvl+0xa9/0xda
[   56.576752]  dump_stack+0x15/0x17
[   56.577552]  panic+0x1a9/0x534
[   56.578508]  ? watchdog_timer_fn+0x31a/0x370
[   56.579686]  watchdog_timer_fn.cold.10+0x11/0x20
[   56.580923]  __hrtimer_run_queues+0x2e3/0x7c0
[   56.582019]  ? softlockup_fn+0x40/0x40
[   56.583109]  hrtimer_interrupt+0x130/0x2a0
[   56.584366]  __sysvec_apic_timer_interrupt+0x98/0x260
[   56.585503]  sysvec_apic_timer_interrupt+0xa3/0xd0
[   56.586528]  </IRQ>
[   56.587045]  <TASK>
[   56.587662]  asm_sysvec_apic_timer_interrupt+0x12/0x20
[   56.588751] RIP: 0010:check_kcov_mode+0x8/0x40
[   56.589682] Code: 00 48 c7 c7 80 03 c2 83 e8 f5 85 9b 01 e8 10 9a fe ff 5b 41 5c 41 5d 41 5e 41 5f 5d c3 cc cc cc cc cc 55 65 8b 05 78 9d da 7e <89> c2 48 89 e5 81 e2 00 01 00 00 a9 00 01 ff 00 74 10 31 c0 85 d2
[   56.593030] RSP: 0018:ffffc90000f73450 EFLAGS: 00000246
[   56.594150] RAX: 0000000000000005 RBX: ffff888011fbc680 RCX: ffffffff812e7649
[   56.595535] RDX: 0000000000000001 RSI: ffff888011fbc680 RDI: 0000000000000003
[   56.596956] RBP: ffffc90000f73488 R08: 0000000000000001 R09: 0000000000000000
[   56.598337] R10: ffffc90000f73720 R11: 0000000000000001 R12: ffffffff812e7649
[   56.599708] R13: 0000000000000000 R14: 0000000000000001 R15: 0000000000000001
[   56.601188]  ? perf_ftrace_function_call+0x49/0x280
[   56.602421]  ? perf_ftrace_function_call+0x49/0x280
[   56.603709]  ? write_comp_data+0x2f/0x90
[   56.604689]  ? perf_trace_buf_update+0x70/0x70
[   56.605654]  __sanitizer_cov_trace_const_cmp1+0x1a/0x20
[   56.606761]  perf_ftrace_function_call+0x49/0x280
[   56.607747]  ? perf_trace_buf_alloc+0x3d/0x100
[   56.608697]  ? __perf_event_stop+0xd0/0xd0
[   56.609577]  ? __sanitizer_cov_trace_pc+0x21/0x50
[   56.610650]  ? ftrace_ops_test+0x71/0xc0
[   56.611646]  ? debug_smp_processor_id+0x1c/0x20
[   56.612670]  ? perf_swevent_put_recursion_context+0x20/0x40
[   56.613920]  ? perf_tp_event+0x3a4/0x500
[   56.614918]  ? write_comp_data+0x2f/0x90
[   56.615983]  ? perf_trace_buf_update+0x70/0x70
[   56.616968]  arch_ftrace_ops_list_func+0x230/0x2b0
[   56.617993]  ? perf_trace_buf_alloc+0x3d/0x100
[   56.618992]  ? __perf_event_stop+0xd0/0xd0
[   56.620098]  ftrace_call+0x5/0x44
[   56.620873]  ? perf_swevent_put_recursion_context+0x40/0x40
[   56.622217]  ? ftrace_call+0x5/0x44
[   56.623113]  ? perf_trace_buf_alloc+0x26/0x100
[   56.624225]  ? perf_swevent_get_recursion_context+0x5/0xd0
[   56.625403]  ? write_comp_data+0x2f/0x90
[   56.626363]  perf_swevent_get_recursion_context+0x5/0xd0
[   56.627519]  perf_trace_buf_alloc+0x3d/0x100
[   56.628503]  ? perf_swevent_get_recursion_context+0x5/0xd0
[   56.629641]  ? perf_trace_buf_alloc+0x3d/0x100
[   56.630757]  perf_ftrace_function_call+0x1d5/0x280
[   56.631801]  ? rcu_read_lock_sched_held+0x25/0x80
[   56.632805]  ? rcu_tasks_trace_pregp_step+0x70/0x70
[   56.633841]  ? __sanitizer_cov_trace_pc+0x21/0x50
[   56.635376]  ? arch_ftrace_ops_list_func+0x230/0x2b0
[   56.636717]  ? perf_trace_buf_update+0x70/0x70
[   56.637716]  arch_ftrace_ops_list_func+0x230/0x2b0
[   56.638738]  ? rcu_read_lock_sched_held+0x25/0x80
[   56.639784]  ? rcu_tasks_trace_pregp_step+0x70/0x70
[   56.641012]  ftrace_call+0x5/0x44
[   56.641874]  ? ftrace_call+0x5/0x44
[   56.642694]  ? __sanitizer_cov_trace_pc+0x21/0x50
[   56.644025]  ? rcu_read_lock_held_common+0x5/0x50
[   56.645108]  ? rcu_read_lock_sched_held+0x5/0x80
[   56.646099]  rcu_read_lock_held_common+0x5/0x50
[   56.647080]  rcu_read_lock_sched_held+0x25/0x80
[   56.648087]  ? rcu_read_lock_held_common+0x5/0x50
[   56.649067]  ? rcu_read_lock_sched_held+0x25/0x80
[   56.650043]  ? lock_acquire+0x19c/0x2f0
[   56.650934]  lock_acquire+0x19c/0x2f0
[   56.651881]  ? preempt_count_add+0x5/0xc0
[   56.653015]  _raw_spin_lock+0x32/0x50
[   56.653815]  ? __get_locked_pte+0x92/0xd0
[   56.654740]  __get_locked_pte+0x92/0xd0
[   56.655647]  ? ipv6_dup_options+0x1/0xe0
[   56.656593]  __text_poke+0xed/0x4d0
[   56.657394]  ? ipv6_dup_options+0x1/0xe0
[   56.658325]  ? lock_is_held_type+0xe4/0x140
[   56.659279]  ? ipv6_dup_options+0x1/0xe0
[   56.660306]  text_poke+0x2b/0x60
[   56.661151]  text_poke_bp_batch+0x161/0x2c0
[   56.662216]  ? fib6_rule_fill+0xf0/0xf0
[   56.663194]  text_poke_queue+0xa7/0xc0
[   56.664196]  ftrace_replace_code+0xfd/0x170
[   56.665272]  ftrace_modify_all_code+0x1b1/0x270
[   56.666385]  arch_ftrace_update_code+0x9/0x10
[   56.667337]  ftrace_run_update_code+0x30/0xa0
[   56.668376]  ftrace_startup_enable+0x5e/0xa0
[   56.669371]  ftrace_startup+0x16d/0x240
[   56.670442]  register_ftrace_function+0x43/0x90
[   56.671485]  perf_ftrace_event_register+0xc1/0xf0
[   56.672589]  perf_trace_event_init+0x9e/0x4d0
[   56.673693]  perf_trace_init+0xda/0x160
[   56.674680]  perf_tp_event_init+0x5c/0xa0
[   56.675652]  perf_try_init_event+0x88/0x280
[   56.676777]  perf_event_alloc+0xe53/0x1c40
[   56.677788]  ? perf_event_alloc+0x5/0x1c40
[   56.678970]  __do_sys_perf_event_open+0x3bf/0x1de0
[   56.681124]  __x64_sys_perf_event_open+0x2b/0x30
[   56.682151]  do_syscall_64+0x37/0x80
[   56.683001]  entry_SYSCALL_64_after_hwframe+0x44/0xae
[   56.684107] RIP: 0033:0x7fde32bee59d
[   56.684932] Code: 00 c3 66 2e 0f 1f 84 00 00 00 00 00 90 f3 0f 1e fa 48 89 f8 48 89 f7 48 89 d6 48 89 ca 4d 89 c2 4d 89 c8 4c 8b 4c 24 08 0f 05 <48> 3d 01 f0 ff ff 73 01 c3 48 8b 0d d3 08 0d 00 f7 d8 64 89 01 48
[   56.688268] RSP: 002b:00007ffdd23b1a68 EFLAGS: 00000246 ORIG_RAX: 000000000000012a
[   56.689776] RAX: ffffffffffffffda RBX: 0000000000000000 RCX: 00007fde32bee59d
[   56.691142] RDX: 0000000000000000 RSI: 00000000ffffffff RDI: 00000000200000c0
[   56.692534] RBP: 00007ffdd23b1a80 R08: 0000000000000000 R09: 00007ffdd23b1a80
[   56.693898] R10: 00000000ffffffff R11: 0000000000000246 R12: 0000000000401180
[   56.695272] R13: 00007ffdd23b1ba0 R14: 0000000000000000 R15: 0000000000000000
[   56.697310]  </TASK>
[   56.698571] Kernel Offset: disabled
[   56.699485] ---[ end Kernel panic - not syncing: softlockup: hung tasks ]---
