c[?7l[2J[0mSeaBIOS (version rel-1.16.0-0-gd239552ce722-prebuilt.qemu.org)


iPXE (http://ipxe.org) 00:03.0 CA00 PCI2.10 PnP PMM+7FF91000+7FEF1000 CA00
Press Ctrl-B to configure iPXE (PCI 00:03.0)...                                                                               


Booting from ROM..c[?7l[2Jearly console in extract_kernel
input_data: 0x000000000bed72c8
input_len: 0x000000000452a079
output: 0x0000000001000000
output_len: 0x000000000e051b28
kernel_total_size: 0x000000000f426000
needed_size: 0x000000000f600000
trampoline_32bit: 0x000000000009d000

Decompressing Linux... Parsing ELF... done.
Booting the kernel.
[    0.000000][    T0] Linux version 5.6.0-rc5-49397b801261-02077-g49397b801261 (root@xpf.sh.intel.com) (gcc version 8.5.0 20210514 (Red Hat 8.5.0-20) (GCC)) #1 SMP PREEMPT Sat Dec 2 12:29:41 CST 2023
[    0.000000][    T0] Command line: console=ttyS0 root=/dev/sda1 earlyprintk=serial net.ifnames=0 thunderbolt.dyndbg plymouth.enable=0
[    0.000000][    T0] KERNEL supported cpus:
[    0.000000][    T0]   Intel GenuineIntel
[    0.000000][    T0]   AMD AuthenticAMD
[    0.000000][    T0] x86/fpu: Supporting XSAVE feature 0x001: 'x87 floating point registers'
[    0.000000][    T0] x86/fpu: Supporting XSAVE feature 0x002: 'SSE registers'
[    0.000000][    T0] x86/fpu: Supporting XSAVE feature 0x004: 'AVX registers'
[    0.000000][    T0] x86/fpu: Supporting XSAVE feature 0x008: 'MPX bounds registers'
[    0.000000][    T0] x86/fpu: Supporting XSAVE feature 0x010: 'MPX CSR'
[    0.000000][    T0] x86/fpu: Supporting XSAVE feature 0x020: 'AVX-512 opmask'
[    0.000000][    T0] x86/fpu: Supporting XSAVE feature 0x040: 'AVX-512 Hi256'
[    0.000000][    T0] x86/fpu: Supporting XSAVE feature 0x080: 'AVX-512 ZMM_Hi256'
[    0.000000][    T0] x86/fpu: xstate_offset[2]:  576, xstate_sizes[2]:  256
[    0.000000][    T0] x86/fpu: xstate_offset[3]:  832, xstate_sizes[3]:   64
[    0.000000][    T0] x86/fpu: xstate_offset[4]:  896, xstate_sizes[4]:   64
[    0.000000][    T0] x86/fpu: xstate_offset[5]:  960, xstate_sizes[5]:   64
[    0.000000][    T0] x86/fpu: xstate_offset[6]: 1024, xstate_sizes[6]:  512
[    0.000000][    T0] x86/fpu: xstate_offset[7]: 1536, xstate_sizes[7]: 1024
[    0.000000][    T0] x86/fpu: Enabled xstate features 0xff, context size is 2560 bytes, using 'compacted' format.
[    0.000000][    T0] BIOS-provided physical RAM map:
[    0.000000][    T0] BIOS-e820: [mem 0x0000000000000000-0x000000000009fbff] usable
[    0.000000][    T0] BIOS-e820: [mem 0x000000000009fc00-0x000000000009ffff] reserved
[    0.000000][    T0] BIOS-e820: [mem 0x00000000000f0000-0x00000000000fffff] reserved
[    0.000000][    T0] BIOS-e820: [mem 0x0000000000100000-0x000000007ffdffff] usable
[    0.000000][    T0] BIOS-e820: [mem 0x000000007ffe0000-0x000000007fffffff] reserved
[    0.000000][    T0] BIOS-e820: [mem 0x00000000feffc000-0x00000000feffffff] reserved
[    0.000000][    T0] BIOS-e820: [mem 0x00000000fffc0000-0x00000000ffffffff] reserved
[    0.000000][    T0] printk: bootconsole [earlyser0] enabled
[    0.000000][    T0] ERROR: earlyprintk= earlyser already used
[    0.000000][    T0] ERROR: earlyprintk= earlyser already used
[    0.000000][    T0] ERROR: earlyprintk= earlyser already used
[    0.000000][    T0] Malformed early option 'vsyscall'
[    0.000000][    T0] nopcid: PCID feature disabled
[    0.000000][    T0] NX (Execute Disable) protection: active
[    0.000000][    T0] SMBIOS 2.8 present.
[    0.000000][    T0] DMI: QEMU Standard PC (i440FX + PIIX, 1996), BIOS rel-1.16.0-0-gd239552ce722-prebuilt.qemu.org 04/01/2014
[    0.000000][    T0] Hypervisor detected: KVM
[    0.000000][    T0] kvm-clock: Using msrs 4b564d01 and 4b564d00
[    0.000002][    T0] kvm-clock: cpu 0, msr ec78001, primary cpu clock
[    0.000002][    T0] kvm-clock: using sched offset of 857166962 cycles
[    0.000530][    T0] clocksource: kvm-clock: mask: 0xffffffffffffffff max_cycles: 0x1cd42e4dffb, max_idle_ns: 881590591483 ns
[    0.001989][    T0] tsc: Detected 2999.998 MHz processor
[    0.007643][    T0] last_pfn = 0x7ffe0 max_arch_pfn = 0x400000000
[    0.008238][    T0] x86/PAT: Configuration [0-7]: WB  WC  UC- UC  WB  WP  UC- WT  
[    0.016092][    T0] found SMP MP-table at [mem 0x000f5ba0-0x000f5baf]
[    0.016677][    T0] Using GB pages for direct mapping
[    0.017718][    T0] ACPI: Early table checksum verification disabled
[    0.018259][    T0] ACPI: RSDP 0x00000000000F59C0 000014 (v00 BOCHS )
[    0.018802][    T0] ACPI: RSDT 0x000000007FFE1951 000034 (v01 BOCHS  BXPC     00000001 BXPC 00000001)
[    0.019671][    T0] ACPI: FACP 0x000000007FFE17FD 000074 (v01 BOCHS  BXPC     00000001 BXPC 00000001)
[    0.020595][    T0] ACPI: DSDT 0x000000007FFE0040 0017BD (v01 BOCHS  BXPC     00000001 BXPC 00000001)
[    0.021758][    T0] ACPI: FACS 0x000000007FFE0000 000040
[    0.022276][    T0] ACPI: APIC 0x000000007FFE1871 000080 (v01 BOCHS  BXPC     00000001 BXPC 00000001)
[    0.023153][    T0] ACPI: HPET 0x000000007FFE18F1 000038 (v01 BOCHS  BXPC     00000001 BXPC 00000001)
[    0.024000][    T0] ACPI: WAET 0x000000007FFE1929 000028 (v01 BOCHS  BXPC     00000001 BXPC 00000001)
[    0.025700][    T0] No NUMA configuration found
[    0.026124][    T0] Faking a node at [mem 0x0000000000000000-0x000000007ffdffff]
[    0.026808][    T0] Faking node 0 at [mem 0x0000000000000000-0x000000003fffffff] (1024MB)
[    0.027551][    T0] Faking node 1 at [mem 0x0000000040000000-0x000000007ffdffff] (1023MB)
[    0.028635][    T0] NODE_DATA(0) allocated [mem 0x3fffb000-0x3fffffff]
[    0.029359][    T0] NODE_DATA(1) allocated [mem 0x7ffda000-0x7ffdefff]
[    0.033373][    T0] Zone ranges:
[    0.033681][    T0]   DMA      [mem 0x0000000000001000-0x0000000000ffffff]
[    0.034260][    T0]   DMA32    [mem 0x0000000001000000-0x000000007ffdffff]
[    0.034852][    T0]   Normal   empty
[    0.035180][    T0]   Device   empty
[    0.035508][    T0] Movable zone start for each node
[    0.035961][    T0] Early memory node ranges
[    0.036351][    T0]   node   0: [mem 0x0000000000001000-0x000000000009efff]
[    0.036975][    T0]   node   0: [mem 0x0000000000100000-0x000000003fffffff]
[    0.037550][    T0]   node   1: [mem 0x0000000040000000-0x000000007ffdffff]
[    0.038140][    T0] Zeroed struct page in unavailable ranges: 130 pages
[    0.038144][    T0] Initmem setup node 0 [mem 0x0000000000001000-0x000000003fffffff]
[    0.049631][    T0] Initmem setup node 1 [mem 0x0000000040000000-0x000000007ffdffff]
[    0.093057][    T0] kasan: KernelAddressSanitizer initialized
[    0.093889][    T0] ACPI: PM-Timer IO Port: 0x608
[    0.094349][    T0] ACPI: LAPIC_NMI (acpi_id[0xff] dfl dfl lint[0x1])
[    0.094996][    T0] IOAPIC[0]: apic_id 0, version 17, address 0xfec00000, GSI 0-23
[    0.095696][    T0] ACPI: INT_SRC_OVR (bus 0 bus_irq 0 global_irq 2 dfl dfl)
[    0.096341][    T0] ACPI: INT_SRC_OVR (bus 0 bus_irq 5 global_irq 5 high level)
[    0.097011][    T0] ACPI: INT_SRC_OVR (bus 0 bus_irq 9 global_irq 9 high level)
[    0.097676][    T0] ACPI: INT_SRC_OVR (bus 0 bus_irq 10 global_irq 10 high level)
[    0.098357][    T0] ACPI: INT_SRC_OVR (bus 0 bus_irq 11 global_irq 11 high level)
[    0.099061][    T0] Using ACPI (MADT) for SMP configuration information
[    0.099669][    T0] ACPI: HPET id: 0x8086a201 base: 0xfed00000
[    0.100207][    T0] smpboot: Allowing 2 CPUs, 0 hotplug CPUs
[    0.100744][    T0] KVM setup pv remote TLB flush
[    0.101180][    T0] KVM setup pv sched yield
[    0.101607][    T0] PM: hibernation: Registered nosave memory: [mem 0x00000000-0x00000fff]
[    0.102369][    T0] PM: hibernation: Registered nosave memory: [mem 0x0009f000-0x0009ffff]
[    0.103127][    T0] PM: hibernation: Registered nosave memory: [mem 0x000a0000-0x000effff]
[    0.103901][    T0] PM: hibernation: Registered nosave memory: [mem 0x000f0000-0x000fffff]
[    0.104681][    T0] [mem 0x80000000-0xfeffbfff] available for PCI devices
[    0.105335][    T0] Booting paravirtualized kernel on KVM
[    0.105850][    T0] clocksource: refined-jiffies: mask: 0xffffffff max_cycles: 0xffffffff, max_idle_ns: 19112604462750000 ns
[    0.149532][    T0] setup_percpu: NR_CPUS:8 nr_cpumask_bits:8 nr_cpu_ids:2 nr_node_ids:2
[    0.150809][    T0] percpu: Embedded 65 pages/cpu s227656 r8192 d30392 u2097152
[    0.151542][    T0] KVM setup async PF for cpu 0
[    0.151939][    T0] kvm-stealtime: cpu 0, msr 2ce21a80
[    0.152380][    T0] PV qspinlock hash table entries: 256 (order: 0, 4096 bytes, linear)
[    0.153075][    T0] Built 2 zonelists, mobility grouping on.  Total pages: 515945
[    0.153698][    T0] Policy zone: DMA32
[    0.154033][    T0] Kernel command line: earlyprintk=serial net.ifnames=0 sysctl.kernel.hung_task_all_cpu_backtrace=1 ima_policy=tcb nf-conntrack-ftp.ports=20000 nf-conntrack-tftp.ports=20000 nf-conntrack-sip.ports=20000 nf-conntrack-irc.ports=20000 nf-conntrack-sane.ports=20000 binder.debug_mask=0 rcupdate.rcu_expedited=1 rcupdate.rcu_cpu_stall_cputime=1 no_hash_pointers page_owner=on sysctl.vm.nr_hugepages=4 sysctl.vm.nr_overcommit_hugepages=4 secretmem.enable=1 sysctl.max_rcu_stall_to_panic=1 msr.allow_writes=off coredump_filter=0xffff root=/dev/sda console=ttyS0 vsyscall=native numa=fake=2 kvm-intel.nested=1 spec_store_bypass_disable=prctl nopcid vivid.n_devs=16 vivid.multiplanar=1,2,1,2,1,2,1,2,1,2,1,2,1,2,1,2 netrom.nr_ndevs=16 rose.rose_ndevs=16 smp.csd_lock_timeout=100000 watchdog_thresh=55 workqueue.watchdog_thresh=140 sysctl.net.core.netdev_unregister_timeout_secs=140 dummy_hcd.num=8 panic_on_warn=1 console=ttyS0 root=/dev/sda1 earlyprintk=serial net.ifnames=0 thunderb
[    0.157333][    T0] mem auto-init: stack:off, heap alloc:on, heap free:off
[    0.272677][    T0] Memory: 1519572K/2096632K available (133130K kernel code, 40807K rwdata, 27240K rodata, 2588K init, 24252K bss, 577060K reserved, 0K cma-reserved)
[    0.274557][    T0] SLUB: HWalign=64, Order=0-3, MinObjects=0, CPUs=2, Nodes=2
[    0.276695][    T0] Running RCU self tests
[    0.277055][    T0] rcu: Preemptible hierarchical RCU implementation.
[    0.277574][    T0] rcu: 	RCU lockdep checking is enabled.
[    0.278019][    T0] rcu: 	RCU restricting CPUs from NR_CPUS=8 to nr_cpu_ids=2.
[    0.278594][    T0] rcu: 	RCU callback double-/use-after-free debug enabled.
[    0.279159][    T0] rcu: 	RCU debug extended QS entry/exit.
[    0.279605][    T0] 	All grace periods are expedited (rcu_expedited).
[    0.280125][    T0] 	Tasks RCU enabled.
[    0.280435][    T0] rcu: RCU calculated value of scheduler-enlistment delay is 10 jiffies.
[    0.281100][    T0] rcu: Adjusting geometry for rcu_fanout_leaf=16, nr_cpu_ids=2
[    0.285966][    T0] NR_IRQS: 4352, nr_irqs: 440, preallocated irqs: 16
[    0.287298][    T0] random: get_random_bytes called from start_kernel+0x521/0x85a with crng_init=0
[    0.292192][    T0] Console: colour VGA+ 80x25
[    0.293457][    T0] printk: console [ttyS0] enabled
[    0.293457][    T0] printk: console [ttyS0] enabled
[    0.294317][    T0] printk: bootconsole [earlyser0] disabled
[    0.294317][    T0] printk: bootconsole [earlyser0] disabled
[    0.295236][    T0] Lock dependency validator: Copyright (c) 2006 Red Hat, Inc., Ingo Molnar
[    0.295934][    T0] ... MAX_LOCKDEP_SUBCLASSES:  8
[    0.296352][    T0] ... MAX_LOCK_DEPTH:          48
[    0.296797][    T0] ... MAX_LOCKDEP_KEYS:        8192
[    0.297232][    T0] ... CLASSHASH_SIZE:          4096
[    0.297650][    T0] ... MAX_LOCKDEP_ENTRIES:     32768
[    0.298080][    T0] ... MAX_LOCKDEP_CHAINS:      65536
[    0.298503][    T0] ... CHAINHASH_SIZE:          32768
[    0.298930][    T0]  memory used by lock dependency info: 6237 kB
[    0.299430][    T0]  memory used for stack traces: 4224 kB
[    0.299884][    T0]  per task-struct memory footprint: 1920 bytes
[    0.300499][    T0] mempolicy: Enabling automatic NUMA balancing. Configure with numa_balancing= or the kernel.numa_balancing sysctl
[    0.301698][    T0] ACPI: Core revision 20200110
[    0.302768][    T0] clocksource: hpet: mask: 0xffffffff max_cycles: 0xffffffff, max_idle_ns: 19112604467 ns
[    0.303885][    T0] APIC: Switch to symmetric I/O mode setup
[    0.304575][    T0] x2apic enabled
[    0.305079][    T0] Switched APIC routing to physical x2apic.
[    0.305603][    T0] KVM setup pv IPIs
[    0.307029][    T0] ..TIMER: vector=0x30 apic1=0 pin1=2 apic2=-1 pin2=-1
[    0.307644][    T0] clocksource: tsc-early: mask: 0xffffffffffffffff max_cycles: 0x2b3e43c8763, max_idle_ns: 440795360101 ns
[    0.308579][    T0] Calibrating delay loop (skipped) preset value.. 5999.99 BogoMIPS (lpj=29999980)
[    0.309333][    T0] pid_max: default: 32768 minimum: 301
[    0.309941][    T0] LSM: Security Framework initializing
[    0.310423][    T0] Yama: becoming mindful.
[    0.310863][    T0] TOMOYO Linux initialized
[    0.311429][    T0] AppArmor: AppArmor initialized
[    0.312606][    T0] Dentry cache hash table entries: 262144 (order: 9, 2097152 bytes, vmalloc)
[    0.313664][    T0] Inode-cache hash table entries: 131072 (order: 8, 1048576 bytes, vmalloc)
[    0.318653][    T0] Mount-cache hash table entries: 4096 (order: 3, 32768 bytes, vmalloc)
[    0.319350][    T0] Mountpoint-cache hash table entries: 4096 (order: 3, 32768 bytes, vmalloc)
[    0.320150][    T0] *** VALIDATE tmpfs ***
[    0.321580][    T0] *** VALIDATE proc ***
[    0.322541][    T0] *** VALIDATE cgroup ***
[    0.322901][    T0] *** VALIDATE cgroup2 ***
[    0.323452][    T0] x86/cpu: User Mode Instruction Prevention (UMIP) activated
[    0.324148][    T0] Last level iTLB entries: 4KB 0, 2MB 0, 4MB 0
[    0.324650][    T0] Last level dTLB entries: 4KB 0, 2MB 0, 4MB 0, 1GB 0
[    0.325214][    T0] Spectre V1 : Mitigation: usercopy/swapgs barriers and __user pointer sanitization
[    0.326000][    T0] Spectre V2 : Mitigation: Enhanced IBRS
[    0.326426][    T0] Spectre V2 : Spectre v2 / SpectreRSB mitigation: Filling RSB on context switch
[    0.327133][    T0] Spectre V2 : mitigation: Enabling conditional Indirect Branch Prediction Barrier
[    0.327854][    T0] Speculative Store Bypass: Mitigation: Speculative Store Bypass disabled via prctl
[    0.328604][    T0] TAA: Mitigation: Clear CPU buffers
[    0.329890][    T0] Freeing SMP alternatives memory: 100K
[    0.331129][    T1] smpboot: CPU0: Intel(R) Core(TM) i9-10980XE CPU @ 3.00GHz (family: 0x6, model: 0x55, stepping: 0x7)
[    0.398626][    T1] Performance Events: Skylake events, full-width counters, Intel PMU driver.
[    0.399371][    T1] ... version:                2
[    0.399744][    T1] ... bit width:              48
[    0.400121][    T1] ... generic registers:      4
[    0.400488][    T1] ... value mask:             0000ffffffffffff
[    0.400955][    T1] ... max period:             00007fffffffffff
[    0.401421][    T1] ... fixed-purpose events:   3
[    0.401795][    T1] ... event mask:             000000070000000f
[    0.418602][    T1] rcu: Hierarchical SRCU implementation.
[    0.468595][    T1] smp: Bringing up secondary CPUs ...
[    0.548744][    T1] x86: Booting SMP configuration:
[    0.549164][    T1] .... node  #1, CPUs:      #1
[    0.021422][    T0] kvm-clock: cpu 1, msr ec78041, secondary cpu clock
[    0.550445][   T15] KVM setup async PF for cpu 1
[    0.550445][   T15] kvm-stealtime: cpu 1, msr 7ec21a80
[    0.550445][    T1] smp: Brought up 2 nodes, 2 CPUs
[    0.550445][    T1] smpboot: Max logical packages: 1
[    0.550445][    T1] smpboot: Total of 2 processors activated (11999.99 BogoMIPS)
[    0.553605][    T1] allocated 12582912 bytes of page_ext
[    0.554357][    T1] Node 0, zone      DMA: page owner found early allocated 0 pages
[    0.561955][    T1] Node 0, zone    DMA32: page owner found early allocated 2657 pages
[    0.563362][    T1] Node 1, zone    DMA32: page owner found early allocated 2640 pages
[    0.564805][    T1] devtmpfs: initialized
[    0.564805][    T1] x86/mm: Memory block size: 128MB
[    0.582260][    T1] clocksource: jiffies: mask: 0xffffffff max_cycles: 0xffffffff, max_idle_ns: 19112604462750000 ns
[    0.583491][    T1] futex hash table entries: 512 (order: 4, 65536 bytes, vmalloc)
[    0.584802][    T1] xor: automatically using best checksumming function   avx       
[    0.588908][   T24] kworker/u5:0 (24) used greatest stack depth: 27480 bytes left
[    0.591644][    T1] PM: RTC time: 03:11:56, date: 2023-12-03
[    0.592302][    T1] thermal_sys: Registered thermal governor 'step_wise'
[    0.592304][    T1] thermal_sys: Registered thermal governor 'user_space'
[    0.594415][    T1] NET: Registered protocol family 16
[    0.598796][   T32] kworker/u5:1 (32) used greatest stack depth: 27064 bytes left
[    0.601001][    T1] audit: initializing netlink subsys (disabled)
[    0.601797][   T34] audit: type=2000 audit(1701573117.352:1): state=initialized audit_enabled=0 res=1
[    0.602236][    T1] cpuidle: using governor menu
[    0.611887][    T1] ACPI: bus type PCI registered
[    0.613115][    T1] dca service started, version 1.12.1
[    0.613951][    T1] PCI: Using configuration type 1 for base access
[    0.633947][   T79] kworker/u5:1 (79) used greatest stack depth: 26968 bytes left
[    0.950032][    T1] HugeTLB registered 1.00 GiB page size, pre-allocated 0 pages
[    0.950032][    T1] HugeTLB registered 2.00 MiB page size, pre-allocated 0 pages
[    0.969374][    T1] cryptd: max_cpu_qlen set to 1000
[    0.990683][    T1] raid6: skip pq benchmark and using algorithm avx512x4
[    0.990909][    T1] raid6: using avx512x2 recovery algorithm
[    0.991875][    T1] ACPI: Added _OSI(Module Device)
[    0.992309][    T1] ACPI: Added _OSI(Processor Device)
[    0.992772][    T1] ACPI: Added _OSI(3.0 _SCP Extensions)
[    0.993232][    T1] ACPI: Added _OSI(Processor Aggregator Device)
[    0.993759][    T1] ACPI: Added _OSI(Linux-Dell-Video)
[    0.998586][    T1] ACPI: Added _OSI(Linux-Lenovo-NV-HDMI-Audio)
[    1.001929][    T1] ACPI: Added _OSI(Linux-HPI-Hybrid-Graphics)
[    1.021646][    T1] ACPI: 1 ACPI AML tables successfully acquired and loaded
[    1.074821][    T1] ACPI: Interpreter enabled
[    1.075399][    T1] ACPI: (supports S0 S3 S4 S5)
[    1.075776][    T1] ACPI: Using IOAPIC for interrupt routing
[    1.076425][    T1] PCI: Using host bridge windows from ACPI; if necessary, use "pci=nocrs" and report a bug
[    1.078766][    T1] ACPI: Enabled 2 GPEs in block 00 to 0F
[    1.137075][    T1] ACPI: PCI Root Bridge [PCI0] (domain 0000 [bus 00-ff])
[    1.137681][    T1] acpi PNP0A03:00: _OSC: OS supports [ASPM ClockPM Segments MSI HPX-Type3]
[    1.138859][    T1] acpi PNP0A03:00: fail to add MMCONFIG information, can't access extended PCI configuration space under this bridge.
[    1.140403][    T1] PCI host bridge to bus 0000:00
[    1.140792][    T1] pci_bus 0000:00: Unknown NUMA node; performance will be reduced
[    1.141399][    T1] pci_bus 0000:00: root bus resource [io  0x0000-0x0cf7 window]
[    1.141986][    T1] pci_bus 0000:00: root bus resource [io  0x0d00-0xffff window]
[    1.142577][    T1] pci_bus 0000:00: root bus resource [mem 0x000a0000-0x000bffff window]
[    1.143216][    T1] pci_bus 0000:00: root bus resource [mem 0x80000000-0xfebfffff window]
[    1.143862][    T1] pci_bus 0000:00: root bus resource [mem 0x100000000-0x17fffffff window]
[    1.144518][    T1] pci_bus 0000:00: root bus resource [bus 00-ff]
[    1.145153][    T1] pci 0000:00:00.0: [8086:1237] type 00 class 0x060000
[    1.150099][    T1] pci 0000:00:01.0: [8086:7000] type 00 class 0x060100
[    1.153624][    T1] pci 0000:00:01.1: [8086:7010] type 00 class 0x010180
[    1.155672][    T1] pci 0000:00:01.1: reg 0x20: [io  0xc040-0xc04f]
[    1.156806][    T1] pci 0000:00:01.1: legacy IDE quirk: reg 0x10: [io  0x01f0-0x01f7]
[    1.157475][    T1] pci 0000:00:01.1: legacy IDE quirk: reg 0x14: [io  0x03f6]
[    1.158091][    T1] pci 0000:00:01.1: legacy IDE quirk: reg 0x18: [io  0x0170-0x0177]
[    1.159047][    T1] pci 0000:00:01.1: legacy IDE quirk: reg 0x1c: [io  0x0376]
[    1.161513][    T1] pci 0000:00:01.3: [8086:7113] type 00 class 0x068000
[    1.162376][    T1] pci 0000:00:01.3: quirk: [io  0x0600-0x063f] claimed by PIIX4 ACPI
[    1.162995][    T1] pci 0000:00:01.3: quirk: [io  0x0700-0x070f] claimed by PIIX4 SMB
[    1.165127][    T1] pci 0000:00:02.0: [1234:1111] type 00 class 0x030000
[    1.167254][    T1] pci 0000:00:02.0: reg 0x10: [mem 0xfd000000-0xfdffffff pref]
[    1.168965][    T1] pci 0000:00:02.0: reg 0x18: [mem 0xfebf0000-0xfebf0fff]
[    1.172355][    T1] pci 0000:00:02.0: reg 0x30: [mem 0xfebe0000-0xfebeffff pref]
[    1.176719][    T1] pci 0000:00:03.0: [8086:100e] type 00 class 0x020000
[    1.177853][    T1] pci 0000:00:03.0: reg 0x10: [mem 0xfebc0000-0xfebdffff]
[    1.179044][    T1] pci 0000:00:03.0: reg 0x14: [io  0xc000-0xc03f]
[    1.182269][    T1] pci 0000:00:03.0: reg 0x30: [mem 0xfeb80000-0xfebbffff pref]
[    1.192168][    T1] ACPI: PCI Interrupt Link [LNKA] (IRQs 5 *10 11)
[    1.193953][    T1] ACPI: PCI Interrupt Link [LNKB] (IRQs 5 *10 11)
[    1.195722][    T1] ACPI: PCI Interrupt Link [LNKC] (IRQs 5 10 *11)
[    1.197834][    T1] ACPI: PCI Interrupt Link [LNKD] (IRQs 5 10 *11)
[    1.200459][    T1] ACPI: PCI Interrupt Link [LNKS] (IRQs *9)
[    1.205601][    T1] iommu: Default domain type: Translated 
[    1.206477][    T1] pci 0000:00:02.0: vgaarb: setting as boot VGA device
[    1.206826][    T1] pci 0000:00:02.0: vgaarb: VGA device added: decodes=io+mem,owns=io+mem,locks=none
[    1.206826][    T1] pci 0000:00:02.0: vgaarb: bridge control possible
[    1.208593][    T1] vgaarb: loaded
[    1.212015][    T1] SCSI subsystem initialized
[    1.214053][    T1] ACPI: bus type USB registered
[    1.214831][    T1] usbcore: registered new interface driver usbfs
[    1.215551][    T1] usbcore: registered new interface driver hub
[    1.216259][    T1] usbcore: registered new device driver usb
[    1.218362][    T1] mc: Linux media interface: v0.10
[    1.218902][    T1] videodev: Linux video capture interface: v2.00
[    1.220128][    T1] pps_core: LinuxPPS API ver. 1 registered
[    1.220577][    T1] pps_core: Software ver. 5.3.6 - Copyright 2005-2007 Rodolfo Giometti <giometti@linux.it>
[    1.226494][    T1] PTP clock support registered
[    1.227578][    T1] EDAC MC: Ver: 3.0.0
[    1.229671][    T1] Advanced Linux Sound Architecture Driver Initialized.
[    1.230419][    T1] PCI: Using ACPI for IRQ routing
[    1.232487][    T1] Bluetooth: Core ver 2.22
[    1.232940][    T1] NET: Registered protocol family 31
[    1.233380][    T1] Bluetooth: HCI device and connection manager initialized
[    1.234008][    T1] Bluetooth: HCI socket layer initialized
[    1.234496][    T1] Bluetooth: L2CAP socket layer initialized
[    1.235022][    T1] Bluetooth: SCO socket layer initialized
[    1.235529][    T1] NET: Registered protocol family 8
[    1.235963][    T1] NET: Registered protocol family 20
[    1.236515][    T1] NetLabel: Initializing
[    1.236886][    T1] NetLabel:  domain hash size = 128
[    1.237279][    T1] NetLabel:  protocols = UNLABELED CIPSOv4 CALIPSO
[    1.237946][    T1] NetLabel:  unlabeled traffic allowed by default
[    1.242345][    T1] nfc: nfc_init: NFC Core ver 0.1
[    1.242345][    T1] NET: Registered protocol family 39
[    1.243193][    T1] hpet0: at MMIO 0xfed00000, IRQs 2, 8, 0
[    1.243633][    T1] hpet0: 3 comparators, 64-bit 100.000000 MHz counter
[    1.251730][    T1] clocksource: Switched to clocksource kvm-clock
[    2.734867][    T1] *** VALIDATE bpf ***
[    2.736043][    T1] VFS: Disk quotas dquot_6.6.0
[    2.736497][    T1] VFS: Dquot-cache hash table entries: 512 (order 0, 4096 bytes)
[    2.737503][    T1] FS-Cache: Loaded
[    2.737794][    T1] *** VALIDATE ramfs ***
[    2.738137][    T1] *** VALIDATE hugetlbfs ***
[    2.739174][    T1] CacheFiles: Loaded
[    2.739673][    T1] TOMOYO: 2.6.0
[    2.739946][    T1] Mandatory Access Control activated.
[    2.741290][    T1] AppArmor: AppArmor Filesystem Enabled
[    2.742646][    T1] pnp: PnP ACPI init
[    2.747802][    T1] pnp: PnP ACPI: found 6 devices
[    2.785463][    T1] clocksource: acpi_pm: mask: 0xffffff max_cycles: 0xffffff, max_idle_ns: 2085701024 ns
[    2.786734][    T1] pci_bus 0000:00: resource 4 [io  0x0000-0x0cf7 window]
[    2.787293][    T1] pci_bus 0000:00: resource 5 [io  0x0d00-0xffff window]
[    2.787829][    T1] pci_bus 0000:00: resource 6 [mem 0x000a0000-0x000bffff window]
[    2.788419][    T1] pci_bus 0000:00: resource 7 [mem 0x80000000-0xfebfffff window]
[    2.789144][    T1] pci_bus 0000:00: resource 8 [mem 0x100000000-0x17fffffff window]
[    2.790349][    T1] NET: Registered protocol family 2
[    2.792137][    T1] tcp_listen_portaddr_hash hash table entries: 1024 (order: 4, 73728 bytes, vmalloc)
[    2.793032][    T1] TCP established hash table entries: 16384 (order: 5, 131072 bytes, vmalloc)
[    2.794708][    T1] TCP bind hash table entries: 16384 (order: 8, 1048576 bytes, vmalloc)
[    2.796154][    T1] TCP: Hash tables configured (established 16384 bind 16384)
[    2.797242][    T1] UDP hash table entries: 1024 (order: 5, 163840 bytes, vmalloc)
[    2.798190][    T1] UDP-Lite hash table entries: 1024 (order: 5, 163840 bytes, vmalloc)
[    2.800907][    T1] NET: Registered protocol family 1
[    2.802156][    T1] RPC: Registered named UNIX socket transport module.
[    2.802693][    T1] RPC: Registered udp transport module.
[    2.803118][    T1] RPC: Registered tcp transport module.
[    2.803539][    T1] RPC: Registered tcp NFSv4.1 backchannel transport module.
[    2.804925][    T1] NET: Registered protocol family 44
[    2.805371][    T1] pci 0000:00:01.0: PIIX3: Enabling Passive Release
[    2.805882][    T1] pci 0000:00:00.0: Limiting direct PCI/PCI transfers
[    2.806414][    T1] pci 0000:00:01.0: Activating ISA DMA hang workarounds
[    2.807014][    T1] pci 0000:00:02.0: Video device with shadowed ROM at [mem 0x000c0000-0x000dffff]
[    2.807726][    T1] PCI: CLS 0 bytes, default 64
[    2.813640][    T1] RAPL PMU: API unit is 2^-32 Joules, 0 fixed counters, 10737418240 ms ovfl timer
[    2.814368][    T1] kvm: no hardware support
[    2.814708][    T1] has_svm: not amd or hygon
[    2.815054][    T1] kvm: no hardware support
[    2.815397][    T1] clocksource: tsc: mask: 0xffffffffffffffff max_cycles: 0x2b3e43c8763, max_idle_ns: 440795360101 ns
[    2.861688][    T1] Initialise system trusted keyrings
[    2.864036][    T1] workingset: timestamp_bits=40 max_order=19 bucket_order=0
[    2.945411][    T1] DLM installed
[    2.953897][    T1] squashfs: version 4.0 (2009/01/31) Phillip Lougher
[    2.962672][    T1] FS-Cache: Netfs 'nfs' registered for caching
[    2.967509][    T1] *** VALIDATE nfs ***
[    2.967866][    T1] *** VALIDATE nfs4 ***
[    2.968272][    T1] NFS: Registering the id_resolver key type
[    2.969122][    T1] Key type id_resolver registered
[    2.969553][    T1] Key type id_legacy registered
[    2.969942][    T1] nfs4filelayout_init: NFSv4 File Layout Driver Registering...
[    2.970560][    T1] Installing knfsd (copyright (C) 1996 okir@monad.swb.de).
[    2.977340][    T1] FS-Cache: Netfs 'cifs' registered for caching
[    2.981012][    T1] Key type cifs.spnego registered
[    2.981422][    T1] Key type cifs.idmap registered
[    2.982068][    T1] ntfs: driver 2.1.32 [Flags: R/W].
[    2.984200][    T1] efs: 1.0a - http://aeschi.ch.eu.org/efs/
[    2.984939][    T1] jffs2: version 2.2. (NAND) (SUMMARY)  Â© 2001-2006 Red Hat, Inc.
[    2.991297][    T1] *** VALIDATE jffs2 ***
[    2.991865][    T1] romfs: ROMFS MTD (C) 2007 Red Hat, Inc.
[    2.992836][    T1] QNX4 filesystem 0.2.3 registered.
[    2.993511][    T1] qnx6: QNX6 filesystem 1.0.0 registered.
[    2.994498][    T1] fuse: init (API version 7.31)
[    2.995148][    T1] *** VALIDATE fuseblk ***
[    2.995488][    T1] *** VALIDATE fuse ***
[    2.997994][    T1] orangefs_debugfs_init: called with debug mask: :none: :0:
[    3.000794][    T1] orangefs_init: module version upstream loaded
[    3.002124][    T1] JFS: nTxBlock = 8192, nTxLock = 65536
[    3.012337][    T1] SGI XFS with ACLs, security attributes, realtime, quota, no debug enabled
[    3.020805][    T1] *** VALIDATE xfs ***
[    3.021192][    T1] 9p: Installing v9fs 9p2000 file system support
[    3.022031][    T1] FS-Cache: Netfs '9p' registered for caching
[    3.024976][    T1] NILFS version 2 loaded
[    3.025312][    T1] befs: version: 0.9.3
[    3.027143][    T1] ocfs2: Registered cluster interface o2cb
[    3.027888][    T1] ocfs2: Registered cluster interface user
[    3.030881][    T1] OCFS2 User DLM kernel interface loaded
[    3.038204][    T1] *** VALIDATE gfs2 ***
[    3.039843][    T1] gfs2: GFS2 installed
[    3.048498][    T1] FS-Cache: Netfs 'ceph' registered for caching
[    3.049204][    T1] ceph: loaded (mds proto 32)
[    3.055424][    T1] NET: Registered protocol family 38
[    3.056238][    T1] async_tx: api initialized (async)
[    3.056697][    T1] Key type asymmetric registered
[    3.057129][    T1] Asymmetric key parser 'x509' registered
[    3.057598][    T1] Asymmetric key parser 'pkcs8' registered
[    3.058043][    T1] Key type pkcs7_test registered
[    3.058615][    T1] Block layer SCSI generic (bsg) driver version 0.4 loaded (major 241)
[    3.059503][    T1] io scheduler mq-deadline registered
[    3.059916][    T1] io scheduler kyber registered
[    3.060892][    T1] io scheduler bfq registered
[    3.065690][    T1] vga16fb: mapped to 0x000000008527a92e
[    3.535164][    T1] Console: switching to colour frame buffer device 80x30
[    3.792226][    T1] fb0: VGA16 VGA frame buffer device
[    3.793602][    T1] input: Power Button as /devices/LNXSYSTM:00/LNXPWRBN:00/input/input0
[    3.799262][    T1] ACPI: Power Button [PWRF]
[    3.803425][    T1] ioatdma: Intel(R) QuickData Technology Driver 5.00
[    3.982197][    T1] HDLC line discipline maxframe=4096
[    3.982635][    T1] N_HDLC line discipline registered.
[    3.983073][    T1] Serial: 8250/16550 driver, 4 ports, IRQ sharing enabled
[    3.983943][    T1] 00:04: ttyS0 at I/O 0x3f8 (irq = 4, base_baud = 115200) is a 16550A
[    3.993814][    T1] Initializing Nozomi driver 2.1d
[    3.996803][    T1] Non-volatile memory driver v1.3
[    3.997706][    T1] Linux agpgart interface v0.103
[    4.012108][    T1] [drm] Initialized vgem 1.0.0 20120112 for vgem on minor 0
[    4.013069][    T1] [drm] Supports vblank timestamp caching Rev 2 (21.10.2013).
[    4.013703][    T1] [drm] Driver supports precise vblank timestamp query.
[    4.017347][    T1] [drm] Initialized vkms 1.0.0 20180514 for vkms on minor 1
[    4.018100][    T1] usbcore: registered new interface driver udl
[    4.018959][    T1] fb0: switching to bochsdrmfb from VGA16 VGA
[    4.167914][    T1] Console: switching to colour VGA+ 80x25
[    4.171079][    T1] bochs-drm 0000:00:02.0: vgaarb: deactivate vga console
[    4.177052][    T1] Console: switching to colour dummy device 80x25
[    4.180016][    T1] [drm] Found bochs VGA, ID 0xb0c5.
[    4.180426][    T1] [drm] Framebuffer size 16384 kB @ 0xfd000000, mmio @ 0xfebf0000.
[    4.181599][    T1] [TTM] Zone  kernel: Available graphics memory: 759836 KiB
[    4.182382][    T1] [TTM] Initializing pool allocator
[    4.183101][    T1] [TTM] Initializing DMA pool allocator
[    4.185065][    T1] [drm] Found EDID data blob.
[    4.186835][    T1] [drm] Initialized bochs-drm 1.0.0 20130925 for 0000:00:02.0 on minor 2
[    4.193887][    T1] fbcon: bochs-drmdrmfb (fb0) is primary device
[    4.214031][    T1] Console: switching to colour frame buffer device 160x50
[    4.229020][    T1] bochs-drm 0000:00:02.0: fb0: bochs-drmdrmfb frame buffer device
[    4.255477][    T1] brd: module loaded
[    4.293428][    T1] loop: module loaded
[    4.357947][    T1] zram: Added device: zram0
[    4.362725][    T1] null_blk: module loaded
[    4.364222][    T1] Guest personality initialized and is inactive
[    4.364971][    T1] VMCI host device registered (name=vmci, major=10, minor=56)
[    4.365549][    T1] Initialized host personality
[    4.366074][    T1] usbcore: registered new interface driver rtsx_usb
[    4.367079][    T1] usbcore: registered new interface driver viperboard
[    4.367881][    T1] usbcore: registered new interface driver dln2
[    4.368770][    T1] usbcore: registered new interface driver pn533_usb
[    4.371402][    T1] nfcsim 0.2 initialized
[    4.372130][    T1] usbcore: registered new interface driver port100
[    4.374792][    T1] usbcore: registered new interface driver nfcmrvl
[    4.377739][    T1] Loading iSCSI transport class v2.0-870.
[    4.382274][    T1] st: Version 20160209, fixed bufsize 32768, s/g segs 256
[    4.417410][    T1] scsi host0: ata_piix
[    4.419396][    T1] scsi host1: ata_piix
[    4.420198][    T1] ata1: PATA max MWDMA2 cmd 0x1f0 ctl 0x3f6 bmdma 0xc040 irq 14
[    4.420786][    T1] ata2: PATA max MWDMA2 cmd 0x170 ctl 0x376 bmdma 0xc048 irq 15
[    4.429859][    T1] Rounding down aligned max_sectors from 4294967295 to 4294967288
[    4.441188][    T1] db_root: cannot open: /etc/target
[    4.441867][    T1] slram: not enough parameters.
[    4.444138][    T1] ftl_cs: FTL header not found.
[    4.456712][    T1] wireguard: WireGuard 1.0.0 loaded. See www.wireguard.com for information.
[    4.457396][    T1] wireguard: Copyright (C) 2015-2019 Jason A. Donenfeld <Jason@zx2c4.com>. All Rights Reserved.
[    4.458186][    T1] eql: Equalizer2002: Simon Janes (simon@ncm.com) and David S. Miller (davem@redhat.com)
[    4.466812][    T1] MACsec IEEE 802.1AE
[    4.468531][    T1] libphy: Fixed MDIO Bus: probed
[    4.472870][    T1] tun: Universal TUN/TAP device driver, 1.6
[    4.477714][    T1] vcan: Virtual CAN interface driver
[    4.478195][    T1] vxcan: Virtual CAN Tunnel driver
[    4.479207][    T1] slcan: serial line CAN interface driver
[    4.479726][    T1] slcan: 10 dynamic interface channels.
[    4.480204][    T1] CAN device driver interface
[    4.480923][    T1] usbcore: registered new interface driver usb_8dev
[    4.481745][    T1] usbcore: registered new interface driver ems_usb
[    4.482552][    T1] usbcore: registered new interface driver gs_usb
[    4.483312][    T1] usbcore: registered new interface driver kvaser_usb
[    4.484098][    T1] usbcore: registered new interface driver mcba_usb
[    4.484793][    T1] usbcore: registered new interface driver peak_usb
[    4.485831][    T1] e100: Intel(R) PRO/100 Network Driver, 3.5.24-k2-NAPI
[    4.486417][    T1] e100: Copyright(c) 1999-2006 Intel Corporation
[    4.487318][    T1] e1000: Intel(R) PRO/1000 Network Driver - version 7.3.21-k8-NAPI
[    4.487979][    T1] e1000: Copyright (c) 1999-2006 Intel Corporation.
[    4.599638][ T3479] ata1.00: ATA-7: QEMU HARDDISK, 2.5+, max UDMA/100
[    4.600188][ T3479] ata1.00: 2097458 sectors, multi 16: LBA48 
[    4.600786][ T3494] ata2.00: ATAPI: QEMU DVD-ROM, 2.5+, max UDMA/100
[    4.603255][   T20] scsi 0:0:0:0: Direct-Access     ATA      QEMU HARDDISK    2.5+ PQ: 0 ANSI: 5
[    4.606013][  T156] sd 0:0:0:0: [sda] 2097458 512-byte logical blocks: (1.07 GB/1.00 GiB)
[    4.606732][  T156] sd 0:0:0:0: [sda] Write Protect is off
[    4.607314][  T156] sd 0:0:0:0: [sda] Write cache: enabled, read cache: enabled, doesn't support DPO or FUA
[    4.609361][   T20] sd 0:0:0:0: Attached scsi generic sg0 type 0
[    4.613306][  T156]  sda: sda1
[    4.616354][  T156] sd 0:0:0:0: [sda] Attached SCSI disk
[    4.619471][  T433] scsi 1:0:0:0: CD-ROM            QEMU     QEMU DVD-ROM     2.5+ PQ: 0 ANSI: 5
[    4.719392][  T433] sr 1:0:0:0: [sr0] scsi3-mmc drive: 4x/4x cd/rw xa/form2 tray
[    4.720058][  T433] cdrom: Uniform CD-ROM driver Revision: 3.20
[    4.724234][  T433] sr 1:0:0:0: Attached scsi generic sg1 type 5
[    5.596151][    T1] PCI Interrupt Link [LNKC] enabled at IRQ 11
[    5.960739][    T1] e1000 0000:00:03.0 eth0: (PCI:33MHz:32-bit) 52:54:00:12:34:56
[    5.961360][    T1] e1000 0000:00:03.0 eth0: Intel(R) PRO/1000 Network Connection
[    5.962332][    T1] e1000e: Intel(R) PRO/1000 Network Driver - 3.2.6-k
[    5.962847][    T1] e1000e: Copyright(c) 1999 - 2015 Intel Corporation.
[    5.964076][    T1] mkiss: AX.25 Multikiss, Hans Albas PE1AYX
[    5.964538][    T1] AX.25: 6pack driver, Revision: 0.3.0
[    5.964972][    T1] AX.25: bpqether driver version 004
[    5.965380][    T1] PPP generic driver version 2.4.2
[    5.966647][    T1] PPP BSD Compression module registered
[    5.967092][    T1] PPP Deflate Compression module registered
[    5.967571][    T1] PPP MPPE Compression module registered
[    5.968000][    T1] NET: Registered protocol family 24
[    5.968436][    T1] PPTP driver version 0.8.5
[    5.969494][    T1] SLIP: version 0.8.4-NET3.019-NEWTTY (dynamic channels, max=256) (6 bit encapsulation enabled).
[    5.970297][    T1] CSLIP: code copyright 1989 Regents of the University of California.
[    5.970907][    T1] SLIP linefill/keepalive option.
[    5.971295][    T1] hdlc: HDLC support module revision 1.22
[    5.971743][    T1] LAPB Ethernet driver version 0.02
[    5.973483][    T1] usbcore: registered new interface driver ath9k_htc
[    5.974310][    T1] usbcore: registered new interface driver carl9170
[    5.975074][    T1] usbcore: registered new interface driver ath6kl_usb
[    5.975822][    T1] usbcore: registered new interface driver ar5523
[    5.976738][    T1] usbcore: registered new interface driver ath10k_usb
[    5.977550][    T1] mac80211_hwsim: initializing netlink
[    5.989020][    T1] usbcore: registered new interface driver atusb
[    6.005910][    T1] mac802154_hwsim mac802154_hwsim: Added 2 mac802154 hwsim hardware radios
[    6.006644][    T1] VMware vmxnet3 virtual NIC driver - version 1.4.17.0-k-NAPI
[    6.007362][    T1] usbcore: registered new interface driver catc
[    6.007884][    T1] usbcore: registered new interface driver kaweth
[    6.008373][    T1] pegasus: v0.9.3 (2013/04/25), Pegasus/Pegasus II USB Ethernet driver
[    6.009959][    T1] usbcore: registered new interface driver pegasus
[    6.010617][    T1] usbcore: registered new interface driver rtl8150
[    6.011285][    T1] usbcore: registered new interface driver r8152
[    6.011767][    T1] hso: drivers/net/usb/hso.c: Option Wireless
[    6.012444][    T1] usbcore: registered new interface driver hso
[    6.013092][    T1] usbcore: registered new interface driver lan78xx
[    6.013754][    T1] usbcore: registered new interface driver asix
[    6.014426][    T1] usbcore: registered new interface driver ax88179_178a
[    6.017712][    T1] usbcore: registered new interface driver cdc_ether
[    6.018355][    T1] usbcore: registered new interface driver cdc_eem
[    6.019694][    T1] usbcore: registered new interface driver dm9601
[    6.020404][    T1] usbcore: registered new interface driver sr9700
[    6.021352][    T1] usbcore: registered new interface driver CoreChips
[    6.022208][    T1] usbcore: registered new interface driver smsc75xx
[    6.022969][    T1] usbcore: registered new interface driver smsc95xx
[    6.023715][    T1] usbcore: registered new interface driver gl620a
[    6.024441][    T1] usbcore: registered new interface driver net1080
[    6.025144][    T1] usbcore: registered new interface driver plusb
[    6.025940][    T1] usbcore: registered new interface driver rndis_host
[    6.027865][    T1] usbcore: registered new interface driver cdc_subset
[    6.028574][    T1] usbcore: registered new interface driver zaurus
[    6.029409][    T1] usbcore: registered new interface driver MOSCHIP usb-ethernet driver
[    6.030265][    T1] usbcore: registered new interface driver int51x1
[    6.030914][    T1] usbcore: registered new interface driver cdc_phonet
[    6.031654][    T1] usbcore: registered new interface driver kalmia
[    6.032361][    T1] usbcore: registered new interface driver ipheth
[    6.033076][    T1] usbcore: registered new interface driver sierra_net
[    6.033749][    T1] usbcore: registered new interface driver cx82310_eth
[    6.034450][    T1] usbcore: registered new interface driver cdc_ncm
[    6.035093][    T1] usbcore: registered new interface driver huawei_cdc_ncm
[    6.037048][    T1] usbcore: registered new interface driver lg-vl600
[    6.037680][    T1] usbcore: registered new interface driver qmi_wwan
[    6.038319][    T1] usbcore: registered new interface driver cdc_mbim
[    6.038991][    T1] usbcore: registered new interface driver ch9200
[    6.042036][    T1] VFIO - User Level meta-driver version: 0.3
[    6.045899][    T1] aoe: AoE v85 initialised.
[    6.049369][    T1] ehci_hcd: USB 2.0 'Enhanced' Host Controller (EHCI) Driver
[    6.049955][    T1] ehci-pci: EHCI PCI platform driver
[    6.054391][    T1] ehci-platform: EHCI generic platform driver
[    6.055315][    T1] ohci_hcd: USB 1.1 'Open' Host Controller (OHCI) Driver
[    6.055920][    T1] ohci-pci: OHCI PCI platform driver
[    6.056536][    T1] ohci-platform: OHCI generic platform driver
[    6.057153][    T1] uhci_hcd: USB Universal Host Controller Interface driver
[    6.060608][    T1] usbcore: registered new interface driver cdc_acm
[    6.061146][    T1] cdc_acm: USB Abstract Control Model driver for USB modems and ISDN adapters
[    6.061999][    T1] usbcore: registered new interface driver usblp
[    6.062672][    T1] usbcore: registered new interface driver cdc_wdm
[    6.063669][    T1] usbcore: registered new interface driver usbtmc
[    6.064490][    T1] usbcore: registered new interface driver uas
[    6.066882][    T1] usbcore: registered new interface driver usb-storage
[    6.067524][    T1] usbcore: registered new interface driver ums-alauda
[    6.068149][    T1] usbcore: registered new interface driver ums-cypress
[    6.069750][    T1] usbcore: registered new interface driver ums-datafab
[    6.070426][    T1] usbcore: registered new interface driver ums_eneub6250
[    6.071169][    T1] usbcore: registered new interface driver ums-freecom
[    6.071893][    T1] usbcore: registered new interface driver ums-isd200
[    6.072620][    T1] usbcore: registered new interface driver ums-jumpshot
[    6.073318][    T1] usbcore: registered new interface driver ums-karma
[    6.073981][    T1] usbcore: registered new interface driver ums-onetouch
[    6.074782][    T1] usbcore: registered new interface driver ums-realtek
[    6.075723][    T1] usbcore: registered new interface driver ums-sddr09
[    6.076566][    T1] usbcore: registered new interface driver ums-sddr55
[    6.077951][    T1] usbcore: registered new interface driver ums-usbat
[    6.078657][    T1] usbcore: registered new interface driver mdc800
[    6.079190][    T1] mdc800: v0.7.5 (30/10/2000):USB Driver for Mustek MDC800 Digital Camera
[    6.080041][    T1] usbcore: registered new interface driver microtekX6
[    6.080925][    T1] usbcore: registered new interface driver usbserial_generic
[    6.081864][    T1] usbserial: USB Serial support registered for generic
[    6.082738][    T1] usbcore: registered new interface driver aircable
[    6.083789][    T1] usbserial: USB Serial support registered for aircable
[    6.084732][    T1] usbcore: registered new interface driver ark3116
[    6.085608][    T1] usbserial: USB Serial support registered for ark3116
[    6.086740][    T1] usbcore: registered new interface driver belkin_sa
[    6.090637][    T1] usbserial: USB Serial support registered for Belkin / Peracom / GoHubs USB Serial Adapter
[    6.091766][    T1] usbcore: registered new interface driver ch341
[    6.092515][    T1] usbserial: USB Serial support registered for ch341-uart
[    6.093397][    T1] usbcore: registered new interface driver cp210x
[    6.094132][    T1] usbserial: USB Serial support registered for cp210x
[    6.094825][    T1] usbcore: registered new interface driver cyberjack
[    6.095478][    T1] usbserial: USB Serial support registered for Reiner SCT Cyberjack USB card reader
[    6.096349][    T1] usbcore: registered new interface driver cypress_m8
[    6.097001][    T1] usbserial: USB Serial support registered for DeLorme Earthmate USB
[    6.097823][    T1] usbserial: USB Serial support registered for HID->COM RS232 Adapter
[    6.100281][    T1] usbserial: USB Serial support registered for Nokia CA-42 V2 Adapter
[    6.102206][    T1] usbcore: registered new interface driver usb_debug
[    6.102893][    T1] usbserial: USB Serial support registered for debug
[    6.103557][    T1] usbserial: USB Serial support registered for xhci_dbc
[    6.104308][    T1] usbcore: registered new interface driver digi_acceleport
[    6.105066][    T1] usbserial: USB Serial support registered for Digi 2 port USB adapter
[    6.105889][    T1] usbserial: USB Serial support registered for Digi 4 port USB adapter
[    6.106748][    T1] usbcore: registered new interface driver io_edgeport
[    6.107475][    T1] usbserial: USB Serial support registered for Edgeport 2 port adapter
[    6.108304][    T1] usbserial: USB Serial support registered for Edgeport 4 port adapter
[    6.109177][    T1] usbserial: USB Serial support registered for Edgeport 8 port adapter
[    6.110432][    T1] usbserial: USB Serial support registered for EPiC device
[    6.111404][    T1] usbcore: registered new interface driver io_ti
[    6.112949][    T1] usbserial: USB Serial support registered for Edgeport TI 1 port adapter
[    6.114034][    T1] usbserial: USB Serial support registered for Edgeport TI 2 port adapter
[    6.114990][    T1] usbcore: registered new interface driver empeg
[    6.115717][    T1] usbserial: USB Serial support registered for empeg
[    6.116500][    T1] usbcore: registered new interface driver f81232
[    6.117214][    T1] usbserial: USB Serial support registered for f81232
[    6.117956][    T1] usbcore: registered new interface driver f81534
[    6.119749][    T1] usbserial: USB Serial support registered for Fintek F81532/F81534
[    6.120611][    T1] usbcore: registered new interface driver ftdi_sio
[    6.121332][    T1] usbserial: USB Serial support registered for FTDI USB Serial Device
[    6.122317][    T1] usbcore: registered new interface driver garmin_gps
[    6.124193][    T1] usbserial: USB Serial support registered for Garmin GPS usb/tty
[    6.125006][    T1] usbcore: registered new interface driver ipaq
[    6.125642][    T1] usbserial: USB Serial support registered for PocketPC PDA
[    6.126350][    T1] usbcore: registered new interface driver ipw
[    6.126953][    T1] usbserial: USB Serial support registered for IPWireless converter
[    6.127721][    T1] usbcore: registered new interface driver ir_usb
[    6.128346][    T1] usbserial: USB Serial support registered for IR Dongle
[    6.129124][    T1] usbcore: registered new interface driver iuu_phoenix
[    6.129863][    T1] usbserial: USB Serial support registered for iuu_phoenix
[    6.130569][    T1] usbcore: registered new interface driver keyspan
[    6.131255][    T1] usbserial: USB Serial support registered for Keyspan - (without firmware)
[    6.132427][    T1] usbserial: USB Serial support registered for Keyspan 1 port adapter
[    6.134354][    T1] usbserial: USB Serial support registered for Keyspan 2 port adapter
[    6.135096][    T1] usbserial: USB Serial support registered for Keyspan 4 port adapter
[    6.135854][    T1] usbcore: registered new interface driver keyspan_pda
[    6.136527][    T1] usbserial: USB Serial support registered for Keyspan PDA
[    6.137255][    T1] usbserial: USB Serial support registered for Keyspan PDA - (prerenumeration)
[    6.138102][    T1] usbcore: registered new interface driver kl5kusb105
[    6.139347][    T1] usbserial: USB Serial support registered for KL5KUSB105D / PalmConnect
[    6.140146][    T1] usbcore: registered new interface driver kobil_sct
[    6.140804][    T1] usbserial: USB Serial support registered for KOBIL USB smart card terminal
[    6.141625][    T1] usbcore: registered new interface driver mct_u232
[    6.142449][    T1] usbserial: USB Serial support registered for MCT U232
[    6.144472][    T1] usbcore: registered new interface driver metro_usb
[    6.145242][    T1] usbserial: USB Serial support registered for Metrologic USB to Serial
[    6.146100][    T1] usbcore: registered new interface driver mos7720
[    6.146801][    T1] usbserial: USB Serial support registered for Moschip 2 port adapter
[    6.147648][    T1] usbcore: registered new interface driver mos7840
[    6.148338][    T1] usbserial: USB Serial support registered for Moschip 7840/7820 USB Serial Driver
[    6.149244][    T1] usbcore: registered new interface driver mxuport
[    6.149875][    T1] usbserial: USB Serial support registered for MOXA UPort
[    6.150574][    T1] usbcore: registered new interface driver navman
[    6.151214][    T1] usbserial: USB Serial support registered for navman
[    6.151878][    T1] usbcore: registered new interface driver omninet
[    6.152679][    T1] usbserial: USB Serial support registered for ZyXEL - omni.net lcd plus usb
[    6.154675][    T1] usbcore: registered new interface driver opticon
[    6.155300][    T1] usbserial: USB Serial support registered for opticon
[    6.155935][    T1] usbcore: registered new interface driver option
[    6.156573][    T1] usbserial: USB Serial support registered for GSM modem (1-port)
[    6.157339][    T1] usbcore: registered new interface driver oti6858
[    6.157976][    T1] usbserial: USB Serial support registered for oti6858
[    6.158831][    T1] usbcore: registered new interface driver pl2303
[    6.159440][    T1] usbserial: USB Serial support registered for pl2303
[    6.160117][    T1] usbcore: registered new interface driver qcaux
[    6.160736][    T1] usbserial: USB Serial support registered for qcaux
[    6.161396][    T1] usbcore: registered new interface driver qcserial
[    6.162031][    T1] usbserial: USB Serial support registered for Qualcomm USB modem
[    6.162776][    T1] usbcore: registered new interface driver quatech2
[    6.163419][    T1] usbserial: USB Serial support registered for Quatech 2nd gen USB to Serial Driver
[    6.164279][    T1] usbcore: registered new interface driver safe_serial
[    6.164929][    T1] usbserial: USB Serial support registered for safe_serial
[    6.165950][    T1] usbcore: registered new interface driver sierra
[    6.167806][    T1] usbserial: USB Serial support registered for Sierra USB modem
[    6.168637][    T1] usbcore: registered new interface driver usb_serial_simple
[    6.169376][    T1] usbserial: USB Serial support registered for carelink
[    6.170102][    T1] usbserial: USB Serial support registered for zio
[    6.170728][    T1] usbserial: USB Serial support registered for funsoft
[    6.171400][    T1] usbserial: USB Serial support registered for flashloader
[    6.172078][    T1] usbserial: USB Serial support registered for google
[    6.172725][    T1] usbserial: USB Serial support registered for libtransistor
[    6.173466][    T1] usbserial: USB Serial support registered for vivopay
[    6.174310][    T1] usbserial: USB Serial support registered for moto_modem
[    6.175416][    T1] usbserial: USB Serial support registered for motorola_tetra
[    6.177399][    T1] usbserial: USB Serial support registered for novatel_gps
[    6.178144][    T1] usbserial: USB Serial support registered for hp4x
[    6.178868][    T1] usbserial: USB Serial support registered for suunto
[    6.179799][    T1] usbserial: USB Serial support registered for siemens_mpi
[    6.180640][    T1] usbcore: registered new interface driver spcp8x5
[    6.181342][    T1] usbserial: USB Serial support registered for SPCP8x5
[    6.182095][    T1] usbcore: registered new interface driver ssu100
[    6.182780][    T1] usbserial: USB Serial support registered for Quatech SSU-100 USB to Serial Driver
[    6.183732][    T1] usbcore: registered new interface driver symbolserial
[    6.184468][    T1] usbserial: USB Serial support registered for symbol
[    6.185723][    T1] usbcore: registered new interface driver ti_usb_3410_5052
[    6.186600][    T1] usbserial: USB Serial support registered for TI USB 3410 1 port adapter
[    6.188167][    T1] usbserial: USB Serial support registered for TI USB 5052 2 port adapter
[    6.188980][    T1] usbcore: registered new interface driver upd78f0730
[    6.189595][    T1] usbserial: USB Serial support registered for upd78f0730
[    6.190305][    T1] usbcore: registered new interface driver visor
[    6.190937][    T1] usbserial: USB Serial support registered for Handspring Visor / Palm OS
[    6.191715][    T1] usbserial: USB Serial support registered for Sony Clie 5.0
[    6.192408][    T1] usbserial: USB Serial support registered for Sony Clie 3.5
[    6.193118][    T1] usbcore: registered new interface driver wishbone_serial
[    6.193806][    T1] usbserial: USB Serial support registered for wishbone_serial
[    6.194534][    T1] usbcore: registered new interface driver whiteheat
[    6.195188][    T1] usbserial: USB Serial support registered for Connect Tech - WhiteHEAT - (prerenumeration)
[    6.197273][    T1] usbserial: USB Serial support registered for Connect Tech - WhiteHEAT
[    6.198043][    T1] usbcore: registered new interface driver xsens_mt
[    6.199541][    T1] usbserial: USB Serial support registered for xsens_mt
[    6.200256][    T1] usbcore: registered new interface driver adutux
[    6.200913][    T1] usbcore: registered new interface driver appledisplay
[    6.201666][    T1] usbcore: registered new interface driver cypress_cy7c63
[    6.202385][    T1] usbcore: registered new interface driver cytherm
[    6.203040][    T1] usbcore: registered new interface driver emi26 - firmware loader
[    6.203797][    T1] usbcore: registered new interface driver emi62 - firmware loader
[    6.204603][    T1] usbcore: registered new interface driver idmouse
[    6.206041][    T1] usbcore: registered new interface driver iowarrior
[    6.207926][    T1] usbcore: registered new interface driver isight_firmware
[    6.209366][    T1] usbcore: registered new interface driver usblcd
[    6.210214][    T1] usbcore: registered new interface driver ldusb
[    6.211081][    T1] usbcore: registered new interface driver legousbtower
[    6.211994][    T1] usbcore: registered new interface driver usbtest
[    6.212789][    T1] usbcore: registered new interface driver usb_ehset_test
[    6.214105][    T1] usbcore: registered new interface driver trancevibrator
[    6.215371][    T1] usbcore: registered new interface driver uss720
[    6.216004][    T1] uss720: USB Parport Cable driver for Cables using the Lucent Technologies USS720 Chip
[    6.216946][    T1] uss720: NOTE: this is a special purpose driver to allow nonstandard
[    6.217736][    T1] uss720: protocols (eg. bitbang) over USS720 usb to parallel cables
[    6.218517][    T1] uss720: If you just want to connect to a printer, use usblp instead
[    6.220366][    T1] usbcore: registered new interface driver usbsevseg
[    6.221191][    T1] usbcore: registered new interface driver yurex
[    6.222551][    T1] usbcore: registered new interface driver chaoskey
[    6.223243][    T1] usbcore: registered new interface driver sisusb
[    6.223896][    T1] usbcore: registered new interface driver lvs
[    6.224583][    T1] usbcore: registered new interface driver cxacru
[    6.225282][    T1] usbcore: registered new interface driver speedtch
[    6.225961][    T1] usbcore: registered new interface driver ueagle-atm
[    6.226478][    T1] xusbatm: malformed module parameters
[    6.229276][    T1] dummy_hcd dummy_hcd.0: USB Host+Gadget Emulator, driver 02 May 2005
[    6.229938][    T1] dummy_hcd dummy_hcd.0: Dummy host controller
[    6.231180][    T1] dummy_hcd dummy_hcd.0: new USB bus registered, assigned bus number 1
[    6.232737][    T1] usb usb1: New USB device found, idVendor=1d6b, idProduct=0002, bcdDevice= 5.06
[    6.233469][    T1] usb usb1: New USB device strings: Mfr=3, Product=2, SerialNumber=1
[    6.234090][    T1] usb usb1: Product: Dummy host controller
[    6.234530][    T1] usb usb1: Manufacturer: Linux 5.6.0-rc5-49397b801261-02077-g49397b801261 dummy_hcd
[    6.235250][    T1] usb usb1: SerialNumber: dummy_hcd.0
[    6.238057][    T1] hub 1-0:1.0: USB hub found
[    6.238748][    T1] hub 1-0:1.0: 1 port detected
[    6.241159][    T1] dummy_hcd dummy_hcd.1: USB Host+Gadget Emulator, driver 02 May 2005
[    6.241889][    T1] dummy_hcd dummy_hcd.1: Dummy host controller
[    6.243026][    T1] dummy_hcd dummy_hcd.1: new USB bus registered, assigned bus number 2
[    6.244300][    T1] usb usb2: New USB device found, idVendor=1d6b, idProduct=0002, bcdDevice= 5.06
[    6.245095][    T1] usb usb2: New USB device strings: Mfr=3, Product=2, SerialNumber=1
[    6.245728][    T1] usb usb2: Product: Dummy host controller
[    6.246168][    T1] usb usb2: Manufacturer: Linux 5.6.0-rc5-49397b801261-02077-g49397b801261 dummy_hcd
[    6.246884][    T1] usb usb2: SerialNumber: dummy_hcd.1
[    6.248853][    T1] hub 2-0:1.0: USB hub found
[    6.249314][    T1] hub 2-0:1.0: 1 port detected
[    6.250870][    T1] dummy_hcd dummy_hcd.2: USB Host+Gadget Emulator, driver 02 May 2005
[    6.251522][    T1] dummy_hcd dummy_hcd.2: Dummy host controller
[    6.252466][    T1] dummy_hcd dummy_hcd.2: new USB bus registered, assigned bus number 3
[    6.253508][    T1] usb usb3: New USB device found, idVendor=1d6b, idProduct=0002, bcdDevice= 5.06
[    6.254200][    T1] usb usb3: New USB device strings: Mfr=3, Product=2, SerialNumber=1
[    6.254810][    T1] usb usb3: Product: Dummy host controller
[    6.255256][    T1] usb usb3: Manufacturer: Linux 5.6.0-rc5-49397b801261-02077-g49397b801261 dummy_hcd
[    6.255971][    T1] usb usb3: SerialNumber: dummy_hcd.2
[    6.257304][    T1] hub 3-0:1.0: USB hub found
[    6.257848][    T1] hub 3-0:1.0: 1 port detected
[    6.259518][    T1] dummy_hcd dummy_hcd.3: USB Host+Gadget Emulator, driver 02 May 2005
[    6.260172][    T1] dummy_hcd dummy_hcd.3: Dummy host controller
[    6.260988][    T1] dummy_hcd dummy_hcd.3: new USB bus registered, assigned bus number 4
[    6.261989][    T1] usb usb4: New USB device found, idVendor=1d6b, idProduct=0002, bcdDevice= 5.06
[    6.262685][    T1] usb usb4: New USB device strings: Mfr=3, Product=2, SerialNumber=1
[    6.263300][    T1] usb usb4: Product: Dummy host controller
[    6.263745][    T1] usb usb4: Manufacturer: Linux 5.6.0-rc5-49397b801261-02077-g49397b801261 dummy_hcd
[    6.264474][    T1] usb usb4: SerialNumber: dummy_hcd.3
[    6.267058][    T1] hub 4-0:1.0: USB hub found
[    6.267603][    T1] hub 4-0:1.0: 1 port detected
[    6.269427][    T1] dummy_hcd dummy_hcd.4: USB Host+Gadget Emulator, driver 02 May 2005
[    6.270165][    T1] dummy_hcd dummy_hcd.4: Dummy host controller
[    6.271082][    T1] dummy_hcd dummy_hcd.4: new USB bus registered, assigned bus number 5
[    6.272176][    T1] usb usb5: New USB device found, idVendor=1d6b, idProduct=0002, bcdDevice= 5.06
[    6.272936][    T1] usb usb5: New USB device strings: Mfr=3, Product=2, SerialNumber=1
[    6.273607][    T1] usb usb5: Product: Dummy host controller
[    6.274096][    T1] usb usb5: Manufacturer: Linux 5.6.0-rc5-49397b801261-02077-g49397b801261 dummy_hcd
[    6.274881][    T1] usb usb5: SerialNumber: dummy_hcd.4
[    6.277104][    T1] hub 5-0:1.0: USB hub found
[    6.277600][    T1] hub 5-0:1.0: 1 port detected
[    6.279921][    T1] dummy_hcd dummy_hcd.5: USB Host+Gadget Emulator, driver 02 May 2005
[    6.280633][    T1] dummy_hcd dummy_hcd.5: Dummy host controller
[    6.281532][    T1] dummy_hcd dummy_hcd.5: new USB bus registered, assigned bus number 6
[    6.282643][    T1] usb usb6: New USB device found, idVendor=1d6b, idProduct=0002, bcdDevice= 5.06
[    6.283399][    T1] usb usb6: New USB device strings: Mfr=3, Product=2, SerialNumber=1
[    6.284073][    T1] usb usb6: Product: Dummy host controller
[    6.284530][    T1] usb usb6: Manufacturer: Linux 5.6.0-rc5-49397b801261-02077-g49397b801261 dummy_hcd
[    6.285327][    T1] usb usb6: SerialNumber: dummy_hcd.5
[    6.286653][    T1] hub 6-0:1.0: USB hub found
[    6.287194][    T1] hub 6-0:1.0: 1 port detected
[    6.289569][    T1] dummy_hcd dummy_hcd.6: USB Host+Gadget Emulator, driver 02 May 2005
[    6.290215][    T1] dummy_hcd dummy_hcd.6: Dummy host controller
[    6.291018][    T1] dummy_hcd dummy_hcd.6: new USB bus registered, assigned bus number 7
[    6.292023][    T1] usb usb7: New USB device found, idVendor=1d6b, idProduct=0002, bcdDevice= 5.06
[    6.292715][    T1] usb usb7: New USB device strings: Mfr=3, Product=2, SerialNumber=1
[    6.293324][    T1] usb usb7: Product: Dummy host controller
[    6.293765][    T1] usb usb7: Manufacturer: Linux 5.6.0-rc5-49397b801261-02077-g49397b801261 dummy_hcd
[    6.294477][    T1] usb usb7: SerialNumber: dummy_hcd.6
[    6.296810][    T1] hub 7-0:1.0: USB hub found
[    6.297428][    T1] hub 7-0:1.0: 1 port detected
[    6.299464][    T1] dummy_hcd dummy_hcd.7: USB Host+Gadget Emulator, driver 02 May 2005
[    6.300173][    T1] dummy_hcd dummy_hcd.7: Dummy host controller
[    6.301062][    T1] dummy_hcd dummy_hcd.7: new USB bus registered, assigned bus number 8
[    6.302160][    T1] usb usb8: New USB device found, idVendor=1d6b, idProduct=0002, bcdDevice= 5.06
[    6.302916][    T1] usb usb8: New USB device strings: Mfr=3, Product=2, SerialNumber=1
[    6.303587][    T1] usb usb8: Product: Dummy host controller
[    6.304070][    T1] usb usb8: Manufacturer: Linux 5.6.0-rc5-49397b801261-02077-g49397b801261 dummy_hcd
[    6.304848][    T1] usb usb8: SerialNumber: dummy_hcd.7
[    6.306972][    T1] hub 8-0:1.0: USB hub found
[    6.307419][    T1] hub 8-0:1.0: 1 port detected
[    6.317663][    T1] gadgetfs: USB Gadget filesystem, version 24 Aug 2004
[    6.319832][    T1] vhci_hcd vhci_hcd.0: USB/IP Virtual Host Controller
[    6.320805][    T1] vhci_hcd vhci_hcd.0: new USB bus registered, assigned bus number 9
[    6.321692][    T1] vhci_hcd: created sysfs vhci_hcd.0
[    6.322508][    T1] usb usb9: New USB device found, idVendor=1d6b, idProduct=0002, bcdDevice= 5.06
[    6.323204][    T1] usb usb9: New USB device strings: Mfr=3, Product=2, SerialNumber=1
[    6.323817][    T1] usb usb9: Product: USB/IP Virtual Host Controller
[    6.324371][    T1] usb usb9: Manufacturer: Linux 5.6.0-rc5-49397b801261-02077-g49397b801261 vhci_hcd
[    6.325094][    T1] usb usb9: SerialNumber: vhci_hcd.0
[    6.327437][    T1] hub 9-0:1.0: USB hub found
[    6.328140][    T1] hub 9-0:1.0: 8 ports detected
[    6.331745][    T1] vhci_hcd vhci_hcd.0: USB/IP Virtual Host Controller
[    6.332771][    T1] vhci_hcd vhci_hcd.0: new USB bus registered, assigned bus number 10
[    6.333786][    T1] usb usb10: We don't know the algorithms for LPM for this host, disabling LPM.
[    6.335214][    T1] usb usb10: New USB device found, idVendor=1d6b, idProduct=0003, bcdDevice= 5.06
[    6.336130][    T1] usb usb10: New USB device strings: Mfr=3, Product=2, SerialNumber=1
[    6.336858][    T1] usb usb10: Product: USB/IP Virtual Host Controller
[    6.337476][    T1] usb usb10: Manufacturer: Linux 5.6.0-rc5-49397b801261-02077-g49397b801261 vhci_hcd
[    6.338351][    T1] usb usb10: SerialNumber: vhci_hcd.0
[    6.339957][    T1] hub 10-0:1.0: USB hub found
[    6.340477][    T1] hub 10-0:1.0: 8 ports detected
[    6.343993][    T1] vhci_hcd vhci_hcd.1: USB/IP Virtual Host Controller
[    6.345041][    T1] vhci_hcd vhci_hcd.1: new USB bus registered, assigned bus number 11
[    6.346416][    T1] usb usb11: New USB device found, idVendor=1d6b, idProduct=0002, bcdDevice= 5.06
[    6.347272][    T1] usb usb11: New USB device strings: Mfr=3, Product=2, SerialNumber=1
[    6.348000][    T1] usb usb11: Product: USB/IP Virtual Host Controller
[    6.348637][    T1] usb usb11: Manufacturer: Linux 5.6.0-rc5-49397b801261-02077-g49397b801261 vhci_hcd
[    6.349555][    T1] usb usb11: SerialNumber: vhci_hcd.1
[    6.351126][    T1] hub 11-0:1.0: USB hub found
[    6.351642][    T1] hub 11-0:1.0: 8 ports detected
[    6.354623][    T1] vhci_hcd vhci_hcd.1: USB/IP Virtual Host Controller
[    6.355674][    T1] vhci_hcd vhci_hcd.1: new USB bus registered, assigned bus number 12
[    6.356493][    T1] usb usb12: We don't know the algorithms for LPM for this host, disabling LPM.
[    6.358095][    T1] usb usb12: New USB device found, idVendor=1d6b, idProduct=0003, bcdDevice= 5.06
[    6.359935][    T1] usb usb12: New USB device strings: Mfr=3, Product=2, SerialNumber=1
[    6.360785][    T1] usb usb12: Product: USB/IP Virtual Host Controller
[    6.361491][    T1] usb usb12: Manufacturer: Linux 5.6.0-rc5-49397b801261-02077-g49397b801261 vhci_hcd
[    6.362421][    T1] usb usb12: SerialNumber: vhci_hcd.1
[    6.363935][    T1] hub 12-0:1.0: USB hub found
[    6.364497][    T1] hub 12-0:1.0: 8 ports detected
[    6.368105][    T1] vhci_hcd vhci_hcd.2: USB/IP Virtual Host Controller
[    6.369101][    T1] vhci_hcd vhci_hcd.2: new USB bus registered, assigned bus number 13
[    6.370359][    T1] usb usb13: New USB device found, idVendor=1d6b, idProduct=0002, bcdDevice= 5.06
[    6.371208][    T1] usb usb13: New USB device strings: Mfr=3, Product=2, SerialNumber=1
[    6.371961][    T1] usb usb13: Product: USB/IP Virtual Host Controller
[    6.372592][    T1] usb usb13: Manufacturer: Linux 5.6.0-rc5-49397b801261-02077-g49397b801261 vhci_hcd
[    6.373457][    T1] usb usb13: SerialNumber: vhci_hcd.2
[    6.375217][    T1] hub 13-0:1.0: USB hub found
[    6.375677][    T1] hub 13-0:1.0: 8 ports detected
[    6.378493][    T1] vhci_hcd vhci_hcd.2: USB/IP Virtual Host Controller
[    6.379528][    T1] vhci_hcd vhci_hcd.2: new USB bus registered, assigned bus number 14
[    6.380500][    T1] usb usb14: We don't know the algorithms for LPM for this host, disabling LPM.
[    6.381776][    T1] usb usb14: New USB device found, idVendor=1d6b, idProduct=0003, bcdDevice= 5.06
[    6.382631][    T1] usb usb14: New USB device strings: Mfr=3, Product=2, SerialNumber=1
[    6.383374][    T1] usb usb14: Product: USB/IP Virtual Host Controller
[    6.383913][    T1] usb usb14: Manufacturer: Linux 5.6.0-rc5-49397b801261-02077-g49397b801261 vhci_hcd
[    6.384621][    T1] usb usb14: SerialNumber: vhci_hcd.2
[    6.386051][    T1] hub 14-0:1.0: USB hub found
[    6.386620][    T1] hub 14-0:1.0: 8 ports detected
[    6.391041][    T1] vhci_hcd vhci_hcd.3: USB/IP Virtual Host Controller
[    6.392022][    T1] vhci_hcd vhci_hcd.3: new USB bus registered, assigned bus number 15
[    6.393141][    T1] usb usb15: New USB device found, idVendor=1d6b, idProduct=0002, bcdDevice= 5.06
[    6.393839][    T1] usb usb15: New USB device strings: Mfr=3, Product=2, SerialNumber=1
[    6.394457][    T1] usb usb15: Product: USB/IP Virtual Host Controller
[    6.394962][    T1] usb usb15: Manufacturer: Linux 5.6.0-rc5-49397b801261-02077-g49397b801261 vhci_hcd
[    6.395674][    T1] usb usb15: SerialNumber: vhci_hcd.3
[    6.397506][    T1] hub 15-0:1.0: USB hub found
[    6.397977][    T1] hub 15-0:1.0: 8 ports detected
[    6.400829][    T1] vhci_hcd vhci_hcd.3: USB/IP Virtual Host Controller
[    6.401737][    T1] vhci_hcd vhci_hcd.3: new USB bus registered, assigned bus number 16
[    6.402606][    T1] usb usb16: We don't know the algorithms for LPM for this host, disabling LPM.
[    6.403833][    T1] usb usb16: New USB device found, idVendor=1d6b, idProduct=0003, bcdDevice= 5.06
[    6.404540][    T1] usb usb16: New USB device strings: Mfr=3, Product=2, SerialNumber=1
[    6.405162][    T1] usb usb16: Product: USB/IP Virtual Host Controller
[    6.405669][    T1] usb usb16: Manufacturer: Linux 5.6.0-rc5-49397b801261-02077-g49397b801261 vhci_hcd
[    6.406382][    T1] usb usb16: SerialNumber: vhci_hcd.3
[    6.407875][    T1] hub 16-0:1.0: USB hub found
[    6.408372][    T1] hub 16-0:1.0: 8 ports detected
[    6.411997][    T1] vhci_hcd vhci_hcd.4: USB/IP Virtual Host Controller
[    6.412920][    T1] vhci_hcd vhci_hcd.4: new USB bus registered, assigned bus number 17
[    6.414101][    T1] usb usb17: New USB device found, idVendor=1d6b, idProduct=0002, bcdDevice= 5.06
[    6.414800][    T1] usb usb17: New USB device strings: Mfr=3, Product=2, SerialNumber=1
[    6.415417][    T1] usb usb17: Product: USB/IP Virtual Host Controller
[    6.415922][    T1] usb usb17: Manufacturer: Linux 5.6.0-rc5-49397b801261-02077-g49397b801261 vhci_hcd
[    6.416693][    T1] usb usb17: SerialNumber: vhci_hcd.4
[    6.418740][    T1] hub 17-0:1.0: USB hub found
[    6.419376][    T1] hub 17-0:1.0: 8 ports detected
[    6.422376][    T1] vhci_hcd vhci_hcd.4: USB/IP Virtual Host Controller
[    6.423403][    T1] vhci_hcd vhci_hcd.4: new USB bus registered, assigned bus number 18
[    6.424267][    T1] usb usb18: We don't know the algorithms for LPM for this host, disabling LPM.
[    6.425352][    T1] usb usb18: New USB device found, idVendor=1d6b, idProduct=0003, bcdDevice= 5.06
[    6.426082][    T1] usb usb18: New USB device strings: Mfr=3, Product=2, SerialNumber=1
[    6.426766][    T1] usb usb18: Product: USB/IP Virtual Host Controller
[    6.427318][    T1] usb usb18: Manufacturer: Linux 5.6.0-rc5-49397b801261-02077-g49397b801261 vhci_hcd
[    6.428036][    T1] usb usb18: SerialNumber: vhci_hcd.4
[    6.429466][    T1] hub 18-0:1.0: USB hub found
[    6.429923][    T1] hub 18-0:1.0: 8 ports detected
[    6.433732][    T1] vhci_hcd vhci_hcd.5: USB/IP Virtual Host Controller
[    6.434612][    T1] vhci_hcd vhci_hcd.5: new USB bus registered, assigned bus number 19
[    6.435610][    T1] usb usb19: New USB device found, idVendor=1d6b, idProduct=0002, bcdDevice= 5.06
[    6.436306][    T1] usb usb19: New USB device strings: Mfr=3, Product=2, SerialNumber=1
[    6.436917][    T1] usb usb19: Product: USB/IP Virtual Host Controller
[    6.437427][    T1] usb usb19: Manufacturer: Linux 5.6.0-rc5-49397b801261-02077-g49397b801261 vhci_hcd
[    6.438144][    T1] usb usb19: SerialNumber: vhci_hcd.5
[    6.440478][    T1] hub 19-0:1.0: USB hub found
[    6.440930][    T1] hub 19-0:1.0: 8 ports detected
[    6.443747][    T1] vhci_hcd vhci_hcd.5: USB/IP Virtual Host Controller
[    6.444680][    T1] vhci_hcd vhci_hcd.5: new USB bus registered, assigned bus number 20
[    6.445548][    T1] usb usb20: We don't know the algorithms for LPM for this host, disabling LPM.
[    6.446740][    T1] usb usb20: New USB device found, idVendor=1d6b, idProduct=0003, bcdDevice= 5.06
[    6.447501][    T1] usb usb20: New USB device strings: Mfr=3, Product=2, SerialNumber=1
[    6.448145][    T1] usb usb20: Product: USB/IP Virtual Host Controller
[    6.449872][    T1] usb usb20: Manufacturer: Linux 5.6.0-rc5-49397b801261-02077-g49397b801261 vhci_hcd
[    6.450690][    T1] usb usb20: SerialNumber: vhci_hcd.5
[    6.452096][    T1] hub 20-0:1.0: USB hub found
[    6.452586][    T1] hub 20-0:1.0: 8 ports detected
[    6.456013][    T1] vhci_hcd vhci_hcd.6: USB/IP Virtual Host Controller
[    6.456918][    T1] vhci_hcd vhci_hcd.6: new USB bus registered, assigned bus number 21
[    6.458234][    T1] usb usb21: New USB device found, idVendor=1d6b, idProduct=0002, bcdDevice= 5.06
[    6.458998][    T1] usb usb21: New USB device strings: Mfr=3, Product=2, SerialNumber=1
[    6.459675][    T1] usb usb21: Product: USB/IP Virtual Host Controller
[    6.460228][    T1] usb usb21: Manufacturer: Linux 5.6.0-rc5-49397b801261-02077-g49397b801261 vhci_hcd
[    6.460934][    T1] usb usb21: SerialNumber: vhci_hcd.6
[    6.462551][    T1] hub 21-0:1.0: USB hub found
[    6.463004][    T1] hub 21-0:1.0: 8 ports detected
[    6.465793][    T1] vhci_hcd vhci_hcd.6: USB/IP Virtual Host Controller
[    6.466705][    T1] vhci_hcd vhci_hcd.6: new USB bus registered, assigned bus number 22
[    6.467567][    T1] usb usb22: We don't know the algorithms for LPM for this host, disabling LPM.
[    6.469522][    T1] usb usb22: New USB device found, idVendor=1d6b, idProduct=0003, bcdDevice= 5.06
[    6.470230][    T1] usb usb22: New USB device strings: Mfr=3, Product=2, SerialNumber=1
[    6.470845][    T1] usb usb22: Product: USB/IP Virtual Host Controller
[    6.471353][    T1] usb usb22: Manufacturer: Linux 5.6.0-rc5-49397b801261-02077-g49397b801261 vhci_hcd
[    6.472063][    T1] usb usb22: SerialNumber: vhci_hcd.6
[    6.473566][    T1] hub 22-0:1.0: USB hub found
[    6.474019][    T1] hub 22-0:1.0: 8 ports detected
[    6.477569][    T1] vhci_hcd vhci_hcd.7: USB/IP Virtual Host Controller
[    6.478484][    T1] vhci_hcd vhci_hcd.7: new USB bus registered, assigned bus number 23
[    6.480848][    T1] usb usb23: New USB device found, idVendor=1d6b, idProduct=0002, bcdDevice= 5.06
[    6.481653][    T1] usb usb23: New USB device strings: Mfr=3, Product=2, SerialNumber=1
[    6.482356][    T1] usb usb23: Product: USB/IP Virtual Host Controller
[    6.482911][    T1] usb usb23: Manufacturer: Linux 5.6.0-rc5-49397b801261-02077-g49397b801261 vhci_hcd
[    6.483706][    T1] usb usb23: SerialNumber: vhci_hcd.7
[    6.485503][    T1] hub 23-0:1.0: USB hub found
[    6.485956][    T1] hub 23-0:1.0: 8 ports detected
[    6.488942][    T1] vhci_hcd vhci_hcd.7: USB/IP Virtual Host Controller
[    6.490206][    T1] vhci_hcd vhci_hcd.7: new USB bus registered, assigned bus number 24
[    6.490977][    T1] usb usb24: We don't know the algorithms for LPM for this host, disabling LPM.
[    6.492178][    T1] usb usb24: New USB device found, idVendor=1d6b, idProduct=0003, bcdDevice= 5.06
[    6.492877][    T1] usb usb24: New USB device strings: Mfr=3, Product=2, SerialNumber=1
[    6.493502][    T1] usb usb24: Product: USB/IP Virtual Host Controller
[    6.494011][    T1] usb usb24: Manufacturer: Linux 5.6.0-rc5-49397b801261-02077-g49397b801261 vhci_hcd
[    6.494723][    T1] usb usb24: SerialNumber: vhci_hcd.7
[    6.495661][ T4157] kworker/u6:3 (4157) used greatest stack depth: 26360 bytes left
[    6.496766][    T1] hub 24-0:1.0: USB hub found
[    6.497283][    T1] hub 24-0:1.0: 8 ports detected
[    6.501935][    T1] vhci_hcd vhci_hcd.8: USB/IP Virtual Host Controller
[    6.502856][    T1] vhci_hcd vhci_hcd.8: new USB bus registered, assigned bus number 25
[    6.504021][    T1] usb usb25: New USB device found, idVendor=1d6b, idProduct=0002, bcdDevice= 5.06
[    6.504729][    T1] usb usb25: New USB device strings: Mfr=3, Product=2, SerialNumber=1
[    6.505349][    T1] usb usb25: Product: USB/IP Virtual Host Controller
[    6.505857][    T1] usb usb25: Manufacturer: Linux 5.6.0-rc5-49397b801261-02077-g49397b801261 vhci_hcd
[    6.506610][    T1] usb usb25: SerialNumber: vhci_hcd.8
[    6.508230][    T1] hub 25-0:1.0: USB hub found
[    6.508850][    T1] hub 25-0:1.0: 8 ports detected
[    6.512331][    T1] vhci_hcd vhci_hcd.8: USB/IP Virtual Host Controller
[    6.513278][    T1] vhci_hcd vhci_hcd.8: new USB bus registered, assigned bus number 26
[    6.514139][    T1] usb usb26: We don't know the algorithms for LPM for this host, disabling LPM.
[    6.515227][    T1] usb usb26: New USB device found, idVendor=1d6b, idProduct=0003, bcdDevice= 5.06
[    6.515989][    T1] usb usb26: New USB device strings: Mfr=3, Product=2, SerialNumber=1
[    6.516665][    T1] usb usb26: Product: USB/IP Virtual Host Controller
[    6.517221][    T1] usb usb26: Manufacturer: Linux 5.6.0-rc5-49397b801261-02077-g49397b801261 vhci_hcd
[    6.518001][    T1] usb usb26: SerialNumber: vhci_hcd.8
[    6.520096][    T1] hub 26-0:1.0: USB hub found
[    6.520683][    T1] hub 26-0:1.0: 8 ports detected
[    6.524360][    T1] vhci_hcd vhci_hcd.9: USB/IP Virtual Host Controller
[    6.525236][    T1] vhci_hcd vhci_hcd.9: new USB bus registered, assigned bus number 27
[    6.526232][    T1] usb usb27: New USB device found, idVendor=1d6b, idProduct=0002, bcdDevice= 5.06
[    6.526933][    T1] usb usb27: New USB device strings: Mfr=3, Product=2, SerialNumber=1
[    6.527586][    T1] usb usb27: Product: USB/IP Virtual Host Controller
[    6.528099][    T1] usb usb27: Manufacturer: Linux 5.6.0-rc5-49397b801261-02077-g49397b801261 vhci_hcd
[    6.528901][    T1] usb usb27: SerialNumber: vhci_hcd.9
[    6.530232][    T1] hub 27-0:1.0: USB hub found
[    6.530685][    T1] hub 27-0:1.0: 8 ports detected
[    6.533561][    T1] vhci_hcd vhci_hcd.9: USB/IP Virtual Host Controller
[    6.534493][    T1] vhci_hcd vhci_hcd.9: new USB bus registered, assigned bus number 28
[    6.535360][    T1] usb usb28: We don't know the algorithms for LPM for this host, disabling LPM.
[    6.536600][    T1] usb usb28: New USB device found, idVendor=1d6b, idProduct=0003, bcdDevice= 5.06
[    6.537303][    T1] usb usb28: New USB device strings: Mfr=3, Product=2, SerialNumber=1
[    6.537920][    T1] usb usb28: Product: USB/IP Virtual Host Controller
[    6.538431][    T1] usb usb28: Manufacturer: Linux 5.6.0-rc5-49397b801261-02077-g49397b801261 vhci_hcd
[    6.541196][    T1] usb usb28: SerialNumber: vhci_hcd.9
[    6.542822][    T1] hub 28-0:1.0: USB hub found
[    6.543345][    T1] hub 28-0:1.0: 8 ports detected
[    6.546871][    T1] vhci_hcd vhci_hcd.10: USB/IP Virtual Host Controller
[    6.547895][    T1] vhci_hcd vhci_hcd.10: new USB bus registered, assigned bus number 29
[    6.549700][    T1] usb usb29: New USB device found, idVendor=1d6b, idProduct=0002, bcdDevice= 5.06
[    6.550410][    T1] usb usb29: New USB device strings: Mfr=3, Product=2, SerialNumber=1
[    6.551032][    T1] usb usb29: Product: USB/IP Virtual Host Controller
[    6.551539][    T1] usb usb29: Manufacturer: Linux 5.6.0-rc5-49397b801261-02077-g49397b801261 vhci_hcd
[    6.552253][    T1] usb usb29: SerialNumber: vhci_hcd.10
[    6.553764][    T1] hub 29-0:1.0: USB hub found
[    6.554221][    T1] hub 29-0:1.0: 8 ports detected
[    6.556959][    T1] vhci_hcd vhci_hcd.10: USB/IP Virtual Host Controller
[    6.557869][    T1] vhci_hcd vhci_hcd.10: new USB bus registered, assigned bus number 30
[    6.559682][    T1] usb usb30: We don't know the algorithms for LPM for this host, disabling LPM.
[    6.561004][    T1] usb usb30: New USB device found, idVendor=1d6b, idProduct=0003, bcdDevice= 5.06
[    6.561710][    T1] usb usb30: New USB device strings: Mfr=3, Product=2, SerialNumber=1
[    6.562321][    T1] usb usb30: Product: USB/IP Virtual Host Controller
[    6.562825][    T1] usb usb30: Manufacturer: Linux 5.6.0-rc5-49397b801261-02077-g49397b801261 vhci_hcd
[    6.563535][    T1] usb usb30: SerialNumber: vhci_hcd.10
[    6.564913][    T1] hub 30-0:1.0: USB hub found
[    6.565364][    T1] hub 30-0:1.0: 8 ports detected
[    6.568909][    T1] vhci_hcd vhci_hcd.11: USB/IP Virtual Host Controller
[    6.569869][    T1] vhci_hcd vhci_hcd.11: new USB bus registered, assigned bus number 31
[    6.571299][    T1] usb usb31: New USB device found, idVendor=1d6b, idProduct=0002, bcdDevice= 5.06
[    6.572158][    T1] usb usb31: New USB device strings: Mfr=3, Product=2, SerialNumber=1
[    6.572848][    T1] usb usb31: Product: USB/IP Virtual Host Controller
[    6.573405][    T1] usb usb31: Manufacturer: Linux 5.6.0-rc5-49397b801261-02077-g49397b801261 vhci_hcd
[    6.574183][    T1] usb usb31: SerialNumber: vhci_hcd.11
[    6.575602][    T1] hub 31-0:1.0: USB hub found
[    6.576100][    T1] hub 31-0:1.0: 8 ports detected
[    6.580079][    T1] vhci_hcd vhci_hcd.11: USB/IP Virtual Host Controller
[    6.580947][    T1] vhci_hcd vhci_hcd.11: new USB bus registered, assigned bus number 32
[    6.581723][    T1] usb usb32: We don't know the algorithms for LPM for this host, disabling LPM.
[    6.582721][    T1] usb usb32: New USB device found, idVendor=1d6b, idProduct=0003, bcdDevice= 5.06
[    6.583419][    T1] usb usb32: New USB device strings: Mfr=3, Product=2, SerialNumber=1
[    6.584036][    T1] usb usb32: Product: USB/IP Virtual Host Controller
[    6.584585][    T1] usb usb32: Manufacturer: Linux 5.6.0-rc5-49397b801261-02077-g49397b801261 vhci_hcd
[    6.585340][    T1] usb usb32: SerialNumber: vhci_hcd.11
[    6.586958][    T1] hub 32-0:1.0: USB hub found
[    6.587431][    T1] hub 32-0:1.0: 8 ports detected
[    6.591191][    T1] vhci_hcd vhci_hcd.12: USB/IP Virtual Host Controller
[    6.592177][    T1] vhci_hcd vhci_hcd.12: new USB bus registered, assigned bus number 33
[    6.593200][    T1] usb usb33: New USB device found, idVendor=1d6b, idProduct=0002, bcdDevice= 5.06
[    6.593896][    T1] usb usb33: New USB device strings: Mfr=3, Product=2, SerialNumber=1
[    6.594511][    T1] usb usb33: Product: USB/IP Virtual Host Controller
[    6.595025][    T1] usb usb33: Manufacturer: Linux 5.6.0-rc5-49397b801261-02077-g49397b801261 vhci_hcd
[    6.595734][    T1] usb usb33: SerialNumber: vhci_hcd.12
[    6.597034][    T1] hub 33-0:1.0: USB hub found
[    6.597480][    T1] hub 33-0:1.0: 8 ports detected
[    6.601779][    T1] vhci_hcd vhci_hcd.12: USB/IP Virtual Host Controller
[    6.602888][    T1] vhci_hcd vhci_hcd.12: new USB bus registered, assigned bus number 34
[    6.603759][    T1] usb usb34: We don't know the algorithms for LPM for this host, disabling LPM.
[    6.605083][    T1] usb usb34: New USB device found, idVendor=1d6b, idProduct=0003, bcdDevice= 5.06
[    6.605870][    T1] usb usb34: New USB device strings: Mfr=3, Product=2, SerialNumber=1
[    6.606563][    T1] usb usb34: Product: USB/IP Virtual Host Controller
[    6.607114][    T1] usb usb34: Manufacturer: Linux 5.6.0-rc5-49397b801261-02077-g49397b801261 vhci_hcd
[    6.607893][    T1] usb usb34: SerialNumber: vhci_hcd.12
[    6.610265][    T1] hub 34-0:1.0: USB hub found
[    6.610760][    T1] hub 34-0:1.0: 8 ports detected
[    6.614424][    T1] vhci_hcd vhci_hcd.13: USB/IP Virtual Host Controller
[    6.615378][    T1] vhci_hcd vhci_hcd.13: new USB bus registered, assigned bus number 35
[    6.616726][    T1] usb usb35: New USB device found, idVendor=1d6b, idProduct=0002, bcdDevice= 5.06
[    6.617433][    T1] usb usb35: New USB device strings: Mfr=3, Product=2, SerialNumber=1
[    6.618048][    T1] usb usb35: Product: USB/IP Virtual Host Controller
[    6.618556][    T1] usb usb35: Manufacturer: Linux 5.6.0-rc5-49397b801261-02077-g49397b801261 vhci_hcd
[    6.619487][    T1] usb usb35: SerialNumber: vhci_hcd.13
[    6.620909][    T1] hub 35-0:1.0: USB hub found
[    6.621408][    T1] hub 35-0:1.0: 8 ports detected
[    6.624165][    T1] vhci_hcd vhci_hcd.13: USB/IP Virtual Host Controller
[    6.625079][    T1] vhci_hcd vhci_hcd.13: new USB bus registered, assigned bus number 36
[    6.625951][    T1] usb usb36: We don't know the algorithms for LPM for this host, disabling LPM.
[    6.627389][    T1] usb usb36: New USB device found, idVendor=1d6b, idProduct=0003, bcdDevice= 5.06
[    6.628107][    T1] usb usb36: New USB device strings: Mfr=3, Product=2, SerialNumber=1
[    6.629370][    T1] usb usb36: Product: USB/IP Virtual Host Controller
[    6.629893][    T1] usb usb36: Manufacturer: Linux 5.6.0-rc5-49397b801261-02077-g49397b801261 vhci_hcd
[    6.630616][    T1] usb usb36: SerialNumber: vhci_hcd.13
[    6.631917][    T1] hub 36-0:1.0: USB hub found
[    6.632435][    T1] hub 36-0:1.0: 8 ports detected
[    6.636649][    T1] vhci_hcd vhci_hcd.14: USB/IP Virtual Host Controller
[    6.637881][    T1] vhci_hcd vhci_hcd.14: new USB bus registered, assigned bus number 37
[    6.639400][    T1] usb usb37: New USB device found, idVendor=1d6b, idProduct=0002, bcdDevice= 5.06
[    6.640186][    T1] usb usb37: New USB device strings: Mfr=3, Product=2, SerialNumber=1
[    6.640866][    T1] usb usb37: Product: USB/IP Virtual Host Controller
[    6.641432][    T1] usb usb37: Manufacturer: Linux 5.6.0-rc5-49397b801261-02077-g49397b801261 vhci_hcd
[    6.642228][    T1] usb usb37: SerialNumber: vhci_hcd.14
[    6.643891][    T1] hub 37-0:1.0: USB hub found
[    6.644389][    T1] hub 37-0:1.0: 8 ports detected
[    6.647550][    T1] vhci_hcd vhci_hcd.14: USB/IP Virtual Host Controller
[    6.648566][    T1] vhci_hcd vhci_hcd.14: new USB bus registered, assigned bus number 38
[    6.649597][    T1] usb usb38: We don't know the algorithms for LPM for this host, disabling LPM.
[    6.650695][    T1] usb usb38: New USB device found, idVendor=1d6b, idProduct=0003, bcdDevice= 5.06
[    6.651436][    T1] usb usb38: New USB device strings: Mfr=3, Product=2, SerialNumber=1
[    6.652053][    T1] usb usb38: Product: USB/IP Virtual Host Controller
[    6.652623][    T1] usb usb38: Manufacturer: Linux 5.6.0-rc5-49397b801261-02077-g49397b801261 vhci_hcd
[    6.653407][    T1] usb usb38: SerialNumber: vhci_hcd.14
[    6.654820][    T1] hub 38-0:1.0: USB hub found
[    6.655316][    T1] hub 38-0:1.0: 8 ports detected
[    6.659430][    T1] vhci_hcd vhci_hcd.15: USB/IP Virtual Host Controller
[    6.660303][    T1] vhci_hcd vhci_hcd.15: new USB bus registered, assigned bus number 39
[    6.661324][    T1] usb usb39: New USB device found, idVendor=1d6b, idProduct=0002, bcdDevice= 5.06
[    6.662050][    T1] usb usb39: New USB device strings: Mfr=3, Product=2, SerialNumber=1
[    6.662732][    T1] usb usb39: Product: USB/IP Virtual Host Controller
[    6.663446][    T1] usb usb39: Manufacturer: Linux 5.6.0-rc5-49397b801261-02077-g49397b801261 vhci_hcd
[    6.664400][    T1] usb usb39: SerialNumber: vhci_hcd.15
[    6.666023][    T1] hub 39-0:1.0: USB hub found
[    6.666602][    T1] hub 39-0:1.0: 8 ports detected
[    6.670774][    T1] vhci_hcd vhci_hcd.15: USB/IP Virtual Host Controller
[    6.671782][    T1] vhci_hcd vhci_hcd.15: new USB bus registered, assigned bus number 40
[    6.672642][    T1] usb usb40: We don't know the algorithms for LPM for this host, disabling LPM.
[    6.673756][    T1] usb usb40: New USB device found, idVendor=1d6b, idProduct=0003, bcdDevice= 5.06
[    6.674523][    T1] usb usb40: New USB device strings: Mfr=3, Product=2, SerialNumber=1
[    6.675224][    T1] usb usb40: Product: USB/IP Virtual Host Controller
[    6.675738][    T1] usb usb40: Manufacturer: Linux 5.6.0-rc5-49397b801261-02077-g49397b801261 vhci_hcd
[    6.676514][    T1] usb usb40: SerialNumber: vhci_hcd.15
[    6.678132][    T1] hub 40-0:1.0: USB hub found
[    6.678762][    T1] hub 40-0:1.0: 8 ports detected
[    6.682521][    T1] usbcore: registered new device driver usbip-host
[    6.685375][    T1] i8042: PNP: PS/2 Controller [PNP0303:KBD,PNP0f13:MOU] at 0x60,0x64 irq 1,12
[    6.688992][    T1] serio: i8042 KBD port at 0x60,0x64 irq 1
[    6.690140][    T1] serio: i8042 AUX port at 0x60,0x64 irq 12
[    6.692238][    T1] mousedev: PS/2 mouse device common for all mice
[    6.694773][ T4092] input: AT Translated Set 2 keyboard as /devices/platform/i8042/serio0/input/input1
[    6.698807][    T1] usbcore: registered new interface driver appletouch
[    6.699692][    T1] usbcore: registered new interface driver bcm5974
[    6.702183][    T1] usbcore: registered new interface driver synaptics_usb
[    6.705990][    T1] usbcore: registered new interface driver iforce
[    6.706743][    T1] usbcore: registered new interface driver xpad
[    6.707381][    T1] usbcore: registered new interface driver usb_acecad
[    6.708097][    T1] usbcore: registered new interface driver aiptek
[    6.709989][    T1] usbcore: registered new interface driver hanwang
[    6.710735][    T1] usbcore: registered new interface driver kbtab
[    6.711409][    T1] usbcore: registered new interface driver pegasus_notetaker
[    6.712260][    T1] usbcore: registered new interface driver usbtouchscreen
[    6.713085][    T1] usbcore: registered new interface driver sur40
[    6.713802][    T1] usbcore: registered new interface driver ati_remote2
[    6.714328][    T1] cm109: Keymap for Komunikate KIP1000 phone loaded
[    6.716247][    T1] usbcore: registered new interface driver cm109
[    6.716738][    T1] cm109: CM109 phone driver: 20080805 (C) Alfred E. Heggestad
[    6.717472][    T1] usbcore: registered new interface driver ims_pcu
[    6.718142][    T1] usbcore: registered new interface driver keyspan_remote
[    6.718888][    T1] usbcore: registered new interface driver powermate
[    6.719898][    T1] usbcore: registered new interface driver yealink
[    6.721673][    T1] rtc_cmos 00:05: RTC can wake from S4
[    6.724285][    T1] rtc_cmos 00:05: registered as rtc0
[    6.724704][    T1] rtc_cmos 00:05: alarms up to one day, y3k, 242 bytes nvram, hpet irqs
[    6.728645][    T1] i2c /dev entries driver
[    6.729573][    T1] usbcore: registered new interface driver i2c-diolan-u2c
[    6.730576][    T1] usbcore: registered new interface driver RobotFuzz Open Source InterFace, OSIF
[    6.731583][    T1] usbcore: registered new interface driver i2c-tiny-usb
[    6.734412][    T1] usbcore: registered new interface driver ati_remote
[    6.735169][    T1] usbcore: registered new interface driver imon
[    6.735915][    T1] usbcore: registered new interface driver mceusb
[    6.739654][    T1] usbcore: registered new interface driver redrat3
[    6.740387][    T1] usbcore: registered new interface driver streamzap
[    6.741118][    T1] usbcore: registered new interface driver igorplugusb
[    6.741841][    T1] usbcore: registered new interface driver iguanair
[    6.742605][    T1] usbcore: registered new interface driver ttusbir
[    6.743158][    T1] b2c2-flexcop: B2C2 FlexcopII/II(b)/III digital TV receiver chip loaded successfully
[    6.754299][    T1] vivid-000: using single planar format API
[    6.765260][    T1] vivid-000: CEC adapter cec0 registered for HDMI input 0
[    6.766180][    T1] vivid-000: V4L2 capture device registered as video3
[    6.766996][    T1] vivid-000: CEC adapter cec1 registered for HDMI output 0
[    6.767860][    T1] vivid-000: V4L2 output device registered as video4
[    6.769532][    T1] vivid-000: V4L2 capture device registered as vbi0, supports raw and sliced VBI
[    6.770792][    T1] vivid-000: V4L2 output device registered as vbi1, supports raw and sliced VBI
[    6.772185][    T1] vivid-000: V4L2 capture device registered as swradio0
[    6.773005][    T1] vivid-000: V4L2 receiver device registered as radio0
[    6.773976][    T1] vivid-000: V4L2 transmitter device registered as radio1
[    6.774807][    T1] vivid-000: V4L2 metadata capture device registered as video5
[    6.775673][    T1] vivid-000: V4L2 metadata output device registered as video6
[    6.776980][    T1] vivid-000: V4L2 touch capture device registered as v4l-touch0
[    6.778039][    T1] vivid-001: using multiplanar format API
[    6.786827][    T1] vivid-001: CEC adapter cec2 registered for HDMI input 0
[    6.787913][    T1] vivid-001: V4L2 capture device registered as video7
[    6.789598][    T1] vivid-001: CEC adapter cec3 registered for HDMI output 0
[    6.790561][    T1] vivid-001: V4L2 output device registered as video8
[    6.791442][    T1] vivid-001: V4L2 capture device registered as vbi2, supports raw and sliced VBI
[    6.792707][    T1] vivid-001: V4L2 output device registered as vbi3, supports raw and sliced VBI
[    6.793956][    T1] vivid-001: V4L2 capture device registered as swradio1
[    6.794767][    T1] vivid-001: V4L2 receiver device registered as radio2
[    6.795573][    T1] vivid-001: V4L2 transmitter device registered as radio3
[    6.796448][    T1] vivid-001: V4L2 metadata capture device registered as video9
[    6.797315][    T1] vivid-001: V4L2 metadata output device registered as video10
[    6.798451][    T1] vivid-001: V4L2 touch capture device registered as v4l-touch1
[    6.799484][    T1] vivid-002: using single planar format API
[    6.807966][    T1] vivid-002: CEC adapter cec4 registered for HDMI input 0
[    6.808940][    T1] vivid-002: V4L2 capture device registered as video11
[    6.809843][    T1] vivid-002: CEC adapter cec5 registered for HDMI output 0
[    6.810728][    T1] vivid-002: V4L2 output device registered as video12
[    6.811543][    T1] vivid-002: V4L2 capture device registered as vbi4, supports raw and sliced VBI
[    6.812568][    T1] vivid-002: V4L2 output device registered as vbi5, supports raw and sliced VBI
[    6.813801][    T1] vivid-002: V4L2 capture device registered as swradio2
[    6.814669][    T1] vivid-002: V4L2 receiver device registered as radio4
[    6.815534][    T1] vivid-002: V4L2 transmitter device registered as radio5
[    6.816388][    T1] vivid-002: V4L2 metadata capture device registered as video13
[    6.817810][    T1] vivid-002: V4L2 metadata output device registered as video14
[    6.818906][    T1] vivid-002: V4L2 touch capture device registered as v4l-touch2
[    6.820093][    T1] vivid-003: using multiplanar format API
[    6.829046][    T1] vivid-003: CEC adapter cec6 registered for HDMI input 0
[    6.829962][    T1] vivid-003: V4L2 capture device registered as video15
[    6.830868][    T1] vivid-003: CEC adapter cec7 registered for HDMI output 0
[    6.831748][    T1] vivid-003: V4L2 output device registered as video16
[    6.832653][    T1] vivid-003: V4L2 capture device registered as vbi6, supports raw and sliced VBI
[    6.833918][    T1] vivid-003: V4L2 output device registered as vbi7, supports raw and sliced VBI
[    6.835364][    T1] vivid-003: V4L2 capture device registered as swradio3
[    6.836220][    T1] vivid-003: V4L2 receiver device registered as radio6
[    6.837164][    T1] vivid-003: V4L2 transmitter device registered as radio7
[    6.838051][    T1] vivid-003: V4L2 metadata capture device registered as video17
[    6.840385][    T1] vivid-003: V4L2 metadata output device registered as video18
[    6.841531][    T1] vivid-003: V4L2 touch capture device registered as v4l-touch3
[    6.842441][    T1] vivid-004: using single planar format API
[    6.851510][    T1] vivid-004: CEC adapter cec8 registered for HDMI input 0
[    6.852371][    T1] vivid-004: V4L2 capture device registered as video19
[    6.853188][    T1] vivid-004: CEC adapter cec9 registered for HDMI output 0
[    6.854040][    T1] vivid-004: V4L2 output device registered as video20
[    6.854932][    T1] vivid-004: V4L2 capture device registered as vbi8, supports raw and sliced VBI
[    6.856031][    T1] vivid-004: V4L2 output device registered as vbi9, supports raw and sliced VBI
[    6.857290][    T1] vivid-004: V4L2 capture device registered as swradio4
[    6.858278][    T1] vivid-004: V4L2 receiver device registered as radio8
[    6.859304][    T1] vivid-004: V4L2 transmitter device registered as radio9
[    6.860113][    T1] vivid-004: V4L2 metadata capture device registered as video21
[    6.860973][    T1] vivid-004: V4L2 metadata output device registered as video22
[    6.861836][    T1] vivid-004: V4L2 touch capture device registered as v4l-touch4
[    6.862703][    T1] vivid-005: using multiplanar format API
[    6.871675][    T1] vivid-005: CEC adapter cec10 registered for HDMI input 0
[    6.872534][    T1] vivid-005: V4L2 capture device registered as video23
[    6.873354][    T1] vivid-005: CEC adapter cec11 registered for HDMI output 0
[    6.874203][    T1] vivid-005: V4L2 output device registered as video24
[    6.875104][    T1] vivid-005: V4L2 capture device registered as vbi10, supports raw and sliced VBI
[    6.876147][    T1] vivid-005: V4L2 output device registered as vbi11, supports raw and sliced VBI
[    6.877473][    T1] vivid-005: V4L2 capture device registered as swradio5
[    6.878297][    T1] vivid-005: V4L2 receiver device registered as radio10
[    6.879666][    T1] vivid-005: V4L2 transmitter device registered as radio11
[    6.880811][    T1] vivid-005: V4L2 metadata capture device registered as video25
[    6.882020][    T1] vivid-005: V4L2 metadata output device registered as video26
[    6.883100][    T1] vivid-005: V4L2 touch capture device registered as v4l-touch5
[    6.884206][    T1] vivid-006: using single planar format API
[    6.892780][    T1] vivid-006: CEC adapter cec12 registered for HDMI input 0
[    6.893686][    T1] vivid-006: V4L2 capture device registered as video27
[    6.894585][    T1] vivid-006: CEC adapter cec13 registered for HDMI output 0
[    6.895521][    T1] vivid-006: V4L2 output device registered as video28
[    6.896436][    T1] vivid-006: V4L2 capture device registered as vbi12, supports raw and sliced VBI
[    6.897848][    T1] vivid-006: V4L2 output device registered as vbi13, supports raw and sliced VBI
[    6.900158][    T1] vivid-006: V4L2 capture device registered as swradio6
[    6.901059][    T1] vivid-006: V4L2 receiver device registered as radio12
[    6.902054][    T1] vivid-006: V4L2 transmitter device registered as radio13
[    6.903031][    T1] vivid-006: V4L2 metadata capture device registered as video29
[    6.904184][    T1] vivid-006: V4L2 metadata output device registered as video30
[    6.905253][    T1] vivid-006: V4L2 touch capture device registered as v4l-touch6
[    6.906312][    T1] vivid-007: using multiplanar format API
[    6.915886][    T1] vivid-007: CEC adapter cec14 registered for HDMI input 0
[    6.916831][    T1] vivid-007: V4L2 capture device registered as video31
[    6.917765][    T1] vivid-007: CEC adapter cec15 registered for HDMI output 0
[    6.919029][    T1] vivid-007: V4L2 output device registered as video32
[    6.919969][    T1] vivid-007: V4L2 capture device registered as vbi14, supports raw and sliced VBI
[    6.921401][    T1] vivid-007: V4L2 output device registered as vbi15, supports raw and sliced VBI
[    6.922675][    T1] vivid-007: V4L2 capture device registered as swradio7
[    6.923592][    T1] vivid-007: V4L2 receiver device registered as radio14
[    6.924592][    T1] vivid-007: V4L2 transmitter device registered as radio15
[    6.925543][    T1] vivid-007: V4L2 metadata capture device registered as video33
[    6.926644][    T1] vivid-007: V4L2 metadata output device registered as video34
[    6.927737][    T1] vivid-007: V4L2 touch capture device registered as v4l-touch7
[    6.928830][    T1] vivid-008: using single planar format API
[    6.937372][    T1] vivid-008: CEC adapter cec16 registered for HDMI input 0
[    6.938297][    T1] vivid-008: V4L2 capture device registered as video35
[    6.940429][    T1] vivid-008: CEC adapter cec17 registered for HDMI output 0
[    6.941497][    T1] vivid-008: V4L2 output device registered as video36
[    6.942471][    T1] vivid-008: V4L2 capture device registered as vbi16, supports raw and sliced VBI
[    6.943975][    T1] vivid-008: V4L2 output device registered as vbi17, supports raw and sliced VBI
[    6.945319][    T1] vivid-008: V4L2 capture device registered as swradio8
[    6.946312][    T1] vivid-008: V4L2 receiver device registered as radio16
