c[?7l[2J[0mSeaBIOS (version rel-1.16.0-0-gd239552ce722-prebuilt.qemu.org)


iPXE (http://ipxe.org) 00:03.0 CA00 PCI2.10 PnP PMM+7FF91000+7FEF1000 CA00
Press Ctrl-B to configure iPXE (PCI 00:03.0)...                                                                               


Booting from ROM..c[?7l[2Jearly console in extract_kernel
input_data: 0x000000000bd552c8
input_len: 0x00000000044ac37b
output: 0x0000000001000000
output_len: 0x000000000e008b28
kernel_total_size: 0x000000000f226000
needed_size: 0x000000000f400000
trampoline_32bit: 0x000000000009d000

Decompressing Linux... Parsing ELF... done.
Booting the kernel.
[    0.000000][    T0] Linux version 5.5.0-4fc2ea6a8608-09516-g4fc2ea6a8608 (root@xpf.sh.intel.com) (gcc version 8.5.0 20210514 (Red Hat 8.5.0-20) (GCC)) #1 SMP PREEMPT Sat Dec 2 10:55:11 CST 2023
[    0.000000][    T0] Command line: console=ttyS0 root=/dev/sda1 earlyprintk=serial net.ifnames=0 thunderbolt.dyndbg plymouth.enable=0
[    0.000000][    T0] KERNEL supported cpus:
[    0.000000][    T0]   Intel GenuineIntel
[    0.000000][    T0]   AMD AuthenticAMD
[    0.000000][    T0] x86/fpu: Supporting XSAVE feature 0x001: 'x87 floating point registers'
[    0.000000][    T0] x86/fpu: Supporting XSAVE feature 0x002: 'SSE registers'
[    0.000000][    T0] x86/fpu: Supporting XSAVE feature 0x004: 'AVX registers'
[    0.000000][    T0] x86/fpu: Supporting XSAVE feature 0x008: 'MPX bounds registers'
[    0.000000][    T0] x86/fpu: Supporting XSAVE feature 0x010: 'MPX CSR'
[    0.000000][    T0] x86/fpu: Supporting XSAVE feature 0x020: 'AVX-512 opmask'
[    0.000000][    T0] x86/fpu: Supporting XSAVE feature 0x040: 'AVX-512 Hi256'
[    0.000000][    T0] x86/fpu: Supporting XSAVE feature 0x080: 'AVX-512 ZMM_Hi256'
[    0.000000][    T0] x86/fpu: xstate_offset[2]:  576, xstate_sizes[2]:  256
[    0.000000][    T0] x86/fpu: xstate_offset[3]:  832, xstate_sizes[3]:   64
[    0.000000][    T0] x86/fpu: xstate_offset[4]:  896, xstate_sizes[4]:   64
[    0.000000][    T0] x86/fpu: xstate_offset[5]:  960, xstate_sizes[5]:   64
[    0.000000][    T0] x86/fpu: xstate_offset[6]: 1024, xstate_sizes[6]:  512
[    0.000000][    T0] x86/fpu: xstate_offset[7]: 1536, xstate_sizes[7]: 1024
[    0.000000][    T0] x86/fpu: Enabled xstate features 0xff, context size is 2560 bytes, using 'compacted' format.
[    0.000000][    T0] BIOS-provided physical RAM map:
[    0.000000][    T0] BIOS-e820: [mem 0x0000000000000000-0x000000000009fbff] usable
[    0.000000][    T0] BIOS-e820: [mem 0x000000000009fc00-0x000000000009ffff] reserved
[    0.000000][    T0] BIOS-e820: [mem 0x00000000000f0000-0x00000000000fffff] reserved
[    0.000000][    T0] BIOS-e820: [mem 0x0000000000100000-0x000000007ffdffff] usable
[    0.000000][    T0] BIOS-e820: [mem 0x000000007ffe0000-0x000000007fffffff] reserved
[    0.000000][    T0] BIOS-e820: [mem 0x00000000feffc000-0x00000000feffffff] reserved
[    0.000000][    T0] BIOS-e820: [mem 0x00000000fffc0000-0x00000000ffffffff] reserved
[    0.000000][    T0] printk: bootconsole [earlyser0] enabled
[    0.000000][    T0] ERROR: earlyprintk= earlyser already used
[    0.000000][    T0] ERROR: earlyprintk= earlyser already used
[    0.000000][    T0] ERROR: earlyprintk= earlyser already used
[    0.000000][    T0] Malformed early option 'vsyscall'
[    0.000000][    T0] nopcid: PCID feature disabled
[    0.000000][    T0] NX (Execute Disable) protection: active
[    0.000000][    T0] SMBIOS 2.8 present.
[    0.000000][    T0] DMI: QEMU Standard PC (i440FX + PIIX, 1996), BIOS rel-1.16.0-0-gd239552ce722-prebuilt.qemu.org 04/01/2014
[    0.000000][    T0] Hypervisor detected: KVM
[    0.000000][    T0] kvm-clock: Using msrs 4b564d01 and 4b564d00
[    0.000002][    T0] kvm-clock: cpu 0, msr ec2f001, primary cpu clock
[    0.000002][    T0] kvm-clock: using sched offset of 854161436 cycles
[    0.000536][    T0] clocksource: kvm-clock: mask: 0xffffffffffffffff max_cycles: 0x1cd42e4dffb, max_idle_ns: 881590591483 ns
[    0.001998][    T0] tsc: Detected 2999.998 MHz processor
[    0.007388][    T0] last_pfn = 0x7ffe0 max_arch_pfn = 0x400000000
[    0.007979][    T0] x86/PAT: Configuration [0-7]: WB  WC  UC- UC  WB  WP  UC- WT  
[    0.016198][    T0] found SMP MP-table at [mem 0x000f5ba0-0x000f5baf]
[    0.016775][    T0] Using GB pages for direct mapping
[    0.018157][    T0] ACPI: Early table checksum verification disabled
[    0.018830][    T0] ACPI: RSDP 0x00000000000F59C0 000014 (v00 BOCHS )
[    0.019449][    T0] ACPI: RSDT 0x000000007FFE1951 000034 (v01 BOCHS  BXPC     00000001 BXPC 00000001)
[    0.020307][    T0] ACPI: FACP 0x000000007FFE17FD 000074 (v01 BOCHS  BXPC     00000001 BXPC 00000001)
[    0.021162][    T0] ACPI: DSDT 0x000000007FFE0040 0017BD (v01 BOCHS  BXPC     00000001 BXPC 00000001)
[    0.022017][    T0] ACPI: FACS 0x000000007FFE0000 000040
[    0.022457][    T0] ACPI: APIC 0x000000007FFE1871 000080 (v01 BOCHS  BXPC     00000001 BXPC 00000001)
[    0.023225][    T0] ACPI: HPET 0x000000007FFE18F1 000038 (v01 BOCHS  BXPC     00000001 BXPC 00000001)
[    0.024077][    T0] ACPI: WAET 0x000000007FFE1929 000028 (v01 BOCHS  BXPC     00000001 BXPC 00000001)
[    0.025737][    T0] No NUMA configuration found
[    0.026163][    T0] Faking a node at [mem 0x0000000000000000-0x000000007ffdffff]
[    0.026846][    T0] Faking node 0 at [mem 0x0000000000000000-0x000000003fffffff] (1024MB)
[    0.027547][    T0] Faking node 1 at [mem 0x0000000040000000-0x000000007ffdffff] (1023MB)
[    0.028539][    T0] NODE_DATA(0) allocated [mem 0x3fffb000-0x3fffffff]
[    0.029222][    T0] NODE_DATA(1) allocated [mem 0x7ffda000-0x7ffdefff]
[    0.033164][    T0] Zone ranges:
[    0.033477][    T0]   DMA      [mem 0x0000000000001000-0x0000000000ffffff]
[    0.034055][    T0]   DMA32    [mem 0x0000000001000000-0x000000007ffdffff]
[    0.034626][    T0]   Normal   empty
[    0.034932][    T0]   Device   empty
[    0.035230][    T0] Movable zone start for each node
[    0.035641][    T0] Early memory node ranges
[    0.035998][    T0]   node   0: [mem 0x0000000000001000-0x000000000009efff]
[    0.036580][    T0]   node   0: [mem 0x0000000000100000-0x000000003fffffff]
[    0.037164][    T0]   node   1: [mem 0x0000000040000000-0x000000007ffdffff]
[    0.037749][    T0] Zeroed struct page in unavailable ranges: 130 pages
[    0.037753][    T0] Initmem setup node 0 [mem 0x0000000000001000-0x000000003fffffff]
[    0.049330][    T0] Initmem setup node 1 [mem 0x0000000040000000-0x000000007ffdffff]
[    0.092665][    T0] kasan: KernelAddressSanitizer initialized
[    0.093410][    T0] ACPI: PM-Timer IO Port: 0x608
[    0.093831][    T0] ACPI: LAPIC_NMI (acpi_id[0xff] dfl dfl lint[0x1])
[    0.094485][    T0] IOAPIC[0]: apic_id 0, version 17, address 0xfec00000, GSI 0-23
[    0.095187][    T0] ACPI: INT_SRC_OVR (bus 0 bus_irq 0 global_irq 2 dfl dfl)
[    0.095836][    T0] ACPI: INT_SRC_OVR (bus 0 bus_irq 5 global_irq 5 high level)
[    0.096504][    T0] ACPI: INT_SRC_OVR (bus 0 bus_irq 9 global_irq 9 high level)
[    0.097170][    T0] ACPI: INT_SRC_OVR (bus 0 bus_irq 10 global_irq 10 high level)
[    0.097850][    T0] ACPI: INT_SRC_OVR (bus 0 bus_irq 11 global_irq 11 high level)
[    0.098547][    T0] Using ACPI (MADT) for SMP configuration information
[    0.099158][    T0] ACPI: HPET id: 0x8086a201 base: 0xfed00000
[    0.099693][    T0] smpboot: Allowing 2 CPUs, 0 hotplug CPUs
[    0.100240][    T0] KVM setup pv sched yield
[    0.100664][    T0] PM: hibernation: Registered nosave memory: [mem 0x00000000-0x00000fff]
[    0.101423][    T0] PM: hibernation: Registered nosave memory: [mem 0x0009f000-0x0009ffff]
[    0.102171][    T0] PM: hibernation: Registered nosave memory: [mem 0x000a0000-0x000effff]
[    0.102919][    T0] PM: hibernation: Registered nosave memory: [mem 0x000f0000-0x000fffff]
[    0.103669][    T0] [mem 0x80000000-0xfeffbfff] available for PCI devices
[    0.104286][    T0] Booting paravirtualized kernel on KVM
[    0.104807][    T0] clocksource: refined-jiffies: mask: 0xffffffff max_cycles: 0xffffffff, max_idle_ns: 19112604462750000 ns
[    0.148864][    T0] setup_percpu: NR_CPUS:8 nr_cpumask_bits:8 nr_cpu_ids:2 nr_node_ids:2
[    0.150136][    T0] percpu: Embedded 65 pages/cpu s227592 r8192 d30456 u2097152
[    0.150875][    T0] KVM setup async PF for cpu 0
[    0.151270][    T0] kvm-stealtime: cpu 0, msr 2ce21a80
[    0.151715][    T0] PV qspinlock hash table entries: 256 (order: 0, 4096 bytes, linear)
[    0.152406][    T0] Built 2 zonelists, mobility grouping on.  Total pages: 515945
[    0.153037][    T0] Policy zone: DMA32
[    0.153369][    T0] Kernel command line: earlyprintk=serial net.ifnames=0 sysctl.kernel.hung_task_all_cpu_backtrace=1 ima_policy=tcb nf-conntrack-ftp.ports=20000 nf-conntrack-tftp.ports=20000 nf-conntrack-sip.ports=20000 nf-conntrack-irc.ports=20000 nf-conntrack-sane.ports=20000 binder.debug_mask=0 rcupdate.rcu_expedited=1 rcupdate.rcu_cpu_stall_cputime=1 no_hash_pointers page_owner=on sysctl.vm.nr_hugepages=4 sysctl.vm.nr_overcommit_hugepages=4 secretmem.enable=1 sysctl.max_rcu_stall_to_panic=1 msr.allow_writes=off coredump_filter=0xffff root=/dev/sda console=ttyS0 vsyscall=native numa=fake=2 kvm-intel.nested=1 spec_store_bypass_disable=prctl nopcid vivid.n_devs=16 vivid.multiplanar=1,2,1,2,1,2,1,2,1,2,1,2,1,2,1,2 netrom.nr_ndevs=16 rose.rose_ndevs=16 smp.csd_lock_timeout=100000 watchdog_thresh=55 workqueue.watchdog_thresh=140 sysctl.net.core.netdev_unregister_timeout_secs=140 dummy_hcd.num=8 panic_on_warn=1 console=ttyS0 root=/dev/sda1 earlyprintk=serial net.ifnames=0 thunderb
[    0.156710][    T0] mem auto-init: stack:off, heap alloc:on, heap free:off
[    0.275776][    T0] Memory: 1521876K/2096632K available (133130K kernel code, 40567K rwdata, 27132K rodata, 2588K init, 22496K bss, 574756K reserved, 0K cma-reserved)
[    0.277611][    T0] SLUB: HWalign=64, Order=0-3, MinObjects=0, CPUs=2, Nodes=2
[    0.279755][    T0] Running RCU self tests
[    0.280120][    T0] rcu: Preemptible hierarchical RCU implementation.
[    0.280638][    T0] rcu: 	RCU lockdep checking is enabled.
[    0.281086][    T0] rcu: 	RCU restricting CPUs from NR_CPUS=8 to nr_cpu_ids=2.
[    0.281666][    T0] rcu: 	RCU callback double-/use-after-free debug enabled.
[    0.282267][    T0] rcu: 	RCU debug extended QS entry/exit.
[    0.282760][    T0] 	All grace periods are expedited (rcu_expedited).
[    0.283330][    T0] 	Tasks RCU enabled.
[    0.283646][    T0] rcu: RCU calculated value of scheduler-enlistment delay is 10 jiffies.
[    0.284312][    T0] rcu: Adjusting geometry for rcu_fanout_leaf=16, nr_cpu_ids=2
[    0.288836][    T0] NR_IRQS: 4352, nr_irqs: 440, preallocated irqs: 16
[    0.290260][    T0] random: get_random_bytes called from start_kernel+0x53a/0x876 with crng_init=0
[    0.294850][    T0] Console: colour VGA+ 80x25
[    0.296088][    T0] printk: console [ttyS0] enabled
[    0.296088][    T0] printk: console [ttyS0] enabled
[    0.296971][    T0] printk: bootconsole [earlyser0] disabled
[    0.296971][    T0] printk: bootconsole [earlyser0] disabled
[    0.297983][    T0] Lock dependency validator: Copyright (c) 2006 Red Hat, Inc., Ingo Molnar
[    0.298691][    T0] ... MAX_LOCKDEP_SUBCLASSES:  8
[    0.299133][    T0] ... MAX_LOCK_DEPTH:          48
[    0.299578][    T0] ... MAX_LOCKDEP_KEYS:        8192
[    0.300039][    T0] ... CLASSHASH_SIZE:          4096
[    0.300461][    T0] ... MAX_LOCKDEP_ENTRIES:     32768
[    0.300888][    T0] ... MAX_LOCKDEP_CHAINS:      65536
[    0.301321][    T0] ... CHAINHASH_SIZE:          32768
[    0.301745][    T0]  memory used by lock dependency info: 6237 kB
[    0.302256][    T0]  memory used for stack traces: 4224 kB
[    0.302712][    T0]  per task-struct memory footprint: 1920 bytes
[    0.303304][    T0] mempolicy: Enabling automatic NUMA balancing. Configure with numa_balancing= or the kernel.numa_balancing sysctl
[    0.304362][    T0] ACPI: Core revision 20200110
[    0.305528][    T0] clocksource: hpet: mask: 0xffffffff max_cycles: 0xffffffff, max_idle_ns: 19112604467 ns
[    0.306977][    T0] APIC: Switch to symmetric I/O mode setup
[    0.307836][    T0] x2apic enabled
[    0.308438][    T0] Switched APIC routing to physical x2apic.
[    0.309104][    T0] KVM setup pv IPIs
[    0.310614][    T0] ..TIMER: vector=0x30 apic1=0 pin1=2 apic2=-1 pin2=-1
[    0.311404][    T0] clocksource: tsc-early: mask: 0xffffffffffffffff max_cycles: 0x2b3e43c8763, max_idle_ns: 440795360101 ns
[    0.312695][    T0] Calibrating delay loop (skipped) preset value.. 5999.99 BogoMIPS (lpj=29999980)
[    0.313723][    T0] pid_max: default: 32768 minimum: 301
[    0.314486][    T0] LSM: Security Framework initializing
[    0.315084][    T0] Yama: becoming mindful.
[    0.315591][    T0] TOMOYO Linux initialized
[    0.316232][    T0] AppArmor: AppArmor initialized
[    0.323416][    T0] Dentry cache hash table entries: 262144 (order: 9, 2097152 bytes, vmalloc)
[    0.324660][    T0] Inode-cache hash table entries: 131072 (order: 8, 1048576 bytes, vmalloc)
[    0.325621][    T0] Mount-cache hash table entries: 4096 (order: 3, 32768 bytes, vmalloc)
[    0.326481][    T0] Mountpoint-cache hash table entries: 4096 (order: 3, 32768 bytes, vmalloc)
[    0.327459][    T0] *** VALIDATE tmpfs ***
[    0.328957][    T0] *** VALIDATE proc ***
[    0.329888][    T0] *** VALIDATE cgroup1 ***
[    0.330342][    T0] *** VALIDATE cgroup2 ***
[    0.331008][    T0] x86/cpu: User Mode Instruction Prevention (UMIP) activated
[    0.331865][    T0] Last level iTLB entries: 4KB 0, 2MB 0, 4MB 0
[    0.332485][    T0] Last level dTLB entries: 4KB 0, 2MB 0, 4MB 0, 1GB 0
[    0.332741][    T0] Spectre V1 : Mitigation: usercopy/swapgs barriers and __user pointer sanitization
[    0.333645][    T0] Spectre V2 : Mitigation: Enhanced IBRS
[    0.334125][    T0] Spectre V2 : Spectre v2 / SpectreRSB mitigation: Filling RSB on context switch
[    0.334890][    T0] Spectre V2 : mitigation: Enabling conditional Indirect Branch Prediction Barrier
[    0.335635][    T0] Speculative Store Bypass: Mitigation: Speculative Store Bypass disabled via prctl
[    0.336359][    T0] TAA: Mitigation: Clear CPU buffers
[    0.337688][    T0] Freeing SMP alternatives memory: 100K
[    0.338816][    T1] smpboot: CPU0: Intel(R) Core(TM) i9-10980XE CPU @ 3.00GHz (family: 0x6, model: 0x55, stepping: 0x7)
[    0.402740][    T1] Performance Events: Skylake events, full-width counters, Intel PMU driver.
[    0.403476][    T1] ... version:                2
[    0.403846][    T1] ... bit width:              48
[    0.404224][    T1] ... generic registers:      4
[    0.404593][    T1] ... value mask:             0000ffffffffffff
[    0.405060][    T1] ... max period:             00007fffffffffff
[    0.405529][    T1] ... fixed-purpose events:   3
[    0.405897][    T1] ... event mask:             000000070000000f
[    0.422715][    T1] rcu: Hierarchical SRCU implementation.
[    0.472711][    T1] smp: Bringing up secondary CPUs ...
[    0.552872][    T1] x86: Booting SMP configuration:
[    0.553301][    T1] .... node  #1, CPUs:      #1
[    0.022597][    T0] kvm-clock: cpu 1, msr ec2f041, secondary cpu clock
[    0.554642][   T15] KVM setup async PF for cpu 1
[    0.554642][   T15] kvm-stealtime: cpu 1, msr 7ec21a80
[    0.554642][    T1] smp: Brought up 2 nodes, 2 CPUs
[    0.554642][    T1] smpboot: Max logical packages: 1
[    0.554642][    T1] smpboot: Total of 2 processors activated (11999.99 BogoMIPS)
[    0.557152][    T1] allocated 12582912 bytes of page_ext
[    0.557710][    T1] Node 0, zone      DMA: page owner found early allocated 0 pages
[    0.564502][    T1] Node 0, zone    DMA32: page owner found early allocated 2720 pages
[    0.565495][    T1] Node 1, zone    DMA32: page owner found early allocated 2608 pages
[    0.566911][    T1] devtmpfs: initialized
[    0.566911][    T1] x86/mm: Memory block size: 128MB
[    0.586590][    T1] clocksource: jiffies: mask: 0xffffffff max_cycles: 0xffffffff, max_idle_ns: 19112604462750000 ns
[    0.587582][    T1] futex hash table entries: 512 (order: 4, 65536 bytes, vmalloc)
[    0.588711][    T1] xor: automatically using best checksumming function   avx       
[    0.589846][   T24] kworker/u5:0 (24) used greatest stack depth: 27480 bytes left
[    0.593354][    T1] PM: RTC time: 02:23:54, date: 2023-12-03
[    0.593837][    T1] thermal_sys: Registered thermal governor 'step_wise'
[    0.593839][    T1] thermal_sys: Registered thermal governor 'user_space'
[    0.595621][    T1] NET: Registered protocol family 16
[    0.600193][    T1] audit: initializing netlink subsys (disabled)
[    0.601085][   T28] kworker/u5:1 (28) used greatest stack depth: 27064 bytes left
[    0.602490][   T34] audit: type=2000 audit(1701570234.677:1): state=initialized audit_enabled=0 res=1
[    0.605763][    T1] cpuidle: using governor menu
[    0.609022][    T1] KVM setup pv remote TLB flush
[    0.609429][    T1] ACPI: bus type PCI registered
[    0.613328][    T1] dca service started, version 1.12.1
[    0.614056][    T1] PCI: Using configuration type 1 for base access
[    0.644465][   T75] kworker/u5:1 (75) used greatest stack depth: 26968 bytes left
[    0.984143][    T1] HugeTLB registered 1.00 GiB page size, pre-allocated 0 pages
[    0.984747][    T1] HugeTLB registered 2.00 MiB page size, pre-allocated 0 pages
[    0.996503][    T1] cryptd: max_cpu_qlen set to 1000
[    1.025582][    T1] raid6: skip pq benchmark and using algorithm avx512x4
[    1.026148][    T1] raid6: using avx512x2 recovery algorithm
[    1.027026][    T1] ACPI: Added _OSI(Module Device)
[    1.027422][    T1] ACPI: Added _OSI(Processor Device)
[    1.027835][    T1] ACPI: Added _OSI(3.0 _SCP Extensions)
[    1.028263][    T1] ACPI: Added _OSI(Processor Aggregator Device)
[    1.028757][    T1] ACPI: Added _OSI(Linux-Dell-Video)
[    1.033219][    T1] ACPI: Added _OSI(Linux-Lenovo-NV-HDMI-Audio)
[    1.033735][    T1] ACPI: Added _OSI(Linux-HPI-Hybrid-Graphics)
[    1.054080][    T1] ACPI: 1 ACPI AML tables successfully acquired and loaded
[    1.085778][    T1] ACPI: Interpreter enabled
[    1.086289][    T1] ACPI: (supports S0 S3 S4 S5)
[    1.086670][    T1] ACPI: Using IOAPIC for interrupt routing
[    1.087341][    T1] PCI: Using host bridge windows from ACPI; if necessary, use "pci=nocrs" and report a bug
[    1.089730][    T1] ACPI: Enabled 2 GPEs in block 00 to 0F
[    1.147309][    T1] ACPI: PCI Root Bridge [PCI0] (domain 0000 [bus 00-ff])
[    1.147912][    T1] acpi PNP0A03:00: _OSC: OS supports [ASPM ClockPM Segments MSI HPX-Type3]
[    1.148808][    T1] acpi PNP0A03:00: fail to add MMCONFIG information, can't access extended PCI configuration space under this bridge.
[    1.150728][    T1] PCI host bridge to bus 0000:00
[    1.151156][    T1] pci_bus 0000:00: Unknown NUMA node; performance will be reduced
[    1.151827][    T1] pci_bus 0000:00: root bus resource [io  0x0000-0x0cf7 window]
[    1.152437][    T1] pci_bus 0000:00: root bus resource [io  0x0d00-0xffff window]
[    1.153345][    T1] pci_bus 0000:00: root bus resource [mem 0x000a0000-0x000bffff window]
[    1.153998][    T1] pci_bus 0000:00: root bus resource [mem 0x80000000-0xfebfffff window]
[    1.154646][    T1] pci_bus 0000:00: root bus resource [mem 0x100000000-0x17fffffff window]
[    1.155301][    T1] pci_bus 0000:00: root bus resource [bus 00-ff]
[    1.155952][    T1] pci 0000:00:00.0: [8086:1237] type 00 class 0x060000
[    1.162699][    T1] pci 0000:00:01.0: [8086:7000] type 00 class 0x060100
[    1.164095][    T1] pci 0000:00:01.1: [8086:7010] type 00 class 0x010180
[    1.166227][    T1] pci 0000:00:01.1: reg 0x20: [io  0xc040-0xc04f]
[    1.167368][    T1] pci 0000:00:01.1: legacy IDE quirk: reg 0x10: [io  0x01f0-0x01f7]
[    1.168044][    T1] pci 0000:00:01.1: legacy IDE quirk: reg 0x14: [io  0x03f6]
[    1.168673][    T1] pci 0000:00:01.1: legacy IDE quirk: reg 0x18: [io  0x0170-0x0177]
[    1.169280][    T1] pci 0000:00:01.1: legacy IDE quirk: reg 0x1c: [io  0x0376]
[    1.172699][    T1] pci 0000:00:01.3: [8086:7113] type 00 class 0x068000
[    1.173584][    T1] pci 0000:00:01.3: quirk: [io  0x0600-0x063f] claimed by PIIX4 ACPI
[    1.174209][    T1] pci 0000:00:01.3: quirk: [io  0x0700-0x070f] claimed by PIIX4 SMB
[    1.176576][    T1] pci 0000:00:02.0: [1234:1111] type 00 class 0x030000
[    1.178545][    T1] pci 0000:00:02.0: reg 0x10: [mem 0xfd000000-0xfdffffff pref]
[    1.180319][    T1] pci 0000:00:02.0: reg 0x18: [mem 0xfebf0000-0xfebf0fff]
[    1.183861][    T1] pci 0000:00:02.0: reg 0x30: [mem 0xfebe0000-0xfebeffff pref]
[    1.188166][    T1] pci 0000:00:03.0: [8086:100e] type 00 class 0x020000
[    1.189170][    T1] pci 0000:00:03.0: reg 0x10: [mem 0xfebc0000-0xfebdffff]
[    1.190105][    T1] pci 0000:00:03.0: reg 0x14: [io  0xc000-0xc03f]
[    1.195191][    T1] pci 0000:00:03.0: reg 0x30: [mem 0xfeb80000-0xfebbffff pref]
[    1.204653][    T1] ACPI: PCI Interrupt Link [LNKA] (IRQs 5 *10 11)
[    1.206308][    T1] ACPI: PCI Interrupt Link [LNKB] (IRQs 5 *10 11)
[    1.207879][    T1] ACPI: PCI Interrupt Link [LNKC] (IRQs 5 10 *11)
[    1.209976][    T1] ACPI: PCI Interrupt Link [LNKD] (IRQs 5 10 *11)
[    1.211100][    T1] ACPI: PCI Interrupt Link [LNKS] (IRQs *9)
[    1.217442][    T1] iommu: Default domain type: Translated 
[    1.218742][    T1] pci 0000:00:02.0: vgaarb: setting as boot VGA device
[    1.219290][    T1] pci 0000:00:02.0: vgaarb: VGA device added: decodes=io+mem,owns=io+mem,locks=none
[    1.220003][    T1] pci 0000:00:02.0: vgaarb: bridge control possible
[    1.220511][    T1] vgaarb: loaded
[    1.224088][    T1] SCSI subsystem initialized
[    1.226588][    T1] ACPI: bus type USB registered
[    1.227358][    T1] usbcore: registered new interface driver usbfs
[    1.228070][    T1] usbcore: registered new interface driver hub
[    1.228730][    T1] usbcore: registered new device driver usb
[    1.230958][    T1] mc: Linux media interface: v0.10
[    1.234675][    T1] videodev: Linux video capture interface: v2.00
[    1.235818][    T1] pps_core: LinuxPPS API ver. 1 registered
[    1.236279][    T1] pps_core: Software ver. 5.3.6 - Copyright 2005-2007 Rodolfo Giometti <giometti@linux.it>
[    1.237168][    T1] PTP clock support registered
[    1.238139][    T1] EDAC MC: Ver: 3.0.0
[    1.241236][    T1] Advanced Linux Sound Architecture Driver Initialized.
[    1.242213][    T1] PCI: Using ACPI for IRQ routing
[    1.245941][    T1] Bluetooth: Core ver 2.22
[    1.245941][    T1] NET: Registered protocol family 31
[    1.245941][    T1] Bluetooth: HCI device and connection manager initialized
[    1.245941][    T1] Bluetooth: HCI socket layer initialized
[    1.245971][    T1] Bluetooth: L2CAP socket layer initialized
[    1.246476][    T1] Bluetooth: SCO socket layer initialized
[    1.246944][    T1] NET: Registered protocol family 8
[    1.247353][    T1] NET: Registered protocol family 20
[    1.247995][    T1] NetLabel: Initializing
[    1.248328][    T1] NetLabel:  domain hash size = 128
[    1.248723][    T1] NetLabel:  protocols = UNLABELED CIPSOv4 CALIPSO
[    1.249407][    T1] NetLabel:  unlabeled traffic allowed by default
[    1.252721][    T1] nfc: nfc_init: NFC Core ver 0.1
[    1.252721][    T1] NET: Registered protocol family 39
[    1.255421][    T1] hpet0: at MMIO 0xfed00000, IRQs 2, 8, 0
[    1.255869][    T1] hpet0: 3 comparators, 64-bit 100.000000 MHz counter
[    1.261149][    T1] clocksource: Switched to clocksource kvm-clock
[    2.665126][    T1] *** VALIDATE bpf ***
[    2.666292][    T1] VFS: Disk quotas dquot_6.6.0
[    2.666746][    T1] VFS: Dquot-cache hash table entries: 512 (order 0, 4096 bytes)
[    2.667734][    T1] FS-Cache: Loaded
[    2.668059][    T1] *** VALIDATE ramfs ***
[    2.668433][    T1] *** VALIDATE hugetlbfs ***
[    2.669385][    T1] CacheFiles: Loaded
[    2.669882][    T1] TOMOYO: 2.6.0
[    2.670162][    T1] Mandatory Access Control activated.
[    2.671491][    T1] AppArmor: AppArmor Filesystem Enabled
[    2.672181][    T1] pnp: PnP ACPI init
[    2.677635][    T1] pnp: PnP ACPI: found 6 devices
[    2.714723][    T1] clocksource: acpi_pm: mask: 0xffffff max_cycles: 0xffffff, max_idle_ns: 2085701024 ns
[    2.716112][    T1] pci_bus 0000:00: resource 4 [io  0x0000-0x0cf7 window]
[    2.716667][    T1] pci_bus 0000:00: resource 5 [io  0x0d00-0xffff window]
[    2.717211][    T1] pci_bus 0000:00: resource 6 [mem 0x000a0000-0x000bffff window]
[    2.717805][    T1] pci_bus 0000:00: resource 7 [mem 0x80000000-0xfebfffff window]
[    2.718399][    T1] pci_bus 0000:00: resource 8 [mem 0x100000000-0x17fffffff window]
[    2.719548][    T1] NET: Registered protocol family 2
[    2.721431][    T1] tcp_listen_portaddr_hash hash table entries: 1024 (order: 4, 73728 bytes, vmalloc)
[    2.722323][    T1] TCP established hash table entries: 16384 (order: 5, 131072 bytes, vmalloc)
[    2.723888][    T1] TCP bind hash table entries: 16384 (order: 8, 1048576 bytes, vmalloc)
[    2.725163][    T1] TCP: Hash tables configured (established 16384 bind 16384)
[    2.726356][    T1] UDP hash table entries: 1024 (order: 5, 163840 bytes, vmalloc)
[    2.727239][    T1] UDP-Lite hash table entries: 1024 (order: 5, 163840 bytes, vmalloc)
[    2.728289][    T1] NET: Registered protocol family 1
[    2.729586][    T1] RPC: Registered named UNIX socket transport module.
[    2.730129][    T1] RPC: Registered udp transport module.
[    2.730553][    T1] RPC: Registered tcp transport module.
[    2.730982][    T1] RPC: Registered tcp NFSv4.1 backchannel transport module.
[    2.732340][    T1] NET: Registered protocol family 44
[    2.732970][    T1] pci 0000:00:01.0: PIIX3: Enabling Passive Release
[    2.733490][    T1] pci 0000:00:00.0: Limiting direct PCI/PCI transfers
[    2.734026][    T1] pci 0000:00:01.0: Activating ISA DMA hang workarounds
[    2.734623][    T1] pci 0000:00:02.0: Video device with shadowed ROM at [mem 0x000c0000-0x000dffff]
[    2.735345][    T1] PCI: CLS 0 bytes, default 64
[    2.741546][    T1] RAPL PMU: API unit is 2^-32 Joules, 0 fixed counters, 10737418240 ms ovfl timer
[    2.742325][    T1] kvm: no hardware support
[    2.742820][    T1] has_svm: not amd or hygon
[    2.743203][    T1] kvm: no hardware support
[    2.743582][    T1] clocksource: tsc: mask: 0xffffffffffffffff max_cycles: 0x2b3e43c8763, max_idle_ns: 440795360101 ns
[    2.792274][    T1] Initialise system trusted keyrings
[    2.794875][    T1] workingset: timestamp_bits=40 max_order=19 bucket_order=0
[    2.870378][    T1] DLM installed
[    2.876520][    T1] squashfs: version 4.0 (2009/01/31) Phillip Lougher
[    2.887430][    T1] FS-Cache: Netfs 'nfs' registered for caching
[    2.890914][    T1] NFS: Registering the id_resolver key type
[    2.891416][    T1] Key type id_resolver registered
[    2.891816][    T1] Key type id_legacy registered
[    2.892208][    T1] nfs4filelayout_init: NFSv4 File Layout Driver Registering...
[    2.894160][    T1] Installing knfsd (copyright (C) 1996 okir@monad.swb.de).
[    2.900907][    T1] FS-Cache: Netfs 'cifs' registered for caching
[    2.903303][    T1] Key type cifs.spnego registered
[    2.903760][    T1] Key type cifs.idmap registered
[    2.904486][    T1] ntfs: driver 2.1.32 [Flags: R/W].
[    2.906691][    T1] efs: 1.0a - http://aeschi.ch.eu.org/efs/
[    2.907485][    T1] jffs2: version 2.2. (NAND) (SUMMARY)  Â© 2001-2006 Red Hat, Inc.
[    2.913658][    T1] *** VALIDATE jffs2 ***
[    2.914333][    T1] romfs: ROMFS MTD (C) 2007 Red Hat, Inc.
[    2.915317][    T1] QNX4 filesystem 0.2.3 registered.
[    2.916005][    T1] qnx6: QNX6 filesystem 1.0.0 registered.
[    2.916987][    T1] fuse: init (API version 7.31)
[    2.917673][    T1] *** VALIDATE fuse ***
[    2.917999][    T1] *** VALIDATE fuse ***
[    2.922068][    T1] orangefs_debugfs_init: called with debug mask: :none: :0:
[    2.924823][    T1] orangefs_init: module version upstream loaded
[    2.926280][    T1] JFS: nTxBlock = 8192, nTxLock = 65536
[    2.935089][    T1] SGI XFS with ACLs, security attributes, realtime, quota, no debug enabled
[    2.944166][    T1] *** VALIDATE xfs ***
[    2.944526][    T1] 9p: Installing v9fs 9p2000 file system support
[    2.945398][    T1] FS-Cache: Netfs '9p' registered for caching
[    2.948332][    T1] NILFS version 2 loaded
[    2.948670][    T1] befs: version: 0.9.3
[    2.950427][    T1] ocfs2: Registered cluster interface o2cb
[    2.951185][    T1] ocfs2: Registered cluster interface user
[    2.954336][    T1] OCFS2 User DLM kernel interface loaded
[    2.961616][    T1] *** VALIDATE gfs2 ***
[    2.963731][    T1] gfs2: GFS2 installed
[    2.973352][    T1] FS-Cache: Netfs 'ceph' registered for caching
[    2.974035][    T1] ceph: loaded (mds proto 32)
[    2.980392][    T1] NET: Registered protocol family 38
[    2.981401][    T1] async_tx: api initialized (async)
[    2.981969][    T1] Key type asymmetric registered
[    2.982519][    T1] Asymmetric key parser 'x509' registered
[    2.983679][    T1] Asymmetric key parser 'pkcs8' registered
[    2.984295][    T1] Key type pkcs7_test registered
[    2.985138][    T1] Block layer SCSI generic (bsg) driver version 0.4 loaded (major 241)
[    2.986302][    T1] io scheduler mq-deadline registered
[    2.986875][    T1] io scheduler kyber registered
[    2.988031][    T1] io scheduler bfq registered
[    2.994238][    T1] vga16fb: mapped to 0x000000007f17a758
[    3.454619][    T1] Console: switching to colour frame buffer device 80x30
[    3.714038][    T1] fb0: VGA16 VGA frame buffer device
[    3.715496][    T1] input: Power Button as /devices/LNXSYSTM:00/LNXPWRBN:00/input/input0
[    3.723231][    T1] ACPI: Power Button [PWRF]
[    3.728380][    T1] ioatdma: Intel(R) QuickData Technology Driver 5.00
[    3.908888][    T1] HDLC line discipline maxframe=4096
[    3.909361][    T1] N_HDLC line discipline registered.
[    3.909801][    T1] Serial: 8250/16550 driver, 4 ports, IRQ sharing enabled
[    3.910769][    T1] 00:04: ttyS0 at I/O 0x3f8 (irq = 4, base_baud = 115200) is a 16550A
[    3.919849][    T1] Initializing Nozomi driver 2.1d
[    3.922992][    T1] Non-volatile memory driver v1.3
[    3.927333][    T1] Linux agpgart interface v0.103
[    3.939221][    T1] [drm] Initialized vgem 1.0.0 20120112 for vgem on minor 0
[    3.940205][    T1] [drm] Supports vblank timestamp caching Rev 2 (21.10.2013).
[    3.940836][    T1] [drm] Driver supports precise vblank timestamp query.
[    3.946723][    T1] [drm] Initialized vkms 1.0.0 20180514 for vkms on minor 1
[    3.947666][    T1] usbcore: registered new interface driver udl
[    3.948280][    T1] fb0: switching to bochsdrmfb from VGA16 VGA
[    4.106306][    T1] Console: switching to colour VGA+ 80x25
[    4.109969][    T1] bochs-drm 0000:00:02.0: vgaarb: deactivate vga console
[    4.116829][    T1] Console: switching to colour dummy device 80x25
[    4.120563][    T1] [drm] Found bochs VGA, ID 0xb0c5.
[    4.121038][    T1] [drm] Framebuffer size 16384 kB @ 0xfd000000, mmio @ 0xfebf0000.
[    4.122976][    T1] [TTM] Zone  kernel: Available graphics memory: 760988 KiB
[    4.123649][    T1] [TTM] Initializing pool allocator
[    4.124153][    T1] [TTM] Initializing DMA pool allocator
[    4.125923][    T1] [drm] Found EDID data blob.
[    4.127800][    T1] [drm] Initialized bochs-drm 1.0.0 20130925 for 0000:00:02.0 on minor 2
[    4.135281][    T1] fbcon: bochs-drmdrmfb (fb0) is primary device
[    4.157778][    T1] Console: switching to colour frame buffer device 160x50
[    4.173578][    T1] bochs-drm 0000:00:02.0: fb0: bochs-drmdrmfb frame buffer device
[    4.201841][    T1] brd: module loaded
[    4.240750][    T1] loop: module loaded
[    4.299166][    T1] zram: Added device: zram0
[    4.303622][    T1] null_blk: module loaded
[    4.304392][    T1] Guest personality initialized and is inactive
[    4.305618][    T1] VMCI host device registered (name=vmci, major=10, minor=56)
[    4.306425][    T1] Initialized host personality
[    4.307238][    T1] usbcore: registered new interface driver rtsx_usb
[    4.308481][    T1] usbcore: registered new interface driver viperboard
[    4.309711][    T1] usbcore: registered new interface driver dln2
[    4.310637][    T1] usbcore: registered new interface driver pn533_usb
[    4.314051][    T1] nfcsim 0.2 initialized
[    4.314620][    T1] usbcore: registered new interface driver port100
[    4.315353][    T1] usbcore: registered new interface driver nfcmrvl
[    4.318288][    T1] Loading iSCSI transport class v2.0-870.
[    4.323030][    T1] st: Version 20160209, fixed bufsize 32768, s/g segs 256
[    4.349215][    T1] scsi host0: ata_piix
[    4.351137][    T1] scsi host1: ata_piix
[    4.352016][    T1] ata1: PATA max MWDMA2 cmd 0x1f0 ctl 0x3f6 bmdma 0xc040 irq 14
[    4.352615][    T1] ata2: PATA max MWDMA2 cmd 0x170 ctl 0x376 bmdma 0xc048 irq 15
[    4.358883][    T1] Rounding down aligned max_sectors from 4294967295 to 4294967288
[    4.360096][    T1] db_root: cannot open: /etc/target
[    4.360872][    T1] slram: not enough parameters.
[    4.373239][    T1] ftl_cs: FTL header not found.
[    4.385256][    T1] Ethernet Channel Bonding Driver: v3.7.1 (April 27, 2011)
[    4.396009][    T1] wireguard: WireGuard 1.0.0 loaded. See www.wireguard.com for information.
[    4.396823][    T1] wireguard: Copyright (C) 2015-2019 Jason A. Donenfeld <Jason@zx2c4.com>. All Rights Reserved.
[    4.397725][    T1] eql: Equalizer2002: Simon Janes (simon@ncm.com) and David S. Miller (davem@redhat.com)
[    4.406637][    T1] MACsec IEEE 802.1AE
[    4.408398][    T1] libphy: Fixed MDIO Bus: probed
[    4.411573][    T1] tun: Universal TUN/TAP device driver, 1.6
[    4.413389][    T1] vcan: Virtual CAN interface driver
[    4.413811][    T1] vxcan: Virtual CAN Tunnel driver
[    4.414207][    T1] slcan: serial line CAN interface driver
[    4.414648][    T1] slcan: 10 dynamic interface channels.
[    4.415080][    T1] CAN device driver interface
[    4.419160][    T1] usbcore: registered new interface driver usb_8dev
[    4.419967][    T1] usbcore: registered new interface driver ems_usb
[    4.420910][    T1] usbcore: registered new interface driver gs_usb
[    4.421744][    T1] usbcore: registered new interface driver kvaser_usb
[    4.422508][    T1] usbcore: registered new interface driver mcba_usb
[    4.423320][    T1] usbcore: registered new interface driver peak_usb
[    4.424248][    T1] e100: Intel(R) PRO/100 Network Driver, 3.5.24-k2-NAPI
[    4.424865][    T1] e100: Copyright(c) 1999-2006 Intel Corporation
[    4.425595][    T1] e1000: Intel(R) PRO/1000 Network Driver - version 7.3.21-k8-NAPI
[    4.426257][    T1] e1000: Copyright (c) 1999-2006 Intel Corporation.
[    4.523610][ T3475] ata1.00: ATA-7: QEMU HARDDISK, 2.5+, max UDMA/100
[    4.524184][ T3475] ata1.00: 2097458 sectors, multi 16: LBA48 
[    4.526192][  T130] scsi 0:0:0:0: Direct-Access     ATA      QEMU HARDDISK    2.5+ PQ: 0 ANSI: 5
[    4.529085][   T23] sd 0:0:0:0: [sda] 2097458 512-byte logical blocks: (1.07 GB/1.00 GiB)
[    4.529830][   T23] sd 0:0:0:0: [sda] Write Protect is off
[    4.530437][   T23] sd 0:0:0:0: [sda] Write cache: enabled, read cache: enabled, doesn't support DPO or FUA
[    4.532128][  T130] sd 0:0:0:0: Attached scsi generic sg0 type 0
[    4.533318][ T3489] ata2.00: ATAPI: QEMU DVD-ROM, 2.5+, max UDMA/100
[    4.535351][    T7] scsi 1:0:0:0: CD-ROM            QEMU     QEMU DVD-ROM     2.5+ PQ: 0 ANSI: 5
[    4.549867][   T23]  sda: sda1
[    4.553042][   T23] sd 0:0:0:0: [sda] Attached SCSI disk
[    4.613596][    T7] sr 1:0:0:0: [sr0] scsi3-mmc drive: 4x/4x cd/rw xa/form2 tray
[    4.614278][    T7] cdrom: Uniform CD-ROM driver Revision: 3.20
[    4.618521][    T7] sr 1:0:0:0: Attached scsi generic sg1 type 5
[    5.509929][    T1] PCI Interrupt Link [LNKC] enabled at IRQ 11
[    5.874733][    T1] e1000 0000:00:03.0 eth0: (PCI:33MHz:32-bit) 52:54:00:12:34:56
[    5.875472][    T1] e1000 0000:00:03.0 eth0: Intel(R) PRO/1000 Network Connection
[    5.876580][    T1] e1000e: Intel(R) PRO/1000 Network Driver - 3.2.6-k
[    5.877179][    T1] e1000e: Copyright(c) 1999 - 2015 Intel Corporation.
[    5.878485][    T1] mkiss: AX.25 Multikiss, Hans Albas PE1AYX
[    5.879036][    T1] AX.25: 6pack driver, Revision: 0.3.0
[    5.879559][    T1] AX.25: bpqether driver version 004
[    5.880043][    T1] PPP generic driver version 2.4.2
[    5.881628][    T1] PPP BSD Compression module registered
[    5.882171][    T1] PPP Deflate Compression module registered
[    5.882763][    T1] PPP MPPE Compression module registered
[    5.883301][    T1] NET: Registered protocol family 24
[    5.883826][    T1] PPTP driver version 0.8.5
[    5.884675][    T1] SLIP: version 0.8.4-NET3.019-NEWTTY (dynamic channels, max=256) (6 bit encapsulation enabled).
[    5.885600][    T1] CSLIP: code copyright 1989 Regents of the University of California.
[    5.886357][    T1] SLIP linefill/keepalive option.
[    5.886946][    T1] hdlc: HDLC support module revision 1.22
[    5.887565][    T1] LAPB Ethernet driver version 0.02
[    5.888731][    T1] usbcore: registered new interface driver ath9k_htc
[    5.889628][    T1] usbcore: registered new interface driver carl9170
[    5.890350][    T1] usbcore: registered new interface driver ath6kl_usb
[    5.891122][    T1] usbcore: registered new interface driver ar5523
[    5.892196][    T1] usbcore: registered new interface driver ath10k_usb
[    5.893277][    T1] mac80211_hwsim: initializing netlink
[    5.905532][    T1] usbcore: registered new interface driver atusb
[    5.911564][    T1] mac802154_hwsim mac802154_hwsim: Added 2 mac802154 hwsim hardware radios
[    5.912678][    T1] VMware vmxnet3 virtual NIC driver - version 1.4.17.0-k-NAPI
[    5.913824][    T1] usbcore: registered new interface driver catc
[    5.914503][    T1] usbcore: registered new interface driver kaweth
[    5.915001][    T1] pegasus: v0.9.3 (2013/04/25), Pegasus/Pegasus II USB Ethernet driver
[    5.915795][    T1] usbcore: registered new interface driver pegasus
[    5.916461][    T1] usbcore: registered new interface driver rtl8150
[    5.917307][    T1] usbcore: registered new interface driver r8152
[    5.917797][    T1] hso: drivers/net/usb/hso.c: Option Wireless
[    5.919921][    T1] usbcore: registered new interface driver hso
[    5.920614][    T1] usbcore: registered new interface driver lan78xx
[    5.921356][    T1] usbcore: registered new interface driver asix
[    5.922066][    T1] usbcore: registered new interface driver ax88179_178a
[    5.922867][    T1] usbcore: registered new interface driver cdc_ether
[    5.923615][    T1] usbcore: registered new interface driver cdc_eem
[    5.924332][    T1] usbcore: registered new interface driver dm9601
[    5.925069][    T1] usbcore: registered new interface driver sr9700
[    5.925800][    T1] usbcore: registered new interface driver CoreChips
[    5.926551][    T1] usbcore: registered new interface driver smsc75xx
[    5.927549][    T1] usbcore: registered new interface driver smsc95xx
[    5.929416][    T1] usbcore: registered new interface driver gl620a
[    5.930213][    T1] usbcore: registered new interface driver net1080
[    5.930887][    T1] usbcore: registered new interface driver plusb
[    5.931528][    T1] usbcore: registered new interface driver rndis_host
[    5.932197][    T1] usbcore: registered new interface driver cdc_subset
[    5.933316][    T1] usbcore: registered new interface driver zaurus
[    5.934028][    T1] usbcore: registered new interface driver MOSCHIP usb-ethernet driver
[    5.934887][    T1] usbcore: registered new interface driver int51x1
[    5.935548][    T1] usbcore: registered new interface driver cdc_phonet
[    5.936228][    T1] usbcore: registered new interface driver kalmia
[    5.936869][    T1] usbcore: registered new interface driver ipheth
[    5.938950][    T1] usbcore: registered new interface driver sierra_net
[    5.939603][    T1] usbcore: registered new interface driver cx82310_eth
[    5.940271][    T1] usbcore: registered new interface driver cdc_ncm
[    5.940965][    T1] usbcore: registered new interface driver huawei_cdc_ncm
[    5.941728][    T1] usbcore: registered new interface driver lg-vl600
[    5.942818][    T1] usbcore: registered new interface driver qmi_wwan
[    5.943614][    T1] usbcore: registered new interface driver cdc_mbim
[    5.944384][    T1] usbcore: registered new interface driver ch9200
[    5.947605][    T1] VFIO - User Level meta-driver version: 0.3
[    5.951475][    T1] aoe: AoE v85 initialised.
[    5.954943][    T1] ehci_hcd: USB 2.0 'Enhanced' Host Controller (EHCI) Driver
[    5.955531][    T1] ehci-pci: EHCI PCI platform driver
[    5.959887][    T1] ehci-platform: EHCI generic platform driver
[    5.960747][    T1] ohci_hcd: USB 1.1 'Open' Host Controller (OHCI) Driver
[    5.961308][    T1] ohci-pci: OHCI PCI platform driver
[    5.961890][    T1] ohci-platform: OHCI generic platform driver
[    5.962552][    T1] uhci_hcd: USB Universal Host Controller Interface driver
[    5.966055][    T1] usbcore: registered new interface driver cdc_acm
[    5.966631][    T1] cdc_acm: USB Abstract Control Model driver for USB modems and ISDN adapters
[    5.967696][    T1] usbcore: registered new interface driver usblp
[    5.968636][    T1] usbcore: registered new interface driver cdc_wdm
[    5.969573][    T1] usbcore: registered new interface driver usbtmc
[    5.972225][    T1] usbcore: registered new interface driver uas
[    5.974317][    T1] usbcore: registered new interface driver usb-storage
[    5.975039][    T1] usbcore: registered new interface driver ums-alauda
[    5.975774][    T1] usbcore: registered new interface driver ums-cypress
[    5.976523][    T1] usbcore: registered new interface driver ums-datafab
[    5.977264][    T1] usbcore: registered new interface driver ums_eneub6250
[    5.978016][    T1] usbcore: registered new interface driver ums-freecom
[    5.978762][    T1] usbcore: registered new interface driver ums-isd200
[    5.979491][    T1] usbcore: registered new interface driver ums-jumpshot
[    5.980235][    T1] usbcore: registered new interface driver ums-karma
[    5.981151][    T1] usbcore: registered new interface driver ums-onetouch
[    5.983000][    T1] usbcore: registered new interface driver ums-realtek
[    5.983730][    T1] usbcore: registered new interface driver ums-sddr09
[    5.984432][    T1] usbcore: registered new interface driver ums-sddr55
[    5.985113][    T1] usbcore: registered new interface driver ums-usbat
[    5.985832][    T1] usbcore: registered new interface driver mdc800
[    5.986329][    T1] mdc800: v0.7.5 (30/10/2000):USB Driver for Mustek MDC800 Digital Camera
[    5.987191][    T1] usbcore: registered new interface driver microtekX6
[    5.988370][    T1] usbcore: registered new interface driver usbserial_generic
[    5.989326][    T1] usbserial: USB Serial support registered for generic
[    5.990214][    T1] usbcore: registered new interface driver aircable
[    5.991110][    T1] usbserial: USB Serial support registered for aircable
[    5.991775][    T1] usbcore: registered new interface driver ark3116
[    5.992465][    T1] usbserial: USB Serial support registered for ark3116
[    5.993834][    T1] usbcore: registered new interface driver belkin_sa
[    5.994630][    T1] usbserial: USB Serial support registered for Belkin / Peracom / GoHubs USB Serial Adapter
[    5.996076][    T1] usbcore: registered new interface driver ch341
[    5.996828][    T1] usbserial: USB Serial support registered for ch341-uart
[    5.997801][    T1] usbcore: registered new interface driver cp210x
[    5.998468][    T1] usbserial: USB Serial support registered for cp210x
[    5.999265][    T1] usbcore: registered new interface driver cyberjack
[    6.000043][    T1] usbserial: USB Serial support registered for Reiner SCT Cyberjack USB card reader
[    6.000957][    T1] usbcore: registered new interface driver cypress_m8
[    6.001951][    T1] usbserial: USB Serial support registered for DeLorme Earthmate USB
[    6.003177][    T1] usbserial: USB Serial support registered for HID->COM RS232 Adapter
[    6.004107][    T1] usbserial: USB Serial support registered for Nokia CA-42 V2 Adapter
[    6.004853][    T1] usbcore: registered new interface driver usb_debug
[    6.005571][    T1] usbserial: USB Serial support registered for debug
[    6.006264][    T1] usbserial: USB Serial support registered for xhci_dbc
[    6.006918][    T1] usbcore: registered new interface driver digi_acceleport
[    6.007698][    T1] usbserial: USB Serial support registered for Digi 2 port USB adapter
[    6.008515][    T1] usbserial: USB Serial support registered for Digi 4 port USB adapter
[    6.009359][    T1] usbcore: registered new interface driver io_edgeport
[    6.010277][    T1] usbserial: USB Serial support registered for Edgeport 2 port adapter
[    6.011101][    T1] usbserial: USB Serial support registered for Edgeport 4 port adapter
[    6.011953][    T1] usbserial: USB Serial support registered for Edgeport 8 port adapter
[    6.012754][    T1] usbserial: USB Serial support registered for EPiC device
[    6.013610][    T1] usbcore: registered new interface driver io_ti
[    6.014323][    T1] usbserial: USB Serial support registered for Edgeport TI 1 port adapter
[    6.015196][    T1] usbserial: USB Serial support registered for Edgeport TI 2 port adapter
[    6.016094][    T1] usbcore: registered new interface driver empeg
[    6.016763][    T1] usbserial: USB Serial support registered for empeg
[    6.017537][    T1] usbcore: registered new interface driver f81232
[    6.018248][    T1] usbserial: USB Serial support registered for f81232
[    6.019048][    T1] usbcore: registered new interface driver f81534
[    6.019769][    T1] usbserial: USB Serial support registered for Fintek F81532/F81534
[    6.020933][    T1] usbcore: registered new interface driver ftdi_sio
[    6.021830][    T1] usbserial: USB Serial support registered for FTDI USB Serial Device
[    6.023452][    T1] usbcore: registered new interface driver garmin_gps
[    6.024224][    T1] usbserial: USB Serial support registered for Garmin GPS usb/tty
[    6.025173][    T1] usbcore: registered new interface driver ipaq
[    6.026050][    T1] usbserial: USB Serial support registered for PocketPC PDA
[    6.026888][    T1] usbcore: registered new interface driver ipw
[    6.027571][    T1] usbserial: USB Serial support registered for IPWireless converter
[    6.028429][    T1] usbcore: registered new interface driver ir_usb
[    6.029177][    T1] usbserial: USB Serial support registered for IR Dongle
[    6.029932][    T1] usbcore: registered new interface driver iuu_phoenix
[    6.030659][    T1] usbserial: USB Serial support registered for iuu_phoenix
[    6.031762][    T1] usbcore: registered new interface driver keyspan
[    6.032658][    T1] usbserial: USB Serial support registered for Keyspan - (without firmware)
[    6.034464][    T1] usbserial: USB Serial support registered for Keyspan 1 port adapter
[    6.035196][    T1] usbserial: USB Serial support registered for Keyspan 2 port adapter
[    6.035963][    T1] usbserial: USB Serial support registered for Keyspan 4 port adapter
[    6.036736][    T1] usbcore: registered new interface driver keyspan_pda
[    6.037394][    T1] usbserial: USB Serial support registered for Keyspan PDA
[    6.038078][    T1] usbserial: USB Serial support registered for Keyspan PDA - (prerenumeration)
[    6.038912][    T1] usbcore: registered new interface driver kl5kusb105
[    6.039559][    T1] usbserial: USB Serial support registered for KL5KUSB105D / PalmConnect
[    6.040360][    T1] usbcore: registered new interface driver kobil_sct
[    6.041181][    T1] usbserial: USB Serial support registered for KOBIL USB smart card terminal
[    6.042864][    T1] usbcore: registered new interface driver mct_u232
[    6.043523][    T1] usbserial: USB Serial support registered for MCT U232
[    6.044175][    T1] usbcore: registered new interface driver metro_usb
[    6.044827][    T1] usbserial: USB Serial support registered for Metrologic USB to Serial
[    6.045624][    T1] usbcore: registered new interface driver mos7720
[    6.046259][    T1] usbserial: USB Serial support registered for Moschip 2 port adapter
[    6.047043][    T1] usbcore: registered new interface driver mos7840
[    6.047672][    T1] usbserial: USB Serial support registered for Moschip 7840/7820 USB Serial Driver
[    6.048532][    T1] usbcore: registered new interface driver mxuport
[    6.049171][    T1] usbserial: USB Serial support registered for MOXA UPort
[    6.049871][    T1] usbcore: registered new interface driver navman
[    6.051705][    T1] usbserial: USB Serial support registered for navman
[    6.052373][    T1] usbcore: registered new interface driver omninet
[    6.054036][    T1] usbserial: USB Serial support registered for ZyXEL - omni.net lcd plus usb
[    6.054868][    T1] usbcore: registered new interface driver opticon
[    6.055811][    T1] usbserial: USB Serial support registered for opticon
[    6.056648][    T1] usbcore: registered new interface driver option
[    6.057356][    T1] usbserial: USB Serial support registered for GSM modem (1-port)
[    6.058216][    T1] usbcore: registered new interface driver oti6858
[    6.058913][    T1] usbserial: USB Serial support registered for oti6858
[    6.059662][    T1] usbcore: registered new interface driver pl2303
[    6.060678][    T1] usbserial: USB Serial support registered for pl2303
[    6.061613][    T1] usbcore: registered new interface driver qcaux
[    6.063139][    T1] usbserial: USB Serial support registered for qcaux
[    6.063863][    T1] usbcore: registered new interface driver qcserial
[    6.064501][    T1] usbserial: USB Serial support registered for Qualcomm USB modem
[    6.065263][    T1] usbcore: registered new interface driver quatech2
[    6.066052][    T1] usbserial: USB Serial support registered for Quatech 2nd gen USB to Serial Driver
[    6.066938][    T1] usbcore: registered new interface driver safe_serial
[    6.067596][    T1] usbserial: USB Serial support registered for safe_serial
[    6.068319][    T1] usbcore: registered new interface driver sierra
[    6.068978][    T1] usbserial: USB Serial support registered for Sierra USB modem
[    6.069786][    T1] usbcore: registered new interface driver usb_serial_simple
[    6.070767][    T1] usbserial: USB Serial support registered for carelink
[    6.071616][    T1] usbserial: USB Serial support registered for zio
[    6.072461][    T1] usbserial: USB Serial support registered for funsoft
[    6.074177][    T1] usbserial: USB Serial support registered for flashloader
[    6.075098][    T1] usbserial: USB Serial support registered for google
[    6.075712][    T1] usbserial: USB Serial support registered for libtransistor
[    6.076415][    T1] usbserial: USB Serial support registered for vivopay
[    6.077078][    T1] usbserial: USB Serial support registered for moto_modem
[    6.077753][    T1] usbserial: USB Serial support registered for motorola_tetra
[    6.078472][    T1] usbserial: USB Serial support registered for novatel_gps
[    6.079161][    T1] usbserial: USB Serial support registered for hp4x
[    6.079805][    T1] usbserial: USB Serial support registered for suunto
[    6.080466][    T1] usbserial: USB Serial support registered for siemens_mpi
[    6.081173][    T1] usbcore: registered new interface driver spcp8x5
[    6.082116][    T1] usbserial: USB Serial support registered for SPCP8x5
[    6.083598][    T1] usbcore: registered new interface driver ssu100
[    6.084219][    T1] usbserial: USB Serial support registered for Quatech SSU-100 USB to Serial Driver
[    6.085093][    T1] usbcore: registered new interface driver symbolserial
[    6.085765][    T1] usbserial: USB Serial support registered for symbol
[    6.086437][    T1] usbcore: registered new interface driver ti_usb_3410_5052
[    6.087467][    T1] usbserial: USB Serial support registered for TI USB 3410 1 port adapter
[    6.088395][    T1] usbserial: USB Serial support registered for TI USB 5052 2 port adapter
[    6.089299][    T1] usbcore: registered new interface driver upd78f0730
[    6.090166][    T1] usbserial: USB Serial support registered for upd78f0730
[    6.092035][    T1] usbcore: registered new interface driver visor
[    6.092961][    T1] usbserial: USB Serial support registered for Handspring Visor / Palm OS
[    6.093788][    T1] usbserial: USB Serial support registered for Sony Clie 5.0
[    6.094563][    T1] usbserial: USB Serial support registered for Sony Clie 3.5
[    6.095360][    T1] usbcore: registered new interface driver wishbone_serial
[    6.096124][    T1] usbserial: USB Serial support registered for wishbone_serial
[    6.096852][    T1] usbcore: registered new interface driver whiteheat
[    6.097507][    T1] usbserial: USB Serial support registered for Connect Tech - WhiteHEAT - (prerenumeration)
[    6.098421][    T1] usbserial: USB Serial support registered for Connect Tech - WhiteHEAT
[    6.099237][    T1] usbcore: registered new interface driver xsens_mt
[    6.100183][    T1] usbserial: USB Serial support registered for xsens_mt
[    6.101056][    T1] usbcore: registered new interface driver adutux
[    6.101753][    T1] usbcore: registered new interface driver appledisplay
[    6.102945][    T1] usbcore: registered new interface driver cypress_cy7c63
[    6.103646][    T1] usbcore: registered new interface driver cytherm
[    6.104332][    T1] usbcore: registered new interface driver emi26 - firmware loader
[    6.105190][    T1] usbcore: registered new interface driver emi62 - firmware loader
[    6.106020][    T1] usbcore: registered new interface driver idmouse
[    6.106739][    T1] usbcore: registered new interface driver iowarrior
[    6.107468][    T1] usbcore: registered new interface driver isight_firmware
[    6.108241][    T1] usbcore: registered new interface driver usblcd
[    6.108954][    T1] usbcore: registered new interface driver ldusb
[    6.109652][    T1] usbcore: registered new interface driver legousbtower
[    6.110679][    T1] usbcore: registered new interface driver usbtest
[    6.112496][    T1] usbcore: registered new interface driver usb_ehset_test
[    6.113319][    T1] usbcore: registered new interface driver trancevibrator
[    6.114056][    T1] usbcore: registered new interface driver uss720
[    6.114598][    T1] uss720: USB Parport Cable driver for Cables using the Lucent Technologies USS720 Chip
[    6.115413][    T1] uss720: NOTE: this is a special purpose driver to allow nonstandard
[    6.116092][    T1] uss720: protocols (eg. bitbang) over USS720 usb to parallel cables
[    6.116765][    T1] uss720: If you just want to connect to a printer, use usblp instead
[    6.118157][    T1] usbcore: registered new interface driver usbsevseg
[    6.118899][    T1] usbcore: registered new interface driver yurex
[    6.120241][    T1] usbcore: registered new interface driver chaoskey
[    6.120983][    T1] usbcore: registered new interface driver sisusb
[    6.121690][    T1] usbcore: registered new interface driver lvs
[    6.122393][    T1] usbcore: registered new interface driver cxacru
[    6.124291][    T1] usbcore: registered new interface driver speedtch
[    6.126364][    T1] usbcore: registered new interface driver ueagle-atm
[    6.126966][    T1] xusbatm: malformed module parameters
[    6.129512][    T1] dummy_hcd dummy_hcd.0: USB Host+Gadget Emulator, driver 02 May 2005
[    6.130275][    T1] dummy_hcd dummy_hcd.0: Dummy host controller
[    6.131704][    T1] dummy_hcd dummy_hcd.0: new USB bus registered, assigned bus number 1
[    6.135017][    T1] usb usb1: New USB device found, idVendor=1d6b, idProduct=0002, bcdDevice= 5.05
[    6.135854][    T1] usb usb1: New USB device strings: Mfr=3, Product=2, SerialNumber=1
[    6.136539][    T1] usb usb1: Product: Dummy host controller
[    6.137044][    T1] usb usb1: Manufacturer: Linux 5.5.0-4fc2ea6a8608-09516-g4fc2ea6a8608 dummy_hcd
[    6.137817][    T1] usb usb1: SerialNumber: dummy_hcd.0
[    6.139628][    T1] hub 1-0:1.0: USB hub found
[    6.140192][    T1] hub 1-0:1.0: 1 port detected
[    6.142297][    T1] dummy_hcd dummy_hcd.1: USB Host+Gadget Emulator, driver 02 May 2005
[    6.143876][    T1] dummy_hcd dummy_hcd.1: Dummy host controller
[    6.144722][    T1] dummy_hcd dummy_hcd.1: new USB bus registered, assigned bus number 2
[    6.145731][    T1] usb usb2: New USB device found, idVendor=1d6b, idProduct=0002, bcdDevice= 5.05
[    6.146434][    T1] usb usb2: New USB device strings: Mfr=3, Product=2, SerialNumber=1
[    6.147056][    T1] usb usb2: Product: Dummy host controller
[    6.147692][    T1] usb usb2: Manufacturer: Linux 5.5.0-4fc2ea6a8608-09516-g4fc2ea6a8608 dummy_hcd
[    6.148677][    T1] usb usb2: SerialNumber: dummy_hcd.1
[    6.150984][    T1] hub 2-0:1.0: USB hub found
[    6.151481][    T1] hub 2-0:1.0: 1 port detected
[    6.153466][    T1] dummy_hcd dummy_hcd.2: USB Host+Gadget Emulator, driver 02 May 2005
[    6.154134][    T1] dummy_hcd dummy_hcd.2: Dummy host controller
[    6.155068][    T1] dummy_hcd dummy_hcd.2: new USB bus registered, assigned bus number 3
[    6.156097][    T1] usb usb3: New USB device found, idVendor=1d6b, idProduct=0002, bcdDevice= 5.05
[    6.156796][    T1] usb usb3: New USB device strings: Mfr=3, Product=2, SerialNumber=1
[    6.157418][    T1] usb usb3: Product: Dummy host controller
[    6.157863][    T1] usb usb3: Manufacturer: Linux 5.5.0-4fc2ea6a8608-09516-g4fc2ea6a8608 dummy_hcd
[    6.158559][    T1] usb usb3: SerialNumber: dummy_hcd.2
[    6.159860][    T1] hub 3-0:1.0: USB hub found
[    6.160316][    T1] hub 3-0:1.0: 1 port detected
[    6.161991][    T1] dummy_hcd dummy_hcd.3: USB Host+Gadget Emulator, driver 02 May 2005
[    6.162643][    T1] dummy_hcd dummy_hcd.3: Dummy host controller
[    6.163580][    T1] dummy_hcd dummy_hcd.3: new USB bus registered, assigned bus number 4
[    6.164579][    T1] usb usb4: New USB device found, idVendor=1d6b, idProduct=0002, bcdDevice= 5.05
[    6.165275][    T1] usb usb4: New USB device strings: Mfr=3, Product=2, SerialNumber=1
[    6.165889][    T1] usb usb4: Product: Dummy host controller
[    6.166337][    T1] usb usb4: Manufacturer: Linux 5.5.0-4fc2ea6a8608-09516-g4fc2ea6a8608 dummy_hcd
[    6.167032][    T1] usb usb4: SerialNumber: dummy_hcd.3
[    6.169176][    T1] hub 4-0:1.0: USB hub found
[    6.169626][    T1] hub 4-0:1.0: 1 port detected
[    6.171364][    T1] dummy_hcd dummy_hcd.4: USB Host+Gadget Emulator, driver 02 May 2005
[    6.172020][    T1] dummy_hcd dummy_hcd.4: Dummy host controller
[    6.172938][    T1] dummy_hcd dummy_hcd.4: new USB bus registered, assigned bus number 5
[    6.173949][    T1] usb usb5: New USB device found, idVendor=1d6b, idProduct=0002, bcdDevice= 5.05
[    6.174646][    T1] usb usb5: New USB device strings: Mfr=3, Product=2, SerialNumber=1
[    6.175265][    T1] usb usb5: Product: Dummy host controller
[    6.175708][    T1] usb usb5: Manufacturer: Linux 5.5.0-4fc2ea6a8608-09516-g4fc2ea6a8608 dummy_hcd
[    6.176404][    T1] usb usb5: SerialNumber: dummy_hcd.4
[    6.179219][    T1] hub 5-0:1.0: USB hub found
[    6.179724][    T1] hub 5-0:1.0: 1 port detected
[    6.181554][    T1] dummy_hcd dummy_hcd.5: USB Host+Gadget Emulator, driver 02 May 2005
[    6.182212][    T1] dummy_hcd dummy_hcd.5: Dummy host controller
[    6.185151][    T1] dummy_hcd dummy_hcd.5: new USB bus registered, assigned bus number 6
[    6.187018][    T1] usb usb6: New USB device found, idVendor=1d6b, idProduct=0002, bcdDevice= 5.05
[    6.187720][    T1] usb usb6: New USB device strings: Mfr=3, Product=2, SerialNumber=1
[    6.188337][    T1] usb usb6: Product: Dummy host controller
[    6.188782][    T1] usb usb6: Manufacturer: Linux 5.5.0-4fc2ea6a8608-09516-g4fc2ea6a8608 dummy_hcd
[    6.189476][    T1] usb usb6: SerialNumber: dummy_hcd.5
[    6.190721][    T1] hub 6-0:1.0: USB hub found
[    6.191176][    T1] hub 6-0:1.0: 1 port detected
[    6.192825][    T1] dummy_hcd dummy_hcd.6: USB Host+Gadget Emulator, driver 02 May 2005
[    6.193516][    T1] dummy_hcd dummy_hcd.6: Dummy host controller
[    6.194369][    T1] dummy_hcd dummy_hcd.6: new USB bus registered, assigned bus number 7
[    6.195513][    T1] usb usb7: New USB device found, idVendor=1d6b, idProduct=0002, bcdDevice= 5.05
[    6.196212][    T1] usb usb7: New USB device strings: Mfr=3, Product=2, SerialNumber=1
[    6.196828][    T1] usb usb7: Product: Dummy host controller
[    6.197273][    T1] usb usb7: Manufacturer: Linux 5.5.0-4fc2ea6a8608-09516-g4fc2ea6a8608 dummy_hcd
[    6.197971][    T1] usb usb7: SerialNumber: dummy_hcd.6
[    6.199993][    T1] hub 7-0:1.0: USB hub found
[    6.200448][    T1] hub 7-0:1.0: 1 port detected
[    6.202025][    T1] dummy_hcd dummy_hcd.7: USB Host+Gadget Emulator, driver 02 May 2005
[    6.202674][    T1] dummy_hcd dummy_hcd.7: Dummy host controller
[    6.203970][    T1] dummy_hcd dummy_hcd.7: new USB bus registered, assigned bus number 8
[    6.205025][    T1] usb usb8: New USB device found, idVendor=1d6b, idProduct=0002, bcdDevice= 5.05
[    6.205794][    T1] usb usb8: New USB device strings: Mfr=3, Product=2, SerialNumber=1
[    6.206442][    T1] usb usb8: Product: Dummy host controller
[    6.206961][    T1] usb usb8: Manufacturer: Linux 5.5.0-4fc2ea6a8608-09516-g4fc2ea6a8608 dummy_hcd
[    6.207721][    T1] usb usb8: SerialNumber: dummy_hcd.7
[    6.210358][    T1] hub 8-0:1.0: USB hub found
[    6.210853][    T1] hub 8-0:1.0: 1 port detected
[    6.221163][    T1] gadgetfs: USB Gadget filesystem, version 24 Aug 2004
[    6.227037][    T1] vhci_hcd vhci_hcd.0: USB/IP Virtual Host Controller
[    6.227963][    T1] vhci_hcd vhci_hcd.0: new USB bus registered, assigned bus number 9
[    6.228766][    T1] vhci_hcd: created sysfs vhci_hcd.0
[    6.229584][    T1] usb usb9: New USB device found, idVendor=1d6b, idProduct=0002, bcdDevice= 5.05
[    6.230282][    T1] usb usb9: New USB device strings: Mfr=3, Product=2, SerialNumber=1
[    6.230899][    T1] usb usb9: Product: USB/IP Virtual Host Controller
[    6.231403][    T1] usb usb9: Manufacturer: Linux 5.5.0-4fc2ea6a8608-09516-g4fc2ea6a8608 vhci_hcd
[    6.232091][    T1] usb usb9: SerialNumber: vhci_hcd.0
[    6.233709][    T1] hub 9-0:1.0: USB hub found
[    6.234211][    T1] hub 9-0:1.0: 8 ports detected
[    6.237017][    T1] vhci_hcd vhci_hcd.0: USB/IP Virtual Host Controller
[    6.238045][    T1] vhci_hcd vhci_hcd.0: new USB bus registered, assigned bus number 10
[    6.238861][    T1] usb usb10: We don't know the algorithms for LPM for this host, disabling LPM.
[    6.240524][    T1] usb usb10: New USB device found, idVendor=1d6b, idProduct=0003, bcdDevice= 5.05
[    6.241333][    T1] usb usb10: New USB device strings: Mfr=3, Product=2, SerialNumber=1
[    6.242037][    T1] usb usb10: Product: USB/IP Virtual Host Controller
[    6.242606][    T1] usb usb10: Manufacturer: Linux 5.5.0-4fc2ea6a8608-09516-g4fc2ea6a8608 vhci_hcd
[    6.243620][    T1] usb usb10: SerialNumber: vhci_hcd.0
[    6.245117][    T1] hub 10-0:1.0: USB hub found
[    6.245620][    T1] hub 10-0:1.0: 8 ports detected
[    6.249068][    T1] vhci_hcd vhci_hcd.1: USB/IP Virtual Host Controller
[    6.250081][    T1] vhci_hcd vhci_hcd.1: new USB bus registered, assigned bus number 11
[    6.251171][    T1] usb usb11: New USB device found, idVendor=1d6b, idProduct=0002, bcdDevice= 5.05
[    6.251880][    T1] usb usb11: New USB device strings: Mfr=3, Product=2, SerialNumber=1
[    6.252506][    T1] usb usb11: Product: USB/IP Virtual Host Controller
[    6.254769][    T1] usb usb11: Manufacturer: Linux 5.5.0-4fc2ea6a8608-09516-g4fc2ea6a8608 vhci_hcd
[    6.255478][    T1] usb usb11: SerialNumber: vhci_hcd.1
[    6.256940][    T1] hub 11-0:1.0: USB hub found
[    6.257436][    T1] hub 11-0:1.0: 8 ports detected
[    6.260175][    T1] vhci_hcd vhci_hcd.1: USB/IP Virtual Host Controller
[    6.261138][    T1] vhci_hcd vhci_hcd.1: new USB bus registered, assigned bus number 12
[    6.261925][    T1] usb usb12: We don't know the algorithms for LPM for this host, disabling LPM.
[    6.263217][    T1] usb usb12: New USB device found, idVendor=1d6b, idProduct=0003, bcdDevice= 5.05
[    6.264014][    T1] usb usb12: New USB device strings: Mfr=3, Product=2, SerialNumber=1
[    6.264664][    T1] usb usb12: Product: USB/IP Virtual Host Controller
[    6.265177][    T1] usb usb12: Manufacturer: Linux 5.5.0-4fc2ea6a8608-09516-g4fc2ea6a8608 vhci_hcd
[    6.265868][    T1] usb usb12: SerialNumber: vhci_hcd.1
[    6.267255][    T1] hub 12-0:1.0: USB hub found
[    6.267708][    T1] hub 12-0:1.0: 8 ports detected
[    6.271747][    T1] vhci_hcd vhci_hcd.2: USB/IP Virtual Host Controller
[    6.273246][    T1] vhci_hcd vhci_hcd.2: new USB bus registered, assigned bus number 13
[    6.274546][    T1] usb usb13: New USB device found, idVendor=1d6b, idProduct=0002, bcdDevice= 5.05
[    6.275323][    T1] usb usb13: New USB device strings: Mfr=3, Product=2, SerialNumber=1
[    6.276015][    T1] usb usb13: Product: USB/IP Virtual Host Controller
[    6.276570][    T1] usb usb13: Manufacturer: Linux 5.5.0-4fc2ea6a8608-09516-g4fc2ea6a8608 vhci_hcd
[    6.277328][    T1] usb usb13: SerialNumber: vhci_hcd.2
[    6.279018][    T1] hub 13-0:1.0: USB hub found
[    6.279547][    T1] hub 13-0:1.0: 8 ports detected
[    6.282424][    T1] vhci_hcd vhci_hcd.2: USB/IP Virtual Host Controller
[    6.283555][    T1] vhci_hcd vhci_hcd.2: new USB bus registered, assigned bus number 14
[    6.284504][    T1] usb usb14: We don't know the algorithms for LPM for this host, disabling LPM.
[    6.285829][    T1] usb usb14: New USB device found, idVendor=1d6b, idProduct=0003, bcdDevice= 5.05
[    6.286604][    T1] usb usb14: New USB device strings: Mfr=3, Product=2, SerialNumber=1
[    6.287277][    T1] usb usb14: Product: USB/IP Virtual Host Controller
[    6.287786][    T1] usb usb14: Manufacturer: Linux 5.5.0-4fc2ea6a8608-09516-g4fc2ea6a8608 vhci_hcd
[    6.288546][    T1] usb usb14: SerialNumber: vhci_hcd.2
[    6.290047][    T1] hub 14-0:1.0: USB hub found
[    6.290514][    T1] hub 14-0:1.0: 8 ports detected
[    6.293899][    T1] vhci_hcd vhci_hcd.3: USB/IP Virtual Host Controller
[    6.294876][    T1] vhci_hcd vhci_hcd.3: new USB bus registered, assigned bus number 15
[    6.295882][    T1] usb usb15: New USB device found, idVendor=1d6b, idProduct=0002, bcdDevice= 5.05
[    6.296583][    T1] usb usb15: New USB device strings: Mfr=3, Product=2, SerialNumber=1
[    6.297245][    T1] usb usb15: Product: USB/IP Virtual Host Controller
[    6.297809][    T1] usb usb15: Manufacturer: Linux 5.5.0-4fc2ea6a8608-09516-g4fc2ea6a8608 vhci_hcd
[    6.298570][    T1] usb usb15: SerialNumber: vhci_hcd.3
[    6.300178][    T1] hub 15-0:1.0: USB hub found
[    6.300928][    T1] hub 15-0:1.0: 8 ports detected
[    6.304612][    T1] vhci_hcd vhci_hcd.3: USB/IP Virtual Host Controller
[    6.305556][    T1] vhci_hcd vhci_hcd.3: new USB bus registered, assigned bus number 16
[    6.306402][    T1] usb usb16: We don't know the algorithms for LPM for this host, disabling LPM.
[    6.307505][    T1] usb usb16: New USB device found, idVendor=1d6b, idProduct=0003, bcdDevice= 5.05
[    6.308278][    T1] usb usb16: New USB device strings: Mfr=3, Product=2, SerialNumber=1
[    6.308963][    T1] usb usb16: Product: USB/IP Virtual Host Controller
[    6.309522][    T1] usb usb16: Manufacturer: Linux 5.5.0-4fc2ea6a8608-09516-g4fc2ea6a8608 vhci_hcd
[    6.310279][    T1] usb usb16: SerialNumber: vhci_hcd.3
[    6.311974][    T1] hub 16-0:1.0: USB hub found
[    6.312487][    T1] hub 16-0:1.0: 8 ports detected
[    6.315959][    T1] vhci_hcd vhci_hcd.4: USB/IP Virtual Host Controller
[    6.316878][    T1] vhci_hcd vhci_hcd.4: new USB bus registered, assigned bus number 17
[    6.318061][    T1] usb usb17: New USB device found, idVendor=1d6b, idProduct=0002, bcdDevice= 5.05
[    6.318772][    T1] usb usb17: New USB device strings: Mfr=3, Product=2, SerialNumber=1
[    6.319401][    T1] usb usb17: Product: USB/IP Virtual Host Controller
[    6.319939][    T1] usb usb17: Manufacturer: Linux 5.5.0-4fc2ea6a8608-09516-g4fc2ea6a8608 vhci_hcd
[    6.320802][    T1] usb usb17: SerialNumber: vhci_hcd.4
[    6.322916][    T1] hub 17-0:1.0: USB hub found
[    6.323424][    T1] hub 17-0:1.0: 8 ports detected
[    6.326295][    T1] vhci_hcd vhci_hcd.4: USB/IP Virtual Host Controller
[    6.327322][    T1] vhci_hcd vhci_hcd.4: new USB bus registered, assigned bus number 18
[    6.328188][    T1] usb usb18: We don't know the algorithms for LPM for this host, disabling LPM.
[    6.329185][    T1] usb usb18: New USB device found, idVendor=1d6b, idProduct=0003, bcdDevice= 5.05
[    6.329885][    T1] usb usb18: New USB device strings: Mfr=3, Product=2, SerialNumber=1
[    6.330508][    T1] usb usb18: Product: USB/IP Virtual Host Controller
[    6.331021][    T1] usb usb18: Manufacturer: Linux 5.5.0-4fc2ea6a8608-09516-g4fc2ea6a8608 vhci_hcd
[    6.331715][    T1] usb usb18: SerialNumber: vhci_hcd.4
[    6.333537][    T1] hub 18-0:1.0: USB hub found
[    6.334001][    T1] hub 18-0:1.0: 8 ports detected
[    6.337949][    T1] vhci_hcd vhci_hcd.5: USB/IP Virtual Host Controller
[    6.339009][    T1] vhci_hcd vhci_hcd.5: new USB bus registered, assigned bus number 19
[    6.340597][    T1] usb usb19: New USB device found, idVendor=1d6b, idProduct=0002, bcdDevice= 5.05
[    6.341382][    T1] usb usb19: New USB device strings: Mfr=3, Product=2, SerialNumber=1
[    6.342070][    T1] usb usb19: Product: USB/IP Virtual Host Controller
[    6.342625][    T1] usb usb19: Manufacturer: Linux 5.5.0-4fc2ea6a8608-09516-g4fc2ea6a8608 vhci_hcd
[    6.343940][    T1] usb usb19: SerialNumber: vhci_hcd.5
[    6.345395][    T1] hub 19-0:1.0: USB hub found
[    6.345891][    T1] hub 19-0:1.0: 8 ports detected
[    6.349007][    T1] vhci_hcd vhci_hcd.5: USB/IP Virtual Host Controller
[    6.350072][    T1] vhci_hcd vhci_hcd.5: new USB bus registered, assigned bus number 20
[    6.350926][    T1] usb usb20: We don't know the algorithms for LPM for this host, disabling LPM.
[    6.352516][    T1] usb usb20: New USB device found, idVendor=1d6b, idProduct=0003, bcdDevice= 5.05
[    6.354806][    T1] usb usb20: New USB device strings: Mfr=3, Product=2, SerialNumber=1
[    6.355552][    T1] usb usb20: Product: USB/IP Virtual Host Controller
[    6.356125][    T1] usb usb20: Manufacturer: Linux 5.5.0-4fc2ea6a8608-09516-g4fc2ea6a8608 vhci_hcd
[    6.356892][    T1] usb usb20: SerialNumber: vhci_hcd.5
[    6.358384][    T1] hub 20-0:1.0: USB hub found
[    6.358882][    T1] hub 20-0:1.0: 8 ports detected
[    6.362928][    T1] vhci_hcd vhci_hcd.6: USB/IP Virtual Host Controller
[    6.363972][    T1] vhci_hcd vhci_hcd.6: new USB bus registered, assigned bus number 21
[    6.365111][    T1] usb usb21: New USB device found, idVendor=1d6b, idProduct=0002, bcdDevice= 5.05
[    6.365899][    T1] usb usb21: New USB device strings: Mfr=3, Product=2, SerialNumber=1
[    6.366597][    T1] usb usb21: Product: USB/IP Virtual Host Controller
[    6.367162][    T1] usb usb21: Manufacturer: Linux 5.5.0-4fc2ea6a8608-09516-g4fc2ea6a8608 vhci_hcd
[    6.367917][    T1] usb usb21: SerialNumber: vhci_hcd.6
[    6.369513][    T1] hub 21-0:1.0: USB hub found
[    6.370017][    T1] hub 21-0:1.0: 8 ports detected
[    6.373356][    T1] vhci_hcd vhci_hcd.6: USB/IP Virtual Host Controller
[    6.374413][    T1] vhci_hcd vhci_hcd.6: new USB bus registered, assigned bus number 22
[    6.375273][    T1] usb usb22: We don't know the algorithms for LPM for this host, disabling LPM.
[    6.376577][    T1] usb usb22: New USB device found, idVendor=1d6b, idProduct=0003, bcdDevice= 5.05
[    6.377359][    T1] usb usb22: New USB device strings: Mfr=3, Product=2, SerialNumber=1
[    6.378040][    T1] usb usb22: Product: USB/IP Virtual Host Controller
[    6.378601][    T1] usb usb22: Manufacturer: Linux 5.5.0-4fc2ea6a8608-09516-g4fc2ea6a8608 vhci_hcd
[    6.379364][    T1] usb usb22: SerialNumber: vhci_hcd.6
[    6.380881][    T1] hub 22-0:1.0: USB hub found
[    6.381388][    T1] hub 22-0:1.0: 8 ports detected
[    6.385240][    T1] vhci_hcd vhci_hcd.7: USB/IP Virtual Host Controller
[    6.386286][    T1] vhci_hcd vhci_hcd.7: new USB bus registered, assigned bus number 23
[    6.387583][    T1] usb usb23: New USB device found, idVendor=1d6b, idProduct=0002, bcdDevice= 5.05
[    6.388361][    T1] usb usb23: New USB device strings: Mfr=3, Product=2, SerialNumber=1
[    6.389043][    T1] usb usb23: Product: USB/IP Virtual Host Controller
[    6.389600][    T1] usb usb23: Manufacturer: Linux 5.5.0-4fc2ea6a8608-09516-g4fc2ea6a8608 vhci_hcd
[    6.390362][    T1] usb usb23: SerialNumber: vhci_hcd.7
[    6.392142][    T1] hub 23-0:1.0: USB hub found
[    6.392907][    T1] hub 23-0:1.0: 8 ports detected
[    6.396325][    T1] vhci_hcd vhci_hcd.7: USB/IP Virtual Host Controller
[    6.397417][    T1] vhci_hcd vhci_hcd.7: new USB bus registered, assigned bus number 24
[    6.398424][    T1] usb usb24: We don't know the algorithms for LPM for this host, disabling LPM.
[    6.399851][    T1] usb usb24: New USB device found, idVendor=1d6b, idProduct=0003, bcdDevice= 5.05
[    6.400675][    T1] usb usb24: New USB device strings: Mfr=3, Product=2, SerialNumber=1
[    6.401467][    T1] usb usb24: Product: USB/IP Virtual Host Controller
[    6.402110][    T1] usb usb24: Manufacturer: Linux 5.5.0-4fc2ea6a8608-09516-g4fc2ea6a8608 vhci_hcd
[    6.403353][    T1] usb usb24: SerialNumber: vhci_hcd.7
[    6.404677][    T1] hub 24-0:1.0: USB hub found
[    6.405217][    T1] hub 24-0:1.0: 8 ports detected
[    6.408732][    T1] vhci_hcd vhci_hcd.8: USB/IP Virtual Host Controller
[    6.409772][    T1] vhci_hcd vhci_hcd.8: new USB bus registered, assigned bus number 25
[    6.411194][    T1] usb usb25: New USB device found, idVendor=1d6b, idProduct=0002, bcdDevice= 5.05
[    6.412014][    T1] usb usb25: New USB device strings: Mfr=3, Product=2, SerialNumber=1
[    6.413469][    T1] usb usb25: Product: USB/IP Virtual Host Controller
[    6.414003][    T1] usb usb25: Manufacturer: Linux 5.5.0-4fc2ea6a8608-09516-g4fc2ea6a8608 vhci_hcd
[    6.414698][    T1] usb usb25: SerialNumber: vhci_hcd.8
[    6.416041][    T1] hub 25-0:1.0: USB hub found
[    6.416489][    T1] hub 25-0:1.0: 8 ports detected
[    6.419221][    T1] vhci_hcd vhci_hcd.8: USB/IP Virtual Host Controller
[    6.420114][    T1] vhci_hcd vhci_hcd.8: new USB bus registered, assigned bus number 26
[    6.420982][    T1] usb usb26: We don't know the algorithms for LPM for this host, disabling LPM.
[    6.422204][    T1] usb usb26: New USB device found, idVendor=1d6b, idProduct=0003, bcdDevice= 5.05
[    6.423359][    T1] usb usb26: New USB device strings: Mfr=3, Product=2, SerialNumber=1
[    6.424171][    T1] usb usb26: Product: USB/IP Virtual Host Controller
[    6.424742][    T1] usb usb26: Manufacturer: Linux 5.5.0-4fc2ea6a8608-09516-g4fc2ea6a8608 vhci_hcd
[    6.425523][    T1] usb usb26: SerialNumber: vhci_hcd.8
[    6.427123][    T1] hub 26-0:1.0: USB hub found
[    6.427622][    T1] hub 26-0:1.0: 8 ports detected
[    6.431130][    T1] vhci_hcd vhci_hcd.9: USB/IP Virtual Host Controller
[    6.432072][    T1] vhci_hcd vhci_hcd.9: new USB bus registered, assigned bus number 27
[    6.433714][    T1] usb usb27: New USB device found, idVendor=1d6b, idProduct=0002, bcdDevice= 5.05
[    6.434500][    T1] usb usb27: New USB device strings: Mfr=3, Product=2, SerialNumber=1
[    6.435187][    T1] usb usb27: Product: USB/IP Virtual Host Controller
[    6.435752][    T1] usb usb27: Manufacturer: Linux 5.5.0-4fc2ea6a8608-09516-g4fc2ea6a8608 vhci_hcd
[    6.436488][    T1] usb usb27: SerialNumber: vhci_hcd.9
[    6.438036][    T1] hub 27-0:1.0: USB hub found
[    6.438561][    T1] hub 27-0:1.0: 8 ports detected
[    6.441521][    T1] vhci_hcd vhci_hcd.9: USB/IP Virtual Host Controller
[    6.442577][    T1] vhci_hcd vhci_hcd.9: new USB bus registered, assigned bus number 28
[    6.444146][    T1] usb usb28: We don't know the algorithms for LPM for this host, disabling LPM.
[    6.445429][    T1] usb usb28: New USB device found, idVendor=1d6b, idProduct=0003, bcdDevice= 5.05
[    6.446169][    T1] usb usb28: New USB device strings: Mfr=3, Product=2, SerialNumber=1
[    6.446839][    T1] usb usb28: Product: USB/IP Virtual Host Controller
[    6.447353][    T1] usb usb28: Manufacturer: Linux 5.5.0-4fc2ea6a8608-09516-g4fc2ea6a8608 vhci_hcd
[    6.448051][    T1] usb usb28: SerialNumber: vhci_hcd.9
[    6.449386][    T1] hub 28-0:1.0: USB hub found
[    6.449846][    T1] hub 28-0:1.0: 8 ports detected
[    6.453296][    T1] vhci_hcd vhci_hcd.10: USB/IP Virtual Host Controller
[    6.454501][    T1] vhci_hcd vhci_hcd.10: new USB bus registered, assigned bus number 29
[    6.456308][    T1] usb usb29: New USB device found, idVendor=1d6b, idProduct=0002, bcdDevice= 5.05
[    6.457117][    T1] usb usb29: New USB device strings: Mfr=3, Product=2, SerialNumber=1
[    6.457796][    T1] usb usb29: Product: USB/IP Virtual Host Controller
[    6.458351][    T1] usb usb29: Manufacturer: Linux 5.5.0-4fc2ea6a8608-09516-g4fc2ea6a8608 vhci_hcd
[    6.459111][    T1] usb usb29: SerialNumber: vhci_hcd.10
[    6.460700][    T1] hub 29-0:1.0: USB hub found
[    6.461197][    T1] hub 29-0:1.0: 8 ports detected
[    6.464537][    T1] vhci_hcd vhci_hcd.10: USB/IP Virtual Host Controller
[    6.465443][    T1] vhci_hcd vhci_hcd.10: new USB bus registered, assigned bus number 30
[    6.466222][    T1] usb usb30: We don't know the algorithms for LPM for this host, disabling LPM.
[    6.467442][    T1] usb usb30: New USB device found, idVendor=1d6b, idProduct=0003, bcdDevice= 5.05
[    6.468151][    T1] usb usb30: New USB device strings: Mfr=3, Product=2, SerialNumber=1
[    6.468767][    T1] usb usb30: Product: USB/IP Virtual Host Controller
[    6.469278][    T1] usb usb30: Manufacturer: Linux 5.5.0-4fc2ea6a8608-09516-g4fc2ea6a8608 vhci_hcd
[    6.469989][    T1] usb usb30: SerialNumber: vhci_hcd.10
[    6.471541][    T1] hub 30-0:1.0: USB hub found
[    6.472016][    T1] hub 30-0:1.0: 8 ports detected
[    6.475825][    T1] vhci_hcd vhci_hcd.11: USB/IP Virtual Host Controller
[    6.476766][    T1] vhci_hcd vhci_hcd.11: new USB bus registered, assigned bus number 31
[    6.478102][    T1] usb usb31: New USB device found, idVendor=1d6b, idProduct=0002, bcdDevice= 5.05
[    6.478807][    T1] usb usb31: New USB device strings: Mfr=3, Product=2, SerialNumber=1
[    6.479433][    T1] usb usb31: Product: USB/IP Virtual Host Controller
[    6.479943][    T1] usb usb31: Manufacturer: Linux 5.5.0-4fc2ea6a8608-09516-g4fc2ea6a8608 vhci_hcd
[    6.480632][    T1] usb usb31: SerialNumber: vhci_hcd.11
[    6.482205][    T1] hub 31-0:1.0: USB hub found
[    6.482827][    T1] hub 31-0:1.0: 8 ports detected
[    6.486159][    T1] vhci_hcd vhci_hcd.11: USB/IP Virtual Host Controller
[    6.487179][    T1] vhci_hcd vhci_hcd.11: new USB bus registered, assigned bus number 32
[    6.488041][    T1] usb usb32: We don't know the algorithms for LPM for this host, disabling LPM.
[    6.489149][    T1] usb usb32: New USB device found, idVendor=1d6b, idProduct=0003, bcdDevice= 5.05
[    6.489853][    T1] usb usb32: New USB device strings: Mfr=3, Product=2, SerialNumber=1
[    6.490474][    T1] usb usb32: Product: USB/IP Virtual Host Controller
[    6.490989][    T1] usb usb32: Manufacturer: Linux 5.5.0-4fc2ea6a8608-09516-g4fc2ea6a8608 vhci_hcd
[    6.491682][    T1] usb usb32: SerialNumber: vhci_hcd.11
[    6.493267][    T1] hub 32-0:1.0: USB hub found
[    6.493767][    T1] hub 32-0:1.0: 8 ports detected
[    6.497217][    T1] vhci_hcd vhci_hcd.12: USB/IP Virtual Host Controller
[    6.498276][    T1] vhci_hcd vhci_hcd.12: new USB bus registered, assigned bus number 33
[    6.499413][    T1] usb usb33: New USB device found, idVendor=1d6b, idProduct=0002, bcdDevice= 5.05
[    6.500125][    T1] usb usb33: New USB device strings: Mfr=3, Product=2, SerialNumber=1
[    6.500749][    T1] usb usb33: Product: USB/IP Virtual Host Controller
[    6.501266][    T1] usb usb33: Manufacturer: Linux 5.5.0-4fc2ea6a8608-09516-g4fc2ea6a8608 vhci_hcd
[    6.501964][    T1] usb usb33: SerialNumber: vhci_hcd.12
[    6.504110][    T1] hub 33-0:1.0: USB hub found
[    6.504568][    T1] hub 33-0:1.0: 8 ports detected
[    6.507293][    T1] vhci_hcd vhci_hcd.12: USB/IP Virtual Host Controller
[    6.508201][    T1] vhci_hcd vhci_hcd.12: new USB bus registered, assigned bus number 34
[    6.509074][    T1] usb usb34: We don't know the algorithms for LPM for this host, disabling LPM.
[    6.510274][    T1] usb usb34: New USB device found, idVendor=1d6b, idProduct=0003, bcdDevice= 5.05
[    6.510986][    T1] usb usb34: New USB device strings: Mfr=3, Product=2, SerialNumber=1
[    6.511612][    T1] usb usb34: Product: USB/IP Virtual Host Controller
[    6.512131][    T1] usb usb34: Manufacturer: Linux 5.5.0-4fc2ea6a8608-09516-g4fc2ea6a8608 vhci_hcd
[    6.513120][    T1] usb usb34: SerialNumber: vhci_hcd.12
[    6.514616][    T1] hub 34-0:1.0: USB hub found
[    6.515125][    T1] hub 34-0:1.0: 8 ports detected
[    6.519263][    T1] vhci_hcd vhci_hcd.13: USB/IP Virtual Host Controller
[    6.520235][    T1] vhci_hcd vhci_hcd.13: new USB bus registered, assigned bus number 35
[    6.521565][    T1] usb usb35: New USB device found, idVendor=1d6b, idProduct=0002, bcdDevice= 5.05
[    6.522349][    T1] usb usb35: New USB device strings: Mfr=3, Product=2, SerialNumber=1
[    6.523104][    T1] usb usb35: Product: USB/IP Virtual Host Controller
[    6.523683][    T1] usb usb35: Manufacturer: Linux 5.5.0-4fc2ea6a8608-09516-g4fc2ea6a8608 vhci_hcd
[    6.524450][    T1] usb usb35: SerialNumber: vhci_hcd.13
[    6.525977][    T1] hub 35-0:1.0: USB hub found
[    6.526475][    T1] hub 35-0:1.0: 8 ports detected
[    6.529377][    T1] vhci_hcd vhci_hcd.13: USB/IP Virtual Host Controller
[    6.530481][    T1] vhci_hcd vhci_hcd.13: new USB bus registered, assigned bus number 36
[    6.531341][    T1] usb usb36: We don't know the algorithms for LPM for this host, disabling LPM.
[    6.532724][    T1] usb usb36: New USB device found, idVendor=1d6b, idProduct=0003, bcdDevice= 5.05
[    6.533505][    T1] usb usb36: New USB device strings: Mfr=3, Product=2, SerialNumber=1
[    6.534190][    T1] usb usb36: Product: USB/IP Virtual Host Controller
[    6.534750][    T1] usb usb36: Manufacturer: Linux 5.5.0-4fc2ea6a8608-09516-g4fc2ea6a8608 vhci_hcd
[    6.535486][    T1] usb usb36: SerialNumber: vhci_hcd.13
[    6.537070][    T1] hub 36-0:1.0: USB hub found
[    6.537603][    T1] hub 36-0:1.0: 8 ports detected
[    6.541239][    T1] vhci_hcd vhci_hcd.14: USB/IP Virtual Host Controller
[    6.542247][    T1] vhci_hcd vhci_hcd.14: new USB bus registered, assigned bus number 37
[    6.543497][    T1] usb usb37: New USB device found, idVendor=1d6b, idProduct=0002, bcdDevice= 5.05
[    6.544272][    T1] usb usb37: New USB device strings: Mfr=3, Product=2, SerialNumber=1
[    6.544896][    T1] usb usb37: Product: USB/IP Virtual Host Controller
[    6.545411][    T1] usb usb37: Manufacturer: Linux 5.5.0-4fc2ea6a8608-09516-g4fc2ea6a8608 vhci_hcd
[    6.546441][    T1] usb usb37: SerialNumber: vhci_hcd.14
[    6.548306][    T1] hub 37-0:1.0: USB hub found
[    6.548800][    T1] hub 37-0:1.0: 8 ports detected
[    6.552191][    T1] vhci_hcd vhci_hcd.14: USB/IP Virtual Host Controller
[    6.553641][    T1] vhci_hcd vhci_hcd.14: new USB bus registered, assigned bus number 38
[    6.554512][    T1] usb usb38: We don't know the algorithms for LPM for this host, disabling LPM.
[    6.555569][    T1] usb usb38: New USB device found, idVendor=1d6b, idProduct=0003, bcdDevice= 5.05
[    6.556273][    T1] usb usb38: New USB device strings: Mfr=3, Product=2, SerialNumber=1
[    6.556895][    T1] usb usb38: Product: USB/IP Virtual Host Controller
[    6.557410][    T1] usb usb38: Manufacturer: Linux 5.5.0-4fc2ea6a8608-09516-g4fc2ea6a8608 vhci_hcd
[    6.558105][    T1] usb usb38: SerialNumber: vhci_hcd.14
[    6.559464][    T1] hub 38-0:1.0: USB hub found
[    6.559926][    T1] hub 38-0:1.0: 8 ports detected
[    6.563462][    T1] vhci_hcd vhci_hcd.15: USB/IP Virtual Host Controller
[    6.564399][    T1] vhci_hcd vhci_hcd.15: new USB bus registered, assigned bus number 39
[    6.565740][    T1] usb usb39: New USB device found, idVendor=1d6b, idProduct=0002, bcdDevice= 5.05
[    6.566516][    T1] usb usb39: New USB device strings: Mfr=3, Product=2, SerialNumber=1
[    6.567203][    T1] usb usb39: Product: USB/IP Virtual Host Controller
[    6.567749][    T1] usb usb39: Manufacturer: Linux 5.5.0-4fc2ea6a8608-09516-g4fc2ea6a8608 vhci_hcd
[    6.568489][    T1] usb usb39: SerialNumber: vhci_hcd.15
[    6.570032][    T1] hub 39-0:1.0: USB hub found
[    6.570488][    T1] hub 39-0:1.0: 8 ports detected
[    6.573335][    T1] vhci_hcd vhci_hcd.15: USB/IP Virtual Host Controller
[    6.574256][    T1] vhci_hcd vhci_hcd.15: new USB bus registered, assigned bus number 40
[    6.575136][    T1] usb usb40: We don't know the algorithms for LPM for this host, disabling LPM.
[    6.576724][    T1] usb usb40: New USB device found, idVendor=1d6b, idProduct=0003, bcdDevice= 5.05
[    6.577590][    T1] usb usb40: New USB device strings: Mfr=3, Product=2, SerialNumber=1
[    6.578295][    T1] usb usb40: Product: USB/IP Virtual Host Controller
[    6.578856][    T1] usb usb40: Manufacturer: Linux 5.5.0-4fc2ea6a8608-09516-g4fc2ea6a8608 vhci_hcd
[    6.579582][    T1] usb usb40: SerialNumber: vhci_hcd.15
[    6.581048][    T1] hub 40-0:1.0: USB hub found
[    6.581500][    T1] hub 40-0:1.0: 8 ports detected
[    6.585850][    T1] usbcore: registered new device driver usbip-host
[    6.588728][    T1] i8042: PNP: PS/2 Controller [PNP0303:KBD,PNP0f13:MOU] at 0x60,0x64 irq 1,12
[    6.590468][    T1] serio: i8042 KBD port at 0x60,0x64 irq 1
[    6.591615][    T1] serio: i8042 AUX port at 0x60,0x64 irq 12
[    6.594738][    T1] mousedev: PS/2 mouse device common for all mice
[    6.596926][ T4141] input: AT Translated Set 2 keyboard as /devices/platform/i8042/serio0/input/input1
[    6.600645][    T1] usbcore: registered new interface driver appletouch
[    6.601517][    T1] usbcore: registered new interface driver bcm5974
[    6.604750][    T1] usbcore: registered new interface driver synaptics_usb
[    6.608795][    T1] usbcore: registered new interface driver iforce
[    6.609643][    T1] usbcore: registered new interface driver xpad
[    6.610418][    T1] usbcore: registered new interface driver usb_acecad
[    6.611214][    T1] usbcore: registered new interface driver aiptek
[    6.611907][    T1] usbcore: registered new interface driver hanwang
[    6.612607][    T1] usbcore: registered new interface driver kbtab
[    6.614545][    T1] usbcore: registered new interface driver pegasus_notetaker
[    6.615453][    T1] usbcore: registered new interface driver usbtouchscreen
[    6.616217][    T1] usbcore: registered new interface driver sur40
[    6.617252][    T1] usbcore: registered new interface driver ati_remote2
[    6.617782][    T1] cm109: Keymap for Komunikate KIP1000 phone loaded
[    6.618845][    T1] usbcore: registered new interface driver cm109
[    6.619344][    T1] cm109: CM109 phone driver: 20080805 (C) Alfred E. Heggestad
[    6.620787][    T1] usbcore: registered new interface driver ims_pcu
[    6.621578][    T1] usbcore: registered new interface driver keyspan_remote
[    6.622315][    T1] usbcore: registered new interface driver powermate
[    6.624100][    T1] usbcore: registered new interface driver yealink
[    6.625912][    T1] rtc_cmos 00:05: RTC can wake from S4
[    6.628542][    T1] rtc_cmos 00:05: registered as rtc0
[    6.628963][    T1] rtc_cmos 00:05: alarms up to one day, y3k, 242 bytes nvram, hpet irqs
[    6.632238][    T1] i2c /dev entries driver
[    6.633722][    T1] usbcore: registered new interface driver i2c-diolan-u2c
[    6.634668][    T1] usbcore: registered new interface driver RobotFuzz Open Source InterFace, OSIF
[    6.635570][    T1] usbcore: registered new interface driver i2c-tiny-usb
[    6.638766][    T1] usbcore: registered new interface driver ati_remote
[    6.639621][    T1] usbcore: registered new interface driver imon
[    6.640441][    T1] usbcore: registered new interface driver mceusb
[    6.641523][    T1] usbcore: registered new interface driver redrat3
[    6.645521][    T1] usbcore: registered new interface driver streamzap
[    6.646243][    T1] usbcore: registered new interface driver igorplugusb
[    6.647032][    T1] usbcore: registered new interface driver iguanair
[    6.647775][    T1] usbcore: registered new interface driver ttusbir
[    6.648283][    T1] b2c2-flexcop: B2C2 FlexcopII/II(b)/III digital TV receiver chip loaded successfully
[    6.659131][    T1] vivid-000: using single planar format API
[    6.670874][    T1] vivid-000: CEC adapter cec0 registered for HDMI input 0
[    6.671853][    T1] vivid-000: V4L2 capture device registered as video3
[    6.672785][    T1] vivid-000: CEC adapter cec1 registered for HDMI output 0
[    6.673628][    T1] vivid-000: V4L2 output device registered as video4
[    6.674458][    T1] vivid-000: V4L2 capture device registered as vbi0, supports raw and sliced VBI
[    6.675555][    T1] vivid-000: V4L2 output device registered as vbi1, supports raw and sliced VBI
[    6.676656][    T1] vivid-000: V4L2 capture device registered as swradio0
[    6.677365][ T4373] kworker/u5:1 (4373) used greatest stack depth: 26480 bytes left
[    6.678089][    T1] vivid-000: V4L2 receiver device registered as radio0
[    6.679003][    T1] vivid-000: V4L2 transmitter device registered as radio1
[    6.679875][    T1] vivid-000: V4L2 metadata capture device registered as video5
[    6.680796][    T1] vivid-000: V4L2 metadata output device registered as video6
[    6.681693][    T1] vivid-000: V4L2 touch capture device registered as v4l-touch0
[    6.682594][    T1] vivid-001: using multiplanar format API
[    6.691227][    T1] vivid-001: CEC adapter cec2 registered for HDMI input 0
[    6.692093][    T1] vivid-001: V4L2 capture device registered as video7
[    6.693447][    T1] vivid-001: CEC adapter cec3 registered for HDMI output 0
[    6.694333][    T1] vivid-001: V4L2 output device registered as video8
[    6.695153][    T1] vivid-001: V4L2 capture device registered as vbi2, supports raw and sliced VBI
[    6.696147][    T1] vivid-001: V4L2 output device registered as vbi3, supports raw and sliced VBI
[    6.697128][    T1] vivid-001: V4L2 capture device registered as swradio1
[    6.697968][    T1] vivid-001: V4L2 receiver device registered as radio2
[    6.698779][    T1] vivid-001: V4L2 transmitter device registered as radio3
[    6.700039][    T1] vivid-001: V4L2 metadata capture device registered as video9
[    6.701439][    T1] vivid-001: V4L2 metadata output device registered as video10
[    6.703875][    T1] vivid-001: V4L2 touch capture device registered as v4l-touch1
[    6.705070][    T1] vivid-002: using single planar format API
[    6.713531][    T1] vivid-002: CEC adapter cec4 registered for HDMI input 0
[    6.714545][    T1] vivid-002: V4L2 capture device registered as video11
[    6.715391][    T1] vivid-002: CEC adapter cec5 registered for HDMI output 0
[    6.716156][    T1] vivid-002: V4L2 output device registered as video12
[    6.717043][    T1] vivid-002: V4L2 capture device registered as vbi4, supports raw and sliced VBI
[    6.718107][    T1] vivid-002: V4L2 output device registered as vbi5, supports raw and sliced VBI
[    6.719096][    T1] vivid-002: V4L2 capture device registered as swradio2
[    6.719936][    T1] vivid-002: V4L2 receiver device registered as radio4
[    6.720764][    T1] vivid-002: V4L2 transmitter device registered as radio5
[    6.721624][    T1] vivid-002: V4L2 metadata capture device registered as video13
[    6.722690][    T1] vivid-002: V4L2 metadata output device registered as video14
[    6.723963][    T1] vivid-002: V4L2 touch capture device registered as v4l-touch2
[    6.724875][    T1] vivid-003: using multiplanar format API
[    6.734216][    T1] vivid-003: CEC adapter cec6 registered for HDMI input 0
[    6.735203][    T1] vivid-003: V4L2 capture device registered as video15
[    6.736118][    T1] vivid-003: CEC adapter cec7 registered for HDMI output 0
[    6.737013][    T1] vivid-003: V4L2 output device registered as video16
[    6.737915][    T1] vivid-003: V4L2 capture device registered as vbi6, supports raw and sliced VBI
[    6.739011][    T1] vivid-003: V4L2 output device registered as vbi7, supports raw and sliced VBI
[    6.740096][    T1] vivid-003: V4L2 capture device registered as swradio3
[    6.740914][    T1] vivid-003: V4L2 receiver device registered as radio6
[    6.741745][    T1] vivid-003: V4L2 transmitter device registered as radio7
[    6.742609][    T1] vivid-003: V4L2 metadata capture device registered as video17
[    6.743808][    T1] vivid-003: V4L2 metadata output device registered as video18
[    6.744786][    T1] vivid-003: V4L2 touch capture device registered as v4l-touch3
[    6.745794][    T1] vivid-004: using single planar format API
[    6.754415][    T1] vivid-004: CEC adapter cec8 registered for HDMI input 0
[    6.755323][    T1] vivid-004: V4L2 capture device registered as video19
[    6.756198][    T1] vivid-004: CEC adapter cec9 registered for HDMI output 0
[    6.757031][    T1] vivid-004: V4L2 output device registered as video20
[    6.757857][    T1] vivid-004: V4L2 capture device registered as vbi8, supports raw and sliced VBI
[    6.758836][    T1] vivid-004: V4L2 output device registered as vbi9, supports raw and sliced VBI
[    6.760003][    T1] vivid-004: V4L2 capture device registered as swradio4
[    6.760975][    T1] vivid-004: V4L2 receiver device registered as radio8
[    6.762256][    T1] vivid-004: V4L2 transmitter device registered as radio9
[    6.764220][    T1] vivid-004: V4L2 metadata capture device registered as video21
[    6.765398][    T1] vivid-004: V4L2 metadata output device registered as video22
[    6.766866][    T1] vivid-004: V4L2 touch capture device registered as v4l-touch4
[    6.768113][    T1] vivid-005: using multiplanar format API
[    6.776935][    T1] vivid-005: CEC adapter cec10 registered for HDMI input 0
[    6.777981][    T1] vivid-005: V4L2 capture device registered as video23
[    6.778996][    T1] vivid-005: CEC adapter cec11 registered for HDMI output 0
[    6.780052][    T1] vivid-005: V4L2 output device registered as video24
[    6.781082][    T1] vivid-005: V4L2 capture device registered as vbi10, supports raw and sliced VBI
[    6.782298][    T1] vivid-005: V4L2 output device registered as vbi11, supports raw and sliced VBI
[    6.783649][    T1] vivid-005: V4L2 capture device registered as swradio5
[    6.784661][    T1] vivid-005: V4L2 receiver device registered as radio10
[    6.785717][    T1] vivid-005: V4L2 transmitter device registered as radio11
[    6.786788][    T1] vivid-005: V4L2 metadata capture device registered as video25
[    6.787974][    T1] vivid-005: V4L2 metadata output device registered as video26
[    6.789259][    T1] vivid-005: V4L2 touch capture device registered as v4l-touch5
[    6.790351][    T1] vivid-006: using single planar format API
[    6.799472][    T1] vivid-006: CEC adapter cec12 registered for HDMI input 0
[    6.800386][    T1] vivid-006: V4L2 capture device registered as video27
[    6.801281][    T1] vivid-006: CEC adapter cec13 registered for HDMI output 0
[    6.802235][    T1] vivid-006: V4L2 output device registered as video28
[    6.803170][    T1] vivid-006: V4L2 capture device registered as vbi12, supports raw and sliced VBI
[    6.804568][    T1] vivid-006: V4L2 output device registered as vbi13, supports raw and sliced VBI
[    6.805860][    T1] vivid-006: V4L2 capture device registered as swradio6
[    6.806724][    T1] vivid-006: V4L2 receiver device registered as radio12
[    6.807667][    T1] vivid-006: V4L2 transmitter device registered as radio13
[    6.808603][    T1] vivid-006: V4L2 metadata capture device registered as video29
[    6.809625][    T1] vivid-006: V4L2 metadata output device registered as video30
[    6.810721][    T1] vivid-006: V4L2 touch capture device registered as v4l-touch6
[    6.811986][    T1] vivid-007: using multiplanar format API
[    6.820379][    T1] vivid-007: CEC adapter cec14 registered for HDMI input 0
[    6.821317][    T1] vivid-007: V4L2 capture device registered as video31
[    6.822205][    T1] vivid-007: CEC adapter cec15 registered for HDMI output 0
[    6.824387][    T1] vivid-007: V4L2 output device registered as video32
[    6.825313][    T1] vivid-007: V4L2 capture device registered as vbi14, supports raw and sliced VBI
[    6.826726][    T1] vivid-007: V4L2 output device registered as vbi15, supports raw and sliced VBI
[    6.828034][    T1] vivid-007: V4L2 capture device registered as swradio7
[    6.828884][    T1] vivid-007: V4L2 receiver device registered as radio14
[    6.829840][    T1] vivid-007: V4L2 transmitter device registered as radio15
[    6.830797][    T1] vivid-007: V4L2 metadata capture device registered as video33
[    6.831822][    T1] vivid-007: V4L2 metadata output device registered as video34
[    6.832920][    T1] vivid-007: V4L2 touch capture device registered as v4l-touch7
[    6.833936][    T1] vivid-008: using single planar format API
[    6.842520][    T1] vivid-008: CEC adapter cec16 registered for HDMI input 0
[    6.843989][    T1] vivid-008: V4L2 capture device registered as video35
[    6.844868][    T1] vivid-008: CEC adapter cec17 registered for HDMI output 0
[    6.845734][    T1] vivid-008: V4L2 output device registered as video36
[    6.846548][    T1] vivid-008: V4L2 capture device registered as vbi16, supports raw and sliced VBI
[    6.847606][    T1] vivid-008: V4L2 output device registered as vbi17, supports raw and sliced VBI
[    6.849111][    T1] vivid-008: V4L2 capture device registered as swradio8
[    6.849913][    T1] vivid-008: V4L2 receiver device registered as radio16
[    6.850863][    T1] vivid-008: V4L2 transmitter device registered as radio17
[    6.851790][    T1] vivid-008: V4L2 metadata capture device registered as video37
