c[?7l[2J[0mSeaBIOS (version rel-1.16.0-0-gd239552ce722-prebuilt.qemu.org)


iPXE (http://ipxe.org) 00:03.0 CA00 PCI2.10 PnP PMM+7FF91000+7FEF1000 CA00
Press Ctrl-B to configure iPXE (PCI 00:03.0)...                                                                               


Booting from ROM..c[?7l[2Jearly console in extract_kernel
input_data: 0x000000000bf3c2c8
input_len: 0x00000000044c50c3
output: 0x0000000001000000
output_len: 0x000000000e01bb28
kernel_total_size: 0x000000000f426000
needed_size: 0x000000000f600000
trampoline_32bit: 0x000000000009d000

Decompressing Linux... Parsing ELF... done.
Booting the kernel.
[    0.000000][    T0] Linux version 5.6.0-rc3-83672db7d6c6-00031-g83672db7d6c6 (root@xpf.sh.intel.com) (gcc version 8.5.0 20210514 (Red Hat 8.5.0-20) (GCC)) #1 SMP PREEMPT Sat Dec 2 14:17:57 CST 2023
[    0.000000][    T0] Command line: console=ttyS0 root=/dev/sda1 earlyprintk=serial net.ifnames=0 thunderbolt.dyndbg plymouth.enable=0
[    0.000000][    T0] KERNEL supported cpus:
[    0.000000][    T0]   Intel GenuineIntel
[    0.000000][    T0]   AMD AuthenticAMD
[    0.000000][    T0] x86/fpu: Supporting XSAVE feature 0x001: 'x87 floating point registers'
[    0.000000][    T0] x86/fpu: Supporting XSAVE feature 0x002: 'SSE registers'
[    0.000000][    T0] x86/fpu: Supporting XSAVE feature 0x004: 'AVX registers'
[    0.000000][    T0] x86/fpu: Supporting XSAVE feature 0x008: 'MPX bounds registers'
[    0.000000][    T0] x86/fpu: Supporting XSAVE feature 0x010: 'MPX CSR'
[    0.000000][    T0] x86/fpu: Supporting XSAVE feature 0x020: 'AVX-512 opmask'
[    0.000000][    T0] x86/fpu: Supporting XSAVE feature 0x040: 'AVX-512 Hi256'
[    0.000000][    T0] x86/fpu: Supporting XSAVE feature 0x080: 'AVX-512 ZMM_Hi256'
[    0.000000][    T0] x86/fpu: xstate_offset[2]:  576, xstate_sizes[2]:  256
[    0.000000][    T0] x86/fpu: xstate_offset[3]:  832, xstate_sizes[3]:   64
[    0.000000][    T0] x86/fpu: xstate_offset[4]:  896, xstate_sizes[4]:   64
[    0.000000][    T0] x86/fpu: xstate_offset[5]:  960, xstate_sizes[5]:   64
[    0.000000][    T0] x86/fpu: xstate_offset[6]: 1024, xstate_sizes[6]:  512
[    0.000000][    T0] x86/fpu: xstate_offset[7]: 1536, xstate_sizes[7]: 1024
[    0.000000][    T0] x86/fpu: Enabled xstate features 0xff, context size is 2560 bytes, using 'compacted' format.
[    0.000000][    T0] BIOS-provided physical RAM map:
[    0.000000][    T0] BIOS-e820: [mem 0x0000000000000000-0x000000000009fbff] usable
[    0.000000][    T0] BIOS-e820: [mem 0x000000000009fc00-0x000000000009ffff] reserved
[    0.000000][    T0] BIOS-e820: [mem 0x00000000000f0000-0x00000000000fffff] reserved
[    0.000000][    T0] BIOS-e820: [mem 0x0000000000100000-0x000000007ffdffff] usable
[    0.000000][    T0] BIOS-e820: [mem 0x000000007ffe0000-0x000000007fffffff] reserved
[    0.000000][    T0] BIOS-e820: [mem 0x00000000feffc000-0x00000000feffffff] reserved
[    0.000000][    T0] BIOS-e820: [mem 0x00000000fffc0000-0x00000000ffffffff] reserved
[    0.000000][    T0] printk: bootconsole [earlyser0] enabled
[    0.000000][    T0] ERROR: earlyprintk= earlyser already used
[    0.000000][    T0] ERROR: earlyprintk= earlyser already used
[    0.000000][    T0] ERROR: earlyprintk= earlyser already used
[    0.000000][    T0] Malformed early option 'vsyscall'
[    0.000000][    T0] nopcid: PCID feature disabled
[    0.000000][    T0] NX (Execute Disable) protection: active
[    0.000000][    T0] SMBIOS 2.8 present.
[    0.000000][    T0] DMI: QEMU Standard PC (i440FX + PIIX, 1996), BIOS rel-1.16.0-0-gd239552ce722-prebuilt.qemu.org 04/01/2014
[    0.000000][    T0] Hypervisor detected: KVM
[    0.000000][    T0] kvm-clock: Using msrs 4b564d01 and 4b564d00
[    0.000001][    T0] kvm-clock: cpu 0, msr ec42001, primary cpu clock
[    0.000002][    T0] kvm-clock: using sched offset of 856114363 cycles
[    0.000536][    T0] clocksource: kvm-clock: mask: 0xffffffffffffffff max_cycles: 0x1cd42e4dffb, max_idle_ns: 881590591483 ns
[    0.002009][    T0] tsc: Detected 2999.998 MHz processor
[    0.007367][    T0] last_pfn = 0x7ffe0 max_arch_pfn = 0x400000000
[    0.007959][    T0] x86/PAT: Configuration [0-7]: WB  WC  UC- UC  WB  WP  UC- WT  
[    0.015915][    T0] found SMP MP-table at [mem 0x000f5ba0-0x000f5baf]
[    0.016504][    T0] Using GB pages for direct mapping
[    0.017543][    T0] ACPI: Early table checksum verification disabled
[    0.018084][    T0] ACPI: RSDP 0x00000000000F59C0 000014 (v00 BOCHS )
[    0.018839][    T0] ACPI: RSDT 0x000000007FFE1951 000034 (v01 BOCHS  BXPC     00000001 BXPC 00000001)
[    0.019861][    T0] ACPI: FACP 0x000000007FFE17FD 000074 (v01 BOCHS  BXPC     00000001 BXPC 00000001)
[    0.020740][    T0] ACPI: DSDT 0x000000007FFE0040 0017BD (v01 BOCHS  BXPC     00000001 BXPC 00000001)
[    0.021608][    T0] ACPI: FACS 0x000000007FFE0000 000040
[    0.022118][    T0] ACPI: APIC 0x000000007FFE1871 000080 (v01 BOCHS  BXPC     00000001 BXPC 00000001)
[    0.022976][    T0] ACPI: HPET 0x000000007FFE18F1 000038 (v01 BOCHS  BXPC     00000001 BXPC 00000001)
[    0.023827][    T0] ACPI: WAET 0x000000007FFE1929 000028 (v01 BOCHS  BXPC     00000001 BXPC 00000001)
[    0.025524][    T0] No NUMA configuration found
[    0.025934][    T0] Faking a node at [mem 0x0000000000000000-0x000000007ffdffff]
[    0.026618][    T0] Faking node 0 at [mem 0x0000000000000000-0x000000003fffffff] (1024MB)
[    0.027364][    T0] Faking node 1 at [mem 0x0000000040000000-0x000000007ffdffff] (1023MB)
[    0.028338][    T0] NODE_DATA(0) allocated [mem 0x3fffb000-0x3fffffff]
[    0.029018][    T0] NODE_DATA(1) allocated [mem 0x7ffda000-0x7ffdefff]
[    0.033102][    T0] Zone ranges:
[    0.033424][    T0]   DMA      [mem 0x0000000000001000-0x0000000000ffffff]
[    0.034001][    T0]   DMA32    [mem 0x0000000001000000-0x000000007ffdffff]
[    0.034626][    T0]   Normal   empty
[    0.034939][    T0]   Device   empty
[    0.035287][    T0] Movable zone start for each node
[    0.035697][    T0] Early memory node ranges
[    0.036051][    T0]   node   0: [mem 0x0000000000001000-0x000000000009efff]
[    0.036671][    T0]   node   0: [mem 0x0000000000100000-0x000000003fffffff]
[    0.037306][    T0]   node   1: [mem 0x0000000040000000-0x000000007ffdffff]
[    0.037938][    T0] Zeroed struct page in unavailable ranges: 130 pages
[    0.037942][    T0] Initmem setup node 0 [mem 0x0000000000001000-0x000000003fffffff]
[    0.049741][    T0] Initmem setup node 1 [mem 0x0000000040000000-0x000000007ffdffff]
[    0.094412][    T0] kasan: KernelAddressSanitizer initialized
[    0.095301][    T0] ACPI: PM-Timer IO Port: 0x608
[    0.095844][    T0] ACPI: LAPIC_NMI (acpi_id[0xff] dfl dfl lint[0x1])
[    0.096527][    T0] IOAPIC[0]: apic_id 0, version 17, address 0xfec00000, GSI 0-23
[    0.097353][    T0] ACPI: INT_SRC_OVR (bus 0 bus_irq 0 global_irq 2 dfl dfl)
[    0.098094][    T0] ACPI: INT_SRC_OVR (bus 0 bus_irq 5 global_irq 5 high level)
[    0.098846][    T0] ACPI: INT_SRC_OVR (bus 0 bus_irq 9 global_irq 9 high level)
[    0.099612][    T0] ACPI: INT_SRC_OVR (bus 0 bus_irq 10 global_irq 10 high level)
[    0.100419][    T0] ACPI: INT_SRC_OVR (bus 0 bus_irq 11 global_irq 11 high level)
[    0.101201][    T0] Using ACPI (MADT) for SMP configuration information
[    0.101879][    T0] ACPI: HPET id: 0x8086a201 base: 0xfed00000
[    0.102531][    T0] smpboot: Allowing 2 CPUs, 0 hotplug CPUs
[    0.103125][    T0] KVM setup pv sched yield
[    0.103631][    T0] PM: hibernation: Registered nosave memory: [mem 0x00000000-0x00000fff]
[    0.104525][    T0] PM: hibernation: Registered nosave memory: [mem 0x0009f000-0x0009ffff]
[    0.105377][    T0] PM: hibernation: Registered nosave memory: [mem 0x000a0000-0x000effff]
[    0.106193][    T0] PM: hibernation: Registered nosave memory: [mem 0x000f0000-0x000fffff]
[    0.107043][    T0] [mem 0x80000000-0xfeffbfff] available for PCI devices
[    0.107673][    T0] Booting paravirtualized kernel on KVM
[    0.108199][    T0] clocksource: refined-jiffies: mask: 0xffffffff max_cycles: 0xffffffff, max_idle_ns: 19112604462750000 ns
[    0.151986][    T0] setup_percpu: NR_CPUS:8 nr_cpumask_bits:8 nr_cpu_ids:2 nr_node_ids:2
[    0.153399][    T0] percpu: Embedded 65 pages/cpu s227592 r8192 d30456 u2097152
[    0.154176][    T0] KVM setup async PF for cpu 0
[    0.154634][    T0] kvm-stealtime: cpu 0, msr 2ce21a80
[    0.155144][    T0] PV qspinlock hash table entries: 256 (order: 0, 4096 bytes, linear)
[    0.155882][    T0] Built 2 zonelists, mobility grouping on.  Total pages: 515945
[    0.156553][    T0] Policy zone: DMA32
[    0.156943][    T0] Kernel command line: earlyprintk=serial net.ifnames=0 sysctl.kernel.hung_task_all_cpu_backtrace=1 ima_policy=tcb nf-conntrack-ftp.ports=20000 nf-conntrack-tftp.ports=20000 nf-conntrack-sip.ports=20000 nf-conntrack-irc.ports=20000 nf-conntrack-sane.ports=20000 binder.debug_mask=0 rcupdate.rcu_expedited=1 rcupdate.rcu_cpu_stall_cputime=1 no_hash_pointers page_owner=on sysctl.vm.nr_hugepages=4 sysctl.vm.nr_overcommit_hugepages=4 secretmem.enable=1 sysctl.max_rcu_stall_to_panic=1 msr.allow_writes=off coredump_filter=0xffff root=/dev/sda console=ttyS0 vsyscall=native numa=fake=2 kvm-intel.nested=1 spec_store_bypass_disable=prctl nopcid vivid.n_devs=16 vivid.multiplanar=1,2,1,2,1,2,1,2,1,2,1,2,1,2,1,2 netrom.nr_ndevs=16 rose.rose_ndevs=16 smp.csd_lock_timeout=100000 watchdog_thresh=55 workqueue.watchdog_thresh=140 sysctl.net.core.netdev_unregister_timeout_secs=140 dummy_hcd.num=8 panic_on_warn=1 console=ttyS0 root=/dev/sda1 earlyprintk=serial net.ifnames=0 thunderb
[    0.160256][    T0] mem auto-init: stack:off, heap alloc:on, heap free:off
[    0.278546][    T0] Memory: 1519572K/2096632K available (133130K kernel code, 40627K rwdata, 27172K rodata, 2588K init, 24468K bss, 577060K reserved, 0K cma-reserved)
[    0.280683][    T0] SLUB: HWalign=64, Order=0-3, MinObjects=0, CPUs=2, Nodes=2
[    0.282925][    T0] Running RCU self tests
[    0.283338][    T0] rcu: Preemptible hierarchical RCU implementation.
[    0.283941][    T0] rcu: 	RCU lockdep checking is enabled.
[    0.284420][    T0] rcu: 	RCU restricting CPUs from NR_CPUS=8 to nr_cpu_ids=2.
[    0.285093][    T0] rcu: 	RCU callback double-/use-after-free debug enabled.
[    0.285751][    T0] rcu: 	RCU debug extended QS entry/exit.
[    0.286268][    T0] 	All grace periods are expedited (rcu_expedited).
[    0.286863][    T0] 	Tasks RCU enabled.
[    0.287249][    T0] rcu: RCU calculated value of scheduler-enlistment delay is 10 jiffies.
[    0.288011][    T0] rcu: Adjusting geometry for rcu_fanout_leaf=16, nr_cpu_ids=2
[    0.293184][    T0] NR_IRQS: 4352, nr_irqs: 440, preallocated irqs: 16
[    0.294350][    T0] random: get_random_bytes called from start_kernel+0x521/0x85a with crng_init=0
[    0.298921][    T0] Console: colour VGA+ 80x25
[    0.300259][    T0] printk: console [ttyS0] enabled
[    0.300259][    T0] printk: console [ttyS0] enabled
[    0.301195][    T0] printk: bootconsole [earlyser0] disabled
[    0.301195][    T0] printk: bootconsole [earlyser0] disabled
[    0.302294][    T0] Lock dependency validator: Copyright (c) 2006 Red Hat, Inc., Ingo Molnar
[    0.303092][    T0] ... MAX_LOCKDEP_SUBCLASSES:  8
[    0.303577][    T0] ... MAX_LOCK_DEPTH:          48
[    0.304025][    T0] ... MAX_LOCKDEP_KEYS:        8192
[    0.304453][    T0] ... CLASSHASH_SIZE:          4096
[    0.304934][    T0] ... MAX_LOCKDEP_ENTRIES:     32768
[    0.305434][    T0] ... MAX_LOCKDEP_CHAINS:      65536
[    0.305871][    T0] ... CHAINHASH_SIZE:          32768
[    0.306348][    T0]  memory used by lock dependency info: 6237 kB
[    0.306889][    T0]  memory used for stack traces: 4224 kB
[    0.307547][    T0]  per task-struct memory footprint: 1920 bytes
[    0.308358][    T0] mempolicy: Enabling automatic NUMA balancing. Configure with numa_balancing= or the kernel.numa_balancing sysctl
[    0.309495][    T0] ACPI: Core revision 20200110
[    0.310380][    T0] clocksource: hpet: mask: 0xffffffff max_cycles: 0xffffffff, max_idle_ns: 19112604467 ns
[    0.311502][    T0] APIC: Switch to symmetric I/O mode setup
[    0.312194][    T0] x2apic enabled
[    0.312692][    T0] Switched APIC routing to physical x2apic.
[    0.313225][    T0] KVM setup pv IPIs
[    0.314636][    T0] ..TIMER: vector=0x30 apic1=0 pin1=2 apic2=-1 pin2=-1
[    0.315272][    T0] clocksource: tsc-early: mask: 0xffffffffffffffff max_cycles: 0x2b3e43c8763, max_idle_ns: 440795360101 ns
[    0.316290][    T0] Calibrating delay loop (skipped) preset value.. 5999.99 BogoMIPS (lpj=29999980)
[    0.317039][    T0] pid_max: default: 32768 minimum: 301
[    0.317649][    T0] LSM: Security Framework initializing
[    0.318135][    T0] Yama: becoming mindful.
[    0.318551][    T0] TOMOYO Linux initialized
[    0.319092][    T0] AppArmor: AppArmor initialized
[    0.320360][    T0] Dentry cache hash table entries: 262144 (order: 9, 2097152 bytes, vmalloc)
[    0.321470][    T0] Inode-cache hash table entries: 131072 (order: 8, 1048576 bytes, vmalloc)
[    0.327155][    T0] Mount-cache hash table entries: 4096 (order: 3, 32768 bytes, vmalloc)
[    0.327922][    T0] Mountpoint-cache hash table entries: 4096 (order: 3, 32768 bytes, vmalloc)
[    0.328774][    T0] *** VALIDATE tmpfs ***
[    0.330149][    T0] *** VALIDATE proc ***
[    0.331034][    T0] *** VALIDATE cgroup ***
[    0.331394][    T0] *** VALIDATE cgroup2 ***
[    0.331957][    T0] x86/cpu: User Mode Instruction Prevention (UMIP) activated
[    0.332652][    T0] Last level iTLB entries: 4KB 0, 2MB 0, 4MB 0
[    0.333155][    T0] Last level dTLB entries: 4KB 0, 2MB 0, 4MB 0, 1GB 0
[    0.333721][    T0] Spectre V1 : Mitigation: usercopy/swapgs barriers and __user pointer sanitization
[    0.334509][    T0] Spectre V2 : Mitigation: Enhanced IBRS
[    0.334936][    T0] Spectre V2 : Spectre v2 / SpectreRSB mitigation: Filling RSB on context switch
[    0.335635][    T0] Spectre V2 : mitigation: Enabling conditional Indirect Branch Prediction Barrier
[    0.336333][    T0] Speculative Store Bypass: Mitigation: Speculative Store Bypass disabled via prctl
[    0.337056][    T0] TAA: Mitigation: Clear CPU buffers
[    0.338384][    T0] Freeing SMP alternatives memory: 100K
[    0.339615][    T1] smpboot: CPU0: Intel(R) Core(TM) i9-10980XE CPU @ 3.00GHz (family: 0x6, model: 0x55, stepping: 0x7)
[    0.406336][    T1] Performance Events: Skylake events, full-width counters, Intel PMU driver.
[    0.407086][    T1] ... version:                2
[    0.407456][    T1] ... bit width:              48
[    0.407833][    T1] ... generic registers:      4
[    0.408205][    T1] ... value mask:             0000ffffffffffff
[    0.408673][    T1] ... max period:             00007fffffffffff
[    0.409139][    T1] ... fixed-purpose events:   3
[    0.409507][    T1] ... event mask:             000000070000000f
[    0.426310][    T1] rcu: Hierarchical SRCU implementation.
[    0.476307][    T1] smp: Bringing up secondary CPUs ...
[    0.556464][    T1] x86: Booting SMP configuration:
[    0.556880][    T1] .... node  #1, CPUs:      #1
[    0.022075][    T0] kvm-clock: cpu 1, msr ec42041, secondary cpu clock
[    0.558229][   T15] KVM setup async PF for cpu 1
[    0.558229][   T15] kvm-stealtime: cpu 1, msr 7ec21a80
[    0.558229][    T1] smp: Brought up 2 nodes, 2 CPUs
[    0.558229][    T1] smpboot: Max logical packages: 1
[    0.558229][    T1] smpboot: Total of 2 processors activated (11999.99 BogoMIPS)
[    0.560833][    T1] allocated 12582912 bytes of page_ext
[    0.561378][    T1] Node 0, zone      DMA: page owner found early allocated 0 pages
[    0.568159][    T1] Node 0, zone    DMA32: page owner found early allocated 2661 pages
[    0.569094][    T1] Node 1, zone    DMA32: page owner found early allocated 2636 pages
[    0.570511][    T1] devtmpfs: initialized
[    0.570511][    T1] x86/mm: Memory block size: 128MB
[    0.590089][    T1] clocksource: jiffies: mask: 0xffffffff max_cycles: 0xffffffff, max_idle_ns: 19112604462750000 ns
[    0.591123][    T1] futex hash table entries: 512 (order: 4, 65536 bytes, vmalloc)
[    0.592244][    T1] xor: automatically using best checksumming function   avx       
[    0.593369][   T24] kworker/u5:0 (24) used greatest stack depth: 27480 bytes left
[    0.595711][    T1] PM: RTC time: 04:00:31, date: 2023-12-03
[    0.596343][    T1] thermal_sys: Registered thermal governor 'step_wise'
[    0.596346][    T1] thermal_sys: Registered thermal governor 'user_space'
[    0.598152][    T1] NET: Registered protocol family 16
[    0.602243][    T1] audit: initializing netlink subsys (disabled)
[    0.603093][   T29] kworker/u5:1 (29) used greatest stack depth: 27064 bytes left
[    0.604551][   T34] audit: type=2000 audit(1701576032.382:1): state=initialized audit_enabled=0 res=1
[    0.607749][    T1] cpuidle: using governor menu
[    0.610575][    T1] KVM setup pv remote TLB flush
[    0.610992][    T1] ACPI: bus type PCI registered
[    0.614277][    T1] dca service started, version 1.12.1
[    0.615051][    T1] PCI: Using configuration type 1 for base access
[    0.650306][   T75] kworker/u5:1 (75) used greatest stack depth: 26968 bytes left
[    0.926994][    T1] HugeTLB registered 1.00 GiB page size, pre-allocated 0 pages
[    0.927632][    T1] HugeTLB registered 2.00 MiB page size, pre-allocated 0 pages
[    0.940298][    T1] cryptd: max_cpu_qlen set to 1000
[    0.968697][    T1] raid6: skip pq benchmark and using algorithm avx512x4
[    0.968697][    T1] raid6: using avx512x2 recovery algorithm
[    0.968697][    T1] ACPI: Added _OSI(Module Device)
[    0.968934][    T1] ACPI: Added _OSI(Processor Device)
[    0.969337][    T1] ACPI: Added _OSI(3.0 _SCP Extensions)
[    0.969759][    T1] ACPI: Added _OSI(Processor Aggregator Device)
[    0.970244][    T1] ACPI: Added _OSI(Linux-Dell-Video)
[    0.970652][    T1] ACPI: Added _OSI(Linux-Lenovo-NV-HDMI-Audio)
[    0.977904][    T1] ACPI: Added _OSI(Linux-HPI-Hybrid-Graphics)
[    0.997948][    T1] ACPI: 1 ACPI AML tables successfully acquired and loaded
[    1.029342][    T1] ACPI: Interpreter enabled
[    1.029857][    T1] ACPI: (supports S0 S3 S4 S5)
[    1.030236][    T1] ACPI: Using IOAPIC for interrupt routing
[    1.030937][    T1] PCI: Using host bridge windows from ACPI; if necessary, use "pci=nocrs" and report a bug
[    1.033310][    T1] ACPI: Enabled 2 GPEs in block 00 to 0F
[    1.088952][    T1] ACPI: PCI Root Bridge [PCI0] (domain 0000 [bus 00-ff])
[    1.089558][    T1] acpi PNP0A03:00: _OSC: OS supports [ASPM ClockPM Segments MSI HPX-Type3]
[    1.090471][    T1] acpi PNP0A03:00: fail to add MMCONFIG information, can't access extended PCI configuration space under this bridge.
[    1.092727][    T1] PCI host bridge to bus 0000:00
[    1.093151][    T1] pci_bus 0000:00: Unknown NUMA node; performance will be reduced
[    1.093825][    T1] pci_bus 0000:00: root bus resource [io  0x0000-0x0cf7 window]
[    1.094471][    T1] pci_bus 0000:00: root bus resource [io  0x0d00-0xffff window]
[    1.095120][    T1] pci_bus 0000:00: root bus resource [mem 0x000a0000-0x000bffff window]
[    1.095825][    T1] pci_bus 0000:00: root bus resource [mem 0x80000000-0xfebfffff window]
[    1.096362][    T1] pci_bus 0000:00: root bus resource [mem 0x100000000-0x17fffffff window]
[    1.097087][    T1] pci_bus 0000:00: root bus resource [bus 00-ff]
[    1.097789][    T1] pci 0000:00:00.0: [8086:1237] type 00 class 0x060000
[    1.102746][    T1] pci 0000:00:01.0: [8086:7000] type 00 class 0x060100
[    1.105798][    T1] pci 0000:00:01.1: [8086:7010] type 00 class 0x010180
[    1.108738][    T1] pci 0000:00:01.1: reg 0x20: [io  0xc040-0xc04f]
[    1.109889][    T1] pci 0000:00:01.1: legacy IDE quirk: reg 0x10: [io  0x01f0-0x01f7]
[    1.110580][    T1] pci 0000:00:01.1: legacy IDE quirk: reg 0x14: [io  0x03f6]
[    1.111171][    T1] pci 0000:00:01.1: legacy IDE quirk: reg 0x18: [io  0x0170-0x0177]
[    1.111815][    T1] pci 0000:00:01.1: legacy IDE quirk: reg 0x1c: [io  0x0376]
[    1.114379][    T1] pci 0000:00:01.3: [8086:7113] type 00 class 0x068000
[    1.115245][    T1] pci 0000:00:01.3: quirk: [io  0x0600-0x063f] claimed by PIIX4 ACPI
[    1.115887][    T1] pci 0000:00:01.3: quirk: [io  0x0700-0x070f] claimed by PIIX4 SMB
[    1.118261][    T1] pci 0000:00:02.0: [1234:1111] type 00 class 0x030000
[    1.120137][    T1] pci 0000:00:02.0: reg 0x10: [mem 0xfd000000-0xfdffffff pref]
[    1.121945][    T1] pci 0000:00:02.0: reg 0x18: [mem 0xfebf0000-0xfebf0fff]
[    1.124924][    T1] pci 0000:00:02.0: reg 0x30: [mem 0xfebe0000-0xfebeffff pref]
[    1.129438][    T1] pci 0000:00:03.0: [8086:100e] type 00 class 0x020000
[    1.130449][    T1] pci 0000:00:03.0: reg 0x10: [mem 0xfebc0000-0xfebdffff]
[    1.131447][    T1] pci 0000:00:03.0: reg 0x14: [io  0xc000-0xc03f]
[    1.133862][    T1] pci 0000:00:03.0: reg 0x30: [mem 0xfeb80000-0xfebbffff pref]
[    1.143213][    T1] ACPI: PCI Interrupt Link [LNKA] (IRQs 5 *10 11)
[    1.144861][    T1] ACPI: PCI Interrupt Link [LNKB] (IRQs 5 *10 11)
[    1.148156][    T1] ACPI: PCI Interrupt Link [LNKC] (IRQs 5 10 *11)
[    1.150106][    T1] ACPI: PCI Interrupt Link [LNKD] (IRQs 5 10 *11)
[    1.151190][    T1] ACPI: PCI Interrupt Link [LNKS] (IRQs *9)
[    1.156157][    T1] iommu: Default domain type: Translated 
[    1.157192][    T1] pci 0000:00:02.0: vgaarb: setting as boot VGA device
[    1.157752][    T1] pci 0000:00:02.0: vgaarb: VGA device added: decodes=io+mem,owns=io+mem,locks=none
[    1.158471][    T1] pci 0000:00:02.0: vgaarb: bridge control possible
[    1.158979][    T1] vgaarb: loaded
[    1.162664][    T1] SCSI subsystem initialized
[    1.164725][    T1] ACPI: bus type USB registered
[    1.168312][    T1] usbcore: registered new interface driver usbfs
[    1.169033][    T1] usbcore: registered new interface driver hub
[    1.169703][    T1] usbcore: registered new device driver usb
[    1.171741][    T1] mc: Linux media interface: v0.10
[    1.172399][    T1] videodev: Linux video capture interface: v2.00
[    1.173780][    T1] pps_core: LinuxPPS API ver. 1 registered
[    1.174236][    T1] pps_core: Software ver. 5.3.6 - Copyright 2005-2007 Rodolfo Giometti <giometti@linux.it>
[    1.177975][    T1] PTP clock support registered
[    1.178958][    T1] EDAC MC: Ver: 3.0.0
[    1.178967][    T1] Advanced Linux Sound Architecture Driver Initialized.
[    1.179096][    T1] PCI: Using ACPI for IRQ routing
[    1.180992][    T1] Bluetooth: Core ver 2.22
[    1.181481][    T1] NET: Registered protocol family 31
[    1.181928][    T1] Bluetooth: HCI device and connection manager initialized
[    1.182554][    T1] Bluetooth: HCI socket layer initialized
[    1.182997][    T1] Bluetooth: L2CAP socket layer initialized
[    1.186306][    T1] Bluetooth: SCO socket layer initialized
[    1.187248][    T1] NET: Registered protocol family 8
[    1.187248][    T1] NET: Registered protocol family 20
[    1.187248][    T1] NetLabel: Initializing
[    1.187248][    T1] NetLabel:  domain hash size = 128
[    1.187248][    T1] NetLabel:  protocols = UNLABELED CIPSOv4 CALIPSO
[    1.187248][    T1] NetLabel:  unlabeled traffic allowed by default
[    1.187248][    T1] nfc: nfc_init: NFC Core ver 0.1
[    1.187248][    T1] NET: Registered protocol family 39
[    1.187248][    T1] hpet0: at MMIO 0xfed00000, IRQs 2, 8, 0
[    1.187253][    T1] hpet0: 3 comparators, 64-bit 100.000000 MHz counter
[    1.199761][    T1] clocksource: Switched to clocksource kvm-clock
[    2.661824][    T1] *** VALIDATE bpf ***
[    2.663131][    T1] VFS: Disk quotas dquot_6.6.0
[    2.663645][    T1] VFS: Dquot-cache hash table entries: 512 (order 0, 4096 bytes)
[    2.664729][    T1] FS-Cache: Loaded
[    2.665051][    T1] *** VALIDATE ramfs ***
[    2.665421][    T1] *** VALIDATE hugetlbfs ***
[    2.666440][    T1] CacheFiles: Loaded
[    2.667020][    T1] TOMOYO: 2.6.0
[    2.667318][    T1] Mandatory Access Control activated.
[    2.668737][    T1] AppArmor: AppArmor Filesystem Enabled
[    2.669542][    T1] pnp: PnP ACPI init
[    2.674861][    T1] pnp: PnP ACPI: found 6 devices
[    2.713195][    T1] clocksource: acpi_pm: mask: 0xffffff max_cycles: 0xffffff, max_idle_ns: 2085701024 ns
[    2.714717][    T1] pci_bus 0000:00: resource 4 [io  0x0000-0x0cf7 window]
[    2.715268][    T1] pci_bus 0000:00: resource 5 [io  0x0d00-0xffff window]
[    2.715808][    T1] pci_bus 0000:00: resource 6 [mem 0x000a0000-0x000bffff window]
[    2.717997][    T1] pci_bus 0000:00: resource 7 [mem 0x80000000-0xfebfffff window]
[    2.718604][    T1] pci_bus 0000:00: resource 8 [mem 0x100000000-0x17fffffff window]
[    2.719999][    T1] NET: Registered protocol family 2
[    2.721952][    T1] tcp_listen_portaddr_hash hash table entries: 1024 (order: 4, 73728 bytes, vmalloc)
[    2.723068][    T1] TCP established hash table entries: 16384 (order: 5, 131072 bytes, vmalloc)
[    2.724824][    T1] TCP bind hash table entries: 16384 (order: 8, 1048576 bytes, vmalloc)
[    2.725999][    T1] TCP: Hash tables configured (established 16384 bind 16384)
[    2.727008][    T1] UDP hash table entries: 1024 (order: 5, 163840 bytes, vmalloc)
[    2.727835][    T1] UDP-Lite hash table entries: 1024 (order: 5, 163840 bytes, vmalloc)
[    2.728781][    T1] NET: Registered protocol family 1
[    2.729996][    T1] RPC: Registered named UNIX socket transport module.
[    2.730588][    T1] RPC: Registered udp transport module.
[    2.731049][    T1] RPC: Registered tcp transport module.
[    2.731470][    T1] RPC: Registered tcp NFSv4.1 backchannel transport module.
[    2.732910][    T1] NET: Registered protocol family 44
[    2.733393][    T1] pci 0000:00:01.0: PIIX3: Enabling Passive Release
[    2.733964][    T1] pci 0000:00:00.0: Limiting direct PCI/PCI transfers
[    2.734493][    T1] pci 0000:00:01.0: Activating ISA DMA hang workarounds
[    2.735097][    T1] pci 0000:00:02.0: Video device with shadowed ROM at [mem 0x000c0000-0x000dffff]
[    2.735905][    T1] PCI: CLS 0 bytes, default 64
[    2.741547][    T1] RAPL PMU: API unit is 2^-32 Joules, 0 fixed counters, 10737418240 ms ovfl timer
[    2.742277][    T1] kvm: no hardware support
[    2.742619][    T1] has_svm: not amd or hygon
[    2.742961][    T1] kvm: no hardware support
[    2.743310][    T1] clocksource: tsc: mask: 0xffffffffffffffff max_cycles: 0x2b3e43c8763, max_idle_ns: 440795360101 ns
[    2.802314][    T1] Initialise system trusted keyrings
[    2.807743][    T1] workingset: timestamp_bits=40 max_order=19 bucket_order=0
[    2.871898][    T1] DLM installed
[    2.878221][    T1] squashfs: version 4.0 (2009/01/31) Phillip Lougher
[    2.890813][    T1] FS-Cache: Netfs 'nfs' registered for caching
[    2.894303][    T1] *** VALIDATE nfs ***
[    2.894664][    T1] *** VALIDATE nfs4 ***
[    2.895056][    T1] NFS: Registering the id_resolver key type
[    2.895537][    T1] Key type id_resolver registered
[    2.895939][    T1] Key type id_legacy registered
[    2.899159][    T1] nfs4filelayout_init: NFSv4 File Layout Driver Registering...
[    2.899792][    T1] Installing knfsd (copyright (C) 1996 okir@monad.swb.de).
[    2.905906][    T1] FS-Cache: Netfs 'cifs' registered for caching
[    2.908199][    T1] Key type cifs.spnego registered
[    2.908638][    T1] Key type cifs.idmap registered
[    2.909299][    T1] ntfs: driver 2.1.32 [Flags: R/W].
[    2.911289][    T1] efs: 1.0a - http://aeschi.ch.eu.org/efs/
[    2.912039][    T1] jffs2: version 2.2. (NAND) (SUMMARY)  Â© 2001-2006 Red Hat, Inc.
[    2.917674][    T1] *** VALIDATE jffs2 ***
[    2.918320][    T1] romfs: ROMFS MTD (C) 2007 Red Hat, Inc.
[    2.919309][    T1] QNX4 filesystem 0.2.3 registered.
[    2.919992][    T1] qnx6: QNX6 filesystem 1.0.0 registered.
[    2.921097][    T1] fuse: init (API version 7.31)
[    2.921761][    T1] *** VALIDATE fuseblk ***
[    2.922103][    T1] *** VALIDATE fuse ***
[    2.924700][    T1] orangefs_debugfs_init: called with debug mask: :none: :0:
[    2.925492][    T1] orangefs_init: module version upstream loaded
[    2.927768][    T1] JFS: nTxBlock = 8192, nTxLock = 65536
[    2.936441][ T2558] kworker/u6:3 (2558) used greatest stack depth: 26944 bytes left
[    2.938406][    T1] SGI XFS with ACLs, security attributes, realtime, quota, no debug enabled
[    2.948794][    T1] *** VALIDATE xfs ***
[    2.949132][    T1] 9p: Installing v9fs 9p2000 file system support
[    2.949902][    T1] FS-Cache: Netfs '9p' registered for caching
[    2.952989][    T1] NILFS version 2 loaded
[    2.953328][    T1] befs: version: 0.9.3
[    2.955058][    T1] ocfs2: Registered cluster interface o2cb
[    2.955814][    T1] ocfs2: Registered cluster interface user
[    2.956910][    T1] OCFS2 User DLM kernel interface loaded
[    2.964868][    T1] *** VALIDATE gfs2 ***
[    2.965858][    T1] gfs2: GFS2 installed
[    2.976210][    T1] FS-Cache: Netfs 'ceph' registered for caching
[    2.976737][    T1] ceph: loaded (mds proto 32)
[    2.982894][    T1] NET: Registered protocol family 38
[    2.983680][    T1] async_tx: api initialized (async)
[    2.984096][    T1] Key type asymmetric registered
[    2.984488][    T1] Asymmetric key parser 'x509' registered
[    2.984944][    T1] Asymmetric key parser 'pkcs8' registered
[    2.985384][    T1] Key type pkcs7_test registered
[    2.985914][    T1] Block layer SCSI generic (bsg) driver version 0.4 loaded (major 241)
[    2.986986][    T1] io scheduler mq-deadline registered
[    2.987402][    T1] io scheduler kyber registered
[    2.988182][    T1] io scheduler bfq registered
[    2.990750][    T1] vga16fb: mapped to 0x000000009e6860bf
[    3.462946][    T1] Console: switching to colour frame buffer device 80x30
[    3.722091][    T1] fb0: VGA16 VGA frame buffer device
[    3.723562][    T1] input: Power Button as /devices/LNXSYSTM:00/LNXPWRBN:00/input/input0
[    3.726933][    T1] ACPI: Power Button [PWRF]
[    3.730950][    T1] ioatdma: Intel(R) QuickData Technology Driver 5.00
[    3.919643][    T1] HDLC line discipline maxframe=4096
[    3.920084][    T1] N_HDLC line discipline registered.
[    3.920523][    T1] Serial: 8250/16550 driver, 4 ports, IRQ sharing enabled
[    3.921386][    T1] 00:04: ttyS0 at I/O 0x3f8 (irq = 4, base_baud = 115200) is a 16550A
[    3.928737][    T1] Initializing Nozomi driver 2.1d
[    3.931223][    T1] Non-volatile memory driver v1.3
[    3.932313][    T1] Linux agpgart interface v0.103
[    3.946291][    T1] [drm] Initialized vgem 1.0.0 20120112 for vgem on minor 0
[    3.947291][    T1] [drm] Supports vblank timestamp caching Rev 2 (21.10.2013).
[    3.947888][    T1] [drm] Driver supports precise vblank timestamp query.
[    3.950478][    T1] [drm] Initialized vkms 1.0.0 20180514 for vkms on minor 1
[    3.951432][    T1] usbcore: registered new interface driver udl
[    3.952046][    T1] fb0: switching to bochsdrmfb from VGA16 VGA
[    4.102315][    T1] Console: switching to colour VGA+ 80x25
[    4.105895][    T1] bochs-drm 0000:00:02.0: vgaarb: deactivate vga console
[    4.112420][    T1] Console: switching to colour dummy device 80x25
[    4.115675][    T1] [drm] Found bochs VGA, ID 0xb0c5.
[    4.116132][    T1] [drm] Framebuffer size 16384 kB @ 0xfd000000, mmio @ 0xfebf0000.
[    4.117448][    T1] [TTM] Zone  kernel: Available graphics memory: 759836 KiB
[    4.118298][    T1] [TTM] Initializing pool allocator
[    4.118933][    T1] [TTM] Initializing DMA pool allocator
[    4.120865][    T1] [drm] Found EDID data blob.
[    4.122699][    T1] [drm] Initialized bochs-drm 1.0.0 20130925 for 0000:00:02.0 on minor 2
[    4.129881][    T1] fbcon: bochs-drmdrmfb (fb0) is primary device
[    4.150722][    T1] Console: switching to colour frame buffer device 160x50
[    4.165619][    T1] bochs-drm 0000:00:02.0: fb0: bochs-drmdrmfb frame buffer device
[    4.192896][    T1] brd: module loaded
[    4.231583][    T1] loop: module loaded
[    4.305682][    T1] zram: Added device: zram0
[    4.310768][    T1] null_blk: module loaded
[    4.311282][    T1] Guest personality initialized and is inactive
[    4.312040][    T1] VMCI host device registered (name=vmci, major=10, minor=56)
[    4.312604][    T1] Initialized host personality
[    4.313185][    T1] usbcore: registered new interface driver rtsx_usb
[    4.314186][    T1] usbcore: registered new interface driver viperboard
[    4.315031][    T1] usbcore: registered new interface driver dln2
[    4.315811][    T1] usbcore: registered new interface driver pn533_usb
[    4.319018][    T1] nfcsim 0.2 initialized
[    4.319885][    T1] usbcore: registered new interface driver port100
[    4.322013][    T1] usbcore: registered new interface driver nfcmrvl
[    4.325192][    T1] Loading iSCSI transport class v2.0-870.
[    4.329344][    T1] st: Version 20160209, fixed bufsize 32768, s/g segs 256
[    4.345873][    T1] scsi host0: ata_piix
[    4.349940][    T1] scsi host1: ata_piix
[    4.350811][    T1] ata1: PATA max MWDMA2 cmd 0x1f0 ctl 0x3f6 bmdma 0xc040 irq 14
[    4.351400][    T1] ata2: PATA max MWDMA2 cmd 0x170 ctl 0x376 bmdma 0xc048 irq 15
[    4.358205][    T1] Rounding down aligned max_sectors from 4294967295 to 4294967288
[    4.359109][    T1] db_root: cannot open: /etc/target
[    4.359990][    T1] slram: not enough parameters.
[    4.362603][    T1] ftl_cs: FTL header not found.
[    4.380528][    T1] Ethernet Channel Bonding Driver: v3.7.1 (April 27, 2011)
[    4.389265][    T1] wireguard: WireGuard 1.0.0 loaded. See www.wireguard.com for information.
[    4.389941][    T1] wireguard: Copyright (C) 2015-2019 Jason A. Donenfeld <Jason@zx2c4.com>. All Rights Reserved.
[    4.390720][    T1] eql: Equalizer2002: Simon Janes (simon@ncm.com) and David S. Miller (davem@redhat.com)
[    4.393949][    T1] MACsec IEEE 802.1AE
[    4.395241][    T1] libphy: Fixed MDIO Bus: probed
[    4.408744][    T1] tun: Universal TUN/TAP device driver, 1.6
[    4.409851][    T1] vcan: Virtual CAN interface driver
[    4.410254][    T1] vxcan: Virtual CAN Tunnel driver
[    4.410642][    T1] slcan: serial line CAN interface driver
[    4.411077][    T1] slcan: 10 dynamic interface channels.
[    4.411491][    T1] CAN device driver interface
[    4.412027][    T1] usbcore: registered new interface driver usb_8dev
[    4.412686][    T1] usbcore: registered new interface driver ems_usb
[    4.413320][    T1] usbcore: registered new interface driver gs_usb
[    4.414246][    T1] usbcore: registered new interface driver kvaser_usb
[    4.415103][    T1] usbcore: registered new interface driver mcba_usb
[    4.415732][    T1] usbcore: registered new interface driver peak_usb
[    4.416590][    T1] e100: Intel(R) PRO/100 Network Driver, 3.5.24-k2-NAPI
[    4.417138][    T1] e100: Copyright(c) 1999-2006 Intel Corporation
[    4.417777][    T1] e1000: Intel(R) PRO/1000 Network Driver - version 7.3.21-k8-NAPI
[    4.418380][    T1] e1000: Copyright (c) 1999-2006 Intel Corporation.
[    4.517331][ T3496] ata2.00: ATAPI: QEMU DVD-ROM, 2.5+, max UDMA/100
[    4.518025][ T3491] ata1.00: ATA-7: QEMU HARDDISK, 2.5+, max UDMA/100
[    4.518541][ T3491] ata1.00: 2097458 sectors, multi 16: LBA48 
[    4.531193][    T7] scsi 0:0:0:0: Direct-Access     ATA      QEMU HARDDISK    2.5+ PQ: 0 ANSI: 5
[    4.534277][ T3549] sd 0:0:0:0: [sda] 2097458 512-byte logical blocks: (1.07 GB/1.00 GiB)
[    4.535121][ T3549] sd 0:0:0:0: [sda] Write Protect is off
[    4.535721][ T3549] sd 0:0:0:0: [sda] Write cache: enabled, read cache: enabled, doesn't support DPO or FUA
[    4.537657][    T7] sd 0:0:0:0: Attached scsi generic sg0 type 0
[    4.539650][  T130] scsi 1:0:0:0: CD-ROM            QEMU     QEMU DVD-ROM     2.5+ PQ: 0 ANSI: 5
[    4.544299][ T3549]  sda: sda1
[    4.547736][ T3549] sd 0:0:0:0: [sda] Attached SCSI disk
[    4.626946][  T130] sr 1:0:0:0: [sr0] scsi3-mmc drive: 4x/4x cd/rw xa/form2 tray
[    4.627539][  T130] cdrom: Uniform CD-ROM driver Revision: 3.20
[    4.631160][  T130] sr 1:0:0:0: Attached scsi generic sg1 type 5
[    5.506199][    T1] PCI Interrupt Link [LNKC] enabled at IRQ 11
[    5.878356][    T1] e1000 0000:00:03.0 eth0: (PCI:33MHz:32-bit) 52:54:00:12:34:56
[    5.878981][    T1] e1000 0000:00:03.0 eth0: Intel(R) PRO/1000 Network Connection
[    5.879979][    T1] e1000e: Intel(R) PRO/1000 Network Driver - 3.2.6-k
[    5.880499][    T1] e1000e: Copyright(c) 1999 - 2015 Intel Corporation.
[    5.881640][    T1] mkiss: AX.25 Multikiss, Hans Albas PE1AYX
[    5.882101][    T1] AX.25: 6pack driver, Revision: 0.3.0
[    5.882539][    T1] AX.25: bpqether driver version 004
[    5.882947][    T1] PPP generic driver version 2.4.2
[    5.883860][    T1] PPP BSD Compression module registered
[    5.884311][    T1] PPP Deflate Compression module registered
[    5.884794][    T1] PPP MPPE Compression module registered
[    5.885229][    T1] NET: Registered protocol family 24
[    5.885671][    T1] PPTP driver version 0.8.5
[    5.887429][    T1] SLIP: version 0.8.4-NET3.019-NEWTTY (dynamic channels, max=256) (6 bit encapsulation enabled).
[    5.888251][    T1] CSLIP: code copyright 1989 Regents of the University of California.
[    5.888875][    T1] SLIP linefill/keepalive option.
[    5.889276][    T1] hdlc: HDLC support module revision 1.22
[    5.889734][    T1] LAPB Ethernet driver version 0.02
[    5.890971][    T1] usbcore: registered new interface driver ath9k_htc
[    5.891845][    T1] usbcore: registered new interface driver carl9170
[    5.892612][    T1] usbcore: registered new interface driver ath6kl_usb
[    5.893348][    T1] usbcore: registered new interface driver ar5523
[    5.894264][    T1] usbcore: registered new interface driver ath10k_usb
[    5.895116][    T1] mac80211_hwsim: initializing netlink
[    5.906210][    T1] usbcore: registered new interface driver atusb
[    5.913240][    T1] mac802154_hwsim mac802154_hwsim: Added 2 mac802154 hwsim hardware radios
[    5.913990][    T1] VMware vmxnet3 virtual NIC driver - version 1.4.17.0-k-NAPI
[    5.914706][    T1] usbcore: registered new interface driver catc
[    5.915237][    T1] usbcore: registered new interface driver kaweth
[    5.915790][    T1] pegasus: v0.9.3 (2013/04/25), Pegasus/Pegasus II USB Ethernet driver
[    5.917601][    T1] usbcore: registered new interface driver pegasus
[    5.918269][    T1] usbcore: registered new interface driver rtl8150
[    5.918933][    T1] usbcore: registered new interface driver r8152
[    5.919418][    T1] hso: drivers/net/usb/hso.c: Option Wireless
[    5.920127][    T1] usbcore: registered new interface driver hso
[    5.920854][    T1] usbcore: registered new interface driver lan78xx
[    5.921582][    T1] usbcore: registered new interface driver asix
[    5.922195][    T1] usbcore: registered new interface driver ax88179_178a
[    5.925144][    T1] usbcore: registered new interface driver cdc_ether
[    5.925801][    T1] usbcore: registered new interface driver cdc_eem
[    5.926454][    T1] usbcore: registered new interface driver dm9601
[    5.927130][    T1] usbcore: registered new interface driver sr9700
[    5.927792][    T1] usbcore: registered new interface driver CoreChips
[    5.928468][    T1] usbcore: registered new interface driver smsc75xx
[    5.929165][    T1] usbcore: registered new interface driver smsc95xx
[    5.929846][    T1] usbcore: registered new interface driver gl620a
[    5.930490][    T1] usbcore: registered new interface driver net1080
[    5.931141][    T1] usbcore: registered new interface driver plusb
[    5.931775][    T1] usbcore: registered new interface driver rndis_host
[    5.932650][    T1] usbcore: registered new interface driver cdc_subset
[    5.934650][    T1] usbcore: registered new interface driver zaurus
[    5.935276][    T1] usbcore: registered new interface driver MOSCHIP usb-ethernet driver
[    5.936027][    T1] usbcore: registered new interface driver int51x1
[    5.937514][    T1] usbcore: registered new interface driver cdc_phonet
[    5.938563][    T1] usbcore: registered new interface driver kalmia
[    5.939341][    T1] usbcore: registered new interface driver ipheth
[    5.940086][    T1] usbcore: registered new interface driver sierra_net
[    5.940840][    T1] usbcore: registered new interface driver cx82310_eth
[    5.941626][    T1] usbcore: registered new interface driver cdc_ncm
[    5.942354][    T1] usbcore: registered new interface driver huawei_cdc_ncm
[    5.943441][    T1] usbcore: registered new interface driver lg-vl600
[    5.944370][    T1] usbcore: registered new interface driver qmi_wwan
[    5.945907][    T1] usbcore: registered new interface driver cdc_mbim
[    5.946649][    T1] usbcore: registered new interface driver ch9200
[    5.949477][    T1] VFIO - User Level meta-driver version: 0.3
[    5.953549][    T1] aoe: AoE v85 initialised.
[    5.958276][    T1] ehci_hcd: USB 2.0 'Enhanced' Host Controller (EHCI) Driver
[    5.958870][    T1] ehci-pci: EHCI PCI platform driver
[    5.959471][    T1] ehci-platform: EHCI generic platform driver
[    5.960373][    T1] ohci_hcd: USB 1.1 'Open' Host Controller (OHCI) Driver
[    5.960943][    T1] ohci-pci: OHCI PCI platform driver
[    5.964932][    T1] ohci-platform: OHCI generic platform driver
[    5.965543][    T1] uhci_hcd: USB Universal Host Controller Interface driver
[    5.968614][    T1] usbcore: registered new interface driver cdc_acm
[    5.969241][    T1] cdc_acm: USB Abstract Control Model driver for USB modems and ISDN adapters
[    5.970201][    T1] usbcore: registered new interface driver usblp
[    5.970925][    T1] usbcore: registered new interface driver cdc_wdm
[    5.971621][    T1] usbcore: registered new interface driver usbtmc
[    5.974200][    T1] usbcore: registered new interface driver uas
[    5.974855][    T1] usbcore: registered new interface driver usb-storage
[    5.975526][    T1] usbcore: registered new interface driver ums-alauda
[    5.976248][    T1] usbcore: registered new interface driver ums-cypress
[    5.977000][    T1] usbcore: registered new interface driver ums-datafab
[    5.977721][    T1] usbcore: registered new interface driver ums_eneub6250
[    5.978414][    T1] usbcore: registered new interface driver ums-freecom
[    5.979094][    T1] usbcore: registered new interface driver ums-isd200
[    5.979747][    T1] usbcore: registered new interface driver ums-jumpshot
[    5.980410][    T1] usbcore: registered new interface driver ums-karma
[    5.981049][    T1] usbcore: registered new interface driver ums-onetouch
[    5.982062][    T1] usbcore: registered new interface driver ums-realtek
[    5.982944][    T1] usbcore: registered new interface driver ums-sddr09
[    5.983685][    T1] usbcore: registered new interface driver ums-sddr55
[    5.985401][    T1] usbcore: registered new interface driver ums-usbat
[    5.986074][    T1] usbcore: registered new interface driver mdc800
[    5.986624][    T1] mdc800: v0.7.5 (30/10/2000):USB Driver for Mustek MDC800 Digital Camera
[    5.987400][    T1] usbcore: registered new interface driver microtekX6
[    5.988310][    T1] usbcore: registered new interface driver usbserial_generic
[    5.989173][    T1] usbserial: USB Serial support registered for generic
[    5.989886][    T1] usbcore: registered new interface driver aircable
[    5.990513][    T1] usbserial: USB Serial support registered for aircable
[    5.991209][    T1] usbcore: registered new interface driver ark3116
[    5.991836][    T1] usbserial: USB Serial support registered for ark3116
[    5.992498][    T1] usbcore: registered new interface driver belkin_sa
[    5.993336][    T1] usbserial: USB Serial support registered for Belkin / Peracom / GoHubs USB Serial Adapter
[    5.995388][    T1] usbcore: registered new interface driver ch341
[    5.996082][    T1] usbserial: USB Serial support registered for ch341-uart
[    5.997070][    T1] usbcore: registered new interface driver cp210x
[    5.997698][    T1] usbserial: USB Serial support registered for cp210x
[    5.998390][    T1] usbcore: registered new interface driver cyberjack
[    5.999395][    T1] usbserial: USB Serial support registered for Reiner SCT Cyberjack USB card reader
[    6.000383][    T1] usbcore: registered new interface driver cypress_m8
[    6.001119][    T1] usbserial: USB Serial support registered for DeLorme Earthmate USB
[    6.001941][    T1] usbserial: USB Serial support registered for HID->COM RS232 Adapter
[    6.002769][    T1] usbserial: USB Serial support registered for Nokia CA-42 V2 Adapter
[    6.004838][    T1] usbcore: registered new interface driver usb_debug
[    6.005535][    T1] usbserial: USB Serial support registered for debug
[    6.006184][    T1] usbserial: USB Serial support registered for xhci_dbc
[    6.008268][    T1] usbcore: registered new interface driver digi_acceleport
[    6.008942][    T1] usbserial: USB Serial support registered for Digi 2 port USB adapter
[    6.009713][    T1] usbserial: USB Serial support registered for Digi 4 port USB adapter
[    6.010493][    T1] usbcore: registered new interface driver io_edgeport
[    6.011213][    T1] usbserial: USB Serial support registered for Edgeport 2 port adapter
[    6.012070][    T1] usbserial: USB Serial support registered for Edgeport 4 port adapter
[    6.012903][    T1] usbserial: USB Serial support registered for Edgeport 8 port adapter
[    6.013706][    T1] usbserial: USB Serial support registered for EPiC device
[    6.014413][    T1] usbcore: registered new interface driver io_ti
[    6.015228][    T1] usbserial: USB Serial support registered for Edgeport TI 1 port adapter
[    6.017120][    T1] usbserial: USB Serial support registered for Edgeport TI 2 port adapter
[    6.017918][    T1] usbcore: registered new interface driver empeg
[    6.018552][    T1] usbserial: USB Serial support registered for empeg
[    6.019253][    T1] usbcore: registered new interface driver f81232
[    6.019884][    T1] usbserial: USB Serial support registered for f81232
[    6.020555][    T1] usbcore: registered new interface driver f81534
[    6.021186][    T1] usbserial: USB Serial support registered for Fintek F81532/F81534
[    6.021970][    T1] usbcore: registered new interface driver ftdi_sio
[    6.022617][    T1] usbserial: USB Serial support registered for FTDI USB Serial Device
[    6.023398][    T1] usbcore: registered new interface driver garmin_gps
[    6.024061][    T1] usbserial: USB Serial support registered for Garmin GPS usb/tty
[    6.025108][    T1] usbcore: registered new interface driver ipaq
[    6.027239][    T1] usbserial: USB Serial support registered for PocketPC PDA
[    6.027941][    T1] usbcore: registered new interface driver ipw
[    6.028538][    T1] usbserial: USB Serial support registered for IPWireless converter
[    6.029414][    T1] usbcore: registered new interface driver ir_usb
[    6.030393][    T1] usbserial: USB Serial support registered for IR Dongle
[    6.031227][    T1] usbcore: registered new interface driver iuu_phoenix
[    6.031974][    T1] usbserial: USB Serial support registered for iuu_phoenix
[    6.032775][    T1] usbcore: registered new interface driver keyspan
[    6.033489][    T1] usbserial: USB Serial support registered for Keyspan - (without firmware)
[    6.034495][    T1] usbserial: USB Serial support registered for Keyspan 1 port adapter
[    6.035604][    T1] usbserial: USB Serial support registered for Keyspan 2 port adapter
[    6.037312][    T1] usbserial: USB Serial support registered for Keyspan 4 port adapter
[    6.038136][    T1] usbcore: registered new interface driver keyspan_pda
[    6.038868][    T1] usbserial: USB Serial support registered for Keyspan PDA
[    6.039562][    T1] usbserial: USB Serial support registered for Keyspan PDA - (prerenumeration)
[    6.040400][    T1] usbcore: registered new interface driver kl5kusb105
[    6.041052][    T1] usbserial: USB Serial support registered for KL5KUSB105D / PalmConnect
[    6.041858][    T1] usbcore: registered new interface driver kobil_sct
[    6.042504][    T1] usbserial: USB Serial support registered for KOBIL USB smart card terminal
[    6.043329][    T1] usbcore: registered new interface driver mct_u232
[    6.044245][    T1] usbserial: USB Serial support registered for MCT U232
[    6.046077][    T1] usbcore: registered new interface driver metro_usb
[    6.046912][    T1] usbserial: USB Serial support registered for Metrologic USB to Serial
[    6.047758][    T1] usbcore: registered new interface driver mos7720
[    6.048395][    T1] usbserial: USB Serial support registered for Moschip 2 port adapter
[    6.049243][    T1] usbcore: registered new interface driver mos7840
[    6.049946][    T1] usbserial: USB Serial support registered for Moschip 7840/7820 USB Serial Driver
[    6.050802][    T1] usbcore: registered new interface driver mxuport
[    6.051431][    T1] usbserial: USB Serial support registered for MOXA UPort
[    6.052146][    T1] usbcore: registered new interface driver navman
[    6.052789][    T1] usbserial: USB Serial support registered for navman
[    6.053458][    T1] usbcore: registered new interface driver omninet
[    6.055304][    T1] usbserial: USB Serial support registered for ZyXEL - omni.net lcd plus usb
[    6.056121][    T1] usbcore: registered new interface driver opticon
[    6.056812][    T1] usbserial: USB Serial support registered for opticon
[    6.057453][    T1] usbcore: registered new interface driver option
[    6.058113][    T1] usbserial: USB Serial support registered for GSM modem (1-port)
[    6.058848][    T1] usbcore: registered new interface driver oti6858
[    6.059466][    T1] usbserial: USB Serial support registered for oti6858
[    6.060433][    T1] usbcore: registered new interface driver pl2303
[    6.061219][    T1] usbserial: USB Serial support registered for pl2303
[    6.061960][    T1] usbcore: registered new interface driver qcaux
[    6.062628][    T1] usbserial: USB Serial support registered for qcaux
[    6.063548][    T1] usbcore: registered new interface driver qcserial
[    6.065317][    T1] usbserial: USB Serial support registered for Qualcomm USB modem
[    6.066097][    T1] usbcore: registered new interface driver quatech2
[    6.066777][    T1] usbserial: USB Serial support registered for Quatech 2nd gen USB to Serial Driver
[    6.067719][    T1] usbcore: registered new interface driver safe_serial
[    6.068424][    T1] usbserial: USB Serial support registered for safe_serial
[    6.069163][    T1] usbcore: registered new interface driver sierra
[    6.069774][    T1] usbserial: USB Serial support registered for Sierra USB modem
[    6.070492][    T1] usbcore: registered new interface driver usb_serial_simple
[    6.071178][    T1] usbserial: USB Serial support registered for carelink
[    6.071825][    T1] usbserial: USB Serial support registered for zio
[    6.072519][    T1] usbserial: USB Serial support registered for funsoft
[    6.074426][    T1] usbserial: USB Serial support registered for flashloader
[    6.075081][    T1] usbserial: USB Serial support registered for google
[    6.075685][    T1] usbserial: USB Serial support registered for libtransistor
[    6.076397][    T1] usbserial: USB Serial support registered for vivopay
[    6.077089][    T1] usbserial: USB Serial support registered for moto_modem
[    6.077810][    T1] usbserial: USB Serial support registered for motorola_tetra
[    6.078529][    T1] usbserial: USB Serial support registered for novatel_gps
[    6.079193][    T1] usbserial: USB Serial support registered for hp4x
[    6.079819][    T1] usbserial: USB Serial support registered for suunto
[    6.080455][    T1] usbserial: USB Serial support registered for siemens_mpi
[    6.081142][    T1] usbcore: registered new interface driver spcp8x5
[    6.082079][    T1] usbserial: USB Serial support registered for SPCP8x5
[    6.082933][    T1] usbcore: registered new interface driver ssu100
[    6.083599][    T1] usbserial: USB Serial support registered for Quatech SSU-100 USB to Serial Driver
[    6.085304][    T1] usbcore: registered new interface driver symbolserial
[    6.085944][    T1] usbserial: USB Serial support registered for symbol
[    6.086604][    T1] usbcore: registered new interface driver ti_usb_3410_5052
[    6.087284][    T1] usbserial: USB Serial support registered for TI USB 3410 1 port adapter
[    6.088054][    T1] usbserial: USB Serial support registered for TI USB 5052 2 port adapter
[    6.088838][    T1] usbcore: registered new interface driver upd78f0730
[    6.089478][    T1] usbserial: USB Serial support registered for upd78f0730
[    6.090436][    T1] usbcore: registered new interface driver visor
[    6.091261][    T1] usbserial: USB Serial support registered for Handspring Visor / Palm OS
[    6.092123][    T1] usbserial: USB Serial support registered for Sony Clie 5.0
[    6.093216][    T1] usbserial: USB Serial support registered for Sony Clie 3.5
[    6.094929][    T1] usbcore: registered new interface driver wishbone_serial
[    6.095631][    T1] usbserial: USB Serial support registered for wishbone_serial
[    6.097247][    T1] usbcore: registered new interface driver whiteheat
[    6.097929][    T1] usbserial: USB Serial support registered for Connect Tech - WhiteHEAT - (prerenumeration)
[    6.098889][    T1] usbserial: USB Serial support registered for Connect Tech - WhiteHEAT
[    6.099728][    T1] usbcore: registered new interface driver xsens_mt
[    6.100413][    T1] usbserial: USB Serial support registered for xsens_mt
[    6.101168][    T1] usbcore: registered new interface driver adutux
[    6.101860][    T1] usbcore: registered new interface driver appledisplay
[    6.102610][    T1] usbcore: registered new interface driver cypress_cy7c63
[    6.103368][    T1] usbcore: registered new interface driver cytherm
[    6.104271][    T1] usbcore: registered new interface driver emi26 - firmware loader
[    6.107524][    T1] usbcore: registered new interface driver emi62 - firmware loader
[    6.108322][    T1] usbcore: registered new interface driver idmouse
[    6.108975][    T1] usbcore: registered new interface driver iowarrior
[    6.109684][    T1] usbcore: registered new interface driver isight_firmware
[    6.110396][    T1] usbcore: registered new interface driver usblcd
[    6.111023][    T1] usbcore: registered new interface driver ldusb
[    6.111694][    T1] usbcore: registered new interface driver legousbtower
[    6.112482][    T1] usbcore: registered new interface driver usbtest
[    6.113182][    T1] usbcore: registered new interface driver usb_ehset_test
[    6.113927][    T1] usbcore: registered new interface driver trancevibrator
[    6.114613][    T1] usbcore: registered new interface driver uss720
[    6.115090][    T1] uss720: USB Parport Cable driver for Cables using the Lucent Technologies USS720 Chip
[    6.115834][    T1] uss720: NOTE: this is a special purpose driver to allow nonstandard
[    6.116626][    T1] uss720: protocols (eg. bitbang) over USS720 usb to parallel cables
[    6.117324][    T1] uss720: If you just want to connect to a printer, use usblp instead
[    6.118164][    T1] usbcore: registered new interface driver usbsevseg
[    6.118874][    T1] usbcore: registered new interface driver yurex
[    6.120187][    T1] usbcore: registered new interface driver chaoskey
[    6.121155][    T1] usbcore: registered new interface driver sisusb
[    6.121996][    T1] usbcore: registered new interface driver lvs
[    6.122711][    T1] usbcore: registered new interface driver cxacru
[    6.123469][    T1] usbcore: registered new interface driver speedtch
[    6.124232][    T1] usbcore: registered new interface driver ueagle-atm
[    6.124815][    T1] xusbatm: malformed module parameters
[    6.128553][    T1] dummy_hcd dummy_hcd.0: USB Host+Gadget Emulator, driver 02 May 2005
[    6.129280][    T1] dummy_hcd dummy_hcd.0: Dummy host controller
[    6.130672][    T1] dummy_hcd dummy_hcd.0: new USB bus registered, assigned bus number 1
[    6.131979][    T1] usb usb1: New USB device found, idVendor=1d6b, idProduct=0002, bcdDevice= 5.06
[    6.132720][    T1] usb usb1: New USB device strings: Mfr=3, Product=2, SerialNumber=1
[    6.133338][    T1] usb usb1: Product: Dummy host controller
[    6.133786][    T1] usb usb1: Manufacturer: Linux 5.6.0-rc3-83672db7d6c6-00031-g83672db7d6c6 dummy_hcd
[    6.134502][    T1] usb usb1: SerialNumber: dummy_hcd.0
[    6.136545][    T1] hub 1-0:1.0: USB hub found
[    6.137082][    T1] hub 1-0:1.0: 1 port detected
[    6.139265][    T1] dummy_hcd dummy_hcd.1: USB Host+Gadget Emulator, driver 02 May 2005
[    6.139924][    T1] dummy_hcd dummy_hcd.1: Dummy host controller
[    6.140806][    T1] dummy_hcd dummy_hcd.1: new USB bus registered, assigned bus number 2
[    6.141833][    T1] usb usb2: New USB device found, idVendor=1d6b, idProduct=0002, bcdDevice= 5.06
[    6.142535][    T1] usb usb2: New USB device strings: Mfr=3, Product=2, SerialNumber=1
[    6.143150][    T1] usb usb2: Product: Dummy host controller
[    6.143595][    T1] usb usb2: Manufacturer: Linux 5.6.0-rc3-83672db7d6c6-00031-g83672db7d6c6 dummy_hcd
[    6.144311][    T1] usb usb2: SerialNumber: dummy_hcd.1
[    6.146491][    T1] hub 2-0:1.0: USB hub found
[    6.146948][    T1] hub 2-0:1.0: 1 port detected
[    6.148566][    T1] dummy_hcd dummy_hcd.2: USB Host+Gadget Emulator, driver 02 May 2005
[    6.149231][    T1] dummy_hcd dummy_hcd.2: Dummy host controller
[    6.150050][    T1] dummy_hcd dummy_hcd.2: new USB bus registered, assigned bus number 3
[    6.151370][    T1] usb usb3: New USB device found, idVendor=1d6b, idProduct=0002, bcdDevice= 5.06
[    6.152326][    T1] usb usb3: New USB device strings: Mfr=3, Product=2, SerialNumber=1
[    6.153027][    T1] usb usb3: Product: Dummy host controller
[    6.153512][    T1] usb usb3: Manufacturer: Linux 5.6.0-rc3-83672db7d6c6-00031-g83672db7d6c6 dummy_hcd
[    6.154299][    T1] usb usb3: SerialNumber: dummy_hcd.2
[    6.156762][    T1] hub 3-0:1.0: USB hub found
[    6.157219][    T1] hub 3-0:1.0: 1 port detected
[    6.158834][    T1] dummy_hcd dummy_hcd.3: USB Host+Gadget Emulator, driver 02 May 2005
[    6.159489][    T1] dummy_hcd dummy_hcd.3: Dummy host controller
[    6.160339][    T1] dummy_hcd dummy_hcd.3: new USB bus registered, assigned bus number 4
[    6.161344][    T1] usb usb4: New USB device found, idVendor=1d6b, idProduct=0002, bcdDevice= 5.06
[    6.162042][    T1] usb usb4: New USB device strings: Mfr=3, Product=2, SerialNumber=1
[    6.162664][    T1] usb usb4: Product: Dummy host controller
[    6.163113][    T1] usb usb4: Manufacturer: Linux 5.6.0-rc3-83672db7d6c6-00031-g83672db7d6c6 dummy_hcd
[    6.163830][    T1] usb usb4: SerialNumber: dummy_hcd.3
[    6.165901][    T1] hub 4-0:1.0: USB hub found
[    6.166430][    T1] hub 4-0:1.0: 1 port detected
[    6.168086][    T1] dummy_hcd dummy_hcd.4: USB Host+Gadget Emulator, driver 02 May 2005
[    6.168907][    T1] dummy_hcd dummy_hcd.4: Dummy host controller
[    6.170176][    T1] dummy_hcd dummy_hcd.4: new USB bus registered, assigned bus number 5
[    6.171212][    T1] usb usb5: New USB device found, idVendor=1d6b, idProduct=0002, bcdDevice= 5.06
[    6.171912][    T1] usb usb5: New USB device strings: Mfr=3, Product=2, SerialNumber=1
[    6.172531][    T1] usb usb5: Product: Dummy host controller
[    6.172981][    T1] usb usb5: Manufacturer: Linux 5.6.0-rc3-83672db7d6c6-00031-g83672db7d6c6 dummy_hcd
[    6.173700][    T1] usb usb5: SerialNumber: dummy_hcd.4
[    6.175001][    T1] hub 5-0:1.0: USB hub found
[    6.175455][    T1] hub 5-0:1.0: 1 port detected
[    6.177240][    T1] dummy_hcd dummy_hcd.5: USB Host+Gadget Emulator, driver 02 May 2005
[    6.177896][    T1] dummy_hcd dummy_hcd.5: Dummy host controller
[    6.178710][    T1] dummy_hcd dummy_hcd.5: new USB bus registered, assigned bus number 6
[    6.179713][    T1] usb usb6: New USB device found, idVendor=1d6b, idProduct=0002, bcdDevice= 5.06
[    6.180410][    T1] usb usb6: New USB device strings: Mfr=3, Product=2, SerialNumber=1
[    6.181024][    T1] usb usb6: Product: Dummy host controller
[    6.181572][    T1] usb usb6: Manufacturer: Linux 5.6.0-rc3-83672db7d6c6-00031-g83672db7d6c6 dummy_hcd
[    6.182580][    T1] usb usb6: SerialNumber: dummy_hcd.5
[    6.184904][    T1] hub 6-0:1.0: USB hub found
[    6.185392][    T1] hub 6-0:1.0: 1 port detected
[    6.187771][    T1] dummy_hcd dummy_hcd.6: USB Host+Gadget Emulator, driver 02 May 2005
[    6.188496][    T1] dummy_hcd dummy_hcd.6: Dummy host controller
[    6.189417][    T1] dummy_hcd dummy_hcd.6: new USB bus registered, assigned bus number 7
[    6.190466][    T1] usb usb7: New USB device found, idVendor=1d6b, idProduct=0002, bcdDevice= 5.06
[    6.191172][    T1] usb usb7: New USB device strings: Mfr=3, Product=2, SerialNumber=1
[    6.191783][    T1] usb usb7: Product: Dummy host controller
[    6.192228][    T1] usb usb7: Manufacturer: Linux 5.6.0-rc3-83672db7d6c6-00031-g83672db7d6c6 dummy_hcd
[    6.192949][    T1] usb usb7: SerialNumber: dummy_hcd.6
[    6.194956][    T1] hub 7-0:1.0: USB hub found
[    6.195404][    T1] hub 7-0:1.0: 1 port detected
[    6.197040][    T1] dummy_hcd dummy_hcd.7: USB Host+Gadget Emulator, driver 02 May 2005
[    6.197695][    T1] dummy_hcd dummy_hcd.7: Dummy host controller
[    6.198592][    T1] dummy_hcd dummy_hcd.7: new USB bus registered, assigned bus number 8
[    6.199618][    T1] usb usb8: New USB device found, idVendor=1d6b, idProduct=0002, bcdDevice= 5.06
[    6.200320][    T1] usb usb8: New USB device strings: Mfr=3, Product=2, SerialNumber=1
[    6.200935][    T1] usb usb8: Product: Dummy host controller
[    6.201378][    T1] usb usb8: Manufacturer: Linux 5.6.0-rc3-83672db7d6c6-00031-g83672db7d6c6 dummy_hcd
[    6.202095][    T1] usb usb8: SerialNumber: dummy_hcd.7
[    6.203410][    T1] hub 8-0:1.0: USB hub found
[    6.203862][    T1] hub 8-0:1.0: 1 port detected
[    6.219050][    T1] gadgetfs: USB Gadget filesystem, version 24 Aug 2004
[    6.220476][    T1] vhci_hcd vhci_hcd.0: USB/IP Virtual Host Controller
[    6.221463][    T1] vhci_hcd vhci_hcd.0: new USB bus registered, assigned bus number 9
[    6.222356][    T1] vhci_hcd: created sysfs vhci_hcd.0
[    6.223250][    T1] usb usb9: New USB device found, idVendor=1d6b, idProduct=0002, bcdDevice= 5.06
[    6.224017][    T1] usb usb9: New USB device strings: Mfr=3, Product=2, SerialNumber=1
[    6.224689][    T1] usb usb9: Product: USB/IP Virtual Host Controller
[    6.225240][    T1] usb usb9: Manufacturer: Linux 5.6.0-rc3-83672db7d6c6-00031-g83672db7d6c6 vhci_hcd
[    6.226016][    T1] usb usb9: SerialNumber: vhci_hcd.0
[    6.228973][    T1] hub 9-0:1.0: USB hub found
[    6.229533][    T1] hub 9-0:1.0: 8 ports detected
[    6.232657][    T1] vhci_hcd vhci_hcd.0: USB/IP Virtual Host Controller
[    6.233651][    T1] vhci_hcd vhci_hcd.0: new USB bus registered, assigned bus number 10
[    6.234502][    T1] usb usb10: We don't know the algorithms for LPM for this host, disabling LPM.
[    6.235866][    T1] usb usb10: New USB device found, idVendor=1d6b, idProduct=0003, bcdDevice= 5.06
[    6.236846][    T1] usb usb10: New USB device strings: Mfr=3, Product=2, SerialNumber=1
[    6.237473][    T1] usb usb10: Product: USB/IP Virtual Host Controller
[    6.237983][    T1] usb usb10: Manufacturer: Linux 5.6.0-rc3-83672db7d6c6-00031-g83672db7d6c6 vhci_hcd
[    6.238711][    T1] usb usb10: SerialNumber: vhci_hcd.0
[    6.240024][    T1] hub 10-0:1.0: USB hub found
[    6.240485][    T1] hub 10-0:1.0: 8 ports detected
[    6.244414][    T1] vhci_hcd vhci_hcd.1: USB/IP Virtual Host Controller
[    6.245466][    T1] vhci_hcd vhci_hcd.1: new USB bus registered, assigned bus number 11
[    6.248815][    T1] usb usb11: New USB device found, idVendor=1d6b, idProduct=0002, bcdDevice= 5.06
[    6.249601][    T1] usb usb11: New USB device strings: Mfr=3, Product=2, SerialNumber=1
[    6.250304][    T1] usb usb11: Product: USB/IP Virtual Host Controller
[    6.250863][    T1] usb usb11: Manufacturer: Linux 5.6.0-rc3-83672db7d6c6-00031-g83672db7d6c6 vhci_hcd
[    6.251649][    T1] usb usb11: SerialNumber: vhci_hcd.1
[    6.253057][    T1] hub 11-0:1.0: USB hub found
[    6.253513][    T1] hub 11-0:1.0: 8 ports detected
[    6.256666][    T1] vhci_hcd vhci_hcd.1: USB/IP Virtual Host Controller
[    6.257674][    T1] vhci_hcd vhci_hcd.1: new USB bus registered, assigned bus number 12
[    6.258458][    T1] usb usb12: We don't know the algorithms for LPM for this host, disabling LPM.
[    6.259673][    T1] usb usb12: New USB device found, idVendor=1d6b, idProduct=0003, bcdDevice= 5.06
[    6.260380][    T1] usb usb12: New USB device strings: Mfr=3, Product=2, SerialNumber=1
[    6.261004][    T1] usb usb12: Product: USB/IP Virtual Host Controller
[    6.261513][    T1] usb usb12: Manufacturer: Linux 5.6.0-rc3-83672db7d6c6-00031-g83672db7d6c6 vhci_hcd
[    6.262232][    T1] usb usb12: SerialNumber: vhci_hcd.1
[    6.263605][    T1] hub 12-0:1.0: USB hub found
[    6.264065][    T1] hub 12-0:1.0: 8 ports detected
[    6.268459][    T1] vhci_hcd vhci_hcd.2: USB/IP Virtual Host Controller
[    6.269410][    T1] vhci_hcd vhci_hcd.2: new USB bus registered, assigned bus number 13
[    6.270859][    T1] usb usb13: New USB device found, idVendor=1d6b, idProduct=0002, bcdDevice= 5.06
[    6.271605][    T1] usb usb13: New USB device strings: Mfr=3, Product=2, SerialNumber=1
[    6.272239][    T1] usb usb13: Product: USB/IP Virtual Host Controller
[    6.272782][    T1] usb usb13: Manufacturer: Linux 5.6.0-rc3-83672db7d6c6-00031-g83672db7d6c6 vhci_hcd
[    6.273564][    T1] usb usb13: SerialNumber: vhci_hcd.2
[    6.275582][    T1] hub 13-0:1.0: USB hub found
[    6.276108][    T1] hub 13-0:1.0: 8 ports detected
[    6.279292][    T1] vhci_hcd vhci_hcd.2: USB/IP Virtual Host Controller
[    6.280570][    T1] vhci_hcd vhci_hcd.2: new USB bus registered, assigned bus number 14
[    6.281471][    T1] usb usb14: We don't know the algorithms for LPM for this host, disabling LPM.
[    6.282593][    T1] usb usb14: New USB device found, idVendor=1d6b, idProduct=0003, bcdDevice= 5.06
[    6.283332][    T1] usb usb14: New USB device strings: Mfr=3, Product=2, SerialNumber=1
[    6.283953][    T1] usb usb14: Product: USB/IP Virtual Host Controller
[    6.284460][    T1] usb usb14: Manufacturer: Linux 5.6.0-rc3-83672db7d6c6-00031-g83672db7d6c6 vhci_hcd
[    6.285183][    T1] usb usb14: SerialNumber: vhci_hcd.2
[    6.286674][    T1] hub 14-0:1.0: USB hub found
[    6.287129][    T1] hub 14-0:1.0: 8 ports detected
[    6.290807][    T1] vhci_hcd vhci_hcd.3: USB/IP Virtual Host Controller
[    6.291702][    T1] vhci_hcd vhci_hcd.3: new USB bus registered, assigned bus number 15
[    6.292699][    T1] usb usb15: New USB device found, idVendor=1d6b, idProduct=0002, bcdDevice= 5.06
[    6.293400][    T1] usb usb15: New USB device strings: Mfr=3, Product=2, SerialNumber=1
[    6.294023][    T1] usb usb15: Product: USB/IP Virtual Host Controller
[    6.294529][    T1] usb usb15: Manufacturer: Linux 5.6.0-rc3-83672db7d6c6-00031-g83672db7d6c6 vhci_hcd
[    6.295248][    T1] usb usb15: SerialNumber: vhci_hcd.3
[    6.297790][    T1] hub 15-0:1.0: USB hub found
[    6.298251][    T1] hub 15-0:1.0: 8 ports detected
[    6.301000][    T1] vhci_hcd vhci_hcd.3: USB/IP Virtual Host Controller
[    6.301915][    T1] vhci_hcd vhci_hcd.3: new USB bus registered, assigned bus number 16
[    6.302786][    T1] usb usb16: We don't know the algorithms for LPM for this host, disabling LPM.
[    6.304209][    T1] usb usb16: New USB device found, idVendor=1d6b, idProduct=0003, bcdDevice= 5.06
[    6.305181][    T1] usb usb16: New USB device strings: Mfr=3, Product=2, SerialNumber=1
[    6.305880][    T1] usb usb16: Product: USB/IP Virtual Host Controller
[    6.306762][    T1] usb usb16: Manufacturer: Linux 5.6.0-rc3-83672db7d6c6-00031-g83672db7d6c6 vhci_hcd
[    6.307582][    T1] usb usb16: SerialNumber: vhci_hcd.3
[    6.309002][    T1] hub 16-0:1.0: USB hub found
[    6.309496][    T1] hub 16-0:1.0: 8 ports detected
[    6.313175][    T1] vhci_hcd vhci_hcd.4: USB/IP Virtual Host Controller
[    6.314109][    T1] vhci_hcd vhci_hcd.4: new USB bus registered, assigned bus number 17
[    6.315211][    T1] usb usb17: New USB device found, idVendor=1d6b, idProduct=0002, bcdDevice= 5.06
[    6.315921][    T1] usb usb17: New USB device strings: Mfr=3, Product=2, SerialNumber=1
[    6.316714][    T1] usb usb17: Product: USB/IP Virtual Host Controller
[    6.317237][    T1] usb usb17: Manufacturer: Linux 5.6.0-rc3-83672db7d6c6-00031-g83672db7d6c6 vhci_hcd
[    6.318031][    T1] usb usb17: SerialNumber: vhci_hcd.4
[    6.319435][    T1] hub 17-0:1.0: USB hub found
[    6.319941][    T1] hub 17-0:1.0: 8 ports detected
[    6.322687][    T1] vhci_hcd vhci_hcd.4: USB/IP Virtual Host Controller
[    6.323601][    T1] vhci_hcd vhci_hcd.4: new USB bus registered, assigned bus number 18
[    6.324475][    T1] usb usb18: We don't know the algorithms for LPM for this host, disabling LPM.
[    6.325684][    T1] usb usb18: New USB device found, idVendor=1d6b, idProduct=0003, bcdDevice= 5.06
[    6.326564][    T1] usb usb18: New USB device strings: Mfr=3, Product=2, SerialNumber=1
[    6.327218][    T1] usb usb18: Product: USB/IP Virtual Host Controller
[    6.327732][    T1] usb usb18: Manufacturer: Linux 5.6.0-rc3-83672db7d6c6-00031-g83672db7d6c6 vhci_hcd
[    6.328449][    T1] usb usb18: SerialNumber: vhci_hcd.4
[    6.329710][    T1] hub 18-0:1.0: USB hub found
[    6.330162][    T1] hub 18-0:1.0: 8 ports detected
[    6.333655][    T1] vhci_hcd vhci_hcd.5: USB/IP Virtual Host Controller
[    6.334614][    T1] vhci_hcd vhci_hcd.5: new USB bus registered, assigned bus number 19
[    6.337006][    T1] usb usb19: New USB device found, idVendor=1d6b, idProduct=0002, bcdDevice= 5.06
[    6.337811][    T1] usb usb19: New USB device strings: Mfr=3, Product=2, SerialNumber=1
[    6.338505][    T1] usb usb19: Product: USB/IP Virtual Host Controller
[    6.339084][    T1] usb usb19: Manufacturer: Linux 5.6.0-rc3-83672db7d6c6-00031-g83672db7d6c6 vhci_hcd
[    6.339871][    T1] usb usb19: SerialNumber: vhci_hcd.5
[    6.341337][    T1] hub 19-0:1.0: USB hub found
[    6.341798][    T1] hub 19-0:1.0: 8 ports detected
[    6.344682][    T1] vhci_hcd vhci_hcd.5: USB/IP Virtual Host Controller
[    6.345761][    T1] vhci_hcd vhci_hcd.5: new USB bus registered, assigned bus number 20
[    6.347723][    T1] usb usb20: We don't know the algorithms for LPM for this host, disabling LPM.
[    6.349140][    T1] usb usb20: New USB device found, idVendor=1d6b, idProduct=0003, bcdDevice= 5.06
[    6.349914][    T1] usb usb20: New USB device strings: Mfr=3, Product=2, SerialNumber=1
[    6.350588][    T1] usb usb20: Product: USB/IP Virtual Host Controller
[    6.351114][    T1] usb usb20: Manufacturer: Linux 5.6.0-rc3-83672db7d6c6-00031-g83672db7d6c6 vhci_hcd
[    6.351831][    T1] usb usb20: SerialNumber: vhci_hcd.5
[    6.353218][    T1] hub 20-0:1.0: USB hub found
[    6.353678][    T1] hub 20-0:1.0: 8 ports detected
[    6.357430][    T1] vhci_hcd vhci_hcd.6: USB/IP Virtual Host Controller
[    6.358348][    T1] vhci_hcd vhci_hcd.6: new USB bus registered, assigned bus number 21
[    6.359527][    T1] usb usb21: New USB device found, idVendor=1d6b, idProduct=0002, bcdDevice= 5.06
[    6.360242][    T1] usb usb21: New USB device strings: Mfr=3, Product=2, SerialNumber=1
[    6.360859][    T1] usb usb21: Product: USB/IP Virtual Host Controller
[    6.361366][    T1] usb usb21: Manufacturer: Linux 5.6.0-rc3-83672db7d6c6-00031-g83672db7d6c6 vhci_hcd
[    6.362084][    T1] usb usb21: SerialNumber: vhci_hcd.6
[    6.363724][    T1] hub 21-0:1.0: USB hub found
[    6.364193][    T1] hub 21-0:1.0: 8 ports detected
[    6.367521][    T1] vhci_hcd vhci_hcd.6: USB/IP Virtual Host Controller
[    6.368575][    T1] vhci_hcd vhci_hcd.6: new USB bus registered, assigned bus number 22
[    6.369475][    T1] usb usb22: We don't know the algorithms for LPM for this host, disabling LPM.
[    6.370601][    T1] usb usb22: New USB device found, idVendor=1d6b, idProduct=0003, bcdDevice= 5.06
[    6.371393][    T1] usb usb22: New USB device strings: Mfr=3, Product=2, SerialNumber=1
[    6.372074][    T1] usb usb22: Product: USB/IP Virtual Host Controller
[    6.372627][    T1] usb usb22: Manufacturer: Linux 5.6.0-rc3-83672db7d6c6-00031-g83672db7d6c6 vhci_hcd
[    6.373413][    T1] usb usb22: SerialNumber: vhci_hcd.6
[    6.374915][    T1] hub 22-0:1.0: USB hub found
[    6.375552][    T1] hub 22-0:1.0: 8 ports detected
[    6.380121][    T1] vhci_hcd vhci_hcd.7: USB/IP Virtual Host Controller
[    6.380997][    T1] vhci_hcd vhci_hcd.7: new USB bus registered, assigned bus number 23
[    6.382000][    T1] usb usb23: New USB device found, idVendor=1d6b, idProduct=0002, bcdDevice= 5.06
[    6.382713][    T1] usb usb23: New USB device strings: Mfr=3, Product=2, SerialNumber=1
[    6.383339][    T1] usb usb23: Product: USB/IP Virtual Host Controller
[    6.383847][    T1] usb usb23: Manufacturer: Linux 5.6.0-rc3-83672db7d6c6-00031-g83672db7d6c6 vhci_hcd
[    6.384564][    T1] usb usb23: SerialNumber: vhci_hcd.7
[    6.387299][    T1] hub 23-0:1.0: USB hub found
[    6.387858][    T1] hub 23-0:1.0: 8 ports detected
[    6.390569][    T1] vhci_hcd vhci_hcd.7: USB/IP Virtual Host Controller
[    6.391496][    T1] vhci_hcd vhci_hcd.7: new USB bus registered, assigned bus number 24
[    6.392350][    T1] usb usb24: We don't know the algorithms for LPM for this host, disabling LPM.
[    6.393347][    T1] usb usb24: New USB device found, idVendor=1d6b, idProduct=0003, bcdDevice= 5.06
[    6.394052][    T1] usb usb24: New USB device strings: Mfr=3, Product=2, SerialNumber=1
[    6.394679][    T1] usb usb24: Product: USB/IP Virtual Host Controller
[    6.395239][    T1] usb usb24: Manufacturer: Linux 5.6.0-rc3-83672db7d6c6-00031-g83672db7d6c6 vhci_hcd
[    6.396034][    T1] usb usb24: SerialNumber: vhci_hcd.7
[    6.398804][    T1] hub 24-0:1.0: USB hub found
[    6.399317][    T1] hub 24-0:1.0: 8 ports detected
[    6.403084][    T1] vhci_hcd vhci_hcd.8: USB/IP Virtual Host Controller
[    6.404096][    T1] vhci_hcd vhci_hcd.8: new USB bus registered, assigned bus number 25
[    6.405228][    T1] usb usb25: New USB device found, idVendor=1d6b, idProduct=0002, bcdDevice= 5.06
[    6.405998][    T1] usb usb25: New USB device strings: Mfr=3, Product=2, SerialNumber=1
[    6.408346][    T1] usb usb25: Product: USB/IP Virtual Host Controller
[    6.408876][    T1] usb usb25: Manufacturer: Linux 5.6.0-rc3-83672db7d6c6-00031-g83672db7d6c6 vhci_hcd
[    6.409591][    T1] usb usb25: SerialNumber: vhci_hcd.8
[    6.410858][    T1] hub 25-0:1.0: USB hub found
[    6.411310][    T1] hub 25-0:1.0: 8 ports detected
[    6.414060][    T1] vhci_hcd vhci_hcd.8: USB/IP Virtual Host Controller
[    6.414972][    T1] vhci_hcd vhci_hcd.8: new USB bus registered, assigned bus number 26
[    6.415858][    T1] usb usb26: We don't know the algorithms for LPM for this host, disabling LPM.
[    6.418212][    T1] usb usb26: New USB device found, idVendor=1d6b, idProduct=0003, bcdDevice= 5.06
[    6.418937][    T1] usb usb26: New USB device strings: Mfr=3, Product=2, SerialNumber=1
[    6.419560][    T1] usb usb26: Product: USB/IP Virtual Host Controller
[    6.420073][    T1] usb usb26: Manufacturer: Linux 5.6.0-rc3-83672db7d6c6-00031-g83672db7d6c6 vhci_hcd
[    6.420797][    T1] usb usb26: SerialNumber: vhci_hcd.8
[    6.422186][    T1] hub 26-0:1.0: USB hub found
[    6.422646][    T1] hub 26-0:1.0: 8 ports detected
[    6.426030][    T1] vhci_hcd vhci_hcd.9: USB/IP Virtual Host Controller
[    6.427364][    T1] vhci_hcd vhci_hcd.9: new USB bus registered, assigned bus number 27
[    6.429248][    T1] usb usb27: New USB device found, idVendor=1d6b, idProduct=0002, bcdDevice= 5.06
[    6.430062][    T1] usb usb27: New USB device strings: Mfr=3, Product=2, SerialNumber=1
[    6.430752][    T1] usb usb27: Product: USB/IP Virtual Host Controller
[    6.431315][    T1] usb usb27: Manufacturer: Linux 5.6.0-rc3-83672db7d6c6-00031-g83672db7d6c6 vhci_hcd
[    6.432106][    T1] usb usb27: SerialNumber: vhci_hcd.9
[    6.433655][    T1] hub 27-0:1.0: USB hub found
[    6.434160][    T1] hub 27-0:1.0: 8 ports detected
[    6.437900][    T1] vhci_hcd vhci_hcd.9: USB/IP Virtual Host Controller
[    6.438845][    T1] vhci_hcd vhci_hcd.9: new USB bus registered, assigned bus number 28
[    6.439640][    T1] usb usb28: We don't know the algorithms for LPM for this host, disabling LPM.
[    6.440651][    T1] usb usb28: New USB device found, idVendor=1d6b, idProduct=0003, bcdDevice= 5.06
[    6.441354][    T1] usb usb28: New USB device strings: Mfr=3, Product=2, SerialNumber=1
[    6.441979][    T1] usb usb28: Product: USB/IP Virtual Host Controller
[    6.442486][    T1] usb usb28: Manufacturer: Linux 5.6.0-rc3-83672db7d6c6-00031-g83672db7d6c6 vhci_hcd
[    6.443211][    T1] usb usb28: SerialNumber: vhci_hcd.9
[    6.444630][    T1] hub 28-0:1.0: USB hub found
[    6.445096][    T1] hub 28-0:1.0: 8 ports detected
[    6.449858][    T1] vhci_hcd vhci_hcd.10: USB/IP Virtual Host Controller
[    6.450748][    T1] vhci_hcd vhci_hcd.10: new USB bus registered, assigned bus number 29
[    6.451759][    T1] usb usb29: New USB device found, idVendor=1d6b, idProduct=0002, bcdDevice= 5.06
[    6.452460][    T1] usb usb29: New USB device strings: Mfr=3, Product=2, SerialNumber=1
[    6.453097][    T1] usb usb29: Product: USB/IP Virtual Host Controller
[    6.453607][    T1] usb usb29: Manufacturer: Linux 5.6.0-rc3-83672db7d6c6-00031-g83672db7d6c6 vhci_hcd
[    6.454325][    T1] usb usb29: SerialNumber: vhci_hcd.10
[    6.456114][    T1] hub 29-0:1.0: USB hub found
[    6.457452][    T1] hub 29-0:1.0: 8 ports detected
[    6.460961][    T1] vhci_hcd vhci_hcd.10: USB/IP Virtual Host Controller
[    6.461975][    T1] vhci_hcd vhci_hcd.10: new USB bus registered, assigned bus number 30
[    6.462835][    T1] usb usb30: We don't know the algorithms for LPM for this host, disabling LPM.
[    6.464290][    T1] usb usb30: New USB device found, idVendor=1d6b, idProduct=0003, bcdDevice= 5.06
[    6.465072][    T1] usb usb30: New USB device strings: Mfr=3, Product=2, SerialNumber=1
[    6.465752][    T1] usb usb30: Product: USB/IP Virtual Host Controller
[    6.466348][    T1] usb usb30: Manufacturer: Linux 5.6.0-rc3-83672db7d6c6-00031-g83672db7d6c6 vhci_hcd
[    6.467186][    T1] usb usb30: SerialNumber: vhci_hcd.10
[    6.468673][    T1] hub 30-0:1.0: USB hub found
[    6.469127][    T1] hub 30-0:1.0: 8 ports detected
[    6.472560][    T1] vhci_hcd vhci_hcd.11: USB/IP Virtual Host Controller
[    6.473508][    T1] vhci_hcd vhci_hcd.11: new USB bus registered, assigned bus number 31
[    6.474739][    T1] usb usb31: New USB device found, idVendor=1d6b, idProduct=0002, bcdDevice= 5.06
[    6.475451][    T1] usb usb31: New USB device strings: Mfr=3, Product=2, SerialNumber=1
[    6.476078][    T1] usb usb31: Product: USB/IP Virtual Host Controller
[    6.476670][    T1] usb usb31: Manufacturer: Linux 5.6.0-rc3-83672db7d6c6-00031-g83672db7d6c6 vhci_hcd
[    6.477591][    T1] usb usb31: SerialNumber: vhci_hcd.11
[    6.478981][    T1] hub 31-0:1.0: USB hub found
[    6.479434][    T1] hub 31-0:1.0: 8 ports detected
[    6.482251][    T1] vhci_hcd vhci_hcd.11: USB/IP Virtual Host Controller
[    6.483268][    T1] vhci_hcd vhci_hcd.11: new USB bus registered, assigned bus number 32
[    6.484096][    T1] usb usb32: We don't know the algorithms for LPM for this host, disabling LPM.
[    6.485084][    T1] usb usb32: New USB device found, idVendor=1d6b, idProduct=0003, bcdDevice= 5.06
[    6.485818][    T1] usb usb32: New USB device strings: Mfr=3, Product=2, SerialNumber=1
[    6.487183][    T1] usb usb32: Product: USB/IP Virtual Host Controller
[    6.487695][    T1] usb usb32: Manufacturer: Linux 5.6.0-rc3-83672db7d6c6-00031-g83672db7d6c6 vhci_hcd
[    6.488418][    T1] usb usb32: SerialNumber: vhci_hcd.11
[    6.490305][    T1] hub 32-0:1.0: USB hub found
[    6.490825][    T1] hub 32-0:1.0: 8 ports detected
[    6.494560][    T1] vhci_hcd vhci_hcd.12: USB/IP Virtual Host Controller
[    6.495508][    T1] vhci_hcd vhci_hcd.12: new USB bus registered, assigned bus number 33
[    6.497178][    T1] usb usb33: New USB device found, idVendor=1d6b, idProduct=0002, bcdDevice= 5.06
[    6.497959][    T1] usb usb33: New USB device strings: Mfr=3, Product=2, SerialNumber=1
[    6.498579][    T1] usb usb33: Product: USB/IP Virtual Host Controller
[    6.499090][    T1] usb usb33: Manufacturer: Linux 5.6.0-rc3-83672db7d6c6-00031-g83672db7d6c6 vhci_hcd
[    6.499808][    T1] usb usb33: SerialNumber: vhci_hcd.12
[    6.501183][    T1] hub 33-0:1.0: USB hub found
[    6.501647][    T1] hub 33-0:1.0: 8 ports detected
[    6.504417][    T1] vhci_hcd vhci_hcd.12: USB/IP Virtual Host Controller
[    6.505369][    T1] vhci_hcd vhci_hcd.12: new USB bus registered, assigned bus number 34
[    6.506160][    T1] usb usb34: We don't know the algorithms for LPM for this host, disabling LPM.
[    6.507943][    T1] usb usb34: New USB device found, idVendor=1d6b, idProduct=0003, bcdDevice= 5.06
[    6.508650][    T1] usb usb34: New USB device strings: Mfr=3, Product=2, SerialNumber=1
[    6.509267][    T1] usb usb34: Product: USB/IP Virtual Host Controller
[    6.509789][    T1] usb usb34: Manufacturer: Linux 5.6.0-rc3-83672db7d6c6-00031-g83672db7d6c6 vhci_hcd
[    6.510508][    T1] usb usb34: SerialNumber: vhci_hcd.12
[    6.511950][    T1] hub 34-0:1.0: USB hub found
[    6.512400][    T1] hub 34-0:1.0: 8 ports detected
[    6.515795][    T1] vhci_hcd vhci_hcd.13: USB/IP Virtual Host Controller
[    6.517122][    T1] vhci_hcd vhci_hcd.13: new USB bus registered, assigned bus number 35
[    6.518459][    T1] usb usb35: New USB device found, idVendor=1d6b, idProduct=0002, bcdDevice= 5.06
[    6.519176][    T1] usb usb35: New USB device strings: Mfr=3, Product=2, SerialNumber=1
[    6.519835][    T1] usb usb35: Product: USB/IP Virtual Host Controller
[    6.520625][    T1] usb usb35: Manufacturer: Linux 5.6.0-rc3-83672db7d6c6-00031-g83672db7d6c6 vhci_hcd
[    6.521488][    T1] usb usb35: SerialNumber: vhci_hcd.13
[    6.523200][    T1] hub 35-0:1.0: USB hub found
[    6.523703][    T1] hub 35-0:1.0: 8 ports detected
[    6.526857][    T1] vhci_hcd vhci_hcd.13: USB/IP Virtual Host Controller
[    6.527797][    T1] vhci_hcd vhci_hcd.13: new USB bus registered, assigned bus number 36
[    6.528593][    T1] usb usb36: We don't know the algorithms for LPM for this host, disabling LPM.
[    6.529591][    T1] usb usb36: New USB device found, idVendor=1d6b, idProduct=0003, bcdDevice= 5.06
[    6.530301][    T1] usb usb36: New USB device strings: Mfr=3, Product=2, SerialNumber=1
[    6.530919][    T1] usb usb36: Product: USB/IP Virtual Host Controller
[    6.531428][    T1] usb usb36: Manufacturer: Linux 5.6.0-rc3-83672db7d6c6-00031-g83672db7d6c6 vhci_hcd
[    6.532146][    T1] usb usb36: SerialNumber: vhci_hcd.13
[    6.533544][    T1] hub 36-0:1.0: USB hub found
[    6.534115][    T1] hub 36-0:1.0: 8 ports detected
[    6.538680][    T1] vhci_hcd vhci_hcd.14: USB/IP Virtual Host Controller
[    6.539549][    T1] vhci_hcd vhci_hcd.14: new USB bus registered, assigned bus number 37
[    6.540545][    T1] usb usb37: New USB device found, idVendor=1d6b, idProduct=0002, bcdDevice= 5.06
[    6.541251][    T1] usb usb37: New USB device strings: Mfr=3, Product=2, SerialNumber=1
[    6.541874][    T1] usb usb37: Product: USB/IP Virtual Host Controller
[    6.542379][    T1] usb usb37: Manufacturer: Linux 5.6.0-rc3-83672db7d6c6-00031-g83672db7d6c6 vhci_hcd
[    6.543098][    T1] usb usb37: SerialNumber: vhci_hcd.14
[    6.545017][    T1] hub 37-0:1.0: USB hub found
[    6.545491][    T1] hub 37-0:1.0: 8 ports detected
[    6.548248][    T1] vhci_hcd vhci_hcd.14: USB/IP Virtual Host Controller
[    6.549165][    T1] vhci_hcd vhci_hcd.14: new USB bus registered, assigned bus number 38
[    6.550047][    T1] usb usb38: We don't know the algorithms for LPM for this host, disabling LPM.
[    6.551844][    T1] usb usb38: New USB device found, idVendor=1d6b, idProduct=0003, bcdDevice= 5.06
[    6.552647][    T1] usb usb38: New USB device strings: Mfr=3, Product=2, SerialNumber=1
[    6.553325][    T1] usb usb38: Product: USB/IP Virtual Host Controller
[    6.553882][    T1] usb usb38: Manufacturer: Linux 5.6.0-rc3-83672db7d6c6-00031-g83672db7d6c6 vhci_hcd
[    6.554662][    T1] usb usb38: SerialNumber: vhci_hcd.14
[    6.556070][    T1] hub 38-0:1.0: USB hub found
[    6.556875][    T1] hub 38-0:1.0: 8 ports detected
[    6.560467][    T1] vhci_hcd vhci_hcd.15: USB/IP Virtual Host Controller
[    6.561514][    T1] vhci_hcd vhci_hcd.15: new USB bus registered, assigned bus number 39
[    6.562625][    T1] usb usb39: New USB device found, idVendor=1d6b, idProduct=0002, bcdDevice= 5.06
[    6.563368][    T1] usb usb39: New USB device strings: Mfr=3, Product=2, SerialNumber=1
[    6.563997][    T1] usb usb39: Product: USB/IP Virtual Host Controller
[    6.564506][    T1] usb usb39: Manufacturer: Linux 5.6.0-rc3-83672db7d6c6-00031-g83672db7d6c6 vhci_hcd
[    6.565226][    T1] usb usb39: SerialNumber: vhci_hcd.15
[    6.566965][    T1] hub 39-0:1.0: USB hub found
[    6.567461][    T1] hub 39-0:1.0: 8 ports detected
[    6.570464][    T1] vhci_hcd vhci_hcd.15: USB/IP Virtual Host Controller
[    6.571296][    T1] vhci_hcd vhci_hcd.15: new USB bus registered, assigned bus number 40
[    6.572165][    T1] usb usb40: We don't know the algorithms for LPM for this host, disabling LPM.
[    6.573399][    T1] usb usb40: New USB device found, idVendor=1d6b, idProduct=0003, bcdDevice= 5.06
[    6.574139][    T1] usb usb40: New USB device strings: Mfr=3, Product=2, SerialNumber=1
[    6.574775][    T1] usb usb40: Product: USB/IP Virtual Host Controller
[    6.575301][    T1] usb usb40: Manufacturer: Linux 5.6.0-rc3-83672db7d6c6-00031-g83672db7d6c6 vhci_hcd
[    6.576098][    T1] usb usb40: SerialNumber: vhci_hcd.15
[    6.577836][    T1] hub 40-0:1.0: USB hub found
[    6.578326][    T1] hub 40-0:1.0: 8 ports detected
[    6.582736][    T1] usbcore: registered new device driver usbip-host
[    6.585867][    T1] i8042: PNP: PS/2 Controller [PNP0303:KBD,PNP0f13:MOU] at 0x60,0x64 irq 1,12
[    6.588292][    T1] serio: i8042 KBD port at 0x60,0x64 irq 1
[    6.591989][    T1] serio: i8042 AUX port at 0x60,0x64 irq 12
[    6.593817][    T1] mousedev: PS/2 mouse device common for all mice
[    6.596238][ T3568] input: AT Translated Set 2 keyboard as /devices/platform/i8042/serio0/input/input1
[    6.597568][    T1] usbcore: registered new interface driver appletouch
[    6.598438][    T1] usbcore: registered new interface driver bcm5974
[    6.599554][    T1] usbcore: registered new interface driver synaptics_usb
[    6.600407][    T1] usbcore: registered new interface driver iforce
[    6.601446][    T1] usbcore: registered new interface driver xpad
[    6.602239][    T1] usbcore: registered new interface driver usb_acecad
[    6.603081][    T1] usbcore: registered new interface driver aiptek
[    6.603866][    T1] usbcore: registered new interface driver hanwang
[    6.605784][    T1] usbcore: registered new interface driver kbtab
[    6.606508][    T1] usbcore: registered new interface driver pegasus_notetaker
[    6.607321][    T1] usbcore: registered new interface driver usbtouchscreen
[    6.608099][    T1] usbcore: registered new interface driver sur40
[    6.608799][    T1] usbcore: registered new interface driver ati_remote2
[    6.609327][    T1] cm109: Keymap for Komunikate KIP1000 phone loaded
[    6.610058][    T1] usbcore: registered new interface driver cm109
[    6.610546][    T1] cm109: CM109 phone driver: 20080805 (C) Alfred E. Heggestad
[    6.612394][    T1] usbcore: registered new interface driver ims_pcu
[    6.613374][    T1] usbcore: registered new interface driver keyspan_remote
[    6.614286][    T1] usbcore: registered new interface driver powermate
[    6.615402][    T1] usbcore: registered new interface driver yealink
[    6.617328][    T1] rtc_cmos 00:05: RTC can wake from S4
[    6.620116][    T1] rtc_cmos 00:05: registered as rtc0
[    6.620537][    T1] rtc_cmos 00:05: alarms up to one day, y3k, 242 bytes nvram, hpet irqs
[    6.622147][    T1] i2c /dev entries driver
[    6.623149][    T1] usbcore: registered new interface driver i2c-diolan-u2c
[    6.625893][    T1] usbcore: registered new interface driver RobotFuzz Open Source InterFace, OSIF
[    6.627442][    T1] usbcore: registered new interface driver i2c-tiny-usb
[    6.630056][    T1] usbcore: registered new interface driver ati_remote
[    6.630892][    T1] usbcore: registered new interface driver imon
[    6.631642][    T1] usbcore: registered new interface driver mceusb
[    6.632368][    T1] usbcore: registered new interface driver redrat3
[    6.633061][    T1] usbcore: registered new interface driver streamzap
[    6.636266][    T1] usbcore: registered new interface driver igorplugusb
[    6.637256][    T1] usbcore: registered new interface driver iguanair
[    6.637918][    T1] usbcore: registered new interface driver ttusbir
[    6.638420][    T1] b2c2-flexcop: B2C2 FlexcopII/II(b)/III digital TV receiver chip loaded successfully
[    6.649779][    T1] vivid-000: using single planar format API
[    6.660329][    T1] vivid-000: CEC adapter cec0 registered for HDMI input 0
[    6.661203][    T1] vivid-000: V4L2 capture device registered as video3
[    6.662040][    T1] vivid-000: CEC adapter cec1 registered for HDMI output 0
[    6.662937][    T1] vivid-000: V4L2 output device registered as video4
[    6.663753][    T1] vivid-000: V4L2 capture device registered as vbi0, supports raw and sliced VBI
[    6.664752][    T1] vivid-000: V4L2 output device registered as vbi1, supports raw and sliced VBI
[    6.665751][    T1] vivid-000: V4L2 capture device registered as swradio0
[    6.666631][    T1] vivid-000: V4L2 receiver device registered as radio0
[    6.667518][    T1] vivid-000: V4L2 transmitter device registered as radio1
[    6.668418][    T1] vivid-000: V4L2 metadata capture device registered as video5
[    6.670685][    T1] vivid-000: V4L2 metadata output device registered as video6
[    6.671529][    T1] vivid-000: V4L2 touch capture device registered as v4l-touch0
[    6.672408][    T1] vivid-001: using multiplanar format API
[    6.682306][    T1] vivid-001: CEC adapter cec2 registered for HDMI input 0
[    6.683146][    T1] vivid-001: V4L2 capture device registered as video7
[    6.683930][    T1] vivid-001: CEC adapter cec3 registered for HDMI output 0
[    6.684873][    T1] vivid-001: V4L2 output device registered as video8
[    6.685688][    T1] vivid-001: V4L2 capture device registered as vbi2, supports raw and sliced VBI
[    6.686808][    T1] vivid-001: V4L2 output device registered as vbi3, supports raw and sliced VBI
[    6.688138][    T1] vivid-001: V4L2 capture device registered as swradio1
[    6.688968][    T1] vivid-001: V4L2 receiver device registered as radio2
[    6.689785][    T1] vivid-001: V4L2 transmitter device registered as radio3
[    6.690632][    T1] vivid-001: V4L2 metadata capture device registered as video9
[    6.691526][    T1] vivid-001: V4L2 metadata output device registered as video10
[    6.692415][    T1] vivid-001: V4L2 touch capture device registered as v4l-touch1
[    6.693302][    T1] vivid-002: using single planar format API
[    6.702703][    T1] vivid-002: CEC adapter cec4 registered for HDMI input 0
[    6.703530][    T1] vivid-002: V4L2 capture device registered as video11
[    6.704676][    T1] vivid-002: CEC adapter cec5 registered for HDMI output 0
[    6.705790][    T1] vivid-002: V4L2 output device registered as video12
[    6.707191][    T1] vivid-002: V4L2 capture device registered as vbi4, supports raw and sliced VBI
[    6.708249][    T1] vivid-002: V4L2 output device registered as vbi5, supports raw and sliced VBI
[    6.709330][    T1] vivid-002: V4L2 capture device registered as swradio2
[    6.710204][    T1] vivid-002: V4L2 receiver device registered as radio4
[    6.711152][    T1] vivid-002: V4L2 transmitter device registered as radio5
[    6.711985][    T1] vivid-002: V4L2 metadata capture device registered as video13
[    6.712868][    T1] vivid-002: V4L2 metadata output device registered as video14
[    6.713739][    T1] vivid-002: V4L2 touch capture device registered as v4l-touch2
[    6.715955][    T1] vivid-003: using multiplanar format API
[    6.724265][    T1] vivid-003: CEC adapter cec6 registered for HDMI input 0
[    6.725108][    T1] vivid-003: V4L2 capture device registered as video15
[    6.725878][    T1] vivid-003: CEC adapter cec7 registered for HDMI output 0
[    6.726893][    T1] vivid-003: V4L2 output device registered as video16
[    6.727717][    T1] vivid-003: V4L2 capture device registered as vbi6, supports raw and sliced VBI
[    6.728703][    T1] vivid-003: V4L2 output device registered as vbi7, supports raw and sliced VBI
[    6.729690][    T1] vivid-003: V4L2 capture device registered as swradio3
[    6.730509][    T1] vivid-003: V4L2 receiver device registered as radio6
[    6.731326][    T1] vivid-003: V4L2 transmitter device registered as radio7
[    6.732190][    T1] vivid-003: V4L2 metadata capture device registered as video17
[    6.733076][    T1] vivid-003: V4L2 metadata output device registered as video18
[    6.733945][    T1] vivid-003: V4L2 touch capture device registered as v4l-touch3
[    6.735186][    T1] vivid-004: using single planar format API
[    6.746393][    T1] vivid-004: CEC adapter cec8 registered for HDMI input 0
[    6.747256][    T1] vivid-004: V4L2 capture device registered as video19
[    6.748065][    T1] vivid-004: CEC adapter cec9 registered for HDMI output 0
[    6.748908][    T1] vivid-004: V4L2 output device registered as video20
[    6.749740][    T1] vivid-004: V4L2 capture device registered as vbi8, supports raw and sliced VBI
[    6.750728][    T1] vivid-004: V4L2 output device registered as vbi9, supports raw and sliced VBI
[    6.751702][    T1] vivid-004: V4L2 capture device registered as swradio4
[    6.752516][    T1] vivid-004: V4L2 receiver device registered as radio8
[    6.753341][    T1] vivid-004: V4L2 transmitter device registered as radio9
[    6.754175][    T1] vivid-004: V4L2 metadata capture device registered as video21
[    6.756108][    T1] vivid-004: V4L2 metadata output device registered as video22
[    6.757613][    T1] vivid-004: V4L2 touch capture device registered as v4l-touch4
[    6.758525][    T1] vivid-005: using multiplanar format API
[    6.767684][    T1] vivid-005: CEC adapter cec10 registered for HDMI input 0
[    6.768647][    T1] vivid-005: V4L2 capture device registered as video23
[    6.769495][    T1] vivid-005: CEC adapter cec11 registered for HDMI output 0
[    6.770536][    T1] vivid-005: V4L2 output device registered as video24
[    6.771428][    T1] vivid-005: V4L2 capture device registered as vbi10, supports raw and sliced VBI
[    6.772532][    T1] vivid-005: V4L2 output device registered as vbi11, supports raw and sliced VBI
[    6.773555][    T1] vivid-005: V4L2 capture device registered as swradio5
[    6.774368][    T1] vivid-005: V4L2 receiver device registered as radio10
[    6.775193][    T1] vivid-005: V4L2 transmitter device registered as radio11
[    6.776044][    T1] vivid-005: V4L2 metadata capture device registered as video25
[    6.776955][    T1] vivid-005: V4L2 metadata output device registered as video26
[    6.777821][    T1] vivid-005: V4L2 touch capture device registered as v4l-touch5
[    6.780343][    T1] vivid-006: using single planar format API
[    6.788494][    T1] vivid-006: CEC adapter cec12 registered for HDMI input 0
[    6.789331][    T1] vivid-006: V4L2 capture device registered as video27
[    6.790105][    T1] vivid-006: CEC adapter cec13 registered for HDMI output 0
[    6.791046][    T1] vivid-006: V4L2 output device registered as video28
[    6.791871][    T1] vivid-006: V4L2 capture device registered as vbi12, supports raw and sliced VBI
[    6.793045][    T1] vivid-006: V4L2 output device registered as vbi13, supports raw and sliced VBI
[    6.794043][    T1] vivid-006: V4L2 capture device registered as swradio6
[    6.794871][    T1] vivid-006: V4L2 receiver device registered as radio12
[    6.796095][    T1] vivid-006: V4L2 transmitter device registered as radio13
[    6.797933][    T1] vivid-006: V4L2 metadata capture device registered as video29
[    6.798919][    T1] vivid-006: V4L2 metadata output device registered as video30
[    6.799924][    T1] vivid-006: V4L2 touch capture device registered as v4l-touch6
[    6.802308][    T1] vivid-007: using multiplanar format API
[    6.810883][    T1] vivid-007: CEC adapter cec14 registered for HDMI input 0
[    6.811700][    T1] vivid-007: V4L2 capture device registered as video31
[    6.812490][    T1] vivid-007: CEC adapter cec15 registered for HDMI output 0
[    6.813429][    T1] vivid-007: V4L2 output device registered as video32
[    6.814273][    T1] vivid-007: V4L2 capture device registered as vbi14, supports raw and sliced VBI
[    6.815277][    T1] vivid-007: V4L2 output device registered as vbi15, supports raw and sliced VBI
[    6.816729][    T1] vivid-007: V4L2 capture device registered as swradio7
[    6.817557][    T1] vivid-007: V4L2 receiver device registered as radio14
[    6.818389][    T1] vivid-007: V4L2 transmitter device registered as radio15
[    6.819231][    T1] vivid-007: V4L2 metadata capture device registered as video33
[    6.820109][    T1] vivid-007: V4L2 metadata output device registered as video34
[    6.820977][    T1] vivid-007: V4L2 touch capture device registered as v4l-touch7
[    6.821849][    T1] vivid-008: using single planar format API
[    6.832143][    T1] vivid-008: CEC adapter cec16 registered for HDMI input 0
[    6.832997][    T1] vivid-008: V4L2 capture device registered as video35
[    6.833862][    T1] vivid-008: CEC adapter cec17 registered for HDMI output 0
[    6.834905][    T1] vivid-008: V4L2 output device registered as video36
[    6.835753][    T1] vivid-008: V4L2 capture device registered as vbi16, supports raw and sliced VBI
[    6.838001][    T1] vivid-008: V4L2 output device registered as vbi17, supports raw and sliced VBI
[    6.839049][    T1] vivid-008: V4L2 capture device registered as swradio8
