c[?7l[2J[0mSeaBIOS (version rel-1.16.0-0-gd239552ce722-prebuilt.qemu.org)


iPXE (http://ipxe.org) 00:03.0 CA00 PCI2.10 PnP PMM+7FF91000+7FEF1000 CA00
Press Ctrl-B to configure iPXE (PCI 00:03.0)...                                                                               


Booting from ROM..c[?7l[2J[0m.early console in extract_kernel
input_data: 0x000000000bf062c8
input_len: 0x00000000044fabe7
output: 0x0000000001000000
output_len: 0x000000000e031b28
kernel_total_size: 0x000000000f426000
needed_size: 0x000000000f600000
trampoline_32bit: 0x000000000009d000

Decompressing Linux... Parsing ELF... done.
Booting the kernel.
[    0.000000][    T0] Linux version 5.6.0-rc5-c312c7818b86-00341-gc312c7818b86 (root@xpf.sh.intel.com) (gcc version 8.5.0 20210514 (Red Hat 8.5.0-20) (GCC)) #1 SMP PREEMPT Sat Dec 2 13:09:41 CST 2023
[    0.000000][    T0] Command line: console=ttyS0 root=/dev/sda1 earlyprintk=serial net.ifnames=0 thunderbolt.dyndbg plymouth.enable=0
[    0.000000][    T0] KERNEL supported cpus:
[    0.000000][    T0]   Intel GenuineIntel
[    0.000000][    T0]   AMD AuthenticAMD
[    0.000000][    T0] x86/fpu: Supporting XSAVE feature 0x001: 'x87 floating point registers'
[    0.000000][    T0] x86/fpu: Supporting XSAVE feature 0x002: 'SSE registers'
[    0.000000][    T0] x86/fpu: Supporting XSAVE feature 0x004: 'AVX registers'
[    0.000000][    T0] x86/fpu: Supporting XSAVE feature 0x008: 'MPX bounds registers'
[    0.000000][    T0] x86/fpu: Supporting XSAVE feature 0x010: 'MPX CSR'
[    0.000000][    T0] x86/fpu: Supporting XSAVE feature 0x020: 'AVX-512 opmask'
[    0.000000][    T0] x86/fpu: Supporting XSAVE feature 0x040: 'AVX-512 Hi256'
[    0.000000][    T0] x86/fpu: Supporting XSAVE feature 0x080: 'AVX-512 ZMM_Hi256'
[    0.000000][    T0] x86/fpu: xstate_offset[2]:  576, xstate_sizes[2]:  256
[    0.000000][    T0] x86/fpu: xstate_offset[3]:  832, xstate_sizes[3]:   64
[    0.000000][    T0] x86/fpu: xstate_offset[4]:  896, xstate_sizes[4]:   64
[    0.000000][    T0] x86/fpu: xstate_offset[5]:  960, xstate_sizes[5]:   64
[    0.000000][    T0] x86/fpu: xstate_offset[6]: 1024, xstate_sizes[6]:  512
[    0.000000][    T0] x86/fpu: xstate_offset[7]: 1536, xstate_sizes[7]: 1024
[    0.000000][    T0] x86/fpu: Enabled xstate features 0xff, context size is 2560 bytes, using 'compacted' format.
[    0.000000][    T0] BIOS-provided physical RAM map:
[    0.000000][    T0] BIOS-e820: [mem 0x0000000000000000-0x000000000009fbff] usable
[    0.000000][    T0] BIOS-e820: [mem 0x000000000009fc00-0x000000000009ffff] reserved
[    0.000000][    T0] BIOS-e820: [mem 0x00000000000f0000-0x00000000000fffff] reserved
[    0.000000][    T0] BIOS-e820: [mem 0x0000000000100000-0x000000007ffdffff] usable
[    0.000000][    T0] BIOS-e820: [mem 0x000000007ffe0000-0x000000007fffffff] reserved
[    0.000000][    T0] BIOS-e820: [mem 0x00000000feffc000-0x00000000feffffff] reserved
[    0.000000][    T0] BIOS-e820: [mem 0x00000000fffc0000-0x00000000ffffffff] reserved
[    0.000000][    T0] printk: bootconsole [earlyser0] enabled
[    0.000000][    T0] ERROR: earlyprintk= earlyser already used
[    0.000000][    T0] ERROR: earlyprintk= earlyser already used
[    0.000000][    T0] ERROR: earlyprintk= earlyser already used
[    0.000000][    T0] Malformed early option 'vsyscall'
[    0.000000][    T0] nopcid: PCID feature disabled
[    0.000000][    T0] NX (Execute Disable) protection: active
[    0.000000][    T0] SMBIOS 2.8 present.
[    0.000000][    T0] DMI: QEMU Standard PC (i440FX + PIIX, 1996), BIOS rel-1.16.0-0-gd239552ce722-prebuilt.qemu.org 04/01/2014
[    0.000000][    T0] Hypervisor detected: KVM
[    0.000000][    T0] kvm-clock: Using msrs 4b564d01 and 4b564d00
[    0.000002][    T0] kvm-clock: cpu 0, msr ec58001, primary cpu clock
[    0.000002][    T0] kvm-clock: using sched offset of 861772557 cycles
[    0.000675][    T0] clocksource: kvm-clock: mask: 0xffffffffffffffff max_cycles: 0x1cd42e4dffb, max_idle_ns: 881590591483 ns
[    0.002522][    T0] tsc: Detected 2999.998 MHz processor
[    0.008281][    T0] last_pfn = 0x7ffe0 max_arch_pfn = 0x400000000
[    0.009032][    T0] x86/PAT: Configuration [0-7]: WB  WC  UC- UC  WB  WP  UC- WT  
[    0.017534][    T0] found SMP MP-table at [mem 0x000f5ba0-0x000f5baf]
[    0.018365][    T0] Using GB pages for direct mapping
[    0.019691][    T0] ACPI: Early table checksum verification disabled
[    0.020409][    T0] ACPI: RSDP 0x00000000000F59C0 000014 (v00 BOCHS )
[    0.021090][    T0] ACPI: RSDT 0x000000007FFE1951 000034 (v01 BOCHS  BXPC     00000001 BXPC 00000001)
[    0.022152][    T0] ACPI: FACP 0x000000007FFE17FD 000074 (v01 BOCHS  BXPC     00000001 BXPC 00000001)
[    0.023232][    T0] ACPI: DSDT 0x000000007FFE0040 0017BD (v01 BOCHS  BXPC     00000001 BXPC 00000001)
[    0.024225][    T0] ACPI: FACS 0x000000007FFE0000 000040
[    0.024789][    T0] ACPI: APIC 0x000000007FFE1871 000080 (v01 BOCHS  BXPC     00000001 BXPC 00000001)
[    0.025760][    T0] ACPI: HPET 0x000000007FFE18F1 000038 (v01 BOCHS  BXPC     00000001 BXPC 00000001)
[    0.026730][    T0] ACPI: WAET 0x000000007FFE1929 000028 (v01 BOCHS  BXPC     00000001 BXPC 00000001)
[    0.028459][    T0] No NUMA configuration found
[    0.028933][    T0] Faking a node at [mem 0x0000000000000000-0x000000007ffdffff]
[    0.029715][    T0] Faking node 0 at [mem 0x0000000000000000-0x000000003fffffff] (1024MB)
[    0.030573][    T0] Faking node 1 at [mem 0x0000000040000000-0x000000007ffdffff] (1023MB)
[    0.031743][    T0] NODE_DATA(0) allocated [mem 0x3fffb000-0x3fffffff]
[    0.032572][    T0] NODE_DATA(1) allocated [mem 0x7ffda000-0x7ffdefff]
[    0.036828][    T0] Zone ranges:
[    0.037212][    T0]   DMA      [mem 0x0000000000001000-0x0000000000ffffff]
[    0.037938][    T0]   DMA32    [mem 0x0000000001000000-0x000000007ffdffff]
[    0.038663][    T0]   Normal   empty
[    0.039043][    T0]   Device   empty
[    0.039425][    T0] Movable zone start for each node
[    0.039945][    T0] Early memory node ranges
[    0.040398][    T0]   node   0: [mem 0x0000000000001000-0x000000000009efff]
[    0.041136][    T0]   node   0: [mem 0x0000000000100000-0x000000003fffffff]
[    0.041869][    T0]   node   1: [mem 0x0000000040000000-0x000000007ffdffff]
[    0.042609][    T0] Zeroed struct page in unavailable ranges: 130 pages
[    0.042613][    T0] Initmem setup node 0 [mem 0x0000000000001000-0x000000003fffffff]
[    0.055323][    T0] Initmem setup node 1 [mem 0x0000000040000000-0x000000007ffdffff]
[    0.100456][    T0] kasan: KernelAddressSanitizer initialized
[    0.101452][    T0] ACPI: PM-Timer IO Port: 0x608
[    0.102033][    T0] ACPI: LAPIC_NMI (acpi_id[0xff] dfl dfl lint[0x1])
[    0.102838][    T0] IOAPIC[0]: apic_id 0, version 17, address 0xfec00000, GSI 0-23
[    0.103723][    T0] ACPI: INT_SRC_OVR (bus 0 bus_irq 0 global_irq 2 dfl dfl)
[    0.104543][    T0] ACPI: INT_SRC_OVR (bus 0 bus_irq 5 global_irq 5 high level)
[    0.105384][    T0] ACPI: INT_SRC_OVR (bus 0 bus_irq 9 global_irq 9 high level)
[    0.106240][    T0] ACPI: INT_SRC_OVR (bus 0 bus_irq 10 global_irq 10 high level)
[    0.107112][    T0] ACPI: INT_SRC_OVR (bus 0 bus_irq 11 global_irq 11 high level)
[    0.108000][    T0] Using ACPI (MADT) for SMP configuration information
[    0.108855][    T0] ACPI: HPET id: 0x8086a201 base: 0xfed00000
[    0.109497][    T0] smpboot: Allowing 2 CPUs, 0 hotplug CPUs
[    0.110063][    T0] KVM setup pv remote TLB flush
[    0.110521][    T0] KVM setup pv sched yield
[    0.110965][    T0] PM: hibernation: Registered nosave memory: [mem 0x00000000-0x00000fff]
[    0.111755][    T0] PM: hibernation: Registered nosave memory: [mem 0x0009f000-0x0009ffff]
[    0.112540][    T0] PM: hibernation: Registered nosave memory: [mem 0x000a0000-0x000effff]
[    0.113311][    T0] PM: hibernation: Registered nosave memory: [mem 0x000f0000-0x000fffff]
[    0.114110][    T0] [mem 0x80000000-0xfeffbfff] available for PCI devices
[    0.114741][    T0] Booting paravirtualized kernel on KVM
[    0.115267][    T0] clocksource: refined-jiffies: mask: 0xffffffff max_cycles: 0xffffffff, max_idle_ns: 19112604462750000 ns
[    0.158536][    T0] setup_percpu: NR_CPUS:8 nr_cpumask_bits:8 nr_cpu_ids:2 nr_node_ids:2
[    0.160139][    T0] percpu: Embedded 65 pages/cpu s227592 r8192 d30456 u2097152
[    0.161074][    T0] KVM setup async PF for cpu 0
[    0.161538][    T0] kvm-stealtime: cpu 0, msr 2ce21a80
[    0.162000][    T0] PV qspinlock hash table entries: 256 (order: 0, 4096 bytes, linear)
[    0.162700][    T0] Built 2 zonelists, mobility grouping on.  Total pages: 515945
[    0.163338][    T0] Policy zone: DMA32
[    0.163711][    T0] Kernel command line: earlyprintk=serial net.ifnames=0 sysctl.kernel.hung_task_all_cpu_backtrace=1 ima_policy=tcb nf-conntrack-ftp.ports=20000 nf-conntrack-tftp.ports=20000 nf-conntrack-sip.ports=20000 nf-conntrack-irc.ports=20000 nf-conntrack-sane.ports=20000 binder.debug_mask=0 rcupdate.rcu_expedited=1 rcupdate.rcu_cpu_stall_cputime=1 no_hash_pointers page_owner=on sysctl.vm.nr_hugepages=4 sysctl.vm.nr_overcommit_hugepages=4 secretmem.enable=1 sysctl.max_rcu_stall_to_panic=1 msr.allow_writes=off coredump_filter=0xffff root=/dev/sda console=ttyS0 vsyscall=native numa=fake=2 kvm-intel.nested=1 spec_store_bypass_disable=prctl nopcid vivid.n_devs=16 vivid.multiplanar=1,2,1,2,1,2,1,2,1,2,1,2,1,2,1,2 netrom.nr_ndevs=16 rose.rose_ndevs=16 smp.csd_lock_timeout=100000 watchdog_thresh=55 workqueue.watchdog_thresh=140 sysctl.net.core.netdev_unregister_timeout_secs=140 dummy_hcd.num=8 panic_on_warn=1 console=ttyS0 root=/dev/sda1 earlyprintk=serial net.ifnames=0 thunderb
[    0.167229][    T0] mem auto-init: stack:off, heap alloc:on, heap free:off
[    0.285122][    T0] Memory: 1519572K/2096632K available (133130K kernel code, 40720K rwdata, 27184K rodata, 2588K init, 24380K bss, 577060K reserved, 0K cma-reserved)
[    0.286991][    T0] SLUB: HWalign=64, Order=0-3, MinObjects=0, CPUs=2, Nodes=2
[    0.289180][    T0] Running RCU self tests
[    0.289551][    T0] rcu: Preemptible hierarchical RCU implementation.
[    0.290081][    T0] rcu: 	RCU lockdep checking is enabled.
[    0.290540][    T0] rcu: 	RCU restricting CPUs from NR_CPUS=8 to nr_cpu_ids=2.
[    0.291131][    T0] rcu: 	RCU callback double-/use-after-free debug enabled.
[    0.291710][    T0] rcu: 	RCU debug extended QS entry/exit.
[    0.292168][    T0] 	All grace periods are expedited (rcu_expedited).
[    0.292696][    T0] 	Tasks RCU enabled.
[    0.293019][    T0] rcu: RCU calculated value of scheduler-enlistment delay is 10 jiffies.
[    0.293700][    T0] rcu: Adjusting geometry for rcu_fanout_leaf=16, nr_cpu_ids=2
[    0.298177][    T0] NR_IRQS: 4352, nr_irqs: 440, preallocated irqs: 16
[    0.299203][    T0] random: get_random_bytes called from start_kernel+0x521/0x85a with crng_init=0
[    0.303622][    T0] Console: colour VGA+ 80x25
[    0.304784][    T0] printk: console [ttyS0] enabled
[    0.304784][    T0] printk: console [ttyS0] enabled
[    0.305613][    T0] printk: bootconsole [earlyser0] disabled
[    0.305613][    T0] printk: bootconsole [earlyser0] disabled
[    0.306552][    T0] Lock dependency validator: Copyright (c) 2006 Red Hat, Inc., Ingo Molnar
[    0.307259][    T0] ... MAX_LOCKDEP_SUBCLASSES:  8
[    0.307674][    T0] ... MAX_LOCK_DEPTH:          48
[    0.308089][    T0] ... MAX_LOCKDEP_KEYS:        8192
[    0.308521][    T0] ... CLASSHASH_SIZE:          4096
[    0.308947][    T0] ... MAX_LOCKDEP_ENTRIES:     32768
[    0.309383][    T0] ... MAX_LOCKDEP_CHAINS:      65536
[    0.309829][    T0] ... CHAINHASH_SIZE:          32768
[    0.310268][    T0]  memory used by lock dependency info: 6237 kB
[    0.310786][    T0]  memory used for stack traces: 4224 kB
[    0.311255][    T0]  per task-struct memory footprint: 1920 bytes
[    0.312017][    T0] mempolicy: Enabling automatic NUMA balancing. Configure with numa_balancing= or the kernel.numa_balancing sysctl
[    0.313347][    T0] ACPI: Core revision 20200110
[    0.314229][    T0] clocksource: hpet: mask: 0xffffffff max_cycles: 0xffffffff, max_idle_ns: 19112604467 ns
[    0.315366][    T0] APIC: Switch to symmetric I/O mode setup
[    0.316080][    T0] x2apic enabled
[    0.316615][    T0] Switched APIC routing to physical x2apic.
[    0.317155][    T0] KVM setup pv IPIs
[    0.318589][    T0] ..TIMER: vector=0x30 apic1=0 pin1=2 apic2=-1 pin2=-1
[    0.319236][    T0] clocksource: tsc-early: mask: 0xffffffffffffffff max_cycles: 0x2b3e43c8763, max_idle_ns: 440795360101 ns
[    0.320312][    T0] Calibrating delay loop (skipped) preset value.. 5999.99 BogoMIPS (lpj=29999980)
[    0.321142][    T0] pid_max: default: 32768 minimum: 301
[    0.321819][    T0] LSM: Security Framework initializing
[    0.322307][    T0] Yama: becoming mindful.
[    0.322737][    T0] TOMOYO Linux initialized
[    0.323292][    T0] AppArmor: AppArmor initialized
[    0.324505][    T0] Dentry cache hash table entries: 262144 (order: 9, 2097152 bytes, vmalloc)
[    0.330630][    T0] Inode-cache hash table entries: 131072 (order: 8, 1048576 bytes, vmalloc)
[    0.331512][    T0] Mount-cache hash table entries: 4096 (order: 3, 32768 bytes, vmalloc)
[    0.332209][    T0] Mountpoint-cache hash table entries: 4096 (order: 3, 32768 bytes, vmalloc)
[    0.333080][    T0] *** VALIDATE tmpfs ***
[    0.334525][    T0] *** VALIDATE proc ***
[    0.335408][    T0] *** VALIDATE cgroup ***
[    0.335827][    T0] *** VALIDATE cgroup2 ***
[    0.336440][    T0] x86/cpu: User Mode Instruction Prevention (UMIP) activated
[    0.337217][    T0] Last level iTLB entries: 4KB 0, 2MB 0, 4MB 0
[    0.337734][    T0] Last level dTLB entries: 4KB 0, 2MB 0, 4MB 0, 1GB 0
[    0.338312][    T0] Spectre V1 : Mitigation: usercopy/swapgs barriers and __user pointer sanitization
[    0.339173][    T0] Spectre V2 : Mitigation: Enhanced IBRS
[    0.339654][    T0] Spectre V2 : Spectre v2 / SpectreRSB mitigation: Filling RSB on context switch
[    0.340338][    T0] Spectre V2 : mitigation: Enabling conditional Indirect Branch Prediction Barrier
[    0.341084][    T0] Speculative Store Bypass: Mitigation: Speculative Store Bypass disabled via prctl
[    0.341866][    T0] TAA: Mitigation: Clear CPU buffers
[    0.343163][    T0] Freeing SMP alternatives memory: 100K
[    0.344292][    T1] smpboot: CPU0: Intel(R) Core(TM) i9-10980XE CPU @ 3.00GHz (family: 0x6, model: 0x55, stepping: 0x7)
[    0.410359][    T1] Performance Events: Skylake events, full-width counters, Intel PMU driver.
[    0.411124][    T1] ... version:                2
[    0.411506][    T1] ... bit width:              48
[    0.411896][    T1] ... generic registers:      4
[    0.412273][    T1] ... value mask:             0000ffffffffffff
[    0.412754][    T1] ... max period:             00007fffffffffff
[    0.413233][    T1] ... fixed-purpose events:   3
[    0.413611][    T1] ... event mask:             000000070000000f
[    0.430333][    T1] rcu: Hierarchical SRCU implementation.
[    0.480328][    T1] smp: Bringing up secondary CPUs ...
[    0.560490][    T1] x86: Booting SMP configuration:
[    0.560920][    T1] .... node  #1, CPUs:      #1
[    0.021235][    T0] kvm-clock: cpu 1, msr ec58041, secondary cpu clock
[    0.562479][   T15] KVM setup async PF for cpu 1
[    0.562479][   T15] kvm-stealtime: cpu 1, msr 7ec21a80
[    0.562479][    T1] smp: Brought up 2 nodes, 2 CPUs
[    0.562479][    T1] smpboot: Max logical packages: 1
[    0.562479][    T1] smpboot: Total of 2 processors activated (11999.99 BogoMIPS)
[    0.565056][    T1] allocated 12582912 bytes of page_ext
[    0.565629][    T1] Node 0, zone      DMA: page owner found early allocated 0 pages
[    0.573209][    T1] Node 0, zone    DMA32: page owner found early allocated 2713 pages
[    0.574305][    T1] Node 1, zone    DMA32: page owner found early allocated 2584 pages
[    0.575481][    T1] devtmpfs: initialized
[    0.575481][    T1] x86/mm: Memory block size: 128MB
[    0.594009][    T1] clocksource: jiffies: mask: 0xffffffff max_cycles: 0xffffffff, max_idle_ns: 19112604462750000 ns
[    0.594931][    T1] futex hash table entries: 512 (order: 4, 65536 bytes, vmalloc)
[    0.595994][    T1] xor: automatically using best checksumming function   avx       
[    0.597258][   T24] kworker/u5:0 (24) used greatest stack depth: 27480 bytes left
[    0.601650][    T1] PM: RTC time: 03:31:38, date: 2023-12-03
[    0.602149][    T1] thermal_sys: Registered thermal governor 'step_wise'
[    0.602151][    T1] thermal_sys: Registered thermal governor 'user_space'
[    0.604080][    T1] NET: Registered protocol family 16
[    0.608443][    T1] audit: initializing netlink subsys (disabled)
[    0.609291][   T28] kworker/u5:1 (28) used greatest stack depth: 27064 bytes left
[    0.610748][   T34] audit: type=2000 audit(1701574298.538:1): state=initialized audit_enabled=0 res=1
[    0.613936][    T1] cpuidle: using governor menu
[    0.617205][    T1] ACPI: bus type PCI registered
[    0.621082][    T1] dca service started, version 1.12.1
[    0.621838][    T1] PCI: Using configuration type 1 for base access
[    0.681670][  T234] kworker/u5:2 (234) used greatest stack depth: 26968 bytes left
[    0.965877][    T1] HugeTLB registered 1.00 GiB page size, pre-allocated 0 pages
[    0.965877][    T1] HugeTLB registered 2.00 MiB page size, pre-allocated 0 pages
[    0.978243][    T1] cryptd: max_cpu_qlen set to 1000
[    1.004487][    T1] raid6: skip pq benchmark and using algorithm avx512x4
[    1.011146][    T1] raid6: using avx512x2 recovery algorithm
[    1.012378][    T1] ACPI: Added _OSI(Module Device)
[    1.012787][    T1] ACPI: Added _OSI(Processor Device)
[    1.013200][    T1] ACPI: Added _OSI(3.0 _SCP Extensions)
[    1.013639][    T1] ACPI: Added _OSI(Processor Aggregator Device)
[    1.014134][    T1] ACPI: Added _OSI(Linux-Dell-Video)
[    1.014557][    T1] ACPI: Added _OSI(Linux-Lenovo-NV-HDMI-Audio)
[    1.015044][    T1] ACPI: Added _OSI(Linux-HPI-Hybrid-Graphics)
[    1.036603][    T1] ACPI: 1 ACPI AML tables successfully acquired and loaded
[    1.073397][    T1] ACPI: Interpreter enabled
[    1.073914][    T1] ACPI: (supports S0 S3 S4 S5)
[    1.074305][    T1] ACPI: Using IOAPIC for interrupt routing
[    1.074969][    T1] PCI: Using host bridge windows from ACPI; if necessary, use "pci=nocrs" and report a bug
[    1.077368][    T1] ACPI: Enabled 2 GPEs in block 00 to 0F
[    1.137734][    T1] ACPI: PCI Root Bridge [PCI0] (domain 0000 [bus 00-ff])
[    1.138342][    T1] acpi PNP0A03:00: _OSC: OS supports [ASPM ClockPM Segments MSI HPX-Type3]
[    1.139252][    T1] acpi PNP0A03:00: fail to add MMCONFIG information, can't access extended PCI configuration space under this bridge.
[    1.141222][    T1] PCI host bridge to bus 0000:00
[    1.141628][    T1] pci_bus 0000:00: Unknown NUMA node; performance will be reduced
[    1.142250][    T1] pci_bus 0000:00: root bus resource [io  0x0000-0x0cf7 window]
[    1.142918][    T1] pci_bus 0000:00: root bus resource [io  0x0d00-0xffff window]
[    1.142918][    T1] pci_bus 0000:00: root bus resource [mem 0x000a0000-0x000bffff window]
[    1.142918][    T1] pci_bus 0000:00: root bus resource [mem 0x80000000-0xfebfffff window]
[    1.142918][    T1] pci_bus 0000:00: root bus resource [mem 0x100000000-0x17fffffff window]
[    1.143016][    T1] pci_bus 0000:00: root bus resource [bus 00-ff]
[    1.143810][    T1] pci 0000:00:00.0: [8086:1237] type 00 class 0x060000
[    1.150359][    T1] pci 0000:00:01.0: [8086:7000] type 00 class 0x060100
[    1.152279][    T1] pci 0000:00:01.1: [8086:7010] type 00 class 0x010180
[    1.154396][    T1] pci 0000:00:01.1: reg 0x20: [io  0xc040-0xc04f]
[    1.155526][    T1] pci 0000:00:01.1: legacy IDE quirk: reg 0x10: [io  0x01f0-0x01f7]
[    1.156235][    T1] pci 0000:00:01.1: legacy IDE quirk: reg 0x14: [io  0x03f6]
[    1.156863][    T1] pci 0000:00:01.1: legacy IDE quirk: reg 0x18: [io  0x0170-0x0177]
[    1.157546][    T1] pci 0000:00:01.1: legacy IDE quirk: reg 0x1c: [io  0x0376]
[    1.160744][    T1] pci 0000:00:01.3: [8086:7113] type 00 class 0x068000
[    1.160746][    T1] pci 0000:00:01.3: quirk: [io  0x0600-0x063f] claimed by PIIX4 ACPI
[    1.161378][    T1] pci 0000:00:01.3: quirk: [io  0x0700-0x070f] claimed by PIIX4 SMB
[    1.163635][    T1] pci 0000:00:02.0: [1234:1111] type 00 class 0x030000
[    1.165719][    T1] pci 0000:00:02.0: reg 0x10: [mem 0xfd000000-0xfdffffff pref]
[    1.167562][    T1] pci 0000:00:02.0: reg 0x18: [mem 0xfebf0000-0xfebf0fff]
[    1.171016][    T1] pci 0000:00:02.0: reg 0x30: [mem 0xfebe0000-0xfebeffff pref]
[    1.175052][    T1] pci 0000:00:03.0: [8086:100e] type 00 class 0x020000
[    1.176080][    T1] pci 0000:00:03.0: reg 0x10: [mem 0xfebc0000-0xfebdffff]
[    1.177100][    T1] pci 0000:00:03.0: reg 0x14: [io  0xc000-0xc03f]
[    1.183786][    T1] pci 0000:00:03.0: reg 0x30: [mem 0xfeb80000-0xfebbffff pref]
[    1.193050][    T1] ACPI: PCI Interrupt Link [LNKA] (IRQs 5 *10 11)
[    1.194740][    T1] ACPI: PCI Interrupt Link [LNKB] (IRQs 5 *10 11)
[    1.196661][    T1] ACPI: PCI Interrupt Link [LNKC] (IRQs 5 10 *11)
[    1.198818][    T1] ACPI: PCI Interrupt Link [LNKD] (IRQs 5 10 *11)
[    1.199928][    T1] ACPI: PCI Interrupt Link [LNKS] (IRQs *9)
[    1.206137][    T1] iommu: Default domain type: Translated 
[    1.207270][    T1] pci 0000:00:02.0: vgaarb: setting as boot VGA device
[    1.207829][    T1] pci 0000:00:02.0: vgaarb: VGA device added: decodes=io+mem,owns=io+mem,locks=none
[    1.208631][    T1] pci 0000:00:02.0: vgaarb: bridge control possible
[    1.209192][    T1] vgaarb: loaded
[    1.214130][    T1] SCSI subsystem initialized
[    1.216053][    T1] ACPI: bus type USB registered
[    1.216843][    T1] usbcore: registered new interface driver usbfs
[    1.217589][    T1] usbcore: registered new interface driver hub
[    1.218256][    T1] usbcore: registered new device driver usb
[    1.221714][    T1] mc: Linux media interface: v0.10
[    1.222268][    T1] videodev: Linux video capture interface: v2.00
[    1.223560][    T1] pps_core: LinuxPPS API ver. 1 registered
[    1.224025][    T1] pps_core: Software ver. 5.3.6 - Copyright 2005-2007 Rodolfo Giometti <giometti@linux.it>
[    1.225037][    T1] PTP clock support registered
[    1.230247][    T1] EDAC MC: Ver: 3.0.0
[    1.232537][    T1] Advanced Linux Sound Architecture Driver Initialized.
[    1.233506][    T1] PCI: Using ACPI for IRQ routing
[    1.235847][    T1] Bluetooth: Core ver 2.22
[    1.236411][    T1] NET: Registered protocol family 31
[    1.236831][    T1] Bluetooth: HCI device and connection manager initialized
[    1.237427][    T1] Bluetooth: HCI socket layer initialized
[    1.237888][    T1] Bluetooth: L2CAP socket layer initialized
[    1.238421][    T1] Bluetooth: SCO socket layer initialized
[    1.238942][    T1] NET: Registered protocol family 8
[    1.239376][    T1] NET: Registered protocol family 20
[    1.242791][    T1] NetLabel: Initializing
[    1.243128][    T1] NetLabel:  domain hash size = 128
[    1.243541][    T1] NetLabel:  protocols = UNLABELED CIPSOv4 CALIPSO
[    1.244242][    T1] NetLabel:  unlabeled traffic allowed by default
[    1.245089][    T1] nfc: nfc_init: NFC Core ver 0.1
[    1.245089][    T1] NET: Registered protocol family 39
[    1.245089][    T1] hpet0: at MMIO 0xfed00000, IRQs 2, 8, 0
[    1.245373][    T1] hpet0: 3 comparators, 64-bit 100.000000 MHz counter
[    1.256647][    T1] clocksource: Switched to clocksource kvm-clock
[    2.669129][    T1] *** VALIDATE bpf ***
[    2.670288][    T1] VFS: Disk quotas dquot_6.6.0
[    2.670776][    T1] VFS: Dquot-cache hash table entries: 512 (order 0, 4096 bytes)
[    2.671769][    T1] FS-Cache: Loaded
[    2.672071][    T1] *** VALIDATE ramfs ***
[    2.672417][    T1] *** VALIDATE hugetlbfs ***
[    2.673368][    T1] CacheFiles: Loaded
[    2.673887][    T1] TOMOYO: 2.6.0
[    2.674165][    T1] Mandatory Access Control activated.
[    2.675513][    T1] AppArmor: AppArmor Filesystem Enabled
[    2.676222][    T1] pnp: PnP ACPI init
[    2.681484][    T1] pnp: PnP ACPI: found 6 devices
[    2.720107][    T1] clocksource: acpi_pm: mask: 0xffffff max_cycles: 0xffffff, max_idle_ns: 2085701024 ns
[    2.721341][    T1] pci_bus 0000:00: resource 4 [io  0x0000-0x0cf7 window]
[    2.721911][    T1] pci_bus 0000:00: resource 5 [io  0x0d00-0xffff window]
[    2.722463][    T1] pci_bus 0000:00: resource 6 [mem 0x000a0000-0x000bffff window]
[    2.723070][    T1] pci_bus 0000:00: resource 7 [mem 0x80000000-0xfebfffff window]
[    2.723697][    T1] pci_bus 0000:00: resource 8 [mem 0x100000000-0x17fffffff window]
[    2.724988][    T1] NET: Registered protocol family 2
[    2.727063][    T1] tcp_listen_portaddr_hash hash table entries: 1024 (order: 4, 73728 bytes, vmalloc)
[    2.728220][    T1] TCP established hash table entries: 16384 (order: 5, 131072 bytes, vmalloc)
[    2.730083][    T1] TCP bind hash table entries: 16384 (order: 8, 1048576 bytes, vmalloc)
[    2.732833][    T1] TCP: Hash tables configured (established 16384 bind 16384)
[    2.733920][    T1] UDP hash table entries: 1024 (order: 5, 163840 bytes, vmalloc)
[    2.734816][    T1] UDP-Lite hash table entries: 1024 (order: 5, 163840 bytes, vmalloc)
[    2.735895][    T1] NET: Registered protocol family 1
[    2.737151][    T1] RPC: Registered named UNIX socket transport module.
[    2.737711][    T1] RPC: Registered udp transport module.
[    2.738144][    T1] RPC: Registered tcp transport module.
[    2.738570][    T1] RPC: Registered tcp NFSv4.1 backchannel transport module.
[    2.739982][    T1] NET: Registered protocol family 44
[    2.740473][    T1] pci 0000:00:01.0: PIIX3: Enabling Passive Release
[    2.741000][    T1] pci 0000:00:00.0: Limiting direct PCI/PCI transfers
[    2.741542][    T1] pci 0000:00:01.0: Activating ISA DMA hang workarounds
[    2.742149][    T1] pci 0000:00:02.0: Video device with shadowed ROM at [mem 0x000c0000-0x000dffff]
[    2.742886][    T1] PCI: CLS 0 bytes, default 64
[    2.749137][    T1] RAPL PMU: API unit is 2^-32 Joules, 0 fixed counters, 10737418240 ms ovfl timer
[    2.749958][    T1] kvm: no hardware support
[    2.750397][    T1] has_svm: not amd or hygon
[    2.750754][    T1] kvm: no hardware support
[    2.751103][    T1] clocksource: tsc: mask: 0xffffffffffffffff max_cycles: 0x2b3e43c8763, max_idle_ns: 440795360101 ns
[    2.827093][    T1] Initialise system trusted keyrings
[    2.831954][    T1] workingset: timestamp_bits=40 max_order=19 bucket_order=0
[    2.897256][    T1] DLM installed
[    2.903128][    T1] squashfs: version 4.0 (2009/01/31) Phillip Lougher
[    2.917931][    T1] FS-Cache: Netfs 'nfs' registered for caching
[    2.920588][    T1] *** VALIDATE nfs ***
[    2.920948][    T1] *** VALIDATE nfs4 ***
[    2.921346][    T1] NFS: Registering the id_resolver key type
[    2.921843][    T1] Key type id_resolver registered
[    2.922248][    T1] Key type id_legacy registered
[    2.922645][    T1] nfs4filelayout_init: NFSv4 File Layout Driver Registering...
[    2.923271][    T1] Installing knfsd (copyright (C) 1996 okir@monad.swb.de).
[    2.932300][    T1] FS-Cache: Netfs 'cifs' registered for caching
[    2.934499][    T1] Key type cifs.spnego registered
[    2.934921][    T1] Key type cifs.idmap registered
[    2.935603][    T1] ntfs: driver 2.1.32 [Flags: R/W].
[    2.937613][    T1] efs: 1.0a - http://aeschi.ch.eu.org/efs/
[    2.938345][    T1] jffs2: version 2.2. (NAND) (SUMMARY)  Â© 2001-2006 Red Hat, Inc.
[    2.943180][    T1] *** VALIDATE jffs2 ***
[    2.943857][    T1] romfs: ROMFS MTD (C) 2007 Red Hat, Inc.
[    2.944919][    T1] QNX4 filesystem 0.2.3 registered.
[    2.945765][    T1] qnx6: QNX6 filesystem 1.0.0 registered.
[    2.946936][    T1] fuse: init (API version 7.31)
[    2.947652][    T1] *** VALIDATE fuseblk ***
[    2.948037][    T1] *** VALIDATE fuse ***
[    2.950804][    T1] orangefs_debugfs_init: called with debug mask: :none: :0:
[    2.951711][    T1] orangefs_init: module version upstream loaded
[    2.953104][    T1] JFS: nTxBlock = 8192, nTxLock = 65536
[    2.964122][    T1] SGI XFS with ACLs, security attributes, realtime, quota, no debug enabled
[    2.972266][    T1] *** VALIDATE xfs ***
[    2.972615][    T1] 9p: Installing v9fs 9p2000 file system support
[    2.973406][    T1] FS-Cache: Netfs '9p' registered for caching
[    2.976491][    T1] NILFS version 2 loaded
[    2.976823][    T1] befs: version: 0.9.3
[    2.978579][    T1] ocfs2: Registered cluster interface o2cb
[    2.979327][    T1] ocfs2: Registered cluster interface user
[    2.980494][    T1] OCFS2 User DLM kernel interface loaded
[    2.988666][    T1] *** VALIDATE gfs2 ***
[    2.989722][    T1] gfs2: GFS2 installed
[    2.999361][    T1] FS-Cache: Netfs 'ceph' registered for caching
[    2.999871][    T1] ceph: loaded (mds proto 32)
[    3.006787][    T1] NET: Registered protocol family 38
[    3.007674][    T1] async_tx: api initialized (async)
[    3.008097][    T1] Key type asymmetric registered
[    3.008504][    T1] Asymmetric key parser 'x509' registered
[    3.008964][    T1] Asymmetric key parser 'pkcs8' registered
[    3.009416][    T1] Key type pkcs7_test registered
[    3.009971][    T1] Block layer SCSI generic (bsg) driver version 0.4 loaded (major 241)
[    3.012868][    T1] io scheduler mq-deadline registered
[    3.013294][    T1] io scheduler kyber registered
[    3.014273][    T1] io scheduler bfq registered
[    3.019477][    T1] vga16fb: mapped to 0x00000000a7823147
[    3.491880][    T1] Console: switching to colour frame buffer device 80x30
[    3.754251][    T1] fb0: VGA16 VGA frame buffer device
[    3.755675][    T1] input: Power Button as /devices/LNXSYSTM:00/LNXPWRBN:00/input/input0
[    3.760896][    T1] ACPI: Power Button [PWRF]
[    3.765162][    T1] ioatdma: Intel(R) QuickData Technology Driver 5.00
[    3.953462][    T1] HDLC line discipline maxframe=4096
[    3.953965][    T1] N_HDLC line discipline registered.
[    3.954488][    T1] Serial: 8250/16550 driver, 4 ports, IRQ sharing enabled
[    3.955418][    T1] 00:04: ttyS0 at I/O 0x3f8 (irq = 4, base_baud = 115200) is a 16550A
[    3.963996][    T1] Initializing Nozomi driver 2.1d
[    3.966763][    T1] Non-volatile memory driver v1.3
[    3.967868][    T1] Linux agpgart interface v0.103
[    3.983884][    T1] [drm] Initialized vgem 1.0.0 20120112 for vgem on minor 0
[    3.986940][    T1] [drm] Supports vblank timestamp caching Rev 2 (21.10.2013).
[    3.987617][    T1] [drm] Driver supports precise vblank timestamp query.
[    3.989633][    T1] [drm] Initialized vkms 1.0.0 20180514 for vkms on minor 1
[    3.990843][    T1] usbcore: registered new interface driver udl
[    3.991406][    T1] fb0: switching to bochsdrmfb from VGA16 VGA
[    4.137287][    T1] Console: switching to colour VGA+ 80x25
[    4.140491][    T1] bochs-drm 0000:00:02.0: vgaarb: deactivate vga console
[    4.146540][    T1] Console: switching to colour dummy device 80x25
[    4.149476][    T1] [drm] Found bochs VGA, ID 0xb0c5.
[    4.149899][    T1] [drm] Framebuffer size 16384 kB @ 0xfd000000, mmio @ 0xfebf0000.
[    4.161183][    T1] [TTM] Zone  kernel: Available graphics memory: 759836 KiB
[    4.161782][    T1] [TTM] Initializing pool allocator
[    4.162229][    T1] [TTM] Initializing DMA pool allocator
[    4.163823][    T1] [drm] Found EDID data blob.
[    4.165477][    T1] [drm] Initialized bochs-drm 1.0.0 20130925 for 0000:00:02.0 on minor 2
[    4.172895][    T1] fbcon: bochs-drmdrmfb (fb0) is primary device
[    4.192150][    T1] Console: switching to colour frame buffer device 160x50
[    4.208145][    T1] bochs-drm 0000:00:02.0: fb0: bochs-drmdrmfb frame buffer device
[    4.235081][    T1] brd: module loaded
[    4.271210][    T1] loop: module loaded
[    4.334227][    T1] zram: Added device: zram0
[    4.337820][    T1] null_blk: module loaded
[    4.338440][    T1] Guest personality initialized and is inactive
[    4.339348][    T1] VMCI host device registered (name=vmci, major=10, minor=56)
[    4.340027][    T1] Initialized host personality
[    4.341735][    T1] usbcore: registered new interface driver rtsx_usb
[    4.342843][    T1] usbcore: registered new interface driver viperboard
[    4.343729][    T1] usbcore: registered new interface driver dln2
[    4.344626][    T1] usbcore: registered new interface driver pn533_usb
[    4.347136][    T1] nfcsim 0.2 initialized
[    4.347867][    T1] usbcore: registered new interface driver port100
[    4.350442][    T1] usbcore: registered new interface driver nfcmrvl
[    4.353515][    T1] Loading iSCSI transport class v2.0-870.
[    4.357833][    T1] st: Version 20160209, fixed bufsize 32768, s/g segs 256
[    4.373651][    T1] scsi host0: ata_piix
[    4.378338][    T1] scsi host1: ata_piix
[    4.379530][    T1] ata1: PATA max MWDMA2 cmd 0x1f0 ctl 0x3f6 bmdma 0xc040 irq 14
[    4.380130][    T1] ata2: PATA max MWDMA2 cmd 0x170 ctl 0x376 bmdma 0xc048 irq 15
[    4.386389][    T1] Rounding down aligned max_sectors from 4294967295 to 4294967288
[    4.388505][    T1] db_root: cannot open: /etc/target
[    4.389319][    T1] slram: not enough parameters.
[    4.391353][    T1] ftl_cs: FTL header not found.
[    4.403535][    T1] Ethernet Channel Bonding Driver: v3.7.1 (April 27, 2011)
[    4.412570][    T1] wireguard: WireGuard 1.0.0 loaded. See www.wireguard.com for information.
[    4.413258][    T1] wireguard: Copyright (C) 2015-2019 Jason A. Donenfeld <Jason@zx2c4.com>. All Rights Reserved.
[    4.414070][    T1] eql: Equalizer2002: Simon Janes (simon@ncm.com) and David S. Miller (davem@redhat.com)
[    4.422788][    T1] MACsec IEEE 802.1AE
[    4.424642][    T1] libphy: Fixed MDIO Bus: probed
[    4.428572][    T1] tun: Universal TUN/TAP device driver, 1.6
[    4.434446][    T1] vcan: Virtual CAN interface driver
[    4.434871][    T1] vxcan: Virtual CAN Tunnel driver
[    4.435268][    T1] slcan: serial line CAN interface driver
[    4.435710][    T1] slcan: 10 dynamic interface channels.
[    4.436142][    T1] CAN device driver interface
[    4.436690][    T1] usbcore: registered new interface driver usb_8dev
[    4.437446][    T1] usbcore: registered new interface driver ems_usb
[    4.438173][    T1] usbcore: registered new interface driver gs_usb
[    4.438902][    T1] usbcore: registered new interface driver kvaser_usb
[    4.439738][    T1] usbcore: registered new interface driver mcba_usb
[    4.440575][    T1] usbcore: registered new interface driver peak_usb
[    4.441440][    T1] e100: Intel(R) PRO/100 Network Driver, 3.5.24-k2-NAPI
[    4.441986][    T1] e100: Copyright(c) 1999-2006 Intel Corporation
[    4.442741][    T1] e1000: Intel(R) PRO/1000 Network Driver - version 7.3.21-k8-NAPI
[    4.443351][    T1] e1000: Copyright (c) 1999-2006 Intel Corporation.
[    4.561364][ T3497] ata2.00: ATAPI: QEMU DVD-ROM, 2.5+, max UDMA/100
[    4.562125][ T3492] ata1.00: ATA-7: QEMU HARDDISK, 2.5+, max UDMA/100
[    4.562668][ T3492] ata1.00: 2097458 sectors, multi 16: LBA48 
[    4.575220][  T374] scsi 0:0:0:0: Direct-Access     ATA      QEMU HARDDISK    2.5+ PQ: 0 ANSI: 5
[    4.578336][   T20] sd 0:0:0:0: [sda] 2097458 512-byte logical blocks: (1.07 GB/1.00 GiB)
[    4.579151][   T20] sd 0:0:0:0: [sda] Write Protect is off
[    4.579763][   T20] sd 0:0:0:0: [sda] Write cache: enabled, read cache: enabled, doesn't support DPO or FUA
[    4.582427][  T374] sd 0:0:0:0: Attached scsi generic sg0 type 0
[    4.584323][  T496] scsi 1:0:0:0: CD-ROM            QEMU     QEMU DVD-ROM     2.5+ PQ: 0 ANSI: 5
[    4.599679][   T20]  sda: sda1
[    4.602454][   T20] sd 0:0:0:0: [sda] Attached SCSI disk
[    4.651343][  T496] sr 1:0:0:0: [sr0] scsi3-mmc drive: 4x/4x cd/rw xa/form2 tray
[    4.652021][  T496] cdrom: Uniform CD-ROM driver Revision: 3.20
[    4.656191][  T496] sr 1:0:0:0: Attached scsi generic sg1 type 5
[    5.552349][    T1] PCI Interrupt Link [LNKC] enabled at IRQ 11
[    5.922623][    T1] e1000 0000:00:03.0 eth0: (PCI:33MHz:32-bit) 52:54:00:12:34:56
[    5.923364][    T1] e1000 0000:00:03.0 eth0: Intel(R) PRO/1000 Network Connection
[    5.924555][    T1] e1000e: Intel(R) PRO/1000 Network Driver - 3.2.6-k
[    5.925162][    T1] e1000e: Copyright(c) 1999 - 2015 Intel Corporation.
[    5.926508][    T1] mkiss: AX.25 Multikiss, Hans Albas PE1AYX
[    5.927060][    T1] AX.25: 6pack driver, Revision: 0.3.0
[    5.927601][    T1] AX.25: bpqether driver version 004
[    5.928097][    T1] PPP generic driver version 2.4.2
[    5.929714][    T1] PPP BSD Compression module registered
[    5.930262][    T1] PPP Deflate Compression module registered
[    5.930903][    T1] PPP MPPE Compression module registered
[    5.931446][    T1] NET: Registered protocol family 24
[    5.931957][    T1] PPTP driver version 0.8.5
[    5.932952][    T1] SLIP: version 0.8.4-NET3.019-NEWTTY (dynamic channels, max=256) (6 bit encapsulation enabled).
[    5.933939][    T1] CSLIP: code copyright 1989 Regents of the University of California.
[    5.934735][    T1] SLIP linefill/keepalive option.
[    5.935377][    T1] hdlc: HDLC support module revision 1.22
[    5.935987][    T1] LAPB Ethernet driver version 0.02
[    5.937184][    T1] usbcore: registered new interface driver ath9k_htc
[    5.938100][    T1] usbcore: registered new interface driver carl9170
[    5.938842][    T1] usbcore: registered new interface driver ath6kl_usb
[    5.939593][    T1] usbcore: registered new interface driver ar5523
[    5.940702][    T1] usbcore: registered new interface driver ath10k_usb
[    5.941602][    T1] mac80211_hwsim: initializing netlink
[    5.954847][    T1] usbcore: registered new interface driver atusb
[    5.959495][    T1] mac802154_hwsim mac802154_hwsim: Added 2 mac802154 hwsim hardware radios
[    5.961053][    T1] VMware vmxnet3 virtual NIC driver - version 1.4.17.0-k-NAPI
[    5.961993][    T1] usbcore: registered new interface driver catc
[    5.962645][    T1] usbcore: registered new interface driver kaweth
[    5.963148][    T1] pegasus: v0.9.3 (2013/04/25), Pegasus/Pegasus II USB Ethernet driver
[    5.964043][    T1] usbcore: registered new interface driver pegasus
[    5.966576][    T1] usbcore: registered new interface driver rtl8150
[    5.967217][    T1] usbcore: registered new interface driver r8152
[    5.967717][    T1] hso: drivers/net/usb/hso.c: Option Wireless
[    5.968360][    T1] usbcore: registered new interface driver hso
[    5.968999][    T1] usbcore: registered new interface driver lan78xx
[    5.969683][    T1] usbcore: registered new interface driver asix
[    5.970346][    T1] usbcore: registered new interface driver ax88179_178a
[    5.971103][    T1] usbcore: registered new interface driver cdc_ether
[    5.971821][    T1] usbcore: registered new interface driver cdc_eem
[    5.972546][    T1] usbcore: registered new interface driver dm9601
[    5.973221][    T1] usbcore: registered new interface driver sr9700
[    5.973920][    T1] usbcore: registered new interface driver CoreChips
[    5.975832][    T1] usbcore: registered new interface driver smsc75xx
[    5.976534][    T1] usbcore: registered new interface driver smsc95xx
[    5.977155][    T1] usbcore: registered new interface driver gl620a
[    5.977809][    T1] usbcore: registered new interface driver net1080
[    5.978468][    T1] usbcore: registered new interface driver plusb
[    5.979136][    T1] usbcore: registered new interface driver rndis_host
[    5.979823][    T1] usbcore: registered new interface driver cdc_subset
[    5.980732][    T1] usbcore: registered new interface driver zaurus
[    5.981686][    T1] usbcore: registered new interface driver MOSCHIP usb-ethernet driver
[    5.982727][    T1] usbcore: registered new interface driver int51x1
[    5.983831][    T1] usbcore: registered new interface driver cdc_phonet
[    5.985596][    T1] usbcore: registered new interface driver kalmia
[    5.986291][    T1] usbcore: registered new interface driver ipheth
[    5.987008][    T1] usbcore: registered new interface driver sierra_net
[    5.987765][    T1] usbcore: registered new interface driver cx82310_eth
[    5.988574][    T1] usbcore: registered new interface driver cdc_ncm
[    5.989311][    T1] usbcore: registered new interface driver huawei_cdc_ncm
[    5.990132][    T1] usbcore: registered new interface driver lg-vl600
[    5.991462][    T1] usbcore: registered new interface driver qmi_wwan
[    5.992211][    T1] usbcore: registered new interface driver cdc_mbim
[    5.992937][    T1] usbcore: registered new interface driver ch9200
[    5.997247][    T1] VFIO - User Level meta-driver version: 0.3
[    6.001318][    T1] aoe: AoE v85 initialised.
[    6.005022][    T1] ehci_hcd: USB 2.0 'Enhanced' Host Controller (EHCI) Driver
[    6.005680][    T1] ehci-pci: EHCI PCI platform driver
[    6.006345][    T1] ehci-platform: EHCI generic platform driver
[    6.007366][    T1] ohci_hcd: USB 1.1 'Open' Host Controller (OHCI) Driver
[    6.007987][    T1] ohci-pci: OHCI PCI platform driver
[    6.014165][    T1] ohci-platform: OHCI generic platform driver
[    6.014883][    T1] uhci_hcd: USB Universal Host Controller Interface driver
[    6.017741][    T1] usbcore: registered new interface driver cdc_acm
[    6.018308][    T1] cdc_acm: USB Abstract Control Model driver for USB modems and ISDN adapters
[    6.019269][    T1] usbcore: registered new interface driver usblp
[    6.019984][    T1] usbcore: registered new interface driver cdc_wdm
[    6.021617][    T1] usbcore: registered new interface driver usbtmc
[    6.024432][    T1] usbcore: registered new interface driver uas
[    6.025148][    T1] usbcore: registered new interface driver usb-storage
[    6.025858][    T1] usbcore: registered new interface driver ums-alauda
[    6.026595][    T1] usbcore: registered new interface driver ums-cypress
[    6.027344][    T1] usbcore: registered new interface driver ums-datafab
[    6.028095][    T1] usbcore: registered new interface driver ums_eneub6250
[    6.028870][    T1] usbcore: registered new interface driver ums-freecom
[    6.029617][    T1] usbcore: registered new interface driver ums-isd200
[    6.030383][    T1] usbcore: registered new interface driver ums-jumpshot
[    6.031183][    T1] usbcore: registered new interface driver ums-karma
[    6.032207][    T1] usbcore: registered new interface driver ums-onetouch
[    6.032995][    T1] usbcore: registered new interface driver ums-realtek
[    6.033745][    T1] usbcore: registered new interface driver ums-sddr09
[    6.034494][    T1] usbcore: registered new interface driver ums-sddr55
[    6.035227][    T1] usbcore: registered new interface driver ums-usbat
[    6.036010][    T1] usbcore: registered new interface driver mdc800
[    6.036563][    T1] mdc800: v0.7.5 (30/10/2000):USB Driver for Mustek MDC800 Digital Camera
[    6.037458][    T1] usbcore: registered new interface driver microtekX6
[    6.038866][    T1] usbcore: registered new interface driver usbserial_generic
[    6.040793][    T1] usbserial: USB Serial support registered for generic
[    6.041568][    T1] usbcore: registered new interface driver aircable
[    6.042246][    T1] usbserial: USB Serial support registered for aircable
[    6.043007][    T1] usbcore: registered new interface driver ark3116
[    6.043721][    T1] usbserial: USB Serial support registered for ark3116
[    6.044789][    T1] usbcore: registered new interface driver belkin_sa
[    6.045667][    T1] usbserial: USB Serial support registered for Belkin / Peracom / GoHubs USB Serial Adapter
[    6.046722][    T1] usbcore: registered new interface driver ch341
[    6.047425][    T1] usbserial: USB Serial support registered for ch341-uart
[    6.048437][    T1] usbcore: registered new interface driver cp210x
[    6.049403][    T1] usbserial: USB Serial support registered for cp210x
[    6.050550][    T1] usbcore: registered new interface driver cyberjack
[    6.052101][    T1] usbserial: USB Serial support registered for Reiner SCT Cyberjack USB card reader
[    6.053073][    T1] usbcore: registered new interface driver cypress_m8
[    6.053754][    T1] usbserial: USB Serial support registered for DeLorme Earthmate USB
[    6.054595][    T1] usbserial: USB Serial support registered for HID->COM RS232 Adapter
[    6.055437][    T1] usbserial: USB Serial support registered for Nokia CA-42 V2 Adapter
[    6.056311][    T1] usbcore: registered new interface driver usb_debug
[    6.057050][    T1] usbserial: USB Serial support registered for debug
[    6.057774][    T1] usbserial: USB Serial support registered for xhci_dbc
[    6.058653][    T1] usbcore: registered new interface driver digi_acceleport
[    6.059416][    T1] usbserial: USB Serial support registered for Digi 2 port USB adapter
[    6.060539][    T1] usbserial: USB Serial support registered for Digi 4 port USB adapter
[    6.061422][    T1] usbcore: registered new interface driver io_edgeport
[    6.062127][    T1] usbserial: USB Serial support registered for Edgeport 2 port adapter
[    6.062995][    T1] usbserial: USB Serial support registered for Edgeport 4 port adapter
[    6.063791][    T1] usbserial: USB Serial support registered for Edgeport 8 port adapter
[    6.064615][    T1] usbserial: USB Serial support registered for EPiC device
[    6.065401][    T1] usbcore: registered new interface driver io_ti
[    6.066095][    T1] usbserial: USB Serial support registered for Edgeport TI 1 port adapter
[    6.066915][    T1] usbserial: USB Serial support registered for Edgeport TI 2 port adapter
[    6.067749][    T1] usbcore: registered new interface driver empeg
[    6.069623][    T1] usbserial: USB Serial support registered for empeg
[    6.072165][    T1] usbcore: registered new interface driver f81232
[    6.072852][    T1] usbserial: USB Serial support registered for f81232
[    6.073542][    T1] usbcore: registered new interface driver f81534
[    6.074267][    T1] usbserial: USB Serial support registered for Fintek F81532/F81534
[    6.075326][    T1] usbcore: registered new interface driver ftdi_sio
[    6.076189][    T1] usbserial: USB Serial support registered for FTDI USB Serial Device
[    6.077075][    T1] usbcore: registered new interface driver garmin_gps
[    6.077828][    T1] usbserial: USB Serial support registered for Garmin GPS usb/tty
[    6.078896][    T1] usbcore: registered new interface driver ipaq
[    6.079807][    T1] usbserial: USB Serial support registered for PocketPC PDA
[    6.081073][    T1] usbcore: registered new interface driver ipw
[    6.082601][    T1] usbserial: USB Serial support registered for IPWireless converter
[    6.083445][    T1] usbcore: registered new interface driver ir_usb
[    6.084132][    T1] usbserial: USB Serial support registered for IR Dongle
[    6.084908][    T1] usbcore: registered new interface driver iuu_phoenix
[    6.085645][    T1] usbserial: USB Serial support registered for iuu_phoenix
[    6.086430][    T1] usbcore: registered new interface driver keyspan
[    6.087134][    T1] usbserial: USB Serial support registered for Keyspan - (without firmware)
[    6.088009][    T1] usbserial: USB Serial support registered for Keyspan 1 port adapter
[    6.088828][    T1] usbserial: USB Serial support registered for Keyspan 2 port adapter
[    6.089672][    T1] usbserial: USB Serial support registered for Keyspan 4 port adapter
[    6.091681][    T1] usbcore: registered new interface driver keyspan_pda
[    6.092399][    T1] usbserial: USB Serial support registered for Keyspan PDA
[    6.093171][    T1] usbserial: USB Serial support registered for Keyspan PDA - (prerenumeration)
[    6.094108][    T1] usbcore: registered new interface driver kl5kusb105
[    6.094845][    T1] usbserial: USB Serial support registered for KL5KUSB105D / PalmConnect
[    6.095728][    T1] usbcore: registered new interface driver kobil_sct
[    6.096439][    T1] usbserial: USB Serial support registered for KOBIL USB smart card terminal
[    6.097364][    T1] usbcore: registered new interface driver mct_u232
[    6.098083][    T1] usbserial: USB Serial support registered for MCT U232
[    6.100232][    T1] usbcore: registered new interface driver metro_usb
[    6.100959][    T1] usbserial: USB Serial support registered for Metrologic USB to Serial
[    6.101795][    T1] usbcore: registered new interface driver mos7720
[    6.102504][    T1] usbserial: USB Serial support registered for Moschip 2 port adapter
[    6.103372][    T1] usbcore: registered new interface driver mos7840
[    6.104079][    T1] usbserial: USB Serial support registered for Moschip 7840/7820 USB Serial Driver
[    6.105271][    T1] usbcore: registered new interface driver mxuport
[    6.106112][    T1] usbserial: USB Serial support registered for MOXA UPort
[    6.106911][    T1] usbcore: registered new interface driver navman
[    6.107845][    T1] usbserial: USB Serial support registered for navman
[    6.108797][    T1] usbcore: registered new interface driver omninet
[    6.109566][    T1] usbserial: USB Serial support registered for ZyXEL - omni.net lcd plus usb
[    6.111342][    T1] usbcore: registered new interface driver opticon
[    6.112024][    T1] usbserial: USB Serial support registered for opticon
[    6.112785][    T1] usbcore: registered new interface driver option
[    6.113520][    T1] usbserial: USB Serial support registered for GSM modem (1-port)
[    6.114384][    T1] usbcore: registered new interface driver oti6858
[    6.115090][    T1] usbserial: USB Serial support registered for oti6858
[    6.115846][    T1] usbcore: registered new interface driver pl2303
[    6.116491][    T1] usbserial: USB Serial support registered for pl2303
[    6.117178][    T1] usbcore: registered new interface driver qcaux
[    6.117841][    T1] usbserial: USB Serial support registered for qcaux
[    6.119837][    T1] usbcore: registered new interface driver qcserial
[    6.121159][    T1] usbserial: USB Serial support registered for Qualcomm USB modem
[    6.121955][    T1] usbcore: registered new interface driver quatech2
[    6.122682][    T1] usbserial: USB Serial support registered for Quatech 2nd gen USB to Serial Driver
[    6.123647][    T1] usbcore: registered new interface driver safe_serial
[    6.124374][    T1] usbserial: USB Serial support registered for safe_serial
[    6.125163][    T1] usbcore: registered new interface driver sierra
[    6.125858][    T1] usbserial: USB Serial support registered for Sierra USB modem
[    6.126685][    T1] usbcore: registered new interface driver usb_serial_simple
[    6.127465][    T1] usbserial: USB Serial support registered for carelink
[    6.128558][    T1] usbserial: USB Serial support registered for zio
[    6.129452][    T1] usbserial: USB Serial support registered for funsoft
[    6.131152][    T1] usbserial: USB Serial support registered for flashloader
[    6.131894][    T1] usbserial: USB Serial support registered for google
[    6.132585][    T1] usbserial: USB Serial support registered for libtransistor
[    6.133368][    T1] usbserial: USB Serial support registered for vivopay
[    6.134101][    T1] usbserial: USB Serial support registered for moto_modem
[    6.134855][    T1] usbserial: USB Serial support registered for motorola_tetra
[    6.135919][    T1] usbserial: USB Serial support registered for novatel_gps
[    6.136760][    T1] usbserial: USB Serial support registered for hp4x
[    6.137494][    T1] usbserial: USB Serial support registered for suunto
[    6.138221][    T1] usbserial: USB Serial support registered for siemens_mpi
[    6.140227][    T1] usbcore: registered new interface driver spcp8x5
[    6.142074][    T1] usbserial: USB Serial support registered for SPCP8x5
[    6.142802][    T1] usbcore: registered new interface driver ssu100
[    6.143507][    T1] usbserial: USB Serial support registered for Quatech SSU-100 USB to Serial Driver
[    6.144474][    T1] usbcore: registered new interface driver symbolserial
[    6.145222][    T1] usbserial: USB Serial support registered for symbol
[    6.145949][    T1] usbcore: registered new interface driver ti_usb_3410_5052
[    6.146653][    T1] usbserial: USB Serial support registered for TI USB 3410 1 port adapter
[    6.147456][    T1] usbserial: USB Serial support registered for TI USB 5052 2 port adapter
[    6.148281][    T1] usbcore: registered new interface driver upd78f0730
[    6.149125][    T1] usbserial: USB Serial support registered for upd78f0730
[    6.150413][    T1] usbcore: registered new interface driver visor
[    6.151120][    T1] usbserial: USB Serial support registered for Handspring Visor / Palm OS
[    6.151956][    T1] usbserial: USB Serial support registered for Sony Clie 5.0
[    6.152702][    T1] usbserial: USB Serial support registered for Sony Clie 3.5
[    6.153445][    T1] usbcore: registered new interface driver wishbone_serial
[    6.154247][    T1] usbserial: USB Serial support registered for wishbone_serial
[    6.155037][    T1] usbcore: registered new interface driver whiteheat
[    6.155924][    T1] usbserial: USB Serial support registered for Connect Tech - WhiteHEAT - (prerenumeration)
[    6.157051][    T1] usbserial: USB Serial support registered for Connect Tech - WhiteHEAT
[    6.158105][    T1] usbcore: registered new interface driver xsens_mt
[    6.159782][    T1] usbserial: USB Serial support registered for xsens_mt
[    6.160547][    T1] usbcore: registered new interface driver adutux
[    6.161218][    T1] usbcore: registered new interface driver appledisplay
[    6.161906][    T1] usbcore: registered new interface driver cypress_cy7c63
[    6.162609][    T1] usbcore: registered new interface driver cytherm
[    6.163312][    T1] usbcore: registered new interface driver emi26 - firmware loader
[    6.164146][    T1] usbcore: registered new interface driver emi62 - firmware loader
[    6.164978][    T1] usbcore: registered new interface driver idmouse
[    6.165643][    T1] usbcore: registered new interface driver iowarrior
[    6.166318][    T1] usbcore: registered new interface driver isight_firmware
[    6.167636][    T1] usbcore: registered new interface driver usblcd
[    6.169678][    T1] usbcore: registered new interface driver ldusb
[    6.170408][    T1] usbcore: registered new interface driver legousbtower
[    6.171218][    T1] usbcore: registered new interface driver usbtest
[    6.171943][    T1] usbcore: registered new interface driver usb_ehset_test
[    6.172710][    T1] usbcore: registered new interface driver trancevibrator
[    6.173506][    T1] usbcore: registered new interface driver uss720
[    6.174047][    T1] uss720: USB Parport Cable driver for Cables using the Lucent Technologies USS720 Chip
[    6.174863][    T1] uss720: NOTE: this is a special purpose driver to allow nonstandard
[    6.175546][    T1] uss720: protocols (eg. bitbang) over USS720 usb to parallel cables
[    6.176217][    T1] uss720: If you just want to connect to a printer, use usblp instead
[    6.177697][    T1] usbcore: registered new interface driver usbsevseg
[    6.178340][    T1] usbcore: registered new interface driver yurex
[    6.179515][    T1] usbcore: registered new interface driver chaoskey
[    6.180183][    T1] usbcore: registered new interface driver sisusb
[    6.180916][    T1] usbcore: registered new interface driver lvs
[    6.181608][    T1] usbcore: registered new interface driver cxacru
[    6.182312][    T1] usbcore: registered new interface driver speedtch
[    6.183012][    T1] usbcore: registered new interface driver ueagle-atm
[    6.183536][    T1] xusbatm: malformed module parameters
[    6.186389][    T1] dummy_hcd dummy_hcd.0: USB Host+Gadget Emulator, driver 02 May 2005
[    6.187067][    T1] dummy_hcd dummy_hcd.0: Dummy host controller
[    6.188425][    T1] dummy_hcd dummy_hcd.0: new USB bus registered, assigned bus number 1
[    6.189757][    T1] usb usb1: New USB device found, idVendor=1d6b, idProduct=0002, bcdDevice= 5.06
[    6.191634][    T1] usb usb1: New USB device strings: Mfr=3, Product=2, SerialNumber=1
[    6.192265][    T1] usb usb1: Product: Dummy host controller
[    6.192718][    T1] usb usb1: Manufacturer: Linux 5.6.0-rc5-c312c7818b86-00341-gc312c7818b86 dummy_hcd
[    6.193451][    T1] usb usb1: SerialNumber: dummy_hcd.0
[    6.195395][    T1] hub 1-0:1.0: USB hub found
[    6.196110][    T1] hub 1-0:1.0: 1 port detected
[    6.198773][    T1] dummy_hcd dummy_hcd.1: USB Host+Gadget Emulator, driver 02 May 2005
[    6.199505][    T1] dummy_hcd dummy_hcd.1: Dummy host controller
[    6.200512][    T1] dummy_hcd dummy_hcd.1: new USB bus registered, assigned bus number 2
[    6.201734][    T1] usb usb2: New USB device found, idVendor=1d6b, idProduct=0002, bcdDevice= 5.06
[    6.202450][    T1] usb usb2: New USB device strings: Mfr=3, Product=2, SerialNumber=1
[    6.203152][    T1] usb usb2: Product: Dummy host controller
[    6.203650][    T1] usb usb2: Manufacturer: Linux 5.6.0-rc5-c312c7818b86-00341-gc312c7818b86 dummy_hcd
[    6.204468][    T1] usb usb2: SerialNumber: dummy_hcd.1
[    6.206940][    T1] hub 2-0:1.0: USB hub found
[    6.207423][    T1] hub 2-0:1.0: 1 port detected
[    6.209217][    T1] dummy_hcd dummy_hcd.2: USB Host+Gadget Emulator, driver 02 May 2005
[    6.209929][    T1] dummy_hcd dummy_hcd.2: Dummy host controller
[    6.210960][    T1] dummy_hcd dummy_hcd.2: new USB bus registered, assigned bus number 3
[    6.212086][    T1] usb usb3: New USB device found, idVendor=1d6b, idProduct=0002, bcdDevice= 5.06
[    6.212869][    T1] usb usb3: New USB device strings: Mfr=3, Product=2, SerialNumber=1
[    6.213562][    T1] usb usb3: Product: Dummy host controller
[    6.214057][    T1] usb usb3: Manufacturer: Linux 5.6.0-rc5-c312c7818b86-00341-gc312c7818b86 dummy_hcd
[    6.214864][    T1] usb usb3: SerialNumber: dummy_hcd.2
[    6.216988][    T1] hub 3-0:1.0: USB hub found
[    6.217476][    T1] hub 3-0:1.0: 1 port detected
[    6.219137][    T1] dummy_hcd dummy_hcd.3: USB Host+Gadget Emulator, driver 02 May 2005
[    6.219796][    T1] dummy_hcd dummy_hcd.3: Dummy host controller
[    6.220784][    T1] dummy_hcd dummy_hcd.3: new USB bus registered, assigned bus number 4
[    6.221814][    T1] usb usb4: New USB device found, idVendor=1d6b, idProduct=0002, bcdDevice= 5.06
[    6.222527][    T1] usb usb4: New USB device strings: Mfr=3, Product=2, SerialNumber=1
[    6.223154][    T1] usb usb4: Product: Dummy host controller
[    6.223610][    T1] usb usb4: Manufacturer: Linux 5.6.0-rc5-c312c7818b86-00341-gc312c7818b86 dummy_hcd
[    6.224342][    T1] usb usb4: SerialNumber: dummy_hcd.3
[    6.226775][    T1] hub 4-0:1.0: USB hub found
[    6.227366][    T1] hub 4-0:1.0: 1 port detected
[    6.229187][    T1] dummy_hcd dummy_hcd.4: USB Host+Gadget Emulator, driver 02 May 2005
[    6.229926][    T1] dummy_hcd dummy_hcd.4: Dummy host controller
[    6.230880][    T1] dummy_hcd dummy_hcd.4: new USB bus registered, assigned bus number 5
[    6.232021][    T1] usb usb5: New USB device found, idVendor=1d6b, idProduct=0002, bcdDevice= 5.06
[    6.232801][    T1] usb usb5: New USB device strings: Mfr=3, Product=2, SerialNumber=1
[    6.233488][    T1] usb usb5: Product: Dummy host controller
[    6.233982][    T1] usb usb5: Manufacturer: Linux 5.6.0-rc5-c312c7818b86-00341-gc312c7818b86 dummy_hcd
[    6.234788][    T1] usb usb5: SerialNumber: dummy_hcd.4
[    6.236997][    T1] hub 5-0:1.0: USB hub found
[    6.237453][    T1] hub 5-0:1.0: 1 port detected
[    6.239049][    T1] dummy_hcd dummy_hcd.5: USB Host+Gadget Emulator, driver 02 May 2005
[    6.239705][    T1] dummy_hcd dummy_hcd.5: Dummy host controller
[    6.240653][    T1] dummy_hcd dummy_hcd.5: new USB bus registered, assigned bus number 6
[    6.241687][    T1] usb usb6: New USB device found, idVendor=1d6b, idProduct=0002, bcdDevice= 5.06
[    6.242395][    T1] usb usb6: New USB device strings: Mfr=3, Product=2, SerialNumber=1
[    6.243025][    T1] usb usb6: Product: Dummy host controller
[    6.243476][    T1] usb usb6: Manufacturer: Linux 5.6.0-rc5-c312c7818b86-00341-gc312c7818b86 dummy_hcd
[    6.244210][    T1] usb usb6: SerialNumber: dummy_hcd.5
[    6.246222][    T1] hub 6-0:1.0: USB hub found
[    6.246687][    T1] hub 6-0:1.0: 1 port detected
[    6.248277][    T1] dummy_hcd dummy_hcd.6: USB Host+Gadget Emulator, driver 02 May 2005
[    6.248938][    T1] dummy_hcd dummy_hcd.6: Dummy host controller
[    6.249846][    T1] dummy_hcd dummy_hcd.6: new USB bus registered, assigned bus number 7
[    6.251157][    T1] usb usb7: New USB device found, idVendor=1d6b, idProduct=0002, bcdDevice= 5.06
[    6.251914][    T1] usb usb7: New USB device strings: Mfr=3, Product=2, SerialNumber=1
[    6.252591][    T1] usb usb7: Product: Dummy host controller
[    6.253076][    T1] usb usb7: Manufacturer: Linux 5.6.0-rc5-c312c7818b86-00341-gc312c7818b86 dummy_hcd
[    6.253804][    T1] usb usb7: SerialNumber: dummy_hcd.6
[    6.255089][    T1] hub 7-0:1.0: USB hub found
[    6.255586][    T1] hub 7-0:1.0: 1 port detected
[    6.257690][    T1] dummy_hcd dummy_hcd.7: USB Host+Gadget Emulator, driver 02 May 2005
[    6.258441][    T1] dummy_hcd dummy_hcd.7: Dummy host controller
[    6.259396][    T1] dummy_hcd dummy_hcd.7: new USB bus registered, assigned bus number 8
[    6.260607][    T1] usb usb8: New USB device found, idVendor=1d6b, idProduct=0002, bcdDevice= 5.06
[    6.261382][    T1] usb usb8: New USB device strings: Mfr=3, Product=2, SerialNumber=1
[    6.262035][    T1] usb usb8: Product: Dummy host controller
[    6.262487][    T1] usb usb8: Manufacturer: Linux 5.6.0-rc5-c312c7818b86-00341-gc312c7818b86 dummy_hcd
[    6.263218][    T1] usb usb8: SerialNumber: dummy_hcd.7
[    6.265227][    T1] hub 8-0:1.0: USB hub found
[    6.265687][    T1] hub 8-0:1.0: 1 port detected
[    6.275676][    T1] gadgetfs: USB Gadget filesystem, version 24 Aug 2004
[    6.277988][    T1] vhci_hcd vhci_hcd.0: USB/IP Virtual Host Controller
[    6.278907][    T1] vhci_hcd vhci_hcd.0: new USB bus registered, assigned bus number 9
[    6.279711][    T1] vhci_hcd: created sysfs vhci_hcd.0
[    6.282755][    T1] usb usb9: New USB device found, idVendor=1d6b, idProduct=0002, bcdDevice= 5.06
[    6.283456][    T1] usb usb9: New USB device strings: Mfr=3, Product=2, SerialNumber=1
[    6.284085][    T1] usb usb9: Product: USB/IP Virtual Host Controller
[    6.284591][    T1] usb usb9: Manufacturer: Linux 5.6.0-rc5-c312c7818b86-00341-gc312c7818b86 vhci_hcd
[    6.285313][    T1] usb usb9: SerialNumber: vhci_hcd.0
[    6.286645][    T1] hub 9-0:1.0: USB hub found
[    6.287379][    T1] hub 9-0:1.0: 8 ports detected
[    6.290877][    T1] vhci_hcd vhci_hcd.0: USB/IP Virtual Host Controller
[    6.291945][    T1] vhci_hcd vhci_hcd.0: new USB bus registered, assigned bus number 10
[    6.292838][    T1] usb usb10: We don't know the algorithms for LPM for this host, disabling LPM.
[    6.294182][    T1] usb usb10: New USB device found, idVendor=1d6b, idProduct=0003, bcdDevice= 5.06
[    6.294963][    T1] usb usb10: New USB device strings: Mfr=3, Product=2, SerialNumber=1
[    6.295650][    T1] usb usb10: Product: USB/IP Virtual Host Controller
[    6.296211][    T1] usb usb10: Manufacturer: Linux 5.6.0-rc5-c312c7818b86-00341-gc312c7818b86 vhci_hcd
[    6.296983][    T1] usb usb10: SerialNumber: vhci_hcd.0
[    6.298411][    T1] hub 10-0:1.0: USB hub found
[    6.298892][    T1] hub 10-0:1.0: 8 ports detected
[    6.302902][    T1] vhci_hcd vhci_hcd.1: USB/IP Virtual Host Controller
[    6.303824][    T1] vhci_hcd vhci_hcd.1: new USB bus registered, assigned bus number 11
[    6.304933][    T1] usb usb11: New USB device found, idVendor=1d6b, idProduct=0002, bcdDevice= 5.06
[    6.305650][    T1] usb usb11: New USB device strings: Mfr=3, Product=2, SerialNumber=1
[    6.306278][    T1] usb usb11: Product: USB/IP Virtual Host Controller
[    6.306794][    T1] usb usb11: Manufacturer: Linux 5.6.0-rc5-c312c7818b86-00341-gc312c7818b86 vhci_hcd
[    6.307518][    T1] usb usb11: SerialNumber: vhci_hcd.1
[    6.309232][    T1] hub 11-0:1.0: USB hub found
[    6.309694][    T1] hub 11-0:1.0: 8 ports detected
[    6.312614][    T1] vhci_hcd vhci_hcd.1: USB/IP Virtual Host Controller
[    6.313579][    T1] vhci_hcd vhci_hcd.1: new USB bus registered, assigned bus number 12
[    6.314370][    T1] usb usb12: We don't know the algorithms for LPM for this host, disabling LPM.
[    6.315375][    T1] usb usb12: New USB device found, idVendor=1d6b, idProduct=0003, bcdDevice= 5.06
[    6.316089][    T1] usb usb12: New USB device strings: Mfr=3, Product=2, SerialNumber=1
[    6.316719][    T1] usb usb12: Product: USB/IP Virtual Host Controller
[    6.317355][    T1] usb usb12: Manufacturer: Linux 5.6.0-rc5-c312c7818b86-00341-gc312c7818b86 vhci_hcd
[    6.318353][    T1] usb usb12: SerialNumber: vhci_hcd.1
[    6.319851][    T1] hub 12-0:1.0: USB hub found
[    6.321072][    T1] hub 12-0:1.0: 8 ports detected
[    6.325015][    T1] vhci_hcd vhci_hcd.2: USB/IP Virtual Host Controller
[    6.325960][    T1] vhci_hcd vhci_hcd.2: new USB bus registered, assigned bus number 13
[    6.326969][    T1] usb usb13: New USB device found, idVendor=1d6b, idProduct=0002, bcdDevice= 5.06
[    6.327679][    T1] usb usb13: New USB device strings: Mfr=3, Product=2, SerialNumber=1
[    6.328305][    T1] usb usb13: Product: USB/IP Virtual Host Controller
[    6.328821][    T1] usb usb13: Manufacturer: Linux 5.6.0-rc5-c312c7818b86-00341-gc312c7818b86 vhci_hcd
[    6.329547][    T1] usb usb13: SerialNumber: vhci_hcd.2
[    6.332045][    T1] hub 13-0:1.0: USB hub found
[    6.332505][    T1] hub 13-0:1.0: 8 ports detected
[    6.335261][    T1] vhci_hcd vhci_hcd.2: USB/IP Virtual Host Controller
[    6.336204][    T1] vhci_hcd vhci_hcd.2: new USB bus registered, assigned bus number 14
[    6.337075][    T1] usb usb14: We don't know the algorithms for LPM for this host, disabling LPM.
[    6.338295][    T1] usb usb14: New USB device found, idVendor=1d6b, idProduct=0003, bcdDevice= 5.06
[    6.339009][    T1] usb usb14: New USB device strings: Mfr=3, Product=2, SerialNumber=1
[    6.339638][    T1] usb usb14: Product: USB/IP Virtual Host Controller
[    6.340149][    T1] usb usb14: Manufacturer: Linux 5.6.0-rc5-c312c7818b86-00341-gc312c7818b86 vhci_hcd
[    6.341089][    T1] usb usb14: SerialNumber: vhci_hcd.2
[    6.342366][    T1] hub 14-0:1.0: USB hub found
[    6.342825][    T1] hub 14-0:1.0: 8 ports detected
[    6.346181][    T1] vhci_hcd vhci_hcd.3: USB/IP Virtual Host Controller
[    6.347105][    T1] vhci_hcd vhci_hcd.3: new USB bus registered, assigned bus number 15
[    6.349012][    T1] usb usb15: New USB device found, idVendor=1d6b, idProduct=0002, bcdDevice= 5.06
[    6.349826][    T1] usb usb15: New USB device strings: Mfr=3, Product=2, SerialNumber=1
[    6.350599][    T1] usb usb15: Product: USB/IP Virtual Host Controller
[    6.351200][    T1] usb usb15: Manufacturer: Linux 5.6.0-rc5-c312c7818b86-00341-gc312c7818b86 vhci_hcd
[    6.352031][    T1] usb usb15: SerialNumber: vhci_hcd.3
[    6.353649][    T1] hub 15-0:1.0: USB hub found
[    6.354166][    T1] hub 15-0:1.0: 8 ports detected
[    6.357341][    T1] vhci_hcd vhci_hcd.3: USB/IP Virtual Host Controller
[    6.358526][    T1] vhci_hcd vhci_hcd.3: new USB bus registered, assigned bus number 16
[    6.359387][    T1] usb usb16: We don't know the algorithms for LPM for this host, disabling LPM.
[    6.360796][    T1] usb usb16: New USB device found, idVendor=1d6b, idProduct=0003, bcdDevice= 5.06
[    6.361588][    T1] usb usb16: New USB device strings: Mfr=3, Product=2, SerialNumber=1
[    6.362237][    T1] usb usb16: Product: USB/IP Virtual Host Controller
[    6.362755][    T1] usb usb16: Manufacturer: Linux 5.6.0-rc5-c312c7818b86-00341-gc312c7818b86 vhci_hcd
[    6.363487][    T1] usb usb16: SerialNumber: vhci_hcd.3
[    6.364928][    T1] hub 16-0:1.0: USB hub found
[    6.365435][    T1] hub 16-0:1.0: 8 ports detected
[    6.368985][    T1] vhci_hcd vhci_hcd.4: USB/IP Virtual Host Controller
[    6.369986][    T1] vhci_hcd vhci_hcd.4: new USB bus registered, assigned bus number 17
[    6.371258][    T1] usb usb17: New USB device found, idVendor=1d6b, idProduct=0002, bcdDevice= 5.06
[    6.371980][    T1] usb usb17: New USB device strings: Mfr=3, Product=2, SerialNumber=1
[    6.372703][    T1] usb usb17: Product: USB/IP Virtual Host Controller
[    6.373268][    T1] usb usb17: Manufacturer: Linux 5.6.0-rc5-c312c7818b86-00341-gc312c7818b86 vhci_hcd
[    6.374001][    T1] usb usb17: SerialNumber: vhci_hcd.4
[    6.375650][    T1] hub 17-0:1.0: USB hub found
[    6.376179][    T1] hub 17-0:1.0: 8 ports detected
[    6.379510][    T1] vhci_hcd vhci_hcd.4: USB/IP Virtual Host Controller
[    6.381077][    T1] vhci_hcd vhci_hcd.4: new USB bus registered, assigned bus number 18
[    6.381956][    T1] usb usb18: We don't know the algorithms for LPM for this host, disabling LPM.
[    6.383014][    T1] usb usb18: New USB device found, idVendor=1d6b, idProduct=0003, bcdDevice= 5.06
[    6.383731][    T1] usb usb18: New USB device strings: Mfr=3, Product=2, SerialNumber=1
[    6.384365][    T1] usb usb18: Product: USB/IP Virtual Host Controller
[    6.384885][    T1] usb usb18: Manufacturer: Linux 5.6.0-rc5-c312c7818b86-00341-gc312c7818b86 vhci_hcd
[    6.385622][    T1] usb usb18: SerialNumber: vhci_hcd.4
[    6.386978][    T1] hub 18-0:1.0: USB hub found
[    6.387437][    T1] hub 18-0:1.0: 8 ports detected
[    6.391251][    T1] vhci_hcd vhci_hcd.5: USB/IP Virtual Host Controller
[    6.392264][    T1] vhci_hcd vhci_hcd.5: new USB bus registered, assigned bus number 19
[    6.393462][    T1] usb usb19: New USB device found, idVendor=1d6b, idProduct=0002, bcdDevice= 5.06
[    6.394180][    T1] usb usb19: New USB device strings: Mfr=3, Product=2, SerialNumber=1
[    6.394813][    T1] usb usb19: Product: USB/IP Virtual Host Controller
[    6.395355][    T1] usb usb19: Manufacturer: Linux 5.6.0-rc5-c312c7818b86-00341-gc312c7818b86 vhci_hcd
[    6.396160][    T1] usb usb19: SerialNumber: vhci_hcd.5
[    6.397839][    T1] hub 19-0:1.0: USB hub found
[    6.398297][    T1] hub 19-0:1.0: 8 ports detected
[    6.401149][    T1] vhci_hcd vhci_hcd.5: USB/IP Virtual Host Controller
[    6.402063][    T1] vhci_hcd vhci_hcd.5: new USB bus registered, assigned bus number 20
[    6.402929][    T1] usb usb20: We don't know the algorithms for LPM for this host, disabling LPM.
[    6.404149][    T1] usb usb20: New USB device found, idVendor=1d6b, idProduct=0003, bcdDevice= 5.06
[    6.404870][    T1] usb usb20: New USB device strings: Mfr=3, Product=2, SerialNumber=1
[    6.405505][    T1] usb usb20: Product: USB/IP Virtual Host Controller
[    6.406024][    T1] usb usb20: Manufacturer: Linux 5.6.0-rc5-c312c7818b86-00341-gc312c7818b86 vhci_hcd
[    6.406757][    T1] usb usb20: SerialNumber: vhci_hcd.5
[    6.408162][    T1] hub 20-0:1.0: USB hub found
[    6.408627][    T1] hub 20-0:1.0: 8 ports detected
[    6.413297][    T1] vhci_hcd vhci_hcd.6: USB/IP Virtual Host Controller
[    6.414165][    T1] vhci_hcd vhci_hcd.6: new USB bus registered, assigned bus number 21
[    6.415281][    T1] usb usb21: New USB device found, idVendor=1d6b, idProduct=0002, bcdDevice= 5.06
[    6.415997][    T1] usb usb21: New USB device strings: Mfr=3, Product=2, SerialNumber=1
[    6.416633][    T1] usb usb21: Product: USB/IP Virtual Host Controller
[    6.417151][    T1] usb usb21: Manufacturer: Linux 5.6.0-rc5-c312c7818b86-00341-gc312c7818b86 vhci_hcd
[    6.417959][    T1] usb usb21: SerialNumber: vhci_hcd.6
[    6.419726][    T1] hub 21-0:1.0: USB hub found
[    6.420190][    T1] hub 21-0:1.0: 8 ports detected
[    6.423024][    T1] vhci_hcd vhci_hcd.6: USB/IP Virtual Host Controller
[    6.423961][    T1] vhci_hcd vhci_hcd.6: new USB bus registered, assigned bus number 22
[    6.424741][    T1] usb usb22: We don't know the algorithms for LPM for this host, disabling LPM.
[    6.425745][    T1] usb usb22: New USB device found, idVendor=1d6b, idProduct=0003, bcdDevice= 5.06
[    6.426453][    T1] usb usb22: New USB device strings: Mfr=3, Product=2, SerialNumber=1
[    6.427079][    T1] usb usb22: Product: USB/IP Virtual Host Controller
[    6.427594][    T1] usb usb22: Manufacturer: Linux 5.6.0-rc5-c312c7818b86-00341-gc312c7818b86 vhci_hcd
[    6.428320][    T1] usb usb22: SerialNumber: vhci_hcd.6
[    6.429741][    T1] hub 22-0:1.0: USB hub found
[    6.430198][    T1] hub 22-0:1.0: 8 ports detected
[    6.434439][    T1] vhci_hcd vhci_hcd.7: USB/IP Virtual Host Controller
[    6.435428][    T1] vhci_hcd vhci_hcd.7: new USB bus registered, assigned bus number 23
[    6.436775][    T1] usb usb23: New USB device found, idVendor=1d6b, idProduct=0002, bcdDevice= 5.06
[    6.437495][    T1] usb usb23: New USB device strings: Mfr=3, Product=2, SerialNumber=1
[    6.438127][    T1] usb usb23: Product: USB/IP Virtual Host Controller
[    6.438648][    T1] usb usb23: Manufacturer: Linux 5.6.0-rc5-c312c7818b86-00341-gc312c7818b86 vhci_hcd
[    6.439419][    T1] usb usb23: SerialNumber: vhci_hcd.7
[    6.441493][    T1] hub 23-0:1.0: USB hub found
[    6.442124][    T1] hub 23-0:1.0: 8 ports detected
[    6.445476][    T1] vhci_hcd vhci_hcd.7: USB/IP Virtual Host Controller
[    6.446734][    T1] vhci_hcd vhci_hcd.7: new USB bus registered, assigned bus number 24
[    6.447830][    T1] usb usb24: We don't know the algorithms for LPM for this host, disabling LPM.
[    6.449217][    T1] usb usb24: New USB device found, idVendor=1d6b, idProduct=0003, bcdDevice= 5.06
[    6.450123][    T1] usb usb24: New USB device strings: Mfr=3, Product=2, SerialNumber=1
[    6.451962][    T1] usb usb24: Product: USB/IP Virtual Host Controller
[    6.452624][    T1] usb usb24: Manufacturer: Linux 5.6.0-rc5-c312c7818b86-00341-gc312c7818b86 vhci_hcd
[    6.453553][    T1] usb usb24: SerialNumber: vhci_hcd.7
[    6.455103][    T1] hub 24-0:1.0: USB hub found
[    6.455662][    T1] hub 24-0:1.0: 8 ports detected
[    6.459199][    T1] vhci_hcd vhci_hcd.8: USB/IP Virtual Host Controller
[    6.460391][    T1] vhci_hcd vhci_hcd.8: new USB bus registered, assigned bus number 25
[    6.462145][    T1] usb usb25: New USB device found, idVendor=1d6b, idProduct=0002, bcdDevice= 5.06
[    6.463058][    T1] usb usb25: New USB device strings: Mfr=3, Product=2, SerialNumber=1
[    6.463863][    T1] usb usb25: Product: USB/IP Virtual Host Controller
[    6.464521][    T1] usb usb25: Manufacturer: Linux 5.6.0-rc5-c312c7818b86-00341-gc312c7818b86 vhci_hcd
[    6.465441][    T1] usb usb25: SerialNumber: vhci_hcd.8
[    6.466986][    T1] hub 25-0:1.0: USB hub found
[    6.467549][    T1] hub 25-0:1.0: 8 ports detected
[    6.471355][    T1] vhci_hcd vhci_hcd.8: USB/IP Virtual Host Controller
[    6.472492][    T1] vhci_hcd vhci_hcd.8: new USB bus registered, assigned bus number 26
[    6.473359][    T1] usb usb26: We don't know the algorithms for LPM for this host, disabling LPM.
[    6.474463][    T1] usb usb26: New USB device found, idVendor=1d6b, idProduct=0003, bcdDevice= 5.06
[    6.475248][    T1] usb usb26: New USB device strings: Mfr=3, Product=2, SerialNumber=1
[    6.475941][    T1] usb usb26: Product: USB/IP Virtual Host Controller
[    6.476508][    T1] usb usb26: Manufacturer: Linux 5.6.0-rc5-c312c7818b86-00341-gc312c7818b86 vhci_hcd
[    6.477315][    T1] usb usb26: SerialNumber: vhci_hcd.8
[    6.478762][    T1] hub 26-0:1.0: USB hub found
[    6.479221][    T1] hub 26-0:1.0: 8 ports detected
[    6.483147][    T1] vhci_hcd vhci_hcd.9: USB/IP Virtual Host Controller
[    6.484093][    T1] vhci_hcd vhci_hcd.9: new USB bus registered, assigned bus number 27
[    6.485297][    T1] usb usb27: New USB device found, idVendor=1d6b, idProduct=0002, bcdDevice= 5.06
[    6.486032][    T1] usb usb27: New USB device strings: Mfr=3, Product=2, SerialNumber=1
[    6.486668][    T1] usb usb27: Product: USB/IP Virtual Host Controller
[    6.487190][    T1] usb usb27: Manufacturer: Linux 5.6.0-rc5-c312c7818b86-00341-gc312c7818b86 vhci_hcd
[    6.487932][    T1] usb usb27: SerialNumber: vhci_hcd.9
[    6.489595][    T1] hub 27-0:1.0: USB hub found
[    6.490052][    T1] hub 27-0:1.0: 8 ports detected
[    6.493603][    T1] vhci_hcd vhci_hcd.9: USB/IP Virtual Host Controller
[    6.494621][    T1] vhci_hcd vhci_hcd.9: new USB bus registered, assigned bus number 28
[    6.495446][    T1] usb usb28: We don't know the algorithms for LPM for this host, disabling LPM.
[    6.496677][    T1] usb usb28: New USB device found, idVendor=1d6b, idProduct=0003, bcdDevice= 5.06
[    6.497397][    T1] usb usb28: New USB device strings: Mfr=3, Product=2, SerialNumber=1
[    6.498030][    T1] usb usb28: Product: USB/IP Virtual Host Controller
[    6.498551][    T1] usb usb28: Manufacturer: Linux 5.6.0-rc5-c312c7818b86-00341-gc312c7818b86 vhci_hcd
[    6.499283][    T1] usb usb28: SerialNumber: vhci_hcd.9
[    6.501246][    T1] hub 28-0:1.0: USB hub found
[    6.501789][    T1] hub 28-0:1.0: 8 ports detected
[    6.505562][    T1] vhci_hcd vhci_hcd.10: USB/IP Virtual Host Controller
[    6.506635][    T1] vhci_hcd vhci_hcd.10: new USB bus registered, assigned bus number 29
[    6.507949][    T1] usb usb29: New USB device found, idVendor=1d6b, idProduct=0002, bcdDevice= 5.06
[    6.508742][    T1] usb usb29: New USB device strings: Mfr=3, Product=2, SerialNumber=1
[    6.509436][    T1] usb usb29: Product: USB/IP Virtual Host Controller
[    6.509982][    T1] usb usb29: Manufacturer: Linux 5.6.0-rc5-c312c7818b86-00341-gc312c7818b86 vhci_hcd
[    6.510902][    T1] usb usb29: SerialNumber: vhci_hcd.10
[    6.512391][    T1] hub 29-0:1.0: USB hub found
[    6.513023][    T1] hub 29-0:1.0: 8 ports detected
[    6.516101][    T1] vhci_hcd vhci_hcd.10: USB/IP Virtual Host Controller
[    6.517327][    T1] vhci_hcd vhci_hcd.10: new USB bus registered, assigned bus number 30
[    6.518407][    T1] usb usb30: We don't know the algorithms for LPM for this host, disabling LPM.
[    6.519824][    T1] usb usb30: New USB device found, idVendor=1d6b, idProduct=0003, bcdDevice= 5.06
[    6.521081][    T1] usb usb30: New USB device strings: Mfr=3, Product=2, SerialNumber=1
[    6.521954][    T1] usb usb30: Product: USB/IP Virtual Host Controller
[    6.522671][    T1] usb usb30: Manufacturer: Linux 5.6.0-rc5-c312c7818b86-00341-gc312c7818b86 vhci_hcd
[    6.523681][    T1] usb usb30: SerialNumber: vhci_hcd.10
[    6.525323][    T1] hub 30-0:1.0: USB hub found
[    6.525967][    T1] hub 30-0:1.0: 8 ports detected
[    6.530115][    T1] vhci_hcd vhci_hcd.11: USB/IP Virtual Host Controller
[    6.531662][    T1] vhci_hcd vhci_hcd.11: new USB bus registered, assigned bus number 31
[    6.532752][    T1] usb usb31: New USB device found, idVendor=1d6b, idProduct=0002, bcdDevice= 5.06
[    6.533540][    T1] usb usb31: New USB device strings: Mfr=3, Product=2, SerialNumber=1
[    6.534235][    T1] usb usb31: Product: USB/IP Virtual Host Controller
[    6.534803][    T1] usb usb31: Manufacturer: Linux 5.6.0-rc5-c312c7818b86-00341-gc312c7818b86 vhci_hcd
[    6.535628][    T1] usb usb31: SerialNumber: vhci_hcd.11
[    6.537423][    T1] hub 31-0:1.0: USB hub found
[    6.537927][    T1] hub 31-0:1.0: 8 ports detected
[    6.540881][    T1] vhci_hcd vhci_hcd.11: USB/IP Virtual Host Controller
[    6.541875][    T1] vhci_hcd vhci_hcd.11: new USB bus registered, assigned bus number 32
[    6.542964][    T1] usb usb32: We don't know the algorithms for LPM for this host, disabling LPM.
[    6.544420][    T1] usb usb32: New USB device found, idVendor=1d6b, idProduct=0003, bcdDevice= 5.06
[    6.545232][    T1] usb usb32: New USB device strings: Mfr=3, Product=2, SerialNumber=1
[    6.545947][    T1] usb usb32: Product: USB/IP Virtual Host Controller
[    6.546536][    T1] usb usb32: Manufacturer: Linux 5.6.0-rc5-c312c7818b86-00341-gc312c7818b86 vhci_hcd
[    6.547304][    T1] usb usb32: SerialNumber: vhci_hcd.11
[    6.548742][    T1] hub 32-0:1.0: USB hub found
[    6.549261][    T1] hub 32-0:1.0: 8 ports detected
[    6.553086][    T1] vhci_hcd vhci_hcd.12: USB/IP Virtual Host Controller
[    6.554135][    T1] vhci_hcd vhci_hcd.12: new USB bus registered, assigned bus number 33
[    6.555448][    T1] usb usb33: New USB device found, idVendor=1d6b, idProduct=0002, bcdDevice= 5.06
[    6.556174][    T1] usb usb33: New USB device strings: Mfr=3, Product=2, SerialNumber=1
[    6.556815][    T1] usb usb33: Product: USB/IP Virtual Host Controller
[    6.557346][    T1] usb usb33: Manufacturer: Linux 5.6.0-rc5-c312c7818b86-00341-gc312c7818b86 vhci_hcd
[    6.558089][    T1] usb usb33: SerialNumber: vhci_hcd.12
[    6.559943][    T1] hub 33-0:1.0: USB hub found
[    6.560508][    T1] hub 33-0:1.0: 8 ports detected
[    6.563421][    T1] vhci_hcd vhci_hcd.12: USB/IP Virtual Host Controller
[    6.564531][    T1] vhci_hcd vhci_hcd.12: new USB bus registered, assigned bus number 34
[    6.565331][    T1] usb usb34: We don't know the algorithms for LPM for this host, disabling LPM.
[    6.567063][    T1] usb usb34: New USB device found, idVendor=1d6b, idProduct=0003, bcdDevice= 5.06
[    6.567887][    T1] usb usb34: New USB device strings: Mfr=3, Product=2, SerialNumber=1
[    6.568606][    T1] usb usb34: Product: USB/IP Virtual Host Controller
[    6.569188][    T1] usb usb34: Manufacturer: Linux 5.6.0-rc5-c312c7818b86-00341-gc312c7818b86 vhci_hcd
[    6.569999][    T1] usb usb34: SerialNumber: vhci_hcd.12
[    6.571888][    T1] hub 34-0:1.0: USB hub found
[    6.572401][    T1] hub 34-0:1.0: 8 ports detected
[    6.576191][    T1] vhci_hcd vhci_hcd.13: USB/IP Virtual Host Controller
[    6.577153][    T1] vhci_hcd vhci_hcd.13: new USB bus registered, assigned bus number 35
[    6.578378][    T1] usb usb35: New USB device found, idVendor=1d6b, idProduct=0002, bcdDevice= 5.06
[    6.579109][    T1] usb usb35: New USB device strings: Mfr=3, Product=2, SerialNumber=1
[    6.579750][    T1] usb usb35: Product: USB/IP Virtual Host Controller
[    6.580276][    T1] usb usb35: Manufacturer: Linux 5.6.0-rc5-c312c7818b86-00341-gc312c7818b86 vhci_hcd
[    6.581085][    T1] usb usb35: SerialNumber: vhci_hcd.13
[    6.582435][    T1] hub 35-0:1.0: USB hub found
[    6.582919][    T1] hub 35-0:1.0: 8 ports detected
[    6.585841][    T1] vhci_hcd vhci_hcd.13: USB/IP Virtual Host Controller
[    6.586900][    T1] vhci_hcd vhci_hcd.13: new USB bus registered, assigned bus number 36
[    6.587692][    T1] usb usb36: We don't know the algorithms for LPM for this host, disabling LPM.
[    6.588990][    T1] usb usb36: New USB device found, idVendor=1d6b, idProduct=0003, bcdDevice= 5.06
[    6.589712][    T1] usb usb36: New USB device strings: Mfr=3, Product=2, SerialNumber=1
[    6.591000][    T1] usb usb36: Product: USB/IP Virtual Host Controller
[    6.591578][    T1] usb usb36: Manufacturer: Linux 5.6.0-rc5-c312c7818b86-00341-gc312c7818b86 vhci_hcd
[    6.592334][    T1] usb usb36: SerialNumber: vhci_hcd.13
[    6.594153][    T1] hub 36-0:1.0: USB hub found
[    6.594675][    T1] hub 36-0:1.0: 8 ports detected
[    6.598531][    T1] vhci_hcd vhci_hcd.14: USB/IP Virtual Host Controller
[    6.599539][    T1] vhci_hcd vhci_hcd.14: new USB bus registered, assigned bus number 37
[    6.600931][    T1] usb usb37: New USB device found, idVendor=1d6b, idProduct=0002, bcdDevice= 5.06
[    6.601728][    T1] usb usb37: New USB device strings: Mfr=3, Product=2, SerialNumber=1
[    6.602361][    T1] usb usb37: Product: USB/IP Virtual Host Controller
[    6.602881][    T1] usb usb37: Manufacturer: Linux 5.6.0-rc5-c312c7818b86-00341-gc312c7818b86 vhci_hcd
[    6.603679][    T1] usb usb37: SerialNumber: vhci_hcd.14
[    6.605312][    T1] hub 37-0:1.0: USB hub found
[    6.605776][    T1] hub 37-0:1.0: 8 ports detected
[    6.608554][    T1] vhci_hcd vhci_hcd.14: USB/IP Virtual Host Controller
[    6.609445][    T1] vhci_hcd vhci_hcd.14: new USB bus registered, assigned bus number 38
[    6.610352][    T1] usb usb38: We don't know the algorithms for LPM for this host, disabling LPM.
[    6.611997][    T1] usb usb38: New USB device found, idVendor=1d6b, idProduct=0003, bcdDevice= 5.06
[    6.612724][    T1] usb usb38: New USB device strings: Mfr=3, Product=2, SerialNumber=1
[    6.613357][    T1] usb usb38: Product: USB/IP Virtual Host Controller
[    6.613881][    T1] usb usb38: Manufacturer: Linux 5.6.0-rc5-c312c7818b86-00341-gc312c7818b86 vhci_hcd
[    6.614617][    T1] usb usb38: SerialNumber: vhci_hcd.14
[    6.615903][    T1] hub 38-0:1.0: USB hub found
[    6.616417][    T1] hub 38-0:1.0: 8 ports detected
[    6.619905][    T1] vhci_hcd vhci_hcd.15: USB/IP Virtual Host Controller
[    6.621023][    T1] vhci_hcd vhci_hcd.15: new USB bus registered, assigned bus number 39
[    6.622163][    T1] usb usb39: New USB device found, idVendor=1d6b, idProduct=0002, bcdDevice= 5.06
[    6.623132][    T1] usb usb39: New USB device strings: Mfr=3, Product=2, SerialNumber=1
[    6.624041][    T1] usb usb39: Product: USB/IP Virtual Host Controller
[    6.624636][    T1] usb usb39: Manufacturer: Linux 5.6.0-rc5-c312c7818b86-00341-gc312c7818b86 vhci_hcd
[    6.625457][    T1] usb usb39: SerialNumber: vhci_hcd.15
[    6.627334][    T1] hub 39-0:1.0: USB hub found
[    6.627845][    T1] hub 39-0:1.0: 8 ports detected
[    6.631264][    T1] vhci_hcd vhci_hcd.15: USB/IP Virtual Host Controller
[    6.632280][    T1] vhci_hcd vhci_hcd.15: new USB bus registered, assigned bus number 40
[    6.633123][    T1] usb usb40: We don't know the algorithms for LPM for this host, disabling LPM.
[    6.634353][    T1] usb usb40: New USB device found, idVendor=1d6b, idProduct=0003, bcdDevice= 5.06
[    6.635084][    T1] usb usb40: New USB device strings: Mfr=3, Product=2, SerialNumber=1
[    6.635723][    T1] usb usb40: Product: USB/IP Virtual Host Controller
[    6.636246][    T1] usb usb40: Manufacturer: Linux 5.6.0-rc5-c312c7818b86-00341-gc312c7818b86 vhci_hcd
[    6.636983][    T1] usb usb40: SerialNumber: vhci_hcd.15
[    6.638400][    T1] hub 40-0:1.0: USB hub found
[    6.638867][    T1] hub 40-0:1.0: 8 ports detected
[    6.642808][    T1] usbcore: registered new device driver usbip-host
[    6.645704][    T1] i8042: PNP: PS/2 Controller [PNP0303:KBD,PNP0f13:MOU] at 0x60,0x64 irq 1,12
[    6.649590][    T1] serio: i8042 KBD port at 0x60,0x64 irq 1
[    6.650979][    T1] serio: i8042 AUX port at 0x60,0x64 irq 12
[    6.653157][    T1] mousedev: PS/2 mouse device common for all mice
[    6.655796][ T3567] input: AT Translated Set 2 keyboard as /devices/platform/i8042/serio0/input/input1
[    6.658279][    T1] usbcore: registered new interface driver appletouch
[    6.659269][    T1] usbcore: registered new interface driver bcm5974
[    6.662781][    T1] usbcore: registered new interface driver synaptics_usb
[    6.663573][    T1] usbcore: registered new interface driver iforce
[    6.664353][    T1] usbcore: registered new interface driver xpad
[    6.665067][    T1] usbcore: registered new interface driver usb_acecad
[    6.665807][    T1] usbcore: registered new interface driver aiptek
[    6.666505][    T1] usbcore: registered new interface driver hanwang
[    6.667295][    T1] usbcore: registered new interface driver kbtab
[    6.669315][    T1] usbcore: registered new interface driver pegasus_notetaker
[    6.670162][    T1] usbcore: registered new interface driver usbtouchscreen
[    6.671612][    T1] usbcore: registered new interface driver sur40
[    6.672387][    T1] usbcore: registered new interface driver ati_remote2
[    6.672980][    T1] cm109: Keymap for Komunikate KIP1000 phone loaded
[    6.673811][    T1] usbcore: registered new interface driver cm109
[    6.674367][    T1] cm109: CM109 phone driver: 20080805 (C) Alfred E. Heggestad
[    6.675519][    T1] usbcore: registered new interface driver ims_pcu
[    6.676204][    T1] usbcore: registered new interface driver keyspan_remote
[    6.677012][    T1] usbcore: registered new interface driver powermate
[    6.678025][    T1] usbcore: registered new interface driver yealink
[    6.680017][    T1] rtc_cmos 00:05: RTC can wake from S4
[    6.683698][    T1] rtc_cmos 00:05: registered as rtc0
[    6.684126][    T1] rtc_cmos 00:05: alarms up to one day, y3k, 242 bytes nvram, hpet irqs
[    6.687544][    T1] i2c /dev entries driver
[    6.688562][    T1] usbcore: registered new interface driver i2c-diolan-u2c
[    6.689581][    T1] usbcore: registered new interface driver RobotFuzz Open Source InterFace, OSIF
[    6.691125][    T1] usbcore: registered new interface driver i2c-tiny-usb
[    6.694038][    T1] usbcore: registered new interface driver ati_remote
[    6.697972][    T1] usbcore: registered new interface driver imon
[    6.698708][    T1] usbcore: registered new interface driver mceusb
[    6.699386][    T1] usbcore: registered new interface driver redrat3
[    6.700092][    T1] usbcore: registered new interface driver streamzap
[    6.701045][    T1] usbcore: registered new interface driver igorplugusb
[    6.701746][    T1] usbcore: registered new interface driver iguanair
[    6.702447][    T1] usbcore: registered new interface driver ttusbir
[    6.702962][    T1] b2c2-flexcop: B2C2 FlexcopII/II(b)/III digital TV receiver chip loaded successfully
[    6.713803][    T1] vivid-000: using single planar format API
[    6.724802][    T1] vivid-000: CEC adapter cec0 registered for HDMI input 0
[    6.725753][    T1] vivid-000: V4L2 capture device registered as video3
[    6.726665][    T1] vivid-000: CEC adapter cec1 registered for HDMI output 0
[    6.727542][    T1] vivid-000: V4L2 output device registered as video4
[    6.728366][    T1] vivid-000: V4L2 capture device registered as vbi0, supports raw and sliced VBI
[    6.729521][    T1] vivid-000: V4L2 output device registered as vbi1, supports raw and sliced VBI
[    6.731306][    T1] vivid-000: V4L2 capture device registered as swradio0
[    6.732107][    T1] vivid-000: V4L2 receiver device registered as radio0
[    6.732998][    T1] vivid-000: V4L2 transmitter device registered as radio1
[    6.733859][    T1] vivid-000: V4L2 metadata capture device registered as video5
[    6.734755][    T1] vivid-000: V4L2 metadata output device registered as video6
[    6.735768][    T1] vivid-000: V4L2 touch capture device registered as v4l-touch0
[    6.736842][    T1] vivid-001: using multiplanar format API
[    6.745775][    T1] vivid-001: CEC adapter cec2 registered for HDMI input 0
[    6.747057][    T1] vivid-001: V4L2 capture device registered as video7
[    6.748123][    T1] vivid-001: CEC adapter cec3 registered for HDMI output 0
[    6.749306][    T1] vivid-001: V4L2 output device registered as video8
[    6.750423][    T1] vivid-001: V4L2 capture device registered as vbi2, supports raw and sliced VBI
[    6.752162][    T1] vivid-001: V4L2 output device registered as vbi3, supports raw and sliced VBI
[    6.753504][    T1] vivid-001: V4L2 capture device registered as swradio1
[    6.754439][    T1] vivid-001: V4L2 receiver device registered as radio2
[    6.755739][    T1] vivid-001: V4L2 transmitter device registered as radio3
[    6.756813][    T1] vivid-001: V4L2 metadata capture device registered as video9
[    6.758028][    T1] vivid-001: V4L2 metadata output device registered as video10
[    6.759137][    T1] vivid-001: V4L2 touch capture device registered as v4l-touch1
[    6.760256][    T1] vivid-002: using single planar format API
[    6.769133][    T1] vivid-002: CEC adapter cec4 registered for HDMI input 0
[    6.770153][    T1] vivid-002: V4L2 capture device registered as video11
[    6.771172][    T1] vivid-002: CEC adapter cec5 registered for HDMI output 0
[    6.772184][    T1] vivid-002: V4L2 output device registered as video12
[    6.773158][    T1] vivid-002: V4L2 capture device registered as vbi4, supports raw and sliced VBI
[    6.774621][    T1] vivid-002: V4L2 output device registered as vbi5, supports raw and sliced VBI
[    6.775981][    T1] vivid-002: V4L2 capture device registered as swradio2
[    6.777173][    T1] vivid-002: V4L2 receiver device registered as radio4
[    6.778289][    T1] vivid-002: V4L2 transmitter device registered as radio5
[    6.779237][    T1] vivid-002: V4L2 metadata capture device registered as video13
[    6.780436][    T1] vivid-002: V4L2 metadata output device registered as video14
[    6.781492][    T1] vivid-002: V4L2 touch capture device registered as v4l-touch2
[    6.782544][    T1] vivid-003: using multiplanar format API
[    6.791155][    T1] vivid-003: CEC adapter cec6 registered for HDMI input 0
[    6.792029][    T1] vivid-003: V4L2 capture device registered as video15
[    6.792848][    T1] vivid-003: CEC adapter cec7 registered for HDMI output 0
[    6.793713][    T1] vivid-003: V4L2 output device registered as video16
[    6.794559][    T1] vivid-003: V4L2 capture device registered as vbi6, supports raw and sliced VBI
[    6.795807][    T1] vivid-003: V4L2 output device registered as vbi7, supports raw and sliced VBI
[    6.797144][    T1] vivid-003: V4L2 capture device registered as swradio3
[    6.797945][    T1] vivid-003: V4L2 receiver device registered as radio6
[    6.798836][    T1] vivid-003: V4L2 transmitter device registered as radio7
[    6.799675][    T1] vivid-003: V4L2 metadata capture device registered as video17
[    6.801436][    T1] vivid-003: V4L2 metadata output device registered as video18
[    6.802380][    T1] vivid-003: V4L2 touch capture device registered as v4l-touch3
[    6.803309][    T1] vivid-004: using single planar format API
[    6.812839][    T1] vivid-004: CEC adapter cec8 registered for HDMI input 0
[    6.813803][    T1] vivid-004: V4L2 capture device registered as video19
[    6.814707][    T1] vivid-004: CEC adapter cec9 registered for HDMI output 0
[    6.815656][    T1] vivid-004: V4L2 output device registered as video20
[    6.816569][    T1] vivid-004: V4L2 capture device registered as vbi8, supports raw and sliced VBI
[    6.817846][    T1] vivid-004: V4L2 output device registered as vbi9, supports raw and sliced VBI
[    6.819045][    T1] vivid-004: V4L2 capture device registered as swradio4
[    6.819918][    T1] vivid-004: V4L2 receiver device registered as radio8
[    6.821464][    T1] vivid-004: V4L2 transmitter device registered as radio9
[    6.822322][    T1] vivid-004: V4L2 metadata capture device registered as video21
[    6.823348][    T1] vivid-004: V4L2 metadata output device registered as video22
[    6.824311][    T1] vivid-004: V4L2 touch capture device registered as v4l-touch4
[    6.825341][    T1] vivid-005: using multiplanar format API
[    6.833852][    T1] vivid-005: CEC adapter cec10 registered for HDMI input 0
[    6.834770][    T1] vivid-005: V4L2 capture device registered as video23
[    6.835720][    T1] vivid-005: CEC adapter cec11 registered for HDMI output 0
[    6.836667][    T1] vivid-005: V4L2 output device registered as video24
[    6.837644][    T1] vivid-005: V4L2 capture device registered as vbi10, supports raw and sliced VBI
[    6.839348][    T1] vivid-005: V4L2 output device registered as vbi11, supports raw and sliced VBI
[    6.841051][    T1] vivid-005: V4L2 capture device registered as swradio5
[    6.841918][    T1] vivid-005: V4L2 receiver device registered as radio10
[    6.842881][    T1] vivid-005: V4L2 transmitter device registered as radio11
[    6.843787][    T1] vivid-005: V4L2 metadata capture device registered as video25
[    6.844723][    T1] vivid-005: V4L2 metadata output device registered as video26
[    6.845780][    T1] vivid-005: V4L2 touch capture device registered as v4l-touch5
[    6.846901][    T1] vivid-006: using single planar format API
[    6.855632][    T1] vivid-006: CEC adapter cec12 registered for HDMI input 0
[    6.856563][    T1] vivid-006: V4L2 capture device registered as video27
[    6.857545][    T1] vivid-006: CEC adapter cec13 registered for HDMI output 0
[    6.858417][    T1] vivid-006: V4L2 output device registered as video28
[    6.859248][    T1] vivid-006: V4L2 capture device registered as vbi12, supports raw and sliced VBI
[    6.861343][    T1] vivid-006: V4L2 output device registered as vbi13, supports raw and sliced VBI
[    6.862527][    T1] vivid-006: V4L2 capture device registered as swradio6
[    6.863305][    T1] vivid-006: V4L2 receiver device registered as radio12
[    6.864133][    T1] vivid-006: V4L2 transmitter device registered as radio13
[    6.865028][    T1] vivid-006: V4L2 metadata capture device registered as video29
[    6.865916][    T1] vivid-006: V4L2 metadata output device registered as video30
[    6.867036][    T1] vivid-006: V4L2 touch capture device registered as v4l-touch6
[    6.868007][    T1] vivid-007: using multiplanar format API
[    6.878102][    T1] vivid-007: CEC adapter cec14 registered for HDMI input 0
[    6.878974][    T1] vivid-007: V4L2 capture device registered as video31
[    6.879811][    T1] vivid-007: CEC adapter cec15 registered for HDMI output 0
[    6.881181][    T1] vivid-007: V4L2 output device registered as video32
[    6.882004][    T1] vivid-007: V4L2 capture device registered as vbi14, supports raw and sliced VBI
[    6.883138][    T1] vivid-007: V4L2 output device registered as vbi15, supports raw and sliced VBI
[    6.884429][    T1] vivid-007: V4L2 capture device registered as swradio7
[    6.885223][    T1] vivid-007: V4L2 receiver device registered as radio14
[    6.886102][    T1] vivid-007: V4L2 transmitter device registered as radio15
[    6.886958][    T1] vivid-007: V4L2 metadata capture device registered as video33
[    6.887855][    T1] vivid-007: V4L2 metadata output device registered as video34
[    6.888856][    T1] vivid-007: V4L2 touch capture device registered as v4l-touch7
[    6.889908][    T1] vivid-008: using single planar format API
[    6.898364][    T1] vivid-008: CEC adapter cec16 registered for HDMI input 0
[    6.899234][    T1] vivid-008: V4L2 capture device registered as video35
[    6.901192][    T1] vivid-008: CEC adapter cec17 registered for HDMI output 0
[    6.902167][    T1] vivid-008: V4L2 output device registered as video36
[    6.903065][    T1] vivid-008: V4L2 capture device registered as vbi16, supports raw and sliced VBI
[    6.904436][    T1] vivid-008: V4L2 output device registered as vbi17, supports raw and sliced VBI
[    6.905654][    T1] vivid-008: V4L2 capture device registered as swradio8
[    6.906441][    T1] vivid-008: V4L2 receiver device registered as radio16
