c[?7l[2J[0mSeaBIOS (version rel-1.16.0-0-gd239552ce722-prebuilt.qemu.org)


iPXE (http://ipxe.org) 00:03.0 CA00 PCI2.10 PnP PMM+7FF91000+7FEF1000 CA00
Press Ctrl-B to configure iPXE (PCI 00:03.0)...                                                                               


Booting from ROM..c[?7l[2Jearly console in extract_kernel
input_data: 0x000000000bbdd2c8
input_len: 0x0000000004423fb5
output: 0x0000000001000000
output_len: 0x000000000dda2b28
kernel_total_size: 0x000000000f026000
needed_size: 0x000000000f200000
trampoline_32bit: 0x000000000009d000

Decompressing Linux... Parsing ELF... done.
Booting the kernel.
[    0.000000][    T0] Linux version 5.5.0-rc2-cc80e3625695-01608-gcc80e3625695 (root@xpf.sh.intel.com) (gcc version 8.5.0 20210514 (Red Hat 8.5.0-20) (GCC)) #1 SMP PREEMPT Sat Dec 2 14:57:08 CST 2023
[    0.000000][    T0] Command line: console=ttyS0 root=/dev/sda1 earlyprintk=serial net.ifnames=0 thunderbolt.dyndbg plymouth.enable=0
[    0.000000][    T0] KERNEL supported cpus:
[    0.000000][    T0]   Intel GenuineIntel
[    0.000000][    T0]   AMD AuthenticAMD
[    0.000000][    T0] x86/fpu: Supporting XSAVE feature 0x001: 'x87 floating point registers'
[    0.000000][    T0] x86/fpu: Supporting XSAVE feature 0x002: 'SSE registers'
[    0.000000][    T0] x86/fpu: Supporting XSAVE feature 0x004: 'AVX registers'
[    0.000000][    T0] x86/fpu: Supporting XSAVE feature 0x008: 'MPX bounds registers'
[    0.000000][    T0] x86/fpu: Supporting XSAVE feature 0x010: 'MPX CSR'
[    0.000000][    T0] x86/fpu: Supporting XSAVE feature 0x020: 'AVX-512 opmask'
[    0.000000][    T0] x86/fpu: Supporting XSAVE feature 0x040: 'AVX-512 Hi256'
[    0.000000][    T0] x86/fpu: Supporting XSAVE feature 0x080: 'AVX-512 ZMM_Hi256'
[    0.000000][    T0] x86/fpu: xstate_offset[2]:  576, xstate_sizes[2]:  256
[    0.000000][    T0] x86/fpu: xstate_offset[3]:  832, xstate_sizes[3]:   64
[    0.000000][    T0] x86/fpu: xstate_offset[4]:  896, xstate_sizes[4]:   64
[    0.000000][    T0] x86/fpu: xstate_offset[5]:  960, xstate_sizes[5]:   64
[    0.000000][    T0] x86/fpu: xstate_offset[6]: 1024, xstate_sizes[6]:  512
[    0.000000][    T0] x86/fpu: xstate_offset[7]: 1536, xstate_sizes[7]: 1024
[    0.000000][    T0] x86/fpu: Enabled xstate features 0xff, context size is 2560 bytes, using 'compacted' format.
[    0.000000][    T0] BIOS-provided physical RAM map:
[    0.000000][    T0] BIOS-e820: [mem 0x0000000000000000-0x000000000009fbff] usable
[    0.000000][    T0] BIOS-e820: [mem 0x000000000009fc00-0x000000000009ffff] reserved
[    0.000000][    T0] BIOS-e820: [mem 0x00000000000f0000-0x00000000000fffff] reserved
[    0.000000][    T0] BIOS-e820: [mem 0x0000000000100000-0x000000007ffdffff] usable
[    0.000000][    T0] BIOS-e820: [mem 0x000000007ffe0000-0x000000007fffffff] reserved
[    0.000000][    T0] BIOS-e820: [mem 0x00000000feffc000-0x00000000feffffff] reserved
[    0.000000][    T0] BIOS-e820: [mem 0x00000000fffc0000-0x00000000ffffffff] reserved
[    0.000000][    T0] printk: bootconsole [earlyser0] enabled
[    0.000000][    T0] ERROR: earlyprintk= earlyser already used
[    0.000000][    T0] ERROR: earlyprintk= earlyser already used
[    0.000000][    T0] ERROR: earlyprintk= earlyser already used
[    0.000000][    T0] Malformed early option 'vsyscall'
[    0.000000][    T0] nopcid: PCID feature disabled
[    0.000000][    T0] NX (Execute Disable) protection: active
[    0.000000][    T0] SMBIOS 2.8 present.
[    0.000000][    T0] DMI: QEMU Standard PC (i440FX + PIIX, 1996), BIOS rel-1.16.0-0-gd239552ce722-prebuilt.qemu.org 04/01/2014
[    0.000000][    T0] Hypervisor detected: KVM
[    0.000000][    T0] kvm-clock: Using msrs 4b564d01 and 4b564d00
[    0.000002][    T0] kvm-clock: cpu 0, msr e9c9001, primary cpu clock
[    0.000002][    T0] kvm-clock: using sched offset of 841573605 cycles
[    0.000534][    T0] clocksource: kvm-clock: mask: 0xffffffffffffffff max_cycles: 0x1cd42e4dffb, max_idle_ns: 881590591483 ns
[    0.001999][    T0] tsc: Detected 2999.998 MHz processor
[    0.007510][    T0] last_pfn = 0x7ffe0 max_arch_pfn = 0x400000000
[    0.008115][    T0] x86/PAT: Configuration [0-7]: WB  WC  UC- UC  WB  WP  UC- WT  
[    0.016344][    T0] found SMP MP-table at [mem 0x000f5ba0-0x000f5baf]
[    0.016942][    T0] Using GB pages for direct mapping
[    0.017993][    T0] ACPI: Early table checksum verification disabled
[    0.018585][    T0] ACPI: RSDP 0x00000000000F59C0 000014 (v00 BOCHS )
[    0.019183][    T0] ACPI: RSDT 0x000000007FFE1951 000034 (v01 BOCHS  BXPC     00000001 BXPC 00000001)
[    0.020299][    T0] ACPI: FACP 0x000000007FFE17FD 000074 (v01 BOCHS  BXPC     00000001 BXPC 00000001)
[    0.021237][    T0] ACPI: DSDT 0x000000007FFE0040 0017BD (v01 BOCHS  BXPC     00000001 BXPC 00000001)
[    0.022106][    T0] ACPI: FACS 0x000000007FFE0000 000040
[    0.022609][    T0] ACPI: APIC 0x000000007FFE1871 000080 (v01 BOCHS  BXPC     00000001 BXPC 00000001)
[    0.023475][    T0] ACPI: HPET 0x000000007FFE18F1 000038 (v01 BOCHS  BXPC     00000001 BXPC 00000001)
[    0.024352][    T0] ACPI: WAET 0x000000007FFE1929 000028 (v01 BOCHS  BXPC     00000001 BXPC 00000001)
[    0.026142][    T0] No NUMA configuration found
[    0.026563][    T0] Faking a node at [mem 0x0000000000000000-0x000000007ffdffff]
[    0.027243][    T0] Faking node 0 at [mem 0x0000000000000000-0x000000003fffffff] (1024MB)
[    0.027984][    T0] Faking node 1 at [mem 0x0000000040000000-0x000000007ffdffff] (1023MB)
[    0.029085][    T0] NODE_DATA(0) allocated [mem 0x3fffb000-0x3fffffff]
[    0.029784][    T0] NODE_DATA(1) allocated [mem 0x7ffda000-0x7ffdefff]
[    0.033748][    T0] Zone ranges:
[    0.034073][    T0]   DMA      [mem 0x0000000000001000-0x0000000000ffffff]
[    0.034643][    T0]   DMA32    [mem 0x0000000001000000-0x000000007ffdffff]
[    0.035212][    T0]   Normal   empty
[    0.035511][    T0]   Device   empty
[    0.035807][    T0] Movable zone start for each node
[    0.036215][    T0] Early memory node ranges
[    0.036570][    T0]   node   0: [mem 0x0000000000001000-0x000000000009efff]
[    0.037150][    T0]   node   0: [mem 0x0000000000100000-0x000000003fffffff]
[    0.037727][    T0]   node   1: [mem 0x0000000040000000-0x000000007ffdffff]
[    0.038309][    T0] Zeroed struct page in unavailable ranges: 98 pages
[    0.038313][    T0] Initmem setup node 0 [mem 0x0000000000001000-0x000000003fffffff]
[    0.049787][    T0] Initmem setup node 1 [mem 0x0000000040000000-0x000000007ffdffff]
[    0.093394][    T0] kasan: KernelAddressSanitizer initialized
[    0.094244][    T0] ACPI: PM-Timer IO Port: 0x608
[    0.094661][    T0] ACPI: LAPIC_NMI (acpi_id[0xff] dfl dfl lint[0x1])
[    0.095266][    T0] IOAPIC[0]: apic_id 0, version 17, address 0xfec00000, GSI 0-23
[    0.095904][    T0] ACPI: INT_SRC_OVR (bus 0 bus_irq 0 global_irq 2 dfl dfl)
[    0.096490][    T0] ACPI: INT_SRC_OVR (bus 0 bus_irq 5 global_irq 5 high level)
[    0.097107][    T0] ACPI: INT_SRC_OVR (bus 0 bus_irq 9 global_irq 9 high level)
[    0.097715][    T0] ACPI: INT_SRC_OVR (bus 0 bus_irq 10 global_irq 10 high level)
[    0.098339][    T0] ACPI: INT_SRC_OVR (bus 0 bus_irq 11 global_irq 11 high level)
[    0.098978][    T0] Using ACPI (MADT) for SMP configuration information
[    0.099536][    T0] ACPI: HPET id: 0x8086a201 base: 0xfed00000
[    0.100035][    T0] smpboot: Allowing 2 CPUs, 0 hotplug CPUs
[    0.100536][    T0] KVM setup pv sched yield
[    0.100926][    T0] PM: Registered nosave memory: [mem 0x00000000-0x00000fff]
[    0.101524][    T0] PM: Registered nosave memory: [mem 0x0009f000-0x0009ffff]
[    0.102174][    T0] PM: Registered nosave memory: [mem 0x000a0000-0x000effff]
[    0.102777][    T0] PM: Registered nosave memory: [mem 0x000f0000-0x000fffff]
[    0.103376][    T0] [mem 0x80000000-0xfeffbfff] available for PCI devices
[    0.103938][    T0] Booting paravirtualized kernel on KVM
[    0.104407][    T0] clocksource: refined-jiffies: mask: 0xffffffff max_cycles: 0xffffffff, max_idle_ns: 19112604462750000 ns
[    1.417780][    T0] setup_percpu: NR_CPUS:8 nr_cpumask_bits:8 nr_cpu_ids:2 nr_node_ids:2
[    1.419108][    T0] percpu: Embedded 65 pages/cpu s227080 r8192 d30968 u2097152
[    1.419851][    T0] KVM setup async PF for cpu 0
[    1.420248][    T0] kvm-stealtime: cpu 0, msr 2ce21a80
[    1.420699][    T0] PV qspinlock hash table entries: 256 (order: 0, 4096 bytes, linear)
[    1.421388][    T0] Built 2 zonelists, mobility grouping on.  Total pages: 515945
[    1.422022][    T0] Policy zone: DMA32
[    1.422355][    T0] Kernel command line: earlyprintk=serial net.ifnames=0 sysctl.kernel.hung_task_all_cpu_backtrace=1 ima_policy=tcb nf-conntrack-ftp.ports=20000 nf-conntrack-tftp.ports=20000 nf-conntrack-sip.ports=20000 nf-conntrack-irc.ports=20000 nf-conntrack-sane.ports=20000 binder.debug_mask=0 rcupdate.rcu_expedited=1 rcupdate.rcu_cpu_stall_cputime=1 no_hash_pointers page_owner=on sysctl.vm.nr_hugepages=4 sysctl.vm.nr_overcommit_hugepages=4 secretmem.enable=1 sysctl.max_rcu_stall_to_panic=1 msr.allow_writes=off coredump_filter=0xffff root=/dev/sda console=ttyS0 vsyscall=native numa=fake=2 kvm-intel.nested=1 spec_store_bypass_disable=prctl nopcid vivid.n_devs=16 vivid.multiplanar=1,2,1,2,1,2,1,2,1,2,1,2,1,2,1,2 netrom.nr_ndevs=16 rose.rose_ndevs=16 smp.csd_lock_timeout=100000 watchdog_thresh=55 workqueue.watchdog_thresh=140 sysctl.net.core.netdev_unregister_timeout_secs=140 dummy_hcd.num=8 panic_on_warn=1 console=ttyS0 root=/dev/sda1 earlyprintk=serial net.ifnames=0 thunderb
[    1.425701][    T0] mem auto-init: stack:off, heap alloc:on, heap free:off
[    1.542593][    T0] Memory: 1524180K/2096632K available (131082K kernel code, 39760K rwdata, 26820K rodata, 2988K init, 22904K bss, 572452K reserved, 0K cma-reserved)
[    1.544644][    T0] SLUB: HWalign=64, Order=0-3, MinObjects=0, CPUs=2, Nodes=2
[    1.547033][    T0] Running RCU self tests
[    1.547458][    T0] rcu: Preemptible hierarchical RCU implementation.
[    1.548079][    T0] rcu: 	RCU lockdep checking is enabled.
[    1.548581][    T0] rcu: 	RCU restricting CPUs from NR_CPUS=8 to nr_cpu_ids=2.
[    1.549282][    T0] rcu: 	RCU callback double-/use-after-free debug enabled.
[    1.549912][    T0] rcu: 	RCU debug extended QS entry/exit.
[    1.550424][    T0] 	All grace periods are expedited (rcu_expedited).
[    1.551010][    T0] 	Tasks RCU enabled.
[    1.551367][    T0] rcu: RCU calculated value of scheduler-enlistment delay is 10 jiffies.
[    1.552155][    T0] rcu: Adjusting geometry for rcu_fanout_leaf=16, nr_cpu_ids=2
[    1.557897][    T0] NR_IRQS: 4352, nr_irqs: 440, preallocated irqs: 16
[    1.559161][    T0] random: get_random_bytes called from start_kernel+0x53a/0x876 with crng_init=0
[    1.564584][    T0] Console: colour VGA+ 80x25
[    1.565032][    T0] printk: console [ttyS0] enabled
[    1.565032][    T0] printk: console [ttyS0] enabled
[    1.565948][    T0] printk: bootconsole [earlyser0] disabled
[    1.565948][    T0] printk: bootconsole [earlyser0] disabled
[    1.566975][    T0] Lock dependency validator: Copyright (c) 2006 Red Hat, Inc., Ingo Molnar
[    1.567803][    T0] ... MAX_LOCKDEP_SUBCLASSES:  8
[    1.568277][    T0] ... MAX_LOCK_DEPTH:          48
[    1.568748][    T0] ... MAX_LOCKDEP_KEYS:        8192
[    1.569256][    T0] ... CLASSHASH_SIZE:          4096
[    1.569757][    T0] ... MAX_LOCKDEP_ENTRIES:     32768
[    1.570267][    T0] ... MAX_LOCKDEP_CHAINS:      65536
[    1.570931][    T0] ... CHAINHASH_SIZE:          32768
[    1.571522][    T0]  memory used by lock dependency info: 6237 kB
[    1.572090][    T0]  memory used for stack traces: 4224 kB
[    1.572596][    T0]  per task-struct memory footprint: 1920 bytes
[    1.573257][    T0] mempolicy: Enabling automatic NUMA balancing. Configure with numa_balancing= or the kernel.numa_balancing sysctl
[    1.574377][    T0] ACPI: Core revision 20191018
[    1.575282][    T0] clocksource: hpet: mask: 0xffffffff max_cycles: 0xffffffff, max_idle_ns: 19112604467 ns
[    1.576377][    T0] APIC: Switch to symmetric I/O mode setup
[    1.577195][    T0] x2apic enabled
[    1.577716][    T0] Switched APIC routing to physical x2apic.
[    1.578248][    T0] KVM setup pv IPIs
[    1.579700][    T0] ..TIMER: vector=0x30 apic1=0 pin1=2 apic2=-1 pin2=-1
[    1.580332][    T0] clocksource: tsc-early: mask: 0xffffffffffffffff max_cycles: 0x2b3e43c8763, max_idle_ns: 440795360101 ns
[    1.581275][    T0] Calibrating delay loop (skipped) preset value.. 5999.99 BogoMIPS (lpj=29999980)
[    1.582023][    T0] pid_max: default: 32768 minimum: 301
[    1.582647][    T0] LSM: Security Framework initializing
[    1.583134][    T0] Yama: becoming mindful.
[    1.583598][    T0] TOMOYO Linux initialized
[    1.584220][    T0] AppArmor: AppArmor initialized
[    1.585449][    T0] Dentry cache hash table entries: 262144 (order: 9, 2097152 bytes, vmalloc)
[    1.591519][    T0] Inode-cache hash table entries: 131072 (order: 8, 1048576 bytes, vmalloc)
[    1.592302][    T0] Mount-cache hash table entries: 4096 (order: 3, 32768 bytes, vmalloc)
[    1.593017][    T0] Mountpoint-cache hash table entries: 4096 (order: 3, 32768 bytes, vmalloc)
[    1.593835][    T0] *** VALIDATE tmpfs ***
[    1.595438][    T0] *** VALIDATE proc ***
[    1.596325][    T0] *** VALIDATE cgroup1 ***
[    1.596694][    T0] *** VALIDATE cgroup2 ***
[    1.597259][    T0] x86/cpu: User Mode Instruction Prevention (UMIP) activated
[    1.597954][    T0] Last level iTLB entries: 4KB 0, 2MB 0, 4MB 0
[    1.598460][    T0] Last level dTLB entries: 4KB 0, 2MB 0, 4MB 0, 1GB 0
[    1.599027][    T0] Spectre V1 : Mitigation: usercopy/swapgs barriers and __user pointer sanitization
[    1.599809][    T0] Spectre V2 : Mitigation: Enhanced IBRS
[    1.600240][    T0] Spectre V2 : Spectre v2 / SpectreRSB mitigation: Filling RSB on context switch
[    1.600950][    T0] Spectre V2 : mitigation: Enabling conditional Indirect Branch Prediction Barrier
[    1.601314][    T0] Speculative Store Bypass: Mitigation: Speculative Store Bypass disabled via prctl
[    1.602046][    T0] TAA: Mitigation: Clear CPU buffers
[    1.603352][    T0] Freeing SMP alternatives memory: 100K
[    1.604489][    T1] smpboot: CPU0: Intel(R) Core(TM) i9-10980XE CPU @ 3.00GHz (family: 0x6, model: 0x55, stepping: 0x7)
[    1.671324][    T1] Performance Events: Skylake events, full-width counters, Intel PMU driver.
[    1.672064][    T1] ... version:                2
[    1.672433][    T1] ... bit width:              48
[    1.672810][    T1] ... generic registers:      4
[    1.673179][    T1] ... value mask:             0000ffffffffffff
[    1.673646][    T1] ... max period:             00007fffffffffff
[    1.674114][    T1] ... fixed-purpose events:   3
[    1.674489][    T1] ... event mask:             000000070000000f
[    1.691294][    T1] rcu: Hierarchical SRCU implementation.
[    1.741290][    T1] smp: Bringing up secondary CPUs ...
[    1.821455][    T1] x86: Booting SMP configuration:
[    1.821876][    T1] .... node  #1, CPUs:      #1
[    0.022281][    T0] kvm-clock: cpu 1, msr e9c9041, secondary cpu clock
[    1.823278][   T15] KVM setup async PF for cpu 1
[    1.823278][   T15] kvm-stealtime: cpu 1, msr 7ec21a80
[    1.823278][    T1] smp: Brought up 2 nodes, 2 CPUs
[    1.823278][    T1] smpboot: Max logical packages: 1
[    1.823278][    T1] smpboot: Total of 2 processors activated (11999.99 BogoMIPS)
[    1.825789][    T1] allocated 12582912 bytes of page_ext
[    1.826354][    T1] Node 0, zone      DMA: page owner found early allocated 0 pages
[    1.833440][    T1] Node 0, zone    DMA32: page owner found early allocated 2731 pages
[    1.834502][    T1] Node 1, zone    DMA32: page owner found early allocated 2596 pages
[    1.835903][    T1] devtmpfs: initialized
[    1.835903][    T1] x86/mm: Memory block size: 128MB
[    1.855140][    T1] clocksource: jiffies: mask: 0xffffffff max_cycles: 0xffffffff, max_idle_ns: 19112604462750000 ns
[    1.856058][    T1] futex hash table entries: 512 (order: 4, 65536 bytes, vmalloc)
[    1.857103][    T1] xor: automatically using best checksumming function   avx       
[    1.858395][   T24] kworker/u5:0 (24) used greatest stack depth: 27440 bytes left
[    1.862183][    T1] PM: RTC time: 04:42:26, date: 2023-12-03
[    1.862668][    T1] thermal_sys: Registered thermal governor 'step_wise'
[    1.862670][    T1] thermal_sys: Registered thermal governor 'user_space'
[    1.864524][    T1] NET: Registered protocol family 16
[    1.869138][    T1] audit: initializing netlink subsys (disabled)
[    1.870092][   T28] kworker/u5:1 (28) used greatest stack depth: 27016 bytes left
[    1.871726][   T34] audit: type=2000 audit(1701578547.061:1): state=initialized audit_enabled=0 res=1
[    1.875177][    T1] cpuidle: using governor menu
[    1.878701][    T1] KVM setup pv remote TLB flush
[    1.879142][    T1] ACPI: bus type PCI registered
[    1.883559][    T1] dca service started, version 1.12.1
[    1.884295][    T1] PCI: Using configuration type 1 for base access
[    1.920994][  T175] kworker/u5:0 (175) used greatest stack depth: 26976 bytes left
[    2.231526][    T1] HugeTLB registered 1.00 GiB page size, pre-allocated 0 pages
[    2.232144][    T1] HugeTLB registered 2.00 MiB page size, pre-allocated 0 pages
[    2.252904][    T1] cryptd: max_cpu_qlen set to 1000
[    2.273375][    T1] raid6: using algorithm avx512x4 gen() 0 MB/s
[    2.273375][    T1] raid6: .... xor() 0 MB/s, rmw enabled
[    2.273375][    T1] raid6: using avx512x2 recovery algorithm
[    2.282415][    T1] ACPI: Added _OSI(Module Device)
[    2.282863][    T1] ACPI: Added _OSI(Processor Device)
[    2.283305][    T1] ACPI: Added _OSI(3.0 _SCP Extensions)
[    2.283771][    T1] ACPI: Added _OSI(Processor Aggregator Device)
[    2.284289][    T1] ACPI: Added _OSI(Linux-Dell-Video)
[    2.284701][    T1] ACPI: Added _OSI(Linux-Lenovo-NV-HDMI-Audio)
[    2.285176][    T1] ACPI: Added _OSI(Linux-HPI-Hybrid-Graphics)
[    2.308245][    T1] ACPI: 1 ACPI AML tables successfully acquired and loaded
[    2.350961][    T1] ACPI: Interpreter enabled
[    2.351456][    T1] ACPI: (supports S0 S3 S4 S5)
[    2.351852][    T1] ACPI: Using IOAPIC for interrupt routing
[    2.352550][    T1] PCI: Using host bridge windows from ACPI; if necessary, use "pci=nocrs" and report a bug
[    2.354988][    T1] ACPI: Enabled 2 GPEs in block 00 to 0F
[    2.418795][    T1] ACPI: PCI Root Bridge [PCI0] (domain 0000 [bus 00-ff])
[    2.419397][    T1] acpi PNP0A03:00: _OSC: OS supports [ASPM ClockPM Segments MSI HPX-Type3]
[    2.420337][    T1] acpi PNP0A03:00: fail to add MMCONFIG information, can't access extended PCI configuration space under this bridge.
[    2.422167][    T1] PCI host bridge to bus 0000:00
[    2.422584][    T1] pci_bus 0000:00: Unknown NUMA node; performance will be reduced
[    2.423187][    T1] pci_bus 0000:00: root bus resource [io  0x0000-0x0cf7 window]
[    2.423789][    T1] pci_bus 0000:00: root bus resource [io  0x0d00-0xffff window]
[    2.424379][    T1] pci_bus 0000:00: root bus resource [mem 0x000a0000-0x000bffff window]
[    2.425019][    T1] pci_bus 0000:00: root bus resource [mem 0x80000000-0xfebfffff window]
[    2.425662][    T1] pci_bus 0000:00: root bus resource [mem 0x100000000-0x17fffffff window]
[    2.426319][    T1] pci_bus 0000:00: root bus resource [bus 00-ff]
[    2.427041][    T1] pci 0000:00:00.0: [8086:1237] type 00 class 0x060000
[    2.432607][    T1] pci 0000:00:01.0: [8086:7000] type 00 class 0x060100
[    2.435986][    T1] pci 0000:00:01.1: [8086:7010] type 00 class 0x010180
[    2.438126][    T1] pci 0000:00:01.1: reg 0x20: [io  0xc040-0xc04f]
[    2.439268][    T1] pci 0000:00:01.1: legacy IDE quirk: reg 0x10: [io  0x01f0-0x01f7]
[    2.439941][    T1] pci 0000:00:01.1: legacy IDE quirk: reg 0x14: [io  0x03f6]
[    2.440562][    T1] pci 0000:00:01.1: legacy IDE quirk: reg 0x18: [io  0x0170-0x0177]
[    2.441726][    T1] pci 0000:00:01.1: legacy IDE quirk: reg 0x1c: [io  0x0376]
[    2.444016][    T1] pci 0000:00:01.3: [8086:7113] type 00 class 0x068000
[    2.444892][    T1] pci 0000:00:01.3: quirk: [io  0x0600-0x063f] claimed by PIIX4 ACPI
[    2.445518][    T1] pci 0000:00:01.3: quirk: [io  0x0700-0x070f] claimed by PIIX4 SMB
[    2.448152][    T1] pci 0000:00:02.0: [1234:1111] type 00 class 0x030000
[    2.450032][    T1] pci 0000:00:02.0: reg 0x10: [mem 0xfd000000-0xfdffffff pref]
[    2.452472][    T1] pci 0000:00:02.0: reg 0x18: [mem 0xfebf0000-0xfebf0fff]
[    2.455705][    T1] pci 0000:00:02.0: reg 0x30: [mem 0xfebe0000-0xfebeffff pref]
[    2.460449][    T1] pci 0000:00:03.0: [8086:100e] type 00 class 0x020000
[    2.461606][    T1] pci 0000:00:03.0: reg 0x10: [mem 0xfebc0000-0xfebdffff]
[    2.462804][    T1] pci 0000:00:03.0: reg 0x14: [io  0xc000-0xc03f]
[    2.465927][    T1] pci 0000:00:03.0: reg 0x30: [mem 0xfeb80000-0xfebbffff pref]
[    2.476217][    T1] ACPI: PCI Interrupt Link [LNKA] (IRQs 5 *10 11)
[    2.478003][    T1] ACPI: PCI Interrupt Link [LNKB] (IRQs 5 *10 11)
[    2.480323][    T1] ACPI: PCI Interrupt Link [LNKC] (IRQs 5 10 *11)
[    2.482384][    T1] ACPI: PCI Interrupt Link [LNKD] (IRQs 5 10 *11)
[    2.483541][    T1] ACPI: PCI Interrupt Link [LNKS] (IRQs *9)
[    2.488695][    T1] iommu: Default domain type: Translated 
[    2.489681][    T1] pci 0000:00:02.0: vgaarb: setting as boot VGA device
[    2.490224][    T1] pci 0000:00:02.0: vgaarb: VGA device added: decodes=io+mem,owns=io+mem,locks=none
[    2.490939][    T1] pci 0000:00:02.0: vgaarb: bridge control possible
[    2.492452][    T1] vgaarb: loaded
[    2.496192][    T1] SCSI subsystem initialized
[    2.499049][    T1] ACPI: bus type USB registered
[    2.499846][    T1] usbcore: registered new interface driver usbfs
[    2.500562][    T1] usbcore: registered new interface driver hub
[    2.501446][    T1] usbcore: registered new device driver usb
[    2.503489][    T1] mc: Linux media interface: v0.10
[    2.504049][    T1] videodev: Linux video capture interface: v2.00
[    2.505326][    T1] pps_core: LinuxPPS API ver. 1 registered
[    2.505776][    T1] pps_core: Software ver. 5.3.6 - Copyright 2005-2007 Rodolfo Giometti <giometti@linux.it>
[    2.506674][    T1] PTP clock support registered
[    2.509482][    T1] EDAC MC: Ver: 3.0.0
[    2.512338][    T1] Advanced Linux Sound Architecture Driver Initialized.
[    2.513300][    T1] PCI: Using ACPI for IRQ routing
[    2.518097][    T1] Bluetooth: Core ver 2.22
[    2.518664][    T1] NET: Registered protocol family 31
[    2.519069][    T1] Bluetooth: HCI device and connection manager initialized
[    2.519647][    T1] Bluetooth: HCI socket layer initialized
[    2.520088][    T1] Bluetooth: L2CAP socket layer initialized
[    2.520568][    T1] Bluetooth: SCO socket layer initialized
[    2.521042][    T1] NET: Registered protocol family 8
[    2.521650][    T1] NET: Registered protocol family 20
[    2.522416][    T1] NetLabel: Initializing
[    2.522778][    T1] NetLabel:  domain hash size = 128
[    2.523213][    T1] NetLabel:  protocols = UNLABELED CIPSOv4 CALIPSO
[    2.523925][    T1] NetLabel:  unlabeled traffic allowed by default
[    2.525180][    T1] nfc: nfc_init: NFC Core ver 0.1
[    2.525788][    T1] NET: Registered protocol family 39
[    2.529380][    T1] hpet0: at MMIO 0xfed00000, IRQs 2, 8, 0
[    2.529829][    T1] hpet0: 3 comparators, 64-bit 100.000000 MHz counter
[    2.534803][    T1] clocksource: Switched to clocksource kvm-clock
[    3.950634][    T1] *** VALIDATE bpf ***
[    3.951840][    T1] VFS: Disk quotas dquot_6.6.0
[    3.952292][    T1] VFS: Dquot-cache hash table entries: 512 (order 0, 4096 bytes)
[    3.953270][    T1] FS-Cache: Loaded
[    3.953605][    T1] *** VALIDATE ramfs ***
[    3.953978][    T1] *** VALIDATE hugetlbfs ***
[    3.955102][    T1] CacheFiles: Loaded
[    3.955643][    T1] TOMOYO: 2.6.0
[    3.955915][    T1] Mandatory Access Control activated.
[    3.957291][    T1] AppArmor: AppArmor Filesystem Enabled
[    3.957997][    T1] pnp: PnP ACPI init
[    3.964155][    T1] pnp: PnP ACPI: found 6 devices
[    4.004161][    T1] clocksource: acpi_pm: mask: 0xffffff max_cycles: 0xffffff, max_idle_ns: 2085701024 ns
[    4.005310][    T1] pci_bus 0000:00: resource 4 [io  0x0000-0x0cf7 window]
[    4.005917][    T1] pci_bus 0000:00: resource 5 [io  0x0d00-0xffff window]
[    4.006497][    T1] pci_bus 0000:00: resource 6 [mem 0x000a0000-0x000bffff window]
[    4.007091][    T1] pci_bus 0000:00: resource 7 [mem 0x80000000-0xfebfffff window]
[    4.007684][    T1] pci_bus 0000:00: resource 8 [mem 0x100000000-0x17fffffff window]
[    4.008959][    T1] NET: Registered protocol family 2
[    4.011443][    T1] tcp_listen_portaddr_hash hash table entries: 1024 (order: 4, 73728 bytes, vmalloc)
[    4.012475][    T1] TCP established hash table entries: 16384 (order: 5, 131072 bytes, vmalloc)
[    4.014232][    T1] TCP bind hash table entries: 16384 (order: 8, 1048576 bytes, vmalloc)
[    4.015303][    T1] TCP: Hash tables configured (established 16384 bind 16384)
[    4.016198][    T1] UDP hash table entries: 1024 (order: 5, 163840 bytes, vmalloc)
[    4.017021][    T1] UDP-Lite hash table entries: 1024 (order: 5, 163840 bytes, vmalloc)
[    4.018034][    T1] NET: Registered protocol family 1
[    4.019345][    T1] RPC: Registered named UNIX socket transport module.
[    4.019890][    T1] RPC: Registered udp transport module.
[    4.020313][    T1] RPC: Registered tcp transport module.
[    4.020738][    T1] RPC: Registered tcp NFSv4.1 backchannel transport module.
[    4.022216][    T1] NET: Registered protocol family 44
[    4.022667][    T1] pci 0000:00:01.0: PIIX3: Enabling Passive Release
[    4.023182][    T1] pci 0000:00:00.0: Limiting direct PCI/PCI transfers
[    4.023713][    T1] pci 0000:00:01.0: Activating ISA DMA hang workarounds
[    4.024305][    T1] pci 0000:00:02.0: Video device with shadowed ROM at [mem 0x000c0000-0x000dffff]
[    4.025030][    T1] PCI: CLS 0 bytes, default 64
[    4.030688][    T1] RAPL PMU: API unit is 2^-32 Joules, 0 fixed counters, 10737418240 ms ovfl timer
[    4.033507][    T1] kvm: no hardware support
[    4.033853][    T1] has_svm: not amd or hygon
[    4.034202][    T1] kvm: no hardware support
[    4.034551][    T1] clocksource: tsc: mask: 0xffffffffffffffff max_cycles: 0x2b3e43c8763, max_idle_ns: 440795360101 ns
[    4.083391][    T1] Initialise system trusted keyrings
[    4.084347][    T1] workingset: timestamp_bits=40 max_order=19 bucket_order=0
[    4.173418][    T1] DLM installed
[    4.179403][    T1] squashfs: version 4.0 (2009/01/31) Phillip Lougher
[    4.189942][    T1] FS-Cache: Netfs 'nfs' registered for caching
[    4.194332][    T1] NFS: Registering the id_resolver key type
[    4.194874][    T1] Key type id_resolver registered
[    4.195276][    T1] Key type id_legacy registered
[    4.195714][    T1] nfs4filelayout_init: NFSv4 File Layout Driver Registering...
[    4.196382][    T1] Installing knfsd (copyright (C) 1996 okir@monad.swb.de).
[    4.204211][    T1] FS-Cache: Netfs 'cifs' registered for caching
[    4.206889][    T1] Key type cifs.spnego registered
[    4.207367][    T1] Key type cifs.idmap registered
[    4.208252][    T1] ntfs: driver 2.1.32 [Flags: R/W].
[    4.210830][    T1] efs: 1.0a - http://aeschi.ch.eu.org/efs/
[    4.211789][    T1] jffs2: version 2.2. (NAND) (SUMMARY)  Â© 2001-2006 Red Hat, Inc.
[    4.216113][    T1] *** VALIDATE jffs2 ***
[    4.218496][    T1] romfs: ROMFS MTD (C) 2007 Red Hat, Inc.
[    4.219455][    T1] QNX4 filesystem 0.2.3 registered.
[    4.220144][    T1] qnx6: QNX6 filesystem 1.0.0 registered.
[    4.221173][    T1] fuse: init (API version 7.31)
[    4.222290][    T1] *** VALIDATE fuse ***
[    4.222661][    T1] *** VALIDATE fuse ***
[    4.225073][    T1] orangefs_debugfs_init: called with debug mask: :none: :0:
[    4.225916][    T1] orangefs_init: module version upstream loaded
[    4.229003][    T1] JFS: nTxBlock = 8192, nTxLock = 65536
[    4.237782][    T1] SGI XFS with ACLs, security attributes, realtime, quota, no debug enabled
[    4.245794][    T1] *** VALIDATE xfs ***
[    4.246140][    T1] 9p: Installing v9fs 9p2000 file system support
[    4.246923][    T1] FS-Cache: Netfs '9p' registered for caching
[    4.248874][    T1] NILFS version 2 loaded
[    4.249205][    T1] befs: version: 0.9.3
[    4.252772][    T1] ocfs2: Registered cluster interface o2cb
[    4.253570][    T1] ocfs2: Registered cluster interface user
[    4.254587][    T1] OCFS2 User DLM kernel interface loaded
[    4.262094][    T1] *** VALIDATE gfs2 ***
[    4.262974][    T1] gfs2: GFS2 installed
[    4.274117][    T1] FS-Cache: Netfs 'ceph' registered for caching
[    4.274621][    T1] ceph: loaded (mds proto 32)
[    4.280008][    T1] NET: Registered protocol family 38
[    4.280828][    T1] async_tx: api initialized (async)
[    4.281238][    T1] Key type asymmetric registered
[    4.281677][    T1] Asymmetric key parser 'x509' registered
[    4.282133][    T1] Asymmetric key parser 'pkcs8' registered
[    4.282582][    T1] Key type pkcs7_test registered
[    4.283289][    T1] Block layer SCSI generic (bsg) driver version 0.4 loaded (major 241)
[    4.284232][    T1] io scheduler mq-deadline registered
[    4.284656][    T1] io scheduler kyber registered
[    4.285437][    T1] io scheduler bfq registered
[    4.288199][    T1] vga16fb: mapped to 0x00000000c1d04f34
[    4.757124][    T1] Console: switching to colour frame buffer device 80x30
[    5.016177][    T1] fb0: VGA16 VGA frame buffer device
[    5.017610][    T1] input: Power Button as /devices/LNXSYSTM:00/LNXPWRBN:00/input/input0
[    5.021966][    T1] ACPI: Power Button [PWRF]
[    5.026348][    T1] ioatdma: Intel(R) QuickData Technology Driver 5.00
[    5.209749][    T1] HDLC line discipline maxframe=4096
[    5.210199][    T1] N_HDLC line discipline registered.
[    5.210630][    T1] Serial: 8250/16550 driver, 4 ports, IRQ sharing enabled
[    5.238515][    T1] 00:04: ttyS0 at I/O 0x3f8 (irq = 4, base_baud = 115200) is a 16550A
[    5.244725][    T1] Initializing Nozomi driver 2.1d
[    5.247420][    T1] Non-volatile memory driver v1.3
[    5.248238][    T1] Linux agpgart interface v0.103
[    5.262280][    T1] [drm] Initialized vgem 1.0.0 20120112 for vgem on minor 0
[    5.263152][    T1] [drm] Supports vblank timestamp caching Rev 2 (21.10.2013).
[    5.263727][    T1] [drm] Driver supports precise vblank timestamp query.
[    5.267659][    T1] [drm] Initialized vkms 1.0.0 20180514 for vkms on minor 1
[    5.268406][    T1] usbcore: registered new interface driver udl
[    5.269071][    T1] fb0: switching to bochsdrmfb from VGA16 VGA
[    5.420319][    T1] Console: switching to colour VGA+ 80x25
[    5.423482][    T1] bochs-drm 0000:00:02.0: vgaarb: deactivate vga console
[    5.429651][    T1] Console: switching to colour dummy device 80x25
[    5.432665][    T1] [drm] Found bochs VGA, ID 0xb0c5.
[    5.433080][    T1] [drm] Framebuffer size 16384 kB @ 0xfd000000, mmio @ 0xfebf0000.
[    5.434438][    T1] [TTM] Zone  kernel: Available graphics memory: 762140 KiB
[    5.435342][    T1] [TTM] Initializing pool allocator
[    5.435926][    T1] [TTM] Initializing DMA pool allocator
[    5.437769][    T1] [drm] Found EDID data blob.
[    5.439534][    T1] [drm] Initialized bochs-drm 1.0.0 20130925 for 0000:00:02.0 on minor 2
[    5.446787][    T1] fbcon: bochs-drmdrmfb (fb0) is primary device
[    5.447550][    T1] kasan: CONFIG_KASAN_INLINE enabled
[    5.447567][    T1] kasan: GPF could be caused by NULL-ptr deref or user memory access
[    5.447579][    T1] general protection fault: 0000 [#1] PREEMPT SMP KASAN
[    5.447585][    T1] CPU: 1 PID: 1 Comm: swapper/0 Not tainted 5.5.0-rc2-cc80e3625695-01608-gcc80e3625695 #1
[    5.447588][    T1] Hardware name: QEMU Standard PC (i440FX + PIIX, 1996), BIOS rel-1.16.0-0-gd239552ce722-prebuilt.qemu.org 04/01/2014
[    5.447601][    T1] RIP: 0010:drm_atomic_bridge_chain_check+0xb5/0x960
[    5.447609][    T1] Code: 00 48 8b 44 24 08 48 8b 00 48 89 44 24 28 48 8b 04 24 48 8d b8 c8 00 00 00 48 b8 00 00 00 00 00 fc ff df 48 89 fa 48 c1 ea 03 <80> 3c 02 00 0f 85 0f 08 00 00 48 8b 04 24 48 8b 80 c8 00 00 00 48
[    5.447611][    T1] RSP: 0000:ffffc9000032f078 EFLAGS: 00010202
[    5.447615][    T1] RAX: dffffc0000000000 RBX: dffffc0000000000 RCX: ffffffff84205228
[    5.447617][    T1] RDX: 0000000000000019 RSI: ffffffff8427ad8b RDI: 00000000000000c8
[    5.447620][    T1] RBP: 0000000000000000 R08: ffff88802caf8000 R09: ffffed100540aa9d
[    5.447623][    T1] R10: ffffed100540aa9c R11: ffff88802a0554e7 R12: ffff88807c18a910
[    5.447625][    T1] R13: ffff88802b5e8500 R14: ffff88802b5e8500 R15: ffff88802a055400
[    5.447629][    T1] FS:  0000000000000000(0000) GS:ffff88807ec00000(0000) knlGS:0000000000000000
[    5.447633][    T1] CS:  0010 DS: 0000 ES: 0000 CR0: 0000000080050033
[    5.447635][    T1] CR2: 0000000000000000 CR3: 000000000ae6d000 CR4: 0000000000340ee0
[    5.447638][    T1] DR0: 0000000000000000 DR1: 0000000000000000 DR2: 0000000000000000
[    5.447640][    T1] DR3: 0000000000000000 DR6: 00000000fffe0ff0 DR7: 0000000000000400
[    5.447641][    T1] Call Trace:
[    5.447650][    T1]  ? drm_atomic_add_affected_connectors+0xc3/0x3c0
[    5.447655][    T1]  ? select_bus_fmt_recursive+0x560/0x560
[    5.447661][    T1]  ? memcpy+0x34/0x50
[    5.447668][    T1]  drm_atomic_helper_check_modeset+0x2197/0x3360
[    5.447675][    T1]  ? drm_atomic_helper_wait_for_vblanks+0x70/0x70
[    5.447679][    T1]  drm_atomic_helper_check+0x1e/0x1b0
[    5.447684][    T1]  ? drm_atomic_helper_wait_for_vblanks+0x70/0x70
[    5.447688][    T1]  drm_atomic_check_only+0x18da/0x2840
[    5.447694][    T1]  ? drm_atomic_plane_print_state+0x660/0x660
[    5.447699][    T1]  ? drm_atomic_add_affected_planes+0x380/0x380
[    5.447703][    T1]  ? memcpy+0x34/0x50
[    5.447708][    T1]  ? __sanitizer_cov_trace_switch+0x4f/0x90
[    5.447713][    T1]  drm_atomic_commit+0x39/0x110
[    5.447720][    T1]  drm_client_modeset_commit_atomic+0x55a/0x790
[    5.447725][    T1]  ? drm_connector_enabled+0x110/0x110
[    5.447732][    T1]  ? mutex_lock_io_nested+0x1300/0x1300
[    5.447740][    T1]  drm_client_modeset_commit_force+0x13e/0x580
[    5.447745][    T1]  drm_fb_helper_restore_fbdev_mode_unlocked+0xf0/0x1d0
[    5.447749][    T1]  drm_fb_helper_set_par+0xc7/0x160
[    5.447755][    T1]  fbcon_init+0xe00/0x1ce0
[    5.447760][    T1]  ? drm_fb_helper_restore_fbdev_mode_unlocked+0x1d0/0x1d0
[    5.447766][    T1]  visual_init+0x364/0x6e0
[    5.447772][    T1]  do_bind_con_driver+0x67d/0xb00
[    5.447778][    T1]  do_take_over_console+0x46a/0x650
[    5.447784][    T1]  do_fbcon_takeover+0x147/0x2f0
[    5.447788][    T1]  ? con_is_bound+0xf0/0x1c0
[    5.447792][    T1]  fbcon_fb_registered+0x576/0x6b0
[    5.447797][    T1]  register_framebuffer+0x68a/0xb30
[    5.447802][    T1]  ? fb_compat_ioctl+0xca0/0xca0
[    5.447806][    T1]  ? __mutex_unlock_slowpath+0xd2/0x650
[    5.447811][    T1]  ? drm_fb_helper_generic_probe+0x1fd/0x660
[    5.447816][    T1]  __drm_fb_helper_initial_config_and_unlock+0xc65/0x15c0
[    5.447822][    T1]  ? drm_fb_helper_debug_leave+0x6e0/0x6e0
[    5.447828][    T1]  ? lockdep_init_map+0x1ad/0x5e0
[    5.447832][    T1]  ? lockdep_init_map+0x1ad/0x5e0
[    5.447837][    T1]  drm_fb_helper_initial_config+0x63/0x80
[    5.447841][    T1]  drm_fbdev_client_hotplug+0x254/0x460
[    5.447846][    T1]  drm_fbdev_generic_setup+0x163/0x2c0
[    5.447852][    T1]  bochs_pci_probe+0x2ed/0x360
[    5.447856][    T1]  ? bochs_pci_remove+0x60/0x60
[    5.447861][    T1]  local_pci_probe+0xd6/0x190
[    5.447866][    T1]  pci_device_probe+0x3c3/0x6c0
[    5.447870][    T1]  ? pci_device_remove+0x2f0/0x2f0
[    5.447876][    T1]  ? sysfs_create_link+0x64/0xb0
[    5.447880][    T1]  ? pci_device_remove+0x2f0/0x2f0
[    5.447885][    T1]  really_probe+0x2ae/0xc80
[    5.447890][    T1]  ? device_driver_attach+0x140/0x140
[    5.447893][    T1]  driver_probe_device+0x2dd/0x3d0
[    5.447898][    T1]  device_driver_attach+0x107/0x140
[    5.447902][    T1]  __driver_attach+0x152/0x2f0
[    5.447907][    T1]  bus_for_each_dev+0x148/0x1d0
[    5.447911][    T1]  ? subsys_dev_iter_init+0xd0/0xd0
[    5.447916][    T1]  bus_add_driver+0x3b9/0x6f0
[    5.447921][    T1]  driver_register+0x1bb/0x410
[    5.447925][    T1]  ? __pci_register_driver+0x12f/0x1f0
[    5.447932][    T1]  ? udl_driver_init+0x1a/0x1a
[    5.447936][    T1]  bochs_init+0x6e/0x79
[    5.447942][    T1]  do_one_initcall+0x10c/0x770
[    5.447946][    T1]  ? perf_trace_initcall_level+0x4f0/0x4f0
[    5.447952][    T1]  ? rcu_read_lock_sched_held+0xaa/0xd0
[    5.447957][    T1]  ? rcu_read_lock_bh_held+0xc0/0xc0
[    5.447964][    T1]  kernel_init_freeable+0x572/0x612
[    5.447971][    T1]  ? rest_init+0x454/0x454
[    5.447975][    T1]  kernel_init+0xc/0x1cc
[    5.447979][    T1]  ? rest_init+0x454/0x454
[    5.447983][    T1]  ret_from_fork+0x24/0x30
[    5.447987][    T1] Modules linked in:
[    5.447997][    T1] ---[ end trace 0872b02ccd520e30 ]---
[    5.448001][    T1] RIP: 0010:drm_atomic_bridge_chain_check+0xb5/0x960
[    5.448005][    T1] Code: 00 48 8b 44 24 08 48 8b 00 48 89 44 24 28 48 8b 04 24 48 8d b8 c8 00 00 00 48 b8 00 00 00 00 00 fc ff df 48 89 fa 48 c1 ea 03 <80> 3c 02 00 0f 85 0f 08 00 00 48 8b 04 24 48 8b 80 c8 00 00 00 48
[    5.448008][    T1] RSP: 0000:ffffc9000032f078 EFLAGS: 00010202
[    5.448011][    T1] RAX: dffffc0000000000 RBX: dffffc0000000000 RCX: ffffffff84205228
[    5.448013][    T1] RDX: 0000000000000019 RSI: ffffffff8427ad8b RDI: 00000000000000c8
[    5.448016][    T1] RBP: 0000000000000000 R08: ffff88802caf8000 R09: ffffed100540aa9d
[    5.448018][    T1] R10: ffffed100540aa9c R11: ffff88802a0554e7 R12: ffff88807c18a910
[    5.448021][    T1] R13: ffff88802b5e8500 R14: ffff88802b5e8500 R15: ffff88802a055400
[    5.448024][    T1] FS:  0000000000000000(0000) GS:ffff88807ec00000(0000) knlGS:0000000000000000
[    5.448027][    T1] CS:  0010 DS: 0000 ES: 0000 CR0: 0000000080050033
[    5.448029][    T1] CR2: 0000000000000000 CR3: 000000000ae6d000 CR4: 0000000000340ee0
[    5.448032][    T1] DR0: 0000000000000000 DR1: 0000000000000000 DR2: 0000000000000000
[    5.448034][    T1] DR3: 0000000000000000 DR6: 00000000fffe0ff0 DR7: 0000000000000400
[    5.448037][    T1] Kernel panic - not syncing: Fatal exception
[    5.448333][    T1] Kernel Offset: disabled
[    5.451278][    T1] Rebooting in 86400 seconds..
