c[?7l[2J[0mSeaBIOS (version rel-1.16.0-0-gd239552ce722-prebuilt.qemu.org)


iPXE (http://ipxe.org) 00:03.0 CA00 PCI2.10 PnP PMM+7FF91000+7FEF1000 CA00
Press Ctrl-B to configure iPXE (PCI 00:03.0)...                                                                               


Booting from ROM..c[?7l[2Jearly console in extract_kernel
input_data: 0x000000000bf442c8
input_len: 0x00000000044bd4e0
output: 0x0000000001000000
output_len: 0x000000000e019b28
kernel_total_size: 0x000000000f426000
needed_size: 0x000000000f600000
trampoline_32bit: 0x000000000009d000

Decompressing Linux... Parsing ELF... done.
Booting the kernel.
[    0.000000][    T0] Linux version 5.6.0-rc1-cd982e6c44a7-00016-gcd982e6c44a7 (root@xpf.sh.intel.com) (gcc version 8.5.0 20210514 (Red Hat 8.5.0-20) (GCC)) #1 SMP PREEMPT Sat Dec 2 14:30:44 CST 2023
[    0.000000][    T0] Command line: console=ttyS0 root=/dev/sda1 earlyprintk=serial net.ifnames=0 thunderbolt.dyndbg plymouth.enable=0
[    0.000000][    T0] KERNEL supported cpus:
[    0.000000][    T0]   Intel GenuineIntel
[    0.000000][    T0]   AMD AuthenticAMD
[    0.000000][    T0] x86/fpu: Supporting XSAVE feature 0x001: 'x87 floating point registers'
[    0.000000][    T0] x86/fpu: Supporting XSAVE feature 0x002: 'SSE registers'
[    0.000000][    T0] x86/fpu: Supporting XSAVE feature 0x004: 'AVX registers'
[    0.000000][    T0] x86/fpu: Supporting XSAVE feature 0x008: 'MPX bounds registers'
[    0.000000][    T0] x86/fpu: Supporting XSAVE feature 0x010: 'MPX CSR'
[    0.000000][    T0] x86/fpu: Supporting XSAVE feature 0x020: 'AVX-512 opmask'
[    0.000000][    T0] x86/fpu: Supporting XSAVE feature 0x040: 'AVX-512 Hi256'
[    0.000000][    T0] x86/fpu: Supporting XSAVE feature 0x080: 'AVX-512 ZMM_Hi256'
[    0.000000][    T0] x86/fpu: xstate_offset[2]:  576, xstate_sizes[2]:  256
[    0.000000][    T0] x86/fpu: xstate_offset[3]:  832, xstate_sizes[3]:   64
[    0.000000][    T0] x86/fpu: xstate_offset[4]:  896, xstate_sizes[4]:   64
[    0.000000][    T0] x86/fpu: xstate_offset[5]:  960, xstate_sizes[5]:   64
[    0.000000][    T0] x86/fpu: xstate_offset[6]: 1024, xstate_sizes[6]:  512
[    0.000000][    T0] x86/fpu: xstate_offset[7]: 1536, xstate_sizes[7]: 1024
[    0.000000][    T0] x86/fpu: Enabled xstate features 0xff, context size is 2560 bytes, using 'compacted' format.
[    0.000000][    T0] BIOS-provided physical RAM map:
[    0.000000][    T0] BIOS-e820: [mem 0x0000000000000000-0x000000000009fbff] usable
[    0.000000][    T0] BIOS-e820: [mem 0x000000000009fc00-0x000000000009ffff] reserved
[    0.000000][    T0] BIOS-e820: [mem 0x00000000000f0000-0x00000000000fffff] reserved
[    0.000000][    T0] BIOS-e820: [mem 0x0000000000100000-0x000000007ffdffff] usable
[    0.000000][    T0] BIOS-e820: [mem 0x000000007ffe0000-0x000000007fffffff] reserved
[    0.000000][    T0] BIOS-e820: [mem 0x00000000feffc000-0x00000000feffffff] reserved
[    0.000000][    T0] BIOS-e820: [mem 0x00000000fffc0000-0x00000000ffffffff] reserved
[    0.000000][    T0] printk: bootconsole [earlyser0] enabled
[    0.000000][    T0] ERROR: earlyprintk= earlyser already used
[    0.000000][    T0] ERROR: earlyprintk= earlyser already used
[    0.000000][    T0] ERROR: earlyprintk= earlyser already used
[    0.000000][    T0] Malformed early option 'vsyscall'
[    0.000000][    T0] nopcid: PCID feature disabled
[    0.000000][    T0] NX (Execute Disable) protection: active
[    0.000000][    T0] SMBIOS 2.8 present.
[    0.000000][    T0] DMI: QEMU Standard PC (i440FX + PIIX, 1996), BIOS rel-1.16.0-0-gd239552ce722-prebuilt.qemu.org 04/01/2014
[    0.000000][    T0] Hypervisor detected: KVM
[    0.000000][    T0] kvm-clock: Using msrs 4b564d01 and 4b564d00
[    0.000002][    T0] kvm-clock: cpu 0, msr ec40001, primary cpu clock
[    0.000002][    T0] kvm-clock: using sched offset of 848934495 cycles
[    0.000599][    T0] clocksource: kvm-clock: mask: 0xffffffffffffffff max_cycles: 0x1cd42e4dffb, max_idle_ns: 881590591483 ns
[    0.002195][    T0] tsc: Detected 2999.998 MHz processor
[    0.007725][    T0] last_pfn = 0x7ffe0 max_arch_pfn = 0x400000000
[    0.008312][    T0] x86/PAT: Configuration [0-7]: WB  WC  UC- UC  WB  WP  UC- WT  
[    0.016199][    T0] found SMP MP-table at [mem 0x000f5ba0-0x000f5baf]
[    0.016774][    T0] Using GB pages for direct mapping
[    0.017811][    T0] ACPI: Early table checksum verification disabled
[    0.018353][    T0] ACPI: RSDP 0x00000000000F59C0 000014 (v00 BOCHS )
[    0.019019][    T0] ACPI: RSDT 0x000000007FFE1951 000034 (v01 BOCHS  BXPC     00000001 BXPC 00000001)
[    0.020081][    T0] ACPI: FACP 0x000000007FFE17FD 000074 (v01 BOCHS  BXPC     00000001 BXPC 00000001)
[    0.020958][    T0] ACPI: DSDT 0x000000007FFE0040 0017BD (v01 BOCHS  BXPC     00000001 BXPC 00000001)
[    0.021819][    T0] ACPI: FACS 0x000000007FFE0000 000040
[    0.022328][    T0] ACPI: APIC 0x000000007FFE1871 000080 (v01 BOCHS  BXPC     00000001 BXPC 00000001)
[    0.023198][    T0] ACPI: HPET 0x000000007FFE18F1 000038 (v01 BOCHS  BXPC     00000001 BXPC 00000001)
[    0.024048][    T0] ACPI: WAET 0x000000007FFE1929 000028 (v01 BOCHS  BXPC     00000001 BXPC 00000001)
[    0.025739][    T0] No NUMA configuration found
[    0.026153][    T0] Faking a node at [mem 0x0000000000000000-0x000000007ffdffff]
[    0.026833][    T0] Faking node 0 at [mem 0x0000000000000000-0x000000003fffffff] (1024MB)
[    0.027541][    T0] Faking node 1 at [mem 0x0000000040000000-0x000000007ffdffff] (1023MB)
[    0.028517][    T0] NODE_DATA(0) allocated [mem 0x3fffb000-0x3fffffff]
[    0.029192][    T0] NODE_DATA(1) allocated [mem 0x7ffda000-0x7ffdefff]
[    0.033159][    T0] Zone ranges:
[    0.033477][    T0]   DMA      [mem 0x0000000000001000-0x0000000000ffffff]
[    0.034052][    T0]   DMA32    [mem 0x0000000001000000-0x000000007ffdffff]
[    0.034618][    T0]   Normal   empty
[    0.034920][    T0]   Device   empty
[    0.035216][    T0] Movable zone start for each node
[    0.035626][    T0] Early memory node ranges
[    0.035980][    T0]   node   0: [mem 0x0000000000001000-0x000000000009efff]
[    0.036556][    T0]   node   0: [mem 0x0000000000100000-0x000000003fffffff]
[    0.037135][    T0]   node   1: [mem 0x0000000040000000-0x000000007ffdffff]
[    0.037718][    T0] Zeroed struct page in unavailable ranges: 130 pages
[    0.037722][    T0] Initmem setup node 0 [mem 0x0000000000001000-0x000000003fffffff]
[    0.049261][    T0] Initmem setup node 1 [mem 0x0000000040000000-0x000000007ffdffff]
[    0.093056][    T0] kasan: KernelAddressSanitizer initialized
[    0.093870][    T0] ACPI: PM-Timer IO Port: 0x608
[    0.094331][    T0] ACPI: LAPIC_NMI (acpi_id[0xff] dfl dfl lint[0x1])
[    0.094978][    T0] IOAPIC[0]: apic_id 0, version 17, address 0xfec00000, GSI 0-23
[    0.095631][    T0] ACPI: INT_SRC_OVR (bus 0 bus_irq 0 global_irq 2 dfl dfl)
[    0.096215][    T0] ACPI: INT_SRC_OVR (bus 0 bus_irq 5 global_irq 5 high level)
[    0.096823][    T0] ACPI: INT_SRC_OVR (bus 0 bus_irq 9 global_irq 9 high level)
[    0.097433][    T0] ACPI: INT_SRC_OVR (bus 0 bus_irq 10 global_irq 10 high level)
[    0.098053][    T0] ACPI: INT_SRC_OVR (bus 0 bus_irq 11 global_irq 11 high level)
[    0.098745][    T0] Using ACPI (MADT) for SMP configuration information
[    0.099356][    T0] ACPI: HPET id: 0x8086a201 base: 0xfed00000
[    0.099898][    T0] smpboot: Allowing 2 CPUs, 0 hotplug CPUs
[    0.100440][    T0] KVM setup pv sched yield
[    0.100867][    T0] PM: hibernation: Registered nosave memory: [mem 0x00000000-0x00000fff]
[    0.101624][    T0] PM: hibernation: Registered nosave memory: [mem 0x0009f000-0x0009ffff]
[    0.102377][    T0] PM: hibernation: Registered nosave memory: [mem 0x000a0000-0x000effff]
[    0.103165][    T0] PM: hibernation: Registered nosave memory: [mem 0x000f0000-0x000fffff]
[    0.103917][    T0] [mem 0x80000000-0xfeffbfff] available for PCI devices
[    0.104536][    T0] Booting paravirtualized kernel on KVM
[    0.105052][    T0] clocksource: refined-jiffies: mask: 0xffffffff max_cycles: 0xffffffff, max_idle_ns: 19112604462750000 ns
[    0.149007][    T0] setup_percpu: NR_CPUS:8 nr_cpumask_bits:8 nr_cpu_ids:2 nr_node_ids:2
[    0.150282][    T0] percpu: Embedded 65 pages/cpu s227592 r8192 d30456 u2097152
[    0.151018][    T0] KVM setup async PF for cpu 0
[    0.151412][    T0] kvm-stealtime: cpu 0, msr 2ce21a80
[    0.151855][    T0] PV qspinlock hash table entries: 256 (order: 0, 4096 bytes, linear)
[    0.152545][    T0] Built 2 zonelists, mobility grouping on.  Total pages: 515945
[    0.153174][    T0] Policy zone: DMA32
[    0.153503][    T0] Kernel command line: earlyprintk=serial net.ifnames=0 sysctl.kernel.hung_task_all_cpu_backtrace=1 ima_policy=tcb nf-conntrack-ftp.ports=20000 nf-conntrack-tftp.ports=20000 nf-conntrack-sip.ports=20000 nf-conntrack-irc.ports=20000 nf-conntrack-sane.ports=20000 binder.debug_mask=0 rcupdate.rcu_expedited=1 rcupdate.rcu_cpu_stall_cputime=1 no_hash_pointers page_owner=on sysctl.vm.nr_hugepages=4 sysctl.vm.nr_overcommit_hugepages=4 secretmem.enable=1 sysctl.max_rcu_stall_to_panic=1 msr.allow_writes=off coredump_filter=0xffff root=/dev/sda console=ttyS0 vsyscall=native numa=fake=2 kvm-intel.nested=1 spec_store_bypass_disable=prctl nopcid vivid.n_devs=16 vivid.multiplanar=1,2,1,2,1,2,1,2,1,2,1,2,1,2,1,2 netrom.nr_ndevs=16 rose.rose_ndevs=16 smp.csd_lock_timeout=100000 watchdog_thresh=55 workqueue.watchdog_thresh=140 sysctl.net.core.netdev_unregister_timeout_secs=140 dummy_hcd.num=8 panic_on_warn=1 console=ttyS0 root=/dev/sda1 earlyprintk=serial net.ifnames=0 thunderb
[    0.156801][    T0] mem auto-init: stack:off, heap alloc:on, heap free:off
[    0.274053][    T0] Memory: 1519572K/2096632K available (133130K kernel code, 40616K rwdata, 27164K rodata, 2588K init, 24476K bss, 577060K reserved, 0K cma-reserved)
[    0.275894][    T0] SLUB: HWalign=64, Order=0-3, MinObjects=0, CPUs=2, Nodes=2
[    0.278042][    T0] Running RCU self tests
[    0.278400][    T0] rcu: Preemptible hierarchical RCU implementation.
[    0.278923][    T0] rcu: 	RCU lockdep checking is enabled.
[    0.279363][    T0] rcu: 	RCU restricting CPUs from NR_CPUS=8 to nr_cpu_ids=2.
[    0.279940][    T0] rcu: 	RCU callback double-/use-after-free debug enabled.
[    0.280504][    T0] rcu: 	RCU debug extended QS entry/exit.
[    0.280950][    T0] 	All grace periods are expedited (rcu_expedited).
[    0.281462][    T0] 	Tasks RCU enabled.
[    0.281773][    T0] rcu: RCU calculated value of scheduler-enlistment delay is 10 jiffies.
[    0.282435][    T0] rcu: Adjusting geometry for rcu_fanout_leaf=16, nr_cpu_ids=2
[    0.287198][    T0] NR_IRQS: 4352, nr_irqs: 440, preallocated irqs: 16
[    0.288436][    T0] random: get_random_bytes called from start_kernel+0x521/0x85a with crng_init=0
[    0.293272][    T0] Console: colour VGA+ 80x25
[    0.294401][    T0] printk: console [ttyS0] enabled
[    0.294401][    T0] printk: console [ttyS0] enabled
[    0.295243][    T0] printk: bootconsole [earlyser0] disabled
[    0.295243][    T0] printk: bootconsole [earlyser0] disabled
[    0.296162][    T0] Lock dependency validator: Copyright (c) 2006 Red Hat, Inc., Ingo Molnar
[    0.296851][    T0] ... MAX_LOCKDEP_SUBCLASSES:  8
[    0.297248][    T0] ... MAX_LOCK_DEPTH:          48
[    0.297650][    T0] ... MAX_LOCKDEP_KEYS:        8192
[    0.298066][    T0] ... CLASSHASH_SIZE:          4096
[    0.298486][    T0] ... MAX_LOCKDEP_ENTRIES:     32768
[    0.298915][    T0] ... MAX_LOCKDEP_CHAINS:      65536
[    0.299337][    T0] ... CHAINHASH_SIZE:          32768
[    0.299762][    T0]  memory used by lock dependency info: 6237 kB
[    0.300261][    T0]  memory used for stack traces: 4224 kB
[    0.300709][    T0]  per task-struct memory footprint: 1920 bytes
[    0.301294][    T0] mempolicy: Enabling automatic NUMA balancing. Configure with numa_balancing= or the kernel.numa_balancing sysctl
[    0.302282][    T0] ACPI: Core revision 20200110
[    0.303362][    T0] clocksource: hpet: mask: 0xffffffff max_cycles: 0xffffffff, max_idle_ns: 19112604467 ns
[    0.304773][    T0] APIC: Switch to symmetric I/O mode setup
[    0.305612][    T0] x2apic enabled
[    0.306216][    T0] Switched APIC routing to physical x2apic.
[    0.306872][    T0] KVM setup pv IPIs
[    0.308387][    T0] ..TIMER: vector=0x30 apic1=0 pin1=2 apic2=-1 pin2=-1
[    0.309177][    T0] clocksource: tsc-early: mask: 0xffffffffffffffff max_cycles: 0x2b3e43c8763, max_idle_ns: 440795360101 ns
[    0.310463][    T0] Calibrating delay loop (skipped) preset value.. 5999.99 BogoMIPS (lpj=29999980)
[    0.311488][    T0] pid_max: default: 32768 minimum: 301
[    0.312285][    T0] LSM: Security Framework initializing
[    0.312885][    T0] Yama: becoming mindful.
[    0.313393][    T0] TOMOYO Linux initialized
[    0.314038][    T0] AppArmor: AppArmor initialized
[    0.321131][    T0] Dentry cache hash table entries: 262144 (order: 9, 2097152 bytes, vmalloc)
[    0.322371][    T0] Inode-cache hash table entries: 131072 (order: 8, 1048576 bytes, vmalloc)
[    0.323318][    T0] Mount-cache hash table entries: 4096 (order: 3, 32768 bytes, vmalloc)
[    0.324184][    T0] Mountpoint-cache hash table entries: 4096 (order: 3, 32768 bytes, vmalloc)
[    0.325163][    T0] *** VALIDATE tmpfs ***
[    0.326628][    T0] *** VALIDATE proc ***
[    0.327600][    T0] *** VALIDATE cgroup ***
[    0.328086][    T0] *** VALIDATE cgroup2 ***
[    0.328795][    T0] x86/cpu: User Mode Instruction Prevention (UMIP) activated
[    0.329695][    T0] Last level iTLB entries: 4KB 0, 2MB 0, 4MB 0
[    0.330317][    T0] Last level dTLB entries: 4KB 0, 2MB 0, 4MB 0, 1GB 0
[    0.330501][    T0] Spectre V1 : Mitigation: usercopy/swapgs barriers and __user pointer sanitization
[    0.331480][    T0] Spectre V2 : Mitigation: Enhanced IBRS
[    0.332021][    T0] Spectre V2 : Spectre v2 / SpectreRSB mitigation: Filling RSB on context switch
[    0.332914][    T0] Spectre V2 : mitigation: Enabling conditional Indirect Branch Prediction Barrier
[    0.333837][    T0] Speculative Store Bypass: Mitigation: Speculative Store Bypass disabled via prctl
[    0.334754][    T0] TAA: Mitigation: Clear CPU buffers
[    0.336178][    T0] Freeing SMP alternatives memory: 100K
[    0.337414][    T1] smpboot: CPU0: Intel(R) Core(TM) i9-10980XE CPU @ 3.00GHz (family: 0x6, model: 0x55, stepping: 0x7)
[    0.400507][    T1] Performance Events: Skylake events, full-width counters, Intel PMU driver.
[    0.401426][    T1] ... version:                2
[    0.401900][    T1] ... bit width:              48
[    0.402373][    T1] ... generic registers:      4
[    0.402845][    T1] ... value mask:             0000ffffffffffff
[    0.403439][    T1] ... max period:             00007fffffffffff
[    0.404030][    T1] ... fixed-purpose events:   3
[    0.404498][    T1] ... event mask:             000000070000000f
[    0.420483][    T1] rcu: Hierarchical SRCU implementation.
[    0.470478][    T1] smp: Bringing up secondary CPUs ...
[    0.550627][    T1] x86: Booting SMP configuration:
[    0.551161][    T1] .... node  #1, CPUs:      #1
[    0.022166][    T0] kvm-clock: cpu 1, msr ec40041, secondary cpu clock
[    0.552673][   T15] KVM setup async PF for cpu 1
[    0.552673][   T15] kvm-stealtime: cpu 1, msr 7ec21a80
[    0.552673][    T1] smp: Brought up 2 nodes, 2 CPUs
[    0.552673][    T1] smpboot: Max logical packages: 1
[    0.552673][    T1] smpboot: Total of 2 processors activated (11999.99 BogoMIPS)
[    0.555509][    T1] allocated 12582912 bytes of page_ext
[    0.556259][    T1] Node 0, zone      DMA: page owner found early allocated 0 pages
[    0.563548][    T1] Node 0, zone    DMA32: page owner found early allocated 2720 pages
[    0.564728][    T1] Node 1, zone    DMA32: page owner found early allocated 2608 pages
[    0.565868][    T1] devtmpfs: initialized
[    0.565868][    T1] x86/mm: Memory block size: 128MB
[    0.583848][    T1] clocksource: jiffies: mask: 0xffffffff max_cycles: 0xffffffff, max_idle_ns: 19112604462750000 ns
[    0.584735][    T1] futex hash table entries: 512 (order: 4, 65536 bytes, vmalloc)
[    0.585768][    T1] xor: automatically using best checksumming function   avx       
[    0.586998][   T24] kworker/u5:0 (24) used greatest stack depth: 27480 bytes left
[    0.590757][    T1] PM: RTC time: 04:04:34, date: 2023-12-03
[    0.591241][    T1] thermal_sys: Registered thermal governor 'step_wise'
[    0.591243][    T1] thermal_sys: Registered thermal governor 'user_space'
[    0.593139][    T1] NET: Registered protocol family 16
[    0.597077][    T1] audit: initializing netlink subsys (disabled)
[    0.598320][   T34] kworker/u5:0 (34) used greatest stack depth: 27064 bytes left
[    0.599652][   T31] audit: type=2000 audit(1701576274.940:1): state=initialized audit_enabled=0 res=1
[    0.602943][    T1] cpuidle: using governor menu
[    0.605772][    T1] KVM setup pv remote TLB flush
[    0.606180][    T1] ACPI: bus type PCI registered
[    0.609502][    T1] dca service started, version 1.12.1
[    0.610162][    T1] PCI: Using configuration type 1 for base access
[    0.644654][   T65] kworker/u5:2 (65) used greatest stack depth: 26872 bytes left
[    0.978563][    T1] HugeTLB registered 1.00 GiB page size, pre-allocated 0 pages
[    0.979163][    T1] HugeTLB registered 2.00 MiB page size, pre-allocated 0 pages
[    0.991673][    T1] cryptd: max_cpu_qlen set to 1000
[    1.022637][    T1] raid6: skip pq benchmark and using algorithm avx512x4
[    1.022637][    T1] raid6: using avx512x2 recovery algorithm
[    1.022637][    T1] ACPI: Added _OSI(Module Device)
[    1.022637][    T1] ACPI: Added _OSI(Processor Device)
[    1.022922][    T1] ACPI: Added _OSI(3.0 _SCP Extensions)
[    1.023335][    T1] ACPI: Added _OSI(Processor Aggregator Device)
[    1.023806][    T1] ACPI: Added _OSI(Linux-Dell-Video)
[    1.024209][    T1] ACPI: Added _OSI(Linux-Lenovo-NV-HDMI-Audio)
[    1.024669][    T1] ACPI: Added _OSI(Linux-HPI-Hybrid-Graphics)
[    1.054189][    T1] ACPI: 1 ACPI AML tables successfully acquired and loaded
[    1.093580][    T1] ACPI: Interpreter enabled
[    1.094082][    T1] ACPI: (supports S0 S3 S4 S5)
[    1.094458][    T1] ACPI: Using IOAPIC for interrupt routing
[    1.095171][    T1] PCI: Using host bridge windows from ACPI; if necessary, use "pci=nocrs" and report a bug
[    1.097889][    T1] ACPI: Enabled 2 GPEs in block 00 to 0F
[    1.154708][    T1] ACPI: PCI Root Bridge [PCI0] (domain 0000 [bus 00-ff])
[    1.155464][    T1] acpi PNP0A03:00: _OSC: OS supports [ASPM ClockPM Segments MSI HPX-Type3]
[    1.156552][    T1] acpi PNP0A03:00: fail to add MMCONFIG information, can't access extended PCI configuration space under this bridge.
[    1.160473][    T1] PCI host bridge to bus 0000:00
[    1.160473][    T1] pci_bus 0000:00: Unknown NUMA node; performance will be reduced
[    1.161882][    T1] pci_bus 0000:00: root bus resource [io  0x0000-0x0cf7 window]
[    1.162706][    T1] pci_bus 0000:00: root bus resource [io  0x0d00-0xffff window]
[    1.163526][    T1] pci_bus 0000:00: root bus resource [mem 0x000a0000-0x000bffff window]
[    1.164423][    T1] pci_bus 0000:00: root bus resource [mem 0x80000000-0xfebfffff window]
[    1.165315][    T1] pci_bus 0000:00: root bus resource [mem 0x100000000-0x17fffffff window]
[    1.166231][    T1] pci_bus 0000:00: root bus resource [bus 00-ff]
[    1.167099][    T1] pci 0000:00:00.0: [8086:1237] type 00 class 0x060000
[    1.171618][    T1] pci 0000:00:01.0: [8086:7000] type 00 class 0x060100
[    1.174553][    T1] pci 0000:00:01.1: [8086:7010] type 00 class 0x010180
[    1.176667][    T1] pci 0000:00:01.1: reg 0x20: [io  0xc040-0xc04f]
[    1.177848][    T1] pci 0000:00:01.1: legacy IDE quirk: reg 0x10: [io  0x01f0-0x01f7]
[    1.180479][    T1] pci 0000:00:01.1: legacy IDE quirk: reg 0x14: [io  0x03f6]
[    1.180479][    T1] pci 0000:00:01.1: legacy IDE quirk: reg 0x18: [io  0x0170-0x0177]
[    1.180479][    T1] pci 0000:00:01.1: legacy IDE quirk: reg 0x1c: [io  0x0376]
[    1.183005][    T1] pci 0000:00:01.3: [8086:7113] type 00 class 0x068000
[    1.184025][    T1] pci 0000:00:01.3: quirk: [io  0x0600-0x063f] claimed by PIIX4 ACPI
[    1.184821][    T1] pci 0000:00:01.3: quirk: [io  0x0700-0x070f] claimed by PIIX4 SMB
[    1.187378][    T1] pci 0000:00:02.0: [1234:1111] type 00 class 0x030000
[    1.190517][    T1] pci 0000:00:02.0: reg 0x10: [mem 0xfd000000-0xfdffffff pref]
[    1.191485][    T1] pci 0000:00:02.0: reg 0x18: [mem 0xfebf0000-0xfebf0fff]
[    1.194606][    T1] pci 0000:00:02.0: reg 0x30: [mem 0xfebe0000-0xfebeffff pref]
[    1.200490][    T1] pci 0000:00:03.0: [8086:100e] type 00 class 0x020000
[    1.200490][    T1] pci 0000:00:03.0: reg 0x10: [mem 0xfebc0000-0xfebdffff]
[    1.201083][    T1] pci 0000:00:03.0: reg 0x14: [io  0xc000-0xc03f]
[    1.204445][    T1] pci 0000:00:03.0: reg 0x30: [mem 0xfeb80000-0xfebbffff pref]
[    1.217145][    T1] ACPI: PCI Interrupt Link [LNKA] (IRQs 5 *10 11)
[    1.218848][    T1] ACPI: PCI Interrupt Link [LNKB] (IRQs 5 *10 11)
[    1.222443][    T1] ACPI: PCI Interrupt Link [LNKC] (IRQs 5 10 *11)
[    1.224628][    T1] ACPI: PCI Interrupt Link [LNKD] (IRQs 5 10 *11)
[    1.225766][    T1] ACPI: PCI Interrupt Link [LNKS] (IRQs *9)
[    1.230725][    T1] iommu: Default domain type: Translated 
[    1.231916][    T1] pci 0000:00:02.0: vgaarb: setting as boot VGA device
[    1.232572][    T1] pci 0000:00:02.0: vgaarb: VGA device added: decodes=io+mem,owns=io+mem,locks=none
[    1.233448][    T1] pci 0000:00:02.0: vgaarb: bridge control possible
[    1.234063][    T1] vgaarb: loaded
[    1.238810][    T1] SCSI subsystem initialized
[    1.240715][    T1] ACPI: bus type USB registered
[    1.241543][    T1] usbcore: registered new interface driver usbfs
[    1.242351][    T1] usbcore: registered new interface driver hub
[    1.243095][    T1] usbcore: registered new device driver usb
[    1.245182][    T1] mc: Linux media interface: v0.10
[    1.245859][    T1] videodev: Linux video capture interface: v2.00
[    1.247326][    T1] pps_core: LinuxPPS API ver. 1 registered
[    1.247854][    T1] pps_core: Software ver. 5.3.6 - Copyright 2005-2007 Rodolfo Giometti <giometti@linux.it>
[    1.248994][    T1] PTP clock support registered
[    1.255079][    T1] EDAC MC: Ver: 3.0.0
[    1.257401][    T1] Advanced Linux Sound Architecture Driver Initialized.
[    1.258431][    T1] PCI: Using ACPI for IRQ routing
[    1.260824][    T1] Bluetooth: Core ver 2.22
[    1.261425][    T1] NET: Registered protocol family 31
[    1.261911][    T1] Bluetooth: HCI device and connection manager initialized
[    1.262595][    T1] Bluetooth: HCI socket layer initialized
[    1.263093][    T1] Bluetooth: L2CAP socket layer initialized
[    1.263674][    T1] Bluetooth: SCO socket layer initialized
[    1.264233][    T1] NET: Registered protocol family 8
[    1.264725][    T1] NET: Registered protocol family 20
[    1.267370][    T1] NetLabel: Initializing
[    1.267764][    T1] NetLabel:  domain hash size = 128
[    1.268234][    T1] NetLabel:  protocols = UNLABELED CIPSOv4 CALIPSO
[    1.268971][    T1] NetLabel:  unlabeled traffic allowed by default
[    1.270229][    T1] nfc: nfc_init: NFC Core ver 0.1
[    1.271577][    T1] NET: Registered protocol family 39
[    1.274803][    T1] hpet0: at MMIO 0xfed00000, IRQs 2, 8, 0
[    1.275356][    T1] hpet0: 3 comparators, 64-bit 100.000000 MHz counter
[    1.279871][    T1] clocksource: Switched to clocksource kvm-clock
[    2.709148][    T1] *** VALIDATE bpf ***
[    2.710349][    T1] VFS: Disk quotas dquot_6.6.0
[    2.710877][    T1] VFS: Dquot-cache hash table entries: 512 (order 0, 4096 bytes)
[    2.712010][    T1] FS-Cache: Loaded
[    2.712309][    T1] *** VALIDATE ramfs ***
[    2.712717][    T1] *** VALIDATE hugetlbfs ***
[    2.713900][    T1] CacheFiles: Loaded
[    2.714470][    T1] TOMOYO: 2.6.0
[    2.714787][    T1] Mandatory Access Control activated.
[    2.716344][    T1] AppArmor: AppArmor Filesystem Enabled
[    2.717176][    T1] pnp: PnP ACPI init
[    2.723356][    T1] pnp: PnP ACPI: found 6 devices
[    2.760342][    T1] clocksource: acpi_pm: mask: 0xffffff max_cycles: 0xffffff, max_idle_ns: 2085701024 ns
[    2.762724][    T1] pci_bus 0000:00: resource 4 [io  0x0000-0x0cf7 window]
[    2.763274][    T1] pci_bus 0000:00: resource 5 [io  0x0d00-0xffff window]
[    2.763868][    T1] pci_bus 0000:00: resource 6 [mem 0x000a0000-0x000bffff window]
[    2.764523][    T1] pci_bus 0000:00: resource 7 [mem 0x80000000-0xfebfffff window]
[    2.765163][    T1] pci_bus 0000:00: resource 8 [mem 0x100000000-0x17fffffff window]
[    2.766407][    T1] NET: Registered protocol family 2
[    2.768710][    T1] tcp_listen_portaddr_hash hash table entries: 1024 (order: 4, 73728 bytes, vmalloc)
[    2.769768][    T1] TCP established hash table entries: 16384 (order: 5, 131072 bytes, vmalloc)
[    2.771513][    T1] TCP bind hash table entries: 16384 (order: 8, 1048576 bytes, vmalloc)
[    2.772727][    T1] TCP: Hash tables configured (established 16384 bind 16384)
[    2.773740][    T1] UDP hash table entries: 1024 (order: 5, 163840 bytes, vmalloc)
[    2.774616][    T1] UDP-Lite hash table entries: 1024 (order: 5, 163840 bytes, vmalloc)
[    2.775675][    T1] NET: Registered protocol family 1
[    2.776956][    T1] RPC: Registered named UNIX socket transport module.
[    2.777540][    T1] RPC: Registered udp transport module.
[    2.777993][    T1] RPC: Registered tcp transport module.
[    2.778409][    T1] RPC: Registered tcp NFSv4.1 backchannel transport module.
[    2.779829][    T1] NET: Registered protocol family 44
[    2.780306][    T1] pci 0000:00:01.0: PIIX3: Enabling Passive Release
[    2.780964][    T1] pci 0000:00:00.0: Limiting direct PCI/PCI transfers
[    2.781540][    T1] pci 0000:00:01.0: Activating ISA DMA hang workarounds
[    2.782191][    T1] pci 0000:00:02.0: Video device with shadowed ROM at [mem 0x000c0000-0x000dffff]
[    2.782977][    T1] PCI: CLS 0 bytes, default 64
[    2.788784][    T1] RAPL PMU: API unit is 2^-32 Joules, 0 fixed counters, 10737418240 ms ovfl timer
[    2.789505][    T1] kvm: no hardware support
[    2.789847][    T1] has_svm: not amd or hygon
[    2.790186][    T1] kvm: no hardware support
[    2.792748][    T1] clocksource: tsc: mask: 0xffffffffffffffff max_cycles: 0x2b3e43c8763, max_idle_ns: 440795360101 ns
[    2.864923][    T1] Initialise system trusted keyrings
[    2.867156][    T1] workingset: timestamp_bits=40 max_order=19 bucket_order=0
[    2.934384][    T1] DLM installed
[    2.943517][    T1] squashfs: version 4.0 (2009/01/31) Phillip Lougher
[    2.953911][    T1] FS-Cache: Netfs 'nfs' registered for caching
[    2.957607][    T1] *** VALIDATE nfs ***
[    2.957996][    T1] *** VALIDATE nfs4 ***
[    2.958419][    T1] NFS: Registering the id_resolver key type
[    2.958946][    T1] Key type id_resolver registered
[    2.959379][    T1] Key type id_legacy registered
[    2.959802][    T1] nfs4filelayout_init: NFSv4 File Layout Driver Registering...
[    2.961397][    T1] Installing knfsd (copyright (C) 1996 okir@monad.swb.de).
[    2.967826][    T1] FS-Cache: Netfs 'cifs' registered for caching
[    2.971633][    T1] Key type cifs.spnego registered
[    2.972080][    T1] Key type cifs.idmap registered
[    2.972698][    T1] ntfs: driver 2.1.32 [Flags: R/W].
[    2.974709][    T1] efs: 1.0a - http://aeschi.ch.eu.org/efs/
[    2.975502][    T1] jffs2: version 2.2. (NAND) (SUMMARY)  Â© 2001-2006 Red Hat, Inc.
[    2.982318][    T1] *** VALIDATE jffs2 ***
[    2.982890][    T1] romfs: ROMFS MTD (C) 2007 Red Hat, Inc.
[    2.983846][    T1] QNX4 filesystem 0.2.3 registered.
[    2.984556][    T1] qnx6: QNX6 filesystem 1.0.0 registered.
[    2.985942][    T1] fuse: init (API version 7.31)
[    2.986684][    T1] *** VALIDATE fuseblk ***
[    2.987071][    T1] *** VALIDATE fuse ***
[    2.990189][    T1] orangefs_debugfs_init: called with debug mask: :none: :0:
[    2.992991][    T1] orangefs_init: module version upstream loaded
[    2.994439][    T1] JFS: nTxBlock = 8192, nTxLock = 65536
[    3.006305][    T1] SGI XFS with ACLs, security attributes, realtime, quota, no debug enabled
[    3.014083][    T1] *** VALIDATE xfs ***
[    3.014474][    T1] 9p: Installing v9fs 9p2000 file system support
[    3.015328][    T1] FS-Cache: Netfs '9p' registered for caching
[    3.017034][    T1] NILFS version 2 loaded
[    3.017368][    T1] befs: version: 0.9.3
[    3.021054][    T1] ocfs2: Registered cluster interface o2cb
[    3.022092][    T1] ocfs2: Registered cluster interface user
[    3.023080][    T1] OCFS2 User DLM kernel interface loaded
[    3.030667][    T1] *** VALIDATE gfs2 ***
[    3.031947][    T1] gfs2: GFS2 installed
[    3.042256][    T1] FS-Cache: Netfs 'ceph' registered for caching
[    3.042769][    T1] ceph: loaded (mds proto 32)
[    3.048862][    T1] NET: Registered protocol family 38
[    3.049688][    T1] async_tx: api initialized (async)
[    3.050136][    T1] Key type asymmetric registered
[    3.050599][    T1] Asymmetric key parser 'x509' registered
[    3.051095][    T1] Asymmetric key parser 'pkcs8' registered
[    3.051575][    T1] Key type pkcs7_test registered
[    3.052210][    T1] Block layer SCSI generic (bsg) driver version 0.4 loaded (major 241)
[    3.053108][    T1] io scheduler mq-deadline registered
[    3.053521][    T1] io scheduler kyber registered
[    3.054887][    T1] io scheduler bfq registered
[    3.060238][    T1] vga16fb: mapped to 0x00000000b7915047
[    3.524316][    T1] Console: switching to colour frame buffer device 80x30
[    3.779844][    T1] fb0: VGA16 VGA frame buffer device
[    3.781271][    T1] input: Power Button as /devices/LNXSYSTM:00/LNXPWRBN:00/input/input0
[    3.791866][    T1] ACPI: Power Button [PWRF]
[    3.796671][    T1] ioatdma: Intel(R) QuickData Technology Driver 5.00
[    3.973820][    T1] HDLC line discipline maxframe=4096
[    3.974259][    T1] N_HDLC line discipline registered.
[    3.974697][    T1] Serial: 8250/16550 driver, 4 ports, IRQ sharing enabled
[    3.975566][    T1] 00:04: ttyS0 at I/O 0x3f8 (irq = 4, base_baud = 115200) is a 16550A
[    3.985742][    T1] Initializing Nozomi driver 2.1d
[    3.989008][    T1] Non-volatile memory driver v1.3
[    3.993174][    T1] Linux agpgart interface v0.103
[    4.004986][    T1] [drm] Initialized vgem 1.0.0 20120112 for vgem on minor 0
[    4.006135][    T1] [drm] Supports vblank timestamp caching Rev 2 (21.10.2013).
[    4.006970][    T1] [drm] Driver supports precise vblank timestamp query.
[    4.009261][    T1] [drm] Initialized vkms 1.0.0 20180514 for vkms on minor 1
[    4.010278][    T1] usbcore: registered new interface driver udl
[    4.012289][    T1] fb0: switching to bochsdrmfb from VGA16 VGA
[    4.162142][    T1] Console: switching to colour VGA+ 80x25
[    4.165327][    T1] bochs-drm 0000:00:02.0: vgaarb: deactivate vga console
[    4.171513][    T1] Console: switching to colour dummy device 80x25
[    4.174162][    T1] [drm] Found bochs VGA, ID 0xb0c5.
[    4.174564][    T1] [drm] Framebuffer size 16384 kB @ 0xfd000000, mmio @ 0xfebf0000.
[    4.175649][    T1] [TTM] Zone  kernel: Available graphics memory: 759836 KiB
[    4.176311][    T1] [TTM] Initializing pool allocator
[    4.176991][    T1] [TTM] Initializing DMA pool allocator
[    4.178850][    T1] [drm] Found EDID data blob.
[    4.180660][    T1] [drm] Initialized bochs-drm 1.0.0 20130925 for 0000:00:02.0 on minor 2
[    4.187714][    T1] fbcon: bochs-drmdrmfb (fb0) is primary device
[    4.208329][    T1] Console: switching to colour frame buffer device 160x50
[    4.223788][    T1] bochs-drm 0000:00:02.0: fb0: bochs-drmdrmfb frame buffer device
[    4.249560][    T1] brd: module loaded
[    4.289721][    T1] loop: module loaded
[    4.351758][    T1] zram: Added device: zram0
[    4.366713][    T1] null_blk: module loaded
[    4.367231][    T1] Guest personality initialized and is inactive
[    4.368258][    T1] VMCI host device registered (name=vmci, major=10, minor=56)
[    4.368898][    T1] Initialized host personality
[    4.369538][    T1] usbcore: registered new interface driver rtsx_usb
[    4.370715][    T1] usbcore: registered new interface driver viperboard
[    4.371605][    T1] usbcore: registered new interface driver dln2
[    4.372497][    T1] usbcore: registered new interface driver pn533_usb
[    4.374690][    T1] nfcsim 0.2 initialized
[    4.375223][    T1] usbcore: registered new interface driver port100
[    4.377992][    T1] usbcore: registered new interface driver nfcmrvl
[    4.381337][    T1] Loading iSCSI transport class v2.0-870.
[    4.386200][    T1] st: Version 20160209, fixed bufsize 32768, s/g segs 256
[    4.401258][    T1] scsi host0: ata_piix
[    4.403210][    T1] scsi host1: ata_piix
[    4.404003][    T1] ata1: PATA max MWDMA2 cmd 0x1f0 ctl 0x3f6 bmdma 0xc040 irq 14
[    4.404589][    T1] ata2: PATA max MWDMA2 cmd 0x170 ctl 0x376 bmdma 0xc048 irq 15
[    4.414525][    T1] Rounding down aligned max_sectors from 4294967295 to 4294967288
[    4.425568][    T1] db_root: cannot open: /etc/target
[    4.426277][    T1] slram: not enough parameters.
[    4.428502][    T1] ftl_cs: FTL header not found.
[    4.431886][    T1] Ethernet Channel Bonding Driver: v3.7.1 (April 27, 2011)
[    4.440903][    T1] wireguard: WireGuard 1.0.0 loaded. See www.wireguard.com for information.
[    4.441569][    T1] wireguard: Copyright (C) 2015-2019 Jason A. Donenfeld <Jason@zx2c4.com>. All Rights Reserved.
[    4.442457][    T1] eql: Equalizer2002: Simon Janes (simon@ncm.com) and David S. Miller (davem@redhat.com)
[    4.453513][    T1] MACsec IEEE 802.1AE
[    4.455217][    T1] libphy: Fixed MDIO Bus: probed
[    4.458260][    T1] tun: Universal TUN/TAP device driver, 1.6
[    4.459675][    T1] vcan: Virtual CAN interface driver
[    4.460089][    T1] vxcan: Virtual CAN Tunnel driver
[    4.464573][    T1] slcan: serial line CAN interface driver
[    4.465017][    T1] slcan: 10 dynamic interface channels.
[    4.465442][    T1] CAN device driver interface
[    4.465952][    T1] usbcore: registered new interface driver usb_8dev
[    4.466569][    T1] usbcore: registered new interface driver ems_usb
[    4.467222][    T1] usbcore: registered new interface driver gs_usb
[    4.467865][    T1] usbcore: registered new interface driver kvaser_usb
[    4.468529][    T1] usbcore: registered new interface driver mcba_usb
[    4.469196][    T1] usbcore: registered new interface driver peak_usb
[    4.470025][    T1] e100: Intel(R) PRO/100 Network Driver, 3.5.24-k2-NAPI
[    4.470710][    T1] e100: Copyright(c) 1999-2006 Intel Corporation
[    4.471485][    T1] e1000: Intel(R) PRO/1000 Network Driver - version 7.3.21-k8-NAPI
[    4.472134][    T1] e1000: Copyright (c) 1999-2006 Intel Corporation.
[    4.581535][ T3480] ata1.00: ATA-7: QEMU HARDDISK, 2.5+, max UDMA/100
[    4.582161][ T3480] ata1.00: 2097458 sectors, multi 16: LBA48 
[    4.582854][ T3495] ata2.00: ATAPI: QEMU DVD-ROM, 2.5+, max UDMA/100
[    4.584999][   T23] scsi 0:0:0:0: Direct-Access     ATA      QEMU HARDDISK    2.5+ PQ: 0 ANSI: 5
[    4.587780][   T32] sd 0:0:0:0: [sda] 2097458 512-byte logical blocks: (1.07 GB/1.00 GiB)
[    4.588514][   T32] sd 0:0:0:0: [sda] Write Protect is off
[    4.589068][   T32] sd 0:0:0:0: [sda] Write cache: enabled, read cache: enabled, doesn't support DPO or FUA
[    4.590762][   T23] sd 0:0:0:0: Attached scsi generic sg0 type 0
[    4.595291][   T32]  sda: sda1
[    4.598355][   T32] sd 0:0:0:0: [sda] Attached SCSI disk
[    4.602722][  T225] scsi 1:0:0:0: CD-ROM            QEMU     QEMU DVD-ROM     2.5+ PQ: 0 ANSI: 5
[    4.691299][  T225] sr 1:0:0:0: [sr0] scsi3-mmc drive: 4x/4x cd/rw xa/form2 tray
[    4.691914][  T225] cdrom: Uniform CD-ROM driver Revision: 3.20
[    4.696007][  T225] sr 1:0:0:0: Attached scsi generic sg1 type 5
[    5.577015][    T1] PCI Interrupt Link [LNKC] enabled at IRQ 11
[    5.942643][    T1] e1000 0000:00:03.0 eth0: (PCI:33MHz:32-bit) 52:54:00:12:34:56
[    5.943243][    T1] e1000 0000:00:03.0 eth0: Intel(R) PRO/1000 Network Connection
[    5.944219][    T1] e1000e: Intel(R) PRO/1000 Network Driver - 3.2.6-k
[    5.944732][    T1] e1000e: Copyright(c) 1999 - 2015 Intel Corporation.
[    5.945924][    T1] mkiss: AX.25 Multikiss, Hans Albas PE1AYX
[    5.946384][    T1] AX.25: 6pack driver, Revision: 0.3.0
[    5.946826][    T1] AX.25: bpqether driver version 004
[    5.947224][    T1] PPP generic driver version 2.4.2
[    5.948141][    T1] PPP BSD Compression module registered
[    5.948580][    T1] PPP Deflate Compression module registered
[    5.949055][    T1] PPP MPPE Compression module registered
[    5.949484][    T1] NET: Registered protocol family 24
[    5.950002][    T1] PPTP driver version 0.8.5
[    5.951731][    T1] SLIP: version 0.8.4-NET3.019-NEWTTY (dynamic channels, max=256) (6 bit encapsulation enabled).
[    5.952581][    T1] CSLIP: code copyright 1989 Regents of the University of California.
[    5.953257][    T1] SLIP linefill/keepalive option.
[    5.953756][    T1] hdlc: HDLC support module revision 1.22
[    5.954352][    T1] LAPB Ethernet driver version 0.02
[    5.955737][    T1] usbcore: registered new interface driver ath9k_htc
[    5.956514][    T1] usbcore: registered new interface driver carl9170
[    5.957269][    T1] usbcore: registered new interface driver ath6kl_usb
[    5.958051][    T1] usbcore: registered new interface driver ar5523
[    5.958982][    T1] usbcore: registered new interface driver ath10k_usb
[    5.959793][    T1] mac80211_hwsim: initializing netlink
[    5.971272][    T1] usbcore: registered new interface driver atusb
[    5.979177][    T1] mac802154_hwsim mac802154_hwsim: Added 2 mac802154 hwsim hardware radios
[    5.980153][    T1] VMware vmxnet3 virtual NIC driver - version 1.4.17.0-k-NAPI
[    5.981307][    T1] usbcore: registered new interface driver catc
[    5.981956][    T1] usbcore: registered new interface driver kaweth
[    5.982448][    T1] pegasus: v0.9.3 (2013/04/25), Pegasus/Pegasus II USB Ethernet driver
[    5.983344][    T1] usbcore: registered new interface driver pegasus
[    5.984128][    T1] usbcore: registered new interface driver rtl8150
[    5.986100][    T1] usbcore: registered new interface driver r8152
[    5.986582][    T1] hso: drivers/net/usb/hso.c: Option Wireless
[    5.987248][    T1] usbcore: registered new interface driver hso
[    5.987839][    T1] usbcore: registered new interface driver lan78xx
[    5.988501][    T1] usbcore: registered new interface driver asix
[    5.989177][    T1] usbcore: registered new interface driver ax88179_178a
[    5.989936][    T1] usbcore: registered new interface driver cdc_ether
[    5.990681][    T1] usbcore: registered new interface driver cdc_eem
[    5.991393][    T1] usbcore: registered new interface driver dm9601
[    5.992084][    T1] usbcore: registered new interface driver sr9700
[    5.992798][    T1] usbcore: registered new interface driver CoreChips
[    5.994007][    T1] usbcore: registered new interface driver smsc75xx
[    5.995923][    T1] usbcore: registered new interface driver smsc95xx
[    5.996635][    T1] usbcore: registered new interface driver gl620a
[    5.997303][    T1] usbcore: registered new interface driver net1080
[    5.998020][    T1] usbcore: registered new interface driver plusb
[    5.998667][    T1] usbcore: registered new interface driver rndis_host
[    5.999368][    T1] usbcore: registered new interface driver cdc_subset
[    6.000084][    T1] usbcore: registered new interface driver zaurus
[    6.001001][    T1] usbcore: registered new interface driver MOSCHIP usb-ethernet driver
[    6.001871][    T1] usbcore: registered new interface driver int51x1
[    6.002619][    T1] usbcore: registered new interface driver cdc_phonet
[    6.003995][    T1] usbcore: registered new interface driver kalmia
[    6.004929][    T1] usbcore: registered new interface driver ipheth
[    6.005732][    T1] usbcore: registered new interface driver sierra_net
[    6.007321][    T1] usbcore: registered new interface driver cx82310_eth
[    6.008075][    T1] usbcore: registered new interface driver cdc_ncm
[    6.008744][    T1] usbcore: registered new interface driver huawei_cdc_ncm
[    6.009496][    T1] usbcore: registered new interface driver lg-vl600
[    6.010246][    T1] usbcore: registered new interface driver qmi_wwan
[    6.011037][    T1] usbcore: registered new interface driver cdc_mbim
[    6.011740][    T1] usbcore: registered new interface driver ch9200
[    6.014837][    T1] VFIO - User Level meta-driver version: 0.3
[    6.018697][    T1] aoe: AoE v85 initialised.
[    6.022119][    T1] ehci_hcd: USB 2.0 'Enhanced' Host Controller (EHCI) Driver
[    6.022709][    T1] ehci-pci: EHCI PCI platform driver
[    6.023287][    T1] ehci-platform: EHCI generic platform driver
[    6.024295][    T1] ohci_hcd: USB 1.1 'Open' Host Controller (OHCI) Driver
[    6.024851][    T1] ohci-pci: OHCI PCI platform driver
[    6.028863][    T1] ohci-platform: OHCI generic platform driver
[    6.029586][    T1] uhci_hcd: USB Universal Host Controller Interface driver
[    6.032953][    T1] usbcore: registered new interface driver cdc_acm
[    6.033518][    T1] cdc_acm: USB Abstract Control Model driver for USB modems and ISDN adapters
[    6.034465][    T1] usbcore: registered new interface driver usblp
[    6.035178][    T1] usbcore: registered new interface driver cdc_wdm
[    6.035918][    T1] usbcore: registered new interface driver usbtmc
[    6.038586][    T1] usbcore: registered new interface driver uas
[    6.039283][    T1] usbcore: registered new interface driver usb-storage
[    6.039970][    T1] usbcore: registered new interface driver ums-alauda
[    6.040914][    T1] usbcore: registered new interface driver ums-cypress
[    6.041590][    T1] usbcore: registered new interface driver ums-datafab
[    6.042254][    T1] usbcore: registered new interface driver ums_eneub6250
[    6.042937][    T1] usbcore: registered new interface driver ums-freecom
[    6.043593][    T1] usbcore: registered new interface driver ums-isd200
[    6.044247][    T1] usbcore: registered new interface driver ums-jumpshot
[    6.044914][    T1] usbcore: registered new interface driver ums-karma
[    6.045564][    T1] usbcore: registered new interface driver ums-onetouch
[    6.046537][    T1] usbcore: registered new interface driver ums-realtek
[    6.047381][    T1] usbcore: registered new interface driver ums-sddr09
[    6.048090][    T1] usbcore: registered new interface driver ums-sddr55
[    6.049582][    T1] usbcore: registered new interface driver ums-usbat
[    6.050314][    T1] usbcore: registered new interface driver mdc800
[    6.050953][    T1] mdc800: v0.7.5 (30/10/2000):USB Driver for Mustek MDC800 Digital Camera
[    6.051805][    T1] usbcore: registered new interface driver microtekX6
[    6.052678][    T1] usbcore: registered new interface driver usbserial_generic
[    6.053592][    T1] usbserial: USB Serial support registered for generic
[    6.054302][    T1] usbcore: registered new interface driver aircable
[    6.054942][    T1] usbserial: USB Serial support registered for aircable
[    6.055613][    T1] usbcore: registered new interface driver ark3116
[    6.056250][    T1] usbserial: USB Serial support registered for ark3116
[    6.056938][    T1] usbcore: registered new interface driver belkin_sa
[    6.057582][    T1] usbserial: USB Serial support registered for Belkin / Peracom / GoHubs USB Serial Adapter
[    6.058792][    T1] usbcore: registered new interface driver ch341
[    6.060496][    T1] usbserial: USB Serial support registered for ch341-uart
[    6.061168][    T1] usbcore: registered new interface driver cp210x
[    6.061750][    T1] usbserial: USB Serial support registered for cp210x
[    6.062414][    T1] usbcore: registered new interface driver cyberjack
[    6.063216][    T1] usbserial: USB Serial support registered for Reiner SCT Cyberjack USB card reader
[    6.064396][    T1] usbcore: registered new interface driver cypress_m8
[    6.065124][    T1] usbserial: USB Serial support registered for DeLorme Earthmate USB
[    6.065967][    T1] usbserial: USB Serial support registered for HID->COM RS232 Adapter
[    6.066796][    T1] usbserial: USB Serial support registered for Nokia CA-42 V2 Adapter
[    6.067841][    T1] usbcore: registered new interface driver usb_debug
[    6.068807][    T1] usbserial: USB Serial support registered for debug
[    6.070710][    T1] usbserial: USB Serial support registered for xhci_dbc
[    6.071634][    T1] usbcore: registered new interface driver digi_acceleport
[    6.072298][    T1] usbserial: USB Serial support registered for Digi 2 port USB adapter
[    6.073065][    T1] usbserial: USB Serial support registered for Digi 4 port USB adapter
[    6.073838][    T1] usbcore: registered new interface driver io_edgeport
[    6.074495][    T1] usbserial: USB Serial support registered for Edgeport 2 port adapter
[    6.075250][    T1] usbserial: USB Serial support registered for Edgeport 4 port adapter
[    6.076003][    T1] usbserial: USB Serial support registered for Edgeport 8 port adapter
[    6.076763][    T1] usbserial: USB Serial support registered for EPiC device
[    6.077460][    T1] usbcore: registered new interface driver io_ti
[    6.078299][    T1] usbserial: USB Serial support registered for Edgeport TI 1 port adapter
[    6.080045][    T1] usbserial: USB Serial support registered for Edgeport TI 2 port adapter
[    6.080922][    T1] usbcore: registered new interface driver empeg
[    6.081500][    T1] usbserial: USB Serial support registered for empeg
[    6.082171][    T1] usbcore: registered new interface driver f81232
[    6.082791][    T1] usbserial: USB Serial support registered for f81232
[    6.083449][    T1] usbcore: registered new interface driver f81534
[    6.084076][    T1] usbserial: USB Serial support registered for Fintek F81532/F81534
[    6.084835][    T1] usbcore: registered new interface driver ftdi_sio
[    6.085474][    T1] usbserial: USB Serial support registered for FTDI USB Serial Device
[    6.086246][    T1] usbcore: registered new interface driver garmin_gps
[    6.086913][    T1] usbserial: USB Serial support registered for Garmin GPS usb/tty
[    6.087935][    T1] usbcore: registered new interface driver ipaq
[    6.089502][    T1] usbserial: USB Serial support registered for PocketPC PDA
[    6.090183][    T1] usbcore: registered new interface driver ipw
[    6.092103][    T1] usbserial: USB Serial support registered for IPWireless converter
[    6.092864][    T1] usbcore: registered new interface driver ir_usb
[    6.093480][    T1] usbserial: USB Serial support registered for IR Dongle
[    6.094153][    T1] usbcore: registered new interface driver iuu_phoenix
[    6.095185][    T1] usbserial: USB Serial support registered for iuu_phoenix
[    6.096027][    T1] usbcore: registered new interface driver keyspan
[    6.096734][    T1] usbserial: USB Serial support registered for Keyspan - (without firmware)
[    6.097629][    T1] usbserial: USB Serial support registered for Keyspan 1 port adapter
[    6.099656][    T1] usbserial: USB Serial support registered for Keyspan 2 port adapter
[    6.100774][    T1] usbserial: USB Serial support registered for Keyspan 4 port adapter
[    6.101607][    T1] usbcore: registered new interface driver keyspan_pda
[    6.102328][    T1] usbserial: USB Serial support registered for Keyspan PDA
[    6.103104][    T1] usbserial: USB Serial support registered for Keyspan PDA - (prerenumeration)
[    6.104029][    T1] usbcore: registered new interface driver kl5kusb105
[    6.104753][    T1] usbserial: USB Serial support registered for KL5KUSB105D / PalmConnect
[    6.105639][    T1] usbcore: registered new interface driver kobil_sct
[    6.106362][    T1] usbserial: USB Serial support registered for KOBIL USB smart card terminal
[    6.107273][    T1] usbcore: registered new interface driver mct_u232
[    6.109181][    T1] usbserial: USB Serial support registered for MCT U232
[    6.109921][    T1] usbcore: registered new interface driver metro_usb
[    6.111161][    T1] usbserial: USB Serial support registered for Metrologic USB to Serial
[    6.112052][    T1] usbcore: registered new interface driver mos7720
[    6.112746][    T1] usbserial: USB Serial support registered for Moschip 2 port adapter
[    6.113580][    T1] usbcore: registered new interface driver mos7840
[    6.114269][    T1] usbserial: USB Serial support registered for Moschip 7840/7820 USB Serial Driver
[    6.115213][    T1] usbcore: registered new interface driver mxuport
[    6.115904][    T1] usbserial: USB Serial support registered for MOXA UPort
[    6.116655][    T1] usbcore: registered new interface driver navman
[    6.117524][    T1] usbserial: USB Serial support registered for navman
[    6.119298][    T1] usbcore: registered new interface driver omninet
[    6.119961][    T1] usbserial: USB Serial support registered for ZyXEL - omni.net lcd plus usb
[    6.120912][    T1] usbcore: registered new interface driver opticon
[    6.121587][    T1] usbserial: USB Serial support registered for opticon
[    6.122337][    T1] usbcore: registered new interface driver option
[    6.123029][    T1] usbserial: USB Serial support registered for GSM modem (1-port)
[    6.123854][    T1] usbcore: registered new interface driver oti6858
[    6.124546][    T1] usbserial: USB Serial support registered for oti6858
[    6.125509][    T1] usbcore: registered new interface driver pl2303
[    6.126469][    T1] usbserial: USB Serial support registered for pl2303
[    6.127518][    T1] usbcore: registered new interface driver qcaux
[    6.129450][    T1] usbserial: USB Serial support registered for qcaux
[    6.130324][    T1] usbcore: registered new interface driver qcserial
[    6.131264][    T1] usbserial: USB Serial support registered for Qualcomm USB modem
[    6.132278][    T1] usbcore: registered new interface driver quatech2
[    6.133145][    T1] usbserial: USB Serial support registered for Quatech 2nd gen USB to Serial Driver
[    6.134278][    T1] usbcore: registered new interface driver safe_serial
[    6.135254][    T1] usbserial: USB Serial support registered for safe_serial
[    6.136304][    T1] usbcore: registered new interface driver sierra
[    6.137239][    T1] usbserial: USB Serial support registered for Sierra USB modem
[    6.138198][    T1] usbcore: registered new interface driver usb_serial_simple
[    6.139131][    T1] usbserial: USB Serial support registered for carelink
[    6.139915][    T1] usbserial: USB Serial support registered for zio
[    6.140802][    T1] usbserial: USB Serial support registered for funsoft
[    6.141431][    T1] usbserial: USB Serial support registered for flashloader
[    6.142111][    T1] usbserial: USB Serial support registered for google
[    6.142761][    T1] usbserial: USB Serial support registered for libtransistor
[    6.143443][    T1] usbserial: USB Serial support registered for vivopay
[    6.144098][    T1] usbserial: USB Serial support registered for moto_modem
[    6.144785][    T1] usbserial: USB Serial support registered for motorola_tetra
[    6.145476][    T1] usbserial: USB Serial support registered for novatel_gps
[    6.146168][    T1] usbserial: USB Serial support registered for hp4x
[    6.146804][    T1] usbserial: USB Serial support registered for suunto
[    6.147762][    T1] usbserial: USB Serial support registered for siemens_mpi
[    6.148643][    T1] usbcore: registered new interface driver spcp8x5
[    6.149332][    T1] usbserial: USB Serial support registered for SPCP8x5
[    6.150581][    T1] usbcore: registered new interface driver ssu100
[    6.151362][    T1] usbserial: USB Serial support registered for Quatech SSU-100 USB to Serial Driver
[    6.152393][    T1] usbcore: registered new interface driver symbolserial
[    6.153215][    T1] usbserial: USB Serial support registered for symbol
[    6.154038][    T1] usbcore: registered new interface driver ti_usb_3410_5052
[    6.154923][    T1] usbserial: USB Serial support registered for TI USB 3410 1 port adapter
[    6.156414][    T1] usbserial: USB Serial support registered for TI USB 5052 2 port adapter
[    6.157500][    T1] usbcore: registered new interface driver upd78f0730
[    6.158268][    T1] usbserial: USB Serial support registered for upd78f0730
[    6.158994][    T1] usbcore: registered new interface driver visor
[    6.159723][    T1] usbserial: USB Serial support registered for Handspring Visor / Palm OS
[    6.161117][    T1] usbserial: USB Serial support registered for Sony Clie 5.0
[    6.161976][    T1] usbserial: USB Serial support registered for Sony Clie 3.5
[    6.162896][    T1] usbcore: registered new interface driver wishbone_serial
[    6.164136][    T1] usbserial: USB Serial support registered for wishbone_serial
[    6.164987][    T1] usbcore: registered new interface driver whiteheat
[    6.165591][    T1] usbserial: USB Serial support registered for Connect Tech - WhiteHEAT - (prerenumeration)
[    6.166533][    T1] usbserial: USB Serial support registered for Connect Tech - WhiteHEAT
[    6.167360][    T1] usbcore: registered new interface driver xsens_mt
[    6.167966][    T1] usbserial: USB Serial support registered for xsens_mt
[    6.168815][    T1] usbcore: registered new interface driver adutux
[    6.169425][    T1] usbcore: registered new interface driver appledisplay
[    6.170181][    T1] usbcore: registered new interface driver cypress_cy7c63
[    6.171225][    T1] usbcore: registered new interface driver cytherm
[    6.171990][    T1] usbcore: registered new interface driver emi26 - firmware loader
[    6.172839][    T1] usbcore: registered new interface driver emi62 - firmware loader
[    6.173551][    T1] usbcore: registered new interface driver idmouse
[    6.174367][    T1] usbcore: registered new interface driver iowarrior
[    6.175089][    T1] usbcore: registered new interface driver isight_firmware
[    6.175753][    T1] usbcore: registered new interface driver usblcd
[    6.176518][    T1] usbcore: registered new interface driver ldusb
[    6.177220][    T1] usbcore: registered new interface driver legousbtower
[    6.177916][    T1] usbcore: registered new interface driver usbtest
[    6.178692][    T1] usbcore: registered new interface driver usb_ehset_test
[    6.179353][    T1] usbcore: registered new interface driver trancevibrator
[    6.180108][    T1] usbcore: registered new interface driver uss720
[    6.180838][    T1] uss720: USB Parport Cable driver for Cables using the Lucent Technologies USS720 Chip
[    6.181573][    T1] uss720: NOTE: this is a special purpose driver to allow nonstandard
[    6.182190][    T1] uss720: protocols (eg. bitbang) over USS720 usb to parallel cables
[    6.182799][    T1] uss720: If you just want to connect to a printer, use usblp instead
[    6.184039][    T1] usbcore: registered new interface driver usbsevseg
[    6.184688][    T1] usbcore: registered new interface driver yurex
[    6.186232][    T1] usbcore: registered new interface driver chaoskey
[    6.187033][    T1] usbcore: registered new interface driver sisusb
[    6.187761][    T1] usbcore: registered new interface driver lvs
[    6.188464][    T1] usbcore: registered new interface driver cxacru
[    6.189212][    T1] usbcore: registered new interface driver speedtch
[    6.190004][    T1] usbcore: registered new interface driver ueagle-atm
[    6.190635][    T1] xusbatm: malformed module parameters
[    6.193250][    T1] dummy_hcd dummy_hcd.0: USB Host+Gadget Emulator, driver 02 May 2005
[    6.193978][    T1] dummy_hcd dummy_hcd.0: Dummy host controller
[    6.195324][    T1] dummy_hcd dummy_hcd.0: new USB bus registered, assigned bus number 1
[    6.196798][    T1] usb usb1: New USB device found, idVendor=1d6b, idProduct=0002, bcdDevice= 5.06
[    6.197560][    T1] usb usb1: New USB device strings: Mfr=3, Product=2, SerialNumber=1
[    6.198186][    T1] usb usb1: Product: Dummy host controller
[    6.198640][    T1] usb usb1: Manufacturer: Linux 5.6.0-rc1-cd982e6c44a7-00016-gcd982e6c44a7 dummy_hcd
[    6.199368][    T1] usb usb1: SerialNumber: dummy_hcd.0
[    6.201374][    T1] hub 1-0:1.0: USB hub found
[    6.201903][    T1] hub 1-0:1.0: 1 port detected
[    6.204092][    T1] dummy_hcd dummy_hcd.1: USB Host+Gadget Emulator, driver 02 May 2005
[    6.204744][    T1] dummy_hcd dummy_hcd.1: Dummy host controller
[    6.205620][    T1] dummy_hcd dummy_hcd.1: new USB bus registered, assigned bus number 2
[    6.206638][    T1] usb usb2: New USB device found, idVendor=1d6b, idProduct=0002, bcdDevice= 5.06
[    6.207331][    T1] usb usb2: New USB device strings: Mfr=3, Product=2, SerialNumber=1
[    6.207941][    T1] usb usb2: Product: Dummy host controller
[    6.208438][    T1] usb usb2: Manufacturer: Linux 5.6.0-rc1-cd982e6c44a7-00016-gcd982e6c44a7 dummy_hcd
[    6.209221][    T1] usb usb2: SerialNumber: dummy_hcd.1
[    6.211102][    T1] hub 2-0:1.0: USB hub found
[    6.211550][    T1] hub 2-0:1.0: 1 port detected
[    6.213178][    T1] dummy_hcd dummy_hcd.2: USB Host+Gadget Emulator, driver 02 May 2005
[    6.213828][    T1] dummy_hcd dummy_hcd.2: Dummy host controller
[    6.214826][    T1] dummy_hcd dummy_hcd.2: new USB bus registered, assigned bus number 3
[    6.215944][    T1] usb usb3: New USB device found, idVendor=1d6b, idProduct=0002, bcdDevice= 5.06
[    6.217066][    T1] usb usb3: New USB device strings: Mfr=3, Product=2, SerialNumber=1
[    6.217989][    T1] usb usb3: Product: Dummy host controller
[    6.218625][    T1] usb usb3: Manufacturer: Linux 5.6.0-rc1-cd982e6c44a7-00016-gcd982e6c44a7 dummy_hcd
[    6.219668][    T1] usb usb3: SerialNumber: dummy_hcd.2
[    6.223138][    T1] hub 3-0:1.0: USB hub found
[    6.223691][    T1] hub 3-0:1.0: 1 port detected
[    6.225554][    T1] dummy_hcd dummy_hcd.3: USB Host+Gadget Emulator, driver 02 May 2005
[    6.226408][    T1] dummy_hcd dummy_hcd.3: Dummy host controller
[    6.227365][    T1] dummy_hcd dummy_hcd.3: new USB bus registered, assigned bus number 4
[    6.228570][    T1] usb usb4: New USB device found, idVendor=1d6b, idProduct=0002, bcdDevice= 5.06
[    6.229453][    T1] usb usb4: New USB device strings: Mfr=3, Product=2, SerialNumber=1
[    6.230230][    T1] usb usb4: Product: Dummy host controller
[    6.231728][    T1] usb usb4: Manufacturer: Linux 5.6.0-rc1-cd982e6c44a7-00016-gcd982e6c44a7 dummy_hcd
[    6.232664][    T1] usb usb4: SerialNumber: dummy_hcd.3
[    6.234040][    T1] hub 4-0:1.0: USB hub found
[    6.234581][    T1] hub 4-0:1.0: 1 port detected
[    6.236346][    T1] dummy_hcd dummy_hcd.4: USB Host+Gadget Emulator, driver 02 May 2005
[    6.237170][    T1] dummy_hcd dummy_hcd.4: Dummy host controller
[    6.238125][    T1] dummy_hcd dummy_hcd.4: new USB bus registered, assigned bus number 5
[    6.239307][    T1] usb usb5: New USB device found, idVendor=1d6b, idProduct=0002, bcdDevice= 5.06
[    6.240197][    T1] usb usb5: New USB device strings: Mfr=3, Product=2, SerialNumber=1
[    6.241816][    T1] usb usb5: Product: Dummy host controller
[    6.242390][    T1] usb usb5: Manufacturer: Linux 5.6.0-rc1-cd982e6c44a7-00016-gcd982e6c44a7 dummy_hcd
[    6.243306][    T1] usb usb5: SerialNumber: dummy_hcd.4
[    6.244840][    T1] hub 5-0:1.0: USB hub found
[    6.245392][    T1] hub 5-0:1.0: 1 port detected
[    6.247578][    T1] dummy_hcd dummy_hcd.5: USB Host+Gadget Emulator, driver 02 May 2005
[    6.248497][    T1] dummy_hcd dummy_hcd.5: Dummy host controller
[    6.249608][    T1] dummy_hcd dummy_hcd.5: new USB bus registered, assigned bus number 6
[    6.251147][    T1] usb usb6: New USB device found, idVendor=1d6b, idProduct=0002, bcdDevice= 5.06
[    6.251912][    T1] usb usb6: New USB device strings: Mfr=3, Product=2, SerialNumber=1
[    6.252581][    T1] usb usb6: Product: Dummy host controller
[    6.253070][    T1] usb usb6: Manufacturer: Linux 5.6.0-rc1-cd982e6c44a7-00016-gcd982e6c44a7 dummy_hcd
[    6.253832][    T1] usb usb6: SerialNumber: dummy_hcd.5
[    6.255233][    T1] hub 6-0:1.0: USB hub found
[    6.255857][    T1] hub 6-0:1.0: 1 port detected
[    6.257555][    T1] dummy_hcd dummy_hcd.6: USB Host+Gadget Emulator, driver 02 May 2005
[    6.258380][    T1] dummy_hcd dummy_hcd.6: Dummy host controller
[    6.259368][    T1] dummy_hcd dummy_hcd.6: new USB bus registered, assigned bus number 7
[    6.260590][    T1] usb usb7: New USB device found, idVendor=1d6b, idProduct=0002, bcdDevice= 5.06
[    6.261475][    T1] usb usb7: New USB device strings: Mfr=3, Product=2, SerialNumber=1
[    6.262255][    T1] usb usb7: Product: Dummy host controller
[    6.262869][    T1] usb usb7: Manufacturer: Linux 5.6.0-rc1-cd982e6c44a7-00016-gcd982e6c44a7 dummy_hcd
[    6.263873][    T1] usb usb7: SerialNumber: dummy_hcd.6
[    6.266235][    T1] hub 7-0:1.0: USB hub found
[    6.266786][    T1] hub 7-0:1.0: 1 port detected
[    6.268480][    T1] dummy_hcd dummy_hcd.7: USB Host+Gadget Emulator, driver 02 May 2005
[    6.269303][    T1] dummy_hcd dummy_hcd.7: Dummy host controller
[    6.270277][    T1] dummy_hcd dummy_hcd.7: new USB bus registered, assigned bus number 8
[    6.271705][    T1] usb usb8: New USB device found, idVendor=1d6b, idProduct=0002, bcdDevice= 5.06
[    6.272453][    T1] usb usb8: New USB device strings: Mfr=3, Product=2, SerialNumber=1
[    6.273117][    T1] usb usb8: Product: Dummy host controller
[    6.273557][    T1] usb usb8: Manufacturer: Linux 5.6.0-rc1-cd982e6c44a7-00016-gcd982e6c44a7 dummy_hcd
[    6.274274][    T1] usb usb8: SerialNumber: dummy_hcd.7
[    6.275549][    T1] hub 8-0:1.0: USB hub found
[    6.276099][    T1] hub 8-0:1.0: 1 port detected
[    6.290742][    T1] gadgetfs: USB Gadget filesystem, version 24 Aug 2004
[    6.291979][    T1] vhci_hcd vhci_hcd.0: USB/IP Virtual Host Controller
[    6.292913][    T1] vhci_hcd vhci_hcd.0: new USB bus registered, assigned bus number 9
[    6.293715][    T1] vhci_hcd: created sysfs vhci_hcd.0
[    6.294521][    T1] usb usb9: New USB device found, idVendor=1d6b, idProduct=0002, bcdDevice= 5.06
[    6.295214][    T1] usb usb9: New USB device strings: Mfr=3, Product=2, SerialNumber=1
[    6.295825][    T1] usb usb9: Product: USB/IP Virtual Host Controller
[    6.296322][    T1] usb usb9: Manufacturer: Linux 5.6.0-rc1-cd982e6c44a7-00016-gcd982e6c44a7 vhci_hcd
[    6.297030][    T1] usb usb9: SerialNumber: vhci_hcd.0
[    6.298601][    T1] hub 9-0:1.0: USB hub found
[    6.299114][    T1] hub 9-0:1.0: 8 ports detected
[    6.302433][    T1] vhci_hcd vhci_hcd.0: USB/IP Virtual Host Controller
[    6.303413][    T1] vhci_hcd vhci_hcd.0: new USB bus registered, assigned bus number 10
[    6.304221][    T1] usb usb10: We don't know the algorithms for LPM for this host, disabling LPM.
[    6.305378][    T1] usb usb10: New USB device found, idVendor=1d6b, idProduct=0003, bcdDevice= 5.06
[    6.306080][    T1] usb usb10: New USB device strings: Mfr=3, Product=2, SerialNumber=1
[    6.306700][    T1] usb usb10: Product: USB/IP Virtual Host Controller
[    6.307330][    T1] usb usb10: Manufacturer: Linux 5.6.0-rc1-cd982e6c44a7-00016-gcd982e6c44a7 vhci_hcd
[    6.308313][    T1] usb usb10: SerialNumber: vhci_hcd.0
[    6.310027][    T1] hub 10-0:1.0: USB hub found
[    6.310565][    T1] hub 10-0:1.0: 8 ports detected
[    6.314233][    T1] vhci_hcd vhci_hcd.1: USB/IP Virtual Host Controller
[    6.315153][    T1] vhci_hcd vhci_hcd.1: new USB bus registered, assigned bus number 11
[    6.316234][    T1] usb usb11: New USB device found, idVendor=1d6b, idProduct=0002, bcdDevice= 5.06
[    6.316932][    T1] usb usb11: New USB device strings: Mfr=3, Product=2, SerialNumber=1
[    6.317544][    T1] usb usb11: Product: USB/IP Virtual Host Controller
[    6.318043][    T1] usb usb11: Manufacturer: Linux 5.6.0-rc1-cd982e6c44a7-00016-gcd982e6c44a7 vhci_hcd
[    6.318752][    T1] usb usb11: SerialNumber: vhci_hcd.1
[    6.320654][    T1] hub 11-0:1.0: USB hub found
[    6.321102][    T1] hub 11-0:1.0: 8 ports detected
[    6.323852][    T1] vhci_hcd vhci_hcd.1: USB/IP Virtual Host Controller
[    6.324743][    T1] vhci_hcd vhci_hcd.1: new USB bus registered, assigned bus number 12
[    6.325596][    T1] usb usb12: We don't know the algorithms for LPM for this host, disabling LPM.
[    6.326792][    T1] usb usb12: New USB device found, idVendor=1d6b, idProduct=0003, bcdDevice= 5.06
[    6.327487][    T1] usb usb12: New USB device strings: Mfr=3, Product=2, SerialNumber=1
[    6.328100][    T1] usb usb12: Product: USB/IP Virtual Host Controller
[    6.328603][    T1] usb usb12: Manufacturer: Linux 5.6.0-rc1-cd982e6c44a7-00016-gcd982e6c44a7 vhci_hcd
[    6.329376][    T1] usb usb12: SerialNumber: vhci_hcd.1
[    6.330979][    T1] hub 12-0:1.0: USB hub found
[    6.331434][    T1] hub 12-0:1.0: 8 ports detected
[    6.334770][    T1] vhci_hcd vhci_hcd.2: USB/IP Virtual Host Controller
[    6.335603][    T1] vhci_hcd vhci_hcd.2: new USB bus registered, assigned bus number 13
[    6.336620][    T1] usb usb13: New USB device found, idVendor=1d6b, idProduct=0002, bcdDevice= 5.06
[    6.337383][    T1] usb usb13: New USB device strings: Mfr=3, Product=2, SerialNumber=1
[    6.338272][    T1] usb usb13: Product: USB/IP Virtual Host Controller
[    6.338910][    T1] usb usb13: Manufacturer: Linux 5.6.0-rc1-cd982e6c44a7-00016-gcd982e6c44a7 vhci_hcd
[    6.339710][    T1] usb usb13: SerialNumber: vhci_hcd.2
[    6.341412][    T1] hub 13-0:1.0: USB hub found
[    6.342003][    T1] hub 13-0:1.0: 8 ports detected
[    6.345144][    T1] vhci_hcd vhci_hcd.2: USB/IP Virtual Host Controller
[    6.346105][    T1] vhci_hcd vhci_hcd.2: new USB bus registered, assigned bus number 14
[    6.346911][    T1] usb usb14: We don't know the algorithms for LPM for this host, disabling LPM.
[    6.348127][    T1] usb usb14: New USB device found, idVendor=1d6b, idProduct=0003, bcdDevice= 5.06
[    6.348826][    T1] usb usb14: New USB device strings: Mfr=3, Product=2, SerialNumber=1
[    6.349438][    T1] usb usb14: Product: USB/IP Virtual Host Controller
[    6.349942][    T1] usb usb14: Manufacturer: Linux 5.6.0-rc1-cd982e6c44a7-00016-gcd982e6c44a7 vhci_hcd
[    6.351483][    T1] usb usb14: SerialNumber: vhci_hcd.2
[    6.352786][    T1] hub 14-0:1.0: USB hub found
[    6.353225][    T1] hub 14-0:1.0: 8 ports detected
[    6.356650][    T1] vhci_hcd vhci_hcd.3: USB/IP Virtual Host Controller
[    6.357567][    T1] vhci_hcd vhci_hcd.3: new USB bus registered, assigned bus number 15
[    6.358722][    T1] usb usb15: New USB device found, idVendor=1d6b, idProduct=0002, bcdDevice= 5.06
[    6.359415][    T1] usb usb15: New USB device strings: Mfr=3, Product=2, SerialNumber=1
[    6.360025][    T1] usb usb15: Product: USB/IP Virtual Host Controller
[    6.361138][    T1] usb usb15: Manufacturer: Linux 5.6.0-rc1-cd982e6c44a7-00016-gcd982e6c44a7 vhci_hcd
[    6.361858][    T1] usb usb15: SerialNumber: vhci_hcd.3
[    6.363131][    T1] hub 15-0:1.0: USB hub found
[    6.363575][    T1] hub 15-0:1.0: 8 ports detected
[    6.366314][    T1] vhci_hcd vhci_hcd.3: USB/IP Virtual Host Controller
[    6.367200][    T1] vhci_hcd vhci_hcd.3: new USB bus registered, assigned bus number 16
[    6.368063][    T1] usb usb16: We don't know the algorithms for LPM for this host, disabling LPM.
[    6.369659][    T1] usb usb16: New USB device found, idVendor=1d6b, idProduct=0003, bcdDevice= 5.06
[    6.370737][    T1] usb usb16: New USB device strings: Mfr=3, Product=2, SerialNumber=1
[    6.371430][    T1] usb usb16: Product: USB/IP Virtual Host Controller
[    6.372007][    T1] usb usb16: Manufacturer: Linux 5.6.0-rc1-cd982e6c44a7-00016-gcd982e6c44a7 vhci_hcd
[    6.372792][    T1] usb usb16: SerialNumber: vhci_hcd.3
[    6.374171][    T1] hub 16-0:1.0: USB hub found
[    6.374663][    T1] hub 16-0:1.0: 8 ports detected
[    6.378310][    T1] vhci_hcd vhci_hcd.4: USB/IP Virtual Host Controller
[    6.379230][    T1] vhci_hcd vhci_hcd.4: new USB bus registered, assigned bus number 17
[    6.380311][    T1] usb usb17: New USB device found, idVendor=1d6b, idProduct=0002, bcdDevice= 5.06
[    6.381766][    T1] usb usb17: New USB device strings: Mfr=3, Product=2, SerialNumber=1
[    6.382387][    T1] usb usb17: Product: USB/IP Virtual Host Controller
[    6.382895][    T1] usb usb17: Manufacturer: Linux 5.6.0-rc1-cd982e6c44a7-00016-gcd982e6c44a7 vhci_hcd
[    6.383604][    T1] usb usb17: SerialNumber: vhci_hcd.4
[    6.384976][    T1] hub 17-0:1.0: USB hub found
[    6.385422][    T1] hub 17-0:1.0: 8 ports detected
[    6.388170][    T1] vhci_hcd vhci_hcd.4: USB/IP Virtual Host Controller
[    6.389060][    T1] vhci_hcd vhci_hcd.4: new USB bus registered, assigned bus number 18
[    6.389914][    T1] usb usb18: We don't know the algorithms for LPM for this host, disabling LPM.
[    6.391169][    T1] usb usb18: New USB device found, idVendor=1d6b, idProduct=0003, bcdDevice= 5.06
[    6.391867][    T1] usb usb18: New USB device strings: Mfr=3, Product=2, SerialNumber=1
[    6.392478][    T1] usb usb18: Product: USB/IP Virtual Host Controller
[    6.392983][    T1] usb usb18: Manufacturer: Linux 5.6.0-rc1-cd982e6c44a7-00016-gcd982e6c44a7 vhci_hcd
[    6.393691][    T1] usb usb18: SerialNumber: vhci_hcd.4
[    6.395064][    T1] hub 18-0:1.0: USB hub found
[    6.395510][    T1] hub 18-0:1.0: 8 ports detected
[    6.399128][    T1] vhci_hcd vhci_hcd.5: USB/IP Virtual Host Controller
[    6.400394][    T1] vhci_hcd vhci_hcd.5: new USB bus registered, assigned bus number 19
[    6.401701][    T1] usb usb19: New USB device found, idVendor=1d6b, idProduct=0002, bcdDevice= 5.06
[    6.402703][    T1] usb usb19: New USB device strings: Mfr=3, Product=2, SerialNumber=1
[    6.403577][    T1] usb usb19: Product: USB/IP Virtual Host Controller
[    6.404296][    T1] usb usb19: Manufacturer: Linux 5.6.0-rc1-cd982e6c44a7-00016-gcd982e6c44a7 vhci_hcd
[    6.405309][    T1] usb usb19: SerialNumber: vhci_hcd.5
[    6.406849][    T1] hub 19-0:1.0: USB hub found
[    6.407342][    T1] hub 19-0:1.0: 8 ports detected
[    6.410257][    T1] vhci_hcd vhci_hcd.5: USB/IP Virtual Host Controller
[    6.411672][    T1] vhci_hcd vhci_hcd.5: new USB bus registered, assigned bus number 20
[    6.412435][    T1] usb usb20: We don't know the algorithms for LPM for this host, disabling LPM.
[    6.413641][    T1] usb usb20: New USB device found, idVendor=1d6b, idProduct=0003, bcdDevice= 5.06
[    6.414335][    T1] usb usb20: New USB device strings: Mfr=3, Product=2, SerialNumber=1
[    6.414951][    T1] usb usb20: Product: USB/IP Virtual Host Controller
[    6.415453][    T1] usb usb20: Manufacturer: Linux 5.6.0-rc1-cd982e6c44a7-00016-gcd982e6c44a7 vhci_hcd
[    6.416161][    T1] usb usb20: SerialNumber: vhci_hcd.5
[    6.417611][    T1] hub 20-0:1.0: USB hub found
[    6.418114][    T1] hub 20-0:1.0: 8 ports detected
[    6.422257][    T1] vhci_hcd vhci_hcd.6: USB/IP Virtual Host Controller
[    6.423155][    T1] vhci_hcd vhci_hcd.6: new USB bus registered, assigned bus number 21
[    6.424244][    T1] usb usb21: New USB device found, idVendor=1d6b, idProduct=0002, bcdDevice= 5.06
[    6.424942][    T1] usb usb21: New USB device strings: Mfr=3, Product=2, SerialNumber=1
[    6.425552][    T1] usb usb21: Product: USB/IP Virtual Host Controller
[    6.426055][    T1] usb usb21: Manufacturer: Linux 5.6.0-rc1-cd982e6c44a7-00016-gcd982e6c44a7 vhci_hcd
[    6.426760][    T1] usb usb21: SerialNumber: vhci_hcd.6
[    6.428449][    T1] hub 21-0:1.0: USB hub found
[    6.428907][    T1] hub 21-0:1.0: 8 ports detected
[    6.433228][    T1] vhci_hcd vhci_hcd.6: USB/IP Virtual Host Controller
[    6.434254][    T1] vhci_hcd vhci_hcd.6: new USB bus registered, assigned bus number 22
[    6.435119][    T1] usb usb22: We don't know the algorithms for LPM for this host, disabling LPM.
[    6.436442][    T1] usb usb22: New USB device found, idVendor=1d6b, idProduct=0003, bcdDevice= 5.06
[    6.437211][    T1] usb usb22: New USB device strings: Mfr=3, Product=2, SerialNumber=1
[    6.437890][    T1] usb usb22: Product: USB/IP Virtual Host Controller
[    6.438439][    T1] usb usb22: Manufacturer: Linux 5.6.0-rc1-cd982e6c44a7-00016-gcd982e6c44a7 vhci_hcd
[    6.439258][    T1] usb usb22: SerialNumber: vhci_hcd.6
[    6.440762][    T1] hub 22-0:1.0: USB hub found
[    6.441220][    T1] hub 22-0:1.0: 8 ports detected
[    6.444836][    T1] vhci_hcd vhci_hcd.7: USB/IP Virtual Host Controller
[    6.445742][    T1] vhci_hcd vhci_hcd.7: new USB bus registered, assigned bus number 23
[    6.446912][    T1] usb usb23: New USB device found, idVendor=1d6b, idProduct=0002, bcdDevice= 5.06
[    6.447611][    T1] usb usb23: New USB device strings: Mfr=3, Product=2, SerialNumber=1
[    6.448226][    T1] usb usb23: Product: USB/IP Virtual Host Controller
[    6.448729][    T1] usb usb23: Manufacturer: Linux 5.6.0-rc1-cd982e6c44a7-00016-gcd982e6c44a7 vhci_hcd
[    6.449439][    T1] usb usb23: SerialNumber: vhci_hcd.7
[    6.451241][    T1] hub 23-0:1.0: USB hub found
[    6.451830][    T1] hub 23-0:1.0: 8 ports detected
[    6.454881][    T1] vhci_hcd vhci_hcd.7: USB/IP Virtual Host Controller
[    6.455962][    T1] vhci_hcd vhci_hcd.7: new USB bus registered, assigned bus number 24
[    6.456743][    T1] usb usb24: We don't know the algorithms for LPM for this host, disabling LPM.
[    6.457735][    T1] usb usb24: New USB device found, idVendor=1d6b, idProduct=0003, bcdDevice= 5.06
[    6.458431][    T1] usb usb24: New USB device strings: Mfr=3, Product=2, SerialNumber=1
[    6.459049][    T1] usb usb24: Product: USB/IP Virtual Host Controller
[    6.459556][    T1] usb usb24: Manufacturer: Linux 5.6.0-rc1-cd982e6c44a7-00016-gcd982e6c44a7 vhci_hcd
[    6.460272][    T1] usb usb24: SerialNumber: vhci_hcd.7
[    6.463612][    T1] hub 24-0:1.0: USB hub found
[    6.464109][    T1] hub 24-0:1.0: 8 ports detected
[    6.467813][    T1] vhci_hcd vhci_hcd.8: USB/IP Virtual Host Controller
[    6.468719][    T1] vhci_hcd vhci_hcd.8: new USB bus registered, assigned bus number 25
[    6.469801][    T1] usb usb25: New USB device found, idVendor=1d6b, idProduct=0002, bcdDevice= 5.06
[    6.471620][    T1] usb usb25: New USB device strings: Mfr=3, Product=2, SerialNumber=1
[    6.472242][    T1] usb usb25: Product: USB/IP Virtual Host Controller
[    6.472748][    T1] usb usb25: Manufacturer: Linux 5.6.0-rc1-cd982e6c44a7-00016-gcd982e6c44a7 vhci_hcd
[    6.473452][    T1] usb usb25: SerialNumber: vhci_hcd.8
[    6.474934][    T1] hub 25-0:1.0: USB hub found
[    6.475413][    T1] hub 25-0:1.0: 8 ports detected
[    6.478165][    T1] vhci_hcd vhci_hcd.8: USB/IP Virtual Host Controller
[    6.479085][    T1] vhci_hcd vhci_hcd.8: new USB bus registered, assigned bus number 26
[    6.479938][    T1] usb usb26: We don't know the algorithms for LPM for this host, disabling LPM.
[    6.481072][    T1] usb usb26: New USB device found, idVendor=1d6b, idProduct=0003, bcdDevice= 5.06
[    6.482074][    T1] usb usb26: New USB device strings: Mfr=3, Product=2, SerialNumber=1
[    6.482943][    T1] usb usb26: Product: USB/IP Virtual Host Controller
[    6.483587][    T1] usb usb26: Manufacturer: Linux 5.6.0-rc1-cd982e6c44a7-00016-gcd982e6c44a7 vhci_hcd
[    6.484505][    T1] usb usb26: SerialNumber: vhci_hcd.8
[    6.485997][    T1] hub 26-0:1.0: USB hub found
[    6.486450][    T1] hub 26-0:1.0: 8 ports detected
[    6.489869][    T1] vhci_hcd vhci_hcd.9: USB/IP Virtual Host Controller
[    6.491354][    T1] vhci_hcd vhci_hcd.9: new USB bus registered, assigned bus number 27
[    6.493139][    T1] usb usb27: New USB device found, idVendor=1d6b, idProduct=0002, bcdDevice= 5.06
[    6.494032][    T1] usb usb27: New USB device strings: Mfr=3, Product=2, SerialNumber=1
[    6.494722][    T1] usb usb27: Product: USB/IP Virtual Host Controller
[    6.495288][    T1] usb usb27: Manufacturer: Linux 5.6.0-rc1-cd982e6c44a7-00016-gcd982e6c44a7 vhci_hcd
[    6.496093][    T1] usb usb27: SerialNumber: vhci_hcd.9
[    6.497582][    T1] hub 27-0:1.0: USB hub found
[    6.498041][    T1] hub 27-0:1.0: 8 ports detected
[    6.501890][    T1] vhci_hcd vhci_hcd.9: USB/IP Virtual Host Controller
[    6.502795][    T1] vhci_hcd vhci_hcd.9: new USB bus registered, assigned bus number 28
[    6.503666][    T1] usb usb28: We don't know the algorithms for LPM for this host, disabling LPM.
[    6.505015][    T1] usb usb28: New USB device found, idVendor=1d6b, idProduct=0003, bcdDevice= 5.06
[    6.505772][    T1] usb usb28: New USB device strings: Mfr=3, Product=2, SerialNumber=1
[    6.506381][    T1] usb usb28: Product: USB/IP Virtual Host Controller
[    6.506887][    T1] usb usb28: Manufacturer: Linux 5.6.0-rc1-cd982e6c44a7-00016-gcd982e6c44a7 vhci_hcd
[    6.507597][    T1] usb usb28: SerialNumber: vhci_hcd.9
[    6.508983][    T1] hub 28-0:1.0: USB hub found
[    6.509426][    T1] hub 28-0:1.0: 8 ports detected
[    6.512986][    T1] vhci_hcd vhci_hcd.10: USB/IP Virtual Host Controller
[    6.513940][    T1] vhci_hcd vhci_hcd.10: new USB bus registered, assigned bus number 29
[    6.515305][    T1] usb usb29: New USB device found, idVendor=1d6b, idProduct=0002, bcdDevice= 5.06
[    6.516016][    T1] usb usb29: New USB device strings: Mfr=3, Product=2, SerialNumber=1
[    6.516628][    T1] usb usb29: Product: USB/IP Virtual Host Controller
[    6.517133][    T1] usb usb29: Manufacturer: Linux 5.6.0-rc1-cd982e6c44a7-00016-gcd982e6c44a7 vhci_hcd
[    6.517846][    T1] usb usb29: SerialNumber: vhci_hcd.10
[    6.519190][    T1] hub 29-0:1.0: USB hub found
[    6.519637][    T1] hub 29-0:1.0: 8 ports detected
[    6.523517][    T1] vhci_hcd vhci_hcd.10: USB/IP Virtual Host Controller
[    6.524714][    T1] vhci_hcd vhci_hcd.10: new USB bus registered, assigned bus number 30
[    6.525592][    T1] usb usb30: We don't know the algorithms for LPM for this host, disabling LPM.
[    6.526915][    T1] usb usb30: New USB device found, idVendor=1d6b, idProduct=0003, bcdDevice= 5.06
[    6.527679][    T1] usb usb30: New USB device strings: Mfr=3, Product=2, SerialNumber=1
[    6.528314][    T1] usb usb30: Product: USB/IP Virtual Host Controller
[    6.528851][    T1] usb usb30: Manufacturer: Linux 5.6.0-rc1-cd982e6c44a7-00016-gcd982e6c44a7 vhci_hcd
[    6.529623][    T1] usb usb30: SerialNumber: vhci_hcd.10
[    6.531039][    T1] hub 30-0:1.0: USB hub found
[    6.531560][    T1] hub 30-0:1.0: 8 ports detected
[    6.535021][    T1] vhci_hcd vhci_hcd.11: USB/IP Virtual Host Controller
[    6.536000][    T1] vhci_hcd vhci_hcd.11: new USB bus registered, assigned bus number 31
[    6.537091][    T1] usb usb31: New USB device found, idVendor=1d6b, idProduct=0002, bcdDevice= 5.06
[    6.537865][    T1] usb usb31: New USB device strings: Mfr=3, Product=2, SerialNumber=1
[    6.538532][    T1] usb usb31: Product: USB/IP Virtual Host Controller
[    6.539078][    T1] usb usb31: Manufacturer: Linux 5.6.0-rc1-cd982e6c44a7-00016-gcd982e6c44a7 vhci_hcd
[    6.539792][    T1] usb usb31: SerialNumber: vhci_hcd.11
[    6.542161][    T1] hub 31-0:1.0: USB hub found
[    6.542604][    T1] hub 31-0:1.0: 8 ports detected
[    6.545369][    T1] vhci_hcd vhci_hcd.11: USB/IP Virtual Host Controller
[    6.546277][    T1] vhci_hcd vhci_hcd.11: new USB bus registered, assigned bus number 32
[    6.547057][    T1] usb usb32: We don't know the algorithms for LPM for this host, disabling LPM.
[    6.548253][    T1] usb usb32: New USB device found, idVendor=1d6b, idProduct=0003, bcdDevice= 5.06
[    6.549016][    T1] usb usb32: New USB device strings: Mfr=3, Product=2, SerialNumber=1
[    6.549687][    T1] usb usb32: Product: USB/IP Virtual Host Controller
[    6.550233][    T1] usb usb32: Manufacturer: Linux 5.6.0-rc1-cd982e6c44a7-00016-gcd982e6c44a7 vhci_hcd
[    6.552095][    T1] usb usb32: SerialNumber: vhci_hcd.11
[    6.553525][    T1] hub 32-0:1.0: USB hub found
[    6.554045][    T1] hub 32-0:1.0: 8 ports detected
[    6.558233][    T1] vhci_hcd vhci_hcd.12: USB/IP Virtual Host Controller
[    6.559117][    T1] vhci_hcd vhci_hcd.12: new USB bus registered, assigned bus number 33
[    6.560111][    T1] usb usb33: New USB device found, idVendor=1d6b, idProduct=0002, bcdDevice= 5.06
[    6.560888][    T1] usb usb33: New USB device strings: Mfr=3, Product=2, SerialNumber=1
[    6.561502][    T1] usb usb33: Product: USB/IP Virtual Host Controller
[    6.562009][    T1] usb usb33: Manufacturer: Linux 5.6.0-rc1-cd982e6c44a7-00016-gcd982e6c44a7 vhci_hcd
[    6.562715][    T1] usb usb33: SerialNumber: vhci_hcd.12
[    6.564505][    T1] hub 33-0:1.0: USB hub found
[    6.565020][    T1] hub 33-0:1.0: 8 ports detected
[    6.567905][    T1] vhci_hcd vhci_hcd.12: USB/IP Virtual Host Controller
[    6.568917][    T1] vhci_hcd vhci_hcd.12: new USB bus registered, assigned bus number 34
[    6.569690][    T1] usb usb34: We don't know the algorithms for LPM for this host, disabling LPM.
[    6.571167][    T1] usb usb34: New USB device found, idVendor=1d6b, idProduct=0003, bcdDevice= 5.06
[    6.571957][    T1] usb usb34: New USB device strings: Mfr=3, Product=2, SerialNumber=1
[    6.572646][    T1] usb usb34: Product: USB/IP Virtual Host Controller
[    6.573198][    T1] usb usb34: Manufacturer: Linux 5.6.0-rc1-cd982e6c44a7-00016-gcd982e6c44a7 vhci_hcd
[    6.573981][    T1] usb usb34: SerialNumber: vhci_hcd.12
[    6.575618][    T1] hub 34-0:1.0: USB hub found
[    6.576070][    T1] hub 34-0:1.0: 8 ports detected
[    6.579431][    T1] vhci_hcd vhci_hcd.13: USB/IP Virtual Host Controller
[    6.580428][    T1] vhci_hcd vhci_hcd.13: new USB bus registered, assigned bus number 35
[    6.582335][    T1] usb usb35: New USB device found, idVendor=1d6b, idProduct=0002, bcdDevice= 5.06
[    6.583074][    T1] usb usb35: New USB device strings: Mfr=3, Product=2, SerialNumber=1
[    6.583753][    T1] usb usb35: Product: USB/IP Virtual Host Controller
[    6.584270][    T1] usb usb35: Manufacturer: Linux 5.6.0-rc1-cd982e6c44a7-00016-gcd982e6c44a7 vhci_hcd
[    6.584984][    T1] usb usb35: SerialNumber: vhci_hcd.13
[    6.586902][    T1] hub 35-0:1.0: USB hub found
[    6.587408][    T1] hub 35-0:1.0: 8 ports detected
[    6.591211][    T1] vhci_hcd vhci_hcd.13: USB/IP Virtual Host Controller
[    6.592128][    T1] vhci_hcd vhci_hcd.13: new USB bus registered, assigned bus number 36
[    6.592915][    T1] usb usb36: We don't know the algorithms for LPM for this host, disabling LPM.
[    6.594130][    T1] usb usb36: New USB device found, idVendor=1d6b, idProduct=0003, bcdDevice= 5.06
[    6.594832][    T1] usb usb36: New USB device strings: Mfr=3, Product=2, SerialNumber=1
[    6.595446][    T1] usb usb36: Product: USB/IP Virtual Host Controller
[    6.595953][    T1] usb usb36: Manufacturer: Linux 5.6.0-rc1-cd982e6c44a7-00016-gcd982e6c44a7 vhci_hcd
[    6.596663][    T1] usb usb36: SerialNumber: vhci_hcd.13
[    6.598050][    T1] hub 36-0:1.0: USB hub found
[    6.598500][    T1] hub 36-0:1.0: 8 ports detected
[    6.602102][    T1] vhci_hcd vhci_hcd.14: USB/IP Virtual Host Controller
[    6.603065][    T1] vhci_hcd vhci_hcd.14: new USB bus registered, assigned bus number 37
[    6.604085][    T1] usb usb37: New USB device found, idVendor=1d6b, idProduct=0002, bcdDevice= 5.06
[    6.604791][    T1] usb usb37: New USB device strings: Mfr=3, Product=2, SerialNumber=1
[    6.605408][    T1] usb usb37: Product: USB/IP Virtual Host Controller
[    6.605922][    T1] usb usb37: Manufacturer: Linux 5.6.0-rc1-cd982e6c44a7-00016-gcd982e6c44a7 vhci_hcd
[    6.606644][    T1] usb usb37: SerialNumber: vhci_hcd.14
[    6.607958][    T1] hub 37-0:1.0: USB hub found
[    6.608404][    T1] hub 37-0:1.0: 8 ports detected
[    6.611639][    T1] vhci_hcd vhci_hcd.14: USB/IP Virtual Host Controller
[    6.612480][    T1] vhci_hcd vhci_hcd.14: new USB bus registered, assigned bus number 38
[    6.613255][    T1] usb usb38: We don't know the algorithms for LPM for this host, disabling LPM.
[    6.614334][    T1] usb usb38: New USB device found, idVendor=1d6b, idProduct=0003, bcdDevice= 5.06
[    6.615038][    T1] usb usb38: New USB device strings: Mfr=3, Product=2, SerialNumber=1
[    6.615838][    T1] usb usb38: Product: USB/IP Virtual Host Controller
[    6.616683][    T1] usb usb38: Manufacturer: Linux 5.6.0-rc1-cd982e6c44a7-00016-gcd982e6c44a7 vhci_hcd
[    6.617716][    T1] usb usb38: SerialNumber: vhci_hcd.14
[    6.619549][    T1] hub 38-0:1.0: USB hub found
[    6.620224][    T1] hub 38-0:1.0: 8 ports detected
[    6.624077][    T1] vhci_hcd vhci_hcd.15: USB/IP Virtual Host Controller
[    6.625290][    T1] vhci_hcd vhci_hcd.15: new USB bus registered, assigned bus number 39
[    6.626926][    T1] usb usb39: New USB device found, idVendor=1d6b, idProduct=0002, bcdDevice= 5.06
[    6.627830][    T1] usb usb39: New USB device strings: Mfr=3, Product=2, SerialNumber=1
[    6.628718][    T1] usb usb39: Product: USB/IP Virtual Host Controller
[    6.629430][    T1] usb usb39: Manufacturer: Linux 5.6.0-rc1-cd982e6c44a7-00016-gcd982e6c44a7 vhci_hcd
[    6.630349][    T1] usb usb39: SerialNumber: vhci_hcd.15
[    6.632161][    T1] hub 39-0:1.0: USB hub found
[    6.632619][    T1] hub 39-0:1.0: 8 ports detected
[    6.635374][    T1] vhci_hcd vhci_hcd.15: USB/IP Virtual Host Controller
[    6.636309][    T1] vhci_hcd vhci_hcd.15: new USB bus registered, assigned bus number 40
[    6.637220][    T1] usb usb40: We don't know the algorithms for LPM for this host, disabling LPM.
[    6.638413][    T1] usb usb40: New USB device found, idVendor=1d6b, idProduct=0003, bcdDevice= 5.06
[    6.639119][    T1] usb usb40: New USB device strings: Mfr=3, Product=2, SerialNumber=1
[    6.639741][    T1] usb usb40: Product: USB/IP Virtual Host Controller
[    6.640249][    T1] usb usb40: Manufacturer: Linux 5.6.0-rc1-cd982e6c44a7-00016-gcd982e6c44a7 vhci_hcd
[    6.641874][    T1] usb usb40: SerialNumber: vhci_hcd.15
[    6.643273][    T1] hub 40-0:1.0: USB hub found
[    6.643742][    T1] hub 40-0:1.0: 8 ports detected
[    6.648089][    T1] usbcore: registered new device driver usbip-host
[    6.651100][    T1] i8042: PNP: PS/2 Controller [PNP0303:KBD,PNP0f13:MOU] at 0x60,0x64 irq 1,12
[    6.652982][    T1] serio: i8042 KBD port at 0x60,0x64 irq 1
[    6.656395][    T1] serio: i8042 AUX port at 0x60,0x64 irq 12
[    6.658309][    T1] mousedev: PS/2 mouse device common for all mice
[    6.660452][ T1623] input: AT Translated Set 2 keyboard as /devices/platform/i8042/serio0/input/input1
[    6.661932][    T1] usbcore: registered new interface driver appletouch
[    6.662871][    T1] usbcore: registered new interface driver bcm5974
[    6.665388][    T1] usbcore: registered new interface driver synaptics_usb
[    6.666464][    T1] usbcore: registered new interface driver iforce
[    6.667376][    T1] usbcore: registered new interface driver xpad
[    6.668222][    T1] usbcore: registered new interface driver usb_acecad
[    6.669124][    T1] usbcore: registered new interface driver aiptek
[    6.670390][    T1] usbcore: registered new interface driver hanwang
[    6.672537][    T1] usbcore: registered new interface driver kbtab
[    6.673323][    T1] usbcore: registered new interface driver pegasus_notetaker
[    6.674293][    T1] usbcore: registered new interface driver usbtouchscreen
[    6.675237][    T1] usbcore: registered new interface driver sur40
[    6.676072][    T1] usbcore: registered new interface driver ati_remote2
[    6.676903][    T1] cm109: Keymap for Komunikate KIP1000 phone loaded
[    6.678287][    T1] usbcore: registered new interface driver cm109
[    6.678843][    T1] cm109: CM109 phone driver: 20080805 (C) Alfred E. Heggestad
[    6.679945][    T1] usbcore: registered new interface driver ims_pcu
[    6.680747][    T1] usbcore: registered new interface driver keyspan_remote
[    6.681647][    T1] usbcore: registered new interface driver powermate
[    6.682641][    T1] usbcore: registered new interface driver yealink
[    6.684529][    T1] rtc_cmos 00:05: RTC can wake from S4
[    6.687409][    T1] rtc_cmos 00:05: registered as rtc0
[    6.687873][    T1] rtc_cmos 00:05: alarms up to one day, y3k, 242 bytes nvram, hpet irqs
[    6.689107][    T1] i2c /dev entries driver
[    6.693749][    T1] usbcore: registered new interface driver i2c-diolan-u2c
[    6.694727][    T1] usbcore: registered new interface driver RobotFuzz Open Source InterFace, OSIF
[    6.695613][    T1] usbcore: registered new interface driver i2c-tiny-usb
[    6.698323][    T1] usbcore: registered new interface driver ati_remote
[    6.699079][    T1] usbcore: registered new interface driver imon
[    6.699821][    T1] usbcore: registered new interface driver mceusb
[    6.700907][    T1] usbcore: registered new interface driver redrat3
[    6.701833][    T1] usbcore: registered new interface driver streamzap
[    6.704724][    T1] usbcore: registered new interface driver igorplugusb
[    6.705425][    T1] usbcore: registered new interface driver iguanair
[    6.706082][    T1] usbcore: registered new interface driver ttusbir
[    6.706648][    T1] b2c2-flexcop: B2C2 FlexcopII/II(b)/III digital TV receiver chip loaded successfully
[    6.718300][    T1] vivid-000: using single planar format API
[    6.728714][    T1] vivid-000: CEC adapter cec0 registered for HDMI input 0
[    6.729717][    T1] vivid-000: V4L2 capture device registered as video3
[    6.732103][    T1] vivid-000: CEC adapter cec1 registered for HDMI output 0
[    6.732992][    T1] vivid-000: V4L2 output device registered as video4
[    6.733807][    T1] vivid-000: V4L2 capture device registered as vbi0, supports raw and sliced VBI
[    6.734793][    T1] vivid-000: V4L2 output device registered as vbi1, supports raw and sliced VBI
[    6.735788][    T1] vivid-000: V4L2 capture device registered as swradio0
[    6.736609][    T1] vivid-000: V4L2 receiver device registered as radio0
[    6.737444][    T1] vivid-000: V4L2 transmitter device registered as radio1
[    6.738652][    T1] vivid-000: V4L2 metadata capture device registered as video5
[    6.740935][    T1] vivid-000: V4L2 metadata output device registered as video6
[    6.741871][    T1] vivid-000: V4L2 touch capture device registered as v4l-touch0
[    6.742837][    T1] vivid-001: using multiplanar format API
[    6.751826][    T1] vivid-001: CEC adapter cec2 registered for HDMI input 0
[    6.752642][    T1] vivid-001: V4L2 capture device registered as video7
[    6.753429][    T1] vivid-001: CEC adapter cec3 registered for HDMI output 0
[    6.754380][    T1] vivid-001: V4L2 output device registered as video8
[    6.755181][    T1] vivid-001: V4L2 capture device registered as vbi2, supports raw and sliced VBI
[    6.756177][    T1] vivid-001: V4L2 output device registered as vbi3, supports raw and sliced VBI
[    6.757156][    T1] vivid-001: V4L2 capture device registered as swradio1
[    6.757963][    T1] vivid-001: V4L2 receiver device registered as radio2
[    6.758901][    T1] vivid-001: V4L2 transmitter device registered as radio3
[    6.759747][    T1] vivid-001: V4L2 metadata capture device registered as video9
[    6.761335][    T1] vivid-001: V4L2 metadata output device registered as video10
[    6.762220][    T1] vivid-001: V4L2 touch capture device registered as v4l-touch1
[    6.763111][    T1] vivid-002: using single planar format API
[    6.774326][    T1] vivid-002: CEC adapter cec4 registered for HDMI input 0
[    6.775156][    T1] vivid-002: V4L2 capture device registered as video11
[    6.775931][    T1] vivid-002: CEC adapter cec5 registered for HDMI output 0
[    6.776857][    T1] vivid-002: V4L2 output device registered as video12
[    6.777679][    T1] vivid-002: V4L2 capture device registered as vbi4, supports raw and sliced VBI
[    6.778662][    T1] vivid-002: V4L2 output device registered as vbi5, supports raw and sliced VBI
[    6.779624][    T1] vivid-002: V4L2 capture device registered as swradio2
[    6.780429][    T1] vivid-002: V4L2 receiver device registered as radio4
[    6.782144][    T1] vivid-002: V4L2 transmitter device registered as radio5
[    6.782973][    T1] vivid-002: V4L2 metadata capture device registered as video13
[    6.783850][    T1] vivid-002: V4L2 metadata output device registered as video14
[    6.784706][    T1] vivid-002: V4L2 touch capture device registered as v4l-touch2
[    6.785564][    T1] vivid-003: using multiplanar format API
[    6.795144][    T1] vivid-003: CEC adapter cec6 registered for HDMI input 0
[    6.795950][    T1] vivid-003: V4L2 capture device registered as video15
[    6.796720][    T1] vivid-003: CEC adapter cec7 registered for HDMI output 0
[    6.797658][    T1] vivid-003: V4L2 output device registered as video16
[    6.798464][    T1] vivid-003: V4L2 capture device registered as vbi6, supports raw and sliced VBI
[    6.799836][    T1] vivid-003: V4L2 output device registered as vbi7, supports raw and sliced VBI
[    6.801005][    T1] vivid-003: V4L2 capture device registered as swradio3
[    6.801909][    T1] vivid-003: V4L2 receiver device registered as radio6
[    6.802789][    T1] vivid-003: V4L2 transmitter device registered as radio7
[    6.803688][    T1] vivid-003: V4L2 metadata capture device registered as video17
[    6.804641][    T1] vivid-003: V4L2 metadata output device registered as video18
[    6.805579][    T1] vivid-003: V4L2 touch capture device registered as v4l-touch3
[    6.807931][    T1] vivid-004: using single planar format API
[    6.816616][    T1] vivid-004: CEC adapter cec8 registered for HDMI input 0
[    6.817538][    T1] vivid-004: V4L2 capture device registered as video19
[    6.818310][    T1] vivid-004: CEC adapter cec9 registered for HDMI output 0
[    6.819253][    T1] vivid-004: V4L2 output device registered as video20
[    6.820087][    T1] vivid-004: V4L2 capture device registered as vbi8, supports raw and sliced VBI
[    6.821127][    T1] vivid-004: V4L2 output device registered as vbi9, supports raw and sliced VBI
[    6.822095][    T1] vivid-004: V4L2 capture device registered as swradio4
[    6.822922][    T1] vivid-004: V4L2 receiver device registered as radio8
[    6.823740][    T1] vivid-004: V4L2 transmitter device registered as radio9
[    6.824560][    T1] vivid-004: V4L2 metadata capture device registered as video21
[    6.825460][    T1] vivid-004: V4L2 metadata output device registered as video22
[    6.826385][    T1] vivid-004: V4L2 touch capture device registered as v4l-touch4
[    6.827251][    T1] vivid-005: using multiplanar format API
[    6.838071][    T1] vivid-005: CEC adapter cec10 registered for HDMI input 0
[    6.838980][    T1] vivid-005: V4L2 capture device registered as video23
[    6.839759][    T1] vivid-005: CEC adapter cec11 registered for HDMI output 0
[    6.840752][    T1] vivid-005: V4L2 output device registered as video24
[    6.841574][    T1] vivid-005: V4L2 capture device registered as vbi10, supports raw and sliced VBI
[    6.842557][    T1] vivid-005: V4L2 output device registered as vbi11, supports raw and sliced VBI
[    6.843544][    T1] vivid-005: V4L2 capture device registered as swradio5
[    6.844371][    T1] vivid-005: V4L2 receiver device registered as radio10
[    6.845204][    T1] vivid-005: V4L2 transmitter device registered as radio11
[    6.846042][    T1] vivid-005: V4L2 metadata capture device registered as video25
[    6.846916][    T1] vivid-005: V4L2 metadata output device registered as video26
[    6.847821][    T1] vivid-005: V4L2 touch capture device registered as v4l-touch5
[    6.848701][    T1] vivid-006: using single planar format API
[    6.859275][    T1] vivid-006: CEC adapter cec12 registered for HDMI input 0
[    6.860136][    T1] vivid-006: V4L2 capture device registered as video27
[    6.861349][    T1] vivid-006: CEC adapter cec13 registered for HDMI output 0
[    6.862615][    T1] vivid-006: V4L2 output device registered as video28
[    6.863717][    T1] vivid-006: V4L2 capture device registered as vbi12, supports raw and sliced VBI
[    6.865028][    T1] vivid-006: V4L2 output device registered as vbi13, supports raw and sliced VBI
[    6.866348][    T1] vivid-006: V4L2 capture device registered as swradio6
[    6.867437][    T1] vivid-006: V4L2 receiver device registered as radio12
[    6.868513][    T1] vivid-006: V4L2 transmitter device registered as radio13
[    6.869782][    T1] vivid-006: V4L2 metadata capture device registered as video29
[    6.871608][    T1] vivid-006: V4L2 metadata output device registered as video30
[    6.873439][    T1] vivid-006: V4L2 touch capture device registered as v4l-touch6
[    6.874456][    T1] vivid-007: using multiplanar format API
[    6.882679][    T1] vivid-007: CEC adapter cec14 registered for HDMI input 0
[    6.883661][    T1] vivid-007: V4L2 capture device registered as video31
[    6.884583][    T1] vivid-007: CEC adapter cec15 registered for HDMI output 0
[    6.885759][    T1] vivid-007: V4L2 output device registered as video32
[    6.886722][    T1] vivid-007: V4L2 capture device registered as vbi14, supports raw and sliced VBI
[    6.888056][    T1] vivid-007: V4L2 output device registered as vbi15, supports raw and sliced VBI
[    6.889353][    T1] vivid-007: V4L2 capture device registered as swradio7
[    6.890313][    T1] vivid-007: V4L2 receiver device registered as radio14
[    6.891929][    T1] vivid-007: V4L2 transmitter device registered as radio15
[    6.892894][    T1] vivid-007: V4L2 metadata capture device registered as video33
[    6.893854][    T1] vivid-007: V4L2 metadata output device registered as video34
[    6.896303][    T1] vivid-007: V4L2 touch capture device registered as v4l-touch7
[    6.897212][    T1] vivid-008: using single planar format API
[    6.905685][    T1] vivid-008: CEC adapter cec16 registered for HDMI input 0
[    6.906507][    T1] vivid-008: V4L2 capture device registered as video35
[    6.907310][    T1] vivid-008: CEC adapter cec17 registered for HDMI output 0
[    6.908252][    T1] vivid-008: V4L2 output device registered as video36
[    6.909053][    T1] vivid-008: V4L2 capture device registered as vbi16, supports raw and sliced VBI
[    6.910080][    T1] vivid-008: V4L2 output device registered as vbi17, supports raw and sliced VBI
[    6.911172][    T1] vivid-008: V4L2 capture device registered as swradio8
[    6.911993][    T1] vivid-008: V4L2 receiver device registered as radio16
