c[?7l[2J[0mSeaBIOS (version rel-1.16.0-0-gd239552ce722-prebuilt.qemu.org)


iPXE (http://ipxe.org) 00:03.0 CA00 PCI2.10 PnP PMM+7FF91000+7FEF1000 CA00
Press Ctrl-B to configure iPXE (PCI 00:03.0)...                                                                               


Booting from ROM..c[?7l[2Jearly console in extract_kernel
input_data: 0x000000000bff62d8
input_len: 0x000000000460ad1a
output: 0x0000000001000000
output_len: 0x000000000e312b28
kernel_total_size: 0x000000000f626000
needed_size: 0x000000000f800000
trampoline_32bit: 0x000000000009d000

Decompressing Linux... Parsing ELF... done.
Booting the kernel.
[    0.000000][    T0] Linux version 5.7.0-rc5-d59eb177c84f-01824-gd59eb177c84f (root@xpf.sh.intel.com) (gcc version 8.5.0 20210514 (Red Hat 8.5.0-20) (GCC), GNU ld version 2.36.1-2.el8) #1 SMP PREEMPT Sat Dec 2 12:09:02 CST 2023
[    0.000000][    T0] Command line: console=ttyS0 root=/dev/sda1 earlyprintk=serial net.ifnames=0 thunderbolt.dyndbg plymouth.enable=0
[    0.000000][    T0] KERNEL supported cpus:
[    0.000000][    T0]   Intel GenuineIntel
[    0.000000][    T0]   AMD AuthenticAMD
[    0.000000][    T0] x86/fpu: Supporting XSAVE feature 0x001: 'x87 floating point registers'
[    0.000000][    T0] x86/fpu: Supporting XSAVE feature 0x002: 'SSE registers'
[    0.000000][    T0] x86/fpu: Supporting XSAVE feature 0x004: 'AVX registers'
[    0.000000][    T0] x86/fpu: Supporting XSAVE feature 0x008: 'MPX bounds registers'
[    0.000000][    T0] x86/fpu: Supporting XSAVE feature 0x010: 'MPX CSR'
[    0.000000][    T0] x86/fpu: Supporting XSAVE feature 0x020: 'AVX-512 opmask'
[    0.000000][    T0] x86/fpu: Supporting XSAVE feature 0x040: 'AVX-512 Hi256'
[    0.000000][    T0] x86/fpu: Supporting XSAVE feature 0x080: 'AVX-512 ZMM_Hi256'
[    0.000000][    T0] x86/fpu: xstate_offset[2]:  576, xstate_sizes[2]:  256
[    0.000000][    T0] x86/fpu: xstate_offset[3]:  832, xstate_sizes[3]:   64
[    0.000000][    T0] x86/fpu: xstate_offset[4]:  896, xstate_sizes[4]:   64
[    0.000000][    T0] x86/fpu: xstate_offset[5]:  960, xstate_sizes[5]:   64
[    0.000000][    T0] x86/fpu: xstate_offset[6]: 1024, xstate_sizes[6]:  512
[    0.000000][    T0] x86/fpu: xstate_offset[7]: 1536, xstate_sizes[7]: 1024
[    0.000000][    T0] x86/fpu: Enabled xstate features 0xff, context size is 2560 bytes, using 'compacted' format.
[    0.000000][    T0] BIOS-provided physical RAM map:
[    0.000000][    T0] BIOS-e820: [mem 0x0000000000000000-0x000000000009fbff] usable
[    0.000000][    T0] BIOS-e820: [mem 0x000000000009fc00-0x000000000009ffff] reserved
[    0.000000][    T0] BIOS-e820: [mem 0x00000000000f0000-0x00000000000fffff] reserved
[    0.000000][    T0] BIOS-e820: [mem 0x0000000000100000-0x000000007ffdffff] usable
[    0.000000][    T0] BIOS-e820: [mem 0x000000007ffe0000-0x000000007fffffff] reserved
[    0.000000][    T0] BIOS-e820: [mem 0x00000000feffc000-0x00000000feffffff] reserved
[    0.000000][    T0] BIOS-e820: [mem 0x00000000fffc0000-0x00000000ffffffff] reserved
[    0.000000][    T0] printk: bootconsole [earlyser0] enabled
[    0.000000][    T0] ERROR: earlyprintk= earlyser already used
[    0.000000][    T0] ERROR: earlyprintk= earlyser already used
[    0.000000][    T0] ERROR: earlyprintk= earlyser already used
[    0.000000][    T0] Malformed early option 'vsyscall'
[    0.000000][    T0] nopcid: PCID feature disabled
[    0.000000][    T0] NX (Execute Disable) protection: active
[    0.000000][    T0] SMBIOS 2.8 present.
[    0.000000][    T0] DMI: QEMU Standard PC (i440FX + PIIX, 1996), BIOS rel-1.16.0-0-gd239552ce722-prebuilt.qemu.org 04/01/2014
[    0.000000][    T0] Hypervisor detected: KVM
[    0.000000][    T0] kvm-clock: Using msrs 4b564d01 and 4b564d00
[    0.000002][    T0] kvm-clock: cpu 0, msr ef39001, primary cpu clock
[    0.000002][    T0] kvm-clock: using sched offset of 863660908 cycles
[    0.000679][    T0] clocksource: kvm-clock: mask: 0xffffffffffffffff max_cycles: 0x1cd42e4dffb, max_idle_ns: 881590591483 ns
[    0.002594][    T0] tsc: Detected 2999.998 MHz processor
[    0.008733][    T0] last_pfn = 0x7ffe0 max_arch_pfn = 0x400000000
[    0.009398][    T0] x86/PAT: Configuration [0-7]: WB  WC  UC- UC  WB  WP  UC- WT  
[    0.017900][    T0] found SMP MP-table at [mem 0x000f5ba0-0x000f5baf]
[    0.018659][    T0] Using GB pages for direct mapping
[    0.019883][    T0] ACPI: Early table checksum verification disabled
[    0.020559][    T0] ACPI: RSDP 0x00000000000F59C0 000014 (v00 BOCHS )
[    0.021287][    T0] ACPI: RSDT 0x000000007FFE1951 000034 (v01 BOCHS  BXPC     00000001 BXPC 00000001)
[    0.022212][    T0] ACPI: FACP 0x000000007FFE17FD 000074 (v01 BOCHS  BXPC     00000001 BXPC 00000001)
[    0.023179][    T0] ACPI: DSDT 0x000000007FFE0040 0017BD (v01 BOCHS  BXPC     00000001 BXPC 00000001)
[    0.024148][    T0] ACPI: FACS 0x000000007FFE0000 000040
[    0.024696][    T0] ACPI: APIC 0x000000007FFE1871 000080 (v01 BOCHS  BXPC     00000001 BXPC 00000001)
[    0.025669][    T0] ACPI: HPET 0x000000007FFE18F1 000038 (v01 BOCHS  BXPC     00000001 BXPC 00000001)
[    0.026681][    T0] ACPI: WAET 0x000000007FFE1929 000028 (v01 BOCHS  BXPC     00000001 BXPC 00000001)
[    0.028439][    T0] No NUMA configuration found
[    0.028894][    T0] Faking a node at [mem 0x0000000000000000-0x000000007ffdffff]
[    0.029693][    T0] Faking node 0 at [mem 0x0000000000000000-0x000000003fffffff] (1024MB)
[    0.030559][    T0] Faking node 1 at [mem 0x0000000040000000-0x000000007ffdffff] (1023MB)
[    0.031743][    T0] NODE_DATA(0) allocated [mem 0x3fffb000-0x3fffffff]
[    0.032529][    T0] NODE_DATA(1) allocated [mem 0x7ffda000-0x7ffdefff]
[    0.036710][    T0] Zone ranges:
[    0.037070][    T0]   DMA      [mem 0x0000000000001000-0x0000000000ffffff]
[    0.037782][    T0]   DMA32    [mem 0x0000000001000000-0x000000007ffdffff]
[    0.038503][    T0]   Normal   empty
[    0.038878][    T0]   Device   empty
[    0.039229][    T0] Movable zone start for each node
[    0.039775][    T0] Early memory node ranges
[    0.040233][    T0]   node   0: [mem 0x0000000000001000-0x000000000009efff]
[    0.040947][    T0]   node   0: [mem 0x0000000000100000-0x000000003fffffff]
[    0.041696][    T0]   node   1: [mem 0x0000000040000000-0x000000007ffdffff]
[    0.042340][    T0] Zeroed struct page in unavailable ranges: 130 pages
[    0.042344][    T0] Initmem setup node 0 [mem 0x0000000000001000-0x000000003fffffff]
[    0.055582][    T0] Initmem setup node 1 [mem 0x0000000040000000-0x000000007ffdffff]
[    0.099569][    T0] kasan: KernelAddressSanitizer initialized
[    0.100482][    T0] ACPI: PM-Timer IO Port: 0x608
[    0.101026][    T0] ACPI: LAPIC_NMI (acpi_id[0xff] dfl dfl lint[0x1])
[    0.101705][    T0] IOAPIC[0]: apic_id 0, version 17, address 0xfec00000, GSI 0-23
[    0.102526][    T0] ACPI: INT_SRC_OVR (bus 0 bus_irq 0 global_irq 2 dfl dfl)
[    0.103308][    T0] ACPI: INT_SRC_OVR (bus 0 bus_irq 5 global_irq 5 high level)
[    0.104083][    T0] ACPI: INT_SRC_OVR (bus 0 bus_irq 9 global_irq 9 high level)
[    0.104795][    T0] ACPI: INT_SRC_OVR (bus 0 bus_irq 10 global_irq 10 high level)
[    0.105483][    T0] ACPI: INT_SRC_OVR (bus 0 bus_irq 11 global_irq 11 high level)
[    0.106288][    T0] Using ACPI (MADT) for SMP configuration information
[    0.106978][    T0] ACPI: HPET id: 0x8086a201 base: 0xfed00000
[    0.107595][    T0] smpboot: Allowing 2 CPUs, 0 hotplug CPUs
[    0.108274][    T0] KVM setup pv remote TLB flush
[    0.108853][    T0] KVM setup pv sched yield
[    0.109338][    T0] PM: hibernation: Registered nosave memory: [mem 0x00000000-0x00000fff]
[    0.110125][    T0] PM: hibernation: Registered nosave memory: [mem 0x0009f000-0x0009ffff]
[    0.110902][    T0] PM: hibernation: Registered nosave memory: [mem 0x000a0000-0x000effff]
[    0.111682][    T0] PM: hibernation: Registered nosave memory: [mem 0x000f0000-0x000fffff]
[    0.112454][    T0] [mem 0x80000000-0xfeffbfff] available for PCI devices
[    0.113077][    T0] Booting paravirtualized kernel on KVM
[    0.113595][    T0] clocksource: refined-jiffies: mask: 0xffffffff max_cycles: 0xffffffff, max_idle_ns: 19112604462750000 ns
[    0.157662][    T0] setup_percpu: NR_CPUS:8 nr_cpumask_bits:8 nr_cpu_ids:2 nr_node_ids:2
[    0.158961][    T0] percpu: Embedded 65 pages/cpu s229320 r8192 d28728 u2097152
[    0.159703][    T0] KVM setup async PF for cpu 0
[    0.160095][    T0] kvm-stealtime: cpu 0, msr 2ce21b80
[    0.160540][    T0] PV qspinlock hash table entries: 256 (order: 0, 4096 bytes, linear)
[    0.161237][    T0] Built 2 zonelists, mobility grouping on.  Total pages: 515945
[    0.161868][    T0] Policy zone: DMA32
[    0.162196][    T0] Kernel command line: earlyprintk=serial net.ifnames=0 sysctl.kernel.hung_task_all_cpu_backtrace=1 ima_policy=tcb nf-conntrack-ftp.ports=20000 nf-conntrack-tftp.ports=20000 nf-conntrack-sip.ports=20000 nf-conntrack-irc.ports=20000 nf-conntrack-sane.ports=20000 binder.debug_mask=0 rcupdate.rcu_expedited=1 rcupdate.rcu_cpu_stall_cputime=1 no_hash_pointers page_owner=on sysctl.vm.nr_hugepages=4 sysctl.vm.nr_overcommit_hugepages=4 secretmem.enable=1 sysctl.max_rcu_stall_to_panic=1 msr.allow_writes=off coredump_filter=0xffff root=/dev/sda console=ttyS0 vsyscall=native numa=fake=2 kvm-intel.nested=1 spec_store_bypass_disable=prctl nopcid vivid.n_devs=16 vivid.multiplanar=1,2,1,2,1,2,1,2,1,2,1,2,1,2,1,2 netrom.nr_ndevs=16 rose.rose_ndevs=16 smp.csd_lock_timeout=100000 watchdog_thresh=55 workqueue.watchdog_thresh=140 sysctl.net.core.netdev_unregister_timeout_secs=140 dummy_hcd.num=8 panic_on_warn=1 console=ttyS0 root=/dev/sda1 earlyprintk=serial net.ifnames=0 thunderb
[    0.165527][    T0] mem auto-init: stack:off, heap alloc:on, heap free:off
[    0.292284][    T0] Memory: 1517268K/2096632K available (135176K kernel code, 41308K rwdata, 27544K rodata, 2620K init, 23480K bss, 579364K reserved, 0K cma-reserved)
[    0.294177][    T0] SLUB: HWalign=64, Order=0-3, MinObjects=0, CPUs=2, Nodes=2
[    0.296381][    T0] Running RCU self tests
[    0.296752][    T0] rcu: Preemptible hierarchical RCU implementation.
[    0.297280][    T0] rcu: 	RCU lockdep checking is enabled.
[    0.297732][    T0] rcu: 	RCU restricting CPUs from NR_CPUS=8 to nr_cpu_ids=2.
[    0.298321][    T0] rcu: 	RCU callback double-/use-after-free debug enabled.
[    0.298896][    T0] rcu: 	RCU debug extended QS entry/exit.
[    0.299352][    T0] 	All grace periods are expedited (rcu_expedited).
[    0.299887][    T0] 	Tasks RCU enabled.
[    0.300203][    T0] rcu: RCU calculated value of scheduler-enlistment delay is 10 jiffies.
[    0.300878][    T0] rcu: Adjusting geometry for rcu_fanout_leaf=16, nr_cpu_ids=2
[    0.305655][    T0] NR_IRQS: 4352, nr_irqs: 440, preallocated irqs: 16
[    0.306697][    T0] random: get_random_bytes called from start_kernel+0x63c/0x96e with crng_init=0
[    0.311151][    T0] Console: colour VGA+ 80x25
[    0.312731][    T0] printk: console [ttyS0] enabled
[    0.312731][    T0] printk: console [ttyS0] enabled
[    0.313648][    T0] printk: bootconsole [earlyser0] disabled
[    0.313648][    T0] printk: bootconsole [earlyser0] disabled
[    0.314694][    T0] Lock dependency validator: Copyright (c) 2006 Red Hat, Inc., Ingo Molnar
[    0.315485][    T0] ... MAX_LOCKDEP_SUBCLASSES:  8
[    0.315952][    T0] ... MAX_LOCK_DEPTH:          48
[    0.316401][    T0] ... MAX_LOCKDEP_KEYS:        8192
[    0.316865][    T0] ... CLASSHASH_SIZE:          4096
[    0.317336][    T0] ... MAX_LOCKDEP_ENTRIES:     32768
[    0.317814][    T0] ... MAX_LOCKDEP_CHAINS:      65536
[    0.318291][    T0] ... CHAINHASH_SIZE:          32768
[    0.318764][    T0]  memory used by lock dependency info: 6301 kB
[    0.319326][    T0]  memory used for stack traces: 4224 kB
[    0.319836][    T0]  per task-struct memory footprint: 1920 bytes
[    0.320483][    T0] mempolicy: Enabling automatic NUMA balancing. Configure with numa_balancing= or the kernel.numa_balancing sysctl
[    0.321536][    T0] ACPI: Core revision 20200326
[    0.322340][    T0] clocksource: hpet: mask: 0xffffffff max_cycles: 0xffffffff, max_idle_ns: 19112604467 ns
[    0.323345][    T0] APIC: Switch to symmetric I/O mode setup
[    0.324042][    T0] x2apic enabled
[    0.324552][    T0] Switched APIC routing to physical x2apic.
[    0.325074][    T0] KVM setup pv IPIs
[    0.326397][    T0] ..TIMER: vector=0x30 apic1=0 pin1=2 apic2=-1 pin2=-1
[    0.326979][    T0] clocksource: tsc-early: mask: 0xffffffffffffffff max_cycles: 0x2b3e43c8763, max_idle_ns: 440795360101 ns
[    0.327924][    T0] Calibrating delay loop (skipped) preset value.. 5999.99 BogoMIPS (lpj=29999980)
[    0.328676][    T0] pid_max: default: 32768 minimum: 301
[    0.329303][    T0] LSM: Security Framework initializing
[    0.329796][    T0] Yama: becoming mindful.
[    0.330216][    T0] TOMOYO Linux initialized
[    0.330825][    T0] AppArmor: AppArmor initialized
[    0.331287][    T0] LSM support for eBPF active
[    0.332504][    T0] Dentry cache hash table entries: 262144 (order: 9, 2097152 bytes, vmalloc)
[    0.338219][    T0] Inode-cache hash table entries: 131072 (order: 8, 1048576 bytes, vmalloc)
[    0.339011][    T0] Mount-cache hash table entries: 4096 (order: 3, 32768 bytes, vmalloc)
[    0.339714][    T0] Mountpoint-cache hash table entries: 4096 (order: 3, 32768 bytes, vmalloc)
[    0.342348][    T0] x86/cpu: User Mode Instruction Prevention (UMIP) activated
[    0.343077][    T0] Last level iTLB entries: 4KB 0, 2MB 0, 4MB 0
[    0.343595][    T0] Last level dTLB entries: 4KB 0, 2MB 0, 4MB 0, 1GB 0
[    0.344178][    T0] Spectre V1 : Mitigation: usercopy/swapgs barriers and __user pointer sanitization
[    0.344982][    T0] Spectre V2 : Mitigation: Enhanced IBRS
[    0.345420][    T0] Spectre V2 : Spectre v2 / SpectreRSB mitigation: Filling RSB on context switch
[    0.346277][    T0] Spectre V2 : mitigation: Enabling conditional Indirect Branch Prediction Barrier
[    0.347315][    T0] Speculative Store Bypass: Mitigation: Speculative Store Bypass disabled via prctl
[    0.347958][    T0] TAA: Mitigation: Clear CPU buffers
[    0.349365][    T0] Freeing SMP alternatives memory: 100K
[    0.350430][    T1] smpboot: CPU0: Intel(R) Core(TM) i9-10980XE CPU @ 3.00GHz (family: 0x6, model: 0x55, stepping: 0x7)
[    0.352388][    T1] Performance Events: Skylake events, full-width counters, Intel PMU driver.
[    0.353189][    T1] ... version:                2
[    0.353602][    T1] ... bit width:              48
[    0.354025][    T1] ... generic registers:      4
[    0.354435][    T1] ... value mask:             0000ffffffffffff
[    0.354955][    T1] ... max period:             00007fffffffffff
[    0.355456][    T1] ... fixed-purpose events:   3
[    0.355829][    T1] ... event mask:             000000070000000f
[    0.356586][    T1] rcu: Hierarchical SRCU implementation.
[    0.361154][    T1] smp: Bringing up secondary CPUs ...
[    0.362508][    T1] x86: Booting SMP configuration:
[    0.362920][    T1] .... node  #1, CPUs:      #1
[    0.021358][    T0] kvm-clock: cpu 1, msr ef39041, secondary cpu clock
[    0.364279][   T15] KVM setup async PF for cpu 1
[    0.364279][   T15] kvm-stealtime: cpu 1, msr 7ec21b80
[    0.364279][    T1] smp: Brought up 2 nodes, 2 CPUs
[    0.364279][    T1] smpboot: Max logical packages: 1
[    0.364279][    T1] smpboot: Total of 2 processors activated (11999.99 BogoMIPS)
[    0.370203][    T1] allocated 12582912 bytes of page_ext
[    0.370779][    T1] Node 0, zone      DMA: page owner found early allocated 0 pages
[    0.374857][    T1] Node 0, zone    DMA32: page owner found early allocated 2711 pages
[    0.375871][    T1] Node 1, zone    DMA32: page owner found early allocated 2636 pages
[    0.377038][    T1] devtmpfs: initialized
[    0.378512][    T1] x86/mm: Memory block size: 128MB
[    0.393384][    T1] clocksource: jiffies: mask: 0xffffffff max_cycles: 0xffffffff, max_idle_ns: 19112604462750000 ns
[    0.398236][   T24] kworker/u5:0 (24) used greatest stack depth: 27304 bytes left
[    0.398929][    T1] futex hash table entries: 512 (order: 4, 65536 bytes, vmalloc)
[    0.399946][    T1] xor: automatically using best checksumming function   avx       
[    0.401763][    T1] PM: RTC time: 02:59:35, date: 2023-12-03
[    0.402253][    T1] thermal_sys: Registered thermal governor 'step_wise'
[    0.402255][    T1] thermal_sys: Registered thermal governor 'user_space'
[    0.404325][    T1] NET: Registered protocol family 16
[    0.409662][    T1] audit: initializing netlink subsys (disabled)
[    0.412092][   T34] kworker/u5:0 (34) used greatest stack depth: 26896 bytes left
[    0.413693][   T26] audit: type=2000 audit(1701572375.304:1): state=initialized audit_enabled=0 res=1
[    0.417583][    T1] cpuidle: using governor menu
[    0.418063][    T1] NET: Registered protocol family 42
[    0.421570][    T1] ACPI: bus type PCI registered
[    0.425270][    T1] dca service started, version 1.12.1
[    0.426059][    T1] PCI: Using configuration type 1 for base access
[    0.911166][    T1] HugeTLB registered 1.00 GiB page size, pre-allocated 0 pages
[    0.911951][    T1] HugeTLB registered 2.00 MiB page size, pre-allocated 0 pages
[    0.921415][    T1] cryptd: max_cpu_qlen set to 1000
[    0.950318][    T1] raid6: skip pq benchmark and using algorithm avx512x4
[    0.951039][    T1] raid6: using avx512x2 recovery algorithm
[    0.952095][    T1] ACPI: Added _OSI(Module Device)
[    0.958509][    T1] ACPI: Added _OSI(Processor Device)
[    0.959046][    T1] ACPI: Added _OSI(3.0 _SCP Extensions)
[    0.959593][    T1] ACPI: Added _OSI(Processor Aggregator Device)
[    0.960279][    T1] ACPI: Added _OSI(Linux-Dell-Video)
[    0.960855][    T1] ACPI: Added _OSI(Linux-Lenovo-NV-HDMI-Audio)
[    0.961507][    T1] ACPI: Added _OSI(Linux-HPI-Hybrid-Graphics)
[    0.983976][    T1] ACPI: 1 ACPI AML tables successfully acquired and loaded
[    1.021374][    T1] ACPI: Interpreter enabled
[    1.021928][    T1] ACPI: (supports S0 S3 S4 S5)
[    1.022311][    T1] ACPI: Using IOAPIC for interrupt routing
[    1.022937][    T1] PCI: Using host bridge windows from ACPI; if necessary, use "pci=nocrs" and report a bug
[    1.025405][    T1] ACPI: Enabled 2 GPEs in block 00 to 0F
[    1.086163][    T1] ACPI: PCI Root Bridge [PCI0] (domain 0000 [bus 00-ff])
[    1.086843][    T1] acpi PNP0A03:00: _OSC: OS supports [ASPM ClockPM Segments MSI HPX-Type3]
[    1.088028][    T1] acpi PNP0A03:00: fail to add MMCONFIG information, can't access extended PCI configuration space under this bridge.
[    1.089964][    T1] PCI host bridge to bus 0000:00
[    1.090486][    T1] pci_bus 0000:00: Unknown NUMA node; performance will be reduced
[    1.091291][    T1] pci_bus 0000:00: root bus resource [io  0x0000-0x0cf7 window]
[    1.092040][    T1] pci_bus 0000:00: root bus resource [io  0x0d00-0xffff window]
[    1.092808][    T1] pci_bus 0000:00: root bus resource [mem 0x000a0000-0x000bffff window]
[    1.093621][    T1] pci_bus 0000:00: root bus resource [mem 0x80000000-0xfebfffff window]
[    1.094477][    T1] pci_bus 0000:00: root bus resource [mem 0x100000000-0x17fffffff window]
[    1.095341][    T1] pci_bus 0000:00: root bus resource [bus 00-ff]
[    1.096079][    T1] pci 0000:00:00.0: [8086:1237] type 00 class 0x060000
[    1.101682][    T1] pci 0000:00:01.0: [8086:7000] type 00 class 0x060100
[    1.105023][    T1] pci 0000:00:01.1: [8086:7010] type 00 class 0x010180
[    1.107091][    T1] pci 0000:00:01.1: reg 0x20: [io  0xc040-0xc04f]
[    1.108809][    T1] pci 0000:00:01.1: legacy IDE quirk: reg 0x10: [io  0x01f0-0x01f7]
[    1.109613][    T1] pci 0000:00:01.1: legacy IDE quirk: reg 0x14: [io  0x03f6]
[    1.110294][    T1] pci 0000:00:01.1: legacy IDE quirk: reg 0x18: [io  0x0170-0x0177]
[    1.111033][    T1] pci 0000:00:01.1: legacy IDE quirk: reg 0x1c: [io  0x0376]
[    1.113792][    T1] pci 0000:00:01.3: [8086:7113] type 00 class 0x068000
[    1.115074][    T1] pci 0000:00:01.3: quirk: [io  0x0600-0x063f] claimed by PIIX4 ACPI
[    1.115780][    T1] pci 0000:00:01.3: quirk: [io  0x0700-0x070f] claimed by PIIX4 SMB
[    1.118406][    T1] pci 0000:00:02.0: [1234:1111] type 00 class 0x030000
[    1.120055][    T1] pci 0000:00:02.0: reg 0x10: [mem 0xfd000000-0xfdffffff pref]
[    1.121725][    T1] pci 0000:00:02.0: reg 0x18: [mem 0xfebf0000-0xfebf0fff]
[    1.124700][    T1] pci 0000:00:02.0: reg 0x30: [mem 0xfebe0000-0xfebeffff pref]
[    1.129243][    T1] pci 0000:00:03.0: [8086:100e] type 00 class 0x020000
[    1.130279][    T1] pci 0000:00:03.0: reg 0x10: [mem 0xfebc0000-0xfebdffff]
[    1.131244][    T1] pci 0000:00:03.0: reg 0x14: [io  0xc000-0xc03f]
[    1.133746][    T1] pci 0000:00:03.0: reg 0x30: [mem 0xfeb80000-0xfebbffff pref]
[    1.143882][    T1] ACPI: PCI Interrupt Link [LNKA] (IRQs 5 *10 11)
[    1.145990][    T1] ACPI: PCI Interrupt Link [LNKB] (IRQs 5 *10 11)
[    1.149637][    T1] ACPI: PCI Interrupt Link [LNKC] (IRQs 5 10 *11)
[    1.151488][    T1] ACPI: PCI Interrupt Link [LNKD] (IRQs 5 10 *11)
[    1.152565][    T1] ACPI: PCI Interrupt Link [LNKS] (IRQs *9)
[    1.156902][    T1] iommu: Default domain type: Translated 
[    1.158055][    T1] pci 0000:00:02.0: vgaarb: setting as boot VGA device
[    1.158603][    T1] pci 0000:00:02.0: vgaarb: VGA device added: decodes=io+mem,owns=io+mem,locks=none
[    1.159331][    T1] pci 0000:00:02.0: vgaarb: bridge control possible
[    1.159832][    T1] vgaarb: loaded
[    1.165058][    T1] SCSI subsystem initialized
[    1.167018][    T1] ACPI: bus type USB registered
[    1.167806][    T1] usbcore: registered new interface driver usbfs
[    1.168811][    T1] usbcore: registered new interface driver hub
[    1.169518][    T1] usbcore: registered new device driver usb
[    1.171622][    T1] mc: Linux media interface: v0.10
[    1.172233][    T1] videodev: Linux video capture interface: v2.00
[    1.173498][    T1] pps_core: LinuxPPS API ver. 1 registered
[    1.173953][    T1] pps_core: Software ver. 5.3.6 - Copyright 2005-2007 Rodolfo Giometti <giometti@linux.it>
[    1.175211][    T1] PTP clock support registered
[    1.180640][    T1] EDAC MC: Ver: 3.0.0
[    1.183854][    T1] Advanced Linux Sound Architecture Driver Initialized.
[    1.184792][    T1] PCI: Using ACPI for IRQ routing
[    1.187255][    T1] Bluetooth: Core ver 2.22
[    1.187797][    T1] NET: Registered protocol family 31
[    1.188105][    T1] Bluetooth: HCI device and connection manager initialized
[    1.188737][    T1] Bluetooth: HCI socket layer initialized
[    1.189176][    T1] Bluetooth: L2CAP socket layer initialized
[    1.189650][    T1] Bluetooth: SCO socket layer initialized
[    1.190117][    T1] NET: Registered protocol family 8
[    1.190509][    T1] NET: Registered protocol family 20
[    1.193824][    T1] NetLabel: Initializing
[    1.194161][    T1] NetLabel:  domain hash size = 128
[    1.194554][    T1] NetLabel:  protocols = UNLABELED CIPSOv4 CALIPSO
[    1.195224][    T1] NetLabel:  unlabeled traffic allowed by default
[    1.196031][    T1] nfc: nfc_init: NFC Core ver 0.1
[    1.196031][    T1] NET: Registered protocol family 39
[    1.201378][    T1] hpet0: at MMIO 0xfed00000, IRQs 2, 8, 0
[    1.201836][    T1] hpet0: 3 comparators, 64-bit 100.000000 MHz counter
[    1.206295][    T1] clocksource: Switched to clocksource kvm-clock
[    2.663150][    T1] VFS: Disk quotas dquot_6.6.0
[    2.663621][    T1] VFS: Dquot-cache hash table entries: 512 (order 0, 4096 bytes)
[    2.664656][    T1] FS-Cache: Loaded
[    2.665641][    T1] CacheFiles: Loaded
[    2.666216][    T1] TOMOYO: 2.6.0
[    2.666499][    T1] Mandatory Access Control activated.
[    2.667909][    T1] AppArmor: AppArmor Filesystem Enabled
[    2.668720][    T1] pnp: PnP ACPI init
[    2.674088][    T1] pnp: PnP ACPI: found 6 devices
[    2.715097][    T1] clocksource: acpi_pm: mask: 0xffffff max_cycles: 0xffffff, max_idle_ns: 2085701024 ns
[    2.716951][    T1] pci_bus 0000:00: resource 4 [io  0x0000-0x0cf7 window]
[    2.717732][    T1] pci_bus 0000:00: resource 5 [io  0x0d00-0xffff window]
[    2.718552][    T1] pci_bus 0000:00: resource 6 [mem 0x000a0000-0x000bffff window]
[    2.719390][    T1] pci_bus 0000:00: resource 7 [mem 0x80000000-0xfebfffff window]
[    2.720193][    T1] pci_bus 0000:00: resource 8 [mem 0x100000000-0x17fffffff window]
[    2.721698][    T1] NET: Registered protocol family 2
[    2.724088][    T1] tcp_listen_portaddr_hash hash table entries: 1024 (order: 4, 81920 bytes, vmalloc)
[    2.725533][    T1] TCP established hash table entries: 16384 (order: 5, 131072 bytes, vmalloc)
[    2.727764][    T1] TCP bind hash table entries: 16384 (order: 8, 1179648 bytes, vmalloc)
[    2.730462][    T1] TCP: Hash tables configured (established 16384 bind 16384)
[    2.732088][    T1] UDP hash table entries: 1024 (order: 5, 163840 bytes, vmalloc)
[    2.733187][    T1] UDP-Lite hash table entries: 1024 (order: 5, 163840 bytes, vmalloc)
[    2.734579][    T1] NET: Registered protocol family 1
[    2.736023][    T1] RPC: Registered named UNIX socket transport module.
[    2.736777][    T1] RPC: Registered udp transport module.
[    2.737371][    T1] RPC: Registered tcp transport module.
[    2.738024][    T1] RPC: Registered tcp NFSv4.1 backchannel transport module.
[    2.739701][    T1] NET: Registered protocol family 44
[    2.740308][    T1] pci 0000:00:01.0: PIIX3: Enabling Passive Release
[    2.741026][    T1] pci 0000:00:00.0: Limiting direct PCI/PCI transfers
[    2.741783][    T1] pci 0000:00:01.0: Activating ISA DMA hang workarounds
[    2.742624][    T1] pci 0000:00:02.0: Video device with shadowed ROM at [mem 0x000c0000-0x000dffff]
[    2.743637][    T1] PCI: CLS 0 bytes, default 64
[    2.752093][    T1] RAPL PMU: API unit is 2^-32 Joules, 0 fixed counters, 10737418240 ms ovfl timer
[    2.753068][    T1] kvm: no hardware support
[    2.753597][    T1] has_svm: not amd or hygon
[    2.754125][    T1] kvm: no hardware support
[    2.754526][    T1] clocksource: tsc: mask: 0xffffffffffffffff max_cycles: 0x2b3e43c8763, max_idle_ns: 440795360101 ns
[    2.796401][ T2255] kworker/u6:0 (2255) used greatest stack depth: 26736 bytes left
[    2.805014][    T1] Initialise system trusted keyrings
[    2.807557][    T1] workingset: timestamp_bits=40 max_order=19 bucket_order=0
[    2.892719][    T1] DLM installed
[    2.901421][    T1] squashfs: version 4.0 (2009/01/31) Phillip Lougher
[    2.913444][    T1] FS-Cache: Netfs 'nfs' registered for caching
[    2.916495][    T1] NFS: Registering the id_resolver key type
[    2.917193][    T1] Key type id_resolver registered
[    2.917751][    T1] Key type id_legacy registered
[    2.919672][    T1] nfs4filelayout_init: NFSv4 File Layout Driver Registering...
[    2.920552][    T1] Installing knfsd (copyright (C) 1996 okir@monad.swb.de).
[    2.927913][    T1] FS-Cache: Netfs 'cifs' registered for caching
[    2.931764][    T1] Key type cifs.spnego registered
[    2.932199][    T1] Key type cifs.idmap registered
[    2.933337][    T1] ntfs: driver 2.1.32 [Flags: R/W].
[    2.935531][    T1] efs: 1.0a - http://aeschi.ch.eu.org/efs/
[    2.936303][    T1] jffs2: version 2.2. (NAND) (SUMMARY)  Â© 2001-2006 Red Hat, Inc.
[    2.942553][    T1] romfs: ROMFS MTD (C) 2007 Red Hat, Inc.
[    2.943583][    T1] QNX4 filesystem 0.2.3 registered.
[    2.944308][    T1] qnx6: QNX6 filesystem 1.0.0 registered.
[    2.945362][    T1] fuse: init (API version 7.31)
[    2.949904][    T1] orangefs_debugfs_init: called with debug mask: :none: :0:
[    2.950846][    T1] orangefs_init: module version upstream loaded
[    2.955166][    T1] JFS: nTxBlock = 8192, nTxLock = 65536
[    2.963469][    T1] SGI XFS with ACLs, security attributes, realtime, quota, no debug enabled
[    2.970818][    T1] 9p: Installing v9fs 9p2000 file system support
[    2.971654][    T1] FS-Cache: Netfs '9p' registered for caching
[    2.973330][    T1] NILFS version 2 loaded
[    2.973663][    T1] befs: version: 0.9.3
[    2.975642][    T1] ocfs2: Registered cluster interface o2cb
[    2.976554][    T1] ocfs2: Registered cluster interface user
[    2.977527][    T1] OCFS2 User DLM kernel interface loaded
[    2.987086][    T1] gfs2: GFS2 installed
[    2.997508][    T1] FS-Cache: Netfs 'ceph' registered for caching
[    2.999686][    T1] ceph: loaded (mds proto 32)
[    3.006229][    T1] NET: Registered protocol family 38
[    3.007080][    T1] async_tx: api initialized (async)
[    3.007507][    T1] Key type asymmetric registered
[    3.007914][    T1] Asymmetric key parser 'x509' registered
[    3.008424][    T1] Asymmetric key parser 'pkcs8' registered
[    3.008922][    T1] Key type pkcs7_test registered
[    3.009527][    T1] Block layer SCSI generic (bsg) driver version 0.4 loaded (major 241)
[    3.010451][    T1] io scheduler mq-deadline registered
[    3.010875][    T1] io scheduler kyber registered
[    3.011692][    T1] io scheduler bfq registered
[    3.025224][    T1] vga16fb: mapped to 0x000000001aebc302
[    3.496670][    T1] Console: switching to colour frame buffer device 80x30
[    3.757190][    T1] fb0: VGA16 VGA frame buffer device
[    3.758794][    T1] input: Power Button as /devices/LNXSYSTM:00/LNXPWRBN:00/input/input0
[    3.768891][    T1] ACPI: Power Button [PWRF]
[    3.773934][    T1] ioatdma: Intel(R) QuickData Technology Driver 5.00
[    3.970694][    T1] N_HDLC line discipline registered with maxframe=4096
[    3.971494][    T1] Serial: 8250/16550 driver, 4 ports, IRQ sharing enabled
[    3.972661][    T1] 00:04: ttyS0 at I/O 0x3f8 (irq = 4, base_baud = 115200) is a 16550A
[    3.982803][    T1] Initializing Nozomi driver 2.1d
[    3.985469][    T1] Non-volatile memory driver v1.3
[    3.986586][    T1] Linux agpgart interface v0.103
[    3.998617][    T1] [drm] Initialized vgem 1.0.0 20120112 for vgem on minor 0
[    4.002442][    T1] [drm] Supports vblank timestamp caching Rev 2 (21.10.2013).
[    4.005193][    T1] [drm] Initialized vkms 1.0.0 20180514 for vkms on minor 1
[    4.006173][    T1] usbcore: registered new interface driver udl
[    4.006867][    T1] fb0: switching to bochsdrmfb from VGA16 VGA
[    4.156836][    T1] Console: switching to colour VGA+ 80x25
[    4.160130][    T1] bochs-drm 0000:00:02.0: vgaarb: deactivate vga console
[    4.166269][    T1] Console: switching to colour dummy device 80x25
[    4.169614][    T1] [drm] Found bochs VGA, ID 0xb0c5.
[    4.170105][    T1] [drm] Framebuffer size 16384 kB @ 0xfd000000, mmio @ 0xfebf0000.
[    4.171386][    T1] [TTM] Zone  kernel: Available graphics memory: 758684 KiB
[    4.172299][    T1] [TTM] Initializing pool allocator
[    4.172886][    T1] [TTM] Initializing DMA pool allocator
[    4.174722][    T1] [drm] Found EDID data blob.
[    4.176498][    T1] [drm] Initialized bochs-drm 1.0.0 20130925 for 0000:00:02.0 on minor 2
[    4.183949][    T1] fbcon: bochs-drmdrmfb (fb0) is primary device
[    4.204277][    T1] Console: switching to colour frame buffer device 160x50
[    4.219868][    T1] bochs-drm 0000:00:02.0: fb0: bochs-drmdrmfb frame buffer device
[    4.247485][    T1] brd: module loaded
[    4.289707][    T1] loop: module loaded
[    4.361624][    T1] zram: Added device: zram0
[    4.366274][    T1] null_blk: module loaded
[    4.367357][    T1] Guest personality initialized and is inactive
[    4.368426][    T1] VMCI host device registered (name=vmci, major=10, minor=56)
[    4.369017][    T1] Initialized host personality
[    4.369567][    T1] usbcore: registered new interface driver rtsx_usb
[    4.370594][    T1] usbcore: registered new interface driver viperboard
[    4.371432][    T1] usbcore: registered new interface driver dln2
[    4.372282][    T1] usbcore: registered new interface driver pn533_usb
[    4.375103][    T1] nfcsim 0.2 initialized
[    4.375725][    T1] usbcore: registered new interface driver port100
[    4.378006][    T1] usbcore: registered new interface driver nfcmrvl
[    4.381298][    T1] Loading iSCSI transport class v2.0-870.
[    4.386243][    T1] st: Version 20160209, fixed bufsize 32768, s/g segs 256
[    4.403739][    T1] scsi host0: ata_piix
[    4.407016][    T1] scsi host1: ata_piix
[    4.408492][    T1] ata1: PATA max MWDMA2 cmd 0x1f0 ctl 0x3f6 bmdma 0xc040 irq 14
[    4.409164][    T1] ata2: PATA max MWDMA2 cmd 0x170 ctl 0x376 bmdma 0xc048 irq 15
[    4.415683][    T1] Rounding down aligned max_sectors from 4294967295 to 4294967288
[    4.417035][    T1] db_root: cannot open: /etc/target
[    4.418409][    T1] slram: not enough parameters.
[    4.420726][    T1] ftl_cs: FTL header not found.
[    4.440617][    T1] wireguard: WireGuard 1.0.0 loaded. See www.wireguard.com for information.
[    4.441334][    T1] wireguard: Copyright (C) 2015-2019 Jason A. Donenfeld <Jason@zx2c4.com>. All Rights Reserved.
[    4.442149][    T1] eql: Equalizer2002: Simon Janes (simon@ncm.com) and David S. Miller (davem@redhat.com)
[    4.452788][    T1] MACsec IEEE 802.1AE
[    4.454834][    T1] libphy: Fixed MDIO Bus: probed
[    4.458500][    T1] tun: Universal TUN/TAP device driver, 1.6
[    4.465362][    T1] vcan: Virtual CAN interface driver
[    4.465797][    T1] vxcan: Virtual CAN Tunnel driver
[    4.466201][    T1] slcan: serial line CAN interface driver
[    4.466651][    T1] slcan: 10 dynamic interface channels.
[    4.467089][    T1] CAN device driver interface
[    4.467648][    T1] usbcore: registered new interface driver usb_8dev
[    4.468617][    T1] usbcore: registered new interface driver ems_usb
[    4.469306][    T1] usbcore: registered new interface driver gs_usb
[    4.471330][    T1] usbcore: registered new interface driver kvaser_usb
[    4.472007][    T1] usbcore: registered new interface driver mcba_usb
[    4.472667][    T1] usbcore: registered new interface driver peak_usb
[    4.473556][    T1] e100: Intel(R) PRO/100 Network Driver, 3.5.24-k2-NAPI
[    4.474103][    T1] e100: Copyright(c) 1999-2006 Intel Corporation
[    4.474788][    T1] e1000: Intel(R) PRO/1000 Network Driver - version 7.3.21-k8-NAPI
[    4.475405][    T1] e1000: Copyright (c) 1999-2006 Intel Corporation.
[    4.578980][ T3517] ata2.00: ATAPI: QEMU DVD-ROM, 2.5+, max UDMA/100
[    4.579680][ T3512] ata1.00: ATA-7: QEMU HARDDISK, 2.5+, max UDMA/100
[    4.580226][ T3512] ata1.00: 2097458 sectors, multi 16: LBA48 
[    4.592995][   T20] scsi 0:0:0:0: Direct-Access     ATA      QEMU HARDDISK    2.5+ PQ: 0 ANSI: 5
[    4.596240][ T3521] sd 0:0:0:0: [sda] 2097458 512-byte logical blocks: (1.07 GB/1.00 GiB)
[    4.597073][ T3521] sd 0:0:0:0: [sda] Write Protect is off
[    4.597699][ T3521] sd 0:0:0:0: [sda] Write cache: enabled, read cache: enabled, doesn't support DPO or FUA
[    4.599680][   T20] sd 0:0:0:0: Attached scsi generic sg0 type 0
[    4.601585][ T1782] scsi 1:0:0:0: CD-ROM            QEMU     QEMU DVD-ROM     2.5+ PQ: 0 ANSI: 5
[    4.607634][ T3521]  sda: sda1
[    4.611502][ T3521] sd 0:0:0:0: [sda] Attached SCSI disk
[    4.648643][ T1782] sr 1:0:0:0: [sr0] scsi3-mmc drive: 4x/4x cd/rw xa/form2 tray
[    4.649283][ T1782] cdrom: Uniform CD-ROM driver Revision: 3.20
[    4.653578][ T1782] sr 1:0:0:0: Attached scsi generic sg1 type 5
[    5.638734][    T1] PCI Interrupt Link [LNKC] enabled at IRQ 11
[    6.010015][    T1] e1000 0000:00:03.0 eth1: (PCI:33MHz:32-bit) 52:54:00:12:34:56
[    6.010875][    T1] e1000 0000:00:03.0 eth1: Intel(R) PRO/1000 Network Connection
[    6.012161][    T1] e1000e: Intel(R) PRO/1000 Network Driver - 3.2.6-k
[    6.012892][    T1] e1000e: Copyright(c) 1999 - 2015 Intel Corporation.
[    6.014832][    T1] mkiss: AX.25 Multikiss, Hans Albas PE1AYX
[    6.015484][    T1] AX.25: 6pack driver, Revision: 0.3.0
[    6.016104][    T1] AX.25: bpqether driver version 004
[    6.016674][    T1] PPP generic driver version 2.4.2
[    6.018168][    T1] PPP BSD Compression module registered
[    6.018789][    T1] PPP Deflate Compression module registered
[    6.019449][    T1] PPP MPPE Compression module registered
[    6.020003][    T1] NET: Registered protocol family 24
[    6.020640][    T1] PPTP driver version 0.8.5
[    6.021572][    T1] SLIP: version 0.8.4-NET3.019-NEWTTY (dynamic channels, max=256) (6 bit encapsulation enabled).
[    6.022724][    T1] CSLIP: code copyright 1989 Regents of the University of California.
[    6.023480][    T1] SLIP linefill/keepalive option.
[    6.023918][    T1] hdlc: HDLC support module revision 1.22
[    6.024433][    T1] LAPB Ethernet driver version 0.02
[    6.025694][    T1] usbcore: registered new interface driver ath9k_htc
[    6.026482][    T1] usbcore: registered new interface driver carl9170
[    6.027245][    T1] usbcore: registered new interface driver ath6kl_usb
[    6.028104][    T1] usbcore: registered new interface driver ar5523
[    6.029073][    T1] usbcore: registered new interface driver ath10k_usb
[    6.029894][    T1] mac80211_hwsim: initializing netlink
[    6.044223][    T1] usbcore: registered new interface driver atusb
[    6.051165][    T1] mac802154_hwsim mac802154_hwsim: Added 2 mac802154 hwsim hardware radios
[    6.052235][    T1] VMware vmxnet3 virtual NIC driver - version 1.4.17.0-k-NAPI
[    6.053281][    T1] usbcore: registered new interface driver catc
[    6.054006][    T1] usbcore: registered new interface driver kaweth
[    6.054559][    T1] pegasus: v0.9.3 (2013/04/25), Pegasus/Pegasus II USB Ethernet driver
[    6.055633][    T1] usbcore: registered new interface driver pegasus
[    6.056284][    T1] usbcore: registered new interface driver rtl8150
[    6.058682][    T1] usbcore: registered new interface driver r8152
[    6.059253][    T1] hso: drivers/net/usb/hso.c: Option Wireless
[    6.059989][    T1] usbcore: registered new interface driver hso
[    6.060678][    T1] usbcore: registered new interface driver lan78xx
[    6.061428][    T1] usbcore: registered new interface driver asix
[    6.062135][    T1] usbcore: registered new interface driver ax88179_178a
[    6.062838][    T1] usbcore: registered new interface driver cdc_ether
[    6.063586][    T1] usbcore: registered new interface driver cdc_eem
[    6.064327][    T1] usbcore: registered new interface driver dm9601
[    6.065069][    T1] usbcore: registered new interface driver sr9700
[    6.065813][    T1] usbcore: registered new interface driver CoreChips
[    6.066786][    T1] usbcore: registered new interface driver smsc75xx
[    6.068971][    T1] usbcore: registered new interface driver smsc95xx
[    6.069851][    T1] usbcore: registered new interface driver gl620a
[    6.070551][    T1] usbcore: registered new interface driver net1080
[    6.071317][    T1] usbcore: registered new interface driver plusb
[    6.072046][    T1] usbcore: registered new interface driver rndis_host
[    6.072852][    T1] usbcore: registered new interface driver cdc_subset
[    6.073635][    T1] usbcore: registered new interface driver zaurus
[    6.074357][    T1] usbcore: registered new interface driver MOSCHIP usb-ethernet driver
[    6.075235][    T1] usbcore: registered new interface driver int51x1
[    6.075987][    T1] usbcore: registered new interface driver cdc_phonet
[    6.077126][    T1] usbcore: registered new interface driver kalmia
[    6.078123][    T1] usbcore: registered new interface driver ipheth
[    6.079735][    T1] usbcore: registered new interface driver sierra_net
[    6.080476][    T1] usbcore: registered new interface driver cx82310_eth
[    6.081223][    T1] usbcore: registered new interface driver cdc_ncm
[    6.081956][    T1] usbcore: registered new interface driver huawei_cdc_ncm
[    6.082741][    T1] usbcore: registered new interface driver lg-vl600
[    6.083490][    T1] usbcore: registered new interface driver qmi_wwan
[    6.084240][    T1] usbcore: registered new interface driver cdc_mbim
[    6.084979][    T1] usbcore: registered new interface driver ch9200
[    6.089218][    T1] VFIO - User Level meta-driver version: 0.3
[    6.093562][    T1] aoe: AoE v85 initialised.
[    6.097577][    T1] ehci_hcd: USB 2.0 'Enhanced' Host Controller (EHCI) Driver
[    6.100395][    T1] ehci-pci: EHCI PCI platform driver
[    6.101322][    T1] ehci-platform: EHCI generic platform driver
[    6.104784][    T1] ohci_hcd: USB 1.1 'Open' Host Controller (OHCI) Driver
[    6.105448][    T1] ohci-pci: OHCI PCI platform driver
[    6.106125][    T1] ohci-platform: OHCI generic platform driver
[    6.106831][    T1] uhci_hcd: USB Universal Host Controller Interface driver
[    6.110631][    T1] usbcore: registered new interface driver cdc_acm
[    6.111210][    T1] cdc_acm: USB Abstract Control Model driver for USB modems and ISDN adapters
[    6.112175][    T1] usbcore: registered new interface driver usblp
[    6.112997][    T1] usbcore: registered new interface driver cdc_wdm
[    6.114029][    T1] usbcore: registered new interface driver usbtmc
[    6.116717][    T1] usbcore: registered new interface driver uas
[    6.117485][    T1] usbcore: registered new interface driver usb-storage
[    6.118467][    T1] usbcore: registered new interface driver ums-alauda
[    6.119218][    T1] usbcore: registered new interface driver ums-cypress
[    6.119965][    T1] usbcore: registered new interface driver ums-datafab
[    6.120733][    T1] usbcore: registered new interface driver ums_eneub6250
[    6.121505][    T1] usbcore: registered new interface driver ums-freecom
[    6.122215][    T1] usbcore: registered new interface driver ums-isd200
[    6.122902][    T1] usbcore: registered new interface driver ums-jumpshot
[    6.123692][    T1] usbcore: registered new interface driver ums-karma
[    6.124635][    T1] usbcore: registered new interface driver ums-onetouch
[    6.125558][    T1] usbcore: registered new interface driver ums-realtek
[    6.127033][    T1] usbcore: registered new interface driver ums-sddr09
[    6.127718][    T1] usbcore: registered new interface driver ums-sddr55
[    6.128634][    T1] usbcore: registered new interface driver ums-usbat
[    6.129482][    T1] usbcore: registered new interface driver mdc800
[    6.130038][    T1] mdc800: v0.7.5 (30/10/2000):USB Driver for Mustek MDC800 Digital Camera
[    6.131259][    T1] usbcore: registered new interface driver microtekX6
[    6.132313][    T1] usbcore: registered new interface driver usbserial_generic
[    6.133548][    T1] usbserial: USB Serial support registered for generic
[    6.134414][    T1] usbcore: registered new interface driver aircable
[    6.135562][    T1] usbserial: USB Serial support registered for aircable
[    6.136300][    T1] usbcore: registered new interface driver ark3116
[    6.137186][    T1] usbserial: USB Serial support registered for ark3116
[    6.137902][    T1] usbcore: registered new interface driver belkin_sa
[    6.138618][    T1] usbserial: USB Serial support registered for Belkin / Peracom / GoHubs USB Serial Adapter
[    6.139817][    T1] usbcore: registered new interface driver ch341
[    6.140426][    T1] usbserial: USB Serial support registered for ch341-uart
[    6.141299][    T1] usbcore: registered new interface driver cp210x
[    6.142042][    T1] usbserial: USB Serial support registered for cp210x
[    6.142711][    T1] usbcore: registered new interface driver cyberjack
[    6.143518][    T1] usbserial: USB Serial support registered for Reiner SCT Cyberjack USB card reader
[    6.144484][    T1] usbcore: registered new interface driver cypress_m8
[    6.145227][    T1] usbserial: USB Serial support registered for DeLorme Earthmate USB
[    6.146065][    T1] usbserial: USB Serial support registered for HID->COM RS232 Adapter
[    6.146907][    T1] usbserial: USB Serial support registered for Nokia CA-42 V2 Adapter
[    6.147887][    T1] usbcore: registered new interface driver usb_debug
[    6.148859][    T1] usbserial: USB Serial support registered for debug
[    6.149608][    T1] usbserial: USB Serial support registered for xhci_dbc
[    6.150275][    T1] usbcore: registered new interface driver digi_acceleport
[    6.151096][    T1] usbserial: USB Serial support registered for Digi 2 port USB adapter
[    6.152028][    T1] usbserial: USB Serial support registered for Digi 4 port USB adapter
[    6.153010][    T1] usbcore: registered new interface driver io_edgeport
[    6.153675][    T1] usbserial: USB Serial support registered for Edgeport 2 port adapter
[    6.154545][    T1] usbserial: USB Serial support registered for Edgeport 4 port adapter
[    6.155395][    T1] usbserial: USB Serial support registered for Edgeport 8 port adapter
[    6.156137][    T1] usbserial: USB Serial support registered for EPiC device
[    6.157040][    T1] usbcore: registered new interface driver io_ti
[    6.157746][    T1] usbserial: USB Serial support registered for Edgeport TI 1 port adapter
[    6.158655][    T1] usbserial: USB Serial support registered for Edgeport TI 2 port adapter
[    6.159621][    T1] usbcore: registered new interface driver empeg
[    6.160374][    T1] usbserial: USB Serial support registered for empeg
[    6.161664][    T1] usbcore: registered new interface driver f81534a_ctrl
[    6.162739][    T1] usbcore: registered new interface driver f81232
[    6.163692][    T1] usbserial: USB Serial support registered for f81232
[    6.164548][    T1] usbserial: USB Serial support registered for f81534a
[    6.165550][    T1] usbcore: registered new interface driver f81534
[    6.166478][    T1] usbserial: USB Serial support registered for Fintek F81532/F81534
[    6.167604][    T1] usbcore: registered new interface driver ftdi_sio
[    6.169073][    T1] usbserial: USB Serial support registered for FTDI USB Serial Device
[    6.169921][    T1] usbcore: registered new interface driver garmin_gps
[    6.170641][    T1] usbserial: USB Serial support registered for Garmin GPS usb/tty
[    6.171425][    T1] usbcore: registered new interface driver ipaq
[    6.172058][    T1] usbserial: USB Serial support registered for PocketPC PDA
[    6.172786][    T1] usbcore: registered new interface driver ipw
[    6.173411][    T1] usbserial: USB Serial support registered for IPWireless converter
[    6.174192][    T1] usbcore: registered new interface driver ir_usb
[    6.174834][    T1] usbserial: USB Serial support registered for IR Dongle
[    6.175544][    T1] usbcore: registered new interface driver iuu_phoenix
[    6.177516][    T1] usbserial: USB Serial support registered for iuu_phoenix
[    6.178607][    T1] usbcore: registered new interface driver keyspan
[    6.179222][    T1] usbserial: USB Serial support registered for Keyspan - (without firmware)
[    6.180032][    T1] usbserial: USB Serial support registered for Keyspan 1 port adapter
[    6.180818][    T1] usbserial: USB Serial support registered for Keyspan 2 port adapter
[    6.181662][    T1] usbserial: USB Serial support registered for Keyspan 4 port adapter
[    6.182536][    T1] usbcore: registered new interface driver keyspan_pda
[    6.183209][    T1] usbserial: USB Serial support registered for Keyspan PDA
[    6.183915][    T1] usbserial: USB Serial support registered for Keyspan PDA - (prerenumeration)
[    6.184776][    T1] usbcore: registered new interface driver kl5kusb105
[    6.185787][    T1] usbserial: USB Serial support registered for KL5KUSB105D / PalmConnect
[    6.186803][    T1] usbcore: registered new interface driver kobil_sct
[    6.188369][    T1] usbserial: USB Serial support registered for KOBIL USB smart card terminal
[    6.189187][    T1] usbcore: registered new interface driver mct_u232
[    6.189803][    T1] usbserial: USB Serial support registered for MCT U232
[    6.190512][    T1] usbcore: registered new interface driver metro_usb
[    6.191400][    T1] usbserial: USB Serial support registered for Metrologic USB to Serial
[    6.192481][    T1] usbcore: registered new interface driver mos7720
[    6.193220][    T1] usbserial: USB Serial support registered for Moschip 2 port adapter
[    6.194114][    T1] usbcore: registered new interface driver mos7840
[    6.194868][    T1] usbserial: USB Serial support registered for Moschip 7840/7820 USB Serial Driver
[    6.196064][    T1] usbcore: registered new interface driver mxuport
[    6.196993][    T1] usbserial: USB Serial support registered for MOXA UPort
[    6.199424][    T1] usbcore: registered new interface driver navman
[    6.200118][    T1] usbserial: USB Serial support registered for navman
[    6.200785][    T1] usbcore: registered new interface driver omninet
[    6.201440][    T1] usbserial: USB Serial support registered for ZyXEL - omni.net lcd plus usb
[    6.202285][    T1] usbcore: registered new interface driver opticon
[    6.202943][    T1] usbserial: USB Serial support registered for opticon
[    6.203652][    T1] usbcore: registered new interface driver option
[    6.204303][    T1] usbserial: USB Serial support registered for GSM modem (1-port)
[    6.205093][    T1] usbcore: registered new interface driver oti6858
[    6.205753][    T1] usbserial: USB Serial support registered for oti6858
[    6.206445][    T1] usbcore: registered new interface driver pl2303
[    6.207523][    T1] usbserial: USB Serial support registered for pl2303
[    6.208945][    T1] usbcore: registered new interface driver qcaux
[    6.210514][    T1] usbserial: USB Serial support registered for qcaux
[    6.211221][    T1] usbcore: registered new interface driver qcserial
[    6.211901][    T1] usbserial: USB Serial support registered for Qualcomm USB modem
[    6.212749][    T1] usbcore: registered new interface driver quatech2
[    6.213429][    T1] usbserial: USB Serial support registered for Quatech 2nd gen USB to Serial Driver
[    6.214315][    T1] usbcore: registered new interface driver safe_serial
[    6.214990][    T1] usbserial: USB Serial support registered for safe_serial
[    6.215717][    T1] usbcore: registered new interface driver sierra
[    6.216380][    T1] usbserial: USB Serial support registered for Sierra USB modem
[    6.217135][    T1] usbcore: registered new interface driver usb_serial_simple
[    6.218049][    T1] usbserial: USB Serial support registered for carelink
[    6.218926][    T1] usbserial: USB Serial support registered for zio
[    6.219755][    T1] usbserial: USB Serial support registered for funsoft
[    6.221233][    T1] usbserial: USB Serial support registered for flashloader
[    6.222161][    T1] usbserial: USB Serial support registered for google
[    6.223141][    T1] usbserial: USB Serial support registered for libtransistor
[    6.224143][    T1] usbserial: USB Serial support registered for vivopay
[    6.225080][    T1] usbserial: USB Serial support registered for moto_modem
[    6.226032][    T1] usbserial: USB Serial support registered for motorola_tetra
[    6.227405][    T1] usbserial: USB Serial support registered for novatel_gps
[    6.229176][    T1] usbserial: USB Serial support registered for hp4x
[    6.230143][    T1] usbserial: USB Serial support registered for suunto
[    6.231010][    T1] usbserial: USB Serial support registered for siemens_mpi
[    6.231962][    T1] usbcore: registered new interface driver spcp8x5
[    6.232982][    T1] usbserial: USB Serial support registered for SPCP8x5
[    6.233801][    T1] usbcore: registered new interface driver ssu100
[    6.234853][    T1] usbserial: USB Serial support registered for Quatech SSU-100 USB to Serial Driver
[    6.235913][    T1] usbcore: registered new interface driver symbolserial
[    6.236898][    T1] usbserial: USB Serial support registered for symbol
[    6.237726][    T1] usbcore: registered new interface driver ti_usb_3410_5052
[    6.238976][    T1] usbserial: USB Serial support registered for TI USB 3410 1 port adapter
[    6.240050][    T1] usbserial: USB Serial support registered for TI USB 5052 2 port adapter
[    6.241169][    T1] usbcore: registered new interface driver upd78f0730
[    6.242153][    T1] usbserial: USB Serial support registered for upd78f0730
[    6.243058][    T1] usbcore: registered new interface driver visor
[    6.243978][    T1] usbserial: USB Serial support registered for Handspring Visor / Palm OS
[    6.244937][    T1] usbserial: USB Serial support registered for Sony Clie 5.0
[    6.245863][    T1] usbserial: USB Serial support registered for Sony Clie 3.5
[    6.246971][    T1] usbcore: registered new interface driver wishbone_serial
[    6.247796][    T1] usbserial: USB Serial support registered for wishbone_serial
[    6.248851][    T1] usbcore: registered new interface driver whiteheat
[    6.249533][    T1] usbserial: USB Serial support registered for Connect Tech - WhiteHEAT - (prerenumeration)
[    6.250469][    T1] usbserial: USB Serial support registered for Connect Tech - WhiteHEAT
[    6.251292][    T1] usbcore: registered new interface driver xsens_mt
[    6.252008][    T1] usbserial: USB Serial support registered for xsens_mt
[    6.253194][    T1] usbcore: registered new interface driver adutux
[    6.254265][    T1] usbcore: registered new interface driver appledisplay
[    6.255108][    T1] usbcore: registered new interface driver cypress_cy7c63
[    6.256099][    T1] usbcore: registered new interface driver cytherm
[    6.256764][    T1] usbcore: registered new interface driver emi26 - firmware loader
[    6.257592][    T1] usbcore: registered new interface driver emi62 - firmware loader
[    6.258473][    T1] usbcore: registered new interface driver idmouse
[    6.259165][    T1] usbcore: registered new interface driver iowarrior
[    6.260047][    T1] usbcore: registered new interface driver isight_firmware
[    6.260736][    T1] usbcore: registered new interface driver usblcd
[    6.261465][    T1] usbcore: registered new interface driver ldusb
[    6.262266][    T1] usbcore: registered new interface driver legousbtower
[    6.263047][    T1] usbcore: registered new interface driver usbtest
[    6.263975][    T1] usbcore: registered new interface driver usb_ehset_test
[    6.264662][    T1] usbcore: registered new interface driver trancevibrator
[    6.265357][    T1] usbcore: registered new interface driver uss720
[    6.265856][    T1] uss720: USB Parport Cable driver for Cables using the Lucent Technologies USS720 Chip
[    6.266613][    T1] uss720: NOTE: this is a special purpose driver to allow nonstandard
[    6.267248][    T1] uss720: protocols (eg. bitbang) over USS720 usb to parallel cables
[    6.267869][    T1] uss720: If you just want to connect to a printer, use usblp instead
[    6.269317][    T1] usbcore: registered new interface driver usbsevseg
[    6.270036][    T1] usbcore: registered new interface driver yurex
[    6.271360][    T1] usbcore: registered new interface driver chaoskey
[    6.272039][    T1] usbcore: registered new interface driver sisusb
[    6.272743][    T1] usbcore: registered new interface driver lvs
[    6.273396][    T1] usbcore: registered new interface driver cxacru
[    6.274086][    T1] usbcore: registered new interface driver speedtch
[    6.274788][    T1] usbcore: registered new interface driver ueagle-atm
[    6.275324][    T1] xusbatm: malformed module parameters
[    6.279361][    T1] dummy_hcd dummy_hcd.0: USB Host+Gadget Emulator, driver 02 May 2005
[    6.280071][    T1] dummy_hcd dummy_hcd.0: Dummy host controller
[    6.282988][    T1] dummy_hcd dummy_hcd.0: new USB bus registered, assigned bus number 1
[    6.285006][    T1] usb usb1: New USB device found, idVendor=1d6b, idProduct=0002, bcdDevice= 5.07
[    6.285846][    T1] usb usb1: New USB device strings: Mfr=3, Product=2, SerialNumber=1
[    6.286555][    T1] usb usb1: Product: Dummy host controller
[    6.287050][    T1] usb usb1: Manufacturer: Linux 5.7.0-rc5-d59eb177c84f-01824-gd59eb177c84f dummy_hcd
[    6.287853][    T1] usb usb1: SerialNumber: dummy_hcd.0
[    6.290886][    T1] hub 1-0:1.0: USB hub found
[    6.291480][    T1] hub 1-0:1.0: 1 port detected
[    6.293893][    T1] dummy_hcd dummy_hcd.1: USB Host+Gadget Emulator, driver 02 May 2005
[    6.294555][    T1] dummy_hcd dummy_hcd.1: Dummy host controller
[    6.295611][    T1] dummy_hcd dummy_hcd.1: new USB bus registered, assigned bus number 2
[    6.297171][    T1] usb usb2: New USB device found, idVendor=1d6b, idProduct=0002, bcdDevice= 5.07
[    6.297889][    T1] usb usb2: New USB device strings: Mfr=3, Product=2, SerialNumber=1
[    6.298718][    T1] usb usb2: Product: Dummy host controller
[    6.299178][    T1] usb usb2: Manufacturer: Linux 5.7.0-rc5-d59eb177c84f-01824-gd59eb177c84f dummy_hcd
[    6.299910][    T1] usb usb2: SerialNumber: dummy_hcd.1
[    6.301483][    T1] hub 2-0:1.0: USB hub found
[    6.301948][    T1] hub 2-0:1.0: 1 port detected
[    6.303712][    T1] dummy_hcd dummy_hcd.2: USB Host+Gadget Emulator, driver 02 May 2005
[    6.304388][    T1] dummy_hcd dummy_hcd.2: Dummy host controller
[    6.305368][    T1] dummy_hcd dummy_hcd.2: new USB bus registered, assigned bus number 3
[    6.306422][    T1] usb usb3: New USB device found, idVendor=1d6b, idProduct=0002, bcdDevice= 5.07
[    6.307198][    T1] usb usb3: New USB device strings: Mfr=3, Product=2, SerialNumber=1
[    6.307881][    T1] usb usb3: Product: Dummy host controller
[    6.308537][    T1] usb usb3: Manufacturer: Linux 5.7.0-rc5-d59eb177c84f-01824-gd59eb177c84f dummy_hcd
[    6.309268][    T1] usb usb3: SerialNumber: dummy_hcd.2
[    6.311400][    T1] hub 3-0:1.0: USB hub found
[    6.311851][    T1] hub 3-0:1.0: 1 port detected
[    6.313943][    T1] dummy_hcd dummy_hcd.3: USB Host+Gadget Emulator, driver 02 May 2005
[    6.314802][    T1] dummy_hcd dummy_hcd.3: Dummy host controller
[    6.315812][    T1] dummy_hcd dummy_hcd.3: new USB bus registered, assigned bus number 4
[    6.316984][    T1] usb usb4: New USB device found, idVendor=1d6b, idProduct=0002, bcdDevice= 5.07
[    6.317777][    T1] usb usb4: New USB device strings: Mfr=3, Product=2, SerialNumber=1
[    6.319382][    T1] usb usb4: Product: Dummy host controller
[    6.319888][    T1] usb usb4: Manufacturer: Linux 5.7.0-rc5-d59eb177c84f-01824-gd59eb177c84f dummy_hcd
[    6.320693][    T1] usb usb4: SerialNumber: dummy_hcd.3
[    6.322224][    T1] hub 4-0:1.0: USB hub found
[    6.322695][    T1] hub 4-0:1.0: 1 port detected
[    6.324383][    T1] dummy_hcd dummy_hcd.4: USB Host+Gadget Emulator, driver 02 May 2005
[    6.325041][    T1] dummy_hcd dummy_hcd.4: Dummy host controller
[    6.325882][    T1] dummy_hcd dummy_hcd.4: new USB bus registered, assigned bus number 5
[    6.326920][    T1] usb usb5: New USB device found, idVendor=1d6b, idProduct=0002, bcdDevice= 5.07
[    6.327634][    T1] usb usb5: New USB device strings: Mfr=3, Product=2, SerialNumber=1
[    6.328276][    T1] usb usb5: Product: Dummy host controller
[    6.328727][    T1] usb usb5: Manufacturer: Linux 5.7.0-rc5-d59eb177c84f-01824-gd59eb177c84f dummy_hcd
[    6.329455][    T1] usb usb5: SerialNumber: dummy_hcd.4
[    6.331620][    T1] hub 5-0:1.0: USB hub found
[    6.332088][    T1] hub 5-0:1.0: 1 port detected
[    6.333935][    T1] dummy_hcd dummy_hcd.5: USB Host+Gadget Emulator, driver 02 May 2005
[    6.334598][    T1] dummy_hcd dummy_hcd.5: Dummy host controller
[    6.335441][    T1] dummy_hcd dummy_hcd.5: new USB bus registered, assigned bus number 6
[    6.336472][    T1] usb usb6: New USB device found, idVendor=1d6b, idProduct=0002, bcdDevice= 5.07
[    6.337178][    T1] usb usb6: New USB device strings: Mfr=3, Product=2, SerialNumber=1
[    6.337799][    T1] usb usb6: Product: Dummy host controller
[    6.338321][    T1] usb usb6: Manufacturer: Linux 5.7.0-rc5-d59eb177c84f-01824-gd59eb177c84f dummy_hcd
[    6.339109][    T1] usb usb6: SerialNumber: dummy_hcd.5
[    6.340699][    T1] hub 6-0:1.0: USB hub found
[    6.341205][    T1] hub 6-0:1.0: 1 port detected
[    6.342947][    T1] dummy_hcd dummy_hcd.6: USB Host+Gadget Emulator, driver 02 May 2005
[    6.343677][    T1] dummy_hcd dummy_hcd.6: Dummy host controller
[    6.345361][    T1] dummy_hcd dummy_hcd.6: new USB bus registered, assigned bus number 7
[    6.346797][    T1] usb usb7: New USB device found, idVendor=1d6b, idProduct=0002, bcdDevice= 5.07
[    6.347605][    T1] usb usb7: New USB device strings: Mfr=3, Product=2, SerialNumber=1
[    6.348750][    T1] usb usb7: Product: Dummy host controller
[    6.349274][    T1] usb usb7: Manufacturer: Linux 5.7.0-rc5-d59eb177c84f-01824-gd59eb177c84f dummy_hcd
[    6.350101][    T1] usb usb7: SerialNumber: dummy_hcd.6
[    6.351720][    T1] hub 7-0:1.0: USB hub found
[    6.352249][    T1] hub 7-0:1.0: 1 port detected
[    6.354043][    T1] dummy_hcd dummy_hcd.7: USB Host+Gadget Emulator, driver 02 May 2005
[    6.354717][    T1] dummy_hcd dummy_hcd.7: Dummy host controller
[    6.355702][    T1] dummy_hcd dummy_hcd.7: new USB bus registered, assigned bus number 8
[    6.357232][    T1] usb usb8: New USB device found, idVendor=1d6b, idProduct=0002, bcdDevice= 5.07
[    6.358168][    T1] usb usb8: New USB device strings: Mfr=3, Product=2, SerialNumber=1
[    6.358795][    T1] usb usb8: Product: Dummy host controller
[    6.359284][    T1] usb usb8: Manufacturer: Linux 5.7.0-rc5-d59eb177c84f-01824-gd59eb177c84f dummy_hcd
[    6.360018][    T1] usb usb8: SerialNumber: dummy_hcd.7
[    6.361511][    T1] hub 8-0:1.0: USB hub found
[    6.361970][    T1] hub 8-0:1.0: 1 port detected
[    6.373083][    T1] gadgetfs: USB Gadget filesystem, version 24 Aug 2004
[    6.379367][    T1] vhci_hcd vhci_hcd.0: USB/IP Virtual Host Controller
[    6.380433][    T1] vhci_hcd vhci_hcd.0: new USB bus registered, assigned bus number 9
[    6.381251][    T1] vhci_hcd: created sysfs vhci_hcd.0
[    6.382118][    T1] usb usb9: New USB device found, idVendor=1d6b, idProduct=0002, bcdDevice= 5.07
[    6.382821][    T1] usb usb9: New USB device strings: Mfr=3, Product=2, SerialNumber=1
[    6.383482][    T1] usb usb9: Product: USB/IP Virtual Host Controller
[    6.384041][    T1] usb usb9: Manufacturer: Linux 5.7.0-rc5-d59eb177c84f-01824-gd59eb177c84f vhci_hcd
[    6.384786][    T1] usb usb9: SerialNumber: vhci_hcd.0
[    6.386686][    T1] hub 9-0:1.0: USB hub found
[    6.387210][    T1] hub 9-0:1.0: 8 ports detected
[    6.390528][    T1] vhci_hcd vhci_hcd.0: USB/IP Virtual Host Controller
[    6.391509][    T1] vhci_hcd vhci_hcd.0: new USB bus registered, assigned bus number 10
[    6.392366][    T1] usb usb10: We don't know the algorithms for LPM for this host, disabling LPM.
[    6.393642][    T1] usb usb10: New USB device found, idVendor=1d6b, idProduct=0003, bcdDevice= 5.07
[    6.394368][    T1] usb usb10: New USB device strings: Mfr=3, Product=2, SerialNumber=1
[    6.395001][    T1] usb usb10: Product: USB/IP Virtual Host Controller
[    6.395517][    T1] usb usb10: Manufacturer: Linux 5.7.0-rc5-d59eb177c84f-01824-gd59eb177c84f vhci_hcd
[    6.396255][    T1] usb usb10: SerialNumber: vhci_hcd.0
[    6.397844][    T1] hub 10-0:1.0: USB hub found
[    6.398388][    T1] hub 10-0:1.0: 8 ports detected
[    6.402148][    T1] vhci_hcd vhci_hcd.1: USB/IP Virtual Host Controller
[    6.403318][    T1] vhci_hcd vhci_hcd.1: new USB bus registered, assigned bus number 11
[    6.404489][    T1] usb usb11: New USB device found, idVendor=1d6b, idProduct=0002, bcdDevice= 5.07
[    6.405209][    T1] usb usb11: New USB device strings: Mfr=3, Product=2, SerialNumber=1
[    6.405850][    T1] usb usb11: Product: USB/IP Virtual Host Controller
[    6.406643][    T1] usb usb11: Manufacturer: Linux 5.7.0-rc5-d59eb177c84f-01824-gd59eb177c84f vhci_hcd
[    6.407540][    T1] usb usb11: SerialNumber: vhci_hcd.1
[    6.409830][    T1] hub 11-0:1.0: USB hub found
[    6.410353][    T1] hub 11-0:1.0: 8 ports detected
[    6.413822][    T1] vhci_hcd vhci_hcd.1: USB/IP Virtual Host Controller
[    6.414852][    T1] vhci_hcd vhci_hcd.1: new USB bus registered, assigned bus number 12
[    6.415717][    T1] usb usb12: We don't know the algorithms for LPM for this host, disabling LPM.
[    6.416845][    T1] usb usb12: New USB device found, idVendor=1d6b, idProduct=0003, bcdDevice= 5.07
[    6.417567][    T1] usb usb12: New USB device strings: Mfr=3, Product=2, SerialNumber=1
[    6.418700][    T1] usb usb12: Product: USB/IP Virtual Host Controller
[    6.419235][    T1] usb usb12: Manufacturer: Linux 5.7.0-rc5-d59eb177c84f-01824-gd59eb177c84f vhci_hcd
[    6.419972][    T1] usb usb12: SerialNumber: vhci_hcd.1
[    6.421379][    T1] hub 12-0:1.0: USB hub found
[    6.421854][    T1] hub 12-0:1.0: 8 ports detected
[    6.425445][    T1] vhci_hcd vhci_hcd.2: USB/IP Virtual Host Controller
[    6.426451][    T1] vhci_hcd vhci_hcd.2: new USB bus registered, assigned bus number 13
[    6.427670][    T1] usb usb13: New USB device found, idVendor=1d6b, idProduct=0002, bcdDevice= 5.07
[    6.429622][    T1] usb usb13: New USB device strings: Mfr=3, Product=2, SerialNumber=1
[    6.430270][    T1] usb usb13: Product: USB/IP Virtual Host Controller
[    6.430797][    T1] usb usb13: Manufacturer: Linux 5.7.0-rc5-d59eb177c84f-01824-gd59eb177c84f vhci_hcd
[    6.431532][    T1] usb usb13: SerialNumber: vhci_hcd.2
[    6.432941][    T1] hub 13-0:1.0: USB hub found
[    6.433416][    T1] hub 13-0:1.0: 8 ports detected
[    6.436475][    T1] vhci_hcd vhci_hcd.2: USB/IP Virtual Host Controller
[    6.437924][    T1] vhci_hcd vhci_hcd.2: new USB bus registered, assigned bus number 14
[    6.439192][    T1] usb usb14: We don't know the algorithms for LPM for this host, disabling LPM.
[    6.440469][    T1] usb usb14: New USB device found, idVendor=1d6b, idProduct=0003, bcdDevice= 5.07
[    6.441397][    T1] usb usb14: New USB device strings: Mfr=3, Product=2, SerialNumber=1
[    6.442214][    T1] usb usb14: Product: USB/IP Virtual Host Controller
[    6.442877][    T1] usb usb14: Manufacturer: Linux 5.7.0-rc5-d59eb177c84f-01824-gd59eb177c84f vhci_hcd
[    6.443788][    T1] usb usb14: SerialNumber: vhci_hcd.2
[    6.445478][    T1] hub 14-0:1.0: USB hub found
[    6.446015][    T1] hub 14-0:1.0: 8 ports detected
[    6.450385][    T1] vhci_hcd vhci_hcd.3: USB/IP Virtual Host Controller
[    6.451409][    T1] vhci_hcd vhci_hcd.3: new USB bus registered, assigned bus number 15
[    6.452697][    T1] usb usb15: New USB device found, idVendor=1d6b, idProduct=0002, bcdDevice= 5.07
[    6.453524][    T1] usb usb15: New USB device strings: Mfr=3, Product=2, SerialNumber=1
[    6.454299][    T1] usb usb15: Product: USB/IP Virtual Host Controller
[    6.454910][    T1] usb usb15: Manufacturer: Linux 5.7.0-rc5-d59eb177c84f-01824-gd59eb177c84f vhci_hcd
[    6.455784][    T1] usb usb15: SerialNumber: vhci_hcd.3
[    6.457612][    T1] hub 15-0:1.0: USB hub found
[    6.458253][    T1] hub 15-0:1.0: 8 ports detected
[    6.461172][    T1] vhci_hcd vhci_hcd.3: USB/IP Virtual Host Controller
[    6.462103][    T1] vhci_hcd vhci_hcd.3: new USB bus registered, assigned bus number 16
[    6.462896][    T1] usb usb16: We don't know the algorithms for LPM for this host, disabling LPM.
[    6.463922][    T1] usb usb16: New USB device found, idVendor=1d6b, idProduct=0003, bcdDevice= 5.07
[    6.464645][    T1] usb usb16: New USB device strings: Mfr=3, Product=2, SerialNumber=1
[    6.465356][    T1] usb usb16: Product: USB/IP Virtual Host Controller
[    6.465920][    T1] usb usb16: Manufacturer: Linux 5.7.0-rc5-d59eb177c84f-01824-gd59eb177c84f vhci_hcd
[    6.466818][    T1] usb usb16: SerialNumber: vhci_hcd.3
[    6.469253][    T1] hub 16-0:1.0: USB hub found
[    6.469779][    T1] hub 16-0:1.0: 8 ports detected
[    6.473859][    T1] vhci_hcd vhci_hcd.4: USB/IP Virtual Host Controller
[    6.474970][    T1] vhci_hcd vhci_hcd.4: new USB bus registered, assigned bus number 17
[    6.476117][    T1] usb usb17: New USB device found, idVendor=1d6b, idProduct=0002, bcdDevice= 5.07
[    6.476854][    T1] usb usb17: New USB device strings: Mfr=3, Product=2, SerialNumber=1
[    6.477487][    T1] usb usb17: Product: USB/IP Virtual Host Controller
[    6.478283][    T1] usb usb17: Manufacturer: Linux 5.7.0-rc5-d59eb177c84f-01824-gd59eb177c84f vhci_hcd
[    6.479023][    T1] usb usb17: SerialNumber: vhci_hcd.4
[    6.480518][    T1] hub 17-0:1.0: USB hub found
[    6.480990][    T1] hub 17-0:1.0: 8 ports detected
[    6.483934][    T1] vhci_hcd vhci_hcd.4: USB/IP Virtual Host Controller
[    6.484986][    T1] vhci_hcd vhci_hcd.4: new USB bus registered, assigned bus number 18
[    6.485792][    T1] usb usb18: We don't know the algorithms for LPM for this host, disabling LPM.
[    6.487047][    T1] usb usb18: New USB device found, idVendor=1d6b, idProduct=0003, bcdDevice= 5.07
[    6.487778][    T1] usb usb18: New USB device strings: Mfr=3, Product=2, SerialNumber=1
[    6.488607][    T1] usb usb18: Product: USB/IP Virtual Host Controller
[    6.489137][    T1] usb usb18: Manufacturer: Linux 5.7.0-rc5-d59eb177c84f-01824-gd59eb177c84f vhci_hcd
[    6.489874][    T1] usb usb18: SerialNumber: vhci_hcd.4
[    6.491404][    T1] hub 18-0:1.0: USB hub found
[    6.491873][    T1] hub 18-0:1.0: 8 ports detected
[    6.495488][    T1] vhci_hcd vhci_hcd.5: USB/IP Virtual Host Controller
[    6.496534][    T1] vhci_hcd vhci_hcd.5: new USB bus registered, assigned bus number 19
[    6.497900][    T1] usb usb19: New USB device found, idVendor=1d6b, idProduct=0002, bcdDevice= 5.07
[    6.499687][    T1] usb usb19: New USB device strings: Mfr=3, Product=2, SerialNumber=1
[    6.500418][    T1] usb usb19: Product: USB/IP Virtual Host Controller
[    6.501002][    T1] usb usb19: Manufacturer: Linux 5.7.0-rc5-d59eb177c84f-01824-gd59eb177c84f vhci_hcd
[    6.501827][    T1] usb usb19: SerialNumber: vhci_hcd.5
[    6.503504][    T1] hub 19-0:1.0: USB hub found
[    6.504019][    T1] hub 19-0:1.0: 8 ports detected
[    6.507240][    T1] vhci_hcd vhci_hcd.5: USB/IP Virtual Host Controller
[    6.509334][    T1] vhci_hcd vhci_hcd.5: new USB bus registered, assigned bus number 20
[    6.510184][    T1] usb usb20: We don't know the algorithms for LPM for this host, disabling LPM.
[    6.511292][    T1] usb usb20: New USB device found, idVendor=1d6b, idProduct=0003, bcdDevice= 5.07
[    6.512010][    T1] usb usb20: New USB device strings: Mfr=3, Product=2, SerialNumber=1
[    6.512723][    T1] usb usb20: Product: USB/IP Virtual Host Controller
[    6.513307][    T1] usb usb20: Manufacturer: Linux 5.7.0-rc5-d59eb177c84f-01824-gd59eb177c84f vhci_hcd
[    6.514040][    T1] usb usb20: SerialNumber: vhci_hcd.5
[    6.515639][    T1] hub 20-0:1.0: USB hub found
[    6.516112][    T1] hub 20-0:1.0: 8 ports detected
[    6.520252][    T1] vhci_hcd vhci_hcd.6: USB/IP Virtual Host Controller
[    6.521289][    T1] vhci_hcd vhci_hcd.6: new USB bus registered, assigned bus number 21
[    6.522332][    T1] usb usb21: New USB device found, idVendor=1d6b, idProduct=0002, bcdDevice= 5.07
[    6.523056][    T1] usb usb21: New USB device strings: Mfr=3, Product=2, SerialNumber=1
[    6.523690][    T1] usb usb21: Product: USB/IP Virtual Host Controller
[    6.524214][    T1] usb usb21: Manufacturer: Linux 5.7.0-rc5-d59eb177c84f-01824-gd59eb177c84f vhci_hcd
[    6.524994][    T1] usb usb21: SerialNumber: vhci_hcd.6
[    6.526930][    T1] hub 21-0:1.0: USB hub found
[    6.527404][    T1] hub 21-0:1.0: 8 ports detected
[    6.531154][    T1] vhci_hcd vhci_hcd.6: USB/IP Virtual Host Controller
[    6.532188][    T1] vhci_hcd vhci_hcd.6: new USB bus registered, assigned bus number 22
[    6.533062][    T1] usb usb22: We don't know the algorithms for LPM for this host, disabling LPM.
[    6.534388][    T1] usb usb22: New USB device found, idVendor=1d6b, idProduct=0003, bcdDevice= 5.07
[    6.535190][    T1] usb usb22: New USB device strings: Mfr=3, Product=2, SerialNumber=1
[    6.535883][    T1] usb usb22: Product: USB/IP Virtual Host Controller
[    6.536454][    T1] usb usb22: Manufacturer: Linux 5.7.0-rc5-d59eb177c84f-01824-gd59eb177c84f vhci_hcd
[    6.537258][    T1] usb usb22: SerialNumber: vhci_hcd.6
[    6.539057][    T1] hub 22-0:1.0: USB hub found
[    6.539549][    T1] hub 22-0:1.0: 8 ports detected
[    6.543191][    T1] vhci_hcd vhci_hcd.7: USB/IP Virtual Host Controller
[    6.544658][    T1] vhci_hcd vhci_hcd.7: new USB bus registered, assigned bus number 23
[    6.545787][    T1] usb usb23: New USB device found, idVendor=1d6b, idProduct=0002, bcdDevice= 5.07
[    6.546509][    T1] usb usb23: New USB device strings: Mfr=3, Product=2, SerialNumber=1
[    6.547144][    T1] usb usb23: Product: USB/IP Virtual Host Controller
[    6.547663][    T1] usb usb23: Manufacturer: Linux 5.7.0-rc5-d59eb177c84f-01824-gd59eb177c84f vhci_hcd
[    6.548502][    T1] usb usb23: SerialNumber: vhci_hcd.7
[    6.549993][    T1] hub 23-0:1.0: USB hub found
[    6.550534][    T1] hub 23-0:1.0: 8 ports detected
[    6.553629][    T1] vhci_hcd vhci_hcd.7: USB/IP Virtual Host Controller
[    6.554663][    T1] vhci_hcd vhci_hcd.7: new USB bus registered, assigned bus number 24
[    6.555528][    T1] usb usb24: We don't know the algorithms for LPM for this host, disabling LPM.
[    6.556831][    T1] usb usb24: New USB device found, idVendor=1d6b, idProduct=0003, bcdDevice= 5.07
[    6.557557][    T1] usb usb24: New USB device strings: Mfr=3, Product=2, SerialNumber=1
[    6.558714][    T1] usb usb24: Product: USB/IP Virtual Host Controller
[    6.559291][    T1] usb usb24: Manufacturer: Linux 5.7.0-rc5-d59eb177c84f-01824-gd59eb177c84f vhci_hcd
[    6.560369][    T1] usb usb24: SerialNumber: vhci_hcd.7
[    6.562080][    T1] hub 24-0:1.0: USB hub found
[    6.562610][    T1] hub 24-0:1.0: 8 ports detected
[    6.566667][    T1] vhci_hcd vhci_hcd.8: USB/IP Virtual Host Controller
[    6.567846][    T1] vhci_hcd vhci_hcd.8: new USB bus registered, assigned bus number 25
[    6.569753][    T1] usb usb25: New USB device found, idVendor=1d6b, idProduct=0002, bcdDevice= 5.07
[    6.570487][    T1] usb usb25: New USB device strings: Mfr=3, Product=2, SerialNumber=1
[    6.571129][    T1] usb usb25: Product: USB/IP Virtual Host Controller
[    6.571649][    T1] usb usb25: Manufacturer: Linux 5.7.0-rc5-d59eb177c84f-01824-gd59eb177c84f vhci_hcd
[    6.572391][    T1] usb usb25: SerialNumber: vhci_hcd.8
[    6.574159][    T1] hub 25-0:1.0: USB hub found
[    6.574651][    T1] hub 25-0:1.0: 8 ports detected
[    6.577854][    T1] vhci_hcd vhci_hcd.8: USB/IP Virtual Host Controller
[    6.580019][    T1] vhci_hcd vhci_hcd.8: new USB bus registered, assigned bus number 26
[    6.580906][    T1] usb usb26: We don't know the algorithms for LPM for this host, disabling LPM.
[    6.582080][    T1] usb usb26: New USB device found, idVendor=1d6b, idProduct=0003, bcdDevice= 5.07
[    6.582801][    T1] usb usb26: New USB device strings: Mfr=3, Product=2, SerialNumber=1
[    6.583444][    T1] usb usb26: Product: USB/IP Virtual Host Controller
[    6.583963][    T1] usb usb26: Manufacturer: Linux 5.7.0-rc5-d59eb177c84f-01824-gd59eb177c84f vhci_hcd
[    6.584702][    T1] usb usb26: SerialNumber: vhci_hcd.8
[    6.586273][    T1] hub 26-0:1.0: USB hub found
[    6.586743][    T1] hub 26-0:1.0: 8 ports detected
[    6.590493][    T1] vhci_hcd vhci_hcd.9: USB/IP Virtual Host Controller
[    6.591743][    T1] vhci_hcd vhci_hcd.9: new USB bus registered, assigned bus number 27
[    6.593098][    T1] usb usb27: New USB device found, idVendor=1d6b, idProduct=0002, bcdDevice= 5.07
[    6.593895][    T1] usb usb27: New USB device strings: Mfr=3, Product=2, SerialNumber=1
[    6.594584][    T1] usb usb27: Product: USB/IP Virtual Host Controller
[    6.595148][    T1] usb usb27: Manufacturer: Linux 5.7.0-rc5-d59eb177c84f-01824-gd59eb177c84f vhci_hcd
[    6.595969][    T1] usb usb27: SerialNumber: vhci_hcd.9
[    6.597958][    T1] hub 27-0:1.0: USB hub found
[    6.598570][    T1] hub 27-0:1.0: 8 ports detected
[    6.601763][    T1] vhci_hcd vhci_hcd.9: USB/IP Virtual Host Controller
[    6.602724][    T1] vhci_hcd vhci_hcd.9: new USB bus registered, assigned bus number 28
[    6.603567][    T1] usb usb28: We don't know the algorithms for LPM for this host, disabling LPM.
[    6.604694][    T1] usb usb28: New USB device found, idVendor=1d6b, idProduct=0003, bcdDevice= 5.07
[    6.605413][    T1] usb usb28: New USB device strings: Mfr=3, Product=2, SerialNumber=1
[    6.606039][    T1] usb usb28: Product: USB/IP Virtual Host Controller
[    6.606602][    T1] usb usb28: Manufacturer: Linux 5.7.0-rc5-d59eb177c84f-01824-gd59eb177c84f vhci_hcd
[    6.607332][    T1] usb usb28: SerialNumber: vhci_hcd.9
[    6.609111][    T1] hub 28-0:1.0: USB hub found
[    6.609639][    T1] hub 28-0:1.0: 8 ports detected
[    6.613438][    T1] vhci_hcd vhci_hcd.10: USB/IP Virtual Host Controller
[    6.614394][    T1] vhci_hcd vhci_hcd.10: new USB bus registered, assigned bus number 29
[    6.615627][    T1] usb usb29: New USB device found, idVendor=1d6b, idProduct=0002, bcdDevice= 5.07
[    6.616421][    T1] usb usb29: New USB device strings: Mfr=3, Product=2, SerialNumber=1
[    6.617119][    T1] usb usb29: Product: USB/IP Virtual Host Controller
[    6.617687][    T1] usb usb29: Manufacturer: Linux 5.7.0-rc5-d59eb177c84f-01824-gd59eb177c84f vhci_hcd
[    6.619032][    T1] usb usb29: SerialNumber: vhci_hcd.10
[    6.620605][    T1] hub 29-0:1.0: USB hub found
[    6.621195][    T1] hub 29-0:1.0: 8 ports detected
[    6.625204][    T1] vhci_hcd vhci_hcd.10: USB/IP Virtual Host Controller
[    6.626342][    T1] vhci_hcd vhci_hcd.10: new USB bus registered, assigned bus number 30
[    6.627267][    T1] usb usb30: We don't know the algorithms for LPM for this host, disabling LPM.
[    6.629515][    T1] usb usb30: New USB device found, idVendor=1d6b, idProduct=0003, bcdDevice= 5.07
[    6.630324][    T1] usb usb30: New USB device strings: Mfr=3, Product=2, SerialNumber=1
[    6.630960][    T1] usb usb30: Product: USB/IP Virtual Host Controller
[    6.631481][    T1] usb usb30: Manufacturer: Linux 5.7.0-rc5-d59eb177c84f-01824-gd59eb177c84f vhci_hcd
[    6.632250][    T1] usb usb30: SerialNumber: vhci_hcd.10
[    6.634099][    T1] hub 30-0:1.0: USB hub found
[    6.634622][    T1] hub 30-0:1.0: 8 ports detected
[    6.638786][    T1] vhci_hcd vhci_hcd.11: USB/IP Virtual Host Controller
[    6.640025][    T1] vhci_hcd vhci_hcd.11: new USB bus registered, assigned bus number 31
[    6.641451][    T1] usb usb31: New USB device found, idVendor=1d6b, idProduct=0002, bcdDevice= 5.07
[    6.642273][    T1] usb usb31: New USB device strings: Mfr=3, Product=2, SerialNumber=1
[    6.643002][    T1] usb usb31: Product: USB/IP Virtual Host Controller
[    6.643599][    T1] usb usb31: Manufacturer: Linux 5.7.0-rc5-d59eb177c84f-01824-gd59eb177c84f vhci_hcd
[    6.644457][    T1] usb usb31: SerialNumber: vhci_hcd.11
[    6.646479][    T1] hub 31-0:1.0: USB hub found
[    6.647010][    T1] hub 31-0:1.0: 8 ports detected
[    6.650866][    T1] vhci_hcd vhci_hcd.11: USB/IP Virtual Host Controller
[    6.651916][    T1] vhci_hcd vhci_hcd.11: new USB bus registered, assigned bus number 32
[    6.653157][    T1] usb usb32: We don't know the algorithms for LPM for this host, disabling LPM.
[    6.654513][    T1] usb usb32: New USB device found, idVendor=1d6b, idProduct=0003, bcdDevice= 5.07
[    6.655302][    T1] usb usb32: New USB device strings: Mfr=3, Product=2, SerialNumber=1
[    6.655995][    T1] usb usb32: Product: USB/IP Virtual Host Controller
[    6.656566][    T1] usb usb32: Manufacturer: Linux 5.7.0-rc5-d59eb177c84f-01824-gd59eb177c84f vhci_hcd
[    6.657369][    T1] usb usb32: SerialNumber: vhci_hcd.11
[    6.659703][    T1] hub 32-0:1.0: USB hub found
[    6.660227][    T1] hub 32-0:1.0: 8 ports detected
[    6.664165][    T1] vhci_hcd vhci_hcd.12: USB/IP Virtual Host Controller
[    6.665138][    T1] vhci_hcd vhci_hcd.12: new USB bus registered, assigned bus number 33
[    6.666197][    T1] usb usb33: New USB device found, idVendor=1d6b, idProduct=0002, bcdDevice= 5.07
[    6.666941][    T1] usb usb33: New USB device strings: Mfr=3, Product=2, SerialNumber=1
[    6.667587][    T1] usb usb33: Product: USB/IP Virtual Host Controller
[    6.669632][    T1] usb usb33: Manufacturer: Linux 5.7.0-rc5-d59eb177c84f-01824-gd59eb177c84f vhci_hcd
[    6.670555][    T1] usb usb33: SerialNumber: vhci_hcd.12
[    6.672260][    T1] hub 33-0:1.0: USB hub found
[    6.672833][    T1] hub 33-0:1.0: 8 ports detected
[    6.675990][    T1] vhci_hcd vhci_hcd.12: USB/IP Virtual Host Controller
[    6.677290][    T1] vhci_hcd vhci_hcd.12: new USB bus registered, assigned bus number 34
[    6.678797][    T1] usb usb34: We don't know the algorithms for LPM for this host, disabling LPM.
[    6.680141][    T1] usb usb34: New USB device found, idVendor=1d6b, idProduct=0003, bcdDevice= 5.07
[    6.681047][    T1] usb usb34: New USB device strings: Mfr=3, Product=2, SerialNumber=1
[    6.681851][    T1] usb usb34: Product: USB/IP Virtual Host Controller
[    6.682510][    T1] usb usb34: Manufacturer: Linux 5.7.0-rc5-d59eb177c84f-01824-gd59eb177c84f vhci_hcd
[    6.683555][    T1] usb usb34: SerialNumber: vhci_hcd.12
[    6.685316][    T1] hub 34-0:1.0: USB hub found
[    6.685841][    T1] hub 34-0:1.0: 8 ports detected
[    6.690134][    T1] vhci_hcd vhci_hcd.13: USB/IP Virtual Host Controller
[    6.691242][    T1] vhci_hcd vhci_hcd.13: new USB bus registered, assigned bus number 35
[    6.692425][    T1] usb usb35: New USB device found, idVendor=1d6b, idProduct=0002, bcdDevice= 5.07
[    6.693140][    T1] usb usb35: New USB device strings: Mfr=3, Product=2, SerialNumber=1
[    6.693771][    T1] usb usb35: Product: USB/IP Virtual Host Controller
[    6.694286][    T1] usb usb35: Manufacturer: Linux 5.7.0-rc5-d59eb177c84f-01824-gd59eb177c84f vhci_hcd
[    6.695012][    T1] usb usb35: SerialNumber: vhci_hcd.13
[    6.696521][    T1] hub 35-0:1.0: USB hub found
[    6.697118][    T1] hub 35-0:1.0: 8 ports detected
[    6.700538][    T1] vhci_hcd vhci_hcd.13: USB/IP Virtual Host Controller
[    6.701528][    T1] vhci_hcd vhci_hcd.13: new USB bus registered, assigned bus number 36
[    6.702328][    T1] usb usb36: We don't know the algorithms for LPM for this host, disabling LPM.
[    6.703365][    T1] usb usb36: New USB device found, idVendor=1d6b, idProduct=0003, bcdDevice= 5.07
[    6.704079][    T1] usb usb36: New USB device strings: Mfr=3, Product=2, SerialNumber=1
[    6.704708][    T1] usb usb36: Product: USB/IP Virtual Host Controller
[    6.705227][    T1] usb usb36: Manufacturer: Linux 5.7.0-rc5-d59eb177c84f-01824-gd59eb177c84f vhci_hcd
[    6.705954][    T1] usb usb36: SerialNumber: vhci_hcd.13
[    6.707677][    T1] hub 36-0:1.0: USB hub found
[    6.709516][    T1] hub 36-0:1.0: 8 ports detected
[    6.713427][    T1] vhci_hcd vhci_hcd.14: USB/IP Virtual Host Controller
[    6.714774][    T1] vhci_hcd vhci_hcd.14: new USB bus registered, assigned bus number 37
[    6.716519][    T1] usb usb37: New USB device found, idVendor=1d6b, idProduct=0002, bcdDevice= 5.07
[    6.717314][    T1] usb usb37: New USB device strings: Mfr=3, Product=2, SerialNumber=1
[    6.718956][    T1] usb usb37: Product: USB/IP Virtual Host Controller
[    6.719537][    T1] usb usb37: Manufacturer: Linux 5.7.0-rc5-d59eb177c84f-01824-gd59eb177c84f vhci_hcd
[    6.720341][    T1] usb usb37: SerialNumber: vhci_hcd.14
[    6.721874][    T1] hub 37-0:1.0: USB hub found
[    6.722389][    T1] hub 37-0:1.0: 8 ports detected
[    6.725588][    T1] vhci_hcd vhci_hcd.14: USB/IP Virtual Host Controller
[    6.726571][    T1] vhci_hcd vhci_hcd.14: new USB bus registered, assigned bus number 38
[    6.727374][    T1] usb usb38: We don't know the algorithms for LPM for this host, disabling LPM.
[    6.728533][    T1] usb usb38: New USB device found, idVendor=1d6b, idProduct=0003, bcdDevice= 5.07
[    6.729343][    T1] usb usb38: New USB device strings: Mfr=3, Product=2, SerialNumber=1
[    6.729974][    T1] usb usb38: Product: USB/IP Virtual Host Controller
[    6.730535][    T1] usb usb38: Manufacturer: Linux 5.7.0-rc5-d59eb177c84f-01824-gd59eb177c84f vhci_hcd
[    6.731267][    T1] usb usb38: SerialNumber: vhci_hcd.14
[    6.732847][    T1] hub 38-0:1.0: USB hub found
[    6.733339][    T1] hub 38-0:1.0: 8 ports detected
[    6.736977][    T1] vhci_hcd vhci_hcd.15: USB/IP Virtual Host Controller
[    6.738767][    T1] vhci_hcd vhci_hcd.15: new USB bus registered, assigned bus number 39
[    6.740040][    T1] usb usb39: New USB device found, idVendor=1d6b, idProduct=0002, bcdDevice= 5.07
[    6.740802][    T1] usb usb39: New USB device strings: Mfr=3, Product=2, SerialNumber=1
[    6.741457][    T1] usb usb39: Product: USB/IP Virtual Host Controller
[    6.741993][    T1] usb usb39: Manufacturer: Linux 5.7.0-rc5-d59eb177c84f-01824-gd59eb177c84f vhci_hcd
[    6.742753][    T1] usb usb39: SerialNumber: vhci_hcd.15
[    6.744995][    T1] hub 39-0:1.0: USB hub found
[    6.745557][    T1] hub 39-0:1.0: 8 ports detected
[    6.749560][    T1] vhci_hcd vhci_hcd.15: USB/IP Virtual Host Controller
[    6.750597][    T1] vhci_hcd vhci_hcd.15: new USB bus registered, assigned bus number 40
[    6.751415][    T1] usb usb40: We don't know the algorithms for LPM for this host, disabling LPM.
[    6.752456][    T1] usb usb40: New USB device found, idVendor=1d6b, idProduct=0003, bcdDevice= 5.07
[    6.753177][    T1] usb usb40: New USB device strings: Mfr=3, Product=2, SerialNumber=1
[    6.753812][    T1] usb usb40: Product: USB/IP Virtual Host Controller
[    6.754339][    T1] usb usb40: Manufacturer: Linux 5.7.0-rc5-d59eb177c84f-01824-gd59eb177c84f vhci_hcd
[    6.755093][    T1] usb usb40: SerialNumber: vhci_hcd.15
[    6.756663][    T1] hub 40-0:1.0: USB hub found
[    6.757136][    T1] hub 40-0:1.0: 8 ports detected
[    6.761849][    T1] usbcore: registered new device driver usbip-host
[    6.764771][    T1] i8042: PNP: PS/2 Controller [PNP0303:KBD,PNP0f13:MOU] at 0x60,0x64 irq 1,12
[    6.769898][    T1] serio: i8042 KBD port at 0x60,0x64 irq 1
[    6.770924][    T1] serio: i8042 AUX port at 0x60,0x64 irq 12
[    6.772954][    T1] mousedev: PS/2 mouse device common for all mice
[    6.774199][    T1] usbcore: registered new interface driver appletouch
[    6.774965][    T1] usbcore: registered new interface driver bcm5974
[    6.776762][ T3651] input: AT Translated Set 2 keyboard as /devices/platform/i8042/serio0/input/input1
[    6.779294][    T1] usbcore: registered new interface driver synaptics_usb
[    6.780160][    T1] usbcore: registered new interface driver iforce
[    6.781274][    T1] usbcore: registered new interface driver xpad
[    6.782118][    T1] usbcore: registered new interface driver usb_acecad
[    6.783136][    T1] usbcore: registered new interface driver aiptek
[    6.784103][    T1] usbcore: registered new interface driver hanwang
[    6.785135][    T1] usbcore: registered new interface driver kbtab
[    6.786148][    T1] usbcore: registered new interface driver pegasus_notetaker
[    6.787111][    T1] usbcore: registered new interface driver usbtouchscreen
[    6.788439][    T1] usbcore: registered new interface driver sur40
[    6.789467][    T1] usbcore: registered new interface driver ati_remote2
[    6.790068][    T1] cm109: Keymap for Komunikate KIP1000 phone loaded
[    6.791728][    T1] usbcore: registered new interface driver cm109
[    6.792230][    T1] cm109: CM109 phone driver: 20080805 (C) Alfred E. Heggestad
[    6.792984][    T1] usbcore: registered new interface driver ims_pcu
[    6.793675][    T1] usbcore: registered new interface driver keyspan_remote
[    6.794439][    T1] usbcore: registered new interface driver powermate
[    6.795476][    T1] usbcore: registered new interface driver yealink
[    6.797428][    T1] rtc_cmos 00:05: RTC can wake from S4
[    6.800598][    T1] rtc_cmos 00:05: registered as rtc0
[    6.801033][    T1] rtc_cmos 00:05: alarms up to one day, y3k, 242 bytes nvram, hpet irqs
[    6.804406][    T1] i2c /dev entries driver
[    6.805371][    T1] usbcore: registered new interface driver i2c-diolan-u2c
[    6.806302][    T1] usbcore: registered new interface driver RobotFuzz Open Source InterFace, OSIF
[    6.807631][    T1] usbcore: registered new interface driver i2c-tiny-usb
[    6.811777][    T1] usbcore: registered new interface driver ati_remote
[    6.815685][    T1] usbcore: registered new interface driver imon
[    6.816489][    T1] usbcore: registered new interface driver mceusb
[    6.817208][    T1] usbcore: registered new interface driver redrat3
[    6.818558][    T1] usbcore: registered new interface driver streamzap
[    6.819290][    T1] usbcore: registered new interface driver igorplugusb
[    6.819996][    T1] usbcore: registered new interface driver iguanair
[    6.820735][    T1] usbcore: registered new interface driver ttusbir
[    6.821255][    T1] b2c2-flexcop: B2C2 FlexcopII/II(b)/III digital TV receiver chip loaded successfully
[    6.831944][    T1] vivid-000: using single planar format API
[    6.844067][    T1] vivid-000: CEC adapter cec0 registered for HDMI input 0
[    6.845089][    T1] vivid-000: V4L2 capture device registered as video3
[    6.846045][    T1] vivid-000: CEC adapter cec1 registered for HDMI output 0
[    6.847011][    T1] vivid-000: V4L2 output device registered as video4
[    6.847890][    T1] vivid-000: V4L2 capture device registered as vbi0, supports raw and sliced VBI
[    6.849218][    T1] vivid-000: V4L2 output device registered as vbi1, supports raw and sliced VBI
[    6.850445][    T1] vivid-000: V4L2 capture device registered as swradio0
[    6.851259][    T1] vivid-000: V4L2 receiver device registered as radio0
[    6.852104][    T1] vivid-000: V4L2 transmitter device registered as radio1
[    6.853039][    T1] vivid-000: V4L2 metadata capture device registered as video5
[    6.853969][    T1] vivid-000: V4L2 metadata output device registered as video6
[    6.855135][    T1] vivid-000: V4L2 touch capture device registered as v4l-touch0
[    6.856126][    T1] vivid-001: using multiplanar format API
[    6.864788][    T1] vivid-001: CEC adapter cec2 registered for HDMI input 0
[    6.865696][    T1] vivid-001: V4L2 capture device registered as video7
[    6.866534][    T1] vivid-001: CEC adapter cec3 registered for HDMI output 0
[    6.867402][    T1] vivid-001: V4L2 output device registered as video8
[    6.868799][    T1] vivid-001: V4L2 capture device registered as vbi2, supports raw and sliced VBI
[    6.870514][    T1] vivid-001: V4L2 output device registered as vbi3, supports raw and sliced VBI
[    6.871921][    T1] vivid-001: V4L2 capture device registered as swradio1
[    6.872788][    T1] vivid-001: V4L2 receiver device registered as radio2
[    6.873665][    T1] vivid-001: V4L2 transmitter device registered as radio3
[    6.874527][    T1] vivid-001: V4L2 metadata capture device registered as video9
[    6.875419][    T1] vivid-001: V4L2 metadata output device registered as video10
[    6.876445][    T1] vivid-001: V4L2 touch capture device registered as v4l-touch1
[    6.877515][    T1] vivid-002: using single planar format API
[    6.886777][    T1] vivid-002: CEC adapter cec4 registered for HDMI input 0
[    6.887675][    T1] vivid-002: V4L2 capture device registered as video11
[    6.888607][    T1] vivid-002: CEC adapter cec5 registered for HDMI output 0
[    6.889485][    T1] vivid-002: V4L2 output device registered as video12
[    6.890330][    T1] vivid-002: V4L2 capture device registered as vbi4, supports raw and sliced VBI
[    6.891397][    T1] vivid-002: V4L2 output device registered as vbi5, supports raw and sliced VBI
[    6.892797][    T1] vivid-002: V4L2 capture device registered as swradio2
[    6.893601][    T1] vivid-002: V4L2 receiver device registered as radio4
[    6.894473][    T1] vivid-002: V4L2 transmitter device registered as radio5
[    6.895341][    T1] vivid-002: V4L2 metadata capture device registered as video13
[    6.896244][    T1] vivid-002: V4L2 metadata output device registered as video14
[    6.897277][    T1] vivid-002: V4L2 touch capture device registered as v4l-touch2
[    6.898423][    T1] vivid-003: using multiplanar format API
[    6.907739][    T1] vivid-003: CEC adapter cec6 registered for HDMI input 0
[    6.908687][    T1] vivid-003: V4L2 capture device registered as video15
[    6.909641][    T1] vivid-003: CEC adapter cec7 registered for HDMI output 0
[    6.910616][    T1] vivid-003: V4L2 output device registered as video16
[    6.911519][    T1] vivid-003: V4L2 capture device registered as vbi6, supports raw and sliced VBI
[    6.912649][    T1] vivid-003: V4L2 output device registered as vbi7, supports raw and sliced VBI
[    6.913761][    T1] vivid-003: V4L2 capture device registered as swradio3
[    6.914724][    T1] vivid-003: V4L2 receiver device registered as radio6
[    6.915619][    T1] vivid-003: V4L2 transmitter device registered as radio7
[    6.916629][    T1] vivid-003: V4L2 metadata capture device registered as video17
[    6.917737][    T1] vivid-003: V4L2 metadata output device registered as video18
[    6.919111][    T1] vivid-003: V4L2 touch capture device registered as v4l-touch3
[    6.920216][    T1] vivid-004: using single planar format API
[    6.929010][    T1] vivid-004: CEC adapter cec8 registered for HDMI input 0
[    6.930292][    T1] vivid-004: V4L2 capture device registered as video19
[    6.931328][    T1] vivid-004: CEC adapter cec9 registered for HDMI output 0
[    6.932329][    T1] vivid-004: V4L2 output device registered as video20
[    6.933461][    T1] vivid-004: V4L2 capture device registered as vbi8, supports raw and sliced VBI
[    6.934701][    T1] vivid-004: V4L2 output device registered as vbi9, supports raw and sliced VBI
[    6.935790][    T1] vivid-004: V4L2 capture device registered as swradio4
[    6.936713][    T1] vivid-004: V4L2 receiver device registered as radio8
[    6.937660][    T1] vivid-004: V4L2 transmitter device registered as radio9
[    6.938718][    T1] vivid-004: V4L2 metadata capture device registered as video21
[    6.939762][    T1] vivid-004: V4L2 metadata output device registered as video22
[    6.940806][    T1] vivid-004: V4L2 touch capture device registered as v4l-touch4
[    6.942454][    T1] vivid-005: using multiplanar format API
[    6.951248][    T1] vivid-005: CEC adapter cec10 registered for HDMI input 0
[    6.952134][    T1] vivid-005: V4L2 capture device registered as video23
[    6.953010][    T1] vivid-005: CEC adapter cec11 registered for HDMI output 0
[    6.954067][    T1] vivid-005: V4L2 output device registered as video24
[    6.955214][    T1] vivid-005: V4L2 capture device registered as vbi10, supports raw and sliced VBI
[    6.956275][    T1] vivid-005: V4L2 output device registered as vbi11, supports raw and sliced VBI
[    6.957390][    T1] vivid-005: V4L2 capture device registered as swradio5
[    6.959013][    T1] vivid-005: V4L2 receiver device registered as radio10
[    6.960072][    T1] vivid-005: V4L2 transmitter device registered as radio11
[    6.961369][    T1] vivid-005: V4L2 metadata capture device registered as video25
[    6.962432][    T1] vivid-005: V4L2 metadata output device registered as video26
[    6.963478][    T1] vivid-005: V4L2 touch capture device registered as v4l-touch5
[    6.964535][    T1] vivid-006: using single planar format API
[    6.974081][    T1] vivid-006: CEC adapter cec12 registered for HDMI input 0
[    6.974962][    T1] vivid-006: V4L2 capture device registered as video27
[    6.975808][    T1] vivid-006: CEC adapter cec13 registered for HDMI output 0
[    6.977084][    T1] vivid-006: V4L2 output device registered as video28
[    6.978183][    T1] vivid-006: V4L2 capture device registered as vbi12, supports raw and sliced VBI
[    6.979949][    T1] vivid-006: V4L2 output device registered as vbi13, supports raw and sliced VBI
[    6.981128][    T1] vivid-006: V4L2 capture device registered as swradio6
[    6.982078][    T1] vivid-006: V4L2 receiver device registered as radio12
[    6.982915][    T1] vivid-006: V4L2 transmitter device registered as radio13
[    6.983836][    T1] vivid-006: V4L2 metadata capture device registered as video29
[    6.984795][    T1] vivid-006: V4L2 metadata output device registered as video30
[    6.985720][    T1] vivid-006: V4L2 touch capture device registered as v4l-touch6
[    6.986876][    T1] vivid-007: using multiplanar format API
[    6.997683][    T1] vivid-007: CEC adapter cec14 registered for HDMI input 0
[    6.999004][    T1] vivid-007: V4L2 capture device registered as video31
[    6.999876][    T1] vivid-007: CEC adapter cec15 registered for HDMI output 0
[    7.000928][    T1] vivid-007: V4L2 output device registered as video32
[    7.001764][    T1] vivid-007: V4L2 capture device registered as vbi14, supports raw and sliced VBI
[    7.002965][    T1] vivid-007: V4L2 output device registered as vbi15, supports raw and sliced VBI
[    7.004171][    T1] vivid-007: V4L2 capture device registered as swradio7
[    7.005094][    T1] vivid-007: V4L2 receiver device registered as radio14
[    7.006057][    T1] vivid-007: V4L2 transmitter device registered as radio15
[    7.007018][    T1] vivid-007: V4L2 metadata capture device registered as video33
[    7.008199][    T1] vivid-007: V4L2 metadata output device registered as video34
[    7.009209][    T1] vivid-007: V4L2 touch capture device registered as v4l-touch7
[    7.010202][    T1] vivid-008: using single planar format API
[    7.019240][    T1] vivid-008: CEC adapter cec16 registered for HDMI input 0
[    7.020226][    T1] vivid-008: V4L2 capture device registered as video35
[    7.021078][    T1] vivid-008: CEC adapter cec17 registered for HDMI output 0
[    7.021971][    T1] vivid-008: V4L2 output device registered as video36
[    7.023170][    T1] vivid-008: V4L2 capture device registered as vbi16, supports raw and sliced VBI
[    7.024811][    T1] vivid-008: V4L2 output device registered as vbi17, supports raw and sliced VBI
[    7.026010][    T1] vivid-008: V4L2 capture device registered as swradio8
[    7.026898][    T1] vivid-008: V4L2 receiver device registered as radio16
[    7.027821][    T1] vivid-008: V4L2 transmitter device registered as radio17
[    7.028884][    T1] vivid-008: V4L2 metadata capture device registered as video37
[    7.029988][    T1] vivid-008: V4L2 metadata output device registered as video38
[    7.031005][    T1] vivid-008: V4L2 touch capture device registered as v4l-touch8
[    7.032040][    T1] vivid-009: using multiplanar format API
[    7.040828][    T1] vivid-009: CEC adapter cec18 registered for HDMI input 0
[    7.041726][    T1] vivid-009: V4L2 capture device registered as video39
