c[?7l[2J[0mSeaBIOS (version rel-1.16.0-0-gd239552ce722-prebuilt.qemu.org)


iPXE (http://ipxe.org) 00:03.0 CA00 PCI2.10 PnP PMM+7FF91000+7FEF1000 CA00
Press Ctrl-B to configure iPXE (PCI 00:03.0)...                                                                               


Booting from ROM..c[?7l[2Jearly console in extract_kernel
input_data: 0x000000000bf092c8
input_len: 0x00000000044f83ea
output: 0x0000000001000000
output_len: 0x000000000e033b28
kernel_total_size: 0x000000000f426000
needed_size: 0x000000000f600000
trampoline_32bit: 0x000000000009d000

Decompressing Linux... Parsing ELF... done.
Booting the kernel.
[    0.000000][    T0] Linux version 5.6.0-rc4-dc026a73c722-00028-gdc026a73c722 (root@xpf.sh.intel.com) (gcc version 8.5.0 20210514 (Red Hat 8.5.0-20) (GCC)) #1 SMP PREEMPT Sun Dec 3 13:41:59 CST 2023
[    0.000000][    T0] Command line: console=ttyS0 root=/dev/sda1 earlyprintk=serial net.ifnames=0 thunderbolt.dyndbg plymouth.enable=0
[    0.000000][    T0] KERNEL supported cpus:
[    0.000000][    T0]   Intel GenuineIntel
[    0.000000][    T0]   AMD AuthenticAMD
[    0.000000][    T0] x86/fpu: Supporting XSAVE feature 0x001: 'x87 floating point registers'
[    0.000000][    T0] x86/fpu: Supporting XSAVE feature 0x002: 'SSE registers'
[    0.000000][    T0] x86/fpu: Supporting XSAVE feature 0x004: 'AVX registers'
[    0.000000][    T0] x86/fpu: Supporting XSAVE feature 0x008: 'MPX bounds registers'
[    0.000000][    T0] x86/fpu: Supporting XSAVE feature 0x010: 'MPX CSR'
[    0.000000][    T0] x86/fpu: Supporting XSAVE feature 0x020: 'AVX-512 opmask'
[    0.000000][    T0] x86/fpu: Supporting XSAVE feature 0x040: 'AVX-512 Hi256'
[    0.000000][    T0] x86/fpu: Supporting XSAVE feature 0x080: 'AVX-512 ZMM_Hi256'
[    0.000000][    T0] x86/fpu: xstate_offset[2]:  576, xstate_sizes[2]:  256
[    0.000000][    T0] x86/fpu: xstate_offset[3]:  832, xstate_sizes[3]:   64
[    0.000000][    T0] x86/fpu: xstate_offset[4]:  896, xstate_sizes[4]:   64
[    0.000000][    T0] x86/fpu: xstate_offset[5]:  960, xstate_sizes[5]:   64
[    0.000000][    T0] x86/fpu: xstate_offset[6]: 1024, xstate_sizes[6]:  512
[    0.000000][    T0] x86/fpu: xstate_offset[7]: 1536, xstate_sizes[7]: 1024
[    0.000000][    T0] x86/fpu: Enabled xstate features 0xff, context size is 2560 bytes, using 'compacted' format.
[    0.000000][    T0] BIOS-provided physical RAM map:
[    0.000000][    T0] BIOS-e820: [mem 0x0000000000000000-0x000000000009fbff] usable
[    0.000000][    T0] BIOS-e820: [mem 0x000000000009fc00-0x000000000009ffff] reserved
[    0.000000][    T0] BIOS-e820: [mem 0x00000000000f0000-0x00000000000fffff] reserved
[    0.000000][    T0] BIOS-e820: [mem 0x0000000000100000-0x000000007ffdffff] usable
[    0.000000][    T0] BIOS-e820: [mem 0x000000007ffe0000-0x000000007fffffff] reserved
[    0.000000][    T0] BIOS-e820: [mem 0x00000000feffc000-0x00000000feffffff] reserved
[    0.000000][    T0] BIOS-e820: [mem 0x00000000fffc0000-0x00000000ffffffff] reserved
[    0.000000][    T0] printk: bootconsole [earlyser0] enabled
[    0.000000][    T0] ERROR: earlyprintk= earlyser already used
[    0.000000][    T0] ERROR: earlyprintk= earlyser already used
[    0.000000][    T0] ERROR: earlyprintk= earlyser already used
[    0.000000][    T0] Malformed early option 'vsyscall'
[    0.000000][    T0] nopcid: PCID feature disabled
[    0.000000][    T0] NX (Execute Disable) protection: active
[    0.000000][    T0] SMBIOS 2.8 present.
[    0.000000][    T0] DMI: QEMU Standard PC (i440FX + PIIX, 1996), BIOS rel-1.16.0-0-gd239552ce722-prebuilt.qemu.org 04/01/2014
[    0.000000][    T0] Hypervisor detected: KVM
[    0.000000][    T0] kvm-clock: Using msrs 4b564d01 and 4b564d00
[    0.000002][    T0] kvm-clock: cpu 0, msr ec5a001, primary cpu clock
[    0.000002][    T0] kvm-clock: using sched offset of 854044178 cycles
[    0.000540][    T0] clocksource: kvm-clock: mask: 0xffffffffffffffff max_cycles: 0x1cd42e4dffb, max_idle_ns: 881590591483 ns
[    0.002021][    T0] tsc: Detected 2999.998 MHz processor
[    0.007705][    T0] last_pfn = 0x7ffe0 max_arch_pfn = 0x400000000
[    0.008297][    T0] x86/PAT: Configuration [0-7]: WB  WC  UC- UC  WB  WP  UC- WT  
[    0.016235][    T0] found SMP MP-table at [mem 0x000f5ba0-0x000f5baf]
[    0.016825][    T0] Using GB pages for direct mapping
[    0.018128][    T0] ACPI: Early table checksum verification disabled
[    0.019015][    T0] ACPI: RSDP 0x00000000000F59C0 000014 (v00 BOCHS )
[    0.019800][    T0] ACPI: RSDT 0x000000007FFE1951 000034 (v01 BOCHS  BXPC     00000001 BXPC 00000001)
[    0.020870][    T0] ACPI: FACP 0x000000007FFE17FD 000074 (v01 BOCHS  BXPC     00000001 BXPC 00000001)
[    0.021937][    T0] ACPI: DSDT 0x000000007FFE0040 0017BD (v01 BOCHS  BXPC     00000001 BXPC 00000001)
[    0.022911][    T0] ACPI: FACS 0x000000007FFE0000 000040
[    0.023511][    T0] ACPI: APIC 0x000000007FFE1871 000080 (v01 BOCHS  BXPC     00000001 BXPC 00000001)
[    0.024470][    T0] ACPI: HPET 0x000000007FFE18F1 000038 (v01 BOCHS  BXPC     00000001 BXPC 00000001)
[    0.025436][    T0] ACPI: WAET 0x000000007FFE1929 000028 (v01 BOCHS  BXPC     00000001 BXPC 00000001)
[    0.027155][    T0] No NUMA configuration found
[    0.027634][    T0] Faking a node at [mem 0x0000000000000000-0x000000007ffdffff]
[    0.028411][    T0] Faking node 0 at [mem 0x0000000000000000-0x000000003fffffff] (1024MB)
[    0.029366][    T0] Faking node 1 at [mem 0x0000000040000000-0x000000007ffdffff] (1023MB)
[    0.030575][    T0] NODE_DATA(0) allocated [mem 0x3fffb000-0x3fffffff]
[    0.031395][    T0] NODE_DATA(1) allocated [mem 0x7ffda000-0x7ffdefff]
[    0.035535][    T0] Zone ranges:
[    0.035925][    T0]   DMA      [mem 0x0000000000001000-0x0000000000ffffff]
[    0.036646][    T0]   DMA32    [mem 0x0000000001000000-0x000000007ffdffff]
[    0.037363][    T0]   Normal   empty
[    0.037737][    T0]   Device   empty
[    0.038110][    T0] Movable zone start for each node
[    0.038626][    T0] Early memory node ranges
[    0.039073][    T0]   node   0: [mem 0x0000000000001000-0x000000000009efff]
[    0.039806][    T0]   node   0: [mem 0x0000000000100000-0x000000003fffffff]
[    0.040532][    T0]   node   1: [mem 0x0000000040000000-0x000000007ffdffff]
[    0.041267][    T0] Zeroed struct page in unavailable ranges: 130 pages
[    0.041271][    T0] Initmem setup node 0 [mem 0x0000000000001000-0x000000003fffffff]
[    0.053938][    T0] Initmem setup node 1 [mem 0x0000000040000000-0x000000007ffdffff]
[    0.097020][    T0] kasan: KernelAddressSanitizer initialized
[    0.097979][    T0] ACPI: PM-Timer IO Port: 0x608
[    0.098546][    T0] ACPI: LAPIC_NMI (acpi_id[0xff] dfl dfl lint[0x1])
[    0.099347][    T0] IOAPIC[0]: apic_id 0, version 17, address 0xfec00000, GSI 0-23
[    0.100230][    T0] ACPI: INT_SRC_OVR (bus 0 bus_irq 0 global_irq 2 dfl dfl)
[    0.101045][    T0] ACPI: INT_SRC_OVR (bus 0 bus_irq 5 global_irq 5 high level)
[    0.101888][    T0] ACPI: INT_SRC_OVR (bus 0 bus_irq 9 global_irq 9 high level)
[    0.102739][    T0] ACPI: INT_SRC_OVR (bus 0 bus_irq 10 global_irq 10 high level)
[    0.103607][    T0] ACPI: INT_SRC_OVR (bus 0 bus_irq 11 global_irq 11 high level)
[    0.104486][    T0] Using ACPI (MADT) for SMP configuration information
[    0.105250][    T0] ACPI: HPET id: 0x8086a201 base: 0xfed00000
[    0.105931][    T0] smpboot: Allowing 2 CPUs, 0 hotplug CPUs
[    0.106613][    T0] KVM setup pv remote TLB flush
[    0.107159][    T0] KVM setup pv sched yield
[    0.107703][    T0] PM: hibernation: Registered nosave memory: [mem 0x00000000-0x00000fff]
[    0.108668][    T0] PM: hibernation: Registered nosave memory: [mem 0x0009f000-0x0009ffff]
[    0.109619][    T0] PM: hibernation: Registered nosave memory: [mem 0x000a0000-0x000effff]
[    0.110619][    T0] PM: hibernation: Registered nosave memory: [mem 0x000f0000-0x000fffff]
[    0.111561][    T0] [mem 0x80000000-0xfeffbfff] available for PCI devices
[    0.112219][    T0] Booting paravirtualized kernel on KVM
[    0.112759][    T0] clocksource: refined-jiffies: mask: 0xffffffff max_cycles: 0xffffffff, max_idle_ns: 19112604462750000 ns
[    0.156415][    T0] setup_percpu: NR_CPUS:8 nr_cpumask_bits:8 nr_cpu_ids:2 nr_node_ids:2
[    0.157695][    T0] percpu: Embedded 65 pages/cpu s227592 r8192 d30456 u2097152
[    0.158426][    T0] KVM setup async PF for cpu 0
[    0.158822][    T0] kvm-stealtime: cpu 0, msr 2ce21a80
[    0.159265][    T0] PV qspinlock hash table entries: 256 (order: 0, 4096 bytes, linear)
[    0.159955][    T0] Built 2 zonelists, mobility grouping on.  Total pages: 515945
[    0.160581][    T0] Policy zone: DMA32
[    0.160915][    T0] Kernel command line: earlyprintk=serial net.ifnames=0 sysctl.kernel.hung_task_all_cpu_backtrace=1 ima_policy=tcb nf-conntrack-ftp.ports=20000 nf-conntrack-tftp.ports=20000 nf-conntrack-sip.ports=20000 nf-conntrack-irc.ports=20000 nf-conntrack-sane.ports=20000 binder.debug_mask=0 rcupdate.rcu_expedited=1 rcupdate.rcu_cpu_stall_cputime=1 no_hash_pointers page_owner=on sysctl.vm.nr_hugepages=4 sysctl.vm.nr_overcommit_hugepages=4 secretmem.enable=1 sysctl.max_rcu_stall_to_panic=1 msr.allow_writes=off coredump_filter=0xffff root=/dev/sda console=ttyS0 vsyscall=native numa=fake=2 kvm-intel.nested=1 spec_store_bypass_disable=prctl nopcid vivid.n_devs=16 vivid.multiplanar=1,2,1,2,1,2,1,2,1,2,1,2,1,2,1,2 netrom.nr_ndevs=16 rose.rose_ndevs=16 smp.csd_lock_timeout=100000 watchdog_thresh=55 workqueue.watchdog_thresh=140 sysctl.net.core.netdev_unregister_timeout_secs=140 dummy_hcd.num=8 panic_on_warn=1 console=ttyS0 root=/dev/sda1 earlyprintk=serial net.ifnames=0 thunderb
[    0.164222][    T0] mem auto-init: stack:off, heap alloc:on, heap free:off
[    0.282069][    T0] Memory: 1519572K/2096632K available (133130K kernel code, 40724K rwdata, 27188K rodata, 2588K init, 24372K bss, 577060K reserved, 0K cma-reserved)
[    0.283921][    T0] SLUB: HWalign=64, Order=0-3, MinObjects=0, CPUs=2, Nodes=2
[    0.286087][    T0] Running RCU self tests
[    0.286455][    T0] rcu: Preemptible hierarchical RCU implementation.
[    0.286981][    T0] rcu: 	RCU lockdep checking is enabled.
[    0.287433][    T0] rcu: 	RCU restricting CPUs from NR_CPUS=8 to nr_cpu_ids=2.
[    0.288025][    T0] rcu: 	RCU callback double-/use-after-free debug enabled.
[    0.288604][    T0] rcu: 	RCU debug extended QS entry/exit.
[    0.289060][    T0] 	All grace periods are expedited (rcu_expedited).
[    0.289587][    T0] 	Tasks RCU enabled.
[    0.289907][    T0] rcu: RCU calculated value of scheduler-enlistment delay is 10 jiffies.
[    0.290582][    T0] rcu: Adjusting geometry for rcu_fanout_leaf=16, nr_cpu_ids=2
[    0.295146][    T0] NR_IRQS: 4352, nr_irqs: 440, preallocated irqs: 16
[    0.296546][    T0] random: get_random_bytes called from start_kernel+0x521/0x85a with crng_init=0
[    0.301238][    T0] Console: colour VGA+ 80x25
[    0.302489][    T0] printk: console [ttyS0] enabled
[    0.302489][    T0] printk: console [ttyS0] enabled
[    0.303373][    T0] printk: bootconsole [earlyser0] disabled
[    0.303373][    T0] printk: bootconsole [earlyser0] disabled
[    0.304394][    T0] Lock dependency validator: Copyright (c) 2006 Red Hat, Inc., Ingo Molnar
[    0.305134][    T0] ... MAX_LOCKDEP_SUBCLASSES:  8
[    0.305535][    T0] ... MAX_LOCK_DEPTH:          48
[    0.305945][    T0] ... MAX_LOCKDEP_KEYS:        8192
[    0.306365][    T0] ... CLASSHASH_SIZE:          4096
[    0.306789][    T0] ... MAX_LOCKDEP_ENTRIES:     32768
[    0.307215][    T0] ... MAX_LOCKDEP_CHAINS:      65536
[    0.307644][    T0] ... CHAINHASH_SIZE:          32768
[    0.308073][    T0]  memory used by lock dependency info: 6237 kB
[    0.308576][    T0]  memory used for stack traces: 4224 kB
[    0.309030][    T0]  per task-struct memory footprint: 1920 bytes
[    0.309610][    T0] mempolicy: Enabling automatic NUMA balancing. Configure with numa_balancing= or the kernel.numa_balancing sysctl
[    0.310760][    T0] ACPI: Core revision 20200110
[    0.311974][    T0] clocksource: hpet: mask: 0xffffffff max_cycles: 0xffffffff, max_idle_ns: 19112604467 ns
[    0.313154][    T0] APIC: Switch to symmetric I/O mode setup
[    0.313857][    T0] x2apic enabled
[    0.314362][    T0] Switched APIC routing to physical x2apic.
[    0.314900][    T0] KVM setup pv IPIs
[    0.316316][    T0] ..TIMER: vector=0x30 apic1=0 pin1=2 apic2=-1 pin2=-1
[    0.316958][    T0] clocksource: tsc-early: mask: 0xffffffffffffffff max_cycles: 0x2b3e43c8763, max_idle_ns: 440795360101 ns
[    0.317991][    T0] Calibrating delay loop (skipped) preset value.. 5999.99 BogoMIPS (lpj=29999980)
[    0.318818][    T0] pid_max: default: 32768 minimum: 301
[    0.319495][    T0] LSM: Security Framework initializing
[    0.320038][    T0] Yama: becoming mindful.
[    0.320507][    T0] TOMOYO Linux initialized
[    0.321097][    T0] AppArmor: AppArmor initialized
[    0.322293][    T0] Dentry cache hash table entries: 262144 (order: 9, 2097152 bytes, vmalloc)
[    0.328296][    T0] Inode-cache hash table entries: 131072 (order: 8, 1048576 bytes, vmalloc)
[    0.329075][    T0] Mount-cache hash table entries: 4096 (order: 3, 32768 bytes, vmalloc)
[    0.329795][    T0] Mountpoint-cache hash table entries: 4096 (order: 3, 32768 bytes, vmalloc)
[    0.330613][    T0] *** VALIDATE tmpfs ***
[    0.332168][    T0] *** VALIDATE proc ***
[    0.333054][    T0] *** VALIDATE cgroup ***
[    0.333418][    T0] *** VALIDATE cgroup2 ***
[    0.333976][    T0] x86/cpu: User Mode Instruction Prevention (UMIP) activated
[    0.334705][    T0] Last level iTLB entries: 4KB 0, 2MB 0, 4MB 0
[    0.335245][    T0] Last level dTLB entries: 4KB 0, 2MB 0, 4MB 0, 1GB 0
[    0.335819][    T0] Spectre V1 : Mitigation: usercopy/swapgs barriers and __user pointer sanitization
[    0.336606][    T0] Spectre V2 : Mitigation: Enhanced IBRS
[    0.337034][    T0] Spectre V2 : Spectre v2 / SpectreRSB mitigation: Filling RSB on context switch
[    0.337741][    T0] Spectre V2 : mitigation: Enabling conditional Indirect Branch Prediction Barrier
[    0.338034][    T0] Speculative Store Bypass: Mitigation: Speculative Store Bypass disabled via prctl
[    0.338757][    T0] TAA: Mitigation: Clear CPU buffers
[    0.340053][    T0] Freeing SMP alternatives memory: 100K
[    0.341170][    T1] smpboot: CPU0: Intel(R) Core(TM) i9-10980XE CPU @ 3.00GHz (family: 0x6, model: 0x55, stepping: 0x7)
[    0.408036][    T1] Performance Events: Skylake events, full-width counters, Intel PMU driver.
[    0.408782][    T1] ... version:                2
[    0.409157][    T1] ... bit width:              48
[    0.409533][    T1] ... generic registers:      4
[    0.409903][    T1] ... value mask:             0000ffffffffffff
[    0.410372][    T1] ... max period:             00007fffffffffff
[    0.410840][    T1] ... fixed-purpose events:   3
[    0.411211][    T1] ... event mask:             000000070000000f
[    0.428009][    T1] rcu: Hierarchical SRCU implementation.
[    0.478007][    T1] smp: Bringing up secondary CPUs ...
[    0.558163][    T1] x86: Booting SMP configuration:
[    0.558634][    T1] .... node  #1, CPUs:      #1
[    0.021584][    T0] kvm-clock: cpu 1, msr ec5a041, secondary cpu clock
[    0.560459][   T15] KVM setup async PF for cpu 1
[    0.560459][   T15] kvm-stealtime: cpu 1, msr 7ec21a80
[    0.560459][    T1] smp: Brought up 2 nodes, 2 CPUs
[    0.560459][    T1] smpboot: Max logical packages: 1
[    0.560459][    T1] smpboot: Total of 2 processors activated (11999.99 BogoMIPS)
[    0.562879][    T1] allocated 12582912 bytes of page_ext
[    0.563574][    T1] Node 0, zone      DMA: page owner found early allocated 0 pages
[    0.571703][    T1] Node 0, zone    DMA32: page owner found early allocated 2657 pages
[    0.572701][    T1] Node 1, zone    DMA32: page owner found early allocated 2640 pages
[    0.573880][    T1] devtmpfs: initialized
[    0.573880][    T1] x86/mm: Memory block size: 128MB
[    0.591763][    T1] clocksource: jiffies: mask: 0xffffffff max_cycles: 0xffffffff, max_idle_ns: 19112604462750000 ns
[    0.592772][    T1] futex hash table entries: 512 (order: 4, 65536 bytes, vmalloc)
[    0.593874][    T1] xor: automatically using best checksumming function   avx       
[    0.599707][    T1] PM: RTC time: 05:50:13, date: 2023-12-03
[    0.600197][    T1] thermal_sys: Registered thermal governor 'step_wise'
[    0.600199][    T1] thermal_sys: Registered thermal governor 'user_space'
[    0.602046][    T1] NET: Registered protocol family 16
[    0.606323][    T1] audit: initializing netlink subsys (disabled)
[    0.607180][   T29] kworker/u5:0 (29) used greatest stack depth: 28144 bytes left
[    0.607974][   T30] kworker/u5:0 (30) used greatest stack depth: 27064 bytes left
[    0.608815][   T24] kworker/u5:0 (24) used greatest stack depth: 26888 bytes left
[    0.609495][   T34] audit: type=2000 audit(1701582613.858:1): state=initialized audit_enabled=0 res=1
[    0.612862][    T1] cpuidle: using governor menu
[    0.616621][    T1] ACPI: bus type PCI registered
[    0.620647][    T1] dca service started, version 1.12.1
[    0.621343][    T1] PCI: Using configuration type 1 for base access
[    0.935401][    T1] HugeTLB registered 1.00 GiB page size, pre-allocated 0 pages
[    0.936023][    T1] HugeTLB registered 2.00 MiB page size, pre-allocated 0 pages
[    0.949321][    T1] cryptd: max_cpu_qlen set to 1000
[    0.970914][    T1] raid6: skip pq benchmark and using algorithm avx512x4
[    0.970914][    T1] raid6: using avx512x2 recovery algorithm
[    0.970914][    T1] ACPI: Added _OSI(Module Device)
[    0.978600][    T1] ACPI: Added _OSI(Processor Device)
[    0.979008][    T1] ACPI: Added _OSI(3.0 _SCP Extensions)
[    0.979434][    T1] ACPI: Added _OSI(Processor Aggregator Device)
[    0.979923][    T1] ACPI: Added _OSI(Linux-Dell-Video)
[    0.980336][    T1] ACPI: Added _OSI(Linux-Lenovo-NV-HDMI-Audio)
[    0.980817][    T1] ACPI: Added _OSI(Linux-HPI-Hybrid-Graphics)
[    1.003137][    T1] ACPI: 1 ACPI AML tables successfully acquired and loaded
[    1.037159][    T1] ACPI: Interpreter enabled
[    1.037676][    T1] ACPI: (supports S0 S3 S4 S5)
[    1.038008][    T1] ACPI: Using IOAPIC for interrupt routing
[    1.038656][    T1] PCI: Using host bridge windows from ACPI; if necessary, use "pci=nocrs" and report a bug
[    1.041061][    T1] ACPI: Enabled 2 GPEs in block 00 to 0F
[    1.096604][    T1] ACPI: PCI Root Bridge [PCI0] (domain 0000 [bus 00-ff])
[    1.098007][    T1] acpi PNP0A03:00: _OSC: OS supports [ASPM ClockPM Segments MSI HPX-Type3]
[    1.099241][    T1] acpi PNP0A03:00: fail to add MMCONFIG information, can't access extended PCI configuration space under this bridge.
[    1.101024][    T1] PCI host bridge to bus 0000:00
[    1.101455][    T1] pci_bus 0000:00: Unknown NUMA node; performance will be reduced
[    1.102125][    T1] pci_bus 0000:00: root bus resource [io  0x0000-0x0cf7 window]
[    1.102772][    T1] pci_bus 0000:00: root bus resource [io  0x0d00-0xffff window]
[    1.103421][    T1] pci_bus 0000:00: root bus resource [mem 0x000a0000-0x000bffff window]
[    1.104126][    T1] pci_bus 0000:00: root bus resource [mem 0x80000000-0xfebfffff window]
[    1.104829][    T1] pci_bus 0000:00: root bus resource [mem 0x100000000-0x17fffffff window]
[    1.105560][    T1] pci_bus 0000:00: root bus resource [bus 00-ff]
[    1.106276][    T1] pci 0000:00:00.0: [8086:1237] type 00 class 0x060000
[    1.111830][    T1] pci 0000:00:01.0: [8086:7000] type 00 class 0x060100
[    1.114854][    T1] pci 0000:00:01.1: [8086:7010] type 00 class 0x010180
[    1.117994][    T1] pci 0000:00:01.1: reg 0x20: [io  0xc040-0xc04f]
[    1.118561][    T1] pci 0000:00:01.1: legacy IDE quirk: reg 0x10: [io  0x01f0-0x01f7]
[    1.119189][    T1] pci 0000:00:01.1: legacy IDE quirk: reg 0x14: [io  0x03f6]
[    1.119761][    T1] pci 0000:00:01.1: legacy IDE quirk: reg 0x18: [io  0x0170-0x0177]
[    1.120378][    T1] pci 0000:00:01.1: legacy IDE quirk: reg 0x1c: [io  0x0376]
[    1.122511][    T1] pci 0000:00:01.3: [8086:7113] type 00 class 0x068000
[    1.123479][    T1] pci 0000:00:01.3: quirk: [io  0x0600-0x063f] claimed by PIIX4 ACPI
[    1.124163][    T1] pci 0000:00:01.3: quirk: [io  0x0700-0x070f] claimed by PIIX4 SMB
[    1.128120][    T1] pci 0000:00:02.0: [1234:1111] type 00 class 0x030000
[    1.130332][    T1] pci 0000:00:02.0: reg 0x10: [mem 0xfd000000-0xfdffffff pref]
[    1.132598][    T1] pci 0000:00:02.0: reg 0x18: [mem 0xfebf0000-0xfebf0fff]
[    1.136007][    T1] pci 0000:00:02.0: reg 0x30: [mem 0xfebe0000-0xfebeffff pref]
[    1.141768][    T1] pci 0000:00:03.0: [8086:100e] type 00 class 0x020000
[    1.142936][    T1] pci 0000:00:03.0: reg 0x10: [mem 0xfebc0000-0xfebdffff]
[    1.144091][    T1] pci 0000:00:03.0: reg 0x14: [io  0xc000-0xc03f]
[    1.146833][    T1] pci 0000:00:03.0: reg 0x30: [mem 0xfeb80000-0xfebbffff pref]
[    1.156907][    T1] ACPI: PCI Interrupt Link [LNKA] (IRQs 5 *10 11)
[    1.159063][    T1] ACPI: PCI Interrupt Link [LNKB] (IRQs 5 *10 11)
[    1.160956][    T1] ACPI: PCI Interrupt Link [LNKC] (IRQs 5 10 *11)
[    1.162859][    T1] ACPI: PCI Interrupt Link [LNKD] (IRQs 5 10 *11)
[    1.164122][    T1] ACPI: PCI Interrupt Link [LNKS] (IRQs *9)
[    1.168977][    T1] iommu: Default domain type: Translated 
[    1.170109][    T1] pci 0000:00:02.0: vgaarb: setting as boot VGA device
[    1.170806][    T1] pci 0000:00:02.0: vgaarb: VGA device added: decodes=io+mem,owns=io+mem,locks=none
[    1.171729][    T1] pci 0000:00:02.0: vgaarb: bridge control possible
[    1.172373][    T1] vgaarb: loaded
[    1.176872][    T1] SCSI subsystem initialized
[    1.179317][    T1] ACPI: bus type USB registered
[    1.180084][    T1] usbcore: registered new interface driver usbfs
[    1.180794][    T1] usbcore: registered new interface driver hub
[    1.181449][    T1] usbcore: registered new device driver usb
[    1.183396][    T1] mc: Linux media interface: v0.10
[    1.183962][    T1] videodev: Linux video capture interface: v2.00
[    1.185339][    T1] pps_core: LinuxPPS API ver. 1 registered
[    1.185797][    T1] pps_core: Software ver. 5.3.6 - Copyright 2005-2007 Rodolfo Giometti <giometti@linux.it>
[    1.186978][    T1] PTP clock support registered
[    1.188523][    T1] EDAC MC: Ver: 3.0.0
[    1.191121][    T1] Advanced Linux Sound Architecture Driver Initialized.
[    1.191993][    T1] PCI: Using ACPI for IRQ routing
[    1.200578][    T1] Bluetooth: Core ver 2.22
[    1.201112][    T1] NET: Registered protocol family 31
[    1.201524][    T1] Bluetooth: HCI device and connection manager initialized
[    1.202105][    T1] Bluetooth: HCI socket layer initialized
[    1.202550][    T1] Bluetooth: L2CAP socket layer initialized
[    1.203031][    T1] Bluetooth: SCO socket layer initialized
[    1.203500][    T1] NET: Registered protocol family 8
[    1.203903][    T1] NET: Registered protocol family 20
[    1.204830][    T1] NetLabel: Initializing
[    1.205168][    T1] NetLabel:  domain hash size = 128
[    1.205568][    T1] NetLabel:  protocols = UNLABELED CIPSOv4 CALIPSO
[    1.206241][    T1] NetLabel:  unlabeled traffic allowed by default
[    1.207580][    T1] nfc: nfc_init: NFC Core ver 0.1
[    1.208384][    T1] NET: Registered protocol family 39
[    1.211904][    T1] hpet0: at MMIO 0xfed00000, IRQs 2, 8, 0
[    1.212356][    T1] hpet0: 3 comparators, 64-bit 100.000000 MHz counter
[    1.216726][    T1] clocksource: Switched to clocksource kvm-clock
[    2.643534][    T1] *** VALIDATE bpf ***
[    2.644674][    T1] VFS: Disk quotas dquot_6.6.0
[    2.645125][    T1] VFS: Dquot-cache hash table entries: 512 (order 0, 4096 bytes)
[    2.646128][    T1] FS-Cache: Loaded
[    2.646427][    T1] *** VALIDATE ramfs ***
[    2.646774][    T1] *** VALIDATE hugetlbfs ***
[    2.647763][    T1] CacheFiles: Loaded
[    2.648300][    T1] TOMOYO: 2.6.0
[    2.648584][    T1] Mandatory Access Control activated.
[    2.650034][    T1] AppArmor: AppArmor Filesystem Enabled
[    2.650730][    T1] pnp: PnP ACPI init
[    2.656125][    T1] pnp: PnP ACPI: found 6 devices
[    2.694319][    T1] clocksource: acpi_pm: mask: 0xffffff max_cycles: 0xffffff, max_idle_ns: 2085701024 ns
[    2.696534][    T1] pci_bus 0000:00: resource 4 [io  0x0000-0x0cf7 window]
[    2.697102][    T1] pci_bus 0000:00: resource 5 [io  0x0d00-0xffff window]
[    2.697647][    T1] pci_bus 0000:00: resource 6 [mem 0x000a0000-0x000bffff window]
[    2.698276][    T1] pci_bus 0000:00: resource 7 [mem 0x80000000-0xfebfffff window]
[    2.698891][    T1] pci_bus 0000:00: resource 8 [mem 0x100000000-0x17fffffff window]
[    2.700089][    T1] NET: Registered protocol family 2
[    2.701824][    T1] tcp_listen_portaddr_hash hash table entries: 1024 (order: 4, 73728 bytes, vmalloc)
[    2.702727][    T1] TCP established hash table entries: 16384 (order: 5, 131072 bytes, vmalloc)
[    2.704831][    T1] TCP bind hash table entries: 16384 (order: 8, 1048576 bytes, vmalloc)
[    2.706192][    T1] TCP: Hash tables configured (established 16384 bind 16384)
[    2.707293][    T1] UDP hash table entries: 1024 (order: 5, 163840 bytes, vmalloc)
[    2.708614][    T1] UDP-Lite hash table entries: 1024 (order: 5, 163840 bytes, vmalloc)
[    2.709806][    T1] NET: Registered protocol family 1
[    2.711203][    T1] RPC: Registered named UNIX socket transport module.
[    2.711927][    T1] RPC: Registered udp transport module.
[    2.712416][    T1] RPC: Registered tcp transport module.
[    2.712913][    T1] RPC: Registered tcp NFSv4.1 backchannel transport module.
[    2.714361][    T1] NET: Registered protocol family 44
[    2.714870][    T1] pci 0000:00:01.0: PIIX3: Enabling Passive Release
[    2.715483][    T1] pci 0000:00:00.0: Limiting direct PCI/PCI transfers
[    2.716137][    T1] pci 0000:00:01.0: Activating ISA DMA hang workarounds
[    2.716817][    T1] pci 0000:00:02.0: Video device with shadowed ROM at [mem 0x000c0000-0x000dffff]
[    2.717672][    T1] PCI: CLS 0 bytes, default 64
[    2.723701][    T1] RAPL PMU: API unit is 2^-32 Joules, 0 fixed counters, 10737418240 ms ovfl timer
[    2.724504][    T1] kvm: no hardware support
[    2.724911][    T1] has_svm: not amd or hygon
[    2.725335][    T1] kvm: no hardware support
[    2.725736][    T1] clocksource: tsc: mask: 0xffffffffffffffff max_cycles: 0x2b3e43c8763, max_idle_ns: 440795360101 ns
[    2.799427][    T1] Initialise system trusted keyrings
[    2.801863][    T1] workingset: timestamp_bits=40 max_order=19 bucket_order=0
[    2.864500][    T1] DLM installed
[    2.872454][    T1] squashfs: version 4.0 (2009/01/31) Phillip Lougher
[    2.881616][    T1] FS-Cache: Netfs 'nfs' registered for caching
[    2.883647][    T1] *** VALIDATE nfs ***
[    2.884030][    T1] *** VALIDATE nfs4 ***
[    2.884459][    T1] NFS: Registering the id_resolver key type
[    2.884994][    T1] Key type id_resolver registered
[    2.885436][    T1] Key type id_legacy registered
[    2.885867][    T1] nfs4filelayout_init: NFSv4 File Layout Driver Registering...
[    2.886483][    T1] Installing knfsd (copyright (C) 1996 okir@monad.swb.de).
[    2.895270][    T1] FS-Cache: Netfs 'cifs' registered for caching
[    2.897749][    T1] Key type cifs.spnego registered
[    2.898756][    T1] Key type cifs.idmap registered
[    2.899492][    T1] ntfs: driver 2.1.32 [Flags: R/W].
[    2.901676][    T1] efs: 1.0a - http://aeschi.ch.eu.org/efs/
[    2.902401][    T1] jffs2: version 2.2. (NAND) (SUMMARY)  Â© 2001-2006 Red Hat, Inc.
[    2.907866][    T1] *** VALIDATE jffs2 ***
[    2.908542][    T1] romfs: ROMFS MTD (C) 2007 Red Hat, Inc.
[    2.909539][    T1] QNX4 filesystem 0.2.3 registered.
[    2.910230][    T1] qnx6: QNX6 filesystem 1.0.0 registered.
[    2.911219][    T1] fuse: init (API version 7.31)
[    2.911879][    T1] *** VALIDATE fuseblk ***
[    2.912227][    T1] *** VALIDATE fuse ***
[    2.915182][    T1] orangefs_debugfs_init: called with debug mask: :none: :0:
[    2.916010][    T1] orangefs_init: module version upstream loaded
[    2.921116][    T1] JFS: nTxBlock = 8192, nTxLock = 65536
[    2.929714][    T1] SGI XFS with ACLs, security attributes, realtime, quota, no debug enabled
[    2.937629][    T1] *** VALIDATE xfs ***
[    2.937972][    T1] 9p: Installing v9fs 9p2000 file system support
[    2.938776][    T1] FS-Cache: Netfs '9p' registered for caching
[    2.941833][    T1] NILFS version 2 loaded
[    2.942171][    T1] befs: version: 0.9.3
[    2.943901][    T1] ocfs2: Registered cluster interface o2cb
[    2.944811][    T1] ocfs2: Registered cluster interface user
[    2.945724][    T1] OCFS2 User DLM kernel interface loaded
[    2.953984][    T1] *** VALIDATE gfs2 ***
[    2.955587][    T1] gfs2: GFS2 installed
[    2.965025][    T1] FS-Cache: Netfs 'ceph' registered for caching
[    2.965529][    T1] ceph: loaded (mds proto 32)
[    2.973615][    T1] NET: Registered protocol family 38
[    2.974478][    T1] async_tx: api initialized (async)
[    2.974901][    T1] Key type asymmetric registered
[    2.975303][    T1] Asymmetric key parser 'x509' registered
[    2.975761][    T1] Asymmetric key parser 'pkcs8' registered
[    2.976207][    T1] Key type pkcs7_test registered
[    2.976755][    T1] Block layer SCSI generic (bsg) driver version 0.4 loaded (major 241)
[    2.977633][    T1] io scheduler mq-deadline registered
[    2.978097][    T1] io scheduler kyber registered
[    2.979076][    T1] io scheduler bfq registered
[    2.983701][    T1] vga16fb: mapped to 0x00000000ebaf8fa2
[    3.449924][    T1] Console: switching to colour frame buffer device 80x30
[    3.709627][    T1] fb0: VGA16 VGA frame buffer device
[    3.711123][    T1] input: Power Button as /devices/LNXSYSTM:00/LNXPWRBN:00/input/input0
[    3.718633][    T1] ACPI: Power Button [PWRF]
[    3.723376][    T1] ioatdma: Intel(R) QuickData Technology Driver 5.00
[    3.900156][    T1] HDLC line discipline maxframe=4096
[    3.900670][    T1] N_HDLC line discipline registered.
[    3.901154][    T1] Serial: 8250/16550 driver, 4 ports, IRQ sharing enabled
[    3.902132][    T1] 00:04: ttyS0 at I/O 0x3f8 (irq = 4, base_baud = 115200) is a 16550A
[    3.909018][    T1] Initializing Nozomi driver 2.1d
[    3.911417][    T1] Non-volatile memory driver v1.3
[    3.912256][    T1] Linux agpgart interface v0.103
[    3.927243][    T1] [drm] Initialized vgem 1.0.0 20120112 for vgem on minor 0
[    3.929864][    T1] [drm] Supports vblank timestamp caching Rev 2 (21.10.2013).
[    3.930532][    T1] [drm] Driver supports precise vblank timestamp query.
[    3.932900][    T1] [drm] Initialized vkms 1.0.0 20180514 for vkms on minor 1
[    3.933738][    T1] usbcore: registered new interface driver udl
[    3.934289][    T1] fb0: switching to bochsdrmfb from VGA16 VGA
[    4.082428][    T1] Console: switching to colour VGA+ 80x25
[    4.085573][    T1] bochs-drm 0000:00:02.0: vgaarb: deactivate vga console
[    4.091673][    T1] Console: switching to colour dummy device 80x25
[    4.094519][    T1] [drm] Found bochs VGA, ID 0xb0c5.
[    4.094954][    T1] [drm] Framebuffer size 16384 kB @ 0xfd000000, mmio @ 0xfebf0000.
[    4.096408][    T1] [TTM] Zone  kernel: Available graphics memory: 759836 KiB
[    4.097338][    T1] [TTM] Initializing pool allocator
[    4.097901][    T1] [TTM] Initializing DMA pool allocator
[    4.099857][    T1] [drm] Found EDID data blob.
[    4.101582][    T1] [drm] Initialized bochs-drm 1.0.0 20130925 for 0000:00:02.0 on minor 2
[    4.108819][    T1] fbcon: bochs-drmdrmfb (fb0) is primary device
[    4.129595][    T1] Console: switching to colour frame buffer device 160x50
[    4.144634][    T1] bochs-drm 0000:00:02.0: fb0: bochs-drmdrmfb frame buffer device
[    4.172115][    T1] brd: module loaded
[    4.209046][    T1] loop: module loaded
[    4.301354][    T1] zram: Added device: zram0
[    4.305106][    T1] null_blk: module loaded
[    4.305706][    T1] Guest personality initialized and is inactive
[    4.306474][    T1] VMCI host device registered (name=vmci, major=10, minor=56)
[    4.307065][    T1] Initialized host personality
[    4.307643][    T1] usbcore: registered new interface driver rtsx_usb
[    4.310170][    T1] usbcore: registered new interface driver viperboard
[    4.311016][    T1] usbcore: registered new interface driver dln2
[    4.311813][    T1] usbcore: registered new interface driver pn533_usb
[    4.314417][    T1] nfcsim 0.2 initialized
[    4.315018][    T1] usbcore: registered new interface driver port100
[    4.315778][    T1] usbcore: registered new interface driver nfcmrvl
[    4.320418][    T1] Loading iSCSI transport class v2.0-870.
[    4.324993][    T1] st: Version 20160209, fixed bufsize 32768, s/g segs 256
[    4.343108][    T1] scsi host0: ata_piix
[    4.345325][    T1] scsi host1: ata_piix
[    4.346325][    T1] ata1: PATA max MWDMA2 cmd 0x1f0 ctl 0x3f6 bmdma 0xc040 irq 14
[    4.347019][    T1] ata2: PATA max MWDMA2 cmd 0x170 ctl 0x376 bmdma 0xc048 irq 15
[    4.352976][    T1] Rounding down aligned max_sectors from 4294967295 to 4294967288
[    4.355155][    T1] db_root: cannot open: /etc/target
[    4.356024][    T1] slram: not enough parameters.
[    4.359810][    T1] ftl_cs: FTL header not found.
[    4.363048][    T1] Ethernet Channel Bonding Driver: v3.7.1 (April 27, 2011)
[    4.373721][    T1] wireguard: WireGuard 1.0.0 loaded. See www.wireguard.com for information.
[    4.374449][    T1] wireguard: Copyright (C) 2015-2019 Jason A. Donenfeld <Jason@zx2c4.com>. All Rights Reserved.
[    4.375332][    T1] eql: Equalizer2002: Simon Janes (simon@ncm.com) and David S. Miller (davem@redhat.com)
[    4.384094][    T1] MACsec IEEE 802.1AE
[    4.385879][    T1] libphy: Fixed MDIO Bus: probed
[    4.389792][    T1] tun: Universal TUN/TAP device driver, 1.6
[    4.395290][    T1] vcan: Virtual CAN interface driver
[    4.395762][    T1] vxcan: Virtual CAN Tunnel driver
[    4.396198][    T1] slcan: serial line CAN interface driver
[    4.396684][    T1] slcan: 10 dynamic interface channels.
[    4.397159][    T1] CAN device driver interface
[    4.397762][    T1] usbcore: registered new interface driver usb_8dev
[    4.399104][    T1] usbcore: registered new interface driver ems_usb
[    4.399821][    T1] usbcore: registered new interface driver gs_usb
[    4.400555][    T1] usbcore: registered new interface driver kvaser_usb
[    4.401322][    T1] usbcore: registered new interface driver mcba_usb
[    4.401971][    T1] usbcore: registered new interface driver peak_usb
[    4.403188][    T1] e100: Intel(R) PRO/100 Network Driver, 3.5.24-k2-NAPI
[    4.403740][    T1] e100: Copyright(c) 1999-2006 Intel Corporation
[    4.404597][    T1] e1000: Intel(R) PRO/1000 Network Driver - version 7.3.21-k8-NAPI
[    4.405211][    T1] e1000: Copyright (c) 1999-2006 Intel Corporation.
[    4.519097][ T3497] ata2.00: ATAPI: QEMU DVD-ROM, 2.5+, max UDMA/100
[    4.519789][ T3492] ata1.00: ATA-7: QEMU HARDDISK, 2.5+, max UDMA/100
[    4.520331][ T3492] ata1.00: 2097458 sectors, multi 16: LBA48 
[    4.533031][  T407] scsi 0:0:0:0: Direct-Access     ATA      QEMU HARDDISK    2.5+ PQ: 0 ANSI: 5
[    4.536175][  T304] sd 0:0:0:0: [sda] 2097458 512-byte logical blocks: (1.07 GB/1.00 GiB)
[    4.536995][  T304] sd 0:0:0:0: [sda] Write Protect is off
[    4.537615][  T304] sd 0:0:0:0: [sda] Write cache: enabled, read cache: enabled, doesn't support DPO or FUA
[    4.540052][  T407] sd 0:0:0:0: Attached scsi generic sg0 type 0
[    4.542182][  T707] scsi 1:0:0:0: CD-ROM            QEMU     QEMU DVD-ROM     2.5+ PQ: 0 ANSI: 5
[    4.556413][  T304]  sda: sda1
[    4.559324][  T304] sd 0:0:0:0: [sda] Attached SCSI disk
[    4.648662][  T707] sr 1:0:0:0: [sr0] scsi3-mmc drive: 4x/4x cd/rw xa/form2 tray
[    4.649274][  T707] cdrom: Uniform CD-ROM driver Revision: 3.20
[    4.653035][  T707] sr 1:0:0:0: Attached scsi generic sg1 type 5
[    5.509470][    T1] PCI Interrupt Link [LNKC] enabled at IRQ 11
[    5.880044][    T1] e1000 0000:00:03.0 eth0: (PCI:33MHz:32-bit) 52:54:00:12:34:56
[    5.880735][    T1] e1000 0000:00:03.0 eth0: Intel(R) PRO/1000 Network Connection
[    5.881725][    T1] e1000e: Intel(R) PRO/1000 Network Driver - 3.2.6-k
[    5.882244][    T1] e1000e: Copyright(c) 1999 - 2015 Intel Corporation.
[    5.883451][    T1] mkiss: AX.25 Multikiss, Hans Albas PE1AYX
[    5.883919][    T1] AX.25: 6pack driver, Revision: 0.3.0
[    5.884357][    T1] AX.25: bpqether driver version 004
[    5.884766][    T1] PPP generic driver version 2.4.2
[    5.886042][    T1] PPP BSD Compression module registered
[    5.886488][    T1] PPP Deflate Compression module registered
[    5.886974][    T1] PPP MPPE Compression module registered
[    5.887412][    T1] NET: Registered protocol family 24
[    5.887857][    T1] PPTP driver version 0.8.5
[    5.888939][    T1] SLIP: version 0.8.4-NET3.019-NEWTTY (dynamic channels, max=256) (6 bit encapsulation enabled).
[    5.889750][    T1] CSLIP: code copyright 1989 Regents of the University of California.
[    5.890370][    T1] SLIP linefill/keepalive option.
[    5.890760][    T1] hdlc: HDLC support module revision 1.22
[    5.891214][    T1] LAPB Ethernet driver version 0.02
[    5.892693][    T1] usbcore: registered new interface driver ath9k_htc
[    5.893517][    T1] usbcore: registered new interface driver carl9170
[    5.894275][    T1] usbcore: registered new interface driver ath6kl_usb
[    5.895028][    T1] usbcore: registered new interface driver ar5523
[    5.895962][    T1] usbcore: registered new interface driver ath10k_usb
[    5.896787][    T1] mac80211_hwsim: initializing netlink
[    5.908112][    T1] usbcore: registered new interface driver atusb
[    5.915679][    T1] mac802154_hwsim mac802154_hwsim: Added 2 mac802154 hwsim hardware radios
[    5.916712][    T1] VMware vmxnet3 virtual NIC driver - version 1.4.17.0-k-NAPI
[    5.917717][    T1] usbcore: registered new interface driver catc
[    5.918622][    T1] usbcore: registered new interface driver kaweth
[    5.919151][    T1] pegasus: v0.9.3 (2013/04/25), Pegasus/Pegasus II USB Ethernet driver
[    5.920114][    T1] usbcore: registered new interface driver pegasus
[    5.920836][    T1] usbcore: registered new interface driver rtl8150
[    5.922841][    T1] usbcore: registered new interface driver r8152
[    5.923340][    T1] hso: drivers/net/usb/hso.c: Option Wireless
[    5.923998][    T1] usbcore: registered new interface driver hso
[    5.924620][    T1] usbcore: registered new interface driver lan78xx
[    5.925300][    T1] usbcore: registered new interface driver asix
[    5.925936][    T1] usbcore: registered new interface driver ax88179_178a
[    5.926621][    T1] usbcore: registered new interface driver cdc_ether
[    5.927290][    T1] usbcore: registered new interface driver cdc_eem
[    5.927966][    T1] usbcore: registered new interface driver dm9601
[    5.928648][    T1] usbcore: registered new interface driver sr9700
[    5.929320][    T1] usbcore: registered new interface driver CoreChips
[    5.930008][    T1] usbcore: registered new interface driver smsc75xx
[    5.930892][    T1] usbcore: registered new interface driver smsc95xx
[    5.932691][    T1] usbcore: registered new interface driver gl620a
[    5.933314][    T1] usbcore: registered new interface driver net1080
[    5.933935][    T1] usbcore: registered new interface driver plusb
[    5.934585][    T1] usbcore: registered new interface driver rndis_host
[    5.935281][    T1] usbcore: registered new interface driver cdc_subset
[    5.935961][    T1] usbcore: registered new interface driver zaurus
[    5.936612][    T1] usbcore: registered new interface driver MOSCHIP usb-ethernet driver
[    5.937388][    T1] usbcore: registered new interface driver int51x1
[    5.938397][    T1] usbcore: registered new interface driver cdc_phonet
[    5.939087][    T1] usbcore: registered new interface driver kalmia
[    5.939951][    T1] usbcore: registered new interface driver ipheth
[    5.942603][    T1] usbcore: registered new interface driver sierra_net
[    5.943334][    T1] usbcore: registered new interface driver cx82310_eth
[    5.944090][    T1] usbcore: registered new interface driver cdc_ncm
[    5.944808][    T1] usbcore: registered new interface driver huawei_cdc_ncm
[    5.945608][    T1] usbcore: registered new interface driver lg-vl600
[    5.946327][    T1] usbcore: registered new interface driver qmi_wwan
[    5.947060][    T1] usbcore: registered new interface driver cdc_mbim
[    5.947781][    T1] usbcore: registered new interface driver ch9200
[    5.951414][    T1] VFIO - User Level meta-driver version: 0.3
[    5.955914][    T1] aoe: AoE v85 initialised.
[    5.959625][    T1] ehci_hcd: USB 2.0 'Enhanced' Host Controller (EHCI) Driver
[    5.960219][    T1] ehci-pci: EHCI PCI platform driver
[    5.963373][    T1] ehci-platform: EHCI generic platform driver
[    5.964248][    T1] ohci_hcd: USB 1.1 'Open' Host Controller (OHCI) Driver
[    5.964818][    T1] ohci-pci: OHCI PCI platform driver
[    5.965425][    T1] ohci-platform: OHCI generic platform driver
[    5.966055][    T1] uhci_hcd: USB Universal Host Controller Interface driver
[    5.968714][    T1] usbcore: registered new interface driver cdc_acm
[    5.969232][    T1] cdc_acm: USB Abstract Control Model driver for USB modems and ISDN adapters
[    5.970105][    T1] usbcore: registered new interface driver usblp
[    5.971263][    T1] usbcore: registered new interface driver cdc_wdm
[    5.972511][    T1] usbcore: registered new interface driver usbtmc
[    5.973585][    T1] usbcore: registered new interface driver uas
[    5.974527][    T1] usbcore: registered new interface driver usb-storage
[    5.975411][    T1] usbcore: registered new interface driver ums-alauda
[    5.976290][    T1] usbcore: registered new interface driver ums-cypress
[    5.977241][    T1] usbcore: registered new interface driver ums-datafab
[    5.978165][    T1] usbcore: registered new interface driver ums_eneub6250
[    5.979144][    T1] usbcore: registered new interface driver ums-freecom
[    5.980015][    T1] usbcore: registered new interface driver ums-isd200
[    5.980981][    T1] usbcore: registered new interface driver ums-jumpshot
[    5.981817][    T1] usbcore: registered new interface driver ums-karma
[    5.982595][    T1] usbcore: registered new interface driver ums-onetouch
[    5.983635][    T1] usbcore: registered new interface driver ums-realtek
[    5.984437][    T1] usbcore: registered new interface driver ums-sddr09
[    5.985505][    T1] usbcore: registered new interface driver ums-sddr55
[    5.986328][    T1] usbcore: registered new interface driver ums-usbat
[    5.987348][    T1] usbcore: registered new interface driver mdc800
[    5.988014][    T1] mdc800: v0.7.5 (30/10/2000):USB Driver for Mustek MDC800 Digital Camera
[    5.988987][    T1] usbcore: registered new interface driver microtekX6
[    5.990153][    T1] usbcore: registered new interface driver usbserial_generic
[    5.991160][    T1] usbserial: USB Serial support registered for generic
[    5.992205][    T1] usbcore: registered new interface driver aircable
[    5.993141][    T1] usbserial: USB Serial support registered for aircable
[    5.994165][    T1] usbcore: registered new interface driver ark3116
[    5.994918][    T1] usbserial: USB Serial support registered for ark3116
[    5.995793][    T1] usbcore: registered new interface driver belkin_sa
[    5.996683][    T1] usbserial: USB Serial support registered for Belkin / Peracom / GoHubs USB Serial Adapter
[    5.997983][    T1] usbcore: registered new interface driver ch341
[    5.999038][    T1] usbserial: USB Serial support registered for ch341-uart
[    5.999874][    T1] usbcore: registered new interface driver cp210x
[    6.000815][    T1] usbserial: USB Serial support registered for cp210x
[    6.001849][    T1] usbcore: registered new interface driver cyberjack
[    6.002537][    T1] usbserial: USB Serial support registered for Reiner SCT Cyberjack USB card reader
[    6.003716][    T1] usbcore: registered new interface driver cypress_m8
[    6.004510][    T1] usbserial: USB Serial support registered for DeLorme Earthmate USB
[    6.005608][    T1] usbserial: USB Serial support registered for HID->COM RS232 Adapter
[    6.006572][    T1] usbserial: USB Serial support registered for Nokia CA-42 V2 Adapter
[    6.007502][    T1] usbcore: registered new interface driver usb_debug
[    6.008280][    T1] usbserial: USB Serial support registered for debug
[    6.008987][    T1] usbserial: USB Serial support registered for xhci_dbc
[    6.009774][    T1] usbcore: registered new interface driver digi_acceleport
[    6.010530][    T1] usbserial: USB Serial support registered for Digi 2 port USB adapter
[    6.011378][    T1] usbserial: USB Serial support registered for Digi 4 port USB adapter
[    6.012237][    T1] usbcore: registered new interface driver io_edgeport
[    6.012969][    T1] usbserial: USB Serial support registered for Edgeport 2 port adapter
[    6.013812][    T1] usbserial: USB Serial support registered for Edgeport 4 port adapter
[    6.014663][    T1] usbserial: USB Serial support registered for Edgeport 8 port adapter
[    6.016680][    T1] usbserial: USB Serial support registered for EPiC device
[    6.017416][    T1] usbcore: registered new interface driver io_ti
[    6.018991][    T1] usbserial: USB Serial support registered for Edgeport TI 1 port adapter
[    6.019786][    T1] usbserial: USB Serial support registered for Edgeport TI 2 port adapter
[    6.020597][    T1] usbcore: registered new interface driver empeg
[    6.021216][    T1] usbserial: USB Serial support registered for empeg
[    6.021886][    T1] usbcore: registered new interface driver f81232
[    6.022516][    T1] usbserial: USB Serial support registered for f81232
[    6.023210][    T1] usbcore: registered new interface driver f81534
[    6.023856][    T1] usbserial: USB Serial support registered for Fintek F81532/F81534
[    6.024651][    T1] usbcore: registered new interface driver ftdi_sio
[    6.025593][    T1] usbserial: USB Serial support registered for FTDI USB Serial Device
[    6.027322][    T1] usbcore: registered new interface driver garmin_gps
[    6.027970][    T1] usbserial: USB Serial support registered for Garmin GPS usb/tty
[    6.028726][    T1] usbcore: registered new interface driver ipaq
[    6.029360][    T1] usbserial: USB Serial support registered for PocketPC PDA
[    6.030076][    T1] usbcore: registered new interface driver ipw
[    6.030703][    T1] usbserial: USB Serial support registered for IPWireless converter
[    6.031757][    T1] usbcore: registered new interface driver ir_usb
[    6.032568][    T1] usbserial: USB Serial support registered for IR Dongle
[    6.033353][    T1] usbcore: registered new interface driver iuu_phoenix
[    6.034096][    T1] usbserial: USB Serial support registered for iuu_phoenix
[    6.035059][    T1] usbcore: registered new interface driver keyspan
[    6.036799][    T1] usbserial: USB Serial support registered for Keyspan - (without firmware)
[    6.037846][    T1] usbserial: USB Serial support registered for Keyspan 1 port adapter
[    6.039102][    T1] usbserial: USB Serial support registered for Keyspan 2 port adapter
[    6.039935][    T1] usbserial: USB Serial support registered for Keyspan 4 port adapter
[    6.040812][    T1] usbcore: registered new interface driver keyspan_pda
[    6.041485][    T1] usbserial: USB Serial support registered for Keyspan PDA
[    6.042200][    T1] usbserial: USB Serial support registered for Keyspan PDA - (prerenumeration)
[    6.043045][    T1] usbcore: registered new interface driver kl5kusb105
[    6.043706][    T1] usbserial: USB Serial support registered for KL5KUSB105D / PalmConnect
[    6.044509][    T1] usbcore: registered new interface driver kobil_sct
[    6.045157][    T1] usbserial: USB Serial support registered for KOBIL USB smart card terminal
[    6.046291][    T1] usbcore: registered new interface driver mct_u232
[    6.047129][    T1] usbserial: USB Serial support registered for MCT U232
[    6.047875][    T1] usbcore: registered new interface driver metro_usb
[    6.049476][    T1] usbserial: USB Serial support registered for Metrologic USB to Serial
[    6.050257][    T1] usbcore: registered new interface driver mos7720
[    6.050859][    T1] usbserial: USB Serial support registered for Moschip 2 port adapter
[    6.051640][    T1] usbcore: registered new interface driver mos7840
[    6.052278][    T1] usbserial: USB Serial support registered for Moschip 7840/7820 USB Serial Driver
[    6.053137][    T1] usbcore: registered new interface driver mxuport
[    6.053776][    T1] usbserial: USB Serial support registered for MOXA UPort
[    6.054481][    T1] usbcore: registered new interface driver navman
[    6.055116][    T1] usbserial: USB Serial support registered for navman
[    6.055790][    T1] usbcore: registered new interface driver omninet
[    6.056438][    T1] usbserial: USB Serial support registered for ZyXEL - omni.net lcd plus usb
[    6.058215][    T1] usbcore: registered new interface driver opticon
[    6.058853][    T1] usbserial: USB Serial support registered for opticon
[    6.059497][    T1] usbcore: registered new interface driver option
[    6.060130][    T1] usbserial: USB Serial support registered for GSM modem (1-port)
[    6.060889][    T1] usbcore: registered new interface driver oti6858
[    6.061526][    T1] usbserial: USB Serial support registered for oti6858
[    6.062458][    T1] usbcore: registered new interface driver pl2303
[    6.063300][    T1] usbserial: USB Serial support registered for pl2303
[    6.064058][    T1] usbcore: registered new interface driver qcaux
[    6.064765][    T1] usbserial: USB Serial support registered for qcaux
[    6.065720][    T1] usbcore: registered new interface driver qcserial
[    6.067472][    T1] usbserial: USB Serial support registered for Qualcomm USB modem
[    6.068683][    T1] usbcore: registered new interface driver quatech2
[    6.069354][    T1] usbserial: USB Serial support registered for Quatech 2nd gen USB to Serial Driver
[    6.070278][    T1] usbcore: registered new interface driver safe_serial
[    6.070941][    T1] usbserial: USB Serial support registered for safe_serial
[    6.071653][    T1] usbcore: registered new interface driver sierra
[    6.072278][    T1] usbserial: USB Serial support registered for Sierra USB modem
[    6.073019][    T1] usbcore: registered new interface driver usb_serial_simple
[    6.073734][    T1] usbserial: USB Serial support registered for carelink
[    6.074411][    T1] usbserial: USB Serial support registered for zio
[    6.075052][    T1] usbserial: USB Serial support registered for funsoft
[    6.076900][    T1] usbserial: USB Serial support registered for flashloader
[    6.077574][    T1] usbserial: USB Serial support registered for google
[    6.078225][    T1] usbserial: USB Serial support registered for libtransistor
[    6.078937][    T1] usbserial: USB Serial support registered for vivopay
[    6.079599][    T1] usbserial: USB Serial support registered for moto_modem
[    6.080275][    T1] usbserial: USB Serial support registered for motorola_tetra
[    6.080992][    T1] usbserial: USB Serial support registered for novatel_gps
[    6.081680][    T1] usbserial: USB Serial support registered for hp4x
[    6.082311][    T1] usbserial: USB Serial support registered for suunto
[    6.082969][    T1] usbserial: USB Serial support registered for siemens_mpi
[    6.083686][    T1] usbcore: registered new interface driver spcp8x5
[    6.084606][    T1] usbserial: USB Serial support registered for SPCP8x5
[    6.085469][    T1] usbcore: registered new interface driver ssu100
[    6.086152][    T1] usbserial: USB Serial support registered for Quatech SSU-100 USB to Serial Driver
[    6.087844][    T1] usbcore: registered new interface driver symbolserial
[    6.088601][    T1] usbserial: USB Serial support registered for symbol
[    6.089239][    T1] usbcore: registered new interface driver ti_usb_3410_5052
[    6.089948][    T1] usbserial: USB Serial support registered for TI USB 3410 1 port adapter
[    6.090818][    T1] usbserial: USB Serial support registered for TI USB 5052 2 port adapter
[    6.091623][    T1] usbcore: registered new interface driver upd78f0730
[    6.092542][    T1] usbserial: USB Serial support registered for upd78f0730
[    6.093464][    T1] usbcore: registered new interface driver visor
[    6.094180][    T1] usbserial: USB Serial support registered for Handspring Visor / Palm OS
[    6.095146][    T1] usbserial: USB Serial support registered for Sony Clie 5.0
[    6.096216][    T1] usbserial: USB Serial support registered for Sony Clie 3.5
[    6.097893][    T1] usbcore: registered new interface driver wishbone_serial
[    6.099530][    T1] usbserial: USB Serial support registered for wishbone_serial
[    6.100249][    T1] usbcore: registered new interface driver whiteheat
[    6.100972][    T1] usbserial: USB Serial support registered for Connect Tech - WhiteHEAT - (prerenumeration)
[    6.101967][    T1] usbserial: USB Serial support registered for Connect Tech - WhiteHEAT
[    6.102786][    T1] usbcore: registered new interface driver xsens_mt
[    6.103489][    T1] usbserial: USB Serial support registered for xsens_mt
[    6.104251][    T1] usbcore: registered new interface driver adutux
[    6.104973][    T1] usbcore: registered new interface driver appledisplay
[    6.105727][    T1] usbcore: registered new interface driver cypress_cy7c63
[    6.106830][    T1] usbcore: registered new interface driver cytherm
[    6.107735][    T1] usbcore: registered new interface driver emi26 - firmware loader
[    6.109367][    T1] usbcore: registered new interface driver emi62 - firmware loader
[    6.110176][    T1] usbcore: registered new interface driver idmouse
[    6.110896][    T1] usbcore: registered new interface driver iowarrior
[    6.111627][    T1] usbcore: registered new interface driver isight_firmware
[    6.112372][    T1] usbcore: registered new interface driver usblcd
[    6.113020][    T1] usbcore: registered new interface driver ldusb
[    6.113686][    T1] usbcore: registered new interface driver legousbtower
[    6.114491][    T1] usbcore: registered new interface driver usbtest
[    6.115207][    T1] usbcore: registered new interface driver usb_ehset_test
[    6.115969][    T1] usbcore: registered new interface driver trancevibrator
[    6.117902][    T1] usbcore: registered new interface driver uss720
[    6.118488][    T1] uss720: USB Parport Cable driver for Cables using the Lucent Technologies USS720 Chip
[    6.119326][    T1] uss720: NOTE: this is a special purpose driver to allow nonstandard
[    6.120009][    T1] uss720: protocols (eg. bitbang) over USS720 usb to parallel cables
[    6.120674][    T1] uss720: If you just want to connect to a printer, use usblp instead
[    6.121504][    T1] usbcore: registered new interface driver usbsevseg
[    6.122204][    T1] usbcore: registered new interface driver yurex
[    6.123908][    T1] usbcore: registered new interface driver chaoskey
[    6.124664][    T1] usbcore: registered new interface driver sisusb
[    6.125386][    T1] usbcore: registered new interface driver lvs
[    6.126080][    T1] usbcore: registered new interface driver cxacru
[    6.126819][    T1] usbcore: registered new interface driver speedtch
[    6.127577][    T1] usbcore: registered new interface driver ueagle-atm
[    6.130160][    T1] xusbatm: malformed module parameters
[    6.132644][    T1] dummy_hcd dummy_hcd.0: USB Host+Gadget Emulator, driver 02 May 2005
[    6.133305][    T1] dummy_hcd dummy_hcd.0: Dummy host controller
[    6.134579][    T1] dummy_hcd dummy_hcd.0: new USB bus registered, assigned bus number 1
[    6.135880][    T1] usb usb1: New USB device found, idVendor=1d6b, idProduct=0002, bcdDevice= 5.06
[    6.136650][    T1] usb usb1: New USB device strings: Mfr=3, Product=2, SerialNumber=1
[    6.137329][    T1] usb usb1: Product: Dummy host controller
[    6.137804][    T1] usb usb1: Manufacturer: Linux 5.6.0-rc4-dc026a73c722-00028-gdc026a73c722 dummy_hcd
[    6.140067][    T1] usb usb1: SerialNumber: dummy_hcd.0
[    6.141861][    T1] hub 1-0:1.0: USB hub found
[    6.142435][    T1] hub 1-0:1.0: 1 port detected
[    6.144576][    T1] dummy_hcd dummy_hcd.1: USB Host+Gadget Emulator, driver 02 May 2005
[    6.145223][    T1] dummy_hcd dummy_hcd.1: Dummy host controller
[    6.146073][    T1] dummy_hcd dummy_hcd.1: new USB bus registered, assigned bus number 2
[    6.147090][    T1] usb usb2: New USB device found, idVendor=1d6b, idProduct=0002, bcdDevice= 5.06
[    6.147794][    T1] usb usb2: New USB device strings: Mfr=3, Product=2, SerialNumber=1
[    6.149949][    T1] usb usb2: Product: Dummy host controller
[    6.150407][    T1] usb usb2: Manufacturer: Linux 5.6.0-rc4-dc026a73c722-00028-gdc026a73c722 dummy_hcd
[    6.151133][    T1] usb usb2: SerialNumber: dummy_hcd.1
[    6.152396][    T1] hub 2-0:1.0: USB hub found
[    6.152847][    T1] hub 2-0:1.0: 1 port detected
[    6.155020][    T1] dummy_hcd dummy_hcd.2: USB Host+Gadget Emulator, driver 02 May 2005
[    6.155769][    T1] dummy_hcd dummy_hcd.2: Dummy host controller
[    6.156708][    T1] dummy_hcd dummy_hcd.2: new USB bus registered, assigned bus number 3
[    6.157816][    T1] usb usb3: New USB device found, idVendor=1d6b, idProduct=0002, bcdDevice= 5.06
[    6.158576][    T1] usb usb3: New USB device strings: Mfr=3, Product=2, SerialNumber=1
[    6.159207][    T1] usb usb3: Product: Dummy host controller
[    6.159656][    T1] usb usb3: Manufacturer: Linux 5.6.0-rc4-dc026a73c722-00028-gdc026a73c722 dummy_hcd
[    6.160373][    T1] usb usb3: SerialNumber: dummy_hcd.2
[    6.161736][    T1] hub 3-0:1.0: USB hub found
[    6.162226][    T1] hub 3-0:1.0: 1 port detected
[    6.163855][    T1] dummy_hcd dummy_hcd.3: USB Host+Gadget Emulator, driver 02 May 2005
[    6.164509][    T1] dummy_hcd dummy_hcd.3: Dummy host controller
[    6.165520][    T1] dummy_hcd dummy_hcd.3: new USB bus registered, assigned bus number 4
[    6.167024][    T1] usb usb4: New USB device found, idVendor=1d6b, idProduct=0002, bcdDevice= 5.06
[    6.167738][    T1] usb usb4: New USB device strings: Mfr=3, Product=2, SerialNumber=1
[    6.168386][    T1] usb usb4: Product: Dummy host controller
[    6.168838][    T1] usb usb4: Manufacturer: Linux 5.6.0-rc4-dc026a73c722-00028-gdc026a73c722 dummy_hcd
[    6.169561][    T1] usb usb4: SerialNumber: dummy_hcd.3
[    6.170926][    T1] hub 4-0:1.0: USB hub found
[    6.171375][    T1] hub 4-0:1.0: 1 port detected
[    6.172972][    T1] dummy_hcd dummy_hcd.4: USB Host+Gadget Emulator, driver 02 May 2005
[    6.173633][    T1] dummy_hcd dummy_hcd.4: Dummy host controller
[    6.174486][    T1] dummy_hcd dummy_hcd.4: new USB bus registered, assigned bus number 5
[    6.175491][    T1] usb usb5: New USB device found, idVendor=1d6b, idProduct=0002, bcdDevice= 5.06
[    6.176200][    T1] usb usb5: New USB device strings: Mfr=3, Product=2, SerialNumber=1
[    6.176822][    T1] usb usb5: Product: Dummy host controller
[    6.177273][    T1] usb usb5: Manufacturer: Linux 5.6.0-rc4-dc026a73c722-00028-gdc026a73c722 dummy_hcd
[    6.179329][    T1] usb usb5: SerialNumber: dummy_hcd.4
[    6.180734][    T1] hub 5-0:1.0: USB hub found
[    6.181178][    T1] hub 5-0:1.0: 1 port detected
[    6.182760][    T1] dummy_hcd dummy_hcd.5: USB Host+Gadget Emulator, driver 02 May 2005
[    6.183406][    T1] dummy_hcd dummy_hcd.5: Dummy host controller
[    6.184591][    T1] dummy_hcd dummy_hcd.5: new USB bus registered, assigned bus number 6
[    6.185801][    T1] usb usb6: New USB device found, idVendor=1d6b, idProduct=0002, bcdDevice= 5.06
[    6.186575][    T1] usb usb6: New USB device strings: Mfr=3, Product=2, SerialNumber=1
[    6.187252][    T1] usb usb6: Product: Dummy host controller
[    6.187743][    T1] usb usb6: Manufacturer: Linux 5.6.0-rc4-dc026a73c722-00028-gdc026a73c722 dummy_hcd
[    6.188584][    T1] usb usb6: SerialNumber: dummy_hcd.5
[    6.190083][    T1] hub 6-0:1.0: USB hub found
[    6.190583][    T1] hub 6-0:1.0: 1 port detected
[    6.192315][    T1] dummy_hcd dummy_hcd.6: USB Host+Gadget Emulator, driver 02 May 2005
[    6.193030][    T1] dummy_hcd dummy_hcd.6: Dummy host controller
[    6.193843][    T1] dummy_hcd dummy_hcd.6: new USB bus registered, assigned bus number 7
[    6.194844][    T1] usb usb7: New USB device found, idVendor=1d6b, idProduct=0002, bcdDevice= 5.06
[    6.195538][    T1] usb usb7: New USB device strings: Mfr=3, Product=2, SerialNumber=1
[    6.196154][    T1] usb usb7: Product: Dummy host controller
[    6.196598][    T1] usb usb7: Manufacturer: Linux 5.6.0-rc4-dc026a73c722-00028-gdc026a73c722 dummy_hcd
[    6.197314][    T1] usb usb7: SerialNumber: dummy_hcd.6
[    6.199123][    T1] hub 7-0:1.0: USB hub found
[    6.199749][    T1] hub 7-0:1.0: 1 port detected
[    6.201542][    T1] dummy_hcd dummy_hcd.7: USB Host+Gadget Emulator, driver 02 May 2005
[    6.202443][    T1] dummy_hcd dummy_hcd.7: Dummy host controller
[    6.203490][    T1] dummy_hcd dummy_hcd.7: new USB bus registered, assigned bus number 8
[    6.204907][    T1] usb usb8: New USB device found, idVendor=1d6b, idProduct=0002, bcdDevice= 5.06
[    6.205881][    T1] usb usb8: New USB device strings: Mfr=3, Product=2, SerialNumber=1
[    6.206739][    T1] usb usb8: Product: Dummy host controller
[    6.207360][    T1] usb usb8: Manufacturer: Linux 5.6.0-rc4-dc026a73c722-00028-gdc026a73c722 dummy_hcd
[    6.209479][    T1] usb usb8: SerialNumber: dummy_hcd.7
[    6.210955][    T1] hub 8-0:1.0: USB hub found
[    6.211615][    T1] hub 8-0:1.0: 1 port detected
[    6.226217][    T1] gadgetfs: USB Gadget filesystem, version 24 Aug 2004
[    6.227696][    T1] vhci_hcd vhci_hcd.0: USB/IP Virtual Host Controller
[    6.228886][    T1] vhci_hcd vhci_hcd.0: new USB bus registered, assigned bus number 9
[    6.229937][    T1] vhci_hcd: created sysfs vhci_hcd.0
[    6.230924][    T1] usb usb9: New USB device found, idVendor=1d6b, idProduct=0002, bcdDevice= 5.06
[    6.231896][    T1] usb usb9: New USB device strings: Mfr=3, Product=2, SerialNumber=1
[    6.232755][    T1] usb usb9: Product: USB/IP Virtual Host Controller
[    6.233458][    T1] usb usb9: Manufacturer: Linux 5.6.0-rc4-dc026a73c722-00028-gdc026a73c722 vhci_hcd
[    6.234455][    T1] usb usb9: SerialNumber: vhci_hcd.0
[    6.236639][    T1] hub 9-0:1.0: USB hub found
[    6.237275][    T1] hub 9-0:1.0: 8 ports detected
[    6.240566][    T1] vhci_hcd vhci_hcd.0: USB/IP Virtual Host Controller
[    6.241750][    T1] vhci_hcd vhci_hcd.0: new USB bus registered, assigned bus number 10
[    6.242763][    T1] usb usb10: We don't know the algorithms for LPM for this host, disabling LPM.
[    6.244040][    T1] usb usb10: New USB device found, idVendor=1d6b, idProduct=0003, bcdDevice= 5.06
[    6.244892][    T1] usb usb10: New USB device strings: Mfr=3, Product=2, SerialNumber=1
[    6.245795][    T1] usb usb10: Product: USB/IP Virtual Host Controller
[    6.246394][    T1] usb usb10: Manufacturer: Linux 5.6.0-rc4-dc026a73c722-00028-gdc026a73c722 vhci_hcd
[    6.247201][    T1] usb usb10: SerialNumber: vhci_hcd.0
[    6.249061][    T1] hub 10-0:1.0: USB hub found
[    6.249573][    T1] hub 10-0:1.0: 8 ports detected
[    6.253377][    T1] vhci_hcd vhci_hcd.1: USB/IP Virtual Host Controller
[    6.254353][    T1] vhci_hcd vhci_hcd.1: new USB bus registered, assigned bus number 11
[    6.255457][    T1] usb usb11: New USB device found, idVendor=1d6b, idProduct=0002, bcdDevice= 5.06
[    6.256172][    T1] usb usb11: New USB device strings: Mfr=3, Product=2, SerialNumber=1
[    6.256801][    T1] usb usb11: Product: USB/IP Virtual Host Controller
[    6.257313][    T1] usb usb11: Manufacturer: Linux 5.6.0-rc4-dc026a73c722-00028-gdc026a73c722 vhci_hcd
[    6.258495][    T1] usb usb11: SerialNumber: vhci_hcd.1
[    6.259770][    T1] hub 11-0:1.0: USB hub found
[    6.260226][    T1] hub 11-0:1.0: 8 ports detected
[    6.262963][    T1] vhci_hcd vhci_hcd.1: USB/IP Virtual Host Controller
[    6.263858][    T1] vhci_hcd vhci_hcd.1: new USB bus registered, assigned bus number 12
[    6.264738][    T1] usb usb12: We don't know the algorithms for LPM for this host, disabling LPM.
[    6.265948][    T1] usb usb12: New USB device found, idVendor=1d6b, idProduct=0003, bcdDevice= 5.06
[    6.266665][    T1] usb usb12: New USB device strings: Mfr=3, Product=2, SerialNumber=1
[    6.267282][    T1] usb usb12: Product: USB/IP Virtual Host Controller
[    6.267793][    T1] usb usb12: Manufacturer: Linux 5.6.0-rc4-dc026a73c722-00028-gdc026a73c722 vhci_hcd
[    6.270101][    T1] usb usb12: SerialNumber: vhci_hcd.1
[    6.271369][    T1] hub 12-0:1.0: USB hub found
[    6.271831][    T1] hub 12-0:1.0: 8 ports detected
[    6.275193][    T1] vhci_hcd vhci_hcd.2: USB/IP Virtual Host Controller
[    6.276399][    T1] vhci_hcd vhci_hcd.2: new USB bus registered, assigned bus number 13
[    6.278441][    T1] usb usb13: New USB device found, idVendor=1d6b, idProduct=0002, bcdDevice= 5.06
[    6.279228][    T1] usb usb13: New USB device strings: Mfr=3, Product=2, SerialNumber=1
[    6.279917][    T1] usb usb13: Product: USB/IP Virtual Host Controller
[    6.280478][    T1] usb usb13: Manufacturer: Linux 5.6.0-rc4-dc026a73c722-00028-gdc026a73c722 vhci_hcd
[    6.281272][    T1] usb usb13: SerialNumber: vhci_hcd.2
[    6.282765][    T1] hub 13-0:1.0: USB hub found
[    6.283261][    T1] hub 13-0:1.0: 8 ports detected
[    6.286081][    T1] vhci_hcd vhci_hcd.2: USB/IP Virtual Host Controller
[    6.286989][    T1] vhci_hcd vhci_hcd.2: new USB bus registered, assigned bus number 14
[    6.287863][    T1] usb usb14: We don't know the algorithms for LPM for this host, disabling LPM.
[    6.288958][    T1] usb usb14: New USB device found, idVendor=1d6b, idProduct=0003, bcdDevice= 5.06
[    6.289690][    T1] usb usb14: New USB device strings: Mfr=3, Product=2, SerialNumber=1
[    6.290358][    T1] usb usb14: Product: USB/IP Virtual Host Controller
[    6.290912][    T1] usb usb14: Manufacturer: Linux 5.6.0-rc4-dc026a73c722-00028-gdc026a73c722 vhci_hcd
[    6.291651][    T1] usb usb14: SerialNumber: vhci_hcd.2
[    6.293153][    T1] hub 14-0:1.0: USB hub found
[    6.293612][    T1] hub 14-0:1.0: 8 ports detected
[    6.296963][    T1] vhci_hcd vhci_hcd.3: USB/IP Virtual Host Controller
[    6.297948][    T1] vhci_hcd vhci_hcd.3: new USB bus registered, assigned bus number 15
[    6.299286][    T1] usb usb15: New USB device found, idVendor=1d6b, idProduct=0002, bcdDevice= 5.06
[    6.300007][    T1] usb usb15: New USB device strings: Mfr=3, Product=2, SerialNumber=1
[    6.300640][    T1] usb usb15: Product: USB/IP Virtual Host Controller
[    6.301154][    T1] usb usb15: Manufacturer: Linux 5.6.0-rc4-dc026a73c722-00028-gdc026a73c722 vhci_hcd
[    6.301885][    T1] usb usb15: SerialNumber: vhci_hcd.3
[    6.303442][    T1] hub 15-0:1.0: USB hub found
[    6.303909][    T1] hub 15-0:1.0: 8 ports detected
[    6.307165][    T1] vhci_hcd vhci_hcd.3: USB/IP Virtual Host Controller
[    6.308595][    T1] vhci_hcd vhci_hcd.3: new USB bus registered, assigned bus number 16
[    6.309480][    T1] usb usb16: We don't know the algorithms for LPM for this host, disabling LPM.
[    6.310617][    T1] usb usb16: New USB device found, idVendor=1d6b, idProduct=0003, bcdDevice= 5.06
[    6.311344][    T1] usb usb16: New USB device strings: Mfr=3, Product=2, SerialNumber=1
[    6.311967][    T1] usb usb16: Product: USB/IP Virtual Host Controller
[    6.312474][    T1] usb usb16: Manufacturer: Linux 5.6.0-rc4-dc026a73c722-00028-gdc026a73c722 vhci_hcd
[    6.313233][    T1] usb usb16: SerialNumber: vhci_hcd.3
[    6.314718][    T1] hub 16-0:1.0: USB hub found
[    6.315217][    T1] hub 16-0:1.0: 8 ports detected
[    6.318627][    T1] vhci_hcd vhci_hcd.4: USB/IP Virtual Host Controller
[    6.319671][    T1] vhci_hcd vhci_hcd.4: new USB bus registered, assigned bus number 17
[    6.320852][    T1] usb usb17: New USB device found, idVendor=1d6b, idProduct=0002, bcdDevice= 5.06
[    6.321569][    T1] usb usb17: New USB device strings: Mfr=3, Product=2, SerialNumber=1
[    6.322197][    T1] usb usb17: Product: USB/IP Virtual Host Controller
[    6.322714][    T1] usb usb17: Manufacturer: Linux 5.6.0-rc4-dc026a73c722-00028-gdc026a73c722 vhci_hcd
[    6.323433][    T1] usb usb17: SerialNumber: vhci_hcd.4
[    6.325210][    T1] hub 17-0:1.0: USB hub found
[    6.325673][    T1] hub 17-0:1.0: 8 ports detected
[    6.328652][    T1] vhci_hcd vhci_hcd.4: USB/IP Virtual Host Controller
[    6.329551][    T1] vhci_hcd vhci_hcd.4: new USB bus registered, assigned bus number 18
[    6.330421][    T1] usb usb18: We don't know the algorithms for LPM for this host, disabling LPM.
[    6.331634][    T1] usb usb18: New USB device found, idVendor=1d6b, idProduct=0003, bcdDevice= 5.06
[    6.332345][    T1] usb usb18: New USB device strings: Mfr=3, Product=2, SerialNumber=1
[    6.332974][    T1] usb usb18: Product: USB/IP Virtual Host Controller
[    6.333487][    T1] usb usb18: Manufacturer: Linux 5.6.0-rc4-dc026a73c722-00028-gdc026a73c722 vhci_hcd
[    6.334208][    T1] usb usb18: SerialNumber: vhci_hcd.4
[    6.335604][    T1] hub 18-0:1.0: USB hub found
[    6.336086][    T1] hub 18-0:1.0: 8 ports detected
[    6.340327][    T1] vhci_hcd vhci_hcd.5: USB/IP Virtual Host Controller
[    6.341298][    T1] vhci_hcd vhci_hcd.5: new USB bus registered, assigned bus number 19
[    6.342444][    T1] usb usb19: New USB device found, idVendor=1d6b, idProduct=0002, bcdDevice= 5.06
[    6.343211][    T1] usb usb19: New USB device strings: Mfr=3, Product=2, SerialNumber=1
[    6.343900][    T1] usb usb19: Product: USB/IP Virtual Host Controller
[    6.344460][    T1] usb usb19: Manufacturer: Linux 5.6.0-rc4-dc026a73c722-00028-gdc026a73c722 vhci_hcd
[    6.345194][    T1] usb usb19: SerialNumber: vhci_hcd.5
[    6.346990][    T1] hub 19-0:1.0: USB hub found
[    6.347445][    T1] hub 19-0:1.0: 8 ports detected
[    6.350647][    T1] vhci_hcd vhci_hcd.5: USB/IP Virtual Host Controller
[    6.351643][    T1] vhci_hcd vhci_hcd.5: new USB bus registered, assigned bus number 20
[    6.352530][    T1] usb usb20: We don't know the algorithms for LPM for this host, disabling LPM.
[    6.353746][    T1] usb usb20: New USB device found, idVendor=1d6b, idProduct=0003, bcdDevice= 5.06
[    6.354453][    T1] usb usb20: New USB device strings: Mfr=3, Product=2, SerialNumber=1
[    6.355076][    T1] usb usb20: Product: USB/IP Virtual Host Controller
[    6.355585][    T1] usb usb20: Manufacturer: Linux 5.6.0-rc4-dc026a73c722-00028-gdc026a73c722 vhci_hcd
[    6.356304][    T1] usb usb20: SerialNumber: vhci_hcd.5
[    6.357695][    T1] hub 20-0:1.0: USB hub found
[    6.358958][    T1] hub 20-0:1.0: 8 ports detected
[    6.362300][    T1] vhci_hcd vhci_hcd.6: USB/IP Virtual Host Controller
[    6.363247][    T1] vhci_hcd vhci_hcd.6: new USB bus registered, assigned bus number 21
[    6.364534][    T1] usb usb21: New USB device found, idVendor=1d6b, idProduct=0002, bcdDevice= 5.06
[    6.365253][    T1] usb usb21: New USB device strings: Mfr=3, Product=2, SerialNumber=1
[    6.365878][    T1] usb usb21: Product: USB/IP Virtual Host Controller
[    6.366384][    T1] usb usb21: Manufacturer: Linux 5.6.0-rc4-dc026a73c722-00028-gdc026a73c722 vhci_hcd
[    6.367133][    T1] usb usb21: SerialNumber: vhci_hcd.6
[    6.370040][    T1] hub 21-0:1.0: USB hub found
[    6.370557][    T1] hub 21-0:1.0: 8 ports detected
[    6.373438][    T1] vhci_hcd vhci_hcd.6: USB/IP Virtual Host Controller
[    6.374511][    T1] vhci_hcd vhci_hcd.6: new USB bus registered, assigned bus number 22
[    6.375373][    T1] usb usb22: We don't know the algorithms for LPM for this host, disabling LPM.
[    6.376713][    T1] usb usb22: New USB device found, idVendor=1d6b, idProduct=0003, bcdDevice= 5.06
[    6.377491][    T1] usb usb22: New USB device strings: Mfr=3, Product=2, SerialNumber=1
[    6.378990][    T1] usb usb22: Product: USB/IP Virtual Host Controller
[    6.379513][    T1] usb usb22: Manufacturer: Linux 5.6.0-rc4-dc026a73c722-00028-gdc026a73c722 vhci_hcd
[    6.380239][    T1] usb usb22: SerialNumber: vhci_hcd.6
[    6.381676][    T1] hub 22-0:1.0: USB hub found
[    6.382130][    T1] hub 22-0:1.0: 8 ports detected
[    6.385482][    T1] vhci_hcd vhci_hcd.7: USB/IP Virtual Host Controller
[    6.386371][    T1] vhci_hcd vhci_hcd.7: new USB bus registered, assigned bus number 23
[    6.387913][    T1] usb usb23: New USB device found, idVendor=1d6b, idProduct=0002, bcdDevice= 5.06
[    6.389227][    T1] usb usb23: New USB device strings: Mfr=3, Product=2, SerialNumber=1
[    6.389867][    T1] usb usb23: Product: USB/IP Virtual Host Controller
[    6.390384][    T1] usb usb23: Manufacturer: Linux 5.6.0-rc4-dc026a73c722-00028-gdc026a73c722 vhci_hcd
[    6.391112][    T1] usb usb23: SerialNumber: vhci_hcd.7
[    6.392470][    T1] hub 23-0:1.0: USB hub found
[    6.392928][    T1] hub 23-0:1.0: 8 ports detected
[    6.395721][    T1] vhci_hcd vhci_hcd.7: USB/IP Virtual Host Controller
[    6.396662][    T1] vhci_hcd vhci_hcd.7: new USB bus registered, assigned bus number 24
[    6.397521][    T1] usb usb24: We don't know the algorithms for LPM for this host, disabling LPM.
[    6.400518][    T1] usb usb24: New USB device found, idVendor=1d6b, idProduct=0003, bcdDevice= 5.06
[    6.401320][    T1] usb usb24: New USB device strings: Mfr=3, Product=2, SerialNumber=1
[    6.402005][    T1] usb usb24: Product: USB/IP Virtual Host Controller
[    6.402566][    T1] usb usb24: Manufacturer: Linux 5.6.0-rc4-dc026a73c722-00028-gdc026a73c722 vhci_hcd
[    6.403354][    T1] usb usb24: SerialNumber: vhci_hcd.7
[    6.404867][    T1] hub 24-0:1.0: USB hub found
[    6.405367][    T1] hub 24-0:1.0: 8 ports detected
[    6.409050][    T1] vhci_hcd vhci_hcd.8: USB/IP Virtual Host Controller
[    6.410197][    T1] vhci_hcd vhci_hcd.8: new USB bus registered, assigned bus number 25
[    6.411369][    T1] usb usb25: New USB device found, idVendor=1d6b, idProduct=0002, bcdDevice= 5.06
[    6.412272][    T1] usb usb25: New USB device strings: Mfr=3, Product=2, SerialNumber=1
[    6.413072][    T1] usb usb25: Product: USB/IP Virtual Host Controller
[    6.413728][    T1] usb usb25: Manufacturer: Linux 5.6.0-rc4-dc026a73c722-00028-gdc026a73c722 vhci_hcd
[    6.414649][    T1] usb usb25: SerialNumber: vhci_hcd.8
[    6.416282][    T1] hub 25-0:1.0: USB hub found
[    6.416858][    T1] hub 25-0:1.0: 8 ports detected
[    6.420220][    T1] vhci_hcd vhci_hcd.8: USB/IP Virtual Host Controller
[    6.421460][    T1] vhci_hcd vhci_hcd.8: new USB bus registered, assigned bus number 26
[    6.422459][    T1] usb usb26: We don't know the algorithms for LPM for this host, disabling LPM.
[    6.423751][    T1] usb usb26: New USB device found, idVendor=1d6b, idProduct=0003, bcdDevice= 5.06
[    6.424655][    T1] usb usb26: New USB device strings: Mfr=3, Product=2, SerialNumber=1
[    6.425449][    T1] usb usb26: Product: USB/IP Virtual Host Controller
[    6.426104][    T1] usb usb26: Manufacturer: Linux 5.6.0-rc4-dc026a73c722-00028-gdc026a73c722 vhci_hcd
[    6.427092][    T1] usb usb26: SerialNumber: vhci_hcd.8
[    6.429052][    T1] hub 26-0:1.0: USB hub found
[    6.429666][    T1] hub 26-0:1.0: 8 ports detected
[    6.433440][    T1] vhci_hcd vhci_hcd.9: USB/IP Virtual Host Controller
[    6.434466][    T1] vhci_hcd vhci_hcd.9: new USB bus registered, assigned bus number 27
[    6.435677][    T1] usb usb27: New USB device found, idVendor=1d6b, idProduct=0002, bcdDevice= 5.06
[    6.436453][    T1] usb usb27: New USB device strings: Mfr=3, Product=2, SerialNumber=1
[    6.437142][    T1] usb usb27: Product: USB/IP Virtual Host Controller
[    6.437704][    T1] usb usb27: Manufacturer: Linux 5.6.0-rc4-dc026a73c722-00028-gdc026a73c722 vhci_hcd
[    6.439116][    T1] usb usb27: SerialNumber: vhci_hcd.9
[    6.440371][    T1] hub 27-0:1.0: USB hub found
[    6.440835][    T1] hub 27-0:1.0: 8 ports detected
[    6.443574][    T1] vhci_hcd vhci_hcd.9: USB/IP Virtual Host Controller
[    6.444463][    T1] vhci_hcd vhci_hcd.9: new USB bus registered, assigned bus number 28
[    6.445348][    T1] usb usb28: We don't know the algorithms for LPM for this host, disabling LPM.
[    6.446548][    T1] usb usb28: New USB device found, idVendor=1d6b, idProduct=0003, bcdDevice= 5.06
[    6.447261][    T1] usb usb28: New USB device strings: Mfr=3, Product=2, SerialNumber=1
[    6.447884][    T1] usb usb28: Product: USB/IP Virtual Host Controller
[    6.448879][    T1] usb usb28: Manufacturer: Linux 5.6.0-rc4-dc026a73c722-00028-gdc026a73c722 vhci_hcd
[    6.449612][    T1] usb usb28: SerialNumber: vhci_hcd.9
[    6.450859][    T1] hub 28-0:1.0: USB hub found
[    6.451316][    T1] hub 28-0:1.0: 8 ports detected
[    6.454807][    T1] vhci_hcd vhci_hcd.10: USB/IP Virtual Host Controller
[    6.455736][    T1] vhci_hcd vhci_hcd.10: new USB bus registered, assigned bus number 29
[    6.456919][    T1] usb usb29: New USB device found, idVendor=1d6b, idProduct=0002, bcdDevice= 5.06
[    6.457638][    T1] usb usb29: New USB device strings: Mfr=3, Product=2, SerialNumber=1
[    6.458424][    T1] usb usb29: Product: USB/IP Virtual Host Controller
[    6.458957][    T1] usb usb29: Manufacturer: Linux 5.6.0-rc4-dc026a73c722-00028-gdc026a73c722 vhci_hcd
[    6.459688][    T1] usb usb29: SerialNumber: vhci_hcd.10
[    6.461228][    T1] hub 29-0:1.0: USB hub found
[    6.461743][    T1] hub 29-0:1.0: 8 ports detected
[    6.465173][    T1] vhci_hcd vhci_hcd.10: USB/IP Virtual Host Controller
[    6.466189][    T1] vhci_hcd vhci_hcd.10: new USB bus registered, assigned bus number 30
[    6.467037][    T1] usb usb30: We don't know the algorithms for LPM for this host, disabling LPM.
[    6.468902][    T1] usb usb30: New USB device found, idVendor=1d6b, idProduct=0003, bcdDevice= 5.06
[    6.469617][    T1] usb usb30: New USB device strings: Mfr=3, Product=2, SerialNumber=1
[    6.470241][    T1] usb usb30: Product: USB/IP Virtual Host Controller
[    6.470759][    T1] usb usb30: Manufacturer: Linux 5.6.0-rc4-dc026a73c722-00028-gdc026a73c722 vhci_hcd
[    6.471476][    T1] usb usb30: SerialNumber: vhci_hcd.10
[    6.472961][    T1] hub 30-0:1.0: USB hub found
[    6.473493][    T1] hub 30-0:1.0: 8 ports detected
[    6.477187][    T1] vhci_hcd vhci_hcd.11: USB/IP Virtual Host Controller
[    6.478613][    T1] vhci_hcd vhci_hcd.11: new USB bus registered, assigned bus number 31
[    6.479626][    T1] usb usb31: New USB device found, idVendor=1d6b, idProduct=0002, bcdDevice= 5.06
[    6.480337][    T1] usb usb31: New USB device strings: Mfr=3, Product=2, SerialNumber=1
[    6.480967][    T1] usb usb31: Product: USB/IP Virtual Host Controller
[    6.481507][    T1] usb usb31: Manufacturer: Linux 5.6.0-rc4-dc026a73c722-00028-gdc026a73c722 vhci_hcd
[    6.482342][    T1] usb usb31: SerialNumber: vhci_hcd.11
[    6.483798][    T1] hub 31-0:1.0: USB hub found
[    6.484300][    T1] hub 31-0:1.0: 8 ports detected
[    6.487432][    T1] vhci_hcd vhci_hcd.11: USB/IP Virtual Host Controller
[    6.488775][    T1] vhci_hcd vhci_hcd.11: new USB bus registered, assigned bus number 32
[    6.489824][    T1] usb usb32: We don't know the algorithms for LPM for this host, disabling LPM.
[    6.491139][    T1] usb usb32: New USB device found, idVendor=1d6b, idProduct=0003, bcdDevice= 5.06
[    6.491939][    T1] usb usb32: New USB device strings: Mfr=3, Product=2, SerialNumber=1
[    6.492647][    T1] usb usb32: Product: USB/IP Virtual Host Controller
[    6.493221][    T1] usb usb32: Manufacturer: Linux 5.6.0-rc4-dc026a73c722-00028-gdc026a73c722 vhci_hcd
[    6.494039][    T1] usb usb32: SerialNumber: vhci_hcd.11
[    6.495527][    T1] hub 32-0:1.0: USB hub found
[    6.496102][    T1] hub 32-0:1.0: 8 ports detected
[    6.500750][    T1] vhci_hcd vhci_hcd.12: USB/IP Virtual Host Controller
[    6.501683][    T1] vhci_hcd vhci_hcd.12: new USB bus registered, assigned bus number 33
[    6.502789][    T1] usb usb33: New USB device found, idVendor=1d6b, idProduct=0002, bcdDevice= 5.06
[    6.503505][    T1] usb usb33: New USB device strings: Mfr=3, Product=2, SerialNumber=1
[    6.504138][    T1] usb usb33: Product: USB/IP Virtual Host Controller
[    6.504655][    T1] usb usb33: Manufacturer: Linux 5.6.0-rc4-dc026a73c722-00028-gdc026a73c722 vhci_hcd
[    6.505381][    T1] usb usb33: SerialNumber: vhci_hcd.12
[    6.507084][    T1] hub 33-0:1.0: USB hub found
[    6.507541][    T1] hub 33-0:1.0: 8 ports detected
[    6.511032][    T1] vhci_hcd vhci_hcd.12: USB/IP Virtual Host Controller
[    6.512096][    T1] vhci_hcd vhci_hcd.12: new USB bus registered, assigned bus number 34
[    6.513353][    T1] usb usb34: We don't know the algorithms for LPM for this host, disabling LPM.
[    6.514656][    T1] usb usb34: New USB device found, idVendor=1d6b, idProduct=0003, bcdDevice= 5.06
[    6.515438][    T1] usb usb34: New USB device strings: Mfr=3, Product=2, SerialNumber=1
[    6.516127][    T1] usb usb34: Product: USB/IP Virtual Host Controller
[    6.516694][    T1] usb usb34: Manufacturer: Linux 5.6.0-rc4-dc026a73c722-00028-gdc026a73c722 vhci_hcd
[    6.517486][    T1] usb usb34: SerialNumber: vhci_hcd.12
[    6.519109][    T1] hub 34-0:1.0: USB hub found
[    6.519621][    T1] hub 34-0:1.0: 8 ports detected
[    6.524075][    T1] vhci_hcd vhci_hcd.13: USB/IP Virtual Host Controller
[    6.525148][    T1] vhci_hcd vhci_hcd.13: new USB bus registered, assigned bus number 35
[    6.526400][    T1] usb usb35: New USB device found, idVendor=1d6b, idProduct=0002, bcdDevice= 5.06
[    6.527191][    T1] usb usb35: New USB device strings: Mfr=3, Product=2, SerialNumber=1
[    6.527883][    T1] usb usb35: Product: USB/IP Virtual Host Controller
[    6.528548][    T1] usb usb35: Manufacturer: Linux 5.6.0-rc4-dc026a73c722-00028-gdc026a73c722 vhci_hcd
[    6.529390][    T1] usb usb35: SerialNumber: vhci_hcd.13
[    6.530946][    T1] hub 35-0:1.0: USB hub found
[    6.531446][    T1] hub 35-0:1.0: 8 ports detected
[    6.534656][    T1] vhci_hcd vhci_hcd.13: USB/IP Virtual Host Controller
[    6.535811][    T1] vhci_hcd vhci_hcd.13: new USB bus registered, assigned bus number 36
[    6.536684][    T1] usb usb36: We don't know the algorithms for LPM for this host, disabling LPM.
[    6.537898][    T1] usb usb36: New USB device found, idVendor=1d6b, idProduct=0003, bcdDevice= 5.06
[    6.538710][    T1] usb usb36: New USB device strings: Mfr=3, Product=2, SerialNumber=1
[    6.539399][    T1] usb usb36: Product: USB/IP Virtual Host Controller
[    6.539955][    T1] usb usb36: Manufacturer: Linux 5.6.0-rc4-dc026a73c722-00028-gdc026a73c722 vhci_hcd
[    6.540686][    T1] usb usb36: SerialNumber: vhci_hcd.13
[    6.542172][    T1] hub 36-0:1.0: USB hub found
[    6.542688][    T1] hub 36-0:1.0: 8 ports detected
[    6.546346][    T1] vhci_hcd vhci_hcd.14: USB/IP Virtual Host Controller
[    6.547430][    T1] vhci_hcd vhci_hcd.14: new USB bus registered, assigned bus number 37
[    6.548826][    T1] usb usb37: New USB device found, idVendor=1d6b, idProduct=0002, bcdDevice= 5.06
[    6.549625][    T1] usb usb37: New USB device strings: Mfr=3, Product=2, SerialNumber=1
[    6.550306][    T1] usb usb37: Product: USB/IP Virtual Host Controller
[    6.551031][    T1] usb usb37: Manufacturer: Linux 5.6.0-rc4-dc026a73c722-00028-gdc026a73c722 vhci_hcd
[    6.552167][    T1] usb usb37: SerialNumber: vhci_hcd.14
[    6.553769][    T1] hub 37-0:1.0: USB hub found
[    6.554493][    T1] hub 37-0:1.0: 8 ports detected
[    6.557667][    T1] vhci_hcd vhci_hcd.14: USB/IP Virtual Host Controller
[    6.560758][    T1] vhci_hcd vhci_hcd.14: new USB bus registered, assigned bus number 38
[    6.561883][    T1] usb usb38: We don't know the algorithms for LPM for this host, disabling LPM.
[    6.563410][    T1] usb usb38: New USB device found, idVendor=1d6b, idProduct=0003, bcdDevice= 5.06
[    6.564419][    T1] usb usb38: New USB device strings: Mfr=3, Product=2, SerialNumber=1
[    6.565307][    T1] usb usb38: Product: USB/IP Virtual Host Controller
[    6.566065][    T1] usb usb38: Manufacturer: Linux 5.6.0-rc4-dc026a73c722-00028-gdc026a73c722 vhci_hcd
[    6.567116][    T1] usb usb38: SerialNumber: vhci_hcd.14
[    6.569088][    T1] hub 38-0:1.0: USB hub found
[    6.569604][    T1] hub 38-0:1.0: 8 ports detected
[    6.573334][    T1] vhci_hcd vhci_hcd.15: USB/IP Virtual Host Controller
[    6.574397][    T1] vhci_hcd vhci_hcd.15: new USB bus registered, assigned bus number 39
[    6.575783][    T1] usb usb39: New USB device found, idVendor=1d6b, idProduct=0002, bcdDevice= 5.06
[    6.576570][    T1] usb usb39: New USB device strings: Mfr=3, Product=2, SerialNumber=1
[    6.577258][    T1] usb usb39: Product: USB/IP Virtual Host Controller
[    6.577822][    T1] usb usb39: Manufacturer: Linux 5.6.0-rc4-dc026a73c722-00028-gdc026a73c722 vhci_hcd
[    6.579998][    T1] usb usb39: SerialNumber: vhci_hcd.15
[    6.581972][    T1] hub 39-0:1.0: USB hub found
[    6.582547][    T1] hub 39-0:1.0: 8 ports detected
[    6.585873][    T1] vhci_hcd vhci_hcd.15: USB/IP Virtual Host Controller
[    6.586919][    T1] vhci_hcd vhci_hcd.15: new USB bus registered, assigned bus number 40
[    6.587823][    T1] usb usb40: We don't know the algorithms for LPM for this host, disabling LPM.
[    6.589633][    T1] usb usb40: New USB device found, idVendor=1d6b, idProduct=0003, bcdDevice= 5.06
[    6.590463][    T1] usb usb40: New USB device strings: Mfr=3, Product=2, SerialNumber=1
[    6.591186][    T1] usb usb40: Product: USB/IP Virtual Host Controller
[    6.591793][    T1] usb usb40: Manufacturer: Linux 5.6.0-rc4-dc026a73c722-00028-gdc026a73c722 vhci_hcd
[    6.592618][    T1] usb usb40: SerialNumber: vhci_hcd.15
[    6.594097][    T1] hub 40-0:1.0: USB hub found
[    6.594617][    T1] hub 40-0:1.0: 8 ports detected
[    6.598886][    T1] usbcore: registered new device driver usbip-host
[    6.602019][    T1] i8042: PNP: PS/2 Controller [PNP0303:KBD,PNP0f13:MOU] at 0x60,0x64 irq 1,12
[    6.606258][    T1] serio: i8042 KBD port at 0x60,0x64 irq 1
[    6.607299][    T1] serio: i8042 AUX port at 0x60,0x64 irq 12
[    6.609399][    T1] mousedev: PS/2 mouse device common for all mice
[    6.611639][    T1] usbcore: registered new interface driver appletouch
[    6.612967][    T1] usbcore: registered new interface driver bcm5974
[    6.614232][ T4169] input: AT Translated Set 2 keyboard as /devices/platform/i8042/serio0/input/input1
[    6.616850][    T1] usbcore: registered new interface driver synaptics_usb
[    6.617709][    T1] usbcore: registered new interface driver iforce
[    6.619052][    T1] usbcore: registered new interface driver xpad
[    6.619998][    T1] usbcore: registered new interface driver usb_acecad
[    6.620802][    T1] usbcore: registered new interface driver aiptek
[    6.621565][    T1] usbcore: registered new interface driver hanwang
[    6.622334][    T1] usbcore: registered new interface driver kbtab
[    6.623077][    T1] usbcore: registered new interface driver pegasus_notetaker
[    6.624096][    T1] usbcore: registered new interface driver usbtouchscreen
[    6.626182][    T1] usbcore: registered new interface driver sur40
[    6.626946][    T1] usbcore: registered new interface driver ati_remote2
[    6.627528][    T1] cm109: Keymap for Komunikate KIP1000 phone loaded
[    6.629891][    T1] usbcore: registered new interface driver cm109
[    6.630433][    T1] cm109: CM109 phone driver: 20080805 (C) Alfred E. Heggestad
[    6.631242][    T1] usbcore: registered new interface driver ims_pcu
[    6.631958][    T1] usbcore: registered new interface driver keyspan_remote
[    6.632700][    T1] usbcore: registered new interface driver powermate
[    6.633775][    T1] usbcore: registered new interface driver yealink
[    6.635573][    T1] rtc_cmos 00:05: RTC can wake from S4
[    6.638165][    T1] rtc_cmos 00:05: registered as rtc0
[    6.638638][    T1] rtc_cmos 00:05: alarms up to one day, y3k, 242 bytes nvram, hpet irqs
[    6.641616][    T1] i2c /dev entries driver
[    6.642833][    T1] usbcore: registered new interface driver i2c-diolan-u2c
[    6.644465][    T1] usbcore: registered new interface driver RobotFuzz Open Source InterFace, OSIF
[    6.645968][    T1] usbcore: registered new interface driver i2c-tiny-usb
[    6.650807][    T1] usbcore: registered new interface driver ati_remote
[    6.651699][    T1] usbcore: registered new interface driver imon
[    6.652608][    T1] usbcore: registered new interface driver mceusb
[    6.653393][    T1] usbcore: registered new interface driver redrat3
[    6.654168][    T1] usbcore: registered new interface driver streamzap
[    6.657415][    T1] usbcore: registered new interface driver igorplugusb
[    6.658519][    T1] usbcore: registered new interface driver iguanair
[    6.659273][    T1] usbcore: registered new interface driver ttusbir
[    6.659857][    T1] b2c2-flexcop: B2C2 FlexcopII/II(b)/III digital TV receiver chip loaded successfully
[    6.670336][    T1] vivid-000: using single planar format API
[    6.683400][    T1] vivid-000: CEC adapter cec0 registered for HDMI input 0
[    6.684324][    T1] vivid-000: V4L2 capture device registered as video3
[    6.685359][    T1] vivid-000: CEC adapter cec1 registered for HDMI output 0
[    6.686317][    T1] vivid-000: V4L2 output device registered as video4
[    6.687246][    T1] vivid-000: V4L2 capture device registered as vbi0, supports raw and sliced VBI
[    6.689332][    T1] vivid-000: V4L2 output device registered as vbi1, supports raw and sliced VBI
[    6.690464][    T1] vivid-000: V4L2 capture device registered as swradio0
[    6.691392][    T1] vivid-000: V4L2 receiver device registered as radio0
[    6.692329][    T1] vivid-000: V4L2 transmitter device registered as radio1
[    6.693265][    T1] vivid-000: V4L2 metadata capture device registered as video5
[    6.694176][    T1] vivid-000: V4L2 metadata output device registered as video6
[    6.695352][    T1] vivid-000: V4L2 touch capture device registered as v4l-touch0
[    6.696521][    T1] vivid-001: using multiplanar format API
[    6.705437][    T1] vivid-001: CEC adapter cec2 registered for HDMI input 0
[    6.706441][    T1] vivid-001: V4L2 capture device registered as video7
[    6.707384][    T1] vivid-001: CEC adapter cec3 registered for HDMI output 0
[    6.708354][    T1] vivid-001: V4L2 output device registered as video8
[    6.709290][    T1] vivid-001: V4L2 capture device registered as vbi2, supports raw and sliced VBI
[    6.710391][    T1] vivid-001: V4L2 output device registered as vbi3, supports raw and sliced VBI
[    6.711500][    T1] vivid-001: V4L2 capture device registered as swradio1
[    6.712379][    T1] vivid-001: V4L2 receiver device registered as radio2
[    6.713301][    T1] vivid-001: V4L2 transmitter device registered as radio3
[    6.714474][    T1] vivid-001: V4L2 metadata capture device registered as video9
[    6.715687][    T1] vivid-001: V4L2 metadata output device registered as video10
[    6.716684][    T1] vivid-001: V4L2 touch capture device registered as v4l-touch1
[    6.717680][    T1] vivid-002: using single planar format API
[    6.726620][    T1] vivid-002: CEC adapter cec4 registered for HDMI input 0
[    6.727541][    T1] vivid-002: V4L2 capture device registered as video11
[    6.728585][    T1] vivid-002: CEC adapter cec5 registered for HDMI output 0
[    6.729343][    T1] vivid-002: V4L2 output device registered as video12
[    6.730230][    T1] vivid-002: V4L2 capture device registered as vbi4, supports raw and sliced VBI
[    6.731327][    T1] vivid-002: V4L2 output device registered as vbi5, supports raw and sliced VBI
[    6.732333][    T1] vivid-002: V4L2 capture device registered as swradio2
[    6.733260][    T1] vivid-002: V4L2 receiver device registered as radio4
[    6.734194][    T1] vivid-002: V4L2 transmitter device registered as radio5
[    6.735463][    T1] vivid-002: V4L2 metadata capture device registered as video13
[    6.736821][    T1] vivid-002: V4L2 metadata output device registered as video14
[    6.738287][    T1] vivid-002: V4L2 touch capture device registered as v4l-touch2
[    6.739841][    T1] vivid-003: using multiplanar format API
[    6.748897][    T1] vivid-003: CEC adapter cec6 registered for HDMI input 0
[    6.749918][    T1] vivid-003: V4L2 capture device registered as video15
[    6.750982][    T1] vivid-003: CEC adapter cec7 registered for HDMI output 0
[    6.752140][    T1] vivid-003: V4L2 output device registered as video16
[    6.753293][    T1] vivid-003: V4L2 capture device registered as vbi6, supports raw and sliced VBI
[    6.754574][    T1] vivid-003: V4L2 output device registered as vbi7, supports raw and sliced VBI
[    6.755833][    T1] vivid-003: V4L2 capture device registered as swradio3
[    6.756875][    T1] vivid-003: V4L2 receiver device registered as radio6
[    6.757924][    T1] vivid-003: V4L2 transmitter device registered as radio7
[    6.759150][    T1] vivid-003: V4L2 metadata capture device registered as video17
[    6.760304][    T1] vivid-003: V4L2 metadata output device registered as video18
[    6.761564][    T1] vivid-003: V4L2 touch capture device registered as v4l-touch3
[    6.762989][    T1] vivid-004: using single planar format API
[    6.772920][    T1] vivid-004: CEC adapter cec8 registered for HDMI input 0
[    6.774150][    T1] vivid-004: V4L2 capture device registered as video19
[    6.775298][    T1] vivid-004: CEC adapter cec9 registered for HDMI output 0
[    6.776364][    T1] vivid-004: V4L2 output device registered as video20
[    6.777412][    T1] vivid-004: V4L2 capture device registered as vbi8, supports raw and sliced VBI
[    6.779029][    T1] vivid-004: V4L2 output device registered as vbi9, supports raw and sliced VBI
[    6.780340][    T1] vivid-004: V4L2 capture device registered as swradio4
[    6.781423][    T1] vivid-004: V4L2 receiver device registered as radio8
[    6.782483][    T1] vivid-004: V4L2 transmitter device registered as radio9
[    6.783461][    T1] vivid-004: V4L2 metadata capture device registered as video21
[    6.784615][    T1] vivid-004: V4L2 metadata output device registered as video22
[    6.785733][    T1] vivid-004: V4L2 touch capture device registered as v4l-touch4
[    6.787060][    T1] vivid-005: using multiplanar format API
[    6.797161][    T1] vivid-005: CEC adapter cec10 registered for HDMI input 0
[    6.798550][    T1] vivid-005: V4L2 capture device registered as video23
[    6.799506][    T1] vivid-005: CEC adapter cec11 registered for HDMI output 0
[    6.800474][    T1] vivid-005: V4L2 output device registered as video24
[    6.801414][    T1] vivid-005: V4L2 capture device registered as vbi10, supports raw and sliced VBI
[    6.802483][    T1] vivid-005: V4L2 output device registered as vbi11, supports raw and sliced VBI
[    6.803619][    T1] vivid-005: V4L2 capture device registered as swradio5
[    6.804541][    T1] vivid-005: V4L2 receiver device registered as radio10
[    6.805369][ T4460] kworker/u5:2 (4460) used greatest stack depth: 26624 bytes left
[    6.806145][    T1] vivid-005: V4L2 transmitter device registered as radio11
[    6.807213][    T1] vivid-005: V4L2 metadata capture device registered as video25
[    6.808719][    T1] vivid-005: V4L2 metadata output device registered as video26
[    6.809645][    T1] vivid-005: V4L2 touch capture device registered as v4l-touch5
[    6.810714][    T1] vivid-006: using single planar format API
[    6.819083][    T1] vivid-006: CEC adapter cec12 registered for HDMI input 0
[    6.819951][    T1] vivid-006: V4L2 capture device registered as video27
[    6.820814][    T1] vivid-006: CEC adapter cec13 registered for HDMI output 0
[    6.821786][    T1] vivid-006: V4L2 output device registered as video28
[    6.822537][    T1] vivid-006: V4L2 capture device registered as vbi12, supports raw and sliced VBI
[    6.823583][    T1] vivid-006: V4L2 output device registered as vbi13, supports raw and sliced VBI
[    6.824636][    T1] vivid-006: V4L2 capture device registered as swradio6
[    6.825492][    T1] vivid-006: V4L2 receiver device registered as radio12
[    6.826711][    T1] vivid-006: V4L2 transmitter device registered as radio13
[    6.827778][    T1] vivid-006: V4L2 metadata capture device registered as video29
[    6.829385][    T1] vivid-006: V4L2 metadata output device registered as video30
[    6.830451][    T1] vivid-006: V4L2 touch capture device registered as v4l-touch6
[    6.831480][    T1] vivid-007: using multiplanar format API
[    6.840533][    T1] vivid-007: CEC adapter cec14 registered for HDMI input 0
[    6.841446][    T1] vivid-007: V4L2 capture device registered as video31
[    6.842312][    T1] vivid-007: CEC adapter cec15 registered for HDMI output 0
[    6.843227][    T1] vivid-007: V4L2 output device registered as video32
[    6.844103][    T1] vivid-007: V4L2 capture device registered as vbi14, supports raw and sliced VBI
[    6.845136][    T1] vivid-007: V4L2 output device registered as vbi15, supports raw and sliced VBI
[    6.846154][    T1] vivid-007: V4L2 capture device registered as swradio7
[    6.847016][    T1] vivid-007: V4L2 receiver device registered as radio14
[    6.847885][    T1] vivid-007: V4L2 transmitter device registered as radio15
[    6.849416][    T1] vivid-007: V4L2 metadata capture device registered as video33
[    6.850527][    T1] vivid-007: V4L2 metadata output device registered as video34
[    6.851433][    T1] vivid-007: V4L2 touch capture device registered as v4l-touch7
[    6.852329][    T1] vivid-008: using single planar format API
[    6.861705][    T1] vivid-008: CEC adapter cec16 registered for HDMI input 0
[    6.862778][    T1] vivid-008: V4L2 capture device registered as video35
[    6.863596][    T1] vivid-008: CEC adapter cec17 registered for HDMI output 0
[    6.864497][    T1] vivid-008: V4L2 output device registered as video36
[    6.865363][    T1] vivid-008: V4L2 capture device registered as vbi16, supports raw and sliced VBI
[    6.866471][    T1] vivid-008: V4L2 output device registered as vbi17, supports raw and sliced VBI
[    6.867490][    T1] vivid-008: V4L2 capture device registered as swradio8
