c[?7l[2J[0mSeaBIOS (version rel-1.16.0-0-gd239552ce722-prebuilt.qemu.org)


iPXE (http://ipxe.org) 00:03.0 CA00 PCI2.10 PnP PMM+7FF91000+7FEF1000 CA00
Press Ctrl-B to configure iPXE (PCI 00:03.0)...                                                                               


Booting from ROM..c[?7l[2Jearly console in extract_kernel
input_data: 0x000000000bf082c8
input_len: 0x00000000044f89f2
output: 0x0000000001000000
output_len: 0x000000000e030b28
kernel_total_size: 0x000000000f426000
needed_size: 0x000000000f600000
trampoline_32bit: 0x000000000009d000

Decompressing Linux... Parsing ELF... done.
Booting the kernel.
[    0.000000][    T0] Linux version 5.6.0-rc4-e3a19cdea84a-00042-ge3a19cdea84a (root@xpf.sh.intel.com) (gcc version 8.5.0 20210514 (Red Hat 8.5.0-20) (GCC)) #1 SMP PREEMPT Sat Dec 2 13:43:49 CST 2023
[    0.000000][    T0] Command line: console=ttyS0 root=/dev/sda1 earlyprintk=serial net.ifnames=0 thunderbolt.dyndbg plymouth.enable=0
[    0.000000][    T0] KERNEL supported cpus:
[    0.000000][    T0]   Intel GenuineIntel
[    0.000000][    T0]   AMD AuthenticAMD
[    0.000000][    T0] x86/fpu: Supporting XSAVE feature 0x001: 'x87 floating point registers'
[    0.000000][    T0] x86/fpu: Supporting XSAVE feature 0x002: 'SSE registers'
[    0.000000][    T0] x86/fpu: Supporting XSAVE feature 0x004: 'AVX registers'
[    0.000000][    T0] x86/fpu: Supporting XSAVE feature 0x008: 'MPX bounds registers'
[    0.000000][    T0] x86/fpu: Supporting XSAVE feature 0x010: 'MPX CSR'
[    0.000000][    T0] x86/fpu: Supporting XSAVE feature 0x020: 'AVX-512 opmask'
[    0.000000][    T0] x86/fpu: Supporting XSAVE feature 0x040: 'AVX-512 Hi256'
[    0.000000][    T0] x86/fpu: Supporting XSAVE feature 0x080: 'AVX-512 ZMM_Hi256'
[    0.000000][    T0] x86/fpu: xstate_offset[2]:  576, xstate_sizes[2]:  256
[    0.000000][    T0] x86/fpu: xstate_offset[3]:  832, xstate_sizes[3]:   64
[    0.000000][    T0] x86/fpu: xstate_offset[4]:  896, xstate_sizes[4]:   64
[    0.000000][    T0] x86/fpu: xstate_offset[5]:  960, xstate_sizes[5]:   64
[    0.000000][    T0] x86/fpu: xstate_offset[6]: 1024, xstate_sizes[6]:  512
[    0.000000][    T0] x86/fpu: xstate_offset[7]: 1536, xstate_sizes[7]: 1024
[    0.000000][    T0] x86/fpu: Enabled xstate features 0xff, context size is 2560 bytes, using 'compacted' format.
[    0.000000][    T0] BIOS-provided physical RAM map:
[    0.000000][    T0] BIOS-e820: [mem 0x0000000000000000-0x000000000009fbff] usable
[    0.000000][    T0] BIOS-e820: [mem 0x000000000009fc00-0x000000000009ffff] reserved
[    0.000000][    T0] BIOS-e820: [mem 0x00000000000f0000-0x00000000000fffff] reserved
[    0.000000][    T0] BIOS-e820: [mem 0x0000000000100000-0x000000007ffdffff] usable
[    0.000000][    T0] BIOS-e820: [mem 0x000000007ffe0000-0x000000007fffffff] reserved
[    0.000000][    T0] BIOS-e820: [mem 0x00000000feffc000-0x00000000feffffff] reserved
[    0.000000][    T0] BIOS-e820: [mem 0x00000000fffc0000-0x00000000ffffffff] reserved
[    0.000000][    T0] printk: bootconsole [earlyser0] enabled
[    0.000000][    T0] ERROR: earlyprintk= earlyser already used
[    0.000000][    T0] ERROR: earlyprintk= earlyser already used
[    0.000000][    T0] ERROR: earlyprintk= earlyser already used
[    0.000000][    T0] Malformed early option 'vsyscall'
[    0.000000][    T0] nopcid: PCID feature disabled
[    0.000000][    T0] NX (Execute Disable) protection: active
[    0.000000][    T0] SMBIOS 2.8 present.
[    0.000000][    T0] DMI: QEMU Standard PC (i440FX + PIIX, 1996), BIOS rel-1.16.0-0-gd239552ce722-prebuilt.qemu.org 04/01/2014
[    0.000000][    T0] Hypervisor detected: KVM
[    0.000000][    T0] kvm-clock: Using msrs 4b564d01 and 4b564d00
[    0.000003][    T0] kvm-clock: cpu 0, msr ec57001, primary cpu clock
[    0.000003][    T0] kvm-clock: using sched offset of 857797866 cycles
[    0.000803][    T0] clocksource: kvm-clock: mask: 0xffffffffffffffff max_cycles: 0x1cd42e4dffb, max_idle_ns: 881590591483 ns
[    0.002919][    T0] tsc: Detected 2999.998 MHz processor
[    0.008784][    T0] last_pfn = 0x7ffe0 max_arch_pfn = 0x400000000
[    0.009634][    T0] x86/PAT: Configuration [0-7]: WB  WC  UC- UC  WB  WP  UC- WT  
[    0.018820][    T0] found SMP MP-table at [mem 0x000f5ba0-0x000f5baf]
[    0.019674][    T0] Using GB pages for direct mapping
[    0.021012][    T0] ACPI: Early table checksum verification disabled
[    0.021813][    T0] ACPI: RSDP 0x00000000000F59C0 000014 (v00 BOCHS )
[    0.022620][    T0] ACPI: RSDT 0x000000007FFE1951 000034 (v01 BOCHS  BXPC     00000001 BXPC 00000001)
[    0.023770][    T0] ACPI: FACP 0x000000007FFE17FD 000074 (v01 BOCHS  BXPC     00000001 BXPC 00000001)
[    0.024875][    T0] ACPI: DSDT 0x000000007FFE0040 0017BD (v01 BOCHS  BXPC     00000001 BXPC 00000001)
[    0.026026][    T0] ACPI: FACS 0x000000007FFE0000 000040
[    0.026691][    T0] ACPI: APIC 0x000000007FFE1871 000080 (v01 BOCHS  BXPC     00000001 BXPC 00000001)
[    0.027847][    T0] ACPI: HPET 0x000000007FFE18F1 000038 (v01 BOCHS  BXPC     00000001 BXPC 00000001)
[    0.028988][    T0] ACPI: WAET 0x000000007FFE1929 000028 (v01 BOCHS  BXPC     00000001 BXPC 00000001)
[    0.031023][    T0] No NUMA configuration found
[    0.031589][    T0] Faking a node at [mem 0x0000000000000000-0x000000007ffdffff]
[    0.032521][    T0] Faking node 0 at [mem 0x0000000000000000-0x000000003fffffff] (1024MB)
[    0.033528][    T0] Faking node 1 at [mem 0x0000000040000000-0x000000007ffdffff] (1023MB)
[    0.034921][    T0] NODE_DATA(0) allocated [mem 0x3fffb000-0x3fffffff]
[    0.035875][    T0] NODE_DATA(1) allocated [mem 0x7ffda000-0x7ffdefff]
[    0.040059][    T0] Zone ranges:
[    0.040503][    T0]   DMA      [mem 0x0000000000001000-0x0000000000ffffff]
[    0.041323][    T0]   DMA32    [mem 0x0000000001000000-0x000000007ffdffff]
[    0.042181][    T0]   Normal   empty
[    0.042612][    T0]   Device   empty
[    0.043035][    T0] Movable zone start for each node
[    0.043685][    T0] Early memory node ranges
[    0.044219][    T0]   node   0: [mem 0x0000000000001000-0x000000000009efff]
[    0.045091][    T0]   node   0: [mem 0x0000000000100000-0x000000003fffffff]
[    0.045983][    T0]   node   1: [mem 0x0000000040000000-0x000000007ffdffff]
[    0.046832][    T0] Zeroed struct page in unavailable ranges: 130 pages
[    0.046848][    T0] Initmem setup node 0 [mem 0x0000000000001000-0x000000003fffffff]
[    0.059273][    T0] Initmem setup node 1 [mem 0x0000000040000000-0x000000007ffdffff]
[    0.102144][    T0] kasan: KernelAddressSanitizer initialized
[    0.102967][    T0] ACPI: PM-Timer IO Port: 0x608
[    0.103421][    T0] ACPI: LAPIC_NMI (acpi_id[0xff] dfl dfl lint[0x1])
[    0.104059][    T0] IOAPIC[0]: apic_id 0, version 17, address 0xfec00000, GSI 0-23
[    0.104745][    T0] ACPI: INT_SRC_OVR (bus 0 bus_irq 0 global_irq 2 dfl dfl)
[    0.105395][    T0] ACPI: INT_SRC_OVR (bus 0 bus_irq 5 global_irq 5 high level)
[    0.106060][    T0] ACPI: INT_SRC_OVR (bus 0 bus_irq 9 global_irq 9 high level)
[    0.106764][    T0] ACPI: INT_SRC_OVR (bus 0 bus_irq 10 global_irq 10 high level)
[    0.107740][    T0] ACPI: INT_SRC_OVR (bus 0 bus_irq 11 global_irq 11 high level)
[    0.108494][    T0] Using ACPI (MADT) for SMP configuration information
[    0.109113][    T0] ACPI: HPET id: 0x8086a201 base: 0xfed00000
[    0.109674][    T0] smpboot: Allowing 2 CPUs, 0 hotplug CPUs
[    0.110230][    T0] KVM setup pv remote TLB flush
[    0.110676][    T0] KVM setup pv sched yield
[    0.111118][    T0] PM: hibernation: Registered nosave memory: [mem 0x00000000-0x00000fff]
[    0.111899][    T0] PM: hibernation: Registered nosave memory: [mem 0x0009f000-0x0009ffff]
[    0.112677][    T0] PM: hibernation: Registered nosave memory: [mem 0x000a0000-0x000effff]
[    0.113450][    T0] PM: hibernation: Registered nosave memory: [mem 0x000f0000-0x000fffff]
[    0.114219][    T0] [mem 0x80000000-0xfeffbfff] available for PCI devices
[    0.114852][    T0] Booting paravirtualized kernel on KVM
[    0.115385][    T0] clocksource: refined-jiffies: mask: 0xffffffff max_cycles: 0xffffffff, max_idle_ns: 19112604462750000 ns
[    0.159114][    T0] setup_percpu: NR_CPUS:8 nr_cpumask_bits:8 nr_cpu_ids:2 nr_node_ids:2
[    0.160394][    T0] percpu: Embedded 65 pages/cpu s227592 r8192 d30456 u2097152
[    0.161123][    T0] KVM setup async PF for cpu 0
[    0.161522][    T0] kvm-stealtime: cpu 0, msr 2ce21a80
[    0.161965][    T0] PV qspinlock hash table entries: 256 (order: 0, 4096 bytes, linear)
[    0.162651][    T0] Built 2 zonelists, mobility grouping on.  Total pages: 515945
[    0.163276][    T0] Policy zone: DMA32
[    0.163611][    T0] Kernel command line: earlyprintk=serial net.ifnames=0 sysctl.kernel.hung_task_all_cpu_backtrace=1 ima_policy=tcb nf-conntrack-ftp.ports=20000 nf-conntrack-tftp.ports=20000 nf-conntrack-sip.ports=20000 nf-conntrack-irc.ports=20000 nf-conntrack-sane.ports=20000 binder.debug_mask=0 rcupdate.rcu_expedited=1 rcupdate.rcu_cpu_stall_cputime=1 no_hash_pointers page_owner=on sysctl.vm.nr_hugepages=4 sysctl.vm.nr_overcommit_hugepages=4 secretmem.enable=1 sysctl.max_rcu_stall_to_panic=1 msr.allow_writes=off coredump_filter=0xffff root=/dev/sda console=ttyS0 vsyscall=native numa=fake=2 kvm-intel.nested=1 spec_store_bypass_disable=prctl nopcid vivid.n_devs=16 vivid.multiplanar=1,2,1,2,1,2,1,2,1,2,1,2,1,2,1,2 netrom.nr_ndevs=16 rose.rose_ndevs=16 smp.csd_lock_timeout=100000 watchdog_thresh=55 workqueue.watchdog_thresh=140 sysctl.net.core.netdev_unregister_timeout_secs=140 dummy_hcd.num=8 panic_on_warn=1 console=ttyS0 root=/dev/sda1 earlyprintk=serial net.ifnames=0 thunderb
[    0.166999][    T0] mem auto-init: stack:off, heap alloc:on, heap free:off
[    0.283148][    T0] Memory: 1519572K/2096632K available (133130K kernel code, 40717K rwdata, 27184K rodata, 2588K init, 24384K bss, 577060K reserved, 0K cma-reserved)
[    0.284986][    T0] SLUB: HWalign=64, Order=0-3, MinObjects=0, CPUs=2, Nodes=2
[    0.287131][    T0] Running RCU self tests
[    0.287495][    T0] rcu: Preemptible hierarchical RCU implementation.
[    0.288015][    T0] rcu: 	RCU lockdep checking is enabled.
[    0.288465][    T0] rcu: 	RCU restricting CPUs from NR_CPUS=8 to nr_cpu_ids=2.
[    0.289047][    T0] rcu: 	RCU callback double-/use-after-free debug enabled.
[    0.289614][    T0] rcu: 	RCU debug extended QS entry/exit.
[    0.290064][    T0] 	All grace periods are expedited (rcu_expedited).
[    0.290587][    T0] 	Tasks RCU enabled.
[    0.290899][    T0] rcu: RCU calculated value of scheduler-enlistment delay is 10 jiffies.
[    0.291565][    T0] rcu: Adjusting geometry for rcu_fanout_leaf=16, nr_cpu_ids=2
[    0.296369][    T0] NR_IRQS: 4352, nr_irqs: 440, preallocated irqs: 16
[    0.297618][    T0] random: get_random_bytes called from start_kernel+0x521/0x85a with crng_init=0
[    0.302524][    T0] Console: colour VGA+ 80x25
[    0.303766][    T0] printk: console [ttyS0] enabled
[    0.303766][    T0] printk: console [ttyS0] enabled
[    0.304712][    T0] printk: bootconsole [earlyser0] disabled
[    0.304712][    T0] printk: bootconsole [earlyser0] disabled
[    0.305731][    T0] Lock dependency validator: Copyright (c) 2006 Red Hat, Inc., Ingo Molnar
[    0.306421][    T0] ... MAX_LOCKDEP_SUBCLASSES:  8
[    0.306818][    T0] ... MAX_LOCK_DEPTH:          48
[    0.307223][    T0] ... MAX_LOCKDEP_KEYS:        8192
[    0.307643][    T0] ... CLASSHASH_SIZE:          4096
[    0.308060][    T0] ... MAX_LOCKDEP_ENTRIES:     32768
[    0.308482][    T0] ... MAX_LOCKDEP_CHAINS:      65536
[    0.308903][    T0] ... CHAINHASH_SIZE:          32768
[    0.309329][    T0]  memory used by lock dependency info: 6237 kB
[    0.309830][    T0]  memory used for stack traces: 4224 kB
[    0.310283][    T0]  per task-struct memory footprint: 1920 bytes
[    0.310860][    T0] mempolicy: Enabling automatic NUMA balancing. Configure with numa_balancing= or the kernel.numa_balancing sysctl
[    0.311997][    T0] ACPI: Core revision 20200110
[    0.313052][    T0] clocksource: hpet: mask: 0xffffffff max_cycles: 0xffffffff, max_idle_ns: 19112604467 ns
[    0.314181][    T0] APIC: Switch to symmetric I/O mode setup
[    0.314894][    T0] x2apic enabled
[    0.315415][    T0] Switched APIC routing to physical x2apic.
[    0.315956][    T0] KVM setup pv IPIs
[    0.317367][    T0] ..TIMER: vector=0x30 apic1=0 pin1=2 apic2=-1 pin2=-1
[    0.317997][    T0] clocksource: tsc-early: mask: 0xffffffffffffffff max_cycles: 0x2b3e43c8763, max_idle_ns: 440795360101 ns
[    0.319018][    T0] Calibrating delay loop (skipped) preset value.. 5999.99 BogoMIPS (lpj=29999980)
[    0.319836][    T0] pid_max: default: 32768 minimum: 301
[    0.320507][    T0] LSM: Security Framework initializing
[    0.321001][    T0] Yama: becoming mindful.
[    0.321426][    T0] TOMOYO Linux initialized
[    0.321971][    T0] AppArmor: AppArmor initialized
[    0.323153][    T0] Dentry cache hash table entries: 262144 (order: 9, 2097152 bytes, vmalloc)
[    0.329085][    T0] Inode-cache hash table entries: 131072 (order: 8, 1048576 bytes, vmalloc)
[    0.329947][    T0] Mount-cache hash table entries: 4096 (order: 3, 32768 bytes, vmalloc)
[    0.330713][    T0] Mountpoint-cache hash table entries: 4096 (order: 3, 32768 bytes, vmalloc)
[    0.331528][    T0] *** VALIDATE tmpfs ***
[    0.332913][    T0] *** VALIDATE proc ***
[    0.333789][    T0] *** VALIDATE cgroup ***
[    0.334150][    T0] *** VALIDATE cgroup2 ***
[    0.334705][    T0] x86/cpu: User Mode Instruction Prevention (UMIP) activated
[    0.335407][    T0] Last level iTLB entries: 4KB 0, 2MB 0, 4MB 0
[    0.335904][    T0] Last level dTLB entries: 4KB 0, 2MB 0, 4MB 0, 1GB 0
[    0.336477][    T0] Spectre V1 : Mitigation: usercopy/swapgs barriers and __user pointer sanitization
[    0.337261][    T0] Spectre V2 : Mitigation: Enhanced IBRS
[    0.337686][    T0] Spectre V2 : Spectre v2 / SpectreRSB mitigation: Filling RSB on context switch
[    0.338385][    T0] Spectre V2 : mitigation: Enabling conditional Indirect Branch Prediction Barrier
[    0.339058][    T0] Speculative Store Bypass: Mitigation: Speculative Store Bypass disabled via prctl
[    0.339787][    T0] TAA: Mitigation: Clear CPU buffers
[    0.341075][    T0] Freeing SMP alternatives memory: 100K
[    0.342207][    T1] smpboot: CPU0: Intel(R) Core(TM) i9-10980XE CPU @ 3.00GHz (family: 0x6, model: 0x55, stepping: 0x7)
[    0.409055][    T1] Performance Events: Skylake events, full-width counters, Intel PMU driver.
[    0.409786][    T1] ... version:                2
[    0.410156][    T1] ... bit width:              48
[    0.410530][    T1] ... generic registers:      4
[    0.410900][    T1] ... value mask:             0000ffffffffffff
[    0.411366][    T1] ... max period:             00007fffffffffff
[    0.411834][    T1] ... fixed-purpose events:   3
[    0.412202][    T1] ... event mask:             000000070000000f
[    0.429037][    T1] rcu: Hierarchical SRCU implementation.
[    0.479033][    T1] smp: Bringing up secondary CPUs ...
[    0.559222][    T1] x86: Booting SMP configuration:
[    0.559685][    T1] .... node  #1, CPUs:      #1
[    0.021538][    T0] kvm-clock: cpu 1, msr ec57041, secondary cpu clock
[    0.561087][   T15] KVM setup async PF for cpu 1
[    0.561087][   T15] kvm-stealtime: cpu 1, msr 7ec21a80
[    0.561087][    T1] smp: Brought up 2 nodes, 2 CPUs
[    0.561087][    T1] smpboot: Max logical packages: 1
[    0.561087][    T1] smpboot: Total of 2 processors activated (11999.99 BogoMIPS)
[    0.563824][    T1] allocated 12582912 bytes of page_ext
[    0.564423][    T1] Node 0, zone      DMA: page owner found early allocated 0 pages
[    0.572175][    T1] Node 0, zone    DMA32: page owner found early allocated 2728 pages
[    0.573245][    T1] Node 1, zone    DMA32: page owner found early allocated 2600 pages
[    0.574394][    T1] devtmpfs: initialized
[    0.574394][    T1] x86/mm: Memory block size: 128MB
[    0.592964][    T1] clocksource: jiffies: mask: 0xffffffff max_cycles: 0xffffffff, max_idle_ns: 19112604462750000 ns
[    0.593992][    T1] futex hash table entries: 512 (order: 4, 65536 bytes, vmalloc)
[    0.595123][    T1] xor: automatically using best checksumming function   avx       
[    0.596300][   T24] kworker/u5:0 (24) used greatest stack depth: 27480 bytes left
[    0.600864][    T1] PM: RTC time: 03:45:50, date: 2023-12-03
[    0.601390][    T1] thermal_sys: Registered thermal governor 'step_wise'
[    0.601393][    T1] thermal_sys: Registered thermal governor 'user_space'
[    0.603611][    T1] NET: Registered protocol family 16
[    0.608307][    T1] audit: initializing netlink subsys (disabled)
[    0.609306][   T32] kworker/u5:1 (32) used greatest stack depth: 27064 bytes left
[    0.610762][   T34] audit: type=2000 audit(1701575150.560:1): state=initialized audit_enabled=0 res=1
[    0.614222][    T1] cpuidle: using governor menu
[    0.617714][    T1] ACPI: bus type PCI registered
[    0.621717][    T1] dca service started, version 1.12.1
[    0.622476][    T1] PCI: Using configuration type 1 for base access
[    0.703569][  T309] kworker/u6:0 (309) used greatest stack depth: 26968 bytes left
[    0.960031][    T1] HugeTLB registered 1.00 GiB page size, pre-allocated 0 pages
[    0.960639][    T1] HugeTLB registered 2.00 MiB page size, pre-allocated 0 pages
[    0.972412][    T1] cryptd: max_cpu_qlen set to 1000
[    0.999925][    T1] raid6: skip pq benchmark and using algorithm avx512x4
[    1.000487][    T1] raid6: using avx512x2 recovery algorithm
[    1.001362][    T1] ACPI: Added _OSI(Module Device)
[    1.001752][    T1] ACPI: Added _OSI(Processor Device)
[    1.002153][    T1] ACPI: Added _OSI(3.0 _SCP Extensions)
[    1.002575][    T1] ACPI: Added _OSI(Processor Aggregator Device)
[    1.003056][    T1] ACPI: Added _OSI(Linux-Dell-Video)
[    1.003467][    T1] ACPI: Added _OSI(Linux-Lenovo-NV-HDMI-Audio)
[    1.003940][    T1] ACPI: Added _OSI(Linux-HPI-Hybrid-Graphics)
[    1.028906][    T1] ACPI: 1 ACPI AML tables successfully acquired and loaded
[    1.062078][    T1] ACPI: Interpreter enabled
[    1.062594][    T1] ACPI: (supports S0 S3 S4 S5)
[    1.062972][    T1] ACPI: Using IOAPIC for interrupt routing
[    1.063607][    T1] PCI: Using host bridge windows from ACPI; if necessary, use "pci=nocrs" and report a bug
[    1.065868][    T1] ACPI: Enabled 2 GPEs in block 00 to 0F
[    1.124063][    T1] ACPI: PCI Root Bridge [PCI0] (domain 0000 [bus 00-ff])
[    1.124660][    T1] acpi PNP0A03:00: _OSC: OS supports [ASPM ClockPM Segments MSI HPX-Type3]
[    1.125644][    T1] acpi PNP0A03:00: fail to add MMCONFIG information, can't access extended PCI configuration space under this bridge.
[    1.128069][    T1] PCI host bridge to bus 0000:00
[    1.128503][    T1] pci_bus 0000:00: Unknown NUMA node; performance will be reduced
[    1.129142][    T1] pci_bus 0000:00: root bus resource [io  0x0000-0x0cf7 window]
[    1.129735][    T1] pci_bus 0000:00: root bus resource [io  0x0d00-0xffff window]
[    1.130323][    T1] pci_bus 0000:00: root bus resource [mem 0x000a0000-0x000bffff window]
[    1.130965][    T1] pci_bus 0000:00: root bus resource [mem 0x80000000-0xfebfffff window]
[    1.131605][    T1] pci_bus 0000:00: root bus resource [mem 0x100000000-0x17fffffff window]
[    1.132261][    T1] pci_bus 0000:00: root bus resource [bus 00-ff]
[    1.132907][    T1] pci 0000:00:00.0: [8086:1237] type 00 class 0x060000
[    1.137264][    T1] pci 0000:00:01.0: [8086:7000] type 00 class 0x060100
[    1.140030][    T1] pci 0000:00:01.1: [8086:7010] type 00 class 0x010180
[    1.141910][    T1] pci 0000:00:01.1: reg 0x20: [io  0xc040-0xc04f]
[    1.143352][    T1] pci 0000:00:01.1: legacy IDE quirk: reg 0x10: [io  0x01f0-0x01f7]
[    1.144283][    T1] pci 0000:00:01.1: legacy IDE quirk: reg 0x14: [io  0x03f6]
[    1.145107][    T1] pci 0000:00:01.1: legacy IDE quirk: reg 0x18: [io  0x0170-0x0177]
[    1.145957][    T1] pci 0000:00:01.1: legacy IDE quirk: reg 0x1c: [io  0x0376]
[    1.148916][    T1] pci 0000:00:01.3: [8086:7113] type 00 class 0x068000
[    1.150014][    T1] pci 0000:00:01.3: quirk: [io  0x0600-0x063f] claimed by PIIX4 ACPI
[    1.151030][    T1] pci 0000:00:01.3: quirk: [io  0x0700-0x070f] claimed by PIIX4 SMB
[    1.153313][    T1] pci 0000:00:02.0: [1234:1111] type 00 class 0x030000
[    1.155139][    T1] pci 0000:00:02.0: reg 0x10: [mem 0xfd000000-0xfdffffff pref]
[    1.157030][    T1] pci 0000:00:02.0: reg 0x18: [mem 0xfebf0000-0xfebf0fff]
[    1.161426][    T1] pci 0000:00:02.0: reg 0x30: [mem 0xfebe0000-0xfebeffff pref]
[    1.165832][    T1] pci 0000:00:03.0: [8086:100e] type 00 class 0x020000
[    1.167052][    T1] pci 0000:00:03.0: reg 0x10: [mem 0xfebc0000-0xfebdffff]
[    1.168203][    T1] pci 0000:00:03.0: reg 0x14: [io  0xc000-0xc03f]
[    1.172054][    T1] pci 0000:00:03.0: reg 0x30: [mem 0xfeb80000-0xfebbffff pref]
[    1.182070][    T1] ACPI: PCI Interrupt Link [LNKA] (IRQs 5 *10 11)
[    1.184284][    T1] ACPI: PCI Interrupt Link [LNKB] (IRQs 5 *10 11)
[    1.186119][    T1] ACPI: PCI Interrupt Link [LNKC] (IRQs 5 10 *11)
[    1.187896][    T1] ACPI: PCI Interrupt Link [LNKD] (IRQs 5 10 *11)
[    1.189024][    T1] ACPI: PCI Interrupt Link [LNKS] (IRQs *9)
[    1.193716][    T1] iommu: Default domain type: Translated 
[    1.194678][    T1] pci 0000:00:02.0: vgaarb: setting as boot VGA device
[    1.195220][    T1] pci 0000:00:02.0: vgaarb: VGA device added: decodes=io+mem,owns=io+mem,locks=none
[    1.195939][    T1] pci 0000:00:02.0: vgaarb: bridge control possible
[    1.196445][    T1] vgaarb: loaded
[    1.201461][    T1] SCSI subsystem initialized
[    1.201937][    T1] ACPI: bus type USB registered
[    1.201937][    T1] usbcore: registered new interface driver usbfs
[    1.201937][    T1] usbcore: registered new interface driver hub
[    1.202409][    T1] usbcore: registered new device driver usb
[    1.204374][    T1] mc: Linux media interface: v0.10
[    1.204948][    T1] videodev: Linux video capture interface: v2.00
[    1.209504][    T1] pps_core: LinuxPPS API ver. 1 registered
[    1.210088][    T1] pps_core: Software ver. 5.3.6 - Copyright 2005-2007 Rodolfo Giometti <giometti@linux.it>
[    1.211225][    T1] PTP clock support registered
[    1.212430][    T1] EDAC MC: Ver: 3.0.0
[    1.215335][    T1] Advanced Linux Sound Architecture Driver Initialized.
[    1.216331][    T1] PCI: Using ACPI for IRQ routing
[    1.218841][    T1] Bluetooth: Core ver 2.22
[    1.219368][    T1] NET: Registered protocol family 31
[    1.219831][    T1] Bluetooth: HCI device and connection manager initialized
[    1.220468][    T1] Bluetooth: HCI socket layer initialized
[    1.220952][    T1] Bluetooth: L2CAP socket layer initialized
[    1.221477][    T1] Bluetooth: SCO socket layer initialized
[    1.221995][    T1] NET: Registered protocol family 8
[    1.222387][    T1] NET: Registered protocol family 20
[    1.225300][    T1] NetLabel: Initializing
[    1.225635][    T1] NetLabel:  domain hash size = 128
[    1.226034][    T1] NetLabel:  protocols = UNLABELED CIPSOv4 CALIPSO
[    1.226692][    T1] NetLabel:  unlabeled traffic allowed by default
[    1.227496][    T1] nfc: nfc_init: NFC Core ver 0.1
[    1.227496][    T1] NET: Registered protocol family 39
[    1.231626][    T1] hpet0: at MMIO 0xfed00000, IRQs 2, 8, 0
[    1.232073][    T1] hpet0: 3 comparators, 64-bit 100.000000 MHz counter
[    1.239005][    T1] clocksource: Switched to clocksource kvm-clock
[    2.663434][    T1] *** VALIDATE bpf ***
[    2.664580][    T1] VFS: Disk quotas dquot_6.6.0
[    2.665041][    T1] VFS: Dquot-cache hash table entries: 512 (order 0, 4096 bytes)
[    2.666004][    T1] FS-Cache: Loaded
[    2.666296][    T1] *** VALIDATE ramfs ***
[    2.666635][    T1] *** VALIDATE hugetlbfs ***
[    2.667612][    T1] CacheFiles: Loaded
[    2.668115][    T1] TOMOYO: 2.6.0
[    2.668386][    T1] Mandatory Access Control activated.
[    2.669738][    T1] AppArmor: AppArmor Filesystem Enabled
[    2.670411][    T1] pnp: PnP ACPI init
[    2.675929][    T1] pnp: PnP ACPI: found 6 devices
[    2.713650][    T1] clocksource: acpi_pm: mask: 0xffffff max_cycles: 0xffffff, max_idle_ns: 2085701024 ns
[    2.715023][    T1] pci_bus 0000:00: resource 4 [io  0x0000-0x0cf7 window]
[    2.715575][    T1] pci_bus 0000:00: resource 5 [io  0x0d00-0xffff window]
[    2.716114][    T1] pci_bus 0000:00: resource 6 [mem 0x000a0000-0x000bffff window]
[    2.716704][    T1] pci_bus 0000:00: resource 7 [mem 0x80000000-0xfebfffff window]
[    2.717294][    T1] pci_bus 0000:00: resource 8 [mem 0x100000000-0x17fffffff window]
[    2.718439][    T1] NET: Registered protocol family 2
[    2.720541][    T1] tcp_listen_portaddr_hash hash table entries: 1024 (order: 4, 73728 bytes, vmalloc)
[    2.721438][    T1] TCP established hash table entries: 16384 (order: 5, 131072 bytes, vmalloc)
[    2.723427][    T1] TCP bind hash table entries: 16384 (order: 8, 1048576 bytes, vmalloc)
[    2.724643][    T1] TCP: Hash tables configured (established 16384 bind 16384)
[    2.725680][    T1] UDP hash table entries: 1024 (order: 5, 163840 bytes, vmalloc)
[    2.726558][    T1] UDP-Lite hash table entries: 1024 (order: 5, 163840 bytes, vmalloc)
[    2.727632][    T1] NET: Registered protocol family 1
[    2.728879][    T1] RPC: Registered named UNIX socket transport module.
[    2.730641][    T1] RPC: Registered udp transport module.
[    2.731115][    T1] RPC: Registered tcp transport module.
[    2.731592][    T1] RPC: Registered tcp NFSv4.1 backchannel transport module.
[    2.732975][    T1] NET: Registered protocol family 44
[    2.733413][    T1] pci 0000:00:01.0: PIIX3: Enabling Passive Release
[    2.733933][    T1] pci 0000:00:00.0: Limiting direct PCI/PCI transfers
[    2.734464][    T1] pci 0000:00:01.0: Activating ISA DMA hang workarounds
[    2.735059][    T1] pci 0000:00:02.0: Video device with shadowed ROM at [mem 0x000c0000-0x000dffff]
[    2.735777][    T1] PCI: CLS 0 bytes, default 64
[    2.742980][    T1] RAPL PMU: API unit is 2^-32 Joules, 0 fixed counters, 10737418240 ms ovfl timer
[    2.743703][    T1] kvm: no hardware support
[    2.744049][    T1] has_svm: not amd or hygon
[    2.744394][    T1] kvm: no hardware support
[    2.744737][    T1] clocksource: tsc: mask: 0xffffffffffffffff max_cycles: 0x2b3e43c8763, max_idle_ns: 440795360101 ns
[    2.808771][    T1] Initialise system trusted keyrings
[    2.814936][    T1] workingset: timestamp_bits=40 max_order=19 bucket_order=0
[    2.872805][    T1] DLM installed
[    2.878509][    T1] squashfs: version 4.0 (2009/01/31) Phillip Lougher
[    2.888909][    T1] FS-Cache: Netfs 'nfs' registered for caching
[    2.896483][    T1] *** VALIDATE nfs ***
[    2.896843][    T1] *** VALIDATE nfs4 ***
[    2.897237][    T1] NFS: Registering the id_resolver key type
[    2.897719][    T1] Key type id_resolver registered
[    2.898122][    T1] Key type id_legacy registered
[    2.898507][    T1] nfs4filelayout_init: NFSv4 File Layout Driver Registering...
[    2.899829][    T1] Installing knfsd (copyright (C) 1996 okir@monad.swb.de).
[    2.906039][    T1] FS-Cache: Netfs 'cifs' registered for caching
[    2.908840][    T1] Key type cifs.spnego registered
[    2.909615][    T1] Key type cifs.idmap registered
[    2.910683][    T1] ntfs: driver 2.1.32 [Flags: R/W].
[    2.912690][    T1] efs: 1.0a - http://aeschi.ch.eu.org/efs/
[    2.913425][    T1] jffs2: version 2.2. (NAND) (SUMMARY)  Â© 2001-2006 Red Hat, Inc.
[    2.917277][    T1] *** VALIDATE jffs2 ***
[    2.919087][    T1] romfs: ROMFS MTD (C) 2007 Red Hat, Inc.
[    2.920032][    T1] QNX4 filesystem 0.2.3 registered.
[    2.920711][    T1] qnx6: QNX6 filesystem 1.0.0 registered.
[    2.921761][    T1] fuse: init (API version 7.31)
[    2.922434][    T1] *** VALIDATE fuseblk ***
[    2.922776][    T1] *** VALIDATE fuse ***
[    2.925329][    T1] orangefs_debugfs_init: called with debug mask: :none: :0:
[    2.926129][    T1] orangefs_init: module version upstream loaded
[    2.927527][    T1] JFS: nTxBlock = 8192, nTxLock = 65536
[    2.937626][    T1] SGI XFS with ACLs, security attributes, realtime, quota, no debug enabled
[    2.948193][    T1] *** VALIDATE xfs ***
[    2.948535][    T1] 9p: Installing v9fs 9p2000 file system support
[    2.950027][    T1] FS-Cache: Netfs '9p' registered for caching
[    2.953063][    T1] NILFS version 2 loaded
[    2.953395][    T1] befs: version: 0.9.3
[    2.955146][    T1] ocfs2: Registered cluster interface o2cb
[    2.955900][    T1] ocfs2: Registered cluster interface user
[    2.957407][    T1] OCFS2 User DLM kernel interface loaded
[    2.965052][    T1] *** VALIDATE gfs2 ***
[    2.966214][    T1] gfs2: GFS2 installed
[    2.976660][    T1] FS-Cache: Netfs 'ceph' registered for caching
[    2.977148][    T1] ceph: loaded (mds proto 32)
[    2.982920][    T1] NET: Registered protocol family 38
[    2.983682][    T1] async_tx: api initialized (async)
[    2.984100][    T1] Key type asymmetric registered
[    2.984496][    T1] Asymmetric key parser 'x509' registered
[    2.984951][    T1] Asymmetric key parser 'pkcs8' registered
[    2.985402][    T1] Key type pkcs7_test registered
[    2.985947][    T1] Block layer SCSI generic (bsg) driver version 0.4 loaded (major 241)
[    2.986817][    T1] io scheduler mq-deadline registered
[    2.987233][    T1] io scheduler kyber registered
[    2.988257][    T1] io scheduler bfq registered
[    2.994736][    T1] vga16fb: mapped to 0x000000001cd80a94
[    3.461515][    T1] Console: switching to colour frame buffer device 80x30
[    3.718497][    T1] fb0: VGA16 VGA frame buffer device
[    3.719982][    T1] input: Power Button as /devices/LNXSYSTM:00/LNXPWRBN:00/input/input0
[    3.730233][    T1] ACPI: Power Button [PWRF]
[    3.735046][    T1] ioatdma: Intel(R) QuickData Technology Driver 5.00
[    3.894636][    T1] HDLC line discipline maxframe=4096
[    3.895080][    T1] N_HDLC line discipline registered.
[    3.895522][    T1] Serial: 8250/16550 driver, 4 ports, IRQ sharing enabled
[    3.896399][    T1] 00:04: ttyS0 at I/O 0x3f8 (irq = 4, base_baud = 115200) is a 16550A
[    3.902691][    T1] Initializing Nozomi driver 2.1d
[    3.909100][    T1] Non-volatile memory driver v1.3
[    3.910739][    T1] Linux agpgart interface v0.103
[    3.921742][    T1] [drm] Initialized vgem 1.0.0 20120112 for vgem on minor 0
[    3.922591][    T1] [drm] Supports vblank timestamp caching Rev 2 (21.10.2013).
[    3.923168][    T1] [drm] Driver supports precise vblank timestamp query.
[    3.925780][    T1] [drm] Initialized vkms 1.0.0 20180514 for vkms on minor 1
[    3.927805][    T1] usbcore: registered new interface driver udl
[    3.928398][    T1] fb0: switching to bochsdrmfb from VGA16 VGA
[    4.073817][    T1] Console: switching to colour VGA+ 80x25
[    4.076936][    T1] bochs-drm 0000:00:02.0: vgaarb: deactivate vga console
[    4.082818][    T1] Console: switching to colour dummy device 80x25
[    4.085607][    T1] [drm] Found bochs VGA, ID 0xb0c5.
[    4.086015][    T1] [drm] Framebuffer size 16384 kB @ 0xfd000000, mmio @ 0xfebf0000.
[    4.087332][    T1] [TTM] Zone  kernel: Available graphics memory: 759836 KiB
[    4.088094][    T1] [TTM] Initializing pool allocator
[    4.088734][    T1] [TTM] Initializing DMA pool allocator
[    4.090647][    T1] [drm] Found EDID data blob.
[    4.092351][    T1] [drm] Initialized bochs-drm 1.0.0 20130925 for 0000:00:02.0 on minor 2
[    4.099627][    T1] fbcon: bochs-drmdrmfb (fb0) is primary device
[    4.119766][    T1] Console: switching to colour frame buffer device 160x50
[    4.134892][    T1] bochs-drm 0000:00:02.0: fb0: bochs-drmdrmfb frame buffer device
[    4.161664][    T1] brd: module loaded
[    4.200286][    T1] loop: module loaded
[    4.272637][    T1] zram: Added device: zram0
[    4.275999][    T1] null_blk: module loaded
[    4.276562][    T1] Guest personality initialized and is inactive
[    4.278193][    T1] VMCI host device registered (name=vmci, major=10, minor=56)
[    4.278775][    T1] Initialized host personality
[    4.279455][    T1] usbcore: registered new interface driver rtsx_usb
[    4.280426][    T1] usbcore: registered new interface driver viperboard
[    4.281264][    T1] usbcore: registered new interface driver dln2
[    4.282057][    T1] usbcore: registered new interface driver pn533_usb
[    4.284145][    T1] nfcsim 0.2 initialized
[    4.284742][    T1] usbcore: registered new interface driver port100
[    4.285740][    T1] usbcore: registered new interface driver nfcmrvl
[    4.290959][    T1] Loading iSCSI transport class v2.0-870.
[    4.295497][    T1] st: Version 20160209, fixed bufsize 32768, s/g segs 256
[    4.311698][    T1] scsi host0: ata_piix
[    4.315633][    T1] scsi host1: ata_piix
[    4.316456][    T1] ata1: PATA max MWDMA2 cmd 0x1f0 ctl 0x3f6 bmdma 0xc040 irq 14
[    4.317052][    T1] ata2: PATA max MWDMA2 cmd 0x170 ctl 0x376 bmdma 0xc048 irq 15
[    4.324344][    T1] Rounding down aligned max_sectors from 4294967295 to 4294967288
[    4.325242][    T1] db_root: cannot open: /etc/target
[    4.326131][    T1] slram: not enough parameters.
[    4.328733][    T1] ftl_cs: FTL header not found.
[    4.342514][    T1] Ethernet Channel Bonding Driver: v3.7.1 (April 27, 2011)
[    4.351192][    T1] wireguard: WireGuard 1.0.0 loaded. See www.wireguard.com for information.
[    4.351918][    T1] wireguard: Copyright (C) 2015-2019 Jason A. Donenfeld <Jason@zx2c4.com>. All Rights Reserved.
[    4.352705][    T1] eql: Equalizer2002: Simon Janes (simon@ncm.com) and David S. Miller (davem@redhat.com)
[    4.362555][    T1] MACsec IEEE 802.1AE
[    4.364748][    T1] libphy: Fixed MDIO Bus: probed
[    4.368147][    T1] tun: Universal TUN/TAP device driver, 1.6
[    4.373079][    T1] vcan: Virtual CAN interface driver
[    4.373484][    T1] vxcan: Virtual CAN Tunnel driver
[    4.373879][    T1] slcan: serial line CAN interface driver
[    4.374315][    T1] slcan: 10 dynamic interface channels.
[    4.374741][    T1] CAN device driver interface
[    4.375294][    T1] usbcore: registered new interface driver usb_8dev
[    4.376045][    T1] usbcore: registered new interface driver ems_usb
[    4.376749][    T1] usbcore: registered new interface driver gs_usb
[    4.377376][    T1] usbcore: registered new interface driver kvaser_usb
[    4.378333][    T1] usbcore: registered new interface driver mcba_usb
[    4.379113][    T1] usbcore: registered new interface driver peak_usb
[    4.379908][    T1] e100: Intel(R) PRO/100 Network Driver, 3.5.24-k2-NAPI
[    4.380449][    T1] e100: Copyright(c) 1999-2006 Intel Corporation
[    4.381116][    T1] e1000: Intel(R) PRO/1000 Network Driver - version 7.3.21-k8-NAPI
[    4.381720][    T1] e1000: Copyright (c) 1999-2006 Intel Corporation.
[    4.490043][ T3494] ata2.00: ATAPI: QEMU DVD-ROM, 2.5+, max UDMA/100
[    4.490720][ T3489] ata1.00: ATA-7: QEMU HARDDISK, 2.5+, max UDMA/100
[    4.491251][ T3489] ata1.00: 2097458 sectors, multi 16: LBA48 
[    4.503914][  T415] scsi 0:0:0:0: Direct-Access     ATA      QEMU HARDDISK    2.5+ PQ: 0 ANSI: 5
[    4.507020][ T3553] sd 0:0:0:0: [sda] 2097458 512-byte logical blocks: (1.07 GB/1.00 GiB)
[    4.507838][ T3553] sd 0:0:0:0: [sda] Write Protect is off
[    4.508488][ T3553] sd 0:0:0:0: [sda] Write cache: enabled, read cache: enabled, doesn't support DPO or FUA
[    4.510999][  T415] sd 0:0:0:0: Attached scsi generic sg0 type 0
[    4.512893][  T304] scsi 1:0:0:0: CD-ROM            QEMU     QEMU DVD-ROM     2.5+ PQ: 0 ANSI: 5
[    4.517336][ T3553]  sda: sda1
[    4.520577][ T3553] sd 0:0:0:0: [sda] Attached SCSI disk
[    4.609670][  T304] sr 1:0:0:0: [sr0] scsi3-mmc drive: 4x/4x cd/rw xa/form2 tray
[    4.610320][  T304] cdrom: Uniform CD-ROM driver Revision: 3.20
[    4.613921][  T304] sr 1:0:0:0: Attached scsi generic sg1 type 5
[    5.476846][    T1] PCI Interrupt Link [LNKC] enabled at IRQ 11
[    5.841107][    T1] e1000 0000:00:03.0 eth0: (PCI:33MHz:32-bit) 52:54:00:12:34:56
[    5.841713][    T1] e1000 0000:00:03.0 eth0: Intel(R) PRO/1000 Network Connection
[    5.842688][    T1] e1000e: Intel(R) PRO/1000 Network Driver - 3.2.6-k
[    5.843208][    T1] e1000e: Copyright(c) 1999 - 2015 Intel Corporation.
[    5.844433][    T1] mkiss: AX.25 Multikiss, Hans Albas PE1AYX
[    5.844898][    T1] AX.25: 6pack driver, Revision: 0.3.0
[    5.845337][    T1] AX.25: bpqether driver version 004
[    5.845741][    T1] PPP generic driver version 2.4.2
[    5.847181][    T1] PPP BSD Compression module registered
[    5.847621][    T1] PPP Deflate Compression module registered
[    5.848108][    T1] PPP MPPE Compression module registered
[    5.848542][    T1] NET: Registered protocol family 24
[    5.848984][    T1] PPTP driver version 0.8.5
[    5.849802][    T1] SLIP: version 0.8.4-NET3.019-NEWTTY (dynamic channels, max=256) (6 bit encapsulation enabled).
[    5.850604][    T1] CSLIP: code copyright 1989 Regents of the University of California.
[    5.851224][    T1] SLIP linefill/keepalive option.
[    5.851613][    T1] hdlc: HDLC support module revision 1.22
[    5.852069][    T1] LAPB Ethernet driver version 0.02
[    5.853410][    T1] usbcore: registered new interface driver ath9k_htc
[    5.854266][    T1] usbcore: registered new interface driver carl9170
[    5.855031][    T1] usbcore: registered new interface driver ath6kl_usb
[    5.855873][    T1] usbcore: registered new interface driver ar5523
[    5.856896][    T1] usbcore: registered new interface driver ath10k_usb
[    5.857962][    T1] mac80211_hwsim: initializing netlink
[    5.871279][    T1] usbcore: registered new interface driver atusb
[    5.875660][    T1] mac802154_hwsim mac802154_hwsim: Added 2 mac802154 hwsim hardware radios
[    5.876602][    T1] VMware vmxnet3 virtual NIC driver - version 1.4.17.0-k-NAPI
[    5.877512][    T1] usbcore: registered new interface driver catc
[    5.878145][    T1] usbcore: registered new interface driver kaweth
[    5.878636][    T1] pegasus: v0.9.3 (2013/04/25), Pegasus/Pegasus II USB Ethernet driver
[    5.879578][    T1] usbcore: registered new interface driver pegasus
[    5.880270][    T1] usbcore: registered new interface driver rtl8150
[    5.880993][    T1] usbcore: registered new interface driver r8152
[    5.881527][    T1] hso: drivers/net/usb/hso.c: Option Wireless
[    5.882287][    T1] usbcore: registered new interface driver hso
[    5.882978][    T1] usbcore: registered new interface driver lan78xx
[    5.883670][    T1] usbcore: registered new interface driver asix
[    5.884304][    T1] usbcore: registered new interface driver ax88179_178a
[    5.884994][    T1] usbcore: registered new interface driver cdc_ether
[    5.885657][    T1] usbcore: registered new interface driver cdc_eem
[    5.886489][    T1] usbcore: registered new interface driver dm9601
[    5.887340][    T1] usbcore: registered new interface driver sr9700
[    5.888070][    T1] usbcore: registered new interface driver CoreChips
[    5.889643][    T1] usbcore: registered new interface driver smsc75xx
[    5.890360][    T1] usbcore: registered new interface driver smsc95xx
[    5.891057][    T1] usbcore: registered new interface driver gl620a
[    5.891711][    T1] usbcore: registered new interface driver net1080
[    5.892405][    T1] usbcore: registered new interface driver plusb
[    5.893105][    T1] usbcore: registered new interface driver rndis_host
[    5.893827][    T1] usbcore: registered new interface driver cdc_subset
[    5.894545][    T1] usbcore: registered new interface driver zaurus
[    5.895193][    T1] usbcore: registered new interface driver MOSCHIP usb-ethernet driver
[    5.895989][    T1] usbcore: registered new interface driver int51x1
[    5.896664][    T1] usbcore: registered new interface driver cdc_phonet
[    5.897646][    T1] usbcore: registered new interface driver kalmia
[    5.899338][    T1] usbcore: registered new interface driver ipheth
[    5.900370][    T1] usbcore: registered new interface driver sierra_net
[    5.901155][    T1] usbcore: registered new interface driver cx82310_eth
[    5.901934][    T1] usbcore: registered new interface driver cdc_ncm
[    5.902670][    T1] usbcore: registered new interface driver huawei_cdc_ncm
[    5.903451][    T1] usbcore: registered new interface driver lg-vl600
[    5.904195][    T1] usbcore: registered new interface driver qmi_wwan
[    5.904917][    T1] usbcore: registered new interface driver cdc_mbim
[    5.905642][    T1] usbcore: registered new interface driver ch9200
[    5.911382][    T1] VFIO - User Level meta-driver version: 0.3
[    5.914668][    T1] aoe: AoE v85 initialised.
[    5.918219][    T1] ehci_hcd: USB 2.0 'Enhanced' Host Controller (EHCI) Driver
[    5.918869][    T1] ehci-pci: EHCI PCI platform driver
[    5.919561][    T1] ehci-platform: EHCI generic platform driver
[    5.920550][    T1] ohci_hcd: USB 1.1 'Open' Host Controller (OHCI) Driver
[    5.921143][    T1] ohci-pci: OHCI PCI platform driver
[    5.921767][    T1] ohci-platform: OHCI generic platform driver
[    5.922585][    T1] uhci_hcd: USB Universal Host Controller Interface driver
[    5.932588][    T1] usbcore: registered new interface driver cdc_acm
[    5.933169][    T1] cdc_acm: USB Abstract Control Model driver for USB modems and ISDN adapters
[    5.934103][    T1] usbcore: registered new interface driver usblp
[    5.934795][    T1] usbcore: registered new interface driver cdc_wdm
[    5.935505][    T1] usbcore: registered new interface driver usbtmc
[    5.938018][    T1] usbcore: registered new interface driver uas
[    5.938704][    T1] usbcore: registered new interface driver usb-storage
[    5.939419][    T1] usbcore: registered new interface driver ums-alauda
[    5.940155][    T1] usbcore: registered new interface driver ums-cypress
[    5.940888][    T1] usbcore: registered new interface driver ums-datafab
[    5.941613][    T1] usbcore: registered new interface driver ums_eneub6250
[    5.942359][    T1] usbcore: registered new interface driver ums-freecom
[    5.943088][    T1] usbcore: registered new interface driver ums-isd200
[    5.943810][    T1] usbcore: registered new interface driver ums-jumpshot
[    5.944513][    T1] usbcore: registered new interface driver ums-karma
[    5.945165][    T1] usbcore: registered new interface driver ums-onetouch
[    5.947033][    T1] usbcore: registered new interface driver ums-realtek
[    5.947692][    T1] usbcore: registered new interface driver ums-sddr09
[    5.948377][    T1] usbcore: registered new interface driver ums-sddr55
[    5.949247][    T1] usbcore: registered new interface driver ums-usbat
[    5.950021][    T1] usbcore: registered new interface driver mdc800
[    5.950560][    T1] mdc800: v0.7.5 (30/10/2000):USB Driver for Mustek MDC800 Digital Camera
[    5.951493][    T1] usbcore: registered new interface driver microtekX6
[    5.952476][    T1] usbcore: registered new interface driver usbserial_generic
[    5.953458][    T1] usbserial: USB Serial support registered for generic
[    5.954228][    T1] usbcore: registered new interface driver aircable
[    5.955195][    T1] usbserial: USB Serial support registered for aircable
[    5.955949][    T1] usbcore: registered new interface driver ark3116
[    5.956624][    T1] usbserial: USB Serial support registered for ark3116
[    5.957413][    T1] usbcore: registered new interface driver belkin_sa
[    5.958023][    T1] usbserial: USB Serial support registered for Belkin / Peracom / GoHubs USB Serial Adapter
[    5.959161][    T1] usbcore: registered new interface driver ch341
[    5.959909][    T1] usbserial: USB Serial support registered for ch341-uart
[    5.960733][    T1] usbcore: registered new interface driver cp210x
[    5.961811][    T1] usbserial: USB Serial support registered for cp210x
[    5.962723][    T1] usbcore: registered new interface driver cyberjack
[    5.963651][    T1] usbserial: USB Serial support registered for Reiner SCT Cyberjack USB card reader
[    5.964686][    T1] usbcore: registered new interface driver cypress_m8
[    5.965482][    T1] usbserial: USB Serial support registered for DeLorme Earthmate USB
[    5.966262][    T1] usbserial: USB Serial support registered for HID->COM RS232 Adapter
[    5.967047][    T1] usbserial: USB Serial support registered for Nokia CA-42 V2 Adapter
[    5.968005][    T1] usbcore: registered new interface driver usb_debug
[    5.968779][    T1] usbserial: USB Serial support registered for debug
[    5.970129][    T1] usbserial: USB Serial support registered for xhci_dbc
[    5.970946][    T1] usbcore: registered new interface driver digi_acceleport
[    5.971652][    T1] usbserial: USB Serial support registered for Digi 2 port USB adapter
[    5.972535][    T1] usbserial: USB Serial support registered for Digi 4 port USB adapter
[    5.973358][    T1] usbcore: registered new interface driver io_edgeport
[    5.974199][    T1] usbserial: USB Serial support registered for Edgeport 2 port adapter
[    5.975202][    T1] usbserial: USB Serial support registered for Edgeport 4 port adapter
[    5.976222][    T1] usbserial: USB Serial support registered for Edgeport 8 port adapter
[    5.977108][    T1] usbserial: USB Serial support registered for EPiC device
[    5.977831][    T1] usbcore: registered new interface driver io_ti
[    5.978599][    T1] usbserial: USB Serial support registered for Edgeport TI 1 port adapter
[    5.980462][    T1] usbserial: USB Serial support registered for Edgeport TI 2 port adapter
[    5.981488][    T1] usbcore: registered new interface driver empeg
[    5.982134][    T1] usbserial: USB Serial support registered for empeg
[    5.982810][    T1] usbcore: registered new interface driver f81232
[    5.983590][    T1] usbserial: USB Serial support registered for f81232
[    5.984374][    T1] usbcore: registered new interface driver f81534
[    5.985115][    T1] usbserial: USB Serial support registered for Fintek F81532/F81534
[    5.986208][    T1] usbcore: registered new interface driver ftdi_sio
[    5.986888][    T1] usbserial: USB Serial support registered for FTDI USB Serial Device
[    5.987872][    T1] usbcore: registered new interface driver garmin_gps
[    5.988539][    T1] usbserial: USB Serial support registered for Garmin GPS usb/tty
[    5.989411][    T1] usbcore: registered new interface driver ipaq
[    5.990073][    T1] usbserial: USB Serial support registered for PocketPC PDA
[    5.990864][    T1] usbcore: registered new interface driver ipw
[    5.991536][    T1] usbserial: USB Serial support registered for IPWireless converter
[    5.992661][    T1] usbcore: registered new interface driver ir_usb
[    5.993425][    T1] usbserial: USB Serial support registered for IR Dongle
[    5.994202][    T1] usbcore: registered new interface driver iuu_phoenix
[    5.994945][    T1] usbserial: USB Serial support registered for iuu_phoenix
[    5.995717][    T1] usbcore: registered new interface driver keyspan
[    5.997877][    T1] usbserial: USB Serial support registered for Keyspan - (without firmware)
[    5.998731][    T1] usbserial: USB Serial support registered for Keyspan 1 port adapter
[    5.999582][    T1] usbserial: USB Serial support registered for Keyspan 2 port adapter
[    6.000437][    T1] usbserial: USB Serial support registered for Keyspan 4 port adapter
[    6.001293][    T1] usbcore: registered new interface driver keyspan_pda
[    6.002017][    T1] usbserial: USB Serial support registered for Keyspan PDA
[    6.002768][    T1] usbserial: USB Serial support registered for Keyspan PDA - (prerenumeration)
[    6.003679][    T1] usbcore: registered new interface driver kl5kusb105
[    6.004397][    T1] usbserial: USB Serial support registered for KL5KUSB105D / PalmConnect
[    6.005274][    T1] usbcore: registered new interface driver kobil_sct
[    6.007075][    T1] usbserial: USB Serial support registered for KOBIL USB smart card terminal
[    6.007882][    T1] usbcore: registered new interface driver mct_u232
[    6.008478][    T1] usbserial: USB Serial support registered for MCT U232
[    6.009252][    T1] usbcore: registered new interface driver metro_usb
[    6.009963][    T1] usbserial: USB Serial support registered for Metrologic USB to Serial
[    6.010813][    T1] usbcore: registered new interface driver mos7720
[    6.011488][    T1] usbserial: USB Serial support registered for Moschip 2 port adapter
[    6.012344][    T1] usbcore: registered new interface driver mos7840
[    6.013028][    T1] usbserial: USB Serial support registered for Moschip 7840/7820 USB Serial Driver
[    6.013898][    T1] usbcore: registered new interface driver mxuport
[    6.014702][    T1] usbserial: USB Serial support registered for MOXA UPort
[    6.016339][    T1] usbcore: registered new interface driver navman
[    6.016939][    T1] usbserial: USB Serial support registered for navman
[    6.017574][    T1] usbcore: registered new interface driver omninet
[    6.018214][    T1] usbserial: USB Serial support registered for ZyXEL - omni.net lcd plus usb
[    6.019072][    T1] usbcore: registered new interface driver opticon
[    6.019769][    T1] usbserial: USB Serial support registered for opticon
[    6.020540][    T1] usbcore: registered new interface driver option
[    6.021221][    T1] usbserial: USB Serial support registered for GSM modem (1-port)
[    6.022049][    T1] usbcore: registered new interface driver oti6858
[    6.023023][    T1] usbserial: USB Serial support registered for oti6858
[    6.024174][    T1] usbcore: registered new interface driver pl2303
[    6.025084][    T1] usbserial: USB Serial support registered for pl2303
[    6.026643][    T1] usbcore: registered new interface driver qcaux
[    6.027295][    T1] usbserial: USB Serial support registered for qcaux
[    6.028020][    T1] usbcore: registered new interface driver qcserial
[    6.028733][    T1] usbserial: USB Serial support registered for Qualcomm USB modem
[    6.030586][    T1] usbcore: registered new interface driver quatech2
[    6.031269][    T1] usbserial: USB Serial support registered for Quatech 2nd gen USB to Serial Driver
[    6.032223][    T1] usbcore: registered new interface driver safe_serial
[    6.032948][    T1] usbserial: USB Serial support registered for safe_serial
[    6.033717][    T1] usbcore: registered new interface driver sierra
[    6.034377][    T1] usbserial: USB Serial support registered for Sierra USB modem
[    6.035120][    T1] usbcore: registered new interface driver usb_serial_simple
[    6.035815][    T1] usbserial: USB Serial support registered for carelink
[    6.036479][    T1] usbserial: USB Serial support registered for zio
[    6.037207][    T1] usbserial: USB Serial support registered for funsoft
[    6.038114][    T1] usbserial: USB Serial support registered for flashloader
[    6.039844][    T1] usbserial: USB Serial support registered for google
[    6.040529][    T1] usbserial: USB Serial support registered for libtransistor
[    6.041187][    T1] usbserial: USB Serial support registered for vivopay
[    6.041845][    T1] usbserial: USB Serial support registered for moto_modem
[    6.042523][    T1] usbserial: USB Serial support registered for motorola_tetra
[    6.043264][    T1] usbserial: USB Serial support registered for novatel_gps
[    6.044021][    T1] usbserial: USB Serial support registered for hp4x
[    6.044668][    T1] usbserial: USB Serial support registered for suunto
[    6.045371][    T1] usbserial: USB Serial support registered for siemens_mpi
[    6.046155][    T1] usbcore: registered new interface driver spcp8x5
[    6.046839][    T1] usbserial: USB Serial support registered for SPCP8x5
[    6.048721][    T1] usbcore: registered new interface driver ssu100
[    6.049612][    T1] usbserial: USB Serial support registered for Quatech SSU-100 USB to Serial Driver
[    6.050474][    T1] usbcore: registered new interface driver symbolserial
[    6.051258][    T1] usbserial: USB Serial support registered for symbol
[    6.051996][    T1] usbcore: registered new interface driver ti_usb_3410_5052
[    6.052873][    T1] usbserial: USB Serial support registered for TI USB 3410 1 port adapter
[    6.053949][    T1] usbserial: USB Serial support registered for TI USB 5052 2 port adapter
[    6.054865][    T1] usbcore: registered new interface driver upd78f0730
[    6.055585][    T1] usbserial: USB Serial support registered for upd78f0730
[    6.056467][    T1] usbcore: registered new interface driver visor
[    6.057425][    T1] usbserial: USB Serial support registered for Handspring Visor / Palm OS
[    6.058354][    T1] usbserial: USB Serial support registered for Sony Clie 5.0
[    6.059393][    T1] usbserial: USB Serial support registered for Sony Clie 3.5
[    6.060163][    T1] usbcore: registered new interface driver wishbone_serial
[    6.060920][    T1] usbserial: USB Serial support registered for wishbone_serial
[    6.061712][    T1] usbcore: registered new interface driver whiteheat
[    6.062397][    T1] usbserial: USB Serial support registered for Connect Tech - WhiteHEAT - (prerenumeration)
[    6.063307][    T1] usbserial: USB Serial support registered for Connect Tech - WhiteHEAT
[    6.064098][    T1] usbcore: registered new interface driver xsens_mt
[    6.064734][    T1] usbserial: USB Serial support registered for xsens_mt
[    6.065444][    T1] usbcore: registered new interface driver adutux
[    6.066270][    T1] usbcore: registered new interface driver appledisplay
[    6.067909][    T1] usbcore: registered new interface driver cypress_cy7c63
[    6.068581][    T1] usbcore: registered new interface driver cytherm
[    6.069220][    T1] usbcore: registered new interface driver emi26 - firmware loader
[    6.070144][    T1] usbcore: registered new interface driver emi62 - firmware loader
[    6.070901][    T1] usbcore: registered new interface driver idmouse
[    6.071549][    T1] usbcore: registered new interface driver iowarrior
[    6.072220][    T1] usbcore: registered new interface driver isight_firmware
[    6.072919][    T1] usbcore: registered new interface driver usblcd
[    6.073561][    T1] usbcore: registered new interface driver ldusb
[    6.074202][    T1] usbcore: registered new interface driver legousbtower
[    6.074924][    T1] usbcore: registered new interface driver usbtest
[    6.076746][    T1] usbcore: registered new interface driver usb_ehset_test
[    6.077445][    T1] usbcore: registered new interface driver trancevibrator
[    6.078109][    T1] usbcore: registered new interface driver uss720
[    6.078598][    T1] uss720: USB Parport Cable driver for Cables using the Lucent Technologies USS720 Chip
[    6.079577][    T1] uss720: NOTE: this is a special purpose driver to allow nonstandard
[    6.080197][    T1] uss720: protocols (eg. bitbang) over USS720 usb to parallel cables
[    6.080801][    T1] uss720: If you just want to connect to a printer, use usblp instead
[    6.081671][    T1] usbcore: registered new interface driver usbsevseg
[    6.082394][    T1] usbcore: registered new interface driver yurex
[    6.084031][    T1] usbcore: registered new interface driver chaoskey
[    6.084774][    T1] usbcore: registered new interface driver sisusb
[    6.085495][    T1] usbcore: registered new interface driver lvs
[    6.086170][    T1] usbcore: registered new interface driver cxacru
[    6.086925][    T1] usbcore: registered new interface driver speedtch
[    6.087709][    T1] usbcore: registered new interface driver ueagle-atm
[    6.088228][    T1] xusbatm: malformed module parameters
[    6.091073][    T1] dummy_hcd dummy_hcd.0: USB Host+Gadget Emulator, driver 02 May 2005
[    6.091768][    T1] dummy_hcd dummy_hcd.0: Dummy host controller
[    6.094170][    T1] dummy_hcd dummy_hcd.0: new USB bus registered, assigned bus number 1
[    6.095691][    T1] usb usb1: New USB device found, idVendor=1d6b, idProduct=0002, bcdDevice= 5.06
[    6.096494][    T1] usb usb1: New USB device strings: Mfr=3, Product=2, SerialNumber=1
[    6.097166][    T1] usb usb1: Product: Dummy host controller
[    6.097651][    T1] usb usb1: Manufacturer: Linux 5.6.0-rc4-e3a19cdea84a-00042-ge3a19cdea84a dummy_hcd
[    6.098435][    T1] usb usb1: SerialNumber: dummy_hcd.0
[    6.101258][    T1] hub 1-0:1.0: USB hub found
[    6.101829][    T1] hub 1-0:1.0: 1 port detected
[    6.104144][    T1] dummy_hcd dummy_hcd.1: USB Host+Gadget Emulator, driver 02 May 2005
[    6.104858][    T1] dummy_hcd dummy_hcd.1: Dummy host controller
[    6.105820][    T1] dummy_hcd dummy_hcd.1: new USB bus registered, assigned bus number 2
[    6.106925][    T1] usb usb2: New USB device found, idVendor=1d6b, idProduct=0002, bcdDevice= 5.06
[    6.107681][    T1] usb usb2: New USB device strings: Mfr=3, Product=2, SerialNumber=1
[    6.108350][    T1] usb usb2: Product: Dummy host controller
[    6.108831][    T1] usb usb2: Manufacturer: Linux 5.6.0-rc4-e3a19cdea84a-00042-ge3a19cdea84a dummy_hcd
[    6.110798][    T1] usb usb2: SerialNumber: dummy_hcd.1
[    6.112239][    T1] hub 2-0:1.0: USB hub found
[    6.112724][    T1] hub 2-0:1.0: 1 port detected
[    6.114920][    T1] dummy_hcd dummy_hcd.2: USB Host+Gadget Emulator, driver 02 May 2005
[    6.115649][    T1] dummy_hcd dummy_hcd.2: Dummy host controller
[    6.116606][    T1] dummy_hcd dummy_hcd.2: new USB bus registered, assigned bus number 3
[    6.117741][    T1] usb usb3: New USB device found, idVendor=1d6b, idProduct=0002, bcdDevice= 5.06
[    6.118523][    T1] usb usb3: New USB device strings: Mfr=3, Product=2, SerialNumber=1
[    6.119217][    T1] usb usb3: Product: Dummy host controller
[    6.119700][    T1] usb usb3: Manufacturer: Linux 5.6.0-rc4-e3a19cdea84a-00042-ge3a19cdea84a dummy_hcd
[    6.120482][    T1] usb usb3: SerialNumber: dummy_hcd.2
[    6.122680][    T1] hub 3-0:1.0: USB hub found
[    6.123204][    T1] hub 3-0:1.0: 1 port detected
[    6.124822][    T1] dummy_hcd dummy_hcd.3: USB Host+Gadget Emulator, driver 02 May 2005
[    6.125470][    T1] dummy_hcd dummy_hcd.3: Dummy host controller
[    6.126284][    T1] dummy_hcd dummy_hcd.3: new USB bus registered, assigned bus number 4
[    6.127275][    T1] usb usb4: New USB device found, idVendor=1d6b, idProduct=0002, bcdDevice= 5.06
[    6.127991][    T1] usb usb4: New USB device strings: Mfr=3, Product=2, SerialNumber=1
[    6.128657][    T1] usb usb4: Product: Dummy host controller
[    6.130022][    T1] usb usb4: Manufacturer: Linux 5.6.0-rc4-e3a19cdea84a-00042-ge3a19cdea84a dummy_hcd
[    6.130750][    T1] usb usb4: SerialNumber: dummy_hcd.3
[    6.132010][    T1] hub 4-0:1.0: USB hub found
[    6.132453][    T1] hub 4-0:1.0: 1 port detected
[    6.134079][    T1] dummy_hcd dummy_hcd.4: USB Host+Gadget Emulator, driver 02 May 2005
[    6.134723][    T1] dummy_hcd dummy_hcd.4: Dummy host controller
[    6.135531][    T1] dummy_hcd dummy_hcd.4: new USB bus registered, assigned bus number 5
[    6.136522][    T1] usb usb5: New USB device found, idVendor=1d6b, idProduct=0002, bcdDevice= 5.06
[    6.137217][    T1] usb usb5: New USB device strings: Mfr=3, Product=2, SerialNumber=1
[    6.137826][    T1] usb usb5: Product: Dummy host controller
[    6.138268][    T1] usb usb5: Manufacturer: Linux 5.6.0-rc4-e3a19cdea84a-00042-ge3a19cdea84a dummy_hcd
[    6.138982][    T1] usb usb5: SerialNumber: dummy_hcd.4
[    6.141312][    T1] hub 5-0:1.0: USB hub found
[    6.141760][    T1] hub 5-0:1.0: 1 port detected
[    6.143317][    T1] dummy_hcd dummy_hcd.5: USB Host+Gadget Emulator, driver 02 May 2005
[    6.143974][    T1] dummy_hcd dummy_hcd.5: Dummy host controller
[    6.145174][    T1] dummy_hcd dummy_hcd.5: new USB bus registered, assigned bus number 6
[    6.146332][    T1] usb usb6: New USB device found, idVendor=1d6b, idProduct=0002, bcdDevice= 5.06
[    6.147089][    T1] usb usb6: New USB device strings: Mfr=3, Product=2, SerialNumber=1
[    6.147754][    T1] usb usb6: Product: Dummy host controller
[    6.148237][    T1] usb usb6: Manufacturer: Linux 5.6.0-rc4-e3a19cdea84a-00042-ge3a19cdea84a dummy_hcd
[    6.149095][    T1] usb usb6: SerialNumber: dummy_hcd.5
[    6.150514][    T1] hub 6-0:1.0: USB hub found
[    6.151012][    T1] hub 6-0:1.0: 1 port detected
[    6.152755][    T1] dummy_hcd dummy_hcd.6: USB Host+Gadget Emulator, driver 02 May 2005
[    6.153438][    T1] dummy_hcd dummy_hcd.6: Dummy host controller
[    6.154401][    T1] dummy_hcd dummy_hcd.6: new USB bus registered, assigned bus number 7
[    6.155887][    T1] usb usb7: New USB device found, idVendor=1d6b, idProduct=0002, bcdDevice= 5.06
[    6.156583][    T1] usb usb7: New USB device strings: Mfr=3, Product=2, SerialNumber=1
[    6.157194][    T1] usb usb7: Product: Dummy host controller
[    6.157636][    T1] usb usb7: Manufacturer: Linux 5.6.0-rc4-e3a19cdea84a-00042-ge3a19cdea84a dummy_hcd
[    6.158351][    T1] usb usb7: SerialNumber: dummy_hcd.6
[    6.159698][    T1] hub 7-0:1.0: USB hub found
[    6.160153][    T1] hub 7-0:1.0: 1 port detected
[    6.161740][    T1] dummy_hcd dummy_hcd.7: USB Host+Gadget Emulator, driver 02 May 2005
[    6.162401][    T1] dummy_hcd dummy_hcd.7: Dummy host controller
[    6.163319][    T1] dummy_hcd dummy_hcd.7: new USB bus registered, assigned bus number 8
[    6.164929][    T1] usb usb8: New USB device found, idVendor=1d6b, idProduct=0002, bcdDevice= 5.06
[    6.165648][    T1] usb usb8: New USB device strings: Mfr=3, Product=2, SerialNumber=1
[    6.166258][    T1] usb usb8: Product: Dummy host controller
[    6.166703][    T1] usb usb8: Manufacturer: Linux 5.6.0-rc4-e3a19cdea84a-00042-ge3a19cdea84a dummy_hcd
[    6.167414][    T1] usb usb8: SerialNumber: dummy_hcd.7
[    6.168758][    T1] hub 8-0:1.0: USB hub found
[    6.169565][    T1] hub 8-0:1.0: 1 port detected
[    6.180767][    T1] gadgetfs: USB Gadget filesystem, version 24 Aug 2004
[    6.185778][    T1] vhci_hcd vhci_hcd.0: USB/IP Virtual Host Controller
[    6.186775][    T1] vhci_hcd vhci_hcd.0: new USB bus registered, assigned bus number 9
[    6.187571][    T1] vhci_hcd: created sysfs vhci_hcd.0
[    6.188391][    T1] usb usb9: New USB device found, idVendor=1d6b, idProduct=0002, bcdDevice= 5.06
[    6.189318][    T1] usb usb9: New USB device strings: Mfr=3, Product=2, SerialNumber=1
[    6.189934][    T1] usb usb9: Product: USB/IP Virtual Host Controller
[    6.190435][    T1] usb usb9: Manufacturer: Linux 5.6.0-rc4-e3a19cdea84a-00042-ge3a19cdea84a vhci_hcd
[    6.191144][    T1] usb usb9: SerialNumber: vhci_hcd.0
[    6.192753][    T1] hub 9-0:1.0: USB hub found
[    6.193245][    T1] hub 9-0:1.0: 8 ports detected
[    6.196045][    T1] vhci_hcd vhci_hcd.0: USB/IP Virtual Host Controller
[    6.197031][    T1] vhci_hcd vhci_hcd.0: new USB bus registered, assigned bus number 10
[    6.197896][    T1] usb usb10: We don't know the algorithms for LPM for this host, disabling LPM.
[    6.199939][    T1] usb usb10: New USB device found, idVendor=1d6b, idProduct=0003, bcdDevice= 5.06
[    6.200644][    T1] usb usb10: New USB device strings: Mfr=3, Product=2, SerialNumber=1
[    6.201264][    T1] usb usb10: Product: USB/IP Virtual Host Controller
[    6.201771][    T1] usb usb10: Manufacturer: Linux 5.6.0-rc4-e3a19cdea84a-00042-ge3a19cdea84a vhci_hcd
[    6.202485][    T1] usb usb10: SerialNumber: vhci_hcd.0
[    6.203950][    T1] hub 10-0:1.0: USB hub found
[    6.204429][    T1] hub 10-0:1.0: 8 ports detected
[    6.208726][    T1] vhci_hcd vhci_hcd.1: USB/IP Virtual Host Controller
[    6.209891][    T1] vhci_hcd vhci_hcd.1: new USB bus registered, assigned bus number 11
[    6.210988][    T1] usb usb11: New USB device found, idVendor=1d6b, idProduct=0002, bcdDevice= 5.06
[    6.211748][    T1] usb usb11: New USB device strings: Mfr=3, Product=2, SerialNumber=1
[    6.212403][    T1] usb usb11: Product: USB/IP Virtual Host Controller
[    6.212912][    T1] usb usb11: Manufacturer: Linux 5.6.0-rc4-e3a19cdea84a-00042-ge3a19cdea84a vhci_hcd
[    6.213672][    T1] usb usb11: SerialNumber: vhci_hcd.1
[    6.215255][    T1] hub 11-0:1.0: USB hub found
[    6.215749][    T1] hub 11-0:1.0: 8 ports detected
[    6.218598][    T1] vhci_hcd vhci_hcd.1: USB/IP Virtual Host Controller
[    6.220567][    T1] vhci_hcd vhci_hcd.1: new USB bus registered, assigned bus number 12
[    6.221408][    T1] usb usb12: We don't know the algorithms for LPM for this host, disabling LPM.
[    6.222685][    T1] usb usb12: New USB device found, idVendor=1d6b, idProduct=0003, bcdDevice= 5.06
[    6.223392][    T1] usb usb12: New USB device strings: Mfr=3, Product=2, SerialNumber=1
[    6.224011][    T1] usb usb12: Product: USB/IP Virtual Host Controller
[    6.224520][    T1] usb usb12: Manufacturer: Linux 5.6.0-rc4-e3a19cdea84a-00042-ge3a19cdea84a vhci_hcd
[    6.225234][    T1] usb usb12: SerialNumber: vhci_hcd.1
[    6.226576][    T1] hub 12-0:1.0: USB hub found
[    6.227030][    T1] hub 12-0:1.0: 8 ports detected
[    6.230415][    T1] vhci_hcd vhci_hcd.2: USB/IP Virtual Host Controller
[    6.231399][    T1] vhci_hcd vhci_hcd.2: new USB bus registered, assigned bus number 13
[    6.232483][    T1] usb usb13: New USB device found, idVendor=1d6b, idProduct=0002, bcdDevice= 5.06
[    6.233191][    T1] usb usb13: New USB device strings: Mfr=3, Product=2, SerialNumber=1
[    6.233813][    T1] usb usb13: Product: USB/IP Virtual Host Controller
[    6.234326][    T1] usb usb13: Manufacturer: Linux 5.6.0-rc4-e3a19cdea84a-00042-ge3a19cdea84a vhci_hcd
[    6.235045][    T1] usb usb13: SerialNumber: vhci_hcd.2
[    6.237105][    T1] hub 13-0:1.0: USB hub found
[    6.237641][    T1] hub 13-0:1.0: 8 ports detected
[    6.241725][    T1] vhci_hcd vhci_hcd.2: USB/IP Virtual Host Controller
[    6.242685][    T1] vhci_hcd vhci_hcd.2: new USB bus registered, assigned bus number 14
[    6.243539][    T1] usb usb14: We don't know the algorithms for LPM for this host, disabling LPM.
[    6.244859][    T1] usb usb14: New USB device found, idVendor=1d6b, idProduct=0003, bcdDevice= 5.06
[    6.245631][    T1] usb usb14: New USB device strings: Mfr=3, Product=2, SerialNumber=1
[    6.246294][    T1] usb usb14: Product: USB/IP Virtual Host Controller
[    6.246803][    T1] usb usb14: Manufacturer: Linux 5.6.0-rc4-e3a19cdea84a-00042-ge3a19cdea84a vhci_hcd
[    6.247517][    T1] usb usb14: SerialNumber: vhci_hcd.2
[    6.248911][    T1] hub 14-0:1.0: USB hub found
[    6.249432][    T1] hub 14-0:1.0: 8 ports detected
[    6.252944][    T1] vhci_hcd vhci_hcd.3: USB/IP Virtual Host Controller
[    6.253932][    T1] vhci_hcd vhci_hcd.3: new USB bus registered, assigned bus number 15
[    6.255214][    T1] usb usb15: New USB device found, idVendor=1d6b, idProduct=0002, bcdDevice= 5.06
[    6.255981][    T1] usb usb15: New USB device strings: Mfr=3, Product=2, SerialNumber=1
[    6.256602][    T1] usb usb15: Product: USB/IP Virtual Host Controller
[    6.257113][    T1] usb usb15: Manufacturer: Linux 5.6.0-rc4-e3a19cdea84a-00042-ge3a19cdea84a vhci_hcd
[    6.257866][    T1] usb usb15: SerialNumber: vhci_hcd.3
[    6.259566][    T1] hub 15-0:1.0: USB hub found
[    6.260058][    T1] hub 15-0:1.0: 8 ports detected
[    6.262778][    T1] vhci_hcd vhci_hcd.3: USB/IP Virtual Host Controller
[    6.263673][    T1] vhci_hcd vhci_hcd.3: new USB bus registered, assigned bus number 16
[    6.264640][    T1] usb usb16: We don't know the algorithms for LPM for this host, disabling LPM.
[    6.266333][    T1] usb usb16: New USB device found, idVendor=1d6b, idProduct=0003, bcdDevice= 5.06
[    6.267203][    T1] usb usb16: New USB device strings: Mfr=3, Product=2, SerialNumber=1
[    6.267902][    T1] usb usb16: Product: USB/IP Virtual Host Controller
[    6.268473][    T1] usb usb16: Manufacturer: Linux 5.6.0-rc4-e3a19cdea84a-00042-ge3a19cdea84a vhci_hcd
[    6.269873][    T1] usb usb16: SerialNumber: vhci_hcd.3
[    6.271269][    T1] hub 16-0:1.0: USB hub found
[    6.271749][    T1] hub 16-0:1.0: 8 ports detected
[    6.275118][    T1] vhci_hcd vhci_hcd.4: USB/IP Virtual Host Controller
[    6.276024][    T1] vhci_hcd vhci_hcd.4: new USB bus registered, assigned bus number 17
[    6.277189][    T1] usb usb17: New USB device found, idVendor=1d6b, idProduct=0002, bcdDevice= 5.06
[    6.277900][    T1] usb usb17: New USB device strings: Mfr=3, Product=2, SerialNumber=1
[    6.278522][    T1] usb usb17: Product: USB/IP Virtual Host Controller
[    6.279060][    T1] usb usb17: Manufacturer: Linux 5.6.0-rc4-e3a19cdea84a-00042-ge3a19cdea84a vhci_hcd
[    6.280158][    T1] usb usb17: SerialNumber: vhci_hcd.4
[    6.281511][    T1] hub 17-0:1.0: USB hub found
[    6.281969][    T1] hub 17-0:1.0: 8 ports detected
[    6.284735][    T1] vhci_hcd vhci_hcd.4: USB/IP Virtual Host Controller
[    6.285627][    T1] vhci_hcd vhci_hcd.4: new USB bus registered, assigned bus number 18
[    6.286509][    T1] usb usb18: We don't know the algorithms for LPM for this host, disabling LPM.
[    6.287725][    T1] usb usb18: New USB device found, idVendor=1d6b, idProduct=0003, bcdDevice= 5.06
[    6.288447][    T1] usb usb18: New USB device strings: Mfr=3, Product=2, SerialNumber=1
[    6.289975][    T1] usb usb18: Product: USB/IP Virtual Host Controller
[    6.290503][    T1] usb usb18: Manufacturer: Linux 5.6.0-rc4-e3a19cdea84a-00042-ge3a19cdea84a vhci_hcd
[    6.291241][    T1] usb usb18: SerialNumber: vhci_hcd.4
[    6.292770][    T1] hub 18-0:1.0: USB hub found
[    6.293228][    T1] hub 18-0:1.0: 8 ports detected
[    6.297008][    T1] vhci_hcd vhci_hcd.5: USB/IP Virtual Host Controller
[    6.298024][    T1] vhci_hcd vhci_hcd.5: new USB bus registered, assigned bus number 19
[    6.299636][    T1] usb usb19: New USB device found, idVendor=1d6b, idProduct=0002, bcdDevice= 5.06
[    6.300420][    T1] usb usb19: New USB device strings: Mfr=3, Product=2, SerialNumber=1
[    6.301100][    T1] usb usb19: Product: USB/IP Virtual Host Controller
[    6.301659][    T1] usb usb19: Manufacturer: Linux 5.6.0-rc4-e3a19cdea84a-00042-ge3a19cdea84a vhci_hcd
[    6.302451][    T1] usb usb19: SerialNumber: vhci_hcd.5
[    6.303928][    T1] hub 19-0:1.0: USB hub found
[    6.304420][    T1] hub 19-0:1.0: 8 ports detected
[    6.307320][    T1] vhci_hcd vhci_hcd.5: USB/IP Virtual Host Controller
[    6.308286][    T1] vhci_hcd vhci_hcd.5: new USB bus registered, assigned bus number 20
[    6.310530][    T1] usb usb20: We don't know the algorithms for LPM for this host, disabling LPM.
[    6.311744][    T1] usb usb20: New USB device found, idVendor=1d6b, idProduct=0003, bcdDevice= 5.06
[    6.312452][    T1] usb usb20: New USB device strings: Mfr=3, Product=2, SerialNumber=1
[    6.313071][    T1] usb usb20: Product: USB/IP Virtual Host Controller
[    6.313582][    T1] usb usb20: Manufacturer: Linux 5.6.0-rc4-e3a19cdea84a-00042-ge3a19cdea84a vhci_hcd
[    6.314300][    T1] usb usb20: SerialNumber: vhci_hcd.5
[    6.315638][    T1] hub 20-0:1.0: USB hub found
[    6.316090][    T1] hub 20-0:1.0: 8 ports detected
[    6.319492][    T1] vhci_hcd vhci_hcd.6: USB/IP Virtual Host Controller
[    6.320390][    T1] vhci_hcd vhci_hcd.6: new USB bus registered, assigned bus number 21
[    6.321719][    T1] usb usb21: New USB device found, idVendor=1d6b, idProduct=0002, bcdDevice= 5.06
[    6.322433][    T1] usb usb21: New USB device strings: Mfr=3, Product=2, SerialNumber=1
[    6.323054][    T1] usb usb21: Product: USB/IP Virtual Host Controller
[    6.323565][    T1] usb usb21: Manufacturer: Linux 5.6.0-rc4-e3a19cdea84a-00042-ge3a19cdea84a vhci_hcd
[    6.324283][    T1] usb usb21: SerialNumber: vhci_hcd.6
[    6.325713][    T1] hub 21-0:1.0: USB hub found
[    6.326299][    T1] hub 21-0:1.0: 8 ports detected
[    6.330722][    T1] vhci_hcd vhci_hcd.6: USB/IP Virtual Host Controller
[    6.331744][    T1] vhci_hcd vhci_hcd.6: new USB bus registered, assigned bus number 22
[    6.332607][    T1] usb usb22: We don't know the algorithms for LPM for this host, disabling LPM.
[    6.333690][    T1] usb usb22: New USB device found, idVendor=1d6b, idProduct=0003, bcdDevice= 5.06
[    6.334455][    T1] usb usb22: New USB device strings: Mfr=3, Product=2, SerialNumber=1
[    6.335131][    T1] usb usb22: Product: USB/IP Virtual Host Controller
[    6.335665][    T1] usb usb22: Manufacturer: Linux 5.6.0-rc4-e3a19cdea84a-00042-ge3a19cdea84a vhci_hcd
[    6.336380][    T1] usb usb22: SerialNumber: vhci_hcd.6
[    6.338020][    T1] hub 22-0:1.0: USB hub found
[    6.338474][    T1] hub 22-0:1.0: 8 ports detected
[    6.342055][    T1] vhci_hcd vhci_hcd.7: USB/IP Virtual Host Controller
[    6.342929][    T1] vhci_hcd vhci_hcd.7: new USB bus registered, assigned bus number 23
[    6.343931][    T1] usb usb23: New USB device found, idVendor=1d6b, idProduct=0002, bcdDevice= 5.06
[    6.344629][    T1] usb usb23: New USB device strings: Mfr=3, Product=2, SerialNumber=1
[    6.345251][    T1] usb usb23: Product: USB/IP Virtual Host Controller
[    6.345760][    T1] usb usb23: Manufacturer: Linux 5.6.0-rc4-e3a19cdea84a-00042-ge3a19cdea84a vhci_hcd
[    6.346476][    T1] usb usb23: SerialNumber: vhci_hcd.7
[    6.348263][    T1] hub 23-0:1.0: USB hub found
[    6.348787][    T1] hub 23-0:1.0: 8 ports detected
[    6.351565][    T1] vhci_hcd vhci_hcd.7: USB/IP Virtual Host Controller
[    6.352470][    T1] vhci_hcd vhci_hcd.7: new USB bus registered, assigned bus number 24
[    6.353358][    T1] usb usb24: We don't know the algorithms for LPM for this host, disabling LPM.
[    6.354547][    T1] usb usb24: New USB device found, idVendor=1d6b, idProduct=0003, bcdDevice= 5.06
[    6.355254][    T1] usb usb24: New USB device strings: Mfr=3, Product=2, SerialNumber=1
[    6.355878][    T1] usb usb24: Product: USB/IP Virtual Host Controller
[    6.356414][    T1] usb usb24: Manufacturer: Linux 5.6.0-rc4-e3a19cdea84a-00042-ge3a19cdea84a vhci_hcd
[    6.357484][    T1] usb usb24: SerialNumber: vhci_hcd.7
[    6.359198][    T1] hub 24-0:1.0: USB hub found
[    6.359719][    T1] hub 24-0:1.0: 8 ports detected
[    6.363450][    T1] vhci_hcd vhci_hcd.8: USB/IP Virtual Host Controller
[    6.364447][    T1] vhci_hcd vhci_hcd.8: new USB bus registered, assigned bus number 25
[    6.365629][    T1] usb usb25: New USB device found, idVendor=1d6b, idProduct=0002, bcdDevice= 5.06
[    6.366382][    T1] usb usb25: New USB device strings: Mfr=3, Product=2, SerialNumber=1
[    6.366998][    T1] usb usb25: Product: USB/IP Virtual Host Controller
[    6.367504][    T1] usb usb25: Manufacturer: Linux 5.6.0-rc4-e3a19cdea84a-00042-ge3a19cdea84a vhci_hcd
[    6.368220][    T1] usb usb25: SerialNumber: vhci_hcd.8
[    6.369918][    T1] hub 25-0:1.0: USB hub found
[    6.370412][    T1] hub 25-0:1.0: 8 ports detected
[    6.373253][    T1] vhci_hcd vhci_hcd.8: USB/IP Virtual Host Controller
[    6.374352][    T1] vhci_hcd vhci_hcd.8: new USB bus registered, assigned bus number 26
[    6.375238][    T1] usb usb26: We don't know the algorithms for LPM for this host, disabling LPM.
[    6.376611][    T1] usb usb26: New USB device found, idVendor=1d6b, idProduct=0003, bcdDevice= 5.06
[    6.377432][    T1] usb usb26: New USB device strings: Mfr=3, Product=2, SerialNumber=1
[    6.378131][    T1] usb usb26: Product: USB/IP Virtual Host Controller
[    6.378750][    T1] usb usb26: Manufacturer: Linux 5.6.0-rc4-e3a19cdea84a-00042-ge3a19cdea84a vhci_hcd
[    6.380320][    T1] usb usb26: SerialNumber: vhci_hcd.8
[    6.381719][    T1] hub 26-0:1.0: USB hub found
[    6.382225][    T1] hub 26-0:1.0: 8 ports detected
[    6.385662][    T1] vhci_hcd vhci_hcd.9: USB/IP Virtual Host Controller
[    6.386564][    T1] vhci_hcd vhci_hcd.9: new USB bus registered, assigned bus number 27
[    6.388001][    T1] usb usb27: New USB device found, idVendor=1d6b, idProduct=0002, bcdDevice= 5.06
[    6.388934][    T1] usb usb27: New USB device strings: Mfr=3, Product=2, SerialNumber=1
[    6.390102][    T1] usb usb27: Product: USB/IP Virtual Host Controller
[    6.390658][    T1] usb usb27: Manufacturer: Linux 5.6.0-rc4-e3a19cdea84a-00042-ge3a19cdea84a vhci_hcd
[    6.391440][    T1] usb usb27: SerialNumber: vhci_hcd.9
[    6.393361][    T1] hub 27-0:1.0: USB hub found
[    6.393857][    T1] hub 27-0:1.0: 8 ports detected
[    6.396974][    T1] vhci_hcd vhci_hcd.9: USB/IP Virtual Host Controller
[    6.397969][    T1] vhci_hcd vhci_hcd.9: new USB bus registered, assigned bus number 28
[    6.398744][    T1] usb usb28: We don't know the algorithms for LPM for this host, disabling LPM.
[    6.400097][    T1] usb usb28: New USB device found, idVendor=1d6b, idProduct=0003, bcdDevice= 5.06
[    6.400811][    T1] usb usb28: New USB device strings: Mfr=3, Product=2, SerialNumber=1
[    6.401431][    T1] usb usb28: Product: USB/IP Virtual Host Controller
[    6.401942][    T1] usb usb28: Manufacturer: Linux 5.6.0-rc4-e3a19cdea84a-00042-ge3a19cdea84a vhci_hcd
[    6.402725][    T1] usb usb28: SerialNumber: vhci_hcd.9
[    6.404210][    T1] hub 28-0:1.0: USB hub found
[    6.404685][    T1] hub 28-0:1.0: 8 ports detected
[    6.408226][    T1] vhci_hcd vhci_hcd.10: USB/IP Virtual Host Controller
[    6.410170][    T1] vhci_hcd vhci_hcd.10: new USB bus registered, assigned bus number 29
[    6.411349][    T1] usb usb29: New USB device found, idVendor=1d6b, idProduct=0002, bcdDevice= 5.06
[    6.412058][    T1] usb usb29: New USB device strings: Mfr=3, Product=2, SerialNumber=1
[    6.412677][    T1] usb usb29: Product: USB/IP Virtual Host Controller
[    6.413187][    T1] usb usb29: Manufacturer: Linux 5.6.0-rc4-e3a19cdea84a-00042-ge3a19cdea84a vhci_hcd
[    6.413923][    T1] usb usb29: SerialNumber: vhci_hcd.10
[    6.416001][    T1] hub 29-0:1.0: USB hub found
[    6.416437][    T1] hub 29-0:1.0: 8 ports detected
[    6.420068][    T1] vhci_hcd vhci_hcd.10: USB/IP Virtual Host Controller
[    6.421040][    T1] vhci_hcd vhci_hcd.10: new USB bus registered, assigned bus number 30
[    6.421900][    T1] usb usb30: We don't know the algorithms for LPM for this host, disabling LPM.
[    6.423021][    T1] usb usb30: New USB device found, idVendor=1d6b, idProduct=0003, bcdDevice= 5.06
[    6.423758][    T1] usb usb30: New USB device strings: Mfr=3, Product=2, SerialNumber=1
[    6.424440][    T1] usb usb30: Product: USB/IP Virtual Host Controller
[    6.424997][    T1] usb usb30: Manufacturer: Linux 5.6.0-rc4-e3a19cdea84a-00042-ge3a19cdea84a vhci_hcd
[    6.425779][    T1] usb usb30: SerialNumber: vhci_hcd.10
[    6.427401][    T1] hub 30-0:1.0: USB hub found
[    6.427900][    T1] hub 30-0:1.0: 8 ports detected
[    6.431991][    T1] vhci_hcd vhci_hcd.11: USB/IP Virtual Host Controller
[    6.432858][    T1] vhci_hcd vhci_hcd.11: new USB bus registered, assigned bus number 31
[    6.433858][    T1] usb usb31: New USB device found, idVendor=1d6b, idProduct=0002, bcdDevice= 5.06
[    6.434559][    T1] usb usb31: New USB device strings: Mfr=3, Product=2, SerialNumber=1
[    6.435178][    T1] usb usb31: Product: USB/IP Virtual Host Controller
[    6.435686][    T1] usb usb31: Manufacturer: Linux 5.6.0-rc4-e3a19cdea84a-00042-ge3a19cdea84a vhci_hcd
[    6.436407][    T1] usb usb31: SerialNumber: vhci_hcd.11
[    6.438196][    T1] hub 31-0:1.0: USB hub found
[    6.438638][    T1] hub 31-0:1.0: 8 ports detected
[    6.441438][    T1] vhci_hcd vhci_hcd.11: USB/IP Virtual Host Controller
[    6.442355][    T1] vhci_hcd vhci_hcd.11: new USB bus registered, assigned bus number 32
[    6.443221][    T1] usb usb32: We don't know the algorithms for LPM for this host, disabling LPM.
[    6.444445][    T1] usb usb32: New USB device found, idVendor=1d6b, idProduct=0003, bcdDevice= 5.06
[    6.445154][    T1] usb usb32: New USB device strings: Mfr=3, Product=2, SerialNumber=1
[    6.445771][    T1] usb usb32: Product: USB/IP Virtual Host Controller
[    6.446279][    T1] usb usb32: Manufacturer: Linux 5.6.0-rc4-e3a19cdea84a-00042-ge3a19cdea84a vhci_hcd
[    6.446999][    T1] usb usb32: SerialNumber: vhci_hcd.11
[    6.448833][    T1] hub 32-0:1.0: USB hub found
[    6.450283][    T1] hub 32-0:1.0: 8 ports detected
[    6.454079][    T1] vhci_hcd vhci_hcd.12: USB/IP Virtual Host Controller
[    6.455036][    T1] vhci_hcd vhci_hcd.12: new USB bus registered, assigned bus number 33
[    6.456228][    T1] usb usb33: New USB device found, idVendor=1d6b, idProduct=0002, bcdDevice= 5.06
[    6.456996][    T1] usb usb33: New USB device strings: Mfr=3, Product=2, SerialNumber=1
[    6.457668][    T1] usb usb33: Product: USB/IP Virtual Host Controller
[    6.458215][    T1] usb usb33: Manufacturer: Linux 5.6.0-rc4-e3a19cdea84a-00042-ge3a19cdea84a vhci_hcd
[    6.458922][    T1] usb usb33: SerialNumber: vhci_hcd.12
[    6.460553][    T1] hub 33-0:1.0: USB hub found
[    6.461067][    T1] hub 33-0:1.0: 8 ports detected
[    6.463846][    T1] vhci_hcd vhci_hcd.12: USB/IP Virtual Host Controller
[    6.464814][    T1] vhci_hcd vhci_hcd.12: new USB bus registered, assigned bus number 34
[    6.465652][    T1] usb usb34: We don't know the algorithms for LPM for this host, disabling LPM.
[    6.466942][    T1] usb usb34: New USB device found, idVendor=1d6b, idProduct=0003, bcdDevice= 5.06
[    6.467663][    T1] usb usb34: New USB device strings: Mfr=3, Product=2, SerialNumber=1
[    6.468282][    T1] usb usb34: Product: USB/IP Virtual Host Controller
[    6.468787][    T1] usb usb34: Manufacturer: Linux 5.6.0-rc4-e3a19cdea84a-00042-ge3a19cdea84a vhci_hcd
[    6.469543][    T1] usb usb34: SerialNumber: vhci_hcd.12
[    6.470865][    T1] hub 34-0:1.0: USB hub found
[    6.471314][    T1] hub 34-0:1.0: 8 ports detected
[    6.474789][    T1] vhci_hcd vhci_hcd.13: USB/IP Virtual Host Controller
[    6.475801][    T1] vhci_hcd vhci_hcd.13: new USB bus registered, assigned bus number 35
[    6.476900][    T1] usb usb35: New USB device found, idVendor=1d6b, idProduct=0002, bcdDevice= 5.06
[    6.477603][    T1] usb usb35: New USB device strings: Mfr=3, Product=2, SerialNumber=1
[    6.478225][    T1] usb usb35: Product: USB/IP Virtual Host Controller
[    6.478780][    T1] usb usb35: Manufacturer: Linux 5.6.0-rc4-e3a19cdea84a-00042-ge3a19cdea84a vhci_hcd
[    6.479856][    T1] usb usb35: SerialNumber: vhci_hcd.13
[    6.481369][    T1] hub 35-0:1.0: USB hub found
[    6.481885][    T1] hub 35-0:1.0: 8 ports detected
[    6.484749][    T1] vhci_hcd vhci_hcd.13: USB/IP Virtual Host Controller
[    6.485887][    T1] vhci_hcd vhci_hcd.13: new USB bus registered, assigned bus number 36
[    6.486744][    T1] usb usb36: We don't know the algorithms for LPM for this host, disabling LPM.
[    6.488077][    T1] usb usb36: New USB device found, idVendor=1d6b, idProduct=0003, bcdDevice= 5.06
[    6.488773][    T1] usb usb36: New USB device strings: Mfr=3, Product=2, SerialNumber=1
[    6.490592][    T1] usb usb36: Product: USB/IP Virtual Host Controller
[    6.491112][    T1] usb usb36: Manufacturer: Linux 5.6.0-rc4-e3a19cdea84a-00042-ge3a19cdea84a vhci_hcd
[    6.491827][    T1] usb usb36: SerialNumber: vhci_hcd.13
[    6.493098][    T1] hub 36-0:1.0: USB hub found
[    6.493546][    T1] hub 36-0:1.0: 8 ports detected
[    6.496934][    T1] vhci_hcd vhci_hcd.14: USB/IP Virtual Host Controller
[    6.498155][    T1] vhci_hcd vhci_hcd.14: new USB bus registered, assigned bus number 37
[    6.499740][    T1] usb usb37: New USB device found, idVendor=1d6b, idProduct=0002, bcdDevice= 5.06
[    6.500454][    T1] usb usb37: New USB device strings: Mfr=3, Product=2, SerialNumber=1
[    6.501074][    T1] usb usb37: Product: USB/IP Virtual Host Controller
[    6.501580][    T1] usb usb37: Manufacturer: Linux 5.6.0-rc4-e3a19cdea84a-00042-ge3a19cdea84a vhci_hcd
[    6.502292][    T1] usb usb37: SerialNumber: vhci_hcd.14
[    6.503659][    T1] hub 37-0:1.0: USB hub found
[    6.504114][    T1] hub 37-0:1.0: 8 ports detected
[    6.506827][    T1] vhci_hcd vhci_hcd.14: USB/IP Virtual Host Controller
[    6.507732][    T1] vhci_hcd vhci_hcd.14: new USB bus registered, assigned bus number 38
[    6.508608][    T1] usb usb38: We don't know the algorithms for LPM for this host, disabling LPM.
[    6.511257][    T1] usb usb38: New USB device found, idVendor=1d6b, idProduct=0003, bcdDevice= 5.06
[    6.512253][    T1] usb usb38: New USB device strings: Mfr=3, Product=2, SerialNumber=1
[    6.513123][    T1] usb usb38: Product: USB/IP Virtual Host Controller
[    6.513783][    T1] usb usb38: Manufacturer: Linux 5.6.0-rc4-e3a19cdea84a-00042-ge3a19cdea84a vhci_hcd
[    6.514694][    T1] usb usb38: SerialNumber: vhci_hcd.14
[    6.516250][    T1] hub 38-0:1.0: USB hub found
[    6.516849][    T1] hub 38-0:1.0: 8 ports detected
[    6.520476][    T1] vhci_hcd vhci_hcd.15: USB/IP Virtual Host Controller
[    6.521611][    T1] vhci_hcd vhci_hcd.15: new USB bus registered, assigned bus number 39
[    6.522625][    T1] usb usb39: New USB device found, idVendor=1d6b, idProduct=0002, bcdDevice= 5.06
[    6.523324][    T1] usb usb39: New USB device strings: Mfr=3, Product=2, SerialNumber=1
[    6.523939][    T1] usb usb39: Product: USB/IP Virtual Host Controller
[    6.524440][    T1] usb usb39: Manufacturer: Linux 5.6.0-rc4-e3a19cdea84a-00042-ge3a19cdea84a vhci_hcd
[    6.525154][    T1] usb usb39: SerialNumber: vhci_hcd.15
[    6.526443][    T1] hub 39-0:1.0: USB hub found
[    6.527007][    T1] hub 39-0:1.0: 8 ports detected
[    6.530111][    T1] vhci_hcd vhci_hcd.15: USB/IP Virtual Host Controller
[    6.530985][    T1] vhci_hcd vhci_hcd.15: new USB bus registered, assigned bus number 40
[    6.531759][    T1] usb usb40: We don't know the algorithms for LPM for this host, disabling LPM.
[    6.532846][    T1] usb usb40: New USB device found, idVendor=1d6b, idProduct=0003, bcdDevice= 5.06
[    6.533549][    T1] usb usb40: New USB device strings: Mfr=3, Product=2, SerialNumber=1
[    6.534170][    T1] usb usb40: Product: USB/IP Virtual Host Controller
[    6.534676][    T1] usb usb40: Manufacturer: Linux 5.6.0-rc4-e3a19cdea84a-00042-ge3a19cdea84a vhci_hcd
[    6.535390][    T1] usb usb40: SerialNumber: vhci_hcd.15
[    6.536868][    T1] hub 40-0:1.0: USB hub found
[    6.537388][    T1] hub 40-0:1.0: 8 ports detected
[    6.542005][    T1] usbcore: registered new device driver usbip-host
[    6.544983][    T1] i8042: PNP: PS/2 Controller [PNP0303:KBD,PNP0f13:MOU] at 0x60,0x64 irq 1,12
[    6.548625][    T1] serio: i8042 KBD port at 0x60,0x64 irq 1
[    6.550489][    T1] serio: i8042 AUX port at 0x60,0x64 irq 12
[    6.552347][    T1] mousedev: PS/2 mouse device common for all mice
[    6.554485][  T418] input: AT Translated Set 2 keyboard as /devices/platform/i8042/serio0/input/input1
[    6.556683][    T1] usbcore: registered new interface driver appletouch
[    6.557549][    T1] usbcore: registered new interface driver bcm5974
[    6.560984][    T1] usbcore: registered new interface driver synaptics_usb
[    6.561740][    T1] usbcore: registered new interface driver iforce
[    6.562544][    T1] usbcore: registered new interface driver xpad
[    6.563215][    T1] usbcore: registered new interface driver usb_acecad
[    6.563937][    T1] usbcore: registered new interface driver aiptek
[    6.564622][    T1] usbcore: registered new interface driver hanwang
[    6.565435][    T1] usbcore: registered new interface driver kbtab
[    6.566177][    T1] usbcore: registered new interface driver pegasus_notetaker
[    6.567277][    T1] usbcore: registered new interface driver usbtouchscreen
[    6.568931][    T1] usbcore: registered new interface driver sur40
[    6.569732][    T1] usbcore: registered new interface driver ati_remote2
[    6.570511][    T1] cm109: Keymap for Komunikate KIP1000 phone loaded
[    6.571417][    T1] usbcore: registered new interface driver cm109
[    6.571963][    T1] cm109: CM109 phone driver: 20080805 (C) Alfred E. Heggestad
[    6.572810][    T1] usbcore: registered new interface driver ims_pcu
[    6.573609][    T1] usbcore: registered new interface driver keyspan_remote
[    6.574546][    T1] usbcore: registered new interface driver powermate
[    6.575597][    T1] usbcore: registered new interface driver yealink
[    6.577618][    T1] rtc_cmos 00:05: RTC can wake from S4
[    6.580505][    T1] rtc_cmos 00:05: registered as rtc0
[    6.580971][    T1] rtc_cmos 00:05: alarms up to one day, y3k, 242 bytes nvram, hpet irqs
[    6.584085][    T1] i2c /dev entries driver
[    6.585000][    T1] usbcore: registered new interface driver i2c-diolan-u2c
[    6.585889][    T1] usbcore: registered new interface driver RobotFuzz Open Source InterFace, OSIF
[    6.586874][    T1] usbcore: registered new interface driver i2c-tiny-usb
[    6.590122][    T1] usbcore: registered new interface driver ati_remote
[    6.591121][    T1] usbcore: registered new interface driver imon
[    6.594558][    T1] usbcore: registered new interface driver mceusb
[    6.595253][    T1] usbcore: registered new interface driver redrat3
[    6.595926][    T1] usbcore: registered new interface driver streamzap
[    6.596665][    T1] usbcore: registered new interface driver igorplugusb
[    6.597428][    T1] usbcore: registered new interface driver iguanair
[    6.598120][    T1] usbcore: registered new interface driver ttusbir
[    6.598627][    T1] b2c2-flexcop: B2C2 FlexcopII/II(b)/III digital TV receiver chip loaded successfully
[    6.608995][    T1] vivid-000: using single planar format API
[    6.620002][    T1] vivid-000: CEC adapter cec0 registered for HDMI input 0
[    6.621037][    T1] vivid-000: V4L2 capture device registered as video3
[    6.621868][    T1] vivid-000: CEC adapter cec1 registered for HDMI output 0
[    6.622753][    T1] vivid-000: V4L2 output device registered as video4
[    6.623530][    T1] vivid-000: V4L2 capture device registered as vbi0, supports raw and sliced VBI
[    6.624576][    T1] vivid-000: V4L2 output device registered as vbi1, supports raw and sliced VBI
[    6.625567][    T1] vivid-000: V4L2 capture device registered as swradio0
[    6.626380][    T1] vivid-000: V4L2 receiver device registered as radio0
[    6.627275][    T1] vivid-000: V4L2 transmitter device registered as radio1
[    6.628188][    T1] vivid-000: V4L2 metadata capture device registered as video5
[    6.630044][    T1] vivid-000: V4L2 metadata output device registered as video6
[    6.631314][    T1] vivid-000: V4L2 touch capture device registered as v4l-touch0
[    6.632970][    T1] vivid-001: using multiplanar format API
[    6.641601][    T1] vivid-001: CEC adapter cec2 registered for HDMI input 0
[    6.642547][    T1] vivid-001: V4L2 capture device registered as video7
[    6.643452][    T1] vivid-001: CEC adapter cec3 registered for HDMI output 0
[    6.644343][    T1] vivid-001: V4L2 output device registered as video8
[    6.645236][    T1] vivid-001: V4L2 capture device registered as vbi2, supports raw and sliced VBI
[    6.646323][    T1] vivid-001: V4L2 output device registered as vbi3, supports raw and sliced VBI
[    6.647416][    T1] vivid-001: V4L2 capture device registered as swradio1
[    6.648285][    T1] vivid-001: V4L2 receiver device registered as radio2
[    6.650725][    T1] vivid-001: V4L2 transmitter device registered as radio3
[    6.651668][    T1] vivid-001: V4L2 metadata capture device registered as video9
[    6.652567][    T1] vivid-001: V4L2 metadata output device registered as video10
[    6.653690][    T1] vivid-001: V4L2 touch capture device registered as v4l-touch1
[    6.654600][    T1] vivid-002: using single planar format API
[    6.663395][    T1] vivid-002: CEC adapter cec4 registered for HDMI input 0
[    6.664388][    T1] vivid-002: V4L2 capture device registered as video11
[    6.665305][    T1] vivid-002: CEC adapter cec5 registered for HDMI output 0
[    6.666129][    T1] vivid-002: V4L2 output device registered as video12
[    6.667058][    T1] vivid-002: V4L2 capture device registered as vbi4, supports raw and sliced VBI
[    6.668146][    T1] vivid-002: V4L2 output device registered as vbi5, supports raw and sliced VBI
[    6.669273][    T1] vivid-002: V4L2 capture device registered as swradio2
[    6.670192][    T1] vivid-002: V4L2 receiver device registered as radio4
[    6.671098][    T1] vivid-002: V4L2 transmitter device registered as radio5
[    6.672045][    T1] vivid-002: V4L2 metadata capture device registered as video13
[    6.673025][    T1] vivid-002: V4L2 metadata output device registered as video14
[    6.673999][    T1] vivid-002: V4L2 touch capture device registered as v4l-touch2
[    6.674983][    T1] vivid-003: using multiplanar format API
[    6.684392][    T1] vivid-003: CEC adapter cec6 registered for HDMI input 0
[    6.685252][    T1] vivid-003: V4L2 capture device registered as video15
[    6.686071][    T1] vivid-003: CEC adapter cec7 registered for HDMI output 0
[    6.686899][    T1] vivid-003: V4L2 output device registered as video16
[    6.687709][    T1] vivid-003: V4L2 capture device registered as vbi6, supports raw and sliced VBI
[    6.688697][    T1] vivid-003: V4L2 output device registered as vbi7, supports raw and sliced VBI
[    6.689715][    T1] vivid-003: V4L2 capture device registered as swradio3
[    6.690539][    T1] vivid-003: V4L2 receiver device registered as radio6
[    6.691397][    T1] vivid-003: V4L2 transmitter device registered as radio7
[    6.692312][    T1] vivid-003: V4L2 metadata capture device registered as video17
[    6.693735][    T1] vivid-003: V4L2 metadata output device registered as video18
[    6.694844][    T1] vivid-003: V4L2 touch capture device registered as v4l-touch3
[    6.695846][    T1] vivid-004: using single planar format API
[    6.704901][    T1] vivid-004: CEC adapter cec8 registered for HDMI input 0
[    6.705828][    T1] vivid-004: V4L2 capture device registered as video19
[    6.706706][    T1] vivid-004: CEC adapter cec9 registered for HDMI output 0
[    6.707485][    T1] vivid-004: V4L2 output device registered as video20
[    6.708326][    T1] vivid-004: V4L2 capture device registered as vbi8, supports raw and sliced VBI
[    6.709564][    T1] vivid-004: V4L2 output device registered as vbi9, supports raw and sliced VBI
[    6.710542][    T1] vivid-004: V4L2 capture device registered as swradio4
[    6.711434][    T1] vivid-004: V4L2 receiver device registered as radio8
[    6.712327][    T1] vivid-004: V4L2 transmitter device registered as radio9
[    6.713247][    T1] vivid-004: V4L2 metadata capture device registered as video21
[    6.714110][    T1] vivid-004: V4L2 metadata output device registered as video22
[    6.715002][    T1] vivid-004: V4L2 touch capture device registered as v4l-touch4
[    6.715900][    T1] vivid-005: using multiplanar format API
[    6.726096][    T1] vivid-005: CEC adapter cec10 registered for HDMI input 0
[    6.727119][    T1] vivid-005: V4L2 capture device registered as video23
[    6.728035][    T1] vivid-005: CEC adapter cec11 registered for HDMI output 0
[    6.729100][    T1] vivid-005: V4L2 output device registered as video24
[    6.730031][    T1] vivid-005: V4L2 capture device registered as vbi10, supports raw and sliced VBI
[    6.731146][    T1] vivid-005: V4L2 output device registered as vbi11, supports raw and sliced VBI
[    6.732132][    T1] vivid-005: V4L2 capture device registered as swradio5
[    6.733051][    T1] vivid-005: V4L2 receiver device registered as radio10
[    6.733966][    T1] vivid-005: V4L2 transmitter device registered as radio11
[    6.734847][    T1] vivid-005: V4L2 metadata capture device registered as video25
[    6.735875][    T1] vivid-005: V4L2 metadata output device registered as video26
[    6.736994][    T1] vivid-005: V4L2 touch capture device registered as v4l-touch5
[    6.737981][    T1] vivid-006: using single planar format API
[    6.746882][    T1] vivid-006: CEC adapter cec12 registered for HDMI input 0
[    6.747743][    T1] vivid-006: V4L2 capture device registered as video27
[    6.748570][    T1] vivid-006: CEC adapter cec13 registered for HDMI output 0
[    6.749490][    T1] vivid-006: V4L2 output device registered as video28
[    6.750326][    T1] vivid-006: V4L2 capture device registered as vbi12, supports raw and sliced VBI
[    6.751321][    T1] vivid-006: V4L2 output device registered as vbi13, supports raw and sliced VBI
[    6.752305][    T1] vivid-006: V4L2 capture device registered as swradio6
[    6.753118][    T1] vivid-006: V4L2 receiver device registered as radio12
[    6.753950][    T1] vivid-006: V4L2 transmitter device registered as radio13
[    6.755062][    T1] vivid-006: V4L2 metadata capture device registered as video29
[    6.756228][    T1] vivid-006: V4L2 metadata output device registered as video30
[    6.757534][    T1] vivid-006: V4L2 touch capture device registered as v4l-touch6
[    6.758540][    T1] vivid-007: using multiplanar format API
[    6.767908][    T1] vivid-007: CEC adapter cec14 registered for HDMI input 0
[    6.768756][    T1] vivid-007: V4L2 capture device registered as video31
[    6.769774][    T1] vivid-007: CEC adapter cec15 registered for HDMI output 0
[    6.770646][    T1] vivid-007: V4L2 output device registered as video32
[    6.771462][    T1] vivid-007: V4L2 capture device registered as vbi14, supports raw and sliced VBI
[    6.772535][    T1] vivid-007: V4L2 output device registered as vbi15, supports raw and sliced VBI
[    6.773623][    T1] vivid-007: V4L2 capture device registered as swradio7
[    6.774410][    T1] vivid-007: V4L2 receiver device registered as radio14
[    6.775275][    T1] vivid-007: V4L2 transmitter device registered as radio15
[    6.776141][    T1] vivid-007: V4L2 metadata capture device registered as video33
[    6.777071][    T1] vivid-007: V4L2 metadata output device registered as video34
[    6.777979][    T1] vivid-007: V4L2 touch capture device registered as v4l-touch7
[    6.779305][    T1] vivid-008: using single planar format API
[    6.788255][    T1] vivid-008: CEC adapter cec16 registered for HDMI input 0
[    6.789267][    T1] vivid-008: V4L2 capture device registered as video35
[    6.790247][    T1] vivid-008: CEC adapter cec17 registered for HDMI output 0
[    6.791172][    T1] vivid-008: V4L2 output device registered as video36
[    6.792130][    T1] vivid-008: V4L2 capture device registered as vbi16, supports raw and sliced VBI
[    6.793222][    T1] vivid-008: V4L2 output device registered as vbi17, supports raw and sliced VBI
[    6.794338][    T1] vivid-008: V4L2 capture device registered as swradio8
[    6.795285][    T1] vivid-008: V4L2 receiver device registered as radio16
