c[?7l[2J[0mSeaBIOS (version rel-1.16.0-0-gd239552ce722-prebuilt.qemu.org)


iPXE (http://ipxe.org) 00:03.0 CA00 PCI2.10 PnP PMM+7FF91000+7FEF1000 CA00
Press Ctrl-B to configure iPXE (PCI 00:03.0)...                                                                               


Booting from ROM..c[?7l[2Jearly console in extract_kernel
input_data: 0x000000000b7be2c8
input_len: 0x0000000004044f98
output: 0x0000000001000000
output_len: 0x000000000d2f5b28
kernel_total_size: 0x000000000e826000
trampoline_32bit: 0x000000000009d000

Decompressing Linux... Parsing ELF... done.
Booting the kernel.
[    0.000000] Linux version 5.0.0-v5.0 (root@xpf.sh.intel.com) (gcc version 8.5.0 20210514 (Red Hat 8.5.0-20) (GCC)) #1 SMP PREEMPT Sat Dec 2 10:41:30 CST 2023
[    0.000000] Command line: console=ttyS0 root=/dev/sda1 earlyprintk=serial net.ifnames=0 thunderbolt.dyndbg plymouth.enable=0
[    0.000000] KERNEL supported cpus:
[    0.000000]   Intel GenuineIntel
[    0.000000]   AMD AuthenticAMD
[    0.000000] x86/fpu: Supporting XSAVE feature 0x001: 'x87 floating point registers'
[    0.000000] x86/fpu: Supporting XSAVE feature 0x002: 'SSE registers'
[    0.000000] x86/fpu: Supporting XSAVE feature 0x004: 'AVX registers'
[    0.000000] x86/fpu: Supporting XSAVE feature 0x008: 'MPX bounds registers'
[    0.000000] x86/fpu: Supporting XSAVE feature 0x010: 'MPX CSR'
[    0.000000] x86/fpu: Supporting XSAVE feature 0x020: 'AVX-512 opmask'
[    0.000000] x86/fpu: Supporting XSAVE feature 0x040: 'AVX-512 Hi256'
[    0.000000] x86/fpu: Supporting XSAVE feature 0x080: 'AVX-512 ZMM_Hi256'
[    0.000000] x86/fpu: xstate_offset[2]:  576, xstate_sizes[2]:  256
[    0.000000] x86/fpu: xstate_offset[3]:  832, xstate_sizes[3]:   64
[    0.000000] x86/fpu: xstate_offset[4]:  896, xstate_sizes[4]:   64
[    0.000000] x86/fpu: xstate_offset[5]:  960, xstate_sizes[5]:   64
[    0.000000] x86/fpu: xstate_offset[6]: 1024, xstate_sizes[6]:  512
[    0.000000] x86/fpu: xstate_offset[7]: 1536, xstate_sizes[7]: 1024
[    0.000000] x86/fpu: Enabled xstate features 0xff, context size is 2560 bytes, using 'compacted' format.
[    0.000000] BIOS-provided physical RAM map:
[    0.000000] BIOS-e820: [mem 0x0000000000000000-0x000000000009fbff] usable
[    0.000000] BIOS-e820: [mem 0x000000000009fc00-0x000000000009ffff] reserved
[    0.000000] BIOS-e820: [mem 0x00000000000f0000-0x00000000000fffff] reserved
[    0.000000] BIOS-e820: [mem 0x0000000000100000-0x000000007ffdffff] usable
[    0.000000] BIOS-e820: [mem 0x000000007ffe0000-0x000000007fffffff] reserved
[    0.000000] BIOS-e820: [mem 0x00000000feffc000-0x00000000feffffff] reserved
[    0.000000] BIOS-e820: [mem 0x00000000fffc0000-0x00000000ffffffff] reserved
[    0.000000] printk: bootconsole [earlyser0] enabled
[    0.000000] ERROR: earlyprintk= earlyser already used
[    0.000000] ERROR: earlyprintk= earlyser already used
[    0.000000] ERROR: earlyprintk= earlyser already used
[    0.000000] Malformed early option 'vsyscall'
[    0.000000] nopcid: PCID feature disabled
[    0.000000] NX (Execute Disable) protection: active
[    0.000000] SMBIOS 2.8 present.
[    0.000000] DMI: QEMU Standard PC (i440FX + PIIX, 1996), BIOS rel-1.16.0-0-gd239552ce722-prebuilt.qemu.org 04/01/2014
[    0.000000] Hypervisor detected: KVM
[    0.000000] kvm-clock: Using msrs 4b564d01 and 4b564d00
[    0.000002] kvm-clock: cpu 0, msr df19001, primary cpu clock
[    0.000002] kvm-clock: using sched offset of 799486183 cycles
[    0.000583] clocksource: kvm-clock: mask: 0xffffffffffffffff max_cycles: 0x1cd42e4dffb, max_idle_ns: 881590591483 ns
[    0.002321] tsc: Detected 2999.998 MHz processor
[    0.007250] last_pfn = 0x7ffe0 max_arch_pfn = 0x400000000
[    0.007898] x86/PAT: Configuration [0-7]: WB  WC  UC- UC  WB  WP  UC- WT  
[    0.016382] found SMP MP-table at [mem 0x000f5ba0-0x000f5baf] mapped at [(____ptrval____)]
[    0.017276] Using GB pages for direct mapping
[    0.018286] ACPI: Early table checksum verification disabled
[    0.018984] ACPI: RSDP 0x00000000000F59C0 000014 (v00 BOCHS )
[    0.019578] ACPI: RSDT 0x000000007FFE1951 000034 (v01 BOCHS  BXPC     00000001 BXPC 00000001)
[    0.020455] ACPI: FACP 0x000000007FFE17FD 000074 (v01 BOCHS  BXPC     00000001 BXPC 00000001)
[    0.021329] ACPI: DSDT 0x000000007FFE0040 0017BD (v01 BOCHS  BXPC     00000001 BXPC 00000001)
[    0.022206] ACPI: FACS 0x000000007FFE0000 000040
[    0.022684] ACPI: APIC 0x000000007FFE1871 000080 (v01 BOCHS  BXPC     00000001 BXPC 00000001)
[    0.023557] ACPI: HPET 0x000000007FFE18F1 000038 (v01 BOCHS  BXPC     00000001 BXPC 00000001)
[    0.024439] ACPI: WAET 0x000000007FFE1929 000028 (v01 BOCHS  BXPC     00000001 BXPC 00000001)
[    0.026407] No NUMA configuration found
[    0.026763] Faking a node at [mem 0x0000000000000000-0x000000007ffdffff]
[    0.027369] Faking node 0 at [mem 0x0000000000000000-0x000000003fffffff] (1024MB)
[    0.028045] Faking node 1 at [mem 0x0000000040000000-0x000000007ffdffff] (1023MB)
[    0.029058] NODE_DATA(0) allocated [mem 0x3fffb000-0x3fffffff]
[    0.029723] NODE_DATA(1) allocated [mem 0x7ffda000-0x7ffdefff]
[    0.034451] Zone ranges:
[    0.034695]   DMA      [mem 0x0000000000001000-0x0000000000ffffff]
[    0.035194]   DMA32    [mem 0x0000000001000000-0x000000007ffdffff]
[    0.035692]   Normal   empty
[    0.035922]   Device   empty
[    0.036155] Movable zone start for each node
[    0.036501] Early memory node ranges
[    0.036787]   node   0: [mem 0x0000000000001000-0x000000000009efff]
[    0.037285]   node   0: [mem 0x0000000000100000-0x000000003fffffff]
[    0.037786]   node   1: [mem 0x0000000040000000-0x000000007ffdffff]
[    0.038292] Zeroed struct page in unavailable ranges: 98 pages
[    0.038297] Initmem setup node 0 [mem 0x0000000000001000-0x000000003fffffff]
[    0.050426] Initmem setup node 1 [mem 0x0000000040000000-0x000000007ffdffff]
[    0.095383] kasan: KernelAddressSanitizer initialized
[    0.096043] ACPI: PM-Timer IO Port: 0x608
[    0.096399] ACPI: LAPIC_NMI (acpi_id[0xff] dfl dfl lint[0x1])
[    0.096911] IOAPIC[0]: apic_id 0, version 17, address 0xfec00000, GSI 0-23
[    0.097470] ACPI: INT_SRC_OVR (bus 0 bus_irq 0 global_irq 2 dfl dfl)
[    0.097983] ACPI: INT_SRC_OVR (bus 0 bus_irq 5 global_irq 5 high level)
[    0.098523] ACPI: INT_SRC_OVR (bus 0 bus_irq 9 global_irq 9 high level)
[    0.099054] ACPI: INT_SRC_OVR (bus 0 bus_irq 10 global_irq 10 high level)
[    0.099603] ACPI: INT_SRC_OVR (bus 0 bus_irq 11 global_irq 11 high level)
[    0.100166] Using ACPI (MADT) for SMP configuration information
[    0.100649] ACPI: HPET id: 0x8086a201 base: 0xfed00000
[    0.101071] smpboot: Allowing 2 CPUs, 0 hotplug CPUs
[    0.101603] PM: Registered nosave memory: [mem 0x00000000-0x00000fff]
[    0.102129] PM: Registered nosave memory: [mem 0x0009f000-0x0009ffff]
[    0.102646] PM: Registered nosave memory: [mem 0x000a0000-0x000effff]
[    0.103158] PM: Registered nosave memory: [mem 0x000f0000-0x000fffff]
[    0.103684] [mem 0x80000000-0xfeffbfff] available for PCI devices
[    0.104171] Booting paravirtualized kernel on KVM
[    0.104558] clocksource: refined-jiffies: mask: 0xffffffff max_cycles: 0xffffffff, max_idle_ns: 19112604462750000 ns
[    1.146561] random: get_random_bytes called from start_kernel+0xe0/0x7e5 with crng_init=0
[    1.147311] setup_percpu: NR_CPUS:8 nr_cpumask_bits:8 nr_cpu_ids:2 nr_node_ids:2
[    1.148494] percpu: Embedded 55 pages/cpu @(____ptrval____) s185096 r8192 d31992 u2097152
[    1.149292] KVM setup async PF for cpu 0
[    1.149626] kvm-stealtime: cpu 0, msr 2d01e400
[    1.150006] PV qspinlock hash table entries: 256 (order: 0, 4096 bytes)
[    1.150627] Built 2 zonelists, mobility grouping on.  Total pages: 515945
[    1.151255] Policy zone: DMA32
[    1.151551] Kernel command line: earlyprintk=serial net.ifnames=0 sysctl.kernel.hung_task_all_cpu_backtrace=1 ima_policy=tcb nf-conntrack-ftp.ports=20000 nf-conntrack-tftp.ports=20000 nf-conntrack-sip.ports=20000 nf-conntrack-irc.ports=20000 nf-conntrack-sane.ports=20000 binder.debug_mask=0 rcupdate.rcu_expedited=1 rcupdate.rcu_cpu_stall_cputime=1 no_hash_pointers page_owner=on sysctl.vm.nr_hugepages=4 sysctl.vm.nr_overcommit_hugepages=4 secretmem.enable=1 sysctl.max_rcu_stall_to_panic=1 msr.allow_writes=off coredump_filter=0xffff root=/dev/sda console=ttyS0 vsyscall=native numa=fake=2 kvm-intel.nested=1 spec_store_bypass_disable=prctl nopcid vivid.n_devs=16 vivid.multiplanar=1,2,1,2,1,2,1,2,1,2,1,2,1,2,1,2 netrom.nr_ndevs=16 rose.rose_ndevs=16 smp.csd_lock_timeout=100000 watchdog_thresh=55 workqueue.watchdog_thresh=140 sysctl.net.core.netdev_unregister_timeout_secs=140 dummy_hcd.num=8 panic_on_warn=1 console=ttyS0 root=/dev/sda1 earlyprintk=serial net.ifnames=0 thunderbolt.dyndbg plymo
[    1.251612] Memory: 1533340K/2096632K available (124951K kernel code, 38043K rwdata, 24904K rodata, 2860K init, 25644K bss, 563292K reserved, 0K cma-reserved)
[    1.260395] SLUB: HWalign=64, Order=0-3, MinObjects=0, CPUs=2, Nodes=2
[    1.262287] Running RCU self tests
[    1.262602] rcu: Preemptible hierarchical RCU implementation.
[    1.263125] rcu: 	RCU lockdep checking is enabled.
[    1.263552] rcu: 	RCU restricting CPUs from NR_CPUS=8 to nr_cpu_ids=2.
[    1.264314] rcu: 	RCU callback double-/use-after-free debug enabled.
[    1.264999] rcu: 	RCU debug extended QS entry/exit.
[    1.265463] 	All grace periods are expedited (rcu_expedited).
[    1.265977] 	Tasks RCU enabled.
[    1.266263] rcu: RCU calculated value of scheduler-enlistment delay is 10 jiffies.
[    1.266945] rcu: Adjusting geometry for rcu_fanout_leaf=16, nr_cpu_ids=2
[    1.270875] NR_IRQS: 4352, nr_irqs: 440, preallocated irqs: 16
[    1.276528] Console: colour VGA+ 80x25
[    1.276886] printk: console [ttyS0] enabled
[    1.276886] printk: console [ttyS0] enabled
[    1.277575] printk: bootconsole [earlyser0] disabled
[    1.277575] printk: bootconsole [earlyser0] disabled
[    1.278386] Lock dependency validator: Copyright (c) 2006 Red Hat, Inc., Ingo Molnar
[    1.279028] ... MAX_LOCKDEP_SUBCLASSES:  8
[    1.279370] ... MAX_LOCK_DEPTH:          48
[    1.279857] ... MAX_LOCKDEP_KEYS:        8191
[    1.280401] ... CLASSHASH_SIZE:          4096
[    1.280873] ... MAX_LOCKDEP_ENTRIES:     32768
[    1.281283] ... MAX_LOCKDEP_CHAINS:      65536
[    1.281705] ... CHAINHASH_SIZE:          32768
[    1.282108]  memory used by lock dependency info: 7263 kB
[    1.282598]  per task-struct memory footprint: 1920 bytes
[    1.283178] mempolicy: Enabling automatic NUMA balancing. Configure with numa_balancing= or the kernel.numa_balancing sysctl
[    1.284234] ACPI: Core revision 20181213
[    1.285071] clocksource: hpet: mask: 0xffffffff max_cycles: 0xffffffff, max_idle_ns: 19112604467 ns
[    1.286079] APIC: Switch to symmetric I/O mode setup
[    1.286786] x2apic enabled
[    1.287235] Switched APIC routing to physical x2apic.
[    1.287657] KVM setup pv IPIs
[    1.288857] ..TIMER: vector=0x30 apic1=0 pin1=2 apic2=-1 pin2=-1
[    1.289368] clocksource: tsc-early: mask: 0xffffffffffffffff max_cycles: 0x2b3e43c8763, max_idle_ns: 440795360101 ns
[    1.290260] Calibrating delay loop (skipped) preset value.. 5999.99 BogoMIPS (lpj=29999980)
[    1.290942] pid_max: default: 32768 minimum: 301
[    1.291470] LSM: Security Framework initializing
[    1.291858] Yama: becoming mindful.
[    1.292316] AppArmor: AppArmor initialized
[    1.293211] Dentry cache hash table entries: 262144 (order: 9, 2097152 bytes)
[    1.294206] Inode-cache hash table entries: 131072 (order: 8, 1048576 bytes)
[    1.294851] Mount-cache hash table entries: 4096 (order: 3, 32768 bytes)
[    1.295417] Mountpoint-cache hash table entries: 4096 (order: 3, 32768 bytes)
[    1.301461] x86/cpu: User Mode Instruction Prevention (UMIP) activated
[    1.302027] mce: CPU supports 10 MCE banks
[    1.302466] Last level iTLB entries: 4KB 0, 2MB 0, 4MB 0
[    1.302913] Last level dTLB entries: 4KB 0, 2MB 0, 4MB 0, 1GB 0
[    1.303432] Spectre V2 : Mitigation: Enhanced IBRS
[    1.303815] Spectre V2 : Spectre v2 / SpectreRSB mitigation: Filling RSB on context switch
[    1.304472] Spectre V2 : mitigation: Enabling conditional Indirect Branch Prediction Barrier
[    1.305145] Speculative Store Bypass: Mitigation: Speculative Store Bypass disabled via prctl
[    1.306681] Freeing SMP alternatives memory: 96K
[    1.307716] smpboot: CPU0: Intel(R) Core(TM) i9-10980XE CPU @ 3.00GHz (family: 0x6, model: 0x55, stepping: 0x7)
[    1.370293] Performance Events: Skylake events, full-width counters, Intel PMU driver.
[    1.370992] ... version:                2
[    1.371307] ... bit width:              48
[    1.371629] ... generic registers:      4
[    1.371943] ... value mask:             0000ffffffffffff
[    1.372353] ... max period:             00007fffffffffff
[    1.372772] ... fixed-purpose events:   3
[    1.373083] ... event mask:             000000070000000f
[    1.390264] rcu: Hierarchical SRCU implementation.
[    1.440295] smp: Bringing up secondary CPUs ...
[    1.520366] x86: Booting SMP configuration:
[    1.520732] .... node  #1, CPUs:      #1
[    0.018527] kvm-clock: cpu 1, msr df19041, secondary cpu clock
[    1.521899] KVM setup async PF for cpu 1
[    1.521899] kvm-stealtime: cpu 1, msr 7ea1e400
[    1.521899] smp: Brought up 2 nodes, 2 CPUs
[    1.521899] smpboot: Max logical packages: 1
[    1.521899] smpboot: Total of 2 processors activated (11999.99 BogoMIPS)
[    1.524889] allocated 10485760 bytes of page_ext
[    1.525520] Node 0, zone      DMA: page owner found early allocated 0 pages
[    1.531249] Node 0, zone    DMA32: page owner found early allocated 2251 pages
[    1.532024] Node 1, zone    DMA32: page owner found early allocated 2268 pages
[    1.532678] devtmpfs: initialized
[    1.532678] x86/mm: Memory block size: 128MB
[    1.553389] clocksource: jiffies: mask: 0xffffffff max_cycles: 0xffffffff, max_idle_ns: 19112604462750000 ns
[    1.554223] futex hash table entries: 512 (order: 4, 65536 bytes)
[    1.555042] xor: automatically using best checksumming function   avx       
[    1.556914] RTC time: 02:19:00, date: 2023-12-03
[    1.558467] NET: Registered protocol family 16
[    1.560406] kworker/u6:0 (24) used greatest stack depth: 26752 bytes left
[    1.562542] audit: initializing netlink subsys (disabled)
[    1.563722] audit: type=2000 audit(1701569941.323:1): state=initialized audit_enabled=0 res=1
[    1.565010] cpuidle: using governor menu
[    1.567869] KVM setup pv remote TLB flush
[    1.568206] ACPI: bus type PCI registered
[    1.570286] dca service started, version 1.12.1
[    1.570286] PCI: Using configuration type 1 for base access
[    1.572247] kworker/u6:0 (54) used greatest stack depth: 26520 bytes left
[    1.774132] HugeTLB registered 1.00 GiB page size, pre-allocated 0 pages
[    1.774687] HugeTLB registered 2.00 MiB page size, pre-allocated 0 pages
[    1.780303] cryptd: max_cpu_qlen set to 1000
[    1.791649] raid6: using algorithm avx512x4 gen() 0 MB/s
[    1.792130] raid6: .... xor() 0 MB/s, rmw enabled
[    1.792536] raid6: using avx512x2 recovery algorithm
[    1.793352] ACPI: Added _OSI(Module Device)
[    1.793719] ACPI: Added _OSI(Processor Device)
[    1.794102] ACPI: Added _OSI(3.0 _SCP Extensions)
[    1.794507] ACPI: Added _OSI(Processor Aggregator Device)
[    1.794973] ACPI: Added _OSI(Linux-Dell-Video)
[    1.795360] ACPI: Added _OSI(Linux-Lenovo-NV-HDMI-Audio)
[    1.795810] ACPI: Added _OSI(Linux-HPI-Hybrid-Graphics)
[    1.814025] ACPI: 1 ACPI AML tables successfully acquired and loaded
[    1.843879] ACPI: Interpreter enabled
[    1.844386] ACPI: (supports S0 S3 S4 S5)
[    1.844724] ACPI: Using IOAPIC for interrupt routing
[    1.845332] PCI: Using host bridge windows from ACPI; if necessary, use "pci=nocrs" and report a bug
[    1.847400] ACPI: Enabled 2 GPEs in block 00 to 0F
[    1.894951] ACPI: PCI Root Bridge [PCI0] (domain 0000 [bus 00-ff])
[    1.895485] acpi PNP0A03:00: _OSC: OS supports [ASPM ClockPM Segments MSI]
[    1.896244] acpi PNP0A03:00: fail to add MMCONFIG information, can't access extended PCI configuration space under this bridge.
[    1.897948] PCI host bridge to bus 0000:00
[    1.898304] pci_bus 0000:00: root bus resource [io  0x0000-0x0cf7 window]
[    1.898838] pci_bus 0000:00: root bus resource [io  0x0d00-0xffff window]
[    1.899379] pci_bus 0000:00: root bus resource [mem 0x000a0000-0x000bffff window]
[    1.899968] pci_bus 0000:00: root bus resource [mem 0x80000000-0xfebfffff window]
[    1.900259] pci_bus 0000:00: root bus resource [mem 0x100000000-0x17fffffff window]
[    1.900861] pci_bus 0000:00: root bus resource [bus 00-ff]
[    1.910275] pci 0000:00:01.1: legacy IDE quirk: reg 0x10: [io  0x01f0-0x01f7]
[    1.910275] pci 0000:00:01.1: legacy IDE quirk: reg 0x14: [io  0x03f6]
[    1.910275] pci 0000:00:01.1: legacy IDE quirk: reg 0x18: [io  0x0170-0x0177]
[    1.910528] pci 0000:00:01.1: legacy IDE quirk: reg 0x1c: [io  0x0376]
[    1.913017] pci 0000:00:01.3: quirk: [io  0x0600-0x063f] claimed by PIIX4 ACPI
[    1.913643] pci 0000:00:01.3: quirk: [io  0x0700-0x070f] claimed by PIIX4 SMB
[    1.935456] ACPI: PCI Interrupt Link [LNKA] (IRQs 5 *10 11)
[    1.936972] ACPI: PCI Interrupt Link [LNKB] (IRQs 5 *10 11)
[    1.940303] ACPI: PCI Interrupt Link [LNKC] (IRQs 5 10 *11)
[    1.940303] ACPI: PCI Interrupt Link [LNKD] (IRQs 5 10 *11)
[    1.941436] ACPI: PCI Interrupt Link [LNKS] (IRQs *9)
[    1.944812] pci 0000:00:02.0: vgaarb: setting as boot VGA device
[    1.945312] pci 0000:00:02.0: vgaarb: VGA device added: decodes=io+mem,owns=io+mem,locks=none
[    1.945312] pci 0000:00:02.0: vgaarb: bridge control possible
[    1.945312] vgaarb: loaded
[    1.951230] SCSI subsystem initialized
[    1.952036] ACPI: bus type USB registered
[    1.952522] usbcore: registered new interface driver usbfs
[    1.953053] usbcore: registered new interface driver hub
[    1.953527] usbcore: registered new device driver usb
[    1.954340] media: Linux media interface: v0.10
[    1.954763] videodev: Linux video capture interface: v2.00
[    1.955730] pps_core: LinuxPPS API ver. 1 registered
[    1.956244] pps_core: Software ver. 5.3.6 - Copyright 2005-2007 Rodolfo Giometti <giometti@linux.it>
[    1.957097] PTP clock support registered
[    1.959151] EDAC MC: Ver: 3.0.0
[    1.962666] Advanced Linux Sound Architecture Driver Initialized.
[    1.963420] PCI: Using ACPI for IRQ routing
[    1.965332] Bluetooth: Core ver 2.22
[    1.965775] NET: Registered protocol family 31
[    1.966143] Bluetooth: HCI device and connection manager initialized
[    1.966657] Bluetooth: HCI socket layer initialized
[    1.967041] Bluetooth: L2CAP socket layer initialized
[    1.967461] Bluetooth: SCO socket layer initialized
[    1.967869] NET: Registered protocol family 8
[    1.968208] NET: Registered protocol family 20
[    1.972728] NetLabel: Initializing
[    1.973012] NetLabel:  domain hash size = 128
[    1.973353] NetLabel:  protocols = UNLABELED CIPSOv4 CALIPSO
[    1.973955] NetLabel:  unlabeled traffic allowed by default
[    1.974651] nfc: nfc_init: NFC Core ver 0.1
[    1.974651] NET: Registered protocol family 39
[    1.974651] hpet0: at MMIO 0xfed00000, IRQs 2, 8, 0
[    1.974651] hpet0: 3 comparators, 64-bit 100.000000 MHz counter
[    1.981940] clocksource: Switched to clocksource kvm-clock
[    2.903989] VFS: Disk quotas dquot_6.6.0
[    2.904403] VFS: Dquot-cache hash table entries: 512 (order 0, 4096 bytes)
[    2.905288] FS-Cache: Loaded
[    2.906335] CacheFiles: Loaded
[    2.907401] AppArmor: AppArmor Filesystem Enabled
[    2.907982] pnp: PnP ACPI init
[    2.912327] pnp: PnP ACPI: found 6 devices
[    2.939028] clocksource: acpi_pm: mask: 0xffffff max_cycles: 0xffffff, max_idle_ns: 2085701024 ns
[    2.941109] NET: Registered protocol family 2
[    2.942594] tcp_listen_portaddr_hash hash table entries: 1024 (order: 4, 73728 bytes)
[    2.943462] TCP established hash table entries: 16384 (order: 5, 131072 bytes)
[    2.944768] TCP bind hash table entries: 16384 (order: 8, 1048576 bytes)
[    2.945796] TCP: Hash tables configured (established 16384 bind 16384)
[    2.946692] UDP hash table entries: 1024 (order: 5, 163840 bytes)
[    2.947403] UDP-Lite hash table entries: 1024 (order: 5, 163840 bytes)
[    2.948360] NET: Registered protocol family 1
[    2.959789] RPC: Registered named UNIX socket transport module.
[    2.960365] RPC: Registered udp transport module.
[    2.960759] RPC: Registered tcp transport module.
[    2.961184] RPC: Registered tcp NFSv4.1 backchannel transport module.
[    2.962775] NET: Registered protocol family 44
[    2.963207] pci 0000:00:01.0: PIIX3: Enabling Passive Release
[    2.963724] pci 0000:00:00.0: Limiting direct PCI/PCI transfers
[    2.964262] pci 0000:00:01.0: Activating ISA DMA hang workarounds
[    2.964860] pci 0000:00:02.0: Video device with shadowed ROM at [mem 0x000c0000-0x000dffff]
[    2.968708] RAPL PMU: API unit is 2^-32 Joules, 3 fixed counters, 10737418240 ms ovfl timer
[    2.969426] RAPL PMU: hw unit of domain pp0-core 2^-0 Joules
[    2.969906] RAPL PMU: hw unit of domain package 2^-0 Joules
[    2.970444] RAPL PMU: hw unit of domain dram 2^-16 Joules
[    2.970914] kvm: no hardware support
[    2.971233] has_svm: not amd or hygon
[    2.971532] kvm: no hardware support
[    2.971818] clocksource: tsc: mask: 0xffffffffffffffff max_cycles: 0x2b3e43c8763, max_idle_ns: 440795360101 ns
[    3.007672] Initialise system trusted keyrings
[    3.009274] workingset: timestamp_bits=40 max_order=19 bucket_order=0
[    3.055790] DLM installed
[    3.062248] squashfs: version 4.0 (2009/01/31) Phillip Lougher
[    3.070167] FS-Cache: Netfs 'nfs' registered for caching
[    3.072391] NFS: Registering the id_resolver key type
[    3.072879] Key type id_resolver registered
[    3.073257] Key type id_legacy registered
[    3.073621] nfs4filelayout_init: NFSv4 File Layout Driver Registering...
[    3.074246] Installing knfsd (copyright (C) 1996 okir@monad.swb.de).
[    3.088534] FS-Cache: Netfs 'cifs' registered for caching
[    3.090317] Key type cifs.spnego registered
[    3.090925] ntfs: driver 2.1.32 [Flags: R/W].
[    3.092603] efs: 1.0a - http://aeschi.ch.eu.org/efs/
[    3.093373] jffs2: version 2.2. (NAND) (SUMMARY)  Â© 2001-2006 Red Hat, Inc.
[    3.096585] romfs: ROMFS MTD (C) 2007 Red Hat, Inc.
[    3.098012] QNX4 filesystem 0.2.3 registered.
[    3.098747] qnx6: QNX6 filesystem 1.0.0 registered.
[    3.101681] fuse init (API version 7.28)
[    3.103588] orangefs_debugfs_init: called with debug mask: :none: :0:
[    3.104331] orangefs_init: module version upstream loaded
[    3.105449] JFS: nTxBlock = 8192, nTxLock = 65536
[    3.113886] SGI XFS with ACLs, security attributes, realtime, no debug enabled
[    3.120170] 9p: Installing v9fs 9p2000 file system support
[    3.120927] FS-Cache: Netfs '9p' registered for caching
[    3.122320] NILFS version 2 loaded
[    3.122625] befs: version: 0.9.3
[    3.124162] ocfs2: Registered cluster interface o2cb
[    3.124845] ocfs2: Registered cluster interface user
[    3.128209] OCFS2 User DLM kernel interface loaded
[    3.134664] gfs2: GFS2 installed
[    3.142148] FS-Cache: Netfs 'ceph' registered for caching
[    3.142578] ceph: loaded (mds proto 32)
[    3.192852] NET: Registered protocol family 38
[    3.194146] async_tx: api initialized (async)
[    3.194510] Key type asymmetric registered
[    3.194850] Asymmetric key parser 'x509' registered
[    3.195247] Asymmetric key parser 'pkcs8' registered
[    3.195641] Key type pkcs7_test registered
[    3.196052] Block layer SCSI generic (bsg) driver version 0.4 loaded (major 241)
[    3.196925] io scheduler mq-deadline registered
[    3.197319] io scheduler kyber registered
[    3.198022] io scheduler bfq registered
[    3.201812] vga16fb: mapped to 0x0000000066bfb69d
[    3.676449] Console: switching to colour frame buffer device 80x30
[    3.934974] fb0: VGA16 VGA frame buffer device
[    3.936105] input: Power Button as /devices/LNXSYSTM:00/LNXPWRBN:00/input/input0
[    3.940400] ACPI: Power Button [PWRF]
[    3.943734] ioatdma: Intel(R) QuickData Technology Driver 4.00
[    3.955810] kworker/u5:1 (2645) used greatest stack depth: 26024 bytes left
[    4.067332] HDLC line discipline maxframe=4096
[    4.067711] N_HDLC line discipline registered.
[    4.068088] Serial: 8250/16550 driver, 4 ports, IRQ sharing enabled
[    4.094087] 00:04: ttyS0 at I/O 0x3f8 (irq = 4, base_baud = 115200) is a 16550A
[    4.099020] Initializing Nozomi driver 2.1d
[    4.101011] Non-volatile memory driver v1.3
[    4.101730] Linux agpgart interface v0.103
[    4.104988] [drm] Initialized vgem 1.0.0 20120112 for vgem on minor 0
[    4.105783] [drm] Supports vblank timestamp caching Rev 2 (21.10.2013).
[    4.106301] [drm] Driver supports precise vblank timestamp query.
[    4.107953] [drm] Initialized vkms 1.0.0 20180514 for vkms on minor 1
[    4.108626] usbcore: registered new interface driver udl
[    4.109096] fb0: switching to bochsdrmfb from VGA16 VGA
[    4.260505] Console: switching to colour VGA+ 80x25
[    4.264492] [drm] Found bochs VGA, ID 0xb0c5.
[    4.264829] [drm] Framebuffer size 16384 kB @ 0xfd000000, mmio @ 0xfebf0000.
[    4.265811] [TTM] Zone  kernel: Available graphics memory: 766718 kiB
[    4.266329] [TTM] Initializing pool allocator
[    4.266703] [TTM] Initializing DMA pool allocator
[    4.268143] [drm] Found EDID data blob.
[    4.271435] fbcon: bochsdrmfb (fb0) is primary device
[    4.306748] Console: switching to colour frame buffer device 160x50
[    4.320045] bochs-drm 0000:00:02.0: fb0: bochsdrmfb frame buffer device
[    4.321657] [drm] Initialized bochs-drm 1.0.0 20130925 for 0000:00:02.0 on minor 2
[    4.343223] brd: module loaded
[    4.373910] loop: module loaded
[    4.406982] zram: Added device: zram0
[    4.410862] null: module loaded
[    4.411294] Guest personality initialized and is inactive
[    4.411936] VMCI host device registered (name=vmci, major=10, minor=55)
[    4.412469] Initialized host personality
[    4.412920] usbcore: registered new interface driver rtsx_usb
[    4.413708] usbcore: registered new interface driver viperboard
[    4.414547] usbcore: registered new interface driver dln2
[    4.415437] usbcore: registered new interface driver pn533_usb
[    4.417570] nfcsim 0.2 initialized
[    4.418112] usbcore: registered new interface driver port100
[    4.418961] usbcore: registered new interface driver nfcmrvl
[    4.421397] Loading iSCSI transport class v2.0-870.
[    4.424567] st: Version 20160209, fixed bufsize 32768, s/g segs 256
[    4.444469] scsi host0: ata_piix
[    4.446668] scsi host1: ata_piix
[    4.447497] ata1: PATA max MWDMA2 cmd 0x1f0 ctl 0x3f6 bmdma 0xc040 irq 14
[    4.448089] ata2: PATA max MWDMA2 cmd 0x170 ctl 0x376 bmdma 0xc048 irq 15
[    4.452923] Rounding down aligned max_sectors from 4294967295 to 4294967288
[    4.453647] db_root: cannot open: /etc/target
[    4.454348] slram: not enough parameters.
[    4.456123] ftl_cs: FTL header not found.
[    4.458563] Ethernet Channel Bonding Driver: v3.7.1 (April 27, 2011)
[    4.465997] eql: Equalizer2002: Simon Janes (simon@ncm.com) and David S. Miller (davem@redhat.com)
[    4.468903] MACsec IEEE 802.1AE
[    4.469858] libphy: Fixed MDIO Bus: probed
[    4.475836] tun: Universal TUN/TAP device driver, 1.6
[    4.478684] vcan: Virtual CAN interface driver
[    4.479232] vxcan: Virtual CAN Tunnel driver
[    4.479749] slcan: serial line CAN interface driver
[    4.480917] slcan: 10 dynamic interface channels.
[    4.481487] CAN device driver interface
[    4.482226] usbcore: registered new interface driver usb_8dev
[    4.483132] usbcore: registered new interface driver ems_usb
[    4.484007] usbcore: registered new interface driver gs_usb
[    4.484953] usbcore: registered new interface driver kvaser_usb
[    4.485736] usbcore: registered new interface driver mcba_usb
[    4.486616] usbcore: registered new interface driver peak_usb
[    4.487345] e100: Intel(R) PRO/100 Network Driver, 3.5.24-k2-NAPI
[    4.487991] e100: Copyright(c) 1999-2006 Intel Corporation
[    4.488930] e1000: Intel(R) PRO/1000 Network Driver - version 7.3.21-k8-NAPI
[    4.489681] e1000: Copyright (c) 1999-2006 Intel Corporation.
[    4.611489] ata1.00: ATA-7: QEMU HARDDISK, 2.5+, max UDMA/100
[    4.612090] ata1.00: 2097458 sectors, multi 16: LBA48 
[    4.612851] ata2.00: ATAPI: QEMU DVD-ROM, 2.5+, max UDMA/100
[    4.615231] scsi 0:0:0:0: Direct-Access     ATA      QEMU HARDDISK    2.5+ PQ: 0 ANSI: 5
[    4.617880] sd 0:0:0:0: [sda] 2097458 512-byte logical blocks: (1.07 GB/1.00 GiB)
[    4.618559] sd 0:0:0:0: [sda] Write Protect is off
[    4.619030] sd 0:0:0:0: [sda] Write cache: enabled, read cache: enabled, doesn't support DPO or FUA
[    4.620651] sd 0:0:0:0: Attached scsi generic sg0 type 0
[    4.623210] scsi 1:0:0:0: CD-ROM            QEMU     QEMU DVD-ROM     2.5+ PQ: 0 ANSI: 5
[    4.625439]  sda: sda1
[    4.628286] sd 0:0:0:0: [sda] Attached SCSI disk
[    4.700933] sr 1:0:0:0: [sr0] scsi3-mmc drive: 4x/4x cd/rw xa/form2 tray
[    4.701493] cdrom: Uniform CD-ROM driver Revision: 3.20
[    4.704462] sr 1:0:0:0: Attached scsi generic sg1 type 5
[    5.495333] PCI Interrupt Link [LNKC] enabled at IRQ 11
[    5.862012] e1000 0000:00:03.0 eth0: (PCI:33MHz:32-bit) 52:54:00:12:34:56
[    5.862598] e1000 0000:00:03.0 eth0: Intel(R) PRO/1000 Network Connection
[    5.863378] e1000e: Intel(R) PRO/1000 Network Driver - 3.2.6-k
[    5.863829] e1000e: Copyright(c) 1999 - 2015 Intel Corporation.
[    5.864760] mkiss: AX.25 Multikiss, Hans Albas PE1AYX
[    5.865159] AX.25: 6pack driver, Revision: 0.3.0
[    5.865534] AX.25: bpqether driver version 004
[    5.865876] PPP generic driver version 2.4.2
[    5.866869] PPP BSD Compression module registered
[    5.867249] PPP Deflate Compression module registered
[    5.867671] PPP MPPE Compression module registered
[    5.868039] NET: Registered protocol family 24
[    5.868424] PPTP driver version 0.8.5
[    5.869056] SLIP: version 0.8.4-NET3.019-NEWTTY (dynamic channels, max=256) (6 bit encapsulation enabled).
[    5.869781] CSLIP: code copyright 1989 Regents of the University of California.
[    5.870679] SLIP linefill/keepalive option.
[    5.871013] hdlc: HDLC support module revision 1.22
[    5.871404] LAPB Ethernet driver version 0.02
[    5.872152] usbcore: registered new interface driver ath9k_htc
[    5.872727] usbcore: registered new interface driver carl9170
[    5.873280] usbcore: registered new interface driver ath6kl_usb
[    5.873932] usbcore: registered new interface driver ar5523
[    5.874960] usbcore: registered new interface driver ath10k_usb
[    5.875671] mac80211_hwsim: initializing netlink
[    5.884650] usbcore: registered new interface driver atusb
[    5.889549] mac802154_hwsim mac802154_hwsim: Added 2 mac802154 hwsim hardware radios
[    5.890416] VMware vmxnet3 virtual NIC driver - version 1.4.16.0-k-NAPI
[    5.891473] usbcore: registered new interface driver catc
[    5.892133] usbcore: registered new interface driver kaweth
[    5.892612] pegasus: v0.9.3 (2013/04/25), Pegasus/Pegasus II USB Ethernet driver
[    5.893539] usbcore: registered new interface driver pegasus
[    5.894252] usbcore: registered new interface driver rtl8150
[    5.895473] usbcore: registered new interface driver r8152
[    5.895937] hso: drivers/net/usb/hso.c: Option Wireless
[    5.896701] usbcore: registered new interface driver hso
[    5.897326] usbcore: registered new interface driver lan78xx
[    5.897889] usbcore: registered new interface driver asix
[    5.898407] usbcore: registered new interface driver ax88179_178a
[    5.899031] usbcore: registered new interface driver cdc_ether
[    5.899616] usbcore: registered new interface driver cdc_eem
[    5.900151] usbcore: registered new interface driver dm9601
[    5.900998] usbcore: registered new interface driver sr9700
[    5.901549] usbcore: registered new interface driver CoreChips
[    5.902122] usbcore: registered new interface driver smsc75xx
[    5.902673] usbcore: registered new interface driver smsc95xx
[    5.903308] usbcore: registered new interface driver gl620a
[    5.904006] usbcore: registered new interface driver net1080
[    5.904715] usbcore: registered new interface driver plusb
[    5.905742] usbcore: registered new interface driver rndis_host
[    5.906626] usbcore: registered new interface driver cdc_subset
[    5.907197] usbcore: registered new interface driver zaurus
[    5.907734] usbcore: registered new interface driver MOSCHIP usb-ethernet driver
[    5.908393] usbcore: registered new interface driver int51x1
[    5.908921] usbcore: registered new interface driver cdc_phonet
[    5.909485] usbcore: registered new interface driver kalmia
[    5.910009] usbcore: registered new interface driver ipheth
[    5.911778] usbcore: registered new interface driver sierra_net
[    5.912342] usbcore: registered new interface driver cx82310_eth
[    5.912910] usbcore: registered new interface driver cdc_ncm
[    5.913435] usbcore: registered new interface driver huawei_cdc_ncm
[    5.914250] usbcore: registered new interface driver lg-vl600
[    5.915008] usbcore: registered new interface driver qmi_wwan
[    5.915559] usbcore: registered new interface driver cdc_mbim
[    5.916473] usbcore: registered new interface driver ch9200
[    5.938826] VFIO - User Level meta-driver version: 0.3
[    5.941584] aoe: AoE v85 initialised.
[    5.943703] ehci_hcd: USB 2.0 'Enhanced' Host Controller (EHCI) Driver
[    5.944225] ehci-pci: EHCI PCI platform driver
[    5.944688] ehci-platform: EHCI generic platform driver
[    5.945374] ohci_hcd: USB 1.1 'Open' Host Controller (OHCI) Driver
[    5.945854] ohci-pci: OHCI PCI platform driver
[    5.946437] ohci-platform: OHCI generic platform driver
[    5.946949] uhci_hcd: USB Universal Host Controller Interface driver
[    5.948714] usbcore: registered new interface driver cdc_acm
[    5.949151] cdc_acm: USB Abstract Control Model driver for USB modems and ISDN adapters
[    5.949867] usbcore: registered new interface driver usblp
[    5.951367] usbcore: registered new interface driver cdc_wdm
[    5.952224] usbcore: registered new interface driver usbtmc
[    5.956878] usbcore: registered new interface driver uas
[    5.957796] usbcore: registered new interface driver usb-storage
[    5.958422] usbcore: registered new interface driver ums-alauda
[    5.959012] usbcore: registered new interface driver ums-cypress
[    5.959613] usbcore: registered new interface driver ums-datafab
[    5.960212] usbcore: registered new interface driver ums_eneub6250
[    5.961076] usbcore: registered new interface driver ums-freecom
[    5.961682] usbcore: registered new interface driver ums-isd200
[    5.962274] usbcore: registered new interface driver ums-jumpshot
[    5.962875] usbcore: registered new interface driver ums-karma
[    5.963453] usbcore: registered new interface driver ums-onetouch
[    5.964023] usbcore: registered new interface driver ums-realtek
[    5.964578] usbcore: registered new interface driver ums-sddr09
[    5.965352] usbcore: registered new interface driver ums-sddr55
[    5.966151] usbcore: registered new interface driver ums-usbat
[    5.966836] usbcore: registered new interface driver mdc800
[    5.967269] mdc800: v0.7.5 (30/10/2000):USB Driver for Mustek MDC800 Digital Camera
[    5.968383] usbcore: registered new interface driver microtekX6
[    5.969260] usbcore: registered new interface driver usbserial_generic
[    5.970144] usbserial: USB Serial support registered for generic
[    5.970823] usbcore: registered new interface driver aircable
[    5.971421] usbserial: USB Serial support registered for aircable
[    5.972139] usbcore: registered new interface driver ark3116
[    5.972717] usbserial: USB Serial support registered for ark3116
[    5.973403] usbcore: registered new interface driver belkin_sa
[    5.974117] usbserial: USB Serial support registered for Belkin / Peracom / GoHubs USB Serial Adapter
[    5.975188] usbcore: registered new interface driver ch341
[    5.975725] usbserial: USB Serial support registered for ch341-uart
[    5.976435] usbcore: registered new interface driver cp210x
[    5.977068] usbserial: USB Serial support registered for cp210x
[    5.977707] usbcore: registered new interface driver cyberjack
[    5.978395] usbserial: USB Serial support registered for Reiner SCT Cyberjack USB card reader
[    5.979351] usbcore: registered new interface driver cypress_m8
[    5.979899] usbserial: USB Serial support registered for DeLorme Earthmate USB
[    5.980719] usbserial: USB Serial support registered for HID->COM RS232 Adapter
[    5.981475] usbserial: USB Serial support registered for Nokia CA-42 V2 Adapter
[    5.982222] usbcore: registered new interface driver usb_debug
[    5.983034] usbserial: USB Serial support registered for debug
[    5.983788] usbserial: USB Serial support registered for xhci_dbc
[    5.984452] usbcore: registered new interface driver digi_acceleport
[    5.985138] usbserial: USB Serial support registered for Digi 2 port USB adapter
[    5.985901] usbserial: USB Serial support registered for Digi 4 port USB adapter
[    5.986665] usbcore: registered new interface driver io_edgeport
[    5.987575] usbserial: USB Serial support registered for Edgeport 2 port adapter
[    5.988506] usbserial: USB Serial support registered for Edgeport 4 port adapter
[    5.989639] usbserial: USB Serial support registered for Edgeport 8 port adapter
[    5.990796] usbserial: USB Serial support registered for EPiC device
[    5.991476] usbcore: registered new interface driver io_ti
[    5.992022] usbserial: USB Serial support registered for Edgeport TI 1 port adapter
[    5.992740] usbserial: USB Serial support registered for Edgeport TI 2 port adapter
[    5.993441] usbcore: registered new interface driver empeg
[    5.993959] usbserial: USB Serial support registered for empeg
[    5.994515] usbcore: registered new interface driver f81232
[    5.995040] usbserial: USB Serial support registered for f81232
[    5.995617] usbcore: registered new interface driver f81534
[    5.996149] usbserial: USB Serial support registered for Fintek F81532/F81534
[    5.996811] usbcore: registered new interface driver ftdi_sio
[    5.997604] usbserial: USB Serial support registered for FTDI USB Serial Device
[    5.998545] usbcore: registered new interface driver garmin_gps
[    5.999589] usbserial: USB Serial support registered for Garmin GPS usb/tty
[    6.000428] usbcore: registered new interface driver ipaq
[    6.001022] usbserial: USB Serial support registered for PocketPC PDA
[    6.001788] usbcore: registered new interface driver ipw
[    6.002301] usbserial: USB Serial support registered for IPWireless converter
[    6.002949] usbcore: registered new interface driver ir_usb
[    6.003475] usbserial: USB Serial support registered for IR Dongle
[    6.004139] usbcore: registered new interface driver iuu_phoenix
[    6.004700] usbserial: USB Serial support registered for iuu_phoenix
[    6.005302] usbcore: registered new interface driver keyspan
[    6.005829] usbserial: USB Serial support registered for Keyspan - (without firmware)
[    6.006531] usbserial: USB Serial support registered for Keyspan 1 port adapter
[    6.007266] usbserial: USB Serial support registered for Keyspan 2 port adapter
[    6.008227] usbserial: USB Serial support registered for Keyspan 4 port adapter
[    6.008975] usbcore: registered new interface driver keyspan_pda
[    6.009896] usbserial: USB Serial support registered for Keyspan PDA
[    6.010902] usbserial: USB Serial support registered for Keyspan PDA - (prerenumeration)
[    6.011640] usbcore: registered new interface driver kl5kusb105
[    6.012267] usbserial: USB Serial support registered for KL5KUSB105D / PalmConnect
[    6.013105] usbcore: registered new interface driver kobil_sct
[    6.013901] usbserial: USB Serial support registered for KOBIL USB smart card terminal
[    6.014839] usbcore: registered new interface driver mct_u232
[    6.015536] usbserial: USB Serial support registered for MCT U232
[    6.016274] usbcore: registered new interface driver metro_usb
[    6.017047] usbserial: USB Serial support registered for Metrologic USB to Serial
[    6.017896] usbcore: registered new interface driver mos7720
[    6.018668] usbserial: USB Serial support registered for Moschip 2 port adapter
[    6.019425] usbcore: registered new interface driver mos7840
[    6.020107] usbserial: USB Serial support registered for Moschip 7840/7820 USB Serial Driver
[    6.021045] usbcore: registered new interface driver mxuport
[    6.021658] usbserial: USB Serial support registered for MOXA UPort
[    6.022327] usbcore: registered new interface driver navman
[    6.022840] usbserial: USB Serial support registered for navman
[    6.023395] usbcore: registered new interface driver omninet
[    6.023919] usbserial: USB Serial support registered for ZyXEL - omni.net lcd plus usb
[    6.024615] usbcore: registered new interface driver opticon
[    6.025133] usbserial: USB Serial support registered for opticon
[    6.025694] usbcore: registered new interface driver option
[    6.026207] usbserial: USB Serial support registered for GSM modem (1-port)
[    6.026824] usbcore: registered new interface driver oti6858
[    6.027576] usbserial: USB Serial support registered for oti6858
[    6.028382] usbcore: registered new interface driver pl2303
[    6.028981] usbserial: USB Serial support registered for pl2303
[    6.029910] usbcore: registered new interface driver qcaux
[    6.031020] usbserial: USB Serial support registered for qcaux
[    6.031585] usbcore: registered new interface driver qcserial
[    6.032127] usbserial: USB Serial support registered for Qualcomm USB modem
[    6.032749] usbcore: registered new interface driver quatech2
[    6.033277] usbserial: USB Serial support registered for Quatech 2nd gen USB to Serial Driver
[    6.034018] usbcore: registered new interface driver safe_serial
[    6.034562] usbserial: USB Serial support registered for safe_serial
[    6.035151] usbcore: registered new interface driver sierra
[    6.035660] usbserial: USB Serial support registered for Sierra USB modem
[    6.036277] usbcore: registered new interface driver usb_serial_simple
[    6.036854] usbserial: USB Serial support registered for carelink
[    6.037408] usbserial: USB Serial support registered for zio
[    6.038158] usbserial: USB Serial support registered for funsoft
[    6.038920] usbserial: USB Serial support registered for flashloader
[    6.039587] usbserial: USB Serial support registered for google
[    6.040741] usbserial: USB Serial support registered for libtransistor
[    6.041348] usbserial: USB Serial support registered for vivopay
[    6.041896] usbserial: USB Serial support registered for moto_modem
[    6.042506] usbserial: USB Serial support registered for motorola_tetra
[    6.043090] usbserial: USB Serial support registered for novatel_gps
[    6.043660] usbserial: USB Serial support registered for hp4x
[    6.044527] usbserial: USB Serial support registered for suunto
[    6.045222] usbserial: USB Serial support registered for siemens_mpi
[    6.045875] usbcore: registered new interface driver spcp8x5
[    6.046458] usbserial: USB Serial support registered for SPCP8x5
[    6.047078] usbcore: registered new interface driver ssu100
[    6.047894] usbserial: USB Serial support registered for Quatech SSU-100 USB to Serial Driver
[    6.048910] usbcore: registered new interface driver symbolserial
[    6.050044] usbserial: USB Serial support registered for symbol
[    6.051351] usbcore: registered new interface driver ti_usb_3410_5052
[    6.051936] usbserial: USB Serial support registered for TI USB 3410 1 port adapter
[    6.052607] usbserial: USB Serial support registered for TI USB 5052 2 port adapter
[    6.053337] usbcore: registered new interface driver upd78f0730
[    6.053870] usbserial: USB Serial support registered for upd78f0730
[    6.054447] usbcore: registered new interface driver visor
[    6.054956] usbserial: USB Serial support registered for Handspring Visor / Palm OS
[    6.055620] usbserial: USB Serial support registered for Sony Clie 5.0
[    6.056195] usbserial: USB Serial support registered for Sony Clie 3.5
[    6.056785] usbcore: registered new interface driver wishbone_serial
[    6.057512] usbserial: USB Serial support registered for wishbone_serial
[    6.058349] usbcore: registered new interface driver whiteheat
[    6.058965] usbserial: USB Serial support registered for Connect Tech - WhiteHEAT - (prerenumeration)
[    6.060170] usbserial: USB Serial support registered for Connect Tech - WhiteHEAT
[    6.061263] usbcore: registered new interface driver xsens_mt
[    6.061793] usbserial: USB Serial support registered for xsens_mt
[    6.062360] usbcore: registered new interface driver adutux
[    6.062883] usbcore: registered new interface driver appledisplay
[    6.063489] usbcore: registered new interface driver cypress_cy7c63
[    6.064089] usbcore: registered new interface driver cytherm
[    6.064610] usbcore: registered new interface driver emi26 - firmware loader
[    6.065240] usbcore: registered new interface driver emi62 - firmware loader
[    6.065863] usbcore: registered new interface driver idmouse
[    6.066393] usbcore: registered new interface driver iowarrior
[    6.066926] usbcore: registered new interface driver isight_firmware
[    6.067724] usbcore: registered new interface driver usblcd
[    6.068482] usbcore: registered new interface driver ldusb
[    6.069079] usbcore: registered new interface driver legousbtower
[    6.070098] usbcore: registered new interface driver usbtest
[    6.070830] usbcore: registered new interface driver usb_ehset_test
[    6.071411] usbcore: registered new interface driver trancevibrator
[    6.071984] usbcore: registered new interface driver uss720
[    6.072407] uss720: USB Parport Cable driver for Cables using the Lucent Technologies USS720 Chip
[    6.073065] uss720: NOTE: this is a special purpose driver to allow nonstandard
[    6.073612] uss720: protocols (eg. bitbang) over USS720 usb to parallel cables
[    6.074181] uss720: If you just want to connect to a printer, use usblp instead
[    6.075499] usbcore: registered new interface driver usbsevseg
[    6.076134] usbcore: registered new interface driver yurex
[    6.077195] usbcore: registered new interface driver chaoskey
[    6.077798] usbcore: registered new interface driver sisusb
[    6.078395] usbcore: registered new interface driver lvs
[    6.078939] usbcore: registered new interface driver cxacru
[    6.079544] usbcore: registered new interface driver speedtch
[    6.080151] usbcore: registered new interface driver ueagle-atm
[    6.081128] xusbatm: malformed module parameters
[    6.082883] Number of emulated UDC must be in range of 1...2
[    6.085954] gadgetfs: USB Gadget filesystem, version 24 Aug 2004
[    6.087134] vhci_hcd vhci_hcd.0: USB/IP Virtual Host Controller
[    6.088254] vhci_hcd vhci_hcd.0: new USB bus registered, assigned bus number 1
[    6.089016] vhci_hcd: created sysfs vhci_hcd.0
[    6.089902] usb usb1: New USB device found, idVendor=1d6b, idProduct=0002, bcdDevice= 5.00
[    6.090602] usb usb1: New USB device strings: Mfr=3, Product=2, SerialNumber=1
[    6.091163] usb usb1: Product: USB/IP Virtual Host Controller
[    6.091609] usb usb1: Manufacturer: Linux 5.0.0-v5.0 vhci_hcd
[    6.092058] usb usb1: SerialNumber: vhci_hcd.0
[    6.093896] hub 1-0:1.0: USB hub found
[    6.094375] hub 1-0:1.0: 8 ports detected
[    6.097216] vhci_hcd vhci_hcd.0: USB/IP Virtual Host Controller
[    6.098176] vhci_hcd vhci_hcd.0: new USB bus registered, assigned bus number 2
[    6.098893] usb usb2: We don't know the algorithms for LPM for this host, disabling LPM.
[    6.100027] usb usb2: New USB device found, idVendor=1d6b, idProduct=0003, bcdDevice= 5.00
[    6.100694] usb usb2: New USB device strings: Mfr=3, Product=2, SerialNumber=1
[    6.101254] usb usb2: Product: USB/IP Virtual Host Controller
[    6.101704] usb usb2: Manufacturer: Linux 5.0.0-v5.0 vhci_hcd
[    6.102152] usb usb2: SerialNumber: vhci_hcd.0
[    6.103395] hub 2-0:1.0: USB hub found
[    6.103788] hub 2-0:1.0: 8 ports detected
[    6.107581] vhci_hcd vhci_hcd.1: USB/IP Virtual Host Controller
[    6.108502] vhci_hcd vhci_hcd.1: new USB bus registered, assigned bus number 3
[    6.109588] usb usb3: New USB device found, idVendor=1d6b, idProduct=0002, bcdDevice= 5.00
[    6.110321] usb usb3: New USB device strings: Mfr=3, Product=2, SerialNumber=1
[    6.110933] usb usb3: Product: USB/IP Virtual Host Controller
[    6.111426] usb usb3: Manufacturer: Linux 5.0.0-v5.0 vhci_hcd
[    6.111871] usb usb3: SerialNumber: vhci_hcd.1
[    6.113370] hub 3-0:1.0: USB hub found
[    6.113755] hub 3-0:1.0: 8 ports detected
[    6.116161] vhci_hcd vhci_hcd.1: USB/IP Virtual Host Controller
[    6.116973] vhci_hcd vhci_hcd.1: new USB bus registered, assigned bus number 4
[    6.117768] usb usb4: We don't know the algorithms for LPM for this host, disabling LPM.
[    6.118843] usb usb4: New USB device found, idVendor=1d6b, idProduct=0003, bcdDevice= 5.00
[    6.119490] usb usb4: New USB device strings: Mfr=3, Product=2, SerialNumber=1
[    6.120052] usb usb4: Product: USB/IP Virtual Host Controller
[    6.120855] usb usb4: Manufacturer: Linux 5.0.0-v5.0 vhci_hcd
[    6.121315] usb usb4: SerialNumber: vhci_hcd.1
[    6.122750] hub 4-0:1.0: USB hub found
[    6.123143] hub 4-0:1.0: 8 ports detected
[    6.125980] vhci_hcd vhci_hcd.2: USB/IP Virtual Host Controller
[    6.126725] vhci_hcd vhci_hcd.2: new USB bus registered, assigned bus number 5
[    6.127651] usb usb5: New USB device found, idVendor=1d6b, idProduct=0002, bcdDevice= 5.00
[    6.128297] usb usb5: New USB device strings: Mfr=3, Product=2, SerialNumber=1
[    6.128859] usb usb5: Product: USB/IP Virtual Host Controller
[    6.129315] usb usb5: Manufacturer: Linux 5.0.0-v5.0 vhci_hcd
[    6.129764] usb usb5: SerialNumber: vhci_hcd.2
[    6.131845] hub 5-0:1.0: USB hub found
[    6.132230] hub 5-0:1.0: 8 ports detected
[    6.134671] vhci_hcd vhci_hcd.2: USB/IP Virtual Host Controller
[    6.135898] vhci_hcd vhci_hcd.2: new USB bus registered, assigned bus number 6
[    6.136796] usb usb6: We don't know the algorithms for LPM for this host, disabling LPM.
[    6.138004] usb usb6: New USB device found, idVendor=1d6b, idProduct=0003, bcdDevice= 5.00
[    6.138728] usb usb6: New USB device strings: Mfr=3, Product=2, SerialNumber=1
[    6.139368] usb usb6: Product: USB/IP Virtual Host Controller
[    6.139857] usb usb6: Manufacturer: Linux 5.0.0-v5.0 vhci_hcd
[    6.140515] usb usb6: SerialNumber: vhci_hcd.2
[    6.141728] hub 6-0:1.0: USB hub found
[    6.142154] hub 6-0:1.0: 8 ports detected
[    6.145253] vhci_hcd vhci_hcd.3: USB/IP Virtual Host Controller
[    6.146144] vhci_hcd vhci_hcd.3: new USB bus registered, assigned bus number 7
[    6.147214] usb usb7: New USB device found, idVendor=1d6b, idProduct=0002, bcdDevice= 5.00
[    6.147857] usb usb7: New USB device strings: Mfr=3, Product=2, SerialNumber=1
[    6.148414] usb usb7: Product: USB/IP Virtual Host Controller
[    6.148860] usb usb7: Manufacturer: Linux 5.0.0-v5.0 vhci_hcd
[    6.149307] usb usb7: SerialNumber: vhci_hcd.3
[    6.150634] hub 7-0:1.0: USB hub found
[    6.151022] hub 7-0:1.0: 8 ports detected
[    6.153432] vhci_hcd vhci_hcd.3: USB/IP Virtual Host Controller
[    6.154261] vhci_hcd vhci_hcd.3: new USB bus registered, assigned bus number 8
[    6.155035] usb usb8: We don't know the algorithms for LPM for this host, disabling LPM.
[    6.156119] usb usb8: New USB device found, idVendor=1d6b, idProduct=0003, bcdDevice= 5.00
[    6.156819] usb usb8: New USB device strings: Mfr=3, Product=2, SerialNumber=1
[    6.157436] usb usb8: Product: USB/IP Virtual Host Controller
[    6.157922] usb usb8: Manufacturer: Linux 5.0.0-v5.0 vhci_hcd
[    6.158417] usb usb8: SerialNumber: vhci_hcd.3
[    6.159872] hub 8-0:1.0: USB hub found
[    6.160388] hub 8-0:1.0: 8 ports detected
[    6.163600] vhci_hcd vhci_hcd.4: USB/IP Virtual Host Controller
[    6.164488] vhci_hcd vhci_hcd.4: new USB bus registered, assigned bus number 9
[    6.166056] usb usb9: New USB device found, idVendor=1d6b, idProduct=0002, bcdDevice= 5.00
[    6.166875] usb usb9: New USB device strings: Mfr=3, Product=2, SerialNumber=1
[    6.167509] usb usb9: Product: USB/IP Virtual Host Controller
[    6.168008] usb usb9: Manufacturer: Linux 5.0.0-v5.0 vhci_hcd
[    6.168513] usb usb9: SerialNumber: vhci_hcd.4
[    6.169928] hub 9-0:1.0: USB hub found
[    6.170395] hub 9-0:1.0: 8 ports detected
[    6.173031] vhci_hcd vhci_hcd.4: USB/IP Virtual Host Controller
[    6.173980] vhci_hcd vhci_hcd.4: new USB bus registered, assigned bus number 10
[    6.174865] usb usb10: We don't know the algorithms for LPM for this host, disabling LPM.
[    6.176033] usb usb10: New USB device found, idVendor=1d6b, idProduct=0003, bcdDevice= 5.00
[    6.176750] usb usb10: New USB device strings: Mfr=3, Product=2, SerialNumber=1
[    6.177369] usb usb10: Product: USB/IP Virtual Host Controller
[    6.177861] usb usb10: Manufacturer: Linux 5.0.0-v5.0 vhci_hcd
[    6.178360] usb usb10: SerialNumber: vhci_hcd.4
[    6.179642] hub 10-0:1.0: USB hub found
[    6.180068] hub 10-0:1.0: 8 ports detected
[    6.183522] vhci_hcd vhci_hcd.5: USB/IP Virtual Host Controller
[    6.184456] vhci_hcd vhci_hcd.5: new USB bus registered, assigned bus number 11
[    6.185714] usb usb11: New USB device found, idVendor=1d6b, idProduct=0002, bcdDevice= 5.00
[    6.186434] usb usb11: New USB device strings: Mfr=3, Product=2, SerialNumber=1
[    6.187056] usb usb11: Product: USB/IP Virtual Host Controller
[    6.187553] usb usb11: Manufacturer: Linux 5.0.0-v5.0 vhci_hcd
[    6.188050] usb usb11: SerialNumber: vhci_hcd.5
[    6.189418] hub 11-0:1.0: USB hub found
[    6.189806] hub 11-0:1.0: 8 ports detected
[    6.192428] vhci_hcd vhci_hcd.5: USB/IP Virtual Host Controller
[    6.193256] vhci_hcd vhci_hcd.5: new USB bus registered, assigned bus number 12
[    6.193944] usb usb12: We don't know the algorithms for LPM for this host, disabling LPM.
[    6.194835] usb usb12: New USB device found, idVendor=1d6b, idProduct=0003, bcdDevice= 5.00
[    6.195464] usb usb12: New USB device strings: Mfr=3, Product=2, SerialNumber=1
[    6.196182] usb usb12: Product: USB/IP Virtual Host Controller
[    6.196802] usb usb12: Manufacturer: Linux 5.0.0-v5.0 vhci_hcd
[    6.197355] usb usb12: SerialNumber: vhci_hcd.5
[    6.198826] hub 12-0:1.0: USB hub found
[    6.199260] hub 12-0:1.0: 8 ports detected
[    6.202846] vhci_hcd vhci_hcd.6: USB/IP Virtual Host Controller
[    6.203729] vhci_hcd vhci_hcd.6: new USB bus registered, assigned bus number 13
[    6.204709] usb usb13: New USB device found, idVendor=1d6b, idProduct=0002, bcdDevice= 5.00
[    6.205402] usb usb13: New USB device strings: Mfr=3, Product=2, SerialNumber=1
[    6.205947] usb usb13: Product: USB/IP Virtual Host Controller
[    6.206390] usb usb13: Manufacturer: Linux 5.0.0-v5.0 vhci_hcd
[    6.206831] usb usb13: SerialNumber: vhci_hcd.6
[    6.208160] hub 13-0:1.0: USB hub found
[    6.208542] hub 13-0:1.0: 8 ports detected
[    6.211075] vhci_hcd vhci_hcd.6: USB/IP Virtual Host Controller
[    6.211901] vhci_hcd vhci_hcd.6: new USB bus registered, assigned bus number 14
[    6.212630] usb usb14: We don't know the algorithms for LPM for this host, disabling LPM.
[    6.213552] usb usb14: New USB device found, idVendor=1d6b, idProduct=0003, bcdDevice= 5.00
[    6.214202] usb usb14: New USB device strings: Mfr=3, Product=2, SerialNumber=1
[    6.214768] usb usb14: Product: USB/IP Virtual Host Controller
[    6.215225] usb usb14: Manufacturer: Linux 5.0.0-v5.0 vhci_hcd
[    6.215676] usb usb14: SerialNumber: vhci_hcd.6
[    6.217017] hub 14-0:1.0: USB hub found
[    6.217435] hub 14-0:1.0: 8 ports detected
[    6.222036] vhci_hcd vhci_hcd.7: USB/IP Virtual Host Controller
[    6.222867] vhci_hcd vhci_hcd.7: new USB bus registered, assigned bus number 15
[    6.223950] usb usb15: New USB device found, idVendor=1d6b, idProduct=0002, bcdDevice= 5.00
[    6.224606] usb usb15: New USB device strings: Mfr=3, Product=2, SerialNumber=1
[    6.225177] usb usb15: Product: USB/IP Virtual Host Controller
[    6.225664] usb usb15: Manufacturer: Linux 5.0.0-v5.0 vhci_hcd
[    6.226164] usb usb15: SerialNumber: vhci_hcd.7
[    6.228215] hub 15-0:1.0: USB hub found
[    6.228660] hub 15-0:1.0: 8 ports detected
[    6.232247] vhci_hcd vhci_hcd.7: USB/IP Virtual Host Controller
[    6.233068] vhci_hcd vhci_hcd.7: new USB bus registered, assigned bus number 16
[    6.233865] usb usb16: We don't know the algorithms for LPM for this host, disabling LPM.
[    6.234994] usb usb16: New USB device found, idVendor=1d6b, idProduct=0003, bcdDevice= 5.00
[    6.235710] usb usb16: New USB device strings: Mfr=3, Product=2, SerialNumber=1
[    6.236337] usb usb16: Product: USB/IP Virtual Host Controller
[    6.236791] usb usb16: Manufacturer: Linux 5.0.0-v5.0 vhci_hcd
[    6.237246] usb usb16: SerialNumber: vhci_hcd.7
[    6.238469] hub 16-0:1.0: USB hub found
[    6.238869] hub 16-0:1.0: 8 ports detected
[    6.241984] vhci_hcd vhci_hcd.8: USB/IP Virtual Host Controller
[    6.242762] vhci_hcd vhci_hcd.8: new USB bus registered, assigned bus number 17
[    6.243686] usb usb17: New USB device found, idVendor=1d6b, idProduct=0002, bcdDevice= 5.00
[    6.244340] usb usb17: New USB device strings: Mfr=3, Product=2, SerialNumber=1
[    6.244903] usb usb17: Product: USB/IP Virtual Host Controller
[    6.245358] usb usb17: Manufacturer: Linux 5.0.0-v5.0 vhci_hcd
[    6.245812] usb usb17: SerialNumber: vhci_hcd.8
[    6.247523] hub 17-0:1.0: USB hub found
[    6.247905] hub 17-0:1.0: 8 ports detected
[    6.250409] vhci_hcd vhci_hcd.8: USB/IP Virtual Host Controller
[    6.251178] vhci_hcd vhci_hcd.8: new USB bus registered, assigned bus number 18
[    6.251866] usb usb18: We don't know the algorithms for LPM for this host, disabling LPM.
[    6.252766] usb usb18: New USB device found, idVendor=1d6b, idProduct=0003, bcdDevice= 5.00
[    6.253391] usb usb18: New USB device strings: Mfr=3, Product=2, SerialNumber=1
[    6.253940] usb usb18: Product: USB/IP Virtual Host Controller
[    6.254378] usb usb18: Manufacturer: Linux 5.0.0-v5.0 vhci_hcd
[    6.254815] usb usb18: SerialNumber: vhci_hcd.8
[    6.256023] hub 18-0:1.0: USB hub found
[    6.256421] hub 18-0:1.0: 8 ports detected
[    6.260067] vhci_hcd vhci_hcd.9: USB/IP Virtual Host Controller
[    6.260992] vhci_hcd vhci_hcd.9: new USB bus registered, assigned bus number 19
[    6.262088] usb usb19: New USB device found, idVendor=1d6b, idProduct=0002, bcdDevice= 5.00
[    6.262777] usb usb19: New USB device strings: Mfr=3, Product=2, SerialNumber=1
[    6.263381] usb usb19: Product: USB/IP Virtual Host Controller
[    6.263863] usb usb19: Manufacturer: Linux 5.0.0-v5.0 vhci_hcd
[    6.264345] usb usb19: SerialNumber: vhci_hcd.9
[    6.265869] hub 19-0:1.0: USB hub found
[    6.266320] hub 19-0:1.0: 8 ports detected
[    6.268813] vhci_hcd vhci_hcd.9: USB/IP Virtual Host Controller
[    6.269683] vhci_hcd vhci_hcd.9: new USB bus registered, assigned bus number 20
[    6.270830] usb usb20: We don't know the algorithms for LPM for this host, disabling LPM.
[    6.271904] usb usb20: New USB device found, idVendor=1d6b, idProduct=0003, bcdDevice= 5.00
[    6.272541] usb usb20: New USB device strings: Mfr=3, Product=2, SerialNumber=1
[    6.273096] usb usb20: Product: USB/IP Virtual Host Controller
[    6.273536] usb usb20: Manufacturer: Linux 5.0.0-v5.0 vhci_hcd
[    6.273982] usb usb20: SerialNumber: vhci_hcd.9
[    6.275100] hub 20-0:1.0: USB hub found
[    6.275483] hub 20-0:1.0: 8 ports detected
[    6.278321] vhci_hcd vhci_hcd.10: USB/IP Virtual Host Controller
[    6.279250] vhci_hcd vhci_hcd.10: new USB bus registered, assigned bus number 21
[    6.280182] usb usb21: New USB device found, idVendor=1d6b, idProduct=0002, bcdDevice= 5.00
[    6.281554] usb usb21: New USB device strings: Mfr=3, Product=2, SerialNumber=1
[    6.282127] usb usb21: Product: USB/IP Virtual Host Controller
[    6.282584] usb usb21: Manufacturer: Linux 5.0.0-v5.0 vhci_hcd
[    6.283038] usb usb21: SerialNumber: vhci_hcd.10
[    6.284330] hub 21-0:1.0: USB hub found
[    6.284811] hub 21-0:1.0: 8 ports detected
[    6.287553] vhci_hcd vhci_hcd.10: USB/IP Virtual Host Controller
[    6.288801] vhci_hcd vhci_hcd.10: new USB bus registered, assigned bus number 22
[    6.289707] usb usb22: We don't know the algorithms for LPM for this host, disabling LPM.
[    6.291538] usb usb22: New USB device found, idVendor=1d6b, idProduct=0003, bcdDevice= 5.00
[    6.292289] usb usb22: New USB device strings: Mfr=3, Product=2, SerialNumber=1
[    6.292908] usb usb22: Product: USB/IP Virtual Host Controller
[    6.293407] usb usb22: Manufacturer: Linux 5.0.0-v5.0 vhci_hcd
[    6.293904] usb usb22: SerialNumber: vhci_hcd.10
[    6.295264] hub 22-0:1.0: USB hub found
[    6.295692] hub 22-0:1.0: 8 ports detected
[    6.299098] vhci_hcd vhci_hcd.11: USB/IP Virtual Host Controller
[    6.299942] vhci_hcd vhci_hcd.11: new USB bus registered, assigned bus number 23
[    6.301002] usb usb23: New USB device found, idVendor=1d6b, idProduct=0002, bcdDevice= 5.00
[    6.301659] usb usb23: New USB device strings: Mfr=3, Product=2, SerialNumber=1
[    6.302231] usb usb23: Product: USB/IP Virtual Host Controller
[    6.302685] usb usb23: Manufacturer: Linux 5.0.0-v5.0 vhci_hcd
[    6.303142] usb usb23: SerialNumber: vhci_hcd.11
[    6.304591] hub 23-0:1.0: USB hub found
[    6.304983] hub 23-0:1.0: 8 ports detected
[    6.307783] vhci_hcd vhci_hcd.11: USB/IP Virtual Host Controller
[    6.308901] vhci_hcd vhci_hcd.11: new USB bus registered, assigned bus number 24
[    6.309797] usb usb24: We don't know the algorithms for LPM for this host, disabling LPM.
[    6.311183] usb usb24: New USB device found, idVendor=1d6b, idProduct=0003, bcdDevice= 5.00
[    6.311836] usb usb24: New USB device strings: Mfr=3, Product=2, SerialNumber=1
[    6.312407] usb usb24: Product: USB/IP Virtual Host Controller
[    6.312859] usb usb24: Manufacturer: Linux 5.0.0-v5.0 vhci_hcd
[    6.313318] usb usb24: SerialNumber: vhci_hcd.11
[    6.314597] hub 24-0:1.0: USB hub found
[    6.314990] hub 24-0:1.0: 8 ports detected
[    6.317934] vhci_hcd vhci_hcd.12: USB/IP Virtual Host Controller
[    6.318691] vhci_hcd vhci_hcd.12: new USB bus registered, assigned bus number 25
[    6.319619] usb usb25: New USB device found, idVendor=1d6b, idProduct=0002, bcdDevice= 5.00
[    6.321389] usb usb25: New USB device strings: Mfr=3, Product=2, SerialNumber=1
[    6.321967] usb usb25: Product: USB/IP Virtual Host Controller
[    6.322425] usb usb25: Manufacturer: Linux 5.0.0-v5.0 vhci_hcd
[    6.322883] usb usb25: SerialNumber: vhci_hcd.12
[    6.324575] hub 25-0:1.0: USB hub found
[    6.325304] hub 25-0:1.0: 8 ports detected
[    6.328358] vhci_hcd vhci_hcd.12: USB/IP Virtual Host Controller
[    6.329272] vhci_hcd vhci_hcd.12: new USB bus registered, assigned bus number 26
[    6.330062] usb usb26: We don't know the algorithms for LPM for this host, disabling LPM.
[    6.331283] usb usb26: New USB device found, idVendor=1d6b, idProduct=0003, bcdDevice= 5.00
[    6.331965] usb usb26: New USB device strings: Mfr=3, Product=2, SerialNumber=1
[    6.332531] usb usb26: Product: USB/IP Virtual Host Controller
[    6.332984] usb usb26: Manufacturer: Linux 5.0.0-v5.0 vhci_hcd
[    6.333440] usb usb26: SerialNumber: vhci_hcd.12
[    6.334797] hub 26-0:1.0: USB hub found
[    6.335194] hub 26-0:1.0: 8 ports detected
[    6.338038] vhci_hcd vhci_hcd.13: USB/IP Virtual Host Controller
[    6.338829] vhci_hcd vhci_hcd.13: new USB bus registered, assigned bus number 27
[    6.339754] usb usb27: New USB device found, idVendor=1d6b, idProduct=0002, bcdDevice= 5.00
[    6.340810] usb usb27: New USB device strings: Mfr=3, Product=2, SerialNumber=1
[    6.341389] usb usb27: Product: USB/IP Virtual Host Controller
[    6.341845] usb usb27: Manufacturer: Linux 5.0.0-v5.0 vhci_hcd
[    6.342304] usb usb27: SerialNumber: vhci_hcd.13
[    6.343903] hub 27-0:1.0: USB hub found
[    6.344310] hub 27-0:1.0: 8 ports detected
[    6.346800] vhci_hcd vhci_hcd.13: USB/IP Virtual Host Controller
[    6.347754] vhci_hcd vhci_hcd.13: new USB bus registered, assigned bus number 28
[    6.348897] usb usb28: We don't know the algorithms for LPM for this host, disabling LPM.
[    6.350362] usb usb28: New USB device found, idVendor=1d6b, idProduct=0003, bcdDevice= 5.00
[    6.351088] usb usb28: New USB device strings: Mfr=3, Product=2, SerialNumber=1
[    6.351702] usb usb28: Product: USB/IP Virtual Host Controller
[    6.352198] usb usb28: Manufacturer: Linux 5.0.0-v5.0 vhci_hcd
[    6.352690] usb usb28: SerialNumber: vhci_hcd.13
[    6.354104] hub 28-0:1.0: USB hub found
[    6.354545] hub 28-0:1.0: 8 ports detected
[    6.357782] vhci_hcd vhci_hcd.14: USB/IP Virtual Host Controller
[    6.358798] vhci_hcd vhci_hcd.14: new USB bus registered, assigned bus number 29
[    6.359962] usb usb29: New USB device found, idVendor=1d6b, idProduct=0002, bcdDevice= 5.00
[    6.361273] usb usb29: New USB device strings: Mfr=3, Product=2, SerialNumber=1
[    6.361835] usb usb29: Product: USB/IP Virtual Host Controller
[    6.362281] usb usb29: Manufacturer: Linux 5.0.0-v5.0 vhci_hcd
[    6.362727] usb usb29: SerialNumber: vhci_hcd.14
[    6.364003] hub 29-0:1.0: USB hub found
[    6.364420] hub 29-0:1.0: 8 ports detected
[    6.366905] vhci_hcd vhci_hcd.14: USB/IP Virtual Host Controller
[    6.367794] vhci_hcd vhci_hcd.14: new USB bus registered, assigned bus number 30
[    6.368522] usb usb30: We don't know the algorithms for LPM for this host, disabling LPM.
[    6.369604] usb usb30: New USB device found, idVendor=1d6b, idProduct=0003, bcdDevice= 5.00
[    6.370273] usb usb30: New USB device strings: Mfr=3, Product=2, SerialNumber=1
[    6.370841] usb usb30: Product: USB/IP Virtual Host Controller
[    6.371297] usb usb30: Manufacturer: Linux 5.0.0-v5.0 vhci_hcd
[    6.371747] usb usb30: SerialNumber: vhci_hcd.14
[    6.372990] hub 30-0:1.0: USB hub found
[    6.373400] hub 30-0:1.0: 8 ports detected
[    6.376340] vhci_hcd vhci_hcd.15: USB/IP Virtual Host Controller
[    6.377226] vhci_hcd vhci_hcd.15: new USB bus registered, assigned bus number 31
[    6.378275] usb usb31: New USB device found, idVendor=1d6b, idProduct=0002, bcdDevice= 5.00
[    6.378946] usb usb31: New USB device strings: Mfr=3, Product=2, SerialNumber=1
[    6.379697] usb usb31: Product: USB/IP Virtual Host Controller
[    6.380885] usb usb31: Manufacturer: Linux 5.0.0-v5.0 vhci_hcd
[    6.381400] usb usb31: SerialNumber: vhci_hcd.15
[    6.382881] hub 31-0:1.0: USB hub found
[    6.383321] hub 31-0:1.0: 8 ports detected
[    6.386018] vhci_hcd vhci_hcd.15: USB/IP Virtual Host Controller
[    6.386933] vhci_hcd vhci_hcd.15: new USB bus registered, assigned bus number 32
[    6.387810] usb usb32: We don't know the algorithms for LPM for this host, disabling LPM.
[    6.388928] usb usb32: New USB device found, idVendor=1d6b, idProduct=0003, bcdDevice= 5.00
[    6.389581] usb usb32: New USB device strings: Mfr=3, Product=2, SerialNumber=1
[    6.390146] usb usb32: Product: USB/IP Virtual Host Controller
[    6.391573] usb usb32: Manufacturer: Linux 5.0.0-v5.0 vhci_hcd
[    6.392038] usb usb32: SerialNumber: vhci_hcd.15
[    6.393201] hub 32-0:1.0: USB hub found
[    6.393589] hub 32-0:1.0: 8 ports detected
[    6.396812] usbcore: registered new device driver usbip-host
[    6.399087] i8042: PNP: PS/2 Controller [PNP0303:KBD,PNP0f13:MOU] at 0x60,0x64 irq 1,12
[    6.401122] serio: i8042 KBD port at 0x60,0x64 irq 1
[    6.401995] serio: i8042 AUX port at 0x60,0x64 irq 12
[    6.403483] mousedev: PS/2 mouse device common for all mice
[    6.405291] input: AT Translated Set 2 keyboard as /devices/platform/i8042/serio0/input/input1
[    6.407186] usbcore: registered new interface driver appletouch
[    6.407916] usbcore: registered new interface driver bcm5974
[    6.409781] usbcore: registered new interface driver synaptics_usb
[    6.411774] usbcore: registered new interface driver iforce
[    6.412507] usbcore: registered new interface driver xpad
[    6.413142] usbcore: registered new interface driver usb_acecad
[    6.413801] usbcore: registered new interface driver aiptek
[    6.414428] usbcore: registered new interface driver hanwang
[    6.415168] usbcore: registered new interface driver kbtab
[    6.415895] usbcore: registered new interface driver pegasus_notetaker
[    6.416923] usbcore: registered new interface driver usbtouchscreen
[    6.418151] usbcore: registered new interface driver sur40
[    6.419075] usbcore: registered new interface driver ati_remote2
[    6.419575] cm109: Keymap for Komunikate KIP1000 phone loaded
[    6.420198] usbcore: registered new interface driver cm109
[    6.421992] cm109: CM109 phone driver: 20080805 (C) Alfred E. Heggestad
[    6.422656] usbcore: registered new interface driver ims_pcu
[    6.423243] usbcore: registered new interface driver keyspan_remote
[    6.423856] usbcore: registered new interface driver powermate
[    6.424621] usbcore: registered new interface driver yealink
[    6.425849] rtc_cmos 00:05: RTC can wake from S4
[    6.426931] rtc_cmos 00:05: registered as rtc0
[    6.427298] rtc_cmos 00:05: alarms up to one day, y3k, 242 bytes nvram, hpet irqs
[    6.428245] i2c /dev entries driver
[    6.429455] usbcore: registered new interface driver i2c-diolan-u2c
[    6.430933] usbcore: registered new interface driver RobotFuzz Open Source InterFace, OSIF
[    6.431880] usbcore: registered new interface driver i2c-tiny-usb
[    6.433621] usbcore: registered new interface driver ati_remote
[    6.434235] usbcore: registered new interface driver imon
[    6.434841] usbcore: registered new interface driver mceusb
[    6.435431] usbcore: registered new interface driver redrat3
[    6.435991] usbcore: registered new interface driver streamzap
[    6.436574] usbcore: registered new interface driver igorplugusb
[    6.437746] usbcore: registered new interface driver iguanair
[    6.438900] usbcore: registered new interface driver ttusbir
[    6.439360] b2c2-flexcop: B2C2 FlexcopII/II(b)/III digital TV receiver chip loaded successfully
[    6.446322] vimc vimc.0: bound vimc-sensor.0.auto (ops vimc_sen_comp_ops)
[    6.448495] vimc vimc.0: bound vimc-sensor.1.auto (ops vimc_sen_comp_ops)
[    6.449053] vimc vimc.0: bound vimc-debayer.2.auto (ops vimc_deb_comp_ops)
[    6.449609] vimc vimc.0: bound vimc-debayer.3.auto (ops vimc_deb_comp_ops)
[    6.451126] vimc vimc.0: bound vimc-capture.4.auto (ops vimc_cap_comp_ops)
[    6.451969] vimc vimc.0: bound vimc-capture.5.auto (ops vimc_cap_comp_ops)
[    6.453946] vimc vimc.0: bound vimc-sensor.6.auto (ops vimc_sen_comp_ops)
[    6.454508] vimc vimc.0: bound vimc-scaler.7.auto (ops vimc_sca_comp_ops)
[    6.455541] vimc vimc.0: bound vimc-capture.8.auto (ops vimc_cap_comp_ops)
[    6.458350] vivid-000: using single planar format API
[    6.466549] vivid-000: CEC adapter cec0 registered for HDMI input 0
[    6.467351] vivid-000: V4L2 capture device registered as video3
[    6.468159] vivid-000: CEC adapter cec1 registered for HDMI output 0
[    6.468944] vivid-000: V4L2 output device registered as video4
[    6.469676] vivid-000: V4L2 capture device registered as vbi0, supports raw and sliced VBI
[    6.471632] vivid-000: V4L2 output device registered as vbi1, supports raw and sliced VBI
[    6.472739] vivid-000: V4L2 capture device registered as swradio0
[    6.473574] vivid-000: V4L2 receiver device registered as radio0
[    6.474434] vivid-000: V4L2 transmitter device registered as radio1
[    6.475336] vivid-001: using multiplanar format API
[    6.483930] vivid-001: CEC adapter cec2 registered for HDMI input 0
[    6.484767] vivid-001: V4L2 capture device registered as video5
[    6.485635] vivid-001: CEC adapter cec3 registered for HDMI output 0
[    6.486440] vivid-001: V4L2 output device registered as video6
[    6.487181] vivid-001: V4L2 capture device registered as vbi2, supports raw and sliced VBI
[    6.488133] vivid-001: V4L2 output device registered as vbi3, supports raw and sliced VBI
[    6.489120] vivid-001: V4L2 capture device registered as swradio1
[    6.489819] vivid-001: V4L2 receiver device registered as radio2
[    6.491243] vivid-001: V4L2 transmitter device registered as radio3
[    6.492045] vivid-002: using single planar format API
[    6.498828] vivid-002: CEC adapter cec4 registered for HDMI input 0
[    6.499575] vivid-002: V4L2 capture device registered as video7
[    6.500711] vivid-002: CEC adapter cec5 registered for HDMI output 0
[    6.501449] vivid-002: V4L2 output device registered as video8
[    6.502446] vivid-002: V4L2 capture device registered as vbi4, supports raw and sliced VBI
[    6.503459] vivid-002: V4L2 output device registered as vbi5, supports raw and sliced VBI
[    6.504438] vivid-002: V4L2 capture device registered as swradio2
[    6.505285] vivid-002: V4L2 receiver device registered as radio4
[    6.506300] vivid-002: V4L2 transmitter device registered as radio5
[    6.507070] vivid-003: using multiplanar format API
[    6.514183] vivid-003: CEC adapter cec6 registered for HDMI input 0
[    6.514887] vivid-003: V4L2 capture device registered as video9
[    6.515631] vivid-003: CEC adapter cec7 registered for HDMI output 0
[    6.516400] vivid-003: V4L2 output device registered as video10
[    6.517048] vivid-003: V4L2 capture device registered as vbi6, supports raw and sliced VBI
[    6.517923] vivid-003: V4L2 output device registered as vbi7, supports raw and sliced VBI
[    6.518778] vivid-003: V4L2 capture device registered as swradio3
[    6.519482] vivid-003: V4L2 receiver device registered as radio6
[    6.520171] vivid-003: V4L2 transmitter device registered as radio7
[    6.521355] vivid-004: using single planar format API
[    6.528209] vivid-004: CEC adapter cec8 registered for HDMI input 0
[    6.528916] vivid-004: V4L2 capture device registered as video11
[    6.529643] vivid-004: CEC adapter cec9 registered for HDMI output 0
[    6.530363] vivid-004: V4L2 output device registered as video12
[    6.531145] vivid-004: V4L2 capture device registered as vbi8, supports raw and sliced VBI
[    6.532387] vivid-004: V4L2 output device registered as vbi9, supports raw and sliced VBI
[    6.533470] vivid-004: V4L2 capture device registered as swradio4
[    6.534213] vivid-004: V4L2 receiver device registered as radio8
[    6.534997] vivid-004: V4L2 transmitter device registered as radio9
[    6.535785] vivid-005: using multiplanar format API
[    6.542836] vivid-005: CEC adapter cec10 registered for HDMI input 0
[    6.543580] vivid-005: V4L2 capture device registered as video13
[    6.544441] vivid-005: CEC adapter cec11 registered for HDMI output 0
[    6.545176] vivid-005: V4L2 output device registered as video14
[    6.545865] vivid-005: V4L2 capture device registered as vbi10, supports raw and sliced VBI
[    6.546858] vivid-005: V4L2 output device registered as vbi11, supports raw and sliced VBI
[    6.547822] vivid-005: V4L2 capture device registered as swradio5
[    6.548520] vivid-005: V4L2 receiver device registered as radio10
[    6.549207] vivid-005: V4L2 transmitter device registered as radio11
[    6.549907] vivid-006: using single planar format API
[    6.557203] vivid-006: CEC adapter cec12 registered for HDMI input 0
[    6.557950] vivid-006: V4L2 capture device registered as video15
[    6.558738] vivid-006: CEC adapter cec13 registered for HDMI output 0
[    6.559486] vivid-006: V4L2 output device registered as video16
[    6.560165] vivid-006: V4L2 capture device registered as vbi12, supports raw and sliced VBI
[    6.561050] vivid-006: V4L2 output device registered as vbi13, supports raw and sliced VBI
[    6.561906] vivid-006: V4L2 capture device registered as swradio6
[    6.562968] vivid-006: V4L2 receiver device registered as radio12
[    6.563879] vivid-006: V4L2 transmitter device registered as radio13
[    6.564765] vivid-007: using multiplanar format API
[    6.572324] vivid-007: CEC adapter cec14 registered for HDMI input 0
[    6.573052] vivid-007: V4L2 capture device registered as video17
[    6.573925] vivid-007: CEC adapter cec15 registered for HDMI output 0
[    6.574652] vivid-007: V4L2 output device registered as video18
[    6.575343] vivid-007: V4L2 capture device registered as vbi14, supports raw and sliced VBI
[    6.576206] vivid-007: V4L2 output device registered as vbi15, supports raw and sliced VBI
[    6.577175] vivid-007: V4L2 capture device registered as swradio7
[    6.577877] vivid-007: V4L2 receiver device registered as radio14
[    6.578565] vivid-007: V4L2 transmitter device registered as radio15
[    6.579264] vivid-008: using single planar format API
[    6.586430] vivid-008: CEC adapter cec16 registered for HDMI input 0
[    6.587158] vivid-008: V4L2 capture device registered as video19
[    6.587937] vivid-008: CEC adapter cec17 registered for HDMI output 0
[    6.588663] vivid-008: V4L2 output device registered as video20
[    6.589346] vivid-008: V4L2 capture device registered as vbi16, supports raw and sliced VBI
[    6.590210] vivid-008: V4L2 output device registered as vbi17, supports raw and sliced VBI
[    6.591243] vivid-008: V4L2 capture device registered as swradio8
[    6.591956] vivid-008: V4L2 receiver device registered as radio16
[    6.593080] vivid-008: V4L2 transmitter device registered as radio17
[    6.594047] vivid-009: using multiplanar format API
[    6.602282] vivid-009: CEC adapter cec18 registered for HDMI input 0
[    6.603010] vivid-009: V4L2 capture device registered as video21
[    6.603793] vivid-009: CEC adapter cec19 registered for HDMI output 0
[    6.604525] vivid-009: V4L2 output device registered as video22
[    6.605207] vivid-009: V4L2 capture device registered as vbi18, supports raw and sliced VBI
[    6.606063] vivid-009: V4L2 output device registered as vbi19, supports raw and sliced VBI
[    6.606920] vivid-009: V4L2 capture device registered as swradio9
[    6.607611] vivid-009: V4L2 receiver device registered as radio18
[    6.608304] vivid-009: V4L2 transmitter device registered as radio19
[    6.609167] vivid-010: using single planar format API
[    6.616229] vivid-010: CEC adapter cec20 registered for HDMI input 0
[    6.617113] vivid-010: V4L2 capture device registered as video23
[    6.617902] vivid-010: CEC adapter cec21 registered for HDMI output 0
[    6.618699] vivid-010: V4L2 output device registered as video24
[    6.619433] vivid-010: V4L2 capture device registered as vbi20, supports raw and sliced VBI
[    6.620361] vivid-010: V4L2 output device registered as vbi21, supports raw and sliced VBI
[    6.621696] vivid-010: V4L2 capture device registered as swradio10
[    6.622400] vivid-010: V4L2 receiver device registered as radio20
[    6.623502] vivid-010: V4L2 transmitter device registered as radio21
[    6.624453] vivid-011: using multiplanar format API
[    6.631344] vivid-011: CEC adapter cec22 registered for HDMI input 0
[    6.632065] vivid-011: V4L2 capture device registered as video25
[    6.632836] vivid-011: CEC adapter cec23 registered for HDMI output 0
[    6.633571] vivid-011: V4L2 output device registered as video26
[    6.634253] vivid-011: V4L2 capture device registered as vbi22, supports raw and sliced VBI
[    6.635123] vivid-011: V4L2 output device registered as vbi23, supports raw and sliced VBI
[    6.635981] vivid-011: V4L2 capture device registered as swradio11
[    6.636715] vivid-011: V4L2 receiver device registered as radio22
[    6.637425] vivid-011: V4L2 transmitter device registered as radio23
[    6.638196] vivid-012: using single planar format API
[    6.645198] vivid-012: CEC adapter cec24 registered for HDMI input 0
[    6.645990] vivid-012: V4L2 capture device registered as video27
[    6.646745] vivid-012: CEC adapter cec25 registered for HDMI output 0
[    6.647473] vivid-012: V4L2 output device registered as video28
[    6.648152] vivid-012: V4L2 capture device registered as vbi24, supports raw and sliced VBI
[    6.649006] vivid-012: V4L2 output device registered as vbi25, supports raw and sliced VBI
[    6.649878] vivid-012: V4L2 capture device registered as swradio12
[    6.650678] vivid-012: V4L2 receiver device registered as radio24
[    6.651441] vivid-012: V4L2 transmitter device registered as radio25
[    6.652218] vivid-013: using multiplanar format API
[    6.659615] vivid-013: CEC adapter cec26 registered for HDMI input 0
[    6.660590] vivid-013: V4L2 capture device registered as video29
[    6.661323] vivid-013: CEC adapter cec27 registered for HDMI output 0
[    6.662022] vivid-013: V4L2 output device registered as video30
[    6.662673] vivid-013: V4L2 capture device registered as vbi26, supports raw and sliced VBI
[    6.663562] vivid-013: V4L2 output device registered as vbi27, supports raw and sliced VBI
[    6.664419] vivid-013: V4L2 capture device registered as swradio13
[    6.665247] vivid-013: V4L2 receiver device registered as radio26
[    6.666019] vivid-013: V4L2 transmitter device registered as radio27
[    6.666764] vivid-014: using single planar format API
[    6.673725] vivid-014: CEC adapter cec28 registered for HDMI input 0
[    6.674471] vivid-014: V4L2 capture device registered as video31
[    6.675234] vivid-014: CEC adapter cec29 registered for HDMI output 0
[    6.675962] vivid-014: V4L2 output device registered as video32
[    6.676644] vivid-014: V4L2 capture device registered as vbi28, supports raw and sliced VBI
[    6.677511] vivid-014: V4L2 output device registered as vbi29, supports raw and sliced VBI
[    6.678372] vivid-014: V4L2 capture device registered as swradio14
[    6.679077] vivid-014: V4L2 receiver device registered as radio28
[    6.679763] vivid-014: V4L2 transmitter device registered as radio29
[    6.680818] vivid-015: using multiplanar format API
[    6.688723] vivid-015: CEC adapter cec30 registered for HDMI input 0
[    6.689466] vivid-015: V4L2 capture device registered as video33
[    6.690357] vivid-015: CEC adapter cec31 registered for HDMI output 0
[    6.691106] vivid-015: V4L2 output device registered as video34
[    6.691785] vivid-015: V4L2 capture device registered as vbi30, supports raw and sliced VBI
[    6.692697] vivid-015: V4L2 output device registered as vbi31, supports raw and sliced VBI
[    6.693617] vivid-015: V4L2 capture device registered as swradio15
[    6.694315] vivid-015: V4L2 receiver device registered as radio30
[    6.694992] vivid-015: V4L2 transmitter device registered as radio31
[    6.696513] vim2m vim2m.0: Device registered as /dev/video35
[    6.698386] vicodec vicodec.0: Device registered as /dev/video36
[    6.699278] vicodec vicodec.0: Device registered as /dev/video37
[    6.700872] usbcore: registered new interface driver ttusb-dec
[    6.701595] usbcore: registered new interface driver ttusb
[    6.702230] usbcore: registered new interface driver dvb_usb_vp7045
[    6.702870] usbcore: registered new interface driver dvb_usb_vp702x
[    6.703552] usbcore: registered new interface driver dvb_usb_gp8psk
[    6.704221] usbcore: registered new interface driver dvb_usb_dtt200u
[    6.704873] usbcore: registered new interface driver dvb_usb_a800
[    6.705768] usbcore: registered new interface driver dvb_usb_dibusb_mb
[    6.706744] usbcore: registered new interface driver dvb_usb_dibusb_mc
[    6.707806] usbcore: registered new interface driver dvb_usb_nova_t_usb2
[    6.708856] usbcore: registered new interface driver dvb_usb_umt_010
[    6.709578] usbcore: registered new interface driver dvb_usb_m920x
[    6.710541] usbcore: registered new interface driver dvb_usb_digitv
[    6.711196] usbcore: registered new interface driver dvb_usb_cxusb
[    6.711808] usbcore: registered new interface driver dvb_usb_ttusb2
[    6.712507] usbcore: registered new interface driver dvb_usb_dib0700
[    6.713134] usbcore: registered new interface driver opera1
[    6.713713] usbcore: registered new interface driver dvb_usb_af9005
[    6.714668] usbcore: registered new interface driver pctv452e
[    6.715414] usbcore: registered new interface driver dw2102
[    6.716238] usbcore: registered new interface driver dvb_usb_dtv5100
[    6.717200] usbcore: registered new interface driver cinergyT2
[    6.717937] usbcore: registered new interface driver dvb_usb_az6027
[    6.719061] usbcore: registered new interface driver dvb_usb_technisat_usb2
[    6.720020] usbcore: registered new interface driver dvb_usb_af9015
[    6.720896] usbcore: registered new interface driver dvb_usb_af9035
[    6.721592] usbcore: registered new interface driver dvb_usb_anysee
[    6.722274] usbcore: registered new interface driver dvb_usb_au6610
[    6.722955] usbcore: registered new interface driver dvb_usb_az6007
[    6.723742] usbcore: registered new interface driver dvb_usb_ce6230
[    6.724381] usbcore: registered new interface driver dvb_usb_ec168
[    6.724991] usbcore: registered new interface driver dvb_usb_lmedm04
[    6.725610] usbcore: registered new interface driver dvb_usb_gl861
[    6.726249] usbcore: registered new interface driver dvb_usb_mxl111sf
[    6.726907] usbcore: registered new interface driver dvb_usb_rtl28xxu
[    6.727802] usbcore: registered new interface driver dvb_usb_dvbsky
[    6.728681] usbcore: registered new interface driver zd1301
[    6.729700] usbcore: registered new interface driver smsusb
[    6.730564] usbcore: registered new interface driver b2c2_flexcop_usb
[    6.731215] usbcore: registered new interface driver s2255
[    6.731866] usbcore: registered new interface driver uvcvideo
[    6.732306] USB Video Class driver (1.1.1)
[    6.732617] gspca_main: v2.14.0 registered
[    6.733057] usbcore: registered new interface driver benq
[    6.733593] usbcore: registered new interface driver conex
[    6.734138] usbcore: registered new interface driver cpia1
[    6.734675] usbcore: registered new interface driver dtcs033
[    6.735234] usbcore: registered new interface driver etoms
[    6.735785] usbcore: registered new interface driver finepix
[    6.736342] usbcore: registered new interface driver jeilinj
[    6.736895] usbcore: registered new interface driver jl2005bcd
[    6.737573] usbcore: registered new interface driver kinect
[    6.738361] usbcore: registered new interface driver konica
[    6.739078] usbcore: registered new interface driver mars
[    6.740008] usbcore: registered new interface driver mr97310a
[    6.741893] usbcore: registered new interface driver nw80x
[    6.742490] usbcore: registered new interface driver ov519
[    6.743037] usbcore: registered new interface driver ov534
[    6.743587] usbcore: registered new interface driver ov534_9
[    6.744172] usbcore: registered new interface driver pac207
[    6.744803] usbcore: registered new interface driver gspca_pac7302
[    6.745808] usbcore: registered new interface driver pac7311
[    6.746597] usbcore: registered new interface driver se401
[    6.747363] usbcore: registered new interface driver sn9c2028
[    6.748450] usbcore: registered new interface driver gspca_sn9c20x
[    6.749589] usbcore: registered new interface driver sonixb
[    6.750534] usbcore: registered new interface driver sonixj
[    6.751217] usbcore: registered new interface driver spca500
[    6.751849] usbcore: registered new interface driver spca501
[    6.752480] usbcore: registered new interface driver spca505
[    6.753110] usbcore: registered new interface driver spca506
[    6.753709] usbcore: registered new interface driver spca508
[    6.754297] usbcore: registered new interface driver spca561
[    6.754864] usbcore: registered new interface driver spca1528
[    6.755447] usbcore: registered new interface driver sq905
[    6.755999] usbcore: registered new interface driver sq905c
[    6.756571] usbcore: registered new interface driver sq930x
[    6.757182] usbcore: registered new interface driver sunplus
[    6.758067] usbcore: registered new interface driver stk014
[    6.758810] usbcore: registered new interface driver stk1135
[    6.759841] usbcore: registered new interface driver stv0680
[    6.760613] usbcore: registered new interface driver t613
[    6.761291] usbcore: registered new interface driver gspca_topro
[    6.761911] usbcore: registered new interface driver touptek
[    6.762499] usbcore: registered new interface driver tv8532
[    6.763065] usbcore: registered new interface driver vc032x
[    6.763641] usbcore: registered new interface driver vicam
[    6.764227] usbcore: registered new interface driver xirlink-cit
[    6.764882] usbcore: registered new interface driver gspca_zc3xx
[    6.765502] usbcore: registered new interface driver ALi m5602
[    6.766108] usbcore: registered new interface driver STV06xx
[    6.766781] usbcore: registered new interface driver gspca_gl860
[    6.767583] usbcore: registered new interface driver Philips webcam
[    6.768366] usbcore: registered new interface driver airspy
[    6.769335] usbcore: registered new interface driver hackrf
[    6.770226] usbcore: registered new interface driver msi2500
[    6.770709] au0828: au0828 driver loaded
[    6.771207] usbcore: registered new interface driver au0828
[    6.771789] usbcore: registered new interface driver hdpvr
[    6.772551] usbcore: registered new interface driver pvrusb2
[    6.772995] pvrusb2: V4L in-tree version:Hauppauge WinTV-PVR-USB2 MPEG2 Encoder/Tuner
[    6.773600] pvrusb2: Debug mask is 31 (0x1f)
[    6.774112] usbcore: registered new interface driver cx231xx
[    6.774832] usbcore: registered new interface driver em28xx
[    6.775496] em28xx: Registered (Em28xx v4l2 Extension) extension
[    6.776159] em28xx: Registered (Em28xx Audio Extension) extension
[    6.776720] em28xx: Registered (Em28xx dvb Extension) extension
[    6.777248] em28xx: Registered (Em28xx Input Extension) extension
[    6.778170] usbcore: registered new interface driver usbtv
[    6.779579] usbcore: registered new interface driver go7007
[    6.780226] usbcore: registered new interface driver go7007-loader
[    6.781071] usbcore: registered new interface driver Abilis Systems as10x usb driver
[    6.782164] usbcore: registered new interface driver radioshark
[    6.782805] usbcore: registered new interface driver radioshark2
[    6.783488] usbcore: registered new interface driver dsbr100
[    6.784154] usbcore: registered new interface driver radio-si470x
[    6.784935] usbcore: registered new interface driver radio-usb-si4713
[    6.785579] usbcore: registered new interface driver radio-mr800
[    6.786406] usbcore: registered new interface driver radio-keene
[    6.787262] usbcore: registered new interface driver radio-ma901
[    6.788038] usbcore: registered new interface driver radio-raremono
[    6.789882] usbcore: registered new interface driver pcwd_usb
[    6.822135] device-mapper: uevent: version 1.0.3
[    6.823333] device-mapper: ioctl: 4.39.0-ioctl (2018-04-03) initialised: dm-devel@redhat.com
[    6.824831] device-mapper: multipath round-robin: version 1.2.0 loaded
[    6.825345] device-mapper: multipath queue-length: version 0.2.0 loaded
[    6.825849] device-mapper: multipath service-time: version 0.3.0 loaded
[    6.826854] device-mapper: raid: Loading target version 1.14.0
[    6.828296] Bluetooth: HCI UART driver ver 2.3
[    6.828651] Bluetooth: HCI UART protocol H4 registered
[    6.829064] Bluetooth: HCI UART protocol BCSP registered
[    6.829629] Bluetooth: HCI UART protocol LL registered
[    6.830172] Bluetooth: HCI UART protocol Three-wire (H5) registered
[    6.830995] Bluetooth: HCI UART protocol QCA registered
[    6.831417] Bluetooth: HCI UART protocol AG6XX registered
[    6.831890] Bluetooth: HCI UART protocol Marvell registered
[    6.832701] usbcore: registered new interface driver bcm203x
[    6.833468] usbcore: registered new interface driver bpa10x
[    6.834047] usbcore: registered new interface driver bfusb
[    6.835664] usbcore: registered new interface driver btusb
[    6.836834] usbcore: registered new interface driver ath3k
[    6.837613] Modular ISDN core version 1.1.29
[    6.838380] NET: Registered protocol family 34
[    6.838770] DSP module 2.0
[    6.839008] mISDN_dsp: DSP clocks every 80 samples. This equals 1 jiffies.
[    6.845895] mISDN: Layer-1-over-IP driver Rev. 2.00
[    6.846776] 0 virtual devices registered
[    6.847331] usbcore: registered new interface driver HFC-S_USB
[    6.847824] VUB300 Driver rom wait states = 1C irqpoll timeout = 0400
[    6.848431] usbcore: registered new interface driver vub300
[    6.849593] usbcore: registered new interface driver ushc
[    6.852804] iscsi: registered transport (iser)
[    6.853296] Driver 'memconsole' was unable to register with bus_type 'coreboot' because the bus was not initialized.
[    6.854106] Driver 'vpd' was unable to register with bus_type 'coreboot' because the bus was not initialized.
[    6.858613] hidraw: raw HID events driver (C) Jiri Kosina
[    6.865604] usbcore: registered new interface driver usbhid
[    6.866037] usbhid: USB HID core driver
[    6.871860] NET: Registered protocol family 40
[    6.872783] usbcore: registered new interface driver prism2_usb
[    6.873256] comedi: version 0.7.76 - http://www.comedi.org
[    6.882528] usbcore: registered new interface driver dt9812
[    6.883413] usbcore: registered new interface driver ni6501
[    6.884222] usbcore: registered new interface driver usbdux
[    6.884887] usbcore: registered new interface driver usbduxfast
[    6.885492] usbcore: registered new interface driver usbduxsigma
[    6.886107] usbcore: registered new interface driver vmk80xx
[    6.886756] usbcore: registered new interface driver r8712u
[    6.887192] most_core: init()
[    6.888380] usbcore: registered new interface driver es2_ap_driver
[    6.888970] greybus: registered new driver hid
[    6.889527] greybus: registered new driver gbphy
[    6.890004] gb_gbphy: registered new driver usb
[    6.890987] erofs: initializing erofs 1.0pre1
[    6.892098] erofs: successfully to initialize erofs
[    6.892497] asus_wmi: Asus Management GUID not found
[    6.920820] usbcore: registered new interface driver snd-usb-audio
[    6.921419] usbcore: registered new interface driver snd-ua101
[    6.921959] usbcore: registered new interface driver snd-usb-usx2y
[    6.922526] usbcore: registered new interface driver snd-usb-us122l
[    6.923107] usbcore: registered new interface driver snd-usb-caiaq
[    6.923667] usbcore: registered new interface driver snd-usb-6fire
[    6.924242] usbcore: registered new interface driver snd-usb-hiface
[    6.924789] usbcore: registered new interface driver snd-bcd2000
[    6.925320] usbcore: registered new interface driver snd_usb_pod
[    6.925848] usbcore: registered new interface driver snd_usb_podhd
[    6.926398] usbcore: registered new interface driver snd_usb_toneport
[    6.926958] usbcore: registered new interface driver snd_usb_variax
[    6.930361] drop_monitor: Initializing network drop monitor service
[    6.931257] NET: Registered protocol family 26
[    6.931702] GACT probability on
[    6.931996] Mirror/redirect action on
[    6.932422] Simple TC action Loaded
[    6.933720] netem: version 1.3
[    6.934234] u32 classifier
[    6.934453]     Performance counters on
[    6.934753]     Actions configured
[    6.936114] nf_conntrack_irc: failed to register helpers
[    6.936560] nf_conntrack_sane: failed to register helpers
[    6.942559] nf_conntrack_sip: failed to register helpers
[    6.944241] xt_time: kernel timezone is -0000
[    6.944658] IPVS: Registered protocols (TCP, UDP, SCTP, AH, ESP)
[    6.945458] IPVS: Connection hash table configured (size=4096, memory=64Kbytes)
[    6.946811] IPVS: ipvs loaded.
[    6.947077] IPVS: [rr] scheduler registered.
[    6.947418] IPVS: [wrr] scheduler registered.
[    6.947759] IPVS: [lc] scheduler registered.
[    6.948097] IPVS: [wlc] scheduler registered.
[    6.948437] IPVS: [fo] scheduler registered.
[    6.948770] IPVS: [ovf] scheduler registered.
[    6.949123] IPVS: [lblc] scheduler registered.
[    6.949477] IPVS: [lblcr] scheduler registered.
[    6.949829] IPVS: [dh] scheduler registered.
[    6.950167] IPVS: [sh] scheduler registered.
[    6.950974] IPVS: [mh] scheduler registered.
[    6.951321] IPVS: [sed] scheduler registered.
[    6.951658] IPVS: [nq] scheduler registered.
[    6.952038] IPVS: ftp: loaded support on port[0] = 21
[    6.952463] IPVS: [sip] pe registered.
[    6.952828] ipip: IPv4 and MPLS over IPv4 tunneling driver
[    6.954199] gre: GRE over IPv4 demultiplexor driver
[    6.954586] ip_gre: GRE over IPv4 tunneling driver
[    6.957481] IPv4 over IPsec tunneling driver
[    6.960477] Initializing XFRM netlink socket
[    6.960993] IPsec XFRM device driver
[    6.963229] NET: Registered protocol family 10
[    6.972233] Segment Routing with IPv6
[    6.972837] mip6: Mobile IPv6
[    6.974823] sit: IPv6, IPv4 and MPLS over IPv4 tunneling driver
[    6.976864] ip6_gre: GRE over IPv6 tunneling driver
[    6.978062] NET: Registered protocol family 17
[    6.978550] NET: Registered protocol family 15
[    6.979217] Bridge firewalling registered
[    6.982309] NET: Registered protocol family 9
[    6.982725] X25: Linux Version 0.2
[    6.997449] NET: Registered protocol family 6
[    7.013287] NET: Registered protocol family 11
[    7.013746] NET: Registered protocol family 3
[    7.014112] can: controller area network core (rev 20170425 abi 9)
[    7.014888] NET: Registered protocol family 29
[    7.015246] can: raw protocol (rev 20170425)
[    7.015610] can: broadcast manager protocol (rev 20170425 t)
[    7.016055] can: netlink gateway (rev 20170425) max_hops=1
[    7.017420] Bluetooth: RFCOMM TTY layer initialized
[    7.017815] Bluetooth: RFCOMM socket layer initialized
[    7.018239] Bluetooth: RFCOMM ver 1.11
[    7.018555] Bluetooth: BNEP (Ethernet Emulation) ver 1.3
