c[?7l[2J[0mSeaBIOS (version rel-1.16.0-0-gd239552ce722-prebuilt.qemu.org)


iPXE (http://ipxe.org) 00:03.0 CA00 PCI2.10 PnP PMM+7FF91000+7FEF1000 CA00
Press Ctrl-B to configure iPXE (PCI 00:03.0)...                                                                               


Booting from ROM..c[?7l[2Jearly console in extract_kernel
input_data: 0x000000000bc432bf
input_len: 0x00000000045bde5a
output: 0x0000000001000000
output_len: 0x000000000de0aad8
kernel_total_size: 0x000000000f226000
needed_size: 0x000000000f400000
trampoline_32bit: 0x000000000009d000

Decompressing Linux... Parsing ELF... done.
Booting the kernel.
[    0.000000][    T0] Linux version 5.11.0-v5.11 (root@xpf.sh.intel.com) (gcc (GCC) 8.5.0 20210514 (Red Hat 8.5.0-20), GNU ld version 2.36.1-2.el8) #1 SMP PREEMPT Fri Dec 1 20:05:38 CST 2023
[    0.000000][    T0] Command line: console=ttyS0 root=/dev/sda1 earlyprintk=serial net.ifnames=0 thunderbolt.dyndbg plymouth.enable=0
[    0.000000][    T0] KERNEL supported cpus:
[    0.000000][    T0]   Intel GenuineIntel
[    0.000000][    T0]   AMD AuthenticAMD
[    0.000000][    T0] x86/fpu: Supporting XSAVE feature 0x001: 'x87 floating point registers'
[    0.000000][    T0] x86/fpu: Supporting XSAVE feature 0x002: 'SSE registers'
[    0.000000][    T0] x86/fpu: Supporting XSAVE feature 0x004: 'AVX registers'
[    0.000000][    T0] x86/fpu: Supporting XSAVE feature 0x008: 'MPX bounds registers'
[    0.000000][    T0] x86/fpu: Supporting XSAVE feature 0x010: 'MPX CSR'
[    0.000000][    T0] x86/fpu: Supporting XSAVE feature 0x020: 'AVX-512 opmask'
[    0.000000][    T0] x86/fpu: Supporting XSAVE feature 0x040: 'AVX-512 Hi256'
[    0.000000][    T0] x86/fpu: Supporting XSAVE feature 0x080: 'AVX-512 ZMM_Hi256'
[    0.000000][    T0] x86/fpu: xstate_offset[2]:  576, xstate_sizes[2]:  256
[    0.000000][    T0] x86/fpu: xstate_offset[3]:  832, xstate_sizes[3]:   64
[    0.000000][    T0] x86/fpu: xstate_offset[4]:  896, xstate_sizes[4]:   64
[    0.000000][    T0] x86/fpu: xstate_offset[5]:  960, xstate_sizes[5]:   64
[    0.000000][    T0] x86/fpu: xstate_offset[6]: 1024, xstate_sizes[6]:  512
[    0.000000][    T0] x86/fpu: xstate_offset[7]: 1536, xstate_sizes[7]: 1024
[    0.000000][    T0] x86/fpu: Enabled xstate features 0xff, context size is 2560 bytes, using 'compacted' format.
[    0.000000][    T0] BIOS-provided physical RAM map:
[    0.000000][    T0] BIOS-e820: [mem 0x0000000000000000-0x000000000009fbff] usable
[    0.000000][    T0] BIOS-e820: [mem 0x000000000009fc00-0x000000000009ffff] reserved
[    0.000000][    T0] BIOS-e820: [mem 0x00000000000f0000-0x00000000000fffff] reserved
[    0.000000][    T0] BIOS-e820: [mem 0x0000000000100000-0x000000007ffdffff] usable
[    0.000000][    T0] BIOS-e820: [mem 0x000000007ffe0000-0x000000007fffffff] reserved
[    0.000000][    T0] BIOS-e820: [mem 0x00000000feffc000-0x00000000feffffff] reserved
[    0.000000][    T0] BIOS-e820: [mem 0x00000000fffc0000-0x00000000ffffffff] reserved
[    0.000000][    T0] printk: bootconsole [earlyser0] enabled
[    0.000000][    T0] ERROR: earlyprintk= earlyser already used
[    0.000000][    T0] ERROR: earlyprintk= earlyser already used
[    0.000000][    T0] ERROR: earlyprintk= earlyser already used
[    0.000000][    T0] Malformed early option 'vsyscall'
[    0.000000][    T0] nopcid: PCID feature disabled
[    0.000000][    T0] NX (Execute Disable) protection: active
[    0.000000][    T0] SMBIOS 2.8 present.
[    0.000000][    T0] DMI: QEMU Standard PC (i440FX + PIIX, 1996), BIOS rel-1.16.0-0-gd239552ce722-prebuilt.qemu.org 04/01/2014
[    0.000000][    T0] Hypervisor detected: KVM
[    0.000000][    T0] kvm-clock: Using msrs 4b564d01 and 4b564d00
[    0.000000][    T0] kvm-clock: cpu 0, msr ea32001, primary cpu clock
[    0.000000][    T0] kvm-clock: using sched offset of 879533742 cycles
[    0.000541][    T0] clocksource: kvm-clock: mask: 0xffffffffffffffff max_cycles: 0x1cd42e4dffb, max_idle_ns: 881590591483 ns
[    0.002035][    T0] tsc: Detected 2999.998 MHz processor
[    0.009464][    T0] last_pfn = 0x7ffe0 max_arch_pfn = 0x400000000
[    0.010215][    T0] x86/PAT: Configuration [0-7]: WB  WC  UC- UC  WB  WP  UC- WT  
[    0.018990][    T0] found SMP MP-table at [mem 0x000f5ba0-0x000f5baf]
[    0.019587][    T0] Using GB pages for direct mapping
[    0.020783][    T0] ACPI: Early table checksum verification disabled
[    0.021328][    T0] ACPI: RSDP 0x00000000000F59C0 000014 (v00 BOCHS )
[    0.021887][    T0] ACPI: RSDT 0x000000007FFE1951 000034 (v01 BOCHS  BXPC     00000001 BXPC 00000001)
[    0.022687][    T0] ACPI: FACP 0x000000007FFE17FD 000074 (v01 BOCHS  BXPC     00000001 BXPC 00000001)
[    0.023503][    T0] ACPI: DSDT 0x000000007FFE0040 0017BD (v01 BOCHS  BXPC     00000001 BXPC 00000001)
[    0.024373][    T0] ACPI: FACS 0x000000007FFE0000 000040
[    0.024861][    T0] ACPI: APIC 0x000000007FFE1871 000080 (v01 BOCHS  BXPC     00000001 BXPC 00000001)
[    0.025653][    T0] ACPI: HPET 0x000000007FFE18F1 000038 (v01 BOCHS  BXPC     00000001 BXPC 00000001)
[    0.026445][    T0] ACPI: WAET 0x000000007FFE1929 000028 (v01 BOCHS  BXPC     00000001 BXPC 00000001)
[    0.028170][    T0] No NUMA configuration found
[    0.028555][    T0] Faking a node at [mem 0x0000000000000000-0x000000007ffdffff]
[    0.029184][    T0] Faking node 0 at [mem 0x0000000000000000-0x000000003fffffff] (1024MB)
[    0.029873][    T0] Faking node 1 at [mem 0x0000000040000000-0x000000007ffdffff] (1023MB)
[    0.031005][    T0] NODE_DATA(0) allocated [mem 0x3fffb000-0x3fffffff]
[    0.031694][    T0] NODE_DATA(1) allocated [mem 0x7ffda000-0x7ffdefff]
[    0.035965][    T0] Zone ranges:
[    0.036335][    T0]   DMA      [mem 0x0000000000001000-0x0000000000ffffff]
[    0.036993][    T0]   DMA32    [mem 0x0000000001000000-0x000000007ffdffff]
[    0.037640][    T0]   Normal   empty
[    0.037977][    T0]   Device   empty
[    0.038313][    T0] Movable zone start for each node
[    0.038772][    T0] Early memory node ranges
[    0.039175][    T0]   node   0: [mem 0x0000000000001000-0x000000000009efff]
[    0.039819][    T0]   node   0: [mem 0x0000000000100000-0x000000003fffffff]
[    0.040470][    T0]   node   1: [mem 0x0000000040000000-0x000000007ffdffff]
[    0.041127][    T0] Zeroed struct page in unavailable ranges: 130 pages
[    0.041134][    T0] Initmem setup node 0 [mem 0x0000000000001000-0x000000003fffffff]
[    0.049040][    T0] Initmem setup node 1 [mem 0x0000000040000000-0x000000007ffdffff]
[    0.088592][    T0] kasan: KernelAddressSanitizer initialized
[    0.089353][    T0] ACPI: PM-Timer IO Port: 0x608
[    0.089796][    T0] ACPI: LAPIC_NMI (acpi_id[0xff] dfl dfl lint[0x1])
[    0.090430][    T0] IOAPIC[0]: apic_id 0, version 17, address 0xfec00000, GSI 0-23
[    0.091150][    T0] ACPI: INT_SRC_OVR (bus 0 bus_irq 0 global_irq 2 dfl dfl)
[    0.091809][    T0] ACPI: INT_SRC_OVR (bus 0 bus_irq 5 global_irq 5 high level)
[    0.092494][    T0] ACPI: INT_SRC_OVR (bus 0 bus_irq 9 global_irq 9 high level)
[    0.093177][    T0] ACPI: INT_SRC_OVR (bus 0 bus_irq 10 global_irq 10 high level)
[    0.093831][    T0] ACPI: INT_SRC_OVR (bus 0 bus_irq 11 global_irq 11 high level)
[    0.094562][    T0] Using ACPI (MADT) for SMP configuration information
[    0.095177][    T0] ACPI: HPET id: 0x8086a201 base: 0xfed00000
[    0.095724][    T0] TSC deadline timer available
[    0.096160][    T0] smpboot: Allowing 2 CPUs, 0 hotplug CPUs
[    0.096800][    T0] kvm-guest: KVM setup pv remote TLB flush
[    0.097576][    T0] kvm-guest: setup PV sched yield
[    0.098238][    T0] PM: hibernation: Registered nosave memory: [mem 0x00000000-0x00000fff]
[    0.099228][    T0] PM: hibernation: Registered nosave memory: [mem 0x0009f000-0x0009ffff]
[    0.100190][    T0] PM: hibernation: Registered nosave memory: [mem 0x000a0000-0x000effff]
[    0.101145][    T0] PM: hibernation: Registered nosave memory: [mem 0x000f0000-0x000fffff]
[    0.102122][    T0] [mem 0x80000000-0xfeffbfff] available for PCI devices
[    0.102875][    T0] Booting paravirtualized kernel on KVM
[    0.103571][    T0] clocksource: refined-jiffies: mask: 0xffffffff max_cycles: 0xffffffff, max_idle_ns: 19112604462750000 ns
[    0.149111][    T0] setup_percpu: NR_CPUS:8 nr_cpumask_bits:8 nr_cpu_ids:2 nr_node_ids:2
[    0.150627][    T0] percpu: Embedded 64 pages/cpu s222280 r8192 d31672 u2097152
[    0.151592][    T0] kvm-guest: KVM setup async PF for cpu 0
[    0.152184][    T0] kvm-guest: stealtime: cpu 0, msr 2ce1fb80
[    0.152796][    T0] kvm-guest: PV spinlocks enabled
[    0.153323][    T0] PV qspinlock hash table entries: 256 (order: 0, 4096 bytes, linear)
[    0.154193][    T0] Built 2 zonelists, mobility grouping on.  Total pages: 515945
[    0.154982][    T0] Policy zone: DMA32
[    0.155387][    T0] Kernel command line: earlyprintk=serial net.ifnames=0 sysctl.kernel.hung_task_all_cpu_backtrace=1 ima_policy=tcb nf-conntrack-ftp.ports=20000 nf-conntrack-tftp.ports=20000 nf-conntrack-sip.ports=20000 nf-conntrack-irc.ports=20000 nf-conntrack-sane.ports=20000 binder.debug_mask=0 rcupdate.rcu_expedited=1 rcupdate.rcu_cpu_stall_cputime=1 no_hash_pointers page_owner=on sysctl.vm.nr_hugepages=4 sysctl.vm.nr_overcommit_hugepages=4 secretmem.enable=1 sysctl.max_rcu_stall_to_panic=1 msr.allow_writes=off coredump_filter=0xffff root=/dev/sda console=ttyS0 vsyscall=native numa=fake=2 kvm-intel.nested=1 spec_store_bypass_disable=prctl nopcid vivid.n_devs=16 vivid.multiplanar=1,2,1,2,1,2,1,2,1,2,1,2,1,2,1,2 netrom.nr_ndevs=16 rose.rose_ndevs=16 smp.csd_lock_timeout=100000 watchdog_thresh=55 workqueue.watchdog_thresh=140 sysctl.net.core.netdev_unregister_timeout_secs=140 dummy_hcd.num=8 panic_on_warn=1 console=ttyS0 root=/dev/sda1 earlyprintk=serial net.ifnames=0 thunderb
[    0.160202][    T0] mem auto-init: stack:off, heap alloc:on, heap free:off
[    0.285728][    T0] Memory: 1521628K/2096632K available (137248K kernel code, 33287K rwdata, 28640K rodata, 2616K init, 24536K bss, 574748K reserved, 0K cma-reserved)
[    0.287523][    T0] SLUB: HWalign=64, Order=0-3, MinObjects=0, CPUs=2, Nodes=2
[    0.289884][    T0] Running RCU self tests
[    0.290281][    T0] rcu: Preemptible hierarchical RCU implementation.
[    0.290810][    T0] rcu: 	RCU lockdep checking is enabled.
[    0.291257][    T0] rcu: 	RCU restricting CPUs from NR_CPUS=8 to nr_cpu_ids=2.
[    0.291848][    T0] rcu: 	RCU callback double-/use-after-free debug enabled.
[    0.292427][    T0] rcu: 	RCU debug extended QS entry/exit.
[    0.292882][    T0] 	All grace periods are expedited (rcu_expedited).
[    0.293412][    T0] 	Trampoline variant of Tasks RCU enabled.
[    0.293882][    T0] 	Tracing variant of Tasks RCU enabled.
[    0.294334][    T0] rcu: RCU calculated value of scheduler-enlistment delay is 10 jiffies.
[    0.295008][    T0] rcu: Adjusting geometry for rcu_fanout_leaf=16, nr_cpu_ids=2
[    0.312723][    T0] NR_IRQS: 4352, nr_irqs: 440, preallocated irqs: 16
[    0.313825][    T0] random: get_random_bytes called from start_kernel+0x275/0x498 with crng_init=0
[    0.318996][    T0] Console: colour VGA+ 80x25
[    0.320208][    T0] printk: console [ttyS0] enabled
[    0.320208][    T0] printk: console [ttyS0] enabled
[    0.321016][    T0] printk: bootconsole [earlyser0] disabled
[    0.321016][    T0] printk: bootconsole [earlyser0] disabled
[    0.321948][    T0] Lock dependency validator: Copyright (c) 2006 Red Hat, Inc., Ingo Molnar
[    0.322653][    T0] ... MAX_LOCKDEP_SUBCLASSES:  8
[    0.323062][    T0] ... MAX_LOCK_DEPTH:          48
[    0.323487][    T0] ... MAX_LOCKDEP_KEYS:        8192
[    0.323949][    T0] ... CLASSHASH_SIZE:          4096
[    0.324427][    T0] ... MAX_LOCKDEP_ENTRIES:     32768
[    0.324905][    T0] ... MAX_LOCKDEP_CHAINS:      65536
[    0.325388][    T0] ... CHAINHASH_SIZE:          32768
[    0.325826][    T0]  memory used by lock dependency info: 6365 kB
[    0.326339][    T0]  memory used for stack traces: 4224 kB
[    0.326801][    T0]  per task-struct memory footprint: 1920 bytes
[    0.327397][    T0] mempolicy: Enabling automatic NUMA balancing. Configure with numa_balancing= or the kernel.numa_balancing sysctl
[    0.328404][    T0] ACPI: Core revision 20201113
[    0.329247][    T0] clocksource: hpet: mask: 0xffffffff max_cycles: 0xffffffff, max_idle_ns: 19112604467 ns
[    0.330267][    T0] APIC: Switch to symmetric I/O mode setup
[    0.330906][    T0] x2apic enabled
[    0.331374][    T0] Switched APIC routing to physical x2apic.
[    0.331862][    T0] kvm-guest: setup PV IPIs
[    0.333258][    T0] ..TIMER: vector=0x30 apic1=0 pin1=2 apic2=-1 pin2=-1
[    0.333853][    T0] clocksource: tsc-early: mask: 0xffffffffffffffff max_cycles: 0x2b3e43c8763, max_idle_ns: 440795360101 ns
[    0.334811][    T0] Calibrating delay loop (skipped) preset value.. 5999.99 BogoMIPS (lpj=29999980)
[    0.335622][    T0] pid_max: default: 32768 minimum: 301
[    0.336304][    T0] LSM: Security Framework initializing
[    0.336849][    T0] Yama: becoming mindful.
[    0.337348][    T0] TOMOYO Linux initialized
[    0.337933][    T0] AppArmor: AppArmor initialized
[    0.338362][    T0] LSM support for eBPF active
[    0.339615][    T0] Dentry cache hash table entries: 262144 (order: 9, 2097152 bytes, vmalloc)
[    0.345235][    T0] Inode-cache hash table entries: 131072 (order: 8, 1048576 bytes, vmalloc)
[    0.346111][    T0] Mount-cache hash table entries: 4096 (order: 3, 32768 bytes, vmalloc)
[    0.346818][    T0] Mountpoint-cache hash table entries: 4096 (order: 3, 32768 bytes, vmalloc)
[    0.349810][    T0] x86/cpu: User Mode Instruction Prevention (UMIP) activated
[    0.350961][    T0] Last level iTLB entries: 4KB 0, 2MB 0, 4MB 0
[    0.351562][    T0] Last level dTLB entries: 4KB 0, 2MB 0, 4MB 0, 1GB 0
[    0.352222][    T0] Spectre V1 : Mitigation: usercopy/swapgs barriers and __user pointer sanitization
[    0.353134][    T0] Spectre V2 : Mitigation: Enhanced IBRS
[    0.353612][    T0] Spectre V2 : Spectre v2 / SpectreRSB mitigation: Filling RSB on context switch
[    0.354401][    T0] Spectre V2 : mitigation: Enabling conditional Indirect Branch Prediction Barrier
[    0.354871][    T0] Speculative Store Bypass: Mitigation: Speculative Store Bypass disabled via prctl
[    0.355659][    T0] TAA: Mitigation: Clear CPU buffers
[    0.356778][    T0] Freeing SMP alternatives memory: 108K
[    0.357769][    T1] smpboot: CPU0: Intel(R) Core(TM) i9-10980XE CPU @ 3.00GHz (family: 0x6, model: 0x55, stepping: 0x7)
[    0.360269][    T1] Performance Events: Skylake events, full-width counters, Intel PMU driver.
[    0.361039][    T1] ... version:                2
[    0.361423][    T1] ... bit width:              48
[    0.361810][    T1] ... generic registers:      4
[    0.362191][    T1] ... value mask:             0000ffffffffffff
[    0.362669][    T1] ... max period:             00007fffffffffff
[    0.363152][    T1] ... fixed-purpose events:   3
[    0.363536][    T1] ... event mask:             000000070000000f
[    0.364561][    T1] rcu: Hierarchical SRCU implementation.
[    0.367348][    T1] smp: Bringing up secondary CPUs ...
[    0.368856][    T1] x86: Booting SMP configuration:
[    0.369278][    T1] .... node  #1, CPUs:      #1
[    0.021123][    T0] kvm-clock: cpu 1, msr ea32041, secondary cpu clock
[    0.370764][   T17] kvm-guest: KVM setup async PF for cpu 1
[    0.370764][   T17] kvm-guest: stealtime: cpu 1, msr 7ec1fb80
[    0.370764][    T1] smp: Brought up 2 nodes, 2 CPUs
[    0.370764][    T1] smpboot: Max logical packages: 1
[    0.370764][    T1] smpboot: Total of 2 processors activated (11999.99 BogoMIPS)
[    0.382625][    T1] allocated 20971520 bytes of page_ext
[    0.383362][    T1] Node 0, zone      DMA: page owner found early allocated 0 pages
[    0.389091][    T1] Node 0, zone    DMA32: page owner found early allocated 3940 pages
[    0.390410][    T1] Node 1, zone    DMA32: page owner found early allocated 3642 pages
[    0.391706][    T1] devtmpfs: initialized
[    0.391706][    T1] x86/mm: Memory block size: 128MB
[    0.409915][    T1] clocksource: jiffies: mask: 0xffffffff max_cycles: 0xffffffff, max_idle_ns: 19112604462750000 ns
[    0.414911][    T1] futex hash table entries: 512 (order: 4, 65536 bytes, vmalloc)
[    0.416979][   T27] kworker/u5:0 (27) used greatest stack depth: 27520 bytes left
[    0.420033][    T1] PM: RTC time: 02:18:18, date: 2023-12-03
[    0.422151][    T1] NET: Registered protocol family 16
[    0.425569][   T33] kworker/u5:1 (33) used greatest stack depth: 27120 bytes left
[    0.429975][    T1] audit: initializing netlink subsys (disabled)
[    0.430625][   T36] audit: type=2000 audit(1701569898.326:1): state=initialized audit_enabled=0 res=1
[    0.440626][    T1] thermal_sys: Registered thermal governor 'step_wise'
[    0.440637][    T1] thermal_sys: Registered thermal governor 'user_space'
[    0.441539][    T1] cpuidle: using governor menu
[    0.442599][    T1] NET: Registered protocol family 42
[    0.446981][    T1] ACPI: bus type PCI registered
[    0.449072][    T1] dca service started, version 1.12.1
[    0.449806][    T1] PCI: Using configuration type 1 for base access
[    0.519884][  T182] kworker/u5:0 (182) used greatest stack depth: 26784 bytes left
[    0.929029][    T1] HugeTLB registered 1.00 GiB page size, pre-allocated 0 pages
[    0.929666][    T1] HugeTLB registered 2.00 MiB page size, pre-allocated 0 pages
[    0.937488][    T1] cryptd: max_cpu_qlen set to 1000
[    0.967343][    T1] raid6: skip pq benchmark and using algorithm avx512x4
[    0.967920][    T1] raid6: using avx512x2 recovery algorithm
[    0.968933][    T1] ACPI: Added _OSI(Module Device)
[    0.969334][    T1] ACPI: Added _OSI(Processor Device)
[    0.969749][    T1] ACPI: Added _OSI(3.0 _SCP Extensions)
[    0.970181][    T1] ACPI: Added _OSI(Processor Aggregator Device)
[    0.970679][    T1] ACPI: Added _OSI(Linux-Dell-Video)
[    0.971099][    T1] ACPI: Added _OSI(Linux-Lenovo-NV-HDMI-Audio)
[    0.971588][    T1] ACPI: Added _OSI(Linux-HPI-Hybrid-Graphics)
[    0.997023][    T1] ACPI: 1 ACPI AML tables successfully acquired and loaded
[    1.041543][    T1] ACPI: Interpreter enabled
[    1.042112][    T1] ACPI: (supports S0 S3 S4 S5)
[    1.042504][    T1] ACPI: Using IOAPIC for interrupt routing
[    1.043213][    T1] PCI: Using host bridge windows from ACPI; if necessary, use "pci=nocrs" and report a bug
[    1.045912][    T1] ACPI: Enabled 2 GPEs in block 00 to 0F
[    1.116336][    T1] ACPI: PCI Root Bridge [PCI0] (domain 0000 [bus 00-ff])
[    1.116973][    T1] acpi PNP0A03:00: _OSC: OS supports [ASPM ClockPM Segments MSI HPX-Type3]
[    1.117933][    T1] acpi PNP0A03:00: fail to add MMCONFIG information, can't access extended PCI configuration space under this bridge.
[    1.121263][    T1] PCI host bridge to bus 0000:00
[    1.121672][    T1] pci_bus 0000:00: Unknown NUMA node; performance will be reduced
[    1.122295][    T1] pci_bus 0000:00: root bus resource [io  0x0000-0x0cf7 window]
[    1.122900][    T1] pci_bus 0000:00: root bus resource [io  0x0d00-0xffff window]
[    1.123502][    T1] pci_bus 0000:00: root bus resource [mem 0x000a0000-0x000bffff window]
[    1.124162][    T1] pci_bus 0000:00: root bus resource [mem 0x80000000-0xfebfffff window]
[    1.124982][    T1] pci_bus 0000:00: root bus resource [mem 0x100000000-0x17fffffff window]
[    1.125674][    T1] pci_bus 0000:00: root bus resource [bus 00-ff]
[    1.126348][    T1] pci 0000:00:00.0: [8086:1237] type 00 class 0x060000
[    1.132036][    T1] pci 0000:00:01.0: [8086:7000] type 00 class 0x060100
[    1.135673][    T1] pci 0000:00:01.1: [8086:7010] type 00 class 0x010180
[    1.137721][    T1] pci 0000:00:01.1: reg 0x20: [io  0xc040-0xc04f]
[    1.138837][    T1] pci 0000:00:01.1: legacy IDE quirk: reg 0x10: [io  0x01f0-0x01f7]
[    1.139463][    T1] pci 0000:00:01.1: legacy IDE quirk: reg 0x14: [io  0x03f6]
[    1.140059][    T1] pci 0000:00:01.1: legacy IDE quirk: reg 0x18: [io  0x0170-0x0177]
[    1.140756][    T1] pci 0000:00:01.1: legacy IDE quirk: reg 0x1c: [io  0x0376]
[    1.144294][    T1] pci 0000:00:01.3: [8086:7113] type 00 class 0x068000
[    1.146176][    T1] pci 0000:00:01.3: quirk: [io  0x0600-0x063f] claimed by PIIX4 ACPI
[    1.147114][    T1] pci 0000:00:01.3: quirk: [io  0x0700-0x070f] claimed by PIIX4 SMB
[    1.149853][    T1] pci 0000:00:02.0: [1234:1111] type 00 class 0x030000
[    1.151653][    T1] pci 0000:00:02.0: reg 0x10: [mem 0xfd000000-0xfdffffff pref]
[    1.153335][    T1] pci 0000:00:02.0: reg 0x18: [mem 0xfebf0000-0xfebf0fff]
[    1.157300][    T1] pci 0000:00:02.0: reg 0x30: [mem 0xfebe0000-0xfebeffff pref]
[    1.162198][    T1] pci 0000:00:03.0: [8086:100e] type 00 class 0x020000
[    1.163204][    T1] pci 0000:00:03.0: reg 0x10: [mem 0xfebc0000-0xfebdffff]
[    1.164148][    T1] pci 0000:00:03.0: reg 0x14: [io  0xc000-0xc03f]
[    1.167402][    T1] pci 0000:00:03.0: reg 0x30: [mem 0xfeb80000-0xfebbffff pref]
[    1.180290][    T1] ACPI: PCI Interrupt Link [LNKA] (IRQs 5 *10 11)
[    1.182374][    T1] ACPI: PCI Interrupt Link [LNKB] (IRQs 5 *10 11)
[    1.184232][    T1] ACPI: PCI Interrupt Link [LNKC] (IRQs 5 10 *11)
[    1.189052][    T1] ACPI: PCI Interrupt Link [LNKD] (IRQs 5 10 *11)
[    1.190179][    T1] ACPI: PCI Interrupt Link [LNKS] (IRQs *9)
[    1.196317][    T1] iommu: Default domain type: Translated 
[    1.197549][    T1] pci 0000:00:02.0: vgaarb: setting as boot VGA device
[    1.198145][    T1] pci 0000:00:02.0: vgaarb: VGA device added: decodes=io+mem,owns=io+mem,locks=none
[    1.198992][    T1] pci 0000:00:02.0: vgaarb: bridge control possible
[    1.199522][    T1] vgaarb: loaded
[    1.207114][    T1] SCSI subsystem initialized
[    1.210805][    T1] ACPI: bus type USB registered
[    1.211811][    T1] usbcore: registered new interface driver usbfs
[    1.212654][    T1] usbcore: registered new interface driver hub
[    1.214190][    T1] usbcore: registered new device driver usb
[    1.222560][    T1] mc: Linux media interface: v0.10
[    1.223185][    T1] videodev: Linux video capture interface: v2.00
[    1.224622][    T1] pps_core: LinuxPPS API ver. 1 registered
[    1.225020][    T1] pps_core: Software ver. 5.3.6 - Copyright 2005-2007 Rodolfo Giometti <giometti@linux.it>
[    1.226013][    T1] PTP clock support registered
[    1.226938][    T1] EDAC MC: Ver: 3.0.0
[    1.229796][    T1] Advanced Linux Sound Architecture Driver Initialized.
[    1.229796][    T1] Bluetooth: Core ver 2.22
[    1.234829][    T1] NET: Registered protocol family 31
[    1.234829][    T1] Bluetooth: HCI device and connection manager initialized
[    1.234829][    T1] Bluetooth: HCI socket layer initialized
[    1.234829][    T1] Bluetooth: L2CAP socket layer initialized
[    1.234829][    T1] Bluetooth: SCO socket layer initialized
[    1.234829][    T1] NET: Registered protocol family 8
[    1.234829][    T1] NET: Registered protocol family 20
[    1.234829][    T1] NetLabel: Initializing
[    1.234829][    T1] NetLabel:  domain hash size = 128
[    1.234829][    T1] NetLabel:  protocols = UNLABELED CIPSOv4 CALIPSO
[    1.234829][    T1] NetLabel:  unlabeled traffic allowed by default
[    1.235863][    T1] nfc: nfc_init: NFC Core ver 0.1
[    1.246140][    T1] NET: Registered protocol family 39
[    1.246140][    T1] PCI: Using ACPI for IRQ routing
[    1.247009][    T1] hpet0: at MMIO 0xfed00000, IRQs 2, 8, 0
[    1.247485][    T1] hpet0: 3 comparators, 64-bit 100.000000 MHz counter
[    1.254857][    T1] clocksource: Switched to clocksource kvm-clock
[    1.636022][    T1] VFS: Disk quotas dquot_6.6.0
[    1.636517][    T1] VFS: Dquot-cache hash table entries: 512 (order 0, 4096 bytes)
[    1.637585][    T1] FS-Cache: Loaded
[    1.638628][    T1] CacheFiles: Loaded
[    1.639277][    T1] TOMOYO: 2.6.0
[    1.639565][    T1] Mandatory Access Control activated.
[    1.641355][    T1] AppArmor: AppArmor Filesystem Enabled
[    1.644965][    T1] pnp: PnP ACPI init
[    1.651809][    T1] pnp: PnP ACPI: found 6 devices
[    1.724918][    T1] clocksource: acpi_pm: mask: 0xffffff max_cycles: 0xffffff, max_idle_ns: 2085701024 ns
[    1.726796][    T1] NET: Registered protocol family 2
[    1.729143][    T1] tcp_listen_portaddr_hash hash table entries: 1024 (order: 4, 81920 bytes, vmalloc)
[    1.730177][    T1] TCP established hash table entries: 16384 (order: 5, 131072 bytes, vmalloc)
[    1.732260][    T1] TCP bind hash table entries: 16384 (order: 8, 1179648 bytes, vmalloc)
[    1.733589][    T1] TCP: Hash tables configured (established 16384 bind 16384)
[    1.734799][    T1] MPTCP token hash table entries: 2048 (order: 5, 180224 bytes, vmalloc)
[    1.737557][    T1] UDP hash table entries: 1024 (order: 5, 163840 bytes, vmalloc)
[    1.738481][    T1] UDP-Lite hash table entries: 1024 (order: 5, 163840 bytes, vmalloc)
[    1.739640][    T1] NET: Registered protocol family 1
[    1.746289][    T1] RPC: Registered named UNIX socket transport module.
[    1.746916][    T1] RPC: Registered udp transport module.
[    1.747391][    T1] RPC: Registered tcp transport module.
[    1.747867][    T1] RPC: Registered tcp NFSv4.1 backchannel transport module.
[    1.750765][    T1] NET: Registered protocol family 44
[    1.751276][    T1] pci_bus 0000:00: resource 4 [io  0x0000-0x0cf7 window]
[    1.751886][    T1] pci_bus 0000:00: resource 5 [io  0x0d00-0xffff window]
[    1.752487][    T1] pci_bus 0000:00: resource 6 [mem 0x000a0000-0x000bffff window]
[    1.753150][    T1] pci_bus 0000:00: resource 7 [mem 0x80000000-0xfebfffff window]
[    1.753814][    T1] pci_bus 0000:00: resource 8 [mem 0x100000000-0x17fffffff window]
[    1.755213][    T1] pci 0000:00:01.0: PIIX3: Enabling Passive Release
[    1.755800][    T1] pci 0000:00:00.0: Limiting direct PCI/PCI transfers
[    1.756398][    T1] pci 0000:00:01.0: Activating ISA DMA hang workarounds
[    1.757224][    T1] pci 0000:00:02.0: Video device with shadowed ROM at [mem 0x000c0000-0x000dffff]
[    1.758269][    T1] PCI: CLS 0 bytes, default 64
[    1.766727][    T1] RAPL PMU: API unit is 2^-32 Joules, 0 fixed counters, 10737418240 ms ovfl timer
[    1.767512][    T1] kvm: no hardware support
[    1.767868][    T1] has_svm: not amd or hygon
[    1.768221][    T1] kvm: no hardware support
[    1.768573][    T1] clocksource: tsc: mask: 0xffffffffffffffff max_cycles: 0x2b3e43c8763, max_idle_ns: 440795360101 ns
[    4.154667][    T1] Initialise system trusted keyrings
[    4.156464][    T1] workingset: timestamp_bits=40 max_order=19 bucket_order=0
[    4.192221][    T1] DLM installed
[    4.197112][    T1] squashfs: version 4.0 (2009/01/31) Phillip Lougher
[    4.203574][    T1] FS-Cache: Netfs 'nfs' registered for caching
[    4.206042][    T1] NFS: Registering the id_resolver key type
[    4.206553][    T1] Key type id_resolver registered
[    4.206977][    T1] Key type id_legacy registered
[    4.207656][    T1] nfs4filelayout_init: NFSv4 File Layout Driver Registering...
[    4.208295][    T1] Installing knfsd (copyright (C) 1996 okir@monad.swb.de).
[    4.213014][    T1] FS-Cache: Netfs 'cifs' registered for caching
[    4.215403][    T1] Key type cifs.spnego registered
[    4.216003][    T1] Key type cifs.idmap registered
[    4.216868][    T1] ntfs: driver 2.1.32 [Flags: R/W].
[    4.218662][    T1] efs: 1.0a - http://aeschi.ch.eu.org/efs/
[    4.219390][    T1] jffs2: version 2.2. (NAND) (SUMMARY)  Â© 2001-2006 Red Hat, Inc.
[    4.223122][    T1] romfs: ROMFS MTD (C) 2007 Red Hat, Inc.
[    4.224062][    T1] QNX4 filesystem 0.2.3 registered.
[    4.224679][    T1] qnx6: QNX6 filesystem 1.0.0 registered.
[    4.226445][    T1] fuse: init (API version 7.33)
[    4.229190][    T1] orangefs_debugfs_init: called with debug mask: :none: :0:
[    4.230099][    T1] orangefs_init: module version upstream loaded
[    4.231317][    T1] JFS: nTxBlock = 8192, nTxLock = 65536
[    4.242698][    T1] SGI XFS with ACLs, security attributes, realtime, quota, no debug enabled
[    4.249224][    T1] 9p: Installing v9fs 9p2000 file system support
[    4.249982][    T1] FS-Cache: Netfs '9p' registered for caching
[    4.251338][    T1] NILFS version 2 loaded
[    4.251674][    T1] befs: version: 0.9.3
[    4.253177][    T1] ocfs2: Registered cluster interface o2cb
[    4.253990][    T1] ocfs2: Registered cluster interface user
[    4.255055][    T1] OCFS2 User DLM kernel interface loaded
[    4.262680][    T1] gfs2: GFS2 installed
[    4.270862][    T1] FS-Cache: Netfs 'ceph' registered for caching
[    4.271367][    T1] ceph: loaded (mds proto 32)
[    4.283093][    T1] NET: Registered protocol family 38
[    4.283908][    T1] xor: automatically using best checksumming function   avx       
[    4.284628][    T1] async_tx: api initialized (async)
[    4.285557][    T1] Key type asymmetric registered
[    4.285972][    T1] Asymmetric key parser 'x509' registered
[    4.286444][    T1] Asymmetric key parser 'pkcs8' registered
[    4.286898][    T1] Key type pkcs7_test registered
[    4.287471][    T1] Block layer SCSI generic (bsg) driver version 0.4 loaded (major 241)
[    4.288485][    T1] io scheduler mq-deadline registered
[    4.288917][    T1] io scheduler kyber registered
[    4.289712][    T1] io scheduler bfq registered
[    4.304164][    T1] vga16fb: mapped to 0x00000000a955f7af
[    4.783541][    T1] Console: switching to colour frame buffer device 80x30
[    5.059998][    T1] fb0: VGA16 VGA frame buffer device
[    5.061821][    T1] input: Power Button as /devices/LNXSYSTM:00/LNXPWRBN:00/input/input0
[    5.065728][    T1] ACPI: Power Button [PWRF]
[    5.071600][    T1] ioatdma: Intel(R) QuickData Technology Driver 5.00
[    5.342046][    T1] N_HDLC line discipline registered with maxframe=4096
[    5.342660][    T1] Serial: 8250/16550 driver, 4 ports, IRQ sharing enabled
[    5.343726][    T1] 00:04: ttyS0 at I/O 0x3f8 (irq = 4, base_baud = 115200) is a 16550A
[    5.362292][    T1] Initializing Nozomi driver 2.1d
[    5.367220][    T1] Non-volatile memory driver v1.3
[    5.368158][    T1] Linux agpgart interface v0.103
[    5.376963][    T1] [drm] Initialized vgem 1.0.0 20120112 for vgem on minor 0
[    5.381996][    T1] [drm] Initialized vkms 1.0.0 20180514 for vkms on minor 1
[    5.396903][    T1] platform vkms: [drm] fb1: vkmsdrmfb frame buffer device
[    5.397687][    T1] usbcore: registered new interface driver udl
[    5.398266][    T1] fb0: switching to bochsdrmfb from VGA16 VGA
[    5.548813][    T1] Console: switching to colour VGA+ 80x25
[    5.551561][    T1] bochs-drm 0000:00:02.0: vgaarb: deactivate vga console
[    5.558095][    T1] Console: switching to colour dummy device 80x25
[    5.561866][    T1] [drm] Found bochs VGA, ID 0xb0c5.
[    5.562311][    T1] [drm] Framebuffer size 16384 kB @ 0xfd000000, mmio @ 0xfebf0000.
[    5.564159][    T1] [TTM] Zone  kernel: Available graphics memory: 760996 KiB
[    5.566484][    T1] [drm] Found EDID data blob.
[    5.568610][    T1] [drm] Initialized bochs-drm 1.0.0 20130925 for 0000:00:02.0 on minor 2
[    5.576671][    T1] fbcon: bochs-drmdrmfb (fb0) is primary device
[    5.580519][    T1] Console: switching to colour frame buffer device 160x50
[    5.607789][    T1] bochs-drm 0000:00:02.0: [drm] fb0: bochs-drmdrmfb frame buffer device
[    5.648322][    T1] brd: module loaded
[    5.705526][    T1] loop: module loaded
[    5.809862][    T1] zram: Added device: zram0
[    5.815359][    T1] null_blk: module loaded
[    5.818571][    T1] Guest personality initialized and is inactive
[    5.819501][    T1] VMCI host device registered (name=vmci, major=10, minor=120)
[    5.820241][    T1] Initialized host personality
[    5.820906][    T1] usbcore: registered new interface driver rtsx_usb
[    5.822252][    T1] usbcore: registered new interface driver viperboard
[    5.823317][    T1] usbcore: registered new interface driver dln2
[    5.824358][    T1] usbcore: registered new interface driver pn533_usb
[    5.831436][    T1] nfcsim 0.2 initialized
[    5.831990][    T1] usbcore: registered new interface driver port100
[    5.832802][    T1] usbcore: registered new interface driver nfcmrvl
[    5.836514][    T1] Loading iSCSI transport class v2.0-870.
[    5.847259][    T1] st: Version 20160209, fixed bufsize 32768, s/g segs 256
[    5.873841][    T1] scsi host0: ata_piix
[    5.876806][    T1] scsi host1: ata_piix
[    5.877654][    T1] ata1: PATA max MWDMA2 cmd 0x1f0 ctl 0x3f6 bmdma 0xc040 irq 14
[    5.878261][    T1] ata2: PATA max MWDMA2 cmd 0x170 ctl 0x376 bmdma 0xc048 irq 15
[    5.883302][    T1] Rounding down aligned max_sectors from 4294967295 to 4294967288
[    5.884321][    T1] db_root: cannot open: /etc/target
[    5.885386][    T1] slram: not enough parameters.
[    5.890722][    T1] ftl_cs: FTL header not found.
[    5.922886][    T1] wireguard: WireGuard 1.0.0 loaded. See www.wireguard.com for information.
[    5.923615][    T1] wireguard: Copyright (C) 2015-2019 Jason A. Donenfeld <Jason@zx2c4.com>. All Rights Reserved.
[    5.924425][    T1] eql: Equalizer2002: Simon Janes (simon@ncm.com) and David S. Miller (davem@redhat.com)
[    5.930130][    T1] MACsec IEEE 802.1AE
[    5.933694][    T1] libphy: Fixed MDIO Bus: probed
[    5.939120][    T1] tun: Universal TUN/TAP device driver, 1.6
[    5.942775][    T1] vcan: Virtual CAN interface driver
[    5.943284][    T1] vxcan: Virtual CAN Tunnel driver
[    5.943703][    T1] slcan: serial line CAN interface driver
[    5.944156][    T1] slcan: 10 dynamic interface channels.
[    5.944603][    T1] CAN device driver interface
[    5.947178][    T1] usbcore: registered new interface driver usb_8dev
[    5.947885][    T1] usbcore: registered new interface driver ems_usb
[    5.948621][    T1] usbcore: registered new interface driver gs_usb
[    5.949329][    T1] usbcore: registered new interface driver kvaser_usb
[    5.950068][    T1] usbcore: registered new interface driver mcba_usb
[    5.950794][    T1] usbcore: registered new interface driver peak_usb
[    5.951772][    T1] e100: Intel(R) PRO/100 Network Driver
[    5.952215][    T1] e100: Copyright(c) 1999-2006 Intel Corporation
[    5.952935][    T1] e1000: Intel(R) PRO/1000 Network Driver
[    5.953388][    T1] e1000: Copyright (c) 1999-2006 Intel Corporation.
[    6.056208][ T3011] ata2.00: ATAPI: QEMU DVD-ROM, 2.5+, max UDMA/100
[    6.057035][ T3006] ata1.00: ATA-7: QEMU HARDDISK, 2.5+, max UDMA/100
[    6.057606][ T3006] ata1.00: 2097458 sectors, multi 16: LBA48 
[    6.060516][ T1082] scsi 0:0:0:0: Direct-Access     ATA      QEMU HARDDISK    2.5+ PQ: 0 ANSI: 5
[    6.064274][   T22] sd 0:0:0:0: [sda] 2097458 512-byte logical blocks: (1.07 GB/1.00 GiB)
[    6.065177][   T22] sd 0:0:0:0: [sda] Write Protect is off
[    6.065754][   T22] sd 0:0:0:0: [sda] Write cache: enabled, read cache: enabled, doesn't support DPO or FUA
[    6.070700][ T1082] sd 0:0:0:0: Attached scsi generic sg0 type 0
[    6.071757][   T22]  sda: sda1
[    6.073814][  T294] scsi 1:0:0:0: CD-ROM            QEMU     QEMU DVD-ROM     2.5+ PQ: 0 ANSI: 5
[    6.089051][   T22] sd 0:0:0:0: [sda] Attached SCSI disk
[    6.126207][  T294] sr 1:0:0:0: [sr0] scsi3-mmc drive: 4x/4x cd/rw xa/form2 tray
[    6.126914][  T294] cdrom: Uniform CD-ROM driver Revision: 3.20
[    6.190458][  T294] sr 1:0:0:0: Attached scsi generic sg1 type 5
[    7.222794][    T1] PCI Interrupt Link [LNKC] enabled at IRQ 11
[    7.587124][    T1] e1000 0000:00:03.0 eth1: (PCI:33MHz:32-bit) 52:54:00:12:34:56
[    7.587795][    T1] e1000 0000:00:03.0 eth1: Intel(R) PRO/1000 Network Connection
[    7.588904][    T1] e1000e: Intel(R) PRO/1000 Network Driver
[    7.589367][    T1] e1000e: Copyright(c) 1999 - 2015 Intel Corporation.
[    7.591454][    T1] mkiss: AX.25 Multikiss, Hans Albas PE1AYX
[    7.591995][    T1] AX.25: 6pack driver, Revision: 0.3.0
[    7.592498][    T1] AX.25: bpqether driver version 004
[    7.592947][    T1] PPP generic driver version 2.4.2
[    7.595102][    T1] PPP BSD Compression module registered
[    7.595614][    T1] PPP Deflate Compression module registered
[    7.596155][    T1] PPP MPPE Compression module registered
[    7.596639][    T1] NET: Registered protocol family 24
[    7.597137][    T1] PPTP driver version 0.8.5
[    7.598134][    T1] SLIP: version 0.8.4-NET3.019-NEWTTY (dynamic channels, max=256) (6 bit encapsulation enabled).
[    7.599031][    T1] CSLIP: code copyright 1989 Regents of the University of California.
[    7.599967][    T1] SLIP linefill/keepalive option.
[    7.600494][    T1] hdlc: HDLC support module revision 1.22
[    7.601022][    T1] LAPB Ethernet driver version 0.02
[    7.602975][    T1] usbcore: registered new interface driver ath9k_htc
[    7.603835][    T1] usbcore: registered new interface driver carl9170
[    7.604642][    T1] usbcore: registered new interface driver ath6kl_usb
[    7.605593][    T1] usbcore: registered new interface driver ar5523
[    7.606664][    T1] usbcore: registered new interface driver ath10k_usb
[    7.607575][    T1] mac80211_hwsim: initializing netlink
[    7.630772][    T1] usbcore: registered new interface driver atusb
[    7.637086][    T1] mac802154_hwsim mac802154_hwsim: Added 2 mac802154 hwsim hardware radios
[    7.638119][    T1] VMware vmxnet3 virtual NIC driver - version 1.5.0.0-k-NAPI
[    7.642175][    T1] usbcore: registered new interface driver catc
[    7.642828][    T1] usbcore: registered new interface driver kaweth
[    7.643332][    T1] pegasus: v0.9.3 (2013/04/25), Pegasus/Pegasus II USB Ethernet driver
[    7.644213][    T1] usbcore: registered new interface driver pegasus
[    7.646607][    T1] usbcore: registered new interface driver rtl8150
[    7.647583][    T1] usbcore: registered new interface driver r8152
[    7.648157][    T1] hso: drivers/net/usb/hso.c: Option Wireless
[    7.649754][    T1] usbcore: registered new interface driver hso
[    7.650928][    T1] usbcore: registered new interface driver lan78xx
[    7.651855][    T1] usbcore: registered new interface driver asix
[    7.652547][    T1] usbcore: registered new interface driver ax88179_178a
[    7.653547][    T1] usbcore: registered new interface driver cdc_ether
[    7.654236][    T1] usbcore: registered new interface driver cdc_eem
[    7.655263][    T1] usbcore: registered new interface driver dm9601
[    7.656697][    T1] usbcore: registered new interface driver sr9700
[    7.657873][    T1] usbcore: registered new interface driver CoreChips
[    7.658804][    T1] usbcore: registered new interface driver smsc75xx
[    7.659505][    T1] usbcore: registered new interface driver smsc95xx
[    7.660389][    T1] usbcore: registered new interface driver gl620a
[    7.661060][    T1] usbcore: registered new interface driver net1080
[    7.661991][    T1] usbcore: registered new interface driver plusb
[    7.662674][    T1] usbcore: registered new interface driver rndis_host
[    7.663847][    T1] usbcore: registered new interface driver cdc_subset
[    7.665565][    T1] usbcore: registered new interface driver zaurus
[    7.666702][    T1] usbcore: registered new interface driver MOSCHIP usb-ethernet driver
[    7.667739][    T1] usbcore: registered new interface driver int51x1
[    7.668413][    T1] usbcore: registered new interface driver cdc_phonet
[    7.669397][    T1] usbcore: registered new interface driver kalmia
[    7.670153][    T1] usbcore: registered new interface driver ipheth
[    7.671094][    T1] usbcore: registered new interface driver sierra_net
[    7.672257][    T1] usbcore: registered new interface driver cx82310_eth
[    7.672985][    T1] usbcore: registered new interface driver cdc_ncm
[    7.674103][    T1] usbcore: registered new interface driver huawei_cdc_ncm
[    7.675005][    T1] usbcore: registered new interface driver lg-vl600
[    7.675862][    T1] usbcore: registered new interface driver qmi_wwan
[    7.676658][    T1] usbcore: registered new interface driver cdc_mbim
[    7.677739][    T1] usbcore: registered new interface driver ch9200
[    7.678605][    T1] usbcore: registered new interface driver r8153_ecm
[    7.682916][    T1] VFIO - User Level meta-driver version: 0.3
[    7.692088][    T1] aoe: AoE v85 initialised.
[    7.695779][    T1] ehci_hcd: USB 2.0 'Enhanced' Host Controller (EHCI) Driver
[    7.696394][    T1] ehci-pci: EHCI PCI platform driver
[    7.697039][    T1] ehci-platform: EHCI generic platform driver
[    7.698068][    T1] ohci_hcd: USB 1.1 'Open' Host Controller (OHCI) Driver
[    7.698642][    T1] ohci-pci: OHCI PCI platform driver
[    7.703791][    T1] ohci-platform: OHCI generic platform driver
[    7.704435][    T1] uhci_hcd: USB Universal Host Controller Interface driver
[    7.708274][    T1] usbcore: registered new interface driver cdc_acm
[    7.708904][    T1] cdc_acm: USB Abstract Control Model driver for USB modems and ISDN adapters
[    7.709939][    T1] usbcore: registered new interface driver usblp
[    7.710721][    T1] usbcore: registered new interface driver cdc_wdm
[    7.711503][    T1] usbcore: registered new interface driver usbtmc
[    7.716168][    T1] usbcore: registered new interface driver uas
[    7.716914][    T1] usbcore: registered new interface driver usb-storage
[    7.717659][    T1] usbcore: registered new interface driver ums-alauda
[    7.718379][    T1] usbcore: registered new interface driver ums-cypress
[    7.719119][    T1] usbcore: registered new interface driver ums-datafab
[    7.719853][    T1] usbcore: registered new interface driver ums_eneub6250
[    7.720591][    T1] usbcore: registered new interface driver ums-freecom
[    7.721326][    T1] usbcore: registered new interface driver ums-isd200
[    7.722053][    T1] usbcore: registered new interface driver ums-jumpshot
[    7.722782][    T1] usbcore: registered new interface driver ums-karma
[    7.726836][    T1] usbcore: registered new interface driver ums-onetouch
[    7.727569][    T1] usbcore: registered new interface driver ums-realtek
[    7.728258][    T1] usbcore: registered new interface driver ums-sddr09
[    7.728987][    T1] usbcore: registered new interface driver ums-sddr55
[    7.729702][    T1] usbcore: registered new interface driver ums-usbat
[    7.730477][    T1] usbcore: registered new interface driver mdc800
[    7.730985][    T1] mdc800: v0.7.5 (30/10/2000):USB Driver for Mustek MDC800 Digital Camera
[    7.732288][    T1] usbcore: registered new interface driver microtekX6
[    7.734109][    T1] usbcore: registered new interface driver usbserial_generic
[    7.735788][    T1] usbserial: USB Serial support registered for generic
[    7.736537][    T1] usbcore: registered new interface driver aircable
[    7.737245][    T1] usbserial: USB Serial support registered for aircable
[    7.738236][    T1] usbcore: registered new interface driver ark3116
[    7.739469][    T1] usbserial: USB Serial support registered for ark3116
[    7.741082][    T1] usbcore: registered new interface driver belkin_sa
[    7.742121][    T1] usbserial: USB Serial support registered for Belkin / Peracom / GoHubs USB Serial Adapter
[    7.743429][    T1] usbcore: registered new interface driver ch341
[    7.744135][    T1] usbserial: USB Serial support registered for ch341-uart
[    7.745246][    T1] usbcore: registered new interface driver cp210x
[    7.746199][    T1] usbserial: USB Serial support registered for cp210x
[    7.747259][    T1] usbcore: registered new interface driver cyberjack
[    7.748349][    T1] usbserial: USB Serial support registered for Reiner SCT Cyberjack USB card reader
[    7.749701][    T1] usbcore: registered new interface driver cypress_m8
[    7.750997][    T1] usbserial: USB Serial support registered for DeLorme Earthmate USB
[    7.752009][    T1] usbserial: USB Serial support registered for HID->COM RS232 Adapter
[    7.752777][    T1] usbserial: USB Serial support registered for Nokia CA-42 V2 Adapter
[    7.753813][    T1] usbcore: registered new interface driver usb_debug
[    7.754773][    T1] usbserial: USB Serial support registered for debug
[    7.755560][    T1] usbserial: USB Serial support registered for xhci_dbc
[    7.756388][    T1] usbcore: registered new interface driver digi_acceleport
[    7.757228][    T1] usbserial: USB Serial support registered for Digi 2 port USB adapter
[    7.758183][    T1] usbserial: USB Serial support registered for Digi 4 port USB adapter
[    7.759181][    T1] usbcore: registered new interface driver io_edgeport
[    7.760468][    T1] usbserial: USB Serial support registered for Edgeport 2 port adapter
[    7.761890][    T1] usbserial: USB Serial support registered for Edgeport 4 port adapter
[    7.763270][    T1] usbserial: USB Serial support registered for Edgeport 8 port adapter
[    7.764423][    T1] usbserial: USB Serial support registered for EPiC device
[    7.765621][    T1] usbcore: registered new interface driver io_ti
[    7.766398][    T1] usbserial: USB Serial support registered for Edgeport TI 1 port adapter
[    7.767565][    T1] usbserial: USB Serial support registered for Edgeport TI 2 port adapter
[    7.768757][    T1] usbcore: registered new interface driver empeg
[    7.770281][    T1] usbserial: USB Serial support registered for empeg
[    7.771086][    T1] usbcore: registered new interface driver f81534a_ctrl
[    7.772098][    T1] usbcore: registered new interface driver f81232
[    7.773113][    T1] usbserial: USB Serial support registered for f81232
[    7.773850][    T1] usbserial: USB Serial support registered for f81534a
[    7.775541][    T1] usbcore: registered new interface driver f81534
[    7.776510][    T1] usbserial: USB Serial support registered for Fintek F81532/F81534
[    7.777894][    T1] usbcore: registered new interface driver ftdi_sio
[    7.778563][    T1] usbserial: USB Serial support registered for FTDI USB Serial Device
[    7.779580][    T1] usbcore: registered new interface driver garmin_gps
[    7.780474][    T1] usbserial: USB Serial support registered for Garmin GPS usb/tty
[    7.781247][    T1] usbcore: registered new interface driver ipaq
[    7.782367][    T1] usbserial: USB Serial support registered for PocketPC PDA
[    7.783327][    T1] usbcore: registered new interface driver ipw
[    7.783955][    T1] usbserial: USB Serial support registered for IPWireless converter
[    7.785012][    T1] usbcore: registered new interface driver ir_usb
[    7.785714][    T1] usbserial: USB Serial support registered for IR Dongle
[    7.786496][    T1] usbcore: registered new interface driver iuu_phoenix
[    7.787251][    T1] usbserial: USB Serial support registered for iuu_phoenix
[    7.788046][    T1] usbcore: registered new interface driver keyspan
[    7.788799][    T1] usbserial: USB Serial support registered for Keyspan - (without firmware)
[    7.789691][    T1] usbserial: USB Serial support registered for Keyspan 1 port adapter
[    7.790508][    T1] usbserial: USB Serial support registered for Keyspan 2 port adapter
[    7.791310][    T1] usbserial: USB Serial support registered for Keyspan 4 port adapter
[    7.792149][    T1] usbcore: registered new interface driver keyspan_pda
[    7.795384][    T1] usbserial: USB Serial support registered for Keyspan PDA
[    7.796187][    T1] usbserial: USB Serial support registered for Keyspan PDA - (prerenumeration)
[    7.797302][    T1] usbcore: registered new interface driver kl5kusb105
[    7.798021][    T1] usbserial: USB Serial support registered for KL5KUSB105D / PalmConnect
[    7.798893][    T1] usbcore: registered new interface driver kobil_sct
[    7.799967][    T1] usbserial: USB Serial support registered for KOBIL USB smart card terminal
[    7.801781][    T1] usbcore: registered new interface driver mct_u232
[    7.802791][    T1] usbserial: USB Serial support registered for MCT U232
[    7.804082][    T1] usbcore: registered new interface driver metro_usb
[    7.805837][    T1] usbserial: USB Serial support registered for Metrologic USB to Serial
[    7.807266][    T1] usbcore: registered new interface driver mos7720
[    7.808210][    T1] usbserial: USB Serial support registered for Moschip 2 port adapter
[    7.809010][    T1] usbcore: registered new interface driver mos7840
[    7.809700][    T1] usbserial: USB Serial support registered for Moschip 7840/7820 USB Serial Driver
[    7.811310][    T1] usbcore: registered new interface driver mxuport
[    7.811971][    T1] usbserial: USB Serial support registered for MOXA UPort
[    7.813364][    T1] usbcore: registered new interface driver navman
[    7.814019][    T1] usbserial: USB Serial support registered for navman
[    7.815220][    T1] usbcore: registered new interface driver omninet
[    7.816102][    T1] usbserial: USB Serial support registered for ZyXEL - omni.net lcd plus usb
[    7.816959][    T1] usbcore: registered new interface driver opticon
[    7.818082][    T1] usbserial: USB Serial support registered for opticon
[    7.819011][    T1] usbcore: registered new interface driver option
[    7.819657][    T1] usbserial: USB Serial support registered for GSM modem (1-port)
[    7.820863][    T1] usbcore: registered new interface driver oti6858
[    7.821735][    T1] usbserial: USB Serial support registered for oti6858
[    7.822430][    T1] usbcore: registered new interface driver pl2303
[    7.823490][    T1] usbserial: USB Serial support registered for pl2303
[    7.824413][    T1] usbcore: registered new interface driver qcaux
[    7.825086][    T1] usbserial: USB Serial support registered for qcaux
[    7.826186][    T1] usbcore: registered new interface driver qcserial
[    7.826861][    T1] usbserial: USB Serial support registered for Qualcomm USB modem
[    7.828057][    T1] usbcore: registered new interface driver quatech2
[    7.828948][    T1] usbserial: USB Serial support registered for Quatech 2nd gen USB to Serial Driver
[    7.830817][    T1] usbcore: registered new interface driver safe_serial
[    7.832014][    T1] usbserial: USB Serial support registered for safe_serial
[    7.833267][    T1] usbcore: registered new interface driver sierra
[    7.834136][    T1] usbserial: USB Serial support registered for Sierra USB modem
[    7.835483][    T1] usbcore: registered new interface driver usb_serial_simple
[    7.836288][    T1] usbserial: USB Serial support registered for carelink
[    7.837089][    T1] usbserial: USB Serial support registered for zio
[    7.837860][    T1] usbserial: USB Serial support registered for funsoft
[    7.839301][    T1] usbserial: USB Serial support registered for flashloader
[    7.840506][    T1] usbserial: USB Serial support registered for google
[    7.841675][    T1] usbserial: USB Serial support registered for libtransistor
[    7.842620][    T1] usbserial: USB Serial support registered for vivopay
[    7.843766][    T1] usbserial: USB Serial support registered for moto_modem
[    7.844465][    T1] usbserial: USB Serial support registered for motorola_tetra
[    7.845581][    T1] usbserial: USB Serial support registered for novatel_gps
[    7.846505][    T1] usbserial: USB Serial support registered for hp4x
[    7.847164][    T1] usbserial: USB Serial support registered for suunto
[    7.848094][    T1] usbserial: USB Serial support registered for siemens_mpi
[    7.849247][    T1] usbcore: registered new interface driver spcp8x5
[    7.849902][    T1] usbserial: USB Serial support registered for SPCP8x5
[    7.851019][    T1] usbcore: registered new interface driver ssu100
[    7.851894][    T1] usbserial: USB Serial support registered for Quatech SSU-100 USB to Serial Driver
[    7.853267][    T1] usbcore: registered new interface driver symbolserial
[    7.853957][    T1] usbserial: USB Serial support registered for symbol
[    7.854882][    T1] usbcore: registered new interface driver ti_usb_3410_5052
[    7.855840][    T1] usbserial: USB Serial support registered for TI USB 3410 1 port adapter
[    7.856656][    T1] usbserial: USB Serial support registered for TI USB 5052 2 port adapter
[    7.857959][    T1] usbcore: registered new interface driver upd78f0730
[    7.858947][    T1] usbserial: USB Serial support registered for upd78f0730
[    7.860414][    T1] usbcore: registered new interface driver visor
[    7.861289][    T1] usbserial: USB Serial support registered for Handspring Visor / Palm OS
[    7.862446][    T1] usbserial: USB Serial support registered for Sony Clie 5.0
[    7.863474][    T1] usbserial: USB Serial support registered for Sony Clie 3.5
[    7.864264][    T1] usbcore: registered new interface driver wishbone_serial
[    7.866897][    T1] usbserial: USB Serial support registered for wishbone_serial
[    7.867729][    T1] usbcore: registered new interface driver whiteheat
[    7.868763][    T1] usbserial: USB Serial support registered for Connect Tech - WhiteHEAT - (prerenumeration)
[    7.869714][    T1] usbserial: USB Serial support registered for Connect Tech - WhiteHEAT
[    7.870792][    T1] usbcore: registered new interface driver xsens_mt
[    7.871872][    T1] usbserial: USB Serial support registered for xsens_mt
[    7.872591][    T1] usbcore: registered new interface driver adutux
[    7.873676][    T1] usbcore: registered new interface driver appledisplay
[    7.874608][    T1] usbcore: registered new interface driver cypress_cy7c63
[    7.875431][    T1] usbcore: registered new interface driver cytherm
[    7.876124][    T1] usbcore: registered new interface driver emi26 - firmware loader
[    7.877010][    T1] usbcore: registered new interface driver emi62 - firmware loader
[    7.877837][    T1] usbcore: registered new interface driver idmouse
[    7.878552][    T1] usbcore: registered new interface driver iowarrior
[    7.879284][    T1] usbcore: registered new interface driver isight_firmware
[    7.880055][    T1] usbcore: registered new interface driver usblcd
[    7.880766][    T1] usbcore: registered new interface driver ldusb
[    7.881466][    T1] usbcore: registered new interface driver legousbtower
[    7.882489][    T1] usbcore: registered new interface driver usbtest
[    7.884966][    T1] usbcore: registered new interface driver usb_ehset_test
[    7.885725][    T1] usbcore: registered new interface driver trancevibrator
[    7.886449][    T1] usbcore: registered new interface driver uss720
[    7.887014][    T1] uss720: USB Parport Cable driver for Cables using the Lucent Technologies USS720 Chip
[    7.887761][    T1] uss720: NOTE: this is a special purpose driver to allow nonstandard
[    7.888394][    T1] uss720: protocols (eg. bitbang) over USS720 usb to parallel cables
[    7.889018][    T1] uss720: If you just want to connect to a printer, use usblp instead
[    7.890113][    T1] usbcore: registered new interface driver usbsevseg
[    7.891472][    T1] usbcore: registered new interface driver yurex
[    7.893051][    T1] usbcore: registered new interface driver chaoskey
[    7.893868][    T1] usbcore: registered new interface driver sisusb
[    7.894668][    T1] usbcore: registered new interface driver lvs
[    7.895970][    T1] usbcore: registered new interface driver cxacru
[    7.897272][    T1] usbcore: registered new interface driver speedtch
[    7.898055][    T1] usbcore: registered new interface driver ueagle-atm
[    7.898634][    T1] xusbatm: malformed module parameters
[    7.904163][    T1] dummy_hcd dummy_hcd.0: USB Host+Gadget Emulator, driver 02 May 2005
[    7.904857][    T1] dummy_hcd dummy_hcd.0: Dummy host controller
[    7.906420][    T1] dummy_hcd dummy_hcd.0: new USB bus registered, assigned bus number 1
[    7.910806][    T1] usb usb1: New USB device found, idVendor=1d6b, idProduct=0002, bcdDevice= 5.11
[    7.911584][    T1] usb usb1: New USB device strings: Mfr=3, Product=2, SerialNumber=1
[    7.912220][    T1] usb usb1: Product: Dummy host controller
[    7.912674][    T1] usb usb1: Manufacturer: Linux 5.11.0-v5.11 dummy_hcd
[    7.913215][    T1] usb usb1: SerialNumber: dummy_hcd.0
[    7.915780][    T1] hub 1-0:1.0: USB hub found
[    7.916421][    T1] hub 1-0:1.0: 1 port detected
[    7.919178][    T1] dummy_hcd dummy_hcd.1: USB Host+Gadget Emulator, driver 02 May 2005
[    7.919851][    T1] dummy_hcd dummy_hcd.1: Dummy host controller
[    7.920863][    T1] dummy_hcd dummy_hcd.1: new USB bus registered, assigned bus number 2
[    7.924461][    T1] usb usb2: New USB device found, idVendor=1d6b, idProduct=0002, bcdDevice= 5.11
[    7.927375][    T1] usb usb2: New USB device strings: Mfr=3, Product=2, SerialNumber=1
[    7.928017][    T1] usb usb2: Product: Dummy host controller
[    7.928472][    T1] usb usb2: Manufacturer: Linux 5.11.0-v5.11 dummy_hcd
[    7.929010][    T1] usb usb2: SerialNumber: dummy_hcd.1
[    7.930903][    T1] hub 2-0:1.0: USB hub found
[    7.931375][    T1] hub 2-0:1.0: 1 port detected
[    7.933348][    T1] dummy_hcd dummy_hcd.2: USB Host+Gadget Emulator, driver 02 May 2005
[    7.934018][    T1] dummy_hcd dummy_hcd.2: Dummy host controller
[    7.934999][    T1] dummy_hcd dummy_hcd.2: new USB bus registered, assigned bus number 3
[    7.936094][    T1] usb usb3: New USB device found, idVendor=1d6b, idProduct=0002, bcdDevice= 5.11
[    7.936814][    T1] usb usb3: New USB device strings: Mfr=3, Product=2, SerialNumber=1
[    7.937445][    T1] usb usb3: Product: Dummy host controller
[    7.937901][    T1] usb usb3: Manufacturer: Linux 5.11.0-v5.11 dummy_hcd
[    7.938437][    T1] usb usb3: SerialNumber: dummy_hcd.2
[    7.941863][    T1] hub 3-0:1.0: USB hub found
[    7.942333][    T1] hub 3-0:1.0: 1 port detected
[    7.944261][    T1] dummy_hcd dummy_hcd.3: USB Host+Gadget Emulator, driver 02 May 2005
[    7.944984][    T1] dummy_hcd dummy_hcd.3: Dummy host controller
[    7.945928][    T1] dummy_hcd dummy_hcd.3: new USB bus registered, assigned bus number 4
[    7.947016][    T1] usb usb4: New USB device found, idVendor=1d6b, idProduct=0002, bcdDevice= 5.11
[    7.947728][    T1] usb usb4: New USB device strings: Mfr=3, Product=2, SerialNumber=1
[    7.948357][    T1] usb usb4: Product: Dummy host controller
[    7.948816][    T1] usb usb4: Manufacturer: Linux 5.11.0-v5.11 dummy_hcd
[    7.949349][    T1] usb usb4: SerialNumber: dummy_hcd.3
[    7.953244][    T1] hub 4-0:1.0: USB hub found
[    7.953862][    T1] hub 4-0:1.0: 1 port detected
[    7.956139][    T1] dummy_hcd dummy_hcd.4: USB Host+Gadget Emulator, driver 02 May 2005
[    7.956871][    T1] dummy_hcd dummy_hcd.4: Dummy host controller
[    7.957955][    T1] dummy_hcd dummy_hcd.4: new USB bus registered, assigned bus number 5
[    7.959167][    T1] usb usb5: New USB device found, idVendor=1d6b, idProduct=0002, bcdDevice= 5.11
[    7.959952][    T1] usb usb5: New USB device strings: Mfr=3, Product=2, SerialNumber=1
[    7.960593][    T1] usb usb5: Product: Dummy host controller
[    7.961054][    T1] usb usb5: Manufacturer: Linux 5.11.0-v5.11 dummy_hcd
[    7.961590][    T1] usb usb5: SerialNumber: dummy_hcd.4
[    7.963491][    T1] hub 5-0:1.0: USB hub found
[    7.963965][    T1] hub 5-0:1.0: 1 port detected
[    7.966077][    T1] dummy_hcd dummy_hcd.5: USB Host+Gadget Emulator, driver 02 May 2005
[    7.966746][    T1] dummy_hcd dummy_hcd.5: Dummy host controller
[    7.967738][    T1] dummy_hcd dummy_hcd.5: new USB bus registered, assigned bus number 6
[    7.968833][    T1] usb usb6: New USB device found, idVendor=1d6b, idProduct=0002, bcdDevice= 5.11
[    7.969546][    T1] usb usb6: New USB device strings: Mfr=3, Product=2, SerialNumber=1
[    7.970172][    T1] usb usb6: Product: Dummy host controller
[    7.970627][    T1] usb usb6: Manufacturer: Linux 5.11.0-v5.11 dummy_hcd
[    7.971160][    T1] usb usb6: SerialNumber: dummy_hcd.5
[    7.975105][    T1] hub 6-0:1.0: USB hub found
[    7.975586][    T1] hub 6-0:1.0: 1 port detected
[    7.977465][    T1] dummy_hcd dummy_hcd.6: USB Host+Gadget Emulator, driver 02 May 2005
[    7.978143][    T1] dummy_hcd dummy_hcd.6: Dummy host controller
[    7.979150][    T1] dummy_hcd dummy_hcd.6: new USB bus registered, assigned bus number 7
[    7.980258][    T1] usb usb7: New USB device found, idVendor=1d6b, idProduct=0002, bcdDevice= 5.11
[    7.980982][    T1] usb usb7: New USB device strings: Mfr=3, Product=2, SerialNumber=1
[    7.981679][    T1] usb usb7: Product: Dummy host controller
[    7.982371][    T1] usb usb7: Manufacturer: Linux 5.11.0-v5.11 dummy_hcd
[    7.983187][    T1] usb usb7: SerialNumber: dummy_hcd.6
[    7.985460][    T1] hub 7-0:1.0: USB hub found
[    7.986021][    T1] hub 7-0:1.0: 1 port detected
[    7.988157][    T1] dummy_hcd dummy_hcd.7: USB Host+Gadget Emulator, driver 02 May 2005
[    7.988890][    T1] dummy_hcd dummy_hcd.7: Dummy host controller
[    7.989909][    T1] dummy_hcd dummy_hcd.7: new USB bus registered, assigned bus number 8
[    7.991118][    T1] usb usb8: New USB device found, idVendor=1d6b, idProduct=0002, bcdDevice= 5.11
[    7.991906][    T1] usb usb8: New USB device strings: Mfr=3, Product=2, SerialNumber=1
[    7.992556][    T1] usb usb8: Product: Dummy host controller
[    7.993011][    T1] usb usb8: Manufacturer: Linux 5.11.0-v5.11 dummy_hcd
[    7.993546][    T1] usb usb8: SerialNumber: dummy_hcd.7
[    7.995739][    T1] hub 8-0:1.0: USB hub found
[    7.996224][    T1] hub 8-0:1.0: 1 port detected
[    8.009585][    T1] gadgetfs: USB Gadget filesystem, version 24 Aug 2004
[    8.014298][    T1] vhci_hcd vhci_hcd.0: USB/IP Virtual Host Controller
[    8.016663][    T1] vhci_hcd vhci_hcd.0: new USB bus registered, assigned bus number 9
[    8.017626][    T1] vhci_hcd: created sysfs vhci_hcd.0
[    8.022318][    T1] usb usb9: New USB device found, idVendor=1d6b, idProduct=0002, bcdDevice= 5.11
[    8.023052][    T1] usb usb9: New USB device strings: Mfr=3, Product=2, SerialNumber=1
[    8.023682][    T1] usb usb9: Product: USB/IP Virtual Host Controller
[    8.024202][    T1] usb usb9: Manufacturer: Linux 5.11.0-v5.11 vhci_hcd
[    8.024730][    T1] usb usb9: SerialNumber: vhci_hcd.0
[    8.027305][    T1] hub 9-0:1.0: USB hub found
[    8.027920][    T1] hub 9-0:1.0: 8 ports detected
[    8.031612][    T1] vhci_hcd vhci_hcd.0: USB/IP Virtual Host Controller
[    8.032887][    T1] vhci_hcd vhci_hcd.0: new USB bus registered, assigned bus number 10
[    8.033736][    T1] usb usb10: We don't know the algorithms for LPM for this host, disabling LPM.
[    8.035371][    T1] usb usb10: New USB device found, idVendor=1d6b, idProduct=0003, bcdDevice= 5.11
[    8.036101][    T1] usb usb10: New USB device strings: Mfr=3, Product=2, SerialNumber=1
[    8.036737][    T1] usb usb10: Product: USB/IP Virtual Host Controller
[    8.037261][    T1] usb usb10: Manufacturer: Linux 5.11.0-v5.11 vhci_hcd
[    8.037798][    T1] usb usb10: SerialNumber: vhci_hcd.0
[    8.039756][    T1] hub 10-0:1.0: USB hub found
[    8.040244][    T1] hub 10-0:1.0: 8 ports detected
[    8.046119][    T1] vhci_hcd vhci_hcd.1: USB/IP Virtual Host Controller
[    8.047210][    T1] vhci_hcd vhci_hcd.1: new USB bus registered, assigned bus number 11
[    8.048521][    T1] usb usb11: New USB device found, idVendor=1d6b, idProduct=0002, bcdDevice= 5.11
[    8.049252][    T1] usb usb11: New USB device strings: Mfr=3, Product=2, SerialNumber=1
[    8.049889][    T1] usb usb11: Product: USB/IP Virtual Host Controller
[    8.050412][    T1] usb usb11: Manufacturer: Linux 5.11.0-v5.11 vhci_hcd
[    8.050950][    T1] usb usb11: SerialNumber: vhci_hcd.1
[    8.053741][    T1] hub 11-0:1.0: USB hub found
[    8.054349][    T1] hub 11-0:1.0: 8 ports detected
[    8.058050][    T1] vhci_hcd vhci_hcd.1: USB/IP Virtual Host Controller
[    8.059351][    T1] vhci_hcd vhci_hcd.1: new USB bus registered, assigned bus number 12
[    8.060245][    T1] usb usb12: We don't know the algorithms for LPM for this host, disabling LPM.
[    8.061842][    T1] usb usb12: New USB device found, idVendor=1d6b, idProduct=0003, bcdDevice= 5.11
[    8.062571][    T1] usb usb12: New USB device strings: Mfr=3, Product=2, SerialNumber=1
[    8.063213][    T1] usb usb12: Product: USB/IP Virtual Host Controller
[    8.063732][    T1] usb usb12: Manufacturer: Linux 5.11.0-v5.11 vhci_hcd
[    8.064270][    T1] usb usb12: SerialNumber: vhci_hcd.1
[    8.066313][    T1] hub 12-0:1.0: USB hub found
[    8.066803][    T1] hub 12-0:1.0: 8 ports detected
[    8.071335][    T1] vhci_hcd vhci_hcd.2: USB/IP Virtual Host Controller
[    8.072420][    T1] vhci_hcd vhci_hcd.2: new USB bus registered, assigned bus number 13
[    8.073522][    T1] usb usb13: New USB device found, idVendor=1d6b, idProduct=0002, bcdDevice= 5.11
[    8.074457][    T1] usb usb13: New USB device strings: Mfr=3, Product=2, SerialNumber=1
[    8.075631][    T1] usb usb13: Product: USB/IP Virtual Host Controller
[    8.076229][    T1] usb usb13: Manufacturer: Linux 5.11.0-v5.11 vhci_hcd
[    8.076831][    T1] usb usb13: SerialNumber: vhci_hcd.2
[    8.078938][    T1] hub 13-0:1.0: USB hub found
[    8.079469][    T1] hub 13-0:1.0: 8 ports detected
[    8.083244][    T1] vhci_hcd vhci_hcd.2: USB/IP Virtual Host Controller
[    8.084537][    T1] vhci_hcd vhci_hcd.2: new USB bus registered, assigned bus number 14
[    8.085472][    T1] usb usb14: We don't know the algorithms for LPM for this host, disabling LPM.
[    8.087188][    T1] usb usb14: New USB device found, idVendor=1d6b, idProduct=0003, bcdDevice= 5.11
[    8.087990][    T1] usb usb14: New USB device strings: Mfr=3, Product=2, SerialNumber=1
[    8.088686][    T1] usb usb14: Product: USB/IP Virtual Host Controller
[    8.089261][    T1] usb usb14: Manufacturer: Linux 5.11.0-v5.11 vhci_hcd
[    8.089850][    T1] usb usb14: SerialNumber: vhci_hcd.2
[    8.092121][    T1] hub 14-0:1.0: USB hub found
[    8.092645][    T1] hub 14-0:1.0: 8 ports detected
[    8.098945][    T1] vhci_hcd vhci_hcd.3: USB/IP Virtual Host Controller
[    8.100326][    T1] vhci_hcd vhci_hcd.3: new USB bus registered, assigned bus number 15
[    8.101516][    T1] usb usb15: New USB device found, idVendor=1d6b, idProduct=0002, bcdDevice= 5.11
[    8.102307][    T1] usb usb15: New USB device strings: Mfr=3, Product=2, SerialNumber=1
[    8.103007][    T1] usb usb15: Product: USB/IP Virtual Host Controller
[    8.103580][    T1] usb usb15: Manufacturer: Linux 5.11.0-v5.11 vhci_hcd
[    8.104211][    T1] usb usb15: SerialNumber: vhci_hcd.3
[    8.107184][    T1] hub 15-0:1.0: USB hub found
[    8.107710][    T1] hub 15-0:1.0: 8 ports detected
[    8.111959][    T1] vhci_hcd vhci_hcd.3: USB/IP Virtual Host Controller
[    8.113086][    T1] vhci_hcd vhci_hcd.3: new USB bus registered, assigned bus number 16
[    8.113988][    T1] usb usb16: We don't know the algorithms for LPM for this host, disabling LPM.
[    8.115372][    T1] usb usb16: New USB device found, idVendor=1d6b, idProduct=0003, bcdDevice= 5.11
[    8.116497][    T1] usb usb16: New USB device strings: Mfr=3, Product=2, SerialNumber=1
[    8.117435][    T1] usb usb16: Product: USB/IP Virtual Host Controller
[    8.118160][    T1] usb usb16: Manufacturer: Linux 5.11.0-v5.11 vhci_hcd
[    8.118909][    T1] usb usb16: SerialNumber: vhci_hcd.3
[    8.120881][    T1] hub 16-0:1.0: USB hub found
[    8.121495][    T1] hub 16-0:1.0: 8 ports detected
[    8.126520][    T1] vhci_hcd vhci_hcd.4: USB/IP Virtual Host Controller
[    8.127800][    T1] vhci_hcd vhci_hcd.4: new USB bus registered, assigned bus number 17
[    8.128903][    T1] usb usb17: New USB device found, idVendor=1d6b, idProduct=0002, bcdDevice= 5.11
[    8.129622][    T1] usb usb17: New USB device strings: Mfr=3, Product=2, SerialNumber=1
[    8.130262][    T1] usb usb17: Product: USB/IP Virtual Host Controller
[    8.130788][    T1] usb usb17: Manufacturer: Linux 5.11.0-v5.11 vhci_hcd
[    8.131322][    T1] usb usb17: SerialNumber: vhci_hcd.4
[    8.132980][    T1] hub 17-0:1.0: USB hub found
[    8.133705][    T1] hub 17-0:1.0: 8 ports detected
[    8.138507][    T1] vhci_hcd vhci_hcd.4: USB/IP Virtual Host Controller
[    8.139580][    T1] vhci_hcd vhci_hcd.4: new USB bus registered, assigned bus number 18
[    8.140486][    T1] usb usb18: We don't know the algorithms for LPM for this host, disabling LPM.
[    8.141932][    T1] usb usb18: New USB device found, idVendor=1d6b, idProduct=0003, bcdDevice= 5.11
[    8.142728][    T1] usb usb18: New USB device strings: Mfr=3, Product=2, SerialNumber=1
[    8.143426][    T1] usb usb18: Product: USB/IP Virtual Host Controller
[    8.143999][    T1] usb usb18: Manufacturer: Linux 5.11.0-v5.11 vhci_hcd
[    8.144583][    T1] usb usb18: SerialNumber: vhci_hcd.4
[    8.146601][    T1] hub 18-0:1.0: USB hub found
[    8.147266][    T1] hub 18-0:1.0: 8 ports detected
[    8.151979][    T1] vhci_hcd vhci_hcd.5: USB/IP Virtual Host Controller
[    8.153193][    T1] vhci_hcd vhci_hcd.5: new USB bus registered, assigned bus number 19
[    8.155285][    T1] usb usb19: New USB device found, idVendor=1d6b, idProduct=0002, bcdDevice= 5.11
[    8.156286][    T1] usb usb19: New USB device strings: Mfr=3, Product=2, SerialNumber=1
[    8.157172][    T1] usb usb19: Product: USB/IP Virtual Host Controller
[    8.157902][    T1] usb usb19: Manufacturer: Linux 5.11.0-v5.11 vhci_hcd
[    8.158645][    T1] usb usb19: SerialNumber: vhci_hcd.5
[    8.161663][    T1] hub 19-0:1.0: USB hub found
[    8.162322][    T1] hub 19-0:1.0: 8 ports detected
[    8.166903][    T1] vhci_hcd vhci_hcd.5: USB/IP Virtual Host Controller
[    8.168323][    T1] vhci_hcd vhci_hcd.5: new USB bus registered, assigned bus number 20
[    8.169254][    T1] usb usb20: We don't know the algorithms for LPM for this host, disabling LPM.
[    8.170734][    T1] usb usb20: New USB device found, idVendor=1d6b, idProduct=0003, bcdDevice= 5.11
[    8.171497][    T1] usb usb20: New USB device strings: Mfr=3, Product=2, SerialNumber=1
[    8.172135][    T1] usb usb20: Product: USB/IP Virtual Host Controller
[    8.172654][    T1] usb usb20: Manufacturer: Linux 5.11.0-v5.11 vhci_hcd
[    8.173189][    T1] usb usb20: SerialNumber: vhci_hcd.5
[    8.176357][    T1] hub 20-0:1.0: USB hub found
[    8.176841][    T1] hub 20-0:1.0: 8 ports detected
[    8.181296][    T1] vhci_hcd vhci_hcd.6: USB/IP Virtual Host Controller
[    8.182307][    T1] vhci_hcd vhci_hcd.6: new USB bus registered, assigned bus number 21
[    8.183634][    T1] usb usb21: New USB device found, idVendor=1d6b, idProduct=0002, bcdDevice= 5.11
[    8.184365][    T1] usb usb21: New USB device strings: Mfr=3, Product=2, SerialNumber=1
[    8.185088][    T1] usb usb21: Product: USB/IP Virtual Host Controller
[    8.185630][    T1] usb usb21: Manufacturer: Linux 5.11.0-v5.11 vhci_hcd
[    8.186173][    T1] usb usb21: SerialNumber: vhci_hcd.6
[    8.187970][    T1] hub 21-0:1.0: USB hub found
[    8.188474][    T1] hub 21-0:1.0: 8 ports detected
[    8.192153][    T1] vhci_hcd vhci_hcd.6: USB/IP Virtual Host Controller
[    8.193230][    T1] vhci_hcd vhci_hcd.6: new USB bus registered, assigned bus number 22
[    8.194305][    T1] usb usb22: We don't know the algorithms for LPM for this host, disabling LPM.
[    8.195530][    T1] usb usb22: New USB device found, idVendor=1d6b, idProduct=0003, bcdDevice= 5.11
[    8.196342][    T1] usb usb22: New USB device strings: Mfr=3, Product=2, SerialNumber=1
[    8.197050][    T1] usb usb22: Product: USB/IP Virtual Host Controller
[    8.197887][    T1] usb usb22: Manufacturer: Linux 5.11.0-v5.11 vhci_hcd
[    8.198542][    T1] usb usb22: SerialNumber: vhci_hcd.6
[    8.200637][    T1] hub 22-0:1.0: USB hub found
[    8.201178][    T1] hub 22-0:1.0: 8 ports detected
[    8.207094][    T1] vhci_hcd vhci_hcd.7: USB/IP Virtual Host Controller
[    8.208095][    T1] vhci_hcd vhci_hcd.7: new USB bus registered, assigned bus number 23
[    8.209176][    T1] usb usb23: New USB device found, idVendor=1d6b, idProduct=0002, bcdDevice= 5.11
[    8.209902][    T1] usb usb23: New USB device strings: Mfr=3, Product=2, SerialNumber=1
[    8.210540][    T1] usb usb23: Product: USB/IP Virtual Host Controller
[    8.211065][    T1] usb usb23: Manufacturer: Linux 5.11.0-v5.11 vhci_hcd
[    8.211601][    T1] usb usb23: SerialNumber: vhci_hcd.7
[    8.214508][    T1] hub 23-0:1.0: USB hub found
[    8.216073][    T1] hub 23-0:1.0: 8 ports detected
[    8.219639][    T1] vhci_hcd vhci_hcd.7: USB/IP Virtual Host Controller
[    8.220837][    T1] vhci_hcd vhci_hcd.7: new USB bus registered, assigned bus number 24
[    8.221657][    T1] usb usb24: We don't know the algorithms for LPM for this host, disabling LPM.
[    8.223236][    T1] usb usb24: New USB device found, idVendor=1d6b, idProduct=0003, bcdDevice= 5.11
[    8.223972][    T1] usb usb24: New USB device strings: Mfr=3, Product=2, SerialNumber=1
[    8.224614][    T1] usb usb24: Product: USB/IP Virtual Host Controller
[    8.225402][    T1] usb usb24: Manufacturer: Linux 5.11.0-v5.11 vhci_hcd
[    8.226012][    T1] usb usb24: SerialNumber: vhci_hcd.7
[    8.228258][    T1] hub 24-0:1.0: USB hub found
[    8.228864][    T1] hub 24-0:1.0: 8 ports detected
[    8.233670][    T1] vhci_hcd vhci_hcd.8: USB/IP Virtual Host Controller
[    8.236035][    T1] vhci_hcd vhci_hcd.8: new USB bus registered, assigned bus number 25
[    8.237210][    T1] usb usb25: New USB device found, idVendor=1d6b, idProduct=0002, bcdDevice= 5.11
[    8.237938][    T1] usb usb25: New USB device strings: Mfr=3, Product=2, SerialNumber=1
[    8.238575][    T1] usb usb25: Product: USB/IP Virtual Host Controller
[    8.239102][    T1] usb usb25: Manufacturer: Linux 5.11.0-v5.11 vhci_hcd
[    8.239639][    T1] usb usb25: SerialNumber: vhci_hcd.8
[    8.241607][    T1] hub 25-0:1.0: USB hub found
[    8.242088][    T1] hub 25-0:1.0: 8 ports detected
[    8.245693][    T1] vhci_hcd vhci_hcd.8: USB/IP Virtual Host Controller
[    8.246818][    T1] vhci_hcd vhci_hcd.8: new USB bus registered, assigned bus number 26
[    8.247646][    T1] usb usb26: We don't know the algorithms for LPM for this host, disabling LPM.
[    8.248728][    T1] usb usb26: New USB device found, idVendor=1d6b, idProduct=0003, bcdDevice= 5.11
[    8.249456][    T1] usb usb26: New USB device strings: Mfr=3, Product=2, SerialNumber=1
[    8.250099][    T1] usb usb26: Product: USB/IP Virtual Host Controller
[    8.250626][    T1] usb usb26: Manufacturer: Linux 5.11.0-v5.11 vhci_hcd
[    8.251167][    T1] usb usb26: SerialNumber: vhci_hcd.8
[    8.253018][    T1] hub 26-0:1.0: USB hub found
[    8.253492][    T1] hub 26-0:1.0: 8 ports detected
[    8.259870][    T1] vhci_hcd vhci_hcd.9: USB/IP Virtual Host Controller
[    8.261015][    T1] vhci_hcd vhci_hcd.9: new USB bus registered, assigned bus number 27
[    8.262717][    T1] usb usb27: New USB device found, idVendor=1d6b, idProduct=0002, bcdDevice= 5.11
[    8.263494][    T1] usb usb27: New USB device strings: Mfr=3, Product=2, SerialNumber=1
[    8.264140][    T1] usb usb27: Product: USB/IP Virtual Host Controller
[    8.264664][    T1] usb usb27: Manufacturer: Linux 5.11.0-v5.11 vhci_hcd
[    8.265691][    T1] usb usb27: SerialNumber: vhci_hcd.9
[    8.268359][    T1] hub 27-0:1.0: USB hub found
[    8.268845][    T1] hub 27-0:1.0: 8 ports detected
[    8.272377][    T1] vhci_hcd vhci_hcd.9: USB/IP Virtual Host Controller
[    8.273537][    T1] vhci_hcd vhci_hcd.9: new USB bus registered, assigned bus number 28
[    8.274383][    T1] usb usb28: We don't know the algorithms for LPM for this host, disabling LPM.
[    8.275604][    T1] usb usb28: New USB device found, idVendor=1d6b, idProduct=0003, bcdDevice= 5.11
[    8.276346][    T1] usb usb28: New USB device strings: Mfr=3, Product=2, SerialNumber=1
[    8.276987][    T1] usb usb28: Product: USB/IP Virtual Host Controller
[    8.277512][    T1] usb usb28: Manufacturer: Linux 5.11.0-v5.11 vhci_hcd
[    8.278051][    T1] usb usb28: SerialNumber: vhci_hcd.9
[    8.279778][    T1] hub 28-0:1.0: USB hub found
[    8.280262][    T1] hub 28-0:1.0: 8 ports detected
[    8.285314][    T1] vhci_hcd vhci_hcd.10: USB/IP Virtual Host Controller
[    8.286294][    T1] vhci_hcd vhci_hcd.10: new USB bus registered, assigned bus number 29
[    8.287496][    T1] usb usb29: New USB device found, idVendor=1d6b, idProduct=0002, bcdDevice= 5.11
[    8.288296][    T1] usb usb29: New USB device strings: Mfr=3, Product=2, SerialNumber=1
[    8.288948][    T1] usb usb29: Product: USB/IP Virtual Host Controller
[    8.289718][    T1] usb usb29: Manufacturer: Linux 5.11.0-v5.11 vhci_hcd
[    8.290449][    T1] usb usb29: SerialNumber: vhci_hcd.10
[    8.292568][    T1] hub 29-0:1.0: USB hub found
[    8.293103][    T1] hub 29-0:1.0: 8 ports detected
[    8.297415][    T1] vhci_hcd vhci_hcd.10: USB/IP Virtual Host Controller
[    8.298482][    T1] vhci_hcd vhci_hcd.10: new USB bus registered, assigned bus number 30
[    8.299363][    T1] usb usb30: We don't know the algorithms for LPM for this host, disabling LPM.
[    8.301020][    T1] usb usb30: New USB device found, idVendor=1d6b, idProduct=0003, bcdDevice= 5.11
[    8.301755][    T1] usb usb30: New USB device strings: Mfr=3, Product=2, SerialNumber=1
[    8.302399][    T1] usb usb30: Product: USB/IP Virtual Host Controller
[    8.302927][    T1] usb usb30: Manufacturer: Linux 5.11.0-v5.11 vhci_hcd
[    8.303467][    T1] usb usb30: SerialNumber: vhci_hcd.10
[    8.307075][    T1] hub 30-0:1.0: USB hub found
[    8.307611][    T1] hub 30-0:1.0: 8 ports detected
[    8.312259][    T1] vhci_hcd vhci_hcd.11: USB/IP Virtual Host Controller
[    8.313258][    T1] vhci_hcd vhci_hcd.11: new USB bus registered, assigned bus number 31
[    8.314339][    T1] usb usb31: New USB device found, idVendor=1d6b, idProduct=0002, bcdDevice= 5.11
[    8.315350][    T1] usb usb31: New USB device strings: Mfr=3, Product=2, SerialNumber=1
[    8.316073][    T1] usb usb31: Product: USB/IP Virtual Host Controller
[    8.316651][    T1] usb usb31: Manufacturer: Linux 5.11.0-v5.11 vhci_hcd
[    8.317246][    T1] usb usb31: SerialNumber: vhci_hcd.11
[    8.319073][    T1] hub 31-0:1.0: USB hub found
[    8.319781][    T1] hub 31-0:1.0: 8 ports detected
[    8.324343][    T1] vhci_hcd vhci_hcd.11: USB/IP Virtual Host Controller
[    8.325623][    T1] vhci_hcd vhci_hcd.11: new USB bus registered, assigned bus number 32
[    8.326738][    T1] usb usb32: We don't know the algorithms for LPM for this host, disabling LPM.
[    8.328130][    T1] usb usb32: New USB device found, idVendor=1d6b, idProduct=0003, bcdDevice= 5.11
[    8.329137][    T1] usb usb32: New USB device strings: Mfr=3, Product=2, SerialNumber=1
[    8.329958][    T1] usb usb32: Product: USB/IP Virtual Host Controller
[    8.330627][    T1] usb usb32: Manufacturer: Linux 5.11.0-v5.11 vhci_hcd
[    8.331307][    T1] usb usb32: SerialNumber: vhci_hcd.11
[    8.333316][    T1] hub 32-0:1.0: USB hub found
[    8.333911][    T1] hub 32-0:1.0: 8 ports detected
[    8.338855][    T1] vhci_hcd vhci_hcd.12: USB/IP Virtual Host Controller
[    8.340001][    T1] vhci_hcd vhci_hcd.12: new USB bus registered, assigned bus number 33
[    8.342040][    T1] usb usb33: New USB device found, idVendor=1d6b, idProduct=0002, bcdDevice= 5.11
[    8.342970][    T1] usb usb33: New USB device strings: Mfr=3, Product=2, SerialNumber=1
[    8.343789][    T1] usb usb33: Product: USB/IP Virtual Host Controller
[    8.344460][    T1] usb usb33: Manufacturer: Linux 5.11.0-v5.11 vhci_hcd
[    8.345180][    T1] usb usb33: SerialNumber: vhci_hcd.12
[    8.347496][    T1] hub 33-0:1.0: USB hub found
[    8.348137][    T1] hub 33-0:1.0: 8 ports detected
[    8.352801][    T1] vhci_hcd vhci_hcd.12: USB/IP Virtual Host Controller
[    8.354068][    T1] vhci_hcd vhci_hcd.12: new USB bus registered, assigned bus number 34
[    8.355241][    T1] usb usb34: We don't know the algorithms for LPM for this host, disabling LPM.
[    8.356768][    T1] usb usb34: New USB device found, idVendor=1d6b, idProduct=0003, bcdDevice= 5.11
[    8.357694][    T1] usb usb34: New USB device strings: Mfr=3, Product=2, SerialNumber=1
[    8.358506][    T1] usb usb34: Product: USB/IP Virtual Host Controller
[    8.359224][    T1] usb usb34: Manufacturer: Linux 5.11.0-v5.11 vhci_hcd
[    8.359997][    T1] usb usb34: SerialNumber: vhci_hcd.12
[    8.362605][    T1] hub 34-0:1.0: USB hub found
[    8.363230][    T1] hub 34-0:1.0: 8 ports detected
[    8.367632][    T1] vhci_hcd vhci_hcd.13: USB/IP Virtual Host Controller
[    8.368665][    T1] vhci_hcd vhci_hcd.13: new USB bus registered, assigned bus number 35
[    8.369944][    T1] usb usb35: New USB device found, idVendor=1d6b, idProduct=0002, bcdDevice= 5.11
[    8.370857][    T1] usb usb35: New USB device strings: Mfr=3, Product=2, SerialNumber=1
[    8.371669][    T1] usb usb35: Product: USB/IP Virtual Host Controller
[    8.372335][    T1] usb usb35: Manufacturer: Linux 5.11.0-v5.11 vhci_hcd
[    8.373022][    T1] usb usb35: SerialNumber: vhci_hcd.13
[    8.376583][    T1] hub 35-0:1.0: USB hub found
[    8.377189][    T1] hub 35-0:1.0: 8 ports detected
[    8.381109][    T1] vhci_hcd vhci_hcd.13: USB/IP Virtual Host Controller
[    8.382403][    T1] vhci_hcd vhci_hcd.13: new USB bus registered, assigned bus number 36
[    8.383365][    T1] usb usb36: We don't know the algorithms for LPM for this host, disabling LPM.
[    8.385146][    T1] usb usb36: New USB device found, idVendor=1d6b, idProduct=0003, bcdDevice= 5.11
[    8.386150][    T1] usb usb36: New USB device strings: Mfr=3, Product=2, SerialNumber=1
[    8.387030][    T1] usb usb36: Product: USB/IP Virtual Host Controller
[    8.387671][    T1] usb usb36: Manufacturer: Linux 5.11.0-v5.11 vhci_hcd
[    8.388274][    T1] usb usb36: SerialNumber: vhci_hcd.13
[    8.390404][    T1] hub 36-0:1.0: USB hub found
[    8.390953][    T1] hub 36-0:1.0: 8 ports detected
[    8.396273][    T1] vhci_hcd vhci_hcd.14: USB/IP Virtual Host Controller
[    8.397245][    T1] vhci_hcd vhci_hcd.14: new USB bus registered, assigned bus number 37
[    8.398553][    T1] usb usb37: New USB device found, idVendor=1d6b, idProduct=0002, bcdDevice= 5.11
[    8.399395][    T1] usb usb37: New USB device strings: Mfr=3, Product=2, SerialNumber=1
[    8.400156][    T1] usb usb37: Product: USB/IP Virtual Host Controller
[    8.400824][    T1] usb usb37: Manufacturer: Linux 5.11.0-v5.11 vhci_hcd
[    8.401460][    T1] usb usb37: SerialNumber: vhci_hcd.14
[    8.403399][    T1] hub 37-0:1.0: USB hub found
[    8.403957][    T1] hub 37-0:1.0: 8 ports detected
[    8.408472][    T1] vhci_hcd vhci_hcd.14: USB/IP Virtual Host Controller
[    8.409611][    T1] vhci_hcd vhci_hcd.14: new USB bus registered, assigned bus number 38
[    8.410554][    T1] usb usb38: We don't know the algorithms for LPM for this host, disabling LPM.
[    8.412332][    T1] usb usb38: New USB device found, idVendor=1d6b, idProduct=0003, bcdDevice= 5.11
[    8.413377][    T1] usb usb38: New USB device strings: Mfr=3, Product=2, SerialNumber=1
[    8.414225][    T1] usb usb38: Product: USB/IP Virtual Host Controller
[    8.416505][    T1] usb usb38: Manufacturer: Linux 5.11.0-v5.11 vhci_hcd
[    8.417167][    T1] usb usb38: SerialNumber: vhci_hcd.14
[    8.418892][    T1] hub 38-0:1.0: USB hub found
[    8.419366][    T1] hub 38-0:1.0: 8 ports detected
[    8.423969][    T1] vhci_hcd vhci_hcd.15: USB/IP Virtual Host Controller
[    8.425114][    T1] vhci_hcd vhci_hcd.15: new USB bus registered, assigned bus number 39
[    8.427105][    T1] usb usb39: New USB device found, idVendor=1d6b, idProduct=0002, bcdDevice= 5.11
[    8.427959][    T1] usb usb39: New USB device strings: Mfr=3, Product=2, SerialNumber=1
[    8.428667][    T1] usb usb39: Product: USB/IP Virtual Host Controller
[    8.429245][    T1] usb usb39: Manufacturer: Linux 5.11.0-v5.11 vhci_hcd
[    8.429894][    T1] usb usb39: SerialNumber: vhci_hcd.15
[    8.432237][    T1] hub 39-0:1.0: USB hub found
[    8.432773][    T1] hub 39-0:1.0: 8 ports detected
[    8.436718][    T1] vhci_hcd vhci_hcd.15: USB/IP Virtual Host Controller
[    8.438050][    T1] vhci_hcd vhci_hcd.15: new USB bus registered, assigned bus number 40
[    8.439024][    T1] usb usb40: We don't know the algorithms for LPM for this host, disabling LPM.
[    8.440629][    T1] usb usb40: New USB device found, idVendor=1d6b, idProduct=0003, bcdDevice= 5.11
[    8.441463][    T1] usb usb40: New USB device strings: Mfr=3, Product=2, SerialNumber=1
[    8.442346][    T1] usb usb40: Product: USB/IP Virtual Host Controller
[    8.443128][    T1] usb usb40: Manufacturer: Linux 5.11.0-v5.11 vhci_hcd
[    8.443859][    T1] usb usb40: SerialNumber: vhci_hcd.15
[    8.445990][    T1] hub 40-0:1.0: USB hub found
[    8.446517][    T1] hub 40-0:1.0: 8 ports detected
[    8.451668][    T1] usbcore: registered new device driver usbip-host
[    8.455209][    T1] i8042: PNP: PS/2 Controller [PNP0303:KBD,PNP0f13:MOU] at 0x60,0x64 irq 1,12
[    8.460944][    T1] serio: i8042 KBD port at 0x60,0x64 irq 1
[    8.463185][    T1] serio: i8042 AUX port at 0x60,0x64 irq 12
[    8.465671][    T1] mousedev: PS/2 mouse device common for all mice
[    8.468384][  T332] input: AT Translated Set 2 keyboard as /devices/platform/i8042/serio0/input/input1
[    8.473698][    T1] usbcore: registered new interface driver appletouch
[    8.474916][    T1] usbcore: registered new interface driver bcm5974
[    8.477747][    T1] usbcore: registered new interface driver synaptics_usb
[    8.478811][    T1] usbcore: registered new interface driver iforce
[    8.479881][    T1] usbcore: registered new interface driver xpad
[    8.480719][    T1] usbcore: registered new interface driver usb_acecad
[    8.482215][    T1] usbcore: registered new interface driver aiptek
[    8.483537][    T1] usbcore: registered new interface driver hanwang
[    8.485454][    T1] usbcore: registered new interface driver kbtab
[    8.486525][    T1] usbcore: registered new interface driver pegasus_notetaker
[    8.487875][    T1] usbcore: registered new interface driver usbtouchscreen
[    8.488917][    T1] usbcore: registered new interface driver sur40
[    8.490427][    T1] usbcore: registered new interface driver ati_remote2
[    8.491180][    T1] cm109: Keymap for Komunikate KIP1000 phone loaded
[    8.492760][    T1] usbcore: registered new interface driver cm109
[    8.493410][    T1] cm109: CM109 phone driver: 20080805 (C) Alfred E. Heggestad
[    8.494448][    T1] usbcore: registered new interface driver ims_pcu
[    8.496701][    T1] usbcore: registered new interface driver keyspan_remote
[    8.497669][    T1] usbcore: registered new interface driver powermate
[    8.499348][    T1] usbcore: registered new interface driver yealink
[    8.501692][    T1] rtc_cmos 00:05: RTC can wake from S4
[    8.513001][    T1] rtc_cmos 00:05: registered as rtc0
[    8.513498][    T1] rtc_cmos 00:05: alarms up to one day, y3k, 242 bytes nvram, hpet irqs
[    8.515098][    T1] i2c /dev entries driver
[    8.516356][    T1] usbcore: registered new interface driver i2c-diolan-u2c
[    8.517577][    T1] usbcore: registered new interface driver RobotFuzz Open Source InterFace, OSIF
[    8.518691][    T1] usbcore: registered new interface driver i2c-tiny-usb
[    8.524229][    T1] usbcore: registered new interface driver ati_remote
[    8.526215][    T1] usbcore: registered new interface driver imon
[    8.527174][    T1] usbcore: registered new interface driver mceusb
[    8.528033][    T1] usbcore: registered new interface driver redrat3
[    8.528907][    T1] usbcore: registered new interface driver streamzap
[    8.529862][    T1] usbcore: registered new interface driver igorplugusb
[    8.530883][    T1] usbcore: registered new interface driver iguanair
[    8.532681][    T1] usbcore: registered new interface driver ttusbir
[    8.534520][    T1] b2c2-flexcop: B2C2 FlexcopII/II(b)/III digital TV receiver chip loaded successfully
[    8.536333][    T1] usbcore: registered new interface driver ttusb-dec
[    8.537492][    T1] usbcore: registered new interface driver ttusb
[    8.538828][    T1] usbcore: registered new interface driver dvb_usb_vp7045
[    8.539987][    T1] usbcore: registered new interface driver dvb_usb_vp702x
[    8.541191][    T1] usbcore: registered new interface driver dvb_usb_gp8psk
[    8.542105][    T1] usbcore: registered new interface driver dvb_usb_dtt200u
[    8.543293][    T1] usbcore: registered new interface driver dvb_usb_a800
[    8.544498][    T1] usbcore: registered new interface driver dvb_usb_dibusb_mb
[    8.546556][    T1] usbcore: registered new interface driver dvb_usb_dibusb_mc
[    8.547757][    T1] usbcore: registered new interface driver dvb_usb_nova_t_usb2
[    8.548687][    T1] usbcore: registered new interface driver dvb_usb_umt_010
[    8.549828][    T1] usbcore: registered new interface driver dvb_usb_m920x
[    8.550965][    T1] usbcore: registered new interface driver dvb_usb_digitv
[    8.552408][    T1] usbcore: registered new interface driver dvb_usb_cxusb
[    8.553296][    T1] usbcore: registered new interface driver dvb_usb_ttusb2
[    8.555001][    T1] usbcore: registered new interface driver dvb_usb_dib0700
[    8.556263][    T1] usbcore: registered new interface driver opera1
[    8.557610][    T1] usbcore: registered new interface driver dvb_usb_af9005
[    8.558753][    T1] usbcore: registered new interface driver pctv452e
[    8.559897][    T1] usbcore: registered new interface driver dw2102
[    8.560753][    T1] usbcore: registered new interface driver dvb_usb_dtv5100
[    8.561917][    T1] usbcore: registered new interface driver cinergyT2
[    8.563040][    T1] usbcore: registered new interface driver dvb_usb_az6027
[    8.564447][    T1] usbcore: registered new interface driver dvb_usb_technisat_usb2
[    8.565830][    T1] usbcore: registered new interface driver dvb_usb_af9015
[    8.567397][    T1] usbcore: registered new interface driver dvb_usb_af9035
[    8.568321][    T1] usbcore: registered new interface driver dvb_usb_anysee
[    8.569697][    T1] usbcore: registered new interface driver dvb_usb_au6610
[    8.570584][    T1] usbcore: registered new interface driver dvb_usb_az6007
[    8.571961][    T1] usbcore: registered new interface driver dvb_usb_ce6230
[    8.572884][    T1] usbcore: registered new interface driver dvb_usb_ec168
[    8.574055][    T1] usbcore: registered new interface driver dvb_usb_lmedm04
[    8.575387][    T1] usbcore: registered new interface driver dvb_usb_gl861
[    8.576732][    T1] usbcore: registered new interface driver dvb_usb_mxl111sf
[    8.577964][    T1] usbcore: registered new interface driver dvb_usb_rtl28xxu
[    8.579145][    T1] usbcore: registered new interface driver dvb_usb_dvbsky
[    8.580533][    T1] usbcore: registered new interface driver zd1301
[    8.581460][    T1] usbcore: registered new interface driver smsusb
[    8.583035][    T1] usbcore: registered new interface driver b2c2_flexcop_usb
[    8.583986][    T1] usbcore: registered new interface driver s2255
[    8.585391][    T1] usbcore: registered new interface driver uvcvideo
[    8.585984][    T1] USB Video Class driver (1.1.1)
[    8.586409][    T1] gspca_main: v2.14.0 registered
[    8.587097][    T1] usbcore: registered new interface driver benq
[    8.587959][    T1] usbcore: registered new interface driver conex
[    8.588851][    T1] usbcore: registered new interface driver cpia1
[    8.589726][    T1] usbcore: registered new interface driver dtcs033
[    8.590889][    T1] usbcore: registered new interface driver etoms
[    8.592555][    T1] usbcore: registered new interface driver finepix
[    8.593989][    T1] usbcore: registered new interface driver jeilinj
[    8.595438][    T1] usbcore: registered new interface driver jl2005bcd
[    8.596863][    T1] usbcore: registered new interface driver kinect
[    8.597951][    T1] usbcore: registered new interface driver konica
[    8.598782][    T1] usbcore: registered new interface driver mars
[    8.599883][    T1] usbcore: registered new interface driver mr97310a
[    8.601025][    T1] usbcore: registered new interface driver nw80x
[    8.601930][    T1] usbcore: registered new interface driver ov519
[    8.603281][    T1] usbcore: registered new interface driver ov534
[    8.604360][    T1] usbcore: registered new interface driver ov534_9
[    8.605756][    T1] usbcore: registered new interface driver pac207
[    8.606649][    T1] usbcore: registered new interface driver gspca_pac7302
[    8.607543][    T1] usbcore: registered new interface driver pac7311
[    8.608440][    T1] usbcore: registered new interface driver se401
[    8.609315][    T1] usbcore: registered new interface driver sn9c2028
[    8.610276][    T1] usbcore: registered new interface driver gspca_sn9c20x
[    8.611527][    T1] usbcore: registered new interface driver sonixb
[    8.613249][    T1] usbcore: registered new interface driver sonixj
[    8.615303][    T1] usbcore: registered new interface driver spca500
[    8.616161][    T1] usbcore: registered new interface driver spca501
[    8.616979][    T1] usbcore: registered new interface driver spca505
[    8.617872][    T1] usbcore: registered new interface driver spca506
[    8.618749][    T1] usbcore: registered new interface driver spca508
[    8.619645][    T1] usbcore: registered new interface driver spca561
[    8.620531][    T1] usbcore: registered new interface driver spca1528
[    8.621417][    T1] usbcore: registered new interface driver sq905
[    8.622280][    T1] usbcore: registered new interface driver sq905c
[    8.623673][    T1] usbcore: registered new interface driver sq930x
[    8.627545][    T1] usbcore: registered new interface driver sunplus
[    8.628453][    T1] usbcore: registered new interface driver stk014
[    8.629279][    T1] usbcore: registered new interface driver stk1135
[    8.630157][    T1] usbcore: registered new interface driver stv0680
[    8.631046][    T1] usbcore: registered new interface driver t613
[    8.631919][    T1] usbcore: registered new interface driver gspca_topro
[    8.632809][    T1] usbcore: registered new interface driver touptek
[    8.633689][    T1] usbcore: registered new interface driver tv8532
[    8.634580][    T1] usbcore: registered new interface driver vc032x
[    8.636078][    T1] usbcore: registered new interface driver vicam
[    8.639333][    T1] usbcore: registered new interface driver xirlink-cit
[    8.640328][    T1] usbcore: registered new interface driver gspca_zc3xx
[    8.641186][    T1] usbcore: registered new interface driver ALi m5602
[    8.642095][    T1] usbcore: registered new interface driver STV06xx
[    8.642999][    T1] usbcore: registered new interface driver gspca_gl860
[    8.644006][    T1] usbcore: registered new interface driver Philips webcam
[    8.645200][    T1] usbcore: registered new interface driver airspy
[    8.646791][    T1] usbcore: registered new interface driver hackrf
[    8.648478][    T1] usbcore: registered new interface driver msi2500
[    8.649053][    T1] au0828: au0828 driver loaded
[    8.649812][    T1] usbcore: registered new interface driver au0828
[    8.650874][    T1] usbcore: registered new interface driver hdpvr
[    8.652171][    T1] usbcore: registered new interface driver pvrusb2
[    8.652736][    T1] pvrusb2: V4L in-tree version:Hauppauge WinTV-PVR-USB2 MPEG2 Encoder/Tuner
[    8.653473][    T1] pvrusb2: Debug mask is 31 (0x1f)
[    8.654563][    T1] usbcore: registered new interface driver cx231xx
[    8.655834][    T1] usbcore: registered new interface driver em28xx
[    8.656427][    T1] em28xx: Registered (Em28xx v4l2 Extension) extension
[    8.657017][    T1] em28xx: Registered (Em28xx Audio Extension) extension
[    8.657630][    T1] em28xx: Registered (Em28xx dvb Extension) extension
[    8.658446][    T1] em28xx: Registered (Em28xx Input Extension) extension
[    8.660832][    T1] usbcore: registered new interface driver usbtv
[    8.661734][    T1] usbcore: registered new interface driver go7007
[    8.662556][    T1] usbcore: registered new interface driver go7007-loader
[    8.663703][    T1] usbcore: registered new interface driver Abilis Systems as10x usb driver
[    8.679757][    T1] vivid-000: using single planar format API
[    8.693799][    T1] vivid-000: CEC adapter cec0 registered for HDMI input 0
[    8.694932][    T1] vivid-000: V4L2 capture device registered as video3
[    8.696389][    T1] vivid-000: CEC adapter cec1 registered for HDMI output 0
[    8.697457][    T1] vivid-000: V4L2 output device registered as video4
[    8.698483][    T1] vivid-000: V4L2 capture device registered as vbi0, supports raw and sliced VBI
[    8.699682][    T1] vivid-000: V4L2 output device registered as vbi1, supports raw and sliced VBI
[    8.700885][    T1] vivid-000: V4L2 capture device registered as swradio0
[    8.701903][    T1] vivid-000: V4L2 receiver device registered as radio0
[    8.703038][    T1] vivid-000: V4L2 transmitter device registered as radio1
[    8.704140][    T1] vivid-000: V4L2 metadata capture device registered as video5
[    8.705896][    T1] vivid-000: V4L2 metadata output device registered as video6
[    8.709218][    T1] vivid-000: V4L2 touch capture device registered as v4l-touch0
[    8.710291][    T1] vivid-001: using multiplanar format API
[    8.722019][    T1] vivid-001: CEC adapter cec2 registered for HDMI input 0
[    8.723100][    T1] vivid-001: V4L2 capture device registered as video7
[    8.724136][    T1] vivid-001: CEC adapter cec3 registered for HDMI output 0
[    8.725240][    T1] vivid-001: V4L2 output device registered as video8
[    8.726286][    T1] vivid-001: V4L2 capture device registered as vbi2, supports raw and sliced VBI
[    8.728219][    T1] vivid-001: V4L2 output device registered as vbi3, supports raw and sliced VBI
[    8.729924][    T1] vivid-001: V4L2 capture device registered as swradio1
[    8.730885][    T1] vivid-001: V4L2 receiver device registered as radio2
[    8.732072][    T1] vivid-001: V4L2 transmitter device registered as radio3
[    8.733108][    T1] vivid-001: V4L2 metadata capture device registered as video9
[    8.734599][    T1] vivid-001: V4L2 metadata output device registered as video10
[    8.737402][    T1] vivid-001: V4L2 touch capture device registered as v4l-touch1
[    8.738700][    T1] vivid-002: using single planar format API
[    8.751034][    T1] vivid-002: CEC adapter cec4 registered for HDMI input 0
[    8.752196][    T1] vivid-002: V4L2 capture device registered as video11
[    8.753287][    T1] vivid-002: CEC adapter cec5 registered for HDMI output 0
[    8.754346][    T1] vivid-002: V4L2 output device registered as video12
