c[?7l[2J[0mSeaBIOS (version rel-1.16.0-0-gd239552ce722-prebuilt.qemu.org)


iPXE (http://ipxe.org) 00:03.0 CA00 PCI2.10 PnP PMM+7FF91000+7FEF1000 CA00
Press Ctrl-B to configure iPXE (PCI 00:03.0)...                                                                               


Booting from ROM..c[?7l[2Jearly console in extract_kernel
input_data: 0x000000000bf012c8
input_len: 0x00000000044ff67a
output: 0x0000000001000000
output_len: 0x000000000e033b28
kernel_total_size: 0x000000000f426000
needed_size: 0x000000000f600000
trampoline_32bit: 0x000000000009d000

Decompressing Linux... Parsing ELF... done.
Booting the kernel.
[    0.000000][    T0] Linux version 5.6.0-1592614838cb-00213-g1592614838cb (root@xpf.sh.intel.com) (gcc version 8.5.0 20210514 (Red Hat 8.5.0-20) (GCC)) #1 SMP PREEMPT Sun Dec 3 14:31:48 CST 2023
[    0.000000][    T0] Command line: console=ttyS0 root=/dev/sda1 earlyprintk=serial net.ifnames=0 thunderbolt.dyndbg plymouth.enable=0
[    0.000000][    T0] KERNEL supported cpus:
[    0.000000][    T0]   Intel GenuineIntel
[    0.000000][    T0]   AMD AuthenticAMD
[    0.000000][    T0] x86/fpu: Supporting XSAVE feature 0x001: 'x87 floating point registers'
[    0.000000][    T0] x86/fpu: Supporting XSAVE feature 0x002: 'SSE registers'
[    0.000000][    T0] x86/fpu: Supporting XSAVE feature 0x004: 'AVX registers'
[    0.000000][    T0] x86/fpu: Supporting XSAVE feature 0x008: 'MPX bounds registers'
[    0.000000][    T0] x86/fpu: Supporting XSAVE feature 0x010: 'MPX CSR'
[    0.000000][    T0] x86/fpu: Supporting XSAVE feature 0x020: 'AVX-512 opmask'
[    0.000000][    T0] x86/fpu: Supporting XSAVE feature 0x040: 'AVX-512 Hi256'
[    0.000000][    T0] x86/fpu: Supporting XSAVE feature 0x080: 'AVX-512 ZMM_Hi256'
[    0.000000][    T0] x86/fpu: xstate_offset[2]:  576, xstate_sizes[2]:  256
[    0.000000][    T0] x86/fpu: xstate_offset[3]:  832, xstate_sizes[3]:   64
[    0.000000][    T0] x86/fpu: xstate_offset[4]:  896, xstate_sizes[4]:   64
[    0.000000][    T0] x86/fpu: xstate_offset[5]:  960, xstate_sizes[5]:   64
[    0.000000][    T0] x86/fpu: xstate_offset[6]: 1024, xstate_sizes[6]:  512
[    0.000000][    T0] x86/fpu: xstate_offset[7]: 1536, xstate_sizes[7]: 1024
[    0.000000][    T0] x86/fpu: Enabled xstate features 0xff, context size is 2560 bytes, using 'compacted' format.
[    0.000000][    T0] BIOS-provided physical RAM map:
[    0.000000][    T0] BIOS-e820: [mem 0x0000000000000000-0x000000000009fbff] usable
[    0.000000][    T0] BIOS-e820: [mem 0x000000000009fc00-0x000000000009ffff] reserved
[    0.000000][    T0] BIOS-e820: [mem 0x00000000000f0000-0x00000000000fffff] reserved
[    0.000000][    T0] BIOS-e820: [mem 0x0000000000100000-0x000000007ffdffff] usable
[    0.000000][    T0] BIOS-e820: [mem 0x000000007ffe0000-0x000000007fffffff] reserved
[    0.000000][    T0] BIOS-e820: [mem 0x00000000feffc000-0x00000000feffffff] reserved
[    0.000000][    T0] BIOS-e820: [mem 0x00000000fffc0000-0x00000000ffffffff] reserved
[    0.000000][    T0] printk: bootconsole [earlyser0] enabled
[    0.000000][    T0] ERROR: earlyprintk= earlyser already used
[    0.000000][    T0] ERROR: earlyprintk= earlyser already used
[    0.000000][    T0] ERROR: earlyprintk= earlyser already used
[    0.000000][    T0] Malformed early option 'vsyscall'
[    0.000000][    T0] nopcid: PCID feature disabled
[    0.000000][    T0] NX (Execute Disable) protection: active
[    0.000000][    T0] SMBIOS 2.8 present.
[    0.000000][    T0] DMI: QEMU Standard PC (i440FX + PIIX, 1996), BIOS rel-1.16.0-0-gd239552ce722-prebuilt.qemu.org 04/01/2014
[    0.000000][    T0] Hypervisor detected: KVM
[    0.000000][    T0] kvm-clock: Using msrs 4b564d01 and 4b564d00
[    0.000002][    T0] kvm-clock: cpu 0, msr ec5a001, primary cpu clock
[    0.000002][    T0] kvm-clock: using sched offset of 859039861 cycles
[    0.000598][    T0] clocksource: kvm-clock: mask: 0xffffffffffffffff max_cycles: 0x1cd42e4dffb, max_idle_ns: 881590591483 ns
[    0.002273][    T0] tsc: Detected 2999.998 MHz processor
[    0.008101][    T0] last_pfn = 0x7ffe0 max_arch_pfn = 0x400000000
[    0.008788][    T0] x86/PAT: Configuration [0-7]: WB  WC  UC- UC  WB  WP  UC- WT  
[    0.017816][    T0] found SMP MP-table at [mem 0x000f5ba0-0x000f5baf]
[    0.018500][    T0] Using GB pages for direct mapping
[    0.019682][    T0] ACPI: Early table checksum verification disabled
[    0.020284][    T0] ACPI: RSDP 0x00000000000F59C0 000014 (v00 BOCHS )
[    0.020885][    T0] ACPI: RSDT 0x000000007FFE1951 000034 (v01 BOCHS  BXPC     00000001 BXPC 00000001)
[    0.021759][    T0] ACPI: FACP 0x000000007FFE17FD 000074 (v01 BOCHS  BXPC     00000001 BXPC 00000001)
[    0.022618][    T0] ACPI: DSDT 0x000000007FFE0040 0017BD (v01 BOCHS  BXPC     00000001 BXPC 00000001)
[    0.023494][    T0] ACPI: FACS 0x000000007FFE0000 000040
[    0.024006][    T0] ACPI: APIC 0x000000007FFE1871 000080 (v01 BOCHS  BXPC     00000001 BXPC 00000001)
[    0.024861][    T0] ACPI: HPET 0x000000007FFE18F1 000038 (v01 BOCHS  BXPC     00000001 BXPC 00000001)
[    0.025709][    T0] ACPI: WAET 0x000000007FFE1929 000028 (v01 BOCHS  BXPC     00000001 BXPC 00000001)
[    0.027391][    T0] No NUMA configuration found
[    0.027806][    T0] Faking a node at [mem 0x0000000000000000-0x000000007ffdffff]
[    0.028516][    T0] Faking node 0 at [mem 0x0000000000000000-0x000000003fffffff] (1024MB)
[    0.029257][    T0] Faking node 1 at [mem 0x0000000040000000-0x000000007ffdffff] (1023MB)
[    0.030335][    T0] NODE_DATA(0) allocated [mem 0x3fffb000-0x3fffffff]
[    0.031012][    T0] NODE_DATA(1) allocated [mem 0x7ffda000-0x7ffdefff]
[    0.034919][    T0] Zone ranges:
[    0.035268][    T0]   DMA      [mem 0x0000000000001000-0x0000000000ffffff]
[    0.035896][    T0]   DMA32    [mem 0x0000000001000000-0x000000007ffdffff]
[    0.036531][    T0]   Normal   empty
[    0.036857][    T0]   Device   empty
[    0.037188][    T0] Movable zone start for each node
[    0.037598][    T0] Early memory node ranges
[    0.037956][    T0]   node   0: [mem 0x0000000000001000-0x000000000009efff]
[    0.038587][    T0]   node   0: [mem 0x0000000000100000-0x000000003fffffff]
[    0.039220][    T0]   node   1: [mem 0x0000000040000000-0x000000007ffdffff]
[    0.039859][    T0] Zeroed struct page in unavailable ranges: 130 pages
[    0.039863][    T0] Initmem setup node 0 [mem 0x0000000000001000-0x000000003fffffff]
[    0.052807][    T0] Initmem setup node 1 [mem 0x0000000040000000-0x000000007ffdffff]
[    0.096733][    T0] kasan: KernelAddressSanitizer initialized
[    0.097608][    T0] ACPI: PM-Timer IO Port: 0x608
[    0.098083][    T0] ACPI: LAPIC_NMI (acpi_id[0xff] dfl dfl lint[0x1])
[    0.098723][    T0] IOAPIC[0]: apic_id 0, version 17, address 0xfec00000, GSI 0-23
[    0.099429][    T0] ACPI: INT_SRC_OVR (bus 0 bus_irq 0 global_irq 2 dfl dfl)
[    0.100082][    T0] ACPI: INT_SRC_OVR (bus 0 bus_irq 5 global_irq 5 high level)
[    0.100745][    T0] ACPI: INT_SRC_OVR (bus 0 bus_irq 9 global_irq 9 high level)
[    0.101421][    T0] ACPI: INT_SRC_OVR (bus 0 bus_irq 10 global_irq 10 high level)
[    0.102104][    T0] ACPI: INT_SRC_OVR (bus 0 bus_irq 11 global_irq 11 high level)
[    0.102806][    T0] Using ACPI (MADT) for SMP configuration information
[    0.103411][    T0] ACPI: HPET id: 0x8086a201 base: 0xfed00000
[    0.103967][    T0] smpboot: Allowing 2 CPUs, 0 hotplug CPUs
[    0.104508][    T0] KVM setup pv remote TLB flush
[    0.104958][    T0] KVM setup pv sched yield
[    0.105389][    T0] PM: hibernation: Registered nosave memory: [mem 0x00000000-0x00000fff]
[    0.106144][    T0] PM: hibernation: Registered nosave memory: [mem 0x0009f000-0x0009ffff]
[    0.106898][    T0] PM: hibernation: Registered nosave memory: [mem 0x000a0000-0x000effff]
[    0.107888][    T0] PM: hibernation: Registered nosave memory: [mem 0x000f0000-0x000fffff]
[    0.108730][    T0] [mem 0x80000000-0xfeffbfff] available for PCI devices
[    0.109364][    T0] Booting paravirtualized kernel on KVM
[    0.109899][    T0] clocksource: refined-jiffies: mask: 0xffffffff max_cycles: 0xffffffff, max_idle_ns: 19112604462750000 ns
[    0.153522][    T0] setup_percpu: NR_CPUS:8 nr_cpumask_bits:8 nr_cpu_ids:2 nr_node_ids:2
[    0.154817][    T0] percpu: Embedded 65 pages/cpu s227592 r8192 d30456 u2097152
[    0.155549][    T0] KVM setup async PF for cpu 0
[    0.155944][    T0] kvm-stealtime: cpu 0, msr 2ce21a80
[    0.156387][    T0] PV qspinlock hash table entries: 256 (order: 0, 4096 bytes, linear)
[    0.157082][    T0] Built 2 zonelists, mobility grouping on.  Total pages: 515945
[    0.157717][    T0] Policy zone: DMA32
[    0.158096][    T0] Kernel command line: earlyprintk=serial net.ifnames=0 sysctl.kernel.hung_task_all_cpu_backtrace=1 ima_policy=tcb nf-conntrack-ftp.ports=20000 nf-conntrack-tftp.ports=20000 nf-conntrack-sip.ports=20000 nf-conntrack-irc.ports=20000 nf-conntrack-sane.ports=20000 binder.debug_mask=0 rcupdate.rcu_expedited=1 rcupdate.rcu_cpu_stall_cputime=1 no_hash_pointers page_owner=on sysctl.vm.nr_hugepages=4 sysctl.vm.nr_overcommit_hugepages=4 secretmem.enable=1 sysctl.max_rcu_stall_to_panic=1 msr.allow_writes=off coredump_filter=0xffff root=/dev/sda console=ttyS0 vsyscall=native numa=fake=2 kvm-intel.nested=1 spec_store_bypass_disable=prctl nopcid vivid.n_devs=16 vivid.multiplanar=1,2,1,2,1,2,1,2,1,2,1,2,1,2,1,2 netrom.nr_ndevs=16 rose.rose_ndevs=16 smp.csd_lock_timeout=100000 watchdog_thresh=55 workqueue.watchdog_thresh=140 sysctl.net.core.netdev_unregister_timeout_secs=140 dummy_hcd.num=8 panic_on_warn=1 console=ttyS0 root=/dev/sda1 earlyprintk=serial net.ifnames=0 thunderb
[    0.161423][    T0] mem auto-init: stack:off, heap alloc:on, heap free:off
[    0.280011][    T0] Memory: 1519572K/2096632K available (133130K kernel code, 40726K rwdata, 27192K rodata, 2584K init, 24372K bss, 577060K reserved, 0K cma-reserved)
[    0.281855][    T0] SLUB: HWalign=64, Order=0-3, MinObjects=0, CPUs=2, Nodes=2
[    0.283994][    T0] Running RCU self tests
[    0.284352][    T0] rcu: Preemptible hierarchical RCU implementation.
[    0.284867][    T0] rcu: 	RCU lockdep checking is enabled.
[    0.285312][    T0] rcu: 	RCU restricting CPUs from NR_CPUS=8 to nr_cpu_ids=2.
[    0.285887][    T0] rcu: 	RCU callback double-/use-after-free debug enabled.
[    0.286462][    T0] rcu: 	RCU debug extended QS entry/exit.
[    0.286907][    T0] 	All grace periods are expedited (rcu_expedited).
[    0.287425][    T0] 	Tasks RCU enabled.
[    0.287740][    T0] rcu: RCU calculated value of scheduler-enlistment delay is 10 jiffies.
[    0.288409][    T0] rcu: Adjusting geometry for rcu_fanout_leaf=16, nr_cpu_ids=2
[    0.293177][    T0] NR_IRQS: 4352, nr_irqs: 440, preallocated irqs: 16
[    0.294461][    T0] random: get_random_bytes called from start_kernel+0x521/0x85a with crng_init=0
[    0.299369][    T0] Console: colour VGA+ 80x25
[    0.300615][    T0] printk: console [ttyS0] enabled
[    0.300615][    T0] printk: console [ttyS0] enabled
[    0.301502][    T0] printk: bootconsole [earlyser0] disabled
[    0.301502][    T0] printk: bootconsole [earlyser0] disabled
[    0.302491][    T0] Lock dependency validator: Copyright (c) 2006 Red Hat, Inc., Ingo Molnar
[    0.303182][    T0] ... MAX_LOCKDEP_SUBCLASSES:  8
[    0.303583][    T0] ... MAX_LOCK_DEPTH:          48
[    0.303991][    T0] ... MAX_LOCKDEP_KEYS:        8192
[    0.304411][    T0] ... CLASSHASH_SIZE:          4096
[    0.304833][    T0] ... MAX_LOCKDEP_ENTRIES:     32768
[    0.305258][    T0] ... MAX_LOCKDEP_CHAINS:      65536
[    0.305682][    T0] ... CHAINHASH_SIZE:          32768
[    0.306115][    T0]  memory used by lock dependency info: 6237 kB
[    0.306620][    T0]  memory used for stack traces: 4224 kB
[    0.307082][    T0]  per task-struct memory footprint: 1920 bytes
[    0.307661][    T0] mempolicy: Enabling automatic NUMA balancing. Configure with numa_balancing= or the kernel.numa_balancing sysctl
[    0.308734][    T0] ACPI: Core revision 20200110
[    0.309829][    T0] clocksource: hpet: mask: 0xffffffff max_cycles: 0xffffffff, max_idle_ns: 19112604467 ns
[    0.310947][    T0] APIC: Switch to symmetric I/O mode setup
[    0.311635][    T0] x2apic enabled
[    0.312140][    T0] Switched APIC routing to physical x2apic.
[    0.312665][    T0] KVM setup pv IPIs
[    0.314098][    T0] ..TIMER: vector=0x30 apic1=0 pin1=2 apic2=-1 pin2=-1
[    0.314734][    T0] clocksource: tsc-early: mask: 0xffffffffffffffff max_cycles: 0x2b3e43c8763, max_idle_ns: 440795360101 ns
[    0.315757][    T0] Calibrating delay loop (skipped) preset value.. 5999.99 BogoMIPS (lpj=29999980)
[    0.316573][    T0] pid_max: default: 32768 minimum: 301
[    0.317255][    T0] LSM: Security Framework initializing
[    0.317732][    T0] Yama: becoming mindful.
[    0.318152][    T0] TOMOYO Linux initialized
[    0.318699][    T0] AppArmor: AppArmor initialized
[    0.319899][    T0] Dentry cache hash table entries: 262144 (order: 9, 2097152 bytes, vmalloc)
[    0.325819][    T0] Inode-cache hash table entries: 131072 (order: 8, 1048576 bytes, vmalloc)
[    0.326594][    T0] Mount-cache hash table entries: 4096 (order: 3, 32768 bytes, vmalloc)
[    0.327283][    T0] Mountpoint-cache hash table entries: 4096 (order: 3, 32768 bytes, vmalloc)
[    0.328100][    T0] *** VALIDATE tmpfs ***
[    0.329526][    T0] *** VALIDATE proc ***
[    0.330377][    T0] *** VALIDATE cgroup ***
[    0.330735][    T0] *** VALIDATE cgroup2 ***
[    0.331289][    T0] x86/cpu: User Mode Instruction Prevention (UMIP) activated
[    0.331977][    T0] Last level iTLB entries: 4KB 0, 2MB 0, 4MB 0
[    0.332476][    T0] Last level dTLB entries: 4KB 0, 2MB 0, 4MB 0, 1GB 0
[    0.333052][    T0] Spectre V1 : Mitigation: usercopy/swapgs barriers and __user pointer sanitization
[    0.333834][    T0] Spectre V2 : Mitigation: Enhanced IBRS
[    0.334271][    T0] Spectre V2 : Spectre v2 / SpectreRSB mitigation: Filling RSB on context switch
[    0.334976][    T0] Spectre V2 : mitigation: Enabling conditional Indirect Branch Prediction Barrier
[    0.335797][    T0] Speculative Store Bypass: Mitigation: Speculative Store Bypass disabled via prctl
[    0.336520][    T0] TAA: Mitigation: Clear CPU buffers
[    0.337801][    T0] Freeing SMP alternatives memory: 100K
[    0.339049][    T1] smpboot: CPU0: Intel(R) Core(TM) i9-10980XE CPU @ 3.00GHz (family: 0x6, model: 0x55, stepping: 0x7)
[    0.405803][    T1] Performance Events: Skylake events, full-width counters, Intel PMU driver.
[    0.406557][    T1] ... version:                2
[    0.406928][    T1] ... bit width:              48
[    0.407316][    T1] ... generic registers:      4
[    0.407687][    T1] ... value mask:             0000ffffffffffff
[    0.408159][    T1] ... max period:             00007fffffffffff
[    0.408629][    T1] ... fixed-purpose events:   3
[    0.408999][    T1] ... event mask:             000000070000000f
[    0.425778][    T1] rcu: Hierarchical SRCU implementation.
[    0.475773][    T1] smp: Bringing up secondary CPUs ...
[    0.555932][    T1] x86: Booting SMP configuration:
[    0.556361][    T1] .... node  #1, CPUs:      #1
[    0.021437][    T0] kvm-clock: cpu 1, msr ec5a041, secondary cpu clock
[    0.557881][   T15] KVM setup async PF for cpu 1
[    0.557881][   T15] kvm-stealtime: cpu 1, msr 7ec21a80
[    0.557881][    T1] smp: Brought up 2 nodes, 2 CPUs
[    0.557881][    T1] smpboot: Max logical packages: 1
[    0.557881][    T1] smpboot: Total of 2 processors activated (11999.99 BogoMIPS)
[    0.560501][    T1] allocated 12582912 bytes of page_ext
[    0.561107][    T1] Node 0, zone      DMA: page owner found early allocated 0 pages
[    0.568882][    T1] Node 0, zone    DMA32: page owner found early allocated 2734 pages
[    0.569939][    T1] Node 1, zone    DMA32: page owner found early allocated 2598 pages
[    0.571096][    T1] devtmpfs: initialized
[    0.571096][    T1] x86/mm: Memory block size: 128MB
[    0.589581][    T1] clocksource: jiffies: mask: 0xffffffff max_cycles: 0xffffffff, max_idle_ns: 19112604462750000 ns
[    0.590575][    T1] futex hash table entries: 512 (order: 4, 65536 bytes, vmalloc)
[    0.591708][    T1] xor: automatically using best checksumming function   avx       
[    0.592851][   T24] kworker/u5:0 (24) used greatest stack depth: 27480 bytes left
[    0.597551][    T1] PM: RTC time: 06:40:05, date: 2023-12-03
[    0.598106][    T1] thermal_sys: Registered thermal governor 'step_wise'
[    0.598109][    T1] thermal_sys: Registered thermal governor 'user_space'
[    0.600054][    T1] NET: Registered protocol family 16
[    0.604769][    T1] audit: initializing netlink subsys (disabled)
[    0.605674][   T32] kworker/u5:1 (32) used greatest stack depth: 27064 bytes left
[    0.606563][   T34] audit: type=2000 audit(1701585606.031:1): state=initialized audit_enabled=0 res=1
[    0.609693][    T1] cpuidle: using governor menu
[    0.613039][    T1] ACPI: bus type PCI registered
[    0.616836][    T1] dca service started, version 1.12.1
[    0.617552][    T1] PCI: Using configuration type 1 for base access
[    0.656335][  T138] kworker/u5:0 (138) used greatest stack depth: 25448 bytes left
[    0.978235][    T1] HugeTLB registered 1.00 GiB page size, pre-allocated 0 pages
[    0.978235][    T1] HugeTLB registered 2.00 MiB page size, pre-allocated 0 pages
[    0.989257][    T1] cryptd: max_cpu_qlen set to 1000
[    1.018692][    T1] raid6: skip pq benchmark and using algorithm avx512x4
[    1.018692][    T1] raid6: using avx512x2 recovery algorithm
[    1.018692][    T1] ACPI: Added _OSI(Module Device)
[    1.018692][    T1] ACPI: Added _OSI(Processor Device)
[    1.018692][    T1] ACPI: Added _OSI(3.0 _SCP Extensions)
[    1.018692][    T1] ACPI: Added _OSI(Processor Aggregator Device)
[    1.019096][    T1] ACPI: Added _OSI(Linux-Dell-Video)
[    1.019510][    T1] ACPI: Added _OSI(Linux-Lenovo-NV-HDMI-Audio)
[    1.019997][    T1] ACPI: Added _OSI(Linux-HPI-Hybrid-Graphics)
[    1.044091][    T1] ACPI: 1 ACPI AML tables successfully acquired and loaded
[    1.092648][    T1] ACPI: Interpreter enabled
[    1.093218][    T1] ACPI: (supports S0 S3 S4 S5)
[    1.093629][    T1] ACPI: Using IOAPIC for interrupt routing
[    1.095994][    T1] PCI: Using host bridge windows from ACPI; if necessary, use "pci=nocrs" and report a bug
[    1.098484][    T1] ACPI: Enabled 2 GPEs in block 00 to 0F
[    1.155774][    T1] ACPI: PCI Root Bridge [PCI0] (domain 0000 [bus 00-ff])
[    1.155774][    T1] acpi PNP0A03:00: _OSC: OS supports [ASPM ClockPM Segments MSI HPX-Type3]
[    1.155774][    T1] acpi PNP0A03:00: fail to add MMCONFIG information, can't access extended PCI configuration space under this bridge.
[    1.156778][    T1] PCI host bridge to bus 0000:00
[    1.157177][    T1] pci_bus 0000:00: Unknown NUMA node; performance will be reduced
[    1.157790][    T1] pci_bus 0000:00: root bus resource [io  0x0000-0x0cf7 window]
[    1.158416][    T1] pci_bus 0000:00: root bus resource [io  0x0d00-0xffff window]
[    1.159069][    T1] pci_bus 0000:00: root bus resource [mem 0x000a0000-0x000bffff window]
[    1.160027][    T1] pci_bus 0000:00: root bus resource [mem 0x80000000-0xfebfffff window]
[    1.160827][    T1] pci_bus 0000:00: root bus resource [mem 0x100000000-0x17fffffff window]
[    1.161566][    T1] pci_bus 0000:00: root bus resource [bus 00-ff]
[    1.162293][    T1] pci 0000:00:00.0: [8086:1237] type 00 class 0x060000
[    1.169856][    T1] pci 0000:00:01.0: [8086:7000] type 00 class 0x060100
[    1.172915][    T1] pci 0000:00:01.1: [8086:7010] type 00 class 0x010180
[    1.175012][    T1] pci 0000:00:01.1: reg 0x20: [io  0xc040-0xc04f]
[    1.176209][    T1] pci 0000:00:01.1: legacy IDE quirk: reg 0x10: [io  0x01f0-0x01f7]
[    1.177057][    T1] pci 0000:00:01.1: legacy IDE quirk: reg 0x14: [io  0x03f6]
[    1.177849][    T1] pci 0000:00:01.1: legacy IDE quirk: reg 0x18: [io  0x0170-0x0177]
[    1.178702][    T1] pci 0000:00:01.1: legacy IDE quirk: reg 0x1c: [io  0x0376]
[    1.181651][    T1] pci 0000:00:01.3: [8086:7113] type 00 class 0x068000
[    1.182757][    T1] pci 0000:00:01.3: quirk: [io  0x0600-0x063f] claimed by PIIX4 ACPI
[    1.183625][    T1] pci 0000:00:01.3: quirk: [io  0x0700-0x070f] claimed by PIIX4 SMB
[    1.186766][    T1] pci 0000:00:02.0: [1234:1111] type 00 class 0x030000
[    1.188656][    T1] pci 0000:00:02.0: reg 0x10: [mem 0xfd000000-0xfdffffff pref]
[    1.190695][    T1] pci 0000:00:02.0: reg 0x18: [mem 0xfebf0000-0xfebf0fff]
[    1.194300][    T1] pci 0000:00:02.0: reg 0x30: [mem 0xfebe0000-0xfebeffff pref]
[    1.198468][    T1] pci 0000:00:03.0: [8086:100e] type 00 class 0x020000
[    1.198468][    T1] pci 0000:00:03.0: reg 0x10: [mem 0xfebc0000-0xfebdffff]
[    1.199423][    T1] pci 0000:00:03.0: reg 0x14: [io  0xc000-0xc03f]
[    1.202833][    T1] pci 0000:00:03.0: reg 0x30: [mem 0xfeb80000-0xfebbffff pref]
[    1.212292][    T1] ACPI: PCI Interrupt Link [LNKA] (IRQs 5 *10 11)
[    1.215832][    T1] ACPI: PCI Interrupt Link [LNKB] (IRQs 5 *10 11)
[    1.215832][    T1] ACPI: PCI Interrupt Link [LNKC] (IRQs 5 10 *11)
[    1.218206][    T1] ACPI: PCI Interrupt Link [LNKD] (IRQs 5 10 *11)
[    1.219212][    T1] ACPI: PCI Interrupt Link [LNKS] (IRQs *9)
[    1.226015][    T1] iommu: Default domain type: Translated 
[    1.226697][    T1] pci 0000:00:02.0: vgaarb: setting as boot VGA device
[    1.226697][    T1] pci 0000:00:02.0: vgaarb: VGA device added: decodes=io+mem,owns=io+mem,locks=none
[    1.227688][    T1] pci 0000:00:02.0: vgaarb: bridge control possible
[    1.228393][    T1] vgaarb: loaded
[    1.231645][    T1] SCSI subsystem initialized
[    1.236888][    T1] ACPI: bus type USB registered
[    1.237815][    T1] usbcore: registered new interface driver usbfs
[    1.238764][    T1] usbcore: registered new interface driver hub
[    1.239656][    T1] usbcore: registered new device driver usb
[    1.242010][    T1] mc: Linux media interface: v0.10
[    1.242732][    T1] videodev: Linux video capture interface: v2.00
[    1.244215][    T1] pps_core: LinuxPPS API ver. 1 registered
[    1.244837][    T1] pps_core: Software ver. 5.3.6 - Copyright 2005-2007 Rodolfo Giometti <giometti@linux.it>
[    1.250484][    T1] PTP clock support registered
[    1.251645][    T1] EDAC MC: Ver: 3.0.0
[    1.254374][    T1] Advanced Linux Sound Architecture Driver Initialized.
[    1.255656][    T1] PCI: Using ACPI for IRQ routing
[    1.257955][    T1] Bluetooth: Core ver 2.22
[    1.258712][    T1] NET: Registered protocol family 31
[    1.259275][    T1] Bluetooth: HCI device and connection manager initialized
[    1.260172][    T1] Bluetooth: HCI socket layer initialized
[    1.260796][    T1] Bluetooth: L2CAP socket layer initialized
[    1.261460][    T1] Bluetooth: SCO socket layer initialized
[    1.262110][    T1] NET: Registered protocol family 8
[    1.262710][    T1] NET: Registered protocol family 20
[    1.266107][    T1] NetLabel: Initializing
[    1.266572][    T1] NetLabel:  domain hash size = 128
[    1.267119][    T1] NetLabel:  protocols = UNLABELED CIPSOv4 CALIPSO
[    1.268029][    T1] NetLabel:  unlabeled traffic allowed by default
[    1.269495][    T1] nfc: nfc_init: NFC Core ver 0.1
[    1.270269][    T1] NET: Registered protocol family 39
[    1.274087][    T1] hpet0: at MMIO 0xfed00000, IRQs 2, 8, 0
[    1.274706][    T1] hpet0: 3 comparators, 64-bit 100.000000 MHz counter
[    1.280770][    T1] clocksource: Switched to clocksource kvm-clock
[    2.780997][    T1] *** VALIDATE bpf ***
[    2.782146][    T1] VFS: Disk quotas dquot_6.6.0
[    2.782596][    T1] VFS: Dquot-cache hash table entries: 512 (order 0, 4096 bytes)
[    2.783587][    T1] FS-Cache: Loaded
[    2.783886][    T1] *** VALIDATE ramfs ***
[    2.784228][    T1] *** VALIDATE hugetlbfs ***
[    2.785259][    T1] CacheFiles: Loaded
[    2.785741][    T1] TOMOYO: 2.6.0
[    2.786049][    T1] Mandatory Access Control activated.
[    2.787368][    T1] AppArmor: AppArmor Filesystem Enabled
[    2.788044][    T1] pnp: PnP ACPI init
[    2.793544][    T1] pnp: PnP ACPI: found 6 devices
[    2.831334][    T1] clocksource: acpi_pm: mask: 0xffffff max_cycles: 0xffffff, max_idle_ns: 2085701024 ns
[    2.833471][    T1] pci_bus 0000:00: resource 4 [io  0x0000-0x0cf7 window]
[    2.834040][    T1] pci_bus 0000:00: resource 5 [io  0x0d00-0xffff window]
[    2.834579][    T1] pci_bus 0000:00: resource 6 [mem 0x000a0000-0x000bffff window]
[    2.835180][    T1] pci_bus 0000:00: resource 7 [mem 0x80000000-0xfebfffff window]
[    2.835817][    T1] pci_bus 0000:00: resource 8 [mem 0x100000000-0x17fffffff window]
[    2.837142][    T1] NET: Registered protocol family 2
[    2.838903][    T1] tcp_listen_portaddr_hash hash table entries: 1024 (order: 4, 73728 bytes, vmalloc)
[    2.839870][    T1] TCP established hash table entries: 16384 (order: 5, 131072 bytes, vmalloc)
[    2.841881][    T1] TCP bind hash table entries: 16384 (order: 8, 1048576 bytes, vmalloc)
[    2.843097][    T1] TCP: Hash tables configured (established 16384 bind 16384)
[    2.844139][    T1] UDP hash table entries: 1024 (order: 5, 163840 bytes, vmalloc)
[    2.844947][    T1] UDP-Lite hash table entries: 1024 (order: 5, 163840 bytes, vmalloc)
[    2.848435][    T1] NET: Registered protocol family 1
[    2.859695][    T1] RPC: Registered named UNIX socket transport module.
[    2.860259][    T1] RPC: Registered udp transport module.
[    2.860693][    T1] RPC: Registered tcp transport module.
[    2.861119][    T1] RPC: Registered tcp NFSv4.1 backchannel transport module.
[    2.862504][    T1] NET: Registered protocol family 44
[    2.862956][    T1] pci 0000:00:01.0: PIIX3: Enabling Passive Release
[    2.863474][    T1] pci 0000:00:00.0: Limiting direct PCI/PCI transfers
[    2.864012][    T1] pci 0000:00:01.0: Activating ISA DMA hang workarounds
[    2.864611][    T1] pci 0000:00:02.0: Video device with shadowed ROM at [mem 0x000c0000-0x000dffff]
[    2.865333][    T1] PCI: CLS 0 bytes, default 64
[    2.872221][    T1] RAPL PMU: API unit is 2^-32 Joules, 0 fixed counters, 10737418240 ms ovfl timer
[    2.873034][    T1] kvm: no hardware support
[    2.873411][    T1] has_svm: not amd or hygon
[    2.873787][    T1] kvm: no hardware support
[    2.874169][    T1] clocksource: tsc: mask: 0xffffffffffffffff max_cycles: 0x2b3e43c8763, max_idle_ns: 440795360101 ns
[    2.941220][    T1] Initialise system trusted keyrings
[    2.944721][    T1] workingset: timestamp_bits=40 max_order=19 bucket_order=0
[    3.003288][    T1] DLM installed
[    3.011314][    T1] squashfs: version 4.0 (2009/01/31) Phillip Lougher
[    3.022104][    T1] FS-Cache: Netfs 'nfs' registered for caching
[    3.025657][    T1] *** VALIDATE nfs ***
[    3.027316][    T1] *** VALIDATE nfs4 ***
[    3.027736][    T1] NFS: Registering the id_resolver key type
[    3.028225][    T1] Key type id_resolver registered
[    3.028627][    T1] Key type id_legacy registered
[    3.029024][    T1] nfs4filelayout_init: NFSv4 File Layout Driver Registering...
[    3.029644][    T1] Installing knfsd (copyright (C) 1996 okir@monad.swb.de).
[    3.037655][    T1] FS-Cache: Netfs 'cifs' registered for caching
[    3.040281][    T1] Key type cifs.spnego registered
[    3.040706][    T1] Key type cifs.idmap registered
[    3.041335][    T1] ntfs: driver 2.1.32 [Flags: R/W].
[    3.044726][    T1] efs: 1.0a - http://aeschi.ch.eu.org/efs/
[    3.045433][    T1] jffs2: version 2.2. (NAND) (SUMMARY)  Â© 2001-2006 Red Hat, Inc.
[    3.049125][    T1] *** VALIDATE jffs2 ***
[    3.049758][    T1] romfs: ROMFS MTD (C) 2007 Red Hat, Inc.
[    3.050749][    T1] QNX4 filesystem 0.2.3 registered.
[    3.051424][    T1] qnx6: QNX6 filesystem 1.0.0 registered.
[    3.052620][    T1] fuse: init (API version 7.31)
[    3.055044][    T1] *** VALIDATE fuseblk ***
[    3.055396][    T1] *** VALIDATE fuse ***
[    3.058278][    T1] orangefs_debugfs_init: called with debug mask: :none: :0:
[    3.059090][    T1] orangefs_init: module version upstream loaded
[    3.060470][    T1] JFS: nTxBlock = 8192, nTxLock = 65536
[    3.070297][    T1] SGI XFS with ACLs, security attributes, realtime, quota, no debug enabled
[    3.079042][    T1] *** VALIDATE xfs ***
[    3.079395][    T1] 9p: Installing v9fs 9p2000 file system support
[    3.080176][    T1] FS-Cache: Netfs '9p' registered for caching
[    3.083025][    T1] NILFS version 2 loaded
[    3.083364][    T1] befs: version: 0.9.3
[    3.085139][    T1] ocfs2: Registered cluster interface o2cb
[    3.087322][    T1] ocfs2: Registered cluster interface user
[    3.088615][    T1] OCFS2 User DLM kernel interface loaded
[    3.097986][    T1] *** VALIDATE gfs2 ***
[    3.099050][    T1] gfs2: GFS2 installed
[    3.108090][    T1] FS-Cache: Netfs 'ceph' registered for caching
[    3.108594][    T1] ceph: loaded (mds proto 32)
[    3.115296][    T1] NET: Registered protocol family 38
[    3.117797][    T1] async_tx: api initialized (async)
[    3.118223][    T1] Key type asymmetric registered
[    3.118621][    T1] Asymmetric key parser 'x509' registered
[    3.119078][    T1] Asymmetric key parser 'pkcs8' registered
[    3.119521][    T1] Key type pkcs7_test registered
[    3.120067][    T1] Block layer SCSI generic (bsg) driver version 0.4 loaded (major 241)
[    3.120959][    T1] io scheduler mq-deadline registered
[    3.121383][    T1] io scheduler kyber registered
[    3.122355][    T1] io scheduler bfq registered
[    3.127772][    T1] vga16fb: mapped to 0x0000000012175ee7
[    3.591555][    T1] Console: switching to colour frame buffer device 80x30
[    3.850073][    T1] fb0: VGA16 VGA frame buffer device
[    3.851489][    T1] input: Power Button as /devices/LNXSYSTM:00/LNXPWRBN:00/input/input0
[    3.856416][    T1] ACPI: Power Button [PWRF]
[    3.860781][    T1] ioatdma: Intel(R) QuickData Technology Driver 5.00
[    4.042042][    T1] HDLC line discipline maxframe=4096
[    4.042483][    T1] N_HDLC line discipline registered.
[    4.042925][    T1] Serial: 8250/16550 driver, 4 ports, IRQ sharing enabled
[    4.043844][    T1] 00:04: ttyS0 at I/O 0x3f8 (irq = 4, base_baud = 115200) is a 16550A
[    4.050296][    T1] Initializing Nozomi driver 2.1d
[    4.053027][    T1] Non-volatile memory driver v1.3
[    4.054028][    T1] Linux agpgart interface v0.103
[    4.068627][    T1] [drm] Initialized vgem 1.0.0 20120112 for vgem on minor 0
[    4.069476][    T1] [drm] Supports vblank timestamp caching Rev 2 (21.10.2013).
[    4.070052][    T1] [drm] Driver supports precise vblank timestamp query.
[    4.072795][    T1] [drm] Initialized vkms 1.0.0 20180514 for vkms on minor 1
[    4.073664][    T1] usbcore: registered new interface driver udl
[    4.074256][    T1] fb0: switching to bochsdrmfb from VGA16 VGA
[    4.224107][    T1] Console: switching to colour VGA+ 80x25
[    4.227259][    T1] bochs-drm 0000:00:02.0: vgaarb: deactivate vga console
[    4.233233][    T1] Console: switching to colour dummy device 80x25
[    4.236079][    T1] [drm] Found bochs VGA, ID 0xb0c5.
[    4.236485][    T1] [drm] Framebuffer size 16384 kB @ 0xfd000000, mmio @ 0xfebf0000.
[    4.237602][    T1] [TTM] Zone  kernel: Available graphics memory: 759836 KiB
[    4.238269][    T1] [TTM] Initializing pool allocator
[    4.238942][    T1] [TTM] Initializing DMA pool allocator
[    4.240779][    T1] [drm] Found EDID data blob.
[    4.242433][    T1] [drm] Initialized bochs-drm 1.0.0 20130925 for 0000:00:02.0 on minor 2
[    4.249423][    T1] fbcon: bochs-drmdrmfb (fb0) is primary device
[    4.270446][    T1] Console: switching to colour frame buffer device 160x50
[    4.285301][    T1] bochs-drm 0000:00:02.0: fb0: bochs-drmdrmfb frame buffer device
[    4.313442][    T1] brd: module loaded
[    4.349497][    T1] loop: module loaded
[    4.423580][    T1] zram: Added device: zram0
[    4.428045][    T1] null_blk: module loaded
[    4.428557][    T1] Guest personality initialized and is inactive
[    4.429631][    T1] VMCI host device registered (name=vmci, major=10, minor=56)
[    4.430218][    T1] Initialized host personality
[    4.430735][    T1] usbcore: registered new interface driver rtsx_usb
[    4.431771][    T1] usbcore: registered new interface driver viperboard
[    4.432596][    T1] usbcore: registered new interface driver dln2
[    4.433406][    T1] usbcore: registered new interface driver pn533_usb
[    4.435482][    T1] nfcsim 0.2 initialized
[    4.436320][    T1] usbcore: registered new interface driver port100
[    4.437381][    T1] usbcore: registered new interface driver nfcmrvl
[    4.442056][    T1] Loading iSCSI transport class v2.0-870.
[    4.446547][    T1] st: Version 20160209, fixed bufsize 32768, s/g segs 256
[    4.462505][    T1] scsi host0: ata_piix
[    4.466381][    T1] scsi host1: ata_piix
[    4.467343][    T1] ata1: PATA max MWDMA2 cmd 0x1f0 ctl 0x3f6 bmdma 0xc040 irq 14
[    4.468039][    T1] ata2: PATA max MWDMA2 cmd 0x170 ctl 0x376 bmdma 0xc048 irq 15
[    4.474425][    T1] Rounding down aligned max_sectors from 4294967295 to 4294967288
[    4.475386][    T1] db_root: cannot open: /etc/target
[    4.477749][    T1] slram: not enough parameters.
[    4.479945][    T1] ftl_cs: FTL header not found.
[    4.487983][    T1] Ethernet Channel Bonding Driver: v3.7.1 (April 27, 2011)
[    4.499738][    T1] wireguard: WireGuard 1.0.0 loaded. See www.wireguard.com for information.
[    4.500512][    T1] wireguard: Copyright (C) 2015-2019 Jason A. Donenfeld <Jason@zx2c4.com>. All Rights Reserved.
[    4.501466][    T1] eql: Equalizer2002: Simon Janes (simon@ncm.com) and David S. Miller (davem@redhat.com)
[    4.509509][    T1] MACsec IEEE 802.1AE
[    4.511259][    T1] libphy: Fixed MDIO Bus: probed
[    4.514773][    T1] tun: Universal TUN/TAP device driver, 1.6
[    4.520576][    T1] vcan: Virtual CAN interface driver
[    4.521064][    T1] vxcan: Virtual CAN Tunnel driver
[    4.521539][    T1] slcan: serial line CAN interface driver
[    4.522074][    T1] slcan: 10 dynamic interface channels.
[    4.522596][    T1] CAN device driver interface
[    4.523318][    T1] usbcore: registered new interface driver usb_8dev
[    4.524141][    T1] usbcore: registered new interface driver ems_usb
[    4.524942][    T1] usbcore: registered new interface driver gs_usb
[    4.525698][    T1] usbcore: registered new interface driver kvaser_usb
[    4.526739][    T1] usbcore: registered new interface driver mcba_usb
[    4.527451][    T1] usbcore: registered new interface driver peak_usb
[    4.528380][    T1] e100: Intel(R) PRO/100 Network Driver, 3.5.24-k2-NAPI
[    4.529004][    T1] e100: Copyright(c) 1999-2006 Intel Corporation
[    4.530039][    T1] e1000: Intel(R) PRO/1000 Network Driver - version 7.3.21-k8-NAPI
[    4.530776][    T1] e1000: Copyright (c) 1999-2006 Intel Corporation.
[    4.646781][ T3498] ata2.00: ATAPI: QEMU DVD-ROM, 2.5+, max UDMA/100
[    4.647454][ T3493] ata1.00: ATA-7: QEMU HARDDISK, 2.5+, max UDMA/100
[    4.648058][ T3493] ata1.00: 2097458 sectors, multi 16: LBA48 
[    4.661097][   T23] scsi 0:0:0:0: Direct-Access     ATA      QEMU HARDDISK    2.5+ PQ: 0 ANSI: 5
[    4.664307][  T127] sd 0:0:0:0: [sda] 2097458 512-byte logical blocks: (1.07 GB/1.00 GiB)
[    4.665143][  T127] sd 0:0:0:0: [sda] Write Protect is off
[    4.665743][  T127] sd 0:0:0:0: [sda] Write cache: enabled, read cache: enabled, doesn't support DPO or FUA
[    4.670151][   T23] sd 0:0:0:0: Attached scsi generic sg0 type 0
[    4.671927][  T127]  sda: sda1
[    4.672250][    T7] scsi 1:0:0:0: CD-ROM            QEMU     QEMU DVD-ROM     2.5+ PQ: 0 ANSI: 5
[    4.677355][  T127] sd 0:0:0:0: [sda] Attached SCSI disk
[    4.826567][    T7] sr 1:0:0:0: [sr0] scsi3-mmc drive: 4x/4x cd/rw xa/form2 tray
[    4.827188][    T7] cdrom: Uniform CD-ROM driver Revision: 3.20
[    4.830986][    T7] sr 1:0:0:0: Attached scsi generic sg1 type 5
[    5.633120][    T1] PCI Interrupt Link [LNKC] enabled at IRQ 11
[    5.997899][    T1] e1000 0000:00:03.0 eth0: (PCI:33MHz:32-bit) 52:54:00:12:34:56
[    5.998511][    T1] e1000 0000:00:03.0 eth0: Intel(R) PRO/1000 Network Connection
[    5.999497][    T1] e1000e: Intel(R) PRO/1000 Network Driver - 3.2.6-k
[    6.000020][    T1] e1000e: Copyright(c) 1999 - 2015 Intel Corporation.
[    6.001144][    T1] mkiss: AX.25 Multikiss, Hans Albas PE1AYX
[    6.001609][    T1] AX.25: 6pack driver, Revision: 0.3.0
[    6.002052][    T1] AX.25: bpqether driver version 004
[    6.002456][    T1] PPP generic driver version 2.4.2
[    6.004063][    T1] PPP BSD Compression module registered
[    6.004508][    T1] PPP Deflate Compression module registered
[    6.004996][    T1] PPP MPPE Compression module registered
[    6.005431][    T1] NET: Registered protocol family 24
[    6.005920][    T1] PPTP driver version 0.8.5
[    6.006706][    T1] SLIP: version 0.8.4-NET3.019-NEWTTY (dynamic channels, max=256) (6 bit encapsulation enabled).
[    6.007523][    T1] CSLIP: code copyright 1989 Regents of the University of California.
[    6.008142][    T1] SLIP linefill/keepalive option.
[    6.008528][    T1] hdlc: HDLC support module revision 1.22
[    6.008990][    T1] LAPB Ethernet driver version 0.02
[    6.010257][    T1] usbcore: registered new interface driver ath9k_htc
[    6.011173][    T1] usbcore: registered new interface driver carl9170
[    6.012055][    T1] usbcore: registered new interface driver ath6kl_usb
[    6.012753][    T1] usbcore: registered new interface driver ar5523
[    6.013825][    T1] usbcore: registered new interface driver ath10k_usb
[    6.014774][    T1] mac80211_hwsim: initializing netlink
[    6.028030][    T1] usbcore: registered new interface driver atusb
[    6.032589][    T1] mac802154_hwsim mac802154_hwsim: Added 2 mac802154 hwsim hardware radios
[    6.033578][    T1] VMware vmxnet3 virtual NIC driver - version 1.4.17.0-k-NAPI
[    6.034485][    T1] usbcore: registered new interface driver catc
[    6.035147][    T1] usbcore: registered new interface driver kaweth
[    6.035640][    T1] pegasus: v0.9.3 (2013/04/25), Pegasus/Pegasus II USB Ethernet driver
[    6.036628][    T1] usbcore: registered new interface driver pegasus
[    6.037288][    T1] usbcore: registered new interface driver rtl8150
[    6.039696][    T1] usbcore: registered new interface driver r8152
[    6.040200][    T1] hso: drivers/net/usb/hso.c: Option Wireless
[    6.040855][    T1] usbcore: registered new interface driver hso
[    6.041434][    T1] usbcore: registered new interface driver lan78xx
[    6.042107][    T1] usbcore: registered new interface driver asix
[    6.042730][    T1] usbcore: registered new interface driver ax88179_178a
[    6.043427][    T1] usbcore: registered new interface driver cdc_ether
[    6.044091][    T1] usbcore: registered new interface driver cdc_eem
[    6.044741][    T1] usbcore: registered new interface driver dm9601
[    6.045387][    T1] usbcore: registered new interface driver sr9700
[    6.046156][    T1] usbcore: registered new interface driver CoreChips
[    6.047007][    T1] usbcore: registered new interface driver smsc75xx
[    6.047835][    T1] usbcore: registered new interface driver smsc95xx
[    6.048631][    T1] usbcore: registered new interface driver gl620a
[    6.049424][    T1] usbcore: registered new interface driver net1080
[    6.050218][    T1] usbcore: registered new interface driver plusb
[    6.050996][    T1] usbcore: registered new interface driver rndis_host
[    6.051807][    T1] usbcore: registered new interface driver cdc_subset
[    6.052622][    T1] usbcore: registered new interface driver zaurus
[    6.054557][    T1] usbcore: registered new interface driver MOSCHIP usb-ethernet driver
[    6.055540][    T1] usbcore: registered new interface driver int51x1
[    6.056320][    T1] usbcore: registered new interface driver cdc_phonet
[    6.057327][    T1] usbcore: registered new interface driver kalmia
[    6.058209][    T1] usbcore: registered new interface driver ipheth
[    6.058953][    T1] usbcore: registered new interface driver sierra_net
[    6.059696][    T1] usbcore: registered new interface driver cx82310_eth
[    6.060482][    T1] usbcore: registered new interface driver cdc_ncm
[    6.061187][    T1] usbcore: registered new interface driver huawei_cdc_ncm
[    6.061970][    T1] usbcore: registered new interface driver lg-vl600
[    6.062906][    T1] usbcore: registered new interface driver qmi_wwan
[    6.064765][    T1] usbcore: registered new interface driver cdc_mbim
[    6.065484][    T1] usbcore: registered new interface driver ch9200
[    6.068563][    T1] VFIO - User Level meta-driver version: 0.3
[    6.072421][    T1] aoe: AoE v85 initialised.
[    6.075852][    T1] ehci_hcd: USB 2.0 'Enhanced' Host Controller (EHCI) Driver
[    6.076427][    T1] ehci-pci: EHCI PCI platform driver
[    6.080846][    T1] ehci-platform: EHCI generic platform driver
[    6.081662][    T1] ohci_hcd: USB 1.1 'Open' Host Controller (OHCI) Driver
[    6.082221][    T1] ohci-pci: OHCI PCI platform driver
[    6.082798][    T1] ohci-platform: OHCI generic platform driver
[    6.083432][    T1] uhci_hcd: USB Universal Host Controller Interface driver
[    6.086305][    T1] usbcore: registered new interface driver cdc_acm
[    6.086872][    T1] cdc_acm: USB Abstract Control Model driver for USB modems and ISDN adapters
[    6.087848][    T1] usbcore: registered new interface driver usblp
[    6.089191][    T1] usbcore: registered new interface driver cdc_wdm
[    6.090115][    T1] usbcore: registered new interface driver usbtmc
[    6.092630][    T1] usbcore: registered new interface driver uas
[    6.093324][    T1] usbcore: registered new interface driver usb-storage
[    6.094023][    T1] usbcore: registered new interface driver ums-alauda
[    6.094744][    T1] usbcore: registered new interface driver ums-cypress
[    6.095477][    T1] usbcore: registered new interface driver ums-datafab
[    6.096906][    T1] usbcore: registered new interface driver ums_eneub6250
[    6.097588][    T1] usbcore: registered new interface driver ums-freecom
[    6.098256][    T1] usbcore: registered new interface driver ums-isd200
[    6.098928][    T1] usbcore: registered new interface driver ums-jumpshot
[    6.099610][    T1] usbcore: registered new interface driver ums-karma
[    6.100265][    T1] usbcore: registered new interface driver ums-onetouch
[    6.101244][    T1] usbcore: registered new interface driver ums-realtek
[    6.102089][    T1] usbcore: registered new interface driver ums-sddr09
[    6.103923][    T1] usbcore: registered new interface driver ums-sddr55
[    6.104624][    T1] usbcore: registered new interface driver ums-usbat
[    6.105344][    T1] usbcore: registered new interface driver mdc800
[    6.107027][    T1] mdc800: v0.7.5 (30/10/2000):USB Driver for Mustek MDC800 Digital Camera
[    6.107916][    T1] usbcore: registered new interface driver microtekX6
[    6.109002][    T1] usbcore: registered new interface driver usbserial_generic
[    6.109958][    T1] usbserial: USB Serial support registered for generic
[    6.110728][    T1] usbcore: registered new interface driver aircable
[    6.111450][    T1] usbserial: USB Serial support registered for aircable
[    6.112197][    T1] usbcore: registered new interface driver ark3116
[    6.113085][    T1] usbserial: USB Serial support registered for ark3116
[    6.114866][    T1] usbcore: registered new interface driver belkin_sa
[    6.115553][    T1] usbserial: USB Serial support registered for Belkin / Peracom / GoHubs USB Serial Adapter
[    6.116558][    T1] usbcore: registered new interface driver ch341
[    6.117249][    T1] usbserial: USB Serial support registered for ch341-uart
[    6.118016][    T1] usbcore: registered new interface driver cp210x
[    6.118950][    T1] usbserial: USB Serial support registered for cp210x
[    6.119895][    T1] usbcore: registered new interface driver cyberjack
[    6.120624][    T1] usbserial: USB Serial support registered for Reiner SCT Cyberjack USB card reader
[    6.121597][    T1] usbcore: registered new interface driver cypress_m8
[    6.122338][    T1] usbserial: USB Serial support registered for DeLorme Earthmate USB
[    6.124446][    T1] usbserial: USB Serial support registered for HID->COM RS232 Adapter
[    6.125253][    T1] usbserial: USB Serial support registered for Nokia CA-42 V2 Adapter
[    6.126170][    T1] usbcore: registered new interface driver usb_debug
[    6.127168][    T1] usbserial: USB Serial support registered for debug
[    6.127881][    T1] usbserial: USB Serial support registered for xhci_dbc
[    6.128662][    T1] usbcore: registered new interface driver digi_acceleport
[    6.129407][    T1] usbserial: USB Serial support registered for Digi 2 port USB adapter
[    6.130183][    T1] usbserial: USB Serial support registered for Digi 4 port USB adapter
[    6.130970][    T1] usbcore: registered new interface driver io_edgeport
[    6.131628][    T1] usbserial: USB Serial support registered for Edgeport 2 port adapter
[    6.132393][    T1] usbserial: USB Serial support registered for Edgeport 4 port adapter
[    6.133466][    T1] usbserial: USB Serial support registered for Edgeport 8 port adapter
[    6.134474][    T1] usbserial: USB Serial support registered for EPiC device
[    6.136166][    T1] usbcore: registered new interface driver io_ti
[    6.136788][    T1] usbserial: USB Serial support registered for Edgeport TI 1 port adapter
[    6.137538][    T1] usbserial: USB Serial support registered for Edgeport TI 2 port adapter
[    6.138340][    T1] usbcore: registered new interface driver empeg
[    6.138970][    T1] usbserial: USB Serial support registered for empeg
[    6.139638][    T1] usbcore: registered new interface driver f81232
[    6.140266][    T1] usbserial: USB Serial support registered for f81232
[    6.140944][    T1] usbcore: registered new interface driver f81534
[    6.141564][    T1] usbserial: USB Serial support registered for Fintek F81532/F81534
[    6.142359][    T1] usbcore: registered new interface driver ftdi_sio
[    6.143022][    T1] usbserial: USB Serial support registered for FTDI USB Serial Device
[    6.144980][    T1] usbcore: registered new interface driver garmin_gps
[    6.145612][    T1] usbserial: USB Serial support registered for Garmin GPS usb/tty
[    6.146499][    T1] usbcore: registered new interface driver ipaq
[    6.147118][    T1] usbserial: USB Serial support registered for PocketPC PDA
[    6.147835][    T1] usbcore: registered new interface driver ipw
[    6.148444][    T1] usbserial: USB Serial support registered for IPWireless converter
[    6.149535][    T1] usbcore: registered new interface driver ir_usb
[    6.150334][    T1] usbserial: USB Serial support registered for IR Dongle
[    6.151113][    T1] usbcore: registered new interface driver iuu_phoenix
[    6.151862][    T1] usbserial: USB Serial support registered for iuu_phoenix
[    6.152839][    T1] usbcore: registered new interface driver keyspan
[    6.154497][    T1] usbserial: USB Serial support registered for Keyspan - (without firmware)
[    6.155270][    T1] usbserial: USB Serial support registered for Keyspan 1 port adapter
[    6.156027][    T1] usbserial: USB Serial support registered for Keyspan 2 port adapter
[    6.156793][    T1] usbserial: USB Serial support registered for Keyspan 4 port adapter
[    6.157581][    T1] usbcore: registered new interface driver keyspan_pda
[    6.158241][    T1] usbserial: USB Serial support registered for Keyspan PDA
[    6.158931][    T1] usbserial: USB Serial support registered for Keyspan PDA - (prerenumeration)
[    6.159762][    T1] usbcore: registered new interface driver kl5kusb105
[    6.160415][    T1] usbserial: USB Serial support registered for KL5KUSB105D / PalmConnect
[    6.161216][    T1] usbcore: registered new interface driver kobil_sct
[    6.161858][    T1] usbserial: USB Serial support registered for KOBIL USB smart card terminal
[    6.162681][    T1] usbcore: registered new interface driver mct_u232
[    6.163426][    T1] usbserial: USB Serial support registered for MCT U232
[    6.164365][    T1] usbcore: registered new interface driver metro_usb
[    6.165186][    T1] usbserial: USB Serial support registered for Metrologic USB to Serial
[    6.167219][    T1] usbcore: registered new interface driver mos7720
[    6.167826][    T1] usbserial: USB Serial support registered for Moschip 2 port adapter
[    6.168600][    T1] usbcore: registered new interface driver mos7840
[    6.169239][    T1] usbserial: USB Serial support registered for Moschip 7840/7820 USB Serial Driver
[    6.170098][    T1] usbcore: registered new interface driver mxuport
[    6.170728][    T1] usbserial: USB Serial support registered for MOXA UPort
[    6.171425][    T1] usbcore: registered new interface driver navman
[    6.172050][    T1] usbserial: USB Serial support registered for navman
[    6.172710][    T1] usbcore: registered new interface driver omninet
[    6.173360][    T1] usbserial: USB Serial support registered for ZyXEL - omni.net lcd plus usb
[    6.175372][    T1] usbcore: registered new interface driver opticon
[    6.176026][    T1] usbserial: USB Serial support registered for opticon
[    6.176666][    T1] usbcore: registered new interface driver option
[    6.177300][    T1] usbserial: USB Serial support registered for GSM modem (1-port)
[    6.178050][    T1] usbcore: registered new interface driver oti6858
[    6.178687][    T1] usbserial: USB Serial support registered for oti6858
[    6.179362][    T1] usbcore: registered new interface driver pl2303
[    6.180280][    T1] usbserial: USB Serial support registered for pl2303
[    6.181134][    T1] usbcore: registered new interface driver qcaux
[    6.181831][    T1] usbserial: USB Serial support registered for qcaux
[    6.182774][    T1] usbcore: registered new interface driver qcserial
[    6.184495][    T1] usbserial: USB Serial support registered for Qualcomm USB modem
[    6.185219][    T1] usbcore: registered new interface driver quatech2
[    6.185855][    T1] usbserial: USB Serial support registered for Quatech 2nd gen USB to Serial Driver
[    6.186723][    T1] usbcore: registered new interface driver safe_serial
[    6.187401][    T1] usbserial: USB Serial support registered for safe_serial
[    6.188113][    T1] usbcore: registered new interface driver sierra
[    6.188837][    T1] usbserial: USB Serial support registered for Sierra USB modem
[    6.189535][    T1] usbcore: registered new interface driver usb_serial_simple
[    6.190241][    T1] usbserial: USB Serial support registered for carelink
[    6.190916][    T1] usbserial: USB Serial support registered for zio
[    6.191541][    T1] usbserial: USB Serial support registered for funsoft
[    6.192582][    T1] usbserial: USB Serial support registered for flashloader
[    6.194236][    T1] usbserial: USB Serial support registered for google
[    6.194868][    T1] usbserial: USB Serial support registered for libtransistor
[    6.195524][    T1] usbserial: USB Serial support registered for vivopay
[    6.196755][    T1] usbserial: USB Serial support registered for moto_modem
[    6.197449][    T1] usbserial: USB Serial support registered for motorola_tetra
[    6.198150][    T1] usbserial: USB Serial support registered for novatel_gps
[    6.198828][    T1] usbserial: USB Serial support registered for hp4x
[    6.199461][    T1] usbserial: USB Serial support registered for suunto
[    6.200108][    T1] usbserial: USB Serial support registered for siemens_mpi
[    6.200811][    T1] usbcore: registered new interface driver spcp8x5
[    6.201451][    T1] usbserial: USB Serial support registered for SPCP8x5
[    6.202406][    T1] usbcore: registered new interface driver ssu100
[    6.203211][    T1] usbserial: USB Serial support registered for Quatech SSU-100 USB to Serial Driver
[    6.204908][    T1] usbcore: registered new interface driver symbolserial
[    6.205562][    T1] usbserial: USB Serial support registered for symbol
[    6.206243][    T1] usbcore: registered new interface driver ti_usb_3410_5052
[    6.206939][    T1] usbserial: USB Serial support registered for TI USB 3410 1 port adapter
[    6.207723][    T1] usbserial: USB Serial support registered for TI USB 5052 2 port adapter
[    6.208526][    T1] usbcore: registered new interface driver upd78f0730
[    6.209189][    T1] usbserial: USB Serial support registered for upd78f0730
[    6.210084][    T1] usbcore: registered new interface driver visor
[    6.211053][    T1] usbserial: USB Serial support registered for Handspring Visor / Palm OS
[    6.212310][    T1] usbserial: USB Serial support registered for Sony Clie 5.0
[    6.214205][    T1] usbserial: USB Serial support registered for Sony Clie 3.5
[    6.215099][    T1] usbcore: registered new interface driver wishbone_serial
[    6.216183][    T1] usbserial: USB Serial support registered for wishbone_serial
[    6.216970][    T1] usbcore: registered new interface driver whiteheat
[    6.217682][    T1] usbserial: USB Serial support registered for Connect Tech - WhiteHEAT - (prerenumeration)
[    6.218697][    T1] usbserial: USB Serial support registered for Connect Tech - WhiteHEAT
[    6.219544][    T1] usbcore: registered new interface driver xsens_mt
[    6.220185][    T1] usbserial: USB Serial support registered for xsens_mt
[    6.220875][    T1] usbcore: registered new interface driver adutux
[    6.221512][    T1] usbcore: registered new interface driver appledisplay
[    6.222201][    T1] usbcore: registered new interface driver cypress_cy7c63
[    6.223082][    T1] usbcore: registered new interface driver cytherm
[    6.223910][    T1] usbcore: registered new interface driver emi26 - firmware loader
[    6.224838][    T1] usbcore: registered new interface driver emi62 - firmware loader
[    6.226610][    T1] usbcore: registered new interface driver idmouse
[    6.227237][    T1] usbcore: registered new interface driver iowarrior
[    6.227865][    T1] usbcore: registered new interface driver isight_firmware
[    6.228563][    T1] usbcore: registered new interface driver usblcd
[    6.229204][    T1] usbcore: registered new interface driver ldusb
[    6.229842][    T1] usbcore: registered new interface driver legousbtower
[    6.230607][    T1] usbcore: registered new interface driver usbtest
[    6.231322][    T1] usbcore: registered new interface driver usb_ehset_test
[    6.232021][    T1] usbcore: registered new interface driver trancevibrator
[    6.232718][    T1] usbcore: registered new interface driver uss720
[    6.233211][    T1] uss720: USB Parport Cable driver for Cables using the Lucent Technologies USS720 Chip
[    6.233952][    T1] uss720: NOTE: this is a special purpose driver to allow nonstandard
[    6.234564][    T1] uss720: protocols (eg. bitbang) over USS720 usb to parallel cables
[    6.235175][    T1] uss720: If you just want to connect to a printer, use usblp instead
[    6.236958][    T1] usbcore: registered new interface driver usbsevseg
[    6.237598][    T1] usbcore: registered new interface driver yurex
[    6.238787][    T1] usbcore: registered new interface driver chaoskey
[    6.239482][    T1] usbcore: registered new interface driver sisusb
[    6.240195][    T1] usbcore: registered new interface driver lvs
[    6.241161][    T1] usbcore: registered new interface driver cxacru
[    6.242005][    T1] usbcore: registered new interface driver speedtch
[    6.242762][    T1] usbcore: registered new interface driver ueagle-atm
[    6.243329][    T1] xusbatm: malformed module parameters
[    6.247408][    T1] dummy_hcd dummy_hcd.0: USB Host+Gadget Emulator, driver 02 May 2005
[    6.248076][    T1] dummy_hcd dummy_hcd.0: Dummy host controller
[    6.250298][    T1] dummy_hcd dummy_hcd.0: new USB bus registered, assigned bus number 1
[    6.251712][    T1] usb usb1: New USB device found, idVendor=1d6b, idProduct=0002, bcdDevice= 5.06
[    6.252441][    T1] usb usb1: New USB device strings: Mfr=3, Product=2, SerialNumber=1
[    6.253054][    T1] usb usb1: Product: Dummy host controller
[    6.253499][    T1] usb usb1: Manufacturer: Linux 5.6.0-1592614838cb-00213-g1592614838cb dummy_hcd
[    6.254197][    T1] usb usb1: SerialNumber: dummy_hcd.0
[    6.256213][    T1] hub 1-0:1.0: USB hub found
[    6.256747][    T1] hub 1-0:1.0: 1 port detected
[    6.258912][    T1] dummy_hcd dummy_hcd.1: USB Host+Gadget Emulator, driver 02 May 2005
[    6.259558][    T1] dummy_hcd dummy_hcd.1: Dummy host controller
[    6.260452][    T1] dummy_hcd dummy_hcd.1: new USB bus registered, assigned bus number 2
[    6.261493][    T1] usb usb2: New USB device found, idVendor=1d6b, idProduct=0002, bcdDevice= 5.06
[    6.262203][    T1] usb usb2: New USB device strings: Mfr=3, Product=2, SerialNumber=1
[    6.262816][    T1] usb usb2: Product: Dummy host controller
[    6.263263][    T1] usb usb2: Manufacturer: Linux 5.6.0-1592614838cb-00213-g1592614838cb dummy_hcd
[    6.263956][    T1] usb usb2: SerialNumber: dummy_hcd.1
[    6.265380][    T1] hub 2-0:1.0: USB hub found
[    6.266147][    T1] hub 2-0:1.0: 1 port detected
[    6.267765][    T1] dummy_hcd dummy_hcd.2: USB Host+Gadget Emulator, driver 02 May 2005
[    6.268415][    T1] dummy_hcd dummy_hcd.2: Dummy host controller
[    6.269280][    T1] dummy_hcd dummy_hcd.2: new USB bus registered, assigned bus number 3
[    6.270305][    T1] usb usb3: New USB device found, idVendor=1d6b, idProduct=0002, bcdDevice= 5.06
[    6.271324][    T1] usb usb3: New USB device strings: Mfr=3, Product=2, SerialNumber=1
[    6.272092][    T1] usb usb3: Product: Dummy host controller
[    6.272589][    T1] usb usb3: Manufacturer: Linux 5.6.0-1592614838cb-00213-g1592614838cb dummy_hcd
[    6.273365][    T1] usb usb3: SerialNumber: dummy_hcd.2
[    6.275623][    T1] hub 3-0:1.0: USB hub found
[    6.276195][    T1] hub 3-0:1.0: 1 port detected
[    6.277975][    T1] dummy_hcd dummy_hcd.3: USB Host+Gadget Emulator, driver 02 May 2005
[    6.278685][    T1] dummy_hcd dummy_hcd.3: Dummy host controller
[    6.279589][    T1] dummy_hcd dummy_hcd.3: new USB bus registered, assigned bus number 4
[    6.280645][    T1] usb usb4: New USB device found, idVendor=1d6b, idProduct=0002, bcdDevice= 5.06
[    6.281345][    T1] usb usb4: New USB device strings: Mfr=3, Product=2, SerialNumber=1
[    6.281970][    T1] usb usb4: Product: Dummy host controller
[    6.282416][    T1] usb usb4: Manufacturer: Linux 5.6.0-1592614838cb-00213-g1592614838cb dummy_hcd
[    6.283112][    T1] usb usb4: SerialNumber: dummy_hcd.3
[    6.285145][    T1] hub 4-0:1.0: USB hub found
[    6.285596][    T1] hub 4-0:1.0: 1 port detected
[    6.287292][    T1] dummy_hcd dummy_hcd.4: USB Host+Gadget Emulator, driver 02 May 2005
[    6.288020][    T1] dummy_hcd dummy_hcd.4: Dummy host controller
[    6.289054][    T1] dummy_hcd dummy_hcd.4: new USB bus registered, assigned bus number 5
[    6.290319][    T1] usb usb5: New USB device found, idVendor=1d6b, idProduct=0002, bcdDevice= 5.06
[    6.291089][    T1] usb usb5: New USB device strings: Mfr=3, Product=2, SerialNumber=1
[    6.291787][    T1] usb usb5: Product: Dummy host controller
[    6.292276][    T1] usb usb5: Manufacturer: Linux 5.6.0-1592614838cb-00213-g1592614838cb dummy_hcd
[    6.293022][    T1] usb usb5: SerialNumber: dummy_hcd.4
[    6.294722][    T1] hub 5-0:1.0: USB hub found
[    6.295217][    T1] hub 5-0:1.0: 1 port detected
[    6.297581][    T1] dummy_hcd dummy_hcd.5: USB Host+Gadget Emulator, driver 02 May 2005
[    6.298294][    T1] dummy_hcd dummy_hcd.5: Dummy host controller
[    6.299315][    T1] dummy_hcd dummy_hcd.5: new USB bus registered, assigned bus number 6
[    6.300912][    T1] usb usb6: New USB device found, idVendor=1d6b, idProduct=0002, bcdDevice= 5.06
[    6.301877][    T1] usb usb6: New USB device strings: Mfr=3, Product=2, SerialNumber=1
[    6.302705][    T1] usb usb6: Product: Dummy host controller
[    6.303207][    T1] usb usb6: Manufacturer: Linux 5.6.0-1592614838cb-00213-g1592614838cb dummy_hcd
[    6.303981][    T1] usb usb6: SerialNumber: dummy_hcd.5
[    6.305643][    T1] hub 6-0:1.0: USB hub found
[    6.306642][    T1] hub 6-0:1.0: 1 port detected
[    6.308447][    T1] dummy_hcd dummy_hcd.6: USB Host+Gadget Emulator, driver 02 May 2005
[    6.309168][    T1] dummy_hcd dummy_hcd.6: Dummy host controller
[    6.310223][    T1] dummy_hcd dummy_hcd.6: new USB bus registered, assigned bus number 7
[    6.311840][    T1] usb usb7: New USB device found, idVendor=1d6b, idProduct=0002, bcdDevice= 5.06
[    6.312603][    T1] usb usb7: New USB device strings: Mfr=3, Product=2, SerialNumber=1
[    6.313273][    T1] usb usb7: Product: Dummy host controller
[    6.313753][    T1] usb usb7: Manufacturer: Linux 5.6.0-1592614838cb-00213-g1592614838cb dummy_hcd
[    6.314509][    T1] usb usb7: SerialNumber: dummy_hcd.6
[    6.316110][    T1] hub 7-0:1.0: USB hub found
[    6.316602][    T1] hub 7-0:1.0: 1 port detected
[    6.318362][    T1] dummy_hcd dummy_hcd.7: USB Host+Gadget Emulator, driver 02 May 2005
[    6.319088][    T1] dummy_hcd dummy_hcd.7: Dummy host controller
[    6.320062][    T1] dummy_hcd dummy_hcd.7: new USB bus registered, assigned bus number 8
[    6.321191][    T1] usb usb8: New USB device found, idVendor=1d6b, idProduct=0002, bcdDevice= 5.06
[    6.321953][    T1] usb usb8: New USB device strings: Mfr=3, Product=2, SerialNumber=1
[    6.322621][    T1] usb usb8: Product: Dummy host controller
[    6.323107][    T1] usb usb8: Manufacturer: Linux 5.6.0-1592614838cb-00213-g1592614838cb dummy_hcd
[    6.323861][    T1] usb usb8: SerialNumber: dummy_hcd.7
[    6.325528][    T1] hub 8-0:1.0: USB hub found
[    6.326313][    T1] hub 8-0:1.0: 1 port detected
[    6.341303][    T1] gadgetfs: USB Gadget filesystem, version 24 Aug 2004
[    6.342814][    T1] vhci_hcd vhci_hcd.0: USB/IP Virtual Host Controller
[    6.343856][    T1] vhci_hcd vhci_hcd.0: new USB bus registered, assigned bus number 9
[    6.344723][    T1] vhci_hcd: created sysfs vhci_hcd.0
[    6.345683][    T1] usb usb9: New USB device found, idVendor=1d6b, idProduct=0002, bcdDevice= 5.06
[    6.346665][    T1] usb usb9: New USB device strings: Mfr=3, Product=2, SerialNumber=1
[    6.347346][    T1] usb usb9: Product: USB/IP Virtual Host Controller
[    6.347895][    T1] usb usb9: Manufacturer: Linux 5.6.0-1592614838cb-00213-g1592614838cb vhci_hcd
[    6.348658][    T1] usb usb9: SerialNumber: vhci_hcd.0
[    6.350863][    T1] hub 9-0:1.0: USB hub found
[    6.351500][    T1] hub 9-0:1.0: 8 ports detected
[    6.354940][    T1] vhci_hcd vhci_hcd.0: USB/IP Virtual Host Controller
[    6.356090][    T1] vhci_hcd vhci_hcd.0: new USB bus registered, assigned bus number 10
[    6.356968][    T1] usb usb10: We don't know the algorithms for LPM for this host, disabling LPM.
[    6.358339][    T1] usb usb10: New USB device found, idVendor=1d6b, idProduct=0003, bcdDevice= 5.06
[    6.359141][    T1] usb usb10: New USB device strings: Mfr=3, Product=2, SerialNumber=1
[    6.359825][    T1] usb usb10: Product: USB/IP Virtual Host Controller
[    6.360391][    T1] usb usb10: Manufacturer: Linux 5.6.0-1592614838cb-00213-g1592614838cb vhci_hcd
[    6.361149][    T1] usb usb10: SerialNumber: vhci_hcd.0
[    6.363069][    T1] hub 10-0:1.0: USB hub found
[    6.363685][    T1] hub 10-0:1.0: 8 ports detected
[    6.368027][    T1] vhci_hcd vhci_hcd.1: USB/IP Virtual Host Controller
[    6.368959][    T1] vhci_hcd vhci_hcd.1: new USB bus registered, assigned bus number 11
[    6.369974][    T1] usb usb11: New USB device found, idVendor=1d6b, idProduct=0002, bcdDevice= 5.06
[    6.370674][    T1] usb usb11: New USB device strings: Mfr=3, Product=2, SerialNumber=1
[    6.371305][    T1] usb usb11: Product: USB/IP Virtual Host Controller
[    6.371814][    T1] usb usb11: Manufacturer: Linux 5.6.0-1592614838cb-00213-g1592614838cb vhci_hcd
[    6.372505][    T1] usb usb11: SerialNumber: vhci_hcd.1
[    6.374733][    T1] hub 11-0:1.0: USB hub found
[    6.375253][    T1] hub 11-0:1.0: 8 ports detected
[    6.378216][    T1] vhci_hcd vhci_hcd.1: USB/IP Virtual Host Controller
[    6.379209][    T1] vhci_hcd vhci_hcd.1: new USB bus registered, assigned bus number 12
[    6.379989][    T1] usb usb12: We don't know the algorithms for LPM for this host, disabling LPM.
[    6.381225][    T1] usb usb12: New USB device found, idVendor=1d6b, idProduct=0003, bcdDevice= 5.06
[    6.381927][    T1] usb usb12: New USB device strings: Mfr=3, Product=2, SerialNumber=1
[    6.382546][    T1] usb usb12: Product: USB/IP Virtual Host Controller
[    6.383067][    T1] usb usb12: Manufacturer: Linux 5.6.0-1592614838cb-00213-g1592614838cb vhci_hcd
[    6.383751][    T1] usb usb12: SerialNumber: vhci_hcd.1
[    6.385404][    T1] hub 12-0:1.0: USB hub found
[    6.387542][    T1] hub 12-0:1.0: 8 ports detected
[    6.391433][    T1] vhci_hcd vhci_hcd.2: USB/IP Virtual Host Controller
[    6.392460][    T1] vhci_hcd vhci_hcd.2: new USB bus registered, assigned bus number 13
[    6.394275][    T1] usb usb13: New USB device found, idVendor=1d6b, idProduct=0002, bcdDevice= 5.06
[    6.395148][    T1] usb usb13: New USB device strings: Mfr=3, Product=2, SerialNumber=1
[    6.396500][    T1] usb usb13: Product: USB/IP Virtual Host Controller
[    6.397083][    T1] usb usb13: Manufacturer: Linux 5.6.0-1592614838cb-00213-g1592614838cb vhci_hcd
[    6.397861][    T1] usb usb13: SerialNumber: vhci_hcd.2
[    6.399300][    T1] hub 13-0:1.0: USB hub found
[    6.399826][    T1] hub 13-0:1.0: 8 ports detected
[    6.403173][    T1] vhci_hcd vhci_hcd.2: USB/IP Virtual Host Controller
[    6.404181][    T1] vhci_hcd vhci_hcd.2: new USB bus registered, assigned bus number 14
[    6.405138][    T1] usb usb14: We don't know the algorithms for LPM for this host, disabling LPM.
[    6.407429][    T1] usb usb14: New USB device found, idVendor=1d6b, idProduct=0003, bcdDevice= 5.06
[    6.408214][    T1] usb usb14: New USB device strings: Mfr=3, Product=2, SerialNumber=1
[    6.408894][    T1] usb usb14: Product: USB/IP Virtual Host Controller
[    6.409535][    T1] usb usb14: Manufacturer: Linux 5.6.0-1592614838cb-00213-g1592614838cb vhci_hcd
[    6.410280][    T1] usb usb14: SerialNumber: vhci_hcd.2
[    6.411713][    T1] hub 14-0:1.0: USB hub found
[    6.412176][    T1] hub 14-0:1.0: 8 ports detected
[    6.415705][    T1] vhci_hcd vhci_hcd.3: USB/IP Virtual Host Controller
[    6.416921][    T1] vhci_hcd vhci_hcd.3: new USB bus registered, assigned bus number 15
[    6.418100][    T1] usb usb15: New USB device found, idVendor=1d6b, idProduct=0002, bcdDevice= 5.06
[    6.418852][    T1] usb usb15: New USB device strings: Mfr=3, Product=2, SerialNumber=1
[    6.419541][    T1] usb usb15: Product: USB/IP Virtual Host Controller
[    6.420118][    T1] usb usb15: Manufacturer: Linux 5.6.0-1592614838cb-00213-g1592614838cb vhci_hcd
[    6.420962][    T1] usb usb15: SerialNumber: vhci_hcd.3
[    6.422881][    T1] hub 15-0:1.0: USB hub found
[    6.423407][    T1] hub 15-0:1.0: 8 ports detected
[    6.427014][    T1] vhci_hcd vhci_hcd.3: USB/IP Virtual Host Controller
[    6.428153][    T1] vhci_hcd vhci_hcd.3: new USB bus registered, assigned bus number 16
[    6.429035][    T1] usb usb16: We don't know the algorithms for LPM for this host, disabling LPM.
[    6.430136][    T1] usb usb16: New USB device found, idVendor=1d6b, idProduct=0003, bcdDevice= 5.06
[    6.430907][    T1] usb usb16: New USB device strings: Mfr=3, Product=2, SerialNumber=1
[    6.431659][    T1] usb usb16: Product: USB/IP Virtual Host Controller
[    6.432247][    T1] usb usb16: Manufacturer: Linux 5.6.0-1592614838cb-00213-g1592614838cb vhci_hcd
[    6.433040][    T1] usb usb16: SerialNumber: vhci_hcd.3
[    6.434697][    T1] hub 16-0:1.0: USB hub found
[    6.435204][    T1] hub 16-0:1.0: 8 ports detected
[    6.438986][    T1] vhci_hcd vhci_hcd.4: USB/IP Virtual Host Controller
[    6.440017][    T1] vhci_hcd vhci_hcd.4: new USB bus registered, assigned bus number 17
[    6.441122][    T1] usb usb17: New USB device found, idVendor=1d6b, idProduct=0002, bcdDevice= 5.06
[    6.441826][    T1] usb usb17: New USB device strings: Mfr=3, Product=2, SerialNumber=1
[    6.442443][    T1] usb usb17: Product: USB/IP Virtual Host Controller
[    6.442953][    T1] usb usb17: Manufacturer: Linux 5.6.0-1592614838cb-00213-g1592614838cb vhci_hcd
[    6.443639][    T1] usb usb17: SerialNumber: vhci_hcd.4
[    6.445391][    T1] hub 17-0:1.0: USB hub found
[    6.445913][    T1] hub 17-0:1.0: 8 ports detected
[    6.448814][    T1] vhci_hcd vhci_hcd.4: USB/IP Virtual Host Controller
[    6.449822][    T1] vhci_hcd vhci_hcd.4: new USB bus registered, assigned bus number 18
[    6.450666][    T1] usb usb18: We don't know the algorithms for LPM for this host, disabling LPM.
[    6.451997][    T1] usb usb18: New USB device found, idVendor=1d6b, idProduct=0003, bcdDevice= 5.06
[    6.452770][    T1] usb usb18: New USB device strings: Mfr=3, Product=2, SerialNumber=1
[    6.453455][    T1] usb usb18: Product: USB/IP Virtual Host Controller
[    6.454112][    T1] usb usb18: Manufacturer: Linux 5.6.0-1592614838cb-00213-g1592614838cb vhci_hcd
[    6.455113][    T1] usb usb18: SerialNumber: vhci_hcd.4
[    6.456919][    T1] hub 18-0:1.0: USB hub found
[    6.457516][    T1] hub 18-0:1.0: 8 ports detected
[    6.461147][    T1] vhci_hcd vhci_hcd.5: USB/IP Virtual Host Controller
[    6.462142][    T1] vhci_hcd vhci_hcd.5: new USB bus registered, assigned bus number 19
[    6.463494][    T1] usb usb19: New USB device found, idVendor=1d6b, idProduct=0002, bcdDevice= 5.06
[    6.464435][    T1] usb usb19: New USB device strings: Mfr=3, Product=2, SerialNumber=1
[    6.465254][    T1] usb usb19: Product: USB/IP Virtual Host Controller
[    6.465912][    T1] usb usb19: Manufacturer: Linux 5.6.0-1592614838cb-00213-g1592614838cb vhci_hcd
[    6.466835][    T1] usb usb19: SerialNumber: vhci_hcd.5
[    6.468614][    T1] hub 19-0:1.0: USB hub found
[    6.469082][    T1] hub 19-0:1.0: 8 ports detected
[    6.471846][    T1] vhci_hcd vhci_hcd.5: USB/IP Virtual Host Controller
[    6.472834][    T1] vhci_hcd vhci_hcd.5: new USB bus registered, assigned bus number 20
[    6.473848][    T1] usb usb20: We don't know the algorithms for LPM for this host, disabling LPM.
[    6.475197][    T1] usb usb20: New USB device found, idVendor=1d6b, idProduct=0003, bcdDevice= 5.06
[    6.476266][    T1] usb usb20: New USB device strings: Mfr=3, Product=2, SerialNumber=1
[    6.476985][    T1] usb usb20: Product: USB/IP Virtual Host Controller
[    6.477541][    T1] usb usb20: Manufacturer: Linux 5.6.0-1592614838cb-00213-g1592614838cb vhci_hcd
[    6.478248][    T1] usb usb20: SerialNumber: vhci_hcd.5
[    6.479552][    T1] hub 20-0:1.0: USB hub found
[    6.480047][    T1] hub 20-0:1.0: 8 ports detected
[    6.483687][    T1] vhci_hcd vhci_hcd.6: USB/IP Virtual Host Controller
[    6.484895][    T1] vhci_hcd vhci_hcd.6: new USB bus registered, assigned bus number 21
[    6.487921][    T1] usb usb21: New USB device found, idVendor=1d6b, idProduct=0002, bcdDevice= 5.06
[    6.488704][    T1] usb usb21: New USB device strings: Mfr=3, Product=2, SerialNumber=1
[    6.489382][    T1] usb usb21: Product: USB/IP Virtual Host Controller
[    6.489940][    T1] usb usb21: Manufacturer: Linux 5.6.0-1592614838cb-00213-g1592614838cb vhci_hcd
[    6.490692][    T1] usb usb21: SerialNumber: vhci_hcd.6
[    6.492173][    T1] hub 21-0:1.0: USB hub found
[    6.492668][    T1] hub 21-0:1.0: 8 ports detected
[    6.495953][    T1] vhci_hcd vhci_hcd.6: USB/IP Virtual Host Controller
[    6.496926][    T1] vhci_hcd vhci_hcd.6: new USB bus registered, assigned bus number 22
[    6.497782][    T1] usb usb22: We don't know the algorithms for LPM for this host, disabling LPM.
[    6.499023][    T1] usb usb22: New USB device found, idVendor=1d6b, idProduct=0003, bcdDevice= 5.06
[    6.499802][    T1] usb usb22: New USB device strings: Mfr=3, Product=2, SerialNumber=1
[    6.500481][    T1] usb usb22: Product: USB/IP Virtual Host Controller
[    6.501038][    T1] usb usb22: Manufacturer: Linux 5.6.0-1592614838cb-00213-g1592614838cb vhci_hcd
[    6.501791][    T1] usb usb22: SerialNumber: vhci_hcd.6
[    6.503289][    T1] hub 22-0:1.0: USB hub found
[    6.503782][    T1] hub 22-0:1.0: 8 ports detected
[    6.507413][    T1] vhci_hcd vhci_hcd.7: USB/IP Virtual Host Controller
[    6.508439][    T1] vhci_hcd vhci_hcd.7: new USB bus registered, assigned bus number 23
[    6.509660][    T1] usb usb23: New USB device found, idVendor=1d6b, idProduct=0002, bcdDevice= 5.06
[    6.510362][    T1] usb usb23: New USB device strings: Mfr=3, Product=2, SerialNumber=1
[    6.510981][    T1] usb usb23: Product: USB/IP Virtual Host Controller
[    6.511485][    T1] usb usb23: Manufacturer: Linux 5.6.0-1592614838cb-00213-g1592614838cb vhci_hcd
[    6.512175][    T1] usb usb23: SerialNumber: vhci_hcd.7
[    6.513832][    T1] hub 23-0:1.0: USB hub found
[    6.514353][    T1] hub 23-0:1.0: 8 ports detected
[    6.517963][    T1] vhci_hcd vhci_hcd.7: USB/IP Virtual Host Controller
[    6.519010][    T1] vhci_hcd vhci_hcd.7: new USB bus registered, assigned bus number 24
[    6.519851][    T1] usb usb24: We don't know the algorithms for LPM for this host, disabling LPM.
[    6.521142][    T1] usb usb24: New USB device found, idVendor=1d6b, idProduct=0003, bcdDevice= 5.06
[    6.521914][    T1] usb usb24: New USB device strings: Mfr=3, Product=2, SerialNumber=1
[    6.522587][    T1] usb usb24: Product: USB/IP Virtual Host Controller
[    6.523147][    T1] usb usb24: Manufacturer: Linux 5.6.0-1592614838cb-00213-g1592614838cb vhci_hcd
[    6.523908][    T1] usb usb24: SerialNumber: vhci_hcd.7
[    6.525447][    T1] hub 24-0:1.0: USB hub found
[    6.526388][    T1] hub 24-0:1.0: 8 ports detected
[    6.529901][    T1] vhci_hcd vhci_hcd.8: USB/IP Virtual Host Controller
[    6.530833][    T1] vhci_hcd vhci_hcd.8: new USB bus registered, assigned bus number 25
[    6.532031][    T1] usb usb25: New USB device found, idVendor=1d6b, idProduct=0002, bcdDevice= 5.06
[    6.532737][    T1] usb usb25: New USB device strings: Mfr=3, Product=2, SerialNumber=1
[    6.533361][    T1] usb usb25: Product: USB/IP Virtual Host Controller
[    6.533869][    T1] usb usb25: Manufacturer: Linux 5.6.0-1592614838cb-00213-g1592614838cb vhci_hcd
[    6.534562][    T1] usb usb25: SerialNumber: vhci_hcd.8
[    6.536448][    T1] hub 25-0:1.0: USB hub found
[    6.536960][    T1] hub 25-0:1.0: 8 ports detected
[    6.539999][    T1] vhci_hcd vhci_hcd.8: USB/IP Virtual Host Controller
[    6.541003][    T1] vhci_hcd vhci_hcd.8: new USB bus registered, assigned bus number 26
[    6.541892][    T1] usb usb26: We don't know the algorithms for LPM for this host, disabling LPM.
[    6.543250][    T1] usb usb26: New USB device found, idVendor=1d6b, idProduct=0003, bcdDevice= 5.06
[    6.544020][    T1] usb usb26: New USB device strings: Mfr=3, Product=2, SerialNumber=1
[    6.544693][    T1] usb usb26: Product: USB/IP Virtual Host Controller
[    6.545461][    T1] usb usb26: Manufacturer: Linux 5.6.0-1592614838cb-00213-g1592614838cb vhci_hcd
[    6.546520][    T1] usb usb26: SerialNumber: vhci_hcd.8
[    6.548014][    T1] hub 26-0:1.0: USB hub found
[    6.548522][    T1] hub 26-0:1.0: 8 ports detected
[    6.552309][    T1] vhci_hcd vhci_hcd.9: USB/IP Virtual Host Controller
[    6.553320][    T1] vhci_hcd vhci_hcd.9: new USB bus registered, assigned bus number 27
[    6.554494][    T1] usb usb27: New USB device found, idVendor=1d6b, idProduct=0002, bcdDevice= 5.06
[    6.555195][    T1] usb usb27: New USB device strings: Mfr=3, Product=2, SerialNumber=1
[    6.556234][    T1] usb usb27: Product: USB/IP Virtual Host Controller
[    6.556902][    T1] usb usb27: Manufacturer: Linux 5.6.0-1592614838cb-00213-g1592614838cb vhci_hcd
[    6.557797][    T1] usb usb27: SerialNumber: vhci_hcd.9
[    6.559348][    T1] hub 27-0:1.0: USB hub found
[    6.559913][    T1] hub 27-0:1.0: 8 ports detected
[    6.562972][    T1] vhci_hcd vhci_hcd.9: USB/IP Virtual Host Controller
[    6.564051][    T1] vhci_hcd vhci_hcd.9: new USB bus registered, assigned bus number 28
[    6.565131][    T1] usb usb28: We don't know the algorithms for LPM for this host, disabling LPM.
[    6.567984][    T1] usb usb28: New USB device found, idVendor=1d6b, idProduct=0003, bcdDevice= 5.06
[    6.568898][    T1] usb usb28: New USB device strings: Mfr=3, Product=2, SerialNumber=1
[    6.569687][    T1] usb usb28: Product: USB/IP Virtual Host Controller
[    6.570335][    T1] usb usb28: Manufacturer: Linux 5.6.0-1592614838cb-00213-g1592614838cb vhci_hcd
[    6.571217][    T1] usb usb28: SerialNumber: vhci_hcd.9
[    6.572712][    T1] hub 28-0:1.0: USB hub found
[    6.573269][    T1] hub 28-0:1.0: 8 ports detected
[    6.577447][    T1] vhci_hcd vhci_hcd.10: USB/IP Virtual Host Controller
[    6.578598][    T1] vhci_hcd vhci_hcd.10: new USB bus registered, assigned bus number 29
[    6.579783][    T1] usb usb29: New USB device found, idVendor=1d6b, idProduct=0002, bcdDevice= 5.06
[    6.580620][    T1] usb usb29: New USB device strings: Mfr=3, Product=2, SerialNumber=1
[    6.581372][    T1] usb usb29: Product: USB/IP Virtual Host Controller
[    6.581985][    T1] usb usb29: Manufacturer: Linux 5.6.0-1592614838cb-00213-g1592614838cb vhci_hcd
[    6.582836][    T1] usb usb29: SerialNumber: vhci_hcd.10
[    6.584525][    T1] hub 29-0:1.0: USB hub found
[    6.585016][    T1] hub 29-0:1.0: 8 ports detected
[    6.588212][    T1] vhci_hcd vhci_hcd.10: USB/IP Virtual Host Controller
[    6.589314][    T1] vhci_hcd vhci_hcd.10: new USB bus registered, assigned bus number 30
[    6.590247][    T1] usb usb30: We don't know the algorithms for LPM for this host, disabling LPM.
[    6.591636][    T1] usb usb30: New USB device found, idVendor=1d6b, idProduct=0003, bcdDevice= 5.06
[    6.592483][    T1] usb usb30: New USB device strings: Mfr=3, Product=2, SerialNumber=1
[    6.593256][    T1] usb usb30: Product: USB/IP Virtual Host Controller
[    6.593879][    T1] usb usb30: Manufacturer: Linux 5.6.0-1592614838cb-00213-g1592614838cb vhci_hcd
[    6.594710][    T1] usb usb30: SerialNumber: vhci_hcd.10
[    6.597082][    T1] hub 30-0:1.0: USB hub found
[    6.597609][    T1] hub 30-0:1.0: 8 ports detected
[    6.601083][    T1] vhci_hcd vhci_hcd.11: USB/IP Virtual Host Controller
[    6.602080][    T1] vhci_hcd vhci_hcd.11: new USB bus registered, assigned bus number 31
[    6.603493][    T1] usb usb31: New USB device found, idVendor=1d6b, idProduct=0002, bcdDevice= 5.06
[    6.604368][    T1] usb usb31: New USB device strings: Mfr=3, Product=2, SerialNumber=1
[    6.605122][    T1] usb usb31: Product: USB/IP Virtual Host Controller
[    6.605726][    T1] usb usb31: Manufacturer: Linux 5.6.0-1592614838cb-00213-g1592614838cb vhci_hcd
[    6.607046][    T1] usb usb31: SerialNumber: vhci_hcd.11
[    6.608753][    T1] hub 31-0:1.0: USB hub found
[    6.609267][    T1] hub 31-0:1.0: 8 ports detected
[    6.612545][    T1] vhci_hcd vhci_hcd.11: USB/IP Virtual Host Controller
[    6.613591][    T1] vhci_hcd vhci_hcd.11: new USB bus registered, assigned bus number 32
[    6.614445][    T1] usb usb32: We don't know the algorithms for LPM for this host, disabling LPM.
[    6.615683][    T1] usb usb32: New USB device found, idVendor=1d6b, idProduct=0003, bcdDevice= 5.06
[    6.616614][    T1] usb usb32: New USB device strings: Mfr=3, Product=2, SerialNumber=1
[    6.617307][    T1] usb usb32: Product: USB/IP Virtual Host Controller
[    6.617928][    T1] usb usb32: Manufacturer: Linux 5.6.0-1592614838cb-00213-g1592614838cb vhci_hcd
[    6.618718][    T1] usb usb32: SerialNumber: vhci_hcd.11
[    6.620094][    T1] hub 32-0:1.0: USB hub found
[    6.620628][    T1] hub 32-0:1.0: 8 ports detected
[    6.624224][    T1] vhci_hcd vhci_hcd.12: USB/IP Virtual Host Controller
[    6.625236][    T1] vhci_hcd vhci_hcd.12: new USB bus registered, assigned bus number 33
[    6.627395][    T1] usb usb33: New USB device found, idVendor=1d6b, idProduct=0002, bcdDevice= 5.06
[    6.628216][    T1] usb usb33: New USB device strings: Mfr=3, Product=2, SerialNumber=1
[    6.628926][    T1] usb usb33: Product: USB/IP Virtual Host Controller
[    6.629497][    T1] usb usb33: Manufacturer: Linux 5.6.0-1592614838cb-00213-g1592614838cb vhci_hcd
[    6.630310][    T1] usb usb33: SerialNumber: vhci_hcd.12
[    6.631777][    T1] hub 33-0:1.0: USB hub found
[    6.632313][    T1] hub 33-0:1.0: 8 ports detected
[    6.635221][    T1] vhci_hcd vhci_hcd.12: USB/IP Virtual Host Controller
[    6.636254][    T1] vhci_hcd vhci_hcd.12: new USB bus registered, assigned bus number 34
[    6.637060][    T1] usb usb34: We don't know the algorithms for LPM for this host, disabling LPM.
[    6.638429][    T1] usb usb34: New USB device found, idVendor=1d6b, idProduct=0003, bcdDevice= 5.06
[    6.639277][    T1] usb usb34: New USB device strings: Mfr=3, Product=2, SerialNumber=1
[    6.639980][    T1] usb usb34: Product: USB/IP Virtual Host Controller
[    6.640548][    T1] usb usb34: Manufacturer: Linux 5.6.0-1592614838cb-00213-g1592614838cb vhci_hcd
[    6.641303][    T1] usb usb34: SerialNumber: vhci_hcd.12
[    6.642767][    T1] hub 34-0:1.0: USB hub found
[    6.643275][    T1] hub 34-0:1.0: 8 ports detected
[    6.647133][    T1] vhci_hcd vhci_hcd.13: USB/IP Virtual Host Controller
[    6.648248][    T1] vhci_hcd vhci_hcd.13: new USB bus registered, assigned bus number 35
[    6.649250][    T1] usb usb35: New USB device found, idVendor=1d6b, idProduct=0002, bcdDevice= 5.06
[    6.649957][    T1] usb usb35: New USB device strings: Mfr=3, Product=2, SerialNumber=1
[    6.650585][    T1] usb usb35: Product: USB/IP Virtual Host Controller
[    6.651102][    T1] usb usb35: Manufacturer: Linux 5.6.0-1592614838cb-00213-g1592614838cb vhci_hcd
[    6.651794][    T1] usb usb35: SerialNumber: vhci_hcd.13
[    6.653476][    T1] hub 35-0:1.0: USB hub found
[    6.653996][    T1] hub 35-0:1.0: 8 ports detected
[    6.657167][    T1] vhci_hcd vhci_hcd.13: USB/IP Virtual Host Controller
[    6.658050][    T1] vhci_hcd vhci_hcd.13: new USB bus registered, assigned bus number 36
[    6.658934][    T1] usb usb36: We don't know the algorithms for LPM for this host, disabling LPM.
[    6.659983][    T1] usb usb36: New USB device found, idVendor=1d6b, idProduct=0003, bcdDevice= 5.06
[    6.660692][    T1] usb usb36: New USB device strings: Mfr=3, Product=2, SerialNumber=1
[    6.661318][    T1] usb usb36: Product: USB/IP Virtual Host Controller
[    6.661833][    T1] usb usb36: Manufacturer: Linux 5.6.0-1592614838cb-00213-g1592614838cb vhci_hcd
[    6.662526][    T1] usb usb36: SerialNumber: vhci_hcd.13
[    6.664083][    T1] hub 36-0:1.0: USB hub found
[    6.664540][    T1] hub 36-0:1.0: 8 ports detected
[    6.668800][    T1] vhci_hcd vhci_hcd.14: USB/IP Virtual Host Controller
[    6.670049][    T1] vhci_hcd vhci_hcd.14: new USB bus registered, assigned bus number 37
[    6.671187][    T1] usb usb37: New USB device found, idVendor=1d6b, idProduct=0002, bcdDevice= 5.06
[    6.671986][    T1] usb usb37: New USB device strings: Mfr=3, Product=2, SerialNumber=1
[    6.672717][    T1] usb usb37: Product: USB/IP Virtual Host Controller
[    6.673305][    T1] usb usb37: Manufacturer: Linux 5.6.0-1592614838cb-00213-g1592614838cb vhci_hcd
[    6.674066][    T1] usb usb37: SerialNumber: vhci_hcd.14
[    6.676137][    T1] hub 37-0:1.0: USB hub found
[    6.676640][    T1] hub 37-0:1.0: 8 ports detected
[    6.679786][    T1] vhci_hcd vhci_hcd.14: USB/IP Virtual Host Controller
[    6.680739][    T1] vhci_hcd vhci_hcd.14: new USB bus registered, assigned bus number 38
[    6.681536][    T1] usb usb38: We don't know the algorithms for LPM for this host, disabling LPM.
[    6.682755][    T1] usb usb38: New USB device found, idVendor=1d6b, idProduct=0003, bcdDevice= 5.06
[    6.683469][    T1] usb usb38: New USB device strings: Mfr=3, Product=2, SerialNumber=1
[    6.684091][    T1] usb usb38: Product: USB/IP Virtual Host Controller
[    6.684602][    T1] usb usb38: Manufacturer: Linux 5.6.0-1592614838cb-00213-g1592614838cb vhci_hcd
[    6.685297][    T1] usb usb38: SerialNumber: vhci_hcd.14
[    6.687649][    T1] hub 38-0:1.0: USB hub found
[    6.688145][    T1] hub 38-0:1.0: 8 ports detected
[    6.692086][    T1] vhci_hcd vhci_hcd.15: USB/IP Virtual Host Controller
[    6.693102][    T1] vhci_hcd vhci_hcd.15: new USB bus registered, assigned bus number 39
[    6.694128][    T1] usb usb39: New USB device found, idVendor=1d6b, idProduct=0002, bcdDevice= 5.06
[    6.694840][    T1] usb usb39: New USB device strings: Mfr=3, Product=2, SerialNumber=1
[    6.695547][    T1] usb usb39: Product: USB/IP Virtual Host Controller
[    6.696147][    T1] usb usb39: Manufacturer: Linux 5.6.0-1592614838cb-00213-g1592614838cb vhci_hcd
[    6.696883][    T1] usb usb39: SerialNumber: vhci_hcd.15
[    6.698291][    T1] hub 39-0:1.0: USB hub found
[    6.698787][    T1] hub 39-0:1.0: 8 ports detected
[    6.701604][    T1] vhci_hcd vhci_hcd.15: USB/IP Virtual Host Controller
[    6.702543][    T1] vhci_hcd vhci_hcd.15: new USB bus registered, assigned bus number 40
[    6.703470][    T1] usb usb40: We don't know the algorithms for LPM for this host, disabling LPM.
[    6.704978][    T1] usb usb40: New USB device found, idVendor=1d6b, idProduct=0003, bcdDevice= 5.06
[    6.705694][    T1] usb usb40: New USB device strings: Mfr=3, Product=2, SerialNumber=1
[    6.706376][    T1] usb usb40: Product: USB/IP Virtual Host Controller
[    6.706901][    T1] usb usb40: Manufacturer: Linux 5.6.0-1592614838cb-00213-g1592614838cb vhci_hcd
[    6.707849][    T1] usb usb40: SerialNumber: vhci_hcd.15
[    6.709596][    T1] hub 40-0:1.0: USB hub found
[    6.710180][    T1] hub 40-0:1.0: 8 ports detected
[    6.714495][    T1] usbcore: registered new device driver usbip-host
[    6.717406][    T1] i8042: PNP: PS/2 Controller [PNP0303:KBD,PNP0f13:MOU] at 0x60,0x64 irq 1,12
[    6.719191][    T1] serio: i8042 KBD port at 0x60,0x64 irq 1
[    6.720300][    T1] serio: i8042 AUX port at 0x60,0x64 irq 12
[    6.722452][    T1] mousedev: PS/2 mouse device common for all mice
[    6.724646][ T3625] input: AT Translated Set 2 keyboard as /devices/platform/i8042/serio0/input/input1
[    6.726787][    T1] usbcore: registered new interface driver appletouch
[    6.727799][    T1] usbcore: registered new interface driver bcm5974
[    6.730544][    T1] usbcore: registered new interface driver synaptics_usb
[    6.731993][    T1] usbcore: registered new interface driver iforce
[    6.732865][    T1] usbcore: registered new interface driver xpad
[    6.733603][    T1] usbcore: registered new interface driver usb_acecad
[    6.734389][    T1] usbcore: registered new interface driver aiptek
[    6.735145][    T1] usbcore: registered new interface driver hanwang
[    6.737814][    T1] usbcore: registered new interface driver kbtab
[    6.738480][    T1] usbcore: registered new interface driver pegasus_notetaker
[    6.739318][    T1] usbcore: registered new interface driver usbtouchscreen
[    6.740178][    T1] usbcore: registered new interface driver sur40
[    6.740882][    T1] usbcore: registered new interface driver ati_remote2
[    6.741405][    T1] cm109: Keymap for Komunikate KIP1000 phone loaded
[    6.742131][    T1] usbcore: registered new interface driver cm109
[    6.742619][    T1] cm109: CM109 phone driver: 20080805 (C) Alfred E. Heggestad
[    6.743814][    T1] usbcore: registered new interface driver ims_pcu
[    6.744620][    T1] usbcore: registered new interface driver keyspan_remote
[    6.745425][    T1] usbcore: registered new interface driver powermate
[    6.746771][    T1] usbcore: registered new interface driver yealink
[    6.748432][    T1] rtc_cmos 00:05: RTC can wake from S4
[    6.750964][    T1] rtc_cmos 00:05: registered as rtc0
[    6.751390][    T1] rtc_cmos 00:05: alarms up to one day, y3k, 242 bytes nvram, hpet irqs
[    6.752961][    T1] i2c /dev entries driver
[    6.755963][    T1] usbcore: registered new interface driver i2c-diolan-u2c
[    6.756879][    T1] usbcore: registered new interface driver RobotFuzz Open Source InterFace, OSIF
[    6.757830][    T1] usbcore: registered new interface driver i2c-tiny-usb
[    6.761158][    T1] usbcore: registered new interface driver ati_remote
[    6.762041][    T1] usbcore: registered new interface driver imon
[    6.762895][    T1] usbcore: registered new interface driver mceusb
[    6.764059][    T1] usbcore: registered new interface driver redrat3
[    6.767856][    T1] usbcore: registered new interface driver streamzap
[    6.768569][    T1] usbcore: registered new interface driver igorplugusb
[    6.769277][    T1] usbcore: registered new interface driver iguanair
[    6.770002][    T1] usbcore: registered new interface driver ttusbir
[    6.770559][    T1] b2c2-flexcop: B2C2 FlexcopII/II(b)/III digital TV receiver chip loaded successfully
[    6.780739][    T1] vivid-000: using single planar format API
[    6.790314][    T1] vivid-000: CEC adapter cec0 registered for HDMI input 0
[    6.791553][    T1] vivid-000: V4L2 capture device registered as video3
[    6.792642][    T1] vivid-000: CEC adapter cec1 registered for HDMI output 0
[    6.793575][    T1] vivid-000: V4L2 output device registered as video4
[    6.794489][    T1] vivid-000: V4L2 capture device registered as vbi0, supports raw and sliced VBI
[    6.795587][    T1] vivid-000: V4L2 output device registered as vbi1, supports raw and sliced VBI
[    6.797850][    T1] vivid-000: V4L2 capture device registered as swradio0
[    6.798746][    T1] vivid-000: V4L2 receiver device registered as radio0
[    6.799626][    T1] vivid-000: V4L2 transmitter device registered as radio1
[    6.800589][    T1] vivid-000: V4L2 metadata capture device registered as video5
[    6.801543][    T1] vivid-000: V4L2 metadata output device registered as video6
[    6.802453][    T1] vivid-000: V4L2 touch capture device registered as v4l-touch0
[    6.803349][    T1] vivid-001: using multiplanar format API
[    6.811936][    T1] vivid-001: CEC adapter cec2 registered for HDMI input 0
[    6.812843][    T1] vivid-001: V4L2 capture device registered as video7
[    6.813679][    T1] vivid-001: CEC adapter cec3 registered for HDMI output 0
[    6.814528][    T1] vivid-001: V4L2 output device registered as video8
[    6.815341][    T1] vivid-001: V4L2 capture device registered as vbi2, supports raw and sliced VBI
[    6.818064][    T1] vivid-001: V4L2 output device registered as vbi3, supports raw and sliced VBI
[    6.819142][    T1] vivid-001: V4L2 capture device registered as swradio1
[    6.819908][    T1] vivid-001: V4L2 receiver device registered as radio2
[    6.820722][    T1] vivid-001: V4L2 transmitter device registered as radio3
[    6.821950][    T1] vivid-001: V4L2 metadata capture device registered as video9
[    6.822980][    T1] vivid-001: V4L2 metadata output device registered as video10
[    6.823947][    T1] vivid-001: V4L2 touch capture device registered as v4l-touch1
[    6.825030][    T1] vivid-002: using single planar format API
[    6.835094][    T1] vivid-002: CEC adapter cec4 registered for HDMI input 0
[    6.836319][    T1] vivid-002: V4L2 capture device registered as video11
[    6.837057][    T1] vivid-002: CEC adapter cec5 registered for HDMI output 0
[    6.837881][    T1] vivid-002: V4L2 output device registered as video12
[    6.838656][    T1] vivid-002: V4L2 capture device registered as vbi4, supports raw and sliced VBI
[    6.839713][    T1] vivid-002: V4L2 output device registered as vbi5, supports raw and sliced VBI
[    6.840730][    T1] vivid-002: V4L2 capture device registered as swradio2
[    6.841523][    T1] vivid-002: V4L2 receiver device registered as radio4
[    6.842349][    T1] vivid-002: V4L2 transmitter device registered as radio5
[    6.843210][    T1] vivid-002: V4L2 metadata capture device registered as video13
[    6.844146][    T1] vivid-002: V4L2 metadata output device registered as video14
[    6.845050][    T1] vivid-002: V4L2 touch capture device registered as v4l-touch2
[    6.846118][    T1] vivid-003: using multiplanar format API
[    6.856390][    T1] vivid-003: CEC adapter cec6 registered for HDMI input 0
[    6.857358][    T1] vivid-003: V4L2 capture device registered as video15
[    6.858259][    T1] vivid-003: CEC adapter cec7 registered for HDMI output 0
[    6.859165][    T1] vivid-003: V4L2 output device registered as video16
[    6.860077][    T1] vivid-003: V4L2 capture device registered as vbi6, supports raw and sliced VBI
[    6.861179][    T1] vivid-003: V4L2 output device registered as vbi7, supports raw and sliced VBI
[    6.862252][    T1] vivid-003: V4L2 capture device registered as swradio3
[    6.863065][    T1] vivid-003: V4L2 receiver device registered as radio6
[    6.863904][    T1] vivid-003: V4L2 transmitter device registered as radio7
[    6.864765][    T1] vivid-003: V4L2 metadata capture device registered as video17
[    6.865671][    T1] vivid-003: V4L2 metadata output device registered as video18
[    6.866681][    T1] vivid-003: V4L2 touch capture device registered as v4l-touch3
[    6.867588][    T1] vivid-004: using single planar format API
[    6.876158][    T1] vivid-004: CEC adapter cec8 registered for HDMI input 0
[    6.876952][    T1] vivid-004: V4L2 capture device registered as video19
[    6.877743][    T1] vivid-004: CEC adapter cec9 registered for HDMI output 0
[    6.878575][    T1] vivid-004: V4L2 output device registered as video20
[    6.879352][    T1] vivid-004: V4L2 capture device registered as vbi8, supports raw and sliced VBI
[    6.880422][    T1] vivid-004: V4L2 output device registered as vbi9, supports raw and sliced VBI
[    6.881597][    T1] vivid-004: V4L2 capture device registered as swradio4
[    6.882465][    T1] vivid-004: V4L2 receiver device registered as radio8
[    6.883611][    T1] vivid-004: V4L2 transmitter device registered as radio9
[    6.884679][    T1] vivid-004: V4L2 metadata capture device registered as video21
[    6.885688][    T1] vivid-004: V4L2 metadata output device registered as video22
[    6.886802][    T1] vivid-004: V4L2 touch capture device registered as v4l-touch4
[    6.887810][    T1] vivid-005: using multiplanar format API
[    6.896158][    T1] vivid-005: CEC adapter cec10 registered for HDMI input 0
[    6.897125][    T1] vivid-005: V4L2 capture device registered as video23
[    6.897992][    T1] vivid-005: CEC adapter cec11 registered for HDMI output 0
[    6.899059][    T1] vivid-005: V4L2 output device registered as video24
[    6.899975][    T1] vivid-005: V4L2 capture device registered as vbi10, supports raw and sliced VBI
[    6.901147][    T1] vivid-005: V4L2 output device registered as vbi11, supports raw and sliced VBI
[    6.902301][    T1] vivid-005: V4L2 capture device registered as swradio5
[    6.903244][    T1] vivid-005: V4L2 receiver device registered as radio10
[    6.904108][    T1] vivid-005: V4L2 transmitter device registered as radio11
[    6.905087][    T1] vivid-005: V4L2 metadata capture device registered as video25
[    6.906117][    T1] vivid-005: V4L2 metadata output device registered as video26
[    6.908281][    T1] vivid-005: V4L2 touch capture device registered as v4l-touch5
[    6.909273][    T1] vivid-006: using single planar format API
[    6.928628][    T1] vivid-006: CEC adapter cec12 registered for HDMI input 0
[    6.929529][    T1] vivid-006: V4L2 capture device registered as video27
[    6.930413][    T1] vivid-006: CEC adapter cec13 registered for HDMI output 0
[    6.931479][    T1] vivid-006: V4L2 output device registered as video28
[    6.932423][    T1] vivid-006: V4L2 capture device registered as vbi12, supports raw and sliced VBI
[    6.933539][    T1] vivid-006: V4L2 output device registered as vbi13, supports raw and sliced VBI
[    6.934632][    T1] vivid-006: V4L2 capture device registered as swradio6
[    6.935563][    T1] vivid-006: V4L2 receiver device registered as radio12
[    6.937181][    T1] vivid-006: V4L2 transmitter device registered as radio13
[    6.938237][    T1] vivid-006: V4L2 metadata capture device registered as video29
[    6.939210][    T1] vivid-006: V4L2 metadata output device registered as video30
[    6.941415][    T1] vivid-006: V4L2 touch capture device registered as v4l-touch6
[    6.942394][    T1] vivid-007: using multiplanar format API
[    6.962342][    T1] vivid-007: CEC adapter cec14 registered for HDMI input 0
[    6.963244][    T1] vivid-007: V4L2 capture device registered as video31
[    6.964137][    T1] vivid-007: CEC adapter cec15 registered for HDMI output 0
[    6.965232][    T1] vivid-007: V4L2 output device registered as video32
[    6.966344][    T1] vivid-007: V4L2 capture device registered as vbi14, supports raw and sliced VBI
[    6.967541][    T1] vivid-007: V4L2 output device registered as vbi15, supports raw and sliced VBI
[    6.968684][    T1] vivid-007: V4L2 capture device registered as swradio7
[    6.969587][    T1] vivid-007: V4L2 receiver device registered as radio14
[    6.970495][    T1] vivid-007: V4L2 transmitter device registered as radio15
[    6.971431][    T1] vivid-007: V4L2 metadata capture device registered as video33
[    6.972391][    T1] vivid-007: V4L2 metadata output device registered as video34
[    6.973535][    T1] vivid-007: V4L2 touch capture device registered as v4l-touch7
[    6.976090][    T1] vivid-008: using single planar format API
[    6.984780][    T1] vivid-008: CEC adapter cec16 registered for HDMI input 0
[    6.985725][    T1] vivid-008: V4L2 capture device registered as video35
[    6.986614][    T1] vivid-008: CEC adapter cec17 registered for HDMI output 0
[    6.987439][    T1] vivid-008: V4L2 output device registered as video36
[    6.988270][    T1] vivid-008: V4L2 capture device registered as vbi16, supports raw and sliced VBI
[    6.989401][    T1] vivid-008: V4L2 output device registered as vbi17, supports raw and sliced VBI
[    6.990426][    T1] vivid-008: V4L2 capture device registered as swradio8
[    6.991260][    T1] vivid-008: V4L2 receiver device registered as radio16
[    6.992335][    T1] vivid-008: V4L2 transmitter device registered as radio17
[    6.993206][    T1] vivid-008: V4L2 metadata capture device registered as video37
