c[?7l[2J[0mSeaBIOS (version rel-1.16.0-0-gd239552ce722-prebuilt.qemu.org)


iPXE (http://ipxe.org) 00:03.0 CA00 PCI2.10 PnP PMM+7FF91000+7FEF1000 CA00
Press Ctrl-B to configure iPXE (PCI 00:03.0)...                                                                               


Booting from ROM..c[?7l[2Jearly console in extract_kernel
input_data: 0x000000000bf092c8
input_len: 0x00000000044f8099
output: 0x0000000001000000
output_len: 0x000000000e031b28
kernel_total_size: 0x000000000f426000
needed_size: 0x000000000f600000
trampoline_32bit: 0x000000000009d000

Decompressing Linux... Parsing ELF... done.
Booting the kernel.
[    0.000000][    T0] Linux version 5.6.0-rc5-1a0808cb9e41-00026-g1a0808cb9e41 (root@xpf.sh.intel.com) (gcc version 8.5.0 20210514 (Red Hat 8.5.0-20) (GCC)) #1 SMP PREEMPT Sun Dec 3 16:17:05 CST 2023
[    0.000000][    T0] Command line: console=ttyS0 root=/dev/sda1 earlyprintk=serial net.ifnames=0 thunderbolt.dyndbg plymouth.enable=0
[    0.000000][    T0] KERNEL supported cpus:
[    0.000000][    T0]   Intel GenuineIntel
[    0.000000][    T0]   AMD AuthenticAMD
[    0.000000][    T0] x86/fpu: Supporting XSAVE feature 0x001: 'x87 floating point registers'
[    0.000000][    T0] x86/fpu: Supporting XSAVE feature 0x002: 'SSE registers'
[    0.000000][    T0] x86/fpu: Supporting XSAVE feature 0x004: 'AVX registers'
[    0.000000][    T0] x86/fpu: Supporting XSAVE feature 0x008: 'MPX bounds registers'
[    0.000000][    T0] x86/fpu: Supporting XSAVE feature 0x010: 'MPX CSR'
[    0.000000][    T0] x86/fpu: Supporting XSAVE feature 0x020: 'AVX-512 opmask'
[    0.000000][    T0] x86/fpu: Supporting XSAVE feature 0x040: 'AVX-512 Hi256'
[    0.000000][    T0] x86/fpu: Supporting XSAVE feature 0x080: 'AVX-512 ZMM_Hi256'
[    0.000000][    T0] x86/fpu: xstate_offset[2]:  576, xstate_sizes[2]:  256
[    0.000000][    T0] x86/fpu: xstate_offset[3]:  832, xstate_sizes[3]:   64
[    0.000000][    T0] x86/fpu: xstate_offset[4]:  896, xstate_sizes[4]:   64
[    0.000000][    T0] x86/fpu: xstate_offset[5]:  960, xstate_sizes[5]:   64
[    0.000000][    T0] x86/fpu: xstate_offset[6]: 1024, xstate_sizes[6]:  512
[    0.000000][    T0] x86/fpu: xstate_offset[7]: 1536, xstate_sizes[7]: 1024
[    0.000000][    T0] x86/fpu: Enabled xstate features 0xff, context size is 2560 bytes, using 'compacted' format.
[    0.000000][    T0] BIOS-provided physical RAM map:
[    0.000000][    T0] BIOS-e820: [mem 0x0000000000000000-0x000000000009fbff] usable
[    0.000000][    T0] BIOS-e820: [mem 0x000000000009fc00-0x000000000009ffff] reserved
[    0.000000][    T0] BIOS-e820: [mem 0x00000000000f0000-0x00000000000fffff] reserved
[    0.000000][    T0] BIOS-e820: [mem 0x0000000000100000-0x000000007ffdffff] usable
[    0.000000][    T0] BIOS-e820: [mem 0x000000007ffe0000-0x000000007fffffff] reserved
[    0.000000][    T0] BIOS-e820: [mem 0x00000000feffc000-0x00000000feffffff] reserved
[    0.000000][    T0] BIOS-e820: [mem 0x00000000fffc0000-0x00000000ffffffff] reserved
[    0.000000][    T0] printk: bootconsole [earlyser0] enabled
[    0.000000][    T0] ERROR: earlyprintk= earlyser already used
[    0.000000][    T0] ERROR: earlyprintk= earlyser already used
[    0.000000][    T0] ERROR: earlyprintk= earlyser already used
[    0.000000][    T0] Malformed early option 'vsyscall'
[    0.000000][    T0] nopcid: PCID feature disabled
[    0.000000][    T0] NX (Execute Disable) protection: active
[    0.000000][    T0] SMBIOS 2.8 present.
[    0.000000][    T0] DMI: QEMU Standard PC (i440FX + PIIX, 1996), BIOS rel-1.16.0-0-gd239552ce722-prebuilt.qemu.org 04/01/2014
[    0.000000][    T0] Hypervisor detected: KVM
[    0.000000][    T0] kvm-clock: Using msrs 4b564d01 and 4b564d00
[    0.000002][    T0] kvm-clock: cpu 0, msr ec58001, primary cpu clock
[    0.000002][    T0] kvm-clock: using sched offset of 855415041 cycles
[    0.000536][    T0] clocksource: kvm-clock: mask: 0xffffffffffffffff max_cycles: 0x1cd42e4dffb, max_idle_ns: 881590591483 ns
[    0.001996][    T0] tsc: Detected 2999.998 MHz processor
[    0.007570][    T0] last_pfn = 0x7ffe0 max_arch_pfn = 0x400000000
[    0.008163][    T0] x86/PAT: Configuration [0-7]: WB  WC  UC- UC  WB  WP  UC- WT  
[    0.016032][    T0] found SMP MP-table at [mem 0x000f5ba0-0x000f5baf]
[    0.016609][    T0] Using GB pages for direct mapping
[    0.017647][    T0] ACPI: Early table checksum verification disabled
[    0.018202][    T0] ACPI: RSDP 0x00000000000F59C0 000014 (v00 BOCHS )
[    0.018804][    T0] ACPI: RSDT 0x000000007FFE1951 000034 (v01 BOCHS  BXPC     00000001 BXPC 00000001)
[    0.019932][    T0] ACPI: FACP 0x000000007FFE17FD 000074 (v01 BOCHS  BXPC     00000001 BXPC 00000001)
[    0.020837][    T0] ACPI: DSDT 0x000000007FFE0040 0017BD (v01 BOCHS  BXPC     00000001 BXPC 00000001)
[    0.021688][    T0] ACPI: FACS 0x000000007FFE0000 000040
[    0.022179][    T0] ACPI: APIC 0x000000007FFE1871 000080 (v01 BOCHS  BXPC     00000001 BXPC 00000001)
[    0.023018][    T0] ACPI: HPET 0x000000007FFE18F1 000038 (v01 BOCHS  BXPC     00000001 BXPC 00000001)
[    0.023838][    T0] ACPI: WAET 0x000000007FFE1929 000028 (v01 BOCHS  BXPC     00000001 BXPC 00000001)
[    0.025348][    T0] No NUMA configuration found
[    0.025723][    T0] Faking a node at [mem 0x0000000000000000-0x000000007ffdffff]
[    0.026411][    T0] Faking node 0 at [mem 0x0000000000000000-0x000000003fffffff] (1024MB)
[    0.027150][    T0] Faking node 1 at [mem 0x0000000040000000-0x000000007ffdffff] (1023MB)
[    0.028215][    T0] NODE_DATA(0) allocated [mem 0x3fffb000-0x3fffffff]
[    0.028903][    T0] NODE_DATA(1) allocated [mem 0x7ffda000-0x7ffdefff]
[    0.032859][    T0] Zone ranges:
[    0.033158][    T0]   DMA      [mem 0x0000000000001000-0x0000000000ffffff]
[    0.033726][    T0]   DMA32    [mem 0x0000000001000000-0x000000007ffdffff]
[    0.034296][    T0]   Normal   empty
[    0.034594][    T0]   Device   empty
[    0.034895][    T0] Movable zone start for each node
[    0.035305][    T0] Early memory node ranges
[    0.035658][    T0]   node   0: [mem 0x0000000000001000-0x000000000009efff]
[    0.036234][    T0]   node   0: [mem 0x0000000000100000-0x000000003fffffff]
[    0.036807][    T0]   node   1: [mem 0x0000000040000000-0x000000007ffdffff]
[    0.037389][    T0] Zeroed struct page in unavailable ranges: 130 pages
[    0.037393][    T0] Initmem setup node 0 [mem 0x0000000000001000-0x000000003fffffff]
[    0.052072][    T0] Initmem setup node 1 [mem 0x0000000040000000-0x000000007ffdffff]
[    0.098304][    T0] kasan: KernelAddressSanitizer initialized
[    0.099032][    T0] ACPI: PM-Timer IO Port: 0x608
[    0.099449][    T0] ACPI: LAPIC_NMI (acpi_id[0xff] dfl dfl lint[0x1])
[    0.100037][    T0] IOAPIC[0]: apic_id 0, version 17, address 0xfec00000, GSI 0-23
[    0.100668][    T0] ACPI: INT_SRC_OVR (bus 0 bus_irq 0 global_irq 2 dfl dfl)
[    0.101254][    T0] ACPI: INT_SRC_OVR (bus 0 bus_irq 5 global_irq 5 high level)
[    0.101863][    T0] ACPI: INT_SRC_OVR (bus 0 bus_irq 9 global_irq 9 high level)
[    0.102465][    T0] ACPI: INT_SRC_OVR (bus 0 bus_irq 10 global_irq 10 high level)
[    0.103081][    T0] ACPI: INT_SRC_OVR (bus 0 bus_irq 11 global_irq 11 high level)
[    0.103784][    T0] Using ACPI (MADT) for SMP configuration information
[    0.104383][    T0] ACPI: HPET id: 0x8086a201 base: 0xfed00000
[    0.104930][    T0] smpboot: Allowing 2 CPUs, 0 hotplug CPUs
[    0.105464][    T0] KVM setup pv remote TLB flush
[    0.105901][    T0] KVM setup pv sched yield
[    0.106326][    T0] PM: hibernation: Registered nosave memory: [mem 0x00000000-0x00000fff]
[    0.107087][    T0] PM: hibernation: Registered nosave memory: [mem 0x0009f000-0x0009ffff]
[    0.107840][    T0] PM: hibernation: Registered nosave memory: [mem 0x000a0000-0x000effff]
[    0.108590][    T0] PM: hibernation: Registered nosave memory: [mem 0x000f0000-0x000fffff]
[    0.109343][    T0] [mem 0x80000000-0xfeffbfff] available for PCI devices
[    0.109957][    T0] Booting paravirtualized kernel on KVM
[    0.110473][    T0] clocksource: refined-jiffies: mask: 0xffffffff max_cycles: 0xffffffff, max_idle_ns: 19112604462750000 ns
[    0.154611][    T0] setup_percpu: NR_CPUS:8 nr_cpumask_bits:8 nr_cpu_ids:2 nr_node_ids:2
[    0.155905][    T0] percpu: Embedded 65 pages/cpu s227592 r8192 d30456 u2097152
[    0.156639][    T0] KVM setup async PF for cpu 0
[    0.157033][    T0] kvm-stealtime: cpu 0, msr 2ce21a80
[    0.157474][    T0] PV qspinlock hash table entries: 256 (order: 0, 4096 bytes, linear)
[    0.158162][    T0] Built 2 zonelists, mobility grouping on.  Total pages: 515945
[    0.158787][    T0] Policy zone: DMA32
[    0.159112][    T0] Kernel command line: earlyprintk=serial net.ifnames=0 sysctl.kernel.hung_task_all_cpu_backtrace=1 ima_policy=tcb nf-conntrack-ftp.ports=20000 nf-conntrack-tftp.ports=20000 nf-conntrack-sip.ports=20000 nf-conntrack-irc.ports=20000 nf-conntrack-sane.ports=20000 binder.debug_mask=0 rcupdate.rcu_expedited=1 rcupdate.rcu_cpu_stall_cputime=1 no_hash_pointers page_owner=on sysctl.vm.nr_hugepages=4 sysctl.vm.nr_overcommit_hugepages=4 secretmem.enable=1 sysctl.max_rcu_stall_to_panic=1 msr.allow_writes=off coredump_filter=0xffff root=/dev/sda console=ttyS0 vsyscall=native numa=fake=2 kvm-intel.nested=1 spec_store_bypass_disable=prctl nopcid vivid.n_devs=16 vivid.multiplanar=1,2,1,2,1,2,1,2,1,2,1,2,1,2,1,2 netrom.nr_ndevs=16 rose.rose_ndevs=16 smp.csd_lock_timeout=100000 watchdog_thresh=55 workqueue.watchdog_thresh=140 sysctl.net.core.netdev_unregister_timeout_secs=140 dummy_hcd.num=8 panic_on_warn=1 console=ttyS0 root=/dev/sda1 earlyprintk=serial net.ifnames=0 thunderb
[    0.162436][    T0] mem auto-init: stack:off, heap alloc:on, heap free:off
[    0.278398][    T0] Memory: 1519572K/2096632K available (133130K kernel code, 40720K rwdata, 27184K rodata, 2588K init, 24380K bss, 577060K reserved, 0K cma-reserved)
[    0.280230][    T0] SLUB: HWalign=64, Order=0-3, MinObjects=0, CPUs=2, Nodes=2
[    0.282373][    T0] Running RCU self tests
[    0.282726][    T0] rcu: Preemptible hierarchical RCU implementation.
[    0.283244][    T0] rcu: 	RCU lockdep checking is enabled.
[    0.283684][    T0] rcu: 	RCU restricting CPUs from NR_CPUS=8 to nr_cpu_ids=2.
[    0.284257][    T0] rcu: 	RCU callback double-/use-after-free debug enabled.
[    0.284821][    T0] rcu: 	RCU debug extended QS entry/exit.
[    0.285265][    T0] 	All grace periods are expedited (rcu_expedited).
[    0.285781][    T0] 	Tasks RCU enabled.
[    0.286092][    T0] rcu: RCU calculated value of scheduler-enlistment delay is 10 jiffies.
[    0.286750][    T0] rcu: Adjusting geometry for rcu_fanout_leaf=16, nr_cpu_ids=2
[    0.291370][    T0] NR_IRQS: 4352, nr_irqs: 440, preallocated irqs: 16
[    0.292700][    T0] random: get_random_bytes called from start_kernel+0x521/0x85a with crng_init=0
[    0.297586][    T0] Console: colour VGA+ 80x25
[    0.298819][    T0] printk: console [ttyS0] enabled
[    0.298819][    T0] printk: console [ttyS0] enabled
[    0.299696][    T0] printk: bootconsole [earlyser0] disabled
[    0.299696][    T0] printk: bootconsole [earlyser0] disabled
[    0.300703][    T0] Lock dependency validator: Copyright (c) 2006 Red Hat, Inc., Ingo Molnar
[    0.301426][    T0] ... MAX_LOCKDEP_SUBCLASSES:  8
[    0.301824][    T0] ... MAX_LOCK_DEPTH:          48
[    0.302226][    T0] ... MAX_LOCKDEP_KEYS:        8192
[    0.302640][    T0] ... CLASSHASH_SIZE:          4096
[    0.303058][    T0] ... MAX_LOCKDEP_ENTRIES:     32768
[    0.303484][    T0] ... MAX_LOCKDEP_CHAINS:      65536
[    0.303907][    T0] ... CHAINHASH_SIZE:          32768
[    0.304333][    T0]  memory used by lock dependency info: 6237 kB
[    0.304833][    T0]  memory used for stack traces: 4224 kB
[    0.305283][    T0]  per task-struct memory footprint: 1920 bytes
[    0.305866][    T0] mempolicy: Enabling automatic NUMA balancing. Configure with numa_balancing= or the kernel.numa_balancing sysctl
[    0.306859][    T0] ACPI: Core revision 20200110
[    0.307900][    T0] clocksource: hpet: mask: 0xffffffff max_cycles: 0xffffffff, max_idle_ns: 19112604467 ns
[    0.309132][    T0] APIC: Switch to symmetric I/O mode setup
[    0.309843][    T0] x2apic enabled
[    0.310358][    T0] Switched APIC routing to physical x2apic.
[    0.310904][    T0] KVM setup pv IPIs
[    0.312337][    T0] ..TIMER: vector=0x30 apic1=0 pin1=2 apic2=-1 pin2=-1
[    0.312978][    T0] clocksource: tsc-early: mask: 0xffffffffffffffff max_cycles: 0x2b3e43c8763, max_idle_ns: 440795360101 ns
[    0.313996][    T0] Calibrating delay loop (skipped) preset value.. 5999.99 BogoMIPS (lpj=29999980)
[    0.314805][    T0] pid_max: default: 32768 minimum: 301
[    0.315472][    T0] LSM: Security Framework initializing
[    0.315993][    T0] Yama: becoming mindful.
[    0.316446][    T0] TOMOYO Linux initialized
[    0.317038][    T0] AppArmor: AppArmor initialized
[    0.318327][    T0] Dentry cache hash table entries: 262144 (order: 9, 2097152 bytes, vmalloc)
[    0.324368][    T0] Inode-cache hash table entries: 131072 (order: 8, 1048576 bytes, vmalloc)
[    0.325215][    T0] Mount-cache hash table entries: 4096 (order: 3, 32768 bytes, vmalloc)
[    0.325973][    T0] Mountpoint-cache hash table entries: 4096 (order: 3, 32768 bytes, vmalloc)
[    0.326844][    T0] *** VALIDATE tmpfs ***
[    0.328348][    T0] *** VALIDATE proc ***
[    0.329283][    T0] *** VALIDATE cgroup ***
[    0.329680][    T0] *** VALIDATE cgroup2 ***
[    0.330280][    T0] x86/cpu: User Mode Instruction Prevention (UMIP) activated
[    0.331042][    T0] Last level iTLB entries: 4KB 0, 2MB 0, 4MB 0
[    0.331586][    T0] Last level dTLB entries: 4KB 0, 2MB 0, 4MB 0, 1GB 0
[    0.332210][    T0] Spectre V1 : Mitigation: usercopy/swapgs barriers and __user pointer sanitization
[    0.333072][    T0] Spectre V2 : Mitigation: Enhanced IBRS
[    0.333534][    T0] Spectre V2 : Spectre v2 / SpectreRSB mitigation: Filling RSB on context switch
[    0.334025][    T0] Spectre V2 : mitigation: Enabling conditional Indirect Branch Prediction Barrier
[    0.334820][    T0] Speculative Store Bypass: Mitigation: Speculative Store Bypass disabled via prctl
[    0.335602][    T0] TAA: Mitigation: Clear CPU buffers
[    0.336974][    T0] Freeing SMP alternatives memory: 100K
[    0.338314][    T1] smpboot: CPU0: Intel(R) Core(TM) i9-10980XE CPU @ 3.00GHz (family: 0x6, model: 0x55, stepping: 0x7)
[    0.404032][    T1] Performance Events: Skylake events, full-width counters, Intel PMU driver.
[    0.404754][    T1] ... version:                2
[    0.405164][    T1] ... bit width:              48
[    0.405574][    T1] ... generic registers:      4
[    0.405977][    T1] ... value mask:             0000ffffffffffff
[    0.406460][    T1] ... max period:             00007fffffffffff
[    0.406927][    T1] ... fixed-purpose events:   3
[    0.407291][    T1] ... event mask:             000000070000000f
[    0.424012][    T1] rcu: Hierarchical SRCU implementation.
[    0.474009][    T1] smp: Bringing up secondary CPUs ...
[    0.554155][    T1] x86: Booting SMP configuration:
[    0.554563][    T1] .... node  #1, CPUs:      #1
[    0.021434][    T0] kvm-clock: cpu 1, msr ec58041, secondary cpu clock
[    0.555834][   T15] KVM setup async PF for cpu 1
[    0.555834][   T15] kvm-stealtime: cpu 1, msr 7ec21a80
[    0.555834][    T1] smp: Brought up 2 nodes, 2 CPUs
[    0.555834][    T1] smpboot: Max logical packages: 1
[    0.555834][    T1] smpboot: Total of 2 processors activated (11999.99 BogoMIPS)
[    0.558438][    T1] allocated 12582912 bytes of page_ext
[    0.559006][    T1] Node 0, zone      DMA: page owner found early allocated 0 pages
[    0.565687][    T1] Node 0, zone    DMA32: page owner found early allocated 2657 pages
[    0.566598][    T1] Node 1, zone    DMA32: page owner found early allocated 2640 pages
[    0.568010][    T1] devtmpfs: initialized
[    0.568010][    T1] x86/mm: Memory block size: 128MB
[    0.588086][    T1] clocksource: jiffies: mask: 0xffffffff max_cycles: 0xffffffff, max_idle_ns: 19112604462750000 ns
[    0.589076][    T1] futex hash table entries: 512 (order: 4, 65536 bytes, vmalloc)
[    0.590205][    T1] xor: automatically using best checksumming function   avx       
[    0.591330][   T24] kworker/u5:0 (24) used greatest stack depth: 27480 bytes left
[    0.594860][    T1] PM: RTC time: 08:22:16, date: 2023-12-03
[    0.595334][    T1] thermal_sys: Registered thermal governor 'step_wise'
[    0.595337][    T1] thermal_sys: Registered thermal governor 'user_space'
[    0.597181][    T1] NET: Registered protocol family 16
[    0.601667][    T1] audit: initializing netlink subsys (disabled)
[    0.602482][   T28] kworker/u5:1 (28) used greatest stack depth: 27064 bytes left
[    0.603815][   T34] audit: type=2000 audit(1701591737.171:1): state=initialized audit_enabled=0 res=1
[    0.606929][    T1] cpuidle: using governor menu
[    0.610286][    T1] ACPI: bus type PCI registered
[    0.613552][    T1] dca service started, version 1.12.1
[    0.614238][    T1] PCI: Using configuration type 1 for base access
[    0.648134][   T62] kworker/u5:1 (62) used greatest stack depth: 25448 bytes left
[    0.974854][    T1] HugeTLB registered 1.00 GiB page size, pre-allocated 0 pages
[    0.975459][    T1] HugeTLB registered 2.00 MiB page size, pre-allocated 0 pages
[    0.986727][    T1] cryptd: max_cpu_qlen set to 1000
[    1.024002][    T1] raid6: skip pq benchmark and using algorithm avx512x4
[    1.024002][    T1] raid6: using avx512x2 recovery algorithm
[    1.024002][    T1] ACPI: Added _OSI(Module Device)
[    1.024007][    T1] ACPI: Added _OSI(Processor Device)
[    1.024411][    T1] ACPI: Added _OSI(3.0 _SCP Extensions)
[    1.024828][    T1] ACPI: Added _OSI(Processor Aggregator Device)
[    1.025306][    T1] ACPI: Added _OSI(Linux-Dell-Video)
[    1.025712][    T1] ACPI: Added _OSI(Linux-Lenovo-NV-HDMI-Audio)
[    1.026181][    T1] ACPI: Added _OSI(Linux-HPI-Hybrid-Graphics)
[    1.048493][    T1] ACPI: 1 ACPI AML tables successfully acquired and loaded
[    1.095824][    T1] ACPI: Interpreter enabled
[    1.095824][    T1] ACPI: (supports S0 S3 S4 S5)
[    1.096132][    T1] ACPI: Using IOAPIC for interrupt routing
[    1.096778][    T1] PCI: Using host bridge windows from ACPI; if necessary, use "pci=nocrs" and report a bug
[    1.099225][    T1] ACPI: Enabled 2 GPEs in block 00 to 0F
[    1.157883][    T1] ACPI: PCI Root Bridge [PCI0] (domain 0000 [bus 00-ff])
[    1.158488][    T1] acpi PNP0A03:00: _OSC: OS supports [ASPM ClockPM Segments MSI HPX-Type3]
[    1.159413][    T1] acpi PNP0A03:00: fail to add MMCONFIG information, can't access extended PCI configuration space under this bridge.
[    1.162187][    T1] PCI host bridge to bus 0000:00
[    1.162588][    T1] pci_bus 0000:00: Unknown NUMA node; performance will be reduced
[    1.163191][    T1] pci_bus 0000:00: root bus resource [io  0x0000-0x0cf7 window]
[    1.163783][    T1] pci_bus 0000:00: root bus resource [io  0x0d00-0xffff window]
[    1.164009][    T1] pci_bus 0000:00: root bus resource [mem 0x000a0000-0x000bffff window]
[    1.164652][    T1] pci_bus 0000:00: root bus resource [mem 0x80000000-0xfebfffff window]
[    1.165290][    T1] pci_bus 0000:00: root bus resource [mem 0x100000000-0x17fffffff window]
[    1.165946][    T1] pci_bus 0000:00: root bus resource [bus 00-ff]
[    1.166620][    T1] pci 0000:00:00.0: [8086:1237] type 00 class 0x060000
[    1.171423][    T1] pci 0000:00:01.0: [8086:7000] type 00 class 0x060100
[    1.174569][    T1] pci 0000:00:01.1: [8086:7010] type 00 class 0x010180
[    1.176584][    T1] pci 0000:00:01.1: reg 0x20: [io  0xc040-0xc04f]
[    1.177671][    T1] pci 0000:00:01.1: legacy IDE quirk: reg 0x10: [io  0x01f0-0x01f7]
[    1.178281][    T1] pci 0000:00:01.1: legacy IDE quirk: reg 0x14: [io  0x03f6]
[    1.178846][    T1] pci 0000:00:01.1: legacy IDE quirk: reg 0x18: [io  0x0170-0x0177]
[    1.179456][    T1] pci 0000:00:01.1: legacy IDE quirk: reg 0x1c: [io  0x0376]
[    1.182141][    T1] pci 0000:00:01.3: [8086:7113] type 00 class 0x068000
[    1.183009][    T1] pci 0000:00:01.3: quirk: [io  0x0600-0x063f] claimed by PIIX4 ACPI
[    1.183629][    T1] pci 0000:00:01.3: quirk: [io  0x0700-0x070f] claimed by PIIX4 SMB
[    1.185625][    T1] pci 0000:00:02.0: [1234:1111] type 00 class 0x030000
[    1.187688][    T1] pci 0000:00:02.0: reg 0x10: [mem 0xfd000000-0xfdffffff pref]
[    1.189448][    T1] pci 0000:00:02.0: reg 0x18: [mem 0xfebf0000-0xfebf0fff]
[    1.192619][    T1] pci 0000:00:02.0: reg 0x30: [mem 0xfebe0000-0xfebeffff pref]
[    1.197589][    T1] pci 0000:00:03.0: [8086:100e] type 00 class 0x020000
[    1.198615][    T1] pci 0000:00:03.0: reg 0x10: [mem 0xfebc0000-0xfebdffff]
[    1.199555][    T1] pci 0000:00:03.0: reg 0x14: [io  0xc000-0xc03f]
[    1.202079][    T1] pci 0000:00:03.0: reg 0x30: [mem 0xfeb80000-0xfebbffff pref]
[    1.212104][    T1] ACPI: PCI Interrupt Link [LNKA] (IRQs 5 *10 11)
[    1.213747][    T1] ACPI: PCI Interrupt Link [LNKB] (IRQs 5 *10 11)
[    1.215569][    T1] ACPI: PCI Interrupt Link [LNKC] (IRQs 5 10 *11)
[    1.217508][    T1] ACPI: PCI Interrupt Link [LNKD] (IRQs 5 10 *11)
[    1.218588][    T1] ACPI: PCI Interrupt Link [LNKS] (IRQs *9)
[    1.224037][    T1] iommu: Default domain type: Translated 
[    1.225094][    T1] pci 0000:00:02.0: vgaarb: setting as boot VGA device
[    1.225671][    T1] pci 0000:00:02.0: vgaarb: VGA device added: decodes=io+mem,owns=io+mem,locks=none
[    1.226381][    T1] pci 0000:00:02.0: vgaarb: bridge control possible
[    1.226886][    T1] vgaarb: loaded
[    1.231898][    T1] SCSI subsystem initialized
[    1.234124][    T1] ACPI: bus type USB registered
[    1.234416][    T1] usbcore: registered new interface driver usbfs
[    1.235117][    T1] usbcore: registered new interface driver hub
[    1.235805][    T1] usbcore: registered new device driver usb
[    1.237796][    T1] mc: Linux media interface: v0.10
[    1.238615][    T1] videodev: Linux video capture interface: v2.00
[    1.239874][    T1] pps_core: LinuxPPS API ver. 1 registered
[    1.240325][    T1] pps_core: Software ver. 5.3.6 - Copyright 2005-2007 Rodolfo Giometti <giometti@linux.it>
[    1.244802][    T1] PTP clock support registered
[    1.245619][    T1] EDAC MC: Ver: 3.0.0
[    1.248657][    T1] Advanced Linux Sound Architecture Driver Initialized.
[    1.249611][    T1] PCI: Using ACPI for IRQ routing
[    1.252030][    T1] Bluetooth: Core ver 2.22
[    1.252560][    T1] NET: Registered protocol family 31
[    1.254070][    T1] Bluetooth: HCI device and connection manager initialized
[    1.254070][    T1] Bluetooth: HCI socket layer initialized
[    1.254860][    T1] Bluetooth: L2CAP socket layer initialized
[    1.255408][    T1] Bluetooth: SCO socket layer initialized
[    1.255909][    T1] NET: Registered protocol family 8
[    1.256341][    T1] NET: Registered protocol family 20
[    1.258916][    T1] NetLabel: Initializing
[    1.259240][    T1] NetLabel:  domain hash size = 128
[    1.259638][    T1] NetLabel:  protocols = UNLABELED CIPSOv4 CALIPSO
[    1.260317][    T1] NetLabel:  unlabeled traffic allowed by default
[    1.261479][    T1] nfc: nfc_init: NFC Core ver 0.1
[    1.262096][    T1] NET: Registered protocol family 39
[    1.265662][    T1] hpet0: at MMIO 0xfed00000, IRQs 2, 8, 0
[    1.266107][    T1] hpet0: 3 comparators, 64-bit 100.000000 MHz counter
[    1.269800][    T1] clocksource: Switched to clocksource kvm-clock
[    2.763710][    T1] *** VALIDATE bpf ***
[    2.764861][    T1] VFS: Disk quotas dquot_6.6.0
[    2.765321][    T1] VFS: Dquot-cache hash table entries: 512 (order 0, 4096 bytes)
[    2.766317][    T1] FS-Cache: Loaded
[    2.766614][    T1] *** VALIDATE ramfs ***
[    2.766953][    T1] *** VALIDATE hugetlbfs ***
[    2.768051][    T1] CacheFiles: Loaded
[    2.768568][    T1] TOMOYO: 2.6.0
[    2.768844][    T1] Mandatory Access Control activated.
[    2.770159][    T1] AppArmor: AppArmor Filesystem Enabled
[    2.770848][    T1] pnp: PnP ACPI init
[    2.776122][    T1] pnp: PnP ACPI: found 6 devices
[    2.815059][    T1] clocksource: acpi_pm: mask: 0xffffff max_cycles: 0xffffff, max_idle_ns: 2085701024 ns
[    2.816120][    T1] pci_bus 0000:00: resource 4 [io  0x0000-0x0cf7 window]
[    2.816670][    T1] pci_bus 0000:00: resource 5 [io  0x0d00-0xffff window]
[    2.817206][    T1] pci_bus 0000:00: resource 6 [mem 0x000a0000-0x000bffff window]
[    2.817793][    T1] pci_bus 0000:00: resource 7 [mem 0x80000000-0xfebfffff window]
[    2.818378][    T1] pci_bus 0000:00: resource 8 [mem 0x100000000-0x17fffffff window]
[    2.819525][    T1] NET: Registered protocol family 2
[    2.821284][    T1] tcp_listen_portaddr_hash hash table entries: 1024 (order: 4, 73728 bytes, vmalloc)
[    2.822175][    T1] TCP established hash table entries: 16384 (order: 5, 131072 bytes, vmalloc)
[    2.824577][    T1] TCP bind hash table entries: 16384 (order: 8, 1048576 bytes, vmalloc)
[    2.825817][    T1] TCP: Hash tables configured (established 16384 bind 16384)
[    2.826912][    T1] UDP hash table entries: 1024 (order: 5, 163840 bytes, vmalloc)
[    2.827737][    T1] UDP-Lite hash table entries: 1024 (order: 5, 163840 bytes, vmalloc)
[    2.828670][    T1] NET: Registered protocol family 1
[    2.840033][    T1] RPC: Registered named UNIX socket transport module.
[    2.840573][    T1] RPC: Registered udp transport module.
[    2.840996][    T1] RPC: Registered tcp transport module.
[    2.841417][    T1] RPC: Registered tcp NFSv4.1 backchannel transport module.
[    2.843163][    T1] NET: Registered protocol family 44
[    2.843613][    T1] pci 0000:00:01.0: PIIX3: Enabling Passive Release
[    2.846037][    T1] pci 0000:00:00.0: Limiting direct PCI/PCI transfers
[    2.846570][    T1] pci 0000:00:01.0: Activating ISA DMA hang workarounds
[    2.847164][    T1] pci 0000:00:02.0: Video device with shadowed ROM at [mem 0x000c0000-0x000dffff]
[    2.847881][    T1] PCI: CLS 0 bytes, default 64
[    2.854209][    T1] RAPL PMU: API unit is 2^-32 Joules, 0 fixed counters, 10737418240 ms ovfl timer
[    2.855367][    T1] kvm: no hardware support
[    2.855838][    T1] has_svm: not amd or hygon
[    2.856306][    T1] kvm: no hardware support
[    2.856776][    T1] clocksource: tsc: mask: 0xffffffffffffffff max_cycles: 0x2b3e43c8763, max_idle_ns: 440795360101 ns
[    2.901268][    T1] Initialise system trusted keyrings
[    2.903827][    T1] workingset: timestamp_bits=40 max_order=19 bucket_order=0
[    2.992117][    T1] DLM installed
[    2.997760][    T1] squashfs: version 4.0 (2009/01/31) Phillip Lougher
[    3.008689][    T1] FS-Cache: Netfs 'nfs' registered for caching
[    3.012413][    T1] *** VALIDATE nfs ***
[    3.012816][    T1] *** VALIDATE nfs4 ***
[    3.013275][    T1] NFS: Registering the id_resolver key type
[    3.013876][    T1] Key type id_resolver registered
[    3.015178][    T1] Key type id_legacy registered
[    3.015951][    T1] nfs4filelayout_init: NFSv4 File Layout Driver Registering...
[    3.016704][    T1] Installing knfsd (copyright (C) 1996 okir@monad.swb.de).
[    3.022382][    T1] FS-Cache: Netfs 'cifs' registered for caching
[    3.026447][    T1] Key type cifs.spnego registered
[    3.026905][    T1] Key type cifs.idmap registered
[    3.027587][    T1] ntfs: driver 2.1.32 [Flags: R/W].
[    3.029766][    T1] efs: 1.0a - http://aeschi.ch.eu.org/efs/
[    3.030565][    T1] jffs2: version 2.2. (NAND) (SUMMARY)  Â© 2001-2006 Red Hat, Inc.
[    3.036144][    T1] *** VALIDATE jffs2 ***
[    3.036777][    T1] romfs: ROMFS MTD (C) 2007 Red Hat, Inc.
[    3.037854][    T1] QNX4 filesystem 0.2.3 registered.
[    3.038616][    T1] qnx6: QNX6 filesystem 1.0.0 registered.
[    3.039724][    T1] fuse: init (API version 7.31)
[    3.040457][    T1] *** VALIDATE fuseblk ***
[    3.040862][    T1] *** VALIDATE fuse ***
[    3.043740][    T1] orangefs_debugfs_init: called with debug mask: :none: :0:
[    3.046654][    T1] orangefs_init: module version upstream loaded
[    3.048036][    T1] JFS: nTxBlock = 8192, nTxLock = 65536
[    3.056402][    T1] SGI XFS with ACLs, security attributes, realtime, quota, no debug enabled
[    3.065053][    T1] *** VALIDATE xfs ***
[    3.065464][    T1] 9p: Installing v9fs 9p2000 file system support
[    3.066324][    T1] FS-Cache: Netfs '9p' registered for caching
[    3.069305][    T1] NILFS version 2 loaded
[    3.069689][    T1] befs: version: 0.9.3
[    3.071543][    T1] ocfs2: Registered cluster interface o2cb
[    3.072380][    T1] ocfs2: Registered cluster interface user
[    3.074494][    T1] OCFS2 User DLM kernel interface loaded
[    3.081805][    T1] *** VALIDATE gfs2 ***
[    3.082918][    T1] gfs2: GFS2 installed
[    3.092396][    T1] FS-Cache: Netfs 'ceph' registered for caching
[    3.093057][    T1] ceph: loaded (mds proto 32)
[    3.101777][    T1] NET: Registered protocol family 38
[    3.102895][    T1] async_tx: api initialized (async)
[    3.103516][    T1] Key type asymmetric registered
[    3.104336][    T1] Asymmetric key parser 'x509' registered
[    3.105023][    T1] Asymmetric key parser 'pkcs8' registered
[    3.105701][    T1] Key type pkcs7_test registered
[    3.106603][    T1] Block layer SCSI generic (bsg) driver version 0.4 loaded (major 241)
[    3.107855][    T1] io scheduler mq-deadline registered
[    3.108486][    T1] io scheduler kyber registered
[    3.109633][    T1] io scheduler bfq registered
[    3.115320][    T1] vga16fb: mapped to 0x0000000046fe24f6
[    3.585851][    T1] Console: switching to colour frame buffer device 80x30
[    3.848616][    T1] fb0: VGA16 VGA frame buffer device
[    3.850091][    T1] input: Power Button as /devices/LNXSYSTM:00/LNXPWRBN:00/input/input0
[    3.854655][    T1] ACPI: Power Button [PWRF]
[    3.858948][    T1] ioatdma: Intel(R) QuickData Technology Driver 5.00
[    4.039680][    T1] HDLC line discipline maxframe=4096
[    4.040124][    T1] N_HDLC line discipline registered.
[    4.040556][    T1] Serial: 8250/16550 driver, 4 ports, IRQ sharing enabled
[    4.041407][    T1] 00:04: ttyS0 at I/O 0x3f8 (irq = 4, base_baud = 115200) is a 16550A
[    4.049773][    T1] Initializing Nozomi driver 2.1d
[    4.052322][    T1] Non-volatile memory driver v1.3
[    4.057280][    T1] Linux agpgart interface v0.103
[    4.068482][    T1] [drm] Initialized vgem 1.0.0 20120112 for vgem on minor 0
[    4.069756][    T1] [drm] Supports vblank timestamp caching Rev 2 (21.10.2013).
[    4.070401][    T1] [drm] Driver supports precise vblank timestamp query.
[    4.072856][    T1] [drm] Initialized vkms 1.0.0 20180514 for vkms on minor 1
[    4.073950][    T1] usbcore: registered new interface driver udl
[    4.079410][    T1] fb0: switching to bochsdrmfb from VGA16 VGA
[    4.226473][    T1] Console: switching to colour VGA+ 80x25
[    4.229599][    T1] bochs-drm 0000:00:02.0: vgaarb: deactivate vga console
[    4.235785][    T1] Console: switching to colour dummy device 80x25
[    4.238391][    T1] [drm] Found bochs VGA, ID 0xb0c5.
[    4.238796][    T1] [drm] Framebuffer size 16384 kB @ 0xfd000000, mmio @ 0xfebf0000.
[    4.239895][    T1] [TTM] Zone  kernel: Available graphics memory: 759836 KiB
[    4.240599][    T1] [TTM] Initializing pool allocator
[    4.241300][    T1] [TTM] Initializing DMA pool allocator
[    4.243234][    T1] [drm] Found EDID data blob.
[    4.245067][    T1] [drm] Initialized bochs-drm 1.0.0 20130925 for 0000:00:02.0 on minor 2
[    4.252073][    T1] fbcon: bochs-drmdrmfb (fb0) is primary device
[    4.271877][    T1] Console: switching to colour frame buffer device 160x50
[    4.287345][    T1] bochs-drm 0000:00:02.0: fb0: bochs-drmdrmfb frame buffer device
[    4.315803][    T1] brd: module loaded
[    4.351674][    T1] loop: module loaded
[    4.420084][    T1] zram: Added device: zram0
[    4.424573][    T1] null_blk: module loaded
[    4.425193][    T1] Guest personality initialized and is inactive
[    4.426336][    T1] VMCI host device registered (name=vmci, major=10, minor=56)
[    4.427080][    T1] Initialized host personality
[    4.427710][    T1] usbcore: registered new interface driver rtsx_usb
[    4.428966][    T1] usbcore: registered new interface driver viperboard
[    4.429978][    T1] usbcore: registered new interface driver dln2
[    4.430926][    T1] usbcore: registered new interface driver pn533_usb
[    4.433972][    T1] nfcsim 0.2 initialized
[    4.435231][    T1] usbcore: registered new interface driver port100
[    4.437317][    T1] usbcore: registered new interface driver nfcmrvl
[    4.440271][    T1] Loading iSCSI transport class v2.0-870.
[    4.445162][    T1] st: Version 20160209, fixed bufsize 32768, s/g segs 256
[    4.460895][    T1] scsi host0: ata_piix
[    4.464444][    T1] scsi host1: ata_piix
[    4.465405][    T1] ata1: PATA max MWDMA2 cmd 0x1f0 ctl 0x3f6 bmdma 0xc040 irq 14
[    4.466239][    T1] ata2: PATA max MWDMA2 cmd 0x170 ctl 0x376 bmdma 0xc048 irq 15
[    4.472003][    T1] Rounding down aligned max_sectors from 4294967295 to 4294967288
[    4.476705][    T1] db_root: cannot open: /etc/target
[    4.477770][    T1] slram: not enough parameters.
[    4.480592][    T1] ftl_cs: FTL header not found.
[    4.496096][    T1] Ethernet Channel Bonding Driver: v3.7.1 (April 27, 2011)
[    4.504450][    T1] wireguard: WireGuard 1.0.0 loaded. See www.wireguard.com for information.
[    4.505120][    T1] wireguard: Copyright (C) 2015-2019 Jason A. Donenfeld <Jason@zx2c4.com>. All Rights Reserved.
[    4.505908][    T1] eql: Equalizer2002: Simon Janes (simon@ncm.com) and David S. Miller (davem@redhat.com)
[    4.510721][    T1] MACsec IEEE 802.1AE
[    4.518281][    T1] libphy: Fixed MDIO Bus: probed
[    4.521216][    T1] tun: Universal TUN/TAP device driver, 1.6
[    4.522325][    T1] vcan: Virtual CAN interface driver
[    4.522739][    T1] vxcan: Virtual CAN Tunnel driver
[    4.523128][    T1] slcan: serial line CAN interface driver
[    4.523562][    T1] slcan: 10 dynamic interface channels.
[    4.523985][    T1] CAN device driver interface
[    4.527525][    T1] usbcore: registered new interface driver usb_8dev
[    4.528174][    T1] usbcore: registered new interface driver ems_usb
[    4.528827][    T1] usbcore: registered new interface driver gs_usb
[    4.529483][    T1] usbcore: registered new interface driver kvaser_usb
[    4.530147][    T1] usbcore: registered new interface driver mcba_usb
[    4.530838][    T1] usbcore: registered new interface driver peak_usb
[    4.531710][    T1] e100: Intel(R) PRO/100 Network Driver, 3.5.24-k2-NAPI
[    4.532244][    T1] e100: Copyright(c) 1999-2006 Intel Corporation
[    4.532903][    T1] e1000: Intel(R) PRO/1000 Network Driver - version 7.3.21-k8-NAPI
[    4.533503][    T1] e1000: Copyright (c) 1999-2006 Intel Corporation.
[    4.635276][ T3490] ata1.00: ATA-7: QEMU HARDDISK, 2.5+, max UDMA/100
[    4.635806][ T3490] ata1.00: 2097458 sectors, multi 16: LBA48 
[    4.636455][ T3495] ata2.00: ATAPI: QEMU DVD-ROM, 2.5+, max UDMA/100
[    4.638780][   T23] scsi 0:0:0:0: Direct-Access     ATA      QEMU HARDDISK    2.5+ PQ: 0 ANSI: 5
[    4.641920][  T126] sd 0:0:0:0: [sda] 2097458 512-byte logical blocks: (1.07 GB/1.00 GiB)
[    4.642649][  T126] sd 0:0:0:0: [sda] Write Protect is off
[    4.643227][  T126] sd 0:0:0:0: [sda] Write cache: enabled, read cache: enabled, doesn't support DPO or FUA
[    4.644175][   T23] sd 0:0:0:0: Attached scsi generic sg0 type 0
[    4.646460][ T1477] scsi 1:0:0:0: CD-ROM            QEMU     QEMU DVD-ROM     2.5+ PQ: 0 ANSI: 5
[    4.651198][  T126]  sda: sda1
[    4.653991][  T126] sd 0:0:0:0: [sda] Attached SCSI disk
[    4.754706][ T1477] sr 1:0:0:0: [sr0] scsi3-mmc drive: 4x/4x cd/rw xa/form2 tray
[    4.755310][ T1477] cdrom: Uniform CD-ROM driver Revision: 3.20
[    4.759149][ T1477] sr 1:0:0:0: Attached scsi generic sg1 type 5
[    5.643920][    T1] PCI Interrupt Link [LNKC] enabled at IRQ 11
[    6.016153][    T1] e1000 0000:00:03.0 eth0: (PCI:33MHz:32-bit) 52:54:00:12:34:56
[    6.016756][    T1] e1000 0000:00:03.0 eth0: Intel(R) PRO/1000 Network Connection
[    6.017736][    T1] e1000e: Intel(R) PRO/1000 Network Driver - 3.2.6-k
[    6.018259][    T1] e1000e: Copyright(c) 1999 - 2015 Intel Corporation.
[    6.019454][    T1] mkiss: AX.25 Multikiss, Hans Albas PE1AYX
[    6.019918][    T1] AX.25: 6pack driver, Revision: 0.3.0
[    6.020354][    T1] AX.25: bpqether driver version 004
[    6.020763][    T1] PPP generic driver version 2.4.2
[    6.022042][    T1] PPP BSD Compression module registered
[    6.022479][    T1] PPP Deflate Compression module registered
[    6.023018][    T1] PPP MPPE Compression module registered
[    6.023448][    T1] NET: Registered protocol family 24
[    6.023888][    T1] PPTP driver version 0.8.5
[    6.024971][    T1] SLIP: version 0.8.4-NET3.019-NEWTTY (dynamic channels, max=256) (6 bit encapsulation enabled).
[    6.025773][    T1] CSLIP: code copyright 1989 Regents of the University of California.
[    6.026383][    T1] SLIP linefill/keepalive option.
[    6.026775][    T1] hdlc: HDLC support module revision 1.22
[    6.027223][    T1] LAPB Ethernet driver version 0.02
[    6.028367][    T1] usbcore: registered new interface driver ath9k_htc
[    6.029511][    T1] usbcore: registered new interface driver carl9170
[    6.030283][    T1] usbcore: registered new interface driver ath6kl_usb
[    6.031045][    T1] usbcore: registered new interface driver ar5523
[    6.031979][    T1] usbcore: registered new interface driver ath10k_usb
[    6.032789][    T1] mac80211_hwsim: initializing netlink
[    6.044832][    T1] usbcore: registered new interface driver atusb
[    6.052440][    T1] mac802154_hwsim mac802154_hwsim: Added 2 mac802154 hwsim hardware radios
[    6.053483][    T1] VMware vmxnet3 virtual NIC driver - version 1.4.17.0-k-NAPI
[    6.054673][    T1] usbcore: registered new interface driver catc
[    6.055321][    T1] usbcore: registered new interface driver kaweth
[    6.055815][    T1] pegasus: v0.9.3 (2013/04/25), Pegasus/Pegasus II USB Ethernet driver
[    6.056779][    T1] usbcore: registered new interface driver pegasus
[    6.057484][    T1] usbcore: registered new interface driver rtl8150
[    6.059456][    T1] usbcore: registered new interface driver r8152
[    6.059951][    T1] hso: drivers/net/usb/hso.c: Option Wireless
[    6.060615][    T1] usbcore: registered new interface driver hso
[    6.061211][    T1] usbcore: registered new interface driver lan78xx
[    6.061875][    T1] usbcore: registered new interface driver asix
[    6.062500][    T1] usbcore: registered new interface driver ax88179_178a
[    6.063183][    T1] usbcore: registered new interface driver cdc_ether
[    6.063870][    T1] usbcore: registered new interface driver cdc_eem
[    6.064735][    T1] usbcore: registered new interface driver dm9601
[    6.065389][    T1] usbcore: registered new interface driver sr9700
[    6.066050][    T1] usbcore: registered new interface driver CoreChips
[    6.066733][    T1] usbcore: registered new interface driver smsc75xx
[    6.067589][    T1] usbcore: registered new interface driver smsc95xx
[    6.069368][    T1] usbcore: registered new interface driver gl620a
[    6.069995][    T1] usbcore: registered new interface driver net1080
[    6.070640][    T1] usbcore: registered new interface driver plusb
[    6.071273][    T1] usbcore: registered new interface driver rndis_host
[    6.071942][    T1] usbcore: registered new interface driver cdc_subset
[    6.072613][    T1] usbcore: registered new interface driver zaurus
[    6.073278][    T1] usbcore: registered new interface driver MOSCHIP usb-ethernet driver
[    6.074202][    T1] usbcore: registered new interface driver int51x1
[    6.074929][    T1] usbcore: registered new interface driver cdc_phonet
[    6.075923][    T1] usbcore: registered new interface driver kalmia
[    6.076960][    T1] usbcore: registered new interface driver ipheth
[    6.078853][    T1] usbcore: registered new interface driver sierra_net
[    6.079810][    T1] usbcore: registered new interface driver cx82310_eth
[    6.080527][    T1] usbcore: registered new interface driver cdc_ncm
[    6.081266][    T1] usbcore: registered new interface driver huawei_cdc_ncm
[    6.082020][    T1] usbcore: registered new interface driver lg-vl600
[    6.082727][    T1] usbcore: registered new interface driver qmi_wwan
[    6.083437][    T1] usbcore: registered new interface driver cdc_mbim
[    6.084211][    T1] usbcore: registered new interface driver ch9200
[    6.087132][    T1] VFIO - User Level meta-driver version: 0.3
[    6.090676][    T1] aoe: AoE v85 initialised.
[    6.093945][    T1] ehci_hcd: USB 2.0 'Enhanced' Host Controller (EHCI) Driver
[    6.094561][    T1] ehci-pci: EHCI PCI platform driver
[    6.095173][    T1] ehci-platform: EHCI generic platform driver
[    6.096393][    T1] ohci_hcd: USB 1.1 'Open' Host Controller (OHCI) Driver
[    6.097079][    T1] ohci-pci: OHCI PCI platform driver
[    6.101673][    T1] ohci-platform: OHCI generic platform driver
[    6.102448][    T1] uhci_hcd: USB Universal Host Controller Interface driver
[    6.105144][    T1] usbcore: registered new interface driver cdc_acm
[    6.105945][    T1] cdc_acm: USB Abstract Control Model driver for USB modems and ISDN adapters
[    6.107232][    T1] usbcore: registered new interface driver usblp
[    6.107951][    T1] usbcore: registered new interface driver cdc_wdm
[    6.108677][    T1] usbcore: registered new interface driver usbtmc
[    6.111542][    T1] usbcore: registered new interface driver uas
[    6.112233][    T1] usbcore: registered new interface driver usb-storage
[    6.112935][    T1] usbcore: registered new interface driver ums-alauda
[    6.113674][    T1] usbcore: registered new interface driver ums-cypress
[    6.115980][    T1] usbcore: registered new interface driver ums-datafab
[    6.116757][    T1] usbcore: registered new interface driver ums_eneub6250
[    6.117502][    T1] usbcore: registered new interface driver ums-freecom
[    6.118260][    T1] usbcore: registered new interface driver ums-isd200
[    6.119014][    T1] usbcore: registered new interface driver ums-jumpshot
[    6.119776][    T1] usbcore: registered new interface driver ums-karma
[    6.120809][    T1] usbcore: registered new interface driver ums-onetouch
[    6.121762][    T1] usbcore: registered new interface driver ums-realtek
[    6.123303][    T1] usbcore: registered new interface driver ums-sddr09
[    6.124020][    T1] usbcore: registered new interface driver ums-sddr55
[    6.124820][    T1] usbcore: registered new interface driver ums-usbat
[    6.125611][    T1] usbcore: registered new interface driver mdc800
[    6.126139][    T1] mdc800: v0.7.5 (30/10/2000):USB Driver for Mustek MDC800 Digital Camera
[    6.126963][    T1] usbcore: registered new interface driver microtekX6
[    6.127935][    T1] usbcore: registered new interface driver usbserial_generic
[    6.128901][    T1] usbserial: USB Serial support registered for generic
[    6.129626][    T1] usbcore: registered new interface driver aircable
[    6.130269][    T1] usbserial: USB Serial support registered for aircable
[    6.130951][    T1] usbcore: registered new interface driver ark3116
[    6.131691][    T1] usbserial: USB Serial support registered for ark3116
[    6.132503][    T1] usbcore: registered new interface driver belkin_sa
[    6.133572][    T1] usbserial: USB Serial support registered for Belkin / Peracom / GoHubs USB Serial Adapter
[    6.135262][    T1] usbcore: registered new interface driver ch341
[    6.135862][    T1] usbserial: USB Serial support registered for ch341-uart
[    6.136803][    T1] usbcore: registered new interface driver cp210x
[    6.137575][    T1] usbserial: USB Serial support registered for cp210x
[    6.138331][    T1] usbcore: registered new interface driver cyberjack
[    6.139044][    T1] usbserial: USB Serial support registered for Reiner SCT Cyberjack USB card reader
[    6.139986][    T1] usbcore: registered new interface driver cypress_m8
[    6.140696][    T1] usbserial: USB Serial support registered for DeLorme Earthmate USB
[    6.141514][    T1] usbserial: USB Serial support registered for HID->COM RS232 Adapter
[    6.142362][    T1] usbserial: USB Serial support registered for Nokia CA-42 V2 Adapter
[    6.144965][    T1] usbcore: registered new interface driver usb_debug
[    6.145689][    T1] usbserial: USB Serial support registered for debug
[    6.146285][    T1] usbserial: USB Serial support registered for xhci_dbc
[    6.146967][    T1] usbcore: registered new interface driver digi_acceleport
[    6.147654][    T1] usbserial: USB Serial support registered for Digi 2 port USB adapter
[    6.148410][    T1] usbserial: USB Serial support registered for Digi 4 port USB adapter
[    6.149188][    T1] usbcore: registered new interface driver io_edgeport
[    6.149843][    T1] usbserial: USB Serial support registered for Edgeport 2 port adapter
[    6.150616][    T1] usbserial: USB Serial support registered for Edgeport 4 port adapter
[    6.151377][    T1] usbserial: USB Serial support registered for Edgeport 8 port adapter
[    6.152320][    T1] usbserial: USB Serial support registered for EPiC device
[    6.154017][    T1] usbcore: registered new interface driver io_ti
[    6.154703][    T1] usbserial: USB Serial support registered for Edgeport TI 1 port adapter
[    6.155443][    T1] usbserial: USB Serial support registered for Edgeport TI 2 port adapter
[    6.156242][    T1] usbcore: registered new interface driver empeg
[    6.156861][    T1] usbserial: USB Serial support registered for empeg
[    6.157523][    T1] usbcore: registered new interface driver f81232
[    6.158146][    T1] usbserial: USB Serial support registered for f81232
[    6.158808][    T1] usbcore: registered new interface driver f81534
[    6.159424][    T1] usbserial: USB Serial support registered for Fintek F81532/F81534
[    6.160197][    T1] usbcore: registered new interface driver ftdi_sio
[    6.160830][    T1] usbserial: USB Serial support registered for FTDI USB Serial Device
[    6.162131][    T1] usbcore: registered new interface driver garmin_gps
[    6.162959][    T1] usbserial: USB Serial support registered for Garmin GPS usb/tty
[    6.164834][    T1] usbcore: registered new interface driver ipaq
[    6.165478][    T1] usbserial: USB Serial support registered for PocketPC PDA
[    6.166175][    T1] usbcore: registered new interface driver ipw
[    6.166786][    T1] usbserial: USB Serial support registered for IPWireless converter
[    6.167705][    T1] usbcore: registered new interface driver ir_usb
[    6.168587][    T1] usbserial: USB Serial support registered for IR Dongle
[    6.169507][    T1] usbcore: registered new interface driver iuu_phoenix
[    6.170243][    T1] usbserial: USB Serial support registered for iuu_phoenix
[    6.171022][    T1] usbcore: registered new interface driver keyspan
[    6.171748][    T1] usbserial: USB Serial support registered for Keyspan - (without firmware)
[    6.172936][    T1] usbserial: USB Serial support registered for Keyspan 1 port adapter
[    6.173953][    T1] usbserial: USB Serial support registered for Keyspan 2 port adapter
[    6.176449][    T1] usbserial: USB Serial support registered for Keyspan 4 port adapter
[    6.177218][    T1] usbcore: registered new interface driver keyspan_pda
[    6.177872][    T1] usbserial: USB Serial support registered for Keyspan PDA
[    6.178557][    T1] usbserial: USB Serial support registered for Keyspan PDA - (prerenumeration)
[    6.179377][    T1] usbcore: registered new interface driver kl5kusb105
[    6.180032][    T1] usbserial: USB Serial support registered for KL5KUSB105D / PalmConnect
[    6.180827][    T1] usbcore: registered new interface driver kobil_sct
[    6.181463][    T1] usbserial: USB Serial support registered for KOBIL USB smart card terminal
[    6.182276][    T1] usbcore: registered new interface driver mct_u232
[    6.182923][    T1] usbserial: USB Serial support registered for MCT U232
[    6.184134][    T1] usbcore: registered new interface driver metro_usb
[    6.184788][    T1] usbserial: USB Serial support registered for Metrologic USB to Serial
[    6.185543][    T1] usbcore: registered new interface driver mos7720
[    6.186182][    T1] usbserial: USB Serial support registered for Moschip 2 port adapter
[    6.186988][    T1] usbcore: registered new interface driver mos7840
[    6.187635][    T1] usbserial: USB Serial support registered for Moschip 7840/7820 USB Serial Driver
[    6.188517][    T1] usbcore: registered new interface driver mxuport
[    6.189255][    T1] usbserial: USB Serial support registered for MOXA UPort
[    6.190052][    T1] usbcore: registered new interface driver navman
[    6.190757][    T1] usbserial: USB Serial support registered for navman
[    6.191743][    T1] usbcore: registered new interface driver omninet
[    6.193467][    T1] usbserial: USB Serial support registered for ZyXEL - omni.net lcd plus usb
[    6.194372][    T1] usbcore: registered new interface driver opticon
[    6.195076][    T1] usbserial: USB Serial support registered for opticon
[    6.195752][    T1] usbcore: registered new interface driver option
[    6.196451][    T1] usbserial: USB Serial support registered for GSM modem (1-port)
[    6.197280][    T1] usbcore: registered new interface driver oti6858
[    6.198226][    T1] usbserial: USB Serial support registered for oti6858
[    6.199102][    T1] usbcore: registered new interface driver pl2303
[    6.199825][    T1] usbserial: USB Serial support registered for pl2303
[    6.200566][    T1] usbcore: registered new interface driver qcaux
[    6.201569][    T1] usbserial: USB Serial support registered for qcaux
[    6.202479][    T1] usbcore: registered new interface driver qcserial
[    6.203514][    T1] usbserial: USB Serial support registered for Qualcomm USB modem
[    6.204865][    T1] usbcore: registered new interface driver quatech2
[    6.205484][    T1] usbserial: USB Serial support registered for Quatech 2nd gen USB to Serial Driver
[    6.206317][    T1] usbcore: registered new interface driver safe_serial
[    6.207012][    T1] usbserial: USB Serial support registered for safe_serial
[    6.207714][    T1] usbcore: registered new interface driver sierra
[    6.208336][    T1] usbserial: USB Serial support registered for Sierra USB modem
[    6.209078][    T1] usbcore: registered new interface driver usb_serial_simple
[    6.209775][    T1] usbserial: USB Serial support registered for carelink
[    6.210434][    T1] usbserial: USB Serial support registered for zio
[    6.211068][    T1] usbserial: USB Serial support registered for funsoft
[    6.211746][    T1] usbserial: USB Serial support registered for flashloader
[    6.213624][    T1] usbserial: USB Serial support registered for google
[    6.214370][    T1] usbserial: USB Serial support registered for libtransistor
[    6.215040][    T1] usbserial: USB Serial support registered for vivopay
[    6.215696][    T1] usbserial: USB Serial support registered for moto_modem
[    6.216367][    T1] usbserial: USB Serial support registered for motorola_tetra
[    6.217072][    T1] usbserial: USB Serial support registered for novatel_gps
[    6.217758][    T1] usbserial: USB Serial support registered for hp4x
[    6.218400][    T1] usbserial: USB Serial support registered for suunto
[    6.219053][    T1] usbserial: USB Serial support registered for siemens_mpi
[    6.219753][    T1] usbcore: registered new interface driver spcp8x5
[    6.220387][    T1] usbserial: USB Serial support registered for SPCP8x5
[    6.221356][    T1] usbcore: registered new interface driver ssu100
[    6.222155][    T1] usbserial: USB Serial support registered for Quatech SSU-100 USB to Serial Driver
[    6.223872][    T1] usbcore: registered new interface driver symbolserial
[    6.225278][    T1] usbserial: USB Serial support registered for symbol
[    6.225920][    T1] usbcore: registered new interface driver ti_usb_3410_5052
[    6.226616][    T1] usbserial: USB Serial support registered for TI USB 3410 1 port adapter
[    6.227394][    T1] usbserial: USB Serial support registered for TI USB 5052 2 port adapter
[    6.228419][    T1] usbcore: registered new interface driver upd78f0730
[    6.229322][    T1] usbserial: USB Serial support registered for upd78f0730
[    6.230120][    T1] usbcore: registered new interface driver visor
[    6.230814][    T1] usbserial: USB Serial support registered for Handspring Visor / Palm OS
[    6.231682][    T1] usbserial: USB Serial support registered for Sony Clie 5.0
[    6.233671][    T1] usbserial: USB Serial support registered for Sony Clie 3.5
[    6.234561][    T1] usbcore: registered new interface driver wishbone_serial
[    6.235258][    T1] usbserial: USB Serial support registered for wishbone_serial
[    6.236051][    T1] usbcore: registered new interface driver whiteheat
[    6.236753][    T1] usbserial: USB Serial support registered for Connect Tech - WhiteHEAT - (prerenumeration)
[    6.237749][    T1] usbserial: USB Serial support registered for Connect Tech - WhiteHEAT
[    6.238525][    T1] usbcore: registered new interface driver xsens_mt
[    6.239155][    T1] usbserial: USB Serial support registered for xsens_mt
[    6.239829][    T1] usbcore: registered new interface driver adutux
[    6.240474][    T1] usbcore: registered new interface driver appledisplay
[    6.241350][    T1] usbcore: registered new interface driver cypress_cy7c63
[    6.242300][    T1] usbcore: registered new interface driver cytherm
[    6.243135][    T1] usbcore: registered new interface driver emi26 - firmware loader
[    6.244804][    T1] usbcore: registered new interface driver emi62 - firmware loader
[    6.245553][    T1] usbcore: registered new interface driver idmouse
[    6.246169][    T1] usbcore: registered new interface driver iowarrior
[    6.246836][    T1] usbcore: registered new interface driver isight_firmware
[    6.247547][    T1] usbcore: registered new interface driver usblcd
[    6.248193][    T1] usbcore: registered new interface driver ldusb
[    6.248830][    T1] usbcore: registered new interface driver legousbtower
[    6.249556][    T1] usbcore: registered new interface driver usbtest
[    6.250206][    T1] usbcore: registered new interface driver usb_ehset_test
[    6.250898][    T1] usbcore: registered new interface driver trancevibrator
[    6.251591][    T1] usbcore: registered new interface driver uss720
[    6.252077][    T1] uss720: USB Parport Cable driver for Cables using the Lucent Technologies USS720 Chip
[    6.252808][    T1] uss720: NOTE: this is a special purpose driver to allow nonstandard
[    6.253419][    T1] uss720: protocols (eg. bitbang) over USS720 usb to parallel cables
[    6.255276][    T1] uss720: If you just want to connect to a printer, use usblp instead
[    6.256048][    T1] usbcore: registered new interface driver usbsevseg
[    6.256670][    T1] usbcore: registered new interface driver yurex
[    6.257854][    T1] usbcore: registered new interface driver chaoskey
[    6.258689][    T1] usbcore: registered new interface driver sisusb
[    6.259619][    T1] usbcore: registered new interface driver lvs
[    6.260338][    T1] usbcore: registered new interface driver cxacru
[    6.261078][    T1] usbcore: registered new interface driver speedtch
[    6.261809][    T1] usbcore: registered new interface driver ueagle-atm
[    6.262371][    T1] xusbatm: malformed module parameters
[    6.266505][    T1] dummy_hcd dummy_hcd.0: USB Host+Gadget Emulator, driver 02 May 2005
[    6.267261][    T1] dummy_hcd dummy_hcd.0: Dummy host controller
[    6.268676][    T1] dummy_hcd dummy_hcd.0: new USB bus registered, assigned bus number 1
[    6.270687][    T1] usb usb1: New USB device found, idVendor=1d6b, idProduct=0002, bcdDevice= 5.06
[    6.271499][    T1] usb usb1: New USB device strings: Mfr=3, Product=2, SerialNumber=1
[    6.272169][    T1] usb usb1: Product: Dummy host controller
[    6.272662][    T1] usb usb1: Manufacturer: Linux 5.6.0-rc5-1a0808cb9e41-00026-g1a0808cb9e41 dummy_hcd
[    6.273439][    T1] usb usb1: SerialNumber: dummy_hcd.0
[    6.276388][    T1] hub 1-0:1.0: USB hub found
[    6.277019][    T1] hub 1-0:1.0: 1 port detected
[    6.279301][    T1] dummy_hcd dummy_hcd.1: USB Host+Gadget Emulator, driver 02 May 2005
[    6.280020][    T1] dummy_hcd dummy_hcd.1: Dummy host controller
[    6.280983][    T1] dummy_hcd dummy_hcd.1: new USB bus registered, assigned bus number 2
[    6.282055][    T1] usb usb2: New USB device found, idVendor=1d6b, idProduct=0002, bcdDevice= 5.06
[    6.282812][    T1] usb usb2: New USB device strings: Mfr=3, Product=2, SerialNumber=1
[    6.283475][    T1] usb usb2: Product: Dummy host controller
[    6.283960][    T1] usb usb2: Manufacturer: Linux 5.6.0-rc5-1a0808cb9e41-00026-g1a0808cb9e41 dummy_hcd
[    6.284811][    T1] usb usb2: SerialNumber: dummy_hcd.1
[    6.286415][    T1] hub 2-0:1.0: USB hub found
[    6.286909][    T1] hub 2-0:1.0: 1 port detected
[    6.288685][    T1] dummy_hcd dummy_hcd.2: USB Host+Gadget Emulator, driver 02 May 2005
[    6.289594][    T1] dummy_hcd dummy_hcd.2: Dummy host controller
[    6.290657][    T1] dummy_hcd dummy_hcd.2: new USB bus registered, assigned bus number 3
[    6.291799][    T1] usb usb3: New USB device found, idVendor=1d6b, idProduct=0002, bcdDevice= 5.06
[    6.292586][    T1] usb usb3: New USB device strings: Mfr=3, Product=2, SerialNumber=1
[    6.293270][    T1] usb usb3: Product: Dummy host controller
[    6.293777][    T1] usb usb3: Manufacturer: Linux 5.6.0-rc5-1a0808cb9e41-00026-g1a0808cb9e41 dummy_hcd
[    6.296582][    T1] usb usb3: SerialNumber: dummy_hcd.2
[    6.298004][    T1] hub 3-0:1.0: USB hub found
[    6.298497][    T1] hub 3-0:1.0: 1 port detected
[    6.300206][    T1] dummy_hcd dummy_hcd.3: USB Host+Gadget Emulator, driver 02 May 2005
[    6.300852][    T1] dummy_hcd dummy_hcd.3: Dummy host controller
[    6.301663][    T1] dummy_hcd dummy_hcd.3: new USB bus registered, assigned bus number 4
[    6.302668][    T1] usb usb4: New USB device found, idVendor=1d6b, idProduct=0002, bcdDevice= 5.06
[    6.303359][    T1] usb usb4: New USB device strings: Mfr=3, Product=2, SerialNumber=1
[    6.303973][    T1] usb usb4: Product: Dummy host controller
[    6.305576][    T1] usb usb4: Manufacturer: Linux 5.6.0-rc5-1a0808cb9e41-00026-g1a0808cb9e41 dummy_hcd
[    6.306301][    T1] usb usb4: SerialNumber: dummy_hcd.3
[    6.307562][    T1] hub 4-0:1.0: USB hub found
[    6.308001][    T1] hub 4-0:1.0: 1 port detected
[    6.309660][    T1] dummy_hcd dummy_hcd.4: USB Host+Gadget Emulator, driver 02 May 2005
[    6.310301][    T1] dummy_hcd dummy_hcd.4: Dummy host controller
[    6.311126][    T1] dummy_hcd dummy_hcd.4: new USB bus registered, assigned bus number 5
[    6.312131][    T1] usb usb5: New USB device found, idVendor=1d6b, idProduct=0002, bcdDevice= 5.06
[    6.312829][    T1] usb usb5: New USB device strings: Mfr=3, Product=2, SerialNumber=1
[    6.313435][    T1] usb usb5: Product: Dummy host controller
[    6.313876][    T1] usb usb5: Manufacturer: Linux 5.6.0-rc5-1a0808cb9e41-00026-g1a0808cb9e41 dummy_hcd
[    6.315437][    T1] usb usb5: SerialNumber: dummy_hcd.4
[    6.316726][    T1] hub 5-0:1.0: USB hub found
[    6.317164][    T1] hub 5-0:1.0: 1 port detected
[    6.318799][    T1] dummy_hcd dummy_hcd.5: USB Host+Gadget Emulator, driver 02 May 2005
[    6.319637][    T1] dummy_hcd dummy_hcd.5: Dummy host controller
[    6.320792][    T1] dummy_hcd dummy_hcd.5: new USB bus registered, assigned bus number 6
[    6.321930][    T1] usb usb6: New USB device found, idVendor=1d6b, idProduct=0002, bcdDevice= 5.06
[    6.322711][    T1] usb usb6: New USB device strings: Mfr=3, Product=2, SerialNumber=1
[    6.323384][    T1] usb usb6: Product: Dummy host controller
[    6.323868][    T1] usb usb6: Manufacturer: Linux 5.6.0-rc5-1a0808cb9e41-00026-g1a0808cb9e41 dummy_hcd
[    6.324717][    T1] usb usb6: SerialNumber: dummy_hcd.5
[    6.326211][    T1] hub 6-0:1.0: USB hub found
[    6.326708][    T1] hub 6-0:1.0: 1 port detected
[    6.328450][    T1] dummy_hcd dummy_hcd.6: USB Host+Gadget Emulator, driver 02 May 2005
[    6.329129][    T1] dummy_hcd dummy_hcd.6: Dummy host controller
[    6.329937][    T1] dummy_hcd dummy_hcd.6: new USB bus registered, assigned bus number 7
[    6.330939][    T1] usb usb7: New USB device found, idVendor=1d6b, idProduct=0002, bcdDevice= 5.06
[    6.331630][    T1] usb usb7: New USB device strings: Mfr=3, Product=2, SerialNumber=1
[    6.332237][    T1] usb usb7: Product: Dummy host controller
[    6.332680][    T1] usb usb7: Manufacturer: Linux 5.6.0-rc5-1a0808cb9e41-00026-g1a0808cb9e41 dummy_hcd
[    6.333392][    T1] usb usb7: SerialNumber: dummy_hcd.6
[    6.335564][    T1] hub 7-0:1.0: USB hub found
[    6.336007][    T1] hub 7-0:1.0: 1 port detected
[    6.337665][    T1] dummy_hcd dummy_hcd.7: USB Host+Gadget Emulator, driver 02 May 2005
[    6.338312][    T1] dummy_hcd dummy_hcd.7: Dummy host controller
[    6.339121][    T1] dummy_hcd dummy_hcd.7: new USB bus registered, assigned bus number 8
[    6.340119][    T1] usb usb8: New USB device found, idVendor=1d6b, idProduct=0002, bcdDevice= 5.06
[    6.340811][    T1] usb usb8: New USB device strings: Mfr=3, Product=2, SerialNumber=1
[    6.341419][    T1] usb usb8: Product: Dummy host controller
[    6.341862][    T1] usb usb8: Manufacturer: Linux 5.6.0-rc5-1a0808cb9e41-00026-g1a0808cb9e41 dummy_hcd
[    6.342574][    T1] usb usb8: SerialNumber: dummy_hcd.7
[    6.344656][    T1] hub 8-0:1.0: USB hub found
[    6.345101][    T1] hub 8-0:1.0: 1 port detected
[    6.356537][    T1] gadgetfs: USB Gadget filesystem, version 24 Aug 2004
[    6.371743][    T1] vhci_hcd vhci_hcd.0: USB/IP Virtual Host Controller
[    6.372709][    T1] vhci_hcd vhci_hcd.0: new USB bus registered, assigned bus number 9
[    6.373501][    T1] vhci_hcd: created sysfs vhci_hcd.0
[    6.374444][    T1] usb usb9: New USB device found, idVendor=1d6b, idProduct=0002, bcdDevice= 5.06
[    6.375139][    T1] usb usb9: New USB device strings: Mfr=3, Product=2, SerialNumber=1
[    6.375750][    T1] usb usb9: Product: USB/IP Virtual Host Controller
[    6.376246][    T1] usb usb9: Manufacturer: Linux 5.6.0-rc5-1a0808cb9e41-00026-g1a0808cb9e41 vhci_hcd
[    6.376953][    T1] usb usb9: SerialNumber: vhci_hcd.0
[    6.378334][    T1] hub 9-0:1.0: USB hub found
[    6.378842][    T1] hub 9-0:1.0: 8 ports detected
[    6.382778][    T1] vhci_hcd vhci_hcd.0: USB/IP Virtual Host Controller
[    6.383750][    T1] vhci_hcd vhci_hcd.0: new USB bus registered, assigned bus number 10
[    6.384701][    T1] usb usb10: We don't know the algorithms for LPM for this host, disabling LPM.
[    6.385851][    T1] usb usb10: New USB device found, idVendor=1d6b, idProduct=0003, bcdDevice= 5.06
[    6.386613][    T1] usb usb10: New USB device strings: Mfr=3, Product=2, SerialNumber=1
[    6.387287][    T1] usb usb10: Product: USB/IP Virtual Host Controller
[    6.387848][    T1] usb usb10: Manufacturer: Linux 5.6.0-rc5-1a0808cb9e41-00026-g1a0808cb9e41 vhci_hcd
[    6.388629][    T1] usb usb10: SerialNumber: vhci_hcd.0
[    6.390348][    T1] hub 10-0:1.0: USB hub found
[    6.390873][    T1] hub 10-0:1.0: 8 ports detected
[    6.394546][    T1] vhci_hcd vhci_hcd.1: USB/IP Virtual Host Controller
[    6.395508][    T1] vhci_hcd vhci_hcd.1: new USB bus registered, assigned bus number 11
[    6.396611][    T1] usb usb11: New USB device found, idVendor=1d6b, idProduct=0002, bcdDevice= 5.06
[    6.397306][    T1] usb usb11: New USB device strings: Mfr=3, Product=2, SerialNumber=1
[    6.397964][    T1] usb usb11: Product: USB/IP Virtual Host Controller
[    6.398516][    T1] usb usb11: Manufacturer: Linux 5.6.0-rc5-1a0808cb9e41-00026-g1a0808cb9e41 vhci_hcd
[    6.399256][    T1] usb usb11: SerialNumber: vhci_hcd.1
[    6.401068][    T1] hub 11-0:1.0: USB hub found
[    6.401664][    T1] hub 11-0:1.0: 8 ports detected
[    6.406860][    T1] vhci_hcd vhci_hcd.1: USB/IP Virtual Host Controller
[    6.407753][    T1] vhci_hcd vhci_hcd.1: new USB bus registered, assigned bus number 12
[    6.408527][    T1] usb usb12: We don't know the algorithms for LPM for this host, disabling LPM.
[    6.409650][    T1] usb usb12: New USB device found, idVendor=1d6b, idProduct=0003, bcdDevice= 5.06
[    6.410347][    T1] usb usb12: New USB device strings: Mfr=3, Product=2, SerialNumber=1
[    6.411002][    T1] usb usb12: Product: USB/IP Virtual Host Controller
[    6.411687][    T1] usb usb12: Manufacturer: Linux 5.6.0-rc5-1a0808cb9e41-00026-g1a0808cb9e41 vhci_hcd
[    6.412660][    T1] usb usb12: SerialNumber: vhci_hcd.1
[    6.414401][    T1] hub 12-0:1.0: USB hub found
[    6.414908][    T1] hub 12-0:1.0: 8 ports detected
[    6.418634][    T1] vhci_hcd vhci_hcd.2: USB/IP Virtual Host Controller
[    6.419642][    T1] vhci_hcd vhci_hcd.2: new USB bus registered, assigned bus number 13
[    6.420924][    T1] usb usb13: New USB device found, idVendor=1d6b, idProduct=0002, bcdDevice= 5.06
[    6.421629][    T1] usb usb13: New USB device strings: Mfr=3, Product=2, SerialNumber=1
[    6.422247][    T1] usb usb13: Product: USB/IP Virtual Host Controller
[    6.422761][    T1] usb usb13: Manufacturer: Linux 5.6.0-rc5-1a0808cb9e41-00026-g1a0808cb9e41 vhci_hcd
[    6.423473][    T1] usb usb13: SerialNumber: vhci_hcd.2
[    6.425413][    T1] hub 13-0:1.0: USB hub found
[    6.425868][    T1] hub 13-0:1.0: 8 ports detected
[    6.428627][    T1] vhci_hcd vhci_hcd.2: USB/IP Virtual Host Controller
[    6.429528][    T1] vhci_hcd vhci_hcd.2: new USB bus registered, assigned bus number 14
[    6.430384][    T1] usb usb14: We don't know the algorithms for LPM for this host, disabling LPM.
[    6.431595][    T1] usb usb14: New USB device found, idVendor=1d6b, idProduct=0003, bcdDevice= 5.06
[    6.432298][    T1] usb usb14: New USB device strings: Mfr=3, Product=2, SerialNumber=1
[    6.432915][    T1] usb usb14: Product: USB/IP Virtual Host Controller
[    6.433420][    T1] usb usb14: Manufacturer: Linux 5.6.0-rc5-1a0808cb9e41-00026-g1a0808cb9e41 vhci_hcd
[    6.434475][    T1] usb usb14: SerialNumber: vhci_hcd.2
[    6.435965][    T1] hub 14-0:1.0: USB hub found
[    6.436415][    T1] hub 14-0:1.0: 8 ports detected
[    6.439776][    T1] vhci_hcd vhci_hcd.3: USB/IP Virtual Host Controller
[    6.440699][    T1] vhci_hcd vhci_hcd.3: new USB bus registered, assigned bus number 15
[    6.441867][    T1] usb usb15: New USB device found, idVendor=1d6b, idProduct=0002, bcdDevice= 5.06
[    6.442576][    T1] usb usb15: New USB device strings: Mfr=3, Product=2, SerialNumber=1
[    6.443423][    T1] usb usb15: Product: USB/IP Virtual Host Controller
[    6.444211][    T1] usb usb15: Manufacturer: Linux 5.6.0-rc5-1a0808cb9e41-00026-g1a0808cb9e41 vhci_hcd
[    6.445024][    T1] usb usb15: SerialNumber: vhci_hcd.3
[    6.446459][    T1] hub 15-0:1.0: USB hub found
[    6.446980][    T1] hub 15-0:1.0: 8 ports detected
[    6.449974][    T1] vhci_hcd vhci_hcd.3: USB/IP Virtual Host Controller
[    6.450921][    T1] vhci_hcd vhci_hcd.3: new USB bus registered, assigned bus number 16
[    6.451787][    T1] usb usb16: We don't know the algorithms for LPM for this host, disabling LPM.
[    6.452990][    T1] usb usb16: New USB device found, idVendor=1d6b, idProduct=0003, bcdDevice= 5.06
[    6.453691][    T1] usb usb16: New USB device strings: Mfr=3, Product=2, SerialNumber=1
[    6.454608][    T1] usb usb16: Product: USB/IP Virtual Host Controller
[    6.455120][    T1] usb usb16: Manufacturer: Linux 5.6.0-rc5-1a0808cb9e41-00026-g1a0808cb9e41 vhci_hcd
[    6.455835][    T1] usb usb16: SerialNumber: vhci_hcd.3
[    6.457090][    T1] hub 16-0:1.0: USB hub found
[    6.457544][    T1] hub 16-0:1.0: 8 ports detected
[    6.460897][    T1] vhci_hcd vhci_hcd.4: USB/IP Virtual Host Controller
[    6.461812][    T1] vhci_hcd vhci_hcd.4: new USB bus registered, assigned bus number 17
[    6.462993][    T1] usb usb17: New USB device found, idVendor=1d6b, idProduct=0002, bcdDevice= 5.06
[    6.463701][    T1] usb usb17: New USB device strings: Mfr=3, Product=2, SerialNumber=1
[    6.464739][    T1] usb usb17: Product: USB/IP Virtual Host Controller
[    6.465256][    T1] usb usb17: Manufacturer: Linux 5.6.0-rc5-1a0808cb9e41-00026-g1a0808cb9e41 vhci_hcd
[    6.465973][    T1] usb usb17: SerialNumber: vhci_hcd.4
[    6.467226][    T1] hub 17-0:1.0: USB hub found
[    6.467678][    T1] hub 17-0:1.0: 8 ports detected
[    6.470428][    T1] vhci_hcd vhci_hcd.4: USB/IP Virtual Host Controller
[    6.471323][    T1] vhci_hcd vhci_hcd.4: new USB bus registered, assigned bus number 18
[    6.472185][    T1] usb usb18: We don't know the algorithms for LPM for this host, disabling LPM.
[    6.473614][    T1] usb usb18: New USB device found, idVendor=1d6b, idProduct=0003, bcdDevice= 5.06
[    6.475491][    T1] usb usb18: New USB device strings: Mfr=3, Product=2, SerialNumber=1
[    6.476193][    T1] usb usb18: Product: USB/IP Virtual Host Controller
[    6.476770][    T1] usb usb18: Manufacturer: Linux 5.6.0-rc5-1a0808cb9e41-00026-g1a0808cb9e41 vhci_hcd
[    6.477549][    T1] usb usb18: SerialNumber: vhci_hcd.4
[    6.478928][    T1] hub 18-0:1.0: USB hub found
[    6.479424][    T1] hub 18-0:1.0: 8 ports detected
[    6.483102][    T1] vhci_hcd vhci_hcd.5: USB/IP Virtual Host Controller
[    6.484066][    T1] vhci_hcd vhci_hcd.5: new USB bus registered, assigned bus number 19
[    6.485075][    T1] usb usb19: New USB device found, idVendor=1d6b, idProduct=0002, bcdDevice= 5.06
[    6.485775][    T1] usb usb19: New USB device strings: Mfr=3, Product=2, SerialNumber=1
[    6.486387][    T1] usb usb19: Product: USB/IP Virtual Host Controller
[    6.486898][    T1] usb usb19: Manufacturer: Linux 5.6.0-rc5-1a0808cb9e41-00026-g1a0808cb9e41 vhci_hcd
[    6.487615][    T1] usb usb19: SerialNumber: vhci_hcd.5
[    6.489007][    T1] hub 19-0:1.0: USB hub found
[    6.489464][    T1] hub 19-0:1.0: 8 ports detected
[    6.492223][    T1] vhci_hcd vhci_hcd.5: USB/IP Virtual Host Controller
[    6.493186][    T1] vhci_hcd vhci_hcd.5: new USB bus registered, assigned bus number 20
[    6.494869][    T1] usb usb20: We don't know the algorithms for LPM for this host, disabling LPM.
[    6.496090][    T1] usb usb20: New USB device found, idVendor=1d6b, idProduct=0003, bcdDevice= 5.06
[    6.496798][    T1] usb usb20: New USB device strings: Mfr=3, Product=2, SerialNumber=1
[    6.497418][    T1] usb usb20: Product: USB/IP Virtual Host Controller
[    6.497930][    T1] usb usb20: Manufacturer: Linux 5.6.0-rc5-1a0808cb9e41-00026-g1a0808cb9e41 vhci_hcd
[    6.498650][    T1] usb usb20: SerialNumber: vhci_hcd.5
[    6.500107][    T1] hub 20-0:1.0: USB hub found
[    6.500568][    T1] hub 20-0:1.0: 8 ports detected
[    6.504306][    T1] vhci_hcd vhci_hcd.6: USB/IP Virtual Host Controller
[    6.505818][    T1] vhci_hcd vhci_hcd.6: new USB bus registered, assigned bus number 21
[    6.507726][    T1] usb usb21: New USB device found, idVendor=1d6b, idProduct=0002, bcdDevice= 5.06
[    6.508496][    T1] usb usb21: New USB device strings: Mfr=3, Product=2, SerialNumber=1
[    6.509174][    T1] usb usb21: Product: USB/IP Virtual Host Controller
[    6.509728][    T1] usb usb21: Manufacturer: Linux 5.6.0-rc5-1a0808cb9e41-00026-g1a0808cb9e41 vhci_hcd
[    6.510442][    T1] usb usb21: SerialNumber: vhci_hcd.6
[    6.511888][    T1] hub 21-0:1.0: USB hub found
[    6.512340][    T1] hub 21-0:1.0: 8 ports detected
[    6.516305][    T1] vhci_hcd vhci_hcd.6: USB/IP Virtual Host Controller
[    6.517274][    T1] vhci_hcd vhci_hcd.6: new USB bus registered, assigned bus number 22
[    6.518051][    T1] usb usb22: We don't know the algorithms for LPM for this host, disabling LPM.
[    6.519256][    T1] usb usb22: New USB device found, idVendor=1d6b, idProduct=0003, bcdDevice= 5.06
[    6.519957][    T1] usb usb22: New USB device strings: Mfr=3, Product=2, SerialNumber=1
[    6.520573][    T1] usb usb22: Product: USB/IP Virtual Host Controller
[    6.521071][    T1] usb usb22: Manufacturer: Linux 5.6.0-rc5-1a0808cb9e41-00026-g1a0808cb9e41 vhci_hcd
[    6.521789][    T1] usb usb22: SerialNumber: vhci_hcd.6
[    6.523177][    T1] hub 22-0:1.0: USB hub found
[    6.523632][    T1] hub 22-0:1.0: 8 ports detected
[    6.527152][    T1] vhci_hcd vhci_hcd.7: USB/IP Virtual Host Controller
[    6.528092][    T1] vhci_hcd vhci_hcd.7: new USB bus registered, assigned bus number 23
[    6.529104][    T1] usb usb23: New USB device found, idVendor=1d6b, idProduct=0002, bcdDevice= 5.06
[    6.529804][    T1] usb usb23: New USB device strings: Mfr=3, Product=2, SerialNumber=1
[    6.530418][    T1] usb usb23: Product: USB/IP Virtual Host Controller
[    6.530916][    T1] usb usb23: Manufacturer: Linux 5.6.0-rc5-1a0808cb9e41-00026-g1a0808cb9e41 vhci_hcd
[    6.531634][    T1] usb usb23: SerialNumber: vhci_hcd.7
[    6.532932][    T1] hub 23-0:1.0: USB hub found
[    6.533391][    T1] hub 23-0:1.0: 8 ports detected
[    6.538362][    T1] vhci_hcd vhci_hcd.7: USB/IP Virtual Host Controller
[    6.539310][    T1] vhci_hcd vhci_hcd.7: new USB bus registered, assigned bus number 24
[    6.540128][    T1] usb usb24: We don't know the algorithms for LPM for this host, disabling LPM.
[    6.541127][    T1] usb usb24: New USB device found, idVendor=1d6b, idProduct=0003, bcdDevice= 5.06
[    6.541898][    T1] usb usb24: New USB device strings: Mfr=3, Product=2, SerialNumber=1
[    6.542569][    T1] usb usb24: Product: USB/IP Virtual Host Controller
[    6.543072][    T1] usb usb24: Manufacturer: Linux 5.6.0-rc5-1a0808cb9e41-00026-g1a0808cb9e41 vhci_hcd
[    6.543786][    T1] usb usb24: SerialNumber: vhci_hcd.7
[    6.546001][    T1] hub 24-0:1.0: USB hub found
[    6.546446][    T1] hub 24-0:1.0: 8 ports detected
[    6.549797][    T1] vhci_hcd vhci_hcd.8: USB/IP Virtual Host Controller
[    6.550726][    T1] vhci_hcd vhci_hcd.8: new USB bus registered, assigned bus number 25
[    6.551903][    T1] usb usb25: New USB device found, idVendor=1d6b, idProduct=0002, bcdDevice= 5.06
[    6.552608][    T1] usb usb25: New USB device strings: Mfr=3, Product=2, SerialNumber=1
[    6.553225][    T1] usb usb25: Product: USB/IP Virtual Host Controller
[    6.553731][    T1] usb usb25: Manufacturer: Linux 5.6.0-rc5-1a0808cb9e41-00026-g1a0808cb9e41 vhci_hcd
[    6.555909][    T1] usb usb25: SerialNumber: vhci_hcd.8
[    6.557160][    T1] hub 25-0:1.0: USB hub found
[    6.557614][    T1] hub 25-0:1.0: 8 ports detected
[    6.560358][    T1] vhci_hcd vhci_hcd.8: USB/IP Virtual Host Controller
[    6.561253][    T1] vhci_hcd vhci_hcd.8: new USB bus registered, assigned bus number 26
[    6.562158][    T1] usb usb26: We don't know the algorithms for LPM for this host, disabling LPM.
[    6.563381][    T1] usb usb26: New USB device found, idVendor=1d6b, idProduct=0003, bcdDevice= 5.06
[    6.564874][    T1] usb usb26: New USB device strings: Mfr=3, Product=2, SerialNumber=1
[    6.565501][    T1] usb usb26: Product: USB/IP Virtual Host Controller
[    6.566021][    T1] usb usb26: Manufacturer: Linux 5.6.0-rc5-1a0808cb9e41-00026-g1a0808cb9e41 vhci_hcd
[    6.567093][    T1] usb usb26: SerialNumber: vhci_hcd.8
[    6.568556][    T1] hub 26-0:1.0: USB hub found
[    6.569060][    T1] hub 26-0:1.0: 8 ports detected
[    6.572882][    T1] vhci_hcd vhci_hcd.9: USB/IP Virtual Host Controller
[    6.573894][    T1] vhci_hcd vhci_hcd.9: new USB bus registered, assigned bus number 27
[    6.575279][    T1] usb usb27: New USB device found, idVendor=1d6b, idProduct=0002, bcdDevice= 5.06
[    6.576060][    T1] usb usb27: New USB device strings: Mfr=3, Product=2, SerialNumber=1
[    6.576707][    T1] usb usb27: Product: USB/IP Virtual Host Controller
[    6.577210][    T1] usb usb27: Manufacturer: Linux 5.6.0-rc5-1a0808cb9e41-00026-g1a0808cb9e41 vhci_hcd
[    6.577916][    T1] usb usb27: SerialNumber: vhci_hcd.9
[    6.579285][    T1] hub 27-0:1.0: USB hub found
[    6.579747][    T1] hub 27-0:1.0: 8 ports detected
[    6.582544][    T1] vhci_hcd vhci_hcd.9: USB/IP Virtual Host Controller
[    6.583444][    T1] vhci_hcd vhci_hcd.9: new USB bus registered, assigned bus number 28
[    6.585532][    T1] usb usb28: We don't know the algorithms for LPM for this host, disabling LPM.
[    6.586742][    T1] usb usb28: New USB device found, idVendor=1d6b, idProduct=0003, bcdDevice= 5.06
[    6.587444][    T1] usb usb28: New USB device strings: Mfr=3, Product=2, SerialNumber=1
[    6.588063][    T1] usb usb28: Product: USB/IP Virtual Host Controller
[    6.588570][    T1] usb usb28: Manufacturer: Linux 5.6.0-rc5-1a0808cb9e41-00026-g1a0808cb9e41 vhci_hcd
[    6.589282][    T1] usb usb28: SerialNumber: vhci_hcd.9
[    6.590832][    T1] hub 28-0:1.0: USB hub found
[    6.591284][    T1] hub 28-0:1.0: 8 ports detected
[    6.594710][    T1] vhci_hcd vhci_hcd.10: USB/IP Virtual Host Controller
[    6.595566][    T1] vhci_hcd vhci_hcd.10: new USB bus registered, assigned bus number 29
[    6.596646][    T1] usb usb29: New USB device found, idVendor=1d6b, idProduct=0002, bcdDevice= 5.06
[    6.597409][    T1] usb usb29: New USB device strings: Mfr=3, Product=2, SerialNumber=1
[    6.598356][    T1] usb usb29: Product: USB/IP Virtual Host Controller
[    6.599152][    T1] usb usb29: Manufacturer: Linux 5.6.0-rc5-1a0808cb9e41-00026-g1a0808cb9e41 vhci_hcd
[    6.600184][    T1] usb usb29: SerialNumber: vhci_hcd.10
[    6.601924][    T1] hub 29-0:1.0: USB hub found
[    6.602570][    T1] hub 29-0:1.0: 8 ports detected
[    6.607420][    T1] vhci_hcd vhci_hcd.10: USB/IP Virtual Host Controller
[    6.608471][    T1] vhci_hcd vhci_hcd.10: new USB bus registered, assigned bus number 30
[    6.609456][    T1] usb usb30: We don't know the algorithms for LPM for this host, disabling LPM.
[    6.610750][    T1] usb usb30: New USB device found, idVendor=1d6b, idProduct=0003, bcdDevice= 5.06
[    6.611650][    T1] usb usb30: New USB device strings: Mfr=3, Product=2, SerialNumber=1
[    6.612440][    T1] usb usb30: Product: USB/IP Virtual Host Controller
[    6.613087][    T1] usb usb30: Manufacturer: Linux 5.6.0-rc5-1a0808cb9e41-00026-g1a0808cb9e41 vhci_hcd
[    6.614138][    T1] usb usb30: SerialNumber: vhci_hcd.10
[    6.615465][    T1] hub 30-0:1.0: USB hub found
[    6.615929][    T1] hub 30-0:1.0: 8 ports detected
[    6.619308][    T1] vhci_hcd vhci_hcd.11: USB/IP Virtual Host Controller
[    6.620159][    T1] vhci_hcd vhci_hcd.11: new USB bus registered, assigned bus number 31
[    6.621348][    T1] usb usb31: New USB device found, idVendor=1d6b, idProduct=0002, bcdDevice= 5.06
[    6.622242][    T1] usb usb31: New USB device strings: Mfr=3, Product=2, SerialNumber=1
[    6.623032][    T1] usb usb31: Product: USB/IP Virtual Host Controller
[    6.623685][    T1] usb usb31: Manufacturer: Linux 5.6.0-rc5-1a0808cb9e41-00026-g1a0808cb9e41 vhci_hcd
[    6.625377][    T1] usb usb31: SerialNumber: vhci_hcd.11
[    6.626772][    T1] hub 31-0:1.0: USB hub found
[    6.627321][    T1] hub 31-0:1.0: 8 ports detected
[    6.630829][    T1] vhci_hcd vhci_hcd.11: USB/IP Virtual Host Controller
[    6.632029][    T1] vhci_hcd vhci_hcd.11: new USB bus registered, assigned bus number 32
[    6.633052][    T1] usb usb32: We don't know the algorithms for LPM for this host, disabling LPM.
[    6.634670][    T1] usb usb32: New USB device found, idVendor=1d6b, idProduct=0003, bcdDevice= 5.06
[    6.635662][    T1] usb usb32: New USB device strings: Mfr=3, Product=2, SerialNumber=1
[    6.636497][    T1] usb usb32: Product: USB/IP Virtual Host Controller
[    6.637147][    T1] usb usb32: Manufacturer: Linux 5.6.0-rc5-1a0808cb9e41-00026-g1a0808cb9e41 vhci_hcd
[    6.638067][    T1] usb usb32: SerialNumber: vhci_hcd.11
[    6.639603][    T1] hub 32-0:1.0: USB hub found
[    6.640149][    T1] hub 32-0:1.0: 8 ports detected
[    6.643816][    T1] vhci_hcd vhci_hcd.12: USB/IP Virtual Host Controller
[    6.645086][    T1] vhci_hcd vhci_hcd.12: new USB bus registered, assigned bus number 33
[    6.646107][    T1] usb usb33: New USB device found, idVendor=1d6b, idProduct=0002, bcdDevice= 5.06
[    6.646811][    T1] usb usb33: New USB device strings: Mfr=3, Product=2, SerialNumber=1
[    6.647426][    T1] usb usb33: Product: USB/IP Virtual Host Controller
[    6.647938][    T1] usb usb33: Manufacturer: Linux 5.6.0-rc5-1a0808cb9e41-00026-g1a0808cb9e41 vhci_hcd
[    6.648654][    T1] usb usb33: SerialNumber: vhci_hcd.12
[    6.650197][    T1] hub 33-0:1.0: USB hub found
[    6.650662][    T1] hub 33-0:1.0: 8 ports detected
[    6.653410][    T1] vhci_hcd vhci_hcd.12: USB/IP Virtual Host Controller
[    6.654467][    T1] vhci_hcd vhci_hcd.12: new USB bus registered, assigned bus number 34
[    6.655259][    T1] usb usb34: We don't know the algorithms for LPM for this host, disabling LPM.
[    6.656468][    T1] usb usb34: New USB device found, idVendor=1d6b, idProduct=0003, bcdDevice= 5.06
[    6.657181][    T1] usb usb34: New USB device strings: Mfr=3, Product=2, SerialNumber=1
[    6.657808][    T1] usb usb34: Product: USB/IP Virtual Host Controller
[    6.658344][    T1] usb usb34: Manufacturer: Linux 5.6.0-rc5-1a0808cb9e41-00026-g1a0808cb9e41 vhci_hcd
[    6.659413][    T1] usb usb34: SerialNumber: vhci_hcd.12
[    6.661023][    T1] hub 34-0:1.0: USB hub found
[    6.661533][    T1] hub 34-0:1.0: 8 ports detected
[    6.665117][    T1] vhci_hcd vhci_hcd.13: USB/IP Virtual Host Controller
[    6.666106][    T1] vhci_hcd vhci_hcd.13: new USB bus registered, assigned bus number 35
[    6.667295][    T1] usb usb35: New USB device found, idVendor=1d6b, idProduct=0002, bcdDevice= 5.06
[    6.668004][    T1] usb usb35: New USB device strings: Mfr=3, Product=2, SerialNumber=1
[    6.668626][    T1] usb usb35: Product: USB/IP Virtual Host Controller
[    6.669135][    T1] usb usb35: Manufacturer: Linux 5.6.0-rc5-1a0808cb9e41-00026-g1a0808cb9e41 vhci_hcd
[    6.669855][    T1] usb usb35: SerialNumber: vhci_hcd.13
[    6.671577][    T1] hub 35-0:1.0: USB hub found
[    6.672028][    T1] hub 35-0:1.0: 8 ports detected
[    6.674920][    T1] vhci_hcd vhci_hcd.13: USB/IP Virtual Host Controller
[    6.675806][    T1] vhci_hcd vhci_hcd.13: new USB bus registered, assigned bus number 36
[    6.676591][    T1] usb usb36: We don't know the algorithms for LPM for this host, disabling LPM.
[    6.677585][    T1] usb usb36: New USB device found, idVendor=1d6b, idProduct=0003, bcdDevice= 5.06
[    6.678285][    T1] usb usb36: New USB device strings: Mfr=3, Product=2, SerialNumber=1
[    6.678967][    T1] usb usb36: Product: USB/IP Virtual Host Controller
[    6.679527][    T1] usb usb36: Manufacturer: Linux 5.6.0-rc5-1a0808cb9e41-00026-g1a0808cb9e41 vhci_hcd
[    6.680237][    T1] usb usb36: SerialNumber: vhci_hcd.13
[    6.681774][    T1] hub 36-0:1.0: USB hub found
[    6.682271][    T1] hub 36-0:1.0: 8 ports detected
[    6.686555][    T1] vhci_hcd vhci_hcd.14: USB/IP Virtual Host Controller
[    6.687409][    T1] vhci_hcd vhci_hcd.14: new USB bus registered, assigned bus number 37
[    6.688425][    T1] usb usb37: New USB device found, idVendor=1d6b, idProduct=0002, bcdDevice= 5.06
[    6.689129][    T1] usb usb37: New USB device strings: Mfr=3, Product=2, SerialNumber=1
[    6.690054][    T1] usb usb37: Product: USB/IP Virtual Host Controller
[    6.690872][    T1] usb usb37: Manufacturer: Linux 5.6.0-rc5-1a0808cb9e41-00026-g1a0808cb9e41 vhci_hcd
[    6.691907][    T1] usb usb37: SerialNumber: vhci_hcd.14
[    6.694727][    T1] hub 37-0:1.0: USB hub found
[    6.695335][    T1] hub 37-0:1.0: 8 ports detected
[    6.698455][    T1] vhci_hcd vhci_hcd.14: USB/IP Virtual Host Controller
[    6.699550][    T1] vhci_hcd vhci_hcd.14: new USB bus registered, assigned bus number 38
[    6.700506][    T1] usb usb38: We don't know the algorithms for LPM for this host, disabling LPM.
[    6.701886][    T1] usb usb38: New USB device found, idVendor=1d6b, idProduct=0003, bcdDevice= 5.06
[    6.702792][    T1] usb usb38: New USB device strings: Mfr=3, Product=2, SerialNumber=1
[    6.703593][    T1] usb usb38: Product: USB/IP Virtual Host Controller
[    6.704666][    T1] usb usb38: Manufacturer: Linux 5.6.0-rc5-1a0808cb9e41-00026-g1a0808cb9e41 vhci_hcd
[    6.705594][    T1] usb usb38: SerialNumber: vhci_hcd.14
[    6.706984][    T1] hub 38-0:1.0: USB hub found
[    6.707562][    T1] hub 38-0:1.0: 8 ports detected
[    6.711073][    T1] vhci_hcd vhci_hcd.15: USB/IP Virtual Host Controller
[    6.712172][    T1] vhci_hcd vhci_hcd.15: new USB bus registered, assigned bus number 39
[    6.713675][    T1] usb usb39: New USB device found, idVendor=1d6b, idProduct=0002, bcdDevice= 5.06
[    6.714641][    T1] usb usb39: New USB device strings: Mfr=3, Product=2, SerialNumber=1
[    6.715274][    T1] usb usb39: Product: USB/IP Virtual Host Controller
[    6.715787][    T1] usb usb39: Manufacturer: Linux 5.6.0-rc5-1a0808cb9e41-00026-g1a0808cb9e41 vhci_hcd
[    6.716499][    T1] usb usb39: SerialNumber: vhci_hcd.15
[    6.717809][    T1] hub 39-0:1.0: USB hub found
[    6.718264][    T1] hub 39-0:1.0: 8 ports detected
[    6.721602][    T1] vhci_hcd vhci_hcd.15: USB/IP Virtual Host Controller
[    6.722608][    T1] vhci_hcd vhci_hcd.15: new USB bus registered, assigned bus number 40
[    6.723694][    T1] usb usb40: We don't know the algorithms for LPM for this host, disabling LPM.
[    6.725826][    T1] usb usb40: New USB device found, idVendor=1d6b, idProduct=0003, bcdDevice= 5.06
[    6.726826][    T1] usb usb40: New USB device strings: Mfr=3, Product=2, SerialNumber=1
[    6.727703][    T1] usb usb40: Product: USB/IP Virtual Host Controller
[    6.728419][    T1] usb usb40: Manufacturer: Linux 5.6.0-rc5-1a0808cb9e41-00026-g1a0808cb9e41 vhci_hcd
[    6.729429][    T1] usb usb40: SerialNumber: vhci_hcd.15
[    6.730976][    T1] hub 40-0:1.0: USB hub found
[    6.731614][    T1] hub 40-0:1.0: 8 ports detected
[    6.736061][    T1] usbcore: registered new device driver usbip-host
[    6.738952][    T1] i8042: PNP: PS/2 Controller [PNP0303:KBD,PNP0f13:MOU] at 0x60,0x64 irq 1,12
[    6.740926][    T1] serio: i8042 KBD port at 0x60,0x64 irq 1
[    6.744629][    T1] serio: i8042 AUX port at 0x60,0x64 irq 12
[    6.746604][    T1] mousedev: PS/2 mouse device common for all mice
[    6.749078][ T4082] input: AT Translated Set 2 keyboard as /devices/platform/i8042/serio0/input/input1
[    6.753327][    T1] usbcore: registered new interface driver appletouch
[    6.755771][    T1] usbcore: registered new interface driver bcm5974
[    6.758111][    T1] usbcore: registered new interface driver synaptics_usb
[    6.759059][    T1] usbcore: registered new interface driver iforce
[    6.762115][    T1] usbcore: registered new interface driver xpad
[    6.762920][    T1] usbcore: registered new interface driver usb_acecad
[    6.763756][    T1] usbcore: registered new interface driver aiptek
[    6.764721][    T1] usbcore: registered new interface driver hanwang
[    6.765595][    T1] usbcore: registered new interface driver kbtab
[    6.766407][    T1] usbcore: registered new interface driver pegasus_notetaker
[    6.767398][    T1] usbcore: registered new interface driver usbtouchscreen
[    6.768345][    T1] usbcore: registered new interface driver sur40
[    6.769184][    T1] usbcore: registered new interface driver ati_remote2
[    6.769855][    T1] cm109: Keymap for Komunikate KIP1000 phone loaded
[    6.771729][    T1] usbcore: registered new interface driver cm109
[    6.772355][    T1] cm109: CM109 phone driver: 20080805 (C) Alfred E. Heggestad
[    6.773253][    T1] usbcore: registered new interface driver ims_pcu
[    6.774284][    T1] usbcore: registered new interface driver keyspan_remote
[    6.775016][    T1] usbcore: registered new interface driver powermate
[    6.775917][    T1] usbcore: registered new interface driver yealink
[    6.777816][    T1] rtc_cmos 00:05: RTC can wake from S4
[    6.780577][    T1] rtc_cmos 00:05: registered as rtc0
[    6.781109][    T1] rtc_cmos 00:05: alarms up to one day, y3k, 242 bytes nvram, hpet irqs
[    6.782910][    T1] i2c /dev entries driver
[    6.784836][    T1] usbcore: registered new interface driver i2c-diolan-u2c
[    6.789068][    T1] usbcore: registered new interface driver RobotFuzz Open Source InterFace, OSIF
[    6.790244][    T1] usbcore: registered new interface driver i2c-tiny-usb
[    6.793182][    T1] usbcore: registered new interface driver ati_remote
[    6.794930][    T1] usbcore: registered new interface driver imon
[    6.795848][    T1] usbcore: registered new interface driver mceusb
[    6.796699][    T1] usbcore: registered new interface driver redrat3
[    6.800004][    T1] usbcore: registered new interface driver streamzap
[    6.800853][    T1] usbcore: registered new interface driver igorplugusb
[    6.801683][    T1] usbcore: registered new interface driver iguanair
[    6.802559][    T1] usbcore: registered new interface driver ttusbir
[    6.803200][    T1] b2c2-flexcop: B2C2 FlexcopII/II(b)/III digital TV receiver chip loaded successfully
[    6.814818][    T1] vivid-000: using single planar format API
[    6.835510][    T1] vivid-000: CEC adapter cec0 registered for HDMI input 0
[    6.836570][    T1] vivid-000: V4L2 capture device registered as video3
[    6.837575][    T1] vivid-000: CEC adapter cec1 registered for HDMI output 0
[    6.838674][    T1] vivid-000: V4L2 output device registered as video4
[    6.839641][    T1] vivid-000: V4L2 capture device registered as vbi0, supports raw and sliced VBI
[    6.840869][    T1] vivid-000: V4L2 output device registered as vbi1, supports raw and sliced VBI
[    6.842083][    T1] vivid-000: V4L2 capture device registered as swradio0
[    6.843097][    T1] vivid-000: V4L2 receiver device registered as radio0
[    6.845165][    T1] vivid-000: V4L2 transmitter device registered as radio1
[    6.846126][    T1] vivid-000: V4L2 metadata capture device registered as video5
[    6.847289][    T1] vivid-000: V4L2 metadata output device registered as video6
[    6.849575][    T1] vivid-000: V4L2 touch capture device registered as v4l-touch0
[    6.850510][    T1] vivid-001: using multiplanar format API
[    6.859582][    T1] vivid-001: CEC adapter cec2 registered for HDMI input 0
[    6.860448][    T1] vivid-001: V4L2 capture device registered as video7
[    6.861274][    T1] vivid-001: CEC adapter cec3 registered for HDMI output 0
[    6.862112][    T1] vivid-001: V4L2 output device registered as video8
[    6.862920][    T1] vivid-001: V4L2 capture device registered as vbi2, supports raw and sliced VBI
[    6.863918][    T1] vivid-001: V4L2 output device registered as vbi3, supports raw and sliced VBI
[    6.864992][    T1] vivid-001: V4L2 capture device registered as swradio1
[    6.865812][    T1] vivid-001: V4L2 receiver device registered as radio2
[    6.866771][    T1] vivid-001: V4L2 transmitter device registered as radio3
[    6.868353][    T1] vivid-001: V4L2 metadata capture device registered as video9
[    6.869192][    T1] vivid-001: V4L2 metadata output device registered as video10
[    6.870059][    T1] vivid-001: V4L2 touch capture device registered as v4l-touch1
[    6.870927][    T1] vivid-002: using single planar format API
[    6.880418][    T1] vivid-002: CEC adapter cec4 registered for HDMI input 0
[    6.881362][    T1] vivid-002: V4L2 capture device registered as video11
[    6.882283][    T1] vivid-002: CEC adapter cec5 registered for HDMI output 0
[    6.883325][    T1] vivid-002: V4L2 output device registered as video12
[    6.884323][    T1] vivid-002: V4L2 capture device registered as vbi4, supports raw and sliced VBI
[    6.885621][    T1] vivid-002: V4L2 output device registered as vbi5, supports raw and sliced VBI
[    6.886772][    T1] vivid-002: V4L2 capture device registered as swradio2
[    6.887550][    T1] vivid-002: V4L2 receiver device registered as radio4
[    6.888350][    T1] vivid-002: V4L2 transmitter device registered as radio5
[    6.889235][    T1] vivid-002: V4L2 metadata capture device registered as video13
[    6.890104][    T1] vivid-002: V4L2 metadata output device registered as video14
[    6.891223][    T1] vivid-002: V4L2 touch capture device registered as v4l-touch2
[    6.892141][    T1] vivid-003: using multiplanar format API
[    6.901555][    T1] vivid-003: CEC adapter cec6 registered for HDMI input 0
[    6.902417][    T1] vivid-003: V4L2 capture device registered as video15
[    6.903317][    T1] vivid-003: CEC adapter cec7 registered for HDMI output 0
[    6.904366][    T1] vivid-003: V4L2 output device registered as video16
[    6.905569][    T1] vivid-003: V4L2 capture device registered as vbi6, supports raw and sliced VBI
[    6.906741][    T1] vivid-003: V4L2 output device registered as vbi7, supports raw and sliced VBI
[    6.907845][    T1] vivid-003: V4L2 capture device registered as swradio3
[    6.908780][    T1] vivid-003: V4L2 receiver device registered as radio6
[    6.909660][    T1] vivid-003: V4L2 transmitter device registered as radio7
[    6.910655][    T1] vivid-003: V4L2 metadata capture device registered as video17
[    6.911888][    T1] vivid-003: V4L2 metadata output device registered as video18
[    6.913843][    T1] vivid-003: V4L2 touch capture device registered as v4l-touch3
[    6.915177][    T1] vivid-004: using single planar format API
[    6.923359][    T1] vivid-004: CEC adapter cec8 registered for HDMI input 0
[    6.924312][    T1] vivid-004: V4L2 capture device registered as video19
[    6.925133][    T1] vivid-004: CEC adapter cec9 registered for HDMI output 0
[    6.925977][    T1] vivid-004: V4L2 output device registered as video20
[    6.926795][    T1] vivid-004: V4L2 capture device registered as vbi8, supports raw and sliced VBI
[    6.927778][    T1] vivid-004: V4L2 output device registered as vbi9, supports raw and sliced VBI
[    6.928756][    T1] vivid-004: V4L2 capture device registered as swradio4
[    6.929590][    T1] vivid-004: V4L2 receiver device registered as radio8
[    6.930518][    T1] vivid-004: V4L2 transmitter device registered as radio9
[    6.932112][    T1] vivid-004: V4L2 metadata capture device registered as video21
[    6.932950][    T1] vivid-004: V4L2 metadata output device registered as video22
[    6.933811][    T1] vivid-004: V4L2 touch capture device registered as v4l-touch4
[    6.935758][    T1] vivid-005: using multiplanar format API
[    6.944679][    T1] vivid-005: CEC adapter cec10 registered for HDMI input 0
[    6.945552][    T1] vivid-005: V4L2 capture device registered as video23
[    6.946386][    T1] vivid-005: CEC adapter cec11 registered for HDMI output 0
[    6.947242][    T1] vivid-005: V4L2 output device registered as video24
[    6.948056][    T1] vivid-005: V4L2 capture device registered as vbi10, supports raw and sliced VBI
[    6.949060][    T1] vivid-005: V4L2 output device registered as vbi11, supports raw and sliced VBI
[    6.950043][    T1] vivid-005: V4L2 capture device registered as swradio5
[    6.950980][    T1] vivid-005: V4L2 receiver device registered as radio10
[    6.951953][    T1] vivid-005: V4L2 transmitter device registered as radio11
[    6.953549][    T1] vivid-005: V4L2 metadata capture device registered as video25
[    6.955180][    T1] vivid-005: V4L2 metadata output device registered as video26
[    6.956064][    T1] vivid-005: V4L2 touch capture device registered as v4l-touch5
[    6.956937][    T1] vivid-006: using single planar format API
[    6.966088][    T1] vivid-006: CEC adapter cec12 registered for HDMI input 0
[    6.967469][    T1] vivid-006: V4L2 capture device registered as video27
[    6.968466][    T1] vivid-006: CEC adapter cec13 registered for HDMI output 0
[    6.969427][    T1] vivid-006: V4L2 output device registered as video28
[    6.970321][    T1] vivid-006: V4L2 capture device registered as vbi12, supports raw and sliced VBI
[    6.971610][    T1] vivid-006: V4L2 output device registered as vbi13, supports raw and sliced VBI
[    6.972870][    T1] vivid-006: V4L2 capture device registered as swradio6
[    6.973671][    T1] vivid-006: V4L2 receiver device registered as radio12
[    6.975179][    T1] vivid-006: V4L2 transmitter device registered as radio13
[    6.976159][    T1] vivid-006: V4L2 metadata capture device registered as video29
[    6.977173][    T1] vivid-006: V4L2 metadata output device registered as video30
[    6.978166][    T1] vivid-006: V4L2 touch capture device registered as v4l-touch6
[    6.979090][    T1] vivid-007: using multiplanar format API
[    6.987618][    T1] vivid-007: CEC adapter cec14 registered for HDMI input 0
[    6.988456][    T1] vivid-007: V4L2 capture device registered as video31
[    6.989272][    T1] vivid-007: CEC adapter cec15 registered for HDMI output 0
[    6.990142][    T1] vivid-007: V4L2 output device registered as video32
[    6.990943][    T1] vivid-007: V4L2 capture device registered as vbi14, supports raw and sliced VBI
[    6.991929][    T1] vivid-007: V4L2 output device registered as vbi15, supports raw and sliced VBI
[    6.992927][    T1] vivid-007: V4L2 capture device registered as swradio7
[    6.993739][    T1] vivid-007: V4L2 receiver device registered as radio14
[    6.995231][    T1] vivid-007: V4L2 transmitter device registered as radio15
[    6.997141][    T1] vivid-007: V4L2 metadata capture device registered as video33
[    6.998199][    T1] vivid-007: V4L2 metadata output device registered as video34
[    6.999170][    T1] vivid-007: V4L2 touch capture device registered as v4l-touch7
[    7.000117][    T1] vivid-008: using single planar format API
[    7.008975][    T1] vivid-008: CEC adapter cec16 registered for HDMI input 0
[    7.009846][    T1] vivid-008: V4L2 capture device registered as video35
[    7.010665][    T1] vivid-008: CEC adapter cec17 registered for HDMI output 0
[    7.011501][    T1] vivid-008: V4L2 output device registered as video36
[    7.012319][    T1] vivid-008: V4L2 capture device registered as vbi16, supports raw and sliced VBI
[    7.013318][    T1] vivid-008: V4L2 output device registered as vbi17, supports raw and sliced VBI
[    7.015013][    T1] vivid-008: V4L2 capture device registered as swradio8
[    7.015832][    T1] vivid-008: V4L2 receiver device registered as radio16
