c[?7l[2J[0mSeaBIOS (version rel-1.16.0-0-gd239552ce722-prebuilt.qemu.org)


iPXE (http://ipxe.org) 00:03.0 CA00 PCI2.10 PnP PMM+7FF91000+7FEF1000 CA00
Press Ctrl-B to configure iPXE (PCI 00:03.0)...                                                                               


Booting from ROM..c[?7l[2Jearly console in extract_kernel
input_data: 0x000000000bf092c8
input_len: 0x00000000044f7ba5
output: 0x0000000001000000
output_len: 0x000000000e031b28
kernel_total_size: 0x000000000f426000
needed_size: 0x000000000f600000
trampoline_32bit: 0x000000000009d000

Decompressing Linux... Parsing ELF... done.
Booting the kernel.
[    0.000000][    T0] Linux version 5.6.0-rc5-3d157c28d228-00016-g3d157c28d228 (root@xpf.sh.intel.com) (gcc version 8.5.0 20210514 (Red Hat 8.5.0-20) (GCC)) #1 SMP PREEMPT Sun Dec 3 15:46:59 CST 2023
[    0.000000][    T0] Command line: console=ttyS0 root=/dev/sda1 earlyprintk=serial net.ifnames=0 thunderbolt.dyndbg plymouth.enable=0
[    0.000000][    T0] KERNEL supported cpus:
[    0.000000][    T0]   Intel GenuineIntel
[    0.000000][    T0]   AMD AuthenticAMD
[    0.000000][    T0] x86/fpu: Supporting XSAVE feature 0x001: 'x87 floating point registers'
[    0.000000][    T0] x86/fpu: Supporting XSAVE feature 0x002: 'SSE registers'
[    0.000000][    T0] x86/fpu: Supporting XSAVE feature 0x004: 'AVX registers'
[    0.000000][    T0] x86/fpu: Supporting XSAVE feature 0x008: 'MPX bounds registers'
[    0.000000][    T0] x86/fpu: Supporting XSAVE feature 0x010: 'MPX CSR'
[    0.000000][    T0] x86/fpu: Supporting XSAVE feature 0x020: 'AVX-512 opmask'
[    0.000000][    T0] x86/fpu: Supporting XSAVE feature 0x040: 'AVX-512 Hi256'
[    0.000000][    T0] x86/fpu: Supporting XSAVE feature 0x080: 'AVX-512 ZMM_Hi256'
[    0.000000][    T0] x86/fpu: xstate_offset[2]:  576, xstate_sizes[2]:  256
[    0.000000][    T0] x86/fpu: xstate_offset[3]:  832, xstate_sizes[3]:   64
[    0.000000][    T0] x86/fpu: xstate_offset[4]:  896, xstate_sizes[4]:   64
[    0.000000][    T0] x86/fpu: xstate_offset[5]:  960, xstate_sizes[5]:   64
[    0.000000][    T0] x86/fpu: xstate_offset[6]: 1024, xstate_sizes[6]:  512
[    0.000000][    T0] x86/fpu: xstate_offset[7]: 1536, xstate_sizes[7]: 1024
[    0.000000][    T0] x86/fpu: Enabled xstate features 0xff, context size is 2560 bytes, using 'compacted' format.
[    0.000000][    T0] BIOS-provided physical RAM map:
[    0.000000][    T0] BIOS-e820: [mem 0x0000000000000000-0x000000000009fbff] usable
[    0.000000][    T0] BIOS-e820: [mem 0x000000000009fc00-0x000000000009ffff] reserved
[    0.000000][    T0] BIOS-e820: [mem 0x00000000000f0000-0x00000000000fffff] reserved
[    0.000000][    T0] BIOS-e820: [mem 0x0000000000100000-0x000000007ffdffff] usable
[    0.000000][    T0] BIOS-e820: [mem 0x000000007ffe0000-0x000000007fffffff] reserved
[    0.000000][    T0] BIOS-e820: [mem 0x00000000feffc000-0x00000000feffffff] reserved
[    0.000000][    T0] BIOS-e820: [mem 0x00000000fffc0000-0x00000000ffffffff] reserved
[    0.000000][    T0] printk: bootconsole [earlyser0] enabled
[    0.000000][    T0] ERROR: earlyprintk= earlyser already used
[    0.000000][    T0] ERROR: earlyprintk= earlyser already used
[    0.000000][    T0] ERROR: earlyprintk= earlyser already used
[    0.000000][    T0] Malformed early option 'vsyscall'
[    0.000000][    T0] nopcid: PCID feature disabled
[    0.000000][    T0] NX (Execute Disable) protection: active
[    0.000000][    T0] SMBIOS 2.8 present.
[    0.000000][    T0] DMI: QEMU Standard PC (i440FX + PIIX, 1996), BIOS rel-1.16.0-0-gd239552ce722-prebuilt.qemu.org 04/01/2014
[    0.000000][    T0] Hypervisor detected: KVM
[    0.000000][    T0] kvm-clock: Using msrs 4b564d01 and 4b564d00
[    0.000001][    T0] kvm-clock: cpu 0, msr ec58001, primary cpu clock
[    0.000002][    T0] kvm-clock: using sched offset of 862373262 cycles
[    0.000528][    T0] clocksource: kvm-clock: mask: 0xffffffffffffffff max_cycles: 0x1cd42e4dffb, max_idle_ns: 881590591483 ns
[    0.001979][    T0] tsc: Detected 2999.998 MHz processor
[    0.007559][    T0] last_pfn = 0x7ffe0 max_arch_pfn = 0x400000000
[    0.008157][    T0] x86/PAT: Configuration [0-7]: WB  WC  UC- UC  WB  WP  UC- WT  
[    0.016026][    T0] found SMP MP-table at [mem 0x000f5ba0-0x000f5baf]
[    0.016603][    T0] Using GB pages for direct mapping
[    0.017638][    T0] ACPI: Early table checksum verification disabled
[    0.018181][    T0] ACPI: RSDP 0x00000000000F59C0 000014 (v00 BOCHS )
[    0.018722][    T0] ACPI: RSDT 0x000000007FFE1951 000034 (v01 BOCHS  BXPC     00000001 BXPC 00000001)
[    0.019847][    T0] ACPI: FACP 0x000000007FFE17FD 000074 (v01 BOCHS  BXPC     00000001 BXPC 00000001)
[    0.020743][    T0] ACPI: DSDT 0x000000007FFE0040 0017BD (v01 BOCHS  BXPC     00000001 BXPC 00000001)
[    0.021595][    T0] ACPI: FACS 0x000000007FFE0000 000040
[    0.022100][    T0] ACPI: APIC 0x000000007FFE1871 000080 (v01 BOCHS  BXPC     00000001 BXPC 00000001)
[    0.022967][    T0] ACPI: HPET 0x000000007FFE18F1 000038 (v01 BOCHS  BXPC     00000001 BXPC 00000001)
[    0.023814][    T0] ACPI: WAET 0x000000007FFE1929 000028 (v01 BOCHS  BXPC     00000001 BXPC 00000001)
[    0.025503][    T0] No NUMA configuration found
[    0.025918][    T0] Faking a node at [mem 0x0000000000000000-0x000000007ffdffff]
[    0.026597][    T0] Faking node 0 at [mem 0x0000000000000000-0x000000003fffffff] (1024MB)
[    0.027337][    T0] Faking node 1 at [mem 0x0000000040000000-0x000000007ffdffff] (1023MB)
[    0.028383][    T0] NODE_DATA(0) allocated [mem 0x3fffb000-0x3fffffff]
[    0.029064][    T0] NODE_DATA(1) allocated [mem 0x7ffda000-0x7ffdefff]
[    0.033143][    T0] Zone ranges:
[    0.033452][    T0]   DMA      [mem 0x0000000000001000-0x0000000000ffffff]
[    0.034026][    T0]   DMA32    [mem 0x0000000001000000-0x000000007ffdffff]
[    0.034591][    T0]   Normal   empty
[    0.034891][    T0]   Device   empty
[    0.035187][    T0] Movable zone start for each node
[    0.035597][    T0] Early memory node ranges
[    0.035952][    T0]   node   0: [mem 0x0000000000001000-0x000000000009efff]
[    0.036529][    T0]   node   0: [mem 0x0000000000100000-0x000000003fffffff]
[    0.037102][    T0]   node   1: [mem 0x0000000040000000-0x000000007ffdffff]
[    0.037691][    T0] Zeroed struct page in unavailable ranges: 130 pages
[    0.037694][    T0] Initmem setup node 0 [mem 0x0000000000001000-0x000000003fffffff]
[    0.049255][    T0] Initmem setup node 1 [mem 0x0000000040000000-0x000000007ffdffff]
[    0.093815][    T0] kasan: KernelAddressSanitizer initialized
[    0.094663][    T0] ACPI: PM-Timer IO Port: 0x608
[    0.095128][    T0] ACPI: LAPIC_NMI (acpi_id[0xff] dfl dfl lint[0x1])
[    0.095765][    T0] IOAPIC[0]: apic_id 0, version 17, address 0xfec00000, GSI 0-23
[    0.096459][    T0] ACPI: INT_SRC_OVR (bus 0 bus_irq 0 global_irq 2 dfl dfl)
[    0.097103][    T0] ACPI: INT_SRC_OVR (bus 0 bus_irq 5 global_irq 5 high level)
[    0.097767][    T0] ACPI: INT_SRC_OVR (bus 0 bus_irq 9 global_irq 9 high level)
[    0.098430][    T0] ACPI: INT_SRC_OVR (bus 0 bus_irq 10 global_irq 10 high level)
[    0.099110][    T0] ACPI: INT_SRC_OVR (bus 0 bus_irq 11 global_irq 11 high level)
[    0.099808][    T0] Using ACPI (MADT) for SMP configuration information
[    0.100409][    T0] ACPI: HPET id: 0x8086a201 base: 0xfed00000
[    0.100944][    T0] smpboot: Allowing 2 CPUs, 0 hotplug CPUs
[    0.101478][    T0] KVM setup pv remote TLB flush
[    0.101910][    T0] KVM setup pv sched yield
[    0.102335][    T0] PM: hibernation: Registered nosave memory: [mem 0x00000000-0x00000fff]
[    0.103085][    T0] PM: hibernation: Registered nosave memory: [mem 0x0009f000-0x0009ffff]
[    0.103832][    T0] PM: hibernation: Registered nosave memory: [mem 0x000a0000-0x000effff]
[    0.104577][    T0] PM: hibernation: Registered nosave memory: [mem 0x000f0000-0x000fffff]
[    0.105327][    T0] [mem 0x80000000-0xfeffbfff] available for PCI devices
[    0.105942][    T0] Booting paravirtualized kernel on KVM
[    0.106454][    T0] clocksource: refined-jiffies: mask: 0xffffffff max_cycles: 0xffffffff, max_idle_ns: 19112604462750000 ns
[    0.149417][    T0] setup_percpu: NR_CPUS:8 nr_cpumask_bits:8 nr_cpu_ids:2 nr_node_ids:2
[    0.150725][    T0] percpu: Embedded 65 pages/cpu s227592 r8192 d30456 u2097152
[    0.151453][    T0] KVM setup async PF for cpu 0
[    0.151850][    T0] kvm-stealtime: cpu 0, msr 2ce21a80
[    0.152288][    T0] PV qspinlock hash table entries: 256 (order: 0, 4096 bytes, linear)
[    0.152977][    T0] Built 2 zonelists, mobility grouping on.  Total pages: 515945
[    0.153601][    T0] Policy zone: DMA32
[    0.153931][    T0] Kernel command line: earlyprintk=serial net.ifnames=0 sysctl.kernel.hung_task_all_cpu_backtrace=1 ima_policy=tcb nf-conntrack-ftp.ports=20000 nf-conntrack-tftp.ports=20000 nf-conntrack-sip.ports=20000 nf-conntrack-irc.ports=20000 nf-conntrack-sane.ports=20000 binder.debug_mask=0 rcupdate.rcu_expedited=1 rcupdate.rcu_cpu_stall_cputime=1 no_hash_pointers page_owner=on sysctl.vm.nr_hugepages=4 sysctl.vm.nr_overcommit_hugepages=4 secretmem.enable=1 sysctl.max_rcu_stall_to_panic=1 msr.allow_writes=off coredump_filter=0xffff root=/dev/sda console=ttyS0 vsyscall=native numa=fake=2 kvm-intel.nested=1 spec_store_bypass_disable=prctl nopcid vivid.n_devs=16 vivid.multiplanar=1,2,1,2,1,2,1,2,1,2,1,2,1,2,1,2 netrom.nr_ndevs=16 rose.rose_ndevs=16 smp.csd_lock_timeout=100000 watchdog_thresh=55 workqueue.watchdog_thresh=140 sysctl.net.core.netdev_unregister_timeout_secs=140 dummy_hcd.num=8 panic_on_warn=1 console=ttyS0 root=/dev/sda1 earlyprintk=serial net.ifnames=0 thunderb
[    0.157254][    T0] mem auto-init: stack:off, heap alloc:on, heap free:off
[    0.276049][    T0] Memory: 1519572K/2096632K available (133130K kernel code, 40720K rwdata, 27184K rodata, 2588K init, 24380K bss, 577060K reserved, 0K cma-reserved)
[    0.277896][    T0] SLUB: HWalign=64, Order=0-3, MinObjects=0, CPUs=2, Nodes=2
[    0.280059][    T0] Running RCU self tests
[    0.280417][    T0] rcu: Preemptible hierarchical RCU implementation.
[    0.280936][    T0] rcu: 	RCU lockdep checking is enabled.
[    0.281374][    T0] rcu: 	RCU restricting CPUs from NR_CPUS=8 to nr_cpu_ids=2.
[    0.281949][    T0] rcu: 	RCU callback double-/use-after-free debug enabled.
[    0.282511][    T0] rcu: 	RCU debug extended QS entry/exit.
[    0.282960][    T0] 	All grace periods are expedited (rcu_expedited).
[    0.283472][    T0] 	Tasks RCU enabled.
[    0.283785][    T0] rcu: RCU calculated value of scheduler-enlistment delay is 10 jiffies.
[    0.284445][    T0] rcu: Adjusting geometry for rcu_fanout_leaf=16, nr_cpu_ids=2
[    0.289011][    T0] NR_IRQS: 4352, nr_irqs: 440, preallocated irqs: 16
[    0.290399][    T0] random: get_random_bytes called from start_kernel+0x521/0x85a with crng_init=0
[    0.295109][    T0] Console: colour VGA+ 80x25
[    0.296347][    T0] printk: console [ttyS0] enabled
[    0.296347][    T0] printk: console [ttyS0] enabled
[    0.297221][    T0] printk: bootconsole [earlyser0] disabled
[    0.297221][    T0] printk: bootconsole [earlyser0] disabled
[    0.298206][    T0] Lock dependency validator: Copyright (c) 2006 Red Hat, Inc., Ingo Molnar
[    0.298890][    T0] ... MAX_LOCKDEP_SUBCLASSES:  8
[    0.299281][    T0] ... MAX_LOCK_DEPTH:          48
[    0.299681][    T0] ... MAX_LOCKDEP_KEYS:        8192
[    0.300104][    T0] ... CLASSHASH_SIZE:          4096
[    0.300514][    T0] ... MAX_LOCKDEP_ENTRIES:     32768
[    0.300939][    T0] ... MAX_LOCKDEP_CHAINS:      65536
[    0.301355][    T0] ... CHAINHASH_SIZE:          32768
[    0.301779][    T0]  memory used by lock dependency info: 6237 kB
[    0.302274][    T0]  memory used for stack traces: 4224 kB
[    0.302727][    T0]  per task-struct memory footprint: 1920 bytes
[    0.303300][    T0] mempolicy: Enabling automatic NUMA balancing. Configure with numa_balancing= or the kernel.numa_balancing sysctl
[    0.304303][    T0] ACPI: Core revision 20200110
[    0.305401][    T0] clocksource: hpet: mask: 0xffffffff max_cycles: 0xffffffff, max_idle_ns: 19112604467 ns
[    0.306581][    T0] APIC: Switch to symmetric I/O mode setup
[    0.307287][    T0] x2apic enabled
[    0.307804][    T0] Switched APIC routing to physical x2apic.
[    0.308340][    T0] KVM setup pv IPIs
[    0.309762][    T0] ..TIMER: vector=0x30 apic1=0 pin1=2 apic2=-1 pin2=-1
[    0.310390][    T0] clocksource: tsc-early: mask: 0xffffffffffffffff max_cycles: 0x2b3e43c8763, max_idle_ns: 440795360101 ns
[    0.311407][    T0] Calibrating delay loop (skipped) preset value.. 5999.99 BogoMIPS (lpj=29999980)
[    0.312223][    T0] pid_max: default: 32768 minimum: 301
[    0.312890][    T0] LSM: Security Framework initializing
[    0.313412][    T0] Yama: becoming mindful.
[    0.313881][    T0] TOMOYO Linux initialized
[    0.314422][    T0] AppArmor: AppArmor initialized
[    0.315615][    T0] Dentry cache hash table entries: 262144 (order: 9, 2097152 bytes, vmalloc)
[    0.321635][    T0] Inode-cache hash table entries: 131072 (order: 8, 1048576 bytes, vmalloc)
[    0.322406][    T0] Mount-cache hash table entries: 4096 (order: 3, 32768 bytes, vmalloc)
[    0.323094][    T0] Mountpoint-cache hash table entries: 4096 (order: 3, 32768 bytes, vmalloc)
[    0.323899][    T0] *** VALIDATE tmpfs ***
[    0.325284][    T0] *** VALIDATE proc ***
[    0.326156][    T0] *** VALIDATE cgroup ***
[    0.326514][    T0] *** VALIDATE cgroup2 ***
[    0.327063][    T0] x86/cpu: User Mode Instruction Prevention (UMIP) activated
[    0.327755][    T0] Last level iTLB entries: 4KB 0, 2MB 0, 4MB 0
[    0.328251][    T0] Last level dTLB entries: 4KB 0, 2MB 0, 4MB 0, 1GB 0
[    0.328806][    T0] Spectre V1 : Mitigation: usercopy/swapgs barriers and __user pointer sanitization
[    0.329581][    T0] Spectre V2 : Mitigation: Enhanced IBRS
[    0.330008][    T0] Spectre V2 : Spectre v2 / SpectreRSB mitigation: Filling RSB on context switch
[    0.330714][    T0] Spectre V2 : mitigation: Enabling conditional Indirect Branch Prediction Barrier
[    0.331445][    T0] Speculative Store Bypass: Mitigation: Speculative Store Bypass disabled via prctl
[    0.332165][    T0] TAA: Mitigation: Clear CPU buffers
[    0.333436][    T0] Freeing SMP alternatives memory: 100K
[    0.334679][    T1] smpboot: CPU0: Intel(R) Core(TM) i9-10980XE CPU @ 3.00GHz (family: 0x6, model: 0x55, stepping: 0x7)
[    0.401452][    T1] Performance Events: Skylake events, full-width counters, Intel PMU driver.
[    0.402203][    T1] ... version:                2
[    0.402572][    T1] ... bit width:              48
[    0.402947][    T1] ... generic registers:      4
[    0.403313][    T1] ... value mask:             0000ffffffffffff
[    0.403788][    T1] ... max period:             00007fffffffffff
[    0.404250][    T1] ... fixed-purpose events:   3
[    0.404616][    T1] ... event mask:             000000070000000f
[    0.421428][    T1] rcu: Hierarchical SRCU implementation.
[    0.471423][    T1] smp: Bringing up secondary CPUs ...
[    0.551572][    T1] x86: Booting SMP configuration:
[    0.551992][    T1] .... node  #1, CPUs:      #1
[    0.021147][    T0] kvm-clock: cpu 1, msr ec58041, secondary cpu clock
[    0.553361][   T15] KVM setup async PF for cpu 1
[    0.553361][   T15] kvm-stealtime: cpu 1, msr 7ec21a80
[    0.553361][    T1] smp: Brought up 2 nodes, 2 CPUs
[    0.553361][    T1] smpboot: Max logical packages: 1
[    0.553361][    T1] smpboot: Total of 2 processors activated (11999.99 BogoMIPS)
[    0.555905][    T1] allocated 12582912 bytes of page_ext
[    0.556472][    T1] Node 0, zone      DMA: page owner found early allocated 0 pages
[    0.563468][    T1] Node 0, zone    DMA32: page owner found early allocated 2742 pages
[    0.564484][    T1] Node 1, zone    DMA32: page owner found early allocated 2586 pages
[    0.565841][    T1] devtmpfs: initialized
[    0.565841][    T1] x86/mm: Memory block size: 128MB
[    0.585204][    T1] clocksource: jiffies: mask: 0xffffffff max_cycles: 0xffffffff, max_idle_ns: 19112604462750000 ns
[    0.586181][    T1] futex hash table entries: 512 (order: 4, 65536 bytes, vmalloc)
[    0.587283][    T1] xor: automatically using best checksumming function   avx       
[    0.588370][   T24] kworker/u5:0 (24) used greatest stack depth: 27480 bytes left
[    0.592030][    T1] PM: RTC time: 07:52:13, date: 2023-12-03
[    0.592511][    T1] thermal_sys: Registered thermal governor 'step_wise'
[    0.592513][    T1] thermal_sys: Registered thermal governor 'user_space'
[    0.594174][    T1] NET: Registered protocol family 16
[    0.598539][    T1] audit: initializing netlink subsys (disabled)
[    0.599874][   T33] kworker/u5:0 (33) used greatest stack depth: 27064 bytes left
[    0.601208][   T30] audit: type=2000 audit(1701589933.750:1): state=initialized audit_enabled=0 res=1
[    0.604354][    T1] cpuidle: using governor menu
[    0.607716][    T1] ACPI: bus type PCI registered
[    0.611351][    T1] dca service started, version 1.12.1
[    0.611661][    T1] PCI: Using configuration type 1 for base access
[    0.657884][  T104] kworker/u5:2 (104) used greatest stack depth: 26968 bytes left
[    0.945605][    T1] HugeTLB registered 1.00 GiB page size, pre-allocated 0 pages
[    0.946215][    T1] HugeTLB registered 2.00 MiB page size, pre-allocated 0 pages
[    0.957984][    T1] cryptd: max_cpu_qlen set to 1000
[    0.983800][    T1] raid6: skip pq benchmark and using algorithm avx512x4
[    0.983800][    T1] raid6: using avx512x2 recovery algorithm
[    0.984379][    T1] ACPI: Added _OSI(Module Device)
[    0.984766][    T1] ACPI: Added _OSI(Processor Device)
[    0.985172][    T1] ACPI: Added _OSI(3.0 _SCP Extensions)
[    0.985591][    T1] ACPI: Added _OSI(Processor Aggregator Device)
[    0.986073][    T1] ACPI: Added _OSI(Linux-Dell-Video)
[    0.986479][    T1] ACPI: Added _OSI(Linux-Lenovo-NV-HDMI-Audio)
[    0.986949][    T1] ACPI: Added _OSI(Linux-HPI-Hybrid-Graphics)
[    1.012618][    T1] ACPI: 1 ACPI AML tables successfully acquired and loaded
[    1.044494][    T1] ACPI: Interpreter enabled
[    1.045016][    T1] ACPI: (supports S0 S3 S4 S5)
[    1.045430][    T1] ACPI: Using IOAPIC for interrupt routing
[    1.046080][    T1] PCI: Using host bridge windows from ACPI; if necessary, use "pci=nocrs" and report a bug
[    1.048351][    T1] ACPI: Enabled 2 GPEs in block 00 to 0F
[    1.103699][    T1] ACPI: PCI Root Bridge [PCI0] (domain 0000 [bus 00-ff])
[    1.104346][    T1] acpi PNP0A03:00: _OSC: OS supports [ASPM ClockPM Segments MSI HPX-Type3]
[    1.105334][    T1] acpi PNP0A03:00: fail to add MMCONFIG information, can't access extended PCI configuration space under this bridge.
[    1.108217][    T1] PCI host bridge to bus 0000:00
[    1.108651][    T1] pci_bus 0000:00: Unknown NUMA node; performance will be reduced
[    1.109303][    T1] pci_bus 0000:00: root bus resource [io  0x0000-0x0cf7 window]
[    1.109947][    T1] pci_bus 0000:00: root bus resource [io  0x0d00-0xffff window]
[    1.110591][    T1] pci_bus 0000:00: root bus resource [mem 0x000a0000-0x000bffff window]
[    1.111290][    T1] pci_bus 0000:00: root bus resource [mem 0x80000000-0xfebfffff window]
[    1.111446][    T1] pci_bus 0000:00: root bus resource [mem 0x100000000-0x17fffffff window]
[    1.112153][    T1] pci_bus 0000:00: root bus resource [bus 00-ff]
[    1.112790][    T1] pci 0000:00:00.0: [8086:1237] type 00 class 0x060000
[    1.117534][    T1] pci 0000:00:01.0: [8086:7000] type 00 class 0x060100
[    1.120586][    T1] pci 0000:00:01.1: [8086:7010] type 00 class 0x010180
[    1.122657][    T1] pci 0000:00:01.1: reg 0x20: [io  0xc040-0xc04f]
[    1.123816][    T1] pci 0000:00:01.1: legacy IDE quirk: reg 0x10: [io  0x01f0-0x01f7]
[    1.124481][    T1] pci 0000:00:01.1: legacy IDE quirk: reg 0x14: [io  0x03f6]
[    1.125093][    T1] pci 0000:00:01.1: legacy IDE quirk: reg 0x18: [io  0x0170-0x0177]
[    1.125701][    T1] pci 0000:00:01.1: legacy IDE quirk: reg 0x1c: [io  0x0376]
[    1.128402][    T1] pci 0000:00:01.3: [8086:7113] type 00 class 0x068000
[    1.129266][    T1] pci 0000:00:01.3: quirk: [io  0x0600-0x063f] claimed by PIIX4 ACPI
[    1.129884][    T1] pci 0000:00:01.3: quirk: [io  0x0700-0x070f] claimed by PIIX4 SMB
[    1.133370][    T1] pci 0000:00:02.0: [1234:1111] type 00 class 0x030000
[    1.135204][    T1] pci 0000:00:02.0: reg 0x10: [mem 0xfd000000-0xfdffffff pref]
[    1.136960][    T1] pci 0000:00:02.0: reg 0x18: [mem 0xfebf0000-0xfebf0fff]
[    1.139946][    T1] pci 0000:00:02.0: reg 0x30: [mem 0xfebe0000-0xfebeffff pref]
[    1.144305][    T1] pci 0000:00:03.0: [8086:100e] type 00 class 0x020000
[    1.145345][    T1] pci 0000:00:03.0: reg 0x10: [mem 0xfebc0000-0xfebdffff]
[    1.146291][    T1] pci 0000:00:03.0: reg 0x14: [io  0xc000-0xc03f]
[    1.148791][    T1] pci 0000:00:03.0: reg 0x30: [mem 0xfeb80000-0xfebbffff pref]
[    1.158111][    T1] ACPI: PCI Interrupt Link [LNKA] (IRQs 5 *10 11)
[    1.159757][    T1] ACPI: PCI Interrupt Link [LNKB] (IRQs 5 *10 11)
[    1.161332][    T1] ACPI: PCI Interrupt Link [LNKC] (IRQs 5 10 *11)
[    1.164474][    T1] ACPI: PCI Interrupt Link [LNKD] (IRQs 5 10 *11)
[    1.165549][    T1] ACPI: PCI Interrupt Link [LNKS] (IRQs *9)
[    1.170526][    T1] iommu: Default domain type: Translated 
[    1.171658][    T1] pci 0000:00:02.0: vgaarb: setting as boot VGA device
[    1.172249][    T1] pci 0000:00:02.0: vgaarb: VGA device added: decodes=io+mem,owns=io+mem,locks=none
[    1.172985][    T1] pci 0000:00:02.0: vgaarb: bridge control possible
[    1.173487][    T1] vgaarb: loaded
[    1.176921][    T1] SCSI subsystem initialized
[    1.178853][    T1] ACPI: bus type USB registered
[    1.178853][    T1] usbcore: registered new interface driver usbfs
[    1.178853][    T1] usbcore: registered new interface driver hub
[    1.181910][    T1] usbcore: registered new device driver usb
[    1.181910][    T1] mc: Linux media interface: v0.10
[    1.181910][    T1] videodev: Linux video capture interface: v2.00
[    1.181910][    T1] pps_core: LinuxPPS API ver. 1 registered
[    1.181910][    T1] pps_core: Software ver. 5.3.6 - Copyright 2005-2007 Rodolfo Giometti <giometti@linux.it>
[    1.181910][    T1] PTP clock support registered
[    1.181910][    T1] EDAC MC: Ver: 3.0.0
[    1.181910][    T1] Advanced Linux Sound Architecture Driver Initialized.
[    1.191411][    T1] PCI: Using ACPI for IRQ routing
[    1.191411][    T1] Bluetooth: Core ver 2.22
[    1.191411][    T1] NET: Registered protocol family 31
[    1.191411][    T1] Bluetooth: HCI device and connection manager initialized
[    1.191411][    T1] Bluetooth: HCI socket layer initialized
[    1.191411][    T1] Bluetooth: L2CAP socket layer initialized
[    1.191467][    T1] Bluetooth: SCO socket layer initialized
[    1.201435][    T1] NET: Registered protocol family 8
[    1.201435][    T1] NET: Registered protocol family 20
[    1.202246][    T1] NetLabel: Initializing
[    1.202246][    T1] NetLabel:  domain hash size = 128
[    1.202246][    T1] NetLabel:  protocols = UNLABELED CIPSOv4 CALIPSO
[    1.202246][    T1] NetLabel:  unlabeled traffic allowed by default
[    1.202246][    T1] nfc: nfc_init: NFC Core ver 0.1
[    1.202246][    T1] NET: Registered protocol family 39
[    1.202246][    T1] hpet0: at MMIO 0xfed00000, IRQs 2, 8, 0
[    1.202246][    T1] hpet0: 3 comparators, 64-bit 100.000000 MHz counter
[    1.211664][    T1] clocksource: Switched to clocksource kvm-clock
[    2.690531][    T1] *** VALIDATE bpf ***
[    2.691753][    T1] VFS: Disk quotas dquot_6.6.0
[    2.692261][    T1] VFS: Dquot-cache hash table entries: 512 (order 0, 4096 bytes)
[    2.693284][    T1] FS-Cache: Loaded
[    2.693598][    T1] *** VALIDATE ramfs ***
[    2.693934][    T1] *** VALIDATE hugetlbfs ***
[    2.694941][    T1] CacheFiles: Loaded
[    2.695486][    T1] TOMOYO: 2.6.0
[    2.695813][    T1] Mandatory Access Control activated.
[    2.697181][    T1] AppArmor: AppArmor Filesystem Enabled
[    2.697903][    T1] pnp: PnP ACPI init
[    2.703076][    T1] pnp: PnP ACPI: found 6 devices
[    2.739344][    T1] clocksource: acpi_pm: mask: 0xffffff max_cycles: 0xffffff, max_idle_ns: 2085701024 ns
[    2.740843][    T1] pci_bus 0000:00: resource 4 [io  0x0000-0x0cf7 window]
[    2.741403][    T1] pci_bus 0000:00: resource 5 [io  0x0d00-0xffff window]
[    2.742363][    T1] pci_bus 0000:00: resource 6 [mem 0x000a0000-0x000bffff window]
[    2.742949][    T1] pci_bus 0000:00: resource 7 [mem 0x80000000-0xfebfffff window]
[    2.743546][    T1] pci_bus 0000:00: resource 8 [mem 0x100000000-0x17fffffff window]
[    2.744725][    T1] NET: Registered protocol family 2
[    2.746458][    T1] tcp_listen_portaddr_hash hash table entries: 1024 (order: 4, 73728 bytes, vmalloc)
[    2.747364][    T1] TCP established hash table entries: 16384 (order: 5, 131072 bytes, vmalloc)
[    2.748883][    T1] TCP bind hash table entries: 16384 (order: 8, 1048576 bytes, vmalloc)
[    2.749969][    T1] TCP: Hash tables configured (established 16384 bind 16384)
[    2.750917][    T1] UDP hash table entries: 1024 (order: 5, 163840 bytes, vmalloc)
[    2.751780][    T1] UDP-Lite hash table entries: 1024 (order: 5, 163840 bytes, vmalloc)
[    2.753136][    T1] NET: Registered protocol family 1
[    2.754445][    T1] RPC: Registered named UNIX socket transport module.
[    2.755036][    T1] RPC: Registered udp transport module.
[    2.755541][    T1] RPC: Registered tcp transport module.
[    2.756000][    T1] RPC: Registered tcp NFSv4.1 backchannel transport module.
[    2.757568][    T1] NET: Registered protocol family 44
[    2.758050][    T1] pci 0000:00:01.0: PIIX3: Enabling Passive Release
[    2.758616][    T1] pci 0000:00:00.0: Limiting direct PCI/PCI transfers
[    2.759195][    T1] pci 0000:00:01.0: Activating ISA DMA hang workarounds
[    2.759842][    T1] pci 0000:00:02.0: Video device with shadowed ROM at [mem 0x000c0000-0x000dffff]
[    2.760626][    T1] PCI: CLS 0 bytes, default 64
[    2.766773][    T1] RAPL PMU: API unit is 2^-32 Joules, 0 fixed counters, 10737418240 ms ovfl timer
[    2.767586][    T1] kvm: no hardware support
[    2.768085][    T1] has_svm: not amd or hygon
[    2.768603][    T1] kvm: no hardware support
[    2.769034][    T1] clocksource: tsc: mask: 0xffffffffffffffff max_cycles: 0x2b3e43c8763, max_idle_ns: 440795360101 ns
[    2.817750][    T1] Initialise system trusted keyrings
[    2.819956][    T1] workingset: timestamp_bits=40 max_order=19 bucket_order=0
[    2.899785][    T1] DLM installed
[    2.907773][    T1] squashfs: version 4.0 (2009/01/31) Phillip Lougher
[    2.919207][    T1] FS-Cache: Netfs 'nfs' registered for caching
[    2.923047][    T1] *** VALIDATE nfs ***
[    2.923413][    T1] *** VALIDATE nfs4 ***
[    2.923806][    T1] NFS: Registering the id_resolver key type
[    2.924293][    T1] Key type id_resolver registered
[    2.924693][    T1] Key type id_legacy registered
[    2.925088][    T1] nfs4filelayout_init: NFSv4 File Layout Driver Registering...
[    2.925703][    T1] Installing knfsd (copyright (C) 1996 okir@monad.swb.de).
[    2.934184][    T1] FS-Cache: Netfs 'cifs' registered for caching
[    2.936669][    T1] Key type cifs.spnego registered
[    2.937121][    T1] Key type cifs.idmap registered
[    2.937809][    T1] ntfs: driver 2.1.32 [Flags: R/W].
[    2.939963][    T1] efs: 1.0a - http://aeschi.ch.eu.org/efs/
[    2.940688][    T1] jffs2: version 2.2. (NAND) (SUMMARY)  Â© 2001-2006 Red Hat, Inc.
[    2.945789][    T1] *** VALIDATE jffs2 ***
[    2.947682][    T1] romfs: ROMFS MTD (C) 2007 Red Hat, Inc.
[    2.948615][    T1] QNX4 filesystem 0.2.3 registered.
[    2.949307][    T1] qnx6: QNX6 filesystem 1.0.0 registered.
[    2.950294][    T1] fuse: init (API version 7.31)
[    2.950943][    T1] *** VALIDATE fuseblk ***
[    2.951287][    T1] *** VALIDATE fuse ***
[    2.953914][    T1] orangefs_debugfs_init: called with debug mask: :none: :0:
[    2.954742][    T1] orangefs_init: module version upstream loaded
[    2.957838][    T1] JFS: nTxBlock = 8192, nTxLock = 65536
[    2.966094][    T1] SGI XFS with ACLs, security attributes, realtime, quota, no debug enabled
[    2.973152][    T1] *** VALIDATE xfs ***
[    2.973492][    T1] 9p: Installing v9fs 9p2000 file system support
[    2.974276][    T1] FS-Cache: Netfs '9p' registered for caching
[    2.975867][    T1] NILFS version 2 loaded
[    2.976205][    T1] befs: version: 0.9.3
[    2.978018][    T1] ocfs2: Registered cluster interface o2cb
[    2.978877][    T1] ocfs2: Registered cluster interface user
[    2.990604][    T1] OCFS2 User DLM kernel interface loaded
[    2.997544][    T1] *** VALIDATE gfs2 ***
[    2.998500][    T1] gfs2: GFS2 installed
[    3.009088][    T1] FS-Cache: Netfs 'ceph' registered for caching
[    3.009729][    T1] ceph: loaded (mds proto 32)
[    3.015993][    T1] NET: Registered protocol family 38
[    3.016930][    T1] async_tx: api initialized (async)
[    3.017454][    T1] Key type asymmetric registered
[    3.017955][    T1] Asymmetric key parser 'x509' registered
[    3.018525][    T1] Asymmetric key parser 'pkcs8' registered
[    3.019080][    T1] Key type pkcs7_test registered
[    3.019731][    T1] Block layer SCSI generic (bsg) driver version 0.4 loaded (major 241)
[    3.020916][    T1] io scheduler mq-deadline registered
[    3.021708][    T1] io scheduler kyber registered
[    3.022780][    T1] io scheduler bfq registered
[    3.027587][    T1] vga16fb: mapped to 0x000000005990ba62
[    3.495095][    T1] Console: switching to colour frame buffer device 80x30
[    3.751917][    T1] fb0: VGA16 VGA frame buffer device
[    3.753343][    T1] input: Power Button as /devices/LNXSYSTM:00/LNXPWRBN:00/input/input0
[    3.762024][    T1] ACPI: Power Button [PWRF]
[    3.767213][    T1] ioatdma: Intel(R) QuickData Technology Driver 5.00
[    3.987108][    T1] HDLC line discipline maxframe=4096
[    3.987564][    T1] N_HDLC line discipline registered.
[    3.987994][    T1] Serial: 8250/16550 driver, 4 ports, IRQ sharing enabled
[    3.988872][    T1] 00:04: ttyS0 at I/O 0x3f8 (irq = 4, base_baud = 115200) is a 16550A
[    3.997478][    T1] Initializing Nozomi driver 2.1d
[    4.000565][    T1] Non-volatile memory driver v1.3
[    4.005300][    T1] Linux agpgart interface v0.103
[    4.017918][    T1] [drm] Initialized vgem 1.0.0 20120112 for vgem on minor 0
[    4.018941][    T1] [drm] Supports vblank timestamp caching Rev 2 (21.10.2013).
[    4.019630][    T1] [drm] Driver supports precise vblank timestamp query.
[    4.022946][    T1] [drm] Initialized vkms 1.0.0 20180514 for vkms on minor 1
[    4.023799][    T1] usbcore: registered new interface driver udl
[    4.024401][    T1] fb0: switching to bochsdrmfb from VGA16 VGA
[    4.174054][    T1] Console: switching to colour VGA+ 80x25
[    4.177170][    T1] bochs-drm 0000:00:02.0: vgaarb: deactivate vga console
[    4.183133][    T1] Console: switching to colour dummy device 80x25
[    4.186016][    T1] [drm] Found bochs VGA, ID 0xb0c5.
[    4.186423][    T1] [drm] Framebuffer size 16384 kB @ 0xfd000000, mmio @ 0xfebf0000.
[    4.187690][    T1] [TTM] Zone  kernel: Available graphics memory: 759836 KiB
[    4.188456][    T1] [TTM] Initializing pool allocator
[    4.189225][    T1] [TTM] Initializing DMA pool allocator
[    4.190988][    T1] [drm] Found EDID data blob.
[    4.192775][    T1] [drm] Initialized bochs-drm 1.0.0 20130925 for 0000:00:02.0 on minor 2
[    4.199931][    T1] fbcon: bochs-drmdrmfb (fb0) is primary device
[    4.219720][    T1] Console: switching to colour frame buffer device 160x50
[    4.234808][    T1] bochs-drm 0000:00:02.0: fb0: bochs-drmdrmfb frame buffer device
[    4.263830][    T1] brd: module loaded
[    4.281675][ T3344] kworker/u6:4 (3344) used greatest stack depth: 26728 bytes left
[    4.301083][    T1] loop: module loaded
[    4.364827][    T1] zram: Added device: zram0
[    4.368395][    T1] null_blk: module loaded
[    4.369008][    T1] Guest personality initialized and is inactive
[    4.369979][    T1] VMCI host device registered (name=vmci, major=10, minor=56)
[    4.370565][    T1] Initialized host personality
[    4.371156][    T1] usbcore: registered new interface driver rtsx_usb
[    4.372223][    T1] usbcore: registered new interface driver viperboard
[    4.373115][    T1] usbcore: registered new interface driver dln2
[    4.373903][    T1] usbcore: registered new interface driver pn533_usb
[    4.378189][    T1] nfcsim 0.2 initialized
[    4.378798][    T1] usbcore: registered new interface driver port100
[    4.379565][    T1] usbcore: registered new interface driver nfcmrvl
[    4.382919][    T1] Loading iSCSI transport class v2.0-870.
[    4.388097][    T1] st: Version 20160209, fixed bufsize 32768, s/g segs 256
[    4.404130][    T1] scsi host0: ata_piix
[    4.407804][    T1] scsi host1: ata_piix
[    4.408819][    T1] ata1: PATA max MWDMA2 cmd 0x1f0 ctl 0x3f6 bmdma 0xc040 irq 14
[    4.409422][    T1] ata2: PATA max MWDMA2 cmd 0x170 ctl 0x376 bmdma 0xc048 irq 15
[    4.416906][    T1] Rounding down aligned max_sectors from 4294967295 to 4294967288
[    4.417791][    T1] db_root: cannot open: /etc/target
[    4.418684][    T1] slram: not enough parameters.
[    4.421737][    T1] ftl_cs: FTL header not found.
[    4.434704][    T1] Ethernet Channel Bonding Driver: v3.7.1 (April 27, 2011)
[    4.445280][    T1] wireguard: WireGuard 1.0.0 loaded. See www.wireguard.com for information.
[    4.445953][    T1] wireguard: Copyright (C) 2015-2019 Jason A. Donenfeld <Jason@zx2c4.com>. All Rights Reserved.
[    4.446755][    T1] eql: Equalizer2002: Simon Janes (simon@ncm.com) and David S. Miller (davem@redhat.com)
[    4.455825][    T1] MACsec IEEE 802.1AE
[    4.457752][    T1] libphy: Fixed MDIO Bus: probed
[    4.461189][    T1] tun: Universal TUN/TAP device driver, 1.6
[    4.463854][    T1] vcan: Virtual CAN interface driver
[    4.464274][    T1] vxcan: Virtual CAN Tunnel driver
[    4.464662][    T1] slcan: serial line CAN interface driver
[    4.465099][    T1] slcan: 10 dynamic interface channels.
[    4.465530][    T1] CAN device driver interface
[    4.469424][    T1] usbcore: registered new interface driver usb_8dev
[    4.470079][    T1] usbcore: registered new interface driver ems_usb
[    4.470694][    T1] usbcore: registered new interface driver gs_usb
[    4.471347][    T1] usbcore: registered new interface driver kvaser_usb
[    4.472179][    T1] usbcore: registered new interface driver mcba_usb
[    4.472870][    T1] usbcore: registered new interface driver peak_usb
[    4.473705][    T1] e100: Intel(R) PRO/100 Network Driver, 3.5.24-k2-NAPI
[    4.474237][    T1] e100: Copyright(c) 1999-2006 Intel Corporation
[    4.474900][    T1] e1000: Intel(R) PRO/1000 Network Driver - version 7.3.21-k8-NAPI
[    4.475510][    T1] e1000: Copyright (c) 1999-2006 Intel Corporation.
[    4.582416][ T3496] ata2.00: ATAPI: QEMU DVD-ROM, 2.5+, max UDMA/100
[    4.583101][ T3491] ata1.00: ATA-7: QEMU HARDDISK, 2.5+, max UDMA/100
[    4.583638][ T3491] ata1.00: 2097458 sectors, multi 16: LBA48 
[    4.596196][  T341] scsi 0:0:0:0: Direct-Access     ATA      QEMU HARDDISK    2.5+ PQ: 0 ANSI: 5
[    4.599324][   T20] sd 0:0:0:0: [sda] 2097458 512-byte logical blocks: (1.07 GB/1.00 GiB)
[    4.600118][   T20] sd 0:0:0:0: [sda] Write Protect is off
[    4.600726][   T20] sd 0:0:0:0: [sda] Write cache: enabled, read cache: enabled, doesn't support DPO or FUA
[    4.603613][  T341] sd 0:0:0:0: Attached scsi generic sg0 type 0
[    4.605589][  T524] scsi 1:0:0:0: CD-ROM            QEMU     QEMU DVD-ROM     2.5+ PQ: 0 ANSI: 5
[    4.609698][   T20]  sda: sda1
[    4.613418][   T20] sd 0:0:0:0: [sda] Attached SCSI disk
[    4.742448][  T524] sr 1:0:0:0: [sr0] scsi3-mmc drive: 4x/4x cd/rw xa/form2 tray
[    4.743088][  T524] cdrom: Uniform CD-ROM driver Revision: 3.20
[    4.746776][  T524] sr 1:0:0:0: Attached scsi generic sg1 type 5
[    5.573210][    T1] PCI Interrupt Link [LNKC] enabled at IRQ 11
[    5.943527][    T1] e1000 0000:00:03.0 eth0: (PCI:33MHz:32-bit) 52:54:00:12:34:56
[    5.944143][    T1] e1000 0000:00:03.0 eth0: Intel(R) PRO/1000 Network Connection
[    5.945130][    T1] e1000e: Intel(R) PRO/1000 Network Driver - 3.2.6-k
[    5.945651][    T1] e1000e: Copyright(c) 1999 - 2015 Intel Corporation.
[    5.946851][    T1] mkiss: AX.25 Multikiss, Hans Albas PE1AYX
[    5.947320][    T1] AX.25: 6pack driver, Revision: 0.3.0
[    5.947758][    T1] AX.25: bpqether driver version 004
[    5.948163][    T1] PPP generic driver version 2.4.2
[    5.949448][    T1] PPP BSD Compression module registered
[    5.949888][    T1] PPP Deflate Compression module registered
[    5.950375][    T1] PPP MPPE Compression module registered
[    5.950807][    T1] NET: Registered protocol family 24
[    5.951247][    T1] PPTP driver version 0.8.5
[    5.952342][    T1] SLIP: version 0.8.4-NET3.019-NEWTTY (dynamic channels, max=256) (6 bit encapsulation enabled).
[    5.953149][    T1] CSLIP: code copyright 1989 Regents of the University of California.
[    5.953769][    T1] SLIP linefill/keepalive option.
[    5.954164][    T1] hdlc: HDLC support module revision 1.22
[    5.954625][    T1] LAPB Ethernet driver version 0.02
[    5.956096][    T1] usbcore: registered new interface driver ath9k_htc
[    5.956981][    T1] usbcore: registered new interface driver carl9170
[    5.957873][    T1] usbcore: registered new interface driver ath6kl_usb
[    5.958703][    T1] usbcore: registered new interface driver ar5523
[    5.959785][    T1] usbcore: registered new interface driver ath10k_usb
[    5.960654][    T1] mac80211_hwsim: initializing netlink
[    5.971901][    T1] usbcore: registered new interface driver atusb
[    5.979615][    T1] mac802154_hwsim mac802154_hwsim: Added 2 mac802154 hwsim hardware radios
[    5.980648][    T1] VMware vmxnet3 virtual NIC driver - version 1.4.17.0-k-NAPI
[    5.981917][    T1] usbcore: registered new interface driver catc
[    5.982557][    T1] usbcore: registered new interface driver kaweth
[    5.983055][    T1] pegasus: v0.9.3 (2013/04/25), Pegasus/Pegasus II USB Ethernet driver
[    5.984012][    T1] usbcore: registered new interface driver pegasus
[    5.984730][    T1] usbcore: registered new interface driver rtl8150
[    5.986756][    T1] usbcore: registered new interface driver r8152
[    5.987247][    T1] hso: drivers/net/usb/hso.c: Option Wireless
[    5.987893][    T1] usbcore: registered new interface driver hso
[    5.988513][    T1] usbcore: registered new interface driver lan78xx
[    5.989178][    T1] usbcore: registered new interface driver asix
[    5.989807][    T1] usbcore: registered new interface driver ax88179_178a
[    5.990485][    T1] usbcore: registered new interface driver cdc_ether
[    5.991163][    T1] usbcore: registered new interface driver cdc_eem
[    5.991860][    T1] usbcore: registered new interface driver dm9601
[    5.992500][    T1] usbcore: registered new interface driver sr9700
[    5.993156][    T1] usbcore: registered new interface driver CoreChips
[    5.993859][    T1] usbcore: registered new interface driver smsc75xx
[    5.994542][    T1] usbcore: registered new interface driver smsc95xx
[    5.996573][    T1] usbcore: registered new interface driver gl620a
[    5.997191][    T1] usbcore: registered new interface driver net1080
[    5.997801][    T1] usbcore: registered new interface driver plusb
[    5.998463][    T1] usbcore: registered new interface driver rndis_host
[    5.999129][    T1] usbcore: registered new interface driver cdc_subset
[    5.999806][    T1] usbcore: registered new interface driver zaurus
[    6.000450][    T1] usbcore: registered new interface driver MOSCHIP usb-ethernet driver
[    6.001266][    T1] usbcore: registered new interface driver int51x1
[    6.002720][    T1] usbcore: registered new interface driver cdc_phonet
[    6.003702][    T1] usbcore: registered new interface driver kalmia
[    6.004646][    T1] usbcore: registered new interface driver ipheth
[    6.006437][    T1] usbcore: registered new interface driver sierra_net
[    6.007371][    T1] usbcore: registered new interface driver cx82310_eth
[    6.008036][    T1] usbcore: registered new interface driver cdc_ncm
[    6.008688][    T1] usbcore: registered new interface driver huawei_cdc_ncm
[    6.009455][    T1] usbcore: registered new interface driver lg-vl600
[    6.010161][    T1] usbcore: registered new interface driver qmi_wwan
[    6.010849][    T1] usbcore: registered new interface driver cdc_mbim
[    6.011530][    T1] usbcore: registered new interface driver ch9200
[    6.014921][    T1] VFIO - User Level meta-driver version: 0.3
[    6.019586][    T1] aoe: AoE v85 initialised.
[    6.023248][    T1] ehci_hcd: USB 2.0 'Enhanced' Host Controller (EHCI) Driver
[    6.023825][    T1] ehci-pci: EHCI PCI platform driver
[    6.027010][    T1] ehci-platform: EHCI generic platform driver
[    6.027882][    T1] ohci_hcd: USB 1.1 'Open' Host Controller (OHCI) Driver
[    6.028439][    T1] ohci-pci: OHCI PCI platform driver
[    6.029029][    T1] ohci-platform: OHCI generic platform driver
[    6.029722][    T1] uhci_hcd: USB Universal Host Controller Interface driver
[    6.032490][    T1] usbcore: registered new interface driver cdc_acm
[    6.033098][    T1] cdc_acm: USB Abstract Control Model driver for USB modems and ISDN adapters
[    6.034618][    T1] usbcore: registered new interface driver usblp
[    6.035737][    T1] usbcore: registered new interface driver cdc_wdm
[    6.038811][    T1] usbcore: registered new interface driver usbtmc
[    6.039732][    T1] usbcore: registered new interface driver uas
[    6.040648][    T1] usbcore: registered new interface driver usb-storage
[    6.043328][    T1] usbcore: registered new interface driver ums-alauda
[    6.044254][    T1] usbcore: registered new interface driver ums-cypress
[    6.045169][    T1] usbcore: registered new interface driver ums-datafab
[    6.046278][    T1] usbcore: registered new interface driver ums_eneub6250
[    6.047362][    T1] usbcore: registered new interface driver ums-freecom
[    6.048454][    T1] usbcore: registered new interface driver ums-isd200
[    6.049389][    T1] usbcore: registered new interface driver ums-jumpshot
[    6.050376][    T1] usbcore: registered new interface driver ums-karma
[    6.051207][    T1] usbcore: registered new interface driver ums-onetouch
[    6.052263][    T1] usbcore: registered new interface driver ums-realtek
[    6.052952][    T1] usbcore: registered new interface driver ums-sddr09
[    6.053619][    T1] usbcore: registered new interface driver ums-sddr55
[    6.054304][    T1] usbcore: registered new interface driver ums-usbat
[    6.055013][    T1] usbcore: registered new interface driver mdc800
[    6.055515][    T1] mdc800: v0.7.5 (30/10/2000):USB Driver for Mustek MDC800 Digital Camera
[    6.056323][    T1] usbcore: registered new interface driver microtekX6
[    6.057219][    T1] usbcore: registered new interface driver usbserial_generic
[    6.058091][    T1] usbserial: USB Serial support registered for generic
[    6.058997][    T1] usbcore: registered new interface driver aircable
[    6.060739][    T1] usbserial: USB Serial support registered for aircable
[    6.061438][    T1] usbcore: registered new interface driver ark3116
[    6.062053][    T1] usbserial: USB Serial support registered for ark3116
[    6.062735][    T1] usbcore: registered new interface driver belkin_sa
[    6.063796][    T1] usbserial: USB Serial support registered for Belkin / Peracom / GoHubs USB Serial Adapter
[    6.065211][    T1] usbcore: registered new interface driver ch341
[    6.066515][    T1] usbserial: USB Serial support registered for ch341-uart
[    6.067415][    T1] usbcore: registered new interface driver cp210x
[    6.068409][    T1] usbserial: USB Serial support registered for cp210x
[    6.069232][    T1] usbcore: registered new interface driver cyberjack
[    6.070147][    T1] usbserial: USB Serial support registered for Reiner SCT Cyberjack USB card reader
[    6.071370][    T1] usbcore: registered new interface driver cypress_m8
[    6.072348][    T1] usbserial: USB Serial support registered for DeLorme Earthmate USB
[    6.073437][    T1] usbserial: USB Serial support registered for HID->COM RS232 Adapter
[    6.074339][    T1] usbserial: USB Serial support registered for Nokia CA-42 V2 Adapter
[    6.075337][    T1] usbcore: registered new interface driver usb_debug
[    6.076213][    T1] usbserial: USB Serial support registered for debug
[    6.076996][    T1] usbserial: USB Serial support registered for xhci_dbc
[    6.078029][    T1] usbcore: registered new interface driver digi_acceleport
[    6.078920][    T1] usbserial: USB Serial support registered for Digi 2 port USB adapter
[    6.080082][    T1] usbserial: USB Serial support registered for Digi 4 port USB adapter
[    6.081092][    T1] usbcore: registered new interface driver io_edgeport
[    6.082410][    T1] usbserial: USB Serial support registered for Edgeport 2 port adapter
[    6.083332][    T1] usbserial: USB Serial support registered for Edgeport 4 port adapter
[    6.084362][    T1] usbserial: USB Serial support registered for Edgeport 8 port adapter
[    6.085260][    T1] usbserial: USB Serial support registered for EPiC device
[    6.086423][    T1] usbcore: registered new interface driver io_ti
[    6.087143][    T1] usbserial: USB Serial support registered for Edgeport TI 1 port adapter
[    6.088222][    T1] usbserial: USB Serial support registered for Edgeport TI 2 port adapter
[    6.089178][    T1] usbcore: registered new interface driver empeg
[    6.089991][    T1] usbserial: USB Serial support registered for empeg
[    6.090839][    T1] usbcore: registered new interface driver f81232
[    6.091842][    T1] usbserial: USB Serial support registered for f81232
[    6.092505][    T1] usbcore: registered new interface driver f81534
[    6.093138][    T1] usbserial: USB Serial support registered for Fintek F81532/F81534
[    6.094139][    T1] usbcore: registered new interface driver ftdi_sio
[    6.095172][    T1] usbserial: USB Serial support registered for FTDI USB Serial Device
[    6.096480][    T1] usbcore: registered new interface driver garmin_gps
[    6.097729][    T1] usbserial: USB Serial support registered for Garmin GPS usb/tty
[    6.098852][    T1] usbcore: registered new interface driver ipaq
[    6.099736][    T1] usbserial: USB Serial support registered for PocketPC PDA
[    6.100659][    T1] usbcore: registered new interface driver ipw
[    6.101573][    T1] usbserial: USB Serial support registered for IPWireless converter
[    6.102668][    T1] usbcore: registered new interface driver ir_usb
[    6.103576][    T1] usbserial: USB Serial support registered for IR Dongle
[    6.104650][    T1] usbcore: registered new interface driver iuu_phoenix
[    6.105500][    T1] usbserial: USB Serial support registered for iuu_phoenix
[    6.106611][    T1] usbcore: registered new interface driver keyspan
[    6.107435][    T1] usbserial: USB Serial support registered for Keyspan - (without firmware)
[    6.108650][    T1] usbserial: USB Serial support registered for Keyspan 1 port adapter
[    6.109644][    T1] usbserial: USB Serial support registered for Keyspan 2 port adapter
[    6.110805][    T1] usbserial: USB Serial support registered for Keyspan 4 port adapter
[    6.112010][    T1] usbcore: registered new interface driver keyspan_pda
[    6.112962][    T1] usbserial: USB Serial support registered for Keyspan PDA
[    6.113910][    T1] usbserial: USB Serial support registered for Keyspan PDA - (prerenumeration)
[    6.114909][    T1] usbcore: registered new interface driver kl5kusb105
[    6.116019][    T1] usbserial: USB Serial support registered for KL5KUSB105D / PalmConnect
[    6.116995][    T1] usbcore: registered new interface driver kobil_sct
[    6.118214][    T1] usbserial: USB Serial support registered for KOBIL USB smart card terminal
[    6.119222][    T1] usbcore: registered new interface driver mct_u232
[    6.120055][    T1] usbserial: USB Serial support registered for MCT U232
[    6.120933][    T1] usbcore: registered new interface driver metro_usb
[    6.121812][    T1] usbserial: USB Serial support registered for Metrologic USB to Serial
[    6.123085][    T1] usbcore: registered new interface driver mos7720
[    6.123849][    T1] usbserial: USB Serial support registered for Moschip 2 port adapter
[    6.125149][    T1] usbcore: registered new interface driver mos7840
[    6.125830][    T1] usbserial: USB Serial support registered for Moschip 7840/7820 USB Serial Driver
[    6.126933][    T1] usbcore: registered new interface driver mxuport
[    6.127636][    T1] usbserial: USB Serial support registered for MOXA UPort
[    6.128377][    T1] usbcore: registered new interface driver navman
[    6.129117][    T1] usbserial: USB Serial support registered for navman
[    6.129840][    T1] usbcore: registered new interface driver omninet
[    6.130446][    T1] usbserial: USB Serial support registered for ZyXEL - omni.net lcd plus usb
[    6.132431][    T1] usbcore: registered new interface driver opticon
[    6.133139][    T1] usbserial: USB Serial support registered for opticon
[    6.134015][    T1] usbcore: registered new interface driver option
[    6.134607][    T1] usbserial: USB Serial support registered for GSM modem (1-port)
[    6.135408][    T1] usbcore: registered new interface driver oti6858
[    6.136086][    T1] usbserial: USB Serial support registered for oti6858
[    6.136732][    T1] usbcore: registered new interface driver pl2303
[    6.137364][    T1] usbserial: USB Serial support registered for pl2303
[    6.138190][    T1] usbcore: registered new interface driver qcaux
[    6.138861][    T1] usbserial: USB Serial support registered for qcaux
[    6.139698][    T1] usbcore: registered new interface driver qcserial
[    6.140405][    T1] usbserial: USB Serial support registered for Qualcomm USB modem
[    6.141201][    T1] usbcore: registered new interface driver quatech2
[    6.142068][    T1] usbserial: USB Serial support registered for Quatech 2nd gen USB to Serial Driver
[    6.142991][    T1] usbcore: registered new interface driver safe_serial
[    6.143698][    T1] usbserial: USB Serial support registered for safe_serial
[    6.144377][    T1] usbcore: registered new interface driver sierra
[    6.145174][    T1] usbserial: USB Serial support registered for Sierra USB modem
[    6.145967][    T1] usbcore: registered new interface driver usb_serial_simple
[    6.146636][    T1] usbserial: USB Serial support registered for carelink
[    6.147434][    T1] usbserial: USB Serial support registered for zio
[    6.148030][    T1] usbserial: USB Serial support registered for funsoft
[    6.148745][    T1] usbserial: USB Serial support registered for flashloader
[    6.149554][    T1] usbserial: USB Serial support registered for google
[    6.150181][    T1] usbserial: USB Serial support registered for libtransistor
[    6.151014][    T1] usbserial: USB Serial support registered for vivopay
[    6.152470][    T1] usbserial: USB Serial support registered for moto_modem
[    6.153289][    T1] usbserial: USB Serial support registered for motorola_tetra
[    6.153970][    T1] usbserial: USB Serial support registered for novatel_gps
[    6.154621][    T1] usbserial: USB Serial support registered for hp4x
[    6.155623][    T1] usbserial: USB Serial support registered for suunto
[    6.156541][    T1] usbserial: USB Serial support registered for siemens_mpi
[    6.157809][    T1] usbcore: registered new interface driver spcp8x5
[    6.158691][    T1] usbserial: USB Serial support registered for SPCP8x5
[    6.159406][    T1] usbcore: registered new interface driver ssu100
[    6.160087][    T1] usbserial: USB Serial support registered for Quatech SSU-100 USB to Serial Driver
[    6.161002][    T1] usbcore: registered new interface driver symbolserial
[    6.161779][    T1] usbserial: USB Serial support registered for symbol
[    6.162480][    T1] usbcore: registered new interface driver ti_usb_3410_5052
[    6.163242][    T1] usbserial: USB Serial support registered for TI USB 3410 1 port adapter
[    6.164066][    T1] usbserial: USB Serial support registered for TI USB 5052 2 port adapter
[    6.164870][    T1] usbcore: registered new interface driver upd78f0730
[    6.165525][    T1] usbserial: USB Serial support registered for upd78f0730
[    6.166223][    T1] usbcore: registered new interface driver visor
[    6.166845][    T1] usbserial: USB Serial support registered for Handspring Visor / Palm OS
[    6.167627][    T1] usbserial: USB Serial support registered for Sony Clie 5.0
[    6.168502][    T1] usbserial: USB Serial support registered for Sony Clie 3.5
[    6.169404][    T1] usbcore: registered new interface driver wishbone_serial
[    6.170272][    T1] usbserial: USB Serial support registered for wishbone_serial
[    6.171799][    T1] usbcore: registered new interface driver whiteheat
[    6.172433][    T1] usbserial: USB Serial support registered for Connect Tech - WhiteHEAT - (prerenumeration)
[    6.173297][    T1] usbserial: USB Serial support registered for Connect Tech - WhiteHEAT
[    6.174081][    T1] usbcore: registered new interface driver xsens_mt
[    6.174727][    T1] usbserial: USB Serial support registered for xsens_mt
[    6.175418][    T1] usbcore: registered new interface driver adutux
[    6.176057][    T1] usbcore: registered new interface driver appledisplay
[    6.176756][    T1] usbcore: registered new interface driver cypress_cy7c63
[    6.177465][    T1] usbcore: registered new interface driver cytherm
[    6.178109][    T1] usbcore: registered new interface driver emi26 - firmware loader
[    6.178868][    T1] usbcore: registered new interface driver emi62 - firmware loader
[    6.180856][    T1] usbcore: registered new interface driver idmouse
[    6.181579][    T1] usbcore: registered new interface driver iowarrior
[    6.182258][    T1] usbcore: registered new interface driver isight_firmware
[    6.182969][    T1] usbcore: registered new interface driver usblcd
[    6.183659][    T1] usbcore: registered new interface driver ldusb
[    6.184307][    T1] usbcore: registered new interface driver legousbtower
[    6.185051][    T1] usbcore: registered new interface driver usbtest
[    6.185852][    T1] usbcore: registered new interface driver usb_ehset_test
[    6.186942][    T1] usbcore: registered new interface driver trancevibrator
[    6.187885][    T1] usbcore: registered new interface driver uss720
[    6.188482][    T1] uss720: USB Parport Cable driver for Cables using the Lucent Technologies USS720 Chip
[    6.189483][    T1] uss720: NOTE: this is a special purpose driver to allow nonstandard
[    6.190311][    T1] uss720: protocols (eg. bitbang) over USS720 usb to parallel cables
[    6.191136][    T1] uss720: If you just want to connect to a printer, use usblp instead
[    6.192145][    T1] usbcore: registered new interface driver usbsevseg
[    6.192858][    T1] usbcore: registered new interface driver yurex
[    6.194192][    T1] usbcore: registered new interface driver chaoskey
[    6.194898][    T1] usbcore: registered new interface driver sisusb
[    6.195547][    T1] usbcore: registered new interface driver lvs
[    6.196173][    T1] usbcore: registered new interface driver cxacru
[    6.196848][    T1] usbcore: registered new interface driver speedtch
[    6.197529][    T1] usbcore: registered new interface driver ueagle-atm
[    6.198047][    T1] xusbatm: malformed module parameters
[    6.202843][    T1] dummy_hcd dummy_hcd.0: USB Host+Gadget Emulator, driver 02 May 2005
[    6.203512][    T1] dummy_hcd dummy_hcd.0: Dummy host controller
[    6.204760][    T1] dummy_hcd dummy_hcd.0: new USB bus registered, assigned bus number 1
[    6.206050][    T1] usb usb1: New USB device found, idVendor=1d6b, idProduct=0002, bcdDevice= 5.06
[    6.206779][    T1] usb usb1: New USB device strings: Mfr=3, Product=2, SerialNumber=1
[    6.207393][    T1] usb usb1: Product: Dummy host controller
[    6.207839][    T1] usb usb1: Manufacturer: Linux 5.6.0-rc5-3d157c28d228-00016-g3d157c28d228 dummy_hcd
[    6.208558][    T1] usb usb1: SerialNumber: dummy_hcd.0
[    6.212007][    T1] hub 1-0:1.0: USB hub found
[    6.212569][    T1] hub 1-0:1.0: 1 port detected
[    6.214707][    T1] dummy_hcd dummy_hcd.1: USB Host+Gadget Emulator, driver 02 May 2005
[    6.215363][    T1] dummy_hcd dummy_hcd.1: Dummy host controller
[    6.216234][    T1] dummy_hcd dummy_hcd.1: new USB bus registered, assigned bus number 2
[    6.217628][    T1] usb usb2: New USB device found, idVendor=1d6b, idProduct=0002, bcdDevice= 5.06
[    6.218435][    T1] usb usb2: New USB device strings: Mfr=3, Product=2, SerialNumber=1
[    6.219120][    T1] usb usb2: Product: Dummy host controller
[    6.219625][    T1] usb usb2: Manufacturer: Linux 5.6.0-rc5-3d157c28d228-00016-g3d157c28d228 dummy_hcd
[    6.220410][    T1] usb usb2: SerialNumber: dummy_hcd.1
[    6.222606][    T1] hub 2-0:1.0: USB hub found
[    6.223112][    T1] hub 2-0:1.0: 1 port detected
[    6.224903][    T1] dummy_hcd dummy_hcd.2: USB Host+Gadget Emulator, driver 02 May 2005
[    6.225618][    T1] dummy_hcd dummy_hcd.2: Dummy host controller
[    6.226568][    T1] dummy_hcd dummy_hcd.2: new USB bus registered, assigned bus number 3
[    6.227620][    T1] usb usb3: New USB device found, idVendor=1d6b, idProduct=0002, bcdDevice= 5.06
[    6.228316][    T1] usb usb3: New USB device strings: Mfr=3, Product=2, SerialNumber=1
[    6.228928][    T1] usb usb3: Product: Dummy host controller
[    6.229377][    T1] usb usb3: Manufacturer: Linux 5.6.0-rc5-3d157c28d228-00016-g3d157c28d228 dummy_hcd
[    6.230090][    T1] usb usb3: SerialNumber: dummy_hcd.2
[    6.232305][    T1] hub 3-0:1.0: USB hub found
[    6.232753][    T1] hub 3-0:1.0: 1 port detected
[    6.234356][    T1] dummy_hcd dummy_hcd.3: USB Host+Gadget Emulator, driver 02 May 2005
[    6.234990][    T1] dummy_hcd dummy_hcd.3: Dummy host controller
[    6.235804][    T1] dummy_hcd dummy_hcd.3: new USB bus registered, assigned bus number 4
[    6.236802][    T1] usb usb4: New USB device found, idVendor=1d6b, idProduct=0002, bcdDevice= 5.06
[    6.237498][    T1] usb usb4: New USB device strings: Mfr=3, Product=2, SerialNumber=1
[    6.238110][    T1] usb usb4: Product: Dummy host controller
[    6.238555][    T1] usb usb4: Manufacturer: Linux 5.6.0-rc5-3d157c28d228-00016-g3d157c28d228 dummy_hcd
[    6.239274][    T1] usb usb4: SerialNumber: dummy_hcd.3
[    6.241313][    T1] hub 4-0:1.0: USB hub found
[    6.241966][    T1] hub 4-0:1.0: 1 port detected
[    6.243616][    T1] dummy_hcd dummy_hcd.4: USB Host+Gadget Emulator, driver 02 May 2005
[    6.244262][    T1] dummy_hcd dummy_hcd.4: Dummy host controller
[    6.245063][    T1] dummy_hcd dummy_hcd.4: new USB bus registered, assigned bus number 5
[    6.246062][    T1] usb usb5: New USB device found, idVendor=1d6b, idProduct=0002, bcdDevice= 5.06
[    6.246765][    T1] usb usb5: New USB device strings: Mfr=3, Product=2, SerialNumber=1
[    6.247712][    T1] usb usb5: Product: Dummy host controller
[    6.248379][    T1] usb usb5: Manufacturer: Linux 5.6.0-rc5-3d157c28d228-00016-g3d157c28d228 dummy_hcd
[    6.249295][    T1] usb usb5: SerialNumber: dummy_hcd.4
[    6.251735][    T1] hub 5-0:1.0: USB hub found
[    6.252318][    T1] hub 5-0:1.0: 1 port detected
[    6.254161][    T1] dummy_hcd dummy_hcd.5: USB Host+Gadget Emulator, driver 02 May 2005
[    6.255005][    T1] dummy_hcd dummy_hcd.5: Dummy host controller
[    6.255999][    T1] dummy_hcd dummy_hcd.5: new USB bus registered, assigned bus number 6
[    6.257155][    T1] usb usb6: New USB device found, idVendor=1d6b, idProduct=0002, bcdDevice= 5.06
[    6.257919][    T1] usb usb6: New USB device strings: Mfr=3, Product=2, SerialNumber=1
[    6.258656][    T1] usb usb6: Product: Dummy host controller
[    6.259189][    T1] usb usb6: Manufacturer: Linux 5.6.0-rc5-3d157c28d228-00016-g3d157c28d228 dummy_hcd
[    6.260027][    T1] usb usb6: SerialNumber: dummy_hcd.5
[    6.262020][    T1] hub 6-0:1.0: USB hub found
[    6.262477][    T1] hub 6-0:1.0: 1 port detected
[    6.264066][    T1] dummy_hcd dummy_hcd.6: USB Host+Gadget Emulator, driver 02 May 2005
[    6.264718][    T1] dummy_hcd dummy_hcd.6: Dummy host controller
[    6.265516][    T1] dummy_hcd dummy_hcd.6: new USB bus registered, assigned bus number 7
[    6.266642][    T1] usb usb7: New USB device found, idVendor=1d6b, idProduct=0002, bcdDevice= 5.06
[    6.267483][    T1] usb usb7: New USB device strings: Mfr=3, Product=2, SerialNumber=1
[    6.268213][    T1] usb usb7: Product: Dummy host controller
[    6.268735][    T1] usb usb7: Manufacturer: Linux 5.6.0-rc5-3d157c28d228-00016-g3d157c28d228 dummy_hcd
[    6.269500][    T1] usb usb7: SerialNumber: dummy_hcd.6
[    6.270937][    T1] hub 7-0:1.0: USB hub found
[    6.271522][    T1] hub 7-0:1.0: 1 port detected
[    6.273181][    T1] dummy_hcd dummy_hcd.7: USB Host+Gadget Emulator, driver 02 May 2005
[    6.273958][    T1] dummy_hcd dummy_hcd.7: Dummy host controller
[    6.274918][    T1] dummy_hcd dummy_hcd.7: new USB bus registered, assigned bus number 8
[    6.276054][    T1] usb usb8: New USB device found, idVendor=1d6b, idProduct=0002, bcdDevice= 5.06
[    6.276884][    T1] usb usb8: New USB device strings: Mfr=3, Product=2, SerialNumber=1
[    6.277692][    T1] usb usb8: Product: Dummy host controller
[    6.278373][    T1] usb usb8: Manufacturer: Linux 5.6.0-rc5-3d157c28d228-00016-g3d157c28d228 dummy_hcd
[    6.279246][    T1] usb usb8: SerialNumber: dummy_hcd.7
[    6.281954][    T1] hub 8-0:1.0: USB hub found
[    6.282453][    T1] hub 8-0:1.0: 1 port detected
[    6.292719][    T1] gadgetfs: USB Gadget filesystem, version 24 Aug 2004
[    6.295713][    T1] vhci_hcd vhci_hcd.0: USB/IP Virtual Host Controller
[    6.296641][    T1] vhci_hcd vhci_hcd.0: new USB bus registered, assigned bus number 9
[    6.297443][    T1] vhci_hcd: created sysfs vhci_hcd.0
[    6.298257][    T1] usb usb9: New USB device found, idVendor=1d6b, idProduct=0002, bcdDevice= 5.06
[    6.298950][    T1] usb usb9: New USB device strings: Mfr=3, Product=2, SerialNumber=1
[    6.299566][    T1] usb usb9: Product: USB/IP Virtual Host Controller
[    6.300064][    T1] usb usb9: Manufacturer: Linux 5.6.0-rc5-3d157c28d228-00016-g3d157c28d228 vhci_hcd
[    6.300777][    T1] usb usb9: SerialNumber: vhci_hcd.0
[    6.302580][    T1] hub 9-0:1.0: USB hub found
[    6.303176][    T1] hub 9-0:1.0: 8 ports detected
[    6.306223][    T1] vhci_hcd vhci_hcd.0: USB/IP Virtual Host Controller
[    6.307132][    T1] vhci_hcd vhci_hcd.0: new USB bus registered, assigned bus number 10
[    6.307952][    T1] usb usb10: We don't know the algorithms for LPM for this host, disabling LPM.
[    6.309341][    T1] usb usb10: New USB device found, idVendor=1d6b, idProduct=0003, bcdDevice= 5.06
[    6.310185][    T1] usb usb10: New USB device strings: Mfr=3, Product=2, SerialNumber=1
[    6.310882][    T1] usb usb10: Product: USB/IP Virtual Host Controller
[    6.311788][    T1] usb usb10: Manufacturer: Linux 5.6.0-rc5-3d157c28d228-00016-g3d157c28d228 vhci_hcd
[    6.312576][    T1] usb usb10: SerialNumber: vhci_hcd.0
[    6.314199][    T1] hub 10-0:1.0: USB hub found
[    6.314682][    T1] hub 10-0:1.0: 8 ports detected
[    6.318122][    T1] vhci_hcd vhci_hcd.1: USB/IP Virtual Host Controller
[    6.319103][    T1] vhci_hcd vhci_hcd.1: new USB bus registered, assigned bus number 11
[    6.320326][    T1] usb usb11: New USB device found, idVendor=1d6b, idProduct=0002, bcdDevice= 5.06
[    6.321033][    T1] usb usb11: New USB device strings: Mfr=3, Product=2, SerialNumber=1
[    6.322114][    T1] usb usb11: Product: USB/IP Virtual Host Controller
[    6.322638][    T1] usb usb11: Manufacturer: Linux 5.6.0-rc5-3d157c28d228-00016-g3d157c28d228 vhci_hcd
[    6.323355][    T1] usb usb11: SerialNumber: vhci_hcd.1
[    6.324781][    T1] hub 11-0:1.0: USB hub found
[    6.325237][    T1] hub 11-0:1.0: 8 ports detected
[    6.327994][    T1] vhci_hcd vhci_hcd.1: USB/IP Virtual Host Controller
[    6.328913][    T1] vhci_hcd vhci_hcd.1: new USB bus registered, assigned bus number 12
[    6.329792][    T1] usb usb12: We don't know the algorithms for LPM for this host, disabling LPM.
[    6.331006][    T1] usb usb12: New USB device found, idVendor=1d6b, idProduct=0003, bcdDevice= 5.06
[    6.332369][    T1] usb usb12: New USB device strings: Mfr=3, Product=2, SerialNumber=1
[    6.332994][    T1] usb usb12: Product: USB/IP Virtual Host Controller
[    6.333503][    T1] usb usb12: Manufacturer: Linux 5.6.0-rc5-3d157c28d228-00016-g3d157c28d228 vhci_hcd
[    6.334230][    T1] usb usb12: SerialNumber: vhci_hcd.1
[    6.335482][    T1] hub 12-0:1.0: USB hub found
[    6.336023][    T1] hub 12-0:1.0: 8 ports detected
[    6.340331][    T1] vhci_hcd vhci_hcd.2: USB/IP Virtual Host Controller
[    6.341312][    T1] vhci_hcd vhci_hcd.2: new USB bus registered, assigned bus number 13
[    6.343404][    T1] usb usb13: New USB device found, idVendor=1d6b, idProduct=0002, bcdDevice= 5.06
[    6.344123][    T1] usb usb13: New USB device strings: Mfr=3, Product=2, SerialNumber=1
[    6.344745][    T1] usb usb13: Product: USB/IP Virtual Host Controller
[    6.345253][    T1] usb usb13: Manufacturer: Linux 5.6.0-rc5-3d157c28d228-00016-g3d157c28d228 vhci_hcd
[    6.345963][    T1] usb usb13: SerialNumber: vhci_hcd.2
[    6.347573][    T1] hub 13-0:1.0: USB hub found
[    6.348026][    T1] hub 13-0:1.0: 8 ports detected
[    6.350790][    T1] vhci_hcd vhci_hcd.2: USB/IP Virtual Host Controller
[    6.351741][    T1] vhci_hcd vhci_hcd.2: new USB bus registered, assigned bus number 14
[    6.352633][    T1] usb usb14: We don't know the algorithms for LPM for this host, disabling LPM.
[    6.353837][    T1] usb usb14: New USB device found, idVendor=1d6b, idProduct=0003, bcdDevice= 5.06
[    6.354548][    T1] usb usb14: New USB device strings: Mfr=3, Product=2, SerialNumber=1
[    6.355164][    T1] usb usb14: Product: USB/IP Virtual Host Controller
[    6.355670][    T1] usb usb14: Manufacturer: Linux 5.6.0-rc5-3d157c28d228-00016-g3d157c28d228 vhci_hcd
[    6.356385][    T1] usb usb14: SerialNumber: vhci_hcd.2
[    6.357785][    T1] hub 14-0:1.0: USB hub found
[    6.358235][    T1] hub 14-0:1.0: 8 ports detected
[    6.361833][    T1] vhci_hcd vhci_hcd.3: USB/IP Virtual Host Controller
[    6.362960][    T1] vhci_hcd vhci_hcd.3: new USB bus registered, assigned bus number 15
[    6.364555][    T1] usb usb15: New USB device found, idVendor=1d6b, idProduct=0002, bcdDevice= 5.06
[    6.365452][    T1] usb usb15: New USB device strings: Mfr=3, Product=2, SerialNumber=1
[    6.366233][    T1] usb usb15: Product: USB/IP Virtual Host Controller
[    6.366881][    T1] usb usb15: Manufacturer: Linux 5.6.0-rc5-3d157c28d228-00016-g3d157c28d228 vhci_hcd
[    6.367795][    T1] usb usb15: SerialNumber: vhci_hcd.3
[    6.369655][    T1] hub 15-0:1.0: USB hub found
[    6.370246][    T1] hub 15-0:1.0: 8 ports detected
[    6.373709][    T1] vhci_hcd vhci_hcd.3: USB/IP Virtual Host Controller
[    6.374632][    T1] vhci_hcd vhci_hcd.3: new USB bus registered, assigned bus number 16
[    6.375406][    T1] usb usb16: We don't know the algorithms for LPM for this host, disabling LPM.
[    6.376589][    T1] usb usb16: New USB device found, idVendor=1d6b, idProduct=0003, bcdDevice= 5.06
[    6.377296][    T1] usb usb16: New USB device strings: Mfr=3, Product=2, SerialNumber=1
[    6.377913][    T1] usb usb16: Product: USB/IP Virtual Host Controller
[    6.378430][    T1] usb usb16: Manufacturer: Linux 5.6.0-rc5-3d157c28d228-00016-g3d157c28d228 vhci_hcd
[    6.379148][    T1] usb usb16: SerialNumber: vhci_hcd.3
[    6.380544][    T1] hub 16-0:1.0: USB hub found
[    6.380998][    T1] hub 16-0:1.0: 8 ports detected
[    6.384335][    T1] vhci_hcd vhci_hcd.4: USB/IP Virtual Host Controller
[    6.385315][    T1] vhci_hcd vhci_hcd.4: new USB bus registered, assigned bus number 17
[    6.386604][    T1] usb usb17: New USB device found, idVendor=1d6b, idProduct=0002, bcdDevice= 5.06
[    6.387310][    T1] usb usb17: New USB device strings: Mfr=3, Product=2, SerialNumber=1
[    6.387929][    T1] usb usb17: Product: USB/IP Virtual Host Controller
[    6.388448][    T1] usb usb17: Manufacturer: Linux 5.6.0-rc5-3d157c28d228-00016-g3d157c28d228 vhci_hcd
[    6.389162][    T1] usb usb17: SerialNumber: vhci_hcd.4
[    6.390456][    T1] hub 17-0:1.0: USB hub found
[    6.390905][    T1] hub 17-0:1.0: 8 ports detected
[    6.394644][    T1] vhci_hcd vhci_hcd.4: USB/IP Virtual Host Controller
[    6.395494][    T1] vhci_hcd vhci_hcd.4: new USB bus registered, assigned bus number 18
[    6.396266][    T1] usb usb18: We don't know the algorithms for LPM for this host, disabling LPM.
[    6.397358][    T1] usb usb18: New USB device found, idVendor=1d6b, idProduct=0003, bcdDevice= 5.06
[    6.398069][    T1] usb usb18: New USB device strings: Mfr=3, Product=2, SerialNumber=1
[    6.398690][    T1] usb usb18: Product: USB/IP Virtual Host Controller
[    6.399201][    T1] usb usb18: Manufacturer: Linux 5.6.0-rc5-3d157c28d228-00016-g3d157c28d228 vhci_hcd
[    6.400255][    T1] usb usb18: SerialNumber: vhci_hcd.4
[    6.402071][    T1] hub 18-0:1.0: USB hub found
[    6.402602][    T1] hub 18-0:1.0: 8 ports detected
[    6.406219][    T1] vhci_hcd vhci_hcd.5: USB/IP Virtual Host Controller
[    6.407229][    T1] vhci_hcd vhci_hcd.5: new USB bus registered, assigned bus number 19
[    6.408400][    T1] usb usb19: New USB device found, idVendor=1d6b, idProduct=0002, bcdDevice= 5.06
[    6.409172][    T1] usb usb19: New USB device strings: Mfr=3, Product=2, SerialNumber=1
[    6.409876][    T1] usb usb19: Product: USB/IP Virtual Host Controller
[    6.410410][    T1] usb usb19: Manufacturer: Linux 5.6.0-rc5-3d157c28d228-00016-g3d157c28d228 vhci_hcd
[    6.411122][    T1] usb usb19: SerialNumber: vhci_hcd.5
[    6.413218][    T1] hub 19-0:1.0: USB hub found
[    6.413690][    T1] hub 19-0:1.0: 8 ports detected
[    6.416429][    T1] vhci_hcd vhci_hcd.5: USB/IP Virtual Host Controller
[    6.417346][    T1] vhci_hcd vhci_hcd.5: new USB bus registered, assigned bus number 20
[    6.418209][    T1] usb usb20: We don't know the algorithms for LPM for this host, disabling LPM.
[    6.419424][    T1] usb usb20: New USB device found, idVendor=1d6b, idProduct=0003, bcdDevice= 5.06
[    6.420129][    T1] usb usb20: New USB device strings: Mfr=3, Product=2, SerialNumber=1
[    6.420751][    T1] usb usb20: Product: USB/IP Virtual Host Controller
[    6.421264][    T1] usb usb20: Manufacturer: Linux 5.6.0-rc5-3d157c28d228-00016-g3d157c28d228 vhci_hcd
[    6.422136][    T1] usb usb20: SerialNumber: vhci_hcd.5
[    6.423654][    T1] hub 20-0:1.0: USB hub found
[    6.424107][    T1] hub 20-0:1.0: 8 ports detected
[    6.427528][    T1] vhci_hcd vhci_hcd.6: USB/IP Virtual Host Controller
[    6.428457][    T1] vhci_hcd vhci_hcd.6: new USB bus registered, assigned bus number 21
[    6.429769][    T1] usb usb21: New USB device found, idVendor=1d6b, idProduct=0002, bcdDevice= 5.06
[    6.430697][    T1] usb usb21: New USB device strings: Mfr=3, Product=2, SerialNumber=1
[    6.432269][    T1] usb usb21: Product: USB/IP Virtual Host Controller
[    6.432850][    T1] usb usb21: Manufacturer: Linux 5.6.0-rc5-3d157c28d228-00016-g3d157c28d228 vhci_hcd
[    6.433656][    T1] usb usb21: SerialNumber: vhci_hcd.6
[    6.435093][    T1] hub 21-0:1.0: USB hub found
[    6.435600][    T1] hub 21-0:1.0: 8 ports detected
[    6.438823][    T1] vhci_hcd vhci_hcd.6: USB/IP Virtual Host Controller
[    6.439885][    T1] vhci_hcd vhci_hcd.6: new USB bus registered, assigned bus number 22
[    6.440768][    T1] usb usb22: We don't know the algorithms for LPM for this host, disabling LPM.
[    6.442742][    T1] usb usb22: New USB device found, idVendor=1d6b, idProduct=0003, bcdDevice= 5.06
[    6.443463][    T1] usb usb22: New USB device strings: Mfr=3, Product=2, SerialNumber=1
[    6.444082][    T1] usb usb22: Product: USB/IP Virtual Host Controller
[    6.444593][    T1] usb usb22: Manufacturer: Linux 5.6.0-rc5-3d157c28d228-00016-g3d157c28d228 vhci_hcd
[    6.445318][    T1] usb usb22: SerialNumber: vhci_hcd.6
[    6.446735][    T1] hub 22-0:1.0: USB hub found
[    6.447184][    T1] hub 22-0:1.0: 8 ports detected
[    6.450600][    T1] vhci_hcd vhci_hcd.7: USB/IP Virtual Host Controller
[    6.451678][    T1] vhci_hcd vhci_hcd.7: new USB bus registered, assigned bus number 23
[    6.452696][    T1] usb usb23: New USB device found, idVendor=1d6b, idProduct=0002, bcdDevice= 5.06
[    6.453407][    T1] usb usb23: New USB device strings: Mfr=3, Product=2, SerialNumber=1
[    6.454025][    T1] usb usb23: Product: USB/IP Virtual Host Controller
[    6.454536][    T1] usb usb23: Manufacturer: Linux 5.6.0-rc5-3d157c28d228-00016-g3d157c28d228 vhci_hcd
[    6.455258][    T1] usb usb23: SerialNumber: vhci_hcd.7
[    6.456653][    T1] hub 23-0:1.0: USB hub found
[    6.457247][    T1] hub 23-0:1.0: 8 ports detected
[    6.460053][    T1] vhci_hcd vhci_hcd.7: USB/IP Virtual Host Controller
[    6.461111][    T1] vhci_hcd vhci_hcd.7: new USB bus registered, assigned bus number 24
[    6.463925][    T1] usb usb24: We don't know the algorithms for LPM for this host, disabling LPM.
[    6.465154][    T1] usb usb24: New USB device found, idVendor=1d6b, idProduct=0003, bcdDevice= 5.06
[    6.465925][    T1] usb usb24: New USB device strings: Mfr=3, Product=2, SerialNumber=1
[    6.466604][    T1] usb usb24: Product: USB/IP Virtual Host Controller
[    6.467155][    T1] usb usb24: Manufacturer: Linux 5.6.0-rc5-3d157c28d228-00016-g3d157c28d228 vhci_hcd
[    6.467936][    T1] usb usb24: SerialNumber: vhci_hcd.7
[    6.469470][    T1] hub 24-0:1.0: USB hub found
[    6.469950][    T1] hub 24-0:1.0: 8 ports detected
[    6.473358][    T1] vhci_hcd vhci_hcd.8: USB/IP Virtual Host Controller
[    6.474283][    T1] vhci_hcd vhci_hcd.8: new USB bus registered, assigned bus number 25
[    6.475460][    T1] usb usb25: New USB device found, idVendor=1d6b, idProduct=0002, bcdDevice= 5.06
[    6.476169][    T1] usb usb25: New USB device strings: Mfr=3, Product=2, SerialNumber=1
[    6.476795][    T1] usb usb25: Product: USB/IP Virtual Host Controller
[    6.477303][    T1] usb usb25: Manufacturer: Linux 5.6.0-rc5-3d157c28d228-00016-g3d157c28d228 vhci_hcd
[    6.478020][    T1] usb usb25: SerialNumber: vhci_hcd.8
[    6.479688][    T1] hub 25-0:1.0: USB hub found
[    6.480143][    T1] hub 25-0:1.0: 8 ports detected
[    6.483138][    T1] vhci_hcd vhci_hcd.8: USB/IP Virtual Host Controller
[    6.484187][    T1] vhci_hcd vhci_hcd.8: new USB bus registered, assigned bus number 26
[    6.484976][    T1] usb usb26: We don't know the algorithms for LPM for this host, disabling LPM.
[    6.485968][    T1] usb usb26: New USB device found, idVendor=1d6b, idProduct=0003, bcdDevice= 5.06
[    6.486668][    T1] usb usb26: New USB device strings: Mfr=3, Product=2, SerialNumber=1
[    6.487289][    T1] usb usb26: Product: USB/IP Virtual Host Controller
[    6.487795][    T1] usb usb26: Manufacturer: Linux 5.6.0-rc5-3d157c28d228-00016-g3d157c28d228 vhci_hcd
[    6.488510][    T1] usb usb26: SerialNumber: vhci_hcd.8
[    6.489798][    T1] hub 26-0:1.0: USB hub found
[    6.490255][    T1] hub 26-0:1.0: 8 ports detected
[    6.494579][    T1] vhci_hcd vhci_hcd.9: USB/IP Virtual Host Controller
[    6.495538][    T1] vhci_hcd vhci_hcd.9: new USB bus registered, assigned bus number 27
[    6.496643][    T1] usb usb27: New USB device found, idVendor=1d6b, idProduct=0002, bcdDevice= 5.06
[    6.497348][    T1] usb usb27: New USB device strings: Mfr=3, Product=2, SerialNumber=1
[    6.497970][    T1] usb usb27: Product: USB/IP Virtual Host Controller
[    6.498542][    T1] usb usb27: Manufacturer: Linux 5.6.0-rc5-3d157c28d228-00016-g3d157c28d228 vhci_hcd
[    6.499332][    T1] usb usb27: SerialNumber: vhci_hcd.9
[    6.502407][    T1] hub 27-0:1.0: USB hub found
[    6.502864][    T1] hub 27-0:1.0: 8 ports detected
[    6.505688][    T1] vhci_hcd vhci_hcd.9: USB/IP Virtual Host Controller
[    6.506542][    T1] vhci_hcd vhci_hcd.9: new USB bus registered, assigned bus number 28
[    6.507418][    T1] usb usb28: We don't know the algorithms for LPM for this host, disabling LPM.
[    6.508517][    T1] usb usb28: New USB device found, idVendor=1d6b, idProduct=0003, bcdDevice= 5.06
[    6.509228][    T1] usb usb28: New USB device strings: Mfr=3, Product=2, SerialNumber=1
[    6.509856][    T1] usb usb28: Product: USB/IP Virtual Host Controller
[    6.510373][    T1] usb usb28: Manufacturer: Linux 5.6.0-rc5-3d157c28d228-00016-g3d157c28d228 vhci_hcd
[    6.511089][    T1] usb usb28: SerialNumber: vhci_hcd.9
[    6.512487][    T1] hub 28-0:1.0: USB hub found
[    6.512946][    T1] hub 28-0:1.0: 8 ports detected
[    6.516313][    T1] vhci_hcd vhci_hcd.10: USB/IP Virtual Host Controller
[    6.517264][    T1] vhci_hcd vhci_hcd.10: new USB bus registered, assigned bus number 29
[    6.518568][    T1] usb usb29: New USB device found, idVendor=1d6b, idProduct=0002, bcdDevice= 5.06
[    6.519279][    T1] usb usb29: New USB device strings: Mfr=3, Product=2, SerialNumber=1
[    6.519896][    T1] usb usb29: Product: USB/IP Virtual Host Controller
[    6.520408][    T1] usb usb29: Manufacturer: Linux 5.6.0-rc5-3d157c28d228-00016-g3d157c28d228 vhci_hcd
[    6.521125][    T1] usb usb29: SerialNumber: vhci_hcd.10
[    6.522823][    T1] hub 29-0:1.0: USB hub found
[    6.523703][    T1] hub 29-0:1.0: 8 ports detected
[    6.527141][    T1] vhci_hcd vhci_hcd.10: USB/IP Virtual Host Controller
[    6.528530][    T1] vhci_hcd vhci_hcd.10: new USB bus registered, assigned bus number 30
[    6.529531][    T1] usb usb30: We don't know the algorithms for LPM for this host, disabling LPM.
[    6.530964][    T1] usb usb30: New USB device found, idVendor=1d6b, idProduct=0003, bcdDevice= 5.06
[    6.531948][    T1] usb usb30: New USB device strings: Mfr=3, Product=2, SerialNumber=1
[    6.532802][    T1] usb usb30: Product: USB/IP Virtual Host Controller
[    6.533448][    T1] usb usb30: Manufacturer: Linux 5.6.0-rc5-3d157c28d228-00016-g3d157c28d228 vhci_hcd
[    6.534368][    T1] usb usb30: SerialNumber: vhci_hcd.10
[    6.535916][    T1] hub 30-0:1.0: USB hub found
[    6.536467][    T1] hub 30-0:1.0: 8 ports detected
[    6.540072][    T1] vhci_hcd vhci_hcd.11: USB/IP Virtual Host Controller
[    6.541183][    T1] vhci_hcd vhci_hcd.11: new USB bus registered, assigned bus number 31
[    6.542640][    T1] usb usb31: New USB device found, idVendor=1d6b, idProduct=0002, bcdDevice= 5.06
[    6.543361][    T1] usb usb31: New USB device strings: Mfr=3, Product=2, SerialNumber=1
[    6.543979][    T1] usb usb31: Product: USB/IP Virtual Host Controller
[    6.544487][    T1] usb usb31: Manufacturer: Linux 5.6.0-rc5-3d157c28d228-00016-g3d157c28d228 vhci_hcd
[    6.545206][    T1] usb usb31: SerialNumber: vhci_hcd.11
[    6.546505][    T1] hub 31-0:1.0: USB hub found
[    6.546958][    T1] hub 31-0:1.0: 8 ports detected
[    6.549724][    T1] vhci_hcd vhci_hcd.11: USB/IP Virtual Host Controller
[    6.550641][    T1] vhci_hcd vhci_hcd.11: new USB bus registered, assigned bus number 32
[    6.551699][    T1] usb usb32: We don't know the algorithms for LPM for this host, disabling LPM.
[    6.552902][    T1] usb usb32: New USB device found, idVendor=1d6b, idProduct=0003, bcdDevice= 5.06
[    6.553762][    T1] usb usb32: New USB device strings: Mfr=3, Product=2, SerialNumber=1
[    6.554657][    T1] usb usb32: Product: USB/IP Virtual Host Controller
[    6.555231][    T1] usb usb32: Manufacturer: Linux 5.6.0-rc5-3d157c28d228-00016-g3d157c28d228 vhci_hcd
[    6.556036][    T1] usb usb32: SerialNumber: vhci_hcd.11
[    6.557584][    T1] hub 32-0:1.0: USB hub found
[    6.558036][    T1] hub 32-0:1.0: 8 ports detected
[    6.561970][    T1] vhci_hcd vhci_hcd.12: USB/IP Virtual Host Controller
[    6.562963][    T1] vhci_hcd vhci_hcd.12: new USB bus registered, assigned bus number 33
[    6.564276][    T1] usb usb33: New USB device found, idVendor=1d6b, idProduct=0002, bcdDevice= 5.06
[    6.564979][    T1] usb usb33: New USB device strings: Mfr=3, Product=2, SerialNumber=1
[    6.565600][    T1] usb usb33: Product: USB/IP Virtual Host Controller
[    6.566107][    T1] usb usb33: Manufacturer: Linux 5.6.0-rc5-3d157c28d228-00016-g3d157c28d228 vhci_hcd
[    6.566823][    T1] usb usb33: SerialNumber: vhci_hcd.12
[    6.568330][    T1] hub 33-0:1.0: USB hub found
[    6.568779][    T1] hub 33-0:1.0: 8 ports detected
[    6.571619][    T1] vhci_hcd vhci_hcd.12: USB/IP Virtual Host Controller
[    6.572537][    T1] vhci_hcd vhci_hcd.12: new USB bus registered, assigned bus number 34
[    6.573407][    T1] usb usb34: We don't know the algorithms for LPM for this host, disabling LPM.
[    6.574624][    T1] usb usb34: New USB device found, idVendor=1d6b, idProduct=0003, bcdDevice= 5.06
[    6.575334][    T1] usb usb34: New USB device strings: Mfr=3, Product=2, SerialNumber=1
[    6.575956][    T1] usb usb34: Product: USB/IP Virtual Host Controller
[    6.576467][    T1] usb usb34: Manufacturer: Linux 5.6.0-rc5-3d157c28d228-00016-g3d157c28d228 vhci_hcd
[    6.577185][    T1] usb usb34: SerialNumber: vhci_hcd.12
[    6.578586][    T1] hub 34-0:1.0: USB hub found
[    6.579033][    T1] hub 34-0:1.0: 8 ports detected
[    6.583152][    T1] vhci_hcd vhci_hcd.13: USB/IP Virtual Host Controller
[    6.584287][    T1] vhci_hcd vhci_hcd.13: new USB bus registered, assigned bus number 35
[    6.585750][    T1] usb usb35: New USB device found, idVendor=1d6b, idProduct=0002, bcdDevice= 5.06
[    6.586538][    T1] usb usb35: New USB device strings: Mfr=3, Product=2, SerialNumber=1
[    6.587229][    T1] usb usb35: Product: USB/IP Virtual Host Controller
[    6.587801][    T1] usb usb35: Manufacturer: Linux 5.6.0-rc5-3d157c28d228-00016-g3d157c28d228 vhci_hcd
[    6.588581][    T1] usb usb35: SerialNumber: vhci_hcd.13
[    6.590073][    T1] hub 35-0:1.0: USB hub found
[    6.590574][    T1] hub 35-0:1.0: 8 ports detected
[    6.593820][    T1] vhci_hcd vhci_hcd.13: USB/IP Virtual Host Controller
[    6.594743][    T1] vhci_hcd vhci_hcd.13: new USB bus registered, assigned bus number 36
[    6.595534][    T1] usb usb36: We don't know the algorithms for LPM for this host, disabling LPM.
[    6.596951][    T1] usb usb36: New USB device found, idVendor=1d6b, idProduct=0003, bcdDevice= 5.06
[    6.597662][    T1] usb usb36: New USB device strings: Mfr=3, Product=2, SerialNumber=1
[    6.598285][    T1] usb usb36: Product: USB/IP Virtual Host Controller
[    6.598796][    T1] usb usb36: Manufacturer: Linux 5.6.0-rc5-3d157c28d228-00016-g3d157c28d228 vhci_hcd
[    6.599519][    T1] usb usb36: SerialNumber: vhci_hcd.13
[    6.600920][    T1] hub 36-0:1.0: USB hub found
[    6.601375][    T1] hub 36-0:1.0: 8 ports detected
[    6.605317][    T1] vhci_hcd vhci_hcd.14: USB/IP Virtual Host Controller
[    6.606248][    T1] vhci_hcd vhci_hcd.14: new USB bus registered, assigned bus number 37
[    6.607469][    T1] usb usb37: New USB device found, idVendor=1d6b, idProduct=0002, bcdDevice= 5.06
[    6.608174][    T1] usb usb37: New USB device strings: Mfr=3, Product=2, SerialNumber=1
[    6.608799][    T1] usb usb37: Product: USB/IP Virtual Host Controller
[    6.609323][    T1] usb usb37: Manufacturer: Linux 5.6.0-rc5-3d157c28d228-00016-g3d157c28d228 vhci_hcd
[    6.610042][    T1] usb usb37: SerialNumber: vhci_hcd.14
[    6.612197][    T1] hub 37-0:1.0: USB hub found
[    6.612668][    T1] hub 37-0:1.0: 8 ports detected
[    6.615761][    T1] vhci_hcd vhci_hcd.14: USB/IP Virtual Host Controller
[    6.616778][    T1] vhci_hcd vhci_hcd.14: new USB bus registered, assigned bus number 38
[    6.617663][    T1] usb usb38: We don't know the algorithms for LPM for this host, disabling LPM.
[    6.618786][    T1] usb usb38: New USB device found, idVendor=1d6b, idProduct=0003, bcdDevice= 5.06
[    6.619551][    T1] usb usb38: New USB device strings: Mfr=3, Product=2, SerialNumber=1
[    6.620172][    T1] usb usb38: Product: USB/IP Virtual Host Controller
[    6.620684][    T1] usb usb38: Manufacturer: Linux 5.6.0-rc5-3d157c28d228-00016-g3d157c28d228 vhci_hcd
[    6.621403][    T1] usb usb38: SerialNumber: vhci_hcd.14
[    6.622796][    T1] hub 38-0:1.0: USB hub found
[    6.623257][    T1] hub 38-0:1.0: 8 ports detected
[    6.626635][    T1] vhci_hcd vhci_hcd.15: USB/IP Virtual Host Controller
[    6.627566][    T1] vhci_hcd vhci_hcd.15: new USB bus registered, assigned bus number 39
[    6.628867][    T1] usb usb39: New USB device found, idVendor=1d6b, idProduct=0002, bcdDevice= 5.06
[    6.629584][    T1] usb usb39: New USB device strings: Mfr=3, Product=2, SerialNumber=1
[    6.630205][    T1] usb usb39: Product: USB/IP Virtual Host Controller
[    6.630719][    T1] usb usb39: Manufacturer: Linux 5.6.0-rc5-3d157c28d228-00016-g3d157c28d228 vhci_hcd
[    6.631680][    T1] usb usb39: SerialNumber: vhci_hcd.15
[    6.632983][    T1] hub 39-0:1.0: USB hub found
[    6.633440][    T1] hub 39-0:1.0: 8 ports detected
[    6.636218][    T1] vhci_hcd vhci_hcd.15: USB/IP Virtual Host Controller
[    6.637181][    T1] vhci_hcd vhci_hcd.15: new USB bus registered, assigned bus number 40
[    6.638072][    T1] usb usb40: We don't know the algorithms for LPM for this host, disabling LPM.
[    6.639331][    T1] usb usb40: New USB device found, idVendor=1d6b, idProduct=0003, bcdDevice= 5.06
[    6.640048][    T1] usb usb40: New USB device strings: Mfr=3, Product=2, SerialNumber=1
[    6.640676][    T1] usb usb40: Product: USB/IP Virtual Host Controller
[    6.641192][    T1] usb usb40: Manufacturer: Linux 5.6.0-rc5-3d157c28d228-00016-g3d157c28d228 vhci_hcd
[    6.642301][    T1] usb usb40: SerialNumber: vhci_hcd.15
[    6.643655][    T1] hub 40-0:1.0: USB hub found
[    6.644108][    T1] hub 40-0:1.0: 8 ports detected
[    6.648808][    T1] usbcore: registered new device driver usbip-host
[    6.651747][    T1] i8042: PNP: PS/2 Controller [PNP0303:KBD,PNP0f13:MOU] at 0x60,0x64 irq 1,12
[    6.656158][    T1] serio: i8042 KBD port at 0x60,0x64 irq 1
[    6.657153][    T1] serio: i8042 AUX port at 0x60,0x64 irq 12
[    6.659015][    T1] mousedev: PS/2 mouse device common for all mice
[    6.661069][  T439] input: AT Translated Set 2 keyboard as /devices/platform/i8042/serio0/input/input1
[    6.664573][    T1] usbcore: registered new interface driver appletouch
[    6.665385][    T1] usbcore: registered new interface driver bcm5974
[    6.667223][    T1] usbcore: registered new interface driver synaptics_usb
[    6.671303][    T1] usbcore: registered new interface driver iforce
[    6.672257][    T1] usbcore: registered new interface driver xpad
[    6.672963][    T1] usbcore: registered new interface driver usb_acecad
[    6.673708][    T1] usbcore: registered new interface driver aiptek
[    6.674395][    T1] usbcore: registered new interface driver hanwang
[    6.675144][    T1] usbcore: registered new interface driver kbtab
[    6.676164][    T1] usbcore: registered new interface driver pegasus_notetaker
[    6.677270][    T1] usbcore: registered new interface driver usbtouchscreen
[    6.678354][    T1] usbcore: registered new interface driver sur40
[    6.680187][    T1] usbcore: registered new interface driver ati_remote2
[    6.680785][    T1] cm109: Keymap for Komunikate KIP1000 phone loaded
[    6.681613][    T1] usbcore: registered new interface driver cm109
[    6.682142][    T1] cm109: CM109 phone driver: 20080805 (C) Alfred E. Heggestad
[    6.682944][    T1] usbcore: registered new interface driver ims_pcu
[    6.683730][    T1] usbcore: registered new interface driver keyspan_remote
[    6.684543][    T1] usbcore: registered new interface driver powermate
[    6.685658][    T1] usbcore: registered new interface driver yealink
[    6.687568][    T1] rtc_cmos 00:05: RTC can wake from S4
[    6.690620][    T1] rtc_cmos 00:05: registered as rtc0
[    6.691048][    T1] rtc_cmos 00:05: alarms up to one day, y3k, 242 bytes nvram, hpet irqs
[    6.694779][    T1] i2c /dev entries driver
[    6.695771][    T1] usbcore: registered new interface driver i2c-diolan-u2c
[    6.696750][    T1] usbcore: registered new interface driver RobotFuzz Open Source InterFace, OSIF
[    6.697640][    T1] usbcore: registered new interface driver i2c-tiny-usb
[    6.700520][    T1] usbcore: registered new interface driver ati_remote
[    6.702184][    T1] usbcore: registered new interface driver imon
[    6.702990][    T1] usbcore: registered new interface driver mceusb
[    6.703715][    T1] usbcore: registered new interface driver redrat3
[    6.704515][    T1] usbcore: registered new interface driver streamzap
[    6.705294][    T1] usbcore: registered new interface driver igorplugusb
[    6.706072][    T1] usbcore: registered new interface driver iguanair
[    6.707125][    T1] usbcore: registered new interface driver ttusbir
[    6.707722][    T1] b2c2-flexcop: B2C2 FlexcopII/II(b)/III digital TV receiver chip loaded successfully
[    6.718923][    T1] vivid-000: using single planar format API
[    6.739004][    T1] vivid-000: CEC adapter cec0 registered for HDMI input 0
[    6.740020][    T1] vivid-000: V4L2 capture device registered as video3
[    6.740918][    T1] vivid-000: CEC adapter cec1 registered for HDMI output 0
[    6.742314][    T1] vivid-000: V4L2 output device registered as video4
[    6.743140][    T1] vivid-000: V4L2 capture device registered as vbi0, supports raw and sliced VBI
[    6.744157][    T1] vivid-000: V4L2 output device registered as vbi1, supports raw and sliced VBI
[    6.745149][    T1] vivid-000: V4L2 capture device registered as swradio0
[    6.746020][    T1] vivid-000: V4L2 receiver device registered as radio0
[    6.746867][    T1] vivid-000: V4L2 transmitter device registered as radio1
[    6.747726][    T1] vivid-000: V4L2 metadata capture device registered as video5
[    6.748620][    T1] vivid-000: V4L2 metadata output device registered as video6
[    6.749486][    T1] vivid-000: V4L2 touch capture device registered as v4l-touch0
[    6.750795][    T1] vivid-001: using multiplanar format API
[    6.762725][    T1] vivid-001: CEC adapter cec2 registered for HDMI input 0
[    6.763585][    T1] vivid-001: V4L2 capture device registered as video7
[    6.764477][    T1] vivid-001: CEC adapter cec3 registered for HDMI output 0
[    6.765329][    T1] vivid-001: V4L2 output device registered as video8
[    6.766175][    T1] vivid-001: V4L2 capture device registered as vbi2, supports raw and sliced VBI
[    6.767416][    T1] vivid-001: V4L2 output device registered as vbi3, supports raw and sliced VBI
[    6.769273][    T1] vivid-001: V4L2 capture device registered as swradio1
[    6.770263][    T1] vivid-001: V4L2 receiver device registered as radio2
[    6.771118][    T1] vivid-001: V4L2 transmitter device registered as radio3
[    6.772072][    T1] vivid-001: V4L2 metadata capture device registered as video9
[    6.773093][    T1] vivid-001: V4L2 metadata output device registered as video10
[    6.773927][    T1] vivid-001: V4L2 touch capture device registered as v4l-touch1
[    6.775056][    T1] vivid-002: using single planar format API
[    6.783882][    T1] vivid-002: CEC adapter cec4 registered for HDMI input 0
[    6.784751][    T1] vivid-002: V4L2 capture device registered as video11
[    6.785568][    T1] vivid-002: CEC adapter cec5 registered for HDMI output 0
[    6.786436][    T1] vivid-002: V4L2 output device registered as video12
[    6.787244][    T1] vivid-002: V4L2 capture device registered as vbi4, supports raw and sliced VBI
[    6.788243][    T1] vivid-002: V4L2 output device registered as vbi5, supports raw and sliced VBI
[    6.789229][    T1] vivid-002: V4L2 capture device registered as swradio2
[    6.790048][    T1] vivid-002: V4L2 receiver device registered as radio4
[    6.790996][    T1] vivid-002: V4L2 transmitter device registered as radio5
[    6.792670][    T1] vivid-002: V4L2 metadata capture device registered as video13
[    6.793518][    T1] vivid-002: V4L2 metadata output device registered as video14
[    6.794525][    T1] vivid-002: V4L2 touch capture device registered as v4l-touch2
[    6.795416][    T1] vivid-003: using multiplanar format API
[    6.805615][    T1] vivid-003: CEC adapter cec6 registered for HDMI input 0
[    6.806590][    T1] vivid-003: V4L2 capture device registered as video15
[    6.807496][    T1] vivid-003: CEC adapter cec7 registered for HDMI output 0
[    6.808341][    T1] vivid-003: V4L2 output device registered as video16
[    6.809160][    T1] vivid-003: V4L2 capture device registered as vbi6, supports raw and sliced VBI
[    6.810244][    T1] vivid-003: V4L2 output device registered as vbi7, supports raw and sliced VBI
[    6.811635][    T1] vivid-003: V4L2 capture device registered as swradio3
[    6.812599][    T1] vivid-003: V4L2 receiver device registered as radio6
[    6.813383][    T1] vivid-003: V4L2 transmitter device registered as radio7
[    6.814211][    T1] vivid-003: V4L2 metadata capture device registered as video17
[    6.815146][    T1] vivid-003: V4L2 metadata output device registered as video18
[    6.816025][    T1] vivid-003: V4L2 touch capture device registered as v4l-touch3
[    6.817147][    T1] vivid-004: using single planar format API
[    6.826218][    T1] vivid-004: CEC adapter cec8 registered for HDMI input 0
[    6.827091][    T1] vivid-004: V4L2 capture device registered as video19
[    6.827905][    T1] vivid-004: CEC adapter cec9 registered for HDMI output 0
[    6.829061][    T1] vivid-004: V4L2 output device registered as video20
[    6.830059][    T1] vivid-004: V4L2 capture device registered as vbi8, supports raw and sliced VBI
[    6.831486][    T1] vivid-004: V4L2 output device registered as vbi9, supports raw and sliced VBI
[    6.832763][    T1] vivid-004: V4L2 capture device registered as swradio4
[    6.833615][    T1] vivid-004: V4L2 receiver device registered as radio8
[    6.834560][    T1] vivid-004: V4L2 transmitter device registered as radio9
[    6.835404][    T1] vivid-004: V4L2 metadata capture device registered as video21
[    6.836285][    T1] vivid-004: V4L2 metadata output device registered as video22
[    6.837362][    T1] vivid-004: V4L2 touch capture device registered as v4l-touch4
[    6.838421][    T1] vivid-005: using multiplanar format API
[    6.857283][    T1] vivid-005: CEC adapter cec10 registered for HDMI input 0
[    6.858201][    T1] vivid-005: V4L2 capture device registered as video23
[    6.859046][    T1] vivid-005: CEC adapter cec11 registered for HDMI output 0
[    6.860065][    T1] vivid-005: V4L2 output device registered as video24
[    6.861293][    T1] vivid-005: V4L2 capture device registered as vbi10, supports raw and sliced VBI
[    6.862991][    T1] vivid-005: V4L2 output device registered as vbi11, supports raw and sliced VBI
[    6.864096][    T1] vivid-005: V4L2 capture device registered as swradio5
[    6.864969][    T1] vivid-005: V4L2 receiver device registered as radio10
[    6.865790][    T1] vivid-005: V4L2 transmitter device registered as radio11
[    6.866668][    T1] vivid-005: V4L2 metadata capture device registered as video25
[    6.867585][    T1] vivid-005: V4L2 metadata output device registered as video26
[    6.868477][    T1] vivid-005: V4L2 touch capture device registered as v4l-touch5
[    6.870899][    T1] vivid-006: using single planar format API
[    6.879809][    T1] vivid-006: CEC adapter cec12 registered for HDMI input 0
[    6.880696][    T1] vivid-006: V4L2 capture device registered as video27
[    6.882559][    T1] vivid-006: CEC adapter cec13 registered for HDMI output 0
[    6.883420][    T1] vivid-006: V4L2 output device registered as video28
[    6.884230][    T1] vivid-006: V4L2 capture device registered as vbi12, supports raw and sliced VBI
[    6.885296][    T1] vivid-006: V4L2 output device registered as vbi13, supports raw and sliced VBI
[    6.886677][    T1] vivid-006: V4L2 capture device registered as swradio6
[    6.887466][    T1] vivid-006: V4L2 receiver device registered as radio12
[    6.888345][    T1] vivid-006: V4L2 transmitter device registered as radio13
[    6.889192][    T1] vivid-006: V4L2 metadata capture device registered as video29
[    6.890079][    T1] vivid-006: V4L2 metadata output device registered as video30
[    6.891640][    T1] vivid-006: V4L2 touch capture device registered as v4l-touch6
[    6.892629][    T1] vivid-007: using multiplanar format API
[    6.901662][    T1] vivid-007: CEC adapter cec14 registered for HDMI input 0
[    6.902592][    T1] vivid-007: V4L2 capture device registered as video31
[    6.903438][    T1] vivid-007: CEC adapter cec15 registered for HDMI output 0
[    6.904306][    T1] vivid-007: V4L2 output device registered as video32
[    6.905118][    T1] vivid-007: V4L2 capture device registered as vbi14, supports raw and sliced VBI
[    6.906119][    T1] vivid-007: V4L2 output device registered as vbi15, supports raw and sliced VBI
[    6.907112][    T1] vivid-007: V4L2 capture device registered as swradio7
[    6.907926][    T1] vivid-007: V4L2 receiver device registered as radio14
[    6.909609][    T1] vivid-007: V4L2 transmitter device registered as radio15
[    6.910432][    T1] vivid-007: V4L2 metadata capture device registered as video33
[    6.911313][    T1] vivid-007: V4L2 metadata output device registered as video34
[    6.912300][    T1] vivid-007: V4L2 touch capture device registered as v4l-touch7
[    6.913292][    T1] vivid-008: using single planar format API
[    6.923804][    T1] vivid-008: CEC adapter cec16 registered for HDMI input 0
[    6.924761][    T1] vivid-008: V4L2 capture device registered as video35
[    6.925667][    T1] vivid-008: CEC adapter cec17 registered for HDMI output 0
[    6.926603][    T1] vivid-008: V4L2 output device registered as video36
[    6.927414][    T1] vivid-008: V4L2 capture device registered as vbi16, supports raw and sliced VBI
[    6.928474][    T1] vivid-008: V4L2 output device registered as vbi17, supports raw and sliced VBI
[    6.929854][    T1] vivid-008: V4L2 capture device registered as swradio8
