c[?7l[2J[0mSeaBIOS (version rel-1.16.0-0-gd239552ce722-prebuilt.qemu.org)


iPXE (http://ipxe.org) 00:03.0 CA00 PCI2.10 PnP PMM+7FF91000+7FEF1000 CA00
Press Ctrl-B to configure iPXE (PCI 00:03.0)...                                                                               


Booting from ROM..c[?7l[2J[0m.early console in extract_kernel
input_data: 0x000000000bef82c8
input_len: 0x0000000004508bef
output: 0x0000000001000000
output_len: 0x000000000e033b28
kernel_total_size: 0x000000000f426000
needed_size: 0x000000000f600000
trampoline_32bit: 0x000000000009d000

Decompressing Linux... Parsing ELF... done.
Booting the kernel.
[    0.000000][    T0] Linux version 5.6.0-49835c15a552-01633-g49835c15a552 (root@xpf.sh.intel.com) (gcc version 8.5.0 20210514 (Red Hat 8.5.0-20) (GCC)) #1 SMP PREEMPT Sun Dec 3 14:18:18 CST 2023
[    0.000000][    T0] Command line: console=ttyS0 root=/dev/sda1 earlyprintk=serial net.ifnames=0 thunderbolt.dyndbg plymouth.enable=0
[    0.000000][    T0] KERNEL supported cpus:
[    0.000000][    T0]   Intel GenuineIntel
[    0.000000][    T0]   AMD AuthenticAMD
[    0.000000][    T0] x86/fpu: Supporting XSAVE feature 0x001: 'x87 floating point registers'
[    0.000000][    T0] x86/fpu: Supporting XSAVE feature 0x002: 'SSE registers'
[    0.000000][    T0] x86/fpu: Supporting XSAVE feature 0x004: 'AVX registers'
[    0.000000][    T0] x86/fpu: Supporting XSAVE feature 0x008: 'MPX bounds registers'
[    0.000000][    T0] x86/fpu: Supporting XSAVE feature 0x010: 'MPX CSR'
[    0.000000][    T0] x86/fpu: Supporting XSAVE feature 0x020: 'AVX-512 opmask'
[    0.000000][    T0] x86/fpu: Supporting XSAVE feature 0x040: 'AVX-512 Hi256'
[    0.000000][    T0] x86/fpu: Supporting XSAVE feature 0x080: 'AVX-512 ZMM_Hi256'
[    0.000000][    T0] x86/fpu: xstate_offset[2]:  576, xstate_sizes[2]:  256
[    0.000000][    T0] x86/fpu: xstate_offset[3]:  832, xstate_sizes[3]:   64
[    0.000000][    T0] x86/fpu: xstate_offset[4]:  896, xstate_sizes[4]:   64
[    0.000000][    T0] x86/fpu: xstate_offset[5]:  960, xstate_sizes[5]:   64
[    0.000000][    T0] x86/fpu: xstate_offset[6]: 1024, xstate_sizes[6]:  512
[    0.000000][    T0] x86/fpu: xstate_offset[7]: 1536, xstate_sizes[7]: 1024
[    0.000000][    T0] x86/fpu: Enabled xstate features 0xff, context size is 2560 bytes, using 'compacted' format.
[    0.000000][    T0] BIOS-provided physical RAM map:
[    0.000000][    T0] BIOS-e820: [mem 0x0000000000000000-0x000000000009fbff] usable
[    0.000000][    T0] BIOS-e820: [mem 0x000000000009fc00-0x000000000009ffff] reserved
[    0.000000][    T0] BIOS-e820: [mem 0x00000000000f0000-0x00000000000fffff] reserved
[    0.000000][    T0] BIOS-e820: [mem 0x0000000000100000-0x000000007ffdffff] usable
[    0.000000][    T0] BIOS-e820: [mem 0x000000007ffe0000-0x000000007fffffff] reserved
[    0.000000][    T0] BIOS-e820: [mem 0x00000000feffc000-0x00000000feffffff] reserved
[    0.000000][    T0] BIOS-e820: [mem 0x00000000fffc0000-0x00000000ffffffff] reserved
[    0.000000][    T0] printk: bootconsole [earlyser0] enabled
[    0.000000][    T0] ERROR: earlyprintk= earlyser already used
[    0.000000][    T0] ERROR: earlyprintk= earlyser already used
[    0.000000][    T0] ERROR: earlyprintk= earlyser already used
[    0.000000][    T0] Malformed early option 'vsyscall'
[    0.000000][    T0] nopcid: PCID feature disabled
[    0.000000][    T0] NX (Execute Disable) protection: active
[    0.000000][    T0] SMBIOS 2.8 present.
[    0.000000][    T0] DMI: QEMU Standard PC (i440FX + PIIX, 1996), BIOS rel-1.16.0-0-gd239552ce722-prebuilt.qemu.org 04/01/2014
[    0.000000][    T0] Hypervisor detected: KVM
[    0.000000][    T0] kvm-clock: Using msrs 4b564d01 and 4b564d00
[    0.000002][    T0] kvm-clock: cpu 0, msr ec5a001, primary cpu clock
[    0.000003][    T0] kvm-clock: using sched offset of 857156716 cycles
[    0.000631][    T0] clocksource: kvm-clock: mask: 0xffffffffffffffff max_cycles: 0x1cd42e4dffb, max_idle_ns: 881590591483 ns
[    0.002281][    T0] tsc: Detected 2999.998 MHz processor
[    0.007707][    T0] last_pfn = 0x7ffe0 max_arch_pfn = 0x400000000
[    0.008376][    T0] x86/PAT: Configuration [0-7]: WB  WC  UC- UC  WB  WP  UC- WT  
[    0.016529][    T0] found SMP MP-table at [mem 0x000f5ba0-0x000f5baf]
[    0.017368][    T0] Using GB pages for direct mapping
[    0.018665][    T0] ACPI: Early table checksum verification disabled
[    0.019278][    T0] ACPI: RSDP 0x00000000000F59C0 000014 (v00 BOCHS )
[    0.019890][    T0] ACPI: RSDT 0x000000007FFE1951 000034 (v01 BOCHS  BXPC     00000001 BXPC 00000001)
[    0.020771][    T0] ACPI: FACP 0x000000007FFE17FD 000074 (v01 BOCHS  BXPC     00000001 BXPC 00000001)
[    0.021630][    T0] ACPI: DSDT 0x000000007FFE0040 0017BD (v01 BOCHS  BXPC     00000001 BXPC 00000001)
[    0.022487][    T0] ACPI: FACS 0x000000007FFE0000 000040
[    0.022981][    T0] ACPI: APIC 0x000000007FFE1871 000080 (v01 BOCHS  BXPC     00000001 BXPC 00000001)
[    0.023837][    T0] ACPI: HPET 0x000000007FFE18F1 000038 (v01 BOCHS  BXPC     00000001 BXPC 00000001)
[    0.024687][    T0] ACPI: WAET 0x000000007FFE1929 000028 (v01 BOCHS  BXPC     00000001 BXPC 00000001)
[    0.026363][    T0] No NUMA configuration found
[    0.026745][    T0] Faking a node at [mem 0x0000000000000000-0x000000007ffdffff]
[    0.027367][    T0] Faking node 0 at [mem 0x0000000000000000-0x000000003fffffff] (1024MB)
[    0.028048][    T0] Faking node 1 at [mem 0x0000000040000000-0x000000007ffdffff] (1023MB)
[    0.029033][    T0] NODE_DATA(0) allocated [mem 0x3fffb000-0x3fffffff]
[    0.029729][    T0] NODE_DATA(1) allocated [mem 0x7ffda000-0x7ffdefff]
[    0.033862][    T0] Zone ranges:
[    0.034176][    T0]   DMA      [mem 0x0000000000001000-0x0000000000ffffff]
[    0.034753][    T0]   DMA32    [mem 0x0000000001000000-0x000000007ffdffff]
[    0.035328][    T0]   Normal   empty
[    0.035627][    T0]   Device   empty
[    0.035925][    T0] Movable zone start for each node
[    0.036342][    T0] Early memory node ranges
[    0.036700][    T0]   node   0: [mem 0x0000000000001000-0x000000000009efff]
[    0.037284][    T0]   node   0: [mem 0x0000000000100000-0x000000003fffffff]
[    0.037866][    T0]   node   1: [mem 0x0000000040000000-0x000000007ffdffff]
[    0.038457][    T0] Zeroed struct page in unavailable ranges: 130 pages
[    0.038461][    T0] Initmem setup node 0 [mem 0x0000000000001000-0x000000003fffffff]
[    0.050627][    T0] Initmem setup node 1 [mem 0x0000000040000000-0x000000007ffdffff]
[    0.095409][    T0] kasan: KernelAddressSanitizer initialized
[    0.096240][    T0] ACPI: PM-Timer IO Port: 0x608
[    0.096711][    T0] ACPI: LAPIC_NMI (acpi_id[0xff] dfl dfl lint[0x1])
[    0.097364][    T0] IOAPIC[0]: apic_id 0, version 17, address 0xfec00000, GSI 0-23
[    0.098072][    T0] ACPI: INT_SRC_OVR (bus 0 bus_irq 0 global_irq 2 dfl dfl)
[    0.098723][    T0] ACPI: INT_SRC_OVR (bus 0 bus_irq 5 global_irq 5 high level)
[    0.099403][    T0] ACPI: INT_SRC_OVR (bus 0 bus_irq 9 global_irq 9 high level)
[    0.100082][    T0] ACPI: INT_SRC_OVR (bus 0 bus_irq 10 global_irq 10 high level)
[    0.100766][    T0] ACPI: INT_SRC_OVR (bus 0 bus_irq 11 global_irq 11 high level)
[    0.101476][    T0] Using ACPI (MADT) for SMP configuration information
[    0.102098][    T0] ACPI: HPET id: 0x8086a201 base: 0xfed00000
[    0.102641][    T0] smpboot: Allowing 2 CPUs, 0 hotplug CPUs
[    0.103197][    T0] KVM setup pv remote TLB flush
[    0.103634][    T0] KVM setup pv sched yield
[    0.104068][    T0] PM: hibernation: Registered nosave memory: [mem 0x00000000-0x00000fff]
[    0.104832][    T0] PM: hibernation: Registered nosave memory: [mem 0x0009f000-0x0009ffff]
[    0.105593][    T0] PM: hibernation: Registered nosave memory: [mem 0x000a0000-0x000effff]
[    0.106359][    T0] PM: hibernation: Registered nosave memory: [mem 0x000f0000-0x000fffff]
[    0.107130][    T0] [mem 0x80000000-0xfeffbfff] available for PCI devices
[    0.107758][    T0] Booting paravirtualized kernel on KVM
[    0.108281][    T0] clocksource: refined-jiffies: mask: 0xffffffff max_cycles: 0xffffffff, max_idle_ns: 19112604462750000 ns
[    0.152757][    T0] setup_percpu: NR_CPUS:8 nr_cpumask_bits:8 nr_cpu_ids:2 nr_node_ids:2
[    0.154069][    T0] percpu: Embedded 65 pages/cpu s227592 r8192 d30456 u2097152
[    0.154799][    T0] KVM setup async PF for cpu 0
[    0.155194][    T0] kvm-stealtime: cpu 0, msr 2ce21a80
[    0.155637][    T0] PV qspinlock hash table entries: 256 (order: 0, 4096 bytes, linear)
[    0.156337][    T0] Built 2 zonelists, mobility grouping on.  Total pages: 515945
[    0.156969][    T0] Policy zone: DMA32
[    0.157300][    T0] Kernel command line: earlyprintk=serial net.ifnames=0 sysctl.kernel.hung_task_all_cpu_backtrace=1 ima_policy=tcb nf-conntrack-ftp.ports=20000 nf-conntrack-tftp.ports=20000 nf-conntrack-sip.ports=20000 nf-conntrack-irc.ports=20000 nf-conntrack-sane.ports=20000 binder.debug_mask=0 rcupdate.rcu_expedited=1 rcupdate.rcu_cpu_stall_cputime=1 no_hash_pointers page_owner=on sysctl.vm.nr_hugepages=4 sysctl.vm.nr_overcommit_hugepages=4 secretmem.enable=1 sysctl.max_rcu_stall_to_panic=1 msr.allow_writes=off coredump_filter=0xffff root=/dev/sda console=ttyS0 vsyscall=native numa=fake=2 kvm-intel.nested=1 spec_store_bypass_disable=prctl nopcid vivid.n_devs=16 vivid.multiplanar=1,2,1,2,1,2,1,2,1,2,1,2,1,2,1,2 netrom.nr_ndevs=16 rose.rose_ndevs=16 smp.csd_lock_timeout=100000 watchdog_thresh=55 workqueue.watchdog_thresh=140 sysctl.net.core.netdev_unregister_timeout_secs=140 dummy_hcd.num=8 panic_on_warn=1 console=ttyS0 root=/dev/sda1 earlyprintk=serial net.ifnames=0 thunderb
[    0.160618][    T0] mem auto-init: stack:off, heap alloc:on, heap free:off
[    0.278749][    T0] Memory: 1519572K/2096632K available (133130K kernel code, 40706K rwdata, 27228K rodata, 2596K init, 24372K bss, 577060K reserved, 0K cma-reserved)
[    0.280609][    T0] SLUB: HWalign=64, Order=0-3, MinObjects=0, CPUs=2, Nodes=2
[    0.282772][    T0] Running RCU self tests
[    0.283141][    T0] rcu: Preemptible hierarchical RCU implementation.
[    0.283659][    T0] rcu: 	RCU lockdep checking is enabled.
[    0.284107][    T0] rcu: 	RCU restricting CPUs from NR_CPUS=8 to nr_cpu_ids=2.
[    0.284686][    T0] rcu: 	RCU callback double-/use-after-free debug enabled.
[    0.285257][    T0] rcu: 	RCU debug extended QS entry/exit.
[    0.285740][    T0] 	All grace periods are expedited (rcu_expedited).
[    0.286309][    T0] 	Tasks RCU enabled.
[    0.286658][    T0] rcu: RCU calculated value of scheduler-enlistment delay is 10 jiffies.
[    0.287363][    T0] rcu: Adjusting geometry for rcu_fanout_leaf=16, nr_cpu_ids=2
[    0.292522][    T0] NR_IRQS: 4352, nr_irqs: 440, preallocated irqs: 16
[    0.293666][    T0] random: get_random_bytes called from start_kernel+0x521/0x85a with crng_init=0
[    0.298583][    T0] Console: colour VGA+ 80x25
[    0.299854][    T0] printk: console [ttyS0] enabled
[    0.299854][    T0] printk: console [ttyS0] enabled
[    0.300761][    T0] printk: bootconsole [earlyser0] disabled
[    0.300761][    T0] printk: bootconsole [earlyser0] disabled
[    0.301797][    T0] Lock dependency validator: Copyright (c) 2006 Red Hat, Inc., Ingo Molnar
[    0.302586][    T0] ... MAX_LOCKDEP_SUBCLASSES:  8
[    0.303041][    T0] ... MAX_LOCK_DEPTH:          48
[    0.303500][    T0] ... MAX_LOCKDEP_KEYS:        8192
[    0.303979][    T0] ... CLASSHASH_SIZE:          4096
[    0.304455][    T0] ... MAX_LOCKDEP_ENTRIES:     32768
[    0.304938][    T0] ... MAX_LOCKDEP_CHAINS:      65536
[    0.305428][    T0] ... CHAINHASH_SIZE:          32768
[    0.305911][    T0]  memory used by lock dependency info: 6237 kB
[    0.306484][    T0]  memory used for stack traces: 4224 kB
[    0.307201][    T0]  per task-struct memory footprint: 1920 bytes
[    0.307954][    T0] mempolicy: Enabling automatic NUMA balancing. Configure with numa_balancing= or the kernel.numa_balancing sysctl
[    0.309087][    T0] ACPI: Core revision 20200110
[    0.309962][    T0] clocksource: hpet: mask: 0xffffffff max_cycles: 0xffffffff, max_idle_ns: 19112604467 ns
[    0.311094][    T0] APIC: Switch to symmetric I/O mode setup
[    0.311806][    T0] x2apic enabled
[    0.312337][    T0] Switched APIC routing to physical x2apic.
[    0.312866][    T0] KVM setup pv IPIs
[    0.314345][    T0] ..TIMER: vector=0x30 apic1=0 pin1=2 apic2=-1 pin2=-1
[    0.314993][    T0] clocksource: tsc-early: mask: 0xffffffffffffffff max_cycles: 0x2b3e43c8763, max_idle_ns: 440795360101 ns
[    0.316073][    T0] Calibrating delay loop (skipped) preset value.. 5999.99 BogoMIPS (lpj=29999980)
[    0.316917][    T0] pid_max: default: 32768 minimum: 301
[    0.317602][    T0] LSM: Security Framework initializing
[    0.318155][    T0] Yama: becoming mindful.
[    0.318629][    T0] TOMOYO Linux initialized
[    0.319247][    T0] AppArmor: AppArmor initialized
[    0.320575][    T0] Dentry cache hash table entries: 262144 (order: 9, 2097152 bytes, vmalloc)
[    0.326443][    T0] Inode-cache hash table entries: 131072 (order: 8, 1048576 bytes, vmalloc)
[    0.327308][    T0] Mount-cache hash table entries: 4096 (order: 3, 32768 bytes, vmalloc)
[    0.328095][    T0] Mountpoint-cache hash table entries: 4096 (order: 3, 32768 bytes, vmalloc)
[    0.328996][    T0] *** VALIDATE tmpfs ***
[    0.330646][    T0] *** VALIDATE proc ***
[    0.331566][    T0] *** VALIDATE cgroup ***
[    0.331936][    T0] *** VALIDATE cgroup2 ***
[    0.332491][    T0] x86/cpu: User Mode Instruction Prevention (UMIP) activated
[    0.333198][    T0] Last level iTLB entries: 4KB 0, 2MB 0, 4MB 0
[    0.333707][    T0] Last level dTLB entries: 4KB 0, 2MB 0, 4MB 0, 1GB 0
[    0.334281][    T0] Spectre V1 : Mitigation: usercopy/swapgs barriers and __user pointer sanitization
[    0.335072][    T0] Spectre V2 : Mitigation: Enhanced IBRS
[    0.335506][    T0] Spectre V2 : Spectre v2 / SpectreRSB mitigation: Filling RSB on context switch
[    0.336100][    T0] Spectre V2 : mitigation: Enabling conditional Indirect Branch Prediction Barrier
[    0.336851][    T0] Speculative Store Bypass: Mitigation: Speculative Store Bypass disabled via prctl
[    0.337594][    T0] TAA: Mitigation: Clear CPU buffers
[    0.338946][    T0] Freeing SMP alternatives memory: 100K
[    0.340066][    T1] smpboot: CPU0: Intel(R) Core(TM) i9-10980XE CPU @ 3.00GHz (family: 0x6, model: 0x55, stepping: 0x7)
[    0.406120][    T1] Performance Events: Skylake events, full-width counters, Intel PMU driver.
[    0.406876][    T1] ... version:                2
[    0.407255][    T1] ... bit width:              48
[    0.407636][    T1] ... generic registers:      4
[    0.408014][    T1] ... value mask:             0000ffffffffffff
[    0.408488][    T1] ... max period:             00007fffffffffff
[    0.408965][    T1] ... fixed-purpose events:   3
[    0.409340][    T1] ... event mask:             000000070000000f
[    0.426095][    T1] rcu: Hierarchical SRCU implementation.
[    0.476090][    T1] smp: Bringing up secondary CPUs ...
[    0.556240][    T1] x86: Booting SMP configuration:
[    0.556728][    T1] .... node  #1, CPUs:      #1
[    0.022548][    T0] kvm-clock: cpu 1, msr ec5a041, secondary cpu clock
[    0.558313][   T15] KVM setup async PF for cpu 1
[    0.558313][   T15] kvm-stealtime: cpu 1, msr 7ec21a80
[    0.558313][    T1] smp: Brought up 2 nodes, 2 CPUs
[    0.558313][    T1] smpboot: Max logical packages: 1
[    0.558313][    T1] smpboot: Total of 2 processors activated (11999.99 BogoMIPS)
[    0.561015][    T1] allocated 12582912 bytes of page_ext
[    0.561636][    T1] Node 0, zone      DMA: page owner found early allocated 0 pages
[    0.569572][    T1] Node 0, zone    DMA32: page owner found early allocated 2736 pages
[    0.570609][    T1] Node 1, zone    DMA32: page owner found early allocated 2596 pages
[    0.571778][    T1] devtmpfs: initialized
[    0.571778][    T1] x86/mm: Memory block size: 128MB
[    0.589562][    T1] clocksource: jiffies: mask: 0xffffffff max_cycles: 0xffffffff, max_idle_ns: 19112604462750000 ns
[    0.590477][    T1] futex hash table entries: 512 (order: 4, 65536 bytes, vmalloc)
[    0.591539][    T1] xor: automatically using best checksumming function   avx       
[    0.596376][   T24] kworker/u5:0 (24) used greatest stack depth: 27480 bytes left
[    0.598449][    T1] PM: RTC time: 06:26:49, date: 2023-12-03
[    0.598940][    T1] thermal_sys: Registered thermal governor 'step_wise'
[    0.598942][    T1] thermal_sys: Registered thermal governor 'user_space'
[    0.600825][    T1] NET: Registered protocol family 16
[    0.604783][    T1] audit: initializing netlink subsys (disabled)
[    0.605964][   T34] audit: type=2000 audit(1701584809.990:1): state=initialized audit_enabled=0 res=1
[    0.609111][    T1] cpuidle: using governor menu
[    0.611980][    T1] ACPI: bus type PCI registered
[    0.613598][   T38] kworker/u5:1 (38) used greatest stack depth: 27064 bytes left
[    0.615873][    T1] dca service started, version 1.12.1
[    0.616599][    T1] PCI: Using configuration type 1 for base access
[    0.656870][  T206] kworker/u5:0 (206) used greatest stack depth: 26968 bytes left
[    0.966775][    T1] HugeTLB registered 1.00 GiB page size, pre-allocated 0 pages
[    0.967400][    T1] HugeTLB registered 2.00 MiB page size, pre-allocated 0 pages
[    0.996209][    T1] cryptd: max_cpu_qlen set to 1000
[    1.020549][    T1] raid6: skip pq benchmark and using algorithm avx512x4
[    1.021273][    T1] raid6: using avx512x2 recovery algorithm
[    1.022325][    T1] ACPI: Added _OSI(Module Device)
[    1.022831][    T1] ACPI: Added _OSI(Processor Device)
[    1.028041][    T1] ACPI: Added _OSI(3.0 _SCP Extensions)
[    1.028674][    T1] ACPI: Added _OSI(Processor Aggregator Device)
[    1.029383][    T1] ACPI: Added _OSI(Linux-Dell-Video)
[    1.029970][    T1] ACPI: Added _OSI(Linux-Lenovo-NV-HDMI-Audio)
[    1.030648][    T1] ACPI: Added _OSI(Linux-HPI-Hybrid-Graphics)
[    1.051653][    T1] ACPI: 1 ACPI AML tables successfully acquired and loaded
[    1.083815][    T1] ACPI: Interpreter enabled
[    1.084461][    T1] ACPI: (supports S0 S3 S4 S5)
[    1.084951][    T1] ACPI: Using IOAPIC for interrupt routing
[    1.085739][    T1] PCI: Using host bridge windows from ACPI; if necessary, use "pci=nocrs" and report a bug
[    1.088514][    T1] ACPI: Enabled 2 GPEs in block 00 to 0F
[    1.143943][    T1] ACPI: PCI Root Bridge [PCI0] (domain 0000 [bus 00-ff])
[    1.144559][    T1] acpi PNP0A03:00: _OSC: OS supports [ASPM ClockPM Segments MSI HPX-Type3]
[    1.145690][    T1] acpi PNP0A03:00: fail to add MMCONFIG information, can't access extended PCI configuration space under this bridge.
[    1.146863][    T1] PCI host bridge to bus 0000:00
[    1.147274][    T1] pci_bus 0000:00: Unknown NUMA node; performance will be reduced
[    1.148036][    T1] pci_bus 0000:00: root bus resource [io  0x0000-0x0cf7 window]
[    1.148763][    T1] pci_bus 0000:00: root bus resource [io  0x0d00-0xffff window]
[    1.149502][    T1] pci_bus 0000:00: root bus resource [mem 0x000a0000-0x000bffff window]
[    1.150316][    T1] pci_bus 0000:00: root bus resource [mem 0x80000000-0xfebfffff window]
[    1.151171][    T1] pci_bus 0000:00: root bus resource [mem 0x100000000-0x17fffffff window]
[    1.152064][    T1] pci_bus 0000:00: root bus resource [bus 00-ff]
[    1.152872][    T1] pci 0000:00:00.0: [8086:1237] type 00 class 0x060000
[    1.158364][    T1] pci 0000:00:01.0: [8086:7000] type 00 class 0x060100
[    1.161328][    T1] pci 0000:00:01.1: [8086:7010] type 00 class 0x010180
[    1.163337][    T1] pci 0000:00:01.1: reg 0x20: [io  0xc040-0xc04f]
[    1.164513][    T1] pci 0000:00:01.1: legacy IDE quirk: reg 0x10: [io  0x01f0-0x01f7]
[    1.165205][    T1] pci 0000:00:01.1: legacy IDE quirk: reg 0x14: [io  0x03f6]
[    1.165865][    T1] pci 0000:00:01.1: legacy IDE quirk: reg 0x18: [io  0x0170-0x0177]
[    1.166155][    T1] pci 0000:00:01.1: legacy IDE quirk: reg 0x1c: [io  0x0376]
[    1.168272][    T1] pci 0000:00:01.3: [8086:7113] type 00 class 0x068000
[    1.169153][    T1] pci 0000:00:01.3: quirk: [io  0x0600-0x063f] claimed by PIIX4 ACPI
[    1.169787][    T1] pci 0000:00:01.3: quirk: [io  0x0700-0x070f] claimed by PIIX4 SMB
[    1.171921][    T1] pci 0000:00:02.0: [1234:1111] type 00 class 0x030000
[    1.173773][    T1] pci 0000:00:02.0: reg 0x10: [mem 0xfd000000-0xfdffffff pref]
[    1.177074][    T1] pci 0000:00:02.0: reg 0x18: [mem 0xfebf0000-0xfebf0fff]
[    1.180636][    T1] pci 0000:00:02.0: reg 0x30: [mem 0xfebe0000-0xfebeffff pref]
[    1.185082][    T1] pci 0000:00:03.0: [8086:100e] type 00 class 0x020000
[    1.186484][    T1] pci 0000:00:03.0: reg 0x10: [mem 0xfebc0000-0xfebdffff]
[    1.187184][    T1] pci 0000:00:03.0: reg 0x14: [io  0xc000-0xc03f]
[    1.189833][    T1] pci 0000:00:03.0: reg 0x30: [mem 0xfeb80000-0xfebbffff pref]
[    1.199740][    T1] ACPI: PCI Interrupt Link [LNKA] (IRQs 5 *10 11)
[    1.201382][    T1] ACPI: PCI Interrupt Link [LNKB] (IRQs 5 *10 11)
[    1.203016][    T1] ACPI: PCI Interrupt Link [LNKC] (IRQs 5 10 *11)
[    1.204613][    T1] ACPI: PCI Interrupt Link [LNKD] (IRQs 5 10 *11)
[    1.205594][    T1] ACPI: PCI Interrupt Link [LNKS] (IRQs *9)
[    1.212244][    T1] iommu: Default domain type: Translated 
[    1.213155][    T1] pci 0000:00:02.0: vgaarb: setting as boot VGA device
[    1.213542][    T1] pci 0000:00:02.0: vgaarb: VGA device added: decodes=io+mem,owns=io+mem,locks=none
[    1.213542][    T1] pci 0000:00:02.0: vgaarb: bridge control possible
[    1.213542][    T1] vgaarb: loaded
[    1.218877][    T1] SCSI subsystem initialized
[    1.220594][    T1] ACPI: bus type USB registered
[    1.221157][    T1] usbcore: registered new interface driver usbfs
[    1.221755][    T1] usbcore: registered new interface driver hub
[    1.222903][    T1] usbcore: registered new device driver usb
[    1.225047][    T1] mc: Linux media interface: v0.10
[    1.225635][    T1] videodev: Linux video capture interface: v2.00
[    1.226838][    T1] pps_core: LinuxPPS API ver. 1 registered
[    1.227300][    T1] pps_core: Software ver. 5.3.6 - Copyright 2005-2007 Rodolfo Giometti <giometti@linux.it>
[    1.228215][    T1] PTP clock support registered
[    1.234032][    T1] EDAC MC: Ver: 3.0.0
[    1.235531][    T1] Advanced Linux Sound Architecture Driver Initialized.
[    1.236212][    T1] PCI: Using ACPI for IRQ routing
[    1.239775][    T1] Bluetooth: Core ver 2.22
[    1.240366][    T1] NET: Registered protocol family 31
[    1.240817][    T1] Bluetooth: HCI device and connection manager initialized
[    1.241463][    T1] Bluetooth: HCI socket layer initialized
[    1.241954][    T1] Bluetooth: L2CAP socket layer initialized
[    1.242489][    T1] Bluetooth: SCO socket layer initialized
[    1.242967][    T1] NET: Registered protocol family 8
[    1.243372][    T1] NET: Registered protocol family 20
[    1.244026][    T1] NetLabel: Initializing
[    1.244365][    T1] NetLabel:  domain hash size = 128
[    1.244769][    T1] NetLabel:  protocols = UNLABELED CIPSOv4 CALIPSO
[    1.245446][    T1] NetLabel:  unlabeled traffic allowed by default
[    1.248452][    T1] nfc: nfc_init: NFC Core ver 0.1
[    1.248452][    T1] NET: Registered protocol family 39
[    1.250369][    T1] hpet0: at MMIO 0xfed00000, IRQs 2, 8, 0
[    1.250825][    T1] hpet0: 3 comparators, 64-bit 100.000000 MHz counter
[    1.256912][    T1] clocksource: Switched to clocksource kvm-clock
[    2.688883][    T1] *** VALIDATE bpf ***
[    2.690265][    T1] VFS: Disk quotas dquot_6.6.0
[    2.690793][    T1] VFS: Dquot-cache hash table entries: 512 (order 0, 4096 bytes)
[    2.691885][    T1] FS-Cache: Loaded
[    2.692216][    T1] *** VALIDATE ramfs ***
[    2.692595][    T1] *** VALIDATE hugetlbfs ***
[    2.693621][    T1] CacheFiles: Loaded
[    2.694190][    T1] TOMOYO: 2.6.0
[    2.694497][    T1] Mandatory Access Control activated.
[    2.695943][    T1] AppArmor: AppArmor Filesystem Enabled
[    2.696717][    T1] pnp: PnP ACPI init
[    2.701963][    T1] pnp: PnP ACPI: found 6 devices
[    2.738783][    T1] clocksource: acpi_pm: mask: 0xffffff max_cycles: 0xffffff, max_idle_ns: 2085701024 ns
[    2.740288][    T1] pci_bus 0000:00: resource 4 [io  0x0000-0x0cf7 window]
[    2.740856][    T1] pci_bus 0000:00: resource 5 [io  0x0d00-0xffff window]
[    2.741405][    T1] pci_bus 0000:00: resource 6 [mem 0x000a0000-0x000bffff window]
[    2.742010][    T1] pci_bus 0000:00: resource 7 [mem 0x80000000-0xfebfffff window]
[    2.742610][    T1] pci_bus 0000:00: resource 8 [mem 0x100000000-0x17fffffff window]
[    2.743784][    T1] NET: Registered protocol family 2
[    2.745488][    T1] tcp_listen_portaddr_hash hash table entries: 1024 (order: 4, 73728 bytes, vmalloc)
[    2.746441][    T1] TCP established hash table entries: 16384 (order: 5, 131072 bytes, vmalloc)
[    2.748032][    T1] TCP bind hash table entries: 16384 (order: 8, 1048576 bytes, vmalloc)
[    2.749463][    T1] TCP: Hash tables configured (established 16384 bind 16384)
[    2.750653][    T1] UDP hash table entries: 1024 (order: 5, 163840 bytes, vmalloc)
[    2.751551][    T1] UDP-Lite hash table entries: 1024 (order: 5, 163840 bytes, vmalloc)
[    2.752547][    T1] NET: Registered protocol family 1
[    2.753995][    T1] RPC: Registered named UNIX socket transport module.
[    2.754600][    T1] RPC: Registered udp transport module.
[    2.755077][    T1] RPC: Registered tcp transport module.
[    2.755547][    T1] RPC: Registered tcp NFSv4.1 backchannel transport module.
[    2.758459][    T1] NET: Registered protocol family 44
[    2.758918][    T1] pci 0000:00:01.0: PIIX3: Enabling Passive Release
[    2.759441][    T1] pci 0000:00:00.0: Limiting direct PCI/PCI transfers
[    2.759986][    T1] pci 0000:00:01.0: Activating ISA DMA hang workarounds
[    2.760590][    T1] pci 0000:00:02.0: Video device with shadowed ROM at [mem 0x000c0000-0x000dffff]
[    2.761324][    T1] PCI: CLS 0 bytes, default 64
[    2.767161][    T1] RAPL PMU: API unit is 2^-32 Joules, 0 fixed counters, 10737418240 ms ovfl timer
[    2.767908][    T1] kvm: no hardware support
[    2.768254][    T1] has_svm: not amd or hygon
[    2.768605][    T1] kvm: no hardware support
[    2.768958][    T1] clocksource: tsc: mask: 0xffffffffffffffff max_cycles: 0x2b3e43c8763, max_idle_ns: 440795360101 ns
[    2.813799][    T1] Initialise system trusted keyrings
[    2.819751][    T1] workingset: timestamp_bits=40 max_order=19 bucket_order=0
[    2.915098][    T1] DLM installed
[    2.920886][    T1] squashfs: version 4.0 (2009/01/31) Phillip Lougher
[    2.931743][    T1] FS-Cache: Netfs 'nfs' registered for caching
[    2.935632][    T1] *** VALIDATE nfs ***
[    2.935986][    T1] *** VALIDATE nfs4 ***
[    2.936452][    T1] NFS: Registering the id_resolver key type
[    2.936959][    T1] Key type id_resolver registered
[    2.937367][    T1] Key type id_legacy registered
[    2.937767][    T1] nfs4filelayout_init: NFSv4 File Layout Driver Registering...
[    2.938393][    T1] Installing knfsd (copyright (C) 1996 okir@monad.swb.de).
[    2.945076][    T1] FS-Cache: Netfs 'cifs' registered for caching
[    2.948125][    T1] Key type cifs.spnego registered
[    2.948593][    T1] Key type cifs.idmap registered
[    2.949280][    T1] ntfs: driver 2.1.32 [Flags: R/W].
[    2.951391][    T1] efs: 1.0a - http://aeschi.ch.eu.org/efs/
[    2.952140][    T1] jffs2: version 2.2. (NAND) (SUMMARY)  Â© 2001-2006 Red Hat, Inc.
[    2.956223][    T1] *** VALIDATE jffs2 ***
[    2.958897][    T1] romfs: ROMFS MTD (C) 2007 Red Hat, Inc.
[    2.959814][    T1] QNX4 filesystem 0.2.3 registered.
[    2.960525][    T1] qnx6: QNX6 filesystem 1.0.0 registered.
[    2.961579][    T1] fuse: init (API version 7.31)
[    2.962253][    T1] *** VALIDATE fuseblk ***
[    2.962604][    T1] *** VALIDATE fuse ***
[    2.965162][    T1] orangefs_debugfs_init: called with debug mask: :none: :0:
[    2.965967][    T1] orangefs_init: module version upstream loaded
[    2.968477][    T1] JFS: nTxBlock = 8192, nTxLock = 65536
[    2.978294][    T1] SGI XFS with ACLs, security attributes, realtime, quota, no debug enabled
[    2.988171][    T1] *** VALIDATE xfs ***
[    2.988524][    T1] 9p: Installing v9fs 9p2000 file system support
[    2.989376][    T1] FS-Cache: Netfs '9p' registered for caching
[    2.992157][    T1] NILFS version 2 loaded
[    2.992498][    T1] befs: version: 0.9.3
[    2.994275][    T1] ocfs2: Registered cluster interface o2cb
[    2.995019][    T1] ocfs2: Registered cluster interface user
[    2.996888][    T1] OCFS2 User DLM kernel interface loaded
[    3.004150][    T1] *** VALIDATE gfs2 ***
[    3.005434][    T1] gfs2: GFS2 installed
[    3.015547][    T1] FS-Cache: Netfs 'ceph' registered for caching
[    3.016245][    T1] ceph: loaded (mds proto 32)
[    3.021395][    T1] NET: Registered protocol family 38
[    3.022211][    T1] async_tx: api initialized (async)
[    3.022638][    T1] Key type asymmetric registered
[    3.023042][    T1] Asymmetric key parser 'x509' registered
[    3.023504][    T1] Asymmetric key parser 'pkcs8' registered
[    3.023957][    T1] Key type pkcs7_test registered
[    3.024727][    T1] Block layer SCSI generic (bsg) driver version 0.4 loaded (major 241)
[    3.025617][    T1] io scheduler mq-deadline registered
[    3.026041][    T1] io scheduler kyber registered
[    3.026835][    T1] io scheduler bfq registered
[    3.030850][    T1] vga16fb: mapped to 0x0000000071ba5e03
[    3.496784][    T1] Console: switching to colour frame buffer device 80x30
[    3.756435][    T1] fb0: VGA16 VGA frame buffer device
[    3.757997][    T1] input: Power Button as /devices/LNXSYSTM:00/LNXPWRBN:00/input/input0
[    3.766684][    T1] ACPI: Power Button [PWRF]
[    3.772114][    T1] ioatdma: Intel(R) QuickData Technology Driver 5.00
[    3.950270][    T1] HDLC line discipline maxframe=4096
[    3.950777][    T1] N_HDLC line discipline registered.
[    3.951310][    T1] Serial: 8250/16550 driver, 4 ports, IRQ sharing enabled
[    3.952290][    T1] 00:04: ttyS0 at I/O 0x3f8 (irq = 4, base_baud = 115200) is a 16550A
[    3.961008][    T1] Initializing Nozomi driver 2.1d
[    3.963886][    T1] Non-volatile memory driver v1.3
[    3.968387][    T1] Linux agpgart interface v0.103
[    3.979656][    T1] [drm] Initialized vgem 1.0.0 20120112 for vgem on minor 0
[    3.980858][    T1] [drm] Supports vblank timestamp caching Rev 2 (21.10.2013).
[    3.981510][    T1] [drm] Driver supports precise vblank timestamp query.
[    3.983964][    T1] [drm] Initialized vkms 1.0.0 20180514 for vkms on minor 1
[    3.984888][    T1] usbcore: registered new interface driver udl
[    3.985498][    T1] fb0: switching to bochsdrmfb from VGA16 VGA
[    4.139097][    T1] Console: switching to colour VGA+ 80x25
[    4.142224][    T1] bochs-drm 0000:00:02.0: vgaarb: deactivate vga console
[    4.148954][    T1] Console: switching to colour dummy device 80x25
[    4.151587][    T1] [drm] Found bochs VGA, ID 0xb0c5.
[    4.152007][    T1] [drm] Framebuffer size 16384 kB @ 0xfd000000, mmio @ 0xfebf0000.
[    4.153165][    T1] [TTM] Zone  kernel: Available graphics memory: 759836 KiB
[    4.154126][    T1] [TTM] Initializing pool allocator
[    4.154681][    T1] [TTM] Initializing DMA pool allocator
[    4.156535][    T1] [drm] Found EDID data blob.
[    4.158275][    T1] [drm] Initialized bochs-drm 1.0.0 20130925 for 0000:00:02.0 on minor 2
[    4.165093][    T1] fbcon: bochs-drmdrmfb (fb0) is primary device
[    4.184685][    T1] Console: switching to colour frame buffer device 160x50
[    4.199722][    T1] bochs-drm 0000:00:02.0: fb0: bochs-drmdrmfb frame buffer device
[    4.226440][    T1] brd: module loaded
[    4.264949][    T1] loop: module loaded
[    4.306921][ T3383] kworker/u6:4 (3383) used greatest stack depth: 26664 bytes left
[    4.319440][    T1] zram: Added device: zram0
[    4.324274][    T1] null_blk: module loaded
[    4.324990][    T1] Guest personality initialized and is inactive
[    4.325759][    T1] VMCI host device registered (name=vmci, major=10, minor=56)
[    4.326448][    T1] Initialized host personality
[    4.327839][    T1] usbcore: registered new interface driver rtsx_usb
[    4.328954][    T1] usbcore: registered new interface driver viperboard
[    4.329860][    T1] usbcore: registered new interface driver dln2
[    4.330660][    T1] usbcore: registered new interface driver pn533_usb
[    4.332813][    T1] nfcsim 0.2 initialized
[    4.333327][    T1] usbcore: registered new interface driver port100
[    4.334210][    T1] usbcore: registered new interface driver nfcmrvl
[    4.338460][    T1] Loading iSCSI transport class v2.0-870.
[    4.342598][    T1] st: Version 20160209, fixed bufsize 32768, s/g segs 256
[    4.358577][    T1] scsi host0: ata_piix
[    4.362617][    T1] scsi host1: ata_piix
[    4.363765][    T1] ata1: PATA max MWDMA2 cmd 0x1f0 ctl 0x3f6 bmdma 0xc040 irq 14
[    4.364368][    T1] ata2: PATA max MWDMA2 cmd 0x170 ctl 0x376 bmdma 0xc048 irq 15
[    4.369859][    T1] Rounding down aligned max_sectors from 4294967295 to 4294967288
[    4.371827][    T1] db_root: cannot open: /etc/target
[    4.372666][    T1] slram: not enough parameters.
[    4.374769][    T1] ftl_cs: FTL header not found.
[    4.388705][    T1] Ethernet Channel Bonding Driver: v3.7.1 (April 27, 2011)
[    4.399047][    T1] wireguard: WireGuard 1.0.0 loaded. See www.wireguard.com for information.
[    4.399727][    T1] wireguard: Copyright (C) 2015-2019 Jason A. Donenfeld <Jason@zx2c4.com>. All Rights Reserved.
[    4.400539][    T1] eql: Equalizer2002: Simon Janes (simon@ncm.com) and David S. Miller (davem@redhat.com)
[    4.408739][    T1] MACsec IEEE 802.1AE
[    4.410459][    T1] libphy: Fixed MDIO Bus: probed
[    4.414013][    T1] tun: Universal TUN/TAP device driver, 1.6
[    4.420112][    T1] vcan: Virtual CAN interface driver
[    4.420576][    T1] vxcan: Virtual CAN Tunnel driver
[    4.421021][    T1] slcan: serial line CAN interface driver
[    4.421509][    T1] slcan: 10 dynamic interface channels.
[    4.421981][    T1] CAN device driver interface
[    4.422535][    T1] usbcore: registered new interface driver usb_8dev
[    4.423390][    T1] usbcore: registered new interface driver ems_usb
[    4.424034][    T1] usbcore: registered new interface driver gs_usb
[    4.424741][    T1] usbcore: registered new interface driver kvaser_usb
[    4.425542][    T1] usbcore: registered new interface driver mcba_usb
[    4.426494][    T1] usbcore: registered new interface driver peak_usb
[    4.427544][    T1] e100: Intel(R) PRO/100 Network Driver, 3.5.24-k2-NAPI
[    4.428092][    T1] e100: Copyright(c) 1999-2006 Intel Corporation
[    4.428725][    T1] e1000: Intel(R) PRO/1000 Network Driver - version 7.3.21-k8-NAPI
[    4.429338][    T1] e1000: Copyright (c) 1999-2006 Intel Corporation.
[    4.537125][ T3501] ata2.00: ATAPI: QEMU DVD-ROM, 2.5+, max UDMA/100
[    4.537812][ T3496] ata1.00: ATA-7: QEMU HARDDISK, 2.5+, max UDMA/100
[    4.538375][ T3496] ata1.00: 2097458 sectors, multi 16: LBA48 
[    4.550969][  T581] scsi 0:0:0:0: Direct-Access     ATA      QEMU HARDDISK    2.5+ PQ: 0 ANSI: 5
[    4.554080][  T453] sd 0:0:0:0: [sda] 2097458 512-byte logical blocks: (1.07 GB/1.00 GiB)
[    4.554875][  T453] sd 0:0:0:0: [sda] Write Protect is off
[    4.555435][  T453] sd 0:0:0:0: [sda] Write cache: enabled, read cache: enabled, doesn't support DPO or FUA
[    4.557628][  T581] sd 0:0:0:0: Attached scsi generic sg0 type 0
[    4.559494][  T347] scsi 1:0:0:0: CD-ROM            QEMU     QEMU DVD-ROM     2.5+ PQ: 0 ANSI: 5
[    4.574892][  T453]  sda: sda1
[    4.577721][  T453] sd 0:0:0:0: [sda] Attached SCSI disk
[    4.636739][  T347] sr 1:0:0:0: [sr0] scsi3-mmc drive: 4x/4x cd/rw xa/form2 tray
[    4.637372][  T347] cdrom: Uniform CD-ROM driver Revision: 3.20
[    4.641489][  T347] sr 1:0:0:0: Attached scsi generic sg1 type 5
[    5.524297][    T1] PCI Interrupt Link [LNKC] enabled at IRQ 11
[    5.888146][    T1] e1000 0000:00:03.0 eth0: (PCI:33MHz:32-bit) 52:54:00:12:34:56
[    5.888770][    T1] e1000 0000:00:03.0 eth0: Intel(R) PRO/1000 Network Connection
[    5.889772][    T1] e1000e: Intel(R) PRO/1000 Network Driver - 3.2.6-k
[    5.890307][    T1] e1000e: Copyright(c) 1999 - 2015 Intel Corporation.
[    5.891515][    T1] mkiss: AX.25 Multikiss, Hans Albas PE1AYX
[    5.891994][    T1] AX.25: 6pack driver, Revision: 0.3.0
[    5.892450][    T1] AX.25: bpqether driver version 004
[    5.892868][    T1] PPP generic driver version 2.4.2
[    5.894132][    T1] PPP BSD Compression module registered
[    5.894581][    T1] PPP Deflate Compression module registered
[    5.895076][    T1] PPP MPPE Compression module registered
[    5.895518][    T1] NET: Registered protocol family 24
[    5.895972][    T1] PPTP driver version 0.8.5
[    5.897037][    T1] SLIP: version 0.8.4-NET3.019-NEWTTY (dynamic channels, max=256) (6 bit encapsulation enabled).
[    5.897865][    T1] CSLIP: code copyright 1989 Regents of the University of California.
[    5.898498][    T1] SLIP linefill/keepalive option.
[    5.898899][    T1] hdlc: HDLC support module revision 1.22
[    5.899360][    T1] LAPB Ethernet driver version 0.02
[    5.900840][    T1] usbcore: registered new interface driver ath9k_htc
[    5.901688][    T1] usbcore: registered new interface driver carl9170
[    5.902436][    T1] usbcore: registered new interface driver ath6kl_usb
[    5.903187][    T1] usbcore: registered new interface driver ar5523
[    5.904111][    T1] usbcore: registered new interface driver ath10k_usb
[    5.904934][    T1] mac80211_hwsim: initializing netlink
[    5.916556][    T1] usbcore: registered new interface driver atusb
[    5.924345][    T1] mac802154_hwsim mac802154_hwsim: Added 2 mac802154 hwsim hardware radios
[    5.925356][    T1] VMware vmxnet3 virtual NIC driver - version 1.4.17.0-k-NAPI
[    5.926441][    T1] usbcore: registered new interface driver catc
[    5.927088][    T1] usbcore: registered new interface driver kaweth
[    5.927590][    T1] pegasus: v0.9.3 (2013/04/25), Pegasus/Pegasus II USB Ethernet driver
[    5.928579][    T1] usbcore: registered new interface driver pegasus
[    5.929309][    T1] usbcore: registered new interface driver rtl8150
[    5.931279][    T1] usbcore: registered new interface driver r8152
[    5.931788][    T1] hso: drivers/net/usb/hso.c: Option Wireless
[    5.932434][    T1] usbcore: registered new interface driver hso
[    5.933038][    T1] usbcore: registered new interface driver lan78xx
[    5.933719][    T1] usbcore: registered new interface driver asix
[    5.934361][    T1] usbcore: registered new interface driver ax88179_178a
[    5.935051][    T1] usbcore: registered new interface driver cdc_ether
[    5.935721][    T1] usbcore: registered new interface driver cdc_eem
[    5.936605][    T1] usbcore: registered new interface driver dm9601
[    5.937261][    T1] usbcore: registered new interface driver sr9700
[    5.937928][    T1] usbcore: registered new interface driver CoreChips
[    5.938614][    T1] usbcore: registered new interface driver smsc75xx
[    5.939590][    T1] usbcore: registered new interface driver smsc95xx
[    5.940439][    T1] usbcore: registered new interface driver gl620a
[    5.941145][    T1] usbcore: registered new interface driver net1080
[    5.942683][    T1] usbcore: registered new interface driver plusb
[    5.943338][    T1] usbcore: registered new interface driver rndis_host
[    5.943981][    T1] usbcore: registered new interface driver cdc_subset
[    5.944664][    T1] usbcore: registered new interface driver zaurus
[    5.945324][    T1] usbcore: registered new interface driver MOSCHIP usb-ethernet driver
[    5.946574][    T1] usbcore: registered new interface driver int51x1
[    5.947524][    T1] usbcore: registered new interface driver cdc_phonet
[    5.948307][    T1] usbcore: registered new interface driver kalmia
[    5.949037][    T1] usbcore: registered new interface driver ipheth
[    5.949761][    T1] usbcore: registered new interface driver sierra_net
[    5.950873][    T1] usbcore: registered new interface driver cx82310_eth
[    5.951804][    T1] usbcore: registered new interface driver cdc_ncm
[    5.952523][    T1] usbcore: registered new interface driver huawei_cdc_ncm
[    5.954022][    T1] usbcore: registered new interface driver lg-vl600
[    5.954741][    T1] usbcore: registered new interface driver qmi_wwan
[    5.955391][    T1] usbcore: registered new interface driver cdc_mbim
[    5.956065][    T1] usbcore: registered new interface driver ch9200
[    5.958990][    T1] VFIO - User Level meta-driver version: 0.3
[    5.962571][    T1] aoe: AoE v85 initialised.
[    5.966141][    T1] ehci_hcd: USB 2.0 'Enhanced' Host Controller (EHCI) Driver
[    5.966942][    T1] ehci-pci: EHCI PCI platform driver
[    5.967541][    T1] ehci-platform: EHCI generic platform driver
[    5.972132][    T1] ohci_hcd: USB 1.1 'Open' Host Controller (OHCI) Driver
[    5.972715][    T1] ohci-pci: OHCI PCI platform driver
[    5.973301][    T1] ohci-platform: OHCI generic platform driver
[    5.973926][    T1] uhci_hcd: USB Universal Host Controller Interface driver
[    5.976436][    T1] usbcore: registered new interface driver cdc_acm
[    5.977314][    T1] cdc_acm: USB Abstract Control Model driver for USB modems and ISDN adapters
[    5.978790][    T1] usbcore: registered new interface driver usblp
[    5.979891][    T1] usbcore: registered new interface driver cdc_wdm
[    5.982818][    T1] usbcore: registered new interface driver usbtmc
[    5.983732][    T1] usbcore: registered new interface driver uas
[    5.984662][    T1] usbcore: registered new interface driver usb-storage
[    5.985674][    T1] usbcore: registered new interface driver ums-alauda
[    5.987683][    T1] usbcore: registered new interface driver ums-cypress
[    5.988607][    T1] usbcore: registered new interface driver ums-datafab
[    5.989824][    T1] usbcore: registered new interface driver ums_eneub6250
[    5.990803][    T1] usbcore: registered new interface driver ums-freecom
[    5.991892][    T1] usbcore: registered new interface driver ums-isd200
[    5.992869][    T1] usbcore: registered new interface driver ums-jumpshot
[    5.993816][    T1] usbcore: registered new interface driver ums-karma
[    5.994679][    T1] usbcore: registered new interface driver ums-onetouch
[    5.995643][    T1] usbcore: registered new interface driver ums-realtek
[    5.996608][    T1] usbcore: registered new interface driver ums-sddr09
[    5.997316][    T1] usbcore: registered new interface driver ums-sddr55
[    5.998012][    T1] usbcore: registered new interface driver ums-usbat
[    5.998734][    T1] usbcore: registered new interface driver mdc800
[    5.999238][    T1] mdc800: v0.7.5 (30/10/2000):USB Driver for Mustek MDC800 Digital Camera
[    6.000058][    T1] usbcore: registered new interface driver microtekX6
[    6.001102][    T1] usbcore: registered new interface driver usbserial_generic
[    6.002182][    T1] usbserial: USB Serial support registered for generic
[    6.003077][    T1] usbcore: registered new interface driver aircable
[    6.003979][    T1] usbserial: USB Serial support registered for aircable
[    6.004655][    T1] usbcore: registered new interface driver ark3116
[    6.005353][    T1] usbserial: USB Serial support registered for ark3116
[    6.006126][    T1] usbcore: registered new interface driver belkin_sa
[    6.006962][    T1] usbserial: USB Serial support registered for Belkin / Peracom / GoHubs USB Serial Adapter
[    6.008647][    T1] usbcore: registered new interface driver ch341
[    6.009476][    T1] usbserial: USB Serial support registered for ch341-uart
[    6.010328][    T1] usbcore: registered new interface driver cp210x
[    6.011001][    T1] usbserial: USB Serial support registered for cp210x
[    6.011727][    T1] usbcore: registered new interface driver cyberjack
[    6.012644][    T1] usbserial: USB Serial support registered for Reiner SCT Cyberjack USB card reader
[    6.013568][    T1] usbcore: registered new interface driver cypress_m8
[    6.014583][    T1] usbserial: USB Serial support registered for DeLorme Earthmate USB
[    6.015347][    T1] usbserial: USB Serial support registered for HID->COM RS232 Adapter
[    6.016764][    T1] usbserial: USB Serial support registered for Nokia CA-42 V2 Adapter
[    6.017551][    T1] usbcore: registered new interface driver usb_debug
[    6.018173][    T1] usbserial: USB Serial support registered for debug
[    6.018835][    T1] usbserial: USB Serial support registered for xhci_dbc
[    6.019530][    T1] usbcore: registered new interface driver digi_acceleport
[    6.020221][    T1] usbserial: USB Serial support registered for Digi 2 port USB adapter
[    6.021000][    T1] usbserial: USB Serial support registered for Digi 4 port USB adapter
[    6.021789][    T1] usbcore: registered new interface driver io_edgeport
[    6.022453][    T1] usbserial: USB Serial support registered for Edgeport 2 port adapter
[    6.023234][    T1] usbserial: USB Serial support registered for Edgeport 4 port adapter
[    6.024181][    T1] usbserial: USB Serial support registered for Edgeport 8 port adapter
[    6.025973][    T1] usbserial: USB Serial support registered for EPiC device
[    6.027266][    T1] usbcore: registered new interface driver io_ti
[    6.027866][    T1] usbserial: USB Serial support registered for Edgeport TI 1 port adapter
[    6.028662][    T1] usbserial: USB Serial support registered for Edgeport TI 2 port adapter
[    6.029486][    T1] usbcore: registered new interface driver empeg
[    6.030114][    T1] usbserial: USB Serial support registered for empeg
[    6.030792][    T1] usbcore: registered new interface driver f81534a_ctrl
[    6.031487][    T1] usbcore: registered new interface driver f81232
[    6.032129][    T1] usbserial: USB Serial support registered for f81232
[    6.032787][    T1] usbserial: USB Serial support registered for f81534a
[    6.033469][    T1] usbcore: registered new interface driver f81534
[    6.034281][    T1] usbserial: USB Serial support registered for Fintek F81532/F81534
[    6.036148][    T1] usbcore: registered new interface driver ftdi_sio
[    6.036796][    T1] usbserial: USB Serial support registered for FTDI USB Serial Device
[    6.037768][    T1] usbcore: registered new interface driver garmin_gps
[    6.038627][    T1] usbserial: USB Serial support registered for Garmin GPS usb/tty
[    6.039496][    T1] usbcore: registered new interface driver ipaq
[    6.040201][    T1] usbserial: USB Serial support registered for PocketPC PDA
[    6.040986][    T1] usbcore: registered new interface driver ipw
[    6.041678][    T1] usbserial: USB Serial support registered for IPWireless converter
[    6.042517][    T1] usbcore: registered new interface driver ir_usb
[    6.043216][    T1] usbserial: USB Serial support registered for IR Dongle
[    6.044257][    T1] usbcore: registered new interface driver iuu_phoenix
[    6.045100][    T1] usbserial: USB Serial support registered for iuu_phoenix
[    6.046627][    T1] usbcore: registered new interface driver keyspan
[    6.047288][    T1] usbserial: USB Serial support registered for Keyspan - (without firmware)
[    6.048061][    T1] usbserial: USB Serial support registered for Keyspan 1 port adapter
[    6.048826][    T1] usbserial: USB Serial support registered for Keyspan 2 port adapter
[    6.049593][    T1] usbserial: USB Serial support registered for Keyspan 4 port adapter
[    6.050388][    T1] usbcore: registered new interface driver keyspan_pda
[    6.051051][    T1] usbserial: USB Serial support registered for Keyspan PDA
[    6.051748][    T1] usbserial: USB Serial support registered for Keyspan PDA - (prerenumeration)
[    6.052595][    T1] usbcore: registered new interface driver kl5kusb105
[    6.053263][    T1] usbserial: USB Serial support registered for KL5KUSB105D / PalmConnect
[    6.054290][    T1] usbcore: registered new interface driver kobil_sct
[    6.055995][    T1] usbserial: USB Serial support registered for KOBIL USB smart card terminal
[    6.057001][    T1] usbcore: registered new interface driver mct_u232
[    6.057624][    T1] usbserial: USB Serial support registered for MCT U232
[    6.058319][    T1] usbcore: registered new interface driver metro_usb
[    6.058972][    T1] usbserial: USB Serial support registered for Metrologic USB to Serial
[    6.059781][    T1] usbcore: registered new interface driver mos7720
[    6.060427][    T1] usbserial: USB Serial support registered for Moschip 2 port adapter
[    6.061216][    T1] usbcore: registered new interface driver mos7840
[    6.061866][    T1] usbserial: USB Serial support registered for Moschip 7840/7820 USB Serial Driver
[    6.062737][    T1] usbcore: registered new interface driver mxuport
[    6.063719][    T1] usbserial: USB Serial support registered for MOXA UPort
[    6.064599][    T1] usbcore: registered new interface driver navman
[    6.065398][    T1] usbserial: USB Serial support registered for navman
[    6.067219][    T1] usbcore: registered new interface driver omninet
[    6.068041][    T1] usbserial: USB Serial support registered for ZyXEL - omni.net lcd plus usb
[    6.069131][    T1] usbcore: registered new interface driver opticon
[    6.069860][    T1] usbserial: USB Serial support registered for opticon
[    6.070619][    T1] usbcore: registered new interface driver option
[    6.071330][    T1] usbserial: USB Serial support registered for GSM modem (1-port)
[    6.072159][    T1] usbcore: registered new interface driver oti6858
[    6.072863][    T1] usbserial: USB Serial support registered for oti6858
[    6.073609][    T1] usbcore: registered new interface driver pl2303
[    6.074303][    T1] usbserial: USB Serial support registered for pl2303
[    6.075356][    T1] usbcore: registered new interface driver qcaux
[    6.076245][    T1] usbserial: USB Serial support registered for qcaux
[    6.077043][    T1] usbcore: registered new interface driver qcserial
[    6.078420][    T1] usbserial: USB Serial support registered for Qualcomm USB modem
[    6.079161][    T1] usbcore: registered new interface driver quatech2
[    6.079772][    T1] usbserial: USB Serial support registered for Quatech 2nd gen USB to Serial Driver
[    6.080658][    T1] usbcore: registered new interface driver safe_serial
[    6.081330][    T1] usbserial: USB Serial support registered for safe_serial
[    6.082039][    T1] usbcore: registered new interface driver sierra
[    6.082672][    T1] usbserial: USB Serial support registered for Sierra USB modem
[    6.083418][    T1] usbcore: registered new interface driver usb_serial_simple
[    6.084130][    T1] usbserial: USB Serial support registered for carelink
[    6.084805][    T1] usbserial: USB Serial support registered for zio
[    6.085457][    T1] usbserial: USB Serial support registered for funsoft
[    6.086204][    T1] usbserial: USB Serial support registered for flashloader
[    6.086906][    T1] usbserial: USB Serial support registered for google
[    6.087531][    T1] usbserial: USB Serial support registered for libtransistor
[    6.088248][    T1] usbserial: USB Serial support registered for vivopay
[    6.088920][    T1] usbserial: USB Serial support registered for moto_modem
[    6.089608][    T1] usbserial: USB Serial support registered for motorola_tetra
[    6.090321][    T1] usbserial: USB Serial support registered for novatel_gps
[    6.091016][    T1] usbserial: USB Serial support registered for hp4x
[    6.091671][    T1] usbserial: USB Serial support registered for suunto
[    6.092400][    T1] usbserial: USB Serial support registered for siemens_mpi
[    6.093183][    T1] usbcore: registered new interface driver spcp8x5
[    6.095278][    T1] usbserial: USB Serial support registered for SPCP8x5
[    6.096011][    T1] usbcore: registered new interface driver ssu100
[    6.096735][    T1] usbserial: USB Serial support registered for Quatech SSU-100 USB to Serial Driver
[    6.097749][    T1] usbcore: registered new interface driver symbolserial
[    6.098721][    T1] usbserial: USB Serial support registered for symbol
[    6.099629][    T1] usbcore: registered new interface driver ti_usb_3410_5052
[    6.100422][    T1] usbserial: USB Serial support registered for TI USB 3410 1 port adapter
[    6.101325][    T1] usbserial: USB Serial support registered for TI USB 5052 2 port adapter
[    6.102250][    T1] usbcore: registered new interface driver upd78f0730
[    6.103206][    T1] usbserial: USB Serial support registered for upd78f0730
[    6.104195][    T1] usbcore: registered new interface driver visor
[    6.105715][    T1] usbserial: USB Serial support registered for Handspring Visor / Palm OS
[    6.106725][    T1] usbserial: USB Serial support registered for Sony Clie 5.0
[    6.107649][    T1] usbserial: USB Serial support registered for Sony Clie 3.5
[    6.108452][    T1] usbcore: registered new interface driver wishbone_serial
[    6.109228][    T1] usbserial: USB Serial support registered for wishbone_serial
[    6.110044][    T1] usbcore: registered new interface driver whiteheat
[    6.110765][    T1] usbserial: USB Serial support registered for Connect Tech - WhiteHEAT - (prerenumeration)
[    6.111778][    T1] usbserial: USB Serial support registered for Connect Tech - WhiteHEAT
[    6.112666][    T1] usbcore: registered new interface driver xsens_mt
[    6.113479][    T1] usbserial: USB Serial support registered for xsens_mt
[    6.114521][    T1] usbcore: registered new interface driver adutux
[    6.116045][    T1] usbcore: registered new interface driver appledisplay
[    6.116831][    T1] usbcore: registered new interface driver cypress_cy7c63
[    6.117573][    T1] usbcore: registered new interface driver cytherm
[    6.118271][    T1] usbcore: registered new interface driver emi26 - firmware loader
[    6.119045][    T1] usbcore: registered new interface driver emi62 - firmware loader
[    6.119826][    T1] usbcore: registered new interface driver idmouse
[    6.120481][    T1] usbcore: registered new interface driver iowarrior
[    6.121159][    T1] usbcore: registered new interface driver isight_firmware
[    6.121879][    T1] usbcore: registered new interface driver usblcd
[    6.122533][    T1] usbcore: registered new interface driver ldusb
[    6.123192][    T1] usbcore: registered new interface driver legousbtower
[    6.125299][    T1] usbcore: registered new interface driver usbtest
[    6.125949][    T1] usbcore: registered new interface driver usb_ehset_test
[    6.127044][    T1] usbcore: registered new interface driver trancevibrator
[    6.127778][    T1] usbcore: registered new interface driver uss720
[    6.128289][    T1] uss720: USB Parport Cable driver for Cables using the Lucent Technologies USS720 Chip
[    6.129483][    T1] uss720: NOTE: this is a special purpose driver to allow nonstandard
[    6.130427][    T1] uss720: protocols (eg. bitbang) over USS720 usb to parallel cables
[    6.131323][    T1] uss720: If you just want to connect to a printer, use usblp instead
[    6.132900][    T1] usbcore: registered new interface driver usbsevseg
[    6.133795][    T1] usbcore: registered new interface driver yurex
[    6.135241][    T1] usbcore: registered new interface driver chaoskey
[    6.136170][    T1] usbcore: registered new interface driver sisusb
[    6.137037][    T1] usbcore: registered new interface driver lvs
[    6.137845][    T1] usbcore: registered new interface driver cxacru
[    6.138696][    T1] usbcore: registered new interface driver speedtch
[    6.139727][    T1] usbcore: registered new interface driver ueagle-atm
[    6.140401][    T1] xusbatm: malformed module parameters
[    6.144114][    T1] dummy_hcd dummy_hcd.0: USB Host+Gadget Emulator, driver 02 May 2005
[    6.144986][    T1] dummy_hcd dummy_hcd.0: Dummy host controller
[    6.146527][    T1] dummy_hcd dummy_hcd.0: new USB bus registered, assigned bus number 1
[    6.147854][    T1] usb usb1: New USB device found, idVendor=1d6b, idProduct=0002, bcdDevice= 5.06
[    6.148586][    T1] usb usb1: New USB device strings: Mfr=3, Product=2, SerialNumber=1
[    6.149211][    T1] usb usb1: Product: Dummy host controller
[    6.149662][    T1] usb usb1: Manufacturer: Linux 5.6.0-49835c15a552-01633-g49835c15a552 dummy_hcd
[    6.150360][    T1] usb usb1: SerialNumber: dummy_hcd.0
[    6.152335][    T1] hub 1-0:1.0: USB hub found
[    6.152908][    T1] hub 1-0:1.0: 1 port detected
[    6.155098][    T1] dummy_hcd dummy_hcd.1: USB Host+Gadget Emulator, driver 02 May 2005
[    6.155762][    T1] dummy_hcd dummy_hcd.1: Dummy host controller
[    6.157873][    T1] dummy_hcd dummy_hcd.1: new USB bus registered, assigned bus number 2
[    6.159521][    T1] usb usb2: New USB device found, idVendor=1d6b, idProduct=0002, bcdDevice= 5.06
[    6.160420][    T1] usb usb2: New USB device strings: Mfr=3, Product=2, SerialNumber=1
[    6.161132][    T1] usb usb2: Product: Dummy host controller
[    6.161623][    T1] usb usb2: Manufacturer: Linux 5.6.0-49835c15a552-01633-g49835c15a552 dummy_hcd
[    6.162390][    T1] usb usb2: SerialNumber: dummy_hcd.1
[    6.164631][    T1] hub 2-0:1.0: USB hub found
[    6.165132][    T1] hub 2-0:1.0: 1 port detected
[    6.166839][    T1] dummy_hcd dummy_hcd.2: USB Host+Gadget Emulator, driver 02 May 2005
[    6.167673][    T1] dummy_hcd dummy_hcd.2: Dummy host controller
[    6.168499][    T1] dummy_hcd dummy_hcd.2: new USB bus registered, assigned bus number 3
[    6.169514][    T1] usb usb3: New USB device found, idVendor=1d6b, idProduct=0002, bcdDevice= 5.06
[    6.170222][    T1] usb usb3: New USB device strings: Mfr=3, Product=2, SerialNumber=1
[    6.170848][    T1] usb usb3: Product: Dummy host controller
[    6.171299][    T1] usb usb3: Manufacturer: Linux 5.6.0-49835c15a552-01633-g49835c15a552 dummy_hcd
[    6.172007][    T1] usb usb3: SerialNumber: dummy_hcd.2
[    6.174095][    T1] hub 3-0:1.0: USB hub found
[    6.174559][    T1] hub 3-0:1.0: 1 port detected
[    6.176493][    T1] dummy_hcd dummy_hcd.3: USB Host+Gadget Emulator, driver 02 May 2005
[    6.177334][    T1] dummy_hcd dummy_hcd.3: Dummy host controller
[    6.178276][    T1] dummy_hcd dummy_hcd.3: new USB bus registered, assigned bus number 4
[    6.179312][    T1] usb usb4: New USB device found, idVendor=1d6b, idProduct=0002, bcdDevice= 5.06
[    6.180061][    T1] usb usb4: New USB device strings: Mfr=3, Product=2, SerialNumber=1
[    6.180744][    T1] usb usb4: Product: Dummy host controller
[    6.181234][    T1] usb usb4: Manufacturer: Linux 5.6.0-49835c15a552-01633-g49835c15a552 dummy_hcd
[    6.181955][    T1] usb usb4: SerialNumber: dummy_hcd.3
[    6.183344][    T1] hub 4-0:1.0: USB hub found
[    6.183848][    T1] hub 4-0:1.0: 1 port detected
[    6.185692][    T1] dummy_hcd dummy_hcd.4: USB Host+Gadget Emulator, driver 02 May 2005
[    6.187530][    T1] dummy_hcd dummy_hcd.4: Dummy host controller
[    6.188439][    T1] dummy_hcd dummy_hcd.4: new USB bus registered, assigned bus number 5
[    6.189675][    T1] usb usb5: New USB device found, idVendor=1d6b, idProduct=0002, bcdDevice= 5.06
[    6.190529][    T1] usb usb5: New USB device strings: Mfr=3, Product=2, SerialNumber=1
[    6.191450][    T1] usb usb5: Product: Dummy host controller
[    6.191989][    T1] usb usb5: Manufacturer: Linux 5.6.0-49835c15a552-01633-g49835c15a552 dummy_hcd
[    6.192782][    T1] usb usb5: SerialNumber: dummy_hcd.4
[    6.195228][    T1] hub 5-0:1.0: USB hub found
[    6.195787][    T1] hub 5-0:1.0: 1 port detected
[    6.197651][    T1] dummy_hcd dummy_hcd.5: USB Host+Gadget Emulator, driver 02 May 2005
[    6.198409][    T1] dummy_hcd dummy_hcd.5: Dummy host controller
[    6.199418][    T1] dummy_hcd dummy_hcd.5: new USB bus registered, assigned bus number 6
[    6.200593][    T1] usb usb6: New USB device found, idVendor=1d6b, idProduct=0002, bcdDevice= 5.06
[    6.201404][    T1] usb usb6: New USB device strings: Mfr=3, Product=2, SerialNumber=1
[    6.202114][    T1] usb usb6: Product: Dummy host controller
[    6.202607][    T1] usb usb6: Manufacturer: Linux 5.6.0-49835c15a552-01633-g49835c15a552 dummy_hcd
[    6.203376][    T1] usb usb6: SerialNumber: dummy_hcd.5
[    6.204958][    T1] hub 6-0:1.0: USB hub found
[    6.205453][    T1] hub 6-0:1.0: 1 port detected
[    6.207956][    T1] dummy_hcd dummy_hcd.6: USB Host+Gadget Emulator, driver 02 May 2005
[    6.208672][    T1] dummy_hcd dummy_hcd.6: Dummy host controller
[    6.209588][    T1] dummy_hcd dummy_hcd.6: new USB bus registered, assigned bus number 7
[    6.210706][    T1] usb usb7: New USB device found, idVendor=1d6b, idProduct=0002, bcdDevice= 5.06
[    6.211485][    T1] usb usb7: New USB device strings: Mfr=3, Product=2, SerialNumber=1
[    6.212175][    T1] usb usb7: Product: Dummy host controller
[    6.212673][    T1] usb usb7: Manufacturer: Linux 5.6.0-49835c15a552-01633-g49835c15a552 dummy_hcd
[    6.213446][    T1] usb usb7: SerialNumber: dummy_hcd.6
[    6.215672][    T1] hub 7-0:1.0: USB hub found
[    6.216151][    T1] hub 7-0:1.0: 1 port detected
[    6.217851][    T1] dummy_hcd dummy_hcd.7: USB Host+Gadget Emulator, driver 02 May 2005
[    6.218500][    T1] dummy_hcd dummy_hcd.7: Dummy host controller
[    6.219313][    T1] dummy_hcd dummy_hcd.7: new USB bus registered, assigned bus number 8
[    6.220326][    T1] usb usb8: New USB device found, idVendor=1d6b, idProduct=0002, bcdDevice= 5.06
[    6.221060][    T1] usb usb8: New USB device strings: Mfr=3, Product=2, SerialNumber=1
[    6.222012][    T1] usb usb8: Product: Dummy host controller
[    6.222535][    T1] usb usb8: Manufacturer: Linux 5.6.0-49835c15a552-01633-g49835c15a552 dummy_hcd
[    6.223322][    T1] usb usb8: SerialNumber: dummy_hcd.7
[    6.225628][    T1] hub 8-0:1.0: USB hub found
[    6.226405][    T1] hub 8-0:1.0: 1 port detected
[    6.236829][    T1] gadgetfs: USB Gadget filesystem, version 24 Aug 2004
[    6.243012][    T1] vhci_hcd vhci_hcd.0: USB/IP Virtual Host Controller
[    6.244026][    T1] vhci_hcd vhci_hcd.0: new USB bus registered, assigned bus number 9
[    6.244905][    T1] vhci_hcd: created sysfs vhci_hcd.0
[    6.245805][    T1] usb usb9: New USB device found, idVendor=1d6b, idProduct=0002, bcdDevice= 5.06
[    6.246831][    T1] usb usb9: New USB device strings: Mfr=3, Product=2, SerialNumber=1
[    6.247536][    T1] usb usb9: Product: USB/IP Virtual Host Controller
[    6.248095][    T1] usb usb9: Manufacturer: Linux 5.6.0-49835c15a552-01633-g49835c15a552 vhci_hcd
[    6.248851][    T1] usb usb9: SerialNumber: vhci_hcd.0
[    6.250579][    T1] hub 9-0:1.0: USB hub found
[    6.251193][    T1] hub 9-0:1.0: 8 ports detected
[    6.255201][    T1] vhci_hcd vhci_hcd.0: USB/IP Virtual Host Controller
[    6.256293][    T1] vhci_hcd vhci_hcd.0: new USB bus registered, assigned bus number 10
[    6.257223][    T1] usb usb10: We don't know the algorithms for LPM for this host, disabling LPM.
[    6.258510][    T1] usb usb10: New USB device found, idVendor=1d6b, idProduct=0003, bcdDevice= 5.06
[    6.259319][    T1] usb usb10: New USB device strings: Mfr=3, Product=2, SerialNumber=1
[    6.260043][    T1] usb usb10: Product: USB/IP Virtual Host Controller
[    6.260601][    T1] usb usb10: Manufacturer: Linux 5.6.0-49835c15a552-01633-g49835c15a552 vhci_hcd
[    6.261367][    T1] usb usb10: SerialNumber: vhci_hcd.0
[    6.263155][    T1] hub 10-0:1.0: USB hub found
[    6.263691][    T1] hub 10-0:1.0: 8 ports detected
[    6.268575][    T1] vhci_hcd vhci_hcd.1: USB/IP Virtual Host Controller
[    6.269574][    T1] vhci_hcd vhci_hcd.1: new USB bus registered, assigned bus number 11
[    6.270804][    T1] usb usb11: New USB device found, idVendor=1d6b, idProduct=0002, bcdDevice= 5.06
[    6.271586][    T1] usb usb11: New USB device strings: Mfr=3, Product=2, SerialNumber=1
[    6.272281][    T1] usb usb11: Product: USB/IP Virtual Host Controller
[    6.272875][    T1] usb usb11: Manufacturer: Linux 5.6.0-49835c15a552-01633-g49835c15a552 vhci_hcd
[    6.273663][    T1] usb usb11: SerialNumber: vhci_hcd.1
[    6.275586][    T1] hub 11-0:1.0: USB hub found
[    6.277251][    T1] hub 11-0:1.0: 8 ports detected
[    6.280268][    T1] vhci_hcd vhci_hcd.1: USB/IP Virtual Host Controller
[    6.281317][    T1] vhci_hcd vhci_hcd.1: new USB bus registered, assigned bus number 12
[    6.282198][    T1] usb usb12: We don't know the algorithms for LPM for this host, disabling LPM.
[    6.283563][    T1] usb usb12: New USB device found, idVendor=1d6b, idProduct=0003, bcdDevice= 5.06
[    6.284783][    T1] usb usb12: New USB device strings: Mfr=3, Product=2, SerialNumber=1
[    6.285766][    T1] usb usb12: Product: USB/IP Virtual Host Controller
[    6.288008][    T1] usb usb12: Manufacturer: Linux 5.6.0-49835c15a552-01633-g49835c15a552 vhci_hcd
[    6.289074][    T1] usb usb12: SerialNumber: vhci_hcd.1
[    6.291683][    T1] hub 12-0:1.0: USB hub found
[    6.292415][    T1] hub 12-0:1.0: 8 ports detected
[    6.298858][    T1] vhci_hcd vhci_hcd.2: USB/IP Virtual Host Controller
[    6.300207][    T1] vhci_hcd vhci_hcd.2: new USB bus registered, assigned bus number 13
[    6.302250][    T1] usb usb13: New USB device found, idVendor=1d6b, idProduct=0002, bcdDevice= 5.06
[    6.303246][    T1] usb usb13: New USB device strings: Mfr=3, Product=2, SerialNumber=1
[    6.304119][    T1] usb usb13: Product: USB/IP Virtual Host Controller
[    6.304834][    T1] usb usb13: Manufacturer: Linux 5.6.0-49835c15a552-01633-g49835c15a552 vhci_hcd
[    6.305805][    T1] usb usb13: SerialNumber: vhci_hcd.2
[    6.308718][    T1] hub 13-0:1.0: USB hub found
[    6.309453][    T1] hub 13-0:1.0: 8 ports detected
[    6.314804][    T1] vhci_hcd vhci_hcd.2: USB/IP Virtual Host Controller
[    6.315857][    T1] vhci_hcd vhci_hcd.2: new USB bus registered, assigned bus number 14
[    6.316972][    T1] usb usb14: We don't know the algorithms for LPM for this host, disabling LPM.
[    6.318133][    T1] usb usb14: New USB device found, idVendor=1d6b, idProduct=0003, bcdDevice= 5.06
[    6.318917][    T1] usb usb14: New USB device strings: Mfr=3, Product=2, SerialNumber=1
[    6.319602][    T1] usb usb14: Product: USB/IP Virtual Host Controller
[    6.320168][    T1] usb usb14: Manufacturer: Linux 5.6.0-49835c15a552-01633-g49835c15a552 vhci_hcd
[    6.320934][    T1] usb usb14: SerialNumber: vhci_hcd.2
[    6.322786][    T1] hub 14-0:1.0: USB hub found
[    6.323294][    T1] hub 14-0:1.0: 8 ports detected
[    6.327520][    T1] vhci_hcd vhci_hcd.3: USB/IP Virtual Host Controller
[    6.328522][    T1] vhci_hcd vhci_hcd.3: new USB bus registered, assigned bus number 15
[    6.329630][    T1] usb usb15: New USB device found, idVendor=1d6b, idProduct=0002, bcdDevice= 5.06
[    6.330411][    T1] usb usb15: New USB device strings: Mfr=3, Product=2, SerialNumber=1
[    6.331098][    T1] usb usb15: Product: USB/IP Virtual Host Controller
[    6.331661][    T1] usb usb15: Manufacturer: Linux 5.6.0-49835c15a552-01633-g49835c15a552 vhci_hcd
[    6.332424][    T1] usb usb15: SerialNumber: vhci_hcd.3
[    6.334496][    T1] hub 15-0:1.0: USB hub found
[    6.335007][    T1] hub 15-0:1.0: 8 ports detected
[    6.338337][    T1] vhci_hcd vhci_hcd.3: USB/IP Virtual Host Controller
[    6.339395][    T1] vhci_hcd vhci_hcd.3: new USB bus registered, assigned bus number 16
[    6.340273][    T1] usb usb16: We don't know the algorithms for LPM for this host, disabling LPM.
[    6.341392][    T1] usb usb16: New USB device found, idVendor=1d6b, idProduct=0003, bcdDevice= 5.06
[    6.342171][    T1] usb usb16: New USB device strings: Mfr=3, Product=2, SerialNumber=1
[    6.342863][    T1] usb usb16: Product: USB/IP Virtual Host Controller
[    6.343430][    T1] usb usb16: Manufacturer: Linux 5.6.0-49835c15a552-01633-g49835c15a552 vhci_hcd
[    6.344201][    T1] usb usb16: SerialNumber: vhci_hcd.3
[    6.346145][    T1] hub 16-0:1.0: USB hub found
[    6.346683][    T1] hub 16-0:1.0: 8 ports detected
[    6.350787][    T1] vhci_hcd vhci_hcd.4: USB/IP Virtual Host Controller
[    6.351775][    T1] vhci_hcd vhci_hcd.4: new USB bus registered, assigned bus number 17
[    6.352900][    T1] usb usb17: New USB device found, idVendor=1d6b, idProduct=0002, bcdDevice= 5.06
[    6.353684][    T1] usb usb17: New USB device strings: Mfr=3, Product=2, SerialNumber=1
[    6.354373][    T1] usb usb17: Product: USB/IP Virtual Host Controller
[    6.354939][    T1] usb usb17: Manufacturer: Linux 5.6.0-49835c15a552-01633-g49835c15a552 vhci_hcd
[    6.355707][    T1] usb usb17: SerialNumber: vhci_hcd.4
[    6.358486][    T1] hub 17-0:1.0: USB hub found
[    6.359002][    T1] hub 17-0:1.0: 8 ports detected
[    6.362072][    T1] vhci_hcd vhci_hcd.4: USB/IP Virtual Host Controller
[    6.363214][    T1] vhci_hcd vhci_hcd.4: new USB bus registered, assigned bus number 18
[    6.364085][    T1] usb usb18: We don't know the algorithms for LPM for this host, disabling LPM.
[    6.365423][    T1] usb usb18: New USB device found, idVendor=1d6b, idProduct=0003, bcdDevice= 5.06
[    6.366460][    T1] usb usb18: New USB device strings: Mfr=3, Product=2, SerialNumber=1
[    6.367157][    T1] usb usb18: Product: USB/IP Virtual Host Controller
[    6.367728][    T1] usb usb18: Manufacturer: Linux 5.6.0-49835c15a552-01633-g49835c15a552 vhci_hcd
[    6.368501][    T1] usb usb18: SerialNumber: vhci_hcd.4
[    6.370114][    T1] hub 18-0:1.0: USB hub found
[    6.370619][    T1] hub 18-0:1.0: 8 ports detected
[    6.374496][    T1] vhci_hcd vhci_hcd.5: USB/IP Virtual Host Controller
[    6.375513][    T1] vhci_hcd vhci_hcd.5: new USB bus registered, assigned bus number 19
[    6.377131][    T1] usb usb19: New USB device found, idVendor=1d6b, idProduct=0002, bcdDevice= 5.06
[    6.377977][    T1] usb usb19: New USB device strings: Mfr=3, Product=2, SerialNumber=1
[    6.378714][    T1] usb usb19: Product: USB/IP Virtual Host Controller
[    6.379314][    T1] usb usb19: Manufacturer: Linux 5.6.0-49835c15a552-01633-g49835c15a552 vhci_hcd
[    6.380131][    T1] usb usb19: SerialNumber: vhci_hcd.5
[    6.381684][    T1] hub 19-0:1.0: USB hub found
[    6.382339][    T1] hub 19-0:1.0: 8 ports detected
[    6.385569][    T1] vhci_hcd vhci_hcd.5: USB/IP Virtual Host Controller
[    6.387306][    T1] vhci_hcd vhci_hcd.5: new USB bus registered, assigned bus number 20
[    6.388271][    T1] usb usb20: We don't know the algorithms for LPM for this host, disabling LPM.
[    6.389621][    T1] usb usb20: New USB device found, idVendor=1d6b, idProduct=0003, bcdDevice= 5.06
[    6.390471][    T1] usb usb20: New USB device strings: Mfr=3, Product=2, SerialNumber=1
[    6.391175][    T1] usb usb20: Product: USB/IP Virtual Host Controller
[    6.391776][    T1] usb usb20: Manufacturer: Linux 5.6.0-49835c15a552-01633-g49835c15a552 vhci_hcd
[    6.392584][    T1] usb usb20: SerialNumber: vhci_hcd.5
[    6.394349][    T1] hub 20-0:1.0: USB hub found
[    6.394938][    T1] hub 20-0:1.0: 8 ports detected
[    6.398474][    T1] vhci_hcd vhci_hcd.6: USB/IP Virtual Host Controller
[    6.399521][    T1] vhci_hcd vhci_hcd.6: new USB bus registered, assigned bus number 21
[    6.401066][    T1] usb usb21: New USB device found, idVendor=1d6b, idProduct=0002, bcdDevice= 5.06
[    6.401917][    T1] usb usb21: New USB device strings: Mfr=3, Product=2, SerialNumber=1
[    6.402609][    T1] usb usb21: Product: USB/IP Virtual Host Controller
[    6.403212][    T1] usb usb21: Manufacturer: Linux 5.6.0-49835c15a552-01633-g49835c15a552 vhci_hcd
[    6.404060][    T1] usb usb21: SerialNumber: vhci_hcd.6
[    6.405872][    T1] hub 21-0:1.0: USB hub found
[    6.407848][    T1] hub 21-0:1.0: 8 ports detected
[    6.410992][    T1] vhci_hcd vhci_hcd.6: USB/IP Virtual Host Controller
[    6.412012][    T1] vhci_hcd vhci_hcd.6: new USB bus registered, assigned bus number 22
[    6.412887][    T1] usb usb22: We don't know the algorithms for LPM for this host, disabling LPM.
[    6.414199][    T1] usb usb22: New USB device found, idVendor=1d6b, idProduct=0003, bcdDevice= 5.06
[    6.414985][    T1] usb usb22: New USB device strings: Mfr=3, Product=2, SerialNumber=1
[    6.415612][    T1] usb usb22: Product: USB/IP Virtual Host Controller
[    6.416281][    T1] usb usb22: Manufacturer: Linux 5.6.0-49835c15a552-01633-g49835c15a552 vhci_hcd
[    6.417019][    T1] usb usb22: SerialNumber: vhci_hcd.6
[    6.418381][    T1] hub 22-0:1.0: USB hub found
[    6.418856][    T1] hub 22-0:1.0: 8 ports detected
[    6.422302][    T1] vhci_hcd vhci_hcd.7: USB/IP Virtual Host Controller
[    6.423232][    T1] vhci_hcd vhci_hcd.7: new USB bus registered, assigned bus number 23
[    6.424441][    T1] usb usb23: New USB device found, idVendor=1d6b, idProduct=0002, bcdDevice= 5.06
[    6.425176][    T1] usb usb23: New USB device strings: Mfr=3, Product=2, SerialNumber=1
[    6.425825][    T1] usb usb23: Product: USB/IP Virtual Host Controller
[    6.427150][    T1] usb usb23: Manufacturer: Linux 5.6.0-49835c15a552-01633-g49835c15a552 vhci_hcd
[    6.427883][    T1] usb usb23: SerialNumber: vhci_hcd.7
[    6.429237][    T1] hub 23-0:1.0: USB hub found
[    6.429708][    T1] hub 23-0:1.0: 8 ports detected
[    6.432633][    T1] vhci_hcd vhci_hcd.7: USB/IP Virtual Host Controller
[    6.433752][    T1] vhci_hcd vhci_hcd.7: new USB bus registered, assigned bus number 24
[    6.434540][    T1] usb usb24: We don't know the algorithms for LPM for this host, disabling LPM.
[    6.435788][    T1] usb usb24: New USB device found, idVendor=1d6b, idProduct=0003, bcdDevice= 5.06
[    6.437755][    T1] usb usb24: New USB device strings: Mfr=3, Product=2, SerialNumber=1
[    6.438485][    T1] usb usb24: Product: USB/IP Virtual Host Controller
[    6.439070][    T1] usb usb24: Manufacturer: Linux 5.6.0-49835c15a552-01633-g49835c15a552 vhci_hcd
[    6.439837][    T1] usb usb24: SerialNumber: vhci_hcd.7
[    6.441416][    T1] hub 24-0:1.0: USB hub found
[    6.441923][    T1] hub 24-0:1.0: 8 ports detected
[    6.445653][    T1] vhci_hcd vhci_hcd.8: USB/IP Virtual Host Controller
[    6.447284][    T1] vhci_hcd vhci_hcd.8: new USB bus registered, assigned bus number 25
[    6.448611][    T1] usb usb25: New USB device found, idVendor=1d6b, idProduct=0002, bcdDevice= 5.06
[    6.449359][    T1] usb usb25: New USB device strings: Mfr=3, Product=2, SerialNumber=1
[    6.449989][    T1] usb usb25: Product: USB/IP Virtual Host Controller
[    6.450506][    T1] usb usb25: Manufacturer: Linux 5.6.0-49835c15a552-01633-g49835c15a552 vhci_hcd
[    6.451232][    T1] usb usb25: SerialNumber: vhci_hcd.8
[    6.453362][    T1] hub 25-0:1.0: USB hub found
[    6.453878][    T1] hub 25-0:1.0: 8 ports detected
[    6.456850][    T1] vhci_hcd vhci_hcd.8: USB/IP Virtual Host Controller
[    6.457797][    T1] vhci_hcd vhci_hcd.8: new USB bus registered, assigned bus number 26
[    6.458674][    T1] usb usb26: We don't know the algorithms for LPM for this host, disabling LPM.
[    6.459903][    T1] usb usb26: New USB device found, idVendor=1d6b, idProduct=0003, bcdDevice= 5.06
[    6.460702][    T1] usb usb26: New USB device strings: Mfr=3, Product=2, SerialNumber=1
[    6.461354][    T1] usb usb26: Product: USB/IP Virtual Host Controller
[    6.461870][    T1] usb usb26: Manufacturer: Linux 5.6.0-49835c15a552-01633-g49835c15a552 vhci_hcd
[    6.462611][    T1] usb usb26: SerialNumber: vhci_hcd.8
[    6.464126][    T1] hub 26-0:1.0: USB hub found
[    6.464736][    T1] hub 26-0:1.0: 8 ports detected
[    6.469568][    T1] vhci_hcd vhci_hcd.9: USB/IP Virtual Host Controller
[    6.470588][    T1] vhci_hcd vhci_hcd.9: new USB bus registered, assigned bus number 27
[    6.471688][    T1] usb usb27: New USB device found, idVendor=1d6b, idProduct=0002, bcdDevice= 5.06
[    6.472417][    T1] usb usb27: New USB device strings: Mfr=3, Product=2, SerialNumber=1
[    6.473045][    T1] usb usb27: Product: USB/IP Virtual Host Controller
[    6.473560][    T1] usb usb27: Manufacturer: Linux 5.6.0-49835c15a552-01633-g49835c15a552 vhci_hcd
[    6.474258][    T1] usb usb27: SerialNumber: vhci_hcd.9
[    6.476599][    T1] hub 27-0:1.0: USB hub found
[    6.477123][    T1] hub 27-0:1.0: 8 ports detected
[    6.480137][    T1] vhci_hcd vhci_hcd.9: USB/IP Virtual Host Controller
[    6.481091][    T1] vhci_hcd vhci_hcd.9: new USB bus registered, assigned bus number 28
[    6.481908][    T1] usb usb28: We don't know the algorithms for LPM for this host, disabling LPM.
[    6.482962][    T1] usb usb28: New USB device found, idVendor=1d6b, idProduct=0003, bcdDevice= 5.06
[    6.483674][    T1] usb usb28: New USB device strings: Mfr=3, Product=2, SerialNumber=1
[    6.484303][    T1] usb usb28: Product: USB/IP Virtual Host Controller
[    6.484820][    T1] usb usb28: Manufacturer: Linux 5.6.0-49835c15a552-01633-g49835c15a552 vhci_hcd
[    6.485519][    T1] usb usb28: SerialNumber: vhci_hcd.9
[    6.488462][    T1] hub 28-0:1.0: USB hub found
[    6.488924][    T1] hub 28-0:1.0: 8 ports detected
[    6.492515][    T1] vhci_hcd vhci_hcd.10: USB/IP Virtual Host Controller
[    6.493414][    T1] vhci_hcd vhci_hcd.10: new USB bus registered, assigned bus number 29
[    6.494417][    T1] usb usb29: New USB device found, idVendor=1d6b, idProduct=0002, bcdDevice= 5.06
[    6.495132][    T1] usb usb29: New USB device strings: Mfr=3, Product=2, SerialNumber=1
[    6.495763][    T1] usb usb29: Product: USB/IP Virtual Host Controller
[    6.496450][    T1] usb usb29: Manufacturer: Linux 5.6.0-49835c15a552-01633-g49835c15a552 vhci_hcd
[    6.497244][    T1] usb usb29: SerialNumber: vhci_hcd.10
[    6.499624][    T1] hub 29-0:1.0: USB hub found
[    6.500143][    T1] hub 29-0:1.0: 8 ports detected
[    6.503180][    T1] vhci_hcd vhci_hcd.10: USB/IP Virtual Host Controller
[    6.504162][    T1] vhci_hcd vhci_hcd.10: new USB bus registered, assigned bus number 30
[    6.505032][    T1] usb usb30: We don't know the algorithms for LPM for this host, disabling LPM.
[    6.506565][    T1] usb usb30: New USB device found, idVendor=1d6b, idProduct=0003, bcdDevice= 5.06
[    6.507387][    T1] usb usb30: New USB device strings: Mfr=3, Product=2, SerialNumber=1
[    6.508079][    T1] usb usb30: Product: USB/IP Virtual Host Controller
[    6.508647][    T1] usb usb30: Manufacturer: Linux 5.6.0-49835c15a552-01633-g49835c15a552 vhci_hcd
[    6.509417][    T1] usb usb30: SerialNumber: vhci_hcd.10
[    6.510838][    T1] hub 30-0:1.0: USB hub found
[    6.511296][    T1] hub 30-0:1.0: 8 ports detected
[    6.514869][    T1] vhci_hcd vhci_hcd.11: USB/IP Virtual Host Controller
[    6.515751][    T1] vhci_hcd vhci_hcd.11: new USB bus registered, assigned bus number 31
[    6.517451][    T1] usb usb31: New USB device found, idVendor=1d6b, idProduct=0002, bcdDevice= 5.06
[    6.518171][    T1] usb usb31: New USB device strings: Mfr=3, Product=2, SerialNumber=1
[    6.518807][    T1] usb usb31: Product: USB/IP Virtual Host Controller
[    6.519323][    T1] usb usb31: Manufacturer: Linux 5.6.0-49835c15a552-01633-g49835c15a552 vhci_hcd
[    6.520026][    T1] usb usb31: SerialNumber: vhci_hcd.11
[    6.521429][    T1] hub 31-0:1.0: USB hub found
[    6.521890][    T1] hub 31-0:1.0: 8 ports detected
[    6.524656][    T1] vhci_hcd vhci_hcd.11: USB/IP Virtual Host Controller
[    6.525591][    T1] vhci_hcd vhci_hcd.11: new USB bus registered, assigned bus number 32
[    6.527468][    T1] usb usb32: We don't know the algorithms for LPM for this host, disabling LPM.
[    6.529343][    T1] usb usb32: New USB device found, idVendor=1d6b, idProduct=0003, bcdDevice= 5.06
[    6.530155][    T1] usb usb32: New USB device strings: Mfr=3, Product=2, SerialNumber=1
[    6.530866][    T1] usb usb32: Product: USB/IP Virtual Host Controller
[    6.531442][    T1] usb usb32: Manufacturer: Linux 5.6.0-49835c15a552-01633-g49835c15a552 vhci_hcd
[    6.532231][    T1] usb usb32: SerialNumber: vhci_hcd.11
[    6.533784][    T1] hub 32-0:1.0: USB hub found
[    6.534301][    T1] hub 32-0:1.0: 8 ports detected
[    6.538197][    T1] vhci_hcd vhci_hcd.12: USB/IP Virtual Host Controller
[    6.539118][    T1] vhci_hcd vhci_hcd.12: new USB bus registered, assigned bus number 33
[    6.540158][    T1] usb usb33: New USB device found, idVendor=1d6b, idProduct=0002, bcdDevice= 5.06
[    6.540890][    T1] usb usb33: New USB device strings: Mfr=3, Product=2, SerialNumber=1
[    6.541531][    T1] usb usb33: Product: USB/IP Virtual Host Controller
[    6.542063][    T1] usb usb33: Manufacturer: Linux 5.6.0-49835c15a552-01633-g49835c15a552 vhci_hcd
[    6.542783][    T1] usb usb33: SerialNumber: vhci_hcd.12
[    6.544149][    T1] hub 33-0:1.0: USB hub found
[    6.544714][    T1] hub 33-0:1.0: 8 ports detected
[    6.548576][    T1] vhci_hcd vhci_hcd.12: USB/IP Virtual Host Controller
[    6.549401][    T1] vhci_hcd vhci_hcd.12: new USB bus registered, assigned bus number 34
[    6.550189][    T1] usb usb34: We don't know the algorithms for LPM for this host, disabling LPM.
[    6.551307][    T1] usb usb34: New USB device found, idVendor=1d6b, idProduct=0003, bcdDevice= 5.06
[    6.552022][    T1] usb usb34: New USB device strings: Mfr=3, Product=2, SerialNumber=1
[    6.552657][    T1] usb usb34: Product: USB/IP Virtual Host Controller
[    6.553177][    T1] usb usb34: Manufacturer: Linux 5.6.0-49835c15a552-01633-g49835c15a552 vhci_hcd
[    6.553884][    T1] usb usb34: SerialNumber: vhci_hcd.12
[    6.555410][    T1] hub 34-0:1.0: USB hub found
[    6.555874][    T1] hub 34-0:1.0: 8 ports detected
[    6.560557][    T1] vhci_hcd vhci_hcd.13: USB/IP Virtual Host Controller
[    6.561647][    T1] vhci_hcd vhci_hcd.13: new USB bus registered, assigned bus number 35
[    6.562987][    T1] usb usb35: New USB device found, idVendor=1d6b, idProduct=0002, bcdDevice= 5.06
[    6.563780][    T1] usb usb35: New USB device strings: Mfr=3, Product=2, SerialNumber=1
[    6.564475][    T1] usb usb35: Product: USB/IP Virtual Host Controller
[    6.565046][    T1] usb usb35: Manufacturer: Linux 5.6.0-49835c15a552-01633-g49835c15a552 vhci_hcd
[    6.565821][    T1] usb usb35: SerialNumber: vhci_hcd.13
[    6.567489][    T1] hub 35-0:1.0: USB hub found
[    6.568024][    T1] hub 35-0:1.0: 8 ports detected
[    6.571062][    T1] vhci_hcd vhci_hcd.13: USB/IP Virtual Host Controller
[    6.572095][    T1] vhci_hcd vhci_hcd.13: new USB bus registered, assigned bus number 36
[    6.572899][    T1] usb usb36: We don't know the algorithms for LPM for this host, disabling LPM.
[    6.574127][    T1] usb usb36: New USB device found, idVendor=1d6b, idProduct=0003, bcdDevice= 5.06
[    6.574888][    T1] usb usb36: New USB device strings: Mfr=3, Product=2, SerialNumber=1
[    6.575581][    T1] usb usb36: Product: USB/IP Virtual Host Controller
[    6.576772][    T1] usb usb36: Manufacturer: Linux 5.6.0-49835c15a552-01633-g49835c15a552 vhci_hcd
[    6.577539][    T1] usb usb36: SerialNumber: vhci_hcd.13
[    6.578911][    T1] hub 36-0:1.0: USB hub found
[    6.579378][    T1] hub 36-0:1.0: 8 ports detected
[    6.582871][    T1] vhci_hcd vhci_hcd.14: USB/IP Virtual Host Controller
[    6.583838][    T1] vhci_hcd vhci_hcd.14: new USB bus registered, assigned bus number 37
[    6.585036][    T1] usb usb37: New USB device found, idVendor=1d6b, idProduct=0002, bcdDevice= 5.06
[    6.585762][    T1] usb usb37: New USB device strings: Mfr=3, Product=2, SerialNumber=1
[    6.587210][    T1] usb usb37: Product: USB/IP Virtual Host Controller
[    6.587798][    T1] usb usb37: Manufacturer: Linux 5.6.0-49835c15a552-01633-g49835c15a552 vhci_hcd
[    6.588646][    T1] usb usb37: SerialNumber: vhci_hcd.14
[    6.590402][    T1] hub 37-0:1.0: USB hub found
[    6.590925][    T1] hub 37-0:1.0: 8 ports detected
[    6.594204][    T1] vhci_hcd vhci_hcd.14: USB/IP Virtual Host Controller
[    6.595263][    T1] vhci_hcd vhci_hcd.14: new USB bus registered, assigned bus number 38
[    6.596156][    T1] usb usb38: We don't know the algorithms for LPM for this host, disabling LPM.
[    6.597455][    T1] usb usb38: New USB device found, idVendor=1d6b, idProduct=0003, bcdDevice= 5.06
[    6.598243][    T1] usb usb38: New USB device strings: Mfr=3, Product=2, SerialNumber=1
[    6.598934][    T1] usb usb38: Product: USB/IP Virtual Host Controller
[    6.599449][    T1] usb usb38: Manufacturer: Linux 5.6.0-49835c15a552-01633-g49835c15a552 vhci_hcd
[    6.600152][    T1] usb usb38: SerialNumber: vhci_hcd.14
[    6.601630][    T1] hub 38-0:1.0: USB hub found
[    6.602097][    T1] hub 38-0:1.0: 8 ports detected
[    6.605495][    T1] vhci_hcd vhci_hcd.15: USB/IP Virtual Host Controller
[    6.606897][    T1] vhci_hcd vhci_hcd.15: new USB bus registered, assigned bus number 39
[    6.607997][    T1] usb usb39: New USB device found, idVendor=1d6b, idProduct=0002, bcdDevice= 5.06
[    6.608744][    T1] usb usb39: New USB device strings: Mfr=3, Product=2, SerialNumber=1
[    6.609376][    T1] usb usb39: Product: USB/IP Virtual Host Controller
[    6.609896][    T1] usb usb39: Manufacturer: Linux 5.6.0-49835c15a552-01633-g49835c15a552 vhci_hcd
[    6.610598][    T1] usb usb39: SerialNumber: vhci_hcd.15
[    6.612028][    T1] hub 39-0:1.0: USB hub found
[    6.612491][    T1] hub 39-0:1.0: 8 ports detected
[    6.615239][    T1] vhci_hcd vhci_hcd.15: USB/IP Virtual Host Controller
[    6.616477][    T1] vhci_hcd vhci_hcd.15: new USB bus registered, assigned bus number 40
[    6.617289][    T1] usb usb40: We don't know the algorithms for LPM for this host, disabling LPM.
[    6.618566][    T1] usb usb40: New USB device found, idVendor=1d6b, idProduct=0003, bcdDevice= 5.06
[    6.619461][    T1] usb usb40: New USB device strings: Mfr=3, Product=2, SerialNumber=1
[    6.620349][    T1] usb usb40: Product: USB/IP Virtual Host Controller
[    6.620961][    T1] usb usb40: Manufacturer: Linux 5.6.0-49835c15a552-01633-g49835c15a552 vhci_hcd
[    6.621753][    T1] usb usb40: SerialNumber: vhci_hcd.15
[    6.623393][    T1] hub 40-0:1.0: USB hub found
[    6.623907][    T1] hub 40-0:1.0: 8 ports detected
[    6.627902][    T1] usbcore: registered new device driver usbip-host
[    6.630753][    T1] i8042: PNP: PS/2 Controller [PNP0303:KBD,PNP0f13:MOU] at 0x60,0x64 irq 1,12
[    6.632511][    T1] serio: i8042 KBD port at 0x60,0x64 irq 1
[    6.633674][    T1] serio: i8042 AUX port at 0x60,0x64 irq 12
[    6.635978][    T1] mousedev: PS/2 mouse device common for all mice
[    6.638121][  T452] input: AT Translated Set 2 keyboard as /devices/platform/i8042/serio0/input/input1
[    6.641687][    T1] usbcore: registered new interface driver appletouch
[    6.642491][    T1] usbcore: registered new interface driver bcm5974
[    6.644272][    T1] usbcore: registered new interface driver synaptics_usb
[    6.645657][    T1] usbcore: registered new interface driver iforce
[    6.646818][    T1] usbcore: registered new interface driver xpad
[    6.650380][    T1] usbcore: registered new interface driver usb_acecad
[    6.651275][    T1] usbcore: registered new interface driver aiptek
[    6.652032][    T1] usbcore: registered new interface driver hanwang
[    6.652845][    T1] usbcore: registered new interface driver kbtab
[    6.653623][    T1] usbcore: registered new interface driver pegasus_notetaker
[    6.654536][    T1] usbcore: registered new interface driver usbtouchscreen
[    6.655385][    T1] usbcore: registered new interface driver sur40
[    6.656642][    T1] usbcore: registered new interface driver ati_remote2
[    6.657232][    T1] cm109: Keymap for Komunikate KIP1000 phone loaded
[    6.658058][    T1] usbcore: registered new interface driver cm109
[    6.658601][    T1] cm109: CM109 phone driver: 20080805 (C) Alfred E. Heggestad
[    6.660458][    T1] usbcore: registered new interface driver ims_pcu
[    6.661174][    T1] usbcore: registered new interface driver keyspan_remote
[    6.661914][    T1] usbcore: registered new interface driver powermate
[    6.662881][    T1] usbcore: registered new interface driver yealink
[    6.664620][    T1] rtc_cmos 00:05: RTC can wake from S4
[    6.667861][    T1] rtc_cmos 00:05: registered as rtc0
[    6.668282][    T1] rtc_cmos 00:05: alarms up to one day, y3k, 242 bytes nvram, hpet irqs
[    6.671743][    T1] i2c /dev entries driver
[    6.672605][    T1] usbcore: registered new interface driver i2c-diolan-u2c
[    6.673555][    T1] usbcore: registered new interface driver RobotFuzz Open Source InterFace, OSIF
[    6.674467][    T1] usbcore: registered new interface driver i2c-tiny-usb
[    6.677767][    T1] usbcore: registered new interface driver ati_remote
[    6.678525][    T1] usbcore: registered new interface driver imon
[    6.679353][    T1] usbcore: registered new interface driver mceusb
[    6.683743][    T1] usbcore: registered new interface driver redrat3
[    6.684495][    T1] usbcore: registered new interface driver streamzap
[    6.685252][    T1] usbcore: registered new interface driver igorplugusb
[    6.686055][    T1] usbcore: registered new interface driver iguanair
[    6.686914][    T1] usbcore: registered new interface driver ttusbir
[    6.687483][    T1] b2c2-flexcop: B2C2 FlexcopII/II(b)/III digital TV receiver chip loaded successfully
[    6.699168][    T1] vivid-000: using single planar format API
[    6.719869][    T1] vivid-000: CEC adapter cec0 registered for HDMI input 0
[    6.720867][    T1] vivid-000: V4L2 capture device registered as video3
[    6.721922][    T1] vivid-000: CEC adapter cec1 registered for HDMI output 0
[    6.722873][    T1] vivid-000: V4L2 output device registered as video4
[    6.723708][    T1] vivid-000: V4L2 capture device registered as vbi0, supports raw and sliced VBI
[    6.724752][    T1] vivid-000: V4L2 output device registered as vbi1, supports raw and sliced VBI
[    6.725758][    T1] vivid-000: V4L2 capture device registered as swradio0
[    6.726966][    T1] vivid-000: V4L2 receiver device registered as radio0
[    6.727805][    T1] vivid-000: V4L2 transmitter device registered as radio1
[    6.728661][    T1] vivid-000: V4L2 metadata capture device registered as video5
[    6.729550][    T1] vivid-000: V4L2 metadata output device registered as video6
[    6.730431][    T1] vivid-000: V4L2 touch capture device registered as v4l-touch0
[    6.732608][    T1] vivid-001: using multiplanar format API
[    6.740888][    T1] vivid-001: CEC adapter cec2 registered for HDMI input 0
[    6.741790][    T1] vivid-001: V4L2 capture device registered as video7
[    6.743021][    T1] vivid-001: CEC adapter cec3 registered for HDMI output 0
[    6.743982][    T1] vivid-001: V4L2 output device registered as video8
[    6.744916][    T1] vivid-001: V4L2 capture device registered as vbi2, supports raw and sliced VBI
[    6.746493][    T1] vivid-001: V4L2 output device registered as vbi3, supports raw and sliced VBI
[    6.747979][    T1] vivid-001: V4L2 capture device registered as swradio1
[    6.748862][    T1] vivid-001: V4L2 receiver device registered as radio2
[    6.749772][    T1] vivid-001: V4L2 transmitter device registered as radio3
[    6.750651][    T1] vivid-001: V4L2 metadata capture device registered as video9
[    6.751576][    T1] vivid-001: V4L2 metadata output device registered as video10
[    6.752504][    T1] vivid-001: V4L2 touch capture device registered as v4l-touch1
[    6.753517][    T1] vivid-002: using single planar format API
[    6.762104][    T1] vivid-002: CEC adapter cec4 registered for HDMI input 0
[    6.762982][    T1] vivid-002: V4L2 capture device registered as video11
[    6.763834][    T1] vivid-002: CEC adapter cec5 registered for HDMI output 0
[    6.764795][    T1] vivid-002: V4L2 output device registered as video12
[    6.765624][    T1] vivid-002: V4L2 capture device registered as vbi4, supports raw and sliced VBI
[    6.767420][    T1] vivid-002: V4L2 output device registered as vbi5, supports raw and sliced VBI
[    6.768427][    T1] vivid-002: V4L2 capture device registered as swradio2
[    6.769277][    T1] vivid-002: V4L2 receiver device registered as radio4
[    6.770190][    T1] vivid-002: V4L2 transmitter device registered as radio5
[    6.771130][    T1] vivid-002: V4L2 metadata capture device registered as video13
[    6.772101][    T1] vivid-002: V4L2 metadata output device registered as video14
[    6.773340][    T1] vivid-002: V4L2 touch capture device registered as v4l-touch2
[    6.776042][    T1] vivid-003: using multiplanar format API
[    6.784777][    T1] vivid-003: CEC adapter cec6 registered for HDMI input 0
[    6.785821][    T1] vivid-003: V4L2 capture device registered as video15
[    6.786917][    T1] vivid-003: CEC adapter cec7 registered for HDMI output 0
[    6.787935][    T1] vivid-003: V4L2 output device registered as video16
[    6.788963][    T1] vivid-003: V4L2 capture device registered as vbi6, supports raw and sliced VBI
[    6.790728][    T1] vivid-003: V4L2 output device registered as vbi7, supports raw and sliced VBI
[    6.791798][    T1] vivid-003: V4L2 capture device registered as swradio3
[    6.792594][    T1] vivid-003: V4L2 receiver device registered as radio6
[    6.793417][    T1] vivid-003: V4L2 transmitter device registered as radio7
[    6.794356][    T1] vivid-003: V4L2 metadata capture device registered as video17
[    6.795211][    T1] vivid-003: V4L2 metadata output device registered as video18
[    6.796393][    T1] vivid-003: V4L2 touch capture device registered as v4l-touch3
[    6.797404][    T1] vivid-004: using single planar format API
[    6.807371][    T1] vivid-004: CEC adapter cec8 registered for HDMI input 0
[    6.808389][    T1] vivid-004: V4L2 capture device registered as video19
[    6.809324][    T1] vivid-004: CEC adapter cec9 registered for HDMI output 0
[    6.810273][    T1] vivid-004: V4L2 output device registered as video20
[    6.811205][    T1] vivid-004: V4L2 capture device registered as vbi8, supports raw and sliced VBI
[    6.812933][    T1] vivid-004: V4L2 output device registered as vbi9, supports raw and sliced VBI
[    6.814037][    T1] vivid-004: V4L2 capture device registered as swradio4
[    6.814835][    T1] vivid-004: V4L2 receiver device registered as radio8
[    6.815662][    T1] vivid-004: V4L2 transmitter device registered as radio9
[    6.816625][    T1] vivid-004: V4L2 metadata capture device registered as video21
[    6.817512][    T1] vivid-004: V4L2 metadata output device registered as video22
[    6.818641][    T1] vivid-004: V4L2 touch capture device registered as v4l-touch4
[    6.819583][    T1] vivid-005: using multiplanar format API
[    6.838037][    T1] vivid-005: CEC adapter cec10 registered for HDMI input 0
[    6.838938][    T1] vivid-005: V4L2 capture device registered as video23
[    6.839932][    T1] vivid-005: CEC adapter cec11 registered for HDMI output 0
[    6.840938][    T1] vivid-005: V4L2 output device registered as video24
[    6.841767][    T1] vivid-005: V4L2 capture device registered as vbi10, supports raw and sliced VBI
[    6.842788][    T1] vivid-005: V4L2 output device registered as vbi11, supports raw and sliced VBI
[    6.843802][    T1] vivid-005: V4L2 capture device registered as swradio5
[    6.844639][    T1] vivid-005: V4L2 receiver device registered as radio10
[    6.845473][    T1] vivid-005: V4L2 transmitter device registered as radio11
[    6.846841][    T1] vivid-005: V4L2 metadata capture device registered as video25
[    6.847756][    T1] vivid-005: V4L2 metadata output device registered as video26
[    6.848651][    T1] vivid-005: V4L2 touch capture device registered as v4l-touch5
[    6.849842][    T1] vivid-006: using single planar format API
[    6.859963][    T1] vivid-006: CEC adapter cec12 registered for HDMI input 0
[    6.860883][    T1] vivid-006: V4L2 capture device registered as video27
[    6.861716][    T1] vivid-006: CEC adapter cec13 registered for HDMI output 0
[    6.862577][    T1] vivid-006: V4L2 output device registered as video28
[    6.863405][    T1] vivid-006: V4L2 capture device registered as vbi12, supports raw and sliced VBI
[    6.864512][    T1] vivid-006: V4L2 output device registered as vbi13, supports raw and sliced VBI
[    6.867287][    T1] vivid-006: V4L2 capture device registered as swradio6
[    6.868487][    T1] vivid-006: V4L2 receiver device registered as radio12
[    6.869542][    T1] vivid-006: V4L2 transmitter device registered as radio13
[    6.870651][    T1] vivid-006: V4L2 metadata capture device registered as video29
[    6.871860][    T1] vivid-006: V4L2 metadata output device registered as video30
[    6.873309][    T1] vivid-006: V4L2 touch capture device registered as v4l-touch6
[    6.874505][    T1] vivid-007: using multiplanar format API
[    6.883122][    T1] vivid-007: CEC adapter cec14 registered for HDMI input 0
[    6.884167][    T1] vivid-007: V4L2 capture device registered as video31
[    6.885165][    T1] vivid-007: CEC adapter cec15 registered for HDMI output 0
[    6.886273][    T1] vivid-007: V4L2 output device registered as video32
[    6.887253][    T1] vivid-007: V4L2 capture device registered as vbi14, supports raw and sliced VBI
[    6.888758][    T1] vivid-007: V4L2 output device registered as vbi15, supports raw and sliced VBI
[    6.890135][    T1] vivid-007: V4L2 capture device registered as swradio7
[    6.891100][    T1] vivid-007: V4L2 receiver device registered as radio14
[    6.892143][    T1] vivid-007: V4L2 transmitter device registered as radio15
[    6.893153][    T1] vivid-007: V4L2 metadata capture device registered as video33
[    6.894352][    T1] vivid-007: V4L2 metadata output device registered as video34
[    6.895901][    T1] vivid-007: V4L2 touch capture device registered as v4l-touch7
[    6.896978][    T1] vivid-008: using single planar format API
[    6.905978][    T1] vivid-008: CEC adapter cec16 registered for HDMI input 0
[    6.907141][    T1] vivid-008: V4L2 capture device registered as video35
[    6.908010][    T1] vivid-008: CEC adapter cec17 registered for HDMI output 0
[    6.908876][    T1] vivid-008: V4L2 output device registered as video36
[    6.909714][    T1] vivid-008: V4L2 capture device registered as vbi16, supports raw and sliced VBI
[    6.910795][    T1] vivid-008: V4L2 output device registered as vbi17, supports raw and sliced VBI
[    6.912215][    T1] vivid-008: V4L2 capture device registered as swradio8
