c[?7l[2J[0mSeaBIOS (version rel-1.16.0-0-gd239552ce722-prebuilt.qemu.org)


iPXE (http://ipxe.org) 00:03.0 CA00 PCI2.10 PnP PMM+7FF91000+7FEF1000 CA00
Press Ctrl-B to configure iPXE (PCI 00:03.0)...                                                                               


Booting from ROM..c[?7l[2Jearly console in extract_kernel
input_data: 0x000000000bf092c8
input_len: 0x00000000044f75c5
output: 0x0000000001000000
output_len: 0x000000000e02db28
kernel_total_size: 0x000000000f426000
needed_size: 0x000000000f600000
trampoline_32bit: 0x000000000009d000

Decompressing Linux... Parsing ELF... done.
Booting the kernel.
[    0.000000][    T0] Linux version 5.6.0-rc5-a8ab3e76297e-00128-ga8ab3e76297e (root@xpf.sh.intel.com) (gcc version 8.5.0 20210514 (Red Hat 8.5.0-20) (GCC)) #1 SMP PREEMPT Sun Dec 3 15:08:03 CST 2023
[    0.000000][    T0] Command line: console=ttyS0 root=/dev/sda1 earlyprintk=serial net.ifnames=0 thunderbolt.dyndbg plymouth.enable=0
[    0.000000][    T0] KERNEL supported cpus:
[    0.000000][    T0]   Intel GenuineIntel
[    0.000000][    T0]   AMD AuthenticAMD
[    0.000000][    T0] x86/fpu: Supporting XSAVE feature 0x001: 'x87 floating point registers'
[    0.000000][    T0] x86/fpu: Supporting XSAVE feature 0x002: 'SSE registers'
[    0.000000][    T0] x86/fpu: Supporting XSAVE feature 0x004: 'AVX registers'
[    0.000000][    T0] x86/fpu: Supporting XSAVE feature 0x008: 'MPX bounds registers'
[    0.000000][    T0] x86/fpu: Supporting XSAVE feature 0x010: 'MPX CSR'
[    0.000000][    T0] x86/fpu: Supporting XSAVE feature 0x020: 'AVX-512 opmask'
[    0.000000][    T0] x86/fpu: Supporting XSAVE feature 0x040: 'AVX-512 Hi256'
[    0.000000][    T0] x86/fpu: Supporting XSAVE feature 0x080: 'AVX-512 ZMM_Hi256'
[    0.000000][    T0] x86/fpu: xstate_offset[2]:  576, xstate_sizes[2]:  256
[    0.000000][    T0] x86/fpu: xstate_offset[3]:  832, xstate_sizes[3]:   64
[    0.000000][    T0] x86/fpu: xstate_offset[4]:  896, xstate_sizes[4]:   64
[    0.000000][    T0] x86/fpu: xstate_offset[5]:  960, xstate_sizes[5]:   64
[    0.000000][    T0] x86/fpu: xstate_offset[6]: 1024, xstate_sizes[6]:  512
[    0.000000][    T0] x86/fpu: xstate_offset[7]: 1536, xstate_sizes[7]: 1024
[    0.000000][    T0] x86/fpu: Enabled xstate features 0xff, context size is 2560 bytes, using 'compacted' format.
[    0.000000][    T0] BIOS-provided physical RAM map:
[    0.000000][    T0] BIOS-e820: [mem 0x0000000000000000-0x000000000009fbff] usable
[    0.000000][    T0] BIOS-e820: [mem 0x000000000009fc00-0x000000000009ffff] reserved
[    0.000000][    T0] BIOS-e820: [mem 0x00000000000f0000-0x00000000000fffff] reserved
[    0.000000][    T0] BIOS-e820: [mem 0x0000000000100000-0x000000007ffdffff] usable
[    0.000000][    T0] BIOS-e820: [mem 0x000000007ffe0000-0x000000007fffffff] reserved
[    0.000000][    T0] BIOS-e820: [mem 0x00000000feffc000-0x00000000feffffff] reserved
[    0.000000][    T0] BIOS-e820: [mem 0x00000000fffc0000-0x00000000ffffffff] reserved
[    0.000000][    T0] printk: bootconsole [earlyser0] enabled
[    0.000000][    T0] ERROR: earlyprintk= earlyser already used
[    0.000000][    T0] ERROR: earlyprintk= earlyser already used
[    0.000000][    T0] ERROR: earlyprintk= earlyser already used
[    0.000000][    T0] Malformed early option 'vsyscall'
[    0.000000][    T0] nopcid: PCID feature disabled
[    0.000000][    T0] NX (Execute Disable) protection: active
[    0.000000][    T0] SMBIOS 2.8 present.
[    0.000000][    T0] DMI: QEMU Standard PC (i440FX + PIIX, 1996), BIOS rel-1.16.0-0-gd239552ce722-prebuilt.qemu.org 04/01/2014
[    0.000000][    T0] Hypervisor detected: KVM
[    0.000000][    T0] kvm-clock: Using msrs 4b564d01 and 4b564d00
[    0.000002][    T0] kvm-clock: cpu 0, msr ec54001, primary cpu clock
[    0.000002][    T0] kvm-clock: using sched offset of 860213676 cycles
[    0.000540][    T0] clocksource: kvm-clock: mask: 0xffffffffffffffff max_cycles: 0x1cd42e4dffb, max_idle_ns: 881590591483 ns
[    0.002012][    T0] tsc: Detected 2999.998 MHz processor
[    0.007587][    T0] last_pfn = 0x7ffe0 max_arch_pfn = 0x400000000
[    0.008183][    T0] x86/PAT: Configuration [0-7]: WB  WC  UC- UC  WB  WP  UC- WT  
[    0.016667][    T0] found SMP MP-table at [mem 0x000f5ba0-0x000f5baf]
[    0.017254][    T0] Using GB pages for direct mapping
[    0.018306][    T0] ACPI: Early table checksum verification disabled
[    0.019073][    T0] ACPI: RSDP 0x00000000000F59C0 000014 (v00 BOCHS )
[    0.019814][    T0] ACPI: RSDT 0x000000007FFE1951 000034 (v01 BOCHS  BXPC     00000001 BXPC 00000001)
[    0.020710][    T0] ACPI: FACP 0x000000007FFE17FD 000074 (v01 BOCHS  BXPC     00000001 BXPC 00000001)
[    0.021567][    T0] ACPI: DSDT 0x000000007FFE0040 0017BD (v01 BOCHS  BXPC     00000001 BXPC 00000001)
[    0.022422][    T0] ACPI: FACS 0x000000007FFE0000 000040
[    0.022914][    T0] ACPI: APIC 0x000000007FFE1871 000080 (v01 BOCHS  BXPC     00000001 BXPC 00000001)
[    0.023769][    T0] ACPI: HPET 0x000000007FFE18F1 000038 (v01 BOCHS  BXPC     00000001 BXPC 00000001)
[    0.024575][    T0] ACPI: WAET 0x000000007FFE1929 000028 (v01 BOCHS  BXPC     00000001 BXPC 00000001)
[    0.026258][    T0] No NUMA configuration found
[    0.026640][    T0] Faking a node at [mem 0x0000000000000000-0x000000007ffdffff]
[    0.027255][    T0] Faking node 0 at [mem 0x0000000000000000-0x000000003fffffff] (1024MB)
[    0.027930][    T0] Faking node 1 at [mem 0x0000000040000000-0x000000007ffdffff] (1023MB)
[    0.028920][    T0] NODE_DATA(0) allocated [mem 0x3fffb000-0x3fffffff]
[    0.029612][    T0] NODE_DATA(1) allocated [mem 0x7ffda000-0x7ffdefff]
[    0.033724][    T0] Zone ranges:
[    0.034042][    T0]   DMA      [mem 0x0000000000001000-0x0000000000ffffff]
[    0.034620][    T0]   DMA32    [mem 0x0000000001000000-0x000000007ffdffff]
[    0.035193][    T0]   Normal   empty
[    0.035491][    T0]   Device   empty
[    0.035788][    T0] Movable zone start for each node
[    0.036200][    T0] Early memory node ranges
[    0.036561][    T0]   node   0: [mem 0x0000000000001000-0x000000000009efff]
[    0.037143][    T0]   node   0: [mem 0x0000000000100000-0x000000003fffffff]
[    0.037719][    T0]   node   1: [mem 0x0000000040000000-0x000000007ffdffff]
[    0.038307][    T0] Zeroed struct page in unavailable ranges: 130 pages
[    0.038310][    T0] Initmem setup node 0 [mem 0x0000000000001000-0x000000003fffffff]
[    0.050097][    T0] Initmem setup node 1 [mem 0x0000000040000000-0x000000007ffdffff]
[    0.095687][    T0] kasan: KernelAddressSanitizer initialized
[    0.096524][    T0] ACPI: PM-Timer IO Port: 0x608
[    0.096987][    T0] ACPI: LAPIC_NMI (acpi_id[0xff] dfl dfl lint[0x1])
[    0.097627][    T0] IOAPIC[0]: apic_id 0, version 17, address 0xfec00000, GSI 0-23
[    0.098328][    T0] ACPI: INT_SRC_OVR (bus 0 bus_irq 0 global_irq 2 dfl dfl)
[    0.098974][    T0] ACPI: INT_SRC_OVR (bus 0 bus_irq 5 global_irq 5 high level)
[    0.099611][    T0] ACPI: INT_SRC_OVR (bus 0 bus_irq 9 global_irq 9 high level)
[    0.100225][    T0] ACPI: INT_SRC_OVR (bus 0 bus_irq 10 global_irq 10 high level)
[    0.100847][    T0] ACPI: INT_SRC_OVR (bus 0 bus_irq 11 global_irq 11 high level)
[    0.101488][    T0] Using ACPI (MADT) for SMP configuration information
[    0.102059][    T0] ACPI: HPET id: 0x8086a201 base: 0xfed00000
[    0.102602][    T0] smpboot: Allowing 2 CPUs, 0 hotplug CPUs
[    0.103143][    T0] KVM setup pv remote TLB flush
[    0.103557][    T0] KVM setup pv sched yield
[    0.103991][    T0] PM: hibernation: Registered nosave memory: [mem 0x00000000-0x00000fff]
[    0.104750][    T0] PM: hibernation: Registered nosave memory: [mem 0x0009f000-0x0009ffff]
[    0.105522][    T0] PM: hibernation: Registered nosave memory: [mem 0x000a0000-0x000effff]
[    0.106289][    T0] PM: hibernation: Registered nosave memory: [mem 0x000f0000-0x000fffff]
[    0.107071][    T0] [mem 0x80000000-0xfeffbfff] available for PCI devices
[    0.107705][    T0] Booting paravirtualized kernel on KVM
[    0.108239][    T0] clocksource: refined-jiffies: mask: 0xffffffff max_cycles: 0xffffffff, max_idle_ns: 19112604462750000 ns
[    0.152596][    T0] setup_percpu: NR_CPUS:8 nr_cpumask_bits:8 nr_cpu_ids:2 nr_node_ids:2
[    0.153903][    T0] percpu: Embedded 65 pages/cpu s227592 r8192 d30456 u2097152
[    0.154643][    T0] KVM setup async PF for cpu 0
[    0.155036][    T0] kvm-stealtime: cpu 0, msr 2ce21a80
[    0.155479][    T0] PV qspinlock hash table entries: 256 (order: 0, 4096 bytes, linear)
[    0.156173][    T0] Built 2 zonelists, mobility grouping on.  Total pages: 515945
[    0.156800][    T0] Policy zone: DMA32
[    0.157134][    T0] Kernel command line: earlyprintk=serial net.ifnames=0 sysctl.kernel.hung_task_all_cpu_backtrace=1 ima_policy=tcb nf-conntrack-ftp.ports=20000 nf-conntrack-tftp.ports=20000 nf-conntrack-sip.ports=20000 nf-conntrack-irc.ports=20000 nf-conntrack-sane.ports=20000 binder.debug_mask=0 rcupdate.rcu_expedited=1 rcupdate.rcu_cpu_stall_cputime=1 no_hash_pointers page_owner=on sysctl.vm.nr_hugepages=4 sysctl.vm.nr_overcommit_hugepages=4 secretmem.enable=1 sysctl.max_rcu_stall_to_panic=1 msr.allow_writes=off coredump_filter=0xffff root=/dev/sda console=ttyS0 vsyscall=native numa=fake=2 kvm-intel.nested=1 spec_store_bypass_disable=prctl nopcid vivid.n_devs=16 vivid.multiplanar=1,2,1,2,1,2,1,2,1,2,1,2,1,2,1,2 netrom.nr_ndevs=16 rose.rose_ndevs=16 smp.csd_lock_timeout=100000 watchdog_thresh=55 workqueue.watchdog_thresh=140 sysctl.net.core.netdev_unregister_timeout_secs=140 dummy_hcd.num=8 panic_on_warn=1 console=ttyS0 root=/dev/sda1 earlyprintk=serial net.ifnames=0 thunderb
[    0.160430][    T0] mem auto-init: stack:off, heap alloc:on, heap free:off
[    0.278827][    T0] Memory: 1519572K/2096632K available (133130K kernel code, 40705K rwdata, 27212K rodata, 2588K init, 24396K bss, 577060K reserved, 0K cma-reserved)
[    0.280676][    T0] SLUB: HWalign=64, Order=0-3, MinObjects=0, CPUs=2, Nodes=2
[    0.282840][    T0] Running RCU self tests
[    0.283206][    T0] rcu: Preemptible hierarchical RCU implementation.
[    0.283725][    T0] rcu: 	RCU lockdep checking is enabled.
[    0.284171][    T0] rcu: 	RCU restricting CPUs from NR_CPUS=8 to nr_cpu_ids=2.
[    0.284752][    T0] rcu: 	RCU callback double-/use-after-free debug enabled.
[    0.285323][    T0] rcu: 	RCU debug extended QS entry/exit.
[    0.285773][    T0] 	All grace periods are expedited (rcu_expedited).
[    0.286295][    T0] 	Tasks RCU enabled.
[    0.286611][    T0] rcu: RCU calculated value of scheduler-enlistment delay is 10 jiffies.
[    0.287280][    T0] rcu: Adjusting geometry for rcu_fanout_leaf=16, nr_cpu_ids=2
[    0.292057][    T0] NR_IRQS: 4352, nr_irqs: 440, preallocated irqs: 16
[    0.293493][    T0] random: get_random_bytes called from start_kernel+0x521/0x85a with crng_init=0
[    0.298376][    T0] Console: colour VGA+ 80x25
[    0.300060][    T0] printk: console [ttyS0] enabled
[    0.300060][    T0] printk: console [ttyS0] enabled
[    0.301273][    T0] printk: bootconsole [earlyser0] disabled
[    0.301273][    T0] printk: bootconsole [earlyser0] disabled
[    0.302400][    T0] Lock dependency validator: Copyright (c) 2006 Red Hat, Inc., Ingo Molnar
[    0.303102][    T0] ... MAX_LOCKDEP_SUBCLASSES:  8
[    0.303506][    T0] ... MAX_LOCK_DEPTH:          48
[    0.303915][    T0] ... MAX_LOCKDEP_KEYS:        8192
[    0.304335][    T0] ... CLASSHASH_SIZE:          4096
[    0.304801][    T0] ... MAX_LOCKDEP_ENTRIES:     32768
[    0.305281][    T0] ... MAX_LOCKDEP_CHAINS:      65536
[    0.305709][    T0] ... CHAINHASH_SIZE:          32768
[    0.306181][    T0]  memory used by lock dependency info: 6237 kB
[    0.306730][    T0]  memory used for stack traces: 4224 kB
[    0.307232][    T0]  per task-struct memory footprint: 1920 bytes
[    0.308014][    T0] mempolicy: Enabling automatic NUMA balancing. Configure with numa_balancing= or the kernel.numa_balancing sysctl
[    0.309325][    T0] ACPI: Core revision 20200110
[    0.310228][    T0] clocksource: hpet: mask: 0xffffffff max_cycles: 0xffffffff, max_idle_ns: 19112604467 ns
[    0.311333][    T0] APIC: Switch to symmetric I/O mode setup
[    0.312029][    T0] x2apic enabled
[    0.312535][    T0] Switched APIC routing to physical x2apic.
[    0.313043][    T0] KVM setup pv IPIs
[    0.314463][    T0] ..TIMER: vector=0x30 apic1=0 pin1=2 apic2=-1 pin2=-1
[    0.315079][    T0] clocksource: tsc-early: mask: 0xffffffffffffffff max_cycles: 0x2b3e43c8763, max_idle_ns: 440795360101 ns
[    0.316113][    T0] Calibrating delay loop (skipped) preset value.. 5999.99 BogoMIPS (lpj=29999980)
[    0.316939][    T0] pid_max: default: 32768 minimum: 301
[    0.317585][    T0] LSM: Security Framework initializing
[    0.318076][    T0] Yama: becoming mindful.
[    0.318495][    T0] TOMOYO Linux initialized
[    0.319042][    T0] AppArmor: AppArmor initialized
[    0.320258][    T0] Dentry cache hash table entries: 262144 (order: 9, 2097152 bytes, vmalloc)
[    0.326165][    T0] Inode-cache hash table entries: 131072 (order: 8, 1048576 bytes, vmalloc)
[    0.326961][    T0] Mount-cache hash table entries: 4096 (order: 3, 32768 bytes, vmalloc)
[    0.327655][    T0] Mountpoint-cache hash table entries: 4096 (order: 3, 32768 bytes, vmalloc)
[    0.328474][    T0] *** VALIDATE tmpfs ***
[    0.329886][    T0] *** VALIDATE proc ***
[    0.330756][    T0] *** VALIDATE cgroup ***
[    0.331128][    T0] *** VALIDATE cgroup2 ***
[    0.331682][    T0] x86/cpu: User Mode Instruction Prevention (UMIP) activated
[    0.332389][    T0] Last level iTLB entries: 4KB 0, 2MB 0, 4MB 0
[    0.332897][    T0] Last level dTLB entries: 4KB 0, 2MB 0, 4MB 0, 1GB 0
[    0.333465][    T0] Spectre V1 : Mitigation: usercopy/swapgs barriers and __user pointer sanitization
[    0.334255][    T0] Spectre V2 : Mitigation: Enhanced IBRS
[    0.334686][    T0] Spectre V2 : Spectre v2 / SpectreRSB mitigation: Filling RSB on context switch
[    0.335396][    T0] Spectre V2 : mitigation: Enabling conditional Indirect Branch Prediction Barrier
[    0.336153][    T0] Speculative Store Bypass: Mitigation: Speculative Store Bypass disabled via prctl
[    0.336888][    T0] TAA: Mitigation: Clear CPU buffers
[    0.338181][    T0] Freeing SMP alternatives memory: 100K
[    0.339454][    T1] smpboot: CPU0: Intel(R) Core(TM) i9-10980XE CPU @ 3.00GHz (family: 0x6, model: 0x55, stepping: 0x7)
[    0.406160][    T1] Performance Events: Skylake events, full-width counters, Intel PMU driver.
[    0.406892][    T1] ... version:                2
[    0.407265][    T1] ... bit width:              48
[    0.407644][    T1] ... generic registers:      4
[    0.408019][    T1] ... value mask:             0000ffffffffffff
[    0.408492][    T1] ... max period:             00007fffffffffff
[    0.408966][    T1] ... fixed-purpose events:   3
[    0.409338][    T1] ... event mask:             000000070000000f
[    0.426132][    T1] rcu: Hierarchical SRCU implementation.
[    0.476129][    T1] smp: Bringing up secondary CPUs ...
[    0.556278][    T1] x86: Booting SMP configuration:
[    0.556703][    T1] .... node  #1, CPUs:      #1
[    0.022758][    T0] kvm-clock: cpu 1, msr ec54041, secondary cpu clock
[    0.558287][   T15] KVM setup async PF for cpu 1
[    0.558287][   T15] kvm-stealtime: cpu 1, msr 7ec21a80
[    0.558287][    T1] smp: Brought up 2 nodes, 2 CPUs
[    0.558287][    T1] smpboot: Max logical packages: 1
[    0.558287][    T1] smpboot: Total of 2 processors activated (11999.99 BogoMIPS)
[    0.560640][    T1] allocated 12582912 bytes of page_ext
[    0.561179][    T1] Node 0, zone      DMA: page owner found early allocated 0 pages
[    0.569004][    T1] Node 0, zone    DMA32: page owner found early allocated 2657 pages
[    0.570059][    T1] Node 1, zone    DMA32: page owner found early allocated 2640 pages
[    0.571203][    T1] devtmpfs: initialized
[    0.571203][    T1] x86/mm: Memory block size: 128MB
[    0.589944][    T1] clocksource: jiffies: mask: 0xffffffff max_cycles: 0xffffffff, max_idle_ns: 19112604462750000 ns
[    0.590914][    T1] futex hash table entries: 512 (order: 4, 65536 bytes, vmalloc)
[    0.592053][    T1] xor: automatically using best checksumming function   avx       
[    0.593140][   T24] kworker/u5:0 (24) used greatest stack depth: 27480 bytes left
[    0.597458][    T1] PM: RTC time: 07:16:01, date: 2023-12-03
[    0.597945][    T1] thermal_sys: Registered thermal governor 'step_wise'
[    0.597947][    T1] thermal_sys: Registered thermal governor 'user_space'
[    0.599893][    T1] NET: Registered protocol family 16
[    0.604262][    T1] audit: initializing netlink subsys (disabled)
[    0.605082][   T26] kworker/u5:1 (26) used greatest stack depth: 27064 bytes left
[    0.606519][   T34] audit: type=2000 audit(1701587761.709:1): state=initialized audit_enabled=0 res=1
[    0.609540][    T1] cpuidle: using governor menu
[    0.612752][    T1] ACPI: bus type PCI registered
[    0.616513][    T1] dca service started, version 1.12.1
[    0.617257][    T1] PCI: Using configuration type 1 for base access
[    0.650909][   T87] kworker/u5:1 (87) used greatest stack depth: 26968 bytes left
[    0.990532][    T1] HugeTLB registered 1.00 GiB page size, pre-allocated 0 pages
[    0.991147][    T1] HugeTLB registered 2.00 MiB page size, pre-allocated 0 pages
[    1.007833][    T1] cryptd: max_cpu_qlen set to 1000
[    1.028228][    T1] raid6: skip pq benchmark and using algorithm avx512x4
[    1.028505][    T1] raid6: using avx512x2 recovery algorithm
[    1.036581][    T1] ACPI: Added _OSI(Module Device)
[    1.036581][    T1] ACPI: Added _OSI(Processor Device)
[    1.036581][    T1] ACPI: Added _OSI(3.0 _SCP Extensions)
[    1.038406][    T1] ACPI: Added _OSI(Processor Aggregator Device)
[    1.038411][    T1] ACPI: Added _OSI(Linux-Dell-Video)
[    1.038841][    T1] ACPI: Added _OSI(Linux-Lenovo-NV-HDMI-Audio)
[    1.039326][    T1] ACPI: Added _OSI(Linux-HPI-Hybrid-Graphics)
[    1.060232][    T1] ACPI: 1 ACPI AML tables successfully acquired and loaded
[    1.109280][    T1] ACPI: Interpreter enabled
[    1.109839][    T1] ACPI: (supports S0 S3 S4 S5)
[    1.110258][    T1] ACPI: Using IOAPIC for interrupt routing
[    1.110958][    T1] PCI: Using host bridge windows from ACPI; if necessary, use "pci=nocrs" and report a bug
[    1.116127][    T1] ACPI: Enabled 2 GPEs in block 00 to 0F
[    1.171096][    T1] ACPI: PCI Root Bridge [PCI0] (domain 0000 [bus 00-ff])
[    1.171702][    T1] acpi PNP0A03:00: _OSC: OS supports [ASPM ClockPM Segments MSI HPX-Type3]
[    1.172646][    T1] acpi PNP0A03:00: fail to add MMCONFIG information, can't access extended PCI configuration space under this bridge.
[    1.176272][    T1] PCI host bridge to bus 0000:00
[    1.176272][    T1] pci_bus 0000:00: Unknown NUMA node; performance will be reduced
[    1.176272][    T1] pci_bus 0000:00: root bus resource [io  0x0000-0x0cf7 window]
[    1.176812][    T1] pci_bus 0000:00: root bus resource [io  0x0d00-0xffff window]
[    1.177465][    T1] pci_bus 0000:00: root bus resource [mem 0x000a0000-0x000bffff window]
[    1.178177][    T1] pci_bus 0000:00: root bus resource [mem 0x80000000-0xfebfffff window]
[    1.178888][    T1] pci_bus 0000:00: root bus resource [mem 0x100000000-0x17fffffff window]
[    1.179613][    T1] pci_bus 0000:00: root bus resource [bus 00-ff]
[    1.180328][    T1] pci 0000:00:00.0: [8086:1237] type 00 class 0x060000
[    1.184733][    T1] pci 0000:00:01.0: [8086:7000] type 00 class 0x060100
[    1.187558][    T1] pci 0000:00:01.1: [8086:7010] type 00 class 0x010180
[    1.189519][    T1] pci 0000:00:01.1: reg 0x20: [io  0xc040-0xc04f]
[    1.190571][    T1] pci 0000:00:01.1: legacy IDE quirk: reg 0x10: [io  0x01f0-0x01f7]
[    1.191186][    T1] pci 0000:00:01.1: legacy IDE quirk: reg 0x14: [io  0x03f6]
[    1.191754][    T1] pci 0000:00:01.1: legacy IDE quirk: reg 0x18: [io  0x0170-0x0177]
[    1.192363][    T1] pci 0000:00:01.1: legacy IDE quirk: reg 0x1c: [io  0x0376]
[    1.196117][    T1] pci 0000:00:01.3: [8086:7113] type 00 class 0x068000
[    1.196117][    T1] pci 0000:00:01.3: quirk: [io  0x0600-0x063f] claimed by PIIX4 ACPI
[    1.196224][    T1] pci 0000:00:01.3: quirk: [io  0x0700-0x070f] claimed by PIIX4 SMB
[    1.198354][    T1] pci 0000:00:02.0: [1234:1111] type 00 class 0x030000
[    1.200014][    T1] pci 0000:00:02.0: reg 0x10: [mem 0xfd000000-0xfdffffff pref]
[    1.201661][    T1] pci 0000:00:02.0: reg 0x18: [mem 0xfebf0000-0xfebf0fff]
[    1.206329][    T1] pci 0000:00:02.0: reg 0x30: [mem 0xfebe0000-0xfebeffff pref]
[    1.210572][    T1] pci 0000:00:03.0: [8086:100e] type 00 class 0x020000
[    1.211679][    T1] pci 0000:00:03.0: reg 0x10: [mem 0xfebc0000-0xfebdffff]
[    1.212721][    T1] pci 0000:00:03.0: reg 0x14: [io  0xc000-0xc03f]
[    1.216120][    T1] pci 0000:00:03.0: reg 0x30: [mem 0xfeb80000-0xfebbffff pref]
[    1.227660][    T1] ACPI: PCI Interrupt Link [LNKA] (IRQs 5 *10 11)
[    1.229397][    T1] ACPI: PCI Interrupt Link [LNKB] (IRQs 5 *10 11)
[    1.231048][    T1] ACPI: PCI Interrupt Link [LNKC] (IRQs 5 10 *11)
[    1.232672][    T1] ACPI: PCI Interrupt Link [LNKD] (IRQs 5 10 *11)
[    1.233711][    T1] ACPI: PCI Interrupt Link [LNKS] (IRQs *9)
[    1.238785][    T1] iommu: Default domain type: Translated 
[    1.240088][    T1] pci 0000:00:02.0: vgaarb: setting as boot VGA device
[    1.240706][    T1] pci 0000:00:02.0: vgaarb: VGA device added: decodes=io+mem,owns=io+mem,locks=none
[    1.241519][    T1] pci 0000:00:02.0: vgaarb: bridge control possible
[    1.242079][    T1] vgaarb: loaded
[    1.246351][    T1] SCSI subsystem initialized
[    1.249154][    T1] ACPI: bus type USB registered
[    1.249935][    T1] usbcore: registered new interface driver usbfs
[    1.250642][    T1] usbcore: registered new interface driver hub
[    1.251329][    T1] usbcore: registered new device driver usb
[    1.253409][    T1] mc: Linux media interface: v0.10
[    1.254046][    T1] videodev: Linux video capture interface: v2.00
[    1.258721][    T1] pps_core: LinuxPPS API ver. 1 registered
[    1.259172][    T1] pps_core: Software ver. 5.3.6 - Copyright 2005-2007 Rodolfo Giometti <giometti@linux.it>
[    1.260074][    T1] PTP clock support registered
[    1.261171][    T1] EDAC MC: Ver: 3.0.0
[    1.263566][    T1] Advanced Linux Sound Architecture Driver Initialized.
[    1.264454][    T1] PCI: Using ACPI for IRQ routing
[    1.266823][    T1] Bluetooth: Core ver 2.22
[    1.267439][    T1] NET: Registered protocol family 31
[    1.267859][    T1] Bluetooth: HCI device and connection manager initialized
[    1.268465][    T1] Bluetooth: HCI socket layer initialized
[    1.269246][    T1] Bluetooth: L2CAP socket layer initialized
[    1.269889][    T1] Bluetooth: SCO socket layer initialized
[    1.270409][    T1] NET: Registered protocol family 8
[    1.270862][    T1] NET: Registered protocol family 20
[    1.273703][    T1] NetLabel: Initializing
[    1.274079][    T1] NetLabel:  domain hash size = 128
[    1.274514][    T1] NetLabel:  protocols = UNLABELED CIPSOv4 CALIPSO
[    1.275251][    T1] NetLabel:  unlabeled traffic allowed by default
[    1.277357][    T1] nfc: nfc_init: NFC Core ver 0.1
[    1.278026][    T1] NET: Registered protocol family 39
[    1.279174][    T1] hpet0: at MMIO 0xfed00000, IRQs 2, 8, 0
[    1.279174][    T1] hpet0: 3 comparators, 64-bit 100.000000 MHz counter
[    1.287261][    T1] clocksource: Switched to clocksource kvm-clock
[    2.769610][    T1] *** VALIDATE bpf ***
[    2.770751][    T1] VFS: Disk quotas dquot_6.6.0
[    2.771213][    T1] VFS: Dquot-cache hash table entries: 512 (order 0, 4096 bytes)
[    2.772192][    T1] FS-Cache: Loaded
[    2.772487][    T1] *** VALIDATE ramfs ***
[    2.772831][    T1] *** VALIDATE hugetlbfs ***
[    2.773855][    T1] CacheFiles: Loaded
[    2.774365][    T1] TOMOYO: 2.6.0
[    2.774642][    T1] Mandatory Access Control activated.
[    2.775963][    T1] AppArmor: AppArmor Filesystem Enabled
[    2.776729][    T1] pnp: PnP ACPI init
[    2.782560][    T1] pnp: PnP ACPI: found 6 devices
[    2.820648][    T1] clocksource: acpi_pm: mask: 0xffffff max_cycles: 0xffffff, max_idle_ns: 2085701024 ns
[    2.821918][    T1] pci_bus 0000:00: resource 4 [io  0x0000-0x0cf7 window]
[    2.822481][    T1] pci_bus 0000:00: resource 5 [io  0x0d00-0xffff window]
[    2.823027][    T1] pci_bus 0000:00: resource 6 [mem 0x000a0000-0x000bffff window]
[    2.823621][    T1] pci_bus 0000:00: resource 7 [mem 0x80000000-0xfebfffff window]
[    2.824213][    T1] pci_bus 0000:00: resource 8 [mem 0x100000000-0x17fffffff window]
[    2.825374][    T1] NET: Registered protocol family 2
[    2.828718][    T1] tcp_listen_portaddr_hash hash table entries: 1024 (order: 4, 73728 bytes, vmalloc)
[    2.829790][    T1] TCP established hash table entries: 16384 (order: 5, 131072 bytes, vmalloc)
[    2.831705][    T1] TCP bind hash table entries: 16384 (order: 8, 1048576 bytes, vmalloc)
[    2.832924][    T1] TCP: Hash tables configured (established 16384 bind 16384)
[    2.833968][    T1] UDP hash table entries: 1024 (order: 5, 163840 bytes, vmalloc)
[    2.834856][    T1] UDP-Lite hash table entries: 1024 (order: 5, 163840 bytes, vmalloc)
[    2.835915][    T1] NET: Registered protocol family 1
[    2.848127][    T1] RPC: Registered named UNIX socket transport module.
[    2.848679][    T1] RPC: Registered udp transport module.
[    2.849109][    T1] RPC: Registered tcp transport module.
[    2.849536][    T1] RPC: Registered tcp NFSv4.1 backchannel transport module.
[    2.850939][    T1] NET: Registered protocol family 44
[    2.851393][    T1] pci 0000:00:01.0: PIIX3: Enabling Passive Release
[    2.851908][    T1] pci 0000:00:00.0: Limiting direct PCI/PCI transfers
[    2.852441][    T1] pci 0000:00:01.0: Activating ISA DMA hang workarounds
[    2.853039][    T1] pci 0000:00:02.0: Video device with shadowed ROM at [mem 0x000c0000-0x000dffff]
[    2.853759][    T1] PCI: CLS 0 bytes, default 64
[    2.860094][    T1] RAPL PMU: API unit is 2^-32 Joules, 0 fixed counters, 10737418240 ms ovfl timer
[    2.861167][    T1] kvm: no hardware support
[    2.861551][    T1] has_svm: not amd or hygon
[    2.861939][    T1] kvm: no hardware support
[    2.862330][    T1] clocksource: tsc: mask: 0xffffffffffffffff max_cycles: 0x2b3e43c8763, max_idle_ns: 440795360101 ns
[    2.906786][    T1] Initialise system trusted keyrings
[    2.909447][    T1] workingset: timestamp_bits=40 max_order=19 bucket_order=0
[    2.985378][    T1] DLM installed
[    2.991261][    T1] squashfs: version 4.0 (2009/01/31) Phillip Lougher
[    3.002744][    T1] FS-Cache: Netfs 'nfs' registered for caching
[    3.006299][    T1] *** VALIDATE nfs ***
[    3.006654][    T1] *** VALIDATE nfs4 ***
[    3.007074][    T1] NFS: Registering the id_resolver key type
[    3.007578][    T1] Key type id_resolver registered
[    3.007985][    T1] Key type id_legacy registered
[    3.008382][    T1] nfs4filelayout_init: NFSv4 File Layout Driver Registering...
[    3.009002][    T1] Installing knfsd (copyright (C) 1996 okir@monad.swb.de).
[    3.015698][    T1] FS-Cache: Netfs 'cifs' registered for caching
[    3.019529][    T1] Key type cifs.spnego registered
[    3.019953][    T1] Key type cifs.idmap registered
[    3.021039][    T1] ntfs: driver 2.1.32 [Flags: R/W].
[    3.023129][    T1] efs: 1.0a - http://aeschi.ch.eu.org/efs/
[    3.023848][    T1] jffs2: version 2.2. (NAND) (SUMMARY)  Â© 2001-2006 Red Hat, Inc.
[    3.027773][    T1] *** VALIDATE jffs2 ***
[    3.030289][    T1] romfs: ROMFS MTD (C) 2007 Red Hat, Inc.
[    3.031233][    T1] QNX4 filesystem 0.2.3 registered.
[    3.031915][    T1] qnx6: QNX6 filesystem 1.0.0 registered.
[    3.032894][    T1] fuse: init (API version 7.31)
[    3.033563][    T1] *** VALIDATE fuseblk ***
[    3.033911][    T1] *** VALIDATE fuse ***
[    3.037902][    T1] orangefs_debugfs_init: called with debug mask: :none: :0:
[    3.038723][    T1] orangefs_init: module version upstream loaded
[    3.042028][    T1] JFS: nTxBlock = 8192, nTxLock = 65536
[    3.050518][    T1] SGI XFS with ACLs, security attributes, realtime, quota, no debug enabled
[    3.059790][    T1] *** VALIDATE xfs ***
[    3.060131][    T1] 9p: Installing v9fs 9p2000 file system support
[    3.060916][    T1] FS-Cache: Netfs '9p' registered for caching
[    3.063912][    T1] NILFS version 2 loaded
[    3.064250][    T1] befs: version: 0.9.3
[    3.066026][    T1] ocfs2: Registered cluster interface o2cb
[    3.066923][    T1] ocfs2: Registered cluster interface user
[    3.067917][    T1] OCFS2 User DLM kernel interface loaded
[    3.075489][    T1] *** VALIDATE gfs2 ***
[    3.077030][    T1] gfs2: GFS2 installed
[    3.086862][    T1] FS-Cache: Netfs 'ceph' registered for caching
[    3.087358][    T1] ceph: loaded (mds proto 32)
[    3.093589][    T1] NET: Registered protocol family 38
[    3.094450][    T1] async_tx: api initialized (async)
[    3.094908][    T1] Key type asymmetric registered
[    3.095351][    T1] Asymmetric key parser 'x509' registered
[    3.095852][    T1] Asymmetric key parser 'pkcs8' registered
[    3.096375][    T1] Key type pkcs7_test registered
[    3.096991][    T1] Block layer SCSI generic (bsg) driver version 0.4 loaded (major 241)
[    3.097988][    T1] io scheduler mq-deadline registered
[    3.098450][    T1] io scheduler kyber registered
[    3.099535][    T1] io scheduler bfq registered
[    3.104916][    T1] vga16fb: mapped to 0x00000000bc5d3d74
[    3.580707][    T1] Console: switching to colour frame buffer device 80x30
[    3.841574][    T1] fb0: VGA16 VGA frame buffer device
[    3.842934][    T1] input: Power Button as /devices/LNXSYSTM:00/LNXPWRBN:00/input/input0
[    3.846744][    T1] ACPI: Power Button [PWRF]
[    3.850894][    T1] ioatdma: Intel(R) QuickData Technology Driver 5.00
[    4.031872][    T1] HDLC line discipline maxframe=4096
[    4.032317][    T1] N_HDLC line discipline registered.
[    4.032759][    T1] Serial: 8250/16550 driver, 4 ports, IRQ sharing enabled
[    4.033696][    T1] 00:04: ttyS0 at I/O 0x3f8 (irq = 4, base_baud = 115200) is a 16550A
[    4.040865][    T1] Initializing Nozomi driver 2.1d
[    4.043506][    T1] Non-volatile memory driver v1.3
[    4.044876][    T1] Linux agpgart interface v0.103
[    4.060451][    T1] [drm] Initialized vgem 1.0.0 20120112 for vgem on minor 0
[    4.061719][    T1] [drm] Supports vblank timestamp caching Rev 2 (21.10.2013).
[    4.062381][    T1] [drm] Driver supports precise vblank timestamp query.
[    4.064672][    T1] [drm] Initialized vkms 1.0.0 20180514 for vkms on minor 1
[    4.065490][    T1] usbcore: registered new interface driver udl
[    4.066037][    T1] fb0: switching to bochsdrmfb from VGA16 VGA
[    4.222790][    T1] Console: switching to colour VGA+ 80x25
[    4.226181][    T1] bochs-drm 0000:00:02.0: vgaarb: deactivate vga console
[    4.232867][    T1] Console: switching to colour dummy device 80x25
[    4.236741][    T1] [drm] Found bochs VGA, ID 0xb0c5.
[    4.237385][    T1] [drm] Framebuffer size 16384 kB @ 0xfd000000, mmio @ 0xfebf0000.
[    4.239093][    T1] [TTM] Zone  kernel: Available graphics memory: 759836 KiB
[    4.239782][    T1] [TTM] Initializing pool allocator
[    4.240291][    T1] [TTM] Initializing DMA pool allocator
[    4.242054][    T1] [drm] Found EDID data blob.
[    4.243803][    T1] [drm] Initialized bochs-drm 1.0.0 20130925 for 0000:00:02.0 on minor 2
[    4.251165][    T1] fbcon: bochs-drmdrmfb (fb0) is primary device
[    4.272585][    T1] Console: switching to colour frame buffer device 160x50
[    4.289223][    T1] bochs-drm 0000:00:02.0: fb0: bochs-drmdrmfb frame buffer device
[    4.318961][    T1] brd: module loaded
[    4.356855][    T1] loop: module loaded
[    4.440386][    T1] zram: Added device: zram0
[    4.444251][    T1] null_blk: module loaded
[    4.444821][    T1] Guest personality initialized and is inactive
[    4.445622][    T1] VMCI host device registered (name=vmci, major=10, minor=56)
[    4.446240][    T1] Initialized host personality
[    4.446851][    T1] usbcore: registered new interface driver rtsx_usb
[    4.447987][    T1] usbcore: registered new interface driver viperboard
[    4.448860][    T1] usbcore: registered new interface driver dln2
[    4.451739][    T1] usbcore: registered new interface driver pn533_usb
[    4.454389][    T1] nfcsim 0.2 initialized
[    4.454983][    T1] usbcore: registered new interface driver port100
[    4.455740][    T1] usbcore: registered new interface driver nfcmrvl
[    4.459471][    T1] Loading iSCSI transport class v2.0-870.
[    4.463803][    T1] st: Version 20160209, fixed bufsize 32768, s/g segs 256
[    4.479795][    T1] scsi host0: ata_piix
[    4.483651][    T1] scsi host1: ata_piix
[    4.484519][    T1] ata1: PATA max MWDMA2 cmd 0x1f0 ctl 0x3f6 bmdma 0xc040 irq 14
[    4.485120][    T1] ata2: PATA max MWDMA2 cmd 0x170 ctl 0x376 bmdma 0xc048 irq 15
[    4.492041][    T1] Rounding down aligned max_sectors from 4294967295 to 4294967288
[    4.492959][    T1] db_root: cannot open: /etc/target
[    4.494110][    T1] slram: not enough parameters.
[    4.496593][    T1] ftl_cs: FTL header not found.
[    4.509566][    T1] Ethernet Channel Bonding Driver: v3.7.1 (April 27, 2011)
[    4.524122][    T1] wireguard: WireGuard 1.0.0 loaded. See www.wireguard.com for information.
[    4.524801][    T1] wireguard: Copyright (C) 2015-2019 Jason A. Donenfeld <Jason@zx2c4.com>. All Rights Reserved.
[    4.525601][    T1] eql: Equalizer2002: Simon Janes (simon@ncm.com) and David S. Miller (davem@redhat.com)
[    4.530458][    T1] MACsec IEEE 802.1AE
[    4.532664][    T1] libphy: Fixed MDIO Bus: probed
[    4.536051][    T1] tun: Universal TUN/TAP device driver, 1.6
[    4.541265][    T1] vcan: Virtual CAN interface driver
[    4.541693][    T1] vxcan: Virtual CAN Tunnel driver
[    4.542094][    T1] slcan: serial line CAN interface driver
[    4.542531][    T1] slcan: 10 dynamic interface channels.
[    4.542958][    T1] CAN device driver interface
[    4.543504][    T1] usbcore: registered new interface driver usb_8dev
[    4.544264][    T1] usbcore: registered new interface driver ems_usb
[    4.544980][    T1] usbcore: registered new interface driver gs_usb
[    4.545590][    T1] usbcore: registered new interface driver kvaser_usb
[    4.546398][    T1] usbcore: registered new interface driver mcba_usb
[    4.547066][    T1] usbcore: registered new interface driver peak_usb
[    4.547910][    T1] e100: Intel(R) PRO/100 Network Driver, 3.5.24-k2-NAPI
[    4.548490][    T1] e100: Copyright(c) 1999-2006 Intel Corporation
[    4.549154][    T1] e1000: Intel(R) PRO/1000 Network Driver - version 7.3.21-k8-NAPI
[    4.549761][    T1] e1000: Copyright (c) 1999-2006 Intel Corporation.
[    4.657142][ T3491] ata2.00: ATAPI: QEMU DVD-ROM, 2.5+, max UDMA/100
[    4.657807][ T3486] ata1.00: ATA-7: QEMU HARDDISK, 2.5+, max UDMA/100
[    4.658343][ T3486] ata1.00: 2097458 sectors, multi 16: LBA48 
[    4.671159][   T20] scsi 0:0:0:0: Direct-Access     ATA      QEMU HARDDISK    2.5+ PQ: 0 ANSI: 5
[    4.674275][  T392] sd 0:0:0:0: [sda] 2097458 512-byte logical blocks: (1.07 GB/1.00 GiB)
[    4.675094][  T392] sd 0:0:0:0: [sda] Write Protect is off
[    4.675699][  T392] sd 0:0:0:0: [sda] Write cache: enabled, read cache: enabled, doesn't support DPO or FUA
[    4.677853][   T20] sd 0:0:0:0: Attached scsi generic sg0 type 0
[    4.679873][  T291] scsi 1:0:0:0: CD-ROM            QEMU     QEMU DVD-ROM     2.5+ PQ: 0 ANSI: 5
[    4.696001][  T392]  sda: sda1
[    4.698832][  T392] sd 0:0:0:0: [sda] Attached SCSI disk
[    4.736901][  T291] sr 1:0:0:0: [sr0] scsi3-mmc drive: 4x/4x cd/rw xa/form2 tray
[    4.737532][  T291] cdrom: Uniform CD-ROM driver Revision: 3.20
[    4.741657][  T291] sr 1:0:0:0: Attached scsi generic sg1 type 5
[    5.648870][    T1] PCI Interrupt Link [LNKC] enabled at IRQ 11
[    6.018194][    T1] e1000 0000:00:03.0 eth0: (PCI:33MHz:32-bit) 52:54:00:12:34:56
[    6.018809][    T1] e1000 0000:00:03.0 eth0: Intel(R) PRO/1000 Network Connection
[    6.019795][    T1] e1000e: Intel(R) PRO/1000 Network Driver - 3.2.6-k
[    6.020322][    T1] e1000e: Copyright(c) 1999 - 2015 Intel Corporation.
[    6.021536][    T1] mkiss: AX.25 Multikiss, Hans Albas PE1AYX
[    6.022013][    T1] AX.25: 6pack driver, Revision: 0.3.0
[    6.022458][    T1] AX.25: bpqether driver version 004
[    6.022866][    T1] PPP generic driver version 2.4.2
[    6.024152][    T1] PPP BSD Compression module registered
[    6.024602][    T1] PPP Deflate Compression module registered
[    6.025093][    T1] PPP MPPE Compression module registered
[    6.025532][    T1] NET: Registered protocol family 24
[    6.026055][    T1] PPTP driver version 0.8.5
[    6.027136][    T1] SLIP: version 0.8.4-NET3.019-NEWTTY (dynamic channels, max=256) (6 bit encapsulation enabled).
[    6.027950][    T1] CSLIP: code copyright 1989 Regents of the University of California.
[    6.028582][    T1] SLIP linefill/keepalive option.
[    6.028975][    T1] hdlc: HDLC support module revision 1.22
[    6.029432][    T1] LAPB Ethernet driver version 0.02
[    6.030778][    T1] usbcore: registered new interface driver ath9k_htc
[    6.031863][    T1] usbcore: registered new interface driver carl9170
[    6.032818][    T1] usbcore: registered new interface driver ath6kl_usb
[    6.033735][    T1] usbcore: registered new interface driver ar5523
[    6.034986][    T1] usbcore: registered new interface driver ath10k_usb
[    6.036216][    T1] mac80211_hwsim: initializing netlink
[    6.048631][    T1] usbcore: registered new interface driver atusb
[    6.054701][    T1] mac802154_hwsim mac802154_hwsim: Added 2 mac802154 hwsim hardware radios
[    6.055916][    T1] VMware vmxnet3 virtual NIC driver - version 1.4.17.0-k-NAPI
[    6.057382][    T1] usbcore: registered new interface driver catc
[    6.058175][    T1] usbcore: registered new interface driver kaweth
[    6.058809][    T1] pegasus: v0.9.3 (2013/04/25), Pegasus/Pegasus II USB Ethernet driver
[    6.061111][    T1] usbcore: registered new interface driver pegasus
[    6.061886][    T1] usbcore: registered new interface driver rtl8150
[    6.062665][    T1] usbcore: registered new interface driver r8152
[    6.063292][    T1] hso: drivers/net/usb/hso.c: Option Wireless
[    6.064129][    T1] usbcore: registered new interface driver hso
[    6.064902][    T1] usbcore: registered new interface driver lan78xx
[    6.065747][    T1] usbcore: registered new interface driver asix
[    6.066719][    T1] usbcore: registered new interface driver ax88179_178a
[    6.067739][    T1] usbcore: registered new interface driver cdc_ether
[    6.068646][    T1] usbcore: registered new interface driver cdc_eem
[    6.069624][    T1] usbcore: registered new interface driver dm9601
[    6.070406][    T1] usbcore: registered new interface driver sr9700
[    6.071290][    T1] usbcore: registered new interface driver CoreChips
[    6.072202][    T1] usbcore: registered new interface driver smsc75xx
[    6.073119][    T1] usbcore: registered new interface driver smsc95xx
[    6.073985][    T1] usbcore: registered new interface driver gl620a
[    6.074863][    T1] usbcore: registered new interface driver net1080
[    6.075756][    T1] usbcore: registered new interface driver plusb
[    6.077076][    T1] usbcore: registered new interface driver rndis_host
[    6.078143][    T1] usbcore: registered new interface driver cdc_subset
[    6.079078][    T1] usbcore: registered new interface driver zaurus
[    6.080012][    T1] usbcore: registered new interface driver MOSCHIP usb-ethernet driver
[    6.081105][    T1] usbcore: registered new interface driver int51x1
[    6.082322][    T1] usbcore: registered new interface driver cdc_phonet
[    6.083314][    T1] usbcore: registered new interface driver kalmia
[    6.084313][    T1] usbcore: registered new interface driver ipheth
[    6.085170][    T1] usbcore: registered new interface driver sierra_net
[    6.086085][    T1] usbcore: registered new interface driver cx82310_eth
[    6.086970][    T1] usbcore: registered new interface driver cdc_ncm
[    6.087735][    T1] usbcore: registered new interface driver huawei_cdc_ncm
[    6.088698][    T1] usbcore: registered new interface driver lg-vl600
[    6.089556][    T1] usbcore: registered new interface driver qmi_wwan
[    6.090617][    T1] usbcore: registered new interface driver cdc_mbim
[    6.091514][    T1] usbcore: registered new interface driver ch9200
[    6.094664][    T1] VFIO - User Level meta-driver version: 0.3
[    6.098213][    T1] aoe: AoE v85 initialised.
[    6.101725][    T1] ehci_hcd: USB 2.0 'Enhanced' Host Controller (EHCI) Driver
[    6.102529][    T1] ehci-pci: EHCI PCI platform driver
[    6.103318][    T1] ehci-platform: EHCI generic platform driver
[    6.104625][    T1] ohci_hcd: USB 1.1 'Open' Host Controller (OHCI) Driver
[    6.105407][    T1] ohci-pci: OHCI PCI platform driver
[    6.106349][    T1] ohci-platform: OHCI generic platform driver
[    6.107244][    T1] uhci_hcd: USB Universal Host Controller Interface driver
[    6.114427][    T1] usbcore: registered new interface driver cdc_acm
[    6.114992][    T1] cdc_acm: USB Abstract Control Model driver for USB modems and ISDN adapters
[    6.115980][    T1] usbcore: registered new interface driver usblp
[    6.116940][    T1] usbcore: registered new interface driver cdc_wdm
[    6.117670][    T1] usbcore: registered new interface driver usbtmc
[    6.118494][    T1] usbcore: registered new interface driver uas
[    6.120945][    T1] usbcore: registered new interface driver usb-storage
[    6.121596][    T1] usbcore: registered new interface driver ums-alauda
[    6.122274][    T1] usbcore: registered new interface driver ums-cypress
[    6.122946][    T1] usbcore: registered new interface driver ums-datafab
[    6.123618][    T1] usbcore: registered new interface driver ums_eneub6250
[    6.124353][    T1] usbcore: registered new interface driver ums-freecom
[    6.125127][    T1] usbcore: registered new interface driver ums-isd200
[    6.125814][    T1] usbcore: registered new interface driver ums-jumpshot
[    6.127481][    T1] usbcore: registered new interface driver ums-karma
[    6.128209][    T1] usbcore: registered new interface driver ums-onetouch
[    6.129219][    T1] usbcore: registered new interface driver ums-realtek
[    6.130064][    T1] usbcore: registered new interface driver ums-sddr09
[    6.130781][    T1] usbcore: registered new interface driver ums-sddr55
[    6.132182][    T1] usbcore: registered new interface driver ums-usbat
[    6.132880][    T1] usbcore: registered new interface driver mdc800
[    6.133382][    T1] mdc800: v0.7.5 (30/10/2000):USB Driver for Mustek MDC800 Digital Camera
[    6.134233][    T1] usbcore: registered new interface driver microtekX6
[    6.135151][    T1] usbcore: registered new interface driver usbserial_generic
[    6.136066][    T1] usbserial: USB Serial support registered for generic
[    6.136959][    T1] usbcore: registered new interface driver aircable
[    6.137695][    T1] usbserial: USB Serial support registered for aircable
[    6.138756][    T1] usbcore: registered new interface driver ark3116
[    6.139547][    T1] usbserial: USB Serial support registered for ark3116
[    6.140317][    T1] usbcore: registered new interface driver belkin_sa
[    6.141033][    T1] usbserial: USB Serial support registered for Belkin / Peracom / GoHubs USB Serial Adapter
[    6.142055][    T1] usbcore: registered new interface driver ch341
[    6.142709][    T1] usbserial: USB Serial support registered for ch341-uart
[    6.143422][    T1] usbcore: registered new interface driver cp210x
[    6.144450][    T1] usbserial: USB Serial support registered for cp210x
[    6.145319][    T1] usbcore: registered new interface driver cyberjack
[    6.147100][    T1] usbserial: USB Serial support registered for Reiner SCT Cyberjack USB card reader
[    6.147983][    T1] usbcore: registered new interface driver cypress_m8
[    6.148599][    T1] usbserial: USB Serial support registered for DeLorme Earthmate USB
[    6.149353][    T1] usbserial: USB Serial support registered for HID->COM RS232 Adapter
[    6.150122][    T1] usbserial: USB Serial support registered for Nokia CA-42 V2 Adapter
[    6.150900][    T1] usbcore: registered new interface driver usb_debug
[    6.151544][    T1] usbserial: USB Serial support registered for debug
[    6.152193][    T1] usbserial: USB Serial support registered for xhci_dbc
[    6.152874][    T1] usbcore: registered new interface driver digi_acceleport
[    6.153630][    T1] usbserial: USB Serial support registered for Digi 2 port USB adapter
[    6.154503][    T1] usbserial: USB Serial support registered for Digi 4 port USB adapter
[    6.156372][    T1] usbcore: registered new interface driver io_edgeport
[    6.157014][    T1] usbserial: USB Serial support registered for Edgeport 2 port adapter
[    6.157749][    T1] usbserial: USB Serial support registered for Edgeport 4 port adapter
[    6.158516][    T1] usbserial: USB Serial support registered for Edgeport 8 port adapter
[    6.159286][    T1] usbserial: USB Serial support registered for EPiC device
[    6.160003][    T1] usbcore: registered new interface driver io_ti
[    6.160659][    T1] usbserial: USB Serial support registered for Edgeport TI 1 port adapter
[    6.161451][    T1] usbserial: USB Serial support registered for Edgeport TI 2 port adapter
[    6.162265][    T1] usbcore: registered new interface driver empeg
[    6.162896][    T1] usbserial: USB Serial support registered for empeg
[    6.163662][    T1] usbcore: registered new interface driver f81232
[    6.164580][    T1] usbserial: USB Serial support registered for f81232
[    6.165435][    T1] usbcore: registered new interface driver f81534
[    6.166156][    T1] usbserial: USB Serial support registered for Fintek F81532/F81534
[    6.167067][    T1] usbcore: registered new interface driver ftdi_sio
[    6.167808][    T1] usbserial: USB Serial support registered for FTDI USB Serial Device
[    6.168807][    T1] usbcore: registered new interface driver garmin_gps
[    6.169802][    T1] usbserial: USB Serial support registered for Garmin GPS usb/tty
[    6.170827][    T1] usbcore: registered new interface driver ipaq
[    6.171791][    T1] usbserial: USB Serial support registered for PocketPC PDA
[    6.172888][    T1] usbcore: registered new interface driver ipw
[    6.173819][    T1] usbserial: USB Serial support registered for IPWireless converter
[    6.174773][    T1] usbcore: registered new interface driver ir_usb
[    6.175502][    T1] usbserial: USB Serial support registered for IR Dongle
[    6.178116][    T1] usbcore: registered new interface driver iuu_phoenix
[    6.178956][    T1] usbserial: USB Serial support registered for iuu_phoenix
[    6.179745][    T1] usbcore: registered new interface driver keyspan
[    6.180583][    T1] usbserial: USB Serial support registered for Keyspan - (without firmware)
[    6.181653][    T1] usbserial: USB Serial support registered for Keyspan 1 port adapter
[    6.182733][    T1] usbserial: USB Serial support registered for Keyspan 2 port adapter
[    6.183615][    T1] usbserial: USB Serial support registered for Keyspan 4 port adapter
[    6.184473][    T1] usbcore: registered new interface driver keyspan_pda
[    6.185287][    T1] usbserial: USB Serial support registered for Keyspan PDA
[    6.186137][    T1] usbserial: USB Serial support registered for Keyspan PDA - (prerenumeration)
[    6.187191][    T1] usbcore: registered new interface driver kl5kusb105
[    6.187990][    T1] usbserial: USB Serial support registered for KL5KUSB105D / PalmConnect
[    6.188928][    T1] usbcore: registered new interface driver kobil_sct
[    6.189689][    T1] usbserial: USB Serial support registered for KOBIL USB smart card terminal
[    6.190802][    T1] usbcore: registered new interface driver mct_u232
[    6.191477][    T1] usbserial: USB Serial support registered for MCT U232
[    6.192388][    T1] usbcore: registered new interface driver metro_usb
[    6.193225][    T1] usbserial: USB Serial support registered for Metrologic USB to Serial
[    6.194121][    T1] usbcore: registered new interface driver mos7720
[    6.195032][    T1] usbserial: USB Serial support registered for Moschip 2 port adapter
[    6.195906][    T1] usbcore: registered new interface driver mos7840
[    6.196990][    T1] usbserial: USB Serial support registered for Moschip 7840/7820 USB Serial Driver
[    6.197852][    T1] usbcore: registered new interface driver mxuport
[    6.198695][    T1] usbserial: USB Serial support registered for MOXA UPort
[    6.199652][    T1] usbcore: registered new interface driver navman
[    6.200609][    T1] usbserial: USB Serial support registered for navman
[    6.201527][    T1] usbcore: registered new interface driver omninet
[    6.202315][    T1] usbserial: USB Serial support registered for ZyXEL - omni.net lcd plus usb
[    6.203410][    T1] usbcore: registered new interface driver opticon
[    6.204078][    T1] usbserial: USB Serial support registered for opticon
[    6.204879][    T1] usbcore: registered new interface driver option
[    6.205624][    T1] usbserial: USB Serial support registered for GSM modem (1-port)
[    6.206460][    T1] usbcore: registered new interface driver oti6858
[    6.207351][    T1] usbserial: USB Serial support registered for oti6858
[    6.208161][    T1] usbcore: registered new interface driver pl2303
[    6.208772][    T1] usbserial: USB Serial support registered for pl2303
[    6.209577][    T1] usbcore: registered new interface driver qcaux
[    6.210172][    T1] usbserial: USB Serial support registered for qcaux
[    6.210887][    T1] usbcore: registered new interface driver qcserial
[    6.211665][    T1] usbserial: USB Serial support registered for Qualcomm USB modem
[    6.212476][    T1] usbcore: registered new interface driver quatech2
[    6.213189][    T1] usbserial: USB Serial support registered for Quatech 2nd gen USB to Serial Driver
[    6.214107][    T1] usbcore: registered new interface driver safe_serial
[    6.214728][    T1] usbserial: USB Serial support registered for safe_serial
[    6.215567][    T1] usbcore: registered new interface driver sierra
[    6.216673][    T1] usbserial: USB Serial support registered for Sierra USB modem
[    6.217497][    T1] usbcore: registered new interface driver usb_serial_simple
[    6.218322][    T1] usbserial: USB Serial support registered for carelink
[    6.219105][    T1] usbserial: USB Serial support registered for zio
[    6.219833][    T1] usbserial: USB Serial support registered for funsoft
[    6.220615][    T1] usbserial: USB Serial support registered for flashloader
[    6.221431][    T1] usbserial: USB Serial support registered for google
[    6.222194][    T1] usbserial: USB Serial support registered for libtransistor
[    6.223028][    T1] usbserial: USB Serial support registered for vivopay
[    6.224893][    T1] usbserial: USB Serial support registered for moto_modem
[    6.225635][    T1] usbserial: USB Serial support registered for motorola_tetra
[    6.226443][    T1] usbserial: USB Serial support registered for novatel_gps
[    6.227249][    T1] usbserial: USB Serial support registered for hp4x
[    6.228009][    T1] usbserial: USB Serial support registered for suunto
[    6.228772][    T1] usbserial: USB Serial support registered for siemens_mpi
[    6.229717][    T1] usbcore: registered new interface driver spcp8x5
[    6.230726][    T1] usbserial: USB Serial support registered for SPCP8x5
[    6.231619][    T1] usbcore: registered new interface driver ssu100
[    6.232638][    T1] usbserial: USB Serial support registered for Quatech SSU-100 USB to Serial Driver
[    6.235005][    T1] usbcore: registered new interface driver symbolserial
[    6.235743][    T1] usbserial: USB Serial support registered for symbol
[    6.236518][    T1] usbcore: registered new interface driver ti_usb_3410_5052
[    6.237410][    T1] usbserial: USB Serial support registered for TI USB 3410 1 port adapter
[    6.238347][    T1] usbserial: USB Serial support registered for TI USB 5052 2 port adapter
[    6.239296][    T1] usbcore: registered new interface driver upd78f0730
[    6.240158][    T1] usbserial: USB Serial support registered for upd78f0730
[    6.241207][    T1] usbcore: registered new interface driver visor
[    6.241959][    T1] usbserial: USB Serial support registered for Handspring Visor / Palm OS
[    6.243073][    T1] usbserial: USB Serial support registered for Sony Clie 5.0
[    6.243865][    T1] usbserial: USB Serial support registered for Sony Clie 3.5
[    6.244819][    T1] usbcore: registered new interface driver wishbone_serial
[    6.245579][    T1] usbserial: USB Serial support registered for wishbone_serial
[    6.246368][    T1] usbcore: registered new interface driver whiteheat
[    6.247083][    T1] usbserial: USB Serial support registered for Connect Tech - WhiteHEAT - (prerenumeration)
[    6.247978][    T1] usbserial: USB Serial support registered for Connect Tech - WhiteHEAT
[    6.248769][    T1] usbcore: registered new interface driver xsens_mt
[    6.249415][    T1] usbserial: USB Serial support registered for xsens_mt
[    6.250105][    T1] usbcore: registered new interface driver adutux
[    6.250754][    T1] usbcore: registered new interface driver appledisplay
[    6.251440][    T1] usbcore: registered new interface driver cypress_cy7c63
[    6.252165][    T1] usbcore: registered new interface driver cytherm
[    6.252823][    T1] usbcore: registered new interface driver emi26 - firmware loader
[    6.253582][    T1] usbcore: registered new interface driver emi62 - firmware loader
[    6.255602][    T1] usbcore: registered new interface driver idmouse
[    6.256964][    T1] usbcore: registered new interface driver iowarrior
[    6.257595][    T1] usbcore: registered new interface driver isight_firmware
[    6.258310][    T1] usbcore: registered new interface driver usblcd
[    6.258966][    T1] usbcore: registered new interface driver ldusb
[    6.259604][    T1] usbcore: registered new interface driver legousbtower
[    6.260713][    T1] usbcore: registered new interface driver usbtest
[    6.261483][    T1] usbcore: registered new interface driver usb_ehset_test
[    6.262275][    T1] usbcore: registered new interface driver trancevibrator
[    6.263082][    T1] usbcore: registered new interface driver uss720
[    6.263631][    T1] uss720: USB Parport Cable driver for Cables using the Lucent Technologies USS720 Chip
[    6.264463][    T1] uss720: NOTE: this is a special purpose driver to allow nonstandard
[    6.265141][    T1] uss720: protocols (eg. bitbang) over USS720 usb to parallel cables
[    6.265805][    T1] uss720: If you just want to connect to a printer, use usblp instead
[    6.267746][    T1] usbcore: registered new interface driver usbsevseg
[    6.268441][    T1] usbcore: registered new interface driver yurex
[    6.269725][    T1] usbcore: registered new interface driver chaoskey
[    6.270395][    T1] usbcore: registered new interface driver sisusb
[    6.271047][    T1] usbcore: registered new interface driver lvs
[    6.271669][    T1] usbcore: registered new interface driver cxacru
[    6.272349][    T1] usbcore: registered new interface driver speedtch
[    6.273032][    T1] usbcore: registered new interface driver ueagle-atm
[    6.273553][    T1] xusbatm: malformed module parameters
[    6.276989][    T1] dummy_hcd dummy_hcd.0: USB Host+Gadget Emulator, driver 02 May 2005
[    6.277652][    T1] dummy_hcd dummy_hcd.0: Dummy host controller
[    6.280624][    T1] dummy_hcd dummy_hcd.0: new USB bus registered, assigned bus number 1
[    6.281902][    T1] usb usb1: New USB device found, idVendor=1d6b, idProduct=0002, bcdDevice= 5.06
[    6.282629][    T1] usb usb1: New USB device strings: Mfr=3, Product=2, SerialNumber=1
[    6.283244][    T1] usb usb1: Product: Dummy host controller
[    6.283683][    T1] usb usb1: Manufacturer: Linux 5.6.0-rc5-a8ab3e76297e-00128-ga8ab3e76297e dummy_hcd
[    6.284402][    T1] usb usb1: SerialNumber: dummy_hcd.0
[    6.286418][    T1] hub 1-0:1.0: USB hub found
[    6.287034][    T1] hub 1-0:1.0: 1 port detected
[    6.289153][    T1] dummy_hcd dummy_hcd.1: USB Host+Gadget Emulator, driver 02 May 2005
[    6.289803][    T1] dummy_hcd dummy_hcd.1: Dummy host controller
[    6.291002][    T1] dummy_hcd dummy_hcd.1: new USB bus registered, assigned bus number 2
[    6.292200][    T1] usb usb2: New USB device found, idVendor=1d6b, idProduct=0002, bcdDevice= 5.06
[    6.292983][    T1] usb usb2: New USB device strings: Mfr=3, Product=2, SerialNumber=1
[    6.293654][    T1] usb usb2: Product: Dummy host controller
[    6.294139][    T1] usb usb2: Manufacturer: Linux 5.6.0-rc5-a8ab3e76297e-00128-ga8ab3e76297e dummy_hcd
[    6.294924][    T1] usb usb2: SerialNumber: dummy_hcd.1
[    6.296786][    T1] hub 2-0:1.0: USB hub found
[    6.297283][    T1] hub 2-0:1.0: 1 port detected
[    6.299069][    T1] dummy_hcd dummy_hcd.2: USB Host+Gadget Emulator, driver 02 May 2005
[    6.299732][    T1] dummy_hcd dummy_hcd.2: Dummy host controller
[    6.300635][    T1] dummy_hcd dummy_hcd.2: new USB bus registered, assigned bus number 3
[    6.301677][    T1] usb usb3: New USB device found, idVendor=1d6b, idProduct=0002, bcdDevice= 5.06
[    6.302378][    T1] usb usb3: New USB device strings: Mfr=3, Product=2, SerialNumber=1
[    6.302995][    T1] usb usb3: Product: Dummy host controller
[    6.303437][    T1] usb usb3: Manufacturer: Linux 5.6.0-rc5-a8ab3e76297e-00128-ga8ab3e76297e dummy_hcd
[    6.304164][    T1] usb usb3: SerialNumber: dummy_hcd.2
[    6.306812][    T1] hub 3-0:1.0: USB hub found
[    6.307255][    T1] hub 3-0:1.0: 1 port detected
[    6.308865][    T1] dummy_hcd dummy_hcd.3: USB Host+Gadget Emulator, driver 02 May 2005
[    6.309515][    T1] dummy_hcd dummy_hcd.3: Dummy host controller
[    6.310362][    T1] dummy_hcd dummy_hcd.3: new USB bus registered, assigned bus number 4
[    6.311372][    T1] usb usb4: New USB device found, idVendor=1d6b, idProduct=0002, bcdDevice= 5.06
[    6.312071][    T1] usb usb4: New USB device strings: Mfr=3, Product=2, SerialNumber=1
[    6.312685][    T1] usb usb4: Product: Dummy host controller
[    6.313133][    T1] usb usb4: Manufacturer: Linux 5.6.0-rc5-a8ab3e76297e-00128-ga8ab3e76297e dummy_hcd
[    6.313850][    T1] usb usb4: SerialNumber: dummy_hcd.3
[    6.315904][    T1] hub 4-0:1.0: USB hub found
[    6.316898][    T1] hub 4-0:1.0: 1 port detected
[    6.318512][    T1] dummy_hcd dummy_hcd.4: USB Host+Gadget Emulator, driver 02 May 2005
[    6.319172][    T1] dummy_hcd dummy_hcd.4: Dummy host controller
[    6.320006][    T1] dummy_hcd dummy_hcd.4: new USB bus registered, assigned bus number 5
[    6.321190][    T1] usb usb5: New USB device found, idVendor=1d6b, idProduct=0002, bcdDevice= 5.06
[    6.322178][    T1] usb usb5: New USB device strings: Mfr=3, Product=2, SerialNumber=1
[    6.322870][    T1] usb usb5: Product: Dummy host controller
[    6.323378][    T1] usb usb5: Manufacturer: Linux 5.6.0-rc5-a8ab3e76297e-00128-ga8ab3e76297e dummy_hcd
[    6.324190][    T1] usb usb5: SerialNumber: dummy_hcd.4
[    6.326781][    T1] hub 5-0:1.0: USB hub found
[    6.327294][    T1] hub 5-0:1.0: 1 port detected
[    6.329063][    T1] dummy_hcd dummy_hcd.5: USB Host+Gadget Emulator, driver 02 May 2005
[    6.329794][    T1] dummy_hcd dummy_hcd.5: Dummy host controller
[    6.330746][    T1] dummy_hcd dummy_hcd.5: new USB bus registered, assigned bus number 6
[    6.331770][    T1] usb usb6: New USB device found, idVendor=1d6b, idProduct=0002, bcdDevice= 5.06
[    6.332470][    T1] usb usb6: New USB device strings: Mfr=3, Product=2, SerialNumber=1
[    6.333086][    T1] usb usb6: Product: Dummy host controller
[    6.333530][    T1] usb usb6: Manufacturer: Linux 5.6.0-rc5-a8ab3e76297e-00128-ga8ab3e76297e dummy_hcd
[    6.334250][    T1] usb usb6: SerialNumber: dummy_hcd.5
[    6.335663][    T1] hub 6-0:1.0: USB hub found
[    6.336155][    T1] hub 6-0:1.0: 1 port detected
[    6.337797][    T1] dummy_hcd dummy_hcd.6: USB Host+Gadget Emulator, driver 02 May 2005
[    6.338493][    T1] dummy_hcd dummy_hcd.6: Dummy host controller
[    6.339356][    T1] dummy_hcd dummy_hcd.6: new USB bus registered, assigned bus number 7
[    6.340360][    T1] usb usb7: New USB device found, idVendor=1d6b, idProduct=0002, bcdDevice= 5.06
[    6.341059][    T1] usb usb7: New USB device strings: Mfr=3, Product=2, SerialNumber=1
[    6.341673][    T1] usb usb7: Product: Dummy host controller
[    6.342119][    T1] usb usb7: Manufacturer: Linux 5.6.0-rc5-a8ab3e76297e-00128-ga8ab3e76297e dummy_hcd
[    6.342839][    T1] usb usb7: SerialNumber: dummy_hcd.6
[    6.345075][    T1] hub 7-0:1.0: USB hub found
[    6.345569][    T1] hub 7-0:1.0: 1 port detected
[    6.348320][    T1] dummy_hcd dummy_hcd.7: USB Host+Gadget Emulator, driver 02 May 2005
[    6.348966][    T1] dummy_hcd dummy_hcd.7: Dummy host controller
[    6.349902][    T1] dummy_hcd dummy_hcd.7: new USB bus registered, assigned bus number 8
[    6.351008][    T1] usb usb8: New USB device found, idVendor=1d6b, idProduct=0002, bcdDevice= 5.06
[    6.351815][    T1] usb usb8: New USB device strings: Mfr=3, Product=2, SerialNumber=1
[    6.352732][    T1] usb usb8: Product: Dummy host controller
[    6.353277][    T1] usb usb8: Manufacturer: Linux 5.6.0-rc5-a8ab3e76297e-00128-ga8ab3e76297e dummy_hcd
[    6.354088][    T1] usb usb8: SerialNumber: dummy_hcd.7
[    6.356513][    T1] hub 8-0:1.0: USB hub found
[    6.357010][    T1] hub 8-0:1.0: 1 port detected
[    6.379925][    T1] vhci_hcd vhci_hcd.0: USB/IP Virtual Host Controller
[    6.381093][    T1] vhci_hcd vhci_hcd.0: new USB bus registered, assigned bus number 9
[    6.382096][    T1] vhci_hcd: created sysfs vhci_hcd.0
[    6.383376][    T1] usb usb9: New USB device found, idVendor=1d6b, idProduct=0002, bcdDevice= 5.06
[    6.384208][    T1] usb usb9: New USB device strings: Mfr=3, Product=2, SerialNumber=1
[    6.384900][    T1] usb usb9: Product: USB/IP Virtual Host Controller
[    6.385477][    T1] usb usb9: Manufacturer: Linux 5.6.0-rc5-a8ab3e76297e-00128-ga8ab3e76297e vhci_hcd
[    6.386301][    T1] usb usb9: SerialNumber: vhci_hcd.0
[    6.388187][    T1] hub 9-0:1.0: USB hub found
[    6.388750][    T1] hub 9-0:1.0: 8 ports detected
[    6.392059][    T1] vhci_hcd vhci_hcd.0: USB/IP Virtual Host Controller
[    6.393150][    T1] vhci_hcd vhci_hcd.0: new USB bus registered, assigned bus number 10
[    6.394038][    T1] usb usb10: We don't know the algorithms for LPM for this host, disabling LPM.
[    6.395442][    T1] usb usb10: New USB device found, idVendor=1d6b, idProduct=0003, bcdDevice= 5.06
[    6.397077][    T1] usb usb10: New USB device strings: Mfr=3, Product=2, SerialNumber=1
[    6.397776][    T1] usb usb10: Product: USB/IP Virtual Host Controller
[    6.398361][    T1] usb usb10: Manufacturer: Linux 5.6.0-rc5-a8ab3e76297e-00128-ga8ab3e76297e vhci_hcd
[    6.399178][    T1] usb usb10: SerialNumber: vhci_hcd.0
[    6.400748][    T1] hub 10-0:1.0: USB hub found
[    6.401273][    T1] hub 10-0:1.0: 8 ports detected
[    6.405305][    T1] vhci_hcd vhci_hcd.1: USB/IP Virtual Host Controller
[    6.406630][    T1] vhci_hcd vhci_hcd.1: new USB bus registered, assigned bus number 11
[    6.407750][    T1] usb usb11: New USB device found, idVendor=1d6b, idProduct=0002, bcdDevice= 5.06
[    6.408528][    T1] usb usb11: New USB device strings: Mfr=3, Product=2, SerialNumber=1
[    6.409212][    T1] usb usb11: Product: USB/IP Virtual Host Controller
[    6.409772][    T1] usb usb11: Manufacturer: Linux 5.6.0-rc5-a8ab3e76297e-00128-ga8ab3e76297e vhci_hcd
[    6.410561][    T1] usb usb11: SerialNumber: vhci_hcd.1
[    6.412146][    T1] hub 11-0:1.0: USB hub found
[    6.412666][    T1] hub 11-0:1.0: 8 ports detected
[    6.416291][    T1] vhci_hcd vhci_hcd.1: USB/IP Virtual Host Controller
[    6.417302][    T1] vhci_hcd vhci_hcd.1: new USB bus registered, assigned bus number 12
[    6.418164][    T1] usb usb12: We don't know the algorithms for LPM for this host, disabling LPM.
[    6.419475][    T1] usb usb12: New USB device found, idVendor=1d6b, idProduct=0003, bcdDevice= 5.06
[    6.420256][    T1] usb usb12: New USB device strings: Mfr=3, Product=2, SerialNumber=1
[    6.420938][    T1] usb usb12: Product: USB/IP Virtual Host Controller
[    6.421500][    T1] usb usb12: Manufacturer: Linux 5.6.0-rc5-a8ab3e76297e-00128-ga8ab3e76297e vhci_hcd
[    6.422291][    T1] usb usb12: SerialNumber: vhci_hcd.1
[    6.423886][    T1] hub 12-0:1.0: USB hub found
[    6.424390][    T1] hub 12-0:1.0: 8 ports detected
[    6.429836][    T1] vhci_hcd vhci_hcd.2: USB/IP Virtual Host Controller
[    6.430849][    T1] vhci_hcd vhci_hcd.2: new USB bus registered, assigned bus number 13
[    6.432179][    T1] usb usb13: New USB device found, idVendor=1d6b, idProduct=0002, bcdDevice= 5.06
[    6.432990][    T1] usb usb13: New USB device strings: Mfr=3, Product=2, SerialNumber=1
[    6.433675][    T1] usb usb13: Product: USB/IP Virtual Host Controller
[    6.434241][    T1] usb usb13: Manufacturer: Linux 5.6.0-rc5-a8ab3e76297e-00128-ga8ab3e76297e vhci_hcd
[    6.435033][    T1] usb usb13: SerialNumber: vhci_hcd.2
[    6.436895][    T1] hub 13-0:1.0: USB hub found
[    6.437429][    T1] hub 13-0:1.0: 8 ports detected
[    6.440707][    T1] vhci_hcd vhci_hcd.2: USB/IP Virtual Host Controller
[    6.441783][    T1] vhci_hcd vhci_hcd.2: new USB bus registered, assigned bus number 14
[    6.442646][    T1] usb usb14: We don't know the algorithms for LPM for this host, disabling LPM.
[    6.443894][    T1] usb usb14: New USB device found, idVendor=1d6b, idProduct=0003, bcdDevice= 5.06
[    6.444873][    T1] usb usb14: New USB device strings: Mfr=3, Product=2, SerialNumber=1
[    6.445581][    T1] usb usb14: Product: USB/IP Virtual Host Controller
[    6.446680][    T1] usb usb14: Manufacturer: Linux 5.6.0-rc5-a8ab3e76297e-00128-ga8ab3e76297e vhci_hcd
[    6.447506][    T1] usb usb14: SerialNumber: vhci_hcd.2
[    6.449019][    T1] hub 14-0:1.0: USB hub found
[    6.449528][    T1] hub 14-0:1.0: 8 ports detected
[    6.453327][    T1] vhci_hcd vhci_hcd.3: USB/IP Virtual Host Controller
[    6.454403][    T1] vhci_hcd vhci_hcd.3: new USB bus registered, assigned bus number 15
[    6.455696][    T1] usb usb15: New USB device found, idVendor=1d6b, idProduct=0002, bcdDevice= 5.06
[    6.457020][    T1] usb usb15: New USB device strings: Mfr=3, Product=2, SerialNumber=1
[    6.457711][    T1] usb usb15: Product: USB/IP Virtual Host Controller
[    6.458276][    T1] usb usb15: Manufacturer: Linux 5.6.0-rc5-a8ab3e76297e-00128-ga8ab3e76297e vhci_hcd
[    6.459068][    T1] usb usb15: SerialNumber: vhci_hcd.3
[    6.460523][    T1] hub 15-0:1.0: USB hub found
[    6.461020][    T1] hub 15-0:1.0: 8 ports detected
[    6.464048][    T1] vhci_hcd vhci_hcd.3: USB/IP Virtual Host Controller
[    6.465106][    T1] vhci_hcd vhci_hcd.3: new USB bus registered, assigned bus number 16
[    6.465957][    T1] usb usb16: We don't know the algorithms for LPM for this host, disabling LPM.
[    6.467995][    T1] usb usb16: New USB device found, idVendor=1d6b, idProduct=0003, bcdDevice= 5.06
[    6.468775][    T1] usb usb16: New USB device strings: Mfr=3, Product=2, SerialNumber=1
[    6.469461][    T1] usb usb16: Product: USB/IP Virtual Host Controller
[    6.470023][    T1] usb usb16: Manufacturer: Linux 5.6.0-rc5-a8ab3e76297e-00128-ga8ab3e76297e vhci_hcd
[    6.470811][    T1] usb usb16: SerialNumber: vhci_hcd.3
[    6.472414][    T1] hub 16-0:1.0: USB hub found
[    6.472906][    T1] hub 16-0:1.0: 8 ports detected
[    6.477191][    T1] vhci_hcd vhci_hcd.4: USB/IP Virtual Host Controller
[    6.478301][    T1] vhci_hcd vhci_hcd.4: new USB bus registered, assigned bus number 17
[    6.479424][    T1] usb usb17: New USB device found, idVendor=1d6b, idProduct=0002, bcdDevice= 5.06
[    6.480197][    T1] usb usb17: New USB device strings: Mfr=3, Product=2, SerialNumber=1
[    6.480876][    T1] usb usb17: Product: USB/IP Virtual Host Controller
[    6.481435][    T1] usb usb17: Manufacturer: Linux 5.6.0-rc5-a8ab3e76297e-00128-ga8ab3e76297e vhci_hcd
[    6.482225][    T1] usb usb17: SerialNumber: vhci_hcd.4
[    6.483720][    T1] hub 17-0:1.0: USB hub found
[    6.484323][    T1] hub 17-0:1.0: 8 ports detected
[    6.487775][    T1] vhci_hcd vhci_hcd.4: USB/IP Virtual Host Controller
[    6.488758][    T1] vhci_hcd vhci_hcd.4: new USB bus registered, assigned bus number 18
[    6.489606][    T1] usb usb18: We don't know the algorithms for LPM for this host, disabling LPM.
[    6.490708][    T1] usb usb18: New USB device found, idVendor=1d6b, idProduct=0003, bcdDevice= 5.06
[    6.491480][    T1] usb usb18: New USB device strings: Mfr=3, Product=2, SerialNumber=1
[    6.492177][    T1] usb usb18: Product: USB/IP Virtual Host Controller
[    6.492746][    T1] usb usb18: Manufacturer: Linux 5.6.0-rc5-a8ab3e76297e-00128-ga8ab3e76297e vhci_hcd
[    6.493556][    T1] usb usb18: SerialNumber: vhci_hcd.4
[    6.495387][    T1] hub 18-0:1.0: USB hub found
[    6.495955][    T1] hub 18-0:1.0: 8 ports detected
[    6.500217][    T1] vhci_hcd vhci_hcd.5: USB/IP Virtual Host Controller
[    6.501231][    T1] vhci_hcd vhci_hcd.5: new USB bus registered, assigned bus number 19
[    6.502643][    T1] usb usb19: New USB device found, idVendor=1d6b, idProduct=0002, bcdDevice= 5.06
[    6.503427][    T1] usb usb19: New USB device strings: Mfr=3, Product=2, SerialNumber=1
[    6.504154][    T1] usb usb19: Product: USB/IP Virtual Host Controller
[    6.504868][    T1] usb usb19: Manufacturer: Linux 5.6.0-rc5-a8ab3e76297e-00128-ga8ab3e76297e vhci_hcd
[    6.505848][    T1] usb usb19: SerialNumber: vhci_hcd.5
[    6.507855][    T1] hub 19-0:1.0: USB hub found
[    6.508369][    T1] hub 19-0:1.0: 8 ports detected
[    6.511720][    T1] vhci_hcd vhci_hcd.5: USB/IP Virtual Host Controller
[    6.512737][    T1] vhci_hcd vhci_hcd.5: new USB bus registered, assigned bus number 20
[    6.513618][    T1] usb usb20: We don't know the algorithms for LPM for this host, disabling LPM.
[    6.514982][    T1] usb usb20: New USB device found, idVendor=1d6b, idProduct=0003, bcdDevice= 5.06
[    6.515756][    T1] usb usb20: New USB device strings: Mfr=3, Product=2, SerialNumber=1
[    6.517151][    T1] usb usb20: Product: USB/IP Virtual Host Controller
[    6.517722][    T1] usb usb20: Manufacturer: Linux 5.6.0-rc5-a8ab3e76297e-00128-ga8ab3e76297e vhci_hcd
[    6.518448][    T1] usb usb20: SerialNumber: vhci_hcd.5
[    6.519910][    T1] hub 20-0:1.0: USB hub found
[    6.520416][    T1] hub 20-0:1.0: 8 ports detected
[    6.523933][    T1] vhci_hcd vhci_hcd.6: USB/IP Virtual Host Controller
[    6.524952][    T1] vhci_hcd vhci_hcd.6: new USB bus registered, assigned bus number 21
[    6.526490][    T1] usb usb21: New USB device found, idVendor=1d6b, idProduct=0002, bcdDevice= 5.06
[    6.527275][    T1] usb usb21: New USB device strings: Mfr=3, Product=2, SerialNumber=1
[    6.527962][    T1] usb usb21: Product: USB/IP Virtual Host Controller
[    6.528525][    T1] usb usb21: Manufacturer: Linux 5.6.0-rc5-a8ab3e76297e-00128-ga8ab3e76297e vhci_hcd
[    6.529319][    T1] usb usb21: SerialNumber: vhci_hcd.6
[    6.531116][    T1] hub 21-0:1.0: USB hub found
[    6.531632][    T1] hub 21-0:1.0: 8 ports detected
[    6.535114][    T1] vhci_hcd vhci_hcd.6: USB/IP Virtual Host Controller
[    6.536324][    T1] vhci_hcd vhci_hcd.6: new USB bus registered, assigned bus number 22
[    6.537225][    T1] usb usb22: We don't know the algorithms for LPM for this host, disabling LPM.
[    6.538356][    T1] usb usb22: New USB device found, idVendor=1d6b, idProduct=0003, bcdDevice= 5.06
[    6.539158][    T1] usb usb22: New USB device strings: Mfr=3, Product=2, SerialNumber=1
[    6.539856][    T1] usb usb22: Product: USB/IP Virtual Host Controller
[    6.540421][    T1] usb usb22: Manufacturer: Linux 5.6.0-rc5-a8ab3e76297e-00128-ga8ab3e76297e vhci_hcd
[    6.541218][    T1] usb usb22: SerialNumber: vhci_hcd.6
[    6.542756][    T1] hub 22-0:1.0: USB hub found
[    6.543279][    T1] hub 22-0:1.0: 8 ports detected
[    6.547212][    T1] vhci_hcd vhci_hcd.7: USB/IP Virtual Host Controller
[    6.548263][    T1] vhci_hcd vhci_hcd.7: new USB bus registered, assigned bus number 23
[    6.549736][    T1] usb usb23: New USB device found, idVendor=1d6b, idProduct=0002, bcdDevice= 5.06
[    6.550521][    T1] usb usb23: New USB device strings: Mfr=3, Product=2, SerialNumber=1
[    6.551208][    T1] usb usb23: Product: USB/IP Virtual Host Controller
[    6.551765][    T1] usb usb23: Manufacturer: Linux 5.6.0-rc5-a8ab3e76297e-00128-ga8ab3e76297e vhci_hcd
[    6.552559][    T1] usb usb23: SerialNumber: vhci_hcd.7
[    6.554319][    T1] hub 23-0:1.0: USB hub found
[    6.554773][    T1] hub 23-0:1.0: 8 ports detected
[    6.559398][    T1] vhci_hcd vhci_hcd.7: USB/IP Virtual Host Controller
[    6.560388][    T1] vhci_hcd vhci_hcd.7: new USB bus registered, assigned bus number 24
[    6.561241][    T1] usb usb24: We don't know the algorithms for LPM for this host, disabling LPM.
[    6.562444][    T1] usb usb24: New USB device found, idVendor=1d6b, idProduct=0003, bcdDevice= 5.06
[    6.563158][    T1] usb usb24: New USB device strings: Mfr=3, Product=2, SerialNumber=1
[    6.563783][    T1] usb usb24: Product: USB/IP Virtual Host Controller
[    6.564295][    T1] usb usb24: Manufacturer: Linux 5.6.0-rc5-a8ab3e76297e-00128-ga8ab3e76297e vhci_hcd
[    6.565017][    T1] usb usb24: SerialNumber: vhci_hcd.7
[    6.566886][    T1] hub 24-0:1.0: USB hub found
[    6.567443][    T1] hub 24-0:1.0: 8 ports detected
[    6.571117][    T1] vhci_hcd vhci_hcd.8: USB/IP Virtual Host Controller
[    6.572156][    T1] vhci_hcd vhci_hcd.8: new USB bus registered, assigned bus number 25
[    6.573186][    T1] usb usb25: New USB device found, idVendor=1d6b, idProduct=0002, bcdDevice= 5.06
[    6.573958][    T1] usb usb25: New USB device strings: Mfr=3, Product=2, SerialNumber=1
[    6.574609][    T1] usb usb25: Product: USB/IP Virtual Host Controller
[    6.575121][    T1] usb usb25: Manufacturer: Linux 5.6.0-rc5-a8ab3e76297e-00128-ga8ab3e76297e vhci_hcd
[    6.575834][    T1] usb usb25: SerialNumber: vhci_hcd.8
[    6.578209][    T1] hub 25-0:1.0: USB hub found
[    6.578654][    T1] hub 25-0:1.0: 8 ports detected
[    6.581498][    T1] vhci_hcd vhci_hcd.8: USB/IP Virtual Host Controller
[    6.582412][    T1] vhci_hcd vhci_hcd.8: new USB bus registered, assigned bus number 26
[    6.583198][    T1] usb usb26: We don't know the algorithms for LPM for this host, disabling LPM.
[    6.584440][    T1] usb usb26: New USB device found, idVendor=1d6b, idProduct=0003, bcdDevice= 5.06
[    6.585150][    T1] usb usb26: New USB device strings: Mfr=3, Product=2, SerialNumber=1
[    6.585770][    T1] usb usb26: Product: USB/IP Virtual Host Controller
[    6.586861][    T1] usb usb26: Manufacturer: Linux 5.6.0-rc5-a8ab3e76297e-00128-ga8ab3e76297e vhci_hcd
[    6.587593][    T1] usb usb26: SerialNumber: vhci_hcd.8
[    6.588893][    T1] hub 26-0:1.0: USB hub found
[    6.589356][    T1] hub 26-0:1.0: 8 ports detected
[    6.592875][    T1] vhci_hcd vhci_hcd.9: USB/IP Virtual Host Controller
[    6.593790][    T1] vhci_hcd vhci_hcd.9: new USB bus registered, assigned bus number 27
[    6.595105][    T1] usb usb27: New USB device found, idVendor=1d6b, idProduct=0002, bcdDevice= 5.06
[    6.595876][    T1] usb usb27: New USB device strings: Mfr=3, Product=2, SerialNumber=1
[    6.597519][    T1] usb usb27: Product: USB/IP Virtual Host Controller
[    6.598108][    T1] usb usb27: Manufacturer: Linux 5.6.0-rc5-a8ab3e76297e-00128-ga8ab3e76297e vhci_hcd
[    6.598913][    T1] usb usb27: SerialNumber: vhci_hcd.9
[    6.600370][    T1] hub 27-0:1.0: USB hub found
[    6.600868][    T1] hub 27-0:1.0: 8 ports detected
[    6.603997][    T1] vhci_hcd vhci_hcd.9: USB/IP Virtual Host Controller
[    6.604993][    T1] vhci_hcd vhci_hcd.9: new USB bus registered, assigned bus number 28
[    6.605798][    T1] usb usb28: We don't know the algorithms for LPM for this host, disabling LPM.
[    6.606878][    T1] usb usb28: New USB device found, idVendor=1d6b, idProduct=0003, bcdDevice= 5.06
[    6.607600][    T1] usb usb28: New USB device strings: Mfr=3, Product=2, SerialNumber=1
[    6.608227][    T1] usb usb28: Product: USB/IP Virtual Host Controller
[    6.608736][    T1] usb usb28: Manufacturer: Linux 5.6.0-rc5-a8ab3e76297e-00128-ga8ab3e76297e vhci_hcd
[    6.609459][    T1] usb usb28: SerialNumber: vhci_hcd.9
[    6.611052][    T1] hub 28-0:1.0: USB hub found
[    6.611510][    T1] hub 28-0:1.0: 8 ports detected
[    6.614899][    T1] vhci_hcd vhci_hcd.10: USB/IP Virtual Host Controller
[    6.615828][    T1] vhci_hcd vhci_hcd.10: new USB bus registered, assigned bus number 29
[    6.617971][    T1] usb usb29: New USB device found, idVendor=1d6b, idProduct=0002, bcdDevice= 5.06
[    6.618687][    T1] usb usb29: New USB device strings: Mfr=3, Product=2, SerialNumber=1
[    6.619310][    T1] usb usb29: Product: USB/IP Virtual Host Controller
[    6.619820][    T1] usb usb29: Manufacturer: Linux 5.6.0-rc5-a8ab3e76297e-00128-ga8ab3e76297e vhci_hcd
[    6.620541][    T1] usb usb29: SerialNumber: vhci_hcd.10
[    6.621967][    T1] hub 29-0:1.0: USB hub found
[    6.622418][    T1] hub 29-0:1.0: 8 ports detected
[    6.625217][    T1] vhci_hcd vhci_hcd.10: USB/IP Virtual Host Controller
[    6.626357][    T1] vhci_hcd vhci_hcd.10: new USB bus registered, assigned bus number 30
[    6.627494][    T1] usb usb30: We don't know the algorithms for LPM for this host, disabling LPM.
[    6.628653][    T1] usb usb30: New USB device found, idVendor=1d6b, idProduct=0003, bcdDevice= 5.06
[    6.629426][    T1] usb usb30: New USB device strings: Mfr=3, Product=2, SerialNumber=1
[    6.630107][    T1] usb usb30: Product: USB/IP Virtual Host Controller
[    6.630666][    T1] usb usb30: Manufacturer: Linux 5.6.0-rc5-a8ab3e76297e-00128-ga8ab3e76297e vhci_hcd
[    6.631414][    T1] usb usb30: SerialNumber: vhci_hcd.10
[    6.632983][    T1] hub 30-0:1.0: USB hub found
[    6.633492][    T1] hub 30-0:1.0: 8 ports detected
[    6.638038][    T1] vhci_hcd vhci_hcd.11: USB/IP Virtual Host Controller
[    6.638962][    T1] vhci_hcd vhci_hcd.11: new USB bus registered, assigned bus number 31
[    6.640072][    T1] usb usb31: New USB device found, idVendor=1d6b, idProduct=0002, bcdDevice= 5.06
[    6.640781][    T1] usb usb31: New USB device strings: Mfr=3, Product=2, SerialNumber=1
[    6.641406][    T1] usb usb31: Product: USB/IP Virtual Host Controller
[    6.641917][    T1] usb usb31: Manufacturer: Linux 5.6.0-rc5-a8ab3e76297e-00128-ga8ab3e76297e vhci_hcd
[    6.642637][    T1] usb usb31: SerialNumber: vhci_hcd.11
[    6.644426][    T1] hub 31-0:1.0: USB hub found
[    6.644884][    T1] hub 31-0:1.0: 8 ports detected
[    6.647750][    T1] vhci_hcd vhci_hcd.11: USB/IP Virtual Host Controller
[    6.648697][    T1] vhci_hcd vhci_hcd.11: new USB bus registered, assigned bus number 32
[    6.649493][    T1] usb usb32: We don't know the algorithms for LPM for this host, disabling LPM.
[    6.650497][    T1] usb usb32: New USB device found, idVendor=1d6b, idProduct=0003, bcdDevice= 5.06
[    6.651204][    T1] usb usb32: New USB device strings: Mfr=3, Product=2, SerialNumber=1
[    6.651828][    T1] usb usb32: Product: USB/IP Virtual Host Controller
[    6.652338][    T1] usb usb32: Manufacturer: Linux 5.6.0-rc5-a8ab3e76297e-00128-ga8ab3e76297e vhci_hcd
[    6.653063][    T1] usb usb32: SerialNumber: vhci_hcd.11
[    6.654424][    T1] hub 32-0:1.0: USB hub found
[    6.654878][    T1] hub 32-0:1.0: 8 ports detected
[    6.660137][    T1] vhci_hcd vhci_hcd.12: USB/IP Virtual Host Controller
[    6.661113][    T1] vhci_hcd vhci_hcd.12: new USB bus registered, assigned bus number 33
[    6.662133][    T1] usb usb33: New USB device found, idVendor=1d6b, idProduct=0002, bcdDevice= 5.06
[    6.662843][    T1] usb usb33: New USB device strings: Mfr=3, Product=2, SerialNumber=1
[    6.663469][    T1] usb usb33: Product: USB/IP Virtual Host Controller
[    6.663982][    T1] usb usb33: Manufacturer: Linux 5.6.0-rc5-a8ab3e76297e-00128-ga8ab3e76297e vhci_hcd
[    6.664703][    T1] usb usb33: SerialNumber: vhci_hcd.12
[    6.666966][    T1] hub 33-0:1.0: USB hub found
[    6.667419][    T1] hub 33-0:1.0: 8 ports detected
[    6.670381][    T1] vhci_hcd vhci_hcd.12: USB/IP Virtual Host Controller
[    6.671295][    T1] vhci_hcd vhci_hcd.12: new USB bus registered, assigned bus number 34
[    6.672084][    T1] usb usb34: We don't know the algorithms for LPM for this host, disabling LPM.
[    6.673332][    T1] usb usb34: New USB device found, idVendor=1d6b, idProduct=0003, bcdDevice= 5.06
[    6.674052][    T1] usb usb34: New USB device strings: Mfr=3, Product=2, SerialNumber=1
[    6.674676][    T1] usb usb34: Product: USB/IP Virtual Host Controller
[    6.675193][    T1] usb usb34: Manufacturer: Linux 5.6.0-rc5-a8ab3e76297e-00128-ga8ab3e76297e vhci_hcd
[    6.675919][    T1] usb usb34: SerialNumber: vhci_hcd.12
[    6.677451][    T1] hub 34-0:1.0: USB hub found
[    6.677908][    T1] hub 34-0:1.0: 8 ports detected
[    6.681377][    T1] vhci_hcd vhci_hcd.13: USB/IP Virtual Host Controller
[    6.682358][    T1] vhci_hcd vhci_hcd.13: new USB bus registered, assigned bus number 35
[    6.684127][    T1] usb usb35: New USB device found, idVendor=1d6b, idProduct=0002, bcdDevice= 5.06
[    6.684848][    T1] usb usb35: New USB device strings: Mfr=3, Product=2, SerialNumber=1
[    6.685477][    T1] usb usb35: Product: USB/IP Virtual Host Controller
[    6.685992][    T1] usb usb35: Manufacturer: Linux 5.6.0-rc5-a8ab3e76297e-00128-ga8ab3e76297e vhci_hcd
[    6.686906][    T1] usb usb35: SerialNumber: vhci_hcd.13
[    6.688742][    T1] hub 35-0:1.0: USB hub found
[    6.689369][    T1] hub 35-0:1.0: 8 ports detected
[    6.692504][    T1] vhci_hcd vhci_hcd.13: USB/IP Virtual Host Controller
[    6.693426][    T1] vhci_hcd vhci_hcd.13: new USB bus registered, assigned bus number 36
[    6.694212][    T1] usb usb36: We don't know the algorithms for LPM for this host, disabling LPM.
[    6.695330][    T1] usb usb36: New USB device found, idVendor=1d6b, idProduct=0003, bcdDevice= 5.06
[    6.696041][    T1] usb usb36: New USB device strings: Mfr=3, Product=2, SerialNumber=1
[    6.696862][    T1] usb usb36: Product: USB/IP Virtual Host Controller
[    6.697398][    T1] usb usb36: Manufacturer: Linux 5.6.0-rc5-a8ab3e76297e-00128-ga8ab3e76297e vhci_hcd
[    6.698131][    T1] usb usb36: SerialNumber: vhci_hcd.13
[    6.699498][    T1] hub 36-0:1.0: USB hub found
[    6.699957][    T1] hub 36-0:1.0: 8 ports detected
[    6.703331][    T1] vhci_hcd vhci_hcd.14: USB/IP Virtual Host Controller
[    6.704274][    T1] vhci_hcd vhci_hcd.14: new USB bus registered, assigned bus number 37
[    6.705588][    T1] usb usb37: New USB device found, idVendor=1d6b, idProduct=0002, bcdDevice= 5.06
[    6.706945][    T1] usb usb37: New USB device strings: Mfr=3, Product=2, SerialNumber=1
[    6.707589][    T1] usb usb37: Product: USB/IP Virtual Host Controller
[    6.708111][    T1] usb usb37: Manufacturer: Linux 5.6.0-rc5-a8ab3e76297e-00128-ga8ab3e76297e vhci_hcd
[    6.708839][    T1] usb usb37: SerialNumber: vhci_hcd.14
[    6.710222][    T1] hub 37-0:1.0: USB hub found
[    6.710730][    T1] hub 37-0:1.0: 8 ports detected
[    6.713546][    T1] vhci_hcd vhci_hcd.14: USB/IP Virtual Host Controller
[    6.714534][    T1] vhci_hcd vhci_hcd.14: new USB bus registered, assigned bus number 38
[    6.715330][    T1] usb usb38: We don't know the algorithms for LPM for this host, disabling LPM.
[    6.716609][    T1] usb usb38: New USB device found, idVendor=1d6b, idProduct=0003, bcdDevice= 5.06
[    6.717335][    T1] usb usb38: New USB device strings: Mfr=3, Product=2, SerialNumber=1
[    6.718008][    T1] usb usb38: Product: USB/IP Virtual Host Controller
[    6.718806][    T1] usb usb38: Manufacturer: Linux 5.6.0-rc5-a8ab3e76297e-00128-ga8ab3e76297e vhci_hcd
[    6.719690][    T1] usb usb38: SerialNumber: vhci_hcd.14
[    6.721251][    T1] hub 38-0:1.0: USB hub found
[    6.721765][    T1] hub 38-0:1.0: 8 ports detected
[    6.725552][    T1] vhci_hcd vhci_hcd.15: USB/IP Virtual Host Controller
[    6.726866][    T1] vhci_hcd vhci_hcd.15: new USB bus registered, assigned bus number 39
[    6.727932][    T1] usb usb39: New USB device found, idVendor=1d6b, idProduct=0002, bcdDevice= 5.06
[    6.728645][    T1] usb usb39: New USB device strings: Mfr=3, Product=2, SerialNumber=1
[    6.729272][    T1] usb usb39: Product: USB/IP Virtual Host Controller
[    6.729788][    T1] usb usb39: Manufacturer: Linux 5.6.0-rc5-a8ab3e76297e-00128-ga8ab3e76297e vhci_hcd
[    6.730513][    T1] usb usb39: SerialNumber: vhci_hcd.15
[    6.731960][    T1] hub 39-0:1.0: USB hub found
[    6.732416][    T1] hub 39-0:1.0: 8 ports detected
[    6.735217][    T1] vhci_hcd vhci_hcd.15: USB/IP Virtual Host Controller
[    6.736213][    T1] vhci_hcd vhci_hcd.15: new USB bus registered, assigned bus number 40
[    6.737175][    T1] usb usb40: We don't know the algorithms for LPM for this host, disabling LPM.
[    6.738404][    T1] usb usb40: New USB device found, idVendor=1d6b, idProduct=0003, bcdDevice= 5.06
[    6.739123][    T1] usb usb40: New USB device strings: Mfr=3, Product=2, SerialNumber=1
[    6.739750][    T1] usb usb40: Product: USB/IP Virtual Host Controller
[    6.740268][    T1] usb usb40: Manufacturer: Linux 5.6.0-rc5-a8ab3e76297e-00128-ga8ab3e76297e vhci_hcd
[    6.740995][    T1] usb usb40: SerialNumber: vhci_hcd.15
[    6.742525][    T1] hub 40-0:1.0: USB hub found
[    6.742985][    T1] hub 40-0:1.0: 8 ports detected
[    6.747169][    T1] usbcore: registered new device driver usbip-host
[    6.750521][    T1] i8042: PNP: PS/2 Controller [PNP0303:KBD,PNP0f13:MOU] at 0x60,0x64 irq 1,12
[    6.752414][    T1] serio: i8042 KBD port at 0x60,0x64 irq 1
[    6.753607][    T1] serio: i8042 AUX port at 0x60,0x64 irq 12
[    6.757616][    T1] mousedev: PS/2 mouse device common for all mice
[    6.759739][ T3561] input: AT Translated Set 2 keyboard as /devices/platform/i8042/serio0/input/input1
[    6.763177][    T1] usbcore: registered new interface driver appletouch
[    6.764168][    T1] usbcore: registered new interface driver bcm5974
[    6.767652][    T1] usbcore: registered new interface driver synaptics_usb
[    6.768930][    T1] usbcore: registered new interface driver iforce
[    6.769713][    T1] usbcore: registered new interface driver xpad
[    6.770390][    T1] usbcore: registered new interface driver usb_acecad
[    6.771116][    T1] usbcore: registered new interface driver aiptek
[    6.771812][    T1] usbcore: registered new interface driver hanwang
[    6.775232][    T1] usbcore: registered new interface driver kbtab
[    6.775893][    T1] usbcore: registered new interface driver pegasus_notetaker
[    6.777357][    T1] usbcore: registered new interface driver usbtouchscreen
[    6.778129][    T1] usbcore: registered new interface driver sur40
[    6.778968][    T1] usbcore: registered new interface driver ati_remote2
[    6.779500][    T1] cm109: Keymap for Komunikate KIP1000 phone loaded
[    6.780511][    T1] usbcore: registered new interface driver cm109
[    6.781172][    T1] cm109: CM109 phone driver: 20080805 (C) Alfred E. Heggestad
[    6.782507][    T1] usbcore: registered new interface driver ims_pcu
[    6.783498][    T1] usbcore: registered new interface driver keyspan_remote
[    6.784287][    T1] usbcore: registered new interface driver powermate
[    6.785213][    T1] usbcore: registered new interface driver yealink
[    6.787748][    T1] rtc_cmos 00:05: RTC can wake from S4
[    6.790377][    T1] rtc_cmos 00:05: registered as rtc0
[    6.790792][    T1] rtc_cmos 00:05: alarms up to one day, y3k, 242 bytes nvram, hpet irqs
[    6.792666][    T1] i2c /dev entries driver
[    6.793671][    T1] usbcore: registered new interface driver i2c-diolan-u2c
[    6.796616][    T1] usbcore: registered new interface driver RobotFuzz Open Source InterFace, OSIF
[    6.797481][    T1] usbcore: registered new interface driver i2c-tiny-usb
[    6.800168][    T1] usbcore: registered new interface driver ati_remote
[    6.800933][    T1] usbcore: registered new interface driver imon
[    6.801683][    T1] usbcore: registered new interface driver mceusb
[    6.802396][    T1] usbcore: registered new interface driver redrat3
[    6.803113][    T1] usbcore: registered new interface driver streamzap
[    6.807265][    T1] usbcore: registered new interface driver igorplugusb
[    6.807990][    T1] usbcore: registered new interface driver iguanair
[    6.808661][    T1] usbcore: registered new interface driver ttusbir
[    6.809172][    T1] b2c2-flexcop: B2C2 FlexcopII/II(b)/III digital TV receiver chip loaded successfully
[    6.820206][    T1] vivid-000: using single planar format API
[    6.830814][    T1] vivid-000: CEC adapter cec0 registered for HDMI input 0
[    6.831759][    T1] vivid-000: V4L2 capture device registered as video3
[    6.832590][    T1] vivid-000: CEC adapter cec1 registered for HDMI output 0
[    6.833447][    T1] vivid-000: V4L2 output device registered as video4
[    6.834305][    T1] vivid-000: V4L2 capture device registered as vbi0, supports raw and sliced VBI
[    6.835369][    T1] vivid-000: V4L2 output device registered as vbi1, supports raw and sliced VBI
[    6.837596][    T1] vivid-000: V4L2 capture device registered as swradio0
[    6.838391][    T1] vivid-000: V4L2 receiver device registered as radio0
[    6.839323][    T1] vivid-000: V4L2 transmitter device registered as radio1
[    6.840202][    T1] vivid-000: V4L2 metadata capture device registered as video5
[    6.841608][    T1] vivid-000: V4L2 metadata output device registered as video6
[    6.842691][    T1] vivid-000: V4L2 touch capture device registered as v4l-touch0
[    6.843774][    T1] vivid-001: using multiplanar format API
[    6.852684][    T1] vivid-001: CEC adapter cec2 registered for HDMI input 0
[    6.853555][    T1] vivid-001: V4L2 capture device registered as video7
[    6.854369][    T1] vivid-001: CEC adapter cec3 registered for HDMI output 0
[    6.855233][    T1] vivid-001: V4L2 output device registered as video8
[    6.856045][    T1] vivid-001: V4L2 capture device registered as vbi2, supports raw and sliced VBI
[    6.857182][    T1] vivid-001: V4L2 output device registered as vbi3, supports raw and sliced VBI
[    6.858184][    T1] vivid-001: V4L2 capture device registered as swradio1
[    6.858997][    T1] vivid-001: V4L2 receiver device registered as radio2
[    6.860044][    T1] vivid-001: V4L2 transmitter device registered as radio3
[    6.861552][    T1] vivid-001: V4L2 metadata capture device registered as video9
[    6.862396][    T1] vivid-001: V4L2 metadata output device registered as video10
[    6.863259][    T1] vivid-001: V4L2 touch capture device registered as v4l-touch1
[    6.864141][    T1] vivid-002: using single planar format API
[    6.873743][    T1] vivid-002: CEC adapter cec4 registered for HDMI input 0
[    6.874687][    T1] vivid-002: V4L2 capture device registered as video11
[    6.875573][    T1] vivid-002: CEC adapter cec5 registered for HDMI output 0
[    6.876529][    T1] vivid-002: V4L2 output device registered as video12
[    6.877345][    T1] vivid-002: V4L2 capture device registered as vbi4, supports raw and sliced VBI
[    6.878413][    T1] vivid-002: V4L2 output device registered as vbi5, supports raw and sliced VBI
[    6.879760][    T1] vivid-002: V4L2 capture device registered as swradio2
[    6.880558][    T1] vivid-002: V4L2 receiver device registered as radio4
[    6.881554][    T1] vivid-002: V4L2 transmitter device registered as radio5
[    6.882434][    T1] vivid-002: V4L2 metadata capture device registered as video13
[    6.883314][    T1] vivid-002: V4L2 metadata output device registered as video14
[    6.884327][    T1] vivid-002: V4L2 touch capture device registered as v4l-touch2
[    6.885370][    T1] vivid-003: using multiplanar format API
[    6.893989][    T1] vivid-003: CEC adapter cec6 registered for HDMI input 0
[    6.894862][    T1] vivid-003: V4L2 capture device registered as video15
[    6.895691][    T1] vivid-003: CEC adapter cec7 registered for HDMI output 0
[    6.896967][    T1] vivid-003: V4L2 output device registered as video16
[    6.897798][    T1] vivid-003: V4L2 capture device registered as vbi6, supports raw and sliced VBI
[    6.898927][    T1] vivid-003: V4L2 output device registered as vbi7, supports raw and sliced VBI
[    6.900204][    T1] vivid-003: V4L2 capture device registered as swradio3
[    6.901070][    T1] vivid-003: V4L2 receiver device registered as radio6
[    6.902129][    T1] vivid-003: V4L2 transmitter device registered as radio7
[    6.903284][    T1] vivid-003: V4L2 metadata capture device registered as video17
[    6.904422][    T1] vivid-003: V4L2 metadata output device registered as video18
[    6.905469][    T1] vivid-003: V4L2 touch capture device registered as v4l-touch3
[    6.906490][    T1] vivid-004: using single planar format API
[    6.914940][    T1] vivid-004: CEC adapter cec8 registered for HDMI input 0
[    6.915801][    T1] vivid-004: V4L2 capture device registered as video19
[    6.917043][    T1] vivid-004: CEC adapter cec9 registered for HDMI output 0
[    6.917982][    T1] vivid-004: V4L2 output device registered as video20
[    6.918798][    T1] vivid-004: V4L2 capture device registered as vbi8, supports raw and sliced VBI
[    6.919840][    T1] vivid-004: V4L2 output device registered as vbi9, supports raw and sliced VBI
[    6.921162][    T1] vivid-004: V4L2 capture device registered as swradio4
[    6.921949][    T1] vivid-004: V4L2 receiver device registered as radio8
[    6.922817][    T1] vivid-004: V4L2 transmitter device registered as radio9
[    6.923615][    T1] vivid-004: V4L2 metadata capture device registered as video21
[    6.924545][    T1] vivid-004: V4L2 metadata output device registered as video22
[    6.925468][    T1] vivid-004: V4L2 touch capture device registered as v4l-touch4
[    6.926517][    T1] vivid-005: using multiplanar format API
[    6.935417][    T1] vivid-005: CEC adapter cec10 registered for HDMI input 0
[    6.936791][    T1] vivid-005: V4L2 capture device registered as video23
[    6.937714][    T1] vivid-005: CEC adapter cec11 registered for HDMI output 0
[    6.938670][    T1] vivid-005: V4L2 output device registered as video24
[    6.939576][    T1] vivid-005: V4L2 capture device registered as vbi10, supports raw and sliced VBI
[    6.940951][    T1] vivid-005: V4L2 output device registered as vbi11, supports raw and sliced VBI
[    6.942272][    T1] vivid-005: V4L2 capture device registered as swradio5
[    6.943062][    T1] vivid-005: V4L2 receiver device registered as radio10
[    6.943987][    T1] vivid-005: V4L2 transmitter device registered as radio11
[    6.944784][    T1] vivid-005: V4L2 metadata capture device registered as video25
[    6.945662][    T1] vivid-005: V4L2 metadata output device registered as video26
[    6.947751][    T1] vivid-005: V4L2 touch capture device registered as v4l-touch5
[    6.948873][    T1] vivid-006: using single planar format API
[    6.957579][    T1] vivid-006: CEC adapter cec12 registered for HDMI input 0
[    6.958431][    T1] vivid-006: V4L2 capture device registered as video27
[    6.959257][    T1] vivid-006: CEC adapter cec13 registered for HDMI output 0
[    6.960106][    T1] vivid-006: V4L2 output device registered as video28
[    6.960925][    T1] vivid-006: V4L2 capture device registered as vbi12, supports raw and sliced VBI
[    6.961924][    T1] vivid-006: V4L2 output device registered as vbi13, supports raw and sliced VBI
[    6.962914][    T1] vivid-006: V4L2 capture device registered as swradio6
[    6.964118][    T1] vivid-006: V4L2 receiver device registered as radio12
[    6.966236][    T1] vivid-006: V4L2 transmitter device registered as radio13
[    6.967122][    T1] vivid-006: V4L2 metadata capture device registered as video29
[    6.968022][    T1] vivid-006: V4L2 metadata output device registered as video30
[    6.968987][    T1] vivid-006: V4L2 touch capture device registered as v4l-touch6
[    6.969885][    T1] vivid-007: using multiplanar format API
[    6.979982][    T1] vivid-007: CEC adapter cec14 registered for HDMI input 0
[    6.980843][    T1] vivid-007: V4L2 capture device registered as video31
[    6.981695][    T1] vivid-007: CEC adapter cec15 registered for HDMI output 0
[    6.982557][    T1] vivid-007: V4L2 output device registered as video32
[    6.983384][    T1] vivid-007: V4L2 capture device registered as vbi14, supports raw and sliced VBI
[    6.984445][    T1] vivid-007: V4L2 output device registered as vbi15, supports raw and sliced VBI
[    6.985845][    T1] vivid-007: V4L2 capture device registered as swradio7
[    6.986714][    T1] vivid-007: V4L2 receiver device registered as radio14
[    6.987666][    T1] vivid-007: V4L2 transmitter device registered as radio15
[    6.988606][    T1] vivid-007: V4L2 metadata capture device registered as video33
[    6.989625][    T1] vivid-007: V4L2 metadata output device registered as video34
[    6.990717][    T1] vivid-007: V4L2 touch capture device registered as v4l-touch7
[    6.991760][    T1] vivid-008: using single planar format API
[    7.001803][    T1] vivid-008: CEC adapter cec16 registered for HDMI input 0
[    7.002765][    T1] vivid-008: V4L2 capture device registered as video35
[    7.003673][    T1] vivid-008: CEC adapter cec17 registered for HDMI output 0
[    7.004613][    T1] vivid-008: V4L2 output device registered as video36
[    7.005519][    T1] vivid-008: V4L2 capture device registered as vbi16, supports raw and sliced VBI
[    7.007672][    T1] vivid-008: V4L2 output device registered as vbi17, supports raw and sliced VBI
[    7.008849][    T1] vivid-008: V4L2 capture device registered as swradio8
[    7.009698][    T1] vivid-008: V4L2 receiver device registered as radio16
[    7.010573][    T1] vivid-008: V4L2 transmitter device registered as radio17
