c[?7l[2J[0mSeaBIOS (version rel-1.16.0-0-gd239552ce722-prebuilt.qemu.org)


iPXE (http://ipxe.org) 00:03.0 CA00 PCI2.10 PnP PMM+7FF91000+7FEF1000 CA00
Press Ctrl-B to configure iPXE (PCI 00:03.0)...                                                                               


Booting from ROM..c[?7l[2Jearly console in extract_kernel
input_data: 0x000000000bf3a2c8
input_len: 0x00000000044c6e7a
output: 0x0000000001000000
output_len: 0x000000000e016b28
kernel_total_size: 0x000000000f426000
needed_size: 0x000000000f600000
trampoline_32bit: 0x000000000009d000

Decompressing Linux... Parsing ELF... done.
Booting the kernel.
[    0.000000][    T0] Linux version 5.6.0-rc3-d1c6a769cdf4-00064-gd1c6a769cdf4 (root@xpf.sh.intel.com) (gcc version 8.5.0 20210514 (Red Hat 8.5.0-20) (GCC)) #1 SMP PREEMPT Sun Dec 3 15:21:00 CST 2023
[    0.000000][    T0] Command line: console=ttyS0 root=/dev/sda1 earlyprintk=serial net.ifnames=0 thunderbolt.dyndbg plymouth.enable=0
[    0.000000][    T0] KERNEL supported cpus:
[    0.000000][    T0]   Intel GenuineIntel
[    0.000000][    T0]   AMD AuthenticAMD
[    0.000000][    T0] x86/fpu: Supporting XSAVE feature 0x001: 'x87 floating point registers'
[    0.000000][    T0] x86/fpu: Supporting XSAVE feature 0x002: 'SSE registers'
[    0.000000][    T0] x86/fpu: Supporting XSAVE feature 0x004: 'AVX registers'
[    0.000000][    T0] x86/fpu: Supporting XSAVE feature 0x008: 'MPX bounds registers'
[    0.000000][    T0] x86/fpu: Supporting XSAVE feature 0x010: 'MPX CSR'
[    0.000000][    T0] x86/fpu: Supporting XSAVE feature 0x020: 'AVX-512 opmask'
[    0.000000][    T0] x86/fpu: Supporting XSAVE feature 0x040: 'AVX-512 Hi256'
[    0.000000][    T0] x86/fpu: Supporting XSAVE feature 0x080: 'AVX-512 ZMM_Hi256'
[    0.000000][    T0] x86/fpu: xstate_offset[2]:  576, xstate_sizes[2]:  256
[    0.000000][    T0] x86/fpu: xstate_offset[3]:  832, xstate_sizes[3]:   64
[    0.000000][    T0] x86/fpu: xstate_offset[4]:  896, xstate_sizes[4]:   64
[    0.000000][    T0] x86/fpu: xstate_offset[5]:  960, xstate_sizes[5]:   64
[    0.000000][    T0] x86/fpu: xstate_offset[6]: 1024, xstate_sizes[6]:  512
[    0.000000][    T0] x86/fpu: xstate_offset[7]: 1536, xstate_sizes[7]: 1024
[    0.000000][    T0] x86/fpu: Enabled xstate features 0xff, context size is 2560 bytes, using 'compacted' format.
[    0.000000][    T0] BIOS-provided physical RAM map:
[    0.000000][    T0] BIOS-e820: [mem 0x0000000000000000-0x000000000009fbff] usable
[    0.000000][    T0] BIOS-e820: [mem 0x000000000009fc00-0x000000000009ffff] reserved
[    0.000000][    T0] BIOS-e820: [mem 0x00000000000f0000-0x00000000000fffff] reserved
[    0.000000][    T0] BIOS-e820: [mem 0x0000000000100000-0x000000007ffdffff] usable
[    0.000000][    T0] BIOS-e820: [mem 0x000000007ffe0000-0x000000007fffffff] reserved
[    0.000000][    T0] BIOS-e820: [mem 0x00000000feffc000-0x00000000feffffff] reserved
[    0.000000][    T0] BIOS-e820: [mem 0x00000000fffc0000-0x00000000ffffffff] reserved
[    0.000000][    T0] printk: bootconsole [earlyser0] enabled
[    0.000000][    T0] ERROR: earlyprintk= earlyser already used
[    0.000000][    T0] ERROR: earlyprintk= earlyser already used
[    0.000000][    T0] ERROR: earlyprintk= earlyser already used
[    0.000000][    T0] Malformed early option 'vsyscall'
[    0.000000][    T0] nopcid: PCID feature disabled
[    0.000000][    T0] NX (Execute Disable) protection: active
[    0.000000][    T0] SMBIOS 2.8 present.
[    0.000000][    T0] DMI: QEMU Standard PC (i440FX + PIIX, 1996), BIOS rel-1.16.0-0-gd239552ce722-prebuilt.qemu.org 04/01/2014
[    0.000000][    T0] Hypervisor detected: KVM
[    0.000000][    T0] kvm-clock: Using msrs 4b564d01 and 4b564d00
[    0.000002][    T0] kvm-clock: cpu 0, msr ec3d001, primary cpu clock
[    0.000002][    T0] kvm-clock: using sched offset of 860568765 cycles
[    0.000528][    T0] clocksource: kvm-clock: mask: 0xffffffffffffffff max_cycles: 0x1cd42e4dffb, max_idle_ns: 881590591483 ns
[    0.001985][    T0] tsc: Detected 2999.998 MHz processor
[    0.007329][    T0] last_pfn = 0x7ffe0 max_arch_pfn = 0x400000000
[    0.007927][    T0] x86/PAT: Configuration [0-7]: WB  WC  UC- UC  WB  WP  UC- WT  
[    0.015861][    T0] found SMP MP-table at [mem 0x000f5ba0-0x000f5baf]
[    0.016450][    T0] Using GB pages for direct mapping
[    0.017759][    T0] ACPI: Early table checksum verification disabled
[    0.018493][    T0] ACPI: RSDP 0x00000000000F59C0 000014 (v00 BOCHS )
[    0.019109][    T0] ACPI: RSDT 0x000000007FFE1951 000034 (v01 BOCHS  BXPC     00000001 BXPC 00000001)
[    0.019985][    T0] ACPI: FACP 0x000000007FFE17FD 000074 (v01 BOCHS  BXPC     00000001 BXPC 00000001)
[    0.020828][    T0] ACPI: DSDT 0x000000007FFE0040 0017BD (v01 BOCHS  BXPC     00000001 BXPC 00000001)
[    0.021671][    T0] ACPI: FACS 0x000000007FFE0000 000040
[    0.022150][    T0] ACPI: APIC 0x000000007FFE1871 000080 (v01 BOCHS  BXPC     00000001 BXPC 00000001)
[    0.022918][    T0] ACPI: HPET 0x000000007FFE18F1 000038 (v01 BOCHS  BXPC     00000001 BXPC 00000001)
[    0.023682][    T0] ACPI: WAET 0x000000007FFE1929 000028 (v01 BOCHS  BXPC     00000001 BXPC 00000001)
[    0.025216][    T0] No NUMA configuration found
[    0.025591][    T0] Faking a node at [mem 0x0000000000000000-0x000000007ffdffff]
[    0.026203][    T0] Faking node 0 at [mem 0x0000000000000000-0x000000003fffffff] (1024MB)
[    0.026878][    T0] Faking node 1 at [mem 0x0000000040000000-0x000000007ffdffff] (1023MB)
[    0.027852][    T0] NODE_DATA(0) allocated [mem 0x3fffb000-0x3fffffff]
[    0.028535][    T0] NODE_DATA(1) allocated [mem 0x7ffda000-0x7ffdefff]
[    0.032591][    T0] Zone ranges:
[    0.032908][    T0]   DMA      [mem 0x0000000000001000-0x0000000000ffffff]
[    0.033478][    T0]   DMA32    [mem 0x0000000001000000-0x000000007ffdffff]
[    0.034046][    T0]   Normal   empty
[    0.034343][    T0]   Device   empty
[    0.034638][    T0] Movable zone start for each node
[    0.035047][    T0] Early memory node ranges
[    0.035399][    T0]   node   0: [mem 0x0000000000001000-0x000000000009efff]
[    0.035979][    T0]   node   0: [mem 0x0000000000100000-0x000000003fffffff]
[    0.036553][    T0]   node   1: [mem 0x0000000040000000-0x000000007ffdffff]
[    0.037135][    T0] Zeroed struct page in unavailable ranges: 130 pages
[    0.037139][    T0] Initmem setup node 0 [mem 0x0000000000001000-0x000000003fffffff]
[    0.048797][    T0] Initmem setup node 1 [mem 0x0000000040000000-0x000000007ffdffff]
[    0.093926][    T0] kasan: KernelAddressSanitizer initialized
[    0.094797][    T0] ACPI: PM-Timer IO Port: 0x608
[    0.095255][    T0] ACPI: LAPIC_NMI (acpi_id[0xff] dfl dfl lint[0x1])
[    0.095904][    T0] IOAPIC[0]: apic_id 0, version 17, address 0xfec00000, GSI 0-23
[    0.096604][    T0] ACPI: INT_SRC_OVR (bus 0 bus_irq 0 global_irq 2 dfl dfl)
[    0.097249][    T0] ACPI: INT_SRC_OVR (bus 0 bus_irq 5 global_irq 5 high level)
[    0.097919][    T0] ACPI: INT_SRC_OVR (bus 0 bus_irq 9 global_irq 9 high level)
[    0.098589][    T0] ACPI: INT_SRC_OVR (bus 0 bus_irq 10 global_irq 10 high level)
[    0.099272][    T0] ACPI: INT_SRC_OVR (bus 0 bus_irq 11 global_irq 11 high level)
[    0.099975][    T0] Using ACPI (MADT) for SMP configuration information
[    0.100584][    T0] ACPI: HPET id: 0x8086a201 base: 0xfed00000
[    0.101123][    T0] smpboot: Allowing 2 CPUs, 0 hotplug CPUs
[    0.101665][    T0] KVM setup pv sched yield
[    0.102093][    T0] PM: hibernation: Registered nosave memory: [mem 0x00000000-0x00000fff]
[    0.102851][    T0] PM: hibernation: Registered nosave memory: [mem 0x0009f000-0x0009ffff]
[    0.103600][    T0] PM: hibernation: Registered nosave memory: [mem 0x000a0000-0x000effff]
[    0.104353][    T0] PM: hibernation: Registered nosave memory: [mem 0x000f0000-0x000fffff]
[    0.105112][    T0] [mem 0x80000000-0xfeffbfff] available for PCI devices
[    0.105733][    T0] Booting paravirtualized kernel on KVM
[    0.106249][    T0] clocksource: refined-jiffies: mask: 0xffffffff max_cycles: 0xffffffff, max_idle_ns: 19112604462750000 ns
[    0.150235][    T0] setup_percpu: NR_CPUS:8 nr_cpumask_bits:8 nr_cpu_ids:2 nr_node_ids:2
[    0.151541][    T0] percpu: Embedded 65 pages/cpu s227592 r8192 d30456 u2097152
[    0.152283][    T0] KVM setup async PF for cpu 0
[    0.152677][    T0] kvm-stealtime: cpu 0, msr 2ce21a80
[    0.153127][    T0] PV qspinlock hash table entries: 256 (order: 0, 4096 bytes, linear)
[    0.153814][    T0] Built 2 zonelists, mobility grouping on.  Total pages: 515945
[    0.154439][    T0] Policy zone: DMA32
[    0.154767][    T0] Kernel command line: earlyprintk=serial net.ifnames=0 sysctl.kernel.hung_task_all_cpu_backtrace=1 ima_policy=tcb nf-conntrack-ftp.ports=20000 nf-conntrack-tftp.ports=20000 nf-conntrack-sip.ports=20000 nf-conntrack-irc.ports=20000 nf-conntrack-sane.ports=20000 binder.debug_mask=0 rcupdate.rcu_expedited=1 rcupdate.rcu_cpu_stall_cputime=1 no_hash_pointers page_owner=on sysctl.vm.nr_hugepages=4 sysctl.vm.nr_overcommit_hugepages=4 secretmem.enable=1 sysctl.max_rcu_stall_to_panic=1 msr.allow_writes=off coredump_filter=0xffff root=/dev/sda console=ttyS0 vsyscall=native numa=fake=2 kvm-intel.nested=1 spec_store_bypass_disable=prctl nopcid vivid.n_devs=16 vivid.multiplanar=1,2,1,2,1,2,1,2,1,2,1,2,1,2,1,2 netrom.nr_ndevs=16 rose.rose_ndevs=16 smp.csd_lock_timeout=100000 watchdog_thresh=55 workqueue.watchdog_thresh=140 sysctl.net.core.netdev_unregister_timeout_secs=140 dummy_hcd.num=8 panic_on_warn=1 console=ttyS0 root=/dev/sda1 earlyprintk=serial net.ifnames=0 thunderb
[    0.158073][    T0] mem auto-init: stack:off, heap alloc:on, heap free:off
[    0.274798][    T0] Memory: 1519572K/2096632K available (133130K kernel code, 40605K rwdata, 27192K rodata, 2588K init, 24488K bss, 577060K reserved, 0K cma-reserved)
[    0.276657][    T0] SLUB: HWalign=64, Order=0-3, MinObjects=0, CPUs=2, Nodes=2
[    0.278808][    T0] Running RCU self tests
[    0.279166][    T0] rcu: Preemptible hierarchical RCU implementation.
[    0.279684][    T0] rcu: 	RCU lockdep checking is enabled.
[    0.280130][    T0] rcu: 	RCU restricting CPUs from NR_CPUS=8 to nr_cpu_ids=2.
[    0.280716][    T0] rcu: 	RCU callback double-/use-after-free debug enabled.
[    0.281282][    T0] rcu: 	RCU debug extended QS entry/exit.
[    0.281734][    T0] 	All grace periods are expedited (rcu_expedited).
[    0.282248][    T0] 	Tasks RCU enabled.
[    0.282565][    T0] rcu: RCU calculated value of scheduler-enlistment delay is 10 jiffies.
[    0.283231][    T0] rcu: Adjusting geometry for rcu_fanout_leaf=16, nr_cpu_ids=2
[    0.287898][    T0] NR_IRQS: 4352, nr_irqs: 440, preallocated irqs: 16
[    0.289211][    T0] random: get_random_bytes called from start_kernel+0x521/0x85a with crng_init=0
[    0.294011][    T0] Console: colour VGA+ 80x25
[    0.295245][    T0] printk: console [ttyS0] enabled
[    0.295245][    T0] printk: console [ttyS0] enabled
[    0.296117][    T0] printk: bootconsole [earlyser0] disabled
[    0.296117][    T0] printk: bootconsole [earlyser0] disabled
[    0.297069][    T0] Lock dependency validator: Copyright (c) 2006 Red Hat, Inc., Ingo Molnar
[    0.297760][    T0] ... MAX_LOCKDEP_SUBCLASSES:  8
[    0.298158][    T0] ... MAX_LOCK_DEPTH:          48
[    0.298560][    T0] ... MAX_LOCKDEP_KEYS:        8192
[    0.298973][    T0] ... CLASSHASH_SIZE:          4096
[    0.299391][    T0] ... MAX_LOCKDEP_ENTRIES:     32768
[    0.299816][    T0] ... MAX_LOCKDEP_CHAINS:      65536
[    0.300241][    T0] ... CHAINHASH_SIZE:          32768
[    0.300666][    T0]  memory used by lock dependency info: 6237 kB
[    0.301169][    T0]  memory used for stack traces: 4224 kB
[    0.301618][    T0]  per task-struct memory footprint: 1920 bytes
[    0.302201][    T0] mempolicy: Enabling automatic NUMA balancing. Configure with numa_balancing= or the kernel.numa_balancing sysctl
[    0.303246][    T0] ACPI: Core revision 20200110
[    0.304400][    T0] clocksource: hpet: mask: 0xffffffff max_cycles: 0xffffffff, max_idle_ns: 19112604467 ns
[    0.305557][    T0] APIC: Switch to symmetric I/O mode setup
[    0.306266][    T0] x2apic enabled
[    0.306771][    T0] Switched APIC routing to physical x2apic.
[    0.307296][    T0] KVM setup pv IPIs
[    0.308643][    T0] ..TIMER: vector=0x30 apic1=0 pin1=2 apic2=-1 pin2=-1
[    0.309217][    T0] clocksource: tsc-early: mask: 0xffffffffffffffff max_cycles: 0x2b3e43c8763, max_idle_ns: 440795360101 ns
[    0.310149][    T0] Calibrating delay loop (skipped) preset value.. 5999.99 BogoMIPS (lpj=29999980)
[    0.310889][    T0] pid_max: default: 32768 minimum: 301
[    0.311493][    T0] LSM: Security Framework initializing
[    0.311976][    T0] Yama: becoming mindful.
[    0.312388][    T0] TOMOYO Linux initialized
[    0.312936][    T0] AppArmor: AppArmor initialized
[    0.314123][    T0] Dentry cache hash table entries: 262144 (order: 9, 2097152 bytes, vmalloc)
[    0.315176][    T0] Inode-cache hash table entries: 131072 (order: 8, 1048576 bytes, vmalloc)
[    0.320224][    T0] Mount-cache hash table entries: 4096 (order: 3, 32768 bytes, vmalloc)
[    0.320913][    T0] Mountpoint-cache hash table entries: 4096 (order: 3, 32768 bytes, vmalloc)
[    0.321721][    T0] *** VALIDATE tmpfs ***
[    0.323097][    T0] *** VALIDATE proc ***
[    0.323976][    T0] *** VALIDATE cgroup ***
[    0.324336][    T0] *** VALIDATE cgroup2 ***
[    0.324885][    T0] x86/cpu: User Mode Instruction Prevention (UMIP) activated
[    0.325587][    T0] Last level iTLB entries: 4KB 0, 2MB 0, 4MB 0
[    0.326091][    T0] Last level dTLB entries: 4KB 0, 2MB 0, 4MB 0, 1GB 0
[    0.326660][    T0] Spectre V1 : Mitigation: usercopy/swapgs barriers and __user pointer sanitization
[    0.327444][    T0] Spectre V2 : Mitigation: Enhanced IBRS
[    0.327871][    T0] Spectre V2 : Spectre v2 / SpectreRSB mitigation: Filling RSB on context switch
[    0.328571][    T0] Spectre V2 : mitigation: Enabling conditional Indirect Branch Prediction Barrier
[    0.329298][    T0] Speculative Store Bypass: Mitigation: Speculative Store Bypass disabled via prctl
[    0.330175][    T0] TAA: Mitigation: Clear CPU buffers
[    0.331483][    T0] Freeing SMP alternatives memory: 100K
[    0.332572][    T1] smpboot: CPU0: Intel(R) Core(TM) i9-10980XE CPU @ 3.00GHz (family: 0x6, model: 0x55, stepping: 0x7)
[    0.400194][    T1] Performance Events: Skylake events, full-width counters, Intel PMU driver.
[    0.400933][    T1] ... version:                2
[    0.401301][    T1] ... bit width:              48
[    0.401673][    T1] ... generic registers:      4
[    0.402043][    T1] ... value mask:             0000ffffffffffff
[    0.402508][    T1] ... max period:             00007fffffffffff
[    0.402976][    T1] ... fixed-purpose events:   3
[    0.403342][    T1] ... event mask:             000000070000000f
[    0.420171][    T1] rcu: Hierarchical SRCU implementation.
[    0.470165][    T1] smp: Bringing up secondary CPUs ...
[    0.550311][    T1] x86: Booting SMP configuration:
[    0.550737][    T1] .... node  #1, CPUs:      #1
[    0.021077][    T0] kvm-clock: cpu 1, msr ec3d041, secondary cpu clock
[    0.552132][   T15] KVM setup async PF for cpu 1
[    0.552132][   T15] kvm-stealtime: cpu 1, msr 7ec21a80
[    0.552132][    T1] smp: Brought up 2 nodes, 2 CPUs
[    0.552132][    T1] smpboot: Max logical packages: 1
[    0.552132][    T1] smpboot: Total of 2 processors activated (11999.99 BogoMIPS)
[    0.554682][    T1] allocated 12582912 bytes of page_ext
[    0.555245][    T1] Node 0, zone      DMA: page owner found early allocated 0 pages
[    0.562120][    T1] Node 0, zone    DMA32: page owner found early allocated 2685 pages
[    0.563327][    T1] Node 1, zone    DMA32: page owner found early allocated 2612 pages
[    0.564699][    T1] devtmpfs: initialized
[    0.564699][    T1] x86/mm: Memory block size: 128MB
[    0.583772][    T1] clocksource: jiffies: mask: 0xffffffff max_cycles: 0xffffffff, max_idle_ns: 19112604462750000 ns
[    0.584676][    T1] futex hash table entries: 512 (order: 4, 65536 bytes, vmalloc)
[    0.585709][    T1] xor: automatically using best checksumming function   avx       
[    0.587103][   T24] kworker/u5:0 (24) used greatest stack depth: 27480 bytes left
[    0.589059][    T1] PM: RTC time: 07:29:13, date: 2023-12-03
[    0.590203][    T1] thermal_sys: Registered thermal governor 'step_wise'
[    0.590205][    T1] thermal_sys: Registered thermal governor 'user_space'
[    0.592204][    T1] NET: Registered protocol family 16
[    0.596273][    T1] audit: initializing netlink subsys (disabled)
[    0.597095][   T31] kworker/u5:1 (31) used greatest stack depth: 27064 bytes left
[    0.598437][   T34] audit: type=2000 audit(1701588553.661:1): state=initialized audit_enabled=0 res=1
[    0.601583][    T1] cpuidle: using governor menu
[    0.604468][    T1] KVM setup pv remote TLB flush
[    0.604864][    T1] ACPI: bus type PCI registered
[    0.608137][    T1] dca service started, version 1.12.1
[    0.608773][    T1] PCI: Using configuration type 1 for base access
[    0.932219][ T1238] kworker/u6:2 (1238) used greatest stack depth: 26664 bytes left
[    1.004812][    T1] HugeTLB registered 1.00 GiB page size, pre-allocated 0 pages
[    1.004812][    T1] HugeTLB registered 2.00 MiB page size, pre-allocated 0 pages
[    1.015900][    T1] cryptd: max_cpu_qlen set to 1000
[    1.044363][    T1] raid6: skip pq benchmark and using algorithm avx512x4
[    1.045083][    T1] raid6: using avx512x2 recovery algorithm
[    1.051233][    T1] ACPI: Added _OSI(Module Device)
[    1.051738][    T1] ACPI: Added _OSI(Processor Device)
[    1.052255][    T1] ACPI: Added _OSI(3.0 _SCP Extensions)
[    1.052797][    T1] ACPI: Added _OSI(Processor Aggregator Device)
[    1.053419][    T1] ACPI: Added _OSI(Linux-Dell-Video)
[    1.053949][    T1] ACPI: Added _OSI(Linux-Lenovo-NV-HDMI-Audio)
[    1.054554][    T1] ACPI: Added _OSI(Linux-HPI-Hybrid-Graphics)
[    1.075381][    T1] ACPI: 1 ACPI AML tables successfully acquired and loaded
[    1.113498][    T1] ACPI: Interpreter enabled
[    1.114181][    T1] ACPI: (supports S0 S3 S4 S5)
[    1.114716][    T1] ACPI: Using IOAPIC for interrupt routing
[    1.115598][    T1] PCI: Using host bridge windows from ACPI; if necessary, use "pci=nocrs" and report a bug
[    1.118271][    T1] ACPI: Enabled 2 GPEs in block 00 to 0F
[    1.170803][    T1] ACPI: PCI Root Bridge [PCI0] (domain 0000 [bus 00-ff])
[    1.171446][    T1] acpi PNP0A03:00: _OSC: OS supports [ASPM ClockPM Segments MSI HPX-Type3]
[    1.172479][    T1] acpi PNP0A03:00: fail to add MMCONFIG information, can't access extended PCI configuration space under this bridge.
[    1.174473][    T1] PCI host bridge to bus 0000:00
[    1.174961][    T1] pci_bus 0000:00: Unknown NUMA node; performance will be reduced
[    1.175692][    T1] pci_bus 0000:00: root bus resource [io  0x0000-0x0cf7 window]
[    1.176416][    T1] pci_bus 0000:00: root bus resource [io  0x0d00-0xffff window]
[    1.177088][    T1] pci_bus 0000:00: root bus resource [mem 0x000a0000-0x000bffff window]
[    1.180155][    T1] pci_bus 0000:00: root bus resource [mem 0x80000000-0xfebfffff window]
[    1.180155][    T1] pci_bus 0000:00: root bus resource [mem 0x100000000-0x17fffffff window]
[    1.180155][    T1] pci_bus 0000:00: root bus resource [bus 00-ff]
[    1.180530][    T1] pci 0000:00:00.0: [8086:1237] type 00 class 0x060000
[    1.185478][    T1] pci 0000:00:01.0: [8086:7000] type 00 class 0x060100
[    1.191230][    T1] pci 0000:00:01.1: [8086:7010] type 00 class 0x010180
[    1.193377][    T1] pci 0000:00:01.1: reg 0x20: [io  0xc040-0xc04f]
[    1.194593][    T1] pci 0000:00:01.1: legacy IDE quirk: reg 0x10: [io  0x01f0-0x01f7]
[    1.195377][    T1] pci 0000:00:01.1: legacy IDE quirk: reg 0x14: [io  0x03f6]
[    1.196104][    T1] pci 0000:00:01.1: legacy IDE quirk: reg 0x18: [io  0x0170-0x0177]
[    1.196884][    T1] pci 0000:00:01.1: legacy IDE quirk: reg 0x1c: [io  0x0376]
[    1.199202][    T1] pci 0000:00:01.3: [8086:7113] type 00 class 0x068000
[    1.200559][    T1] pci 0000:00:01.3: quirk: [io  0x0600-0x063f] claimed by PIIX4 ACPI
[    1.201369][    T1] pci 0000:00:01.3: quirk: [io  0x0700-0x070f] claimed by PIIX4 SMB
[    1.204653][    T1] pci 0000:00:02.0: [1234:1111] type 00 class 0x030000
[    1.206486][    T1] pci 0000:00:02.0: reg 0x10: [mem 0xfd000000-0xfdffffff pref]
[    1.208299][    T1] pci 0000:00:02.0: reg 0x18: [mem 0xfebf0000-0xfebf0fff]
[    1.211621][    T1] pci 0000:00:02.0: reg 0x30: [mem 0xfebe0000-0xfebeffff pref]
[    1.215984][    T1] pci 0000:00:03.0: [8086:100e] type 00 class 0x020000
[    1.217010][    T1] pci 0000:00:03.0: reg 0x10: [mem 0xfebc0000-0xfebdffff]
[    1.217950][    T1] pci 0000:00:03.0: reg 0x14: [io  0xc000-0xc03f]
[    1.220842][    T1] pci 0000:00:03.0: reg 0x30: [mem 0xfeb80000-0xfebbffff pref]
[    1.229876][    T1] ACPI: PCI Interrupt Link [LNKA] (IRQs 5 *10 11)
[    1.233348][    T1] ACPI: PCI Interrupt Link [LNKB] (IRQs 5 *10 11)
[    1.235172][    T1] ACPI: PCI Interrupt Link [LNKC] (IRQs 5 10 *11)
[    1.236912][    T1] ACPI: PCI Interrupt Link [LNKD] (IRQs 5 10 *11)
[    1.237971][    T1] ACPI: PCI Interrupt Link [LNKS] (IRQs *9)
[    1.243191][    T1] iommu: Default domain type: Translated 
[    1.244273][    T1] pci 0000:00:02.0: vgaarb: setting as boot VGA device
[    1.244818][    T1] pci 0000:00:02.0: vgaarb: VGA device added: decodes=io+mem,owns=io+mem,locks=none
[    1.245528][    T1] pci 0000:00:02.0: vgaarb: bridge control possible
[    1.246028][    T1] vgaarb: loaded
[    1.249511][    T1] SCSI subsystem initialized
[    1.251575][    T1] ACPI: bus type USB registered
[    1.252364][    T1] usbcore: registered new interface driver usbfs
[    1.253064][    T1] usbcore: registered new interface driver hub
[    1.253719][    T1] usbcore: registered new device driver usb
[    1.255717][    T1] mc: Linux media interface: v0.10
[    1.256281][    T1] videodev: Linux video capture interface: v2.00
[    1.261854][    T1] pps_core: LinuxPPS API ver. 1 registered
[    1.262298][    T1] pps_core: Software ver. 5.3.6 - Copyright 2005-2007 Rodolfo Giometti <giometti@linux.it>
[    1.263529][    T1] PTP clock support registered
[    1.264918][    T1] EDAC MC: Ver: 3.0.0
[    1.267475][    T1] Advanced Linux Sound Architecture Driver Initialized.
[    1.268344][    T1] PCI: Using ACPI for IRQ routing
[    1.271527][    T1] Bluetooth: Core ver 2.22
[    1.273929][    T1] NET: Registered protocol family 31
[    1.274340][    T1] Bluetooth: HCI device and connection manager initialized
[    1.274915][    T1] Bluetooth: HCI socket layer initialized
[    1.275357][    T1] Bluetooth: L2CAP socket layer initialized
[    1.275836][    T1] Bluetooth: SCO socket layer initialized
[    1.276294][    T1] NET: Registered protocol family 8
[    1.276691][    T1] NET: Registered protocol family 20
[    1.277270][    T1] NetLabel: Initializing
[    1.277600][    T1] NetLabel:  domain hash size = 128
[    1.277995][    T1] NetLabel:  protocols = UNLABELED CIPSOv4 CALIPSO
[    1.278683][    T1] NetLabel:  unlabeled traffic allowed by default
[    1.279958][    T1] nfc: nfc_init: NFC Core ver 0.1
[    1.281503][    T1] NET: Registered protocol family 39
[    1.284716][    T1] hpet0: at MMIO 0xfed00000, IRQs 2, 8, 0
[    1.285161][    T1] hpet0: 3 comparators, 64-bit 100.000000 MHz counter
[    1.290143][    T1] clocksource: Switched to clocksource kvm-clock
[    2.740437][    T1] *** VALIDATE bpf ***
[    2.741572][    T1] VFS: Disk quotas dquot_6.6.0
[    2.742024][    T1] VFS: Dquot-cache hash table entries: 512 (order 0, 4096 bytes)
[    2.743021][    T1] FS-Cache: Loaded
[    2.743313][    T1] *** VALIDATE ramfs ***
[    2.743653][    T1] *** VALIDATE hugetlbfs ***
[    2.744723][    T1] CacheFiles: Loaded
[    2.745253][    T1] TOMOYO: 2.6.0
[    2.745528][    T1] Mandatory Access Control activated.
[    2.746814][    T1] AppArmor: AppArmor Filesystem Enabled
[    2.747578][    T1] pnp: PnP ACPI init
[    2.752792][    T1] pnp: PnP ACPI: found 6 devices
[    2.791378][    T1] clocksource: acpi_pm: mask: 0xffffff max_cycles: 0xffffff, max_idle_ns: 2085701024 ns
[    2.792461][    T1] pci_bus 0000:00: resource 4 [io  0x0000-0x0cf7 window]
[    2.793013][    T1] pci_bus 0000:00: resource 5 [io  0x0d00-0xffff window]
[    2.793552][    T1] pci_bus 0000:00: resource 6 [mem 0x000a0000-0x000bffff window]
[    2.794139][    T1] pci_bus 0000:00: resource 7 [mem 0x80000000-0xfebfffff window]
[    2.794727][    T1] pci_bus 0000:00: resource 8 [mem 0x100000000-0x17fffffff window]
[    2.795881][    T1] NET: Registered protocol family 2
[    2.797692][    T1] tcp_listen_portaddr_hash hash table entries: 1024 (order: 4, 73728 bytes, vmalloc)
[    2.798591][    T1] TCP established hash table entries: 16384 (order: 5, 131072 bytes, vmalloc)
[    2.800591][    T1] TCP bind hash table entries: 16384 (order: 8, 1048576 bytes, vmalloc)
[    2.801900][    T1] TCP: Hash tables configured (established 16384 bind 16384)
[    2.803122][    T1] UDP hash table entries: 1024 (order: 5, 163840 bytes, vmalloc)
[    2.803998][    T1] UDP-Lite hash table entries: 1024 (order: 5, 163840 bytes, vmalloc)
[    2.805026][    T1] NET: Registered protocol family 1
[    2.806325][    T1] RPC: Registered named UNIX socket transport module.
[    2.806916][    T1] RPC: Registered udp transport module.
[    2.807379][    T1] RPC: Registered tcp transport module.
[    2.807843][    T1] RPC: Registered tcp NFSv4.1 backchannel transport module.
[    2.809321][    T1] NET: Registered protocol family 44
[    2.809767][    T1] pci 0000:00:01.0: PIIX3: Enabling Passive Release
[    2.810394][    T1] pci 0000:00:00.0: Limiting direct PCI/PCI transfers
[    2.810927][    T1] pci 0000:00:01.0: Activating ISA DMA hang workarounds
[    2.811522][    T1] pci 0000:00:02.0: Video device with shadowed ROM at [mem 0x000c0000-0x000dffff]
[    2.812237][    T1] PCI: CLS 0 bytes, default 64
[    2.817946][    T1] RAPL PMU: API unit is 2^-32 Joules, 0 fixed counters, 10737418240 ms ovfl timer
[    2.818659][    T1] kvm: no hardware support
[    2.819001][    T1] has_svm: not amd or hygon
[    2.819343][    T1] kvm: no hardware support
[    2.819685][    T1] clocksource: tsc: mask: 0xffffffffffffffff max_cycles: 0x2b3e43c8763, max_idle_ns: 440795360101 ns
[    2.888674][    T1] Initialise system trusted keyrings
[    2.893547][    T1] workingset: timestamp_bits=40 max_order=19 bucket_order=0
[    2.951779][    T1] DLM installed
[    2.957429][    T1] squashfs: version 4.0 (2009/01/31) Phillip Lougher
[    2.968427][    T1] FS-Cache: Netfs 'nfs' registered for caching
[    2.971051][    T1] *** VALIDATE nfs ***
[    2.971433][    T1] *** VALIDATE nfs4 ***
[    2.971869][    T1] NFS: Registering the id_resolver key type
[    2.972406][    T1] Key type id_resolver registered
[    2.972870][    T1] Key type id_legacy registered
[    2.973295][    T1] nfs4filelayout_init: NFSv4 File Layout Driver Registering...
[    2.973973][    T1] Installing knfsd (copyright (C) 1996 okir@monad.swb.de).
[    2.981316][    T1] FS-Cache: Netfs 'cifs' registered for caching
[    2.984093][    T1] Key type cifs.spnego registered
[    2.984574][    T1] Key type cifs.idmap registered
[    2.985468][    T1] ntfs: driver 2.1.32 [Flags: R/W].
[    2.987747][    T1] efs: 1.0a - http://aeschi.ch.eu.org/efs/
[    2.988485][    T1] jffs2: version 2.2. (NAND) (SUMMARY)  Â© 2001-2006 Red Hat, Inc.
[    2.993312][    T1] *** VALIDATE jffs2 ***
[    2.995486][    T1] romfs: ROMFS MTD (C) 2007 Red Hat, Inc.
[    2.996418][    T1] QNX4 filesystem 0.2.3 registered.
[    2.997102][    T1] qnx6: QNX6 filesystem 1.0.0 registered.
[    2.998124][    T1] fuse: init (API version 7.31)
[    2.998786][    T1] *** VALIDATE fuseblk ***
[    2.999129][    T1] *** VALIDATE fuse ***
[    3.001983][    T1] orangefs_debugfs_init: called with debug mask: :none: :0:
[    3.002775][    T1] orangefs_init: module version upstream loaded
[    3.005909][    T1] JFS: nTxBlock = 8192, nTxLock = 65536
[    3.014356][    T1] SGI XFS with ACLs, security attributes, realtime, quota, no debug enabled
[    3.024416][    T1] *** VALIDATE xfs ***
[    3.024752][    T1] 9p: Installing v9fs 9p2000 file system support
[    3.025508][    T1] FS-Cache: Netfs '9p' registered for caching
[    3.028198][    T1] NILFS version 2 loaded
[    3.028539][    T1] befs: version: 0.9.3
[    3.030957][    T1] ocfs2: Registered cluster interface o2cb
[    3.031701][    T1] ocfs2: Registered cluster interface user
[    3.033319][    T1] OCFS2 User DLM kernel interface loaded
[    3.040419][    T1] *** VALIDATE gfs2 ***
[    3.041403][    T1] gfs2: GFS2 installed
[    3.051276][    T1] FS-Cache: Netfs 'ceph' registered for caching
[    3.051772][    T1] ceph: loaded (mds proto 32)
[    3.058075][    T1] NET: Registered protocol family 38
[    3.058861][    T1] async_tx: api initialized (async)
[    3.059271][    T1] Key type asymmetric registered
[    3.059670][    T1] Asymmetric key parser 'x509' registered
[    3.060117][    T1] Asymmetric key parser 'pkcs8' registered
[    3.062209][    T1] Key type pkcs7_test registered
[    3.062960][    T1] Block layer SCSI generic (bsg) driver version 0.4 loaded (major 241)
[    3.063831][    T1] io scheduler mq-deadline registered
[    3.064245][    T1] io scheduler kyber registered
[    3.065210][    T1] io scheduler bfq registered
[    3.069966][    T1] vga16fb: mapped to 0x000000001acfd993
[    3.538271][    T1] Console: switching to colour frame buffer device 80x30
[    3.794115][    T1] fb0: VGA16 VGA frame buffer device
[    3.795519][    T1] input: Power Button as /devices/LNXSYSTM:00/LNXPWRBN:00/input/input0
[    3.800901][    T1] ACPI: Power Button [PWRF]
[    3.805037][    T1] ioatdma: Intel(R) QuickData Technology Driver 5.00
[    3.974968][    T1] HDLC line discipline maxframe=4096
[    3.975413][    T1] N_HDLC line discipline registered.
[    3.975854][    T1] Serial: 8250/16550 driver, 4 ports, IRQ sharing enabled
[    3.976778][    T1] 00:04: ttyS0 at I/O 0x3f8 (irq = 4, base_baud = 115200) is a 16550A
[    3.984111][    T1] Initializing Nozomi driver 2.1d
[    3.986505][    T1] Non-volatile memory driver v1.3
[    3.987345][    T1] Linux agpgart interface v0.103
[    4.000404][    T1] [drm] Initialized vgem 1.0.0 20120112 for vgem on minor 0
[    4.001265][    T1] [drm] Supports vblank timestamp caching Rev 2 (21.10.2013).
[    4.001866][    T1] [drm] Driver supports precise vblank timestamp query.
[    4.004029][    T1] [drm] Initialized vkms 1.0.0 20180514 for vkms on minor 1
[    4.004814][    T1] usbcore: registered new interface driver udl
[    4.005415][    T1] fb0: switching to bochsdrmfb from VGA16 VGA
[    4.155235][    T1] Console: switching to colour VGA+ 80x25
[    4.158405][    T1] bochs-drm 0000:00:02.0: vgaarb: deactivate vga console
[    4.164377][    T1] Console: switching to colour dummy device 80x25
[    4.167248][    T1] [drm] Found bochs VGA, ID 0xb0c5.
[    4.167660][    T1] [drm] Framebuffer size 16384 kB @ 0xfd000000, mmio @ 0xfebf0000.
[    4.169036][    T1] [TTM] Zone  kernel: Available graphics memory: 759836 KiB
[    4.169892][    T1] [TTM] Initializing pool allocator
[    4.170547][    T1] [TTM] Initializing DMA pool allocator
[    4.172314][    T1] [drm] Found EDID data blob.
[    4.174066][    T1] [drm] Initialized bochs-drm 1.0.0 20130925 for 0000:00:02.0 on minor 2
[    4.181044][    T1] fbcon: bochs-drmdrmfb (fb0) is primary device
[    4.201380][    T1] Console: switching to colour frame buffer device 160x50
[    4.216254][    T1] bochs-drm 0000:00:02.0: fb0: bochs-drmdrmfb frame buffer device
[    4.243212][    T1] brd: module loaded
[    4.279858][    T1] loop: module loaded
[    4.355838][    T1] zram: Added device: zram0
[    4.359476][    T1] null_blk: module loaded
[    4.360123][    T1] Guest personality initialized and is inactive
[    4.361339][    T1] VMCI host device registered (name=vmci, major=10, minor=56)
[    4.361972][    T1] Initialized host personality
[    4.363417][    T1] usbcore: registered new interface driver rtsx_usb
[    4.365237][    T1] usbcore: registered new interface driver viperboard
[    4.366152][    T1] usbcore: registered new interface driver dln2
[    4.367038][    T1] usbcore: registered new interface driver pn533_usb
[    4.369801][    T1] nfcsim 0.2 initialized
[    4.370431][    T1] usbcore: registered new interface driver port100
[    4.371198][    T1] usbcore: registered new interface driver nfcmrvl
[    4.374534][    T1] Loading iSCSI transport class v2.0-870.
[    4.379163][    T1] st: Version 20160209, fixed bufsize 32768, s/g segs 256
[    4.398965][    T1] scsi host0: ata_piix
[    4.402289][    T1] scsi host1: ata_piix
[    4.403221][    T1] ata1: PATA max MWDMA2 cmd 0x1f0 ctl 0x3f6 bmdma 0xc040 irq 14
[    4.403873][    T1] ata2: PATA max MWDMA2 cmd 0x170 ctl 0x376 bmdma 0xc048 irq 15
[    4.411840][    T1] Rounding down aligned max_sectors from 4294967295 to 4294967288
[    4.413673][    T1] db_root: cannot open: /etc/target
[    4.414574][    T1] slram: not enough parameters.
[    4.417232][    T1] ftl_cs: FTL header not found.
[    4.432590][    T1] Ethernet Channel Bonding Driver: v3.7.1 (April 27, 2011)
[    4.441914][    T1] wireguard: WireGuard 1.0.0 loaded. See www.wireguard.com for information.
[    4.442700][    T1] wireguard: Copyright (C) 2015-2019 Jason A. Donenfeld <Jason@zx2c4.com>. All Rights Reserved.
[    4.443567][    T1] eql: Equalizer2002: Simon Janes (simon@ncm.com) and David S. Miller (davem@redhat.com)
[    4.453599][    T1] MACsec IEEE 802.1AE
[    4.455621][    T1] libphy: Fixed MDIO Bus: probed
[    4.459546][    T1] tun: Universal TUN/TAP device driver, 1.6
[    4.464629][    T1] vcan: Virtual CAN interface driver
[    4.465098][    T1] vxcan: Virtual CAN Tunnel driver
[    4.465535][    T1] slcan: serial line CAN interface driver
[    4.466027][    T1] slcan: 10 dynamic interface channels.
[    4.466504][    T1] CAN device driver interface
[    4.467123][    T1] usbcore: registered new interface driver usb_8dev
[    4.468128][    T1] usbcore: registered new interface driver ems_usb
[    4.468847][    T1] usbcore: registered new interface driver gs_usb
[    4.469779][    T1] usbcore: registered new interface driver kvaser_usb
[    4.470933][    T1] usbcore: registered new interface driver mcba_usb
[    4.471899][    T1] usbcore: registered new interface driver peak_usb
[    4.472803][    T1] e100: Intel(R) PRO/100 Network Driver, 3.5.24-k2-NAPI
[    4.473410][    T1] e100: Copyright(c) 1999-2006 Intel Corporation
[    4.474383][    T1] e1000: Intel(R) PRO/1000 Network Driver - version 7.3.21-k8-NAPI
[    4.475080][    T1] e1000: Copyright (c) 1999-2006 Intel Corporation.
[    4.571080][ T3490] ata1.00: ATA-7: QEMU HARDDISK, 2.5+, max UDMA/100
[    4.571612][ T3490] ata1.00: 2097458 sectors, multi 16: LBA48 
[    4.573501][  T787] scsi 0:0:0:0: Direct-Access     ATA      QEMU HARDDISK    2.5+ PQ: 0 ANSI: 5
[    4.576698][    T7] sd 0:0:0:0: [sda] 2097458 512-byte logical blocks: (1.07 GB/1.00 GiB)
[    4.577435][    T7] sd 0:0:0:0: [sda] Write Protect is off
[    4.577992][    T7] sd 0:0:0:0: [sda] Write cache: enabled, read cache: enabled, doesn't support DPO or FUA
[    4.580745][ T3495] ata2.00: ATAPI: QEMU DVD-ROM, 2.5+, max UDMA/100
[    4.581727][  T787] sd 0:0:0:0: Attached scsi generic sg0 type 0
[    4.583142][    T7]  sda: sda1
[    4.585256][  T126] scsi 1:0:0:0: CD-ROM            QEMU     QEMU DVD-ROM     2.5+ PQ: 0 ANSI: 5
[    4.601061][    T7] sd 0:0:0:0: [sda] Attached SCSI disk
[    4.640942][  T126] sr 1:0:0:0: [sr0] scsi3-mmc drive: 4x/4x cd/rw xa/form2 tray
[    4.641574][  T126] cdrom: Uniform CD-ROM driver Revision: 3.20
[    4.645927][  T126] sr 1:0:0:0: Attached scsi generic sg1 type 5
[    5.588862][    T1] PCI Interrupt Link [LNKC] enabled at IRQ 11
[    5.952234][    T1] e1000 0000:00:03.0 eth0: (PCI:33MHz:32-bit) 52:54:00:12:34:56
[    5.952863][    T1] e1000 0000:00:03.0 eth0: Intel(R) PRO/1000 Network Connection
[    5.953857][    T1] e1000e: Intel(R) PRO/1000 Network Driver - 3.2.6-k
[    5.954378][    T1] e1000e: Copyright(c) 1999 - 2015 Intel Corporation.
[    5.955589][    T1] mkiss: AX.25 Multikiss, Hans Albas PE1AYX
[    5.956056][    T1] AX.25: 6pack driver, Revision: 0.3.0
[    5.956498][    T1] AX.25: bpqether driver version 004
[    5.956907][    T1] PPP generic driver version 2.4.2
[    5.958209][    T1] PPP BSD Compression module registered
[    5.958666][    T1] PPP Deflate Compression module registered
[    5.959147][    T1] PPP MPPE Compression module registered
[    5.959586][    T1] NET: Registered protocol family 24
[    5.960023][    T1] PPTP driver version 0.8.5
[    5.961086][    T1] SLIP: version 0.8.4-NET3.019-NEWTTY (dynamic channels, max=256) (6 bit encapsulation enabled).
[    5.961898][    T1] CSLIP: code copyright 1989 Regents of the University of California.
[    5.962518][    T1] SLIP linefill/keepalive option.
[    5.962907][    T1] hdlc: HDLC support module revision 1.22
[    5.963365][    T1] LAPB Ethernet driver version 0.02
[    5.964835][    T1] usbcore: registered new interface driver ath9k_htc
[    5.965656][    T1] usbcore: registered new interface driver carl9170
[    5.966405][    T1] usbcore: registered new interface driver ath6kl_usb
[    5.967139][    T1] usbcore: registered new interface driver ar5523
[    5.968060][    T1] usbcore: registered new interface driver ath10k_usb
[    5.968862][    T1] mac80211_hwsim: initializing netlink
[    5.979898][    T1] usbcore: registered new interface driver atusb
[    5.987418][    T1] mac802154_hwsim mac802154_hwsim: Added 2 mac802154 hwsim hardware radios
[    5.988377][    T1] VMware vmxnet3 virtual NIC driver - version 1.4.17.0-k-NAPI
[    5.989298][    T1] usbcore: registered new interface driver catc
[    5.989934][    T1] usbcore: registered new interface driver kaweth
[    5.990580][    T1] pegasus: v0.9.3 (2013/04/25), Pegasus/Pegasus II USB Ethernet driver
[    5.991401][    T1] usbcore: registered new interface driver pegasus
[    5.992081][    T1] usbcore: registered new interface driver rtl8150
[    5.992758][    T1] usbcore: registered new interface driver r8152
[    5.993247][    T1] hso: drivers/net/usb/hso.c: Option Wireless
[    5.993943][    T1] usbcore: registered new interface driver hso
[    5.994573][    T1] usbcore: registered new interface driver lan78xx
[    5.995250][    T1] usbcore: registered new interface driver asix
[    5.995904][    T1] usbcore: registered new interface driver ax88179_178a
[    5.996590][    T1] usbcore: registered new interface driver cdc_ether
[    5.997261][    T1] usbcore: registered new interface driver cdc_eem
[    5.998136][    T1] usbcore: registered new interface driver dm9601
[    5.998850][    T1] usbcore: registered new interface driver sr9700
[    5.999706][    T1] usbcore: registered new interface driver CoreChips
[    6.001334][    T1] usbcore: registered new interface driver smsc75xx
[    6.002006][    T1] usbcore: registered new interface driver smsc95xx
[    6.002649][    T1] usbcore: registered new interface driver gl620a
[    6.003298][    T1] usbcore: registered new interface driver net1080
[    6.003962][    T1] usbcore: registered new interface driver plusb
[    6.004603][    T1] usbcore: registered new interface driver rndis_host
[    6.005308][    T1] usbcore: registered new interface driver cdc_subset
[    6.005977][    T1] usbcore: registered new interface driver zaurus
[    6.006625][    T1] usbcore: registered new interface driver MOSCHIP usb-ethernet driver
[    6.007437][    T1] usbcore: registered new interface driver int51x1
[    6.008125][    T1] usbcore: registered new interface driver cdc_phonet
[    6.009113][    T1] usbcore: registered new interface driver kalmia
[    6.010489][    T1] usbcore: registered new interface driver ipheth
[    6.011168][    T1] usbcore: registered new interface driver sierra_net
[    6.011984][    T1] usbcore: registered new interface driver cx82310_eth
[    6.012950][    T1] usbcore: registered new interface driver cdc_ncm
[    6.013680][    T1] usbcore: registered new interface driver huawei_cdc_ncm
[    6.014463][    T1] usbcore: registered new interface driver lg-vl600
[    6.015221][    T1] usbcore: registered new interface driver qmi_wwan
[    6.015935][    T1] usbcore: registered new interface driver cdc_mbim
[    6.016651][    T1] usbcore: registered new interface driver ch9200
[    6.021782][    T1] VFIO - User Level meta-driver version: 0.3
[    6.025050][    T1] aoe: AoE v85 initialised.
[    6.028316][    T1] ehci_hcd: USB 2.0 'Enhanced' Host Controller (EHCI) Driver
[    6.028914][    T1] ehci-pci: EHCI PCI platform driver
[    6.029496][    T1] ehci-platform: EHCI generic platform driver
[    6.030460][    T1] ohci_hcd: USB 1.1 'Open' Host Controller (OHCI) Driver
[    6.031016][    T1] ohci-pci: OHCI PCI platform driver
[    6.031596][    T1] ohci-platform: OHCI generic platform driver
[    6.036601][    T1] uhci_hcd: USB Universal Host Controller Interface driver
[    6.039094][    T1] usbcore: registered new interface driver cdc_acm
[    6.039633][    T1] cdc_acm: USB Abstract Control Model driver for USB modems and ISDN adapters
[    6.042592][    T1] usbcore: registered new interface driver usblp
[    6.043649][    T1] usbcore: registered new interface driver cdc_wdm
[    6.046536][    T1] usbcore: registered new interface driver usbtmc
[    6.047417][    T1] usbcore: registered new interface driver uas
[    6.048266][    T1] usbcore: registered new interface driver usb-storage
[    6.049194][    T1] usbcore: registered new interface driver ums-alauda
[    6.050420][    T1] usbcore: registered new interface driver ums-cypress
[    6.051388][    T1] usbcore: registered new interface driver ums-datafab
[    6.052628][    T1] usbcore: registered new interface driver ums_eneub6250
[    6.053623][    T1] usbcore: registered new interface driver ums-freecom
[    6.054719][    T1] usbcore: registered new interface driver ums-isd200
[    6.055676][    T1] usbcore: registered new interface driver ums-jumpshot
[    6.056659][    T1] usbcore: registered new interface driver ums-karma
[    6.057517][    T1] usbcore: registered new interface driver ums-onetouch
[    6.058524][    T1] usbcore: registered new interface driver ums-realtek
[    6.059504][    T1] usbcore: registered new interface driver ums-sddr09
[    6.060418][    T1] usbcore: registered new interface driver ums-sddr55
[    6.061512][    T1] usbcore: registered new interface driver ums-usbat
[    6.062513][    T1] usbcore: registered new interface driver mdc800
[    6.063199][    T1] mdc800: v0.7.5 (30/10/2000):USB Driver for Mustek MDC800 Digital Camera
[    6.064611][    T1] usbcore: registered new interface driver microtekX6
[    6.065777][    T1] usbcore: registered new interface driver usbserial_generic
[    6.066877][    T1] usbserial: USB Serial support registered for generic
[    6.067852][    T1] usbcore: registered new interface driver aircable
[    6.068844][    T1] usbserial: USB Serial support registered for aircable
[    6.069920][    T1] usbcore: registered new interface driver ark3116
[    6.071188][    T1] usbserial: USB Serial support registered for ark3116
[    6.072182][    T1] usbcore: registered new interface driver belkin_sa
[    6.073249][    T1] usbserial: USB Serial support registered for Belkin / Peracom / GoHubs USB Serial Adapter
[    6.074606][    T1] usbcore: registered new interface driver ch341
[    6.075461][    T1] usbserial: USB Serial support registered for ch341-uart
[    6.076553][    T1] usbcore: registered new interface driver cp210x
[    6.077332][    T1] usbserial: USB Serial support registered for cp210x
[    6.078064][    T1] usbcore: registered new interface driver cyberjack
[    6.078890][    T1] usbserial: USB Serial support registered for Reiner SCT Cyberjack USB card reader
[    6.079855][    T1] usbcore: registered new interface driver cypress_m8
[    6.080782][    T1] usbserial: USB Serial support registered for DeLorme Earthmate USB
[    6.081863][    T1] usbserial: USB Serial support registered for HID->COM RS232 Adapter
[    6.082775][    T1] usbserial: USB Serial support registered for Nokia CA-42 V2 Adapter
[    6.083858][    T1] usbcore: registered new interface driver usb_debug
[    6.084595][    T1] usbserial: USB Serial support registered for debug
[    6.085403][    T1] usbserial: USB Serial support registered for xhci_dbc
[    6.086163][    T1] usbcore: registered new interface driver digi_acceleport
[    6.086825][    T1] usbserial: USB Serial support registered for Digi 2 port USB adapter
[    6.087779][    T1] usbserial: USB Serial support registered for Digi 4 port USB adapter
[    6.088614][    T1] usbcore: registered new interface driver io_edgeport
[    6.089273][    T1] usbserial: USB Serial support registered for Edgeport 2 port adapter
[    6.090397][    T1] usbserial: USB Serial support registered for Edgeport 4 port adapter
[    6.091393][    T1] usbserial: USB Serial support registered for Edgeport 8 port adapter
[    6.092124][    T1] usbserial: USB Serial support registered for EPiC device
[    6.092828][    T1] usbcore: registered new interface driver io_ti
[    6.093443][    T1] usbserial: USB Serial support registered for Edgeport TI 1 port adapter
[    6.094223][    T1] usbserial: USB Serial support registered for Edgeport TI 2 port adapter
[    6.095020][    T1] usbcore: registered new interface driver empeg
[    6.095639][    T1] usbserial: USB Serial support registered for empeg
[    6.096309][    T1] usbcore: registered new interface driver f81232
[    6.096993][    T1] usbserial: USB Serial support registered for f81232
[    6.097775][    T1] usbcore: registered new interface driver f81534
[    6.099961][    T1] usbserial: USB Serial support registered for Fintek F81532/F81534
[    6.100814][    T1] usbcore: registered new interface driver ftdi_sio
[    6.101478][    T1] usbserial: USB Serial support registered for FTDI USB Serial Device
[    6.102327][    T1] usbcore: registered new interface driver garmin_gps
[    6.103051][    T1] usbserial: USB Serial support registered for Garmin GPS usb/tty
[    6.104165][    T1] usbcore: registered new interface driver ipaq
[    6.104919][    T1] usbserial: USB Serial support registered for PocketPC PDA
[    6.105729][    T1] usbcore: registered new interface driver ipw
[    6.106407][    T1] usbserial: USB Serial support registered for IPWireless converter
[    6.107367][    T1] usbcore: registered new interface driver ir_usb
[    6.108371][    T1] usbserial: USB Serial support registered for IR Dongle
[    6.109330][    T1] usbcore: registered new interface driver iuu_phoenix
[    6.111129][    T1] usbserial: USB Serial support registered for iuu_phoenix
[    6.111879][    T1] usbcore: registered new interface driver keyspan
[    6.112531][    T1] usbserial: USB Serial support registered for Keyspan - (without firmware)
[    6.113404][    T1] usbserial: USB Serial support registered for Keyspan 1 port adapter
[    6.114243][    T1] usbserial: USB Serial support registered for Keyspan 2 port adapter
[    6.115077][    T1] usbserial: USB Serial support registered for Keyspan 4 port adapter
[    6.115929][    T1] usbcore: registered new interface driver keyspan_pda
[    6.116657][    T1] usbserial: USB Serial support registered for Keyspan PDA
[    6.117392][    T1] usbserial: USB Serial support registered for Keyspan PDA - (prerenumeration)
[    6.118411][    T1] usbcore: registered new interface driver kl5kusb105
[    6.119427][    T1] usbserial: USB Serial support registered for KL5KUSB105D / PalmConnect
[    6.121285][    T1] usbcore: registered new interface driver kobil_sct
[    6.121971][    T1] usbserial: USB Serial support registered for KOBIL USB smart card terminal
[    6.122801][    T1] usbcore: registered new interface driver mct_u232
[    6.123443][    T1] usbserial: USB Serial support registered for MCT U232
[    6.124132][    T1] usbcore: registered new interface driver metro_usb
[    6.124780][    T1] usbserial: USB Serial support registered for Metrologic USB to Serial
[    6.125567][    T1] usbcore: registered new interface driver mos7720
[    6.126203][    T1] usbserial: USB Serial support registered for Moschip 2 port adapter
[    6.126981][    T1] usbcore: registered new interface driver mos7840
[    6.127612][    T1] usbserial: USB Serial support registered for Moschip 7840/7820 USB Serial Driver
[    6.129688][    T1] usbcore: registered new interface driver mxuport
[    6.130339][    T1] usbserial: USB Serial support registered for MOXA UPort
[    6.131079][    T1] usbcore: registered new interface driver navman
[    6.131779][    T1] usbserial: USB Serial support registered for navman
[    6.132477][    T1] usbcore: registered new interface driver omninet
[    6.133157][    T1] usbserial: USB Serial support registered for ZyXEL - omni.net lcd plus usb
[    6.134277][    T1] usbcore: registered new interface driver opticon
[    6.135235][    T1] usbserial: USB Serial support registered for opticon
[    6.136175][    T1] usbcore: registered new interface driver option
[    6.137267][    T1] usbserial: USB Serial support registered for GSM modem (1-port)
[    6.139242][    T1] usbcore: registered new interface driver oti6858
[    6.140071][    T1] usbserial: USB Serial support registered for oti6858
[    6.141073][    T1] usbcore: registered new interface driver pl2303
[    6.141921][    T1] usbserial: USB Serial support registered for pl2303
[    6.142833][    T1] usbcore: registered new interface driver qcaux
[    6.143625][    T1] usbserial: USB Serial support registered for qcaux
[    6.144433][    T1] usbcore: registered new interface driver qcserial
[    6.145214][    T1] usbserial: USB Serial support registered for Qualcomm USB modem
[    6.146174][    T1] usbcore: registered new interface driver quatech2
[    6.146964][    T1] usbserial: USB Serial support registered for Quatech 2nd gen USB to Serial Driver
[    6.149125][    T1] usbcore: registered new interface driver safe_serial
[    6.149938][    T1] usbserial: USB Serial support registered for safe_serial
[    6.150902][    T1] usbcore: registered new interface driver sierra
[    6.151674][    T1] usbserial: USB Serial support registered for Sierra USB modem
[    6.152599][    T1] usbcore: registered new interface driver usb_serial_simple
[    6.153464][    T1] usbserial: USB Serial support registered for carelink
[    6.154291][    T1] usbserial: USB Serial support registered for zio
[    6.155069][    T1] usbserial: USB Serial support registered for funsoft
[    6.155882][    T1] usbserial: USB Serial support registered for flashloader
[    6.156931][    T1] usbserial: USB Serial support registered for google
[    6.157957][    T1] usbserial: USB Serial support registered for libtransistor
[    6.159570][    T1] usbserial: USB Serial support registered for vivopay
[    6.160847][    T1] usbserial: USB Serial support registered for moto_modem
[    6.161652][    T1] usbserial: USB Serial support registered for motorola_tetra
[    6.162514][    T1] usbserial: USB Serial support registered for novatel_gps
[    6.163356][    T1] usbserial: USB Serial support registered for hp4x
[    6.164303][    T1] usbserial: USB Serial support registered for suunto
[    6.165285][    T1] usbserial: USB Serial support registered for siemens_mpi
[    6.166355][    T1] usbcore: registered new interface driver spcp8x5
[    6.167144][    T1] usbserial: USB Serial support registered for SPCP8x5
[    6.168077][    T1] usbcore: registered new interface driver ssu100
[    6.168736][    T1] usbserial: USB Serial support registered for Quatech SSU-100 USB to Serial Driver
[    6.169740][    T1] usbcore: registered new interface driver symbolserial
[    6.170648][    T1] usbserial: USB Serial support registered for symbol
[    6.171347][    T1] usbcore: registered new interface driver ti_usb_3410_5052
[    6.172295][    T1] usbserial: USB Serial support registered for TI USB 3410 1 port adapter
[    6.173099][    T1] usbserial: USB Serial support registered for TI USB 5052 2 port adapter
[    6.174288][    T1] usbcore: registered new interface driver upd78f0730
[    6.174918][    T1] usbserial: USB Serial support registered for upd78f0730
[    6.175566][    T1] usbcore: registered new interface driver visor
[    6.176350][    T1] usbserial: USB Serial support registered for Handspring Visor / Palm OS
[    6.177105][    T1] usbserial: USB Serial support registered for Sony Clie 5.0
[    6.177850][    T1] usbserial: USB Serial support registered for Sony Clie 3.5
[    6.178707][    T1] usbcore: registered new interface driver wishbone_serial
[    6.179359][    T1] usbserial: USB Serial support registered for wishbone_serial
[    6.181173][    T1] usbcore: registered new interface driver whiteheat
[    6.181850][    T1] usbserial: USB Serial support registered for Connect Tech - WhiteHEAT - (prerenumeration)
[    6.182818][    T1] usbserial: USB Serial support registered for Connect Tech - WhiteHEAT
[    6.183738][    T1] usbcore: registered new interface driver xsens_mt
[    6.184421][    T1] usbserial: USB Serial support registered for xsens_mt
[    6.185165][    T1] usbcore: registered new interface driver adutux
[    6.185867][    T1] usbcore: registered new interface driver appledisplay
[    6.186505][    T1] usbcore: registered new interface driver cypress_cy7c63
[    6.187332][    T1] usbcore: registered new interface driver cytherm
[    6.188038][    T1] usbcore: registered new interface driver emi26 - firmware loader
[    6.188752][    T1] usbcore: registered new interface driver emi62 - firmware loader
[    6.189648][    T1] usbcore: registered new interface driver idmouse
[    6.190524][    T1] usbcore: registered new interface driver iowarrior
[    6.191286][    T1] usbcore: registered new interface driver isight_firmware
[    6.192108][    T1] usbcore: registered new interface driver usblcd
[    6.192721][    T1] usbcore: registered new interface driver ldusb
[    6.193349][    T1] usbcore: registered new interface driver legousbtower
[    6.194372][    T1] usbcore: registered new interface driver usbtest
[    6.195298][    T1] usbcore: registered new interface driver usb_ehset_test
[    6.196468][    T1] usbcore: registered new interface driver trancevibrator
[    6.197231][    T1] usbcore: registered new interface driver uss720
[    6.197766][    T1] uss720: USB Parport Cable driver for Cables using the Lucent Technologies USS720 Chip
[    6.198566][    T1] uss720: NOTE: this is a special purpose driver to allow nonstandard
[    6.199237][    T1] uss720: protocols (eg. bitbang) over USS720 usb to parallel cables
[    6.199902][    T1] uss720: If you just want to connect to a printer, use usblp instead
[    6.201694][    T1] usbcore: registered new interface driver usbsevseg
[    6.202380][    T1] usbcore: registered new interface driver yurex
[    6.203715][    T1] usbcore: registered new interface driver chaoskey
[    6.204445][    T1] usbcore: registered new interface driver sisusb
[    6.205164][    T1] usbcore: registered new interface driver lvs
[    6.205794][    T1] usbcore: registered new interface driver cxacru
[    6.206464][    T1] usbcore: registered new interface driver speedtch
[    6.207144][    T1] usbcore: registered new interface driver ueagle-atm
[    6.207659][    T1] xusbatm: malformed module parameters
[    6.211614][    T1] dummy_hcd dummy_hcd.0: USB Host+Gadget Emulator, driver 02 May 2005
[    6.212388][    T1] dummy_hcd dummy_hcd.0: Dummy host controller
[    6.214424][    T1] dummy_hcd dummy_hcd.0: new USB bus registered, assigned bus number 1
[    6.216223][    T1] usb usb1: New USB device found, idVendor=1d6b, idProduct=0002, bcdDevice= 5.06
[    6.217081][    T1] usb usb1: New USB device strings: Mfr=3, Product=2, SerialNumber=1
[    6.217805][    T1] usb usb1: Product: Dummy host controller
[    6.218350][    T1] usb usb1: Manufacturer: Linux 5.6.0-rc3-d1c6a769cdf4-00064-gd1c6a769cdf4 dummy_hcd
[    6.219233][    T1] usb usb1: SerialNumber: dummy_hcd.0
[    6.221423][    T1] hub 1-0:1.0: USB hub found
[    6.222066][    T1] hub 1-0:1.0: 1 port detected
[    6.224360][    T1] dummy_hcd dummy_hcd.1: USB Host+Gadget Emulator, driver 02 May 2005
[    6.225213][    T1] dummy_hcd dummy_hcd.1: Dummy host controller
[    6.226615][    T1] dummy_hcd dummy_hcd.1: new USB bus registered, assigned bus number 2
[    6.227989][    T1] usb usb2: New USB device found, idVendor=1d6b, idProduct=0002, bcdDevice= 5.06
[    6.228789][    T1] usb usb2: New USB device strings: Mfr=3, Product=2, SerialNumber=1
[    6.229454][    T1] usb usb2: Product: Dummy host controller
[    6.229943][    T1] usb usb2: Manufacturer: Linux 5.6.0-rc3-d1c6a769cdf4-00064-gd1c6a769cdf4 dummy_hcd
[    6.230749][    T1] usb usb2: SerialNumber: dummy_hcd.1
[    6.232342][    T1] hub 2-0:1.0: USB hub found
[    6.232833][    T1] hub 2-0:1.0: 1 port detected
[    6.234601][    T1] dummy_hcd dummy_hcd.2: USB Host+Gadget Emulator, driver 02 May 2005
[    6.235260][    T1] dummy_hcd dummy_hcd.2: Dummy host controller
[    6.236220][    T1] dummy_hcd dummy_hcd.2: new USB bus registered, assigned bus number 3
[    6.237670][    T1] usb usb3: New USB device found, idVendor=1d6b, idProduct=0002, bcdDevice= 5.06
[    6.238366][    T1] usb usb3: New USB device strings: Mfr=3, Product=2, SerialNumber=1
[    6.238974][    T1] usb usb3: Product: Dummy host controller
[    6.239416][    T1] usb usb3: Manufacturer: Linux 5.6.0-rc3-d1c6a769cdf4-00064-gd1c6a769cdf4 dummy_hcd
[    6.240127][    T1] usb usb3: SerialNumber: dummy_hcd.2
[    6.241514][    T1] hub 3-0:1.0: USB hub found
[    6.241967][    T1] hub 3-0:1.0: 1 port detected
[    6.243602][    T1] dummy_hcd dummy_hcd.3: USB Host+Gadget Emulator, driver 02 May 2005
[    6.244247][    T1] dummy_hcd dummy_hcd.3: Dummy host controller
[    6.245155][    T1] dummy_hcd dummy_hcd.3: new USB bus registered, assigned bus number 4
[    6.246174][    T1] usb usb4: New USB device found, idVendor=1d6b, idProduct=0002, bcdDevice= 5.06
[    6.246866][    T1] usb usb4: New USB device strings: Mfr=3, Product=2, SerialNumber=1
[    6.247476][    T1] usb usb4: Product: Dummy host controller
[    6.247917][    T1] usb usb4: Manufacturer: Linux 5.6.0-rc3-d1c6a769cdf4-00064-gd1c6a769cdf4 dummy_hcd
[    6.248631][    T1] usb usb4: SerialNumber: dummy_hcd.3
[    6.250102][    T1] hub 4-0:1.0: USB hub found
[    6.252051][    T1] hub 4-0:1.0: 1 port detected
[    6.253646][    T1] dummy_hcd dummy_hcd.4: USB Host+Gadget Emulator, driver 02 May 2005
[    6.254295][    T1] dummy_hcd dummy_hcd.4: Dummy host controller
[    6.255163][    T1] dummy_hcd dummy_hcd.4: new USB bus registered, assigned bus number 5
[    6.256406][    T1] usb usb5: New USB device found, idVendor=1d6b, idProduct=0002, bcdDevice= 5.06
[    6.257371][    T1] usb usb5: New USB device strings: Mfr=3, Product=2, SerialNumber=1
[    6.258059][    T1] usb usb5: Product: Dummy host controller
[    6.258562][    T1] usb usb5: Manufacturer: Linux 5.6.0-rc3-d1c6a769cdf4-00064-gd1c6a769cdf4 dummy_hcd
[    6.259342][    T1] usb usb5: SerialNumber: dummy_hcd.4
[    6.261920][    T1] hub 5-0:1.0: USB hub found
[    6.262417][    T1] hub 5-0:1.0: 1 port detected
[    6.264041][    T1] dummy_hcd dummy_hcd.5: USB Host+Gadget Emulator, driver 02 May 2005
[    6.264691][    T1] dummy_hcd dummy_hcd.5: Dummy host controller
[    6.265492][    T1] dummy_hcd dummy_hcd.5: new USB bus registered, assigned bus number 6
[    6.266523][    T1] usb usb6: New USB device found, idVendor=1d6b, idProduct=0002, bcdDevice= 5.06
[    6.267218][    T1] usb usb6: New USB device strings: Mfr=3, Product=2, SerialNumber=1
[    6.267828][    T1] usb usb6: Product: Dummy host controller
[    6.268270][    T1] usb usb6: Manufacturer: Linux 5.6.0-rc3-d1c6a769cdf4-00064-gd1c6a769cdf4 dummy_hcd
[    6.268983][    T1] usb usb6: SerialNumber: dummy_hcd.5
[    6.270854][    T1] hub 6-0:1.0: USB hub found
[    6.271296][    T1] hub 6-0:1.0: 1 port detected
[    6.272890][    T1] dummy_hcd dummy_hcd.6: USB Host+Gadget Emulator, driver 02 May 2005
[    6.273530][    T1] dummy_hcd dummy_hcd.6: Dummy host controller
[    6.274457][    T1] dummy_hcd dummy_hcd.6: new USB bus registered, assigned bus number 7
[    6.275921][    T1] usb usb7: New USB device found, idVendor=1d6b, idProduct=0002, bcdDevice= 5.06
[    6.276619][    T1] usb usb7: New USB device strings: Mfr=3, Product=2, SerialNumber=1
[    6.277224][    T1] usb usb7: Product: Dummy host controller
[    6.277665][    T1] usb usb7: Manufacturer: Linux 5.6.0-rc3-d1c6a769cdf4-00064-gd1c6a769cdf4 dummy_hcd
[    6.278371][    T1] usb usb7: SerialNumber: dummy_hcd.6
[    6.279844][    T1] hub 7-0:1.0: USB hub found
[    6.281493][    T1] hub 7-0:1.0: 1 port detected
[    6.283053][    T1] dummy_hcd dummy_hcd.7: USB Host+Gadget Emulator, driver 02 May 2005
[    6.283701][    T1] dummy_hcd dummy_hcd.7: Dummy host controller
[    6.284618][    T1] dummy_hcd dummy_hcd.7: new USB bus registered, assigned bus number 8
[    6.286119][    T1] usb usb8: New USB device found, idVendor=1d6b, idProduct=0002, bcdDevice= 5.06
[    6.287129][    T1] usb usb8: New USB device strings: Mfr=3, Product=2, SerialNumber=1
[    6.287890][    T1] usb usb8: Product: Dummy host controller
[    6.288383][    T1] usb usb8: Manufacturer: Linux 5.6.0-rc3-d1c6a769cdf4-00064-gd1c6a769cdf4 dummy_hcd
[    6.289179][    T1] usb usb8: SerialNumber: dummy_hcd.7
[    6.290752][    T1] hub 8-0:1.0: USB hub found
[    6.291235][    T1] hub 8-0:1.0: 1 port detected
[    6.302213][    T1] gadgetfs: USB Gadget filesystem, version 24 Aug 2004
[    6.307605][    T1] vhci_hcd vhci_hcd.0: USB/IP Virtual Host Controller
[    6.308672][    T1] vhci_hcd vhci_hcd.0: new USB bus registered, assigned bus number 9
[    6.309474][    T1] vhci_hcd: created sysfs vhci_hcd.0
[    6.310888][    T1] usb usb9: New USB device found, idVendor=1d6b, idProduct=0002, bcdDevice= 5.06
[    6.311593][    T1] usb usb9: New USB device strings: Mfr=3, Product=2, SerialNumber=1
[    6.312206][    T1] usb usb9: Product: USB/IP Virtual Host Controller
[    6.312708][    T1] usb usb9: Manufacturer: Linux 5.6.0-rc3-d1c6a769cdf4-00064-gd1c6a769cdf4 vhci_hcd
[    6.313419][    T1] usb usb9: SerialNumber: vhci_hcd.0
[    6.314858][    T1] hub 9-0:1.0: USB hub found
[    6.315365][    T1] hub 9-0:1.0: 8 ports detected
[    6.318650][    T1] vhci_hcd vhci_hcd.0: USB/IP Virtual Host Controller
[    6.319686][    T1] vhci_hcd vhci_hcd.0: new USB bus registered, assigned bus number 10
[    6.320617][    T1] usb usb10: We don't know the algorithms for LPM for this host, disabling LPM.
[    6.322090][    T1] usb usb10: New USB device found, idVendor=1d6b, idProduct=0003, bcdDevice= 5.06
[    6.322867][    T1] usb usb10: New USB device strings: Mfr=3, Product=2, SerialNumber=1
[    6.323527][    T1] usb usb10: Product: USB/IP Virtual Host Controller
[    6.324040][    T1] usb usb10: Manufacturer: Linux 5.6.0-rc3-d1c6a769cdf4-00064-gd1c6a769cdf4 vhci_hcd
[    6.324758][    T1] usb usb10: SerialNumber: vhci_hcd.0
[    6.326244][    T1] hub 10-0:1.0: USB hub found
[    6.326702][    T1] hub 10-0:1.0: 8 ports detected
[    6.330248][    T1] vhci_hcd vhci_hcd.1: USB/IP Virtual Host Controller
[    6.331287][    T1] vhci_hcd vhci_hcd.1: new USB bus registered, assigned bus number 11
[    6.332373][    T1] usb usb11: New USB device found, idVendor=1d6b, idProduct=0002, bcdDevice= 5.06
[    6.333077][    T1] usb usb11: New USB device strings: Mfr=3, Product=2, SerialNumber=1
[    6.333695][    T1] usb usb11: Product: USB/IP Virtual Host Controller
[    6.334203][    T1] usb usb11: Manufacturer: Linux 5.6.0-rc3-d1c6a769cdf4-00064-gd1c6a769cdf4 vhci_hcd
[    6.334917][    T1] usb usb11: SerialNumber: vhci_hcd.1
[    6.336550][    T1] hub 11-0:1.0: USB hub found
[    6.337000][    T1] hub 11-0:1.0: 8 ports detected
[    6.339763][    T1] vhci_hcd vhci_hcd.1: USB/IP Virtual Host Controller
[    6.343123][    T1] vhci_hcd vhci_hcd.1: new USB bus registered, assigned bus number 12
[    6.343897][    T1] usb usb12: We don't know the algorithms for LPM for this host, disabling LPM.
[    6.344981][    T1] usb usb12: New USB device found, idVendor=1d6b, idProduct=0003, bcdDevice= 5.06
[    6.345685][    T1] usb usb12: New USB device strings: Mfr=3, Product=2, SerialNumber=1
[    6.346303][    T1] usb usb12: Product: USB/IP Virtual Host Controller
[    6.346811][    T1] usb usb12: Manufacturer: Linux 5.6.0-rc3-d1c6a769cdf4-00064-gd1c6a769cdf4 vhci_hcd
[    6.347525][    T1] usb usb12: SerialNumber: vhci_hcd.1
[    6.349339][    T1] hub 12-0:1.0: USB hub found
[    6.349853][    T1] hub 12-0:1.0: 8 ports detected
[    6.353699][    T1] vhci_hcd vhci_hcd.2: USB/IP Virtual Host Controller
[    6.354761][    T1] vhci_hcd vhci_hcd.2: new USB bus registered, assigned bus number 13
[    6.355860][    T1] usb usb13: New USB device found, idVendor=1d6b, idProduct=0002, bcdDevice= 5.06
[    6.356636][    T1] usb usb13: New USB device strings: Mfr=3, Product=2, SerialNumber=1
[    6.357277][    T1] usb usb13: Product: USB/IP Virtual Host Controller
[    6.357786][    T1] usb usb13: Manufacturer: Linux 5.6.0-rc3-d1c6a769cdf4-00064-gd1c6a769cdf4 vhci_hcd
[    6.358504][    T1] usb usb13: SerialNumber: vhci_hcd.2
[    6.360340][    T1] hub 13-0:1.0: USB hub found
[    6.360808][    T1] hub 13-0:1.0: 8 ports detected
[    6.363589][    T1] vhci_hcd vhci_hcd.2: USB/IP Virtual Host Controller
[    6.364442][    T1] vhci_hcd vhci_hcd.2: new USB bus registered, assigned bus number 14
[    6.365215][    T1] usb usb14: We don't know the algorithms for LPM for this host, disabling LPM.
[    6.366205][    T1] usb usb14: New USB device found, idVendor=1d6b, idProduct=0003, bcdDevice= 5.06
[    6.366907][    T1] usb usb14: New USB device strings: Mfr=3, Product=2, SerialNumber=1
[    6.367524][    T1] usb usb14: Product: USB/IP Virtual Host Controller
[    6.368030][    T1] usb usb14: Manufacturer: Linux 5.6.0-rc3-d1c6a769cdf4-00064-gd1c6a769cdf4 vhci_hcd
[    6.368746][    T1] usb usb14: SerialNumber: vhci_hcd.2
[    6.370710][    T1] hub 14-0:1.0: USB hub found
[    6.371155][    T1] hub 14-0:1.0: 8 ports detected
[    6.374539][    T1] vhci_hcd vhci_hcd.3: USB/IP Virtual Host Controller
[    6.375489][    T1] vhci_hcd vhci_hcd.3: new USB bus registered, assigned bus number 15
[    6.376792][    T1] usb usb15: New USB device found, idVendor=1d6b, idProduct=0002, bcdDevice= 5.06
[    6.377502][    T1] usb usb15: New USB device strings: Mfr=3, Product=2, SerialNumber=1
[    6.378130][    T1] usb usb15: Product: USB/IP Virtual Host Controller
[    6.378944][    T1] usb usb15: Manufacturer: Linux 5.6.0-rc3-d1c6a769cdf4-00064-gd1c6a769cdf4 vhci_hcd
[    6.379828][    T1] usb usb15: SerialNumber: vhci_hcd.3
[    6.381663][    T1] hub 15-0:1.0: USB hub found
[    6.382187][    T1] hub 15-0:1.0: 8 ports detected
[    6.385303][    T1] vhci_hcd vhci_hcd.3: USB/IP Virtual Host Controller
[    6.386334][    T1] vhci_hcd vhci_hcd.3: new USB bus registered, assigned bus number 16
[    6.387184][    T1] usb usb16: We don't know the algorithms for LPM for this host, disabling LPM.
[    6.388454][    T1] usb usb16: New USB device found, idVendor=1d6b, idProduct=0003, bcdDevice= 5.06
[    6.389161][    T1] usb usb16: New USB device strings: Mfr=3, Product=2, SerialNumber=1
[    6.389778][    T1] usb usb16: Product: USB/IP Virtual Host Controller
[    6.390406][    T1] usb usb16: Manufacturer: Linux 5.6.0-rc3-d1c6a769cdf4-00064-gd1c6a769cdf4 vhci_hcd
[    6.391152][    T1] usb usb16: SerialNumber: vhci_hcd.3
[    6.392627][    T1] hub 16-0:1.0: USB hub found
[    6.393083][    T1] hub 16-0:1.0: 8 ports detected
[    6.396478][    T1] vhci_hcd vhci_hcd.4: USB/IP Virtual Host Controller
[    6.397468][    T1] vhci_hcd vhci_hcd.4: new USB bus registered, assigned bus number 17
[    6.398708][    T1] usb usb17: New USB device found, idVendor=1d6b, idProduct=0002, bcdDevice= 5.06
[    6.399415][    T1] usb usb17: New USB device strings: Mfr=3, Product=2, SerialNumber=1
[    6.400041][    T1] usb usb17: Product: USB/IP Virtual Host Controller
[    6.401257][    T1] usb usb17: Manufacturer: Linux 5.6.0-rc3-d1c6a769cdf4-00064-gd1c6a769cdf4 vhci_hcd
[    6.401987][    T1] usb usb17: SerialNumber: vhci_hcd.4
[    6.403357][    T1] hub 17-0:1.0: USB hub found
[    6.403822][    T1] hub 17-0:1.0: 8 ports detected
[    6.406573][    T1] vhci_hcd vhci_hcd.4: USB/IP Virtual Host Controller
[    6.407552][    T1] vhci_hcd vhci_hcd.4: new USB bus registered, assigned bus number 18
[    6.408354][    T1] usb usb18: We don't know the algorithms for LPM for this host, disabling LPM.
[    6.409970][    T1] usb usb18: New USB device found, idVendor=1d6b, idProduct=0003, bcdDevice= 5.06
[    6.411225][    T1] usb usb18: New USB device strings: Mfr=3, Product=2, SerialNumber=1
[    6.412112][    T1] usb usb18: Product: USB/IP Virtual Host Controller
[    6.412837][    T1] usb usb18: Manufacturer: Linux 5.6.0-rc3-d1c6a769cdf4-00064-gd1c6a769cdf4 vhci_hcd
[    6.413851][    T1] usb usb18: SerialNumber: vhci_hcd.4
[    6.415437][    T1] hub 18-0:1.0: USB hub found
[    6.416005][    T1] hub 18-0:1.0: 8 ports detected
[    6.419557][    T1] vhci_hcd vhci_hcd.5: USB/IP Virtual Host Controller
[    6.421026][    T1] vhci_hcd vhci_hcd.5: new USB bus registered, assigned bus number 19
[    6.422783][    T1] usb usb19: New USB device found, idVendor=1d6b, idProduct=0002, bcdDevice= 5.06
[    6.423515][    T1] usb usb19: New USB device strings: Mfr=3, Product=2, SerialNumber=1
[    6.424181][    T1] usb usb19: Product: USB/IP Virtual Host Controller
[    6.424697][    T1] usb usb19: Manufacturer: Linux 5.6.0-rc3-d1c6a769cdf4-00064-gd1c6a769cdf4 vhci_hcd
[    6.425419][    T1] usb usb19: SerialNumber: vhci_hcd.5
[    6.426822][    T1] hub 19-0:1.0: USB hub found
[    6.427275][    T1] hub 19-0:1.0: 8 ports detected
[    6.430038][    T1] vhci_hcd vhci_hcd.5: USB/IP Virtual Host Controller
[    6.430945][    T1] vhci_hcd vhci_hcd.5: new USB bus registered, assigned bus number 20
[    6.431751][    T1] usb usb20: We don't know the algorithms for LPM for this host, disabling LPM.
[    6.432752][    T1] usb usb20: New USB device found, idVendor=1d6b, idProduct=0003, bcdDevice= 5.06
[    6.433462][    T1] usb usb20: New USB device strings: Mfr=3, Product=2, SerialNumber=1
[    6.434094][    T1] usb usb20: Product: USB/IP Virtual Host Controller
[    6.434611][    T1] usb usb20: Manufacturer: Linux 5.6.0-rc3-d1c6a769cdf4-00064-gd1c6a769cdf4 vhci_hcd
[    6.435338][    T1] usb usb20: SerialNumber: vhci_hcd.5
[    6.436740][    T1] hub 20-0:1.0: USB hub found
[    6.437194][    T1] hub 20-0:1.0: 8 ports detected
[    6.441386][    T1] vhci_hcd vhci_hcd.6: USB/IP Virtual Host Controller
[    6.442422][    T1] vhci_hcd vhci_hcd.6: new USB bus registered, assigned bus number 21
[    6.443716][    T1] usb usb21: New USB device found, idVendor=1d6b, idProduct=0002, bcdDevice= 5.06
[    6.444489][    T1] usb usb21: New USB device strings: Mfr=3, Product=2, SerialNumber=1
[    6.445110][    T1] usb usb21: Product: USB/IP Virtual Host Controller
[    6.445686][    T1] usb usb21: Manufacturer: Linux 5.6.0-rc3-d1c6a769cdf4-00064-gd1c6a769cdf4 vhci_hcd
[    6.446470][    T1] usb usb21: SerialNumber: vhci_hcd.6
[    6.448201][    T1] hub 21-0:1.0: USB hub found
[    6.448658][    T1] hub 21-0:1.0: 8 ports detected
[    6.451578][    T1] vhci_hcd vhci_hcd.6: USB/IP Virtual Host Controller
[    6.452630][    T1] vhci_hcd vhci_hcd.6: new USB bus registered, assigned bus number 22
[    6.453410][    T1] usb usb22: We don't know the algorithms for LPM for this host, disabling LPM.
[    6.454670][    T1] usb usb22: New USB device found, idVendor=1d6b, idProduct=0003, bcdDevice= 5.06
[    6.455376][    T1] usb usb22: New USB device strings: Mfr=3, Product=2, SerialNumber=1
[    6.455998][    T1] usb usb22: Product: USB/IP Virtual Host Controller
[    6.456508][    T1] usb usb22: Manufacturer: Linux 5.6.0-rc3-d1c6a769cdf4-00064-gd1c6a769cdf4 vhci_hcd
[    6.457228][    T1] usb usb22: SerialNumber: vhci_hcd.6
[    6.458730][    T1] hub 22-0:1.0: USB hub found
[    6.459290][    T1] hub 22-0:1.0: 8 ports detected
[    6.462886][    T1] vhci_hcd vhci_hcd.7: USB/IP Virtual Host Controller
[    6.463864][    T1] vhci_hcd vhci_hcd.7: new USB bus registered, assigned bus number 23
[    6.465019][    T1] usb usb23: New USB device found, idVendor=1d6b, idProduct=0002, bcdDevice= 5.06
[    6.465723][    T1] usb usb23: New USB device strings: Mfr=3, Product=2, SerialNumber=1
[    6.466339][    T1] usb usb23: Product: USB/IP Virtual Host Controller
[    6.466851][    T1] usb usb23: Manufacturer: Linux 5.6.0-rc3-d1c6a769cdf4-00064-gd1c6a769cdf4 vhci_hcd
[    6.467566][    T1] usb usb23: SerialNumber: vhci_hcd.7
[    6.469378][    T1] hub 23-0:1.0: USB hub found
[    6.470061][    T1] hub 23-0:1.0: 8 ports detected
[    6.473323][    T1] vhci_hcd vhci_hcd.7: USB/IP Virtual Host Controller
[    6.474332][    T1] vhci_hcd vhci_hcd.7: new USB bus registered, assigned bus number 24
[    6.475187][    T1] usb usb24: We don't know the algorithms for LPM for this host, disabling LPM.
[    6.476288][    T1] usb usb24: New USB device found, idVendor=1d6b, idProduct=0003, bcdDevice= 5.06
[    6.477056][    T1] usb usb24: New USB device strings: Mfr=3, Product=2, SerialNumber=1
[    6.477738][    T1] usb usb24: Product: USB/IP Virtual Host Controller
[    6.478289][    T1] usb usb24: Manufacturer: Linux 5.6.0-rc3-d1c6a769cdf4-00064-gd1c6a769cdf4 vhci_hcd
[    6.479090][    T1] usb usb24: SerialNumber: vhci_hcd.7
[    6.480956][    T1] hub 24-0:1.0: USB hub found
[    6.481413][    T1] hub 24-0:1.0: 8 ports detected
[    6.484837][    T1] vhci_hcd vhci_hcd.8: USB/IP Virtual Host Controller
[    6.485866][    T1] vhci_hcd vhci_hcd.8: new USB bus registered, assigned bus number 25
[    6.486961][    T1] usb usb25: New USB device found, idVendor=1d6b, idProduct=0002, bcdDevice= 5.06
[    6.487666][    T1] usb usb25: New USB device strings: Mfr=3, Product=2, SerialNumber=1
[    6.488288][    T1] usb usb25: Product: USB/IP Virtual Host Controller
[    6.488798][    T1] usb usb25: Manufacturer: Linux 5.6.0-rc3-d1c6a769cdf4-00064-gd1c6a769cdf4 vhci_hcd
[    6.489514][    T1] usb usb25: SerialNumber: vhci_hcd.8
[    6.491452][    T1] hub 25-0:1.0: USB hub found
[    6.491914][    T1] hub 25-0:1.0: 8 ports detected
[    6.494695][    T1] vhci_hcd vhci_hcd.8: USB/IP Virtual Host Controller
[    6.495663][    T1] vhci_hcd vhci_hcd.8: new USB bus registered, assigned bus number 26
[    6.496440][    T1] usb usb26: We don't know the algorithms for LPM for this host, disabling LPM.
[    6.497663][    T1] usb usb26: New USB device found, idVendor=1d6b, idProduct=0003, bcdDevice= 5.06
[    6.498374][    T1] usb usb26: New USB device strings: Mfr=3, Product=2, SerialNumber=1
[    6.499001][    T1] usb usb26: Product: USB/IP Virtual Host Controller
[    6.499511][    T1] usb usb26: Manufacturer: Linux 5.6.0-rc3-d1c6a769cdf4-00064-gd1c6a769cdf4 vhci_hcd
[    6.501718][    T1] usb usb26: SerialNumber: vhci_hcd.8
[    6.503246][    T1] hub 26-0:1.0: USB hub found
[    6.503754][    T1] hub 26-0:1.0: 8 ports detected
[    6.507232][    T1] vhci_hcd vhci_hcd.9: USB/IP Virtual Host Controller
[    6.508263][    T1] vhci_hcd vhci_hcd.9: new USB bus registered, assigned bus number 27
[    6.509324][    T1] usb usb27: New USB device found, idVendor=1d6b, idProduct=0002, bcdDevice= 5.06
[    6.510024][    T1] usb usb27: New USB device strings: Mfr=3, Product=2, SerialNumber=1
[    6.510711][    T1] usb usb27: Product: USB/IP Virtual Host Controller
[    6.511217][    T1] usb usb27: Manufacturer: Linux 5.6.0-rc3-d1c6a769cdf4-00064-gd1c6a769cdf4 vhci_hcd
[    6.511930][    T1] usb usb27: SerialNumber: vhci_hcd.9
[    6.513305][    T1] hub 27-0:1.0: USB hub found
[    6.513864][    T1] hub 27-0:1.0: 8 ports detected
[    6.517046][    T1] vhci_hcd vhci_hcd.9: USB/IP Virtual Host Controller
[    6.517950][    T1] vhci_hcd vhci_hcd.9: new USB bus registered, assigned bus number 28
[    6.518719][    T1] usb usb28: We don't know the algorithms for LPM for this host, disabling LPM.
[    6.519711][    T1] usb usb28: New USB device found, idVendor=1d6b, idProduct=0003, bcdDevice= 5.06
[    6.520587][    T1] usb usb28: New USB device strings: Mfr=3, Product=2, SerialNumber=1
[    6.521204][    T1] usb usb28: Product: USB/IP Virtual Host Controller
[    6.521714][    T1] usb usb28: Manufacturer: Linux 5.6.0-rc3-d1c6a769cdf4-00064-gd1c6a769cdf4 vhci_hcd
[    6.522427][    T1] usb usb28: SerialNumber: vhci_hcd.9
[    6.524034][    T1] hub 28-0:1.0: USB hub found
[    6.524551][    T1] hub 28-0:1.0: 8 ports detected
[    6.528251][    T1] vhci_hcd vhci_hcd.10: USB/IP Virtual Host Controller
[    6.529233][    T1] vhci_hcd vhci_hcd.10: new USB bus registered, assigned bus number 29
[    6.530847][    T1] usb usb29: New USB device found, idVendor=1d6b, idProduct=0002, bcdDevice= 5.06
[    6.531886][    T1] usb usb29: New USB device strings: Mfr=3, Product=2, SerialNumber=1
[    6.532622][    T1] usb usb29: Product: USB/IP Virtual Host Controller
[    6.533187][    T1] usb usb29: Manufacturer: Linux 5.6.0-rc3-d1c6a769cdf4-00064-gd1c6a769cdf4 vhci_hcd
[    6.533989][    T1] usb usb29: SerialNumber: vhci_hcd.10
[    6.535455][    T1] hub 29-0:1.0: USB hub found
[    6.535956][    T1] hub 29-0:1.0: 8 ports detected
[    6.539190][    T1] vhci_hcd vhci_hcd.10: USB/IP Virtual Host Controller
[    6.541003][    T1] vhci_hcd vhci_hcd.10: new USB bus registered, assigned bus number 30
[    6.541782][    T1] usb usb30: We don't know the algorithms for LPM for this host, disabling LPM.
[    6.543003][    T1] usb usb30: New USB device found, idVendor=1d6b, idProduct=0003, bcdDevice= 5.06
[    6.543712][    T1] usb usb30: New USB device strings: Mfr=3, Product=2, SerialNumber=1
[    6.544327][    T1] usb usb30: Product: USB/IP Virtual Host Controller
[    6.544837][    T1] usb usb30: Manufacturer: Linux 5.6.0-rc3-d1c6a769cdf4-00064-gd1c6a769cdf4 vhci_hcd
[    6.545555][    T1] usb usb30: SerialNumber: vhci_hcd.10
[    6.546995][    T1] hub 30-0:1.0: USB hub found
[    6.547502][    T1] hub 30-0:1.0: 8 ports detected
[    6.551553][    T1] vhci_hcd vhci_hcd.11: USB/IP Virtual Host Controller
[    6.552470][    T1] vhci_hcd vhci_hcd.11: new USB bus registered, assigned bus number 31
[    6.553658][    T1] usb usb31: New USB device found, idVendor=1d6b, idProduct=0002, bcdDevice= 5.06
[    6.554363][    T1] usb usb31: New USB device strings: Mfr=3, Product=2, SerialNumber=1
[    6.554983][    T1] usb usb31: Product: USB/IP Virtual Host Controller
[    6.555487][    T1] usb usb31: Manufacturer: Linux 5.6.0-rc3-d1c6a769cdf4-00064-gd1c6a769cdf4 vhci_hcd
[    6.556201][    T1] usb usb31: SerialNumber: vhci_hcd.11
[    6.557882][    T1] hub 31-0:1.0: USB hub found
[    6.558335][    T1] hub 31-0:1.0: 8 ports detected
[    6.561760][    T1] vhci_hcd vhci_hcd.11: USB/IP Virtual Host Controller
[    6.563005][    T1] vhci_hcd vhci_hcd.11: new USB bus registered, assigned bus number 32
[    6.563995][    T1] usb usb32: We don't know the algorithms for LPM for this host, disabling LPM.
[    6.565453][    T1] usb usb32: New USB device found, idVendor=1d6b, idProduct=0003, bcdDevice= 5.06
[    6.566195][    T1] usb usb32: New USB device strings: Mfr=3, Product=2, SerialNumber=1
[    6.566814][    T1] usb usb32: Product: USB/IP Virtual Host Controller
[    6.567317][    T1] usb usb32: Manufacturer: Linux 5.6.0-rc3-d1c6a769cdf4-00064-gd1c6a769cdf4 vhci_hcd
[    6.568093][    T1] usb usb32: SerialNumber: vhci_hcd.11
[    6.569725][    T1] hub 32-0:1.0: USB hub found
[    6.570518][    T1] hub 32-0:1.0: 8 ports detected
[    6.573890][    T1] vhci_hcd vhci_hcd.12: USB/IP Virtual Host Controller
[    6.575088][    T1] vhci_hcd vhci_hcd.12: new USB bus registered, assigned bus number 33
[    6.576161][    T1] usb usb33: New USB device found, idVendor=1d6b, idProduct=0002, bcdDevice= 5.06
[    6.576863][    T1] usb usb33: New USB device strings: Mfr=3, Product=2, SerialNumber=1
[    6.577480][    T1] usb usb33: Product: USB/IP Virtual Host Controller
[    6.577989][    T1] usb usb33: Manufacturer: Linux 5.6.0-rc3-d1c6a769cdf4-00064-gd1c6a769cdf4 vhci_hcd
[    6.578708][    T1] usb usb33: SerialNumber: vhci_hcd.12
[    6.580260][    T1] hub 33-0:1.0: USB hub found
[    6.580766][    T1] hub 33-0:1.0: 8 ports detected
[    6.583551][    T1] vhci_hcd vhci_hcd.12: USB/IP Virtual Host Controller
[    6.584520][    T1] vhci_hcd vhci_hcd.12: new USB bus registered, assigned bus number 34
[    6.585315][    T1] usb usb34: We don't know the algorithms for LPM for this host, disabling LPM.
[    6.586536][    T1] usb usb34: New USB device found, idVendor=1d6b, idProduct=0003, bcdDevice= 5.06
[    6.587246][    T1] usb usb34: New USB device strings: Mfr=3, Product=2, SerialNumber=1
[    6.587868][    T1] usb usb34: Product: USB/IP Virtual Host Controller
[    6.588379][    T1] usb usb34: Manufacturer: Linux 5.6.0-rc3-d1c6a769cdf4-00064-gd1c6a769cdf4 vhci_hcd
[    6.589097][    T1] usb usb34: SerialNumber: vhci_hcd.12
[    6.592333][    T1] hub 34-0:1.0: USB hub found
[    6.592940][    T1] hub 34-0:1.0: 8 ports detected
[    6.596808][    T1] vhci_hcd vhci_hcd.13: USB/IP Virtual Host Controller
[    6.597914][    T1] vhci_hcd vhci_hcd.13: new USB bus registered, assigned bus number 35
[    6.599039][    T1] usb usb35: New USB device found, idVendor=1d6b, idProduct=0002, bcdDevice= 5.06
[    6.599809][    T1] usb usb35: New USB device strings: Mfr=3, Product=2, SerialNumber=1
[    6.600559][    T1] usb usb35: Product: USB/IP Virtual Host Controller
[    6.601134][    T1] usb usb35: Manufacturer: Linux 5.6.0-rc3-d1c6a769cdf4-00064-gd1c6a769cdf4 vhci_hcd
[    6.601858][    T1] usb usb35: SerialNumber: vhci_hcd.13
[    6.603198][    T1] hub 35-0:1.0: USB hub found
[    6.603665][    T1] hub 35-0:1.0: 8 ports detected
[    6.606418][    T1] vhci_hcd vhci_hcd.13: USB/IP Virtual Host Controller
[    6.607339][    T1] vhci_hcd vhci_hcd.13: new USB bus registered, assigned bus number 36
[    6.608223][    T1] usb usb36: We don't know the algorithms for LPM for this host, disabling LPM.
[    6.609467][    T1] usb usb36: New USB device found, idVendor=1d6b, idProduct=0003, bcdDevice= 5.06
[    6.610545][    T1] usb usb36: New USB device strings: Mfr=3, Product=2, SerialNumber=1
[    6.611168][    T1] usb usb36: Product: USB/IP Virtual Host Controller
[    6.611677][    T1] usb usb36: Manufacturer: Linux 5.6.0-rc3-d1c6a769cdf4-00064-gd1c6a769cdf4 vhci_hcd
[    6.612397][    T1] usb usb36: SerialNumber: vhci_hcd.13
[    6.613845][    T1] hub 36-0:1.0: USB hub found
[    6.614299][    T1] hub 36-0:1.0: 8 ports detected
[    6.617731][    T1] vhci_hcd vhci_hcd.14: USB/IP Virtual Host Controller
[    6.618711][    T1] vhci_hcd vhci_hcd.14: new USB bus registered, assigned bus number 37
[    6.620057][    T1] usb usb37: New USB device found, idVendor=1d6b, idProduct=0002, bcdDevice= 5.06
[    6.621352][    T1] usb usb37: New USB device strings: Mfr=3, Product=2, SerialNumber=1
[    6.622044][    T1] usb usb37: Product: USB/IP Virtual Host Controller
[    6.622560][    T1] usb usb37: Manufacturer: Linux 5.6.0-rc3-d1c6a769cdf4-00064-gd1c6a769cdf4 vhci_hcd
[    6.623638][    T1] usb usb37: SerialNumber: vhci_hcd.14
[    6.625235][    T1] hub 37-0:1.0: USB hub found
[    6.625844][    T1] hub 37-0:1.0: 8 ports detected
[    6.628972][    T1] vhci_hcd vhci_hcd.14: USB/IP Virtual Host Controller
[    6.630035][    T1] vhci_hcd vhci_hcd.14: new USB bus registered, assigned bus number 38
[    6.631253][    T1] usb usb38: We don't know the algorithms for LPM for this host, disabling LPM.
[    6.632312][    T1] usb usb38: New USB device found, idVendor=1d6b, idProduct=0003, bcdDevice= 5.06
[    6.633015][    T1] usb usb38: New USB device strings: Mfr=3, Product=2, SerialNumber=1
[    6.633639][    T1] usb usb38: Product: USB/IP Virtual Host Controller
[    6.634145][    T1] usb usb38: Manufacturer: Linux 5.6.0-rc3-d1c6a769cdf4-00064-gd1c6a769cdf4 vhci_hcd
[    6.634869][    T1] usb usb38: SerialNumber: vhci_hcd.14
[    6.636226][    T1] hub 38-0:1.0: USB hub found
[    6.636692][    T1] hub 38-0:1.0: 8 ports detected
[    6.640184][    T1] vhci_hcd vhci_hcd.15: USB/IP Virtual Host Controller
[    6.641115][    T1] vhci_hcd vhci_hcd.15: new USB bus registered, assigned bus number 39
[    6.642311][    T1] usb usb39: New USB device found, idVendor=1d6b, idProduct=0002, bcdDevice= 5.06
[    6.643033][    T1] usb usb39: New USB device strings: Mfr=3, Product=2, SerialNumber=1
[    6.643665][    T1] usb usb39: Product: USB/IP Virtual Host Controller
[    6.644182][    T1] usb usb39: Manufacturer: Linux 5.6.0-rc3-d1c6a769cdf4-00064-gd1c6a769cdf4 vhci_hcd
[    6.644911][    T1] usb usb39: SerialNumber: vhci_hcd.15
[    6.646524][    T1] hub 39-0:1.0: USB hub found
[    6.646992][    T1] hub 39-0:1.0: 8 ports detected
[    6.649867][    T1] vhci_hcd vhci_hcd.15: USB/IP Virtual Host Controller
[    6.651052][    T1] vhci_hcd vhci_hcd.15: new USB bus registered, assigned bus number 40
[    6.651850][    T1] usb usb40: We don't know the algorithms for LPM for this host, disabling LPM.
[    6.653151][    T1] usb usb40: New USB device found, idVendor=1d6b, idProduct=0003, bcdDevice= 5.06
[    6.654238][    T1] usb usb40: New USB device strings: Mfr=3, Product=2, SerialNumber=1
[    6.654946][    T1] usb usb40: Product: USB/IP Virtual Host Controller
[    6.655520][    T1] usb usb40: Manufacturer: Linux 5.6.0-rc3-d1c6a769cdf4-00064-gd1c6a769cdf4 vhci_hcd
[    6.656322][    T1] usb usb40: SerialNumber: vhci_hcd.15
[    6.657911][    T1] hub 40-0:1.0: USB hub found
[    6.658408][    T1] hub 40-0:1.0: 8 ports detected
[    6.662560][    T1] usbcore: registered new device driver usbip-host
[    6.665372][    T1] i8042: PNP: PS/2 Controller [PNP0303:KBD,PNP0f13:MOU] at 0x60,0x64 irq 1,12
[    6.667130][    T1] serio: i8042 KBD port at 0x60,0x64 irq 1
[    6.668564][    T1] serio: i8042 AUX port at 0x60,0x64 irq 12
[    6.671406][    T1] mousedev: PS/2 mouse device common for all mice
[    6.673506][ T4100] input: AT Translated Set 2 keyboard as /devices/platform/i8042/serio0/input/input1
[    6.677088][    T1] usbcore: registered new interface driver appletouch
[    6.677901][    T1] usbcore: registered new interface driver bcm5974
[    6.680081][    T1] usbcore: registered new interface driver synaptics_usb
[    6.681335][    T1] usbcore: registered new interface driver iforce
[    6.682148][    T1] usbcore: registered new interface driver xpad
[    6.686149][    T1] usbcore: registered new interface driver usb_acecad
[    6.686984][    T1] usbcore: registered new interface driver aiptek
[    6.687691][    T1] usbcore: registered new interface driver hanwang
[    6.688449][    T1] usbcore: registered new interface driver kbtab
[    6.689191][    T1] usbcore: registered new interface driver pegasus_notetaker
[    6.690109][    T1] usbcore: registered new interface driver usbtouchscreen
[    6.691037][    T1] usbcore: registered new interface driver sur40
[    6.691809][    T1] usbcore: registered new interface driver ati_remote2
[    6.692381][    T1] cm109: Keymap for Komunikate KIP1000 phone loaded
[    6.693185][    T1] usbcore: registered new interface driver cm109
[    6.693729][    T1] cm109: CM109 phone driver: 20080805 (C) Alfred E. Heggestad
[    6.695474][    T1] usbcore: registered new interface driver ims_pcu
[    6.696174][    T1] usbcore: registered new interface driver keyspan_remote
[    6.696872][    T1] usbcore: registered new interface driver powermate
[    6.697830][    T1] usbcore: registered new interface driver yealink
[    6.699510][    T1] rtc_cmos 00:05: RTC can wake from S4
[    6.702190][    T1] rtc_cmos 00:05: registered as rtc0
[    6.702623][    T1] rtc_cmos 00:05: alarms up to one day, y3k, 242 bytes nvram, hpet irqs
[    6.705945][    T1] i2c /dev entries driver
[    6.706809][    T1] usbcore: registered new interface driver i2c-diolan-u2c
[    6.707734][    T1] usbcore: registered new interface driver RobotFuzz Open Source InterFace, OSIF
[    6.708637][    T1] usbcore: registered new interface driver i2c-tiny-usb
[    6.711789][    T1] usbcore: registered new interface driver ati_remote
[    6.712580][    T1] usbcore: registered new interface driver imon
[    6.713645][    T1] usbcore: registered new interface driver mceusb
[    6.714577][    T1] usbcore: registered new interface driver redrat3
[    6.718498][    T1] usbcore: registered new interface driver streamzap
[    6.719270][    T1] usbcore: registered new interface driver igorplugusb
[    6.720017][    T1] usbcore: registered new interface driver iguanair
[    6.720899][    T1] usbcore: registered new interface driver ttusbir
[    6.721477][    T1] b2c2-flexcop: B2C2 FlexcopII/II(b)/III digital TV receiver chip loaded successfully
[    6.731419][    T1] vivid-000: using single planar format API
[    6.752422][    T1] vivid-000: CEC adapter cec0 registered for HDMI input 0
[    6.753378][    T1] vivid-000: V4L2 capture device registered as video3
[    6.754251][    T1] vivid-000: CEC adapter cec1 registered for HDMI output 0
[    6.755233][    T1] vivid-000: V4L2 output device registered as video4
[    6.755959][    T1] vivid-000: V4L2 capture device registered as vbi0, supports raw and sliced VBI
[    6.757042][    T1] vivid-000: V4L2 output device registered as vbi1, supports raw and sliced VBI
[    6.758053][    T1] vivid-000: V4L2 capture device registered as swradio0
[    6.758850][    T1] vivid-000: V4L2 receiver device registered as radio0
[    6.759736][    T1] vivid-000: V4L2 transmitter device registered as radio1
[    6.760689][    T1] vivid-000: V4L2 metadata capture device registered as video5
[    6.761615][    T1] vivid-000: V4L2 metadata output device registered as video6
[    6.762504][    T1] vivid-000: V4L2 touch capture device registered as v4l-touch0
[    6.763756][    T1] vivid-001: using multiplanar format API
[    6.772874][    T1] vivid-001: CEC adapter cec2 registered for HDMI input 0
[    6.773741][    T1] vivid-001: V4L2 capture device registered as video7
[    6.774582][    T1] vivid-001: CEC adapter cec3 registered for HDMI output 0
[    6.775422][    T1] vivid-001: V4L2 output device registered as video8
[    6.776551][    T1] vivid-001: V4L2 capture device registered as vbi2, supports raw and sliced VBI
[    6.777846][    T1] vivid-001: V4L2 output device registered as vbi3, supports raw and sliced VBI
[    6.778967][    T1] vivid-001: V4L2 capture device registered as swradio1
[    6.779889][    T1] vivid-001: V4L2 receiver device registered as radio2
[    6.781755][    T1] vivid-001: V4L2 transmitter device registered as radio3
[    6.782721][    T1] vivid-001: V4L2 metadata capture device registered as video9
[    6.783704][    T1] vivid-001: V4L2 metadata output device registered as video10
[    6.784692][    T1] vivid-001: V4L2 touch capture device registered as v4l-touch1
[    6.785683][    T1] vivid-002: using single planar format API
[    6.794223][    T1] vivid-002: CEC adapter cec4 registered for HDMI input 0
[    6.795097][    T1] vivid-002: V4L2 capture device registered as video11
[    6.795927][    T1] vivid-002: CEC adapter cec5 registered for HDMI output 0
[    6.796757][    T1] vivid-002: V4L2 output device registered as video12
[    6.797603][    T1] vivid-002: V4L2 capture device registered as vbi4, supports raw and sliced VBI
[    6.798615][    T1] vivid-002: V4L2 output device registered as vbi5, supports raw and sliced VBI
[    6.799602][    T1] vivid-002: V4L2 capture device registered as swradio2
[    6.800718][    T1] vivid-002: V4L2 receiver device registered as radio4
[    6.801499][    T1] vivid-002: V4L2 transmitter device registered as radio5
[    6.802340][    T1] vivid-002: V4L2 metadata capture device registered as video13
[    6.803208][    T1] vivid-002: V4L2 metadata output device registered as video14
[    6.804074][    T1] vivid-002: V4L2 touch capture device registered as v4l-touch2
[    6.804942][    T1] vivid-003: using multiplanar format API
[    6.814878][    T1] vivid-003: CEC adapter cec6 registered for HDMI input 0
[    6.815696][    T1] vivid-003: V4L2 capture device registered as video15
[    6.816504][    T1] vivid-003: CEC adapter cec7 registered for HDMI output 0
[    6.817485][    T1] vivid-003: V4L2 output device registered as video16
[    6.818301][    T1] vivid-003: V4L2 capture device registered as vbi6, supports raw and sliced VBI
[    6.819293][    T1] vivid-003: V4L2 output device registered as vbi7, supports raw and sliced VBI
[    6.820302][    T1] vivid-003: V4L2 capture device registered as swradio3
[    6.821141][    T1] vivid-003: V4L2 receiver device registered as radio6
[    6.822090][    T1] vivid-003: V4L2 transmitter device registered as radio7
[    6.823688][    T1] vivid-003: V4L2 metadata capture device registered as video17
[    6.824538][    T1] vivid-003: V4L2 metadata output device registered as video18
[    6.825409][    T1] vivid-003: V4L2 touch capture device registered as v4l-touch3
[    6.826271][    T1] vivid-004: using single planar format API
[    6.834835][    T1] vivid-004: CEC adapter cec8 registered for HDMI input 0
[    6.835691][    T1] vivid-004: V4L2 capture device registered as video19
[    6.836535][    T1] vivid-004: CEC adapter cec9 registered for HDMI output 0
[    6.837389][    T1] vivid-004: V4L2 output device registered as video20
[    6.838598][    T1] vivid-004: V4L2 capture device registered as vbi8, supports raw and sliced VBI
[    6.840299][    T1] vivid-004: V4L2 output device registered as vbi9, supports raw and sliced VBI
[    6.841439][    T1] vivid-004: V4L2 capture device registered as swradio4
[    6.842263][    T1] vivid-004: V4L2 receiver device registered as radio8
[    6.843085][    T1] vivid-004: V4L2 transmitter device registered as radio9
[    6.843961][    T1] vivid-004: V4L2 metadata capture device registered as video21
[    6.844844][    T1] vivid-004: V4L2 metadata output device registered as video22
[    6.845985][    T1] vivid-004: V4L2 touch capture device registered as v4l-touch4
[    6.846923][    T1] vivid-005: using multiplanar format API
[    6.855760][    T1] vivid-005: CEC adapter cec10 registered for HDMI input 0
[    6.856637][    T1] vivid-005: V4L2 capture device registered as video23
[    6.857469][    T1] vivid-005: CEC adapter cec11 registered for HDMI output 0
[    6.858326][    T1] vivid-005: V4L2 output device registered as video24
[    6.859145][    T1] vivid-005: V4L2 capture device registered as vbi10, supports raw and sliced VBI
[    6.860132][    T1] vivid-005: V4L2 output device registered as vbi11, supports raw and sliced VBI
[    6.861213][    T1] vivid-005: V4L2 capture device registered as swradio5
[    6.862034][    T1] vivid-005: V4L2 receiver device registered as radio10
[    6.863000][    T1] vivid-005: V4L2 transmitter device registered as radio11
[    6.864615][    T1] vivid-005: V4L2 metadata capture device registered as video25
[    6.865455][    T1] vivid-005: V4L2 metadata output device registered as video26
[    6.866315][    T1] vivid-005: V4L2 touch capture device registered as v4l-touch5
[    6.867184][    T1] vivid-006: using single planar format API
[    6.876974][    T1] vivid-006: CEC adapter cec12 registered for HDMI input 0
[    6.877930][    T1] vivid-006: V4L2 capture device registered as video27
[    6.878747][    T1] vivid-006: CEC adapter cec13 registered for HDMI output 0
[    6.879593][    T1] vivid-006: V4L2 output device registered as video28
[    6.880504][    T1] vivid-006: V4L2 capture device registered as vbi12, supports raw and sliced VBI
[    6.881498][    T1] vivid-006: V4L2 output device registered as vbi13, supports raw and sliced VBI
[    6.882480][    T1] vivid-006: V4L2 capture device registered as swradio6
[    6.883310][    T1] vivid-006: V4L2 receiver device registered as radio12
[    6.884341][    T1] vivid-006: V4L2 transmitter device registered as radio13
[    6.885996][    T1] vivid-006: V4L2 metadata capture device registered as video29
[    6.886837][    T1] vivid-006: V4L2 metadata output device registered as video30
[    6.887702][    T1] vivid-006: V4L2 touch capture device registered as v4l-touch6
[    6.888759][    T1] vivid-007: using multiplanar format API
[    6.897839][    T1] vivid-007: CEC adapter cec14 registered for HDMI input 0
[    6.898696][    T1] vivid-007: V4L2 capture device registered as video31
[    6.899784][    T1] vivid-007: CEC adapter cec15 registered for HDMI output 0
[    6.901146][    T1] vivid-007: V4L2 output device registered as video32
[    6.902054][    T1] vivid-007: V4L2 capture device registered as vbi14, supports raw and sliced VBI
[    6.903454][    T1] vivid-007: V4L2 output device registered as vbi15, supports raw and sliced VBI
[    6.904666][    T1] vivid-007: V4L2 capture device registered as swradio7
[    6.905459][    T1] vivid-007: V4L2 receiver device registered as radio14
[    6.906266][    T1] vivid-007: V4L2 transmitter device registered as radio15
[    6.907154][    T1] vivid-007: V4L2 metadata capture device registered as video33
[    6.908032][    T1] vivid-007: V4L2 metadata output device registered as video34
[    6.909164][    T1] vivid-007: V4L2 touch capture device registered as v4l-touch7
[    6.910089][    T1] vivid-008: using single planar format API
[    6.919003][    T1] vivid-008: CEC adapter cec16 registered for HDMI input 0
[    6.919864][    T1] vivid-008: V4L2 capture device registered as video35
[    6.920785][    T1] vivid-008: CEC adapter cec17 registered for HDMI output 0
[    6.921646][    T1] vivid-008: V4L2 output device registered as video36
[    6.922447][    T1] vivid-008: V4L2 capture device registered as vbi16, supports raw and sliced VBI
[    6.923448][    T1] vivid-008: V4L2 output device registered as vbi17, supports raw and sliced VBI
[    6.924455][    T1] vivid-008: V4L2 capture device registered as swradio8
[    6.925262][    T1] vivid-008: V4L2 receiver device registered as radio16
