c[?7l[2J[0mSeaBIOS (version rel-1.16.0-0-gd239552ce722-prebuilt.qemu.org)


iPXE (http://ipxe.org) 00:03.0 CA00 PCI2.10 PnP PMM+7FF91000+7FEF1000 CA00
Press Ctrl-B to configure iPXE (PCI 00:03.0)...                                                                               


Booting from ROM..c[?7l[2Jearly console in extract_kernel
input_data: 0x000000000bff62d8
input_len: 0x000000000460ad1a
output: 0x0000000001000000
output_len: 0x000000000e312b28
kernel_total_size: 0x000000000f626000
needed_size: 0x000000000f800000
trampoline_32bit: 0x000000000009d000

Decompressing Linux... Parsing ELF... done.
Booting the kernel.
[    0.000000][    T0] Linux version 5.7.0-rc5-d59eb177c84f-01824-gd59eb177c84f (root@xpf.sh.intel.com) (gcc version 8.5.0 20210514 (Red Hat 8.5.0-20) (GCC), GNU ld version 2.36.1-2.el8) #1 SMP PREEMPT Sat Dec 2 12:09:02 CST 2023
[    0.000000][    T0] Command line: console=ttyS0 root=/dev/sda1 earlyprintk=serial net.ifnames=0 thunderbolt.dyndbg plymouth.enable=0
[    0.000000][    T0] KERNEL supported cpus:
[    0.000000][    T0]   Intel GenuineIntel
[    0.000000][    T0]   AMD AuthenticAMD
[    0.000000][    T0] x86/fpu: Supporting XSAVE feature 0x001: 'x87 floating point registers'
[    0.000000][    T0] x86/fpu: Supporting XSAVE feature 0x002: 'SSE registers'
[    0.000000][    T0] x86/fpu: Supporting XSAVE feature 0x004: 'AVX registers'
[    0.000000][    T0] x86/fpu: Supporting XSAVE feature 0x008: 'MPX bounds registers'
[    0.000000][    T0] x86/fpu: Supporting XSAVE feature 0x010: 'MPX CSR'
[    0.000000][    T0] x86/fpu: Supporting XSAVE feature 0x020: 'AVX-512 opmask'
[    0.000000][    T0] x86/fpu: Supporting XSAVE feature 0x040: 'AVX-512 Hi256'
[    0.000000][    T0] x86/fpu: Supporting XSAVE feature 0x080: 'AVX-512 ZMM_Hi256'
[    0.000000][    T0] x86/fpu: xstate_offset[2]:  576, xstate_sizes[2]:  256
[    0.000000][    T0] x86/fpu: xstate_offset[3]:  832, xstate_sizes[3]:   64
[    0.000000][    T0] x86/fpu: xstate_offset[4]:  896, xstate_sizes[4]:   64
[    0.000000][    T0] x86/fpu: xstate_offset[5]:  960, xstate_sizes[5]:   64
[    0.000000][    T0] x86/fpu: xstate_offset[6]: 1024, xstate_sizes[6]:  512
[    0.000000][    T0] x86/fpu: xstate_offset[7]: 1536, xstate_sizes[7]: 1024
[    0.000000][    T0] x86/fpu: Enabled xstate features 0xff, context size is 2560 bytes, using 'compacted' format.
[    0.000000][    T0] BIOS-provided physical RAM map:
[    0.000000][    T0] BIOS-e820: [mem 0x0000000000000000-0x000000000009fbff] usable
[    0.000000][    T0] BIOS-e820: [mem 0x000000000009fc00-0x000000000009ffff] reserved
[    0.000000][    T0] BIOS-e820: [mem 0x00000000000f0000-0x00000000000fffff] reserved
[    0.000000][    T0] BIOS-e820: [mem 0x0000000000100000-0x000000007ffdffff] usable
[    0.000000][    T0] BIOS-e820: [mem 0x000000007ffe0000-0x000000007fffffff] reserved
[    0.000000][    T0] BIOS-e820: [mem 0x00000000feffc000-0x00000000feffffff] reserved
[    0.000000][    T0] BIOS-e820: [mem 0x00000000fffc0000-0x00000000ffffffff] reserved
[    0.000000][    T0] printk: bootconsole [earlyser0] enabled
[    0.000000][    T0] ERROR: earlyprintk= earlyser already used
[    0.000000][    T0] ERROR: earlyprintk= earlyser already used
[    0.000000][    T0] ERROR: earlyprintk= earlyser already used
[    0.000000][    T0] Malformed early option 'vsyscall'
[    0.000000][    T0] nopcid: PCID feature disabled
[    0.000000][    T0] NX (Execute Disable) protection: active
[    0.000000][    T0] SMBIOS 2.8 present.
[    0.000000][    T0] DMI: QEMU Standard PC (i440FX + PIIX, 1996), BIOS rel-1.16.0-0-gd239552ce722-prebuilt.qemu.org 04/01/2014
[    0.000000][    T0] Hypervisor detected: KVM
[    0.000000][    T0] kvm-clock: Using msrs 4b564d01 and 4b564d00
[    0.000002][    T0] kvm-clock: cpu 0, msr ef39001, primary cpu clock
[    0.000002][    T0] kvm-clock: using sched offset of 861294843 cycles
[    0.000537][    T0] clocksource: kvm-clock: mask: 0xffffffffffffffff max_cycles: 0x1cd42e4dffb, max_idle_ns: 881590591483 ns
[    0.002000][    T0] tsc: Detected 2999.998 MHz processor
[    0.007532][    T0] last_pfn = 0x7ffe0 max_arch_pfn = 0x400000000
[    0.008120][    T0] x86/PAT: Configuration [0-7]: WB  WC  UC- UC  WB  WP  UC- WT  
[    0.015707][    T0] found SMP MP-table at [mem 0x000f5ba0-0x000f5baf]
[    0.016316][    T0] Using GB pages for direct mapping
[    0.017383][    T0] ACPI: Early table checksum verification disabled
[    0.017970][    T0] ACPI: RSDP 0x00000000000F59C0 000014 (v00 BOCHS )
[    0.018537][    T0] ACPI: RSDT 0x000000007FFE1951 000034 (v01 BOCHS  BXPC     00000001 BXPC 00000001)
[    0.019710][    T0] ACPI: FACP 0x000000007FFE17FD 000074 (v01 BOCHS  BXPC     00000001 BXPC 00000001)
[    0.020592][    T0] ACPI: DSDT 0x000000007FFE0040 0017BD (v01 BOCHS  BXPC     00000001 BXPC 00000001)
[    0.021462][    T0] ACPI: FACS 0x000000007FFE0000 000040
[    0.021961][    T0] ACPI: APIC 0x000000007FFE1871 000080 (v01 BOCHS  BXPC     00000001 BXPC 00000001)
[    0.022840][    T0] ACPI: HPET 0x000000007FFE18F1 000038 (v01 BOCHS  BXPC     00000001 BXPC 00000001)
[    0.023682][    T0] ACPI: WAET 0x000000007FFE1929 000028 (v01 BOCHS  BXPC     00000001 BXPC 00000001)
[    0.025345][    T0] No NUMA configuration found
[    0.025761][    T0] Faking a node at [mem 0x0000000000000000-0x000000007ffdffff]
[    0.026435][    T0] Faking node 0 at [mem 0x0000000000000000-0x000000003fffffff] (1024MB)
[    0.027215][    T0] Faking node 1 at [mem 0x0000000040000000-0x000000007ffdffff] (1023MB)
[    0.028261][    T0] NODE_DATA(0) allocated [mem 0x3fffb000-0x3fffffff]
[    0.028941][    T0] NODE_DATA(1) allocated [mem 0x7ffda000-0x7ffdefff]
[    0.032900][    T0] Zone ranges:
[    0.033211][    T0]   DMA      [mem 0x0000000000001000-0x0000000000ffffff]
[    0.033794][    T0]   DMA32    [mem 0x0000000001000000-0x000000007ffdffff]
[    0.034367][    T0]   Normal   empty
[    0.034667][    T0]   Device   empty
[    0.034964][    T0] Movable zone start for each node
[    0.035372][    T0] Early memory node ranges
[    0.035727][    T0]   node   0: [mem 0x0000000000001000-0x000000000009efff]
[    0.036301][    T0]   node   0: [mem 0x0000000000100000-0x000000003fffffff]
[    0.036886][    T0]   node   1: [mem 0x0000000040000000-0x000000007ffdffff]
[    0.037475][    T0] Zeroed struct page in unavailable ranges: 130 pages
[    0.037479][    T0] Initmem setup node 0 [mem 0x0000000000001000-0x000000003fffffff]
[    0.049020][    T0] Initmem setup node 1 [mem 0x0000000040000000-0x000000007ffdffff]
[    0.092952][    T0] kasan: KernelAddressSanitizer initialized
[    0.093848][    T0] ACPI: PM-Timer IO Port: 0x608
[    0.094314][    T0] ACPI: LAPIC_NMI (acpi_id[0xff] dfl dfl lint[0x1])
[    0.094971][    T0] IOAPIC[0]: apic_id 0, version 17, address 0xfec00000, GSI 0-23
[    0.095682][    T0] ACPI: INT_SRC_OVR (bus 0 bus_irq 0 global_irq 2 dfl dfl)
[    0.096337][    T0] ACPI: INT_SRC_OVR (bus 0 bus_irq 5 global_irq 5 high level)
[    0.097018][    T0] ACPI: INT_SRC_OVR (bus 0 bus_irq 9 global_irq 9 high level)
[    0.097708][    T0] ACPI: INT_SRC_OVR (bus 0 bus_irq 10 global_irq 10 high level)
[    0.098408][    T0] ACPI: INT_SRC_OVR (bus 0 bus_irq 11 global_irq 11 high level)
[    0.099123][    T0] Using ACPI (MADT) for SMP configuration information
[    0.099752][    T0] ACPI: HPET id: 0x8086a201 base: 0xfed00000
[    0.100298][    T0] smpboot: Allowing 2 CPUs, 0 hotplug CPUs
[    0.100838][    T0] KVM setup pv remote TLB flush
[    0.101271][    T0] KVM setup pv sched yield
[    0.101696][    T0] PM: hibernation: Registered nosave memory: [mem 0x00000000-0x00000fff]
[    0.102449][    T0] PM: hibernation: Registered nosave memory: [mem 0x0009f000-0x0009ffff]
[    0.103197][    T0] PM: hibernation: Registered nosave memory: [mem 0x000a0000-0x000effff]
[    0.103982][    T0] PM: hibernation: Registered nosave memory: [mem 0x000f0000-0x000fffff]
[    0.104760][    T0] [mem 0x80000000-0xfeffbfff] available for PCI devices
[    0.105374][    T0] Booting paravirtualized kernel on KVM
[    0.105890][    T0] clocksource: refined-jiffies: mask: 0xffffffff max_cycles: 0xffffffff, max_idle_ns: 19112604462750000 ns
[    0.150713][    T0] setup_percpu: NR_CPUS:8 nr_cpumask_bits:8 nr_cpu_ids:2 nr_node_ids:2
[    0.151980][    T0] percpu: Embedded 65 pages/cpu s229320 r8192 d28728 u2097152
[    0.152711][    T0] KVM setup async PF for cpu 0
[    0.153102][    T0] kvm-stealtime: cpu 0, msr 2ce21b80
[    0.153548][    T0] PV qspinlock hash table entries: 256 (order: 0, 4096 bytes, linear)
[    0.154230][    T0] Built 2 zonelists, mobility grouping on.  Total pages: 515945
[    0.154855][    T0] Policy zone: DMA32
[    0.155189][    T0] Kernel command line: earlyprintk=serial net.ifnames=0 sysctl.kernel.hung_task_all_cpu_backtrace=1 ima_policy=tcb nf-conntrack-ftp.ports=20000 nf-conntrack-tftp.ports=20000 nf-conntrack-sip.ports=20000 nf-conntrack-irc.ports=20000 nf-conntrack-sane.ports=20000 binder.debug_mask=0 rcupdate.rcu_expedited=1 rcupdate.rcu_cpu_stall_cputime=1 no_hash_pointers page_owner=on sysctl.vm.nr_hugepages=4 sysctl.vm.nr_overcommit_hugepages=4 secretmem.enable=1 sysctl.max_rcu_stall_to_panic=1 msr.allow_writes=off coredump_filter=0xffff root=/dev/sda console=ttyS0 vsyscall=native numa=fake=2 kvm-intel.nested=1 spec_store_bypass_disable=prctl nopcid vivid.n_devs=16 vivid.multiplanar=1,2,1,2,1,2,1,2,1,2,1,2,1,2,1,2 netrom.nr_ndevs=16 rose.rose_ndevs=16 smp.csd_lock_timeout=100000 watchdog_thresh=55 workqueue.watchdog_thresh=140 sysctl.net.core.netdev_unregister_timeout_secs=140 dummy_hcd.num=8 panic_on_warn=1 console=ttyS0 root=/dev/sda1 earlyprintk=serial net.ifnames=0 thunderb
[    0.158511][    T0] mem auto-init: stack:off, heap alloc:on, heap free:off
[    0.286645][    T0] Memory: 1517268K/2096632K available (135176K kernel code, 41308K rwdata, 27544K rodata, 2620K init, 23480K bss, 579364K reserved, 0K cma-reserved)
[    0.288495][    T0] SLUB: HWalign=64, Order=0-3, MinObjects=0, CPUs=2, Nodes=2
[    0.290699][    T0] Running RCU self tests
[    0.291060][    T0] rcu: Preemptible hierarchical RCU implementation.
[    0.291581][    T0] rcu: 	RCU lockdep checking is enabled.
[    0.292021][    T0] rcu: 	RCU restricting CPUs from NR_CPUS=8 to nr_cpu_ids=2.
[    0.292601][    T0] rcu: 	RCU callback double-/use-after-free debug enabled.
[    0.293164][    T0] rcu: 	RCU debug extended QS entry/exit.
[    0.293613][    T0] 	All grace periods are expedited (rcu_expedited).
[    0.294128][    T0] 	Tasks RCU enabled.
[    0.294441][    T0] rcu: RCU calculated value of scheduler-enlistment delay is 10 jiffies.
[    0.295105][    T0] rcu: Adjusting geometry for rcu_fanout_leaf=16, nr_cpu_ids=2
[    0.300156][    T0] NR_IRQS: 4352, nr_irqs: 440, preallocated irqs: 16
[    0.301467][    T0] random: get_random_bytes called from start_kernel+0x63c/0x96e with crng_init=0
[    0.306405][    T0] Console: colour VGA+ 80x25
[    0.307806][    T0] printk: console [ttyS0] enabled
[    0.307806][    T0] printk: console [ttyS0] enabled
[    0.308775][    T0] printk: bootconsole [earlyser0] disabled
[    0.308775][    T0] printk: bootconsole [earlyser0] disabled
[    0.309832][    T0] Lock dependency validator: Copyright (c) 2006 Red Hat, Inc., Ingo Molnar
[    0.310645][    T0] ... MAX_LOCKDEP_SUBCLASSES:  8
[    0.311097][    T0] ... MAX_LOCK_DEPTH:          48
[    0.311574][    T0] ... MAX_LOCKDEP_KEYS:        8192
[    0.312045][    T0] ... CLASSHASH_SIZE:          4096
[    0.312542][    T0] ... MAX_LOCKDEP_ENTRIES:     32768
[    0.312974][    T0] ... MAX_LOCKDEP_CHAINS:      65536
[    0.313407][    T0] ... CHAINHASH_SIZE:          32768
[    0.313886][    T0]  memory used by lock dependency info: 6301 kB
[    0.314443][    T0]  memory used for stack traces: 4224 kB
[    0.314929][    T0]  per task-struct memory footprint: 1920 bytes
[    0.315734][    T0] mempolicy: Enabling automatic NUMA balancing. Configure with numa_balancing= or the kernel.numa_balancing sysctl
[    0.317017][    T0] ACPI: Core revision 20200326
[    0.317917][    T0] clocksource: hpet: mask: 0xffffffff max_cycles: 0xffffffff, max_idle_ns: 19112604467 ns
[    0.319039][    T0] APIC: Switch to symmetric I/O mode setup
[    0.319730][    T0] x2apic enabled
[    0.320237][    T0] Switched APIC routing to physical x2apic.
[    0.320770][    T0] KVM setup pv IPIs
[    0.322224][    T0] ..TIMER: vector=0x30 apic1=0 pin1=2 apic2=-1 pin2=-1
[    0.322858][    T0] clocksource: tsc-early: mask: 0xffffffffffffffff max_cycles: 0x2b3e43c8763, max_idle_ns: 440795360101 ns
[    0.323875][    T0] Calibrating delay loop (skipped) preset value.. 5999.99 BogoMIPS (lpj=29999980)
[    0.324704][    T0] pid_max: default: 32768 minimum: 301
[    0.325324][    T0] LSM: Security Framework initializing
[    0.325868][    T0] Yama: becoming mindful.
[    0.326287][    T0] TOMOYO Linux initialized
[    0.326840][    T0] AppArmor: AppArmor initialized
[    0.327258][    T0] LSM support for eBPF active
[    0.328483][    T0] Dentry cache hash table entries: 262144 (order: 9, 2097152 bytes, vmalloc)
[    0.334272][    T0] Inode-cache hash table entries: 131072 (order: 8, 1048576 bytes, vmalloc)
[    0.335136][    T0] Mount-cache hash table entries: 4096 (order: 3, 32768 bytes, vmalloc)
[    0.335829][    T0] Mountpoint-cache hash table entries: 4096 (order: 3, 32768 bytes, vmalloc)
[    0.338629][    T0] x86/cpu: User Mode Instruction Prevention (UMIP) activated
[    0.339346][    T0] Last level iTLB entries: 4KB 0, 2MB 0, 4MB 0
[    0.339850][    T0] Last level dTLB entries: 4KB 0, 2MB 0, 4MB 0, 1GB 0
[    0.340419][    T0] Spectre V1 : Mitigation: usercopy/swapgs barriers and __user pointer sanitization
[    0.341207][    T0] Spectre V2 : Mitigation: Enhanced IBRS
[    0.341634][    T0] Spectre V2 : Spectre v2 / SpectreRSB mitigation: Filling RSB on context switch
[    0.342414][    T0] Spectre V2 : mitigation: Enabling conditional Indirect Branch Prediction Barrier
[    0.343207][    T0] Speculative Store Bypass: Mitigation: Speculative Store Bypass disabled via prctl
[    0.343903][    T0] TAA: Mitigation: Clear CPU buffers
[    0.345253][    T0] Freeing SMP alternatives memory: 100K
[    0.346221][    T1] smpboot: CPU0: Intel(R) Core(TM) i9-10980XE CPU @ 3.00GHz (family: 0x6, model: 0x55, stepping: 0x7)
[    0.348043][    T1] Performance Events: Skylake events, full-width counters, Intel PMU driver.
[    0.348763][    T1] ... version:                2
[    0.349152][    T1] ... bit width:              48
[    0.349531][    T1] ... generic registers:      4
[    0.349904][    T1] ... value mask:             0000ffffffffffff
[    0.350375][    T1] ... max period:             00007fffffffffff
[    0.350889][    T1] ... fixed-purpose events:   3
[    0.351483][    T1] ... event mask:             000000070000000f
[    0.352445][    T1] rcu: Hierarchical SRCU implementation.
[    0.357664][    T1] smp: Bringing up secondary CPUs ...
[    0.359002][    T1] x86: Booting SMP configuration:
[    0.359407][    T1] .... node  #1, CPUs:      #1
[    0.022552][    T0] kvm-clock: cpu 1, msr ef39041, secondary cpu clock
[    0.360896][   T15] KVM setup async PF for cpu 1
[    0.360896][   T15] kvm-stealtime: cpu 1, msr 7ec21b80
[    0.360896][    T1] smp: Brought up 2 nodes, 2 CPUs
[    0.360896][    T1] smpboot: Max logical packages: 1
[    0.360896][    T1] smpboot: Total of 2 processors activated (11999.99 BogoMIPS)
[    0.367397][    T1] allocated 12582912 bytes of page_ext
[    0.368076][    T1] Node 0, zone      DMA: page owner found early allocated 0 pages
[    0.371777][    T1] Node 0, zone    DMA32: page owner found early allocated 2711 pages
[    0.372766][    T1] Node 1, zone    DMA32: page owner found early allocated 2636 pages
[    0.374228][    T1] devtmpfs: initialized
[    0.374768][    T1] x86/mm: Memory block size: 128MB
[    0.394962][    T1] clocksource: jiffies: mask: 0xffffffff max_cycles: 0xffffffff, max_idle_ns: 19112604462750000 ns
[    0.395946][    T1] futex hash table entries: 512 (order: 4, 65536 bytes, vmalloc)
[    0.397059][    T1] xor: automatically using best checksumming function   avx       
[    0.398877][    T1] PM: RTC time: 06:07:52, date: 2023-12-03
[    0.399387][    T1] thermal_sys: Registered thermal governor 'step_wise'
[    0.399390][    T1] thermal_sys: Registered thermal governor 'user_space'
[    0.401302][    T1] NET: Registered protocol family 16
[    0.405210][   T24] kworker/u5:0 (24) used greatest stack depth: 27056 bytes left
[    0.406429][   T31] kworker/u5:0 (31) used greatest stack depth: 26896 bytes left
[    0.409907][    T1] audit: initializing netlink subsys (disabled)
[    0.410799][   T36] audit: type=2000 audit(1701583672.773:1): state=initialized audit_enabled=0 res=1
[    0.416619][    T1] cpuidle: using governor menu
[    0.417091][    T1] NET: Registered protocol family 42
[    0.420497][    T1] ACPI: bus type PCI registered
[    0.422442][    T1] dca service started, version 1.12.1
[    0.423168][    T1] PCI: Using configuration type 1 for base access
[    0.908895][    T1] HugeTLB registered 1.00 GiB page size, pre-allocated 0 pages
[    0.908895][    T1] HugeTLB registered 2.00 MiB page size, pre-allocated 0 pages
[    0.924883][    T1] cryptd: max_cpu_qlen set to 1000
[    0.956132][    T1] raid6: skip pq benchmark and using algorithm avx512x4
[    0.956802][    T1] raid6: using avx512x2 recovery algorithm
[    0.957926][    T1] ACPI: Added _OSI(Module Device)
[    0.958415][    T1] ACPI: Added _OSI(Processor Device)
[    0.958915][    T1] ACPI: Added _OSI(3.0 _SCP Extensions)
[    0.959486][    T1] ACPI: Added _OSI(Processor Aggregator Device)
[    0.960104][    T1] ACPI: Added _OSI(Linux-Dell-Video)
[    0.960591][    T1] ACPI: Added _OSI(Linux-Lenovo-NV-HDMI-Audio)
[    0.961159][    T1] ACPI: Added _OSI(Linux-HPI-Hybrid-Graphics)
[    0.985404][    T1] ACPI: 1 ACPI AML tables successfully acquired and loaded
[    1.027186][    T1] ACPI: Interpreter enabled
[    1.027707][    T1] ACPI: (supports S0 S3 S4 S5)
[    1.028086][    T1] ACPI: Using IOAPIC for interrupt routing
[    1.028684][    T1] PCI: Using host bridge windows from ACPI; if necessary, use "pci=nocrs" and report a bug
[    1.031145][    T1] ACPI: Enabled 2 GPEs in block 00 to 0F
[    1.092056][    T1] ACPI: PCI Root Bridge [PCI0] (domain 0000 [bus 00-ff])
[    1.092756][    T1] acpi PNP0A03:00: _OSC: OS supports [ASPM ClockPM Segments MSI HPX-Type3]
[    1.094189][    T1] acpi PNP0A03:00: fail to add MMCONFIG information, can't access extended PCI configuration space under this bridge.
[    1.096108][    T1] PCI host bridge to bus 0000:00
[    1.096570][    T1] pci_bus 0000:00: Unknown NUMA node; performance will be reduced
[    1.097352][    T1] pci_bus 0000:00: root bus resource [io  0x0000-0x0cf7 window]
[    1.098106][    T1] pci_bus 0000:00: root bus resource [io  0x0d00-0xffff window]
[    1.098840][    T1] pci_bus 0000:00: root bus resource [mem 0x000a0000-0x000bffff window]
[    1.099592][    T1] pci_bus 0000:00: root bus resource [mem 0x80000000-0xfebfffff window]
[    1.100396][    T1] pci_bus 0000:00: root bus resource [mem 0x100000000-0x17fffffff window]
[    1.101193][    T1] pci_bus 0000:00: root bus resource [bus 00-ff]
[    1.101975][    T1] pci 0000:00:00.0: [8086:1237] type 00 class 0x060000
[    1.107136][    T1] pci 0000:00:01.0: [8086:7000] type 00 class 0x060100
[    1.110310][    T1] pci 0000:00:01.1: [8086:7010] type 00 class 0x010180
[    1.112459][    T1] pci 0000:00:01.1: reg 0x20: [io  0xc040-0xc04f]
[    1.113907][    T1] pci 0000:00:01.1: legacy IDE quirk: reg 0x10: [io  0x01f0-0x01f7]
[    1.114408][    T1] pci 0000:00:01.1: legacy IDE quirk: reg 0x14: [io  0x03f6]
[    1.115049][    T1] pci 0000:00:01.1: legacy IDE quirk: reg 0x18: [io  0x0170-0x0177]
[    1.115721][    T1] pci 0000:00:01.1: legacy IDE quirk: reg 0x1c: [io  0x0376]
[    1.118131][    T1] pci 0000:00:01.3: [8086:7113] type 00 class 0x068000
[    1.119283][    T1] pci 0000:00:01.3: quirk: [io  0x0600-0x063f] claimed by PIIX4 ACPI
[    1.120145][    T1] pci 0000:00:01.3: quirk: [io  0x0700-0x070f] claimed by PIIX4 SMB
[    1.123890][    T1] pci 0000:00:02.0: [1234:1111] type 00 class 0x030000
[    1.124376][    T1] pci 0000:00:02.0: reg 0x10: [mem 0xfd000000-0xfdffffff pref]
[    1.126234][    T1] pci 0000:00:02.0: reg 0x18: [mem 0xfebf0000-0xfebf0fff]
[    1.129415][    T1] pci 0000:00:02.0: reg 0x30: [mem 0xfebe0000-0xfebeffff pref]
[    1.134118][    T1] pci 0000:00:03.0: [8086:100e] type 00 class 0x020000
[    1.135237][    T1] pci 0000:00:03.0: reg 0x10: [mem 0xfebc0000-0xfebdffff]
[    1.136167][    T1] pci 0000:00:03.0: reg 0x14: [io  0xc000-0xc03f]
[    1.138723][    T1] pci 0000:00:03.0: reg 0x30: [mem 0xfeb80000-0xfebbffff pref]
[    1.148801][    T1] ACPI: PCI Interrupt Link [LNKA] (IRQs 5 *10 11)
[    1.151862][    T1] ACPI: PCI Interrupt Link [LNKB] (IRQs 5 *10 11)
[    1.153914][    T1] ACPI: PCI Interrupt Link [LNKC] (IRQs 5 10 *11)
[    1.156392][    T1] ACPI: PCI Interrupt Link [LNKD] (IRQs 5 10 *11)
[    1.157385][    T1] ACPI: PCI Interrupt Link [LNKS] (IRQs *9)
[    1.161700][    T1] iommu: Default domain type: Translated 
[    1.163878][    T1] pci 0000:00:02.0: vgaarb: setting as boot VGA device
[    1.163878][    T1] pci 0000:00:02.0: vgaarb: VGA device added: decodes=io+mem,owns=io+mem,locks=none
[    1.164118][    T1] pci 0000:00:02.0: vgaarb: bridge control possible
[    1.164623][    T1] vgaarb: loaded
[    1.169745][    T1] SCSI subsystem initialized
[    1.171692][    T1] ACPI: bus type USB registered
[    1.173898][    T1] usbcore: registered new interface driver usbfs
[    1.173898][    T1] usbcore: registered new interface driver hub
[    1.174037][    T1] usbcore: registered new device driver usb
[    1.176242][    T1] mc: Linux media interface: v0.10
[    1.176845][    T1] videodev: Linux video capture interface: v2.00
[    1.178201][    T1] pps_core: LinuxPPS API ver. 1 registered
[    1.178702][    T1] pps_core: Software ver. 5.3.6 - Copyright 2005-2007 Rodolfo Giometti <giometti@linux.it>
[    1.183974][    T1] PTP clock support registered
[    1.185107][    T1] EDAC MC: Ver: 3.0.0
[    1.186185][ T1883] kworker/u6:1 (1883) used greatest stack depth: 26224 bytes left
[    1.187127][    T1] Advanced Linux Sound Architecture Driver Initialized.
[    1.188621][    T1] PCI: Using ACPI for IRQ routing
[    1.190760][    T1] Bluetooth: Core ver 2.22
[    1.191161][    T1] NET: Registered protocol family 31
[    1.191568][    T1] Bluetooth: HCI device and connection manager initialized
[    1.192158][    T1] Bluetooth: HCI socket layer initialized
[    1.192601][    T1] Bluetooth: L2CAP socket layer initialized
[    1.193087][    T1] Bluetooth: SCO socket layer initialized
[    1.193561][    T1] NET: Registered protocol family 8
[    1.193888][    T1] NET: Registered protocol family 20
[    1.194467][    T1] NetLabel: Initializing
[    1.194832][    T1] NetLabel:  domain hash size = 128
[    1.195268][    T1] NetLabel:  protocols = UNLABELED CIPSOv4 CALIPSO
[    1.196026][    T1] NetLabel:  unlabeled traffic allowed by default
[    1.199260][    T1] nfc: nfc_init: NFC Core ver 0.1
[    1.199921][    T1] NET: Registered protocol family 39
[    1.203473][    T1] hpet0: at MMIO 0xfed00000, IRQs 2, 8, 0
[    1.203885][    T1] hpet0: 3 comparators, 64-bit 100.000000 MHz counter
[    1.213606][    T1] clocksource: Switched to clocksource kvm-clock
[    2.671051][    T1] VFS: Disk quotas dquot_6.6.0
[    2.671525][    T1] VFS: Dquot-cache hash table entries: 512 (order 0, 4096 bytes)
[    2.672535][    T1] FS-Cache: Loaded
[    2.673596][    T1] CacheFiles: Loaded
[    2.674142][    T1] TOMOYO: 2.6.0
[    2.674423][    T1] Mandatory Access Control activated.
[    2.675840][    T1] AppArmor: AppArmor Filesystem Enabled
[    2.676549][    T1] pnp: PnP ACPI init
[    2.681931][    T1] pnp: PnP ACPI: found 6 devices
[    2.722759][    T1] clocksource: acpi_pm: mask: 0xffffff max_cycles: 0xffffff, max_idle_ns: 2085701024 ns
[    2.724761][    T1] pci_bus 0000:00: resource 4 [io  0x0000-0x0cf7 window]
[    2.725324][    T1] pci_bus 0000:00: resource 5 [io  0x0d00-0xffff window]
[    2.725869][    T1] pci_bus 0000:00: resource 6 [mem 0x000a0000-0x000bffff window]
[    2.726462][    T1] pci_bus 0000:00: resource 7 [mem 0x80000000-0xfebfffff window]
[    2.727056][    T1] pci_bus 0000:00: resource 8 [mem 0x100000000-0x17fffffff window]
[    2.728241][    T1] NET: Registered protocol family 2
[    2.730005][    T1] tcp_listen_portaddr_hash hash table entries: 1024 (order: 4, 81920 bytes, vmalloc)
[    2.731013][    T1] TCP established hash table entries: 16384 (order: 5, 131072 bytes, vmalloc)
[    2.733162][    T1] TCP bind hash table entries: 16384 (order: 8, 1179648 bytes, vmalloc)
[    2.734629][    T1] TCP: Hash tables configured (established 16384 bind 16384)
[    2.735998][    T1] UDP hash table entries: 1024 (order: 5, 163840 bytes, vmalloc)
[    2.736895][    T1] UDP-Lite hash table entries: 1024 (order: 5, 163840 bytes, vmalloc)
[    2.738151][    T1] NET: Registered protocol family 1
[    2.739578][    T1] RPC: Registered named UNIX socket transport module.
[    2.740169][    T1] RPC: Registered udp transport module.
[    2.740595][    T1] RPC: Registered tcp transport module.
[    2.741047][    T1] RPC: Registered tcp NFSv4.1 backchannel transport module.
[    2.742544][    T1] NET: Registered protocol family 44
[    2.743047][    T1] pci 0000:00:01.0: PIIX3: Enabling Passive Release
[    2.743615][    T1] pci 0000:00:00.0: Limiting direct PCI/PCI transfers
[    2.744223][    T1] pci 0000:00:01.0: Activating ISA DMA hang workarounds
[    2.744850][    T1] pci 0000:00:02.0: Video device with shadowed ROM at [mem 0x000c0000-0x000dffff]
[    2.745596][    T1] PCI: CLS 0 bytes, default 64
[    2.751820][    T1] RAPL PMU: API unit is 2^-32 Joules, 0 fixed counters, 10737418240 ms ovfl timer
[    2.752565][    T1] kvm: no hardware support
[    2.752912][    T1] has_svm: not amd or hygon
[    2.753257][    T1] kvm: no hardware support
[    2.753610][    T1] clocksource: tsc: mask: 0xffffffffffffffff max_cycles: 0x2b3e43c8763, max_idle_ns: 440795360101 ns
[    2.804796][    T1] Initialise system trusted keyrings
[    2.806154][    T1] workingset: timestamp_bits=40 max_order=19 bucket_order=0
[    2.885122][    T1] DLM installed
[    2.893505][    T1] squashfs: version 4.0 (2009/01/31) Phillip Lougher
[    2.906749][    T1] FS-Cache: Netfs 'nfs' registered for caching
[    2.909040][    T1] NFS: Registering the id_resolver key type
[    2.909555][    T1] Key type id_resolver registered
[    2.909967][    T1] Key type id_legacy registered
[    2.910359][    T1] nfs4filelayout_init: NFSv4 File Layout Driver Registering...
[    2.910977][    T1] Installing knfsd (copyright (C) 1996 okir@monad.swb.de).
[    2.920513][    T1] FS-Cache: Netfs 'cifs' registered for caching
[    2.923061][    T1] Key type cifs.spnego registered
[    2.923475][    T1] Key type cifs.idmap registered
[    2.925935][    T1] ntfs: driver 2.1.32 [Flags: R/W].
[    2.928016][    T1] efs: 1.0a - http://aeschi.ch.eu.org/efs/
[    2.928811][    T1] jffs2: version 2.2. (NAND) (SUMMARY)  Â© 2001-2006 Red Hat, Inc.
[    2.934998][    T1] romfs: ROMFS MTD (C) 2007 Red Hat, Inc.
[    2.936064][    T1] QNX4 filesystem 0.2.3 registered.
[    2.936779][    T1] qnx6: QNX6 filesystem 1.0.0 registered.
[    2.937829][    T1] fuse: init (API version 7.31)
[    2.941259][    T1] orangefs_debugfs_init: called with debug mask: :none: :0:
[    2.942085][    T1] orangefs_init: module version upstream loaded
[    2.946272][    T1] JFS: nTxBlock = 8192, nTxLock = 65536
[    2.955814][    T1] SGI XFS with ACLs, security attributes, realtime, quota, no debug enabled
[    2.964553][    T1] 9p: Installing v9fs 9p2000 file system support
[    2.965323][    T1] FS-Cache: Netfs '9p' registered for caching
[    2.966622][    T1] NILFS version 2 loaded
[    2.966956][    T1] befs: version: 0.9.3
[    2.968343][    T1] ocfs2: Registered cluster interface o2cb
[    2.969188][    T1] ocfs2: Registered cluster interface user
[    2.970242][    T1] OCFS2 User DLM kernel interface loaded
[    2.980400][    T1] gfs2: GFS2 installed
[    2.991591][    T1] FS-Cache: Netfs 'ceph' registered for caching
[    2.992105][    T1] ceph: loaded (mds proto 32)
[    2.998701][    T1] NET: Registered protocol family 38
[    2.999576][    T1] async_tx: api initialized (async)
[    2.999998][    T1] Key type asymmetric registered
[    3.000399][    T1] Asymmetric key parser 'x509' registered
[    3.000860][    T1] Asymmetric key parser 'pkcs8' registered
[    3.001304][    T1] Key type pkcs7_test registered
[    3.001835][    T1] Block layer SCSI generic (bsg) driver version 0.4 loaded (major 241)
[    3.002798][    T1] io scheduler mq-deadline registered
[    3.003216][    T1] io scheduler kyber registered
[    3.004030][    T1] io scheduler bfq registered
[    3.010676][    T1] vga16fb: mapped to 0x0000000054c9cd7f
[    3.485142][    T1] Console: switching to colour frame buffer device 80x30
[    3.743739][    T1] fb0: VGA16 VGA frame buffer device
[    3.745310][    T1] input: Power Button as /devices/LNXSYSTM:00/LNXPWRBN:00/input/input0
[    3.754582][    T1] ACPI: Power Button [PWRF]
[    3.759878][    T1] ioatdma: Intel(R) QuickData Technology Driver 5.00
[    3.952933][    T1] N_HDLC line discipline registered with maxframe=4096
[    3.953530][    T1] Serial: 8250/16550 driver, 4 ports, IRQ sharing enabled
[    3.956404][    T1] 00:04: ttyS0 at I/O 0x3f8 (irq = 4, base_baud = 115200) is a 16550A
[    3.963774][    T1] Initializing Nozomi driver 2.1d
[    3.967008][    T1] Non-volatile memory driver v1.3
[    3.971621][    T1] Linux agpgart interface v0.103
[    3.982400][    T1] [drm] Initialized vgem 1.0.0 20120112 for vgem on minor 0
[    3.983397][    T1] [drm] Supports vblank timestamp caching Rev 2 (21.10.2013).
[    3.986318][    T1] [drm] Initialized vkms 1.0.0 20180514 for vkms on minor 1
[    3.987160][    T1] usbcore: registered new interface driver udl
[    3.987760][    T1] fb0: switching to bochsdrmfb from VGA16 VGA
[    4.138938][    T1] Console: switching to colour VGA+ 80x25
[    4.142372][    T1] bochs-drm 0000:00:02.0: vgaarb: deactivate vga console
[    4.149051][    T1] Console: switching to colour dummy device 80x25
[    4.152130][    T1] [drm] Found bochs VGA, ID 0xb0c5.
[    4.152576][    T1] [drm] Framebuffer size 16384 kB @ 0xfd000000, mmio @ 0xfebf0000.
[    4.154421][    T1] [TTM] Zone  kernel: Available graphics memory: 758684 KiB
[    4.155219][    T1] [TTM] Initializing pool allocator
[    4.155748][    T1] [TTM] Initializing DMA pool allocator
[    4.157513][    T1] [drm] Found EDID data blob.
[    4.159202][    T1] [drm] Initialized bochs-drm 1.0.0 20130925 for 0000:00:02.0 on minor 2
[    4.166793][    T1] fbcon: bochs-drmdrmfb (fb0) is primary device
[    4.188841][    T1] Console: switching to colour frame buffer device 160x50
[    4.205790][    T1] bochs-drm 0000:00:02.0: fb0: bochs-drmdrmfb frame buffer device
[    4.232495][    T1] brd: module loaded
[    4.270942][    T1] loop: module loaded
[    4.367236][    T1] zram: Added device: zram0
[    4.370780][    T1] null_blk: module loaded
[    4.371344][    T1] Guest personality initialized and is inactive
[    4.372282][    T1] VMCI host device registered (name=vmci, major=10, minor=56)
[    4.372868][    T1] Initialized host personality
[    4.373398][    T1] usbcore: registered new interface driver rtsx_usb
[    4.374547][    T1] usbcore: registered new interface driver viperboard
[    4.376871][    T1] usbcore: registered new interface driver dln2
[    4.377650][    T1] usbcore: registered new interface driver pn533_usb
[    4.380228][    T1] nfcsim 0.2 initialized
[    4.380908][    T1] usbcore: registered new interface driver port100
[    4.381667][    T1] usbcore: registered new interface driver nfcmrvl
[    4.385420][    T1] Loading iSCSI transport class v2.0-870.
[    4.390177][    T1] st: Version 20160209, fixed bufsize 32768, s/g segs 256
[    4.406363][    T1] scsi host0: ata_piix
[    4.408688][    T1] scsi host1: ata_piix
[    4.409531][    T1] ata1: PATA max MWDMA2 cmd 0x1f0 ctl 0x3f6 bmdma 0xc040 irq 14
[    4.410125][    T1] ata2: PATA max MWDMA2 cmd 0x170 ctl 0x376 bmdma 0xc048 irq 15
[    4.419082][    T1] Rounding down aligned max_sectors from 4294967295 to 4294967288
[    4.419925][    T1] db_root: cannot open: /etc/target
[    4.420618][    T1] slram: not enough parameters.
[    4.422918][    T1] ftl_cs: FTL header not found.
[    4.444588][    T1] wireguard: WireGuard 1.0.0 loaded. See www.wireguard.com for information.
[    4.445281][    T1] wireguard: Copyright (C) 2015-2019 Jason A. Donenfeld <Jason@zx2c4.com>. All Rights Reserved.
[    4.446085][    T1] eql: Equalizer2002: Simon Janes (simon@ncm.com) and David S. Miller (davem@redhat.com)
[    4.450554][    T1] MACsec IEEE 802.1AE
[    4.460320][    T1] libphy: Fixed MDIO Bus: probed
[    4.463791][    T1] tun: Universal TUN/TAP device driver, 1.6
[    4.467176][    T1] vcan: Virtual CAN interface driver
[    4.467637][    T1] vxcan: Virtual CAN Tunnel driver
[    4.468051][    T1] slcan: serial line CAN interface driver
[    4.468487][    T1] slcan: 10 dynamic interface channels.
[    4.468917][    T1] CAN device driver interface
[    4.473029][    T1] usbcore: registered new interface driver usb_8dev
[    4.473682][    T1] usbcore: registered new interface driver ems_usb
[    4.474658][    T1] usbcore: registered new interface driver gs_usb
[    4.475336][    T1] usbcore: registered new interface driver kvaser_usb
[    4.476029][    T1] usbcore: registered new interface driver mcba_usb
[    4.476722][    T1] usbcore: registered new interface driver peak_usb
[    4.477590][    T1] e100: Intel(R) PRO/100 Network Driver, 3.5.24-k2-NAPI
[    4.478127][    T1] e100: Copyright(c) 1999-2006 Intel Corporation
[    4.478802][    T1] e1000: Intel(R) PRO/1000 Network Driver - version 7.3.21-k8-NAPI
[    4.479432][    T1] e1000: Copyright (c) 1999-2006 Intel Corporation.
[    4.584938][ T3517] ata2.00: ATAPI: QEMU DVD-ROM, 2.5+, max UDMA/100
[    4.585621][ T3512] ata1.00: ATA-7: QEMU HARDDISK, 2.5+, max UDMA/100
[    4.586161][ T3512] ata1.00: 2097458 sectors, multi 16: LBA48 
[    4.599039][   T20] scsi 0:0:0:0: Direct-Access     ATA      QEMU HARDDISK    2.5+ PQ: 0 ANSI: 5
[    4.602257][ T3521] sd 0:0:0:0: [sda] 2097458 512-byte logical blocks: (1.07 GB/1.00 GiB)
[    4.603084][ T3521] sd 0:0:0:0: [sda] Write Protect is off
[    4.603700][ T3521] sd 0:0:0:0: [sda] Write cache: enabled, read cache: enabled, doesn't support DPO or FUA
[    4.606092][   T20] sd 0:0:0:0: Attached scsi generic sg0 type 0
[    4.607895][ T1782] scsi 1:0:0:0: CD-ROM            QEMU     QEMU DVD-ROM     2.5+ PQ: 0 ANSI: 5
[    4.614327][ T3521]  sda: sda1
[    4.617702][ T3521] sd 0:0:0:0: [sda] Attached SCSI disk
[    4.644482][ T1782] sr 1:0:0:0: [sr0] scsi3-mmc drive: 4x/4x cd/rw xa/form2 tray
[    4.645266][ T1782] cdrom: Uniform CD-ROM driver Revision: 3.20
[    4.650161][ T1782] sr 1:0:0:0: Attached scsi generic sg1 type 5
[    5.627826][    T1] PCI Interrupt Link [LNKC] enabled at IRQ 11
[    5.995986][    T1] e1000 0000:00:03.0 eth1: (PCI:33MHz:32-bit) 52:54:00:12:34:56
[    5.996621][    T1] e1000 0000:00:03.0 eth1: Intel(R) PRO/1000 Network Connection
[    5.997613][    T1] e1000e: Intel(R) PRO/1000 Network Driver - 3.2.6-k
[    5.998137][    T1] e1000e: Copyright(c) 1999 - 2015 Intel Corporation.
[    5.999468][    T1] mkiss: AX.25 Multikiss, Hans Albas PE1AYX
[    5.999941][    T1] AX.25: 6pack driver, Revision: 0.3.0
[    6.000386][    T1] AX.25: bpqether driver version 004
[    6.000828][    T1] PPP generic driver version 2.4.2
[    6.002492][    T1] PPP BSD Compression module registered
[    6.002984][    T1] PPP Deflate Compression module registered
[    6.003511][    T1] PPP MPPE Compression module registered
[    6.004006][    T1] NET: Registered protocol family 24
[    6.004454][    T1] PPTP driver version 0.8.5
[    6.005264][    T1] SLIP: version 0.8.4-NET3.019-NEWTTY (dynamic channels, max=256) (6 bit encapsulation enabled).
[    6.006067][    T1] CSLIP: code copyright 1989 Regents of the University of California.
[    6.006687][    T1] SLIP linefill/keepalive option.
[    6.007076][    T1] hdlc: HDLC support module revision 1.22
[    6.007529][    T1] LAPB Ethernet driver version 0.02
[    6.008592][    T1] usbcore: registered new interface driver ath9k_htc
[    6.009307][    T1] usbcore: registered new interface driver carl9170
[    6.009987][    T1] usbcore: registered new interface driver ath6kl_usb
[    6.010782][    T1] usbcore: registered new interface driver ar5523
[    6.011612][    T1] usbcore: registered new interface driver ath10k_usb
[    6.012356][    T1] mac80211_hwsim: initializing netlink
[    6.025394][    T1] usbcore: registered new interface driver atusb
[    6.032420][    T1] mac802154_hwsim mac802154_hwsim: Added 2 mac802154 hwsim hardware radios
[    6.033468][    T1] VMware vmxnet3 virtual NIC driver - version 1.4.17.0-k-NAPI
[    6.034874][    T1] usbcore: registered new interface driver catc
[    6.035597][    T1] usbcore: registered new interface driver kaweth
[    6.036150][    T1] pegasus: v0.9.3 (2013/04/25), Pegasus/Pegasus II USB Ethernet driver
[    6.037045][    T1] usbcore: registered new interface driver pegasus
[    6.037764][    T1] usbcore: registered new interface driver rtl8150
[    6.038658][    T1] usbcore: registered new interface driver r8152
[    6.039158][    T1] hso: drivers/net/usb/hso.c: Option Wireless
[    6.040040][    T1] usbcore: registered new interface driver hso
[    6.040866][    T1] usbcore: registered new interface driver lan78xx
[    6.041599][    T1] usbcore: registered new interface driver asix
[    6.042221][    T1] usbcore: registered new interface driver ax88179_178a
[    6.043006][    T1] usbcore: registered new interface driver cdc_ether
[    6.043700][    T1] usbcore: registered new interface driver cdc_eem
[    6.044579][    T1] usbcore: registered new interface driver dm9601
[    6.045808][    T1] usbcore: registered new interface driver sr9700
[    6.046984][    T1] usbcore: registered new interface driver CoreChips
[    6.048012][    T1] usbcore: registered new interface driver smsc75xx
[    6.049072][    T1] usbcore: registered new interface driver smsc95xx
[    6.049852][    T1] usbcore: registered new interface driver gl620a
[    6.050713][    T1] usbcore: registered new interface driver net1080
[    6.051525][    T1] usbcore: registered new interface driver plusb
[    6.052461][    T1] usbcore: registered new interface driver rndis_host
[    6.053564][    T1] usbcore: registered new interface driver cdc_subset
[    6.054494][    T1] usbcore: registered new interface driver zaurus
[    6.055162][    T1] usbcore: registered new interface driver MOSCHIP usb-ethernet driver
[    6.056000][    T1] usbcore: registered new interface driver int51x1
[    6.056686][    T1] usbcore: registered new interface driver cdc_phonet
[    6.057381][    T1] usbcore: registered new interface driver kalmia
[    6.058043][    T1] usbcore: registered new interface driver ipheth
[    6.058750][    T1] usbcore: registered new interface driver sierra_net
[    6.059447][    T1] usbcore: registered new interface driver cx82310_eth
[    6.060163][    T1] usbcore: registered new interface driver cdc_ncm
[    6.060838][    T1] usbcore: registered new interface driver huawei_cdc_ncm
[    6.062952][    T1] usbcore: registered new interface driver lg-vl600
[    6.063605][    T1] usbcore: registered new interface driver qmi_wwan
[    6.064854][    T1] usbcore: registered new interface driver cdc_mbim
[    6.065539][    T1] usbcore: registered new interface driver ch9200
[    6.068717][    T1] VFIO - User Level meta-driver version: 0.3
[    6.072627][    T1] aoe: AoE v85 initialised.
[    6.080141][    T1] ehci_hcd: USB 2.0 'Enhanced' Host Controller (EHCI) Driver
[    6.080796][    T1] ehci-pci: EHCI PCI platform driver
[    6.081393][    T1] ehci-platform: EHCI generic platform driver
[    6.082427][    T1] ohci_hcd: USB 1.1 'Open' Host Controller (OHCI) Driver
[    6.083040][    T1] ohci-pci: OHCI PCI platform driver
[    6.083689][    T1] ohci-platform: OHCI generic platform driver
[    6.085817][    T1] uhci_hcd: USB Universal Host Controller Interface driver
[    6.088500][    T1] usbcore: registered new interface driver cdc_acm
[    6.089029][    T1] cdc_acm: USB Abstract Control Model driver for USB modems and ISDN adapters
[    6.092265][    T1] usbcore: registered new interface driver usblp
[    6.092904][    T1] usbcore: registered new interface driver cdc_wdm
[    6.093521][    T1] usbcore: registered new interface driver usbtmc
[    6.094566][    T1] usbcore: registered new interface driver uas
[    6.095249][    T1] usbcore: registered new interface driver usb-storage
[    6.095937][    T1] usbcore: registered new interface driver ums-alauda
[    6.096656][    T1] usbcore: registered new interface driver ums-cypress
[    6.097419][    T1] usbcore: registered new interface driver ums-datafab
[    6.098173][    T1] usbcore: registered new interface driver ums_eneub6250
[    6.098949][    T1] usbcore: registered new interface driver ums-freecom
[    6.099801][    T1] usbcore: registered new interface driver ums-isd200
[    6.100607][    T1] usbcore: registered new interface driver ums-jumpshot
[    6.101322][    T1] usbcore: registered new interface driver ums-karma
[    6.103426][    T1] usbcore: registered new interface driver ums-onetouch
[    6.105336][    T1] usbcore: registered new interface driver ums-realtek
[    6.106074][    T1] usbcore: registered new interface driver ums-sddr09
[    6.107092][    T1] usbcore: registered new interface driver ums-sddr55
[    6.107903][    T1] usbcore: registered new interface driver ums-usbat
[    6.108732][    T1] usbcore: registered new interface driver mdc800
[    6.109290][    T1] mdc800: v0.7.5 (30/10/2000):USB Driver for Mustek MDC800 Digital Camera
[    6.110695][    T1] usbcore: registered new interface driver microtekX6
[    6.111733][    T1] usbcore: registered new interface driver usbserial_generic
[    6.112803][    T1] usbserial: USB Serial support registered for generic
[    6.113572][    T1] usbcore: registered new interface driver aircable
[    6.114663][    T1] usbserial: USB Serial support registered for aircable
[    6.115521][    T1] usbcore: registered new interface driver ark3116
[    6.116195][    T1] usbserial: USB Serial support registered for ark3116
[    6.117028][    T1] usbcore: registered new interface driver belkin_sa
[    6.117828][    T1] usbserial: USB Serial support registered for Belkin / Peracom / GoHubs USB Serial Adapter
[    6.118953][    T1] usbcore: registered new interface driver ch341
[    6.119549][    T1] usbserial: USB Serial support registered for ch341-uart
[    6.120322][    T1] usbcore: registered new interface driver cp210x
[    6.120943][    T1] usbserial: USB Serial support registered for cp210x
[    6.121784][    T1] usbcore: registered new interface driver cyberjack
[    6.122739][    T1] usbserial: USB Serial support registered for Reiner SCT Cyberjack USB card reader
[    6.125740][    T1] usbcore: registered new interface driver cypress_m8
[    6.126497][    T1] usbserial: USB Serial support registered for DeLorme Earthmate USB
[    6.127580][    T1] usbserial: USB Serial support registered for HID->COM RS232 Adapter
[    6.128325][    T1] usbserial: USB Serial support registered for Nokia CA-42 V2 Adapter
[    6.129169][    T1] usbcore: registered new interface driver usb_debug
[    6.129789][    T1] usbserial: USB Serial support registered for debug
[    6.130577][    T1] usbserial: USB Serial support registered for xhci_dbc
[    6.131332][    T1] usbcore: registered new interface driver digi_acceleport
[    6.132082][    T1] usbserial: USB Serial support registered for Digi 2 port USB adapter
[    6.133000][    T1] usbserial: USB Serial support registered for Digi 4 port USB adapter
[    6.134103][    T1] usbcore: registered new interface driver io_edgeport
[    6.134837][    T1] usbserial: USB Serial support registered for Edgeport 2 port adapter
[    6.135587][    T1] usbserial: USB Serial support registered for Edgeport 4 port adapter
[    6.136420][    T1] usbserial: USB Serial support registered for Edgeport 8 port adapter
[    6.137181][    T1] usbserial: USB Serial support registered for EPiC device
[    6.138447][    T1] usbcore: registered new interface driver io_ti
[    6.139494][    T1] usbserial: USB Serial support registered for Edgeport TI 1 port adapter
[    6.141036][    T1] usbserial: USB Serial support registered for Edgeport TI 2 port adapter
[    6.142104][    T1] usbcore: registered new interface driver empeg
[    6.142961][    T1] usbserial: USB Serial support registered for empeg
[    6.143760][    T1] usbcore: registered new interface driver f81534a_ctrl
[    6.145545][    T1] usbcore: registered new interface driver f81232
[    6.146437][    T1] usbserial: USB Serial support registered for f81232
[    6.147305][    T1] usbserial: USB Serial support registered for f81534a
[    6.148244][    T1] usbcore: registered new interface driver f81534
[    6.149294][    T1] usbserial: USB Serial support registered for Fintek F81532/F81534
[    6.150348][    T1] usbcore: registered new interface driver ftdi_sio
[    6.151205][    T1] usbserial: USB Serial support registered for FTDI USB Serial Device
[    6.152133][    T1] usbcore: registered new interface driver garmin_gps
[    6.153010][    T1] usbserial: USB Serial support registered for Garmin GPS usb/tty
[    6.154143][    T1] usbcore: registered new interface driver ipaq
[    6.154906][    T1] usbserial: USB Serial support registered for PocketPC PDA
[    6.156095][    T1] usbcore: registered new interface driver ipw
[    6.156960][    T1] usbserial: USB Serial support registered for IPWireless converter
[    6.158070][    T1] usbcore: registered new interface driver ir_usb
[    6.158820][    T1] usbserial: USB Serial support registered for IR Dongle
[    6.159645][    T1] usbcore: registered new interface driver iuu_phoenix
[    6.160673][    T1] usbserial: USB Serial support registered for iuu_phoenix
[    6.161553][    T1] usbcore: registered new interface driver keyspan
[    6.162618][    T1] usbserial: USB Serial support registered for Keyspan - (without firmware)
[    6.163588][    T1] usbserial: USB Serial support registered for Keyspan 1 port adapter
[    6.165178][    T1] usbserial: USB Serial support registered for Keyspan 2 port adapter
[    6.166129][    T1] usbserial: USB Serial support registered for Keyspan 4 port adapter
[    6.167148][    T1] usbcore: registered new interface driver keyspan_pda
[    6.168162][    T1] usbserial: USB Serial support registered for Keyspan PDA
[    6.169427][    T1] usbserial: USB Serial support registered for Keyspan PDA - (prerenumeration)
[    6.170540][    T1] usbcore: registered new interface driver kl5kusb105
[    6.171250][    T1] usbserial: USB Serial support registered for KL5KUSB105D / PalmConnect
[    6.172305][    T1] usbcore: registered new interface driver kobil_sct
[    6.172990][    T1] usbserial: USB Serial support registered for KOBIL USB smart card terminal
[    6.174103][    T1] usbcore: registered new interface driver mct_u232
[    6.174886][    T1] usbserial: USB Serial support registered for MCT U232
[    6.175602][    T1] usbcore: registered new interface driver metro_usb
[    6.176442][    T1] usbserial: USB Serial support registered for Metrologic USB to Serial
[    6.177450][    T1] usbcore: registered new interface driver mos7720
[    6.178072][    T1] usbserial: USB Serial support registered for Moschip 2 port adapter
[    6.179121][    T1] usbcore: registered new interface driver mos7840
[    6.179753][    T1] usbserial: USB Serial support registered for Moschip 7840/7820 USB Serial Driver
[    6.180787][    T1] usbcore: registered new interface driver mxuport
[    6.181410][    T1] usbserial: USB Serial support registered for MOXA UPort
[    6.182136][    T1] usbcore: registered new interface driver navman
[    6.183036][    T1] usbserial: USB Serial support registered for navman
[    6.183750][    T1] usbcore: registered new interface driver omninet
[    6.185697][    T1] usbserial: USB Serial support registered for ZyXEL - omni.net lcd plus usb
[    6.186607][    T1] usbcore: registered new interface driver opticon
[    6.187315][    T1] usbserial: USB Serial support registered for opticon
[    6.187962][    T1] usbcore: registered new interface driver option
[    6.188785][    T1] usbserial: USB Serial support registered for GSM modem (1-port)
[    6.189510][    T1] usbcore: registered new interface driver oti6858
[    6.190203][    T1] usbserial: USB Serial support registered for oti6858
[    6.191054][    T1] usbcore: registered new interface driver pl2303
[    6.191656][    T1] usbserial: USB Serial support registered for pl2303
[    6.192473][    T1] usbcore: registered new interface driver qcaux
[    6.193163][    T1] usbserial: USB Serial support registered for qcaux
[    6.193801][    T1] usbcore: registered new interface driver qcserial
[    6.195949][    T1] usbserial: USB Serial support registered for Qualcomm USB modem
[    6.196758][    T1] usbcore: registered new interface driver quatech2
[    6.197369][    T1] usbserial: USB Serial support registered for Quatech 2nd gen USB to Serial Driver
[    6.198346][    T1] usbcore: registered new interface driver safe_serial
[    6.199150][    T1] usbserial: USB Serial support registered for safe_serial
[    6.200484][    T1] usbcore: registered new interface driver sierra
[    6.201311][    T1] usbserial: USB Serial support registered for Sierra USB modem
[    6.202118][    T1] usbcore: registered new interface driver usb_serial_simple
[    6.202974][    T1] usbserial: USB Serial support registered for carelink
[    6.203694][    T1] usbserial: USB Serial support registered for zio
[    6.204552][    T1] usbserial: USB Serial support registered for funsoft
[    6.205462][    T1] usbserial: USB Serial support registered for flashloader
[    6.206307][    T1] usbserial: USB Serial support registered for google
[    6.207241][    T1] usbserial: USB Serial support registered for libtransistor
[    6.207994][    T1] usbserial: USB Serial support registered for vivopay
[    6.208801][    T1] usbserial: USB Serial support registered for moto_modem
[    6.209637][    T1] usbserial: USB Serial support registered for motorola_tetra
[    6.210402][    T1] usbserial: USB Serial support registered for novatel_gps
[    6.211370][    T1] usbserial: USB Serial support registered for hp4x
[    6.212147][    T1] usbserial: USB Serial support registered for suunto
[    6.212838][    T1] usbserial: USB Serial support registered for siemens_mpi
[    6.213794][    T1] usbcore: registered new interface driver spcp8x5
[    6.214613][    T1] usbserial: USB Serial support registered for SPCP8x5
[    6.215350][    T1] usbcore: registered new interface driver ssu100
[    6.216064][    T1] usbserial: USB Serial support registered for Quatech SSU-100 USB to Serial Driver
[    6.217038][    T1] usbcore: registered new interface driver symbolserial
[    6.217798][    T1] usbserial: USB Serial support registered for symbol
[    6.218500][    T1] usbcore: registered new interface driver ti_usb_3410_5052
[    6.219206][    T1] usbserial: USB Serial support registered for TI USB 3410 1 port adapter
[    6.220003][    T1] usbserial: USB Serial support registered for TI USB 5052 2 port adapter
[    6.220814][    T1] usbcore: registered new interface driver upd78f0730
[    6.221676][    T1] usbserial: USB Serial support registered for upd78f0730
[    6.223428][    T1] usbcore: registered new interface driver visor
[    6.224077][    T1] usbserial: USB Serial support registered for Handspring Visor / Palm OS
[    6.224831][    T1] usbserial: USB Serial support registered for Sony Clie 5.0
[    6.225543][    T1] usbserial: USB Serial support registered for Sony Clie 3.5
[    6.226289][    T1] usbcore: registered new interface driver wishbone_serial
[    6.226988][    T1] usbserial: USB Serial support registered for wishbone_serial
[    6.227734][    T1] usbcore: registered new interface driver whiteheat
[    6.228392][    T1] usbserial: USB Serial support registered for Connect Tech - WhiteHEAT - (prerenumeration)
[    6.229318][    T1] usbserial: USB Serial support registered for Connect Tech - WhiteHEAT
[    6.230459][    T1] usbcore: registered new interface driver xsens_mt
[    6.232555][    T1] usbserial: USB Serial support registered for xsens_mt
[    6.233318][    T1] usbcore: registered new interface driver adutux
[    6.234066][    T1] usbcore: registered new interface driver appledisplay
[    6.234858][    T1] usbcore: registered new interface driver cypress_cy7c63
[    6.235644][    T1] usbcore: registered new interface driver cytherm
[    6.236406][    T1] usbcore: registered new interface driver emi26 - firmware loader
[    6.237279][    T1] usbcore: registered new interface driver emi62 - firmware loader
[    6.238147][    T1] usbcore: registered new interface driver idmouse
[    6.238899][    T1] usbcore: registered new interface driver iowarrior
[    6.239589][    T1] usbcore: registered new interface driver isight_firmware
[    6.241551][    T1] usbcore: registered new interface driver usblcd
[    6.242206][    T1] usbcore: registered new interface driver ldusb
[    6.242818][    T1] usbcore: registered new interface driver legousbtower
[    6.243540][    T1] usbcore: registered new interface driver usbtest
[    6.244607][    T1] usbcore: registered new interface driver usb_ehset_test
[    6.245408][    T1] usbcore: registered new interface driver trancevibrator
[    6.246128][    T1] usbcore: registered new interface driver uss720
[    6.246618][    T1] uss720: USB Parport Cable driver for Cables using the Lucent Technologies USS720 Chip
[    6.247361][    T1] uss720: NOTE: this is a special purpose driver to allow nonstandard
[    6.247986][    T1] uss720: protocols (eg. bitbang) over USS720 usb to parallel cables
[    6.248600][    T1] uss720: If you just want to connect to a printer, use usblp instead
[    6.250192][    T1] usbcore: registered new interface driver usbsevseg
[    6.250858][    T1] usbcore: registered new interface driver yurex
[    6.252072][    T1] usbcore: registered new interface driver chaoskey
[    6.252747][    T1] usbcore: registered new interface driver sisusb
[    6.253399][    T1] usbcore: registered new interface driver lvs
[    6.254048][    T1] usbcore: registered new interface driver cxacru
[    6.254887][    T1] usbcore: registered new interface driver speedtch
[    6.255544][    T1] usbcore: registered new interface driver ueagle-atm
[    6.256070][    T1] xusbatm: malformed module parameters
[    6.258642][    T1] dummy_hcd dummy_hcd.0: USB Host+Gadget Emulator, driver 02 May 2005
[    6.259311][    T1] dummy_hcd dummy_hcd.0: Dummy host controller
[    6.263045][    T1] dummy_hcd dummy_hcd.0: new USB bus registered, assigned bus number 1
[    6.265127][    T1] usb usb1: New USB device found, idVendor=1d6b, idProduct=0002, bcdDevice= 5.07
[    6.265866][    T1] usb usb1: New USB device strings: Mfr=3, Product=2, SerialNumber=1
[    6.266489][    T1] usb usb1: Product: Dummy host controller
[    6.266939][    T1] usb usb1: Manufacturer: Linux 5.7.0-rc5-d59eb177c84f-01824-gd59eb177c84f dummy_hcd
[    6.267667][    T1] usb usb1: SerialNumber: dummy_hcd.0
[    6.269672][    T1] hub 1-0:1.0: USB hub found
[    6.270200][    T1] hub 1-0:1.0: 1 port detected
[    6.272449][    T1] dummy_hcd dummy_hcd.1: USB Host+Gadget Emulator, driver 02 May 2005
[    6.273120][    T1] dummy_hcd dummy_hcd.1: Dummy host controller
[    6.274630][    T1] dummy_hcd dummy_hcd.1: new USB bus registered, assigned bus number 2
[    6.276234][    T1] usb usb2: New USB device found, idVendor=1d6b, idProduct=0002, bcdDevice= 5.07
[    6.276962][    T1] usb usb2: New USB device strings: Mfr=3, Product=2, SerialNumber=1
[    6.277587][    T1] usb usb2: Product: Dummy host controller
[    6.278038][    T1] usb usb2: Manufacturer: Linux 5.7.0-rc5-d59eb177c84f-01824-gd59eb177c84f dummy_hcd
[    6.278769][    T1] usb usb2: SerialNumber: dummy_hcd.1
[    6.280276][    T1] hub 2-0:1.0: USB hub found
[    6.280782][    T1] hub 2-0:1.0: 1 port detected
[    6.282506][    T1] dummy_hcd dummy_hcd.2: USB Host+Gadget Emulator, driver 02 May 2005
[    6.283171][    T1] dummy_hcd dummy_hcd.2: Dummy host controller
[    6.284121][    T1] dummy_hcd dummy_hcd.2: new USB bus registered, assigned bus number 3
[    6.285756][    T1] usb usb3: New USB device found, idVendor=1d6b, idProduct=0002, bcdDevice= 5.07
[    6.286731][    T1] usb usb3: New USB device strings: Mfr=3, Product=2, SerialNumber=1
[    6.287587][    T1] usb usb3: Product: Dummy host controller
[    6.288212][    T1] usb usb3: Manufacturer: Linux 5.7.0-rc5-d59eb177c84f-01824-gd59eb177c84f dummy_hcd
[    6.289218][    T1] usb usb3: SerialNumber: dummy_hcd.2
[    6.291714][    T1] hub 3-0:1.0: USB hub found
[    6.292236][    T1] hub 3-0:1.0: 1 port detected
[    6.294190][    T1] dummy_hcd dummy_hcd.3: USB Host+Gadget Emulator, driver 02 May 2005
[    6.294904][    T1] dummy_hcd dummy_hcd.3: Dummy host controller
[    6.295893][    T1] dummy_hcd dummy_hcd.3: new USB bus registered, assigned bus number 4
[    6.297031][    T1] usb usb4: New USB device found, idVendor=1d6b, idProduct=0002, bcdDevice= 5.07
[    6.297797][    T1] usb usb4: New USB device strings: Mfr=3, Product=2, SerialNumber=1
[    6.298473][    T1] usb usb4: Product: Dummy host controller
[    6.298962][    T1] usb usb4: Manufacturer: Linux 5.7.0-rc5-d59eb177c84f-01824-gd59eb177c84f dummy_hcd
[    6.299753][    T1] usb usb4: SerialNumber: dummy_hcd.3
[    6.301997][    T1] hub 4-0:1.0: USB hub found
[    6.302453][    T1] hub 4-0:1.0: 1 port detected
[    6.304188][    T1] dummy_hcd dummy_hcd.4: USB Host+Gadget Emulator, driver 02 May 2005
[    6.304845][    T1] dummy_hcd dummy_hcd.4: Dummy host controller
[    6.305676][    T1] dummy_hcd dummy_hcd.4: new USB bus registered, assigned bus number 5
[    6.306702][    T1] usb usb5: New USB device found, idVendor=1d6b, idProduct=0002, bcdDevice= 5.07
[    6.307404][    T1] usb usb5: New USB device strings: Mfr=3, Product=2, SerialNumber=1
[    6.308022][    T1] usb usb5: Product: Dummy host controller
[    6.308467][    T1] usb usb5: Manufacturer: Linux 5.7.0-rc5-d59eb177c84f-01824-gd59eb177c84f dummy_hcd
[    6.309211][    T1] usb usb5: SerialNumber: dummy_hcd.4
[    6.311423][    T1] hub 5-0:1.0: USB hub found
[    6.311876][    T1] hub 5-0:1.0: 1 port detected
[    6.313524][    T1] dummy_hcd dummy_hcd.5: USB Host+Gadget Emulator, driver 02 May 2005
[    6.314218][    T1] dummy_hcd dummy_hcd.5: Dummy host controller
[    6.315079][    T1] dummy_hcd dummy_hcd.5: new USB bus registered, assigned bus number 6
[    6.316115][    T1] usb usb6: New USB device found, idVendor=1d6b, idProduct=0002, bcdDevice= 5.07
[    6.316816][    T1] usb usb6: New USB device strings: Mfr=3, Product=2, SerialNumber=1
[    6.317433][    T1] usb usb6: Product: Dummy host controller
[    6.317887][    T1] usb usb6: Manufacturer: Linux 5.7.0-rc5-d59eb177c84f-01824-gd59eb177c84f dummy_hcd
[    6.318608][    T1] usb usb6: SerialNumber: dummy_hcd.5
[    6.320821][    T1] hub 6-0:1.0: USB hub found
[    6.321488][    T1] hub 6-0:1.0: 1 port detected
[    6.323568][    T1] dummy_hcd dummy_hcd.6: USB Host+Gadget Emulator, driver 02 May 2005
[    6.324766][    T1] dummy_hcd dummy_hcd.6: Dummy host controller
[    6.325691][    T1] dummy_hcd dummy_hcd.6: new USB bus registered, assigned bus number 7
[    6.326841][    T1] usb usb7: New USB device found, idVendor=1d6b, idProduct=0002, bcdDevice= 5.07
[    6.327612][    T1] usb usb7: New USB device strings: Mfr=3, Product=2, SerialNumber=1
[    6.328295][    T1] usb usb7: Product: Dummy host controller
[    6.328786][    T1] usb usb7: Manufacturer: Linux 5.7.0-rc5-d59eb177c84f-01824-gd59eb177c84f dummy_hcd
[    6.329584][    T1] usb usb7: SerialNumber: dummy_hcd.6
[    6.331106][    T1] hub 7-0:1.0: USB hub found
[    6.331562][    T1] hub 7-0:1.0: 1 port detected
[    6.333259][    T1] dummy_hcd dummy_hcd.7: USB Host+Gadget Emulator, driver 02 May 2005
[    6.334117][    T1] dummy_hcd dummy_hcd.7: Dummy host controller
[    6.335161][    T1] dummy_hcd dummy_hcd.7: new USB bus registered, assigned bus number 8
[    6.336772][    T1] usb usb8: New USB device found, idVendor=1d6b, idProduct=0002, bcdDevice= 5.07
[    6.337482][    T1] usb usb8: New USB device strings: Mfr=3, Product=2, SerialNumber=1
[    6.338115][    T1] usb usb8: Product: Dummy host controller
[    6.338566][    T1] usb usb8: Manufacturer: Linux 5.7.0-rc5-d59eb177c84f-01824-gd59eb177c84f dummy_hcd
[    6.339294][    T1] usb usb8: SerialNumber: dummy_hcd.7
[    6.340847][    T1] hub 8-0:1.0: USB hub found
[    6.341301][    T1] hub 8-0:1.0: 1 port detected
[    6.354057][    T1] gadgetfs: USB Gadget filesystem, version 24 Aug 2004
[    6.355560][    T1] vhci_hcd vhci_hcd.0: USB/IP Virtual Host Controller
[    6.356653][    T1] vhci_hcd vhci_hcd.0: new USB bus registered, assigned bus number 9
[    6.357500][    T1] vhci_hcd: created sysfs vhci_hcd.0
[    6.358460][    T1] usb usb9: New USB device found, idVendor=1d6b, idProduct=0002, bcdDevice= 5.07
[    6.359172][    T1] usb usb9: New USB device strings: Mfr=3, Product=2, SerialNumber=1
[    6.359790][    T1] usb usb9: Product: USB/IP Virtual Host Controller
[    6.360296][    T1] usb usb9: Manufacturer: Linux 5.7.0-rc5-d59eb177c84f-01824-gd59eb177c84f vhci_hcd
[    6.361011][    T1] usb usb9: SerialNumber: vhci_hcd.0
[    6.362542][    T1] hub 9-0:1.0: USB hub found
[    6.363048][    T1] hub 9-0:1.0: 8 ports detected
[    6.366826][    T1] vhci_hcd vhci_hcd.0: USB/IP Virtual Host Controller
[    6.367738][    T1] vhci_hcd vhci_hcd.0: new USB bus registered, assigned bus number 10
[    6.368541][    T1] usb usb10: We don't know the algorithms for LPM for this host, disabling LPM.
[    6.369621][    T1] usb usb10: New USB device found, idVendor=1d6b, idProduct=0003, bcdDevice= 5.07
[    6.370327][    T1] usb usb10: New USB device strings: Mfr=3, Product=2, SerialNumber=1
[    6.370951][    T1] usb usb10: Product: USB/IP Virtual Host Controller
[    6.371465][    T1] usb usb10: Manufacturer: Linux 5.7.0-rc5-d59eb177c84f-01824-gd59eb177c84f vhci_hcd
[    6.372188][    T1] usb usb10: SerialNumber: vhci_hcd.0
[    6.373930][    T1] hub 10-0:1.0: USB hub found
[    6.374416][    T1] hub 10-0:1.0: 8 ports detected
[    6.378229][    T1] vhci_hcd vhci_hcd.1: USB/IP Virtual Host Controller
[    6.379171][    T1] vhci_hcd vhci_hcd.1: new USB bus registered, assigned bus number 11
[    6.380345][    T1] usb usb11: New USB device found, idVendor=1d6b, idProduct=0002, bcdDevice= 5.07
[    6.381055][    T1] usb usb11: New USB device strings: Mfr=3, Product=2, SerialNumber=1
[    6.381675][    T1] usb usb11: Product: USB/IP Virtual Host Controller
[    6.382196][    T1] usb usb11: Manufacturer: Linux 5.7.0-rc5-d59eb177c84f-01824-gd59eb177c84f vhci_hcd
[    6.382923][    T1] usb usb11: SerialNumber: vhci_hcd.1
[    6.386104][    T1] hub 11-0:1.0: USB hub found
[    6.386626][    T1] hub 11-0:1.0: 8 ports detected
[    6.389849][    T1] vhci_hcd vhci_hcd.1: USB/IP Virtual Host Controller
[    6.390922][    T1] vhci_hcd vhci_hcd.1: new USB bus registered, assigned bus number 12
[    6.391785][    T1] usb usb12: We don't know the algorithms for LPM for this host, disabling LPM.
[    6.393312][    T1] usb usb12: New USB device found, idVendor=1d6b, idProduct=0003, bcdDevice= 5.07
[    6.394238][    T1] usb usb12: New USB device strings: Mfr=3, Product=2, SerialNumber=1
[    6.395067][    T1] usb usb12: Product: USB/IP Virtual Host Controller
[    6.395757][    T1] usb usb12: Manufacturer: Linux 5.7.0-rc5-d59eb177c84f-01824-gd59eb177c84f vhci_hcd
[    6.396633][    T1] usb usb12: SerialNumber: vhci_hcd.1
[    6.398224][    T1] hub 12-0:1.0: USB hub found
[    6.398785][    T1] hub 12-0:1.0: 8 ports detected
[    6.402547][    T1] vhci_hcd vhci_hcd.2: USB/IP Virtual Host Controller
[    6.403654][    T1] vhci_hcd vhci_hcd.2: new USB bus registered, assigned bus number 13
[    6.404927][    T1] usb usb13: New USB device found, idVendor=1d6b, idProduct=0002, bcdDevice= 5.07
[    6.405747][    T1] usb usb13: New USB device strings: Mfr=3, Product=2, SerialNumber=1
[    6.406491][    T1] usb usb13: Product: USB/IP Virtual Host Controller
[    6.407098][    T1] usb usb13: Manufacturer: Linux 5.7.0-rc5-d59eb177c84f-01824-gd59eb177c84f vhci_hcd
[    6.407917][    T1] usb usb13: SerialNumber: vhci_hcd.2
[    6.409676][    T1] hub 13-0:1.0: USB hub found
[    6.410210][    T1] hub 13-0:1.0: 8 ports detected
[    6.413343][    T1] vhci_hcd vhci_hcd.2: USB/IP Virtual Host Controller
[    6.414515][    T1] vhci_hcd vhci_hcd.2: new USB bus registered, assigned bus number 14
[    6.415636][    T1] usb usb14: We don't know the algorithms for LPM for this host, disabling LPM.
[    6.416785][    T1] usb usb14: New USB device found, idVendor=1d6b, idProduct=0003, bcdDevice= 5.07
[    6.417575][    T1] usb usb14: New USB device strings: Mfr=3, Product=2, SerialNumber=1
[    6.418253][    T1] usb usb14: Product: USB/IP Virtual Host Controller
[    6.418816][    T1] usb usb14: Manufacturer: Linux 5.7.0-rc5-d59eb177c84f-01824-gd59eb177c84f vhci_hcd
[    6.419605][    T1] usb usb14: SerialNumber: vhci_hcd.2
[    6.421232][    T1] hub 14-0:1.0: USB hub found
[    6.421737][    T1] hub 14-0:1.0: 8 ports detected
[    6.426027][    T1] vhci_hcd vhci_hcd.3: USB/IP Virtual Host Controller
[    6.426896][    T1] vhci_hcd vhci_hcd.3: new USB bus registered, assigned bus number 15
[    6.428012][    T1] usb usb15: New USB device found, idVendor=1d6b, idProduct=0002, bcdDevice= 5.07
[    6.428718][    T1] usb usb15: New USB device strings: Mfr=3, Product=2, SerialNumber=1
[    6.429340][    T1] usb usb15: Product: USB/IP Virtual Host Controller
[    6.429854][    T1] usb usb15: Manufacturer: Linux 5.7.0-rc5-d59eb177c84f-01824-gd59eb177c84f vhci_hcd
[    6.430573][    T1] usb usb15: SerialNumber: vhci_hcd.3
[    6.432405][    T1] hub 15-0:1.0: USB hub found
[    6.432871][    T1] hub 15-0:1.0: 8 ports detected
[    6.435979][    T1] vhci_hcd vhci_hcd.3: USB/IP Virtual Host Controller
[    6.436995][    T1] vhci_hcd vhci_hcd.3: new USB bus registered, assigned bus number 16
[    6.437782][    T1] usb usb16: We don't know the algorithms for LPM for this host, disabling LPM.
[    6.439027][    T1] usb usb16: New USB device found, idVendor=1d6b, idProduct=0003, bcdDevice= 5.07
[    6.439744][    T1] usb usb16: New USB device strings: Mfr=3, Product=2, SerialNumber=1
[    6.440369][    T1] usb usb16: Product: USB/IP Virtual Host Controller
[    6.440892][    T1] usb usb16: Manufacturer: Linux 5.7.0-rc5-d59eb177c84f-01824-gd59eb177c84f vhci_hcd
[    6.441612][    T1] usb usb16: SerialNumber: vhci_hcd.3
[    6.443117][    T1] hub 16-0:1.0: USB hub found
[    6.443572][    T1] hub 16-0:1.0: 8 ports detected
[    6.447972][    T1] vhci_hcd vhci_hcd.4: USB/IP Virtual Host Controller
[    6.448982][    T1] vhci_hcd vhci_hcd.4: new USB bus registered, assigned bus number 17
[    6.450199][    T1] usb usb17: New USB device found, idVendor=1d6b, idProduct=0002, bcdDevice= 5.07
[    6.450979][    T1] usb usb17: New USB device strings: Mfr=3, Product=2, SerialNumber=1
[    6.451625][    T1] usb usb17: Product: USB/IP Virtual Host Controller
[    6.452138][    T1] usb usb17: Manufacturer: Linux 5.7.0-rc5-d59eb177c84f-01824-gd59eb177c84f vhci_hcd
[    6.452941][    T1] usb usb17: SerialNumber: vhci_hcd.4
[    6.455189][    T1] hub 17-0:1.0: USB hub found
[    6.455700][    T1] hub 17-0:1.0: 8 ports detected
[    6.458968][    T1] vhci_hcd vhci_hcd.4: USB/IP Virtual Host Controller
[    6.459902][    T1] vhci_hcd vhci_hcd.4: new USB bus registered, assigned bus number 18
[    6.460681][    T1] usb usb18: We don't know the algorithms for LPM for this host, disabling LPM.
[    6.461897][    T1] usb usb18: New USB device found, idVendor=1d6b, idProduct=0003, bcdDevice= 5.07
[    6.462669][    T1] usb usb18: New USB device strings: Mfr=3, Product=2, SerialNumber=1
[    6.463352][    T1] usb usb18: Product: USB/IP Virtual Host Controller
[    6.464225][    T1] usb usb18: Manufacturer: Linux 5.7.0-rc5-d59eb177c84f-01824-gd59eb177c84f vhci_hcd
[    6.465021][    T1] usb usb18: SerialNumber: vhci_hcd.4
[    6.466472][    T1] hub 18-0:1.0: USB hub found
[    6.466963][    T1] hub 18-0:1.0: 8 ports detected
[    6.470631][    T1] vhci_hcd vhci_hcd.5: USB/IP Virtual Host Controller
[    6.471578][    T1] vhci_hcd vhci_hcd.5: new USB bus registered, assigned bus number 19
[    6.472779][    T1] usb usb19: New USB device found, idVendor=1d6b, idProduct=0002, bcdDevice= 5.07
[    6.473487][    T1] usb usb19: New USB device strings: Mfr=3, Product=2, SerialNumber=1
[    6.475124][    T1] usb usb19: Product: USB/IP Virtual Host Controller
[    6.475640][    T1] usb usb19: Manufacturer: Linux 5.7.0-rc5-d59eb177c84f-01824-gd59eb177c84f vhci_hcd
[    6.476631][    T1] usb usb19: SerialNumber: vhci_hcd.5
[    6.478364][    T1] hub 19-0:1.0: USB hub found
[    6.478885][    T1] hub 19-0:1.0: 8 ports detected
[    6.482328][    T1] vhci_hcd vhci_hcd.5: USB/IP Virtual Host Controller
[    6.483390][    T1] vhci_hcd vhci_hcd.5: new USB bus registered, assigned bus number 20
[    6.484866][    T1] usb usb20: We don't know the algorithms for LPM for this host, disabling LPM.
[    6.485962][    T1] usb usb20: New USB device found, idVendor=1d6b, idProduct=0003, bcdDevice= 5.07
[    6.486739][    T1] usb usb20: New USB device strings: Mfr=3, Product=2, SerialNumber=1
[    6.487390][    T1] usb usb20: Product: USB/IP Virtual Host Controller
[    6.487902][    T1] usb usb20: Manufacturer: Linux 5.7.0-rc5-d59eb177c84f-01824-gd59eb177c84f vhci_hcd
[    6.488616][    T1] usb usb20: SerialNumber: vhci_hcd.5
[    6.490128][    T1] hub 20-0:1.0: USB hub found
[    6.490588][    T1] hub 20-0:1.0: 8 ports detected
[    6.494222][    T1] vhci_hcd vhci_hcd.6: USB/IP Virtual Host Controller
[    6.495170][    T1] vhci_hcd vhci_hcd.6: new USB bus registered, assigned bus number 21
[    6.496420][    T1] usb usb21: New USB device found, idVendor=1d6b, idProduct=0002, bcdDevice= 5.07
[    6.497134][    T1] usb usb21: New USB device strings: Mfr=3, Product=2, SerialNumber=1
[    6.497763][    T1] usb usb21: Product: USB/IP Virtual Host Controller
[    6.498276][    T1] usb usb21: Manufacturer: Linux 5.7.0-rc5-d59eb177c84f-01824-gd59eb177c84f vhci_hcd
[    6.498999][    T1] usb usb21: SerialNumber: vhci_hcd.6
[    6.500685][    T1] hub 21-0:1.0: USB hub found
[    6.501155][    T1] hub 21-0:1.0: 8 ports detected
[    6.504707][    T1] vhci_hcd vhci_hcd.6: USB/IP Virtual Host Controller
[    6.505553][    T1] vhci_hcd vhci_hcd.6: new USB bus registered, assigned bus number 22
[    6.506418][    T1] usb usb22: We don't know the algorithms for LPM for this host, disabling LPM.
[    6.507844][    T1] usb usb22: New USB device found, idVendor=1d6b, idProduct=0003, bcdDevice= 5.07
[    6.508730][    T1] usb usb22: New USB device strings: Mfr=3, Product=2, SerialNumber=1
[    6.509429][    T1] usb usb22: Product: USB/IP Virtual Host Controller
[    6.510003][    T1] usb usb22: Manufacturer: Linux 5.7.0-rc5-d59eb177c84f-01824-gd59eb177c84f vhci_hcd
[    6.510813][    T1] usb usb22: SerialNumber: vhci_hcd.6
[    6.512578][    T1] hub 22-0:1.0: USB hub found
[    6.513102][    T1] hub 22-0:1.0: 8 ports detected
[    6.517137][    T1] vhci_hcd vhci_hcd.7: USB/IP Virtual Host Controller
[    6.518026][    T1] vhci_hcd vhci_hcd.7: new USB bus registered, assigned bus number 23
[    6.519135][    T1] usb usb23: New USB device found, idVendor=1d6b, idProduct=0002, bcdDevice= 5.07
[    6.519842][    T1] usb usb23: New USB device strings: Mfr=3, Product=2, SerialNumber=1
[    6.520461][    T1] usb usb23: Product: USB/IP Virtual Host Controller
[    6.520974][    T1] usb usb23: Manufacturer: Linux 5.7.0-rc5-d59eb177c84f-01824-gd59eb177c84f vhci_hcd
[    6.521728][    T1] usb usb23: SerialNumber: vhci_hcd.7
[    6.523612][    T1] hub 23-0:1.0: USB hub found
[    6.524740][    T1] hub 23-0:1.0: 8 ports detected
[    6.527704][    T1] vhci_hcd vhci_hcd.7: USB/IP Virtual Host Controller
[    6.528742][    T1] vhci_hcd vhci_hcd.7: new USB bus registered, assigned bus number 24
[    6.529526][    T1] usb usb24: We don't know the algorithms for LPM for this host, disabling LPM.
[    6.530781][    T1] usb usb24: New USB device found, idVendor=1d6b, idProduct=0003, bcdDevice= 5.07
[    6.531494][    T1] usb usb24: New USB device strings: Mfr=3, Product=2, SerialNumber=1
[    6.532123][    T1] usb usb24: Product: USB/IP Virtual Host Controller
[    6.532638][    T1] usb usb24: Manufacturer: Linux 5.7.0-rc5-d59eb177c84f-01824-gd59eb177c84f vhci_hcd
[    6.533359][    T1] usb usb24: SerialNumber: vhci_hcd.7
[    6.534952][    T1] hub 24-0:1.0: USB hub found
[    6.535475][    T1] hub 24-0:1.0: 8 ports detected
[    6.539818][    T1] vhci_hcd vhci_hcd.8: USB/IP Virtual Host Controller
[    6.540909][    T1] vhci_hcd vhci_hcd.8: new USB bus registered, assigned bus number 25
[    6.542426][    T1] usb usb25: New USB device found, idVendor=1d6b, idProduct=0002, bcdDevice= 5.07
[    6.543206][    T1] usb usb25: New USB device strings: Mfr=3, Product=2, SerialNumber=1
[    6.544221][    T1] usb usb25: Product: USB/IP Virtual Host Controller
[    6.544824][    T1] usb usb25: Manufacturer: Linux 5.7.0-rc5-d59eb177c84f-01824-gd59eb177c84f vhci_hcd
[    6.545609][    T1] usb usb25: SerialNumber: vhci_hcd.8
[    6.547360][    T1] hub 25-0:1.0: USB hub found
[    6.547835][    T1] hub 25-0:1.0: 8 ports detected
[    6.550776][    T1] vhci_hcd vhci_hcd.8: USB/IP Virtual Host Controller
[    6.551808][    T1] vhci_hcd vhci_hcd.8: new USB bus registered, assigned bus number 26
[    6.552675][    T1] usb usb26: We don't know the algorithms for LPM for this host, disabling LPM.
[    6.554046][    T1] usb usb26: New USB device found, idVendor=1d6b, idProduct=0003, bcdDevice= 5.07
[    6.554776][    T1] usb usb26: New USB device strings: Mfr=3, Product=2, SerialNumber=1
[    6.555459][    T1] usb usb26: Product: USB/IP Virtual Host Controller
[    6.556028][    T1] usb usb26: Manufacturer: Linux 5.7.0-rc5-d59eb177c84f-01824-gd59eb177c84f vhci_hcd
[    6.556748][    T1] usb usb26: SerialNumber: vhci_hcd.8
[    6.558237][    T1] hub 26-0:1.0: USB hub found
[    6.558698][    T1] hub 26-0:1.0: 8 ports detected
[    6.562365][    T1] vhci_hcd vhci_hcd.9: USB/IP Virtual Host Controller
[    6.563407][    T1] vhci_hcd vhci_hcd.9: new USB bus registered, assigned bus number 27
[    6.564584][    T1] usb usb27: New USB device found, idVendor=1d6b, idProduct=0002, bcdDevice= 5.07
[    6.565365][    T1] usb usb27: New USB device strings: Mfr=3, Product=2, SerialNumber=1
[    6.565993][    T1] usb usb27: Product: USB/IP Virtual Host Controller
[    6.566512][    T1] usb usb27: Manufacturer: Linux 5.7.0-rc5-d59eb177c84f-01824-gd59eb177c84f vhci_hcd
[    6.567241][    T1] usb usb27: SerialNumber: vhci_hcd.9
[    6.569536][    T1] hub 27-0:1.0: USB hub found
[    6.570058][    T1] hub 27-0:1.0: 8 ports detected
[    6.573916][    T1] vhci_hcd vhci_hcd.9: USB/IP Virtual Host Controller
[    6.574997][    T1] vhci_hcd vhci_hcd.9: new USB bus registered, assigned bus number 28
[    6.575877][    T1] usb usb28: We don't know the algorithms for LPM for this host, disabling LPM.
[    6.576982][    T1] usb usb28: New USB device found, idVendor=1d6b, idProduct=0003, bcdDevice= 5.07
[    6.577686][    T1] usb usb28: New USB device strings: Mfr=3, Product=2, SerialNumber=1
[    6.578310][    T1] usb usb28: Product: USB/IP Virtual Host Controller
[    6.578832][    T1] usb usb28: Manufacturer: Linux 5.7.0-rc5-d59eb177c84f-01824-gd59eb177c84f vhci_hcd
[    6.579553][    T1] usb usb28: SerialNumber: vhci_hcd.9
[    6.580992][    T1] hub 28-0:1.0: USB hub found
[    6.581556][    T1] hub 28-0:1.0: 8 ports detected
[    6.585424][    T1] vhci_hcd vhci_hcd.10: USB/IP Virtual Host Controller
[    6.586325][    T1] vhci_hcd vhci_hcd.10: new USB bus registered, assigned bus number 29
[    6.587348][    T1] usb usb29: New USB device found, idVendor=1d6b, idProduct=0002, bcdDevice= 5.07
[    6.588057][    T1] usb usb29: New USB device strings: Mfr=3, Product=2, SerialNumber=1
[    6.588681][    T1] usb usb29: Product: USB/IP Virtual Host Controller
[    6.589206][    T1] usb usb29: Manufacturer: Linux 5.7.0-rc5-d59eb177c84f-01824-gd59eb177c84f vhci_hcd
[    6.589933][    T1] usb usb29: SerialNumber: vhci_hcd.10
[    6.591944][    T1] hub 29-0:1.0: USB hub found
[    6.592396][    T1] hub 29-0:1.0: 8 ports detected
[    6.597035][    T1] vhci_hcd vhci_hcd.10: USB/IP Virtual Host Controller
[    6.597976][    T1] vhci_hcd vhci_hcd.10: new USB bus registered, assigned bus number 30
[    6.599166][    T1] usb usb30: We don't know the algorithms for LPM for this host, disabling LPM.
[    6.600615][    T1] usb usb30: New USB device found, idVendor=1d6b, idProduct=0003, bcdDevice= 5.07
[    6.601414][    T1] usb usb30: New USB device strings: Mfr=3, Product=2, SerialNumber=1
[    6.602102][    T1] usb usb30: Product: USB/IP Virtual Host Controller
[    6.602664][    T1] usb usb30: Manufacturer: Linux 5.7.0-rc5-d59eb177c84f-01824-gd59eb177c84f vhci_hcd
[    6.603459][    T1] usb usb30: SerialNumber: vhci_hcd.10
[    6.605129][    T1] hub 30-0:1.0: USB hub found
[    6.605638][    T1] hub 30-0:1.0: 8 ports detected
[    6.609474][    T1] vhci_hcd vhci_hcd.11: USB/IP Virtual Host Controller
[    6.610508][    T1] vhci_hcd vhci_hcd.11: new USB bus registered, assigned bus number 31
[    6.611538][    T1] usb usb31: New USB device found, idVendor=1d6b, idProduct=0002, bcdDevice= 5.07
[    6.612247][    T1] usb usb31: New USB device strings: Mfr=3, Product=2, SerialNumber=1
[    6.612928][    T1] usb usb31: Product: USB/IP Virtual Host Controller
[    6.613490][    T1] usb usb31: Manufacturer: Linux 5.7.0-rc5-d59eb177c84f-01824-gd59eb177c84f vhci_hcd
[    6.614903][    T1] usb usb31: SerialNumber: vhci_hcd.11
[    6.616450][    T1] hub 31-0:1.0: USB hub found
[    6.616956][    T1] hub 31-0:1.0: 8 ports detected
[    6.620116][    T1] vhci_hcd vhci_hcd.11: USB/IP Virtual Host Controller
[    6.621213][    T1] vhci_hcd vhci_hcd.11: new USB bus registered, assigned bus number 32
[    6.622084][    T1] usb usb32: We don't know the algorithms for LPM for this host, disabling LPM.
[    6.623445][    T1] usb usb32: New USB device found, idVendor=1d6b, idProduct=0003, bcdDevice= 5.07
[    6.625118][    T1] usb usb32: New USB device strings: Mfr=3, Product=2, SerialNumber=1
[    6.625757][    T1] usb usb32: Product: USB/IP Virtual Host Controller
[    6.626268][    T1] usb usb32: Manufacturer: Linux 5.7.0-rc5-d59eb177c84f-01824-gd59eb177c84f vhci_hcd
[    6.626990][    T1] usb usb32: SerialNumber: vhci_hcd.11
[    6.628490][    T1] hub 32-0:1.0: USB hub found
[    6.629204][    T1] hub 32-0:1.0: 8 ports detected
[    6.633578][    T1] vhci_hcd vhci_hcd.12: USB/IP Virtual Host Controller
[    6.634652][    T1] vhci_hcd vhci_hcd.12: new USB bus registered, assigned bus number 33
[    6.635911][    T1] usb usb33: New USB device found, idVendor=1d6b, idProduct=0002, bcdDevice= 5.07
[    6.636833][    T1] usb usb33: New USB device strings: Mfr=3, Product=2, SerialNumber=1
[    6.637671][    T1] usb usb33: Product: USB/IP Virtual Host Controller
[    6.638305][    T1] usb usb33: Manufacturer: Linux 5.7.0-rc5-d59eb177c84f-01824-gd59eb177c84f vhci_hcd
[    6.639159][    T1] usb usb33: SerialNumber: vhci_hcd.12
[    6.640857][    T1] hub 33-0:1.0: USB hub found
[    6.641401][    T1] hub 33-0:1.0: 8 ports detected
[    6.645198][    T1] vhci_hcd vhci_hcd.12: USB/IP Virtual Host Controller
[    6.646238][    T1] vhci_hcd vhci_hcd.12: new USB bus registered, assigned bus number 34
[    6.647273][    T1] usb usb34: We don't know the algorithms for LPM for this host, disabling LPM.
[    6.648591][    T1] usb usb34: New USB device found, idVendor=1d6b, idProduct=0003, bcdDevice= 5.07
[    6.649457][    T1] usb usb34: New USB device strings: Mfr=3, Product=2, SerialNumber=1
[    6.650210][    T1] usb usb34: Product: USB/IP Virtual Host Controller
[    6.650848][    T1] usb usb34: Manufacturer: Linux 5.7.0-rc5-d59eb177c84f-01824-gd59eb177c84f vhci_hcd
[    6.651726][    T1] usb usb34: SerialNumber: vhci_hcd.12
[    6.653502][    T1] hub 34-0:1.0: USB hub found
[    6.654414][    T1] hub 34-0:1.0: 8 ports detected
[    6.658159][    T1] vhci_hcd vhci_hcd.13: USB/IP Virtual Host Controller
[    6.659247][    T1] vhci_hcd vhci_hcd.13: new USB bus registered, assigned bus number 35
[    6.661300][    T1] usb usb35: New USB device found, idVendor=1d6b, idProduct=0002, bcdDevice= 5.07
[    6.662272][    T1] usb usb35: New USB device strings: Mfr=3, Product=2, SerialNumber=1
[    6.663116][    T1] usb usb35: Product: USB/IP Virtual Host Controller
[    6.663786][    T1] usb usb35: Manufacturer: Linux 5.7.0-rc5-d59eb177c84f-01824-gd59eb177c84f vhci_hcd
[    6.665842][    T1] usb usb35: SerialNumber: vhci_hcd.13
[    6.667387][    T1] hub 35-0:1.0: USB hub found
[    6.667909][    T1] hub 35-0:1.0: 8 ports detected
[    6.671032][    T1] vhci_hcd vhci_hcd.13: USB/IP Virtual Host Controller
[    6.672105][    T1] vhci_hcd vhci_hcd.13: new USB bus registered, assigned bus number 36
[    6.672977][    T1] usb usb36: We don't know the algorithms for LPM for this host, disabling LPM.
[    6.674311][    T1] usb usb36: New USB device found, idVendor=1d6b, idProduct=0003, bcdDevice= 5.07
[    6.675039][    T1] usb usb36: New USB device strings: Mfr=3, Product=2, SerialNumber=1
[    6.675666][    T1] usb usb36: Product: USB/IP Virtual Host Controller
[    6.676187][    T1] usb usb36: Manufacturer: Linux 5.7.0-rc5-d59eb177c84f-01824-gd59eb177c84f vhci_hcd
[    6.676927][    T1] usb usb36: SerialNumber: vhci_hcd.13
[    6.678386][    T1] hub 36-0:1.0: USB hub found
[    6.678864][    T1] hub 36-0:1.0: 8 ports detected
[    6.682740][    T1] vhci_hcd vhci_hcd.14: USB/IP Virtual Host Controller
[    6.683800][    T1] vhci_hcd vhci_hcd.14: new USB bus registered, assigned bus number 37
[    6.684922][    T1] usb usb37: New USB device found, idVendor=1d6b, idProduct=0002, bcdDevice= 5.07
[    6.685652][    T1] usb usb37: New USB device strings: Mfr=3, Product=2, SerialNumber=1
[    6.686293][    T1] usb usb37: Product: USB/IP Virtual Host Controller
[    6.686820][    T1] usb usb37: Manufacturer: Linux 5.7.0-rc5-d59eb177c84f-01824-gd59eb177c84f vhci_hcd
[    6.687560][    T1] usb usb37: SerialNumber: vhci_hcd.14
[    6.689361][    T1] hub 37-0:1.0: USB hub found
[    6.689945][    T1] hub 37-0:1.0: 8 ports detected
[    6.693918][    T1] vhci_hcd vhci_hcd.14: USB/IP Virtual Host Controller
[    6.695275][    T1] vhci_hcd vhci_hcd.14: new USB bus registered, assigned bus number 38
[    6.696161][    T1] usb usb38: We don't know the algorithms for LPM for this host, disabling LPM.
[    6.697290][    T1] usb usb38: New USB device found, idVendor=1d6b, idProduct=0003, bcdDevice= 5.07
[    6.698071][    T1] usb usb38: New USB device strings: Mfr=3, Product=2, SerialNumber=1
[    6.698764][    T1] usb usb38: Product: USB/IP Virtual Host Controller
[    6.699296][    T1] usb usb38: Manufacturer: Linux 5.7.0-rc5-d59eb177c84f-01824-gd59eb177c84f vhci_hcd
[    6.700026][    T1] usb usb38: SerialNumber: vhci_hcd.14
[    6.701466][    T1] hub 38-0:1.0: USB hub found
[    6.701938][    T1] hub 38-0:1.0: 8 ports detected
[    6.705890][    T1] vhci_hcd vhci_hcd.15: USB/IP Virtual Host Controller
[    6.706839][    T1] vhci_hcd vhci_hcd.15: new USB bus registered, assigned bus number 39
[    6.707930][    T1] usb usb39: New USB device found, idVendor=1d6b, idProduct=0002, bcdDevice= 5.07
[    6.708634][    T1] usb usb39: New USB device strings: Mfr=3, Product=2, SerialNumber=1
[    6.709258][    T1] usb usb39: Product: USB/IP Virtual Host Controller
[    6.709772][    T1] usb usb39: Manufacturer: Linux 5.7.0-rc5-d59eb177c84f-01824-gd59eb177c84f vhci_hcd
[    6.710492][    T1] usb usb39: SerialNumber: vhci_hcd.15
[    6.711983][    T1] hub 39-0:1.0: USB hub found
[    6.712439][    T1] hub 39-0:1.0: 8 ports detected
[    6.715478][    T1] vhci_hcd vhci_hcd.15: USB/IP Virtual Host Controller
[    6.716527][    T1] vhci_hcd vhci_hcd.15: new USB bus registered, assigned bus number 40
[    6.717368][    T1] usb usb40: We don't know the algorithms for LPM for this host, disabling LPM.
[    6.718625][    T1] usb usb40: New USB device found, idVendor=1d6b, idProduct=0003, bcdDevice= 5.07
[    6.719360][    T1] usb usb40: New USB device strings: Mfr=3, Product=2, SerialNumber=1
[    6.720114][    T1] usb usb40: Product: USB/IP Virtual Host Controller
[    6.720920][    T1] usb usb40: Manufacturer: Linux 5.7.0-rc5-d59eb177c84f-01824-gd59eb177c84f vhci_hcd
[    6.721805][    T1] usb usb40: SerialNumber: vhci_hcd.15
[    6.723564][    T1] hub 40-0:1.0: USB hub found
[    6.724397][    T1] hub 40-0:1.0: 8 ports detected
[    6.728706][    T1] usbcore: registered new device driver usbip-host
[    6.731733][    T1] i8042: PNP: PS/2 Controller [PNP0303:KBD,PNP0f13:MOU] at 0x60,0x64 irq 1,12
[    6.733465][    T1] serio: i8042 KBD port at 0x60,0x64 irq 1
[    6.735140][    T1] serio: i8042 AUX port at 0x60,0x64 irq 12
[    6.739131][    T1] mousedev: PS/2 mouse device common for all mice
[    6.741381][   T13] input: AT Translated Set 2 keyboard as /devices/platform/i8042/serio0/input/input1
[    6.744436][    T1] usbcore: registered new interface driver appletouch
[    6.745261][    T1] usbcore: registered new interface driver bcm5974
[    6.747865][    T1] usbcore: registered new interface driver synaptics_usb
[    6.748688][    T1] usbcore: registered new interface driver iforce
[    6.749494][    T1] usbcore: registered new interface driver xpad
[    6.750254][    T1] usbcore: registered new interface driver usb_acecad
[    6.751349][    T1] usbcore: registered new interface driver aiptek
[    6.752386][    T1] usbcore: registered new interface driver hanwang
[    6.754432][    T1] usbcore: registered new interface driver kbtab
[    6.755201][    T1] usbcore: registered new interface driver pegasus_notetaker
[    6.756016][    T1] usbcore: registered new interface driver usbtouchscreen
[    6.756852][    T1] usbcore: registered new interface driver sur40
[    6.757637][    T1] usbcore: registered new interface driver ati_remote2
[    6.758197][    T1] cm109: Keymap for Komunikate KIP1000 phone loaded
[    6.759009][    T1] usbcore: registered new interface driver cm109
[    6.759544][    T1] cm109: CM109 phone driver: 20080805 (C) Alfred E. Heggestad
[    6.760832][    T1] usbcore: registered new interface driver ims_pcu
[    6.761766][    T1] usbcore: registered new interface driver keyspan_remote
[    6.762527][    T1] usbcore: registered new interface driver powermate
[    6.763625][    T1] usbcore: registered new interface driver yealink
[    6.765654][    T1] rtc_cmos 00:05: RTC can wake from S4
[    6.768551][    T1] rtc_cmos 00:05: registered as rtc0
[    6.768983][    T1] rtc_cmos 00:05: alarms up to one day, y3k, 242 bytes nvram, hpet irqs
[    6.770523][    T1] i2c /dev entries driver
[    6.771679][    T1] usbcore: registered new interface driver i2c-diolan-u2c
[    6.774591][    T1] usbcore: registered new interface driver RobotFuzz Open Source InterFace, OSIF
[    6.775502][    T1] usbcore: registered new interface driver i2c-tiny-usb
[    6.778333][    T1] usbcore: registered new interface driver ati_remote
[    6.779142][    T1] usbcore: registered new interface driver imon
[    6.779911][    T1] usbcore: registered new interface driver mceusb
[    6.780656][    T1] usbcore: registered new interface driver redrat3
[    6.781643][    T1] usbcore: registered new interface driver streamzap
[    6.785094][    T1] usbcore: registered new interface driver igorplugusb
[    6.785881][    T1] usbcore: registered new interface driver iguanair
[    6.786619][    T1] usbcore: registered new interface driver ttusbir
[    6.787175][    T1] b2c2-flexcop: B2C2 FlexcopII/II(b)/III digital TV receiver chip loaded successfully
[    6.797829][    T1] vivid-000: using single planar format API
[    6.809405][    T1] vivid-000: CEC adapter cec0 registered for HDMI input 0
[    6.810376][    T1] vivid-000: V4L2 capture device registered as video3
[    6.811240][    T1] vivid-000: CEC adapter cec1 registered for HDMI output 0
[    6.812136][    T1] vivid-000: V4L2 output device registered as video4
[    6.813374][    T1] vivid-000: V4L2 capture device registered as vbi0, supports raw and sliced VBI
[    6.815246][    T1] vivid-000: V4L2 output device registered as vbi1, supports raw and sliced VBI
[    6.816838][    T1] vivid-000: V4L2 capture device registered as swradio0
[    6.817910][    T1] vivid-000: V4L2 receiver device registered as radio0
[    6.819056][    T1] vivid-000: V4L2 transmitter device registered as radio1
[    6.820202][    T1] vivid-000: V4L2 metadata capture device registered as video5
[    6.821541][    T1] vivid-000: V4L2 metadata output device registered as video6
[    6.822813][    T1] vivid-000: V4L2 touch capture device registered as v4l-touch0
[    6.824432][    T1] vivid-001: using multiplanar format API
[    6.833365][    T1] vivid-001: CEC adapter cec2 registered for HDMI input 0
[    6.835182][    T1] vivid-001: V4L2 capture device registered as video7
[    6.836235][    T1] vivid-001: CEC adapter cec3 registered for HDMI output 0
[    6.837295][    T1] vivid-001: V4L2 output device registered as video8
[    6.838284][    T1] vivid-001: V4L2 capture device registered as vbi2, supports raw and sliced VBI
[    6.839757][    T1] vivid-001: V4L2 output device registered as vbi3, supports raw and sliced VBI
[    6.841160][    T1] vivid-001: V4L2 capture device registered as swradio1
[    6.842143][    T1] vivid-001: V4L2 receiver device registered as radio2
[    6.843439][    T1] vivid-001: V4L2 transmitter device registered as radio3
[    6.844839][    T1] vivid-001: V4L2 metadata capture device registered as video9
[    6.846003][    T1] vivid-001: V4L2 metadata output device registered as video10
[    6.847027][    T1] vivid-001: V4L2 touch capture device registered as v4l-touch1
[    6.848053][    T1] vivid-002: using single planar format API
[    6.856984][    T1] vivid-002: CEC adapter cec4 registered for HDMI input 0
[    6.857922][    T1] vivid-002: V4L2 capture device registered as video11
[    6.858850][    T1] vivid-002: CEC adapter cec5 registered for HDMI output 0
[    6.859712][    T1] vivid-002: V4L2 output device registered as video12
[    6.860536][    T1] vivid-002: V4L2 capture device registered as vbi4, supports raw and sliced VBI
[    6.861643][    T1] vivid-002: V4L2 output device registered as vbi5, supports raw and sliced VBI
[    6.863047][    T1] vivid-002: V4L2 capture device registered as swradio2
[    6.863862][    T1] vivid-002: V4L2 receiver device registered as radio4
[    6.866259][    T1] vivid-002: V4L2 transmitter device registered as radio5
[    6.867122][    T1] vivid-002: V4L2 metadata capture device registered as video13
[    6.868013][    T1] vivid-002: V4L2 metadata output device registered as video14
[    6.869029][    T1] vivid-002: V4L2 touch capture device registered as v4l-touch2
[    6.870092][    T1] vivid-003: using multiplanar format API
[    6.879519][    T1] vivid-003: CEC adapter cec6 registered for HDMI input 0
[    6.880408][    T1] vivid-003: V4L2 capture device registered as video15
[    6.881246][    T1] vivid-003: CEC adapter cec7 registered for HDMI output 0
[    6.882115][    T1] vivid-003: V4L2 output device registered as video16
[    6.882960][    T1] vivid-003: V4L2 capture device registered as vbi6, supports raw and sliced VBI
[    6.884151][    T1] vivid-003: V4L2 output device registered as vbi7, supports raw and sliced VBI
[    6.885701][    T1] vivid-003: V4L2 capture device registered as swradio3
[    6.886624][    T1] vivid-003: V4L2 receiver device registered as radio6
[    6.887417][    T1] vivid-003: V4L2 transmitter device registered as radio7
[    6.888272][    T1] vivid-003: V4L2 metadata capture device registered as video17
[    6.889162][    T1] vivid-003: V4L2 metadata output device registered as video18
[    6.890108][    T1] vivid-003: V4L2 touch capture device registered as v4l-touch3
[    6.891386][    T1] vivid-004: using single planar format API
[    6.900499][    T1] vivid-004: CEC adapter cec8 registered for HDMI input 0
[    6.901359][    T1] vivid-004: V4L2 capture device registered as video19
[    6.902217][    T1] vivid-004: CEC adapter cec9 registered for HDMI output 0
[    6.903110][    T1] vivid-004: V4L2 output device registered as video20
[    6.904422][    T1] vivid-004: V4L2 capture device registered as vbi8, supports raw and sliced VBI
[    6.906036][    T1] vivid-004: V4L2 output device registered as vbi9, supports raw and sliced VBI
[    6.907253][    T1] vivid-004: V4L2 capture device registered as swradio4
[    6.908125][    T1] vivid-004: V4L2 receiver device registered as radio8
[    6.909093][    T1] vivid-004: V4L2 transmitter device registered as radio9
[    6.910047][    T1] vivid-004: V4L2 metadata capture device registered as video21
[    6.910989][    T1] vivid-004: V4L2 metadata output device registered as video22
[    6.911925][    T1] vivid-004: V4L2 touch capture device registered as v4l-touch4
[    6.912967][    T1] vivid-005: using multiplanar format API
[    6.921751][    T1] vivid-005: CEC adapter cec10 registered for HDMI input 0
[    6.922638][    T1] vivid-005: V4L2 capture device registered as video23
[    6.923634][    T1] vivid-005: CEC adapter cec11 registered for HDMI output 0
[    6.924632][    T1] vivid-005: V4L2 output device registered as video24
[    6.925475][    T1] vivid-005: V4L2 capture device registered as vbi10, supports raw and sliced VBI
[    6.926557][    T1] vivid-005: V4L2 output device registered as vbi11, supports raw and sliced VBI
[    6.927963][    T1] vivid-005: V4L2 capture device registered as swradio5
[    6.928774][    T1] vivid-005: V4L2 receiver device registered as radio10
[    6.929674][    T1] vivid-005: V4L2 transmitter device registered as radio11
[    6.930539][    T1] vivid-005: V4L2 metadata capture device registered as video25
[    6.931435][    T1] vivid-005: V4L2 metadata output device registered as video26
[    6.932461][    T1] vivid-005: V4L2 touch capture device registered as v4l-touch5
[    6.933737][    T1] vivid-006: using single planar format API
[    6.944768][    T1] vivid-006: CEC adapter cec12 registered for HDMI input 0
[    6.945651][    T1] vivid-006: V4L2 capture device registered as video27
[    6.946491][    T1] vivid-006: CEC adapter cec13 registered for HDMI output 0
[    6.947360][    T1] vivid-006: V4L2 output device registered as video28
[    6.948201][    T1] vivid-006: V4L2 capture device registered as vbi12, supports raw and sliced VBI
[    6.949308][    T1] vivid-006: V4L2 output device registered as vbi13, supports raw and sliced VBI
[    6.950745][    T1] vivid-006: V4L2 capture device registered as swradio6
[    6.951631][    T1] vivid-006: V4L2 receiver device registered as radio12
[    6.952427][    T1] vivid-006: V4L2 transmitter device registered as radio13
[    6.953291][    T1] vivid-006: V4L2 metadata capture device registered as video29
[    6.954372][    T1] vivid-006: V4L2 metadata output device registered as video30
[    6.955450][    T1] vivid-006: V4L2 touch capture device registered as v4l-touch6
[    6.956621][    T1] vivid-007: using multiplanar format API
[    6.966542][    T1] vivid-007: CEC adapter cec14 registered for HDMI input 0
[    6.967540][    T1] vivid-007: V4L2 capture device registered as video31
[    6.968455][    T1] vivid-007: CEC adapter cec15 registered for HDMI output 0
[    6.969404][    T1] vivid-007: V4L2 output device registered as video32
[    6.970316][    T1] vivid-007: V4L2 capture device registered as vbi14, supports raw and sliced VBI
[    6.971718][    T1] vivid-007: V4L2 output device registered as vbi15, supports raw and sliced VBI
[    6.973042][    T1] vivid-007: V4L2 capture device registered as swradio7
[    6.973842][    T1] vivid-007: V4L2 receiver device registered as radio14
[    6.975132][    T1] vivid-007: V4L2 transmitter device registered as radio15
[    6.976061][    T1] vivid-007: V4L2 metadata capture device registered as video33
[    6.976970][    T1] vivid-007: V4L2 metadata output device registered as video34
[    6.978318][    T1] vivid-007: V4L2 touch capture device registered as v4l-touch7
[    6.979370][    T1] vivid-008: using single planar format API
[    6.988101][    T1] vivid-008: CEC adapter cec16 registered for HDMI input 0
[    6.988980][    T1] vivid-008: V4L2 capture device registered as video35
[    6.989832][    T1] vivid-008: CEC adapter cec17 registered for HDMI output 0
[    6.990710][    T1] vivid-008: V4L2 output device registered as video36
[    6.991551][    T1] vivid-008: V4L2 capture device registered as vbi16, supports raw and sliced VBI
[    6.992666][    T1] vivid-008: V4L2 output device registered as vbi17, supports raw and sliced VBI
[    6.994875][    T1] vivid-008: V4L2 capture device registered as swradio8
[    6.995970][    T1] vivid-008: V4L2 receiver device registered as radio16
[    6.997108][    T1] vivid-008: V4L2 transmitter device registered as radio17
[    6.998083][    T1] vivid-008: V4L2 metadata capture device registered as video37
[    6.999241][    T1] vivid-008: V4L2 metadata output device registered as video38
[    7.000292][    T1] vivid-008: V4L2 touch capture device registered as v4l-touch8
[    7.001239][    T1] vivid-009: using multiplanar format API
[    7.010062][    T1] vivid-009: CEC adapter cec18 registered for HDMI input 0
[    7.011004][    T1] vivid-009: V4L2 capture device registered as video39
