c[?7l[2J[0mSeaBIOS (version rel-1.16.0-0-gd239552ce722-prebuilt.qemu.org)


iPXE (http://ipxe.org) 00:03.0 CA00 PCI2.10 PnP PMM+7FF91000+7FEF1000 CA00
Press Ctrl-B to configure iPXE (PCI 00:03.0)...                                                                               


Booting from ROM..c[?7l[2Jearly console in extract_kernel
input_data: 0x000000000bef82c8
input_len: 0x0000000004508b5f
output: 0x0000000001000000
output_len: 0x000000000e036b28
kernel_total_size: 0x000000000f426000
needed_size: 0x000000000f600000
trampoline_32bit: 0x000000000009d000

Decompressing Linux... Parsing ELF... done.
Booting the kernel.
[    0.000000][    T0] Linux version 5.6.0-db34c5ffee64-00948-gdb34c5ffee64 (root@xpf.sh.intel.com) (gcc version 8.5.0 20210514 (Red Hat 8.5.0-20) (GCC)) #1 SMP PREEMPT Sun Dec 3 14:44:57 CST 2023
[    0.000000][    T0] Command line: console=ttyS0 root=/dev/sda1 earlyprintk=serial net.ifnames=0 thunderbolt.dyndbg plymouth.enable=0
[    0.000000][    T0] KERNEL supported cpus:
[    0.000000][    T0]   Intel GenuineIntel
[    0.000000][    T0]   AMD AuthenticAMD
[    0.000000][    T0] x86/fpu: Supporting XSAVE feature 0x001: 'x87 floating point registers'
[    0.000000][    T0] x86/fpu: Supporting XSAVE feature 0x002: 'SSE registers'
[    0.000000][    T0] x86/fpu: Supporting XSAVE feature 0x004: 'AVX registers'
[    0.000000][    T0] x86/fpu: Supporting XSAVE feature 0x008: 'MPX bounds registers'
[    0.000000][    T0] x86/fpu: Supporting XSAVE feature 0x010: 'MPX CSR'
[    0.000000][    T0] x86/fpu: Supporting XSAVE feature 0x020: 'AVX-512 opmask'
[    0.000000][    T0] x86/fpu: Supporting XSAVE feature 0x040: 'AVX-512 Hi256'
[    0.000000][    T0] x86/fpu: Supporting XSAVE feature 0x080: 'AVX-512 ZMM_Hi256'
[    0.000000][    T0] x86/fpu: xstate_offset[2]:  576, xstate_sizes[2]:  256
[    0.000000][    T0] x86/fpu: xstate_offset[3]:  832, xstate_sizes[3]:   64
[    0.000000][    T0] x86/fpu: xstate_offset[4]:  896, xstate_sizes[4]:   64
[    0.000000][    T0] x86/fpu: xstate_offset[5]:  960, xstate_sizes[5]:   64
[    0.000000][    T0] x86/fpu: xstate_offset[6]: 1024, xstate_sizes[6]:  512
[    0.000000][    T0] x86/fpu: xstate_offset[7]: 1536, xstate_sizes[7]: 1024
[    0.000000][    T0] x86/fpu: Enabled xstate features 0xff, context size is 2560 bytes, using 'compacted' format.
[    0.000000][    T0] BIOS-provided physical RAM map:
[    0.000000][    T0] BIOS-e820: [mem 0x0000000000000000-0x000000000009fbff] usable
[    0.000000][    T0] BIOS-e820: [mem 0x000000000009fc00-0x000000000009ffff] reserved
[    0.000000][    T0] BIOS-e820: [mem 0x00000000000f0000-0x00000000000fffff] reserved
[    0.000000][    T0] BIOS-e820: [mem 0x0000000000100000-0x000000007ffdffff] usable
[    0.000000][    T0] BIOS-e820: [mem 0x000000007ffe0000-0x000000007fffffff] reserved
[    0.000000][    T0] BIOS-e820: [mem 0x00000000feffc000-0x00000000feffffff] reserved
[    0.000000][    T0] BIOS-e820: [mem 0x00000000fffc0000-0x00000000ffffffff] reserved
[    0.000000][    T0] printk: bootconsole [earlyser0] enabled
[    0.000000][    T0] ERROR: earlyprintk= earlyser already used
[    0.000000][    T0] ERROR: earlyprintk= earlyser already used
[    0.000000][    T0] ERROR: earlyprintk= earlyser already used
[    0.000000][    T0] Malformed early option 'vsyscall'
[    0.000000][    T0] nopcid: PCID feature disabled
[    0.000000][    T0] NX (Execute Disable) protection: active
[    0.000000][    T0] SMBIOS 2.8 present.
[    0.000000][    T0] DMI: QEMU Standard PC (i440FX + PIIX, 1996), BIOS rel-1.16.0-0-gd239552ce722-prebuilt.qemu.org 04/01/2014
[    0.000000][    T0] Hypervisor detected: KVM
[    0.000000][    T0] kvm-clock: Using msrs 4b564d01 and 4b564d00
[    0.000002][    T0] kvm-clock: cpu 0, msr ec5d001, primary cpu clock
[    0.000003][    T0] kvm-clock: using sched offset of 858378030 cycles
[    0.000672][    T0] clocksource: kvm-clock: mask: 0xffffffffffffffff max_cycles: 0x1cd42e4dffb, max_idle_ns: 881590591483 ns
[    0.002510][    T0] tsc: Detected 2999.998 MHz processor
[    0.007982][    T0] last_pfn = 0x7ffe0 max_arch_pfn = 0x400000000
[    0.008716][    T0] x86/PAT: Configuration [0-7]: WB  WC  UC- UC  WB  WP  UC- WT  
[    0.017186][    T0] found SMP MP-table at [mem 0x000f5ba0-0x000f5baf]
[    0.018038][    T0] Using GB pages for direct mapping
[    0.019334][    T0] ACPI: Early table checksum verification disabled
[    0.020032][    T0] ACPI: RSDP 0x00000000000F59C0 000014 (v00 BOCHS )
[    0.020715][    T0] ACPI: RSDT 0x000000007FFE1951 000034 (v01 BOCHS  BXPC     00000001 BXPC 00000001)
[    0.021693][    T0] ACPI: FACP 0x000000007FFE17FD 000074 (v01 BOCHS  BXPC     00000001 BXPC 00000001)
[    0.022664][    T0] ACPI: DSDT 0x000000007FFE0040 0017BD (v01 BOCHS  BXPC     00000001 BXPC 00000001)
[    0.023636][    T0] ACPI: FACS 0x000000007FFE0000 000040
[    0.024196][    T0] ACPI: APIC 0x000000007FFE1871 000080 (v01 BOCHS  BXPC     00000001 BXPC 00000001)
[    0.025169][    T0] ACPI: HPET 0x000000007FFE18F1 000038 (v01 BOCHS  BXPC     00000001 BXPC 00000001)
[    0.026140][    T0] ACPI: WAET 0x000000007FFE1929 000028 (v01 BOCHS  BXPC     00000001 BXPC 00000001)
[    0.027894][    T0] No NUMA configuration found
[    0.028369][    T0] Faking a node at [mem 0x0000000000000000-0x000000007ffdffff]
[    0.029146][    T0] Faking node 0 at [mem 0x0000000000000000-0x000000003fffffff] (1024MB)
[    0.029999][    T0] Faking node 1 at [mem 0x0000000040000000-0x000000007ffdffff] (1023MB)
[    0.031167][    T0] NODE_DATA(0) allocated [mem 0x3fffb000-0x3fffffff]
[    0.031995][    T0] NODE_DATA(1) allocated [mem 0x7ffda000-0x7ffdefff]
[    0.036248][    T0] Zone ranges:
[    0.036634][    T0]   DMA      [mem 0x0000000000001000-0x0000000000ffffff]
[    0.037353][    T0]   DMA32    [mem 0x0000000001000000-0x000000007ffdffff]
[    0.038077][    T0]   Normal   empty
[    0.038452][    T0]   Device   empty
[    0.038828][    T0] Movable zone start for each node
[    0.039348][    T0] Early memory node ranges
[    0.039793][    T0]   node   0: [mem 0x0000000000001000-0x000000000009efff]
[    0.040529][    T0]   node   0: [mem 0x0000000000100000-0x000000003fffffff]
[    0.041256][    T0]   node   1: [mem 0x0000000040000000-0x000000007ffdffff]
[    0.041989][    T0] Zeroed struct page in unavailable ranges: 130 pages
[    0.041993][    T0] Initmem setup node 0 [mem 0x0000000000001000-0x000000003fffffff]
[    0.054643][    T0] Initmem setup node 1 [mem 0x0000000040000000-0x000000007ffdffff]
[    0.098898][    T0] kasan: KernelAddressSanitizer initialized
[    0.099911][    T0] ACPI: PM-Timer IO Port: 0x608
[    0.100489][    T0] ACPI: LAPIC_NMI (acpi_id[0xff] dfl dfl lint[0x1])
[    0.101212][    T0] IOAPIC[0]: apic_id 0, version 17, address 0xfec00000, GSI 0-23
[    0.102011][    T0] ACPI: INT_SRC_OVR (bus 0 bus_irq 0 global_irq 2 dfl dfl)
[    0.102814][    T0] ACPI: INT_SRC_OVR (bus 0 bus_irq 5 global_irq 5 high level)
[    0.103658][    T0] ACPI: INT_SRC_OVR (bus 0 bus_irq 9 global_irq 9 high level)
[    0.104504][    T0] ACPI: INT_SRC_OVR (bus 0 bus_irq 10 global_irq 10 high level)
[    0.105374][    T0] ACPI: INT_SRC_OVR (bus 0 bus_irq 11 global_irq 11 high level)
[    0.106259][    T0] Using ACPI (MADT) for SMP configuration information
[    0.107050][    T0] ACPI: HPET id: 0x8086a201 base: 0xfed00000
[    0.107732][    T0] smpboot: Allowing 2 CPUs, 0 hotplug CPUs
[    0.108418][    T0] KVM setup pv remote TLB flush
[    0.108965][    T0] KVM setup pv sched yield
[    0.109574][    T0] PM: hibernation: Registered nosave memory: [mem 0x00000000-0x00000fff]
[    0.110585][    T0] PM: hibernation: Registered nosave memory: [mem 0x0009f000-0x0009ffff]
[    0.111423][    T0] PM: hibernation: Registered nosave memory: [mem 0x000a0000-0x000effff]
[    0.112304][    T0] PM: hibernation: Registered nosave memory: [mem 0x000f0000-0x000fffff]
[    0.113190][    T0] [mem 0x80000000-0xfeffbfff] available for PCI devices
[    0.113880][    T0] Booting paravirtualized kernel on KVM
[    0.114499][    T0] clocksource: refined-jiffies: mask: 0xffffffff max_cycles: 0xffffffff, max_idle_ns: 19112604462750000 ns
[    0.158065][    T0] setup_percpu: NR_CPUS:8 nr_cpumask_bits:8 nr_cpu_ids:2 nr_node_ids:2
[    0.159477][    T0] percpu: Embedded 65 pages/cpu s227592 r8192 d30456 u2097152
[    0.160294][    T0] KVM setup async PF for cpu 0
[    0.160733][    T0] kvm-stealtime: cpu 0, msr 2ce21a80
[    0.161196][    T0] PV qspinlock hash table entries: 256 (order: 0, 4096 bytes, linear)
[    0.162008][    T0] Built 2 zonelists, mobility grouping on.  Total pages: 515945
[    0.162757][    T0] Policy zone: DMA32
[    0.163105][    T0] Kernel command line: earlyprintk=serial net.ifnames=0 sysctl.kernel.hung_task_all_cpu_backtrace=1 ima_policy=tcb nf-conntrack-ftp.ports=20000 nf-conntrack-tftp.ports=20000 nf-conntrack-sip.ports=20000 nf-conntrack-irc.ports=20000 nf-conntrack-sane.ports=20000 binder.debug_mask=0 rcupdate.rcu_expedited=1 rcupdate.rcu_cpu_stall_cputime=1 no_hash_pointers page_owner=on sysctl.vm.nr_hugepages=4 sysctl.vm.nr_overcommit_hugepages=4 secretmem.enable=1 sysctl.max_rcu_stall_to_panic=1 msr.allow_writes=off coredump_filter=0xffff root=/dev/sda console=ttyS0 vsyscall=native numa=fake=2 kvm-intel.nested=1 spec_store_bypass_disable=prctl nopcid vivid.n_devs=16 vivid.multiplanar=1,2,1,2,1,2,1,2,1,2,1,2,1,2,1,2 netrom.nr_ndevs=16 rose.rose_ndevs=16 smp.csd_lock_timeout=100000 watchdog_thresh=55 workqueue.watchdog_thresh=140 sysctl.net.core.netdev_unregister_timeout_secs=140 dummy_hcd.num=8 panic_on_warn=1 console=ttyS0 root=/dev/sda1 earlyprintk=serial net.ifnames=0 thunderb
[    0.166427][    T0] mem auto-init: stack:off, heap alloc:on, heap free:off
[    0.285671][    T0] Memory: 1519572K/2096632K available (133130K kernel code, 40727K rwdata, 27232K rodata, 2584K init, 24360K bss, 577060K reserved, 0K cma-reserved)
[    0.287518][    T0] SLUB: HWalign=64, Order=0-3, MinObjects=0, CPUs=2, Nodes=2
[    0.289676][    T0] Running RCU self tests
[    0.290040][    T0] rcu: Preemptible hierarchical RCU implementation.
[    0.290563][    T0] rcu: 	RCU lockdep checking is enabled.
[    0.291010][    T0] rcu: 	RCU restricting CPUs from NR_CPUS=8 to nr_cpu_ids=2.
[    0.291596][    T0] rcu: 	RCU callback double-/use-after-free debug enabled.
[    0.292167][    T0] rcu: 	RCU debug extended QS entry/exit.
[    0.292621][    T0] 	All grace periods are expedited (rcu_expedited).
[    0.293140][    T0] 	Tasks RCU enabled.
[    0.293462][    T0] rcu: RCU calculated value of scheduler-enlistment delay is 10 jiffies.
[    0.294132][    T0] rcu: Adjusting geometry for rcu_fanout_leaf=16, nr_cpu_ids=2
[    0.298776][    T0] NR_IRQS: 4352, nr_irqs: 440, preallocated irqs: 16
[    0.300096][    T0] random: get_random_bytes called from start_kernel+0x521/0x85a with crng_init=0
[    0.305030][    T0] Console: colour VGA+ 80x25
[    0.306284][    T0] printk: console [ttyS0] enabled
[    0.306284][    T0] printk: console [ttyS0] enabled
[    0.307170][    T0] printk: bootconsole [earlyser0] disabled
[    0.307170][    T0] printk: bootconsole [earlyser0] disabled
[    0.308126][    T0] Lock dependency validator: Copyright (c) 2006 Red Hat, Inc., Ingo Molnar
[    0.308819][    T0] ... MAX_LOCKDEP_SUBCLASSES:  8
[    0.309216][    T0] ... MAX_LOCK_DEPTH:          48
[    0.309625][    T0] ... MAX_LOCKDEP_KEYS:        8192
[    0.310042][    T0] ... CLASSHASH_SIZE:          4096
[    0.310462][    T0] ... MAX_LOCKDEP_ENTRIES:     32768
[    0.310891][    T0] ... MAX_LOCKDEP_CHAINS:      65536
[    0.311316][    T0] ... CHAINHASH_SIZE:          32768
[    0.311744][    T0]  memory used by lock dependency info: 6237 kB
[    0.312246][    T0]  memory used for stack traces: 4224 kB
[    0.312703][    T0]  per task-struct memory footprint: 1920 bytes
[    0.313288][    T0] mempolicy: Enabling automatic NUMA balancing. Configure with numa_balancing= or the kernel.numa_balancing sysctl
[    0.314294][    T0] ACPI: Core revision 20200110
[    0.315383][    T0] clocksource: hpet: mask: 0xffffffff max_cycles: 0xffffffff, max_idle_ns: 19112604467 ns
[    0.316789][    T0] APIC: Switch to symmetric I/O mode setup
[    0.317621][    T0] x2apic enabled
[    0.318210][    T0] Switched APIC routing to physical x2apic.
[    0.318849][    T0] KVM setup pv IPIs
[    0.320239][    T0] ..TIMER: vector=0x30 apic1=0 pin1=2 apic2=-1 pin2=-1
[    0.320965][    T0] clocksource: tsc-early: mask: 0xffffffffffffffff max_cycles: 0x2b3e43c8763, max_idle_ns: 440795360101 ns
[    0.322138][    T0] Calibrating delay loop (skipped) preset value.. 5999.99 BogoMIPS (lpj=29999980)
[    0.323085][    T0] pid_max: default: 32768 minimum: 301
[    0.323814][    T0] LSM: Security Framework initializing
[    0.324420][    T0] Yama: becoming mindful.
[    0.324945][    T0] TOMOYO Linux initialized
[    0.325594][    T0] AppArmor: AppArmor initialized
[    0.332217][    T0] Dentry cache hash table entries: 262144 (order: 9, 2097152 bytes, vmalloc)
[    0.333466][    T0] Inode-cache hash table entries: 131072 (order: 8, 1048576 bytes, vmalloc)
[    0.334434][    T0] Mount-cache hash table entries: 4096 (order: 3, 32768 bytes, vmalloc)
[    0.335297][    T0] Mountpoint-cache hash table entries: 4096 (order: 3, 32768 bytes, vmalloc)
[    0.336285][    T0] *** VALIDATE tmpfs ***
[    0.337819][    T0] *** VALIDATE proc ***
[    0.338835][    T0] *** VALIDATE cgroup ***
[    0.339288][    T0] *** VALIDATE cgroup2 ***
[    0.339942][    T0] x86/cpu: User Mode Instruction Prevention (UMIP) activated
[    0.340794][    T0] Last level iTLB entries: 4KB 0, 2MB 0, 4MB 0
[    0.341418][    T0] Last level dTLB entries: 4KB 0, 2MB 0, 4MB 0, 1GB 0
[    0.342176][    T0] Spectre V1 : Mitigation: usercopy/swapgs barriers and __user pointer sanitization
[    0.343164][    T0] Spectre V2 : Mitigation: Enhanced IBRS
[    0.343716][    T0] Spectre V2 : Spectre v2 / SpectreRSB mitigation: Filling RSB on context switch
[    0.344625][    T0] Spectre V2 : mitigation: Enabling conditional Indirect Branch Prediction Barrier
[    0.345572][    T0] Speculative Store Bypass: Mitigation: Speculative Store Bypass disabled via prctl
[    0.346490][    T0] TAA: Mitigation: Clear CPU buffers
[    0.347914][    T0] Freeing SMP alternatives memory: 100K
[    0.349188][    T1] smpboot: CPU0: Intel(R) Core(TM) i9-10980XE CPU @ 3.00GHz (family: 0x6, model: 0x55, stepping: 0x7)
[    0.412186][    T1] Performance Events: Skylake events, full-width counters, Intel PMU driver.
[    0.413118][    T1] ... version:                2
[    0.413590][    T1] ... bit width:              48
[    0.414070][    T1] ... generic registers:      4
[    0.414540][    T1] ... value mask:             0000ffffffffffff
[    0.415140][    T1] ... max period:             00007fffffffffff
[    0.415744][    T1] ... fixed-purpose events:   3
[    0.416216][    T1] ... event mask:             000000070000000f
[    0.432160][    T1] rcu: Hierarchical SRCU implementation.
[    0.482154][    T1] smp: Bringing up secondary CPUs ...
[    0.562310][    T1] x86: Booting SMP configuration:
[    0.562841][    T1] .... node  #1, CPUs:      #1
[    0.022189][    T0] kvm-clock: cpu 1, msr ec5d041, secondary cpu clock
[    0.564197][   T15] KVM setup async PF for cpu 1
[    0.564197][   T15] kvm-stealtime: cpu 1, msr 7ec21a80
[    0.564197][    T1] smp: Brought up 2 nodes, 2 CPUs
[    0.564197][    T1] smpboot: Max logical packages: 1
[    0.564197][    T1] smpboot: Total of 2 processors activated (11999.99 BogoMIPS)
[    0.566733][    T1] allocated 12582912 bytes of page_ext
[    0.567346][    T1] Node 0, zone      DMA: page owner found early allocated 0 pages
[    0.575021][    T1] Node 0, zone    DMA32: page owner found early allocated 2750 pages
[    0.576094][    T1] Node 1, zone    DMA32: page owner found early allocated 2582 pages
[    0.577231][    T1] devtmpfs: initialized
[    0.577231][    T1] x86/mm: Memory block size: 128MB
[    0.595660][    T1] clocksource: jiffies: mask: 0xffffffff max_cycles: 0xffffffff, max_idle_ns: 19112604462750000 ns
[    0.596562][    T1] futex hash table entries: 512 (order: 4, 65536 bytes, vmalloc)
[    0.597597][    T1] xor: automatically using best checksumming function   avx       
[    0.599424][   T24] kworker/u5:0 (24) used greatest stack depth: 27072 bytes left
[    0.602467][    T1] PM: RTC time: 06:52:54, date: 2023-12-03
[    0.602949][    T1] thermal_sys: Registered thermal governor 'step_wise'
[    0.602952][    T1] thermal_sys: Registered thermal governor 'user_space'
[    0.604743][    T1] NET: Registered protocol family 16
[    0.608794][    T1] audit: initializing netlink subsys (disabled)
[    0.610016][   T28] kworker/u5:1 (28) used greatest stack depth: 27064 bytes left
[    0.611345][   T31] audit: type=2000 audit(1701586374.514:1): state=initialized audit_enabled=0 res=1
[    0.614769][    T1] cpuidle: using governor menu
[    0.617685][    T1] ACPI: bus type PCI registered
[    0.620971][    T1] dca service started, version 1.12.1
[    0.621601][    T1] PCI: Using configuration type 1 for base access
[    0.655807][   T72] kworker/u5:2 (72) used greatest stack depth: 25448 bytes left
[    0.963969][    T1] HugeTLB registered 1.00 GiB page size, pre-allocated 0 pages
[    0.964588][    T1] HugeTLB registered 2.00 MiB page size, pre-allocated 0 pages
[    0.973892][    T1] cryptd: max_cpu_qlen set to 1000
[    1.003596][    T1] raid6: skip pq benchmark and using algorithm avx512x4
[    1.004165][    T1] raid6: using avx512x2 recovery algorithm
[    1.005040][    T1] ACPI: Added _OSI(Module Device)
[    1.005433][    T1] ACPI: Added _OSI(Processor Device)
[    1.005843][    T1] ACPI: Added _OSI(3.0 _SCP Extensions)
[    1.006273][    T1] ACPI: Added _OSI(Processor Aggregator Device)
[    1.006758][    T1] ACPI: Added _OSI(Linux-Dell-Video)
[    1.007177][    T1] ACPI: Added _OSI(Linux-Lenovo-NV-HDMI-Audio)
[    1.007658][    T1] ACPI: Added _OSI(Linux-HPI-Hybrid-Graphics)
[    1.030430][    T1] ACPI: 1 ACPI AML tables successfully acquired and loaded
[    1.075607][    T1] ACPI: Interpreter enabled
[    1.076174][    T1] ACPI: (supports S0 S3 S4 S5)
[    1.076592][    T1] ACPI: Using IOAPIC for interrupt routing
[    1.077318][    T1] PCI: Using host bridge windows from ACPI; if necessary, use "pci=nocrs" and report a bug
[    1.079858][    T1] ACPI: Enabled 2 GPEs in block 00 to 0F
[    1.137936][    T1] ACPI: PCI Root Bridge [PCI0] (domain 0000 [bus 00-ff])
[    1.138546][    T1] acpi PNP0A03:00: _OSC: OS supports [ASPM ClockPM Segments MSI HPX-Type3]
[    1.139459][    T1] acpi PNP0A03:00: fail to add MMCONFIG information, can't access extended PCI configuration space under this bridge.
[    1.141003][    T1] PCI host bridge to bus 0000:00
[    1.141401][    T1] pci_bus 0000:00: Unknown NUMA node; performance will be reduced
[    1.142003][    T1] pci_bus 0000:00: root bus resource [io  0x0000-0x0cf7 window]
[    1.142313][    T1] pci_bus 0000:00: root bus resource [io  0x0d00-0xffff window]
[    1.142907][    T1] pci_bus 0000:00: root bus resource [mem 0x000a0000-0x000bffff window]
[    1.143547][    T1] pci_bus 0000:00: root bus resource [mem 0x80000000-0xfebfffff window]
[    1.144191][    T1] pci_bus 0000:00: root bus resource [mem 0x100000000-0x17fffffff window]
[    1.144847][    T1] pci_bus 0000:00: root bus resource [bus 00-ff]
[    1.145476][    T1] pci 0000:00:00.0: [8086:1237] type 00 class 0x060000
[    1.151253][    T1] pci 0000:00:01.0: [8086:7000] type 00 class 0x060100
[    1.154278][    T1] pci 0000:00:01.1: [8086:7010] type 00 class 0x010180
[    1.156343][    T1] pci 0000:00:01.1: reg 0x20: [io  0xc040-0xc04f]
[    1.157502][    T1] pci 0000:00:01.1: legacy IDE quirk: reg 0x10: [io  0x01f0-0x01f7]
[    1.158177][    T1] pci 0000:00:01.1: legacy IDE quirk: reg 0x14: [io  0x03f6]
[    1.158795][    T1] pci 0000:00:01.1: legacy IDE quirk: reg 0x18: [io  0x0170-0x0177]
[    1.159422][    T1] pci 0000:00:01.1: legacy IDE quirk: reg 0x1c: [io  0x0376]
[    1.161974][    T1] pci 0000:00:01.3: [8086:7113] type 00 class 0x068000
[    1.162595][    T1] pci 0000:00:01.3: quirk: [io  0x0600-0x063f] claimed by PIIX4 ACPI
[    1.163247][    T1] pci 0000:00:01.3: quirk: [io  0x0700-0x070f] claimed by PIIX4 SMB
[    1.165517][    T1] pci 0000:00:02.0: [1234:1111] type 00 class 0x030000
[    1.167599][    T1] pci 0000:00:02.0: reg 0x10: [mem 0xfd000000-0xfdffffff pref]
[    1.169413][    T1] pci 0000:00:02.0: reg 0x18: [mem 0xfebf0000-0xfebf0fff]
[    1.172589][    T1] pci 0000:00:02.0: reg 0x30: [mem 0xfebe0000-0xfebeffff pref]
[    1.176662][    T1] pci 0000:00:03.0: [8086:100e] type 00 class 0x020000
[    1.177847][    T1] pci 0000:00:03.0: reg 0x10: [mem 0xfebc0000-0xfebdffff]
[    1.178999][    T1] pci 0000:00:03.0: reg 0x14: [io  0xc000-0xc03f]
[    1.181580][    T1] pci 0000:00:03.0: reg 0x30: [mem 0xfeb80000-0xfebbffff pref]
[    1.191329][    T1] ACPI: PCI Interrupt Link [LNKA] (IRQs 5 *10 11)
[    1.193299][    T1] ACPI: PCI Interrupt Link [LNKB] (IRQs 5 *10 11)
[    1.195104][    T1] ACPI: PCI Interrupt Link [LNKC] (IRQs 5 10 *11)
[    1.197226][    T1] ACPI: PCI Interrupt Link [LNKD] (IRQs 5 10 *11)
[    1.198328][    T1] ACPI: PCI Interrupt Link [LNKS] (IRQs *9)
[    1.203246][    T1] iommu: Default domain type: Translated 
[    1.204236][    T1] pci 0000:00:02.0: vgaarb: setting as boot VGA device
[    1.204785][    T1] pci 0000:00:02.0: vgaarb: VGA device added: decodes=io+mem,owns=io+mem,locks=none
[    1.205513][    T1] pci 0000:00:02.0: vgaarb: bridge control possible
[    1.206018][    T1] vgaarb: loaded
[    1.211258][    T1] SCSI subsystem initialized
[    1.213163][    T1] ACPI: bus type USB registered
[    1.213910][    T1] usbcore: registered new interface driver usbfs
[    1.214623][    T1] usbcore: registered new interface driver hub
[    1.215294][    T1] usbcore: registered new device driver usb
[    1.217354][    T1] mc: Linux media interface: v0.10
[    1.217934][    T1] videodev: Linux video capture interface: v2.00
[    1.222156][    T1] pps_core: LinuxPPS API ver. 1 registered
[    1.222271][    T1] pps_core: Software ver. 5.3.6 - Copyright 2005-2007 Rodolfo Giometti <giometti@linux.it>
[    1.223410][    T1] PTP clock support registered
[    1.224380][    T1] EDAC MC: Ver: 3.0.0
[    1.227345][    T1] Advanced Linux Sound Architecture Driver Initialized.
[    1.228298][    T1] PCI: Using ACPI for IRQ routing
[    1.233157][    T1] Bluetooth: Core ver 2.22
[    1.233948][    T1] NET: Registered protocol family 31
[    1.234399][    T1] Bluetooth: HCI device and connection manager initialized
[    1.235014][    T1] Bluetooth: HCI socket layer initialized
[    1.235463][    T1] Bluetooth: L2CAP socket layer initialized
[    1.235940][    T1] Bluetooth: SCO socket layer initialized
[    1.236406][    T1] NET: Registered protocol family 8
[    1.236807][    T1] NET: Registered protocol family 20
[    1.237420][    T1] NetLabel: Initializing
[    1.237756][    T1] NetLabel:  domain hash size = 128
[    1.238156][    T1] NetLabel:  protocols = UNLABELED CIPSOv4 CALIPSO
[    1.238813][    T1] NetLabel:  unlabeled traffic allowed by default
[    1.240185][    T1] nfc: nfc_init: NFC Core ver 0.1
[    1.240800][    T1] NET: Registered protocol family 39
[    1.244027][    T1] hpet0: at MMIO 0xfed00000, IRQs 2, 8, 0
[    1.244479][    T1] hpet0: 3 comparators, 64-bit 100.000000 MHz counter
[    1.249232][    T1] clocksource: Switched to clocksource kvm-clock
[    2.697625][    T1] *** VALIDATE bpf ***
[    2.698793][    T1] VFS: Disk quotas dquot_6.6.0
[    2.699314][    T1] VFS: Dquot-cache hash table entries: 512 (order 0, 4096 bytes)
[    2.700385][    T1] FS-Cache: Loaded
[    2.700721][    T1] *** VALIDATE ramfs ***
[    2.701112][    T1] *** VALIDATE hugetlbfs ***
[    2.702135][    T1] CacheFiles: Loaded
[    2.702672][    T1] TOMOYO: 2.6.0
[    2.702984][    T1] Mandatory Access Control activated.
[    2.704378][    T1] AppArmor: AppArmor Filesystem Enabled
[    2.705128][    T1] pnp: PnP ACPI init
[    2.710626][    T1] pnp: PnP ACPI: found 6 devices
[    2.748593][    T1] clocksource: acpi_pm: mask: 0xffffff max_cycles: 0xffffff, max_idle_ns: 2085701024 ns
[    2.749830][    T1] pci_bus 0000:00: resource 4 [io  0x0000-0x0cf7 window]
[    2.750393][    T1] pci_bus 0000:00: resource 5 [io  0x0d00-0xffff window]
[    2.750939][    T1] pci_bus 0000:00: resource 6 [mem 0x000a0000-0x000bffff window]
[    2.751537][    T1] pci_bus 0000:00: resource 7 [mem 0x80000000-0xfebfffff window]
[    2.752131][    T1] pci_bus 0000:00: resource 8 [mem 0x100000000-0x17fffffff window]
[    2.753512][    T1] NET: Registered protocol family 2
[    2.755277][    T1] tcp_listen_portaddr_hash hash table entries: 1024 (order: 4, 73728 bytes, vmalloc)
[    2.756175][    T1] TCP established hash table entries: 16384 (order: 5, 131072 bytes, vmalloc)
[    2.758136][    T1] TCP bind hash table entries: 16384 (order: 8, 1048576 bytes, vmalloc)
[    2.759439][    T1] TCP: Hash tables configured (established 16384 bind 16384)
[    2.760483][    T1] UDP hash table entries: 1024 (order: 5, 163840 bytes, vmalloc)
[    2.761385][    T1] UDP-Lite hash table entries: 1024 (order: 5, 163840 bytes, vmalloc)
[    2.762688][    T1] NET: Registered protocol family 1
[    2.763957][    T1] RPC: Registered named UNIX socket transport module.
[    2.764560][    T1] RPC: Registered udp transport module.
[    2.765029][    T1] RPC: Registered tcp transport module.
[    2.765499][    T1] RPC: Registered tcp NFSv4.1 backchannel transport module.
[    2.766859][    T1] NET: Registered protocol family 44
[    2.767309][    T1] pci 0000:00:01.0: PIIX3: Enabling Passive Release
[    2.767835][    T1] pci 0000:00:00.0: Limiting direct PCI/PCI transfers
[    2.768371][    T1] pci 0000:00:01.0: Activating ISA DMA hang workarounds
[    2.768974][    T1] pci 0000:00:02.0: Video device with shadowed ROM at [mem 0x000c0000-0x000dffff]
[    2.769702][    T1] PCI: CLS 0 bytes, default 64
[    2.775587][    T1] RAPL PMU: API unit is 2^-32 Joules, 0 fixed counters, 10737418240 ms ovfl timer
[    2.776325][    T1] kvm: no hardware support
[    2.776673][    T1] has_svm: not amd or hygon
[    2.777021][    T1] kvm: no hardware support
[    2.777367][    T1] clocksource: tsc: mask: 0xffffffffffffffff max_cycles: 0x2b3e43c8763, max_idle_ns: 440795360101 ns
[    2.848016][    T1] Initialise system trusted keyrings
[    2.850239][    T1] workingset: timestamp_bits=40 max_order=19 bucket_order=0
[    2.912882][    T1] DLM installed
[    2.920863][    T1] squashfs: version 4.0 (2009/01/31) Phillip Lougher
[    2.931702][    T1] FS-Cache: Netfs 'nfs' registered for caching
[    2.934805][    T1] *** VALIDATE nfs ***
[    2.935243][    T1] *** VALIDATE nfs4 ***
[    2.935705][    T1] NFS: Registering the id_resolver key type
[    2.936278][    T1] Key type id_resolver registered
[    2.936823][    T1] Key type id_legacy registered
[    2.937302][    T1] nfs4filelayout_init: NFSv4 File Layout Driver Registering...
[    2.938150][    T1] Installing knfsd (copyright (C) 1996 okir@monad.swb.de).
[    2.946369][    T1] FS-Cache: Netfs 'cifs' registered for caching
[    2.949554][    T1] Key type cifs.spnego registered
[    2.950110][    T1] Key type cifs.idmap registered
[    2.951225][    T1] ntfs: driver 2.1.32 [Flags: R/W].
[    2.957075][    T1] efs: 1.0a - http://aeschi.ch.eu.org/efs/
[    2.957851][    T1] jffs2: version 2.2. (NAND) (SUMMARY)  Â© 2001-2006 Red Hat, Inc.
[    2.962273][    T1] *** VALIDATE jffs2 ***
[    2.964622][    T1] romfs: ROMFS MTD (C) 2007 Red Hat, Inc.
[    2.965573][    T1] QNX4 filesystem 0.2.3 registered.
[    2.966251][    T1] qnx6: QNX6 filesystem 1.0.0 registered.
[    2.967346][    T1] fuse: init (API version 7.31)
[    2.968074][    T1] *** VALIDATE fuseblk ***
[    2.968460][    T1] *** VALIDATE fuse ***
[    2.971274][    T1] orangefs_debugfs_init: called with debug mask: :none: :0:
[    2.975131][    T1] orangefs_init: module version upstream loaded
[    2.976615][    T1] JFS: nTxBlock = 8192, nTxLock = 65536
[    2.985285][    T1] SGI XFS with ACLs, security attributes, realtime, quota, no debug enabled
[    2.993650][    T1] *** VALIDATE xfs ***
[    2.994022][    T1] 9p: Installing v9fs 9p2000 file system support
[    2.994862][    T1] FS-Cache: Netfs '9p' registered for caching
[    2.998005][    T1] NILFS version 2 loaded
[    2.998371][    T1] befs: version: 0.9.3
[    3.000276][    T1] ocfs2: Registered cluster interface o2cb
[    3.001037][    T1] ocfs2: Registered cluster interface user
[    3.002869][    T1] OCFS2 User DLM kernel interface loaded
[    3.009819][    T1] *** VALIDATE gfs2 ***
[    3.011092][    T1] gfs2: GFS2 installed
[    3.020196][    T1] FS-Cache: Netfs 'ceph' registered for caching
[    3.020723][    T1] ceph: loaded (mds proto 32)
[    3.027138][    T1] NET: Registered protocol family 38
[    3.027928][    T1] async_tx: api initialized (async)
[    3.028352][    T1] Key type asymmetric registered
[    3.028754][    T1] Asymmetric key parser 'x509' registered
[    3.029266][    T1] Asymmetric key parser 'pkcs8' registered
[    3.029760][    T1] Key type pkcs7_test registered
[    3.030363][    T1] Block layer SCSI generic (bsg) driver version 0.4 loaded (major 241)
[    3.031273][    T1] io scheduler mq-deadline registered
[    3.031753][    T1] io scheduler kyber registered
[    3.033034][    T1] io scheduler bfq registered
[    3.038471][    T1] vga16fb: mapped to 0x00000000b8170b7a
[    3.508808][    T1] Console: switching to colour frame buffer device 80x30
[    3.770189][    T1] fb0: VGA16 VGA frame buffer device
[    3.771600][    T1] input: Power Button as /devices/LNXSYSTM:00/LNXPWRBN:00/input/input0
[    3.783453][    T1] ACPI: Power Button [PWRF]
[    3.787760][    T1] ioatdma: Intel(R) QuickData Technology Driver 5.00
[    3.959373][    T1] HDLC line discipline maxframe=4096
[    3.959831][    T1] N_HDLC line discipline registered.
[    3.960273][    T1] Serial: 8250/16550 driver, 4 ports, IRQ sharing enabled
[    3.961196][    T1] 00:04: ttyS0 at I/O 0x3f8 (irq = 4, base_baud = 115200) is a 16550A
[    3.971290][    T1] Initializing Nozomi driver 2.1d
[    3.974663][    T1] Non-volatile memory driver v1.3
[    3.979268][    T1] Linux agpgart interface v0.103
[    3.991044][    T1] [drm] Initialized vgem 1.0.0 20120112 for vgem on minor 0
[    3.992037][    T1] [drm] Supports vblank timestamp caching Rev 2 (21.10.2013).
[    3.994458][    T1] [drm] Driver supports precise vblank timestamp query.
[    3.996871][    T1] [drm] Initialized vkms 1.0.0 20180514 for vkms on minor 1
[    3.997728][    T1] usbcore: registered new interface driver udl
[    3.998272][    T1] fb0: switching to bochsdrmfb from VGA16 VGA
[    4.151662][    T1] Console: switching to colour VGA+ 80x25
[    4.154938][    T1] bochs-drm 0000:00:02.0: vgaarb: deactivate vga console
[    4.160983][    T1] Console: switching to colour dummy device 80x25
[    4.164108][    T1] [drm] Found bochs VGA, ID 0xb0c5.
[    4.164547][    T1] [drm] Framebuffer size 16384 kB @ 0xfd000000, mmio @ 0xfebf0000.
[    4.165762][    T1] [TTM] Zone  kernel: Available graphics memory: 759836 KiB
[    4.166644][    T1] [TTM] Initializing pool allocator
[    4.167222][    T1] [TTM] Initializing DMA pool allocator
[    4.169015][    T1] [drm] Found EDID data blob.
[    4.170779][    T1] [drm] Initialized bochs-drm 1.0.0 20130925 for 0000:00:02.0 on minor 2
[    4.177815][    T1] fbcon: bochs-drmdrmfb (fb0) is primary device
[    4.198408][    T1] Console: switching to colour frame buffer device 160x50
[    4.213848][    T1] bochs-drm 0000:00:02.0: fb0: bochs-drmdrmfb frame buffer device
[    4.241182][    T1] brd: module loaded
[    4.278185][    T1] loop: module loaded
[    4.367569][    T1] zram: Added device: zram0
[    4.371187][    T1] null_blk: module loaded
[    4.371766][    T1] Guest personality initialized and is inactive
[    4.373669][    T1] VMCI host device registered (name=vmci, major=10, minor=56)
[    4.374259][    T1] Initialized host personality
[    4.374795][    T1] usbcore: registered new interface driver rtsx_usb
[    4.375850][    T1] usbcore: registered new interface driver viperboard
[    4.376694][    T1] usbcore: registered new interface driver dln2
[    4.377529][    T1] usbcore: registered new interface driver pn533_usb
[    4.379997][    T1] nfcsim 0.2 initialized
[    4.380634][    T1] usbcore: registered new interface driver port100
[    4.382309][    T1] usbcore: registered new interface driver nfcmrvl
[    4.385563][    T1] Loading iSCSI transport class v2.0-870.
[    4.389827][    T1] st: Version 20160209, fixed bufsize 32768, s/g segs 256
[    4.405947][    T1] scsi host0: ata_piix
[    4.410152][    T1] scsi host1: ata_piix
[    4.411425][    T1] ata1: PATA max MWDMA2 cmd 0x1f0 ctl 0x3f6 bmdma 0xc040 irq 14
[    4.412024][    T1] ata2: PATA max MWDMA2 cmd 0x170 ctl 0x376 bmdma 0xc048 irq 15
[    4.417971][    T1] Rounding down aligned max_sectors from 4294967295 to 4294967288
[    4.419087][    T1] db_root: cannot open: /etc/target
[    4.419977][    T1] slram: not enough parameters.
[    4.422775][    T1] ftl_cs: FTL header not found.
[    4.435133][    T1] Ethernet Channel Bonding Driver: v3.7.1 (April 27, 2011)
[    4.443842][    T1] wireguard: WireGuard 1.0.0 loaded. See www.wireguard.com for information.
[    4.444521][    T1] wireguard: Copyright (C) 2015-2019 Jason A. Donenfeld <Jason@zx2c4.com>. All Rights Reserved.
[    4.445316][    T1] eql: Equalizer2002: Simon Janes (simon@ncm.com) and David S. Miller (davem@redhat.com)
[    4.449174][    T1] MACsec IEEE 802.1AE
[    4.450914][    T1] libphy: Fixed MDIO Bus: probed
[    4.461572][    T1] tun: Universal TUN/TAP device driver, 1.6
[    4.463132][    T1] vcan: Virtual CAN interface driver
[    4.463603][    T1] vxcan: Virtual CAN Tunnel driver
[    4.464037][    T1] slcan: serial line CAN interface driver
[    4.464528][    T1] slcan: 10 dynamic interface channels.
[    4.465003][    T1] CAN device driver interface
[    4.468289][    T1] usbcore: registered new interface driver usb_8dev
[    4.469011][    T1] usbcore: registered new interface driver ems_usb
[    4.469629][    T1] usbcore: registered new interface driver gs_usb
[    4.470278][    T1] usbcore: registered new interface driver kvaser_usb
[    4.470967][    T1] usbcore: registered new interface driver mcba_usb
[    4.471669][    T1] usbcore: registered new interface driver peak_usb
[    4.472587][    T1] e100: Intel(R) PRO/100 Network Driver, 3.5.24-k2-NAPI
[    4.473129][    T1] e100: Copyright(c) 1999-2006 Intel Corporation
[    4.473792][    T1] e1000: Intel(R) PRO/1000 Network Driver - version 7.3.21-k8-NAPI
[    4.474406][    T1] e1000: Copyright (c) 1999-2006 Intel Corporation.
[    4.583472][ T3494] ata1.00: ATA-7: QEMU HARDDISK, 2.5+, max UDMA/100
[    4.583995][ T3494] ata1.00: 2097458 sectors, multi 16: LBA48 
[    4.584660][ T3499] ata2.00: ATAPI: QEMU DVD-ROM, 2.5+, max UDMA/100
[    4.586953][   T32] scsi 0:0:0:0: Direct-Access     ATA      QEMU HARDDISK    2.5+ PQ: 0 ANSI: 5
[    4.589831][    T7] sd 0:0:0:0: [sda] 2097458 512-byte logical blocks: (1.07 GB/1.00 GiB)
[    4.590585][    T7] sd 0:0:0:0: [sda] Write Protect is off
[    4.591141][    T7] sd 0:0:0:0: [sda] Write cache: enabled, read cache: enabled, doesn't support DPO or FUA
[    4.595180][   T32] sd 0:0:0:0: Attached scsi generic sg0 type 0
[    4.597496][    T7]  sda: sda1
[    4.597864][   T23] scsi 1:0:0:0: CD-ROM            QEMU     QEMU DVD-ROM     2.5+ PQ: 0 ANSI: 5
[    4.614076][    T7] sd 0:0:0:0: [sda] Attached SCSI disk
[    4.653011][   T23] sr 1:0:0:0: [sr0] scsi3-mmc drive: 4x/4x cd/rw xa/form2 tray
[    4.653631][   T23] cdrom: Uniform CD-ROM driver Revision: 3.20
[    4.657615][   T23] sr 1:0:0:0: Attached scsi generic sg1 type 5
[    5.593578][    T1] PCI Interrupt Link [LNKC] enabled at IRQ 11
[    5.964350][    T1] e1000 0000:00:03.0 eth0: (PCI:33MHz:32-bit) 52:54:00:12:34:56
[    5.965166][    T1] e1000 0000:00:03.0 eth0: Intel(R) PRO/1000 Network Connection
[    5.966311][    T1] e1000e: Intel(R) PRO/1000 Network Driver - 3.2.6-k
[    5.966977][    T1] e1000e: Copyright(c) 1999 - 2015 Intel Corporation.
[    5.968461][    T1] mkiss: AX.25 Multikiss, Hans Albas PE1AYX
[    5.969074][    T1] AX.25: 6pack driver, Revision: 0.3.0
[    5.969676][    T1] AX.25: bpqether driver version 004
[    5.970193][    T1] PPP generic driver version 2.4.2
[    5.971948][    T1] PPP BSD Compression module registered
[    5.972568][    T1] PPP Deflate Compression module registered
[    5.973178][    T1] PPP MPPE Compression module registered
[    5.973736][    T1] NET: Registered protocol family 24
[    5.974289][    T1] PPTP driver version 0.8.5
[    5.975225][    T1] SLIP: version 0.8.4-NET3.019-NEWTTY (dynamic channels, max=256) (6 bit encapsulation enabled).
[    5.976353][    T1] CSLIP: code copyright 1989 Regents of the University of California.
[    5.977316][    T1] SLIP linefill/keepalive option.
[    5.977822][    T1] hdlc: HDLC support module revision 1.22
[    5.978346][    T1] LAPB Ethernet driver version 0.02
[    5.979506][    T1] usbcore: registered new interface driver ath9k_htc
[    5.980403][    T1] usbcore: registered new interface driver carl9170
[    5.981112][    T1] usbcore: registered new interface driver ath6kl_usb
[    5.981870][    T1] usbcore: registered new interface driver ar5523
[    5.983007][    T1] usbcore: registered new interface driver ath10k_usb
[    5.984029][    T1] mac80211_hwsim: initializing netlink
[    5.997450][    T1] usbcore: registered new interface driver atusb
[    6.002118][    T1] mac802154_hwsim mac802154_hwsim: Added 2 mac802154 hwsim hardware radios
[    6.003292][    T1] VMware vmxnet3 virtual NIC driver - version 1.4.17.0-k-NAPI
[    6.004335][    T1] usbcore: registered new interface driver catc
[    6.005035][    T1] usbcore: registered new interface driver kaweth
[    6.005581][    T1] pegasus: v0.9.3 (2013/04/25), Pegasus/Pegasus II USB Ethernet driver
[    6.006486][    T1] usbcore: registered new interface driver pegasus
[    6.007208][    T1] usbcore: registered new interface driver rtl8150
[    6.007950][    T1] usbcore: registered new interface driver r8152
[    6.008487][    T1] hso: drivers/net/usb/hso.c: Option Wireless
[    6.010312][    T1] usbcore: registered new interface driver hso
[    6.010978][    T1] usbcore: registered new interface driver lan78xx
[    6.011676][    T1] usbcore: registered new interface driver asix
[    6.012403][    T1] usbcore: registered new interface driver ax88179_178a
[    6.013153][    T1] usbcore: registered new interface driver cdc_ether
[    6.013885][    T1] usbcore: registered new interface driver cdc_eem
[    6.014595][    T1] usbcore: registered new interface driver dm9601
[    6.015298][    T1] usbcore: registered new interface driver sr9700
[    6.016029][    T1] usbcore: registered new interface driver CoreChips
[    6.016778][    T1] usbcore: registered new interface driver smsc75xx
[    6.017750][    T1] usbcore: registered new interface driver smsc95xx
[    6.019609][    T1] usbcore: registered new interface driver gl620a
[    6.020314][    T1] usbcore: registered new interface driver net1080
[    6.020995][    T1] usbcore: registered new interface driver plusb
[    6.021693][    T1] usbcore: registered new interface driver rndis_host
[    6.022462][    T1] usbcore: registered new interface driver cdc_subset
[    6.023231][    T1] usbcore: registered new interface driver zaurus
[    6.023972][    T1] usbcore: registered new interface driver MOSCHIP usb-ethernet driver
[    6.025152][    T1] usbcore: registered new interface driver int51x1
[    6.025930][    T1] usbcore: registered new interface driver cdc_phonet
[    6.026756][    T1] usbcore: registered new interface driver kalmia
[    6.027637][    T1] usbcore: registered new interface driver ipheth
[    6.028764][    T1] usbcore: registered new interface driver sierra_net
[    6.029618][    T1] usbcore: registered new interface driver cx82310_eth
[    6.030667][    T1] usbcore: registered new interface driver cdc_ncm
[    6.031387][    T1] usbcore: registered new interface driver huawei_cdc_ncm
[    6.033117][    T1] usbcore: registered new interface driver lg-vl600
[    6.033863][    T1] usbcore: registered new interface driver qmi_wwan
[    6.034614][    T1] usbcore: registered new interface driver cdc_mbim
[    6.035587][    T1] usbcore: registered new interface driver ch9200
[    6.039072][    T1] VFIO - User Level meta-driver version: 0.3
[    6.045484][    T1] aoe: AoE v85 initialised.
[    6.049059][    T1] ehci_hcd: USB 2.0 'Enhanced' Host Controller (EHCI) Driver
[    6.049730][    T1] ehci-pci: EHCI PCI platform driver
[    6.050413][    T1] ehci-platform: EHCI generic platform driver
[    6.051525][    T1] ohci_hcd: USB 1.1 'Open' Host Controller (OHCI) Driver
[    6.056223][    T1] ohci-pci: OHCI PCI platform driver
[    6.056906][    T1] ohci-platform: OHCI generic platform driver
[    6.057576][    T1] uhci_hcd: USB Universal Host Controller Interface driver
[    6.060320][    T1] usbcore: registered new interface driver cdc_acm
[    6.060885][    T1] cdc_acm: USB Abstract Control Model driver for USB modems and ISDN adapters
[    6.061853][    T1] usbcore: registered new interface driver usblp
[    6.062942][    T1] usbcore: registered new interface driver cdc_wdm
[    6.063867][    T1] usbcore: registered new interface driver usbtmc
[    6.067138][    T1] usbcore: registered new interface driver uas
[    6.067987][    T1] usbcore: registered new interface driver usb-storage
[    6.068859][    T1] usbcore: registered new interface driver ums-alauda
[    6.069798][    T1] usbcore: registered new interface driver ums-cypress
[    6.070780][    T1] usbcore: registered new interface driver ums-datafab
[    6.071573][    T1] usbcore: registered new interface driver ums_eneub6250
[    6.072745][    T1] usbcore: registered new interface driver ums-freecom
[    6.073516][    T1] usbcore: registered new interface driver ums-isd200
[    6.074290][    T1] usbcore: registered new interface driver ums-jumpshot
[    6.075094][    T1] usbcore: registered new interface driver ums-karma
[    6.075853][    T1] usbcore: registered new interface driver ums-onetouch
[    6.076665][    T1] usbcore: registered new interface driver ums-realtek
[    6.077437][    T1] usbcore: registered new interface driver ums-sddr09
[    6.078201][    T1] usbcore: registered new interface driver ums-sddr55
[    6.078965][    T1] usbcore: registered new interface driver ums-usbat
[    6.081079][    T1] usbcore: registered new interface driver mdc800
[    6.081653][    T1] mdc800: v0.7.5 (30/10/2000):USB Driver for Mustek MDC800 Digital Camera
[    6.082670][    T1] usbcore: registered new interface driver microtekX6
[    6.083655][    T1] usbcore: registered new interface driver usbserial_generic
[    6.084680][    T1] usbserial: USB Serial support registered for generic
[    6.085470][    T1] usbcore: registered new interface driver aircable
[    6.086260][    T1] usbserial: USB Serial support registered for aircable
[    6.087389][    T1] usbcore: registered new interface driver ark3116
[    6.088403][    T1] usbserial: USB Serial support registered for ark3116
[    6.089472][    T1] usbcore: registered new interface driver belkin_sa
[    6.091610][    T1] usbserial: USB Serial support registered for Belkin / Peracom / GoHubs USB Serial Adapter
[    6.092887][    T1] usbcore: registered new interface driver ch341
[    6.093697][    T1] usbserial: USB Serial support registered for ch341-uart
[    6.094667][    T1] usbcore: registered new interface driver cp210x
[    6.095560][    T1] usbserial: USB Serial support registered for cp210x
[    6.096477][    T1] usbcore: registered new interface driver cyberjack
[    6.097366][    T1] usbserial: USB Serial support registered for Reiner SCT Cyberjack USB card reader
[    6.098665][    T1] usbcore: registered new interface driver cypress_m8
[    6.099629][    T1] usbserial: USB Serial support registered for DeLorme Earthmate USB
[    6.100566][    T1] usbserial: USB Serial support registered for HID->COM RS232 Adapter
[    6.101534][    T1] usbserial: USB Serial support registered for Nokia CA-42 V2 Adapter
[    6.102523][    T1] usbcore: registered new interface driver usb_debug
[    6.103333][    T1] usbserial: USB Serial support registered for debug
[    6.104049][    T1] usbserial: USB Serial support registered for xhci_dbc
[    6.104950][    T1] usbcore: registered new interface driver digi_acceleport
[    6.105900][    T1] usbserial: USB Serial support registered for Digi 2 port USB adapter
[    6.106972][    T1] usbserial: USB Serial support registered for Digi 4 port USB adapter
[    6.107960][    T1] usbcore: registered new interface driver io_edgeport
[    6.108704][    T1] usbserial: USB Serial support registered for Edgeport 2 port adapter
[    6.109640][    T1] usbserial: USB Serial support registered for Edgeport 4 port adapter
[    6.110580][    T1] usbserial: USB Serial support registered for Edgeport 8 port adapter
[    6.111524][    T1] usbserial: USB Serial support registered for EPiC device
[    6.112416][    T1] usbcore: registered new interface driver io_ti
[    6.113181][    T1] usbserial: USB Serial support registered for Edgeport TI 1 port adapter
[    6.114251][    T1] usbserial: USB Serial support registered for Edgeport TI 2 port adapter
[    6.115144][    T1] usbcore: registered new interface driver empeg
[    6.115961][    T1] usbserial: USB Serial support registered for empeg
[    6.116994][    T1] usbcore: registered new interface driver f81534a_ctrl
[    6.117894][    T1] usbcore: registered new interface driver f81232
[    6.118817][    T1] usbserial: USB Serial support registered for f81232
[    6.119702][    T1] usbserial: USB Serial support registered for f81534a
[    6.120626][    T1] usbcore: registered new interface driver f81534
[    6.121441][    T1] usbserial: USB Serial support registered for Fintek F81532/F81534
[    6.123086][    T1] usbcore: registered new interface driver ftdi_sio
[    6.124182][    T1] usbserial: USB Serial support registered for FTDI USB Serial Device
[    6.125112][    T1] usbcore: registered new interface driver garmin_gps
[    6.125874][    T1] usbserial: USB Serial support registered for Garmin GPS usb/tty
[    6.126735][    T1] usbcore: registered new interface driver ipaq
[    6.127450][    T1] usbserial: USB Serial support registered for PocketPC PDA
[    6.128264][    T1] usbcore: registered new interface driver ipw
[    6.128972][    T1] usbserial: USB Serial support registered for IPWireless converter
[    6.129846][    T1] usbcore: registered new interface driver ir_usb
[    6.131843][    T1] usbserial: USB Serial support registered for IR Dongle
[    6.132665][    T1] usbcore: registered new interface driver iuu_phoenix
[    6.133387][    T1] usbserial: USB Serial support registered for iuu_phoenix
[    6.134192][    T1] usbcore: registered new interface driver keyspan
[    6.134931][    T1] usbserial: USB Serial support registered for Keyspan - (without firmware)
[    6.135848][    T1] usbserial: USB Serial support registered for Keyspan 1 port adapter
[    6.136699][    T1] usbserial: USB Serial support registered for Keyspan 2 port adapter
[    6.137545][    T1] usbserial: USB Serial support registered for Keyspan 4 port adapter
[    6.138321][    T1] usbcore: registered new interface driver keyspan_pda
[    6.138987][    T1] usbserial: USB Serial support registered for Keyspan PDA
[    6.139967][    T1] usbserial: USB Serial support registered for Keyspan PDA - (prerenumeration)
[    6.140980][    T1] usbcore: registered new interface driver kl5kusb105
[    6.142177][    T1] usbserial: USB Serial support registered for KL5KUSB105D / PalmConnect
[    6.143041][    T1] usbcore: registered new interface driver kobil_sct
[    6.143716][    T1] usbserial: USB Serial support registered for KOBIL USB smart card terminal
[    6.144658][    T1] usbcore: registered new interface driver mct_u232
[    6.145409][    T1] usbserial: USB Serial support registered for MCT U232
[    6.146406][    T1] usbcore: registered new interface driver metro_usb
[    6.147356][    T1] usbserial: USB Serial support registered for Metrologic USB to Serial
[    6.148530][    T1] usbcore: registered new interface driver mos7720
[    6.149316][    T1] usbserial: USB Serial support registered for Moschip 2 port adapter
[    6.150368][    T1] usbcore: registered new interface driver mos7840
[    6.150992][    T1] usbserial: USB Serial support registered for Moschip 7840/7820 USB Serial Driver
[    6.151987][    T1] usbcore: registered new interface driver mxuport
[    6.152810][    T1] usbserial: USB Serial support registered for MOXA UPort
[    6.153572][    T1] usbcore: registered new interface driver navman
[    6.154472][    T1] usbserial: USB Serial support registered for navman
[    6.155173][    T1] usbcore: registered new interface driver omninet
[    6.155921][    T1] usbserial: USB Serial support registered for ZyXEL - omni.net lcd plus usb
[    6.156888][    T1] usbcore: registered new interface driver opticon
[    6.157494][    T1] usbserial: USB Serial support registered for opticon
[    6.158420][    T1] usbcore: registered new interface driver option
[    6.159023][    T1] usbserial: USB Serial support registered for GSM modem (1-port)
[    6.159739][    T1] usbcore: registered new interface driver oti6858
[    6.160543][    T1] usbserial: USB Serial support registered for oti6858
[    6.161200][    T1] usbcore: registered new interface driver pl2303
[    6.161788][    T1] usbserial: USB Serial support registered for pl2303
[    6.162784][    T1] usbcore: registered new interface driver qcaux
[    6.163384][    T1] usbserial: USB Serial support registered for qcaux
[    6.164180][    T1] usbcore: registered new interface driver qcserial
[    6.164874][    T1] usbserial: USB Serial support registered for Qualcomm USB modem
[    6.165687][    T1] usbcore: registered new interface driver quatech2
[    6.166491][    T1] usbserial: USB Serial support registered for Quatech 2nd gen USB to Serial Driver
[    6.167407][    T1] usbcore: registered new interface driver safe_serial
[    6.168118][    T1] usbserial: USB Serial support registered for safe_serial
[    6.168883][    T1] usbcore: registered new interface driver sierra
[    6.169570][    T1] usbserial: USB Serial support registered for Sierra USB modem
[    6.170277][    T1] usbcore: registered new interface driver usb_serial_simple
[    6.171103][    T1] usbserial: USB Serial support registered for carelink
[    6.171826][    T1] usbserial: USB Serial support registered for zio
[    6.172509][    T1] usbserial: USB Serial support registered for funsoft
[    6.173161][    T1] usbserial: USB Serial support registered for flashloader
[    6.173881][    T1] usbserial: USB Serial support registered for google
[    6.174549][    T1] usbserial: USB Serial support registered for libtransistor
[    6.175262][    T1] usbserial: USB Serial support registered for vivopay
[    6.175939][    T1] usbserial: USB Serial support registered for moto_modem
[    6.176813][    T1] usbserial: USB Serial support registered for motorola_tetra
[    6.177784][    T1] usbserial: USB Serial support registered for novatel_gps
[    6.178575][    T1] usbserial: USB Serial support registered for hp4x
[    6.179640][    T1] usbserial: USB Serial support registered for suunto
[    6.180552][    T1] usbserial: USB Serial support registered for siemens_mpi
[    6.182601][    T1] usbcore: registered new interface driver spcp8x5
[    6.183454][    T1] usbserial: USB Serial support registered for SPCP8x5
[    6.184160][    T1] usbcore: registered new interface driver ssu100
[    6.184855][    T1] usbserial: USB Serial support registered for Quatech SSU-100 USB to Serial Driver
[    6.185800][    T1] usbcore: registered new interface driver symbolserial
[    6.186474][    T1] usbserial: USB Serial support registered for symbol
[    6.187145][    T1] usbcore: registered new interface driver ti_usb_3410_5052
[    6.187841][    T1] usbserial: USB Serial support registered for TI USB 3410 1 port adapter
[    6.188636][    T1] usbserial: USB Serial support registered for TI USB 5052 2 port adapter
[    6.189441][    T1] usbcore: registered new interface driver upd78f0730
[    6.190266][    T1] usbserial: USB Serial support registered for upd78f0730
[    6.191913][    T1] usbcore: registered new interface driver visor
[    6.192552][    T1] usbserial: USB Serial support registered for Handspring Visor / Palm OS
[    6.193312][    T1] usbserial: USB Serial support registered for Sony Clie 5.0
[    6.194019][    T1] usbserial: USB Serial support registered for Sony Clie 3.5
[    6.194744][    T1] usbcore: registered new interface driver wishbone_serial
[    6.195433][    T1] usbserial: USB Serial support registered for wishbone_serial
[    6.196165][    T1] usbcore: registered new interface driver whiteheat
[    6.196819][    T1] usbserial: USB Serial support registered for Connect Tech - WhiteHEAT - (prerenumeration)
[    6.197719][    T1] usbserial: USB Serial support registered for Connect Tech - WhiteHEAT
[    6.198514][    T1] usbcore: registered new interface driver xsens_mt
[    6.199335][    T1] usbserial: USB Serial support registered for xsens_mt
[    6.201201][    T1] usbcore: registered new interface driver adutux
[    6.201834][    T1] usbcore: registered new interface driver appledisplay
[    6.202542][    T1] usbcore: registered new interface driver cypress_cy7c63
[    6.203252][    T1] usbcore: registered new interface driver cytherm
[    6.203908][    T1] usbcore: registered new interface driver emi26 - firmware loader
[    6.204663][    T1] usbcore: registered new interface driver emi62 - firmware loader
[    6.205455][    T1] usbcore: registered new interface driver idmouse
[    6.206164][    T1] usbcore: registered new interface driver iowarrior
[    6.206902][    T1] usbcore: registered new interface driver isight_firmware
[    6.207990][    T1] usbcore: registered new interface driver usblcd
[    6.209092][    T1] usbcore: registered new interface driver ldusb
[    6.210018][    T1] usbcore: registered new interface driver legousbtower
[    6.211644][    T1] usbcore: registered new interface driver usbtest
[    6.213313][    T1] usbcore: registered new interface driver usb_ehset_test
[    6.214079][    T1] usbcore: registered new interface driver trancevibrator
[    6.214885][    T1] usbcore: registered new interface driver uss720
[    6.215461][    T1] uss720: USB Parport Cable driver for Cables using the Lucent Technologies USS720 Chip
[    6.216283][    T1] uss720: NOTE: this is a special purpose driver to allow nonstandard
[    6.216937][    T1] uss720: protocols (eg. bitbang) over USS720 usb to parallel cables
[    6.217554][    T1] uss720: If you just want to connect to a printer, use usblp instead
[    6.218619][    T1] usbcore: registered new interface driver usbsevseg
[    6.219257][    T1] usbcore: registered new interface driver yurex
[    6.220478][    T1] usbcore: registered new interface driver chaoskey
[    6.221146][    T1] usbcore: registered new interface driver sisusb
[    6.221794][    T1] usbcore: registered new interface driver lvs
[    6.222526][    T1] usbcore: registered new interface driver cxacru
[    6.223218][    T1] usbcore: registered new interface driver speedtch
[    6.223908][    T1] usbcore: registered new interface driver ueagle-atm
[    6.224440][    T1] xusbatm: malformed module parameters
[    6.227312][    T1] dummy_hcd dummy_hcd.0: USB Host+Gadget Emulator, driver 02 May 2005
[    6.227996][    T1] dummy_hcd dummy_hcd.0: Dummy host controller
[    6.231140][    T1] dummy_hcd dummy_hcd.0: new USB bus registered, assigned bus number 1
[    6.232521][    T1] usb usb1: New USB device found, idVendor=1d6b, idProduct=0002, bcdDevice= 5.06
[    6.233261][    T1] usb usb1: New USB device strings: Mfr=3, Product=2, SerialNumber=1
[    6.233886][    T1] usb usb1: Product: Dummy host controller
[    6.234333][    T1] usb usb1: Manufacturer: Linux 5.6.0-db34c5ffee64-00948-gdb34c5ffee64 dummy_hcd
[    6.235033][    T1] usb usb1: SerialNumber: dummy_hcd.0
[    6.237054][    T1] hub 1-0:1.0: USB hub found
[    6.237909][    T1] hub 1-0:1.0: 1 port detected
[    6.240364][    T1] dummy_hcd dummy_hcd.1: USB Host+Gadget Emulator, driver 02 May 2005
[    6.241076][    T1] dummy_hcd dummy_hcd.1: Dummy host controller
[    6.241965][    T1] dummy_hcd dummy_hcd.1: new USB bus registered, assigned bus number 2
[    6.243737][    T1] usb usb2: New USB device found, idVendor=1d6b, idProduct=0002, bcdDevice= 5.06
[    6.244523][    T1] usb usb2: New USB device strings: Mfr=3, Product=2, SerialNumber=1
[    6.245200][    T1] usb usb2: Product: Dummy host controller
[    6.245690][    T1] usb usb2: Manufacturer: Linux 5.6.0-db34c5ffee64-00948-gdb34c5ffee64 dummy_hcd
[    6.246423][    T1] usb usb2: SerialNumber: dummy_hcd.1
[    6.248517][    T1] hub 2-0:1.0: USB hub found
[    6.249008][    T1] hub 2-0:1.0: 1 port detected
[    6.250644][    T1] dummy_hcd dummy_hcd.2: USB Host+Gadget Emulator, driver 02 May 2005
[    6.251300][    T1] dummy_hcd dummy_hcd.2: Dummy host controller
[    6.252122][    T1] dummy_hcd dummy_hcd.2: new USB bus registered, assigned bus number 3
[    6.253189][    T1] usb usb3: New USB device found, idVendor=1d6b, idProduct=0002, bcdDevice= 5.06
[    6.253891][    T1] usb usb3: New USB device strings: Mfr=3, Product=2, SerialNumber=1
[    6.254511][    T1] usb usb3: Product: Dummy host controller
[    6.254957][    T1] usb usb3: Manufacturer: Linux 5.6.0-db34c5ffee64-00948-gdb34c5ffee64 dummy_hcd
[    6.255654][    T1] usb usb3: SerialNumber: dummy_hcd.2
[    6.257740][    T1] hub 3-0:1.0: USB hub found
[    6.258190][    T1] hub 3-0:1.0: 1 port detected
[    6.259863][    T1] dummy_hcd dummy_hcd.3: USB Host+Gadget Emulator, driver 02 May 2005
[    6.260527][    T1] dummy_hcd dummy_hcd.3: Dummy host controller
[    6.261410][    T1] dummy_hcd dummy_hcd.3: new USB bus registered, assigned bus number 4
[    6.262840][    T1] usb usb4: New USB device found, idVendor=1d6b, idProduct=0002, bcdDevice= 5.06
[    6.263566][    T1] usb usb4: New USB device strings: Mfr=3, Product=2, SerialNumber=1
[    6.264188][    T1] usb usb4: Product: Dummy host controller
[    6.264638][    T1] usb usb4: Manufacturer: Linux 5.6.0-db34c5ffee64-00948-gdb34c5ffee64 dummy_hcd
[    6.265334][    T1] usb usb4: SerialNumber: dummy_hcd.3
[    6.266846][    T1] hub 4-0:1.0: USB hub found
[    6.267351][    T1] hub 4-0:1.0: 1 port detected
[    6.269473][    T1] dummy_hcd dummy_hcd.4: USB Host+Gadget Emulator, driver 02 May 2005
[    6.270182][    T1] dummy_hcd dummy_hcd.4: Dummy host controller
[    6.271352][    T1] dummy_hcd dummy_hcd.4: new USB bus registered, assigned bus number 5
[    6.272467][    T1] usb usb5: New USB device found, idVendor=1d6b, idProduct=0002, bcdDevice= 5.06
[    6.273180][    T1] usb usb5: New USB device strings: Mfr=3, Product=2, SerialNumber=1
[    6.273797][    T1] usb usb5: Product: Dummy host controller
[    6.274242][    T1] usb usb5: Manufacturer: Linux 5.6.0-db34c5ffee64-00948-gdb34c5ffee64 dummy_hcd
[    6.274937][    T1] usb usb5: SerialNumber: dummy_hcd.4
[    6.277004][    T1] hub 5-0:1.0: USB hub found
[    6.277446][    T1] hub 5-0:1.0: 1 port detected
[    6.279047][    T1] dummy_hcd dummy_hcd.5: USB Host+Gadget Emulator, driver 02 May 2005
[    6.279701][    T1] dummy_hcd dummy_hcd.5: Dummy host controller
[    6.280515][    T1] dummy_hcd dummy_hcd.5: new USB bus registered, assigned bus number 6
[    6.281520][    T1] usb usb6: New USB device found, idVendor=1d6b, idProduct=0002, bcdDevice= 5.06
[    6.282484][    T1] usb usb6: New USB device strings: Mfr=3, Product=2, SerialNumber=1
[    6.283130][    T1] usb usb6: Product: Dummy host controller
[    6.283576][    T1] usb usb6: Manufacturer: Linux 5.6.0-db34c5ffee64-00948-gdb34c5ffee64 dummy_hcd
[    6.284268][    T1] usb usb6: SerialNumber: dummy_hcd.5
[    6.285780][    T1] hub 6-0:1.0: USB hub found
[    6.286235][    T1] hub 6-0:1.0: 1 port detected
[    6.287825][    T1] dummy_hcd dummy_hcd.6: USB Host+Gadget Emulator, driver 02 May 2005
[    6.288487][    T1] dummy_hcd dummy_hcd.6: Dummy host controller
[    6.289290][    T1] dummy_hcd dummy_hcd.6: new USB bus registered, assigned bus number 7
[    6.290297][    T1] usb usb7: New USB device found, idVendor=1d6b, idProduct=0002, bcdDevice= 5.06
[    6.290998][    T1] usb usb7: New USB device strings: Mfr=3, Product=2, SerialNumber=1
[    6.291616][    T1] usb usb7: Product: Dummy host controller
[    6.292061][    T1] usb usb7: Manufacturer: Linux 5.6.0-db34c5ffee64-00948-gdb34c5ffee64 dummy_hcd
[    6.293586][    T1] usb usb7: SerialNumber: dummy_hcd.6
[    6.294962][    T1] hub 7-0:1.0: USB hub found
[    6.295411][    T1] hub 7-0:1.0: 1 port detected
[    6.297007][    T1] dummy_hcd dummy_hcd.7: USB Host+Gadget Emulator, driver 02 May 2005
[    6.297685][    T1] dummy_hcd dummy_hcd.7: Dummy host controller
[    6.298954][    T1] dummy_hcd dummy_hcd.7: new USB bus registered, assigned bus number 8
[    6.300312][    T1] usb usb8: New USB device found, idVendor=1d6b, idProduct=0002, bcdDevice= 5.06
[    6.301323][    T1] usb usb8: New USB device strings: Mfr=3, Product=2, SerialNumber=1
[    6.303166][    T1] usb usb8: Product: Dummy host controller
[    6.303793][    T1] usb usb8: Manufacturer: Linux 5.6.0-db34c5ffee64-00948-gdb34c5ffee64 dummy_hcd
[    6.304684][    T1] usb usb8: SerialNumber: dummy_hcd.7
[    6.306115][    T1] hub 8-0:1.0: USB hub found
[    6.306672][    T1] hub 8-0:1.0: 1 port detected
[    6.317052][    T1] gadgetfs: USB Gadget filesystem, version 24 Aug 2004
[    6.322903][    T1] vhci_hcd vhci_hcd.0: USB/IP Virtual Host Controller
[    6.323730][    T1] vhci_hcd vhci_hcd.0: new USB bus registered, assigned bus number 9
[    6.324740][    T1] vhci_hcd: created sysfs vhci_hcd.0
[    6.325873][    T1] usb usb9: New USB device found, idVendor=1d6b, idProduct=0002, bcdDevice= 5.06
[    6.326776][    T1] usb usb9: New USB device strings: Mfr=3, Product=2, SerialNumber=1
[    6.327574][    T1] usb usb9: Product: USB/IP Virtual Host Controller
[    6.328220][    T1] usb usb9: Manufacturer: Linux 5.6.0-db34c5ffee64-00948-gdb34c5ffee64 vhci_hcd
[    6.329274][    T1] usb usb9: SerialNumber: vhci_hcd.0
[    6.330982][    T1] hub 9-0:1.0: USB hub found
[    6.331630][    T1] hub 9-0:1.0: 8 ports detected
[    6.335284][    T1] vhci_hcd vhci_hcd.0: USB/IP Virtual Host Controller
[    6.336286][    T1] vhci_hcd vhci_hcd.0: new USB bus registered, assigned bus number 10
[    6.337158][    T1] usb usb10: We don't know the algorithms for LPM for this host, disabling LPM.
[    6.338275][    T1] usb usb10: New USB device found, idVendor=1d6b, idProduct=0003, bcdDevice= 5.06
[    6.338985][    T1] usb usb10: New USB device strings: Mfr=3, Product=2, SerialNumber=1
[    6.339611][    T1] usb usb10: Product: USB/IP Virtual Host Controller
[    6.340123][    T1] usb usb10: Manufacturer: Linux 5.6.0-db34c5ffee64-00948-gdb34c5ffee64 vhci_hcd
[    6.340819][    T1] usb usb10: SerialNumber: vhci_hcd.0
[    6.342998][    T1] hub 10-0:1.0: USB hub found
[    6.343528][    T1] hub 10-0:1.0: 8 ports detected
[    6.347159][    T1] vhci_hcd vhci_hcd.1: USB/IP Virtual Host Controller
[    6.348123][    T1] vhci_hcd vhci_hcd.1: new USB bus registered, assigned bus number 11
[    6.349225][    T1] usb usb11: New USB device found, idVendor=1d6b, idProduct=0002, bcdDevice= 5.06
[    6.349933][    T1] usb usb11: New USB device strings: Mfr=3, Product=2, SerialNumber=1
[    6.350558][    T1] usb usb11: Product: USB/IP Virtual Host Controller
[    6.351065][    T1] usb usb11: Manufacturer: Linux 5.6.0-db34c5ffee64-00948-gdb34c5ffee64 vhci_hcd
[    6.351756][    T1] usb usb11: SerialNumber: vhci_hcd.1
[    6.354642][    T1] hub 11-0:1.0: USB hub found
[    6.355094][    T1] hub 11-0:1.0: 8 ports detected
[    6.357872][    T1] vhci_hcd vhci_hcd.1: USB/IP Virtual Host Controller
[    6.358785][    T1] vhci_hcd vhci_hcd.1: new USB bus registered, assigned bus number 12
[    6.360020][    T1] usb usb12: We don't know the algorithms for LPM for this host, disabling LPM.
[    6.361556][    T1] usb usb12: New USB device found, idVendor=1d6b, idProduct=0003, bcdDevice= 5.06
[    6.364118][    T1] usb usb12: New USB device strings: Mfr=3, Product=2, SerialNumber=1
[    6.364812][    T1] usb usb12: Product: USB/IP Virtual Host Controller
[    6.365372][    T1] usb usb12: Manufacturer: Linux 5.6.0-db34c5ffee64-00948-gdb34c5ffee64 vhci_hcd
[    6.366130][    T1] usb usb12: SerialNumber: vhci_hcd.1
[    6.367578][    T1] hub 12-0:1.0: USB hub found
[    6.368076][    T1] hub 12-0:1.0: 8 ports detected
[    6.371507][    T1] vhci_hcd vhci_hcd.2: USB/IP Virtual Host Controller
[    6.372603][    T1] vhci_hcd vhci_hcd.2: new USB bus registered, assigned bus number 13
[    6.373839][    T1] usb usb13: New USB device found, idVendor=1d6b, idProduct=0002, bcdDevice= 5.06
[    6.374617][    T1] usb usb13: New USB device strings: Mfr=3, Product=2, SerialNumber=1
[    6.375237][    T1] usb usb13: Product: USB/IP Virtual Host Controller
[    6.375750][    T1] usb usb13: Manufacturer: Linux 5.6.0-db34c5ffee64-00948-gdb34c5ffee64 vhci_hcd
[    6.376446][    T1] usb usb13: SerialNumber: vhci_hcd.2
[    6.378120][    T1] hub 13-0:1.0: USB hub found
[    6.378578][    T1] hub 13-0:1.0: 8 ports detected
[    6.381322][    T1] vhci_hcd vhci_hcd.2: USB/IP Virtual Host Controller
[    6.382433][    T1] vhci_hcd vhci_hcd.2: new USB bus registered, assigned bus number 14
[    6.383225][    T1] usb usb14: We don't know the algorithms for LPM for this host, disabling LPM.
[    6.384230][    T1] usb usb14: New USB device found, idVendor=1d6b, idProduct=0003, bcdDevice= 5.06
[    6.384938][    T1] usb usb14: New USB device strings: Mfr=3, Product=2, SerialNumber=1
[    6.385563][    T1] usb usb14: Product: USB/IP Virtual Host Controller
[    6.386072][    T1] usb usb14: Manufacturer: Linux 5.6.0-db34c5ffee64-00948-gdb34c5ffee64 vhci_hcd
[    6.386767][    T1] usb usb14: SerialNumber: vhci_hcd.2
[    6.388254][    T1] hub 14-0:1.0: USB hub found
[    6.388776][    T1] hub 14-0:1.0: 8 ports detected
[    6.393264][    T1] vhci_hcd vhci_hcd.3: USB/IP Virtual Host Controller
[    6.394229][    T1] vhci_hcd vhci_hcd.3: new USB bus registered, assigned bus number 15
[    6.395331][    T1] usb usb15: New USB device found, idVendor=1d6b, idProduct=0002, bcdDevice= 5.06
[    6.396100][    T1] usb usb15: New USB device strings: Mfr=3, Product=2, SerialNumber=1
[    6.396784][    T1] usb usb15: Product: USB/IP Virtual Host Controller
[    6.397337][    T1] usb usb15: Manufacturer: Linux 5.6.0-db34c5ffee64-00948-gdb34c5ffee64 vhci_hcd
[    6.398096][    T1] usb usb15: SerialNumber: vhci_hcd.3
[    6.400146][    T1] hub 15-0:1.0: USB hub found
[    6.400601][    T1] hub 15-0:1.0: 8 ports detected
[    6.404143][    T1] vhci_hcd vhci_hcd.3: USB/IP Virtual Host Controller
[    6.405119][    T1] vhci_hcd vhci_hcd.3: new USB bus registered, assigned bus number 16
[    6.405903][    T1] usb usb16: We don't know the algorithms for LPM for this host, disabling LPM.
[    6.407118][    T1] usb usb16: New USB device found, idVendor=1d6b, idProduct=0003, bcdDevice= 5.06
[    6.407831][    T1] usb usb16: New USB device strings: Mfr=3, Product=2, SerialNumber=1
[    6.408458][    T1] usb usb16: Product: USB/IP Virtual Host Controller
[    6.408972][    T1] usb usb16: Manufacturer: Linux 5.6.0-db34c5ffee64-00948-gdb34c5ffee64 vhci_hcd
[    6.409670][    T1] usb usb16: SerialNumber: vhci_hcd.3
[    6.411112][    T1] hub 16-0:1.0: USB hub found
[    6.411570][    T1] hub 16-0:1.0: 8 ports detected
[    6.415032][    T1] vhci_hcd vhci_hcd.4: USB/IP Virtual Host Controller
[    6.415982][    T1] vhci_hcd vhci_hcd.4: new USB bus registered, assigned bus number 17
[    6.417000][    T1] usb usb17: New USB device found, idVendor=1d6b, idProduct=0002, bcdDevice= 5.06
[    6.417774][    T1] usb usb17: New USB device strings: Mfr=3, Product=2, SerialNumber=1
[    6.418456][    T1] usb usb17: Product: USB/IP Virtual Host Controller
[    6.419010][    T1] usb usb17: Manufacturer: Linux 5.6.0-db34c5ffee64-00948-gdb34c5ffee64 vhci_hcd
[    6.419768][    T1] usb usb17: SerialNumber: vhci_hcd.4
[    6.421678][    T1] hub 17-0:1.0: USB hub found
[    6.423353][    T1] hub 17-0:1.0: 8 ports detected
[    6.426600][    T1] vhci_hcd vhci_hcd.4: USB/IP Virtual Host Controller
[    6.427723][    T1] vhci_hcd vhci_hcd.4: new USB bus registered, assigned bus number 18
[    6.428776][    T1] usb usb18: We don't know the algorithms for LPM for this host, disabling LPM.
[    6.430161][    T1] usb usb18: New USB device found, idVendor=1d6b, idProduct=0003, bcdDevice= 5.06
[    6.431065][    T1] usb usb18: New USB device strings: Mfr=3, Product=2, SerialNumber=1
[    6.431864][    T1] usb usb18: Product: USB/IP Virtual Host Controller
[    6.432550][    T1] usb usb18: Manufacturer: Linux 5.6.0-db34c5ffee64-00948-gdb34c5ffee64 vhci_hcd
[    6.433442][    T1] usb usb18: SerialNumber: vhci_hcd.4
[    6.435104][    T1] hub 18-0:1.0: USB hub found
[    6.435661][    T1] hub 18-0:1.0: 8 ports detected
[    6.439140][    T1] vhci_hcd vhci_hcd.5: USB/IP Virtual Host Controller
[    6.440215][    T1] vhci_hcd vhci_hcd.5: new USB bus registered, assigned bus number 19
[    6.441837][    T1] usb usb19: New USB device found, idVendor=1d6b, idProduct=0002, bcdDevice= 5.06
[    6.443416][    T1] usb usb19: New USB device strings: Mfr=3, Product=2, SerialNumber=1
[    6.444215][    T1] usb usb19: Product: USB/IP Virtual Host Controller
[    6.444875][    T1] usb usb19: Manufacturer: Linux 5.6.0-db34c5ffee64-00948-gdb34c5ffee64 vhci_hcd
[    6.445766][    T1] usb usb19: SerialNumber: vhci_hcd.5
[    6.447218][    T1] hub 19-0:1.0: USB hub found
[    6.447780][    T1] hub 19-0:1.0: 8 ports detected
[    6.451189][    T1] vhci_hcd vhci_hcd.5: USB/IP Virtual Host Controller
[    6.452572][    T1] vhci_hcd vhci_hcd.5: new USB bus registered, assigned bus number 20
[    6.453466][    T1] usb usb20: We don't know the algorithms for LPM for this host, disabling LPM.
[    6.454582][    T1] usb usb20: New USB device found, idVendor=1d6b, idProduct=0003, bcdDevice= 5.06
[    6.455330][    T1] usb usb20: New USB device strings: Mfr=3, Product=2, SerialNumber=1
[    6.455983][    T1] usb usb20: Product: USB/IP Virtual Host Controller
[    6.456496][    T1] usb usb20: Manufacturer: Linux 5.6.0-db34c5ffee64-00948-gdb34c5ffee64 vhci_hcd
[    6.457185][    T1] usb usb20: SerialNumber: vhci_hcd.5
[    6.458640][    T1] hub 20-0:1.0: USB hub found
[    6.459144][    T1] hub 20-0:1.0: 8 ports detected
[    6.462630][    T1] vhci_hcd vhci_hcd.6: USB/IP Virtual Host Controller
[    6.463562][    T1] vhci_hcd vhci_hcd.6: new USB bus registered, assigned bus number 21
[    6.464752][    T1] usb usb21: New USB device found, idVendor=1d6b, idProduct=0002, bcdDevice= 5.06
[    6.465472][    T1] usb usb21: New USB device strings: Mfr=3, Product=2, SerialNumber=1
[    6.466094][    T1] usb usb21: Product: USB/IP Virtual Host Controller
[    6.466608][    T1] usb usb21: Manufacturer: Linux 5.6.0-db34c5ffee64-00948-gdb34c5ffee64 vhci_hcd
[    6.467304][    T1] usb usb21: SerialNumber: vhci_hcd.6
[    6.469012][    T1] hub 21-0:1.0: USB hub found
[    6.469473][    T1] hub 21-0:1.0: 8 ports detected
[    6.472247][    T1] vhci_hcd vhci_hcd.6: USB/IP Virtual Host Controller
[    6.473171][    T1] vhci_hcd vhci_hcd.6: new USB bus registered, assigned bus number 22
[    6.474045][    T1] usb usb22: We don't know the algorithms for LPM for this host, disabling LPM.
[    6.475245][    T1] usb usb22: New USB device found, idVendor=1d6b, idProduct=0003, bcdDevice= 5.06
[    6.475958][    T1] usb usb22: New USB device strings: Mfr=3, Product=2, SerialNumber=1
[    6.476583][    T1] usb usb22: Product: USB/IP Virtual Host Controller
[    6.477095][    T1] usb usb22: Manufacturer: Linux 5.6.0-db34c5ffee64-00948-gdb34c5ffee64 vhci_hcd
[    6.477794][    T1] usb usb22: SerialNumber: vhci_hcd.6
[    6.479232][    T1] hub 22-0:1.0: USB hub found
[    6.479700][    T1] hub 22-0:1.0: 8 ports detected
[    6.484031][    T1] vhci_hcd vhci_hcd.7: USB/IP Virtual Host Controller
[    6.485080][    T1] vhci_hcd vhci_hcd.7: new USB bus registered, assigned bus number 23
[    6.486419][    T1] usb usb23: New USB device found, idVendor=1d6b, idProduct=0002, bcdDevice= 5.06
[    6.487214][    T1] usb usb23: New USB device strings: Mfr=3, Product=2, SerialNumber=1
[    6.487919][    T1] usb usb23: Product: USB/IP Virtual Host Controller
[    6.488494][    T1] usb usb23: Manufacturer: Linux 5.6.0-db34c5ffee64-00948-gdb34c5ffee64 vhci_hcd
[    6.489233][    T1] usb usb23: SerialNumber: vhci_hcd.7
[    6.491255][    T1] hub 23-0:1.0: USB hub found
[    6.491716][    T1] hub 23-0:1.0: 8 ports detected
[    6.494756][    T1] vhci_hcd vhci_hcd.7: USB/IP Virtual Host Controller
[    6.495620][    T1] vhci_hcd vhci_hcd.7: new USB bus registered, assigned bus number 24
[    6.496398][    T1] usb usb24: We don't know the algorithms for LPM for this host, disabling LPM.
[    6.497409][    T1] usb usb24: New USB device found, idVendor=1d6b, idProduct=0003, bcdDevice= 5.06
[    6.498119][    T1] usb usb24: New USB device strings: Mfr=3, Product=2, SerialNumber=1
[    6.498747][    T1] usb usb24: Product: USB/IP Virtual Host Controller
[    6.499260][    T1] usb usb24: Manufacturer: Linux 5.6.0-db34c5ffee64-00948-gdb34c5ffee64 vhci_hcd
[    6.499958][    T1] usb usb24: SerialNumber: vhci_hcd.7
[    6.501616][    T1] hub 24-0:1.0: USB hub found
[    6.502064][    T1] hub 24-0:1.0: 8 ports detected
[    6.506114][    T1] vhci_hcd vhci_hcd.8: USB/IP Virtual Host Controller
[    6.507039][    T1] vhci_hcd vhci_hcd.8: new USB bus registered, assigned bus number 25
[    6.508380][    T1] usb usb25: New USB device found, idVendor=1d6b, idProduct=0002, bcdDevice= 5.06
[    6.509090][    T1] usb usb25: New USB device strings: Mfr=3, Product=2, SerialNumber=1
[    6.509713][    T1] usb usb25: Product: USB/IP Virtual Host Controller
[    6.510221][    T1] usb usb25: Manufacturer: Linux 5.6.0-db34c5ffee64-00948-gdb34c5ffee64 vhci_hcd
[    6.510915][    T1] usb usb25: SerialNumber: vhci_hcd.8
[    6.513007][    T1] hub 25-0:1.0: USB hub found
[    6.513518][    T1] hub 25-0:1.0: 8 ports detected
[    6.516604][    T1] vhci_hcd vhci_hcd.8: USB/IP Virtual Host Controller
[    6.517564][    T1] vhci_hcd vhci_hcd.8: new USB bus registered, assigned bus number 26
[    6.518430][    T1] usb usb26: We don't know the algorithms for LPM for this host, disabling LPM.
[    6.519713][    T1] usb usb26: New USB device found, idVendor=1d6b, idProduct=0003, bcdDevice= 5.06
[    6.520427][    T1] usb usb26: New USB device strings: Mfr=3, Product=2, SerialNumber=1
[    6.521049][    T1] usb usb26: Product: USB/IP Virtual Host Controller
[    6.521563][    T1] usb usb26: Manufacturer: Linux 5.6.0-db34c5ffee64-00948-gdb34c5ffee64 vhci_hcd
[    6.522492][    T1] usb usb26: SerialNumber: vhci_hcd.8
[    6.523890][    T1] hub 26-0:1.0: USB hub found
[    6.524364][    T1] hub 26-0:1.0: 8 ports detected
[    6.527839][    T1] vhci_hcd vhci_hcd.9: USB/IP Virtual Host Controller
[    6.528781][    T1] vhci_hcd vhci_hcd.9: new USB bus registered, assigned bus number 27
[    6.530023][    T1] usb usb27: New USB device found, idVendor=1d6b, idProduct=0002, bcdDevice= 5.06
[    6.530739][    T1] usb usb27: New USB device strings: Mfr=3, Product=2, SerialNumber=1
[    6.531362][    T1] usb usb27: Product: USB/IP Virtual Host Controller
[    6.531872][    T1] usb usb27: Manufacturer: Linux 5.6.0-db34c5ffee64-00948-gdb34c5ffee64 vhci_hcd
[    6.533297][    T1] usb usb27: SerialNumber: vhci_hcd.9
[    6.534675][    T1] hub 27-0:1.0: USB hub found
[    6.535130][    T1] hub 27-0:1.0: 8 ports detected
[    6.537980][    T1] vhci_hcd vhci_hcd.9: USB/IP Virtual Host Controller
[    6.538885][    T1] vhci_hcd vhci_hcd.9: new USB bus registered, assigned bus number 28
[    6.539802][    T1] usb usb28: We don't know the algorithms for LPM for this host, disabling LPM.
[    6.541160][    T1] usb usb28: New USB device found, idVendor=1d6b, idProduct=0003, bcdDevice= 5.06
[    6.543195][    T1] usb usb28: New USB device strings: Mfr=3, Product=2, SerialNumber=1
[    6.543906][    T1] usb usb28: Product: USB/IP Virtual Host Controller
[    6.544486][    T1] usb usb28: Manufacturer: Linux 5.6.0-db34c5ffee64-00948-gdb34c5ffee64 vhci_hcd
[    6.545266][    T1] usb usb28: SerialNumber: vhci_hcd.9
[    6.546732][    T1] hub 28-0:1.0: USB hub found
[    6.547231][    T1] hub 28-0:1.0: 8 ports detected
[    6.550951][    T1] vhci_hcd vhci_hcd.10: USB/IP Virtual Host Controller
[    6.551877][    T1] vhci_hcd vhci_hcd.10: new USB bus registered, assigned bus number 29
[    6.553329][    T1] usb usb29: New USB device found, idVendor=1d6b, idProduct=0002, bcdDevice= 5.06
[    6.554046][    T1] usb usb29: New USB device strings: Mfr=3, Product=2, SerialNumber=1
[    6.554673][    T1] usb usb29: Product: USB/IP Virtual Host Controller
[    6.555187][    T1] usb usb29: Manufacturer: Linux 5.6.0-db34c5ffee64-00948-gdb34c5ffee64 vhci_hcd
[    6.555882][    T1] usb usb29: SerialNumber: vhci_hcd.10
[    6.557749][    T1] hub 29-0:1.0: USB hub found
[    6.558199][    T1] hub 29-0:1.0: 8 ports detected
[    6.561135][    T1] vhci_hcd vhci_hcd.10: USB/IP Virtual Host Controller
[    6.562693][    T1] vhci_hcd vhci_hcd.10: new USB bus registered, assigned bus number 30
[    6.563486][    T1] usb usb30: We don't know the algorithms for LPM for this host, disabling LPM.
[    6.564491][    T1] usb usb30: New USB device found, idVendor=1d6b, idProduct=0003, bcdDevice= 5.06
[    6.565196][    T1] usb usb30: New USB device strings: Mfr=3, Product=2, SerialNumber=1
[    6.565821][    T1] usb usb30: Product: USB/IP Virtual Host Controller
[    6.566329][    T1] usb usb30: Manufacturer: Linux 5.6.0-db34c5ffee64-00948-gdb34c5ffee64 vhci_hcd
[    6.567026][    T1] usb usb30: SerialNumber: vhci_hcd.10
[    6.568329][    T1] hub 30-0:1.0: USB hub found
[    6.568786][    T1] hub 30-0:1.0: 8 ports detected
[    6.573214][    T1] vhci_hcd vhci_hcd.11: USB/IP Virtual Host Controller
[    6.574402][    T1] vhci_hcd vhci_hcd.11: new USB bus registered, assigned bus number 31
[    6.576229][    T1] usb usb31: New USB device found, idVendor=1d6b, idProduct=0002, bcdDevice= 5.06
[    6.577012][    T1] usb usb31: New USB device strings: Mfr=3, Product=2, SerialNumber=1
[    6.577693][    T1] usb usb31: Product: USB/IP Virtual Host Controller
[    6.578203][    T1] usb usb31: Manufacturer: Linux 5.6.0-db34c5ffee64-00948-gdb34c5ffee64 vhci_hcd
[    6.578948][    T1] usb usb31: SerialNumber: vhci_hcd.11
[    6.580494][    T1] hub 31-0:1.0: USB hub found
[    6.580953][    T1] hub 31-0:1.0: 8 ports detected
[    6.583730][    T1] vhci_hcd vhci_hcd.11: USB/IP Virtual Host Controller
[    6.584680][    T1] vhci_hcd vhci_hcd.11: new USB bus registered, assigned bus number 32
[    6.585561][    T1] usb usb32: We don't know the algorithms for LPM for this host, disabling LPM.
[    6.586770][    T1] usb usb32: New USB device found, idVendor=1d6b, idProduct=0003, bcdDevice= 5.06
[    6.587487][    T1] usb usb32: New USB device strings: Mfr=3, Product=2, SerialNumber=1
[    6.588112][    T1] usb usb32: Product: USB/IP Virtual Host Controller
[    6.588630][    T1] usb usb32: Manufacturer: Linux 5.6.0-db34c5ffee64-00948-gdb34c5ffee64 vhci_hcd
[    6.589328][    T1] usb usb32: SerialNumber: vhci_hcd.11
[    6.590839][    T1] hub 32-0:1.0: USB hub found
[    6.591303][    T1] hub 32-0:1.0: 8 ports detected
[    6.595377][    T1] vhci_hcd vhci_hcd.12: USB/IP Virtual Host Controller
[    6.596313][    T1] vhci_hcd vhci_hcd.12: new USB bus registered, assigned bus number 33
[    6.597525][    T1] usb usb33: New USB device found, idVendor=1d6b, idProduct=0002, bcdDevice= 5.06
[    6.598246][    T1] usb usb33: New USB device strings: Mfr=3, Product=2, SerialNumber=1
[    6.598880][    T1] usb usb33: Product: USB/IP Virtual Host Controller
[    6.599402][    T1] usb usb33: Manufacturer: Linux 5.6.0-db34c5ffee64-00948-gdb34c5ffee64 vhci_hcd
[    6.600107][    T1] usb usb33: SerialNumber: vhci_hcd.12
[    6.601811][    T1] hub 33-0:1.0: USB hub found
[    6.602321][    T1] hub 33-0:1.0: 8 ports detected
[    6.605748][    T1] vhci_hcd vhci_hcd.12: USB/IP Virtual Host Controller
[    6.606816][    T1] vhci_hcd vhci_hcd.12: new USB bus registered, assigned bus number 34
[    6.607820][    T1] usb usb34: We don't know the algorithms for LPM for this host, disabling LPM.
[    6.609080][    T1] usb usb34: New USB device found, idVendor=1d6b, idProduct=0003, bcdDevice= 5.06
[    6.609865][    T1] usb usb34: New USB device strings: Mfr=3, Product=2, SerialNumber=1
[    6.610555][    T1] usb usb34: Product: USB/IP Virtual Host Controller
[    6.611112][    T1] usb usb34: Manufacturer: Linux 5.6.0-db34c5ffee64-00948-gdb34c5ffee64 vhci_hcd
[    6.611878][    T1] usb usb34: SerialNumber: vhci_hcd.12
[    6.613604][    T1] hub 34-0:1.0: USB hub found
[    6.614057][    T1] hub 34-0:1.0: 8 ports detected
[    6.617510][    T1] vhci_hcd vhci_hcd.13: USB/IP Virtual Host Controller
[    6.618468][    T1] vhci_hcd vhci_hcd.13: new USB bus registered, assigned bus number 35
[    6.619801][    T1] usb usb35: New USB device found, idVendor=1d6b, idProduct=0002, bcdDevice= 5.06
[    6.620523][    T1] usb usb35: New USB device strings: Mfr=3, Product=2, SerialNumber=1
[    6.621147][    T1] usb usb35: Product: USB/IP Virtual Host Controller
[    6.621661][    T1] usb usb35: Manufacturer: Linux 5.6.0-db34c5ffee64-00948-gdb34c5ffee64 vhci_hcd
[    6.623007][    T1] usb usb35: SerialNumber: vhci_hcd.13
[    6.624604][    T1] hub 35-0:1.0: USB hub found
[    6.625061][    T1] hub 35-0:1.0: 8 ports detected
[    6.627821][    T1] vhci_hcd vhci_hcd.13: USB/IP Virtual Host Controller
[    6.629008][    T1] vhci_hcd vhci_hcd.13: new USB bus registered, assigned bus number 36
[    6.629800][    T1] usb usb36: We don't know the algorithms for LPM for this host, disabling LPM.
[    6.631017][    T1] usb usb36: New USB device found, idVendor=1d6b, idProduct=0003, bcdDevice= 5.06
[    6.631739][    T1] usb usb36: New USB device strings: Mfr=3, Product=2, SerialNumber=1
[    6.632632][    T1] usb usb36: Product: USB/IP Virtual Host Controller
[    6.633158][    T1] usb usb36: Manufacturer: Linux 5.6.0-db34c5ffee64-00948-gdb34c5ffee64 vhci_hcd
[    6.633858][    T1] usb usb36: SerialNumber: vhci_hcd.13
[    6.635715][    T1] hub 36-0:1.0: USB hub found
[    6.636335][    T1] hub 36-0:1.0: 8 ports detected
[    6.640314][    T1] vhci_hcd vhci_hcd.14: USB/IP Virtual Host Controller
[    6.641290][    T1] vhci_hcd vhci_hcd.14: new USB bus registered, assigned bus number 37
[    6.643023][    T1] usb usb37: New USB device found, idVendor=1d6b, idProduct=0002, bcdDevice= 5.06
[    6.643798][    T1] usb usb37: New USB device strings: Mfr=3, Product=2, SerialNumber=1
[    6.644432][    T1] usb usb37: Product: USB/IP Virtual Host Controller
[    6.644947][    T1] usb usb37: Manufacturer: Linux 5.6.0-db34c5ffee64-00948-gdb34c5ffee64 vhci_hcd
[    6.645647][    T1] usb usb37: SerialNumber: vhci_hcd.14
[    6.647435][    T1] hub 37-0:1.0: USB hub found
[    6.647880][    T1] hub 37-0:1.0: 8 ports detected
[    6.650750][    T1] vhci_hcd vhci_hcd.14: USB/IP Virtual Host Controller
[    6.651779][    T1] vhci_hcd vhci_hcd.14: new USB bus registered, assigned bus number 38
[    6.652689][    T1] usb usb38: We don't know the algorithms for LPM for this host, disabling LPM.
[    6.653720][    T1] usb usb38: New USB device found, idVendor=1d6b, idProduct=0003, bcdDevice= 5.06
[    6.654424][    T1] usb usb38: New USB device strings: Mfr=3, Product=2, SerialNumber=1
[    6.655045][    T1] usb usb38: Product: USB/IP Virtual Host Controller
[    6.655556][    T1] usb usb38: Manufacturer: Linux 5.6.0-db34c5ffee64-00948-gdb34c5ffee64 vhci_hcd
[    6.656251][    T1] usb usb38: SerialNumber: vhci_hcd.14
[    6.657706][    T1] hub 38-0:1.0: USB hub found
[    6.658230][    T1] hub 38-0:1.0: 8 ports detected
[    6.661748][    T1] vhci_hcd vhci_hcd.15: USB/IP Virtual Host Controller
[    6.663470][    T1] vhci_hcd vhci_hcd.15: new USB bus registered, assigned bus number 39
[    6.664787][    T1] usb usb39: New USB device found, idVendor=1d6b, idProduct=0002, bcdDevice= 5.06
[    6.665836][    T1] usb usb39: New USB device strings: Mfr=3, Product=2, SerialNumber=1
[    6.666612][    T1] usb usb39: Product: USB/IP Virtual Host Controller
[    6.667187][    T1] usb usb39: Manufacturer: Linux 5.6.0-db34c5ffee64-00948-gdb34c5ffee64 vhci_hcd
[    6.667975][    T1] usb usb39: SerialNumber: vhci_hcd.15
[    6.669774][    T1] hub 39-0:1.0: USB hub found
[    6.670278][    T1] hub 39-0:1.0: 8 ports detected
[    6.673404][    T1] vhci_hcd vhci_hcd.15: USB/IP Virtual Host Controller
[    6.674330][    T1] vhci_hcd vhci_hcd.15: new USB bus registered, assigned bus number 40
[    6.675166][    T1] usb usb40: We don't know the algorithms for LPM for this host, disabling LPM.
[    6.676184][    T1] usb usb40: New USB device found, idVendor=1d6b, idProduct=0003, bcdDevice= 5.06
[    6.676900][    T1] usb usb40: New USB device strings: Mfr=3, Product=2, SerialNumber=1
[    6.677533][    T1] usb usb40: Product: USB/IP Virtual Host Controller
[    6.678050][    T1] usb usb40: Manufacturer: Linux 5.6.0-db34c5ffee64-00948-gdb34c5ffee64 vhci_hcd
[    6.678752][    T1] usb usb40: SerialNumber: vhci_hcd.15
[    6.680117][    T1] hub 40-0:1.0: USB hub found
[    6.680586][    T1] hub 40-0:1.0: 8 ports detected
[    6.685630][    T1] usbcore: registered new device driver usbip-host
[    6.688317][    T1] i8042: PNP: PS/2 Controller [PNP0303:KBD,PNP0f13:MOU] at 0x60,0x64 irq 1,12
[    6.690074][    T1] serio: i8042 KBD port at 0x60,0x64 irq 1
[    6.691268][    T1] serio: i8042 AUX port at 0x60,0x64 irq 12
[    6.693705][    T1] mousedev: PS/2 mouse device common for all mice
[    6.696085][  T366] input: AT Translated Set 2 keyboard as /devices/platform/i8042/serio0/input/input1
[    6.699983][    T1] usbcore: registered new interface driver appletouch
[    6.700866][    T1] usbcore: registered new interface driver bcm5974
[    6.703322][    T1] usbcore: registered new interface driver synaptics_usb
[    6.704699][    T1] usbcore: registered new interface driver iforce
[    6.707939][    T1] usbcore: registered new interface driver xpad
[    6.708625][    T1] usbcore: registered new interface driver usb_acecad
[    6.709304][    T1] usbcore: registered new interface driver aiptek
[    6.709990][    T1] usbcore: registered new interface driver hanwang
[    6.710708][    T1] usbcore: registered new interface driver kbtab
[    6.711383][    T1] usbcore: registered new interface driver pegasus_notetaker
[    6.712409][    T1] usbcore: registered new interface driver usbtouchscreen
[    6.713294][    T1] usbcore: registered new interface driver sur40
[    6.714287][    T1] usbcore: registered new interface driver ati_remote2
[    6.714822][    T1] cm109: Keymap for Komunikate KIP1000 phone loaded
[    6.715733][    T1] usbcore: registered new interface driver cm109
[    6.716223][    T1] cm109: CM109 phone driver: 20080805 (C) Alfred E. Heggestad
[    6.716958][    T1] usbcore: registered new interface driver ims_pcu
[    6.717634][    T1] usbcore: registered new interface driver keyspan_remote
[    6.718460][    T1] usbcore: registered new interface driver powermate
[    6.719370][    T1] usbcore: registered new interface driver yealink
[    6.721060][    T1] rtc_cmos 00:05: RTC can wake from S4
[    6.723703][    T1] rtc_cmos 00:05: registered as rtc0
[    6.724130][    T1] rtc_cmos 00:05: alarms up to one day, y3k, 242 bytes nvram, hpet irqs
[    6.727741][    T1] i2c /dev entries driver
[    6.728783][    T1] usbcore: registered new interface driver i2c-diolan-u2c
[    6.729786][    T1] usbcore: registered new interface driver RobotFuzz Open Source InterFace, OSIF
[    6.730759][    T1] usbcore: registered new interface driver i2c-tiny-usb
[    6.733481][    T1] usbcore: registered new interface driver ati_remote
[    6.734422][    T1] usbcore: registered new interface driver imon
[    6.738102][    T1] usbcore: registered new interface driver mceusb
[    6.738786][    T1] usbcore: registered new interface driver redrat3
[    6.739440][    T1] usbcore: registered new interface driver streamzap
[    6.740145][    T1] usbcore: registered new interface driver igorplugusb
[    6.740865][    T1] usbcore: registered new interface driver iguanair
[    6.741585][    T1] usbcore: registered new interface driver ttusbir
[    6.742089][    T1] b2c2-flexcop: B2C2 FlexcopII/II(b)/III digital TV receiver chip loaded successfully
[    6.752008][    T1] vivid-000: using single planar format API
[    6.765083][    T1] vivid-000: CEC adapter cec0 registered for HDMI input 0
[    6.766059][    T1] vivid-000: V4L2 capture device registered as video3
[    6.766923][    T1] vivid-000: CEC adapter cec1 registered for HDMI output 0
[    6.767790][    T1] vivid-000: V4L2 output device registered as video4
[    6.768622][    T1] vivid-000: V4L2 capture device registered as vbi0, supports raw and sliced VBI
[    6.769771][    T1] vivid-000: V4L2 output device registered as vbi1, supports raw and sliced VBI
[    6.771136][    T1] vivid-000: V4L2 capture device registered as swradio0
[    6.771940][    T1] vivid-000: V4L2 receiver device registered as radio0
[    6.773023][    T1] vivid-000: V4L2 transmitter device registered as radio1
[    6.773892][    T1] vivid-000: V4L2 metadata capture device registered as video5
[    6.774866][    T1] vivid-000: V4L2 metadata output device registered as video6
[    6.775816][    T1] vivid-000: V4L2 touch capture device registered as v4l-touch0
[    6.776878][    T1] vivid-001: using multiplanar format API
[    6.785560][    T1] vivid-001: CEC adapter cec2 registered for HDMI input 0
[    6.786440][    T1] vivid-001: V4L2 capture device registered as video7
[    6.787251][    T1] vivid-001: CEC adapter cec3 registered for HDMI output 0
[    6.788280][    T1] vivid-001: V4L2 output device registered as video8
[    6.789372][    T1] vivid-001: V4L2 capture device registered as vbi2, supports raw and sliced VBI
[    6.791047][    T1] vivid-001: V4L2 output device registered as vbi3, supports raw and sliced VBI
[    6.793188][    T1] vivid-001: V4L2 capture device registered as swradio1
[    6.794061][    T1] vivid-001: V4L2 receiver device registered as radio2
[    6.795009][    T1] vivid-001: V4L2 transmitter device registered as radio3
[    6.795939][    T1] vivid-001: V4L2 metadata capture device registered as video9
[    6.796949][    T1] vivid-001: V4L2 metadata output device registered as video10
[    6.798025][    T1] vivid-001: V4L2 touch capture device registered as v4l-touch1
[    6.798958][    T1] vivid-002: using single planar format API
[    6.807640][    T1] vivid-002: CEC adapter cec4 registered for HDMI input 0
[    6.808500][    T1] vivid-002: V4L2 capture device registered as video11
[    6.809317][    T1] vivid-002: CEC adapter cec5 registered for HDMI output 0
[    6.810159][    T1] vivid-002: V4L2 output device registered as video12
[    6.810980][    T1] vivid-002: V4L2 capture device registered as vbi4, supports raw and sliced VBI
[    6.811986][    T1] vivid-002: V4L2 output device registered as vbi5, supports raw and sliced VBI
[    6.813068][    T1] vivid-002: V4L2 capture device registered as swradio2
[    6.813897][    T1] vivid-002: V4L2 receiver device registered as radio4
[    6.814843][    T1] vivid-002: V4L2 transmitter device registered as radio5
[    6.816449][    T1] vivid-002: V4L2 metadata capture device registered as video13
[    6.817308][    T1] vivid-002: V4L2 metadata output device registered as video14
[    6.818179][    T1] vivid-002: V4L2 touch capture device registered as v4l-touch2
[    6.819093][    T1] vivid-003: using multiplanar format API
[    6.828763][    T1] vivid-003: CEC adapter cec6 registered for HDMI input 0
[    6.829628][    T1] vivid-003: V4L2 capture device registered as video15
[    6.830597][    T1] vivid-003: CEC adapter cec7 registered for HDMI output 0
[    6.831450][    T1] vivid-003: V4L2 output device registered as video16
[    6.832400][    T1] vivid-003: V4L2 capture device registered as vbi6, supports raw and sliced VBI
[    6.833508][    T1] vivid-003: V4L2 output device registered as vbi7, supports raw and sliced VBI
[    6.834899][    T1] vivid-003: V4L2 capture device registered as swradio3
[    6.835785][    T1] vivid-003: V4L2 receiver device registered as radio6
[    6.836575][    T1] vivid-003: V4L2 transmitter device registered as radio7
[    6.837413][    T1] vivid-003: V4L2 metadata capture device registered as video17
[    6.838287][    T1] vivid-003: V4L2 metadata output device registered as video18
[    6.839216][    T1] vivid-003: V4L2 touch capture device registered as v4l-touch3
[    6.840354][    T1] vivid-004: using single planar format API
[    6.848650][    T1] vivid-004: CEC adapter cec8 registered for HDMI input 0
[    6.849548][    T1] vivid-004: V4L2 capture device registered as video19
[    6.850755][    T1] vivid-004: CEC adapter cec9 registered for HDMI output 0
[    6.851765][    T1] vivid-004: V4L2 output device registered as video20
[    6.852799][    T1] vivid-004: V4L2 capture device registered as vbi8, supports raw and sliced VBI
[    6.854195][    T1] vivid-004: V4L2 output device registered as vbi9, supports raw and sliced VBI
[    6.855482][    T1] vivid-004: V4L2 capture device registered as swradio4
[    6.856351][    T1] vivid-004: V4L2 receiver device registered as radio8
[    6.857298][    T1] vivid-004: V4L2 transmitter device registered as radio9
[    6.858224][    T1] vivid-004: V4L2 metadata capture device registered as video21
[    6.859261][    T1] vivid-004: V4L2 metadata output device registered as video22
[    6.860663][    T1] vivid-004: V4L2 touch capture device registered as v4l-touch4
[    6.861605][    T1] vivid-005: using multiplanar format API
[    6.869904][    T1] vivid-005: CEC adapter cec10 registered for HDMI input 0
[    6.870765][    T1] vivid-005: V4L2 capture device registered as video23
[    6.871592][    T1] vivid-005: CEC adapter cec11 registered for HDMI output 0
[    6.872844][    T1] vivid-005: V4L2 output device registered as video24
[    6.873670][    T1] vivid-005: V4L2 capture device registered as vbi10, supports raw and sliced VBI
[    6.874813][    T1] vivid-005: V4L2 output device registered as vbi11, supports raw and sliced VBI
[    6.876091][    T1] vivid-005: V4L2 capture device registered as swradio5
[    6.876876][    T1] vivid-005: V4L2 receiver device registered as radio10
[    6.877745][    T1] vivid-005: V4L2 transmitter device registered as radio11
[    6.878602][    T1] vivid-005: V4L2 metadata capture device registered as video25
[    6.879475][    T1] vivid-005: V4L2 metadata output device registered as video26
[    6.880961][    T1] vivid-005: V4L2 touch capture device registered as v4l-touch5
[    6.882324][    T1] vivid-006: using single planar format API
[    6.890729][    T1] vivid-006: CEC adapter cec12 registered for HDMI input 0
[    6.891639][    T1] vivid-006: V4L2 capture device registered as video27
[    6.892846][    T1] vivid-006: CEC adapter cec13 registered for HDMI output 0
[    6.893721][    T1] vivid-006: V4L2 output device registered as video28
[    6.894553][    T1] vivid-006: V4L2 capture device registered as vbi12, supports raw and sliced VBI
[    6.895611][    T1] vivid-006: V4L2 output device registered as vbi13, supports raw and sliced VBI
[    6.896988][    T1] vivid-006: V4L2 capture device registered as swradio6
[    6.897790][    T1] vivid-006: V4L2 receiver device registered as radio12
[    6.898672][    T1] vivid-006: V4L2 transmitter device registered as radio13
[    6.899524][    T1] vivid-006: V4L2 metadata capture device registered as video29
[    6.900413][    T1] vivid-006: V4L2 metadata output device registered as video30
[    6.901429][    T1] vivid-006: V4L2 touch capture device registered as v4l-touch6
[    6.902515][    T1] vivid-007: using multiplanar format API
[    6.911729][    T1] vivid-007: CEC adapter cec14 registered for HDMI input 0
[    6.914676][    T1] vivid-007: V4L2 capture device registered as video31
[    6.915626][    T1] vivid-007: CEC adapter cec15 registered for HDMI output 0
[    6.916574][    T1] vivid-007: V4L2 output device registered as video32
[    6.917473][    T1] vivid-007: V4L2 capture device registered as vbi14, supports raw and sliced VBI
[    6.918837][    T1] vivid-007: V4L2 output device registered as vbi15, supports raw and sliced VBI
[    6.920109][    T1] vivid-007: V4L2 capture device registered as swradio7
[    6.920958][    T1] vivid-007: V4L2 receiver device registered as radio14
[    6.921867][    T1] vivid-007: V4L2 transmitter device registered as radio15
[    6.923556][    T1] vivid-007: V4L2 metadata capture device registered as video33
[    6.924443][    T1] vivid-007: V4L2 metadata output device registered as video34
[    6.925567][    T1] vivid-007: V4L2 touch capture device registered as v4l-touch7
[    6.926513][    T1] vivid-008: using single planar format API
[    6.935056][    T1] vivid-008: CEC adapter cec16 registered for HDMI input 0
[    6.935915][    T1] vivid-008: V4L2 capture device registered as video35
[    6.936746][    T1] vivid-008: CEC adapter cec17 registered for HDMI output 0
[    6.937614][    T1] vivid-008: V4L2 output device registered as video36
[    6.938434][    T1] vivid-008: V4L2 capture device registered as vbi16, supports raw and sliced VBI
[    6.939435][    T1] vivid-008: V4L2 output device registered as vbi17, supports raw and sliced VBI
[    6.940488][    T1] vivid-008: V4L2 capture device registered as swradio8
[    6.941506][    T1] vivid-008: V4L2 receiver device registered as radio16
