c[?7l[2J[0mSeaBIOS (version rel-1.16.0-0-gd239552ce722-prebuilt.qemu.org)


iPXE (http://ipxe.org) 00:03.0 CA00 PCI2.10 PnP PMM+7FF91000+7FEF1000 CA00
Press Ctrl-B to configure iPXE (PCI 00:03.0)...                                                                               


Booting from ROM..c[?7l[2J[    0.000000] Linux version 6.3.0-rc4-197b6b60ae7b+ (root@p-adls01) (gcc (GCC) 8.5.0 20210514 (Red Hat 8.5.0-18), GNU ld version 2.36.1-2.el8) #1 SMP PREEMPT_DYNAMIC Mon Mar 27 11:23:53 CST 2023
[    0.000000] Command line: console=ttyS0 root=/dev/sda earlyprintk=serial net.ifnames=0
[    0.000000] KERNEL supported cpus:
[    0.000000]   Intel GenuineIntel
[    0.000000]   AMD AuthenticAMD
[    0.000000]   Hygon HygonGenuine
[    0.000000]   Centaur CentaurHauls
[    0.000000]   zhaoxin   Shanghai  
[    0.000000] x86/fpu: Supporting XSAVE feature 0x001: 'x87 floating point registers'
[    0.000000] x86/fpu: Supporting XSAVE feature 0x002: 'SSE registers'
[    0.000000] x86/fpu: Supporting XSAVE feature 0x004: 'AVX registers'
[    0.000000] x86/fpu: Supporting XSAVE feature 0x200: 'Protection Keys User registers'
[    0.000000] x86/fpu: xstate_offset[2]:  576, xstate_sizes[2]:  256
[    0.000000] x86/fpu: xstate_offset[9]:  832, xstate_sizes[9]:    8
[    0.000000] x86/fpu: Enabled xstate features 0x207, context size is 840 bytes, using 'compacted' format.
[    0.000000] signal: max sigframe size: 3632
[    0.000000] BIOS-provided physical RAM map:
[    0.000000] BIOS-e820: [mem 0x0000000000000000-0x000000000009fbff] usable
[    0.000000] BIOS-e820: [mem 0x000000000009fc00-0x000000000009ffff] reserved
[    0.000000] BIOS-e820: [mem 0x00000000000f0000-0x00000000000fffff] reserved
[    0.000000] BIOS-e820: [mem 0x0000000000100000-0x000000007ffdffff] usable
[    0.000000] BIOS-e820: [mem 0x000000007ffe0000-0x000000007fffffff] reserved
[    0.000000] BIOS-e820: [mem 0x00000000feffc000-0x00000000feffffff] reserved
[    0.000000] BIOS-e820: [mem 0x00000000fffc0000-0x00000000ffffffff] reserved
[    0.000000] printk: bootconsole [earlyser0] enabled
[    0.000000] NX (Execute Disable) protection: active
[    0.000000] SMBIOS 2.8 present.
[    0.000000] DMI: QEMU Standard PC (i440FX + PIIX, 1996), BIOS rel-1.16.0-0-gd239552ce722-prebuilt.qemu.org 04/01/2014
[    0.000000] Hypervisor detected: KVM
[    0.000000] kvm-clock: Using msrs 4b564d01 and 4b564d00
[    0.000002] kvm-clock: using sched offset of 374854239 cycles
[    0.000295] clocksource: kvm-clock: mask: 0xffffffffffffffff max_cycles: 0x1cd42e4dffb, max_idle_ns: 881590591483 ns
[    0.001200] tsc: Detected 3609.600 MHz processor
[    0.004000] last_pfn = 0x7ffe0 max_arch_pfn = 0x400000000
[    0.004000] x86/PAT: Configuration [0-7]: WB  WC  UC- UC  WB  WP  UC- WT  
[    0.004000] found SMP MP-table at [mem 0x000f5ba0-0x000f5baf]
[    0.004000] Using GB pages for direct mapping
[    0.004000] ACPI: Early table checksum verification disabled
[    0.004000] ACPI: RSDP 0x00000000000F59C0 000014 (v00 BOCHS )
[    0.004000] ACPI: RSDT 0x000000007FFE1951 000034 (v01 BOCHS  BXPC     00000001 BXPC 00000001)
[    0.004000] ACPI: FACP 0x000000007FFE17FD 000074 (v01 BOCHS  BXPC     00000001 BXPC 00000001)
[    0.004000] ACPI: DSDT 0x000000007FFE0040 0017BD (v01 BOCHS  BXPC     00000001 BXPC 00000001)
[    0.004000] ACPI: FACS 0x000000007FFE0000 000040
[    0.004000] ACPI: APIC 0x000000007FFE1871 000080 (v01 BOCHS  BXPC     00000001 BXPC 00000001)
[    0.004000] ACPI: HPET 0x000000007FFE18F1 000038 (v01 BOCHS  BXPC     00000001 BXPC 00000001)
[    0.004000] ACPI: WAET 0x000000007FFE1929 000028 (v01 BOCHS  BXPC     00000001 BXPC 00000001)
[    0.004000] ACPI: Reserving FACP table memory at [mem 0x7ffe17fd-0x7ffe1870]
[    0.004000] ACPI: Reserving DSDT table memory at [mem 0x7ffe0040-0x7ffe17fc]
[    0.004000] ACPI: Reserving FACS table memory at [mem 0x7ffe0000-0x7ffe003f]
[    0.004000] ACPI: Reserving APIC table memory at [mem 0x7ffe1871-0x7ffe18f0]
[    0.004000] ACPI: Reserving HPET table memory at [mem 0x7ffe18f1-0x7ffe1928]
[    0.004000] ACPI: Reserving WAET table memory at [mem 0x7ffe1929-0x7ffe1950]
[    0.004000] No NUMA configuration found
[    0.004000] Faking a node at [mem 0x0000000000000000-0x000000007ffdffff]
[    0.004000] NODE_DATA(0) allocated [mem 0x7ffb5000-0x7ffdffff]
[    0.004000] Zone ranges:
[    0.004000]   DMA      [mem 0x0000000000001000-0x0000000000ffffff]
[    0.004000]   DMA32    [mem 0x0000000001000000-0x000000007ffdffff]
[    0.004000]   Normal   empty
[    0.004000]   Device   empty
[    0.004000] Movable zone start for each node
[    0.004000] Early memory node ranges
[    0.004000]   node   0: [mem 0x0000000000001000-0x000000000009efff]
[    0.004000]   node   0: [mem 0x0000000000100000-0x000000007ffdffff]
[    0.004000] Initmem setup node 0 [mem 0x0000000000001000-0x000000007ffdffff]
[    0.004000] On node 0, zone DMA: 1 pages in unavailable ranges
[    0.004000] On node 0, zone DMA: 97 pages in unavailable ranges
[    0.004000] On node 0, zone DMA32: 32 pages in unavailable ranges
[    0.004000] ACPI: PM-Timer IO Port: 0x608
[    0.004000] ACPI: LAPIC_NMI (acpi_id[0xff] dfl dfl lint[0x1])
[    0.004000] IOAPIC[0]: apic_id 0, version 17, address 0xfec00000, GSI 0-23
[    0.004000] ACPI: INT_SRC_OVR (bus 0 bus_irq 0 global_irq 2 dfl dfl)
[    0.004000] ACPI: INT_SRC_OVR (bus 0 bus_irq 5 global_irq 5 high level)
[    0.004000] ACPI: INT_SRC_OVR (bus 0 bus_irq 9 global_irq 9 high level)
[    0.004000] ACPI: INT_SRC_OVR (bus 0 bus_irq 10 global_irq 10 high level)
[    0.004000] ACPI: INT_SRC_OVR (bus 0 bus_irq 11 global_irq 11 high level)
[    0.004000] ACPI: Using ACPI (MADT) for SMP configuration information
[    0.004000] ACPI: HPET id: 0x8086a201 base: 0xfed00000
[    0.004000] TSC deadline timer available
[    0.004000] smpboot: Allowing 2 CPUs, 0 hotplug CPUs
[    0.004000] kvm-guest: KVM setup pv remote TLB flush
[    0.004000] kvm-guest: setup PV sched yield
[    0.004000] PM: hibernation: Registered nosave memory: [mem 0x00000000-0x00000fff]
[    0.004000] PM: hibernation: Registered nosave memory: [mem 0x0009f000-0x0009ffff]
[    0.004000] PM: hibernation: Registered nosave memory: [mem 0x000a0000-0x000effff]
[    0.004000] PM: hibernation: Registered nosave memory: [mem 0x000f0000-0x000fffff]
[    0.004000] [mem 0x80000000-0xfeffbfff] available for PCI devices
[    0.004000] Booting paravirtualized kernel on KVM
[    0.004000] clocksource: refined-jiffies: mask: 0xffffffff max_cycles: 0xffffffff, max_idle_ns: 7645519600211568 ns
[    0.004000] setup_percpu: NR_CPUS:8192 nr_cpumask_bits:2 nr_cpu_ids:2 nr_node_ids:1
[    0.004000] percpu: Embedded 65 pages/cpu s229376 r8192 d28672 u1048576
[    0.004000] kvm-guest: PV spinlocks enabled
[    0.004000] PV qspinlock hash table entries: 256 (order: 0, 4096 bytes, linear)
[    0.004000] Fallback order for Node 0: 0 
[    0.004000] Built 1 zonelists, mobility grouping on.  Total pages: 515808
[    0.004000] Policy zone: DMA32
[    0.004000] Kernel command line: net.ifnames=0 console=ttyS0 root=/dev/sda earlyprintk=serial net.ifnames=0
[    0.004000] random: crng init done
[    0.004000] Dentry cache hash table entries: 262144 (order: 9, 2097152 bytes, linear)
[    0.004000] Inode-cache hash table entries: 131072 (order: 8, 1048576 bytes, linear)
[    0.004000] mem auto-init: stack:off, heap alloc:off, heap free:off
[    0.004000] Memory: 1966944K/2096632K available (34816K kernel code, 4578K rwdata, 9804K rodata, 10400K init, 31852K bss, 129432K reserved, 0K cma-reserved)
[    0.004000] SLUB: HWalign=64, Order=0-3, MinObjects=0, CPUs=2, Nodes=1
[    0.004000] kmemleak: Kernel memory leak detector disabled
[    0.004000] ftrace: allocating 68797 entries in 269 pages
[    0.004000] ftrace: allocated 269 pages with 4 groups
[    0.004000] Dynamic Preempt: voluntary
[    0.004000] Running RCU self tests
[    0.004000] Running RCU synchronous self tests
[    0.004000] rcu: Preemptible hierarchical RCU implementation.
[    0.004000] rcu: 	RCU lockdep checking is enabled.
[    0.004000] rcu: 	RCU restricting CPUs from NR_CPUS=8192 to nr_cpu_ids=2.
[    0.004000] 	Trampoline variant of Tasks RCU enabled.
[    0.004000] 	Rude variant of Tasks RCU enabled.
[    0.004000] 	Tracing variant of Tasks RCU enabled.
[    0.004000] rcu: RCU calculated value of scheduler-enlistment delay is 25 jiffies.
[    0.004000] rcu: Adjusting geometry for rcu_fanout_leaf=16, nr_cpu_ids=2
[    0.004000] Running RCU synchronous self tests
[    0.004000] NR_IRQS: 524544, nr_irqs: 440, preallocated irqs: 16
[    0.004000] rcu: srcu_init: Setting srcu_struct sizes based on contention.
[    0.004000] Console: colour VGA+ 80x25
[    0.004000] printk: console [ttyS0] enabled
[    0.004000] printk: console [ttyS0] enabled
[    0.004000] printk: bootconsole [earlyser0] disabled
[    0.004000] printk: bootconsole [earlyser0] disabled
[    0.004000] Lock dependency validator: Copyright (c) 2006 Red Hat, Inc., Ingo Molnar
[    0.004000] ... MAX_LOCKDEP_SUBCLASSES:  8
[    0.004000] ... MAX_LOCK_DEPTH:          48
[    0.004000] ... MAX_LOCKDEP_KEYS:        8192
[    0.004000] ... CLASSHASH_SIZE:          4096
[    0.004000] ... MAX_LOCKDEP_ENTRIES:     32768
[    0.004000] ... MAX_LOCKDEP_CHAINS:      65536
[    0.004000] ... CHAINHASH_SIZE:          32768
[    0.004000]  memory used by lock dependency info: 6365 kB
[    0.004000]  memory used for stack traces: 4224 kB
[    0.004000]  per task-struct memory footprint: 1920 bytes
[    0.004000] ACPI: Core revision 20221020
[    0.004000] clocksource: hpet: mask: 0xffffffff max_cycles: 0xffffffff, max_idle_ns: 19112604467 ns
[    0.004000] APIC: Switch to symmetric I/O mode setup
[    0.004000] x2apic enabled
[    0.004000] Switched APIC routing to physical x2apic.
[    0.004000] kvm-guest: setup PV IPIs
[    0.004000] ..TIMER: vector=0x30 apic1=0 pin1=2 apic2=-1 pin2=-1
[    0.004000] clocksource: tsc-early: mask: 0xffffffffffffffff max_cycles: 0x3407c077a8d, max_idle_ns: 440795342283 ns
[    0.130390] Calibrating delay loop (skipped) preset value.. 7219.20 BogoMIPS (lpj=14438400)
[    0.130859] pid_max: default: 32768 minimum: 301
[    0.131181] LSM: initializing lsm=capability,yama,integrity
[    0.134393] Yama: becoming mindful.
[    0.134717] Mount-cache hash table entries: 4096 (order: 3, 32768 bytes, linear)
[    0.135133] Mountpoint-cache hash table entries: 4096 (order: 3, 32768 bytes, linear)
[    0.136487] x86/cpu: User Mode Instruction Prevention (UMIP) activated
[    0.138139] Last level iTLB entries: 4KB 0, 2MB 0, 4MB 0
[    0.138404] Last level dTLB entries: 4KB 0, 2MB 0, 4MB 0, 1GB 0
[    0.138762] Spectre V1 : Mitigation: usercopy/swapgs barriers and __user pointer sanitization
[    0.139231] Spectre V2 : WARNING: Unprivileged eBPF is enabled with eIBRS on, data leaks possible via Spectre v2 BHB attacks!
[    0.139844] Spectre V2 : Mitigation: Enhanced / Automatic IBRS
[    0.140151] Spectre V2 : Spectre v2 / SpectreRSB mitigation: Filling RSB on context switch
[    0.140591] Spectre V2 : Spectre v2 / PBRSB-eIBRS: Retire a single CALL on VMEXIT
[    0.140992] Spectre V2 : mitigation: Enabling conditional Indirect Branch Prediction Barrier
[    0.141432] Speculative Store Bypass: Mitigation: Speculative Store Bypass disabled via prctl
[    0.227031] Freeing SMP alternatives memory: 56K
[    0.227350] Running RCU synchronous self tests
[    0.227586] Running RCU synchronous self tests
[    0.228081] smpboot: CPU0: 12th Gen Intel(R) Core(TM) i7-12700K (family: 0x6, model: 0x97, stepping: 0x2)
[    0.228922] cblist_init_generic: Setting adjustable number of callback queues.
[    0.229320] cblist_init_generic: Setting shift to 1 and lim to 1.
[    0.229676] cblist_init_generic: Setting shift to 1 and lim to 1.
[    0.230032] cblist_init_generic: Setting shift to 1 and lim to 1.
[    0.230378] Running RCU-tasks wait API self tests
[    0.330501] Performance Events: Alderlake Hybrid events, full-width counters, Intel PMU driver.
[    0.331349] core: cpu_core PMU driver: 
[    0.331561] ... version:                2
[    0.331774] ... bit width:              48
[    0.331991] ... generic registers:      6
[    0.332202] ... value mask:             0000ffffffffffff
[    0.332480] ... max period:             00007fffffffffff
[    0.332756] ... fixed-purpose events:   3
[    0.332967] ... event mask:             0001000f0000003f
[    0.333395] rcu: Hierarchical SRCU implementation.
[    0.333649] rcu: 	Max phase no-delay instances is 1000.
[    0.334974] unchecked MSR access error: WRMSR to 0x38f (tried to write 0x0001000f0000003f) at rIP: 0xffffffff810dcc2c (native_write_msr+0xc/0x30)
[    0.335674] Call Trace:
[    0.335807]  <TASK>
[    0.335924]  __intel_pmu_enable_all.constprop.49+0xb5/0x140
[    0.336227]  intel_pmu_enable_all+0x1e/0x30
[    0.336457]  x86_pmu_enable+0x46d/0x5a0
[    0.336669]  ? write_comp_data+0x2f/0x90
[    0.336893]  perf_pmu_enable+0x53/0x70
[    0.337103]  ctx_resched+0x14d/0x1e0
[    0.337308]  __perf_install_in_context+0x2f7/0x470
[    0.337568]  ? __pfx_remote_function+0x10/0x10
[    0.337813]  ? __pfx_remote_function+0x10/0x10
[    0.338054]  remote_function+0x80/0xa0
[    0.338266]  ? __pfx_remote_function+0x10/0x10
[    0.338378]  generic_exec_single+0x124/0x190
[    0.338378]  smp_call_function_single+0x11c/0x240
[    0.338378]  ? __pfx_remote_function+0x10/0x10
[    0.338378]  ? __sanitizer_cov_trace_pc+0x25/0x60
[    0.338378]  ? write_comp_data+0x2f/0x90
[    0.338378]  perf_install_in_context+0x2d8/0x300
[    0.338378]  ? __pfx___perf_install_in_context+0x10/0x10
[    0.338378]  perf_event_create_kernel_counter+0x284/0x2b0
[    0.338378]  ? __pfx_watchdog_overflow_callback+0x10/0x10
[    0.338378]  hardlockup_detector_event_create+0x46/0xd0
[    0.338378]  hardlockup_detector_perf_init+0x18/0x80
[    0.338378]  watchdog_nmi_probe+0x17/0x20
[    0.338378]  lockup_detector_init+0x40/0xb0
[    0.338378]  kernel_init_freeable+0x37e/0x760
[    0.338378]  ? __pfx_kernel_init+0x10/0x10
[    0.338378]  kernel_init+0x24/0x1e0
[    0.338378]  ? __pfx_kernel_init+0x10/0x10
[    0.338378]  ret_from_fork+0x29/0x50
[    0.338378]  </TASK>
[    0.338393] Callback from call_rcu_tasks_trace() invoked.
[    0.338811] smp: Bringing up secondary CPUs ...
[    0.339364] x86: Booting SMP configuration:
[    0.339593] .... node  #0, CPUs:      #1
[    0.339817] smp: Brought up 1 node, 2 CPUs
[    0.339817] smpboot: Max logical packages: 1
[    0.339817] smpboot: Total of 2 processors activated (14438.40 BogoMIPS)
[    0.343093] devtmpfs: initialized
[    0.343093] x86/mm: Memory block size: 128MB
[    0.344351] Running RCU synchronous self tests
[    0.344351] Running RCU synchronous self tests
[    0.344351] clocksource: jiffies: mask: 0xffffffff max_cycles: 0xffffffff, max_idle_ns: 7645041785100000 ns
[    0.346395] futex hash table entries: 512 (order: 4, 65536 bytes, linear)
[    0.346949] pinctrl core: initialized pinctrl subsystem
[    0.347610] 
[    0.347699] *************************************************************
[    0.348059] **     NOTICE NOTICE NOTICE NOTICE NOTICE NOTICE NOTICE    **
[    0.348419] **                                                         **
[    0.348780] **  IOMMU DebugFS SUPPORT HAS BEEN ENABLED IN THIS KERNEL  **
[    0.349149] **                                                         **
[    0.349508] ** This means that this kernel is built to expose internal **
[    0.349867] ** IOMMU data structures, which may compromise security on **
[    0.350226] ** your system.                                            **
[    0.350389] **                                                         **
[    0.350748] ** If you see this message and you are not debugging the   **
[    0.351108] ** kernel, report this immediately to your vendor!         **
[    0.351467] **                                                         **
[    0.351826] **     NOTICE NOTICE NOTICE NOTICE NOTICE NOTICE NOTICE    **
[    0.352186] *************************************************************
[    0.352578] PM: RTC time: 03:19:35, date: 2023-03-28
[    0.355196] NET: Registered PF_NETLINK/PF_ROUTE protocol family
[    0.355948] DMA: preallocated 256 KiB GFP_KERNEL pool for atomic allocations
[    0.356335] DMA: preallocated 256 KiB GFP_KERNEL|GFP_DMA pool for atomic allocations
[    0.356751] DMA: preallocated 256 KiB GFP_KERNEL|GFP_DMA32 pool for atomic allocations
[    0.357208] audit: initializing netlink subsys (disabled)
[    0.357565] audit: type=2000 audit(1679973575.924:1): state=initialized audit_enabled=0 res=1
[    0.357565] thermal_sys: Registered thermal governor 'fair_share'
[    0.357565] thermal_sys: Registered thermal governor 'bang_bang'
[    0.358384] thermal_sys: Registered thermal governor 'step_wise'
[    0.358704] thermal_sys: Registered thermal governor 'user_space'
[    0.359054] cpuidle: using governor ladder
[    0.359610] cpuidle: using governor menu
[    0.360027] acpiphp: ACPI Hot Plug PCI Controller Driver version: 0.5
[    0.360580] PCI: Using configuration type 1 for base access
[    0.361574] kprobes: kprobe jump-optimization is enabled. All kprobes are optimized if possible.
[    0.534737] HugeTLB: registered 1.00 GiB page size, pre-allocated 0 pages
[    0.535121] HugeTLB: 16380 KiB vmemmap can be freed for a 1.00 GiB page
[    0.535476] HugeTLB: registered 2.00 MiB page size, pre-allocated 0 pages
[    0.535835] HugeTLB: 28 KiB vmemmap can be freed for a 2.00 MiB page
[    0.538834] ACPI: Added _OSI(Module Device)
[    0.539077] ACPI: Added _OSI(Processor Device)
[    0.539318] ACPI: Added _OSI(3.0 _SCP Extensions)
[    0.539572] ACPI: Added _OSI(Processor Aggregator Device)
[    0.543408] ACPI: 1 ACPI AML tables successfully acquired and loaded
[    2.492011] Callback from call_rcu_tasks_rude() invoked.
[    2.530759] ACPI: Interpreter enabled
[    2.531043] ACPI: PM: (supports S0 S3 S4 S5)
[    2.531277] ACPI: Using IOAPIC for interrupt routing
[    2.531596] PCI: Using host bridge windows from ACPI; if necessary, use "pci=nocrs" and report a bug
[    2.532081] PCI: Using E820 reservations for host bridge windows
[    2.532860] ACPI: Enabled 2 GPEs in block 00 to 0F
[    2.543928] ACPI: PCI Root Bridge [PCI0] (domain 0000 [bus 00-ff])
[    2.544291] acpi PNP0A03:00: _OSC: OS supports [ASPM ClockPM Segments MSI EDR HPX-Type3]
[    2.544729] acpi PNP0A03:00: _OSC: not requesting OS control; OS requires [ExtendedConfig ASPM ClockPM MSI]
[    2.545291] acpi PNP0A03:00: fail to add MMCONFIG information, can't access extended configuration space under this bridge
[    2.547442] acpiphp: Slot [3] registered
[    2.547705] acpiphp: Slot [4] registered
[    2.547960] acpiphp: Slot [5] registered
[    2.548216] acpiphp: Slot [6] registered
[    2.548475] acpiphp: Slot [7] registered
[    2.548730] acpiphp: Slot [8] registered
[    2.548991] acpiphp: Slot [9] registered
[    2.549256] acpiphp: Slot [10] registered
[    2.549521] acpiphp: Slot [11] registered
[    2.549786] acpiphp: Slot [12] registered
[    2.550054] acpiphp: Slot [13] registered
[    2.550321] acpiphp: Slot [14] registered
[    2.550423] acpiphp: Slot [15] registered
[    2.550683] acpiphp: Slot [16] registered
[    2.550943] acpiphp: Slot [17] registered
[    2.551202] acpiphp: Slot [18] registered
[    2.551465] acpiphp: Slot [19] registered
[    2.551727] acpiphp: Slot [20] registered
[    2.551986] acpiphp: Slot [21] registered
[    2.552246] acpiphp: Slot [22] registered
[    2.552506] acpiphp: Slot [23] registered
[    2.552766] acpiphp: Slot [24] registered
[    2.553034] acpiphp: Slot [25] registered
[    2.553294] acpiphp: Slot [26] registered
[    2.553554] acpiphp: Slot [27] registered
[    2.553816] acpiphp: Slot [28] registered
[    2.554078] acpiphp: Slot [29] registered
[    2.554344] acpiphp: Slot [30] registered
[    2.554429] acpiphp: Slot [31] registered
[    2.554661] PCI host bridge to bus 0000:00
[    2.554886] pci_bus 0000:00: root bus resource [io  0x0000-0x0cf7 window]
[    2.555254] pci_bus 0000:00: root bus resource [io  0x0d00-0xffff window]
[    2.555622] pci_bus 0000:00: root bus resource [mem 0x000a0000-0x000bffff window]
[    2.556025] pci_bus 0000:00: root bus resource [mem 0x80000000-0xfebfffff window]
[    2.556429] pci_bus 0000:00: root bus resource [mem 0x100000000-0x17fffffff window]
[    2.556842] pci_bus 0000:00: root bus resource [bus 00-ff]
[    2.557211] pci 0000:00:00.0: [8086:1237] type 00 class 0x060000
[    2.559492] pci 0000:00:01.0: [8086:7000] type 00 class 0x060100
[    2.560306] pci 0000:00:01.1: [8086:7010] type 00 class 0x010180
[    2.561709] pci 0000:00:01.1: reg 0x20: [io  0xc040-0xc04f]
[    2.562393] pci 0000:00:01.1: legacy IDE quirk: reg 0x10: [io  0x01f0-0x01f7]
[    2.562780] pci 0000:00:01.1: legacy IDE quirk: reg 0x14: [io  0x03f6]
[    2.563134] pci 0000:00:01.1: legacy IDE quirk: reg 0x18: [io  0x0170-0x0177]
[    2.563518] pci 0000:00:01.1: legacy IDE quirk: reg 0x1c: [io  0x0376]
[    2.564058] pci 0000:00:01.3: [8086:7113] type 00 class 0x068000
[    2.564596] pci 0000:00:01.3: quirk: [io  0x0600-0x063f] claimed by PIIX4 ACPI
[    2.564989] pci 0000:00:01.3: quirk: [io  0x0700-0x070f] claimed by PIIX4 SMB
[    2.565560] pci 0000:00:02.0: [1234:1111] type 00 class 0x030000
[    2.566678] pci 0000:00:02.0: reg 0x10: [mem 0xfd000000-0xfdffffff pref]
[    2.568705] pci 0000:00:02.0: reg 0x18: [mem 0xfebf0000-0xfebf0fff]
[    2.571569] pci 0000:00:02.0: reg 0x30: [mem 0xfebe0000-0xfebeffff pref]
[    2.572150] pci 0000:00:02.0: Video device with shadowed ROM at [mem 0x000c0000-0x000dffff]
[    2.574616] pci 0000:00:03.0: [8086:100e] type 00 class 0x020000
[    2.575337] pci 0000:00:03.0: reg 0x10: [mem 0xfebc0000-0xfebdffff]
[    2.576024] pci 0000:00:03.0: reg 0x14: [io  0xc000-0xc03f]
[    2.578363] pci 0000:00:03.0: reg 0x30: [mem 0xfeb80000-0xfebbffff pref]
[    2.585552] ACPI: PCI: Interrupt link LNKA configured for IRQ 10
[    2.586142] ACPI: PCI: Interrupt link LNKB configured for IRQ 10
[    2.586617] ACPI: PCI: Interrupt link LNKC configured for IRQ 11
[    2.587182] ACPI: PCI: Interrupt link LNKD configured for IRQ 11
[    2.587656] ACPI: PCI: Interrupt link LNKS configured for IRQ 9
[    2.590528] iommu: Default domain type: Translated 
[    2.590677] iommu: DMA domain TLB invalidation policy: lazy mode 
[    2.591877] SCSI subsystem initialized
[    2.592107] ACPI: bus type USB registered
[    2.592107] usbcore: registered new interface driver usbfs
[    2.592107] usbcore: registered new interface driver hub
[    2.592107] usbcore: registered new device driver usb
[    2.592107] pps_core: LinuxPPS API ver. 1 registered
[    2.592107] pps_core: Software ver. 5.3.6 - Copyright 2005-2007 Rodolfo Giometti <giometti@linux.it>
[    2.592579] PTP clock support registered
[    2.594440] EDAC MC: Ver: 3.0.0
[    2.595236] NetLabel: Initializing
[    2.595435] NetLabel:  domain hash size = 128
[    2.595684] NetLabel:  protocols = UNLABELED CIPSOv4 CALIPSO
[    2.596042] NetLabel:  unlabeled traffic allowed by default
[    2.598521] PCI: Using ACPI for IRQ routing
[    2.598820] pci 0000:00:02.0: vgaarb: setting as boot VGA device
[    2.598820] pci 0000:00:02.0: vgaarb: bridge control possible
[    2.599064] pci 0000:00:02.0: vgaarb: VGA device added: decodes=io+mem,owns=io+mem,locks=none
[    2.599533] vgaarb: loaded
[    2.599692] hpet0: at MMIO 0xfed00000, IRQs 2, 8, 0
[    2.599692] hpet0: 3 comparators, 64-bit 100.000000 MHz counter
[    2.602382] clocksource: Switched to clocksource kvm-clock
[    2.603815] VFS: Disk quotas dquot_6.6.0
[    2.604077] VFS: Dquot-cache hash table entries: 512 (order 0, 4096 bytes)
[    2.604654] pnp: PnP ACPI init
[    2.606046] pnp: PnP ACPI: found 6 devices
[    2.614790] clocksource: acpi_pm: mask: 0xffffff max_cycles: 0xffffff, max_idle_ns: 2085701024 ns
[    2.615551] NET: Registered PF_INET protocol family
[    2.615976] IP idents hash table entries: 32768 (order: 6, 262144 bytes, linear)
[    2.617131] tcp_listen_portaddr_hash hash table entries: 1024 (order: 4, 73728 bytes, linear)
[    2.617640] Table-perturb hash table entries: 65536 (order: 6, 262144 bytes, linear)
[    2.618070] TCP established hash table entries: 16384 (order: 5, 131072 bytes, linear)
[    2.618699] TCP bind hash table entries: 16384 (order: 9, 2359296 bytes, linear)
[    2.620650] TCP: Hash tables configured (established 16384 bind 16384)
[    2.621123] UDP hash table entries: 1024 (order: 5, 163840 bytes, linear)
[    2.621593] UDP-Lite hash table entries: 1024 (order: 5, 163840 bytes, linear)
[    2.622173] NET: Registered PF_UNIX/PF_LOCAL protocol family
[    2.622828] RPC: Registered named UNIX socket transport module.
[    2.623171] RPC: Registered udp transport module.
[    2.623432] RPC: Registered tcp transport module.
[    2.623702] RPC: Registered tcp NFSv4.1 backchannel transport module.
[    2.624073] pci_bus 0000:00: resource 4 [io  0x0000-0x0cf7 window]
[    2.624419] pci_bus 0000:00: resource 5 [io  0x0d00-0xffff window]
[    2.624763] pci_bus 0000:00: resource 6 [mem 0x000a0000-0x000bffff window]
[    2.625144] pci_bus 0000:00: resource 7 [mem 0x80000000-0xfebfffff window]
[    2.625526] pci_bus 0000:00: resource 8 [mem 0x100000000-0x17fffffff window]
[    2.626076] pci 0000:00:01.0: PIIX3: Enabling Passive Release
[    2.626412] pci 0000:00:00.0: Limiting direct PCI/PCI transfers
[    2.626816] PCI: CLS 0 bytes, default 64
[    2.627089] ACPI: bus type thunderbolt registered
[    2.627568] clocksource: tsc: mask: 0xffffffffffffffff max_cycles: 0x3407c077a8d, max_idle_ns: 440795342283 ns
[    2.674541] Callback from call_rcu_tasks() invoked.
[    2.678293] Initialise system trusted keyrings
[    2.678632] Key type blacklist registered
[    2.679085] workingset: timestamp_bits=36 max_order=19 bucket_order=0
[    2.679480] zbud: loaded
[    2.680134] squashfs: version 4.0 (2009/01/31) Phillip Lougher
[    2.681026] NFS: Registering the id_resolver key type
[    2.681311] Key type id_resolver registered
[    2.681539] Key type id_legacy registered
[    2.681789] nfs4filelayout_init: NFSv4 File Layout Driver Registering...
[    2.682166] nfs4flexfilelayout_init: NFSv4 Flexfile Layout Driver Registering...
[    2.682662] fuse: init (API version 7.38)
[    2.682994] SGI XFS with ACLs, security attributes, realtime, quota, no debug enabled
[    2.683901] 9p: Installing v9fs 9p2000 file system support
[    2.689585] Key type asymmetric registered
[    2.689868] Asymmetric key parser 'x509' registered
[    2.690176] Block layer SCSI generic (bsg) driver version 0.4 loaded (major 243)
[    2.690890] io scheduler mq-deadline registered
[    2.691181] io scheduler bfq registered
[    2.691818] shpchp: Standard Hot Plug PCI Controller Driver version: 0.4
[    2.692470] IPMI message handler: version 39.2
[    2.692747] ipmi device interface
[    2.694118] input: Power Button as /devices/LNXSYSTM:00/LNXPWRBN:00/input/input0
[    2.694792] ACPI: button: Power Button [PWRF]
[    2.695736] ERST DBG: ERST support is disabled.
[    2.696451] Serial: 8250/16550 driver, 32 ports, IRQ sharing enabled
[    2.697196] 00:04: ttyS0 at I/O 0x3f8 (irq = 4, base_baud = 115200) is a 16550A
[    2.703034] Linux agpgart interface v0.103
[    2.703872] ACPI: bus type drm_connector registered
[    2.712536] brd: module loaded
[    2.717550] loop: module loaded
[    2.720824] scsi host0: ata_piix
[    2.721389] scsi host1: ata_piix
[    2.721680] ata1: PATA max MWDMA2 cmd 0x1f0 ctl 0x3f6 bmdma 0xc040 irq 14
[    2.722052] ata2: PATA max MWDMA2 cmd 0x170 ctl 0x376 bmdma 0xc048 irq 15
[    2.723108] tun: Universal TUN/TAP device driver, 1.6
[    2.723483] e100: Intel(R) PRO/100 Network Driver
[    2.723756] e100: Copyright(c) 1999-2006 Intel Corporation
[    2.724083] e1000: Intel(R) PRO/1000 Network Driver
[    2.724351] e1000: Copyright (c) 1999-2006 Intel Corporation.
[    2.828463] ACPI: \_SB_.LNKC: Enabled at IRQ 11
[    2.882567] ata1: found unknown device (class 0)
[    2.883234] ata1.00: ATA-7: QEMU HARDDISK, 2.5+, max UDMA/100
[    2.883573] ata1.00: 16777216 sectors, multi 16: LBA48 
[    2.884492] scsi 0:0:0:0: Direct-Access     ATA      QEMU HARDDISK    2.5+ PQ: 0 ANSI: 5
[    2.885569] ata2: found unknown device (class 0)
[    2.886151] ata2.00: ATAPI: QEMU DVD-ROM, 2.5+, max UDMA/100
[    2.886924] scsi 0:0:0:0: Attached scsi generic sg0 type 0
[    2.887701] sd 0:0:0:0: [sda] 16777216 512-byte logical blocks: (8.59 GB/8.00 GiB)
[    2.888151] sd 0:0:0:0: [sda] Write Protect is off
[    2.888450] sd 0:0:0:0: [sda] Write cache: enabled, read cache: enabled, doesn't support DPO or FUA
[    2.889174] sd 0:0:0:0: [sda] Preferred minimum I/O size 512 bytes
[    2.890331] scsi 1:0:0:0: CD-ROM            QEMU     QEMU DVD-ROM     2.5+ PQ: 0 ANSI: 5
[    2.903754] sd 0:0:0:0: [sda] Attached SCSI disk
[    2.910978] scsi 1:0:0:0: Attached scsi generic sg1 type 5
[    3.144572] e1000 0000:00:03.0 eth0: (PCI:33MHz:32-bit) 52:54:00:12:34:56
[    3.144972] e1000 0000:00:03.0 eth0: Intel(R) PRO/1000 Network Connection
[    3.145406] e1000e: Intel(R) PRO/1000 Network Driver
[    3.145675] e1000e: Copyright(c) 1999 - 2015 Intel Corporation.
[    3.146032] igb: Intel(R) Gigabit Ethernet Network Driver
[    3.146323] igb: Copyright (c) 2007-2014 Intel Corporation.
[    3.146692] PPP generic driver version 2.4.2
[    3.147336] VFIO - User Level meta-driver version: 0.3
[    3.148114] usbcore: registered new interface driver uas
[    3.148458] usbcore: registered new interface driver usb-storage
[    3.148881] i8042: PNP: PS/2 Controller [PNP0303:KBD,PNP0f13:MOU] at 0x60,0x64 irq 1,12
[    3.149984] serio: i8042 KBD port at 0x60,0x64 irq 1
[    3.150288] serio: i8042 AUX port at 0x60,0x64 irq 12
[    3.151100] mousedev: PS/2 mouse device common for all mice
[    3.151954] input: AT Translated Set 2 keyboard as /devices/platform/i8042/serio0/input/input1
[    3.153198] input: VirtualPS/2 VMware VMMouse as /devices/platform/i8042/serio1/input/input4
[    3.153942] rtc_cmos 00:05: RTC can wake from S4
[    3.154355] input: VirtualPS/2 VMware VMMouse as /devices/platform/i8042/serio1/input/input3
[    3.155595] rtc_cmos 00:05: registered as rtc0
[    3.155896] rtc_cmos 00:05: setting system clock to 2023-03-28T03:19:38 UTC (1679973578)
[    3.156478] rtc_cmos 00:05: alarms up to one day, y3k, 242 bytes nvram, hpet irqs
[    3.156914] i2c_dev: i2c /dev entries driver
[    3.157191] device-mapper: core: CONFIG_IMA_DISABLE_HTABLE is disabled. Duplicate IMA measurements will not be recorded in the IMA log.
[    3.157860] device-mapper: uevent: version 1.0.3
[    3.158288] device-mapper: ioctl: 4.47.0-ioctl (2022-07-28) initialised: dm-devel@redhat.com
[    3.158774] intel_pstate: CPU model not supported
[    3.159100] sdhci: Secure Digital Host Controller Interface driver
[    3.159440] sdhci: Copyright(c) Pierre Ossman
[    3.159736] sdhci-pltfm: SDHCI platform and OF driver helper
[    3.160112] ledtrig-cpu: registered to indicate activity on CPUs
[    3.160679] drop_monitor: Initializing network drop monitor service
[    3.161153] NET: Registered PF_INET6 protocol family
[    3.163501] Segment Routing with IPv6
[    3.163742] In-situ OAM (IOAM) with IPv6
[    3.163996] NET: Registered PF_PACKET protocol family
[    3.164447] 9pnet: Installing 9P2000 support
[    3.164738] Key type dns_resolver registered
[    3.165556] IPI shorthand broadcast: enabled
[    3.176054] sched_clock: Marking stable (3052003042, 122378156)->(3212743723, -38362525)
[    3.176993] registered taskstats version 1
[    3.177422] Loading compiled-in X.509 certificates
[    3.177796] zswap: loaded using pool lzo/zbud
[    3.188000] Key type .fscrypt registered
[    3.188238] Key type fscrypt-provisioning registered
[    3.189316] Key type encrypted registered
[    3.189588] ima: No TPM chip found, activating TPM-bypass!
[    3.189898] ima: Allocated hash algorithm: sha1
[    3.190182] ima: No architecture policies found
[    3.190498] evm: Initialising EVM extended attributes:
[    3.190780] evm: security.selinux
[    3.190966] evm: security.SMACK64
[    3.191151] evm: security.SMACK64EXEC
[    3.191356] evm: security.SMACK64TRANSMUTE
[    3.191586] evm: security.SMACK64MMAP
[    3.191790] evm: security.apparmor
[    3.191976] evm: security.ima
[    3.192141] evm: security.capability
[    3.192336] evm: HMAC attrs: 0x1
[    3.193366] PM:   Magic number: 15:671:311
[    3.193945] RAS: Correctable Errors collector initialized.
[    3.195184] md: Waiting for all devices to be available before autodetect
[    3.195443] md: If you don't use raid, use raid=noautodetect
[    3.195665] md: Autodetecting RAID arrays.
[    3.195830] md: autorun ...
[    3.195941] md: ... autorun DONE.
[    3.207087] EXT4-fs (sda): INFO: recovery required on readonly filesystem
[    3.207363] EXT4-fs (sda): write access will be enabled during recovery
[    3.282333] EXT4-fs (sda): recovery complete
[    3.288355] EXT4-fs (sda): mounted filesystem 23a53bb9-f815-47a5-b74c-5e08f7731193 with ordered data mode. Quota mode: none.
[    3.288825] VFS: Mounted root (ext4 filesystem) readonly on device 8:0.
[    3.289613] devtmpfs: mounted
[    3.295857] Freeing unused decrypted memory: 2036K
[    3.299462] Freeing unused kernel image (initmem) memory: 10400K
[    3.299773] Write protecting the kernel read-only data: 45056k
[    3.300982] Freeing unused kernel image (rodata/data gap) memory: 436K
[    3.374327] x86/mm: Checked W+X mappings: passed, no W+X pages found.
[    3.374621] Run /sbin/init as init process
[    3.435034] systemd[1]: RTC configured in localtime, applying delta of 0 minutes to system time.
[    3.454391] systemd[1]: systemd 239 (239-49.el8) running in system mode. (+PAM +AUDIT +SELINUX +IMA -APPARMOR +SMACK +SYSVINIT +UTMP +LIBCRYPTSETUP +GCRYPT +GNUTLS +ACL +XZ +LZ4 +SECCOMP +BLKID +ELFUTILS +KMOD +IDN2 -IDN +PCRE2 default-hierarchy=legacy)
[    3.455366] systemd[1]: Detected virtualization kvm.
[    3.455574] systemd[1]: Detected architecture x86-64.

Welcome to [0;31mCentOS Stream 8[0m!

[    3.504624] systemd[1]: Set hostname to <test>.
[    3.701842] systemd[1]: Set up automount Arbitrary Executable File Formats File System Automount Point.
[[0;32m  OK  [0m] Set up automount Arbitrary Executabâ€¦rmats File System Automount Point.
[    3.704609] systemd[1]: Created slice system-sshd\x2dkeygen.slice.
[[0;32m  OK  [0m] Created slice system-sshd\x2dkeygen.slice.
[    3.705393] systemd[1]: Listening on LVM2 poll daemon socket.
[[0;32m  OK  [0m] Listening on LVM2 poll daemon socket.
[    3.706039] systemd[1]: Listening on udev Kernel Socket.
[[0;32m  OK  [0m] Listening on udev Kernel Socket.
[    3.706674] systemd[1]: Listening on multipathd control socket.
[[0;32m  OK  [0m] Listening on multipathd control socket.
[    3.707803] systemd[1]: Created slice User and Session Slice.
[[0;32m  OK  [0m] Created slice User and Session Slice.
[[0;32m  OK  [0m] Listening on Journal Socket.
         Mounting POSIX Message Queue File System...
         Starting Load Kernel Modules...
[[0;32m  OK  [0m] Listening on Journal Socket (/dev/log).
[[0;32m  OK  [0m] Listening on RPCbind Server Activation Socket.
[[0;32m  OK  [0m] Reached target RPC Port Mapper.
[[0;32m  OK  [0m] Created slice system-serial\x2dgetty.slice.
         Starting Remount Root and Kernel File Systems...
[[0;32m  OK  [0m] Created slice system-getty.slice.
[[0;32m  OK  [0m] Listening on udev Control Socket.
         Starting udev Coldplug all Devices...
[[0;32m  OK  [0m] Listening on Device-mapper event daemon FIFOs.
         Starting Monitoring of LVM2 mirrorsâ€¦ng dmeventd or progress polling...
         Starting Setup Virtual Console...
[[0;32m  OK  [0m] Reached target Slices.
[[0;32m  OK  [0m] Reached target Swap.
[[0;32m  OK  [0m] Listening on initctl Compatibility Named Pipe.
         Mounting Kernel Debug File System...
[[0;32m  OK  [0m] Listening on Process Core Dump Socket.
         Starting Journal Service...
         Mounting Huge Pages File System...
[[0;32m  OK  [0m] Started Forward Password Requests to Wall Directory Watch.
[[0;32m  OK  [0m] Mounted POSIX Message Queue File System.
[[0;1;31mFAILED[0m] Failed to start Load Kernel Modules.
See 'systemctl status systemd-modules-load.service' for details.
[[0;32m  OK  [[    3.934952] EXT4-fs (sda): re-mounted 23a53bb9-f815-47a5-b74c-5e08f7731193. Quota mode: none.
0m] Mounted Kernel Debug File System.
[[0;32m  OK  [0m] Started Remount Root and Kernel File Systems.
[[0;32m  OK  [0m] Mounted Huge Pages File System.
         Starting Create Static Device Nodes in /dev...
         Starting Load/Save Random Seed...
         Mounting FUSE Control File System...
         Mounting Kernel Configuration File System...
         Starting Apply Kernel Variables...
[[0;32m  OK  [0m] Started Journal Service.
[[0;32m  OK  [0m] Started Setup Virtual Console.
[[0;32m  OK  [0m] Started udev Coldplug all Devices.
[[0;32m  OK  [0m] Started Create Static Device Nodes in /dev.
[[0;32m  OK  [0m] Started Load/Save Random Seed.
[[0;32m  OK  [0m] Mounted FUSE Control File System.
[[0;32m  OK  [0m] Mounted Kernel Configuration File System.
         Starting udev Kernel Device Manager...
         Starting udev Wait for Complete Device Initialization...
         Starting Flush Journal to Persistent Storage...
[[0;32m  OK  [0m] Started Apply Kernel Variables.
[[0;32m  OK  [0m] Started Flush Journal to Persistent Storage.
[[0;32m  OK  [0m] Started udev Kernel Device Manager.
         Starting Show Plymouth Boot Screen...
[[0;32m  OK  [0m] Started Show Plymouth Boot Screen.
[[0;32m  OK  [0m] Reached target Paths.
[[0;32m  OK  [0m] Reached target Local Encrypted Volumes.
[[0;32m  OK  [0m] Started Forward Password Requests to Plymouth Directory Watch.
[[0;32m  OK  [0m] Found device /dev/ttyS0.
[[0;32m  OK  [0m] Started Monitoring of LVM2 mirrors,â€¦sing dmeventd or progress polling.
[[0;32m  OK  [0m] Listening on Load/Save RF Kill Switch Status /dev/rfkill Watch.
[[0;32m  OK  [0m] Started udev Wait for Complete Device Initialization.
[[0;32m  OK  [0m] Reached target Local File Systems (Pre).
[[0;32m  OK  [0m] Reached target Local File Systems.
         Starting Restore /run/initramfs on shutdown...
         Starting Tell Plymouth To Write Out Runtime Data...
         Starting Create Volatile Files and Directories...
[[0;32m  OK  [0m] Started Restore /run/initramfs on shutdown.
[[0;32m  OK  [0m] Started Tell Plymouth To Write Out Runtime Data.
[[0;32m  OK  [0m] Started Create Volatile Files and Directories.
         Starting Security Auditing Service...
         Starting RPC Bind...
         Mounting RPC Pipe File System...
[[0;32m  OK  [0m] Mounted RPC Pipe File System.
[[0;32m  OK  [0m] Reached target rpc_pipefs.target.
[[0;32m  OK  [0m] Started RPC Bind.
[[0;32m  OK  [0m] Started Security Auditing Service.
         Starting Update UTMP about System Boot/Shutdown...
[[0;32m  OK  [0m] Started Update UTMP about System Boot/Shutdown.
[[0;32m  OK  [0m] Reached target System Initialization.
[[0;32m  OK  [0m] Started Daily Cleanup of Temporary Directories.
[[0;32m  OK  [0m] Listening on SSSD Kerberos Cache Manager responder socket.
[[0;32m  OK  [0m] Listening on D-Bus System Message Bus Socket.
[[0;32m  OK  [0m] Reached target Sockets.
[[0;32m  OK  [0m] Reached target Basic System.
         Starting NTP client/server...
[[0;32m  OK  [0m] Started Machine Check Exception Logging Daemon.
         Starting Auto-connect to subsystemsâ€¦-NVME devices found during boot...
[[0;32m  OK  [0m] Started dnf makecache --timer.
         Starting Login Service...
[[0;32m  OK  [0m] Started irqbalance daemon.
         Starting Self Monitoring and Reporting Technology (SMART) Daemon...
         Starting Authorization Manager...
[[0;32m  OK  [0m] Started daily update of the root trust anchor for DNSSEC.
[[0;32m  OK  [0m] Reached target Timers.
[[0;32m  OK  [0m] Reached target sshd-keygen.target.
[[0;32m  OK  [0m] Started D-Bus System Message Bus.
         Starting Network Manager...
[[0;32m  OK  [0m] Started Auto-connect to subsystems â€¦FC-NVME devices found during boot.
         Starting update of the root trust aâ€¦or DNSSEC validation in unbound...
[[0;32m  OK  [0m] Started Login Service.
[[0;32m  OK  [0m] Started Self Monitoring and Reporting Technology (SMART) Daemon.
[[0;32m  OK  [0m] Started NTP client/server.
[[0;32m  OK  [0m] Started Network Manager.
[[0;32m  OK  [0m] Reached target Network.
         Starting OpenSSH server daemon...
         Starting GSSAPI Proxy Daemon...
         Starting Dynamic System Tuning Daemon...
         Starting Network Manager Wait Online...
[[0;32m  OK  [0m] Started update of the root trust anâ€¦ for DNSSEC validation in unbound.
[[0;32m  OK  [0m] Started OpenSSH server daemon.
[[0;32m  OK  [0m] Started Authorization Manager.
         Starting Hostname Service...
[[0;32m  OK  [0m] Started GSSAPI Proxy Daemon.
[[0;32m  OK  [0m] Reached target NFS client services.
[[0;32m  OK  [0m] Reached target Remote File Systems (Pre).
[[0;32m  OK  [0m] Reached target Remote File Systems.
         Starting Permit User Sessions...
[[0;32m  OK  [0m] Started Permit User Sessions.
[[0;32m  OK  [0m] Started Command Scheduler.
         Starting Terminate Plymouth Boot Screen...
         Starting Hold until boot process finishes up...
[[0;32m  OK  [0m] Started Terminate Plymouth Boot Screen.
[    5.334521] e1000: eth0 NIC Link is Up 1000 Mbps Full Duplex, Flow Control: RX
[    5.335222] IPv6: ADDRCONF(NETDEV_CHANGE): eth0: link becomes ready
[    5.460961] Spectre V2 : WARNING: Unprivileged eBPF is enabled with eIBRS on, data leaks possible via Spectre v2 BHB attacks!
[    5.461453] Spectre V2 : WARNING: Unprivileged eBPF is enabled with eIBRS on, data leaks possible via Spectre v2 BHB attacks!

CentOS Stream 8
Kernel 6.3.0-rc4-197b6b60ae7b+ on an x86_64

test login: [   24.759272] memfd_create() without MFD_EXEC nor MFD_NOEXEC_SEAL, pid=336 'systemd'
[   28.054791] ------------[ cut here ]------------
[   28.055013] WARNING: CPU: 0 PID: 548 at drivers/iommu/iommufd/pages.c:793 pfn_reader_user_pin+0x2e6/0x390
[   28.055391] Modules linked in:
[   28.055518] CPU: 0 PID: 548 Comm: repro Not tainted 6.3.0-rc4-197b6b60ae7b+ #1
[   28.055809] Hardware name: QEMU Standard PC (i440FX + PIIX, 1996), BIOS rel-1.16.0-0-gd239552ce722-prebuilt.qemu.org 04/01/2014
[   28.056234] RIP: 0010:pfn_reader_user_pin+0x2e6/0x390
[   28.056437] Code: b1 11 e9 25 fe ff ff e8 58 9d 13 ff 31 ff 48 89 de e8 5e 9f 13 ff 48 85 db 74 0a e8 44 9d 13 ff e9 4d ff ff ff e8 3a 9d 13 ff <0f> 0b bb f2 ff ff ff e9 3c ff ff ff e8 29 9d 13 ff ba 01 00 00 00
[   28.057123] RSP: 0018:ffffc90000f33a30 EFLAGS: 00010246
[   28.057326] RAX: 0000000000000000 RBX: 0000000000000000 RCX: ffffffff8219c632
[   28.057596] RDX: 0000000000000000 RSI: ffff888015dfc680 RDI: 0000000000000002
[   28.057866] RBP: ffffc90000f33a78 R08: 00000000000000ff R09: 000000008beb2b33
[   28.058135] R10: ffffc90000f33790 R11: ffff888015dfd418 R12: ffffc90000f33c60
[   28.058432] R13: 0000000000000002 R14: ffff88800b233c00 R15: 0000000000000000
[   28.058703] FS:  00007f161cd34740(0000) GS:ffff88807dc00000(0000) knlGS:0000000000000000
[   28.059007] CS:  0010 DS: 0000 ES: 0000 CR0: 0000000080050033
[   28.059229] CR2: 0000000020000043 CR3: 000000000da0a002 CR4: 0000000000770ef0
[   28.059530] PKRU: 55555554
[   28.059721] Call Trace:
[   28.059817]  <TASK>
[   28.059911]  pfn_reader_next+0x14a/0x7b0
[   28.060096]  ? interval_tree_double_span_iter_update+0x11a/0x140
[   28.060386]  pfn_reader_first+0x140/0x1b0
[   28.060571]  iopt_pages_rw_slow+0x71/0x280
[   28.060785]  ? __this_cpu_preempt_check+0x20/0x30
[   28.061010]  iopt_pages_rw_access+0x2b2/0x5b0
[   28.061241]  iommufd_access_rw+0x19f/0x2f0
[   28.061411]  iommufd_test+0xd11/0x16f0
[   28.061564]  ? write_comp_data+0x2f/0x90
[   28.061736]  iommufd_fops_ioctl+0x206/0x330
[   28.061913]  __x64_sys_ioctl+0x10e/0x160
[   28.062078]  ? __pfx_iommufd_fops_ioctl+0x10/0x10
[   28.062270]  do_syscall_64+0x3b/0x90
[   28.062437]  entry_SYSCALL_64_after_hwframe+0x72/0xdc
[   28.062643] RIP: 0033:0x7f161ce5959d
[   28.062789] Code: 00 c3 66 2e 0f 1f 84 00 00 00 00 00 90 f3 0f 1e fa 48 89 f8 48 89 f7 48 89 d6 48 89 ca 4d 89 c2 4d 89 c8 4c 8b 4c 24 08 0f 05 <48> 3d 01 f0 ff ff 73 01 c3 48 8b 0d d3 08 0d 00 f7 d8 64 89 01 48
[   28.063476] RSP: 002b:00007fffa5897df8 EFLAGS: 00000202 ORIG_RAX: 0000000000000010
[   28.063780] RAX: ffffffffffffffda RBX: 0000000000000000 RCX: 00007f161ce5959d
[   28.064051] RDX: 00000000200001c0 RSI: 0000000000003ba0 RDI: 0000000000000006
[   28.064321] RBP: 00007fffa5897e10 R08: 00007fffa5897ef0 R09: 00007fffa5897ef0
[   28.064592] R10: 00007fffa5897ef0 R11: 0000000000000202 R12: 0000000000401060
[   28.064863] R13: 00007fffa5897ef0 R14: 0000000000000000 R15: 0000000000000000
[   28.065141]  </TASK>
[   28.065233] irq event stamp: 4889
[   28.065364] hardirqs last  enabled at (4897): [<ffffffff811e3681>] __up_console_sem+0x91/0xb0
[   28.065694] hardirqs last disabled at (4904): [<ffffffff811e3666>] __up_console_sem+0x76/0xb0
[   28.066021] softirqs last  enabled at (4800): [<ffffffff82fb71a9>] __do_softirq+0x2d9/0x3c3
[   28.066345] softirqs last disabled at (4795): [<ffffffff811266f4>] irq_exit_rcu+0xc4/0x100
[   28.066672] ---[ end trace 0000000000000000 ]---
[   28.069208] ------------[ cut here ]------------
[   28.069399] WARNING: CPU: 0 PID: 549 at drivers/iommu/iommufd/pages.c:793 pfn_reader_user_pin+0x2e6/0x390
[   28.069770] Modules linked in:
[   28.069896] CPU: 0 PID: 549 Comm: repro Tainted: G        W          6.3.0-rc4-197b6b60ae7b+ #1
[   28.070227] Hardware name: QEMU Standard PC (i440FX + PIIX, 1996), BIOS rel-1.16.0-0-gd239552ce722-prebuilt.qemu.org 04/01/2014
[   28.070672] RIP: 0010:pfn_reader_user_pin+0x2e6/0x390
[   28.070878] Code: b1 11 e9 25 fe ff ff e8 58 9d 13 ff 31 ff 48 89 de e8 5e 9f 13 ff 48 85 db 74 0a e8 44 9d 13 ff e9 4d ff ff ff e8 3a 9d 13 ff <0f> 0b bb f2 ff ff ff e9 3c ff ff ff e8 29 9d 13 ff ba 01 00 00 00
[   28.071580] RSP: 0018:ffffc90000ff3a30 EFLAGS: 00010246
[   28.071806] RAX: 0000000000000000 RBX: 0000000000000000 RCX: ffffffff8219c632
[   28.072077] RDX: 0000000000000000 RSI: ffff888015db4680 RDI: 0000000000000002
[   28.072347] RBP: ffffc90000ff3a78 R08: 000000000000019e R09: 0000000000000001
[   28.072618] R10: ffff888015db5418 R11: 0000000000000000 R12: ffffc90000ff3c60
[   28.072889] R13: 0000000000000002 R14: ffff88800b233c00 R15: 0000000000000000
[   28.073159] FS:  00007f4abbd83740(0000) GS:ffff88807dc00000(0000) knlGS:0000000000000000
[   28.073465] CS:  0010 DS: 0000 ES: 0000 CR0: 0000000080050033
[   28.073687] CR2: 0000000020000043 CR3: 000000000da0a005 CR4: 0000000000770ef0
[   28.073959] PKRU: 55555554
[   28.074069] Call Trace:
[   28.074168]  <TASK>
[   28.074259]  pfn_reader_next+0x14a/0x7b0
[   28.074524]  ? interval_tree_double_span_iter_update+0x11a/0x140
[   28.074769]  pfn_reader_first+0x140/0x1b0
[   28.074936]  iopt_pages_rw_slow+0x71/0x280
[   28.075121]  iopt_pages_rw_access+0x2b2/0x5b0
[   28.075306]  iommufd_access_rw+0x19f/0x2f0
[   28.075475]  iommufd_test+0xd11/0x16f0
[   28.075642]  ? write_comp_data+0x2f/0x90
[   28.075810]  iommufd_fops_ioctl+0x206/0x330
[   28.075987]  __x64_sys_ioctl+0x10e/0x160
[   28.076152]  ? __pfx_iommufd_fops_ioctl+0x10/0x10
[   28.076343]  do_syscall_64+0x3b/0x90
[   28.076495]  entry_SYSCALL_64_after_hwframe+0x72/0xdc
[   28.076700] RIP: 0033:0x7f4abbea859d
[   28.076844] Code: 00 c3 66 2e 0f 1f 84 00 00 00 00 00 90 f3 0f 1e fa 48 89 f8 48 89 f7 48 89 d6 48 89 ca 4d 89 c2 4d 89 c8 4c 8b 4c 24 08 0f 05 <48> 3d 01 f0 ff ff 73 01 c3 48 8b 0d d3 08 0d 00 f7 d8 64 89 01 48
[   28.077531] RSP: 002b:00007ffc3f881048 EFLAGS: 00000202 ORIG_RAX: 0000000000000010
[   28.077819] RAX: ffffffffffffffda RBX: 0000000000000000 RCX: 00007f4abbea859d
[   28.078090] RDX: 00000000200001c0 RSI: 0000000000003ba0 RDI: 0000000000000006
[   28.078360] RBP: 00007ffc3f881060 R08: 00007ffc3f881140 R09: 00007ffc3f881140
[   28.078638] R10: 00007ffc3f881140 R11: 0000000000000202 R12: 0000000000401060
[   28.078911] R13: 00007ffc3f881140 R14: 0000000000000000 R15: 0000000000000000
[   28.079189]  </TASK>
[   28.079280] irq event stamp: 4955
[   28.079412] hardirqs last  enabled at (4963): [<ffffffff811e3681>] __up_console_sem+0x91/0xb0
[   28.079751] hardirqs last disabled at (4970): [<ffffffff811e3666>] __up_console_sem+0x76/0xb0
[   28.080079] softirqs last  enabled at (4776): [<ffffffff82fb71a9>] __do_softirq+0x2d9/0x3c3
[   28.080403] softirqs last disabled at (4249): [<ffffffff811266f4>] irq_exit_rcu+0xc4/0x100
[   28.080719] ---[ end trace 0000000000000000 ]---
[   28.083174] ------------[ cut here ]------------
[   28.083365] WARNING: CPU: 0 PID: 550 at drivers/iommu/iommufd/pages.c:793 pfn_reader_user_pin+0x2e6/0x390
[   28.083765] Modules linked in:
[   28.083887] CPU: 0 PID: 550 Comm: repro Tainted: G        W          6.3.0-rc4-197b6b60ae7b+ #1
[   28.084212] Hardware name: QEMU Standard PC (i440FX + PIIX, 1996), BIOS rel-1.16.0-0-gd239552ce722-prebuilt.qemu.org 04/01/2014
[   28.084628] RIP: 0010:pfn_reader_user_pin+0x2e6/0x390
[   28.084828] Code: b1 11 e9 25 fe ff ff e8 58 9d 13 ff 31 ff 48 89 de e8 5e 9f 13 ff 48 85 db 74 0a e8 44 9d 13 ff e9 4d ff ff ff e8 3a 9d 13 ff <0f> 0b bb f2 ff ff ff e9 3c ff ff ff e8 29 9d 13 ff ba 01 00 00 00
[   28.085508] RSP: 0018:ffffc90001003a30 EFLAGS: 00010246
[   28.085708] RAX: 0000000000000000 RBX: 0000000000000000 RCX: ffffffff8219c632
[   28.085974] RDX: 0000000000000000 RSI: ffff888015dfa340 RDI: 0000000000000002
[   28.086240] RBP: ffffc90001003a78 R08: 000000000000019e R09: 0000000000000001
[   28.086562] R10: ffff888015dfb0d8 R11: 0000000000000000 R12: ffffc90001003c60
[   28.086834] R13: 0000000000000002 R14: ffff88800b233c00 R15: 0000000000000000
[   28.087106] FS:  00007fd200747740(0000) GS:ffff88807dc00000(0000) knlGS:0000000000000000
[   28.087412] CS:  0010 DS: 0000 ES: 0000 CR0: 0000000080050033
[   28.087653] CR2: 0000000020000043 CR3: 000000000da0a001 CR4: 0000000000770ef0
[   28.087923] PKRU: 55555554
[   28.088030] Call Trace:
[   28.088127]  <TASK>
[   28.088218]  pfn_reader_next+0x14a/0x7b0
[   28.088378]  ? interval_tree_double_span_iter_update+0x11a/0x140
[   28.088616]  pfn_reader_first+0x140/0x1b0
[   28.088781]  iopt_pages_rw_slow+0x71/0x280
[   28.088962]  iopt_pages_rw_access+0x2b2/0x5b0
[   28.089144]  iommufd_access_rw+0x19f/0x2f0
[   28.089310]  iommufd_test+0xd11/0x16f0
[   28.089460]  ? write_comp_data+0x2f/0x90
[   28.089626]  iommufd_fops_ioctl+0x206/0x330
[   28.089800]  __x64_sys_ioctl+0x10e/0x160
[   28.089963]  ? __pfx_iommufd_fops_ioctl+0x10/0x10
[   28.090154]  do_syscall_64+0x3b/0x90
[   28.090304]  entry_SYSCALL_64_after_hwframe+0x72/0xdc
[   28.090516] RIP: 0033:0x7fd20086c59d
[   28.090664] Code: 00 c3 66 2e 0f 1f 84 00 00 00 00 00 90 f3 0f 1e fa 48 89 f8 48 89 f7 48 89 d6 48 89 ca 4d 89 c2 4d 89 c8 4c 8b 4c 24 08 0f 05 <48> 3d 01 f0 ff ff 73 01 c3 48 8b 0d d3 08 0d 00 f7 d8 64 89 01 48
[   28.091353] RSP: 002b:00007ffe271d61b8 EFLAGS: 00000202 ORIG_RAX: 0000000000000010
[   28.091655] RAX: ffffffffffffffda RBX: 0000000000000000 RCX: 00007fd20086c59d
[   28.091925] RDX: 00000000200001c0 RSI: 0000000000003ba0 RDI: 0000000000000006
[   28.092190] RBP: 00007ffe271d61d0 R08: 00007ffe271d62b0 R09: 00007ffe271d62b0
[   28.092456] R10: 00007ffe271d62b0 R11: 0000000000000202 R12: 0000000000401060
[   28.092722] R13: 00007ffe271d62b0 R14: 0000000000000000 R15: 0000000000000000
[   28.092994]  </TASK>
[   28.093084] irq event stamp: 4627
[   28.093213] hardirqs last  enabled at (4635): [<ffffffff811e3681>] __up_console_sem+0x91/0xb0
[   28.093535] hardirqs last disabled at (4642): [<ffffffff811e3666>] __up_console_sem+0x76/0xb0
[   28.093857] softirqs last  enabled at (4376): [<ffffffff82fb71a9>] __do_softirq+0x2d9/0x3c3
[   28.094174] softirqs last disabled at (4203): [<ffffffff811266f4>] irq_exit_rcu+0xc4/0x100
[   28.094496] ---[ end trace 0000000000000000 ]---
[   28.096885] ------------[ cut here ]------------
[   28.097076] WARNING: CPU: 0 PID: 551 at drivers/iommu/iommufd/pages.c:793 pfn_reader_user_pin+0x2e6/0x390
[   28.097446] Modules linked in:
[   28.097571] CPU: 0 PID: 551 Comm: repro Tainted: G        W          6.3.0-rc4-197b6b60ae7b+ #1
[   28.097902] Hardware name: QEMU Standard PC (i440FX + PIIX, 1996), BIOS rel-1.16.0-0-gd239552ce722-prebuilt.qemu.org 04/01/2014
[   28.098329] RIP: 0010:pfn_reader_user_pin+0x2e6/0x390
[   28.098553] Code: b1 11 e9 25 fe ff ff e8 58 9d 13 ff 31 ff 48 89 de e8 5e 9f 13 ff 48 85 db 74 0a e8 44 9d 13 ff e9 4d ff ff ff e8 3a 9d 13 ff <0f> 0b bb f2 ff ff ff e9 3c ff ff ff e8 29 9d 13 ff ba 01 00 00 00
[   28.099252] RSP: 0018:ffffc9000100ba30 EFLAGS: 00010246
[   28.099452] RAX: 0000000000000000 RBX: 0000000000000000 RCX: ffffffff8219c632
[   28.099731] RDX: 0000000000000000 RSI: ffff888015dfc680 RDI: 0000000000000002
[   28.100004] RBP: ffffc9000100ba78 R08: 000000000000019e R09: 0000000000000001
[   28.100275] R10: ffff888015dfd418 R11: 0000000000000000 R12: ffffc9000100bc60
[   28.100547] R13: 0000000000000002 R14: ffff88800b233c00 R15: 0000000000000000
[   28.100822] FS:  00007f8ff7308740(0000) GS:ffff88807dc00000(0000) knlGS:0000000000000000
[   28.101123] CS:  0010 DS: 0000 ES: 0000 CR0: 0000000080050033
[   28.101341] CR2: 0000000020000043 CR3: 000000000da0a004 CR4: 0000000000770ef0
[   28.101609] PKRU: 55555554
[   28.101716] Call Trace:
[   28.101813]  <TASK>
[   28.101904]  pfn_reader_next+0x14a/0x7b0
[   28.102064]  ? interval_tree_double_span_iter_update+0x11a/0x140
[   28.102304]  pfn_reader_first+0x140/0x1b0
[   28.102521]  iopt_pages_rw_slow+0x71/0x280
[   28.102706]  iopt_pages_rw_access+0x2b2/0x5b0
[   28.102893]  iommufd_access_rw+0x19f/0x2f0
[   28.103063]  iommufd_test+0xd11/0x16f0
[   28.103216]  ? write_comp_data+0x2f/0x90
[   28.103385]  iommufd_fops_ioctl+0x206/0x330
[   28.103564]  __x64_sys_ioctl+0x10e/0x160
[   28.103734]  ? __pfx_iommufd_fops_ioctl+0x10/0x10
[   28.103924]  do_syscall_64+0x3b/0x90
[   28.104072]  entry_SYSCALL_64_after_hwframe+0x72/0xdc
[   28.104272] RIP: 0033:0x7f8ff742d59d
[   28.104414] Code: 00 c3 66 2e 0f 1f 84 00 00 00 00 00 90 f3 0f 1e fa 48 89 f8 48 89 f7 48 89 d6 48 89 ca 4d 89 c2 4d 89 c8 4c 8b 4c 24 08 0f 05 <48> 3d 01 f0 ff ff 73 01 c3 48 8b 0d d3 08 0d 00 f7 d8 64 89 01 48
[   28.105088] RSP: 002b:00007ffc18f78c48 EFLAGS: 00000202 ORIG_RAX: 0000000000000010
[   28.105372] RAX: ffffffffffffffda RBX: 0000000000000000 RCX: 00007f8ff742d59d
[   28.105639] RDX: 00000000200001c0 RSI: 0000000000003ba0 RDI: 0000000000000006
[   28.105905] RBP: 00007ffc18f78c60 R08: 00007ffc18f78d40 R09: 00007ffc18f78d40
[   28.106172] R10: 00007ffc18f78d40 R11: 0000000000000202 R12: 0000000000401060
[   28.106449] R13: 00007ffc18f78d40 R14: 0000000000000000 R15: 0000000000000000
[   28.106728]  </TASK>
[   28.106819] irq event stamp: 4593
[   28.106950] hardirqs last  enabled at (4601): [<ffffffff811e3681>] __up_console_sem+0x91/0xb0
[   28.107279] hardirqs last disabled at (4608): [<ffffffff811e3666>] __up_console_sem+0x76/0xb0
[   28.107628] softirqs last  enabled at (4430): [<ffffffff82fb71a9>] __do_softirq+0x2d9/0x3c3
[   28.107949] softirqs last disabled at (4257): [<ffffffff811266f4>] irq_exit_rcu+0xc4/0x100
[   28.108259] ---[ end trace 0000000000000000 ]---
[   28.110758] ------------[ cut here ]------------
[   28.110947] WARNING: CPU: 0 PID: 552 at drivers/iommu/iommufd/pages.c:793 pfn_reader_user_pin+0x2e6/0x390
[   28.111309] Modules linked in:
[   28.111431] CPU: 0 PID: 552 Comm: repro Tainted: G        W          6.3.0-rc4-197b6b60ae7b+ #1
[   28.111780] Hardware name: QEMU Standard PC (i440FX + PIIX, 1996), BIOS rel-1.16.0-0-gd239552ce722-prebuilt.qemu.org 04/01/2014
[   28.112199] RIP: 0010:pfn_reader_user_pin+0x2e6/0x390
[   28.112399] Code: b1 11 e9 25 fe ff ff e8 58 9d 13 ff 31 ff 48 89 de e8 5e 9f 13 ff 48 85 db 74 0a e8 44 9d 13 ff e9 4d ff ff ff e8 3a 9d 13 ff <0f> 0b bb f2 ff ff ff e9 3c ff ff ff e8 29 9d 13 ff ba 01 00 00 00
[   28.113075] RSP: 0018:ffffc90001013a30 EFLAGS: 00010246
[   28.113275] RAX: 0000000000000000 RBX: 0000000000000000 RCX: ffffffff8219c632
[   28.113541] RDX: 0000000000000000 RSI: ffff888015db4680 RDI: 0000000000000002
[   28.113807] RBP: ffffc90001013a78 R08: 000000000000019e R09: 0000000000000001
[   28.114073] R10: ffff888015db5418 R11: 0000000000000000 R12: ffffc90001013c60
[   28.114340] R13: 0000000000000002 R14: ffff88800b233c00 R15: 0000000000000000
[   28.114679] FS:  00007ff4c3251740(0000) GS:ffff88807dc00000(0000) knlGS:0000000000000000
[   28.114987] CS:  0010 DS: 0000 ES: 0000 CR0: 0000000080050033
[   28.115210] CR2: 0000000020000043 CR3: 000000000da0a001 CR4: 0000000000770ef0
[   28.115484] PKRU: 55555554
[   28.115615] Call Trace:
[   28.115718]  <TASK>
[   28.115808]  pfn_reader_next+0x14a/0x7b0
[   28.115969]  ? interval_tree_double_span_iter_update+0x11a/0x140
[   28.116209]  pfn_reader_first+0x140/0x1b0
[   28.116374]  iopt_pages_rw_slow+0x71/0x280
[   28.116555]  iopt_pages_rw_access+0x2b2/0x5b0
[   28.116738]  iommufd_access_rw+0x19f/0x2f0
[   28.116904]  iommufd_test+0xd11/0x16f0
[   28.117055]  ? write_comp_data+0x2f/0x90
[   28.117221]  iommufd_fops_ioctl+0x206/0x330
[   28.117394]  __x64_sys_ioctl+0x10e/0x160
[   28.117555]  ? __pfx_iommufd_fops_ioctl+0x10/0x10
[   28.117744]  do_syscall_64+0x3b/0x90
[   28.117894]  entry_SYSCALL_64_after_hwframe+0x72/0xdc
[   28.118096] RIP: 0033:0x7ff4c337659d
[   28.118238] Code: 00 c3 66 2e 0f 1f 84 00 00 00 00 00 90 f3 0f 1e fa 48 89 f8 48 89 f7 48 89 d6 48 89 ca 4d 89 c2 4d 89 c8 4c 8b 4c 24 08 0f 05 <48> 3d 01 f0 ff ff 73 01 c3 48 8b 0d d3 08 0d 00 f7 d8 64 89 01 48
[   28.118941] RSP: 002b:00007fff8558b518 EFLAGS: 00000202 ORIG_RAX: 0000000000000010
[   28.119235] RAX: ffffffffffffffda RBX: 0000000000000000 RCX: 00007ff4c337659d
[   28.119506] RDX: 00000000200001c0 RSI: 0000000000003ba0 RDI: 0000000000000006
[   28.119784] RBP: 00007fff8558b530 R08: 00007fff8558b610 R09: 00007fff8558b610
[   28.120056] R10: 00007fff8558b610 R11: 0000000000000202 R12: 0000000000401060
[   28.120328] R13: 00007fff8558b610 R14: 0000000000000000 R15: 0000000000000000
[   28.120607]  </TASK>
[   28.120698] irq event stamp: 4633
[   28.120830] hardirqs last  enabled at (4641): [<ffffffff811e3681>] __up_console_sem+0x91/0xb0
[   28.121160] hardirqs last disabled at (4648): [<ffffffff811e3666>] __up_console_sem+0x76/0xb0
[   28.121489] softirqs last  enabled at (4398): [<ffffffff82fb71a9>] __do_softirq+0x2d9/0x3c3
[   28.121813] softirqs last disabled at (4217): [<ffffffff811266f4>] irq_exit_rcu+0xc4/0x100
[   28.122131] ---[ end trace 0000000000000000 ]---
[   28.124520] ------------[ cut here ]------------
[   28.124709] WARNING: CPU: 0 PID: 553 at drivers/iommu/iommufd/pages.c:793 pfn_reader_user_pin+0x2e6/0x390
[   28.125071] Modules linked in:
[   28.125193] CPU: 0 PID: 553 Comm: repro Tainted: G        W          6.3.0-rc4-197b6b60ae7b+ #1
[   28.125517] Hardware name: QEMU Standard PC (i440FX + PIIX, 1996), BIOS rel-1.16.0-0-gd239552ce722-prebuilt.qemu.org 04/01/2014
[   28.125934] RIP: 0010:pfn_reader_user_pin+0x2e6/0x390
[   28.126134] Code: b1 11 e9 25 fe ff ff e8 58 9d 13 ff 31 ff 48 89 de e8 5e 9f 13 ff 48 85 db 74 0a e8 44 9d 13 ff e9 4d ff ff ff e8 3a 9d 13 ff <0f> 0b bb f2 ff ff ff e9 3c ff ff ff e8 29 9d 13 ff ba 01 00 00 00
[   28.126880] RSP: 0018:ffffc9000101ba30 EFLAGS: 00010246
[   28.127086] RAX: 0000000000000000 RBX: 0000000000000000 RCX: ffffffff8219c632
[   28.127357] RDX: 0000000000000000 RSI: ffff888015dfa340 RDI: 0000000000000002
[   28.127636] RBP: ffffc9000101ba78 R08: 000000000000019e R09: 0000000000000001
[   28.127907] R10: ffff888015dfb0d8 R11: 0000000000000000 R12: ffffc9000101bc60
[   28.128173] R13: 0000000000000002 R14: ffff88800b233c00 R15: 0000000000000000
[   28.128439] FS:  00007f72d4222740(0000) GS:ffff88807dc00000(0000) knlGS:0000000000000000
[   28.128739] CS:  0010 DS: 0000 ES: 0000 CR0: 0000000080050033
[   28.128957] CR2: 0000000020000043 CR3: 000000000da0a003 CR4: 0000000000770ef0
[   28.129224] PKRU: 55555554
[   28.129331] Call Trace:
[   28.129429]  <TASK>
[   28.129519]  pfn_reader_next+0x14a/0x7b0
[   28.129680]  ? interval_tree_double_span_iter_update+0x11a/0x140
[   28.129920]  pfn_reader_first+0x140/0x1b0
[   28.130085]  iopt_pages_rw_slow+0x71/0x280
[   28.130266]  iopt_pages_rw_access+0x2b2/0x5b0
[   28.130460]  iommufd_access_rw+0x19f/0x2f0
[   28.130630]  iommufd_test+0xd11/0x16f0
[   28.130783]  ? write_comp_data+0x2f/0x90
[   28.130952]  iommufd_fops_ioctl+0x206/0x330
[   28.131128]  __x64_sys_ioctl+0x10e/0x160
[   28.131292]  ? __pfx_iommufd_fops_ioctl+0x10/0x10
[   28.131484]  do_syscall_64+0x3b/0x90
[   28.131657]  entry_SYSCALL_64_after_hwframe+0x72/0xdc
[   28.131862] RIP: 0033:0x7f72d434759d
[   28.132004] Code: 00 c3 66 2e 0f 1f 84 00 00 00 00 00 90 f3 0f 1e fa 48 89 f8 48 89 f7 48 89 d6 48 89 ca 4d 89 c2 4d 89 c8 4c 8b 4c 24 08 0f 05 <48> 3d 01 f0 ff ff 73 01 c3 48 8b 0d d3 08 0d 00 f7 d8 64 89 01 48
[   28.132678] RSP: 002b:00007fffa6c873e8 EFLAGS: 00000202 ORIG_RAX: 0000000000000010
[   28.132962] RAX: ffffffffffffffda RBX: 0000000000000000 RCX: 00007f72d434759d
[   28.133227] RDX: 00000000200001c0 RSI: 0000000000003ba0 RDI: 0000000000000006
[   28.133493] RBP: 00007fffa6c87400 R08: 00007fffa6c874e0 R09: 00007fffa6c874e0
[   28.133759] R10: 00007fffa6c874e0 R11: 0000000000000202 R12: 0000000000401060
[   28.134026] R13: 00007fffa6c874e0 R14: 0000000000000000 R15: 0000000000000000
[   28.134304]  </TASK>
[   28.134402] irq event stamp: 4613
[   28.134543] hardirqs last  enabled at (4621): [<ffffffff811e3681>] __up_console_sem+0x91/0xb0
[   28.134873] hardirqs last disabled at (4628): [<ffffffff811e3666>] __up_console_sem+0x76/0xb0
[   28.135201] softirqs last  enabled at (4322): [<ffffffff82fb71a9>] __do_softirq+0x2d9/0x3c3
[   28.135525] softirqs last disabled at (4153): [<ffffffff811266f4>] irq_exit_rcu+0xc4/0x100
[   28.135860] ---[ end trace 0000000000000000 ]---
[   28.138345] ------------[ cut here ]------------
[   28.138558] WARNING: CPU: 0 PID: 554 at drivers/iommu/iommufd/pages.c:793 pfn_reader_user_pin+0x2e6/0x390
[   28.138936] Modules linked in:
[   28.139058] CPU: 0 PID: 554 Comm: repro Tainted: G        W          6.3.0-rc4-197b6b60ae7b+ #1
[   28.139382] Hardware name: QEMU Standard PC (i440FX + PIIX, 1996), BIOS rel-1.16.0-0-gd239552ce722-prebuilt.qemu.org 04/01/2014
[   28.139811] RIP: 0010:pfn_reader_user_pin+0x2e6/0x390
[   28.140015] Code: b1 11 e9 25 fe ff ff e8 58 9d 13 ff 31 ff 48 89 de e8 5e 9f 13 ff 48 85 db 74 0a e8 44 9d 13 ff e9 4d ff ff ff e8 3a 9d 13 ff <0f> 0b bb f2 ff ff ff e9 3c ff ff ff e8 29 9d 13 ff ba 01 00 00 00
[   28.140702] RSP: 0018:ffffc90001023a30 EFLAGS: 00010246
[   28.140905] RAX: 0000000000000000 RBX: 0000000000000000 RCX: ffffffff8219c632
[   28.141176] RDX: 0000000000000000 RSI: ffff888015dfc680 RDI: 0000000000000002
[   28.141447] RBP: ffffc90001023a78 R08: 000000000000019e R09: 0000000000000001
[   28.141718] R10: ffff888015dfd418 R11: 0000000000000000 R12: ffffc90001023c60
[   28.141988] R13: 0000000000000002 R14: ffff88800b233c00 R15: 0000000000000000
[   28.142259] FS:  00007eff8ac61740(0000) GS:ffff88807dc00000(0000) knlGS:0000000000000000
[   28.142580] CS:  0010 DS: 0000 ES: 0000 CR0: 0000000080050033
[   28.142812] CR2: 0000000020000043 CR3: 000000000da0a006 CR4: 0000000000770ef0
[   28.143085] PKRU: 55555554
[   28.143194] Call Trace:
[   28.143294]  <TASK>
[   28.143386]  pfn_reader_next+0x14a/0x7b0
[   28.143553]  ? interval_tree_double_span_iter_update+0x11a/0x140
[   28.143797]  pfn_reader_first+0x140/0x1b0
[   28.143962]  iopt_pages_rw_slow+0x71/0x280
[   28.144143]  iopt_pages_rw_access+0x2b2/0x5b0
[   28.144326]  iommufd_access_rw+0x19f/0x2f0
[   28.144492]  iommufd_test+0xd11/0x16f0
[   28.144641]  ? write_comp_data+0x2f/0x90
[   28.144807]  iommufd_fops_ioctl+0x206/0x330
[   28.144981]  __x64_sys_ioctl+0x10e/0x160
[   28.145141]  ? __pfx_iommufd_fops_ioctl+0x10/0x10
[   28.145330]  do_syscall_64+0x3b/0x90
[   28.145479]  entry_SYSCALL_64_after_hwframe+0x72/0xdc
[   28.145679] RIP: 0033:0x7eff8ad8659d
[   28.145821] Code: 00 c3 66 2e 0f 1f 84 00 00 00 00 00 90 f3 0f 1e fa 48 89 f8 48 89 f7 48 89 d6 48 89 ca 4d 89 c2 4d 89 c8 4c 8b 4c 24 08 0f 05 <48> 3d 01 f0 ff ff 73 01 c3 48 8b 0d d3 08 0d 00 f7 d8 64 89 01 48
[   28.146506] RSP: 002b:00007ffe689a5398 EFLAGS: 00000202 ORIG_RAX: 0000000000000010
[   28.146800] RAX: ffffffffffffffda RBX: 0000000000000000 RCX: 00007eff8ad8659d
[   28.147071] RDX: 00000000200001c0 RSI: 0000000000003ba0 RDI: 0000000000000006
[   28.147342] RBP: 00007ffe689a53b0 R08: 00007ffe689a5490 R09: 00007ffe689a5490
[   28.147618] R10: 00007ffe689a5490 R11: 0000000000000202 R12: 0000000000401060
[   28.147891] R13: 00007ffe689a5490 R14: 0000000000000000 R15: 0000000000000000
[   28.148169]  </TASK>
[   28.148260] irq event stamp: 4477
[   28.148392] hardirqs last  enabled at (4485): [<ffffffff811e3681>] __up_console_sem+0x91/0xb0
[   28.148720] hardirqs last disabled at (4492): [<ffffffff811e3666>] __up_console_sem+0x76/0xb0
[   28.149049] softirqs last  enabled at (4250): [<ffffffff82fb71a9>] __do_softirq+0x2d9/0x3c3
[   28.149372] softirqs last disabled at (4229): [<ffffffff811266f4>] irq_exit_rcu+0xc4/0x100
[   28.149689] ---[ end trace 0000000000000000 ]---
[   28.152212] ------------[ cut here ]------------
[   28.152405] WARNING: CPU: 1 PID: 555 at drivers/iommu/iommufd/pages.c:793 pfn_reader_user_pin+0x2e6/0x390
[   28.152773] Modules linked in:
[   28.152898] CPU: 1 PID: 555 Comm: repro Tainted: G        W          6.3.0-rc4-197b6b60ae7b+ #1
[   28.153227] Hardware name: QEMU Standard PC (i440FX + PIIX, 1996), BIOS rel-1.16.0-0-gd239552ce722-prebuilt.qemu.org 04/01/2014
[   28.153654] RIP: 0010:pfn_reader_user_pin+0x2e6/0x390
[   28.153857] Code: b1 11 e9 25 fe ff ff e8 58 9d 13 ff 31 ff 48 89 de e8 5e 9f 13 ff 48 85 db 74 0a e8 44 9d 13 ff e9 4d ff ff ff e8 3a 9d 13 ff <0f> 0b bb f2 ff ff ff e9 3c ff ff ff e8 29 9d 13 ff ba 01 00 00 00
[   28.154577] RSP: 0018:ffffc9000102ba30 EFLAGS: 00010246
[   28.154787] RAX: 0000000000000000 RBX: 0000000000000000 RCX: ffffffff8219c632
[   28.155058] RDX: 0000000000000000 RSI: ffff888014900000 RDI: 0000000000000002
[   28.155328] RBP: ffffc9000102ba78 R08: 000000000000019e R09: 0000000000000001
[   28.155604] R10: ffff888014900d98 R11: 0000000000000000 R12: ffffc9000102bc60
[   28.155877] R13: 0000000000000002 R14: ffff88800a4c7800 R15: 0000000000000000
[   28.156149] FS:  00007f94c3115740(0000) GS:ffff88807dd00000(0000) knlGS:0000000000000000
[   28.156454] CS:  0010 DS: 0000 ES: 0000 CR0: 0000000080050033
[   28.156676] CR2: 0000000020000043 CR3: 000000000d97a004 CR4: 0000000000770ee0
[   28.156948] PKRU: 55555554
[   28.157057] Call Trace:
[   28.157156]  <TASK>
[   28.157248]  pfn_reader_next+0x14a/0x7b0
[   28.157412]  ? interval_tree_double_span_iter_update+0x11a/0x140
[   28.157655]  pfn_reader_first+0x140/0x1b0
[   28.157823]  iopt_pages_rw_slow+0x71/0x280
[   28.158006]  iopt_pages_rw_access+0x2b2/0x5b0
[   28.158192]  iommufd_access_rw+0x19f/0x2f0
[   28.158361]  iommufd_test+0xd11/0x16f0
[   28.158524]  ? write_comp_data+0x2f/0x90
[   28.158703]  iommufd_fops_ioctl+0x206/0x330
[   28.158880]  __x64_sys_ioctl+0x10e/0x160
[   28.159044]  ? __pfx_iommufd_fops_ioctl+0x10/0x10
[   28.159236]  do_syscall_64+0x3b/0x90
[   28.159390]  entry_SYSCALL_64_after_hwframe+0x72/0xdc
[   28.159600] RIP: 0033:0x7f94c323a59d
[   28.159747] Code: 00 c3 66 2e 0f 1f 84 00 00 00 00 00 90 f3 0f 1e fa 48 89 f8 48 89 f7 48 89 d6 48 89 ca 4d 89 c2 4d 89 c8 4c 8b 4c 24 08 0f 05 <48> 3d 01 f0 ff ff 73 01 c3 48 8b 0d d3 08 0d 00 f7 d8 64 89 01 48
[   28.160433] RSP: 002b:00007ffeb5d8e668 EFLAGS: 00000202 ORIG_RAX: 0000000000000010
[   28.160721] RAX: ffffffffffffffda RBX: 0000000000000000 RCX: 00007f94c323a59d
[   28.160991] RDX: 00000000200001c0 RSI: 0000000000003ba0 RDI: 0000000000000006
[   28.161261] RBP: 00007ffeb5d8e680 R08: 00007ffeb5d8e760 R09: 00007ffeb5d8e760
[   28.161532] R10: 00007ffeb5d8e760 R11: 0000000000000202 R12: 0000000000401060
[   28.161802] R13: 00007ffeb5d8e760 R14: 0000000000000000 R15: 0000000000000000
[   28.162080]  </TASK>
[   28.162170] irq event stamp: 4001
[   28.162302] hardirqs last  enabled at (4009): [<ffffffff811e3681>] __up_console_sem+0x91/0xb0
[   28.162635] hardirqs last disabled at (4018): [<ffffffff811e3666>] __up_console_sem+0x76/0xb0
[   28.162981] softirqs last  enabled at (3712): [<ffffffff82fb71a9>] __do_softirq+0x2d9/0x3c3
[   28.163304] softirqs last disabled at (3641): [<ffffffff811266f4>] irq_exit_rcu+0xc4/0x100
[   28.163626] ---[ end trace 0000000000000000 ]---
[   28.166119] ------------[ cut here ]------------
[   28.166310] WARNING: CPU: 0 PID: 556 at drivers/iommu/iommufd/pages.c:793 pfn_reader_user_pin+0x2e6/0x390
[   28.166725] Modules linked in:
[   28.166851] CPU: 0 PID: 556 Comm: repro Tainted: G        W          6.3.0-rc4-197b6b60ae7b+ #1
[   28.167179] Hardware name: QEMU Standard PC (i440FX + PIIX, 1996), BIOS rel-1.16.0-0-gd239552ce722-prebuilt.qemu.org 04/01/2014
[   28.167604] RIP: 0010:pfn_reader_user_pin+0x2e6/0x390
[   28.167813] Code: b1 11 e9 25 fe ff ff e8 58 9d 13 ff 31 ff 48 89 de e8 5e 9f 13 ff 48 85 db 74 0a e8 44 9d 13 ff e9 4d ff ff ff e8 3a 9d 13 ff <0f> 0b bb f2 ff ff ff e9 3c ff ff ff e8 29 9d 13 ff ba 01 00 00 00
[   28.168502] RSP: 0018:ffffc90001033a30 EFLAGS: 00010246
[   28.168706] RAX: 0000000000000000 RBX: 0000000000000000 RCX: ffffffff8219c632
[   28.168976] RDX: 0000000000000000 RSI: ffff888014902340 RDI: 0000000000000002
[   28.169248] RBP: ffffc90001033a78 R08: 000000000000019e R09: 0000000000000001
[   28.169520] R10: ffff8880149030d8 R11: 0000000000000000 R12: ffffc90001033c60
[   28.169792] R13: 0000000000000002 R14: ffff88800b233c00 R15: 0000000000000000
[   28.170065] FS:  00007f1b6dad8740(0000) GS:ffff88807dc00000(0000) knlGS:0000000000000000
[   28.170388] CS:  0010 DS: 0000 ES: 0000 CR0: 0000000080050033
[   28.170613] CR2: 0000000020000043 CR3: 000000000d97a005 CR4: 0000000000770ef0
[   28.170887] PKRU: 55555554
[   28.170997] Call Trace:
[   28.171097]  <TASK>
[   28.171189]  pfn_reader_next+0x14a/0x7b0
[   28.171354]  ? interval_tree_double_span_iter_update+0x11a/0x140
[   28.171620]  pfn_reader_first+0x140/0x1b0
[   28.171788]  iopt_pages_rw_slow+0x71/0x280
[   28.171969]  iopt_pages_rw_access+0x2b2/0x5b0
[   28.172151]  iommufd_access_rw+0x19f/0x2f0
[   28.172317]  iommufd_test+0xd11/0x16f0
[   28.172467]  ? write_comp_data+0x2f/0x90
[   28.172633]  iommufd_fops_ioctl+0x206/0x330
[   28.172806]  __x64_sys_ioctl+0x10e/0x160
[   28.172967]  ? __pfx_iommufd_fops_ioctl+0x10/0x10
[   28.173155]  do_syscall_64+0x3b/0x90
[   28.173304]  entry_SYSCALL_64_after_hwframe+0x72/0xdc
[   28.173505] RIP: 0033:0x7f1b6dbfd59d
[   28.173647] Code: 00 c3 66 2e 0f 1f 84 00 00 00 00 00 90 f3 0f 1e fa 48 89 f8 48 89 f7 48 89 d6 48 89 ca 4d 89 c2 4d 89 c8 4c 8b 4c 24 08 0f 05 <48> 3d 01 f0 ff ff 73 01 c3 48 8b 0d d3 08 0d 00 f7 d8 64 89 01 48
[   28.174322] RSP: 002b:00007ffe694a6c78 EFLAGS: 00000202 ORIG_RAX: 0000000000000010
[   28.174623] RAX: ffffffffffffffda RBX: 0000000000000000 RCX: 00007f1b6dbfd59d
[   28.174897] RDX: 00000000200001c0 RSI: 0000000000003ba0 RDI: 0000000000000006
[   28.175167] RBP: 00007ffe694a6c90 R08: 00007ffe694a6d70 R09: 00007ffe694a6d70
[   28.175438] R10: 00007ffe694a6d70 R11: 0000000000000202 R12: 0000000000401060
[   28.175714] R13: 00007ffe694a6d70 R14: 0000000000000000 R15: 0000000000000000
[   28.175988]  </TASK>
[   28.176077] irq event stamp: 4469
[   28.176206] hardirqs last  enabled at (4477): [<ffffffff811e3681>] __up_console_sem+0x91/0xb0
[   28.176528] hardirqs last disabled at (4484): [<ffffffff811e3666>] __up_console_sem+0x76/0xb0
[   28.176850] softirqs last  enabled at (4132): [<ffffffff82fb71a9>] __do_softirq+0x2d9/0x3c3
[   28.177167] softirqs last disabled at (4067): [<ffffffff811266f4>] irq_exit_rcu+0xc4/0x100
[   28.177478] ---[ end trace 0000000000000000 ]---
[   28.180042] ------------[ cut here ]------------
[   28.180234] WARNING: CPU: 1 PID: 557 at drivers/iommu/iommufd/pages.c:793 pfn_reader_user_pin+0x2e6/0x390
[   28.180602] Modules linked in:
[   28.180726] CPU: 1 PID: 557 Comm: repro Tainted: G        W          6.3.0-rc4-197b6b60ae7b+ #1
[   28.181056] Hardware name: QEMU Standard PC (i440FX + PIIX, 1996), BIOS rel-1.16.0-0-gd239552ce722-prebuilt.qemu.org 04/01/2014
[   28.181480] RIP: 0010:pfn_reader_user_pin+0x2e6/0x390
[   28.181683] Code: b1 11 e9 25 fe ff ff e8 58 9d 13 ff 31 ff 48 89 de e8 5e 9f 13 ff 48 85 db 74 0a e8 44 9d 13 ff e9 4d ff ff ff e8 3a 9d 13 ff <0f> 0b bb f2 ff ff ff e9 3c ff ff ff e8 29 9d 13 ff ba 01 00 00 00
[   28.182366] RSP: 0018:ffffc9000103ba30 EFLAGS: 00010246
[   28.182632] RAX: 0000000000000000 RBX: 0000000000000000 RCX: ffffffff8219c632
[   28.182903] RDX: 0000000000000000 RSI: ffff888014904680 RDI: 0000000000000002
[   28.183173] RBP: ffffc9000103ba78 R08: 000000000000019e R09: 0000000000000001
[   28.183442] R10: ffff888014905418 R11: 0000000000000000 R12: ffffc9000103bc60
[   28.183746] R13: 0000000000000002 R14: ffff88800a4c6800 R15: 0000000000000000
[   28.184016] FS:  00007f639f257740(0000) GS:ffff88807dd00000(0000) knlGS:0000000000000000
[   28.184321] CS:  0010 DS: 0000 ES: 0000 CR0: 0000000080050033
[   28.184543] CR2: 0000000020000043 CR3: 000000000c930003 CR4: 0000000000770ee0
[   28.184814] PKRU: 55555554
[   28.184923] Call Trace:
[   28.185022]  <TASK>
[   28.185113]  pfn_reader_next+0x14a/0x7b0
[   28.185276]  ? interval_tree_double_span_iter_update+0x11a/0x140
[   28.185519]  pfn_reader_first+0x140/0x1b0
[   28.185687]  iopt_pages_rw_slow+0x71/0x280
[   28.185870]  iopt_pages_rw_access+0x2b2/0x5b0
[   28.186055]  iommufd_access_rw+0x19f/0x2f0
[   28.186225]  iommufd_test+0xd11/0x16f0
[   28.186387]  ? write_comp_data+0x2f/0x90
[   28.186558]  iommufd_fops_ioctl+0x206/0x330
[   28.186734]  __x64_sys_ioctl+0x10e/0x160
[   28.186897]  ? __pfx_iommufd_fops_ioctl+0x10/0x10
[   28.187090]  do_syscall_64+0x3b/0x90
[   28.187241]  entry_SYSCALL_64_after_hwframe+0x72/0xdc
[   28.187445] RIP: 0033:0x7f639f37c59d
[   28.187617] Code: 00 c3 66 2e 0f 1f 84 00 00 00 00 00 90 f3 0f 1e fa 48 89 f8 48 89 f7 48 89 d6 48 89 ca 4d 89 c2 4d 89 c8 4c 8b 4c 24 08 0f 05 <48> 3d 01 f0 ff ff 73 01 c3 48 8b 0d d3 08 0d 00 f7 d8 64 89 01 48
[   28.188294] RSP: 002b:00007ffce204db28 EFLAGS: 00000202 ORIG_RAX: 0000000000000010
[   28.188576] RAX: ffffffffffffffda RBX: 0000000000000000 RCX: 00007f639f37c59d
[   28.188841] RDX: 00000000200001c0 RSI: 0000000000003ba0 RDI: 0000000000000006
[   28.189106] RBP: 00007ffce204db40 R08: 00007ffce204dc20 R09: 00007ffce204dc20
[   28.189370] R10: 00007ffce204dc20 R11: 0000000000000202 R12: 0000000000401060
[   28.189634] R13: 00007ffce204dc20 R14: 0000000000000000 R15: 0000000000000000
[   28.189906]  </TASK>
[   28.189995] irq event stamp: 4349
[   28.190127] hardirqs last  enabled at (4357): [<ffffffff811e3681>] __up_console_sem+0x91/0xb0
[   28.190467] hardirqs last disabled at (4376): [<ffffffff811e3666>] __up_console_sem+0x76/0xb0
[   28.190795] softirqs last  enabled at (4374): [<ffffffff82fb71a9>] __do_softirq+0x2d9/0x3c3
[   28.191119] softirqs last disabled at (4365): [<ffffffff811266f4>] irq_exit_rcu+0xc4/0x100
[   28.191434] ---[ end trace 0000000000000000 ]---
[   28.193841] ------------[ cut here ]------------
[   28.194032] WARNING: CPU: 1 PID: 558 at drivers/iommu/iommufd/pages.c:793 pfn_reader_user_pin+0x2e6/0x390
[   28.194420] Modules linked in:
[   28.194546] CPU: 1 PID: 558 Comm: repro Tainted: G        W          6.3.0-rc4-197b6b60ae7b+ #1
[   28.194878] Hardware name: QEMU Standard PC (i440FX + PIIX, 1996), BIOS rel-1.16.0-0-gd239552ce722-prebuilt.qemu.org 04/01/2014
[   28.195294] RIP: 0010:pfn_reader_user_pin+0x2e6/0x390
[   28.195494] Code: b1 11 e9 25 fe ff ff e8 58 9d 13 ff 31 ff 48 89 de e8 5e 9f 13 ff 48 85 db 74 0a e8 44 9d 13 ff e9 4d ff ff ff e8 3a 9d 13 ff <0f> 0b bb f2 ff ff ff e9 3c ff ff ff e8 29 9d 13 ff ba 01 00 00 00
[   28.196179] RSP: 0018:ffffc90000ffba30 EFLAGS: 00010246
[   28.196378] RAX: 0000000000000000 RBX: 0000000000000000 RCX: ffffffff8219c632
[   28.196643] RDX: 0000000000000000 RSI: ffff8880108ac680 RDI: 0000000000000002
[   28.196908] RBP: ffffc90000ffba78 R08: 000000000000019e R09: 0000000000000001
[   28.197173] R10: ffff8880108ad418 R11: 0000000000000000 R12: ffffc90000ffbc60
[   28.197438] R13: 0000000000000002 R14: ffff88800a4c6800 R15: 0000000000000000
[   28.197703] FS:  00007f7ad2dc1740(0000) GS:ffff88807dd00000(0000) knlGS:0000000000000000
[   28.198003] CS:  0010 DS: 0000 ES: 0000 CR0: 0000000080050033
[   28.198220] CR2: 0000000020000043 CR3: 000000000c930006 CR4: 0000000000770ee0
[   28.198508] PKRU: 55555554
[   28.198618] Call Trace:
[   28.198717]  <TASK>
[   28.198809]  pfn_reader_next+0x14a/0x7b0
[   28.198973]  ? interval_tree_double_span_iter_update+0x11a/0x140
[   28.199216]  pfn_reader_first+0x140/0x1b0
[   28.199384]  iopt_pages_rw_slow+0x71/0x280
[   28.199593]  iopt_pages_rw_access+0x2b2/0x5b0
[   28.199779]  iommufd_access_rw+0x19f/0x2f0
[   28.199944]  iommufd_test+0xd11/0x16f0
[   28.200094]  ? write_comp_data+0x2f/0x90
[   28.200258]  iommufd_fops_ioctl+0x206/0x330
[   28.200431]  __x64_sys_ioctl+0x10e/0x160
[   28.200591]  ? __pfx_iommufd_fops_ioctl+0x10/0x10
[   28.200778]  do_syscall_64+0x3b/0x90
[   28.200926]  entry_SYSCALL_64_after_hwframe+0x72/0xdc
[   28.201126] RIP: 0033:0x7f7ad2ee659d
[   28.201267] Code: 00 c3 66 2e 0f 1f 84 00 00 00 00 00 90 f3 0f 1e fa 48 89 f8 48 89 f7 48 89 d6 48 89 ca 4d 89 c2 4d 89 c8 4c 8b 4c 24 08 0f 05 <48> 3d 01 f0 ff ff 73 01 c3 48 8b 0d d3 08 0d 00 f7 d8 64 89 01 48
[   28.201937] RSP: 002b:00007ffdf12c3db8 EFLAGS: 00000202 ORIG_RAX: 0000000000000010
[   28.202219] RAX: ffffffffffffffda RBX: 0000000000000000 RCX: 00007f7ad2ee659d
[   28.202494] RDX: 00000000200001c0 RSI: 0000000000003ba0 RDI: 0000000000000006
[   28.202764] RBP: 00007ffdf12c3dd0 R08: 00007ffdf12c3eb0 R09: 00007ffdf12c3eb0
[   28.203034] R10: 00007ffdf12c3eb0 R11: 0000000000000202 R12: 0000000000401060
[   28.203303] R13: 00007ffdf12c3eb0 R14: 0000000000000000 R15: 0000000000000000
[   28.203594]  </TASK>
[   28.203686] irq event stamp: 3967
[   28.203817] hardirqs last  enabled at (3975): [<ffffffff811e3681>] __up_console_sem+0x91/0xb0
[   28.204144] hardirqs last disabled at (3982): [<ffffffff811e3666>] __up_console_sem+0x76/0xb0
[   28.204465] softirqs last  enabled at (3756): [<ffffffff82fb71a9>] __do_softirq+0x2d9/0x3c3
[   28.204785] softirqs last disabled at (3729): [<ffffffff811266f4>] irq_exit_rcu+0xc4/0x100
[   28.205097] ---[ end trace 0000000000000000 ]---
[   28.207437] ------------[ cut here ]------------
[   28.207633] WARNING: CPU: 1 PID: 559 at drivers/iommu/iommufd/pages.c:793 pfn_reader_user_pin+0x2e6/0x390
[   28.208007] Modules linked in:
[   28.208133] CPU: 1 PID: 559 Comm: repro Tainted: G        W          6.3.0-rc4-197b6b60ae7b+ #1
[   28.208465] Hardware name: QEMU Standard PC (i440FX + PIIX, 1996), BIOS rel-1.16.0-0-gd239552ce722-prebuilt.qemu.org 04/01/2014
[   28.208893] RIP: 0010:pfn_reader_user_pin+0x2e6/0x390
[   28.209094] Code: b1 11 e9 25 fe ff ff e8 58 9d 13 ff 31 ff 48 89 de e8 5e 9f 13 ff 48 85 db 74 0a e8 44 9d 13 ff e9 4d ff ff ff e8 3a 9d 13 ff <0f> 0b bb f2 ff ff ff e9 3c ff ff ff e8 29 9d 13 ff ba 01 00 00 00
[   28.209770] RSP: 0018:ffffc90001033a30 EFLAGS: 00010246
[   28.209971] RAX: 0000000000000000 RBX: 0000000000000000 RCX: ffffffff8219c632
[   28.210238] RDX: 0000000000000000 RSI: ffff888010a90000 RDI: 0000000000000002
[   28.210569] RBP: ffffc90001033a78 R08: 000000000000019e R09: 0000000000000001
[   28.210842] R10: ffff888010a90d98 R11: 0000000000000000 R12: ffffc90001033c60
[   28.211114] R13: 0000000000000002 R14: ffff88800a4c6800 R15: 0000000000000000
[   28.211386] FS:  00007f843e888740(0000) GS:ffff88807dd00000(0000) knlGS:0000000000000000
[   28.211697] CS:  0010 DS: 0000 ES: 0000 CR0: 0000000080050033
[   28.211916] CR2: 0000000020000043 CR3: 000000000c930003 CR4: 0000000000770ee0
[   28.212184] PKRU: 55555554
[   28.212292] Call Trace:
[   28.212390]  <TASK>
[   28.212481]  pfn_reader_next+0x14a/0x7b0
[   28.212642]  ? interval_tree_double_span_iter_update+0x11a/0x140
[   28.212882]  pfn_reader_first+0x140/0x1b0
[   28.213047]  iopt_pages_rw_slow+0x71/0x280
[   28.213229]  iopt_pages_rw_access+0x2b2/0x5b0
[   28.213412]  iommufd_access_rw+0x19f/0x2f0
[   28.213578]  iommufd_test+0xd11/0x16f0
[   28.213729]  ? write_comp_data+0x2f/0x90
[   28.213896]  iommufd_fops_ioctl+0x206/0x330
[   28.214070]  __x64_sys_ioctl+0x10e/0x160
[   28.214232]  ? __pfx_iommufd_fops_ioctl+0x10/0x10
[   28.214430]  do_syscall_64+0x3b/0x90
[   28.214583]  entry_SYSCALL_64_after_hwframe+0x72/0xdc
[   28.214789] RIP: 0033:0x7f843e9ad59d
[   28.214934] Code: 00 c3 66 2e 0f 1f 84 00 00 00 00 00 90 f3 0f 1e fa 48 89 f8 48 89 f7 48 89 d6 48 89 ca 4d 89 c2 4d 89 c8 4c 8b 4c 24 08 0f 05 <48> 3d 01 f0 ff ff 73 01 c3 48 8b 0d d3 08 0d 00 f7 d8 64 89 01 48
[   28.215628] RSP: 002b:00007fffc6279eb8 EFLAGS: 00000202 ORIG_RAX: 0000000000000010
[   28.215914] RAX: ffffffffffffffda RBX: 0000000000000000 RCX: 00007f843e9ad59d
[   28.216182] RDX: 00000000200001c0 RSI: 0000000000003ba0 RDI: 0000000000000006
[   28.216449] RBP: 00007fffc6279ed0 R08: 00007fffc6279fb0 R09: 00007fffc6279fb0
[   28.216716] R10: 00007fffc6279fb0 R11: 0000000000000202 R12: 0000000000401060
[   28.216983] R13: 00007fffc6279fb0 R14: 0000000000000000 R15: 0000000000000000
[   28.217257]  </TASK>
[   28.217346] irq event stamp: 4119
[   28.217476] hardirqs last  enabled at (4127): [<ffffffff811e3681>] __up_console_sem+0x91/0xb0
[   28.217800] hardirqs last disabled at (4134): [<ffffffff811e3666>] __up_console_sem+0x76/0xb0
[   28.218126] softirqs last  enabled at (3860): [<ffffffff82fb71a9>] __do_softirq+0x2d9/0x3c3
[   28.218454] softirqs last disabled at (3633): [<ffffffff811266f4>] irq_exit_rcu+0xc4/0x100
[   28.218773] ---[ end trace 0000000000000000 ]---
[   28.221064] ------------[ cut here ]------------
[   28.221255] WARNING: CPU: 1 PID: 560 at drivers/iommu/iommufd/pages.c:793 pfn_reader_user_pin+0x2e6/0x390
[   28.221626] Modules linked in:
[   28.221752] CPU: 1 PID: 560 Comm: repro Tainted: G        W          6.3.0-rc4-197b6b60ae7b+ #1
[   28.222084] Hardware name: QEMU Standard PC (i440FX + PIIX, 1996), BIOS rel-1.16.0-0-gd239552ce722-prebuilt.qemu.org 04/01/2014
[   28.222550] RIP: 0010:pfn_reader_user_pin+0x2e6/0x390
[   28.222756] Code: b1 11 e9 25 fe ff ff e8 58 9d 13 ff 31 ff 48 89 de e8 5e 9f 13 ff 48 85 db 74 0a e8 44 9d 13 ff e9 4d ff ff ff e8 3a 9d 13 ff <0f> 0b bb f2 ff ff ff e9 3c ff ff ff e8 29 9d 13 ff ba 01 00 00 00
[   28.223450] RSP: 0018:ffffc90000fdba30 EFLAGS: 00010246
[   28.223661] RAX: 0000000000000000 RBX: 0000000000000000 RCX: ffffffff8219c632
[   28.223932] RDX: 0000000000000000 RSI: ffff888010a92340 RDI: 0000000000000002
[   28.224202] RBP: ffffc90000fdba78 R08: 000000000000019e R09: 0000000000000001
[   28.224472] R10: ffff888010a930d8 R11: 0000000000000000 R12: ffffc90000fdbc60
[   28.224742] R13: 0000000000000002 R14: ffff88800a4c6800 R15: 0000000000000000
[   28.225012] FS:  00007f5684076740(0000) GS:ffff88807dd00000(0000) knlGS:0000000000000000
[   28.225317] CS:  0010 DS: 0000 ES: 0000 CR0: 0000000080050033
[   28.225539] CR2: 0000000020000043 CR3: 000000000c930005 CR4: 0000000000770ee0
[   28.225809] PKRU: 55555554
[   28.225919] Call Trace:
[   28.226018]  <TASK>
[   28.226109]  pfn_reader_next+0x14a/0x7b0
[   28.226272]  ? interval_tree_double_span_iter_update+0x11a/0x140
[   28.226523]  pfn_reader_first+0x140/0x1b0
[   28.226703]  iopt_pages_rw_slow+0x71/0x280
[   28.226886]  iopt_pages_rw_access+0x2b2/0x5b0
[   28.227072]  iommufd_access_rw+0x19f/0x2f0
[   28.227240]  iommufd_test+0xd11/0x16f0
[   28.227393]  ? write_comp_data+0x2f/0x90
[   28.227573]  iommufd_fops_ioctl+0x206/0x330
[   28.227754]  __x64_sys_ioctl+0x10e/0x160
[   28.227914]  ? __pfx_iommufd_fops_ioctl+0x10/0x10
[   28.228102]  do_syscall_64+0x3b/0x90
[   28.228251]  entry_SYSCALL_64_after_hwframe+0x72/0xdc
[   28.228451] RIP: 0033:0x7f568419b59d
[   28.228593] Code: 00 c3 66 2e 0f 1f 84 00 00 00 00 00 90 f3 0f 1e fa 48 89 f8 48 89 f7 48 89 d6 48 89 ca 4d 89 c2 4d 89 c8 4c 8b 4c 24 08 0f 05 <48> 3d 01 f0 ff ff 73 01 c3 48 8b 0d d3 08 0d 00 f7 d8 64 89 01 48
[   28.229265] RSP: 002b:00007ffe085d9028 EFLAGS: 00000202 ORIG_RAX: 0000000000000010
[   28.229548] RAX: ffffffffffffffda RBX: 0000000000000000 RCX: 00007f568419b59d
[   28.229812] RDX: 00000000200001c0 RSI: 0000000000003ba0 RDI: 0000000000000006
[   28.230077] RBP: 00007ffe085d9040 R08: 00007ffe085d9120 R09: 00007ffe085d9120
[   28.230342] R10: 00007ffe085d9120 R11: 0000000000000202 R12: 0000000000401060
[   28.230620] R13: 00007ffe085d9120 R14: 0000000000000000 R15: 0000000000000000
[   28.230899]  </TASK>
[   28.230990] irq event stamp: 4063
[   28.231121] hardirqs last  enabled at (4071): [<ffffffff811e3681>] __up_console_sem+0x91/0xb0
[   28.231449] hardirqs last disabled at (4078): [<ffffffff811e3666>] __up_console_sem+0x76/0xb0
[   28.231787] softirqs last  enabled at (3756): [<ffffffff82fb71a9>] __do_softirq+0x2d9/0x3c3
[   28.232109] softirqs last disabled at (3639): [<ffffffff811266f4>] irq_exit_rcu+0xc4/0x100
[   28.232425] ---[ end trace 0000000000000000 ]---
[   28.234795] ------------[ cut here ]------------
[   28.234981] WARNING: CPU: 1 PID: 561 at drivers/iommu/iommufd/pages.c:793 pfn_reader_user_pin+0x2e6/0x390
[   28.235342] Modules linked in:
[   28.235464] CPU: 1 PID: 561 Comm: repro Tainted: G        W          6.3.0-rc4-197b6b60ae7b+ #1
[   28.235803] Hardware name: QEMU Standard PC (i440FX + PIIX, 1996), BIOS rel-1.16.0-0-gd239552ce722-prebuilt.qemu.org 04/01/2014
[   28.236219] RIP: 0010:pfn_reader_user_pin+0x2e6/0x390
[   28.236419] Code: b1 11 e9 25 fe ff ff e8 58 9d 13 ff 31 ff 48 89 de e8 5e 9f 13 ff 48 85 db 74 0a e8 44 9d 13 ff e9 4d ff ff ff e8 3a 9d 13 ff <0f> 0b bb f2 ff ff ff e9 3c ff ff ff e8 29 9d 13 ff ba 01 00 00 00
[   28.237090] RSP: 0018:ffffc90001043a30 EFLAGS: 00010246
[   28.237288] RAX: 0000000000000000 RBX: 0000000000000000 RCX: ffffffff8219c632
[   28.237553] RDX: 0000000000000000 RSI: ffff888010a94680 RDI: 0000000000000002
[   28.237817] RBP: ffffc90001043a78 R08: 000000000000019e R09: 0000000000000001
[   28.238081] R10: ffff888010a95418 R11: 0000000000000000 R12: ffffc90001043c60
[   28.238345] R13: 0000000000000002 R14: ffff88800a4c6800 R15: 0000000000000000
[   28.238658] FS:  00007f2dfccab740(0000) GS:ffff88807dd00000(0000) knlGS:0000000000000000
[   28.238965] CS:  0010 DS: 0000 ES: 0000 CR0: 0000000080050033
[   28.239186] CR2: 0000000020000043 CR3: 000000000c930002 CR4: 0000000000770ee0
[   28.239461] PKRU: 55555554
[   28.239574] Call Trace:
[   28.239674]  <TASK>
[   28.239766]  pfn_reader_next+0x14a/0x7b0
[   28.239926]  ? interval_tree_double_span_iter_update+0x11a/0x140
[   28.240164]  pfn_reader_first+0x140/0x1b0
[   28.240328]  iopt_pages_rw_slow+0x71/0x280
[   28.240508]  iopt_pages_rw_access+0x2b2/0x5b0
[   28.240689]  iommufd_access_rw+0x19f/0x2f0
[   28.240854]  iommufd_test+0xd11/0x16f0
[   28.241003]  ? write_comp_data+0x2f/0x90
[   28.241168]  iommufd_fops_ioctl+0x206/0x330
[   28.241341]  __x64_sys_ioctl+0x10e/0x160
[   28.241501]  ? __pfx_iommufd_fops_ioctl+0x10/0x10
[   28.241689]  do_syscall_64+0x3b/0x90
[   28.241837]  entry_SYSCALL_64_after_hwframe+0x72/0xdc
[   28.242037] RIP: 0033:0x7f2dfcdd059d
[   28.242178] Code: 00 c3 66 2e 0f 1f 84 00 00 00 00 00 90 f3 0f 1e fa 48 89 f8 48 89 f7 48 89 d6 48 89 ca 4d 89 c2 4d 89 c8 4c 8b 4c 24 08 0f 05 <48> 3d 01 f0 ff ff 73 01 c3 48 8b 0d d3 08 0d 00 f7 d8 64 89 01 48
[   28.242865] RSP: 002b:00007fff7d3fa648 EFLAGS: 00000202 ORIG_RAX: 0000000000000010
[   28.243156] RAX: ffffffffffffffda RBX: 0000000000000000 RCX: 00007f2dfcdd059d
[   28.243427] RDX: 00000000200001c0 RSI: 0000000000003ba0 RDI: 0000000000000006
[   28.243703] RBP: 00007fff7d3fa660 R08: 00007fff7d3fa740 R09: 00007fff7d3fa740
[   28.243977] R10: 00007fff7d3fa740 R11: 0000000000000202 R12: 0000000000401060
[   28.244247] R13: 00007fff7d3fa740 R14: 0000000000000000 R15: 0000000000000000
[   28.244525]  </TASK>
[   28.244615] irq event stamp: 3973
[   28.244746] hardirqs last  enabled at (3981): [<ffffffff811e3681>] __up_console_sem+0x91/0xb0
[   28.245076] hardirqs last disabled at (3988): [<ffffffff811e3666>] __up_console_sem+0x76/0xb0
[   28.245403] softirqs last  enabled at (3738): [<ffffffff82fb71a9>] __do_softirq+0x2d9/0x3c3
[   28.245726] softirqs last disabled at (3675): [<ffffffff811266f4>] irq_exit_rcu+0xc4/0x100
[   28.246043] ---[ end trace 0000000000000000 ]---
[   28.248337] ------------[ cut here ]------------
[   28.248526] WARNING: CPU: 1 PID: 562 at drivers/iommu/iommufd/pages.c:793 pfn_reader_user_pin+0x2e6/0x390
[   28.248888] Modules linked in:
[   28.249010] CPU: 1 PID: 562 Comm: repro Tainted: G        W          6.3.0-rc4-197b6b60ae7b+ #1
[   28.249333] Hardware name: QEMU Standard PC (i440FX + PIIX, 1996), BIOS rel-1.16.0-0-gd239552ce722-prebuilt.qemu.org 04/01/2014
[   28.249749] RIP: 0010:pfn_reader_user_pin+0x2e6/0x390
[   28.249949] Code: b1 11 e9 25 fe ff ff e8 58 9d 13 ff 31 ff 48 89 de e8 5e 9f 13 ff 48 85 db 74 0a e8 44 9d 13 ff e9 4d ff ff ff e8 3a 9d 13 ff <0f> 0b bb f2 ff ff ff e9 3c ff ff ff e8 29 9d 13 ff ba 01 00 00 00
[   28.250711] RSP: 0018:ffffc9000104ba30 EFLAGS: 00010246
[   28.250915] RAX: 0000000000000000 RBX: 0000000000000000 RCX: ffffffff8219c632
[   28.251186] RDX: 0000000000000000 RSI: ffff888010a90000 RDI: 0000000000000002
[   28.251458] RBP: ffffc9000104ba78 R08: 000000000000019e R09: 0000000000000001
[   28.251759] R10: ffff888010a90d98 R11: 0000000000000000 R12: ffffc9000104bc60
[   28.252025] R13: 0000000000000002 R14: ffff88800a4c6800 R15: 0000000000000000
[   28.252291] FS:  00007fe5f7315740(0000) GS:ffff88807dd00000(0000) knlGS:0000000000000000
[   28.252592] CS:  0010 DS: 0000 ES: 0000 CR0: 0000000080050033
[   28.252809] CR2: 0000000020000043 CR3: 000000000c930005 CR4: 0000000000770ee0
[   28.253075] PKRU: 55555554
[   28.253182] Call Trace:
[   28.253280]  <TASK>
[   28.253370]  pfn_reader_next+0x14a/0x7b0
[   28.253530]  ? interval_tree_double_span_iter_update+0x11a/0x140
[   28.253768]  pfn_reader_first+0x140/0x1b0
[   28.253933]  iopt_pages_rw_slow+0x71/0x280
[   28.254113]  iopt_pages_rw_access+0x2b2/0x5b0
[   28.254295]  iommufd_access_rw+0x19f/0x2f0
[   28.254476]  iommufd_test+0xd11/0x16f0
[   28.254629]  ? write_comp_data+0x2f/0x90
[   28.254799]  iommufd_fops_ioctl+0x206/0x330
[   28.254976]  __x64_sys_ioctl+0x10e/0x160
[   28.255141]  ? __pfx_iommufd_fops_ioctl+0x10/0x10
[   28.255335]  do_syscall_64+0x3b/0x90
[   28.255486]  entry_SYSCALL_64_after_hwframe+0x72/0xdc
[   28.255708] RIP: 0033:0x7fe5f743a59d
[   28.255851] Code: 00 c3 66 2e 0f 1f 84 00 00 00 00 00 90 f3 0f 1e fa 48 89 f8 48 89 f7 48 89 d6 48 89 ca 4d 89 c2 4d 89 c8 4c 8b 4c 24 08 0f 05 <48> 3d 01 f0 ff ff 73 01 c3 48 8b 0d d3 08 0d 00 f7 d8 64 89 01 48
[   28.256526] RSP: 002b:00007ffcbadb92f8 EFLAGS: 00000202 ORIG_RAX: 0000000000000010
[   28.256809] RAX: ffffffffffffffda RBX: 0000000000000000 RCX: 00007fe5f743a59d
[   28.257075] RDX: 00000000200001c0 RSI: 0000000000003ba0 RDI: 0000000000000006
[   28.257340] RBP: 00007ffcbadb9310 R08: 00007ffcbadb93f0 R09: 00007ffcbadb93f0
[   28.257606] R10: 00007ffcbadb93f0 R11: 0000000000000202 R12: 0000000000401060
[   28.257871] R13: 00007ffcbadb93f0 R14: 0000000000000000 R15: 0000000000000000
[   28.258144]  </TASK>
[   28.258232] irq event stamp: 4197
[   28.258361] hardirqs last  enabled at (4205): [<ffffffff811e3681>] __up_console_sem+0x91/0xb0
[   28.258700] hardirqs last disabled at (4214): [<ffffffff811e3666>] __up_console_sem+0x76/0xb0
[   28.259028] softirqs last  enabled at (3908): [<ffffffff82fb71a9>] __do_softirq+0x2d9/0x3c3
[   28.259351] softirqs last disabled at (3665): [<ffffffff811266f4>] irq_exit_rcu+0xc4/0x100
[   28.259681] ---[ end trace 0000000000000000 ]---
[   28.262013] ------------[ cut here ]------------
[   28.262203] WARNING: CPU: 1 PID: 563 at drivers/iommu/iommufd/pages.c:793 pfn_reader_user_pin+0x2e6/0x390
[   28.262592] Modules linked in:
[   28.262730] CPU: 1 PID: 563 Comm: repro Tainted: G        W          6.3.0-rc4-197b6b60ae7b+ #1
[   28.263060] Hardware name: QEMU Standard PC (i440FX + PIIX, 1996), BIOS rel-1.16.0-0-gd239552ce722-prebuilt.qemu.org 04/01/2014
[   28.263486] RIP: 0010:pfn_reader_user_pin+0x2e6/0x390
[   28.263711] Code: b1 11 e9 25 fe ff ff e8 58 9d 13 ff 31 ff 48 89 de e8 5e 9f 13 ff 48 85 db 74 0a e8 44 9d 13 ff e9 4d ff ff ff e8 3a 9d 13 ff <0f> 0b bb f2 ff ff ff e9 3c ff ff ff e8 29 9d 13 ff ba 01 00 00 00
[   28.264385] RSP: 0018:ffffc90001053a30 EFLAGS: 00010246
[   28.264584] RAX: 0000000000000000 RBX: 0000000000000000 RCX: ffffffff8219c632
[   28.264849] RDX: 0000000000000000 RSI: ffff888010a92340 RDI: 0000000000000002
[   28.265113] RBP: ffffc90001053a78 R08: 000000000000019e R09: 0000000000000001
[   28.265378] R10: ffff888010a930d8 R11: 0000000000000000 R12: ffffc90001053c60
[   28.265643] R13: 0000000000000002 R14: ffff88800a4c6800 R15: 0000000000000000
[   28.265908] FS:  00007f7e568e0740(0000) GS:ffff88807dd00000(0000) knlGS:0000000000000000
[   28.266207] CS:  0010 DS: 0000 ES: 0000 CR0: 0000000080050033
[   28.266434] CR2: 0000000020000043 CR3: 000000000c930001 CR4: 0000000000770ee0
[   28.266707] PKRU: 55555554
[   28.266816] Call Trace:
[   28.266915]  <TASK>
[   28.267007]  pfn_reader_next+0x14a/0x7b0
[   28.267171]  ? interval_tree_double_span_iter_update+0x11a/0x140
[   28.267414]  pfn_reader_first+0x140/0x1b0
[   28.267584]  iopt_pages_rw_slow+0x71/0x280
[   28.267772]  iopt_pages_rw_access+0x2b2/0x5b0
[   28.267953]  iommufd_access_rw+0x19f/0x2f0
[   28.268118]  iommufd_test+0xd11/0x16f0
[   28.268268]  ? write_comp_data+0x2f/0x90
[   28.268433]  iommufd_fops_ioctl+0x206/0x330
[   28.268607]  __x64_sys_ioctl+0x10e/0x160
[   28.268767]  ? __pfx_iommufd_fops_ioctl+0x10/0x10
[   28.268956]  do_syscall_64+0x3b/0x90
[   28.269103]  entry_SYSCALL_64_after_hwframe+0x72/0xdc
[   28.269303] RIP: 0033:0x7f7e56a0559d
[   28.269444] Code: 00 c3 66 2e 0f 1f 84 00 00 00 00 00 90 f3 0f 1e fa 48 89 f8 48 89 f7 48 89 d6 48 89 ca 4d 89 c2 4d 89 c8 4c 8b 4c 24 08 0f 05 <48> 3d 01 f0 ff ff 73 01 c3 48 8b 0d d3 08 0d 00 f7 d8 64 89 01 48
[   28.270124] RSP: 002b:00007ffe1b7a5758 EFLAGS: 00000202 ORIG_RAX: 0000000000000010
[   28.270420] RAX: ffffffffffffffda RBX: 0000000000000000 RCX: 00007f7e56a0559d
[   28.270694] RDX: 00000000200001c0 RSI: 0000000000003ba0 RDI: 0000000000000006
[   28.270964] RBP: 00007ffe1b7a5770 R08: 00007ffe1b7a5850 R09: 00007ffe1b7a5850
[   28.271235] R10: 00007ffe1b7a5850 R11: 0000000000000202 R12: 0000000000401060
[   28.271505] R13: 00007ffe1b7a5850 R14: 0000000000000000 R15: 0000000000000000
[   28.271799]  </TASK>
[   28.271888] irq event stamp: 3921
[   28.272016] hardirqs last  enabled at (3929): [<ffffffff811e3681>] __up_console_sem+0x91/0xb0
[   28.272340] hardirqs last disabled at (3936): [<ffffffff811e3666>] __up_console_sem+0x76/0xb0
[   28.272662] softirqs last  enabled at (3584): [<ffffffff82fb71a9>] __do_softirq+0x2d9/0x3c3
[   28.272978] softirqs last disabled at (3563): [<ffffffff811266f4>] irq_exit_rcu+0xc4/0x100
[   28.273287] ---[ end trace 0000000000000000 ]---
[   28.275675] ------------[ cut here ]------------
[   28.275866] WARNING: CPU: 1 PID: 564 at drivers/iommu/iommufd/pages.c:793 pfn_reader_user_pin+0x2e6/0x390
[   28.276228] Modules linked in:
[   28.276351] CPU: 1 PID: 564 Comm: repro Tainted: G        W          6.3.0-rc4-197b6b60ae7b+ #1
[   28.276675] Hardware name: QEMU Standard PC (i440FX + PIIX, 1996), BIOS rel-1.16.0-0-gd239552ce722-prebuilt.qemu.org 04/01/2014
[   28.277092] RIP: 0010:pfn_reader_user_pin+0x2e6/0x390
[   28.277292] Code: b1 11 e9 25 fe ff ff e8 58 9d 13 ff 31 ff 48 89 de e8 5e 9f 13 ff 48 85 db 74 0a e8 44 9d 13 ff e9 4d ff ff ff e8 3a 9d 13 ff <0f> 0b bb f2 ff ff ff e9 3c ff ff ff e8 29 9d 13 ff ba 01 00 00 00
[   28.277966] RSP: 0018:ffffc9000105ba30 EFLAGS: 00010246
[   28.278166] RAX: 0000000000000000 RBX: 0000000000000000 RCX: ffffffff8219c632
[   28.278487] RDX: 0000000000000000 RSI: ffff888010a94680 RDI: 0000000000000002
[   28.278759] RBP: ffffc9000105ba78 R08: 000000000000019e R09: 0000000000000001
[   28.279031] R10: ffff888010a95418 R11: 0000000000000000 R12: ffffc9000105bc60
[   28.279302] R13: 0000000000000002 R14: ffff88800a4c6800 R15: 0000000000000000
[   28.279600] FS:  00007fbc85b9f740(0000) GS:ffff88807dd00000(0000) knlGS:0000000000000000
[   28.279906] CS:  0010 DS: 0000 ES: 0000 CR0: 0000000080050033
[   28.280123] CR2: 0000000020000043 CR3: 000000000c930004 CR4: 0000000000770ee0
[   28.280390] PKRU: 55555554
[   28.280497] Call Trace:
[   28.280594]  <TASK>
[   28.280684]  pfn_reader_next+0x14a/0x7b0
[   28.280844]  ? interval_tree_double_span_iter_update+0x11a/0x140
[   28.281083]  pfn_reader_first+0x140/0x1b0
[   28.281248]  iopt_pages_rw_slow+0x71/0x280
[   28.281428]  iopt_pages_rw_access+0x2b2/0x5b0
[   28.281610]  iommufd_access_rw+0x19f/0x2f0
[   28.281779]  iommufd_test+0xd11/0x16f0
[   28.281931]  ? write_comp_data+0x2f/0x90
[   28.282100]  iommufd_fops_ioctl+0x206/0x330
[   28.282278]  __x64_sys_ioctl+0x10e/0x160
[   28.282450]  ? __pfx_iommufd_fops_ioctl+0x10/0x10
[   28.282643]  do_syscall_64+0x3b/0x90
[   28.282801]  entry_SYSCALL_64_after_hwframe+0x72/0xdc
[   28.283005] RIP: 0033:0x7fbc85cc459d
[   28.283150] Code: 00 c3 66 2e 0f 1f 84 00 00 00 00 00 90 f3 0f 1e fa 48 89 f8 48 89 f7 48 89 d6 48 89 ca 4d 89 c2 4d 89 c8 4c 8b 4c 24 08 0f 05 <48> 3d 01 f0 ff ff 73 01 c3 48 8b 0d d3 08 0d 00 f7 d8 64 89 01 48
[   28.283854] RSP: 002b:00007ffeebd51258 EFLAGS: 00000202 ORIG_RAX: 0000000000000010
[   28.284137] RAX: ffffffffffffffda RBX: 0000000000000000 RCX: 00007fbc85cc459d
[   28.284402] RDX: 00000000200001c0 RSI: 0000000000003ba0 RDI: 0000000000000006
[   28.284667] RBP: 00007ffeebd51270 R08: 00007ffeebd51350 R09: 00007ffeebd51350
