c[?7l[2J[0mSeaBIOS (version rel-1.16.0-0-gd239552ce722-prebuilt.qemu.org)


iPXE (http://ipxe.org) 00:03.0 CA00 PCI2.10 PnP PMM+7FF91000+7FEF1000 CA00
Press Ctrl-B to configure iPXE (PCI 00:03.0)...                                                                               


Booting from ROM..c[?7l[2J[    0.000000] Linux version 6.0.0-rc4-4fa37e49114c+ (root@p-adls01) (gcc (GCC) 8.5.0 20210514 (Red Hat 8.5.0-18), GNU ld version 2.36.1-2.el8) #1 SMP PREEMPT_DYNAMIC Mon Mar 27 11:53:08 CST 2023
[    0.000000] Command line: console=ttyS0 root=/dev/sda earlyprintk=serial net.ifnames=0
[    0.000000] KERNEL supported cpus:
[    0.000000]   Intel GenuineIntel
[    0.000000]   AMD AuthenticAMD
[    0.000000]   Hygon HygonGenuine
[    0.000000]   Centaur CentaurHauls
[    0.000000]   zhaoxin   Shanghai  
[    0.000000] x86/fpu: Supporting XSAVE feature 0x001: 'x87 floating point registers'
[    0.000000] x86/fpu: Supporting XSAVE feature 0x002: 'SSE registers'
[    0.000000] x86/fpu: Supporting XSAVE feature 0x004: 'AVX registers'
[    0.000000] x86/fpu: Supporting XSAVE feature 0x200: 'Protection Keys User registers'
[    0.000000] x86/fpu: xstate_offset[2]:  576, xstate_sizes[2]:  256
[    0.000000] x86/fpu: xstate_offset[9]:  832, xstate_sizes[9]:    8
[    0.000000] x86/fpu: Enabled xstate features 0x207, context size is 840 bytes, using 'compacted' format.
[    0.000000] signal: max sigframe size: 3632
[    0.000000] BIOS-provided physical RAM map:
[    0.000000] BIOS-e820: [mem 0x0000000000000000-0x000000000009fbff] usable
[    0.000000] BIOS-e820: [mem 0x000000000009fc00-0x000000000009ffff] reserved
[    0.000000] BIOS-e820: [mem 0x00000000000f0000-0x00000000000fffff] reserved
[    0.000000] BIOS-e820: [mem 0x0000000000100000-0x000000007ffdffff] usable
[    0.000000] BIOS-e820: [mem 0x000000007ffe0000-0x000000007fffffff] reserved
[    0.000000] BIOS-e820: [mem 0x00000000feffc000-0x00000000feffffff] reserved
[    0.000000] BIOS-e820: [mem 0x00000000fffc0000-0x00000000ffffffff] reserved
[    0.000000] printk: bootconsole [earlyser0] enabled
[    0.000000] NX (Execute Disable) protection: active
[    0.000000] SMBIOS 2.8 present.
[    0.000000] DMI: QEMU Standard PC (i440FX + PIIX, 1996), BIOS rel-1.16.0-0-gd239552ce722-prebuilt.qemu.org 04/01/2014
[    0.000000] Hypervisor detected: KVM
[    0.000000] kvm-clock: Using msrs 4b564d01 and 4b564d00
[    0.000002] kvm-clock: using sched offset of 310765192 cycles
[    0.000299] clocksource: kvm-clock: mask: 0xffffffffffffffff max_cycles: 0x1cd42e4dffb, max_idle_ns: 881590591483 ns
[    0.001226] tsc: Detected 3609.600 MHz processor
[    0.007547] last_pfn = 0x7ffe0 max_arch_pfn = 0x400000000
[    0.007928] x86/PAT: Configuration [0-7]: WB  WC  UC- UC  WB  WP  UC- WT  
[    0.015601] found SMP MP-table at [mem 0x000f5ba0-0x000f5baf]
[    0.016070] Using GB pages for direct mapping
[    0.017401] ACPI: Early table checksum verification disabled
[    0.017752] ACPI: RSDP 0x00000000000F59C0 000014 (v00 BOCHS )
[    0.018099] ACPI: RSDT 0x000000007FFE1951 000034 (v01 BOCHS  BXPC     00000001 BXPC 00000001)
[    0.018611] ACPI: FACP 0x000000007FFE17FD 000074 (v01 BOCHS  BXPC     00000001 BXPC 00000001)
[    0.019121] ACPI: DSDT 0x000000007FFE0040 0017BD (v01 BOCHS  BXPC     00000001 BXPC 00000001)
[    0.019627] ACPI: FACS 0x000000007FFE0000 000040
[    0.019906] ACPI: APIC 0x000000007FFE1871 000080 (v01 BOCHS  BXPC     00000001 BXPC 00000001)
[    0.020412] ACPI: HPET 0x000000007FFE18F1 000038 (v01 BOCHS  BXPC     00000001 BXPC 00000001)
[    0.020917] ACPI: WAET 0x000000007FFE1929 000028 (v01 BOCHS  BXPC     00000001 BXPC 00000001)
[    0.021423] ACPI: Reserving FACP table memory at [mem 0x7ffe17fd-0x7ffe1870]
[    0.021830] ACPI: Reserving DSDT table memory at [mem 0x7ffe0040-0x7ffe17fc]
[    0.022237] ACPI: Reserving FACS table memory at [mem 0x7ffe0000-0x7ffe003f]
[    0.022642] ACPI: Reserving APIC table memory at [mem 0x7ffe1871-0x7ffe18f0]
[    0.023047] ACPI: Reserving HPET table memory at [mem 0x7ffe18f1-0x7ffe1928]
[    0.023452] ACPI: Reserving WAET table memory at [mem 0x7ffe1929-0x7ffe1950]
[    0.024390] No NUMA configuration found
[    0.024614] Faking a node at [mem 0x0000000000000000-0x000000007ffdffff]
[    0.025050] NODE_DATA(0) allocated [mem 0x7ffb5000-0x7ffdffff]
[    0.028486] Zone ranges:
[    0.028665]   DMA      [mem 0x0000000000001000-0x0000000000ffffff]
[    0.029036]   DMA32    [mem 0x0000000001000000-0x000000007ffdffff]
[    0.029398]   Normal   empty
[    0.029564]   Device   empty
[    0.029731] Movable zone start for each node
[    0.029973] Early memory node ranges
[    0.030174]   node   0: [mem 0x0000000000001000-0x000000000009efff]
[    0.030529]   node   0: [mem 0x0000000000100000-0x000000007ffdffff]
[    0.030885] Initmem setup node 0 [mem 0x0000000000001000-0x000000007ffdffff]
[    0.031984] On node 0, zone DMA: 1 pages in unavailable ranges
[    0.032088] On node 0, zone DMA: 97 pages in unavailable ranges
[    0.048671] On node 0, zone DMA32: 32 pages in unavailable ranges
[    0.049224] ACPI: PM-Timer IO Port: 0x608
[    0.049836] ACPI: LAPIC_NMI (acpi_id[0xff] dfl dfl lint[0x1])
[    0.050224] IOAPIC[0]: apic_id 0, version 17, address 0xfec00000, GSI 0-23
[    0.050642] ACPI: INT_SRC_OVR (bus 0 bus_irq 0 global_irq 2 dfl dfl)
[    0.051015] ACPI: INT_SRC_OVR (bus 0 bus_irq 5 global_irq 5 high level)
[    0.051402] ACPI: INT_SRC_OVR (bus 0 bus_irq 9 global_irq 9 high level)
[    0.051789] ACPI: INT_SRC_OVR (bus 0 bus_irq 10 global_irq 10 high level)
[    0.052184] ACPI: INT_SRC_OVR (bus 0 bus_irq 11 global_irq 11 high level)
[    0.052593] ACPI: Using ACPI (MADT) for SMP configuration information
[    0.052967] ACPI: HPET id: 0x8086a201 base: 0xfed00000
[    0.053286] TSC deadline timer available
[    0.053515] smpboot: Allowing 2 CPUs, 0 hotplug CPUs
[    0.053860] kvm-guest: KVM setup pv remote TLB flush
[    0.054144] kvm-guest: setup PV sched yield
[    0.054435] PM: hibernation: Registered nosave memory: [mem 0x00000000-0x00000fff]
[    0.054869] PM: hibernation: Registered nosave memory: [mem 0x0009f000-0x0009ffff]
[    0.055300] PM: hibernation: Registered nosave memory: [mem 0x000a0000-0x000effff]
[    0.055737] PM: hibernation: Registered nosave memory: [mem 0x000f0000-0x000fffff]
[    0.056172] [mem 0x80000000-0xfeffbfff] available for PCI devices
[    0.056520] Booting paravirtualized kernel on KVM
[    0.056812] clocksource: refined-jiffies: mask: 0xffffffff max_cycles: 0xffffffff, max_idle_ns: 7645519600211568 ns
[    0.057433] setup_percpu: NR_CPUS:8192 nr_cpumask_bits:2 nr_cpu_ids:2 nr_node_ids:1
[    0.059411] percpu: Embedded 64 pages/cpu s225280 r8192 d28672 u1048576
[    0.059998] kvm-guest: PV spinlocks enabled
[    0.060254] PV qspinlock hash table entries: 256 (order: 0, 4096 bytes, linear)
[    0.060707] Fallback order for Node 0: 0 
[    0.060963] Built 1 zonelists, mobility grouping on.  Total pages: 515808
[    0.061369] Policy zone: DMA32
[    0.061552] Kernel command line: net.ifnames=0 console=ttyS0 root=/dev/sda earlyprintk=serial net.ifnames=0
[    0.063562] Dentry cache hash table entries: 262144 (order: 9, 2097152 bytes, linear)
[    0.064109] Inode-cache hash table entries: 131072 (order: 8, 1048576 bytes, linear)
[    0.064667] mem auto-init: stack:off, heap alloc:off, heap free:off
[    0.067927] Memory: 1985384K/2096632K available (32784K kernel code, 4536K rwdata, 8140K rodata, 3656K init, 22300K bss, 110992K reserved, 0K cma-reserved)
[    0.069687] SLUB: HWalign=64, Order=0-3, MinObjects=0, CPUs=2, Nodes=1
[    0.070062] kmemleak: Kernel memory leak detector disabled
[    0.070406] ftrace: allocating 66857 entries in 262 pages
[    0.090655] ftrace: allocated 262 pages with 3 groups
[    0.093425] Dynamic Preempt: voluntary
[    0.093826] Running RCU self tests
[    0.094022] rcu: Preemptible hierarchical RCU implementation.
[    0.094337] rcu: 	RCU lockdep checking is enabled.
[    0.094598] rcu: 	RCU restricting CPUs from NR_CPUS=8192 to nr_cpu_ids=2.
[    0.094970] 	Trampoline variant of Tasks RCU enabled.
[    0.095247] 	Rude variant of Tasks RCU enabled.
[    0.095495] 	Tracing variant of Tasks RCU enabled.
[    0.095757] rcu: RCU calculated value of scheduler-enlistment delay is 25 jiffies.
[    0.096171] rcu: Adjusting geometry for rcu_fanout_leaf=16, nr_cpu_ids=2
[    0.117544] NR_IRQS: 524544, nr_irqs: 440, preallocated irqs: 16
[    0.118175] rcu: srcu_init: Setting srcu_struct sizes based on contention.
[    0.123742] Console: colour VGA+ 80x25
[    0.123999] printk: console [ttyS0] enabled
[    0.123999] printk: console [ttyS0] enabled
[    0.124473] printk: bootconsole [earlyser0] disabled
[    0.124473] printk: bootconsole [earlyser0] disabled
[    0.125029] Lock dependency validator: Copyright (c) 2006 Red Hat, Inc., Ingo Molnar
[    0.125467] ... MAX_LOCKDEP_SUBCLASSES:  8
[    0.125704] ... MAX_LOCK_DEPTH:          48
[    0.125945] ... MAX_LOCKDEP_KEYS:        8192
[    0.126196] ... CLASSHASH_SIZE:          4096
[    0.126446] ... MAX_LOCKDEP_ENTRIES:     32768
[    0.126701] ... MAX_LOCKDEP_CHAINS:      65536
[    0.126957] ... CHAINHASH_SIZE:          32768
[    0.127212]  memory used by lock dependency info: 6365 kB
[    0.127520]  memory used for stack traces: 4224 kB
[    0.127794]  per task-struct memory footprint: 1920 bytes
[    0.128144] ACPI: Core revision 20220331
[    0.128562] clocksource: hpet: mask: 0xffffffff max_cycles: 0xffffffff, max_idle_ns: 19112604467 ns
[    0.129184] APIC: Switch to symmetric I/O mode setup
[    0.129616] x2apic enabled
[    0.129899] Switched APIC routing to physical x2apic.
[    0.130189] kvm-guest: setup PV IPIs
[    0.131053] ..TIMER: vector=0x30 apic1=0 pin1=2 apic2=-1 pin2=-1
[    0.131411] clocksource: tsc-early: mask: 0xffffffffffffffff max_cycles: 0x3407c077a8d, max_idle_ns: 440795342283 ns
[    0.132021] Calibrating delay loop (skipped) preset value.. 7219.20 BogoMIPS (lpj=14438400)
[    0.132496] pid_max: default: 32768 minimum: 301
[    0.132895] LSM: Security Framework initializing
[    0.133171] Yama: becoming mindful.
[    0.136402] Mount-cache hash table entries: 4096 (order: 3, 32768 bytes, linear)
[    0.136833] Mountpoint-cache hash table entries: 4096 (order: 3, 32768 bytes, linear)
[    0.138353] x86/cpu: User Mode Instruction Prevention (UMIP) activated
[    0.140215] Last level iTLB entries: 4KB 0, 2MB 0, 4MB 0
[    0.140551] Last level dTLB entries: 4KB 0, 2MB 0, 4MB 0, 1GB 0
[    0.140921] Spectre V1 : Mitigation: usercopy/swapgs barriers and __user pointer sanitization
[    0.141411] Spectre V2 : WARNING: Unprivileged eBPF is enabled with eIBRS on, data leaks possible via Spectre v2 BHB attacks!
[    0.142050] Spectre V2 : Mitigation: Enhanced IBRS
[    0.142318] Spectre V2 : Spectre v2 / SpectreRSB mitigation: Filling RSB on context switch
[    0.142771] Spectre V2 : Spectre v2 / PBRSB-eIBRS: Retire a single CALL on VMEXIT
[    0.143186] Spectre V2 : mitigation: Enabling conditional Indirect Branch Prediction Barrier
[    0.143650] Speculative Store Bypass: Mitigation: Speculative Store Bypass disabled via prctl
[    0.232662] Freeing SMP alternatives memory: 56K
[    0.233322] smpboot: CPU0: 12th Gen Intel(R) Core(TM) i7-12700K (family: 0x6, model: 0x97, stepping: 0x2)
[    0.234274] cblist_init_generic: Setting adjustable number of callback queues.
[    0.234680] cblist_init_generic: Setting shift to 1 and lim to 1.
[    0.235054] cblist_init_generic: Setting shift to 1 and lim to 1.
[    0.235427] cblist_init_generic: Setting shift to 1 and lim to 1.
[    0.235799] Running RCU-tasks wait API self tests
[    0.336091] Performance Events: Alderlake Hybrid events, full-width counters, Intel PMU driver.
[    0.336966] core: cpu_core PMU driver: 
[    0.337187] ... version:                2
[    0.337409] ... bit width:              48
[    0.337634] ... generic registers:      6
[    0.337854] ... value mask:             0000ffffffffffff
[    0.338142] ... max period:             00007fffffffffff
[    0.338432] ... fixed-purpose events:   3
[    0.338652] ... event mask:             0001000f0000003f
[    0.339110] rcu: Hierarchical SRCU implementation.
[    0.339380] rcu: 	Max phase no-delay instances is 1000.
[    0.341769] unchecked MSR access error: WRMSR to 0x38f (tried to write 0x0001000f0000003f) at rIP: 0xffffffff810cc4ec (native_write_msr+0xc/0x30)
[    0.342491] Call Trace:
[    0.342630]  <TASK>
[    0.342752]  __intel_pmu_enable_all.constprop.45+0x68/0xf0
[    0.343061]  intel_pmu_enable_all+0x1e/0x30
[    0.343298]  x86_pmu_enable+0x46d/0x5a0
[    0.343515]  ? write_comp_data+0x2f/0x90
[    0.343744]  perf_pmu_enable+0x53/0x70
[    0.343963]  ctx_resched+0xab/0xf0
[    0.344008]  __perf_install_in_context+0x347/0x4b0
[    0.344008]  ? perf_duration_warn+0x50/0x50
[    0.344008]  ? perf_duration_warn+0x50/0x50
[    0.344008]  remote_function+0x80/0xa0
[    0.344008]  ? perf_duration_warn+0x50/0x50
[    0.344008]  generic_exec_single+0x124/0x190
[    0.344008]  smp_call_function_single+0x11c/0x240
[    0.344008]  ? perf_duration_warn+0x50/0x50
[    0.344008]  ? __sanitizer_cov_trace_pc+0x25/0x60
[    0.344008]  ? write_comp_data+0x2f/0x90
[    0.344008]  perf_install_in_context+0x2e8/0x310
[    0.344008]  ? ctx_resched+0xf0/0xf0
[    0.344008]  perf_event_create_kernel_counter+0x16a/0x200
[    0.344008]  ? find_next_bit+0x40/0x40
[    0.344008]  hardlockup_detector_event_create+0x46/0xd0
[    0.344008]  hardlockup_detector_perf_init+0x18/0x66
[    0.344008]  watchdog_nmi_probe+0x17/0x1d
[    0.344008]  lockup_detector_init+0x40/0xaf
[    0.344008]  kernel_init_freeable+0x264/0x411
[    0.344008]  ? rest_init+0x240/0x240
[    0.344008]  kernel_init+0x24/0x1e0
[    0.344008]  ? rest_init+0x240/0x240
[    0.344008]  ret_from_fork+0x1f/0x30
[    0.344008]  </TASK>
[    0.344029] Callback from call_rcu_tasks_trace() invoked.
[    0.344488] smp: Bringing up secondary CPUs ...
[    0.345512] x86: Booting SMP configuration:
[    0.345759] .... node  #0, CPUs:      #1
[    0.346074] smp: Brought up 1 node, 2 CPUs
[    0.346074] smpboot: Max logical packages: 1
[    0.346074] smpboot: Total of 2 processors activated (14438.40 BogoMIPS)
[    0.349532] devtmpfs: initialized
[    0.349532] x86/mm: Memory block size: 128MB
[    0.352392] clocksource: jiffies: mask: 0xffffffff max_cycles: 0xffffffff, max_idle_ns: 7645041785100000 ns
[    0.352943] futex hash table entries: 512 (order: 4, 65536 bytes, linear)
[    0.353529] pinctrl core: initialized pinctrl subsystem
[    0.354294] 
[    0.354392] *************************************************************
[    0.354764] **     NOTICE NOTICE NOTICE NOTICE NOTICE NOTICE NOTICE    **
[    0.355134] **                                                         **
[    0.355504] **  IOMMU DebugFS SUPPORT HAS BEEN ENABLED IN THIS KERNEL  **
[    0.356021] **                                                         **
[    0.356392] ** This means that this kernel is built to expose internal **
[    0.356763] ** IOMMU data structures, which may compromise security on **
[    0.357134] ** your system.                                            **
[    0.357504] **                                                         **
[    0.357874] ** If you see this message and you are not debugging the   **
[    0.358245] ** kernel, report this immediately to your vendor!         **
[    0.358617] **                                                         **
[    0.358987] **     NOTICE NOTICE NOTICE NOTICE NOTICE NOTICE NOTICE    **
[    0.359357] *************************************************************
[    0.359762] PM: RTC time: 03:27:17, date: 2023-03-28
[    0.365800] NET: Registered PF_NETLINK/PF_ROUTE protocol family
[    0.366673] DMA: preallocated 256 KiB GFP_KERNEL pool for atomic allocations
[    0.367075] DMA: preallocated 256 KiB GFP_KERNEL|GFP_DMA pool for atomic allocations
[    0.367507] DMA: preallocated 256 KiB GFP_KERNEL|GFP_DMA32 pool for atomic allocations
[    0.367989] audit: initializing netlink subsys (disabled)
[    0.368098] audit: type=2000 audit(1679974038.486:1): state=initialized audit_enabled=0 res=1
[    0.368528] thermal_sys: Registered thermal governor 'fair_share'
[    0.368538] thermal_sys: Registered thermal governor 'bang_bang'
[    0.368878] thermal_sys: Registered thermal governor 'step_wise'
[    0.369207] thermal_sys: Registered thermal governor 'user_space'
[    0.369573] cpuidle: using governor ladder
[    0.370148] cpuidle: using governor menu
[    0.370591] acpiphp: ACPI Hot Plug PCI Controller Driver version: 0.5
[    0.371222] PCI: Using configuration type 1 for base access
[    0.384062] kprobes: kprobe jump-optimization is enabled. All kprobes are optimized if possible.
[    0.478933] HugeTLB: registered 1.00 GiB page size, pre-allocated 0 pages
[    0.479337] HugeTLB: 16380 KiB vmemmap can be freed for a 1.00 GiB page
[    0.479705] HugeTLB: registered 2.00 MiB page size, pre-allocated 0 pages
[    0.480041] HugeTLB: 28 KiB vmemmap can be freed for a 2.00 MiB page
[    0.482753] ACPI: Added _OSI(Module Device)
[    0.482998] ACPI: Added _OSI(Processor Device)
[    0.483243] ACPI: Added _OSI(3.0 _SCP Extensions)
[    0.483502] ACPI: Added _OSI(Processor Aggregator Device)
[    0.483798] ACPI: Added _OSI(Linux-Dell-Video)
[    0.484015] ACPI: Added _OSI(Linux-Lenovo-NV-HDMI-Audio)
[    0.484307] ACPI: Added _OSI(Linux-HPI-Hybrid-Graphics)
[    0.488964] ACPI: 1 ACPI AML tables successfully acquired and loaded
[    0.491808] ACPI: Interpreter enabled
[    0.492082] ACPI: PM: (supports S0 S3 S4 S5)
[    0.492318] ACPI: Using IOAPIC for interrupt routing
[    0.492618] PCI: Using host bridge windows from ACPI; if necessary, use "pci=nocrs" and report a bug
[    0.493107] PCI: Using E820 reservations for host bridge windows
[    0.493965] ACPI: Enabled 2 GPEs in block 00 to 0F
[    0.506983] ACPI: PCI Root Bridge [PCI0] (domain 0000 [bus 00-ff])
[    0.507347] acpi PNP0A03:00: _OSC: OS supports [ASPM ClockPM Segments MSI EDR HPX-Type3]
[    0.507790] acpi PNP0A03:00: _OSC: not requesting OS control; OS requires [ExtendedConfig ASPM ClockPM MSI]
[    0.508060] acpi PNP0A03:00: fail to add MMCONFIG information, can't access extended PCI configuration space under this bridge.
[    0.510526] acpiphp: Slot [3] registered
[    0.510795] acpiphp: Slot [4] registered
[    0.511062] acpiphp: Slot [5] registered
[    0.511328] acpiphp: Slot [6] registered
[    0.511605] acpiphp: Slot [7] registered
[    0.511872] acpiphp: Slot [8] registered
[    0.512062] acpiphp: Slot [9] registered
[    0.512329] acpiphp: Slot [10] registered
[    0.512600] acpiphp: Slot [11] registered
[    0.512879] acpiphp: Slot [12] registered
[    0.513150] acpiphp: Slot [13] registered
[    0.513421] acpiphp: Slot [14] registered
[    0.513692] acpiphp: Slot [15] registered
[    0.513969] acpiphp: Slot [16] registered
[    0.514245] acpiphp: Slot [17] registered
[    0.514516] acpiphp: Slot [18] registered
[    0.514788] acpiphp: Slot [19] registered
[    0.515059] acpiphp: Slot [20] registered
[    0.515336] acpiphp: Slot [21] registered
[    0.515613] acpiphp: Slot [22] registered
[    0.515884] acpiphp: Slot [23] registered
[    0.516061] acpiphp: Slot [24] registered
[    0.516332] acpiphp: Slot [25] registered
[    0.516609] acpiphp: Slot [26] registered
[    0.516882] acpiphp: Slot [27] registered
[    0.517153] acpiphp: Slot [28] registered
[    0.517423] acpiphp: Slot [29] registered
[    0.517694] acpiphp: Slot [30] registered
[    0.517971] acpiphp: Slot [31] registered
[    0.518207] PCI host bridge to bus 0000:00
[    0.518434] pci_bus 0000:00: root bus resource [io  0x0000-0x0cf7 window]
[    0.518806] pci_bus 0000:00: root bus resource [io  0x0d00-0xffff window]
[    0.519177] pci_bus 0000:00: root bus resource [mem 0x000a0000-0x000bffff window]
[    0.519585] pci_bus 0000:00: root bus resource [mem 0x80000000-0xfebfffff window]
[    0.519994] pci_bus 0000:00: root bus resource [mem 0x100000000-0x17fffffff window]
[    0.520012] pci_bus 0000:00: root bus resource [bus 00-ff]
[    0.520391] pci 0000:00:00.0: [8086:1237] type 00 class 0x060000
[    0.522977] pci 0000:00:01.0: [8086:7000] type 00 class 0x060100
[    0.523827] pci 0000:00:01.1: [8086:7010] type 00 class 0x010180
[    0.524931] pci 0000:00:01.1: reg 0x20: [io  0xc040-0xc04f]
[    0.525653] pci 0000:00:01.1: legacy IDE quirk: reg 0x10: [io  0x01f0-0x01f7]
[    0.526044] pci 0000:00:01.1: legacy IDE quirk: reg 0x14: [io  0x03f6]
[    0.526401] pci 0000:00:01.1: legacy IDE quirk: reg 0x18: [io  0x0170-0x0177]
[    0.526791] pci 0000:00:01.1: legacy IDE quirk: reg 0x1c: [io  0x0376]
[    0.527340] pci 0000:00:01.3: [8086:7113] type 00 class 0x068000
[    0.527890] pci 0000:00:01.3: quirk: [io  0x0600-0x063f] claimed by PIIX4 ACPI
[    0.528017] pci 0000:00:01.3: quirk: [io  0x0700-0x070f] claimed by PIIX4 SMB
[    0.528615] pci 0000:00:02.0: [1234:1111] type 00 class 0x030000
[    0.531036] pci 0000:00:02.0: reg 0x10: [mem 0xfd000000-0xfdffffff pref]
[    0.532715] pci 0000:00:02.0: reg 0x18: [mem 0xfebf0000-0xfebf0fff]
[    0.535711] pci 0000:00:02.0: reg 0x30: [mem 0xfebe0000-0xfebeffff pref]
[    0.536135] pci 0000:00:02.0: Video device with shadowed ROM at [mem 0x000c0000-0x000dffff]
[    0.538960] pci 0000:00:03.0: [8086:100e] type 00 class 0x020000
[    0.539803] pci 0000:00:03.0: reg 0x10: [mem 0xfebc0000-0xfebdffff]
[    0.540450] pci 0000:00:03.0: reg 0x14: [io  0xc000-0xc03f]
[    0.542284] pci 0000:00:03.0: reg 0x30: [mem 0xfeb80000-0xfebbffff pref]
[    0.550173] ACPI: PCI: Interrupt link LNKA configured for IRQ 10
[    0.550829] ACPI: PCI: Interrupt link LNKB configured for IRQ 10
[    0.551577] ACPI: PCI: Interrupt link LNKC configured for IRQ 11
[    0.552212] ACPI: PCI: Interrupt link LNKD configured for IRQ 11
[    0.552701] ACPI: PCI: Interrupt link LNKS configured for IRQ 9
[    0.554080] iommu: Default domain type: Translated 
[    0.554379] iommu: DMA domain TLB invalidation policy: lazy mode 
[    0.555639] SCSI subsystem initialized
[    0.556093] ACPI: bus type USB registered
[    0.556392] usbcore: registered new interface driver usbfs
[    0.556744] usbcore: registered new interface driver hub
[    0.557076] usbcore: registered new device driver usb
[    0.557449] pps_core: LinuxPPS API ver. 1 registered
[    0.557740] pps_core: Software ver. 5.3.6 - Copyright 2005-2007 Rodolfo Giometti <giometti@linux.it>
[    0.558285] PTP clock support registered
[    0.558658] EDAC MC: Ver: 3.0.0
[    0.560326] NetLabel: Initializing
[    0.560541] NetLabel:  domain hash size = 128
[    0.560799] NetLabel:  protocols = UNLABELED CIPSOv4 CALIPSO
[    0.561188] NetLabel:  unlabeled traffic allowed by default
[    0.561822] PCI: Using ACPI for IRQ routing
[    0.562243] pci 0000:00:02.0: vgaarb: setting as boot VGA device
[    0.562605] pci 0000:00:02.0: vgaarb: bridge control possible
[    0.562942] pci 0000:00:02.0: vgaarb: VGA device added: decodes=io+mem,owns=io+mem,locks=none
[    0.563438] vgaarb: loaded
[    0.563927] hpet0: at MMIO 0xfed00000, IRQs 2, 8, 0
[    0.564013] hpet0: 3 comparators, 64-bit 100.000000 MHz counter
[    2.626901] clocksource: Switched to clocksource kvm-clock
[    2.627919] VFS: Disk quotas dquot_6.6.0
[    2.627919] VFS: Dquot-cache hash table entries: 512 (order 0, 4096 bytes)
[    2.627919] pnp: PnP ACPI init
[    2.627919] pnp: PnP ACPI: found 6 devices
[    2.637512] clocksource: acpi_pm: mask: 0xffffff max_cycles: 0xffffff, max_idle_ns: 2085701024 ns
[    2.638378] NET: Registered PF_INET protocol family
[    2.638836] IP idents hash table entries: 32768 (order: 6, 262144 bytes, linear)
[    2.640024] tcp_listen_portaddr_hash hash table entries: 1024 (order: 4, 73728 bytes, linear)
[    2.640562] Table-perturb hash table entries: 65536 (order: 6, 262144 bytes, linear)
[    2.641014] TCP established hash table entries: 16384 (order: 5, 131072 bytes, linear)
[    2.641645] TCP bind hash table entries: 16384 (order: 9, 2359296 bytes, linear)
[    2.643767] TCP: Hash tables configured (established 16384 bind 16384)
[    2.644891] UDP hash table entries: 1024 (order: 5, 163840 bytes, linear)
[    2.645390] UDP-Lite hash table entries: 1024 (order: 5, 163840 bytes, linear)
[    2.645981] NET: Registered PF_UNIX/PF_LOCAL protocol family
[    2.646673] RPC: Registered named UNIX socket transport module.
[    2.647035] RPC: Registered udp transport module.
[    2.647311] RPC: Registered tcp transport module.
[    2.647583] RPC: Registered tcp NFSv4.1 backchannel transport module.
[    2.647966] pci_bus 0000:00: resource 4 [io  0x0000-0x0cf7 window]
[    2.648339] pci_bus 0000:00: resource 5 [io  0x0d00-0xffff window]
[    2.648702] pci_bus 0000:00: resource 6 [mem 0x000a0000-0x000bffff window]
[    2.649103] pci_bus 0000:00: resource 7 [mem 0x80000000-0xfebfffff window]
[    2.649505] pci_bus 0000:00: resource 8 [mem 0x100000000-0x17fffffff window]
[    2.650100] pci 0000:00:01.0: PIIX3: Enabling Passive Release
[    2.650445] pci 0000:00:00.0: Limiting direct PCI/PCI transfers
[    2.650869] PCI: CLS 0 bytes, default 64
[    2.651139] ACPI: bus type thunderbolt registered
[    2.651660] clocksource: tsc: mask: 0xffffffffffffffff max_cycles: 0x3407c077a8d, max_idle_ns: 440795342283 ns
[    2.668381] Callback from call_rcu_tasks_rude() invoked.
[    2.728063] Callback from call_rcu_tasks() invoked.
[    2.761902] Initialise system trusted keyrings
[    2.762258] Key type blacklist registered
[    2.762677] workingset: timestamp_bits=36 max_order=19 bucket_order=0
[    2.771079] zbud: loaded
[    2.772837] squashfs: version 4.0 (2009/01/31) Phillip Lougher
[    2.774633] NFS: Registering the id_resolver key type
[    2.774986] Key type id_resolver registered
[    2.775230] Key type id_legacy registered
[    2.775542] nfs4filelayout_init: NFSv4 File Layout Driver Registering...
[    2.775968] nfs4flexfilelayout_init: NFSv4 Flexfile Layout Driver Registering...
[    2.776519] fuse: init (API version 7.36)
[    2.777053] SGI XFS with ACLs, security attributes, realtime, quota, no debug enabled
[    2.778984] 9p: Installing v9fs 9p2000 file system support
[    2.785207] Key type asymmetric registered
[    2.785507] Asymmetric key parser 'x509' registered
[    2.786860] alg: self-tests for CTR-KDF (hmac(sha256)) passed
[    2.787243] Block layer SCSI generic (bsg) driver version 0.4 loaded (major 243)
[    2.787795] io scheduler mq-deadline registered
[    2.788106] io scheduler bfq registered
[    2.789162] shpchp: Standard Hot Plug PCI Controller Driver version: 0.4
[    2.789895] IPMI message handler: version 39.2
[    2.790186] ipmi device interface
[    2.791733] input: Power Button as /devices/LNXSYSTM:00/LNXPWRBN:00/input/input0
[    2.792555] ACPI: button: Power Button [PWRF]
[    2.793655] ERST DBG: ERST support is disabled.
[    2.794485] Serial: 8250/16550 driver, 32 ports, IRQ sharing enabled
[    2.795207] 00:04: ttyS0 at I/O 0x3f8 (irq = 4, base_baud = 115200) is a 16550A
[    2.803173] Linux agpgart interface v0.103
[    2.803921] ACPI: bus type drm_connector registered
[    2.818994] brd: module loaded
[    2.825126] loop: module loaded
[    2.828707] scsi host0: ata_piix
[    2.829419] scsi host1: ata_piix
[    2.829745] ata1: PATA max MWDMA2 cmd 0x1f0 ctl 0x3f6 bmdma 0xc040 irq 14
[    2.830122] ata2: PATA max MWDMA2 cmd 0x170 ctl 0x376 bmdma 0xc048 irq 15
[    2.831302] tun: Universal TUN/TAP device driver, 1.6
[    2.831809] e100: Intel(R) PRO/100 Network Driver
[    2.832086] e100: Copyright(c) 1999-2006 Intel Corporation
[    2.832416] e1000: Intel(R) PRO/1000 Network Driver
[    2.832687] e1000: Copyright (c) 1999-2006 Intel Corporation.
[    2.968473] ACPI: \_SB_.LNKC: Enabled at IRQ 11
[    2.988226] ata2: found unknown device (class 0)
[    2.988734] ata1: found unknown device (class 0)
[    2.989439] ata2.00: ATAPI: QEMU DVD-ROM, 2.5+, max UDMA/100
[    2.989906] ata1.00: ATA-7: QEMU HARDDISK, 2.5+, max UDMA/100
[    2.990235] ata1.00: 16777216 sectors, multi 16: LBA48 
[    2.991519] scsi 0:0:0:0: Direct-Access     ATA      QEMU HARDDISK    2.5+ PQ: 0 ANSI: 5
[    2.992998] sd 0:0:0:0: Attached scsi generic sg0 type 0
[    2.993212] sd 0:0:0:0: [sda] 16777216 512-byte logical blocks: (8.59 GB/8.00 GiB)
[    2.993847] scsi 1:0:0:0: CD-ROM            QEMU     QEMU DVD-ROM     2.5+ PQ: 0 ANSI: 5
[    2.993853] sd 0:0:0:0: [sda] Write Protect is off
[    2.994785] sd 0:0:0:0: [sda] Write cache: enabled, read cache: enabled, doesn't support DPO or FUA
[    2.995491] sd 0:0:0:0: [sda] Preferred minimum I/O size 512 bytes
[    3.021322] scsi 1:0:0:0: Attached scsi generic sg1 type 5
[    3.021860] sd 0:0:0:0: [sda] Attached SCSI disk
[    3.288031] e1000 0000:00:03.0 eth0: (PCI:33MHz:32-bit) 52:54:00:12:34:56
[    3.288468] e1000 0000:00:03.0 eth0: Intel(R) PRO/1000 Network Connection
[    3.288954] e1000e: Intel(R) PRO/1000 Network Driver
[    3.289246] e1000e: Copyright(c) 1999 - 2015 Intel Corporation.
[    3.289658] igb: Intel(R) Gigabit Ethernet Network Driver
[    3.289978] igb: Copyright (c) 2007-2014 Intel Corporation.
[    3.290397] PPP generic driver version 2.4.2
[    3.291017] VFIO - User Level meta-driver version: 0.3
[    3.291350] ehci_hcd: USB 2.0 'Enhanced' Host Controller (EHCI) Driver
[    3.291742] ehci-pci: EHCI PCI platform driver
[    3.292051] ehci-platform: EHCI generic platform driver
[    3.292375] ohci_hcd: USB 1.1 'Open' Host Controller (OHCI) Driver
[    3.292742] ohci-pci: OHCI PCI platform driver
[    3.293027] ohci-platform: OHCI generic platform driver
[    3.293350] uhci_hcd: USB Universal Host Controller Interface driver
[    3.293966] usbcore: registered new interface driver uas
[    3.294331] usbcore: registered new interface driver usb-storage
[    3.294789] i8042: PNP: PS/2 Controller [PNP0303:KBD,PNP0f13:MOU] at 0x60,0x64 irq 1,12
[    3.295810] serio: i8042 KBD port at 0x60,0x64 irq 1
[    3.296151] serio: i8042 AUX port at 0x60,0x64 irq 12
[    3.297085] mousedev: PS/2 mouse device common for all mice
[    3.298215] input: AT Translated Set 2 keyboard as /devices/platform/i8042/serio0/input/input1
[    3.299486] input: VirtualPS/2 VMware VMMouse as /devices/platform/i8042/serio1/input/input4
[    3.300098] rtc_cmos 00:05: RTC can wake from S4
[    3.300472] input: VirtualPS/2 VMware VMMouse as /devices/platform/i8042/serio1/input/input3
[    3.301150] rtc_cmos 00:05: registered as rtc0
[    3.301473] rtc_cmos 00:05: setting system clock to 2023-03-28T03:27:20 UTC (1679974040)
[    3.302064] rtc_cmos 00:05: alarms up to one day, y3k, 242 bytes nvram, hpet irqs
[    3.302523] i2c_dev: i2c /dev entries driver
[    3.302817] device-mapper: core: CONFIG_IMA_DISABLE_HTABLE is disabled. Duplicate IMA measurements will not be recorded in the IMA log.
[    3.303603] device-mapper: uevent: version 1.0.3
[    3.304110] device-mapper: ioctl: 4.47.0-ioctl (2022-07-28) initialised: dm-devel@redhat.com
[    3.304609] intel_pstate: CPU model not supported
[    3.304965] sdhci: Secure Digital Host Controller Interface driver
[    3.305325] sdhci: Copyright(c) Pierre Ossman
[    3.305640] sdhci-pltfm: SDHCI platform and OF driver helper
[    3.306045] ledtrig-cpu: registered to indicate activity on CPUs
[    3.306686] drop_monitor: Initializing network drop monitor service
[    3.307460] NET: Registered PF_INET6 protocol family
[    3.309566] Segment Routing with IPv6
[    3.309818] In-situ OAM (IOAM) with IPv6
[    3.310080] NET: Registered PF_PACKET protocol family
[    3.310595] 9pnet: Installing 9P2000 support
[    3.310907] Key type dns_resolver registered
[    3.311770] IPI shorthand broadcast: enabled
[    3.312096] sched_clock: Marking stable (3302580685, 9450360)->(3338303613, -26272568)
[    3.313049] registered taskstats version 1
[    3.313413] Loading compiled-in X.509 certificates
[    3.313926] zswap: loaded using pool lzo/zbud
[    3.314679] Key type ._fscrypt registered
[    3.314926] Key type .fscrypt registered
[    3.315162] Key type fscrypt-provisioning registered
[    3.316188] Key type encrypted registered
[    3.316480] ima: No TPM chip found, activating TPM-bypass!
[    3.316832] ima: Allocated hash algorithm: sha1
[    3.317129] ima: No architecture policies found
[    3.317462] evm: Initialising EVM extended attributes:
[    3.317762] evm: security.selinux
[    3.317960] evm: security.SMACK64
[    3.318159] evm: security.SMACK64EXEC
[    3.318377] evm: security.SMACK64TRANSMUTE
[    3.318620] evm: security.SMACK64MMAP
[    3.318837] evm: security.apparmor
[    3.319047] evm: security.ima
[    3.319226] evm: security.capability
[    3.319441] evm: HMAC attrs: 0x1
[    3.323351] PM:   Magic number: 15:327:463
[    3.323924] RAS: Correctable Errors collector initialized.
[    3.325218] md: Waiting for all devices to be available before autodetect
[    3.325490] md: If you don't use raid, use raid=noautodetect
[    3.325717] md: Autodetecting RAID arrays.
[    3.325889] md: autorun ...
[    3.326006] md: ... autorun DONE.
[    3.328729] EXT4-fs (sda): INFO: recovery required on readonly filesystem
[    3.329022] EXT4-fs (sda): write access will be enabled during recovery
[    3.378357] EXT4-fs (sda): recovery complete
[    3.384372] EXT4-fs (sda): mounted filesystem with ordered data mode. Quota mode: none.
[    3.384746] VFS: Mounted root (ext4 filesystem) readonly on device 8:0.
[    3.385526] devtmpfs: mounted
[    3.392206] Freeing unused decrypted memory: 2036K
[    3.393891] Freeing unused kernel image (initmem) memory: 3656K
[    3.394166] Write protecting the kernel read-only data: 43008k
[    3.396594] Freeing unused kernel image (text/rodata gap) memory: 2028K
[    3.396945] Freeing unused kernel image (rodata/data gap) memory: 52K
[    3.474313] x86/mm: Checked W+X mappings: passed, no W+X pages found.
[    3.474621] Run /sbin/init as init process
[    3.537394] systemd[1]: RTC configured in localtime, applying delta of 0 minutes to system time.
[    3.557852] systemd[1]: systemd 239 (239-49.el8) running in system mode. (+PAM +AUDIT +SELINUX +IMA -APPARMOR +SMACK +SYSVINIT +UTMP +LIBCRYPTSETUP +GCRYPT +GNUTLS +ACL +XZ +LZ4 +SECCOMP +BLKID +ELFUTILS +KMOD +IDN2 -IDN +PCRE2 default-hierarchy=legacy)
[    3.558851] systemd[1]: Detected virtualization kvm.
[    3.559063] systemd[1]: Detected architecture x86-64.

Welcome to [0;31mCentOS Stream 8[0m!

[    3.607557] systemd[1]: Set hostname to <test>.
[    5.528067] random: crng init done
[    5.621095] systemd[1]: Set up automount Arbitrary Executable File Formats File System Automount Point.
[[0;32m  OK  [0m] Set up automount Arbitrary Executabâ€¦rmats File System Automount Point.
[    5.622413] systemd[1]: Listening on Journal Socket.
[[0;32m  OK  [0m] Listening on Journal Socket.
[    5.648321] systemd[1]: Starting Remount Root and Kernel File Systems...
         Starting Remount Root and Kernel File Systems...
[    5.651008] systemd[1]: Starting Setup Virtual Console...
         Starting Setup Virtual Console...
[    5.659966] systemd[1]: Mounting POSIX Message Queue File System...
         Mounting POSIX Message Queue File System...
[    5.665253] systemd[1]: Mounting Huge Pages File System...
         Mounting Huge Pages File System...
[[0;32m  OK  [0m] Created slice system-sshd\x2dkeygen.slice.
[[0;32m  OK  [0m] Started Forward Password Requests to Wall Directory Watch.
[[0;32m  OK  [0m] Created slice system-serial\x2dgetty.slice.
         Mounting Kernel Debug File System...
[[0;32m  OK  [0m] Listening on Journal Socket (/dev/log).
[[0;32m  OK  [0m] Listening on initctl Compatibility Named Pipe.
[[0;32m  OK  [0m] Created slice system-getty.slice.
[[0;32m  OK  [0m] Listening on Process Core Dump Socket.
[[0;32m  OK  [0m] Reached target Swap.
[[0;32m  OK  [0m] Listening on multipathd control socket.
[[0;32m  OK  [0m] Listening on RPCbind Server Activation Socket.
[[0;32m  OK  [0m] Reached target RPC Port Mapper.
         Starting Journal Service...
[[0;32m  OK  [0m] Created slice User and Session Slice.
[[0;32m  OK  [0m] Reached target Slices.
[[0;32m  OK  [0m] Listening on udev Control Socket.
[[0;32m  OK  [0m] Listening on LVM2 poll daemon socket.
[[0;32m  OK  [0m] Listening on udev Kernel Socket.
         Starting udev Coldplug all Devices...
[[0;32m  OK  [0m] Listening on Device-mapper event daemon FIFOs.
         Starting Monitoring of LVM2 mirrorsâ€¦ng dmeventd or progress polling...
         Starting Load Kernel Modules...
[    5.804134] EXT4-fs (sda): re-mounted. Quota mode: none.
[[0;32m  OK  [0m] Started Remount Root and Kernel File Systems.
[[0;32m  OK  [0m] Mounted POSIX Message Queue File System.
[[0;32m  OK  [0m] Mounted Huge Pages File System.
[[0;32m  OK  [0m] Mounted Kernel Debug File System.
[[0;1;31mFAILED[0m] Failed to start Load Kernel Modules.
See 'systemctl status systemd-modules-load.service' for details.
         Mounting Kernel Configuration File System...
         Mounting FUSE Control File System...
         Starting Apply Kernel Variables...
         Starting Load/Save Random Seed...
         Starting Create Static Device Nodes in /dev...
[[0;32m  OK  [0m] Started Journal Service.
[[0;32m  OK  [0m] Started Setup Virtual Console.
[[0;32m  OK  [0m] Mounted Kernel Configuration File System.
[[0;32m  OK  [0m] Mounted FUSE Control File System.
[[0;32m  OK  [0m] Started Apply Kernel Variables.
[[0;32m  OK  [0m] Started Load/Save Random Seed.
         Starting Flush Journal to Persistent Storage...
[[0;32m  OK  [0m] Started Create Static Device Nodes in /dev.
         Starting udev Kernel Device Manager...
[[0;32m  OK  [0m] Started Flush Journal to Persistent Storage.
[[0;32m  OK  [0m] Started udev Coldplug all Devices.
         Starting udev Wait for Complete Device Initialization...
[[0;32m  OK  [0m] Started udev Kernel Device Manager.
         Starting Show Plymouth Boot Screen...
[[0;32m  OK  [0m] Started Show Plymouth Boot Screen.
[[0;32m  OK  [0m] Started Forward Password Requests to Plymouth Directory Watch.
[[0;32m  OK  [0m] Reached target Paths.
[[0;32m  OK  [0m] Reached target Local Encrypted Volumes.
[[0;32m  OK  [0m] Found device /dev/ttyS0.
[[0;32m  OK  [0m] Started udev Wait for Complete Device Initialization.
[[0;32m  OK  [0m] Started Monitoring of LVM2 mirrors,â€¦sing dmeventd or progress polling.
[[0;32m  OK  [0m] Listening on Load/Save RF Kill Switch Status /dev/rfkill Watch.
[[0;32m  OK  [0m] Reached target Local File Systems (Pre).
[[0;32m  OK  [0m] Reached target Local File Systems.
         Starting Tell Plymouth To Write Out Runtime Data...
         Starting Restore /run/initramfs on shutdown...
         Starting Create Volatile Files and Directories...
[[0;32m  OK  [0m] Started Tell Plymouth To Write Out Runtime Data.
[[0;32m  OK  [0m] Started Restore /run/initramfs on shutdown.
[[0;32m  OK  [0m] Started Create Volatile Files and Directories.
         Starting RPC Bind...
         Starting Security Auditing Service...
         Mounting RPC Pipe File System...
[[0;32m  OK  [0m] Mounted RPC Pipe File System.
[[0;32m  OK  [0m] Reached target rpc_pipefs.target.
[[0;32m  OK  [0m] Started RPC Bind.
[[0;32m  OK  [0m] Started Security Auditing Service.
         Starting Update UTMP about System Boot/Shutdown...
[[0;32m  OK  [0m] Started Update UTMP about System Boot/Shutdown.
[[0;32m  OK  [0m] Reached target System Initialization.
[[0;32m  OK  [0m] Started dnf makecache --timer.
[[0;32m  OK  [0m] Listening on SSSD Kerberos Cache Manager responder socket.
[[0;32m  OK  [0m] Started Daily Cleanup of Temporary Directories.
[[0;32m  OK  [0m] Listening on D-Bus System Message Bus Socket.
[[0;32m  OK  [0m] Reached target Sockets.
[[0;32m  OK  [0m] Reached target Basic System.
         Starting Login Service...
         Starting NTP client/server...
         Starting Self Monitoring and Reporting Technology (SMART) Daemon...
         Starting Auto-connect to subsystemsâ€¦-NVME devices found during boot...
[[0;32m  OK  [0m] Started irqbalance daemon.
[[0;32m  OK  [0m] Started Machine Check Exception Logging Daemon.
[[0;32m  OK  [0m] Reached target sshd-keygen.target.
[[0;32m  OK  [0m] Started D-Bus System Message Bus.
         Starting Network Manager...
[[0;32m  OK  [0m] Started daily update of the root trust anchor for DNSSEC.
[[0;32m  OK  [0m] Reached target Timers.
         Starting Authorization Manager...
[[0;32m  OK  [0m] Started Auto-connect to subsystems â€¦FC-NVME devices found during boot.
[[0;32m  OK  [0m] Started Self Monitoring and Reporting Technology (SMART) Daemon.
         Starting update of the root trust aâ€¦or DNSSEC validation in unbound...
[[0;32m  OK  [0m] Started Login Service.
[[0;32m  OK  [0m] Started NTP client/server.
[[0;32m  OK  [0m] Started Network Manager.
[[0;32m  OK  [0m] Reached target Network.
         Starting Dynamic System Tuning Daemon...
         Starting GSSAPI Proxy Daemon...
         Starting OpenSSH server daemon...
         Starting Network Manager Wait Online...
[[0;32m  OK  [0m] Started update of the root trust anâ€¦ for DNSSEC validation in unbound.
         Starting Hostname Service...
[[0;32m  OK  [0m] Started Authorization Manager.
[[0;32m  OK  [0m] Started GSSAPI Proxy Daemon.
[[0;32m  OK  [0m] Reached target NFS client services.
[[0;32m  OK  [0m] Reached target Remote File Systems (Pre).
[[0;32m  OK  [0m] Reached target Remote File Systems.
         Starting Permit User Sessions...
[[0;32m  OK  [0m] Started OpenSSH server daemon.
[[0;32m  OK  [0m] Started Permit User Sessions.
         Starting Hold until boot process finishes up...
[[0;32m  OK  [0m] Started Command Scheduler.
         Starting Terminate Plymouth Boot Screen...
[    7.480142] e1000: eth0 NIC Link is Up 1000 Mbps Full Duplex, Flow Control: RX
[    7.480835] IPv6: ADDRCONF(NETDEV_CHANGE): eth0: link becomes ready
[    7.610730] Spectre V2 : WARNING: Unprivileged eBPF is enabled with eIBRS on, data leaks possible via Spectre v2 BHB attacks!
[    7.611259] Spectre V2 : WARNING: Unprivileged eBPF is enabled with eIBRS on, data leaks possible via Spectre v2 BHB attacks!

CentOS Stream 8
Kernel 6.0.0-rc4-4fa37e49114c+ on an x86_64

test login: 