c[?7l[2J[0mSeaBIOS (version rel-1.16.0-0-gd239552ce722-prebuilt.qemu.org)


iPXE (http://ipxe.org) 00:03.0 CA00 PCI2.10 PnP PMM+7FF91000+7FEF1000 CA00
Press Ctrl-B to configure iPXE (PCI 00:03.0)...                                                                               


Booting from ROM..c[?7l[2J[    0.000000] Linux version 6.1.0-rc3-658234de0d2e+ (root@p-adls01) (gcc (GCC) 8.5.0 20210514 (Red Hat 8.5.0-18), GNU ld version 2.36.1-2.el8) #1 SMP PREEMPT_DYNAMIC Tue Mar 14 00:53:02 CST 2023
[    0.000000] Command line: console=ttyS0 root=/dev/sda earlyprintk=serial net.ifnames=0
[    0.000000] KERNEL supported cpus:
[    0.000000]   Intel GenuineIntel
[    0.000000]   AMD AuthenticAMD
[    0.000000]   Hygon HygonGenuine
[    0.000000]   Centaur CentaurHauls
[    0.000000]   zhaoxin   Shanghai  
[    0.000000] x86/fpu: Supporting XSAVE feature 0x001: 'x87 floating point registers'
[    0.000000] x86/fpu: Supporting XSAVE feature 0x002: 'SSE registers'
[    0.000000] x86/fpu: Supporting XSAVE feature 0x004: 'AVX registers'
[    0.000000] x86/fpu: Supporting XSAVE feature 0x200: 'Protection Keys User registers'
[    0.000000] x86/fpu: xstate_offset[2]:  576, xstate_sizes[2]:  256
[    0.000000] x86/fpu: xstate_offset[9]:  832, xstate_sizes[9]:    8
[    0.000000] x86/fpu: Enabled xstate features 0x207, context size is 840 bytes, using 'compacted' format.
[    0.000000] signal: max sigframe size: 3632
[    0.000000] BIOS-provided physical RAM map:
[    0.000000] BIOS-e820: [mem 0x0000000000000000-0x000000000009fbff] usable
[    0.000000] BIOS-e820: [mem 0x000000000009fc00-0x000000000009ffff] reserved
[    0.000000] BIOS-e820: [mem 0x00000000000f0000-0x00000000000fffff] reserved
[    0.000000] BIOS-e820: [mem 0x0000000000100000-0x000000007ffdffff] usable
[    0.000000] BIOS-e820: [mem 0x000000007ffe0000-0x000000007fffffff] reserved
[    0.000000] BIOS-e820: [mem 0x00000000feffc000-0x00000000feffffff] reserved
[    0.000000] BIOS-e820: [mem 0x00000000fffc0000-0x00000000ffffffff] reserved
[    0.000000] printk: bootconsole [earlyser0] enabled
[    0.000000] NX (Execute Disable) protection: active
[    0.000000] SMBIOS 2.8 present.
[    0.000000] DMI: QEMU Standard PC (i440FX + PIIX, 1996), BIOS rel-1.16.0-0-gd239552ce722-prebuilt.qemu.org 04/01/2014
[    0.000000] Hypervisor detected: KVM
[    0.000000] kvm-clock: Using msrs 4b564d01 and 4b564d00
[    0.000002] kvm-clock: using sched offset of 321958333 cycles
[    0.000304] clocksource: kvm-clock: mask: 0xffffffffffffffff max_cycles: 0x1cd42e4dffb, max_idle_ns: 881590591483 ns
[    0.001236] tsc: Detected 3609.600 MHz processor
[    0.007415] last_pfn = 0x7ffe0 max_arch_pfn = 0x400000000
[    0.007792] x86/PAT: Configuration [0-7]: WB  WC  UC- UC  WB  WP  UC- WT  
[    0.016017] found SMP MP-table at [mem 0x000f5ba0-0x000f5baf]
[    0.016495] Using GB pages for direct mapping
[    0.017810] ACPI: Early table checksum verification disabled
[    0.018157] ACPI: RSDP 0x00000000000F59C0 000014 (v00 BOCHS )
[    0.018498] ACPI: RSDT 0x000000007FFE1951 000034 (v01 BOCHS  BXPC     00000001 BXPC 00000001)
[    0.019004] ACPI: FACP 0x000000007FFE17FD 000074 (v01 BOCHS  BXPC     00000001 BXPC 00000001)
[    0.019506] ACPI: DSDT 0x000000007FFE0040 0017BD (v01 BOCHS  BXPC     00000001 BXPC 00000001)
[    0.020001] ACPI: FACS 0x000000007FFE0000 000040
[    0.020288] ACPI: APIC 0x000000007FFE1871 000080 (v01 BOCHS  BXPC     00000001 BXPC 00000001)
[    0.020789] ACPI: HPET 0x000000007FFE18F1 000038 (v01 BOCHS  BXPC     00000001 BXPC 00000001)
[    0.021284] ACPI: WAET 0x000000007FFE1929 000028 (v01 BOCHS  BXPC     00000001 BXPC 00000001)
[    0.021778] ACPI: Reserving FACP table memory at [mem 0x7ffe17fd-0x7ffe1870]
[    0.022178] ACPI: Reserving DSDT table memory at [mem 0x7ffe0040-0x7ffe17fc]
[    0.022583] ACPI: Reserving FACS table memory at [mem 0x7ffe0000-0x7ffe003f]
[    0.022983] ACPI: Reserving APIC table memory at [mem 0x7ffe1871-0x7ffe18f0]
[    0.023382] ACPI: Reserving HPET table memory at [mem 0x7ffe18f1-0x7ffe1928]
[    0.023781] ACPI: Reserving WAET table memory at [mem 0x7ffe1929-0x7ffe1950]
[    0.024727] No NUMA configuration found
[    0.024947] Faking a node at [mem 0x0000000000000000-0x000000007ffdffff]
[    0.025377] NODE_DATA(0) allocated [mem 0x7ffb5000-0x7ffdffff]
[    0.028400] Zone ranges:
[    0.028567]   DMA      [mem 0x0000000000001000-0x0000000000ffffff]
[    0.028920]   DMA32    [mem 0x0000000001000000-0x000000007ffdffff]
[    0.029274]   Normal   empty
[    0.029440]   Device   empty
[    0.029607] Movable zone start for each node
[    0.029850] Early memory node ranges
[    0.030052]   node   0: [mem 0x0000000000001000-0x000000000009efff]
[    0.030408]   node   0: [mem 0x0000000000100000-0x000000007ffdffff]
[    0.030767] Initmem setup node 0 [mem 0x0000000000001000-0x000000007ffdffff]
[    0.031426] On node 0, zone DMA: 1 pages in unavailable ranges
[    0.031528] On node 0, zone DMA: 97 pages in unavailable ranges
[    0.047473] On node 0, zone DMA32: 32 pages in unavailable ranges
[    0.048011] ACPI: PM-Timer IO Port: 0x608
[    0.048619] ACPI: LAPIC_NMI (acpi_id[0xff] dfl dfl lint[0x1])
[    0.049005] IOAPIC[0]: apic_id 0, version 17, address 0xfec00000, GSI 0-23
[    0.049413] ACPI: INT_SRC_OVR (bus 0 bus_irq 0 global_irq 2 dfl dfl)
[    0.049777] ACPI: INT_SRC_OVR (bus 0 bus_irq 5 global_irq 5 high level)
[    0.050155] ACPI: INT_SRC_OVR (bus 0 bus_irq 9 global_irq 9 high level)
[    0.050535] ACPI: INT_SRC_OVR (bus 0 bus_irq 10 global_irq 10 high level)
[    0.050922] ACPI: INT_SRC_OVR (bus 0 bus_irq 11 global_irq 11 high level)
[    0.051329] ACPI: Using ACPI (MADT) for SMP configuration information
[    0.051694] ACPI: HPET id: 0x8086a201 base: 0xfed00000
[    0.052000] TSC deadline timer available
[    0.052226] smpboot: Allowing 2 CPUs, 0 hotplug CPUs
[    0.052572] kvm-guest: KVM setup pv remote TLB flush
[    0.052856] kvm-guest: setup PV sched yield
[    0.053147] PM: hibernation: Registered nosave memory: [mem 0x00000000-0x00000fff]
[    0.053581] PM: hibernation: Registered nosave memory: [mem 0x0009f000-0x0009ffff]
[    0.054008] PM: hibernation: Registered nosave memory: [mem 0x000a0000-0x000effff]
[    0.054435] PM: hibernation: Registered nosave memory: [mem 0x000f0000-0x000fffff]
[    0.054866] [mem 0x80000000-0xfeffbfff] available for PCI devices
[    0.055213] Booting paravirtualized kernel on KVM
[    0.055494] clocksource: refined-jiffies: mask: 0xffffffff max_cycles: 0xffffffff, max_idle_ns: 7645519600211568 ns
[    0.056100] setup_percpu: NR_CPUS:8192 nr_cpumask_bits:2 nr_cpu_ids:2 nr_node_ids:1
[    0.057659] percpu: Embedded 64 pages/cpu s225280 r8192 d28672 u1048576
[    0.058236] kvm-guest: PV spinlocks enabled
[    0.058486] PV qspinlock hash table entries: 256 (order: 0, 4096 bytes, linear)
[    0.058929] Fallback order for Node 0: 0 
[    0.059177] Built 1 zonelists, mobility grouping on.  Total pages: 515808
[    0.059569] Policy zone: DMA32
[    0.059748] Kernel command line: net.ifnames=0 console=ttyS0 root=/dev/sda earlyprintk=serial net.ifnames=0
[    0.061664] Dentry cache hash table entries: 262144 (order: 9, 2097152 bytes, linear)
[    0.062523] Inode-cache hash table entries: 131072 (order: 8, 1048576 bytes, linear)
[    0.063078] mem auto-init: stack:off, heap alloc:off, heap free:off
[    0.066238] Memory: 1985384K/2096632K available (32784K kernel code, 4691K rwdata, 7816K rodata, 3672K init, 22124K bss, 110992K reserved, 0K cma-reserved)
[    0.067940] SLUB: HWalign=64, Order=0-3, MinObjects=0, CPUs=2, Nodes=1
[    0.068319] kmemleak: Kernel memory leak detector disabled
[    0.068657] ftrace: allocating 67281 entries in 263 pages
[    0.086882] ftrace: allocated 263 pages with 4 groups
[    0.089605] Dynamic Preempt: voluntary
[    0.089974] Running RCU self tests
[    0.090169] rcu: Preemptible hierarchical RCU implementation.
[    0.090483] rcu: 	RCU lockdep checking is enabled.
[    0.090743] rcu: 	RCU restricting CPUs from NR_CPUS=8192 to nr_cpu_ids=2.
[    0.091113] 	Trampoline variant of Tasks RCU enabled.
[    0.091389] 	Rude variant of Tasks RCU enabled.
[    0.091635] 	Tracing variant of Tasks RCU enabled.
[    0.091896] rcu: RCU calculated value of scheduler-enlistment delay is 25 jiffies.
[    0.092316] rcu: Adjusting geometry for rcu_fanout_leaf=16, nr_cpu_ids=2
[    0.114647] NR_IRQS: 524544, nr_irqs: 440, preallocated irqs: 16
[    0.115255] rcu: srcu_init: Setting srcu_struct sizes based on contention.
[    0.120820] Console: colour VGA+ 80x25
[    0.121076] printk: console [ttyS0] enabled
[    0.121076] printk: console [ttyS0] enabled
[    0.121546] printk: bootconsole [earlyser0] disabled
[    0.121546] printk: bootconsole [earlyser0] disabled
[    0.122098] Lock dependency validator: Copyright (c) 2006 Red Hat, Inc., Ingo Molnar
[    0.122531] ... MAX_LOCKDEP_SUBCLASSES:  8
[    0.122772] ... MAX_LOCK_DEPTH:          48
[    0.123012] ... MAX_LOCKDEP_KEYS:        8192
[    0.123260] ... CLASSHASH_SIZE:          4096
[    0.123509] ... MAX_LOCKDEP_ENTRIES:     32768
[    0.123762] ... MAX_LOCKDEP_CHAINS:      65536
[    0.124016] ... CHAINHASH_SIZE:          32768
[    0.124272]  memory used by lock dependency info: 6365 kB
[    0.124584]  memory used for stack traces: 4224 kB
[    0.124856]  per task-struct memory footprint: 1920 bytes
[    0.125198] ACPI: Core revision 20220331
[    0.125610] clocksource: hpet: mask: 0xffffffff max_cycles: 0xffffffff, max_idle_ns: 19112604467 ns
[    0.126241] APIC: Switch to symmetric I/O mode setup
[    0.126663] x2apic enabled
[    0.126945] Switched APIC routing to physical x2apic.
[    0.127233] kvm-guest: setup PV IPIs
[    0.128093] ..TIMER: vector=0x30 apic1=0 pin1=2 apic2=-1 pin2=-1
[    0.128466] clocksource: tsc-early: mask: 0xffffffffffffffff max_cycles: 0x3407c077a8d, max_idle_ns: 440795342283 ns
[    0.129068] Calibrating delay loop (skipped) preset value.. 7219.20 BogoMIPS (lpj=14438400)
[    0.129540] pid_max: default: 32768 minimum: 301
[    0.129933] LSM: Security Framework initializing
[    0.130202] Yama: becoming mindful.
[    0.133244] Mount-cache hash table entries: 4096 (order: 3, 32768 bytes, linear)
[    0.133672] Mountpoint-cache hash table entries: 4096 (order: 3, 32768 bytes, linear)
[    0.135815] x86/cpu: User Mode Instruction Prevention (UMIP) activated
[    0.136689] Last level iTLB entries: 4KB 0, 2MB 0, 4MB 0
[    0.137079] Last level dTLB entries: 4KB 0, 2MB 0, 4MB 0, 1GB 0
[    0.137441] Spectre V1 : Mitigation: usercopy/swapgs barriers and __user pointer sanitization
[    0.137926] Spectre V2 : WARNING: Unprivileged eBPF is enabled with eIBRS on, data leaks possible via Spectre v2 BHB attacks!
[    0.138563] Spectre V2 : Mitigation: Enhanced IBRS
[    0.138857] Spectre V2 : Spectre v2 / SpectreRSB mitigation: Filling RSB on context switch
[    0.139308] Spectre V2 : Spectre v2 / PBRSB-eIBRS: Retire a single CALL on VMEXIT
[    0.139712] Spectre V2 : mitigation: Enabling conditional Indirect Branch Prediction Barrier
[    0.140164] Speculative Store Bypass: Mitigation: Speculative Store Bypass disabled via prctl
[    0.226762] Freeing SMP alternatives memory: 56K
[    0.227403] smpboot: CPU0: 12th Gen Intel(R) Core(TM) i7-12700K (family: 0x6, model: 0x97, stepping: 0x2)
[    0.228295] cblist_init_generic: Setting adjustable number of callback queues.
[    0.228699] cblist_init_generic: Setting shift to 1 and lim to 1.
[    0.229056] cblist_init_generic: Setting shift to 1 and lim to 1.
[    0.229056] cblist_init_generic: Setting shift to 1 and lim to 1.
[    0.229056] Running RCU-tasks wait API self tests
[    0.329141] Performance Events: Alderlake Hybrid events, full-width counters, Intel PMU driver.
[    0.330039] core: cpu_core PMU driver: 
[    0.330258] ... version:                2
[    0.330479] ... bit width:              48
[    0.330704] ... generic registers:      6
[    0.330923] ... value mask:             0000ffffffffffff
[    0.331211] ... max period:             00007fffffffffff
[    0.331499] ... fixed-purpose events:   3
[    0.331725] ... event mask:             0001000f0000003f
[    0.332175] rcu: Hierarchical SRCU implementation.
[    0.332438] rcu: 	Max phase no-delay instances is 1000.
[    0.334746] unchecked MSR access error: WRMSR to 0x38f (tried to write 0x0001000f0000003f) at rIP: 0xffffffff810ce49c (native_write_msr+0xc/0x30)
[    0.335466] Call Trace:
[    0.335608]  <TASK>
[    0.335731]  __intel_pmu_enable_all.constprop.46+0xb5/0x140
[    0.336041]  intel_pmu_enable_all+0x1e/0x30
[    0.336276]  x86_pmu_enable+0x46d/0x5a0
[    0.336498]  ? write_comp_data+0x2f/0x90
[    0.336722]  perf_pmu_enable+0x53/0x70
[    0.336938]  ctx_resched+0xab/0xf0
[    0.337056]  __perf_install_in_context+0x31b/0x480
[    0.337056]  ? perf_duration_warn+0x50/0x50
[    0.337056]  ? perf_duration_warn+0x50/0x50
[    0.337056]  remote_function+0x80/0xa0
[    0.337056]  ? perf_duration_warn+0x50/0x50
[    0.337056]  generic_exec_single+0x124/0x190
[    0.337056]  smp_call_function_single+0x11c/0x240
[    0.337056]  ? perf_duration_warn+0x50/0x50
[    0.337056]  ? __sanitizer_cov_trace_pc+0x25/0x60
[    0.337056]  ? write_comp_data+0x2f/0x90
[    0.337056]  perf_install_in_context+0x2e8/0x310
[    0.337056]  ? ctx_resched+0xf0/0xf0
[    0.337056]  perf_event_create_kernel_counter+0x16a/0x200
[    0.337056]  ? find_next_bit+0x30/0x30
[    0.337056]  hardlockup_detector_event_create+0x46/0xd0
[    0.337056]  hardlockup_detector_perf_init+0x18/0x66
[    0.337056]  watchdog_nmi_probe+0x17/0x1d
[    0.337056]  lockup_detector_init+0x40/0xaf
[    0.337056]  kernel_init_freeable+0x264/0x42e
[    0.337056]  ? rest_init+0x240/0x240
[    0.337056]  kernel_init+0x24/0x1e0
[    0.337056]  ? rest_init+0x240/0x240
[    0.337056]  ret_from_fork+0x1f/0x30
[    0.337056]  </TASK>
[    0.337071] Callback from call_rcu_tasks_trace() invoked.
[    0.337522] smp: Bringing up secondary CPUs ...
[    0.338392] x86: Booting SMP configuration:
[    0.338637] .... node  #0, CPUs:      #1
[    0.338952] smp: Brought up 1 node, 2 CPUs
[    0.338952] smpboot: Max logical packages: 1
[    0.338952] smpboot: Total of 2 processors activated (14438.40 BogoMIPS)
[    0.342462] devtmpfs: initialized
[    0.342462] x86/mm: Memory block size: 128MB
[    0.345402] clocksource: jiffies: mask: 0xffffffff max_cycles: 0xffffffff, max_idle_ns: 7645041785100000 ns
[    0.345955] futex hash table entries: 512 (order: 4, 65536 bytes, linear)
[    0.346529] pinctrl core: initialized pinctrl subsystem
[    0.347249] 
[    0.347338] *************************************************************
[    0.347702] **     NOTICE NOTICE NOTICE NOTICE NOTICE NOTICE NOTICE    **
[    0.348064] **                                                         **
[    0.348426] **  IOMMU DebugFS SUPPORT HAS BEEN ENABLED IN THIS KERNEL  **
[    0.348788] **                                                         **
[    0.349068] ** This means that this kernel is built to expose internal **
[    0.349431] ** IOMMU data structures, which may compromise security on **
[    0.349805] ** your system.                                            **
[    0.350174] **                                                         **
[    0.350544] ** If you see this message and you are not debugging the   **
[    0.350916] ** kernel, report this immediately to your vendor!         **
[    0.351278] **                                                         **
[    0.351641] **     NOTICE NOTICE NOTICE NOTICE NOTICE NOTICE NOTICE    **
[    0.352003] *************************************************************
[    0.352398] PM: RTC time: 04:02:38, date: 2023-03-28
[    0.355327] NET: Registered PF_NETLINK/PF_ROUTE protocol family
[    0.356139] DMA: preallocated 256 KiB GFP_KERNEL pool for atomic allocations
[    0.356530] DMA: preallocated 256 KiB GFP_KERNEL|GFP_DMA pool for atomic allocations
[    0.356954] DMA: preallocated 256 KiB GFP_KERNEL|GFP_DMA32 pool for atomic allocations
[    0.357099] audit: initializing netlink subsys (disabled)
[    0.357466] audit: type=2000 audit(1679976159.048:1): state=initialized audit_enabled=0 res=1
[    0.357542] thermal_sys: Registered thermal governor 'fair_share'
[    0.357580] thermal_sys: Registered thermal governor 'bang_bang'
[    0.357918] thermal_sys: Registered thermal governor 'step_wise'
[    0.358248] thermal_sys: Registered thermal governor 'user_space'
[    0.358599] cpuidle: using governor ladder
[    0.359160] cpuidle: using governor menu
[    0.359664] acpiphp: ACPI Hot Plug PCI Controller Driver version: 0.5
[    0.360281] PCI: Using configuration type 1 for base access
[    0.372570] kprobes: kprobe jump-optimization is enabled. All kprobes are optimized if possible.
[    0.534447] HugeTLB: registered 1.00 GiB page size, pre-allocated 0 pages
[    0.534847] HugeTLB: 16380 KiB vmemmap can be freed for a 1.00 GiB page
[    0.535213] HugeTLB: registered 2.00 MiB page size, pre-allocated 0 pages
[    0.535584] HugeTLB: 28 KiB vmemmap can be freed for a 2.00 MiB page
[    0.537297] ACPI: Added _OSI(Module Device)
[    0.537542] ACPI: Added _OSI(Processor Device)
[    0.537788] ACPI: Added _OSI(3.0 _SCP Extensions)
[    0.538047] ACPI: Added _OSI(Processor Aggregator Device)
[    0.543778] ACPI: 1 ACPI AML tables successfully acquired and loaded
[    0.546609] ACPI: Interpreter enabled
[    0.546896] ACPI: PM: (supports S0 S3 S4 S5)
[    0.547133] ACPI: Using IOAPIC for interrupt routing
[    0.547442] PCI: Using host bridge windows from ACPI; if necessary, use "pci=nocrs" and report a bug
[    0.547934] PCI: Using E820 reservations for host bridge windows
[    0.548775] ACPI: Enabled 2 GPEs in block 00 to 0F
[    0.561626] ACPI: PCI Root Bridge [PCI0] (domain 0000 [bus 00-ff])
[    0.561994] acpi PNP0A03:00: _OSC: OS supports [ASPM ClockPM Segments MSI EDR HPX-Type3]
[    0.562439] acpi PNP0A03:00: _OSC: not requesting OS control; OS requires [ExtendedConfig ASPM ClockPM MSI]
[    0.563015] acpi PNP0A03:00: fail to add MMCONFIG information, can't access extended PCI configuration space under this bridge.
[    0.565468] acpiphp: Slot [3] registered
[    0.565746] acpiphp: Slot [4] registered
[    0.566014] acpiphp: Slot [5] registered
[    0.566283] acpiphp: Slot [6] registered
[    0.566551] acpiphp: Slot [7] registered
[    0.566819] acpiphp: Slot [8] registered
[    0.567092] acpiphp: Slot [9] registered
[    0.567362] acpiphp: Slot [10] registered
[    0.567634] acpiphp: Slot [11] registered
[    0.567907] acpiphp: Slot [12] registered
[    0.568188] acpiphp: Slot [13] registered
[    0.568461] acpiphp: Slot [14] registered
[    0.568734] acpiphp: Slot [15] registered
[    0.569012] acpiphp: Slot [16] registered
[    0.569110] acpiphp: Slot [17] registered
[    0.569393] acpiphp: Slot [18] registered
[    0.569667] acpiphp: Slot [19] registered
[    0.569939] acpiphp: Slot [20] registered
[    0.570212] acpiphp: Slot [21] registered
[    0.570485] acpiphp: Slot [22] registered
[    0.570764] acpiphp: Slot [23] registered
[    0.571037] acpiphp: Slot [24] registered
[    0.571310] acpiphp: Slot [25] registered
[    0.571583] acpiphp: Slot [26] registered
[    0.571856] acpiphp: Slot [27] registered
[    0.572134] acpiphp: Slot [28] registered
[    0.572426] acpiphp: Slot [29] registered
[    0.572699] acpiphp: Slot [30] registered
[    0.572974] acpiphp: Slot [31] registered
[    0.573073] PCI host bridge to bus 0000:00
[    0.573302] pci_bus 0000:00: root bus resource [io  0x0000-0x0cf7 window]
[    0.573677] pci_bus 0000:00: root bus resource [io  0x0d00-0xffff window]
[    0.574052] pci_bus 0000:00: root bus resource [mem 0x000a0000-0x000bffff window]
[    0.574464] pci_bus 0000:00: root bus resource [mem 0x80000000-0xfebfffff window]
[    0.574875] pci_bus 0000:00: root bus resource [mem 0x100000000-0x17fffffff window]
[    0.575297] pci_bus 0000:00: root bus resource [bus 00-ff]
[    0.575675] pci 0000:00:00.0: [8086:1237] type 00 class 0x060000
[    0.578290] pci 0000:00:01.0: [8086:7000] type 00 class 0x060100
[    0.579138] pci 0000:00:01.1: [8086:7010] type 00 class 0x010180
[    0.580408] pci 0000:00:01.1: reg 0x20: [io  0xc040-0xc04f]
[    0.581072] pci 0000:00:01.1: legacy IDE quirk: reg 0x10: [io  0x01f0-0x01f7]
[    0.581471] pci 0000:00:01.1: legacy IDE quirk: reg 0x14: [io  0x03f6]
[    0.581830] pci 0000:00:01.1: legacy IDE quirk: reg 0x18: [io  0x0170-0x0177]
[    0.582222] pci 0000:00:01.1: legacy IDE quirk: reg 0x1c: [io  0x0376]
[    0.582787] pci 0000:00:01.3: [8086:7113] type 00 class 0x068000
[    0.583342] pci 0000:00:01.3: quirk: [io  0x0600-0x063f] claimed by PIIX4 ACPI
[    0.583744] pci 0000:00:01.3: quirk: [io  0x0700-0x070f] claimed by PIIX4 SMB
[    0.584345] pci 0000:00:02.0: [1234:1111] type 00 class 0x030000
[    0.585411] pci 0000:00:02.0: reg 0x10: [mem 0xfd000000-0xfdffffff pref]
[    0.587044] pci 0000:00:02.0: reg 0x18: [mem 0xfebf0000-0xfebf0fff]
[    0.589975] pci 0000:00:02.0: reg 0x30: [mem 0xfebe0000-0xfebeffff pref]
[    0.590520] pci 0000:00:02.0: Video device with shadowed ROM at [mem 0x000c0000-0x000dffff]
[    0.593380] pci 0000:00:03.0: [8086:100e] type 00 class 0x020000
[    0.594254] pci 0000:00:03.0: reg 0x10: [mem 0xfebc0000-0xfebdffff]
[    0.595048] pci 0000:00:03.0: reg 0x14: [io  0xc000-0xc03f]
[    0.596986] pci 0000:00:03.0: reg 0x30: [mem 0xfeb80000-0xfebbffff pref]
[    0.604562] ACPI: PCI: Interrupt link LNKA configured for IRQ 10
[    0.605197] ACPI: PCI: Interrupt link LNKB configured for IRQ 10
[    0.605860] ACPI: PCI: Interrupt link LNKC configured for IRQ 11
[    0.606462] ACPI: PCI: Interrupt link LNKD configured for IRQ 11
[    0.606932] ACPI: PCI: Interrupt link LNKS configured for IRQ 9
[    0.608286] iommu: Default domain type: Translated 
[    0.608567] iommu: DMA domain TLB invalidation policy: lazy mode 
[    0.609796] SCSI subsystem initialized
[    0.610229] ACPI: bus type USB registered
[    0.610506] usbcore: registered new interface driver usbfs
[    0.610859] usbcore: registered new interface driver hub
[    0.611177] usbcore: registered new device driver usb
[    0.611546] pps_core: LinuxPPS API ver. 1 registered
[    0.611820] pps_core: Software ver. 5.3.6 - Copyright 2005-2007 Rodolfo Giometti <giometti@linux.it>
[    0.612320] PTP clock support registered
[    0.612666] EDAC MC: Ver: 3.0.0
[    0.613915] NetLabel: Initializing
[    0.614117] NetLabel:  domain hash size = 128
[    0.614359] NetLabel:  protocols = UNLABELED CIPSOv4 CALIPSO
[    0.614990] NetLabel:  unlabeled traffic allowed by default
[    0.615639] PCI: Using ACPI for IRQ routing
[    0.616051] pci 0000:00:02.0: vgaarb: setting as boot VGA device
[    0.616393] pci 0000:00:02.0: vgaarb: bridge control possible
[    0.616711] pci 0000:00:02.0: vgaarb: VGA device added: decodes=io+mem,owns=io+mem,locks=none
[    0.617062] vgaarb: loaded
[    0.617609] hpet0: at MMIO 0xfed00000, IRQs 2, 8, 0
[    0.617895] hpet0: 3 comparators, 64-bit 100.000000 MHz counter
[    2.490758] clocksource: Switched to clocksource kvm-clock
[    2.491737] VFS: Disk quotas dquot_6.6.0
[    2.492003] VFS: Dquot-cache hash table entries: 512 (order 0, 4096 bytes)
[    2.492610] pnp: PnP ACPI init
[    2.492721] pnp: PnP ACPI: found 6 devices
[    2.502399] clocksource: acpi_pm: mask: 0xffffff max_cycles: 0xffffff, max_idle_ns: 2085701024 ns
[    2.503229] NET: Registered PF_INET protocol family
[    2.503663] IP idents hash table entries: 32768 (order: 6, 262144 bytes, linear)
[    2.504848] tcp_listen_portaddr_hash hash table entries: 1024 (order: 4, 73728 bytes, linear)
[    2.505361] Table-perturb hash table entries: 65536 (order: 6, 262144 bytes, linear)
[    2.505788] TCP established hash table entries: 16384 (order: 5, 131072 bytes, linear)
[    2.506399] TCP bind hash table entries: 16384 (order: 9, 2359296 bytes, linear)
[    2.508339] TCP: Hash tables configured (established 16384 bind 16384)
[    2.508826] UDP hash table entries: 1024 (order: 5, 163840 bytes, linear)
[    2.509290] UDP-Lite hash table entries: 1024 (order: 5, 163840 bytes, linear)
[    2.509863] NET: Registered PF_UNIX/PF_LOCAL protocol family
[    2.517288] RPC: Registered named UNIX socket transport module.
[    2.517633] RPC: Registered udp transport module.
[    2.517892] RPC: Registered tcp transport module.
[    2.518151] RPC: Registered tcp NFSv4.1 backchannel transport module.
[    2.518519] pci_bus 0000:00: resource 4 [io  0x0000-0x0cf7 window]
[    2.518864] pci_bus 0000:00: resource 5 [io  0x0d00-0xffff window]
[    2.519206] pci_bus 0000:00: resource 6 [mem 0x000a0000-0x000bffff window]
[    2.519583] pci_bus 0000:00: resource 7 [mem 0x80000000-0xfebfffff window]
[    2.519971] pci_bus 0000:00: resource 8 [mem 0x100000000-0x17fffffff window]
[    2.520539] pci 0000:00:01.0: PIIX3: Enabling Passive Release
[    2.520863] pci 0000:00:00.0: Limiting direct PCI/PCI transfers
[    2.521275] PCI: CLS 0 bytes, default 64
[    2.521535] ACPI: bus type thunderbolt registered
[    2.522033] clocksource: tsc: mask: 0xffffffffffffffff max_cycles: 0x3407c077a8d, max_idle_ns: 440795342283 ns
[    2.533224] Callback from call_rcu_tasks_rude() invoked.
[    2.593162] Callback from call_rcu_tasks() invoked.
[    2.624211] Initialise system trusted keyrings
[    2.624537] Key type blacklist registered
[    2.625006] workingset: timestamp_bits=36 max_order=19 bucket_order=0
[    2.633110] zbud: loaded
[    2.635020] squashfs: version 4.0 (2009/01/31) Phillip Lougher
[    2.636358] NFS: Registering the id_resolver key type
[    2.636662] Key type id_resolver registered
[    2.636895] Key type id_legacy registered
[    2.637232] nfs4filelayout_init: NFSv4 File Layout Driver Registering...
[    2.637617] nfs4flexfilelayout_init: NFSv4 Flexfile Layout Driver Registering...
[    2.638296] fuse: init (API version 7.37)
[    2.638886] SGI XFS with ACLs, security attributes, realtime, quota, no debug enabled
[    2.641250] 9p: Installing v9fs 9p2000 file system support
[    2.646958] Key type asymmetric registered
[    2.647213] Asymmetric key parser 'x509' registered
[    2.648578] alg: self-tests for CTR-KDF (hmac(sha256)) passed
[    2.648961] Block layer SCSI generic (bsg) driver version 0.4 loaded (major 243)
[    2.649461] io scheduler mq-deadline registered
[    2.649812] io scheduler bfq registered
[    2.650686] shpchp: Standard Hot Plug PCI Controller Driver version: 0.4
[    2.651382] IPMI message handler: version 39.2
[    2.651670] ipmi device interface
[    2.653045] input: Power Button as /devices/LNXSYSTM:00/LNXPWRBN:00/input/input0
[    2.653658] ACPI: button: Power Button [PWRF]
[    2.654633] ERST DBG: ERST support is disabled.
[    2.655342] Serial: 8250/16550 driver, 32 ports, IRQ sharing enabled
[    2.656078] 00:04: ttyS0 at I/O 0x3f8 (irq = 4, base_baud = 115200) is a 16550A
[    2.663085] Linux agpgart interface v0.103
[    2.663761] ACPI: bus type drm_connector registered
[    2.673916] brd: module loaded
[    2.680070] loop: module loaded
[    2.683235] scsi host0: ata_piix
[    2.683859] scsi host1: ata_piix
[    2.684165] ata1: PATA max MWDMA2 cmd 0x1f0 ctl 0x3f6 bmdma 0xc040 irq 14
[    2.684539] ata2: PATA max MWDMA2 cmd 0x170 ctl 0x376 bmdma 0xc048 irq 15
[    2.685745] tun: Universal TUN/TAP device driver, 1.6
[    2.686192] e100: Intel(R) PRO/100 Network Driver
[    2.686453] e100: Copyright(c) 1999-2006 Intel Corporation
[    2.686781] e1000: Intel(R) PRO/1000 Network Driver
[    2.687050] e1000: Copyright (c) 1999-2006 Intel Corporation.
[    2.828858] ACPI: \_SB_.LNKC: Enabled at IRQ 11
[    2.845241] ata2: found unknown device (class 0)
[    2.845729] ata1: found unknown device (class 0)
[    2.846433] ata2.00: ATAPI: QEMU DVD-ROM, 2.5+, max UDMA/100
[    2.846876] ata1.00: ATA-7: QEMU HARDDISK, 2.5+, max UDMA/100
[    2.847217] ata1.00: 16777216 sectors, multi 16: LBA48 
[    2.848489] scsi 0:0:0:0: Direct-Access     ATA      QEMU HARDDISK    2.5+ PQ: 0 ANSI: 5
[    2.849778] sd 0:0:0:0: Attached scsi generic sg0 type 0
[    2.849993] sd 0:0:0:0: [sda] 16777216 512-byte logical blocks: (8.59 GB/8.00 GiB)
[    2.850527] scsi 1:0:0:0: CD-ROM            QEMU     QEMU DVD-ROM     2.5+ PQ: 0 ANSI: 5
[    2.850562] sd 0:0:0:0: [sda] Write Protect is off
[    2.851310] sd 0:0:0:0: [sda] Write cache: enabled, read cache: enabled, doesn't support DPO or FUA
[    2.851874] sd 0:0:0:0: [sda] Preferred minimum I/O size 512 bytes
[    2.882105] scsi 1:0:0:0: Attached scsi generic sg1 type 5
[    2.883046] sd 0:0:0:0: [sda] Attached SCSI disk
[    3.147388] e1000 0000:00:03.0 eth0: (PCI:33MHz:32-bit) 52:54:00:12:34:56
[    3.147805] e1000 0000:00:03.0 eth0: Intel(R) PRO/1000 Network Connection
[    3.148252] e1000e: Intel(R) PRO/1000 Network Driver
[    3.148521] e1000e: Copyright(c) 1999 - 2015 Intel Corporation.
[    3.148894] igb: Intel(R) Gigabit Ethernet Network Driver
[    3.149194] igb: Copyright (c) 2007-2014 Intel Corporation.
[    3.149575] PPP generic driver version 2.4.2
[    3.150398] VFIO - User Level meta-driver version: 0.3
[    3.151151] usbcore: registered new interface driver uas
[    3.151484] usbcore: registered new interface driver usb-storage
[    3.151926] i8042: PNP: PS/2 Controller [PNP0303:KBD,PNP0f13:MOU] at 0x60,0x64 irq 1,12
[    3.152974] serio: i8042 KBD port at 0x60,0x64 irq 1
[    3.153307] serio: i8042 AUX port at 0x60,0x64 irq 12
[    3.154342] mousedev: PS/2 mouse device common for all mice
[    3.155366] input: AT Translated Set 2 keyboard as /devices/platform/i8042/serio0/input/input1
[    3.156597] input: VirtualPS/2 VMware VMMouse as /devices/platform/i8042/serio1/input/input4
[    3.157217] rtc_cmos 00:05: RTC can wake from S4
[    3.157700] input: VirtualPS/2 VMware VMMouse as /devices/platform/i8042/serio1/input/input3
[    3.158288] rtc_cmos 00:05: registered as rtc0
[    3.158603] rtc_cmos 00:05: setting system clock to 2023-03-28T04:02:41 UTC (1679976161)
[    3.159163] rtc_cmos 00:05: alarms up to one day, y3k, 242 bytes nvram, hpet irqs
[    3.159624] i2c_dev: i2c /dev entries driver
[    3.159904] device-mapper: core: CONFIG_IMA_DISABLE_HTABLE is disabled. Duplicate IMA measurements will not be recorded in the IMA log.
[    3.160648] device-mapper: uevent: version 1.0.3
[    3.161134] device-mapper: ioctl: 4.47.0-ioctl (2022-07-28) initialised: dm-devel@redhat.com
[    3.161600] intel_pstate: CPU model not supported
[    3.161921] sdhci: Secure Digital Host Controller Interface driver
[    3.162258] sdhci: Copyright(c) Pierre Ossman
[    3.162563] sdhci-pltfm: SDHCI platform and OF driver helper
[    3.162945] ledtrig-cpu: registered to indicate activity on CPUs
[    3.163531] drop_monitor: Initializing network drop monitor service
[    3.164265] NET: Registered PF_INET6 protocol family
[    3.166340] Segment Routing with IPv6
[    3.166578] In-situ OAM (IOAM) with IPv6
[    3.166828] NET: Registered PF_PACKET protocol family
[    3.167312] 9pnet: Installing 9P2000 support
[    3.167599] Key type dns_resolver registered
[    3.168669] IPI shorthand broadcast: enabled
[    3.168957] sched_clock: Marking stable (3158854959, 9417451)->(3180888477, -12616067)
[    3.169894] registered taskstats version 1
[    3.170276] Loading compiled-in X.509 certificates
[    3.170760] zswap: loaded using pool lzo/zbud
[    3.171503] Key type .fscrypt registered
[    3.171730] Key type fscrypt-provisioning registered
[    3.172731] Key type encrypted registered
[    3.172990] ima: No TPM chip found, activating TPM-bypass!
[    3.173316] ima: Allocated hash algorithm: sha1
[    3.173636] ima: No architecture policies found
[    3.173954] evm: Initialising EVM extended attributes:
[    3.174237] evm: security.selinux
[    3.174424] evm: security.SMACK64
[    3.174610] evm: security.SMACK64EXEC
[    3.174814] evm: security.SMACK64TRANSMUTE
[    3.175041] evm: security.SMACK64MMAP
[    3.175246] evm: security.apparmor
[    3.175437] evm: security.ima
[    3.175605] evm: security.capability
[    3.175808] evm: HMAC attrs: 0x1
[    3.179442] PM:   Magic number: 15:468:10
[    3.179974] RAS: Correctable Errors collector initialized.
[    3.181242] md: Waiting for all devices to be available before autodetect
[    3.181500] md: If you don't use raid, use raid=noautodetect
[    3.181716] md: Autodetecting RAID arrays.
[    3.181879] md: autorun ...
[    3.181989] md: ... autorun DONE.
[    3.194043] EXT4-fs (sda): INFO: recovery required on readonly filesystem
[    3.194323] EXT4-fs (sda): write access will be enabled during recovery
[    3.266884] EXT4-fs (sda): recovery complete
[    3.272929] EXT4-fs (sda): mounted filesystem with ordered data mode. Quota mode: none.
[    3.273295] VFS: Mounted root (ext4 filesystem) readonly on device 8:0.
[    3.274065] devtmpfs: mounted
[    3.279746] Freeing unused decrypted memory: 2036K
[    3.281414] Freeing unused kernel image (initmem) memory: 3672K
[    3.281664] Write protecting the kernel read-only data: 43008k
[    3.284062] Freeing unused kernel image (text/rodata gap) memory: 2028K
[    3.284582] Freeing unused kernel image (rodata/data gap) memory: 376K
[    3.355823] x86/mm: Checked W+X mappings: passed, no W+X pages found.
[    3.356111] Run /sbin/init as init process
[    3.419562] systemd[1]: RTC configured in localtime, applying delta of 0 minutes to system time.
[    3.441260] systemd[1]: systemd 239 (239-49.el8) running in system mode. (+PAM +AUDIT +SELINUX +IMA -APPARMOR +SMACK +SYSVINIT +UTMP +LIBCRYPTSETUP +GCRYPT +GNUTLS +ACL +XZ +LZ4 +SECCOMP +BLKID +ELFUTILS +KMOD +IDN2 -IDN +PCRE2 default-hierarchy=legacy)
[    3.442243] systemd[1]: Detected virtualization kvm.
[    3.442442] systemd[1]: Detected architecture x86-64.

Welcome to [0;31mCentOS Stream 8[0m!

[    3.483795] systemd[1]: Set hostname to <test>.
[    4.513108] random: crng init done
[    4.607842] systemd[1]: Listening on multipathd control socket.
[[0;32m  OK  [0m] Listening on multipathd control socket.
[    4.610561] systemd[1]: Created slice system-serial\x2dgetty.slice.
[[0;32m  OK  [0m] Created slice system-serial\x2dgetty.slice.
[    4.611294] systemd[1]: Listening on udev Kernel Socket.
[[0;32m  OK  [0m] Listening on udev Kernel Socket.
[    4.611963] systemd[1]: Listening on initctl Compatibility Named Pipe.
[[0;32m  OK  [0m] Listening on initctl Compatibility Named Pipe.
[    4.612722] systemd[1]: Listening on udev Control Socket.
[[0;32m  OK  [0m] Listening on udev Control Socket.
[    4.613831] systemd[1]: Created slice User and Session Slice.
[[0;32m  OK  [0m] Created slice User and Session Slice.
[[0;32m  OK  [0m] Created slice system-getty.slice.
[[0;32m  OK  [0m] Listening on RPCbind Server Activation Socket.
[[0;32m  OK  [0m] Reached target Swap.
[[0;32m  OK  [0m] Reached target Slices.
[[0;32m  OK  [0m] Set up automount Arbitrary Executabâ€¦rmats File System Automount Point.
[[0;32m  OK  [0m] Created slice system-sshd\x2dkeygen.slice.
[[0;32m  OK  [0m] Listening on Journal Socket.
         Mounting Kernel Debug File System...
         Starting udev Coldplug all Devices...
         Starting Setup Virtual Console...
         Mounting POSIX Message Queue File System...
[[0;32m  OK  [0m] Listening on Device-mapper event daemon FIFOs.
         Starting Monitoring of LVM2 mirrorsâ€¦ng dmeventd or progress polling...
[[0;32m  OK  [0m] Listening on Journal Socket (/dev/log).
         Starting Journal Service...
         Mounting Huge Pages File System...
[[0;32m  OK  [0m] Listening on LVM2 poll daemon socket.
[[0;32m  OK  [0m] Started Forward Password Requests to Wall Directory Watch.
         Starting Remount Root and Kernel File Systems...
[[0;32m  OK  [0m] Reached target RPC Port Mapper.
         Starting Load Kernel Modules...
[[0;32m  OK  [0m] Listening on Process Core Dump Socket.
[[0;32m  OK  [0m] Mounted Kernel Debug File System.
[[0;32m  OK  [0m] Started Journal Service.
[[0;32m  OK  [0m] Mounted POSIX Message Queue File System.
[[0;32m  OK  [0m] Mounted Huge Pages File System.
[[0;1;31mFAILED[0m] Failed to start Load Kernel Modules.
See 'systemctl status systemd-modules-load.service' for details.
         Mounting FUSE Control File System...
         Starting Apply Kernel Variables...
         Mounting Kernel Configuration File System...
[    4.977332] EXT4-fs (sda): re-mounted. Quota mode: none.
[[0;32m  OK  [0m] Mounted FUSE Control File System.
[[0;32m  OK  [0m] Started Remount Root and Kernel File Systems.
[[0;32m  OK  [0m] Started Setup Virtual Console.
[[0;32m  OK  [0m] Started Apply Kernel Variables.
[[0;32m  OK  [0m] Mounted Kernel Configuration File System.
         Starting Load/Save Random Seed...
         Starting Flush Journal to Persistent Storage...
         Starting Create Static Device Nodes in /dev...
[[0;32m  OK  [0m] Started udev Coldplug all Devices.
         Starting udev Wait for Complete Device Initialization...
[[0;32m  OK  [0m] Started Load/Save Random Seed.
[[0;32m  OK  [0m] Started Flush Journal to Persistent Storage.
[[0;32m  OK  [0m] Started Create Static Device Nodes in /dev.
         Starting udev Kernel Device Manager...
[[0;32m  OK  [0m] Started udev Kernel Device Manager.
         Starting Show Plymouth Boot Screen...
[[0;32m  OK  [0m] Started Show Plymouth Boot Screen.
[[0;32m  OK  [0m] Reached target Local Encrypted Volumes.
[[0;32m  OK  [0m] Reached target Paths.
[[0;32m  OK  [0m] Started Forward Password Requests to Plymouth Directory Watch.
[[0;32m  OK  [0m] Found device /dev/ttyS0.
[[0;32m  OK  [0m] Started udev Wait for Complete Device Initialization.
[[0;32m  OK  [0m] Started Monitoring of LVM2 mirrors,â€¦sing dmeventd or progress polling.
[[0;32m  OK  [0m] Listening on Load/Save RF Kill Switch Status /dev/rfkill Watch.
[[0;32m  OK  [0m] Reached target Local File Systems (Pre).
[[0;32m  OK  [0m] Reached target Local File Systems.
         Starting Restore /run/initramfs on shutdown...
         Starting Create Volatile Files and Directories...
         Starting Tell Plymouth To Write Out Runtime Data...
[[0;32m  OK  [0m] Started Restore /run/initramfs on shutdown.
[[0;32m  OK  [0m] Started Tell Plymouth To Write Out Runtime Data.
[[0;32m  OK  [0m] Started Create Volatile Files and Directories.
         Mounting RPC Pipe File System...
         Starting RPC Bind...
         Starting Security Auditing Service...
[[0;32m  OK  [0m] Mounted RPC Pipe File System.
[[0;32m  OK  [0m] Reached target rpc_pipefs.target.
[[0;32m  OK  [0m] Started RPC Bind.
[[0;32m  OK  [0m] Started Security Auditing Service.
         Starting Update UTMP about System Boot/Shutdown...
[[0;32m  OK  [0m] Started Update UTMP about System Boot/Shutdown.
[[0;32m  OK  [0m] Reached target System Initialization.
[[0;32m  OK  [0m] Started Daily Cleanup of Temporary Directories.
[[0;32m  OK  [0m] Started daily update of the root trust anchor for DNSSEC.
[[0;32m  OK  [0m] Listening on D-Bus System Message Bus Socket.
[[0;32m  OK  [0m] Listening on SSSD Kerberos Cache Manager responder socket.
[[0;32m  OK  [0m] Reached target Sockets.
[[0;32m  OK  [0m] Reached target Basic System.
         Starting Self Monitoring and Reporting Technology (SMART) Daemon...
[[0;32m  OK  [0m] Started Machine Check Exception Logging Daemon.
[[0;32m  OK  [0m] Started irqbalance daemon.
         Starting Auto-connect to subsystemsâ€¦-NVME devices found during boot...
[[0;32m  OK  [0m] Started D-Bus System Message Bus.
         Starting Network Manager...
         Starting Login Service...
[[0;32m  OK  [0m] Reached target sshd-keygen.target.
         Starting Authorization Manager...
[[0;32m  OK  [0m] Started dnf makecache --timer.
[[0;32m  OK  [0m] Reached target Timers.
         Starting NTP client/server...
[[0;32m  OK  [0m] Started Self Monitoring and Reporting Technology (SMART) Daemon.
[[0;32m  OK  [0m] Started Auto-connect to subsystems â€¦FC-NVME devices found during boot.
         Starting update of the root trust aâ€¦or DNSSEC validation in unbound...
[[0;32m  OK  [0m] Started Login Service.
[[0;32m  OK  [0m] Started NTP client/server.
[[0;32m  OK  [0m] Started Network Manager.
[[0;32m  OK  [0m] Reached target Network.
         Starting Dynamic System Tuning Daemon...
         Starting GSSAPI Proxy Daemon...
         Starting OpenSSH server daemon...
         Starting Network Manager Wait Online...
[[0;32m  OK  [0m] Started update of the root trust anâ€¦ for DNSSEC validation in unbound.
[[0;32m  OK  [0m] Started Authorization Manager.
         Starting Hostname Service...
[[0;32m  OK  [0m] Started OpenSSH server daemon.
[[0;32m  OK  [0m] Started GSSAPI Proxy Daemon.
[[0;32m  OK  [0m] Reached target NFS client services.
[[0;32m  OK  [0m] Reached target Remote File Systems (Pre).
[[0;32m  OK  [0m] Reached target Remote File Systems.
         Starting Permit User Sessions...
[[0;32m  OK  [0m] Started Permit User Sessions.
         Starting Terminate Plymouth Boot Screen...
         Starting Hold until boot process finishes up...
[[0;32m  OK  [0m] Started Command Scheduler.
[    6.497185] e1000: eth0 NIC Link is Up 1000 Mbps Full Duplex, Flow Control: RX
[    6.497888] IPv6: ADDRCONF(NETDEV_CHANGE): eth0: link becomes ready
[    6.654180] Spectre V2 : WARNING: Unprivileged eBPF is enabled with eIBRS on, data leaks possible via Spectre v2 BHB attacks!
[    6.654668] Spectre V2 : WARNING: Unprivileged eBPF is enabled with eIBRS on, data leaks possible via Spectre v2 BHB attacks!

CentOS Stream 8
Kernel 6.1.0-rc3-658234de0d2e+ on an x86_64

test login: 