c[?7l[2J[0mSeaBIOS (version rel-1.16.0-0-gd239552ce722-prebuilt.qemu.org)


iPXE (http://ipxe.org) 00:03.0 CA00 PCI2.10 PnP PMM+7FF91000+7FEF1000 CA00
Press Ctrl-B to configure iPXE (PCI 00:03.0)...                                                                               


Booting from ROM..c[?7l[2J[    0.000000] Linux version 6.1.0-rc5-094226ad94f4+ (root@p-rpls01) (gcc (GCC) 8.5.0 20210514 (Red Hat 8.5.0-17), GNU ld version 2.36.1-2.el8) #1 SMP PREEMPT_DYNAMIC Thu Nov 24 13:51:54 CST 2022
[    0.000000] Command line: console=ttyS0 root=/dev/sda earlyprintk=serial net.ifnames=0
[    0.000000] KERNEL supported cpus:
[    0.000000]   Intel GenuineIntel
[    0.000000]   AMD AuthenticAMD
[    0.000000]   Hygon HygonGenuine
[    0.000000]   Centaur CentaurHauls
[    0.000000]   zhaoxin   Shanghai  
[    0.000000] x86/fpu: Supporting XSAVE feature 0x001: 'x87 floating point registers'
[    0.000000] x86/fpu: Supporting XSAVE feature 0x002: 'SSE registers'
[    0.000000] x86/fpu: Supporting XSAVE feature 0x004: 'AVX registers'
[    0.000000] x86/fpu: Supporting XSAVE feature 0x200: 'Protection Keys User registers'
[    0.000000] x86/fpu: xstate_offset[2]:  576, xstate_sizes[2]:  256
[    0.000000] x86/fpu: xstate_offset[9]:  832, xstate_sizes[9]:    8
[    0.000000] x86/fpu: Enabled xstate features 0x207, context size is 840 bytes, using 'compacted' format.
[    0.000000] signal: max sigframe size: 3632
[    0.000000] BIOS-provided physical RAM map:
[    0.000000] BIOS-e820: [mem 0x0000000000000000-0x000000000009fbff] usable
[    0.000000] BIOS-e820: [mem 0x000000000009fc00-0x000000000009ffff] reserved
[    0.000000] BIOS-e820: [mem 0x00000000000f0000-0x00000000000fffff] reserved
[    0.000000] BIOS-e820: [mem 0x0000000000100000-0x000000007ffdffff] usable
[    0.000000] BIOS-e820: [mem 0x000000007ffe0000-0x000000007fffffff] reserved
[    0.000000] BIOS-e820: [mem 0x00000000feffc000-0x00000000feffffff] reserved
[    0.000000] BIOS-e820: [mem 0x00000000fffc0000-0x00000000ffffffff] reserved
[    0.000000] printk: bootconsole [earlyser0] enabled
[    0.000000] NX (Execute Disable) protection: active
[    0.000000] SMBIOS 2.8 present.
[    0.000000] DMI: QEMU Standard PC (i440FX + PIIX, 1996), BIOS rel-1.16.0-0-gd239552ce722-prebuilt.qemu.org 04/01/2014
[    0.000000] Hypervisor detected: KVM
[    0.000000] kvm-clock: Using msrs 4b564d01 and 4b564d00
[    0.000003] kvm-clock: using sched offset of 364977366 cycles
[    0.000383] clocksource: kvm-clock: mask: 0xffffffffffffffff max_cycles: 0x1cd42e4dffb, max_idle_ns: 881590591483 ns
[    0.001555] tsc: Detected 806.400 MHz processor
[    0.009470] last_pfn = 0x7ffe0 max_arch_pfn = 0x400000000
[    0.009931] x86/PAT: Configuration [0-7]: WB  WC  UC- UC  WB  WP  UC- WT  
[    0.018820] found SMP MP-table at [mem 0x000f5ba0-0x000f5baf]
[    0.019336] Using GB pages for direct mapping
[    0.020743] ACPI: Early table checksum verification disabled
[    0.021170] ACPI: RSDP 0x00000000000F59C0 000014 (v00 BOCHS )
[    0.021604] ACPI: RSDT 0x000000007FFE1951 000034 (v01 BOCHS  BXPC     00000001 BXPC 00000001)
[    0.022246] ACPI: FACP 0x000000007FFE17FD 000074 (v01 BOCHS  BXPC     00000001 BXPC 00000001)
[    0.022888] ACPI: DSDT 0x000000007FFE0040 0017BD (v01 BOCHS  BXPC     00000001 BXPC 00000001)
[    0.023523] ACPI: FACS 0x000000007FFE0000 000040
[    0.023871] ACPI: APIC 0x000000007FFE1871 000080 (v01 BOCHS  BXPC     00000001 BXPC 00000001)
[    0.024506] ACPI: HPET 0x000000007FFE18F1 000038 (v01 BOCHS  BXPC     00000001 BXPC 00000001)
[    0.025137] ACPI: WAET 0x000000007FFE1929 000028 (v01 BOCHS  BXPC     00000001 BXPC 00000001)
[    0.025766] ACPI: Reserving FACP table memory at [mem 0x7ffe17fd-0x7ffe1870]
[    0.026291] ACPI: Reserving DSDT table memory at [mem 0x7ffe0040-0x7ffe17fc]
[    0.026803] ACPI: Reserving FACS table memory at [mem 0x7ffe0000-0x7ffe003f]
[    0.027313] ACPI: Reserving APIC table memory at [mem 0x7ffe1871-0x7ffe18f0]
[    0.027824] ACPI: Reserving HPET table memory at [mem 0x7ffe18f1-0x7ffe1928]
[    0.028332] ACPI: Reserving WAET table memory at [mem 0x7ffe1929-0x7ffe1950]
[    0.029416] No NUMA configuration found
[    0.029696] Faking a node at [mem 0x0000000000000000-0x000000007ffdffff]
[    0.030240] NODE_DATA(0) allocated [mem 0x7ffb5000-0x7ffdffff]
[    0.034016] Zone ranges:
[    0.034221]   DMA      [mem 0x0000000000001000-0x0000000000ffffff]
[    0.034676]   DMA32    [mem 0x0000000001000000-0x000000007ffdffff]
[    0.035129]   Normal   empty
[    0.035342]   Device   empty
[    0.035554] Movable zone start for each node
[    0.035863] Early memory node ranges
[    0.036120]   node   0: [mem 0x0000000000001000-0x000000000009efff]
[    0.036575]   node   0: [mem 0x0000000000100000-0x000000007ffdffff]
[    0.037034] Initmem setup node 0 [mem 0x0000000000001000-0x000000007ffdffff]
[    0.037744] On node 0, zone DMA: 1 pages in unavailable ranges
[    0.037762] On node 0, zone DMA: 97 pages in unavailable ranges
[    0.042114] On node 0, zone DMA32: 32 pages in unavailable ranges
[    0.042821] ACPI: PM-Timer IO Port: 0x608
[    0.043601] ACPI: LAPIC_NMI (acpi_id[0xff] dfl dfl lint[0x1])
[    0.044104] IOAPIC[0]: apic_id 0, version 17, address 0xfec00000, GSI 0-23
[    0.044625] ACPI: INT_SRC_OVR (bus 0 bus_irq 0 global_irq 2 dfl dfl)
[    0.045100] ACPI: INT_SRC_OVR (bus 0 bus_irq 5 global_irq 5 high level)
[    0.045593] ACPI: INT_SRC_OVR (bus 0 bus_irq 9 global_irq 9 high level)
[    0.046087] ACPI: INT_SRC_OVR (bus 0 bus_irq 10 global_irq 10 high level)
[    0.046592] ACPI: INT_SRC_OVR (bus 0 bus_irq 11 global_irq 11 high level)
[    0.047116] ACPI: Using ACPI (MADT) for SMP configuration information
[    0.047593] ACPI: HPET id: 0x8086a201 base: 0xfed00000
[    0.047987] TSC deadline timer available
[    0.048278] smpboot: Allowing 2 CPUs, 0 hotplug CPUs
[    0.048690] kvm-guest: KVM setup pv remote TLB flush
[    0.049059] kvm-guest: setup PV sched yield
[    0.049410] PM: hibernation: Registered nosave memory: [mem 0x00000000-0x00000fff]
[    0.049974] PM: hibernation: Registered nosave memory: [mem 0x0009f000-0x0009ffff]
[    0.050532] PM: hibernation: Registered nosave memory: [mem 0x000a0000-0x000effff]
[    0.051093] PM: hibernation: Registered nosave memory: [mem 0x000f0000-0x000fffff]
[    0.051655] [mem 0x80000000-0xfeffbfff] available for PCI devices
[    0.052107] Booting paravirtualized kernel on KVM
[    0.052462] clocksource: refined-jiffies: mask: 0xffffffff max_cycles: 0xffffffff, max_idle_ns: 7645519600211568 ns
[    0.053253] setup_percpu: NR_CPUS:8192 nr_cpumask_bits:2 nr_cpu_ids:2 nr_node_ids:1
[    0.054695] percpu: Embedded 62 pages/cpu s217088 r8192 d28672 u1048576
[    0.055407] kvm-guest: PV spinlocks enabled
[    0.055733] PV qspinlock hash table entries: 256 (order: 0, 4096 bytes, linear)
[    0.056295] Fallback order for Node 0: 0 
[    0.056605] Built 1 zonelists, mobility grouping on.  Total pages: 515808
[    0.057115] Policy zone: DMA32
[    0.057346] Kernel command line: net.ifnames=0 console=ttyS0 root=/dev/sda earlyprintk=serial net.ifnames=0
[    0.060067] Dentry cache hash table entries: 262144 (order: 9, 2097152 bytes, linear)
[    0.061211] Inode-cache hash table entries: 131072 (order: 8, 1048576 bytes, linear)
[    0.061917] mem auto-init: stack:off, heap alloc:off, heap free:off
[    0.065779] Memory: 1999736K/2096632K available (30736K kernel code, 4081K rwdata, 7528K rodata, 3624K init, 10528K bss, 96640K reserved, 0K cma-reserved)
[    0.067733] SLUB: HWalign=64, Order=0-3, MinObjects=0, CPUs=2, Nodes=1
[    0.068215] kmemleak: Kernel memory leak detector disabled
[    0.068634] ftrace: allocating 66320 entries in 260 pages
[    0.094562] ftrace: allocated 260 pages with 2 groups
[    0.096468] Dynamic Preempt: voluntary
[    0.096817] rcu: Preemptible hierarchical RCU implementation.
[    0.097231] rcu: 	RCU restricting CPUs from NR_CPUS=8192 to nr_cpu_ids=2.
[    0.097720] 	Trampoline variant of Tasks RCU enabled.
[    0.098083] 	Rude variant of Tasks RCU enabled.
[    0.098408] 	Tracing variant of Tasks RCU enabled.
[    0.098755] rcu: RCU calculated value of scheduler-enlistment delay is 25 jiffies.
[    0.099298] rcu: Adjusting geometry for rcu_fanout_leaf=16, nr_cpu_ids=2
[    0.125345] NR_IRQS: 524544, nr_irqs: 440, preallocated irqs: 16
[    0.126063] rcu: srcu_init: Setting srcu_struct sizes based on contention.
[    0.132919] Console: colour VGA+ 80x25
[    0.133227] printk: console [ttyS0] enabled
[    0.133227] printk: console [ttyS0] enabled
[    0.133839] printk: bootconsole [earlyser0] disabled
[    0.133839] printk: bootconsole [earlyser0] disabled
[    0.134594] ACPI: Core revision 20220331
[    0.135067] clocksource: hpet: mask: 0xffffffff max_cycles: 0xffffffff, max_idle_ns: 19112604467 ns
[    0.135808] APIC: Switch to symmetric I/O mode setup
[    0.136353] x2apic enabled
[    0.136710] Switched APIC routing to physical x2apic.
[    0.137086] kvm-guest: setup PV IPIs
[    0.138067] ..TIMER: vector=0x30 apic1=0 pin1=2 apic2=-1 pin2=-1
[    0.138532] clocksource: tsc-early: mask: 0xffffffffffffffff max_cycles: 0xb9fb05486c, max_idle_ns: 440795231721 ns
[    0.139312] Calibrating delay loop (skipped) preset value.. 1612.80 BogoMIPS (lpj=3225600)
[    0.143310] pid_max: default: 32768 minimum: 301
[    0.143788] LSM: Security Framework initializing
[    0.144134] Yama: becoming mindful.
[    0.144553] Mount-cache hash table entries: 4096 (order: 3, 32768 bytes, linear)
[    0.145109] Mountpoint-cache hash table entries: 4096 (order: 3, 32768 bytes, linear)
[    0.146939] x86/cpu: User Mode Instruction Prevention (UMIP) activated
[    0.147507] Last level iTLB entries: 4KB 0, 2MB 0, 4MB 0
[    0.147926] Last level dTLB entries: 4KB 0, 2MB 0, 4MB 0, 1GB 0
[    0.148388] Spectre V1 : Mitigation: usercopy/swapgs barriers and __user pointer sanitization
[    0.149010] Spectre V2 : WARNING: Unprivileged eBPF is enabled with eIBRS on, data leaks possible via Spectre v2 BHB attacks!
[    0.149832] Spectre V2 : Mitigation: Enhanced IBRS
[    0.150174] Spectre V2 : Spectre v2 / SpectreRSB mitigation: Filling RSB on context switch
[    0.150751] Spectre V2 : Spectre v2 / PBRSB-eIBRS: Retire a single CALL on VMEXIT
[    0.151317] Spectre V2 : mitigation: Enabling conditional Indirect Branch Prediction Barrier
[    0.151908] Speculative Store Bypass: Mitigation: Speculative Store Bypass disabled via prctl
[    0.152508] MMIO Stale Data: Unknown: No mitigations
[    0.254012] Freeing SMP alternatives memory: 56K
[    0.254560] smpboot: CPU0: Genuine Intel(R) 0000 (family: 0x6, model: 0xb7, stepping: 0x0)
[    0.255304] cblist_init_generic: Setting adjustable number of callback queues.
[    0.255304] cblist_init_generic: Setting shift to 1 and lim to 1.
[    0.255304] cblist_init_generic: Setting shift to 1 and lim to 1.
[    0.255304] cblist_init_generic: Setting shift to 1 and lim to 1.
[    0.255304] Performance Events: Alderlake Hybrid events, full-width counters, Intel PMU driver.
[    0.255304] core: cpu_core PMU driver: 
[    0.255304] ... version:                2
[    0.255308] ... bit width:              48
[    0.255592] ... generic registers:      6
[    0.255870] ... value mask:             0000ffffffffffff
[    0.256236] ... max period:             00007fffffffffff
[    0.256600] ... fixed-purpose events:   3
[    0.256879] ... event mask:             0001000f0000003f
[    0.257345] rcu: Hierarchical SRCU implementation.
[    0.257674] rcu: 	Max phase no-delay instances is 1000.
[    0.260001] unchecked MSR access error: WRMSR to 0x38f (tried to write 0x0001000f0000003f) at rIP: 0xffffffff810c30cc (native_write_msr+0xc/0x30)
[    0.260896] Call Trace:
[    0.261069]  <TASK>
[    0.261221]  __intel_pmu_enable_all.constprop.46+0xb5/0x140
[    0.261618]  intel_pmu_enable_all+0x1e/0x30
[    0.261913]  x86_pmu_enable+0x46d/0x5a0
[    0.262193]  ? write_comp_data+0x2f/0x90
[    0.262473]  perf_pmu_enable+0x53/0x70
[    0.262748]  ctx_resched+0xab/0xf0
[    0.262997]  __perf_install_in_context+0x210/0x390
[    0.263304]  ? __sanitizer_cov_trace_pc+0x25/0x60
[    0.263304]  ? perf_duration_warn+0x50/0x50
[    0.263304]  remote_function+0x80/0xa0
[    0.263304]  ? perf_duration_warn+0x50/0x50
[    0.263304]  generic_exec_single+0xea/0x150
[    0.263304]  ? perf_duration_warn+0x50/0x50
[    0.263304]  smp_call_function_single+0x11c/0x240
[    0.263304]  ? perf_duration_warn+0x50/0x50
[    0.263304]  ? __sanitizer_cov_trace_pc+0x25/0x60
[    0.263304]  ? write_comp_data+0x2f/0x90
[    0.263304]  perf_install_in_context+0x292/0x2c0
[    0.263304]  ? ctx_resched+0xf0/0xf0
[    0.263304]  perf_event_create_kernel_counter+0x168/0x200
[    0.263304]  ? find_next_bit+0x30/0x30
[    0.263304]  hardlockup_detector_event_create+0x46/0xd0
[    0.263304]  hardlockup_detector_perf_init+0x18/0x66
[    0.263304]  watchdog_nmi_probe+0x17/0x1d
[    0.263304]  lockup_detector_init+0x40/0xad
[    0.263304]  kernel_init_freeable+0x1b0/0x37a
[    0.263304]  ? rest_init+0xe0/0xe0
[    0.263304]  kernel_init+0x24/0x1e0
[    0.263304]  ? rest_init+0xe0/0xe0
[    0.263304]  ret_from_fork+0x1f/0x30
[    0.263304]  </TASK>
[    0.263415] smp: Bringing up secondary CPUs ...
[    0.263913] x86: Booting SMP configuration:
[    0.264199] .... node  #0, CPUs:      #1
[    0.264465] smp: Brought up 1 node, 2 CPUs
[    0.264465] smpboot: Max logical packages: 1
[    0.264465] smpboot: Total of 2 processors activated (3225.60 BogoMIPS)
[    0.265020] devtmpfs: initialized
[    0.265020] x86/mm: Memory block size: 128MB
[    0.268086] clocksource: jiffies: mask: 0xffffffff max_cycles: 0xffffffff, max_idle_ns: 7645041785100000 ns
[    0.268224] futex hash table entries: 512 (order: 3, 32768 bytes, linear)
[    0.268787] pinctrl core: initialized pinctrl subsystem
[    0.269372] 
[    0.269484] *************************************************************
[    0.269949] **     NOTICE NOTICE NOTICE NOTICE NOTICE NOTICE NOTICE    **
[    0.270414] **                                                         **
[    0.271308] **  IOMMU DebugFS SUPPORT HAS BEEN ENABLED IN THIS KERNEL  **
[    0.271773] **                                                         **
[    0.272236] ** This means that this kernel is built to expose internal **
[    0.272701] ** IOMMU data structures, which may compromise security on **
[    0.273165] ** your system.                                            **
[    0.273628] **                                                         **
[    0.274092] ** If you see this message and you are not debugging the   **
[    0.274554] ** kernel, report this immediately to your vendor!         **
[    0.275033] **                                                         **
[    0.275309] **     NOTICE NOTICE NOTICE NOTICE NOTICE NOTICE NOTICE    **
[    0.275772] *************************************************************
[    0.276274] PM: RTC time: 05:52:20, date: 2022-11-24
[    0.279925] NET: Registered PF_NETLINK/PF_ROUTE protocol family
[    0.280716] DMA: preallocated 256 KiB GFP_KERNEL pool for atomic allocations
[    0.281207] DMA: preallocated 256 KiB GFP_KERNEL|GFP_DMA pool for atomic allocations
[    0.281744] DMA: preallocated 256 KiB GFP_KERNEL|GFP_DMA32 pool for atomic allocations
[    0.282315] audit: initializing netlink subsys (disabled)
[    0.282738] audit: type=2000 audit(1669269140.902:1): state=initialized audit_enabled=0 res=1
[    0.282738] thermal_sys: Registered thermal governor 'fair_share'
[    0.283310] thermal_sys: Registered thermal governor 'bang_bang'
[    0.283732] thermal_sys: Registered thermal governor 'step_wise'
[    0.284145] thermal_sys: Registered thermal governor 'user_space'
[    0.284569] cpuidle: using governor ladder
[    0.285268] cpuidle: using governor menu
[    0.285744] acpiphp: ACPI Hot Plug PCI Controller Driver version: 0.5
[    0.286387] PCI: Using configuration type 1 for base access
[    0.294932] kprobes: kprobe jump-optimization is enabled. All kprobes are optimized if possible.
[    0.538215] HugeTLB: registered 1.00 GiB page size, pre-allocated 0 pages
[    0.538836] HugeTLB: 16380 KiB vmemmap can be freed for a 1.00 GiB page
[    0.539321] HugeTLB: registered 2.00 MiB page size, pre-allocated 0 pages
[    0.539882] HugeTLB: 28 KiB vmemmap can be freed for a 2.00 MiB page
[    0.541422] ACPI: Added _OSI(Module Device)
[    0.541782] ACPI: Added _OSI(Processor Device)
[    0.542155] ACPI: Added _OSI(3.0 _SCP Extensions)
[    0.542555] ACPI: Added _OSI(Processor Aggregator Device)
[    0.547802] ACPI: 1 ACPI AML tables successfully acquired and loaded
[    0.550948] ACPI: Interpreter enabled
[    0.551333] ACPI: PM: (supports S0 S3 S4 S5)
[    0.551691] ACPI: Using IOAPIC for interrupt routing
[    0.552135] PCI: Using host bridge windows from ACPI; if necessary, use "pci=nocrs" and report a bug
[    0.552883] PCI: Using E820 reservations for host bridge windows
[    0.553926] ACPI: Enabled 2 GPEs in block 00 to 0F
[    0.566730] ACPI: PCI Root Bridge [PCI0] (domain 0000 [bus 00-ff])
[    0.567265] acpi PNP0A03:00: _OSC: OS supports [ASPM ClockPM Segments MSI EDR HPX-Type3]
[    0.567313] acpi PNP0A03:00: _OSC: not requesting OS control; OS requires [ExtendedConfig ASPM ClockPM MSI]
[    0.568152] acpi PNP0A03:00: fail to add MMCONFIG information, can't access extended PCI configuration space under this bridge.
[    0.570657] acpiphp: Slot [3] registered
[    0.571048] acpiphp: Slot [4] registered
[    0.571359] acpiphp: Slot [5] registered
[    0.571737] acpiphp: Slot [6] registered
[    0.572118] acpiphp: Slot [7] registered
[    0.572505] acpiphp: Slot [8] registered
[    0.572884] acpiphp: Slot [9] registered
[    0.573273] acpiphp: Slot [10] registered
[    0.573663] acpiphp: Slot [11] registered
[    0.574052] acpiphp: Slot [12] registered
[    0.574441] acpiphp: Slot [13] registered
[    0.574828] acpiphp: Slot [14] registered
[    0.575217] acpiphp: Slot [15] registered
[    0.575366] acpiphp: Slot [16] registered
[    0.575754] acpiphp: Slot [17] registered
[    0.576141] acpiphp: Slot [18] registered
[    0.576527] acpiphp: Slot [19] registered
[    0.576914] acpiphp: Slot [20] registered
[    0.577301] acpiphp: Slot [21] registered
[    0.577704] acpiphp: Slot [22] registered
[    0.578100] acpiphp: Slot [23] registered
[    0.578488] acpiphp: Slot [24] registered
[    0.578876] acpiphp: Slot [25] registered
[    0.579270] acpiphp: Slot [26] registered
[    0.579358] acpiphp: Slot [27] registered
[    0.579747] acpiphp: Slot [28] registered
[    0.580143] acpiphp: Slot [29] registered
[    0.580530] acpiphp: Slot [30] registered
[    0.580916] acpiphp: Slot [31] registered
[    0.581269] PCI host bridge to bus 0000:00
[    0.581615] pci_bus 0000:00: root bus resource [io  0x0000-0x0cf7 window]
[    0.582182] pci_bus 0000:00: root bus resource [io  0x0d00-0xffff window]
[    0.582748] pci_bus 0000:00: root bus resource [mem 0x000a0000-0x000bffff window]
[    0.583308] pci_bus 0000:00: root bus resource [mem 0x80000000-0xfebfffff window]
[    0.583931] pci_bus 0000:00: root bus resource [mem 0x100000000-0x17fffffff window]
[    0.584568] pci_bus 0000:00: root bus resource [bus 00-ff]
[    0.585094] pci 0000:00:00.0: [8086:1237] type 00 class 0x060000
[    0.588021] pci 0000:00:01.0: [8086:7000] type 00 class 0x060100
[    0.589100] pci 0000:00:01.1: [8086:7010] type 00 class 0x010180
[    0.590964] pci 0000:00:01.1: reg 0x20: [io  0xc040-0xc04f]
[    0.591935] pci 0000:00:01.1: legacy IDE quirk: reg 0x10: [io  0x01f0-0x01f7]
[    0.592567] pci 0000:00:01.1: legacy IDE quirk: reg 0x14: [io  0x03f6]
[    0.593118] pci 0000:00:01.1: legacy IDE quirk: reg 0x18: [io  0x0170-0x0177]
[    0.593712] pci 0000:00:01.1: legacy IDE quirk: reg 0x1c: [io  0x0376]
[    0.594486] pci 0000:00:01.3: [8086:7113] type 00 class 0x068000
[    0.595280] pci 0000:00:01.3: quirk: [io  0x0600-0x063f] claimed by PIIX4 ACPI
[    0.595315] pci 0000:00:01.3: quirk: [io  0x0700-0x070f] claimed by PIIX4 SMB
[    0.596125] pci 0000:00:02.0: [1234:1111] type 00 class 0x030000
[    0.599161] pci 0000:00:02.0: reg 0x10: [mem 0xfd000000-0xfdffffff pref]
[    0.601164] pci 0000:00:02.0: reg 0x18: [mem 0xfebf0000-0xfebf0fff]
[    0.604586] pci 0000:00:02.0: reg 0x30: [mem 0xfebe0000-0xfebeffff pref]
[    0.605315] pci 0000:00:02.0: Video device with shadowed ROM at [mem 0x000c0000-0x000dffff]
[    0.608747] pci 0000:00:03.0: [8086:100e] type 00 class 0x020000
[    0.609817] pci 0000:00:03.0: reg 0x10: [mem 0xfebc0000-0xfebdffff]
[    0.610807] pci 0000:00:03.0: reg 0x14: [io  0xc000-0xc03f]
[    0.613631] pci 0000:00:03.0: reg 0x30: [mem 0xfeb80000-0xfebbffff pref]
[    0.623520] ACPI: PCI: Interrupt link LNKA configured for IRQ 10
[    0.624356] ACPI: PCI: Interrupt link LNKB configured for IRQ 10
[    0.625171] ACPI: PCI: Interrupt link LNKC configured for IRQ 11
[    0.625985] ACPI: PCI: Interrupt link LNKD configured for IRQ 11
[    0.626634] ACPI: PCI: Interrupt link LNKS configured for IRQ 9
[    0.628154] iommu: Default domain type: Translated 
[    0.628570] iommu: DMA domain TLB invalidation policy: lazy mode 
[    0.629736] SCSI subsystem initialized
[    0.630230] ACPI: bus type USB registered
[    0.630606] usbcore: registered new interface driver usbfs
[    0.631089] usbcore: registered new interface driver hub
[    0.631322] usbcore: registered new device driver usb
[    0.631819] pps_core: LinuxPPS API ver. 1 registered
[    0.632230] pps_core: Software ver. 5.3.6 - Copyright 2005-2007 Rodolfo Giometti <giometti@linux.it>
[    0.632980] PTP clock support registered
[    0.633396] EDAC MC: Ver: 3.0.0
[    0.634534] NetLabel: Initializing
[    0.634831] NetLabel:  domain hash size = 128
[    0.635199] NetLabel:  protocols = UNLABELED CIPSOv4 CALIPSO
[    0.635347] NetLabel:  unlabeled traffic allowed by default
[    0.635984] PCI: Using ACPI for IRQ routing
[    0.636500] pci 0000:00:02.0: vgaarb: setting as boot VGA device
[    0.637000] pci 0000:00:02.0: vgaarb: bridge control possible
[    0.637477] pci 0000:00:02.0: vgaarb: VGA device added: decodes=io+mem,owns=io+mem,locks=none
[    0.638179] vgaarb: loaded
[    0.638762] hpet0: at MMIO 0xfed00000, IRQs 2, 8, 0
[    0.639187] hpet0: 3 comparators, 64-bit 100.000000 MHz counter
[    3.467460] clocksource: Switched to clocksource kvm-clock
[    3.560937] VFS: Disk quotas dquot_6.6.0
[    3.561325] VFS: Dquot-cache hash table entries: 512 (order 0, 4096 bytes)
[    3.561975] pnp: PnP ACPI init
[    3.563612] pnp: PnP ACPI: found 6 devices
[    3.573745] clocksource: acpi_pm: mask: 0xffffff max_cycles: 0xffffff, max_idle_ns: 2085701024 ns
[    3.574751] NET: Registered PF_INET protocol family
[    3.575426] IP idents hash table entries: 32768 (order: 6, 262144 bytes, linear)
[    3.577303] tcp_listen_portaddr_hash hash table entries: 1024 (order: 2, 16384 bytes, linear)
[    3.577953] Table-perturb hash table entries: 65536 (order: 6, 262144 bytes, linear)
[    3.578533] TCP established hash table entries: 16384 (order: 5, 131072 bytes, linear)
[    3.579181] TCP bind hash table entries: 16384 (order: 7, 524288 bytes, linear)
[    3.579826] TCP: Hash tables configured (established 16384 bind 16384)
[    3.580352] UDP hash table entries: 1024 (order: 3, 32768 bytes, linear)
[    3.580870] UDP-Lite hash table entries: 1024 (order: 3, 32768 bytes, linear)
[    3.581488] NET: Registered PF_UNIX/PF_LOCAL protocol family
[    3.582267] RPC: Registered named UNIX socket transport module.
[    3.582704] RPC: Registered udp transport module.
[    3.583051] RPC: Registered tcp transport module.
[    3.583407] RPC: Registered tcp NFSv4.1 backchannel transport module.
[    3.583898] pci_bus 0000:00: resource 4 [io  0x0000-0x0cf7 window]
[    3.584354] pci_bus 0000:00: resource 5 [io  0x0d00-0xffff window]
[    3.584804] pci_bus 0000:00: resource 6 [mem 0x000a0000-0x000bffff window]
[    3.585301] pci_bus 0000:00: resource 7 [mem 0x80000000-0xfebfffff window]
[    3.585797] pci_bus 0000:00: resource 8 [mem 0x100000000-0x17fffffff window]
[    3.586477] pci 0000:00:01.0: PIIX3: Enabling Passive Release
[    3.586900] pci 0000:00:00.0: Limiting direct PCI/PCI transfers
[    3.587427] PCI: CLS 0 bytes, default 64
[    3.587917] clocksource: tsc: mask: 0xffffffffffffffff max_cycles: 0xb9fb05486c, max_idle_ns: 440795231721 ns
[    3.590660] Initialise system trusted keyrings
[    3.591032] Key type blacklist registered
[    3.591417] workingset: timestamp_bits=36 max_order=19 bucket_order=0
[    3.596597] zbud: loaded
[    3.597660] squashfs: version 4.0 (2009/01/31) Phillip Lougher
[    3.598754] NFS: Registering the id_resolver key type
[    3.599127] Key type id_resolver registered
[    3.599442] Key type id_legacy registered
[    3.599785] nfs4filelayout_init: NFSv4 File Layout Driver Registering...
[    3.600278] nfs4flexfilelayout_init: NFSv4 Flexfile Layout Driver Registering...
[    3.600918] fuse: init (API version 7.37)
[    3.601418] SGI XFS with ACLs, security attributes, realtime, quota, no debug enabled
[    3.602753] 9p: Installing v9fs 9p2000 file system support
[    3.609553] Key type asymmetric registered
[    3.609879] Asymmetric key parser 'x509' registered
[    3.610842] alg: self-tests for CTR-KDF (hmac(sha256)) passed
[    3.611283] Block layer SCSI generic (bsg) driver version 0.4 loaded (major 243)
[    3.611886] io scheduler mq-deadline registered
[    3.612284] io scheduler bfq registered
[    3.613011] shpchp: Standard Hot Plug PCI Controller Driver version: 0.4
[    3.613656] IPMI message handler: version 39.2
[    3.613991] ipmi device interface
[    3.615150] input: Power Button as /devices/LNXSYSTM:00/LNXPWRBN:00/input/input0
[    3.615779] ACPI: button: Power Button [PWRF]
[    3.616685] ERST DBG: ERST support is disabled.
[    3.617324] Serial: 8250/16550 driver, 32 ports, IRQ sharing enabled
[    3.618080] 00:04: ttyS0 at I/O 0x3f8 (irq = 4, base_baud = 115200) is a 16550A
[    3.623060] Linux agpgart interface v0.103
[    3.623653] ACPI: bus type drm_connector registered
[    3.631839] brd: module loaded
[    3.636250] loop: module loaded
[    3.638618] scsi host0: ata_piix
[    3.639118] scsi host1: ata_piix
[    3.639450] ata1: PATA max MWDMA2 cmd 0x1f0 ctl 0x3f6 bmdma 0xc040 irq 14
[    3.639942] ata2: PATA max MWDMA2 cmd 0x170 ctl 0x376 bmdma 0xc048 irq 15
[    3.641347] tun: Universal TUN/TAP device driver, 1.6
[    3.641830] e100: Intel(R) PRO/100 Network Driver
[    3.642172] e100: Copyright(c) 1999-2006 Intel Corporation
[    3.642593] e1000: Intel(R) PRO/1000 Network Driver
[    3.642946] e1000: Copyright (c) 1999-2006 Intel Corporation.
[    3.736349] ACPI: \_SB_.LNKC: Enabled at IRQ 11
[    3.799512] ata2: found unknown device (class 0)
[    3.800075] ata1: found unknown device (class 0)
[    3.800733] ata2.00: ATAPI: QEMU DVD-ROM, 2.5+, max UDMA/100
[    3.801454] ata1.00: ATA-7: QEMU HARDDISK, 2.5+, max UDMA/100
[    3.801845] ata1.00: 16777216 sectors, multi 16: LBA48 
[    3.802994] scsi 0:0:0:0: Direct-Access     ATA      QEMU HARDDISK    2.5+ PQ: 0 ANSI: 5
[    3.803888] scsi 0:0:0:0: Attached scsi generic sg0 type 0
[    3.804707] sd 0:0:0:0: [sda] 16777216 512-byte logical blocks: (8.59 GB/8.00 GiB)
[    3.805243] scsi 1:0:0:0: CD-ROM            QEMU     QEMU DVD-ROM     2.5+ PQ: 0 ANSI: 5
[    3.805883] sd 0:0:0:0: [sda] Write Protect is off
[    3.806369] sd 0:0:0:0: [sda] Write cache: enabled, read cache: enabled, doesn't support DPO or FUA
[    3.807209] sd 0:0:0:0: [sda] Preferred minimum I/O size 512 bytes
[    3.828773] sd 0:0:0:0: [sda] Attached SCSI disk
[    3.835890] scsi 1:0:0:0: Attached scsi generic sg1 type 5
[    4.057714] e1000 0000:00:03.0 eth0: (PCI:33MHz:32-bit) 52:54:00:12:34:56
[    4.058169] e1000 0000:00:03.0 eth0: Intel(R) PRO/1000 Network Connection
[    4.058660] e1000e: Intel(R) PRO/1000 Network Driver
[    4.058977] e1000e: Copyright(c) 1999 - 2015 Intel Corporation.
[    4.059400] igb: Intel(R) Gigabit Ethernet Network Driver
[    4.059745] igb: Copyright (c) 2007-2014 Intel Corporation.
[    4.060161] PPP generic driver version 2.4.2
[    4.060808] VFIO - User Level meta-driver version: 0.3
[    4.061482] usbcore: registered new interface driver uas
[    4.061867] usbcore: registered new interface driver usb-storage
[    4.062340] i8042: PNP: PS/2 Controller [PNP0303:KBD,PNP0f13:MOU] at 0x60,0x64 irq 1,12
[    4.063378] serio: i8042 KBD port at 0x60,0x64 irq 1
[    4.063705] serio: i8042 AUX port at 0x60,0x64 irq 12
[    4.064597] mousedev: PS/2 mouse device common for all mice
[    4.065472] input: AT Translated Set 2 keyboard as /devices/platform/i8042/serio0/input/input1
[    4.066547] input: VirtualPS/2 VMware VMMouse as /devices/platform/i8042/serio1/input/input4
[    4.067133] rtc_cmos 00:05: RTC can wake from S4
[    4.067673] input: VirtualPS/2 VMware VMMouse as /devices/platform/i8042/serio1/input/input3
[    4.068685] rtc_cmos 00:05: registered as rtc0
[    4.069008] rtc_cmos 00:05: setting system clock to 2022-11-24T05:52:24 UTC (1669269144)
[    4.069613] rtc_cmos 00:05: alarms up to one day, y3k, 242 bytes nvram, hpet irqs
[    4.070139] i2c_dev: i2c /dev entries driver
[    4.070436] device-mapper: core: CONFIG_IMA_DISABLE_HTABLE is disabled. Duplicate IMA measurements will not be recorded in the IMA log.
[    4.071253] device-mapper: uevent: version 1.0.3
[    4.071662] device-mapper: ioctl: 4.47.0-ioctl (2022-07-28) initialised: dm-devel@redhat.com
[    4.072201] intel_pstate: CPU model not supported
[    4.072554] sdhci: Secure Digital Host Controller Interface driver
[    4.072946] sdhci: Copyright(c) Pierre Ossman
[    4.073269] sdhci-pltfm: SDHCI platform and OF driver helper
[    4.073671] ledtrig-cpu: registered to indicate activity on CPUs
[    4.074193] drop_monitor: Initializing network drop monitor service
[    4.074979] NET: Registered PF_INET6 protocol family
[    4.076268] Segment Routing with IPv6
[    4.076544] In-situ OAM (IOAM) with IPv6
[    4.076827] NET: Registered PF_PACKET protocol family
[    4.077305] 9pnet: Installing 9P2000 support
[    4.077628] Key type dns_resolver registered
[    4.078403] IPI shorthand broadcast: enabled
[    4.078715] sched_clock: Marking stable (4069475657, 8742692)->(4092665223, -14446874)
[    4.079486] registered taskstats version 1
[    4.079831] Loading compiled-in X.509 certificates
[    4.080473] zswap: loaded using pool lzo/zbud
[    4.080998] Key type .fscrypt registered
[    4.081257] Key type fscrypt-provisioning registered
[    4.082062] Key type encrypted registered
[    4.082344] ima: No TPM chip found, activating TPM-bypass!
[    4.082713] ima: Allocated hash algorithm: sha1
[    4.083026] ima: No architecture policies found
[    4.083363] evm: Initialising EVM extended attributes:
[    4.083701] evm: security.selinux
[    4.083924] evm: security.SMACK64
[    4.084192] evm: security.SMACK64EXEC
[    4.084457] evm: security.SMACK64TRANSMUTE
[    4.084727] evm: security.SMACK64MMAP
[    4.084972] evm: security.apparmor
[    4.085198] evm: security.ima
[    4.085398] evm: security.capability
[    4.085636] evm: HMAC attrs: 0x1
[    4.087763] PM:   Magic number: 14:701:871
[    4.088266] RAS: Correctable Errors collector initialized.
[    4.088866] md: Waiting for all devices to be available before autodetect
[    4.089171] md: If you don't use raid, use raid=noautodetect
[    4.089429] md: Autodetecting RAID arrays.
[    4.089617] md: autorun ...
[    4.089749] md: ... autorun DONE.
[    4.092795] EXT4-fs (sda): INFO: recovery required on readonly filesystem
[    4.093106] EXT4-fs (sda): write access will be enabled during recovery
[    4.107158] EXT4-fs (sda): recovery complete
[    4.108360] EXT4-fs (sda): mounted filesystem with ordered data mode. Quota mode: none.
[    4.108787] VFS: Mounted root (ext4 filesystem) readonly on device 8:0.
[    4.109352] devtmpfs: mounted
[    4.116911] Freeing unused decrypted memory: 2036K
[    4.118793] Freeing unused kernel image (initmem) memory: 3624K
[    4.119085] Write protecting the kernel read-only data: 40960k
[    4.121592] Freeing unused kernel image (text/rodata gap) memory: 2028K
[    4.122295] Freeing unused kernel image (rodata/data gap) memory: 664K
[    4.217234] x86/mm: Checked W+X mappings: passed, no W+X pages found.
[    4.217574] Run /sbin/init as init process
[    4.274073] systemd[1]: RTC configured in localtime, applying delta of 0 minutes to system time.
[    4.287943] systemd[1]: systemd 239 (239-49.el8) running in system mode. (+PAM +AUDIT +SELINUX +IMA -APPARMOR +SMACK +SYSVINIT +UTMP +LIBCRYPTSETUP +GCRYPT +GNUTLS +ACL +XZ +LZ4 +SECCOMP +BLKID +ELFUTILS +KMOD +IDN2 -IDN +PCRE2 default-hierarchy=legacy)
[    4.289085] systemd[1]: Detected virtualization kvm.
[    4.289336] systemd[1]: Detected architecture x86-64.

Welcome to [0;31mCentOS Stream 8[0m!

[    4.339216] systemd[1]: Set hostname to <test>.
[    5.343316] random: crng init done
[    5.407003] systemd[1]: Listening on udev Kernel Socket.
[[0;32m  OK  [0m] Listening on udev Kernel Socket.
[    5.408100] systemd[1]: Reached target Swap.
[[0;32m  OK  [0m] Reached target Swap.
[    5.409709] systemd[1]: Created slice User and Session Slice.
[[0;32m  OK  [0m] Created slice User and Session Slice.
[    5.410820] systemd[1]: Listening on udev Control Socket.
[[0;32m  OK  [0m] Listening on udev Control Socket.
[    5.412449] systemd[1]: Created slice system-serial\x2dgetty.slice.
[[0;32m  OK  [0m] Created slice system-serial\x2dgetty.slice.
[    5.413743] systemd[1]: Set up automount Arbitrary Executable File Formats File System Automount Point.
[[0;32m  OK  [0m] Set up automount Arbitrary Executabâ€¦rmats File System Automount Point.
[[0;32m  OK  [0m] Listening on Journal Socket.
         Starting Load Kernel Modules...
         Starting udev Coldplug all Devices...
[[0;32m  OK  [0m] Listening on initctl Compatibility Named Pipe.
[[0;32m  OK  [0m] Reached target Slices.
[[0;32m  OK  [0m] Listening on Process Core Dump Socket.
[[0;32m  OK  [0m] Started Forward Password Requests to Wall Directory Watch.
[[0;32m  OK  [0m] Created slice system-sshd\x2dkeygen.slice.
[[0;32m  OK  [0m] Listening on Device-mapper event daemon FIFOs.
         Mounting Kernel Debug File System...
         Starting Remount Root and Kernel File Systems...
[[0;32m  OK  [0m] Created slice system-getty.slice.
[[0;32m  OK  [0m] Listening on RPCbind Server Activation Socket.
[[0;32m  OK  [0m] Reached target RPC Port Mapper.
         Mounting POSIX Message Queue File System...
[[0;32m  OK  [0m] Listening on LVM2 poll daemon socket.
         Mounting Huge Pages File System...
         Starting Setup Virtual Console...
         Starting Monitoring of LVM2 mirrorsâ€¦ng dmeventd or progress polling...
[[0;32m  OK  [0m] Listening on multipathd control socket.
[[0;32m  OK  [0m] Listening on Journal Socket (/dev/log).
         Starting Journal Service...
[    5.582102] EXT4-fs (sda): re-mounted. Quota mode: none.
[[0;1;31mFAILED[0m] Failed to start Load Kernel Modules.
See 'systemctl status systemd-modules-load.service' for details.
[[0;32m  OK  [0m] Mounted Kernel Debug File System.
[[0;32m  OK  [0m] Started Remount Root and Kernel File Systems.
[[0;32m  OK  [0m] Mounted POSIX Message Queue File System.
[[0;32m  OK  [0m] Mounted Huge Pages File System.
         Starting Load/Save Random Seed...
         Starting Create Static Device Nodes in /dev...
         Mounting Kernel Configuration File System...
         Starting Apply Kernel Variables...
         Mounting FUSE Control File System...
[[0;32m  OK  [0m] Started Journal Service.
[[0;32m  OK  [0m] Started Setup Virtual Console.
[[0;32m  OK  [0m] Started udev Coldplug all Devices.
[[0;32m  OK  [0m] Started Load/Save Random Seed.
[[0;32m  OK  [0m] Started Create Static Device Nodes in /dev.
[[0;32m  OK  [0m] Mounted Kernel Configuration File System.
[[0;32m  OK  [0m] Mounted FUSE Control File System.
         Starting udev Kernel Device Manager...
         Starting udev Wait for Complete Device Initialization...
         Starting Flush Journal to Persistent Storage...
[[0;32m  OK  [0m] Started Apply Kernel Variables.
[[0;32m  OK  [0m] Started Flush Journal to Persistent Storage.
[[0;32m  OK  [0m] Started udev Kernel Device Manager.
         Starting Show Plymouth Boot Screen...
[[0;32m  OK  [0m] Started Show Plymouth Boot Screen.
[[0;32m  OK  [0m] Started Forward Password Requests to Plymouth Directory Watch.
[[0;32m  OK  [0m] Reached target Paths.
[[0;32m  OK  [0m] Reached target Local Encrypted Volumes.
[[0;32m  OK  [0m] Found device /dev/ttyS0.
[[0;32m  OK  [0m] Listening on Load/Save RF Kill Switch Status /dev/rfkill Watch.
[[0;32m  OK  [0m] Started udev Wait for Complete Device Initialization.
[[0;32m  OK  [0m] Started Monitoring of LVM2 mirrors,â€¦sing dmeventd or progress polling.
[[0;32m  OK  [0m] Reached target Local File Systems (Pre).
[[0;32m  OK  [0m] Reached target Local File Systems.
         Starting Restore /run/initramfs on shutdown...
         Starting Tell Plymouth To Write Out Runtime Data...
         Starting Create Volatile Files and Directories...
[[0;32m  OK  [0m] Started Restore /run/initramfs on shutdown.
[[0;32m  OK  [0m] Started Tell Plymouth To Write Out Runtime Data.
[[0;32m  OK  [0m] Started Create Volatile Files and Directories.
         Starting RPC Bind...
         Mounting RPC Pipe File System...
         Starting Security Auditing Service...
[[0;32m  OK  [0m] Mounted RPC Pipe File System.
[[0;32m  OK  [0m] Reached target rpc_pipefs.target.
[[0;32m  OK  [0m] Started RPC Bind.
[[0;32m  OK  [0m] Started Security Auditing Service.
         Starting Update UTMP about System Boot/Shutdown...
[[0;32m  OK  [0m] Started Update UTMP about System Boot/Shutdown.
[[0;32m  OK  [0m] Reached target System Initialization.
[[0;32m  OK  [0m] Started Daily Cleanup of Temporary Directories.
[[0;32m  OK  [0m] Listening on SSSD Kerberos Cache Manager responder socket.
[[0;32m  OK  [0m] Started daily update of the root trust anchor for DNSSEC.
[[0;32m  OK  [0m] Started dnf makecache --timer.
[[0;32m  OK  [0m] Reached target Timers.
[[0;32m  OK  [0m] Listening on D-Bus System Message Bus Socket.
[[0;32m  OK  [0m] Reached target Sockets.
[[0;32m  OK  [0m] Reached target Basic System.
         Starting Authorization Manager...
[[0;32m  OK  [0m] Started Machine Check Exception Logging Daemon.
         Starting Login Service...
         Starting Self Monitoring and Reporting Technology (SMART) Daemon...
[[0;32m  OK  [0m] Started irqbalance daemon.
         Starting Auto-connect to subsystemsâ€¦-NVME devices found during boot...
         Starting NTP client/server...
[[0;32m  OK  [0m] Reached target sshd-keygen.target.
[[0;32m  OK  [0m] Started D-Bus System Message Bus.
         Starting Network Manager...
[[0;32m  OK  [0m] Started Self Monitoring and Reporting Technology (SMART) Daemon.
[[0;32m  OK  [0m] Started Auto-connect to subsystems â€¦FC-NVME devices found during boot.
         Starting update of the root trust aâ€¦or DNSSEC validation in unbound...
[[0;32m  OK  [0m] Started Login Service.
[[0;32m  OK  [0m] Started Network Manager.
         Starting Network Manager Wait Online...
[[0;32m  OK  [0m] Reached target Network.
         Starting OpenSSH server daemon...
         Starting Dynamic System Tuning Daemon...
         Starting GSSAPI Proxy Daemon...
[[0;32m  OK  [0m] Started NTP client/server.
[[0;32m  OK  [0m] Started OpenSSH server daemon.
[[0;32m  OK  [0m] Started update of the root trust anâ€¦ for DNSSEC validation in unbound.
[[0;32m  OK  [0m] Started Authorization Manager.
         Starting Hostname Service...
[[0;32m  OK  [0m] Started GSSAPI Proxy Daemon.
[[0;32m  OK  [0m] Reached target NFS client services.
[[0;32m  OK  [0m] Reached target Remote File Systems (Pre).
[[0;32m  OK  [0m] Reached target Remote File Systems.
         Starting Permit User Sessions...
[[0;32m  OK  [0m] Started Permit User Sessions.
         Starting Hold until boot process finishes up...
[[0;32m  OK  [0m] Started Command Scheduler.
         Starting Terminate Plymouth Boot Screen...
[    6.871347] e1000: eth0 NIC Link is Up 1000 Mbps Full Duplex, Flow Control: RX
[    6.872065] IPv6: ADDRCONF(NETDEV_CHANGE): eth0: link becomes ready
[    7.028769] Spectre V2 : WARNING: Unprivileged eBPF is enabled with eIBRS on, data leaks possible via Spectre v2 BHB attacks!
[    7.029400] Spectre V2 : WARNING: Unprivileged eBPF is enabled with eIBRS on, data leaks possible via Spectre v2 BHB attacks!

CentOS Stream 8
Kernel 6.1.0-rc5-094226ad94f4+ on an x86_64

test login: 