c[?7l[2J[0mSeaBIOS (version rel-1.16.0-0-gd239552ce722-prebuilt.qemu.org)


iPXE (http://ipxe.org) 00:03.0 CA00 PCI2.10 PnP PMM+7FF91000+7FEF1000 CA00
Press Ctrl-B to configure iPXE (PCI 00:03.0)...                                                                               


Booting from ROM..c[?7l[2J[    0.000000] Linux version 6.1.0-rc3-1f6eae430528+ (root@p-rpls01) (gcc (GCC) 8.5.0 20210514 (Red Hat 8.5.0-17), GNU ld version 2.36.1-2.el8) #1 SMP PREEMPT_DYNAMIC Thu Nov 24 17:33:48 CST 2022
[    0.000000] Command line: console=ttyS0 root=/dev/sda earlyprintk=serial net.ifnames=0
[    0.000000] KERNEL supported cpus:
[    0.000000]   Intel GenuineIntel
[    0.000000]   AMD AuthenticAMD
[    0.000000]   Hygon HygonGenuine
[    0.000000]   Centaur CentaurHauls
[    0.000000]   zhaoxin   Shanghai  
[    0.000000] x86/fpu: Supporting XSAVE feature 0x001: 'x87 floating point registers'
[    0.000000] x86/fpu: Supporting XSAVE feature 0x002: 'SSE registers'
[    0.000000] x86/fpu: Supporting XSAVE feature 0x004: 'AVX registers'
[    0.000000] x86/fpu: Supporting XSAVE feature 0x200: 'Protection Keys User registers'
[    0.000000] x86/fpu: xstate_offset[2]:  576, xstate_sizes[2]:  256
[    0.000000] x86/fpu: xstate_offset[9]:  832, xstate_sizes[9]:    8
[    0.000000] x86/fpu: Enabled xstate features 0x207, context size is 840 bytes, using 'compacted' format.
[    0.000000] signal: max sigframe size: 3632
[    0.000000] BIOS-provided physical RAM map:
[    0.000000] BIOS-e820: [mem 0x0000000000000000-0x000000000009fbff] usable
[    0.000000] BIOS-e820: [mem 0x000000000009fc00-0x000000000009ffff] reserved
[    0.000000] BIOS-e820: [mem 0x00000000000f0000-0x00000000000fffff] reserved
[    0.000000] BIOS-e820: [mem 0x0000000000100000-0x000000007ffdffff] usable
[    0.000000] BIOS-e820: [mem 0x000000007ffe0000-0x000000007fffffff] reserved
[    0.000000] BIOS-e820: [mem 0x00000000feffc000-0x00000000feffffff] reserved
[    0.000000] BIOS-e820: [mem 0x00000000fffc0000-0x00000000ffffffff] reserved
[    0.000000] printk: bootconsole [earlyser0] enabled
[    0.000000] NX (Execute Disable) protection: active
[    0.000000] SMBIOS 2.8 present.
[    0.000000] DMI: QEMU Standard PC (i440FX + PIIX, 1996), BIOS rel-1.16.0-0-gd239552ce722-prebuilt.qemu.org 04/01/2014
[    0.000000] Hypervisor detected: KVM
[    0.000000] kvm-clock: Using msrs 4b564d01 and 4b564d00
[    0.000002] kvm-clock: using sched offset of 286571467 cycles
[    0.000390] clocksource: kvm-clock: mask: 0xffffffffffffffff max_cycles: 0x1cd42e4dffb, max_idle_ns: 881590591483 ns
[    0.001586] tsc: Detected 806.400 MHz processor
[    0.009482] last_pfn = 0x7ffe0 max_arch_pfn = 0x400000000
[    0.009934] x86/PAT: Configuration [0-7]: WB  WC  UC- UC  WB  WP  UC- WT  
[    0.015870] found SMP MP-table at [mem 0x000f5ba0-0x000f5baf]
[    0.016376] Using GB pages for direct mapping
[    0.017718] ACPI: Early table checksum verification disabled
[    0.018143] ACPI: RSDP 0x00000000000F59C0 000014 (v00 BOCHS )
[    0.018582] ACPI: RSDT 0x000000007FFE1951 000034 (v01 BOCHS  BXPC     00000001 BXPC 00000001)
[    0.019232] ACPI: FACP 0x000000007FFE17FD 000074 (v01 BOCHS  BXPC     00000001 BXPC 00000001)
[    0.019880] ACPI: DSDT 0x000000007FFE0040 0017BD (v01 BOCHS  BXPC     00000001 BXPC 00000001)
[    0.020525] ACPI: FACS 0x000000007FFE0000 000040
[    0.020879] ACPI: APIC 0x000000007FFE1871 000080 (v01 BOCHS  BXPC     00000001 BXPC 00000001)
[    0.021522] ACPI: HPET 0x000000007FFE18F1 000038 (v01 BOCHS  BXPC     00000001 BXPC 00000001)
[    0.022167] ACPI: WAET 0x000000007FFE1929 000028 (v01 BOCHS  BXPC     00000001 BXPC 00000001)
[    0.022808] ACPI: Reserving FACP table memory at [mem 0x7ffe17fd-0x7ffe1870]
[    0.023333] ACPI: Reserving DSDT table memory at [mem 0x7ffe0040-0x7ffe17fc]
[    0.023855] ACPI: Reserving FACS table memory at [mem 0x7ffe0000-0x7ffe003f]
[    0.024376] ACPI: Reserving APIC table memory at [mem 0x7ffe1871-0x7ffe18f0]
[    0.024897] ACPI: Reserving HPET table memory at [mem 0x7ffe18f1-0x7ffe1928]
[    0.025415] ACPI: Reserving WAET table memory at [mem 0x7ffe1929-0x7ffe1950]
[    0.026510] No NUMA configuration found
[    0.026798] Faking a node at [mem 0x0000000000000000-0x000000007ffdffff]
[    0.027351] NODE_DATA(0) allocated [mem 0x7ffb5000-0x7ffdffff]
[    0.031059] Zone ranges:
[    0.031269]   DMA      [mem 0x0000000000001000-0x0000000000ffffff]
[    0.031730]   DMA32    [mem 0x0000000001000000-0x000000007ffdffff]
[    0.032191]   Normal   empty
[    0.032408]   Device   empty
[    0.032625] Movable zone start for each node
[    0.032940] Early memory node ranges
[    0.033205]   node   0: [mem 0x0000000000001000-0x000000000009efff]
[    0.033671]   node   0: [mem 0x0000000000100000-0x000000007ffdffff]
[    0.034137] Initmem setup node 0 [mem 0x0000000000001000-0x000000007ffdffff]
[    0.035580] On node 0, zone DMA: 1 pages in unavailable ranges
[    0.035599] On node 0, zone DMA: 97 pages in unavailable ranges
[    0.060336] On node 0, zone DMA32: 32 pages in unavailable ranges
[    0.061025] ACPI: PM-Timer IO Port: 0x608
[    0.061791] ACPI: LAPIC_NMI (acpi_id[0xff] dfl dfl lint[0x1])
[    0.062253] IOAPIC[0]: apic_id 0, version 17, address 0xfec00000, GSI 0-23
[    0.062770] ACPI: INT_SRC_OVR (bus 0 bus_irq 0 global_irq 2 dfl dfl)
[    0.063248] ACPI: INT_SRC_OVR (bus 0 bus_irq 5 global_irq 5 high level)
[    0.063741] ACPI: INT_SRC_OVR (bus 0 bus_irq 9 global_irq 9 high level)
[    0.064233] ACPI: INT_SRC_OVR (bus 0 bus_irq 10 global_irq 10 high level)
[    0.064737] ACPI: INT_SRC_OVR (bus 0 bus_irq 11 global_irq 11 high level)
[    0.065256] ACPI: Using ACPI (MADT) for SMP configuration information
[    0.065732] ACPI: HPET id: 0x8086a201 base: 0xfed00000
[    0.066127] TSC deadline timer available
[    0.066417] smpboot: Allowing 2 CPUs, 0 hotplug CPUs
[    0.066810] kvm-guest: KVM setup pv remote TLB flush
[    0.067179] kvm-guest: setup PV sched yield
[    0.067527] PM: hibernation: Registered nosave memory: [mem 0x00000000-0x00000fff]
[    0.068091] PM: hibernation: Registered nosave memory: [mem 0x0009f000-0x0009ffff]
[    0.068650] PM: hibernation: Registered nosave memory: [mem 0x000a0000-0x000effff]
[    0.069209] PM: hibernation: Registered nosave memory: [mem 0x000f0000-0x000fffff]
[    0.069771] [mem 0x80000000-0xfeffbfff] available for PCI devices
[    0.070221] Booting paravirtualized kernel on KVM
[    0.070571] clocksource: refined-jiffies: mask: 0xffffffff max_cycles: 0xffffffff, max_idle_ns: 7645519600211568 ns
[    0.071357] setup_percpu: NR_CPUS:8192 nr_cpumask_bits:2 nr_cpu_ids:2 nr_node_ids:1
[    0.073029] percpu: Embedded 62 pages/cpu s217088 r8192 d28672 u1048576
[    0.073726] kvm-guest: PV spinlocks enabled
[    0.074049] PV qspinlock hash table entries: 256 (order: 0, 4096 bytes, linear)
[    0.074607] Fallback order for Node 0: 0 
[    0.074915] Built 1 zonelists, mobility grouping on.  Total pages: 515808
[    0.075430] Policy zone: DMA32
[    0.075661] Kernel command line: net.ifnames=0 console=ttyS0 root=/dev/sda earlyprintk=serial net.ifnames=0
[    0.077631] Dentry cache hash table entries: 262144 (order: 9, 2097152 bytes, linear)
[    0.078331] Inode-cache hash table entries: 131072 (order: 8, 1048576 bytes, linear)
[    0.079032] mem auto-init: stack:off, heap alloc:off, heap free:off
[    0.082995] Memory: 1999728K/2096632K available (30736K kernel code, 4079K rwdata, 7524K rodata, 3624K init, 10528K bss, 96648K reserved, 0K cma-reserved)
[    0.084873] SLUB: HWalign=64, Order=0-3, MinObjects=0, CPUs=2, Nodes=1
[    0.085347] kmemleak: Kernel memory leak detector disabled
[    0.085778] ftrace: allocating 66318 entries in 260 pages
[    0.105700] ftrace: allocated 260 pages with 2 groups
[    0.107435] Dynamic Preempt: voluntary
[    0.107789] rcu: Preemptible hierarchical RCU implementation.
[    0.108212] rcu: 	RCU restricting CPUs from NR_CPUS=8192 to nr_cpu_ids=2.
[    0.108712] 	Trampoline variant of Tasks RCU enabled.
[    0.109085] 	Rude variant of Tasks RCU enabled.
[    0.109418] 	Tracing variant of Tasks RCU enabled.
[    0.109770] rcu: RCU calculated value of scheduler-enlistment delay is 25 jiffies.
[    0.110327] rcu: Adjusting geometry for rcu_fanout_leaf=16, nr_cpu_ids=2
[    0.136164] NR_IRQS: 524544, nr_irqs: 440, preallocated irqs: 16
[    0.136871] rcu: srcu_init: Setting srcu_struct sizes based on contention.
[    0.143680] Console: colour VGA+ 80x25
[    0.143988] printk: console [ttyS0] enabled
[    0.143988] printk: console [ttyS0] enabled
[    0.144598] printk: bootconsole [earlyser0] disabled
[    0.144598] printk: bootconsole [earlyser0] disabled
[    0.145351] ACPI: Core revision 20220331
[    0.145815] clocksource: hpet: mask: 0xffffffff max_cycles: 0xffffffff, max_idle_ns: 19112604467 ns
[    0.146553] APIC: Switch to symmetric I/O mode setup
[    0.147061] x2apic enabled
[    0.147420] Switched APIC routing to physical x2apic.
[    0.147795] kvm-guest: setup PV IPIs
[    0.148762] ..TIMER: vector=0x30 apic1=0 pin1=2 apic2=-1 pin2=-1
[    0.149226] clocksource: tsc-early: mask: 0xffffffffffffffff max_cycles: 0xb9fb05486c, max_idle_ns: 440795231721 ns
[    0.149996] Calibrating delay loop (skipped) preset value.. 1612.80 BogoMIPS (lpj=3225600)
[    0.153994] pid_max: default: 32768 minimum: 301
[    0.154462] LSM: Security Framework initializing
[    0.154813] Yama: becoming mindful.
[    0.155214] Mount-cache hash table entries: 4096 (order: 3, 32768 bytes, linear)
[    0.155763] Mountpoint-cache hash table entries: 4096 (order: 3, 32768 bytes, linear)
[    0.156919] x86/cpu: User Mode Instruction Prevention (UMIP) activated
[    0.157799] Last level iTLB entries: 4KB 0, 2MB 0, 4MB 0
[    0.157992] Last level dTLB entries: 4KB 0, 2MB 0, 4MB 0, 1GB 0
[    0.158445] Spectre V1 : Mitigation: usercopy/swapgs barriers and __user pointer sanitization
[    0.159064] Spectre V2 : WARNING: Unprivileged eBPF is enabled with eIBRS on, data leaks possible via Spectre v2 BHB attacks!
[    0.159882] Spectre V2 : Mitigation: Enhanced IBRS
[    0.160223] Spectre V2 : Spectre v2 / SpectreRSB mitigation: Filling RSB on context switch
[    0.160801] Spectre V2 : Spectre v2 / PBRSB-eIBRS: Retire a single CALL on VMEXIT
[    0.161329] Spectre V2 : mitigation: Enabling conditional Indirect Branch Prediction Barrier
[    0.161991] Speculative Store Bypass: Mitigation: Speculative Store Bypass disabled via prctl
[    0.162593] MMIO Stale Data: Unknown: No mitigations
[    0.253208] Freeing SMP alternatives memory: 56K
[    0.253738] smpboot: CPU0: Genuine Intel(R) 0000 (family: 0x6, model: 0xb7, stepping: 0x0)
[    0.253989] cblist_init_generic: Setting adjustable number of callback queues.
[    0.253989] cblist_init_generic: Setting shift to 1 and lim to 1.
[    0.253989] cblist_init_generic: Setting shift to 1 and lim to 1.
[    0.253989] cblist_init_generic: Setting shift to 1 and lim to 1.
[    0.253989] Performance Events: Alderlake Hybrid events, full-width counters, Intel PMU driver.
[    0.253989] core: cpu_core PMU driver: 
[    0.253989] ... version:                2
[    0.253993] ... bit width:              48
[    0.254283] ... generic registers:      6
[    0.254567] ... value mask:             0000ffffffffffff
[    0.254944] ... max period:             00007fffffffffff
[    0.255317] ... fixed-purpose events:   3
[    0.255602] ... event mask:             0001000f0000003f
[    0.256037] rcu: Hierarchical SRCU implementation.
[    0.256375] rcu: 	Max phase no-delay instances is 1000.
[    0.258608] unchecked MSR access error: WRMSR to 0x38f (tried to write 0x0001000f0000003f) at rIP: 0xffffffff810c30fc (native_write_msr+0xc/0x30)
[    0.259527] Call Trace:
[    0.259706]  <TASK>
[    0.259862]  __intel_pmu_enable_all.constprop.46+0xb5/0x140
[    0.260271]  intel_pmu_enable_all+0x1e/0x30
[    0.260574]  x86_pmu_enable+0x46d/0x5a0
[    0.260861]  ? write_comp_data+0x2f/0x90
[    0.261150]  perf_pmu_enable+0x53/0x70
[    0.261426]  ctx_resched+0xab/0xf0
[    0.261679]  __perf_install_in_context+0x210/0x390
[    0.261989]  ? __sanitizer_cov_trace_pc+0x25/0x60
[    0.261989]  ? perf_duration_warn+0x50/0x50
[    0.261989]  remote_function+0x80/0xa0
[    0.261989]  ? perf_duration_warn+0x50/0x50
[    0.261989]  generic_exec_single+0xea/0x150
[    0.261989]  ? perf_duration_warn+0x50/0x50
[    0.261989]  smp_call_function_single+0x11c/0x240
[    0.261989]  ? perf_duration_warn+0x50/0x50
[    0.261989]  ? __sanitizer_cov_trace_pc+0x25/0x60
[    0.261989]  ? write_comp_data+0x2f/0x90
[    0.261989]  perf_install_in_context+0x292/0x2c0
[    0.261989]  ? ctx_resched+0xf0/0xf0
[    0.261989]  perf_event_create_kernel_counter+0x168/0x200
[    0.261989]  ? find_next_bit+0x30/0x30
[    0.261989]  hardlockup_detector_event_create+0x46/0xd0
[    0.261989]  hardlockup_detector_perf_init+0x18/0x66
[    0.261989]  watchdog_nmi_probe+0x17/0x1d
[    0.261989]  lockup_detector_init+0x40/0xad
[    0.261989]  kernel_init_freeable+0x1b0/0x37a
[    0.261989]  ? rest_init+0xe0/0xe0
[    0.261989]  kernel_init+0x24/0x1e0
[    0.261989]  ? rest_init+0xe0/0xe0
[    0.261989]  ret_from_fork+0x1f/0x30
[    0.261989]  </TASK>
[    0.262077] smp: Bringing up secondary CPUs ...
[    0.262539] x86: Booting SMP configuration:
[    0.262835] .... node  #0, CPUs:      #1
[    0.263200] smp: Brought up 1 node, 2 CPUs
[    0.263200] smpboot: Max logical packages: 1
[    0.263200] smpboot: Total of 2 processors activated (3225.60 BogoMIPS)
[    0.266843] devtmpfs: initialized
[    0.266843] x86/mm: Memory block size: 128MB
[    0.267629] clocksource: jiffies: mask: 0xffffffff max_cycles: 0xffffffff, max_idle_ns: 7645041785100000 ns
[    0.267629] futex hash table entries: 512 (order: 3, 32768 bytes, linear)
[    0.270079] pinctrl core: initialized pinctrl subsystem
[    0.270637] 
[    0.270750] *************************************************************
[    0.271228] **     NOTICE NOTICE NOTICE NOTICE NOTICE NOTICE NOTICE    **
[    0.271700] **                                                         **
[    0.272172] **  IOMMU DebugFS SUPPORT HAS BEEN ENABLED IN THIS KERNEL  **
[    0.272644] **                                                         **
[    0.273116] ** This means that this kernel is built to expose internal **
[    0.273589] ** IOMMU data structures, which may compromise security on **
[    0.273994] ** your system.                                            **
[    0.274465] **                                                         **
[    0.274938] ** If you see this message and you are not debugging the   **
[    0.275414] ** kernel, report this immediately to your vendor!         **
[    0.275887] **                                                         **
[    0.276360] **     NOTICE NOTICE NOTICE NOTICE NOTICE NOTICE NOTICE    **
[    0.276833] *************************************************************
[    0.277342] PM: RTC time: 09:34:12, date: 2022-11-24
[    0.280557] NET: Registered PF_NETLINK/PF_ROUTE protocol family
[    0.281355] DMA: preallocated 256 KiB GFP_KERNEL pool for atomic allocations
[    0.281854] DMA: preallocated 256 KiB GFP_KERNEL|GFP_DMA pool for atomic allocations
[    0.281996] DMA: preallocated 256 KiB GFP_KERNEL|GFP_DMA32 pool for atomic allocations
[    0.282581] audit: initializing netlink subsys (disabled)
[    0.283003] audit: type=2000 audit(1669282453.144:1): state=initialized audit_enabled=0 res=1
[    0.283003] thermal_sys: Registered thermal governor 'fair_share'
[    0.283003] thermal_sys: Registered thermal governor 'bang_bang'
[    0.283095] thermal_sys: Registered thermal governor 'step_wise'
[    0.283515] thermal_sys: Registered thermal governor 'user_space'
[    0.283947] cpuidle: using governor ladder
[    0.284661] cpuidle: using governor menu
[    0.286283] acpiphp: ACPI Hot Plug PCI Controller Driver version: 0.5
[    0.286919] PCI: Using configuration type 1 for base access
[    0.295367] kprobes: kprobe jump-optimization is enabled. All kprobes are optimized if possible.
[    0.543570] HugeTLB: registered 1.00 GiB page size, pre-allocated 0 pages
[    0.544163] HugeTLB: 16380 KiB vmemmap can be freed for a 1.00 GiB page
[    0.544709] HugeTLB: registered 2.00 MiB page size, pre-allocated 0 pages
[    0.545267] HugeTLB: 28 KiB vmemmap can be freed for a 2.00 MiB page
[    0.546642] ACPI: Added _OSI(Module Device)
[    0.547000] ACPI: Added _OSI(Processor Device)
[    0.547370] ACPI: Added _OSI(3.0 _SCP Extensions)
[    0.547762] ACPI: Added _OSI(Processor Aggregator Device)
[    0.552894] ACPI: 1 ACPI AML tables successfully acquired and loaded
[    0.555978] ACPI: Interpreter enabled
[    0.556352] ACPI: PM: (supports S0 S3 S4 S5)
[    0.556709] ACPI: Using IOAPIC for interrupt routing
[    0.557148] PCI: Using host bridge windows from ACPI; if necessary, use "pci=nocrs" and report a bug
[    0.557896] PCI: Using E820 reservations for host bridge windows
[    0.558528] ACPI: Enabled 2 GPEs in block 00 to 0F
[    0.570663] ACPI: PCI Root Bridge [PCI0] (domain 0000 [bus 00-ff])
[    0.571189] acpi PNP0A03:00: _OSC: OS supports [ASPM ClockPM Segments MSI EDR HPX-Type3]
[    0.571860] acpi PNP0A03:00: _OSC: not requesting OS control; OS requires [ExtendedConfig ASPM ClockPM MSI]
[    0.572691] acpi PNP0A03:00: fail to add MMCONFIG information, can't access extended PCI configuration space under this bridge.
[    0.575135] acpiphp: Slot [3] registered
[    0.575518] acpiphp: Slot [4] registered
[    0.575896] acpiphp: Slot [5] registered
[    0.576274] acpiphp: Slot [6] registered
[    0.576652] acpiphp: Slot [7] registered
[    0.577034] acpiphp: Slot [8] registered
[    0.577412] acpiphp: Slot [9] registered
[    0.577797] acpiphp: Slot [10] registered
[    0.578042] acpiphp: Slot [11] registered
[    0.578426] acpiphp: Slot [12] registered
[    0.578814] acpiphp: Slot [13] registered
[    0.579198] acpiphp: Slot [14] registered
[    0.579583] acpiphp: Slot [15] registered
[    0.579974] acpiphp: Slot [16] registered
[    0.580358] acpiphp: Slot [17] registered
[    0.580741] acpiphp: Slot [18] registered
[    0.581127] acpiphp: Slot [19] registered
[    0.581511] acpiphp: Slot [20] registered
[    0.581901] acpiphp: Slot [21] registered
[    0.582041] acpiphp: Slot [22] registered
[    0.582431] acpiphp: Slot [23] registered
[    0.582816] acpiphp: Slot [24] registered
[    0.583203] acpiphp: Slot [25] registered
[    0.583594] acpiphp: Slot [26] registered
[    0.583975] acpiphp: Slot [27] registered
[    0.584362] acpiphp: Slot [28] registered
[    0.584752] acpiphp: Slot [29] registered
[    0.585136] acpiphp: Slot [30] registered
[    0.585528] acpiphp: Slot [31] registered
[    0.585878] PCI host bridge to bus 0000:00
[    0.585993] pci_bus 0000:00: root bus resource [io  0x0000-0x0cf7 window]
[    0.586561] pci_bus 0000:00: root bus resource [io  0x0d00-0xffff window]
[    0.587127] pci_bus 0000:00: root bus resource [mem 0x000a0000-0x000bffff window]
[    0.587748] pci_bus 0000:00: root bus resource [mem 0x80000000-0xfebfffff window]
[    0.588371] pci_bus 0000:00: root bus resource [mem 0x100000000-0x17fffffff window]
[    0.589007] pci_bus 0000:00: root bus resource [bus 00-ff]
[    0.589528] pci 0000:00:00.0: [8086:1237] type 00 class 0x060000
[    0.592210] pci 0000:00:01.0: [8086:7000] type 00 class 0x060100
[    0.593245] pci 0000:00:01.1: [8086:7010] type 00 class 0x010180
[    0.595093] pci 0000:00:01.1: reg 0x20: [io  0xc040-0xc04f]
[    0.596180] pci 0000:00:01.1: legacy IDE quirk: reg 0x10: [io  0x01f0-0x01f7]
[    0.596779] pci 0000:00:01.1: legacy IDE quirk: reg 0x14: [io  0x03f6]
[    0.597331] pci 0000:00:01.1: legacy IDE quirk: reg 0x18: [io  0x0170-0x0177]
[    0.597924] pci 0000:00:01.1: legacy IDE quirk: reg 0x1c: [io  0x0376]
[    0.598217] pci 0000:00:01.3: [8086:7113] type 00 class 0x068000
[    0.599001] pci 0000:00:01.3: quirk: [io  0x0600-0x063f] claimed by PIIX4 ACPI
[    0.599606] pci 0000:00:01.3: quirk: [io  0x0700-0x070f] claimed by PIIX4 SMB
[    0.600412] pci 0000:00:02.0: [1234:1111] type 00 class 0x030000
[    0.602370] pci 0000:00:02.0: reg 0x10: [mem 0xfd000000-0xfdffffff pref]
[    0.604628] pci 0000:00:02.0: reg 0x18: [mem 0xfebf0000-0xfebf0fff]
[    0.607104] pci 0000:00:02.0: reg 0x30: [mem 0xfebe0000-0xfebeffff pref]
[    0.607736] pci 0000:00:02.0: Video device with shadowed ROM at [mem 0x000c0000-0x000dffff]
[    0.610531] pci 0000:00:03.0: [8086:100e] type 00 class 0x020000
[    0.611621] pci 0000:00:03.0: reg 0x10: [mem 0xfebc0000-0xfebdffff]
[    0.612766] pci 0000:00:03.0: reg 0x14: [io  0xc000-0xc03f]
[    0.616233] pci 0000:00:03.0: reg 0x30: [mem 0xfeb80000-0xfebbffff pref]
[    0.625449] ACPI: PCI: Interrupt link LNKA configured for IRQ 10
[    0.626250] ACPI: PCI: Interrupt link LNKB configured for IRQ 10
[    0.627033] ACPI: PCI: Interrupt link LNKC configured for IRQ 11
[    0.627813] ACPI: PCI: Interrupt link LNKD configured for IRQ 11
[    0.628457] ACPI: PCI: Interrupt link LNKS configured for IRQ 9
[    0.629659] iommu: Default domain type: Translated 
[    0.629993] iommu: DMA domain TLB invalidation policy: lazy mode 
[    0.630975] SCSI subsystem initialized
[    0.631420] ACPI: bus type USB registered
[    0.631795] usbcore: registered new interface driver usbfs
[    0.632277] usbcore: registered new interface driver hub
[    0.632731] usbcore: registered new device driver usb
[    0.633217] pps_core: LinuxPPS API ver. 1 registered
[    0.633631] pps_core: Software ver. 5.3.6 - Copyright 2005-2007 Rodolfo Giometti <giometti@linux.it>
[    0.633998] PTP clock support registered
[    0.634403] EDAC MC: Ver: 3.0.0
[    0.635426] NetLabel: Initializing
[    0.635731] NetLabel:  domain hash size = 128
[    0.636096] NetLabel:  protocols = UNLABELED CIPSOv4 CALIPSO
[    0.636595] NetLabel:  unlabeled traffic allowed by default
[    0.637152] PCI: Using ACPI for IRQ routing
[    0.637644] pci 0000:00:02.0: vgaarb: setting as boot VGA device
[    0.637989] pci 0000:00:02.0: vgaarb: bridge control possible
[    0.637989] pci 0000:00:02.0: vgaarb: VGA device added: decodes=io+mem,owns=io+mem,locks=none
[    0.637992] vgaarb: loaded
[    0.638495] hpet0: at MMIO 0xfed00000, IRQs 2, 8, 0
[    0.638907] hpet0: 3 comparators, 64-bit 100.000000 MHz counter
[    3.492022] clocksource: Switched to clocksource kvm-clock
[    3.582475] VFS: Disk quotas dquot_6.6.0
[    3.582855] VFS: Dquot-cache hash table entries: 512 (order 0, 4096 bytes)
[    3.583505] pnp: PnP ACPI init
[    3.585100] pnp: PnP ACPI: found 6 devices
[    3.595132] clocksource: acpi_pm: mask: 0xffffff max_cycles: 0xffffff, max_idle_ns: 2085701024 ns
[    3.596092] NET: Registered PF_INET protocol family
[    3.597391] IP idents hash table entries: 32768 (order: 6, 262144 bytes, linear)
[    3.600782] tcp_listen_portaddr_hash hash table entries: 1024 (order: 2, 16384 bytes, linear)
[    3.601435] Table-perturb hash table entries: 65536 (order: 6, 262144 bytes, linear)
[    3.602029] TCP established hash table entries: 16384 (order: 5, 131072 bytes, linear)
[    3.602677] TCP bind hash table entries: 16384 (order: 7, 524288 bytes, linear)
[    3.603315] TCP: Hash tables configured (established 16384 bind 16384)
[    3.603823] UDP hash table entries: 1024 (order: 3, 32768 bytes, linear)
[    3.604327] UDP-Lite hash table entries: 1024 (order: 3, 32768 bytes, linear)
[    3.604913] NET: Registered PF_UNIX/PF_LOCAL protocol family
[    3.605747] RPC: Registered named UNIX socket transport module.
[    3.606197] RPC: Registered udp transport module.
[    3.606547] RPC: Registered tcp transport module.
[    3.606894] RPC: Registered tcp NFSv4.1 backchannel transport module.
[    3.607384] pci_bus 0000:00: resource 4 [io  0x0000-0x0cf7 window]
[    3.607844] pci_bus 0000:00: resource 5 [io  0x0d00-0xffff window]
[    3.608305] pci_bus 0000:00: resource 6 [mem 0x000a0000-0x000bffff window]
[    3.608812] pci_bus 0000:00: resource 7 [mem 0x80000000-0xfebfffff window]
[    3.609324] pci_bus 0000:00: resource 8 [mem 0x100000000-0x17fffffff window]
[    3.610024] pci 0000:00:01.0: PIIX3: Enabling Passive Release
[    3.610455] pci 0000:00:00.0: Limiting direct PCI/PCI transfers
[    3.610996] PCI: CLS 0 bytes, default 64
[    3.611487] clocksource: tsc: mask: 0xffffffffffffffff max_cycles: 0xb9fb05486c, max_idle_ns: 440795231721 ns
[    3.614182] Initialise system trusted keyrings
[    3.614546] Key type blacklist registered
[    3.615027] workingset: timestamp_bits=36 max_order=19 bucket_order=0
[    3.620096] zbud: loaded
[    3.621115] squashfs: version 4.0 (2009/01/31) Phillip Lougher
[    3.624940] NFS: Registering the id_resolver key type
[    3.625338] Key type id_resolver registered
[    3.625649] Key type id_legacy registered
[    3.626003] nfs4filelayout_init: NFSv4 File Layout Driver Registering...
[    3.626485] nfs4flexfilelayout_init: NFSv4 Flexfile Layout Driver Registering...
[    3.627254] fuse: init (API version 7.37)
[    3.627867] SGI XFS with ACLs, security attributes, realtime, quota, no debug enabled
[    3.629370] 9p: Installing v9fs 9p2000 file system support
[    3.636304] Key type asymmetric registered
[    3.636618] Asymmetric key parser 'x509' registered
[    3.637509] alg: self-tests for CTR-KDF (hmac(sha256)) passed
[    3.637981] Block layer SCSI generic (bsg) driver version 0.4 loaded (major 243)
[    3.638759] io scheduler mq-deadline registered
[    3.639185] io scheduler bfq registered
[    3.639926] shpchp: Standard Hot Plug PCI Controller Driver version: 0.4
[    3.640572] IPMI message handler: version 39.2
[    3.640909] ipmi device interface
[    3.642116] input: Power Button as /devices/LNXSYSTM:00/LNXPWRBN:00/input/input0
[    3.642853] ACPI: button: Power Button [PWRF]
[    3.643886] ERST DBG: ERST support is disabled.
[    3.644703] Serial: 8250/16550 driver, 32 ports, IRQ sharing enabled
[    3.645640] 00:04: ttyS0 at I/O 0x3f8 (irq = 4, base_baud = 115200) is a 16550A
[    3.650773] Linux agpgart interface v0.103
[    3.651416] ACPI: bus type drm_connector registered
[    3.659423] brd: module loaded
[    3.677504] loop: module loaded
[    3.679899] scsi host0: ata_piix
[    3.680435] scsi host1: ata_piix
[    3.680755] ata1: PATA max MWDMA2 cmd 0x1f0 ctl 0x3f6 bmdma 0xc040 irq 14
[    3.681246] ata2: PATA max MWDMA2 cmd 0x170 ctl 0x376 bmdma 0xc048 irq 15
[    3.682319] tun: Universal TUN/TAP device driver, 1.6
[    3.682806] e100: Intel(R) PRO/100 Network Driver
[    3.683148] e100: Copyright(c) 1999-2006 Intel Corporation
[    3.683579] e1000: Intel(R) PRO/1000 Network Driver
[    3.683931] e1000: Copyright (c) 1999-2006 Intel Corporation.
[    3.776612] ACPI: \_SB_.LNKC: Enabled at IRQ 11
[    3.838202] ata1: found unknown device (class 0)
[    3.838912] ata1.00: ATA-7: QEMU HARDDISK, 2.5+, max UDMA/100
[    3.839315] ata1.00: 16777216 sectors, multi 16: LBA48 
[    3.840165] scsi 0:0:0:0: Direct-Access     ATA      QEMU HARDDISK    2.5+ PQ: 0 ANSI: 5
[    3.841060] scsi 0:0:0:0: Attached scsi generic sg0 type 0
[    3.841709] sd 0:0:0:0: [sda] 16777216 512-byte logical blocks: (8.59 GB/8.00 GiB)
[    3.842320] ata2: found unknown device (class 0)
[    3.842983] ata2.00: ATAPI: QEMU DVD-ROM, 2.5+, max UDMA/100
[    3.844040] scsi 1:0:0:0: CD-ROM            QEMU     QEMU DVD-ROM     2.5+ PQ: 0 ANSI: 5
[    3.845272] sd 0:0:0:0: [sda] Write Protect is off
[    3.845641] sd 0:0:0:0: [sda] Write cache: enabled, read cache: enabled, doesn't support DPO or FUA
[    3.846293] sd 0:0:0:0: [sda] Preferred minimum I/O size 512 bytes
[    3.863256] sd 0:0:0:0: [sda] Attached SCSI disk
[    3.870434] scsi 1:0:0:0: Attached scsi generic sg1 type 5
[    4.096314] e1000 0000:00:03.0 eth0: (PCI:33MHz:32-bit) 52:54:00:12:34:56
[    4.096749] e1000 0000:00:03.0 eth0: Intel(R) PRO/1000 Network Connection
[    4.097226] e1000e: Intel(R) PRO/1000 Network Driver
[    4.097537] e1000e: Copyright(c) 1999 - 2015 Intel Corporation.
[    4.097944] igb: Intel(R) Gigabit Ethernet Network Driver
[    4.098284] igb: Copyright (c) 2007-2014 Intel Corporation.
[    4.098692] PPP generic driver version 2.4.2
[    4.099310] VFIO - User Level meta-driver version: 0.3
[    4.099882] usbcore: registered new interface driver uas
[    4.100250] usbcore: registered new interface driver usb-storage
[    4.100702] i8042: PNP: PS/2 Controller [PNP0303:KBD,PNP0f13:MOU] at 0x60,0x64 irq 1,12
[    4.101695] serio: i8042 KBD port at 0x60,0x64 irq 1
[    4.102025] serio: i8042 AUX port at 0x60,0x64 irq 12
[    4.102766] mousedev: PS/2 mouse device common for all mice
[    4.103530] input: AT Translated Set 2 keyboard as /devices/platform/i8042/serio0/input/input1
[    4.104342] rtc_cmos 00:05: RTC can wake from S4
[    4.104960] input: VirtualPS/2 VMware VMMouse as /devices/platform/i8042/serio1/input/input4
[    4.105872] input: VirtualPS/2 VMware VMMouse as /devices/platform/i8042/serio1/input/input3
[    4.106619] rtc_cmos 00:05: registered as rtc0
[    4.106940] rtc_cmos 00:05: setting system clock to 2022-11-24T09:34:16 UTC (1669282456)
[    4.107520] rtc_cmos 00:05: alarms up to one day, y3k, 242 bytes nvram, hpet irqs
[    4.108028] i2c_dev: i2c /dev entries driver
[    4.108315] device-mapper: core: CONFIG_IMA_DISABLE_HTABLE is disabled. Duplicate IMA measurements will not be recorded in the IMA log.
[    4.109111] device-mapper: uevent: version 1.0.3
[    4.109565] device-mapper: ioctl: 4.47.0-ioctl (2022-07-28) initialised: dm-devel@redhat.com
[    4.110098] intel_pstate: CPU model not supported
[    4.110436] sdhci: Secure Digital Host Controller Interface driver
[    4.110815] sdhci: Copyright(c) Pierre Ossman
[    4.111127] sdhci-pltfm: SDHCI platform and OF driver helper
[    4.111594] ledtrig-cpu: registered to indicate activity on CPUs
[    4.112104] drop_monitor: Initializing network drop monitor service
[    4.112845] NET: Registered PF_INET6 protocol family
[    4.113970] Segment Routing with IPv6
[    4.114247] In-situ OAM (IOAM) with IPv6
[    4.114515] NET: Registered PF_PACKET protocol family
[    4.114976] 9pnet: Installing 9P2000 support
[    4.115270] Key type dns_resolver registered
[    4.116002] IPI shorthand broadcast: enabled
[    4.116296] sched_clock: Marking stable (4107219928, 8602302)->(4133484331, -17662101)
[    4.117025] registered taskstats version 1
[    4.117338] Loading compiled-in X.509 certificates
[    4.117747] zswap: loaded using pool lzo/zbud
[    4.118291] Key type .fscrypt registered
[    4.118545] Key type fscrypt-provisioning registered
[    4.119585] Key type encrypted registered
[    4.119857] ima: No TPM chip found, activating TPM-bypass!
[    4.120206] ima: Allocated hash algorithm: sha1
[    4.120557] ima: No architecture policies found
[    4.120882] evm: Initialising EVM extended attributes:
[    4.121200] evm: security.selinux
[    4.121410] evm: security.SMACK64
[    4.121624] evm: security.SMACK64EXEC
[    4.121855] evm: security.SMACK64TRANSMUTE
[    4.122130] evm: security.SMACK64MMAP
[    4.122361] evm: security.apparmor
[    4.122576] evm: security.ima
[    4.122764] evm: security.capability
[    4.122989] evm: HMAC attrs: 0x1
[    4.125392] PM:   Magic number: 14:816:576
[    4.125870] RAS: Correctable Errors collector initialized.
[    4.126408] md: Waiting for all devices to be available before autodetect
[    4.126701] md: If you don't use raid, use raid=noautodetect
[    4.126948] md: Autodetecting RAID arrays.
[    4.127128] md: autorun ...
[    4.127254] md: ... autorun DONE.
[    4.129272] EXT4-fs (sda): INFO: recovery required on readonly filesystem
[    4.129587] EXT4-fs (sda): write access will be enabled during recovery
[    4.142433] EXT4-fs (sda): recovery complete
[    4.143524] EXT4-fs (sda): mounted filesystem with ordered data mode. Quota mode: none.
[    4.143896] VFS: Mounted root (ext4 filesystem) readonly on device 8:0.
[    4.144376] devtmpfs: mounted
[    4.151139] Freeing unused decrypted memory: 2036K
[    4.152773] Freeing unused kernel image (initmem) memory: 3624K
[    4.153049] Write protecting the kernel read-only data: 40960k
[    4.155065] Freeing unused kernel image (text/rodata gap) memory: 2028K
[    4.155657] Freeing unused kernel image (rodata/data gap) memory: 668K
[    4.247046] x86/mm: Checked W+X mappings: passed, no W+X pages found.
[    4.247374] Run /sbin/init as init process
[    4.312245] systemd[1]: RTC configured in localtime, applying delta of 0 minutes to system time.
[    4.327177] systemd[1]: systemd 239 (239-49.el8) running in system mode. (+PAM +AUDIT +SELINUX +IMA -APPARMOR +SMACK +SYSVINIT +UTMP +LIBCRYPTSETUP +GCRYPT +GNUTLS +ACL +XZ +LZ4 +SECCOMP +BLKID +ELFUTILS +KMOD +IDN2 -IDN +PCRE2 default-hierarchy=legacy)
[    4.328322] systemd[1]: Detected virtualization kvm.
[    4.328575] systemd[1]: Detected architecture x86-64.

Welcome to [0;31mCentOS Stream 8[0m!

[    4.388722] systemd[1]: Set hostname to <test>.
[    5.402001] random: crng init done
[    5.465686] systemd[1]: Listening on LVM2 poll daemon socket.
[[0;32m  OK  [0m] Listening on LVM2 poll daemon socket.
[    5.466520] systemd[1]: Reached target Swap.
[[0;32m  OK  [0m] Reached target Swap.
[    5.467231] systemd[1]: Set up automount Arbitrary Executable File Formats File System Automount Point.
[[0;32m  OK  [0m] Set up automount Arbitrary Executabâ€¦rmats File System Automount Point.
[    5.468425] systemd[1]: Listening on RPCbind Server Activation Socket.
[[0;32m  OK  [0m] Listening on RPCbind Server Activation Socket.
[    5.469179] systemd[1]: Reached target RPC Port Mapper.
[[0;32m  OK  [0m] Reached target RPC Port Mapper.
[    5.469843] systemd[1]: Started Forward Password Requests to Wall Directory Watch.
[[0;32m  OK  [0m] Started Forward Password Requests to Wall Directory Watch.
[[0;32m  OK  [0m] Listening on multipathd control socket.
[[0;32m  OK  [0m] Listening on udev Control Socket.
[[0;32m  OK  [0m] Listening on Device-mapper event daemon FIFOs.
[[0;32m  OK  [0m] Listening on Journal Socket.
         Mounting Kernel Debug File System...
         Starting Monitoring of LVM2 mirrorsâ€¦ng dmeventd or progress polling...
         Starting Setup Virtual Console...
         Starting Remount Root and Kernel File Systems...
         Starting Load Kernel Modules...
[[0;32m  OK  [0m] Created slice User and Session Slice.
[[0;32m  OK  [0m] Reached target Slices.
         Mounting POSIX Message Queue File System...
[[0;32m  OK  [0m] Created slice system-getty.slice.
[[0;32m  OK  [0m] Created slice system-serial\x2dgetty.slice.
         Mounting Huge Pages File System...
[[0;32m  OK  [0m] Listening on initctl Compatibility Named Pipe.
[[0;32m  OK  [0m] Listening on Process Core Dump Socket.
[[0;32m  OK  [0m] Listening on udev Kernel Socket.
         Starting udev Coldplug all Devices...
[    5.602097] EXT4-fs (sda): re-mounted. Quota mode: none.
[[0;32m  OK  [0m] Created slice system-sshd\x2dkeygen.slice.
[[0;32m  OK  [0m] Listening on Journal Socket (/dev/log).
         Starting Journal Service...
[[0;32m  OK  [0m] Mounted Kernel Debug File System.
[[0;32m  OK  [0m] Started Remount Root and Kernel File Systems.
[[0;1;31mFAILED[0m] Failed to start Load Kernel Modules.
See 'systemctl status systemd-modules-load.service' for details.
[[0;32m  OK  [0m] Mounted POSIX Message Queue File System.
[[0;32m  OK  [0m] Mounted Huge Pages File System.
[[0;32m  OK  [0m] Started Journal Service.
[[0;32m  OK  [0m] Started Setup Virtual Console.
         Mounting FUSE Control File System...
         Starting Apply Kernel Variables...
         Mounting Kernel Configuration File System...
         Starting Load/Save Random Seed...
         Starting Flush Journal to Persistent Storage...
         Starting Create Static Device Nodes in /dev...
[[0;32m  OK  [0m] Mounted FUSE Control File System.
[[0;32m  OK  [0m] Started Apply Kernel Variables.
[[0;32m  OK  [0m] Mounted Kernel Configuration File System.
[[0;32m  OK  [0m] Started Load/Save Random Seed.
[[0;32m  OK  [0m] Started Flush Journal to Persistent Storage.
[[0;32m  OK  [0m] Started Create Static Device Nodes in /dev.
         Starting udev Kernel Device Manager...
[[0;32m  OK  [0m] Started udev Coldplug all Devices.
         Starting udev Wait for Complete Device Initialization...
[[0;32m  OK  [0m] Started udev Kernel Device Manager.
         Starting Show Plymouth Boot Screen...
[[0;32m  OK  [0m] Started Show Plymouth Boot Screen.
[[0;32m  OK  [0m] Started Forward Password Requests to Plymouth Directory Watch.
[[0;32m  OK  [0m] Reached target Local Encrypted Volumes.
[[0;32m  OK  [0m] Reached target Paths.
[[0;32m  OK  [0m] Found device /dev/ttyS0.
[[0;32m  OK  [0m] Listening on Load/Save RF Kill Switch Status /dev/rfkill Watch.
[[0;32m  OK  [0m] Started udev Wait for Complete Device Initialization.
[[0;32m  OK  [0m] Started Monitoring of LVM2 mirrors,â€¦sing dmeventd or progress polling.
[[0;32m  OK  [0m] Reached target Local File Systems (Pre).
[[0;32m  OK  [0m] Reached target Local File Systems.
         Starting Restore /run/initramfs on shutdown...
         Starting Tell Plymouth To Write Out Runtime Data...
         Starting Create Volatile Files and Directories...
[[0;32m  OK  [0m] Started Restore /run/initramfs on shutdown.
[[0;32m  OK  [0m] Started Tell Plymouth To Write Out Runtime Data.
[[0;32m  OK  [0m] Started Create Volatile Files and Directories.
         Mounting RPC Pipe File System...
         Starting Security Auditing Service...
         Starting RPC Bind...
[[0;32m  OK  [0m] Mounted RPC Pipe File System.
[[0;32m  OK  [0m] Reached target rpc_pipefs.target.
[[0;32m  OK  [0m] Started RPC Bind.
[[0;32m  OK  [0m] Started Security Auditing Service.
         Starting Update UTMP about System Boot/Shutdown...
[[0;32m  OK  [0m] Started Update UTMP about System Boot/Shutdown.
[[0;32m  OK  [0m] Reached target System Initialization.
[[0;32m  OK  [0m] Started dnf makecache --timer.
[[0;32m  OK  [0m] Started Daily Cleanup of Temporary Directories.
[[0;32m  OK  [0m] Started daily update of the root trust anchor for DNSSEC.
[[0;32m  OK  [0m] Reached target Timers.
[[0;32m  OK  [0m] Listening on SSSD Kerberos Cache Manager responder socket.
[[0;32m  OK  [0m] Listening on D-Bus System Message Bus Socket.
[[0;32m  OK  [0m] Reached target Sockets.
[[0;32m  OK  [0m] Reached target Basic System.
         Starting NTP client/server...
[[0;32m  OK  [0m] Started Machine Check Exception Logging Daemon.
         Starting Login Service...
[[0;32m  OK  [0m] Started irqbalance daemon.
         Starting Authorization Manager...
         Starting Auto-connect to subsystemsâ€¦-NVME devices found during boot...
[[0;32m  OK  [0m] Started D-Bus System Message Bus.
         Starting Network Manager...
[[0;32m  OK  [0m] Reached target sshd-keygen.target.
         Starting Self Monitoring and Reporting Technology (SMART) Daemon...
[[0;32m  OK  [0m] Started Auto-connect to subsystems â€¦FC-NVME devices found during boot.
         Starting update of the root trust aâ€¦or DNSSEC validation in unbound...
[[0;32m  OK  [0m] Started Login Service.
[[0;32m  OK  [0m] Started NTP client/server.
[[0;32m  OK  [0m] Started Self Monitoring and Reporting Technology (SMART) Daemon.
[[0;32m  OK  [0m] Started update of the root trust anâ€¦ for DNSSEC validation in unbound.
[[0;32m  OK  [0m] Started Network Manager.
[[0;32m  OK  [0m] Reached target Network.
         Starting OpenSSH server daemon...
         Starting GSSAPI Proxy Daemon...
         Starting Dynamic System Tuning Daemon...
         Starting Network Manager Wait Online...
[[0;32m  OK  [0m] Started Authorization Manager.
         Starting Hostname Service...
[[0;32m  OK  [0m] Started GSSAPI Proxy Daemon.
[[0;32m  OK  [0m] Reached target NFS client services.
[[0;32m  OK  [0m] Reached target Remote File Systems (Pre).
[[0;32m  OK  [0m] Reached target Remote File Systems.
         Starting Permit User Sessions...
[[0;32m  OK  [0m] Started OpenSSH server daemon.
[[0;32m  OK  [0m] Started Permit User Sessions.
[[0;32m  OK  [0m] Started Command Scheduler.
         Starting Hold until boot process finishes up...
         Starting Terminate Plymouth Boot Screen...
[    6.918055] e1000: eth0 NIC Link is Up 1000 Mbps Full Duplex, Flow Control: RX
[    6.918750] IPv6: ADDRCONF(NETDEV_CHANGE): eth0: link becomes ready
[    7.081040] Spectre V2 : WARNING: Unprivileged eBPF is enabled with eIBRS on, data leaks possible via Spectre v2 BHB attacks!
[    7.081750] Spectre V2 : WARNING: Unprivileged eBPF is enabled with eIBRS on, data leaks possible via Spectre v2 BHB attacks!

CentOS Stream 8
Kernel 6.1.0-rc3-1f6eae430528+ on an x86_64

test login: 