c[?7l[2J[0mSeaBIOS (version rel-1.16.0-0-gd239552ce722-prebuilt.qemu.org)


iPXE (http://ipxe.org) 00:03.0 CA00 PCI2.10 PnP PMM+7FF91000+7FEF1000 CA00
Press Ctrl-B to configure iPXE (PCI 00:03.0)...                                                                               


Booting from ROM..c[?7l[2J[    0.000000] Linux version 6.1.0-rc5-73d909b0233a+ (root@p-rplp03) (gcc (GCC) 8.5.0 20210514 (Red Hat 8.5.0-17), GNU ld version 2.36.1-2.el8) #1 SMP PREEMPT_DYNAMIC Wed Nov 23 12:44:38 CST 2022
[    0.000000] Command line: console=ttyS0 root=/dev/sda earlyprintk=serial net.ifnames=0
[    0.000000] KERNEL supported cpus:
[    0.000000]   Intel GenuineIntel
[    0.000000]   AMD AuthenticAMD
[    0.000000]   Hygon HygonGenuine
[    0.000000]   Centaur CentaurHauls
[    0.000000]   zhaoxin   Shanghai  
[    0.000000] x86/fpu: Supporting XSAVE feature 0x001: 'x87 floating point registers'
[    0.000000] x86/fpu: Supporting XSAVE feature 0x002: 'SSE registers'
[    0.000000] x86/fpu: Supporting XSAVE feature 0x004: 'AVX registers'
[    0.000000] x86/fpu: Supporting XSAVE feature 0x200: 'Protection Keys User registers'
[    0.000000] x86/fpu: xstate_offset[2]:  576, xstate_sizes[2]:  256
[    0.000000] x86/fpu: xstate_offset[9]:  832, xstate_sizes[9]:    8
[    0.000000] x86/fpu: Enabled xstate features 0x207, context size is 840 bytes, using 'compacted' format.
[    0.000000] signal: max sigframe size: 3632
[    0.000000] BIOS-provided physical RAM map:
[    0.000000] BIOS-e820: [mem 0x0000000000000000-0x000000000009fbff] usable
[    0.000000] BIOS-e820: [mem 0x000000000009fc00-0x000000000009ffff] reserved
[    0.000000] BIOS-e820: [mem 0x00000000000f0000-0x00000000000fffff] reserved
[    0.000000] BIOS-e820: [mem 0x0000000000100000-0x000000007ffdffff] usable
[    0.000000] BIOS-e820: [mem 0x000000007ffe0000-0x000000007fffffff] reserved
[    0.000000] BIOS-e820: [mem 0x00000000feffc000-0x00000000feffffff] reserved
[    0.000000] BIOS-e820: [mem 0x00000000fffc0000-0x00000000ffffffff] reserved
[    0.000000] printk: bootconsole [earlyser0] enabled
[    0.000000] NX (Execute Disable) protection: active
[    0.000000] SMBIOS 2.8 present.
[    0.000000] DMI: QEMU Standard PC (i440FX + PIIX, 1996), BIOS rel-1.16.0-0-gd239552ce722-prebuilt.qemu.org 04/01/2014
[    0.000000] Hypervisor detected: KVM
[    0.000000] kvm-clock: Using msrs 4b564d01 and 4b564d00
[    0.000002] kvm-clock: using sched offset of 275214813 cycles
[    0.000303] clocksource: kvm-clock: mask: 0xffffffffffffffff max_cycles: 0x1cd42e4dffb, max_idle_ns: 881590591483 ns
[    0.001234] tsc: Detected 806.400 MHz processor
[    0.007731] last_pfn = 0x7ffe0 max_arch_pfn = 0x400000000
[    0.008096] x86/PAT: Configuration [0-7]: WB  WC  UC- UC  WB  WP  UC- WT  
[    0.013347] found SMP MP-table at [mem 0x000f5ba0-0x000f5baf]
[    0.013731] Using GB pages for direct mapping
[    0.014822] ACPI: Early table checksum verification disabled
[    0.015153] ACPI: RSDP 0x00000000000F59C0 000014 (v00 BOCHS )
[    0.015500] ACPI: RSDT 0x000000007FFE1951 000034 (v01 BOCHS  BXPC     00000001 BXPC 00000001)
[    0.016003] ACPI: FACP 0x000000007FFE17FD 000074 (v01 BOCHS  BXPC     00000001 BXPC 00000001)
[    0.016506] ACPI: DSDT 0x000000007FFE0040 0017BD (v01 BOCHS  BXPC     00000001 BXPC 00000001)
[    0.017006] ACPI: FACS 0x000000007FFE0000 000040
[    0.017281] ACPI: APIC 0x000000007FFE1871 000080 (v01 BOCHS  BXPC     00000001 BXPC 00000001)
[    0.017781] ACPI: HPET 0x000000007FFE18F1 000038 (v01 BOCHS  BXPC     00000001 BXPC 00000001)
[    0.018281] ACPI: WAET 0x000000007FFE1929 000028 (v01 BOCHS  BXPC     00000001 BXPC 00000001)
[    0.018780] ACPI: Reserving FACP table memory at [mem 0x7ffe17fd-0x7ffe1870]
[    0.019186] ACPI: Reserving DSDT table memory at [mem 0x7ffe0040-0x7ffe17fc]
[    0.019601] ACPI: Reserving FACS table memory at [mem 0x7ffe0000-0x7ffe003f]
[    0.020007] ACPI: Reserving APIC table memory at [mem 0x7ffe1871-0x7ffe18f0]
[    0.020412] ACPI: Reserving HPET table memory at [mem 0x7ffe18f1-0x7ffe1928]
[    0.020817] ACPI: Reserving WAET table memory at [mem 0x7ffe1929-0x7ffe1950]
[    0.021690] No NUMA configuration found
[    0.021915] Faking a node at [mem 0x0000000000000000-0x000000007ffdffff]
[    0.022345] NODE_DATA(0) allocated [mem 0x7ffb5000-0x7ffdffff]
[    0.025402] Zone ranges:
[    0.025569]   DMA      [mem 0x0000000000001000-0x0000000000ffffff]
[    0.025927]   DMA32    [mem 0x0000000001000000-0x000000007ffdffff]
[    0.026285]   Normal   empty
[    0.026453]   Device   empty
[    0.026622] Movable zone start for each node
[    0.026868] Early memory node ranges
[    0.027073]   node   0: [mem 0x0000000000001000-0x000000000009efff]
[    0.027440]   node   0: [mem 0x0000000000100000-0x000000007ffdffff]
[    0.027802] Initmem setup node 0 [mem 0x0000000000001000-0x000000007ffdffff]
[    0.028367] On node 0, zone DMA: 1 pages in unavailable ranges
[    0.028380] On node 0, zone DMA: 97 pages in unavailable ranges
[    0.031760] On node 0, zone DMA32: 32 pages in unavailable ranges
[    0.032305] ACPI: PM-Timer IO Port: 0x608
[    0.032898] ACPI: LAPIC_NMI (acpi_id[0xff] dfl dfl lint[0x1])
[    0.033255] IOAPIC[0]: apic_id 0, version 17, address 0xfec00000, GSI 0-23
[    0.033658] ACPI: INT_SRC_OVR (bus 0 bus_irq 0 global_irq 2 dfl dfl)
[    0.034027] ACPI: INT_SRC_OVR (bus 0 bus_irq 5 global_irq 5 high level)
[    0.034410] ACPI: INT_SRC_OVR (bus 0 bus_irq 9 global_irq 9 high level)
[    0.034792] ACPI: INT_SRC_OVR (bus 0 bus_irq 10 global_irq 10 high level)
[    0.035184] ACPI: INT_SRC_OVR (bus 0 bus_irq 11 global_irq 11 high level)
[    0.035593] ACPI: Using ACPI (MADT) for SMP configuration information
[    0.035962] ACPI: HPET id: 0x8086a201 base: 0xfed00000
[    0.036264] TSC deadline timer available
[    0.036490] smpboot: Allowing 2 CPUs, 0 hotplug CPUs
[    0.036793] kvm-guest: KVM setup pv remote TLB flush
[    0.037079] kvm-guest: setup PV sched yield
[    0.037347] PM: hibernation: Registered nosave memory: [mem 0x00000000-0x00000fff]
[    0.037785] PM: hibernation: Registered nosave memory: [mem 0x0009f000-0x0009ffff]
[    0.038218] PM: hibernation: Registered nosave memory: [mem 0x000a0000-0x000effff]
[    0.038653] PM: hibernation: Registered nosave memory: [mem 0x000f0000-0x000fffff]
[    0.039089] [mem 0x80000000-0xfeffbfff] available for PCI devices
[    0.039448] Booting paravirtualized kernel on KVM
[    0.039721] clocksource: refined-jiffies: mask: 0xffffffff max_cycles: 0xffffffff, max_idle_ns: 7645519600211568 ns
[    0.040330] setup_percpu: NR_CPUS:8192 nr_cpumask_bits:2 nr_cpu_ids:2 nr_node_ids:1
[    0.040999] percpu: Embedded 62 pages/cpu s217088 r8192 d28672 u1048576
[    0.041537] kvm-guest: PV spinlocks enabled
[    0.041789] PV qspinlock hash table entries: 256 (order: 0, 4096 bytes, linear)
[    0.042221] Fallback order for Node 0: 0 
[    0.042461] Built 1 zonelists, mobility grouping on.  Total pages: 515808
[    0.042858] Policy zone: DMA32
[    0.043038] Kernel command line: net.ifnames=0 console=ttyS0 root=/dev/sda earlyprintk=serial net.ifnames=0
[    0.044046] Dentry cache hash table entries: 262144 (order: 9, 2097152 bytes, linear)
[    0.044582] Inode-cache hash table entries: 131072 (order: 8, 1048576 bytes, linear)
[    0.045127] mem auto-init: stack:off, heap alloc:off, heap free:off
[    0.047998] Memory: 1993584K/2096632K available (30720K kernel code, 4082K rwdata, 8844K rodata, 9252K init, 11040K bss, 102792K reserved, 0K cma-reserved)
[    0.049502] SLUB: HWalign=64, Order=0-3, MinObjects=0, CPUs=2, Nodes=1
[    0.049871] kmemleak: Kernel memory leak detector disabled
[    0.050212] ftrace: allocating 66389 entries in 260 pages
[    0.065293] ftrace: allocated 260 pages with 2 groups
[    0.066570] Dynamic Preempt: voluntary
[    0.066837] rcu: Preemptible hierarchical RCU implementation.
[    0.067154] rcu: 	RCU restricting CPUs from NR_CPUS=8192 to nr_cpu_ids=2.
[    0.067536] 	Trampoline variant of Tasks RCU enabled.
[    0.067815] 	Rude variant of Tasks RCU enabled.
[    0.068066] 	Tracing variant of Tasks RCU enabled.
[    0.068331] rcu: RCU calculated value of scheduler-enlistment delay is 25 jiffies.
[    0.068749] rcu: Adjusting geometry for rcu_fanout_leaf=16, nr_cpu_ids=2
[    0.089689] NR_IRQS: 524544, nr_irqs: 440, preallocated irqs: 16
[    0.090261] rcu: srcu_init: Setting srcu_struct sizes based on contention.
[    0.095843] Console: colour VGA+ 80x25
[    0.096083] printk: console [ttyS0] enabled
[    0.096083] printk: console [ttyS0] enabled
[    0.096558] printk: bootconsole [earlyser0] disabled
[    0.096558] printk: bootconsole [earlyser0] disabled
[    0.097142] ACPI: Core revision 20220331
[    0.097507] clocksource: hpet: mask: 0xffffffff max_cycles: 0xffffffff, max_idle_ns: 19112604467 ns
[    0.098084] APIC: Switch to symmetric I/O mode setup
[    0.098485] x2apic enabled
[    0.098770] Switched APIC routing to physical x2apic.
[    0.099061] kvm-guest: setup PV IPIs
[    0.099884] ..TIMER: vector=0x30 apic1=0 pin1=2 apic2=-1 pin2=-1
[    0.100246] clocksource: tsc-early: mask: 0xffffffffffffffff max_cycles: 0xb9fb05486c, max_idle_ns: 440795231721 ns
[    0.100846] Calibrating delay loop (skipped) preset value.. 1612.80 BogoMIPS (lpj=3225600)
[    0.101319] pid_max: default: 32768 minimum: 301
[    0.101689] LSM: Security Framework initializing
[    0.101959] Yama: becoming mindful.
[    0.104958] Mount-cache hash table entries: 4096 (order: 3, 32768 bytes, linear)
[    0.105385] Mountpoint-cache hash table entries: 4096 (order: 3, 32768 bytes, linear)
[    0.106356] x86/cpu: User Mode Instruction Prevention (UMIP) activated
[    0.106836] Last level iTLB entries: 4KB 0, 2MB 0, 4MB 0
[    0.107151] Last level dTLB entries: 4KB 0, 2MB 0, 4MB 0, 1GB 0
[    0.107498] Spectre V1 : Mitigation: usercopy/swapgs barriers and __user pointer sanitization
[    0.107981] Spectre V2 : WARNING: Unprivileged eBPF is enabled with eIBRS on, data leaks possible via Spectre v2 BHB attacks!
[    0.108618] Spectre V2 : Mitigation: Enhanced IBRS
[    0.108843] Spectre V2 : Spectre v2 / SpectreRSB mitigation: Filling RSB on context switch
[    0.109296] Spectre V2 : Spectre v2 / PBRSB-eIBRS: Retire a single CALL on VMEXIT
[    0.109705] Spectre V2 : mitigation: Enabling conditional Indirect Branch Prediction Barrier
[    0.110173] Speculative Store Bypass: Mitigation: Speculative Store Bypass disabled via prctl
[    0.110641] MMIO Stale Data: Unknown: No mitigations
[    0.181891] Freeing SMP alternatives memory: 56K
[    0.182294] smpboot: CPU0: Genuine Intel(R) 0000 (family: 0x6, model: 0xb7, stepping: 0x0)
[    0.182870] cblist_init_generic: Setting adjustable number of callback queues.
[    0.183262] cblist_init_generic: Setting shift to 1 and lim to 1.
[    0.183612] cblist_init_generic: Setting shift to 1 and lim to 1.
[    0.183959] cblist_init_generic: Setting shift to 1 and lim to 1.
[    0.184307] Performance Events: Alderlake Hybrid events, full-width counters, Intel PMU driver.
[    0.184841] core: cpu_core PMU driver: 
[    0.184841] ... version:                2
[    0.184841] ... bit width:              48
[    0.184841] ... generic registers:      6
[    0.184841] ... value mask:             0000ffffffffffff
[    0.184841] ... max period:             00007fffffffffff
[    0.184844] ... fixed-purpose events:   3
[    0.185065] ... event mask:             0001000f0000003f
[    0.185399] rcu: Hierarchical SRCU implementation.
[    0.185664] rcu: 	Max phase no-delay instances is 1000.
[    0.188344] unchecked MSR access error: WRMSR to 0x38f (tried to write 0x0001000f0000003f) at rIP: 0xffffffff810d15ec (native_write_msr+0xc/0x30)
[    0.188841] Call Trace:
[    0.188841]  <TASK>
[    0.188841]  __intel_pmu_enable_all.constprop.46+0xb5/0x140
[    0.188841]  intel_pmu_enable_all+0x1e/0x30
[    0.188841]  x86_pmu_enable+0x46d/0x5a0
[    0.188841]  ? write_comp_data+0x2f/0x90
[    0.188841]  perf_pmu_enable+0x53/0x70
[    0.188841]  ctx_resched+0x13e/0x1d0
[    0.188841]  __perf_install_in_context+0x204/0x370
[    0.188841]  ? __sanitizer_cov_trace_pc+0x25/0x60
[    0.188841]  ? __pfx_remote_function+0x10/0x10
[    0.188841]  remote_function+0x80/0xa0
[    0.188841]  ? __pfx_remote_function+0x10/0x10
[    0.188841]  generic_exec_single+0xea/0x150
[    0.188841]  ? __pfx_remote_function+0x10/0x10
[    0.188841]  smp_call_function_single+0x11c/0x240
[    0.188841]  ? __pfx_remote_function+0x10/0x10
[    0.188841]  ? __sanitizer_cov_trace_pc+0x25/0x60
[    0.188841]  ? write_comp_data+0x2f/0x90
[    0.188841]  perf_install_in_context+0x27e/0x2a0
[    0.188841]  ? __pfx___perf_install_in_context+0x10/0x10
[    0.188841]  perf_event_create_kernel_counter+0x276/0x2a0
[    0.188841]  ? __pfx_watchdog_overflow_callback+0x10/0x10
[    0.188841]  hardlockup_detector_event_create+0x46/0xd0
[    0.188841]  hardlockup_detector_perf_init+0x18/0x66
[    0.188841]  watchdog_nmi_probe+0x17/0x1d
[    0.188841]  lockup_detector_init+0x40/0xad
[    0.188841]  kernel_init_freeable+0x1b0/0x37a
[    0.188841]  ? __pfx_kernel_init+0x10/0x10
[    0.188841]  kernel_init+0x24/0x1e0
[    0.188841]  ? __pfx_kernel_init+0x10/0x10
[    0.188841]  ret_from_fork+0x29/0x50
[    0.188841]  </TASK>
[    0.188908] smp: Bringing up secondary CPUs ...
[    0.189265] x86: Booting SMP configuration:
[    0.189496] .... node  #0, CPUs:      #1
[    0.189798] smp: Brought up 1 node, 2 CPUs
[    0.189798] smpboot: Max logical packages: 1
[    0.189798] smpboot: Total of 2 processors activated (3225.60 BogoMIPS)
[    0.190280] devtmpfs: initialized
[    0.190280] x86/mm: Memory block size: 128MB
[    0.193028] clocksource: jiffies: mask: 0xffffffff max_cycles: 0xffffffff, max_idle_ns: 7645041785100000 ns
[    0.193566] futex hash table entries: 512 (order: 3, 32768 bytes, linear)
[    0.194004] pinctrl core: initialized pinctrl subsystem
[    0.194431] 
[    0.194520] *************************************************************
[    0.194889] **     NOTICE NOTICE NOTICE NOTICE NOTICE NOTICE NOTICE    **
[    0.195258] **                                                         **
[    0.195627] **  IOMMU DebugFS SUPPORT HAS BEEN ENABLED IN THIS KERNEL  **
[    0.195999] **                                                         **
[    0.196367] ** This means that this kernel is built to expose internal **
[    0.196845] ** IOMMU data structures, which may compromise security on **
[    0.197215] ** your system.                                            **
[    0.197583] **                                                         **
[    0.197952] ** If you see this message and you are not debugging the   **
[    0.198320] ** kernel, report this immediately to your vendor!         **
[    0.198688] **                                                         **
[    0.199056] **     NOTICE NOTICE NOTICE NOTICE NOTICE NOTICE NOTICE    **
[    0.199424] *************************************************************
[    0.199821] PM: RTC time: 05:28:51, date: 2022-11-24
[    0.201525] NET: Registered PF_NETLINK/PF_ROUTE protocol family
[    0.202117] DMA: preallocated 256 KiB GFP_KERNEL pool for atomic allocations
[    0.202507] DMA: preallocated 256 KiB GFP_KERNEL|GFP_DMA pool for atomic allocations
[    0.202932] DMA: preallocated 256 KiB GFP_KERNEL|GFP_DMA32 pool for atomic allocations
[    0.203380] audit: initializing netlink subsys (disabled)
[    0.203699] audit: type=2000 audit(1669267732.045:1): state=initialized audit_enabled=0 res=1
[    0.203699] thermal_sys: Registered thermal governor 'fair_share'
[    0.203699] thermal_sys: Registered thermal governor 'bang_bang'
[    0.203699] thermal_sys: Registered thermal governor 'step_wise'
[    0.204844] thermal_sys: Registered thermal governor 'user_space'
[    0.205183] cpuidle: using governor ladder
[    0.205741] cpuidle: using governor menu
[    0.206168] acpiphp: ACPI Hot Plug PCI Controller Driver version: 0.5
[    0.206659] PCI: Using configuration type 1 for base access
[    0.212973] kprobes: kprobe jump-optimization is enabled. All kprobes are optimized if possible.
[    0.369397] HugeTLB: registered 1.00 GiB page size, pre-allocated 0 pages
[    0.369790] HugeTLB: 16380 KiB vmemmap can be freed for a 1.00 GiB page
[    0.370154] HugeTLB: registered 2.00 MiB page size, pre-allocated 0 pages
[    0.370526] HugeTLB: 28 KiB vmemmap can be freed for a 2.00 MiB page
[    0.371415] ACPI: Added _OSI(Module Device)
[    0.371655] ACPI: Added _OSI(Processor Device)
[    0.371903] ACPI: Added _OSI(3.0 _SCP Extensions)
[    0.372163] ACPI: Added _OSI(Processor Aggregator Device)
[    0.375525] ACPI: 1 ACPI AML tables successfully acquired and loaded
[    0.377503] ACPI: Interpreter enabled
[    0.377750] ACPI: PM: (supports S0 S3 S4 S5)
[    0.377987] ACPI: Using IOAPIC for interrupt routing
[    0.378276] PCI: Using host bridge windows from ACPI; if necessary, use "pci=nocrs" and report a bug
[    0.378769] PCI: Using E820 reservations for host bridge windows
[    0.379440] ACPI: Enabled 2 GPEs in block 00 to 0F
[    0.387378] ACPI: PCI Root Bridge [PCI0] (domain 0000 [bus 00-ff])
[    0.387732] acpi PNP0A03:00: _OSC: OS supports [ASPM ClockPM Segments MSI EDR HPX-Type3]
[    0.388180] acpi PNP0A03:00: _OSC: not requesting OS control; OS requires [ExtendedConfig ASPM ClockPM MSI]
[    0.388729] acpi PNP0A03:00: fail to add MMCONFIG information, can't access extended PCI configuration space under this bridge.
[    0.389833] acpiphp: Slot [3] registered
[    0.390090] acpiphp: Slot [4] registered
[    0.390342] acpiphp: Slot [5] registered
[    0.390593] acpiphp: Slot [6] registered
[    0.390844] acpiphp: Slot [7] registered
[    0.391098] acpiphp: Slot [8] registered
[    0.391351] acpiphp: Slot [9] registered
[    0.391606] acpiphp: Slot [10] registered
[    0.391864] acpiphp: Slot [11] registered
[    0.392120] acpiphp: Slot [12] registered
[    0.392375] acpiphp: Slot [13] registered
[    0.392630] acpiphp: Slot [14] registered
[    0.392878] acpiphp: Slot [15] registered
[    0.393137] acpiphp: Slot [16] registered
[    0.393393] acpiphp: Slot [17] registered
[    0.393649] acpiphp: Slot [18] registered
[    0.393905] acpiphp: Slot [19] registered
[    0.394161] acpiphp: Slot [20] registered
[    0.394416] acpiphp: Slot [21] registered
[    0.394671] acpiphp: Slot [22] registered
[    0.394930] acpiphp: Slot [23] registered
[    0.395185] acpiphp: Slot [24] registered
[    0.395446] acpiphp: Slot [25] registered
[    0.395706] acpiphp: Slot [26] registered
[    0.395966] acpiphp: Slot [27] registered
[    0.396232] acpiphp: Slot [28] registered
[    0.396500] acpiphp: Slot [29] registered
[    0.396759] acpiphp: Slot [30] registered
[    0.396877] acpiphp: Slot [31] registered
[    0.397114] PCI host bridge to bus 0000:00
[    0.397345] pci_bus 0000:00: root bus resource [io  0x0000-0x0cf7 window]
[    0.397726] pci_bus 0000:00: root bus resource [io  0x0d00-0xffff window]
[    0.398108] pci_bus 0000:00: root bus resource [mem 0x000a0000-0x000bffff window]
[    0.398528] pci_bus 0000:00: root bus resource [mem 0x80000000-0xfebfffff window]
[    0.398950] pci_bus 0000:00: root bus resource [mem 0x100000000-0x17fffffff window]
[    0.399383] pci_bus 0000:00: root bus resource [bus 00-ff]
[    0.399734] pci 0000:00:00.0: [8086:1237] type 00 class 0x060000
[    0.401612] pci 0000:00:01.0: [8086:7000] type 00 class 0x060100
[    0.402344] pci 0000:00:01.1: [8086:7010] type 00 class 0x010180
[    0.403663] pci 0000:00:01.1: reg 0x20: [io  0xc040-0xc04f]
[    0.404416] pci 0000:00:01.1: legacy IDE quirk: reg 0x10: [io  0x01f0-0x01f7]
[    0.404820] pci 0000:00:01.1: legacy IDE quirk: reg 0x14: [io  0x03f6]
[    0.404847] pci 0000:00:01.1: legacy IDE quirk: reg 0x18: [io  0x0170-0x0177]
[    0.405245] pci 0000:00:01.1: legacy IDE quirk: reg 0x1c: [io  0x0376]
[    0.405752] pci 0000:00:01.3: [8086:7113] type 00 class 0x068000
[    0.406517] pci 0000:00:01.3: quirk: [io  0x0600-0x063f] claimed by PIIX4 ACPI
[    0.406943] pci 0000:00:01.3: quirk: [io  0x0700-0x070f] claimed by PIIX4 SMB
[    0.407514] pci 0000:00:02.0: [1234:1111] type 00 class 0x030000
[    0.408525] pci 0000:00:02.0: reg 0x10: [mem 0xfd000000-0xfdffffff pref]
[    0.409499] pci 0000:00:02.0: reg 0x18: [mem 0xfebf0000-0xfebf0fff]
[    0.411665] pci 0000:00:02.0: reg 0x30: [mem 0xfebe0000-0xfebeffff pref]
[    0.412094] pci 0000:00:02.0: Video device with shadowed ROM at [mem 0x000c0000-0x000dffff]
[    0.413992] pci 0000:00:03.0: [8086:100e] type 00 class 0x020000
[    0.414867] pci 0000:00:03.0: reg 0x10: [mem 0xfebc0000-0xfebdffff]
[    0.415710] pci 0000:00:03.0: reg 0x14: [io  0xc000-0xc03f]
[    0.418215] pci 0000:00:03.0: reg 0x30: [mem 0xfeb80000-0xfebbffff pref]
[    0.425310] ACPI: PCI: Interrupt link LNKA configured for IRQ 10
[    0.425858] ACPI: PCI: Interrupt link LNKB configured for IRQ 10
[    0.426393] ACPI: PCI: Interrupt link LNKC configured for IRQ 11
[    0.426934] ACPI: PCI: Interrupt link LNKD configured for IRQ 11
[    0.427367] ACPI: PCI: Interrupt link LNKS configured for IRQ 9
[    0.428182] iommu: Default domain type: Translated 
[    0.428462] iommu: DMA domain TLB invalidation policy: lazy mode 
[    0.429178] SCSI subsystem initialized
[    0.429481] ACPI: bus type USB registered
[    0.429731] usbcore: registered new interface driver usbfs
[    0.430056] usbcore: registered new interface driver hub
[    0.430363] usbcore: registered new device driver usb
[    0.430706] pps_core: LinuxPPS API ver. 1 registered
[    0.430986] pps_core: Software ver. 5.3.6 - Copyright 2005-2007 Rodolfo Giometti <giometti@linux.it>
[    0.431494] PTP clock support registered
[    0.431768] EDAC MC: Ver: 3.0.0
[    0.432410] NetLabel: Initializing
[    0.432607] NetLabel:  domain hash size = 128
[    0.432844] NetLabel:  protocols = UNLABELED CIPSOv4 CALIPSO
[    0.433182] NetLabel:  unlabeled traffic allowed by default
[    0.433555] PCI: Using ACPI for IRQ routing
[    0.433896] pci 0000:00:02.0: vgaarb: setting as boot VGA device
[    0.434237] pci 0000:00:02.0: vgaarb: bridge control possible
[    0.434560] pci 0000:00:02.0: vgaarb: VGA device added: decodes=io+mem,owns=io+mem,locks=none
[    0.435042] vgaarb: loaded
[    0.435386] hpet0: at MMIO 0xfed00000, IRQs 2, 8, 0
[    0.435672] hpet0: 3 comparators, 64-bit 100.000000 MHz counter
[    2.272730] clocksource: Switched to clocksource kvm-clock
[    2.331930] VFS: Disk quotas dquot_6.6.0
[    2.332206] VFS: Dquot-cache hash table entries: 512 (order 0, 4096 bytes)
[    2.332667] pnp: PnP ACPI init
[    2.333770] pnp: PnP ACPI: found 6 devices
[    2.340815] clocksource: acpi_pm: mask: 0xffffff max_cycles: 0xffffff, max_idle_ns: 2085701024 ns
[    2.341506] NET: Registered PF_INET protocol family
[    2.341838] IP idents hash table entries: 32768 (order: 6, 262144 bytes, linear)
[    2.343029] tcp_listen_portaddr_hash hash table entries: 1024 (order: 2, 16384 bytes, linear)
[    2.343504] Table-perturb hash table entries: 65536 (order: 6, 262144 bytes, linear)
[    2.343939] TCP established hash table entries: 16384 (order: 5, 131072 bytes, linear)
[    2.344586] TCP bind hash table entries: 16384 (order: 7, 524288 bytes, linear)
[    2.345069] TCP: Hash tables configured (established 16384 bind 16384)
[    2.345450] UDP hash table entries: 1024 (order: 3, 32768 bytes, linear)
[    2.345828] UDP-Lite hash table entries: 1024 (order: 3, 32768 bytes, linear)
[    2.346282] NET: Registered PF_UNIX/PF_LOCAL protocol family
[    2.346907] RPC: Registered named UNIX socket transport module.
[    2.347254] RPC: Registered udp transport module.
[    2.347515] RPC: Registered tcp transport module.
[    2.347775] RPC: Registered tcp NFSv4.1 backchannel transport module.
[    2.348139] pci_bus 0000:00: resource 4 [io  0x0000-0x0cf7 window]
[    2.348485] pci_bus 0000:00: resource 5 [io  0x0d00-0xffff window]
[    2.348836] pci_bus 0000:00: resource 6 [mem 0x000a0000-0x000bffff window]
[    2.349235] pci_bus 0000:00: resource 7 [mem 0x80000000-0xfebfffff window]
[    2.349623] pci_bus 0000:00: resource 8 [mem 0x100000000-0x17fffffff window]
[    2.350143] pci 0000:00:01.0: PIIX3: Enabling Passive Release
[    2.350467] pci 0000:00:00.0: Limiting direct PCI/PCI transfers
[    2.350860] PCI: CLS 0 bytes, default 64
[    2.351224] clocksource: tsc: mask: 0xffffffffffffffff max_cycles: 0xb9fb05486c, max_idle_ns: 440795231721 ns
[    2.353028] Initialise system trusted keyrings
[    2.353309] Key type blacklist registered
[    2.353628] workingset: timestamp_bits=36 max_order=19 bucket_order=0
[    2.357282] zbud: loaded
[    2.358024] squashfs: version 4.0 (2009/01/31) Phillip Lougher
[    2.359012] NFS: Registering the id_resolver key type
[    2.359307] Key type id_resolver registered
[    2.359540] Key type id_legacy registered
[    2.359801] nfs4filelayout_init: NFSv4 File Layout Driver Registering...
[    2.360171] nfs4flexfilelayout_init: NFSv4 Flexfile Layout Driver Registering...
[    2.360617] fuse: init (API version 7.37)
[    2.360964] SGI XFS with ACLs, security attributes, realtime, quota, no debug enabled
[    2.362032] 9p: Installing v9fs 9p2000 file system support
[    2.367665] Key type asymmetric registered
[    2.367921] Asymmetric key parser 'x509' registered
[    2.368456] alg: self-tests for CTR-KDF (hmac(sha256)) passed
[    2.368791] Block layer SCSI generic (bsg) driver version 0.4 loaded (major 243)
[    2.369233] io scheduler mq-deadline registered
[    2.369527] io scheduler bfq registered
[    2.370044] shpchp: Standard Hot Plug PCI Controller Driver version: 0.4
[    2.370514] IPMI message handler: version 39.2
[    2.370768] ipmi device interface
[    2.371636] input: Power Button as /devices/LNXSYSTM:00/LNXPWRBN:00/input/input0
[    2.372144] ACPI: button: Power Button [PWRF]
[    2.372824] ERST DBG: ERST support is disabled.
[    2.373346] Serial: 8250/16550 driver, 32 ports, IRQ sharing enabled
[    2.373950] 00:04: ttyS0 at I/O 0x3f8 (irq = 4, base_baud = 115200) is a 16550A
[    2.377734] Linux agpgart interface v0.103
[    2.378192] ACPI: bus type drm_connector registered
[    2.384818] brd: module loaded
[    2.387890] loop: module loaded
[    2.389611] scsi host0: ata_piix
[    2.389980] scsi host1: ata_piix
[    2.390224] ata1: PATA max MWDMA2 cmd 0x1f0 ctl 0x3f6 bmdma 0xc040 irq 14
[    2.390611] ata2: PATA max MWDMA2 cmd 0x170 ctl 0x376 bmdma 0xc048 irq 15
[    2.391400] tun: Universal TUN/TAP device driver, 1.6
[    2.391745] e100: Intel(R) PRO/100 Network Driver
[    2.392014] e100: Copyright(c) 1999-2006 Intel Corporation
[    2.392344] e1000: Intel(R) PRO/1000 Network Driver
[    2.392623] e1000: Copyright (c) 1999-2006 Intel Corporation.
[    2.457255] ACPI: \_SB_.LNKC: Enabled at IRQ 11
[    2.549029] ata2: found unknown device (class 0)
[    2.549476] ata1: found unknown device (class 0)
[    2.550269] ata1.00: ATA-7: QEMU HARDDISK, 2.5+, max UDMA/100
[    2.550603] ata1.00: 16777216 sectors, multi 16: LBA48 
[    2.551050] ata2.00: ATAPI: QEMU DVD-ROM, 2.5+, max UDMA/100
[    2.552036] scsi 0:0:0:0: Direct-Access     ATA      QEMU HARDDISK    2.5+ PQ: 0 ANSI: 5
[    2.552896] sd 0:0:0:0: [sda] 16777216 512-byte logical blocks: (8.59 GB/8.00 GiB)
[    2.553347] sd 0:0:0:0: [sda] Write Protect is off
[    2.553648] sd 0:0:0:0: [sda] Write cache: enabled, read cache: enabled, doesn't support DPO or FUA
[    2.554187] sd 0:0:0:0: [sda] Preferred minimum I/O size 512 bytes
[    2.554638] sd 0:0:0:0: Attached scsi generic sg0 type 0
[    2.555186] scsi 1:0:0:0: CD-ROM            QEMU     QEMU DVD-ROM     2.5+ PQ: 0 ANSI: 5
[    2.569758] sd 0:0:0:0: [sda] Attached SCSI disk
[    2.577268] scsi 1:0:0:0: Attached scsi generic sg1 type 5
[    2.774973] e1000 0000:00:03.0 eth0: (PCI:33MHz:32-bit) 52:54:00:12:34:56
[    2.775366] e1000 0000:00:03.0 eth0: Intel(R) PRO/1000 Network Connection
[    2.775792] e1000e: Intel(R) PRO/1000 Network Driver
[    2.776075] e1000e: Copyright(c) 1999 - 2015 Intel Corporation.
[    2.776447] igb: Intel(R) Gigabit Ethernet Network Driver
[    2.776753] igb: Copyright (c) 2007-2014 Intel Corporation.
[    2.777117] PPP generic driver version 2.4.2
[    2.777592] VFIO - User Level meta-driver version: 0.3
[    2.778168] usbcore: registered new interface driver uas
[    2.778496] usbcore: registered new interface driver usb-storage
[    2.778905] i8042: PNP: PS/2 Controller [PNP0303:KBD,PNP0f13:MOU] at 0x60,0x64 irq 1,12
[    2.779882] serio: i8042 KBD port at 0x60,0x64 irq 1
[    2.780171] serio: i8042 AUX port at 0x60,0x64 irq 12
[    2.780700] mousedev: PS/2 mouse device common for all mice
[    2.781310] input: AT Translated Set 2 keyboard as /devices/platform/i8042/serio0/input/input1
[    2.782007] rtc_cmos 00:05: RTC can wake from S4
[    2.782645] input: VirtualPS/2 VMware VMMouse as /devices/platform/i8042/serio1/input/input4
[    2.783451] input: VirtualPS/2 VMware VMMouse as /devices/platform/i8042/serio1/input/input3
[    2.784093] rtc_cmos 00:05: registered as rtc0
[    2.784380] rtc_cmos 00:05: setting system clock to 2022-11-24T05:28:54 UTC (1669267734)
[    2.784907] rtc_cmos 00:05: alarms up to one day, y3k, 242 bytes nvram, hpet irqs
[    2.785368] i2c_dev: i2c /dev entries driver
[    2.785626] device-mapper: core: CONFIG_IMA_DISABLE_HTABLE is disabled. Duplicate IMA measurements will not be recorded in the IMA log.
[    2.786359] device-mapper: uevent: version 1.0.3
[    2.786748] device-mapper: ioctl: 4.47.0-ioctl (2022-07-28) initialised: dm-devel@redhat.com
[    2.787226] intel_pstate: CPU model not supported
[    2.787526] sdhci: Secure Digital Host Controller Interface driver
[    2.787874] sdhci: Copyright(c) Pierre Ossman
[    2.788159] sdhci-pltfm: SDHCI platform and OF driver helper
[    2.788516] ledtrig-cpu: registered to indicate activity on CPUs
[    2.788987] drop_monitor: Initializing network drop monitor service
[    2.789610] NET: Registered PF_INET6 protocol family
[    2.790503] Segment Routing with IPv6
[    2.790742] In-situ OAM (IOAM) with IPv6
[    2.790989] NET: Registered PF_PACKET protocol family
[    2.791395] 9pnet: Installing 9P2000 support
[    2.791667] Key type dns_resolver registered
[    2.792286] IPI shorthand broadcast: enabled
[    2.792553] sched_clock: Marking stable (2785954275, 6192741)->(2805555875, -13408859)
[    2.793175] registered taskstats version 1
[    2.793438] Loading compiled-in X.509 certificates
[    2.793991] zswap: loaded using pool lzo/zbud
[    2.794443] Key type .fscrypt registered
[    2.794671] Key type fscrypt-provisioning registered
[    2.795300] Key type encrypted registered
[    2.795542] ima: No TPM chip found, activating TPM-bypass!
[    2.795862] ima: Allocated hash algorithm: sha1
[    2.796127] ima: No architecture policies found
[    2.796400] evm: Initialising EVM extended attributes:
[    2.796690] evm: security.selinux
[    2.796888] evm: security.SMACK64
[    2.797079] evm: security.SMACK64EXEC
[    2.797291] evm: security.SMACK64TRANSMUTE
[    2.797524] evm: security.SMACK64MMAP
[    2.797734] evm: security.apparmor
[    2.797933] evm: security.ima
[    2.798109] evm: security.capability
[    2.798346] evm: HMAC attrs: 0x1
[    2.800026] PM:   Magic number: 14:289:467
[    2.800452] RAS: Correctable Errors collector initialized.
[    2.800969] md: Waiting for all devices to be available before autodetect
[    2.801235] md: If you don't use raid, use raid=noautodetect
[    2.801456] md: Autodetecting RAID arrays.
[    2.801617] md: autorun ...
[    2.801730] md: ... autorun DONE.
[    2.803976] EXT4-fs (sda): INFO: recovery required on readonly filesystem
[    2.804248] EXT4-fs (sda): write access will be enabled during recovery
[    2.812721] EXT4-fs (sda): recovery complete
[    2.814087] EXT4-fs (sda): mounted filesystem with ordered data mode. Quota mode: none.
[    2.814416] VFS: Mounted root (ext4 filesystem) readonly on device 8:0.
[    2.814876] devtmpfs: mounted
[    2.820582] Freeing unused decrypted memory: 2036K
[    2.822295] Freeing unused kernel image (initmem) memory: 9252K
[    2.829027] Write protecting the kernel read-only data: 40960k
[    2.830179] Freeing unused kernel image (rodata/data gap) memory: 1396K
[    2.898785] x86/mm: Checked W+X mappings: passed, no W+X pages found.
[    2.899078] Run /sbin/init as init process
[    2.945684] systemd[1]: RTC configured in localtime, applying delta of 0 minutes to system time.
[    2.957873] systemd[1]: systemd 239 (239-49.el8) running in system mode. (+PAM +AUDIT +SELINUX +IMA -APPARMOR +SMACK +SYSVINIT +UTMP +LIBCRYPTSETUP +GCRYPT +GNUTLS +ACL +XZ +LZ4 +SECCOMP +BLKID +ELFUTILS +KMOD +IDN2 -IDN +PCRE2 default-hierarchy=legacy)
[    2.958777] systemd[1]: Detected virtualization kvm.
[    2.958978] systemd[1]: Detected architecture x86-64.

Welcome to [0;31mCentOS Stream 8[0m!

[    3.004436] systemd[1]: Set hostname to <test>.
[    3.984849] random: crng init done
[    4.038099] systemd[1]: Listening on Journal Socket (/dev/log).
[[0;32m  OK  [0m] Listening on Journal Socket (/dev/log).
[    4.039306] systemd[1]: Created slice User and Session Slice.
[[0;32m  OK  [0m] Created slice User and Session Slice.
[    4.040410] systemd[1]: Created slice system-getty.slice.
[[0;32m  OK  [0m] Created slice system-getty.slice.
[    4.041215] systemd[1]: Created slice system-serial\x2dgetty.slice.
[[0;32m  OK  [0m] Created slice system-serial\x2dgetty.slice.
[    4.041834] systemd[1]: Listening on udev Kernel Socket.
[[0;32m  OK  [0m] Listening on udev Kernel Socket.
[    4.042398] systemd[1]: Listening on Journal Socket.
[[0;32m  OK  [0m] Listening on Journal Socket.
         Starting Journal Service...
         Mounting Kernel Debug File System...
         Mounting POSIX Message Queue File System...
[[0;32m  OK  [0m] Listening on Device-mapper event daemon FIFOs.
         Starting Monitoring of LVM2 mirrorsâ€¦ng dmeventd or progress polling...
[[0;32m  OK  [0m] Listening on RPCbind Server Activation Socket.
[[0;32m  OK  [0m] Reached target RPC Port Mapper.
[[0;32m  OK  [0m] Listening on initctl Compatibility Named Pipe.
[[0;32m  OK  [0m] Listening on udev Control Socket.
         Starting Load Kernel Modules...
[[0;32m  OK  [0m] Reached target Swap.
[[0;32m  OK  [0m] Listening on Process Core Dump Socket.
[[0;32m  OK  [0m] Created slice system-sshd\x2dkeygen.slice.
[[0;32m  OK  [0m] Reached target Slices.
[[0;32m  OK  [0m] Started Forward Password Requests to Wall Directory Watch.
         Starting Remount Root and Kernel File Systems...
[[0;32m  OK  [0m] Listening on multipathd control socket.
         Starting udev Coldplug all Devices...
[[0;32m  OK  [0m] Set up automount Arbitrary Executabâ€¦rmats File System Automount Point.
         Mounting Huge Pages File System...
[[0;32m  OK  [0m] Listening on LVM2 poll daemon socket.
         Starting Setup Virtual Console...
[[0;32m  OK  [0m] Started Journal Service.
[[0;32m  OK  [0m] Mounted Kernel Debug File System.
[[0;32m  OK  [0m] Mounted POSIX Message Queue File System.
[[0;1;31mFAILED[0m] Failed to start Load Kernel Modules.
See 'systemctl status systemd-modules-load.service' for details.
[    4.161324] EXT4-fs (sda): re-mounted. Quota mode: none.
[[0;32m  OK  [0m] Started Remount Root and Kernel File Systems.
[[0;32m  OK  [0m] Mounted Huge Pages File System.
         Starting Load/Save Random Seed...
         Starting Create Static Device Nodes in /dev...
         Mounting Kernel Configuration File System...
         Mounting FUSE Control File System...
         Starting Apply Kernel Variables...
         Starting Flush Journal to Persistent Storage...
[[0;32m  OK  [0m] Started udev Coldplug all Devices.
[[0;32m  OK  [0m] Started Load/Save Random Seed.
[[0;32m  OK  [0m] Started Create Static Device Nodes in /dev.
[[0;32m  OK  [0m] Mounted Kernel Configuration File System.
[[0;32m  OK  [0m] Mounted FUSE Control File System.
[[0;32m  OK  [0m] Started Apply Kernel Variables.
         Starting udev Kernel Device Manager...
         Starting udev Wait for Complete Device Initialization...
[[0;32m  OK  [0m] Started Setup Virtual Console.
[[0;32m  OK  [0m] Started Flush Journal to Persistent Storage.
[[0;32m  OK  [0m] Started udev Kernel Device Manager.
         Starting Show Plymouth Boot Screen...
[[0;32m  OK  [0m] Started Show Plymouth Boot Screen.
[[0;32m  OK  [0m] Reached target Paths.
[[0;32m  OK  [0m] Reached target Local Encrypted Volumes.
[[0;32m  OK  [0m] Started Forward Password Requests to Plymouth Directory Watch.
[[0;32m  OK  [0m] Found device /dev/ttyS0.
[[0;32m  OK  [0m] Listening on Load/Save RF Kill Switch Status /dev/rfkill Watch.
[[0;32m  OK  [0m] Started udev Wait for Complete Device Initialization.
[[0;32m  OK  [0m] Started Monitoring of LVM2 mirrors,â€¦sing dmeventd or progress polling.
[[0;32m  OK  [0m] Reached target Local File Systems (Pre).
[[0;32m  OK  [0m] Reached target Local File Systems.
         Starting Restore /run/initramfs on shutdown...
         Starting Tell Plymouth To Write Out Runtime Data...
         Starting Create Volatile Files and Directories...
[[0;32m  OK  [0m] Started Restore /run/initramfs on shutdown.
[[0;32m  OK  [0m] Started Tell Plymouth To Write Out Runtime Data.
[[0;32m  OK  [0m] Started Create Volatile Files and Directories.
         Mounting RPC Pipe File System...
         Starting Security Auditing Service...
         Starting RPC Bind...
[[0;32m  OK  [0m] Mounted RPC Pipe File System.
[[0;32m  OK  [0m] Reached target rpc_pipefs.target.
[[0;32m  OK  [0m] Started RPC Bind.
[[0;32m  OK  [0m] Started Security Auditing Service.
         Starting Update UTMP about System Boot/Shutdown...
[[0;32m  OK  [0m] Started Update UTMP about System Boot/Shutdown.
[[0;32m  OK  [0m] Reached target System Initialization.
[[0;32m  OK  [0m] Started dnf makecache --timer.
[[0;32m  OK  [0m] Listening on SSSD Kerberos Cache Manager responder socket.
[[0;32m  OK  [0m] Started daily update of the root trust anchor for DNSSEC.
[[0;32m  OK  [0m] Listening on D-Bus System Message Bus Socket.
[[0;32m  OK  [0m] Reached target Sockets.
[[0;32m  OK  [0m] Started Daily Cleanup of Temporary Directories.
[[0;32m  OK  [0m] Reached target Timers.
[[0;32m  OK  [0m] Reached target Basic System.
[[0;32m  OK  [0m] Started Machine Check Exception Logging Daemon.
         Starting NTP client/server...
[[0;32m  OK  [0m] Started D-Bus System Message Bus.
         Starting Network Manager...
         Starting Self Monitoring and Reporting Technology (SMART) Daemon...
         Starting Login Service...
         Starting Authorization Manager...
         Starting Auto-connect to subsystemsâ€¦-NVME devices found during boot...
[[0;32m  OK  [0m] Reached target sshd-keygen.target.
[[0;32m  OK  [0m] Started irqbalance daemon.
         Starting update of the root trust aâ€¦or DNSSEC validation in unbound...
[[0;32m  OK  [0m] Started Auto-connect to subsystems â€¦FC-NVME devices found during boot.
[[0;32m  OK  [0m] Started Self Monitoring and Reporting Technology (SMART) Daemon.
[[0;32m  OK  [0m] Started update of the root trust anâ€¦ for DNSSEC validation in unbound.
[[0;32m  OK  [0m] Started Login Service.
[[0;32m  OK  [0m] Started Network Manager.
[[0;32m  OK  [0m] Reached target Network.
         Starting GSSAPI Proxy Daemon...
         Starting OpenSSH server daemon...
         Starting Dynamic System Tuning Daemon...
         Starting Network Manager Wait Online...
[[0;32m  OK  [0m] Started NTP client/server.
[[0;32m  OK  [0m] Started GSSAPI Proxy Daemon.
[[0;32m  OK  [0m] Reached target NFS client services.
[[0;32m  OK  [0m] Reached target Remote File Systems (Pre).
[[0;32m  OK  [0m] Reached target Remote File Systems.
         Starting Permit User Sessions...
         Starting Hostname Service...
[[0;32m  OK  [0m] Started OpenSSH server daemon.
[[0;32m  OK  [0m] Started Permit User Sessions.
[[0;32m  OK  [0m] Started Authorization Manager.
         Starting Hold until boot process finishes up...
         Starting Terminate Plymouth Boot Screen...
[[0;32m  OK  [0m] Started Command Scheduler.
[    5.104870] e1000: eth0 NIC Link is Up 1000 Mbps Full Duplex, Flow Control: RX
[    5.105471] IPv6: ADDRCONF(NETDEV_CHANGE): eth0: link becomes ready
[    5.197119] Spectre V2 : WARNING: Unprivileged eBPF is enabled with eIBRS on, data leaks possible via Spectre v2 BHB attacks!
[    5.197704] Spectre V2 : WARNING: Unprivileged eBPF is enabled with eIBRS on, data leaks possible via Spectre v2 BHB attacks!

CentOS Stream 8
Kernel 6.1.0-rc5-73d909b0233a+ on an x86_64

test login: [   28.564998] ------------[ cut here ]------------
[   28.565224] CPA detected W^X violation: 0000000000000060 -> 0000000000000063 range: 0xffff88800bd05000 - 0xffff88800bd05fff PFN bd05
[   28.565714] WARNING: CPU: 0 PID: 571 at arch/x86/mm/pat/set_memory.c:612 __change_page_attr_set_clr+0x1bb3/0x1c60
[   28.566200] Modules linked in:
[   28.566348] CPU: 0 PID: 571 Comm: repro Not tainted 6.1.0-rc5-73d909b0233a+ #1
[   28.566683] Hardware name: QEMU Standard PC (i440FX + PIIX, 1996), BIOS rel-1.16.0-0-gd239552ce722-prebuilt.qemu.org 04/01/2014
[   28.567198] RIP: 0010:__change_page_attr_set_clr+0x1bb3/0x1c60
[   28.567477] Code: ff ff ff 4c 89 fa 48 8b b5 60 ff ff ff 48 c7 c7 88 d0 4b 83 c6 05 6f 21 a7 02 01 4c 8d 80 ff 0f 00 00 48 89 c1 e8 aa 2f a3 01 <0f> 0b e9 44 fd ff ff e8 31 b2 18 00 4c 89 f9 48 89 da 4c 89 f6 48
[   28.568314] RSP: 0018:ffffc90000fdf970 EFLAGS: 00010282
[   28.568560] RAX: 0000000000000000 RBX: 000ffffff42fa060 RCX: ffffffff811a9e0b
[   28.568902] RDX: 0000000000000000 RSI: ffff888012161980 RDI: 0000000000000002
[   28.569231] RBP: ffffc90000fdfa80 R08: 0000000000000000 R09: 585e572064657463
[   28.569558] R10: 585e572064657463 R11: 6574656420415043 R12: 0000000000000000
[   28.569889] R13: 000000000bd05f9f R14: 0000000000000001 R15: 0000000000000063
[   28.570217] FS:  0000000000000000(0000) GS:ffff88807dc00000(0000) knlGS:0000000000000000
[   28.570588] CS:  0010 DS: 0000 ES: 0000 CR0: 0000000080050033
[   28.570856] CR2: 00007fc486c07500 CR3: 000000000380a004 CR4: 0000000000770ef0
[   28.571186] PKRU: 55555554
[   28.571317] Call Trace:
[   28.571436]  <TASK>
[   28.571543]  ? __pfx_do_flush_tlb_all+0x10/0x10
[   28.571764]  ? __sanitizer_cov_trace_pc+0x25/0x60
[   28.571991]  ? __purge_vmap_area_lazy+0x424/0xae0
[   28.572219]  set_direct_map_default_noflush+0x77/0xa0
[   28.572465]  __vunmap+0x28e/0x570
[   28.572630]  __vfree+0x40/0xa0
[   28.572782]  vfree+0x70/0xa0
[   28.572935]  module_memfree+0x3f/0x60
[   28.573115]  arch_ftrace_trampoline_free+0x28/0x40
[   28.573346]  ftrace_trampoline_free+0x5b/0xe0
[   28.573564]  ftrace_shutdown+0x1d7/0x370
[   28.573762]  unregister_ftrace_function+0x33/0x210
[   28.573999]  ? __sanitizer_cov_trace_switch+0x57/0xa0
[   28.574240]  perf_ftrace_event_register+0x95/0xf0
[   28.574467]  ? __pfx_tp_perf_event_destroy+0x10/0x10
[   28.574706]  perf_trace_destroy+0x38/0xa0
[   28.574899]  ? __pfx_tp_perf_event_destroy+0x10/0x10
[   28.575138]  tp_perf_event_destroy+0x1e/0x30
[   28.575348]  _free_event+0xff/0x6b0
[   28.575520]  put_event+0x3c/0x50
[   28.575680]  perf_event_release_kernel+0x2ee/0x370
[   28.575908]  ? perf_event_release_kernel+0x9/0x370
[   28.576137]  ? __pfx_perf_release+0x10/0x10
[   28.576336]  perf_release+0x22/0x30
[   28.576507]  __fput+0x10e/0x440
[   28.576666]  ____fput+0x1e/0x30
[   28.576821]  task_work_run+0xa6/0x100
[   28.577013]  do_exit+0x4d4/0x11f0
[   28.577181]  do_group_exit+0x58/0xe0
[   28.577361]  __x64_sys_exit_group+0x25/0x30
[   28.577564]  do_syscall_64+0x3b/0x90
[   28.577746]  entry_SYSCALL_64_after_hwframe+0x72/0xdc
[   28.577991] RIP: 0033:0x7fc486afdcf6
[   28.578165] Code: Unable to access opcode bytes at 0x7fc486afdccc.
[   28.578448] RSP: 002b:00007ffe37bad428 EFLAGS: 00000246 ORIG_RAX: 00000000000000e7
[   28.578794] RAX: ffffffffffffffda RBX: 00007fc486c08490 RCX: 00007fc486afdcf6
[   28.579122] RDX: 0000000000000000 RSI: 000000000000003c RDI: 0000000000000000
[   28.579449] RBP: 0000000000000000 R08: 00000000000000e7 R09: ffffffffffffff80
[   28.579773] R10: 0000000000000004 R11: 0000000000000246 R12: 00007fc486c08490
[   28.580102] R13: 0000000000000001 R14: 00007fc486c0be88 R15: 0000000000000000
[   28.580431]  </TASK>
[   28.580540] ---[ end trace 0000000000000000 ]---
