c[?7l[2J[0mSeaBIOS (version rel-1.16.0-0-gd239552ce722-prebuilt.qemu.org)


iPXE (http://ipxe.org) 00:03.0 CA00 PCI2.10 PnP PMM+7FF91000+7FEF1000 CA00
Press Ctrl-B to configure iPXE (PCI 00:03.0)...                                                                               


Booting from ROM..c[?7l[2J[0m.[    0.000000] Linux version 6.1.0-02bf43c7b7f7+ (root@p-adln01) (gcc (GCC) 8.5.0 20210514 (Red Hat 8.5.0-18), GNU ld version 2.36.1-2.el8) #1 SMP PREEMPT_DYNAMIC Tue Apr 11 19:18:06 CST 2023
[    0.000000] Command line: console=ttyS0 root=/dev/sda earlyprintk=serial net.ifnames=0
[    0.000000] KERNEL supported cpus:
[    0.000000]   Intel GenuineIntel
[    0.000000]   AMD AuthenticAMD
[    0.000000]   Hygon HygonGenuine
[    0.000000]   Centaur CentaurHauls
[    0.000000]   zhaoxin   Shanghai  
[    0.000000] x86/fpu: Supporting XSAVE feature 0x001: 'x87 floating point registers'
[    0.000000] x86/fpu: Supporting XSAVE feature 0x002: 'SSE registers'
[    0.000000] x86/fpu: Supporting XSAVE feature 0x004: 'AVX registers'
[    0.000000] x86/fpu: Supporting XSAVE feature 0x200: 'Protection Keys User registers'
[    0.000000] x86/fpu: xstate_offset[2]:  576, xstate_sizes[2]:  256
[    0.000000] x86/fpu: xstate_offset[9]:  832, xstate_sizes[9]:    8
[    0.000000] x86/fpu: Enabled xstate features 0x207, context size is 840 bytes, using 'compacted' format.
[    0.000000] signal: max sigframe size: 3632
[    0.000000] BIOS-provided physical RAM map:
[    0.000000] BIOS-e820: [mem 0x0000000000000000-0x000000000009fbff] usable
[    0.000000] BIOS-e820: [mem 0x000000000009fc00-0x000000000009ffff] reserved
[    0.000000] BIOS-e820: [mem 0x00000000000f0000-0x00000000000fffff] reserved
[    0.000000] BIOS-e820: [mem 0x0000000000100000-0x000000007ffdffff] usable
[    0.000000] BIOS-e820: [mem 0x000000007ffe0000-0x000000007fffffff] reserved
[    0.000000] BIOS-e820: [mem 0x00000000feffc000-0x00000000feffffff] reserved
[    0.000000] BIOS-e820: [mem 0x00000000fffc0000-0x00000000ffffffff] reserved
[    0.000000] printk: bootconsole [earlyser0] enabled
[    0.000000] NX (Execute Disable) protection: active
[    0.000000] SMBIOS 2.8 present.
[    0.000000] DMI: QEMU Standard PC (i440FX + PIIX, 1996), BIOS rel-1.16.0-0-gd239552ce722-prebuilt.qemu.org 04/01/2014
[    0.000000] Hypervisor detected: KVM
[    0.000000] kvm-clock: Using msrs 4b564d01 and 4b564d00
[    0.000006] kvm-clock: using sched offset of 502455081 cycles
[    0.000691] clocksource: kvm-clock: mask: 0xffffffffffffffff max_cycles: 0x1cd42e4dffb, max_idle_ns: 881590591483 ns
[    0.002824] tsc: Detected 1804.800 MHz processor
[    0.013366] last_pfn = 0x7ffe0 max_arch_pfn = 0x400000000
[    0.014226] x86/PAT: Configuration [0-7]: WB  WC  UC- UC  WB  WP  UC- WT  
[    0.023542] found SMP MP-table at [mem 0x000f5ba0-0x000f5baf]
[    0.024536] Using GB pages for direct mapping
[    0.027252] ACPI: Early table checksum verification disabled
[    0.028095] ACPI: RSDP 0x00000000000F59C0 000014 (v00 BOCHS )
[    0.028934] ACPI: RSDT 0x000000007FFE1951 000034 (v01 BOCHS  BXPC     00000001 BXPC 00000001)
[    0.030136] ACPI: FACP 0x000000007FFE17FD 000074 (v01 BOCHS  BXPC     00000001 BXPC 00000001)
[    0.031327] ACPI: DSDT 0x000000007FFE0040 0017BD (v01 BOCHS  BXPC     00000001 BXPC 00000001)
[    0.032560] ACPI: FACS 0x000000007FFE0000 000040
[    0.033214] ACPI: APIC 0x000000007FFE1871 000080 (v01 BOCHS  BXPC     00000001 BXPC 00000001)
[    0.034394] ACPI: HPET 0x000000007FFE18F1 000038 (v01 BOCHS  BXPC     00000001 BXPC 00000001)
[    0.035578] ACPI: WAET 0x000000007FFE1929 000028 (v01 BOCHS  BXPC     00000001 BXPC 00000001)
[    0.036739] ACPI: Reserving FACP table memory at [mem 0x7ffe17fd-0x7ffe1870]
[    0.037664] ACPI: Reserving DSDT table memory at [mem 0x7ffe0040-0x7ffe17fc]
[    0.038584] ACPI: Reserving FACS table memory at [mem 0x7ffe0000-0x7ffe003f]
[    0.039517] ACPI: Reserving APIC table memory at [mem 0x7ffe1871-0x7ffe18f0]
[    0.040453] ACPI: Reserving HPET table memory at [mem 0x7ffe18f1-0x7ffe1928]
[    0.041377] ACPI: Reserving WAET table memory at [mem 0x7ffe1929-0x7ffe1950]
[    0.043835] No NUMA configuration found
[    0.044349] Faking a node at [mem 0x0000000000000000-0x000000007ffdffff]
[    0.045364] NODE_DATA(0) allocated [mem 0x7ffb5000-0x7ffdffff]
[    0.050792] Zone ranges:
[    0.051149]   DMA      [mem 0x0000000000001000-0x0000000000ffffff]
[    0.051971]   DMA32    [mem 0x0000000001000000-0x000000007ffdffff]
[    0.052802]   Normal   empty
[    0.053187]   Device   empty
[    0.053583] Movable zone start for each node
[    0.054146] Early memory node ranges
[    0.054614]   node   0: [mem 0x0000000000001000-0x000000000009efff]
[    0.055438]   node   0: [mem 0x0000000000100000-0x000000007ffdffff]
[    0.056271] Initmem setup node 0 [mem 0x0000000000001000-0x000000007ffdffff]
[    0.057620] On node 0, zone DMA: 1 pages in unavailable ranges
[    0.057860] On node 0, zone DMA: 97 pages in unavailable ranges
[    0.100781] On node 0, zone DMA32: 32 pages in unavailable ranges
[    0.101975] ACPI: PM-Timer IO Port: 0x608
[    0.103274] ACPI: LAPIC_NMI (acpi_id[0xff] dfl dfl lint[0x1])
[    0.104077] IOAPIC[0]: apic_id 0, version 17, address 0xfec00000, GSI 0-23
[    0.104994] ACPI: INT_SRC_OVR (bus 0 bus_irq 0 global_irq 2 dfl dfl)
[    0.105788] ACPI: INT_SRC_OVR (bus 0 bus_irq 5 global_irq 5 high level)
[    0.106618] ACPI: INT_SRC_OVR (bus 0 bus_irq 9 global_irq 9 high level)
[    0.107439] ACPI: INT_SRC_OVR (bus 0 bus_irq 10 global_irq 10 high level)
[    0.108306] ACPI: INT_SRC_OVR (bus 0 bus_irq 11 global_irq 11 high level)
[    0.109199] ACPI: Using ACPI (MADT) for SMP configuration information
[    0.110021] ACPI: HPET id: 0x8086a201 base: 0xfed00000
[    0.110705] TSC deadline timer available
[    0.111204] smpboot: Allowing 2 CPUs, 0 hotplug CPUs
[    0.111982] kvm-guest: KVM setup pv remote TLB flush
[    0.112618] kvm-guest: setup PV sched yield
[    0.113266] PM: hibernation: Registered nosave memory: [mem 0x00000000-0x00000fff]
[    0.114223] PM: hibernation: Registered nosave memory: [mem 0x0009f000-0x0009ffff]
[    0.115173] PM: hibernation: Registered nosave memory: [mem 0x000a0000-0x000effff]
[    0.116122] PM: hibernation: Registered nosave memory: [mem 0x000f0000-0x000fffff]
[    0.117095] [mem 0x80000000-0xfeffbfff] available for PCI devices
[    0.117864] Booting paravirtualized kernel on KVM
[    0.118512] clocksource: refined-jiffies: mask: 0xffffffff max_cycles: 0xffffffff, max_idle_ns: 7645519600211568 ns
[    0.119863] setup_percpu: NR_CPUS:8192 nr_cpumask_bits:2 nr_cpu_ids:2 nr_node_ids:1
[    0.123430] percpu: Embedded 64 pages/cpu s225280 r8192 d28672 u1048576
[    0.124666] kvm-guest: PV spinlocks enabled
[    0.125228] PV qspinlock hash table entries: 256 (order: 0, 4096 bytes, linear)
[    0.126226] Fallback order for Node 0: 0 
[    0.126796] Built 1 zonelists, mobility grouping on.  Total pages: 515808
[    0.127664] Policy zone: DMA32
[    0.128060] Kernel command line: net.ifnames=0 console=ttyS0 root=/dev/sda earlyprintk=serial net.ifnames=0
[    0.130157] random: crng init done
[    0.135336] Dentry cache hash table entries: 262144 (order: 9, 2097152 bytes, linear)
[    0.137228] Inode-cache hash table entries: 131072 (order: 8, 1048576 bytes, linear)
[    0.138418] mem auto-init: stack:off, heap alloc:off, heap free:off
[    0.144643] Memory: 1985384K/2096632K available (32784K kernel code, 4697K rwdata, 7832K rodata, 3672K init, 22116K bss, 110992K reserved, 0K cma-reserved)
[    0.147506] SLUB: HWalign=64, Order=0-3, MinObjects=0, CPUs=2, Nodes=1
[    0.148400] kmemleak: Kernel memory leak detector disabled
[    0.149206] ftrace: allocating 67429 entries in 264 pages
[    0.183268] ftrace: allocated 264 pages with 2 groups
[    0.187665] Dynamic Preempt: voluntary
[    0.188415] Running RCU self tests
[    0.188864] rcu: Preemptible hierarchical RCU implementation.
[    0.189571] rcu: 	RCU lockdep checking is enabled.
[    0.190172] rcu: 	RCU restricting CPUs from NR_CPUS=8192 to nr_cpu_ids=2.
[    0.191013] 	Trampoline variant of Tasks RCU enabled.
[    0.191638] 	Rude variant of Tasks RCU enabled.
[    0.192202] 	Tracing variant of Tasks RCU enabled.
[    0.192814] rcu: RCU calculated value of scheduler-enlistment delay is 25 jiffies.
[    0.193782] rcu: Adjusting geometry for rcu_fanout_leaf=16, nr_cpu_ids=2
[    0.230800] NR_IRQS: 524544, nr_irqs: 440, preallocated irqs: 16
[    0.232015] rcu: srcu_init: Setting srcu_struct sizes based on contention.
[    0.244999] Console: colour VGA+ 80x25
[    0.245606] printk: console [ttyS0] enabled
[    0.245606] printk: console [ttyS0] enabled
[    0.246705] printk: bootconsole [earlyser0] disabled
[    0.246705] printk: bootconsole [earlyser0] disabled
[    0.248029] Lock dependency validator: Copyright (c) 2006 Red Hat, Inc., Ingo Molnar
[    0.249058] ... MAX_LOCKDEP_SUBCLASSES:  8
[    0.249603] ... MAX_LOCK_DEPTH:          48
[    0.250164] ... MAX_LOCKDEP_KEYS:        8192
[    0.250750] ... CLASSHASH_SIZE:          4096
[    0.251326] ... MAX_LOCKDEP_ENTRIES:     32768
[    0.251910] ... MAX_LOCKDEP_CHAINS:      65536
[    0.252505] ... CHAINHASH_SIZE:          32768
[    0.253105]  memory used by lock dependency info: 6365 kB
[    0.253814]  memory used for stack traces: 4224 kB
[    0.254441]  per task-struct memory footprint: 1920 bytes
[    0.255240] ACPI: Core revision 20221020
[    0.256153] clocksource: hpet: mask: 0xffffffff max_cycles: 0xffffffff, max_idle_ns: 19112604467 ns
[    0.257607] APIC: Switch to symmetric I/O mode setup
[    0.258569] x2apic enabled
[    0.259244] Switched APIC routing to physical x2apic.
[    0.259944] kvm-guest: setup PV IPIs
[    0.261821] ..TIMER: vector=0x30 apic1=0 pin1=2 apic2=-1 pin2=-1
[    0.262657] clocksource: tsc-early: mask: 0xffffffffffffffff max_cycles: 0x1a03dfe73b3, max_idle_ns: 440795256845 ns
[    0.264059] Calibrating delay loop (skipped) preset value.. 3609.60 BogoMIPS (lpj=7219200)
[    0.265161] pid_max: default: 32768 minimum: 301
[    0.268199] LSM: initializing lsm=capability,yama,integrity
[    0.268956] Yama: becoming mindful.
[    0.269716] Mount-cache hash table entries: 4096 (order: 3, 32768 bytes, linear)
[    0.270736] Mountpoint-cache hash table entries: 4096 (order: 3, 32768 bytes, linear)
[    0.275766] x86/cpu: User Mode Instruction Prevention (UMIP) activated
[    0.276757] Last level iTLB entries: 4KB 0, 2MB 0, 4MB 0
[    0.277547] Last level dTLB entries: 4KB 0, 2MB 0, 4MB 0, 1GB 0
[    0.278415] Spectre V1 : Mitigation: usercopy/swapgs barriers and __user pointer sanitization
[    0.280077] Spectre V2 : WARNING: Unprivileged eBPF is enabled with eIBRS on, data leaks possible via Spectre v2 BHB attacks!
[    0.281515] Spectre V2 : Mitigation: Enhanced IBRS
[    0.282129] Spectre V2 : Spectre v2 / SpectreRSB mitigation: Filling RSB on context switch
[    0.283196] Spectre V2 : Spectre v2 / PBRSB-eIBRS: Retire a single CALL on VMEXIT
[    0.284058] Spectre V2 : mitigation: Enabling conditional Indirect Branch Prediction Barrier
[    0.285132] Speculative Store Bypass: Mitigation: Speculative Store Bypass disabled via prctl
[    0.286211] MMIO Stale Data: Unknown: No mitigations
[    0.432429] Freeing SMP alternatives memory: 56K
[    0.433746] smpboot: CPU0: Intel(R) Core(TM) i3-N305 (family: 0x6, model: 0xbe, stepping: 0x0)
[    0.435722] cblist_init_generic: Setting adjustable number of callback queues.
[    0.436033] cblist_init_generic: Setting shift to 1 and lim to 1.
[    0.436033] cblist_init_generic: Setting shift to 1 and lim to 1.
[    0.436156] cblist_init_generic: Setting shift to 1 and lim to 1.
[    0.437055] Running RCU-tasks wait API self tests
[    0.540214] Performance Events: Gracemont events, full-width counters, Intel PMU driver.
[    0.541309] ... version:                2
[    0.541795] ... bit width:              48
[    0.542300] ... generic registers:      6
[    0.542783] ... value mask:             0000ffffffffffff
[    0.543408] ... max period:             00007fffffffffff
[    0.544047] ... fixed-purpose events:   3
[    0.544532] ... event mask:             000000070000003f
[    0.545890] rcu: Hierarchical SRCU implementation.
[    0.546491] rcu: 	Max phase no-delay instances is 1000.
[    0.551296] smp: Bringing up secondary CPUs ...
[    0.553091] x86: Booting SMP configuration:
[    0.553637] .... node  #0, CPUs:      #1
[    0.554181] smp: Brought up 1 node, 2 CPUs
[    0.554181] smpboot: Max logical packages: 1
[    0.556055] smpboot: Total of 2 processors activated (7219.20 BogoMIPS)
[    0.560079] Callback from call_rcu_tasks_trace() invoked.
[    0.562552] devtmpfs: initialized
[    0.562552] x86/mm: Memory block size: 128MB
[    0.568162] clocksource: jiffies: mask: 0xffffffff max_cycles: 0xffffffff, max_idle_ns: 7645041785100000 ns
[    0.569353] futex hash table entries: 512 (order: 4, 65536 bytes, linear)
[    0.570606] pinctrl core: initialized pinctrl subsystem
[    0.572189] 
[    0.572417] *************************************************************
[    0.573257] **     NOTICE NOTICE NOTICE NOTICE NOTICE NOTICE NOTICE    **
[    0.574105] **                                                         **
[    0.574944] **  IOMMU DebugFS SUPPORT HAS BEEN ENABLED IN THIS KERNEL  **
[    0.575791] **                                                         **
[    0.576045] ** This means that this kernel is built to expose internal **
[    0.576911] ** IOMMU data structures, which may compromise security on **
[    0.577759] ** your system.                                            **
[    0.578609] **                                                         **
[    0.579454] ** If you see this message and you are not debugging the   **
[    0.580042] ** kernel, report this immediately to your vendor!         **
[    0.580895] **                                                         **
[    0.581743] **     NOTICE NOTICE NOTICE NOTICE NOTICE NOTICE NOTICE    **
[    0.582591] *************************************************************
[    0.583543] PM: RTC time: 22:29:04, date: 2023-04-11
[    0.589184] NET: Registered PF_NETLINK/PF_ROUTE protocol family
[    0.590863] DMA: preallocated 256 KiB GFP_KERNEL pool for atomic allocations
[    0.591817] DMA: preallocated 256 KiB GFP_KERNEL|GFP_DMA pool for atomic allocations
[    0.592074] DMA: preallocated 256 KiB GFP_KERNEL|GFP_DMA32 pool for atomic allocations
[    0.593181] audit: initializing netlink subsys (disabled)
[    0.593977] audit: type=2000 audit(1681252144.870:1): state=initialized audit_enabled=0 res=1
[    0.593977] thermal_sys: Registered thermal governor 'fair_share'
[    0.593977] thermal_sys: Registered thermal governor 'bang_bang'
[    0.594077] thermal_sys: Registered thermal governor 'step_wise'
[    0.596052] thermal_sys: Registered thermal governor 'user_space'
[    0.596994] cpuidle: using governor ladder
[    0.597442] cpuidle: using governor menu
[    0.600519] acpiphp: ACPI Hot Plug PCI Controller Driver version: 0.5
[    0.601930] PCI: Using configuration type 1 for base access
[    0.623803] kprobes: kprobe jump-optimization is enabled. All kprobes are optimized if possible.
[    0.624736] HugeTLB: registered 1.00 GiB page size, pre-allocated 0 pages
[    0.625646] HugeTLB: 16380 KiB vmemmap can be freed for a 1.00 GiB page
[    0.626506] HugeTLB: registered 2.00 MiB page size, pre-allocated 0 pages
[    0.627371] HugeTLB: 28 KiB vmemmap can be freed for a 2.00 MiB page
[    0.942352] ACPI: Added _OSI(Module Device)
[    0.943030] ACPI: Added _OSI(Processor Device)
[    0.943671] ACPI: Added _OSI(3.0 _SCP Extensions)
[    0.944057] ACPI: Added _OSI(Processor Aggregator Device)
[    0.952992] ACPI: 1 ACPI AML tables successfully acquired and loaded
[    4.515520] Callback from call_rcu_tasks_rude() invoked.
[    4.518065] ACPI: Interpreter enabled
[    4.518787] ACPI: PM: (supports S0 S3 S4 S5)
[    4.519356] ACPI: Using IOAPIC for interrupt routing
[    4.520126] PCI: Using host bridge windows from ACPI; if necessary, use "pci=nocrs" and report a bug
[    4.521360] PCI: Using E820 reservations for host bridge windows
[    4.523214] ACPI: Enabled 2 GPEs in block 00 to 0F
[    4.548448] ACPI: PCI Root Bridge [PCI0] (domain 0000 [bus 00-ff])
[    4.549340] acpi PNP0A03:00: _OSC: OS supports [ASPM ClockPM Segments MSI EDR HPX-Type3]
[    4.550404] acpi PNP0A03:00: _OSC: not requesting OS control; OS requires [ExtendedConfig ASPM ClockPM MSI]
[    4.551798] acpi PNP0A03:00: fail to add MMCONFIG information, can't access extended PCI configuration space under this bridge.
[    4.555547] acpiphp: Slot [3] registered
[    4.556161] acpiphp: Slot [4] registered
[    4.556790] acpiphp: Slot [5] registered
[    4.557414] acpiphp: Slot [6] registered
[    4.558053] acpiphp: Slot [7] registered
[    4.558686] acpiphp: Slot [8] registered
[    4.559323] acpiphp: Slot [9] registered
[    4.559958] acpiphp: Slot [10] registered
[    4.560189] acpiphp: Slot [11] registered
[    4.560871] acpiphp: Slot [12] registered
[    4.561511] acpiphp: Slot [13] registered
[    4.562130] acpiphp: Slot [14] registered
[    4.562767] acpiphp: Slot [15] registered
[    4.563395] acpiphp: Slot [16] registered
[    4.564033] acpiphp: Slot [17] registered
[    4.564675] acpiphp: Slot [18] registered
[    4.565414] acpiphp: Slot [19] registered
[    4.566097] acpiphp: Slot [20] registered
[    4.566805] acpiphp: Slot [21] registered
[    4.567477] acpiphp: Slot [22] registered
[    4.568139] acpiphp: Slot [23] registered
[    4.568807] acpiphp: Slot [24] registered
[    4.569456] acpiphp: Slot [25] registered
[    4.570134] acpiphp: Slot [26] registered
[    4.570859] acpiphp: Slot [27] registered
[    4.571559] acpiphp: Slot [28] registered
[    4.572168] acpiphp: Slot [29] registered
[    4.572866] acpiphp: Slot [30] registered
[    4.573594] acpiphp: Slot [31] registered
[    4.574231] PCI host bridge to bus 0000:00
[    4.574798] pci_bus 0000:00: root bus resource [io  0x0000-0x0cf7 window]
[    4.575753] pci_bus 0000:00: root bus resource [io  0x0d00-0xffff window]
[    4.576051] pci_bus 0000:00: root bus resource [mem 0x000a0000-0x000bffff window]
[    4.577046] pci_bus 0000:00: root bus resource [mem 0x80000000-0xfebfffff window]
[    4.578040] pci_bus 0000:00: root bus resource [mem 0x100000000-0x17fffffff window]
[    4.579062] pci_bus 0000:00: root bus resource [bus 00-ff]
[    4.580022] pci 0000:00:00.0: [8086:1237] type 00 class 0x060000
[    4.585497] pci 0000:00:01.0: [8086:7000] type 00 class 0x060100
[    4.587593] pci 0000:00:01.1: [8086:7010] type 00 class 0x010180
[    4.590258] pci 0000:00:01.1: reg 0x20: [io  0xc040-0xc04f]
[    4.591880] pci 0000:00:01.1: legacy IDE quirk: reg 0x10: [io  0x01f0-0x01f7]
[    4.592051] pci 0000:00:01.1: legacy IDE quirk: reg 0x14: [io  0x03f6]
[    4.592933] pci 0000:00:01.1: legacy IDE quirk: reg 0x18: [io  0x0170-0x0177]
[    4.593883] pci 0000:00:01.1: legacy IDE quirk: reg 0x1c: [io  0x0376]
[    4.595217] pci 0000:00:01.3: [8086:7113] type 00 class 0x068000
[    4.596596] pci 0000:00:01.3: quirk: [io  0x0600-0x063f] claimed by PIIX4 ACPI
[    4.597564] pci 0000:00:01.3: quirk: [io  0x0700-0x070f] claimed by PIIX4 SMB
[    4.599231] pci 0000:00:02.0: [1234:1111] type 00 class 0x030000
[    4.602950] pci 0000:00:02.0: reg 0x10: [mem 0xfd000000-0xfdffffff pref]
[    4.605497] pci 0000:00:02.0: reg 0x18: [mem 0xfebf0000-0xfebf0fff]
[    4.610377] pci 0000:00:02.0: reg 0x30: [mem 0xfebe0000-0xfebeffff pref]
[    4.611775] pci 0000:00:02.0: Video device with shadowed ROM at [mem 0x000c0000-0x000dffff]
[    4.616933] pci 0000:00:03.0: [8086:100e] type 00 class 0x020000
[    4.618473] pci 0000:00:03.0: reg 0x10: [mem 0xfebc0000-0xfebdffff]
[    4.619864] pci 0000:00:03.0: reg 0x14: [io  0xc000-0xc03f]
[    4.628065] pci 0000:00:03.0: reg 0x30: [mem 0xfeb80000-0xfebbffff pref]
[    4.629067] Callback from call_rcu_tasks() invoked.
[    4.648153] ACPI: PCI: Interrupt link LNKA configured for IRQ 10
[    4.649533] ACPI: PCI: Interrupt link LNKB configured for IRQ 10
[    4.650874] ACPI: PCI: Interrupt link LNKC configured for IRQ 11
[    4.650874] ACPI: PCI: Interrupt link LNKD configured for IRQ 11
[    4.650874] ACPI: PCI: Interrupt link LNKS configured for IRQ 9
[    4.656212] iommu: Default domain type: Translated 
[    4.656765] iommu: DMA domain TLB invalidation policy: lazy mode 
[    4.659445] SCSI subsystem initialized
[    4.660436] ACPI: bus type USB registered
[    4.661138] usbcore: registered new interface driver usbfs
[    4.661914] usbcore: registered new interface driver hub
[    4.662660] usbcore: registered new device driver usb
[    4.662660] pps_core: LinuxPPS API ver. 1 registered
[    4.662660] pps_core: Software ver. 5.3.6 - Copyright 2005-2007 Rodolfo Giometti <giometti@linux.it>
[    4.662660] PTP clock support registered
[    4.664184] EDAC MC: Ver: 3.0.0
[    4.669579] NetLabel: Initializing
[    4.670069] NetLabel:  domain hash size = 128
[    4.670644] NetLabel:  protocols = UNLABELED CIPSOv4 CALIPSO
[    4.671480] NetLabel:  unlabeled traffic allowed by default
[    4.672379] PCI: Using ACPI for IRQ routing
[    4.673115] pci 0000:00:02.0: vgaarb: setting as boot VGA device
[    4.673115] pci 0000:00:02.0: vgaarb: bridge control possible
[    4.673704] pci 0000:00:02.0: vgaarb: VGA device added: decodes=io+mem,owns=io+mem,locks=none
[    4.676054] vgaarb: loaded
[    4.676828] hpet0: at MMIO 0xfed00000, IRQs 2, 8, 0
[    4.677517] hpet0: 3 comparators, 64-bit 100.000000 MHz counter
[    4.680491] clocksource: Switched to clocksource kvm-clock
[    4.682867] VFS: Disk quotas dquot_6.6.0
[    4.683533] VFS: Dquot-cache hash table entries: 512 (order 0, 4096 bytes)
[    4.684629] pnp: PnP ACPI init
[    4.690442] pnp: PnP ACPI: found 6 devices
[    4.705336] clocksource: acpi_pm: mask: 0xffffff max_cycles: 0xffffff, max_idle_ns: 2085701024 ns
[    4.707128] NET: Registered PF_INET protocol family
[    4.708319] IP idents hash table entries: 32768 (order: 6, 262144 bytes, linear)
[    4.711155] tcp_listen_portaddr_hash hash table entries: 1024 (order: 4, 73728 bytes, linear)
[    4.712436] Table-perturb hash table entries: 65536 (order: 6, 262144 bytes, linear)
[    4.713489] TCP established hash table entries: 16384 (order: 5, 131072 bytes, linear)
[    4.714971] TCP bind hash table entries: 16384 (order: 9, 2359296 bytes, linear)
[    4.724135] TCP: Hash tables configured (established 16384 bind 16384)
[    4.725548] UDP hash table entries: 1024 (order: 5, 163840 bytes, linear)
[    4.726716] UDP-Lite hash table entries: 1024 (order: 5, 163840 bytes, linear)
[    4.728162] NET: Registered PF_UNIX/PF_LOCAL protocol family
[    4.729806] RPC: Registered named UNIX socket transport module.
[    4.730657] RPC: Registered udp transport module.
[    4.731297] RPC: Registered tcp transport module.
[    4.731952] RPC: Registered tcp NFSv4.1 backchannel transport module.
[    4.732927] pci_bus 0000:00: resource 4 [io  0x0000-0x0cf7 window]
[    4.733791] pci_bus 0000:00: resource 5 [io  0x0d00-0xffff window]
[    4.734648] pci_bus 0000:00: resource 6 [mem 0x000a0000-0x000bffff window]
[    4.735593] pci_bus 0000:00: resource 7 [mem 0x80000000-0xfebfffff window]
[    4.736569] pci_bus 0000:00: resource 8 [mem 0x100000000-0x17fffffff window]
[    4.737996] pci 0000:00:01.0: PIIX3: Enabling Passive Release
[    4.738829] pci 0000:00:00.0: Limiting direct PCI/PCI transfers
[    4.739793] PCI: CLS 0 bytes, default 64
[    4.741071] ACPI: bus type thunderbolt registered
[    4.742275] clocksource: tsc: mask: 0xffffffffffffffff max_cycles: 0x1a03dfe73b3, max_idle_ns: 440795256845 ns
[    4.863659] Initialise system trusted keyrings
[    4.864522] Key type blacklist registered
[    4.865439] workingset: timestamp_bits=36 max_order=19 bucket_order=0
[    4.866399] zbud: loaded
[    4.867797] squashfs: version 4.0 (2009/01/31) Phillip Lougher
[    4.869807] NFS: Registering the id_resolver key type
[    4.870501] Key type id_resolver registered
[    4.871049] Key type id_legacy registered
[    4.871631] nfs4filelayout_init: NFSv4 File Layout Driver Registering...
[    4.872585] nfs4flexfilelayout_init: NFSv4 Flexfile Layout Driver Registering...
[    4.873774] fuse: init (API version 7.38)
[    4.874559] SGI XFS with ACLs, security attributes, realtime, quota, no debug enabled
[    4.876549] 9p: Installing v9fs 9p2000 file system support
[    4.887007] Key type asymmetric registered
[    4.887607] Asymmetric key parser 'x509' registered
[    4.891009] alg: self-tests for CTR-KDF (hmac(sha256)) passed
[    4.891931] Block layer SCSI generic (bsg) driver version 0.4 loaded (major 243)
[    4.893209] io scheduler mq-deadline registered
[    4.893872] io scheduler bfq registered
[    4.896129] shpchp: Standard Hot Plug PCI Controller Driver version: 0.4
[    4.897761] IPMI message handler: version 39.2
[    4.898476] ipmi device interface
[    4.901199] input: Power Button as /devices/LNXSYSTM:00/LNXPWRBN:00/input/input0
[    4.902623] ACPI: button: Power Button [PWRF]
[    4.904713] ERST DBG: ERST support is disabled.
[    4.906251] Serial: 8250/16550 driver, 32 ports, IRQ sharing enabled
[    4.907913] 00:04: ttyS0 at I/O 0x3f8 (irq = 4, base_baud = 115200) is a 16550A
[    4.921343] Linux agpgart interface v0.103
[    4.922876] ACPI: bus type drm_connector registered
[    4.941525] brd: module loaded
[    4.952350] loop: module loaded
[    4.959970] scsi host0: ata_piix
[    4.961328] scsi host1: ata_piix
[    4.962045] ata1: PATA max MWDMA2 cmd 0x1f0 ctl 0x3f6 bmdma 0xc040 irq 14
[    4.962940] ata2: PATA max MWDMA2 cmd 0x170 ctl 0x376 bmdma 0xc048 irq 15
[    4.965870] tun: Universal TUN/TAP device driver, 1.6
[    4.966862] e100: Intel(R) PRO/100 Network Driver
[    4.967487] e100: Copyright(c) 1999-2006 Intel Corporation
[    4.968339] e1000: Intel(R) PRO/1000 Network Driver
[    4.968978] e1000: Copyright (c) 1999-2006 Intel Corporation.
[    5.124349] ata1: found unknown device (class 0)
[    5.125737] ata1.00: ATA-7: QEMU HARDDISK, 2.5+, max UDMA/100
[    5.126490] ata1.00: 16777216 sectors, multi 16: LBA48 
[    5.127561] ata2: found unknown device (class 0)
[    5.129127] ata2.00: ATAPI: QEMU DVD-ROM, 2.5+, max UDMA/100
[    5.129470] scsi 0:0:0:0: Direct-Access     ATA      QEMU HARDDISK    2.5+ PQ: 0 ANSI: 5
[    5.132515] sd 0:0:0:0: Attached scsi generic sg0 type 0
[    5.133185] sd 0:0:0:0: [sda] 16777216 512-byte logical blocks: (8.59 GB/8.00 GiB)
[    5.134423] sd 0:0:0:0: [sda] Write Protect is off
[    5.135550] scsi 1:0:0:0: CD-ROM            QEMU     QEMU DVD-ROM     2.5+ PQ: 0 ANSI: 5
[    5.138065] sd 0:0:0:0: [sda] Write cache: enabled, read cache: enabled, doesn't support DPO or FUA
[    5.139343] sd 0:0:0:0: [sda] Preferred minimum I/O size 512 bytes
[    5.162385] sd 0:0:0:0: [sda] Attached SCSI disk
[    5.169146] scsi 1:0:0:0: Attached scsi generic sg1 type 5
[    5.202796] ACPI: \_SB_.LNKC: Enabled at IRQ 11
[    5.552181] e1000 0000:00:03.0 eth0: (PCI:33MHz:32-bit) 52:54:00:12:34:56
[    5.553085] e1000 0000:00:03.0 eth0: Intel(R) PRO/1000 Network Connection
[    5.554059] e1000e: Intel(R) PRO/1000 Network Driver
[    5.554663] e1000e: Copyright(c) 1999 - 2015 Intel Corporation.
[    5.555457] igb: Intel(R) Gigabit Ethernet Network Driver
[    5.556129] igb: Copyright (c) 2007-2014 Intel Corporation.
[    5.556975] PPP generic driver version 2.4.2
[    5.558257] VFIO - User Level meta-driver version: 0.3
[    5.559600] usbcore: registered new interface driver uas
[    5.560423] usbcore: registered new interface driver usb-storage
[    5.561347] i8042: PNP: PS/2 Controller [PNP0303:KBD,PNP0f13:MOU] at 0x60,0x64 irq 1,12
[    5.563424] serio: i8042 KBD port at 0x60,0x64 irq 1
[    5.564121] serio: i8042 AUX port at 0x60,0x64 irq 12
[    5.565814] mousedev: PS/2 mouse device common for all mice
[    5.567684] input: AT Translated Set 2 keyboard as /devices/platform/i8042/serio0/input/input1
[    5.568493] rtc_cmos 00:05: RTC can wake from S4
[    5.570814] input: VirtualPS/2 VMware VMMouse as /devices/platform/i8042/serio1/input/input4
[    5.571258] rtc_cmos 00:05: registered as rtc0
[    5.572805] rtc_cmos 00:05: setting system clock to 2023-04-11T22:29:09 UTC (1681252149)
[    5.574153] rtc_cmos 00:05: alarms up to one day, y3k, 242 bytes nvram, hpet irqs
[    5.574162] input: VirtualPS/2 VMware VMMouse as /devices/platform/i8042/serio1/input/input3
[    5.575305] i2c_dev: i2c /dev entries driver
[    5.576969] device-mapper: core: CONFIG_IMA_DISABLE_HTABLE is disabled. Duplicate IMA measurements will not be recorded in the IMA log.
[    5.578493] device-mapper: uevent: version 1.0.3
[    5.579384] device-mapper: ioctl: 4.47.0-ioctl (2022-07-28) initialised: dm-devel@redhat.com
[    5.580534] intel_pstate: CPU model not supported
[    5.581307] sdhci: Secure Digital Host Controller Interface driver
[    5.582088] sdhci: Copyright(c) Pierre Ossman
[    5.582767] sdhci-pltfm: SDHCI platform and OF driver helper
[    5.583603] ledtrig-cpu: registered to indicate activity on CPUs
[    5.584972] drop_monitor: Initializing network drop monitor service
[    5.586155] NET: Registered PF_INET6 protocol family
[    5.589856] Segment Routing with IPv6
[    5.590412] In-situ OAM (IOAM) with IPv6
[    5.591036] NET: Registered PF_PACKET protocol family
[    5.591936] 9pnet: Installing 9P2000 support
[    5.592670] Key type dns_resolver registered
[    5.594498] IPI shorthand broadcast: enabled
[    5.595166] sched_clock: Marking stable (5567039787, 27110096)->(5622333381, -28183498)
[    5.597216] registered taskstats version 1
[    5.598040] Loading compiled-in X.509 certificates
[    5.599127] zswap: loaded using pool lzo/zbud
[    5.620600] Key type .fscrypt registered
[    5.621126] Key type fscrypt-provisioning registered
[    5.623334] Key type encrypted registered
[    5.623982] ima: No TPM chip found, activating TPM-bypass!
[    5.624720] ima: Allocated hash algorithm: sha1
[    5.625343] ima: No architecture policies found
[    5.625964] evm: Initialising EVM extended attributes:
[    5.626572] evm: security.selinux
[    5.626973] evm: security.SMACK64
[    5.627375] evm: security.SMACK64EXEC
[    5.627816] evm: security.SMACK64TRANSMUTE
[    5.628359] evm: security.SMACK64MMAP
[    5.628801] evm: security.apparmor
[    5.629212] evm: security.ima
[    5.629577] evm: security.capability
[    5.630007] evm: HMAC attrs: 0x1
[    5.637914] PM:   Magic number: 3:76:502
[    5.639152] RAS: Correctable Errors collector initialized.
[    5.641775] md: Waiting for all devices to be available before autodetect
[    5.642385] md: If you don't use raid, use raid=noautodetect
[    5.642896] md: Autodetecting RAID arrays.
[    5.643285] md: autorun ...
[    5.643549] md: ... autorun DONE.
[    5.650825] EXT4-fs (sda): INFO: recovery required on readonly filesystem
[    5.651433] EXT4-fs (sda): write access will be enabled during recovery
[    5.674228] EXT4-fs (sda): recovery complete
[    5.676698] EXT4-fs (sda): mounted filesystem 23a53bb9-f815-47a5-b74c-5e08f7731193 with ordered data mode. Quota mode: none.
[    5.677797] VFS: Mounted root (ext4 filesystem) readonly on device 8:0.
[    5.679300] devtmpfs: mounted
[    5.686335] Freeing unused decrypted memory: 2036K
[    5.689812] Freeing unused kernel image (initmem) memory: 3672K
[    5.690385] Write protecting the kernel read-only data: 43008k
[    5.695025] Freeing unused kernel image (text/rodata gap) memory: 2028K
[    5.696127] Freeing unused kernel image (rodata/data gap) memory: 360K
[    5.826908] x86/mm: Checked W+X mappings: passed, no W+X pages found.
[    5.827538] Run /sbin/init as init process
[    5.996083] systemd[1]: RTC configured in localtime, applying delta of 0 minutes to system time.
[    6.045051] systemd[1]: systemd 239 (239-49.el8) running in system mode. (+PAM +AUDIT +SELINUX +IMA -APPARMOR +SMACK +SYSVINIT +UTMP +LIBCRYPTSETUP +GCRYPT +GNUTLS +ACL +XZ +LZ4 +SECCOMP +BLKID +ELFUTILS +KMOD +IDN2 -IDN +PCRE2 default-hierarchy=legacy)
[    6.047344] systemd[1]: Detected virtualization kvm.
[    6.047822] systemd[1]: Detected architecture x86-64.

Welcome to [0;31mCentOS Stream 8[0m!

[    6.106422] systemd[1]: Set hostname to <test>.
[    6.557022] systemd[1]: Created slice system-getty.slice.
[[0;32m  OK  [0m] Created slice system-getty.slice.
[    6.558921] systemd[1]: Started Forward Password Requests to Wall Directory Watch.
[[0;32m  OK  [0m] Started Forward Password Requests to Wall Directory Watch.
[    6.560718] systemd[1]: Reached target Swap.
[[0;32m  OK  [0m] Reached target Swap.
[    6.562081] systemd[1]: Listening on multipathd control socket.
[[0;32m  OK  [0m] Listening on multipathd control socket.
[    6.563976] systemd[1]: Listening on LVM2 poll daemon socket.
[[0;32m  OK  [0m] Listening on LVM2 poll daemon socket.
[    6.565844] systemd[1]: Listening on udev Control Socket.
[[0;32m  OK  [0m] Listening on udev Control Socket.
[[0;32m  OK  [0m] Listening on initctl Compatibility Named Pipe.
[[0;32m  OK  [0m] Created slice system-sshd\x2dkeygen.slice.
[[0;32m  OK  [0m] Set up automount Arbitrary Executabâ€¦rmats File System Automount Point.
[[0;32m  OK  [0m] Listening on Journal Socket.
         Starting Load Kernel Modules...
[[0;32m  OK  [0m] Created slice system-serial\x2dgetty.slice.
[[0;32m  OK  [0m] Listening on udev Kernel Socket.
         Mounting POSIX Message Queue File System...
[[0;32m  OK  [0m] Listening on Process Core Dump Socket.
[[0;32m  OK  [0m] Listening on Journal Socket (/dev/log).
         Starting Journal Service...
[[0;32m  OK  [0m] Created slice User and Session Slice.
         Mounting Kernel Debug File System...
         Mounting Huge Pages File System...
[[0;32m  OK  [0m] Listening on RPCbind Server Activation Socket.
[[0;32m  OK  [0m] Reached target RPC Port Mapper.
         Starting Setup Virtual Console...
         Starting udev Coldplug all Devices...
[[0;32m  OK  [0m] Listening on Device-mapper event daemon FIFOs.
         Starting Remount Root and Kernel File Systems...
[[0;32m  OK  [0m] Reached target Slices.
         Starting Monitoring of LVM2 mirrorsâ€¦ng dmeventd or progress polling...
[[0;1;31mFAILED[0m] Failed to start Load Kernel Modules.
See 'systemctl status systemd-modules-load.service' for details.
[[0;32m  OK  [0m] Mounted POSIX Message Queue File System.
[[0;32m  OK  [0m] Mounted Kernel Debug File System.
[[0;32m  OK  [0m] Mounted Huge Pages File System.
         Mounting Kernel Configuration File System...
         Mounting FUSE Control File System...
         Starting Apply Kernel Variables...
[[0;32m  OK  [0m] Started Journal Service.
[    7.156600] EXT4-fs (sda): re-mounted 23a53bb9-f815-47a5-b74c-5e08f7731193. Quota mode: none.
[[0;32m  OK  [0m] Started Remount Root and Kernel File Systems.
[[0;32m  OK  [0m] Mounted Kernel Configuration File System.
[[0;32m  OK  [0m] Mounted FUSE Control File System.
         Starting Create Static Device Nodes in /dev...
         Starting Load/Save Random Seed...
         Starting Flush Journal to Persistent Storage...
[[0;32m  OK  [0m] Started Setup Virtual Console.
[[0;32m  OK  [0m] Started Apply Kernel Variables.
[[0;32m  OK  [0m] Started Create Static Device Nodes in /dev.
[[0;32m  OK  [0m] Started Load/Save Random Seed.
         Starting udev Kernel Device Manager...
[[0;32m  OK  [0m] Started Flush Journal to Persistent Storage.
[[0;32m  OK  [0m] Started udev Kernel Device Manager.
[[0;32m  OK  [0m] Started udev Coldplug all Devices.
         Starting udev Wait for Complete Device Initialization...
         Starting Show Plymouth Boot Screen...
[[0;32m  OK  [0m] Started Show Plymouth Boot Screen.
[[0;32m  OK  [0m] Reached target Local Encrypted Volumes.
[[0;32m  OK  [0m] Reached target Paths.
[[0;32m  OK  [0m] Started Forward Password Requests to Plymouth Directory Watch.
[[0;32m  OK  [0m] Found device /dev/ttyS0.
[[0;32m  OK  [0m] Started Monitoring of LVM2 mirrors,â€¦sing dmeventd or progress polling.
[[0;32m  OK  [0m] Started udev Wait for Complete Device Initialization.
[[0;32m  OK  [0m] Listening on Load/Save RF Kill Switch Status /dev/rfkill Watch.
[[0;32m  OK  [0m] Reached target Local File Systems (Pre).
[[0;32m  OK  [0m] Reached target Local File Systems.
         Starting Create Volatile Files and Directories...
         Starting Tell Plymouth To Write Out Runtime Data...
         Starting Restore /run/initramfs on shutdown...
[[0;32m  OK  [0m] Started Create Volatile Files and Directories.
[[0;32m  OK  [0m] Started Tell Plymouth To Write Out Runtime Data.
[[0;32m  OK  [0m] Started Restore /run/initramfs on shutdown.
         Starting RPC Bind...
         Starting Security Auditing Service...
         Mounting RPC Pipe File System...
[[0;32m  OK  [0m] Started RPC Bind.
[[0;32m  OK  [0m] Mounted RPC Pipe File System.
[[0;32m  OK  [0m] Reached target rpc_pipefs.target.
[[0;32m  OK  [0m] Started Security Auditing Service.
         Starting Update UTMP about System Boot/Shutdown...
[[0;32m  OK  [0m] Started Update UTMP about System Boot/Shutdown.
[[0;32m  OK  [0m] Reached target System Initialization.
[[0;32m  OK  [0m] Listening on SSSD Kerberos Cache Manager responder socket.
[[0;32m  OK  [0m] Listening on D-Bus System Message Bus Socket.
[[0;32m  OK  [0m] Reached target Sockets.
[[0;32m  OK  [0m] Started dnf makecache --timer.
[[0;32m  OK  [0m] Started Daily Cleanup of Temporary Directories.
[[0;32m  OK  [0m] Reached target Basic System.
         Starting Self Monitoring and Reporting Technology (SMART) Daemon...
[[0;32m  OK  [0m] Started irqbalance daemon.
[[0;32m  OK  [0m] Started Machine Check Exception Logging Daemon.
[[0;32m  OK  [0m] Started D-Bus System Message Bus.
         Starting Network Manager...
[[0;32m  OK  [0m] Reached target sshd-keygen.target.
         Starting Authorization Manager...
         Starting NTP client/server...
         Starting Login Service...
         Starting Auto-connect to subsystemsâ€¦-NVME devices found during boot...
[[0;32m  OK  [0m] Started daily update of the root trust anchor for DNSSEC.
[[0;32m  OK  [0m] Reached target Timers.
[[0;32m  OK  [0m] Started Self Monitoring and Reporting Technology (SMART) Daemon.
[[0;32m  OK  [0m] Started Auto-connect to subsystems â€¦FC-NVME devices found during boot.
         Starting update of the root trust aâ€¦or DNSSEC validation in unbound...
[[0;32m  OK  [0m] Started Login Service.
[[0;32m  OK  [0m] Started Network Manager.
         Starting Network Manager Wait Online...
[[0;32m  OK  [0m] Reached target Network.
         Starting Dynamic System Tuning Daemon...
         Starting OpenSSH server daemon...
         Starting GSSAPI Proxy Daemon...
[[0;32m  OK  [0m] Started NTP client/server.
[[0;32m  OK  [0m] Started Authorization Manager.
         Starting Hostname Service...
[[0;32m  OK  [0m] Started update of the root trust anâ€¦ for DNSSEC validation in unbound.
[[0;32m  OK  [0m] Started OpenSSH server daemon.
[[0;32m  OK  [0m] Started GSSAPI Proxy Daemon.
[[0;32m  OK  [0m] Reached target NFS client services.
[[0;32m  OK  [0m] Reached target Remote File Systems (Pre).
[[0;32m  OK  [0m] Reached target Remote File Systems.
         Starting Permit User Sessions...
[[0;32m  OK  [0m] Started Permit User Sessions.
         Starting Hold until boot process finishes up...
[[0;32m  OK  [0m] Started Command Scheduler.
         Starting Terminate Plymouth Boot Screen...
[   10.812480] e1000: eth0 NIC Link is Up 1000 Mbps Full Duplex, Flow Control: RX
[   10.813918] IPv6: ADDRCONF(NETDEV_CHANGE): eth0: link becomes ready
[   11.248796] Spectre V2 : WARNING: Unprivileged eBPF is enabled with eIBRS on, data leaks possible via Spectre v2 BHB attacks!
[   11.249974] Spectre V2 : WARNING: Unprivileged eBPF is enabled with eIBRS on, data leaks possible via Spectre v2 BHB attacks!

CentOS Stream 8
Kernel 6.1.0-02bf43c7b7f7+ on an x86_64

test login: [   53.447948] rcu_tasks_wait_gp: rcu_tasks grace period number 9 (since boot) is 2515 jiffies old.
[   83.909384] rcu_tasks_wait_gp: rcu_tasks grace period number 9 (since boot) is 10131 jiffies old.
[  174.508498] rcu_tasks_wait_gp: rcu_tasks grace period number 9 (since boot) is 32781 jiffies old.
[  300.261795] INFO: task repro:586 blocked for more than 147 seconds.
[  300.262848]       Not tainted 6.1.0-02bf43c7b7f7+ #1
[  300.263592] "echo 0 > /proc/sys/kernel/hung_task_timeout_secs" disables this message.
[  300.265082] task:repro           state:D stack:0     pid:586   ppid:580    flags:0x00004006
[  300.266347] Call Trace:
[  300.266851]  <TASK>
[  300.267559]  __schedule+0x385/0xb00
[  300.268950]  ? usleep_range_state+0xf0/0xf0
[  300.269804]  schedule+0x5b/0xe0
[  300.270489]  schedule_timeout+0x561/0x650
[  300.271684]  ? schedule_timeout+0x9/0x650
[  300.272930]  ? usleep_range_state+0xf0/0xf0
[  300.273770]  __wait_for_common+0x109/0x1f0
[  300.274918]  wait_for_completion+0x28/0x30
[  300.275680]  __wait_rcu_gp+0x136/0x160
[  300.276839]  ? ftrace_kill+0x40/0x40
[  300.277518]  ? ftrace_kill+0x40/0x40
[  300.278275]  synchronize_rcu_tasks_generic.part.24+0x3b/0x60
[  300.279192]  ? call_rcu_tasks_generic+0x320/0x320
[  300.280350]  ? rcu_tasks_pregp_step+0x20/0x20
[  300.281473]  ? verify_cpu+0xa0/0x100
[  300.282350]  synchronize_rcu_tasks_generic+0x2b/0x70
[  300.283264]  synchronize_rcu_tasks+0x19/0x20
[  300.284382]  ftrace_shutdown+0x1d2/0x410
[  300.285468]  unregister_ftrace_function+0x35/0x220
[  300.286411]  ? __sanitizer_cov_trace_switch+0x57/0xa0
[  300.287569]  perf_ftrace_event_register+0x95/0xf0
[  300.288902]  ? perf_tp_event_init+0xa0/0xa0
[  300.289748]  perf_trace_destroy+0x3a/0xa0
[  300.290586]  ? perf_tp_event_init+0xa0/0xa0
[  300.291414]  tp_perf_event_destroy+0x1e/0x30
[  300.292636]  _free_event+0x101/0x800
[  300.293653]  put_event+0x3c/0x50
[  300.294458]  perf_event_release_kernel+0x2de/0x360
[  300.295296]  ? perf_event_release_kernel+0x9/0x360
[  300.296736]  ? perf_event_release_kernel+0x360/0x360
[  300.297748]  perf_release+0x22/0x30
[  300.298543]  __fput+0x11f/0x450
[  300.299666]  ____fput+0x1e/0x30
[  300.300695]  task_work_run+0xb6/0x120
[  300.301744]  do_exit+0x547/0x1360
[  300.302700]  ? write_comp_data+0x2f/0x90
[  300.303823]  do_group_exit+0x5e/0xf0
[  300.305106]  get_signal+0x148f/0x1490
[  300.306656]  arch_do_signal_or_restart+0x33/0x280
[  300.307778]  ? arch_do_signal_or_restart+0x9/0x280
[  300.308941]  ? lockdep_hardirqs_on+0x8a/0x110
[  300.309760]  ? syscall_exit_to_user_mode+0x2d/0x60
[  300.310831]  exit_to_user_mode_prepare+0x13b/0x210
[  300.311765]  syscall_exit_to_user_mode+0x2d/0x60
[  300.312919]  do_syscall_64+0x4a/0x90
[  300.313670]  entry_SYSCALL_64_after_hwframe+0x63/0xcd
[  300.314508] RIP: 0033:0x7f374119759d
[  300.315211] RSP: 002b:00007ffc48da0ec8 EFLAGS: 00000246 ORIG_RAX: 000000000000012a
[  300.316683] RAX: 0000000000000003 RBX: 0000000000000000 RCX: 00007f374119759d
[  300.317695] RDX: 0000000000000000 RSI: 0000000000000000 RDI: 0000000020000080
[  300.318711] RBP: 00007ffc48da0ee0 R08: 0000000000000000 R09: 00007ffc48da0ee0
[  300.319722] R10: 00000000ffffffff R11: 0000000000000246 R12: 00000000004011c0
[  300.321046] R13: 00007ffc48da1000 R14: 0000000000000000 R15: 0000000000000000
[  300.322997]  </TASK>
[  300.323498] 
[  300.323498] Showing all locks held in the system:
[  300.324733] 1 lock held by rcu_tasks_kthre/11:
[  300.325463]  #0: ffffffff83b64230 (rcu_tasks.tasks_gp_mutex){+.+.}-{3:3}, at: rcu_tasks_one_gp+0x2d/0x3d0
[  300.327354] 1 lock held by rcu_tasks_rude_/12:
[  300.328392]  #0: ffffffff83b63fb0 (rcu_tasks_rude.tasks_gp_mutex){+.+.}-{3:3}, at: rcu_tasks_one_gp+0x2d/0x3d0
[  300.330313] 1 lock held by rcu_tasks_trace/13:
[  300.331037]  #0: ffffffff83b63cf0 (rcu_tasks_trace.tasks_gp_mutex){+.+.}-{3:3}, at: rcu_tasks_one_gp+0x2d/0x3d0
[  300.333268] 1 lock held by khungtaskd/30:
[  300.333943]  #0: ffffffff83b64c40 (rcu_read_lock){....}-{1:2}, at: debug_show_all_locks+0x27/0x18c
[  300.335784] 2 locks held by repro/586:
[  300.336720]  #0: ffffffff83c223e8 (event_mutex){+.+.}-{3:3}, at: perf_trace_destroy+0x21/0xa0
[  300.338464]  #1: ffffffff83c1e8c8 (ftrace_lock){+.+.}-{3:3}, at: unregister_ftrace_function+0x2b/0x220
[  300.340607] 
[  300.341002] =============================================
[  300.341002] 
[  444.837597] rcu_tasks_wait_gp: rcu_tasks grace period number 9 (since boot) is 100363 jiffies old.
[  447.719870] INFO: task repro:586 blocked for more than 294 seconds.
[  447.721093]       Not tainted 6.1.0-02bf43c7b7f7+ #1
[  447.721867] "echo 0 > /proc/sys/kernel/hung_task_timeout_secs" disables this message.
[  447.722953] task:repro           state:D stack:0     pid:586   ppid:580    flags:0x00004006
[  447.724681] Call Trace:
[  447.725184]  <TASK>
[  447.725904]  __schedule+0x385/0xb00
[  447.726991]  ? usleep_range_state+0xf0/0xf0
[  447.727847]  schedule+0x5b/0xe0
[  447.728833]  schedule_timeout+0x561/0x650
[  447.730008]  ? schedule_timeout+0x9/0x650
[  447.730965]  ? usleep_range_state+0xf0/0xf0
[  447.731813]  __wait_for_common+0x109/0x1f0
[  447.733271]  wait_for_completion+0x28/0x30
[  447.734043]  __wait_rcu_gp+0x136/0x160
[  447.734839]  ? ftrace_kill+0x40/0x40
[  447.735485]  ? ftrace_kill+0x40/0x40
[  447.736602]  synchronize_rcu_tasks_generic.part.24+0x3b/0x60
[  447.737494]  ? call_rcu_tasks_generic+0x320/0x320
[  447.738308]  ? rcu_tasks_pregp_step+0x20/0x20
[  447.739384]  ? verify_cpu+0xa0/0x100
[  447.740517]  synchronize_rcu_tasks_generic+0x2b/0x70
[  447.741413]  synchronize_rcu_tasks+0x19/0x20
[  447.742203]  ftrace_shutdown+0x1d2/0x410
[  447.743250]  unregister_ftrace_function+0x35/0x220
[  447.744428]  ? __sanitizer_cov_trace_switch+0x57/0xa0
[  447.745503]  perf_ftrace_event_register+0x95/0xf0
[  447.746329]  ? perf_tp_event_init+0xa0/0xa0
[  447.747083]  perf_trace_destroy+0x3a/0xa0
[  447.747834]  ? perf_tp_event_init+0xa0/0xa0
[  447.748859]  tp_perf_event_destroy+0x1e/0x30
[  447.749673]  _free_event+0x101/0x800
[  447.750586]  put_event+0x3c/0x50
[  447.751334]  perf_event_release_kernel+0x2de/0x360
[  447.752412]  ? perf_event_release_kernel+0x9/0x360
[  447.753464]  ? perf_event_release_kernel+0x360/0x360
[  447.754401]  perf_release+0x22/0x30
[  447.755131]  __fput+0x11f/0x450
[  447.756427]  ____fput+0x1e/0x30
[  447.757132]  task_work_run+0xb6/0x120
[  447.758102]  do_exit+0x547/0x1360
[  447.758936]  ? write_comp_data+0x2f/0x90
[  447.759959]  do_group_exit+0x5e/0xf0
[  447.761153]  get_signal+0x148f/0x1490
[  447.762578]  arch_do_signal_or_restart+0x33/0x280
[  447.763623]  ? arch_do_signal_or_restart+0x9/0x280
[  447.764730]  ? lockdep_hardirqs_on+0x8a/0x110
[  447.765522]  ? syscall_exit_to_user_mode+0x2d/0x60
[  447.766583]  exit_to_user_mode_prepare+0x13b/0x210
[  447.767502]  syscall_exit_to_user_mode+0x2d/0x60
[  447.768644]  do_syscall_64+0x4a/0x90
[  447.769441]  entry_SYSCALL_64_after_hwframe+0x63/0xcd
[  447.770325] RIP: 0033:0x7f374119759d
[  447.771048] RSP: 002b:00007ffc48da0ec8 EFLAGS: 00000246 ORIG_RAX: 000000000000012a
[  447.772623] RAX: 0000000000000003 RBX: 0000000000000000 RCX: 00007f374119759d
[  447.773670] RDX: 0000000000000000 RSI: 0000000000000000 RDI: 0000000020000080
[  447.774724] RBP: 00007ffc48da0ee0 R08: 0000000000000000 R09: 00007ffc48da0ee0
[  447.775760] R10: 00000000ffffffff R11: 0000000000000246 R12: 00000000004011c0
[  447.777088] R13: 00007ffc48da1000 R14: 0000000000000000 R15: 0000000000000000
[  447.779081]  </TASK>
[  447.779577] 
[  447.779577] Showing all locks held in the system:
[  447.780913] 1 lock held by rcu_tasks_kthre/11:
[  447.781645]  #0: ffffffff83b64230 (rcu_tasks.tasks_gp_mutex){+.+.}-{3:3}, at: rcu_tasks_one_gp+0x2d/0x3d0
[  447.783484] 1 lock held by rcu_tasks_rude_/12:
[  447.784500]  #0: ffffffff83b63fb0 (rcu_tasks_rude.tasks_gp_mutex){+.+.}-{3:3}, at: rcu_tasks_one_gp+0x2d/0x3d0
[  447.786370] 1 lock held by rcu_tasks_trace/13:
[  447.787090]  #0: ffffffff83b63cf0 (rcu_tasks_trace.tasks_gp_mutex){+.+.}-{3:3}, at: rcu_tasks_one_gp+0x2d/0x3d0
[  447.789260] 1 lock held by khungtaskd/30:
[  447.789932]  #0: ffffffff83b64c40 (rcu_read_lock){....}-{1:2}, at: debug_show_all_locks+0x27/0x18c
[  447.791728] 2 locks held by repro/586:
[  447.792650]  #0: ffffffff83c223e8 (event_mutex){+.+.}-{3:3}, at: perf_trace_destroy+0x21/0xa0
[  447.794337]  #1: ffffffff83c1e8c8 (ftrace_lock){+.+.}-{3:3}, at: unregister_ftrace_function+0x2b/0x220
[  447.796543] 
[  447.796954] =============================================
[  447.796954] 
[  595.173973] INFO: task repro:586 blocked for more than 442 seconds.
[  595.174970]       Not tainted 6.1.0-02bf43c7b7f7+ #1
[  595.175760] "echo 0 > /proc/sys/kernel/hung_task_timeout_secs" disables this message.
[  595.177313] task:repro           state:D stack:0     pid:586   ppid:580    flags:0x00004006
[  595.178612] Call Trace:
[  595.179121]  <TASK>
[  595.179845]  __schedule+0x385/0xb00
[  595.181226]  ? usleep_range_state+0xf0/0xf0
[  595.182079]  schedule+0x5b/0xe0
[  595.182774]  schedule_timeout+0x561/0x650
[  595.183977]  ? schedule_timeout+0x9/0x650
[  595.185247]  ? usleep_range_state+0xf0/0xf0
[  595.186098]  __wait_for_common+0x109/0x1f0
[  595.187278]  wait_for_completion+0x28/0x30
[  595.188340]  __wait_rcu_gp+0x136/0x160
[  595.189144]  ? ftrace_kill+0x40/0x40
[  595.189788]  ? ftrace_kill+0x40/0x40
[  595.190516]  synchronize_rcu_tasks_generic.part.24+0x3b/0x60
[  595.191393]  ? call_rcu_tasks_generic+0x320/0x320
[  595.192486]  ? rcu_tasks_pregp_step+0x20/0x20
[  595.193565]  ? verify_cpu+0xa0/0x100
[  595.194383]  synchronize_rcu_tasks_generic+0x2b/0x70
[  595.195274]  synchronize_rcu_tasks+0x19/0x20
[  595.196316]  ftrace_shutdown+0x1d2/0x410
[  595.197353]  unregister_ftrace_function+0x35/0x220
[  595.198267]  ? __sanitizer_cov_trace_switch+0x57/0xa0
[  595.199328]  perf_ftrace_event_register+0x95/0xf0
[  595.200428]  ? perf_tp_event_init+0xa0/0xa0
[  595.201181]  perf_trace_destroy+0x3a/0xa0
[  595.201922]  ? perf_tp_event_init+0xa0/0xa0
[  595.202665]  tp_perf_event_destroy+0x1e/0x30
[  595.203476]  _free_event+0x101/0x800
[  595.204666]  put_event+0x3c/0x50
[  595.205420]  perf_event_release_kernel+0x2de/0x360
[  595.206209]  ? perf_event_release_kernel+0x9/0x360
[  595.207249]  ? perf_event_release_kernel+0x360/0x360
[  595.208467]  perf_release+0x22/0x30
[  595.209203]  __fput+0x11f/0x450
[  595.210233]  ____fput+0x1e/0x30
[  595.210914]  task_work_run+0xb6/0x120
[  595.211903]  do_exit+0x547/0x1360
[  595.213028]  ? write_comp_data+0x2f/0x90
[  595.214065]  do_group_exit+0x5e/0xf0
[  595.214967]  get_signal+0x148f/0x1490
[  595.216675]  arch_do_signal_or_restart+0x33/0x280
[  595.217725]  ? arch_do_signal_or_restart+0x9/0x280
[  595.218548]  ? lockdep_hardirqs_on+0x8a/0x110
[  595.219338]  ? syscall_exit_to_user_mode+0x2d/0x60
[  595.220662]  exit_to_user_mode_prepare+0x13b/0x210
[  595.221610]  syscall_exit_to_user_mode+0x2d/0x60
[  595.222469]  do_syscall_64+0x4a/0x90
[  595.223204]  entry_SYSCALL_64_after_hwframe+0x63/0xcd
[  595.224015] RIP: 0033:0x7f374119759d
[  595.225089] RSP: 002b:00007ffc48da0ec8 EFLAGS: 00000246 ORIG_RAX: 000000000000012a
[  595.226254] RAX: 0000000000000003 RBX: 0000000000000000 RCX: 00007f374119759d
[  595.227261] RDX: 0000000000000000 RSI: 0000000000000000 RDI: 0000000020000080
[  595.228567] RBP: 00007ffc48da0ee0 R08: 0000000000000000 R09: 00007ffc48da0ee0
[  595.229603] R10: 00000000ffffffff R11: 0000000000000246 R12: 00000000004011c0
[  595.230620] R13: 00007ffc48da1000 R14: 0000000000000000 R15: 0000000000000000
[  595.232811]  </TASK>
[  595.233293] 
[  595.233293] Showing all locks held in the system:
[  595.234197] 1 lock held by rcu_tasks_kthre/11:
[  595.234909]  #0: ffffffff83b64230 (rcu_tasks.tasks_gp_mutex){+.+.}-{3:3}, at: rcu_tasks_one_gp+0x2d/0x3d0
[  595.237010] 1 lock held by rcu_tasks_rude_/12:
[  595.237727]  #0: ffffffff83b63fb0 (rcu_tasks_rude.tasks_gp_mutex){+.+.}-{3:3}, at: rcu_tasks_one_gp+0x2d/0x3d0
[  595.239609] 1 lock held by rcu_tasks_trace/13:
[  595.240592]  #0: ffffffff83b63cf0 (rcu_tasks_trace.tasks_gp_mutex){+.+.}-{3:3}, at: rcu_tasks_one_gp+0x2d/0x3d0
[  595.242479] 1 lock held by khungtaskd/30:
[  595.243140]  #0: ffffffff83b64c40 (rcu_read_lock){....}-{1:2}, at: debug_show_all_locks+0x27/0x18c
[  595.245209] 2 locks held by repro/586:
[  595.245854]  #0: ffffffff83c223e8 (event_mutex){+.+.}-{3:3}, at: perf_trace_destroy+0x21/0xa0
[  595.247571]  #1: ffffffff83c1e8c8 (ftrace_lock){+.+.}-{3:3}, at: unregister_ftrace_function+0x2b/0x220
[  595.249673] 1 lock held by repro/591:
[  595.250305] 
[  595.250689] =============================================
[  595.250689] 
[  643.496975] INFO: rcu_tasks detected stalls on tasks:
[  643.498063] 000000008aaceb95: .. nvcsw: 1/1 holdout: 1 idle_cpu: -1/0
[  643.499583] task:repro           state:R  running task     stack:0     pid:592   ppid:585    flags:0x00004004
[  643.502911] Call Trace:
[  643.503726]  <TASK>
[  643.505120]  __schedule+0x385/0xb00
[  643.506617]  ? __cond_resched+0x25/0x30
[  643.508003]  preempt_schedule_common+0x11/0x90
[  643.509799]  __cond_resched+0x25/0x30
[  643.510971]  mousedev_write+0xd2/0x3d0
[  643.513150]  vfs_write+0x1b6/0x780
[  643.514324]  ? mousedev_fasync+0x40/0x40
[  643.515849]  ? vfs_write+0x9/0x780
[  643.517334]  ? write_comp_data+0x2f/0x90
[  643.518894]  ksys_write+0x153/0x170
[  643.520760]  __x64_sys_write+0x27/0x30
[  643.522102]  do_syscall_64+0x3b/0x90
[  643.523336]  entry_SYSCALL_64_after_hwframe+0x63/0xcd
[  643.525121] RIP: 0033:0x7f374119759d
[  643.526224] RSP: 002b:00007ffc48da0ec8 EFLAGS: 00000217 ORIG_RAX: 0000000000000001
[  643.528619] RAX: ffffffffffffffda RBX: 0000000000000000 RCX: 00007f374119759d
[  643.530466] RDX: 00000000fffffff3 RSI: 00000000200004c0 RDI: 0000000000000004
[  643.532609] RBP: 00007ffc48da0ee0 R08: 00007ffc48da0ee0 R09: 00007ffc48da0ee0
[  643.534428] R10: 000000000000000f R11: 0000000000000217 R12: 00000000004011c0
[  643.536554] R13: 00007ffc48da1000 R14: 0000000000000000 R15: 0000000000000000
[  643.539460]  </TASK>
[  643.709090] 0000000002c8b692: .. nvcsw: 1/1 holdout: 1 idle_cpu: -1/1
[  643.710809] task:repro           state:R  running task     stack:0     pid:591   ppid:582    flags:0x00004004
[  643.713808] Call Trace:
[  643.714603]  <TASK>
[  643.715629]  __schedule+0x385/0xb00
[  643.717641]  ? write_comp_data+0x2f/0x90
[  643.719074]  ? _raw_spin_lock_irq+0x52/0x70
[  643.720830]  preempt_schedule_common+0x11/0x90
[  643.722263]  __cond_resched+0x25/0x30
[  643.723449]  mousedev_write+0xd2/0x3d0
[  643.725382]  vfs_write+0x1b6/0x780
[  643.726530]  ? mousedev_fasync+0x40/0x40
[  643.728468]  ? vfs_write+0x9/0x780
[  643.729646]  ? write_comp_data+0x2f/0x90
[  643.731151]  ksys_write+0x153/0x170
[  643.733024]  __x64_sys_write+0x27/0x30
[  643.734259]  do_syscall_64+0x3b/0x90
[  643.735379]  entry_SYSCALL_64_after_hwframe+0x63/0xcd
[  643.737096] RIP: 0033:0x7f374119759d
[  643.738194] RSP: 002b:00007ffc48da0ec8 EFLAGS: 00000217 ORIG_RAX: 0000000000000001
[  643.740623] RAX: ffffffffffffffda RBX: 0000000000000000 RCX: 00007f374119759d
[  643.742379] RDX: 00000000fffffff3 RSI: 00000000200004c0 RDI: 0000000000000004
[  643.744518] RBP: 00007ffc48da0ee0 R08: 00007ffc48da0ee0 R09: 00007ffc48da0ee0
[  643.746422] R10: 000000000000000f R11: 0000000000000217 R12: 00000000004011c0
[  643.748799] R13: 00007ffc48da1000 R14: 0000000000000000 R15: 0000000000000000
[  643.751578]  </TASK>
[  643.932768] 00000000e00c5315: .. nvcsw: 1/1 holdout: 1 idle_cpu: -1/1
[  643.934528] task:repro           state:R  running task     stack:0     pid:590   ppid:581    flags:0x00004004
[  643.937522] Call Trace:
[  643.938406]  <TASK>
[  643.939275]  ? rcu_read_lock_sched_held+0x29/0x80
[  643.941105]  __schedule+0x385/0xb00
[  643.942682]  ? __cond_resched+0x25/0x30
[  643.944502]  preempt_schedule_common+0x11/0x90
[  643.945871]  __cond_resched+0x25/0x30
[  643.947029]  mousedev_write+0xd2/0x3d0
[  643.949029]  vfs_write+0x1b6/0x780
[  643.950173]  ? mousedev_fasync+0x40/0x40
[  643.951619]  ? vfs_write+0x9/0x780
[  643.953120]  ? write_comp_data+0x2f/0x90
[  643.954721]  ksys_write+0x153/0x170
[  643.956564]  __x64_sys_write+0x27/0x30
[  643.957539]  do_syscall_64+0x3b/0x90
[  643.958550]  entry_SYSCALL_64_after_hwframe+0x63/0xcd
[  643.959582] RIP: 0033:0x7f374119759d
[  643.960777] RSP: 002b:00007ffc48da0ec8 EFLAGS: 00000217 ORIG_RAX: 0000000000000001
[  643.962246] RAX: ffffffffffffffda RBX: 0000000000000000 RCX: 00007f374119759d
[  643.963474] RDX: 00000000fffffff3 RSI: 00000000200004c0 RDI: 0000000000000004
[  643.965102] RBP: 00007ffc48da0ee0 R08: 00007ffc48da0ee0 R09: 00007ffc48da0ee0
[  643.966386] R10: 000000000000000f R11: 0000000000000217 R12: 00000000004011c0
[  643.967649] R13: 00007ffc48da1000 R14: 0000000000000000 R15: 0000000000000000
[  643.970355]  </TASK>
[  644.151298] 00000000d1014588: .. nvcsw: 1/1 holdout: 1 idle_cpu: -1/0
[  644.152957] task:repro           state:R  running task     stack:0     pid:589   ppid:578    flags:0x00004004
[  644.154996] Call Trace:
[  644.155646]  <TASK>
[  644.156955]  __schedule+0x385/0xb00
[  644.158278]  ? __cond_resched+0x25/0x30
[  644.159452]  preempt_schedule_common+0x11/0x90
[  644.160929]  __cond_resched+0x25/0x30
[  644.161895]  mousedev_write+0xd2/0x3d0
[  644.163250]  vfs_write+0x1b6/0x780
[  644.164689]  ? mousedev_fasync+0x40/0x40
[  644.165998]  ? vfs_write+0x9/0x780
[  644.166912]  ? write_comp_data+0x2f/0x90
[  644.168598]  ksys_write+0x153/0x170
[  644.169894]  __x64_sys_write+0x27/0x30
[  644.170886]  do_syscall_64+0x3b/0x90
[  644.171885]  entry_SYSCALL_64_after_hwframe+0x63/0xcd
[  644.173350] RIP: 0033:0x7f374119759d
[  644.174267] RSP: 002b:00007ffc48da0ec8 EFLAGS: 00000217 ORIG_RAX: 0000000000000001
[  644.175774] RAX: ffffffffffffffda RBX: 0000000000000000 RCX: 00007f374119759d
[  644.177435] RDX: 00000000fffffff3 RSI: 00000000200004c0 RDI: 0000000000000004
[  644.178767] RBP: 00007ffc48da0ee0 R08: 00007ffc48da0ee0 R09: 00007ffc48da0ee0
[  644.180449] R10: 000000000000000f R11: 0000000000000217 R12: 00000000004011c0
[  644.181777] R13: 00007ffc48da1000 R14: 0000000000000000 R15: 0000000000000000
[  644.184544]  </TASK>
[  644.321763] 00000000da1e78e0: .. nvcsw: 1/1 holdout: 1 idle_cpu: -1/1
[  644.323027] task:repro           state:R  running task     stack:0     pid:588   ppid:583    flags:0x00004004
[  644.325511] Call Trace:
[  644.326176]  <TASK>
[  644.327048]  __schedule+0x385/0xb00
[  644.328685]  ? __cond_resched+0x25/0x30
[  644.329605]  ? __might_fault+0x64/0xe0
[  644.330550]  ? __might_fault+0xcd/0xe0
[  644.331525]  ? _raw_spin_unlock_irq+0x1e/0x60
[  644.332839]  ? __cond_resched+0x25/0x30
[  644.333743]  ? mousedev_write+0xd2/0x3d0
[  644.335050]  ? vfs_write+0x1b6/0x780
[  644.335944]  ? mousedev_fasync+0x40/0x40
[  644.337535]  ? vfs_write+0x9/0x780
[  644.338391]  ? write_comp_data+0x2f/0x90
[  644.339660]  ? ksys_write+0x153/0x170
[  644.341255]  ? __x64_sys_write+0x27/0x30
[  644.342225]  ? do_syscall_64+0x3b/0x90
[  644.343159]  ? entry_SYSCALL_64_after_hwframe+0x63/0xcd
[  644.345730]  </TASK>
[  644.436513] 00000000f8de6478: .. nvcsw: 1/1 holdout: 1 idle_cpu: -1/0
[  644.437728] task:repro           state:R  running task     stack:0     pid:587   ppid:584    flags:0x00004004
[  644.439775] Call Trace:
[  644.440787]  <TASK>
[  644.441652]  __schedule+0x385/0xb00
[  644.442863]  ? __cond_resched+0x25/0x30
[  644.443939]  preempt_schedule_common+0x11/0x90
[  644.445318]  __cond_resched+0x25/0x30
[  644.446210]  mousedev_write+0xd2/0x3d0
[  644.447502]  vfs_write+0x1b6/0x780
[  644.448703]  ? mousedev_fasync+0x40/0x40
[  644.449901]  ? vfs_write+0x9/0x780
[  644.450773]  ? write_comp_data+0x2f/0x90
[  644.451995]  ksys_write+0x153/0x170
[  644.453580]  __x64_sys_write+0x27/0x30
[  644.454541]  do_syscall_64+0x3b/0x90
[  644.455474]  entry_SYSCALL_64_after_hwframe+0x63/0xcd
[  644.456841] RIP: 0033:0x7f374119759d
[  644.457669] RSP: 002b:00007ffc48da0ec8 EFLAGS: 00000217 ORIG_RAX: 0000000000000001
[  644.459100] RAX: ffffffffffffffda RBX: 0000000000000000 RCX: 00007f374119759d
[  644.460701] RDX: 00000000fffffff3 RSI: 00000000200004c0 RDI: 0000000000000004
[  644.461965] RBP: 00007ffc48da0ee0 R08: 00007ffc48da0ee0 R09: 00007ffc48da0ee0
[  644.463220] R10: 000000000000000f R11: 0000000000000217 R12: 00000000004011c0
[  644.465049] R13: 00007ffc48da1000 R14: 0000000000000000 R15: 0000000000000000
[  644.467372]  </TASK>
[  644.599625] 0000000072cd2de2: .. nvcsw: 1/1 holdout: 1 idle_cpu: -1/1
[  644.601314] task:repro           state:R  running task     stack:0     pid:579   ppid:577    flags:0x00004004
[  644.603261] Call Trace:
[  644.603954]  <TASK>
[  644.605243]  __schedule+0x385/0xb00
[  644.606484]  ? __cond_resched+0x25/0x30
[  644.607628]  preempt_schedule_common+0x11/0x90
[  644.608980]  ? _raw_spin_unlock_irq+0x26/0x60
[  644.609985]  ? mousedev_write+0xba/0x3d0
[  644.611272]  ? vfs_write+0x1b6/0x780
[  644.612674]  ? mousedev_fasync+0x40/0x40
[  644.613897]  ? vfs_write+0x9/0x780
[  644.614743]  ? write_comp_data+0x2f/0x90
[  644.615968]  ? ksys_write+0x153/0x170
[  644.617615]  ? __x64_sys_write+0x27/0x30
[  644.618598]  ? do_syscall_64+0x3b/0x90
[  644.619535]  ? entry_SYSCALL_64_after_hwframe+0x63/0xcd
[  644.621983]  </TASK>
[  742.636851] INFO: task repro:586 blocked for more than 589 seconds.
[  742.637783]       Not tainted 6.1.0-02bf43c7b7f7+ #1
[  742.638483] "echo 0 > /proc/sys/kernel/hung_task_timeout_secs" disables this message.
[  742.639457] task:repro           state:D stack:0     pid:586   ppid:580    flags:0x00004006
[  742.641031] Call Trace:
[  742.641493]  <TASK>
[  742.642167]  __schedule+0x385/0xb00
[  742.643196]  ? usleep_range_state+0xf0/0xf0
[  742.644012]  schedule+0x5b/0xe0
[  742.644964]  schedule_timeout+0x561/0x650
[  742.646100]  ? schedule_timeout+0x9/0x650
[  742.647021]  ? usleep_range_state+0xf0/0xf0
[  742.647834]  __wait_for_common+0x109/0x1f0
[  742.649239]  wait_for_completion+0x28/0x30
[  742.649961]  __wait_rcu_gp+0x136/0x160
[  742.650742]  ? ftrace_kill+0x40/0x40
[  742.651366]  ? ftrace_kill+0x40/0x40
[  742.652340]  synchronize_rcu_tasks_generic.part.24+0x3b/0x60
[  742.653182]  ? call_rcu_tasks_generic+0x320/0x320
[  742.653955]  ? rcu_tasks_pregp_step+0x20/0x20
[  742.654988]  ? verify_cpu+0xa0/0x100
[  742.655791]  synchronize_rcu_tasks_generic+0x2b/0x70
[  742.656929]  synchronize_rcu_tasks+0x19/0x20
[  742.657666]  ftrace_shutdown+0x1d2/0x410
[  742.658655]  unregister_ftrace_function+0x35/0x220
[  742.659523]  ? __sanitizer_cov_trace_switch+0x57/0xa0
[  742.660816]  perf_ftrace_event_register+0x95/0xf0
[  742.661607]  ? perf_tp_event_init+0xa0/0xa0
[  742.662316]  perf_trace_destroy+0x3a/0xa0
[  742.663021]  ? perf_tp_event_init+0xa0/0xa0
[  742.663734]  tp_perf_event_destroy+0x1e/0x30
[  742.664785]  _free_event+0x101/0x800
[  742.665677]  put_event+0x3c/0x50
[  742.666394]  perf_event_release_kernel+0x2de/0x360
[  742.667139]  ? perf_event_release_kernel+0x9/0x360
[  742.668399]  ? perf_event_release_kernel+0x360/0x360
[  742.669270]  perf_release+0x22/0x30
[  742.669948]  __fput+0x11f/0x450
[  742.670920]  ____fput+0x1e/0x30
[  742.671553]  task_work_run+0xb6/0x120
[  742.672737]  do_exit+0x547/0x1360
[  742.673539]  ? write_comp_data+0x2f/0x90
[  742.674522]  do_group_exit+0x5e/0xf0
[  742.675400]  get_signal+0x148f/0x1490
[  742.677060]  arch_do_signal_or_restart+0x33/0x280
[  742.678054]  ? arch_do_signal_or_restart+0x9/0x280
[  742.678835]  ? lockdep_hardirqs_on+0x8a/0x110
[  742.679581]  ? syscall_exit_to_user_mode+0x2d/0x60
[  742.680827]  exit_to_user_mode_prepare+0x13b/0x210
[  742.681682]  syscall_exit_to_user_mode+0x2d/0x60
[  742.682469]  do_syscall_64+0x4a/0x90
[  742.683146]  entry_SYSCALL_64_after_hwframe+0x63/0xcd
[  742.683896] RIP: 0033:0x7f374119759d
[  742.684789] RSP: 002b:00007ffc48da0ec8 EFLAGS: 00000246 ORIG_RAX: 000000000000012a
[  742.685855] RAX: 0000000000000003 RBX: 0000000000000000 RCX: 00007f374119759d
[  742.686773] RDX: 0000000000000000 RSI: 0000000000000000 RDI: 0000000020000080
[  742.687701] RBP: 00007ffc48da0ee0 R08: 0000000000000000 R09: 00007ffc48da0ee0
[  742.688890] R10: 00000000ffffffff R11: 0000000000000246 R12: 00000000004011c0
[  742.689815] R13: 00007ffc48da1000 R14: 0000000000000000 R15: 0000000000000000
[  742.691608]  </TASK>
[  742.692324] 
[  742.692324] Showing all locks held in the system:
[  742.693196] 1 lock held by rcu_tasks_kthre/11:
[  742.693872]  #0: ffffffff83b64230 (rcu_tasks.tasks_gp_mutex){+.+.}-{3:3}, at: rcu_tasks_one_gp+0x2d/0x3d0
[  742.695569] 1 lock held by rcu_tasks_rude_/12:
[  742.696496]  #0: ffffffff83b63fb0 (rcu_tasks_rude.tasks_gp_mutex){+.+.}-{3:3}, at: rcu_tasks_one_gp+0x2d/0x3d0
[  742.698233] 1 lock held by rcu_tasks_trace/13:
[  742.698895]  #0: ffffffff83b63cf0 (rcu_tasks_trace.tasks_gp_mutex){+.+.}-{3:3}, at: rcu_tasks_one_gp+0x2d/0x3d0
[  742.700950] 1 lock held by khungtaskd/30:
[  742.701590]  #0: ffffffff83b64c40 (rcu_read_lock){....}-{1:2}, at: debug_show_all_locks+0x27/0x18c
[  742.703327] 2 locks held by repro/586:
[  742.703935]  #0: ffffffff83c223e8 (event_mutex){+.+.}-{3:3}, at: perf_trace_destroy+0x21/0xa0
[  742.705850]  #1: ffffffff83c1e8c8 (ftrace_lock){+.+.}-{3:3}, at: unregister_ftrace_function+0x2b/0x220
[  742.707571] 
[  742.707949] =============================================
[  742.707949] 
[  890.094328] INFO: task repro:586 blocked for more than 737 seconds.
[  890.095243]       Not tainted 6.1.0-02bf43c7b7f7+ #1
[  890.095953] "echo 0 > /proc/sys/kernel/hung_task_timeout_secs" disables this message.
[  890.097404] task:repro           state:D stack:0     pid:586   ppid:580    flags:0x00004006
[  890.098635] Call Trace:
[  890.099111]  <TASK>
[  890.099797]  __schedule+0x385/0xb00
[  890.101103]  ? usleep_range_state+0xf0/0xf0
[  890.101913]  schedule+0x5b/0xe0
[  890.102572]  schedule_timeout+0x561/0x650
[  890.103695]  ? schedule_timeout+0x9/0x650
[  890.104883]  ? usleep_range_state+0xf0/0xf0
[  890.105690]  __wait_for_common+0x109/0x1f0
[  890.106817]  wait_for_completion+0x28/0x30
[  890.107535]  __wait_rcu_gp+0x136/0x160
[  890.108574]  ? ftrace_kill+0x40/0x40
[  890.109204]  ? ftrace_kill+0x40/0x40
[  890.109921]  synchronize_rcu_tasks_generic.part.24+0x3b/0x60
[  890.110784]  ? call_rcu_tasks_generic+0x320/0x320
[  890.111569]  ? rcu_tasks_pregp_step+0x20/0x20
[  890.112835]  ? verify_cpu+0xa0/0x100
[  890.113620]  synchronize_rcu_tasks_generic+0x2b/0x70
[  890.114465]  synchronize_rcu_tasks+0x19/0x20
[  890.115193]  ftrace_shutdown+0x1d2/0x410
[  890.116430]  unregister_ftrace_function+0x35/0x220
[  890.117297]  ? __sanitizer_cov_trace_switch+0x57/0xa0
[  890.118286]  perf_ftrace_event_register+0x95/0xf0
[  890.119054]  ? perf_tp_event_init+0xa0/0xa0
[  890.119749]  perf_trace_destroy+0x3a/0xa0
[  890.120711]  ? perf_tp_event_init+0xa0/0xa0
[  890.121406]  tp_perf_event_destroy+0x1e/0x30
[  890.122158]  _free_event+0x101/0x800
[  890.123006]  put_event+0x3c/0x50
[  890.123697]  perf_event_release_kernel+0x2de/0x360
[  890.124695]  ? perf_event_release_kernel+0x9/0x360
[  890.125673]  ? perf_event_release_kernel+0x360/0x360
[  890.126564]  perf_release+0x22/0x30
[  890.127260]  __fput+0x11f/0x450
[  890.128510]  ____fput+0x1e/0x30
[  890.129168]  task_work_run+0xb6/0x120
[  890.130087]  do_exit+0x547/0x1360
[  890.130882]  ? write_comp_data+0x2f/0x90
[  890.131859]  do_group_exit+0x5e/0xf0
[  890.132992]  get_signal+0x148f/0x1490
[  890.134386]  arch_do_signal_or_restart+0x33/0x280
[  890.135372]  ? arch_do_signal_or_restart+0x9/0x280
[  890.136431]  ? lockdep_hardirqs_on+0x8a/0x110
[  890.137181]  ? syscall_exit_to_user_mode+0x2d/0x60
[  890.138176]  exit_to_user_mode_prepare+0x13b/0x210
[  890.139054]  syscall_exit_to_user_mode+0x2d/0x60
[  890.139869]  do_syscall_64+0x4a/0x90
[  890.140848]  entry_SYSCALL_64_after_hwframe+0x63/0xcd
[  890.141623] RIP: 0033:0x7f374119759d
[  890.142269] RSP: 002b:00007ffc48da0ec8 EFLAGS: 00000246 ORIG_RAX: 000000000000012a
[  890.143380] RAX: 0000000000000003 RBX: 0000000000000000 RCX: 00007f374119759d
[  890.144612] RDX: 0000000000000000 RSI: 0000000000000000 RDI: 0000000020000080
[  890.145572] RBP: 00007ffc48da0ee0 R08: 0000000000000000 R09: 00007ffc48da0ee0
[  890.146536] R10: 00000000ffffffff R11: 0000000000000246 R12: 00000000004011c0
[  890.147497] R13: 00007ffc48da1000 R14: 0000000000000000 R15: 0000000000000000
[  890.149596]  </TASK>
[  890.150047] 
[  890.150047] Showing all locks held in the system:
[  890.150913] 1 lock held by rcu_tasks_kthre/11:
[  890.151592]  #0: ffffffff83b64230 (rcu_tasks.tasks_gp_mutex){+.+.}-{3:3}, at: rcu_tasks_one_gp+0x2d/0x3d0
[  890.153599] 1 lock held by rcu_tasks_rude_/12:
[  890.154279]  #0: ffffffff83b63fb0 (rcu_tasks_rude.tasks_gp_mutex){+.+.}-{3:3}, at: rcu_tasks_one_gp+0x2d/0x3d0
[  890.156331] 1 lock held by rcu_tasks_trace/13:
[  890.157013]  #0: ffffffff83b63cf0 (rcu_tasks_trace.tasks_gp_mutex){+.+.}-{3:3}, at: rcu_tasks_one_gp+0x2d/0x3d0
[  890.158814] 1 lock held by khungtaskd/30:
[  890.159444]  #0: ffffffff83b64c40 (rcu_read_lock){....}-{1:2}, at: debug_show_all_locks+0x27/0x18c
[  890.161405] 2 locks held by repro/586:
[  890.162017]  #0: ffffffff83c223e8 (event_mutex){+.+.}-{3:3}, at: perf_trace_destroy+0x21/0xa0
[  890.163652]  #1: ffffffff83c1e8c8 (ftrace_lock){+.+.}-{3:3}, at: unregister_ftrace_function+0x2b/0x220
[  890.165709] 
[  890.166083] =============================================
[  890.166083] 
[ 1009.468759] hrtimer: interrupt took 9768139 ns
[ 1037.544342] INFO: task repro:586 blocked for more than 884 seconds.
[ 1037.545388]       Not tainted 6.1.0-02bf43c7b7f7+ #1
[ 1037.546197] "echo 0 > /proc/sys/kernel/hung_task_timeout_secs" disables this message.
[ 1037.547325] task:repro           state:D stack:0     pid:586   ppid:580    flags:0x00004006
[ 1037.549124] Call Trace:
[ 1037.549662]  <TASK>
[ 1037.550407]  __schedule+0x385/0xb00
[ 1037.551543]  ? usleep_range_state+0xf0/0xf0
[ 1037.552718]  schedule+0x5b/0xe0
[ 1037.553442]  schedule_timeout+0x561/0x650
[ 1037.554663]  ? schedule_timeout+0x9/0x650
[ 1037.555664]  ? usleep_range_state+0xf0/0xf0
[ 1037.557093]  __wait_for_common+0x109/0x1f0
[ 1037.558327]  wait_for_completion+0x28/0x30
[ 1037.559110]  __wait_rcu_gp+0x136/0x160
[ 1037.559959]  ? ftrace_kill+0x40/0x40
[ 1037.560941]  ? ftrace_kill+0x40/0x40
[ 1037.561705]  synchronize_rcu_tasks_generic.part.24+0x3b/0x60
[ 1037.562625]  ? call_rcu_tasks_generic+0x320/0x320
[ 1037.563481]  ? rcu_tasks_pregp_step+0x20/0x20
[ 1037.564885]  ? verify_cpu+0xa0/0x100
[ 1037.565768]  synchronize_rcu_tasks_generic+0x2b/0x70
[ 1037.566705]  synchronize_rcu_tasks+0x19/0x20
[ 1037.567534]  ftrace_shutdown+0x1d2/0x410
[ 1037.568893]  unregister_ftrace_function+0x35/0x220
[ 1037.569848]  ? __sanitizer_cov_trace_switch+0x57/0xa0
[ 1037.570960]  perf_ftrace_event_register+0x95/0xf0
[ 1037.571846]  ? perf_tp_event_init+0xa0/0xa0
[ 1037.572921]  perf_trace_destroy+0x3a/0xa0
[ 1037.573705]  ? perf_tp_event_init+0xa0/0xa0
[ 1037.574491]  tp_perf_event_destroy+0x1e/0x30
[ 1037.575339]  _free_event+0x101/0x800
[ 1037.576597]  put_event+0x3c/0x50
[ 1037.577400]  perf_event_release_kernel+0x2de/0x360
[ 1037.578229]  ? perf_event_release_kernel+0x9/0x360
[ 1037.579314]  ? perf_event_release_kernel+0x360/0x360
[ 1037.580585]  perf_release+0x22/0x30
[ 1037.581357]  __fput+0x11f/0x450
[ 1037.582444]  ____fput+0x1e/0x30
[ 1037.583161]  task_work_run+0xb6/0x120
[ 1037.584628]  do_exit+0x547/0x1360
[ 1037.585522]  ? write_comp_data+0x2f/0x90
[ 1037.586586]  do_group_exit+0x5e/0xf0
[ 1037.587542]  get_signal+0x148f/0x1490
[ 1037.589316]  arch_do_signal_or_restart+0x33/0x280
[ 1037.590404]  ? arch_do_signal_or_restart+0x9/0x280
[ 1037.591275]  ? lockdep_hardirqs_on+0x8a/0x110
[ 1037.592382]  ? syscall_exit_to_user_mode+0x2d/0x60
[ 1037.593479]  exit_to_user_mode_prepare+0x13b/0x210
[ 1037.594440]  syscall_exit_to_user_mode+0x2d/0x60
[ 1037.595331]  do_syscall_64+0x4a/0x90
[ 1037.596379]  entry_SYSCALL_64_after_hwframe+0x63/0xcd
[ 1037.597251] RIP: 0033:0x7f374119759d
[ 1037.597961] RSP: 002b:00007ffc48da0ec8 EFLAGS: 00000246 ORIG_RAX: 000000000000012a
[ 1037.599183] RAX: 0000000000000003 RBX: 0000000000000000 RCX: 00007f374119759d
[ 1037.600526] RDX: 0000000000000000 RSI: 0000000000000000 RDI: 0000000020000080
[ 1037.601588] RBP: 00007ffc48da0ee0 R08: 0000000000000000 R09: 00007ffc48da0ee0
[ 1037.602645] R10: 00000000ffffffff R11: 0000000000000246 R12: 00000000004011c0
[ 1037.603728] R13: 00007ffc48da1000 R14: 0000000000000000 R15: 0000000000000000
[ 1037.606039]  </TASK>
[ 1037.606570] 
[ 1037.606570] Showing all locks held in the system:
[ 1037.607555] 1 lock held by rcu_tasks_kthre/11:
[ 1037.608627]  #0: ffffffff83b64230 (rcu_tasks.tasks_gp_mutex){+.+.}-{3:3}, at: rcu_tasks_one_gp+0x2d/0x3d0
[ 1037.610556] 1 lock held by rcu_tasks_rude_/12:
[ 1037.611311]  #0: ffffffff83b63fb0 (rcu_tasks_rude.tasks_gp_mutex){+.+.}-{3:3}, at: rcu_tasks_one_gp+0x2d/0x3d0
[ 1037.613601] 1 lock held by rcu_tasks_trace/13:
[ 1037.614361]  #0: ffffffff83b63cf0 (rcu_tasks_trace.tasks_gp_mutex){+.+.}-{3:3}, at: rcu_tasks_one_gp+0x2d/0x3d0
[ 1037.616663] 1 lock held by khungtaskd/30:
[ 1037.617373]  #0: ffffffff83b64c40 (rcu_read_lock){....}-{1:2}, at: debug_show_all_locks+0x27/0x18c
[ 1037.619288] 2 locks held by repro/586:
[ 1037.619976]  #0: ffffffff83c223e8 (event_mutex){+.+.}-{3:3}, at: perf_trace_destroy+0x21/0xa0
[ 1037.622126]  #1: ffffffff83c1e8c8 (ftrace_lock){+.+.}-{3:3}, at: unregister_ftrace_function+0x2b/0x220
[ 1037.624024] 
[ 1037.625158] =============================================
[ 1037.625158] 
[ 1185.000037] INFO: task repro:586 blocked for more than 1032 seconds.
[ 1185.001335]       Not tainted 6.1.0-02bf43c7b7f7+ #1
[ 1185.002136] "echo 0 > /proc/sys/kernel/hung_task_timeout_secs" disables this message.
[ 1185.003264] task:repro           state:D stack:0     pid:586   ppid:580    flags:0x00004006
[ 1185.005302] Call Trace:
[ 1185.005846]  <TASK>
[ 1185.006586]  __schedule+0x385/0xb00
[ 1185.007710]  ? usleep_range_state+0xf0/0xf0
[ 1185.008883]  schedule+0x5b/0xe0
[ 1185.009614]  schedule_timeout+0x561/0x650
[ 1185.010833]  ? schedule_timeout+0x9/0x650
[ 1185.011825]  ? usleep_range_state+0xf0/0xf0
[ 1185.013004]  __wait_for_common+0x109/0x1f0
[ 1185.014229]  wait_for_completion+0x28/0x30
[ 1185.015020]  __wait_rcu_gp+0x136/0x160
[ 1185.015855]  ? ftrace_kill+0x40/0x40
[ 1185.016822]  ? ftrace_kill+0x40/0x40
[ 1185.017584]  synchronize_rcu_tasks_generic.part.24+0x3b/0x60
[ 1185.018502]  ? call_rcu_tasks_generic+0x320/0x320
[ 1185.019348]  ? rcu_tasks_pregp_step+0x20/0x20
[ 1185.020754]  ? verify_cpu+0xa0/0x100
[ 1185.021625]  synchronize_rcu_tasks_generic+0x2b/0x70
[ 1185.022573]  synchronize_rcu_tasks+0x19/0x20
[ 1185.023390]  ftrace_shutdown+0x1d2/0x410
[ 1185.024851]  unregister_ftrace_function+0x35/0x220
[ 1185.025808]  ? __sanitizer_cov_trace_switch+0x57/0xa0
[ 1185.026918]  perf_ftrace_event_register+0x95/0xf0
[ 1185.027782]  ? perf_tp_event_init+0xa0/0xa0
[ 1185.028852]  perf_trace_destroy+0x3a/0xa0
[ 1185.029634]  ? perf_tp_event_init+0xa0/0xa0
[ 1185.030421]  tp_perf_event_destroy+0x1e/0x30
[ 1185.031274]  _free_event+0x101/0x800
[ 1185.032505]  put_event+0x3c/0x50
[ 1185.033301]  perf_event_release_kernel+0x2de/0x360
[ 1185.034133]  ? perf_event_release_kernel+0x9/0x360
[ 1185.035213]  ? perf_event_release_kernel+0x360/0x360
[ 1185.036487]  perf_release+0x22/0x30
[ 1185.037262]  __fput+0x11f/0x450
[ 1185.038327]  ____fput+0x1e/0x30
[ 1185.039042]  task_work_run+0xb6/0x120
[ 1185.040332]  do_exit+0x547/0x1360
[ 1185.041218]  ? write_comp_data+0x2f/0x90
[ 1185.042309]  do_group_exit+0x5e/0xf0
[ 1185.043249]  get_signal+0x148f/0x1490
[ 1185.045036]  arch_do_signal_or_restart+0x33/0x280
[ 1185.046133]  ? arch_do_signal_or_restart+0x9/0x280
[ 1185.047000]  ? lockdep_hardirqs_on+0x8a/0x110
[ 1185.047823]  ? syscall_exit_to_user_mode+0x2d/0x60
[ 1185.049207]  exit_to_user_mode_prepare+0x13b/0x210
[ 1185.050174]  syscall_exit_to_user_mode+0x2d/0x60
[ 1185.051069]  do_syscall_64+0x4a/0x90
[ 1185.051835]  entry_SYSCALL_64_after_hwframe+0x63/0xcd
[ 1185.052982] RIP: 0033:0x7f374119759d
[ 1185.053690] RSP: 002b:00007ffc48da0ec8 EFLAGS: 00000246 ORIG_RAX: 000000000000012a
[ 1185.054911] RAX: 0000000000000003 RBX: 0000000000000000 RCX: 00007f374119759d
[ 1185.055969] RDX: 0000000000000000 RSI: 0000000000000000 RDI: 0000000020000080
[ 1185.057331] RBP: 00007ffc48da0ee0 R08: 0000000000000000 R09: 00007ffc48da0ee0
[ 1185.058390] R10: 00000000ffffffff R11: 0000000000000246 R12: 00000000004011c0
[ 1185.059442] R13: 00007ffc48da1000 R14: 0000000000000000 R15: 0000000000000000
[ 1185.061704]  </TASK>
[ 1185.062209] 
[ 1185.062209] Showing all locks held in the system:
[ 1185.063166] 1 lock held by rcu_tasks_kthre/11:
[ 1185.063916]  #0: ffffffff83b64230 (rcu_tasks.tasks_gp_mutex){+.+.}-{3:3}, at: rcu_tasks_one_gp+0x2d/0x3d0
[ 1185.066116] 1 lock held by rcu_tasks_rude_/12:
[ 1185.066871]  #0: ffffffff83b63fb0 (rcu_tasks_rude.tasks_gp_mutex){+.+.}-{3:3}, at: rcu_tasks_one_gp+0x2d/0x3d0
[ 1185.069105] 1 lock held by rcu_tasks_trace/13:
[ 1185.069862]  #0: ffffffff83b63cf0 (rcu_tasks_trace.tasks_gp_mutex){+.+.}-{3:3}, at: rcu_tasks_one_gp+0x2d/0x3d0
[ 1185.071824] 1 lock held by khungtaskd/30:
[ 1185.072809]  #0: ffffffff83b64c40 (rcu_read_lock){....}-{1:2}, at: debug_show_all_locks+0x27/0x18c
[ 1185.074682] 1 lock held by repro/579:
[ 1185.075350] 2 locks held by repro/586:
[ 1185.076013]  #0: ffffffff83c223e8 (event_mutex){+.+.}-{3:3}, at: perf_trace_destroy+0x21/0xa0
[ 1185.078103]  #1: ffffffff83c1e8c8 (ftrace_lock){+.+.}-{3:3}, at: unregister_ftrace_function+0x2b/0x220
[ 1185.079982] 
[ 1185.080703] =============================================
[ 1185.080703] 
[ 1243.719817] INFO: rcu_tasks detected stalls on tasks:
[ 1243.720952] 000000008aaceb95: .. nvcsw: 1/1 holdout: 1 idle_cpu: -1/0
[ 1243.721915] task:repro           state:R  running task     stack:0     pid:592   ppid:585    flags:0x00004004
[ 1243.723486] Call Trace:
[ 1243.723996]  <TASK>
[ 1243.725204]  __schedule+0x385/0xb00
[ 1243.726212]  ? __cond_resched+0x25/0x30
[ 1243.727108]  preempt_schedule_common+0x11/0x90
[ 1243.727964]  __cond_resched+0x25/0x30
[ 1243.729076]  mousedev_write+0xd2/0x3d0
[ 1243.730168]  vfs_write+0x1b6/0x780
[ 1243.730873]  ? mousedev_fasync+0x40/0x40
[ 1243.731864]  ? vfs_write+0x9/0x780
[ 1243.732874]  ? write_comp_data+0x2f/0x90
[ 1243.733926]  ksys_write+0x153/0x170
[ 1243.734929]  __x64_sys_write+0x27/0x30
[ 1243.735718]  do_syscall_64+0x3b/0x90
[ 1243.736760]  entry_SYSCALL_64_after_hwframe+0x63/0xcd
[ 1243.737586] RIP: 0033:0x7f374119759d
[ 1243.738269] RSP: 002b:00007ffc48da0ec8 EFLAGS: 00000217 ORIG_RAX: 0000000000000001
[ 1243.739438] RAX: ffffffffffffffda RBX: 0000000000000000 RCX: 00007f374119759d
[ 1243.740749] RDX: 00000000fffffff3 RSI: 00000000200004c0 RDI: 0000000000000004
[ 1243.741774] RBP: 00007ffc48da0ee0 R08: 00007ffc48da0ee0 R09: 00007ffc48da0ee0
[ 1243.742808] R10: 000000000000000f R11: 0000000000000217 R12: 00000000004011c0
[ 1243.743842] R13: 00007ffc48da1000 R14: 0000000000000000 R15: 0000000000000000
[ 1243.746050]  </TASK>
[ 1243.828642] 0000000002c8b692: .. nvcsw: 1/1 holdout: 1 idle_cpu: -1/1
[ 1243.829602] task:repro           state:R  running task     stack:0     pid:591   ppid:582    flags:0x00004004
[ 1243.831093] Call Trace:
[ 1243.831576]  <TASK>
[ 1243.832615]  __schedule+0x385/0xb00
[ 1243.833608]  ? __cond_resched+0x25/0x30
[ 1243.834475]  preempt_schedule_common+0x11/0x90
[ 1243.835290]  __cond_resched+0x25/0x30
[ 1243.835973]  mousedev_write+0xd2/0x3d0
[ 1243.837353]  vfs_write+0x1b6/0x780
[ 1243.838037]  ? mousedev_fasync+0x40/0x40
[ 1243.839006]  ? vfs_write+0x9/0x780
[ 1243.839666]  ? write_comp_data+0x2f/0x90
[ 1243.841006]  ksys_write+0x153/0x170
[ 1243.841988]  __x64_sys_write+0x27/0x30
[ 1243.842744]  do_syscall_64+0x3b/0x90
[ 1243.843482]  entry_SYSCALL_64_after_hwframe+0x63/0xcd
[ 1243.844603] RIP: 0033:0x7f374119759d
[ 1243.845257] RSP: 002b:00007ffc48da0ec8 EFLAGS: 00000217 ORIG_RAX: 0000000000000001
[ 1243.846376] RAX: ffffffffffffffda RBX: 0000000000000000 RCX: 00007f374119759d
[ 1243.847349] RDX: 00000000fffffff3 RSI: 00000000200004c0 RDI: 0000000000000004
[ 1243.848646] RBP: 00007ffc48da0ee0 R08: 00007ffc48da0ee0 R09: 00007ffc48da0ee0
[ 1243.849633] R10: 000000000000000f R11: 0000000000000217 R12: 00000000004011c0
[ 1243.850600] R13: 00007ffc48da1000 R14: 0000000000000000 R15: 0000000000000000
[ 1243.852802]  </TASK>
[ 1243.949344] 00000000e00c5315: .. nvcsw: 1/1 holdout: 1 idle_cpu: -1/0
[ 1243.950381] task:repro           state:R  running task     stack:0     pid:590   ppid:581    flags:0x00004004
[ 1243.952685] Call Trace:
[ 1243.953240]  <TASK>
[ 1243.953991]  __schedule+0x385/0xb00
[ 1243.955042]  ? __cond_resched+0x25/0x30
[ 1243.956004]  preempt_schedule_common+0x11/0x90
[ 1243.957275]  __cond_resched+0x25/0x30
[ 1243.958033]  mousedev_write+0xd2/0x3d0
[ 1243.959163]  vfs_write+0x1b6/0x780
[ 1243.959886]  ? mousedev_fasync+0x40/0x40
[ 1243.961237]  ? vfs_write+0x9/0x780
[ 1243.961954]  ? write_comp_data+0x2f/0x90
[ 1243.963032]  ksys_write+0x153/0x170
[ 1243.964383]  __x64_sys_write+0x27/0x30
[ 1243.965193]  do_syscall_64+0x3b/0x90
[ 1243.965976]  entry_SYSCALL_64_after_hwframe+0x63/0xcd
[ 1243.966843] RIP: 0033:0x7f374119759d
[ 1243.967564] RSP: 002b:00007ffc48da0ec8 EFLAGS: 00000217 ORIG_RAX: 0000000000000001
[ 1243.969094] RAX: ffffffffffffffda RBX: 0000000000000000 RCX: 00007f374119759d
[ 1243.970171] RDX: 00000000fffffff3 RSI: 00000000200004c0 RDI: 0000000000000004
[ 1243.971228] RBP: 00007ffc48da0ee0 R08: 00007ffc48da0ee0 R09: 00007ffc48da0ee0
[ 1243.972593] R10: 000000000000000f R11: 0000000000000217 R12: 00000000004011c0
[ 1243.973663] R13: 00007ffc48da1000 R14: 0000000000000000 R15: 0000000000000000
[ 1243.975674]  </TASK>
[ 1244.091081] 00000000d1014588: .. nvcsw: 1/1 holdout: 1 idle_cpu: -1/1
[ 1244.092403] task:repro           state:R  running task     stack:0     pid:589   ppid:578    flags:0x00004004
[ 1244.094014] Call Trace:
[ 1244.094531]  <TASK>
[ 1244.095403]  ? __might_sleep+0x9/0x70
[ 1244.096468]  ? lock_release+0x202/0x2c0
[ 1244.097364]  ? __cond_resched+0x25/0x30
[ 1244.098292]  ? preempt_schedule_common+0x11/0x90
[ 1244.099184]  ? __cond_resched+0x25/0x30
[ 1244.099943]  ? mousedev_write+0xd2/0x3d0
[ 1244.101577]  ? vfs_write+0x1b6/0x780
[ 1244.102313]  ? mousedev_fasync+0x40/0x40
[ 1244.103341]  ? vfs_write+0x9/0x780
[ 1244.104338]  ? write_comp_data+0x2f/0x90
[ 1244.105421]  ? ksys_write+0x153/0x170
[ 1244.106470]  ? __x64_sys_write+0x27/0x30
[ 1244.107285]  ? do_syscall_64+0x3b/0x90
[ 1244.108383]  ? entry_SYSCALL_64_after_hwframe+0x63/0xcd
[ 1244.110208]  </TASK>
[ 1244.172568] 00000000da1e78e0: .. nvcsw: 1/1 holdout: 1 idle_cpu: -1/1
[ 1244.173566] task:repro           state:R  running task     stack:0     pid:588   ppid:583    flags:0x00004004
[ 1244.175107] Call Trace:
[ 1244.175603]  <TASK>
[ 1244.176893]  __schedule+0x385/0xb00
[ 1244.177906]  ? __cond_resched+0x25/0x30
[ 1244.178806]  preempt_schedule_common+0x11/0x90
[ 1244.179650]  __cond_resched+0x25/0x30
[ 1244.180875]  mousedev_write+0xd2/0x3d0
[ 1244.181958]  vfs_write+0x1b6/0x780
[ 1244.182645]  ? mousedev_fasync+0x40/0x40
[ 1244.183660]  ? vfs_write+0x9/0x780
[ 1244.184704]  ? write_comp_data+0x2f/0x90
[ 1244.185746]  ksys_write+0x153/0x170
[ 1244.186751]  __x64_sys_write+0x27/0x30
[ 1244.187515]  do_syscall_64+0x3b/0x90
[ 1244.188608]  entry_SYSCALL_64_after_hwframe+0x63/0xcd
[ 1244.189432] RIP: 0033:0x7f374119759d
[ 1244.190109] RSP: 002b:00007ffc48da0ec8 EFLAGS: 00000217 ORIG_RAX: 0000000000000001
[ 1244.191269] RAX: ffffffffffffffda RBX: 0000000000000000 RCX: 00007f374119759d
[ 1244.192630] RDX: 00000000fffffff3 RSI: 00000000200004c0 RDI: 0000000000000004
[ 1244.193634] RBP: 00007ffc48da0ee0 R08: 00007ffc48da0ee0 R09: 00007ffc48da0ee0
[ 1244.194636] R10: 000000000000000f R11: 0000000000000217 R12: 00000000004011c0
[ 1244.195853] R13: 00007ffc48da1000 R14: 0000000000000000 R15: 0000000000000000
[ 1244.198143]  </TASK>
[ 1244.312658] 00000000f8de6478: .. nvcsw: 1/1 holdout: 1 idle_cpu: -1/0
[ 1244.313652] task:repro           state:R  running task     stack:0     pid:587   ppid:584    flags:0x00004004
[ 1244.315200] Call Trace:
[ 1244.315698]  <TASK>
[ 1244.316593]  ? asm_sysvec_apic_timer_interrupt+0x1f/0x30
[ 1244.317993]  ? __cond_resched+0x25/0x30
[ 1244.318896]  ? preempt_schedule_common+0x11/0x90
[ 1244.319756]  ? __cond_resched+0x25/0x30
[ 1244.320828]  ? mousedev_write+0xd2/0x3d0
[ 1244.321923]  ? vfs_write+0x1b6/0x780
[ 1244.322625]  ? mousedev_fasync+0x40/0x40
[ 1244.323616]  ? vfs_write+0x9/0x780
[ 1244.324644]  ? write_comp_data+0x2f/0x90
[ 1244.325687]  ? ksys_write+0x153/0x170
[ 1244.326708]  ? __x64_sys_write+0x27/0x30
[ 1244.327484]  ? do_syscall_64+0x3b/0x90
[ 1244.328591]  ? entry_SYSCALL_64_after_hwframe+0x63/0xcd
[ 1244.330353]  </TASK>
[ 1244.416736] 0000000072cd2de2: .. nvcsw: 1/1 holdout: 1 idle_cpu: -1/0
[ 1244.417732] task:repro           state:R  running task     stack:0     pid:579   ppid:577    flags:0x00004004
[ 1244.419273] Call Trace:
[ 1244.419770]  <TASK>
[ 1244.420874]  ? asm_sysvec_apic_timer_interrupt+0x1f/0x30
[ 1244.422426]  ? _raw_spin_unlock_irq+0x31/0x60
[ 1244.423210]  ? preempt_schedule_common+0x11/0x90
[ 1244.424457]  ? __cond_resched+0x25/0x30
[ 1244.425191]  ? mousedev_write+0xd2/0x3d0
[ 1244.426268]  ? vfs_write+0x1b6/0x780
[ 1244.426966]  ? mousedev_fasync+0x40/0x40
[ 1244.427954]  ? vfs_write+0x9/0x780
[ 1244.428990]  ? write_comp_data+0x2f/0x90
[ 1244.430023]  ? ksys_write+0x153/0x170
[ 1244.431042]  ? __x64_sys_write+0x27/0x30
[ 1244.431852]  ? do_syscall_64+0x3b/0x90
[ 1244.432953]  ? entry_SYSCALL_64_after_hwframe+0x63/0xcd
[ 1244.434700]  </TASK>
[ 1332.459438] INFO: task repro:586 blocked for more than 1179 seconds.
[ 1332.460700]       Not tainted 6.1.0-02bf43c7b7f7+ #1
[ 1332.461499] "echo 0 > /proc/sys/kernel/hung_task_timeout_secs" disables this message.
[ 1332.462618] task:repro           state:D stack:0     pid:586   ppid:580    flags:0x00004006
[ 1332.463933] Call Trace:
[ 1332.464970]  <TASK>
[ 1332.465741]  __schedule+0x385/0xb00
[ 1332.466883]  ? usleep_range_state+0xf0/0xf0
[ 1332.467789]  schedule+0x5b/0xe0
[ 1332.468806]  schedule_timeout+0x561/0x650
[ 1332.470024]  ? schedule_timeout+0x9/0x650
[ 1332.471029]  ? usleep_range_state+0xf0/0xf0
[ 1332.471908]  __wait_for_common+0x109/0x1f0
[ 1332.473422]  wait_for_completion+0x28/0x30
[ 1332.474203]  __wait_rcu_gp+0x136/0x160
[ 1332.475021]  ? ftrace_kill+0x40/0x40
[ 1332.475687]  ? ftrace_kill+0x40/0x40
[ 1332.476837]  synchronize_rcu_tasks_generic.part.24+0x3b/0x60
[ 1332.477755]  ? call_rcu_tasks_generic+0x320/0x320
[ 1332.478595]  ? rcu_tasks_pregp_step+0x20/0x20
[ 1332.479713]  ? verify_cpu+0xa0/0x100
[ 1332.480843]  synchronize_rcu_tasks_generic+0x2b/0x70
[ 1332.481770]  synchronize_rcu_tasks+0x19/0x20
[ 1332.482565]  ftrace_shutdown+0x1d2/0x410
[ 1332.483620]  unregister_ftrace_function+0x35/0x220
[ 1332.484851]  ? __sanitizer_cov_trace_switch+0x57/0xa0
[ 1332.485961]  perf_ftrace_event_register+0x95/0xf0
[ 1332.486831]  ? perf_tp_event_init+0xa0/0xa0
[ 1332.487606]  perf_trace_destroy+0x3a/0xa0
[ 1332.488665]  ? perf_tp_event_init+0xa0/0xa0
[ 1332.489435]  tp_perf_event_destroy+0x1e/0x30
[ 1332.490274]  _free_event+0x101/0x800
[ 1332.491211]  put_event+0x3c/0x50
[ 1332.491974]  perf_event_release_kernel+0x2de/0x360
[ 1332.493102]  ? perf_event_release_kernel+0x9/0x360
[ 1332.494181]  ? perf_event_release_kernel+0x360/0x360
[ 1332.495141]  perf_release+0x22/0x30
[ 1332.495897]  __fput+0x11f/0x450
[ 1332.497216]  ____fput+0x1e/0x30
[ 1332.497912]  task_work_run+0xb6/0x120
[ 1332.498875]  do_exit+0x547/0x1360
[ 1332.499707]  ? write_comp_data+0x2f/0x90
[ 1332.501025]  do_group_exit+0x5e/0xf0
[ 1332.501959]  get_signal+0x148f/0x1490
[ 1332.503394]  arch_do_signal_or_restart+0x33/0x280
[ 1332.504722]  ? arch_do_signal_or_restart+0x9/0x280
[ 1332.505562]  ? lockdep_hardirqs_on+0x8a/0x110
[ 1332.506351]  ? syscall_exit_to_user_mode+0x2d/0x60
[ 1332.507391]  exit_to_user_mode_prepare+0x13b/0x210
[ 1332.508595]  syscall_exit_to_user_mode+0x2d/0x60
[ 1332.509462]  do_syscall_64+0x4a/0x90
[ 1332.510214]  entry_SYSCALL_64_after_hwframe+0x63/0xcd
[ 1332.511050] RIP: 0033:0x7f374119759d
[ 1332.511723] RSP: 002b:00007ffc48da0ec8 EFLAGS: 00000246 ORIG_RAX: 000000000000012a
[ 1332.513175] RAX: 0000000000000003 RBX: 0000000000000000 RCX: 00007f374119759d
[ 1332.514196] RDX: 0000000000000000 RSI: 0000000000000000 RDI: 0000000020000080
[ 1332.515204] RBP: 00007ffc48da0ee0 R08: 0000000000000000 R09: 00007ffc48da0ee0
[ 1332.516503] R10: 00000000ffffffff R11: 0000000000000246 R12: 00000000004011c0
[ 1332.517524] R13: 00007ffc48da1000 R14: 0000000000000000 R15: 0000000000000000
[ 1332.519440]  </TASK>
[ 1332.519925] 
[ 1332.519925] Showing all locks held in the system:
[ 1332.521122] 1 lock held by rcu_tasks_kthre/11:
[ 1332.521855]  #0: ffffffff83b64230 (rcu_tasks.tasks_gp_mutex){+.+.}-{3:3}, at: rcu_tasks_one_gp+0x2d/0x3d0
[ 1332.523753] 1 lock held by rcu_tasks_rude_/12:
[ 1332.524933]  #0: ffffffff83b63fb0 (rcu_tasks_rude.tasks_gp_mutex){+.+.}-{3:3}, at: rcu_tasks_one_gp+0x2d/0x3d0
[ 1332.526888] 1 lock held by rcu_tasks_trace/13:
[ 1332.527623]  #0: ffffffff83b63cf0 (rcu_tasks_trace.tasks_gp_mutex){+.+.}-{3:3}, at: rcu_tasks_one_gp+0x2d/0x3d0
[ 1332.529873] 1 lock held by khungtaskd/30:
[ 1332.530560]  #0: ffffffff83b64c40 (rcu_read_lock){....}-{1:2}, at: debug_show_all_locks+0x27/0x18c
[ 1332.532755] 2 locks held by repro/586:
[ 1332.533409]  #0: ffffffff83c223e8 (event_mutex){+.+.}-{3:3}, at: perf_trace_destroy+0x21/0xa0
[ 1332.535173]  #1: ffffffff83c1e8c8 (ftrace_lock){+.+.}-{3:3}, at: unregister_ftrace_function+0x2b/0x220
[ 1332.537637] 1 lock held by repro/589:
[ 1332.538298] 
[ 1332.538688] =============================================
[ 1332.538688] 
[ 1479.909713] INFO: task repro:586 blocked for more than 1327 seconds.
[ 1479.910694]       Not tainted 6.1.0-02bf43c7b7f7+ #1
[ 1479.911427] "echo 0 > /proc/sys/kernel/hung_task_timeout_secs" disables this message.
[ 1479.912876] task:repro           state:D stack:0     pid:586   ppid:580    flags:0x00004006
[ 1479.914086] Call Trace:
[ 1479.914568]  <TASK>
[ 1479.915257]  __schedule+0x385/0xb00
[ 1479.916552]  ? usleep_range_state+0xf0/0xf0
[ 1479.917365]  schedule+0x5b/0xe0
[ 1479.918031]  schedule_timeout+0x561/0x650
[ 1479.919153]  ? schedule_timeout+0x9/0x650
[ 1479.920319]  ? usleep_range_state+0xf0/0xf0
[ 1479.921133]  __wait_for_common+0x109/0x1f0
[ 1479.922260]  wait_for_completion+0x28/0x30
[ 1479.922979]  __wait_rcu_gp+0x136/0x160
[ 1479.923755]  ? ftrace_kill+0x40/0x40
[ 1479.924632]  ? ftrace_kill+0x40/0x40
[ 1479.925333]  synchronize_rcu_tasks_generic.part.24+0x3b/0x60
[ 1479.926172]  ? call_rcu_tasks_generic+0x320/0x320
[ 1479.926947]  ? rcu_tasks_pregp_step+0x20/0x20
[ 1479.927973]  ? verify_cpu+0xa0/0x100
[ 1479.929105]  synchronize_rcu_tasks_generic+0x2b/0x70
[ 1479.929951]  synchronize_rcu_tasks+0x19/0x20
[ 1479.930685]  ftrace_shutdown+0x1d2/0x410
[ 1479.931656]  unregister_ftrace_function+0x35/0x220
[ 1479.932883]  ? __sanitizer_cov_trace_switch+0x57/0xa0
[ 1479.933904]  perf_ftrace_event_register+0x95/0xf0
[ 1479.934697]  ? perf_tp_event_init+0xa0/0xa0
[ 1479.935414]  perf_trace_destroy+0x3a/0xa0
[ 1479.936393]  ? perf_tp_event_init+0xa0/0xa0
[ 1479.937116]  tp_perf_event_destroy+0x1e/0x30
[ 1479.937894]  _free_event+0x101/0x800
[ 1479.938771]  put_event+0x3c/0x50
[ 1479.939491]  perf_event_release_kernel+0x2de/0x360
[ 1479.940565]  ? perf_event_release_kernel+0x9/0x360
[ 1479.941566]  ? perf_event_release_kernel+0x360/0x360
[ 1479.942456]  perf_release+0x22/0x30
[ 1479.943165]  __fput+0x11f/0x450
[ 1479.944431]  ____fput+0x1e/0x30
[ 1479.945091]  task_work_run+0xb6/0x120
[ 1479.946013]  do_exit+0x547/0x1360
[ 1479.946813]  ? write_comp_data+0x2f/0x90
[ 1479.947795]  do_group_exit+0x5e/0xf0
[ 1479.948931]  get_signal+0x148f/0x1490
[ 1479.950302]  arch_do_signal_or_restart+0x33/0x280
[ 1479.951289]  ? arch_do_signal_or_restart+0x9/0x280
[ 1479.952334]  ? lockdep_hardirqs_on+0x8a/0x110
[ 1479.953099]  ? syscall_exit_to_user_mode+0x2d/0x60
[ 1479.954097]  exit_to_user_mode_prepare+0x13b/0x210
[ 1479.954976]  syscall_exit_to_user_mode+0x2d/0x60
[ 1479.955811]  do_syscall_64+0x4a/0x90
[ 1479.956784]  entry_SYSCALL_64_after_hwframe+0x63/0xcd
[ 1479.957561] RIP: 0033:0x7f374119759d
[ 1479.958204] RSP: 002b:00007ffc48da0ec8 EFLAGS: 00000246 ORIG_RAX: 000000000000012a
[ 1479.959317] RAX: 0000000000000003 RBX: 0000000000000000 RCX: 00007f374119759d
[ 1479.960546] RDX: 0000000000000000 RSI: 0000000000000000 RDI: 0000000020000080
[ 1479.961513] RBP: 00007ffc48da0ee0 R08: 0000000000000000 R09: 00007ffc48da0ee0
[ 1479.962480] R10: 00000000ffffffff R11: 0000000000000246 R12: 00000000004011c0
[ 1479.963449] R13: 00007ffc48da1000 R14: 0000000000000000 R15: 0000000000000000
[ 1479.965540]  </TASK>
[ 1479.965993] 
[ 1479.965993] Showing all locks held in the system:
[ 1479.966866] 1 lock held by rcu_tasks_kthre/11:
[ 1479.967547]  #0: ffffffff83b64230 (rcu_tasks.tasks_gp_mutex){+.+.}-{3:3}, at: rcu_tasks_one_gp+0x2d/0x3d0
[ 1479.969555] 1 lock held by rcu_tasks_rude_/12:
[ 1479.970241]  #0: ffffffff83b63fb0 (rcu_tasks_rude.tasks_gp_mutex){+.+.}-{3:3}, at: rcu_tasks_one_gp+0x2d/0x3d0
[ 1479.972294] 1 lock held by rcu_tasks_trace/13:
[ 1479.972986]  #0: ffffffff83b63cf0 (rcu_tasks_trace.tasks_gp_mutex){+.+.}-{3:3}, at: rcu_tasks_one_gp+0x2d/0x3d0
[ 1479.974796] 1 lock held by khungtaskd/30:
[ 1479.975430]  #0: ffffffff83b64c40 (rcu_read_lock){....}-{1:2}, at: debug_show_all_locks+0x27/0x18c
[ 1479.977401] 2 locks held by repro/586:
[ 1479.978011]  #0: ffffffff83c223e8 (event_mutex){+.+.}-{3:3}, at: perf_trace_destroy+0x21/0xa0
[ 1479.979672]  #1: ffffffff83c1e8c8 (ftrace_lock){+.+.}-{3:3}, at: unregister_ftrace_function+0x2b/0x220
[ 1479.981658] 1 lock held by repro/592:
[ 1479.982265] 
[ 1479.982635] =============================================
[ 1479.982635] 
[ 1627.368620] INFO: task repro:586 blocked for more than 1474 seconds.
[ 1627.369545]       Not tainted 6.1.0-02bf43c7b7f7+ #1
[ 1627.370254] "echo 0 > /proc/sys/kernel/hung_task_timeout_secs" disables this message.
[ 1627.371249] task:repro           state:D stack:0     pid:586   ppid:580    flags:0x00004006
[ 1627.372838] Call Trace:
[ 1627.373304]  <TASK>
[ 1627.373973]  __schedule+0x385/0xb00
[ 1627.374975]  ? usleep_range_state+0xf0/0xf0
[ 1627.375766]  schedule+0x5b/0xe0
[ 1627.376671]  schedule_timeout+0x561/0x650
[ 1627.377775]  ? schedule_timeout+0x9/0x650
[ 1627.378659]  ? usleep_range_state+0xf0/0xf0
[ 1627.379440]  __wait_for_common+0x109/0x1f0
[ 1627.380836]  wait_for_completion+0x28/0x30
[ 1627.381531]  __wait_rcu_gp+0x136/0x160
[ 1627.382268]  ? ftrace_kill+0x40/0x40
[ 1627.382867]  ? ftrace_kill+0x40/0x40
[ 1627.383543]  synchronize_rcu_tasks_generic.part.24+0x3b/0x60
[ 1627.384614]  ? call_rcu_tasks_generic+0x320/0x320
[ 1627.385372]  ? rcu_tasks_pregp_step+0x20/0x20
[ 1627.386378]  ? verify_cpu+0xa0/0x100
[ 1627.387140]  synchronize_rcu_tasks_generic+0x2b/0x70
[ 1627.387964]  synchronize_rcu_tasks+0x19/0x20
[ 1627.388933]  ftrace_shutdown+0x1d2/0x410
[ 1627.389885]  unregister_ftrace_function+0x35/0x220
[ 1627.390728]  ? __sanitizer_cov_trace_switch+0x57/0xa0
[ 1627.391716]  perf_ftrace_event_register+0x95/0xf0
[ 1627.392730]  ? perf_tp_event_init+0xa0/0xa0
[ 1627.393424]  perf_trace_destroy+0x3a/0xa0
[ 1627.394109]  ? perf_tp_event_init+0xa0/0xa0
[ 1627.394812]  tp_perf_event_destroy+0x1e/0x30
[ 1627.395581]  _free_event+0x101/0x800
[ 1627.396709]  put_event+0x3c/0x50
[ 1627.397441]  perf_event_release_kernel+0x2de/0x360
[ 1627.398190]  ? perf_event_release_kernel+0x9/0x360
[ 1627.399182]  ? perf_event_release_kernel+0x360/0x360
[ 1627.400324]  perf_release+0x22/0x30
[ 1627.401026]  __fput+0x11f/0x450
[ 1627.402009]  ____fput+0x1e/0x30
[ 1627.402662]  task_work_run+0xb6/0x120
[ 1627.403580]  do_exit+0x547/0x1360
[ 1627.404631]  ? write_comp_data+0x2f/0x90
[ 1627.405610]  do_group_exit+0x5e/0xf0
[ 1627.406471]  get_signal+0x148f/0x1490
[ 1627.407849]  arch_do_signal_or_restart+0x33/0x280
[ 1627.409091]  ? arch_do_signal_or_restart+0x9/0x280
[ 1627.409877]  ? lockdep_hardirqs_on+0x8a/0x110
[ 1627.410622]  ? syscall_exit_to_user_mode+0x2d/0x60
[ 1627.411615]  exit_to_user_mode_prepare+0x13b/0x210
[ 1627.412747]  syscall_exit_to_user_mode+0x2d/0x60
[ 1627.413572]  do_syscall_64+0x4a/0x90
[ 1627.414273]  entry_SYSCALL_64_after_hwframe+0x63/0xcd
[ 1627.415047] RIP: 0033:0x7f374119759d
[ 1627.415691] RSP: 002b:00007ffc48da0ec8 EFLAGS: 00000246 ORIG_RAX: 000000000000012a
[ 1627.417058] RAX: 0000000000000003 RBX: 0000000000000000 RCX: 00007f374119759d
[ 1627.418018] RDX: 0000000000000000 RSI: 0000000000000000 RDI: 0000000020000080
[ 1627.418974] RBP: 00007ffc48da0ee0 R08: 0000000000000000 R09: 00007ffc48da0ee0
[ 1627.419930] R10: 00000000ffffffff R11: 0000000000000246 R12: 00000000004011c0
[ 1627.421142] R13: 00007ffc48da1000 R14: 0000000000000000 R15: 0000000000000000
[ 1627.423013]  </TASK>
[ 1627.423463] 
[ 1627.423463] Showing all locks held in the system:
[ 1627.424763] 1 lock held by rcu_tasks_kthre/11:
[ 1627.425446]  #0: ffffffff83b64230 (rcu_tasks.tasks_gp_mutex){+.+.}-{3:3}, at: rcu_tasks_one_gp+0x2d/0x3d0
[ 1627.427162] 1 lock held by rcu_tasks_rude_/12:
[ 1627.427822]  #0: ffffffff83b63fb0 (rcu_tasks_rude.tasks_gp_mutex){+.+.}-{3:3}, at: rcu_tasks_one_gp+0x2d/0x3d0
[ 1627.429812] 1 lock held by rcu_tasks_trace/13:
[ 1627.430471]  #0: ffffffff83b63cf0 (rcu_tasks_trace.tasks_gp_mutex){+.+.}-{3:3}, at: rcu_tasks_one_gp+0x2d/0x3d0
[ 1627.432466] 1 lock held by khungtaskd/30:
[ 1627.433081]  #0: ffffffff83b64c40 (rcu_read_lock){....}-{1:2}, at: debug_show_all_locks+0x27/0x18c
[ 1627.434755] 2 locks held by repro/586:
