c[?7l[2J[0mSeaBIOS (version rel-1.16.0-0-gd239552ce722-prebuilt.qemu.org)


iPXE (http://ipxe.org) 00:03.0 CA00 PCI2.10 PnP PMM+7FF91000+7FEF1000 CA00
Press Ctrl-B to configure iPXE (PCI 00:03.0)...                                                                               


Booting from ROM...
c[?7l[2J[    0.000000] Linux version 6.3.0-rc6-09a9639e56c0+ (root@p-adln01) (gcc (GCC) 8.5.0 20210514 (Red Hat 8.5.0-18), GNU ld version 2.36.1-2.el8) #1 SMP PREEMPT_DYNAMIC Tue Apr 11 14:06:59 CST 2023
[    0.000000] Command line: console=ttyS0 root=/dev/sda earlyprintk=serial net.ifnames=0
[    0.000000] KERNEL supported cpus:
[    0.000000]   Intel GenuineIntel
[    0.000000]   AMD AuthenticAMD
[    0.000000]   Hygon HygonGenuine
[    0.000000]   Centaur CentaurHauls
[    0.000000]   zhaoxin   Shanghai  
[    0.000000] x86/fpu: Supporting XSAVE feature 0x001: 'x87 floating point registers'
[    0.000000] x86/fpu: Supporting XSAVE feature 0x002: 'SSE registers'
[    0.000000] x86/fpu: Supporting XSAVE feature 0x004: 'AVX registers'
[    0.000000] x86/fpu: Supporting XSAVE feature 0x200: 'Protection Keys User registers'
[    0.000000] x86/fpu: xstate_offset[2]:  576, xstate_sizes[2]:  256
[    0.000000] x86/fpu: xstate_offset[9]:  832, xstate_sizes[9]:    8
[    0.000000] x86/fpu: Enabled xstate features 0x207, context size is 840 bytes, using 'compacted' format.
[    0.000000] signal: max sigframe size: 3632
[    0.000000] BIOS-provided physical RAM map:
[    0.000000] BIOS-e820: [mem 0x0000000000000000-0x000000000009fbff] usable
[    0.000000] BIOS-e820: [mem 0x000000000009fc00-0x000000000009ffff] reserved
[    0.000000] BIOS-e820: [mem 0x00000000000f0000-0x00000000000fffff] reserved
[    0.000000] BIOS-e820: [mem 0x0000000000100000-0x000000007ffdffff] usable
[    0.000000] BIOS-e820: [mem 0x000000007ffe0000-0x000000007fffffff] reserved
[    0.000000] BIOS-e820: [mem 0x00000000feffc000-0x00000000feffffff] reserved
[    0.000000] BIOS-e820: [mem 0x00000000fffc0000-0x00000000ffffffff] reserved
[    0.000000] printk: bootconsole [earlyser0] enabled
[    0.000000] NX (Execute Disable) protection: active
[    0.000000] SMBIOS 2.8 present.
[    0.000000] DMI: QEMU Standard PC (i440FX + PIIX, 1996), BIOS rel-1.16.0-0-gd239552ce722-prebuilt.qemu.org 04/01/2014
[    0.000000] Hypervisor detected: KVM
[    0.000000] kvm-clock: Using msrs 4b564d01 and 4b564d00
[    0.000011] kvm-clock: using sched offset of 1261977389 cycles
[    0.001416] clocksource: kvm-clock: mask: 0xffffffffffffffff max_cycles: 0x1cd42e4dffb, max_idle_ns: 881590591483 ns
[    0.004000] tsc: Detected 1804.800 MHz processor
[    0.004000] last_pfn = 0x7ffe0 max_arch_pfn = 0x400000000
[    0.004000] x86/PAT: Configuration [0-7]: WB  WC  UC- UC  WB  WP  UC- WT  
[    0.004000] found SMP MP-table at [mem 0x000f5ba0-0x000f5baf]
[    0.004000] Using GB pages for direct mapping
[    0.004000] ACPI: Early table checksum verification disabled
[    0.004000] ACPI: RSDP 0x00000000000F59C0 000014 (v00 BOCHS )
[    0.004000] ACPI: RSDT 0x000000007FFE1951 000034 (v01 BOCHS  BXPC     00000001 BXPC 00000001)
[    0.004000] ACPI: FACP 0x000000007FFE17FD 000074 (v01 BOCHS  BXPC     00000001 BXPC 00000001)
[    0.004000] ACPI: DSDT 0x000000007FFE0040 0017BD (v01 BOCHS  BXPC     00000001 BXPC 00000001)
[    0.004000] ACPI: FACS 0x000000007FFE0000 000040
[    0.004000] ACPI: APIC 0x000000007FFE1871 000080 (v01 BOCHS  BXPC     00000001 BXPC 00000001)
[    0.004000] ACPI: HPET 0x000000007FFE18F1 000038 (v01 BOCHS  BXPC     00000001 BXPC 00000001)
[    0.004000] ACPI: WAET 0x000000007FFE1929 000028 (v01 BOCHS  BXPC     00000001 BXPC 00000001)
[    0.004000] ACPI: Reserving FACP table memory at [mem 0x7ffe17fd-0x7ffe1870]
[    0.004000] ACPI: Reserving DSDT table memory at [mem 0x7ffe0040-0x7ffe17fc]
[    0.004000] ACPI: Reserving FACS table memory at [mem 0x7ffe0000-0x7ffe003f]
[    0.004000] ACPI: Reserving APIC table memory at [mem 0x7ffe1871-0x7ffe18f0]
[    0.004000] ACPI: Reserving HPET table memory at [mem 0x7ffe18f1-0x7ffe1928]
[    0.004000] ACPI: Reserving WAET table memory at [mem 0x7ffe1929-0x7ffe1950]
[    0.004000] No NUMA configuration found
[    0.004000] Faking a node at [mem 0x0000000000000000-0x000000007ffdffff]
[    0.004000] NODE_DATA(0) allocated [mem 0x7ffb5000-0x7ffdffff]
[    0.004000] Zone ranges:
[    0.004000]   DMA      [mem 0x0000000000001000-0x0000000000ffffff]
[    0.004000]   DMA32    [mem 0x0000000001000000-0x000000007ffdffff]
[    0.004000]   Normal   empty
[    0.004000]   Device   empty
[    0.004000] Movable zone start for each node
[    0.004000] Early memory node ranges
[    0.004000]   node   0: [mem 0x0000000000001000-0x000000000009efff]
[    0.004000]   node   0: [mem 0x0000000000100000-0x000000007ffdffff]
[    0.004000] Initmem setup node 0 [mem 0x0000000000001000-0x000000007ffdffff]
[    0.004000] On node 0, zone DMA: 1 pages in unavailable ranges
[    0.004000] On node 0, zone DMA: 97 pages in unavailable ranges
[    0.004000] On node 0, zone DMA32: 32 pages in unavailable ranges
[    0.004000] ACPI: PM-Timer IO Port: 0x608
[    0.004000] ACPI: LAPIC_NMI (acpi_id[0xff] dfl dfl lint[0x1])
[    0.004000] IOAPIC[0]: apic_id 0, version 17, address 0xfec00000, GSI 0-23
[    0.004000] ACPI: INT_SRC_OVR (bus 0 bus_irq 0 global_irq 2 dfl dfl)
[    0.004000] ACPI: INT_SRC_OVR (bus 0 bus_irq 5 global_irq 5 high level)
[    0.004000] ACPI: INT_SRC_OVR (bus 0 bus_irq 9 global_irq 9 high level)
[    0.004000] ACPI: INT_SRC_OVR (bus 0 bus_irq 10 global_irq 10 high level)
[    0.004000] ACPI: INT_SRC_OVR (bus 0 bus_irq 11 global_irq 11 high level)
[    0.004000] ACPI: Using ACPI (MADT) for SMP configuration information
[    0.004000] ACPI: HPET id: 0x8086a201 base: 0xfed00000
[    0.004000] TSC deadline timer available
[    0.004000] smpboot: Allowing 2 CPUs, 0 hotplug CPUs
[    0.004000] kvm-guest: KVM setup pv remote TLB flush
[    0.004000] kvm-guest: setup PV sched yield
[    0.004000] PM: hibernation: Registered nosave memory: [mem 0x00000000-0x00000fff]
[    0.004000] PM: hibernation: Registered nosave memory: [mem 0x0009f000-0x0009ffff]
[    0.004000] PM: hibernation: Registered nosave memory: [mem 0x000a0000-0x000effff]
[    0.004000] PM: hibernation: Registered nosave memory: [mem 0x000f0000-0x000fffff]
[    0.004000] [mem 0x80000000-0xfeffbfff] available for PCI devices
[    0.004000] Booting paravirtualized kernel on KVM
[    0.004000] clocksource: refined-jiffies: mask: 0xffffffff max_cycles: 0xffffffff, max_idle_ns: 7645519600211568 ns
[    0.004000] setup_percpu: NR_CPUS:8192 nr_cpumask_bits:2 nr_cpu_ids:2 nr_node_ids:1
[    0.004000] percpu: Embedded 65 pages/cpu s229376 r8192 d28672 u1048576
[    0.004000] kvm-guest: PV spinlocks enabled
[    0.004000] PV qspinlock hash table entries: 256 (order: 0, 4096 bytes, linear)
[    0.004000] Fallback order for Node 0: 0 
[    0.004000] Built 1 zonelists, mobility grouping on.  Total pages: 515808
[    0.004000] Policy zone: DMA32
[    0.004000] Kernel command line: net.ifnames=0 console=ttyS0 root=/dev/sda earlyprintk=serial net.ifnames=0
[    0.004000] random: crng init done
[    0.004000] Dentry cache hash table entries: 262144 (order: 9, 2097152 bytes, linear)
[    0.004000] Inode-cache hash table entries: 131072 (order: 8, 1048576 bytes, linear)
[    0.004000] mem auto-init: stack:off, heap alloc:off, heap free:off
[    0.004000] Memory: 1966944K/2096632K available (34816K kernel code, 4558K rwdata, 9768K rodata, 10364K init, 31912K bss, 129432K reserved, 0K cma-reserved)
[    0.004000] SLUB: HWalign=64, Order=0-3, MinObjects=0, CPUs=2, Nodes=1
[    0.004000] kmemleak: Kernel memory leak detector disabled
[    0.004000] ftrace: allocating 68586 entries in 268 pages
[    0.004000] ftrace: allocated 268 pages with 3 groups
[    0.004000] Dynamic Preempt: voluntary
[    0.004000] Running RCU self tests
[    0.004000] Running RCU synchronous self tests
[    0.004000] rcu: Preemptible hierarchical RCU implementation.
[    0.004000] rcu: 	RCU lockdep checking is enabled.
[    0.004000] rcu: 	RCU restricting CPUs from NR_CPUS=8192 to nr_cpu_ids=2.
[    0.004000] 	Trampoline variant of Tasks RCU enabled.
[    0.004000] 	Rude variant of Tasks RCU enabled.
[    0.004000] 	Tracing variant of Tasks RCU enabled.
[    0.004000] rcu: RCU calculated value of scheduler-enlistment delay is 25 jiffies.
[    0.004000] rcu: Adjusting geometry for rcu_fanout_leaf=16, nr_cpu_ids=2
[    0.004000] Running RCU synchronous self tests
[    0.004000] NR_IRQS: 524544, nr_irqs: 440, preallocated irqs: 16
[    0.004000] rcu: srcu_init: Setting srcu_struct sizes based on contention.
[    0.004000] Console: colour VGA+ 80x25
[    0.004000] printk: console [ttyS0] enabled
[    0.004000] printk: console [ttyS0] enabled
[    0.004000] printk: bootconsole [earlyser0] disabled
[    0.004000] printk: bootconsole [earlyser0] disabled
[    0.004000] Lock dependency validator: Copyright (c) 2006 Red Hat, Inc., Ingo Molnar
[    0.004000] ... MAX_LOCKDEP_SUBCLASSES:  8
[    0.004000] ... MAX_LOCK_DEPTH:          48
[    0.004000] ... MAX_LOCKDEP_KEYS:        8192
[    0.004000] ... CLASSHASH_SIZE:          4096
[    0.004000] ... MAX_LOCKDEP_ENTRIES:     32768
[    0.004000] ... MAX_LOCKDEP_CHAINS:      65536
[    0.004000] ... CHAINHASH_SIZE:          32768
[    0.004000]  memory used by lock dependency info: 6365 kB
[    0.004000]  memory used for stack traces: 4224 kB
[    0.004000]  per task-struct memory footprint: 1920 bytes
[    0.004000] ACPI: Core revision 20221020
[    0.004000] clocksource: hpet: mask: 0xffffffff max_cycles: 0xffffffff, max_idle_ns: 19112604467 ns
[    0.004000] APIC: Switch to symmetric I/O mode setup
[    0.004000] x2apic enabled
[    0.004000] Switched APIC routing to physical x2apic.
[    0.004000] kvm-guest: setup PV IPIs
[    0.004000] ..TIMER: vector=0x30 apic1=0 pin1=2 apic2=-1 pin2=-1
[    0.004000] clocksource: tsc-early: mask: 0xffffffffffffffff max_cycles: 0x1a03dfe73b3, max_idle_ns: 440795256845 ns
[    0.486797] Calibrating delay loop (skipped) preset value.. 3609.60 BogoMIPS (lpj=7219200)
[    0.489021] pid_max: default: 32768 minimum: 301
[    0.491022] LSM: initializing lsm=capability,yama,integrity
[    0.492205] Yama: becoming mindful.
[    0.493354] Mount-cache hash table entries: 4096 (order: 3, 32768 bytes, linear)
[    0.494867] Mountpoint-cache hash table entries: 4096 (order: 3, 32768 bytes, linear)
[    0.503000] x86/cpu: User Mode Instruction Prevention (UMIP) activated
[    0.508302] Last level iTLB entries: 4KB 0, 2MB 0, 4MB 0
[    0.512497] Last level dTLB entries: 4KB 0, 2MB 0, 4MB 0, 1GB 0
[    0.514828] Spectre V1 : Mitigation: usercopy/swapgs barriers and __user pointer sanitization
[    0.517211] Spectre V2 : WARNING: Unprivileged eBPF is enabled with eIBRS on, data leaks possible via Spectre v2 BHB attacks!
[    0.518804] Spectre V2 : Mitigation: Enhanced / Automatic IBRS
[    0.522790] Spectre V2 : Spectre v2 / SpectreRSB mitigation: Filling RSB on context switch
[    0.524999] Spectre V2 : Spectre v2 / PBRSB-eIBRS: Retire a single CALL on VMEXIT
[    0.526837] Spectre V2 : mitigation: Enabling conditional Indirect Branch Prediction Barrier
[    0.529089] Speculative Store Bypass: Mitigation: Speculative Store Bypass disabled via prctl
[    0.530799] MMIO Stale Data: Unknown: No mitigations
[    0.735528] Freeing SMP alternatives memory: 56K
[    0.737164] Running RCU synchronous self tests
[    0.738821] Running RCU synchronous self tests
[    0.742765] smpboot: CPU0: Intel(R) Core(TM) i3-N305 (family: 0x6, model: 0xbe, stepping: 0x0)
[    0.745015] cblist_init_generic: Setting adjustable number of callback queues.
[    0.746800] cblist_init_generic: Setting shift to 1 and lim to 1.
[    0.748966] cblist_init_generic: Setting shift to 1 and lim to 1.
[    0.751267] cblist_init_generic: Setting shift to 1 and lim to 1.
[    0.753732] Running RCU-tasks wait API self tests
[    0.859281] Performance Events: Gracemont events, full-width counters, Intel PMU driver.
[    0.861259] ... version:                2
[    0.862073] ... bit width:              48
[    0.862813] ... generic registers:      6
[    0.863671] ... value mask:             0000ffffffffffff
[    0.864833] ... max period:             00007fffffffffff
[    0.865960] ... fixed-purpose events:   3
[    0.866705] ... event mask:             000000070000003f
[    0.866882] Callback from call_rcu_tasks_trace() invoked.
[    0.869705] rcu: Hierarchical SRCU implementation.
[    0.870798] rcu: 	Max phase no-delay instances is 1000.
[    0.876595] smp: Bringing up secondary CPUs ...
[    0.879402] x86: Booting SMP configuration:
[    0.880733] .... node  #0, CPUs:      #1
[    0.883491] smp: Brought up 1 node, 2 CPUs
[    0.885199] smpboot: Max logical packages: 1
[    0.886863] smpboot: Total of 2 processors activated (7219.20 BogoMIPS)
[    0.897270] devtmpfs: initialized
[    0.897270] x86/mm: Memory block size: 128MB
[    0.907750] Running RCU synchronous self tests
[    0.909432] Running RCU synchronous self tests
[    0.910983] clocksource: jiffies: mask: 0xffffffff max_cycles: 0xffffffff, max_idle_ns: 7645041785100000 ns
[    0.913565] futex hash table entries: 512 (order: 4, 65536 bytes, linear)
[    0.915846] pinctrl core: initialized pinctrl subsystem
[    0.919539] 
[    0.920109] *************************************************************
[    0.922095] **     NOTICE NOTICE NOTICE NOTICE NOTICE NOTICE NOTICE    **
[    0.922799] **                                                         **
[    0.924777] **  IOMMU DebugFS SUPPORT HAS BEEN ENABLED IN THIS KERNEL  **
[    0.926602] **                                                         **
[    0.926818] ** This means that this kernel is built to expose internal **
[    0.928862] ** IOMMU data structures, which may compromise security on **
[    0.930800] ** your system.                                            **
[    0.932688] **                                                         **
[    0.934617] ** If you see this message and you are not debugging the   **
[    0.934803] ** kernel, report this immediately to your vendor!         **
[    0.936939] **                                                         **
[    0.938810] **     NOTICE NOTICE NOTICE NOTICE NOTICE NOTICE NOTICE    **
[    0.940921] *************************************************************
[    0.943023] PM: RTC time: 19:18:02, date: 2023-04-11
[    0.953297] NET: Registered PF_NETLINK/PF_ROUTE protocol family
[    0.956204] DMA: preallocated 256 KiB GFP_KERNEL pool for atomic allocations
[    0.958358] DMA: preallocated 256 KiB GFP_KERNEL|GFP_DMA pool for atomic allocations
[    0.959775] DMA: preallocated 256 KiB GFP_KERNEL|GFP_DMA32 pool for atomic allocations
[    0.962313] audit: initializing netlink subsys (disabled)
[    0.967415] Callback from call_rcu_tasks_rude() invoked.
[    0.970872] thermal_sys: Registered thermal governor 'fair_share'
[    0.970902] thermal_sys: Registered thermal governor 'bang_bang'
[    0.973494] thermal_sys: Registered thermal governor 'step_wise'
[    0.973494] audit: type=2000 audit(1681240682.658:1): state=initialized audit_enabled=0 res=1
[    0.974821] thermal_sys: Registered thermal governor 'user_space'
[    0.978829] cpuidle: using governor ladder
[    0.981423] cpuidle: using governor menu
[    0.984016] acpiphp: ACPI Hot Plug PCI Controller Driver version: 0.5
[    0.986817] PCI: Using configuration type 1 for base access
[    0.990996] kprobes: kprobe jump-optimization is enabled. All kprobes are optimized if possible.
[    1.360608] HugeTLB: registered 1.00 GiB page size, pre-allocated 0 pages
[    1.362178] HugeTLB: 16380 KiB vmemmap can be freed for a 1.00 GiB page
[    1.362836] HugeTLB: registered 2.00 MiB page size, pre-allocated 0 pages
[    1.364557] HugeTLB: 28 KiB vmemmap can be freed for a 2.00 MiB page
[    1.366829] Callback from call_rcu_tasks() invoked.
[    1.377743] ACPI: Added _OSI(Module Device)
[    1.378824] ACPI: Added _OSI(Processor Device)
[    1.379956] ACPI: Added _OSI(3.0 _SCP Extensions)
[    1.381060] ACPI: Added _OSI(Processor Aggregator Device)
[    1.392057] ACPI: 1 ACPI AML tables successfully acquired and loaded
[    5.490319] ACPI: Interpreter enabled
[    5.490319] ACPI: PM: (supports S0 S3 S4 S5)
[    5.490319] ACPI: Using IOAPIC for interrupt routing
[    5.490319] PCI: Using host bridge windows from ACPI; if necessary, use "pci=nocrs" and report a bug
[    5.490765] PCI: Using E820 reservations for host bridge windows
[    5.490765] ACPI: Enabled 2 GPEs in block 00 to 0F
[    5.508506] ACPI: PCI Root Bridge [PCI0] (domain 0000 [bus 00-ff])
[    5.510753] acpi PNP0A03:00: _OSC: OS supports [ASPM ClockPM Segments MSI EDR HPX-Type3]
[    5.513176] acpi PNP0A03:00: _OSC: not requesting OS control; OS requires [ExtendedConfig ASPM ClockPM MSI]
[    5.515026] acpi PNP0A03:00: fail to add MMCONFIG information, can't access extended configuration space under this bridge
[    5.522920] acpiphp: Slot [3] registered
[    5.524361] acpiphp: Slot [4] registered
[    5.525674] acpiphp: Slot [5] registered
[    5.527012] acpiphp: Slot [6] registered
[    5.528365] acpiphp: Slot [7] registered
[    5.530969] acpiphp: Slot [8] registered
[    5.532508] acpiphp: Slot [9] registered
[    5.534121] acpiphp: Slot [10] registered
[    5.535037] acpiphp: Slot [11] registered
[    5.536461] acpiphp: Slot [12] registered
[    5.539002] acpiphp: Slot [13] registered
[    5.540539] acpiphp: Slot [14] registered
[    5.541929] acpiphp: Slot [15] registered
[    5.543080] acpiphp: Slot [16] registered
[    5.547073] acpiphp: Slot [17] registered
[    5.549684] acpiphp: Slot [18] registered
[    5.555019] acpiphp: Slot [19] registered
[    5.557416] acpiphp: Slot [20] registered
[    5.559948] acpiphp: Slot [21] registered
[    5.561656] acpiphp: Slot [22] registered
[    5.562974] acpiphp: Slot [23] registered
[    5.564369] acpiphp: Slot [24] registered
[    5.565812] acpiphp: Slot [25] registered
[    5.566950] acpiphp: Slot [26] registered
[    5.568753] acpiphp: Slot [27] registered
[    5.570869] acpiphp: Slot [28] registered
[    5.572534] acpiphp: Slot [29] registered
[    5.574897] acpiphp: Slot [30] registered
[    5.576434] acpiphp: Slot [31] registered
[    5.578529] PCI host bridge to bus 0000:00
[    5.578825] pci_bus 0000:00: root bus resource [io  0x0000-0x0cf7 window]
[    5.582829] pci_bus 0000:00: root bus resource [io  0x0d00-0xffff window]
[    5.586284] pci_bus 0000:00: root bus resource [mem 0x000a0000-0x000bffff window]
[    5.590825] pci_bus 0000:00: root bus resource [mem 0x80000000-0xfebfffff window]
[    5.593562] pci_bus 0000:00: root bus resource [mem 0x100000000-0x17fffffff window]
[    5.594837] pci_bus 0000:00: root bus resource [bus 00-ff]
[    5.597012] pci 0000:00:00.0: [8086:1237] type 00 class 0x060000
[    5.608473] pci 0000:00:01.0: [8086:7000] type 00 class 0x060100
[    5.612447] pci 0000:00:01.1: [8086:7010] type 00 class 0x010180
[    5.618319] pci 0000:00:01.1: reg 0x20: [io  0xc040-0xc04f]
[    5.620449] pci 0000:00:01.1: legacy IDE quirk: reg 0x10: [io  0x01f0-0x01f7]
[    5.630832] pci 0000:00:01.1: legacy IDE quirk: reg 0x14: [io  0x03f6]
[    5.632191] pci 0000:00:01.1: legacy IDE quirk: reg 0x18: [io  0x0170-0x0177]
[    5.633742] pci 0000:00:01.1: legacy IDE quirk: reg 0x1c: [io  0x0376]
[    5.635706] pci 0000:00:01.3: [8086:7113] type 00 class 0x068000
[    5.638144] pci 0000:00:01.3: quirk: [io  0x0600-0x063f] claimed by PIIX4 ACPI
[    5.638847] pci 0000:00:01.3: quirk: [io  0x0700-0x070f] claimed by PIIX4 SMB
[    5.641736] pci 0000:00:02.0: [1234:1111] type 00 class 0x030000
[    5.652484] pci 0000:00:02.0: reg 0x10: [mem 0xfd000000-0xfdffffff pref]
[    5.666765] pci 0000:00:02.0: reg 0x18: [mem 0xfebf0000-0xfebf0fff]
[    5.690997] pci 0000:00:02.0: reg 0x30: [mem 0xfebe0000-0xfebeffff pref]
[    5.693978] pci 0000:00:02.0: Video device with shadowed ROM at [mem 0x000c0000-0x000dffff]
[    5.702275] pci 0000:00:03.0: [8086:100e] type 00 class 0x020000
[    5.707942] pci 0000:00:03.0: reg 0x10: [mem 0xfebc0000-0xfebdffff]
[    5.710804] pci 0000:00:03.0: reg 0x14: [io  0xc000-0xc03f]
[    5.720492] pci 0000:00:03.0: reg 0x30: [mem 0xfeb80000-0xfebbffff pref]
[    5.755408] ACPI: PCI: Interrupt link LNKA configured for IRQ 10
[    5.758559] ACPI: PCI: Interrupt link LNKB configured for IRQ 10
[    5.759802] ACPI: PCI: Interrupt link LNKC configured for IRQ 11
[    5.762336] ACPI: PCI: Interrupt link LNKD configured for IRQ 11
[    5.767338] ACPI: PCI: Interrupt link LNKS configured for IRQ 9
[    5.774747] iommu: Default domain type: Translated 
[    5.776459] iommu: DMA domain TLB invalidation policy: lazy mode 
[    5.781808] SCSI subsystem initialized
[    5.785006] ACPI: bus type USB registered
[    5.786902] usbcore: registered new interface driver usbfs
[    5.788721] usbcore: registered new interface driver hub
[    5.791008] usbcore: registered new device driver usb
[    5.792856] pps_core: LinuxPPS API ver. 1 registered
[    5.794551] pps_core: Software ver. 5.3.6 - Copyright 2005-2007 Rodolfo Giometti <giometti@linux.it>
[    5.794922] PTP clock support registered
[    5.799076] EDAC MC: Ver: 3.0.0
[    5.810377] NetLabel: Initializing
[    5.810818] NetLabel:  domain hash size = 128
[    5.812091] NetLabel:  protocols = UNLABELED CIPSOv4 CALIPSO
[    5.814133] NetLabel:  unlabeled traffic allowed by default
[    5.816343] PCI: Using ACPI for IRQ routing
[    5.819098] pci 0000:00:02.0: vgaarb: setting as boot VGA device
[    5.821242] pci 0000:00:02.0: vgaarb: bridge control possible
[    5.822765] pci 0000:00:02.0: vgaarb: VGA device added: decodes=io+mem,owns=io+mem,locks=none
[    5.826811] vgaarb: loaded
[    5.830889] hpet0: at MMIO 0xfed00000, IRQs 2, 8, 0
[    5.830889] hpet0: 3 comparators, 64-bit 100.000000 MHz counter
[    5.855890] clocksource: Switched to clocksource kvm-clock
[    6.259016] VFS: Disk quotas dquot_6.6.0
[    6.260155] VFS: Dquot-cache hash table entries: 512 (order 0, 4096 bytes)
[    6.262522] pnp: PnP ACPI init
[    6.267737] pnp: PnP ACPI: found 6 devices
[    6.290853] clocksource: acpi_pm: mask: 0xffffff max_cycles: 0xffffff, max_idle_ns: 2085701024 ns
[    6.294273] NET: Registered PF_INET protocol family
[    6.297852] IP idents hash table entries: 32768 (order: 6, 262144 bytes, linear)
[    6.304800] tcp_listen_portaddr_hash hash table entries: 1024 (order: 4, 73728 bytes, linear)
[    6.307611] Table-perturb hash table entries: 65536 (order: 6, 262144 bytes, linear)
[    6.309925] TCP established hash table entries: 16384 (order: 5, 131072 bytes, linear)
[    6.313109] TCP bind hash table entries: 16384 (order: 9, 2359296 bytes, linear)
[    6.361309] TCP: Hash tables configured (established 16384 bind 16384)
[    6.364034] UDP hash table entries: 1024 (order: 5, 163840 bytes, linear)
[    6.366988] UDP-Lite hash table entries: 1024 (order: 5, 163840 bytes, linear)
[    6.369877] NET: Registered PF_UNIX/PF_LOCAL protocol family
[    6.377532] RPC: Registered named UNIX socket transport module.
[    6.379700] RPC: Registered udp transport module.
[    6.380937] RPC: Registered tcp transport module.
[    6.382285] RPC: Registered tcp NFSv4.1 backchannel transport module.
[    6.384355] pci_bus 0000:00: resource 4 [io  0x0000-0x0cf7 window]
[    6.386085] pci_bus 0000:00: resource 5 [io  0x0d00-0xffff window]
[    6.387991] pci_bus 0000:00: resource 6 [mem 0x000a0000-0x000bffff window]
[    6.390072] pci_bus 0000:00: resource 7 [mem 0x80000000-0xfebfffff window]
[    6.392131] pci_bus 0000:00: resource 8 [mem 0x100000000-0x17fffffff window]
[    6.394860] pci 0000:00:01.0: PIIX3: Enabling Passive Release
[    6.396768] pci 0000:00:00.0: Limiting direct PCI/PCI transfers
[    6.398960] PCI: CLS 0 bytes, default 64
[    6.401255] ACPI: bus type thunderbolt registered
[    6.403583] clocksource: tsc: mask: 0xffffffffffffffff max_cycles: 0x1a03dfe73b3, max_idle_ns: 440795256845 ns
[    6.421147] Initialise system trusted keyrings
[    6.422963] Key type blacklist registered
[    6.424983] workingset: timestamp_bits=36 max_order=19 bucket_order=0
[    6.427329] zbud: loaded
[    6.429916] squashfs: version 4.0 (2009/01/31) Phillip Lougher
[    6.436311] NFS: Registering the id_resolver key type
[    6.438283] Key type id_resolver registered
[    6.439899] Key type id_legacy registered
[    6.441239] nfs4filelayout_init: NFSv4 File Layout Driver Registering...
[    6.443669] nfs4flexfilelayout_init: NFSv4 Flexfile Layout Driver Registering...
[    6.446675] fuse: init (API version 7.38)
[    6.448887] SGI XFS with ACLs, security attributes, realtime, quota, no debug enabled
[    6.456669] 9p: Installing v9fs 9p2000 file system support
[    6.469439] Key type asymmetric registered
[    6.471018] Asymmetric key parser 'x509' registered
[    6.473003] Block layer SCSI generic (bsg) driver version 0.4 loaded (major 243)
[    6.477176] io scheduler mq-deadline registered
[    6.479253] io scheduler bfq registered
[    6.482016] shpchp: Standard Hot Plug PCI Controller Driver version: 0.4
[    6.485649] IPMI message handler: version 39.2
[    6.487544] ipmi device interface
[    6.493447] input: Power Button as /devices/LNXSYSTM:00/LNXPWRBN:00/input/input0
[    6.497729] ACPI: button: Power Button [PWRF]
[    6.501723] ERST DBG: ERST support is disabled.
[    6.504710] Serial: 8250/16550 driver, 32 ports, IRQ sharing enabled
[    6.508497] 00:04: ttyS0 at I/O 0x3f8 (irq = 4, base_baud = 115200) is a 16550A
[    6.531441] Linux agpgart interface v0.103
[    6.537344] ACPI: bus type drm_connector registered
[    6.573936] brd: module loaded
[    6.592574] loop: module loaded
[    6.615891] scsi host0: ata_piix
[    6.617989] scsi host1: ata_piix
[    6.619651] ata1: PATA max MWDMA2 cmd 0x1f0 ctl 0x3f6 bmdma 0xc040 irq 14
[    6.621199] ata2: PATA max MWDMA2 cmd 0x170 ctl 0x376 bmdma 0xc048 irq 15
[    6.628722] tun: Universal TUN/TAP device driver, 1.6
[    6.630477] e100: Intel(R) PRO/100 Network Driver
[    6.631676] e100: Copyright(c) 1999-2006 Intel Corporation
[    6.633091] e1000: Intel(R) PRO/1000 Network Driver
[    6.634238] e1000: Copyright (c) 1999-2006 Intel Corporation.
[    6.783212] ata2: found unknown device (class 0)
[    6.785169] ata1: found unknown device (class 0)
[    6.787887] ata2.00: ATAPI: QEMU DVD-ROM, 2.5+, max UDMA/100
[    6.789417] ata1.00: ATA-7: QEMU HARDDISK, 2.5+, max UDMA/100
[    6.790416] ata1.00: 16777216 sectors, multi 16: LBA48 
[    6.794158] scsi 0:0:0:0: Direct-Access     ATA      QEMU HARDDISK    2.5+ PQ: 0 ANSI: 5
[    6.802402] sd 0:0:0:0: [sda] 16777216 512-byte logical blocks: (8.59 GB/8.00 GiB)
[    6.821031] sd 0:0:0:0: Attached scsi generic sg0 type 0
[    6.823160] sd 0:0:0:0: [sda] Write Protect is off
[    6.824705] sd 0:0:0:0: [sda] Write cache: enabled, read cache: enabled, doesn't support DPO or FUA
[    6.827511] sd 0:0:0:0: [sda] Preferred minimum I/O size 512 bytes
[    6.851030] scsi 1:0:0:0: CD-ROM            QEMU     QEMU DVD-ROM     2.5+ PQ: 0 ANSI: 5
[    6.876625] sd 0:0:0:0: [sda] Attached SCSI disk
[    6.920939] scsi 1:0:0:0: Attached scsi generic sg1 type 5
[    6.976031] ACPI: \_SB_.LNKC: Enabled at IRQ 11
[    7.408028] e1000 0000:00:03.0 eth0: (PCI:33MHz:32-bit) 52:54:00:12:34:56
[    7.409995] e1000 0000:00:03.0 eth0: Intel(R) PRO/1000 Network Connection
[    7.412577] e1000e: Intel(R) PRO/1000 Network Driver
[    7.414037] e1000e: Copyright(c) 1999 - 2015 Intel Corporation.
[    7.415948] igb: Intel(R) Gigabit Ethernet Network Driver
[    7.417375] igb: Copyright (c) 2007-2014 Intel Corporation.
[    7.419197] PPP generic driver version 2.4.2
[    7.422900] VFIO - User Level meta-driver version: 0.3
[    7.427029] usbcore: registered new interface driver uas
[    7.429133] usbcore: registered new interface driver usb-storage
[    7.431548] i8042: PNP: PS/2 Controller [PNP0303:KBD,PNP0f13:MOU] at 0x60,0x64 irq 1,12
[    7.435967] serio: i8042 KBD port at 0x60,0x64 irq 1
[    7.437892] serio: i8042 AUX port at 0x60,0x64 irq 12
[    7.442004] mousedev: PS/2 mouse device common for all mice
[    7.448445] rtc_cmos 00:05: RTC can wake from S4
[    7.452822] rtc_cmos 00:05: registered as rtc0
[    7.454095] rtc_cmos 00:05: setting system clock to 2023-04-11T19:18:09 UTC (1681240689)
[    7.456708] rtc_cmos 00:05: alarms up to one day, y3k, 242 bytes nvram, hpet irqs
[    7.458315] i2c_dev: i2c /dev entries driver
[    7.459553] device-mapper: core: CONFIG_IMA_DISABLE_HTABLE is disabled. Duplicate IMA measurements will not be recorded in the IMA log.
[    7.462052] device-mapper: uevent: version 1.0.3
[    7.465964] device-mapper: ioctl: 4.47.0-ioctl (2022-07-28) initialised: dm-devel@redhat.com
[    7.467935] intel_pstate: CPU model not supported
[    7.469306] sdhci: Secure Digital Host Controller Interface driver
[    7.470556] sdhci: Copyright(c) Pierre Ossman
[    7.471804] sdhci-pltfm: SDHCI platform and OF driver helper
[    7.486835] ledtrig-cpu: registered to indicate activity on CPUs
[    7.489023] input: AT Translated Set 2 keyboard as /devices/platform/i8042/serio0/input/input1
[    7.489410] drop_monitor: Initializing network drop monitor service
[    7.493755] input: VirtualPS/2 VMware VMMouse as /devices/platform/i8042/serio1/input/input4
[    7.508027] NET: Registered PF_INET6 protocol family
[    7.531922] input: VirtualPS/2 VMware VMMouse as /devices/platform/i8042/serio1/input/input3
[    7.544162] Segment Routing with IPv6
[    7.545505] In-situ OAM (IOAM) with IPv6
[    7.547130] NET: Registered PF_PACKET protocol family
[    7.555384] 9pnet: Installing 9P2000 support
[    7.557154] Key type dns_resolver registered
[    7.561253] IPI shorthand broadcast: enabled
[    7.596612] sched_clock: Marking stable (7124245100, 470765143)->(7926241061, -331230818)
[    7.601629] registered taskstats version 1
[    7.604703] Loading compiled-in X.509 certificates
[    7.620831] zswap: loaded using pool lzo/zbud
[    7.655423] Key type .fscrypt registered
[    7.656693] Key type fscrypt-provisioning registered
[    7.666942] Key type encrypted registered
[    7.668602] ima: No TPM chip found, activating TPM-bypass!
[    7.670229] ima: Allocated hash algorithm: sha1
[    7.672130] ima: No architecture policies found
[    7.673830] evm: Initialising EVM extended attributes:
[    7.675415] evm: security.selinux
[    7.676430] evm: security.SMACK64
[    7.677580] evm: security.SMACK64EXEC
[    7.678977] evm: security.SMACK64TRANSMUTE
[    7.680191] evm: security.SMACK64MMAP
[    7.681308] evm: security.apparmor
[    7.682221] evm: security.ima
[    7.683232] evm: security.capability
[    7.684273] evm: HMAC attrs: 0x1
[    7.688589] PM:   Magic number: 3:102:344
[    7.690006] tty tty61: hash matches
[    7.692962] RAS: Correctable Errors collector initialized.
[    7.700924] md: Waiting for all devices to be available before autodetect
[    7.702622] md: If you don't use raid, use raid=noautodetect
[    7.704304] md: Autodetecting RAID arrays.
[    7.705492] md: autorun ...
[    7.706215] md: ... autorun DONE.
[    7.732419] EXT4-fs (sda): INFO: recovery required on readonly filesystem
[    7.734065] EXT4-fs (sda): write access will be enabled during recovery
[    7.831029] EXT4-fs (sda): recovery complete
[    7.838564] EXT4-fs (sda): mounted filesystem 23a53bb9-f815-47a5-b74c-5e08f7731193 with ordered data mode. Quota mode: none.
[    7.841207] VFS: Mounted root (ext4 filesystem) readonly on device 8:0.
[    7.844777] devtmpfs: mounted
[    7.855636] Freeing unused decrypted memory: 2036K
[    7.871782] Freeing unused kernel image (initmem) memory: 10364K
[    7.873301] Write protecting the kernel read-only data: 45056k
[    7.877344] Freeing unused kernel image (rodata/data gap) memory: 472K
[    8.059631] x86/mm: Checked W+X mappings: passed, no W+X pages found.
[    8.061164] Run /sbin/init as init process
[    8.861588] systemd[1]: RTC configured in localtime, applying delta of 0 minutes to system time.
[    9.043240] systemd[1]: systemd 239 (239-49.el8) running in system mode. (+PAM +AUDIT +SELINUX +IMA -APPARMOR +SMACK +SYSVINIT +UTMP +LIBCRYPTSETUP +GCRYPT +GNUTLS +ACL +XZ +LZ4 +SECCOMP +BLKID +ELFUTILS +KMOD +IDN2 -IDN +PCRE2 default-hierarchy=legacy)
[    9.065611] systemd[1]: Detected virtualization kvm.
[    9.068311] systemd[1]: Detected architecture x86-64.

Welcome to [0;31mCentOS Stream 8[0m!

[    9.148776] systemd[1]: Set hostname to <test>.
[   10.446274] systemd[1]: Created slice system-sshd\x2dkeygen.slice.
[[0;32m  OK  [0m] Created slice system-sshd\x2dkeygen.slice.
[   10.454227] systemd[1]: Listening on RPCbind Server Activation Socket.
[[0;32m  OK  [0m] Listening on RPCbind Server Activation Socket.
[   10.459057] systemd[1]: Listening on udev Control Socket.
[[0;32m  OK  [0m] Listening on udev Control Socket.
[   10.466368] systemd[1]: Created slice system-serial\x2dgetty.slice.
[[0;32m  OK  [0m] Created slice system-serial\x2dgetty.slice.
[   10.474178] systemd[1]: Created slice system-getty.slice.
[[0;32m  OK  [0m] Created slice system-getty.slice.
[   10.480323] systemd[1]: Listening on Device-mapper event daemon FIFOs.
[[0;32m  OK  [0m] Listening on Device-mapper event daemon FIFOs.
[[0;32m  OK  [0m] Listening on initctl Compatibility Named Pipe.
[[0;32m  OK  [0m] Listening on Journal Socket.
         Starting Remount Root and Kernel File Systems...
         Mounting Huge Pages File System...
         Starting Load Kernel Modules...
[[0;32m  OK  [0m] Reached target RPC Port Mapper.
[[0;32m  OK  [0m] Listening on LVM2 poll daemon socket.
[[0;32m  OK  [0m] Started Forward Password Requests to Wall Directory Watch.
[[0;32m  OK  [0m] Listening on multipathd control socket.
[[0;32m  OK  [0m] Reached target Swap.
[[0;32m  OK  [0m] Created slice User and Session Slice.
         Starting Monitoring of LVM2 mirrorsâ€¦ng dmeventd or progress polling...
[[0;32m  OK  [0m] Set up automount Arbitrary Executabâ€¦rmats File System Automount Point.
[[0;32m  OK  [0m] Listening on udev Kernel Socket.
[[0;32m  OK  [0m] Listening on Process Core Dump Socket.
         Starting udev Coldplug all Devices...
[[0;32m  OK  [0m] Listening on Journal Socket (/dev/log).
         Starting Journal Service...
         Mounting Kernel Debug File System...
         Starting Setup Virtual Console...
         Mounting POSIX Message Queue File System...
[[0;32m  OK  [0m] Reached target Slices.
[   11.245692] EXT4-fs (sda): re-mounted 23a53bb9-f815-47a5-b74c-5e08f7731193. Quota mode: none.
[[0;32m  OK  [0m] Started Remount Root and Kernel File Systems.
[[0;32m  OK  [0m] Mounted Huge Pages File System.
[[0;1;31mFAILED[0m] Failed to start Load Kernel Modules.
See 'systemctl status systemd-modules-load.service' for details.
[[0;32m  OK  [0m] Started Journal Service.
[[0;32m  OK  [0m] Mounted Kernel Debug File System.
[[0;32m  OK  [0m] Mounted POSIX Message Queue File System.
         Starting Apply Kernel Variables...
         Mounting FUSE Control File System...
         Mounting Kernel Configuration File System...
         Starting Load/Save Random Seed...
         Starting Flush Journal to Persistent Storage...
         Starting Create Static Device Nodes in /dev...
[[0;32m  OK  [0m] Started Setup Virtual Console.
[[0;32m  OK  [0m] Started Apply Kernel Variables.
[[0;32m  OK  [0m] Started udev Coldplug all Devices.
[[0;32m  OK  [0m] Mounted FUSE Control File System.
[[0;32m  OK  [0m] Mounted Kernel Configuration File System.
[[0;32m  OK  [0m] Started Load/Save Random Seed.
         Starting udev Wait for Complete Device Initialization...
[[0;32m  OK  [0m] Started Flush Journal to Persistent Storage.
[[0;32m  OK  [0m] Started Create Static Device Nodes in /dev.
         Starting udev Kernel Device Manager...
[[0;32m  OK  [0m] Started udev Kernel Device Manager.
         Starting Show Plymouth Boot Screen...
[[0;32m  OK  [0m] Started Show Plymouth Boot Screen.
[[0;32m  OK  [0m] Started Forward Password Requests to Plymouth Directory Watch.
[[0;32m  OK  [0m] Reached target Local Encrypted Volumes.
[[0;32m  OK  [0m] Reached target Paths.
[[0;32m  OK  [0m] Found device /dev/ttyS0.
[[0;32m  OK  [0m] Started Monitoring of LVM2 mirrors,â€¦sing dmeventd or progress polling.
[[0;32m  OK  [0m] Listening on Load/Save RF Kill Switch Status /dev/rfkill Watch.
[[0;32m  OK  [0m] Started udev Wait for Complete Device Initialization.
[[0;32m  OK  [0m] Reached target Local File Systems (Pre).
[[0;32m  OK  [0m] Reached target Local File Systems.
         Starting Tell Plymouth To Write Out Runtime Data...
         Starting Create Volatile Files and Directories...
         Starting Restore /run/initramfs on shutdown...
[[0;32m  OK  [0m] Started Tell Plymouth To Write Out Runtime Data.
[[0;32m  OK  [0m] Started Create Volatile Files and Directories.
[[0;32m  OK  [0m] Started Restore /run/initramfs on shutdown.
         Mounting RPC Pipe File System...
         Starting RPC Bind...
         Starting Security Auditing Service...
[[0;32m  OK  [0m] Mounted RPC Pipe File System.
[[0;32m  OK  [0m] Reached target rpc_pipefs.target.
[[0;32m  OK  [0m] Started RPC Bind.
[[0;32m  OK  [0m] Started Security Auditing Service.
         Starting Update UTMP about System Boot/Shutdown...
[[0;32m  OK  [0m] Started Update UTMP about System Boot/Shutdown.
[[0;32m  OK  [0m] Reached target System Initialization.
[[0;32m  OK  [0m] Started Daily Cleanup of Temporary Directories.
[[0;32m  OK  [0m] Started daily update of the root trust anchor for DNSSEC.
[[0;32m  OK  [0m] Listening on D-Bus System Message Bus Socket.
[[0;32m  OK  [0m] Listening on SSSD Kerberos Cache Manager responder socket.
[[0;32m  OK  [0m] Reached target Sockets.
[[0;32m  OK  [0m] Reached target Basic System.
         Starting Self Monitoring and Reporting Technology (SMART) Daemon...
         Starting Auto-connect to subsystemsâ€¦-NVME devices found during boot...
[[0;32m  OK  [0m] Reached target sshd-keygen.target.
[[0;32m  OK  [0m] Started irqbalance daemon.
         Starting Authorization Manager...
         Starting Login Service...
[[0;32m  OK  [0m] Started D-Bus System Message Bus.
         Starting Network Manager...
         Starting NTP client/server...
[[0;32m  OK  [0m] Started Machine Check Exception Logging Daemon.
[[0;32m  OK  [0m] Started dnf makecache --timer.
[[0;32m  OK  [0m] Reached target Timers.
[[0;32m  OK  [0m] Started Auto-connect to subsystems â€¦FC-NVME devices found during boot.
         Starting update of the root trust aâ€¦or DNSSEC validation in unbound...
[[0;32m  OK  [0m] Started Login Service.
[[0;32m  OK  [0m] Started Self Monitoring and Reporting Technology (SMART) Daemon.
[[0;32m  OK  [0m] Started NTP client/server.
[[0;32m  OK  [0m] Started Network Manager.
         Starting Network Manager Wait Online...
[[0;32m  OK  [0m] Reached target Network.
         Starting OpenSSH server daemon...
         Starting Dynamic System Tuning Daemon...
         Starting GSSAPI Proxy Daemon...
[[0;32m  OK  [0m] Started update of the root trust anâ€¦ for DNSSEC validation in unbound.
         Starting Hostname Service...
[[0;32m  OK  [0m] Started OpenSSH server daemon.
[[0;32m  OK  [0m] Started Authorization Manager.
[[0;32m  OK  [0m] Started GSSAPI Proxy Daemon.
[[0;32m  OK  [0m] Reached target NFS client services.
[[0;32m  OK  [0m] Reached target Remote File Systems (Pre).
[[0;32m  OK  [0m] Reached target Remote File Systems.
         Starting Permit User Sessions...
[[0;32m  OK  [0m] Started Permit User Sessions.
         Starting Terminate Plymouth Boot Screen...
         Starting Hold until boot process finishes up...
[[0;32m  OK  [0m] Started Command Scheduler.
[[0;32m  OK  [0m] Started Terminate Plymouth Boot Screen.
[[0;32m  OK  [0m] Started Hold until boot process finishes up.
[   19.747727] e1000: eth0 NIC Link is Up 1000 Mbps Full Duplex, Flow Control: RX
[   19.752958] IPv6: ADDRCONF(NETDEV_CHANGE): eth0: link becomes ready
[   21.475762] Spectre V2 : WARNING: Unprivileged eBPF is enabled with eIBRS on, data leaks possible via Spectre v2 BHB attacks!
[   21.480267] Spectre V2 : WARNING: Unprivileged eBPF is enabled with eIBRS on, data leaks possible via Spectre v2 BHB attacks!

CentOS Stream 8
Kernel 6.3.0-rc6-09a9639e56c0+ on an x86_64

test login: [   23.989474] memfd_create() without MFD_EXEC nor MFD_NOEXEC_SEAL, pid=327 'systemd'
[   35.534941] hrtimer: interrupt took 310795 ns
[   47.831453] rcu_tasks_wait_gp: rcu_tasks grace period number 9 (since boot) is 2519 jiffies old.
[   78.295714] rcu_tasks_wait_gp: rcu_tasks grace period number 9 (since boot) is 10135 jiffies old.
[  168.791423] rcu_tasks_wait_gp: rcu_tasks grace period number 9 (since boot) is 32759 jiffies old.
[  300.472314] INFO: task repro:522 blocked for more than 147 seconds.
[  300.473748]       Not tainted 6.3.0-rc6-09a9639e56c0+ #1
[  300.475271] "echo 0 > /proc/sys/kernel/hung_task_timeout_secs" disables this message.
[  300.476613] task:repro           state:D stack:0     pid:522   ppid:519    flags:0x00004006
[  300.478156] Call Trace:
[  300.478999]  <TASK>
[  300.480236]  __schedule+0x40a/0xc30
[  300.482148]  schedule+0x5b/0xe0
[  300.483201]  schedule_preempt_disabled+0x1c/0x30
[  300.484116]  __mutex_lock+0x824/0xcb0
[  300.484999]  ? perf_trace_destroy+0x21/0xa0
[  300.486712]  ? perf_trace_destroy+0x21/0xa0
[  300.488059]  ? __pfx_tp_perf_event_destroy+0x10/0x10
[  300.489541]  mutex_lock_nested+0x1f/0x30
[  300.490401]  ? mutex_lock_nested+0x1f/0x30
[  300.491590]  perf_trace_destroy+0x21/0xa0
[  300.492491]  ? __pfx_tp_perf_event_destroy+0x10/0x10
[  300.493519]  tp_perf_event_destroy+0x1e/0x30
[  300.494499]  _free_event+0x101/0x810
[  300.495810]  put_event+0x3c/0x50
[  300.496666]  perf_event_release_kernel+0x2de/0x360
[  300.497611]  ? perf_event_release_kernel+0x9/0x360
[  300.498723]  ? __pfx_perf_release+0x10/0x10
[  300.499929]  perf_release+0x22/0x30
[  300.500757]  __fput+0x11f/0x450
[  300.501771]  ____fput+0x1e/0x30
[  300.502530]  task_work_run+0xb6/0x120
[  300.503839]  do_exit+0x547/0x12b0
[  300.504953]  ? write_comp_data+0x2f/0x90
[  300.506203]  do_group_exit+0x5e/0xf0
[  300.507403]  get_signal+0x1465/0x14a0
[  300.508763]  arch_do_signal_or_restart+0x33/0x280
[  300.510672]  exit_to_user_mode_prepare+0x13b/0x210
[  300.512420]  syscall_exit_to_user_mode+0x2d/0x60
[  300.513645]  do_syscall_64+0x4a/0x90
[  300.514696]  entry_SYSCALL_64_after_hwframe+0x72/0xdc
[  300.516133] RIP: 0033:0x7fbd051f059d
[  300.516921] RSP: 002b:00007ffed0278758 EFLAGS: 00000246 ORIG_RAX: 000000000000012a
[  300.518282] RAX: 0000000000000003 RBX: 0000000000000000 RCX: 00007fbd051f059d
[  300.519794] RDX: 0000000000000000 RSI: 0000000000000000 RDI: 0000000020000080
[  300.521046] RBP: 00007ffed0278770 R08: 0000000000000000 R09: 00007ffed0278770
[  300.522300] R10: 00000000ffffffff R11: 0000000000000246 R12: 00000000004011c0
[  300.523851] R13: 00007ffed0278890 R14: 0000000000000000 R15: 0000000000000000
[  300.525615]  </TASK>
[  300.526195] INFO: task repro:525 blocked for more than 147 seconds.
[  300.528409]       Not tainted 6.3.0-rc6-09a9639e56c0+ #1
[  300.529564] "echo 0 > /proc/sys/kernel/hung_task_timeout_secs" disables this message.
[  300.534086] task:repro           state:D stack:0     pid:525   ppid:518    flags:0x00004006
[  300.536774] Call Trace:
[  300.537402]  <TASK>
[  300.538179]  __schedule+0x40a/0xc30
[  300.539569]  schedule+0x5b/0xe0
[  300.540383]  schedule_preempt_disabled+0x1c/0x30
[  300.541349]  __mutex_lock+0x824/0xcb0
[  300.542212]  ? perf_trace_destroy+0x21/0xa0
[  300.543311]  ? perf_trace_destroy+0x21/0xa0
[  300.544410]  ? __pfx_tp_perf_event_destroy+0x10/0x10
[  300.545457]  mutex_lock_nested+0x1f/0x30
[  300.546235]  ? mutex_lock_nested+0x1f/0x30
[  300.547471]  perf_trace_destroy+0x21/0xa0
[  300.548333]  ? __pfx_tp_perf_event_destroy+0x10/0x10
[  300.549368]  tp_perf_event_destroy+0x1e/0x30
[  300.550311]  _free_event+0x101/0x810
[  300.551455]  put_event+0x3c/0x50
[  300.552206]  perf_event_release_kernel+0x2de/0x360
[  300.553096]  ? perf_event_release_kernel+0x9/0x360
[  300.554203]  ? __pfx_perf_release+0x10/0x10
[  300.555384]  perf_release+0x22/0x30
[  300.556189]  __fput+0x11f/0x450
[  300.557171]  ____fput+0x1e/0x30
[  300.557918]  task_work_run+0xb6/0x120
[  300.559041]  do_exit+0x547/0x12b0
[  300.559848]  ? write_comp_data+0x2f/0x90
[  300.560878]  do_group_exit+0x5e/0xf0
[  300.561812]  get_signal+0x1465/0x14a0
[  300.563278]  arch_do_signal_or_restart+0x33/0x280
[  300.564723]  exit_to_user_mode_prepare+0x13b/0x210
[  300.565740]  syscall_exit_to_user_mode+0x2d/0x60
[  300.566741]  do_syscall_64+0x4a/0x90
[  300.568239]  entry_SYSCALL_64_after_hwframe+0x72/0xdc
[  300.569210] RIP: 0033:0x7fbd051f059d
[  300.569938] RSP: 002b:00007ffed0278758 EFLAGS: 00000246 ORIG_RAX: 000000000000012a
[  300.571697] RAX: 0000000000000003 RBX: 0000000000000000 RCX: 00007fbd051f059d
[  300.573085] RDX: 0000000000000000 RSI: 0000000000000000 RDI: 0000000020000080
[  300.575103] RBP: 00007ffed0278770 R08: 0000000000000000 R09: 00007ffed0278770
[  300.576862] R10: 00000000ffffffff R11: 0000000000000246 R12: 00000000004011c0
[  300.578535] R13: 00007ffed0278890 R14: 0000000000000000 R15: 0000000000000000
[  300.581034]  </TASK>
[  300.582039] INFO: task repro:527 blocked for more than 147 seconds.
[  300.583847]       Not tainted 6.3.0-rc6-09a9639e56c0+ #1
[  300.585199] "echo 0 > /proc/sys/kernel/hung_task_timeout_secs" disables this message.
[  300.587415] task:repro           state:D stack:0     pid:527   ppid:524    flags:0x00004006
[  300.589470] Call Trace:
[  300.590192]  <TASK>
[  300.591393]  __schedule+0x40a/0xc30
[  300.592738]  schedule+0x5b/0xe0
[  300.593742]  schedule_preempt_disabled+0x1c/0x30
[  300.595274]  __mutex_lock+0x824/0xcb0
[  300.596427]  ? perf_trace_destroy+0x21/0xa0
[  300.597585]  ? perf_trace_destroy+0x21/0xa0
[  300.599234]  ? __pfx_tp_perf_event_destroy+0x10/0x10
[  300.600976]  mutex_lock_nested+0x1f/0x30
[  300.602083]  ? mutex_lock_nested+0x1f/0x30
[  300.603554]  perf_trace_destroy+0x21/0xa0
[  300.604760]  ? __pfx_tp_perf_event_destroy+0x10/0x10
[  300.606096]  tp_perf_event_destroy+0x1e/0x30
[  300.607578]  _free_event+0x101/0x810
[  300.608860]  put_event+0x3c/0x50
[  300.609869]  perf_event_release_kernel+0x2de/0x360
[  300.611429]  ? perf_event_release_kernel+0x9/0x360
[  300.612872]  ? __pfx_perf_release+0x10/0x10
[  300.614098]  perf_release+0x22/0x30
[  300.615420]  __fput+0x11f/0x450
[  300.616590]  ____fput+0x1e/0x30
[  300.617611]  task_work_run+0xb6/0x120
[  300.619342]  do_exit+0x547/0x12b0
[  300.620449]  ? write_comp_data+0x2f/0x90
[  300.621768]  do_group_exit+0x5e/0xf0
[  300.623427]  get_signal+0x1465/0x14a0
[  300.624874]  arch_do_signal_or_restart+0x33/0x280
[  300.626559]  exit_to_user_mode_prepare+0x13b/0x210
[  300.628154]  syscall_exit_to_user_mode+0x2d/0x60
[  300.629410]  do_syscall_64+0x4a/0x90
[  300.630421]  entry_SYSCALL_64_after_hwframe+0x72/0xdc
[  300.631938] RIP: 0033:0x7fbd051f059d
[  300.632910] RSP: 002b:00007ffed0278758 EFLAGS: 00000246 ORIG_RAX: 000000000000012a
[  300.635519] RAX: 0000000000000003 RBX: 0000000000000000 RCX: 00007fbd051f059d
[  300.637270] RDX: 0000000000000000 RSI: 0000000000000000 RDI: 0000000020000080
[  300.639147] RBP: 00007ffed0278770 R08: 0000000000000000 R09: 00007ffed0278770
[  300.640790] R10: 00000000ffffffff R11: 0000000000000246 R12: 00000000004011c0
[  300.642432] R13: 00007ffed0278890 R14: 0000000000000000 R15: 0000000000000000
[  300.644822]  </TASK>
[  300.645505] INFO: task repro:526 blocked for more than 147 seconds.
[  300.647288]       Not tainted 6.3.0-rc6-09a9639e56c0+ #1
[  300.648720] "echo 0 > /proc/sys/kernel/hung_task_timeout_secs" disables this message.
[  300.650494] task:repro           state:D stack:0     pid:526   ppid:523    flags:0x00004006
[  300.652716] Call Trace:
[  300.653438]  <TASK>
[  300.654211]  __schedule+0x40a/0xc30
[  300.655670]  ? wait_for_completion+0x7b/0x180
[  300.656795]  schedule+0x5b/0xe0
[  300.657688]  schedule_timeout+0x4db/0x5b0
[  300.659227]  ? schedule_timeout+0x9/0x5b0
[  300.661619]  ? wait_for_completion+0x7b/0x180
[  300.663053]  wait_for_completion+0xa6/0x180
[  300.664416]  __wait_rcu_gp+0x136/0x160
[  300.665564]  ? __pfx_arch_ftrace_ops_list_func+0x10/0x10
[  300.667442]  synchronize_rcu_tasks_generic.part.24+0x3b/0x60
[  300.668863]  ? __pfx_call_rcu_tasks+0x10/0x10
[  300.670113]  ? __pfx_wakeme_after_rcu+0x10/0x10
[  300.671816]  ? verify_cpu+0x10/0x100
[  300.673394]  synchronize_rcu_tasks_generic+0x24/0x70
[  300.674696]  synchronize_rcu_tasks+0x19/0x20
[  300.676080]  ftrace_shutdown+0x1cc/0x410
[  300.677553]  unregister_ftrace_function+0x35/0x230
[  300.679050]  ? __sanitizer_cov_trace_switch+0x57/0xa0
[  300.680908]  perf_ftrace_event_register+0x95/0xf0
[  300.682184]  ? __pfx_tp_perf_event_destroy+0x10/0x10
[  300.683665]  perf_trace_destroy+0x3a/0xa0
[  300.684731]  ? __pfx_tp_perf_event_destroy+0x10/0x10
[  300.685955]  tp_perf_event_destroy+0x1e/0x30
[  300.687306]  _free_event+0x101/0x810
[  300.688414]  put_event+0x3c/0x50
[  300.689376]  perf_event_release_kernel+0x2de/0x360
[  300.690583]  ? perf_event_release_kernel+0x9/0x360
[  300.693278]  ? __pfx_perf_release+0x10/0x10
[  300.694460]  perf_release+0x22/0x30
[  300.695698]  __fput+0x11f/0x450
[  300.696855]  ____fput+0x1e/0x30
[  300.697771]  task_work_run+0xb6/0x120
[  300.699119]  do_exit+0x547/0x12b0
[  300.700174]  ? write_comp_data+0x2f/0x90
[  300.701456]  do_group_exit+0x5e/0xf0
[  300.702541]  get_signal+0x1465/0x14a0
[  300.704173]  arch_do_signal_or_restart+0x33/0x280
[  300.705795]  exit_to_user_mode_prepare+0x13b/0x210
[  300.707400]  syscall_exit_to_user_mode+0x2d/0x60
[  300.708676]  do_syscall_64+0x4a/0x90
[  300.709685]  entry_SYSCALL_64_after_hwframe+0x72/0xdc
[  300.711155] RIP: 0033:0x7fbd051f059d
[  300.712128] RSP: 002b:00007ffed0278758 EFLAGS: 00000246 ORIG_RAX: 000000000000012a
[  300.714324] RAX: 0000000000000003 RBX: 0000000000000000 RCX: 00007fbd051f059d
[  300.716292] RDX: 0000000000000000 RSI: 0000000000000000 RDI: 0000000020000080
[  300.717941] RBP: 00007ffed0278770 R08: 0000000000000000 R09: 00007ffed0278770
[  300.719900] R10: 00000000ffffffff R11: 0000000000000246 R12: 00000000004011c0
[  300.721536] R13: 00007ffed0278890 R14: 0000000000000000 R15: 0000000000000000
[  300.723941]  </TASK>
[  300.724967] INFO: task repro:531 blocked for more than 147 seconds.
[  300.726459]       Not tainted 6.3.0-rc6-09a9639e56c0+ #1
[  300.727980] "echo 0 > /proc/sys/kernel/hung_task_timeout_secs" disables this message.
[  300.729730] task:repro           state:D stack:0     pid:531   ppid:528    flags:0x00004006
[  300.732076] Call Trace:
[  300.732790]  <TASK>
[  300.733574]  __schedule+0x40a/0xc30
[  300.735104]  schedule+0x5b/0xe0
[  300.736055]  schedule_preempt_disabled+0x1c/0x30
[  300.737265]  __mutex_lock+0x824/0xcb0
[  300.738340]  ? perf_trace_destroy+0x21/0xa0
[  300.739668]  ? perf_trace_destroy+0x21/0xa0
[  300.742711]  ? __pfx_tp_perf_event_destroy+0x10/0x10
[  300.744833]  mutex_lock_nested+0x1f/0x30
[  300.746173]  ? mutex_lock_nested+0x1f/0x30
[  300.747848]  perf_trace_destroy+0x21/0xa0
[  300.749422]  ? __pfx_tp_perf_event_destroy+0x10/0x10
[  300.751200]  tp_perf_event_destroy+0x1e/0x30
[  300.752603]  _free_event+0x101/0x810
[  300.753938]  put_event+0x3c/0x50
[  300.755244]  perf_event_release_kernel+0x2de/0x360
[  300.756396]  ? perf_event_release_kernel+0x9/0x360
[  300.757548]  ? __pfx_perf_release+0x10/0x10
[  300.758584]  perf_release+0x22/0x30
[  300.760145]  __fput+0x11f/0x450
[  300.761498]  ____fput+0x1e/0x30
[  300.762471]  task_work_run+0xb6/0x120
[  300.763875]  do_exit+0x547/0x12b0
[  300.764944]  ? write_comp_data+0x2f/0x90
[  300.766221]  do_group_exit+0x5e/0xf0
[  300.767633]  get_signal+0x1465/0x14a0
[  300.769130]  arch_do_signal_or_restart+0x33/0x280
[  300.771126]  exit_to_user_mode_prepare+0x13b/0x210
[  300.772520]  syscall_exit_to_user_mode+0x2d/0x60
[  300.773804]  do_syscall_64+0x4a/0x90
[  300.775119]  entry_SYSCALL_64_after_hwframe+0x72/0xdc
[  300.776435] RIP: 0033:0x7fbd051f059d
[  300.777428] RSP: 002b:00007ffed0278758 EFLAGS: 00000246 ORIG_RAX: 000000000000012a
[  300.779601] RAX: 0000000000000003 RBX: 0000000000000000 RCX: 00007fbd051f059d
[  300.781342] RDX: 0000000000000000 RSI: 0000000000000000 RDI: 0000000020000080
[  300.783304] RBP: 00007ffed0278770 R08: 0000000000000000 R09: 00007ffed0278770
[  300.785223] R10: 00000000ffffffff R11: 0000000000000246 R12: 00000000004011c0
[  300.787271] R13: 00007ffed0278890 R14: 0000000000000000 R15: 0000000000000000
[  300.789652]  </TASK>
[  300.790410] INFO: task repro:532 blocked for more than 147 seconds.
[  300.792295]       Not tainted 6.3.0-rc6-09a9639e56c0+ #1
[  300.793794] "echo 0 > /proc/sys/kernel/hung_task_timeout_secs" disables this message.
[  300.795980] task:repro           state:D stack:0     pid:532   ppid:530    flags:0x00004006
[  300.798369] Call Trace:
[  300.799518]  <TASK>
[  300.800424]  __schedule+0x40a/0xc30
[  300.801893]  schedule+0x5b/0xe0
[  300.803249]  schedule_preempt_disabled+0x1c/0x30
[  300.804632]  __mutex_lock+0x824/0xcb0
[  300.805901]  ? perf_trace_destroy+0x21/0xa0
[  300.807481]  ? perf_trace_destroy+0x21/0xa0
[  300.809055]  ? __pfx_tp_perf_event_destroy+0x10/0x10
[  300.810727]  mutex_lock_nested+0x1f/0x30
[  300.812151]  ? mutex_lock_nested+0x1f/0x30
[  300.813479]  perf_trace_destroy+0x21/0xa0
[  300.814727]  ? __pfx_tp_perf_event_destroy+0x10/0x10
[  300.816465]  tp_perf_event_destroy+0x1e/0x30
[  300.817736]  _free_event+0x101/0x810
[  300.819223]  put_event+0x3c/0x50
[  300.820265]  perf_event_release_kernel+0x2de/0x360
[  300.821559]  ? perf_event_release_kernel+0x9/0x360
[  300.823282]  ? __pfx_perf_release+0x10/0x10
[  300.824563]  perf_release+0x22/0x30
[  300.826086]  __fput+0x11f/0x450
[  300.828425]  ____fput+0x1e/0x30
[  300.829556]  task_work_run+0xb6/0x120
[  300.831121]  do_exit+0x547/0x12b0
[  300.832273]  ? write_comp_data+0x2f/0x90
[  300.833649]  do_group_exit+0x5e/0xf0
[  300.835255]  get_signal+0x1465/0x14a0
[  300.836832]  arch_do_signal_or_restart+0x33/0x280
[  300.838588]  exit_to_user_mode_prepare+0x13b/0x210
[  300.840257]  syscall_exit_to_user_mode+0x2d/0x60
[  300.841992]  do_syscall_64+0x4a/0x90
[  300.843363]  entry_SYSCALL_64_after_hwframe+0x72/0xdc
[  300.844796] RIP: 0033:0x7fbd051f059d
[  300.845808] RSP: 002b:00007ffed0278758 EFLAGS: 00000246 ORIG_RAX: 000000000000012a
[  300.848058] RAX: 0000000000000003 RBX: 0000000000000000 RCX: 00007fbd051f059d
[  300.849829] RDX: 0000000000000000 RSI: 0000000000000000 RDI: 0000000020000080
[  300.851893] RBP: 00007ffed0278770 R08: 0000000000000000 R09: 00007ffed0278770
[  300.853771] R10: 00000000ffffffff R11: 0000000000000246 R12: 00000000004011c0
[  300.855873] R13: 00007ffed0278890 R14: 0000000000000000 R15: 0000000000000000
[  300.858414]  </TASK>
[  300.863206] INFO: task repro:533 blocked for more than 147 seconds.
[  300.864920]       Not tainted 6.3.0-rc6-09a9639e56c0+ #1
[  300.866311] "echo 0 > /proc/sys/kernel/hung_task_timeout_secs" disables this message.
[  300.868611] task:repro           state:D stack:0     pid:533   ppid:529    flags:0x00004006
[  300.871068] Call Trace:
[  300.871874]  <TASK>
[  300.872741]  __schedule+0x40a/0xc30
[  300.874234]  schedule+0x5b/0xe0
[  300.875633]  schedule_preempt_disabled+0x1c/0x30
[  300.877014]  __mutex_lock+0x824/0xcb0
[  300.878219]  ? perf_trace_destroy+0x21/0xa0
[  300.879743]  ? perf_trace_destroy+0x21/0xa0
[  300.881232]  ? __pfx_tp_perf_event_destroy+0x10/0x10
[  300.883019]  mutex_lock_nested+0x1f/0x30
[  300.884242]  ? mutex_lock_nested+0x1f/0x30
[  300.885511]  perf_trace_destroy+0x21/0xa0
[  300.887709]  ? __pfx_tp_perf_event_destroy+0x10/0x10
[  300.889138]  tp_perf_event_destroy+0x1e/0x30
[  300.890417]  _free_event+0x101/0x810
[  300.891879]  put_event+0x3c/0x50
[  300.892935]  perf_event_release_kernel+0x2de/0x360
[  300.894259]  ? perf_event_release_kernel+0x9/0x360
[  300.896011]  ? __pfx_perf_release+0x10/0x10
[  300.897278]  perf_release+0x22/0x30
[  300.898389]  __fput+0x11f/0x450
[  300.899857]  ____fput+0x1e/0x30
[  300.900877]  task_work_run+0xb6/0x120
[  300.902086]  do_exit+0x547/0x12b0
[  300.903451]  ? write_comp_data+0x2f/0x90
[  300.904837]  do_group_exit+0x5e/0xf0
[  300.906026]  get_signal+0x1465/0x14a0
[  300.907829]  arch_do_signal_or_restart+0x33/0x280
[  300.909624]  exit_to_user_mode_prepare+0x13b/0x210
[  300.911315]  syscall_exit_to_user_mode+0x2d/0x60
[  300.912707]  do_syscall_64+0x4a/0x90
[  300.913817]  entry_SYSCALL_64_after_hwframe+0x72/0xdc
[  300.915465] RIP: 0033:0x7fbd051f059d
[  300.916580] RSP: 002b:00007ffed0278758 EFLAGS: 00000246 ORIG_RAX: 000000000000012a
[  300.918477] RAX: 0000000000000003 RBX: 0000000000000000 RCX: 00007fbd051f059d
[  300.920501] RDX: 0000000000000000 RSI: 0000000000000000 RDI: 0000000020000080
[  300.922274] RBP: 00007ffed0278770 R08: 0000000000000000 R09: 00007ffed0278770
[  300.924298] R10: 00000000ffffffff R11: 0000000000000246 R12: 00000000004011c0
[  300.926116] R13: 00007ffed0278890 R14: 0000000000000000 R15: 0000000000000000
[  300.928718]  </TASK>
[  300.929467] 
[  300.929467] Showing all locks held in the system:
[  300.932324] 1 lock held by rcu_tasks_kthre/11:
[  300.933609] 1 lock held by rcu_tasks_rude_/12:
[  300.935101]  #0: ffffffff83d631d0 (rcu_tasks_rude.tasks_gp_mutex){+.+.}-{3:3}, at: rcu_tasks_one_gp+0x31/0x420
[  300.938064] 1 lock held by rcu_tasks_trace/13:
[  300.939538]  #0: ffffffff83d62f10 (rcu_tasks_trace.tasks_gp_mutex){+.+.}-{3:3}, at: rcu_tasks_one_gp+0x31/0x420
[  300.942465] 1 lock held by khungtaskd/30:
[  300.943788]  #0: ffffffff83d63e60 (rcu_read_lock){....}-{1:2}, at: debug_show_all_locks+0x1b/0x1e0
[  300.946578] 5 locks held by in:imjournal/310:
[  300.948139] 1 lock held by repro/522:
[  300.949195]  #0: ffffffff83e20668 (event_mutex){+.+.}-{3:3}, at: perf_trace_destroy+0x21/0xa0
[  300.952037] 1 lock held by repro/525:
[  300.953053]  #0: ffffffff83e20668 (event_mutex){+.+.}-{3:3}, at: perf_trace_destroy+0x21/0xa0
[  300.955962] 1 lock held by repro/527:
[  300.957090]  #0: ffffffff83e20668 (event_mutex){+.+.}-{3:3}, at: perf_trace_destroy+0x21/0xa0
[  300.960157] 2 locks held by repro/526:
[  300.961224]  #0: ffffffff83e20668 (event_mutex){+.+.}-{3:3}, at: perf_trace_destroy+0x21/0xa0
[  300.964189]  #1: ffffffff83e1cd28 (ftrace_lock){+.+.}-{3:3}, at: unregister_ftrace_function+0x2b/0x230
[  300.967293] 1 lock held by repro/531:
[  300.968416]  #0: ffffffff83e20668 (event_mutex){+.+.}-{3:3}, at: perf_trace_destroy+0x21/0xa0
[  300.971399] 1 lock held by repro/532:
[  300.972461]  #0: ffffffff83e20668 (event_mutex){+.+.}-{3:3}, at: perf_trace_destroy+0x21/0xa0
[  300.975358] 1 lock held by repro/533:
[  300.976483]  #0: ffffffff83e20668 (event_mutex){+.+.}-{3:3}, at: perf_trace_destroy+0x21/0xa0
[  300.979356] 
[  300.979924] =============================================
[  300.979924] 
