c[?7l[2J[0mSeaBIOS (version rel-1.16.0-0-gd239552ce722-prebuilt.qemu.org)


iPXE (http://ipxe.org) 00:03.0 CA00 PCI2.10 PnP PMM+7FF91000+7FEF1000 CA00
Press Ctrl-B to configure iPXE (PCI 00:03.0)...                                                                               


Booting from ROM..c[?7l[2J[    0.000000] Linux version 6.1.0-rc3-2b0145032877+ (root@p-adln01) (gcc (GCC) 8.5.0 20210514 (Red Hat 8.5.0-18), GNU ld version 2.36.1-2.el8) #1 SMP PREEMPT_DYNAMIC Wed Apr 12 13:22:24 CST 2023
[    0.000000] Command line: console=ttyS0 root=/dev/sda earlyprintk=serial net.ifnames=0
[    0.000000] KERNEL supported cpus:
[    0.000000]   Intel GenuineIntel
[    0.000000]   AMD AuthenticAMD
[    0.000000]   Hygon HygonGenuine
[    0.000000]   Centaur CentaurHauls
[    0.000000]   zhaoxin   Shanghai  
[    0.000000] x86/fpu: Supporting XSAVE feature 0x001: 'x87 floating point registers'
[    0.000000] x86/fpu: Supporting XSAVE feature 0x002: 'SSE registers'
[    0.000000] x86/fpu: Supporting XSAVE feature 0x004: 'AVX registers'
[    0.000000] x86/fpu: Supporting XSAVE feature 0x200: 'Protection Keys User registers'
[    0.000000] x86/fpu: xstate_offset[2]:  576, xstate_sizes[2]:  256
[    0.000000] x86/fpu: xstate_offset[9]:  832, xstate_sizes[9]:    8
[    0.000000] x86/fpu: Enabled xstate features 0x207, context size is 840 bytes, using 'compacted' format.
[    0.000000] signal: max sigframe size: 3632
[    0.000000] BIOS-provided physical RAM map:
[    0.000000] BIOS-e820: [mem 0x0000000000000000-0x000000000009fbff] usable
[    0.000000] BIOS-e820: [mem 0x000000000009fc00-0x000000000009ffff] reserved
[    0.000000] BIOS-e820: [mem 0x00000000000f0000-0x00000000000fffff] reserved
[    0.000000] BIOS-e820: [mem 0x0000000000100000-0x000000007ffdffff] usable
[    0.000000] BIOS-e820: [mem 0x000000007ffe0000-0x000000007fffffff] reserved
[    0.000000] BIOS-e820: [mem 0x00000000feffc000-0x00000000feffffff] reserved
[    0.000000] BIOS-e820: [mem 0x00000000fffc0000-0x00000000ffffffff] reserved
[    0.000000] printk: bootconsole [earlyser0] enabled
[    0.000000] NX (Execute Disable) protection: active
[    0.000000] SMBIOS 2.8 present.
[    0.000000] DMI: QEMU Standard PC (i440FX + PIIX, 1996), BIOS rel-1.16.0-0-gd239552ce722-prebuilt.qemu.org 04/01/2014
[    0.000000] Hypervisor detected: KVM
[    0.000000] kvm-clock: Using msrs 4b564d01 and 4b564d00
[    0.000004] kvm-clock: using sched offset of 422438153 cycles
[    0.000609] clocksource: kvm-clock: mask: 0xffffffffffffffff max_cycles: 0x1cd42e4dffb, max_idle_ns: 881590591483 ns
[    0.002492] tsc: Detected 1804.800 MHz processor
[    0.011864] last_pfn = 0x7ffe0 max_arch_pfn = 0x400000000
[    0.012605] x86/PAT: Configuration [0-7]: WB  WC  UC- UC  WB  WP  UC- WT  
[    0.020977] found SMP MP-table at [mem 0x000f5ba0-0x000f5baf]
[    0.021786] Using GB pages for direct mapping
[    0.023914] ACPI: Early table checksum verification disabled
[    0.024616] ACPI: RSDP 0x00000000000F59C0 000014 (v00 BOCHS )
[    0.025304] ACPI: RSDT 0x000000007FFE1951 000034 (v01 BOCHS  BXPC     00000001 BXPC 00000001)
[    0.026313] ACPI: FACP 0x000000007FFE17FD 000074 (v01 BOCHS  BXPC     00000001 BXPC 00000001)
[    0.027324] ACPI: DSDT 0x000000007FFE0040 0017BD (v01 BOCHS  BXPC     00000001 BXPC 00000001)
[    0.028409] ACPI: FACS 0x000000007FFE0000 000040
[    0.029012] ACPI: APIC 0x000000007FFE1871 000080 (v01 BOCHS  BXPC     00000001 BXPC 00000001)
[    0.030053] ACPI: HPET 0x000000007FFE18F1 000038 (v01 BOCHS  BXPC     00000001 BXPC 00000001)
[    0.031059] ACPI: WAET 0x000000007FFE1929 000028 (v01 BOCHS  BXPC     00000001 BXPC 00000001)
[    0.032082] ACPI: Reserving FACP table memory at [mem 0x7ffe17fd-0x7ffe1870]
[    0.032899] ACPI: Reserving DSDT table memory at [mem 0x7ffe0040-0x7ffe17fc]
[    0.033709] ACPI: Reserving FACS table memory at [mem 0x7ffe0000-0x7ffe003f]
[    0.034518] ACPI: Reserving APIC table memory at [mem 0x7ffe1871-0x7ffe18f0]
[    0.035326] ACPI: Reserving HPET table memory at [mem 0x7ffe18f1-0x7ffe1928]
[    0.036195] ACPI: Reserving WAET table memory at [mem 0x7ffe1929-0x7ffe1950]
[    0.038450] No NUMA configuration found
[    0.038972] Faking a node at [mem 0x0000000000000000-0x000000007ffdffff]
[    0.039964] NODE_DATA(0) allocated [mem 0x7ffb5000-0x7ffdffff]
[    0.044772] Zone ranges:
[    0.045111]   DMA      [mem 0x0000000000001000-0x0000000000ffffff]
[    0.045983]   DMA32    [mem 0x0000000001000000-0x000000007ffdffff]
[    0.047184]   Normal   empty
[    0.047548]   Device   empty
[    0.047944] Movable zone start for each node
[    0.048486] Early memory node ranges
[    0.048951]   node   0: [mem 0x0000000000001000-0x000000000009efff]
[    0.049760]   node   0: [mem 0x0000000000100000-0x000000007ffdffff]
[    0.050522] Initmem setup node 0 [mem 0x0000000000001000-0x000000007ffdffff]
[    0.052498] On node 0, zone DMA: 1 pages in unavailable ranges
[    0.052739] On node 0, zone DMA: 97 pages in unavailable ranges
[    0.109536] On node 0, zone DMA32: 32 pages in unavailable ranges
[    0.110619] ACPI: PM-Timer IO Port: 0x608
[    0.111798] ACPI: LAPIC_NMI (acpi_id[0xff] dfl dfl lint[0x1])
[    0.112553] IOAPIC[0]: apic_id 0, version 17, address 0xfec00000, GSI 0-23
[    0.113355] ACPI: INT_SRC_OVR (bus 0 bus_irq 0 global_irq 2 dfl dfl)
[    0.114070] ACPI: INT_SRC_OVR (bus 0 bus_irq 5 global_irq 5 high level)
[    0.114809] ACPI: INT_SRC_OVR (bus 0 bus_irq 9 global_irq 9 high level)
[    0.115583] ACPI: INT_SRC_OVR (bus 0 bus_irq 10 global_irq 10 high level)
[    0.116404] ACPI: INT_SRC_OVR (bus 0 bus_irq 11 global_irq 11 high level)
[    0.117213] ACPI: Using ACPI (MADT) for SMP configuration information
[    0.117964] ACPI: HPET id: 0x8086a201 base: 0xfed00000
[    0.118583] TSC deadline timer available
[    0.119039] smpboot: Allowing 2 CPUs, 0 hotplug CPUs
[    0.119702] kvm-guest: KVM setup pv remote TLB flush
[    0.120311] kvm-guest: setup PV sched yield
[    0.120890] PM: hibernation: Registered nosave memory: [mem 0x00000000-0x00000fff]
[    0.121787] PM: hibernation: Registered nosave memory: [mem 0x0009f000-0x0009ffff]
[    0.122670] PM: hibernation: Registered nosave memory: [mem 0x000a0000-0x000effff]
[    0.123546] PM: hibernation: Registered nosave memory: [mem 0x000f0000-0x000fffff]
[    0.124451] [mem 0x80000000-0xfeffbfff] available for PCI devices
[    0.125161] Booting paravirtualized kernel on KVM
[    0.125740] clocksource: refined-jiffies: mask: 0xffffffff max_cycles: 0xffffffff, max_idle_ns: 7645519600211568 ns
[    0.126972] setup_percpu: NR_CPUS:8192 nr_cpumask_bits:2 nr_cpu_ids:2 nr_node_ids:1
[    0.130033] percpu: Embedded 64 pages/cpu s225280 r8192 d28672 u1048576
[    0.131140] kvm-guest: PV spinlocks enabled
[    0.131687] PV qspinlock hash table entries: 256 (order: 0, 4096 bytes, linear)
[    0.132675] Fallback order for Node 0: 0 
[    0.133182] Built 1 zonelists, mobility grouping on.  Total pages: 515808
[    0.133978] Policy zone: DMA32
[    0.134342] Kernel command line: net.ifnames=0 console=ttyS0 root=/dev/sda earlyprintk=serial net.ifnames=0
[    0.137830] Dentry cache hash table entries: 262144 (order: 9, 2097152 bytes, linear)
[    0.138827] Inode-cache hash table entries: 131072 (order: 8, 1048576 bytes, linear)
[    0.139859] mem auto-init: stack:off, heap alloc:off, heap free:off
[    0.149096] Memory: 1985384K/2096632K available (32784K kernel code, 4691K rwdata, 7816K rodata, 3672K init, 22124K bss, 110992K reserved, 0K cma-reserved)
[    0.151976] SLUB: HWalign=64, Order=0-3, MinObjects=0, CPUs=2, Nodes=1
[    0.152740] kmemleak: Kernel memory leak detector disabled
[    0.153398] ftrace: allocating 67271 entries in 263 pages
[    0.181829] ftrace: allocated 263 pages with 4 groups
[    0.185657] Dynamic Preempt: voluntary
[    0.186334] Running RCU self tests
[    0.186744] rcu: Preemptible hierarchical RCU implementation.
[    0.187403] rcu: 	RCU lockdep checking is enabled.
[    0.187963] rcu: 	RCU restricting CPUs from NR_CPUS=8192 to nr_cpu_ids=2.
[    0.188742] 	Trampoline variant of Tasks RCU enabled.
[    0.189323] 	Rude variant of Tasks RCU enabled.
[    0.189843] 	Tracing variant of Tasks RCU enabled.
[    0.190391] rcu: RCU calculated value of scheduler-enlistment delay is 25 jiffies.
[    0.191256] rcu: Adjusting geometry for rcu_fanout_leaf=16, nr_cpu_ids=2
[    0.223798] NR_IRQS: 524544, nr_irqs: 440, preallocated irqs: 16
[    0.224897] rcu: srcu_init: Setting srcu_struct sizes based on contention.
[    0.237594] Console: colour VGA+ 80x25
[    0.238141] printk: console [ttyS0] enabled
[    0.238141] printk: console [ttyS0] enabled
[    0.239188] printk: bootconsole [earlyser0] disabled
[    0.239188] printk: bootconsole [earlyser0] disabled
[    0.240436] Lock dependency validator: Copyright (c) 2006 Red Hat, Inc., Ingo Molnar
[    0.241418] ... MAX_LOCKDEP_SUBCLASSES:  8
[    0.241945] ... MAX_LOCK_DEPTH:          48
[    0.242480] ... MAX_LOCKDEP_KEYS:        8192
[    0.243036] ... CLASSHASH_SIZE:          4096
[    0.243594] ... MAX_LOCKDEP_ENTRIES:     32768
[    0.244173] ... MAX_LOCKDEP_CHAINS:      65536
[    0.244733] ... CHAINHASH_SIZE:          32768
[    0.245269]  memory used by lock dependency info: 6365 kB
[    0.245932]  memory used for stack traces: 4224 kB
[    0.246510]  per task-struct memory footprint: 1920 bytes
[    0.247241] ACPI: Core revision 20220331
[    0.248102] clocksource: hpet: mask: 0xffffffff max_cycles: 0xffffffff, max_idle_ns: 19112604467 ns
[    0.249425] APIC: Switch to symmetric I/O mode setup
[    0.250313] x2apic enabled
[    0.250914] Switched APIC routing to physical x2apic.
[    0.251561] kvm-guest: setup PV IPIs
[    0.253252] ..TIMER: vector=0x30 apic1=0 pin1=2 apic2=-1 pin2=-1
[    0.254058] clocksource: tsc-early: mask: 0xffffffffffffffff max_cycles: 0x1a03dfe73b3, max_idle_ns: 440795256845 ns
[    0.255332] Calibrating delay loop (skipped) preset value.. 3609.60 BogoMIPS (lpj=7219200)
[    0.256395] pid_max: default: 32768 minimum: 301
[    0.257146] LSM: Security Framework initializing
[    0.259351] Yama: becoming mindful.
[    0.260074] Mount-cache hash table entries: 4096 (order: 3, 32768 bytes, linear)
[    0.261032] Mountpoint-cache hash table entries: 4096 (order: 3, 32768 bytes, linear)
[    0.265232] x86/cpu: User Mode Instruction Prevention (UMIP) activated
[    0.266645] Last level iTLB entries: 4KB 0, 2MB 0, 4MB 0
[    0.267341] Last level dTLB entries: 4KB 0, 2MB 0, 4MB 0, 1GB 0
[    0.268135] Spectre V1 : Mitigation: usercopy/swapgs barriers and __user pointer sanitization
[    0.269189] Spectre V2 : WARNING: Unprivileged eBPF is enabled with eIBRS on, data leaks possible via Spectre v2 BHB attacks!
[    0.270697] Spectre V2 : Mitigation: Enhanced IBRS
[    0.271318] Spectre V2 : Spectre v2 / SpectreRSB mitigation: Filling RSB on context switch
[    0.272433] Spectre V2 : Spectre v2 / PBRSB-eIBRS: Retire a single CALL on VMEXIT
[    0.273493] Spectre V2 : mitigation: Enabling conditional Indirect Branch Prediction Barrier
[    0.274669] Speculative Store Bypass: Mitigation: Speculative Store Bypass disabled via prctl
[    0.275321] MMIO Stale Data: Unknown: No mitigations
[    0.398868] Freeing SMP alternatives memory: 56K
[    0.399825] smpboot: CPU0: Intel(R) Core(TM) i3-N305 (family: 0x6, model: 0xbe, stepping: 0x0)
[    0.401473] cblist_init_generic: Setting adjustable number of callback queues.
[    0.402407] cblist_init_generic: Setting shift to 1 and lim to 1.
[    0.403242] cblist_init_generic: Setting shift to 1 and lim to 1.
[    0.403392] cblist_init_generic: Setting shift to 1 and lim to 1.
[    0.404206] Running RCU-tasks wait API self tests
[    0.507466] Performance Events: Gracemont events, full-width counters, Intel PMU driver.
[    0.508625] ... version:                2
[    0.509136] ... bit width:              48
[    0.509656] ... generic registers:      6
[    0.510156] ... value mask:             0000ffffffffffff
[    0.510812] ... max period:             00007fffffffffff
[    0.511323] ... fixed-purpose events:   3
[    0.511839] ... event mask:             000000070000003f
[    0.513063] rcu: Hierarchical SRCU implementation.
[    0.513664] rcu: 	Max phase no-delay instances is 1000.
[    0.518127] smp: Bringing up secondary CPUs ...
[    0.519980] x86: Booting SMP configuration:
[    0.520607] .... node  #0, CPUs:      #1
[    0.521171] smp: Brought up 1 node, 2 CPUs
[    0.521171] smpboot: Max logical packages: 1
[    0.523336] smpboot: Total of 2 processors activated (7219.20 BogoMIPS)
[    0.527354] Callback from call_rcu_tasks_trace() invoked.
[    0.529760] devtmpfs: initialized
[    0.529760] x86/mm: Memory block size: 128MB
[    0.535555] clocksource: jiffies: mask: 0xffffffff max_cycles: 0xffffffff, max_idle_ns: 7645041785100000 ns
[    0.536756] futex hash table entries: 512 (order: 4, 65536 bytes, linear)
[    0.537937] pinctrl core: initialized pinctrl subsystem
[    0.539374] 
[    0.539576] *************************************************************
[    0.540371] **     NOTICE NOTICE NOTICE NOTICE NOTICE NOTICE NOTICE    **
[    0.541152] **                                                         **
[    0.541936] **  IOMMU DebugFS SUPPORT HAS BEEN ENABLED IN THIS KERNEL  **
[    0.542716] **                                                         **
[    0.543317] ** This means that this kernel is built to expose internal **
[    0.544113] ** IOMMU data structures, which may compromise security on **
[    0.544889] ** your system.                                            **
[    0.545673] **                                                         **
[    0.546451] ** If you see this message and you are not debugging the   **
[    0.547251] ** kernel, report this immediately to your vendor!         **
[    0.547317] **                                                         **
[    0.548100] **     NOTICE NOTICE NOTICE NOTICE NOTICE NOTICE NOTICE    **
[    0.548885] *************************************************************
[    0.549749] PM: RTC time: 05:23:15, date: 2023-04-12
[    0.554947] NET: Registered PF_NETLINK/PF_ROUTE protocol family
[    0.556072] DMA: preallocated 256 KiB GFP_KERNEL pool for atomic allocations
[    0.556931] DMA: preallocated 256 KiB GFP_KERNEL|GFP_DMA pool for atomic allocations
[    0.557871] DMA: preallocated 256 KiB GFP_KERNEL|GFP_DMA32 pool for atomic allocations
[    0.558932] audit: initializing netlink subsys (disabled)
[    0.559423] audit: type=2000 audit(1681276996.403:1): state=initialized audit_enabled=0 res=1
[    0.560117] thermal_sys: Registered thermal governor 'fair_share'
[    0.560328] thermal_sys: Registered thermal governor 'bang_bang'
[    0.561131] thermal_sys: Registered thermal governor 'step_wise'
[    0.561877] thermal_sys: Registered thermal governor 'user_space'
[    0.563326] cpuidle: using governor ladder
[    0.564575] cpuidle: using governor menu
[    0.565414] acpiphp: ACPI Hot Plug PCI Controller Driver version: 0.5
[    0.566608] PCI: Using configuration type 1 for base access
[    0.585458] kprobes: kprobe jump-optimization is enabled. All kprobes are optimized if possible.
[    0.828501] HugeTLB: registered 1.00 GiB page size, pre-allocated 0 pages
[    0.829388] HugeTLB: 16380 KiB vmemmap can be freed for a 1.00 GiB page
[    0.830173] HugeTLB: registered 2.00 MiB page size, pre-allocated 0 pages
[    0.830964] HugeTLB: 28 KiB vmemmap can be freed for a 2.00 MiB page
[    0.833670] ACPI: Added _OSI(Module Device)
[    0.834194] ACPI: Added _OSI(Processor Device)
[    0.834722] ACPI: Added _OSI(3.0 _SCP Extensions)
[    0.835275] ACPI: Added _OSI(Processor Aggregator Device)
[    0.844170] ACPI: 1 ACPI AML tables successfully acquired and loaded
[    0.848991] ACPI: Interpreter enabled
[    0.849636] ACPI: PM: (supports S0 S3 S4 S5)
[    0.850193] ACPI: Using IOAPIC for interrupt routing
[    0.850922] PCI: Using host bridge windows from ACPI; if necessary, use "pci=nocrs" and report a bug
[    0.851320] PCI: Using E820 reservations for host bridge windows
[    0.853043] ACPI: Enabled 2 GPEs in block 00 to 0F
[    0.874943] ACPI: PCI Root Bridge [PCI0] (domain 0000 [bus 00-ff])
[    0.875342] acpi PNP0A03:00: _OSC: OS supports [ASPM ClockPM Segments MSI EDR HPX-Type3]
[    0.876294] acpi PNP0A03:00: _OSC: not requesting OS control; OS requires [ExtendedConfig ASPM ClockPM MSI]
[    0.877499] acpi PNP0A03:00: fail to add MMCONFIG information, can't access extended PCI configuration space under this bridge.
[    0.881866] acpiphp: Slot [3] registered
[    0.882471] acpiphp: Slot [4] registered
[    0.883085] acpiphp: Slot [5] registered
[    0.883417] acpiphp: Slot [6] registered
[    0.884033] acpiphp: Slot [7] registered
[    0.884654] acpiphp: Slot [8] registered
[    0.885271] acpiphp: Slot [9] registered
[    0.885927] acpiphp: Slot [10] registered
[    0.886568] acpiphp: Slot [11] registered
[    0.887232] acpiphp: Slot [12] registered
[    0.887426] acpiphp: Slot [13] registered
[    0.888045] acpiphp: Slot [14] registered
[    0.888621] acpiphp: Slot [15] registered
[    0.889231] acpiphp: Slot [16] registered
[    0.889839] acpiphp: Slot [17] registered
[    0.890425] acpiphp: Slot [18] registered
[    0.890986] acpiphp: Slot [19] registered
[    0.891407] acpiphp: Slot [20] registered
[    0.892011] acpiphp: Slot [21] registered
[    0.892575] acpiphp: Slot [22] registered
[    0.893183] acpiphp: Slot [23] registered
[    0.893786] acpiphp: Slot [24] registered
[    0.894356] acpiphp: Slot [25] registered
[    0.894966] acpiphp: Slot [26] registered
[    0.895418] acpiphp: Slot [27] registered
[    0.895980] acpiphp: Slot [28] registered
[    0.896565] acpiphp: Slot [29] registered
[    0.897172] acpiphp: Slot [30] registered
[    0.897751] acpiphp: Slot [31] registered
[    0.898269] PCI host bridge to bus 0000:00
[    0.898761] pci_bus 0000:00: root bus resource [io  0x0000-0x0cf7 window]
[    0.899320] pci_bus 0000:00: root bus resource [io  0x0d00-0xffff window]
[    0.900105] pci_bus 0000:00: root bus resource [mem 0x000a0000-0x000bffff window]
[    0.901036] pci_bus 0000:00: root bus resource [mem 0x80000000-0xfebfffff window]
[    0.901920] pci_bus 0000:00: root bus resource [mem 0x100000000-0x17fffffff window]
[    0.902806] pci_bus 0000:00: root bus resource [bus 00-ff]
[    0.903478] pci 0000:00:00.0: [8086:1237] type 00 class 0x060000
[    0.908219] pci 0000:00:01.0: [8086:7000] type 00 class 0x060100
[    0.910065] pci 0000:00:01.1: [8086:7010] type 00 class 0x010180
[    0.912400] pci 0000:00:01.1: reg 0x20: [io  0xc040-0xc04f]
[    0.913902] pci 0000:00:01.1: legacy IDE quirk: reg 0x10: [io  0x01f0-0x01f7]
[    0.914784] pci 0000:00:01.1: legacy IDE quirk: reg 0x14: [io  0x03f6]
[    0.915329] pci 0000:00:01.1: legacy IDE quirk: reg 0x18: [io  0x0170-0x0177]
[    0.916212] pci 0000:00:01.1: legacy IDE quirk: reg 0x1c: [io  0x0376]
[    0.917505] pci 0000:00:01.3: [8086:7113] type 00 class 0x068000
[    0.918823] pci 0000:00:01.3: quirk: [io  0x0600-0x063f] claimed by PIIX4 ACPI
[    0.919337] pci 0000:00:01.3: quirk: [io  0x0700-0x070f] claimed by PIIX4 SMB
[    0.921027] pci 0000:00:02.0: [1234:1111] type 00 class 0x030000
[    0.923747] pci 0000:00:02.0: reg 0x10: [mem 0xfd000000-0xfdffffff pref]
[    0.926650] pci 0000:00:02.0: reg 0x18: [mem 0xfebf0000-0xfebf0fff]
[    0.931726] pci 0000:00:02.0: reg 0x30: [mem 0xfebe0000-0xfebeffff pref]
[    0.932982] pci 0000:00:02.0: Video device with shadowed ROM at [mem 0x000c0000-0x000dffff]
[    0.938329] pci 0000:00:03.0: [8086:100e] type 00 class 0x020000
[    0.939580] pci 0000:00:03.0: reg 0x10: [mem 0xfebc0000-0xfebdffff]
[    0.941078] pci 0000:00:03.0: reg 0x14: [io  0xc000-0xc03f]
[    0.944304] pci 0000:00:03.0: reg 0x30: [mem 0xfeb80000-0xfebbffff pref]
[    0.962881] ACPI: PCI: Interrupt link LNKA configured for IRQ 10
[    0.963815] ACPI: PCI: Interrupt link LNKB configured for IRQ 10
[    0.965013] ACPI: PCI: Interrupt link LNKC configured for IRQ 11
[    0.966234] ACPI: PCI: Interrupt link LNKD configured for IRQ 11
[    0.967182] ACPI: PCI: Interrupt link LNKS configured for IRQ 9
[    0.968885] iommu: Default domain type: Translated 
[    0.969492] iommu: DMA domain TLB invalidation policy: lazy mode 
[    0.971706] SCSI subsystem initialized
[    0.972565] ACPI: bus type USB registered
[    0.973187] usbcore: registered new interface driver usbfs
[    0.973956] usbcore: registered new interface driver hub
[    0.974650] usbcore: registered new device driver usb
[    0.975461] pps_core: LinuxPPS API ver. 1 registered
[    0.976091] pps_core: Software ver. 5.3.6 - Copyright 2005-2007 Rodolfo Giometti <giometti@linux.it>
[    0.977182] PTP clock support registered
[    0.977919] EDAC MC: Ver: 3.0.0
[    0.980302] NetLabel: Initializing
[    0.980750] NetLabel:  domain hash size = 128
[    0.981307] NetLabel:  protocols = UNLABELED CIPSOv4 CALIPSO
[    0.982094] NetLabel:  unlabeled traffic allowed by default
[    0.983250] PCI: Using ACPI for IRQ routing
[    0.983633] pci 0000:00:02.0: vgaarb: setting as boot VGA device
[    0.984380] pci 0000:00:02.0: vgaarb: bridge control possible
[    0.985116] pci 0000:00:02.0: vgaarb: VGA device added: decodes=io+mem,owns=io+mem,locks=none
[    0.986223] vgaarb: loaded
[    0.987424] hpet0: at MMIO 0xfed00000, IRQs 2, 8, 0
[    0.988092] hpet0: 3 comparators, 64-bit 100.000000 MHz counter
[    3.685651] Callback from call_rcu_tasks_rude() invoked.
[    3.686386] clocksource: Switched to clocksource kvm-clock
[    3.795400] Callback from call_rcu_tasks() invoked.
[    3.919544] VFS: Disk quotas dquot_6.6.0
[    3.920138] VFS: Dquot-cache hash table entries: 512 (order 0, 4096 bytes)
[    3.921319] pnp: PnP ACPI init
[    3.924193] pnp: PnP ACPI: found 6 devices
[    3.941080] clocksource: acpi_pm: mask: 0xffffff max_cycles: 0xffffff, max_idle_ns: 2085701024 ns
[    3.942727] NET: Registered PF_INET protocol family
[    3.943684] IP idents hash table entries: 32768 (order: 6, 262144 bytes, linear)
[    3.946338] tcp_listen_portaddr_hash hash table entries: 1024 (order: 4, 73728 bytes, linear)
[    3.947448] Table-perturb hash table entries: 65536 (order: 6, 262144 bytes, linear)
[    3.948359] TCP established hash table entries: 16384 (order: 5, 131072 bytes, linear)
[    3.949675] TCP bind hash table entries: 16384 (order: 9, 2359296 bytes, linear)
[    3.954264] TCP: Hash tables configured (established 16384 bind 16384)
[    3.955303] UDP hash table entries: 1024 (order: 5, 163840 bytes, linear)
[    3.956315] UDP-Lite hash table entries: 1024 (order: 5, 163840 bytes, linear)
[    3.957509] NET: Registered PF_UNIX/PF_LOCAL protocol family
[    3.958898] RPC: Registered named UNIX socket transport module.
[    3.959639] RPC: Registered udp transport module.
[    3.960190] RPC: Registered tcp transport module.
[    3.960752] RPC: Registered tcp NFSv4.1 backchannel transport module.
[    3.961532] pci_bus 0000:00: resource 4 [io  0x0000-0x0cf7 window]
[    3.962235] pci_bus 0000:00: resource 5 [io  0x0d00-0xffff window]
[    3.962956] pci_bus 0000:00: resource 6 [mem 0x000a0000-0x000bffff window]
[    3.963770] pci_bus 0000:00: resource 7 [mem 0x80000000-0xfebfffff window]
[    3.964576] pci_bus 0000:00: resource 8 [mem 0x100000000-0x17fffffff window]
[    3.965690] pci 0000:00:01.0: PIIX3: Enabling Passive Release
[    3.966391] pci 0000:00:00.0: Limiting direct PCI/PCI transfers
[    3.967217] PCI: CLS 0 bytes, default 64
[    3.967799] ACPI: bus type thunderbolt registered
[    3.968809] clocksource: tsc: mask: 0xffffffffffffffff max_cycles: 0x1a03dfe73b3, max_idle_ns: 440795256845 ns
[    3.974343] Initialise system trusted keyrings
[    3.975041] Key type blacklist registered
[    3.975787] workingset: timestamp_bits=36 max_order=19 bucket_order=0
[    3.989915] zbud: loaded
[    3.993166] squashfs: version 4.0 (2009/01/31) Phillip Lougher
[    3.995777] NFS: Registering the id_resolver key type
[    3.996434] Key type id_resolver registered
[    3.996963] Key type id_legacy registered
[    3.997594] nfs4filelayout_init: NFSv4 File Layout Driver Registering...
[    3.998423] nfs4flexfilelayout_init: NFSv4 Flexfile Layout Driver Registering...
[    3.999494] fuse: init (API version 7.37)
[    4.000418] SGI XFS with ACLs, security attributes, realtime, quota, no debug enabled
[    4.003750] 9p: Installing v9fs 9p2000 file system support
[    4.012386] Key type asymmetric registered
[    4.012896] Asymmetric key parser 'x509' registered
[    4.015358] alg: self-tests for CTR-KDF (hmac(sha256)) passed
[    4.016144] Block layer SCSI generic (bsg) driver version 0.4 loaded (major 243)
[    4.017266] io scheduler mq-deadline registered
[    4.018014] io scheduler bfq registered
[    4.019867] shpchp: Standard Hot Plug PCI Controller Driver version: 0.4
[    4.021290] IPMI message handler: version 39.2
[    4.021905] ipmi device interface
[    4.024311] input: Power Button as /devices/LNXSYSTM:00/LNXPWRBN:00/input/input0
[    4.025581] ACPI: button: Power Button [PWRF]
[    4.027401] ERST DBG: ERST support is disabled.
[    4.028821] Serial: 8250/16550 driver, 32 ports, IRQ sharing enabled
[    4.030341] 00:04: ttyS0 at I/O 0x3f8 (irq = 4, base_baud = 115200) is a 16550A
[    4.043364] Linux agpgart interface v0.103
[    4.044629] ACPI: bus type drm_connector registered
[    4.061785] brd: module loaded
[    4.072295] loop: module loaded
[    4.078460] scsi host0: ata_piix
[    4.079700] scsi host1: ata_piix
[    4.080339] ata1: PATA max MWDMA2 cmd 0x1f0 ctl 0x3f6 bmdma 0xc040 irq 14
[    4.081189] ata2: PATA max MWDMA2 cmd 0x170 ctl 0x376 bmdma 0xc048 irq 15
[    4.084061] tun: Universal TUN/TAP device driver, 1.6
[    4.084946] e100: Intel(R) PRO/100 Network Driver
[    4.085532] e100: Copyright(c) 1999-2006 Intel Corporation
[    4.086251] e1000: Intel(R) PRO/1000 Network Driver
[    4.086863] e1000: Copyright (c) 1999-2006 Intel Corporation.
[    4.239574] ata2: found unknown device (class 0)
[    4.240647] ata1: found unknown device (class 0)
[    4.241779] ata2.00: ATAPI: QEMU DVD-ROM, 2.5+, max UDMA/100
[    4.242976] ata1.00: ATA-7: QEMU HARDDISK, 2.5+, max UDMA/100
[    4.243672] ata1.00: 16777216 sectors, multi 16: LBA48 
[    4.245936] scsi 0:0:0:0: Direct-Access     ATA      QEMU HARDDISK    2.5+ PQ: 0 ANSI: 5
[    4.248065] scsi 0:0:0:0: Attached scsi generic sg0 type 0
[    4.249463] scsi 1:0:0:0: CD-ROM            QEMU     QEMU DVD-ROM     2.5+ PQ: 0 ANSI: 5
[    4.249578] sd 0:0:0:0: [sda] 16777216 512-byte logical blocks: (8.59 GB/8.00 GiB)
[    4.251462] sd 0:0:0:0: [sda] Write Protect is off
[    4.252123] sd 0:0:0:0: [sda] Write cache: enabled, read cache: enabled, doesn't support DPO or FUA
[    4.253363] sd 0:0:0:0: [sda] Preferred minimum I/O size 512 bytes
[    4.281527] sd 0:0:0:0: [sda] Attached SCSI disk
[    4.288497] scsi 1:0:0:0: Attached scsi generic sg1 type 5
[    4.295123] ACPI: \_SB_.LNKC: Enabled at IRQ 11
[    4.636199] e1000 0000:00:03.0 eth0: (PCI:33MHz:32-bit) 52:54:00:12:34:56
[    4.637080] e1000 0000:00:03.0 eth0: Intel(R) PRO/1000 Network Connection
[    4.638016] e1000e: Intel(R) PRO/1000 Network Driver
[    4.638605] e1000e: Copyright(c) 1999 - 2015 Intel Corporation.
[    4.639392] igb: Intel(R) Gigabit Ethernet Network Driver
[    4.640024] igb: Copyright (c) 2007-2014 Intel Corporation.
[    4.640828] PPP generic driver version 2.4.2
[    4.642102] VFIO - User Level meta-driver version: 0.3
[    4.643386] usbcore: registered new interface driver uas
[    4.644089] usbcore: registered new interface driver usb-storage
[    4.644967] i8042: PNP: PS/2 Controller [PNP0303:KBD,PNP0f13:MOU] at 0x60,0x64 irq 1,12
[    4.646795] serio: i8042 KBD port at 0x60,0x64 irq 1
[    4.647446] serio: i8042 AUX port at 0x60,0x64 irq 12
[    4.649337] mousedev: PS/2 mouse device common for all mice
[    4.651357] input: AT Translated Set 2 keyboard as /devices/platform/i8042/serio0/input/input1
[    4.652924] rtc_cmos 00:05: RTC can wake from S4
[    4.653903] input: VirtualPS/2 VMware VMMouse as /devices/platform/i8042/serio1/input/input4
[    4.655283] rtc_cmos 00:05: registered as rtc0
[    4.656043] rtc_cmos 00:05: setting system clock to 2023-04-12T05:23:20 UTC (1681277000)
[    4.656367] input: VirtualPS/2 VMware VMMouse as /devices/platform/i8042/serio1/input/input3
[    4.658324] rtc_cmos 00:05: alarms up to one day, y3k, 242 bytes nvram, hpet irqs
[    4.659458] i2c_dev: i2c /dev entries driver
[    4.660085] device-mapper: core: CONFIG_IMA_DISABLE_HTABLE is disabled. Duplicate IMA measurements will not be recorded in the IMA log.
[    4.661684] device-mapper: uevent: version 1.0.3
[    4.662649] device-mapper: ioctl: 4.47.0-ioctl (2022-07-28) initialised: dm-devel@redhat.com
[    4.663685] intel_pstate: CPU model not supported
[    4.664371] sdhci: Secure Digital Host Controller Interface driver
[    4.665118] sdhci: Copyright(c) Pierre Ossman
[    4.665737] sdhci-pltfm: SDHCI platform and OF driver helper
[    4.666492] ledtrig-cpu: registered to indicate activity on CPUs
[    4.667648] drop_monitor: Initializing network drop monitor service
[    4.669030] NET: Registered PF_INET6 protocol family
[    4.672376] Segment Routing with IPv6
[    4.672918] In-situ OAM (IOAM) with IPv6
[    4.673509] NET: Registered PF_PACKET protocol family
[    4.674437] 9pnet: Installing 9P2000 support
[    4.675038] Key type dns_resolver registered
[    4.676701] IPI shorthand broadcast: enabled
[    4.677310] sched_clock: Marking stable (4650857488, 25568595)->(4695588191, -19162108)
[    4.679157] registered taskstats version 1
[    4.679844] Loading compiled-in X.509 certificates
[    4.680880] zswap: loaded using pool lzo/zbud
[    4.682045] Key type .fscrypt registered
[    4.682543] Key type fscrypt-provisioning registered
[    4.684363] Key type encrypted registered
[    4.684924] ima: No TPM chip found, activating TPM-bypass!
[    4.685610] ima: Allocated hash algorithm: sha1
[    4.686223] ima: No architecture policies found
[    4.686905] evm: Initialising EVM extended attributes:
[    4.687563] evm: security.selinux
[    4.687980] evm: security.SMACK64
[    4.688395] evm: security.SMACK64EXEC
[    4.688872] evm: security.SMACK64TRANSMUTE
[    4.689371] evm: security.SMACK64MMAP
[    4.689803] evm: security.apparmor
[    4.690206] evm: security.ima
[    4.690559] evm: security.capability
[    4.690981] evm: HMAC attrs: 0x1
[    4.698205] PM:   Magic number: 3:240:365
[    4.698828] acpi ACPI0010:00: hash matches
[    4.699941] RAS: Correctable Errors collector initialized.
[    4.702110] md: Waiting for all devices to be available before autodetect
[    4.702683] md: If you don't use raid, use raid=noautodetect
[    4.703168] md: Autodetecting RAID arrays.
[    4.703556] md: autorun ...
[    4.703794] md: ... autorun DONE.
[    4.717911] EXT4-fs (sda): INFO: recovery required on readonly filesystem
[    4.718525] EXT4-fs (sda): write access will be enabled during recovery
[    4.739736] EXT4-fs (sda): recovery complete
[    4.741878] EXT4-fs (sda): mounted filesystem with ordered data mode. Quota mode: none.
[    4.742618] VFS: Mounted root (ext4 filesystem) readonly on device 8:0.
[    4.743961] devtmpfs: mounted
[    4.749582] Freeing unused decrypted memory: 2036K
[    4.752667] Freeing unused kernel image (initmem) memory: 3672K
[    4.753217] Write protecting the kernel read-only data: 43008k
[    4.757241] Freeing unused kernel image (text/rodata gap) memory: 2028K
[    4.758206] Freeing unused kernel image (rodata/data gap) memory: 376K
[    4.866379] x86/mm: Checked W+X mappings: passed, no W+X pages found.
[    4.866909] Run /sbin/init as init process
[    4.994736] systemd[1]: RTC configured in localtime, applying delta of 0 minutes to system time.
[    5.033720] systemd[1]: systemd 239 (239-49.el8) running in system mode. (+PAM +AUDIT +SELINUX +IMA -APPARMOR +SMACK +SYSVINIT +UTMP +LIBCRYPTSETUP +GCRYPT +GNUTLS +ACL +XZ +LZ4 +SECCOMP +BLKID +ELFUTILS +KMOD +IDN2 -IDN +PCRE2 default-hierarchy=legacy)
[    5.035926] systemd[1]: Detected virtualization kvm.
[    5.036376] systemd[1]: Detected architecture x86-64.

Welcome to [0;31mCentOS Stream 8[0m!

[    5.100131] systemd[1]: Set hostname to <test>.
[    6.163439] random: crng init done
[    6.310885] systemd[1]: Listening on udev Kernel Socket.
[[0;32m  OK  [0m] Listening on udev Kernel Socket.
[    6.312795] systemd[1]: Listening on Journal Socket.
[[0;32m  OK  [0m] Listening on Journal Socket.
[    6.339638] systemd[1]: Mounting Huge Pages File System...
         Mounting Huge Pages File System...
[    6.344898] systemd[1]: Starting Setup Virtual Console...
         Starting Setup Virtual Console...
[    6.346530] systemd[1]: Listening on multipathd control socket.
[[0;32m  OK  [0m] Listening on multipathd control socket.
[    6.363251] systemd[1]: Listening on Process Core Dump Socket.
[[0;32m  OK  [0m] Listening on Process Core Dump Socket.
[[0;32m  OK  [0m] Listening on Journal Socket (/dev/log).
[[0;32m  OK  [0m] Created slice User and Session Slice.
[[0;32m  OK  [0m] Created slice system-sshd\x2dkeygen.slice.
[[0;32m  OK  [0m] Listening on LVM2 poll daemon socket.
[[0;32m  OK  [0m] Created slice system-getty.slice.
         Starting Remount Root and Kernel File Systems...
[[0;32m  OK  [0m] Reached target Swap.
[[0;32m  OK  [0m] Started Forward Password Requests to Wall Directory Watch.
         Mounting POSIX Message Queue File System...
[[0;32m  OK  [0m] Created slice system-serial\x2dgetty.slice.
[[0;32m  OK  [0m] Set up automount Arbitrary Executabâ€¦rmats File System Automount Point.
[[0;32m  OK  [0m] Listening on udev Control Socket.
         Mounting Kernel Debug File System...
         Starting udev Coldplug all Devices...
         Starting Journal Service...
[[0;32m  OK  [0m] Reached target Slices.
[[0;32m  OK  [0m] Listening on RPCbind Server Activation Socket.
[[0;32m  OK  [0m] Reached target RPC Port Mapper.
[[0;32m  OK  [0m] Listening on Device-mapper event daemon FIFOs.
         Starting Monitoring of LVM2 mirrorsâ€¦ng dmeventd or progress polling...
         Starting Load Kernel Modules...
[[0;32m  OK  [0m] Listening on initctl Compatibility Named Pipe.
[    6.651407] EXT4-fs (sda): re-mounted. Quota mode: none.
[[0;32m  OK  [0m] Mounted Huge Pages File System.
[[0;32m  OK  [0m] Started Journal Service.
[[0;32m  OK  [0m] Started Remount Root and Kernel File Systems.
[[0;32m  OK  [0m] Started Setup Virtual Console.
[[0;32m  OK  [0m] Mounted POSIX Message Queue File System.
[[0;32m  OK  [0m] Mounted Kernel Debug File System.
[[0;1;31mFAILED[0m] Failed to start Load Kernel Modules.
See 'systemctl status systemd-modules-load.service' for details.
         Mounting Kernel Configuration File System...
         Mounting FUSE Control File System...
         Starting Apply Kernel Variables...
         Starting Load/Save Random Seed...
         Starting Create Static Device Nodes in /dev...
         Starting Flush Journal to Persistent Storage...
[[0;32m  OK  [0m] Mounted Kernel Configuration File System.
[[0;32m  OK  [0m] Mounted FUSE Control File System.
[[0;32m  OK  [0m] Started Apply Kernel Variables.
[[0;32m  OK  [0m] Started Load/Save Random Seed.
[[0;32m  OK  [0m] Started Flush Journal to Persistent Storage.
[[0;32m  OK  [0m] Started Create Static Device Nodes in /dev.
         Starting udev Kernel Device Manager...
[[0;32m  OK  [0m] Started udev Kernel Device Manager.
[[0;32m  OK  [0m] Started udev Coldplug all Devices.
         Starting Show Plymouth Boot Screen...
         Starting udev Wait for Complete Device Initialization...
[[0;32m  OK  [0m] Started Show Plymouth Boot Screen.
[[0;32m  OK  [0m] Reached target Local Encrypted Volumes.
[[0;32m  OK  [0m] Reached target Paths.
[[0;32m  OK  [0m] Started Forward Password Requests to Plymouth Directory Watch.
[[0;32m  OK  [0m] Found device /dev/ttyS0.
[[0;32m  OK  [0m] Started Monitoring of LVM2 mirrors,â€¦sing dmeventd or progress polling.
[[0;32m  OK  [0m] Started udev Wait for Complete Device Initialization.
[[0;32m  OK  [0m] Listening on Load/Save RF Kill Switch Status /dev/rfkill Watch.
[[0;32m  OK  [0m] Reached target Local File Systems (Pre).
[[0;32m  OK  [0m] Reached target Local File Systems.
         Starting Restore /run/initramfs on shutdown...
         Starting Tell Plymouth To Write Out Runtime Data...
         Starting Create Volatile Files and Directories...
[[0;32m  OK  [0m] Started Restore /run/initramfs on shutdown.
[[0;32m  OK  [0m] Started Tell Plymouth To Write Out Runtime Data.
[[0;32m  OK  [0m] Started Create Volatile Files and Directories.
         Starting Security Auditing Service...
         Starting RPC Bind...
         Mounting RPC Pipe File System...
[[0;32m  OK  [0m] Mounted RPC Pipe File System.
[[0;32m  OK  [0m] Reached target rpc_pipefs.target.
[[0;32m  OK  [0m] Started RPC Bind.
[[0;32m  OK  [0m] Started Security Auditing Service.
         Starting Update UTMP about System Boot/Shutdown...
[[0;32m  OK  [0m] Started Update UTMP about System Boot/Shutdown.
[[0;32m  OK  [0m] Reached target System Initialization.
[[0;32m  OK  [0m] Started daily update of the root trust anchor for DNSSEC.
[[0;32m  OK  [0m] Started dnf makecache --timer.
[[0;32m  OK  [0m] Started Daily Cleanup of Temporary Directories.
[[0;32m  OK  [0m] Reached target Timers.
[[0;32m  OK  [0m] Listening on D-Bus System Message Bus Socket.
[[0;32m  OK  [0m] Listening on SSSD Kerberos Cache Manager responder socket.
[[0;32m  OK  [0m] Reached target Sockets.
[[0;32m  OK  [0m] Reached target Basic System.
         Starting Login Service...
[[0;32m  OK  [0m] Started irqbalance daemon.
         Starting Auto-connect to subsystemsâ€¦-NVME devices found during boot...
[[0;32m  OK  [0m] Started D-Bus System Message Bus.
         Starting Self Monitoring and Reporting Technology (SMART) Daemon...
         Starting Network Manager...
         Starting Authorization Manager...
[[0;32m  OK  [0m] Started Machine Check Exception Logging Daemon.
         Starting NTP client/server...
[[0;32m  OK  [0m] Reached target sshd-keygen.target.
[[0;32m  OK  [0m] Started Auto-connect to subsystems â€¦FC-NVME devices found during boot.
         Starting update of the root trust aâ€¦or DNSSEC validation in unbound...
[[0;32m  OK  [0m] Started Login Service.
[[0;32m  OK  [0m] Started Self Monitoring and Reporting Technology (SMART) Daemon.
[[0;32m  OK  [0m] Started Network Manager.
         Starting Network Manager Wait Online...
[[0;32m  OK  [0m] Reached target Network.
         Starting OpenSSH server daemon...
         Starting GSSAPI Proxy Daemon...
         Starting Dynamic System Tuning Daemon...
[[0;32m  OK  [0m] Started update of the root trust anâ€¦ for DNSSEC validation in unbound.
[[0;32m  OK  [0m] Started NTP client/server.
[[0;32m  OK  [0m] Started Authorization Manager.
         Starting Hostname Service...
[[0;32m  OK  [0m] Started OpenSSH server daemon.
[[0;32m  OK  [0m] Started GSSAPI Proxy Daemon.
[[0;32m  OK  [0m] Reached target NFS client services.
[[0;32m  OK  [0m] Reached target Remote File Systems (Pre).
[[0;32m  OK  [0m] Reached target Remote File Systems.
         Starting Permit User Sessions...
[[0;32m  OK  [0m] Started Permit User Sessions.
         Starting Terminate Plymouth Boot Screen...
         Starting Hold until boot process finishes up...
[[0;32m  OK  [0m] Started Command Scheduler.
[[0;32m  OK  [0m] Started Terminate Plymouth Boot Screen.
[[0;32m  OK  [0m] Started Hold until boot process finishes up.
[    9.627733] e1000: eth0 NIC Link is Up 1000 Mbps Full Duplex, Flow Control: RX
[    9.629002] IPv6: ADDRCONF(NETDEV_CHANGE): eth0: link becomes ready
[    9.980162] Spectre V2 : WARNING: Unprivileged eBPF is enabled with eIBRS on, data leaks possible via Spectre v2 BHB attacks!
[    9.981372] Spectre V2 : WARNING: Unprivileged eBPF is enabled with eIBRS on, data leaks possible via Spectre v2 BHB attacks!

CentOS Stream 8
Kernel 6.1.0-rc3-2b0145032877+ on an x86_64

test login: [   33.903703] hrtimer: interrupt took 503647 ns
