c[?7l[2J[0mSeaBIOS (version rel-1.16.0-0-gd239552ce722-prebuilt.qemu.org)


iPXE (http://ipxe.org) 00:03.0 CA00 PCI2.10 PnP PMM+7FF91000+7FEF1000 CA00
Press Ctrl-B to configure iPXE (PCI 00:03.0)...                                                                               


Booting from ROM..c[?7l[2J[    0.000000] Linux version 6.1.0-rc3-4a6f316d6855+ (root@p-adln01) (gcc (GCC) 8.5.0 20210514 (Red Hat 8.5.0-18), GNU ld version 2.36.1-2.el8) #1 SMP PREEMPT_DYNAMIC Thu Apr 13 01:30:19 CST 2023
[    0.000000] Command line: console=ttyS0 root=/dev/sda earlyprintk=serial net.ifnames=0
[    0.000000] KERNEL supported cpus:
[    0.000000]   Intel GenuineIntel
[    0.000000]   AMD AuthenticAMD
[    0.000000]   Hygon HygonGenuine
[    0.000000]   Centaur CentaurHauls
[    0.000000]   zhaoxin   Shanghai  
[    0.000000] x86/fpu: Supporting XSAVE feature 0x001: 'x87 floating point registers'
[    0.000000] x86/fpu: Supporting XSAVE feature 0x002: 'SSE registers'
[    0.000000] x86/fpu: Supporting XSAVE feature 0x004: 'AVX registers'
[    0.000000] x86/fpu: Supporting XSAVE feature 0x200: 'Protection Keys User registers'
[    0.000000] x86/fpu: xstate_offset[2]:  576, xstate_sizes[2]:  256
[    0.000000] x86/fpu: xstate_offset[9]:  832, xstate_sizes[9]:    8
[    0.000000] x86/fpu: Enabled xstate features 0x207, context size is 840 bytes, using 'compacted' format.
[    0.000000] signal: max sigframe size: 3632
[    0.000000] BIOS-provided physical RAM map:
[    0.000000] BIOS-e820: [mem 0x0000000000000000-0x000000000009fbff] usable
[    0.000000] BIOS-e820: [mem 0x000000000009fc00-0x000000000009ffff] reserved
[    0.000000] BIOS-e820: [mem 0x00000000000f0000-0x00000000000fffff] reserved
[    0.000000] BIOS-e820: [mem 0x0000000000100000-0x000000007ffdffff] usable
[    0.000000] BIOS-e820: [mem 0x000000007ffe0000-0x000000007fffffff] reserved
[    0.000000] BIOS-e820: [mem 0x00000000feffc000-0x00000000feffffff] reserved
[    0.000000] BIOS-e820: [mem 0x00000000fffc0000-0x00000000ffffffff] reserved
[    0.000000] printk: bootconsole [earlyser0] enabled
[    0.000000] NX (Execute Disable) protection: active
[    0.000000] SMBIOS 2.8 present.
[    0.000000] DMI: QEMU Standard PC (i440FX + PIIX, 1996), BIOS rel-1.16.0-0-gd239552ce722-prebuilt.qemu.org 04/01/2014
[    0.000000] Hypervisor detected: KVM
[    0.000000] kvm-clock: Using msrs 4b564d01 and 4b564d00
[    0.000003] kvm-clock: using sched offset of 419050818 cycles
[    0.000574] clocksource: kvm-clock: mask: 0xffffffffffffffff max_cycles: 0x1cd42e4dffb, max_idle_ns: 881590591483 ns
[    0.002349] tsc: Detected 1804.800 MHz processor
[    0.011290] last_pfn = 0x7ffe0 max_arch_pfn = 0x400000000
[    0.011976] x86/PAT: Configuration [0-7]: WB  WC  UC- UC  WB  WP  UC- WT  
[    0.019741] found SMP MP-table at [mem 0x000f5ba0-0x000f5baf]
[    0.020466] Using GB pages for direct mapping
[    0.022545] ACPI: Early table checksum verification disabled
[    0.023242] ACPI: RSDP 0x00000000000F59C0 000014 (v00 BOCHS )
[    0.023922] ACPI: RSDT 0x000000007FFE1951 000034 (v01 BOCHS  BXPC     00000001 BXPC 00000001)
[    0.024924] ACPI: FACP 0x000000007FFE17FD 000074 (v01 BOCHS  BXPC     00000001 BXPC 00000001)
[    0.025920] ACPI: DSDT 0x000000007FFE0040 0017BD (v01 BOCHS  BXPC     00000001 BXPC 00000001)
[    0.026907] ACPI: FACS 0x000000007FFE0000 000040
[    0.027491] ACPI: APIC 0x000000007FFE1871 000080 (v01 BOCHS  BXPC     00000001 BXPC 00000001)
[    0.028493] ACPI: HPET 0x000000007FFE18F1 000038 (v01 BOCHS  BXPC     00000001 BXPC 00000001)
[    0.029486] ACPI: WAET 0x000000007FFE1929 000028 (v01 BOCHS  BXPC     00000001 BXPC 00000001)
[    0.030480] ACPI: Reserving FACP table memory at [mem 0x7ffe17fd-0x7ffe1870]
[    0.031305] ACPI: Reserving DSDT table memory at [mem 0x7ffe0040-0x7ffe17fc]
[    0.032119] ACPI: Reserving FACS table memory at [mem 0x7ffe0000-0x7ffe003f]
[    0.032920] ACPI: Reserving APIC table memory at [mem 0x7ffe1871-0x7ffe18f0]
[    0.033730] ACPI: Reserving HPET table memory at [mem 0x7ffe18f1-0x7ffe1928]
[    0.034539] ACPI: Reserving WAET table memory at [mem 0x7ffe1929-0x7ffe1950]
[    0.036492] No NUMA configuration found
[    0.036933] Faking a node at [mem 0x0000000000000000-0x000000007ffdffff]
[    0.037786] NODE_DATA(0) allocated [mem 0x7ffb5000-0x7ffdffff]
[    0.042421] Zone ranges:
[    0.042733]   DMA      [mem 0x0000000000001000-0x0000000000ffffff]
[    0.043471]   DMA32    [mem 0x0000000001000000-0x000000007ffdffff]
[    0.044180]   Normal   empty
[    0.044515]   Device   empty
[    0.044851] Movable zone start for each node
[    0.045340] Early memory node ranges
[    0.045746]   node   0: [mem 0x0000000000001000-0x000000000009efff]
[    0.046430]   node   0: [mem 0x0000000000100000-0x000000007ffdffff]
[    0.047140] Initmem setup node 0 [mem 0x0000000000001000-0x000000007ffdffff]
[    0.049764] On node 0, zone DMA: 1 pages in unavailable ranges
[    0.049951] On node 0, zone DMA: 97 pages in unavailable ranges
[    0.081111] On node 0, zone DMA32: 32 pages in unavailable ranges
[    0.082137] ACPI: PM-Timer IO Port: 0x608
[    0.083298] ACPI: LAPIC_NMI (acpi_id[0xff] dfl dfl lint[0x1])
[    0.084016] IOAPIC[0]: apic_id 0, version 17, address 0xfec00000, GSI 0-23
[    0.084802] ACPI: INT_SRC_OVR (bus 0 bus_irq 0 global_irq 2 dfl dfl)
[    0.085493] ACPI: INT_SRC_OVR (bus 0 bus_irq 5 global_irq 5 high level)
[    0.086224] ACPI: INT_SRC_OVR (bus 0 bus_irq 9 global_irq 9 high level)
[    0.086965] ACPI: INT_SRC_OVR (bus 0 bus_irq 10 global_irq 10 high level)
[    0.087741] ACPI: INT_SRC_OVR (bus 0 bus_irq 11 global_irq 11 high level)
[    0.088501] ACPI: Using ACPI (MADT) for SMP configuration information
[    0.089212] ACPI: HPET id: 0x8086a201 base: 0xfed00000
[    0.089781] TSC deadline timer available
[    0.090216] smpboot: Allowing 2 CPUs, 0 hotplug CPUs
[    0.090827] kvm-guest: KVM setup pv remote TLB flush
[    0.091381] kvm-guest: setup PV sched yield
[    0.091903] PM: hibernation: Registered nosave memory: [mem 0x00000000-0x00000fff]
[    0.092738] PM: hibernation: Registered nosave memory: [mem 0x0009f000-0x0009ffff]
[    0.093564] PM: hibernation: Registered nosave memory: [mem 0x000a0000-0x000effff]
[    0.094383] PM: hibernation: Registered nosave memory: [mem 0x000f0000-0x000fffff]
[    0.095219] [mem 0x80000000-0xfeffbfff] available for PCI devices
[    0.095884] Booting paravirtualized kernel on KVM
[    0.096427] clocksource: refined-jiffies: mask: 0xffffffff max_cycles: 0xffffffff, max_idle_ns: 7645519600211568 ns
[    0.097586] setup_percpu: NR_CPUS:8192 nr_cpumask_bits:2 nr_cpu_ids:2 nr_node_ids:1
[    0.100254] percpu: Embedded 64 pages/cpu s225280 r8192 d28672 u1048576
[    0.101248] kvm-guest: PV spinlocks enabled
[    0.101726] PV qspinlock hash table entries: 256 (order: 0, 4096 bytes, linear)
[    0.102574] Fallback order for Node 0: 0 
[    0.103090] Built 1 zonelists, mobility grouping on.  Total pages: 515808
[    0.103864] Policy zone: DMA32
[    0.104204] Kernel command line: net.ifnames=0 console=ttyS0 root=/dev/sda earlyprintk=serial net.ifnames=0
[    0.107517] Dentry cache hash table entries: 262144 (order: 9, 2097152 bytes, linear)
[    0.108496] Inode-cache hash table entries: 131072 (order: 8, 1048576 bytes, linear)
[    0.109468] mem auto-init: stack:off, heap alloc:off, heap free:off
[    0.114236] Memory: 1985384K/2096632K available (32784K kernel code, 4691K rwdata, 7816K rodata, 3672K init, 22124K bss, 110992K reserved, 0K cma-reserved)
[    0.117143] SLUB: HWalign=64, Order=0-3, MinObjects=0, CPUs=2, Nodes=1
[    0.117874] kmemleak: Kernel memory leak detector disabled
[    0.118530] ftrace: allocating 67270 entries in 263 pages
[    0.148534] ftrace: allocated 263 pages with 4 groups
[    0.153682] Dynamic Preempt: voluntary
[    0.154521] Running RCU self tests
[    0.154994] rcu: Preemptible hierarchical RCU implementation.
[    0.155727] rcu: 	RCU lockdep checking is enabled.
[    0.156352] rcu: 	RCU restricting CPUs from NR_CPUS=8192 to nr_cpu_ids=2.
[    0.157206] 	Trampoline variant of Tasks RCU enabled.
[    0.157851] 	Rude variant of Tasks RCU enabled.
[    0.158434] 	Tracing variant of Tasks RCU enabled.
[    0.159049] rcu: RCU calculated value of scheduler-enlistment delay is 25 jiffies.
[    0.160052] rcu: Adjusting geometry for rcu_fanout_leaf=16, nr_cpu_ids=2
[    0.191569] NR_IRQS: 524544, nr_irqs: 440, preallocated irqs: 16
[    0.192632] rcu: srcu_init: Setting srcu_struct sizes based on contention.
[    0.204189] Console: colour VGA+ 80x25
[    0.204673] printk: console [ttyS0] enabled
[    0.204673] printk: console [ttyS0] enabled
[    0.205615] printk: bootconsole [earlyser0] disabled
[    0.205615] printk: bootconsole [earlyser0] disabled
[    0.206721] Lock dependency validator: Copyright (c) 2006 Red Hat, Inc., Ingo Molnar
[    0.207644] ... MAX_LOCKDEP_SUBCLASSES:  8
[    0.208138] ... MAX_LOCK_DEPTH:          48
[    0.208645] ... MAX_LOCKDEP_KEYS:        8192
[    0.209170] ... CLASSHASH_SIZE:          4096
[    0.209696] ... MAX_LOCKDEP_ENTRIES:     32768
[    0.210231] ... MAX_LOCKDEP_CHAINS:      65536
[    0.210767] ... CHAINHASH_SIZE:          32768
[    0.211312]  memory used by lock dependency info: 6365 kB
[    0.211960]  memory used for stack traces: 4224 kB
[    0.212534]  per task-struct memory footprint: 1920 bytes
[    0.213246] ACPI: Core revision 20220331
[    0.214059] clocksource: hpet: mask: 0xffffffff max_cycles: 0xffffffff, max_idle_ns: 19112604467 ns
[    0.215349] APIC: Switch to symmetric I/O mode setup
[    0.216204] x2apic enabled
[    0.216809] Switched APIC routing to physical x2apic.
[    0.217423] kvm-guest: setup PV IPIs
[    0.219110] ..TIMER: vector=0x30 apic1=0 pin1=2 apic2=-1 pin2=-1
[    0.219882] clocksource: tsc-early: mask: 0xffffffffffffffff max_cycles: 0x1a03dfe73b3, max_idle_ns: 440795256845 ns
[    0.221138] Calibrating delay loop (skipped) preset value.. 3609.60 BogoMIPS (lpj=7219200)
[    0.222118] pid_max: default: 32768 minimum: 301
[    0.222856] LSM: Security Framework initializing
[    0.225156] Yama: becoming mindful.
[    0.225866] Mount-cache hash table entries: 4096 (order: 3, 32768 bytes, linear)
[    0.226771] Mountpoint-cache hash table entries: 4096 (order: 3, 32768 bytes, linear)
[    0.230881] x86/cpu: User Mode Instruction Prevention (UMIP) activated
[    0.232180] Last level iTLB entries: 4KB 0, 2MB 0, 4MB 0
[    0.232895] Last level dTLB entries: 4KB 0, 2MB 0, 4MB 0, 1GB 0
[    0.233173] Spectre V1 : Mitigation: usercopy/swapgs barriers and __user pointer sanitization
[    0.234167] Spectre V2 : WARNING: Unprivileged eBPF is enabled with eIBRS on, data leaks possible via Spectre v2 BHB attacks!
[    0.235471] Spectre V2 : Mitigation: Enhanced IBRS
[    0.236028] Spectre V2 : Spectre v2 / SpectreRSB mitigation: Filling RSB on context switch
[    0.237123] Spectre V2 : Spectre v2 / PBRSB-eIBRS: Retire a single CALL on VMEXIT
[    0.237982] Spectre V2 : mitigation: Enabling conditional Indirect Branch Prediction Barrier
[    0.238944] Speculative Store Bypass: Mitigation: Speculative Store Bypass disabled via prctl
[    0.239915] MMIO Stale Data: Unknown: No mitigations
[    0.355597] Freeing SMP alternatives memory: 56K
[    0.356709] smpboot: CPU0: Intel(R) Core(TM) i3-N305 (family: 0x6, model: 0xbe, stepping: 0x0)
[    0.357119] cblist_init_generic: Setting adjustable number of callback queues.
[    0.357119] cblist_init_generic: Setting shift to 1 and lim to 1.
[    0.357119] cblist_init_generic: Setting shift to 1 and lim to 1.
[    0.357194] cblist_init_generic: Setting shift to 1 and lim to 1.
[    0.357981] Running RCU-tasks wait API self tests
[    0.461248] Performance Events: Gracemont events, full-width counters, Intel PMU driver.
[    0.462207] ... version:                2
[    0.462658] ... bit width:              48
[    0.463105] ... generic registers:      6
[    0.463545] ... value mask:             0000ffffffffffff
[    0.464134] ... max period:             00007fffffffffff
[    0.464725] ... fixed-purpose events:   3
[    0.465126] ... event mask:             000000070000003f
[    0.466232] rcu: Hierarchical SRCU implementation.
[    0.466762] rcu: 	Max phase no-delay instances is 1000.
[    0.470529] smp: Bringing up secondary CPUs ...
[    0.473173] x86: Booting SMP configuration:
[    0.473725] .... node  #0, CPUs:      #1
[    0.474249] smp: Brought up 1 node, 2 CPUs
[    0.474249] smpboot: Max logical packages: 1
[    0.474649] smpboot: Total of 2 processors activated (7219.20 BogoMIPS)
[    0.481156] Callback from call_rcu_tasks_trace() invoked.
[    0.482206] devtmpfs: initialized
[    0.482206] x86/mm: Memory block size: 128MB
[    0.486495] clocksource: jiffies: mask: 0xffffffff max_cycles: 0xffffffff, max_idle_ns: 7645041785100000 ns
[    0.486760] futex hash table entries: 512 (order: 4, 65536 bytes, linear)
[    0.489304] pinctrl core: initialized pinctrl subsystem
[    0.490599] 
[    0.490782] *************************************************************
[    0.491528] **     NOTICE NOTICE NOTICE NOTICE NOTICE NOTICE NOTICE    **
[    0.492278] **                                                         **
[    0.493009] **  IOMMU DebugFS SUPPORT HAS BEEN ENABLED IN THIS KERNEL  **
[    0.493125] **                                                         **
[    0.493868] ** This means that this kernel is built to expose internal **
[    0.494610] ** IOMMU data structures, which may compromise security on **
[    0.495346] ** your system.                                            **
[    0.496103] **                                                         **
[    0.496842] ** If you see this message and you are not debugging the   **
[    0.497124] ** kernel, report this immediately to your vendor!         **
[    0.497871] **                                                         **
[    0.498615] **     NOTICE NOTICE NOTICE NOTICE NOTICE NOTICE NOTICE    **
[    0.499392] *************************************************************
[    0.500201] PM: RTC time: 17:31:04, date: 2023-04-12
[    0.505284] NET: Registered PF_NETLINK/PF_ROUTE protocol family
[    0.506680] DMA: preallocated 256 KiB GFP_KERNEL pool for atomic allocations
[    0.507493] DMA: preallocated 256 KiB GFP_KERNEL|GFP_DMA pool for atomic allocations
[    0.508357] DMA: preallocated 256 KiB GFP_KERNEL|GFP_DMA32 pool for atomic allocations
[    0.509201] audit: initializing netlink subsys (disabled)
[    0.509927] audit: type=2000 audit(1681320665.052:1): state=initialized audit_enabled=0 res=1
[    0.509927] thermal_sys: Registered thermal governor 'fair_share'
[    0.510218] thermal_sys: Registered thermal governor 'bang_bang'
[    0.510894] thermal_sys: Registered thermal governor 'step_wise'
[    0.511558] thermal_sys: Registered thermal governor 'user_space'
[    0.513179] cpuidle: using governor ladder
[    0.514321] cpuidle: using governor menu
[    0.515128] acpiphp: ACPI Hot Plug PCI Controller Driver version: 0.5
[    0.516299] PCI: Using configuration type 1 for base access
[    0.534311] kprobes: kprobe jump-optimization is enabled. All kprobes are optimized if possible.
[    0.766399] HugeTLB: registered 1.00 GiB page size, pre-allocated 0 pages
[    0.767220] HugeTLB: 16380 KiB vmemmap can be freed for a 1.00 GiB page
[    0.767973] HugeTLB: registered 2.00 MiB page size, pre-allocated 0 pages
[    0.768740] HugeTLB: 28 KiB vmemmap can be freed for a 2.00 MiB page
[    0.771394] ACPI: Added _OSI(Module Device)
[    0.771892] ACPI: Added _OSI(Processor Device)
[    0.772401] ACPI: Added _OSI(3.0 _SCP Extensions)
[    0.772939] ACPI: Added _OSI(Processor Aggregator Device)
[    0.781737] ACPI: 1 ACPI AML tables successfully acquired and loaded
[    0.786233] ACPI: Interpreter enabled
[    0.786773] ACPI: PM: (supports S0 S3 S4 S5)
[    0.787268] ACPI: Using IOAPIC for interrupt routing
[    0.787895] PCI: Using host bridge windows from ACPI; if necessary, use "pci=nocrs" and report a bug
[    0.788924] PCI: Using E820 reservations for host bridge windows
[    0.789916] ACPI: Enabled 2 GPEs in block 00 to 0F
[    0.811133] ACPI: PCI Root Bridge [PCI0] (domain 0000 [bus 00-ff])
[    0.811880] acpi PNP0A03:00: _OSC: OS supports [ASPM ClockPM Segments MSI EDR HPX-Type3]
[    0.812805] acpi PNP0A03:00: _OSC: not requesting OS control; OS requires [ExtendedConfig ASPM ClockPM MSI]
[    0.813198] acpi PNP0A03:00: fail to add MMCONFIG information, can't access extended PCI configuration space under this bridge.
[    0.817443] acpiphp: Slot [3] registered
[    0.818002] acpiphp: Slot [4] registered
[    0.818544] acpiphp: Slot [5] registered
[    0.819078] acpiphp: Slot [6] registered
[    0.819614] acpiphp: Slot [7] registered
[    0.820149] acpiphp: Slot [8] registered
[    0.820710] acpiphp: Slot [9] registered
[    0.821209] acpiphp: Slot [10] registered
[    0.821754] acpiphp: Slot [11] registered
[    0.822300] acpiphp: Slot [12] registered
[    0.822860] acpiphp: Slot [13] registered
[    0.823408] acpiphp: Slot [14] registered
[    0.823953] acpiphp: Slot [15] registered
[    0.824527] acpiphp: Slot [16] registered
[    0.825074] acpiphp: Slot [17] registered
[    0.825236] acpiphp: Slot [18] registered
[    0.825782] acpiphp: Slot [19] registered
[    0.826327] acpiphp: Slot [20] registered
[    0.826871] acpiphp: Slot [21] registered
[    0.827414] acpiphp: Slot [22] registered
[    0.827995] acpiphp: Slot [23] registered
[    0.828541] acpiphp: Slot [24] registered
[    0.829085] acpiphp: Slot [25] registered
[    0.829208] acpiphp: Slot [26] registered
[    0.829752] acpiphp: Slot [27] registered
[    0.830313] acpiphp: Slot [28] registered
[    0.830859] acpiphp: Slot [29] registered
[    0.831410] acpiphp: Slot [30] registered
[    0.831955] acpiphp: Slot [31] registered
[    0.832465] PCI host bridge to bus 0000:00
[    0.833110] pci_bus 0000:00: root bus resource [io  0x0000-0x0cf7 window]
[    0.833890] pci_bus 0000:00: root bus resource [io  0x0d00-0xffff window]
[    0.834671] pci_bus 0000:00: root bus resource [mem 0x000a0000-0x000bffff window]
[    0.835537] pci_bus 0000:00: root bus resource [mem 0x80000000-0xfebfffff window]
[    0.836392] pci_bus 0000:00: root bus resource [mem 0x100000000-0x17fffffff window]
[    0.837128] pci_bus 0000:00: root bus resource [bus 00-ff]
[    0.837925] pci 0000:00:00.0: [8086:1237] type 00 class 0x060000
[    0.842331] pci 0000:00:01.0: [8086:7000] type 00 class 0x060100
[    0.844052] pci 0000:00:01.1: [8086:7010] type 00 class 0x010180
[    0.846459] pci 0000:00:01.1: reg 0x20: [io  0xc040-0xc04f]
[    0.847892] pci 0000:00:01.1: legacy IDE quirk: reg 0x10: [io  0x01f0-0x01f7]
[    0.848716] pci 0000:00:01.1: legacy IDE quirk: reg 0x14: [io  0x03f6]
[    0.849128] pci 0000:00:01.1: legacy IDE quirk: reg 0x18: [io  0x0170-0x0177]
[    0.849945] pci 0000:00:01.1: legacy IDE quirk: reg 0x1c: [io  0x0376]
[    0.851063] pci 0000:00:01.3: [8086:7113] type 00 class 0x068000
[    0.852231] pci 0000:00:01.3: quirk: [io  0x0600-0x063f] claimed by PIIX4 ACPI
[    0.853074] pci 0000:00:01.3: quirk: [io  0x0700-0x070f] claimed by PIIX4 SMB
[    0.853511] pci 0000:00:02.0: [1234:1111] type 00 class 0x030000
[    0.856433] pci 0000:00:02.0: reg 0x10: [mem 0xfd000000-0xfdffffff pref]
[    0.859029] pci 0000:00:02.0: reg 0x18: [mem 0xfebf0000-0xfebf0fff]
[    0.863544] pci 0000:00:02.0: reg 0x30: [mem 0xfebe0000-0xfebeffff pref]
[    0.864911] pci 0000:00:02.0: Video device with shadowed ROM at [mem 0x000c0000-0x000dffff]
[    0.869320] pci 0000:00:03.0: [8086:100e] type 00 class 0x020000
[    0.870660] pci 0000:00:03.0: reg 0x10: [mem 0xfebc0000-0xfebdffff]
[    0.871891] pci 0000:00:03.0: reg 0x14: [io  0xc000-0xc03f]
[    0.874780] pci 0000:00:03.0: reg 0x30: [mem 0xfeb80000-0xfebbffff pref]
[    0.891742] ACPI: PCI: Interrupt link LNKA configured for IRQ 10
[    0.892931] ACPI: PCI: Interrupt link LNKB configured for IRQ 10
[    0.893627] ACPI: PCI: Interrupt link LNKC configured for IRQ 11
[    0.894769] ACPI: PCI: Interrupt link LNKD configured for IRQ 11
[    0.895679] ACPI: PCI: Interrupt link LNKS configured for IRQ 9
[    0.898016] iommu: Default domain type: Translated 
[    0.898590] iommu: DMA domain TLB invalidation policy: lazy mode 
[    0.900817] SCSI subsystem initialized
[    0.901533] ACPI: bus type USB registered
[    0.902103] usbcore: registered new interface driver usbfs
[    0.902802] usbcore: registered new interface driver hub
[    0.903465] usbcore: registered new device driver usb
[    0.904219] pps_core: LinuxPPS API ver. 1 registered
[    0.904795] pps_core: Software ver. 5.3.6 - Copyright 2005-2007 Rodolfo Giometti <giometti@linux.it>
[    0.905141] PTP clock support registered
[    0.905840] EDAC MC: Ver: 3.0.0
[    0.908748] NetLabel: Initializing
[    0.909129] NetLabel:  domain hash size = 128
[    0.909644] NetLabel:  protocols = UNLABELED CIPSOv4 CALIPSO
[    0.910384] NetLabel:  unlabeled traffic allowed by default
[    0.911569] PCI: Using ACPI for IRQ routing
[    0.912353] pci 0000:00:02.0: vgaarb: setting as boot VGA device
[    0.913067] pci 0000:00:02.0: vgaarb: bridge control possible
[    0.913119] pci 0000:00:02.0: vgaarb: VGA device added: decodes=io+mem,owns=io+mem,locks=none
[    0.913128] vgaarb: loaded
[    0.914104] hpet0: at MMIO 0xfed00000, IRQs 2, 8, 0
[    0.914699] hpet0: 3 comparators, 64-bit 100.000000 MHz counter
[    3.466768] clocksource: Switched to clocksource kvm-clock
[    3.519013] Callback from call_rcu_tasks_rude() invoked.
[    3.573374] Callback from call_rcu_tasks() invoked.
[    3.673545] VFS: Disk quotas dquot_6.6.0
[    3.674082] VFS: Dquot-cache hash table entries: 512 (order 0, 4096 bytes)
[    3.675195] pnp: PnP ACPI init
[    3.677887] pnp: PnP ACPI: found 6 devices
[    3.693436] clocksource: acpi_pm: mask: 0xffffff max_cycles: 0xffffff, max_idle_ns: 2085701024 ns
[    3.694915] NET: Registered PF_INET protocol family
[    3.695830] IP idents hash table entries: 32768 (order: 6, 262144 bytes, linear)
[    3.698143] tcp_listen_portaddr_hash hash table entries: 1024 (order: 4, 73728 bytes, linear)
[    3.699157] Table-perturb hash table entries: 65536 (order: 6, 262144 bytes, linear)
[    3.700010] TCP established hash table entries: 16384 (order: 5, 131072 bytes, linear)
[    3.701241] TCP bind hash table entries: 16384 (order: 9, 2359296 bytes, linear)
[    3.704537] TCP: Hash tables configured (established 16384 bind 16384)
[    3.705576] UDP hash table entries: 1024 (order: 5, 163840 bytes, linear)
[    3.706480] UDP-Lite hash table entries: 1024 (order: 5, 163840 bytes, linear)
[    3.707605] NET: Registered PF_UNIX/PF_LOCAL protocol family
[    3.709005] RPC: Registered named UNIX socket transport module.
[    3.709706] RPC: Registered udp transport module.
[    3.710228] RPC: Registered tcp transport module.
[    3.710750] RPC: Registered tcp NFSv4.1 backchannel transport module.
[    3.711470] pci_bus 0000:00: resource 4 [io  0x0000-0x0cf7 window]
[    3.712154] pci_bus 0000:00: resource 5 [io  0x0d00-0xffff window]
[    3.712841] pci_bus 0000:00: resource 6 [mem 0x000a0000-0x000bffff window]
[    3.713597] pci_bus 0000:00: resource 7 [mem 0x80000000-0xfebfffff window]
[    3.714353] pci_bus 0000:00: resource 8 [mem 0x100000000-0x17fffffff window]
[    3.715379] pci 0000:00:01.0: PIIX3: Enabling Passive Release
[    3.716025] pci 0000:00:00.0: Limiting direct PCI/PCI transfers
[    3.716835] PCI: CLS 0 bytes, default 64
[    3.717361] ACPI: bus type thunderbolt registered
[    3.718282] clocksource: tsc: mask: 0xffffffffffffffff max_cycles: 0x1a03dfe73b3, max_idle_ns: 440795256845 ns
[    3.723123] Initialise system trusted keyrings
[    3.723756] Key type blacklist registered
[    3.724482] workingset: timestamp_bits=36 max_order=19 bucket_order=0
[    3.737425] zbud: loaded
[    3.740398] squashfs: version 4.0 (2009/01/31) Phillip Lougher
[    3.742880] NFS: Registering the id_resolver key type
[    3.743471] Key type id_resolver registered
[    3.743930] Key type id_legacy registered
[    3.744515] nfs4filelayout_init: NFSv4 File Layout Driver Registering...
[    3.745350] nfs4flexfilelayout_init: NFSv4 Flexfile Layout Driver Registering...
[    3.746370] fuse: init (API version 7.37)
[    3.747292] SGI XFS with ACLs, security attributes, realtime, quota, no debug enabled
[    3.750706] 9p: Installing v9fs 9p2000 file system support
[    3.758987] Key type asymmetric registered
[    3.759464] Asymmetric key parser 'x509' registered
[    3.762063] alg: self-tests for CTR-KDF (hmac(sha256)) passed
[    3.762813] Block layer SCSI generic (bsg) driver version 0.4 loaded (major 243)
[    3.763855] io scheduler mq-deadline registered
[    3.764539] io scheduler bfq registered
[    3.766404] shpchp: Standard Hot Plug PCI Controller Driver version: 0.4
[    3.767691] IPMI message handler: version 39.2
[    3.768251] ipmi device interface
[    3.770593] input: Power Button as /devices/LNXSYSTM:00/LNXPWRBN:00/input/input0
[    3.771763] ACPI: button: Power Button [PWRF]
[    3.773472] ERST DBG: ERST support is disabled.
[    3.774906] Serial: 8250/16550 driver, 32 ports, IRQ sharing enabled
[    3.776251] 00:04: ttyS0 at I/O 0x3f8 (irq = 4, base_baud = 115200) is a 16550A
[    3.788998] Linux agpgart interface v0.103
[    3.790328] ACPI: bus type drm_connector registered
[    3.807002] brd: module loaded
[    3.817398] loop: module loaded
[    3.823193] scsi host0: ata_piix
[    3.824387] scsi host1: ata_piix
[    3.825011] ata1: PATA max MWDMA2 cmd 0x1f0 ctl 0x3f6 bmdma 0xc040 irq 14
[    3.825794] ata2: PATA max MWDMA2 cmd 0x170 ctl 0x376 bmdma 0xc048 irq 15
[    3.828127] tun: Universal TUN/TAP device driver, 1.6
[    3.829034] e100: Intel(R) PRO/100 Network Driver
[    3.829623] e100: Copyright(c) 1999-2006 Intel Corporation
[    3.830318] e1000: Intel(R) PRO/1000 Network Driver
[    3.830888] e1000: Copyright (c) 1999-2006 Intel Corporation.
[    3.985331] ata1: found unknown device (class 0)
[    3.986536] ata1.00: ATA-7: QEMU HARDDISK, 2.5+, max UDMA/100
[    3.987205] ata1.00: 16777216 sectors, multi 16: LBA48 
[    3.988838] scsi 0:0:0:0: Direct-Access     ATA      QEMU HARDDISK    2.5+ PQ: 0 ANSI: 5
[    3.990919] scsi 0:0:0:0: Attached scsi generic sg0 type 0
[    3.992351] sd 0:0:0:0: [sda] 16777216 512-byte logical blocks: (8.59 GB/8.00 GiB)
[    3.993396] ata2: found unknown device (class 0)
[    3.994193] sd 0:0:0:0: [sda] Write Protect is off
[    3.995055] ata2.00: ATAPI: QEMU DVD-ROM, 2.5+, max UDMA/100
[    3.995959] sd 0:0:0:0: [sda] Write cache: enabled, read cache: enabled, doesn't support DPO or FUA
[    3.997544] sd 0:0:0:0: [sda] Preferred minimum I/O size 512 bytes
[    4.000265] scsi 1:0:0:0: CD-ROM            QEMU     QEMU DVD-ROM     2.5+ PQ: 0 ANSI: 5
[    4.010867] sd 0:0:0:0: [sda] Attached SCSI disk
[    4.023251] ACPI: \_SB_.LNKC: Enabled at IRQ 11
[    4.034357] scsi 1:0:0:0: Attached scsi generic sg1 type 5
[    4.357666] e1000 0000:00:03.0 eth0: (PCI:33MHz:32-bit) 52:54:00:12:34:56
[    4.358487] e1000 0000:00:03.0 eth0: Intel(R) PRO/1000 Network Connection
[    4.359369] e1000e: Intel(R) PRO/1000 Network Driver
[    4.359921] e1000e: Copyright(c) 1999 - 2015 Intel Corporation.
[    4.360640] igb: Intel(R) Gigabit Ethernet Network Driver
[    4.361280] igb: Copyright (c) 2007-2014 Intel Corporation.
[    4.362023] PPP generic driver version 2.4.2
[    4.363180] VFIO - User Level meta-driver version: 0.3
[    4.364407] usbcore: registered new interface driver uas
[    4.365108] usbcore: registered new interface driver usb-storage
[    4.365948] i8042: PNP: PS/2 Controller [PNP0303:KBD,PNP0f13:MOU] at 0x60,0x64 irq 1,12
[    4.367682] serio: i8042 KBD port at 0x60,0x64 irq 1
[    4.368276] serio: i8042 AUX port at 0x60,0x64 irq 12
[    4.369806] mousedev: PS/2 mouse device common for all mice
[    4.371672] input: AT Translated Set 2 keyboard as /devices/platform/i8042/serio0/input/input1
[    4.373269] rtc_cmos 00:05: RTC can wake from S4
[    4.373960] input: VirtualPS/2 VMware VMMouse as /devices/platform/i8042/serio1/input/input4
[    4.375517] rtc_cmos 00:05: registered as rtc0
[    4.376187] rtc_cmos 00:05: setting system clock to 2023-04-12T17:31:08 UTC (1681320668)
[    4.376448] input: VirtualPS/2 VMware VMMouse as /devices/platform/i8042/serio1/input/input3
[    4.378316] rtc_cmos 00:05: alarms up to one day, y3k, 242 bytes nvram, hpet irqs
[    4.379315] i2c_dev: i2c /dev entries driver
[    4.379885] device-mapper: core: CONFIG_IMA_DISABLE_HTABLE is disabled. Duplicate IMA measurements will not be recorded in the IMA log.
[    4.381427] device-mapper: uevent: version 1.0.3
[    4.382388] device-mapper: ioctl: 4.47.0-ioctl (2022-07-28) initialised: dm-devel@redhat.com
[    4.383323] intel_pstate: CPU model not supported
[    4.383955] sdhci: Secure Digital Host Controller Interface driver
[    4.384663] sdhci: Copyright(c) Pierre Ossman
[    4.385306] sdhci-pltfm: SDHCI platform and OF driver helper
[    4.386035] ledtrig-cpu: registered to indicate activity on CPUs
[    4.398534] drop_monitor: Initializing network drop monitor service
[    4.399890] NET: Registered PF_INET6 protocol family
[    4.403327] Segment Routing with IPv6
[    4.403810] In-situ OAM (IOAM) with IPv6
[    4.404323] NET: Registered PF_PACKET protocol family
[    4.405273] 9pnet: Installing 9P2000 support
[    4.405925] Key type dns_resolver registered
[    4.407455] IPI shorthand broadcast: enabled
[    4.408077] sched_clock: Marking stable (4383487461, 23727335)->(4433493598, -26278802)
[    4.409903] registered taskstats version 1
[    4.410570] Loading compiled-in X.509 certificates
[    4.411482] zswap: loaded using pool lzo/zbud
[    4.412860] Key type .fscrypt registered
[    4.413343] Key type fscrypt-provisioning registered
[    4.415292] Key type encrypted registered
[    4.415818] ima: No TPM chip found, activating TPM-bypass!
[    4.416468] ima: Allocated hash algorithm: sha1
[    4.417061] ima: No architecture policies found
[    4.417712] evm: Initialising EVM extended attributes:
[    4.418281] evm: security.selinux
[    4.418653] evm: security.SMACK64
[    4.419021] evm: security.SMACK64EXEC
[    4.419433] evm: security.SMACK64TRANSMUTE
[    4.419884] evm: security.SMACK64MMAP
[    4.420288] evm: security.apparmor
[    4.420694] evm: security.ima
[    4.421046] evm: security.capability
[    4.421497] evm: HMAC attrs: 0x1
[    4.428169] PM:   Magic number: 3:171:542
[    4.429270] RAS: Correctable Errors collector initialized.
[    4.431216] md: Waiting for all devices to be available before autodetect
[    4.431719] md: If you don't use raid, use raid=noautodetect
[    4.432150] md: Autodetecting RAID arrays.
[    4.432470] md: autorun ...
[    4.432699] md: ... autorun DONE.
[    4.441782] EXT4-fs (sda): INFO: recovery required on readonly filesystem
[    4.442326] EXT4-fs (sda): write access will be enabled during recovery
[    4.462198] EXT4-fs (sda): recovery complete
[    4.464267] EXT4-fs (sda): mounted filesystem with ordered data mode. Quota mode: none.
[    4.465036] VFS: Mounted root (ext4 filesystem) readonly on device 8:0.
[    4.466237] devtmpfs: mounted
[    4.472729] Freeing unused decrypted memory: 2036K
[    4.474566] Freeing unused kernel image (initmem) memory: 3672K
[    4.475099] Write protecting the kernel read-only data: 43008k
[    4.479251] Freeing unused kernel image (text/rodata gap) memory: 2028K
[    4.480267] Freeing unused kernel image (rodata/data gap) memory: 376K
[    4.581920] x86/mm: Checked W+X mappings: passed, no W+X pages found.
[    4.582446] Run /sbin/init as init process
[    4.705238] systemd[1]: RTC configured in localtime, applying delta of 0 minutes to system time.
[    4.754773] systemd[1]: systemd 239 (239-49.el8) running in system mode. (+PAM +AUDIT +SELINUX +IMA -APPARMOR +SMACK +SYSVINIT +UTMP +LIBCRYPTSETUP +GCRYPT +GNUTLS +ACL +XZ +LZ4 +SECCOMP +BLKID +ELFUTILS +KMOD +IDN2 -IDN +PCRE2 default-hierarchy=legacy)
[    4.756774] systemd[1]: Detected virtualization kvm.
[    4.757224] systemd[1]: Detected architecture x86-64.

Welcome to [0;31mCentOS Stream 8[0m!

[    4.813460] systemd[1]: Set hostname to <test>.
[    5.877189] random: crng init done
[    6.036386] systemd[1]: Reached target Swap.
[[0;32m  OK  [0m] Reached target Swap.
[    6.038775] systemd[1]: Started Forward Password Requests to Wall Directory Watch.
[[0;32m  OK  [0m] Started Forward Password Requests to Wall Directory Watch.
[    6.043572] systemd[1]: Created slice system-sshd\x2dkeygen.slice.
[[0;32m  OK  [0m] Created slice system-sshd\x2dkeygen.slice.
[    6.045759] systemd[1]: Created slice system-getty.slice.
[[0;32m  OK  [0m] Created slice system-getty.slice.
[    6.047118] systemd[1]: Listening on initctl Compatibility Named Pipe.
[[0;32m  OK  [0m] Listening on initctl Compatibility Named Pipe.
[    6.048803] systemd[1]: Listening on Journal Socket.
[[0;32m  OK  [0m] Listening on Journal Socket.
         Starting Remount Root and Kernel File Systems...
[[0;32m  OK  [0m] Listening on LVM2 poll daemon socket.
[[0;32m  OK  [0m] Listening on udev Control Socket.
[[0;32m  OK  [0m] Listening on RPCbind Server Activation Socket.
         Mounting POSIX Message Queue File System...
[[0;32m  OK  [0m] Listening on multipathd control socket.
[[0;32m  OK  [0m] Created slice system-serial\x2dgetty.slice.
         Starting Load Kernel Modules...
         Starting Setup Virtual Console...
         Mounting Huge Pages File System...
[[0;32m  OK  [0m] Listening on Process Core Dump Socket.
[[0;32m  OK  [0m] Reached target RPC Port Mapper.
[[0;32m  OK  [0m] Set up automount Arbitrary Executabâ€¦rmats File System Automount Point.
[    6.293493] EXT4-fs (sda): re-mounted. Quota mode: none.
         Mounting Kernel Debug File System...
[[0;32m  OK  [0m] Created slice User and Session Slice.
[[0;32m  OK  [0m] Listening on udev Kernel Socket.
         Starting udev Coldplug all Devices...
[[0;32m  OK  [0m] Reached target Slices.
[[0;32m  OK  [0m] Listening on Device-mapper event daemon FIFOs.
         Starting Monitoring of LVM2 mirrorsâ€¦ng dmeventd or progress polling...
[[0;32m  OK  [0m] Listening on Journal Socket (/dev/log).
         Starting Journal Service...
[[0;32m  OK  [0m] Started Remount Root and Kernel File Systems.
[[0;32m  OK  [0m] Mounted POSIX Message Queue File System.
[[0;1;31mFAILED[0m] Failed to start Load Kernel Modules.
See 'systemctl status systemd-modules-load.service' for details.
[[0;32m  OK  [0m] Started Setup Virtual Console.
[[0;32m  OK  [0m] Mounted Huge Pages File System.
[[0;32m  OK  [0m] Started Journal Service.
[[0;32m  OK  [0m] Mounted Kernel Debug File System.
         Starting Apply Kernel Variables...
         Mounting FUSE Control File System...
         Mounting Kernel Configuration File System...
         Starting Create Static Device Nodes in /dev...
         Starting Flush Journal to Persistent Storage...
         Starting Load/Save Random Seed...
[[0;32m  OK  [0m] Started Apply Kernel Variables.
[[0;32m  OK  [0m] Mounted FUSE Control File System.
[[0;32m  OK  [0m] Mounted Kernel Configuration File System.
[[0;32m  OK  [0m] Started Flush Journal to Persistent Storage.
[[0;32m  OK  [0m] Started Create Static Device Nodes in /dev.
[[0;32m  OK  [0m] Started Load/Save Random Seed.
         Starting udev Kernel Device Manager...
[[0;32m  OK  [0m] Started udev Coldplug all Devices.
         Starting udev Wait for Complete Device Initialization...
[[0;32m  OK  [0m] Started udev Kernel Device Manager.
         Starting Show Plymouth Boot Screen...
[[0;32m  OK  [0m] Started Show Plymouth Boot Screen.
[[0;32m  OK  [0m] Reached target Local Encrypted Volumes.
[[0;32m  OK  [0m] Reached target Paths.
[[0;32m  OK  [0m] Started Forward Password Requests to Plymouth Directory Watch.
[[0;32m  OK  [0m] Found device /dev/ttyS0.
[[0;32m  OK  [0m] Started Monitoring of LVM2 mirrors,â€¦sing dmeventd or progress polling.
[[0;32m  OK  [0m] Listening on Load/Save RF Kill Switch Status /dev/rfkill Watch.
[[0;32m  OK  [0m] Started udev Wait for Complete Device Initialization.
[[0;32m  OK  [0m] Reached target Local File Systems (Pre).
[[0;32m  OK  [0m] Reached target Local File Systems.
         Starting Restore /run/initramfs on shutdown...
         Starting Create Volatile Files and Directories...
         Starting Tell Plymouth To Write Out Runtime Data...
[[0;32m  OK  [0m] Started Restore /run/initramfs on shutdown.
[[0;32m  OK  [0m] Started Tell Plymouth To Write Out Runtime Data.
[[0;32m  OK  [0m] Started Create Volatile Files and Directories.
         Starting Security Auditing Service...
         Starting RPC Bind...
         Mounting RPC Pipe File System...
[[0;32m  OK  [0m] Mounted RPC Pipe File System.
[[0;32m  OK  [0m] Reached target rpc_pipefs.target.
[[0;32m  OK  [0m] Started RPC Bind.
[[0;32m  OK  [0m] Started Security Auditing Service.
         Starting Update UTMP about System Boot/Shutdown...
[[0;32m  OK  [0m] Started Update UTMP about System Boot/Shutdown.
[[0;32m  OK  [0m] Reached target System Initialization.
[[0;32m  OK  [0m] Started Daily Cleanup of Temporary Directories.
[[0;32m  OK  [0m] Listening on D-Bus System Message Bus Socket.
[[0;32m  OK  [0m] Listening on SSSD Kerberos Cache Manager responder socket.
[[0;32m  OK  [0m] Reached target Sockets.
[[0;32m  OK  [0m] Reached target Basic System.
[[0;32m  OK  [0m] Started D-Bus System Message Bus.
         Starting NTP client/server...
         Starting Authorization Manager...
[[0;32m  OK  [0m] Started irqbalance daemon.
[[0;32m  OK  [0m] Started dnf makecache --timer.
         Starting Auto-connect to subsystemsâ€¦-NVME devices found during boot...
[[0;32m  OK  [0m] Started Machine Check Exception Logging Daemon.
         Starting Self Monitoring and Reporting Technology (SMART) Daemon...
         Starting Network Manager...
[[0;32m  OK  [0m] Started daily update of the root trust anchor for DNSSEC.
[[0;32m  OK  [0m] Reached target Timers.
[[0;32m  OK  [0m] Reached target sshd-keygen.target.
         Starting Login Service...
[[0;32m  OK  [0m] Started Auto-connect to subsystems â€¦FC-NVME devices found during boot.
         Starting update of the root trust aâ€¦or DNSSEC validation in unbound...
[[0;32m  OK  [0m] Started Self Monitoring and Reporting Technology (SMART) Daemon.
[[0;32m  OK  [0m] Started Login Service.
[[0;32m  OK  [0m] Started Network Manager.
         Starting Network Manager Wait Online...
[[0;32m  OK  [0m] Reached target Network.
         Starting OpenSSH server daemon...
         Starting GSSAPI Proxy Daemon...
         Starting Dynamic System Tuning Daemon...
[[0;32m  OK  [0m] Started NTP client/server.
[[0;32m  OK  [0m] Started update of the root trust anâ€¦ for DNSSEC validation in unbound.
[[0;32m  OK  [0m] Started OpenSSH server daemon.
[[0;32m  OK  [0m] Started Authorization Manager.
         Starting Hostname Service...
[[0;32m  OK  [0m] Started GSSAPI Proxy Daemon.
[[0;32m  OK  [0m] Reached target NFS client services.
[[0;32m  OK  [0m] Reached target Remote File Systems (Pre).
[[0;32m  OK  [0m] Reached target Remote File Systems.
         Starting Permit User Sessions...
[[0;32m  OK  [0m] Started Permit User Sessions.
[[0;32m  OK  [0m] Started Command Scheduler.
         Starting Hold until boot process finishes up...
         Starting Terminate Plymouth Boot Screen...
[    9.229394] e1000: eth0 NIC Link is Up 1000 Mbps Full Duplex, Flow Control: RX
[    9.230501] IPv6: ADDRCONF(NETDEV_CHANGE): eth0: link becomes ready
[    9.536823] Spectre V2 : WARNING: Unprivileged eBPF is enabled with eIBRS on, data leaks possible via Spectre v2 BHB attacks!
[    9.537819] Spectre V2 : WARNING: Unprivileged eBPF is enabled with eIBRS on, data leaks possible via Spectre v2 BHB attacks!

CentOS Stream 8
Kernel 6.1.0-rc3-4a6f316d6855+ on an x86_64

test login: [   32.173537] hrtimer: interrupt took 511983 ns
[   51.029608] rcu_tasks_wait_gp: rcu_tasks grace period 9 is 2594 jiffies old.
[   81.206429] rcu_tasks_wait_gp: rcu_tasks grace period 9 is 10138 jiffies old.
[  171.765650] rcu_tasks_wait_gp: rcu_tasks grace period 9 is 32778 jiffies old.
[  300.214208] INFO: task repro:597 blocked for more than 147 seconds.
[  300.216498]       Not tainted 6.1.0-rc3-4a6f316d6855+ #1
[  300.218778] "echo 0 > /proc/sys/kernel/hung_task_timeout_secs" disables this message.
[  300.220793] task:repro           state:D stack:0     pid:597   ppid:595    flags:0x00004006
[  300.223439] Call Trace:
[  300.224249]  <TASK>
[  300.225706]  __schedule+0x344/0xad0
[  300.227403]  ? wait_for_completion+0x7b/0x180
[  300.228760]  schedule+0x5b/0xe0
[  300.230264]  schedule_timeout+0x554/0x640
[  300.232017]  ? schedule_timeout+0x9/0x640
[  300.234007]  ? wait_for_completion+0x7b/0x180
[  300.235322]  wait_for_completion+0xa6/0x180
[  300.237070]  __wait_rcu_gp+0x136/0x160
[  300.238773]  ? ftrace_kill+0x40/0x40
[  300.239864]  ? ftrace_kill+0x40/0x40
[  300.241056]  synchronize_rcu_tasks_generic.part.24+0x3b/0x60
[  300.243004]  ? call_rcu_tasks_generic+0x320/0x320
[  300.244419]  ? rcu_tasks_pregp_step+0x20/0x20
[  300.246819]  ? verify_cpu+0xa0/0x100
[  300.248206]  synchronize_rcu_tasks_generic+0x2b/0x70
[  300.250119]  synchronize_rcu_tasks+0x19/0x20
[  300.251419]  ftrace_shutdown+0x1d2/0x410
[  300.253027]  unregister_ftrace_function+0x35/0x220
[  300.254952]  ? __sanitizer_cov_trace_switch+0x57/0xa0
[  300.256695]  perf_ftrace_event_register+0x95/0xf0
[  300.258502]  ? perf_tp_event_init+0xa0/0xa0
[  300.259787]  perf_trace_destroy+0x3a/0xa0
[  300.261029]  ? perf_tp_event_init+0xa0/0xa0
[  300.262686]  tp_perf_event_destroy+0x1e/0x30
[  300.264039]  _free_event+0x101/0x7e0
[  300.265852]  put_event+0x3c/0x50
[  300.267017]  perf_event_release_kernel+0x2fd/0x380
[  300.268386]  ? perf_event_release_kernel+0x9/0x380
[  300.270164]  ? perf_event_release_kernel+0x380/0x380
[  300.271335]  perf_release+0x22/0x30
[  300.272241]  __fput+0x11f/0x450
[  300.274189]  ____fput+0x1e/0x30
[  300.275297]  task_work_run+0xb6/0x120
[  300.276790]  do_exit+0x547/0x1360
[  300.278486]  ? write_comp_data+0x2f/0x90
[  300.280157]  do_group_exit+0x5e/0xf0
[  300.281959]  get_signal+0x148f/0x1490
[  300.284038]  arch_do_signal_or_restart+0x3b/0x820
[  300.286406]  ? arch_do_signal_or_restart+0x9/0x820
[  300.287819]  ? lockdep_hardirqs_on+0x8a/0x110
[  300.290144]  exit_to_user_mode_prepare+0x13b/0x210
[  300.291675]  syscall_exit_to_user_mode+0x2d/0x60
[  300.293105]  do_syscall_64+0x4a/0x90
[  300.294693]  entry_SYSCALL_64_after_hwframe+0x63/0xcd
[  300.296112] RIP: 0033:0x7f5dc26c359d
[  300.297620] RSP: 002b:00007ffd9c4e3438 EFLAGS: 00000246 ORIG_RAX: 000000000000012a
[  300.299723] RAX: 0000000000000003 RBX: 0000000000000000 RCX: 00007f5dc26c359d
[  300.301968] RDX: 0000000000000000 RSI: 0000000000000000 RDI: 0000000020000080
[  300.303819] RBP: 00007ffd9c4e3450 R08: 0000000000000000 R09: 00007ffd9c4e3450
[  300.306205] R10: 00000000ffffffff R11: 0000000000000246 R12: 00000000004011c0
[  300.308069] R13: 00007ffd9c4e3570 R14: 0000000000000000 R15: 0000000000000000
[  300.311433]  </TASK>
[  300.312183] 
[  300.312183] Showing all locks held in the system:
[  300.314239] 1 lock held by rcu_tasks_kthre/11:
[  300.315438]  #0: ffffffff83b63c90 (rcu_tasks.tasks_gp_mutex){+.+.}-{3:3}, at: rcu_tasks_one_gp+0x2d/0x3d0
[  300.318685] 1 lock held by rcu_tasks_rude_/12:
[  300.319884]  #0: ffffffff83b63a10 (rcu_tasks_rude.tasks_gp_mutex){+.+.}-{3:3}, at: rcu_tasks_one_gp+0x2d/0x3d0
[  300.323207] 1 lock held by rcu_tasks_trace/13:
[  300.324411]  #0: ffffffff83b63750 (rcu_tasks_trace.tasks_gp_mutex){+.+.}-{3:3}, at: rcu_tasks_one_gp+0x2d/0x3d0
[  300.327779] 1 lock held by khungtaskd/29:
[  300.328886]  #0: ffffffff83b646a0 (rcu_read_lock){....}-{1:2}, at: debug_show_all_locks+0x27/0x18c
[  300.332100] 1 lock held by systemd-journal/186:
[  300.333837] 2 locks held by repro/597:
[  300.334899]  #0: ffffffff83c21e28 (event_mutex){+.+.}-{3:3}, at: perf_trace_destroy+0x21/0xa0
[  300.337955]  #1: ffffffff83c1e308 (ftrace_lock){+.+.}-{3:3}, at: unregister_ftrace_function+0x2b/0x220
[  300.340806] 1 lock held by repro/598:
[  300.342235] 
[  300.342790] =============================================
[  300.342790] 
[  442.202148] rcu_tasks_wait_gp: rcu_tasks grace period 9 is 100387 jiffies old.
[  447.670073] INFO: task repro:597 blocked for more than 294 seconds.
[  447.671927]       Not tainted 6.1.0-rc3-4a6f316d6855+ #1
[  447.674142] "echo 0 > /proc/sys/kernel/hung_task_timeout_secs" disables this message.
[  447.676507] task:repro           state:D stack:0     pid:597   ppid:595    flags:0x00004006
[  447.679551] Call Trace:
[  447.680416]  <TASK>
[  447.681839]  __schedule+0x344/0xad0
[  447.683396]  ? wait_for_completion+0x7b/0x180
[  447.684732]  schedule+0x5b/0xe0
[  447.686171]  schedule_timeout+0x554/0x640
[  447.687829]  ? schedule_timeout+0x9/0x640
[  447.689954]  ? wait_for_completion+0x7b/0x180
[  447.691345]  wait_for_completion+0xa6/0x180
[  447.693108]  __wait_rcu_gp+0x136/0x160
[  447.695040]  ? ftrace_kill+0x40/0x40
[  447.696151]  ? ftrace_kill+0x40/0x40
[  447.697721]  synchronize_rcu_tasks_generic.part.24+0x3b/0x60
[  447.699390]  ? call_rcu_tasks_generic+0x320/0x320
[  447.700857]  ? rcu_tasks_pregp_step+0x20/0x20
[  447.702954]  ? verify_cpu+0xa0/0x100
[  447.704342]  synchronize_rcu_tasks_generic+0x2b/0x70
[  447.706352]  synchronize_rcu_tasks+0x19/0x20
[  447.707662]  ftrace_shutdown+0x1d2/0x410
[  447.709636]  unregister_ftrace_function+0x35/0x220
[  447.711182]  ? __sanitizer_cov_trace_switch+0x57/0xa0
[  447.712919]  perf_ftrace_event_register+0x95/0xf0
[  447.714725]  ? perf_tp_event_init+0xa0/0xa0
[  447.716154]  perf_trace_destroy+0x3a/0xa0
[  447.717902]  ? perf_tp_event_init+0xa0/0xa0
[  447.719153]  tp_perf_event_destroy+0x1e/0x30
[  447.720572]  _free_event+0x101/0x7e0
[  447.722546]  put_event+0x3c/0x50
[  447.723827]  perf_event_release_kernel+0x2fd/0x380
[  447.725752]  ? perf_event_release_kernel+0x9/0x380
[  447.727516]  ? perf_event_release_kernel+0x380/0x380
[  447.729096]  perf_release+0x22/0x30
[  447.730792]  __fput+0x11f/0x450
[  447.732321]  ____fput+0x1e/0x30
[  447.733878]  task_work_run+0xb6/0x120
[  447.735485]  do_exit+0x547/0x1360
[  447.736788]  ? write_comp_data+0x2f/0x90
[  447.738882]  do_group_exit+0x5e/0xf0
[  447.740302]  get_signal+0x148f/0x1490
[  447.742756]  arch_do_signal_or_restart+0x3b/0x820
[  447.744760]  ? arch_do_signal_or_restart+0x9/0x820
[  447.746665]  ? lockdep_hardirqs_on+0x8a/0x110
[  447.748324]  exit_to_user_mode_prepare+0x13b/0x210
[  447.750312]  syscall_exit_to_user_mode+0x2d/0x60
[  447.751779]  do_syscall_64+0x4a/0x90
[  447.752994]  entry_SYSCALL_64_after_hwframe+0x63/0xcd
[  447.754961] RIP: 0033:0x7f5dc26c359d
[  447.756189] RSP: 002b:00007ffd9c4e3438 EFLAGS: 00000246 ORIG_RAX: 000000000000012a
[  447.758628] RAX: 0000000000000003 RBX: 0000000000000000 RCX: 00007f5dc26c359d
[  447.760524] RDX: 0000000000000000 RSI: 0000000000000000 RDI: 0000000020000080
[  447.762719] RBP: 00007ffd9c4e3450 R08: 0000000000000000 R09: 00007ffd9c4e3450
[  447.764517] R10: 00000000ffffffff R11: 0000000000000246 R12: 00000000004011c0
[  447.766825] R13: 00007ffd9c4e3570 R14: 0000000000000000 R15: 0000000000000000
[  447.770062]  </TASK>
[  447.770823] 
[  447.770823] Showing all locks held in the system:
[  447.772376] 1 lock held by rcu_tasks_kthre/11:
[  447.773998]  #0: ffffffff83b63c90 (rcu_tasks.tasks_gp_mutex){+.+.}-{3:3}, at: rcu_tasks_one_gp+0x2d/0x3d0
[  447.776809] 1 lock held by rcu_tasks_rude_/12:
[  447.778342]  #0: ffffffff83b63a10 (rcu_tasks_rude.tasks_gp_mutex){+.+.}-{3:3}, at: rcu_tasks_one_gp+0x2d/0x3d0
[  447.781794] 1 lock held by rcu_tasks_trace/13:
[  447.783044]  #0: ffffffff83b63750 (rcu_tasks_trace.tasks_gp_mutex){+.+.}-{3:3}, at: rcu_tasks_one_gp+0x2d/0x3d0
[  447.786500] 1 lock held by khungtaskd/29:
[  447.787629]  #0: ffffffff83b646a0 (rcu_read_lock){....}-{1:2}, at: debug_show_all_locks+0x27/0x18c
[  447.790950] 2 locks held by repro/597:
[  447.792036]  #0: ffffffff83c21e28 (event_mutex){+.+.}-{3:3}, at: perf_trace_destroy+0x21/0xa0
[  447.795130]  #1: ffffffff83c1e308 (ftrace_lock){+.+.}-{3:3}, at: unregister_ftrace_function+0x2b/0x220
[  447.798264] 1 lock held by repro/601:
[  447.799281] 
[  447.799820] =============================================
[  447.799820] 
[  595.126097] INFO: task repro:597 blocked for more than 442 seconds.
[  595.128102]       Not tainted 6.1.0-rc3-4a6f316d6855+ #1
[  595.130259] "echo 0 > /proc/sys/kernel/hung_task_timeout_secs" disables this message.
[  595.132381] task:repro           state:D stack:0     pid:597   ppid:595    flags:0x00004006
[  595.135215] Call Trace:
[  595.136135]  <TASK>
[  595.137669]  __schedule+0x344/0xad0
[  595.139277]  ? wait_for_completion+0x7b/0x180
[  595.140725]  schedule+0x5b/0xe0
[  595.142353]  schedule_timeout+0x554/0x640
[  595.144186]  ? schedule_timeout+0x9/0x640
[  595.146390]  ? wait_for_completion+0x7b/0x180
[  595.147863]  wait_for_completion+0xa6/0x180
[  595.150086]  __wait_rcu_gp+0x136/0x160
[  595.151489]  ? ftrace_kill+0x40/0x40
[  595.152669]  ? ftrace_kill+0x40/0x40
[  595.154429]  synchronize_rcu_tasks_generic.part.24+0x3b/0x60
[  595.156179]  ? call_rcu_tasks_generic+0x320/0x320
[  595.158269]  ? rcu_tasks_pregp_step+0x20/0x20
[  595.160103]  ? verify_cpu+0xa0/0x100
[  595.161986]  synchronize_rcu_tasks_generic+0x2b/0x70
[  595.163618]  synchronize_rcu_tasks+0x19/0x20
[  595.165051]  ftrace_shutdown+0x1d2/0x410
[  595.167159]  unregister_ftrace_function+0x35/0x220
[  595.168810]  ? __sanitizer_cov_trace_switch+0x57/0xa0
[  595.171060]  perf_ftrace_event_register+0x95/0xf0
[  595.172560]  ? perf_tp_event_init+0xa0/0xa0
[  595.174370]  perf_trace_destroy+0x3a/0xa0
[  595.175718]  ? perf_tp_event_init+0xa0/0xa0
[  595.177085]  tp_perf_event_destroy+0x1e/0x30
[  595.179015]  _free_event+0x101/0x7e0
[  595.180535]  put_event+0x3c/0x50
[  595.182360]  perf_event_release_kernel+0x2fd/0x380
[  595.183858]  ? perf_event_release_kernel+0x9/0x380
[  595.186146]  ? perf_event_release_kernel+0x380/0x380
[  595.187838]  perf_release+0x22/0x30
[  595.189565]  __fput+0x11f/0x450
[  595.191192]  ____fput+0x1e/0x30
[  595.192409]  task_work_run+0xb6/0x120
[  595.194393]  do_exit+0x547/0x1360
[  595.195812]  ? write_comp_data+0x2f/0x90
[  595.197937]  do_group_exit+0x5e/0xf0
[  595.199521]  get_signal+0x148f/0x1490
[  595.202086]  arch_do_signal_or_restart+0x3b/0x820
[  595.204295]  ? arch_do_signal_or_restart+0x9/0x820
[  595.206358]  ? lockdep_hardirqs_on+0x8a/0x110
[  595.208148]  exit_to_user_mode_prepare+0x13b/0x210
[  595.210186]  syscall_exit_to_user_mode+0x2d/0x60
[  595.211734]  do_syscall_64+0x4a/0x90
[  595.213065]  entry_SYSCALL_64_after_hwframe+0x63/0xcd
[  595.215020] RIP: 0033:0x7f5dc26c359d
[  595.216249] RSP: 002b:00007ffd9c4e3438 EFLAGS: 00000246 ORIG_RAX: 000000000000012a
[  595.219173] RAX: 0000000000000003 RBX: 0000000000000000 RCX: 00007f5dc26c359d
[  595.221948] RDX: 0000000000000000 RSI: 0000000000000000 RDI: 0000000020000080
[  595.224033] RBP: 00007ffd9c4e3450 R08: 0000000000000000 R09: 00007ffd9c4e3450
[  595.226462] R10: 00000000ffffffff R11: 0000000000000246 R12: 00000000004011c0
[  595.228433] R13: 00007ffd9c4e3570 R14: 0000000000000000 R15: 0000000000000000
[  595.232019]  </TASK>
[  595.629929] 
[  595.629929] Showing all locks held in the system:
[  595.632002] 1 lock held by rcu_tasks_kthre/11:
[  595.634043]  #0: ffffffff83b63c90 (rcu_tasks.tasks_gp_mutex){+.+.}-{3:3}, at: rcu_tasks_one_gp+0x2d/0x3d0
[  595.637646] 1 lock held by rcu_tasks_rude_/12:
[  595.638976]  #0: ffffffff83b63a10 (rcu_tasks_rude.tasks_gp_mutex){+.+.}-{3:3}, at: rcu_tasks_one_gp+0x2d/0x3d0
[  595.643722] 1 lock held by rcu_tasks_trace/13:
[  595.645645]  #0: ffffffff83b63750 (rcu_tasks_trace.tasks_gp_mutex){+.+.}-{3:3}, at: rcu_tasks_one_gp+0x2d/0x3d0
[  595.648928] 1 lock held by khungtaskd/29:
[  595.650565]  #0: ffffffff83b646a0 (rcu_read_lock){....}-{1:2}, at: debug_show_all_locks+0x27/0x18c
[  595.654118] 2 locks held by repro/597:
[  595.655295]  #0: ffffffff83c21e28 (event_mutex){+.+.}-{3:3}, at: perf_trace_destroy+0x21/0xa0
[  595.658768]  #1: ffffffff83c1e308 (ftrace_lock){+.+.}-{3:3}, at: unregister_ftrace_function+0x2b/0x220
[  595.662327] 1 lock held by repro/603:
[  595.663503] 
[  595.664122] =============================================
[  595.664122] 
[  640.949930] INFO: rcu_tasks detected stalls on tasks:
[  640.951653] 00000000838d9a9c: .. nvcsw: 1/1 holdout: 1 idle_cpu: -1/1
[  640.954517] task:repro           state:R  running task     stack:0     pid:603   ppid:596    flags:0x00004004
[  640.957727] Call Trace:
[  640.958574]  <TASK>
[  640.959581]  __schedule+0x344/0xad0
[  640.960967]  ? __cond_resched+0x25/0x30
[  640.962835]  preempt_schedule_common+0x11/0x90
[  640.964269]  __cond_resched+0x25/0x30
[  640.965978]  mousedev_write+0xd2/0x3d0
[  640.968970]  vfs_write+0x1b6/0x780
[  640.970547]  ? mousedev_fasync+0x40/0x40
[  640.972088]  ? vfs_write+0x9/0x780
[  640.973618]  ? write_comp_data+0x2f/0x90
[  640.975181]  ksys_write+0x153/0x170
[  640.976694]  __x64_sys_write+0x27/0x30
[  640.978393]  do_syscall_64+0x3b/0x90
[  640.979653]  entry_SYSCALL_64_after_hwframe+0x63/0xcd
[  640.981549] RIP: 0033:0x7f5dc26c359d
[  640.982771] RSP: 002b:00007ffd9c4e3438 EFLAGS: 00000217 ORIG_RAX: 0000000000000001
[  640.984882] RAX: ffffffffffffffda RBX: 0000000000000000 RCX: 00007f5dc26c359d
[  640.987125] RDX: 00000000fffffff3 RSI: 00000000200004c0 RDI: 0000000000000004
[  640.989062] RBP: 00007ffd9c4e3450 R08: 00007ffd9c4e3450 R09: 00007ffd9c4e3450
[  640.991302] R10: 000000000000001f R11: 0000000000000217 R12: 00000000004011c0
[  640.993533] R13: 00007ffd9c4e3570 R14: 0000000000000000 R15: 0000000000000000
[  640.996484]  </TASK>
[  641.201951] 00000000a451a2d0: .. nvcsw: 1/1 holdout: 1 idle_cpu: -1/1
[  641.204049] task:repro           state:R  running task     stack:0     pid:602   ppid:593    flags:0x00004004
[  641.208929] Call Trace:
[  641.210305]  <TASK>
[  641.211500]  __schedule+0x344/0xad0
[  641.213090]  ? __cond_resched+0x25/0x30
[  641.215276]  preempt_schedule_common+0x11/0x90
[  641.216898]  __cond_resched+0x25/0x30
[  641.218795]  mousedev_write+0xd2/0x3d0
[  641.220555]  vfs_write+0x1b6/0x780
[  641.222306]  ? mousedev_fasync+0x40/0x40
[  641.223923]  ? vfs_write+0x9/0x780
[  641.225632]  ? write_comp_data+0x2f/0x90
[  641.227318]  ksys_write+0x153/0x170
[  641.229105]  __x64_sys_write+0x27/0x30
[  641.231159]  do_syscall_64+0x3b/0x90
[  641.232395]  entry_SYSCALL_64_after_hwframe+0x63/0xcd
[  641.234540] RIP: 0033:0x7f5dc26c359d
[  641.235726] RSP: 002b:00007ffd9c4e3438 EFLAGS: 00000217 ORIG_RAX: 0000000000000001
[  641.238421] RAX: ffffffffffffffda RBX: 0000000000000000 RCX: 00007f5dc26c359d
[  641.240445] RDX: 00000000fffffff3 RSI: 00000000200004c0 RDI: 0000000000000004
[  641.242877] RBP: 00007ffd9c4e3450 R08: 00007ffd9c4e3450 R09: 00007ffd9c4e3450
[  641.244878] R10: 000000000000001f R11: 0000000000000217 R12: 00000000004011c0
[  641.247199] R13: 00007ffd9c4e3570 R14: 0000000000000000 R15: 0000000000000000
[  641.250777]  </TASK>
[  641.422002] 000000008b52a1d8: .. nvcsw: 1/1 holdout: 1 idle_cpu: -1/0
[  641.423871] task:repro           state:R  running task     stack:0     pid:601   ppid:592    flags:0x00004004
[  641.427132] Call Trace:
[  641.428026]  <TASK>
[  641.429109]  __schedule+0x344/0xad0
[  641.431137]  ? __cond_resched+0x25/0x30
[  641.432600]  preempt_schedule_common+0x11/0x90
[  641.434696]  __cond_resched+0x25/0x30
[  641.435974]  mousedev_write+0xd2/0x3d0
[  641.438056]  vfs_write+0x1b6/0x780
[  641.439267]  ? mousedev_fasync+0x40/0x40
[  641.440783]  ? vfs_write+0x9/0x780
[  641.442268]  ? write_comp_data+0x2f/0x90
[  641.443911]  ksys_write+0x153/0x170
[  641.445876]  __x64_sys_write+0x27/0x30
[  641.447293]  do_syscall_64+0x3b/0x90
[  641.448588]  entry_SYSCALL_64_after_hwframe+0x63/0xcd
[  641.450540] RIP: 0033:0x7f5dc26c359d
[  641.451781] RSP: 002b:00007ffd9c4e3438 EFLAGS: 00000217 ORIG_RAX: 0000000000000001
[  641.454353] RAX: ffffffffffffffda RBX: 0000000000000000 RCX: 00007f5dc26c359d
[  641.456319] RDX: 00000000fffffff3 RSI: 00000000200004c0 RDI: 0000000000000004
[  641.458635] RBP: 00007ffd9c4e3450 R08: 00007ffd9c4e3450 R09: 00007ffd9c4e3450
[  641.460531] R10: 000000000000001f R11: 0000000000000217 R12: 00000000004011c0
[  641.462890] R13: 00007ffd9c4e3570 R14: 0000000000000000 R15: 0000000000000000
[  641.466615]  </TASK>
[  641.657852] 00000000ab0a40ac: .. nvcsw: 1/1 holdout: 1 idle_cpu: -1/0
[  641.659771] task:repro           state:R  running task     stack:0     pid:600   ppid:589    flags:0x00004004
[  641.663087] Call Trace:
[  641.663959]  <TASK>
[  641.664998]  __schedule+0x344/0xad0
[  641.666815]  ? __cond_resched+0x25/0x30
[  641.668297]  preempt_schedule_common+0x11/0x90
[  641.670234]  __cond_resched+0x25/0x30
[  641.671531]  mousedev_write+0xd2/0x3d0
[  641.673892]  vfs_write+0x1b6/0x780
[  641.675375]  ? mousedev_fasync+0x40/0x40
[  641.677737]  ? vfs_write+0x9/0x780
[  641.679035]  ? write_comp_data+0x2f/0x90
[  641.680801]  ksys_write+0x153/0x170
[  641.682794]  __x64_sys_write+0x27/0x30
[  641.684127]  do_syscall_64+0x3b/0x90
[  641.685777]  entry_SYSCALL_64_after_hwframe+0x63/0xcd
[  641.687280] RIP: 0033:0x7f5dc26c359d
[  641.688462] RSP: 002b:00007ffd9c4e3438 EFLAGS: 00000217 ORIG_RAX: 0000000000000001
[  641.691400] RAX: ffffffffffffffda RBX: 0000000000000000 RCX: 00007f5dc26c359d
[  641.693682] RDX: 00000000fffffff3 RSI: 00000000200004c0 RDI: 0000000000000004
[  641.695668] RBP: 00007ffd9c4e3450 R08: 00007ffd9c4e3450 R09: 00007ffd9c4e3450
[  641.698006] R10: 000000000000001f R11: 0000000000000217 R12: 00000000004011c0
[  641.699908] R13: 00007ffd9c4e3570 R14: 0000000000000000 R15: 0000000000000000
[  641.703536]  </TASK>
[  641.878855] 00000000c0d3cc8b: .. nvcsw: 1/1 holdout: 1 idle_cpu: -1/1
[  641.880846] task:repro           state:R  running task     stack:0     pid:599   ppid:594    flags:0x00004004
[  641.883992] Call Trace:
[  641.884843]  <TASK>
[  641.886227]  __schedule+0x344/0xad0
[  641.887680]  ? __cond_resched+0x25/0x30
[  641.889726]  preempt_schedule_common+0x11/0x90
[  641.891346]  __cond_resched+0x25/0x30
[  641.892699]  mousedev_write+0xd2/0x3d0
[  641.894838]  ? vfs_write+0x1b6/0x780
[  641.896188]  ? mousedev_fasync+0x40/0x40
[  641.898050]  ? vfs_write+0x9/0x780
[  641.899232]  ? write_comp_data+0x2f/0x90
[  641.900958]  ? ksys_write+0x153/0x170
[  641.902934]  ? __x64_sys_write+0x27/0x30
[  641.904375]  ? do_syscall_64+0x3b/0x90
[  641.906035]  ? entry_SYSCALL_64_after_hwframe+0x63/0xcd
[  641.908642]  </TASK>
[  642.064719] 00000000fcaedb18: .. nvcsw: 1/1 holdout: 1 idle_cpu: -1/1
[  642.067263] task:repro           state:R  running task     stack:0     pid:598   ppid:591    flags:0x00004004
[  642.070601] Call Trace:
[  642.072595]  <TASK>
[  642.074530]  __schedule+0x344/0xad0
[  642.076330]  ? __cond_resched+0x25/0x30
[  642.078669]  __might_resched+0x9/0x170
[  642.082940]  __cond_resched+0x25/0x30
[  642.084515]  mousedev_write+0xd2/0x3d0
[  642.087216]  vfs_write+0x1b6/0x780
[  642.088964]  ? mousedev_fasync+0x40/0x40
[  642.091564]  ? vfs_write+0x9/0x780
[  642.092989]  ? write_comp_data+0x2f/0x90
[  642.095379]  ksys_write+0x153/0x170
[  642.098061]  __x64_sys_write+0x27/0x30
[  642.099657]  do_syscall_64+0x3b/0x90
[  642.101752]  entry_SYSCALL_64_after_hwframe+0x63/0xcd
[  642.103530] RIP: 0033:0x7f5dc26c359d
[  642.105492] RSP: 002b:00007ffd9c4e3438 EFLAGS: 00000217 ORIG_RAX: 0000000000000001
[  642.108207] RAX: ffffffffffffffda RBX: 0000000000000000 RCX: 00007f5dc26c359d
[  642.111074] RDX: 00000000fffffff3 RSI: 00000000200004c0 RDI: 0000000000000004
[  642.114347] RBP: 00007ffd9c4e3450 R08: 00007ffd9c4e3450 R09: 00007ffd9c4e3450
[  642.117086] R10: 000000000000001f R11: 0000000000000217 R12: 00000000004011c0
[  642.120322] R13: 00007ffd9c4e3570 R14: 0000000000000000 R15: 0000000000000000
[  642.124964]  </TASK>
[  642.403200] 0000000004e191a7: .. nvcsw: 1/1 holdout: 1 idle_cpu: -1/0
[  642.406042] task:repro           state:R  running task     stack:0     pid:590   ppid:588    flags:0x00004004
[  642.410391] Call Trace:
[  642.411575]  <TASK>
[  642.412842]  __schedule+0x344/0xad0
[  642.415015]  ? __cond_resched+0x25/0x30
[  642.416875]  preempt_schedule_common+0x11/0x90
[  642.419467]  __cond_resched+0x25/0x30
[  642.420993]  mousedev_write+0xd2/0x3d0
[  642.423429]  vfs_write+0x1b6/0x780
[  642.425468]  ? mousedev_fasync+0x40/0x40
[  642.427442]  ? vfs_write+0x9/0x780
[  642.428966]  ? write_comp_data+0x2f/0x90
[  642.431753]  ksys_write+0x153/0x170
[  642.434103]  __x64_sys_write+0x27/0x30
[  642.435889]  do_syscall_64+0x3b/0x90
[  642.441046]  entry_SYSCALL_64_after_hwframe+0x63/0xcd
[  642.453588] RIP: 0033:0x7f5dc26c359d
[  642.455030] RSP: 002b:00007ffd9c4e3438 EFLAGS: 00000217 ORIG_RAX: 0000000000000001
[  642.474698] RAX: ffffffffffffffda RBX: 0000000000000000 RCX: 00007f5dc26c359d
[  642.477028] RDX: 00000000fffffff3 RSI: 00000000200004c0 RDI: 0000000000000004
[  642.479584] RBP: 00007ffd9c4e3450 R08: 00007ffd9c4e3450 R09: 00007ffd9c4e3450
[  642.482659] R10: 000000000000001f R11: 0000000000000217 R12: 00000000004011c0
[  642.485645] R13: 00007ffd9c4e3570 R14: 0000000000000000 R15: 0000000000000000
[  642.489102]  </TASK>
[  742.582047] INFO: task repro:597 blocked for more than 589 seconds.
[  742.583365]       Not tainted 6.1.0-rc3-4a6f316d6855+ #1
[  742.584213] "echo 0 > /proc/sys/kernel/hung_task_timeout_secs" disables this message.
[  742.586165] task:repro           state:D stack:0     pid:597   ppid:595    flags:0x00004006
[  742.587556] Call Trace:
[  742.588079]  <TASK>
[  742.588842]  __schedule+0x344/0xad0
[  742.590308]  ? wait_for_completion+0x7b/0x180
[  742.591299]  schedule+0x5b/0xe0
[  742.592337]  schedule_timeout+0x554/0x640
[  742.594338]  ? schedule_timeout+0x9/0x640
[  742.595900]  ? wait_for_completion+0x7b/0x180
[  742.597582]  wait_for_completion+0xa6/0x180
[  742.599262]  __wait_rcu_gp+0x136/0x160
[  742.600563]  ? ftrace_kill+0x40/0x40
[  742.602008]  ? ftrace_kill+0x40/0x40
[  742.603138]  synchronize_rcu_tasks_generic.part.24+0x3b/0x60
[  742.604751]  ? call_rcu_tasks_generic+0x320/0x320
[  742.606634]  ? rcu_tasks_pregp_step+0x20/0x20
[  742.608251]  ? verify_cpu+0xa0/0x100
[  742.609881]  synchronize_rcu_tasks_generic+0x2b/0x70
[  742.611294]  synchronize_rcu_tasks+0x19/0x20
[  742.612833]  ftrace_shutdown+0x1d2/0x410
[  742.614946]  unregister_ftrace_function+0x35/0x220
[  742.616471]  ? __sanitizer_cov_trace_switch+0x57/0xa0
[  742.618683]  perf_ftrace_event_register+0x95/0xf0
[  742.620051]  ? perf_tp_event_init+0xa0/0xa0
[  742.621690]  perf_trace_destroy+0x3a/0xa0
[  742.622868]  ? perf_tp_event_init+0xa0/0xa0
[  742.624150]  tp_perf_event_destroy+0x1e/0x30
[  742.625870]  _free_event+0x101/0x7e0
[  742.627217]  put_event+0x3c/0x50
[  742.628352]  perf_event_release_kernel+0x2fd/0x380
[  742.630022]  ? perf_event_release_kernel+0x9/0x380
[  742.631592]  ? perf_event_release_kernel+0x380/0x380
[  742.633620]  perf_release+0x22/0x30
[  742.634934]  __fput+0x11f/0x450
[  742.636433]  ____fput+0x1e/0x30
[  742.637941]  task_work_run+0xb6/0x120
[  742.639341]  do_exit+0x547/0x1360
[  742.640627]  ? write_comp_data+0x2f/0x90
[  742.642530]  do_group_exit+0x5e/0xf0
[  742.643854]  get_signal+0x148f/0x1490
[  742.646176]  arch_do_signal_or_restart+0x3b/0x820
[  742.648017]  ? arch_do_signal_or_restart+0x9/0x820
[  742.649753]  ? lockdep_hardirqs_on+0x8a/0x110
[  742.651350]  exit_to_user_mode_prepare+0x13b/0x210
[  742.652912]  syscall_exit_to_user_mode+0x2d/0x60
[  742.654644]  do_syscall_64+0x4a/0x90
[  742.655785]  entry_SYSCALL_64_after_hwframe+0x63/0xcd
[  742.657590] RIP: 0033:0x7f5dc26c359d
[  742.658722] RSP: 002b:00007ffd9c4e3438 EFLAGS: 00000246 ORIG_RAX: 000000000000012a
[  742.660783] RAX: 0000000000000003 RBX: 0000000000000000 RCX: 00007f5dc26c359d
[  742.662916] RDX: 0000000000000000 RSI: 0000000000000000 RDI: 0000000020000080
[  742.664889] RBP: 00007ffd9c4e3450 R08: 0000000000000000 R09: 00007ffd9c4e3450
[  742.667328] R10: 00000000ffffffff R11: 0000000000000246 R12: 00000000004011c0
[  742.669695] R13: 00007ffd9c4e3570 R14: 0000000000000000 R15: 0000000000000000
[  742.672398]  </TASK>
[  742.673728] 
[  742.673728] Showing all locks held in the system:
[  742.675304] 1 lock held by rcu_tasks_kthre/11:
[  742.676666]  #0: ffffffff83b63c90 (rcu_tasks.tasks_gp_mutex){+.+.}-{3:3}, at: rcu_tasks_one_gp+0x2d/0x3d0
[  742.679817] 1 lock held by rcu_tasks_rude_/12:
[  742.680958]  #0: ffffffff83b63a10 (rcu_tasks_rude.tasks_gp_mutex){+.+.}-{3:3}, at: rcu_tasks_one_gp+0x2d/0x3d0
[  742.684339] 1 lock held by rcu_tasks_trace/13:
[  742.685985]  #0: ffffffff83b63750 (rcu_tasks_trace.tasks_gp_mutex){+.+.}-{3:3}, at: rcu_tasks_one_gp+0x2d/0x3d0
[  742.689702] 1 lock held by khungtaskd/29:
[  742.690884]  #0: ffffffff83b646a0 (rcu_read_lock){....}-{1:2}, at: debug_show_all_locks+0x27/0x18c
[  742.694019] 2 locks held by repro/597:
[  742.695084]  #0: ffffffff83c21e28 (event_mutex){+.+.}-{3:3}, at: perf_trace_destroy+0x21/0xa0
[  742.698028]  #1: ffffffff83c1e308 (ftrace_lock){+.+.}-{3:3}, at: unregister_ftrace_function+0x2b/0x220
[  742.700788] 
[  742.701717] =============================================
[  742.701717] 
[  890.038174] INFO: task repro:597 blocked for more than 737 seconds.
[  890.039625]       Not tainted 6.1.0-rc3-4a6f316d6855+ #1
[  890.040732] "echo 0 > /proc/sys/kernel/hung_task_timeout_secs" disables this message.
[  890.042994] task:repro           state:D stack:0     pid:597   ppid:595    flags:0x00004006
[  890.044536] Call Trace:
[  890.045111]  <TASK>
[  890.046262]  __schedule+0x344/0xad0
[  890.047423]  ? wait_for_completion+0x7b/0x180
[  890.048342]  schedule+0x5b/0xe0
[  890.049580]  schedule_timeout+0x554/0x640
[  890.050879]  ? schedule_timeout+0x9/0x640
[  890.052033]  ? wait_for_completion+0x7b/0x180
[  890.052929]  wait_for_completion+0xa6/0x180
[  890.054567]  __wait_rcu_gp+0x136/0x160
[  890.055487]  ? ftrace_kill+0x40/0x40
[  890.056247]  ? ftrace_kill+0x40/0x40
[  890.057086]  synchronize_rcu_tasks_generic.part.24+0x3b/0x60
[  890.058500]  ? call_rcu_tasks_generic+0x320/0x320
[  890.059445]  ? rcu_tasks_pregp_step+0x20/0x20
[  890.060714]  ? verify_cpu+0xa0/0x100
[  890.062108]  synchronize_rcu_tasks_generic+0x2b/0x70
[  890.063184]  synchronize_rcu_tasks+0x19/0x20
[  890.064086]  ftrace_shutdown+0x1d2/0x410
[  890.065656]  unregister_ftrace_function+0x35/0x220
[  890.066735]  ? __sanitizer_cov_trace_switch+0x57/0xa0
[  890.067965]  perf_ftrace_event_register+0x95/0xf0
[  890.068972]  ? perf_tp_event_init+0xa0/0xa0
[  890.070419]  perf_trace_destroy+0x3a/0xa0
[  890.071306]  ? perf_tp_event_init+0xa0/0xa0
[  890.072206]  tp_perf_event_destroy+0x1e/0x30
[  890.073652]  _free_event+0x101/0x7e0
[  890.074839]  put_event+0x3c/0x50
[  890.075826]  perf_event_release_kernel+0x2fd/0x380
[  890.076975]  ? perf_event_release_kernel+0x9/0x380
[  890.078759]  ? perf_event_release_kernel+0x380/0x380
[  890.080108]  perf_release+0x22/0x30
[  890.081574]  __fput+0x11f/0x450
[  890.082928]  ____fput+0x1e/0x30
[  890.083875]  task_work_run+0xb6/0x120
[  890.085585]  do_exit+0x547/0x1360
[  890.086691]  ? write_comp_data+0x2f/0x90
[  890.088007]  do_group_exit+0x5e/0xf0
[  890.089628]  get_signal+0x148f/0x1490
[  890.091283]  arch_do_signal_or_restart+0x3b/0x820
[  890.092838]  ? arch_do_signal_or_restart+0x9/0x820
[  890.094358]  ? lockdep_hardirqs_on+0x8a/0x110
[  890.095620]  exit_to_user_mode_prepare+0x13b/0x210
[  890.096816]  syscall_exit_to_user_mode+0x2d/0x60
[  890.098549]  do_syscall_64+0x4a/0x90
[  890.099449]  entry_SYSCALL_64_after_hwframe+0x63/0xcd
[  890.100428] RIP: 0033:0x7f5dc26c359d
[  890.101692] RSP: 002b:00007ffd9c4e3438 EFLAGS: 00000246 ORIG_RAX: 000000000000012a
[  890.103103] RAX: 0000000000000003 RBX: 0000000000000000 RCX: 00007f5dc26c359d
[  890.104360] RDX: 0000000000000000 RSI: 0000000000000000 RDI: 0000000020000080
[  890.106075] RBP: 00007ffd9c4e3450 R08: 0000000000000000 R09: 00007ffd9c4e3450
[  890.107340] R10: 00000000ffffffff R11: 0000000000000246 R12: 00000000004011c0
[  890.108784] R13: 00007ffd9c4e3570 R14: 0000000000000000 R15: 0000000000000000
[  890.111410]  </TASK>
[  890.112007] 
[  890.112007] Showing all locks held in the system:
[  890.113568] 1 lock held by rcu_tasks_kthre/11:
[  890.114484]  #0: ffffffff83b63c90 (rcu_tasks.tasks_gp_mutex){+.+.}-{3:3}, at: rcu_tasks_one_gp+0x2d/0x3d0
[  890.116636] 1 lock held by rcu_tasks_rude_/12:
[  890.117895]  #0: ffffffff83b63a10 (rcu_tasks_rude.tasks_gp_mutex){+.+.}-{3:3}, at: rcu_tasks_one_gp+0x2d/0x3d0
[  890.120070] 1 lock held by rcu_tasks_trace/13:
[  890.120982]  #0: ffffffff83b63750 (rcu_tasks_trace.tasks_gp_mutex){+.+.}-{3:3}, at: rcu_tasks_one_gp+0x2d/0x3d0
[  890.123869] 1 lock held by khungtaskd/29:
[  890.124796]  #0: ffffffff83b646a0 (rcu_read_lock){....}-{1:2}, at: debug_show_all_locks+0x27/0x18c
[  890.127579] 2 locks held by repro/597:
[  890.128460]  #0: ffffffff83c21e28 (event_mutex){+.+.}-{3:3}, at: perf_trace_destroy+0x21/0xa0
[  890.131256]  #1: ffffffff83c1e308 (ftrace_lock){+.+.}-{3:3}, at: unregister_ftrace_function+0x2b/0x220
[  890.133865] 
[  890.134311] =============================================
[  890.134311] 
[ 1037.494285] INFO: task repro:597 blocked for more than 884 seconds.
[ 1037.496216]       Not tainted 6.1.0-rc3-4a6f316d6855+ #1
[ 1037.498312] "echo 0 > /proc/sys/kernel/hung_task_timeout_secs" disables this message.
[ 1037.500365] task:repro           state:D stack:0     pid:597   ppid:595    flags:0x00004006
[ 1037.503397] Call Trace:
[ 1037.504278]  <TASK>
[ 1037.505677]  __schedule+0x344/0xad0
[ 1037.507192]  ? wait_for_completion+0x7b/0x180
[ 1037.508635]  schedule+0x5b/0xe0
[ 1037.510209]  schedule_timeout+0x554/0x640
[ 1037.512028]  ? schedule_timeout+0x9/0x640
[ 1037.514209]  ? wait_for_completion+0x7b/0x180
[ 1037.515611]  wait_for_completion+0xa6/0x180
[ 1037.517881]  __wait_rcu_gp+0x136/0x160
[ 1037.519300]  ? ftrace_kill+0x40/0x40
[ 1037.520422]  ? ftrace_kill+0x40/0x40
[ 1037.522174]  synchronize_rcu_tasks_generic.part.24+0x3b/0x60
[ 1037.523809]  ? call_rcu_tasks_generic+0x320/0x320
[ 1037.525718]  ? rcu_tasks_pregp_step+0x20/0x20
[ 1037.527423]  ? verify_cpu+0xa0/0x100
[ 1037.528818]  synchronize_rcu_tasks_generic+0x2b/0x70
[ 1037.530813]  synchronize_rcu_tasks+0x19/0x20
[ 1037.532185]  ftrace_shutdown+0x1d2/0x410
[ 1037.534210]  unregister_ftrace_function+0x35/0x220
[ 1037.535737]  ? __sanitizer_cov_trace_switch+0x57/0xa0
[ 1037.537847]  perf_ftrace_event_register+0x95/0xf0
[ 1037.539254]  ? perf_tp_event_init+0xa0/0xa0
[ 1037.540546]  perf_trace_destroy+0x3a/0xa0
[ 1037.542398]  ? perf_tp_event_init+0xa0/0xa0
[ 1037.543738]  tp_perf_event_destroy+0x1e/0x30
[ 1037.545556]  _free_event+0x101/0x7e0
[ 1037.547132]  put_event+0x3c/0x50
[ 1037.548367]  perf_event_release_kernel+0x2fd/0x380
[ 1037.550277]  ? perf_event_release_kernel+0x9/0x380
[ 1037.551986]  ? perf_event_release_kernel+0x380/0x380
[ 1037.554043]  perf_release+0x22/0x30
[ 1037.555392]  __fput+0x11f/0x450
[ 1037.557112]  ____fput+0x1e/0x30
[ 1037.558847]  task_work_run+0xb6/0x120
[ 1037.560420]  do_exit+0x547/0x1360
[ 1037.562354]  ? write_comp_data+0x2f/0x90
[ 1037.563957]  do_group_exit+0x5e/0xf0
[ 1037.565823]  get_signal+0x148f/0x1490
[ 1037.567963]  arch_do_signal_or_restart+0x3b/0x820
[ 1037.570389]  ? arch_do_signal_or_restart+0x9/0x820
[ 1037.571883]  ? lockdep_hardirqs_on+0x8a/0x110
[ 1037.573993]  exit_to_user_mode_prepare+0x13b/0x210
[ 1037.575553]  syscall_exit_to_user_mode+0x2d/0x60
[ 1037.577098]  do_syscall_64+0x4a/0x90
[ 1037.578746]  entry_SYSCALL_64_after_hwframe+0x63/0xcd
[ 1037.580209] RIP: 0033:0x7f5dc26c359d
[ 1037.581792] RSP: 002b:00007ffd9c4e3438 EFLAGS: 00000246 ORIG_RAX: 000000000000012a
[ 1037.583897] RAX: 0000000000000003 RBX: 0000000000000000 RCX: 00007f5dc26c359d
[ 1037.586140] RDX: 0000000000000000 RSI: 0000000000000000 RDI: 0000000020000080
[ 1037.588024] RBP: 00007ffd9c4e3450 R08: 0000000000000000 R09: 00007ffd9c4e3450
[ 1037.590279] R10: 00000000ffffffff R11: 0000000000000246 R12: 00000000004011c0
[ 1037.592067] R13: 00007ffd9c4e3570 R14: 0000000000000000 R15: 0000000000000000
[ 1037.595205]  </TASK>
[ 1037.595953] 
[ 1037.595953] Showing all locks held in the system:
[ 1037.597979] 1 lock held by rcu_tasks_kthre/11:
[ 1037.599373]  #0: ffffffff83b63c90 (rcu_tasks.tasks_gp_mutex){+.+.}-{3:3}, at: rcu_tasks_one_gp+0x2d/0x3d0
[ 1037.602743] 1 lock held by rcu_tasks_rude_/12:
[ 1037.604024]  #0: ffffffff83b63a10 (rcu_tasks_rude.tasks_gp_mutex){+.+.}-{3:3}, at: rcu_tasks_one_gp+0x2d/0x3d0
[ 1037.607709] 1 lock held by rcu_tasks_trace/13:
[ 1037.609011]  #0: ffffffff83b63750 (rcu_tasks_trace.tasks_gp_mutex){+.+.}-{3:3}, at: rcu_tasks_one_gp+0x2d/0x3d0
[ 1037.612634] 1 lock held by khungtaskd/29:
[ 1037.614309]  #0: ffffffff83b646a0 (rcu_read_lock){....}-{1:2}, at: debug_show_all_locks+0x27/0x18c
[ 1037.617684] 2 locks held by repro/597:
[ 1037.618801]  #0: ffffffff83c21e28 (event_mutex){+.+.}-{3:3}, at: perf_trace_destroy+0x21/0xa0
[ 1037.622107]  #1: ffffffff83c1e308 (ftrace_lock){+.+.}-{3:3}, at: unregister_ftrace_function+0x2b/0x220
[ 1037.625020] 
[ 1037.626003] =============================================
[ 1037.626003] 
[ 1184.950242] INFO: task repro:597 blocked for more than 1032 seconds.
[ 1184.952249]       Not tainted 6.1.0-rc3-4a6f316d6855+ #1
[ 1184.954900] "echo 0 > /proc/sys/kernel/hung_task_timeout_secs" disables this message.
[ 1184.957678] task:repro           state:D stack:0     pid:597   ppid:595    flags:0x00004006
[ 1184.960410] Call Trace:
[ 1184.962117]  <TASK>
[ 1184.963348]  __schedule+0x344/0xad0
[ 1184.965819]  ? wait_for_completion+0x7b/0x180
[ 1184.967440]  schedule+0x5b/0xe0
[ 1184.968893]  schedule_timeout+0x554/0x640
[ 1184.971327]  ? schedule_timeout+0x9/0x640
[ 1184.973621]  ? wait_for_completion+0x7b/0x180
[ 1184.975202]  wait_for_completion+0xa6/0x180
[ 1184.977113]  __wait_rcu_gp+0x136/0x160
[ 1184.979103]  ? ftrace_kill+0x40/0x40
[ 1184.980332]  ? ftrace_kill+0x40/0x40
[ 1184.982870]  synchronize_rcu_tasks_generic.part.24+0x3b/0x60
[ 1184.984860]  ? call_rcu_tasks_generic+0x320/0x320
[ 1184.986946]  ? rcu_tasks_pregp_step+0x20/0x20
[ 1184.988806]  ? verify_cpu+0xa0/0x100
[ 1184.990564]  synchronize_rcu_tasks_generic+0x2b/0x70
[ 1184.992186]  synchronize_rcu_tasks+0x19/0x20
[ 1184.993941]  ftrace_shutdown+0x1d2/0x410
[ 1184.995614]  unregister_ftrace_function+0x35/0x220
[ 1184.997680]  ? __sanitizer_cov_trace_switch+0x57/0xa0
[ 1184.999464]  perf_ftrace_event_register+0x95/0xf0
[ 1185.000904]  ? perf_tp_event_init+0xa0/0xa0
[ 1185.002547]  perf_trace_destroy+0x3a/0xa0
[ 1185.003761]  ? perf_tp_event_init+0xa0/0xa0
[ 1185.005000]  tp_perf_event_destroy+0x1e/0x30
[ 1185.006730]  _free_event+0x101/0x7e0
[ 1185.008086]  put_event+0x3c/0x50
[ 1185.010006]  perf_event_release_kernel+0x2fd/0x380
[ 1185.011479]  ? perf_event_release_kernel+0x9/0x380
[ 1185.013602]  ? perf_event_release_kernel+0x380/0x380
[ 1185.015205]  perf_release+0x22/0x30
[ 1185.016350]  __fput+0x11f/0x450
[ 1185.018190]  ____fput+0x1e/0x30
[ 1185.019310]  task_work_run+0xb6/0x120
[ 1185.020910]  do_exit+0x547/0x1360
[ 1185.022691]  ? write_comp_data+0x2f/0x90
[ 1185.024626]  do_group_exit+0x5e/0xf0
[ 1185.026776]  get_signal+0x148f/0x1490
[ 1185.028919]  arch_do_signal_or_restart+0x3b/0x820
[ 1185.031483]  ? arch_do_signal_or_restart+0x9/0x820
[ 1185.033097]  ? lockdep_hardirqs_on+0x8a/0x110
[ 1185.035387]  exit_to_user_mode_prepare+0x13b/0x210
[ 1185.036976]  syscall_exit_to_user_mode+0x2d/0x60
[ 1185.038931]  do_syscall_64+0x4a/0x90
[ 1185.040240]  entry_SYSCALL_64_after_hwframe+0x63/0xcd
[ 1185.042201] RIP: 0033:0x7f5dc26c359d
[ 1185.043485] RSP: 002b:00007ffd9c4e3438 EFLAGS: 00000246 ORIG_RAX: 000000000000012a
[ 1185.046158] RAX: 0000000000000003 RBX: 0000000000000000 RCX: 00007f5dc26c359d
[ 1185.048333] RDX: 0000000000000000 RSI: 0000000000000000 RDI: 0000000020000080
[ 1185.061860] RBP: 00007ffd9c4e3450 R08: 0000000000000000 R09: 00007ffd9c4e3450
[ 1185.063908] R10: 00000000ffffffff R11: 0000000000000246 R12: 00000000004011c0
[ 1185.066327] R13: 00007ffd9c4e3570 R14: 0000000000000000 R15: 0000000000000000
[ 1185.069752]  </TASK>
[ 1185.534861] 
[ 1185.534861] Showing all locks held in the system:
[ 1185.536783] 1 lock held by rcu_tasks_kthre/11:
[ 1185.538420]  #0: ffffffff83b63c90 (rcu_tasks.tasks_gp_mutex){+.+.}-{3:3}, at: rcu_tasks_one_gp+0x2d/0x3d0
[ 1185.541924] 1 lock held by rcu_tasks_rude_/12:
[ 1185.543260]  #0: ffffffff83b63a10 (rcu_tasks_rude.tasks_gp_mutex){+.+.}-{3:3}, at: rcu_tasks_one_gp+0x2d/0x3d0
[ 1185.546733] 1 lock held by rcu_tasks_trace/13:
[ 1185.548051]  #0: ffffffff83b63750 (rcu_tasks_trace.tasks_gp_mutex){+.+.}-{3:3}, at: rcu_tasks_one_gp+0x2d/0x3d0
[ 1185.551699] 1 lock held by khungtaskd/29:
[ 1185.552950]  #0: ffffffff83b646a0 (rcu_read_lock){....}-{1:2}, at: debug_show_all_locks+0x27/0x18c
[ 1185.556281] 2 locks held by repro/597:
[ 1185.558032]  #0: ffffffff83c21e28 (event_mutex){+.+.}-{3:3}, at: perf_trace_destroy+0x21/0xa0
[ 1185.560856]  #1: ffffffff83c1e308 (ftrace_lock){+.+.}-{3:3}, at: unregister_ftrace_function+0x2b/0x220
[ 1185.564142] 
[ 1185.564752] =============================================
[ 1185.564752] 
[ 1240.982834] INFO: rcu_tasks detected stalls on tasks:
[ 1240.984542] 00000000838d9a9c: .. nvcsw: 1/1 holdout: 1 idle_cpu: -1/0
[ 1240.987124] task:repro           state:R  running task     stack:0     pid:603   ppid:596    flags:0x00004004
[ 1240.990515] Call Trace:
[ 1240.991461]  <TASK>
[ 1240.992553]  __schedule+0x344/0xad0
[ 1240.994407]  ? __cond_resched+0x25/0x30
[ 1240.995916]  preempt_schedule_common+0x11/0x90
[ 1240.997794]  __cond_resched+0x25/0x30
[ 1240.999103]  mousedev_write+0xd2/0x3d0
[ 1241.000898]  vfs_write+0x1b6/0x780
[ 1241.002409]  ? mousedev_fasync+0x40/0x40
[ 1241.004070]  ? vfs_write+0x9/0x780
[ 1241.005740]  ? write_comp_data+0x2f/0x90
[ 1241.007405]  ksys_write+0x153/0x170
[ 1241.009025]  __x64_sys_write+0x27/0x30
[ 1241.010888]  do_syscall_64+0x3b/0x90
[ 1241.012164]  entry_SYSCALL_64_after_hwframe+0x63/0xcd
[ 1241.013995] RIP: 0033:0x7f5dc26c359d
[ 1241.015176] RSP: 002b:00007ffd9c4e3438 EFLAGS: 00000217 ORIG_RAX: 0000000000000001
[ 1241.017738] RAX: ffffffffffffffda RBX: 0000000000000000 RCX: 00007f5dc26c359d
[ 1241.019639] RDX: 00000000fffffff3 RSI: 00000000200004c0 RDI: 0000000000000004
[ 1241.021959] RBP: 00007ffd9c4e3450 R08: 00007ffd9c4e3450 R09: 00007ffd9c4e3450
[ 1241.023984] R10: 000000000000001f R11: 0000000000000217 R12: 00000000004011c0
[ 1241.026334] R13: 00007ffd9c4e3570 R14: 0000000000000000 R15: 0000000000000000
[ 1241.029757]  </TASK>
[ 1241.213909] 00000000a451a2d0: .. nvcsw: 1/1 holdout: 1 idle_cpu: -1/1
[ 1241.215745] task:repro           state:R  running task     stack:0     pid:602   ppid:593    flags:0x00004004
[ 1241.219067] Call Trace:
[ 1241.219905]  <TASK>
[ 1241.220945]  __schedule+0x344/0xad0
[ 1241.222682]  ? __cond_resched+0x25/0x30
[ 1241.224089]  preempt_schedule_common+0x11/0x90
[ 1241.225886]  __cond_resched+0x25/0x30
[ 1241.227075]  mousedev_write+0xd2/0x3d0
[ 1241.228656]  vfs_write+0x1b6/0x780
[ 1241.230141]  ? mousedev_fasync+0x40/0x40
[ 1241.231653]  ? vfs_write+0x9/0x780
[ 1241.232817]  ? write_comp_data+0x2f/0x90
[ 1241.234831]  ksys_write+0x153/0x170
[ 1241.236332]  __x64_sys_write+0x27/0x30
[ 1241.238350]  do_syscall_64+0x3b/0x90
[ 1241.239611]  entry_SYSCALL_64_after_hwframe+0x63/0xcd
[ 1241.241055] RIP: 0033:0x7f5dc26c359d
[ 1241.242597] RSP: 002b:00007ffd9c4e3438 EFLAGS: 00000217 ORIG_RAX: 0000000000000001
[ 1241.244630] RAX: ffffffffffffffda RBX: 0000000000000000 RCX: 00007f5dc26c359d
[ 1241.246931] RDX: 00000000fffffff3 RSI: 00000000200004c0 RDI: 0000000000000004
[ 1241.248785] RBP: 00007ffd9c4e3450 R08: 00007ffd9c4e3450 R09: 00007ffd9c4e3450
[ 1241.250997] R10: 000000000000001f R11: 0000000000000217 R12: 00000000004011c0
[ 1241.253005] R13: 00007ffd9c4e3570 R14: 0000000000000000 R15: 0000000000000000
[ 1241.256253]  </TASK>
[ 1241.441932] 000000008b52a1d8: .. nvcsw: 1/1 holdout: 1 idle_cpu: -1/1
[ 1241.443931] task:repro           state:R  running task     stack:0     pid:601   ppid:592    flags:0x00004004
[ 1241.447453] Call Trace:
[ 1241.448300]  <TASK>
[ 1241.449948]  __schedule+0x344/0xad0
[ 1241.451320]  ? __cond_resched+0x25/0x30
[ 1241.452779]  preempt_schedule_common+0x11/0x90
[ 1241.454748]  __cond_resched+0x25/0x30
[ 1241.455999]  mousedev_write+0xd2/0x3d0
[ 1241.458225]  vfs_write+0x1b6/0x780
[ 1241.459460]  ? mousedev_fasync+0x40/0x40
[ 1241.461593]  ? vfs_write+0x9/0x780
[ 1241.462816]  ? write_comp_data+0x2f/0x90
[ 1241.464449]  ksys_write+0x153/0x170
[ 1241.466525]  __x64_sys_write+0x27/0x30
[ 1241.467883]  do_syscall_64+0x3b/0x90
[ 1241.469638]  entry_SYSCALL_64_after_hwframe+0x63/0xcd
[ 1241.471238] RIP: 0033:0x7f5dc26c359d
[ 1241.472465] RSP: 002b:00007ffd9c4e3438 EFLAGS: 00000217 ORIG_RAX: 0000000000000001
[ 1241.475090] RAX: ffffffffffffffda RBX: 0000000000000000 RCX: 00007f5dc26c359d
[ 1241.477554] RDX: 00000000fffffff3 RSI: 00000000200004c0 RDI: 0000000000000004
[ 1241.479578] RBP: 00007ffd9c4e3450 R08: 00007ffd9c4e3450 R09: 00007ffd9c4e3450
[ 1241.482228] R10: 000000000000001f R11: 0000000000000217 R12: 00000000004011c0
[ 1241.484186] R13: 00007ffd9c4e3570 R14: 0000000000000000 R15: 0000000000000000
[ 1241.487741]  </TASK>
[ 1241.665989] 00000000ab0a40ac: .. nvcsw: 1/1 holdout: 1 idle_cpu: -1/0
[ 1241.667885] task:repro           state:R  running task     stack:0     pid:600   ppid:589    flags:0x00004004
[ 1241.671220] Call Trace:
[ 1241.672129]  <TASK>
[ 1241.673603]  __schedule+0x344/0xad0
[ 1241.675030]  ? __cond_resched+0x25/0x30
[ 1241.676356]  ? __might_fault+0xad/0xe0
[ 1241.687793]  preempt_schedule_common+0x11/0x90
[ 1241.689965]  __cond_resched+0x25/0x30
[ 1241.691237]  mousedev_write+0xd2/0x3d0
[ 1241.692949]  vfs_write+0x1b6/0x780
[ 1241.694581]  ? mousedev_fasync+0x40/0x40
[ 1241.696258]  ? vfs_write+0x9/0x780
[ 1241.698038]  ? write_comp_data+0x2f/0x90
[ 1241.699629]  ksys_write+0x153/0x170
[ 1241.701592]  __x64_sys_write+0x27/0x30
[ 1241.702862]  do_syscall_64+0x3b/0x90
[ 1241.704069]  entry_SYSCALL_64_after_hwframe+0x63/0xcd
[ 1241.706202] RIP: 0033:0x7f5dc26c359d
[ 1241.707402] RSP: 002b:00007ffd9c4e3438 EFLAGS: 00000217 ORIG_RAX: 0000000000000001
[ 1241.709899] RAX: ffffffffffffffda RBX: 0000000000000000 RCX: 00007f5dc26c359d
[ 1241.711844] RDX: 00000000fffffff3 RSI: 00000000200004c0 RDI: 0000000000000004
[ 1241.714199] RBP: 00007ffd9c4e3450 R08: 00007ffd9c4e3450 R09: 00007ffd9c4e3450
[ 1241.716170] R10: 000000000000001f R11: 0000000000000217 R12: 00000000004011c0
[ 1241.718546] R13: 00007ffd9c4e3570 R14: 0000000000000000 R15: 0000000000000000
[ 1241.721903]  </TASK>
[ 1241.954181] 00000000c0d3cc8b: .. nvcsw: 1/1 holdout: 1 idle_cpu: -1/1
[ 1241.956300] task:repro           state:R  running task     stack:0     pid:599   ppid:594    flags:0x00004004
[ 1241.959647] Call Trace:
[ 1241.960459]  <TASK>
[ 1241.961928]  __schedule+0x344/0xad0
[ 1241.963323]  ? __cond_resched+0x25/0x30
[ 1241.964843]  preempt_schedule_common+0x11/0x90
[ 1241.966676]  __cond_resched+0x25/0x30
[ 1241.967879]  mousedev_write+0xd2/0x3d0
[ 1241.970413]  vfs_write+0x1b6/0x780
[ 1241.971891]  ? mousedev_fasync+0x40/0x40
[ 1241.973909]  ? vfs_write+0x9/0x780
[ 1241.975133]  ? write_comp_data+0x2f/0x90
[ 1241.976702]  ksys_write+0x153/0x170
[ 1241.978687]  __x64_sys_write+0x27/0x30
[ 1241.980027]  do_syscall_64+0x3b/0x90
[ 1241.981729]  entry_SYSCALL_64_after_hwframe+0x63/0xcd
[ 1241.983305] RIP: 0033:0x7f5dc26c359d
[ 1241.984451] RSP: 002b:00007ffd9c4e3438 EFLAGS: 00000217 ORIG_RAX: 0000000000000001
[ 1241.987012] RAX: ffffffffffffffda RBX: 0000000000000000 RCX: 00007f5dc26c359d
[ 1241.989537] RDX: 00000000fffffff3 RSI: 00000000200004c0 RDI: 0000000000000004
[ 1241.991700] RBP: 00007ffd9c4e3450 R08: 00007ffd9c4e3450 R09: 00007ffd9c4e3450
[ 1241.994102] R10: 000000000000001f R11: 0000000000000217 R12: 00000000004011c0
[ 1241.996046] R13: 00007ffd9c4e3570 R14: 0000000000000000 R15: 0000000000000000
[ 1241.999651]  </TASK>
[ 1242.208047] 00000000fcaedb18: .. nvcsw: 1/1 holdout: 1 idle_cpu: -1/0
[ 1242.210707] task:repro           state:R  running task     stack:0     pid:598   ppid:591    flags:0x00004004
[ 1242.214156] Call Trace:
[ 1242.215019]  <TASK>
[ 1242.216073]  __schedule+0x344/0xad0
[ 1242.217968]  ? __cond_resched+0x25/0x30
[ 1242.219456]  preempt_schedule_common+0x11/0x90
[ 1242.221025]  __cond_resched+0x25/0x30
[ 1242.222705]  mousedev_write+0xd2/0x3d0
[ 1242.224371]  vfs_write+0x1b6/0x780
[ 1242.226082]  ? mousedev_fasync+0x40/0x40
[ 1242.227710]  ? vfs_write+0x9/0x780
[ 1242.228954]  ? write_comp_data+0x2f/0x90
[ 1242.231373]  ksys_write+0x153/0x170
[ 1242.233025]  __x64_sys_write+0x27/0x30
[ 1242.234728]  do_syscall_64+0x3b/0x90
[ 1242.236009]  entry_SYSCALL_64_after_hwframe+0x63/0xcd
[ 1242.238085] RIP: 0033:0x7f5dc26c359d
[ 1242.239329] RSP: 002b:00007ffd9c4e3438 EFLAGS: 00000217 ORIG_RAX: 0000000000000001
[ 1242.241917] RAX: ffffffffffffffda RBX: 0000000000000000 RCX: 00007f5dc26c359d
[ 1242.243749] RDX: 00000000fffffff3 RSI: 00000000200004c0 RDI: 0000000000000004
[ 1242.246053] RBP: 00007ffd9c4e3450 R08: 00007ffd9c4e3450 R09: 00007ffd9c4e3450
[ 1242.247957] R10: 000000000000001f R11: 0000000000000217 R12: 00000000004011c0
[ 1242.250314] R13: 00007ffd9c4e3570 R14: 0000000000000000 R15: 0000000000000000
[ 1242.253723]  </TASK>
[ 1242.461946] 0000000004e191a7: .. nvcsw: 1/1 holdout: 1 idle_cpu: -1/0
[ 1242.463992] task:repro           state:R  running task     stack:0     pid:590   ppid:588    flags:0x00004004
[ 1242.467462] Call Trace:
[ 1242.468377]  <TASK>
[ 1242.469942]  __schedule+0x344/0xad0
[ 1242.471384]  ? __cond_resched+0x25/0x30
[ 1242.472903]  preempt_schedule_common+0x11/0x90
[ 1242.475399]  __cond_resched+0x25/0x30
[ 1242.476715]  mousedev_write+0xd2/0x3d0
[ 1242.478878]  vfs_write+0x1b6/0x780
[ 1242.480154]  ? mousedev_fasync+0x40/0x40
[ 1242.482268]  ? vfs_write+0x9/0x780
[ 1242.483479]  ? write_comp_data+0x2f/0x90
[ 1242.485615]  ksys_write+0x153/0x170
[ 1242.487385]  __x64_sys_write+0x27/0x30
[ 1242.488765]  do_syscall_64+0x3b/0x90
[ 1242.490550]  entry_SYSCALL_64_after_hwframe+0x63/0xcd
[ 1242.494076] RIP: 0033:0x7f5dc26c359d
[ 1242.495351] RSP: 002b:00007ffd9c4e3438 EFLAGS: 00000217 ORIG_RAX: 0000000000000001
[ 1242.498040] RAX: ffffffffffffffda RBX: 0000000000000000 RCX: 00007f5dc26c359d
[ 1242.500111] RDX: 00000000fffffff3 RSI: 00000000200004c0 RDI: 0000000000000004
[ 1242.502515] RBP: 00007ffd9c4e3450 R08: 00007ffd9c4e3450 R09: 00007ffd9c4e3450
[ 1242.504433] R10: 000000000000001f R11: 0000000000000217 R12: 00000000004011c0
[ 1242.506821] R13: 00007ffd9c4e3570 R14: 0000000000000000 R15: 0000000000000000
[ 1242.510399]  </TASK>
[ 1332.407017] INFO: task repro:597 blocked for more than 1179 seconds.
[ 1332.408958]       Not tainted 6.1.0-rc3-4a6f316d6855+ #1
[ 1332.411031] "echo 0 > /proc/sys/kernel/hung_task_timeout_secs" disables this message.
[ 1332.413776] task:repro           state:D stack:0     pid:597   ppid:595    flags:0x00004006
[ 1332.416108] Call Trace:
[ 1332.416951]  <TASK>
[ 1332.418310]  __schedule+0x344/0xad0
[ 1332.419867]  ? wait_for_completion+0x7b/0x180
[ 1332.421578]  schedule+0x5b/0xe0
[ 1332.422726]  schedule_timeout+0x554/0x640
[ 1332.424510]  ? schedule_timeout+0x9/0x640
[ 1332.426540]  ? wait_for_completion+0x7b/0x180
[ 1332.427940]  wait_for_completion+0xa6/0x180
[ 1332.430034]  __wait_rcu_gp+0x136/0x160
[ 1332.431374]  ? ftrace_kill+0x40/0x40
[ 1332.432472]  ? ftrace_kill+0x40/0x40
[ 1332.434016]  synchronize_rcu_tasks_generic.part.24+0x3b/0x60
[ 1332.435633]  ? call_rcu_tasks_generic+0x320/0x320
[ 1332.437069]  ? rcu_tasks_pregp_step+0x20/0x20
[ 1332.439081]  ? verify_cpu+0xa0/0x100
[ 1332.440399]  synchronize_rcu_tasks_generic+0x2b/0x70
[ 1332.442477]  synchronize_rcu_tasks+0x19/0x20
[ 1332.443839]  ftrace_shutdown+0x1d2/0x410
[ 1332.445784]  unregister_ftrace_function+0x35/0x220
[ 1332.447409]  ? __sanitizer_cov_trace_switch+0x57/0xa0
[ 1332.449547]  perf_ftrace_event_register+0x95/0xf0
[ 1332.451002]  ? perf_tp_event_init+0xa0/0xa0
[ 1332.452432]  perf_trace_destroy+0x3a/0xa0
[ 1332.454019]  ? perf_tp_event_init+0xa0/0xa0
[ 1332.455301]  tp_perf_event_destroy+0x1e/0x30
[ 1332.456700]  _free_event+0x101/0x7e0
[ 1332.458485]  put_event+0x3c/0x50
[ 1332.459688]  perf_event_release_kernel+0x2fd/0x380
[ 1332.461102]  ? perf_event_release_kernel+0x9/0x380
[ 1332.463149]  ? perf_event_release_kernel+0x380/0x380
[ 1332.464984]  perf_release+0x22/0x30
[ 1332.466593]  __fput+0x11f/0x450
[ 1332.468139]  ____fput+0x1e/0x30
[ 1332.469821]  task_work_run+0xb6/0x120
[ 1332.471321]  do_exit+0x547/0x1360
[ 1332.472662]  ? write_comp_data+0x2f/0x90
[ 1332.474618]  do_group_exit+0x5e/0xf0
[ 1332.476062]  get_signal+0x148f/0x1490
[ 1332.478409]  arch_do_signal_or_restart+0x3b/0x820
[ 1332.480369]  ? arch_do_signal_or_restart+0x9/0x820
[ 1332.482134]  ? lockdep_hardirqs_on+0x8a/0x110
[ 1332.483828]  exit_to_user_mode_prepare+0x13b/0x210
[ 1332.485721]  syscall_exit_to_user_mode+0x2d/0x60
[ 1332.487166]  do_syscall_64+0x4a/0x90
[ 1332.488345]  entry_SYSCALL_64_after_hwframe+0x63/0xcd
[ 1332.490233] RIP: 0033:0x7f5dc26c359d
[ 1332.491380] RSP: 002b:00007ffd9c4e3438 EFLAGS: 00000246 ORIG_RAX: 000000000000012a
[ 1332.493760] RAX: 0000000000000003 RBX: 0000000000000000 RCX: 00007f5dc26c359d
[ 1332.495620] RDX: 0000000000000000 RSI: 0000000000000000 RDI: 0000000020000080
[ 1332.497789] RBP: 00007ffd9c4e3450 R08: 0000000000000000 R09: 00007ffd9c4e3450
[ 1332.499680] R10: 00000000ffffffff R11: 0000000000000246 R12: 00000000004011c0
[ 1332.502051] R13: 00007ffd9c4e3570 R14: 0000000000000000 R15: 0000000000000000
[ 1332.505067]  </TASK>
[ 1332.506206] 
[ 1332.506206] Showing all locks held in the system:
[ 1332.508107] 1 lock held by rcu_tasks_kthre/11:
[ 1332.509785]  #0: ffffffff83b63c90 (rcu_tasks.tasks_gp_mutex){+.+.}-{3:3}, at: rcu_tasks_one_gp+0x2d/0x3d0
[ 1332.512817] 1 lock held by rcu_tasks_rude_/12:
[ 1332.514438]  #0: ffffffff83b63a10 (rcu_tasks_rude.tasks_gp_mutex){+.+.}-{3:3}, at: rcu_tasks_one_gp+0x2d/0x3d0
[ 1332.517829] 1 lock held by rcu_tasks_trace/13:
[ 1332.519094]  #0: ffffffff83b63750 (rcu_tasks_trace.tasks_gp_mutex){+.+.}-{3:3}, at: rcu_tasks_one_gp+0x2d/0x3d0
[ 1332.522508] 1 lock held by khungtaskd/29:
[ 1332.523680]  #0: ffffffff83b646a0 (rcu_read_lock){....}-{1:2}, at: debug_show_all_locks+0x27/0x18c
[ 1332.526907] 2 locks held by repro/597:
[ 1332.528026]  #0: ffffffff83c21e28 (event_mutex){+.+.}-{3:3}, at: perf_trace_destroy+0x21/0xa0
[ 1332.531148]  #1: ffffffff83c1e308 (ftrace_lock){+.+.}-{3:3}, at: unregister_ftrace_function+0x2b/0x220
[ 1332.534431] 1 lock held by repro/598:
[ 1332.535562] 
[ 1332.536164] =============================================
[ 1332.536164] 
[ 1479.869940] INFO: task repro:597 blocked for more than 1327 seconds.
[ 1479.871764]       Not tainted 6.1.0-rc3-4a6f316d6855+ #1
[ 1479.873796] "echo 0 > /proc/sys/kernel/hung_task_timeout_secs" disables this message.
[ 1479.875887] task:repro           state:D stack:0     pid:597   ppid:595    flags:0x00004006
[ 1479.878558] Call Trace:
[ 1479.879427]  <TASK>
[ 1479.880432]  __schedule+0x344/0xad0
[ 1479.882383]  ? wait_for_completion+0x7b/0x180
[ 1479.883730]  schedule+0x5b/0xe0
[ 1479.884876]  schedule_timeout+0x554/0x640
[ 1479.886834]  ? schedule_timeout+0x9/0x640
[ 1479.888090]  ? wait_for_completion+0x7b/0x180
[ 1479.889063]  wait_for_completion+0xa6/0x180
[ 1479.890920]  __wait_rcu_gp+0x136/0x160
[ 1479.892129]  ? ftrace_kill+0x40/0x40
[ 1479.893492]  ? ftrace_kill+0x40/0x40
[ 1479.894584]  synchronize_rcu_tasks_generic.part.24+0x3b/0x60
[ 1479.895826]  ? call_rcu_tasks_generic+0x320/0x320
[ 1479.896949]  ? rcu_tasks_pregp_step+0x20/0x20
[ 1479.898621]  ? verify_cpu+0xa0/0x100
[ 1479.899638]  synchronize_rcu_tasks_generic+0x2b/0x70
[ 1479.900792]  synchronize_rcu_tasks+0x19/0x20
[ 1479.902132]  ftrace_shutdown+0x1d2/0x410
[ 1479.903719]  unregister_ftrace_function+0x35/0x220
[ 1479.905115]  ? __sanitizer_cov_trace_switch+0x57/0xa0
[ 1479.907143]  perf_ftrace_event_register+0x95/0xf0
[ 1479.908382]  ? perf_tp_event_init+0xa0/0xa0
[ 1479.909937]  perf_trace_destroy+0x3a/0xa0
[ 1479.911009]  ? perf_tp_event_init+0xa0/0xa0
[ 1479.912105]  tp_perf_event_destroy+0x1e/0x30
[ 1479.913615]  _free_event+0x101/0x7e0
[ 1479.914987]  put_event+0x3c/0x50
[ 1479.916124]  perf_event_release_kernel+0x2fd/0x380
[ 1479.917660]  ? perf_event_release_kernel+0x9/0x380
[ 1479.918947]  ? perf_event_release_kernel+0x380/0x380
[ 1479.920176]  perf_release+0x22/0x30
[ 1479.921107]  __fput+0x11f/0x450
[ 1479.922563]  ____fput+0x1e/0x30
[ 1479.923404]  task_work_run+0xb6/0x120
[ 1479.924505]  do_exit+0x547/0x1360
[ 1479.925859]  ? write_comp_data+0x2f/0x90
[ 1479.927110]  do_group_exit+0x5e/0xf0
[ 1479.928316]  get_signal+0x148f/0x1490
[ 1479.930252]  arch_do_signal_or_restart+0x3b/0x820
[ 1479.931933]  ? arch_do_signal_or_restart+0x9/0x820
[ 1479.932962]  ? lockdep_hardirqs_on+0x8a/0x110
[ 1479.934657]  exit_to_user_mode_prepare+0x13b/0x210
[ 1479.935952]  syscall_exit_to_user_mode+0x2d/0x60
[ 1479.937454]  do_syscall_64+0x4a/0x90
[ 1479.938423]  entry_SYSCALL_64_after_hwframe+0x63/0xcd
[ 1479.939497] RIP: 0033:0x7f5dc26c359d
[ 1479.940450] RSP: 002b:00007ffd9c4e3438 EFLAGS: 00000246 ORIG_RAX: 000000000000012a
[ 1479.942342] RAX: 0000000000000003 RBX: 0000000000000000 RCX: 00007f5dc26c359d
[ 1479.943879] RDX: 0000000000000000 RSI: 0000000000000000 RDI: 0000000020000080
[ 1479.945625] RBP: 00007ffd9c4e3450 R08: 0000000000000000 R09: 00007ffd9c4e3450
[ 1479.947110] R10: 00000000ffffffff R11: 0000000000000246 R12: 00000000004011c0
[ 1479.948566] R13: 00007ffd9c4e3570 R14: 0000000000000000 R15: 0000000000000000
[ 1479.951308]  </TASK>
[ 1479.951948] 
[ 1479.951948] Showing all locks held in the system:
[ 1479.953718] 1 lock held by rcu_tasks_kthre/11:
[ 1479.954738]  #0: ffffffff83b63c90 (rcu_tasks.tasks_gp_mutex){+.+.}-{3:3}, at: rcu_tasks_one_gp+0x2d/0x3d0
[ 1479.957867] 1 lock held by rcu_tasks_rude_/12:
[ 1479.958908]  #0: ffffffff83b63a10 (rcu_tasks_rude.tasks_gp_mutex){+.+.}-{3:3}, at: rcu_tasks_one_gp+0x2d/0x3d0
[ 1479.961635] 1 lock held by rcu_tasks_trace/13:
[ 1479.962608]  #0: ffffffff83b63750 (rcu_tasks_trace.tasks_gp_mutex){+.+.}-{3:3}, at: rcu_tasks_one_gp+0x2d/0x3d0
[ 1479.965446] 1 lock held by khungtaskd/29:
[ 1479.966605]  #0: ffffffff83b646a0 (rcu_read_lock){....}-{1:2}, at: debug_show_all_locks+0x27/0x18c
[ 1479.969550] 1 lock held by systemd-journal/186:
[ 1479.970738] 2 locks held by repro/597:
[ 1479.971673]  #0: ffffffff83c21e28 (event_mutex){+.+.}-{3:3}, at: perf_trace_destroy+0x21/0xa0
[ 1479.974608]  #1: ffffffff83c1e308 (ftrace_lock){+.+.}-{3:3}, at: unregister_ftrace_function+0x2b/0x220
[ 1479.977801] 1 lock held by repro/603:
[ 1479.978980] 
[ 1479.979612] =============================================
[ 1479.979612] 
[ 1627.318948] INFO: task repro:597 blocked for more than 1474 seconds.
[ 1627.320362]       Not tainted 6.1.0-rc3-4a6f316d6855+ #1
[ 1627.321956] "echo 0 > /proc/sys/kernel/hung_task_timeout_secs" disables this message.
[ 1627.323279] task:repro           state:D stack:0     pid:597   ppid:595    flags:0x00004006
[ 1627.324937] Call Trace:
[ 1627.325812]  <TASK>
[ 1627.326587]  __schedule+0x344/0xad0
[ 1627.327722]  ? wait_for_completion+0x7b/0x180
[ 1627.328625]  schedule+0x5b/0xe0
[ 1627.329751]  schedule_timeout+0x554/0x640
[ 1627.331019]  ? schedule_timeout+0x9/0x640
[ 1627.332157]  ? wait_for_completion+0x7b/0x180
[ 1627.333061]  wait_for_completion+0xa6/0x180
[ 1627.334604]  __wait_rcu_gp+0x136/0x160
[ 1627.335506]  ? ftrace_kill+0x40/0x40
[ 1627.336241]  ? ftrace_kill+0x40/0x40
[ 1627.337062]  synchronize_rcu_tasks_generic.part.24+0x3b/0x60
[ 1627.338383]  ? call_rcu_tasks_generic+0x320/0x320
[ 1627.339314]  ? rcu_tasks_pregp_step+0x20/0x20
[ 1627.340510]  ? verify_cpu+0xa0/0x100
[ 1627.342123]  synchronize_rcu_tasks_generic+0x2b/0x70
[ 1627.343180]  synchronize_rcu_tasks+0x19/0x20
[ 1627.344053]  ftrace_shutdown+0x1d2/0x410
[ 1627.345505]  unregister_ftrace_function+0x35/0x220
[ 1627.346557]  ? __sanitizer_cov_trace_switch+0x57/0xa0
[ 1627.347742]  perf_ftrace_event_register+0x95/0xf0
[ 1627.348693]  ? perf_tp_event_init+0xa0/0xa0
[ 1627.349845]  perf_trace_destroy+0x3a/0xa0
[ 1627.350800]  ? perf_tp_event_init+0xa0/0xa0
[ 1627.351655]  tp_perf_event_destroy+0x1e/0x30
[ 1627.352637]  _free_event+0x101/0x7e0
[ 1627.353946]  put_event+0x3c/0x50
[ 1627.354772]  perf_event_release_kernel+0x2fd/0x380
[ 1627.355730]  ? perf_event_release_kernel+0x9/0x380
[ 1627.356921]  ? perf_event_release_kernel+0x380/0x380
[ 1627.358277]  perf_release+0x22/0x30
[ 1627.359135]  __fput+0x11f/0x450
[ 1627.360259]  ____fput+0x1e/0x30
[ 1627.361038]  task_work_run+0xb6/0x120
[ 1627.362389]  do_exit+0x547/0x1360
[ 1627.363320]  ? write_comp_data+0x2f/0x90
[ 1627.364442]  do_group_exit+0x5e/0xf0
[ 1627.365749]  get_signal+0x148f/0x1490
[ 1627.367287]  arch_do_signal_or_restart+0x3b/0x820
[ 1627.368724]  ? arch_do_signal_or_restart+0x9/0x820
[ 1627.370078]  ? lockdep_hardirqs_on+0x8a/0x110
[ 1627.371240]  exit_to_user_mode_prepare+0x13b/0x210
[ 1627.372242]  syscall_exit_to_user_mode+0x2d/0x60
[ 1627.373513]  do_syscall_64+0x4a/0x90
[ 1627.374324]  entry_SYSCALL_64_after_hwframe+0x63/0xcd
[ 1627.375220] RIP: 0033:0x7f5dc26c359d
[ 1627.375982] RSP: 002b:00007ffd9c4e3438 EFLAGS: 00000246 ORIG_RAX: 000000000000012a
[ 1627.377596] RAX: 0000000000000003 RBX: 0000000000000000 RCX: 00007f5dc26c359d
[ 1627.378778] RDX: 0000000000000000 RSI: 0000000000000000 RDI: 0000000020000080
[ 1627.379952] RBP: 00007ffd9c4e3450 R08: 0000000000000000 R09: 00007ffd9c4e3450
[ 1627.381435] R10: 00000000ffffffff R11: 0000000000000246 R12: 00000000004011c0
