c[?7l[2J[0mSeaBIOS (version rel-1.16.0-0-gd239552ce722-prebuilt.qemu.org)


iPXE (http://ipxe.org) 00:03.0 CA00 PCI2.10 PnP PMM+7FF91000+7FEF1000 CA00
Press Ctrl-B to configure iPXE (PCI 00:03.0)...                                                                               


Booting from ROM...
c[?7l[2J[    0.000000] Linux version 6.1.0-rc3-66f0919c953e+ (root@p-adln01) (gcc (GCC) 8.5.0 20210514 (Red Hat 8.5.0-18), GNU ld version 2.36.1-2.el8) #1 SMP PREEMPT_DYNAMIC Thu Apr 13 00:13:28 CST 2023
[    0.000000] Command line: console=ttyS0 root=/dev/sda earlyprintk=serial net.ifnames=0
[    0.000000] KERNEL supported cpus:
[    0.000000]   Intel GenuineIntel
[    0.000000]   AMD AuthenticAMD
[    0.000000]   Hygon HygonGenuine
[    0.000000]   Centaur CentaurHauls
[    0.000000]   zhaoxin   Shanghai  
[    0.000000] x86/fpu: Supporting XSAVE feature 0x001: 'x87 floating point registers'
[    0.000000] x86/fpu: Supporting XSAVE feature 0x002: 'SSE registers'
[    0.000000] x86/fpu: Supporting XSAVE feature 0x004: 'AVX registers'
[    0.000000] x86/fpu: Supporting XSAVE feature 0x200: 'Protection Keys User registers'
[    0.000000] x86/fpu: xstate_offset[2]:  576, xstate_sizes[2]:  256
[    0.000000] x86/fpu: xstate_offset[9]:  832, xstate_sizes[9]:    8
[    0.000000] x86/fpu: Enabled xstate features 0x207, context size is 840 bytes, using 'compacted' format.
[    0.000000] signal: max sigframe size: 3632
[    0.000000] BIOS-provided physical RAM map:
[    0.000000] BIOS-e820: [mem 0x0000000000000000-0x000000000009fbff] usable
[    0.000000] BIOS-e820: [mem 0x000000000009fc00-0x000000000009ffff] reserved
[    0.000000] BIOS-e820: [mem 0x00000000000f0000-0x00000000000fffff] reserved
[    0.000000] BIOS-e820: [mem 0x0000000000100000-0x000000007ffdffff] usable
[    0.000000] BIOS-e820: [mem 0x000000007ffe0000-0x000000007fffffff] reserved
[    0.000000] BIOS-e820: [mem 0x00000000feffc000-0x00000000feffffff] reserved
[    0.000000] BIOS-e820: [mem 0x00000000fffc0000-0x00000000ffffffff] reserved
[    0.000000] printk: bootconsole [earlyser0] enabled
[    0.000000] NX (Execute Disable) protection: active
[    0.000000] SMBIOS 2.8 present.
[    0.000000] DMI: QEMU Standard PC (i440FX + PIIX, 1996), BIOS rel-1.16.0-0-gd239552ce722-prebuilt.qemu.org 04/01/2014
[    0.000000] Hypervisor detected: KVM
[    0.000000] kvm-clock: Using msrs 4b564d01 and 4b564d00
[    0.000006] kvm-clock: using sched offset of 582198854 cycles
[    0.000755] clocksource: kvm-clock: mask: 0xffffffffffffffff max_cycles: 0x1cd42e4dffb, max_idle_ns: 881590591483 ns
[    0.002967] tsc: Detected 1804.800 MHz processor
[    0.014009] last_pfn = 0x7ffe0 max_arch_pfn = 0x400000000
[    0.014845] x86/PAT: Configuration [0-7]: WB  WC  UC- UC  WB  WP  UC- WT  
[    0.021441] found SMP MP-table at [mem 0x000f5ba0-0x000f5baf]
[    0.022376] Using GB pages for direct mapping
[    0.024887] ACPI: Early table checksum verification disabled
[    0.025720] ACPI: RSDP 0x00000000000F59C0 000014 (v00 BOCHS )
[    0.026510] ACPI: RSDT 0x000000007FFE1951 000034 (v01 BOCHS  BXPC     00000001 BXPC 00000001)
[    0.027630] ACPI: FACP 0x000000007FFE17FD 000074 (v01 BOCHS  BXPC     00000001 BXPC 00000001)
[    0.028689] ACPI: DSDT 0x000000007FFE0040 0017BD (v01 BOCHS  BXPC     00000001 BXPC 00000001)
[    0.029694] ACPI: FACS 0x000000007FFE0000 000040
[    0.030244] ACPI: APIC 0x000000007FFE1871 000080 (v01 BOCHS  BXPC     00000001 BXPC 00000001)
[    0.031248] ACPI: HPET 0x000000007FFE18F1 000038 (v01 BOCHS  BXPC     00000001 BXPC 00000001)
[    0.032278] ACPI: WAET 0x000000007FFE1929 000028 (v01 BOCHS  BXPC     00000001 BXPC 00000001)
[    0.033329] ACPI: Reserving FACP table memory at [mem 0x7ffe17fd-0x7ffe1870]
[    0.034160] ACPI: Reserving DSDT table memory at [mem 0x7ffe0040-0x7ffe17fc]
[    0.034986] ACPI: Reserving FACS table memory at [mem 0x7ffe0000-0x7ffe003f]
[    0.035816] ACPI: Reserving APIC table memory at [mem 0x7ffe1871-0x7ffe18f0]
[    0.036630] ACPI: Reserving HPET table memory at [mem 0x7ffe18f1-0x7ffe1928]
[    0.037451] ACPI: Reserving WAET table memory at [mem 0x7ffe1929-0x7ffe1950]
[    0.039415] No NUMA configuration found
[    0.039902] Faking a node at [mem 0x0000000000000000-0x000000007ffdffff]
[    0.040761] NODE_DATA(0) allocated [mem 0x7ffb5000-0x7ffdffff]
[    0.045626] Zone ranges:
[    0.045931]   DMA      [mem 0x0000000000001000-0x0000000000ffffff]
[    0.046659]   DMA32    [mem 0x0000000001000000-0x000000007ffdffff]
[    0.047465]   Normal   empty
[    0.047840]   Device   empty
[    0.048198] Movable zone start for each node
[    0.048700] Early memory node ranges
[    0.049113]   node   0: [mem 0x0000000000001000-0x000000000009efff]
[    0.049856]   node   0: [mem 0x0000000000100000-0x000000007ffdffff]
[    0.050595] Initmem setup node 0 [mem 0x0000000000001000-0x000000007ffdffff]
[    0.051608] On node 0, zone DMA: 1 pages in unavailable ranges
[    0.051634] On node 0, zone DMA: 97 pages in unavailable ranges
[    0.078032] On node 0, zone DMA32: 32 pages in unavailable ranges
[    0.079133] ACPI: PM-Timer IO Port: 0x608
[    0.080390] ACPI: LAPIC_NMI (acpi_id[0xff] dfl dfl lint[0x1])
[    0.081154] IOAPIC[0]: apic_id 0, version 17, address 0xfec00000, GSI 0-23
[    0.082003] ACPI: INT_SRC_OVR (bus 0 bus_irq 0 global_irq 2 dfl dfl)
[    0.082748] ACPI: INT_SRC_OVR (bus 0 bus_irq 5 global_irq 5 high level)
[    0.083544] ACPI: INT_SRC_OVR (bus 0 bus_irq 9 global_irq 9 high level)
[    0.084366] ACPI: INT_SRC_OVR (bus 0 bus_irq 10 global_irq 10 high level)
[    0.085160] ACPI: INT_SRC_OVR (bus 0 bus_irq 11 global_irq 11 high level)
[    0.085971] ACPI: Using ACPI (MADT) for SMP configuration information
[    0.086711] ACPI: HPET id: 0x8086a201 base: 0xfed00000
[    0.087320] TSC deadline timer available
[    0.087811] smpboot: Allowing 2 CPUs, 0 hotplug CPUs
[    0.088445] kvm-guest: KVM setup pv remote TLB flush
[    0.089023] kvm-guest: setup PV sched yield
[    0.089568] PM: hibernation: Registered nosave memory: [mem 0x00000000-0x00000fff]
[    0.090447] PM: hibernation: Registered nosave memory: [mem 0x0009f000-0x0009ffff]
[    0.091329] PM: hibernation: Registered nosave memory: [mem 0x000a0000-0x000effff]
[    0.092281] PM: hibernation: Registered nosave memory: [mem 0x000f0000-0x000fffff]
[    0.093182] [mem 0x80000000-0xfeffbfff] available for PCI devices
[    0.093914] Booting paravirtualized kernel on KVM
[    0.094480] clocksource: refined-jiffies: mask: 0xffffffff max_cycles: 0xffffffff, max_idle_ns: 7645519600211568 ns
[    0.095726] setup_percpu: NR_CPUS:8192 nr_cpumask_bits:2 nr_cpu_ids:2 nr_node_ids:1
[    0.097704] percpu: Embedded 64 pages/cpu s225280 r8192 d28672 u1048576
[    0.098757] kvm-guest: PV spinlocks enabled
[    0.099260] PV qspinlock hash table entries: 256 (order: 0, 4096 bytes, linear)
[    0.100188] Fallback order for Node 0: 0 
[    0.100677] Built 1 zonelists, mobility grouping on.  Total pages: 515808
[    0.101494] Policy zone: DMA32
[    0.101868] Kernel command line: net.ifnames=0 console=ttyS0 root=/dev/sda earlyprintk=serial net.ifnames=0
[    0.116565] Dentry cache hash table entries: 262144 (order: 9, 2097152 bytes, linear)
[    0.118353] Inode-cache hash table entries: 131072 (order: 8, 1048576 bytes, linear)
[    0.119448] mem auto-init: stack:off, heap alloc:off, heap free:off
[    0.124575] Memory: 1985384K/2096632K available (32784K kernel code, 4691K rwdata, 7816K rodata, 3672K init, 22124K bss, 110992K reserved, 0K cma-reserved)
[    0.127633] SLUB: HWalign=64, Order=0-3, MinObjects=0, CPUs=2, Nodes=1
[    0.128454] kmemleak: Kernel memory leak detector disabled
[    0.129132] ftrace: allocating 67270 entries in 263 pages
[    0.158849] ftrace: allocated 263 pages with 4 groups
[    0.162810] Dynamic Preempt: voluntary
[    0.163460] Running RCU self tests
[    0.163892] rcu: Preemptible hierarchical RCU implementation.
[    0.164561] rcu: 	RCU lockdep checking is enabled.
[    0.165108] rcu: 	RCU restricting CPUs from NR_CPUS=8192 to nr_cpu_ids=2.
[    0.165892] 	Trampoline variant of Tasks RCU enabled.
[    0.166497] 	Rude variant of Tasks RCU enabled.
[    0.167033] 	Tracing variant of Tasks RCU enabled.
[    0.167642] rcu: RCU calculated value of scheduler-enlistment delay is 25 jiffies.
[    0.168580] rcu: Adjusting geometry for rcu_fanout_leaf=16, nr_cpu_ids=2
[    0.202717] NR_IRQS: 524544, nr_irqs: 440, preallocated irqs: 16
[    0.203885] rcu: srcu_init: Setting srcu_struct sizes based on contention.
[    0.216489] Console: colour VGA+ 80x25
[    0.217053] printk: console [ttyS0] enabled
[    0.217053] printk: console [ttyS0] enabled
[    0.218106] printk: bootconsole [earlyser0] disabled
[    0.218106] printk: bootconsole [earlyser0] disabled
[    0.219363] Lock dependency validator: Copyright (c) 2006 Red Hat, Inc., Ingo Molnar
[    0.220325] ... MAX_LOCKDEP_SUBCLASSES:  8
[    0.220826] ... MAX_LOCK_DEPTH:          48
[    0.221337] ... MAX_LOCKDEP_KEYS:        8192
[    0.221867] ... CLASSHASH_SIZE:          4096
[    0.222397] ... MAX_LOCKDEP_ENTRIES:     32768
[    0.222937] ... MAX_LOCKDEP_CHAINS:      65536
[    0.223477] ... CHAINHASH_SIZE:          32768
[    0.224062]  memory used by lock dependency info: 6365 kB
[    0.224750]  memory used for stack traces: 4224 kB
[    0.225366]  per task-struct memory footprint: 1920 bytes
[    0.226135] ACPI: Core revision 20220331
[    0.226990] clocksource: hpet: mask: 0xffffffff max_cycles: 0xffffffff, max_idle_ns: 19112604467 ns
[    0.228329] APIC: Switch to symmetric I/O mode setup
[    0.229228] x2apic enabled
[    0.229856] Switched APIC routing to physical x2apic.
[    0.230473] kvm-guest: setup PV IPIs
[    0.232164] ..TIMER: vector=0x30 apic1=0 pin1=2 apic2=-1 pin2=-1
[    0.232955] clocksource: tsc-early: mask: 0xffffffffffffffff max_cycles: 0x1a03dfe73b3, max_idle_ns: 440795256845 ns
[    0.234225] Calibrating delay loop (skipped) preset value.. 3609.60 BogoMIPS (lpj=7219200)
[    0.235215] pid_max: default: 32768 minimum: 301
[    0.235994] LSM: Security Framework initializing
[    0.238240] Yama: becoming mindful.
[    0.238942] Mount-cache hash table entries: 4096 (order: 3, 32768 bytes, linear)
[    0.239855] Mountpoint-cache hash table entries: 4096 (order: 3, 32768 bytes, linear)
[    0.243728] x86/cpu: User Mode Instruction Prevention (UMIP) activated
[    0.245066] Last level iTLB entries: 4KB 0, 2MB 0, 4MB 0
[    0.245825] Last level dTLB entries: 4KB 0, 2MB 0, 4MB 0, 1GB 0
[    0.246265] Spectre V1 : Mitigation: usercopy/swapgs barriers and __user pointer sanitization
[    0.247300] Spectre V2 : WARNING: Unprivileged eBPF is enabled with eIBRS on, data leaks possible via Spectre v2 BHB attacks!
[    0.248622] Spectre V2 : Mitigation: Enhanced IBRS
[    0.249242] Spectre V2 : Spectre v2 / SpectreRSB mitigation: Filling RSB on context switch
[    0.250214] Spectre V2 : Spectre v2 / PBRSB-eIBRS: Retire a single CALL on VMEXIT
[    0.251104] Spectre V2 : mitigation: Enabling conditional Indirect Branch Prediction Barrier
[    0.252095] Speculative Store Bypass: Mitigation: Speculative Store Bypass disabled via prctl
[    0.253119] MMIO Stale Data: Unknown: No mitigations
[    0.380211] Freeing SMP alternatives memory: 56K
[    0.381255] smpboot: CPU0: Intel(R) Core(TM) i3-N305 (family: 0x6, model: 0xbe, stepping: 0x0)
[    0.382209] cblist_init_generic: Setting adjustable number of callback queues.
[    0.382209] cblist_init_generic: Setting shift to 1 and lim to 1.
[    0.382209] cblist_init_generic: Setting shift to 1 and lim to 1.
[    0.382310] cblist_init_generic: Setting shift to 1 and lim to 1.
[    0.383111] Running RCU-tasks wait API self tests
[    0.486346] Performance Events: Gracemont events, full-width counters, Intel PMU driver.
[    0.487452] ... version:                2
[    0.487966] ... bit width:              48
[    0.488481] ... generic registers:      6
[    0.488976] ... value mask:             0000ffffffffffff
[    0.489686] ... max period:             00007fffffffffff
[    0.490220] ... fixed-purpose events:   3
[    0.490739] ... event mask:             000000070000003f
[    0.492044] rcu: Hierarchical SRCU implementation.
[    0.492666] rcu: 	Max phase no-delay instances is 1000.
[    0.496929] smp: Bringing up secondary CPUs ...
[    0.498782] x86: Booting SMP configuration:
[    0.499369] .... node  #0, CPUs:      #1
[    0.499850] smp: Brought up 1 node, 2 CPUs
[    0.499850] smpboot: Max logical packages: 1
[    0.499928] smpboot: Total of 2 processors activated (7219.20 BogoMIPS)
[    0.503455] devtmpfs: initialized
[    0.503455] x86/mm: Memory block size: 128MB
[    0.508084] clocksource: jiffies: mask: 0xffffffff max_cycles: 0xffffffff, max_idle_ns: 7645041785100000 ns
[    0.508095] futex hash table entries: 512 (order: 4, 65536 bytes, linear)
[    0.510309] Callback from call_rcu_tasks_trace() invoked.
[    0.511342] pinctrl core: initialized pinctrl subsystem
[    0.512823] 
[    0.513048] *************************************************************
[    0.513932] **     NOTICE NOTICE NOTICE NOTICE NOTICE NOTICE NOTICE    **
[    0.514219] **                                                         **
[    0.515089] **  IOMMU DebugFS SUPPORT HAS BEEN ENABLED IN THIS KERNEL  **
[    0.515993] **                                                         **
[    0.516846] ** This means that this kernel is built to expose internal **
[    0.517692] ** IOMMU data structures, which may compromise security on **
[    0.518235] ** your system.                                            **
[    0.519124] **                                                         **
[    0.519968] ** If you see this message and you are not debugging the   **
[    0.520812] ** kernel, report this immediately to your vendor!         **
[    0.521656] **                                                         **
[    0.522215] **     NOTICE NOTICE NOTICE NOTICE NOTICE NOTICE NOTICE    **
[    0.523063] *************************************************************
[    0.524010] PM: RTC time: 16:14:15, date: 2023-04-12
[    0.529191] NET: Registered PF_NETLINK/PF_ROUTE protocol family
[    0.530806] DMA: preallocated 256 KiB GFP_KERNEL pool for atomic allocations
[    0.531697] DMA: preallocated 256 KiB GFP_KERNEL|GFP_DMA pool for atomic allocations
[    0.532671] DMA: preallocated 256 KiB GFP_KERNEL|GFP_DMA32 pool for atomic allocations
[    0.533728] audit: initializing netlink subsys (disabled)
[    0.534368] audit: type=2000 audit(1681316055.194:1): state=initialized audit_enabled=0 res=1
[    0.535061] thermal_sys: Registered thermal governor 'fair_share'
[    0.535382] thermal_sys: Registered thermal governor 'bang_bang'
[    0.536158] thermal_sys: Registered thermal governor 'step_wise'
[    0.536940] thermal_sys: Registered thermal governor 'user_space'
[    0.537777] cpuidle: using governor ladder
[    0.538776] cpuidle: using governor menu
[    0.539720] acpiphp: ACPI Hot Plug PCI Controller Driver version: 0.5
[    0.541065] PCI: Using configuration type 1 for base access
[    0.565236] kprobes: kprobe jump-optimization is enabled. All kprobes are optimized if possible.
[    0.822551] HugeTLB: registered 1.00 GiB page size, pre-allocated 0 pages
[    0.823460] HugeTLB: 16380 KiB vmemmap can be freed for a 1.00 GiB page
[    0.824298] HugeTLB: registered 2.00 MiB page size, pre-allocated 0 pages
[    0.825330] HugeTLB: 28 KiB vmemmap can be freed for a 2.00 MiB page
[    0.828681] ACPI: Added _OSI(Module Device)
[    0.830125] ACPI: Added _OSI(Processor Device)
[    0.830221] ACPI: Added _OSI(3.0 _SCP Extensions)
[    0.830819] ACPI: Added _OSI(Processor Aggregator Device)
[    0.841086] ACPI: 1 ACPI AML tables successfully acquired and loaded
[    0.846050] ACPI: Interpreter enabled
[    0.846335] ACPI: PM: (supports S0 S3 S4 S5)
[    0.846887] ACPI: Using IOAPIC for interrupt routing
[    0.847593] PCI: Using host bridge windows from ACPI; if necessary, use "pci=nocrs" and report a bug
[    0.848763] PCI: Using E820 reservations for host bridge windows
[    0.850430] ACPI: Enabled 2 GPEs in block 00 to 0F
[    0.872449] ACPI: PCI Root Bridge [PCI0] (domain 0000 [bus 00-ff])
[    0.873325] acpi PNP0A03:00: _OSC: OS supports [ASPM ClockPM Segments MSI EDR HPX-Type3]
[    0.874226] acpi PNP0A03:00: _OSC: not requesting OS control; OS requires [ExtendedConfig ASPM ClockPM MSI]
[    0.875612] acpi PNP0A03:00: fail to add MMCONFIG information, can't access extended PCI configuration space under this bridge.
[    0.880577] acpiphp: Slot [3] registered
[    0.881236] acpiphp: Slot [4] registered
[    0.881856] acpiphp: Slot [5] registered
[    0.882312] acpiphp: Slot [6] registered
[    0.882918] acpiphp: Slot [7] registered
[    0.883542] acpiphp: Slot [8] registered
[    0.884173] acpiphp: Slot [9] registered
[    0.884781] acpiphp: Slot [10] registered
[    0.885396] acpiphp: Slot [11] registered
[    0.886013] acpiphp: Slot [12] registered
[    0.886332] acpiphp: Slot [13] registered
[    0.886951] acpiphp: Slot [14] registered
[    0.887552] acpiphp: Slot [15] registered
[    0.888151] acpiphp: Slot [16] registered
[    0.888732] acpiphp: Slot [17] registered
[    0.889350] acpiphp: Slot [18] registered
[    0.889932] acpiphp: Slot [19] registered
[    0.890307] acpiphp: Slot [20] registered
[    0.890918] acpiphp: Slot [21] registered
[    0.891522] acpiphp: Slot [22] registered
[    0.892138] acpiphp: Slot [23] registered
[    0.892738] acpiphp: Slot [24] registered
[    0.893459] acpiphp: Slot [25] registered
[    0.894064] acpiphp: Slot [26] registered
[    0.894309] acpiphp: Slot [27] registered
[    0.894932] acpiphp: Slot [28] registered
[    0.895517] acpiphp: Slot [29] registered
[    0.896099] acpiphp: Slot [30] registered
[    0.896680] acpiphp: Slot [31] registered
[    0.897208] PCI host bridge to bus 0000:00
[    0.897717] pci_bus 0000:00: root bus resource [io  0x0000-0x0cf7 window]
[    0.898218] pci_bus 0000:00: root bus resource [io  0x0d00-0xffff window]
[    0.899048] pci_bus 0000:00: root bus resource [mem 0x000a0000-0x000bffff window]
[    0.900042] pci_bus 0000:00: root bus resource [mem 0x80000000-0xfebfffff window]
[    0.901049] pci_bus 0000:00: root bus resource [mem 0x100000000-0x17fffffff window]
[    0.902023] pci_bus 0000:00: root bus resource [bus 00-ff]
[    0.902384] pci 0000:00:00.0: [8086:1237] type 00 class 0x060000
[    0.907189] pci 0000:00:01.0: [8086:7000] type 00 class 0x060100
[    0.909003] pci 0000:00:01.1: [8086:7010] type 00 class 0x010180
[    0.911625] pci 0000:00:01.1: reg 0x20: [io  0xc040-0xc04f]
[    0.913113] pci 0000:00:01.1: legacy IDE quirk: reg 0x10: [io  0x01f0-0x01f7]
[    0.914027] pci 0000:00:01.1: legacy IDE quirk: reg 0x14: [io  0x03f6]
[    0.914219] pci 0000:00:01.1: legacy IDE quirk: reg 0x18: [io  0x0170-0x0177]
[    0.915132] pci 0000:00:01.1: legacy IDE quirk: reg 0x1c: [io  0x0376]
[    0.916382] pci 0000:00:01.3: [8086:7113] type 00 class 0x068000
[    0.917668] pci 0000:00:01.3: quirk: [io  0x0600-0x063f] claimed by PIIX4 ACPI
[    0.918229] pci 0000:00:01.3: quirk: [io  0x0700-0x070f] claimed by PIIX4 SMB
[    0.919795] pci 0000:00:02.0: [1234:1111] type 00 class 0x030000
[    0.922294] pci 0000:00:02.0: reg 0x10: [mem 0xfd000000-0xfdffffff pref]
[    0.924732] pci 0000:00:02.0: reg 0x18: [mem 0xfebf0000-0xfebf0fff]
[    0.929551] pci 0000:00:02.0: reg 0x30: [mem 0xfebe0000-0xfebeffff pref]
[    0.930517] pci 0000:00:02.0: Video device with shadowed ROM at [mem 0x000c0000-0x000dffff]
[    0.935634] pci 0000:00:03.0: [8086:100e] type 00 class 0x020000
[    0.937133] pci 0000:00:03.0: reg 0x10: [mem 0xfebc0000-0xfebdffff]
[    0.938479] pci 0000:00:03.0: reg 0x14: [io  0xc000-0xc03f]
[    0.941894] pci 0000:00:03.0: reg 0x30: [mem 0xfeb80000-0xfebbffff pref]
[    0.958998] ACPI: PCI: Interrupt link LNKA configured for IRQ 10
[    0.960376] ACPI: PCI: Interrupt link LNKB configured for IRQ 10
[    0.961589] ACPI: PCI: Interrupt link LNKC configured for IRQ 11
[    0.962692] ACPI: PCI: Interrupt link LNKD configured for IRQ 11
[    0.963691] ACPI: PCI: Interrupt link LNKS configured for IRQ 9
[    0.966176] iommu: Default domain type: Translated 
[    0.966224] iommu: DMA domain TLB invalidation policy: lazy mode 
[    0.968549] SCSI subsystem initialized
[    0.969446] ACPI: bus type USB registered
[    0.970054] usbcore: registered new interface driver usbfs
[    0.970291] usbcore: registered new interface driver hub
[    0.971014] usbcore: registered new device driver usb
[    0.971813] pps_core: LinuxPPS API ver. 1 registered
[    0.972444] pps_core: Software ver. 5.3.6 - Copyright 2005-2007 Rodolfo Giometti <giometti@linux.it>
[    0.973587] PTP clock support registered
[    0.974359] EDAC MC: Ver: 3.0.0
[    0.976840] NetLabel: Initializing
[    0.977297] NetLabel:  domain hash size = 128
[    0.977867] NetLabel:  protocols = UNLABELED CIPSOv4 CALIPSO
[    0.978823] NetLabel:  unlabeled traffic allowed by default
[    0.980130] PCI: Using ACPI for IRQ routing
[    0.981022] pci 0000:00:02.0: vgaarb: setting as boot VGA device
[    0.981841] pci 0000:00:02.0: vgaarb: bridge control possible
[    0.982209] pci 0000:00:02.0: vgaarb: VGA device added: decodes=io+mem,owns=io+mem,locks=none
[    0.982221] vgaarb: loaded
[    0.983125] hpet0: at MMIO 0xfed00000, IRQs 2, 8, 0
[    0.983786] hpet0: 3 comparators, 64-bit 100.000000 MHz counter
[    3.878199] clocksource: Switched to clocksource kvm-clock
[    3.933957] Callback from call_rcu_tasks_rude() invoked.
[    3.982426] Callback from call_rcu_tasks() invoked.
[    4.109239] VFS: Disk quotas dquot_6.6.0
[    4.109862] VFS: Dquot-cache hash table entries: 512 (order 0, 4096 bytes)
[    4.111214] pnp: PnP ACPI init
[    4.114528] pnp: PnP ACPI: found 6 devices
[    4.131601] clocksource: acpi_pm: mask: 0xffffff max_cycles: 0xffffff, max_idle_ns: 2085701024 ns
[    4.133264] NET: Registered PF_INET protocol family
[    4.134293] IP idents hash table entries: 32768 (order: 6, 262144 bytes, linear)
[    4.136992] tcp_listen_portaddr_hash hash table entries: 1024 (order: 4, 73728 bytes, linear)
[    4.138162] Table-perturb hash table entries: 65536 (order: 6, 262144 bytes, linear)
[    4.139188] TCP established hash table entries: 16384 (order: 5, 131072 bytes, linear)
[    4.140554] TCP bind hash table entries: 16384 (order: 9, 2359296 bytes, linear)
[    4.144310] TCP: Hash tables configured (established 16384 bind 16384)
[    4.145407] UDP hash table entries: 1024 (order: 5, 163840 bytes, linear)
[    4.146449] UDP-Lite hash table entries: 1024 (order: 5, 163840 bytes, linear)
[    4.147715] NET: Registered PF_UNIX/PF_LOCAL protocol family
[    4.149332] RPC: Registered named UNIX socket transport module.
[    4.150085] RPC: Registered udp transport module.
[    4.150688] RPC: Registered tcp transport module.
[    4.151275] RPC: Registered tcp NFSv4.1 backchannel transport module.
[    4.152111] pci_bus 0000:00: resource 4 [io  0x0000-0x0cf7 window]
[    4.152910] pci_bus 0000:00: resource 5 [io  0x0d00-0xffff window]
[    4.153674] pci_bus 0000:00: resource 6 [mem 0x000a0000-0x000bffff window]
[    4.154534] pci_bus 0000:00: resource 7 [mem 0x80000000-0xfebfffff window]
[    4.155388] pci_bus 0000:00: resource 8 [mem 0x100000000-0x17fffffff window]
[    4.156604] pci 0000:00:01.0: PIIX3: Enabling Passive Release
[    4.157356] pci 0000:00:00.0: Limiting direct PCI/PCI transfers
[    4.158270] PCI: CLS 0 bytes, default 64
[    4.158853] ACPI: bus type thunderbolt registered
[    4.159911] clocksource: tsc: mask: 0xffffffffffffffff max_cycles: 0x1a03dfe73b3, max_idle_ns: 440795256845 ns
[    4.165676] Initialise system trusted keyrings
[    4.166464] Key type blacklist registered
[    4.167380] workingset: timestamp_bits=36 max_order=19 bucket_order=0
[    4.182620] zbud: loaded
[    4.186033] squashfs: version 4.0 (2009/01/31) Phillip Lougher
[    4.188930] NFS: Registering the id_resolver key type
[    4.189659] Key type id_resolver registered
[    4.190200] Key type id_legacy registered
[    4.190891] nfs4filelayout_init: NFSv4 File Layout Driver Registering...
[    4.191765] nfs4flexfilelayout_init: NFSv4 Flexfile Layout Driver Registering...
[    4.193053] fuse: init (API version 7.37)
[    4.194127] SGI XFS with ACLs, security attributes, realtime, quota, no debug enabled
[    4.198095] 9p: Installing v9fs 9p2000 file system support
[    4.207458] Key type asymmetric registered
[    4.208031] Asymmetric key parser 'x509' registered
[    4.210835] alg: self-tests for CTR-KDF (hmac(sha256)) passed
[    4.211664] Block layer SCSI generic (bsg) driver version 0.4 loaded (major 243)
[    4.212824] io scheduler mq-deadline registered
[    4.213635] io scheduler bfq registered
[    4.215693] shpchp: Standard Hot Plug PCI Controller Driver version: 0.4
[    4.217296] IPMI message handler: version 39.2
[    4.217974] ipmi device interface
[    4.220652] input: Power Button as /devices/LNXSYSTM:00/LNXPWRBN:00/input/input0
[    4.221990] ACPI: button: Power Button [PWRF]
[    4.223886] ERST DBG: ERST support is disabled.
[    4.225355] Serial: 8250/16550 driver, 32 ports, IRQ sharing enabled
[    4.227010] 00:04: ttyS0 at I/O 0x3f8 (irq = 4, base_baud = 115200) is a 16550A
[    4.241352] Linux agpgart interface v0.103
[    4.242717] ACPI: bus type drm_connector registered
[    4.261229] brd: module loaded
[    4.289362] loop: module loaded
[    4.296377] scsi host0: ata_piix
[    4.297945] scsi host1: ata_piix
[    4.298660] ata1: PATA max MWDMA2 cmd 0x1f0 ctl 0x3f6 bmdma 0xc040 irq 14
[    4.299500] ata2: PATA max MWDMA2 cmd 0x170 ctl 0x376 bmdma 0xc048 irq 15
[    4.302244] tun: Universal TUN/TAP device driver, 1.6
[    4.303308] e100: Intel(R) PRO/100 Network Driver
[    4.303939] e100: Copyright(c) 1999-2006 Intel Corporation
[    4.304687] e1000: Intel(R) PRO/1000 Network Driver
[    4.305291] e1000: Copyright (c) 1999-2006 Intel Corporation.
[    4.458450] ata1: found unknown device (class 0)
[    4.459869] ata1.00: ATA-7: QEMU HARDDISK, 2.5+, max UDMA/100
[    4.460686] ata1.00: 16777216 sectors, multi 16: LBA48 
[    4.462668] scsi 0:0:0:0: Direct-Access     ATA      QEMU HARDDISK    2.5+ PQ: 0 ANSI: 5
[    4.465149] scsi 0:0:0:0: Attached scsi generic sg0 type 0
[    4.466940] ata2: found unknown device (class 0)
[    4.467975] sd 0:0:0:0: [sda] 16777216 512-byte logical blocks: (8.59 GB/8.00 GiB)
[    4.469397] ata2.00: ATAPI: QEMU DVD-ROM, 2.5+, max UDMA/100
[    4.470445] sd 0:0:0:0: [sda] Write Protect is off
[    4.471758] sd 0:0:0:0: [sda] Write cache: enabled, read cache: enabled, doesn't support DPO or FUA
[    4.473074] sd 0:0:0:0: [sda] Preferred minimum I/O size 512 bytes
[    4.474846] scsi 1:0:0:0: CD-ROM            QEMU     QEMU DVD-ROM     2.5+ PQ: 0 ANSI: 5
[    4.496350] sd 0:0:0:0: [sda] Attached SCSI disk
[    4.503442] scsi 1:0:0:0: Attached scsi generic sg1 type 5
[    4.532217] ACPI: \_SB_.LNKC: Enabled at IRQ 11
[    4.874995] e1000 0000:00:03.0 eth0: (PCI:33MHz:32-bit) 52:54:00:12:34:56
[    4.875907] e1000 0000:00:03.0 eth0: Intel(R) PRO/1000 Network Connection
[    4.876902] e1000e: Intel(R) PRO/1000 Network Driver
[    4.877520] e1000e: Copyright(c) 1999 - 2015 Intel Corporation.
[    4.878363] igb: Intel(R) Gigabit Ethernet Network Driver
[    4.879028] igb: Copyright (c) 2007-2014 Intel Corporation.
[    4.879847] PPP generic driver version 2.4.2
[    4.881153] VFIO - User Level meta-driver version: 0.3
[    4.882544] usbcore: registered new interface driver uas
[    4.883294] usbcore: registered new interface driver usb-storage
[    4.884209] i8042: PNP: PS/2 Controller [PNP0303:KBD,PNP0f13:MOU] at 0x60,0x64 irq 1,12
[    4.886172] serio: i8042 KBD port at 0x60,0x64 irq 1
[    4.886883] serio: i8042 AUX port at 0x60,0x64 irq 12
[    4.888908] mousedev: PS/2 mouse device common for all mice
[    4.890766] rtc_cmos 00:05: RTC can wake from S4
[    4.890863] input: AT Translated Set 2 keyboard as /devices/platform/i8042/serio0/input/input1
[    4.893041] rtc_cmos 00:05: registered as rtc0
[    4.893826] rtc_cmos 00:05: setting system clock to 2023-04-12T16:14:19 UTC (1681316059)
[    4.895271] rtc_cmos 00:05: alarms up to one day, y3k, 242 bytes nvram, hpet irqs
[    4.895654] input: VirtualPS/2 VMware VMMouse as /devices/platform/i8042/serio1/input/input4
[    4.896423] i2c_dev: i2c /dev entries driver
[    4.898174] device-mapper: core: CONFIG_IMA_DISABLE_HTABLE is disabled. Duplicate IMA measurements will not be recorded in the IMA log.
[    4.898440] input: VirtualPS/2 VMware VMMouse as /devices/platform/i8042/serio1/input/input3
[    4.899964] device-mapper: uevent: version 1.0.3
[    4.901956] device-mapper: ioctl: 4.47.0-ioctl (2022-07-28) initialised: dm-devel@redhat.com
[    4.903110] intel_pstate: CPU model not supported
[    4.903901] sdhci: Secure Digital Host Controller Interface driver
[    4.904739] sdhci: Copyright(c) Pierre Ossman
[    4.905464] sdhci-pltfm: SDHCI platform and OF driver helper
[    4.906325] ledtrig-cpu: registered to indicate activity on CPUs
[    4.907730] drop_monitor: Initializing network drop monitor service
[    4.909325] NET: Registered PF_INET6 protocol family
[    4.913035] Segment Routing with IPv6
[    4.913651] In-situ OAM (IOAM) with IPv6
[    4.914322] NET: Registered PF_PACKET protocol family
[    4.915512] 9pnet: Installing 9P2000 support
[    4.916230] Key type dns_resolver registered
[    4.918356] IPI shorthand broadcast: enabled
[    4.919037] sched_clock: Marking stable (4892755650, 25463788)->(4945647785, -27428347)
[    4.921076] registered taskstats version 1
[    4.921896] Loading compiled-in X.509 certificates
[    4.923161] zswap: loaded using pool lzo/zbud
[    4.924779] Key type .fscrypt registered
[    4.925333] Key type fscrypt-provisioning registered
[    4.927733] Key type encrypted registered
[    4.928371] ima: No TPM chip found, activating TPM-bypass!
[    4.929117] ima: Allocated hash algorithm: sha1
[    4.929787] ima: No architecture policies found
[    4.930488] evm: Initialising EVM extended attributes:
[    4.931144] evm: security.selinux
[    4.931562] evm: security.SMACK64
[    4.931979] evm: security.SMACK64EXEC
[    4.932464] evm: security.SMACK64TRANSMUTE
[    4.932990] evm: security.SMACK64MMAP
[    4.933459] evm: security.apparmor
[    4.933898] evm: security.ima
[    4.934326] evm: security.capability
[    4.934790] evm: HMAC attrs: 0x1
[    4.942642] PM:   Magic number: 3:753:236
[    4.943855] RAS: Correctable Errors collector initialized.
[    4.946334] md: Waiting for all devices to be available before autodetect
[    4.946916] md: If you don't use raid, use raid=noautodetect
[    4.947405] md: Autodetecting RAID arrays.
[    4.947767] md: autorun ...
[    4.948014] md: ... autorun DONE.
[    4.953316] EXT4-fs (sda): INFO: recovery required on readonly filesystem
[    4.953943] EXT4-fs (sda): write access will be enabled during recovery
[    4.995746] EXT4-fs (sda): recovery complete
[    4.998171] EXT4-fs (sda): mounted filesystem with ordered data mode. Quota mode: none.
[    4.999046] VFS: Mounted root (ext4 filesystem) readonly on device 8:0.
[    5.000592] devtmpfs: mounted
[    5.007974] Freeing unused decrypted memory: 2036K
[    5.010019] Freeing unused kernel image (initmem) memory: 3672K
[    5.010638] Write protecting the kernel read-only data: 43008k
[    5.015422] Freeing unused kernel image (text/rodata gap) memory: 2028K
[    5.016450] Freeing unused kernel image (rodata/data gap) memory: 376K
[    5.127709] x86/mm: Checked W+X mappings: passed, no W+X pages found.
[    5.128395] Run /sbin/init as init process
[    5.258767] systemd[1]: RTC configured in localtime, applying delta of 0 minutes to system time.
[    5.301764] systemd[1]: systemd 239 (239-49.el8) running in system mode. (+PAM +AUDIT +SELINUX +IMA -APPARMOR +SMACK +SYSVINIT +UTMP +LIBCRYPTSETUP +GCRYPT +GNUTLS +ACL +XZ +LZ4 +SECCOMP +BLKID +ELFUTILS +KMOD +IDN2 -IDN +PCRE2 default-hierarchy=legacy)
[    5.304016] systemd[1]: Detected virtualization kvm.
[    5.304505] systemd[1]: Detected architecture x86-64.

Welcome to [0;31mCentOS Stream 8[0m!

[    5.363240] systemd[1]: Set hostname to <test>.
[    6.422294] random: crng init done
[    6.570110] systemd[1]: Created slice User and Session Slice.
[[0;32m  OK  [0m] Created slice User and Session Slice.
[    6.572048] systemd[1]: Listening on Device-mapper event daemon FIFOs.
[[0;32m  OK  [0m] Listening on Device-mapper event daemon FIFOs.
[    6.573788] systemd[1]: Listening on Journal Socket (/dev/log).
[[0;32m  OK  [0m] Listening on Journal Socket (/dev/log).
[    6.586119] systemd[1]: Listening on Process Core Dump Socket.
[[0;32m  OK  [0m] Listening on Process Core Dump Socket.
[    6.587729] systemd[1]: Started Forward Password Requests to Wall Directory Watch.
[[0;32m  OK  [0m] Started Forward Password Requests to Wall Directory Watch.
[    6.589606] systemd[1]: Listening on LVM2 poll daemon socket.
[[0;32m  OK  [0m] Listening on LVM2 poll daemon socket.
[[0;32m  OK  [0m] Listening on udev Kernel Socket.
[[0;32m  OK  [0m] Listening on initctl Compatibility Named Pipe.
[[0;32m  OK  [0m] Listening on Journal Socket.
         Starting Setup Virtual Console...
         Mounting Kernel Debug File System...
         Starting Journal Service...
         Mounting Huge Pages File System...
[[0;32m  OK  [0m] Listening on multipathd control socket.
[[0;32m  OK  [0m] Listening on udev Control Socket.
         Starting udev Coldplug all Devices...
[[0;32m  OK  [0m] Created slice system-getty.slice.
         Starting Monitoring of LVM2 mirrorsâ€¦ng dmeventd or progress polling...
         Mounting POSIX Message Queue File System...
[[0;32m  OK  [0m] Created slice system-serial\x2dgetty.slice.
[[0;32m  OK  [0m] Listening on RPCbind Server Activation Socket.
[[0;32m  OK  [0m] Reached target RPC Port Mapper.
[[0;32m  OK  [0m] Reached target Slices.
[[0;32m  OK  [0m] Set up automount Arbitrary Executabâ€¦rmats File System Automount Point.
[[0;32m  OK  [0m] Created slice system-sshd\x2dkeygen.slice.
         Starting Load Kernel Modules...
[[0;32m  OK  [0m] Reached target Swap.
         Starting Remount Root and Kernel File Systems...
[[0;32m  OK  [0m] Started Journal Service.
[[0;32m  OK  [0m] Mounted Kernel Debug File System.
[[0;32m  OK  [0m] Mounted Huge Pages File System.
[[0;32m  OK  [0m] Started Setup Virtual Console.
[[0;32m  OK  [0m] Mounted POSIX Message Queue File System.
[[0;1;31mFAILED[0m] Failed to start Load Kernel Modules.
See 'systemctl status systemd-modules-load.service' for details.
         Mounting FUSE Control File System...
         Starting Apply Kernel Variables...
[    7.212741] EXT4-fs (sda): re-mounted. Quota mode: none.
         Mounting Kernel Configuration File System...
[[0;32m  OK  [0m] Started Remount Root and Kernel File Systems.
[[0;32m  OK  [0m] Mounted FUSE Control File System.
[[0;32m  OK  [0m] Started Apply Kernel Variables.
[[0;32m  OK  [0m] Mounted Kernel Configuration File System.
         Starting Load/Save Random Seed...
         Starting Create Static Device Nodes in /dev...
         Starting Flush Journal to Persistent Storage...
[[0;32m  OK  [0m] Started Load/Save Random Seed.
[[0;32m  OK  [0m] Started Flush Journal to Persistent Storage.
[[0;32m  OK  [0m] Started Create Static Device Nodes in /dev.
         Starting udev Kernel Device Manager...
[[0;32m  OK  [0m] Started udev Coldplug all Devices.
         Starting udev Wait for Complete Device Initialization...
[[0;32m  OK  [0m] Started udev Kernel Device Manager.
         Starting Show Plymouth Boot Screen...
[[0;32m  OK  [0m] Started Show Plymouth Boot Screen.
[[0;32m  OK  [0m] Started Forward Password Requests to Plymouth Directory Watch.
[[0;32m  OK  [0m] Reached target Local Encrypted Volumes.
[[0;32m  OK  [0m] Reached target Paths.
[[0;32m  OK  [0m] Found device /dev/ttyS0.
[[0;32m  OK  [0m] Started Monitoring of LVM2 mirrors,â€¦sing dmeventd or progress polling.
[[0;32m  OK  [0m] Started udev Wait for Complete Device Initialization.
[[0;32m  OK  [0m] Listening on Load/Save RF Kill Switch Status /dev/rfkill Watch.
[[0;32m  OK  [0m] Reached target Local File Systems (Pre).
[[0;32m  OK  [0m] Reached target Local File Systems.
         Starting Tell Plymouth To Write Out Runtime Data...
         Starting Restore /run/initramfs on shutdown...
         Starting Create Volatile Files and Directories...
[[0;32m  OK  [0m] Started Tell Plymouth To Write Out Runtime Data.
[[0;32m  OK  [0m] Started Restore /run/initramfs on shutdown.
[[0;32m  OK  [0m] Started Create Volatile Files and Directories.
         Starting Security Auditing Service...
         Starting RPC Bind...
         Mounting RPC Pipe File System...
[[0;32m  OK  [0m] Mounted RPC Pipe File System.
[[0;32m  OK  [0m] Reached target rpc_pipefs.target.
[[0;32m  OK  [0m] Started RPC Bind.
[[0;32m  OK  [0m] Started Security Auditing Service.
         Starting Update UTMP about System Boot/Shutdown...
[[0;32m  OK  [0m] Started Update UTMP about System Boot/Shutdown.
[[0;32m  OK  [0m] Reached target System Initialization.
[[0;32m  OK  [0m] Started Daily Cleanup of Temporary Directories.
[[0;32m  OK  [0m] Started daily update of the root trust anchor for DNSSEC.
[[0;32m  OK  [0m] Listening on SSSD Kerberos Cache Manager responder socket.
[[0;32m  OK  [0m] Started dnf makecache --timer.
[[0;32m  OK  [0m] Reached target Timers.
[[0;32m  OK  [0m] Listening on D-Bus System Message Bus Socket.
[[0;32m  OK  [0m] Reached target Sockets.
[[0;32m  OK  [0m] Reached target Basic System.
         Starting Self Monitoring and Reporting Technology (SMART) Daemon...
         Starting NTP client/server...
[[0;32m  OK  [0m] Started Machine Check Exception Logging Daemon.
         Starting Login Service...
         Starting Auto-connect to subsystemsâ€¦-NVME devices found during boot...
[[0;32m  OK  [0m] Reached target sshd-keygen.target.
[[0;32m  OK  [0m] Started irqbalance daemon.
[[0;32m  OK  [0m] Started D-Bus System Message Bus.
         Starting Network Manager...
         Starting Authorization Manager...
[[0;32m  OK  [0m] Started Self Monitoring and Reporting Technology (SMART) Daemon.
[[0;32m  OK  [0m] Started Auto-connect to subsystems â€¦FC-NVME devices found during boot.
         Starting update of the root trust aâ€¦or DNSSEC validation in unbound...
[[0;32m  OK  [0m] Started Login Service.
[[0;32m  OK  [0m] Started NTP client/server.
[[0;32m  OK  [0m] Started Network Manager.
         Starting Network Manager Wait Online...
[[0;32m  OK  [0m] Reached target Network.
         Starting Dynamic System Tuning Daemon...
         Starting GSSAPI Proxy Daemon...
         Starting OpenSSH server daemon...
[[0;32m  OK  [0m] Started update of the root trust anâ€¦ for DNSSEC validation in unbound.
         Starting Hostname Service...
[[0;32m  OK  [0m] Started OpenSSH server daemon.
[[0;32m  OK  [0m] Started Authorization Manager.
[[0;32m  OK  [0m] Started GSSAPI Proxy Daemon.
[[0;32m  OK  [0m] Reached target NFS client services.
[[0;32m  OK  [0m] Reached target Remote File Systems (Pre).
[[0;32m  OK  [0m] Reached target Remote File Systems.
         Starting Permit User Sessions...
[[0;32m  OK  [0m] Started Permit User Sessions.
         Starting Hold until boot process finishes up...
         Starting Terminate Plymouth Boot Screen...
[[0;32m  OK  [0m] Started Command Scheduler.
[   10.166470] e1000: eth0 NIC Link is Up 1000 Mbps Full Duplex, Flow Control: RX
[   10.167811] IPv6: ADDRCONF(NETDEV_CHANGE): eth0: link becomes ready
[   10.562897] Spectre V2 : WARNING: Unprivileged eBPF is enabled with eIBRS on, data leaks possible via Spectre v2 BHB attacks!
[   10.564101] Spectre V2 : WARNING: Unprivileged eBPF is enabled with eIBRS on, data leaks possible via Spectre v2 BHB attacks!

CentOS Stream 8
Kernel 6.1.0-rc3-66f0919c953e+ on an x86_64

test login: [   31.838870] hrtimer: interrupt took 671095 ns
[   50.501213] rcu_tasks_wait_gp: rcu_tasks grace period 9 is 2579 jiffies old.
[   80.675518] rcu_tasks_wait_gp: rcu_tasks grace period 9 is 10123 jiffies old.
[  171.301275] rcu_tasks_wait_gp: rcu_tasks grace period 9 is 32779 jiffies old.
[  300.227289] INFO: task repro:590 blocked for more than 147 seconds.
[  300.228332]       Not tainted 6.1.0-rc3-66f0919c953e+ #1
[  300.229117] "echo 0 > /proc/sys/kernel/hung_task_timeout_secs" disables this message.
[  300.230195] task:repro           state:D stack:0     pid:590   ppid:588    flags:0x00004006
[  300.231923] Call Trace:
[  300.232399]  <TASK>
[  300.233066]  __schedule+0x344/0xad0
[  300.234049]  ? wait_for_completion+0x7b/0x180
[  300.235097]  schedule+0x5b/0xe0
[  300.235757]  schedule_timeout+0x554/0x640
[  300.236858]  ? schedule_timeout+0x9/0x640
[  300.237832]  ? wait_for_completion+0x7b/0x180
[  300.238878]  wait_for_completion+0xa6/0x180
[  300.239948]  __wait_rcu_gp+0x136/0x160
[  300.240720]  ? ftrace_kill+0x40/0x40
[  300.241333]  ? ftrace_kill+0x40/0x40
[  300.242018]  synchronize_rcu_tasks_generic.part.24+0x3b/0x60
[  300.243184]  ? call_rcu_tasks_generic+0x320/0x320
[  300.243969]  ? rcu_tasks_pregp_step+0x20/0x20
[  300.245003]  ? verify_cpu+0xa0/0x100
[  300.245768]  synchronize_rcu_tasks_generic+0x2b/0x70
[  300.247026]  synchronize_rcu_tasks+0x19/0x20
[  300.247765]  ftrace_shutdown+0x1d2/0x410
[  300.248743]  unregister_ftrace_function+0x35/0x220
[  300.249625]  ? __sanitizer_cov_trace_switch+0x57/0xa0
[  300.250957]  perf_ftrace_event_register+0x95/0xf0
[  300.251767]  ? perf_tp_event_init+0xa0/0xa0
[  300.252504]  perf_trace_destroy+0x3a/0xa0
[  300.253212]  ? perf_tp_event_init+0xa0/0xa0
[  300.253929]  tp_perf_event_destroy+0x1e/0x30
[  300.255013]  _free_event+0x101/0x7e0
[  300.255864]  put_event+0x3c/0x50
[  300.256570]  perf_event_release_kernel+0x2fd/0x380
[  300.257329]  ? perf_event_release_kernel+0x9/0x380
[  300.258743]  ? perf_event_release_kernel+0x380/0x380
[  300.259649]  perf_release+0x22/0x30
[  300.260357]  __fput+0x11f/0x450
[  300.261316]  ____fput+0x1e/0x30
[  300.261966]  task_work_run+0xb6/0x120
[  300.263174]  do_exit+0x547/0x1360
[  300.263978]  ? write_comp_data+0x2f/0x90
[  300.264952]  do_group_exit+0x5e/0xf0
[  300.265808]  get_signal+0x148f/0x1490
[  300.267456]  arch_do_signal_or_restart+0x3b/0x820
[  300.268698]  ? arch_do_signal_or_restart+0x9/0x820
[  300.269493]  ? lockdep_hardirqs_on+0x8a/0x110
[  300.270798]  exit_to_user_mode_prepare+0x13b/0x210
[  300.271673]  syscall_exit_to_user_mode+0x2d/0x60
[  300.272498]  do_syscall_64+0x4a/0x90
[  300.273196]  entry_SYSCALL_64_after_hwframe+0x63/0xcd
[  300.273984] RIP: 0033:0x7efcd41cb59d
[  300.274924] RSP: 002b:00007ffe4eaefa48 EFLAGS: 00000246 ORIG_RAX: 000000000000012a
[  300.276050] RAX: 0000000000000003 RBX: 0000000000000000 RCX: 00007efcd41cb59d
[  300.277072] RDX: 0000000000000000 RSI: 0000000000000000 RDI: 0000000020000080
[  300.278073] RBP: 00007ffe4eaefa60 R08: 0000000000000000 R09: 00007ffe4eaefa60
[  300.279385] R10: 00000000ffffffff R11: 0000000000000246 R12: 00000000004011c0
[  300.280414] R13: 00007ffe4eaefb80 R14: 0000000000000000 R15: 0000000000000000
[  300.282520]  </TASK>
[  300.282978] 
[  300.282978] Showing all locks held in the system:
[  300.283887] 1 lock held by rcu_tasks_kthre/11:
[  300.284595]  #0: ffffffff83b63c90 (rcu_tasks.tasks_gp_mutex){+.+.}-{3:3}, at: rcu_tasks_one_gp+0x2d/0x3d0
[  300.286588] 1 lock held by rcu_tasks_rude_/12:
[  300.287275]  #0: ffffffff83b63a10 (rcu_tasks_rude.tasks_gp_mutex){+.+.}-{3:3}, at: rcu_tasks_one_gp+0x2d/0x3d0
[  300.289034] 1 lock held by rcu_tasks_trace/13:
[  300.289718]  #0: ffffffff83b63750 (rcu_tasks_trace.tasks_gp_mutex){+.+.}-{3:3}, at: rcu_tasks_one_gp+0x2d/0x3d0
[  300.291798] 1 lock held by khungtaskd/29:
[  300.292461]  #0: ffffffff83b646a0 (rcu_read_lock){....}-{1:2}, at: debug_show_all_locks+0x27/0x18c
[  300.294546] 2 locks held by repro/590:
[  300.295169]  #0: ffffffff83c21e28 (event_mutex){+.+.}-{3:3}, at: perf_trace_destroy+0x21/0xa0
[  300.296752]  #1: ffffffff83c1e308 (ftrace_lock){+.+.}-{3:3}, at: unregister_ftrace_function+0x2b/0x220
[  300.298847] 
[  300.299207] =============================================
[  300.299207] 
[  441.637774] rcu_tasks_wait_gp: rcu_tasks grace period 9 is 100363 jiffies old.
[  447.682876] INFO: task repro:590 blocked for more than 294 seconds.
[  447.683819]       Not tainted 6.1.0-rc3-66f0919c953e+ #1
[  447.684615] "echo 0 > /proc/sys/kernel/hung_task_timeout_secs" disables this message.
[  447.685685] task:repro           state:D stack:0     pid:590   ppid:588    flags:0x00004006
[  447.687613] Call Trace:
[  447.688105]  <TASK>
[  447.688759]  __schedule+0x344/0xad0
[  447.689730]  ? wait_for_completion+0x7b/0x180
[  447.690779]  schedule+0x5b/0xe0
[  447.691436]  schedule_timeout+0x554/0x640
[  447.692530]  ? schedule_timeout+0x9/0x640
[  447.693506]  ? wait_for_completion+0x7b/0x180
[  447.694546]  wait_for_completion+0xa6/0x180
[  447.695618]  __wait_rcu_gp+0x136/0x160
[  447.696398]  ? ftrace_kill+0x40/0x40
[  447.697009]  ? ftrace_kill+0x40/0x40
[  447.697706]  synchronize_rcu_tasks_generic.part.24+0x3b/0x60
[  447.698867]  ? call_rcu_tasks_generic+0x320/0x320
[  447.699653]  ? rcu_tasks_pregp_step+0x20/0x20
[  447.700683]  ? verify_cpu+0xa0/0x100
[  447.701457]  synchronize_rcu_tasks_generic+0x2b/0x70
[  447.702607]  synchronize_rcu_tasks+0x19/0x20
[  447.703344]  ftrace_shutdown+0x1d2/0x410
[  447.704316]  unregister_ftrace_function+0x35/0x220
[  447.705190]  ? __sanitizer_cov_trace_switch+0x57/0xa0
[  447.706197]  perf_ftrace_event_register+0x95/0xf0
[  447.707289]  ? perf_tp_event_init+0xa0/0xa0
[  447.708022]  perf_trace_destroy+0x3a/0xa0
[  447.708741]  ? perf_tp_event_init+0xa0/0xa0
[  447.709460]  tp_perf_event_destroy+0x1e/0x30
[  447.710539]  _free_event+0x101/0x7e0
[  447.711394]  put_event+0x3c/0x50
[  447.712110]  perf_event_release_kernel+0x2fd/0x380
[  447.712879]  ? perf_event_release_kernel+0x9/0x380
[  447.713856]  ? perf_event_release_kernel+0x380/0x380
[  447.715055]  perf_release+0x22/0x30
[  447.715744]  __fput+0x11f/0x450
[  447.716709]  ____fput+0x1e/0x30
[  447.717359]  task_work_run+0xb6/0x120
[  447.718553]  do_exit+0x547/0x1360
[  447.719349]  ? write_comp_data+0x2f/0x90
[  447.720320]  do_group_exit+0x5e/0xf0
[  447.721172]  get_signal+0x148f/0x1490
[  447.722787]  arch_do_signal_or_restart+0x3b/0x820
[  447.724005]  ? arch_do_signal_or_restart+0x9/0x820
[  447.724804]  ? lockdep_hardirqs_on+0x8a/0x110
[  447.725809]  exit_to_user_mode_prepare+0x13b/0x210
[  447.726993]  syscall_exit_to_user_mode+0x2d/0x60
[  447.727809]  do_syscall_64+0x4a/0x90
[  447.728532]  entry_SYSCALL_64_after_hwframe+0x63/0xcd
[  447.729316] RIP: 0033:0x7efcd41cb59d
[  447.729958] RSP: 002b:00007ffe4eaefa48 EFLAGS: 00000246 ORIG_RAX: 000000000000012a
[  447.731507] RAX: 0000000000000003 RBX: 0000000000000000 RCX: 00007efcd41cb59d
[  447.732521] RDX: 0000000000000000 RSI: 0000000000000000 RDI: 0000000020000080
[  447.733510] RBP: 00007ffe4eaefa60 R08: 0000000000000000 R09: 00007ffe4eaefa60
[  447.734799] R10: 00000000ffffffff R11: 0000000000000246 R12: 00000000004011c0
[  447.735795] R13: 00007ffe4eaefb80 R14: 0000000000000000 R15: 0000000000000000
[  447.737598]  </TASK>
[  447.738036] 
[  447.738036] Showing all locks held in the system:
[  447.739218] 1 lock held by rcu_tasks_kthre/11:
[  447.739908]  #0: ffffffff83b63c90 (rcu_tasks.tasks_gp_mutex){+.+.}-{3:3}, at: rcu_tasks_one_gp+0x2d/0x3d0
[  447.741599] 1 lock held by rcu_tasks_rude_/12:
[  447.742591]  #0: ffffffff83b63a10 (rcu_tasks_rude.tasks_gp_mutex){+.+.}-{3:3}, at: rcu_tasks_one_gp+0x2d/0x3d0
[  447.744379] 1 lock held by rcu_tasks_trace/13:
[  447.745068]  #0: ffffffff83b63750 (rcu_tasks_trace.tasks_gp_mutex){+.+.}-{3:3}, at: rcu_tasks_one_gp+0x2d/0x3d0
[  447.747116] 1 lock held by khungtaskd/29:
[  447.747758]  #0: ffffffff83b646a0 (rcu_read_lock){....}-{1:2}, at: debug_show_all_locks+0x27/0x18c
[  447.749440] 2 locks held by repro/590:
[  447.750058]  #0: ffffffff83c21e28 (event_mutex){+.+.}-{3:3}, at: perf_trace_destroy+0x21/0xa0
[  447.751954]  #1: ffffffff83c1e308 (ftrace_lock){+.+.}-{3:3}, at: unregister_ftrace_function+0x2b/0x220
[  447.753655] 
[  447.754003] =============================================
[  447.754003] 
[  595.139090] INFO: task repro:590 blocked for more than 442 seconds.
[  595.140066]       Not tainted 6.1.0-rc3-66f0919c953e+ #1
[  595.140895] "echo 0 > /proc/sys/kernel/hung_task_timeout_secs" disables this message.
[  595.141986] task:repro           state:D stack:0     pid:590   ppid:588    flags:0x00004006
[  595.143743] Call Trace:
[  595.144267]  <TASK>
[  595.144934]  __schedule+0x344/0xad0
[  595.145942]  ? wait_for_completion+0x7b/0x180
[  595.147023]  schedule+0x5b/0xe0
[  595.147684]  schedule_timeout+0x554/0x640
[  595.148790]  ? schedule_timeout+0x9/0x640
[  595.149761]  ? wait_for_completion+0x7b/0x180
[  595.150818]  wait_for_completion+0xa6/0x180
[  595.151889]  __wait_rcu_gp+0x136/0x160
[  595.152671]  ? ftrace_kill+0x40/0x40
[  595.153290]  ? ftrace_kill+0x40/0x40
[  595.153975]  synchronize_rcu_tasks_generic.part.24+0x3b/0x60
[  595.155123]  ? call_rcu_tasks_generic+0x320/0x320
[  595.155916]  ? rcu_tasks_pregp_step+0x20/0x20
[  595.156961]  ? verify_cpu+0xa0/0x100
[  595.157741]  synchronize_rcu_tasks_generic+0x2b/0x70
[  595.158907]  synchronize_rcu_tasks+0x19/0x20
[  595.159646]  ftrace_shutdown+0x1d2/0x410
[  595.160632]  unregister_ftrace_function+0x35/0x220
[  595.161515]  ? __sanitizer_cov_trace_switch+0x57/0xa0
[  595.162828]  perf_ftrace_event_register+0x95/0xf0
[  595.163622]  ? perf_tp_event_init+0xa0/0xa0
[  595.164366]  perf_trace_destroy+0x3a/0xa0
[  595.165069]  ? perf_tp_event_init+0xa0/0xa0
[  595.165799]  tp_perf_event_destroy+0x1e/0x30
[  595.166897]  _free_event+0x101/0x7e0
[  595.167761]  put_event+0x3c/0x50
[  595.168489]  perf_event_release_kernel+0x2fd/0x380
[  595.169245]  ? perf_event_release_kernel+0x9/0x380
[  595.170538]  ? perf_event_release_kernel+0x380/0x380
[  595.171437]  perf_release+0x22/0x30
[  595.172142]  __fput+0x11f/0x450
[  595.173109]  ____fput+0x1e/0x30
[  595.173757]  task_work_run+0xb6/0x120
[  595.174968]  do_exit+0x547/0x1360
[  595.175764]  ? write_comp_data+0x2f/0x90
[  595.176736]  do_group_exit+0x5e/0xf0
[  595.177597]  get_signal+0x148f/0x1490
[  595.179223]  arch_do_signal_or_restart+0x3b/0x820
[  595.180469]  ? arch_do_signal_or_restart+0x9/0x820
[  595.181271]  ? lockdep_hardirqs_on+0x8a/0x110
[  595.182587]  exit_to_user_mode_prepare+0x13b/0x210
[  595.183469]  syscall_exit_to_user_mode+0x2d/0x60
[  595.184303]  do_syscall_64+0x4a/0x90
[  595.185003]  entry_SYSCALL_64_after_hwframe+0x63/0xcd
[  595.185784] RIP: 0033:0x7efcd41cb59d
[  595.186729] RSP: 002b:00007ffe4eaefa48 EFLAGS: 00000246 ORIG_RAX: 000000000000012a
[  595.187863] RAX: 0000000000000003 RBX: 0000000000000000 RCX: 00007efcd41cb59d
[  595.188872] RDX: 0000000000000000 RSI: 0000000000000000 RDI: 0000000020000080
[  595.189869] RBP: 00007ffe4eaefa60 R08: 0000000000000000 R09: 00007ffe4eaefa60
[  595.191177] R10: 00000000ffffffff R11: 0000000000000246 R12: 00000000004011c0
[  595.192202] R13: 00007ffe4eaefb80 R14: 0000000000000000 R15: 0000000000000000
[  595.194017]  </TASK>
[  595.194780] 
[  595.194780] Showing all locks held in the system:
[  595.195677] 1 lock held by rcu_tasks_kthre/11:
[  595.196394]  #0: ffffffff83b63c90 (rcu_tasks.tasks_gp_mutex){+.+.}-{3:3}, at: rcu_tasks_one_gp+0x2d/0x3d0
[  595.198089] 1 lock held by rcu_tasks_rude_/12:
[  595.199191]  #0: ffffffff83b63a10 (rcu_tasks_rude.tasks_gp_mutex){+.+.}-{3:3}, at: rcu_tasks_one_gp+0x2d/0x3d0
[  595.200957] 1 lock held by rcu_tasks_trace/13:
[  595.201648]  #0: ffffffff83b63750 (rcu_tasks_trace.tasks_gp_mutex){+.+.}-{3:3}, at: rcu_tasks_one_gp+0x2d/0x3d0
[  595.203717] 1 lock held by khungtaskd/29:
[  595.204379]  #0: ffffffff83b646a0 (rcu_read_lock){....}-{1:2}, at: debug_show_all_locks+0x27/0x18c
[  595.206043] 2 locks held by repro/590:
[  595.206973]  #0: ffffffff83c21e28 (event_mutex){+.+.}-{3:3}, at: perf_trace_destroy+0x21/0xa0
[  595.208578]  #1: ffffffff83c1e308 (ftrace_lock){+.+.}-{3:3}, at: unregister_ftrace_function+0x2b/0x220
[  595.210727] 1 lock held by repro/595:
[  595.211340] 
[  595.211688] =============================================
[  595.211688] 
[  640.293781] INFO: rcu_tasks detected stalls on tasks:
[  640.294820] 000000000445b47f: .. nvcsw: 1/1 holdout: 1 idle_cpu: -1/0
[  640.295757] task:repro           state:R  running task     stack:0     pid:596   ppid:589    flags:0x00004004
[  640.297276] Call Trace:
[  640.297745]  <TASK>
[  640.298847]  __schedule+0x344/0xad0
[  640.299681]  ? __cond_resched+0x25/0x30
[  640.300548]  preempt_schedule_common+0x11/0x90
[  640.301353]  __cond_resched+0x25/0x30
[  640.302032]  mousedev_write+0xd2/0x3d0
[  640.303293]  vfs_write+0x1b6/0x780
[  640.303946]  ? mousedev_fasync+0x40/0x40
[  640.304881]  ? vfs_write+0x9/0x780
[  640.305528]  ? write_comp_data+0x2f/0x90
[  640.306789]  ksys_write+0x153/0x170
[  640.307722]  __x64_sys_write+0x27/0x30
[  640.308466]  do_syscall_64+0x3b/0x90
[  640.309177]  entry_SYSCALL_64_after_hwframe+0x63/0xcd
[  640.309978] RIP: 0033:0x7efcd41cb59d
[  640.310870] RSP: 002b:00007ffe4eaefa48 EFLAGS: 00000217 ORIG_RAX: 0000000000000001
[  640.312007] RAX: ffffffffffffffda RBX: 0000000000000000 RCX: 00007efcd41cb59d
[  640.313028] RDX: 00000000fffffff3 RSI: 00000000200004c0 RDI: 0000000000000004
[  640.314028] RBP: 00007ffe4eaefa60 R08: 00007ffe4eaefa60 R09: 00007ffe4eaefa60
[  640.315267] R10: 000000000000000f R11: 0000000000000217 R12: 00000000004011c0
[  640.316284] R13: 00007ffe4eaefb80 R14: 0000000000000000 R15: 0000000000000000
[  640.318089]  </TASK>
[  640.399046] 00000000d4de07ac: .. nvcsw: 1/1 holdout: 1 idle_cpu: -1/0
[  640.400010] task:repro           state:R  running task     stack:0     pid:595   ppid:586    flags:0x00004004
[  640.401492] Call Trace:
[  640.401941]  <TASK>
[  640.402879]  __schedule+0x344/0xad0
[  640.403677]  ? __cond_resched+0x25/0x30
[  640.404510]  preempt_schedule_common+0x11/0x90
[  640.405296]  __cond_resched+0x25/0x30
[  640.405945]  mousedev_write+0xd2/0x3d0
[  640.407147]  vfs_write+0x1b6/0x780
[  640.407782]  ? mousedev_fasync+0x40/0x40
[  640.408694]  ? vfs_write+0x9/0x780
[  640.409316]  ? write_comp_data+0x2f/0x90
[  640.410490]  ksys_write+0x153/0x170
[  640.411402]  __x64_sys_write+0x27/0x30
[  640.412128]  do_syscall_64+0x3b/0x90
[  640.412835]  entry_SYSCALL_64_after_hwframe+0x63/0xcd
[  640.413632] RIP: 0033:0x7efcd41cb59d
[  640.414530] RSP: 002b:00007ffe4eaefa48 EFLAGS: 00000217 ORIG_RAX: 0000000000000001
[  640.415660] RAX: ffffffffffffffda RBX: 0000000000000000 RCX: 00007efcd41cb59d
[  640.416668] RDX: 00000000fffffff3 RSI: 00000000200004c0 RDI: 0000000000000004
[  640.417662] RBP: 00007ffe4eaefa60 R08: 00007ffe4eaefa60 R09: 00007ffe4eaefa60
[  640.418906] R10: 000000000000000f R11: 0000000000000217 R12: 00000000004011c0
[  640.419903] R13: 00007ffe4eaefb80 R14: 0000000000000000 R15: 0000000000000000
[  640.421718]  </TASK>
[  640.510661] 00000000ae06443d: .. nvcsw: 1/1 holdout: 1 idle_cpu: -1/1
[  640.511617] task:repro           state:R  running task     stack:0     pid:594   ppid:585    flags:0x00004004
[  640.513116] Call Trace:
[  640.513572]  <TASK>
[  640.514862]  __schedule+0x344/0xad0
[  640.515695]  ? __cond_resched+0x25/0x30
[  640.516578]  preempt_schedule_common+0x11/0x90
[  640.517380]  __cond_resched+0x25/0x30
[  640.518045]  mousedev_write+0xd2/0x3d0
[  640.519391]  vfs_write+0x1b6/0x780
[  640.520045]  ? mousedev_fasync+0x40/0x40
[  640.520985]  ? vfs_write+0x9/0x780
[  640.521627]  ? write_comp_data+0x2f/0x90
[  640.522880]  ksys_write+0x153/0x170
[  640.523798]  __x64_sys_write+0x27/0x30
[  640.524530]  do_syscall_64+0x3b/0x90
[  640.525227]  entry_SYSCALL_64_after_hwframe+0x63/0xcd
[  640.526010] RIP: 0033:0x7efcd41cb59d
[  640.526964] RSP: 002b:00007ffe4eaefa48 EFLAGS: 00000217 ORIG_RAX: 0000000000000001
[  640.528126] RAX: ffffffffffffffda RBX: 0000000000000000 RCX: 00007efcd41cb59d
[  640.529139] RDX: 00000000fffffff3 RSI: 00000000200004c0 RDI: 0000000000000004
[  640.530132] RBP: 00007ffe4eaefa60 R08: 00007ffe4eaefa60 R09: 00007ffe4eaefa60
[  640.531428] R10: 000000000000000f R11: 0000000000000217 R12: 00000000004011c0
[  640.532665] R13: 00007ffe4eaefb80 R14: 0000000000000000 R15: 0000000000000000
[  640.534777]  </TASK>
[  640.638655] 00000000f3af7d98: .. nvcsw: 1/1 holdout: 1 idle_cpu: -1/0
[  640.639607] task:repro           state:R  running task     stack:0     pid:593   ppid:582    flags:0x00004004
[  640.641135] Call Trace:
[  640.641601]  <TASK>
[  640.642672]  __schedule+0x344/0xad0
[  640.643505]  ? __cond_resched+0x25/0x30
[  640.644363]  preempt_schedule_common+0x11/0x90
[  640.645169]  __cond_resched+0x25/0x30
[  640.645848]  mousedev_write+0xd2/0x3d0
[  640.647226]  vfs_write+0x1b6/0x780
[  640.647903]  ? mousedev_fasync+0x40/0x40
[  640.648849]  ? vfs_write+0x9/0x780
[  640.649487]  ? write_comp_data+0x2f/0x90
[  640.650815]  ksys_write+0x153/0x170
[  640.651750]  __x64_sys_write+0x27/0x30
[  640.652487]  do_syscall_64+0x3b/0x90
[  640.653182]  entry_SYSCALL_64_after_hwframe+0x63/0xcd
[  640.653964] RIP: 0033:0x7efcd41cb59d
[  640.654905] RSP: 002b:00007ffe4eaefa48 EFLAGS: 00000217 ORIG_RAX: 0000000000000001
[  640.656039] RAX: ffffffffffffffda RBX: 0000000000000000 RCX: 00007efcd41cb59d
[  640.657041] RDX: 00000000fffffff3 RSI: 00000000200004c0 RDI: 0000000000000004
[  640.658029] RBP: 00007ffe4eaefa60 R08: 00007ffe4eaefa60 R09: 00007ffe4eaefa60
[  640.659336] R10: 000000000000000f R11: 0000000000000217 R12: 00000000004011c0
[  640.660378] R13: 00007ffe4eaefb80 R14: 0000000000000000 R15: 0000000000000000
[  640.662177]  </TASK>
[  640.779092] 0000000009bd00f6: .. nvcsw: 1/1 holdout: 1 idle_cpu: -1/1
[  640.780111] task:repro           state:R  running task     stack:0     pid:592   ppid:587    flags:0x00004004
[  640.781618] Call Trace:
[  640.782083]  <TASK>
[  640.783166]  __schedule+0x344/0xad0
[  640.783997]  ? __cond_resched+0x25/0x30
[  640.784851]  preempt_schedule_common+0x11/0x90
[  640.785654]  __cond_resched+0x25/0x30
[  640.786773]  mousedev_write+0xd2/0x3d0
[  640.787772]  vfs_write+0x1b6/0x780
[  640.788428]  ? mousedev_fasync+0x40/0x40
[  640.789357]  ? vfs_write+0x9/0x780
[  640.789991]  ? write_comp_data+0x2f/0x90
[  640.791189]  ksys_write+0x153/0x170
[  640.792128]  __x64_sys_write+0x27/0x30
[  640.792851]  do_syscall_64+0x3b/0x90
[  640.793549]  entry_SYSCALL_64_after_hwframe+0x63/0xcd
[  640.794592] RIP: 0033:0x7efcd41cb59d
[  640.795248] RSP: 002b:00007ffe4eaefa48 EFLAGS: 00000217 ORIG_RAX: 0000000000000001
[  640.796385] RAX: ffffffffffffffda RBX: 0000000000000000 RCX: 00007efcd41cb59d
[  640.797382] RDX: 00000000fffffff3 RSI: 00000000200004c0 RDI: 0000000000000004
[  640.798624] RBP: 00007ffe4eaefa60 R08: 00007ffe4eaefa60 R09: 00007ffe4eaefa60
[  640.799620] R10: 000000000000000f R11: 0000000000000217 R12: 00000000004011c0
[  640.800623] R13: 00007ffe4eaefb80 R14: 0000000000000000 R15: 0000000000000000
[  640.802672]  </TASK>
[  640.887618] 00000000cc6d9bcf: .. nvcsw: 1/1 holdout: 1 idle_cpu: -1/1
[  640.888633] task:repro           state:R  running task     stack:0     pid:591   ppid:584    flags:0x00004004
[  640.890130] Call Trace:
[  640.891117]  <TASK>
[  640.891782]  __schedule+0x344/0xad0
[  640.892613]  ? __cond_resched+0x25/0x30
[  640.893459]  preempt_schedule_common+0x11/0x90
[  640.894516]  __cond_resched+0x25/0x30
[  640.895200]  mousedev_write+0xd2/0x3d0
[  640.896201]  vfs_write+0x1b6/0x780
[  640.896849]  ? mousedev_fasync+0x40/0x40
[  640.897766]  ? vfs_write+0x9/0x780
[  640.898648]  ? write_comp_data+0x2f/0x90
[  640.899603]  ksys_write+0x153/0x170
[  640.900530]  __x64_sys_write+0x27/0x30
[  640.901253]  do_syscall_64+0x3b/0x90
[  640.901952]  entry_SYSCALL_64_after_hwframe+0x63/0xcd
[  640.903173] RIP: 0033:0x7efcd41cb59d
[  640.903828] RSP: 002b:00007ffe4eaefa48 EFLAGS: 00000217 ORIG_RAX: 0000000000000001
[  640.904970] RAX: ffffffffffffffda RBX: 0000000000000000 RCX: 00007efcd41cb59d
[  640.905966] RDX: 00000000fffffff3 RSI: 00000000200004c0 RDI: 0000000000000004
[  640.907214] RBP: 00007ffe4eaefa60 R08: 00007ffe4eaefa60 R09: 00007ffe4eaefa60
[  640.908238] R10: 000000000000000f R11: 0000000000000217 R12: 00000000004011c0
[  640.909228] R13: 00007ffe4eaefb80 R14: 0000000000000000 R15: 0000000000000000
[  640.911281]  </TASK>
[  641.026614] 000000002ac9635e: .. nvcsw: 1/1 holdout: 1 idle_cpu: -1/1
[  641.027584] task:repro           state:R  running task     stack:0     pid:583   ppid:581    flags:0x00004004
[  641.029092] Call Trace:
[  641.029568]  <TASK>
[  641.030715]  __schedule+0x344/0xad0
[  641.031552]  ? __cond_resched+0x25/0x30
[  641.032409]  preempt_schedule_common+0x11/0x90
[  641.033209]  __cond_resched+0x25/0x30
[  641.033872]  mousedev_write+0xd2/0x3d0
[  641.035256]  vfs_write+0x1b6/0x780
[  641.035908]  ? mousedev_fasync+0x40/0x40
[  641.036840]  ? vfs_write+0x9/0x780
[  641.037476]  ? write_comp_data+0x2f/0x90
[  641.038726]  ksys_write+0x153/0x170
[  641.039658]  __x64_sys_write+0x27/0x30
[  641.040393]  do_syscall_64+0x3b/0x90
[  641.041088]  entry_SYSCALL_64_after_hwframe+0x63/0xcd
[  641.041871] RIP: 0033:0x7efcd41cb59d
[  641.042821] RSP: 002b:00007ffe4eaefa48 EFLAGS: 00000217 ORIG_RAX: 0000000000000001
[  641.043963] RAX: ffffffffffffffda RBX: 0000000000000000 RCX: 00007efcd41cb59d
[  641.044976] RDX: 00000000fffffff3 RSI: 00000000200004c0 RDI: 0000000000000004
[  641.045973] RBP: 00007ffe4eaefa60 R08: 00007ffe4eaefa60 R09: 00007ffe4eaefa60
[  641.047266] R10: 000000000000000f R11: 0000000000000217 R12: 00000000004011c0
[  641.048279] R13: 00007ffe4eaefb80 R14: 0000000000000000 R15: 0000000000000000
[  641.050083]  </TASK>
[  742.594906] INFO: task repro:590 blocked for more than 589 seconds.
[  742.595920]       Not tainted 6.1.0-rc3-66f0919c953e+ #1
[  742.596751] "echo 0 > /proc/sys/kernel/hung_task_timeout_secs" disables this message.
[  742.597839] task:repro           state:D stack:0     pid:590   ppid:588    flags:0x00004006
[  742.599640] Call Trace:
[  742.600140]  <TASK>
[  742.600814]  __schedule+0x344/0xad0
[  742.601805]  ? wait_for_completion+0x7b/0x180
[  742.602893]  schedule+0x5b/0xe0
[  742.603579]  schedule_timeout+0x554/0x640
[  742.604715]  ? schedule_timeout+0x9/0x640
[  742.605718]  ? wait_for_completion+0x7b/0x180
[  742.606799]  wait_for_completion+0xa6/0x180
[  742.607907]  __wait_rcu_gp+0x136/0x160
[  742.608712]  ? ftrace_kill+0x40/0x40
[  742.609343]  ? ftrace_kill+0x40/0x40
[  742.610051]  synchronize_rcu_tasks_generic.part.24+0x3b/0x60
[  742.611365]  ? call_rcu_tasks_generic+0x320/0x320
[  742.612194]  ? rcu_tasks_pregp_step+0x20/0x20
[  742.613245]  ? verify_cpu+0xa0/0x100
[  742.614046]  synchronize_rcu_tasks_generic+0x2b/0x70
[  742.615252]  synchronize_rcu_tasks+0x19/0x20
[  742.616030]  ftrace_shutdown+0x1d2/0x410
[  742.617050]  unregister_ftrace_function+0x35/0x220
[  742.617958]  ? __sanitizer_cov_trace_switch+0x57/0xa0
[  742.619423]  perf_ftrace_event_register+0x95/0xf0
[  742.620265]  ? perf_tp_event_init+0xa0/0xa0
[  742.621009]  perf_trace_destroy+0x3a/0xa0
[  742.621724]  ? perf_tp_event_init+0xa0/0xa0
[  742.622772]  tp_perf_event_destroy+0x1e/0x30
[  742.623572]  _free_event+0x101/0x7e0
[  742.624465]  put_event+0x3c/0x50
[  742.625189]  perf_event_release_kernel+0x2fd/0x380
[  742.625972]  ? perf_event_release_kernel+0x9/0x380
[  742.627302]  ? perf_event_release_kernel+0x380/0x380
[  742.628260]  perf_release+0x22/0x30
[  742.628974]  __fput+0x11f/0x450
[  742.629957]  ____fput+0x1e/0x30
[  742.630949]  task_work_run+0xb6/0x120
[  742.631880]  do_exit+0x547/0x1360
[  742.632706]  ? write_comp_data+0x2f/0x90
[  742.633694]  do_group_exit+0x5e/0xf0
[  742.634885]  get_signal+0x148f/0x1490
[  742.636269]  arch_do_signal_or_restart+0x3b/0x820
[  742.637525]  ? arch_do_signal_or_restart+0x9/0x820
[  742.638661]  ? lockdep_hardirqs_on+0x8a/0x110
[  742.639710]  exit_to_user_mode_prepare+0x13b/0x210
[  742.640639]  syscall_exit_to_user_mode+0x2d/0x60
[  742.641487]  do_syscall_64+0x4a/0x90
[  742.642204]  entry_SYSCALL_64_after_hwframe+0x63/0xcd
[  742.643332] RIP: 0033:0x7efcd41cb59d
[  742.643989] RSP: 002b:00007ffe4eaefa48 EFLAGS: 00000246 ORIG_RAX: 000000000000012a
[  742.645157] RAX: 0000000000000003 RBX: 0000000000000000 RCX: 00007efcd41cb59d
[  742.646170] RDX: 0000000000000000 RSI: 0000000000000000 RDI: 0000000020000080
[  742.647506] RBP: 00007ffe4eaefa60 R08: 0000000000000000 R09: 00007ffe4eaefa60
[  742.648555] R10: 00000000ffffffff R11: 0000000000000246 R12: 00000000004011c0
[  742.649582] R13: 00007ffe4eaefb80 R14: 0000000000000000 R15: 0000000000000000
[  742.651757]  </TASK>
[  742.652257] 
[  742.652257] Showing all locks held in the system:
[  742.653165] 1 lock held by rcu_tasks_kthre/11:
[  742.653870]  #0: ffffffff83b63c90 (rcu_tasks.tasks_gp_mutex){+.+.}-{3:3}, at: rcu_tasks_one_gp+0x2d/0x3d0
[  742.655945] 1 lock held by rcu_tasks_rude_/12:
[  742.656670]  #0: ffffffff83b63a10 (rcu_tasks_rude.tasks_gp_mutex){+.+.}-{3:3}, at: rcu_tasks_one_gp+0x2d/0x3d0
[  742.658775] 1 lock held by rcu_tasks_trace/13:
[  742.659497]  #0: ffffffff83b63750 (rcu_tasks_trace.tasks_gp_mutex){+.+.}-{3:3}, at: rcu_tasks_one_gp+0x2d/0x3d0
[  742.661318] 1 lock held by khungtaskd/29:
[  742.661977]  #0: ffffffff83b646a0 (rcu_read_lock){....}-{1:2}, at: debug_show_all_locks+0x27/0x18c
[  742.664015] 2 locks held by repro/590:
[  742.664654]  #0: ffffffff83c21e28 (event_mutex){+.+.}-{3:3}, at: perf_trace_destroy+0x21/0xa0
[  742.666594]  #1: ffffffff83c1e308 (ftrace_lock){+.+.}-{3:3}, at: unregister_ftrace_function+0x2b/0x220
[  742.668343] 
[  742.668709] =============================================
[  742.668709] 
[  890.050890] INFO: task repro:590 blocked for more than 737 seconds.
[  890.051856]       Not tainted 6.1.0-rc3-66f0919c953e+ #1
[  890.052657] "echo 0 > /proc/sys/kernel/hung_task_timeout_secs" disables this message.
[  890.053728] task:repro           state:D stack:0     pid:590   ppid:588    flags:0x00004006
[  890.055420] Call Trace:
[  890.055888]  <TASK>
[  890.056556]  __schedule+0x344/0xad0
[  890.057530]  ? wait_for_completion+0x7b/0x180
[  890.058575]  schedule+0x5b/0xe0
[  890.059230]  schedule_timeout+0x554/0x640
[  890.060323]  ? schedule_timeout+0x9/0x640
[  890.061292]  ? wait_for_completion+0x7b/0x180
[  890.062033]  wait_for_completion+0xa6/0x180
[  890.063402]  __wait_rcu_gp+0x136/0x160
[  890.064178]  ? ftrace_kill+0x40/0x40
[  890.064796]  ? ftrace_kill+0x40/0x40
[  890.065479]  synchronize_rcu_tasks_generic.part.24+0x3b/0x60
[  890.066913]  ? call_rcu_tasks_generic+0x320/0x320
[  890.067708]  ? rcu_tasks_pregp_step+0x20/0x20
[  890.068739]  ? verify_cpu+0xa0/0x100
[  890.069502]  synchronize_rcu_tasks_generic+0x2b/0x70
[  890.070673]  synchronize_rcu_tasks+0x19/0x20
[  890.071425]  ftrace_shutdown+0x1d2/0x410
[  890.072407]  unregister_ftrace_function+0x35/0x220
[  890.073285]  ? __sanitizer_cov_trace_switch+0x57/0xa0
[  890.074601]  perf_ftrace_event_register+0x95/0xf0
[  890.075400]  ? perf_tp_event_init+0xa0/0xa0
[  890.076132]  perf_trace_destroy+0x3a/0xa0
[  890.076843]  ? perf_tp_event_init+0xa0/0xa0
[  890.077561]  tp_perf_event_destroy+0x1e/0x30
[  890.078651]  _free_event+0x101/0x7e0
[  890.079502]  put_event+0x3c/0x50
[  890.080212]  perf_event_release_kernel+0x2fd/0x380
[  890.080974]  ? perf_event_release_kernel+0x9/0x380
[  890.081959]  ? perf_event_release_kernel+0x380/0x380
[  890.083256]  perf_release+0x22/0x30
[  890.083952]  __fput+0x11f/0x450
[  890.084919]  ____fput+0x1e/0x30
[  890.085585]  task_work_run+0xb6/0x120
[  890.086827]  do_exit+0x547/0x1360
[  890.087629]  ? write_comp_data+0x2f/0x90
[  890.088594]  do_group_exit+0x5e/0xf0
[  890.089450]  get_signal+0x148f/0x1490
[  890.091077]  arch_do_signal_or_restart+0x3b/0x820
[  890.092312]  ? arch_do_signal_or_restart+0x9/0x820
[  890.093109]  ? lockdep_hardirqs_on+0x8a/0x110
[  890.094122]  exit_to_user_mode_prepare+0x13b/0x210
[  890.095416]  syscall_exit_to_user_mode+0x2d/0x60
[  890.096249]  do_syscall_64+0x4a/0x90
[  890.096943]  entry_SYSCALL_64_after_hwframe+0x63/0xcd
[  890.097729] RIP: 0033:0x7efcd41cb59d
[  890.098674] RSP: 002b:00007ffe4eaefa48 EFLAGS: 00000246 ORIG_RAX: 000000000000012a
[  890.099796] RAX: 0000000000000003 RBX: 0000000000000000 RCX: 00007efcd41cb59d
[  890.100807] RDX: 0000000000000000 RSI: 0000000000000000 RDI: 0000000020000080
[  890.101795] RBP: 00007ffe4eaefa60 R08: 0000000000000000 R09: 00007ffe4eaefa60
[  890.103085] R10: 00000000ffffffff R11: 0000000000000246 R12: 00000000004011c0
[  890.104106] R13: 00007ffe4eaefb80 R14: 0000000000000000 R15: 0000000000000000
[  890.105916]  </TASK>
[  890.106675] 
[  890.106675] Showing all locks held in the system:
[  890.107569] 1 lock held by rcu_tasks_kthre/11:
[  890.108271]  #0: ffffffff83b63c90 (rcu_tasks.tasks_gp_mutex){+.+.}-{3:3}, at: rcu_tasks_one_gp+0x2d/0x3d0
[  890.109953] 1 lock held by rcu_tasks_rude_/12:
[  890.110943]  #0: ffffffff83b63a10 (rcu_tasks_rude.tasks_gp_mutex){+.+.}-{3:3}, at: rcu_tasks_one_gp+0x2d/0x3d0
[  890.112705] 1 lock held by rcu_tasks_trace/13:
[  890.113388]  #0: ffffffff83b63750 (rcu_tasks_trace.tasks_gp_mutex){+.+.}-{3:3}, at: rcu_tasks_one_gp+0x2d/0x3d0
[  890.115427] 1 lock held by khungtaskd/29:
[  890.116080]  #0: ffffffff83b646a0 (rcu_read_lock){....}-{1:2}, at: debug_show_all_locks+0x27/0x18c
[  890.117738] 2 locks held by repro/590:
[  890.118652]  #0: ffffffff83c21e28 (event_mutex){+.+.}-{3:3}, at: perf_trace_destroy+0x21/0xa0
[  890.120242]  #1: ffffffff83c1e308 (ftrace_lock){+.+.}-{3:3}, at: unregister_ftrace_function+0x2b/0x220
[  890.121925] 
[  890.122577] =============================================
[  890.122577] 
[ 1037.506892] INFO: task repro:590 blocked for more than 884 seconds.
[ 1037.507853]       Not tainted 6.1.0-rc3-66f0919c953e+ #1
[ 1037.508648] "echo 0 > /proc/sys/kernel/hung_task_timeout_secs" disables this message.
[ 1037.509704] task:repro           state:D stack:0     pid:590   ppid:588    flags:0x00004006
[ 1037.511423] Call Trace:
[ 1037.511897]  <TASK>
[ 1037.512567]  __schedule+0x344/0xad0
[ 1037.513548]  ? wait_for_completion+0x7b/0x180
[ 1037.514717]  schedule+0x5b/0xe0
[ 1037.515384]  schedule_timeout+0x554/0x640
[ 1037.516486]  ? schedule_timeout+0x9/0x640
[ 1037.517457]  ? wait_for_completion+0x7b/0x180
[ 1037.518195]  wait_for_completion+0xa6/0x180
[ 1037.519651]  __wait_rcu_gp+0x136/0x160
[ 1037.520434]  ? ftrace_kill+0x40/0x40
[ 1037.521041]  ? ftrace_kill+0x40/0x40
[ 1037.521727]  synchronize_rcu_tasks_generic.part.24+0x3b/0x60
[ 1037.522889]  ? call_rcu_tasks_generic+0x320/0x320
[ 1037.523680]  ? rcu_tasks_pregp_step+0x20/0x20
[ 1037.524711]  ? verify_cpu+0xa0/0x100
[ 1037.525485]  synchronize_rcu_tasks_generic+0x2b/0x70
[ 1037.526646]  synchronize_rcu_tasks+0x19/0x20
[ 1037.527389]  ftrace_shutdown+0x1d2/0x410
[ 1037.528377]  unregister_ftrace_function+0x35/0x220
[ 1037.529281]  ? __sanitizer_cov_trace_switch+0x57/0xa0
[ 1037.530600]  perf_ftrace_event_register+0x95/0xf0
[ 1037.531406]  ? perf_tp_event_init+0xa0/0xa0
[ 1037.532144]  perf_trace_destroy+0x3a/0xa0
[ 1037.532844]  ? perf_tp_event_init+0xa0/0xa0
[ 1037.533559]  tp_perf_event_destroy+0x1e/0x30
[ 1037.534643]  _free_event+0x101/0x7e0
[ 1037.535495]  put_event+0x3c/0x50
[ 1037.536203]  perf_event_release_kernel+0x2fd/0x380
[ 1037.536957]  ? perf_event_release_kernel+0x9/0x380
[ 1037.537932]  ? perf_event_release_kernel+0x380/0x380
[ 1037.539133]  perf_release+0x22/0x30
[ 1037.539830]  __fput+0x11f/0x450
[ 1037.540820]  ____fput+0x1e/0x30
[ 1037.541484]  task_work_run+0xb6/0x120
[ 1037.542683]  do_exit+0x547/0x1360
[ 1037.543479]  ? write_comp_data+0x2f/0x90
[ 1037.544440]  do_group_exit+0x5e/0xf0
[ 1037.545293]  get_signal+0x148f/0x1490
[ 1037.546906]  arch_do_signal_or_restart+0x3b/0x820
[ 1037.548141]  ? arch_do_signal_or_restart+0x9/0x820
[ 1037.548945]  ? lockdep_hardirqs_on+0x8a/0x110
[ 1037.549957]  exit_to_user_mode_prepare+0x13b/0x210
[ 1037.551136]  syscall_exit_to_user_mode+0x2d/0x60
[ 1037.551955]  do_syscall_64+0x4a/0x90
[ 1037.552663]  entry_SYSCALL_64_after_hwframe+0x63/0xcd
[ 1037.553451] RIP: 0033:0x7efcd41cb59d
[ 1037.554105] RSP: 002b:00007ffe4eaefa48 EFLAGS: 00000246 ORIG_RAX: 000000000000012a
[ 1037.555658] RAX: 0000000000000003 RBX: 0000000000000000 RCX: 00007efcd41cb59d
[ 1037.556682] RDX: 0000000000000000 RSI: 0000000000000000 RDI: 0000000020000080
[ 1037.557680] RBP: 00007ffe4eaefa60 R08: 0000000000000000 R09: 00007ffe4eaefa60
[ 1037.558985] R10: 00000000ffffffff R11: 0000000000000246 R12: 00000000004011c0
[ 1037.559986] R13: 00007ffe4eaefb80 R14: 0000000000000000 R15: 0000000000000000
[ 1037.561798]  </TASK>
[ 1037.562550] 
[ 1037.562550] Showing all locks held in the system:
[ 1037.563445] 1 lock held by rcu_tasks_kthre/11:
[ 1037.564156]  #0: ffffffff83b63c90 (rcu_tasks.tasks_gp_mutex){+.+.}-{3:3}, at: rcu_tasks_one_gp+0x2d/0x3d0
[ 1037.565859] 1 lock held by rcu_tasks_rude_/12:
[ 1037.566858]  #0: ffffffff83b63a10 (rcu_tasks_rude.tasks_gp_mutex){+.+.}-{3:3}, at: rcu_tasks_one_gp+0x2d/0x3d0
[ 1037.568639] 1 lock held by rcu_tasks_trace/13:
[ 1037.569326]  #0: ffffffff83b63750 (rcu_tasks_trace.tasks_gp_mutex){+.+.}-{3:3}, at: rcu_tasks_one_gp+0x2d/0x3d0
[ 1037.571394] 1 lock held by khungtaskd/29:
[ 1037.572032]  #0: ffffffff83b646a0 (rcu_read_lock){....}-{1:2}, at: debug_show_all_locks+0x27/0x18c
[ 1037.573690] 2 locks held by repro/590:
[ 1037.574753]  #0: ffffffff83c21e28 (event_mutex){+.+.}-{3:3}, at: perf_trace_destroy+0x21/0xa0
[ 1037.576355]  #1: ffffffff83c1e308 (ftrace_lock){+.+.}-{3:3}, at: unregister_ftrace_function+0x2b/0x220
[ 1037.578035] 1 lock held by repro/596:
[ 1037.578951] 
[ 1037.579307] =============================================
[ 1037.579307] 
[ 1184.962882] INFO: task repro:590 blocked for more than 1032 seconds.
[ 1184.963841]       Not tainted 6.1.0-rc3-66f0919c953e+ #1
[ 1184.964631] "echo 0 > /proc/sys/kernel/hung_task_timeout_secs" disables this message.
[ 1184.965690] task:repro           state:D stack:0     pid:590   ppid:588    flags:0x00004006
[ 1184.967421] Call Trace:
[ 1184.967895]  <TASK>
[ 1184.968564]  __schedule+0x344/0xad0
[ 1184.969528]  ? wait_for_completion+0x7b/0x180
[ 1184.970575]  schedule+0x5b/0xe0
[ 1184.971226]  schedule_timeout+0x554/0x640
[ 1184.972316]  ? schedule_timeout+0x9/0x640
[ 1184.973279]  ? wait_for_completion+0x7b/0x180
[ 1184.974037]  wait_for_completion+0xa6/0x180
[ 1184.975409]  __wait_rcu_gp+0x136/0x160
[ 1184.976182]  ? ftrace_kill+0x40/0x40
[ 1184.976792]  ? ftrace_kill+0x40/0x40
[ 1184.977480]  synchronize_rcu_tasks_generic.part.24+0x3b/0x60
[ 1184.978636]  ? call_rcu_tasks_generic+0x320/0x320
[ 1184.979423]  ? rcu_tasks_pregp_step+0x20/0x20
[ 1184.980471]  ? verify_cpu+0xa0/0x100
[ 1184.981245]  synchronize_rcu_tasks_generic+0x2b/0x70
[ 1184.982094]  synchronize_rcu_tasks+0x19/0x20
[ 1184.983138]  ftrace_shutdown+0x1d2/0x410
[ 1184.984123]  unregister_ftrace_function+0x35/0x220
[ 1184.984995]  ? __sanitizer_cov_trace_switch+0x57/0xa0
[ 1184.985999]  perf_ftrace_event_register+0x95/0xf0
[ 1184.987207]  ? perf_tp_event_init+0xa0/0xa0
[ 1184.987937]  perf_trace_destroy+0x3a/0xa0
[ 1184.988646]  ? perf_tp_event_init+0xa0/0xa0
[ 1184.989366]  tp_perf_event_destroy+0x1e/0x30
[ 1184.990145]  _free_event+0x101/0x7e0
[ 1184.991316]  put_event+0x3c/0x50
[ 1184.992015]  perf_event_release_kernel+0x2fd/0x380
[ 1184.992788]  ? perf_event_release_kernel+0x9/0x380
[ 1184.993770]  ? perf_event_release_kernel+0x380/0x380
[ 1184.994964]  perf_release+0x22/0x30
[ 1184.995658]  __fput+0x11f/0x450
[ 1184.996627]  ____fput+0x1e/0x30
[ 1184.997275]  task_work_run+0xb6/0x120
[ 1184.998170]  do_exit+0x547/0x1360
[ 1184.999275]  ? write_comp_data+0x2f/0x90
[ 1185.000249]  do_group_exit+0x5e/0xf0
[ 1185.001113]  get_signal+0x148f/0x1490
[ 1185.002735]  arch_do_signal_or_restart+0x3b/0x820
[ 1185.003965]  ? arch_do_signal_or_restart+0x9/0x820
[ 1185.004772]  ? lockdep_hardirqs_on+0x8a/0x110
[ 1185.005780]  exit_to_user_mode_prepare+0x13b/0x210
[ 1185.006961]  syscall_exit_to_user_mode+0x2d/0x60
[ 1185.007773]  do_syscall_64+0x4a/0x90
[ 1185.008471]  entry_SYSCALL_64_after_hwframe+0x63/0xcd
[ 1185.009251] RIP: 0033:0x7efcd41cb59d
[ 1185.009883] RSP: 002b:00007ffe4eaefa48 EFLAGS: 00000246 ORIG_RAX: 000000000000012a
[ 1185.011297] RAX: 0000000000000003 RBX: 0000000000000000 RCX: 00007efcd41cb59d
[ 1185.012300] RDX: 0000000000000000 RSI: 0000000000000000 RDI: 0000000020000080
[ 1185.013280] RBP: 00007ffe4eaefa60 R08: 0000000000000000 R09: 00007ffe4eaefa60
[ 1185.014583] R10: 00000000ffffffff R11: 0000000000000246 R12: 00000000004011c0
[ 1185.015586] R13: 00007ffe4eaefb80 R14: 0000000000000000 R15: 0000000000000000
[ 1185.017387]  </TASK>
[ 1185.017838] 
[ 1185.017838] Showing all locks held in the system:
[ 1185.019025] 1 lock held by rcu_tasks_kthre/11:
[ 1185.019715]  #0: ffffffff83b63c90 (rcu_tasks.tasks_gp_mutex){+.+.}-{3:3}, at: rcu_tasks_one_gp+0x2d/0x3d0
[ 1185.021421] 1 lock held by rcu_tasks_rude_/12:
[ 1185.022103]  #0: ffffffff83b63a10 (rcu_tasks_rude.tasks_gp_mutex){+.+.}-{3:3}, at: rcu_tasks_one_gp+0x2d/0x3d0
[ 1185.024145] 1 lock held by rcu_tasks_trace/13:
[ 1185.024827]  #0: ffffffff83b63750 (rcu_tasks_trace.tasks_gp_mutex){+.+.}-{3:3}, at: rcu_tasks_one_gp+0x2d/0x3d0
[ 1185.026981] 1 lock held by khungtaskd/29:
[ 1185.027618]  #0: ffffffff83b646a0 (rcu_read_lock){....}-{1:2}, at: debug_show_all_locks+0x27/0x18c
[ 1185.029281] 2 locks held by repro/590:
[ 1185.029878]  #0: ffffffff83c21e28 (event_mutex){+.+.}-{3:3}, at: perf_trace_destroy+0x21/0xa0
[ 1185.031719]  #1: ffffffff83c1e308 (ftrace_lock){+.+.}-{3:3}, at: unregister_ftrace_function+0x2b/0x220
[ 1185.033351] 
[ 1185.033685] =============================================
[ 1185.033685] 
[ 1241.187525] INFO: rcu_tasks detected stalls on tasks:
[ 1241.188327] 000000000445b47f: .. nvcsw: 1/1 holdout: 1 idle_cpu: -1/1
[ 1241.189215] task:repro           state:R  running task     stack:0     pid:596   ppid:589    flags:0x00004004
[ 1241.191129] Call Trace:
[ 1241.191596]  <TASK>
[ 1241.192246]  __schedule+0x344/0xad0
[ 1241.193063]  ? __cond_resched+0x25/0x30
[ 1241.193894]  preempt_schedule_common+0x11/0x90
[ 1241.194938]  __cond_resched+0x25/0x30
[ 1241.195606]  mousedev_write+0xd2/0x3d0
[ 1241.196589]  vfs_write+0x1b6/0x780
[ 1241.197214]  ? mousedev_fasync+0x40/0x40
[ 1241.198115]  ? vfs_write+0x9/0x780
[ 1241.199138]  ? write_comp_data+0x2f/0x90
[ 1241.200103]  ksys_write+0x153/0x170
[ 1241.201007]  __x64_sys_write+0x27/0x30
[ 1241.201708]  do_syscall_64+0x3b/0x90
[ 1241.202645]  entry_SYSCALL_64_after_hwframe+0x63/0xcd
[ 1241.203412] RIP: 0033:0x7efcd41cb59d
[ 1241.204025] RSP: 002b:00007ffe4eaefa48 EFLAGS: 00000217 ORIG_RAX: 0000000000000001
[ 1241.205111] RAX: ffffffffffffffda RBX: 0000000000000000 RCX: 00007efcd41cb59d
[ 1241.206076] RDX: 00000000fffffff3 RSI: 00000000200004c0 RDI: 0000000000000004
[ 1241.207285] RBP: 00007ffe4eaefa60 R08: 00007ffe4eaefa60 R09: 00007ffe4eaefa60
[ 1241.208267] R10: 000000000000000f R11: 0000000000000217 R12: 00000000004011c0
[ 1241.209229] R13: 00007ffe4eaefb80 R14: 0000000000000000 R15: 0000000000000000
[ 1241.211263]  </TASK>
[ 1241.299265] 00000000d4de07ac: .. nvcsw: 1/1 holdout: 1 idle_cpu: -1/1
[ 1241.300232] task:repro           state:R  running task     stack:0     pid:595   ppid:586    flags:0x00004004
[ 1241.301680] Call Trace:
[ 1241.302130]  <TASK>
[ 1241.303116]  __schedule+0x344/0xad0
[ 1241.303927]  ? __cond_resched+0x25/0x30
[ 1241.304778]  preempt_schedule_common+0x11/0x90
[ 1241.305560]  __cond_resched+0x25/0x30
[ 1241.306731]  mousedev_write+0xd2/0x3d0
[ 1241.307712]  vfs_write+0x1b6/0x780
[ 1241.308347]  ? mousedev_fasync+0x40/0x40
[ 1241.309245]  ? vfs_write+0x9/0x780
[ 1241.309864]  ? write_comp_data+0x2f/0x90
[ 1241.311057]  ksys_write+0x153/0x170
[ 1241.311977]  __x64_sys_write+0x27/0x30
[ 1241.312688]  do_syscall_64+0x3b/0x90
[ 1241.313360]  entry_SYSCALL_64_after_hwframe+0x63/0xcd
[ 1241.314115] RIP: 0033:0x7efcd41cb59d
[ 1241.314979] RSP: 002b:00007ffe4eaefa48 EFLAGS: 00000217 ORIG_RAX: 0000000000000001
[ 1241.316078] RAX: ffffffffffffffda RBX: 0000000000000000 RCX: 00007efcd41cb59d
[ 1241.317039] RDX: 00000000fffffff3 RSI: 00000000200004c0 RDI: 0000000000000004
[ 1241.318002] RBP: 00007ffe4eaefa60 R08: 00007ffe4eaefa60 R09: 00007ffe4eaefa60
[ 1241.319218] R10: 000000000000000f R11: 0000000000000217 R12: 00000000004011c0
[ 1241.320201] R13: 00007ffe4eaefb80 R14: 0000000000000000 R15: 0000000000000000
[ 1241.321971]  </TASK>
[ 1241.414965] 00000000ae06443d: .. nvcsw: 1/1 holdout: 1 idle_cpu: -1/1
[ 1241.415913] task:repro           state:R  running task     stack:0     pid:594   ppid:585    flags:0x00004004
[ 1241.417418] Call Trace:
[ 1241.417869]  <TASK>
[ 1241.418800]  __schedule+0x344/0xad0
[ 1241.419599]  ? __cond_resched+0x25/0x30
[ 1241.420437]  preempt_schedule_common+0x11/0x90
[ 1241.421213]  __cond_resched+0x25/0x30
[ 1241.421858]  mousedev_write+0xd2/0x3d0
[ 1241.423188]  vfs_write+0x1b6/0x780
[ 1241.423820]  ? mousedev_fasync+0x40/0x40
[ 1241.424727]  ? vfs_write+0x9/0x780
[ 1241.425340]  ? write_comp_data+0x2f/0x90
[ 1241.426654]  ksys_write+0x153/0x170
[ 1241.427565]  __x64_sys_write+0x27/0x30
[ 1241.428282]  do_syscall_64+0x3b/0x90
[ 1241.428962]  entry_SYSCALL_64_after_hwframe+0x63/0xcd
[ 1241.429732] RIP: 0033:0x7efcd41cb59d
[ 1241.430643] RSP: 002b:00007ffe4eaefa48 EFLAGS: 00000217 ORIG_RAX: 0000000000000001
[ 1241.431751] RAX: ffffffffffffffda RBX: 0000000000000000 RCX: 00007efcd41cb59d
[ 1241.432737] RDX: 00000000fffffff3 RSI: 00000000200004c0 RDI: 0000000000000004
[ 1241.433703] RBP: 00007ffe4eaefa60 R08: 00007ffe4eaefa60 R09: 00007ffe4eaefa60
[ 1241.434963] R10: 000000000000000f R11: 0000000000000217 R12: 00000000004011c0
[ 1241.435923] R13: 00007ffe4eaefb80 R14: 0000000000000000 R15: 0000000000000000
[ 1241.437685]  </TASK>
[ 1241.506625] 00000000f3af7d98: .. nvcsw: 1/1 holdout: 1 idle_cpu: -1/0
[ 1241.507594] task:repro           state:R  running task     stack:0     pid:593   ppid:582    flags:0x00004004
[ 1241.509104] Call Trace:
[ 1241.509567]  <TASK>
[ 1241.510909]  ? _raw_spin_unlock_irq+0x31/0x60
[ 1241.511792]  ? __cond_resched+0x25/0x30
[ 1241.512492]  ? mousedev_write+0xd2/0x3d0
[ 1241.513490]  ? vfs_write+0x1b6/0x780
[ 1241.514152]  ? mousedev_fasync+0x40/0x40
[ 1241.515544]  ? vfs_write+0x9/0x780
[ 1241.516194]  ? write_comp_data+0x2f/0x90
[ 1241.517145]  ? ksys_write+0x153/0x170
[ 1241.518079]  ? __x64_sys_write+0x27/0x30
[ 1241.519114]  ? do_syscall_64+0x3b/0x90
[ 1241.519833]  ? entry_SYSCALL_64_after_hwframe+0x63/0xcd
[ 1241.521465]  </TASK>
[ 1241.566689] 0000000009bd00f6: .. nvcsw: 1/1 holdout: 1 idle_cpu: -1/0
[ 1241.567639] task:repro           state:R  running task     stack:0     pid:592   ppid:587    flags:0x00004004
[ 1241.569130] Call Trace:
[ 1241.569592]  <TASK>
[ 1241.570008]  ? rcu_read_lock_sched_held+0x29/0x80
[ 1241.571443]  __schedule+0x588/0xad0
[ 1241.572286]  ? __cond_resched+0x25/0x30
[ 1241.573129]  preempt_schedule_common+0x11/0x90
[ 1241.573949]  __cond_resched+0x25/0x30
[ 1241.574926]  mousedev_write+0xd2/0x3d0
[ 1241.575936]  vfs_write+0x1b6/0x780
[ 1241.576611]  ? mousedev_fasync+0x40/0x40
[ 1241.577538]  ? vfs_write+0x9/0x780
[ 1241.578175]  ? write_comp_data+0x2f/0x90
[ 1241.579666]  ksys_write+0x153/0x170
[ 1241.580600]  __x64_sys_write+0x27/0x30
[ 1241.581320]  do_syscall_64+0x3b/0x90
[ 1241.582022]  entry_SYSCALL_64_after_hwframe+0x63/0xcd
[ 1241.583109] RIP: 0033:0x7efcd41cb59d
[ 1241.583746] RSP: 002b:00007ffe4eaefa48 EFLAGS: 00000217 ORIG_RAX: 0000000000000001
[ 1241.584868] RAX: ffffffffffffffda RBX: 0000000000000000 RCX: 00007efcd41cb59d
[ 1241.585860] RDX: 00000000fffffff3 RSI: 00000000200004c0 RDI: 0000000000000004
[ 1241.587145] RBP: 00007ffe4eaefa60 R08: 00007ffe4eaefa60 R09: 00007ffe4eaefa60
[ 1241.588169] R10: 000000000000000f R11: 0000000000000217 R12: 00000000004011c0
[ 1241.589170] R13: 00007ffe4eaefb80 R14: 0000000000000000 R15: 0000000000000000
[ 1241.591294]  </TASK>
[ 1241.688462] 00000000cc6d9bcf: .. nvcsw: 1/1 holdout: 1 idle_cpu: -1/1
[ 1241.689423] task:repro           state:R  running task     stack:0     pid:591   ppid:584    flags:0x00004004
[ 1241.691319] Call Trace:
[ 1241.691785]  <TASK>
[ 1241.692331]  ? rcu_read_lock_held_common+0x33/0x50
[ 1241.693178]  ? lock_release+0x202/0x2c0
[ 1241.693842]  ? preempt_count_add+0x9/0xc0
[ 1241.695030]  ? _raw_spin_unlock_irq+0x9/0x60
[ 1241.695833]  ? __sanitizer_cov_trace_switch+0x57/0xa0
[ 1241.696834]  ? mousedev_write+0xba/0x3d0
[ 1241.697821]  ? vfs_write+0x1b6/0x780
[ 1241.698711]  ? mousedev_fasync+0x40/0x40
[ 1241.699618]  ? vfs_write+0x9/0x780
[ 1241.700251]  ? write_comp_data+0x2f/0x90
[ 1241.701184]  ? ksys_write+0x153/0x170
[ 1241.702107]  ? __x64_sys_write+0x27/0x30
[ 1241.703073]  ? do_syscall_64+0x3b/0x90
[ 1241.703775]  ? entry_SYSCALL_64_after_hwframe+0x63/0xcd
[ 1241.705377]  </TASK>
[ 1241.782658] 000000002ac9635e: .. nvcsw: 1/1 holdout: 1 idle_cpu: -1/0
[ 1241.783632] task:repro           state:R  running task     stack:0     pid:583   ppid:581    flags:0x00004004
[ 1241.785133] Call Trace:
[ 1241.785597]  <TASK>
[ 1241.786556]  __schedule+0x344/0xad0
[ 1241.787226]  ? write_comp_data+0x2f/0x90
[ 1241.787864]  ? preempt_count_add+0x9/0xc0
[ 1241.788876]  ? preempt_count_sub+0x9/0xb0
[ 1241.789544]  ? mousedev_write+0x12d/0x3d0
[ 1241.790591]  ? mousedev_write+0xfc/0x3d0
[ 1241.791600]  ? vfs_write+0x1b6/0x780
[ 1241.792278]  ? mousedev_fasync+0x40/0x40
[ 1241.793197]  ? vfs_write+0x9/0x780
[ 1241.793836]  ? write_comp_data+0x2f/0x90
[ 1241.795097]  ? ksys_write+0x153/0x170
[ 1241.796079]  ? __x64_sys_write+0x27/0x30
[ 1241.796818]  ? do_syscall_64+0x3b/0x90
[ 1241.797528]  ? entry_SYSCALL_64_after_hwframe+0x63/0xcd
[ 1241.799500]  </TASK>
[ 1332.418988] INFO: task repro:590 blocked for more than 1179 seconds.
[ 1332.420021]       Not tainted 6.1.0-rc3-66f0919c953e+ #1
[ 1332.420877] "echo 0 > /proc/sys/kernel/hung_task_timeout_secs" disables this message.
[ 1332.422015] task:repro           state:D stack:0     pid:590   ppid:588    flags:0x00004006
[ 1332.423828] Call Trace:
[ 1332.424360]  <TASK>
[ 1332.425053]  __schedule+0x344/0xad0
[ 1332.426067]  ? wait_for_completion+0x7b/0x180
[ 1332.427185]  schedule+0x5b/0xe0
[ 1332.427885]  schedule_timeout+0x554/0x640
[ 1332.429041]  ? schedule_timeout+0x9/0x640
[ 1332.430066]  ? wait_for_completion+0x7b/0x180
[ 1332.431167]  wait_for_completion+0xa6/0x180
[ 1332.432304]  __wait_rcu_gp+0x136/0x160
[ 1332.433118]  ? ftrace_kill+0x40/0x40
[ 1332.433768]  ? ftrace_kill+0x40/0x40
[ 1332.434825]  synchronize_rcu_tasks_generic.part.24+0x3b/0x60
[ 1332.435751]  ? call_rcu_tasks_generic+0x320/0x320
[ 1332.436632]  ? rcu_tasks_pregp_step+0x20/0x20
[ 1332.437710]  ? verify_cpu+0xa0/0x100
[ 1332.438833]  synchronize_rcu_tasks_generic+0x2b/0x70
[ 1332.439722]  synchronize_rcu_tasks+0x19/0x20
[ 1332.440513]  ftrace_shutdown+0x1d2/0x410
[ 1332.441524]  unregister_ftrace_function+0x35/0x220
[ 1332.442767]  ? __sanitizer_cov_trace_switch+0x57/0xa0
[ 1332.443830]  perf_ftrace_event_register+0x95/0xf0
[ 1332.444659]  ? perf_tp_event_init+0xa0/0xa0
[ 1332.445406]  perf_trace_destroy+0x3a/0xa0
[ 1332.446128]  ? perf_tp_event_init+0xa0/0xa0
[ 1332.447210]  tp_perf_event_destroy+0x1e/0x30
[ 1332.448031]  _free_event+0x101/0x7e0
[ 1332.448942]  put_event+0x3c/0x50
[ 1332.449672]  perf_event_release_kernel+0x2fd/0x380
[ 1332.450780]  ? perf_event_release_kernel+0x9/0x380
[ 1332.451826]  ? perf_event_release_kernel+0x380/0x380
[ 1332.452783]  perf_release+0x22/0x30
[ 1332.453504]  __fput+0x11f/0x450
[ 1332.454803]  ____fput+0x1e/0x30
[ 1332.455503]  task_work_run+0xb6/0x120
[ 1332.456482]  do_exit+0x547/0x1360
[ 1332.457299]  ? write_comp_data+0x2f/0x90
[ 1332.458602]  do_group_exit+0x5e/0xf0
[ 1332.459505]  get_signal+0x148f/0x1490
[ 1332.460899]  arch_do_signal_or_restart+0x3b/0x820
[ 1332.462160]  ? arch_do_signal_or_restart+0x9/0x820
[ 1332.463315]  ? lockdep_hardirqs_on+0x8a/0x110
[ 1332.464395]  exit_to_user_mode_prepare+0x13b/0x210
[ 1332.465305]  syscall_exit_to_user_mode+0x2d/0x60
[ 1332.466143]  do_syscall_64+0x4a/0x90
[ 1332.467307]  entry_SYSCALL_64_after_hwframe+0x63/0xcd
[ 1332.468169] RIP: 0033:0x7efcd41cb59d
[ 1332.468829] RSP: 002b:00007ffe4eaefa48 EFLAGS: 00000246 ORIG_RAX: 000000000000012a
[ 1332.469991] RAX: 0000000000000003 RBX: 0000000000000000 RCX: 00007efcd41cb59d
[ 1332.471321] RDX: 0000000000000000 RSI: 0000000000000000 RDI: 0000000020000080
[ 1332.472356] RBP: 00007ffe4eaefa60 R08: 0000000000000000 R09: 00007ffe4eaefa60
[ 1332.473362] R10: 00000000ffffffff R11: 0000000000000246 R12: 00000000004011c0
[ 1332.474670] R13: 00007ffe4eaefb80 R14: 0000000000000000 R15: 0000000000000000
[ 1332.476528]  </TASK>
[ 1332.477008] 
[ 1332.477008] Showing all locks held in the system:
[ 1332.477902] 1 lock held by rcu_tasks_kthre/11:
[ 1332.478907]  #0: ffffffff83b63c90 (rcu_tasks.tasks_gp_mutex){+.+.}-{3:3}, at: rcu_tasks_one_gp+0x2d/0x3d0
[ 1332.480653] 1 lock held by rcu_tasks_rude_/12:
[ 1332.481418]  #0: ffffffff83b63a10 (rcu_tasks_rude.tasks_gp_mutex){+.+.}-{3:3}, at: rcu_tasks_one_gp+0x2d/0x3d0
[ 1332.483458] 1 lock held by rcu_tasks_trace/13:
[ 1332.484166]  #0: ffffffff83b63750 (rcu_tasks_trace.tasks_gp_mutex){+.+.}-{3:3}, at: rcu_tasks_one_gp+0x2d/0x3d0
[ 1332.485897] 1 lock held by khungtaskd/29:
[ 1332.486823]  #0: ffffffff83b646a0 (rcu_read_lock){....}-{1:2}, at: debug_show_all_locks+0x27/0x18c
[ 1332.488510] 2 locks held by repro/590:
[ 1332.489108]  #0: ffffffff83c21e28 (event_mutex){+.+.}-{3:3}, at: perf_trace_destroy+0x21/0xa0
[ 1332.490985]  #1: ffffffff83c1e308 (ftrace_lock){+.+.}-{3:3}, at: unregister_ftrace_function+0x2b/0x220
[ 1332.492690] 1 lock held by repro/593:
[ 1332.493290] 
[ 1332.493637] =============================================
[ 1332.493637] 
[ 1479.874947] INFO: task repro:590 blocked for more than 1327 seconds.
[ 1479.875989]       Not tainted 6.1.0-rc3-66f0919c953e+ #1
[ 1479.876873] "echo 0 > /proc/sys/kernel/hung_task_timeout_secs" disables this message.
[ 1479.878021] task:repro           state:D stack:0     pid:590   ppid:588    flags:0x00004006
[ 1479.879818] Call Trace:
[ 1479.880340]  <TASK>
[ 1479.881024]  __schedule+0x344/0xad0
[ 1479.882065]  ? wait_for_completion+0x7b/0x180
[ 1479.883192]  schedule+0x5b/0xe0
[ 1479.883891]  schedule_timeout+0x554/0x640
[ 1479.885043]  ? schedule_timeout+0x9/0x640
[ 1479.886048]  ? wait_for_completion+0x7b/0x180
[ 1479.887134]  wait_for_completion+0xa6/0x180
[ 1479.888265]  __wait_rcu_gp+0x136/0x160
[ 1479.889065]  ? ftrace_kill+0x40/0x40
[ 1479.889716]  ? ftrace_kill+0x40/0x40
[ 1479.890759]  synchronize_rcu_tasks_generic.part.24+0x3b/0x60
[ 1479.891679]  ? call_rcu_tasks_generic+0x320/0x320
[ 1479.892544]  ? rcu_tasks_pregp_step+0x20/0x20
[ 1479.893621]  ? verify_cpu+0xa0/0x100
[ 1479.894748]  synchronize_rcu_tasks_generic+0x2b/0x70
[ 1479.895657]  synchronize_rcu_tasks+0x19/0x20
[ 1479.896447]  ftrace_shutdown+0x1d2/0x410
[ 1479.897460]  unregister_ftrace_function+0x35/0x220
[ 1479.898717]  ? __sanitizer_cov_trace_switch+0x57/0xa0
[ 1479.899803]  perf_ftrace_event_register+0x95/0xf0
[ 1479.900663]  ? perf_tp_event_init+0xa0/0xa0
[ 1479.901435]  perf_trace_destroy+0x3a/0xa0
[ 1479.902185]  ? perf_tp_event_init+0xa0/0xa0
[ 1479.903298]  tp_perf_event_destroy+0x1e/0x30
[ 1479.904147]  _free_event+0x101/0x7e0
[ 1479.905035]  put_event+0x3c/0x50
[ 1479.905761]  perf_event_release_kernel+0x2fd/0x380
[ 1479.906875]  ? perf_event_release_kernel+0x9/0x380
[ 1479.907927]  ? perf_event_release_kernel+0x380/0x380
[ 1479.908878]  perf_release+0x22/0x30
[ 1479.909593]  __fput+0x11f/0x450
[ 1479.911022]  ____fput+0x1e/0x30
[ 1479.911735]  task_work_run+0xb6/0x120
[ 1479.912700]  do_exit+0x547/0x1360
[ 1479.913529]  ? write_comp_data+0x2f/0x90
[ 1479.914844]  do_group_exit+0x5e/0xf0
[ 1479.915754]  get_signal+0x148f/0x1490
[ 1479.917161]  arch_do_signal_or_restart+0x3b/0x820
[ 1479.918757]  ? arch_do_signal_or_restart+0x9/0x820
[ 1479.919620]  ? lockdep_hardirqs_on+0x8a/0x110
[ 1479.920714]  exit_to_user_mode_prepare+0x13b/0x210
[ 1479.921631]  syscall_exit_to_user_mode+0x2d/0x60
[ 1479.922941]  do_syscall_64+0x4a/0x90
[ 1479.923679]  entry_SYSCALL_64_after_hwframe+0x63/0xcd
[ 1479.924525] RIP: 0033:0x7efcd41cb59d
[ 1479.925193] RSP: 002b:00007ffe4eaefa48 EFLAGS: 00000246 ORIG_RAX: 000000000000012a
[ 1479.926692] RAX: 0000000000000003 RBX: 0000000000000000 RCX: 00007efcd41cb59d
[ 1479.927748] RDX: 0000000000000000 RSI: 0000000000000000 RDI: 0000000020000080
[ 1479.928838] RBP: 00007ffe4eaefa60 R08: 0000000000000000 R09: 00007ffe4eaefa60
[ 1479.929907] R10: 00000000ffffffff R11: 0000000000000246 R12: 00000000004011c0
[ 1479.931272] R13: 00007ffe4eaefb80 R14: 0000000000000000 R15: 0000000000000000
[ 1479.933194]  </TASK>
[ 1479.933678] 
[ 1479.933678] Showing all locks held in the system:
[ 1479.934928] 1 lock held by rcu_tasks_kthre/11:
[ 1479.935665]  #0: ffffffff83b63c90 (rcu_tasks.tasks_gp_mutex){+.+.}-{3:3}, at: rcu_tasks_one_gp+0x2d/0x3d0
[ 1479.937461] 1 lock held by rcu_tasks_rude_/12:
[ 1479.938187]  #0: ffffffff83b63a10 (rcu_tasks_rude.tasks_gp_mutex){+.+.}-{3:3}, at: rcu_tasks_one_gp+0x2d/0x3d0
[ 1479.940382] 1 lock held by rcu_tasks_trace/13:
[ 1479.941102]  #0: ffffffff83b63750 (rcu_tasks_trace.tasks_gp_mutex){+.+.}-{3:3}, at: rcu_tasks_one_gp+0x2d/0x3d0
[ 1479.943256] 1 lock held by khungtaskd/29:
[ 1479.943935]  #0: ffffffff83b646a0 (rcu_read_lock){....}-{1:2}, at: debug_show_all_locks+0x27/0x18c
[ 1479.945699] 2 locks held by repro/590:
[ 1479.946660]  #0: ffffffff83c21e28 (event_mutex){+.+.}-{3:3}, at: perf_trace_destroy+0x21/0xa0
[ 1479.948360]  #1: ffffffff83c1e308 (ftrace_lock){+.+.}-{3:3}, at: unregister_ftrace_function+0x2b/0x220
[ 1479.950128] 2 locks held by repro/592:
[ 1479.951112] 
[ 1479.951487] =============================================
[ 1479.951487] 
[ 1627.330946] INFO: task repro:590 blocked for more than 1474 seconds.
[ 1627.331936]       Not tainted 6.1.0-rc3-66f0919c953e+ #1
[ 1627.332780] "echo 0 > /proc/sys/kernel/hung_task_timeout_secs" disables this message.
[ 1627.333913] task:repro           state:D stack:0     pid:590   ppid:588    flags:0x00004006
[ 1627.335716] Call Trace:
[ 1627.336245]  <TASK>
[ 1627.336925]  __schedule+0x344/0xad0
[ 1627.337946]  ? wait_for_completion+0x7b/0x180
[ 1627.339506]  schedule+0x5b/0xe0
[ 1627.340228]  schedule_timeout+0x554/0x640
[ 1627.341364]  ? schedule_timeout+0x9/0x640
[ 1627.342699]  ? wait_for_completion+0x7b/0x180
[ 1627.343487]  wait_for_completion+0xa6/0x180
[ 1627.344617]  __wait_rcu_gp+0x136/0x160
[ 1627.345410]  ? ftrace_kill+0x40/0x40
[ 1627.346060]  ? ftrace_kill+0x40/0x40
[ 1627.347104]  synchronize_rcu_tasks_generic.part.24+0x3b/0x60
[ 1627.348037]  ? call_rcu_tasks_generic+0x320/0x320
[ 1627.348862]  ? rcu_tasks_pregp_step+0x20/0x20
[ 1627.349932]  ? verify_cpu+0xa0/0x100
[ 1627.351050]  synchronize_rcu_tasks_generic+0x2b/0x70
[ 1627.351957]  synchronize_rcu_tasks+0x19/0x20
[ 1627.352761]  ftrace_shutdown+0x1d2/0x410
[ 1627.353770]  unregister_ftrace_function+0x35/0x220
[ 1627.355020]  ? __sanitizer_cov_trace_switch+0x57/0xa0
[ 1627.356116]  perf_ftrace_event_register+0x95/0xf0
[ 1627.356971]  ? perf_tp_event_init+0xa0/0xa0
[ 1627.357756]  perf_trace_destroy+0x3a/0xa0
[ 1627.358888]  ? perf_tp_event_init+0xa0/0xa0
[ 1627.359640]  tp_perf_event_destroy+0x1e/0x30
[ 1627.360468]  _free_event+0x101/0x7e0
[ 1627.361348]  put_event+0x3c/0x50
[ 1627.362072]  perf_event_release_kernel+0x2fd/0x380
[ 1627.363181]  ? perf_event_release_kernel+0x9/0x380
[ 1627.364220]  ? perf_event_release_kernel+0x380/0x380
[ 1627.365136]  perf_release+0x22/0x30
[ 1627.365838]  __fput+0x11f/0x450
[ 1627.367259]  ____fput+0x1e/0x30
[ 1627.367941]  task_work_run+0xb6/0x120
[ 1627.368883]  do_exit+0x547/0x1360
[ 1627.369688]  ? write_comp_data+0x2f/0x90
[ 1627.370981]  do_group_exit+0x5e/0xf0
[ 1627.371864]  get_signal+0x148f/0x1490
[ 1627.373254]  arch_do_signal_or_restart+0x3b/0x820
[ 1627.374822]  ? arch_do_signal_or_restart+0x9/0x820
[ 1627.375644]  ? lockdep_hardirqs_on+0x8a/0x110
[ 1627.376715]  exit_to_user_mode_prepare+0x13b/0x210
[ 1627.377639]  syscall_exit_to_user_mode+0x2d/0x60
[ 1627.378803]  do_syscall_64+0x4a/0x90
[ 1627.379532]  entry_SYSCALL_64_after_hwframe+0x63/0xcd
[ 1627.380369] RIP: 0033:0x7efcd41cb59d
[ 1627.381028] RSP: 002b:00007ffe4eaefa48 EFLAGS: 00000246 ORIG_RAX: 000000000000012a
[ 1627.382172] RAX: 0000000000000003 RBX: 0000000000000000 RCX: 00007efcd41cb59d
[ 1627.383520] RDX: 0000000000000000 RSI: 0000000000000000 RDI: 0000000020000080
[ 1627.384562] RBP: 00007ffe4eaefa60 R08: 0000000000000000 R09: 00007ffe4eaefa60
[ 1627.385583] R10: 00000000ffffffff R11: 0000000000000246 R12: 00000000004011c0
[ 1627.386921] R13: 00007ffe4eaefb80 R14: 0000000000000000 R15: 0000000000000000
[ 1627.388790]  </TASK>
[ 1627.389261] 
[ 1627.389261] Showing all locks held in the system:
[ 1627.390166] 1 lock held by rcu_tasks_kthre/11:
[ 1627.391198]  #0: ffffffff83b63c90 (rcu_tasks.tasks_gp_mutex){+.+.}-{3:3}, at: rcu_tasks_one_gp+0x2d/0x3d0
[ 1627.392947] 1 lock held by rcu_tasks_rude_/12:
[ 1627.393645]  #0: ffffffff83b63a10 (rcu_tasks_rude.tasks_gp_mutex){+.+.}-{3:3}, at: rcu_tasks_one_gp+0x2d/0x3d0
[ 1627.395749] 1 lock held by rcu_tasks_trace/13:
[ 1627.396499]  #0: ffffffff83b63750 (rcu_tasks_trace.tasks_gp_mutex){+.+.}-{3:3}, at: rcu_tasks_one_gp+0x2d/0x3d0
[ 1627.398626] 1 lock held by khungtaskd/29:
[ 1627.399282]  #0: ffffffff83b646a0 (rcu_read_lock){....}-{1:2}, at: debug_show_all_locks+0x27/0x18c
[ 1627.401003] 2 locks held by repro/590:
[ 1627.401637]  #0: ffffffff83c21e28 (event_mutex){+.+.}-{3:3}, at: perf_trace_destroy+0x21/0xa0
[ 1627.403573]  #1: ffffffff83c1e308 (ftrace_lock){+.+.}-{3:3}, at: unregister_ftrace_function+0x2b/0x220
[ 1627.405319] 
