c[?7l[2J[0mSeaBIOS (version rel-1.16.0-0-gd239552ce722-prebuilt.qemu.org)


iPXE (http://ipxe.org) 00:03.0 CA00 PCI2.10 PnP PMM+7FF91000+7FEF1000 CA00
Press Ctrl-B to configure iPXE (PCI 00:03.0)...                                                                               


Booting from ROM..c[?7l[2J[    0.000000] Linux version 6.1.0-rc3-0e792b89e680+ (root@p-adls01) (gcc (GCC) 8.5.0 20210514 (Red Hat 8.5.0-18), GNU ld version 2.36.1-2.el8) #1 SMP PREEMPT_DYNAMIC Wed Mar 15 15:50:29 CST 2023
[    0.000000] Command line: console=ttyS0 root=/dev/sda earlyprintk=serial net.ifnames=0
[    0.000000] KERNEL supported cpus:
[    0.000000]   Intel GenuineIntel
[    0.000000]   AMD AuthenticAMD
[    0.000000]   Hygon HygonGenuine
[    0.000000]   Centaur CentaurHauls
[    0.000000]   zhaoxin   Shanghai  
[    0.000000] x86/fpu: Supporting XSAVE feature 0x001: 'x87 floating point registers'
[    0.000000] x86/fpu: Supporting XSAVE feature 0x002: 'SSE registers'
[    0.000000] x86/fpu: Supporting XSAVE feature 0x004: 'AVX registers'
[    0.000000] x86/fpu: Supporting XSAVE feature 0x200: 'Protection Keys User registers'
[    0.000000] x86/fpu: xstate_offset[2]:  576, xstate_sizes[2]:  256
[    0.000000] x86/fpu: xstate_offset[9]:  832, xstate_sizes[9]:    8
[    0.000000] x86/fpu: Enabled xstate features 0x207, context size is 840 bytes, using 'compacted' format.
[    0.000000] signal: max sigframe size: 3632
[    0.000000] BIOS-provided physical RAM map:
[    0.000000] BIOS-e820: [mem 0x0000000000000000-0x000000000009fbff] usable
[    0.000000] BIOS-e820: [mem 0x000000000009fc00-0x000000000009ffff] reserved
[    0.000000] BIOS-e820: [mem 0x00000000000f0000-0x00000000000fffff] reserved
[    0.000000] BIOS-e820: [mem 0x0000000000100000-0x000000007ffdffff] usable
[    0.000000] BIOS-e820: [mem 0x000000007ffe0000-0x000000007fffffff] reserved
[    0.000000] BIOS-e820: [mem 0x00000000feffc000-0x00000000feffffff] reserved
[    0.000000] BIOS-e820: [mem 0x00000000fffc0000-0x00000000ffffffff] reserved
[    0.000000] printk: bootconsole [earlyser0] enabled
[    0.000000] NX (Execute Disable) protection: active
[    0.000000] SMBIOS 2.8 present.
[    0.000000] DMI: QEMU Standard PC (i440FX + PIIX, 1996), BIOS rel-1.16.0-0-gd239552ce722-prebuilt.qemu.org 04/01/2014
[    0.000000] Hypervisor detected: KVM
[    0.000000] kvm-clock: Using msrs 4b564d01 and 4b564d00
[    0.000002] kvm-clock: using sched offset of 321273165 cycles
[    0.000369] clocksource: kvm-clock: mask: 0xffffffffffffffff max_cycles: 0x1cd42e4dffb, max_idle_ns: 881590591483 ns
[    0.001509] tsc: Detected 3609.600 MHz processor
[    0.007756] last_pfn = 0x7ffe0 max_arch_pfn = 0x400000000
[    0.008223] x86/PAT: Configuration [0-7]: WB  WC  UC- UC  WB  WP  UC- WT  
[    0.016506] found SMP MP-table at [mem 0x000f5ba0-0x000f5baf]
[    0.017055] Using GB pages for direct mapping
[    0.018409] ACPI: Early table checksum verification disabled
[    0.018828] ACPI: RSDP 0x00000000000F59C0 000014 (v00 BOCHS )
[    0.019244] ACPI: RSDT 0x000000007FFE1951 000034 (v01 BOCHS  BXPC     00000001 BXPC 00000001)
[    0.019859] ACPI: FACP 0x000000007FFE17FD 000074 (v01 BOCHS  BXPC     00000001 BXPC 00000001)
[    0.020469] ACPI: DSDT 0x000000007FFE0040 0017BD (v01 BOCHS  BXPC     00000001 BXPC 00000001)
[    0.021073] ACPI: FACS 0x000000007FFE0000 000040
[    0.021409] ACPI: APIC 0x000000007FFE1871 000080 (v01 BOCHS  BXPC     00000001 BXPC 00000001)
[    0.022014] ACPI: HPET 0x000000007FFE18F1 000038 (v01 BOCHS  BXPC     00000001 BXPC 00000001)
[    0.022620] ACPI: WAET 0x000000007FFE1929 000028 (v01 BOCHS  BXPC     00000001 BXPC 00000001)
[    0.023223] ACPI: Reserving FACP table memory at [mem 0x7ffe17fd-0x7ffe1870]
[    0.023715] ACPI: Reserving DSDT table memory at [mem 0x7ffe0040-0x7ffe17fc]
[    0.024206] ACPI: Reserving FACS table memory at [mem 0x7ffe0000-0x7ffe003f]
[    0.024696] ACPI: Reserving APIC table memory at [mem 0x7ffe1871-0x7ffe18f0]
[    0.025185] ACPI: Reserving HPET table memory at [mem 0x7ffe18f1-0x7ffe1928]
[    0.025689] ACPI: Reserving WAET table memory at [mem 0x7ffe1929-0x7ffe1950]
[    0.027027] No NUMA configuration found
[    0.027300] Faking a node at [mem 0x0000000000000000-0x000000007ffdffff]
[    0.027819] NODE_DATA(0) allocated [mem 0x7ffb5000-0x7ffdffff]
[    0.030769] Zone ranges:
[    0.030975]   DMA      [mem 0x0000000000001000-0x0000000000ffffff]
[    0.031410]   DMA32    [mem 0x0000000001000000-0x000000007ffdffff]
[    0.031862]   Normal   empty
[    0.032067]   Device   empty
[    0.032271] Movable zone start for each node
[    0.032569] Early memory node ranges
[    0.032817]   node   0: [mem 0x0000000000001000-0x000000000009efff]
[    0.033254]   node   0: [mem 0x0000000000100000-0x000000007ffdffff]
[    0.033704] Initmem setup node 0 [mem 0x0000000000001000-0x000000007ffdffff]
[    0.035868] On node 0, zone DMA: 1 pages in unavailable ranges
[    0.035969] On node 0, zone DMA: 97 pages in unavailable ranges
[    0.053078] On node 0, zone DMA32: 32 pages in unavailable ranges
[    0.053692] ACPI: PM-Timer IO Port: 0x608
[    0.054421] ACPI: LAPIC_NMI (acpi_id[0xff] dfl dfl lint[0x1])
[    0.054869] IOAPIC[0]: apic_id 0, version 17, address 0xfec00000, GSI 0-23
[    0.055365] ACPI: INT_SRC_OVR (bus 0 bus_irq 0 global_irq 2 dfl dfl)
[    0.055812] ACPI: INT_SRC_OVR (bus 0 bus_irq 5 global_irq 5 high level)
[    0.056278] ACPI: INT_SRC_OVR (bus 0 bus_irq 9 global_irq 9 high level)
[    0.056744] ACPI: INT_SRC_OVR (bus 0 bus_irq 10 global_irq 10 high level)
[    0.057219] ACPI: INT_SRC_OVR (bus 0 bus_irq 11 global_irq 11 high level)
[    0.057709] ACPI: Using ACPI (MADT) for SMP configuration information
[    0.058158] ACPI: HPET id: 0x8086a201 base: 0xfed00000
[    0.058529] TSC deadline timer available
[    0.058803] smpboot: Allowing 2 CPUs, 0 hotplug CPUs
[    0.059207] kvm-guest: KVM setup pv remote TLB flush
[    0.059555] kvm-guest: setup PV sched yield
[    0.059902] PM: hibernation: Registered nosave memory: [mem 0x00000000-0x00000fff]
[    0.060432] PM: hibernation: Registered nosave memory: [mem 0x0009f000-0x0009ffff]
[    0.060957] PM: hibernation: Registered nosave memory: [mem 0x000a0000-0x000effff]
[    0.061484] PM: hibernation: Registered nosave memory: [mem 0x000f0000-0x000fffff]
[    0.062014] [mem 0x80000000-0xfeffbfff] available for PCI devices
[    0.062439] Booting paravirtualized kernel on KVM
[    0.062784] clocksource: refined-jiffies: mask: 0xffffffff max_cycles: 0xffffffff, max_idle_ns: 7645519600211568 ns
[    0.063525] setup_percpu: NR_CPUS:8192 nr_cpumask_bits:2 nr_cpu_ids:2 nr_node_ids:1
[    0.065191] percpu: Embedded 64 pages/cpu s225280 r8192 d28672 u1048576
[    0.065860] kvm-guest: PV spinlocks enabled
[    0.066171] PV qspinlock hash table entries: 256 (order: 0, 4096 bytes, linear)
[    0.066712] Fallback order for Node 0: 0 
[    0.067010] Built 1 zonelists, mobility grouping on.  Total pages: 515808
[    0.067495] Policy zone: DMA32
[    0.067713] Kernel command line: net.ifnames=0 console=ttyS0 root=/dev/sda earlyprintk=serial net.ifnames=0
[    0.069799] Dentry cache hash table entries: 262144 (order: 9, 2097152 bytes, linear)
[    0.070430] Inode-cache hash table entries: 131072 (order: 8, 1048576 bytes, linear)
[    0.071070] mem auto-init: stack:off, heap alloc:off, heap free:off
[    0.074370] Memory: 1985384K/2096632K available (32784K kernel code, 4691K rwdata, 7816K rodata, 3672K init, 22124K bss, 110992K reserved, 0K cma-reserved)
[    0.076271] SLUB: HWalign=64, Order=0-3, MinObjects=0, CPUs=2, Nodes=1
[    0.076724] kmemleak: Kernel memory leak detector disabled
[    0.077144] ftrace: allocating 67270 entries in 263 pages
[    0.097158] ftrace: allocated 263 pages with 4 groups
[    0.099944] Dynamic Preempt: voluntary
[    0.100354] Running RCU self tests
[    0.100595] rcu: Preemptible hierarchical RCU implementation.
[    0.100985] rcu: 	RCU lockdep checking is enabled.
[    0.101314] rcu: 	RCU restricting CPUs from NR_CPUS=8192 to nr_cpu_ids=2.
[    0.101780] 	Trampoline variant of Tasks RCU enabled.
[    0.102124] 	Rude variant of Tasks RCU enabled.
[    0.102433] 	Tracing variant of Tasks RCU enabled.
[    0.102758] rcu: RCU calculated value of scheduler-enlistment delay is 25 jiffies.
[    0.103274] rcu: Adjusting geometry for rcu_fanout_leaf=16, nr_cpu_ids=2
[    0.125632] NR_IRQS: 524544, nr_irqs: 440, preallocated irqs: 16
[    0.126319] rcu: srcu_init: Setting srcu_struct sizes based on contention.
[    0.131973] Console: colour VGA+ 80x25
[    0.132281] printk: console [ttyS0] enabled
[    0.132281] printk: console [ttyS0] enabled
[    0.132867] printk: bootconsole [earlyser0] disabled
[    0.132867] printk: bootconsole [earlyser0] disabled
[    0.133557] Lock dependency validator: Copyright (c) 2006 Red Hat, Inc., Ingo Molnar
[    0.134098] ... MAX_LOCKDEP_SUBCLASSES:  8
[    0.134388] ... MAX_LOCK_DEPTH:          48
[    0.134686] ... MAX_LOCKDEP_KEYS:        8192
[    0.134994] ... CLASSHASH_SIZE:          4096
[    0.135303] ... MAX_LOCKDEP_ENTRIES:     32768
[    0.135617] ... MAX_LOCKDEP_CHAINS:      65536
[    0.135930] ... CHAINHASH_SIZE:          32768
[    0.136244]  memory used by lock dependency info: 6365 kB
[    0.136623]  memory used for stack traces: 4224 kB
[    0.136961]  per task-struct memory footprint: 1920 bytes
[    0.137381] ACPI: Core revision 20220331
[    0.137879] clocksource: hpet: mask: 0xffffffff max_cycles: 0xffffffff, max_idle_ns: 19112604467 ns
[    0.138621] APIC: Switch to symmetric I/O mode setup
[    0.139090] x2apic enabled
[    0.139435] Switched APIC routing to physical x2apic.
[    0.139795] kvm-guest: setup PV IPIs
[    0.140706] ..TIMER: vector=0x30 apic1=0 pin1=2 apic2=-1 pin2=-1
[    0.141147] clocksource: tsc-early: mask: 0xffffffffffffffff max_cycles: 0x3407c077a8d, max_idle_ns: 440795342283 ns
[    0.141896] Calibrating delay loop (skipped) preset value.. 7219.20 BogoMIPS (lpj=14438400)
[    0.142481] pid_max: default: 32768 minimum: 301
[    0.146036] LSM: Security Framework initializing
[    0.146369] Yama: becoming mindful.
[    0.146792] Mount-cache hash table entries: 4096 (order: 3, 32768 bytes, linear)
[    0.147320] Mountpoint-cache hash table entries: 4096 (order: 3, 32768 bytes, linear)
[    0.149010] x86/cpu: User Mode Instruction Prevention (UMIP) activated
[    0.150085] Last level iTLB entries: 4KB 0, 2MB 0, 4MB 0
[    0.150494] Last level dTLB entries: 4KB 0, 2MB 0, 4MB 0, 1GB 0
[    0.150941] Spectre V1 : Mitigation: usercopy/swapgs barriers and __user pointer sanitization
[    0.151534] Spectre V2 : WARNING: Unprivileged eBPF is enabled with eIBRS on, data leaks possible via Spectre v2 BHB attacks!
[    0.152330] Spectre V2 : Mitigation: Enhanced IBRS
[    0.152656] Spectre V2 : Spectre v2 / SpectreRSB mitigation: Filling RSB on context switch
[    0.153888] Spectre V2 : Spectre v2 / PBRSB-eIBRS: Retire a single CALL on VMEXIT
[    0.154397] Spectre V2 : mitigation: Enabling conditional Indirect Branch Prediction Barrier
[    0.154965] Speculative Store Bypass: Mitigation: Speculative Store Bypass disabled via prctl
[    0.242713] Freeing SMP alternatives memory: 56K
[    0.243370] smpboot: CPU0: 12th Gen Intel(R) Core(TM) i7-12700K (family: 0x6, model: 0x97, stepping: 0x2)
[    0.244449] cblist_init_generic: Setting adjustable number of callback queues.
[    0.244963] cblist_init_generic: Setting shift to 1 and lim to 1.
[    0.245422] cblist_init_generic: Setting shift to 1 and lim to 1.
[    0.245878] cblist_init_generic: Setting shift to 1 and lim to 1.
[    0.245884] Running RCU-tasks wait API self tests
[    0.345957] Performance Events: Alderlake Hybrid events, full-width counters, Intel PMU driver.
[    0.346983] core: cpu_core PMU driver: 
[    0.347257] ... version:                2
[    0.347535] ... bit width:              48
[    0.347818] ... generic registers:      6
[    0.348093] ... value mask:             0000ffffffffffff
[    0.348454] ... max period:             00007fffffffffff
[    0.348814] ... fixed-purpose events:   3
[    0.349089] ... event mask:             0001000f0000003f
[    0.349580] rcu: Hierarchical SRCU implementation.
[    0.349887] rcu: 	Max phase no-delay instances is 1000.
[    0.352232] unchecked MSR access error: WRMSR to 0x38f (tried to write 0x0001000f0000003f) at rIP: 0xffffffff810ce49c (native_write_msr+0xc/0x30)
[    0.353129] Call Trace:
[    0.353302]  <TASK>
[    0.353452]  __intel_pmu_enable_all.constprop.46+0xb5/0x140
[    0.353843]  intel_pmu_enable_all+0x1e/0x30
[    0.353884]  x86_pmu_enable+0x46d/0x5a0
[    0.353884]  ? write_comp_data+0x2f/0x90
[    0.353884]  perf_pmu_enable+0x53/0x70
[    0.353884]  ctx_resched+0xab/0xf0
[    0.353884]  __perf_install_in_context+0x31b/0x480
[    0.353884]  ? perf_duration_warn+0x50/0x50
[    0.353884]  ? perf_duration_warn+0x50/0x50
[    0.353884]  remote_function+0x80/0xa0
[    0.353884]  ? perf_duration_warn+0x50/0x50
[    0.353884]  generic_exec_single+0x124/0x190
[    0.353884]  smp_call_function_single+0x11c/0x240
[    0.353884]  ? perf_duration_warn+0x50/0x50
[    0.353884]  ? __sanitizer_cov_trace_pc+0x25/0x60
[    0.353884]  ? write_comp_data+0x2f/0x90
[    0.353884]  perf_install_in_context+0x2e8/0x310
[    0.353884]  ? ctx_resched+0xf0/0xf0
[    0.353884]  perf_event_create_kernel_counter+0x16a/0x200
[    0.353884]  ? find_next_bit+0x30/0x30
[    0.353884]  hardlockup_detector_event_create+0x46/0xd0
[    0.353884]  hardlockup_detector_perf_init+0x18/0x66
[    0.353884]  watchdog_nmi_probe+0x17/0x1d
[    0.353884]  lockup_detector_init+0x40/0xaf
[    0.353884]  kernel_init_freeable+0x264/0x42e
[    0.353884]  ? rest_init+0x240/0x240
[    0.353884]  kernel_init+0x24/0x1e0
[    0.353884]  ? rest_init+0x240/0x240
[    0.353884]  ret_from_fork+0x1f/0x30
[    0.353884]  </TASK>
[    0.353906] Callback from call_rcu_tasks_trace() invoked.
[    0.354431] smp: Bringing up secondary CPUs ...
[    0.355411] x86: Booting SMP configuration:
[    0.355712] .... node  #0, CPUs:      #1
[    0.356002] smp: Brought up 1 node, 2 CPUs
[    0.356002] smpboot: Max logical packages: 1
[    0.356002] smpboot: Total of 2 processors activated (14438.40 BogoMIPS)
[    0.359581] devtmpfs: initialized
[    0.359581] x86/mm: Memory block size: 128MB
[    0.362287] clocksource: jiffies: mask: 0xffffffff max_cycles: 0xffffffff, max_idle_ns: 7645041785100000 ns
[    0.362921] futex hash table entries: 512 (order: 4, 65536 bytes, linear)
[    0.363584] pinctrl core: initialized pinctrl subsystem
[    0.364428] 
[    0.364560] *************************************************************
[    0.365020] **     NOTICE NOTICE NOTICE NOTICE NOTICE NOTICE NOTICE    **
[    0.365895] **                                                         **
[    0.366352] **  IOMMU DebugFS SUPPORT HAS BEEN ENABLED IN THIS KERNEL  **
[    0.366809] **                                                         **
[    0.367266] ** This means that this kernel is built to expose internal **
[    0.367722] ** IOMMU data structures, which may compromise security on **
[    0.368180] ** your system.                                            **
[    0.368636] **                                                         **
[    0.369103] ** If you see this message and you are not debugging the   **
[    0.369561] ** kernel, report this immediately to your vendor!         **
[    0.369886] **                                                         **
[    0.370343] **     NOTICE NOTICE NOTICE NOTICE NOTICE NOTICE NOTICE    **
[    0.370800] *************************************************************
[    0.371289] PM: RTC time: 07:50:59, date: 2023-03-15
[    0.374549] NET: Registered PF_NETLINK/PF_ROUTE protocol family
[    0.375430] DMA: preallocated 256 KiB GFP_KERNEL pool for atomic allocations
[    0.375922] DMA: preallocated 256 KiB GFP_KERNEL|GFP_DMA pool for atomic allocations
[    0.376455] DMA: preallocated 256 KiB GFP_KERNEL|GFP_DMA32 pool for atomic allocations
[    0.377030] audit: initializing netlink subsys (disabled)
[    0.377469] audit: type=2000 audit(1678866660.534:1): state=initialized audit_enabled=0 res=1
[    0.378102] thermal_sys: Registered thermal governor 'fair_share'
[    0.378108] thermal_sys: Registered thermal governor 'bang_bang'
[    0.378518] thermal_sys: Registered thermal governor 'step_wise'
[    0.378875] thermal_sys: Registered thermal governor 'user_space'
[    0.379223] cpuidle: using governor ladder
[    0.379776] cpuidle: using governor menu
[    0.380221] acpiphp: ACPI Hot Plug PCI Controller Driver version: 0.5
[    0.380831] PCI: Using configuration type 1 for base access
[    0.392581] kprobes: kprobe jump-optimization is enabled. All kprobes are optimized if possible.
[    0.555428] HugeTLB: registered 1.00 GiB page size, pre-allocated 0 pages
[    0.555802] HugeTLB: 16380 KiB vmemmap can be freed for a 1.00 GiB page
[    0.556161] HugeTLB: registered 2.00 MiB page size, pre-allocated 0 pages
[    0.556531] HugeTLB: 28 KiB vmemmap can be freed for a 2.00 MiB page
[    0.558182] ACPI: Added _OSI(Module Device)
[    0.558423] ACPI: Added _OSI(Processor Device)
[    0.558664] ACPI: Added _OSI(3.0 _SCP Extensions)
[    0.558917] ACPI: Added _OSI(Processor Aggregator Device)
[    0.564741] ACPI: 1 ACPI AML tables successfully acquired and loaded
[    0.567518] ACPI: Interpreter enabled
[    0.567802] ACPI: PM: (supports S0 S3 S4 S5)
[    0.568039] ACPI: Using IOAPIC for interrupt routing
[    0.568339] PCI: Using host bridge windows from ACPI; if necessary, use "pci=nocrs" and report a bug
[    0.568834] PCI: Using E820 reservations for host bridge windows
[    0.569677] ACPI: Enabled 2 GPEs in block 00 to 0F
[    0.582398] ACPI: PCI Root Bridge [PCI0] (domain 0000 [bus 00-ff])
[    0.582763] acpi PNP0A03:00: _OSC: OS supports [ASPM ClockPM Segments MSI EDR HPX-Type3]
[    0.583206] acpi PNP0A03:00: _OSC: not requesting OS control; OS requires [ExtendedConfig ASPM ClockPM MSI]
[    0.583776] acpi PNP0A03:00: fail to add MMCONFIG information, can't access extended PCI configuration space under this bridge.
[    0.586217] acpiphp: Slot [3] registered
[    0.586494] acpiphp: Slot [4] registered
[    0.586760] acpiphp: Slot [5] registered
[    0.587026] acpiphp: Slot [6] registered
[    0.587292] acpiphp: Slot [7] registered
[    0.587558] acpiphp: Slot [8] registered
[    0.587830] acpiphp: Slot [9] registered
[    0.588097] acpiphp: Slot [10] registered
[    0.588368] acpiphp: Slot [11] registered
[    0.588640] acpiphp: Slot [12] registered
[    0.588919] acpiphp: Slot [13] registered
[    0.589189] acpiphp: Slot [14] registered
[    0.589460] acpiphp: Slot [15] registered
[    0.589736] acpiphp: Slot [16] registered
[    0.589937] acpiphp: Slot [17] registered
[    0.590221] acpiphp: Slot [18] registered
[    0.590492] acpiphp: Slot [19] registered
[    0.590763] acpiphp: Slot [20] registered
[    0.591033] acpiphp: Slot [21] registered
[    0.591304] acpiphp: Slot [22] registered
[    0.591579] acpiphp: Slot [23] registered
[    0.591850] acpiphp: Slot [24] registered
[    0.592120] acpiphp: Slot [25] registered
[    0.592393] acpiphp: Slot [26] registered
[    0.592663] acpiphp: Slot [27] registered
[    0.592940] acpiphp: Slot [28] registered
[    0.593211] acpiphp: Slot [29] registered
[    0.593482] acpiphp: Slot [30] registered
[    0.593752] acpiphp: Slot [31] registered
[    0.593902] PCI host bridge to bus 0000:00
[    0.594129] pci_bus 0000:00: root bus resource [io  0x0000-0x0cf7 window]
[    0.594500] pci_bus 0000:00: root bus resource [io  0x0d00-0xffff window]
[    0.594871] pci_bus 0000:00: root bus resource [mem 0x000a0000-0x000bffff window]
[    0.595279] pci_bus 0000:00: root bus resource [mem 0x80000000-0xfebfffff window]
[    0.595687] pci_bus 0000:00: root bus resource [mem 0x100000000-0x17fffffff window]
[    0.596104] pci_bus 0000:00: root bus resource [bus 00-ff]
[    0.596479] pci 0000:00:00.0: [8086:1237] type 00 class 0x060000
[    0.599061] pci 0000:00:01.0: [8086:7000] type 00 class 0x060100
[    0.599911] pci 0000:00:01.1: [8086:7010] type 00 class 0x010180
[    0.601164] pci 0000:00:01.1: reg 0x20: [io  0xc040-0xc04f]
[    0.601896] pci 0000:00:01.1: legacy IDE quirk: reg 0x10: [io  0x01f0-0x01f7]
[    0.602287] pci 0000:00:01.1: legacy IDE quirk: reg 0x14: [io  0x03f6]
[    0.602644] pci 0000:00:01.1: legacy IDE quirk: reg 0x18: [io  0x0170-0x0177]
[    0.603033] pci 0000:00:01.1: legacy IDE quirk: reg 0x1c: [io  0x0376]
[    0.603588] pci 0000:00:01.3: [8086:7113] type 00 class 0x068000
[    0.604141] pci 0000:00:01.3: quirk: [io  0x0600-0x063f] claimed by PIIX4 ACPI
[    0.604542] pci 0000:00:01.3: quirk: [io  0x0700-0x070f] claimed by PIIX4 SMB
[    0.605140] pci 0000:00:02.0: [1234:1111] type 00 class 0x030000
[    0.606079] pci 0000:00:02.0: reg 0x10: [mem 0xfd000000-0xfdffffff pref]
[    0.607761] pci 0000:00:02.0: reg 0x18: [mem 0xfebf0000-0xfebf0fff]
[    0.610604] pci 0000:00:02.0: reg 0x30: [mem 0xfebe0000-0xfebeffff pref]
[    0.611147] pci 0000:00:02.0: Video device with shadowed ROM at [mem 0x000c0000-0x000dffff]
[    0.613908] pci 0000:00:03.0: [8086:100e] type 00 class 0x020000
[    0.614758] pci 0000:00:03.0: reg 0x10: [mem 0xfebc0000-0xfebdffff]
[    0.615554] pci 0000:00:03.0: reg 0x14: [io  0xc000-0xc03f]
[    0.617436] pci 0000:00:03.0: reg 0x30: [mem 0xfeb80000-0xfebbffff pref]
[    0.625234] ACPI: PCI: Interrupt link LNKA configured for IRQ 10
[    0.625860] ACPI: PCI: Interrupt link LNKB configured for IRQ 10
[    0.626160] ACPI: PCI: Interrupt link LNKC configured for IRQ 11
[    0.626767] ACPI: PCI: Interrupt link LNKD configured for IRQ 11
[    0.627230] ACPI: PCI: Interrupt link LNKS configured for IRQ 9
[    0.628541] iommu: Default domain type: Translated 
[    0.628820] iommu: DMA domain TLB invalidation policy: lazy mode 
[    0.630033] SCSI subsystem initialized
[    0.630464] ACPI: bus type USB registered
[    0.630739] usbcore: registered new interface driver usbfs
[    0.631076] usbcore: registered new interface driver hub
[    0.631394] usbcore: registered new device driver usb
[    0.631762] pps_core: LinuxPPS API ver. 1 registered
[    0.632036] pps_core: Software ver. 5.3.6 - Copyright 2005-2007 Rodolfo Giometti <giometti@linux.it>
[    0.632534] PTP clock support registered
[    0.632875] EDAC MC: Ver: 3.0.0
[    0.634163] NetLabel: Initializing
[    0.634363] NetLabel:  domain hash size = 128
[    0.634609] NetLabel:  protocols = UNLABELED CIPSOv4 CALIPSO
[    0.635345] NetLabel:  unlabeled traffic allowed by default
[    0.635967] PCI: Using ACPI for IRQ routing
[    0.636370] pci 0000:00:02.0: vgaarb: setting as boot VGA device
[    0.636711] pci 0000:00:02.0: vgaarb: bridge control possible
[    0.637027] pci 0000:00:02.0: vgaarb: VGA device added: decodes=io+mem,owns=io+mem,locks=none
[    0.637491] vgaarb: loaded
[    0.638022] hpet0: at MMIO 0xfed00000, IRQs 2, 8, 0
[    0.638309] hpet0: 3 comparators, 64-bit 100.000000 MHz counter
[    2.511718] clocksource: Switched to clocksource kvm-clock
[    2.511934] Callback from call_rcu_tasks_rude() invoked.
[    2.618060] Callback from call_rcu_tasks() invoked.
[    2.637841] VFS: Disk quotas dquot_6.6.0
[    2.638112] VFS: Dquot-cache hash table entries: 512 (order 0, 4096 bytes)
[    2.638704] pnp: PnP ACPI init
[    2.640319] pnp: PnP ACPI: found 6 devices
[    2.651455] clocksource: acpi_pm: mask: 0xffffff max_cycles: 0xffffff, max_idle_ns: 2085701024 ns
[    2.652240] NET: Registered PF_INET protocol family
[    2.652675] IP idents hash table entries: 32768 (order: 6, 262144 bytes, linear)
[    2.653830] tcp_listen_portaddr_hash hash table entries: 1024 (order: 4, 73728 bytes, linear)
[    2.654339] Table-perturb hash table entries: 65536 (order: 6, 262144 bytes, linear)
[    2.654805] TCP established hash table entries: 16384 (order: 5, 131072 bytes, linear)
[    2.655413] TCP bind hash table entries: 16384 (order: 9, 2359296 bytes, linear)
[    2.657421] TCP: Hash tables configured (established 16384 bind 16384)
[    2.657901] UDP hash table entries: 1024 (order: 5, 163840 bytes, linear)
[    2.658353] UDP-Lite hash table entries: 1024 (order: 5, 163840 bytes, linear)
[    2.658929] NET: Registered PF_UNIX/PF_LOCAL protocol family
[    2.659786] RPC: Registered named UNIX socket transport module.
[    2.660123] RPC: Registered udp transport module.
[    2.660380] RPC: Registered tcp transport module.
[    2.660636] RPC: Registered tcp NFSv4.1 backchannel transport module.
[    2.661001] pci_bus 0000:00: resource 4 [io  0x0000-0x0cf7 window]
[    2.661341] pci_bus 0000:00: resource 5 [io  0x0d00-0xffff window]
[    2.661679] pci_bus 0000:00: resource 6 [mem 0x000a0000-0x000bffff window]
[    2.662065] pci_bus 0000:00: resource 7 [mem 0x80000000-0xfebfffff window]
[    2.662440] pci_bus 0000:00: resource 8 [mem 0x100000000-0x17fffffff window]
[    2.662993] pci 0000:00:01.0: PIIX3: Enabling Passive Release
[    2.663315] pci 0000:00:00.0: Limiting direct PCI/PCI transfers
[    2.663720] PCI: CLS 0 bytes, default 64
[    2.663988] ACPI: bus type thunderbolt registered
[    2.664484] clocksource: tsc: mask: 0xffffffffffffffff max_cycles: 0x3407c077a8d, max_idle_ns: 440795342283 ns
[    2.667539] Initialise system trusted keyrings
[    2.667882] Key type blacklist registered
[    2.668340] workingset: timestamp_bits=36 max_order=19 bucket_order=0
[    2.676554] zbud: loaded
[    2.678330] squashfs: version 4.0 (2009/01/31) Phillip Lougher
[    2.679769] NFS: Registering the id_resolver key type
[    2.680063] Key type id_resolver registered
[    2.680294] Key type id_legacy registered
[    2.680593] nfs4filelayout_init: NFSv4 File Layout Driver Registering...
[    2.680975] nfs4flexfilelayout_init: NFSv4 Flexfile Layout Driver Registering...
[    2.681454] fuse: init (API version 7.37)
[    2.681942] SGI XFS with ACLs, security attributes, realtime, quota, no debug enabled
[    2.683805] 9p: Installing v9fs 9p2000 file system support
[    2.689639] Key type asymmetric registered
[    2.689922] Asymmetric key parser 'x509' registered
[    2.691370] alg: self-tests for CTR-KDF (hmac(sha256)) passed
[    2.691748] Block layer SCSI generic (bsg) driver version 0.4 loaded (major 243)
[    2.692270] io scheduler mq-deadline registered
[    2.692617] io scheduler bfq registered
[    2.693497] shpchp: Standard Hot Plug PCI Controller Driver version: 0.4
[    2.694226] IPMI message handler: version 39.2
[    2.694507] ipmi device interface
[    2.695875] input: Power Button as /devices/LNXSYSTM:00/LNXPWRBN:00/input/input0
[    2.696476] ACPI: button: Power Button [PWRF]
[    2.697478] ERST DBG: ERST support is disabled.
[    2.698142] Serial: 8250/16550 driver, 32 ports, IRQ sharing enabled
[    2.698935] 00:04: ttyS0 at I/O 0x3f8 (irq = 4, base_baud = 115200) is a 16550A
[    2.705668] Linux agpgart interface v0.103
[    2.706289] ACPI: bus type drm_connector registered
[    2.715742] brd: module loaded
[    2.721495] loop: module loaded
[    2.724618] scsi host0: ata_piix
[    2.725249] scsi host1: ata_piix
[    2.725553] ata1: PATA max MWDMA2 cmd 0x1f0 ctl 0x3f6 bmdma 0xc040 irq 14
[    2.725937] ata2: PATA max MWDMA2 cmd 0x170 ctl 0x376 bmdma 0xc048 irq 15
[    2.727084] tun: Universal TUN/TAP device driver, 1.6
[    2.727487] e100: Intel(R) PRO/100 Network Driver
[    2.727747] e100: Copyright(c) 1999-2006 Intel Corporation
[    2.728076] e1000: Intel(R) PRO/1000 Network Driver
[    2.728342] e1000: Copyright (c) 1999-2006 Intel Corporation.
[    2.869078] ACPI: \_SB_.LNKC: Enabled at IRQ 11
[    2.886113] ata1: found unknown device (class 0)
[    2.886581] ata2: found unknown device (class 0)
[    2.887280] ata1.00: ATA-7: QEMU HARDDISK, 2.5+, max UDMA/100
[    2.887623] ata1.00: 16777216 sectors, multi 16: LBA48 
[    2.888032] ata2.00: ATAPI: QEMU DVD-ROM, 2.5+, max UDMA/100
[    2.889138] scsi 0:0:0:0: Direct-Access     ATA      QEMU HARDDISK    2.5+ PQ: 0 ANSI: 5
[    2.890415] sd 0:0:0:0: Attached scsi generic sg0 type 0
[    2.890613] sd 0:0:0:0: [sda] 16777216 512-byte logical blocks: (8.59 GB/8.00 GiB)
[    2.891232] scsi 1:0:0:0: CD-ROM            QEMU     QEMU DVD-ROM     2.5+ PQ: 0 ANSI: 5
[    2.891236] sd 0:0:0:0: [sda] Write Protect is off
[    2.892069] sd 0:0:0:0: [sda] Write cache: enabled, read cache: enabled, doesn't support DPO or FUA
[    2.892740] sd 0:0:0:0: [sda] Preferred minimum I/O size 512 bytes
[    2.918999] scsi 1:0:0:0: Attached scsi generic sg1 type 5
[    2.919770] sd 0:0:0:0: [sda] Attached SCSI disk
[    3.192205] e1000 0000:00:03.0 eth0: (PCI:33MHz:32-bit) 52:54:00:12:34:56
[    3.192602] e1000 0000:00:03.0 eth0: Intel(R) PRO/1000 Network Connection
[    3.193041] e1000e: Intel(R) PRO/1000 Network Driver
[    3.193312] e1000e: Copyright(c) 1999 - 2015 Intel Corporation.
[    3.193694] igb: Intel(R) Gigabit Ethernet Network Driver
[    3.193999] igb: Copyright (c) 2007-2014 Intel Corporation.
[    3.194382] PPP generic driver version 2.4.2
[    3.195025] VFIO - User Level meta-driver version: 0.3
[    3.195655] usbcore: registered new interface driver uas
[    3.195990] usbcore: registered new interface driver usb-storage
[    3.196421] i8042: PNP: PS/2 Controller [PNP0303:KBD,PNP0f13:MOU] at 0x60,0x64 irq 1,12
[    3.197385] serio: i8042 KBD port at 0x60,0x64 irq 1
[    3.197684] serio: i8042 AUX port at 0x60,0x64 irq 12
[    3.198736] mousedev: PS/2 mouse device common for all mice
[    3.199778] input: AT Translated Set 2 keyboard as /devices/platform/i8042/serio0/input/input1
[    3.200955] input: VirtualPS/2 VMware VMMouse as /devices/platform/i8042/serio1/input/input4
[    3.201841] input: VirtualPS/2 VMware VMMouse as /devices/platform/i8042/serio1/input/input3
[    3.202517] rtc_cmos 00:05: RTC can wake from S4
[    3.203637] rtc_cmos 00:05: registered as rtc0
[    3.203937] rtc_cmos 00:05: setting system clock to 2023-03-15T07:51:02 UTC (1678866662)
[    3.204484] rtc_cmos 00:05: alarms up to one day, y3k, 242 bytes nvram, hpet irqs
[    3.204939] i2c_dev: i2c /dev entries driver
[    3.205221] device-mapper: core: CONFIG_IMA_DISABLE_HTABLE is disabled. Duplicate IMA measurements will not be recorded in the IMA log.
[    3.205962] device-mapper: uevent: version 1.0.3
[    3.206432] device-mapper: ioctl: 4.47.0-ioctl (2022-07-28) initialised: dm-devel@redhat.com
[    3.206892] intel_pstate: CPU model not supported
[    3.207216] sdhci: Secure Digital Host Controller Interface driver
[    3.207555] sdhci: Copyright(c) Pierre Ossman
[    3.207850] sdhci-pltfm: SDHCI platform and OF driver helper
[    3.208224] ledtrig-cpu: registered to indicate activity on CPUs
[    3.208807] drop_monitor: Initializing network drop monitor service
[    3.209542] NET: Registered PF_INET6 protocol family
[    3.211430] Segment Routing with IPv6
[    3.211678] In-situ OAM (IOAM) with IPv6
[    3.211929] NET: Registered PF_PACKET protocol family
[    3.212411] 9pnet: Installing 9P2000 support
[    3.212702] Key type dns_resolver registered
[    3.213508] IPI shorthand broadcast: enabled
[    3.213793] sched_clock: Marking stable (3202253783, 11091530)->(3227195280, -13849967)
[    3.214714] registered taskstats version 1
[    3.215095] Loading compiled-in X.509 certificates
[    3.215604] zswap: loaded using pool lzo/zbud
[    3.216309] Key type .fscrypt registered
[    3.216527] Key type fscrypt-provisioning registered
[    3.217540] Key type encrypted registered
[    3.217793] ima: No TPM chip found, activating TPM-bypass!
[    3.218114] ima: Allocated hash algorithm: sha1
[    3.218396] ima: No architecture policies found
[    3.218720] evm: Initialising EVM extended attributes:
[    3.219012] evm: security.selinux
[    3.219196] evm: security.SMACK64
[    3.219379] evm: security.SMACK64EXEC
[    3.219587] evm: security.SMACK64TRANSMUTE
[    3.219812] evm: security.SMACK64MMAP
[    3.220014] evm: security.apparmor
[    3.220202] evm: security.ima
[    3.220366] evm: security.capability
[    3.220564] evm: HMAC attrs: 0x1
[    3.242971] PM:   Magic number: 15:635:824
[    3.243554] RAS: Correctable Errors collector initialized.
[    3.244748] md: Waiting for all devices to be available before autodetect
[    3.245005] md: If you don't use raid, use raid=noautodetect
[    3.245221] md: Autodetecting RAID arrays.
[    3.245385] md: autorun ...
[    3.245495] md: ... autorun DONE.
[    3.249153] EXT4-fs (sda): INFO: recovery required on readonly filesystem
[    3.249429] EXT4-fs (sda): write access will be enabled during recovery
[    3.316275] EXT4-fs (sda): recovery complete
[    3.322484] EXT4-fs (sda): mounted filesystem with ordered data mode. Quota mode: none.
[    3.322842] VFS: Mounted root (ext4 filesystem) readonly on device 8:0.
[    3.323668] devtmpfs: mounted
[    3.329370] Freeing unused decrypted memory: 2036K
[    3.331067] Freeing unused kernel image (initmem) memory: 3672K
[    3.331324] Write protecting the kernel read-only data: 43008k
[    3.333787] Freeing unused kernel image (text/rodata gap) memory: 2028K
[    3.334323] Freeing unused kernel image (rodata/data gap) memory: 376K
[    3.405476] x86/mm: Checked W+X mappings: passed, no W+X pages found.
[    3.405764] Run /sbin/init as init process
[    3.473779] systemd[1]: RTC configured in localtime, applying delta of 0 minutes to system time.
[    3.494118] systemd[1]: systemd 239 (239-49.el8) running in system mode. (+PAM +AUDIT +SELINUX +IMA -APPARMOR +SMACK +SYSVINIT +UTMP +LIBCRYPTSETUP +GCRYPT +GNUTLS +ACL +XZ +LZ4 +SECCOMP +BLKID +ELFUTILS +KMOD +IDN2 -IDN +PCRE2 default-hierarchy=legacy)
[    3.495095] systemd[1]: Detected virtualization kvm.
[    3.495292] systemd[1]: Detected architecture x86-64.

Welcome to [0;31mCentOS Stream 8[0m!

[    3.543728] systemd[1]: Set hostname to <test>.
[    4.581921] random: crng init done
[    4.674186] systemd[1]: Created slice User and Session Slice.
[[0;32m  OK  [0m] Created slice User and Session Slice.
[    4.674923] systemd[1]: Reached target Swap.
[[0;32m  OK  [0m] Reached target Swap.
[    4.675564] systemd[1]: Listening on LVM2 poll daemon socket.
[[0;32m  OK  [0m] Listening on LVM2 poll daemon socket.
[    4.676320] systemd[1]: Started Forward Password Requests to Wall Directory Watch.
[[0;32m  OK  [0m] Started Forward Password Requests to Wall Directory Watch.
[    4.677466] systemd[1]: Set up automount Arbitrary Executable File Formats File System Automount Point.
[[0;32m  OK  [0m] Set up automount Arbitrary Executabâ€¦rmats File System Automount Point.
[    4.678397] systemd[1]: Listening on initctl Compatibility Named Pipe.
[[0;32m  OK  [0m] Listening on initctl Compatibility Named Pipe.
[[0;32m  OK  [0m] Listening on RPCbind Server Activation Socket.
[[0;32m  OK  [0m] Reached target RPC Port Mapper.
[[0;32m  OK  [0m] Created slice system-getty.slice.
[[0;32m  OK  [0m] Listening on Journal Socket.
         Mounting Kernel Debug File System...
         Starting Remount Root and Kernel File Systems...
         Starting Load Kernel Modules...
[[0;32m  OK  [0m] Listening on multipathd control socket.
         Mounting Huge Pages File System...
[[0;32m  OK  [0m] Listening on Journal Socket (/dev/log).
[[0;32m  OK  [0m] Listening on Process Core Dump Socket.
[[0;32m  OK  [0m] Created slice system-serial\x2dgetty.slice.
[[0;32m  OK  [0m] Listening on udev Control Socket.
         Starting Journal Service...
[[0;32m  OK  [0m] Listening on udev Kernel Socket.
         Starting udev Coldplug all Devices...
[[0;32m  OK  [0m] Reached target Slices.
[[0;32m  OK  [0m] Created slice system-sshd\x2dkeygen.slice.
[[0;32m  OK  [0m] Listening on Device-mapper event daemon FIFOs.
         Starting Monitoring of LVM2 mirrorsâ€¦ng dmeventd or progress polling...
         Mounting POSIX Message Queue File System...
         Starting Setup Virtual Console...
[[0;32m  OK  [0m] Mounted Kernel Debug File System.
[[0;1;31mFAILED[0m] Failed to start Load Kernel Modules.
See 'systemctl status systemd-modules-load.service' for details.
[[0;32m  OK  [0m] Mounted Huge Pages File System.
[[0;32m  OK  [0m] Mounted POSIX Message Queue File System.
         Mounting FUSE Control File System...
         Mounting Kernel Configuration File System...
[    4.910148] EXT4-fs (sda): re-mounted. Quota mode: none.
         Starting Apply Kernel Variables...
[[0;32m  OK  [0m] Started Journal Service.
[[0;32m  OK  [0m] Started Remount Root and Kernel File Systems.
[[0;32m  OK  [0m] Mounted FUSE Control File System.
[[0;32m  OK  [0m] Mounted Kernel Configuration File System.
         Starting Create Static Device Nodes in /dev...
         Starting Load/Save Random Seed...
         Starting Flush Journal to Persistent Storage...
[[0;32m  OK  [0m] Started Setup Virtual Console.
[[0;32m  OK  [0m] Started Apply Kernel Variables.
[[0;32m  OK  [0m] Started Create Static Device Nodes in /dev.
[[0;32m  OK  [0m] Started Load/Save Random Seed.
         Starting udev Kernel Device Manager...
[[0;32m  OK  [0m] Started Flush Journal to Persistent Storage.
[[0;32m  OK  [0m] Started udev Coldplug all Devices.
         Starting udev Wait for Complete Device Initialization...
[[0;32m  OK  [0m] Started udev Kernel Device Manager.
         Starting Show Plymouth Boot Screen...
[[0;32m  OK  [0m] Started Show Plymouth Boot Screen.
[[0;32m  OK  [0m] Reached target Paths.
[[0;32m  OK  [0m] Reached target Local Encrypted Volumes.
[[0;32m  OK  [0m] Started Forward Password Requests to Plymouth Directory Watch.
[[0;32m  OK  [0m] Found device /dev/ttyS0.
[[0;32m  OK  [0m] Started udev Wait for Complete Device Initialization.
[[0;32m  OK  [0m] Started Monitoring of LVM2 mirrors,â€¦sing dmeventd or progress polling.
[[0;32m  OK  [0m] Listening on Load/Save RF Kill Switch Status /dev/rfkill Watch.
[[0;32m  OK  [0m] Reached target Local File Systems (Pre).
[[0;32m  OK  [0m] Reached target Local File Systems.
         Starting Create Volatile Files and Directories...
         Starting Tell Plymouth To Write Out Runtime Data...
         Starting Restore /run/initramfs on shutdown...
[[0;32m  OK  [0m] Started Create Volatile Files and Directories.
[[0;32m  OK  [0m] Started Tell Plymouth To Write Out Runtime Data.
[[0;32m  OK  [0m] Started Restore /run/initramfs on shutdown.
         Starting RPC Bind...
         Mounting RPC Pipe File System...
         Starting Security Auditing Service...
[[0;32m  OK  [0m] Mounted RPC Pipe File System.
[[0;32m  OK  [0m] Reached target rpc_pipefs.target.
[[0;32m  OK  [0m] Started RPC Bind.
[[0;32m  OK  [0m] Started Security Auditing Service.
         Starting Update UTMP about System Boot/Shutdown...
[[0;32m  OK  [0m] Started Update UTMP about System Boot/Shutdown.
[[0;32m  OK  [0m] Reached target System Initialization.
[[0;32m  OK  [0m] Listening on D-Bus System Message Bus Socket.
[[0;32m  OK  [0m] Started daily update of the root trust anchor for DNSSEC.
[[0;32m  OK  [0m] Started Daily Cleanup of Temporary Directories.
[[0;32m  OK  [0m] Listening on SSSD Kerberos Cache Manager responder socket.
[[0;32m  OK  [0m] Reached target Sockets.
[[0;32m  OK  [0m] Reached target Basic System.
[[0;32m  OK  [0m] Started D-Bus System Message Bus.
         Starting Network Manager...
         Starting Authorization Manager...
         Starting Login Service...
[[0;32m  OK  [0m] Started irqbalance daemon.
[[0;32m  OK  [0m] Started Machine Check Exception Logging Daemon.
[[0;32m  OK  [0m] Reached target sshd-keygen.target.
         Starting NTP client/server...
         Starting Auto-connect to subsystemsâ€¦-NVME devices found during boot...
[[0;32m  OK  [0m] Started dnf makecache --timer.
[[0;32m  OK  [0m] Reached target Timers.
         Starting Self Monitoring and Reporting Technology (SMART) Daemon...
[[0;32m  OK  [0m] Started Auto-connect to subsystems â€¦FC-NVME devices found during boot.
         Starting update of the root trust aâ€¦or DNSSEC validation in unbound...
[[0;32m  OK  [0m] Started Login Service.
[[0;32m  OK  [0m] Started Network Manager.
[[0;32m  OK  [0m] Started Self Monitoring and Reporting Technology (SMART) Daemon.
         Starting Network Manager Wait Online...
[[0;32m  OK  [0m] Reached target Network.
         Starting Dynamic System Tuning Daemon...
         Starting OpenSSH server daemon...
         Starting GSSAPI Proxy Daemon...
[[0;32m  OK  [0m] Started NTP client/server.
[[0;32m  OK  [0m] Started update of the root trust anâ€¦ for DNSSEC validation in unbound.
         Starting Hostname Service...
[[0;32m  OK  [0m] Started OpenSSH server daemon.
[[0;32m  OK  [0m] Started Authorization Manager.
[[0;32m  OK  [0m] Started GSSAPI Proxy Daemon.
[[0;32m  OK  [0m] Reached target NFS client services.
[[0;32m  OK  [0m] Reached target Remote File Systems (Pre).
[[0;32m  OK  [0m] Reached target Remote File Systems.
         Starting Permit User Sessions...
[[0;32m  OK  [0m] Started Permit User Sessions.
[[0;32m  OK  [0m] Started Command Scheduler.
         Starting Hold until boot process finishes up...
         Starting Terminate Plymouth Boot Screen...
[    6.453992] e1000: eth0 NIC Link is Up 1000 Mbps Full Duplex, Flow Control: RX
[    6.454685] IPv6: ADDRCONF(NETDEV_CHANGE): eth0: link becomes ready
[    6.622587] Spectre V2 : WARNING: Unprivileged eBPF is enabled with eIBRS on, data leaks possible via Spectre v2 BHB attacks!
[    6.623068] Spectre V2 : WARNING: Unprivileged eBPF is enabled with eIBRS on, data leaks possible via Spectre v2 BHB attacks!

CentOS Stream 8
Kernel 6.1.0-rc3-0e792b89e680+ on an x86_64

test login: [   29.166681] hrtimer: interrupt took 1120391 ns
[   45.566227] rcu_tasks_wait_gp: rcu_tasks grace period 9 is 2821 jiffies old.
[   75.670188] rcu_tasks_wait_gp: rcu_tasks grace period 9 is 10347 jiffies old.
[  166.198480] rcu_tasks_wait_gp: rcu_tasks grace period 9 is 32980 jiffies old.
[  300.138237] INFO: task repro:592 blocked for more than 147 seconds.
[  300.138692]       Not tainted 6.1.0-rc3-0e792b89e680+ #1
[  300.139039] "echo 0 > /proc/sys/kernel/hung_task_timeout_secs" disables this message.
[  300.139506] task:repro           state:D stack:0     pid:592   ppid:590    flags:0x00004006
[  300.140066] Call Trace:
[  300.140288]  <TASK>
[  300.140644]  __schedule+0x344/0xad0
[  300.141217]  schedule+0x5b/0xe0
[  300.141544]  schedule_preempt_disabled+0x1c/0x30
[  300.142165]  __mutex_lock+0x880/0xf30
[  300.142561]  ? perf_trace_destroy+0x21/0xa0
[  300.142906]  ? perf_trace_destroy+0x21/0xa0
[  300.143445]  ? perf_tp_event_init+0xa0/0xa0
[  300.143867]  mutex_lock_nested+0x1f/0x30
[  300.144171]  ? mutex_lock_nested+0x1f/0x30
[  300.144507]  perf_trace_destroy+0x21/0xa0
[  300.144843]  ? perf_tp_event_init+0xa0/0xa0
[  300.145186]  tp_perf_event_destroy+0x1e/0x30
[  300.145563]  _free_event+0x101/0x7e0
[  300.146147]  put_event+0x3c/0x50
[  300.146502]  perf_event_release_kernel+0x2fd/0x380
[  300.146852]  ? perf_event_release_kernel+0x9/0x380
[  300.147349]  ? perf_event_release_kernel+0x380/0x380
[  300.147786]  perf_release+0x22/0x30
[  300.148125]  __fput+0x11f/0x450
[  300.148652]  ____fput+0x1e/0x30
[  300.148978]  task_work_run+0xb6/0x120
[  300.149452]  do_exit+0x547/0x1360
[  300.149861]  ? write_comp_data+0x2f/0x90
[  300.150507]  do_group_exit+0x5e/0xf0
[  300.150955]  get_signal+0x148f/0x1490
[  300.151698]  arch_do_signal_or_restart+0x3b/0x820
[  300.152338]  ? arch_do_signal_or_restart+0x9/0x820
[  300.152711]  ? lockdep_hardirqs_on+0x8a/0x110
[  300.153231]  exit_to_user_mode_prepare+0x13b/0x210
[  300.153661]  syscall_exit_to_user_mode+0x2d/0x60
[  300.154198]  do_syscall_64+0x4a/0x90
[  300.154541]  entry_SYSCALL_64_after_hwframe+0x63/0xcd
[  300.154903] RIP: 0033:0x7fead8f5859d
[  300.155208] RSP: 002b:00007ffe89db6358 EFLAGS: 00000246 ORIG_RAX: 000000000000012a
[  300.155724] RAX: 0000000000000003 RBX: 0000000000000000 RCX: 00007fead8f5859d
[  300.156165] RDX: 0000000000000000 RSI: 00000000ffffffff RDI: 00000000200004c0
[  300.156606] RBP: 00007ffe89db6370 R08: 0000000000000000 R09: 00007ffe89db6370
[  300.157046] R10: 00000000ffffffff R11: 0000000000000246 R12: 00000000004011e0
[  300.157488] R13: 00007ffe89db6490 R14: 0000000000000000 R15: 0000000000000000
[  300.158601]  </TASK>
[  300.158814] INFO: task repro:593 blocked for more than 147 seconds.
[  300.159212]       Not tainted 6.1.0-rc3-0e792b89e680+ #1
[  300.159566] "echo 0 > /proc/sys/kernel/hung_task_timeout_secs" disables this message.
[  300.160034] task:repro           state:D stack:0     pid:593   ppid:589    flags:0x00004006
[  300.160593] Call Trace:
[  300.160814]  <TASK>
[  300.161169]  __schedule+0x344/0xad0
[  300.161679]  ? wait_for_completion+0x7b/0x180
[  300.162255]  schedule+0x5b/0xe0
[  300.162578]  schedule_timeout+0x554/0x640
[  300.163157]  ? schedule_timeout+0x9/0x640
[  300.163664]  ? wait_for_completion+0x7b/0x180
[  300.164013]  wait_for_completion+0xa6/0x180
[  300.164574]  __wait_rcu_gp+0x136/0x160
[  300.164951]  ? ftrace_kill+0x40/0x40
[  300.165239]  ? ftrace_kill+0x40/0x40
[  300.165575]  synchronize_rcu_tasks_generic.part.24+0x3b/0x60
[  300.166115]  ? call_rcu_tasks_generic+0x320/0x320
[  300.166482]  ? rcu_tasks_pregp_step+0x20/0x20
[  300.167011]  ? verify_cpu+0xa0/0x100
[  300.167400]  synchronize_rcu_tasks_generic+0x2b/0x70
[  300.167805]  synchronize_rcu_tasks+0x19/0x20
[  300.168153]  ftrace_shutdown+0x1d2/0x410
[  300.168660]  unregister_ftrace_function+0x35/0x220
[  300.169087]  ? __sanitizer_cov_trace_switch+0x57/0xa0
[  300.169591]  perf_ftrace_event_register+0x95/0xf0
[  300.170110]  ? perf_tp_event_init+0xa0/0xa0
[  300.170452]  perf_trace_destroy+0x3a/0xa0
[  300.170786]  ? perf_tp_event_init+0xa0/0xa0
[  300.171129]  tp_perf_event_destroy+0x1e/0x30
[  300.171506]  _free_event+0x101/0x7e0
[  300.171947]  put_event+0x3c/0x50
[  300.172296]  perf_event_release_kernel+0x2fd/0x380
[  300.172646]  ? perf_event_release_kernel+0x9/0x380
[  300.173138]  ? perf_event_release_kernel+0x380/0x380
[  300.173566]  perf_release+0x22/0x30
[  300.174126]  __fput+0x11f/0x450
[  300.174651]  ____fput+0x1e/0x30
[  300.174974]  task_work_run+0xb6/0x120
[  300.175441]  do_exit+0x547/0x1360
[  300.175848]  ? write_comp_data+0x2f/0x90
[  300.176346]  do_group_exit+0x5e/0xf0
[  300.176790]  get_signal+0x148f/0x1490
[  300.177533]  arch_do_signal_or_restart+0x3b/0x820
[  300.178308]  ? arch_do_signal_or_restart+0x9/0x820
[  300.178679]  ? lockdep_hardirqs_on+0x8a/0x110
[  300.179202]  exit_to_user_mode_prepare+0x13b/0x210
[  300.179630]  irqentry_exit_to_user_mode+0xd/0x30
[  300.179994]  irqentry_exit+0x6f/0xa0
[  300.180308]  sysvec_apic_timer_interrupt+0x67/0xe0
[  300.180728]  asm_sysvec_apic_timer_interrupt+0x1f/0x30
[  300.181093] RIP: 0033:0x7fead904454f
[  300.181856] RSP: 002b:00007ffe89db5eb0 EFLAGS: 00000246
[  300.182402] RAX: 0000000000000004 RBX: 0000000000000000 RCX: 00007fead904454f
[  300.182842] RDX: 0000000000020881 RSI: 00007ffe89db5f40 RDI: 00000000ffffff9c
[  300.183282] RBP: 00007ffe89db6350 R08: 000000000000001f R09: 00007ffe89db6370
[  300.183723] R10: 0000000000000000 R11: 0000000000000246 R12: 00000000004011e0
[  300.184162] R13: 00007ffe89db6490 R14: 0000000000000000 R15: 0000000000000000
[  300.185124]  </TASK>
[  300.185335] 
[  300.185335] Showing all locks held in the system:
[  300.185734] 1 lock held by rcu_tasks_kthre/11:
[  300.186198]  #0: ffffffff83b63c90 (rcu_tasks.tasks_gp_mutex){+.+.}-{3:3}, at: rcu_tasks_one_gp+0x2d/0x3d0
[  300.187013] 1 lock held by rcu_tasks_rude_/12:
[  300.187326]  #0: ffffffff83b63a10 (rcu_tasks_rude.tasks_gp_mutex){+.+.}-{3:3}, at: rcu_tasks_one_gp+0x2d/0x3d0
[  300.188164] 1 lock held by rcu_tasks_trace/13:
[  300.188478]  #0: ffffffff83b63750 (rcu_tasks_trace.tasks_gp_mutex){+.+.}-{3:3}, at: rcu_tasks_one_gp+0x2d/0x3d0
[  300.189321] 1 lock held by khungtaskd/29:
[  300.189612]  #0: ffffffff83b646a0 (rcu_read_lock){....}-{1:2}, at: debug_show_all_locks+0x27/0x18c
[  300.190563] 1 lock held by repro/592:
[  300.190839]  #0: ffffffff83c21e28 (event_mutex){+.+.}-{3:3}, at: perf_trace_destroy+0x21/0xa0
[  300.191615] 2 locks held by repro/593:
[  300.191896]  #0: ffffffff83c21e28 (event_mutex){+.+.}-{3:3}, at: perf_trace_destroy+0x21/0xa0
[  300.192672]  #1: ffffffff83c1e308 (ftrace_lock){+.+.}-{3:3}, at: unregister_ftrace_function+0x2b/0x220
[  300.193485] 
[  300.193660] =============================================
[  300.193660] 
[  436.586446] rcu_tasks_wait_gp: rcu_tasks grace period 9 is 100577 jiffies old.
[  447.602236] INFO: task repro:592 blocked for more than 294 seconds.
[  447.602687]       Not tainted 6.1.0-rc3-0e792b89e680+ #1
[  447.603041] "echo 0 > /proc/sys/kernel/hung_task_timeout_secs" disables this message.
[  447.603510] task:repro           state:D stack:0     pid:592   ppid:590    flags:0x00004006
[  447.604070] Call Trace:
[  447.604293]  <TASK>
[  447.604647]  __schedule+0x344/0xad0
[  447.605214]  schedule+0x5b/0xe0
[  447.605539]  schedule_preempt_disabled+0x1c/0x30
[  447.606161]  __mutex_lock+0x880/0xf30
[  447.606555]  ? perf_trace_destroy+0x21/0xa0
[  447.606898]  ? perf_trace_destroy+0x21/0xa0
[  447.607440]  ? perf_tp_event_init+0xa0/0xa0
[  447.607861]  mutex_lock_nested+0x1f/0x30
[  447.608166]  ? mutex_lock_nested+0x1f/0x30
[  447.608501]  perf_trace_destroy+0x21/0xa0
[  447.608838]  ? perf_tp_event_init+0xa0/0xa0
[  447.609180]  tp_perf_event_destroy+0x1e/0x30
[  447.609556]  _free_event+0x101/0x7e0
[  447.610140]  put_event+0x3c/0x50
[  447.610492]  perf_event_release_kernel+0x2fd/0x380
[  447.610841]  ? perf_event_release_kernel+0x9/0x380
[  447.611338]  ? perf_event_release_kernel+0x380/0x380
[  447.611769]  perf_release+0x22/0x30
[  447.612106]  __fput+0x11f/0x450
[  447.612630]  ____fput+0x1e/0x30
[  447.612954]  task_work_run+0xb6/0x120
[  447.613425]  do_exit+0x547/0x1360
[  447.613832]  ? write_comp_data+0x2f/0x90
[  447.614489]  do_group_exit+0x5e/0xf0
[  447.614933]  get_signal+0x148f/0x1490
[  447.615671]  arch_do_signal_or_restart+0x3b/0x820
[  447.616316]  ? arch_do_signal_or_restart+0x9/0x820
[  447.616687]  ? lockdep_hardirqs_on+0x8a/0x110
[  447.617206]  exit_to_user_mode_prepare+0x13b/0x210
[  447.617633]  syscall_exit_to_user_mode+0x2d/0x60
[  447.618175]  do_syscall_64+0x4a/0x90
[  447.618522]  entry_SYSCALL_64_after_hwframe+0x63/0xcd
[  447.618885] RIP: 0033:0x7fead8f5859d
[  447.619189] RSP: 002b:00007ffe89db6358 EFLAGS: 00000246 ORIG_RAX: 000000000000012a
[  447.619703] RAX: 0000000000000003 RBX: 0000000000000000 RCX: 00007fead8f5859d
[  447.620144] RDX: 0000000000000000 RSI: 00000000ffffffff RDI: 00000000200004c0
[  447.620584] RBP: 00007ffe89db6370 R08: 0000000000000000 R09: 00007ffe89db6370
[  447.621025] R10: 00000000ffffffff R11: 0000000000000246 R12: 00000000004011e0
[  447.621466] R13: 00007ffe89db6490 R14: 0000000000000000 R15: 0000000000000000
[  447.622797]  </TASK>
[  447.623009] INFO: task repro:593 blocked for more than 294 seconds.
[  447.623409]       Not tainted 6.1.0-rc3-0e792b89e680+ #1
[  447.623765] "echo 0 > /proc/sys/kernel/hung_task_timeout_secs" disables this message.
[  447.624236] task:repro           state:D stack:0     pid:593   ppid:589    flags:0x00004006
[  447.624796] Call Trace:
[  447.625018]  <TASK>
[  447.625375]  __schedule+0x344/0xad0
[  447.626036]  ? wait_for_completion+0x7b/0x180
[  447.626388]  schedule+0x5b/0xe0
[  447.626711]  schedule_timeout+0x554/0x640
[  447.627295]  ? schedule_timeout+0x9/0x640
[  447.627805]  ? wait_for_completion+0x7b/0x180
[  447.628155]  wait_for_completion+0xa6/0x180
[  447.628716]  __wait_rcu_gp+0x136/0x160
[  447.629095]  ? ftrace_kill+0x40/0x40
[  447.629381]  ? ftrace_kill+0x40/0x40
[  447.629716]  synchronize_rcu_tasks_generic.part.24+0x3b/0x60
[  447.630256]  ? call_rcu_tasks_generic+0x320/0x320
[  447.630624]  ? rcu_tasks_pregp_step+0x20/0x20
[  447.631152]  ? verify_cpu+0xa0/0x100
[  447.631543]  synchronize_rcu_tasks_generic+0x2b/0x70
[  447.631948]  synchronize_rcu_tasks+0x19/0x20
[  447.632297]  ftrace_shutdown+0x1d2/0x410
[  447.632806]  unregister_ftrace_function+0x35/0x220
[  447.633233]  ? __sanitizer_cov_trace_switch+0x57/0xa0
[  447.633736]  perf_ftrace_event_register+0x95/0xf0
[  447.634257]  ? perf_tp_event_init+0xa0/0xa0
[  447.634600]  perf_trace_destroy+0x3a/0xa0
[  447.634936]  ? perf_tp_event_init+0xa0/0xa0
[  447.635280]  tp_perf_event_destroy+0x1e/0x30
[  447.635658]  _free_event+0x101/0x7e0
[  447.636099]  put_event+0x3c/0x50
[  447.636450]  perf_event_release_kernel+0x2fd/0x380
[  447.636801]  ? perf_event_release_kernel+0x9/0x380
[  447.637298]  ? perf_event_release_kernel+0x380/0x380
[  447.637728]  perf_release+0x22/0x30
[  447.638215]  __fput+0x11f/0x450
[  447.638738]  ____fput+0x1e/0x30
[  447.639063]  task_work_run+0xb6/0x120
[  447.639534]  do_exit+0x547/0x1360
[  447.639942]  ? write_comp_data+0x2f/0x90
[  447.640446]  do_group_exit+0x5e/0xf0
[  447.640890]  get_signal+0x148f/0x1490
[  447.641633]  arch_do_signal_or_restart+0x3b/0x820
[  447.642486]  ? arch_do_signal_or_restart+0x9/0x820
[  447.642856]  ? lockdep_hardirqs_on+0x8a/0x110
[  447.643382]  exit_to_user_mode_prepare+0x13b/0x210
[  447.643811]  irqentry_exit_to_user_mode+0xd/0x30
[  447.644177]  irqentry_exit+0x6f/0xa0
[  447.644492]  sysvec_apic_timer_interrupt+0x67/0xe0
[  447.644914]  asm_sysvec_apic_timer_interrupt+0x1f/0x30
[  447.645281] RIP: 0033:0x7fead904454f
[  447.645585] RSP: 002b:00007ffe89db5eb0 EFLAGS: 00000246
[  447.646133] RAX: 0000000000000004 RBX: 0000000000000000 RCX: 00007fead904454f
[  447.646575] RDX: 0000000000020881 RSI: 00007ffe89db5f40 RDI: 00000000ffffff9c
[  447.647016] RBP: 00007ffe89db6350 R08: 000000000000001f R09: 00007ffe89db6370
[  447.647456] R10: 0000000000000000 R11: 0000000000000246 R12: 00000000004011e0
[  447.647898] R13: 00007ffe89db6490 R14: 0000000000000000 R15: 0000000000000000
[  447.648850]  </TASK>
[  447.649063] 
[  447.649063] Showing all locks held in the system:
[  447.649460] 1 lock held by rcu_tasks_kthre/11:
[  447.649774]  #0: ffffffff83b63c90 (rcu_tasks.tasks_gp_mutex){+.+.}-{3:3}, at: rcu_tasks_one_gp+0x2d/0x3d0
[  447.650741] 1 lock held by rcu_tasks_rude_/12:
[  447.651054]  #0: ffffffff83b63a10 (rcu_tasks_rude.tasks_gp_mutex){+.+.}-{3:3}, at: rcu_tasks_one_gp+0x2d/0x3d0
[  447.651894] 1 lock held by rcu_tasks_trace/13:
[  447.652209]  #0: ffffffff83b63750 (rcu_tasks_trace.tasks_gp_mutex){+.+.}-{3:3}, at: rcu_tasks_one_gp+0x2d/0x3d0
[  447.653052] 1 lock held by khungtaskd/29:
[  447.653344]  #0: ffffffff83b646a0 (rcu_read_lock){....}-{1:2}, at: debug_show_all_locks+0x27/0x18c
[  447.654292] 1 lock held by repro/592:
[  447.654569]  #0: ffffffff83c21e28 (event_mutex){+.+.}-{3:3}, at: perf_trace_destroy+0x21/0xa0
[  447.655348] 2 locks held by repro/593:
[  447.655629]  #0: ffffffff83c21e28 (event_mutex){+.+.}-{3:3}, at: perf_trace_destroy+0x21/0xa0
[  447.656404]  #1: ffffffff83c1e308 (ftrace_lock){+.+.}-{3:3}, at: unregister_ftrace_function+0x2b/0x220
[  447.657213] 1 lock held by repro/598:
[  447.657494] 
[  447.657669] =============================================
[  447.657669] 
[  595.054316] INFO: task repro:592 blocked for more than 442 seconds.
[  595.054753]       Not tainted 6.1.0-rc3-0e792b89e680+ #1
[  595.055111] "echo 0 > /proc/sys/kernel/hung_task_timeout_secs" disables this message.
[  595.055581] task:repro           state:D stack:0     pid:592   ppid:590    flags:0x00004006
[  595.056142] Call Trace:
[  595.056363]  <TASK>
[  595.056716]  __schedule+0x344/0xad0
[  595.057278]  schedule+0x5b/0xe0
[  595.057603]  schedule_preempt_disabled+0x1c/0x30
[  595.058222]  __mutex_lock+0x880/0xf30
[  595.058613]  ? perf_trace_destroy+0x21/0xa0
[  595.058956]  ? perf_trace_destroy+0x21/0xa0
[  595.059500]  ? perf_tp_event_init+0xa0/0xa0
[  595.059919]  mutex_lock_nested+0x1f/0x30
[  595.060227]  ? mutex_lock_nested+0x1f/0x30
[  595.060562]  perf_trace_destroy+0x21/0xa0
[  595.060897]  ? perf_tp_event_init+0xa0/0xa0
[  595.061240]  tp_perf_event_destroy+0x1e/0x30
[  595.061616]  _free_event+0x101/0x7e0
[  595.062205]  put_event+0x3c/0x50
[  595.062559]  perf_event_release_kernel+0x2fd/0x380
[  595.062909]  ? perf_event_release_kernel+0x9/0x380
[  595.063407]  ? perf_event_release_kernel+0x380/0x380
[  595.063837]  perf_release+0x22/0x30
[  595.064176]  __fput+0x11f/0x450
[  595.064823]  ____fput+0x1e/0x30
[  595.065146]  task_work_run+0xb6/0x120
[  595.065618]  do_exit+0x547/0x1360
[  595.066175]  ? write_comp_data+0x2f/0x90
[  595.066676]  do_group_exit+0x5e/0xf0
[  595.067121]  get_signal+0x148f/0x1490
[  595.067847]  arch_do_signal_or_restart+0x3b/0x820
[  595.068479]  ? arch_do_signal_or_restart+0x9/0x820
[  595.068850]  ? lockdep_hardirqs_on+0x8a/0x110
[  595.069375]  exit_to_user_mode_prepare+0x13b/0x210
[  595.069801]  syscall_exit_to_user_mode+0x2d/0x60
[  595.070343]  do_syscall_64+0x4a/0x90
[  595.070684]  entry_SYSCALL_64_after_hwframe+0x63/0xcd
[  595.071047] RIP: 0033:0x7fead8f5859d
[  595.071350] RSP: 002b:00007ffe89db6358 EFLAGS: 00000246 ORIG_RAX: 000000000000012a
[  595.071865] RAX: 0000000000000003 RBX: 0000000000000000 RCX: 00007fead8f5859d
[  595.072305] RDX: 0000000000000000 RSI: 00000000ffffffff RDI: 00000000200004c0
[  595.072745] RBP: 00007ffe89db6370 R08: 0000000000000000 R09: 00007ffe89db6370
[  595.073186] R10: 00000000ffffffff R11: 0000000000000246 R12: 00000000004011e0
[  595.073626] R13: 00007ffe89db6490 R14: 0000000000000000 R15: 0000000000000000
[  595.074745]  </TASK>
[  595.074956] INFO: task repro:593 blocked for more than 442 seconds.
[  595.075355]       Not tainted 6.1.0-rc3-0e792b89e680+ #1
[  595.075709] "echo 0 > /proc/sys/kernel/hung_task_timeout_secs" disables this message.
[  595.076178] task:repro           state:D stack:0     pid:593   ppid:589    flags:0x00004006
[  595.076862] Call Trace:
[  595.077083]  <TASK>
[  595.077437]  __schedule+0x344/0xad0
[  595.078099]  ? wait_for_completion+0x7b/0x180
[  595.078452]  schedule+0x5b/0xe0
[  595.078777]  schedule_timeout+0x554/0x640
[  595.079359]  ? schedule_timeout+0x9/0x640
[  595.079867]  ? wait_for_completion+0x7b/0x180
[  595.080218]  wait_for_completion+0xa6/0x180
[  595.080785]  __wait_rcu_gp+0x136/0x160
[  595.081161]  ? ftrace_kill+0x40/0x40
[  595.081450]  ? ftrace_kill+0x40/0x40
[  595.081786]  synchronize_rcu_tasks_generic.part.24+0x3b/0x60
[  595.082327]  ? call_rcu_tasks_generic+0x320/0x320
[  595.082695]  ? rcu_tasks_pregp_step+0x20/0x20
[  595.083225]  ? verify_cpu+0xa0/0x100
[  595.083617]  synchronize_rcu_tasks_generic+0x2b/0x70
[  595.084021]  synchronize_rcu_tasks+0x19/0x20
[  595.084369]  ftrace_shutdown+0x1d2/0x410
[  595.084872]  unregister_ftrace_function+0x35/0x220
[  595.085299]  ? __sanitizer_cov_trace_switch+0x57/0xa0
[  595.085806]  perf_ftrace_event_register+0x95/0xf0
[  595.086391]  ? perf_tp_event_init+0xa0/0xa0
[  595.086732]  perf_trace_destroy+0x3a/0xa0
[  595.087068]  ? perf_tp_event_init+0xa0/0xa0
[  595.087410]  tp_perf_event_destroy+0x1e/0x30
[  595.087788]  _free_event+0x101/0x7e0
[  595.088231]  put_event+0x3c/0x50
[  595.088580]  perf_event_release_kernel+0x2fd/0x380
[  595.088929]  ? perf_event_release_kernel+0x9/0x380
[  595.089427]  ? perf_event_release_kernel+0x380/0x380
[  595.089856]  perf_release+0x22/0x30
[  595.090340]  __fput+0x11f/0x450
[  595.090862]  ____fput+0x1e/0x30
[  595.091185]  task_work_run+0xb6/0x120
[  595.091654]  do_exit+0x547/0x1360
[  595.092058]  ? write_comp_data+0x2f/0x90
[  595.092562]  do_group_exit+0x5e/0xf0
[  595.093001]  get_signal+0x148f/0x1490
[  595.093736]  arch_do_signal_or_restart+0x3b/0x820
[  595.094534]  ? arch_do_signal_or_restart+0x9/0x820
[  595.094905]  ? lockdep_hardirqs_on+0x8a/0x110
[  595.095426]  exit_to_user_mode_prepare+0x13b/0x210
[  595.095853]  irqentry_exit_to_user_mode+0xd/0x30
[  595.096218]  irqentry_exit+0x6f/0xa0
[  595.096532]  sysvec_apic_timer_interrupt+0x67/0xe0
[  595.096951]  asm_sysvec_apic_timer_interrupt+0x1f/0x30
[  595.097318] RIP: 0033:0x7fead904454f
[  595.097621] RSP: 002b:00007ffe89db5eb0 EFLAGS: 00000246
[  595.098172] RAX: 0000000000000004 RBX: 0000000000000000 RCX: 00007fead904454f
[  595.098613] RDX: 0000000000020881 RSI: 00007ffe89db5f40 RDI: 00000000ffffff9c
[  595.099055] RBP: 00007ffe89db6350 R08: 000000000000001f R09: 00007ffe89db6370
[  595.099497] R10: 0000000000000000 R11: 0000000000000246 R12: 00000000004011e0
[  595.099938] R13: 00007ffe89db6490 R14: 0000000000000000 R15: 0000000000000000
[  595.100885]  </TASK>
[  595.101096] 
[  595.101096] Showing all locks held in the system:
[  595.101493] 1 lock held by rcu_tasks_kthre/11:
[  595.101807]  #0: ffffffff83b63c90 (rcu_tasks.tasks_gp_mutex){+.+.}-{3:3}, at: rcu_tasks_one_gp+0x2d/0x3d0
[  595.102772] 1 lock held by rcu_tasks_rude_/12:
[  595.103087]  #0: ffffffff83b63a10 (rcu_tasks_rude.tasks_gp_mutex){+.+.}-{3:3}, at: rcu_tasks_one_gp+0x2d/0x3d0
[  595.103932] 1 lock held by rcu_tasks_trace/13:
[  595.104247]  #0: ffffffff83b63750 (rcu_tasks_trace.tasks_gp_mutex){+.+.}-{3:3}, at: rcu_tasks_one_gp+0x2d/0x3d0
[  595.105092] 1 lock held by khungtaskd/29:
[  595.105384]  #0: ffffffff83b646a0 (rcu_read_lock){....}-{1:2}, at: debug_show_all_locks+0x27/0x18c
[  595.106331] 1 lock held by repro/592:
[  595.106607]  #0: ffffffff83c21e28 (event_mutex){+.+.}-{3:3}, at: perf_trace_destroy+0x21/0xa0
[  595.107384] 2 locks held by repro/593:
[  595.107665]  #0: ffffffff83c21e28 (event_mutex){+.+.}-{3:3}, at: perf_trace_destroy+0x21/0xa0
[  595.108441]  #1: ffffffff83c1e308 (ftrace_lock){+.+.}-{3:3}, at: unregister_ftrace_function+0x2b/0x220
[  595.109252] 1 lock held by repro/595:
[  595.109532] 
[  595.109707] =============================================
[  595.109707] 
[  636.302209] INFO: rcu_tasks detected stalls on tasks:
[  636.302597] 000000000f989583: .. nvcsw: 1/1 holdout: 1 idle_cpu: -1/0
[  636.303010] task:repro           state:R  running task     stack:0     pid:598   ppid:591    flags:0x00004004
[  636.303698] Call Trace:
[  636.303919]  <TASK>
[  636.304274]  __schedule+0x344/0xad0
[  636.304692]  ? __cond_resched+0x25/0x30
[  636.305120]  preempt_schedule_common+0x11/0x90
[  636.305506]  __cond_resched+0x25/0x30
[  636.305829]  mousedev_write+0xd2/0x3d0
[  636.306615]  vfs_write+0x1b6/0x780
[  636.306925]  ? mousedev_fasync+0x40/0x40
[  636.307406]  ? vfs_write+0x9/0x780
[  636.307723]  ? write_comp_data+0x2f/0x90
[  636.308224]  ksys_write+0x153/0x170
[  636.308709]  __x64_sys_write+0x27/0x30
[  636.309058]  do_syscall_64+0x3b/0x90
[  636.309400]  entry_SYSCALL_64_after_hwframe+0x63/0xcd
[  636.309763] RIP: 0033:0x7fead8f5859d
[  636.310220] RSP: 002b:00007ffe89db6358 EFLAGS: 00000246 ORIG_RAX: 0000000000000001
[  636.310733] RAX: ffffffffffffffda RBX: 0000000000000000 RCX: 00007fead8f5859d
[  636.311174] RDX: 00000000fffffdef RSI: 0000000020000040 RDI: 0000000000000004
[  636.311619] RBP: 00007ffe89db6370 R08: 00007ffe89db6370 R09: 00007ffe89db6370
[  636.312060] R10: 000000000000001f R11: 0000000000000246 R12: 00000000004011e0
[  636.312501] R13: 00007ffe89db6490 R14: 0000000000000000 R15: 0000000000000000
[  636.313467]  </TASK>
[  636.326061] 00000000acfd690e: .. nvcsw: 1/1 holdout: 1 idle_cpu: -1/0
[  636.326511] task:repro           state:R  running task     stack:0     pid:597   ppid:587    flags:0x0000400c
[  636.327201] Call Trace:
[  636.327416]  <TASK>
[  636.328016]  ? _raw_spin_unlock_irq+0x31/0x60
[  636.328487]  ? mousedev_write+0xba/0x3d0
[  636.329010]  ? vfs_write+0x1b6/0x780
[  636.329323]  ? mousedev_fasync+0x40/0x40
[  636.329797]  ? vfs_write+0x9/0x780
[  636.330254]  ? write_comp_data+0x2f/0x90
[  636.330753]  ? ksys_write+0x153/0x170
[  636.331244]  ? __x64_sys_write+0x27/0x30
[  636.331602]  ? do_syscall_64+0x3b/0x90
[  636.331952]  ? entry_SYSCALL_64_after_hwframe+0x63/0xcd
[  636.332827]  </TASK>
[  636.362092] 0000000028557c9c: .. nvcsw: 1/1 holdout: 1 idle_cpu: -1/1
[  636.362558] task:repro           state:R  running task     stack:0     pid:596   ppid:584    flags:0x00004004
[  636.363244] Call Trace:
[  636.363468]  <TASK>
[  636.363825]  __schedule+0x344/0xad0
[  636.364242]  ? __cond_resched+0x25/0x30
[  636.364668]  preempt_schedule_common+0x11/0x90
[  636.365054]  __cond_resched+0x25/0x30
[  636.365377]  mousedev_write+0xd2/0x3d0
[  636.366042]  vfs_write+0x1b6/0x780
[  636.366352]  ? mousedev_fasync+0x40/0x40
[  636.366835]  ? vfs_write+0x9/0x780
[  636.367142]  ? write_comp_data+0x2f/0x90
[  636.367642]  ksys_write+0x153/0x170
[  636.368122]  __x64_sys_write+0x27/0x30
[  636.368474]  do_syscall_64+0x3b/0x90
[  636.368817]  entry_SYSCALL_64_after_hwframe+0x63/0xcd
[  636.369180] RIP: 0033:0x7fead8f5859d
[  636.369486] RSP: 002b:00007ffe89db6358 EFLAGS: 00000246 ORIG_RAX: 0000000000000001
[  636.370148] RAX: ffffffffffffffda RBX: 0000000000000000 RCX: 00007fead8f5859d
[  636.370589] RDX: 00000000fffffdef RSI: 0000000020000040 RDI: 0000000000000004
[  636.371030] RBP: 00007ffe89db6370 R08: 00007ffe89db6370 R09: 00007ffe89db6370
[  636.371470] R10: 000000000000001f R11: 0000000000000246 R12: 00000000004011e0
[  636.371919] R13: 00007ffe89db6490 R14: 0000000000000000 R15: 0000000000000000
[  636.372883]  </TASK>
[  636.423296] 000000005ce514ca: .. nvcsw: 1/1 holdout: 1 idle_cpu: -1/0
[  636.423718] task:repro           state:R  running task     stack:0     pid:595   ppid:586    flags:0x00004004
[  636.424404] Call Trace:
[  636.424626]  <TASK>
[  636.424975]  __schedule+0x344/0xad0
[  636.425386]  ? __cond_resched+0x25/0x30
[  636.425818]  preempt_schedule_common+0x11/0x90
[  636.426355]  __cond_resched+0x25/0x30
[  636.426678]  mousedev_write+0xd2/0x3d0
[  636.427195]  vfs_write+0x1b6/0x780
[  636.427505]  ? mousedev_fasync+0x40/0x40
[  636.427980]  ? vfs_write+0x9/0x780
[  636.428286]  ? write_comp_data+0x2f/0x90
[  636.428789]  ksys_write+0x153/0x170
[  636.429276]  __x64_sys_write+0x27/0x30
[  636.429628]  do_syscall_64+0x3b/0x90
[  636.430124]  entry_SYSCALL_64_after_hwframe+0x63/0xcd
[  636.430487] RIP: 0033:0x7fead8f5859d
[  636.430792] RSP: 002b:00007ffe89db6358 EFLAGS: 00000246 ORIG_RAX: 0000000000000001
[  636.431305] RAX: ffffffffffffffda RBX: 0000000000000000 RCX: 00007fead8f5859d
[  636.431749] RDX: 00000000fffffdef RSI: 0000000020000040 RDI: 0000000000000004
[  636.432191] RBP: 00007ffe89db6370 R08: 00007ffe89db6370 R09: 00007ffe89db6370
[  636.432632] R10: 000000000000001f R11: 0000000000000246 R12: 00000000004011e0
[  636.433075] R13: 00007ffe89db6490 R14: 0000000000000000 R15: 0000000000000000
[  636.434181]  </TASK>
[  636.470076] 00000000800f43eb: .. nvcsw: 1/1 holdout: 1 idle_cpu: -1/0
[  636.470493] task:repro           state:R  running task     stack:0     pid:594   ppid:588    flags:0x00004004
[  636.471180] Call Trace:
[  636.471402]  <TASK>
[  636.471760]  __schedule+0x344/0xad0
[  636.472175]  ? __cond_resched+0x25/0x30
[  636.472600]  preempt_schedule_common+0x11/0x90
[  636.472986]  __cond_resched+0x25/0x30
[  636.473308]  mousedev_write+0xd2/0x3d0
[  636.473832]  vfs_write+0x1b6/0x780
[  636.474295]  ? mousedev_fasync+0x40/0x40
[  636.474773]  ? vfs_write+0x9/0x780
[  636.475080]  ? write_comp_data+0x2f/0x90
[  636.475577]  ksys_write+0x153/0x170
[  636.476065]  __x64_sys_write+0x27/0x30
[  636.476414]  do_syscall_64+0x3b/0x90
[  636.476756]  entry_SYSCALL_64_after_hwframe+0x63/0xcd
[  636.477119] RIP: 0033:0x7fead8f5859d
[  636.477423] RSP: 002b:00007ffe89db6358 EFLAGS: 00000246 ORIG_RAX: 0000000000000001
[  636.478083] RAX: ffffffffffffffda RBX: 0000000000000000 RCX: 00007fead8f5859d
[  636.478524] RDX: 00000000fffffdef RSI: 0000000020000040 RDI: 0000000000000004
[  636.478965] RBP: 00007ffe89db6370 R08: 00007ffe89db6370 R09: 00007ffe89db6370
[  636.479406] R10: 000000000000001f R11: 0000000000000246 R12: 00000000004011e0
[  636.479849] R13: 00007ffe89db6490 R14: 0000000000000000 R15: 0000000000000000
[  636.480805]  </TASK>
[  636.554062] 00000000b393ae13: .. nvcsw: 0/0 holdout: 1 idle_cpu: -1/1
[  636.554515] task:repro           state:R  running task     stack:0     pid:585   ppid:583    flags:0x00004004
[  636.555200] Call Trace:
[  636.555424]  <TASK>
[  636.555780]  __schedule+0x344/0xad0
[  636.556193]  ? __cond_resched+0x25/0x30
[  636.556617]  preempt_schedule_common+0x11/0x90
[  636.557003]  __cond_resched+0x25/0x30
[  636.557326]  mousedev_write+0xd2/0x3d0
[  636.557848]  vfs_write+0x1b6/0x780
[  636.558575]  ? mousedev_fasync+0x40/0x40
[  636.559057]  ? vfs_write+0x9/0x780
[  636.559364]  ? write_comp_data+0x2f/0x90
[  636.559863]  ksys_write+0x153/0x170
[  636.560347]  __x64_sys_write+0x27/0x30
[  636.560697]  do_syscall_64+0x3b/0x90
[  636.561039]  entry_SYSCALL_64_after_hwframe+0x63/0xcd
[  636.561403] RIP: 0033:0x7fead8f5859d
[  636.561707] RSP: 002b:00007ffe89db6358 EFLAGS: 00000246 ORIG_RAX: 0000000000000001
[  636.562371] RAX: ffffffffffffffda RBX: 0000000000000000 RCX: 00007fead8f5859d
[  636.562812] RDX: 00000000fffffdef RSI: 0000000020000040 RDI: 0000000000000004
[  636.563253] RBP: 00007ffe89db6370 R08: 00007ffe89db6370 R09: 00007ffe89db6370
[  636.563695] R10: 000000000000001f R11: 0000000000000246 R12: 00000000004011e0
[  636.564135] R13: 00007ffe89db6490 R14: 0000000000000000 R15: 0000000000000000
[  636.565089]  </TASK>
[  742.510689] INFO: task repro:592 blocked for more than 589 seconds.
[  742.511125]       Not tainted 6.1.0-rc3-0e792b89e680+ #1
[  742.511479] "echo 0 > /proc/sys/kernel/hung_task_timeout_secs" disables this message.
[  742.511949] task:repro           state:D stack:0     pid:592   ppid:590    flags:0x00004006
[  742.512506] Call Trace:
[  742.512728]  <TASK>
[  742.513083]  __schedule+0x344/0xad0
[  742.513653]  schedule+0x5b/0xe0
[  742.514225]  schedule_preempt_disabled+0x1c/0x30
[  742.514592]  __mutex_lock+0x880/0xf30
[  742.514981]  ? perf_trace_destroy+0x21/0xa0
[  742.515321]  ? perf_trace_destroy+0x21/0xa0
[  742.515860]  ? perf_tp_event_init+0xa0/0xa0
[  742.516277]  mutex_lock_nested+0x1f/0x30
[  742.516582]  ? mutex_lock_nested+0x1f/0x30
[  742.516916]  perf_trace_destroy+0x21/0xa0
[  742.517251]  ? perf_tp_event_init+0xa0/0xa0
[  742.517594]  tp_perf_event_destroy+0x1e/0x30
[  742.518120]  _free_event+0x101/0x7e0
[  742.518564]  put_event+0x3c/0x50
[  742.518915]  perf_event_release_kernel+0x2fd/0x380
[  742.519264]  ? perf_event_release_kernel+0x9/0x380
[  742.519756]  ? perf_event_release_kernel+0x380/0x380
[  742.520183]  perf_release+0x22/0x30
[  742.520519]  __fput+0x11f/0x450
[  742.521047]  ____fput+0x1e/0x30
[  742.521372]  task_work_run+0xb6/0x120
[  742.521840]  do_exit+0x547/0x1360
[  742.522391]  ? write_comp_data+0x2f/0x90
[  742.522891]  do_group_exit+0x5e/0xf0
[  742.523333]  get_signal+0x148f/0x1490
[  742.524068]  arch_do_signal_or_restart+0x3b/0x820
[  742.524707]  ? arch_do_signal_or_restart+0x9/0x820
[  742.525075]  ? lockdep_hardirqs_on+0x8a/0x110
[  742.525594]  exit_to_user_mode_prepare+0x13b/0x210
[  742.526166]  syscall_exit_to_user_mode+0x2d/0x60
[  742.526553]  do_syscall_64+0x4a/0x90
[  742.526894]  entry_SYSCALL_64_after_hwframe+0x63/0xcd
[  742.527253] RIP: 0033:0x7fead8f5859d
[  742.527558] RSP: 002b:00007ffe89db6358 EFLAGS: 00000246 ORIG_RAX: 000000000000012a
[  742.528073] RAX: 0000000000000003 RBX: 0000000000000000 RCX: 00007fead8f5859d
[  742.528511] RDX: 0000000000000000 RSI: 00000000ffffffff RDI: 00000000200004c0
[  742.528950] RBP: 00007ffe89db6370 R08: 0000000000000000 R09: 00007ffe89db6370
[  742.529388] R10: 00000000ffffffff R11: 0000000000000246 R12: 00000000004011e0
[  742.529826] R13: 00007ffe89db6490 R14: 0000000000000000 R15: 0000000000000000
[  742.530952]  </TASK>
[  742.531163] INFO: task repro:593 blocked for more than 589 seconds.
[  742.531562]       Not tainted 6.1.0-rc3-0e792b89e680+ #1
[  742.531914] "echo 0 > /proc/sys/kernel/hung_task_timeout_secs" disables this message.
[  742.532382] task:repro           state:D stack:0     pid:593   ppid:589    flags:0x00004006
[  742.532940] Call Trace:
[  742.533161]  <TASK>
[  742.533516]  __schedule+0x344/0xad0
[  742.534170]  ? wait_for_completion+0x7b/0x180
[  742.534522]  schedule+0x5b/0xe0
[  742.534845]  schedule_timeout+0x554/0x640
[  742.535423]  ? schedule_timeout+0x9/0x640
[  742.535926]  ? wait_for_completion+0x7b/0x180
[  742.536273]  wait_for_completion+0xa6/0x180
[  742.536833]  __wait_rcu_gp+0x136/0x160
[  742.537209]  ? ftrace_kill+0x40/0x40
[  742.537497]  ? ftrace_kill+0x40/0x40
[  742.537834]  synchronize_rcu_tasks_generic.part.24+0x3b/0x60
[  742.538375]  ? call_rcu_tasks_generic+0x320/0x320
[  742.538740]  ? rcu_tasks_pregp_step+0x20/0x20
[  742.539268]  ? verify_cpu+0xa0/0x100
[  742.539656]  synchronize_rcu_tasks_generic+0x2b/0x70
[  742.540060]  synchronize_rcu_tasks+0x19/0x20
[  742.540407]  ftrace_shutdown+0x1d2/0x410
[  742.540912]  unregister_ftrace_function+0x35/0x220
[  742.541339]  ? __sanitizer_cov_trace_switch+0x57/0xa0
[  742.541844]  perf_ftrace_event_register+0x95/0xf0
[  742.542360]  ? perf_tp_event_init+0xa0/0xa0
[  742.542705]  perf_trace_destroy+0x3a/0xa0
[  742.543041]  ? perf_tp_event_init+0xa0/0xa0
[  742.543384]  tp_perf_event_destroy+0x1e/0x30
[  742.543761]  _free_event+0x101/0x7e0
[  742.544218]  put_event+0x3c/0x50
[  742.544570]  perf_event_release_kernel+0x2fd/0x380
[  742.544920]  ? perf_event_release_kernel+0x9/0x380
[  742.545418]  ? perf_event_release_kernel+0x380/0x380
[  742.545848]  perf_release+0x22/0x30
[  742.546337]  __fput+0x11f/0x450
[  742.546859]  ____fput+0x1e/0x30
[  742.547182]  task_work_run+0xb6/0x120
[  742.547650]  do_exit+0x547/0x1360
[  742.548057]  ? write_comp_data+0x2f/0x90
[  742.548553]  do_group_exit+0x5e/0xf0
[  742.548997]  get_signal+0x148f/0x1490
[  742.549730]  arch_do_signal_or_restart+0x3b/0x820
[  742.550521]  ? arch_do_signal_or_restart+0x9/0x820
[  742.550892]  ? lockdep_hardirqs_on+0x8a/0x110
[  742.551416]  exit_to_user_mode_prepare+0x13b/0x210
[  742.551844]  irqentry_exit_to_user_mode+0xd/0x30
[  742.552206]  irqentry_exit+0x6f/0xa0
[  742.552521]  sysvec_apic_timer_interrupt+0x67/0xe0
[  742.552944]  asm_sysvec_apic_timer_interrupt+0x1f/0x30
[  742.553309] RIP: 0033:0x7fead904454f
[  742.553612] RSP: 002b:00007ffe89db5eb0 EFLAGS: 00000246
[  742.554162] RAX: 0000000000000004 RBX: 0000000000000000 RCX: 00007fead904454f
[  742.554600] RDX: 0000000000020881 RSI: 00007ffe89db5f40 RDI: 00000000ffffff9c
[  742.555039] RBP: 00007ffe89db6350 R08: 000000000000001f R09: 00007ffe89db6370
[  742.555477] R10: 0000000000000000 R11: 0000000000000246 R12: 00000000004011e0
[  742.555917] R13: 00007ffe89db6490 R14: 0000000000000000 R15: 0000000000000000
[  742.556872]  </TASK>
[  742.557084] 
[  742.557084] Showing all locks held in the system:
[  742.557480] 1 lock held by rcu_tasks_kthre/11:
[  742.557794]  #0: ffffffff83b63c90 (rcu_tasks.tasks_gp_mutex){+.+.}-{3:3}, at: rcu_tasks_one_gp+0x2d/0x3d0
[  742.558753] 1 lock held by rcu_tasks_rude_/12:
[  742.559066]  #0: ffffffff83b63a10 (rcu_tasks_rude.tasks_gp_mutex){+.+.}-{3:3}, at: rcu_tasks_one_gp+0x2d/0x3d0
[  742.559905] 1 lock held by rcu_tasks_trace/13:
[  742.560218]  #0: ffffffff83b63750 (rcu_tasks_trace.tasks_gp_mutex){+.+.}-{3:3}, at: rcu_tasks_one_gp+0x2d/0x3d0
[  742.561064] 1 lock held by khungtaskd/29:
[  742.561355]  #0: ffffffff83b646a0 (rcu_read_lock){....}-{1:2}, at: debug_show_all_locks+0x27/0x18c
[  742.562300] 1 lock held by repro/592:
[  742.562576]  #0: ffffffff83c21e28 (event_mutex){+.+.}-{3:3}, at: perf_trace_destroy+0x21/0xa0
[  742.563347] 2 locks held by repro/593:
[  742.563628]  #0: ffffffff83c21e28 (event_mutex){+.+.}-{3:3}, at: perf_trace_destroy+0x21/0xa0
[  742.564399]  #1: ffffffff83c1e308 (ftrace_lock){+.+.}-{3:3}, at: unregister_ftrace_function+0x2b/0x220
[  742.565204] 1 lock held by repro/594:
[  742.565483] 
[  742.565657] =============================================
[  742.565657] 
[  889.966239] INFO: task repro:592 blocked for more than 737 seconds.
[  889.966690]       Not tainted 6.1.0-rc3-0e792b89e680+ #1
[  889.967043] "echo 0 > /proc/sys/kernel/hung_task_timeout_secs" disables this message.
[  889.967517] task:repro           state:D stack:0     pid:592   ppid:590    flags:0x00004006
[  889.968076] Call Trace:
[  889.968298]  <TASK>
[  889.968654]  __schedule+0x344/0xad0
[  889.969220]  schedule+0x5b/0xe0
[  889.969543]  schedule_preempt_disabled+0x1c/0x30
[  889.970161]  __mutex_lock+0x880/0xf30
[  889.970557]  ? perf_trace_destroy+0x21/0xa0
[  889.970901]  ? perf_trace_destroy+0x21/0xa0
[  889.971445]  ? perf_tp_event_init+0xa0/0xa0
[  889.971865]  mutex_lock_nested+0x1f/0x30
[  889.972170]  ? mutex_lock_nested+0x1f/0x30
[  889.972505]  perf_trace_destroy+0x21/0xa0
[  889.972841]  ? perf_tp_event_init+0xa0/0xa0
[  889.973183]  tp_perf_event_destroy+0x1e/0x30
[  889.973560]  _free_event+0x101/0x7e0
[  889.974148]  put_event+0x3c/0x50
[  889.974500]  perf_event_release_kernel+0x2fd/0x380
[  889.974849]  ? perf_event_release_kernel+0x9/0x380
[  889.975340]  ? perf_event_release_kernel+0x380/0x380
[  889.975771]  perf_release+0x22/0x30
[  889.976108]  __fput+0x11f/0x450
[  889.976625]  ____fput+0x1e/0x30
[  889.976947]  task_work_run+0xb6/0x120
[  889.977414]  do_exit+0x547/0x1360
[  889.977820]  ? write_comp_data+0x2f/0x90
[  889.978474]  do_group_exit+0x5e/0xf0
[  889.978917]  get_signal+0x148f/0x1490
[  889.979658]  arch_do_signal_or_restart+0x3b/0x820
[  889.980306]  ? arch_do_signal_or_restart+0x9/0x820
[  889.980678]  ? lockdep_hardirqs_on+0x8a/0x110
[  889.981206]  exit_to_user_mode_prepare+0x13b/0x210
[  889.981630]  syscall_exit_to_user_mode+0x2d/0x60
[  889.982166]  do_syscall_64+0x4a/0x90
[  889.982507]  entry_SYSCALL_64_after_hwframe+0x63/0xcd
[  889.982867] RIP: 0033:0x7fead8f5859d
[  889.983171] RSP: 002b:00007ffe89db6358 EFLAGS: 00000246 ORIG_RAX: 000000000000012a
[  889.983686] RAX: 0000000000000003 RBX: 0000000000000000 RCX: 00007fead8f5859d
[  889.984125] RDX: 0000000000000000 RSI: 00000000ffffffff RDI: 00000000200004c0
[  889.984565] RBP: 00007ffe89db6370 R08: 0000000000000000 R09: 00007ffe89db6370
[  889.985005] R10: 00000000ffffffff R11: 0000000000000246 R12: 00000000004011e0
[  889.985446] R13: 00007ffe89db6490 R14: 0000000000000000 R15: 0000000000000000
[  889.986599]  </TASK>
[  889.986811] INFO: task repro:593 blocked for more than 737 seconds.
[  889.987208]       Not tainted 6.1.0-rc3-0e792b89e680+ #1
[  889.987561] "echo 0 > /proc/sys/kernel/hung_task_timeout_secs" disables this message.
[  889.988029] task:repro           state:D stack:0     pid:593   ppid:589    flags:0x00004006
[  889.988587] Call Trace:
[  889.988808]  <TASK>
[  889.989158]  __schedule+0x344/0xad0
[  889.989665]  ? wait_for_completion+0x7b/0x180
[  889.990163]  schedule+0x5b/0xe0
[  889.990488]  schedule_timeout+0x554/0x640
[  889.991064]  ? schedule_timeout+0x9/0x640
[  889.991569]  ? wait_for_completion+0x7b/0x180
[  889.991918]  wait_for_completion+0xa6/0x180
[  889.992482]  __wait_rcu_gp+0x136/0x160
[  889.992859]  ? ftrace_kill+0x40/0x40
[  889.993170]  ? ftrace_kill+0x40/0x40
[  889.993508]  synchronize_rcu_tasks_generic.part.24+0x3b/0x60
[  889.994044]  ? call_rcu_tasks_generic+0x320/0x320
[  889.994411]  ? rcu_tasks_pregp_step+0x20/0x20
[  889.994934]  ? verify_cpu+0xa0/0x100
[  889.995323]  synchronize_rcu_tasks_generic+0x2b/0x70
[  889.995729]  synchronize_rcu_tasks+0x19/0x20
[  889.996076]  ftrace_shutdown+0x1d2/0x410
[  889.996586]  unregister_ftrace_function+0x35/0x220
[  889.997013]  ? __sanitizer_cov_trace_switch+0x57/0xa0
[  889.997516]  perf_ftrace_event_register+0x95/0xf0
[  889.998032]  ? perf_tp_event_init+0xa0/0xa0
[  889.998377]  perf_trace_destroy+0x3a/0xa0
[  889.998714]  ? perf_tp_event_init+0xa0/0xa0
[  889.999057]  tp_perf_event_destroy+0x1e/0x30
[  889.999432]  _free_event+0x101/0x7e0
[  889.999873]  put_event+0x3c/0x50
[  890.000224]  perf_event_release_kernel+0x2fd/0x380
[  890.000573]  ? perf_event_release_kernel+0x9/0x380
[  890.001069]  ? perf_event_release_kernel+0x380/0x380
[  890.001498]  perf_release+0x22/0x30
[  890.001835]  __fput+0x11f/0x450
[  890.002511]  ____fput+0x1e/0x30
[  890.002834]  task_work_run+0xb6/0x120
[  890.003300]  do_exit+0x547/0x1360
[  890.003711]  ? write_comp_data+0x2f/0x90
[  890.004214]  do_group_exit+0x5e/0xf0
[  890.004656]  get_signal+0x148f/0x1490
[  890.005400]  arch_do_signal_or_restart+0x3b/0x820
[  890.006209]  ? arch_do_signal_or_restart+0x9/0x820
[  890.006579]  ? lockdep_hardirqs_on+0x8a/0x110
[  890.007100]  exit_to_user_mode_prepare+0x13b/0x210
[  890.007527]  irqentry_exit_to_user_mode+0xd/0x30
[  890.007892]  irqentry_exit+0x6f/0xa0
[  890.008207]  sysvec_apic_timer_interrupt+0x67/0xe0
[  890.008628]  asm_sysvec_apic_timer_interrupt+0x1f/0x30
[  890.009007] RIP: 0033:0x7fead904454f
[  890.009309] RSP: 002b:00007ffe89db5eb0 EFLAGS: 00000246
[  890.009710] RAX: 0000000000000004 RBX: 0000000000000000 RCX: 00007fead904454f
[  890.010304] RDX: 0000000000020881 RSI: 00007ffe89db5f40 RDI: 00000000ffffff9c
[  890.010746] RBP: 00007ffe89db6350 R08: 000000000000001f R09: 00007ffe89db6370
[  890.011185] R10: 0000000000000000 R11: 0000000000000246 R12: 00000000004011e0
[  890.011626] R13: 00007ffe89db6490 R14: 0000000000000000 R15: 0000000000000000
[  890.012590]  </TASK>
[  890.012804] 
[  890.012804] Showing all locks held in the system:
[  890.013200] 1 lock held by rcu_tasks_kthre/11:
[  890.013515]  #0: ffffffff83b63c90 (rcu_tasks.tasks_gp_mutex){+.+.}-{3:3}, at: rcu_tasks_one_gp+0x2d/0x3d0
[  890.014572] 1 lock held by rcu_tasks_rude_/12:
[  890.014885]  #0: ffffffff83b63a10 (rcu_tasks_rude.tasks_gp_mutex){+.+.}-{3:3}, at: rcu_tasks_one_gp+0x2d/0x3d0
[  890.015724] 1 lock held by rcu_tasks_trace/13:
[  890.016036]  #0: ffffffff83b63750 (rcu_tasks_trace.tasks_gp_mutex){+.+.}-{3:3}, at: rcu_tasks_one_gp+0x2d/0x3d0
[  890.016878] 1 lock held by khungtaskd/29:
[  890.017172]  #0: ffffffff83b646a0 (rcu_read_lock){....}-{1:2}, at: debug_show_all_locks+0x27/0x18c
[  890.018119] 1 lock held by repro/585:
[  890.018395] 1 lock held by repro/592:
[  890.018669]  #0: ffffffff83c21e28 (event_mutex){+.+.}-{3:3}, at: perf_trace_destroy+0x21/0xa0
[  890.019436] 2 locks held by repro/593:
[  890.019716]  #0: ffffffff83c21e28 (event_mutex){+.+.}-{3:3}, at: perf_trace_destroy+0x21/0xa0
[  890.020492]  #1: ffffffff83c1e308 (ftrace_lock){+.+.}-{3:3}, at: unregister_ftrace_function+0x2b/0x220
[  890.021299] 
[  890.021473] =============================================
[  890.021473] 
[ 1237.018207] INFO: rcu_tasks detected stalls on tasks:
[ 1237.018623] 000000000f989583: .. nvcsw: 1/1 holdout: 1 idle_cpu: -1/0
[ 1237.019035] task:repro           state:R  running task     stack:0     pid:598   ppid:591    flags:0x00004004
[ 1237.019737] Call Trace:
[ 1237.019959]  <TASK>
[ 1237.020313]  __schedule+0x344/0xad0
[ 1237.020739]  ? __cond_resched+0x25/0x30
[ 1237.021166]  preempt_schedule_common+0x11/0x90
[ 1237.021550]  __cond_resched+0x25/0x30
[ 1237.021870]  mousedev_write+0xd2/0x3d0
[ 1237.022642]  vfs_write+0x1b6/0x780
[ 1237.022949]  ? mousedev_fasync+0x40/0x40
[ 1237.023428]  ? vfs_write+0x9/0x780
[ 1237.023747]  ? write_comp_data+0x2f/0x90
[ 1237.024272]  ksys_write+0x153/0x170
[ 1237.024759]  __x64_sys_write+0x27/0x30
[ 1237.025107]  do_syscall_64+0x3b/0x90
[ 1237.025449]  entry_SYSCALL_64_after_hwframe+0x63/0xcd
[ 1237.025810] RIP: 0033:0x7fead8f5859d
[ 1237.026265] RSP: 002b:00007ffe89db6358 EFLAGS: 00000246 ORIG_RAX: 0000000000000001
[ 1237.026775] RAX: ffffffffffffffda RBX: 0000000000000000 RCX: 00007fead8f5859d
[ 1237.027213] RDX: 00000000fffffdef RSI: 0000000020000040 RDI: 0000000000000004
[ 1237.027652] RBP: 00007ffe89db6370 R08: 00007ffe89db6370 R09: 00007ffe89db6370
[ 1237.028090] R10: 000000000000001f R11: 0000000000000246 R12: 00000000004011e0
[ 1237.028529] R13: 00007ffe89db6490 R14: 0000000000000000 R15: 0000000000000000
[ 1237.029474]  </TASK>
[ 1237.042108] 00000000acfd690e: .. nvcsw: 1/1 holdout: 1 idle_cpu: -1/1
[ 1237.042522] task:repro           state:R  running task     stack:0     pid:597   ppid:587    flags:0x00004004
[ 1237.043203] Call Trace:
[ 1237.043422]  <TASK>
[ 1237.043777]  __schedule+0x344/0xad0
[ 1237.044190]  ? __cond_resched+0x25/0x30
[ 1237.044615]  preempt_schedule_common+0x11/0x90
[ 1237.044999]  __cond_resched+0x25/0x30
[ 1237.045321]  mousedev_write+0xd2/0x3d0
[ 1237.045845]  vfs_write+0x1b6/0x780
[ 1237.046302]  ? mousedev_fasync+0x40/0x40
[ 1237.046781]  ? vfs_write+0x9/0x780
[ 1237.047086]  ? write_comp_data+0x2f/0x90
[ 1237.047587]  ksys_write+0x153/0x170
[ 1237.048074]  __x64_sys_write+0x27/0x30
[ 1237.048423]  do_syscall_64+0x3b/0x90
[ 1237.048764]  entry_SYSCALL_64_after_hwframe+0x63/0xcd
[ 1237.049125] RIP: 0033:0x7fead8f5859d
[ 1237.049427] RSP: 002b:00007ffe89db6358 EFLAGS: 00000246 ORIG_RAX: 0000000000000001
[ 1237.050086] RAX: ffffffffffffffda RBX: 0000000000000000 RCX: 00007fead8f5859d
[ 1237.050524] RDX: 00000000fffffdef RSI: 0000000020000040 RDI: 0000000000000004
[ 1237.050961] RBP: 00007ffe89db6370 R08: 00007ffe89db6370 R09: 00007ffe89db6370
[ 1237.051399] R10: 000000000000001f R11: 0000000000000246 R12: 00000000004011e0
[ 1237.051838] R13: 00007ffe89db6490 R14: 0000000000000000 R15: 0000000000000000
[ 1237.052799]  </TASK>
[ 1237.298091] 0000000028557c9c: .. nvcsw: 1/1 holdout: 1 idle_cpu: -1/1
[ 1237.298514] task:repro           state:R  running task     stack:0     pid:596   ppid:584    flags:0x00004004
[ 1237.299198] Call Trace:
[ 1237.299419]  <TASK>
[ 1237.299773]  __schedule+0x344/0xad0
[ 1237.300187]  ? __cond_resched+0x25/0x30
[ 1237.300612]  preempt_schedule_common+0x11/0x90
[ 1237.300998]  __cond_resched+0x25/0x30
[ 1237.301320]  mousedev_write+0xd2/0x3d0
[ 1237.301843]  vfs_write+0x1b6/0x780
[ 1237.302299]  ? mousedev_fasync+0x40/0x40
[ 1237.302774]  ? vfs_write+0x9/0x780
[ 1237.303080]  ? write_comp_data+0x2f/0x90
[ 1237.303575]  ksys_write+0x153/0x170
[ 1237.304059]  __x64_sys_write+0x27/0x30
[ 1237.304409]  do_syscall_64+0x3b/0x90
[ 1237.304750]  entry_SYSCALL_64_after_hwframe+0x63/0xcd
[ 1237.305110] RIP: 0033:0x7fead8f5859d
[ 1237.305413] RSP: 002b:00007ffe89db6358 EFLAGS: 00000246 ORIG_RAX: 0000000000000001
[ 1237.306070] RAX: ffffffffffffffda RBX: 0000000000000000 RCX: 00007fead8f5859d
[ 1237.306510] RDX: 00000000fffffdef RSI: 0000000020000040 RDI: 0000000000000004
[ 1237.306950] RBP: 00007ffe89db6370 R08: 00007ffe89db6370 R09: 00007ffe89db6370
[ 1237.307389] R10: 000000000000001f R11: 0000000000000246 R12: 00000000004011e0
[ 1237.307831] R13: 00007ffe89db6490 R14: 0000000000000000 R15: 0000000000000000
[ 1237.308780]  </TASK>
[ 1237.358057] 000000005ce514ca: .. nvcsw: 1/1 holdout: 1 idle_cpu: -1/1
[ 1237.358505] task:repro           state:R  running task     stack:0     pid:595   ppid:586    flags:0x00004004
[ 1237.359185] Call Trace:
[ 1237.359405]  <TASK>
[ 1237.359756]  __schedule+0x344/0xad0
[ 1237.360166]  ? __cond_resched+0x25/0x30
[ 1237.360591]  preempt_schedule_common+0x11/0x90
[ 1237.360974]  __cond_resched+0x25/0x30
[ 1237.361294]  mousedev_write+0xd2/0x3d0
[ 1237.361814]  vfs_write+0x1b6/0x780
[ 1237.362382]  ? mousedev_fasync+0x40/0x40
[ 1237.362859]  ? vfs_write+0x9/0x780
[ 1237.363163]  ? write_comp_data+0x2f/0x90
[ 1237.363660]  ksys_write+0x153/0x170
[ 1237.364141]  __x64_sys_write+0x27/0x30
[ 1237.364490]  do_syscall_64+0x3b/0x90
[ 1237.364830]  entry_SYSCALL_64_after_hwframe+0x63/0xcd
[ 1237.365189] RIP: 0033:0x7fead8f5859d
[ 1237.365490] RSP: 002b:00007ffe89db6358 EFLAGS: 00000246 ORIG_RAX: 0000000000000001
[ 1237.366145] RAX: ffffffffffffffda RBX: 0000000000000000 RCX: 00007fead8f5859d
[ 1237.366583] RDX: 00000000fffffdef RSI: 0000000020000040 RDI: 0000000000000004
[ 1237.367020] RBP: 00007ffe89db6370 R08: 00007ffe89db6370 R09: 00007ffe89db6370
[ 1237.367456] R10: 000000000000001f R11: 0000000000000246 R12: 00000000004011e0
[ 1237.367894] R13: 00007ffe89db6490 R14: 0000000000000000 R15: 0000000000000000
[ 1237.368852]  </TASK>
[ 1237.423450] 00000000800f43eb: .. nvcsw: 1/1 holdout: 1 idle_cpu: -1/1
[ 1237.423883] task:repro           state:R  running task     stack:0     pid:594   ppid:588    flags:0x00004004
[ 1237.424571] Call Trace:
[ 1237.424792]  <TASK>
[ 1237.425146]  __schedule+0x344/0xad0
[ 1237.425565]  ? __cond_resched+0x25/0x30
[ 1237.426134]  preempt_schedule_common+0x11/0x90
[ 1237.426519]  __cond_resched+0x25/0x30
[ 1237.426839]  mousedev_write+0xd2/0x3d0
[ 1237.427355]  vfs_write+0x1b6/0x780
[ 1237.427665]  ? mousedev_fasync+0x40/0x40
[ 1237.428138]  ? vfs_write+0x9/0x780
[ 1237.428445]  ? write_comp_data+0x2f/0x90
[ 1237.428944]  ksys_write+0x153/0x170
[ 1237.429425]  __x64_sys_write+0x27/0x30
[ 1237.429773]  do_syscall_64+0x3b/0x90
[ 1237.430262]  entry_SYSCALL_64_after_hwframe+0x63/0xcd
[ 1237.430623] RIP: 0033:0x7fead8f5859d
[ 1237.430924] RSP: 002b:00007ffe89db6358 EFLAGS: 00000246 ORIG_RAX: 0000000000000001
[ 1237.431433] RAX: ffffffffffffffda RBX: 0000000000000000 RCX: 00007fead8f5859d
[ 1237.431874] RDX: 00000000fffffdef RSI: 0000000020000040 RDI: 0000000000000004
[ 1237.432312] RBP: 00007ffe89db6370 R08: 00007ffe89db6370 R09: 00007ffe89db6370
[ 1237.432750] R10: 000000000000001f R11: 0000000000000246 R12: 00000000004011e0
[ 1237.433189] R13: 00007ffe89db6490 R14: 0000000000000000 R15: 0000000000000000
[ 1237.434278]  </TASK>
[ 1237.525330] 00000000b393ae13: .. nvcsw: 0/0 holdout: 1 idle_cpu: -1/1
[ 1237.525762] task:repro           state:R  running task     stack:0     pid:585   ppid:583    flags:0x00004004
[ 1237.526589] Call Trace:
[ 1237.526810]  <TASK>
[ 1237.527164]  __schedule+0x344/0xad0
[ 1237.527583]  ? __cond_resched+0x25/0x30
[ 1237.528012]  preempt_schedule_common+0x11/0x90
[ 1237.528399]  __cond_resched+0x25/0x30
[ 1237.528723]  mousedev_write+0xd2/0x3d0
[ 1237.529248]  vfs_write+0x1b6/0x780
[ 1237.529558]  ? mousedev_fasync+0x40/0x40
[ 1237.530253]  ? vfs_write+0x9/0x780
[ 1237.530562]  ? write_comp_data+0x2f/0x90
[ 1237.531065]  ksys_write+0x153/0x170
[ 1237.531557]  __x64_sys_write+0x27/0x30
[ 1237.531907]  do_syscall_64+0x3b/0x90
[ 1237.532249]  entry_SYSCALL_64_after_hwframe+0x63/0xcd
[ 1237.532611] RIP: 0033:0x7fead8f5859d
[ 1237.532914] RSP: 002b:00007ffe89db6358 EFLAGS: 00000246 ORIG_RAX: 0000000000000001
[ 1237.533427] RAX: ffffffffffffffda RBX: 0000000000000000 RCX: 00007fead8f5859d
[ 1237.533868] RDX: 00000000fffffdef RSI: 0000000020000040 RDI: 0000000000000004
[ 1237.534453] RBP: 00007ffe89db6370 R08: 00007ffe89db6370 R09: 00007ffe89db6370
[ 1237.534895] R10: 000000000000001f R11: 0000000000000246 R12: 00000000004011e0
[ 1237.535336] R13: 00007ffe89db6490 R14: 0000000000000000 R15: 0000000000000000
[ 1237.536291]  </TASK>
[ 1651.914286] rcu_tasks_wait_gp: rcu_tasks grace period 41 is 2755 jiffies old.
[ 1682.378444] rcu_tasks_wait_gp: rcu_tasks grace period 41 is 10371 jiffies old.
[ 1772.874211] rcu_tasks_wait_gp: rcu_tasks grace period 41 is 32995 jiffies old.
[ 2043.210220] rcu_tasks_wait_gp: rcu_tasks grace period 41 is 100579 jiffies old.
