c[?7l[2J[0mSeaBIOS (version rel-1.16.0-0-gd239552ce722-prebuilt.qemu.org)


iPXE (http://ipxe.org) 00:03.0 CA00 PCI2.10 PnP PMM+7FF91000+7FEF1000 CA00
Press Ctrl-B to configure iPXE (PCI 00:03.0)...                                                                               


Booting from ROM..c[?7l[2J[    0.000000] Linux version 6.1.0-rc3-10d916c86eca+ (root@p-adls01) (gcc (GCC) 8.5.0 20210514 (Red Hat 8.5.0-18), GNU ld version 2.36.1-2.el8) #1 SMP PREEMPT_DYNAMIC Wed Mar 15 11:10:58 CST 2023
[    0.000000] Command line: console=ttyS0 root=/dev/sda earlyprintk=serial net.ifnames=0
[    0.000000] KERNEL supported cpus:
[    0.000000]   Intel GenuineIntel
[    0.000000]   AMD AuthenticAMD
[    0.000000]   Hygon HygonGenuine
[    0.000000]   Centaur CentaurHauls
[    0.000000]   zhaoxin   Shanghai  
[    0.000000] x86/fpu: Supporting XSAVE feature 0x001: 'x87 floating point registers'
[    0.000000] x86/fpu: Supporting XSAVE feature 0x002: 'SSE registers'
[    0.000000] x86/fpu: Supporting XSAVE feature 0x004: 'AVX registers'
[    0.000000] x86/fpu: Supporting XSAVE feature 0x200: 'Protection Keys User registers'
[    0.000000] x86/fpu: xstate_offset[2]:  576, xstate_sizes[2]:  256
[    0.000000] x86/fpu: xstate_offset[9]:  832, xstate_sizes[9]:    8
[    0.000000] x86/fpu: Enabled xstate features 0x207, context size is 840 bytes, using 'compacted' format.
[    0.000000] signal: max sigframe size: 3632
[    0.000000] BIOS-provided physical RAM map:
[    0.000000] BIOS-e820: [mem 0x0000000000000000-0x000000000009fbff] usable
[    0.000000] BIOS-e820: [mem 0x000000000009fc00-0x000000000009ffff] reserved
[    0.000000] BIOS-e820: [mem 0x00000000000f0000-0x00000000000fffff] reserved
[    0.000000] BIOS-e820: [mem 0x0000000000100000-0x000000007ffdffff] usable
[    0.000000] BIOS-e820: [mem 0x000000007ffe0000-0x000000007fffffff] reserved
[    0.000000] BIOS-e820: [mem 0x00000000feffc000-0x00000000feffffff] reserved
[    0.000000] BIOS-e820: [mem 0x00000000fffc0000-0x00000000ffffffff] reserved
[    0.000000] printk: bootconsole [earlyser0] enabled
[    0.000000] NX (Execute Disable) protection: active
[    0.000000] SMBIOS 2.8 present.
[    0.000000] DMI: QEMU Standard PC (i440FX + PIIX, 1996), BIOS rel-1.16.0-0-gd239552ce722-prebuilt.qemu.org 04/01/2014
[    0.000000] Hypervisor detected: KVM
[    0.000000] kvm-clock: Using msrs 4b564d01 and 4b564d00
[    0.000003] kvm-clock: using sched offset of 319336198 cycles
[    0.000309] clocksource: kvm-clock: mask: 0xffffffffffffffff max_cycles: 0x1cd42e4dffb, max_idle_ns: 881590591483 ns
[    0.001249] tsc: Detected 3609.600 MHz processor
[    0.007689] last_pfn = 0x7ffe0 max_arch_pfn = 0x400000000
[    0.008069] x86/PAT: Configuration [0-7]: WB  WC  UC- UC  WB  WP  UC- WT  
[    0.016522] found SMP MP-table at [mem 0x000f5ba0-0x000f5baf]
[    0.017000] Using GB pages for direct mapping
[    0.018308] ACPI: Early table checksum verification disabled
[    0.018659] ACPI: RSDP 0x00000000000F59C0 000014 (v00 BOCHS )
[    0.019006] ACPI: RSDT 0x000000007FFE1951 000034 (v01 BOCHS  BXPC     00000001 BXPC 00000001)
[    0.019513] ACPI: FACP 0x000000007FFE17FD 000074 (v01 BOCHS  BXPC     00000001 BXPC 00000001)
[    0.020021] ACPI: DSDT 0x000000007FFE0040 0017BD (v01 BOCHS  BXPC     00000001 BXPC 00000001)
[    0.020531] ACPI: FACS 0x000000007FFE0000 000040
[    0.020810] ACPI: APIC 0x000000007FFE1871 000080 (v01 BOCHS  BXPC     00000001 BXPC 00000001)
[    0.021314] ACPI: HPET 0x000000007FFE18F1 000038 (v01 BOCHS  BXPC     00000001 BXPC 00000001)
[    0.021819] ACPI: WAET 0x000000007FFE1929 000028 (v01 BOCHS  BXPC     00000001 BXPC 00000001)
[    0.022320] ACPI: Reserving FACP table memory at [mem 0x7ffe17fd-0x7ffe1870]
[    0.022728] ACPI: Reserving DSDT table memory at [mem 0x7ffe0040-0x7ffe17fc]
[    0.023134] ACPI: Reserving FACS table memory at [mem 0x7ffe0000-0x7ffe003f]
[    0.023540] ACPI: Reserving APIC table memory at [mem 0x7ffe1871-0x7ffe18f0]
[    0.023946] ACPI: Reserving HPET table memory at [mem 0x7ffe18f1-0x7ffe1928]
[    0.024355] ACPI: Reserving WAET table memory at [mem 0x7ffe1929-0x7ffe1950]
[    0.025297] No NUMA configuration found
[    0.025522] Faking a node at [mem 0x0000000000000000-0x000000007ffdffff]
[    0.025956] NODE_DATA(0) allocated [mem 0x7ffb5000-0x7ffdffff]
[    0.028918] Zone ranges:
[    0.029095]   DMA      [mem 0x0000000000001000-0x0000000000ffffff]
[    0.029463]   DMA32    [mem 0x0000000001000000-0x000000007ffdffff]
[    0.029823]   Normal   empty
[    0.029998]   Device   empty
[    0.030167] Movable zone start for each node
[    0.030416] Early memory node ranges
[    0.030626]   node   0: [mem 0x0000000000001000-0x000000000009efff]
[    0.030994]   node   0: [mem 0x0000000000100000-0x000000007ffdffff]
[    0.031359] Initmem setup node 0 [mem 0x0000000000001000-0x000000007ffdffff]
[    0.032132] On node 0, zone DMA: 1 pages in unavailable ranges
[    0.032245] On node 0, zone DMA: 97 pages in unavailable ranges
[    0.048222] On node 0, zone DMA32: 32 pages in unavailable ranges
[    0.048762] ACPI: PM-Timer IO Port: 0x608
[    0.049373] ACPI: LAPIC_NMI (acpi_id[0xff] dfl dfl lint[0x1])
[    0.049757] IOAPIC[0]: apic_id 0, version 17, address 0xfec00000, GSI 0-23
[    0.050188] ACPI: INT_SRC_OVR (bus 0 bus_irq 0 global_irq 2 dfl dfl)
[    0.050549] ACPI: INT_SRC_OVR (bus 0 bus_irq 5 global_irq 5 high level)
[    0.050925] ACPI: INT_SRC_OVR (bus 0 bus_irq 9 global_irq 9 high level)
[    0.051299] ACPI: INT_SRC_OVR (bus 0 bus_irq 10 global_irq 10 high level)
[    0.051684] ACPI: INT_SRC_OVR (bus 0 bus_irq 11 global_irq 11 high level)
[    0.052090] ACPI: Using ACPI (MADT) for SMP configuration information
[    0.052457] ACPI: HPET id: 0x8086a201 base: 0xfed00000
[    0.052759] TSC deadline timer available
[    0.052986] smpboot: Allowing 2 CPUs, 0 hotplug CPUs
[    0.053337] kvm-guest: KVM setup pv remote TLB flush
[    0.053628] kvm-guest: setup PV sched yield
[    0.053920] PM: hibernation: Registered nosave memory: [mem 0x00000000-0x00000fff]
[    0.054350] PM: hibernation: Registered nosave memory: [mem 0x0009f000-0x0009ffff]
[    0.054774] PM: hibernation: Registered nosave memory: [mem 0x000a0000-0x000effff]
[    0.055198] PM: hibernation: Registered nosave memory: [mem 0x000f0000-0x000fffff]
[    0.055625] [mem 0x80000000-0xfeffbfff] available for PCI devices
[    0.055968] Booting paravirtualized kernel on KVM
[    0.056257] clocksource: refined-jiffies: mask: 0xffffffff max_cycles: 0xffffffff, max_idle_ns: 7645519600211568 ns
[    0.056858] setup_percpu: NR_CPUS:8192 nr_cpumask_bits:2 nr_cpu_ids:2 nr_node_ids:1
[    0.058388] percpu: Embedded 64 pages/cpu s225280 r8192 d28672 u1048576
[    0.058945] kvm-guest: PV spinlocks enabled
[    0.059192] PV qspinlock hash table entries: 256 (order: 0, 4096 bytes, linear)
[    0.059629] Fallback order for Node 0: 0 
[    0.059874] Built 1 zonelists, mobility grouping on.  Total pages: 515808
[    0.060272] Policy zone: DMA32
[    0.060450] Kernel command line: net.ifnames=0 console=ttyS0 root=/dev/sda earlyprintk=serial net.ifnames=0
[    0.062413] Dentry cache hash table entries: 262144 (order: 9, 2097152 bytes, linear)
[    0.062939] Inode-cache hash table entries: 131072 (order: 8, 1048576 bytes, linear)
[    0.063479] mem auto-init: stack:off, heap alloc:off, heap free:off
[    0.066602] Memory: 1985384K/2096632K available (32784K kernel code, 4691K rwdata, 7816K rodata, 3672K init, 22124K bss, 110992K reserved, 0K cma-reserved)
[    0.068285] SLUB: HWalign=64, Order=0-3, MinObjects=0, CPUs=2, Nodes=1
[    0.068654] kmemleak: Kernel memory leak detector disabled
[    0.068982] ftrace: allocating 67276 entries in 263 pages
[    0.084209] ftrace: allocated 263 pages with 4 groups
[    0.086857] Dynamic Preempt: voluntary
[    0.087254] Running RCU self tests
[    0.087451] rcu: Preemptible hierarchical RCU implementation.
[    0.087769] rcu: 	RCU lockdep checking is enabled.
[    0.088034] rcu: 	RCU restricting CPUs from NR_CPUS=8192 to nr_cpu_ids=2.
[    0.088413] 	Trampoline variant of Tasks RCU enabled.
[    0.088692] 	Rude variant of Tasks RCU enabled.
[    0.088943] 	Tracing variant of Tasks RCU enabled.
[    0.089207] rcu: RCU calculated value of scheduler-enlistment delay is 25 jiffies.
[    0.089624] rcu: Adjusting geometry for rcu_fanout_leaf=16, nr_cpu_ids=2
[    0.112263] NR_IRQS: 524544, nr_irqs: 440, preallocated irqs: 16
[    0.112883] rcu: srcu_init: Setting srcu_struct sizes based on contention.
[    0.118517] Console: colour VGA+ 80x25
[    0.118763] printk: console [ttyS0] enabled
[    0.118763] printk: console [ttyS0] enabled
[    0.119233] printk: bootconsole [earlyser0] disabled
[    0.119233] printk: bootconsole [earlyser0] disabled
[    0.119784] Lock dependency validator: Copyright (c) 2006 Red Hat, Inc., Ingo Molnar
[    0.120220] ... MAX_LOCKDEP_SUBCLASSES:  8
[    0.120454] ... MAX_LOCK_DEPTH:          48
[    0.120692] ... MAX_LOCKDEP_KEYS:        8192
[    0.120940] ... CLASSHASH_SIZE:          4096
[    0.121188] ... MAX_LOCKDEP_ENTRIES:     32768
[    0.121441] ... MAX_LOCKDEP_CHAINS:      65536
[    0.121694] ... CHAINHASH_SIZE:          32768
[    0.121946]  memory used by lock dependency info: 6365 kB
[    0.122251]  memory used for stack traces: 4224 kB
[    0.122523]  per task-struct memory footprint: 1920 bytes
[    0.122863] ACPI: Core revision 20220331
[    0.123274] clocksource: hpet: mask: 0xffffffff max_cycles: 0xffffffff, max_idle_ns: 19112604467 ns
[    0.123901] APIC: Switch to symmetric I/O mode setup
[    0.124315] x2apic enabled
[    0.124602] Switched APIC routing to physical x2apic.
[    0.124895] kvm-guest: setup PV IPIs
[    0.125776] ..TIMER: vector=0x30 apic1=0 pin1=2 apic2=-1 pin2=-1
[    0.126138] clocksource: tsc-early: mask: 0xffffffffffffffff max_cycles: 0x3407c077a8d, max_idle_ns: 440795342283 ns
[    0.126751] Calibrating delay loop (skipped) preset value.. 7219.20 BogoMIPS (lpj=14438400)
[    0.127232] pid_max: default: 32768 minimum: 301
[    0.127627] LSM: Security Framework initializing
[    0.127900] Yama: becoming mindful.
[    0.130935] Mount-cache hash table entries: 4096 (order: 3, 32768 bytes, linear)
[    0.131371] Mountpoint-cache hash table entries: 4096 (order: 3, 32768 bytes, linear)
[    0.132926] x86/cpu: User Mode Instruction Prevention (UMIP) activated
[    0.134118] Last level iTLB entries: 4KB 0, 2MB 0, 4MB 0
[    0.134462] Last level dTLB entries: 4KB 0, 2MB 0, 4MB 0, 1GB 0
[    0.134793] Spectre V1 : Mitigation: usercopy/swapgs barriers and __user pointer sanitization
[    0.135291] Spectre V2 : WARNING: Unprivileged eBPF is enabled with eIBRS on, data leaks possible via Spectre v2 BHB attacks!
[    0.135935] Spectre V2 : Mitigation: Enhanced IBRS
[    0.136200] Spectre V2 : Spectre v2 / SpectreRSB mitigation: Filling RSB on context switch
[    0.136649] Spectre V2 : Spectre v2 / PBRSB-eIBRS: Retire a single CALL on VMEXIT
[    0.137060] Spectre V2 : mitigation: Enabling conditional Indirect Branch Prediction Barrier
[    0.137519] Speculative Store Bypass: Mitigation: Speculative Store Bypass disabled via prctl
[    0.221565] Freeing SMP alternatives memory: 56K
[    0.222189] smpboot: CPU0: 12th Gen Intel(R) Core(TM) i7-12700K (family: 0x6, model: 0x97, stepping: 0x2)
[    0.222739] cblist_init_generic: Setting adjustable number of callback queues.
[    0.222739] cblist_init_generic: Setting shift to 1 and lim to 1.
[    0.222739] cblist_init_generic: Setting shift to 1 and lim to 1.
[    0.222739] cblist_init_generic: Setting shift to 1 and lim to 1.
[    0.222739] Running RCU-tasks wait API self tests
[    0.322835] Performance Events: Alderlake Hybrid events, full-width counters, Intel PMU driver.
[    0.323744] core: cpu_core PMU driver: 
[    0.323966] ... version:                2
[    0.324191] ... bit width:              48
[    0.324420] ... generic registers:      6
[    0.324643] ... value mask:             0000ffffffffffff
[    0.324936] ... max period:             00007fffffffffff
[    0.325228] ... fixed-purpose events:   3
[    0.325452] ... event mask:             0001000f0000003f
[    0.325895] rcu: Hierarchical SRCU implementation.
[    0.326162] rcu: 	Max phase no-delay instances is 1000.
[    0.328526] unchecked MSR access error: WRMSR to 0x38f (tried to write 0x0001000f0000003f) at rIP: 0xffffffff810ce49c (native_write_msr+0xc/0x30)
[    0.329260] Call Trace:
[    0.329400]  <TASK>
[    0.329523]  __intel_pmu_enable_all.constprop.46+0xb5/0x140
[    0.329838]  intel_pmu_enable_all+0x1e/0x30
[    0.330076]  x86_pmu_enable+0x46d/0x5a0
[    0.330302]  ? write_comp_data+0x2f/0x90
[    0.330533]  perf_pmu_enable+0x53/0x70
[    0.330739]  ctx_resched+0xab/0xf0
[    0.330739]  __perf_install_in_context+0x31b/0x480
[    0.330739]  ? perf_duration_warn+0x50/0x50
[    0.330739]  ? perf_duration_warn+0x50/0x50
[    0.330739]  remote_function+0x80/0xa0
[    0.330739]  ? perf_duration_warn+0x50/0x50
[    0.330739]  generic_exec_single+0x124/0x190
[    0.330739]  smp_call_function_single+0x11c/0x240
[    0.330739]  ? perf_duration_warn+0x50/0x50
[    0.330739]  ? __sanitizer_cov_trace_pc+0x25/0x60
[    0.330739]  ? write_comp_data+0x2f/0x90
[    0.330739]  perf_install_in_context+0x2e8/0x310
[    0.330739]  ? ctx_resched+0xf0/0xf0
[    0.330739]  perf_event_create_kernel_counter+0x16a/0x200
[    0.330739]  ? find_next_bit+0x30/0x30
[    0.330739]  hardlockup_detector_event_create+0x46/0xd0
[    0.330739]  hardlockup_detector_perf_init+0x18/0x66
[    0.330739]  watchdog_nmi_probe+0x17/0x1d
[    0.330739]  lockup_detector_init+0x40/0xaf
[    0.330739]  kernel_init_freeable+0x264/0x42e
[    0.330739]  ? rest_init+0x240/0x240
[    0.330739]  kernel_init+0x24/0x1e0
[    0.330739]  ? rest_init+0x240/0x240
[    0.330739]  ret_from_fork+0x1f/0x30
[    0.330739]  </TASK>
[    0.330754] Callback from call_rcu_tasks_trace() invoked.
[    0.331212] smp: Bringing up secondary CPUs ...
[    0.332186] x86: Booting SMP configuration:
[    0.332436] .... node  #0, CPUs:      #1
[    0.332701] smp: Brought up 1 node, 2 CPUs
[    0.332701] smpboot: Max logical packages: 1
[    0.332701] smpboot: Total of 2 processors activated (14438.40 BogoMIPS)
[    0.336184] devtmpfs: initialized
[    0.336184] x86/mm: Memory block size: 128MB
[    0.339054] clocksource: jiffies: mask: 0xffffffff max_cycles: 0xffffffff, max_idle_ns: 7645041785100000 ns
[    0.339597] futex hash table entries: 512 (order: 4, 65536 bytes, linear)
[    0.340197] pinctrl core: initialized pinctrl subsystem
[    0.341001] 
[    0.341098] *************************************************************
[    0.341468] **     NOTICE NOTICE NOTICE NOTICE NOTICE NOTICE NOTICE    **
[    0.341837] **                                                         **
[    0.342205] **  IOMMU DebugFS SUPPORT HAS BEEN ENABLED IN THIS KERNEL  **
[    0.342574] **                                                         **
[    0.342750] ** This means that this kernel is built to expose internal **
[    0.343119] ** IOMMU data structures, which may compromise security on **
[    0.343488] ** your system.                                            **
[    0.343857] **                                                         **
[    0.344226] ** If you see this message and you are not debugging the   **
[    0.344599] ** kernel, report this immediately to your vendor!         **
[    0.344968] **                                                         **
[    0.345337] **     NOTICE NOTICE NOTICE NOTICE NOTICE NOTICE NOTICE    **
[    0.345705] *************************************************************
[    0.346108] PM: RTC time: 03:11:29, date: 2023-03-15
[    0.349041] NET: Registered PF_NETLINK/PF_ROUTE protocol family
[    0.349866] DMA: preallocated 256 KiB GFP_KERNEL pool for atomic allocations
[    0.350266] DMA: preallocated 256 KiB GFP_KERNEL|GFP_DMA pool for atomic allocations
[    0.350698] DMA: preallocated 256 KiB GFP_KERNEL|GFP_DMA32 pool for atomic allocations
[    0.350784] audit: initializing netlink subsys (disabled)
[    0.351150] audit: type=2000 audit(1678849890.198:1): state=initialized audit_enabled=0 res=1
[    0.351222] thermal_sys: Registered thermal governor 'fair_share'
[    0.351388] thermal_sys: Registered thermal governor 'bang_bang'
[    0.351730] thermal_sys: Registered thermal governor 'step_wise'
[    0.352059] thermal_sys: Registered thermal governor 'user_space'
[    0.352418] cpuidle: using governor ladder
[    0.352989] cpuidle: using governor menu
[    0.353411] acpiphp: ACPI Hot Plug PCI Controller Driver version: 0.5
[    0.354035] PCI: Using configuration type 1 for base access
[    0.366454] kprobes: kprobe jump-optimization is enabled. All kprobes are optimized if possible.
[    0.530737] HugeTLB: registered 1.00 GiB page size, pre-allocated 0 pages
[    0.531169] HugeTLB: 16380 KiB vmemmap can be freed for a 1.00 GiB page
[    0.531543] HugeTLB: registered 2.00 MiB page size, pre-allocated 0 pages
[    0.531923] HugeTLB: 28 KiB vmemmap can be freed for a 2.00 MiB page
[    0.533646] ACPI: Added _OSI(Module Device)
[    0.533894] ACPI: Added _OSI(Processor Device)
[    0.534146] ACPI: Added _OSI(3.0 _SCP Extensions)
[    0.534411] ACPI: Added _OSI(Processor Aggregator Device)
[    0.540350] ACPI: 1 ACPI AML tables successfully acquired and loaded
[    0.543170] ACPI: Interpreter enabled
[    0.543454] ACPI: PM: (supports S0 S3 S4 S5)
[    0.543696] ACPI: Using IOAPIC for interrupt routing
[    0.544005] PCI: Using host bridge windows from ACPI; if necessary, use "pci=nocrs" and report a bug
[    0.544499] PCI: Using E820 reservations for host bridge windows
[    0.545344] ACPI: Enabled 2 GPEs in block 00 to 0F
[    0.558004] ACPI: PCI Root Bridge [PCI0] (domain 0000 [bus 00-ff])
[    0.558364] acpi PNP0A03:00: _OSC: OS supports [ASPM ClockPM Segments MSI EDR HPX-Type3]
[    0.558746] acpi PNP0A03:00: _OSC: not requesting OS control; OS requires [ExtendedConfig ASPM ClockPM MSI]
[    0.559307] acpi PNP0A03:00: fail to add MMCONFIG information, can't access extended PCI configuration space under this bridge.
[    0.561723] acpiphp: Slot [3] registered
[    0.561994] acpiphp: Slot [4] registered
[    0.562257] acpiphp: Slot [5] registered
[    0.562523] acpiphp: Slot [6] registered
[    0.562786] acpiphp: Slot [7] registered
[    0.563047] acpiphp: Slot [8] registered
[    0.563314] acpiphp: Slot [9] registered
[    0.563585] acpiphp: Slot [10] registered
[    0.563851] acpiphp: Slot [11] registered
[    0.564117] acpiphp: Slot [12] registered
[    0.564391] acpiphp: Slot [13] registered
[    0.564657] acpiphp: Slot [14] registered
[    0.564923] acpiphp: Slot [15] registered
[    0.565195] acpiphp: Slot [16] registered
[    0.565460] acpiphp: Slot [17] registered
[    0.565739] acpiphp: Slot [18] registered
[    0.566005] acpiphp: Slot [19] registered
[    0.566271] acpiphp: Slot [20] registered
[    0.566537] acpiphp: Slot [21] registered
[    0.566790] acpiphp: Slot [22] registered
[    0.567062] acpiphp: Slot [23] registered
[    0.567330] acpiphp: Slot [24] registered
[    0.567611] acpiphp: Slot [25] registered
[    0.567877] acpiphp: Slot [26] registered
[    0.568143] acpiphp: Slot [27] registered
[    0.568415] acpiphp: Slot [28] registered
[    0.568681] acpiphp: Slot [29] registered
[    0.568946] acpiphp: Slot [30] registered
[    0.569212] acpiphp: Slot [31] registered
[    0.569444] PCI host bridge to bus 0000:00
[    0.569667] pci_bus 0000:00: root bus resource [io  0x0000-0x0cf7 window]
[    0.570033] pci_bus 0000:00: root bus resource [io  0x0d00-0xffff window]
[    0.570397] pci_bus 0000:00: root bus resource [mem 0x000a0000-0x000bffff window]
[    0.570742] pci_bus 0000:00: root bus resource [mem 0x80000000-0xfebfffff window]
[    0.571144] pci_bus 0000:00: root bus resource [mem 0x100000000-0x17fffffff window]
[    0.571562] pci_bus 0000:00: root bus resource [bus 00-ff]
[    0.571956] pci 0000:00:00.0: [8086:1237] type 00 class 0x060000
[    0.574569] pci 0000:00:01.0: [8086:7000] type 00 class 0x060100
[    0.575263] pci 0000:00:01.1: [8086:7010] type 00 class 0x010180
[    0.576502] pci 0000:00:01.1: reg 0x20: [io  0xc040-0xc04f]
[    0.577220] pci 0000:00:01.1: legacy IDE quirk: reg 0x10: [io  0x01f0-0x01f7]
[    0.577605] pci 0000:00:01.1: legacy IDE quirk: reg 0x14: [io  0x03f6]
[    0.577955] pci 0000:00:01.1: legacy IDE quirk: reg 0x18: [io  0x0170-0x0177]
[    0.578336] pci 0000:00:01.1: legacy IDE quirk: reg 0x1c: [io  0x0376]
[    0.578881] pci 0000:00:01.3: [8086:7113] type 00 class 0x068000
[    0.579432] pci 0000:00:01.3: quirk: [io  0x0600-0x063f] claimed by PIIX4 ACPI
[    0.579824] pci 0000:00:01.3: quirk: [io  0x0700-0x070f] claimed by PIIX4 SMB
[    0.580412] pci 0000:00:02.0: [1234:1111] type 00 class 0x030000
[    0.582783] pci 0000:00:02.0: reg 0x10: [mem 0xfd000000-0xfdffffff pref]
[    0.584761] pci 0000:00:02.0: reg 0x18: [mem 0xfebf0000-0xfebf0fff]
[    0.587501] pci 0000:00:02.0: reg 0x30: [mem 0xfebe0000-0xfebeffff pref]
[    0.587993] pci 0000:00:02.0: Video device with shadowed ROM at [mem 0x000c0000-0x000dffff]
[    0.590673] pci 0000:00:03.0: [8086:100e] type 00 class 0x020000
[    0.591275] pci 0000:00:03.0: reg 0x10: [mem 0xfebc0000-0xfebdffff]
[    0.592075] pci 0000:00:03.0: reg 0x14: [io  0xc000-0xc03f]
[    0.593892] pci 0000:00:03.0: reg 0x30: [mem 0xfeb80000-0xfebbffff pref]
[    0.601771] ACPI: PCI: Interrupt link LNKA configured for IRQ 10
[    0.602411] ACPI: PCI: Interrupt link LNKB configured for IRQ 10
[    0.603018] ACPI: PCI: Interrupt link LNKC configured for IRQ 11
[    0.603626] ACPI: PCI: Interrupt link LNKD configured for IRQ 11
[    0.604094] ACPI: PCI: Interrupt link LNKS configured for IRQ 9
[    0.605414] iommu: Default domain type: Translated 
[    0.605699] iommu: DMA domain TLB invalidation policy: lazy mode 
[    0.606904] SCSI subsystem initialized
[    0.607333] ACPI: bus type USB registered
[    0.607606] usbcore: registered new interface driver usbfs
[    0.607942] usbcore: registered new interface driver hub
[    0.608260] usbcore: registered new device driver usb
[    0.608629] pps_core: LinuxPPS API ver. 1 registered
[    0.608904] pps_core: Software ver. 5.3.6 - Copyright 2005-2007 Rodolfo Giometti <giometti@linux.it>
[    0.609404] PTP clock support registered
[    0.609750] EDAC MC: Ver: 3.0.0
[    0.611696] NetLabel: Initializing
[    0.611898] NetLabel:  domain hash size = 128
[    0.612140] NetLabel:  protocols = UNLABELED CIPSOv4 CALIPSO
[    0.612501] NetLabel:  unlabeled traffic allowed by default
[    0.613108] PCI: Using ACPI for IRQ routing
[    0.613508] pci 0000:00:02.0: vgaarb: setting as boot VGA device
[    0.613849] pci 0000:00:02.0: vgaarb: bridge control possible
[    0.614170] pci 0000:00:02.0: vgaarb: VGA device added: decodes=io+mem,owns=io+mem,locks=none
[    0.614635] vgaarb: loaded
[    0.615140] hpet0: at MMIO 0xfed00000, IRQs 2, 8, 0
[    0.615426] hpet0: 3 comparators, 64-bit 100.000000 MHz counter
[    2.526287] clocksource: Switched to clocksource kvm-clock
[    2.526739] VFS: Disk quotas dquot_6.6.0
[    2.526739] VFS: Dquot-cache hash table entries: 512 (order 0, 4096 bytes)
[    2.526739] pnp: PnP ACPI init
[    2.526739] pnp: PnP ACPI: found 6 devices
[    2.536067] clocksource: acpi_pm: mask: 0xffffff max_cycles: 0xffffff, max_idle_ns: 2085701024 ns
[    2.536874] NET: Registered PF_INET protocol family
[    2.537311] IP idents hash table entries: 32768 (order: 6, 262144 bytes, linear)
[    2.538458] tcp_listen_portaddr_hash hash table entries: 1024 (order: 4, 73728 bytes, linear)
[    2.538973] Table-perturb hash table entries: 65536 (order: 6, 262144 bytes, linear)
[    2.539426] TCP established hash table entries: 16384 (order: 5, 131072 bytes, linear)
[    2.540043] TCP bind hash table entries: 16384 (order: 9, 2359296 bytes, linear)
[    2.542105] TCP: Hash tables configured (established 16384 bind 16384)
[    2.542597] UDP hash table entries: 1024 (order: 5, 163840 bytes, linear)
[    2.543062] UDP-Lite hash table entries: 1024 (order: 5, 163840 bytes, linear)
[    2.543631] NET: Registered PF_UNIX/PF_LOCAL protocol family
[    2.551102] RPC: Registered named UNIX socket transport module.
[    2.551446] RPC: Registered udp transport module.
[    2.551706] RPC: Registered tcp transport module.
[    2.551965] RPC: Registered tcp NFSv4.1 backchannel transport module.
[    2.552332] pci_bus 0000:00: resource 4 [io  0x0000-0x0cf7 window]
[    2.552676] pci_bus 0000:00: resource 5 [io  0x0d00-0xffff window]
[    2.553018] pci_bus 0000:00: resource 6 [mem 0x000a0000-0x000bffff window]
[    2.553403] pci_bus 0000:00: resource 7 [mem 0x80000000-0xfebfffff window]
[    2.553782] pci_bus 0000:00: resource 8 [mem 0x100000000-0x17fffffff window]
[    2.554346] pci 0000:00:01.0: PIIX3: Enabling Passive Release
[    2.554672] pci 0000:00:00.0: Limiting direct PCI/PCI transfers
[    2.555084] PCI: CLS 0 bytes, default 64
[    2.555345] ACPI: bus type thunderbolt registered
[    2.555852] clocksource: tsc: mask: 0xffffffffffffffff max_cycles: 0x3407c077a8d, max_idle_ns: 440795342283 ns
[    2.564302] Callback from call_rcu_tasks_rude() invoked.
[    2.630792] Callback from call_rcu_tasks() invoked.
[    2.664770] Initialise system trusted keyrings
[    2.665106] Key type blacklist registered
[    2.665488] workingset: timestamp_bits=36 max_order=19 bucket_order=0
[    2.673769] zbud: loaded
[    2.675545] squashfs: version 4.0 (2009/01/31) Phillip Lougher
[    2.677253] NFS: Registering the id_resolver key type
[    2.677551] Key type id_resolver registered
[    2.677776] Key type id_legacy registered
[    2.678075] nfs4filelayout_init: NFSv4 File Layout Driver Registering...
[    2.678453] nfs4flexfilelayout_init: NFSv4 Flexfile Layout Driver Registering...
[    2.678941] fuse: init (API version 7.37)
[    2.679381] SGI XFS with ACLs, security attributes, realtime, quota, no debug enabled
[    2.681422] 9p: Installing v9fs 9p2000 file system support
[    2.686844] Key type asymmetric registered
[    2.687119] Asymmetric key parser 'x509' registered
[    2.688586] alg: self-tests for CTR-KDF (hmac(sha256)) passed
[    2.688966] Block layer SCSI generic (bsg) driver version 0.4 loaded (major 243)
[    2.689481] io scheduler mq-deadline registered
[    2.689860] io scheduler bfq registered
[    2.690702] shpchp: Standard Hot Plug PCI Controller Driver version: 0.4
[    2.691423] IPMI message handler: version 39.2
[    2.691705] ipmi device interface
[    2.693103] input: Power Button as /devices/LNXSYSTM:00/LNXPWRBN:00/input/input0
[    2.693731] ACPI: button: Power Button [PWRF]
[    2.694644] ERST DBG: ERST support is disabled.
[    2.695331] Serial: 8250/16550 driver, 32 ports, IRQ sharing enabled
[    2.696046] 00:04: ttyS0 at I/O 0x3f8 (irq = 4, base_baud = 115200) is a 16550A
[    2.703045] Linux agpgart interface v0.103
[    2.703684] ACPI: bus type drm_connector registered
[    2.713887] brd: module loaded
[    2.720142] loop: module loaded
[    2.723371] scsi host0: ata_piix
[    2.724005] scsi host1: ata_piix
[    2.724316] ata1: PATA max MWDMA2 cmd 0x1f0 ctl 0x3f6 bmdma 0xc040 irq 14
[    2.724690] ata2: PATA max MWDMA2 cmd 0x170 ctl 0x376 bmdma 0xc048 irq 15
[    2.725863] tun: Universal TUN/TAP device driver, 1.6
[    2.726294] e100: Intel(R) PRO/100 Network Driver
[    2.726556] e100: Copyright(c) 1999-2006 Intel Corporation
[    2.726899] e1000: Intel(R) PRO/1000 Network Driver
[    2.727170] e1000: Copyright (c) 1999-2006 Intel Corporation.
[    2.869612] ACPI: \_SB_.LNKC: Enabled at IRQ 11
[    2.882945] ata2: found unknown device (class 0)
[    2.883422] ata1: found unknown device (class 0)
[    2.884190] ata2.00: ATAPI: QEMU DVD-ROM, 2.5+, max UDMA/100
[    2.884612] ata1.00: ATA-7: QEMU HARDDISK, 2.5+, max UDMA/100
[    2.884940] ata1.00: 16777216 sectors, multi 16: LBA48 
[    2.886121] scsi 0:0:0:0: Direct-Access     ATA      QEMU HARDDISK    2.5+ PQ: 0 ANSI: 5
[    2.887586] sd 0:0:0:0: Attached scsi generic sg0 type 0
[    2.887807] sd 0:0:0:0: [sda] 16777216 512-byte logical blocks: (8.59 GB/8.00 GiB)
[    2.888336] scsi 1:0:0:0: CD-ROM            QEMU     QEMU DVD-ROM     2.5+ PQ: 0 ANSI: 5
[    2.888376] sd 0:0:0:0: [sda] Write Protect is off
[    2.889138] sd 0:0:0:0: [sda] Write cache: enabled, read cache: enabled, doesn't support DPO or FUA
[    2.889693] sd 0:0:0:0: [sda] Preferred minimum I/O size 512 bytes
[    2.920243] scsi 1:0:0:0: Attached scsi generic sg1 type 5
[    2.920742] sd 0:0:0:0: [sda] Attached SCSI disk
[    3.189119] e1000 0000:00:03.0 eth0: (PCI:33MHz:32-bit) 52:54:00:12:34:56
[    3.189541] e1000 0000:00:03.0 eth0: Intel(R) PRO/1000 Network Connection
[    3.189992] e1000e: Intel(R) PRO/1000 Network Driver
[    3.190261] e1000e: Copyright(c) 1999 - 2015 Intel Corporation.
[    3.190630] igb: Intel(R) Gigabit Ethernet Network Driver
[    3.190931] igb: Copyright (c) 2007-2014 Intel Corporation.
[    3.191318] PPP generic driver version 2.4.2
[    3.192028] VFIO - User Level meta-driver version: 0.3
[    3.192723] usbcore: registered new interface driver uas
[    3.193066] usbcore: registered new interface driver usb-storage
[    3.193497] i8042: PNP: PS/2 Controller [PNP0303:KBD,PNP0f13:MOU] at 0x60,0x64 irq 1,12
[    3.194448] serio: i8042 KBD port at 0x60,0x64 irq 1
[    3.194765] serio: i8042 AUX port at 0x60,0x64 irq 12
[    3.195799] mousedev: PS/2 mouse device common for all mice
[    3.196887] input: AT Translated Set 2 keyboard as /devices/platform/i8042/serio0/input/input1
[    3.198117] input: VirtualPS/2 VMware VMMouse as /devices/platform/i8042/serio1/input/input4
[    3.199022] input: VirtualPS/2 VMware VMMouse as /devices/platform/i8042/serio1/input/input3
[    3.199730] rtc_cmos 00:05: RTC can wake from S4
[    3.200679] rtc_cmos 00:05: registered as rtc0
[    3.200978] rtc_cmos 00:05: setting system clock to 2023-03-15T03:11:32 UTC (1678849892)
[    3.201537] rtc_cmos 00:05: alarms up to one day, y3k, 242 bytes nvram, hpet irqs
[    3.201995] i2c_dev: i2c /dev entries driver
[    3.202271] device-mapper: core: CONFIG_IMA_DISABLE_HTABLE is disabled. Duplicate IMA measurements will not be recorded in the IMA log.
[    3.203025] device-mapper: uevent: version 1.0.3
[    3.203499] device-mapper: ioctl: 4.47.0-ioctl (2022-07-28) initialised: dm-devel@redhat.com
[    3.203963] intel_pstate: CPU model not supported
[    3.204294] sdhci: Secure Digital Host Controller Interface driver
[    3.204631] sdhci: Copyright(c) Pierre Ossman
[    3.204923] sdhci-pltfm: SDHCI platform and OF driver helper
[    3.205300] ledtrig-cpu: registered to indicate activity on CPUs
[    3.205891] drop_monitor: Initializing network drop monitor service
[    3.206623] NET: Registered PF_INET6 protocol family
[    3.208269] Segment Routing with IPv6
[    3.208504] In-situ OAM (IOAM) with IPv6
[    3.208751] NET: Registered PF_PACKET protocol family
[    3.209243] 9pnet: Installing 9P2000 support
[    3.209531] Key type dns_resolver registered
[    3.210383] IPI shorthand broadcast: enabled
[    3.210673] sched_clock: Marking stable (3200735596, 9468522)->(3225161945, -14957827)
[    3.211606] registered taskstats version 1
[    3.211985] Loading compiled-in X.509 certificates
[    3.212762] zswap: loaded using pool lzo/zbud
[    3.213481] Key type .fscrypt registered
[    3.213704] Key type fscrypt-provisioning registered
[    3.214793] Key type encrypted registered
[    3.215050] ima: No TPM chip found, activating TPM-bypass!
[    3.215364] ima: Allocated hash algorithm: sha1
[    3.215642] ima: No architecture policies found
[    3.216002] evm: Initialising EVM extended attributes:
[    3.216285] evm: security.selinux
[    3.216472] evm: security.SMACK64
[    3.216659] evm: security.SMACK64EXEC
[    3.216864] evm: security.SMACK64TRANSMUTE
[    3.217095] evm: security.SMACK64MMAP
[    3.217300] evm: security.apparmor
[    3.217493] evm: security.ima
[    3.217661] evm: security.capability
[    3.217861] evm: HMAC attrs: 0x1
[    3.221001] PM:   Magic number: 15:40:159
[    3.221557] RAS: Correctable Errors collector initialized.
[    3.222323] md: Waiting for all devices to be available before autodetect
[    3.222582] md: If you don't use raid, use raid=noautodetect
[    3.222832] md: Autodetecting RAID arrays.
[    3.222998] md: autorun ...
[    3.223109] md: ... autorun DONE.
[    3.234634] EXT4-fs (sda): INFO: recovery required on readonly filesystem
[    3.234931] EXT4-fs (sda): write access will be enabled during recovery
[    3.307605] EXT4-fs (sda): recovery complete
[    3.313847] EXT4-fs (sda): mounted filesystem with ordered data mode. Quota mode: none.
[    3.314307] VFS: Mounted root (ext4 filesystem) readonly on device 8:0.
[    3.315173] devtmpfs: mounted
[    3.320715] Freeing unused decrypted memory: 2036K
[    3.322559] Freeing unused kernel image (initmem) memory: 3672K
[    3.322901] Write protecting the kernel read-only data: 43008k
[    3.325515] Freeing unused kernel image (text/rodata gap) memory: 2028K
[    3.326151] Freeing unused kernel image (rodata/data gap) memory: 376K
[    3.396788] x86/mm: Checked W+X mappings: passed, no W+X pages found.
[    3.397167] Run /sbin/init as init process
[    3.461205] systemd[1]: RTC configured in localtime, applying delta of 0 minutes to system time.
[    3.483074] systemd[1]: systemd 239 (239-49.el8) running in system mode. (+PAM +AUDIT +SELINUX +IMA -APPARMOR +SMACK +SYSVINIT +UTMP +LIBCRYPTSETUP +GCRYPT +GNUTLS +ACL +XZ +LZ4 +SECCOMP +BLKID +ELFUTILS +KMOD +IDN2 -IDN +PCRE2 default-hierarchy=legacy)
[    3.484045] systemd[1]: Detected virtualization kvm.
[    3.484244] systemd[1]: Detected architecture x86-64.

Welcome to [0;31mCentOS Stream 8[0m!

[    3.553355] systemd[1]: Set hostname to <test>.
[    4.514797] random: crng init done
[    4.609557] systemd[1]: Listening on initctl Compatibility Named Pipe.
[[0;32m  OK  [0m] Listening on initctl Compatibility Named Pipe.
[    4.610625] systemd[1]: Listening on multipathd control socket.
[[0;32m  OK  [0m] Listening on multipathd control socket.
[    4.613403] systemd[1]: Created slice system-getty.slice.
[[0;32m  OK  [0m] Created slice system-getty.slice.
[    4.614269] systemd[1]: Listening on udev Control Socket.
[[0;32m  OK  [0m] Listening on udev Control Socket.
[    4.615064] systemd[1]: Listening on udev Kernel Socket.
[[0;32m  OK  [0m] Listening on udev Kernel Socket.
[    4.616127] systemd[1]: Listening on RPCbind Server Activation Socket.
[[0;32m  OK  [0m] Listening on RPCbind Server Activation Socket.
[[0;32m  OK  [0m] Listening on Process Core Dump Socket.
[[0;32m  OK  [0m] Listening on LVM2 poll daemon socket.
[[0;32m  OK  [0m] Reached target Swap.
[[0;32m  OK  [0m] Listening on Journal Socket.
         Starting Load Kernel Modules...
         Mounting Huge Pages File System...
[[0;32m  OK  [0m] Set up automount Arbitrary Executabâ€¦rmats File System Automount Point.
[[0;32m  OK  [0m] Created slice system-sshd\x2dkeygen.slice.
         Mounting POSIX Message Queue File System...
[[0;32m  OK  [0m] Listening on Device-mapper event daemon FIFOs.
         Starting Monitoring of LVM2 mirrorsâ€¦ng dmeventd or progress polling...
         Starting Setup Virtual Console...
[[0;32m  OK  [0m] Created slice system-serial\x2dgetty.slice.
[[0;32m  OK  [0m] Listening on Journal Socket (/dev/log).
[[0;32m  OK  [0m] Created slice User and Session Slice.
[[0;32m  OK  [0m] Reached target Slices.
         Starting udev Coldplug all Devices...
         Starting Remount Root and Kernel File Systems...
[[0;32m  OK  [0m] Reached target RPC Port Mapper.
[[0;32m  OK  [0m] Started Forward Password Requests to Wall Directory Watch.
         Mounting Kernel Debug File System...
         Starting Journal Service...
[[0;1;31mFAILED[0m] Failed to start Load Kernel Modules.
See 'systemctl status systemd-modules-load.service' for details.
[[0;32m  OK  [0m] Mounted Huge Pages File System.
[[0;32m  OK  [0m] Mounted POSIX Message Queue File System.
[[0;32m  OK  [0m] Mounted Kernel Debug File System.
         Starting Apply Kernel Variables...
         Mounting FUSE Control File System...
         Mounting Kernel Configuration File System...
[[0;32m  OK  [0m] Mounted FUSE Control File System.
[[0;32m  OK  [0m] Mounted Kernel Configuration File System.
[[0;32m  OK  [0m] Started Apply Kernel Variables.
[    4.970944] EXT4-fs (sda): re-mounted. Quota mode: none.
[[0;32m  OK  [0m] Started Remount Root and Kernel File Systems.
         Starting Create Static Device Nodes in /dev...
         Starting Load/Save Random Seed...
[[0;32m  OK  [0m] Started Journal Service.
[[0;32m  OK  [0m] Started Setup Virtual Console.
[[0;32m  OK  [0m] Started udev Coldplug all Devices.
[[0;32m  OK  [0m] Started Create Static Device Nodes in /dev.
[[0;32m  OK  [0m] Started Load/Save Random Seed.
         Starting udev Kernel Device Manager...
         Starting udev Wait for Complete Device Initialization...
         Starting Flush Journal to Persistent Storage...
[[0;32m  OK  [0m] Started Flush Journal to Persistent Storage.
[[0;32m  OK  [0m] Started udev Kernel Device Manager.
         Starting Show Plymouth Boot Screen...
[[0;32m  OK  [0m] Started Show Plymouth Boot Screen.
[[0;32m  OK  [0m] Reached target Paths.
[[0;32m  OK  [0m] Reached target Local Encrypted Volumes.
[[0;32m  OK  [0m] Started Forward Password Requests to Plymouth Directory Watch.
[[0;32m  OK  [0m] Started Monitoring of LVM2 mirrors,â€¦sing dmeventd or progress polling.
[[0;32m  OK  [0m] Found device /dev/ttyS0.
[[0;32m  OK  [0m] Started udev Wait for Complete Device Initialization.
[[0;32m  OK  [0m] Listening on Load/Save RF Kill Switch Status /dev/rfkill Watch.
[[0;32m  OK  [0m] Reached target Local File Systems (Pre).
[[0;32m  OK  [0m] Reached target Local File Systems.
         Starting Tell Plymouth To Write Out Runtime Data...
         Starting Restore /run/initramfs on shutdown...
         Starting Create Volatile Files and Directories...
[[0;32m  OK  [0m] Started Tell Plymouth To Write Out Runtime Data.
[[0;32m  OK  [0m] Started Restore /run/initramfs on shutdown.
[[0;32m  OK  [0m] Started Create Volatile Files and Directories.
         Starting RPC Bind...
         Mounting RPC Pipe File System...
         Starting Security Auditing Service...
[[0;32m  OK  [0m] Mounted RPC Pipe File System.
[[0;32m  OK  [0m] Reached target rpc_pipefs.target.
[[0;32m  OK  [0m] Started RPC Bind.
[[0;32m  OK  [0m] Started Security Auditing Service.
         Starting Update UTMP about System Boot/Shutdown...
[[0;32m  OK  [0m] Started Update UTMP about System Boot/Shutdown.
[[0;32m  OK  [0m] Reached target System Initialization.
[[0;32m  OK  [0m] Started dnf makecache --timer.
[[0;32m  OK  [0m] Listening on D-Bus System Message Bus Socket.
[[0;32m  OK  [0m] Started Daily Cleanup of Temporary Directories.
[[0;32m  OK  [0m] Listening on SSSD Kerberos Cache Manager responder socket.
[[0;32m  OK  [0m] Reached target Sockets.
[[0;32m  OK  [0m] Reached target Basic System.
         Starting Authorization Manager...
[[0;32m  OK  [0m] Started Machine Check Exception Logging Daemon.
         Starting Auto-connect to subsystemsâ€¦-NVME devices found during boot...
         Starting Self Monitoring and Reporting Technology (SMART) Daemon...
         Starting NTP client/server...
[[0;32m  OK  [0m] Started irqbalance daemon.
         Starting Login Service...
[[0;32m  OK  [0m] Started daily update of the root trust anchor for DNSSEC.
[[0;32m  OK  [0m] Reached target Timers.
[[0;32m  OK  [0m] Started D-Bus System Message Bus.
         Starting Network Manager...
[[0;32m  OK  [0m] Reached target sshd-keygen.target.
[[0;32m  OK  [0m] Started Self Monitoring and Reporting Technology (SMART) Daemon.
[[0;32m  OK  [0m] Started Auto-connect to subsystems â€¦FC-NVME devices found during boot.
         Starting update of the root trust aâ€¦or DNSSEC validation in unbound...
[[0;32m  OK  [0m] Started Login Service.
[[0;32m  OK  [0m] Started NTP client/server.
[[0;32m  OK  [0m] Started Network Manager.
         Starting Network Manager Wait Online...
[[0;32m  OK  [0m] Reached target Network.
         Starting GSSAPI Proxy Daemon...
         Starting Dynamic System Tuning Daemon...
         Starting OpenSSH server daemon...
[[0;32m  OK  [0m] Started update of the root trust anâ€¦ for DNSSEC validation in unbound.
[[0;32m  OK  [0m] Started Authorization Manager.
         Starting Hostname Service...
[[0;32m  OK  [0m] Started GSSAPI Proxy Daemon.
[[0;32m  OK  [0m] Reached target NFS client services.
[[0;32m  OK  [0m] Reached target Remote File Systems (Pre).
[[0;32m  OK  [0m] Reached target Remote File Systems.
         Starting Permit User Sessions...
[[0;32m  OK  [0m] Started OpenSSH server daemon.
[[0;32m  OK  [0m] Started Permit User Sessions.
         Starting Terminate Plymouth Boot Screen...
         Starting Hold until boot process finishes up...
[[0;32m  OK  [0m] Started Command Scheduler.
[    6.534885] e1000: eth0 NIC Link is Up 1000 Mbps Full Duplex, Flow Control: RX
[    6.535510] IPv6: ADDRCONF(NETDEV_CHANGE): eth0: link becomes ready
[    6.682403] Spectre V2 : WARNING: Unprivileged eBPF is enabled with eIBRS on, data leaks possible via Spectre v2 BHB attacks!
[    6.683195] Spectre V2 : WARNING: Unprivileged eBPF is enabled with eIBRS on, data leaks possible via Spectre v2 BHB attacks!

CentOS Stream 8
Kernel 6.1.0-rc3-10d916c86eca+ on an x86_64

test login: [   28.995759] hrtimer: interrupt took 1111980 ns
