c[?7l[2J[0mSeaBIOS (version rel-1.16.0-0-gd239552ce722-prebuilt.qemu.org)


iPXE (http://ipxe.org) 00:03.0 CA00 PCI2.10 PnP PMM+7FF91000+7FEF1000 CA00
Press Ctrl-B to configure iPXE (PCI 00:03.0)...                                                                               


Booting from ROM..c[?7l[2J[    0.000000] Linux version 6.1.0-1ca06f1c1ace+ (root@p-adls01) (gcc (GCC) 8.5.0 20210514 (Red Hat 8.5.0-18), GNU ld version 2.36.1-2.el8) #1 SMP PREEMPT_DYNAMIC Mon Mar 13 20:44:10 CST 2023
[    0.000000] Command line: console=ttyS0 root=/dev/sda earlyprintk=serial net.ifnames=0
[    0.000000] KERNEL supported cpus:
[    0.000000]   Intel GenuineIntel
[    0.000000]   AMD AuthenticAMD
[    0.000000]   Hygon HygonGenuine
[    0.000000]   Centaur CentaurHauls
[    0.000000]   zhaoxin   Shanghai  
[    0.000000] x86/fpu: Supporting XSAVE feature 0x001: 'x87 floating point registers'
[    0.000000] x86/fpu: Supporting XSAVE feature 0x002: 'SSE registers'
[    0.000000] x86/fpu: Supporting XSAVE feature 0x004: 'AVX registers'
[    0.000000] x86/fpu: Supporting XSAVE feature 0x200: 'Protection Keys User registers'
[    0.000000] x86/fpu: xstate_offset[2]:  576, xstate_sizes[2]:  256
[    0.000000] x86/fpu: xstate_offset[9]:  832, xstate_sizes[9]:    8
[    0.000000] x86/fpu: Enabled xstate features 0x207, context size is 840 bytes, using 'compacted' format.
[    0.000000] signal: max sigframe size: 3632
[    0.000000] BIOS-provided physical RAM map:
[    0.000000] BIOS-e820: [mem 0x0000000000000000-0x000000000009fbff] usable
[    0.000000] BIOS-e820: [mem 0x000000000009fc00-0x000000000009ffff] reserved
[    0.000000] BIOS-e820: [mem 0x00000000000f0000-0x00000000000fffff] reserved
[    0.000000] BIOS-e820: [mem 0x0000000000100000-0x000000007ffdffff] usable
[    0.000000] BIOS-e820: [mem 0x000000007ffe0000-0x000000007fffffff] reserved
[    0.000000] BIOS-e820: [mem 0x00000000feffc000-0x00000000feffffff] reserved
[    0.000000] BIOS-e820: [mem 0x00000000fffc0000-0x00000000ffffffff] reserved
[    0.000000] printk: bootconsole [earlyser0] enabled
[    0.000000] NX (Execute Disable) protection: active
[    0.000000] SMBIOS 2.8 present.
[    0.000000] DMI: QEMU Standard PC (i440FX + PIIX, 1996), BIOS rel-1.16.0-0-gd239552ce722-prebuilt.qemu.org 04/01/2014
[    0.000000] Hypervisor detected: KVM
[    0.000000] kvm-clock: Using msrs 4b564d01 and 4b564d00
[    0.000003] kvm-clock: using sched offset of 352037084 cycles
[    0.000329] clocksource: kvm-clock: mask: 0xffffffffffffffff max_cycles: 0x1cd42e4dffb, max_idle_ns: 881590591483 ns
[    0.001340] tsc: Detected 3609.600 MHz processor
[    0.008031] last_pfn = 0x7ffe0 max_arch_pfn = 0x400000000
[    0.008426] x86/PAT: Configuration [0-7]: WB  WC  UC- UC  WB  WP  UC- WT  
[    0.017473] found SMP MP-table at [mem 0x000f5ba0-0x000f5baf]
[    0.017999] Using GB pages for direct mapping
[    0.019449] ACPI: Early table checksum verification disabled
[    0.019831] ACPI: RSDP 0x00000000000F59C0 000014 (v00 BOCHS )
[    0.020205] ACPI: RSDT 0x000000007FFE1951 000034 (v01 BOCHS  BXPC     00000001 BXPC 00000001)
[    0.020758] ACPI: FACP 0x000000007FFE17FD 000074 (v01 BOCHS  BXPC     00000001 BXPC 00000001)
[    0.021307] ACPI: DSDT 0x000000007FFE0040 0017BD (v01 BOCHS  BXPC     00000001 BXPC 00000001)
[    0.021851] ACPI: FACS 0x000000007FFE0000 000040
[    0.022155] ACPI: APIC 0x000000007FFE1871 000080 (v01 BOCHS  BXPC     00000001 BXPC 00000001)
[    0.022705] ACPI: HPET 0x000000007FFE18F1 000038 (v01 BOCHS  BXPC     00000001 BXPC 00000001)
[    0.023247] ACPI: WAET 0x000000007FFE1929 000028 (v01 BOCHS  BXPC     00000001 BXPC 00000001)
[    0.023797] ACPI: Reserving FACP table memory at [mem 0x7ffe17fd-0x7ffe1870]
[    0.024236] ACPI: Reserving DSDT table memory at [mem 0x7ffe0040-0x7ffe17fc]
[    0.024672] ACPI: Reserving FACS table memory at [mem 0x7ffe0000-0x7ffe003f]
[    0.025109] ACPI: Reserving APIC table memory at [mem 0x7ffe1871-0x7ffe18f0]
[    0.025545] ACPI: Reserving HPET table memory at [mem 0x7ffe18f1-0x7ffe1928]
[    0.025980] ACPI: Reserving WAET table memory at [mem 0x7ffe1929-0x7ffe1950]
[    0.026992] No NUMA configuration found
[    0.027233] Faking a node at [mem 0x0000000000000000-0x000000007ffdffff]
[    0.027706] NODE_DATA(0) allocated [mem 0x7ffb5000-0x7ffdffff]
[    0.031005] Zone ranges:
[    0.031199]   DMA      [mem 0x0000000000001000-0x0000000000ffffff]
[    0.031602]   DMA32    [mem 0x0000000001000000-0x000000007ffdffff]
[    0.031988]   Normal   empty
[    0.032170]   Device   empty
[    0.032354] Movable zone start for each node
[    0.032620] Early memory node ranges
[    0.032842]   node   0: [mem 0x0000000000001000-0x000000000009efff]
[    0.033232]   node   0: [mem 0x0000000000100000-0x000000007ffdffff]
[    0.033626] Initmem setup node 0 [mem 0x0000000000001000-0x000000007ffdffff]
[    0.034837] On node 0, zone DMA: 1 pages in unavailable ranges
[    0.034947] On node 0, zone DMA: 97 pages in unavailable ranges
[    0.059886] On node 0, zone DMA32: 32 pages in unavailable ranges
[    0.060491] ACPI: PM-Timer IO Port: 0x608
[    0.061145] ACPI: LAPIC_NMI (acpi_id[0xff] dfl dfl lint[0x1])
[    0.061565] IOAPIC[0]: apic_id 0, version 17, address 0xfec00000, GSI 0-23
[    0.062013] ACPI: INT_SRC_OVR (bus 0 bus_irq 0 global_irq 2 dfl dfl)
[    0.062417] ACPI: INT_SRC_OVR (bus 0 bus_irq 5 global_irq 5 high level)
[    0.062840] ACPI: INT_SRC_OVR (bus 0 bus_irq 9 global_irq 9 high level)
[    0.063259] ACPI: INT_SRC_OVR (bus 0 bus_irq 10 global_irq 10 high level)
[    0.063681] ACPI: INT_SRC_OVR (bus 0 bus_irq 11 global_irq 11 high level)
[    0.064119] ACPI: Using ACPI (MADT) for SMP configuration information
[    0.064518] ACPI: HPET id: 0x8086a201 base: 0xfed00000
[    0.064855] TSC deadline timer available
[    0.065109] smpboot: Allowing 2 CPUs, 0 hotplug CPUs
[    0.065488] kvm-guest: KVM setup pv remote TLB flush
[    0.065805] kvm-guest: setup PV sched yield
[    0.066138] PM: hibernation: Registered nosave memory: [mem 0x00000000-0x00000fff]
[    0.066627] PM: hibernation: Registered nosave memory: [mem 0x0009f000-0x0009ffff]
[    0.067104] PM: hibernation: Registered nosave memory: [mem 0x000a0000-0x000effff]
[    0.067581] PM: hibernation: Registered nosave memory: [mem 0x000f0000-0x000fffff]
[    0.068065] [mem 0x80000000-0xfeffbfff] available for PCI devices
[    0.068453] Booting paravirtualized kernel on KVM
[    0.068770] clocksource: refined-jiffies: mask: 0xffffffff max_cycles: 0xffffffff, max_idle_ns: 7645519600211568 ns
[    0.069455] setup_percpu: NR_CPUS:8192 nr_cpumask_bits:2 nr_cpu_ids:2 nr_node_ids:1
[    0.071149] percpu: Embedded 64 pages/cpu s225280 r8192 d28672 u1048576
[    0.071813] kvm-guest: PV spinlocks enabled
[    0.072093] PV qspinlock hash table entries: 256 (order: 0, 4096 bytes, linear)
[    0.072583] Fallback order for Node 0: 0 
[    0.072855] Built 1 zonelists, mobility grouping on.  Total pages: 515808
[    0.073282] Policy zone: DMA32
[    0.073477] Kernel command line: net.ifnames=0 console=ttyS0 root=/dev/sda earlyprintk=serial net.ifnames=0
[    0.074555] random: crng init done
[    0.076114] Dentry cache hash table entries: 262144 (order: 9, 2097152 bytes, linear)
[    0.077050] Inode-cache hash table entries: 131072 (order: 8, 1048576 bytes, linear)
[    0.077655] mem auto-init: stack:off, heap alloc:off, heap free:off
[    0.081001] Memory: 1983336K/2096632K available (32784K kernel code, 4700K rwdata, 8352K rodata, 3676K init, 22112K bss, 113040K reserved, 0K cma-reserved)
[    0.082570] SLUB: HWalign=64, Order=0-3, MinObjects=0, CPUs=2, Nodes=1
[    0.082968] kmemleak: Kernel memory leak detector disabled
[    0.083330] ftrace: allocating 67623 entries in 265 pages
[    0.104894] ftrace: allocated 265 pages with 3 groups
[    0.107812] Dynamic Preempt: voluntary
[    0.108229] Running RCU self tests
[    0.108444] rcu: Preemptible hierarchical RCU implementation.
[    0.108798] rcu: 	RCU lockdep checking is enabled.
[    0.109082] rcu: 	RCU restricting CPUs from NR_CPUS=8192 to nr_cpu_ids=2.
[    0.109484] 	Trampoline variant of Tasks RCU enabled.
[    0.109790] 	Rude variant of Tasks RCU enabled.
[    0.110056] 	Tracing variant of Tasks RCU enabled.
[    0.110334] rcu: RCU calculated value of scheduler-enlistment delay is 25 jiffies.
[    0.110773] rcu: Adjusting geometry for rcu_fanout_leaf=16, nr_cpu_ids=2
[    0.134760] NR_IRQS: 524544, nr_irqs: 440, preallocated irqs: 16
[    0.135414] rcu: srcu_init: Setting srcu_struct sizes based on contention.
[    0.141361] Console: colour VGA+ 80x25
[    0.141636] printk: console [ttyS0] enabled
[    0.141636] printk: console [ttyS0] enabled
[    0.142139] printk: bootconsole [earlyser0] disabled
[    0.142139] printk: bootconsole [earlyser0] disabled
[    0.142725] Lock dependency validator: Copyright (c) 2006 Red Hat, Inc., Ingo Molnar
[    0.143186] ... MAX_LOCKDEP_SUBCLASSES:  8
[    0.143431] ... MAX_LOCK_DEPTH:          48
[    0.143682] ... MAX_LOCKDEP_KEYS:        8192
[    0.143947] ... CLASSHASH_SIZE:          4096
[    0.144206] ... MAX_LOCKDEP_ENTRIES:     32768
[    0.144472] ... MAX_LOCKDEP_CHAINS:      65536
[    0.144737] ... CHAINHASH_SIZE:          32768
[    0.145002]  memory used by lock dependency info: 6365 kB
[    0.145321]  memory used for stack traces: 4224 kB
[    0.145606]  per task-struct memory footprint: 1920 bytes
[    0.145956] ACPI: Core revision 20221020
[    0.146365] clocksource: hpet: mask: 0xffffffff max_cycles: 0xffffffff, max_idle_ns: 19112604467 ns
[    0.147010] APIC: Switch to symmetric I/O mode setup
[    0.147437] x2apic enabled
[    0.147738] Switched APIC routing to physical x2apic.
[    0.148045] kvm-guest: setup PV IPIs
[    0.148955] ..TIMER: vector=0x30 apic1=0 pin1=2 apic2=-1 pin2=-1
[    0.149337] clocksource: tsc-early: mask: 0xffffffffffffffff max_cycles: 0x3407c077a8d, max_idle_ns: 440795342283 ns
[    0.149991] Calibrating delay loop (skipped) preset value.. 7219.20 BogoMIPS (lpj=14438400)
[    0.150498] pid_max: default: 32768 minimum: 301
[    0.150850] LSM: initializing lsm=capability,yama,integrity
[    0.153995] Yama: becoming mindful.
[    0.154352] Mount-cache hash table entries: 4096 (order: 3, 32768 bytes, linear)
[    0.154808] Mountpoint-cache hash table entries: 4096 (order: 3, 32768 bytes, linear)
[    0.156313] x86/cpu: User Mode Instruction Prevention (UMIP) activated
[    0.158202] Last level iTLB entries: 4KB 0, 2MB 0, 4MB 0
[    0.158566] Last level dTLB entries: 4KB 0, 2MB 0, 4MB 0, 1GB 0
[    0.158962] Spectre V1 : Mitigation: usercopy/swapgs barriers and __user pointer sanitization
[    0.159474] Spectre V2 : WARNING: Unprivileged eBPF is enabled with eIBRS on, data leaks possible via Spectre v2 BHB attacks!
[    0.160140] Spectre V2 : Mitigation: Enhanced IBRS
[    0.160420] Spectre V2 : Spectre v2 / SpectreRSB mitigation: Filling RSB on context switch
[    0.160894] Spectre V2 : Spectre v2 / PBRSB-eIBRS: Retire a single CALL on VMEXIT
[    0.161325] Spectre V2 : mitigation: Enabling conditional Indirect Branch Prediction Barrier
[    0.161981] Speculative Store Bypass: Mitigation: Speculative Store Bypass disabled via prctl
[    0.258012] Freeing SMP alternatives memory: 56K
[    0.258695] smpboot: CPU0: 12th Gen Intel(R) Core(TM) i7-12700K (family: 0x6, model: 0x97, stepping: 0x2)
[    0.259679] cblist_init_generic: Setting adjustable number of callback queues.
[    0.260122] cblist_init_generic: Setting shift to 1 and lim to 1.
[    0.260514] cblist_init_generic: Setting shift to 1 and lim to 1.
[    0.260911] cblist_init_generic: Setting shift to 1 and lim to 1.
[    0.261304] Running RCU-tasks wait API self tests
[    0.362088] Performance Events: Alderlake Hybrid events, full-width counters, Intel PMU driver.
[    0.363071] core: cpu_core PMU driver: 
[    0.363303] ... version:                2
[    0.363533] ... bit width:              48
[    0.363768] ... generic registers:      6
[    0.363997] ... value mask:             0000ffffffffffff
[    0.364297] ... max period:             00007fffffffffff
[    0.364597] ... fixed-purpose events:   3
[    0.364826] ... event mask:             0001000f0000003f
[    0.365309] rcu: Hierarchical SRCU implementation.
[    0.365584] rcu: 	Max phase no-delay instances is 1000.
[    0.367022] unchecked MSR access error: WRMSR to 0x38f (tried to write 0x0001000f0000003f) at rIP: 0xffffffff810ce45c (native_write_msr+0xc/0x30)
[    0.367779] Call Trace:
[    0.367923]  <TASK>
[    0.368050]  __intel_pmu_enable_all.constprop.46+0xb5/0x140
[    0.368383]  intel_pmu_enable_all+0x1e/0x30
[    0.368628]  x86_pmu_enable+0x46d/0x5a0
[    0.368862]  ? write_comp_data+0x2f/0x90
[    0.369099]  perf_pmu_enable+0x53/0x70
[    0.369327]  ctx_resched+0x14d/0x1e0
[    0.369546]  __perf_install_in_context+0x2f7/0x450
[    0.369830]  ? perf_assert_pmu_disabled.isra.84+0x50/0x50
[    0.369976]  ? perf_assert_pmu_disabled.isra.84+0x50/0x50
[    0.369976]  remote_function+0x80/0xa0
[    0.369976]  ? perf_assert_pmu_disabled.isra.84+0x50/0x50
[    0.369976]  generic_exec_single+0x124/0x190
[    0.369976]  smp_call_function_single+0x11c/0x240
[    0.369976]  ? perf_assert_pmu_disabled.isra.84+0x50/0x50
[    0.369976]  ? __sanitizer_cov_trace_pc+0x25/0x60
[    0.369976]  ? write_comp_data+0x2f/0x90
[    0.369976]  perf_install_in_context+0x2d8/0x300
[    0.369976]  ? ctx_resched+0x1e0/0x1e0
[    0.369976]  perf_event_create_kernel_counter+0x278/0x2a0
[    0.369976]  ? find_next_bit+0x30/0x30
[    0.369976]  hardlockup_detector_event_create+0x46/0xd0
[    0.369976]  hardlockup_detector_perf_init+0x18/0x66
[    0.369976]  watchdog_nmi_probe+0x17/0x1d
[    0.369976]  lockup_detector_init+0x40/0xaf
[    0.369976]  kernel_init_freeable+0x264/0x422
[    0.369976]  ? rest_init+0x240/0x240
[    0.369976]  kernel_init+0x24/0x1e0
[    0.369976]  ? rest_init+0x240/0x240
[    0.369976]  ret_from_fork+0x1f/0x30
[    0.369976]  </TASK>
[    0.369993] Callback from call_rcu_tasks_trace() invoked.
[    0.370460] smp: Bringing up secondary CPUs ...
[    0.371104] x86: Booting SMP configuration:
[    0.371362] .... node  #0, CPUs:      #1
[    0.371785] smp: Brought up 1 node, 2 CPUs
[    0.371785] smpboot: Max logical packages: 1
[    0.371785] smpboot: Total of 2 processors activated (14438.40 BogoMIPS)
[    0.375486] devtmpfs: initialized
[    0.375486] x86/mm: Memory block size: 128MB
[    0.378354] clocksource: jiffies: mask: 0xffffffff max_cycles: 0xffffffff, max_idle_ns: 7645041785100000 ns
[    0.378921] futex hash table entries: 512 (order: 4, 65536 bytes, linear)
[    0.379520] pinctrl core: initialized pinctrl subsystem
[    0.380254] 
[    0.380348] *************************************************************
[    0.380731] **     NOTICE NOTICE NOTICE NOTICE NOTICE NOTICE NOTICE    **
[    0.381112] **                                                         **
[    0.381497] **  IOMMU DebugFS SUPPORT HAS BEEN ENABLED IN THIS KERNEL  **
[    0.381990] **                                                         **
[    0.382371] ** This means that this kernel is built to expose internal **
[    0.382752] ** IOMMU data structures, which may compromise security on **
[    0.383133] ** your system.                                            **
[    0.383515] **                                                         **
[    0.383897] ** If you see this message and you are not debugging the   **
[    0.384278] ** kernel, report this immediately to your vendor!         **
[    0.384659] **                                                         **
[    0.385041] **     NOTICE NOTICE NOTICE NOTICE NOTICE NOTICE NOTICE    **
[    0.385425] *************************************************************
[    0.385842] PM: RTC time: 20:28:18, date: 2023-03-14
[    0.388871] NET: Registered PF_NETLINK/PF_ROUTE protocol family
[    0.389713] DMA: preallocated 256 KiB GFP_KERNEL pool for atomic allocations
[    0.389992] DMA: preallocated 256 KiB GFP_KERNEL|GFP_DMA pool for atomic allocations
[    0.390437] DMA: preallocated 256 KiB GFP_KERNEL|GFP_DMA32 pool for atomic allocations
[    0.390916] audit: initializing netlink subsys (disabled)
[    0.391286] audit: type=2000 audit(1678825699.294:1): state=initialized audit_enabled=0 res=1
[    0.391286] thermal_sys: Registered thermal governor 'fair_share'
[    0.391286] thermal_sys: Registered thermal governor 'bang_bang'
[    0.391286] thermal_sys: Registered thermal governor 'step_wise'
[    0.391627] thermal_sys: Registered thermal governor 'user_space'
[    0.391995] cpuidle: using governor ladder
[    0.392584] cpuidle: using governor menu
[    0.394193] acpiphp: ACPI Hot Plug PCI Controller Driver version: 0.5
[    0.394797] PCI: Using configuration type 1 for base access
[    0.395882] kprobes: kprobe jump-optimization is enabled. All kprobes are optimized if possible.
[    0.600131] HugeTLB: registered 1.00 GiB page size, pre-allocated 0 pages
[    0.600566] HugeTLB: 16380 KiB vmemmap can be freed for a 1.00 GiB page
[    0.600967] HugeTLB: registered 2.00 MiB page size, pre-allocated 0 pages
[    0.601374] HugeTLB: 28 KiB vmemmap can be freed for a 2.00 MiB page
[    0.604801] ACPI: Added _OSI(Module Device)
[    0.605073] ACPI: Added _OSI(Processor Device)
[    0.605345] ACPI: Added _OSI(3.0 _SCP Extensions)
[    0.605630] ACPI: Added _OSI(Processor Aggregator Device)
[    0.610959] ACPI: 1 ACPI AML tables successfully acquired and loaded
[    0.614108] ACPI: Interpreter enabled
[    0.614415] ACPI: PM: (supports S0 S3 S4 S5)
[    0.614665] ACPI: Using IOAPIC for interrupt routing
[    0.614987] PCI: Using host bridge windows from ACPI; if necessary, use "pci=nocrs" and report a bug
[    0.615518] PCI: Using E820 reservations for host bridge windows
[    0.616464] ACPI: Enabled 2 GPEs in block 00 to 0F
[    0.630789] ACPI: PCI Root Bridge [PCI0] (domain 0000 [bus 00-ff])
[    0.631185] acpi PNP0A03:00: _OSC: OS supports [ASPM ClockPM Segments MSI EDR HPX-Type3]
[    0.631664] acpi PNP0A03:00: _OSC: not requesting OS control; OS requires [ExtendedConfig ASPM ClockPM MSI]
[    0.632284] acpi PNP0A03:00: fail to add MMCONFIG information, can't access extended PCI configuration space under this bridge.
[    0.634996] acpiphp: Slot [3] registered
[    0.635287] acpiphp: Slot [4] registered
[    0.635575] acpiphp: Slot [5] registered
[    0.635862] acpiphp: Slot [6] registered
[    0.636153] acpiphp: Slot [7] registered
[    0.636444] acpiphp: Slot [8] registered
[    0.636738] acpiphp: Slot [9] registered
[    0.637032] acpiphp: Slot [10] registered
[    0.637331] acpiphp: Slot [11] registered
[    0.637631] acpiphp: Slot [12] registered
[    0.637930] acpiphp: Slot [13] registered
[    0.638035] acpiphp: Slot [14] registered
[    0.638328] acpiphp: Slot [15] registered
[    0.638620] acpiphp: Slot [16] registered
[    0.638912] acpiphp: Slot [17] registered
[    0.639205] acpiphp: Slot [18] registered
[    0.639503] acpiphp: Slot [19] registered
[    0.639796] acpiphp: Slot [20] registered
[    0.640088] acpiphp: Slot [21] registered
[    0.640385] acpiphp: Slot [22] registered
[    0.640684] acpiphp: Slot [23] registered
[    0.640982] acpiphp: Slot [24] registered
[    0.641298] acpiphp: Slot [25] registered
[    0.641592] acpiphp: Slot [26] registered
[    0.641886] acpiphp: Slot [27] registered
[    0.642042] acpiphp: Slot [28] registered
[    0.642334] acpiphp: Slot [29] registered
[    0.642629] acpiphp: Slot [30] registered
[    0.642923] acpiphp: Slot [31] registered
[    0.643178] PCI host bridge to bus 0000:00
[    0.643423] pci_bus 0000:00: root bus resource [io  0x0000-0x0cf7 window]
[    0.643825] pci_bus 0000:00: root bus resource [io  0x0d00-0xffff window]
[    0.644226] pci_bus 0000:00: root bus resource [mem 0x000a0000-0x000bffff window]
[    0.644675] pci_bus 0000:00: root bus resource [mem 0x80000000-0xfebfffff window]
[    0.645123] pci_bus 0000:00: root bus resource [mem 0x100000000-0x17fffffff window]
[    0.645582] pci_bus 0000:00: root bus resource [bus 00-ff]
[    0.646013] pci 0000:00:00.0: [8086:1237] type 00 class 0x060000
[    0.649000] pci 0000:00:01.0: [8086:7000] type 00 class 0x060100
[    0.649927] pci 0000:00:01.1: [8086:7010] type 00 class 0x010180
[    0.651015] pci 0000:00:01.1: reg 0x20: [io  0xc040-0xc04f]
[    0.651820] pci 0000:00:01.1: legacy IDE quirk: reg 0x10: [io  0x01f0-0x01f7]
[    0.652243] pci 0000:00:01.1: legacy IDE quirk: reg 0x14: [io  0x03f6]
[    0.652864] pci 0000:00:01.1: legacy IDE quirk: reg 0x18: [io  0x0170-0x0177]
[    0.653291] pci 0000:00:01.1: legacy IDE quirk: reg 0x1c: [io  0x0376]
[    0.653914] pci 0000:00:01.3: [8086:7113] type 00 class 0x068000
[    0.654222] pci 0000:00:01.3: quirk: [io  0x0600-0x063f] claimed by PIIX4 ACPI
[    0.654655] pci 0000:00:01.3: quirk: [io  0x0700-0x070f] claimed by PIIX4 SMB
[    0.655307] pci 0000:00:02.0: [1234:1111] type 00 class 0x030000
[    0.657690] pci 0000:00:02.0: reg 0x10: [mem 0xfd000000-0xfdffffff pref]
[    0.659667] pci 0000:00:02.0: reg 0x18: [mem 0xfebf0000-0xfebf0fff]
[    0.662899] pci 0000:00:02.0: reg 0x30: [mem 0xfebe0000-0xfebeffff pref]
[    0.663495] pci 0000:00:02.0: Video device with shadowed ROM at [mem 0x000c0000-0x000dffff]
[    0.666713] pci 0000:00:03.0: [8086:100e] type 00 class 0x020000
[    0.667479] pci 0000:00:03.0: reg 0x10: [mem 0xfebc0000-0xfebdffff]
[    0.668151] pci 0000:00:03.0: reg 0x14: [io  0xc000-0xc03f]
[    0.670460] pci 0000:00:03.0: reg 0x30: [mem 0xfeb80000-0xfebbffff pref]
[    0.679497] ACPI: PCI: Interrupt link LNKA configured for IRQ 10
[    0.680223] ACPI: PCI: Interrupt link LNKB configured for IRQ 10
[    0.680927] ACPI: PCI: Interrupt link LNKC configured for IRQ 11
[    0.681624] ACPI: PCI: Interrupt link LNKD configured for IRQ 11
[    0.682131] ACPI: PCI: Interrupt link LNKS configured for IRQ 9
[    0.683765] iommu: Default domain type: Translated 
[    0.684085] iommu: DMA domain TLB invalidation policy: lazy mode 
[    0.685394] SCSI subsystem initialized
[    0.685883] ACPI: bus type USB registered
[    0.686036] usbcore: registered new interface driver usbfs
[    0.686422] usbcore: registered new interface driver hub
[    0.686783] usbcore: registered new device driver usb
[    0.687183] pps_core: LinuxPPS API ver. 1 registered
[    0.687502] pps_core: Software ver. 5.3.6 - Copyright 2005-2007 Rodolfo Giometti <giometti@linux.it>
[    0.688058] PTP clock support registered
[    0.688449] EDAC MC: Ver: 3.0.0
[    0.689843] NetLabel: Initializing
[    0.689984] NetLabel:  domain hash size = 128
[    0.690279] NetLabel:  protocols = UNLABELED CIPSOv4 CALIPSO
[    0.690680] NetLabel:  unlabeled traffic allowed by default
[    0.691352] PCI: Using ACPI for IRQ routing
[    0.691835] pci 0000:00:02.0: vgaarb: setting as boot VGA device
[    0.692233] pci 0000:00:02.0: vgaarb: bridge control possible
[    0.692592] pci 0000:00:02.0: vgaarb: VGA device added: decodes=io+mem,owns=io+mem,locks=none
[    0.693119] vgaarb: loaded
[    0.693708] hpet0: at MMIO 0xfed00000, IRQs 2, 8, 0
[    0.693982] hpet0: 3 comparators, 64-bit 100.000000 MHz counter
[    2.903620] clocksource: Switched to clocksource kvm-clock
[    2.910206] Callback from call_rcu_tasks_rude() invoked.
[    3.010156] Callback from call_rcu_tasks() invoked.
[    3.076017] VFS: Disk quotas dquot_6.6.0
[    3.076571] VFS: Dquot-cache hash table entries: 512 (order 0, 4096 bytes)
[    3.077771] pnp: PnP ACPI init
[    3.080636] pnp: PnP ACPI: found 6 devices
[    3.094549] clocksource: acpi_pm: mask: 0xffffff max_cycles: 0xffffff, max_idle_ns: 2085701024 ns
[    3.095446] NET: Registered PF_INET protocol family
[    3.095948] IP idents hash table entries: 32768 (order: 6, 262144 bytes, linear)
[    3.097246] tcp_listen_portaddr_hash hash table entries: 1024 (order: 4, 73728 bytes, linear)
[    3.097845] Table-perturb hash table entries: 65536 (order: 6, 262144 bytes, linear)
[    3.098444] TCP established hash table entries: 16384 (order: 5, 131072 bytes, linear)
[    3.099187] TCP bind hash table entries: 16384 (order: 9, 2359296 bytes, linear)
[    3.101367] TCP: Hash tables configured (established 16384 bind 16384)
[    3.101945] UDP hash table entries: 1024 (order: 5, 163840 bytes, linear)
[    3.102532] UDP-Lite hash table entries: 1024 (order: 5, 163840 bytes, linear)
[    3.103206] NET: Registered PF_UNIX/PF_LOCAL protocol family
[    3.104419] RPC: Registered named UNIX socket transport module.
[    3.105144] RPC: Registered udp transport module.
[    3.105695] RPC: Registered tcp transport module.
[    3.106228] RPC: Registered tcp NFSv4.1 backchannel transport module.
[    3.106687] pci_bus 0000:00: resource 4 [io  0x0000-0x0cf7 window]
[    3.107107] pci_bus 0000:00: resource 5 [io  0x0d00-0xffff window]
[    3.107522] pci_bus 0000:00: resource 6 [mem 0x000a0000-0x000bffff window]
[    3.107982] pci_bus 0000:00: resource 7 [mem 0x80000000-0xfebfffff window]
[    3.108442] pci_bus 0000:00: resource 8 [mem 0x100000000-0x17fffffff window]
[    3.109122] pci 0000:00:01.0: PIIX3: Enabling Passive Release
[    3.109509] pci 0000:00:00.0: Limiting direct PCI/PCI transfers
[    3.110003] PCI: CLS 0 bytes, default 64
[    3.110337] ACPI: bus type thunderbolt registered
[    3.110969] clocksource: tsc: mask: 0xffffffffffffffff max_cycles: 0x3407c077a8d, max_idle_ns: 440795342283 ns
[    3.114937] Initialise system trusted keyrings
[    3.115321] Key type blacklist registered
[    3.115745] workingset: timestamp_bits=36 max_order=19 bucket_order=0
[    3.116221] zbud: loaded
[    3.117026] squashfs: version 4.0 (2009/01/31) Phillip Lougher
[    3.117950] NFS: Registering the id_resolver key type
[    3.118303] Key type id_resolver registered
[    3.118573] Key type id_legacy registered
[    3.118858] nfs4filelayout_init: NFSv4 File Layout Driver Registering...
[    3.119300] nfs4flexfilelayout_init: NFSv4 Flexfile Layout Driver Registering...
[    3.119887] fuse: init (API version 7.38)
[    3.120273] SGI XFS with ACLs, security attributes, realtime, quota, no debug enabled
[    3.121206] 9p: Installing v9fs 9p2000 file system support
[    3.127586] Key type asymmetric registered
[    3.127911] Asymmetric key parser 'x509' registered
[    3.129413] alg: self-tests for CTR-KDF (hmac(sha256)) passed
[    3.129835] Block layer SCSI generic (bsg) driver version 0.4 loaded (major 243)
[    3.130439] io scheduler mq-deadline registered
[    3.130758] io scheduler bfq registered
[    3.131753] shpchp: Standard Hot Plug PCI Controller Driver version: 0.4
[    3.132549] IPMI message handler: version 39.2
[    3.132874] ipmi device interface
[    3.134472] input: Power Button as /devices/LNXSYSTM:00/LNXPWRBN:00/input/input0
[    3.135145] ACPI: button: Power Button [PWRF]
[    3.136223] ERST DBG: ERST support is disabled.
[    3.136982] Serial: 8250/16550 driver, 32 ports, IRQ sharing enabled
[    3.137797] 00:04: ttyS0 at I/O 0x3f8 (irq = 4, base_baud = 115200) is a 16550A
[    3.146302] Linux agpgart interface v0.103
[    3.147078] ACPI: bus type drm_connector registered
[    3.158003] brd: module loaded
[    3.164492] loop: module loaded
[    3.167973] scsi host0: ata_piix
[    3.168874] scsi host1: ata_piix
[    3.169236] ata1: PATA max MWDMA2 cmd 0x1f0 ctl 0x3f6 bmdma 0xc040 irq 14
[    3.169666] ata2: PATA max MWDMA2 cmd 0x170 ctl 0x376 bmdma 0xc048 irq 15
[    3.170947] tun: Universal TUN/TAP device driver, 1.6
[    3.171427] e100: Intel(R) PRO/100 Network Driver
[    3.171723] e100: Copyright(c) 1999-2006 Intel Corporation
[    3.172106] e1000: Intel(R) PRO/1000 Network Driver
[    3.172410] e1000: Copyright (c) 1999-2006 Intel Corporation.
[    3.330173] ata1: found unknown device (class 0)
[    3.330958] ata1.00: ATA-7: QEMU HARDDISK, 2.5+, max UDMA/100
[    3.331323] ata1.00: 16777216 sectors, multi 16: LBA48 
[    3.332359] scsi 0:0:0:0: Direct-Access     ATA      QEMU HARDDISK    2.5+ PQ: 0 ANSI: 5
[    3.333604] scsi 0:0:0:0: Attached scsi generic sg0 type 0
[    3.334554] ata2: found unknown device (class 0)
[    3.335064] sd 0:0:0:0: [sda] 16777216 512-byte logical blocks: (8.59 GB/8.00 GiB)
[    3.335753] ata2.00: ATAPI: QEMU DVD-ROM, 2.5+, max UDMA/100
[    3.336267] sd 0:0:0:0: [sda] Write Protect is off
[    3.336607] sd 0:0:0:0: [sda] Write cache: enabled, read cache: enabled, doesn't support DPO or FUA
[    3.337708] sd 0:0:0:0: [sda] Preferred minimum I/O size 512 bytes
[    3.338159] scsi 1:0:0:0: CD-ROM            QEMU     QEMU DVD-ROM     2.5+ PQ: 0 ANSI: 5
[    3.342136] ACPI: \_SB_.LNKC: Enabled at IRQ 11
[    3.359769] sd 0:0:0:0: [sda] Attached SCSI disk
[    3.375127] scsi 1:0:0:0: Attached scsi generic sg1 type 5
[    3.666507] e1000 0000:00:03.0 eth0: (PCI:33MHz:32-bit) 52:54:00:12:34:56
[    3.667337] e1000 0000:00:03.0 eth0: Intel(R) PRO/1000 Network Connection
[    3.668257] e1000e: Intel(R) PRO/1000 Network Driver
[    3.668598] e1000e: Copyright(c) 1999 - 2015 Intel Corporation.
[    3.669042] igb: Intel(R) Gigabit Ethernet Network Driver
[    3.669391] igb: Copyright (c) 2007-2014 Intel Corporation.
[    3.669822] PPP generic driver version 2.4.2
[    3.670505] VFIO - User Level meta-driver version: 0.3
[    3.671198] usbcore: registered new interface driver uas
[    3.671857] usbcore: registered new interface driver usb-storage
[    3.672730] i8042: PNP: PS/2 Controller [PNP0303:KBD,PNP0f13:MOU] at 0x60,0x64 irq 1,12
[    3.674336] serio: i8042 KBD port at 0x60,0x64 irq 1
[    3.674694] serio: i8042 AUX port at 0x60,0x64 irq 12
[    3.675658] mousedev: PS/2 mouse device common for all mice
[    3.676842] input: AT Translated Set 2 keyboard as /devices/platform/i8042/serio0/input/input1
[    3.678172] input: VirtualPS/2 VMware VMMouse as /devices/platform/i8042/serio1/input/input4
[    3.678826] rtc_cmos 00:05: RTC can wake from S4
[    3.679449] input: VirtualPS/2 VMware VMMouse as /devices/platform/i8042/serio1/input/input3
[    3.680852] rtc_cmos 00:05: registered as rtc0
[    3.681193] rtc_cmos 00:05: setting system clock to 2023-03-14T20:28:22 UTC (1678825702)
[    3.681973] rtc_cmos 00:05: alarms up to one day, y3k, 242 bytes nvram, hpet irqs
[    3.682632] i2c_dev: i2c /dev entries driver
[    3.683013] device-mapper: core: CONFIG_IMA_DISABLE_HTABLE is disabled. Duplicate IMA measurements will not be recorded in the IMA log.
[    3.683943] device-mapper: uevent: version 1.0.3
[    3.684504] device-mapper: ioctl: 4.47.0-ioctl (2022-07-28) initialised: dm-devel@redhat.com
[    3.685167] intel_pstate: CPU model not supported
[    3.685607] sdhci: Secure Digital Host Controller Interface driver
[    3.686107] sdhci: Copyright(c) Pierre Ossman
[    3.686519] sdhci-pltfm: SDHCI platform and OF driver helper
[    3.687026] ledtrig-cpu: registered to indicate activity on CPUs
[    3.687800] drop_monitor: Initializing network drop monitor service
[    3.688466] NET: Registered PF_INET6 protocol family
[    3.690665] Segment Routing with IPv6
[    3.691137] In-situ OAM (IOAM) with IPv6
[    3.691650] NET: Registered PF_PACKET protocol family
[    3.692391] 9pnet: Installing 9P2000 support
[    3.692961] Key type dns_resolver registered
[    3.694312] IPI shorthand broadcast: enabled
[    3.707363] sched_clock: Marking stable (3695836180, 10145231)->(3717983087, -12001676)
[    3.708549] registered taskstats version 1
[    3.709010] Loading compiled-in X.509 certificates
[    3.709631] zswap: loaded using pool lzo/zbud
[    3.723401] Key type .fscrypt registered
[    3.723743] Key type fscrypt-provisioning registered
[    3.725127] Key type encrypted registered
[    3.725488] ima: No TPM chip found, activating TPM-bypass!
[    3.725937] ima: Allocated hash algorithm: sha1
[    3.726346] ima: No architecture policies found
[    3.726777] evm: Initialising EVM extended attributes:
[    3.727185] evm: security.selinux
[    3.727453] evm: security.SMACK64
[    3.727721] evm: security.SMACK64EXEC
[    3.728016] evm: security.SMACK64TRANSMUTE
[    3.728345] evm: security.SMACK64MMAP
[    3.728641] evm: security.apparmor
[    3.728916] evm: security.ima
[    3.729146] evm: security.capability
[    3.729422] evm: HMAC attrs: 0x1
[    3.734349] PM:   Magic number: 15:82:498
[    3.735170] RAS: Correctable Errors collector initialized.
[    3.736592] md: Waiting for all devices to be available before autodetect
[    3.736994] md: If you don't use raid, use raid=noautodetect
[    3.737320] md: Autodetecting RAID arrays.
[    3.737563] md: autorun ...
[    3.737730] md: ... autorun DONE.
[    3.741599] EXT4-fs (sda): INFO: recovery required on readonly filesystem
[    3.742054] EXT4-fs (sda): write access will be enabled during recovery
[    3.790764] EXT4-fs (sda): recovery complete
[    3.797250] EXT4-fs (sda): mounted filesystem 23a53bb9-f815-47a5-b74c-5e08f7731193 with ordered data mode. Quota mode: none.
[    3.798209] VFS: Mounted root (ext4 filesystem) readonly on device 8:0.
[    3.799445] devtmpfs: mounted
[    3.805952] Freeing unused decrypted memory: 2036K
[    3.809026] Freeing unused kernel image (initmem) memory: 3676K
[    3.809543] Write protecting the kernel read-only data: 45056k
[    3.813785] Freeing unused kernel image (text/rodata gap) memory: 2028K
[    3.816204] Freeing unused kernel image (rodata/data gap) memory: 1888K
[    3.922679] x86/mm: Checked W+X mappings: passed, no W+X pages found.
[    3.923046] Run /sbin/init as init process
[    4.000378] systemd[1]: RTC configured in localtime, applying delta of 0 minutes to system time.
[    4.023224] systemd[1]: systemd 239 (239-49.el8) running in system mode. (+PAM +AUDIT +SELINUX +IMA -APPARMOR +SMACK +SYSVINIT +UTMP +LIBCRYPTSETUP +GCRYPT +GNUTLS +ACL +XZ +LZ4 +SECCOMP +BLKID +ELFUTILS +KMOD +IDN2 -IDN +PCRE2 default-hierarchy=legacy)
[    4.024342] systemd[1]: Detected virtualization kvm.
[    4.024571] systemd[1]: Detected architecture x86-64.

Welcome to [0;31mCentOS Stream 8[0m!

[    4.072352] systemd[1]: Set hostname to <test>.
[    4.348375] systemd[1]: Listening on LVM2 poll daemon socket.
[[0;32m  OK  [0m] Listening on LVM2 poll daemon socket.
[    4.351431] systemd[1]: Created slice system-getty.slice.
[[0;32m  OK  [0m] Created slice system-getty.slice.
[    4.352207] systemd[1]: Listening on Device-mapper event daemon FIFOs.
[[0;32m  OK  [0m] Listening on Device-mapper event daemon FIFOs.
[    4.353453] systemd[1]: Set up automount Arbitrary Executable File Formats File System Automount Point.
[[0;32m  OK  [0m] Set up automount Arbitrary Executabâ€¦rmats File System Automount Point.
[    4.354444] systemd[1]: Reached target Swap.
[[0;32m  OK  [0m] Reached target Swap.
[    4.355068] systemd[1]: Listening on multipathd control socket.
[[0;32m  OK  [0m] Listening on multipathd control socket.
[[0;32m  OK  [0m] Listening on RPCbind Server Activation Socket.
[[0;32m  OK  [0m] Listening on Journal Socket.
         Starting Setup Virtual Console...
         Starting Monitoring of LVM2 mirrorsâ€¦ng dmeventd or progress polling...
[[0;32m  OK  [0m] Listening on udev Control Socket.
         Mounting Huge Pages File System...
[[0;32m  OK  [0m] Listening on Journal Socket (/dev/log).
         Starting Load Kernel Modules...
         Mounting POSIX Message Queue File System...
[[0;32m  OK  [0m] Created slice User and Session Slice.
[[0;32m  OK  [0m] Reached target Slices.
         Mounting Kernel Debug File System...
[[0;32m  OK  [0m] Reached target RPC Port Mapper.
[[0;32m  OK  [0m] Started Forward Password Requests to Wall Directory Watch.
[[0;32m  OK  [0m] Listening on Process Core Dump Socket.
[[0;32m  OK  [0m] Created slice system-sshd\x2dkeygen.slice.
[[0;32m  OK  [0m] Listening on initctl Compatibility Named Pipe.
[[0;32m  OK  [0m] Listening on udev Kernel Socket.
         Starting udev Coldplug all Devices...
[[0;32m  OK  [0m] Created slice system-serial\x2dgetty.slice.
         Starting Journal Service...
         Starting Remount Root and Kernel File Systems...
[[0;32m  OK  [0m] Mounted Huge Pages File System.
[[0;1;31mFAILED[0m] Failed to start Load Kernel Modules.
See 'systemctl status systemd-modules-load.service' for details.
[[0;32m  OK  [0m] Started Journal Service.
[[0;32m  OK  [0m] Mounted POSIX Message Queue File System.
[[0;32m  OK  [0m] Mounted Kernel Debug File System.
[[0;32m  OK  [0m] Started Setup Virtual Console.
         Mounting Kernel Configuration File System...
         Starting Apply Kernel Variables...
         Mounting FUSE Control File System...
[[0;32m  OK  [0m] Mounted Kernel Configuration File System.
[    4.786216] EXT4-fs (sda): re-mounted 23a53bb9-f815-47a5-b74c-5e08f7731193. Quota mode: none.
[[0;32m  OK  [0m] Started Remount Root and Kernel File Systems.
[[0;32m  OK  [0m] Mounted FUSE Control File System.
         Starting Flush Journal to Persistent Storage...
         Starting Load/Save Random Seed...
         Starting Create Static Device Nodes in /dev...
[[0;32m  OK  [0m] Started Apply Kernel Variables.
[[0;32m  OK  [0m] Started Load/Save Random Seed.
[[0;32m  OK  [0m] Started Flush Journal to Persistent Storage.
[[0;32m  OK  [0m] Started Create Static Device Nodes in /dev.
         Starting udev Kernel Device Manager...
[[0;32m  OK  [0m] Started udev Coldplug all Devices.
         Starting udev Wait for Complete Device Initialization...
[[0;32m  OK  [0m] Started udev Kernel Device Manager.
         Starting Show Plymouth Boot Screen...
[[0;32m  OK  [0m] Started Show Plymouth Boot Screen.
[[0;32m  OK  [0m] Reached target Paths.
[[0;32m  OK  [0m] Reached target Local Encrypted Volumes.
[[0;32m  OK  [0m] Started Forward Password Requests to Plymouth Directory Watch.
[[0;32m  OK  [0m] Found device /dev/ttyS0.
[[0;32m  OK  [0m] Started Monitoring of LVM2 mirrors,â€¦sing dmeventd or progress polling.
[[0;32m  OK  [0m] Started udev Wait for Complete Device Initialization.
[[0;32m  OK  [0m] Listening on Load/Save RF Kill Switch Status /dev/rfkill Watch.
[[0;32m  OK  [0m] Reached target Local File Systems (Pre).
[[0;32m  OK  [0m] Reached target Local File Systems.
         Starting Tell Plymouth To Write Out Runtime Data...
         Starting Restore /run/initramfs on shutdown...
         Starting Create Volatile Files and Directories...
[[0;32m  OK  [0m] Started Tell Plymouth To Write Out Runtime Data.
[[0;32m  OK  [0m] Started Restore /run/initramfs on shutdown.
[[0;32m  OK  [0m] Started Create Volatile Files and Directories.
         Starting RPC Bind...
         Starting Security Auditing Service...
         Mounting RPC Pipe File System...
[[0;32m  OK  [0m] Mounted RPC Pipe File System.
[[0;32m  OK  [0m] Reached target rpc_pipefs.target.
[[0;32m  OK  [0m] Started RPC Bind.
[[0;32m  OK  [0m] Started Security Auditing Service.
         Starting Update UTMP about System Boot/Shutdown...
[[0;32m  OK  [0m] Started Update UTMP about System Boot/Shutdown.
[[0;32m  OK  [0m] Reached target System Initialization.
[[0;32m  OK  [0m] Listening on SSSD Kerberos Cache Manager responder socket.
[[0;32m  OK  [0m] Started Daily Cleanup of Temporary Directories.
[[0;32m  OK  [0m] Listening on D-Bus System Message Bus Socket.
[[0;32m  OK  [0m] Reached target Sockets.
[[0;32m  OK  [0m] Reached target Basic System.
[[0;32m  OK  [0m] Started irqbalance daemon.
[[0;32m  OK  [0m] Started D-Bus System Message Bus.
         Starting NTP client/server...
         Starting Auto-connect to subsystemsâ€¦-NVME devices found during boot...
         Starting Login Service...
[[0;32m  OK  [0m] Reached target sshd-keygen.target.
         Starting Self Monitoring and Reporting Technology (SMART) Daemon...
         Starting Network Manager...
[[0;32m  OK  [0m] Started Machine Check Exception Logging Daemon.
         Starting Authorization Manager...
[[0;32m  OK  [0m] Started daily update of the root trust anchor for DNSSEC.
[[0;32m  OK  [0m] Started dnf makecache --timer.
[[0;32m  OK  [0m] Reached target Timers.
[[0;32m  OK  [0m] Started Auto-connect to subsystems â€¦FC-NVME devices found during boot.
[[0;32m  OK  [0m] Started Login Service.
[[0;32m  OK  [0m] Started Self Monitoring and Reporting Technology (SMART) Daemon.
[[0;32m  OK  [0m] Started NTP client/server.
[[0;32m  OK  [0m] Started Network Manager.
[[0;32m  OK  [0m] Reached target Network.
         Starting GSSAPI Proxy Daemon...
         Starting OpenSSH server daemon...
         Starting Dynamic System Tuning Daemon...
         Starting Network Manager Wait Online...
[[0;32m  OK  [0m] Started OpenSSH server daemon.
         Starting Hostname Service...
[[0;32m  OK  [0m] Started GSSAPI Proxy Daemon.
[[0;32m  OK  [0m] Reached target NFS client services.
[[0;32m  OK  [0m] Reached target Remote File Systems (Pre).
[[0;32m  OK  [0m] Reached target Remote File Systems.
         Starting Permit User Sessions...
[[0;32m  OK  [0m] Started Authorization Manager.
[[0;32m  OK  [0m] Started Permit User Sessions.
[[0;32m  OK  [0m] Started Command Scheduler.
         Starting Hold until boot process finishes up...
         Starting Terminate Plymouth Boot Screen...
[    6.514386] e1000: eth0 NIC Link is Up 1000 Mbps Full Duplex, Flow Control: RX
[    6.515068] IPv6: ADDRCONF(NETDEV_CHANGE): eth0: link becomes ready
[    6.692038] Spectre V2 : WARNING: Unprivileged eBPF is enabled with eIBRS on, data leaks possible via Spectre v2 BHB attacks!
[    6.692694] Spectre V2 : WARNING: Unprivileged eBPF is enabled with eIBRS on, data leaks possible via Spectre v2 BHB attacks!

CentOS Stream 8
Kernel 6.1.0-1ca06f1c1ace+ on an x86_64

test login: [   29.054686] hrtimer: interrupt took 756900 ns
[   56.670608] rcu_tasks_wait_gp: rcu_tasks grace period number 9 (since boot) is 3023 jiffies old.
[   87.078488] rcu_tasks_wait_gp: rcu_tasks grace period number 9 (since boot) is 10625 jiffies old.
[  178.066418] rcu_tasks_wait_gp: rcu_tasks grace period number 9 (since boot) is 33372 jiffies old.
[  300.154486] INFO: task repro:579 blocked for more than 147 seconds.
[  300.155085]       Not tainted 6.1.0-1ca06f1c1ace+ #1
[  300.155507] "echo 0 > /proc/sys/kernel/hung_task_timeout_secs" disables this message.
[  300.156078] task:repro           state:D stack:0     pid:579   ppid:577    flags:0x00004006
[  300.156763] Call Trace:
[  300.157046]  <TASK>
[  300.157488]  __schedule+0x385/0xb00
[  300.158520]  ? wait_for_completion+0x7b/0x180
[  300.158977]  schedule+0x5b/0xe0
[  300.159377]  schedule_timeout+0x561/0x650
[  300.160091]  ? schedule_timeout+0x9/0x650
[  300.160717]  ? wait_for_completion+0x7b/0x180
[  300.161167]  wait_for_completion+0xa6/0x180
[  300.161873]  __wait_rcu_gp+0x136/0x160
[  300.162530]  ? ftrace_kill+0x40/0x40
[  300.162902]  ? ftrace_kill+0x40/0x40
[  300.163325]  synchronize_rcu_tasks_generic.part.24+0x3b/0x60
[  300.163813]  ? call_rcu_tasks_generic+0x320/0x320
[  300.164261]  ? rcu_tasks_pregp_step+0x20/0x20
[  300.164890]  ? verify_cpu+0xa0/0x100
[  300.165358]  synchronize_rcu_tasks_generic+0x2b/0x70
[  300.165842]  synchronize_rcu_tasks+0x19/0x20
[  300.166455]  ftrace_shutdown+0x1d2/0x410
[  300.167062]  unregister_ftrace_function+0x35/0x220
[  300.167569]  ? __sanitizer_cov_trace_switch+0x57/0xa0
[  300.168175]  perf_ftrace_event_register+0x95/0xf0
[  300.168632]  ? perf_tp_event_init+0xa0/0xa0
[  300.169043]  perf_trace_destroy+0x3a/0xa0
[  300.170261]  ? perf_tp_event_init+0xa0/0xa0
[  300.170678]  tp_perf_event_destroy+0x1e/0x30
[  300.171127]  _free_event+0x101/0x800
[  300.171662]  put_event+0x3c/0x50
[  300.172095]  perf_event_release_kernel+0x2de/0x360
[  300.172519]  ? perf_event_release_kernel+0x9/0x360
[  300.173115]  ? perf_event_release_kernel+0x360/0x360
[  300.173633]  perf_release+0x22/0x30
[  300.174238]  __fput+0x11f/0x450
[  300.174868]  ____fput+0x1e/0x30
[  300.175256]  task_work_run+0xb6/0x120
[  300.175830]  do_exit+0x547/0x1360
[  300.176317]  ? write_comp_data+0x2f/0x90
[  300.176922]  do_group_exit+0x5e/0xf0
[  300.177452]  get_signal+0x148f/0x1490
[  300.178520]  arch_do_signal_or_restart+0x33/0x280
[  300.179130]  ? arch_do_signal_or_restart+0x9/0x280
[  300.179586]  ? lockdep_hardirqs_on+0x8a/0x110
[  300.180026]  ? syscall_exit_to_user_mode+0x2d/0x60
[  300.180619]  exit_to_user_mode_prepare+0x13b/0x210
[  300.181131]  syscall_exit_to_user_mode+0x2d/0x60
[  300.181597]  do_syscall_64+0x4a/0x90
[  300.182193]  entry_SYSCALL_64_after_hwframe+0x63/0xcd
[  300.182640] RIP: 0033:0x7fc8680d559d
[  300.183023] RSP: 002b:00007ffdf4018868 EFLAGS: 00000246 ORIG_RAX: 000000000000012a
[  300.183650] RAX: 0000000000000003 RBX: 0000000000000000 RCX: 00007fc8680d559d
[  300.184182] RDX: 0000000000000000 RSI: 00000000ffffffff RDI: 00000000200004c0
[  300.184713] RBP: 00007ffdf4018880 R08: 0000000000000000 R09: 00007ffdf4018880
[  300.185257] R10: 00000000ffffffff R11: 0000000000000246 R12: 00000000004011e0
[  300.185793] R13: 00007ffdf40189a0 R14: 0000000000000000 R15: 0000000000000000
[  300.187352]  </TASK>
[  300.187624] 
[  300.187624] Showing all locks held in the system:
[  300.188112] 1 lock held by rcu_tasks_kthre/11:
[  300.188501]  #0: ffffffff83d64330 (rcu_tasks.tasks_gp_mutex){+.+.}-{3:3}, at: rcu_tasks_one_gp+0x2d/0x3d0
[  300.189545] 1 lock held by rcu_tasks_rude_/12:
[  300.189933]  #0: ffffffff83d640b0 (rcu_tasks_rude.tasks_gp_mutex){+.+.}-{3:3}, at: rcu_tasks_one_gp+0x2d/0x3d0
[  300.191187] 1 lock held by rcu_tasks_trace/13:
[  300.191574]  #0: ffffffff83d63df0 (rcu_tasks_trace.tasks_gp_mutex){+.+.}-{3:3}, at: rcu_tasks_one_gp+0x2d/0x3d0
[  300.192639] 1 lock held by khungtaskd/29:
[  300.193006]  #0: ffffffff83d64d40 (rcu_read_lock){....}-{1:2}, at: debug_show_all_locks+0x27/0x18c
[  300.194233] 2 locks held by repro/579:
[  300.194589]  #0: ffffffff83e224e8 (event_mutex){+.+.}-{3:3}, at: perf_trace_destroy+0x21/0xa0
[  300.195591]  #1: ffffffff83e1e9c8 (ftrace_lock){+.+.}-{3:3}, at: unregister_ftrace_function+0x2b/0x220
[  300.196625] 
[  300.196864] =============================================
[  300.196864] 
[  447.606378] INFO: task repro:579 blocked for more than 294 seconds.
[  447.606946]       Not tainted 6.1.0-1ca06f1c1ace+ #1
[  447.607370] "echo 0 > /proc/sys/kernel/hung_task_timeout_secs" disables this message.
[  447.607944] task:repro           state:D stack:0     pid:579   ppid:577    flags:0x00004006
[  447.608635] Call Trace:
[  447.608924]  <TASK>
[  447.609378]  __schedule+0x385/0xb00
[  447.610394]  ? wait_for_completion+0x7b/0x180
[  447.610821]  schedule+0x5b/0xe0
[  447.611212]  schedule_timeout+0x561/0x650
[  447.611913]  ? schedule_timeout+0x9/0x650
[  447.612528]  ? wait_for_completion+0x7b/0x180
[  447.612965]  wait_for_completion+0xa6/0x180
[  447.613649]  __wait_rcu_gp+0x136/0x160
[  447.614296]  ? ftrace_kill+0x40/0x40
[  447.614654]  ? ftrace_kill+0x40/0x40
[  447.615079]  synchronize_rcu_tasks_generic.part.24+0x3b/0x60
[  447.615555]  ? call_rcu_tasks_generic+0x320/0x320
[  447.616007]  ? rcu_tasks_pregp_step+0x20/0x20
[  447.616643]  ? verify_cpu+0xa0/0x100
[  447.617126]  synchronize_rcu_tasks_generic+0x2b/0x70
[  447.617621]  synchronize_rcu_tasks+0x19/0x20
[  447.618231]  ftrace_shutdown+0x1d2/0x410
[  447.618838]  unregister_ftrace_function+0x35/0x220
[  447.619348]  ? __sanitizer_cov_trace_switch+0x57/0xa0
[  447.619961]  perf_ftrace_event_register+0x95/0xf0
[  447.620410]  ? perf_tp_event_init+0xa0/0xa0
[  447.620827]  perf_trace_destroy+0x3a/0xa0
[  447.621243]  ? perf_tp_event_init+0xa0/0xa0
[  447.621658]  tp_perf_event_destroy+0x1e/0x30
[  447.622298]  _free_event+0x101/0x800
[  447.622849]  put_event+0x3c/0x50
[  447.623283]  perf_event_release_kernel+0x2de/0x360
[  447.623714]  ? perf_event_release_kernel+0x9/0x360
[  447.624313]  ? perf_event_release_kernel+0x360/0x360
[  447.624831]  perf_release+0x22/0x30
[  447.625244]  __fput+0x11f/0x450
[  447.625869]  ____fput+0x1e/0x30
[  447.626569]  task_work_run+0xb6/0x120
[  447.627138]  do_exit+0x547/0x1360
[  447.627624]  ? write_comp_data+0x2f/0x90
[  447.628231]  do_group_exit+0x5e/0xf0
[  447.628757]  get_signal+0x148f/0x1490
[  447.629663]  arch_do_signal_or_restart+0x33/0x280
[  447.630446]  ? arch_do_signal_or_restart+0x9/0x280
[  447.630894]  ? lockdep_hardirqs_on+0x8a/0x110
[  447.631338]  ? syscall_exit_to_user_mode+0x2d/0x60
[  447.631950]  exit_to_user_mode_prepare+0x13b/0x210
[  447.632473]  syscall_exit_to_user_mode+0x2d/0x60
[  447.632958]  do_syscall_64+0x4a/0x90
[  447.633383]  entry_SYSCALL_64_after_hwframe+0x63/0xcd
[  447.633830] RIP: 0033:0x7fc8680d559d
[  447.634405] RSP: 002b:00007ffdf4018868 EFLAGS: 00000246 ORIG_RAX: 000000000000012a
[  447.635041] RAX: 0000000000000003 RBX: 0000000000000000 RCX: 00007fc8680d559d
[  447.635581] RDX: 0000000000000000 RSI: 00000000ffffffff RDI: 00000000200004c0
[  447.636118] RBP: 00007ffdf4018880 R08: 0000000000000000 R09: 00007ffdf4018880
[  447.636657] R10: 00000000ffffffff R11: 0000000000000246 R12: 00000000004011e0
[  447.637196] R13: 00007ffdf40189a0 R14: 0000000000000000 R15: 0000000000000000
[  447.640553]  </TASK>
[  447.640854] 
[  447.640854] Showing all locks held in the system:
[  447.641343] 1 lock held by rcu_tasks_kthre/11:
[  447.641738]  #0: ffffffff83d64330 (rcu_tasks.tasks_gp_mutex){+.+.}-{3:3}, at: rcu_tasks_one_gp+0x2d/0x3d0
[  447.642991] 1 lock held by rcu_tasks_rude_/12:
[  447.643374]  #0: ffffffff83d640b0 (rcu_tasks_rude.tasks_gp_mutex){+.+.}-{3:3}, at: rcu_tasks_one_gp+0x2d/0x3d0
[  447.644424] 1 lock held by rcu_tasks_trace/13:
[  447.644809]  #0: ffffffff83d63df0 (rcu_tasks_trace.tasks_gp_mutex){+.+.}-{3:3}, at: rcu_tasks_one_gp+0x2d/0x3d0
[  447.645873] 1 lock held by khungtaskd/29:
[  447.646458]  #0: ffffffff83d64d40 (rcu_read_lock){....}-{1:2}, at: debug_show_all_locks+0x27/0x18c
[  447.647454] 2 locks held by repro/579:
[  447.647810]  #0: ffffffff83e224e8 (event_mutex){+.+.}-{3:3}, at: perf_trace_destroy+0x21/0xa0
[  447.648785]  #1: ffffffff83e1e9c8 (ftrace_lock){+.+.}-{3:3}, at: unregister_ftrace_function+0x2b/0x220
[  447.649796] 
[  447.650207] =============================================
[  447.650207] 
[  448.402791] rcu_tasks_wait_gp: rcu_tasks grace period number 9 (since boot) is 100956 jiffies old.
[  595.078553] INFO: task repro:579 blocked for more than 442 seconds.
[  595.079090]       Not tainted 6.1.0-1ca06f1c1ace+ #1
[  595.079504] "echo 0 > /proc/sys/kernel/hung_task_timeout_secs" disables this message.
[  595.080060] task:repro           state:D stack:0     pid:579   ppid:577    flags:0x00004006
[  595.080729] Call Trace:
[  595.081013]  <TASK>
[  595.081447]  __schedule+0x385/0xb00
[  595.082457]  ? wait_for_completion+0x7b/0x180
[  595.082885]  schedule+0x5b/0xe0
[  595.083277]  schedule_timeout+0x561/0x650
[  595.083977]  ? schedule_timeout+0x9/0x650
[  595.084608]  ? wait_for_completion+0x7b/0x180
[  595.085036]  wait_for_completion+0xa6/0x180
[  595.085715]  __wait_rcu_gp+0x136/0x160
[  595.086367]  ? ftrace_kill+0x40/0x40
[  595.086730]  ? ftrace_kill+0x40/0x40
[  595.087148]  synchronize_rcu_tasks_generic.part.24+0x3b/0x60
[  595.087616]  ? call_rcu_tasks_generic+0x320/0x320
[  595.088071]  ? rcu_tasks_pregp_step+0x20/0x20
[  595.088700]  ? verify_cpu+0xa0/0x100
[  595.089180]  synchronize_rcu_tasks_generic+0x2b/0x70
[  595.089677]  synchronize_rcu_tasks+0x19/0x20
[  595.090295]  ftrace_shutdown+0x1d2/0x410
[  595.090901]  unregister_ftrace_function+0x35/0x220
[  595.091405]  ? __sanitizer_cov_trace_switch+0x57/0xa0
[  595.092009]  perf_ftrace_event_register+0x95/0xf0
[  595.092466]  ? perf_tp_event_init+0xa0/0xa0
[  595.092876]  perf_trace_destroy+0x3a/0xa0
[  595.093284]  ? perf_tp_event_init+0xa0/0xa0
[  595.093694]  tp_perf_event_destroy+0x1e/0x30
[  595.094333]  _free_event+0x101/0x800
[  595.094887]  put_event+0x3c/0x50
[  595.095326]  perf_event_release_kernel+0x2de/0x360
[  595.095765]  ? perf_event_release_kernel+0x9/0x360
[  595.096381]  ? perf_event_release_kernel+0x360/0x360
[  595.096913]  perf_release+0x22/0x30
[  595.097342]  __fput+0x11f/0x450
[  595.098309]  ____fput+0x1e/0x30
[  595.098720]  task_work_run+0xb6/0x120
[  595.099303]  do_exit+0x547/0x1360
[  595.099801]  ? write_comp_data+0x2f/0x90
[  595.100426]  do_group_exit+0x5e/0xf0
[  595.100980]  get_signal+0x148f/0x1490
[  595.101882]  arch_do_signal_or_restart+0x33/0x280
[  595.102671]  ? arch_do_signal_or_restart+0x9/0x280
[  595.103126]  ? lockdep_hardirqs_on+0x8a/0x110
[  595.103558]  ? syscall_exit_to_user_mode+0x2d/0x60
[  595.104155]  exit_to_user_mode_prepare+0x13b/0x210
[  595.104674]  syscall_exit_to_user_mode+0x2d/0x60
[  595.105159]  do_syscall_64+0x4a/0x90
[  595.105579]  entry_SYSCALL_64_after_hwframe+0x63/0xcd
[  595.106198] RIP: 0033:0x7fc8680d559d
[  595.106570] RSP: 002b:00007ffdf4018868 EFLAGS: 00000246 ORIG_RAX: 000000000000012a
[  595.107189] RAX: 0000000000000003 RBX: 0000000000000000 RCX: 00007fc8680d559d
[  595.107715] RDX: 0000000000000000 RSI: 00000000ffffffff RDI: 00000000200004c0
[  595.108239] RBP: 00007ffdf4018880 R08: 0000000000000000 R09: 00007ffdf4018880
[  595.108769] R10: 00000000ffffffff R11: 0000000000000246 R12: 00000000004011e0
[  595.109295] R13: 00007ffdf40189a0 R14: 0000000000000000 R15: 0000000000000000
[  595.110638]  </TASK>
[  595.110911] 
[  595.110911] Showing all locks held in the system:
[  595.111396] 1 lock held by rcu_tasks_kthre/11:
[  595.111788]  #0: ffffffff83d64330 (rcu_tasks.tasks_gp_mutex){+.+.}-{3:3}, at: rcu_tasks_one_gp+0x2d/0x3d0
[  595.112831] 1 lock held by rcu_tasks_rude_/12:
[  595.113220]  #0: ffffffff83d640b0 (rcu_tasks_rude.tasks_gp_mutex){+.+.}-{3:3}, at: rcu_tasks_one_gp+0x2d/0x3d0
[  595.114485] 1 lock held by rcu_tasks_trace/13:
[  595.114877]  #0: ffffffff83d63df0 (rcu_tasks_trace.tasks_gp_mutex){+.+.}-{3:3}, at: rcu_tasks_one_gp+0x2d/0x3d0
[  595.115953] 1 lock held by khungtaskd/29:
[  595.116319]  #0: ffffffff83d64d40 (rcu_read_lock){....}-{1:2}, at: debug_show_all_locks+0x27/0x18c
[  595.117339] 2 locks held by repro/579:
[  595.117688]  #0: ffffffff83e224e8 (event_mutex){+.+.}-{3:3}, at: perf_trace_destroy+0x21/0xa0
[  595.118917]  #1: ffffffff83e1e9c8 (ftrace_lock){+.+.}-{3:3}, at: unregister_ftrace_function+0x2b/0x220
[  595.119950] 
[  595.120180] =============================================
[  595.120180] 
[  647.106330] INFO: rcu_tasks detected stalls on tasks:
[  647.106791] 000000000c6cf50c: .. nvcsw: 1/1 holdout: 1 idle_cpu: -1/1
[  647.107273] task:repro           state:R  running task     stack:0     pid:585   ppid:578    flags:0x00004004
[  647.108083] Call Trace:
[  647.108354]  <TASK>
[  647.108782]  __schedule+0x385/0xb00
[  647.109357]  ? __cond_resched+0x25/0x30
[  647.109859]  preempt_schedule_common+0x11/0x90
[  647.110620]  __cond_resched+0x25/0x30
[  647.111005]  mousedev_write+0xd2/0x3d0
[  647.111633]  vfs_write+0x1b6/0x780
[  647.112014]  ? mousedev_fasync+0x40/0x40
[  647.112593]  ? vfs_write+0x9/0x780
[  647.112978]  ? write_comp_data+0x2f/0x90
[  647.113590]  ksys_write+0x153/0x170
[  647.114340]  __x64_sys_write+0x27/0x30
[  647.114767]  do_syscall_64+0x3b/0x90
[  647.115173]  entry_SYSCALL_64_after_hwframe+0x63/0xcd
[  647.115597] RIP: 0033:0x7fc8680d559d
[  647.115964] RSP: 002b:00007ffdf4018868 EFLAGS: 00000246 ORIG_RAX: 0000000000000001
[  647.116585] RAX: ffffffffffffffda RBX: 0000000000000000 RCX: 00007fc8680d559d
[  647.117113] RDX: 00000000fffffdef RSI: 0000000020000040 RDI: 0000000000000004
[  647.117640] RBP: 00007ffdf4018880 R08: 00007ffdf4018880 R09: 00007ffdf4018880
[  647.118351] R10: 000000000000000f R11: 0000000000000246 R12: 00000000004011e0
[  647.118877] R13: 00007ffdf40189a0 R14: 0000000000000000 R15: 0000000000000000
[  647.120011]  </TASK>
[  647.174196] 0000000083f2e87f: .. nvcsw: 1/1 holdout: 1 idle_cpu: -1/1
[  647.174735] task:repro           state:R  running task     stack:0     pid:584   ppid:574    flags:0x00004004
[  647.175564] Call Trace:
[  647.175839]  <TASK>
[  647.176270]  __schedule+0x385/0xb00
[  647.176855]  ? __cond_resched+0x25/0x30
[  647.177366]  preempt_schedule_common+0x11/0x90
[  647.177832]  __cond_resched+0x25/0x30
[  647.178411]  mousedev_write+0xd2/0x3d0
[  647.179036]  vfs_write+0x1b6/0x780
[  647.179415]  ? mousedev_fasync+0x40/0x40
[  647.179998]  ? vfs_write+0x9/0x780
[  647.180375]  ? write_comp_data+0x2f/0x90
[  647.180984]  ksys_write+0x153/0x170
[  647.181558]  __x64_sys_write+0x27/0x30
[  647.181977]  do_syscall_64+0x3b/0x90
[  647.182712]  entry_SYSCALL_64_after_hwframe+0x63/0xcd
[  647.183143] RIP: 0033:0x7fc8680d559d
[  647.183514] RSP: 002b:00007ffdf4018868 EFLAGS: 00000246 ORIG_RAX: 0000000000000001
[  647.184133] RAX: ffffffffffffffda RBX: 0000000000000000 RCX: 00007fc8680d559d
[  647.184650] RDX: 00000000fffffdef RSI: 0000000020000040 RDI: 0000000000000004
[  647.185177] RBP: 00007ffdf4018880 R08: 00007ffdf4018880 R09: 00007ffdf4018880
[  647.185709] R10: 000000000000000f R11: 0000000000000246 R12: 00000000004011e0
[  647.186428] R13: 00007ffdf40189a0 R14: 0000000000000000 R15: 0000000000000000
[  647.187567]  </TASK>
[  647.286541] 00000000eb027883: .. nvcsw: 1/1 holdout: 1 idle_cpu: -1/1
[  647.287076] task:repro           state:R  running task     stack:0     pid:583   ppid:571    flags:0x00004004
[  647.287926] Call Trace:
[  647.288218]  <TASK>
[  647.288661]  __schedule+0x385/0xb00
[  647.289257]  ? __cond_resched+0x25/0x30
[  647.289786]  preempt_schedule_common+0x11/0x90
[  647.290466]  __cond_resched+0x25/0x30
[  647.290872]  mousedev_write+0xd2/0x3d0
[  647.291510]  vfs_write+0x1b6/0x780
[  647.291906]  ? mousedev_fasync+0x40/0x40
[  647.292491]  ? vfs_write+0x9/0x780
[  647.292884]  ? write_comp_data+0x2f/0x90
[  647.293497]  ksys_write+0x153/0x170
[  647.294297]  __x64_sys_write+0x27/0x30
[  647.294737]  do_syscall_64+0x3b/0x90
[  647.295169]  entry_SYSCALL_64_after_hwframe+0x63/0xcd
[  647.295605] RIP: 0033:0x7fc8680d559d
[  647.295983] RSP: 002b:00007ffdf4018868 EFLAGS: 00000246 ORIG_RAX: 0000000000000001
[  647.296609] RAX: ffffffffffffffda RBX: 0000000000000000 RCX: 00007fc8680d559d
[  647.297145] RDX: 00000000fffffdef RSI: 0000000020000040 RDI: 0000000000000004
[  647.297679] RBP: 00007ffdf4018880 R08: 00007ffdf4018880 R09: 00007ffdf4018880
[  647.298404] R10: 000000000000000f R11: 0000000000000246 R12: 00000000004011e0
[  647.298927] R13: 00007ffdf40189a0 R14: 0000000000000000 R15: 0000000000000000
[  647.300088]  </TASK>
[  647.499789] 000000006b6f46b3: .. nvcsw: 1/1 holdout: 1 idle_cpu: -1/1
[  647.516677] task:repro           state:R  running task     stack:0     pid:582   ppid:573    flags:0x00004004
[  647.610957] Call Trace:
[  647.624118]  <TASK>
[  647.653144]  __schedule+0x385/0xb00
[  647.736001]  ? __cond_resched+0x25/0x30
[  647.813196]  preempt_schedule_common+0x11/0x90
[  647.831609]  ? _raw_spin_unlock_irq+0x1e/0x60
[  647.849490]  __cond_resched+0x25/0x30
[  647.918604]  ? mousedev_write+0xfc/0x3d0
[  647.957589]  ? vfs_write+0x1b6/0x780
[  648.024804]  ? mousedev_fasync+0x40/0x40
[  648.058873]  ? vfs_write+0x9/0x780
[  648.126408]  ? write_comp_data+0x2f/0x90
[  648.160354]  ? ksys_write+0x153/0x170
[  648.244851]  ? __x64_sys_write+0x27/0x30
[  648.264738]  ? do_syscall_64+0x3b/0x90
[  648.334860]  ? entry_SYSCALL_64_after_hwframe+0x63/0xcd
[  648.409360]  </TASK>
[  652.298216] 00000000b17c441a: .. nvcsw: 1/1 holdout: 1 idle_cpu: -1/1
[  652.298802] task:repro           state:R  running task     stack:0     pid:581   ppid:575    flags:0x00004004
[  652.299660] Call Trace:
[  652.299943]  <TASK>
[  652.300392]  __schedule+0x385/0xb00
[  652.300993]  ? __cond_resched+0x25/0x30
[  652.301518]  preempt_schedule_common+0x11/0x90
[  652.302308]  __cond_resched+0x25/0x30
[  652.302717]  mousedev_write+0xd2/0x3d0
[  652.303374]  vfs_write+0x1b6/0x780
[  652.303774]  ? mousedev_fasync+0x40/0x40
[  652.304361]  ? vfs_write+0x9/0x780
[  652.304762]  ? write_comp_data+0x2f/0x90
[  652.305378]  ksys_write+0x153/0x170
[  652.305977]  __x64_sys_write+0x27/0x30
[  652.306612]  do_syscall_64+0x3b/0x90
[  652.307042]  entry_SYSCALL_64_after_hwframe+0x63/0xcd
[  652.307487] RIP: 0033:0x7fc8680d559d
[  652.307870] RSP: 002b:00007ffdf4018868 EFLAGS: 00000246 ORIG_RAX: 0000000000000001
[  652.308499] RAX: ffffffffffffffda RBX: 0000000000000000 RCX: 00007fc8680d559d
[  652.309035] RDX: 00000000fffffdef RSI: 0000000020000040 RDI: 0000000000000004
[  652.309574] RBP: 00007ffdf4018880 R08: 00007ffdf4018880 R09: 00007ffdf4018880
[  652.310308] R10: 000000000000000f R11: 0000000000000246 R12: 00000000004011e0
[  652.310850] R13: 00007ffdf40189a0 R14: 0000000000000000 R15: 0000000000000000
[  652.312031]  </TASK>
[  652.370415] 00000000bfbd82e6: .. nvcsw: 1/1 holdout: 1 idle_cpu: -1/0
[  652.370981] task:repro           state:R  running task     stack:0     pid:580   ppid:576    flags:0x00004004
[  652.371828] Call Trace:
[  652.372107]  <TASK>
[  652.372545]  __schedule+0x385/0xb00
[  652.373149]  ? __cond_resched+0x25/0x30
[  652.373680]  preempt_schedule_common+0x11/0x90
[  652.374349]  __cond_resched+0x25/0x30
[  652.374748]  mousedev_write+0xd2/0x3d0
[  652.375388]  vfs_write+0x1b6/0x780
[  652.375783]  ? mousedev_fasync+0x40/0x40
[  652.376376]  ? vfs_write+0x9/0x780
[  652.376764]  ? write_comp_data+0x2f/0x90
[  652.377388]  ksys_write+0x153/0x170
[  652.378179]  __x64_sys_write+0x27/0x30
[  652.378610]  do_syscall_64+0x3b/0x90
[  652.379025]  entry_SYSCALL_64_after_hwframe+0x63/0xcd
[  652.379453] RIP: 0033:0x7fc8680d559d
[  652.379825] RSP: 002b:00007ffdf4018868 EFLAGS: 00000246 ORIG_RAX: 0000000000000001
[  652.380455] RAX: ffffffffffffffda RBX: 0000000000000000 RCX: 00007fc8680d559d
[  652.380989] RDX: 00000000fffffdef RSI: 0000000020000040 RDI: 0000000000000004
[  652.381516] RBP: 00007ffdf4018880 R08: 00007ffdf4018880 R09: 00007ffdf4018880
[  652.382240] R10: 000000000000000f R11: 0000000000000246 R12: 00000000004011e0
[  652.382782] R13: 00007ffdf40189a0 R14: 0000000000000000 R15: 0000000000000000
[  652.383928]  </TASK>
[  652.442214] 00000000e8abe4e7: .. nvcsw: 0/0 holdout: 1 idle_cpu: -1/0
[  652.442767] task:repro           state:R  running task     stack:0     pid:572   ppid:570    flags:0x00004004
[  652.443623] Call Trace:
[  652.443905]  <TASK>
[  652.444352]  __schedule+0x385/0xb00
[  652.444951]  ? __cond_resched+0x25/0x30
[  652.445464]  preempt_schedule_common+0x11/0x90
[  652.445926]  __cond_resched+0x25/0x30
[  652.446611]  mousedev_write+0xd2/0x3d0
[  652.447236]  vfs_write+0x1b6/0x780
[  652.447620]  ? mousedev_fasync+0x40/0x40
[  652.448202]  ? vfs_write+0x9/0x780
[  652.448592]  ? write_comp_data+0x2f/0x90
[  652.449214]  ksys_write+0x153/0x170
[  652.449816]  __x64_sys_write+0x27/0x30
[  652.450448]  do_syscall_64+0x3b/0x90
[  652.450874]  entry_SYSCALL_64_after_hwframe+0x63/0xcd
[  652.451317] RIP: 0033:0x7fc8680d559d
[  652.451692] RSP: 002b:00007ffdf4018868 EFLAGS: 00000246 ORIG_RAX: 0000000000000001
[  652.452325] RAX: ffffffffffffffda RBX: 0000000000000000 RCX: 00007fc8680d559d
[  652.452852] RDX: 00000000fffffdef RSI: 0000000020000040 RDI: 0000000000000004
[  652.453380] RBP: 00007ffdf4018880 R08: 00007ffdf4018880 R09: 00007ffdf4018880
[  652.453914] R10: 000000000000000f R11: 0000000000000246 R12: 00000000004011e0
[  652.454651] R13: 00007ffdf40189a0 R14: 0000000000000000 R15: 0000000000000000
[  652.455805]  </TASK>
[  742.518361] INFO: task repro:579 blocked for more than 589 seconds.
[  742.518903]       Not tainted 6.1.0-1ca06f1c1ace+ #1
[  742.519311] "echo 0 > /proc/sys/kernel/hung_task_timeout_secs" disables this message.
[  742.519877] task:repro           state:D stack:0     pid:579   ppid:577    flags:0x00004006
[  742.520566] Call Trace:
[  742.520849]  <TASK>
[  742.521291]  __schedule+0x385/0xb00
[  742.522323]  ? wait_for_completion+0x7b/0x180
[  742.522762]  schedule+0x5b/0xe0
[  742.523164]  schedule_timeout+0x561/0x650
[  742.523882]  ? schedule_timeout+0x9/0x650
[  742.524503]  ? wait_for_completion+0x7b/0x180
[  742.524948]  wait_for_completion+0xa6/0x180
[  742.525630]  __wait_rcu_gp+0x136/0x160
[  742.526275]  ? ftrace_kill+0x40/0x40
[  742.526628]  ? ftrace_kill+0x40/0x40
[  742.527038]  synchronize_rcu_tasks_generic.part.24+0x3b/0x60
[  742.527509]  ? call_rcu_tasks_generic+0x320/0x320
[  742.527961]  ? rcu_tasks_pregp_step+0x20/0x20
[  742.528594]  ? verify_cpu+0xa0/0x100
[  742.529064]  synchronize_rcu_tasks_generic+0x2b/0x70
[  742.529558]  synchronize_rcu_tasks+0x19/0x20
[  742.530180]  ftrace_shutdown+0x1d2/0x410
[  742.530798]  unregister_ftrace_function+0x35/0x220
[  742.531314]  ? __sanitizer_cov_trace_switch+0x57/0xa0
[  742.531932]  perf_ftrace_event_register+0x95/0xf0
[  742.532390]  ? perf_tp_event_init+0xa0/0xa0
[  742.532810]  perf_trace_destroy+0x3a/0xa0
[  742.533233]  ? perf_tp_event_init+0xa0/0xa0
[  742.533653]  tp_perf_event_destroy+0x1e/0x30
[  742.534305]  _free_event+0x101/0x800
[  742.534850]  put_event+0x3c/0x50
[  742.535302]  perf_event_release_kernel+0x2de/0x360
[  742.535739]  ? perf_event_release_kernel+0x9/0x360
[  742.536348]  ? perf_event_release_kernel+0x360/0x360
[  742.536876]  perf_release+0x22/0x30
[  742.537310]  __fput+0x11f/0x450
[  742.537943]  ____fput+0x1e/0x30
[  742.538524]  task_work_run+0xb6/0x120
[  742.539092]  do_exit+0x547/0x1360
[  742.539578]  ? write_comp_data+0x2f/0x90
[  742.540180]  do_group_exit+0x5e/0xf0
[  742.540712]  get_signal+0x148f/0x1490
[  742.541598]  arch_do_signal_or_restart+0x33/0x280
[  742.542392]  ? arch_do_signal_or_restart+0x9/0x280
[  742.542844]  ? lockdep_hardirqs_on+0x8a/0x110
[  742.543272]  ? syscall_exit_to_user_mode+0x2d/0x60
[  742.543868]  exit_to_user_mode_prepare+0x13b/0x210
[  742.544385]  syscall_exit_to_user_mode+0x2d/0x60
[  742.544864]  do_syscall_64+0x4a/0x90
[  742.545274]  entry_SYSCALL_64_after_hwframe+0x63/0xcd
[  742.545705] RIP: 0033:0x7fc8680d559d
[  742.546695] RSP: 002b:00007ffdf4018868 EFLAGS: 00000246 ORIG_RAX: 000000000000012a
[  742.547310] RAX: 0000000000000003 RBX: 0000000000000000 RCX: 00007fc8680d559d
[  742.547836] RDX: 0000000000000000 RSI: 00000000ffffffff RDI: 00000000200004c0
[  742.548358] RBP: 00007ffdf4018880 R08: 0000000000000000 R09: 00007ffdf4018880
[  742.548880] R10: 00000000ffffffff R11: 0000000000000246 R12: 00000000004011e0
[  742.549401] R13: 00007ffdf40189a0 R14: 0000000000000000 R15: 0000000000000000
[  742.550719]  </TASK>
[  742.550987] 
[  742.550987] Showing all locks held in the system:
[  742.551461] 1 lock held by rcu_tasks_kthre/11:
[  742.551843]  #0: ffffffff83d64330 (rcu_tasks.tasks_gp_mutex){+.+.}-{3:3}, at: rcu_tasks_one_gp+0x2d/0x3d0
[  742.552862] 1 lock held by rcu_tasks_rude_/12:
[  742.553246]  #0: ffffffff83d640b0 (rcu_tasks_rude.tasks_gp_mutex){+.+.}-{3:3}, at: rcu_tasks_one_gp+0x2d/0x3d0
[  742.554497] 1 lock held by rcu_tasks_trace/13:
[  742.554877]  #0: ffffffff83d63df0 (rcu_tasks_trace.tasks_gp_mutex){+.+.}-{3:3}, at: rcu_tasks_one_gp+0x2d/0x3d0
[  742.555929] 1 lock held by khungtaskd/29:
[  742.556284]  #0: ffffffff83d64d40 (rcu_read_lock){....}-{1:2}, at: debug_show_all_locks+0x27/0x18c
[  742.557286] 2 locks held by repro/579:
[  742.557630]  #0: ffffffff83e224e8 (event_mutex){+.+.}-{3:3}, at: perf_trace_destroy+0x21/0xa0
[  742.558800]  #1: ffffffff83e1e9c8 (ftrace_lock){+.+.}-{3:3}, at: unregister_ftrace_function+0x2b/0x220
[  742.559817] 
[  742.560040] =============================================
[  742.560040] 
[  889.986446] INFO: task repro:579 blocked for more than 737 seconds.
[  889.987003]       Not tainted 6.1.0-1ca06f1c1ace+ #1
[  889.987411] "echo 0 > /proc/sys/kernel/hung_task_timeout_secs" disables this message.
[  889.987966] task:repro           state:D stack:0     pid:579   ppid:577    flags:0x00004006
[  889.988642] Call Trace:
[  889.988920]  <TASK>
[  889.989354]  __schedule+0x385/0xb00
[  889.990368]  ? wait_for_completion+0x7b/0x180
[  889.990802]  schedule+0x5b/0xe0
[  889.991195]  schedule_timeout+0x561/0x650
[  889.991898]  ? schedule_timeout+0x9/0x650
[  889.992512]  ? wait_for_completion+0x7b/0x180
[  889.992942]  wait_for_completion+0xa6/0x180
[  889.993621]  __wait_rcu_gp+0x136/0x160
[  889.994264]  ? ftrace_kill+0x40/0x40
[  889.994624]  ? ftrace_kill+0x40/0x40
[  889.995036]  synchronize_rcu_tasks_generic.part.24+0x3b/0x60
[  889.995503]  ? call_rcu_tasks_generic+0x320/0x320
[  889.995946]  ? rcu_tasks_pregp_step+0x20/0x20
[  889.996572]  ? verify_cpu+0xa0/0x100
[  889.997052]  synchronize_rcu_tasks_generic+0x2b/0x70
[  889.997540]  synchronize_rcu_tasks+0x19/0x20
[  889.997968]  ftrace_shutdown+0x1d2/0x410
[  889.998776]  unregister_ftrace_function+0x35/0x220
[  889.999282]  ? __sanitizer_cov_trace_switch+0x57/0xa0
[  889.999889]  perf_ftrace_event_register+0x95/0xf0
[  890.000338]  ? perf_tp_event_init+0xa0/0xa0
[  890.000756]  perf_trace_destroy+0x3a/0xa0
[  890.001170]  ? perf_tp_event_init+0xa0/0xa0
[  890.001587]  tp_perf_event_destroy+0x1e/0x30
[  890.002242]  _free_event+0x101/0x800
[  890.002776]  put_event+0x3c/0x50
[  890.003213]  perf_event_release_kernel+0x2de/0x360
[  890.003644]  ? perf_event_release_kernel+0x9/0x360
[  890.004242]  ? perf_event_release_kernel+0x360/0x360
[  890.004750]  perf_release+0x22/0x30
[  890.005153]  __fput+0x11f/0x450
[  890.005764]  ____fput+0x1e/0x30
[  890.006435]  task_work_run+0xb6/0x120
[  890.006993]  do_exit+0x547/0x1360
[  890.007489]  ? write_comp_data+0x2f/0x90
[  890.008091]  do_group_exit+0x5e/0xf0
[  890.008624]  get_signal+0x148f/0x1490
[  890.009513]  arch_do_signal_or_restart+0x33/0x280
[  890.010296]  ? arch_do_signal_or_restart+0x9/0x280
[  890.010746]  ? lockdep_hardirqs_on+0x8a/0x110
[  890.011174]  ? syscall_exit_to_user_mode+0x2d/0x60
[  890.011780]  exit_to_user_mode_prepare+0x13b/0x210
[  890.012292]  syscall_exit_to_user_mode+0x2d/0x60
[  890.012772]  do_syscall_64+0x4a/0x90
[  890.013189]  entry_SYSCALL_64_after_hwframe+0x63/0xcd
[  890.013626] RIP: 0033:0x7fc8680d559d
[  890.014184] RSP: 002b:00007ffdf4018868 EFLAGS: 00000246 ORIG_RAX: 000000000000012a
[  890.014795] RAX: 0000000000000003 RBX: 0000000000000000 RCX: 00007fc8680d559d
[  890.015313] RDX: 0000000000000000 RSI: 00000000ffffffff RDI: 00000000200004c0
[  890.015829] RBP: 00007ffdf4018880 R08: 0000000000000000 R09: 00007ffdf4018880
[  890.016347] R10: 00000000ffffffff R11: 0000000000000246 R12: 00000000004011e0
[  890.016873] R13: 00007ffdf40189a0 R14: 0000000000000000 R15: 0000000000000000
[  890.018193]  </TASK>
[  890.018465] 
[  890.018465] Showing all locks held in the system:
[  890.018938] 1 lock held by rcu_tasks_kthre/11:
[  890.019317]  #0: ffffffff83d64330 (rcu_tasks.tasks_gp_mutex){+.+.}-{3:3}, at: rcu_tasks_one_gp+0x2d/0x3d0
[  890.020351] 1 lock held by rcu_tasks_rude_/12:
[  890.020732]  #0: ffffffff83d640b0 (rcu_tasks_rude.tasks_gp_mutex){+.+.}-{3:3}, at: rcu_tasks_one_gp+0x2d/0x3d0
[  890.021766] 1 lock held by rcu_tasks_trace/13:
[  890.022345]  #0: ffffffff83d63df0 (rcu_tasks_trace.tasks_gp_mutex){+.+.}-{3:3}, at: rcu_tasks_one_gp+0x2d/0x3d0
[  890.023397] 1 lock held by khungtaskd/29:
[  890.023754]  #0: ffffffff83d64d40 (rcu_read_lock){....}-{1:2}, at: debug_show_all_locks+0x27/0x18c
[  890.024753] 2 locks held by repro/579:
[  890.025095]  #0: ffffffff83e224e8 (event_mutex){+.+.}-{3:3}, at: perf_trace_destroy+0x21/0xa0
[  890.026257]  #1: ffffffff83e1e9c8 (ftrace_lock){+.+.}-{3:3}, at: unregister_ftrace_function+0x2b/0x220
[  890.027269] 
[  890.027493] =============================================
[  890.027493] 
[ 1037.434688] INFO: task repro:579 blocked for more than 884 seconds.
[ 1037.435226]       Not tainted 6.1.0-1ca06f1c1ace+ #1
[ 1037.435635] "echo 0 > /proc/sys/kernel/hung_task_timeout_secs" disables this message.
[ 1037.436193] task:repro           state:D stack:0     pid:579   ppid:577    flags:0x00004006
[ 1037.436867] Call Trace:
[ 1037.437163]  <TASK>
[ 1037.437602]  __schedule+0x385/0xb00
[ 1037.438634]  ? wait_for_completion+0x7b/0x180
[ 1037.439071]  schedule+0x5b/0xe0
[ 1037.439462]  schedule_timeout+0x561/0x650
[ 1037.440167]  ? schedule_timeout+0x9/0x650
[ 1037.440787]  ? wait_for_completion+0x7b/0x180
[ 1037.441220]  wait_for_completion+0xa6/0x180
[ 1037.441909]  __wait_rcu_gp+0x136/0x160
[ 1037.442561]  ? ftrace_kill+0x40/0x40
[ 1037.442918]  ? ftrace_kill+0x40/0x40
[ 1037.443341]  synchronize_rcu_tasks_generic.part.24+0x3b/0x60
[ 1037.443821]  ? call_rcu_tasks_generic+0x320/0x320
[ 1037.444278]  ? rcu_tasks_pregp_step+0x20/0x20
[ 1037.444924]  ? verify_cpu+0xa0/0x100
[ 1037.445414]  synchronize_rcu_tasks_generic+0x2b/0x70
[ 1037.445930]  synchronize_rcu_tasks+0x19/0x20
[ 1037.446550]  ftrace_shutdown+0x1d2/0x410
[ 1037.447179]  unregister_ftrace_function+0x35/0x220
[ 1037.447701]  ? __sanitizer_cov_trace_switch+0x57/0xa0
[ 1037.448323]  perf_ftrace_event_register+0x95/0xf0
[ 1037.448788]  ? perf_tp_event_init+0xa0/0xa0
[ 1037.449212]  perf_trace_destroy+0x3a/0xa0
[ 1037.449628]  ? perf_tp_event_init+0xa0/0xa0
[ 1037.450227]  tp_perf_event_destroy+0x1e/0x30
[ 1037.450681]  _free_event+0x101/0x800
[ 1037.451229]  put_event+0x3c/0x50
[ 1037.451660]  perf_event_release_kernel+0x2de/0x360
[ 1037.452086]  ? perf_event_release_kernel+0x9/0x360
[ 1037.452685]  ? perf_event_release_kernel+0x360/0x360
[ 1037.453203]  perf_release+0x22/0x30
[ 1037.453618]  __fput+0x11f/0x450
[ 1037.454468]  ____fput+0x1e/0x30
[ 1037.454863]  task_work_run+0xb6/0x120
[ 1037.455438]  do_exit+0x547/0x1360
[ 1037.455949]  ? write_comp_data+0x2f/0x90
[ 1037.456551]  do_group_exit+0x5e/0xf0
[ 1037.457099]  get_signal+0x148f/0x1490
[ 1037.458175]  arch_do_signal_or_restart+0x33/0x280
[ 1037.458776]  ? arch_do_signal_or_restart+0x9/0x280
[ 1037.459230]  ? lockdep_hardirqs_on+0x8a/0x110
[ 1037.459661]  ? syscall_exit_to_user_mode+0x2d/0x60
[ 1037.460260]  exit_to_user_mode_prepare+0x13b/0x210
[ 1037.460776]  syscall_exit_to_user_mode+0x2d/0x60
[ 1037.461255]  do_syscall_64+0x4a/0x90
[ 1037.461674]  entry_SYSCALL_64_after_hwframe+0x63/0xcd
[ 1037.462314] RIP: 0033:0x7fc8680d559d
[ 1037.462687] RSP: 002b:00007ffdf4018868 EFLAGS: 00000246 ORIG_RAX: 000000000000012a
[ 1037.463320] RAX: 0000000000000003 RBX: 0000000000000000 RCX: 00007fc8680d559d
[ 1037.463844] RDX: 0000000000000000 RSI: 00000000ffffffff RDI: 00000000200004c0
[ 1037.464368] RBP: 00007ffdf4018880 R08: 0000000000000000 R09: 00007ffdf4018880
[ 1037.464893] R10: 00000000ffffffff R11: 0000000000000246 R12: 00000000004011e0
[ 1037.465420] R13: 00007ffdf40189a0 R14: 0000000000000000 R15: 0000000000000000
[ 1037.466741]  </TASK>
[ 1037.467023] 
[ 1037.467023] Showing all locks held in the system:
[ 1037.467497] 1 lock held by rcu_tasks_kthre/11:
[ 1037.467893]  #0: ffffffff83d64330 (rcu_tasks.tasks_gp_mutex){+.+.}-{3:3}, at: rcu_tasks_one_gp+0x2d/0x3d0
[ 1037.468910] 1 lock held by rcu_tasks_rude_/12:
[ 1037.469301]  #0: ffffffff83d640b0 (rcu_tasks_rude.tasks_gp_mutex){+.+.}-{3:3}, at: rcu_tasks_one_gp+0x2d/0x3d0
[ 1037.470536] 1 lock held by rcu_tasks_trace/13:
[ 1037.470916]  #0: ffffffff83d63df0 (rcu_tasks_trace.tasks_gp_mutex){+.+.}-{3:3}, at: rcu_tasks_one_gp+0x2d/0x3d0
[ 1037.471976] 1 lock held by khungtaskd/29:
[ 1037.472332]  #0: ffffffff83d64d40 (rcu_read_lock){....}-{1:2}, at: debug_show_all_locks+0x27/0x18c
[ 1037.473351] 2 locks held by repro/579:
[ 1037.473695]  #0: ffffffff83e224e8 (event_mutex){+.+.}-{3:3}, at: perf_trace_destroy+0x21/0xa0
[ 1037.474987]  #1: ffffffff83e1e9c8 (ftrace_lock){+.+.}-{3:3}, at: unregister_ftrace_function+0x2b/0x220
[ 1037.476017] 1 lock held by repro/585:
[ 1037.476363] 
[ 1037.476588] =============================================
[ 1037.476588] 
[ 1184.886814] INFO: task repro:579 blocked for more than 1032 seconds.
[ 1184.887345]       Not tainted 6.1.0-1ca06f1c1ace+ #1
[ 1184.887717] "echo 0 > /proc/sys/kernel/hung_task_timeout_secs" disables this message.
[ 1184.888226] task:repro           state:D stack:0     pid:579   ppid:577    flags:0x00004006
[ 1184.888840] Call Trace:
[ 1184.889104]  <TASK>
[ 1184.889495]  __schedule+0x385/0xb00
[ 1184.890411]  ? wait_for_completion+0x7b/0x180
[ 1184.890803]  schedule+0x5b/0xe0
[ 1184.891155]  schedule_timeout+0x561/0x650
[ 1184.891785]  ? schedule_timeout+0x9/0x650
[ 1184.892335]  ? wait_for_completion+0x7b/0x180
[ 1184.892718]  wait_for_completion+0xa6/0x180
[ 1184.893328]  __wait_rcu_gp+0x136/0x160
[ 1184.893739]  ? ftrace_kill+0x40/0x40
[ 1184.894230]  ? ftrace_kill+0x40/0x40
[ 1184.894601]  synchronize_rcu_tasks_generic.part.24+0x3b/0x60
[ 1184.895022]  ? call_rcu_tasks_generic+0x320/0x320
[ 1184.895421]  ? rcu_tasks_pregp_step+0x20/0x20
[ 1184.895990]  ? verify_cpu+0xa0/0x100
[ 1184.896419]  synchronize_rcu_tasks_generic+0x2b/0x70
[ 1184.896864]  synchronize_rcu_tasks+0x19/0x20
[ 1184.897245]  ftrace_shutdown+0x1d2/0x410
[ 1184.897793]  unregister_ftrace_function+0x35/0x220
[ 1184.898434]  ? __sanitizer_cov_trace_switch+0x57/0xa0
[ 1184.898980]  perf_ftrace_event_register+0x95/0xf0
[ 1184.899391]  ? perf_tp_event_init+0xa0/0xa0
[ 1184.899762]  perf_trace_destroy+0x3a/0xa0
[ 1184.900132]  ? perf_tp_event_init+0xa0/0xa0
[ 1184.900508]  tp_perf_event_destroy+0x1e/0x30
[ 1184.900922]  _free_event+0x101/0x800
[ 1184.901416]  put_event+0x3c/0x50
[ 1184.901811]  perf_event_release_kernel+0x2de/0x360
[ 1184.902393]  ? perf_event_release_kernel+0x9/0x360
[ 1184.902941]  ? perf_event_release_kernel+0x360/0x360
[ 1184.903423]  perf_release+0x22/0x30
[ 1184.903801]  __fput+0x11f/0x450
[ 1184.904389]  ____fput+0x1e/0x30
[ 1184.904746]  task_work_run+0xb6/0x120
[ 1184.905268]  do_exit+0x547/0x1360
[ 1184.905714]  ? write_comp_data+0x2f/0x90
[ 1184.906447]  do_group_exit+0x5e/0xf0
[ 1184.906930]  get_signal+0x148f/0x1490
[ 1184.907742]  arch_do_signal_or_restart+0x33/0x280
[ 1184.908277]  ? arch_do_signal_or_restart+0x9/0x280
[ 1184.908701]  ? lockdep_hardirqs_on+0x8a/0x110
[ 1184.909095]  ? syscall_exit_to_user_mode+0x2d/0x60
[ 1184.909644]  exit_to_user_mode_prepare+0x13b/0x210
[ 1184.910289]  syscall_exit_to_user_mode+0x2d/0x60
[ 1184.910724]  do_syscall_64+0x4a/0x90
[ 1184.911103]  entry_SYSCALL_64_after_hwframe+0x63/0xcd
[ 1184.911504] RIP: 0033:0x7fc8680d559d
[ 1184.911845] RSP: 002b:00007ffdf4018868 EFLAGS: 00000246 ORIG_RAX: 000000000000012a
[ 1184.912412] RAX: 0000000000000003 RBX: 0000000000000000 RCX: 00007fc8680d559d
[ 1184.912894] RDX: 0000000000000000 RSI: 00000000ffffffff RDI: 00000000200004c0
[ 1184.913374] RBP: 00007ffdf4018880 R08: 0000000000000000 R09: 00007ffdf4018880
[ 1184.913854] R10: 00000000ffffffff R11: 0000000000000246 R12: 00000000004011e0
[ 1184.914586] R13: 00007ffdf40189a0 R14: 0000000000000000 R15: 0000000000000000
[ 1184.915625]  </TASK>
[ 1184.915869] 
[ 1184.915869] Showing all locks held in the system:
[ 1184.916304] 1 lock held by rcu_tasks_kthre/11:
[ 1184.916654]  #0: ffffffff83d64330 (rcu_tasks.tasks_gp_mutex){+.+.}-{3:3}, at: rcu_tasks_one_gp+0x2d/0x3d0
[ 1184.917597] 1 lock held by rcu_tasks_rude_/12:
[ 1184.917945]  #0: ffffffff83d640b0 (rcu_tasks_rude.tasks_gp_mutex){+.+.}-{3:3}, at: rcu_tasks_one_gp+0x2d/0x3d0
[ 1184.919068] 1 lock held by rcu_tasks_trace/13:
[ 1184.919421]  #0: ffffffff83d63df0 (rcu_tasks_trace.tasks_gp_mutex){+.+.}-{3:3}, at: rcu_tasks_one_gp+0x2d/0x3d0
[ 1184.920383] 1 lock held by ksoftirqd/0/15:
[ 1184.920713] 1 lock held by khungtaskd/29:
[ 1184.921039]  #0: ffffffff83d64d40 (rcu_read_lock){....}-{1:2}, at: debug_show_all_locks+0x27/0x18c
[ 1184.921954] 2 locks held by repro/579:
[ 1184.922442]  #0: ffffffff83e224e8 (event_mutex){+.+.}-{3:3}, at: perf_trace_destroy+0x21/0xa0
[ 1184.923331]  #1: ffffffff83e1e9c8 (ftrace_lock){+.+.}-{3:3}, at: unregister_ftrace_function+0x2b/0x220
[ 1184.924258] 
[ 1184.924463] =============================================
[ 1184.924463] 
[ 1247.582410] INFO: rcu_tasks detected stalls on tasks:
[ 1247.582874] 000000000c6cf50c: .. nvcsw: 1/1 holdout: 1 idle_cpu: -1/1
[ 1247.583340] task:repro           state:R  running task     stack:0     pid:585   ppid:578    flags:0x00004004
[ 1247.584111] Call Trace:
[ 1247.584371]  <TASK>
[ 1247.584778]  __schedule+0x385/0xb00
[ 1247.585351]  ? __cond_resched+0x25/0x30
[ 1247.585831]  preempt_schedule_common+0x11/0x90
[ 1247.586554]  __cond_resched+0x25/0x30
[ 1247.586920]  mousedev_write+0xd2/0x3d0
[ 1247.587517]  vfs_write+0x1b6/0x780
[ 1247.587883]  ? mousedev_fasync+0x40/0x40
[ 1247.588421]  ? vfs_write+0x9/0x780
[ 1247.588772]  ? write_comp_data+0x2f/0x90
[ 1247.589328]  ksys_write+0x153/0x170
[ 1247.589869]  __x64_sys_write+0x27/0x30
[ 1247.590441]  do_syscall_64+0x3b/0x90
[ 1247.590819]  entry_SYSCALL_64_after_hwframe+0x63/0xcd
[ 1247.591216] RIP: 0033:0x7fc8680d559d
[ 1247.591555] RSP: 002b:00007ffdf4018868 EFLAGS: 00000246 ORIG_RAX: 0000000000000001
[ 1247.592119] RAX: ffffffffffffffda RBX: 0000000000000000 RCX: 00007fc8680d559d
[ 1247.592605] RDX: 00000000fffffdef RSI: 0000000020000040 RDI: 0000000000000004
[ 1247.593095] RBP: 00007ffdf4018880 R08: 00007ffdf4018880 R09: 00007ffdf4018880
[ 1247.593580] R10: 000000000000000f R11: 0000000000000246 R12: 00000000004011e0
[ 1247.594245] R13: 00007ffdf40189a0 R14: 0000000000000000 R15: 0000000000000000
[ 1247.595302]  </TASK>
[ 1247.622465] 0000000083f2e87f: .. nvcsw: 1/1 holdout: 1 idle_cpu: -1/0
[ 1247.622956] task:repro           state:R  running task     stack:0     pid:584   ppid:574    flags:0x00004004
[ 1247.623713] Call Trace:
[ 1247.623966]  <TASK>
[ 1247.624369]  __schedule+0x385/0xb00
[ 1247.624924]  ? __cond_resched+0x25/0x30
[ 1247.625409]  preempt_schedule_common+0x11/0x90
[ 1247.625843]  __cond_resched+0x25/0x30
[ 1247.626377]  mousedev_write+0xd2/0x3d0
[ 1247.626956]  vfs_write+0x1b6/0x780
[ 1247.627314]  ? mousedev_fasync+0x40/0x40
[ 1247.627861]  ? vfs_write+0x9/0x780
[ 1247.628215]  ? write_comp_data+0x2f/0x90
[ 1247.628772]  ksys_write+0x153/0x170
[ 1247.629315]  __x64_sys_write+0x27/0x30
[ 1247.629709]  do_syscall_64+0x3b/0x90
[ 1247.630266]  entry_SYSCALL_64_after_hwframe+0x63/0xcd
[ 1247.630669] RIP: 0033:0x7fc8680d559d
[ 1247.631013] RSP: 002b:00007ffdf4018868 EFLAGS: 00000246 ORIG_RAX: 0000000000000001
[ 1247.631594] RAX: ffffffffffffffda RBX: 0000000000000000 RCX: 00007fc8680d559d
[ 1247.632080] RDX: 00000000fffffdef RSI: 0000000020000040 RDI: 0000000000000004
[ 1247.632567] RBP: 00007ffdf4018880 R08: 00007ffdf4018880 R09: 00007ffdf4018880
[ 1247.633053] R10: 000000000000000f R11: 0000000000000246 R12: 00000000004011e0
[ 1247.633534] R13: 00007ffdf40189a0 R14: 0000000000000000 R15: 0000000000000000
[ 1247.634764]  </TASK>
[ 1247.690199] 00000000eb027883: .. nvcsw: 1/1 holdout: 1 idle_cpu: -1/1
[ 1247.690712] task:repro           state:R  running task     stack:0     pid:583   ppid:571    flags:0x00004004
[ 1247.691476] Call Trace:
[ 1247.691735]  <TASK>
[ 1247.692136]  __schedule+0x385/0xb00
[ 1247.692674]  ? __cond_resched+0x25/0x30
[ 1247.693144]  preempt_schedule_common+0x11/0x90
[ 1247.693576]  __cond_resched+0x25/0x30
[ 1247.693933]  mousedev_write+0xd2/0x3d0
[ 1247.702707]  vfs_write+0x1b6/0x780
[ 1247.703072]  ? mousedev_fasync+0x40/0x40
[ 1247.703621]  ? vfs_write+0x9/0x780
[ 1247.703977]  ? write_comp_data+0x2f/0x90
[ 1247.704548]  ksys_write+0x153/0x170
[ 1247.705118]  __x64_sys_write+0x27/0x30
[ 1247.705522]  do_syscall_64+0x3b/0x90
[ 1247.705915]  entry_SYSCALL_64_after_hwframe+0x63/0xcd
[ 1247.706501] RIP: 0033:0x7fc8680d559d
[ 1247.706849] RSP: 002b:00007ffdf4018868 EFLAGS: 00000246 ORIG_RAX: 0000000000000001
[ 1247.707431] RAX: ffffffffffffffda RBX: 0000000000000000 RCX: 00007fc8680d559d
[ 1247.707925] RDX: 00000000fffffdef RSI: 0000000020000040 RDI: 0000000000000004
[ 1247.708422] RBP: 00007ffdf4018880 R08: 00007ffdf4018880 R09: 00007ffdf4018880
[ 1247.708924] R10: 000000000000000f R11: 0000000000000246 R12: 00000000004011e0
[ 1247.709422] R13: 00007ffdf40189a0 R14: 0000000000000000 R15: 0000000000000000
[ 1247.710663]  </TASK>
[ 1247.790181] 000000006b6f46b3: .. nvcsw: 1/1 holdout: 1 idle_cpu: -1/1
[ 1247.790665] task:repro           state:R  running task     stack:0     pid:582   ppid:573    flags:0x00004004
[ 1247.791428] Call Trace:
[ 1247.791684]  <TASK>
[ 1247.792086]  __schedule+0x385/0xb00
[ 1247.792623]  ? __cond_resched+0x25/0x30
[ 1247.793094]  preempt_schedule_common+0x11/0x90
[ 1247.793521]  __cond_resched+0x25/0x30
[ 1247.793880]  mousedev_write+0xd2/0x3d0
[ 1247.794633]  vfs_write+0x1b6/0x780
[ 1247.794984]  ? mousedev_fasync+0x40/0x40
[ 1247.795515]  ? vfs_write+0x9/0x780
[ 1247.795862]  ? write_comp_data+0x2f/0x90
[ 1247.796424]  ksys_write+0x153/0x170
[ 1247.796978]  __x64_sys_write+0x27/0x30
[ 1247.797380]  do_syscall_64+0x3b/0x90
[ 1247.797768]  entry_SYSCALL_64_after_hwframe+0x63/0xcd
[ 1247.798389] RIP: 0033:0x7fc8680d559d
[ 1247.798740] RSP: 002b:00007ffdf4018868 EFLAGS: 00000246 ORIG_RAX: 0000000000000001
[ 1247.799320] RAX: ffffffffffffffda RBX: 0000000000000000 RCX: 00007fc8680d559d
[ 1247.799813] RDX: 00000000fffffdef RSI: 0000000020000040 RDI: 0000000000000004
[ 1247.800310] RBP: 00007ffdf4018880 R08: 00007ffdf4018880 R09: 00007ffdf4018880
[ 1247.800803] R10: 000000000000000f R11: 0000000000000246 R12: 00000000004011e0
[ 1247.801300] R13: 00007ffdf40189a0 R14: 0000000000000000 R15: 0000000000000000
[ 1247.802554]  </TASK>
[ 1247.854176] 00000000b17c441a: .. nvcsw: 1/1 holdout: 1 idle_cpu: -1/0
[ 1247.854680] task:repro           state:R  running task     stack:0     pid:581   ppid:575    flags:0x0000400c
[ 1247.855439] Call Trace:
[ 1247.855693]  <TASK>
[ 1247.856090]  __schedule+0x38d/0xb00
[ 1247.856628]  ? __cond_resched+0x25/0x30
[ 1247.857101]  preempt_schedule_common+0x11/0x90
[ 1247.857528]  __cond_resched+0x25/0x30
[ 1247.857887]  mousedev_write+0xd2/0x3d0
[ 1247.858634]  vfs_write+0x1b6/0x780
[ 1247.858984]  ? mousedev_fasync+0x40/0x40
[ 1247.859512]  ? vfs_write+0x9/0x780
[ 1247.859859]  ? write_comp_data+0x2f/0x90
[ 1247.860414]  ksys_write+0x153/0x170
[ 1247.860956]  __x64_sys_write+0x27/0x30
[ 1247.861349]  do_syscall_64+0x3b/0x90
[ 1247.861728]  entry_SYSCALL_64_after_hwframe+0x63/0xcd
[ 1247.862306] RIP: 0033:0x7fc8680d559d
[ 1247.862646] RSP: 002b:00007ffdf4018868 EFLAGS: 00000246 ORIG_RAX: 0000000000000001
[ 1247.863217] RAX: ffffffffffffffda RBX: 0000000000000000 RCX: 00007fc8680d559d
[ 1247.863700] RDX: 00000000fffffdef RSI: 0000000020000040 RDI: 0000000000000004
[ 1247.864183] RBP: 00007ffdf4018880 R08: 00007ffdf4018880 R09: 00007ffdf4018880
[ 1247.864665] R10: 000000000000000f R11: 0000000000000246 R12: 00000000004011e0
[ 1247.865147] R13: 00007ffdf40189a0 R14: 0000000000000000 R15: 0000000000000000
[ 1247.866401]  </TASK>
[ 1247.918309] 00000000bfbd82e6: .. nvcsw: 1/1 holdout: 1 idle_cpu: -1/0
[ 1247.918797] task:repro           state:R  running task     stack:0     pid:580   ppid:576    flags:0x0000400c
[ 1247.919562] Call Trace:
[ 1247.919816]  <TASK>
[ 1247.920217]  __schedule+0x38d/0xb00
[ 1247.920756]  ? __cond_resched+0x25/0x30
[ 1247.921229]  preempt_schedule_common+0x11/0x90
[ 1247.921655]  __cond_resched+0x25/0x30
[ 1247.922182]  mousedev_write+0xd2/0x3d0
[ 1247.922762]  vfs_write+0x1b6/0x780
[ 1247.923111]  ? mousedev_fasync+0x40/0x40
[ 1247.923637]  ? vfs_write+0x9/0x780
[ 1247.923982]  ? write_comp_data+0x2f/0x90
[ 1247.924533]  ksys_write+0x153/0x170
[ 1247.925074]  __x64_sys_write+0x27/0x30
[ 1247.925466]  do_syscall_64+0x3b/0x90
[ 1247.925844]  entry_SYSCALL_64_after_hwframe+0x63/0xcd
[ 1247.926422] RIP: 0033:0x7fc8680d559d
[ 1247.926762] RSP: 002b:00007ffdf4018868 EFLAGS: 00000246 ORIG_RAX: 0000000000000001
[ 1247.927330] RAX: ffffffffffffffda RBX: 0000000000000000 RCX: 00007fc8680d559d
[ 1247.927811] RDX: 00000000fffffdef RSI: 0000000020000040 RDI: 0000000000000004
[ 1247.928292] RBP: 00007ffdf4018880 R08: 00007ffdf4018880 R09: 00007ffdf4018880
[ 1247.928777] R10: 000000000000000f R11: 0000000000000246 R12: 00000000004011e0
[ 1247.929262] R13: 00007ffdf40189a0 R14: 0000000000000000 R15: 0000000000000000
[ 1247.930489]  </TASK>
[ 1247.982183] 00000000e8abe4e7: .. nvcsw: 0/0 holdout: 1 idle_cpu: -1/0
[ 1247.982691] task:repro           state:R  running task     stack:0     pid:572   ppid:570    flags:0x00004004
[ 1247.983471] Call Trace:
[ 1247.983731]  <TASK>
[ 1247.984136]  __schedule+0x385/0xb00
[ 1247.984684]  ? __cond_resched+0x25/0x30
[ 1247.985163]  preempt_schedule_common+0x11/0x90
[ 1247.985597]  __cond_resched+0x25/0x30
[ 1247.985966]  mousedev_write+0xd2/0x3d0
[ 1247.986722]  vfs_write+0x1b6/0x780
[ 1247.987078]  ? mousedev_fasync+0x40/0x40
[ 1247.987612]  ? vfs_write+0x9/0x780
[ 1247.987966]  ? write_comp_data+0x2f/0x90
[ 1247.988531]  ksys_write+0x153/0x170
[ 1247.989088]  __x64_sys_write+0x27/0x30
[ 1247.989498]  do_syscall_64+0x3b/0x90
[ 1247.989889]  entry_SYSCALL_64_after_hwframe+0x63/0xcd
[ 1247.990470] RIP: 0033:0x7fc8680d559d
[ 1247.990820] RSP: 002b:00007ffdf4018868 EFLAGS: 00000246 ORIG_RAX: 0000000000000001
[ 1247.991404] RAX: ffffffffffffffda RBX: 0000000000000000 RCX: 00007fc8680d559d
[ 1247.991898] RDX: 00000000fffffdef RSI: 0000000020000040 RDI: 0000000000000004
[ 1247.992389] RBP: 00007ffdf4018880 R08: 00007ffdf4018880 R09: 00007ffdf4018880
[ 1247.992878] R10: 000000000000000f R11: 0000000000000246 R12: 00000000004011e0
[ 1247.993365] R13: 00007ffdf40189a0 R14: 0000000000000000 R15: 0000000000000000
[ 1247.994589]  </TASK>
[ 1332.342375] INFO: task repro:579 blocked for more than 1179 seconds.
[ 1332.342876]       Not tainted 6.1.0-1ca06f1c1ace+ #1
[ 1332.343248] "echo 0 > /proc/sys/kernel/hung_task_timeout_secs" disables this message.
[ 1332.343755] task:repro           state:D stack:0     pid:579   ppid:577    flags:0x00004006
[ 1332.344369] Call Trace:
[ 1332.344621]  <TASK>
[ 1332.345017]  __schedule+0x385/0xb00
[ 1332.345662]  ? wait_for_completion+0x7b/0x180
[ 1332.346335]  schedule+0x5b/0xe0
[ 1332.346696]  schedule_timeout+0x561/0x650
[ 1332.347339]  ? schedule_timeout+0x9/0x650
[ 1332.347901]  ? wait_for_completion+0x7b/0x180
[ 1332.348294]  wait_for_completion+0xa6/0x180
[ 1332.348921]  __wait_rcu_gp+0x136/0x160
[ 1332.349335]  ? ftrace_kill+0x40/0x40
[ 1332.349660]  ? ftrace_kill+0x40/0x40
[ 1332.350210]  synchronize_rcu_tasks_generic.part.24+0x3b/0x60
[ 1332.350643]  ? call_rcu_tasks_generic+0x320/0x320
[ 1332.351057]  ? rcu_tasks_pregp_step+0x20/0x20
[ 1332.351646]  ? verify_cpu+0xa0/0x100
[ 1332.352081]  synchronize_rcu_tasks_generic+0x2b/0x70
[ 1332.352533]  synchronize_rcu_tasks+0x19/0x20
[ 1332.352926]  ftrace_shutdown+0x1d2/0x410
[ 1332.353482]  unregister_ftrace_function+0x35/0x220
[ 1332.353948]  ? __sanitizer_cov_trace_switch+0x57/0xa0
[ 1332.354687]  perf_ftrace_event_register+0x95/0xf0
[ 1332.355100]  ? perf_tp_event_init+0xa0/0xa0
[ 1332.355478]  perf_trace_destroy+0x3a/0xa0
[ 1332.355856]  ? perf_tp_event_init+0xa0/0xa0
[ 1332.356238]  tp_perf_event_destroy+0x1e/0x30
[ 1332.356652]  _free_event+0x101/0x800
[ 1332.357145]  put_event+0x3c/0x50
[ 1332.357542]  perf_event_release_kernel+0x2de/0x360
[ 1332.357937]  ? perf_event_release_kernel+0x9/0x360
[ 1332.358720]  ? perf_event_release_kernel+0x360/0x360
[ 1332.359197]  perf_release+0x22/0x30
[ 1332.359577]  __fput+0x11f/0x450
[ 1332.360153]  ____fput+0x1e/0x30
[ 1332.360511]  task_work_run+0xb6/0x120
[ 1332.361033]  do_exit+0x547/0x1360
[ 1332.361481]  ? write_comp_data+0x2f/0x90
[ 1332.362205]  do_group_exit+0x5e/0xf0
[ 1332.362697]  get_signal+0x148f/0x1490
[ 1332.363519]  arch_do_signal_or_restart+0x33/0x280
[ 1332.364068]  ? arch_do_signal_or_restart+0x9/0x280
[ 1332.364480]  ? lockdep_hardirqs_on+0x8a/0x110
[ 1332.364875]  ? syscall_exit_to_user_mode+0x2d/0x60
[ 1332.365423]  exit_to_user_mode_prepare+0x13b/0x210
[ 1332.365896]  syscall_exit_to_user_mode+0x2d/0x60
[ 1332.366516]  do_syscall_64+0x4a/0x90
[ 1332.366900]  entry_SYSCALL_64_after_hwframe+0x63/0xcd
[ 1332.367305] RIP: 0033:0x7fc8680d559d
[ 1332.367647] RSP: 002b:00007ffdf4018868 EFLAGS: 00000246 ORIG_RAX: 000000000000012a
[ 1332.368218] RAX: 0000000000000003 RBX: 0000000000000000 RCX: 00007fc8680d559d
[ 1332.368701] RDX: 0000000000000000 RSI: 00000000ffffffff RDI: 00000000200004c0
[ 1332.369184] RBP: 00007ffdf4018880 R08: 0000000000000000 R09: 00007ffdf4018880
[ 1332.369667] R10: 00000000ffffffff R11: 0000000000000246 R12: 00000000004011e0
[ 1332.370413] R13: 00007ffdf40189a0 R14: 0000000000000000 R15: 0000000000000000
[ 1332.371456]  </TASK>
[ 1332.371700] 
[ 1332.371700] Showing all locks held in the system:
[ 1332.372138] 1 lock held by rcu_tasks_kthre/11:
[ 1332.372488]  #0: ffffffff83d64330 (rcu_tasks.tasks_gp_mutex){+.+.}-{3:3}, at: rcu_tasks_one_gp+0x2d/0x3d0
[ 1332.373426] 1 lock held by rcu_tasks_rude_/12:
[ 1332.373776]  #0: ffffffff83d640b0 (rcu_tasks_rude.tasks_gp_mutex){+.+.}-{3:3}, at: rcu_tasks_one_gp+0x2d/0x3d0
[ 1332.374909] 1 lock held by rcu_tasks_trace/13:
[ 1332.375260]  #0: ffffffff83d63df0 (rcu_tasks_trace.tasks_gp_mutex){+.+.}-{3:3}, at: rcu_tasks_one_gp+0x2d/0x3d0
[ 1332.376364] 1 lock held by khungtaskd/29:
[ 1332.376696]  #0: ffffffff83d64d40 (rcu_read_lock){....}-{1:2}, at: debug_show_all_locks+0x27/0x18c
[ 1332.377629] 2 locks held by repro/579:
[ 1332.377945]  #0: ffffffff83e224e8 (event_mutex){+.+.}-{3:3}, at: perf_trace_destroy+0x21/0xa0
[ 1332.379043]  #1: ffffffff83e1e9c8 (ftrace_lock){+.+.}-{3:3}, at: unregister_ftrace_function+0x2b/0x220
[ 1332.379974] 
[ 1332.380180] =============================================
[ 1332.380180] 
[ 1479.807972] INFO: task repro:579 blocked for more than 1327 seconds.
[ 1479.808462]       Not tainted 6.1.0-1ca06f1c1ace+ #1
[ 1479.808846] "echo 0 > /proc/sys/kernel/hung_task_timeout_secs" disables this message.
[ 1479.809357] task:repro           state:D stack:0     pid:579   ppid:577    flags:0x00004006
[ 1479.809964] Call Trace:
[ 1479.810494]  <TASK>
[ 1479.810883]  __schedule+0x385/0xb00
[ 1479.811515]  ? wait_for_completion+0x7b/0x180
[ 1479.811899]  schedule+0x5b/0xe0
[ 1479.812260]  schedule_timeout+0x561/0x650
[ 1479.812896]  ? schedule_timeout+0x9/0x650
[ 1479.813448]  ? wait_for_completion+0x7b/0x180
[ 1479.813832]  wait_for_completion+0xa6/0x180
[ 1479.814602]  __wait_rcu_gp+0x136/0x160
[ 1479.815006]  ? ftrace_kill+0x40/0x40
[ 1479.815329]  ? ftrace_kill+0x40/0x40
[ 1479.815708]  synchronize_rcu_tasks_generic.part.24+0x3b/0x60
[ 1479.816131]  ? call_rcu_tasks_generic+0x320/0x320
[ 1479.816546]  ? rcu_tasks_pregp_step+0x20/0x20
[ 1479.817136]  ? verify_cpu+0xa0/0x100
[ 1479.817580]  synchronize_rcu_tasks_generic+0x2b/0x70
[ 1479.818204]  synchronize_rcu_tasks+0x19/0x20
[ 1479.818585]  ftrace_shutdown+0x1d2/0x410
[ 1479.819134]  unregister_ftrace_function+0x35/0x220
[ 1479.819589]  ? __sanitizer_cov_trace_switch+0x57/0xa0
[ 1479.820156]  perf_ftrace_event_register+0x95/0xf0
[ 1479.820568]  ? perf_tp_event_init+0xa0/0xa0
[ 1479.820939]  perf_trace_destroy+0x3a/0xa0
[ 1479.821308]  ? perf_tp_event_init+0xa0/0xa0
[ 1479.821677]  tp_perf_event_destroy+0x1e/0x30
[ 1479.822248]  _free_event+0x101/0x800
[ 1479.822725]  put_event+0x3c/0x50
[ 1479.823112]  perf_event_release_kernel+0x2de/0x360
[ 1479.823495]  ? perf_event_release_kernel+0x9/0x360
[ 1479.824038]  ? perf_event_release_kernel+0x360/0x360
[ 1479.824507]  perf_release+0x22/0x30
[ 1479.824884]  __fput+0x11f/0x450
[ 1479.825453]  ____fput+0x1e/0x30
[ 1479.825808]  task_work_run+0xb6/0x120
[ 1479.826583]  do_exit+0x547/0x1360
[ 1479.827018]  ? write_comp_data+0x2f/0x90
[ 1479.827566]  do_group_exit+0x5e/0xf0
[ 1479.828055]  get_signal+0x148f/0x1490
[ 1479.828867]  arch_do_signal_or_restart+0x33/0x280
[ 1479.829418]  ? arch_do_signal_or_restart+0x9/0x280
[ 1479.829825]  ? lockdep_hardirqs_on+0x8a/0x110
[ 1479.830374]  ? syscall_exit_to_user_mode+0x2d/0x60
[ 1479.830912]  exit_to_user_mode_prepare+0x13b/0x210
[ 1479.831376]  syscall_exit_to_user_mode+0x2d/0x60
[ 1479.831806]  do_syscall_64+0x4a/0x90
[ 1479.832178]  entry_SYSCALL_64_after_hwframe+0x63/0xcd
[ 1479.832570] RIP: 0033:0x7fc8680d559d
[ 1479.832903] RSP: 002b:00007ffdf4018868 EFLAGS: 00000246 ORIG_RAX: 000000000000012a
[ 1479.833463] RAX: 0000000000000003 RBX: 0000000000000000 RCX: 00007fc8680d559d
[ 1479.833936] RDX: 0000000000000000 RSI: 00000000ffffffff RDI: 00000000200004c0
[ 1479.834581] RBP: 00007ffdf4018880 R08: 0000000000000000 R09: 00007ffdf4018880
[ 1479.835054] R10: 00000000ffffffff R11: 0000000000000246 R12: 00000000004011e0
[ 1479.835533] R13: 00007ffdf40189a0 R14: 0000000000000000 R15: 0000000000000000
[ 1479.836555]  </TASK>
[ 1479.836801] 
[ 1479.836801] Showing all locks held in the system:
[ 1479.837234] 1 lock held by rcu_tasks_kthre/11:
[ 1479.837579]  #0: ffffffff83d64330 (rcu_tasks.tasks_gp_mutex){+.+.}-{3:3}, at: rcu_tasks_one_gp+0x2d/0x3d0
[ 1479.838658] 1 lock held by rcu_tasks_rude_/12:
[ 1479.839001]  #0: ffffffff83d640b0 (rcu_tasks_rude.tasks_gp_mutex){+.+.}-{3:3}, at: rcu_tasks_one_gp+0x2d/0x3d0
[ 1479.839938] 1 lock held by rcu_tasks_trace/13:
[ 1479.840287]  #0: ffffffff83d63df0 (rcu_tasks_trace.tasks_gp_mutex){+.+.}-{3:3}, at: rcu_tasks_one_gp+0x2d/0x3d0
[ 1479.841245] 1 lock held by khungtaskd/29:
[ 1479.841571]  #0: ffffffff83d64d40 (rcu_read_lock){....}-{1:2}, at: debug_show_all_locks+0x27/0x18c
[ 1479.842656] 2 locks held by repro/579:
[ 1479.842965]  #0: ffffffff83e224e8 (event_mutex){+.+.}-{3:3}, at: perf_trace_destroy+0x21/0xa0
[ 1479.843834]  #1: ffffffff83e1e9c8 (ftrace_lock){+.+.}-{3:3}, at: unregister_ftrace_function+0x2b/0x220
[ 1479.844735] 1 lock held by repro/583:
[ 1479.845044] 
[ 1479.845245] =============================================
[ 1479.845245] 
[ 1627.254360] INFO: task repro:579 blocked for more than 1474 seconds.
[ 1627.254853]       Not tainted 6.1.0-1ca06f1c1ace+ #1
[ 1627.255220] "echo 0 > /proc/sys/kernel/hung_task_timeout_secs" disables this message.
[ 1627.255724] task:repro           state:D stack:0     pid:579   ppid:577    flags:0x00004006
[ 1627.256332] Call Trace:
[ 1627.256582]  <TASK>
[ 1627.256971]  __schedule+0x385/0xb00
[ 1627.257607]  ? wait_for_completion+0x7b/0x180
[ 1627.258267]  schedule+0x5b/0xe0
[ 1627.258629]  schedule_timeout+0x561/0x650
[ 1627.259276]  ? schedule_timeout+0x9/0x650
[ 1627.259829]  ? wait_for_completion+0x7b/0x180
[ 1627.260218]  wait_for_completion+0xa6/0x180
[ 1627.260832]  __wait_rcu_gp+0x136/0x160
[ 1627.261241]  ? ftrace_kill+0x40/0x40
[ 1627.261565]  ? ftrace_kill+0x40/0x40
[ 1627.261944]  synchronize_rcu_tasks_generic.part.24+0x3b/0x60
[ 1627.262545]  ? call_rcu_tasks_generic+0x320/0x320
