c[?7l[2J[0mSeaBIOS (version rel-1.16.0-0-gd239552ce722-prebuilt.qemu.org)


iPXE (http://ipxe.org) 00:03.0 CA00 PCI2.10 PnP PMM+7FF91000+7FEF1000 CA00
Press Ctrl-B to configure iPXE (PCI 00:03.0)...                                                                               


Booting from ROM..c[?7l[2J[    0.000000] Linux version 6.1.0-rc3-2f5065a0bc9d+ (root@p-adls01) (gcc (GCC) 8.5.0 20210514 (Red Hat 8.5.0-18), GNU ld version 2.36.1-2.el8) #1 SMP PREEMPT_DYNAMIC Wed Mar 15 13:04:30 CST 2023
[    0.000000] Command line: console=ttyS0 root=/dev/sda earlyprintk=serial net.ifnames=0
[    0.000000] KERNEL supported cpus:
[    0.000000]   Intel GenuineIntel
[    0.000000]   AMD AuthenticAMD
[    0.000000]   Hygon HygonGenuine
[    0.000000]   Centaur CentaurHauls
[    0.000000]   zhaoxin   Shanghai  
[    0.000000] x86/fpu: Supporting XSAVE feature 0x001: 'x87 floating point registers'
[    0.000000] x86/fpu: Supporting XSAVE feature 0x002: 'SSE registers'
[    0.000000] x86/fpu: Supporting XSAVE feature 0x004: 'AVX registers'
[    0.000000] x86/fpu: Supporting XSAVE feature 0x200: 'Protection Keys User registers'
[    0.000000] x86/fpu: xstate_offset[2]:  576, xstate_sizes[2]:  256
[    0.000000] x86/fpu: xstate_offset[9]:  832, xstate_sizes[9]:    8
[    0.000000] x86/fpu: Enabled xstate features 0x207, context size is 840 bytes, using 'compacted' format.
[    0.000000] signal: max sigframe size: 3632
[    0.000000] BIOS-provided physical RAM map:
[    0.000000] BIOS-e820: [mem 0x0000000000000000-0x000000000009fbff] usable
[    0.000000] BIOS-e820: [mem 0x000000000009fc00-0x000000000009ffff] reserved
[    0.000000] BIOS-e820: [mem 0x00000000000f0000-0x00000000000fffff] reserved
[    0.000000] BIOS-e820: [mem 0x0000000000100000-0x000000007ffdffff] usable
[    0.000000] BIOS-e820: [mem 0x000000007ffe0000-0x000000007fffffff] reserved
[    0.000000] BIOS-e820: [mem 0x00000000feffc000-0x00000000feffffff] reserved
[    0.000000] BIOS-e820: [mem 0x00000000fffc0000-0x00000000ffffffff] reserved
[    0.000000] printk: bootconsole [earlyser0] enabled
[    0.000000] NX (Execute Disable) protection: active
[    0.000000] SMBIOS 2.8 present.
[    0.000000] DMI: QEMU Standard PC (i440FX + PIIX, 1996), BIOS rel-1.16.0-0-gd239552ce722-prebuilt.qemu.org 04/01/2014
[    0.000000] Hypervisor detected: KVM
[    0.000000] kvm-clock: Using msrs 4b564d01 and 4b564d00
[    0.000002] kvm-clock: using sched offset of 391023825 cycles
[    0.000332] clocksource: kvm-clock: mask: 0xffffffffffffffff max_cycles: 0x1cd42e4dffb, max_idle_ns: 881590591483 ns
[    0.001359] tsc: Detected 3609.600 MHz processor
[    0.007699] last_pfn = 0x7ffe0 max_arch_pfn = 0x400000000
[    0.008106] x86/PAT: Configuration [0-7]: WB  WC  UC- UC  WB  WP  UC- WT  
[    0.015785] found SMP MP-table at [mem 0x000f5ba0-0x000f5baf]
[    0.016252] Using GB pages for direct mapping
[    0.017636] ACPI: Early table checksum verification disabled
[    0.018019] ACPI: RSDP 0x00000000000F59C0 000014 (v00 BOCHS )
[    0.018397] ACPI: RSDT 0x000000007FFE1951 000034 (v01 BOCHS  BXPC     00000001 BXPC 00000001)
[    0.018954] ACPI: FACP 0x000000007FFE17FD 000074 (v01 BOCHS  BXPC     00000001 BXPC 00000001)
[    0.019509] ACPI: DSDT 0x000000007FFE0040 0017BD (v01 BOCHS  BXPC     00000001 BXPC 00000001)
[    0.020058] ACPI: FACS 0x000000007FFE0000 000040
[    0.020369] ACPI: APIC 0x000000007FFE1871 000080 (v01 BOCHS  BXPC     00000001 BXPC 00000001)
[    0.020916] ACPI: HPET 0x000000007FFE18F1 000038 (v01 BOCHS  BXPC     00000001 BXPC 00000001)
[    0.021463] ACPI: WAET 0x000000007FFE1929 000028 (v01 BOCHS  BXPC     00000001 BXPC 00000001)
[    0.022003] ACPI: Reserving FACP table memory at [mem 0x7ffe17fd-0x7ffe1870]
[    0.022437] ACPI: Reserving DSDT table memory at [mem 0x7ffe0040-0x7ffe17fc]
[    0.022870] ACPI: Reserving FACS table memory at [mem 0x7ffe0000-0x7ffe003f]
[    0.023303] ACPI: Reserving APIC table memory at [mem 0x7ffe1871-0x7ffe18f0]
[    0.023742] ACPI: Reserving HPET table memory at [mem 0x7ffe18f1-0x7ffe1928]
[    0.024183] ACPI: Reserving WAET table memory at [mem 0x7ffe1929-0x7ffe1950]
[    0.025184] No NUMA configuration found
[    0.025429] Faking a node at [mem 0x0000000000000000-0x000000007ffdffff]
[    0.025901] NODE_DATA(0) allocated [mem 0x7ffb5000-0x7ffdffff]
[    0.029031] Zone ranges:
[    0.029220]   DMA      [mem 0x0000000000001000-0x0000000000ffffff]
[    0.029614]   DMA32    [mem 0x0000000001000000-0x000000007ffdffff]
[    0.030004]   Normal   empty
[    0.030188]   Device   empty
[    0.030373] Movable zone start for each node
[    0.030642] Early memory node ranges
[    0.030866]   node   0: [mem 0x0000000000001000-0x000000000009efff]
[    0.031260]   node   0: [mem 0x0000000000100000-0x000000007ffdffff]
[    0.031656] Initmem setup node 0 [mem 0x0000000000001000-0x000000007ffdffff]
[    0.032894] On node 0, zone DMA: 1 pages in unavailable ranges
[    0.032998] On node 0, zone DMA: 97 pages in unavailable ranges
[    0.072006] On node 0, zone DMA32: 32 pages in unavailable ranges
[    0.072615] ACPI: PM-Timer IO Port: 0x608
[    0.073271] ACPI: LAPIC_NMI (acpi_id[0xff] dfl dfl lint[0x1])
[    0.073688] IOAPIC[0]: apic_id 0, version 17, address 0xfec00000, GSI 0-23
[    0.074138] ACPI: INT_SRC_OVR (bus 0 bus_irq 0 global_irq 2 dfl dfl)
[    0.074539] ACPI: INT_SRC_OVR (bus 0 bus_irq 5 global_irq 5 high level)
[    0.074957] ACPI: INT_SRC_OVR (bus 0 bus_irq 9 global_irq 9 high level)
[    0.075374] ACPI: INT_SRC_OVR (bus 0 bus_irq 10 global_irq 10 high level)
[    0.075801] ACPI: INT_SRC_OVR (bus 0 bus_irq 11 global_irq 11 high level)
[    0.076241] ACPI: Using ACPI (MADT) for SMP configuration information
[    0.076647] ACPI: HPET id: 0x8086a201 base: 0xfed00000
[    0.076986] TSC deadline timer available
[    0.077235] smpboot: Allowing 2 CPUs, 0 hotplug CPUs
[    0.077600] kvm-guest: KVM setup pv remote TLB flush
[    0.077916] kvm-guest: setup PV sched yield
[    0.078234] PM: hibernation: Registered nosave memory: [mem 0x00000000-0x00000fff]
[    0.078712] PM: hibernation: Registered nosave memory: [mem 0x0009f000-0x0009ffff]
[    0.079186] PM: hibernation: Registered nosave memory: [mem 0x000a0000-0x000effff]
[    0.079659] PM: hibernation: Registered nosave memory: [mem 0x000f0000-0x000fffff]
[    0.080139] [mem 0x80000000-0xfeffbfff] available for PCI devices
[    0.080525] Booting paravirtualized kernel on KVM
[    0.080835] clocksource: refined-jiffies: mask: 0xffffffff max_cycles: 0xffffffff, max_idle_ns: 7645519600211568 ns
[    0.081505] setup_percpu: NR_CPUS:8192 nr_cpumask_bits:2 nr_cpu_ids:2 nr_node_ids:1
[    0.083913] percpu: Embedded 64 pages/cpu s225280 r8192 d28672 u1048576
[    0.084545] kvm-guest: PV spinlocks enabled
[    0.084829] PV qspinlock hash table entries: 256 (order: 0, 4096 bytes, linear)
[    0.085325] Fallback order for Node 0: 0 
[    0.085605] Built 1 zonelists, mobility grouping on.  Total pages: 515808
[    0.086046] Policy zone: DMA32
[    0.086247] Kernel command line: net.ifnames=0 console=ttyS0 root=/dev/sda earlyprintk=serial net.ifnames=0
[    0.088350] Dentry cache hash table entries: 262144 (order: 9, 2097152 bytes, linear)
[    0.088948] Inode-cache hash table entries: 131072 (order: 8, 1048576 bytes, linear)
[    0.089560] mem auto-init: stack:off, heap alloc:off, heap free:off
[    0.092985] Memory: 1985384K/2096632K available (32784K kernel code, 4692K rwdata, 7820K rodata, 3672K init, 22124K bss, 110992K reserved, 0K cma-reserved)
[    0.094795] SLUB: HWalign=64, Order=0-3, MinObjects=0, CPUs=2, Nodes=1
[    0.095199] kmemleak: Kernel memory leak detector disabled
[    0.095576] ftrace: allocating 67273 entries in 263 pages
[    0.115152] ftrace: allocated 263 pages with 4 groups
[    0.117940] Dynamic Preempt: voluntary
[    0.118356] Running RCU self tests
[    0.118570] rcu: Preemptible hierarchical RCU implementation.
[    0.118917] rcu: 	RCU lockdep checking is enabled.
[    0.119204] rcu: 	RCU restricting CPUs from NR_CPUS=8192 to nr_cpu_ids=2.
[    0.119611] 	Trampoline variant of Tasks RCU enabled.
[    0.119914] 	Rude variant of Tasks RCU enabled.
[    0.120187] 	Tracing variant of Tasks RCU enabled.
[    0.120477] rcu: RCU calculated value of scheduler-enlistment delay is 25 jiffies.
[    0.120929] rcu: Adjusting geometry for rcu_fanout_leaf=16, nr_cpu_ids=2
[    0.144520] NR_IRQS: 524544, nr_irqs: 440, preallocated irqs: 16
[    0.145185] rcu: srcu_init: Setting srcu_struct sizes based on contention.
[    0.151391] Console: colour VGA+ 80x25
[    0.151676] printk: console [ttyS0] enabled
[    0.151676] printk: console [ttyS0] enabled
[    0.152209] printk: bootconsole [earlyser0] disabled
[    0.152209] printk: bootconsole [earlyser0] disabled
[    0.152843] Lock dependency validator: Copyright (c) 2006 Red Hat, Inc., Ingo Molnar
[    0.153333] ... MAX_LOCKDEP_SUBCLASSES:  8
[    0.153600] ... MAX_LOCK_DEPTH:          48
[    0.153870] ... MAX_LOCKDEP_KEYS:        8192
[    0.154150] ... CLASSHASH_SIZE:          4096
[    0.154430] ... MAX_LOCKDEP_ENTRIES:     32768
[    0.154720] ... MAX_LOCKDEP_CHAINS:      65536
[    0.155001] ... CHAINHASH_SIZE:          32768
[    0.155281]  memory used by lock dependency info: 6365 kB
[    0.155617]  memory used for stack traces: 4224 kB
[    0.155917]  per task-struct memory footprint: 1920 bytes
[    0.156294] ACPI: Core revision 20220331
[    0.156739] clocksource: hpet: mask: 0xffffffff max_cycles: 0xffffffff, max_idle_ns: 19112604467 ns
[    0.157422] APIC: Switch to symmetric I/O mode setup
[    0.157865] x2apic enabled
[    0.158175] Switched APIC routing to physical x2apic.
[    0.158501] kvm-guest: setup PV IPIs
[    0.159448] ..TIMER: vector=0x30 apic1=0 pin1=2 apic2=-1 pin2=-1
[    0.159850] clocksource: tsc-early: mask: 0xffffffffffffffff max_cycles: 0x3407c077a8d, max_idle_ns: 440795342283 ns
[    0.160532] Calibrating delay loop (skipped) preset value.. 7219.20 BogoMIPS (lpj=14438400)
[    0.161052] pid_max: default: 32768 minimum: 301
[    0.164655] LSM: Security Framework initializing
[    0.164953] Yama: becoming mindful.
[    0.165358] Mount-cache hash table entries: 4096 (order: 3, 32768 bytes, linear)
[    0.165823] Mountpoint-cache hash table entries: 4096 (order: 3, 32768 bytes, linear)
[    0.168539] x86/cpu: User Mode Instruction Prevention (UMIP) activated
[    0.169225] Last level iTLB entries: 4KB 0, 2MB 0, 4MB 0
[    0.169599] Last level dTLB entries: 4KB 0, 2MB 0, 4MB 0, 1GB 0
[    0.169998] Spectre V1 : Mitigation: usercopy/swapgs barriers and __user pointer sanitization
[    0.170529] Spectre V2 : WARNING: Unprivileged eBPF is enabled with eIBRS on, data leaks possible via Spectre v2 BHB attacks!
[    0.171221] Spectre V2 : Mitigation: Enhanced IBRS
[    0.171519] Spectre V2 : Spectre v2 / SpectreRSB mitigation: Filling RSB on context switch
[    0.172011] Spectre V2 : Spectre v2 / PBRSB-eIBRS: Retire a single CALL on VMEXIT
[    0.172528] Spectre V2 : mitigation: Enabling conditional Indirect Branch Prediction Barrier
[    0.173031] Speculative Store Bypass: Mitigation: Speculative Store Bypass disabled via prctl
[    0.266020] Freeing SMP alternatives memory: 56K
[    0.266642] smpboot: CPU0: 12th Gen Intel(R) Core(TM) i7-12700K (family: 0x6, model: 0x97, stepping: 0x2)
[    0.267563] cblist_init_generic: Setting adjustable number of callback queues.
[    0.267999] cblist_init_generic: Setting shift to 1 and lim to 1.
[    0.268404] cblist_init_generic: Setting shift to 1 and lim to 1.
[    0.268517] cblist_init_generic: Setting shift to 1 and lim to 1.
[    0.268517] Running RCU-tasks wait API self tests
[    0.368626] Performance Events: Alderlake Hybrid events, full-width counters, Intel PMU driver.
[    0.369600] core: cpu_core PMU driver: 
[    0.369837] ... version:                2
[    0.370077] ... bit width:              48
[    0.370320] ... generic registers:      6
[    0.370557] ... value mask:             0000ffffffffffff
[    0.370875] ... max period:             00007fffffffffff
[    0.371185] ... fixed-purpose events:   3
[    0.371422] ... event mask:             0001000f0000003f
[    0.371884] rcu: Hierarchical SRCU implementation.
[    0.372169] rcu: 	Max phase no-delay instances is 1000.
[    0.374547] unchecked MSR access error: WRMSR to 0x38f (tried to write 0x0001000f0000003f) at rIP: 0xffffffff810ce49c (native_write_msr+0xc/0x30)
[    0.375329] Call Trace:
[    0.375478]  <TASK>
[    0.375609]  __intel_pmu_enable_all.constprop.46+0xb5/0x140
[    0.375944]  intel_pmu_enable_all+0x1e/0x30
[    0.376199]  x86_pmu_enable+0x46d/0x5a0
[    0.376439]  ? write_comp_data+0x2f/0x90
[    0.376517]  perf_pmu_enable+0x53/0x70
[    0.376517]  ctx_resched+0xab/0xf0
[    0.376517]  __perf_install_in_context+0x31b/0x480
[    0.376517]  ? perf_duration_warn+0x50/0x50
[    0.376517]  ? perf_duration_warn+0x50/0x50
[    0.376517]  remote_function+0x80/0xa0
[    0.376517]  ? perf_duration_warn+0x50/0x50
[    0.376517]  generic_exec_single+0x124/0x190
[    0.376517]  smp_call_function_single+0x11c/0x240
[    0.376517]  ? perf_duration_warn+0x50/0x50
[    0.376517]  ? __sanitizer_cov_trace_pc+0x25/0x60
[    0.376517]  ? write_comp_data+0x2f/0x90
[    0.376517]  perf_install_in_context+0x2e8/0x310
[    0.376517]  ? ctx_resched+0xf0/0xf0
[    0.376517]  perf_event_create_kernel_counter+0x16a/0x200
[    0.376517]  ? find_next_bit+0x30/0x30
[    0.376517]  hardlockup_detector_event_create+0x46/0xd0
[    0.376517]  hardlockup_detector_perf_init+0x18/0x66
[    0.376517]  watchdog_nmi_probe+0x17/0x1d
[    0.376517]  lockup_detector_init+0x40/0xaf
[    0.376517]  kernel_init_freeable+0x264/0x42e
[    0.376517]  ? rest_init+0x240/0x240
[    0.376517]  kernel_init+0x24/0x1e0
[    0.376517]  ? rest_init+0x240/0x240
[    0.376517]  ret_from_fork+0x1f/0x30
[    0.376517]  </TASK>
[    0.376545] Callback from call_rcu_tasks_trace() invoked.
[    0.377017] smp: Bringing up secondary CPUs ...
[    0.378032] x86: Booting SMP configuration:
[    0.378299] .... node  #0, CPUs:      #1
[    0.378698] smp: Brought up 1 node, 2 CPUs
[    0.378698] smpboot: Max logical packages: 1
[    0.378698] smpboot: Total of 2 processors activated (14438.40 BogoMIPS)
[    0.383781] devtmpfs: initialized
[    0.383781] x86/mm: Memory block size: 128MB
[    0.386117] clocksource: jiffies: mask: 0xffffffff max_cycles: 0xffffffff, max_idle_ns: 7645041785100000 ns
[    0.386117] futex hash table entries: 512 (order: 4, 65536 bytes, linear)
[    0.386117] pinctrl core: initialized pinctrl subsystem
[    0.386805] 
[    0.386903] *************************************************************
[    0.388530] **     NOTICE NOTICE NOTICE NOTICE NOTICE NOTICE NOTICE    **
[    0.388930] **                                                         **
[    0.389329] **  IOMMU DebugFS SUPPORT HAS BEEN ENABLED IN THIS KERNEL  **
[    0.389733] **                                                         **
[    0.390132] ** This means that this kernel is built to expose internal **
[    0.390534] ** IOMMU data structures, which may compromise security on **
[    0.390932] ** your system.                                            **
[    0.391332] **                                                         **
[    0.391732] ** If you see this message and you are not debugging the   **
[    0.392133] ** kernel, report this immediately to your vendor!         **
[    0.392521] **                                                         **
[    0.392920] **     NOTICE NOTICE NOTICE NOTICE NOTICE NOTICE NOTICE    **
[    0.393320] *************************************************************
[    0.393762] PM: RTC time: 05:05:08, date: 2023-03-15
[    0.396823] NET: Registered PF_NETLINK/PF_ROUTE protocol family
[    0.397708] DMA: preallocated 256 KiB GFP_KERNEL pool for atomic allocations
[    0.398142] DMA: preallocated 256 KiB GFP_KERNEL|GFP_DMA pool for atomic allocations
[    0.398609] DMA: preallocated 256 KiB GFP_KERNEL|GFP_DMA32 pool for atomic allocations
[    0.399119] audit: initializing netlink subsys (disabled)
[    0.399525] audit: type=2000 audit(1678856709.053:1): state=initialized audit_enabled=0 res=1
[    0.399525] thermal_sys: Registered thermal governor 'fair_share'
[    0.400523] thermal_sys: Registered thermal governor 'bang_bang'
[    0.400889] thermal_sys: Registered thermal governor 'step_wise'
[    0.401245] thermal_sys: Registered thermal governor 'user_space'
[    0.401639] cpuidle: using governor ladder
[    0.402261] cpuidle: using governor menu
[    0.402719] acpiphp: ACPI Hot Plug PCI Controller Driver version: 0.5
[    0.403380] PCI: Using configuration type 1 for base access
[    0.415857] kprobes: kprobe jump-optimization is enabled. All kprobes are optimized if possible.
[    0.589356] HugeTLB: registered 1.00 GiB page size, pre-allocated 0 pages
[    0.589793] HugeTLB: 16380 KiB vmemmap can be freed for a 1.00 GiB page
[    0.590203] HugeTLB: registered 2.00 MiB page size, pre-allocated 0 pages
[    0.590615] HugeTLB: 28 KiB vmemmap can be freed for a 2.00 MiB page
[    0.592383] ACPI: Added _OSI(Module Device)
[    0.592557] ACPI: Added _OSI(Processor Device)
[    0.592835] ACPI: Added _OSI(3.0 _SCP Extensions)
[    0.593123] ACPI: Added _OSI(Processor Aggregator Device)
[    0.599353] ACPI: 1 ACPI AML tables successfully acquired and loaded
[    0.602392] ACPI: Interpreter enabled
[    0.602700] ACPI: PM: (supports S0 S3 S4 S5)
[    0.602964] ACPI: Using IOAPIC for interrupt routing
[    0.603305] PCI: Using host bridge windows from ACPI; if necessary, use "pci=nocrs" and report a bug
[    0.603853] PCI: Using E820 reservations for host bridge windows
[    0.604777] ACPI: Enabled 2 GPEs in block 00 to 0F
[    0.618265] ACPI: PCI Root Bridge [PCI0] (domain 0000 [bus 00-ff])
[    0.618675] acpi PNP0A03:00: _OSC: OS supports [ASPM ClockPM Segments MSI EDR HPX-Type3]
[    0.619169] acpi PNP0A03:00: _OSC: not requesting OS control; OS requires [ExtendedConfig ASPM ClockPM MSI]
[    0.619832] acpi PNP0A03:00: fail to add MMCONFIG information, can't access extended PCI configuration space under this bridge.
[    0.622464] acpiphp: Slot [3] registered
[    0.622773] acpiphp: Slot [4] registered
[    0.623067] acpiphp: Slot [5] registered
[    0.623361] acpiphp: Slot [6] registered
[    0.623654] acpiphp: Slot [7] registered
[    0.623948] acpiphp: Slot [8] registered
[    0.624247] acpiphp: Slot [9] registered
[    0.624544] acpiphp: Slot [10] registered
[    0.624852] acpiphp: Slot [11] registered
[    0.625158] acpiphp: Slot [12] registered
[    0.625469] acpiphp: Slot [13] registered
[    0.625774] acpiphp: Slot [14] registered
[    0.626087] acpiphp: Slot [15] registered
[    0.626398] acpiphp: Slot [16] registered
[    0.626704] acpiphp: Slot [17] registered
[    0.627017] acpiphp: Slot [18] registered
[    0.627316] acpiphp: Slot [19] registered
[    0.627615] acpiphp: Slot [20] registered
[    0.627914] acpiphp: Slot [21] registered
[    0.628213] acpiphp: Slot [22] registered
[    0.628517] acpiphp: Slot [23] registered
[    0.628827] acpiphp: Slot [24] registered
[    0.629126] acpiphp: Slot [25] registered
[    0.629425] acpiphp: Slot [26] registered
[    0.629724] acpiphp: Slot [27] registered
[    0.630029] acpiphp: Slot [28] registered
[    0.630328] acpiphp: Slot [29] registered
[    0.630627] acpiphp: Slot [30] registered
[    0.630926] acpiphp: Slot [31] registered
[    0.631190] PCI host bridge to bus 0000:00
[    0.631443] pci_bus 0000:00: root bus resource [io  0x0000-0x0cf7 window]
[    0.631857] pci_bus 0000:00: root bus resource [io  0x0d00-0xffff window]
[    0.632273] pci_bus 0000:00: root bus resource [mem 0x000a0000-0x000bffff window]
[    0.632523] pci_bus 0000:00: root bus resource [mem 0x80000000-0xfebfffff window]
[    0.632978] pci_bus 0000:00: root bus resource [mem 0x100000000-0x17fffffff window]
[    0.633446] pci_bus 0000:00: root bus resource [bus 00-ff]
[    0.633865] pci 0000:00:00.0: [8086:1237] type 00 class 0x060000
[    0.636653] pci 0000:00:01.0: [8086:7000] type 00 class 0x060100
[    0.637613] pci 0000:00:01.1: [8086:7010] type 00 class 0x010180
[    0.639008] pci 0000:00:01.1: reg 0x20: [io  0xc040-0xc04f]
[    0.639811] pci 0000:00:01.1: legacy IDE quirk: reg 0x10: [io  0x01f0-0x01f7]
[    0.640250] pci 0000:00:01.1: legacy IDE quirk: reg 0x14: [io  0x03f6]
[    0.640524] pci 0000:00:01.1: legacy IDE quirk: reg 0x18: [io  0x0170-0x0177]
[    0.640958] pci 0000:00:01.1: legacy IDE quirk: reg 0x1c: [io  0x0376]
[    0.641802] pci 0000:00:01.3: [8086:7113] type 00 class 0x068000
[    0.642434] pci 0000:00:01.3: quirk: [io  0x0600-0x063f] claimed by PIIX4 ACPI
[    0.642878] pci 0000:00:01.3: quirk: [io  0x0700-0x070f] claimed by PIIX4 SMB
[    0.643546] pci 0000:00:02.0: [1234:1111] type 00 class 0x030000
[    0.644872] pci 0000:00:02.0: reg 0x10: [mem 0xfd000000-0xfdffffff pref]
[    0.646469] pci 0000:00:02.0: reg 0x18: [mem 0xfebf0000-0xfebf0fff]
[    0.649449] pci 0000:00:02.0: reg 0x30: [mem 0xfebe0000-0xfebeffff pref]
[    0.650030] pci 0000:00:02.0: Video device with shadowed ROM at [mem 0x000c0000-0x000dffff]
[    0.653230] pci 0000:00:03.0: [8086:100e] type 00 class 0x020000
[    0.653984] pci 0000:00:03.0: reg 0x10: [mem 0xfebc0000-0xfebdffff]
[    0.654710] pci 0000:00:03.0: reg 0x14: [io  0xc000-0xc03f]
[    0.656523] pci 0000:00:03.0: reg 0x30: [mem 0xfeb80000-0xfebbffff pref]
[    0.666104] ACPI: PCI: Interrupt link LNKA configured for IRQ 10
[    0.666840] ACPI: PCI: Interrupt link LNKB configured for IRQ 10
[    0.667597] ACPI: PCI: Interrupt link LNKC configured for IRQ 11
[    0.668323] ACPI: PCI: Interrupt link LNKD configured for IRQ 11
[    0.668697] ACPI: PCI: Interrupt link LNKS configured for IRQ 9
[    0.670183] iommu: Default domain type: Translated 
[    0.670521] iommu: DMA domain TLB invalidation policy: lazy mode 
[    0.671899] SCSI subsystem initialized
[    0.672386] ACPI: bus type USB registered
[    0.672577] usbcore: registered new interface driver usbfs
[    0.672964] usbcore: registered new interface driver hub
[    0.673312] usbcore: registered new device driver usb
[    0.673714] pps_core: LinuxPPS API ver. 1 registered
[    0.674017] pps_core: Software ver. 5.3.6 - Copyright 2005-2007 Rodolfo Giometti <giometti@linux.it>
[    0.674578] PTP clock support registered
[    0.674983] EDAC MC: Ver: 3.0.0
[    0.676746] NetLabel: Initializing
[    0.676970] NetLabel:  domain hash size = 128
[    0.677238] NetLabel:  protocols = UNLABELED CIPSOv4 CALIPSO
[    0.677631] NetLabel:  unlabeled traffic allowed by default
[    0.678242] PCI: Using ACPI for IRQ routing
[    0.678685] pci 0000:00:02.0: vgaarb: setting as boot VGA device
[    0.679136] pci 0000:00:02.0: vgaarb: bridge control possible
[    0.679495] pci 0000:00:02.0: vgaarb: VGA device added: decodes=io+mem,owns=io+mem,locks=none
[    0.680032] vgaarb: loaded
[    0.680595] hpet0: at MMIO 0xfed00000, IRQs 2, 8, 0
[    0.680923] hpet0: 3 comparators, 64-bit 100.000000 MHz counter
[    2.678799] clocksource: Switched to clocksource kvm-clock
[    2.679844] VFS: Disk quotas dquot_6.6.0
[    2.680133] VFS: Dquot-cache hash table entries: 512 (order 0, 4096 bytes)
[    2.680133] pnp: PnP ACPI init
[    2.680376] pnp: PnP ACPI: found 6 devices
[    2.690377] clocksource: acpi_pm: mask: 0xffffff max_cycles: 0xffffff, max_idle_ns: 2085701024 ns
[    2.691267] NET: Registered PF_INET protocol family
[    2.691748] IP idents hash table entries: 32768 (order: 6, 262144 bytes, linear)
[    2.693055] tcp_listen_portaddr_hash hash table entries: 1024 (order: 4, 73728 bytes, linear)
[    2.693620] Table-perturb hash table entries: 65536 (order: 6, 262144 bytes, linear)
[    2.694119] TCP established hash table entries: 16384 (order: 5, 131072 bytes, linear)
[    2.694802] TCP bind hash table entries: 16384 (order: 9, 2359296 bytes, linear)
[    2.720154] TCP: Hash tables configured (established 16384 bind 16384)
[    2.720614] Callback from call_rcu_tasks_rude() invoked.
[    2.721386] UDP hash table entries: 1024 (order: 5, 163840 bytes, linear)
[    2.721894] UDP-Lite hash table entries: 1024 (order: 5, 163840 bytes, linear)
[    2.722533] NET: Registered PF_UNIX/PF_LOCAL protocol family
[    2.723204] RPC: Registered named UNIX socket transport module.
[    2.723578] RPC: Registered udp transport module.
[    2.723866] RPC: Registered tcp transport module.
[    2.724153] RPC: Registered tcp NFSv4.1 backchannel transport module.
[    2.724573] pci_bus 0000:00: resource 4 [io  0x0000-0x0cf7 window]
[    2.724955] pci_bus 0000:00: resource 5 [io  0x0d00-0xffff window]
[    2.725334] pci_bus 0000:00: resource 6 [mem 0x000a0000-0x000bffff window]
[    2.725754] pci_bus 0000:00: resource 7 [mem 0x80000000-0xfebfffff window]
[    2.726175] pci_bus 0000:00: resource 8 [mem 0x100000000-0x17fffffff window]
[    2.726797] pci 0000:00:01.0: PIIX3: Enabling Passive Release
[    2.727158] pci 0000:00:00.0: Limiting direct PCI/PCI transfers
[    2.727600] PCI: CLS 0 bytes, default 64
[    2.727879] ACPI: bus type thunderbolt registered
[    2.728430] clocksource: tsc: mask: 0xffffffffffffffff max_cycles: 0x3407c077a8d, max_idle_ns: 440795342283 ns
[    2.780623] Callback from call_rcu_tasks() invoked.
[    2.812629] Initialise system trusted keyrings
[    2.813011] Key type blacklist registered
[    2.813433] workingset: timestamp_bits=36 max_order=19 bucket_order=0
[    2.822289] zbud: loaded
[    2.824174] squashfs: version 4.0 (2009/01/31) Phillip Lougher
[    2.825718] NFS: Registering the id_resolver key type
[    2.826072] Key type id_resolver registered
[    2.826329] Key type id_legacy registered
[    2.826659] nfs4filelayout_init: NFSv4 File Layout Driver Registering...
[    2.827085] nfs4flexfilelayout_init: NFSv4 Flexfile Layout Driver Registering...
[    2.827615] fuse: init (API version 7.37)
[    2.828109] SGI XFS with ACLs, security attributes, realtime, quota, no debug enabled
[    2.830064] 9p: Installing v9fs 9p2000 file system support
[    2.836183] Key type asymmetric registered
[    2.836460] Asymmetric key parser 'x509' registered
[    2.837626] alg: self-tests for CTR-KDF (hmac(sha256)) passed
[    2.838347] Block layer SCSI generic (bsg) driver version 0.4 loaded (major 243)
[    2.838909] io scheduler mq-deadline registered
[    2.839290] io scheduler bfq registered
[    2.840324] shpchp: Standard Hot Plug PCI Controller Driver version: 0.4
[    2.841089] IPMI message handler: version 39.2
[    2.841408] ipmi device interface
[    2.842935] input: Power Button as /devices/LNXSYSTM:00/LNXPWRBN:00/input/input0
[    2.843568] ACPI: button: Power Button [PWRF]
[    2.844599] ERST DBG: ERST support is disabled.
[    2.845354] Serial: 8250/16550 driver, 32 ports, IRQ sharing enabled
[    2.846153] 00:04: ttyS0 at I/O 0x3f8 (irq = 4, base_baud = 115200) is a 16550A
[    2.853354] Linux agpgart interface v0.103
[    2.854058] ACPI: bus type drm_connector registered
[    2.864137] brd: module loaded
[    2.870328] loop: module loaded
[    2.873624] scsi host0: ata_piix
[    2.874317] scsi host1: ata_piix
[    2.874666] ata1: PATA max MWDMA2 cmd 0x1f0 ctl 0x3f6 bmdma 0xc040 irq 14
[    2.875088] ata2: PATA max MWDMA2 cmd 0x170 ctl 0x376 bmdma 0xc048 irq 15
[    2.876597] tun: Universal TUN/TAP device driver, 1.6
[    2.877031] e100: Intel(R) PRO/100 Network Driver
[    2.877325] e100: Copyright(c) 1999-2006 Intel Corporation
[    2.877693] e1000: Intel(R) PRO/1000 Network Driver
[    2.878002] e1000: Copyright (c) 1999-2006 Intel Corporation.
[    3.031438] ACPI: \_SB_.LNKC: Enabled at IRQ 11
[    3.032612] ata2: found unknown device (class 0)
[    3.033156] ata1: found unknown device (class 0)
[    3.033919] ata2.00: ATAPI: QEMU DVD-ROM, 2.5+, max UDMA/100
[    3.034401] ata1.00: ATA-7: QEMU HARDDISK, 2.5+, max UDMA/100
[    3.034767] ata1.00: 16777216 sectors, multi 16: LBA48 
[    3.036127] scsi 0:0:0:0: Direct-Access     ATA      QEMU HARDDISK    2.5+ PQ: 0 ANSI: 5
[    3.037503] sd 0:0:0:0: Attached scsi generic sg0 type 0
[    3.037669] sd 0:0:0:0: [sda] 16777216 512-byte logical blocks: (8.59 GB/8.00 GiB)
[    3.038295] scsi 1:0:0:0: CD-ROM            QEMU     QEMU DVD-ROM     2.5+ PQ: 0 ANSI: 5
[    3.038364] sd 0:0:0:0: [sda] Write Protect is off
[    3.039187] sd 0:0:0:0: [sda] Write cache: enabled, read cache: enabled, doesn't support DPO or FUA
[    3.039802] sd 0:0:0:0: [sda] Preferred minimum I/O size 512 bytes
[    3.065251] scsi 1:0:0:0: Attached scsi generic sg1 type 5
[    3.066359] sd 0:0:0:0: [sda] Attached SCSI disk
[    3.352499] e1000 0000:00:03.0 eth0: (PCI:33MHz:32-bit) 52:54:00:12:34:56
[    3.352968] e1000 0000:00:03.0 eth0: Intel(R) PRO/1000 Network Connection
[    3.353469] e1000e: Intel(R) PRO/1000 Network Driver
[    3.353773] e1000e: Copyright(c) 1999 - 2015 Intel Corporation.
[    3.354192] igb: Intel(R) Gigabit Ethernet Network Driver
[    3.354519] igb: Copyright (c) 2007-2014 Intel Corporation.
[    3.354953] PPP generic driver version 2.4.2
[    3.355775] VFIO - User Level meta-driver version: 0.3
[    3.356542] usbcore: registered new interface driver uas
[    3.356907] usbcore: registered new interface driver usb-storage
[    3.357369] i8042: PNP: PS/2 Controller [PNP0303:KBD,PNP0f13:MOU] at 0x60,0x64 irq 1,12
[    3.358497] serio: i8042 KBD port at 0x60,0x64 irq 1
[    3.358829] serio: i8042 AUX port at 0x60,0x64 irq 12
[    3.359749] mousedev: PS/2 mouse device common for all mice
[    3.360731] input: AT Translated Set 2 keyboard as /devices/platform/i8042/serio0/input/input1
[    3.361881] rtc_cmos 00:05: RTC can wake from S4
[    3.362423] input: VirtualPS/2 VMware VMMouse as /devices/platform/i8042/serio1/input/input4
[    3.363397] input: VirtualPS/2 VMware VMMouse as /devices/platform/i8042/serio1/input/input3
[    3.364708] rtc_cmos 00:05: registered as rtc0
[    3.365037] rtc_cmos 00:05: setting system clock to 2023-03-15T05:05:11 UTC (1678856711)
[    3.365645] rtc_cmos 00:05: alarms up to one day, y3k, 242 bytes nvram, hpet irqs
[    3.366154] i2c_dev: i2c /dev entries driver
[    3.366455] device-mapper: core: CONFIG_IMA_DISABLE_HTABLE is disabled. Duplicate IMA measurements will not be recorded in the IMA log.
[    3.367279] device-mapper: uevent: version 1.0.3
[    3.367784] device-mapper: ioctl: 4.47.0-ioctl (2022-07-28) initialised: dm-devel@redhat.com
[    3.368298] intel_pstate: CPU model not supported
[    3.368668] sdhci: Secure Digital Host Controller Interface driver
[    3.369042] sdhci: Copyright(c) Pierre Ossman
[    3.369359] sdhci-pltfm: SDHCI platform and OF driver helper
[    3.369744] ledtrig-cpu: registered to indicate activity on CPUs
[    3.370411] drop_monitor: Initializing network drop monitor service
[    3.371228] NET: Registered PF_INET6 protocol family
[    3.373280] Segment Routing with IPv6
[    3.373539] In-situ OAM (IOAM) with IPv6
[    3.373830] NET: Registered PF_PACKET protocol family
[    3.374358] 9pnet: Installing 9P2000 support
[    3.374679] Key type dns_resolver registered
[    3.375562] IPI shorthand broadcast: enabled
[    3.375868] sched_clock: Marking stable (3364482080, 10899196)->(3390931282, -15550006)
[    3.376853] registered taskstats version 1
[    3.377218] Loading compiled-in X.509 certificates
[    3.377729] zswap: loaded using pool lzo/zbud
[    3.378458] Key type .fscrypt registered
[    3.378702] Key type fscrypt-provisioning registered
[    3.379752] Key type encrypted registered
[    3.380064] ima: No TPM chip found, activating TPM-bypass!
[    3.380407] ima: Allocated hash algorithm: sha1
[    3.380732] ima: No architecture policies found
[    3.381093] evm: Initialising EVM extended attributes:
[    3.381406] evm: security.selinux
[    3.381611] evm: security.SMACK64
[    3.381818] evm: security.SMACK64EXEC
[    3.382055] evm: security.SMACK64TRANSMUTE
[    3.382306] evm: security.SMACK64MMAP
[    3.382533] evm: security.apparmor
[    3.382744] evm: security.ima
[    3.382930] evm: security.capability
[    3.383158] evm: HMAC attrs: 0x1
[    3.387055] PM:   Magic number: 15:149:62
[    3.387626] RAS: Correctable Errors collector initialized.
[    3.388853] md: Waiting for all devices to be available before autodetect
[    3.389134] md: If you don't use raid, use raid=noautodetect
[    3.389370] md: Autodetecting RAID arrays.
[    3.389547] md: autorun ...
[    3.389668] md: ... autorun DONE.
[    3.397086] EXT4-fs (sda): INFO: recovery required on readonly filesystem
[    3.397399] EXT4-fs (sda): write access will be enabled during recovery
[    3.465741] EXT4-fs (sda): recovery complete
[    3.471926] EXT4-fs (sda): mounted filesystem with ordered data mode. Quota mode: none.
[    3.472291] VFS: Mounted root (ext4 filesystem) readonly on device 8:0.
[    3.473060] devtmpfs: mounted
[    3.478868] Freeing unused decrypted memory: 2036K
[    3.480616] Freeing unused kernel image (initmem) memory: 3672K
[    3.480892] Write protecting the kernel read-only data: 43008k
[    3.483418] Freeing unused kernel image (text/rodata gap) memory: 2028K
[    3.483967] Freeing unused kernel image (rodata/data gap) memory: 372K
[    3.557976] x86/mm: Checked W+X mappings: passed, no W+X pages found.
[    3.558313] Run /sbin/init as init process
[    3.631546] systemd[1]: RTC configured in localtime, applying delta of 0 minutes to system time.
[    3.664571] systemd[1]: systemd 239 (239-49.el8) running in system mode. (+PAM +AUDIT +SELINUX +IMA -APPARMOR +SMACK +SYSVINIT +UTMP +LIBCRYPTSETUP +GCRYPT +GNUTLS +ACL +XZ +LZ4 +SECCOMP +BLKID +ELFUTILS +KMOD +IDN2 -IDN +PCRE2 default-hierarchy=legacy)
[    3.665600] systemd[1]: Detected virtualization kvm.
[    3.665813] systemd[1]: Detected architecture x86-64.

Welcome to [0;31mCentOS Stream 8[0m!

[    3.714220] systemd[1]: Set hostname to <test>.
[    4.760617] random: crng init done
[    4.898274] systemd[1]: Created slice system-serial\x2dgetty.slice.
[[0;32m  OK  [0m] Created slice system-serial\x2dgetty.slice.
[    4.899341] systemd[1]: Listening on udev Control Socket.
[[0;32m  OK  [0m] Listening on udev Control Socket.
[    4.900432] systemd[1]: Listening on RPCbind Server Activation Socket.
[[0;32m  OK  [0m] Listening on RPCbind Server Activation Socket.
[    4.901391] systemd[1]: Listening on Journal Socket.
[[0;32m  OK  [0m] Listening on Journal Socket.
[    4.916747] systemd[1]: Mounting POSIX Message Queue File System...
         Mounting POSIX Message Queue File System...
[    4.920737] systemd[1]: Starting Load Kernel Modules...
         Starting Load Kernel Modules...
         Mounting Huge Pages File System...
         Starting Remount Root and Kernel File Systems...
[[0;32m  OK  [0m] Listening on initctl Compatibility Named Pipe.
[[0;32m  OK  [0m] Created slice system-sshd\x2dkeygen.slice.
[[0;32m  OK  [0m] Created slice system-getty.slice.
[[0;32m  OK  [0m] Reached target RPC Port Mapper.
         Starting Setup Virtual Console...
[[0;32m  OK  [0m] Listening on multipathd control socket.
[[0;32m  OK  [0m] Listening on Journal Socket (/dev/log).
         Starting Journal Service...
[[0;32m  OK  [0m] Listening on LVM2 poll daemon socket.
[[0;32m  OK  [0m] Reached target Swap.
[[0;32m  OK  [0m] Listening on udev Kernel Socket.
         Starting udev Coldplug all Devices...
[[0;32m  OK  [0m] Started Forward Password Requests to Wall Directory Watch.
[[0;32m  OK  [0m] Listening on Device-mapper event daemon FIFOs.
         Starting Monitoring of LVM2 mirrorsâ€¦ng dmeventd or progress polling...
[[0;32m  OK  [0m] Set up automount Arbitrary Executabâ€¦rmats File System Automount Point.
[[0;32m  OK  [0m] Created slice User and Session Slice.
         Mounting Kernel Debug File System...
[[0;32m  OK  [0m] Reached target Slices.
[[0;32m  OK  [0m] Listening on Process Core Dump Socket.
[[0;32m  OK  [0m] Mounted POSIX Message Queue File System.
[[0;1;31mFAILED[0m] Failed to start Load Kernel Modules.
See 'systemctl status systemd-modules-load.service' for details.
[[0;32m  OK  [0m] Mounted Huge Pages File System.
[[0;32m  OK  [0m] Mounted Kernel Debug File System.
         Mounting Kernel Configuration File System...
         Mounting FUSE Control File System...
[    5.160653] EXT4-fs (sda): re-mounted. Quota mode: none.
         Starting Apply Kernel Variables...
[[0;32m  OK  [0m] Started Remount Root and Kernel File Systems.
[[0;32m  OK  [0m] Started Journal Service.
[[0;32m  OK  [0m] Mounted Kernel Configuration File System.
[[0;32m  OK  [0m] Mounted FUSE Control File System.
[[0;32m  OK  [0m] Started Apply Kernel Variables.
         Starting Flush Journal to Persistent Storage...
         Starting Load/Save Random Seed...
         Starting Create Static Device Nodes in /dev...
[[0;32m  OK  [0m] Started Setup Virtual Console.
[[0;32m  OK  [0m] Started Flush Journal to Persistent Storage.
[[0;32m  OK  [0m] Started Load/Save Random Seed.
[[0;32m  OK  [0m] Started Create Static Device Nodes in /dev.
         Starting udev Kernel Device Manager...
[[0;32m  OK  [0m] Started udev Coldplug all Devices.
         Starting udev Wait for Complete Device Initialization...
[[0;32m  OK  [0m] Started udev Kernel Device Manager.
         Starting Show Plymouth Boot Screen...
[[0;32m  OK  [0m] Started Show Plymouth Boot Screen.
[[0;32m  OK  [0m] Reached target Local Encrypted Volumes.
[[0;32m  OK  [0m] Reached target Paths.
[[0;32m  OK  [0m] Started Forward Password Requests to Plymouth Directory Watch.
[[0;32m  OK  [0m] Found device /dev/ttyS0.
[[0;32m  OK  [0m] Started udev Wait for Complete Device Initialization.
[[0;32m  OK  [0m] Started Monitoring of LVM2 mirrors,â€¦sing dmeventd or progress polling.
[[0;32m  OK  [0m] Listening on Load/Save RF Kill Switch Status /dev/rfkill Watch.
[[0;32m  OK  [0m] Reached target Local File Systems (Pre).
[[0;32m  OK  [0m] Reached target Local File Systems.
         Starting Restore /run/initramfs on shutdown...
         Starting Create Volatile Files and Directories...
         Starting Tell Plymouth To Write Out Runtime Data...
[[0;32m  OK  [0m] Started Restore /run/initramfs on shutdown.
[[0;32m  OK  [0m] Started Tell Plymouth To Write Out Runtime Data.
[[0;32m  OK  [0m] Started Create Volatile Files and Directories.
         Starting Security Auditing Service...
         Mounting RPC Pipe File System...
         Starting RPC Bind...
[[0;32m  OK  [0m] Mounted RPC Pipe File System.
[[0;32m  OK  [0m] Reached target rpc_pipefs.target.
[[0;32m  OK  [0m] Started RPC Bind.
[[0;32m  OK  [0m] Started Security Auditing Service.
         Starting Update UTMP about System Boot/Shutdown...
[[0;32m  OK  [0m] Started Update UTMP about System Boot/Shutdown.
[[0;32m  OK  [0m] Reached target System Initialization.
[[0;32m  OK  [0m] Listening on SSSD Kerberos Cache Manager responder socket.
[[0;32m  OK  [0m] Started dnf makecache --timer.
[[0;32m  OK  [0m] Started Daily Cleanup of Temporary Directories.
[[0;32m  OK  [0m] Started daily update of the root trust anchor for DNSSEC.
[[0;32m  OK  [0m] Reached target Timers.
[[0;32m  OK  [0m] Listening on D-Bus System Message Bus Socket.
[[0;32m  OK  [0m] Reached target Sockets.
[[0;32m  OK  [0m] Reached target Basic System.
         Starting Login Service...
         Starting Auto-connect to subsystemsâ€¦-NVME devices found during boot...
[[0;32m  OK  [0m] Started Machine Check Exception Logging Daemon.
         Starting Authorization Manager...
         Starting Self Monitoring and Reporting Technology (SMART) Daemon...
[[0;32m  OK  [0m] Reached target sshd-keygen.target.
[[0;32m  OK  [0m] Started D-Bus System Message Bus.
         Starting Network Manager...
[[0;32m  OK  [0m] Started irqbalance daemon.
         Starting NTP client/server...
[[0;32m  OK  [0m] Started Auto-connect to subsystems â€¦FC-NVME devices found during boot.
[[0;32m  OK  [0m] Started Self Monitoring and Reporting Technology (SMART) Daemon.
         Starting update of the root trust aâ€¦or DNSSEC validation in unbound...
[[0;32m  OK  [0m] Started Login Service.
[[0;32m  OK  [0m] Started Network Manager.
[[0;32m  OK  [0m] Reached target Network.
         Starting OpenSSH server daemon...
         Starting Dynamic System Tuning Daemon...
         Starting GSSAPI Proxy Daemon...
         Starting Network Manager Wait Online...
[[0;32m  OK  [0m] Started OpenSSH server daemon.
[[0;32m  OK  [0m] Started update of the root trust anâ€¦ for DNSSEC validation in unbound.
[[0;32m  OK  [0m] Started NTP client/server.
         Starting Hostname Service...
[[0;32m  OK  [0m] Started GSSAPI Proxy Daemon.
[[0;32m  OK  [0m] Reached target NFS client services.
[[0;32m  OK  [0m] Reached target Remote File Systems (Pre).
[[0;32m  OK  [0m] Reached target Remote File Systems.
         Starting Permit User Sessions...
[[0;32m  OK  [0m] Started Authorization Manager.
[[0;32m  OK  [0m] Started Permit User Sessions.
[[0;32m  OK  [0m] Started Command Scheduler.
         Starting Hold until boot process finishes up...
         Starting Terminate Plymouth Boot Screen...
[    6.948818] e1000: eth0 NIC Link is Up 1000 Mbps Full Duplex, Flow Control: RX
[    6.949466] IPv6: ADDRCONF(NETDEV_CHANGE): eth0: link becomes ready
[    7.110438] Spectre V2 : WARNING: Unprivileged eBPF is enabled with eIBRS on, data leaks possible via Spectre v2 BHB attacks!
[    7.110949] Spectre V2 : WARNING: Unprivileged eBPF is enabled with eIBRS on, data leaks possible via Spectre v2 BHB attacks!

CentOS Stream 8
Kernel 6.1.0-rc3-2f5065a0bc9d+ on an x86_64

test login: [   28.993003] hrtimer: interrupt took 585973 ns
