c[?7l[2J[0mSeaBIOS (version rel-1.16.0-0-gd239552ce722-prebuilt.qemu.org)


iPXE (http://ipxe.org) 00:03.0 CA00 PCI2.10 PnP PMM+7FF91000+7FEF1000 CA00
Press Ctrl-B to configure iPXE (PCI 00:03.0)...                                                                               


Booting from ROM..c[?7l[2J[    0.000000] Linux version 6.1.0-rc2-3c339dbd139e+ (root@p-adls01) (gcc (GCC) 8.5.0 20210514 (Red Hat 8.5.0-18), GNU ld version 2.36.1-2.el8) #1 SMP PREEMPT_DYNAMIC Wed Mar 15 08:24:57 CST 2023
[    0.000000] Command line: console=ttyS0 root=/dev/sda earlyprintk=serial net.ifnames=0
[    0.000000] KERNEL supported cpus:
[    0.000000]   Intel GenuineIntel
[    0.000000]   AMD AuthenticAMD
[    0.000000]   Hygon HygonGenuine
[    0.000000]   Centaur CentaurHauls
[    0.000000]   zhaoxin   Shanghai  
[    0.000000] x86/fpu: Supporting XSAVE feature 0x001: 'x87 floating point registers'
[    0.000000] x86/fpu: Supporting XSAVE feature 0x002: 'SSE registers'
[    0.000000] x86/fpu: Supporting XSAVE feature 0x004: 'AVX registers'
[    0.000000] x86/fpu: Supporting XSAVE feature 0x200: 'Protection Keys User registers'
[    0.000000] x86/fpu: xstate_offset[2]:  576, xstate_sizes[2]:  256
[    0.000000] x86/fpu: xstate_offset[9]:  832, xstate_sizes[9]:    8
[    0.000000] x86/fpu: Enabled xstate features 0x207, context size is 840 bytes, using 'compacted' format.
[    0.000000] signal: max sigframe size: 3632
[    0.000000] BIOS-provided physical RAM map:
[    0.000000] BIOS-e820: [mem 0x0000000000000000-0x000000000009fbff] usable
[    0.000000] BIOS-e820: [mem 0x000000000009fc00-0x000000000009ffff] reserved
[    0.000000] BIOS-e820: [mem 0x00000000000f0000-0x00000000000fffff] reserved
[    0.000000] BIOS-e820: [mem 0x0000000000100000-0x000000007ffdffff] usable
[    0.000000] BIOS-e820: [mem 0x000000007ffe0000-0x000000007fffffff] reserved
[    0.000000] BIOS-e820: [mem 0x00000000feffc000-0x00000000feffffff] reserved
[    0.000000] BIOS-e820: [mem 0x00000000fffc0000-0x00000000ffffffff] reserved
[    0.000000] printk: bootconsole [earlyser0] enabled
[    0.000000] NX (Execute Disable) protection: active
[    0.000000] SMBIOS 2.8 present.
[    0.000000] DMI: QEMU Standard PC (i440FX + PIIX, 1996), BIOS rel-1.16.0-0-gd239552ce722-prebuilt.qemu.org 04/01/2014
[    0.000000] Hypervisor detected: KVM
[    0.000000] kvm-clock: Using msrs 4b564d01 and 4b564d00
[    0.000002] kvm-clock: using sched offset of 307883801 cycles
[    0.000303] clocksource: kvm-clock: mask: 0xffffffffffffffff max_cycles: 0x1cd42e4dffb, max_idle_ns: 881590591483 ns
[    0.001250] tsc: Detected 3609.600 MHz processor
[    0.007467] last_pfn = 0x7ffe0 max_arch_pfn = 0x400000000
[    0.007860] x86/PAT: Configuration [0-7]: WB  WC  UC- UC  WB  WP  UC- WT  
[    0.016530] found SMP MP-table at [mem 0x000f5ba0-0x000f5baf]
[    0.016962] Using GB pages for direct mapping
[    0.018270] ACPI: Early table checksum verification disabled
[    0.018615] ACPI: RSDP 0x00000000000F59C0 000014 (v00 BOCHS )
[    0.018957] ACPI: RSDT 0x000000007FFE1951 000034 (v01 BOCHS  BXPC     00000001 BXPC 00000001)
[    0.019467] ACPI: FACP 0x000000007FFE17FD 000074 (v01 BOCHS  BXPC     00000001 BXPC 00000001)
[    0.019969] ACPI: DSDT 0x000000007FFE0040 0017BD (v01 BOCHS  BXPC     00000001 BXPC 00000001)
[    0.020475] ACPI: FACS 0x000000007FFE0000 000040
[    0.020755] ACPI: APIC 0x000000007FFE1871 000080 (v01 BOCHS  BXPC     00000001 BXPC 00000001)
[    0.021259] ACPI: HPET 0x000000007FFE18F1 000038 (v01 BOCHS  BXPC     00000001 BXPC 00000001)
[    0.021754] ACPI: WAET 0x000000007FFE1929 000028 (v01 BOCHS  BXPC     00000001 BXPC 00000001)
[    0.022246] ACPI: Reserving FACP table memory at [mem 0x7ffe17fd-0x7ffe1870]
[    0.022646] ACPI: Reserving DSDT table memory at [mem 0x7ffe0040-0x7ffe17fc]
[    0.023045] ACPI: Reserving FACS table memory at [mem 0x7ffe0000-0x7ffe003f]
[    0.023444] ACPI: Reserving APIC table memory at [mem 0x7ffe1871-0x7ffe18f0]
[    0.023843] ACPI: Reserving HPET table memory at [mem 0x7ffe18f1-0x7ffe1928]
[    0.024242] ACPI: Reserving WAET table memory at [mem 0x7ffe1929-0x7ffe1950]
[    0.025193] No NUMA configuration found
[    0.025412] Faking a node at [mem 0x0000000000000000-0x000000007ffdffff]
[    0.025840] NODE_DATA(0) allocated [mem 0x7ffb5000-0x7ffdffff]
[    0.028797] Zone ranges:
[    0.029003]   DMA      [mem 0x0000000000001000-0x0000000000ffffff]
[    0.029359]   DMA32    [mem 0x0000000001000000-0x000000007ffdffff]
[    0.029713]   Normal   empty
[    0.029879]   Device   empty
[    0.030046] Movable zone start for each node
[    0.030289] Early memory node ranges
[    0.030491]   node   0: [mem 0x0000000000001000-0x000000000009efff]
[    0.030847]   node   0: [mem 0x0000000000100000-0x000000007ffdffff]
[    0.031206] Initmem setup node 0 [mem 0x0000000000001000-0x000000007ffdffff]
[    0.032582] On node 0, zone DMA: 1 pages in unavailable ranges
[    0.032682] On node 0, zone DMA: 97 pages in unavailable ranges
[    0.048812] On node 0, zone DMA32: 32 pages in unavailable ranges
[    0.049362] ACPI: PM-Timer IO Port: 0x608
[    0.049960] ACPI: LAPIC_NMI (acpi_id[0xff] dfl dfl lint[0x1])
[    0.050329] IOAPIC[0]: apic_id 0, version 17, address 0xfec00000, GSI 0-23
[    0.050736] ACPI: INT_SRC_OVR (bus 0 bus_irq 0 global_irq 2 dfl dfl)
[    0.051100] ACPI: INT_SRC_OVR (bus 0 bus_irq 5 global_irq 5 high level)
[    0.051478] ACPI: INT_SRC_OVR (bus 0 bus_irq 9 global_irq 9 high level)
[    0.051856] ACPI: INT_SRC_OVR (bus 0 bus_irq 10 global_irq 10 high level)
[    0.052243] ACPI: INT_SRC_OVR (bus 0 bus_irq 11 global_irq 11 high level)
[    0.052643] ACPI: Using ACPI (MADT) for SMP configuration information
[    0.053019] ACPI: HPET id: 0x8086a201 base: 0xfed00000
[    0.053323] TSC deadline timer available
[    0.053548] smpboot: Allowing 2 CPUs, 0 hotplug CPUs
[    0.053877] kvm-guest: KVM setup pv remote TLB flush
[    0.054160] kvm-guest: setup PV sched yield
[    0.054452] PM: hibernation: Registered nosave memory: [mem 0x00000000-0x00000fff]
[    0.054884] PM: hibernation: Registered nosave memory: [mem 0x0009f000-0x0009ffff]
[    0.055314] PM: hibernation: Registered nosave memory: [mem 0x000a0000-0x000effff]
[    0.055749] PM: hibernation: Registered nosave memory: [mem 0x000f0000-0x000fffff]
[    0.056188] [mem 0x80000000-0xfeffbfff] available for PCI devices
[    0.056542] Booting paravirtualized kernel on KVM
[    0.056829] clocksource: refined-jiffies: mask: 0xffffffff max_cycles: 0xffffffff, max_idle_ns: 7645519600211568 ns
[    0.057447] setup_percpu: NR_CPUS:8192 nr_cpumask_bits:2 nr_cpu_ids:2 nr_node_ids:1
[    0.059047] percpu: Embedded 64 pages/cpu s225280 r8192 d28672 u1048576
[    0.059622] kvm-guest: PV spinlocks enabled
[    0.059875] PV qspinlock hash table entries: 256 (order: 0, 4096 bytes, linear)
[    0.060323] Fallback order for Node 0: 0 
[    0.060576] Built 1 zonelists, mobility grouping on.  Total pages: 515808
[    0.060977] Policy zone: DMA32
[    0.061159] Kernel command line: net.ifnames=0 console=ttyS0 root=/dev/sda earlyprintk=serial net.ifnames=0
[    0.063041] Dentry cache hash table entries: 262144 (order: 9, 2097152 bytes, linear)
[    0.063582] Inode-cache hash table entries: 131072 (order: 8, 1048576 bytes, linear)
[    0.064131] mem auto-init: stack:off, heap alloc:off, heap free:off
[    0.067229] Memory: 1985384K/2096632K available (32784K kernel code, 4691K rwdata, 7816K rodata, 3672K init, 22124K bss, 110992K reserved, 0K cma-reserved)
[    0.068920] SLUB: HWalign=64, Order=0-3, MinObjects=0, CPUs=2, Nodes=1
[    0.069289] kmemleak: Kernel memory leak detector disabled
[    0.069624] ftrace: allocating 67271 entries in 263 pages
[    0.087945] ftrace: allocated 263 pages with 4 groups
[    0.090594] Dynamic Preempt: voluntary
[    0.090963] Running RCU self tests
[    0.091156] rcu: Preemptible hierarchical RCU implementation.
[    0.091468] rcu: 	RCU lockdep checking is enabled.
[    0.091728] rcu: 	RCU restricting CPUs from NR_CPUS=8192 to nr_cpu_ids=2.
[    0.092096] 	Trampoline variant of Tasks RCU enabled.
[    0.092370] 	Rude variant of Tasks RCU enabled.
[    0.092616] 	Tracing variant of Tasks RCU enabled.
[    0.092882] rcu: RCU calculated value of scheduler-enlistment delay is 25 jiffies.
[    0.093296] rcu: Adjusting geometry for rcu_fanout_leaf=16, nr_cpu_ids=2
[    0.115578] NR_IRQS: 524544, nr_irqs: 440, preallocated irqs: 16
[    0.116178] rcu: srcu_init: Setting srcu_struct sizes based on contention.
[    0.121787] Console: colour VGA+ 80x25
[    0.122038] printk: console [ttyS0] enabled
[    0.122038] printk: console [ttyS0] enabled
[    0.122508] printk: bootconsole [earlyser0] disabled
[    0.122508] printk: bootconsole [earlyser0] disabled
[    0.123059] Lock dependency validator: Copyright (c) 2006 Red Hat, Inc., Ingo Molnar
[    0.123490] ... MAX_LOCKDEP_SUBCLASSES:  8
[    0.123723] ... MAX_LOCK_DEPTH:          48
[    0.123961] ... MAX_LOCKDEP_KEYS:        8192
[    0.124208] ... CLASSHASH_SIZE:          4096
[    0.124456] ... MAX_LOCKDEP_ENTRIES:     32768
[    0.124708] ... MAX_LOCKDEP_CHAINS:      65536
[    0.124968] ... CHAINHASH_SIZE:          32768
[    0.125220]  memory used by lock dependency info: 6365 kB
[    0.125524]  memory used for stack traces: 4224 kB
[    0.125796]  per task-struct memory footprint: 1920 bytes
[    0.126135] ACPI: Core revision 20220331
[    0.126562] clocksource: hpet: mask: 0xffffffff max_cycles: 0xffffffff, max_idle_ns: 19112604467 ns
[    0.127187] APIC: Switch to symmetric I/O mode setup
[    0.127695] x2apic enabled
[    0.127979] Switched APIC routing to physical x2apic.
[    0.128268] kvm-guest: setup PV IPIs
[    0.129140] ..TIMER: vector=0x30 apic1=0 pin1=2 apic2=-1 pin2=-1
[    0.129499] clocksource: tsc-early: mask: 0xffffffffffffffff max_cycles: 0x3407c077a8d, max_idle_ns: 440795342283 ns
[    0.130103] Calibrating delay loop (skipped) preset value.. 7219.20 BogoMIPS (lpj=14438400)
[    0.130575] pid_max: default: 32768 minimum: 301
[    0.130970] LSM: Security Framework initializing
[    0.134115] Yama: becoming mindful.
[    0.134484] Mount-cache hash table entries: 4096 (order: 3, 32768 bytes, linear)
[    0.134913] Mountpoint-cache hash table entries: 4096 (order: 3, 32768 bytes, linear)
[    0.136451] x86/cpu: User Mode Instruction Prevention (UMIP) activated
[    0.137954] Last level iTLB entries: 4KB 0, 2MB 0, 4MB 0
[    0.138113] Last level dTLB entries: 4KB 0, 2MB 0, 4MB 0, 1GB 0
[    0.138479] Spectre V1 : Mitigation: usercopy/swapgs barriers and __user pointer sanitization
[    0.138966] Spectre V2 : WARNING: Unprivileged eBPF is enabled with eIBRS on, data leaks possible via Spectre v2 BHB attacks!
[    0.139616] Spectre V2 : Mitigation: Enhanced IBRS
[    0.139878] Spectre V2 : Spectre v2 / SpectreRSB mitigation: Filling RSB on context switch
[    0.140320] Spectre V2 : Spectre v2 / PBRSB-eIBRS: Retire a single CALL on VMEXIT
[    0.140724] Spectre V2 : mitigation: Enabling conditional Indirect Branch Prediction Barrier
[    0.141176] Speculative Store Bypass: Mitigation: Speculative Store Bypass disabled via prctl
[    0.227397] Freeing SMP alternatives memory: 56K
[    0.227983] smpboot: CPU0: 12th Gen Intel(R) Core(TM) i7-12700K (family: 0x6, model: 0x97, stepping: 0x2)
[    0.228861] cblist_init_generic: Setting adjustable number of callback queues.
[    0.229262] cblist_init_generic: Setting shift to 1 and lim to 1.
[    0.229634] cblist_init_generic: Setting shift to 1 and lim to 1.
[    0.230004] cblist_init_generic: Setting shift to 1 and lim to 1.
[    0.230091] Running RCU-tasks wait API self tests
[    0.330164] Performance Events: Alderlake Hybrid events, full-width counters, Intel PMU driver.
[    0.331031] core: cpu_core PMU driver: 
[    0.331248] ... version:                2
[    0.331468] ... bit width:              48
[    0.331692] ... generic registers:      6
[    0.331910] ... value mask:             0000ffffffffffff
[    0.332196] ... max period:             00007fffffffffff
[    0.332481] ... fixed-purpose events:   3
[    0.332699] ... event mask:             0001000f0000003f
[    0.333123] rcu: Hierarchical SRCU implementation.
[    0.333384] rcu: 	Max phase no-delay instances is 1000.
[    0.335638] unchecked MSR access error: WRMSR to 0x38f (tried to write 0x0001000f0000003f) at rIP: 0xffffffff810ce49c (native_write_msr+0xc/0x30)
[    0.336363] Call Trace:
[    0.336500]  <TASK>
[    0.336620]  __intel_pmu_enable_all.constprop.46+0xb5/0x140
[    0.336936]  intel_pmu_enable_all+0x1e/0x30
[    0.337170]  x86_pmu_enable+0x46d/0x5a0
[    0.337389]  ? write_comp_data+0x2f/0x90
[    0.337611]  perf_pmu_enable+0x53/0x70
[    0.337823]  ctx_resched+0xab/0xf0
[    0.338019]  __perf_install_in_context+0x31b/0x480
[    0.338091]  ? perf_duration_warn+0x50/0x50
[    0.338091]  ? perf_duration_warn+0x50/0x50
[    0.338091]  remote_function+0x80/0xa0
[    0.338091]  ? perf_duration_warn+0x50/0x50
[    0.338091]  generic_exec_single+0x124/0x190
[    0.338091]  smp_call_function_single+0x11c/0x240
[    0.338091]  ? perf_duration_warn+0x50/0x50
[    0.338091]  ? __sanitizer_cov_trace_pc+0x25/0x60
[    0.338091]  ? write_comp_data+0x2f/0x90
[    0.338091]  perf_install_in_context+0x2e8/0x310
[    0.338091]  ? ctx_resched+0xf0/0xf0
[    0.338091]  perf_event_create_kernel_counter+0x16a/0x200
[    0.338091]  ? find_next_bit+0x30/0x30
[    0.338091]  hardlockup_detector_event_create+0x46/0xd0
[    0.338091]  hardlockup_detector_perf_init+0x18/0x66
[    0.338091]  watchdog_nmi_probe+0x17/0x1d
[    0.338091]  lockup_detector_init+0x40/0xaf
[    0.338091]  kernel_init_freeable+0x264/0x42e
[    0.338091]  ? rest_init+0x240/0x240
[    0.338091]  kernel_init+0x24/0x1e0
[    0.338091]  ? rest_init+0x240/0x240
[    0.338091]  ret_from_fork+0x1f/0x30
[    0.338091]  </TASK>
[    0.338105] Callback from call_rcu_tasks_trace() invoked.
[    0.338545] smp: Bringing up secondary CPUs ...
[    0.339503] x86: Booting SMP configuration:
[    0.339743] .... node  #0, CPUs:      #1
[    0.340049] smp: Brought up 1 node, 2 CPUs
[    0.340049] smpboot: Max logical packages: 1
[    0.340049] smpboot: Total of 2 processors activated (14438.40 BogoMIPS)
[    0.343540] devtmpfs: initialized
[    0.343540] x86/mm: Memory block size: 128MB
[    0.346374] clocksource: jiffies: mask: 0xffffffff max_cycles: 0xffffffff, max_idle_ns: 7645041785100000 ns
[    0.346916] futex hash table entries: 512 (order: 4, 65536 bytes, linear)
[    0.347489] pinctrl core: initialized pinctrl subsystem
[    0.348206] 
[    0.348295] *************************************************************
[    0.348660] **     NOTICE NOTICE NOTICE NOTICE NOTICE NOTICE NOTICE    **
[    0.349022] **                                                         **
[    0.349384] **  IOMMU DebugFS SUPPORT HAS BEEN ENABLED IN THIS KERNEL  **
[    0.349747] **                                                         **
[    0.350102] ** This means that this kernel is built to expose internal **
[    0.350464] ** IOMMU data structures, which may compromise security on **
[    0.350826] ** your system.                                            **
[    0.351188] **                                                         **
[    0.351564] ** If you see this message and you are not debugging the   **
[    0.351934] ** kernel, report this immediately to your vendor!         **
[    0.352303] **                                                         **
[    0.352665] **     NOTICE NOTICE NOTICE NOTICE NOTICE NOTICE NOTICE    **
[    0.353026] *************************************************************
[    0.353420] PM: RTC time: 00:25:28, date: 2023-03-15
[    0.356332] NET: Registered PF_NETLINK/PF_ROUTE protocol family
[    0.357153] DMA: preallocated 256 KiB GFP_KERNEL pool for atomic allocations
[    0.357552] DMA: preallocated 256 KiB GFP_KERNEL|GFP_DMA pool for atomic allocations
[    0.357975] DMA: preallocated 256 KiB GFP_KERNEL|GFP_DMA32 pool for atomic allocations
[    0.358133] audit: initializing netlink subsys (disabled)
[    0.358490] audit: type=2000 audit(1678839928.832:1): state=initialized audit_enabled=0 res=1
[    0.358577] thermal_sys: Registered thermal governor 'fair_share'
[    0.358617] thermal_sys: Registered thermal governor 'bang_bang'
[    0.358955] thermal_sys: Registered thermal governor 'step_wise'
[    0.359284] thermal_sys: Registered thermal governor 'user_space'
[    0.359639] cpuidle: using governor ladder
[    0.360197] cpuidle: using governor menu
[    0.360695] acpiphp: ACPI Hot Plug PCI Controller Driver version: 0.5
[    0.361306] PCI: Using configuration type 1 for base access
[    0.373638] kprobes: kprobe jump-optimization is enabled. All kprobes are optimized if possible.
[    0.536309] HugeTLB: registered 1.00 GiB page size, pre-allocated 0 pages
[    0.536689] HugeTLB: 16380 KiB vmemmap can be freed for a 1.00 GiB page
[    0.537054] HugeTLB: registered 2.00 MiB page size, pre-allocated 0 pages
[    0.537425] HugeTLB: 28 KiB vmemmap can be freed for a 2.00 MiB page
[    0.539089] ACPI: Added _OSI(Module Device)
[    0.539332] ACPI: Added _OSI(Processor Device)
[    0.539580] ACPI: Added _OSI(3.0 _SCP Extensions)
[    0.539841] ACPI: Added _OSI(Processor Aggregator Device)
[    0.544462] ACPI: 1 ACPI AML tables successfully acquired and loaded
[    0.548294] ACPI: Interpreter enabled
[    0.548584] ACPI: PM: (supports S0 S3 S4 S5)
[    0.548824] ACPI: Using IOAPIC for interrupt routing
[    0.549133] PCI: Using host bridge windows from ACPI; if necessary, use "pci=nocrs" and report a bug
[    0.549631] PCI: Using E820 reservations for host bridge windows
[    0.550476] ACPI: Enabled 2 GPEs in block 00 to 0F
[    0.563282] ACPI: PCI Root Bridge [PCI0] (domain 0000 [bus 00-ff])
[    0.563651] acpi PNP0A03:00: _OSC: OS supports [ASPM ClockPM Segments MSI EDR HPX-Type3]
[    0.564099] acpi PNP0A03:00: _OSC: not requesting OS control; OS requires [ExtendedConfig ASPM ClockPM MSI]
[    0.564676] acpi PNP0A03:00: fail to add MMCONFIG information, can't access extended PCI configuration space under this bridge.
[    0.567124] acpiphp: Slot [3] registered
[    0.567403] acpiphp: Slot [4] registered
[    0.567672] acpiphp: Slot [5] registered
[    0.567941] acpiphp: Slot [6] registered
[    0.568209] acpiphp: Slot [7] registered
[    0.568478] acpiphp: Slot [8] registered
[    0.568753] acpiphp: Slot [9] registered
[    0.569022] acpiphp: Slot [10] registered
[    0.569295] acpiphp: Slot [11] registered
[    0.569569] acpiphp: Slot [12] registered
[    0.569850] acpiphp: Slot [13] registered
[    0.570124] acpiphp: Slot [14] registered
[    0.570397] acpiphp: Slot [15] registered
[    0.570679] acpiphp: Slot [16] registered
[    0.570951] acpiphp: Slot [17] registered
[    0.571236] acpiphp: Slot [18] registered
[    0.571509] acpiphp: Slot [19] registered
[    0.571782] acpiphp: Slot [20] registered
[    0.572055] acpiphp: Slot [21] registered
[    0.572329] acpiphp: Slot [22] registered
[    0.572608] acpiphp: Slot [23] registered
[    0.572881] acpiphp: Slot [24] registered
[    0.573154] acpiphp: Slot [25] registered
[    0.573427] acpiphp: Slot [26] registered
[    0.573700] acpiphp: Slot [27] registered
[    0.573979] acpiphp: Slot [28] registered
[    0.574144] acpiphp: Slot [29] registered
[    0.574417] acpiphp: Slot [30] registered
[    0.574691] acpiphp: Slot [31] registered
[    0.574928] PCI host bridge to bus 0000:00
[    0.575158] pci_bus 0000:00: root bus resource [io  0x0000-0x0cf7 window]
[    0.575534] pci_bus 0000:00: root bus resource [io  0x0d00-0xffff window]
[    0.575909] pci_bus 0000:00: root bus resource [mem 0x000a0000-0x000bffff window]
[    0.576319] pci_bus 0000:00: root bus resource [mem 0x80000000-0xfebfffff window]
[    0.576732] pci_bus 0000:00: root bus resource [mem 0x100000000-0x17fffffff window]
[    0.577154] pci_bus 0000:00: root bus resource [bus 00-ff]
[    0.577533] pci 0000:00:00.0: [8086:1237] type 00 class 0x060000
[    0.580137] pci 0000:00:01.0: [8086:7000] type 00 class 0x060100
[    0.580983] pci 0000:00:01.1: [8086:7010] type 00 class 0x010180
[    0.582205] pci 0000:00:01.1: reg 0x20: [io  0xc040-0xc04f]
[    0.582949] pci 0000:00:01.1: legacy IDE quirk: reg 0x10: [io  0x01f0-0x01f7]
[    0.583345] pci 0000:00:01.1: legacy IDE quirk: reg 0x14: [io  0x03f6]
[    0.583706] pci 0000:00:01.1: legacy IDE quirk: reg 0x18: [io  0x0170-0x0177]
[    0.584100] pci 0000:00:01.1: legacy IDE quirk: reg 0x1c: [io  0x0376]
[    0.584662] pci 0000:00:01.3: [8086:7113] type 00 class 0x068000
[    0.585219] pci 0000:00:01.3: quirk: [io  0x0600-0x063f] claimed by PIIX4 ACPI
[    0.585624] pci 0000:00:01.3: quirk: [io  0x0700-0x070f] claimed by PIIX4 SMB
[    0.586329] pci 0000:00:02.0: [1234:1111] type 00 class 0x030000
[    0.588491] pci 0000:00:02.0: reg 0x10: [mem 0xfd000000-0xfdffffff pref]
[    0.589896] pci 0000:00:02.0: reg 0x18: [mem 0xfebf0000-0xfebf0fff]
[    0.592507] pci 0000:00:02.0: reg 0x30: [mem 0xfebe0000-0xfebeffff pref]
[    0.593036] pci 0000:00:02.0: Video device with shadowed ROM at [mem 0x000c0000-0x000dffff]
[    0.596017] pci 0000:00:03.0: [8086:100e] type 00 class 0x020000
[    0.596744] pci 0000:00:03.0: reg 0x10: [mem 0xfebc0000-0xfebdffff]
[    0.597417] pci 0000:00:03.0: reg 0x14: [io  0xc000-0xc03f]
[    0.599053] pci 0000:00:03.0: reg 0x30: [mem 0xfeb80000-0xfebbffff pref]
[    0.606970] ACPI: PCI: Interrupt link LNKA configured for IRQ 10
[    0.607601] ACPI: PCI: Interrupt link LNKB configured for IRQ 10
[    0.608210] ACPI: PCI: Interrupt link LNKC configured for IRQ 11
[    0.608819] ACPI: PCI: Interrupt link LNKD configured for IRQ 11
[    0.609290] ACPI: PCI: Interrupt link LNKS configured for IRQ 9
[    0.610573] iommu: Default domain type: Translated 
[    0.610857] iommu: DMA domain TLB invalidation policy: lazy mode 
[    0.612049] SCSI subsystem initialized
[    0.612474] ACPI: bus type USB registered
[    0.612750] usbcore: registered new interface driver usbfs
[    0.613090] usbcore: registered new interface driver hub
[    0.613408] usbcore: registered new device driver usb
[    0.613775] pps_core: LinuxPPS API ver. 1 registered
[    0.614062] pps_core: Software ver. 5.3.6 - Copyright 2005-2007 Rodolfo Giometti <giometti@linux.it>
[    0.614103] PTP clock support registered
[    0.614450] EDAC MC: Ver: 3.0.0
[    0.615671] NetLabel: Initializing
[    0.615891] NetLabel:  domain hash size = 128
[    0.616141] NetLabel:  protocols = UNLABELED CIPSOv4 CALIPSO
[    0.616810] NetLabel:  unlabeled traffic allowed by default
[    0.617417] PCI: Using ACPI for IRQ routing
[    0.617823] pci 0000:00:02.0: vgaarb: setting as boot VGA device
[    0.618091] pci 0000:00:02.0: vgaarb: bridge control possible
[    0.618091] pci 0000:00:02.0: vgaarb: VGA device added: decodes=io+mem,owns=io+mem,locks=none
[    0.618096] vgaarb: loaded
[    0.618549] hpet0: at MMIO 0xfed00000, IRQs 2, 8, 0
[    0.618835] hpet0: 3 comparators, 64-bit 100.000000 MHz counter
[    2.489345] clocksource: Switched to clocksource kvm-clock
[    2.494560] Callback from call_rcu_tasks_rude() invoked.
[    2.590242] Callback from call_rcu_tasks() invoked.
[    2.637854] VFS: Disk quotas dquot_6.6.0
[    2.638165] VFS: Dquot-cache hash table entries: 512 (order 0, 4096 bytes)
[    2.638751] pnp: PnP ACPI init
[    2.640376] pnp: PnP ACPI: found 6 devices
[    2.649875] clocksource: acpi_pm: mask: 0xffffff max_cycles: 0xffffff, max_idle_ns: 2085701024 ns
[    2.650676] NET: Registered PF_INET protocol family
[    2.651115] IP idents hash table entries: 32768 (order: 6, 262144 bytes, linear)
[    2.652270] tcp_listen_portaddr_hash hash table entries: 1024 (order: 4, 73728 bytes, linear)
[    2.652772] Table-perturb hash table entries: 65536 (order: 6, 262144 bytes, linear)
[    2.653234] TCP established hash table entries: 16384 (order: 5, 131072 bytes, linear)
[    2.653836] TCP bind hash table entries: 16384 (order: 9, 2359296 bytes, linear)
[    2.655781] TCP: Hash tables configured (established 16384 bind 16384)
[    2.656252] UDP hash table entries: 1024 (order: 5, 163840 bytes, linear)
[    2.656698] UDP-Lite hash table entries: 1024 (order: 5, 163840 bytes, linear)
[    2.657258] NET: Registered PF_UNIX/PF_LOCAL protocol family
[    2.658260] RPC: Registered named UNIX socket transport module.
[    2.658600] RPC: Registered udp transport module.
[    2.658855] RPC: Registered tcp transport module.
[    2.659109] RPC: Registered tcp NFSv4.1 backchannel transport module.
[    2.659470] pci_bus 0000:00: resource 4 [io  0x0000-0x0cf7 window]
[    2.659808] pci_bus 0000:00: resource 5 [io  0x0d00-0xffff window]
[    2.660154] pci_bus 0000:00: resource 6 [mem 0x000a0000-0x000bffff window]
[    2.660529] pci_bus 0000:00: resource 7 [mem 0x80000000-0xfebfffff window]
[    2.660901] pci_bus 0000:00: resource 8 [mem 0x100000000-0x17fffffff window]
[    2.661457] pci 0000:00:01.0: PIIX3: Enabling Passive Release
[    2.661775] pci 0000:00:00.0: Limiting direct PCI/PCI transfers
[    2.662176] PCI: CLS 0 bytes, default 64
[    2.662654] ACPI: bus type thunderbolt registered
[    2.663142] clocksource: tsc: mask: 0xffffffffffffffff max_cycles: 0x3407c077a8d, max_idle_ns: 440795342283 ns
[    2.666416] Initialise system trusted keyrings
[    2.666736] Key type blacklist registered
[    2.667109] workingset: timestamp_bits=36 max_order=19 bucket_order=0
[    2.675392] zbud: loaded
[    2.677245] squashfs: version 4.0 (2009/01/31) Phillip Lougher
[    2.678768] NFS: Registering the id_resolver key type
[    2.679063] Key type id_resolver registered
[    2.679292] Key type id_legacy registered
[    2.679588] nfs4filelayout_init: NFSv4 File Layout Driver Registering...
[    2.679965] nfs4flexfilelayout_init: NFSv4 Flexfile Layout Driver Registering...
[    2.680567] fuse: init (API version 7.37)
[    2.681117] SGI XFS with ACLs, security attributes, realtime, quota, no debug enabled
[    2.683081] 9p: Installing v9fs 9p2000 file system support
[    2.688670] Key type asymmetric registered
[    2.688940] Asymmetric key parser 'x509' registered
[    2.690506] alg: self-tests for CTR-KDF (hmac(sha256)) passed
[    2.690879] Block layer SCSI generic (bsg) driver version 0.4 loaded (major 243)
[    2.691403] io scheduler mq-deadline registered
[    2.691754] io scheduler bfq registered
[    2.692686] shpchp: Standard Hot Plug PCI Controller Driver version: 0.4
[    2.693405] IPMI message handler: version 39.2
[    2.693688] ipmi device interface
[    2.695090] input: Power Button as /devices/LNXSYSTM:00/LNXPWRBN:00/input/input0
[    2.695701] ACPI: button: Power Button [PWRF]
[    2.696712] ERST DBG: ERST support is disabled.
[    2.697412] Serial: 8250/16550 driver, 32 ports, IRQ sharing enabled
[    2.698140] 00:04: ttyS0 at I/O 0x3f8 (irq = 4, base_baud = 115200) is a 16550A
[    2.705177] Linux agpgart interface v0.103
[    2.705826] ACPI: bus type drm_connector registered
[    2.715910] brd: module loaded
[    2.722124] loop: module loaded
[    2.725255] scsi host0: ata_piix
[    2.725907] scsi host1: ata_piix
[    2.726241] ata1: PATA max MWDMA2 cmd 0x1f0 ctl 0x3f6 bmdma 0xc040 irq 14
[    2.726615] ata2: PATA max MWDMA2 cmd 0x170 ctl 0x376 bmdma 0xc048 irq 15
[    2.728005] tun: Universal TUN/TAP device driver, 1.6
[    2.728431] e100: Intel(R) PRO/100 Network Driver
[    2.728692] e100: Copyright(c) 1999-2006 Intel Corporation
[    2.729025] e1000: Intel(R) PRO/1000 Network Driver
[    2.729294] e1000: Copyright (c) 1999-2006 Intel Corporation.
[    2.874776] ACPI: \_SB_.LNKC: Enabled at IRQ 11
[    2.886273] ata1: found unknown device (class 0)
[    2.886745] ata2: found unknown device (class 0)
[    2.887448] ata1.00: ATA-7: QEMU HARDDISK, 2.5+, max UDMA/100
[    2.887790] ata1.00: 16777216 sectors, multi 16: LBA48 
[    2.888202] ata2.00: ATAPI: QEMU DVD-ROM, 2.5+, max UDMA/100
[    2.889394] scsi 0:0:0:0: Direct-Access     ATA      QEMU HARDDISK    2.5+ PQ: 0 ANSI: 5
[    2.890836] sd 0:0:0:0: Attached scsi generic sg0 type 0
[    2.890997] sd 0:0:0:0: [sda] 16777216 512-byte logical blocks: (8.59 GB/8.00 GiB)
[    2.891603] scsi 1:0:0:0: CD-ROM            QEMU     QEMU DVD-ROM     2.5+ PQ: 0 ANSI: 5
[    2.891654] sd 0:0:0:0: [sda] Write Protect is off
[    2.892418] sd 0:0:0:0: [sda] Write cache: enabled, read cache: enabled, doesn't support DPO or FUA
[    2.892985] sd 0:0:0:0: [sda] Preferred minimum I/O size 512 bytes
[    2.919329] scsi 1:0:0:0: Attached scsi generic sg1 type 5
[    2.920230] sd 0:0:0:0: [sda] Attached SCSI disk
[    3.192386] e1000 0000:00:03.0 eth0: (PCI:33MHz:32-bit) 52:54:00:12:34:56
[    3.192778] e1000 0000:00:03.0 eth0: Intel(R) PRO/1000 Network Connection
[    3.193217] e1000e: Intel(R) PRO/1000 Network Driver
[    3.193487] e1000e: Copyright(c) 1999 - 2015 Intel Corporation.
[    3.193851] igb: Intel(R) Gigabit Ethernet Network Driver
[    3.194150] igb: Copyright (c) 2007-2014 Intel Corporation.
[    3.194530] PPP generic driver version 2.4.2
[    3.195344] VFIO - User Level meta-driver version: 0.3
[    3.196033] usbcore: registered new interface driver uas
[    3.196376] usbcore: registered new interface driver usb-storage
[    3.196796] i8042: PNP: PS/2 Controller [PNP0303:KBD,PNP0f13:MOU] at 0x60,0x64 irq 1,12
[    3.197750] serio: i8042 KBD port at 0x60,0x64 irq 1
[    3.198051] serio: i8042 AUX port at 0x60,0x64 irq 12
[    3.199087] mousedev: PS/2 mouse device common for all mice
[    3.200152] input: AT Translated Set 2 keyboard as /devices/platform/i8042/serio0/input/input1
[    3.201334] input: VirtualPS/2 VMware VMMouse as /devices/platform/i8042/serio1/input/input4
[    3.202254] input: VirtualPS/2 VMware VMMouse as /devices/platform/i8042/serio1/input/input3
[    3.202802] rtc_cmos 00:05: RTC can wake from S4
[    3.203853] rtc_cmos 00:05: registered as rtc0
[    3.204154] rtc_cmos 00:05: setting system clock to 2023-03-15T00:25:31 UTC (1678839931)
[    3.204726] rtc_cmos 00:05: alarms up to one day, y3k, 242 bytes nvram, hpet irqs
[    3.205185] i2c_dev: i2c /dev entries driver
[    3.205461] device-mapper: core: CONFIG_IMA_DISABLE_HTABLE is disabled. Duplicate IMA measurements will not be recorded in the IMA log.
[    3.206210] device-mapper: uevent: version 1.0.3
[    3.206680] device-mapper: ioctl: 4.47.0-ioctl (2022-07-28) initialised: dm-devel@redhat.com
[    3.207147] intel_pstate: CPU model not supported
[    3.207484] sdhci: Secure Digital Host Controller Interface driver
[    3.207824] sdhci: Copyright(c) Pierre Ossman
[    3.208118] sdhci-pltfm: SDHCI platform and OF driver helper
[    3.208502] ledtrig-cpu: registered to indicate activity on CPUs
[    3.209082] drop_monitor: Initializing network drop monitor service
[    3.209809] NET: Registered PF_INET6 protocol family
[    3.211727] Segment Routing with IPv6
[    3.211991] In-situ OAM (IOAM) with IPv6
[    3.212249] NET: Registered PF_PACKET protocol family
[    3.212731] 9pnet: Installing 9P2000 support
[    3.213026] Key type dns_resolver registered
[    3.213839] IPI shorthand broadcast: enabled
[    3.214147] sched_clock: Marking stable (3204562082, 9534600)->(3226872220, -12775538)
[    3.215059] registered taskstats version 1
[    3.215426] Loading compiled-in X.509 certificates
[    3.215903] zswap: loaded using pool lzo/zbud
[    3.216585] Key type .fscrypt registered
[    3.216809] Key type fscrypt-provisioning registered
[    3.217859] Key type encrypted registered
[    3.218128] ima: No TPM chip found, activating TPM-bypass!
[    3.218459] ima: Allocated hash algorithm: sha1
[    3.218747] ima: No architecture policies found
[    3.219074] evm: Initialising EVM extended attributes:
[    3.219366] evm: security.selinux
[    3.219554] evm: security.SMACK64
[    3.219742] evm: security.SMACK64EXEC
[    3.219951] evm: security.SMACK64TRANSMUTE
[    3.220188] evm: security.SMACK64MMAP
[    3.220394] evm: security.apparmor
[    3.220586] evm: security.ima
[    3.220755] evm: security.capability
[    3.220956] evm: HMAC attrs: 0x1
[    3.224028] PM:   Magic number: 15:478:405
[    3.224281] PM:   hash matches drivers/base/power/main.c:1724
[    3.224904] RAS: Correctable Errors collector initialized.
[    3.225671] md: Waiting for all devices to be available before autodetect
[    3.225927] md: If you don't use raid, use raid=noautodetect
[    3.226158] md: Autodetecting RAID arrays.
[    3.226323] md: autorun ...
[    3.226433] md: ... autorun DONE.
[    3.237953] EXT4-fs (sda): INFO: recovery required on readonly filesystem
[    3.238254] EXT4-fs (sda): write access will be enabled during recovery
[    3.315080] EXT4-fs (sda): recovery complete
[    3.321867] EXT4-fs (sda): mounted filesystem with ordered data mode. Quota mode: none.
[    3.322226] VFS: Mounted root (ext4 filesystem) readonly on device 8:0.
[    3.322983] devtmpfs: mounted
[    3.328841] Freeing unused decrypted memory: 2036K
[    3.330538] Freeing unused kernel image (initmem) memory: 3672K
[    3.330793] Write protecting the kernel read-only data: 43008k
[    3.332892] Freeing unused kernel image (text/rodata gap) memory: 2028K
[    3.333420] Freeing unused kernel image (rodata/data gap) memory: 376K
[    3.404155] x86/mm: Checked W+X mappings: passed, no W+X pages found.
[    3.404425] Run /sbin/init as init process
[    3.470307] systemd[1]: RTC configured in localtime, applying delta of 0 minutes to system time.
[    3.492089] systemd[1]: systemd 239 (239-49.el8) running in system mode. (+PAM +AUDIT +SELINUX +IMA -APPARMOR +SMACK +SYSVINIT +UTMP +LIBCRYPTSETUP +GCRYPT +GNUTLS +ACL +XZ +LZ4 +SECCOMP +BLKID +ELFUTILS +KMOD +IDN2 -IDN +PCRE2 default-hierarchy=legacy)
[    3.493075] systemd[1]: Detected virtualization kvm.
[    3.493274] systemd[1]: Detected architecture x86-64.

Welcome to [0;31mCentOS Stream 8[0m!

[    3.539749] systemd[1]: Set hostname to <test>.
[    4.510133] random: crng init done
[    4.603803] systemd[1]: Listening on Journal Socket (/dev/log).
[[0;32m  OK  [0m] Listening on Journal Socket (/dev/log).
[    4.604687] systemd[1]: Listening on udev Kernel Socket.
[[0;32m  OK  [0m] Listening on udev Kernel Socket.
[    4.605219] systemd[1]: Reached target Swap.
[[0;32m  OK  [0m] Reached target Swap.
[    4.605831] systemd[1]: Listening on udev Control Socket.
[[0;32m  OK  [0m] Listening on udev Control Socket.
[    4.606458] systemd[1]: Listening on initctl Compatibility Named Pipe.
[[0;32m  OK  [0m] Listening on initctl Compatibility Named Pipe.
[    4.612281] systemd[1]: Listening on Process Core Dump Socket.
[[0;32m  OK  [0m] Listening on Process Core Dump Socket.
[[0;32m  OK  [0m] Created slice User and Session Slice.
[[0;32m  OK  [0m] Reached target Slices.
[[0;32m  OK  [0m] Created slice system-getty.slice.
[[0;32m  OK  [0m] Listening on RPCbind Server Activation Socket.
[[0;32m  OK  [0m] Listening on LVM2 poll daemon socket.
[[0;32m  OK  [0m] Listening on multipathd control socket.
[[0;32m  OK  [0m] Listening on Device-mapper event daemon FIFOs.
[[0;32m  OK  [0m] Created slice system-sshd\x2dkeygen.slice.
[[0;32m  OK  [0m] Started Forward Password Requests to Wall Directory Watch.
[[0;32m  OK  [0m] Reached target RPC Port Mapper.
[[0;32m  OK  [0m] Created slice system-serial\x2dgetty.slice.
[[0;32m  OK  [0m] Set up automount Arbitrary Executabâ€¦rmats File System Automount Point.
[[0;32m  OK  [0m] Listening on Journal Socket.
         Starting Remount Root and Kernel File Systems...
         Starting Journal Service...
         Mounting POSIX Message Queue File System...
         Starting Monitoring of LVM2 mirrorsâ€¦ng dmeventd or progress polling...
         Starting Setup Virtual Console...
         Mounting Huge Pages File System...
         Starting Load Kernel Modules...
         Starting udev Coldplug all Devices...
         Mounting Kernel Debug File System...
[[0;32m  OK  [0m] Mounted POSIX Message Queue File System.
[[0;32m  OK  [0m] Mounted Huge Pages File System.
[[0;32m  OK  [0m] Started Journal Service.
[[0;1;31mFAILED[0m] Failed to start Load Kernel Modules.
See 'systemctl status systemd-modules-load.service' for details.
[[0;32m  OK  [0m] Mounted Kernel Debug File System.
         Mounting FUSE Control File System...
         Starting Apply Kernel Variables...
         Mounting Kernel Configuration File System...
[[0;32m  OK  [0m] Mounted FUSE Control File System.
[[0;32m  OK  [0m] Mounted Kernel Configuration File System.
[    4.901919] EXT4-fs (sda): re-mounted. Quota mode: none.
[[0;32m  OK  [0m] Started Apply Kernel Variables.
[[0;32m  OK  [0m] Started Remount Root and Kernel File Systems.
         Starting Flush Journal to Persistent Storage...
         Starting Load/Save Random Seed...
         Starting Create Static Device Nodes in /dev...
[[0;32m  OK  [0m] Started Setup Virtual Console.
[[0;32m  OK  [0m] Started Load/Save Random Seed.
[[0;32m  OK  [0m] Started Flush Journal to Persistent Storage.
[[0;32m  OK  [0m] Started Create Static Device Nodes in /dev.
         Starting udev Kernel Device Manager...
[[0;32m  OK  [0m] Started udev Kernel Device Manager.
[[0;32m  OK  [0m] Started udev Coldplug all Devices.
         Starting Show Plymouth Boot Screen...
         Starting udev Wait for Complete Device Initialization...
[[0;32m  OK  [0m] Started Show Plymouth Boot Screen.
[[0;32m  OK  [0m] Started Forward Password Requests to Plymouth Directory Watch.
[[0;32m  OK  [0m] Reached target Paths.
[[0;32m  OK  [0m] Reached target Local Encrypted Volumes.
[[0;32m  OK  [0m] Found device /dev/ttyS0.
[[0;32m  OK  [0m] Started udev Wait for Complete Device Initialization.
[[0;32m  OK  [0m] Started Monitoring of LVM2 mirrors,â€¦sing dmeventd or progress polling.
[[0;32m  OK  [0m] Listening on Load/Save RF Kill Switch Status /dev/rfkill Watch.
[[0;32m  OK  [0m] Reached target Local File Systems (Pre).
[[0;32m  OK  [0m] Reached target Local File Systems.
         Starting Tell Plymouth To Write Out Runtime Data...
         Starting Restore /run/initramfs on shutdown...
         Starting Create Volatile Files and Directories...
[[0;32m  OK  [0m] Started Tell Plymouth To Write Out Runtime Data.
[[0;32m  OK  [0m] Started Restore /run/initramfs on shutdown.
[[0;32m  OK  [0m] Started Create Volatile Files and Directories.
         Starting RPC Bind...
         Starting Security Auditing Service...
         Mounting RPC Pipe File System...
[[0;32m  OK  [0m] Mounted RPC Pipe File System.
[[0;32m  OK  [0m] Reached target rpc_pipefs.target.
[[0;32m  OK  [0m] Started RPC Bind.
[[0;32m  OK  [0m] Started Security Auditing Service.
         Starting Update UTMP about System Boot/Shutdown...
[[0;32m  OK  [0m] Started Update UTMP about System Boot/Shutdown.
[[0;32m  OK  [0m] Reached target System Initialization.
[[0;32m  OK  [0m] Started daily update of the root trust anchor for DNSSEC.
[[0;32m  OK  [0m] Listening on SSSD Kerberos Cache Manager responder socket.
[[0;32m  OK  [0m] Listening on D-Bus System Message Bus Socket.
[[0;32m  OK  [0m] Reached target Sockets.
[[0;32m  OK  [0m] Reached target Basic System.
[[0;32m  OK  [0m] Started irqbalance daemon.
[[0;32m  OK  [0m] Started Machine Check Exception Logging Daemon.
         Starting Auto-connect to subsystemsâ€¦-NVME devices found during boot...
         Starting Authorization Manager...
         Starting NTP client/server...
[[0;32m  OK  [0m] Started D-Bus System Message Bus.
         Starting Network Manager...
         Starting Login Service...
[[0;32m  OK  [0m] Started Daily Cleanup of Temporary Directories.
[[0;32m  OK  [0m] Started dnf makecache --timer.
[[0;32m  OK  [0m] Reached target Timers.
         Starting Self Monitoring and Reporting Technology (SMART) Daemon...
[[0;32m  OK  [0m] Reached target sshd-keygen.target.
[[0;32m  OK  [0m] Started Auto-connect to subsystems â€¦FC-NVME devices found during boot.
         Starting update of the root trust aâ€¦or DNSSEC validation in unbound...
[[0;32m  OK  [0m] Started Login Service.
[[0;32m  OK  [0m] Started update of the root trust anâ€¦ for DNSSEC validation in unbound.
[[0;32m  OK  [0m] Started Self Monitoring and Reporting Technology (SMART) Daemon.
[[0;32m  OK  [0m] Started Network Manager.
         Starting Network Manager Wait Online...
[[0;32m  OK  [0m] Reached target Network.
         Starting OpenSSH server daemon...
         Starting Dynamic System Tuning Daemon...
         Starting GSSAPI Proxy Daemon...
[[0;32m  OK  [0m] Started NTP client/server.
         Starting Hostname Service...
[[0;32m  OK  [0m] Started GSSAPI Proxy Daemon.
[[0;32m  OK  [0m] Reached target NFS client services.
[[0;32m  OK  [0m] Reached target Remote File Systems (Pre).
[[0;32m  OK  [0m] Reached target Remote File Systems.
         Starting Permit User Sessions...
[[0;32m  OK  [0m] Started OpenSSH server daemon.
[[0;32m  OK  [0m] Started Authorization Manager.
[[0;32m  OK  [0m] Started Permit User Sessions.
[[0;32m  OK  [0m] Started Command Scheduler.
         Starting Terminate Plymouth Boot Screen...
         Starting Hold until boot process finishes up...
[    6.434349] e1000: eth0 NIC Link is Up 1000 Mbps Full Duplex, Flow Control: RX
[    6.435036] IPv6: ADDRCONF(NETDEV_CHANGE): eth0: link becomes ready
[    6.621947] Spectre V2 : WARNING: Unprivileged eBPF is enabled with eIBRS on, data leaks possible via Spectre v2 BHB attacks!
[    6.622592] Spectre V2 : WARNING: Unprivileged eBPF is enabled with eIBRS on, data leaks possible via Spectre v2 BHB attacks!

CentOS Stream 8
Kernel 6.1.0-rc2-3c339dbd139e+ on an x86_64

test login: [   29.030779] hrtimer: interrupt took 997839 ns
