c[?7l[2J[0mSeaBIOS (version rel-1.16.0-0-gd239552ce722-prebuilt.qemu.org)


iPXE (http://ipxe.org) 00:03.0 CA00 PCI2.10 PnP PMM+7FF91000+7FEF1000 CA00
Press Ctrl-B to configure iPXE (PCI 00:03.0)...                                                                               


Booting from ROM..c[?7l[2J[    0.000000] Linux version 6.1.0-rc3-6e8c78d32b5c+ (root@p-adls01) (gcc (GCC) 8.5.0 20210514 (Red Hat 8.5.0-18), GNU ld version 2.36.1-2.el8) #1 SMP PREEMPT_DYNAMIC Wed Mar 15 10:15:13 CST 2023
[    0.000000] Command line: console=ttyS0 root=/dev/sda earlyprintk=serial net.ifnames=0
[    0.000000] KERNEL supported cpus:
[    0.000000]   Intel GenuineIntel
[    0.000000]   AMD AuthenticAMD
[    0.000000]   Hygon HygonGenuine
[    0.000000]   Centaur CentaurHauls
[    0.000000]   zhaoxin   Shanghai  
[    0.000000] x86/fpu: Supporting XSAVE feature 0x001: 'x87 floating point registers'
[    0.000000] x86/fpu: Supporting XSAVE feature 0x002: 'SSE registers'
[    0.000000] x86/fpu: Supporting XSAVE feature 0x004: 'AVX registers'
[    0.000000] x86/fpu: Supporting XSAVE feature 0x200: 'Protection Keys User registers'
[    0.000000] x86/fpu: xstate_offset[2]:  576, xstate_sizes[2]:  256
[    0.000000] x86/fpu: xstate_offset[9]:  832, xstate_sizes[9]:    8
[    0.000000] x86/fpu: Enabled xstate features 0x207, context size is 840 bytes, using 'compacted' format.
[    0.000000] signal: max sigframe size: 3632
[    0.000000] BIOS-provided physical RAM map:
[    0.000000] BIOS-e820: [mem 0x0000000000000000-0x000000000009fbff] usable
[    0.000000] BIOS-e820: [mem 0x000000000009fc00-0x000000000009ffff] reserved
[    0.000000] BIOS-e820: [mem 0x00000000000f0000-0x00000000000fffff] reserved
[    0.000000] BIOS-e820: [mem 0x0000000000100000-0x000000007ffdffff] usable
[    0.000000] BIOS-e820: [mem 0x000000007ffe0000-0x000000007fffffff] reserved
[    0.000000] BIOS-e820: [mem 0x00000000feffc000-0x00000000feffffff] reserved
[    0.000000] BIOS-e820: [mem 0x00000000fffc0000-0x00000000ffffffff] reserved
[    0.000000] printk: bootconsole [earlyser0] enabled
[    0.000000] NX (Execute Disable) protection: active
[    0.000000] SMBIOS 2.8 present.
[    0.000000] DMI: QEMU Standard PC (i440FX + PIIX, 1996), BIOS rel-1.16.0-0-gd239552ce722-prebuilt.qemu.org 04/01/2014
[    0.000000] Hypervisor detected: KVM
[    0.000000] kvm-clock: Using msrs 4b564d01 and 4b564d00
[    0.000002] kvm-clock: using sched offset of 324534305 cycles
[    0.000298] clocksource: kvm-clock: mask: 0xffffffffffffffff max_cycles: 0x1cd42e4dffb, max_idle_ns: 881590591483 ns
[    0.001226] tsc: Detected 3609.600 MHz processor
[    0.007224] last_pfn = 0x7ffe0 max_arch_pfn = 0x400000000
[    0.007597] x86/PAT: Configuration [0-7]: WB  WC  UC- UC  WB  WP  UC- WT  
[    0.014997] found SMP MP-table at [mem 0x000f5ba0-0x000f5baf]
[    0.015446] Using GB pages for direct mapping
[    0.017364] ACPI: Early table checksum verification disabled
[    0.017861] ACPI: RSDP 0x00000000000F59C0 000014 (v00 BOCHS )
[    0.018219] ACPI: RSDT 0x000000007FFE1951 000034 (v01 BOCHS  BXPC     00000001 BXPC 00000001)
[    0.018818] ACPI: FACP 0x000000007FFE17FD 000074 (v01 BOCHS  BXPC     00000001 BXPC 00000001)
[    0.019334] ACPI: DSDT 0x000000007FFE0040 0017BD (v01 BOCHS  BXPC     00000001 BXPC 00000001)
[    0.019850] ACPI: FACS 0x000000007FFE0000 000040
[    0.020130] ACPI: APIC 0x000000007FFE1871 000080 (v01 BOCHS  BXPC     00000001 BXPC 00000001)
[    0.020637] ACPI: HPET 0x000000007FFE18F1 000038 (v01 BOCHS  BXPC     00000001 BXPC 00000001)
[    0.021144] ACPI: WAET 0x000000007FFE1929 000028 (v01 BOCHS  BXPC     00000001 BXPC 00000001)
[    0.021648] ACPI: Reserving FACP table memory at [mem 0x7ffe17fd-0x7ffe1870]
[    0.022065] ACPI: Reserving DSDT table memory at [mem 0x7ffe0040-0x7ffe17fc]
[    0.022473] ACPI: Reserving FACS table memory at [mem 0x7ffe0000-0x7ffe003f]
[    0.022881] ACPI: Reserving APIC table memory at [mem 0x7ffe1871-0x7ffe18f0]
[    0.023290] ACPI: Reserving HPET table memory at [mem 0x7ffe18f1-0x7ffe1928]
[    0.023697] ACPI: Reserving WAET table memory at [mem 0x7ffe1929-0x7ffe1950]
[    0.024635] No NUMA configuration found
[    0.024859] Faking a node at [mem 0x0000000000000000-0x000000007ffdffff]
[    0.025297] NODE_DATA(0) allocated [mem 0x7ffb5000-0x7ffdffff]
[    0.028536] Zone ranges:
[    0.028707]   DMA      [mem 0x0000000000001000-0x0000000000ffffff]
[    0.029069]   DMA32    [mem 0x0000000001000000-0x000000007ffdffff]
[    0.029430]   Normal   empty
[    0.029600]   Device   empty
[    0.029772] Movable zone start for each node
[    0.030022] Early memory node ranges
[    0.030229]   node   0: [mem 0x0000000000001000-0x000000000009efff]
[    0.030593]   node   0: [mem 0x0000000000100000-0x000000007ffdffff]
[    0.030959] Initmem setup node 0 [mem 0x0000000000001000-0x000000007ffdffff]
[    0.031670] On node 0, zone DMA: 1 pages in unavailable ranges
[    0.031767] On node 0, zone DMA: 97 pages in unavailable ranges
[    0.047891] On node 0, zone DMA32: 32 pages in unavailable ranges
[    0.048419] ACPI: PM-Timer IO Port: 0x608
[    0.049015] ACPI: LAPIC_NMI (acpi_id[0xff] dfl dfl lint[0x1])
[    0.049387] IOAPIC[0]: apic_id 0, version 17, address 0xfec00000, GSI 0-23
[    0.049797] ACPI: INT_SRC_OVR (bus 0 bus_irq 0 global_irq 2 dfl dfl)
[    0.050171] ACPI: INT_SRC_OVR (bus 0 bus_irq 5 global_irq 5 high level)
[    0.050552] ACPI: INT_SRC_OVR (bus 0 bus_irq 9 global_irq 9 high level)
[    0.050933] ACPI: INT_SRC_OVR (bus 0 bus_irq 10 global_irq 10 high level)
[    0.051322] ACPI: INT_SRC_OVR (bus 0 bus_irq 11 global_irq 11 high level)
[    0.051729] ACPI: Using ACPI (MADT) for SMP configuration information
[    0.052095] ACPI: HPET id: 0x8086a201 base: 0xfed00000
[    0.052400] TSC deadline timer available
[    0.052626] smpboot: Allowing 2 CPUs, 0 hotplug CPUs
[    0.052952] kvm-guest: KVM setup pv remote TLB flush
[    0.053237] kvm-guest: setup PV sched yield
[    0.053524] PM: hibernation: Registered nosave memory: [mem 0x00000000-0x00000fff]
[    0.053963] PM: hibernation: Registered nosave memory: [mem 0x0009f000-0x0009ffff]
[    0.054396] PM: hibernation: Registered nosave memory: [mem 0x000a0000-0x000effff]
[    0.054825] PM: hibernation: Registered nosave memory: [mem 0x000f0000-0x000fffff]
[    0.055257] [mem 0x80000000-0xfeffbfff] available for PCI devices
[    0.055605] Booting paravirtualized kernel on KVM
[    0.055885] clocksource: refined-jiffies: mask: 0xffffffff max_cycles: 0xffffffff, max_idle_ns: 7645519600211568 ns
[    0.056491] setup_percpu: NR_CPUS:8192 nr_cpumask_bits:2 nr_cpu_ids:2 nr_node_ids:1
[    0.058036] percpu: Embedded 64 pages/cpu s225280 r8192 d28672 u1048576
[    0.058609] kvm-guest: PV spinlocks enabled
[    0.058859] PV qspinlock hash table entries: 256 (order: 0, 4096 bytes, linear)
[    0.059301] Fallback order for Node 0: 0 
[    0.059550] Built 1 zonelists, mobility grouping on.  Total pages: 515808
[    0.059943] Policy zone: DMA32
[    0.060123] Kernel command line: net.ifnames=0 console=ttyS0 root=/dev/sda earlyprintk=serial net.ifnames=0
[    0.062059] Dentry cache hash table entries: 262144 (order: 9, 2097152 bytes, linear)
[    0.062589] Inode-cache hash table entries: 131072 (order: 8, 1048576 bytes, linear)
[    0.063118] mem auto-init: stack:off, heap alloc:off, heap free:off
[    0.066181] Memory: 1985384K/2096632K available (32784K kernel code, 4692K rwdata, 7820K rodata, 3672K init, 22124K bss, 110992K reserved, 0K cma-reserved)
[    0.067845] SLUB: HWalign=64, Order=0-3, MinObjects=0, CPUs=2, Nodes=1
[    0.068211] kmemleak: Kernel memory leak detector disabled
[    0.068543] ftrace: allocating 67272 entries in 263 pages
[    0.087126] ftrace: allocated 263 pages with 4 groups
[    0.089743] Dynamic Preempt: voluntary
[    0.090140] Running RCU self tests
[    0.090335] rcu: Preemptible hierarchical RCU implementation.
[    0.090649] rcu: 	RCU lockdep checking is enabled.
[    0.090911] rcu: 	RCU restricting CPUs from NR_CPUS=8192 to nr_cpu_ids=2.
[    0.091283] 	Trampoline variant of Tasks RCU enabled.
[    0.091559] 	Rude variant of Tasks RCU enabled.
[    0.091807] 	Tracing variant of Tasks RCU enabled.
[    0.092069] rcu: RCU calculated value of scheduler-enlistment delay is 25 jiffies.
[    0.092482] rcu: Adjusting geometry for rcu_fanout_leaf=16, nr_cpu_ids=2
[    0.114671] NR_IRQS: 524544, nr_irqs: 440, preallocated irqs: 16
[    0.115271] rcu: srcu_init: Setting srcu_struct sizes based on contention.
[    0.120851] Console: colour VGA+ 80x25
[    0.121108] printk: console [ttyS0] enabled
[    0.121108] printk: console [ttyS0] enabled
[    0.121582] printk: bootconsole [earlyser0] disabled
[    0.121582] printk: bootconsole [earlyser0] disabled
[    0.122148] Lock dependency validator: Copyright (c) 2006 Red Hat, Inc., Ingo Molnar
[    0.122585] ... MAX_LOCKDEP_SUBCLASSES:  8
[    0.122822] ... MAX_LOCK_DEPTH:          48
[    0.123063] ... MAX_LOCKDEP_KEYS:        8192
[    0.123313] ... CLASSHASH_SIZE:          4096
[    0.123564] ... MAX_LOCKDEP_ENTRIES:     32768
[    0.123819] ... MAX_LOCKDEP_CHAINS:      65536
[    0.124075] ... CHAINHASH_SIZE:          32768
[    0.124330]  memory used by lock dependency info: 6365 kB
[    0.124639]  memory used for stack traces: 4224 kB
[    0.124913]  per task-struct memory footprint: 1920 bytes
[    0.125258] ACPI: Core revision 20220331
[    0.125691] clocksource: hpet: mask: 0xffffffff max_cycles: 0xffffffff, max_idle_ns: 19112604467 ns
[    0.126331] APIC: Switch to symmetric I/O mode setup
[    0.126751] x2apic enabled
[    0.127034] Switched APIC routing to physical x2apic.
[    0.127324] kvm-guest: setup PV IPIs
[    0.128185] ..TIMER: vector=0x30 apic1=0 pin1=2 apic2=-1 pin2=-1
[    0.128546] clocksource: tsc-early: mask: 0xffffffffffffffff max_cycles: 0x3407c077a8d, max_idle_ns: 440795342283 ns
[    0.129154] Calibrating delay loop (skipped) preset value.. 7219.20 BogoMIPS (lpj=14438400)
[    0.129627] pid_max: default: 32768 minimum: 301
[    0.130035] LSM: Security Framework initializing
[    0.133169] Yama: becoming mindful.
[    0.133547] Mount-cache hash table entries: 4096 (order: 3, 32768 bytes, linear)
[    0.133979] Mountpoint-cache hash table entries: 4096 (order: 3, 32768 bytes, linear)
[    0.135493] x86/cpu: User Mode Instruction Prevention (UMIP) activated
[    0.136778] Last level iTLB entries: 4KB 0, 2MB 0, 4MB 0
[    0.137155] Last level dTLB entries: 4KB 0, 2MB 0, 4MB 0, 1GB 0
[    0.137514] Spectre V1 : Mitigation: usercopy/swapgs barriers and __user pointer sanitization
[    0.137993] Spectre V2 : WARNING: Unprivileged eBPF is enabled with eIBRS on, data leaks possible via Spectre v2 BHB attacks!
[    0.138618] Spectre V2 : Mitigation: Enhanced IBRS
[    0.138880] Spectre V2 : Spectre v2 / SpectreRSB mitigation: Filling RSB on context switch
[    0.139322] Spectre V2 : Spectre v2 / PBRSB-eIBRS: Retire a single CALL on VMEXIT
[    0.139726] Spectre V2 : mitigation: Enabling conditional Indirect Branch Prediction Barrier
[    0.140179] Speculative Store Bypass: Mitigation: Speculative Store Bypass disabled via prctl
[    0.227132] Freeing SMP alternatives memory: 56K
[    0.227721] smpboot: CPU0: 12th Gen Intel(R) Core(TM) i7-12700K (family: 0x6, model: 0x97, stepping: 0x2)
[    0.228607] cblist_init_generic: Setting adjustable number of callback queues.
[    0.229018] cblist_init_generic: Setting shift to 1 and lim to 1.
[    0.229143] cblist_init_generic: Setting shift to 1 and lim to 1.
[    0.229143] cblist_init_generic: Setting shift to 1 and lim to 1.
[    0.229143] Running RCU-tasks wait API self tests
[    0.329216] Performance Events: Alderlake Hybrid events, full-width counters, Intel PMU driver.
[    0.330093] core: cpu_core PMU driver: 
[    0.330311] ... version:                2
[    0.330532] ... bit width:              48
[    0.330756] ... generic registers:      6
[    0.330974] ... value mask:             0000ffffffffffff
[    0.331261] ... max period:             00007fffffffffff
[    0.331548] ... fixed-purpose events:   3
[    0.331766] ... event mask:             0001000f0000003f
[    0.332180] rcu: Hierarchical SRCU implementation.
[    0.332441] rcu: 	Max phase no-delay instances is 1000.
[    0.334748] unchecked MSR access error: WRMSR to 0x38f (tried to write 0x0001000f0000003f) at rIP: 0xffffffff810ce49c (native_write_msr+0xc/0x30)
[    0.335467] Call Trace:
[    0.335604]  <TASK>
[    0.335725]  __intel_pmu_enable_all.constprop.46+0xb5/0x140
[    0.336033]  intel_pmu_enable_all+0x1e/0x30
[    0.336268]  x86_pmu_enable+0x46d/0x5a0
[    0.336489]  ? write_comp_data+0x2f/0x90
[    0.336712]  perf_pmu_enable+0x53/0x70
[    0.336931]  ctx_resched+0xab/0xf0
[    0.337133]  __perf_install_in_context+0x31b/0x480
[    0.337143]  ? perf_duration_warn+0x50/0x50
[    0.337143]  ? perf_duration_warn+0x50/0x50
[    0.337143]  remote_function+0x80/0xa0
[    0.337143]  ? perf_duration_warn+0x50/0x50
[    0.337143]  generic_exec_single+0x124/0x190
[    0.337143]  smp_call_function_single+0x11c/0x240
[    0.337143]  ? perf_duration_warn+0x50/0x50
[    0.337143]  ? __sanitizer_cov_trace_pc+0x25/0x60
[    0.337143]  ? write_comp_data+0x2f/0x90
[    0.337143]  perf_install_in_context+0x2e8/0x310
[    0.337143]  ? ctx_resched+0xf0/0xf0
[    0.337143]  perf_event_create_kernel_counter+0x16a/0x200
[    0.337143]  ? find_next_bit+0x30/0x30
[    0.337143]  hardlockup_detector_event_create+0x46/0xd0
[    0.337143]  hardlockup_detector_perf_init+0x18/0x66
[    0.337143]  watchdog_nmi_probe+0x17/0x1d
[    0.337143]  lockup_detector_init+0x40/0xaf
[    0.337143]  kernel_init_freeable+0x264/0x42e
[    0.337143]  ? rest_init+0x240/0x240
[    0.337143]  kernel_init+0x24/0x1e0
[    0.337143]  ? rest_init+0x240/0x240
[    0.337143]  ret_from_fork+0x1f/0x30
[    0.337143]  </TASK>
[    0.337157] Callback from call_rcu_tasks_trace() invoked.
[    0.337600] smp: Bringing up secondary CPUs ...
[    0.341163] x86: Booting SMP configuration:
[    0.341416] .... node  #0, CPUs:      #1
[    0.341729] smp: Brought up 1 node, 2 CPUs
[    0.341729] smpboot: Max logical packages: 1
[    0.341894] smpboot: Total of 2 processors activated (14438.40 BogoMIPS)
[    0.345355] devtmpfs: initialized
[    0.345575] x86/mm: Memory block size: 128MB
[    0.347385] clocksource: jiffies: mask: 0xffffffff max_cycles: 0xffffffff, max_idle_ns: 7645041785100000 ns
[    0.347385] futex hash table entries: 512 (order: 4, 65536 bytes, linear)
[    0.349345] pinctrl core: initialized pinctrl subsystem
[    0.350070] 
[    0.350160] *************************************************************
[    0.350525] **     NOTICE NOTICE NOTICE NOTICE NOTICE NOTICE NOTICE    **
[    0.350887] **                                                         **
[    0.351251] **  IOMMU DebugFS SUPPORT HAS BEEN ENABLED IN THIS KERNEL  **
[    0.351613] **                                                         **
[    0.351986] ** This means that this kernel is built to expose internal **
[    0.352349] ** IOMMU data structures, which may compromise security on **
[    0.352711] ** your system.                                            **
[    0.353074] **                                                         **
[    0.353150] ** If you see this message and you are not debugging the   **
[    0.353517] ** kernel, report this immediately to your vendor!         **
[    0.353884] **                                                         **
[    0.354247] **     NOTICE NOTICE NOTICE NOTICE NOTICE NOTICE NOTICE    **
[    0.354617] *************************************************************
[    0.355013] PM: RTC time: 02:15:42, date: 2023-03-15
[    0.358013] NET: Registered PF_NETLINK/PF_ROUTE protocol family
[    0.358839] DMA: preallocated 256 KiB GFP_KERNEL pool for atomic allocations
[    0.359242] DMA: preallocated 256 KiB GFP_KERNEL|GFP_DMA pool for atomic allocations
[    0.359682] DMA: preallocated 256 KiB GFP_KERNEL|GFP_DMA32 pool for atomic allocations
[    0.360147] audit: initializing netlink subsys (disabled)
[    0.360505] audit: type=2000 audit(1678846543.142:1): state=initialized audit_enabled=0 res=1
[    0.360505] thermal_sys: Registered thermal governor 'fair_share'
[    0.360505] thermal_sys: Registered thermal governor 'bang_bang'
[    0.361148] thermal_sys: Registered thermal governor 'step_wise'
[    0.361478] thermal_sys: Registered thermal governor 'user_space'
[    0.361830] cpuidle: using governor ladder
[    0.362391] cpuidle: using governor menu
[    0.362895] acpiphp: ACPI Hot Plug PCI Controller Driver version: 0.5
[    0.363525] PCI: Using configuration type 1 for base access
[    0.375445] kprobes: kprobe jump-optimization is enabled. All kprobes are optimized if possible.
[    0.536916] HugeTLB: registered 1.00 GiB page size, pre-allocated 0 pages
[    0.537174] HugeTLB: 16380 KiB vmemmap can be freed for a 1.00 GiB page
[    0.537541] HugeTLB: registered 2.00 MiB page size, pre-allocated 0 pages
[    0.537914] HugeTLB: 28 KiB vmemmap can be freed for a 2.00 MiB page
[    0.539558] ACPI: Added _OSI(Module Device)
[    0.539803] ACPI: Added _OSI(Processor Device)
[    0.540051] ACPI: Added _OSI(3.0 _SCP Extensions)
[    0.540312] ACPI: Added _OSI(Processor Aggregator Device)
[    0.544947] ACPI: 1 ACPI AML tables successfully acquired and loaded
[    0.548708] ACPI: Interpreter enabled
[    0.548994] ACPI: PM: (supports S0 S3 S4 S5)
[    0.549154] ACPI: Using IOAPIC for interrupt routing
[    0.549464] PCI: Using host bridge windows from ACPI; if necessary, use "pci=nocrs" and report a bug
[    0.549963] PCI: Using E820 reservations for host bridge windows
[    0.550828] ACPI: Enabled 2 GPEs in block 00 to 0F
[    0.563736] ACPI: PCI Root Bridge [PCI0] (domain 0000 [bus 00-ff])
[    0.564106] acpi PNP0A03:00: _OSC: OS supports [ASPM ClockPM Segments MSI EDR HPX-Type3]
[    0.564555] acpi PNP0A03:00: _OSC: not requesting OS control; OS requires [ExtendedConfig ASPM ClockPM MSI]
[    0.565133] acpi PNP0A03:00: fail to add MMCONFIG information, can't access extended PCI configuration space under this bridge.
[    0.567004] acpiphp: Slot [3] registered
[    0.567285] acpiphp: Slot [4] registered
[    0.567556] acpiphp: Slot [5] registered
[    0.567825] acpiphp: Slot [6] registered
[    0.568095] acpiphp: Slot [7] registered
[    0.568364] acpiphp: Slot [8] registered
[    0.568639] acpiphp: Slot [9] registered
[    0.568910] acpiphp: Slot [10] registered
[    0.569185] acpiphp: Slot [11] registered
[    0.569458] acpiphp: Slot [12] registered
[    0.569742] acpiphp: Slot [13] registered
[    0.570025] acpiphp: Slot [14] registered
[    0.570300] acpiphp: Slot [15] registered
[    0.570579] acpiphp: Slot [16] registered
[    0.570854] acpiphp: Slot [17] registered
[    0.571140] acpiphp: Slot [18] registered
[    0.571414] acpiphp: Slot [19] registered
[    0.571687] acpiphp: Slot [20] registered
[    0.571961] acpiphp: Slot [21] registered
[    0.572235] acpiphp: Slot [22] registered
[    0.572514] acpiphp: Slot [23] registered
[    0.572788] acpiphp: Slot [24] registered
[    0.573063] acpiphp: Slot [25] registered
[    0.573196] acpiphp: Slot [26] registered
[    0.573469] acpiphp: Slot [27] registered
[    0.573752] acpiphp: Slot [28] registered
[    0.574034] acpiphp: Slot [29] registered
[    0.574308] acpiphp: Slot [30] registered
[    0.574583] acpiphp: Slot [31] registered
[    0.574822] PCI host bridge to bus 0000:00
[    0.575052] pci_bus 0000:00: root bus resource [io  0x0000-0x0cf7 window]
[    0.575429] pci_bus 0000:00: root bus resource [io  0x0d00-0xffff window]
[    0.575806] pci_bus 0000:00: root bus resource [mem 0x000a0000-0x000bffff window]
[    0.576220] pci_bus 0000:00: root bus resource [mem 0x80000000-0xfebfffff window]
[    0.576634] pci_bus 0000:00: root bus resource [mem 0x100000000-0x17fffffff window]
[    0.577057] pci_bus 0000:00: root bus resource [bus 00-ff]
[    0.577218] pci 0000:00:00.0: [8086:1237] type 00 class 0x060000
[    0.579819] pci 0000:00:01.0: [8086:7000] type 00 class 0x060100
[    0.580667] pci 0000:00:01.1: [8086:7010] type 00 class 0x010180
[    0.581923] pci 0000:00:01.1: reg 0x20: [io  0xc040-0xc04f]
[    0.582644] pci 0000:00:01.1: legacy IDE quirk: reg 0x10: [io  0x01f0-0x01f7]
[    0.583041] pci 0000:00:01.1: legacy IDE quirk: reg 0x14: [io  0x03f6]
[    0.583404] pci 0000:00:01.1: legacy IDE quirk: reg 0x18: [io  0x0170-0x0177]
[    0.583800] pci 0000:00:01.1: legacy IDE quirk: reg 0x1c: [io  0x0376]
[    0.584359] pci 0000:00:01.3: [8086:7113] type 00 class 0x068000
[    0.584917] pci 0000:00:01.3: quirk: [io  0x0600-0x063f] claimed by PIIX4 ACPI
[    0.585151] pci 0000:00:01.3: quirk: [io  0x0700-0x070f] claimed by PIIX4 SMB
[    0.585760] pci 0000:00:02.0: [1234:1111] type 00 class 0x030000
[    0.588330] pci 0000:00:02.0: reg 0x10: [mem 0xfd000000-0xfdffffff pref]
[    0.590043] pci 0000:00:02.0: reg 0x18: [mem 0xfebf0000-0xfebf0fff]
[    0.592812] pci 0000:00:02.0: reg 0x30: [mem 0xfebe0000-0xfebeffff pref]
[    0.593262] pci 0000:00:02.0: Video device with shadowed ROM at [mem 0x000c0000-0x000dffff]
[    0.596073] pci 0000:00:03.0: [8086:100e] type 00 class 0x020000
[    0.596941] pci 0000:00:03.0: reg 0x10: [mem 0xfebc0000-0xfebdffff]
[    0.597582] pci 0000:00:03.0: reg 0x14: [io  0xc000-0xc03f]
[    0.600193] pci 0000:00:03.0: reg 0x30: [mem 0xfeb80000-0xfebbffff pref]
[    0.607964] ACPI: PCI: Interrupt link LNKA configured for IRQ 10
[    0.608593] ACPI: PCI: Interrupt link LNKB configured for IRQ 10
[    0.609216] ACPI: PCI: Interrupt link LNKC configured for IRQ 11
[    0.609818] ACPI: PCI: Interrupt link LNKD configured for IRQ 11
[    0.610281] ACPI: PCI: Interrupt link LNKS configured for IRQ 9
[    0.611495] iommu: Default domain type: Translated 
[    0.611775] iommu: DMA domain TLB invalidation policy: lazy mode 
[    0.612995] SCSI subsystem initialized
[    0.613364] ACPI: bus type USB registered
[    0.613641] usbcore: registered new interface driver usbfs
[    0.613981] usbcore: registered new interface driver hub
[    0.614299] usbcore: registered new device driver usb
[    0.614666] pps_core: LinuxPPS API ver. 1 registered
[    0.614942] pps_core: Software ver. 5.3.6 - Copyright 2005-2007 Rodolfo Giometti <giometti@linux.it>
[    0.615447] PTP clock support registered
[    0.615794] EDAC MC: Ver: 3.0.0
[    0.617078] NetLabel: Initializing
[    0.617148] NetLabel:  domain hash size = 128
[    0.617391] NetLabel:  protocols = UNLABELED CIPSOv4 CALIPSO
[    0.617997] NetLabel:  unlabeled traffic allowed by default
[    0.618576] PCI: Using ACPI for IRQ routing
[    0.618973] pci 0000:00:02.0: vgaarb: setting as boot VGA device
[    0.619313] pci 0000:00:02.0: vgaarb: bridge control possible
[    0.619629] pci 0000:00:02.0: vgaarb: VGA device added: decodes=io+mem,owns=io+mem,locks=none
[    0.620093] vgaarb: loaded
[    0.620631] hpet0: at MMIO 0xfed00000, IRQs 2, 8, 0
[    0.620920] hpet0: 3 comparators, 64-bit 100.000000 MHz counter
[    2.539812] clocksource: Switched to clocksource kvm-clock
[    2.540784] VFS: Disk quotas dquot_6.6.0
[    2.541045] VFS: Dquot-cache hash table entries: 512 (order 0, 4096 bytes)
[    2.541143] pnp: PnP ACPI init
[    2.541143] pnp: PnP ACPI: found 6 devices
[    2.550420] clocksource: acpi_pm: mask: 0xffffff max_cycles: 0xffffff, max_idle_ns: 2085701024 ns
[    2.551212] NET: Registered PF_INET protocol family
[    2.551644] IP idents hash table entries: 32768 (order: 6, 262144 bytes, linear)
[    2.552846] tcp_listen_portaddr_hash hash table entries: 1024 (order: 4, 73728 bytes, linear)
[    2.553361] Table-perturb hash table entries: 65536 (order: 6, 262144 bytes, linear)
[    2.553814] TCP established hash table entries: 16384 (order: 5, 131072 bytes, linear)
[    2.554426] TCP bind hash table entries: 16384 (order: 9, 2359296 bytes, linear)
[    2.556403] TCP: Hash tables configured (established 16384 bind 16384)
[    2.556890] UDP hash table entries: 1024 (order: 5, 163840 bytes, linear)
[    2.557353] UDP-Lite hash table entries: 1024 (order: 5, 163840 bytes, linear)
[    2.557934] NET: Registered PF_UNIX/PF_LOCAL protocol family
[    2.565376] RPC: Registered named UNIX socket transport module.
[    2.565734] RPC: Registered udp transport module.
[    2.565992] RPC: Registered tcp transport module.
[    2.566250] RPC: Registered tcp NFSv4.1 backchannel transport module.
[    2.566618] pci_bus 0000:00: resource 4 [io  0x0000-0x0cf7 window]
[    2.566961] pci_bus 0000:00: resource 5 [io  0x0d00-0xffff window]
[    2.567302] pci_bus 0000:00: resource 6 [mem 0x000a0000-0x000bffff window]
[    2.567681] pci_bus 0000:00: resource 7 [mem 0x80000000-0xfebfffff window]
[    2.568060] pci_bus 0000:00: resource 8 [mem 0x100000000-0x17fffffff window]
[    2.568621] pci 0000:00:01.0: PIIX3: Enabling Passive Release
[    2.568949] pci 0000:00:00.0: Limiting direct PCI/PCI transfers
[    2.569358] PCI: CLS 0 bytes, default 64
[    2.569617] ACPI: bus type thunderbolt registered
[    2.570117] clocksource: tsc: mask: 0xffffffffffffffff max_cycles: 0x3407c077a8d, max_idle_ns: 440795342283 ns
[    2.581330] Callback from call_rcu_tasks_rude() invoked.
[    2.645181] Callback from call_rcu_tasks() invoked.
[    2.667900] Initialise system trusted keyrings
[    2.668215] Key type blacklist registered
[    2.668651] workingset: timestamp_bits=36 max_order=19 bucket_order=0
[    2.676876] zbud: loaded
[    2.678683] squashfs: version 4.0 (2009/01/31) Phillip Lougher
[    2.680406] NFS: Registering the id_resolver key type
[    2.680713] Key type id_resolver registered
[    2.680947] Key type id_legacy registered
[    2.681271] nfs4filelayout_init: NFSv4 File Layout Driver Registering...
[    2.681654] nfs4flexfilelayout_init: NFSv4 Flexfile Layout Driver Registering...
[    2.682269] fuse: init (API version 7.37)
[    2.682827] SGI XFS with ACLs, security attributes, realtime, quota, no debug enabled
[    2.684668] 9p: Installing v9fs 9p2000 file system support
[    2.690710] Key type asymmetric registered
[    2.690982] Asymmetric key parser 'x509' registered
[    2.692259] alg: self-tests for CTR-KDF (hmac(sha256)) passed
[    2.692631] Block layer SCSI generic (bsg) driver version 0.4 loaded (major 243)
[    2.693169] io scheduler mq-deadline registered
[    2.693517] io scheduler bfq registered
[    2.694363] shpchp: Standard Hot Plug PCI Controller Driver version: 0.4
[    2.695060] IPMI message handler: version 39.2
[    2.695344] ipmi device interface
[    2.696737] input: Power Button as /devices/LNXSYSTM:00/LNXPWRBN:00/input/input0
[    2.697342] ACPI: button: Power Button [PWRF]
[    2.698301] ERST DBG: ERST support is disabled.
[    2.699005] Serial: 8250/16550 driver, 32 ports, IRQ sharing enabled
[    2.699720] 00:04: ttyS0 at I/O 0x3f8 (irq = 4, base_baud = 115200) is a 16550A
[    2.706753] Linux agpgart interface v0.103
[    2.707410] ACPI: bus type drm_connector registered
[    2.717453] brd: module loaded
[    2.736329] loop: module loaded
[    2.739533] scsi host0: ata_piix
[    2.740194] scsi host1: ata_piix
[    2.740501] ata1: PATA max MWDMA2 cmd 0x1f0 ctl 0x3f6 bmdma 0xc040 irq 14
[    2.740877] ata2: PATA max MWDMA2 cmd 0x170 ctl 0x376 bmdma 0xc048 irq 15
[    2.742068] tun: Universal TUN/TAP device driver, 1.6
[    2.742510] e100: Intel(R) PRO/100 Network Driver
[    2.742771] e100: Copyright(c) 1999-2006 Intel Corporation
[    2.743098] e1000: Intel(R) PRO/1000 Network Driver
[    2.743367] e1000: Copyright (c) 1999-2006 Intel Corporation.
[    2.886642] ACPI: \_SB_.LNKC: Enabled at IRQ 11
[    2.901321] ata2: found unknown device (class 0)
[    2.901834] ata1: found unknown device (class 0)
[    2.902574] ata2.00: ATAPI: QEMU DVD-ROM, 2.5+, max UDMA/100
[    2.903032] ata1.00: ATA-7: QEMU HARDDISK, 2.5+, max UDMA/100
[    2.903345] ata1.00: 16777216 sectors, multi 16: LBA48 
[    2.904696] scsi 0:0:0:0: Direct-Access     ATA      QEMU HARDDISK    2.5+ PQ: 0 ANSI: 5
[    2.906216] sd 0:0:0:0: [sda] 16777216 512-byte logical blocks: (8.59 GB/8.00 GiB)
[    2.906659] sd 0:0:0:0: [sda] Write Protect is off
[    2.906957] sd 0:0:0:0: [sda] Write cache: enabled, read cache: enabled, doesn't support DPO or FUA
[    2.907485] sd 0:0:0:0: Attached scsi generic sg0 type 0
[    2.907924] sd 0:0:0:0: [sda] Preferred minimum I/O size 512 bytes
[    2.909018] scsi 1:0:0:0: CD-ROM            QEMU     QEMU DVD-ROM     2.5+ PQ: 0 ANSI: 5
[    2.930774] sd 0:0:0:0: [sda] Attached SCSI disk
[    2.937742] scsi 1:0:0:0: Attached scsi generic sg1 type 5
[    3.203516] e1000 0000:00:03.0 eth0: (PCI:33MHz:32-bit) 52:54:00:12:34:56
[    3.203931] e1000 0000:00:03.0 eth0: Intel(R) PRO/1000 Network Connection
[    3.204389] e1000e: Intel(R) PRO/1000 Network Driver
[    3.204675] e1000e: Copyright(c) 1999 - 2015 Intel Corporation.
[    3.205068] igb: Intel(R) Gigabit Ethernet Network Driver
[    3.205383] igb: Copyright (c) 2007-2014 Intel Corporation.
[    3.205781] PPP generic driver version 2.4.2
[    3.206593] VFIO - User Level meta-driver version: 0.3
[    3.207358] usbcore: registered new interface driver uas
[    3.207693] usbcore: registered new interface driver usb-storage
[    3.208118] i8042: PNP: PS/2 Controller [PNP0303:KBD,PNP0f13:MOU] at 0x60,0x64 irq 1,12
[    3.209062] serio: i8042 KBD port at 0x60,0x64 irq 1
[    3.209400] serio: i8042 AUX port at 0x60,0x64 irq 12
[    3.210333] mousedev: PS/2 mouse device common for all mice
[    3.211372] input: AT Translated Set 2 keyboard as /devices/platform/i8042/serio0/input/input1
[    3.212572] input: VirtualPS/2 VMware VMMouse as /devices/platform/i8042/serio1/input/input4
[    3.213460] input: VirtualPS/2 VMware VMMouse as /devices/platform/i8042/serio1/input/input3
[    3.214184] rtc_cmos 00:05: RTC can wake from S4
[    3.215233] rtc_cmos 00:05: registered as rtc0
[    3.215539] rtc_cmos 00:05: setting system clock to 2023-03-15T02:15:45 UTC (1678846545)
[    3.216100] rtc_cmos 00:05: alarms up to one day, y3k, 242 bytes nvram, hpet irqs
[    3.216559] i2c_dev: i2c /dev entries driver
[    3.216843] device-mapper: core: CONFIG_IMA_DISABLE_HTABLE is disabled. Duplicate IMA measurements will not be recorded in the IMA log.
[    3.217598] device-mapper: uevent: version 1.0.3
[    3.218088] device-mapper: ioctl: 4.47.0-ioctl (2022-07-28) initialised: dm-devel@redhat.com
[    3.218554] intel_pstate: CPU model not supported
[    3.218885] sdhci: Secure Digital Host Controller Interface driver
[    3.219223] sdhci: Copyright(c) Pierre Ossman
[    3.219513] sdhci-pltfm: SDHCI platform and OF driver helper
[    3.219884] ledtrig-cpu: registered to indicate activity on CPUs
[    3.220481] drop_monitor: Initializing network drop monitor service
[    3.221226] NET: Registered PF_INET6 protocol family
[    3.223239] Segment Routing with IPv6
[    3.223476] In-situ OAM (IOAM) with IPv6
[    3.223744] NET: Registered PF_PACKET protocol family
[    3.224236] 9pnet: Installing 9P2000 support
[    3.224539] Key type dns_resolver registered
[    3.225375] IPI shorthand broadcast: enabled
[    3.225673] sched_clock: Marking stable (3215712861, 9488845)->(3246393880, -21192174)
[    3.226641] registered taskstats version 1
[    3.226999] Loading compiled-in X.509 certificates
[    3.227484] zswap: loaded using pool lzo/zbud
[    3.228200] Key type .fscrypt registered
[    3.228423] Key type fscrypt-provisioning registered
[    3.229424] Key type encrypted registered
[    3.229691] ima: No TPM chip found, activating TPM-bypass!
[    3.230022] ima: Allocated hash algorithm: sha1
[    3.230332] ima: No architecture policies found
[    3.230681] evm: Initialising EVM extended attributes:
[    3.230980] evm: security.selinux
[    3.231177] evm: security.SMACK64
[    3.231373] evm: security.SMACK64EXEC
[    3.231589] evm: security.SMACK64TRANSMUTE
[    3.231829] evm: security.SMACK64MMAP
[    3.232045] evm: security.apparmor
[    3.232247] evm: security.ima
[    3.232424] evm: security.capability
[    3.232635] evm: HMAC attrs: 0x1
[    3.236301] PM:   Magic number: 15:37:258
[    3.236862] RAS: Correctable Errors collector initialized.
[    3.238032] md: Waiting for all devices to be available before autodetect
[    3.238302] md: If you don't use raid, use raid=noautodetect
[    3.238528] md: Autodetecting RAID arrays.
[    3.238698] md: autorun ...
[    3.238813] md: ... autorun DONE.
[    3.250027] EXT4-fs (sda): INFO: recovery required on readonly filesystem
[    3.250323] EXT4-fs (sda): write access will be enabled during recovery
[    3.295009] EXT4-fs (sda): recovery complete
[    3.301412] EXT4-fs (sda): mounted filesystem with ordered data mode. Quota mode: none.
[    3.301778] VFS: Mounted root (ext4 filesystem) readonly on device 8:0.
[    3.302584] devtmpfs: mounted
[    3.308238] Freeing unused decrypted memory: 2036K
[    3.309926] Freeing unused kernel image (initmem) memory: 3672K
[    3.310190] Write protecting the kernel read-only data: 43008k
[    3.312624] Freeing unused kernel image (text/rodata gap) memory: 2028K
[    3.313136] Freeing unused kernel image (rodata/data gap) memory: 372K
[    3.383409] x86/mm: Checked W+X mappings: passed, no W+X pages found.
[    3.383673] Run /sbin/init as init process
[    3.448023] systemd[1]: RTC configured in localtime, applying delta of 0 minutes to system time.
[    3.468819] systemd[1]: systemd 239 (239-49.el8) running in system mode. (+PAM +AUDIT +SELINUX +IMA -APPARMOR +SMACK +SYSVINIT +UTMP +LIBCRYPTSETUP +GCRYPT +GNUTLS +ACL +XZ +LZ4 +SECCOMP +BLKID +ELFUTILS +KMOD +IDN2 -IDN +PCRE2 default-hierarchy=legacy)
[    3.469856] systemd[1]: Detected virtualization kvm.
[    3.470065] systemd[1]: Detected architecture x86-64.

Welcome to [0;31mCentOS Stream 8[0m!

[    3.547232] systemd[1]: Set hostname to <test>.
[    4.569188] random: crng init done
[    4.660283] systemd[1]: Listening on udev Kernel Socket.
[[0;32m  OK  [0m] Listening on udev Kernel Socket.
[    4.663124] systemd[1]: Created slice system-serial\x2dgetty.slice.
[[0;32m  OK  [0m] Created slice system-serial\x2dgetty.slice.
[    4.664366] systemd[1]: Created slice User and Session Slice.
[[0;32m  OK  [0m] Created slice User and Session Slice.
[    4.665236] systemd[1]: Listening on udev Control Socket.
[[0;32m  OK  [0m] Listening on udev Control Socket.
[    4.665958] systemd[1]: Started Forward Password Requests to Wall Directory Watch.
[[0;32m  OK  [0m] Started Forward Password Requests to Wall Directory Watch.
[    4.666893] systemd[1]: Listening on Journal Socket.
[[0;32m  OK  [0m] Listening on Journal Socket.
         Starting Setup Virtual Console...
         Starting Load Kernel Modules...
[[0;32m  OK  [0m] Created slice system-getty.slice.
         Starting udev Coldplug all Devices...
[[0;32m  OK  [0m] Reached target Slices.
[[0;32m  OK  [0m] Listening on LVM2 poll daemon socket.
[[0;32m  OK  [0m] Created slice system-sshd\x2dkeygen.slice.
         Starting Remount Root and Kernel File Systems...
[[0;32m  OK  [0m] Listening on initctl Compatibility Named Pipe.
         Mounting Kernel Debug File System...
[[0;32m  OK  [0m] Listening on Device-mapper event daemon FIFOs.
         Starting Monitoring of LVM2 mirrorsâ€¦ng dmeventd or progress polling...
         Mounting POSIX Message Queue File System...
[[0;32m  OK  [0m] Reached target Swap.
[[0;32m  OK  [0m] Listening on Process Core Dump Socket.
[[0;32m  OK  [0m] Set up automount Arbitrary Executabâ€¦rmats File System Automount Point.
         Mounting Huge Pages File System...
[[0;32m  OK  [0m] Listening on RPCbind Server Activation Socket.
[[0;32m  OK  [0m] Reached target RPC Port Mapper.
[[0;32m  OK  [0m] Listening on Journal Socket (/dev/log).
         Starting Journal Service...
[[0;32m  OK  [0m] Listening on multipathd control socket.
[[0;1;31mFAILED[0m] Failed to start Load Kernel Modules.
See 'systemctl status systemd-modules-load.service' for details.
[[0;32m  OK  [0m] Mounted Kernel Debug File System.
[[0;32m  OK  [0m] Mounted POSIX Message Queue File System.
[[0;32m  OK  [0m] Mounted Huge Pages File System.
[[0;32m  OK  [0m] Started Setup Virtual Console.
[    4.953175] EXT4-fs (sda): re-mounted. Quota mode: none.
         Mounting Kernel Configuration File System...
         Starting Apply Kernel Variables...
         Mounting FUSE Control File System...
[[0;32m  OK  [0m] Started Journal Service.
[[0;32m  OK  [0m] Started Remount Root and Kernel File Systems.
[[0;32m  OK  [0m] Mounted Kernel Configuration File System.
         Starting Create Static Device Nodes in /dev...
         Starting Load/Save Random Seed...
         Starting Flush Journal to Persistent Storage...
[[0;32m  OK  [0m] Started Apply Kernel Variables.
[[0;32m  OK  [0m] Mounted FUSE Control File System.
[[0;32m  OK  [0m] Started Create Static Device Nodes in /dev.
[[0;32m  OK  [0m] Started Load/Save Random Seed.
         Starting udev Kernel Device Manager...
[[0;32m  OK  [0m] Started Flush Journal to Persistent Storage.
[[0;32m  OK  [0m] Started udev Coldplug all Devices.
         Starting udev Wait for Complete Device Initialization...
[[0;32m  OK  [0m] Started udev Kernel Device Manager.
         Starting Show Plymouth Boot Screen...
[[0;32m  OK  [0m] Started Show Plymouth Boot Screen.
[[0;32m  OK  [0m] Reached target Paths.
[[0;32m  OK  [0m] Reached target Local Encrypted Volumes.
[[0;32m  OK  [0m] Started Forward Password Requests to Plymouth Directory Watch.
[[0;32m  OK  [0m] Found device /dev/ttyS0.
[[0;32m  OK  [0m] Started Monitoring of LVM2 mirrors,â€¦sing dmeventd or progress polling.
[[0;32m  OK  [0m] Started udev Wait for Complete Device Initialization.
[[0;32m  OK  [0m] Listening on Load/Save RF Kill Switch Status /dev/rfkill Watch.
[[0;32m  OK  [0m] Reached target Local File Systems (Pre).
[[0;32m  OK  [0m] Reached target Local File Systems.
         Starting Restore /run/initramfs on shutdown...
         Starting Create Volatile Files and Directories...
         Starting Tell Plymouth To Write Out Runtime Data...
[[0;32m  OK  [0m] Started Restore /run/initramfs on shutdown.
[[0;32m  OK  [0m] Started Tell Plymouth To Write Out Runtime Data.
[[0;32m  OK  [0m] Started Create Volatile Files and Directories.
         Starting RPC Bind...
         Mounting RPC Pipe File System...
         Starting Security Auditing Service...
[[0;32m  OK  [0m] Mounted RPC Pipe File System.
[[0;32m  OK  [0m] Reached target rpc_pipefs.target.
[[0;32m  OK  [0m] Started RPC Bind.
[[0;32m  OK  [0m] Started Security Auditing Service.
         Starting Update UTMP about System Boot/Shutdown...
[[0;32m  OK  [0m] Started Update UTMP about System Boot/Shutdown.
[[0;32m  OK  [0m] Reached target System Initialization.
[[0;32m  OK  [0m] Started daily update of the root trust anchor for DNSSEC.
[[0;32m  OK  [0m] Started Daily Cleanup of Temporary Directories.
[[0;32m  OK  [0m] Listening on SSSD Kerberos Cache Manager responder socket.
[[0;32m  OK  [0m] Listening on D-Bus System Message Bus Socket.
[[0;32m  OK  [0m] Reached target Sockets.
[[0;32m  OK  [0m] Reached target Basic System.
         Starting Auto-connect to subsystemsâ€¦-NVME devices found during boot...
         Starting NTP client/server...
[[0;32m  OK  [0m] Started Machine Check Exception Logging Daemon.
[[0;32m  OK  [0m] Reached target sshd-keygen.target.
         Starting Self Monitoring and Reporting Technology (SMART) Daemon...
         Starting Authorization Manager...
[[0;32m  OK  [0m] Started D-Bus System Message Bus.
         Starting Network Manager...
         Starting Login Service...
[[0;32m  OK  [0m] Started dnf makecache --timer.
[[0;32m  OK  [0m] Reached target Timers.
[[0;32m  OK  [0m] Started irqbalance daemon.
[[0;32m  OK  [0m] Started Auto-connect to subsystems â€¦FC-NVME devices found during boot.
         Starting update of the root trust aâ€¦or DNSSEC validation in unbound...
[[0;32m  OK  [0m] Started Self Monitoring and Reporting Technology (SMART) Daemon.
[[0;32m  OK  [0m] Started Login Service.
[[0;32m  OK  [0m] Started NTP client/server.
[[0;32m  OK  [0m] Started Network Manager.
[[0;32m  OK  [0m] Reached target Network.
         Starting GSSAPI Proxy Daemon...
         Starting OpenSSH server daemon...
         Starting Dynamic System Tuning Daemon...
         Starting Network Manager Wait Online...
[[0;32m  OK  [0m] Started update of the root trust anâ€¦ for DNSSEC validation in unbound.
[[0;32m  OK  [0m] Started OpenSSH server daemon.
         Starting Hostname Service...
[[0;32m  OK  [0m] Started GSSAPI Proxy Daemon.
[[0;32m  OK  [0m] Reached target NFS client services.
[[0;32m  OK  [0m] Reached target Remote File Systems (Pre).
[[0;32m  OK  [0m] Reached target Remote File Systems.
         Starting Permit User Sessions...
[[0;32m  OK  [0m] Started Permit User Sessions.
[[0;32m  OK  [0m] Started Command Scheduler.
         Starting Hold until boot process finishes up...
         Starting Terminate Plymouth Boot Screen...
[[0;32m  OK  [0m] Started Authorization Manager.
[    6.513447] e1000: eth0 NIC Link is Up 1000 Mbps Full Duplex, Flow Control: RX
[    6.514117] IPv6: ADDRCONF(NETDEV_CHANGE): eth0: link becomes ready
[    6.696774] Spectre V2 : WARNING: Unprivileged eBPF is enabled with eIBRS on, data leaks possible via Spectre v2 BHB attacks!
[    6.697258] Spectre V2 : WARNING: Unprivileged eBPF is enabled with eIBRS on, data leaks possible via Spectre v2 BHB attacks!

CentOS Stream 8
Kernel 6.1.0-rc3-6e8c78d32b5c+ on an x86_64

test login: [   29.004924] hrtimer: interrupt took 1408965 ns
[   54.653601] rcu_tasks_wait_gp: rcu_tasks grace period 9 is 2788 jiffies old.
[   85.093582] rcu_tasks_wait_gp: rcu_tasks grace period 9 is 10396 jiffies old.
[  175.325506] rcu_tasks_wait_gp: rcu_tasks grace period 9 is 32956 jiffies old.
[  300.125522] INFO: task repro:605 blocked for more than 147 seconds.
[  300.125991]       Not tainted 6.1.0-rc3-6e8c78d32b5c+ #1
[  300.126342] "echo 0 > /proc/sys/kernel/hung_task_timeout_secs" disables this message.
[  300.126807] task:repro           state:D stack:0     pid:605   ppid:603    flags:0x00004006
[  300.127361] Call Trace:
[  300.127582]  <TASK>
[  300.127932]  __schedule+0x344/0xad0
[  300.128448]  ? wait_for_completion+0x7b/0x180
[  300.128798]  schedule+0x5b/0xe0
[  300.129120]  schedule_timeout+0x554/0x640
[  300.129967]  ? schedule_timeout+0x9/0x640
[  300.130464]  ? wait_for_completion+0x7b/0x180
[  300.130811]  wait_for_completion+0xa6/0x180
[  300.131369]  __wait_rcu_gp+0x136/0x160
[  300.131745]  ? ftrace_kill+0x40/0x40
[  300.132032]  ? ftrace_kill+0x40/0x40
[  300.132367]  synchronize_rcu_tasks_generic.part.24+0x3b/0x60
[  300.132754]  ? call_rcu_tasks_generic+0x320/0x320
[  300.133118]  ? rcu_tasks_pregp_step+0x20/0x20
[  300.133823]  ? verify_cpu+0xa0/0x100
[  300.134212]  synchronize_rcu_tasks_generic+0x2b/0x70
[  300.134615]  synchronize_rcu_tasks+0x19/0x20
[  300.134959]  ftrace_shutdown+0x1d2/0x410
[  300.135461]  unregister_ftrace_function+0x35/0x220
[  300.135883]  ? __sanitizer_cov_trace_switch+0x57/0xa0
[  300.136386]  perf_ftrace_event_register+0x95/0xf0
[  300.136757]  ? perf_tp_event_init+0xa0/0xa0
[  300.137098]  perf_trace_destroy+0x3a/0xa0
[  300.137612]  ? perf_tp_event_init+0xa0/0xa0
[  300.137952]  tp_perf_event_destroy+0x1e/0x30
[  300.138325]  _free_event+0x101/0x7e0
[  300.138760]  put_event+0x3c/0x50
[  300.139107]  perf_event_release_kernel+0x2fd/0x380
[  300.139454]  ? perf_event_release_kernel+0x9/0x380
[  300.139944]  ? perf_event_release_kernel+0x380/0x380
[  300.140370]  perf_release+0x22/0x30
[  300.140705]  __fput+0x11f/0x450
[  300.141404]  ____fput+0x1e/0x30
[  300.141727]  task_work_run+0xb6/0x120
[  300.142204]  do_exit+0x547/0x1360
[  300.142609]  ? write_comp_data+0x2f/0x90
[  300.143106]  do_group_exit+0x5e/0xf0
[  300.143548]  get_signal+0x148f/0x1490
[  300.144280]  arch_do_signal_or_restart+0x3b/0x820
[  300.144913]  ? arch_do_signal_or_restart+0x9/0x820
[  300.145460]  ? lockdep_hardirqs_on+0x8a/0x110
[  300.145977]  exit_to_user_mode_prepare+0x13b/0x210
[  300.146402]  syscall_exit_to_user_mode+0x2d/0x60
[  300.146787]  do_syscall_64+0x4a/0x90
[  300.147127]  entry_SYSCALL_64_after_hwframe+0x63/0xcd
[  300.147486] RIP: 0033:0x7f6620ca759d
[  300.147792] RSP: 002b:00007ffc355ea258 EFLAGS: 00000246 ORIG_RAX: 000000000000012a
[  300.148299] RAX: 0000000000000003 RBX: 0000000000000000 RCX: 00007f6620ca759d
[  300.148755] RDX: 0000000000000000 RSI: 00000000ffffffff RDI: 00000000200004c0
[  300.149443] RBP: 00007ffc355ea270 R08: 0000000000000000 R09: 00007ffc355ea270
[  300.149880] R10: 00000000ffffffff R11: 0000000000000246 R12: 00000000004011e0
[  300.150316] R13: 00007ffc355ea390 R14: 0000000000000000 R15: 0000000000000000
[  300.151271]  </TASK>
[  300.151481] 
[  300.151481] Showing all locks held in the system:
[  300.151878] 1 lock held by rcu_tasks_kthre/11:
[  300.152191]  #0: ffffffff83b63c90 (rcu_tasks.tasks_gp_mutex){+.+.}-{3:3}, at: rcu_tasks_one_gp+0x2d/0x3d0
[  300.153010] 1 lock held by rcu_tasks_rude_/12:
[  300.153509]  #0: ffffffff83b63a10 (rcu_tasks_rude.tasks_gp_mutex){+.+.}-{3:3}, at: rcu_tasks_one_gp+0x2d/0x3d0
[  300.154343] 1 lock held by rcu_tasks_trace/13:
[  300.154656]  #0: ffffffff83b63750 (rcu_tasks_trace.tasks_gp_mutex){+.+.}-{3:3}, at: rcu_tasks_one_gp+0x2d/0x3d0
[  300.155500] 1 lock held by khungtaskd/29:
[  300.155791]  #0: ffffffff83b646a0 (rcu_read_lock){....}-{1:2}, at: debug_show_all_locks+0x27/0x18c
[  300.156602] 2 locks held by repro/605:
[  300.156885]  #0: ffffffff83c21e28 (event_mutex){+.+.}-{3:3}, at: perf_trace_destroy+0x21/0xa0
[  300.157907]  #1: ffffffff83c1e308 (ftrace_lock){+.+.}-{3:3}, at: unregister_ftrace_function+0x2b/0x220
[  300.158712] 1 lock held by repro/608:
[  300.158990] 
[  300.159164] =============================================
[  300.159164] 
[  445.661494] rcu_tasks_wait_gp: rcu_tasks grace period 9 is 100540 jiffies old.
[  447.581488] INFO: task repro:605 blocked for more than 294 seconds.
[  447.581924]       Not tainted 6.1.0-rc3-6e8c78d32b5c+ #1
[  447.582273] "echo 0 > /proc/sys/kernel/hung_task_timeout_secs" disables this message.
[  447.582751] task:repro           state:D stack:0     pid:605   ppid:603    flags:0x00004006
[  447.583306] Call Trace:
[  447.583525]  <TASK>
[  447.583877]  __schedule+0x344/0xad0
[  447.584387]  ? wait_for_completion+0x7b/0x180
[  447.584737]  schedule+0x5b/0xe0
[  447.585060]  schedule_timeout+0x554/0x640
[  447.585912]  ? schedule_timeout+0x9/0x640
[  447.586410]  ? wait_for_completion+0x7b/0x180
[  447.586758]  wait_for_completion+0xa6/0x180
[  447.587317]  __wait_rcu_gp+0x136/0x160
[  447.587692]  ? ftrace_kill+0x40/0x40
[  447.587978]  ? ftrace_kill+0x40/0x40
[  447.588314]  synchronize_rcu_tasks_generic.part.24+0x3b/0x60
[  447.588700]  ? call_rcu_tasks_generic+0x320/0x320
[  447.589066]  ? rcu_tasks_pregp_step+0x20/0x20
[  447.592964]  ? verify_cpu+0xa0/0x100
[  447.593631]  synchronize_rcu_tasks_generic+0x2b/0x70
[  447.594034]  synchronize_rcu_tasks+0x19/0x20
[  447.594379]  ftrace_shutdown+0x1d2/0x410
[  447.594883]  unregister_ftrace_function+0x35/0x220
[  447.595308]  ? __sanitizer_cov_trace_switch+0x57/0xa0
[  447.595807]  perf_ftrace_event_register+0x95/0xf0
[  447.596176]  ? perf_tp_event_init+0xa0/0xa0
[  447.596517]  perf_trace_destroy+0x3a/0xa0
[  447.596853]  ? perf_tp_event_init+0xa0/0xa0
[  447.597373]  tp_perf_event_destroy+0x1e/0x30
[  447.597744]  _free_event+0x101/0x7e0
[  447.598183]  put_event+0x3c/0x50
[  447.598532]  perf_event_release_kernel+0x2fd/0x380
[  447.598880]  ? perf_event_release_kernel+0x9/0x380
[  447.599372]  ? perf_event_release_kernel+0x380/0x380
[  447.599799]  perf_release+0x22/0x30
[  447.600136]  __fput+0x11f/0x450
[  447.600654]  ____fput+0x1e/0x30
[  447.600975]  task_work_run+0xb6/0x120
[  447.601620]  do_exit+0x547/0x1360
[  447.602024]  ? write_comp_data+0x2f/0x90
[  447.602519]  do_group_exit+0x5e/0xf0
[  447.602960]  get_signal+0x148f/0x1490
[  447.603695]  arch_do_signal_or_restart+0x3b/0x820
[  447.604331]  ? arch_do_signal_or_restart+0x9/0x820
[  447.604700]  ? lockdep_hardirqs_on+0x8a/0x110
[  447.605399]  exit_to_user_mode_prepare+0x13b/0x210
[  447.605825]  syscall_exit_to_user_mode+0x2d/0x60
[  447.606211]  do_syscall_64+0x4a/0x90
[  447.606553]  entry_SYSCALL_64_after_hwframe+0x63/0xcd
[  447.606914] RIP: 0033:0x7f6620ca759d
[  447.607216] RSP: 002b:00007ffc355ea258 EFLAGS: 00000246 ORIG_RAX: 000000000000012a
[  447.607724] RAX: 0000000000000003 RBX: 0000000000000000 RCX: 00007f6620ca759d
[  447.608161] RDX: 0000000000000000 RSI: 00000000ffffffff RDI: 00000000200004c0
[  447.608599] RBP: 00007ffc355ea270 R08: 0000000000000000 R09: 00007ffc355ea270
[  447.609038] R10: 00000000ffffffff R11: 0000000000000246 R12: 00000000004011e0
[  447.609658] R13: 00007ffc355ea390 R14: 0000000000000000 R15: 0000000000000000
[  447.610606]  </TASK>
[  447.610817] 
[  447.610817] Showing all locks held in the system:
[  447.611211] 1 lock held by rcu_tasks_kthre/11:
[  447.611524]  #0: ffffffff83b63c90 (rcu_tasks.tasks_gp_mutex){+.+.}-{3:3}, at: rcu_tasks_one_gp+0x2d/0x3d0
[  447.612341] 1 lock held by rcu_tasks_rude_/12:
[  447.612654]  #0: ffffffff83b63a10 (rcu_tasks_rude.tasks_gp_mutex){+.+.}-{3:3}, at: rcu_tasks_one_gp+0x2d/0x3d0
[  447.613677] 1 lock held by rcu_tasks_trace/13:
[  447.613989]  #0: ffffffff83b63750 (rcu_tasks_trace.tasks_gp_mutex){+.+.}-{3:3}, at: rcu_tasks_one_gp+0x2d/0x3d0
[  447.614826] 1 lock held by khungtaskd/29:
[  447.615116]  #0: ffffffff83b646a0 (rcu_read_lock){....}-{1:2}, at: debug_show_all_locks+0x27/0x18c
[  447.615927] 2 locks held by repro/605:
[  447.616206]  #0: ffffffff83c21e28 (event_mutex){+.+.}-{3:3}, at: perf_trace_destroy+0x21/0xa0
[  447.616977]  #1: ffffffff83c1e308 (ftrace_lock){+.+.}-{3:3}, at: unregister_ftrace_function+0x2b/0x220
[  447.617962] 3 locks held by repro/606:
[  447.618245] 
[  447.618419] =============================================
[  447.618419] 
[  595.037527] INFO: task repro:605 blocked for more than 442 seconds.
[  595.037985]       Not tainted 6.1.0-rc3-6e8c78d32b5c+ #1
[  595.038328] "echo 0 > /proc/sys/kernel/hung_task_timeout_secs" disables this message.
[  595.038766] task:repro           state:D stack:0     pid:605   ppid:603    flags:0x00004006
[  595.039295] Call Trace:
[  595.039506]  <TASK>
[  595.039843]  __schedule+0x344/0xad0
[  595.040336]  ? wait_for_completion+0x7b/0x180
[  595.040666]  schedule+0x5b/0xe0
[  595.040974]  schedule_timeout+0x554/0x640
[  595.041807]  ? schedule_timeout+0x9/0x640
[  595.042288]  ? wait_for_completion+0x7b/0x180
[  595.042625]  wait_for_completion+0xa6/0x180
[  595.043163]  __wait_rcu_gp+0x136/0x160
[  595.043538]  ? ftrace_kill+0x40/0x40
[  595.043808]  ? ftrace_kill+0x40/0x40
[  595.044125]  synchronize_rcu_tasks_generic.part.24+0x3b/0x60
[  595.044488]  ? call_rcu_tasks_generic+0x320/0x320
[  595.044833]  ? rcu_tasks_pregp_step+0x20/0x20
[  595.045503]  ? verify_cpu+0xa0/0x100
[  595.045889]  synchronize_rcu_tasks_generic+0x2b/0x70
[  595.046292]  synchronize_rcu_tasks+0x19/0x20
[  595.046638]  ftrace_shutdown+0x1d2/0x410
[  595.047144]  unregister_ftrace_function+0x35/0x220
[  595.047598]  ? __sanitizer_cov_trace_switch+0x57/0xa0
[  595.048100]  perf_ftrace_event_register+0x95/0xf0
[  595.048471]  ? perf_tp_event_init+0xa0/0xa0
[  595.048815]  perf_trace_destroy+0x3a/0xa0
[  595.049330]  ? perf_tp_event_init+0xa0/0xa0
[  595.049674]  tp_perf_event_destroy+0x1e/0x30
[  595.050050]  _free_event+0x101/0x7e0
[  595.050488]  put_event+0x3c/0x50
[  595.050836]  perf_event_release_kernel+0x2fd/0x380
[  595.051184]  ? perf_event_release_kernel+0x9/0x380
[  595.051676]  ? perf_event_release_kernel+0x380/0x380
[  595.052103]  perf_release+0x22/0x30
[  595.052438]  __fput+0x11f/0x450
[  595.052959]  ____fput+0x1e/0x30
[  595.053530]  task_work_run+0xb6/0x120
[  595.053994]  do_exit+0x547/0x1360
[  595.054400]  ? write_comp_data+0x2f/0x90
[  595.054896]  do_group_exit+0x5e/0xf0
[  595.055335]  get_signal+0x148f/0x1490
[  595.056068]  arch_do_signal_or_restart+0x3b/0x820
[  595.056706]  ? arch_do_signal_or_restart+0x9/0x820
[  595.057076]  ? lockdep_hardirqs_on+0x8a/0x110
[  595.057776]  exit_to_user_mode_prepare+0x13b/0x210
[  595.058197]  syscall_exit_to_user_mode+0x2d/0x60
[  595.058582]  do_syscall_64+0x4a/0x90
[  595.058922]  entry_SYSCALL_64_after_hwframe+0x63/0xcd
[  595.059281] RIP: 0033:0x7f6620ca759d
[  595.059583] RSP: 002b:00007ffc355ea258 EFLAGS: 00000246 ORIG_RAX: 000000000000012a
[  595.060093] RAX: 0000000000000003 RBX: 0000000000000000 RCX: 00007f6620ca759d
[  595.060530] RDX: 0000000000000000 RSI: 00000000ffffffff RDI: 00000000200004c0
[  595.060969] RBP: 00007ffc355ea270 R08: 0000000000000000 R09: 00007ffc355ea270
[  595.061592] R10: 00000000ffffffff R11: 0000000000000246 R12: 00000000004011e0
[  595.062030] R13: 00007ffc355ea390 R14: 0000000000000000 R15: 0000000000000000
[  595.062981]  </TASK>
[  595.063191] 
[  595.063191] Showing all locks held in the system:
[  595.063588] 1 lock held by rcu_tasks_kthre/11:
[  595.063901]  #0: ffffffff83b63c90 (rcu_tasks.tasks_gp_mutex){+.+.}-{3:3}, at: rcu_tasks_one_gp+0x2d/0x3d0
[  595.064714] 1 lock held by rcu_tasks_rude_/12:
[  595.065031]  #0: ffffffff83b63a10 (rcu_tasks_rude.tasks_gp_mutex){+.+.}-{3:3}, at: rcu_tasks_one_gp+0x2d/0x3d0
[  595.066047] 1 lock held by rcu_tasks_trace/13:
[  595.066360]  #0: ffffffff83b63750 (rcu_tasks_trace.tasks_gp_mutex){+.+.}-{3:3}, at: rcu_tasks_one_gp+0x2d/0x3d0
[  595.067199] 1 lock held by khungtaskd/29:
[  595.067490]  #0: ffffffff83b646a0 (rcu_read_lock){....}-{1:2}, at: debug_show_all_locks+0x27/0x18c
[  595.068286] 2 locks held by repro/605:
[  595.068566]  #0: ffffffff83c21e28 (event_mutex){+.+.}-{3:3}, at: perf_trace_destroy+0x21/0xa0
[  595.069520]  #1: ffffffff83c1e308 (ftrace_lock){+.+.}-{3:3}, at: unregister_ftrace_function+0x2b/0x220
[  595.070325] 1 lock held by repro/608:
[  595.070603] 
[  595.070778] =============================================
[  595.070778] 
[  645.341467] INFO: rcu_tasks detected stalls on tasks:
[  645.341858] 000000003c580c33: .. nvcsw: 1/1 holdout: 1 idle_cpu: -1/1
[  645.342273] task:repro           state:R  running task     stack:0     pid:611   ppid:604    flags:0x00004004
[  645.342955] Call Trace:
[  645.343177]  <TASK>
[  645.343529]  __schedule+0x344/0xad0
[  645.343942]  ? __cond_resched+0x25/0x30
[  645.344367]  preempt_schedule_common+0x11/0x90
[  645.344756]  __cond_resched+0x25/0x30
[  645.345077]  mousedev_write+0xd2/0x3d0
[  645.345883]  vfs_write+0x1b6/0x780
[  645.346191]  ? mousedev_fasync+0x40/0x40
[  645.346669]  ? vfs_write+0x9/0x780
[  645.346974]  ? write_comp_data+0x2f/0x90
[  645.347472]  ksys_write+0x153/0x170
[  645.347954]  __x64_sys_write+0x27/0x30
[  645.348302]  do_syscall_64+0x3b/0x90
[  645.348643]  entry_SYSCALL_64_after_hwframe+0x63/0xcd
[  645.349006] RIP: 0033:0x7f6620ca759d
[  645.349496] RSP: 002b:00007ffc355ea258 EFLAGS: 00000246 ORIG_RAX: 0000000000000001
[  645.350006] RAX: ffffffffffffffda RBX: 0000000000000000 RCX: 00007f6620ca759d
[  645.350445] RDX: 00000000fffffdef RSI: 0000000020000040 RDI: 0000000000000004
[  645.350882] RBP: 00007ffc355ea270 R08: 00007ffc355ea270 R09: 00007ffc355ea270
[  645.351322] R10: 000000000000001f R11: 0000000000000246 R12: 00000000004011e0
[  645.351761] R13: 00007ffc355ea390 R14: 0000000000000000 R15: 0000000000000000
[  645.352726]  </TASK>
[  645.369402] 000000003f568001: .. nvcsw: 1/1 holdout: 1 idle_cpu: -1/1
[  645.369819] task:repro           state:R  running task     stack:0     pid:610   ppid:600    flags:0x00004004
[  645.370501] Call Trace:
[  645.370720]  <TASK>
[  645.371070]  __schedule+0x344/0xad0
[  645.371483]  ? __cond_resched+0x25/0x30
[  645.371911]  preempt_schedule_common+0x11/0x90
[  645.372296]  __cond_resched+0x25/0x30
[  645.372618]  mousedev_write+0xd2/0x3d0
[  645.373142]  vfs_write+0x1b6/0x780
[  645.373810]  ? mousedev_fasync+0x40/0x40
[  645.374290]  ? vfs_write+0x9/0x780
[  645.374597]  ? write_comp_data+0x2f/0x90
[  645.375097]  ksys_write+0x153/0x170
[  645.375583]  __x64_sys_write+0x27/0x30
[  645.375931]  do_syscall_64+0x3b/0x90
[  645.376272]  entry_SYSCALL_64_after_hwframe+0x63/0xcd
[  645.376637] RIP: 0033:0x7f6620ca759d
[  645.376949] RSP: 002b:00007ffc355ea258 EFLAGS: 00000246 ORIG_RAX: 0000000000000001
[  645.377847] RAX: ffffffffffffffda RBX: 0000000000000000 RCX: 00007f6620ca759d
[  645.378288] RDX: 00000000fffffdef RSI: 0000000020000040 RDI: 0000000000000004
[  645.378727] RBP: 00007ffc355ea270 R08: 00007ffc355ea270 R09: 00007ffc355ea270
[  645.379167] R10: 000000000000001f R11: 0000000000000246 R12: 00000000004011e0
[  645.379607] R13: 00007ffc355ea390 R14: 0000000000000000 R15: 0000000000000000
[  645.380554]  </TASK>
[  645.413407] 00000000e4cb4319: .. nvcsw: 1/1 holdout: 1 idle_cpu: -1/0
[  645.413804] task:repro           state:R  running task     stack:0     pid:609   ppid:597    flags:0x00004004
[  645.414472] Call Trace:
[  645.414689]  <TASK>
[  645.415034]  __schedule+0x344/0xad0
[  645.415439]  ? __cond_resched+0x25/0x30
[  645.415857]  preempt_schedule_common+0x11/0x90
[  645.416238]  __cond_resched+0x25/0x30
[  645.416555]  mousedev_write+0xd2/0x3d0
[  645.417077]  vfs_write+0x1b6/0x780
[  645.417668]  ? mousedev_fasync+0x40/0x40
[  645.418140]  ? vfs_write+0x9/0x780
[  645.418441]  ? write_comp_data+0x2f/0x90
[  645.418930]  ksys_write+0x153/0x170
[  645.419404]  __x64_sys_write+0x27/0x30
[  645.419746]  do_syscall_64+0x3b/0x90
[  645.420081]  entry_SYSCALL_64_after_hwframe+0x63/0xcd
[  645.420435] RIP: 0033:0x7f6620ca759d
[  645.420732] RSP: 002b:00007ffc355ea258 EFLAGS: 00000246 ORIG_RAX: 0000000000000001
[  645.421428] RAX: ffffffffffffffda RBX: 0000000000000000 RCX: 00007f6620ca759d
[  645.421867] RDX: 00000000fffffdef RSI: 0000000020000040 RDI: 0000000000000004
[  645.422307] RBP: 00007ffc355ea270 R08: 00007ffc355ea270 R09: 00007ffc355ea270
[  645.422750] R10: 000000000000001f R11: 0000000000000246 R12: 00000000004011e0
[  645.423191] R13: 00007ffc355ea390 R14: 0000000000000000 R15: 0000000000000000
[  645.424147]  </TASK>
[  645.461429] 000000006badf7fe: .. nvcsw: 1/1 holdout: 1 idle_cpu: -1/1
[  645.461837] task:repro           state:R  running task     stack:0     pid:608   ppid:599    flags:0x00004004
[  645.462512] Call Trace:
[  645.462731]  <TASK>
[  645.463076]  __schedule+0x344/0xad0
[  645.463481]  ? __cond_resched+0x25/0x30
[  645.463896]  preempt_schedule_common+0x11/0x90
[  645.464273]  __cond_resched+0x25/0x30
[  645.464588]  mousedev_write+0xd2/0x3d0
[  645.465111]  vfs_write+0x1b6/0x780
[  645.465591]  ? mousedev_fasync+0x40/0x40
[  645.466060]  ? vfs_write+0x9/0x780
[  645.466360]  ? write_comp_data+0x2f/0x90
[  645.466849]  ksys_write+0x153/0x170
[  645.467324]  __x64_sys_write+0x27/0x30
[  645.467669]  do_syscall_64+0x3b/0x90
[  645.468005]  entry_SYSCALL_64_after_hwframe+0x63/0xcd
[  645.468359] RIP: 0033:0x7f6620ca759d
[  645.468657] RSP: 002b:00007ffc355ea258 EFLAGS: 00000246 ORIG_RAX: 0000000000000001
[  645.469344] RAX: ffffffffffffffda RBX: 0000000000000000 RCX: 00007f6620ca759d
[  645.469784] RDX: 00000000fffffdef RSI: 0000000020000040 RDI: 0000000000000004
[  645.470225] RBP: 00007ffc355ea270 R08: 00007ffc355ea270 R09: 00007ffc355ea270
[  645.470665] R10: 000000000000001f R11: 0000000000000246 R12: 00000000004011e0
[  645.471107] R13: 00007ffc355ea390 R14: 0000000000000000 R15: 0000000000000000
[  645.472059]  </TASK>
[  645.517342] 00000000a6881319: .. nvcsw: 1/1 holdout: 1 idle_cpu: -1/0
[  645.517796] task:repro           state:R  running task     stack:0     pid:607   ppid:601    flags:0x00004004
[  645.518466] Call Trace:
[  645.518683]  <TASK>
[  645.519027]  __schedule+0x344/0xad0
[  645.519432]  ? __cond_resched+0x25/0x30
[  645.519849]  preempt_schedule_common+0x11/0x90
[  645.520227]  __cond_resched+0x25/0x30
[  645.520543]  mousedev_write+0xd2/0x3d0
[  645.521063]  vfs_write+0x1b6/0x780
[  645.521551]  ? mousedev_fasync+0x40/0x40
[  645.522023]  ? vfs_write+0x9/0x780
[  645.522324]  ? write_comp_data+0x2f/0x90
[  645.522813]  ksys_write+0x153/0x170
[  645.523289]  __x64_sys_write+0x27/0x30
[  645.523629]  do_syscall_64+0x3b/0x90
[  645.523964]  entry_SYSCALL_64_after_hwframe+0x63/0xcd
[  645.524318] RIP: 0033:0x7f6620ca759d
[  645.524615] RSP: 002b:00007ffc355ea258 EFLAGS: 00000246 ORIG_RAX: 0000000000000001
[  645.525126] RAX: ffffffffffffffda RBX: 0000000000000000 RCX: 00007f6620ca759d
[  645.525741] RDX: 00000000fffffdef RSI: 0000000020000040 RDI: 0000000000000004
[  645.526181] RBP: 00007ffc355ea270 R08: 00007ffc355ea270 R09: 00007ffc355ea270
[  645.526622] R10: 000000000000001f R11: 0000000000000246 R12: 00000000004011e0
[  645.527061] R13: 00007ffc355ea390 R14: 0000000000000000 R15: 0000000000000000
[  645.528019]  </TASK>
[  645.565363] 00000000e75adc5f: .. nvcsw: 1/1 holdout: 1 idle_cpu: -1/1
[  645.565809] task:repro           state:R  running task     stack:0     pid:606   ppid:602    flags:0x00004004
[  645.566478] Call Trace:
[  645.566696]  <TASK>
[  645.567039]  __schedule+0x344/0xad0
[  645.567444]  ? __cond_resched+0x25/0x30
[  645.567863]  preempt_schedule_common+0x11/0x90
[  645.568240]  __cond_resched+0x25/0x30
[  645.568556]  mousedev_write+0xd2/0x3d0
[  645.569077]  vfs_write+0x1b6/0x780
[  645.569573]  ? mousedev_fasync+0x40/0x40
[  645.570051]  ? vfs_write+0x9/0x780
[  645.570360]  ? write_comp_data+0x2f/0x90
[  645.570853]  ksys_write+0x153/0x170
[  645.571327]  __x64_sys_write+0x27/0x30
[  645.571668]  do_syscall_64+0x3b/0x90
[  645.572003]  entry_SYSCALL_64_after_hwframe+0x63/0xcd
[  645.572357] RIP: 0033:0x7f6620ca759d
[  645.572654] RSP: 002b:00007ffc355ea258 EFLAGS: 00000246 ORIG_RAX: 0000000000000001
[  645.573356] RAX: ffffffffffffffda RBX: 0000000000000000 RCX: 00007f6620ca759d
[  645.573787] RDX: 00000000fffffdef RSI: 0000000020000040 RDI: 0000000000000004
[  645.574219] RBP: 00007ffc355ea270 R08: 00007ffc355ea270 R09: 00007ffc355ea270
[  645.574650] R10: 000000000000001f R11: 0000000000000246 R12: 00000000004011e0
[  645.575080] R13: 00007ffc355ea390 R14: 0000000000000000 R15: 0000000000000000
[  645.576009]  </TASK>
[  645.621346] 0000000034d46ed0: .. nvcsw: 0/0 holdout: 1 idle_cpu: -1/0
[  645.621792] task:repro           state:R  running task     stack:0     pid:598   ppid:596    flags:0x00004004
[  645.622464] Call Trace:
[  645.622682]  <TASK>
[  645.623030]  __schedule+0x344/0xad0
[  645.623435]  ? __cond_resched+0x25/0x30
[  645.623853]  preempt_schedule_common+0x11/0x90
[  645.624230]  __cond_resched+0x25/0x30
[  645.624546]  mousedev_write+0xd2/0x3d0
[  645.625067]  vfs_write+0x1b6/0x780
[  645.625560]  ? mousedev_fasync+0x40/0x40
[  645.626038]  ? vfs_write+0x9/0x780
[  645.626345]  ? write_comp_data+0x2f/0x90
[  645.626844]  ksys_write+0x153/0x170
[  645.627333]  __x64_sys_write+0x27/0x30
[  645.627683]  do_syscall_64+0x3b/0x90
[  645.628027]  entry_SYSCALL_64_after_hwframe+0x63/0xcd
[  645.628389] RIP: 0033:0x7f6620ca759d
[  645.628692] RSP: 002b:00007ffc355ea258 EFLAGS: 00000246 ORIG_RAX: 0000000000000001
[  645.629384] RAX: ffffffffffffffda RBX: 0000000000000000 RCX: 00007f6620ca759d
[  645.629821] RDX: 00000000fffffdef RSI: 0000000020000040 RDI: 0000000000000004
[  645.630255] RBP: 00007ffc355ea270 R08: 00007ffc355ea270 R09: 00007ffc355ea270
[  645.630694] R10: 000000000000001f R11: 0000000000000246 R12: 00000000004011e0
[  645.631125] R13: 00007ffc355ea390 R14: 0000000000000000 R15: 0000000000000000
[  645.632060]  </TASK>
[  742.493574] INFO: task repro:605 blocked for more than 589 seconds.
[  742.494016]       Not tainted 6.1.0-rc3-6e8c78d32b5c+ #1
[  742.494407] "echo 0 > /proc/sys/kernel/hung_task_timeout_secs" disables this message.
[  742.494878] task:repro           state:D stack:0     pid:605   ppid:603    flags:0x00004006
[  742.495435] Call Trace:
[  742.495657]  <TASK>
[  742.496008]  __schedule+0x344/0xad0
[  742.496521]  ? wait_for_completion+0x7b/0x180
[  742.496872]  schedule+0x5b/0xe0
[  742.497468]  schedule_timeout+0x554/0x640
[  742.498046]  ? schedule_timeout+0x9/0x640
[  742.498551]  ? wait_for_completion+0x7b/0x180
[  742.498899]  wait_for_completion+0xa6/0x180
[  742.499459]  __wait_rcu_gp+0x136/0x160
[  742.499837]  ? ftrace_kill+0x40/0x40
[  742.500125]  ? ftrace_kill+0x40/0x40
[  742.500462]  synchronize_rcu_tasks_generic.part.24+0x3b/0x60
[  742.500856]  ? call_rcu_tasks_generic+0x320/0x320
[  742.501406]  ? rcu_tasks_pregp_step+0x20/0x20
[  742.501934]  ? verify_cpu+0xa0/0x100
[  742.502322]  synchronize_rcu_tasks_generic+0x2b/0x70
[  742.502725]  synchronize_rcu_tasks+0x19/0x20
[  742.503072]  ftrace_shutdown+0x1d2/0x410
[  742.503579]  unregister_ftrace_function+0x35/0x220
[  742.504005]  ? __sanitizer_cov_trace_switch+0x57/0xa0
[  742.504510]  perf_ftrace_event_register+0x95/0xf0
[  742.504884]  ? perf_tp_event_init+0xa0/0xa0
[  742.505408]  perf_trace_destroy+0x3a/0xa0
[  742.505743]  ? perf_tp_event_init+0xa0/0xa0
[  742.506086]  tp_perf_event_destroy+0x1e/0x30
[  742.506463]  _free_event+0x101/0x7e0
[  742.506901]  put_event+0x3c/0x50
[  742.507250]  perf_event_release_kernel+0x2fd/0x380
[  742.507598]  ? perf_event_release_kernel+0x9/0x380
[  742.508090]  ? perf_event_release_kernel+0x380/0x380
[  742.508518]  perf_release+0x22/0x30
[  742.508858]  __fput+0x11f/0x450
[  742.509553]  ____fput+0x1e/0x30
[  742.509877]  task_work_run+0xb6/0x120
[  742.510344]  do_exit+0x547/0x1360
[  742.510749]  ? write_comp_data+0x2f/0x90
[  742.511248]  do_group_exit+0x5e/0xf0
[  742.511691]  get_signal+0x148f/0x1490
[  742.512424]  arch_do_signal_or_restart+0x3b/0x820
[  742.513051]  ? arch_do_signal_or_restart+0x9/0x820
[  742.513608]  ? lockdep_hardirqs_on+0x8a/0x110
[  742.514126]  exit_to_user_mode_prepare+0x13b/0x210
[  742.514552]  syscall_exit_to_user_mode+0x2d/0x60
[  742.514942]  do_syscall_64+0x4a/0x90
[  742.515283]  entry_SYSCALL_64_after_hwframe+0x63/0xcd
[  742.515644] RIP: 0033:0x7f6620ca759d
[  742.515946] RSP: 002b:00007ffc355ea258 EFLAGS: 00000246 ORIG_RAX: 000000000000012a
[  742.516457] RAX: 0000000000000003 RBX: 0000000000000000 RCX: 00007f6620ca759d
[  742.516898] RDX: 0000000000000000 RSI: 00000000ffffffff RDI: 00000000200004c0
[  742.517526] RBP: 00007ffc355ea270 R08: 0000000000000000 R09: 00007ffc355ea270
[  742.517965] R10: 00000000ffffffff R11: 0000000000000246 R12: 00000000004011e0
[  742.518405] R13: 00007ffc355ea390 R14: 0000000000000000 R15: 0000000000000000
[  742.519360]  </TASK>
[  742.519571] 
[  742.519571] Showing all locks held in the system:
[  742.519967] 1 lock held by rcu_tasks_kthre/11:
[  742.520282]  #0: ffffffff83b63c90 (rcu_tasks.tasks_gp_mutex){+.+.}-{3:3}, at: rcu_tasks_one_gp+0x2d/0x3d0
[  742.521099] 1 lock held by rcu_tasks_rude_/12:
[  742.521602]  #0: ffffffff83b63a10 (rcu_tasks_rude.tasks_gp_mutex){+.+.}-{3:3}, at: rcu_tasks_one_gp+0x2d/0x3d0
[  742.522436] 1 lock held by rcu_tasks_trace/13:
[  742.522750]  #0: ffffffff83b63750 (rcu_tasks_trace.tasks_gp_mutex){+.+.}-{3:3}, at: rcu_tasks_one_gp+0x2d/0x3d0
[  742.523591] 1 lock held by khungtaskd/29:
[  742.523883]  #0: ffffffff83b646a0 (rcu_read_lock){....}-{1:2}, at: debug_show_all_locks+0x27/0x18c
[  742.524703] 2 locks held by repro/605:
[  742.524987]  #0: ffffffff83c21e28 (event_mutex){+.+.}-{3:3}, at: perf_trace_destroy+0x21/0xa0
[  742.525937]  #1: ffffffff83c1e308 (ftrace_lock){+.+.}-{3:3}, at: unregister_ftrace_function+0x2b/0x220
[  742.526749] 
[  742.526924] =============================================
[  742.526924] 
[  889.949608] INFO: task repro:605 blocked for more than 737 seconds.
[  889.950056]       Not tainted 6.1.0-rc3-6e8c78d32b5c+ #1
[  889.950412] "echo 0 > /proc/sys/kernel/hung_task_timeout_secs" disables this message.
[  889.950879] task:repro           state:D stack:0     pid:605   ppid:603    flags:0x00004006
[  889.951434] Call Trace:
[  889.951655]  <TASK>
[  889.952006]  __schedule+0x344/0xad0
[  889.952518]  ? wait_for_completion+0x7b/0x180
[  889.952872]  schedule+0x5b/0xe0
[  889.953489]  schedule_timeout+0x554/0x640
[  889.954067]  ? schedule_timeout+0x9/0x640
[  889.954567]  ? wait_for_completion+0x7b/0x180
[  889.954914]  wait_for_completion+0xa6/0x180
[  889.955474]  __wait_rcu_gp+0x136/0x160
[  889.955853]  ? ftrace_kill+0x40/0x40
[  889.956140]  ? ftrace_kill+0x40/0x40
[  889.956476]  synchronize_rcu_tasks_generic.part.24+0x3b/0x60
[  889.956867]  ? call_rcu_tasks_generic+0x320/0x320
[  889.957415]  ? rcu_tasks_pregp_step+0x20/0x20
[  889.957941]  ? verify_cpu+0xa0/0x100
[  889.958330]  synchronize_rcu_tasks_generic+0x2b/0x70
[  889.958733]  synchronize_rcu_tasks+0x19/0x20
[  889.959080]  ftrace_shutdown+0x1d2/0x410
[  889.959586]  unregister_ftrace_function+0x35/0x220
[  889.960011]  ? __sanitizer_cov_trace_switch+0x57/0xa0
[  889.960513]  perf_ftrace_event_register+0x95/0xf0
[  889.960886]  ? perf_tp_event_init+0xa0/0xa0
[  889.961412]  perf_trace_destroy+0x3a/0xa0
[  889.961745]  ? perf_tp_event_init+0xa0/0xa0
[  889.962087]  tp_perf_event_destroy+0x1e/0x30
[  889.962463]  _free_event+0x101/0x7e0
[  889.962901]  put_event+0x3c/0x50
[  889.963251]  perf_event_release_kernel+0x2fd/0x380
[  889.963598]  ? perf_event_release_kernel+0x9/0x380
[  889.964090]  ? perf_event_release_kernel+0x380/0x380
[  889.964518]  perf_release+0x22/0x30
[  889.964856]  __fput+0x11f/0x450
[  889.965557]  ____fput+0x1e/0x30
[  889.965881]  task_work_run+0xb6/0x120
[  889.966349]  do_exit+0x547/0x1360
[  889.966753]  ? write_comp_data+0x2f/0x90
[  889.967252]  do_group_exit+0x5e/0xf0
[  889.967694]  get_signal+0x148f/0x1490
[  889.968429]  arch_do_signal_or_restart+0x3b/0x820
[  889.969056]  ? arch_do_signal_or_restart+0x9/0x820
[  889.969667]  ? lockdep_hardirqs_on+0x8a/0x110
[  889.970183]  exit_to_user_mode_prepare+0x13b/0x210
[  889.970607]  syscall_exit_to_user_mode+0x2d/0x60
[  889.970994]  do_syscall_64+0x4a/0x90
[  889.971336]  entry_SYSCALL_64_after_hwframe+0x63/0xcd
[  889.971697] RIP: 0033:0x7f6620ca759d
[  889.972000] RSP: 002b:00007ffc355ea258 EFLAGS: 00000246 ORIG_RAX: 000000000000012a
[  889.972509] RAX: 0000000000000003 RBX: 0000000000000000 RCX: 00007f6620ca759d
[  889.972951] RDX: 0000000000000000 RSI: 00000000ffffffff RDI: 00000000200004c0
[  889.973577] RBP: 00007ffc355ea270 R08: 0000000000000000 R09: 00007ffc355ea270
[  889.974015] R10: 00000000ffffffff R11: 0000000000000246 R12: 00000000004011e0
[  889.974454] R13: 00007ffc355ea390 R14: 0000000000000000 R15: 0000000000000000
[  889.975407]  </TASK>
[  889.975617] 
[  889.975617] Showing all locks held in the system:
[  889.976013] 1 lock held by rcu_tasks_kthre/11:
[  889.976326]  #0: ffffffff83b63c90 (rcu_tasks.tasks_gp_mutex){+.+.}-{3:3}, at: rcu_tasks_one_gp+0x2d/0x3d0
[  889.977326] 1 lock held by rcu_tasks_rude_/12:
[  889.977640]  #0: ffffffff83b63a10 (rcu_tasks_rude.tasks_gp_mutex){+.+.}-{3:3}, at: rcu_tasks_one_gp+0x2d/0x3d0
[  889.978479] 1 lock held by rcu_tasks_trace/13:
[  889.978793]  #0: ffffffff83b63750 (rcu_tasks_trace.tasks_gp_mutex){+.+.}-{3:3}, at: rcu_tasks_one_gp+0x2d/0x3d0
[  889.979635] 1 lock held by khungtaskd/29:
[  889.979927]  #0: ffffffff83b646a0 (rcu_read_lock){....}-{1:2}, at: debug_show_all_locks+0x27/0x18c
[  889.980720] 2 locks held by repro/605:
[  889.981005]  #0: ffffffff83c21e28 (event_mutex){+.+.}-{3:3}, at: perf_trace_destroy+0x21/0xa0
[  889.981955]  #1: ffffffff83c1e308 (ftrace_lock){+.+.}-{3:3}, at: unregister_ftrace_function+0x2b/0x220
[  889.982768] 
[  889.982943] =============================================
[  889.982943] 
[ 1037.405516] INFO: task repro:605 blocked for more than 884 seconds.
[ 1037.405957]       Not tainted 6.1.0-rc3-6e8c78d32b5c+ #1
[ 1037.406320] "echo 0 > /proc/sys/kernel/hung_task_timeout_secs" disables this message.
[ 1037.406792] task:repro           state:D stack:0     pid:605   ppid:603    flags:0x00004006
[ 1037.407365] Call Trace:
[ 1037.407587]  <TASK>
[ 1037.407939]  __schedule+0x344/0xad0
[ 1037.408450]  ? wait_for_completion+0x7b/0x180
[ 1037.408804]  schedule+0x5b/0xe0
[ 1037.409126]  schedule_timeout+0x554/0x640
[ 1037.410021]  ? schedule_timeout+0x9/0x640
[ 1037.410524]  ? wait_for_completion+0x7b/0x180
[ 1037.410872]  wait_for_completion+0xa6/0x180
[ 1037.411433]  __wait_rcu_gp+0x136/0x160
[ 1037.411810]  ? ftrace_kill+0x40/0x40
[ 1037.412097]  ? ftrace_kill+0x40/0x40
[ 1037.412435]  synchronize_rcu_tasks_generic.part.24+0x3b/0x60
[ 1037.412825]  ? call_rcu_tasks_generic+0x320/0x320
[ 1037.413369]  ? rcu_tasks_pregp_step+0x20/0x20
[ 1037.413896]  ? verify_cpu+0xa0/0x100
[ 1037.414286]  synchronize_rcu_tasks_generic+0x2b/0x70
[ 1037.414687]  synchronize_rcu_tasks+0x19/0x20
[ 1037.415034]  ftrace_shutdown+0x1d2/0x410
[ 1037.415542]  unregister_ftrace_function+0x35/0x220
[ 1037.415967]  ? __sanitizer_cov_trace_switch+0x57/0xa0
[ 1037.416485]  perf_ftrace_event_register+0x95/0xf0
[ 1037.416859]  ? perf_tp_event_init+0xa0/0xa0
[ 1037.417380]  perf_trace_destroy+0x3a/0xa0
[ 1037.417741]  ? perf_tp_event_init+0xa0/0xa0
[ 1037.418081]  tp_perf_event_destroy+0x1e/0x30
[ 1037.418456]  _free_event+0x101/0x7e0
[ 1037.418894]  put_event+0x3c/0x50
[ 1037.419243]  perf_event_release_kernel+0x2fd/0x380
[ 1037.419591]  ? perf_event_release_kernel+0x9/0x380
[ 1037.420083]  ? perf_event_release_kernel+0x380/0x380
[ 1037.420527]  perf_release+0x22/0x30
[ 1037.420866]  __fput+0x11f/0x450
[ 1037.421565]  ____fput+0x1e/0x30
[ 1037.421890]  task_work_run+0xb6/0x120
[ 1037.422358]  do_exit+0x547/0x1360
[ 1037.422762]  ? write_comp_data+0x2f/0x90
[ 1037.423263]  do_group_exit+0x5e/0xf0
[ 1037.423704]  get_signal+0x148f/0x1490
[ 1037.424438]  arch_do_signal_or_restart+0x3b/0x820
[ 1037.425063]  ? arch_do_signal_or_restart+0x9/0x820
[ 1037.425609]  ? lockdep_hardirqs_on+0x8a/0x110
[ 1037.426128]  exit_to_user_mode_prepare+0x13b/0x210
[ 1037.426567]  syscall_exit_to_user_mode+0x2d/0x60
[ 1037.426954]  do_syscall_64+0x4a/0x90
[ 1037.427295]  entry_SYSCALL_64_after_hwframe+0x63/0xcd
[ 1037.427655] RIP: 0033:0x7f6620ca759d
[ 1037.427958] RSP: 002b:00007ffc355ea258 EFLAGS: 00000246 ORIG_RAX: 000000000000012a
[ 1037.428467] RAX: 0000000000000003 RBX: 0000000000000000 RCX: 00007f6620ca759d
[ 1037.428911] RDX: 0000000000000000 RSI: 00000000ffffffff RDI: 00000000200004c0
[ 1037.429533] RBP: 00007ffc355ea270 R08: 0000000000000000 R09: 00007ffc355ea270
[ 1037.429969] R10: 00000000ffffffff R11: 0000000000000246 R12: 00000000004011e0
[ 1037.430406] R13: 00007ffc355ea390 R14: 0000000000000000 R15: 0000000000000000
[ 1037.431355]  </TASK>
[ 1037.431565] 
[ 1037.431565] Showing all locks held in the system:
[ 1037.431958] 1 lock held by rcu_tasks_kthre/11:
[ 1037.432271]  #0: ffffffff83b63c90 (rcu_tasks.tasks_gp_mutex){+.+.}-{3:3}, at: rcu_tasks_one_gp+0x2d/0x3d0
[ 1037.433103] 1 lock held by rcu_tasks_rude_/12:
[ 1037.433667]  #0: ffffffff83b63a10 (rcu_tasks_rude.tasks_gp_mutex){+.+.}-{3:3}, at: rcu_tasks_one_gp+0x2d/0x3d0
[ 1037.434497] 1 lock held by rcu_tasks_trace/13:
[ 1037.434809]  #0: ffffffff83b63750 (rcu_tasks_trace.tasks_gp_mutex){+.+.}-{3:3}, at: rcu_tasks_one_gp+0x2d/0x3d0
[ 1037.435670] 1 lock held by khungtaskd/29:
[ 1037.435961]  #0: ffffffff83b646a0 (rcu_read_lock){....}-{1:2}, at: debug_show_all_locks+0x27/0x18c
[ 1037.436781] 2 locks held by repro/605:
[ 1037.437058]  #0: ffffffff83c21e28 (event_mutex){+.+.}-{3:3}, at: perf_trace_destroy+0x21/0xa0
[ 1037.438002]  #1: ffffffff83c1e308 (ftrace_lock){+.+.}-{3:3}, at: unregister_ftrace_function+0x2b/0x220
[ 1037.438810] 1 lock held by repro/608:
[ 1037.439090] 
[ 1037.439263] =============================================
[ 1037.439263] 
[ 1184.861493] INFO: task repro:605 blocked for more than 1032 seconds.
[ 1184.861945]       Not tainted 6.1.0-rc3-6e8c78d32b5c+ #1
[ 1184.862328] "echo 0 > /proc/sys/kernel/hung_task_timeout_secs" disables this message.
[ 1184.862798] task:repro           state:D stack:0     pid:605   ppid:603    flags:0x00004006
[ 1184.863353] Call Trace:
[ 1184.863577]  <TASK>
[ 1184.863929]  __schedule+0x344/0xad0
[ 1184.864442]  ? wait_for_completion+0x7b/0x180
[ 1184.864798]  schedule+0x5b/0xe0
[ 1184.865119]  schedule_timeout+0x554/0x640
[ 1184.865972]  ? schedule_timeout+0x9/0x640
[ 1184.866475]  ? wait_for_completion+0x7b/0x180
[ 1184.866825]  wait_for_completion+0xa6/0x180
[ 1184.867383]  __wait_rcu_gp+0x136/0x160
[ 1184.867758]  ? ftrace_kill+0x40/0x40
[ 1184.868045]  ? ftrace_kill+0x40/0x40
[ 1184.868380]  synchronize_rcu_tasks_generic.part.24+0x3b/0x60
[ 1184.868771]  ? call_rcu_tasks_generic+0x320/0x320
[ 1184.869134]  ? rcu_tasks_pregp_step+0x20/0x20
[ 1184.869841]  ? verify_cpu+0xa0/0x100
[ 1184.870230]  synchronize_rcu_tasks_generic+0x2b/0x70
[ 1184.870633]  synchronize_rcu_tasks+0x19/0x20
[ 1184.870980]  ftrace_shutdown+0x1d2/0x410
[ 1184.871486]  unregister_ftrace_function+0x35/0x220
[ 1184.871910]  ? __sanitizer_cov_trace_switch+0x57/0xa0
[ 1184.872417]  perf_ftrace_event_register+0x95/0xf0
[ 1184.872788]  ? perf_tp_event_init+0xa0/0xa0
[ 1184.873129]  perf_trace_destroy+0x3a/0xa0
[ 1184.873710]  ? perf_tp_event_init+0xa0/0xa0
[ 1184.874051]  tp_perf_event_destroy+0x1e/0x30
[ 1184.874426]  _free_event+0x101/0x7e0
[ 1184.874864]  put_event+0x3c/0x50
[ 1184.875213]  perf_event_release_kernel+0x2fd/0x380
[ 1184.875561]  ? perf_event_release_kernel+0x9/0x380
[ 1184.876055]  ? perf_event_release_kernel+0x380/0x380
[ 1184.876483]  perf_release+0x22/0x30
[ 1184.876820]  __fput+0x11f/0x450
[ 1184.877510]  ____fput+0x1e/0x30
[ 1184.877836]  task_work_run+0xb6/0x120
[ 1184.878303]  do_exit+0x547/0x1360
[ 1184.878707]  ? write_comp_data+0x2f/0x90
[ 1184.879205]  do_group_exit+0x5e/0xf0
[ 1184.879647]  get_signal+0x148f/0x1490
[ 1184.880383]  arch_do_signal_or_restart+0x3b/0x820
[ 1184.881009]  ? arch_do_signal_or_restart+0x9/0x820
[ 1184.881561]  ? lockdep_hardirqs_on+0x8a/0x110
[ 1184.882080]  exit_to_user_mode_prepare+0x13b/0x210
[ 1184.882505]  syscall_exit_to_user_mode+0x2d/0x60
[ 1184.882892]  do_syscall_64+0x4a/0x90
[ 1184.883233]  entry_SYSCALL_64_after_hwframe+0x63/0xcd
[ 1184.883593] RIP: 0033:0x7f6620ca759d
[ 1184.883896] RSP: 002b:00007ffc355ea258 EFLAGS: 00000246 ORIG_RAX: 000000000000012a
[ 1184.884405] RAX: 0000000000000003 RBX: 0000000000000000 RCX: 00007f6620ca759d
[ 1184.884846] RDX: 0000000000000000 RSI: 00000000ffffffff RDI: 00000000200004c0
[ 1184.885469] RBP: 00007ffc355ea270 R08: 0000000000000000 R09: 00007ffc355ea270
[ 1184.885907] R10: 00000000ffffffff R11: 0000000000000246 R12: 00000000004011e0
[ 1184.886347] R13: 00007ffc355ea390 R14: 0000000000000000 R15: 0000000000000000
[ 1184.887301]  </TASK>
[ 1184.887513] 
[ 1184.887513] Showing all locks held in the system:
[ 1184.887909] 1 lock held by rcu_tasks_kthre/11:
[ 1184.888226]  #0: ffffffff83b63c90 (rcu_tasks.tasks_gp_mutex){+.+.}-{3:3}, at: rcu_tasks_one_gp+0x2d/0x3d0
[ 1184.889346] 1 lock held by rcu_tasks_rude_/12:
[ 1184.889658]  #0: ffffffff83b63a10 (rcu_tasks_rude.tasks_gp_mutex){+.+.}-{3:3}, at: rcu_tasks_one_gp+0x2d/0x3d0
[ 1184.890495] 1 lock held by rcu_tasks_trace/13:
[ 1184.890809]  #0: ffffffff83b63750 (rcu_tasks_trace.tasks_gp_mutex){+.+.}-{3:3}, at: rcu_tasks_one_gp+0x2d/0x3d0
[ 1184.891648] 1 lock held by khungtaskd/29:
[ 1184.891939]  #0: ffffffff83b646a0 (rcu_read_lock){....}-{1:2}, at: debug_show_all_locks+0x27/0x18c
[ 1184.892739] 2 locks held by repro/605:
[ 1184.893020]  #0: ffffffff83c21e28 (event_mutex){+.+.}-{3:3}, at: perf_trace_destroy+0x21/0xa0
[ 1184.894908]  #1: ffffffff83c1e308 (ftrace_lock){+.+.}-{3:3}, at: unregister_ftrace_function+0x2b/0x220
[ 1184.895715] 2 locks held by repro/607:
[ 1184.895999] 
[ 1184.896173] =============================================
[ 1184.896173] 
[ 1245.725578] INFO: rcu_tasks detected stalls on tasks:
[ 1245.726050] 000000003c580c33: .. nvcsw: 1/1 holdout: 1 idle_cpu: -1/0
[ 1245.726603] task:repro           state:R  running task     stack:0     pid:611   ppid:604    flags:0x00004004
[ 1245.727508] Call Trace:
[ 1245.727783]  <TASK>
[ 1245.728192]  __schedule+0x344/0xad0
[ 1245.728708]  ? __cond_resched+0x25/0x30
[ 1245.729533]  preempt_schedule_common+0x11/0x90
[ 1245.730028]  __cond_resched+0x25/0x30
[ 1245.730441]  mousedev_write+0xd2/0x3d0
[ 1245.731062]  vfs_write+0x1b6/0x780
[ 1245.731446]  ? mousedev_fasync+0x40/0x40
[ 1245.732014]  ? vfs_write+0x9/0x780
[ 1245.732405]  ? write_comp_data+0x2f/0x90
[ 1245.732997]  ksys_write+0x153/0x170
[ 1245.733808]  __x64_sys_write+0x27/0x30
[ 1245.734249]  do_syscall_64+0x3b/0x90
[ 1245.734686]  entry_SYSCALL_64_after_hwframe+0x63/0xcd
[ 1245.735155] RIP: 0033:0x7f6620ca759d
[ 1245.735537] RSP: 002b:00007ffc355ea258 EFLAGS: 00000246 ORIG_RAX: 0000000000000001
[ 1245.736204] RAX: ffffffffffffffda RBX: 0000000000000000 RCX: 00007f6620ca759d
[ 1245.736798] RDX: 00000000fffffdef RSI: 0000000020000040 RDI: 0000000000000004
[ 1245.737610] RBP: 00007ffc355ea270 R08: 00007ffc355ea270 R09: 00007ffc355ea270
[ 1245.738206] R10: 000000000000001f R11: 0000000000000246 R12: 00000000004011e0
[ 1245.738949] R13: 00007ffc355ea390 R14: 0000000000000000 R15: 0000000000000000
[ 1245.740093]  </TASK>
[ 1245.765381] 000000003f568001: .. nvcsw: 1/1 holdout: 1 idle_cpu: -1/1
[ 1245.765978] task:repro           state:R  running task     stack:0     pid:610   ppid:600    flags:0x00004004
[ 1245.766890] Call Trace:
[ 1245.767170]  <TASK>
[ 1245.767586]  __schedule+0x344/0xad0
[ 1245.768038]  ? __cond_resched+0x25/0x30
[ 1245.768509]  preempt_schedule_common+0x11/0x90
[ 1245.768928]  __cond_resched+0x25/0x30
[ 1245.769494]  mousedev_write+0xd2/0x3d0
[ 1245.770070]  vfs_write+0x1b6/0x780
[ 1245.770425]  ? mousedev_fasync+0x40/0x40
[ 1245.770944]  ? vfs_write+0x9/0x780
[ 1245.771286]  ? write_comp_data+0x2f/0x90
[ 1245.771824]  ksys_write+0x153/0x170
[ 1245.772347]  __x64_sys_write+0x27/0x30
[ 1245.772721]  do_syscall_64+0x3b/0x90
[ 1245.773096]  entry_SYSCALL_64_after_hwframe+0x63/0xcd
[ 1245.773668] RIP: 0033:0x7f6620ca759d
[ 1245.773985] RSP: 002b:00007ffc355ea258 EFLAGS: 00000246 ORIG_RAX: 0000000000000001
[ 1245.774523] RAX: ffffffffffffffda RBX: 0000000000000000 RCX: 00007f6620ca759d
[ 1245.774986] RDX: 00000000fffffdef RSI: 0000000020000040 RDI: 0000000000000004
[ 1245.775447] RBP: 00007ffc355ea270 R08: 00007ffc355ea270 R09: 00007ffc355ea270
[ 1245.775912] R10: 000000000000001f R11: 0000000000000246 R12: 00000000004011e0
[ 1245.776372] R13: 00007ffc355ea390 R14: 0000000000000000 R15: 0000000000000000
[ 1245.777559]  </TASK>
[ 1245.829389] 00000000e4cb4319: .. nvcsw: 1/1 holdout: 1 idle_cpu: -1/0
[ 1245.829949] task:repro           state:R  running task     stack:0     pid:609   ppid:597    flags:0x00004004
[ 1245.830842] Call Trace:
[ 1245.831121]  <TASK>
[ 1245.831540]  __schedule+0x344/0xad0
[ 1245.832036]  ? __cond_resched+0x25/0x30
[ 1245.832548]  preempt_schedule_common+0x11/0x90
[ 1245.833038]  __cond_resched+0x25/0x30
[ 1245.833641]  mousedev_write+0xd2/0x3d0
[ 1245.834251]  vfs_write+0x1b6/0x780
[ 1245.834642]  ? mousedev_fasync+0x40/0x40
[ 1245.835218]  ? vfs_write+0x9/0x780
[ 1245.835603]  ? write_comp_data+0x2f/0x90
[ 1245.836202]  ksys_write+0x153/0x170
[ 1245.836786]  __x64_sys_write+0x27/0x30
[ 1245.837430]  do_syscall_64+0x3b/0x90
[ 1245.837858]  entry_SYSCALL_64_after_hwframe+0x63/0xcd
[ 1245.838310] RIP: 0033:0x7f6620ca759d
[ 1245.838686] RSP: 002b:00007ffc355ea258 EFLAGS: 00000246 ORIG_RAX: 0000000000000001
[ 1245.839367] RAX: ffffffffffffffda RBX: 0000000000000000 RCX: 00007f6620ca759d
[ 1245.839961] RDX: 00000000fffffdef RSI: 0000000020000040 RDI: 0000000000000004
[ 1245.840552] RBP: 00007ffc355ea270 R08: 00007ffc355ea270 R09: 00007ffc355ea270
[ 1245.841347] R10: 000000000000001f R11: 0000000000000246 R12: 00000000004011e0
[ 1245.841943] R13: 00007ffc355ea390 R14: 0000000000000000 R15: 0000000000000000
[ 1245.843098]  </TASK>
[ 1245.897394] 000000006badf7fe: .. nvcsw: 1/1 holdout: 1 idle_cpu: -1/1
[ 1245.897970] task:repro           state:R  running task     stack:0     pid:608   ppid:599    flags:0x00004004
[ 1245.898863] Call Trace:
[ 1245.899138]  <TASK>
[ 1245.899554]  __schedule+0x344/0xad0
[ 1245.900043]  ? __cond_resched+0x25/0x30
[ 1245.900553]  preempt_schedule_common+0x11/0x90
[ 1245.901034]  __cond_resched+0x25/0x30
[ 1245.901638]  mousedev_write+0xd2/0x3d0
[ 1245.902242]  vfs_write+0x1b6/0x780
[ 1245.902624]  ? mousedev_fasync+0x40/0x40
[ 1245.903198]  ? vfs_write+0x9/0x780
[ 1245.903576]  ? write_comp_data+0x2f/0x90
[ 1245.904163]  ksys_write+0x153/0x170
[ 1245.904743]  __x64_sys_write+0x27/0x30
[ 1245.905434]  do_syscall_64+0x3b/0x90
[ 1245.905858]  entry_SYSCALL_64_after_hwframe+0x63/0xcd
[ 1245.906324] RIP: 0033:0x7f6620ca759d
[ 1245.906705] RSP: 002b:00007ffc355ea258 EFLAGS: 00000246 ORIG_RAX: 0000000000000001
[ 1245.907378] RAX: ffffffffffffffda RBX: 0000000000000000 RCX: 00007f6620ca759d
[ 1245.907960] RDX: 00000000fffffdef RSI: 0000000020000040 RDI: 0000000000000004
[ 1245.908506] RBP: 00007ffc355ea270 R08: 00007ffc355ea270 R09: 00007ffc355ea270
[ 1245.909026] R10: 000000000000001f R11: 0000000000000246 R12: 00000000004011e0
[ 1245.909716] R13: 00007ffc355ea390 R14: 0000000000000000 R15: 0000000000000000
[ 1245.910734]  </TASK>
[ 1245.969383] 00000000a6881319: .. nvcsw: 1/1 holdout: 1 idle_cpu: -1/0
[ 1245.969858] task:repro           state:R  running task     stack:0     pid:607   ppid:601    flags:0x00004004
[ 1245.970603] Call Trace:
[ 1245.970840]  <TASK>
[ 1245.971215]  __schedule+0x344/0xad0
[ 1245.971656]  ? __cond_resched+0x25/0x30
[ 1245.972112]  preempt_schedule_common+0x11/0x90
[ 1245.972523]  __cond_resched+0x25/0x30
[ 1245.972881]  mousedev_write+0xd2/0x3d0
[ 1245.973675]  vfs_write+0x1b6/0x780
[ 1245.974029]  ? mousedev_fasync+0x40/0x40
[ 1245.974580]  ? vfs_write+0x9/0x780
[ 1245.974905]  ? write_comp_data+0x2f/0x90
[ 1245.975425]  ksys_write+0x153/0x170
[ 1245.975931]  __x64_sys_write+0x27/0x30
[ 1245.976329]  do_syscall_64+0x3b/0x90
[ 1245.976754]  entry_SYSCALL_64_after_hwframe+0x63/0xcd
[ 1245.977440] RIP: 0033:0x7f6620ca759d
[ 1245.977823] RSP: 002b:00007ffc355ea258 EFLAGS: 00000246 ORIG_RAX: 0000000000000001
[ 1245.978491] RAX: ffffffffffffffda RBX: 0000000000000000 RCX: 00007f6620ca759d
[ 1245.979074] RDX: 00000000fffffdef RSI: 0000000020000040 RDI: 0000000000000004
[ 1245.979654] RBP: 00007ffc355ea270 R08: 00007ffc355ea270 R09: 00007ffc355ea270
[ 1245.980235] R10: 000000000000001f R11: 0000000000000246 R12: 00000000004011e0
[ 1245.980820] R13: 00007ffc355ea390 R14: 0000000000000000 R15: 0000000000000000
[ 1245.982141]  </TASK>
[ 1246.588160] 00000000e75adc5f: .. nvcsw: 1/1 holdout: 1 idle_cpu: -1/1
[ 1246.602758] task:repro           state:R  running task     stack:0     pid:606   ppid:602    flags:0x00004004
[ 1246.664797] Call Trace:
[ 1246.675209]  <TASK>
[ 1246.715924]  ? __cond_resched+0x25/0x30
[ 1246.772794]  ? preempt_schedule_common+0x11/0x90
[ 1246.820633]  ? _raw_spin_lock_irq+0x4a/0x70
[ 1246.835479]  ? __cond_resched+0x25/0x30
[ 1246.851609]  ? mousedev_write+0xd2/0x3d0
[ 1246.916035]  ? vfs_write+0x1b6/0x780
[ 1246.966945]  ? mousedev_fasync+0x40/0x40
[ 1246.996708]  ? vfs_write+0x9/0x780
[ 1247.048052]  ? write_comp_data+0x2f/0x90
[ 1247.113922]  ? ksys_write+0x153/0x170
[ 1247.144552]  ? __x64_sys_write+0x27/0x30
[ 1247.196276]  ? do_syscall_64+0x3b/0x90
[ 1247.212814]  ? entry_SYSCALL_64_after_hwframe+0x63/0xcd
[ 1247.335836]  </TASK>
[ 1250.557446] 0000000034d46ed0: .. nvcsw: 0/0 holdout: 1 idle_cpu: -1/1
[ 1250.558087] task:repro           state:R  running task     stack:0     pid:598   ppid:596    flags:0x00004004
[ 1250.559141] Call Trace:
[ 1250.559509]  <TASK>
[ 1250.560053]  __schedule+0x344/0xad0
[ 1250.560715]  ? __cond_resched+0x25/0x30
[ 1250.561717]  preempt_schedule_common+0x11/0x90
[ 1250.562321]  __cond_resched+0x25/0x30
[ 1250.562805]  mousedev_write+0xd2/0x3d0
[ 1250.563594]  vfs_write+0x1b6/0x780
[ 1250.564081]  ? mousedev_fasync+0x40/0x40
[ 1250.564781]  ? vfs_write+0x9/0x780
[ 1250.565580]  ? write_comp_data+0x2f/0x90
[ 1250.566386]  ksys_write+0x153/0x170
[ 1250.567172]  __x64_sys_write+0x27/0x30
[ 1250.567722]  do_syscall_64+0x3b/0x90
[ 1250.568263]  entry_SYSCALL_64_after_hwframe+0x63/0xcd
[ 1250.568843] RIP: 0033:0x7f6620ca759d
[ 1250.569505] RSP: 002b:00007ffc355ea258 EFLAGS: 00000246 ORIG_RAX: 0000000000000001
[ 1250.570216] RAX: ffffffffffffffda RBX: 0000000000000000 RCX: 00007f6620ca759d
[ 1250.570774] RDX: 00000000fffffdef RSI: 0000000020000040 RDI: 0000000000000004
[ 1250.571364] RBP: 00007ffc355ea270 R08: 00007ffc355ea270 R09: 00007ffc355ea270
[ 1250.571852] R10: 000000000000001f R11: 0000000000000246 R12: 00000000004011e0
[ 1250.572391] R13: 00007ffc355ea390 R14: 0000000000000000 R15: 0000000000000000
[ 1250.573883]  </TASK>
[ 1332.321374] INFO: task repro:605 blocked for more than 1179 seconds.
[ 1332.322109]       Not tainted 6.1.0-rc3-6e8c78d32b5c+ #1
[ 1332.322724] "echo 0 > /proc/sys/kernel/hung_task_timeout_secs" disables this message.
[ 1332.323548] task:repro           state:D stack:0     pid:605   ppid:603    flags:0x00004006
[ 1332.324505] Call Trace:
[ 1332.324877]  <TASK>
[ 1332.325790]  __schedule+0x344/0xad0
[ 1332.326582]  ? wait_for_completion+0x7b/0x180
[ 1332.327164]  schedule+0x5b/0xe0
[ 1332.327686]  schedule_timeout+0x554/0x640
[ 1332.328566]  ? schedule_timeout+0x9/0x640
[ 1332.329470]  ? wait_for_completion+0x7b/0x180
[ 1332.329854]  wait_for_completion+0xa6/0x180
[ 1332.330449]  __wait_rcu_gp+0x136/0x160
[ 1332.330852]  ? ftrace_kill+0x40/0x40
[ 1332.331175]  ? ftrace_kill+0x40/0x40
[ 1332.331533]  synchronize_rcu_tasks_generic.part.24+0x3b/0x60
[ 1332.331946]  ? call_rcu_tasks_generic+0x320/0x320
[ 1332.332337]  ? rcu_tasks_pregp_step+0x20/0x20
[ 1332.332902]  ? verify_cpu+0xa0/0x100
[ 1332.333512]  synchronize_rcu_tasks_generic+0x2b/0x70
[ 1332.333943]  synchronize_rcu_tasks+0x19/0x20
[ 1332.334315]  ftrace_shutdown+0x1d2/0x410
[ 1332.334863]  unregister_ftrace_function+0x35/0x220
[ 1332.335316]  ? __sanitizer_cov_trace_switch+0x57/0xa0
[ 1332.335854]  perf_ftrace_event_register+0x95/0xf0
[ 1332.336252]  ? perf_tp_event_init+0xa0/0xa0
[ 1332.336617]  perf_trace_destroy+0x3a/0xa0
[ 1332.336978]  ? perf_tp_event_init+0xa0/0xa0
[ 1332.337539]  tp_perf_event_destroy+0x1e/0x30
[ 1332.337945]  _free_event+0x101/0x7e0
[ 1332.338430]  put_event+0x3c/0x50
[ 1332.338804]  perf_event_release_kernel+0x2fd/0x380
[ 1332.339177]  ? perf_event_release_kernel+0x9/0x380
[ 1332.339722]  ? perf_event_release_kernel+0x380/0x380
[ 1332.340179]  perf_release+0x22/0x30
[ 1332.340538]  __fput+0x11f/0x450
[ 1332.341094]  ____fput+0x1e/0x30
[ 1332.341716]  task_work_run+0xb6/0x120
[ 1332.342215]  do_exit+0x547/0x1360
[ 1332.342648]  ? write_comp_data+0x2f/0x90
[ 1332.343178]  do_group_exit+0x5e/0xf0
[ 1332.343649]  get_signal+0x148f/0x1490
[ 1332.344431]  arch_do_signal_or_restart+0x3b/0x820
[ 1332.345110]  ? arch_do_signal_or_restart+0x9/0x820
[ 1332.345697]  ? lockdep_hardirqs_on+0x8a/0x110
[ 1332.346253]  exit_to_user_mode_prepare+0x13b/0x210
[ 1332.346704]  syscall_exit_to_user_mode+0x2d/0x60
[ 1332.347117]  do_syscall_64+0x4a/0x90
[ 1332.347486]  entry_SYSCALL_64_after_hwframe+0x63/0xcd
[ 1332.347874] RIP: 0033:0x7f6620ca759d
[ 1332.348198] RSP: 002b:00007ffc355ea258 EFLAGS: 00000246 ORIG_RAX: 000000000000012a
[ 1332.348743] RAX: 0000000000000003 RBX: 0000000000000000 RCX: 00007f6620ca759d
[ 1332.349406] RDX: 0000000000000000 RSI: 00000000ffffffff RDI: 00000000200004c0
[ 1332.349876] RBP: 00007ffc355ea270 R08: 0000000000000000 R09: 00007ffc355ea270
[ 1332.350347] R10: 00000000ffffffff R11: 0000000000000246 R12: 00000000004011e0
[ 1332.350818] R13: 00007ffc355ea390 R14: 0000000000000000 R15: 0000000000000000
[ 1332.351854]  </TASK>
[ 1332.352086] 
[ 1332.352086] Showing all locks held in the system:
[ 1332.352533] 1 lock held by rcu_tasks_kthre/11:
[ 1332.352877]  #0: ffffffff83b63c90 (rcu_tasks.tasks_gp_mutex){+.+.}-{3:3}, at: rcu_tasks_one_gp+0x2d/0x3d0
[ 1332.353951] 1 lock held by rcu_tasks_rude_/12:
[ 1332.354302]  #0: ffffffff83b63a10 (rcu_tasks_rude.tasks_gp_mutex){+.+.}-{3:3}, at: rcu_tasks_one_gp+0x2d/0x3d0
[ 1332.355200] 1 lock held by rcu_tasks_trace/13:
[ 1332.355535]  #0: ffffffff83b63750 (rcu_tasks_trace.tasks_gp_mutex){+.+.}-{3:3}, at: rcu_tasks_one_gp+0x2d/0x3d0
[ 1332.356437] 1 lock held by khungtaskd/29:
[ 1332.356749]  #0: ffffffff83b646a0 (rcu_read_lock){....}-{1:2}, at: debug_show_all_locks+0x27/0x18c
[ 1332.357874] 2 locks held by repro/605:
[ 1332.358177]  #0: ffffffff83c21e28 (event_mutex){+.+.}-{3:3}, at: perf_trace_destroy+0x21/0xa0
[ 1332.358999]  #1: ffffffff83c1e308 (ftrace_lock){+.+.}-{3:3}, at: unregister_ftrace_function+0x2b/0x220
[ 1332.359868] 
[ 1332.360059] =============================================
[ 1332.360059] 
[ 1479.773517] INFO: task repro:605 blocked for more than 1327 seconds.
[ 1479.774087]       Not tainted 6.1.0-rc3-6e8c78d32b5c+ #1
[ 1479.774535] "echo 0 > /proc/sys/kernel/hung_task_timeout_secs" disables this message.
[ 1479.775134] task:repro           state:D stack:0     pid:605   ppid:603    flags:0x00004006
[ 1479.775848] Call Trace:
[ 1479.776110]  <TASK>
[ 1479.776499]  __schedule+0x344/0xad0
[ 1479.777077]  ? wait_for_completion+0x7b/0x180
[ 1479.777784]  schedule+0x5b/0xe0
[ 1479.778114]  schedule_timeout+0x554/0x640
[ 1479.778706]  ? schedule_timeout+0x9/0x640
[ 1479.779221]  ? wait_for_completion+0x7b/0x180
[ 1479.779577]  wait_for_completion+0xa6/0x180
[ 1479.780150]  __wait_rcu_gp+0x136/0x160
[ 1479.780536]  ? ftrace_kill+0x40/0x40
[ 1479.780830]  ? ftrace_kill+0x40/0x40
[ 1479.781358]  synchronize_rcu_tasks_generic.part.24+0x3b/0x60
[ 1479.781783]  ? call_rcu_tasks_generic+0x320/0x320
[ 1479.782156]  ? rcu_tasks_pregp_step+0x20/0x20
[ 1479.782696]  ? verify_cpu+0xa0/0x100
[ 1479.783091]  synchronize_rcu_tasks_generic+0x2b/0x70
[ 1479.783504]  synchronize_rcu_tasks+0x19/0x20
[ 1479.783858]  ftrace_shutdown+0x1d2/0x410
[ 1479.784380]  unregister_ftrace_function+0x35/0x220
[ 1479.784815]  ? __sanitizer_cov_trace_switch+0x57/0xa0
[ 1479.785514]  perf_ftrace_event_register+0x95/0xf0
[ 1479.785891]  ? perf_tp_event_init+0xa0/0xa0
[ 1479.786240]  perf_trace_destroy+0x3a/0xa0
[ 1479.786717]  ? perf_tp_event_init+0xa0/0xa0
[ 1479.787066]  tp_perf_event_destroy+0x1e/0x30
[ 1479.787450]  _free_event+0x101/0x7e0
[ 1479.787893]  put_event+0x3c/0x50
[ 1479.788248]  perf_event_release_kernel+0x2fd/0x380
[ 1479.788604]  ? perf_event_release_kernel+0x9/0x380
[ 1479.789110]  ? perf_event_release_kernel+0x380/0x380
[ 1479.789730]  perf_release+0x22/0x30
[ 1479.790074]  __fput+0x11f/0x450
[ 1479.790605]  ____fput+0x1e/0x30
[ 1479.790934]  task_work_run+0xb6/0x120
[ 1479.791414]  do_exit+0x547/0x1360
[ 1479.791827]  ? write_comp_data+0x2f/0x90
[ 1479.792336]  do_group_exit+0x5e/0xf0
[ 1479.792789]  get_signal+0x148f/0x1490
[ 1479.793708]  arch_do_signal_or_restart+0x3b/0x820
[ 1479.794359]  ? arch_do_signal_or_restart+0x9/0x820
[ 1479.794733]  ? lockdep_hardirqs_on+0x8a/0x110
[ 1479.795266]  exit_to_user_mode_prepare+0x13b/0x210
[ 1479.795696]  syscall_exit_to_user_mode+0x2d/0x60
[ 1479.796092]  do_syscall_64+0x4a/0x90
[ 1479.796445]  entry_SYSCALL_64_after_hwframe+0x63/0xcd
[ 1479.796816] RIP: 0033:0x7f6620ca759d
[ 1479.797125] RSP: 002b:00007ffc355ea258 EFLAGS: 00000246 ORIG_RAX: 000000000000012a
[ 1479.797830] RAX: 0000000000000003 RBX: 0000000000000000 RCX: 00007f6620ca759d
[ 1479.798277] RDX: 0000000000000000 RSI: 00000000ffffffff RDI: 00000000200004c0
[ 1479.798724] RBP: 00007ffc355ea270 R08: 0000000000000000 R09: 00007ffc355ea270
[ 1479.799171] R10: 00000000ffffffff R11: 0000000000000246 R12: 00000000004011e0
[ 1479.799621] R13: 00007ffc355ea390 R14: 0000000000000000 R15: 0000000000000000
[ 1479.800611]  </TASK>
[ 1479.800831] 
[ 1479.800831] Showing all locks held in the system:
[ 1479.801444] 1 lock held by rcu_tasks_kthre/11:
[ 1479.801770]  #0: ffffffff83b63c90 (rcu_tasks.tasks_gp_mutex){+.+.}-{3:3}, at: rcu_tasks_one_gp+0x2d/0x3d0
[ 1479.802615] 1 lock held by rcu_tasks_rude_/12:
[ 1479.802934]  #0: ffffffff83b63a10 (rcu_tasks_rude.tasks_gp_mutex){+.+.}-{3:3}, at: rcu_tasks_one_gp+0x2d/0x3d0
[ 1479.803789] 1 lock held by rcu_tasks_trace/13:
[ 1479.804108]  #0: ffffffff83b63750 (rcu_tasks_trace.tasks_gp_mutex){+.+.}-{3:3}, at: rcu_tasks_one_gp+0x2d/0x3d0
[ 1479.804967] 1 lock held by khungtaskd/29:
[ 1479.805454]  #0: ffffffff83b646a0 (rcu_read_lock){....}-{1:2}, at: debug_show_all_locks+0x27/0x18c
[ 1479.806281] 2 locks held by repro/605:
[ 1479.806581]  #0: ffffffff83c21e28 (event_mutex){+.+.}-{3:3}, at: perf_trace_destroy+0x21/0xa0
[ 1479.807387]  #1: ffffffff83c1e308 (ftrace_lock){+.+.}-{3:3}, at: unregister_ftrace_function+0x2b/0x220
[ 1479.808216] 1 lock held by repro/606:
[ 1479.808502] 
[ 1479.808681] =============================================
[ 1479.808681] 
[ 1627.229547] INFO: task repro:605 blocked for more than 1474 seconds.
[ 1627.230037]       Not tainted 6.1.0-rc3-6e8c78d32b5c+ #1
[ 1627.230438] "echo 0 > /proc/sys/kernel/hung_task_timeout_secs" disables this message.
[ 1627.230953] task:repro           state:D stack:0     pid:605   ppid:603    flags:0x00004006
[ 1627.231566] Call Trace:
[ 1627.231810]  <TASK>
[ 1627.232221]  __schedule+0x344/0xad0
[ 1627.232780]  ? wait_for_completion+0x7b/0x180
[ 1627.233600]  schedule+0x5b/0xe0
[ 1627.233955]  schedule_timeout+0x554/0x640
[ 1627.234584]  ? schedule_timeout+0x9/0x640
[ 1627.235128]  ? wait_for_completion+0x7b/0x180
[ 1627.235529]  wait_for_completion+0xa6/0x180
[ 1627.236141]  __wait_rcu_gp+0x136/0x160
[ 1627.236551]  ? ftrace_kill+0x40/0x40
[ 1627.236877]  ? ftrace_kill+0x40/0x40
[ 1627.237531]  synchronize_rcu_tasks_generic.part.24+0x3b/0x60
[ 1627.237955]  ? call_rcu_tasks_generic+0x320/0x320
[ 1627.238355]  ? rcu_tasks_pregp_step+0x20/0x20
[ 1627.238938]  ? verify_cpu+0xa0/0x100
[ 1627.239367]  synchronize_rcu_tasks_generic+0x2b/0x70
[ 1627.239809]  synchronize_rcu_tasks+0x19/0x20
[ 1627.240191]  ftrace_shutdown+0x1d2/0x410
[ 1627.240741]  unregister_ftrace_function+0x35/0x220
[ 1627.241531]  ? __sanitizer_cov_trace_switch+0x57/0xa0
[ 1627.242089]  perf_ftrace_event_register+0x95/0xf0
