c[?7l[2J[0mSeaBIOS (version rel-1.16.0-0-gd239552ce722-prebuilt.qemu.org)


iPXE (http://ipxe.org) 00:03.0 CA00 PCI2.10 PnP PMM+7FF91000+7FEF1000 CA00
Press Ctrl-B to configure iPXE (PCI 00:03.0)...                                                                               


Booting from ROM..c[?7l[2J[    0.000000] Linux version 6.1.0-rc3-90153f928bee+ (root@p-adls01) (gcc (GCC) 8.5.0 20210514 (Red Hat 8.5.0-18), GNU ld version 2.36.1-2.el8) #1 SMP PREEMPT_DYNAMIC Wed Mar 15 14:00:05 CST 2023
[    0.000000] Command line: console=ttyS0 root=/dev/sda earlyprintk=serial net.ifnames=0
[    0.000000] KERNEL supported cpus:
[    0.000000]   Intel GenuineIntel
[    0.000000]   AMD AuthenticAMD
[    0.000000]   Hygon HygonGenuine
[    0.000000]   Centaur CentaurHauls
[    0.000000]   zhaoxin   Shanghai  
[    0.000000] x86/fpu: Supporting XSAVE feature 0x001: 'x87 floating point registers'
[    0.000000] x86/fpu: Supporting XSAVE feature 0x002: 'SSE registers'
[    0.000000] x86/fpu: Supporting XSAVE feature 0x004: 'AVX registers'
[    0.000000] x86/fpu: Supporting XSAVE feature 0x200: 'Protection Keys User registers'
[    0.000000] x86/fpu: xstate_offset[2]:  576, xstate_sizes[2]:  256
[    0.000000] x86/fpu: xstate_offset[9]:  832, xstate_sizes[9]:    8
[    0.000000] x86/fpu: Enabled xstate features 0x207, context size is 840 bytes, using 'compacted' format.
[    0.000000] signal: max sigframe size: 3632
[    0.000000] BIOS-provided physical RAM map:
[    0.000000] BIOS-e820: [mem 0x0000000000000000-0x000000000009fbff] usable
[    0.000000] BIOS-e820: [mem 0x000000000009fc00-0x000000000009ffff] reserved
[    0.000000] BIOS-e820: [mem 0x00000000000f0000-0x00000000000fffff] reserved
[    0.000000] BIOS-e820: [mem 0x0000000000100000-0x000000007ffdffff] usable
[    0.000000] BIOS-e820: [mem 0x000000007ffe0000-0x000000007fffffff] reserved
[    0.000000] BIOS-e820: [mem 0x00000000feffc000-0x00000000feffffff] reserved
[    0.000000] BIOS-e820: [mem 0x00000000fffc0000-0x00000000ffffffff] reserved
[    0.000000] printk: bootconsole [earlyser0] enabled
[    0.000000] NX (Execute Disable) protection: active
[    0.000000] SMBIOS 2.8 present.
[    0.000000] DMI: QEMU Standard PC (i440FX + PIIX, 1996), BIOS rel-1.16.0-0-gd239552ce722-prebuilt.qemu.org 04/01/2014
[    0.000000] Hypervisor detected: KVM
[    0.000000] kvm-clock: Using msrs 4b564d01 and 4b564d00
[    0.000002] kvm-clock: using sched offset of 301137150 cycles
[    0.000301] clocksource: kvm-clock: mask: 0xffffffffffffffff max_cycles: 0x1cd42e4dffb, max_idle_ns: 881590591483 ns
[    0.001226] tsc: Detected 3609.600 MHz processor
[    0.007212] last_pfn = 0x7ffe0 max_arch_pfn = 0x400000000
[    0.007580] x86/PAT: Configuration [0-7]: WB  WC  UC- UC  WB  WP  UC- WT  
[    0.015742] found SMP MP-table at [mem 0x000f5ba0-0x000f5baf]
[    0.016160] Using GB pages for direct mapping
[    0.017477] ACPI: Early table checksum verification disabled
[    0.017824] ACPI: RSDP 0x00000000000F59C0 000014 (v00 BOCHS )
[    0.018166] ACPI: RSDT 0x000000007FFE1951 000034 (v01 BOCHS  BXPC     00000001 BXPC 00000001)
[    0.018669] ACPI: FACP 0x000000007FFE17FD 000074 (v01 BOCHS  BXPC     00000001 BXPC 00000001)
[    0.019170] ACPI: DSDT 0x000000007FFE0040 0017BD (v01 BOCHS  BXPC     00000001 BXPC 00000001)
[    0.019665] ACPI: FACS 0x000000007FFE0000 000040
[    0.019938] ACPI: APIC 0x000000007FFE1871 000080 (v01 BOCHS  BXPC     00000001 BXPC 00000001)
[    0.020431] ACPI: HPET 0x000000007FFE18F1 000038 (v01 BOCHS  BXPC     00000001 BXPC 00000001)
[    0.020925] ACPI: WAET 0x000000007FFE1929 000028 (v01 BOCHS  BXPC     00000001 BXPC 00000001)
[    0.021421] ACPI: Reserving FACP table memory at [mem 0x7ffe17fd-0x7ffe1870]
[    0.021828] ACPI: Reserving DSDT table memory at [mem 0x7ffe0040-0x7ffe17fc]
[    0.022235] ACPI: Reserving FACS table memory at [mem 0x7ffe0000-0x7ffe003f]
[    0.022638] ACPI: Reserving APIC table memory at [mem 0x7ffe1871-0x7ffe18f0]
[    0.023036] ACPI: Reserving HPET table memory at [mem 0x7ffe18f1-0x7ffe1928]
[    0.023434] ACPI: Reserving WAET table memory at [mem 0x7ffe1929-0x7ffe1950]
[    0.024355] No NUMA configuration found
[    0.024574] Faking a node at [mem 0x0000000000000000-0x000000007ffdffff]
[    0.025001] NODE_DATA(0) allocated [mem 0x7ffb5000-0x7ffdffff]
[    0.028040] Zone ranges:
[    0.028213]   DMA      [mem 0x0000000000001000-0x0000000000ffffff]
[    0.028566]   DMA32    [mem 0x0000000001000000-0x000000007ffdffff]
[    0.028917]   Normal   empty
[    0.029083]   Device   empty
[    0.029250] Movable zone start for each node
[    0.029495] Early memory node ranges
[    0.029697]   node   0: [mem 0x0000000000001000-0x000000000009efff]
[    0.030051]   node   0: [mem 0x0000000000100000-0x000000007ffdffff]
[    0.030409] Initmem setup node 0 [mem 0x0000000000001000-0x000000007ffdffff]
[    0.031109] On node 0, zone DMA: 1 pages in unavailable ranges
[    0.031209] On node 0, zone DMA: 97 pages in unavailable ranges
[    0.052912] On node 0, zone DMA32: 32 pages in unavailable ranges
[    0.053482] ACPI: PM-Timer IO Port: 0x608
[    0.054108] ACPI: LAPIC_NMI (acpi_id[0xff] dfl dfl lint[0x1])
[    0.054511] IOAPIC[0]: apic_id 0, version 17, address 0xfec00000, GSI 0-23
[    0.054916] ACPI: INT_SRC_OVR (bus 0 bus_irq 0 global_irq 2 dfl dfl)
[    0.055315] ACPI: INT_SRC_OVR (bus 0 bus_irq 5 global_irq 5 high level)
[    0.055691] ACPI: INT_SRC_OVR (bus 0 bus_irq 9 global_irq 9 high level)
[    0.056068] ACPI: INT_SRC_OVR (bus 0 bus_irq 10 global_irq 10 high level)
[    0.056453] ACPI: INT_SRC_OVR (bus 0 bus_irq 11 global_irq 11 high level)
[    0.056850] ACPI: Using ACPI (MADT) for SMP configuration information
[    0.057211] ACPI: HPET id: 0x8086a201 base: 0xfed00000
[    0.057525] TSC deadline timer available
[    0.057749] smpboot: Allowing 2 CPUs, 0 hotplug CPUs
[    0.058092] kvm-guest: KVM setup pv remote TLB flush
[    0.058373] kvm-guest: setup PV sched yield
[    0.058666] PM: hibernation: Registered nosave memory: [mem 0x00000000-0x00000fff]
[    0.059095] PM: hibernation: Registered nosave memory: [mem 0x0009f000-0x0009ffff]
[    0.059520] PM: hibernation: Registered nosave memory: [mem 0x000a0000-0x000effff]
[    0.059944] PM: hibernation: Registered nosave memory: [mem 0x000f0000-0x000fffff]
[    0.060372] [mem 0x80000000-0xfeffbfff] available for PCI devices
[    0.060716] Booting paravirtualized kernel on KVM
[    0.061000] clocksource: refined-jiffies: mask: 0xffffffff max_cycles: 0xffffffff, max_idle_ns: 7645519600211568 ns
[    0.061609] setup_percpu: NR_CPUS:8192 nr_cpumask_bits:2 nr_cpu_ids:2 nr_node_ids:1
[    0.064277] percpu: Embedded 64 pages/cpu s225280 r8192 d28672 u1048576
[    0.064847] kvm-guest: PV spinlocks enabled
[    0.065095] PV qspinlock hash table entries: 256 (order: 0, 4096 bytes, linear)
[    0.065542] Fallback order for Node 0: 0 
[    0.065790] Built 1 zonelists, mobility grouping on.  Total pages: 515808
[    0.066178] Policy zone: DMA32
[    0.066356] Kernel command line: net.ifnames=0 console=ttyS0 root=/dev/sda earlyprintk=serial net.ifnames=0
[    0.068883] Dentry cache hash table entries: 262144 (order: 9, 2097152 bytes, linear)
[    0.069748] Inode-cache hash table entries: 131072 (order: 8, 1048576 bytes, linear)
[    0.070303] mem auto-init: stack:off, heap alloc:off, heap free:off
[    0.073273] Memory: 1985384K/2096632K available (32784K kernel code, 4692K rwdata, 7820K rodata, 3672K init, 22124K bss, 110992K reserved, 0K cma-reserved)
[    0.074989] SLUB: HWalign=64, Order=0-3, MinObjects=0, CPUs=2, Nodes=1
[    0.075358] kmemleak: Kernel memory leak detector disabled
[    0.075695] ftrace: allocating 67273 entries in 263 pages
[    0.095580] ftrace: allocated 263 pages with 4 groups
[    0.098323] Dynamic Preempt: voluntary
[    0.098716] Running RCU self tests
[    0.098914] rcu: Preemptible hierarchical RCU implementation.
[    0.099231] rcu: 	RCU lockdep checking is enabled.
[    0.099493] rcu: 	RCU restricting CPUs from NR_CPUS=8192 to nr_cpu_ids=2.
[    0.099860] 	Trampoline variant of Tasks RCU enabled.
[    0.100132] 	Rude variant of Tasks RCU enabled.
[    0.100382] 	Tracing variant of Tasks RCU enabled.
[    0.100646] rcu: RCU calculated value of scheduler-enlistment delay is 25 jiffies.
[    0.101062] rcu: Adjusting geometry for rcu_fanout_leaf=16, nr_cpu_ids=2
[    0.123636] NR_IRQS: 524544, nr_irqs: 440, preallocated irqs: 16
[    0.124233] rcu: srcu_init: Setting srcu_struct sizes based on contention.
[    0.129822] Console: colour VGA+ 80x25
[    0.130086] printk: console [ttyS0] enabled
[    0.130086] printk: console [ttyS0] enabled
[    0.130556] printk: bootconsole [earlyser0] disabled
[    0.130556] printk: bootconsole [earlyser0] disabled
[    0.131107] Lock dependency validator: Copyright (c) 2006 Red Hat, Inc., Ingo Molnar
[    0.131539] ... MAX_LOCKDEP_SUBCLASSES:  8
[    0.131772] ... MAX_LOCK_DEPTH:          48
[    0.132011] ... MAX_LOCKDEP_KEYS:        8192
[    0.132259] ... CLASSHASH_SIZE:          4096
[    0.132506] ... MAX_LOCKDEP_ENTRIES:     32768
[    0.132759] ... MAX_LOCKDEP_CHAINS:      65536
[    0.133011] ... CHAINHASH_SIZE:          32768
[    0.133263]  memory used by lock dependency info: 6365 kB
[    0.133570]  memory used for stack traces: 4224 kB
[    0.133841]  per task-struct memory footprint: 1920 bytes
[    0.134181] ACPI: Core revision 20220331
[    0.134606] clocksource: hpet: mask: 0xffffffff max_cycles: 0xffffffff, max_idle_ns: 19112604467 ns
[    0.135221] APIC: Switch to symmetric I/O mode setup
[    0.135621] x2apic enabled
[    0.135903] Switched APIC routing to physical x2apic.
[    0.136190] kvm-guest: setup PV IPIs
[    0.137051] ..TIMER: vector=0x30 apic1=0 pin1=2 apic2=-1 pin2=-1
[    0.137406] clocksource: tsc-early: mask: 0xffffffffffffffff max_cycles: 0x3407c077a8d, max_idle_ns: 440795342283 ns
[    0.138005] Calibrating delay loop (skipped) preset value.. 7219.20 BogoMIPS (lpj=14438400)
[    0.138474] pid_max: default: 32768 minimum: 301
[    0.138866] LSM: Security Framework initializing
[    0.139134] Yama: becoming mindful.
[    0.142188] Mount-cache hash table entries: 4096 (order: 3, 32768 bytes, linear)
[    0.142615] Mountpoint-cache hash table entries: 4096 (order: 3, 32768 bytes, linear)
[    0.144137] x86/cpu: User Mode Instruction Prevention (UMIP) activated
[    0.145149] Last level iTLB entries: 4KB 0, 2MB 0, 4MB 0
[    0.145503] Last level dTLB entries: 4KB 0, 2MB 0, 4MB 0, 1GB 0
[    0.146045] Spectre V1 : Mitigation: usercopy/swapgs barriers and __user pointer sanitization
[    0.146522] Spectre V2 : WARNING: Unprivileged eBPF is enabled with eIBRS on, data leaks possible via Spectre v2 BHB attacks!
[    0.147145] Spectre V2 : Mitigation: Enhanced IBRS
[    0.147405] Spectre V2 : Spectre v2 / SpectreRSB mitigation: Filling RSB on context switch
[    0.147846] Spectre V2 : Spectre v2 / PBRSB-eIBRS: Retire a single CALL on VMEXIT
[    0.148256] Spectre V2 : mitigation: Enabling conditional Indirect Branch Prediction Barrier
[    0.148707] Speculative Store Bypass: Mitigation: Speculative Store Bypass disabled via prctl
[    0.236733] Freeing SMP alternatives memory: 56K
[    0.237307] smpboot: CPU0: 12th Gen Intel(R) Core(TM) i7-12700K (family: 0x6, model: 0x97, stepping: 0x2)
[    0.237992] cblist_init_generic: Setting adjustable number of callback queues.
[    0.237992] cblist_init_generic: Setting shift to 1 and lim to 1.
[    0.237992] cblist_init_generic: Setting shift to 1 and lim to 1.
[    0.237992] cblist_init_generic: Setting shift to 1 and lim to 1.
[    0.237992] Running RCU-tasks wait API self tests
[    0.338120] Performance Events: Alderlake Hybrid events, full-width counters, Intel PMU driver.
[    0.339021] core: cpu_core PMU driver: 
[    0.339239] ... version:                2
[    0.339459] ... bit width:              48
[    0.339683] ... generic registers:      6
[    0.339902] ... value mask:             0000ffffffffffff
[    0.340189] ... max period:             00007fffffffffff
[    0.340475] ... fixed-purpose events:   3
[    0.340693] ... event mask:             0001000f0000003f
[    0.341141] rcu: Hierarchical SRCU implementation.
[    0.341404] rcu: 	Max phase no-delay instances is 1000.
[    0.343712] unchecked MSR access error: WRMSR to 0x38f (tried to write 0x0001000f0000003f) at rIP: 0xffffffff810ce49c (native_write_msr+0xc/0x30)
[    0.344426] Call Trace:
[    0.344563]  <TASK>
[    0.344684]  __intel_pmu_enable_all.constprop.46+0xb5/0x140
[    0.344992]  intel_pmu_enable_all+0x1e/0x30
[    0.345226]  x86_pmu_enable+0x46d/0x5a0
[    0.345446]  ? write_comp_data+0x2f/0x90
[    0.345669]  perf_pmu_enable+0x53/0x70
[    0.345883]  ctx_resched+0xab/0xf0
[    0.345992]  __perf_install_in_context+0x31b/0x480
[    0.345992]  ? perf_duration_warn+0x50/0x50
[    0.345992]  ? perf_duration_warn+0x50/0x50
[    0.345992]  remote_function+0x80/0xa0
[    0.345992]  ? perf_duration_warn+0x50/0x50
[    0.345992]  generic_exec_single+0x124/0x190
[    0.345992]  smp_call_function_single+0x11c/0x240
[    0.345992]  ? perf_duration_warn+0x50/0x50
[    0.345992]  ? __sanitizer_cov_trace_pc+0x25/0x60
[    0.345992]  ? write_comp_data+0x2f/0x90
[    0.345992]  perf_install_in_context+0x2e8/0x310
[    0.345992]  ? ctx_resched+0xf0/0xf0
[    0.345992]  perf_event_create_kernel_counter+0x16a/0x200
[    0.345992]  ? find_next_bit+0x30/0x30
[    0.345992]  hardlockup_detector_event_create+0x46/0xd0
[    0.345992]  hardlockup_detector_perf_init+0x18/0x66
[    0.345992]  watchdog_nmi_probe+0x17/0x1d
[    0.345992]  lockup_detector_init+0x40/0xaf
[    0.345992]  kernel_init_freeable+0x264/0x42e
[    0.345992]  ? rest_init+0x240/0x240
[    0.345992]  kernel_init+0x24/0x1e0
[    0.345992]  ? rest_init+0x240/0x240
[    0.345992]  ret_from_fork+0x1f/0x30
[    0.345992]  </TASK>
[    0.346008] Callback from call_rcu_tasks_trace() invoked.
[    0.346457] smp: Bringing up secondary CPUs ...
[    0.347390] x86: Booting SMP configuration:
[    0.347632] .... node  #0, CPUs:      #1
[    0.347861] smp: Brought up 1 node, 2 CPUs
[    0.347861] smpboot: Max logical packages: 1
[    0.347861] smpboot: Total of 2 processors activated (14438.40 BogoMIPS)
[    0.350217] devtmpfs: initialized
[    0.350397] x86/mm: Memory block size: 128MB
[    0.352156] clocksource: jiffies: mask: 0xffffffff max_cycles: 0xffffffff, max_idle_ns: 7645041785100000 ns
[    0.352156] futex hash table entries: 512 (order: 4, 65536 bytes, linear)
[    0.354199] pinctrl core: initialized pinctrl subsystem
[    0.354911] 
[    0.355001] *************************************************************
[    0.355363] **     NOTICE NOTICE NOTICE NOTICE NOTICE NOTICE NOTICE    **
[    0.355725] **                                                         **
[    0.356087] **  IOMMU DebugFS SUPPORT HAS BEEN ENABLED IN THIS KERNEL  **
[    0.356452] **                                                         **
[    0.356814] ** This means that this kernel is built to expose internal **
[    0.357175] ** IOMMU data structures, which may compromise security on **
[    0.357537] ** your system.                                            **
[    0.357898] **                                                         **
[    0.358004] ** If you see this message and you are not debugging the   **
[    0.358366] ** kernel, report this immediately to your vendor!         **
[    0.358728] **                                                         **
[    0.359090] **     NOTICE NOTICE NOTICE NOTICE NOTICE NOTICE NOTICE    **
[    0.359452] *************************************************************
[    0.359846] PM: RTC time: 06:00:34, date: 2023-03-15
[    0.363784] NET: Registered PF_NETLINK/PF_ROUTE protocol family
[    0.364601] DMA: preallocated 256 KiB GFP_KERNEL pool for atomic allocations
[    0.364994] DMA: preallocated 256 KiB GFP_KERNEL|GFP_DMA pool for atomic allocations
[    0.365418] DMA: preallocated 256 KiB GFP_KERNEL|GFP_DMA32 pool for atomic allocations
[    0.365883] audit: initializing netlink subsys (disabled)
[    0.366062] audit: type=2000 audit(1678860034.840:1): state=initialized audit_enabled=0 res=1
[    0.366483] thermal_sys: Registered thermal governor 'fair_share'
[    0.366518] thermal_sys: Registered thermal governor 'bang_bang'
[    0.366858] thermal_sys: Registered thermal governor 'step_wise'
[    0.367188] thermal_sys: Registered thermal governor 'user_space'
[    0.367546] cpuidle: using governor ladder
[    0.368115] cpuidle: using governor menu
[    0.368620] acpiphp: ACPI Hot Plug PCI Controller Driver version: 0.5
[    0.369240] PCI: Using configuration type 1 for base access
[    0.381240] kprobes: kprobe jump-optimization is enabled. All kprobes are optimized if possible.
[    0.544587] HugeTLB: registered 1.00 GiB page size, pre-allocated 0 pages
[    0.544968] HugeTLB: 16380 KiB vmemmap can be freed for a 1.00 GiB page
[    0.545331] HugeTLB: registered 2.00 MiB page size, pre-allocated 0 pages
[    0.545701] HugeTLB: 28 KiB vmemmap can be freed for a 2.00 MiB page
[    0.547351] ACPI: Added _OSI(Module Device)
[    0.547596] ACPI: Added _OSI(Processor Device)
[    0.547843] ACPI: Added _OSI(3.0 _SCP Extensions)
[    0.548102] ACPI: Added _OSI(Processor Aggregator Device)
[    0.552690] ACPI: 1 ACPI AML tables successfully acquired and loaded
[    0.556632] ACPI: Interpreter enabled
[    0.556918] ACPI: PM: (supports S0 S3 S4 S5)
[    0.557156] ACPI: Using IOAPIC for interrupt routing
[    0.557464] PCI: Using host bridge windows from ACPI; if necessary, use "pci=nocrs" and report a bug
[    0.557957] PCI: Using E820 reservations for host bridge windows
[    0.558512] ACPI: Enabled 2 GPEs in block 00 to 0F
[    0.571269] ACPI: PCI Root Bridge [PCI0] (domain 0000 [bus 00-ff])
[    0.571637] acpi PNP0A03:00: _OSC: OS supports [ASPM ClockPM Segments MSI EDR HPX-Type3]
[    0.572081] acpi PNP0A03:00: _OSC: not requesting OS control; OS requires [ExtendedConfig ASPM ClockPM MSI]
[    0.572659] acpi PNP0A03:00: fail to add MMCONFIG information, can't access extended PCI configuration space under this bridge.
[    0.575110] acpiphp: Slot [3] registered
[    0.575393] acpiphp: Slot [4] registered
[    0.575661] acpiphp: Slot [5] registered
[    0.575929] acpiphp: Slot [6] registered
[    0.576197] acpiphp: Slot [7] registered
[    0.576464] acpiphp: Slot [8] registered
[    0.576738] acpiphp: Slot [9] registered
[    0.577007] acpiphp: Slot [10] registered
[    0.577279] acpiphp: Slot [11] registered
[    0.577552] acpiphp: Slot [12] registered
[    0.577833] acpiphp: Slot [13] registered
[    0.578046] acpiphp: Slot [14] registered
[    0.578319] acpiphp: Slot [15] registered
[    0.578597] acpiphp: Slot [16] registered
[    0.578870] acpiphp: Slot [17] registered
[    0.579154] acpiphp: Slot [18] registered
[    0.579429] acpiphp: Slot [19] registered
[    0.579701] acpiphp: Slot [20] registered
[    0.579973] acpiphp: Slot [21] registered
[    0.580245] acpiphp: Slot [22] registered
[    0.580523] acpiphp: Slot [23] registered
[    0.580796] acpiphp: Slot [24] registered
[    0.581068] acpiphp: Slot [25] registered
[    0.581340] acpiphp: Slot [26] registered
[    0.581612] acpiphp: Slot [27] registered
[    0.581890] acpiphp: Slot [28] registered
[    0.582046] acpiphp: Slot [29] registered
[    0.582318] acpiphp: Slot [30] registered
[    0.582591] acpiphp: Slot [31] registered
[    0.582828] PCI host bridge to bus 0000:00
[    0.583056] pci_bus 0000:00: root bus resource [io  0x0000-0x0cf7 window]
[    0.583432] pci_bus 0000:00: root bus resource [io  0x0d00-0xffff window]
[    0.583806] pci_bus 0000:00: root bus resource [mem 0x000a0000-0x000bffff window]
[    0.584221] pci_bus 0000:00: root bus resource [mem 0x80000000-0xfebfffff window]
[    0.584631] pci_bus 0000:00: root bus resource [mem 0x100000000-0x17fffffff window]
[    0.585051] pci_bus 0000:00: root bus resource [bus 00-ff]
[    0.585427] pci 0000:00:00.0: [8086:1237] type 00 class 0x060000
[    0.588025] pci 0000:00:01.0: [8086:7000] type 00 class 0x060100
[    0.588870] pci 0000:00:01.1: [8086:7010] type 00 class 0x010180
[    0.590104] pci 0000:00:01.1: reg 0x20: [io  0xc040-0xc04f]
[    0.590827] pci 0000:00:01.1: legacy IDE quirk: reg 0x10: [io  0x01f0-0x01f7]
[    0.591223] pci 0000:00:01.1: legacy IDE quirk: reg 0x14: [io  0x03f6]
[    0.591581] pci 0000:00:01.1: legacy IDE quirk: reg 0x18: [io  0x0170-0x0177]
[    0.591973] pci 0000:00:01.1: legacy IDE quirk: reg 0x1c: [io  0x0376]
[    0.592530] pci 0000:00:01.3: [8086:7113] type 00 class 0x068000
[    0.593085] pci 0000:00:01.3: quirk: [io  0x0600-0x063f] claimed by PIIX4 ACPI
[    0.593493] pci 0000:00:01.3: quirk: [io  0x0700-0x070f] claimed by PIIX4 SMB
[    0.594099] pci 0000:00:02.0: [1234:1111] type 00 class 0x030000
[    0.596443] pci 0000:00:02.0: reg 0x10: [mem 0xfd000000-0xfdffffff pref]
[    0.598036] pci 0000:00:02.0: reg 0x18: [mem 0xfebf0000-0xfebf0fff]
[    0.600857] pci 0000:00:02.0: reg 0x30: [mem 0xfebe0000-0xfebeffff pref]
[    0.601419] pci 0000:00:02.0: Video device with shadowed ROM at [mem 0x000c0000-0x000dffff]
[    0.604279] pci 0000:00:03.0: [8086:100e] type 00 class 0x020000
[    0.605135] pci 0000:00:03.0: reg 0x10: [mem 0xfebc0000-0xfebdffff]
[    0.605929] pci 0000:00:03.0: reg 0x14: [io  0xc000-0xc03f]
[    0.607396] pci 0000:00:03.0: reg 0x30: [mem 0xfeb80000-0xfebbffff pref]
[    0.615257] ACPI: PCI: Interrupt link LNKA configured for IRQ 10
[    0.615904] ACPI: PCI: Interrupt link LNKB configured for IRQ 10
[    0.616581] ACPI: PCI: Interrupt link LNKC configured for IRQ 11
[    0.617192] ACPI: PCI: Interrupt link LNKD configured for IRQ 11
[    0.617672] ACPI: PCI: Interrupt link LNKS configured for IRQ 9
[    0.619021] iommu: Default domain type: Translated 
[    0.619317] iommu: DMA domain TLB invalidation policy: lazy mode 
[    0.620561] SCSI subsystem initialized
[    0.621005] ACPI: bus type USB registered
[    0.621292] usbcore: registered new interface driver usbfs
[    0.621647] usbcore: registered new interface driver hub
[    0.621984] usbcore: registered new device driver usb
[    0.622088] pps_core: LinuxPPS API ver. 1 registered
[    0.622381] pps_core: Software ver. 5.3.6 - Copyright 2005-2007 Rodolfo Giometti <giometti@linux.it>
[    0.622908] PTP clock support registered
[    0.623268] EDAC MC: Ver: 3.0.0
[    0.624572] NetLabel: Initializing
[    0.624782] NetLabel:  domain hash size = 128
[    0.625036] NetLabel:  protocols = UNLABELED CIPSOv4 CALIPSO
[    0.626006] NetLabel:  unlabeled traffic allowed by default
[    0.626635] PCI: Using ACPI for IRQ routing
[    0.627053] pci 0000:00:02.0: vgaarb: setting as boot VGA device
[    0.627411] pci 0000:00:02.0: vgaarb: bridge control possible
[    0.627745] pci 0000:00:02.0: vgaarb: VGA device added: decodes=io+mem,owns=io+mem,locks=none
[    0.628233] vgaarb: loaded
[    0.628781] hpet0: at MMIO 0xfed00000, IRQs 2, 8, 0
[    0.629081] hpet0: 3 comparators, 64-bit 100.000000 MHz counter
[    2.563152] clocksource: Switched to clocksource kvm-clock
[    2.564165] VFS: Disk quotas dquot_6.6.0
[    2.564440] VFS: Dquot-cache hash table entries: 512 (order 0, 4096 bytes)
[    2.565064] pnp: PnP ACPI init
[    2.565716] pnp: PnP ACPI: found 6 devices
[    2.575389] clocksource: acpi_pm: mask: 0xffffff max_cycles: 0xffffff, max_idle_ns: 2085701024 ns
[    2.576237] NET: Registered PF_INET protocol family
[    2.576686] IP idents hash table entries: 32768 (order: 6, 262144 bytes, linear)
[    2.577920] tcp_listen_portaddr_hash hash table entries: 1024 (order: 4, 73728 bytes, linear)
[    2.578457] Table-perturb hash table entries: 65536 (order: 6, 262144 bytes, linear)
[    2.578907] TCP established hash table entries: 16384 (order: 5, 131072 bytes, linear)
[    2.579541] TCP bind hash table entries: 16384 (order: 9, 2359296 bytes, linear)
[    2.581575] TCP: Hash tables configured (established 16384 bind 16384)
[    2.582099] UDP hash table entries: 1024 (order: 5, 163840 bytes, linear)
[    2.582574] UDP-Lite hash table entries: 1024 (order: 5, 163840 bytes, linear)
[    2.583174] NET: Registered PF_UNIX/PF_LOCAL protocol family
[    2.590237] RPC: Registered named UNIX socket transport module.
[    2.590598] RPC: Registered udp transport module.
[    2.590870] RPC: Registered tcp transport module.
[    2.591145] RPC: Registered tcp NFSv4.1 backchannel transport module.
[    2.591531] pci_bus 0000:00: resource 4 [io  0x0000-0x0cf7 window]
[    2.591891] pci_bus 0000:00: resource 5 [io  0x0d00-0xffff window]
[    2.592251] pci_bus 0000:00: resource 6 [mem 0x000a0000-0x000bffff window]
[    2.592650] pci_bus 0000:00: resource 7 [mem 0x80000000-0xfebfffff window]
[    2.593048] pci_bus 0000:00: resource 8 [mem 0x100000000-0x17fffffff window]
[    2.593630] pci 0000:00:01.0: PIIX3: Enabling Passive Release
[    2.593971] pci 0000:00:00.0: Limiting direct PCI/PCI transfers
[    2.594397] PCI: CLS 0 bytes, default 64
[    2.594672] ACPI: bus type thunderbolt registered
[    2.595192] clocksource: tsc: mask: 0xffffffffffffffff max_cycles: 0x3407c077a8d, max_idle_ns: 440795342283 ns
[    2.606160] Callback from call_rcu_tasks_rude() invoked.
[    2.666036] Callback from call_rcu_tasks() invoked.
[    2.694482] Initialise system trusted keyrings
[    2.694801] Key type blacklist registered
[    2.695329] workingset: timestamp_bits=36 max_order=19 bucket_order=0
[    2.703559] zbud: loaded
[    2.705419] squashfs: version 4.0 (2009/01/31) Phillip Lougher
[    2.706965] NFS: Registering the id_resolver key type
[    2.707261] Key type id_resolver registered
[    2.707490] Key type id_legacy registered
[    2.707792] nfs4filelayout_init: NFSv4 File Layout Driver Registering...
[    2.708176] nfs4flexfilelayout_init: NFSv4 Flexfile Layout Driver Registering...
[    2.708795] fuse: init (API version 7.37)
[    2.709352] SGI XFS with ACLs, security attributes, realtime, quota, no debug enabled
[    2.711795] 9p: Installing v9fs 9p2000 file system support
[    2.717696] Key type asymmetric registered
[    2.717966] Asymmetric key parser 'x509' registered
[    2.719504] alg: self-tests for CTR-KDF (hmac(sha256)) passed
[    2.719887] Block layer SCSI generic (bsg) driver version 0.4 loaded (major 243)
[    2.720406] io scheduler mq-deadline registered
[    2.720754] io scheduler bfq registered
[    2.721621] shpchp: Standard Hot Plug PCI Controller Driver version: 0.4
[    2.722348] IPMI message handler: version 39.2
[    2.722631] ipmi device interface
[    2.724028] input: Power Button as /devices/LNXSYSTM:00/LNXPWRBN:00/input/input0
[    2.724663] ACPI: button: Power Button [PWRF]
[    2.725641] ERST DBG: ERST support is disabled.
[    2.726321] Serial: 8250/16550 driver, 32 ports, IRQ sharing enabled
[    2.727057] 00:04: ttyS0 at I/O 0x3f8 (irq = 4, base_baud = 115200) is a 16550A
[    2.734139] Linux agpgart interface v0.103
[    2.734811] ACPI: bus type drm_connector registered
[    2.744879] brd: module loaded
[    2.751525] loop: module loaded
[    2.755119] scsi host0: ata_piix
[    2.755879] scsi host1: ata_piix
[    2.756187] ata1: PATA max MWDMA2 cmd 0x1f0 ctl 0x3f6 bmdma 0xc040 irq 14
[    2.756562] ata2: PATA max MWDMA2 cmd 0x170 ctl 0x376 bmdma 0xc048 irq 15
[    2.757738] tun: Universal TUN/TAP device driver, 1.6
[    2.758234] e100: Intel(R) PRO/100 Network Driver
[    2.758495] e100: Copyright(c) 1999-2006 Intel Corporation
[    2.758823] e1000: Intel(R) PRO/1000 Network Driver
[    2.759095] e1000: Copyright (c) 1999-2006 Intel Corporation.
[    2.901863] ACPI: \_SB_.LNKC: Enabled at IRQ 11
[    2.914266] ata1: found unknown device (class 0)
[    2.915293] ata1.00: ATA-7: QEMU HARDDISK, 2.5+, max UDMA/100
[    2.915632] ata1.00: 16777216 sectors, multi 16: LBA48 
[    2.916328] ata2: found unknown device (class 0)
[    2.916599] scsi 0:0:0:0: Direct-Access     ATA      QEMU HARDDISK    2.5+ PQ: 0 ANSI: 5
[    2.917025] ata2.00: ATAPI: QEMU DVD-ROM, 2.5+, max UDMA/100
[    2.918183] sd 0:0:0:0: Attached scsi generic sg0 type 0
[    2.918224] sd 0:0:0:0: [sda] 16777216 512-byte logical blocks: (8.59 GB/8.00 GiB)
[    2.918957] scsi 1:0:0:0: CD-ROM            QEMU     QEMU DVD-ROM     2.5+ PQ: 0 ANSI: 5
[    2.918988] sd 0:0:0:0: [sda] Write Protect is off
[    2.919736] sd 0:0:0:0: [sda] Write cache: enabled, read cache: enabled, doesn't support DPO or FUA
[    2.920333] sd 0:0:0:0: [sda] Preferred minimum I/O size 512 bytes
[    2.931103] sd 0:0:0:0: [sda] Attached SCSI disk
[    2.946706] scsi 1:0:0:0: Attached scsi generic sg1 type 5
[    3.228400] e1000 0000:00:03.0 eth0: (PCI:33MHz:32-bit) 52:54:00:12:34:56
[    3.228824] e1000 0000:00:03.0 eth0: Intel(R) PRO/1000 Network Connection
[    3.229290] e1000e: Intel(R) PRO/1000 Network Driver
[    3.229575] e1000e: Copyright(c) 1999 - 2015 Intel Corporation.
[    3.229971] igb: Intel(R) Gigabit Ethernet Network Driver
[    3.230285] igb: Copyright (c) 2007-2014 Intel Corporation.
[    3.230681] PPP generic driver version 2.4.2
[    3.231398] VFIO - User Level meta-driver version: 0.3
[    3.232190] usbcore: registered new interface driver uas
[    3.232545] usbcore: registered new interface driver usb-storage
[    3.233009] i8042: PNP: PS/2 Controller [PNP0303:KBD,PNP0f13:MOU] at 0x60,0x64 irq 1,12
[    3.234065] serio: i8042 KBD port at 0x60,0x64 irq 1
[    3.234387] serio: i8042 AUX port at 0x60,0x64 irq 12
[    3.235417] mousedev: PS/2 mouse device common for all mice
[    3.236509] input: AT Translated Set 2 keyboard as /devices/platform/i8042/serio0/input/input1
[    3.237301] rtc_cmos 00:05: RTC can wake from S4
[    3.237777] input: VirtualPS/2 VMware VMMouse as /devices/platform/i8042/serio1/input/input4
[    3.238498] rtc_cmos 00:05: registered as rtc0
[    3.238802] input: VirtualPS/2 VMware VMMouse as /devices/platform/i8042/serio1/input/input3
[    3.238828] rtc_cmos 00:05: setting system clock to 2023-03-15T06:00:37 UTC (1678860037)
[    3.239863] rtc_cmos 00:05: alarms up to one day, y3k, 242 bytes nvram, hpet irqs
[    3.240353] i2c_dev: i2c /dev entries driver
[    3.240641] device-mapper: core: CONFIG_IMA_DISABLE_HTABLE is disabled. Duplicate IMA measurements will not be recorded in the IMA log.
[    3.241415] device-mapper: uevent: version 1.0.3
[    3.241880] device-mapper: ioctl: 4.47.0-ioctl (2022-07-28) initialised: dm-devel@redhat.com
[    3.242377] intel_pstate: CPU model not supported
[    3.242712] sdhci: Secure Digital Host Controller Interface driver
[    3.243071] sdhci: Copyright(c) Pierre Ossman
[    3.243369] sdhci-pltfm: SDHCI platform and OF driver helper
[    3.243817] ledtrig-cpu: registered to indicate activity on CPUs
[    3.244450] drop_monitor: Initializing network drop monitor service
[    3.245210] NET: Registered PF_INET6 protocol family
[    3.246945] Segment Routing with IPv6
[    3.247203] In-situ OAM (IOAM) with IPv6
[    3.247468] NET: Registered PF_PACKET protocol family
[    3.247975] 9pnet: Installing 9P2000 support
[    3.248272] Key type dns_resolver registered
[    3.249128] IPI shorthand broadcast: enabled
[    3.249423] sched_clock: Marking stable (3239570133, 9380282)->(3263377848, -14427433)
[    3.250355] registered taskstats version 1
[    3.250728] Loading compiled-in X.509 certificates
[    3.251515] zswap: loaded using pool lzo/zbud
[    3.252258] Key type .fscrypt registered
[    3.252494] Key type fscrypt-provisioning registered
[    3.253601] Key type encrypted registered
[    3.253901] ima: No TPM chip found, activating TPM-bypass!
[    3.254238] ima: Allocated hash algorithm: sha1
[    3.254538] ima: No architecture policies found
[    3.254870] evm: Initialising EVM extended attributes:
[    3.255172] evm: security.selinux
[    3.255368] evm: security.SMACK64
[    3.255563] evm: security.SMACK64EXEC
[    3.255779] evm: security.SMACK64TRANSMUTE
[    3.256018] evm: security.SMACK64MMAP
[    3.256233] evm: security.apparmor
[    3.256435] evm: security.ima
[    3.256611] evm: security.capability
[    3.256821] evm: HMAC attrs: 0x1
[    3.260550] PM:   Magic number: 15:702:13
[    3.261117] RAS: Correctable Errors collector initialized.
[    3.262345] md: Waiting for all devices to be available before autodetect
[    3.262626] md: If you don't use raid, use raid=noautodetect
[    3.262851] md: Autodetecting RAID arrays.
[    3.263024] md: autorun ...
[    3.263139] md: ... autorun DONE.
[    3.266847] EXT4-fs (sda): INFO: recovery required on readonly filesystem
[    3.267143] EXT4-fs (sda): write access will be enabled during recovery
[    3.306180] EXT4-fs (sda): recovery complete
[    3.312193] EXT4-fs (sda): mounted filesystem with ordered data mode. Quota mode: none.
[    3.312840] VFS: Mounted root (ext4 filesystem) readonly on device 8:0.
[    3.313964] devtmpfs: mounted
[    3.319244] Freeing unused decrypted memory: 2036K
[    3.320926] Freeing unused kernel image (initmem) memory: 3672K
[    3.321193] Write protecting the kernel read-only data: 43008k
[    3.323689] Freeing unused kernel image (text/rodata gap) memory: 2028K
[    3.324230] Freeing unused kernel image (rodata/data gap) memory: 372K
[    3.394508] x86/mm: Checked W+X mappings: passed, no W+X pages found.
[    3.394780] Run /sbin/init as init process
[    3.464693] systemd[1]: RTC configured in localtime, applying delta of 0 minutes to system time.
[    3.485855] systemd[1]: systemd 239 (239-49.el8) running in system mode. (+PAM +AUDIT +SELINUX +IMA -APPARMOR +SMACK +SYSVINIT +UTMP +LIBCRYPTSETUP +GCRYPT +GNUTLS +ACL +XZ +LZ4 +SECCOMP +BLKID +ELFUTILS +KMOD +IDN2 -IDN +PCRE2 default-hierarchy=legacy)
[    3.486907] systemd[1]: Detected virtualization kvm.
[    3.487118] systemd[1]: Detected architecture x86-64.

Welcome to [0;31mCentOS Stream 8[0m!

[    3.532261] systemd[1]: Set hostname to <test>.
[    4.578077] random: crng init done
[    4.671528] systemd[1]: Listening on multipathd control socket.
[[0;32m  OK  [0m] Listening on multipathd control socket.
[    4.674202] systemd[1]: Created slice system-sshd\x2dkeygen.slice.
[[0;32m  OK  [0m] Created slice system-sshd\x2dkeygen.slice.
[    4.675409] systemd[1]: Created slice User and Session Slice.
[[0;32m  OK  [0m] Created slice User and Session Slice.
[    4.681441] systemd[1]: Listening on Process Core Dump Socket.
[[0;32m  OK  [0m] Listening on Process Core Dump Socket.
[    4.682182] systemd[1]: Listening on initctl Compatibility Named Pipe.
[[0;32m  OK  [0m] Listening on initctl Compatibility Named Pipe.
[    4.683059] systemd[1]: Listening on Journal Socket.
[[0;32m  OK  [0m] Listening on Journal Socket.
         Mounting Huge Pages File System...
         Starting Setup Virtual Console...
         Mounting Kernel Debug File System...
         Starting Remount Root and Kernel File Systems...
[[0;32m  OK  [0m] Created slice system-serial\x2dgetty.slice.
[[0;32m  OK  [0m] Reached target Swap.
[[0;32m  OK  [0m] Listening on Device-mapper event daemon FIFOs.
         Starting Monitoring of LVM2 mirrorsâ€¦ng dmeventd or progress polling...
         Starting Load Kernel Modules...
[[0;32m  OK  [0m] Listening on LVM2 poll daemon socket.
[[0;32m  OK  [0m] Listening on RPCbind Server Activation Socket.
[[0;32m  OK  [0m] Reached target RPC Port Mapper.
[[0;32m  OK  [0m] Listening on udev Kernel Socket.
[[0;32m  OK  [0m] Created slice system-getty.slice.
[[0;32m  OK  [0m] Started Forward Password Requests to Wall Directory Watch.
[[0;32m  OK  [0m] Listening on Journal Socket (/dev/log).
         Starting Journal Service...
[[0;32m  OK  [0m] Set up automount Arbitrary Executabâ€¦rmats File System Automount Point.
[[0;32m  OK  [0m] Listening on udev Control Socket.
         Starting udev Coldplug all Devices...
[[0;32m  OK  [0m] Reached target Slices.
         Mounting POSIX Message Queue File System...
[[0;32m  OK  [0m] Mounted Huge Pages File System.
[[0;32m  OK  [0m] Mounted Kernel Debug File System.
[    4.962382] EXT4-fs (sda): re-mounted. Quota mode: none.
[[0;32m  OK  [0m] Started Monitoring of LVM2 mirrors,â€¦sing dmeventd or progress polling.
[[0;32m  OK  [0m] Started Journal Service.
[[0;32m  OK  [0m] Started Remount Root and Kernel File Systems.
[[0;32m  OK  [0m] Started Setup Virtual Console.
[[0;1;31mFAILED[0m] Failed to start Load Kernel Modules.
See 'systemctl status systemd-modules-load.service' for details.
[[0;32m  OK  [0m] Mounted POSIX Message Queue File System.
         Mounting Kernel Configuration File System...
         Starting Apply Kernel Variables...
         Mounting FUSE Control File System...
         Starting Create Static Device Nodes in /dev...
         Starting Load/Save Random Seed...
         Starting Flush Journal to Persistent Storage...
[[0;32m  OK  [0m] Mounted Kernel Configuration File System.
[[0;32m  OK  [0m] Started Apply Kernel Variables.
[[0;32m  OK  [0m] Mounted FUSE Control File System.
[[0;32m  OK  [0m] Started Load/Save Random Seed.
[[0;32m  OK  [0m] Started Create Static Device Nodes in /dev.
         Starting udev Kernel Device Manager...
[[0;32m  OK  [0m] Started Flush Journal to Persistent Storage.
[[0;32m  OK  [0m] Started udev Coldplug all Devices.
         Starting udev Wait for Complete Device Initialization...
[[0;32m  OK  [0m] Started udev Kernel Device Manager.
         Starting Show Plymouth Boot Screen...
[[0;32m  OK  [0m] Started Show Plymouth Boot Screen.
[[0;32m  OK  [0m] Started Forward Password Requests to Plymouth Directory Watch.
[[0;32m  OK  [0m] Reached target Paths.
[[0;32m  OK  [0m] Reached target Local Encrypted Volumes.
[[0;32m  OK  [0m] Found device /dev/ttyS0.
[[0;32m  OK  [0m] Started udev Wait for Complete Device Initialization.
[[0;32m  OK  [0m] Listening on Load/Save RF Kill Switch Status /dev/rfkill Watch.
[[0;32m  OK  [0m] Reached target Local File Systems (Pre).
[[0;32m  OK  [0m] Reached target Local File Systems.
         Starting Restore /run/initramfs on shutdown...
         Starting Create Volatile Files and Directories...
         Starting Tell Plymouth To Write Out Runtime Data...
[[0;32m  OK  [0m] Started Restore /run/initramfs on shutdown.
[[0;32m  OK  [0m] Started Tell Plymouth To Write Out Runtime Data.
[[0;32m  OK  [0m] Started Create Volatile Files and Directories.
         Mounting RPC Pipe File System...
         Starting Security Auditing Service...
         Starting RPC Bind...
[[0;32m  OK  [0m] Mounted RPC Pipe File System.
[[0;32m  OK  [0m] Reached target rpc_pipefs.target.
[[0;32m  OK  [0m] Started RPC Bind.
[[0;32m  OK  [0m] Started Security Auditing Service.
         Starting Update UTMP about System Boot/Shutdown...
[[0;32m  OK  [0m] Started Update UTMP about System Boot/Shutdown.
[[0;32m  OK  [0m] Reached target System Initialization.
[[0;32m  OK  [0m] Started dnf makecache --timer.
[[0;32m  OK  [0m] Listening on D-Bus System Message Bus Socket.
[[0;32m  OK  [0m] Started Daily Cleanup of Temporary Directories.
[[0;32m  OK  [0m] Listening on SSSD Kerberos Cache Manager responder socket.
[[0;32m  OK  [0m] Reached target Sockets.
[[0;32m  OK  [0m] Reached target Basic System.
[[0;32m  OK  [0m] Started D-Bus System Message Bus.
         Starting Authorization Manager...
         Starting Login Service...
[[0;32m  OK  [0m] Started Machine Check Exception Logging Daemon.
         Starting Self Monitoring and Reporting Technology (SMART) Daemon...
         Starting NTP client/server...
[[0;32m  OK  [0m] Reached target sshd-keygen.target.
         Starting Network Manager...
[[0;32m  OK  [0m] Started daily update of the root trust anchor for DNSSEC.
[[0;32m  OK  [0m] Reached target Timers.
         Starting Auto-connect to subsystemsâ€¦-NVME devices found during boot...
[[0;32m  OK  [0m] Started irqbalance daemon.
[[0;32m  OK  [0m] Started Auto-connect to subsystems â€¦FC-NVME devices found during boot.
         Starting update of the root trust aâ€¦or DNSSEC validation in unbound...
[[0;32m  OK  [0m] Started Self Monitoring and Reporting Technology (SMART) Daemon.
[[0;32m  OK  [0m] Started Login Service.
[[0;32m  OK  [0m] Started Network Manager.
[[0;32m  OK  [0m] Reached target Network.
         Starting GSSAPI Proxy Daemon...
         Starting OpenSSH server daemon...
         Starting Dynamic System Tuning Daemon...
         Starting Network Manager Wait Online...
[[0;32m  OK  [0m] Started update of the root trust anâ€¦ for DNSSEC validation in unbound.
[[0;32m  OK  [0m] Started NTP client/server.
[[0;32m  OK  [0m] Started Authorization Manager.
         Starting Hostname Service...
[[0;32m  OK  [0m] Started GSSAPI Proxy Daemon.
[[0;32m  OK  [0m] Reached target NFS client services.
[[0;32m  OK  [0m] Reached target Remote File Systems (Pre).
[[0;32m  OK  [0m] Reached target Remote File Systems.
         Starting Permit User Sessions...
[[0;32m  OK  [0m] Started OpenSSH server daemon.
[[0;32m  OK  [0m] Started Permit User Sessions.
         Starting Hold until boot process finishes up...
[[0;32m  OK  [0m] Started Command Scheduler.
         Starting Terminate Plymouth Boot Screen...
[    6.470224] e1000: eth0 NIC Link is Up 1000 Mbps Full Duplex, Flow Control: RX
[    6.470854] IPv6: ADDRCONF(NETDEV_CHANGE): eth0: link becomes ready
[    6.654940] Spectre V2 : WARNING: Unprivileged eBPF is enabled with eIBRS on, data leaks possible via Spectre v2 BHB attacks!
[    6.655451] Spectre V2 : WARNING: Unprivileged eBPF is enabled with eIBRS on, data leaks possible via Spectre v2 BHB attacks!

CentOS Stream 8
Kernel 6.1.0-rc3-90153f928bee+ on an x86_64

test login: [   29.135074] hrtimer: interrupt took 1111922 ns
[   55.526302] rcu_tasks_wait_gp: rcu_tasks grace period 9 is 3067 jiffies old.
[   85.894317] rcu_tasks_wait_gp: rcu_tasks grace period 9 is 10659 jiffies old.
[  176.098408] rcu_tasks_wait_gp: rcu_tasks grace period 9 is 33211 jiffies old.
[  300.130345] INFO: task repro:611 blocked for more than 147 seconds.
[  300.130818]       Not tainted 6.1.0-rc3-90153f928bee+ #1
[  300.131172] "echo 0 > /proc/sys/kernel/hung_task_timeout_secs" disables this message.
[  300.131639] task:repro           state:D stack:0     pid:611   ppid:609    flags:0x00004006
[  300.132196] Call Trace:
[  300.132421]  <TASK>
[  300.132771]  __schedule+0x344/0xad0
[  300.133287]  ? wait_for_completion+0x7b/0x180
[  300.133637]  schedule+0x5b/0xe0
[  300.133960]  schedule_timeout+0x554/0x640
[  300.134831]  ? schedule_timeout+0x9/0x640
[  300.135333]  ? wait_for_completion+0x7b/0x180
[  300.135685]  wait_for_completion+0xa6/0x180
[  300.136244]  __wait_rcu_gp+0x136/0x160
[  300.136624]  ? ftrace_kill+0x40/0x40
[  300.136914]  ? ftrace_kill+0x40/0x40
[  300.137253]  synchronize_rcu_tasks_generic.part.24+0x3b/0x60
[  300.137641]  ? call_rcu_tasks_generic+0x320/0x320
[  300.138187]  ? rcu_tasks_pregp_step+0x20/0x20
[  300.138711]  ? verify_cpu+0xa0/0x100
[  300.139105]  synchronize_rcu_tasks_generic+0x2b/0x70
[  300.139506]  synchronize_rcu_tasks+0x19/0x20
[  300.139853]  ftrace_shutdown+0x1d2/0x410
[  300.140362]  unregister_ftrace_function+0x35/0x220
[  300.140787]  ? __sanitizer_cov_trace_switch+0x57/0xa0
[  300.141294]  perf_ftrace_event_register+0x95/0xf0
[  300.141667]  ? perf_tp_event_init+0xa0/0xa0
[  300.142192]  perf_trace_destroy+0x3a/0xa0
[  300.142529]  ? perf_tp_event_init+0xa0/0xa0
[  300.142872]  tp_perf_event_destroy+0x1e/0x30
[  300.143249]  _free_event+0x101/0x7e0
[  300.143688]  put_event+0x3c/0x50
[  300.144038]  perf_event_release_kernel+0x2fd/0x380
[  300.144388]  ? perf_event_release_kernel+0x9/0x380
[  300.144885]  ? perf_event_release_kernel+0x380/0x380
[  300.145317]  perf_release+0x22/0x30
[  300.145656]  __fput+0x11f/0x450
[  300.146415]  ____fput+0x1e/0x30
[  300.146740]  task_work_run+0xb6/0x120
[  300.147210]  do_exit+0x547/0x1360
[  300.147617]  ? write_comp_data+0x2f/0x90
[  300.148116]  do_group_exit+0x5e/0xf0
[  300.148556]  get_signal+0x148f/0x1490
[  300.149291]  arch_do_signal_or_restart+0x3b/0x820
[  300.149932]  ? arch_do_signal_or_restart+0x9/0x820
[  300.150485]  ? lockdep_hardirqs_on+0x8a/0x110
[  300.151008]  exit_to_user_mode_prepare+0x13b/0x210
[  300.151432]  syscall_exit_to_user_mode+0x2d/0x60
[  300.151819]  do_syscall_64+0x4a/0x90
[  300.152163]  entry_SYSCALL_64_after_hwframe+0x63/0xcd
[  300.152523] RIP: 0033:0x7f1a92b6059d
[  300.152826] RSP: 002b:00007ffd7fa74318 EFLAGS: 00000246 ORIG_RAX: 000000000000012a
[  300.153338] RAX: 0000000000000003 RBX: 0000000000000000 RCX: 00007f1a92b6059d
[  300.153778] RDX: 0000000000000000 RSI: 00000000ffffffff RDI: 00000000200004c0
[  300.154394] RBP: 00007ffd7fa74330 R08: 0000000000000000 R09: 00007ffd7fa74330
[  300.154833] R10: 00000000ffffffff R11: 0000000000000246 R12: 00000000004011e0
[  300.155278] R13: 00007ffd7fa74450 R14: 0000000000000000 R15: 0000000000000000
[  300.156229]  </TASK>
[  300.156440] 
[  300.156440] Showing all locks held in the system:
[  300.156840] 1 lock held by rcu_tasks_kthre/11:
[  300.157156]  #0: ffffffff83b63c90 (rcu_tasks.tasks_gp_mutex){+.+.}-{3:3}, at: rcu_tasks_one_gp+0x2d/0x3d0
[  300.157984] 1 lock held by rcu_tasks_rude_/12:
[  300.158476]  #0: ffffffff83b63a10 (rcu_tasks_rude.tasks_gp_mutex){+.+.}-{3:3}, at: rcu_tasks_one_gp+0x2d/0x3d0
[  300.159318] 1 lock held by rcu_tasks_trace/13:
[  300.159633]  #0: ffffffff83b63750 (rcu_tasks_trace.tasks_gp_mutex){+.+.}-{3:3}, at: rcu_tasks_one_gp+0x2d/0x3d0
[  300.160478] 1 lock held by khungtaskd/29:
[  300.160771]  #0: ffffffff83b646a0 (rcu_read_lock){....}-{1:2}, at: debug_show_all_locks+0x27/0x18c
[  300.161578] 2 locks held by repro/611:
[  300.161863]  #0: ffffffff83c21e28 (event_mutex){+.+.}-{3:3}, at: perf_trace_destroy+0x21/0xa0
[  300.162893]  #1: ffffffff83c1e308 (ftrace_lock){+.+.}-{3:3}, at: unregister_ftrace_function+0x2b/0x220
[  300.163706] 1 lock held by repro/617:
[  300.163987] 
[  300.164160] =============================================
[  300.164160] 
[  446.754332] rcu_tasks_wait_gp: rcu_tasks grace period 9 is 100875 jiffies old.
[  447.586356] INFO: task repro:611 blocked for more than 294 seconds.
[  447.586826]       Not tainted 6.1.0-rc3-90153f928bee+ #1
[  447.587188] "echo 0 > /proc/sys/kernel/hung_task_timeout_secs" disables this message.
[  447.587663] task:repro           state:D stack:0     pid:611   ppid:609    flags:0x00004006
[  447.588231] Call Trace:
[  447.588456]  <TASK>
[  447.588817]  __schedule+0x344/0xad0
[  447.589341]  ? wait_for_completion+0x7b/0x180
[  447.589697]  schedule+0x5b/0xe0
[  447.591047]  schedule_timeout+0x554/0x640
[  447.591638]  ? schedule_timeout+0x9/0x640
[  447.592153]  ? wait_for_completion+0x7b/0x180
[  447.592506]  wait_for_completion+0xa6/0x180
[  447.593077]  __wait_rcu_gp+0x136/0x160
[  447.593461]  ? ftrace_kill+0x40/0x40
[  447.593753]  ? ftrace_kill+0x40/0x40
[  447.594279]  synchronize_rcu_tasks_generic.part.24+0x3b/0x60
[  447.594674]  ? call_rcu_tasks_generic+0x320/0x320
[  447.595049]  ? rcu_tasks_pregp_step+0x20/0x20
[  447.595589]  ? verify_cpu+0xa0/0x100
[  447.595985]  synchronize_rcu_tasks_generic+0x2b/0x70
[  447.596397]  synchronize_rcu_tasks+0x19/0x20
[  447.596750]  ftrace_shutdown+0x1d2/0x410
[  447.597266]  unregister_ftrace_function+0x35/0x220
[  447.597703]  ? __sanitizer_cov_trace_switch+0x57/0xa0
[  447.598533]  perf_ftrace_event_register+0x95/0xf0
[  447.598909]  ? perf_tp_event_init+0xa0/0xa0
[  447.599257]  perf_trace_destroy+0x3a/0xa0
[  447.599600]  ? perf_tp_event_init+0xa0/0xa0
[  447.599948]  tp_perf_event_destroy+0x1e/0x30
[  447.600331]  _free_event+0x101/0x7e0
[  447.600776]  put_event+0x3c/0x50
[  447.601133]  perf_event_release_kernel+0x2fd/0x380
[  447.601488]  ? perf_event_release_kernel+0x9/0x380
[  447.601992]  ? perf_event_release_kernel+0x380/0x380
[  447.602613]  perf_release+0x22/0x30
[  447.602957]  __fput+0x11f/0x450
[  447.603483]  ____fput+0x1e/0x30
[  447.603812]  task_work_run+0xb6/0x120
[  447.604292]  do_exit+0x547/0x1360
[  447.604704]  ? write_comp_data+0x2f/0x90
[  447.605212]  do_group_exit+0x5e/0xf0
[  447.605663]  get_signal+0x148f/0x1490
[  447.606591]  arch_do_signal_or_restart+0x3b/0x820
[  447.607244]  ? arch_do_signal_or_restart+0x9/0x820
[  447.607620]  ? lockdep_hardirqs_on+0x8a/0x110
[  447.608150]  exit_to_user_mode_prepare+0x13b/0x210
[  447.608581]  syscall_exit_to_user_mode+0x2d/0x60
[  447.608977]  do_syscall_64+0x4a/0x90
[  447.609325]  entry_SYSCALL_64_after_hwframe+0x63/0xcd
[  447.609693] RIP: 0033:0x7f1a92b6059d
[  447.610187] RSP: 002b:00007ffd7fa74318 EFLAGS: 00000246 ORIG_RAX: 000000000000012a
[  447.610706] RAX: 0000000000000003 RBX: 0000000000000000 RCX: 00007f1a92b6059d
[  447.611156] RDX: 0000000000000000 RSI: 00000000ffffffff RDI: 00000000200004c0
[  447.611602] RBP: 00007ffd7fa74330 R08: 0000000000000000 R09: 00007ffd7fa74330
[  447.612048] R10: 00000000ffffffff R11: 0000000000000246 R12: 00000000004011e0
[  447.612494] R13: 00007ffd7fa74450 R14: 0000000000000000 R15: 0000000000000000
[  447.613467]  </TASK>
[  447.613682] 
[  447.613682] Showing all locks held in the system:
[  447.614273] 1 lock held by rcu_tasks_kthre/11:
[  447.614593]  #0: ffffffff83b63c90 (rcu_tasks.tasks_gp_mutex){+.+.}-{3:3}, at: rcu_tasks_one_gp+0x2d/0x3d0
[  447.615431] 1 lock held by rcu_tasks_rude_/12:
[  447.615751]  #0: ffffffff83b63a10 (rcu_tasks_rude.tasks_gp_mutex){+.+.}-{3:3}, at: rcu_tasks_one_gp+0x2d/0x3d0
[  447.616605] 1 lock held by rcu_tasks_trace/13:
[  447.616918]  #0: ffffffff83b63750 (rcu_tasks_trace.tasks_gp_mutex){+.+.}-{3:3}, at: rcu_tasks_one_gp+0x2d/0x3d0
[  447.617765] 1 lock held by khungtaskd/29:
[  447.618239]  #0: ffffffff83b646a0 (rcu_read_lock){....}-{1:2}, at: debug_show_all_locks+0x27/0x18c
[  447.619037] 1 lock held by repro/604:
[  447.619312] 2 locks held by repro/611:
[  447.619590]  #0: ffffffff83c21e28 (event_mutex){+.+.}-{3:3}, at: perf_trace_destroy+0x21/0xa0
[  447.620355]  #1: ffffffff83c1e308 (ftrace_lock){+.+.}-{3:3}, at: unregister_ftrace_function+0x2b/0x220
[  447.621165] 
[  447.621340] =============================================
[  447.621340] 
[  595.042340] INFO: task repro:611 blocked for more than 442 seconds.
[  595.042790]       Not tainted 6.1.0-rc3-90153f928bee+ #1
[  595.043143] "echo 0 > /proc/sys/kernel/hung_task_timeout_secs" disables this message.
[  595.043604] task:repro           state:D stack:0     pid:611   ppid:609    flags:0x00004006
[  595.044150] Call Trace:
[  595.044366]  <TASK>
[  595.044709]  __schedule+0x344/0xad0
[  595.045210]  ? wait_for_completion+0x7b/0x180
[  595.045552]  schedule+0x5b/0xe0
[  595.045876]  schedule_timeout+0x554/0x640
[  595.046717]  ? schedule_timeout+0x9/0x640
[  595.047218]  ? wait_for_completion+0x7b/0x180
[  595.047568]  wait_for_completion+0xa6/0x180
[  595.048127]  __wait_rcu_gp+0x136/0x160
[  595.048502]  ? ftrace_kill+0x40/0x40
[  595.048783]  ? ftrace_kill+0x40/0x40
[  595.049112]  synchronize_rcu_tasks_generic.part.24+0x3b/0x60
[  595.049499]  ? call_rcu_tasks_generic+0x320/0x320
[  595.049866]  ? rcu_tasks_pregp_step+0x20/0x20
[  595.050650]  ? verify_cpu+0xa0/0x100
[  595.051038]  synchronize_rcu_tasks_generic+0x2b/0x70
[  595.051442]  synchronize_rcu_tasks+0x19/0x20
[  595.051783]  ftrace_shutdown+0x1d2/0x410
[  595.052278]  unregister_ftrace_function+0x35/0x220
[  595.052702]  ? __sanitizer_cov_trace_switch+0x57/0xa0
[  595.053206]  perf_ftrace_event_register+0x95/0xf0
[  595.053579]  ? perf_tp_event_init+0xa0/0xa0
[  595.053915]  perf_trace_destroy+0x3a/0xa0
[  595.054424]  ? perf_tp_event_init+0xa0/0xa0
[  595.054766]  tp_perf_event_destroy+0x1e/0x30
[  595.055144]  _free_event+0x101/0x7e0
[  595.055581]  put_event+0x3c/0x50
[  595.055931]  perf_event_release_kernel+0x2fd/0x380
[  595.056280]  ? perf_event_release_kernel+0x9/0x380
[  595.056771]  ? perf_event_release_kernel+0x380/0x380
[  595.057192]  perf_release+0x22/0x30
[  595.057522]  __fput+0x11f/0x450
[  595.058205]  ____fput+0x1e/0x30
[  595.058530]  task_work_run+0xb6/0x120
[  595.058999]  do_exit+0x547/0x1360
[  595.059397]  ? write_comp_data+0x2f/0x90
[  595.059882]  do_group_exit+0x5e/0xf0
[  595.060325]  get_signal+0x148f/0x1490
[  595.061058]  arch_do_signal_or_restart+0x3b/0x820
[  595.061687]  ? arch_do_signal_or_restart+0x9/0x820
[  595.062224]  ? lockdep_hardirqs_on+0x8a/0x110
[  595.062746]  exit_to_user_mode_prepare+0x13b/0x210
[  595.063174]  syscall_exit_to_user_mode+0x2d/0x60
[  595.063559]  do_syscall_64+0x4a/0x90
[  595.063895]  entry_SYSCALL_64_after_hwframe+0x63/0xcd
[  595.064254] RIP: 0033:0x7f1a92b6059d
[  595.064558] RSP: 002b:00007ffd7fa74318 EFLAGS: 00000246 ORIG_RAX: 000000000000012a
[  595.065066] RAX: 0000000000000003 RBX: 0000000000000000 RCX: 00007f1a92b6059d
[  595.065506] RDX: 0000000000000000 RSI: 00000000ffffffff RDI: 00000000200004c0
[  595.065945] RBP: 00007ffd7fa74330 R08: 0000000000000000 R09: 00007ffd7fa74330
[  595.066571] R10: 00000000ffffffff R11: 0000000000000246 R12: 00000000004011e0
[  595.067012] R13: 00007ffd7fa74450 R14: 0000000000000000 R15: 0000000000000000
[  595.067965]  </TASK>
[  595.068176] 
[  595.068176] Showing all locks held in the system:
[  595.068572] 1 lock held by rcu_tasks_kthre/11:
[  595.068885]  #0: ffffffff83b63c90 (rcu_tasks.tasks_gp_mutex){+.+.}-{3:3}, at: rcu_tasks_one_gp+0x2d/0x3d0
[  595.069717] 1 lock held by rcu_tasks_rude_/12:
[  595.070200]  #0: ffffffff83b63a10 (rcu_tasks_rude.tasks_gp_mutex){+.+.}-{3:3}, at: rcu_tasks_one_gp+0x2d/0x3d0
[  595.071042] 1 lock held by rcu_tasks_trace/13:
[  595.071360]  #0: ffffffff83b63750 (rcu_tasks_trace.tasks_gp_mutex){+.+.}-{3:3}, at: rcu_tasks_one_gp+0x2d/0x3d0
[  595.072204] 1 lock held by khungtaskd/29:
[  595.072495]  #0: ffffffff83b646a0 (rcu_read_lock){....}-{1:2}, at: debug_show_all_locks+0x27/0x18c
[  595.073294] 2 locks held by repro/611:
[  595.073574]  #0: ffffffff83c21e28 (event_mutex){+.+.}-{3:3}, at: perf_trace_destroy+0x21/0xa0
[  595.074644]  #1: ffffffff83c1e308 (ftrace_lock){+.+.}-{3:3}, at: unregister_ftrace_function+0x2b/0x220
[  595.075445] 1 lock held by repro/617:
[  595.075725] 
[  595.075900] =============================================
[  595.075900] 
[  646.434315] INFO: rcu_tasks detected stalls on tasks:
[  646.434690] 000000002f49adcf: .. nvcsw: 1/1 holdout: 1 idle_cpu: -1/1
[  646.435100] task:repro           state:R  running task     stack:0     pid:617   ppid:610    flags:0x00004004
[  646.435771] Call Trace:
[  646.435988]  <TASK>
[  646.436331]  __schedule+0x344/0xad0
[  646.436736]  ? __cond_resched+0x25/0x30
[  646.437153]  preempt_schedule_common+0x11/0x90
[  646.437530]  __cond_resched+0x25/0x30
[  646.437845]  mousedev_write+0xd2/0x3d0
[  646.438629]  vfs_write+0x1b6/0x780
[  646.438933]  ? mousedev_fasync+0x40/0x40
[  646.439400]  ? vfs_write+0x9/0x780
[  646.439699]  ? write_comp_data+0x2f/0x90
[  646.440188]  ksys_write+0x153/0x170
[  646.440663]  __x64_sys_write+0x27/0x30
[  646.441010]  do_syscall_64+0x3b/0x90
[  646.441347]  entry_SYSCALL_64_after_hwframe+0x63/0xcd
[  646.441702] RIP: 0033:0x7f1a92b6059d
[  646.442180] RSP: 002b:00007ffd7fa74318 EFLAGS: 00000246 ORIG_RAX: 0000000000000001
[  646.442689] RAX: ffffffffffffffda RBX: 0000000000000000 RCX: 00007f1a92b6059d
[  646.443121] RDX: 00000000fffffdef RSI: 0000000020000040 RDI: 0000000000000004
[  646.443554] RBP: 00007ffd7fa74330 R08: 00007ffd7fa74330 R09: 00007ffd7fa74330
[  646.443987] R10: 000000000000001f R11: 0000000000000246 R12: 00000000004011e0
[  646.444418] R13: 00007ffd7fa74450 R14: 0000000000000000 R15: 0000000000000000
[  646.445360]  </TASK>
[  646.462198] 000000002f85da67: .. nvcsw: 1/1 holdout: 1 idle_cpu: -1/1
[  646.462651] task:repro           state:R  running task     stack:0     pid:616   ppid:606    flags:0x00004004
[  646.463328] Call Trace:
[  646.463546]  <TASK>
[  646.463891]  __schedule+0x344/0xad0
[  646.464297]  ? __cond_resched+0x25/0x30
[  646.464716]  preempt_schedule_common+0x11/0x90
[  646.465094]  __cond_resched+0x25/0x30
[  646.465410]  mousedev_write+0xd2/0x3d0
[  646.465922]  vfs_write+0x1b6/0x780
[  646.466512]  ? mousedev_fasync+0x40/0x40
[  646.466982]  ? vfs_write+0x9/0x780
[  646.467283]  ? write_comp_data+0x2f/0x90
[  646.467772]  ksys_write+0x153/0x170
[  646.468247]  __x64_sys_write+0x27/0x30
[  646.468593]  do_syscall_64+0x3b/0x90
[  646.468930]  entry_SYSCALL_64_after_hwframe+0x63/0xcd
[  646.469286] RIP: 0033:0x7f1a92b6059d
[  646.469585] RSP: 002b:00007ffd7fa74318 EFLAGS: 00000246 ORIG_RAX: 0000000000000001
[  646.470264] RAX: ffffffffffffffda RBX: 0000000000000000 RCX: 00007f1a92b6059d
[  646.470696] RDX: 00000000fffffdef RSI: 0000000020000040 RDI: 0000000000000004
[  646.471131] RBP: 00007ffd7fa74330 R08: 00007ffd7fa74330 R09: 00007ffd7fa74330
[  646.471565] R10: 000000000000001f R11: 0000000000000246 R12: 00000000004011e0
[  646.471999] R13: 00007ffd7fa74450 R14: 0000000000000000 R15: 0000000000000000
[  646.472938]  </TASK>
[  646.750366] 0000000060f1ebc3: .. nvcsw: 1/1 holdout: 1 idle_cpu: -1/0
[  646.795515] task:repro           state:R  running task     stack:0     pid:615   ppid:603    flags:0x00004004
[  646.853617] Call Trace:
[  646.862758]  <TASK>
[  646.884951]  __schedule+0x344/0xad0
[  647.014604]  ? __cond_resched+0x25/0x30
[  647.064968]  preempt_schedule_common+0x11/0x90
[  647.128250]  __cond_resched+0x25/0x30
[  647.140890]  mousedev_write+0xd2/0x3d0
[  647.199312]  vfs_write+0x1b6/0x780
[  647.211924]  ? mousedev_fasync+0x40/0x40
[  647.275920]  ? vfs_write+0x9/0x780
[  647.288328]  ? write_comp_data+0x2f/0x90
[  647.354116]  ksys_write+0x153/0x170
[  647.418959]  __x64_sys_write+0x27/0x30
[  647.433678]  do_syscall_64+0x3b/0x90
[  647.448193]  entry_SYSCALL_64_after_hwframe+0x63/0xcd
[  647.499810] RIP: 0033:0x7f1a92b6059d
[  647.511816] RSP: 002b:00007ffd7fa74318 EFLAGS: 00000246 ORIG_RAX: 0000000000000001
[  647.568434] RAX: ffffffffffffffda RBX: 0000000000000000 RCX: 00007f1a92b6059d
[  647.580921] RDX: 00000000fffffdef RSI: 0000000020000040 RDI: 0000000000000004
[  647.593487] RBP: 00007ffd7fa74330 R08: 00007ffd7fa74330 R09: 00007ffd7fa74330
[  647.646421] R10: 000000000000001f R11: 0000000000000246 R12: 00000000004011e0
[  647.658836] R13: 00007ffd7fa74450 R14: 0000000000000000 R15: 0000000000000000
[  647.742240]  </TASK>
[  649.823001] 00000000954f7247: .. nvcsw: 1/1 holdout: 1 idle_cpu: -1/1
[  649.889200] task:repro           state:R  running task     stack:0     pid:614   ppid:605    flags:0x00004004
[  649.963369] Call Trace:
[  650.027066]  <TASK>
[  650.081090]  __schedule+0x344/0xad0
[  650.132677]  ? mousedev_write+0xdd/0x3d0
[  650.191207]  ? __sanitizer_cov_trace_switch+0x57/0xa0
[  650.204938]  ? preempt_schedule_common+0x11/0x90
[  650.258866]  ? mousedev_write+0xd2/0x3d0
[  650.320678]  ? vfs_write+0x1b6/0x780
[  650.362471]  ? mousedev_fasync+0x40/0x40
[  650.387553]  ? vfs_write+0x9/0x780
[  650.433501]  ? write_comp_data+0x2f/0x90
[  650.487922]  ? ksys_write+0x153/0x170
[  650.547700]  ? __x64_sys_write+0x27/0x30
[  650.563119]  ? do_syscall_64+0x3b/0x90
[  650.606275]  ? entry_SYSCALL_64_after_hwframe+0x63/0xcd
[  650.697107]  </TASK>
[  653.840631] 00000000bc10ed2e: .. nvcsw: 1/1 holdout: 1 idle_cpu: -1/1
[  653.898750] task:repro           state:R  running task     stack:0     pid:613   ppid:607    flags:0x00004004
[  654.020062] Call Trace:
[  654.063856]  <TASK>
[  654.084469]  __schedule+0x344/0xad0
[  654.132227]  ? __cond_resched+0x25/0x30
[  654.191911]  preempt_schedule_common+0x11/0x90
[  654.236417]  __cond_resched+0x25/0x30
[  654.249094]  mousedev_write+0xd2/0x3d0
[  654.316600]  vfs_write+0x1b6/0x780
[  654.356932]  ? mousedev_fasync+0x40/0x40
[  654.383156]  ? vfs_write+0x9/0x780
[  654.429327]  ? write_comp_data+0x2f/0x90
[  654.456854]  ksys_write+0x153/0x170
[  654.510850]  __x64_sys_write+0x27/0x30
[  654.564860]  do_syscall_64+0x3b/0x90
[  654.580352]  entry_SYSCALL_64_after_hwframe+0x63/0xcd
[  654.620078] RIP: 0033:0x7f1a92b6059d
[  654.632108] RSP: 002b:00007ffd7fa74318 EFLAGS: 00000246 ORIG_RAX: 0000000000000001
[  654.693827] RAX: ffffffffffffffda RBX: 0000000000000000 RCX: 00007f1a92b6059d
[  654.746004] RDX: 00000000fffffdef RSI: 0000000020000040 RDI: 0000000000000004
[  654.801294] RBP: 00007ffd7fa74330 R08: 00007ffd7fa74330 R09: 00007ffd7fa74330
[  654.813748] R10: 000000000000001f R11: 0000000000000246 R12: 00000000004011e0
[  654.856485] R13: 00007ffd7fa74450 R14: 0000000000000000 R15: 0000000000000000
[  654.942222]  </TASK>
[  655.438015] 0000000017c91186: .. nvcsw: 1/1 holdout: 1 idle_cpu: -1/1
[  655.547879] task:repro           state:R  running task     stack:0     pid:612   ppid:608    flags:0x00004004
[  655.611320] Call Trace:
[  655.620528]  <TASK>
[  655.640635]  __schedule+0x344/0xad0
[  655.700628]  ? __cond_resched+0x25/0x30
[  655.720691]  preempt_schedule_common+0x11/0x90
[  655.776848]  __cond_resched+0x25/0x30
[  655.787830]  ? __cond_resched+0x9/0x30
[  655.798774]  ? mousedev_write+0xd2/0x3d0
[  655.866606]  ? vfs_write+0x1b6/0x780
[  655.879107]  ? mousedev_fasync+0x40/0x40
[  655.955131]  ? vfs_write+0x9/0x780
[  655.967518]  ? write_comp_data+0x2f/0x90
[  656.025840]  ? ksys_write+0x153/0x170
[  656.053856]  ? __x64_sys_write+0x27/0x30
[  656.099458]  ? do_syscall_64+0x3b/0x90
[  656.144711]  ? entry_SYSCALL_64_after_hwframe+0x63/0xcd
[  656.227445]  </TASK>
[  660.410423] 000000003190d3ba: .. nvcsw: 0/0 holdout: 1 idle_cpu: -1/1
[  660.410865] task:repro           state:R  running task     stack:0     pid:604   ppid:602    flags:0x00004004
[  660.411546] Call Trace:
[  660.411762]  <TASK>
[  660.412104]  __schedule+0x344/0xad0
[  660.412510]  ? __cond_resched+0x25/0x30
[  660.412923]  preempt_schedule_common+0x11/0x90
[  660.413304]  __cond_resched+0x25/0x30
[  660.413622]  mousedev_write+0xd2/0x3d0
[  660.414400]  vfs_write+0x1b6/0x780
[  660.414703]  ? mousedev_fasync+0x40/0x40
[  660.415171]  ? vfs_write+0x9/0x780
[  660.415474]  ? write_comp_data+0x2f/0x90
[  660.415963]  ksys_write+0x153/0x170
[  660.416435]  __x64_sys_write+0x27/0x30
[  660.416777]  do_syscall_64+0x3b/0x90
[  660.417110]  entry_SYSCALL_64_after_hwframe+0x63/0xcd
[  660.417463] RIP: 0033:0x7f1a92b6059d
[  660.417758] RSP: 002b:00007ffd7fa74318 EFLAGS: 00000246 ORIG_RAX: 0000000000000001
[  660.418542] RAX: ffffffffffffffda RBX: 0000000000000000 RCX: 00007f1a92b6059d
[  660.418970] RDX: 00000000fffffdef RSI: 0000000020000040 RDI: 0000000000000004
[  660.419398] RBP: 00007ffd7fa74330 R08: 00007ffd7fa74330 R09: 00007ffd7fa74330
[  660.419827] R10: 000000000000001f R11: 0000000000000246 R12: 00000000004011e0
[  660.420255] R13: 00007ffd7fa74450 R14: 0000000000000000 R15: 0000000000000000
[  660.421188]  </TASK>
[  742.498354] INFO: task repro:611 blocked for more than 589 seconds.
[  742.498802]       Not tainted 6.1.0-rc3-90153f928bee+ #1
[  742.499147] "echo 0 > /proc/sys/kernel/hung_task_timeout_secs" disables this message.
[  742.499604] task:repro           state:D stack:0     pid:611   ppid:609    flags:0x00004006
[  742.500148] Call Trace:
[  742.500368]  <TASK>
[  742.500713]  __schedule+0x344/0xad0
[  742.501214]  ? wait_for_completion+0x7b/0x180
[  742.501557]  schedule+0x5b/0xe0
[  742.501875]  schedule_timeout+0x554/0x640
[  742.502702]  ? schedule_timeout+0x9/0x640
[  742.503196]  ? wait_for_completion+0x7b/0x180
[  742.503537]  wait_for_completion+0xa6/0x180
[  742.504086]  __wait_rcu_gp+0x136/0x160
[  742.504455]  ? ftrace_kill+0x40/0x40
[  742.504740]  ? ftrace_kill+0x40/0x40
[  742.505069]  synchronize_rcu_tasks_generic.part.24+0x3b/0x60
[  742.505449]  ? call_rcu_tasks_generic+0x320/0x320
[  742.505807]  ? rcu_tasks_pregp_step+0x20/0x20
[  742.506497]  ? verify_cpu+0xa0/0x100
[  742.506880]  synchronize_rcu_tasks_generic+0x2b/0x70
[  742.507275]  synchronize_rcu_tasks+0x19/0x20
[  742.507618]  ftrace_shutdown+0x1d2/0x410
[  742.508112]  unregister_ftrace_function+0x35/0x220
[  742.508530]  ? __sanitizer_cov_trace_switch+0x57/0xa0
[  742.509024]  perf_ftrace_event_register+0x95/0xf0
[  742.509387]  ? perf_tp_event_init+0xa0/0xa0
[  742.509722]  perf_trace_destroy+0x3a/0xa0
[  742.510226]  ? perf_tp_event_init+0xa0/0xa0
[  742.510559]  tp_perf_event_destroy+0x1e/0x30
[  742.510928]  _free_event+0x101/0x7e0
[  742.511358]  put_event+0x3c/0x50
[  742.511707]  perf_event_release_kernel+0x2fd/0x380
[  742.512048]  ? perf_event_release_kernel+0x9/0x380
[  742.512531]  ? perf_event_release_kernel+0x380/0x380
[  742.512956]  perf_release+0x22/0x30
[  742.513287]  __fput+0x11f/0x450
[  742.513795]  ____fput+0x1e/0x30
[  742.514289]  task_work_run+0xb6/0x120
[  742.514746]  do_exit+0x547/0x1360
[  742.515150]  ? write_comp_data+0x2f/0x90
[  742.515642]  do_group_exit+0x5e/0xf0
[  742.516071]  get_signal+0x148f/0x1490
[  742.516791]  arch_do_signal_or_restart+0x3b/0x820
[  742.517416]  ? arch_do_signal_or_restart+0x9/0x820
[  742.517777]  ? lockdep_hardirqs_on+0x8a/0x110
[  742.518459]  exit_to_user_mode_prepare+0x13b/0x210
[  742.518876]  syscall_exit_to_user_mode+0x2d/0x60
[  742.519277]  do_syscall_64+0x4a/0x90
[  742.519619]  entry_SYSCALL_64_after_hwframe+0x63/0xcd
[  742.519979] RIP: 0033:0x7f1a92b6059d
[  742.520278] RSP: 002b:00007ffd7fa74318 EFLAGS: 00000246 ORIG_RAX: 000000000000012a
[  742.520777] RAX: 0000000000000003 RBX: 0000000000000000 RCX: 00007f1a92b6059d
[  742.521206] RDX: 0000000000000000 RSI: 00000000ffffffff RDI: 00000000200004c0
[  742.521637] RBP: 00007ffd7fa74330 R08: 0000000000000000 R09: 00007ffd7fa74330
[  742.522306] R10: 00000000ffffffff R11: 0000000000000246 R12: 00000000004011e0
[  742.522736] R13: 00007ffd7fa74450 R14: 0000000000000000 R15: 0000000000000000
[  742.523667]  </TASK>
[  742.523876] 
[  742.523876] Showing all locks held in the system:
[  742.524262] 1 lock held by rcu_tasks_kthre/11:
[  742.524570]  #0: ffffffff83b63c90 (rcu_tasks.tasks_gp_mutex){+.+.}-{3:3}, at: rcu_tasks_one_gp+0x2d/0x3d0
[  742.525372] 1 lock held by rcu_tasks_rude_/12:
[  742.525679]  #0: ffffffff83b63a10 (rcu_tasks_rude.tasks_gp_mutex){+.+.}-{3:3}, at: rcu_tasks_one_gp+0x2d/0x3d0
[  742.526678] 1 lock held by rcu_tasks_trace/13:
[  742.526989]  #0: ffffffff83b63750 (rcu_tasks_trace.tasks_gp_mutex){+.+.}-{3:3}, at: rcu_tasks_one_gp+0x2d/0x3d0
[  742.527814] 1 lock held by khungtaskd/29:
[  742.528102]  #0: ffffffff83b646a0 (rcu_read_lock){....}-{1:2}, at: debug_show_all_locks+0x27/0x18c
[  742.528884] 2 locks held by repro/611:
[  742.529158]  #0: ffffffff83c21e28 (event_mutex){+.+.}-{3:3}, at: perf_trace_destroy+0x21/0xa0
[  742.529913]  #1: ffffffff83c1e308 (ftrace_lock){+.+.}-{3:3}, at: unregister_ftrace_function+0x2b/0x220
[  742.530980] 1 lock held by repro/616:
[  742.531252] 
[  742.531422] =============================================
[  742.531422] 
[  889.954354] INFO: task repro:611 blocked for more than 737 seconds.
[  889.954819]       Not tainted 6.1.0-rc3-90153f928bee+ #1
[  889.955181] "echo 0 > /proc/sys/kernel/hung_task_timeout_secs" disables this message.
[  889.955661] task:repro           state:D stack:0     pid:611   ppid:609    flags:0x00004006
[  889.956233] Call Trace:
[  889.956460]  <TASK>
[  889.956819]  __schedule+0x344/0xad0
[  889.957340]  ? wait_for_completion+0x7b/0x180
[  889.957695]  schedule+0x5b/0xe0
[  889.958310]  schedule_timeout+0x554/0x640
[  889.958901]  ? schedule_timeout+0x9/0x640
[  889.959414]  ? wait_for_completion+0x7b/0x180
[  889.959771]  wait_for_completion+0xa6/0x180
[  889.960340]  __wait_rcu_gp+0x136/0x160
[  889.960726]  ? ftrace_kill+0x40/0x40
[  889.961021]  ? ftrace_kill+0x40/0x40
[  889.961365]  synchronize_rcu_tasks_generic.part.24+0x3b/0x60
[  889.961763]  ? call_rcu_tasks_generic+0x320/0x320
[  889.962322]  ? rcu_tasks_pregp_step+0x20/0x20
[  889.962860]  ? verify_cpu+0xa0/0x100
[  889.963258]  synchronize_rcu_tasks_generic+0x2b/0x70
[  889.963671]  synchronize_rcu_tasks+0x19/0x20
[  889.964033]  ftrace_shutdown+0x1d2/0x410
[  889.964549]  unregister_ftrace_function+0x35/0x220
[  889.964984]  ? __sanitizer_cov_trace_switch+0x57/0xa0
[  889.965498]  perf_ftrace_event_register+0x95/0xf0
[  889.965878]  ? perf_tp_event_init+0xa0/0xa0
[  889.966418]  perf_trace_destroy+0x3a/0xa0
[  889.966762]  ? perf_tp_event_init+0xa0/0xa0
[  889.967115]  tp_perf_event_destroy+0x1e/0x30
[  889.967500]  _free_event+0x101/0x7e0
[  889.967946]  put_event+0x3c/0x50
[  889.968303]  perf_event_release_kernel+0x2fd/0x380
[  889.968661]  ? perf_event_release_kernel+0x9/0x380
[  889.969169]  ? perf_event_release_kernel+0x380/0x380
[  889.969605]  perf_release+0x22/0x30
[  889.969949]  __fput+0x11f/0x450
[  889.970726]  ____fput+0x1e/0x30
[  889.971056]  task_work_run+0xb6/0x120
[  889.971535]  do_exit+0x547/0x1360
[  889.971948]  ? write_comp_data+0x2f/0x90
[  889.972456]  do_group_exit+0x5e/0xf0
[  889.972906]  get_signal+0x148f/0x1490
[  889.973656]  arch_do_signal_or_restart+0x3b/0x820
[  889.974492]  ? arch_do_signal_or_restart+0x9/0x820
[  889.974869]  ? lockdep_hardirqs_on+0x8a/0x110
[  889.975403]  exit_to_user_mode_prepare+0x13b/0x210
[  889.975838]  syscall_exit_to_user_mode+0x2d/0x60
[  889.976233]  do_syscall_64+0x4a/0x90
[  889.976581]  entry_SYSCALL_64_after_hwframe+0x63/0xcd
[  889.976951] RIP: 0033:0x7f1a92b6059d
[  889.977260] RSP: 002b:00007ffd7fa74318 EFLAGS: 00000246 ORIG_RAX: 000000000000012a
[  889.977782] RAX: 0000000000000003 RBX: 0000000000000000 RCX: 00007f1a92b6059d
[  889.978422] RDX: 0000000000000000 RSI: 00000000ffffffff RDI: 00000000200004c0
[  889.978872] RBP: 00007ffd7fa74330 R08: 0000000000000000 R09: 00007ffd7fa74330
[  889.979324] R10: 00000000ffffffff R11: 0000000000000246 R12: 00000000004011e0
[  889.979774] R13: 00007ffd7fa74450 R14: 0000000000000000 R15: 0000000000000000
[  889.980742]  </TASK>
[  889.980961] 
[  889.980961] Showing all locks held in the system:
[  889.981368] 1 lock held by rcu_tasks_kthre/11:
[  889.981690]  #0: ffffffff83b63c90 (rcu_tasks.tasks_gp_mutex){+.+.}-{3:3}, at: rcu_tasks_one_gp+0x2d/0x3d0
[  889.982697] 1 lock held by rcu_tasks_rude_/12:
[  889.983020]  #0: ffffffff83b63a10 (rcu_tasks_rude.tasks_gp_mutex){+.+.}-{3:3}, at: rcu_tasks_one_gp+0x2d/0x3d0
[  889.983882] 1 lock held by rcu_tasks_trace/13:
[  889.984204]  #0: ffffffff83b63750 (rcu_tasks_trace.tasks_gp_mutex){+.+.}-{3:3}, at: rcu_tasks_one_gp+0x2d/0x3d0
[  889.985063] 1 lock held by khungtaskd/29:
[  889.985362]  #0: ffffffff83b646a0 (rcu_read_lock){....}-{1:2}, at: debug_show_all_locks+0x27/0x18c
[  889.986370] 2 locks held by repro/611:
[  889.986657]  #0: ffffffff83c21e28 (event_mutex){+.+.}-{3:3}, at: perf_trace_destroy+0x21/0xa0
[  889.987446]  #1: ffffffff83c1e308 (ftrace_lock){+.+.}-{3:3}, at: unregister_ftrace_function+0x2b/0x220
[  889.988273] 1 lock held by repro/612:
[  889.988560] 
[  889.988740] =============================================
[  889.988740] 
[ 1037.410329] INFO: task repro:611 blocked for more than 884 seconds.
[ 1037.410782]       Not tainted 6.1.0-rc3-90153f928bee+ #1
[ 1037.411138] "echo 0 > /proc/sys/kernel/hung_task_timeout_secs" disables this message.
[ 1037.411611] task:repro           state:D stack:0     pid:611   ppid:609    flags:0x00004006
[ 1037.412171] Call Trace:
[ 1037.412393]  <TASK>
[ 1037.412744]  __schedule+0x344/0xad0
[ 1037.413255]  ? wait_for_completion+0x7b/0x180
[ 1037.413604]  schedule+0x5b/0xe0
[ 1037.413927]  schedule_timeout+0x554/0x640
[ 1037.414780]  ? schedule_timeout+0x9/0x640
[ 1037.415285]  ? wait_for_completion+0x7b/0x180
[ 1037.415634]  wait_for_completion+0xa6/0x180
[ 1037.416194]  __wait_rcu_gp+0x136/0x160
[ 1037.416570]  ? ftrace_kill+0x40/0x40
[ 1037.416858]  ? ftrace_kill+0x40/0x40
[ 1037.417197]  synchronize_rcu_tasks_generic.part.24+0x3b/0x60
[ 1037.417584]  ? call_rcu_tasks_generic+0x320/0x320
[ 1037.417950]  ? rcu_tasks_pregp_step+0x20/0x20
[ 1037.418644]  ? verify_cpu+0xa0/0x100
[ 1037.419032]  synchronize_rcu_tasks_generic+0x2b/0x70
[ 1037.419435]  synchronize_rcu_tasks+0x19/0x20
[ 1037.419782]  ftrace_shutdown+0x1d2/0x410
[ 1037.420291]  unregister_ftrace_function+0x35/0x220
[ 1037.420723]  ? __sanitizer_cov_trace_switch+0x57/0xa0
[ 1037.421227]  perf_ftrace_event_register+0x95/0xf0
[ 1037.421597]  ? perf_tp_event_init+0xa0/0xa0
[ 1037.421940]  perf_trace_destroy+0x3a/0xa0
[ 1037.422461]  ? perf_tp_event_init+0xa0/0xa0
[ 1037.422804]  tp_perf_event_destroy+0x1e/0x30
[ 1037.423183]  _free_event+0x101/0x7e0
[ 1037.423622]  put_event+0x3c/0x50
[ 1037.423972]  perf_event_release_kernel+0x2fd/0x380
[ 1037.424320]  ? perf_event_release_kernel+0x9/0x380
[ 1037.424816]  ? perf_event_release_kernel+0x380/0x380
[ 1037.425246]  perf_release+0x22/0x30
[ 1037.425583]  __fput+0x11f/0x450
[ 1037.428541]  ____fput+0x1e/0x30
[ 1037.428880]  task_work_run+0xb6/0x120
[ 1037.429348]  do_exit+0x547/0x1360
[ 1037.429753]  ? write_comp_data+0x2f/0x90
[ 1037.430435]  do_group_exit+0x5e/0xf0
[ 1037.430878]  get_signal+0x148f/0x1490
[ 1037.431618]  arch_do_signal_or_restart+0x3b/0x820
[ 1037.432253]  ? arch_do_signal_or_restart+0x9/0x820
[ 1037.432624]  ? lockdep_hardirqs_on+0x8a/0x110
[ 1037.433146]  exit_to_user_mode_prepare+0x13b/0x210
[ 1037.433572]  syscall_exit_to_user_mode+0x2d/0x60
[ 1037.433962]  do_syscall_64+0x4a/0x90
[ 1037.434483]  entry_SYSCALL_64_after_hwframe+0x63/0xcd
[ 1037.434843] RIP: 0033:0x7f1a92b6059d
[ 1037.435150] RSP: 002b:00007ffd7fa74318 EFLAGS: 00000246 ORIG_RAX: 000000000000012a
[ 1037.435660] RAX: 0000000000000003 RBX: 0000000000000000 RCX: 00007f1a92b6059d
[ 1037.436100] RDX: 0000000000000000 RSI: 00000000ffffffff RDI: 00000000200004c0
[ 1037.436540] RBP: 00007ffd7fa74330 R08: 0000000000000000 R09: 00007ffd7fa74330
[ 1037.436979] R10: 00000000ffffffff R11: 0000000000000246 R12: 00000000004011e0
[ 1037.437420] R13: 00007ffd7fa74450 R14: 0000000000000000 R15: 0000000000000000
[ 1037.438549]  </TASK>
[ 1037.438764] 
[ 1037.438764] Showing all locks held in the system:
[ 1037.439162] 1 lock held by rcu_tasks_kthre/11:
[ 1037.439478]  #0: ffffffff83b63c90 (rcu_tasks.tasks_gp_mutex){+.+.}-{3:3}, at: rcu_tasks_one_gp+0x2d/0x3d0
[ 1037.440312] 1 lock held by rcu_tasks_rude_/12:
[ 1037.440628]  #0: ffffffff83b63a10 (rcu_tasks_rude.tasks_gp_mutex){+.+.}-{3:3}, at: rcu_tasks_one_gp+0x2d/0x3d0
[ 1037.441470] 1 lock held by rcu_tasks_trace/13:
[ 1037.441785]  #0: ffffffff83b63750 (rcu_tasks_trace.tasks_gp_mutex){+.+.}-{3:3}, at: rcu_tasks_one_gp+0x2d/0x3d0
[ 1037.442815] 1 lock held by khungtaskd/29:
[ 1037.443113]  #0: ffffffff83b646a0 (rcu_read_lock){....}-{1:2}, at: debug_show_all_locks+0x27/0x18c
[ 1037.443908] 2 locks held by systemd-journal/178:
[ 1037.444231] 2 locks held by repro/611:
[ 1037.444511]  #0: ffffffff83c21e28 (event_mutex){+.+.}-{3:3}, at: perf_trace_destroy+0x21/0xa0
[ 1037.445283]  #1: ffffffff83c1e308 (ftrace_lock){+.+.}-{3:3}, at: unregister_ftrace_function+0x2b/0x220
[ 1037.446272] 
[ 1037.446447] =============================================
[ 1037.446447] 
[ 1184.866336] INFO: task repro:611 blocked for more than 1032 seconds.
[ 1184.866796]       Not tainted 6.1.0-rc3-90153f928bee+ #1
[ 1184.867150] "echo 0 > /proc/sys/kernel/hung_task_timeout_secs" disables this message.
[ 1184.867616] task:repro           state:D stack:0     pid:611   ppid:609    flags:0x00004006
[ 1184.868162] Call Trace:
[ 1184.868382]  <TASK>
[ 1184.868732]  __schedule+0x344/0xad0
[ 1184.869237]  ? wait_for_completion+0x7b/0x180
[ 1184.869578]  schedule+0x5b/0xe0
[ 1184.869893]  schedule_timeout+0x554/0x640
[ 1184.870737]  ? schedule_timeout+0x9/0x640
[ 1184.871235]  ? wait_for_completion+0x7b/0x180
[ 1184.871574]  wait_for_completion+0xa6/0x180
[ 1184.872121]  __wait_rcu_gp+0x136/0x160
[ 1184.872490]  ? ftrace_kill+0x40/0x40
[ 1184.872769]  ? ftrace_kill+0x40/0x40
[ 1184.873099]  synchronize_rcu_tasks_generic.part.24+0x3b/0x60
[ 1184.873477]  ? call_rcu_tasks_generic+0x320/0x320
[ 1184.873834]  ? rcu_tasks_pregp_step+0x20/0x20
[ 1184.874528]  ? verify_cpu+0xa0/0x100
[ 1184.874910]  synchronize_rcu_tasks_generic+0x2b/0x70
[ 1184.875309]  synchronize_rcu_tasks+0x19/0x20
[ 1184.875648]  ftrace_shutdown+0x1d2/0x410
[ 1184.876144]  unregister_ftrace_function+0x35/0x220
[ 1184.876559]  ? __sanitizer_cov_trace_switch+0x57/0xa0
[ 1184.877052]  perf_ftrace_event_register+0x95/0xf0
[ 1184.877412]  ? perf_tp_event_init+0xa0/0xa0
[ 1184.877746]  perf_trace_destroy+0x3a/0xa0
[ 1184.882909]  ? perf_tp_event_init+0xa0/0xa0
[ 1184.883268]  tp_perf_event_destroy+0x1e/0x30
[ 1184.883636]  _free_event+0x101/0x7e0
[ 1184.884061]  put_event+0x3c/0x50
[ 1184.884401]  perf_event_release_kernel+0x2fd/0x380
[ 1184.884743]  ? perf_event_release_kernel+0x9/0x380
[ 1184.885228]  ? perf_event_release_kernel+0x380/0x380
[ 1184.885648]  perf_release+0x22/0x30
[ 1184.885978]  __fput+0x11f/0x450
[ 1184.886652]  ____fput+0x1e/0x30
[ 1184.886968]  task_work_run+0xb6/0x120
[ 1184.887427]  do_exit+0x547/0x1360
[ 1184.887821]  ? write_comp_data+0x2f/0x90
[ 1184.888307]  do_group_exit+0x5e/0xf0
[ 1184.888738]  get_signal+0x148f/0x1490
[ 1184.889457]  arch_do_signal_or_restart+0x3b/0x820
[ 1184.890311]  ? arch_do_signal_or_restart+0x9/0x820
[ 1184.890673]  ? lockdep_hardirqs_on+0x8a/0x110
[ 1184.891189]  exit_to_user_mode_prepare+0x13b/0x210
[ 1184.891606]  syscall_exit_to_user_mode+0x2d/0x60
[ 1184.891985]  do_syscall_64+0x4a/0x90
[ 1184.892319]  entry_SYSCALL_64_after_hwframe+0x63/0xcd
[ 1184.892672] RIP: 0033:0x7f1a92b6059d
[ 1184.892971] RSP: 002b:00007ffd7fa74318 EFLAGS: 00000246 ORIG_RAX: 000000000000012a
[ 1184.893469] RAX: 0000000000000003 RBX: 0000000000000000 RCX: 00007f1a92b6059d
[ 1184.893898] RDX: 0000000000000000 RSI: 00000000ffffffff RDI: 00000000200004c0
[ 1184.894506] RBP: 00007ffd7fa74330 R08: 0000000000000000 R09: 00007ffd7fa74330
[ 1184.894936] R10: 00000000ffffffff R11: 0000000000000246 R12: 00000000004011e0
[ 1184.895372] R13: 00007ffd7fa74450 R14: 0000000000000000 R15: 0000000000000000
[ 1184.896309]  </TASK>
[ 1184.896519] 
[ 1184.896519] Showing all locks held in the system:
[ 1184.896905] 1 lock held by rcu_tasks_kthre/11:
[ 1184.897212]  #0: ffffffff83b63c90 (rcu_tasks.tasks_gp_mutex){+.+.}-{3:3}, at: rcu_tasks_one_gp+0x2d/0x3d0
[ 1184.898175] 1 lock held by rcu_tasks_rude_/12:
[ 1184.898482]  #0: ffffffff83b63a10 (rcu_tasks_rude.tasks_gp_mutex){+.+.}-{3:3}, at: rcu_tasks_one_gp+0x2d/0x3d0
[ 1184.899308] 1 lock held by rcu_tasks_trace/13:
[ 1184.899615]  #0: ffffffff83b63750 (rcu_tasks_trace.tasks_gp_mutex){+.+.}-{3:3}, at: rcu_tasks_one_gp+0x2d/0x3d0
[ 1184.900438] 1 lock held by khungtaskd/29:
[ 1184.900723]  #0: ffffffff83b646a0 (rcu_read_lock){....}-{1:2}, at: debug_show_all_locks+0x27/0x18c
[ 1184.901507] 2 locks held by repro/611:
[ 1184.901780]  #0: ffffffff83c21e28 (event_mutex){+.+.}-{3:3}, at: perf_trace_destroy+0x21/0xa0
[ 1184.902711]  #1: ffffffff83c1e308 (ftrace_lock){+.+.}-{3:3}, at: unregister_ftrace_function+0x2b/0x220
[ 1184.903512] 
[ 1184.903683] =============================================
[ 1184.903683] 
[ 1247.234305] INFO: rcu_tasks detected stalls on tasks:
[ 1247.234688] 000000002f49adcf: .. nvcsw: 1/1 holdout: 1 idle_cpu: -1/0
[ 1247.235095] task:repro           state:R  running task     stack:0     pid:617   ppid:610    flags:0x00004004
[ 1247.235763] Call Trace:
[ 1247.235981]  <TASK>
[ 1247.236181]  ? rcu_read_lock_held_common+0x33/0x50
[ 1247.236617]  ? rcu_read_lock_held_common+0x5/0x50
[ 1247.236998]  ? write_comp_data+0x2f/0x90
[ 1247.237415]  ? write_comp_data+0x2f/0x90
[ 1247.237732]  ? __sanitizer_cov_trace_switch+0x57/0xa0
[ 1247.238351]  ? __might_fault+0x76/0xe0
[ 1247.238673]  ? preempt_count_add+0x9/0xc0
[ 1247.238979]  ? _raw_spin_unlock_irq+0x1e/0x60
[ 1247.239328]  ? __might_fault+0x9/0xe0
[ 1247.239615]  ? mousedev_write+0xfc/0x3d0
[ 1247.240130]  ? vfs_write+0x1b6/0x780
[ 1247.240437]  ? mousedev_fasync+0x40/0x40
[ 1247.240904]  ? vfs_write+0x9/0x780
[ 1247.241204]  ? write_comp_data+0x2f/0x90
[ 1247.241689]  ? ksys_write+0x153/0x170
[ 1247.242346]  ? __x64_sys_write+0x27/0x30
[ 1247.242692]  ? do_syscall_64+0x3b/0x90
[ 1247.243034]  ? entry_SYSCALL_64_after_hwframe+0x63/0xcd
[ 1247.243894]  </TASK>
[ 1247.254194] 000000002f85da67: .. nvcsw: 1/1 holdout: 1 idle_cpu: -1/1
[ 1247.254624] task:repro           state:R  running task     stack:0     pid:616   ppid:606    flags:0x00004004
[ 1247.255301] Call Trace:
[ 1247.255516]  <TASK>
[ 1247.255859]  __schedule+0x344/0xad0
[ 1247.256263]  ? __cond_resched+0x25/0x30
[ 1247.256678]  preempt_schedule_common+0x11/0x90
[ 1247.257053]  __cond_resched+0x25/0x30
[ 1247.257367]  mousedev_write+0xd2/0x3d0
[ 1247.257876]  vfs_write+0x1b6/0x780
[ 1247.258355]  ? mousedev_fasync+0x40/0x40
[ 1247.258820]  ? vfs_write+0x9/0x780
[ 1247.259134]  ? write_comp_data+0x2f/0x90
[ 1247.259621]  ksys_write+0x153/0x170
[ 1247.260090]  __x64_sys_write+0x27/0x30
[ 1247.260431]  do_syscall_64+0x3b/0x90
[ 1247.260765]  entry_SYSCALL_64_after_hwframe+0x63/0xcd
[ 1247.261118] RIP: 0033:0x7f1a92b6059d
[ 1247.261414] RSP: 002b:00007ffd7fa74318 EFLAGS: 00000246 ORIG_RAX: 0000000000000001
[ 1247.261911] RAX: ffffffffffffffda RBX: 0000000000000000 RCX: 00007f1a92b6059d
[ 1247.262523] RDX: 00000000fffffdef RSI: 0000000020000040 RDI: 0000000000000004
[ 1247.262954] RBP: 00007ffd7fa74330 R08: 00007ffd7fa74330 R09: 00007ffd7fa74330
[ 1247.263387] R10: 000000000000001f R11: 0000000000000246 R12: 00000000004011e0
[ 1247.263815] R13: 00007ffd7fa74450 R14: 0000000000000000 R15: 0000000000000000
[ 1247.264749]  </TASK>
[ 1247.310214] 0000000060f1ebc3: .. nvcsw: 1/1 holdout: 1 idle_cpu: -1/0
[ 1247.310623] task:repro           state:R  running task     stack:0     pid:615   ppid:603    flags:0x00004004
[ 1247.311294] Call Trace:
[ 1247.311509]  <TASK>
[ 1247.311853]  __schedule+0x344/0xad0
[ 1247.312260]  ? __cond_resched+0x25/0x30
[ 1247.312676]  preempt_schedule_common+0x11/0x90
[ 1247.313050]  __cond_resched+0x25/0x30
[ 1247.313363]  mousedev_write+0xd2/0x3d0
[ 1247.313873]  vfs_write+0x1b6/0x780
[ 1247.314352]  ? mousedev_fasync+0x40/0x40
[ 1247.314819]  ? vfs_write+0x9/0x780
[ 1247.315124]  ? write_comp_data+0x2f/0x90
[ 1247.315613]  ksys_write+0x153/0x170
[ 1247.316088]  __x64_sys_write+0x27/0x30
[ 1247.316432]  do_syscall_64+0x3b/0x90
[ 1247.316766]  entry_SYSCALL_64_after_hwframe+0x63/0xcd
[ 1247.317119] RIP: 0033:0x7f1a92b6059d
[ 1247.317414] RSP: 002b:00007ffd7fa74318 EFLAGS: 00000246 ORIG_RAX: 0000000000000001
[ 1247.317912] RAX: ffffffffffffffda RBX: 0000000000000000 RCX: 00007f1a92b6059d
[ 1247.318519] RDX: 00000000fffffdef RSI: 0000000020000040 RDI: 0000000000000004
[ 1247.318949] RBP: 00007ffd7fa74330 R08: 00007ffd7fa74330 R09: 00007ffd7fa74330
[ 1247.319381] R10: 000000000000001f R11: 0000000000000246 R12: 00000000004011e0
[ 1247.319809] R13: 00007ffd7fa74450 R14: 0000000000000000 R15: 0000000000000000
[ 1247.320741]  </TASK>
[ 1247.370308] 00000000954f7247: .. nvcsw: 1/1 holdout: 1 idle_cpu: -1/0
[ 1247.370714] task:repro           state:R  running task     stack:0     pid:614   ppid:605    flags:0x00004004
[ 1247.371396] Call Trace:
[ 1247.371616]  <TASK>
[ 1247.371965]  __schedule+0x344/0xad0
[ 1247.372378]  ? __cond_resched+0x25/0x30
[ 1247.372802]  preempt_schedule_common+0x11/0x90
[ 1247.373186]  __cond_resched+0x25/0x30
[ 1247.373507]  mousedev_write+0xd2/0x3d0
[ 1247.374196]  vfs_write+0x1b6/0x780
[ 1247.374501]  ? mousedev_fasync+0x40/0x40
[ 1247.374972]  ? vfs_write+0x9/0x780
[ 1247.375279]  ? write_comp_data+0x2f/0x90
[ 1247.375769]  ksys_write+0x153/0x170
[ 1247.376244]  __x64_sys_write+0x27/0x30
[ 1247.376586]  do_syscall_64+0x3b/0x90
[ 1247.376922]  entry_SYSCALL_64_after_hwframe+0x63/0xcd
[ 1247.377274] RIP: 0033:0x7f1a92b6059d
[ 1247.377571] RSP: 002b:00007ffd7fa74318 EFLAGS: 00000246 ORIG_RAX: 0000000000000001
[ 1247.378250] RAX: ffffffffffffffda RBX: 0000000000000000 RCX: 00007f1a92b6059d
[ 1247.378678] RDX: 00000000fffffdef RSI: 0000000020000040 RDI: 0000000000000004
[ 1247.379114] RBP: 00007ffd7fa74330 R08: 00007ffd7fa74330 R09: 00007ffd7fa74330
[ 1247.379543] R10: 000000000000001f R11: 0000000000000246 R12: 00000000004011e0
[ 1247.379973] R13: 00007ffd7fa74450 R14: 0000000000000000 R15: 0000000000000000
[ 1247.380906]  </TASK>
[ 1247.422192] 00000000bc10ed2e: .. nvcsw: 1/1 holdout: 1 idle_cpu: -1/1
[ 1247.422611] task:repro           state:R  running task     stack:0     pid:613   ppid:607    flags:0x00004004
[ 1247.423279] Call Trace:
[ 1247.423495]  <TASK>
[ 1247.423838]  __schedule+0x344/0xad0
[ 1247.424238]  ? __cond_resched+0x25/0x30
[ 1247.424653]  preempt_schedule_common+0x11/0x90
[ 1247.425031]  __cond_resched+0x25/0x30
[ 1247.425346]  mousedev_write+0xd2/0x3d0
[ 1247.425854]  vfs_write+0x1b6/0x780
[ 1247.426338]  ? mousedev_fasync+0x40/0x40
[ 1247.426805]  ? vfs_write+0x9/0x780
[ 1247.427109]  ? write_comp_data+0x2f/0x90
[ 1247.427596]  ksys_write+0x153/0x170
[ 1247.428070]  __x64_sys_write+0x27/0x30
[ 1247.428413]  do_syscall_64+0x3b/0x90
[ 1247.428745]  entry_SYSCALL_64_after_hwframe+0x63/0xcd
[ 1247.429096] RIP: 0033:0x7f1a92b6059d
[ 1247.429392] RSP: 002b:00007ffd7fa74318 EFLAGS: 00000246 ORIG_RAX: 0000000000000001
[ 1247.429889] RAX: ffffffffffffffda RBX: 0000000000000000 RCX: 00007f1a92b6059d
[ 1247.430499] RDX: 00000000fffffdef RSI: 0000000020000040 RDI: 0000000000000004
[ 1247.430926] RBP: 00007ffd7fa74330 R08: 00007ffd7fa74330 R09: 00007ffd7fa74330
[ 1247.431359] R10: 000000000000001f R11: 0000000000000246 R12: 00000000004011e0
[ 1247.431787] R13: 00007ffd7fa74450 R14: 0000000000000000 R15: 0000000000000000
[ 1247.432720]  </TASK>
[ 1247.474220] 0000000017c91186: .. nvcsw: 1/1 holdout: 1 idle_cpu: -1/1
[ 1247.474619] task:repro           state:R  running task     stack:0     pid:612   ppid:608    flags:0x00004004
[ 1247.475289] Call Trace:
[ 1247.475504]  <TASK>
[ 1247.475846]  __schedule+0x344/0xad0
[ 1247.476248]  ? __cond_resched+0x25/0x30
[ 1247.476663]  preempt_schedule_common+0x11/0x90
[ 1247.477038]  __cond_resched+0x25/0x30
[ 1247.477352]  mousedev_write+0xd2/0x3d0
[ 1247.477859]  vfs_write+0x1b6/0x780
[ 1247.478340]  ? mousedev_fasync+0x40/0x40
[ 1247.478808]  ? vfs_write+0x9/0x780
[ 1247.479110]  ? write_comp_data+0x2f/0x90
[ 1247.479597]  ksys_write+0x153/0x170
[ 1247.480068]  __x64_sys_write+0x27/0x30
[ 1247.480412]  do_syscall_64+0x3b/0x90
[ 1247.480746]  entry_SYSCALL_64_after_hwframe+0x63/0xcd
[ 1247.481097] RIP: 0033:0x7f1a92b6059d
[ 1247.481393] RSP: 002b:00007ffd7fa74318 EFLAGS: 00000246 ORIG_RAX: 0000000000000001
[ 1247.481895] RAX: ffffffffffffffda RBX: 0000000000000000 RCX: 00007f1a92b6059d
[ 1247.482503] RDX: 00000000fffffdef RSI: 0000000020000040 RDI: 0000000000000004
[ 1247.482932] RBP: 00007ffd7fa74330 R08: 00007ffd7fa74330 R09: 00007ffd7fa74330
[ 1247.483367] R10: 000000000000001f R11: 0000000000000246 R12: 00000000004011e0
[ 1247.483795] R13: 00007ffd7fa74450 R14: 0000000000000000 R15: 0000000000000000
[ 1247.484722]  </TASK>
[ 1247.534198] 000000003190d3ba: .. nvcsw: 0/0 holdout: 1 idle_cpu: -1/0
[ 1247.534663] task:repro           state:R  running task     stack:0     pid:604   ppid:602    flags:0x00004004
[ 1247.535334] Call Trace:
[ 1247.535549]  <TASK>
[ 1247.535894]  __schedule+0x344/0xad0
[ 1247.536296]  ? __cond_resched+0x25/0x30
[ 1247.536712]  preempt_schedule_common+0x11/0x90
[ 1247.537087]  __cond_resched+0x25/0x30
[ 1247.537402]  mousedev_write+0xd2/0x3d0
[ 1247.537911]  vfs_write+0x1b6/0x780
[ 1247.538394]  ? mousedev_fasync+0x40/0x40
[ 1247.538859]  ? vfs_write+0x9/0x780
[ 1247.539166]  ? write_comp_data+0x2f/0x90
[ 1247.539652]  ksys_write+0x153/0x170
[ 1247.540125]  __x64_sys_write+0x27/0x30
[ 1247.540468]  do_syscall_64+0x3b/0x90
[ 1247.540803]  entry_SYSCALL_64_after_hwframe+0x63/0xcd
[ 1247.541156] RIP: 0033:0x7f1a92b6059d
[ 1247.541452] RSP: 002b:00007ffd7fa74318 EFLAGS: 00000246 ORIG_RAX: 0000000000000001
[ 1247.541949] RAX: ffffffffffffffda RBX: 0000000000000000 RCX: 00007f1a92b6059d
[ 1247.542565] RDX: 00000000fffffdef RSI: 0000000020000040 RDI: 0000000000000004
[ 1247.542997] RBP: 00007ffd7fa74330 R08: 00007ffd7fa74330 R09: 00007ffd7fa74330
[ 1247.543431] R10: 000000000000001f R11: 0000000000000246 R12: 00000000004011e0
[ 1247.543859] R13: 00007ffd7fa74450 R14: 0000000000000000 R15: 0000000000000000
[ 1247.544786]  </TASK>
[ 1332.322385] INFO: task repro:611 blocked for more than 1179 seconds.
[ 1332.322880]       Not tainted 6.1.0-rc3-90153f928bee+ #1
[ 1332.323240] "echo 0 > /proc/sys/kernel/hung_task_timeout_secs" disables this message.
[ 1332.323711] task:repro           state:D stack:0     pid:611   ppid:609    flags:0x00004006
[ 1332.324281] Call Trace:
[ 1332.324506]  <TASK>
[ 1332.324865]  __schedule+0x344/0xad0
[ 1332.325383]  ? wait_for_completion+0x7b/0x180
[ 1332.325738]  schedule+0x5b/0xe0
[ 1332.326370]  schedule_timeout+0x554/0x640
[ 1332.326959]  ? schedule_timeout+0x9/0x640
[ 1332.327471]  ? wait_for_completion+0x7b/0x180
[ 1332.327820]  wait_for_completion+0xa6/0x180
[ 1332.328379]  __wait_rcu_gp+0x136/0x160
[ 1332.328755]  ? ftrace_kill+0x40/0x40
[ 1332.329041]  ? ftrace_kill+0x40/0x40
[ 1332.329378]  synchronize_rcu_tasks_generic.part.24+0x3b/0x60
[ 1332.329762]  ? call_rcu_tasks_generic+0x320/0x320
[ 1332.330308]  ? rcu_tasks_pregp_step+0x20/0x20
[ 1332.330833]  ? verify_cpu+0xa0/0x100
[ 1332.331225]  synchronize_rcu_tasks_generic+0x2b/0x70
[ 1332.331626]  synchronize_rcu_tasks+0x19/0x20
[ 1332.331973]  ftrace_shutdown+0x1d2/0x410
[ 1332.332477]  unregister_ftrace_function+0x35/0x220
[ 1332.332900]  ? __sanitizer_cov_trace_switch+0x57/0xa0
[ 1332.333400]  perf_ftrace_event_register+0x95/0xf0
[ 1332.333769]  ? perf_tp_event_init+0xa0/0xa0
[ 1332.334360]  perf_trace_destroy+0x3a/0xa0
[ 1332.334695]  ? perf_tp_event_init+0xa0/0xa0
[ 1332.335039]  tp_perf_event_destroy+0x1e/0x30
[ 1332.335416]  _free_event+0x101/0x7e0
[ 1332.335855]  put_event+0x3c/0x50
[ 1332.336204]  perf_event_release_kernel+0x2fd/0x380
[ 1332.336552]  ? perf_event_release_kernel+0x9/0x380
[ 1332.337050]  ? perf_event_release_kernel+0x380/0x380
[ 1332.337478]  perf_release+0x22/0x30
[ 1332.337813]  __fput+0x11f/0x450
[ 1332.338509]  ____fput+0x1e/0x30
[ 1332.338832]  task_work_run+0xb6/0x120
[ 1332.339308]  do_exit+0x547/0x1360
[ 1332.339712]  ? write_comp_data+0x2f/0x90
[ 1332.340210]  do_group_exit+0x5e/0xf0
[ 1332.340650]  get_signal+0x148f/0x1490
[ 1332.341382]  arch_do_signal_or_restart+0x3b/0x820
[ 1332.342209]  ? arch_do_signal_or_restart+0x9/0x820
[ 1332.342577]  ? lockdep_hardirqs_on+0x8a/0x110
[ 1332.343101]  exit_to_user_mode_prepare+0x13b/0x210
[ 1332.343521]  syscall_exit_to_user_mode+0x2d/0x60
[ 1332.343909]  do_syscall_64+0x4a/0x90
[ 1332.344249]  entry_SYSCALL_64_after_hwframe+0x63/0xcd
[ 1332.344611] RIP: 0033:0x7f1a92b6059d
[ 1332.344928] RSP: 002b:00007ffd7fa74318 EFLAGS: 00000246 ORIG_RAX: 000000000000012a
[ 1332.345436] RAX: 0000000000000003 RBX: 0000000000000000 RCX: 00007f1a92b6059d
[ 1332.345874] RDX: 0000000000000000 RSI: 00000000ffffffff RDI: 00000000200004c0
[ 1332.346580] RBP: 00007ffd7fa74330 R08: 0000000000000000 R09: 00007ffd7fa74330
[ 1332.347018] R10: 00000000ffffffff R11: 0000000000000246 R12: 00000000004011e0
[ 1332.347461] R13: 00007ffd7fa74450 R14: 0000000000000000 R15: 0000000000000000
[ 1332.348409]  </TASK>
[ 1332.348620] 
[ 1332.348620] Showing all locks held in the system:
[ 1332.349012] 1 lock held by rcu_tasks_kthre/11:
[ 1332.349323]  #0: ffffffff83b63c90 (rcu_tasks.tasks_gp_mutex){+.+.}-{3:3}, at: rcu_tasks_one_gp+0x2d/0x3d0
[ 1332.350306] 1 lock held by rcu_tasks_rude_/12:
[ 1332.350619]  #0: ffffffff83b63a10 (rcu_tasks_rude.tasks_gp_mutex){+.+.}-{3:3}, at: rcu_tasks_one_gp+0x2d/0x3d0
[ 1332.351471] 1 lock held by rcu_tasks_trace/13:
[ 1332.351784]  #0: ffffffff83b63750 (rcu_tasks_trace.tasks_gp_mutex){+.+.}-{3:3}, at: rcu_tasks_one_gp+0x2d/0x3d0
[ 1332.352645] 1 lock held by khungtaskd/29:
[ 1332.352941]  #0: ffffffff83b646a0 (rcu_read_lock){....}-{1:2}, at: debug_show_all_locks+0x27/0x18c
[ 1332.353735] 2 locks held by repro/611:
[ 1332.354201]  #0: ffffffff83c21e28 (event_mutex){+.+.}-{3:3}, at: perf_trace_destroy+0x21/0xa0
[ 1332.354964]  #1: ffffffff83c1e308 (ftrace_lock){+.+.}-{3:3}, at: unregister_ftrace_function+0x2b/0x220
[ 1332.355791] 
[ 1332.355969] =============================================
[ 1332.355969] 
[ 1479.778346] INFO: task repro:611 blocked for more than 1327 seconds.
[ 1479.778800]       Not tainted 6.1.0-rc3-90153f928bee+ #1
[ 1479.779160] "echo 0 > /proc/sys/kernel/hung_task_timeout_secs" disables this message.
[ 1479.779639] task:repro           state:D stack:0     pid:611   ppid:609    flags:0x00004006
[ 1479.780197] Call Trace:
[ 1479.780420]  <TASK>
[ 1479.780772]  __schedule+0x344/0xad0
[ 1479.781284]  ? wait_for_completion+0x7b/0x180
[ 1479.781632]  schedule+0x5b/0xe0
[ 1479.781957]  schedule_timeout+0x554/0x640
[ 1479.782810]  ? schedule_timeout+0x9/0x640
[ 1479.783321]  ? wait_for_completion+0x7b/0x180
[ 1479.783670]  wait_for_completion+0xa6/0x180
[ 1479.784235]  __wait_rcu_gp+0x136/0x160
[ 1479.784610]  ? ftrace_kill+0x40/0x40
[ 1479.784899]  ? ftrace_kill+0x40/0x40
[ 1479.785238]  synchronize_rcu_tasks_generic.part.24+0x3b/0x60
[ 1479.785625]  ? call_rcu_tasks_generic+0x320/0x320
[ 1479.785990]  ? rcu_tasks_pregp_step+0x20/0x20
[ 1479.786700]  ? verify_cpu+0xa0/0x100
[ 1479.787090]  synchronize_rcu_tasks_generic+0x2b/0x70
[ 1479.787492]  synchronize_rcu_tasks+0x19/0x20
[ 1479.787839]  ftrace_shutdown+0x1d2/0x410
[ 1479.788344]  unregister_ftrace_function+0x35/0x220
[ 1479.788767]  ? __sanitizer_cov_trace_switch+0x57/0xa0
[ 1479.789266]  perf_ftrace_event_register+0x95/0xf0
[ 1479.789634]  ? perf_tp_event_init+0xa0/0xa0
[ 1479.789977]  perf_trace_destroy+0x3a/0xa0
[ 1479.790492]  ? perf_tp_event_init+0xa0/0xa0
[ 1479.790837]  tp_perf_event_destroy+0x1e/0x30
[ 1479.791223]  _free_event+0x101/0x7e0
[ 1479.791664]  put_event+0x3c/0x50
[ 1479.792018]  perf_event_release_kernel+0x2fd/0x380
[ 1479.792365]  ? perf_event_release_kernel+0x9/0x380
[ 1479.792865]  ? perf_event_release_kernel+0x380/0x380
[ 1479.793296]  perf_release+0x22/0x30
[ 1479.793635]  __fput+0x11f/0x450
[ 1479.794332]  ____fput+0x1e/0x30
[ 1479.794654]  task_work_run+0xb6/0x120
[ 1479.795127]  do_exit+0x547/0x1360
[ 1479.795534]  ? write_comp_data+0x2f/0x90
[ 1479.796035]  do_group_exit+0x5e/0xf0
[ 1479.796477]  get_signal+0x148f/0x1490
[ 1479.797206]  arch_do_signal_or_restart+0x3b/0x820
[ 1479.797851]  ? arch_do_signal_or_restart+0x9/0x820
[ 1479.798407]  ? lockdep_hardirqs_on+0x8a/0x110
[ 1479.798927]  exit_to_user_mode_prepare+0x13b/0x210
[ 1479.799361]  syscall_exit_to_user_mode+0x2d/0x60
[ 1479.799749]  do_syscall_64+0x4a/0x90
[ 1479.800091]  entry_SYSCALL_64_after_hwframe+0x63/0xcd
[ 1479.800451] RIP: 0033:0x7f1a92b6059d
[ 1479.800753] RSP: 002b:00007ffd7fa74318 EFLAGS: 00000246 ORIG_RAX: 000000000000012a
[ 1479.801261] RAX: 0000000000000003 RBX: 0000000000000000 RCX: 00007f1a92b6059d
[ 1479.801700] RDX: 0000000000000000 RSI: 00000000ffffffff RDI: 00000000200004c0
[ 1479.802335] RBP: 00007ffd7fa74330 R08: 0000000000000000 R09: 00007ffd7fa74330
[ 1479.802776] R10: 00000000ffffffff R11: 0000000000000246 R12: 00000000004011e0
[ 1479.803224] R13: 00007ffd7fa74450 R14: 0000000000000000 R15: 0000000000000000
[ 1479.804188]  </TASK>
[ 1479.804403] 
[ 1479.804403] Showing all locks held in the system:
[ 1479.804808] 1 lock held by rcu_tasks_kthre/11:
[ 1479.805128]  #0: ffffffff83b63c90 (rcu_tasks.tasks_gp_mutex){+.+.}-{3:3}, at: rcu_tasks_one_gp+0x2d/0x3d0
[ 1479.805959] 1 lock held by rcu_tasks_rude_/12:
[ 1479.806464]  #0: ffffffff83b63a10 (rcu_tasks_rude.tasks_gp_mutex){+.+.}-{3:3}, at: rcu_tasks_one_gp+0x2d/0x3d0
[ 1479.807318] 1 lock held by rcu_tasks_trace/13:
[ 1479.807638]  #0: ffffffff83b63750 (rcu_tasks_trace.tasks_gp_mutex){+.+.}-{3:3}, at: rcu_tasks_one_gp+0x2d/0x3d0
[ 1479.808496] 1 lock held by khungtaskd/29:
[ 1479.808793]  #0: ffffffff83b646a0 (rcu_read_lock){....}-{1:2}, at: debug_show_all_locks+0x27/0x18c
[ 1479.809612] 2 locks held by repro/611:
[ 1479.809898]  #0: ffffffff83c21e28 (event_mutex){+.+.}-{3:3}, at: perf_trace_destroy+0x21/0xa0
[ 1479.810875]  #1: ffffffff83c1e308 (ftrace_lock){+.+.}-{3:3}, at: unregister_ftrace_function+0x2b/0x220
[ 1479.811711] 
[ 1479.811891] =============================================
[ 1479.811891] 
[ 1627.234336] INFO: task repro:611 blocked for more than 1474 seconds.
[ 1627.234800]       Not tainted 6.1.0-rc3-90153f928bee+ #1
[ 1627.235153] "echo 0 > /proc/sys/kernel/hung_task_timeout_secs" disables this message.
[ 1627.235615] task:repro           state:D stack:0     pid:611   ppid:609    flags:0x00004006
[ 1627.236165] Call Trace:
[ 1627.236388]  <TASK>
[ 1627.236734]  __schedule+0x344/0xad0
[ 1627.237231]  ? wait_for_completion+0x7b/0x180
[ 1627.237574]  schedule+0x5b/0xe0
[ 1627.237891]  schedule_timeout+0x554/0x640
[ 1627.240409]  ? schedule_timeout+0x9/0x640
[ 1627.240917]  ? wait_for_completion+0x7b/0x180
[ 1627.241262]  wait_for_completion+0xa6/0x180
[ 1627.241810]  __wait_rcu_gp+0x136/0x160
[ 1627.242360]  ? ftrace_kill+0x40/0x40
[ 1627.242642]  ? ftrace_kill+0x40/0x40
[ 1627.242980]  synchronize_rcu_tasks_generic.part.24+0x3b/0x60
[ 1627.243365]  ? call_rcu_tasks_generic+0x320/0x320
[ 1627.243724]  ? rcu_tasks_pregp_step+0x20/0x20
[ 1627.244242]  ? verify_cpu+0xa0/0x100
[ 1627.244624]  synchronize_rcu_tasks_generic+0x2b/0x70
[ 1627.245021]  synchronize_rcu_tasks+0x19/0x20
[ 1627.245364]  ftrace_shutdown+0x1d2/0x410
[ 1627.245861]  unregister_ftrace_function+0x35/0x220
[ 1627.246457]  ? __sanitizer_cov_trace_switch+0x57/0xa0
[ 1627.246951]  perf_ftrace_event_register+0x95/0xf0
[ 1627.247322]  ? perf_tp_event_init+0xa0/0xa0
[ 1627.247659]  perf_trace_destroy+0x3a/0xa0
[ 1627.247992]  ? perf_tp_event_init+0xa0/0xa0
[ 1627.248333]  tp_perf_event_destroy+0x1e/0x30
[ 1627.248702]  _free_event+0x101/0x7e0
[ 1627.249136]  put_event+0x3c/0x50
[ 1627.249480]  perf_event_release_kernel+0x2fd/0x380
[ 1627.249823]  ? perf_event_release_kernel+0x9/0x380
[ 1627.250490]  ? perf_event_release_kernel+0x380/0x380
[ 1627.250911]  perf_release+0x22/0x30
[ 1627.251246]  __fput+0x11f/0x450
[ 1627.251755]  ____fput+0x1e/0x30
[ 1627.252072]  task_work_run+0xb6/0x120
[ 1627.252533]  do_exit+0x547/0x1360
[ 1627.252932]  ? write_comp_data+0x2f/0x90
[ 1627.253422]  do_group_exit+0x5e/0xf0
[ 1627.253855]  get_signal+0x148f/0x1490
