c[?7l[2J[0mSeaBIOS (version rel-1.16.0-0-gd239552ce722-prebuilt.qemu.org)


iPXE (http://ipxe.org) 00:03.0 CA00 PCI2.10 PnP PMM+7FF91000+7FEF1000 CA00
Press Ctrl-B to configure iPXE (PCI 00:03.0)...                                                                               


Booting from ROM..c[?7l[2J[    0.000000] Linux version 5.17.0-rc8-e243f39685af+ (root@p-adls01) (gcc (GCC) 8.5.0 20210514 (Red Hat 8.5.0-18), GNU ld version 2.36.1-2.el8) #1 SMP PREEMPT Mon Mar 13 19:27:00 CST 2023
[    0.000000] Command line: console=ttyS0 root=/dev/sda earlyprintk=serial net.ifnames=0
[    0.000000] KERNEL supported cpus:
[    0.000000]   Intel GenuineIntel
[    0.000000]   AMD AuthenticAMD
[    0.000000]   Hygon HygonGenuine
[    0.000000]   Centaur CentaurHauls
[    0.000000]   zhaoxin   Shanghai  
[    0.000000] x86/fpu: Supporting XSAVE feature 0x001: 'x87 floating point registers'
[    0.000000] x86/fpu: Supporting XSAVE feature 0x002: 'SSE registers'
[    0.000000] x86/fpu: Supporting XSAVE feature 0x004: 'AVX registers'
[    0.000000] x86/fpu: Supporting XSAVE feature 0x200: 'Protection Keys User registers'
[    0.000000] x86/fpu: xstate_offset[2]:  576, xstate_sizes[2]:  256
[    0.000000] x86/fpu: xstate_offset[9]:  832, xstate_sizes[9]:    8
[    0.000000] x86/fpu: Enabled xstate features 0x207, context size is 840 bytes, using 'compacted' format.
[    0.000000] signal: max sigframe size: 3632
[    0.000000] BIOS-provided physical RAM map:
[    0.000000] BIOS-e820: [mem 0x0000000000000000-0x000000000009fbff] usable
[    0.000000] BIOS-e820: [mem 0x000000000009fc00-0x000000000009ffff] reserved
[    0.000000] BIOS-e820: [mem 0x00000000000f0000-0x00000000000fffff] reserved
[    0.000000] BIOS-e820: [mem 0x0000000000100000-0x000000007ffdffff] usable
[    0.000000] BIOS-e820: [mem 0x000000007ffe0000-0x000000007fffffff] reserved
[    0.000000] BIOS-e820: [mem 0x00000000feffc000-0x00000000feffffff] reserved
[    0.000000] BIOS-e820: [mem 0x00000000fffc0000-0x00000000ffffffff] reserved
[    0.000000] printk: bootconsole [earlyser0] enabled
[    0.000000] NX (Execute Disable) protection: active
[    0.000000] SMBIOS 2.8 present.
[    0.000000] DMI: QEMU Standard PC (i440FX + PIIX, 1996), BIOS rel-1.16.0-0-gd239552ce722-prebuilt.qemu.org 04/01/2014
[    0.000000] Hypervisor detected: KVM
[    0.000000] kvm-clock: Using msrs 4b564d01 and 4b564d00
[    0.000002] kvm-clock: using sched offset of 341320479 cycles
[    0.000296] clocksource: kvm-clock: mask: 0xffffffffffffffff max_cycles: 0x1cd42e4dffb, max_idle_ns: 881590591483 ns
[    0.001212] tsc: Detected 3609.600 MHz processor
[    0.006016] last_pfn = 0x7ffe0 max_arch_pfn = 0x400000000
[    0.006423] x86/PAT: Configuration [0-7]: WB  WC  UC- UC  WB  WP  UC- WT  
[    0.013309] found SMP MP-table at [mem 0x000f5ba0-0x000f5baf]
[    0.013761] Using GB pages for direct mapping
[    0.014891] ACPI: Early table checksum verification disabled
[    0.015246] ACPI: RSDP 0x00000000000F59C0 000014 (v00 BOCHS )
[    0.015594] ACPI: RSDT 0x000000007FFE1951 000034 (v01 BOCHS  BXPC     00000001 BXPC 00000001)
[    0.016093] ACPI: FACP 0x000000007FFE17FD 000074 (v01 BOCHS  BXPC     00000001 BXPC 00000001)
[    0.016584] ACPI: DSDT 0x000000007FFE0040 0017BD (v01 BOCHS  BXPC     00000001 BXPC 00000001)
[    0.017071] ACPI: FACS 0x000000007FFE0000 000040
[    0.017339] ACPI: APIC 0x000000007FFE1871 000080 (v01 BOCHS  BXPC     00000001 BXPC 00000001)
[    0.017825] ACPI: HPET 0x000000007FFE18F1 000038 (v01 BOCHS  BXPC     00000001 BXPC 00000001)
[    0.018313] ACPI: WAET 0x000000007FFE1929 000028 (v01 BOCHS  BXPC     00000001 BXPC 00000001)
[    0.018797] ACPI: Reserving FACP table memory at [mem 0x7ffe17fd-0x7ffe1870]
[    0.019193] ACPI: Reserving DSDT table memory at [mem 0x7ffe0040-0x7ffe17fc]
[    0.019594] ACPI: Reserving FACS table memory at [mem 0x7ffe0000-0x7ffe003f]
[    0.019991] ACPI: Reserving APIC table memory at [mem 0x7ffe1871-0x7ffe18f0]
[    0.020387] ACPI: Reserving HPET table memory at [mem 0x7ffe18f1-0x7ffe1928]
[    0.020782] ACPI: Reserving WAET table memory at [mem 0x7ffe1929-0x7ffe1950]
[    0.021674] No NUMA configuration found
[    0.021892] Faking a node at [mem 0x0000000000000000-0x000000007ffdffff]
[    0.022310] NODE_DATA(0) allocated [mem 0x7ffb5000-0x7ffdffff]
[    0.025355] Zone ranges:
[    0.025521]   DMA      [mem 0x0000000000001000-0x0000000000ffffff]
[    0.025872]   DMA32    [mem 0x0000000001000000-0x000000007ffdffff]
[    0.026222]   Normal   empty
[    0.026386]   Device   empty
[    0.026552] Movable zone start for each node
[    0.026793] Early memory node ranges
[    0.026994]   node   0: [mem 0x0000000000001000-0x000000000009efff]
[    0.027348]   node   0: [mem 0x0000000000100000-0x000000007ffdffff]
[    0.027711] Initmem setup node 0 [mem 0x0000000000001000-0x000000007ffdffff]
[    0.028411] On node 0, zone DMA: 1 pages in unavailable ranges
[    0.028509] On node 0, zone DMA: 97 pages in unavailable ranges
[    0.044378] On node 0, zone DMA32: 32 pages in unavailable ranges
[    0.044914] ACPI: PM-Timer IO Port: 0x608
[    0.045508] ACPI: LAPIC_NMI (acpi_id[0xff] dfl dfl lint[0x1])
[    0.045880] IOAPIC[0]: apic_id 0, version 17, address 0xfec00000, GSI 0-23
[    0.046282] ACPI: INT_SRC_OVR (bus 0 bus_irq 0 global_irq 2 dfl dfl)
[    0.046644] ACPI: INT_SRC_OVR (bus 0 bus_irq 5 global_irq 5 high level)
[    0.047020] ACPI: INT_SRC_OVR (bus 0 bus_irq 9 global_irq 9 high level)
[    0.047396] ACPI: INT_SRC_OVR (bus 0 bus_irq 10 global_irq 10 high level)
[    0.047780] ACPI: INT_SRC_OVR (bus 0 bus_irq 11 global_irq 11 high level)
[    0.048170] ACPI: Using ACPI (MADT) for SMP configuration information
[    0.048531] ACPI: HPET id: 0x8086a201 base: 0xfed00000
[    0.048834] TSC deadline timer available
[    0.049056] smpboot: Allowing 2 CPUs, 0 hotplug CPUs
[    0.049389] kvm-guest: KVM setup pv remote TLB flush
[    0.049670] kvm-guest: setup PV sched yield
[    0.049957] PM: hibernation: Registered nosave memory: [mem 0x00000000-0x00000fff]
[    0.050387] PM: hibernation: Registered nosave memory: [mem 0x0009f000-0x0009ffff]
[    0.050814] PM: hibernation: Registered nosave memory: [mem 0x000a0000-0x000effff]
[    0.051236] PM: hibernation: Registered nosave memory: [mem 0x000f0000-0x000fffff]
[    0.051664] [mem 0x80000000-0xfeffbfff] available for PCI devices
[    0.052006] Booting paravirtualized kernel on KVM
[    0.052287] clocksource: refined-jiffies: mask: 0xffffffff max_cycles: 0xffffffff, max_idle_ns: 7645519600211568 ns
[    0.052886] setup_percpu: NR_CPUS:8192 nr_cpumask_bits:2 nr_cpu_ids:2 nr_node_ids:1
[    0.054426] percpu: Embedded 63 pages/cpu s221184 r8192 d28672 u1048576
[    0.054967] kvm-guest: PV spinlocks enabled
[    0.055213] PV qspinlock hash table entries: 256 (order: 0, 4096 bytes, linear)
[    0.055651] Fallback order for Node 0: 0 
[    0.055894] Built 1 zonelists, mobility grouping on.  Total pages: 515808
[    0.056281] Policy zone: DMA32
[    0.056457] Kernel command line: net.ifnames=0 console=ttyS0 root=/dev/sda earlyprintk=serial net.ifnames=0
[    0.058329] Dentry cache hash table entries: 262144 (order: 9, 2097152 bytes, linear)
[    0.059176] Inode-cache hash table entries: 131072 (order: 8, 1048576 bytes, linear)
[    0.059703] mem auto-init: stack:off, heap alloc:off, heap free:off
[    0.062762] Memory: 1985392K/2096632K available (32784K kernel code, 5336K rwdata, 7916K rodata, 3180K init, 21976K bss, 110984K reserved, 0K cma-reserved)
[    0.063554] random: get_random_u64 called from __kmem_cache_create+0x2f/0x4e0 with crng_init=0
[    0.064011] SLUB: HWalign=64, Order=0-3, MinObjects=0, CPUs=2, Nodes=1
[    0.064826] kmemleak: Kernel memory leak detector disabled
[    0.065147] ftrace: allocating 65886 entries in 258 pages
[    0.081001] ftrace: allocated 258 pages with 2 groups
[    0.083284] Dynamic Preempt: voluntary
[    0.083590] Running RCU self tests
[    0.083780] rcu: Preemptible hierarchical RCU implementation.
[    0.084089] rcu: 	RCU lockdep checking is enabled.
[    0.084346] rcu: 	RCU restricting CPUs from NR_CPUS=8192 to nr_cpu_ids=2.
[    0.084711] 	Trampoline variant of Tasks RCU enabled.
[    0.084983] 	Rude variant of Tasks RCU enabled.
[    0.085225] 	Tracing variant of Tasks RCU enabled.
[    0.085482] rcu: RCU calculated value of scheduler-enlistment delay is 25 jiffies.
[    0.085887] rcu: Adjusting geometry for rcu_fanout_leaf=16, nr_cpu_ids=2
[    0.103029] NR_IRQS: 524544, nr_irqs: 440, preallocated irqs: 16
[    0.108865] Console: colour VGA+ 80x25
[    0.109108] printk: console [ttyS0] enabled
[    0.109108] printk: console [ttyS0] enabled
[    0.109571] printk: bootconsole [earlyser0] disabled
[    0.109571] printk: bootconsole [earlyser0] disabled
[    0.110115] Lock dependency validator: Copyright (c) 2006 Red Hat, Inc., Ingo Molnar
[    0.110544] ... MAX_LOCKDEP_SUBCLASSES:  8
[    0.110776] ... MAX_LOCK_DEPTH:          48
[    0.111012] ... MAX_LOCKDEP_KEYS:        8192
[    0.111257] ... CLASSHASH_SIZE:          4096
[    0.111504] ... MAX_LOCKDEP_ENTRIES:     32768
[    0.111755] ... MAX_LOCKDEP_CHAINS:      65536
[    0.112004] ... CHAINHASH_SIZE:          32768
[    0.112255]  memory used by lock dependency info: 6365 kB
[    0.112556]  memory used for stack traces: 4224 kB
[    0.112825]  per task-struct memory footprint: 1920 bytes
[    0.113154] ACPI: Core revision 20211217
[    0.113524] clocksource: hpet: mask: 0xffffffff max_cycles: 0xffffffff, max_idle_ns: 19112604467 ns
[    0.114131] APIC: Switch to symmetric I/O mode setup
[    0.114634] x2apic enabled
[    0.114916] Switched APIC routing to physical x2apic.
[    0.115202] kvm-guest: setup PV IPIs
[    0.116032] ..TIMER: vector=0x30 apic1=0 pin1=2 apic2=-1 pin2=-1
[    0.116392] clocksource: tsc-early: mask: 0xffffffffffffffff max_cycles: 0x3407c077a8d, max_idle_ns: 440795342283 ns
[    0.116985] Calibrating delay loop (skipped) preset value.. 7219.20 BogoMIPS (lpj=14438400)
[    0.117448] pid_max: default: 32768 minimum: 301
[    0.117758] LSM: Security Framework initializing
[    0.118025] Yama: becoming mindful.
[    0.121101] Mount-cache hash table entries: 4096 (order: 3, 32768 bytes, linear)
[    0.121521] Mountpoint-cache hash table entries: 4096 (order: 3, 32768 bytes, linear)
[    0.122733] x86/cpu: User Mode Instruction Prevention (UMIP) activated
[    0.124341] Last level iTLB entries: 4KB 0, 2MB 0, 4MB 0
[    0.124668] Last level dTLB entries: 4KB 0, 2MB 0, 4MB 0, 1GB 0
[    0.125030] Spectre V1 : Mitigation: usercopy/swapgs barriers and __user pointer sanitization
[    0.125503] Spectre V2 : WARNING: Unprivileged eBPF is enabled with eIBRS on, data leaks possible via Spectre v2 BHB attacks!
[    0.126127] Spectre V2 : Mitigation: Enhanced IBRS
[    0.126392] Spectre V2 : Spectre v2 / SpectreRSB mitigation: Filling RSB on context switch
[    0.126830] Spectre V2 : mitigation: Enabling conditional Indirect Branch Prediction Barrier
[    0.127276] Speculative Store Bypass: Mitigation: Speculative Store Bypass disabled via prctl
[    0.157870] Freeing SMP alternatives memory: 56K
[    0.158481] smpboot: CPU0: 12th Gen Intel(R) Core(TM) i7-12700K (family: 0x6, model: 0x97, stepping: 0x2)
[    0.159331] cblist_init_generic: Setting adjustable number of callback queues.
[    0.159731] cblist_init_generic: Setting shift to 1 and lim to 1.
[    0.160101] cblist_init_generic: Setting shift to 1 and lim to 1.
[    0.160466] cblist_init_generic: Setting shift to 1 and lim to 1.
[    0.160825] Running RCU-tasks wait API self tests
[    0.261159] Performance Events: Alderlake Hybrid events, full-width counters, Intel PMU driver.
[    0.262630] core: cpu_core PMU driver: 
[    0.262860] ... version:                2
[    0.263091] ... bit width:              48
[    0.263326] ... generic registers:      6
[    0.263555] ... value mask:             0000ffffffffffff
[    0.263856] ... max period:             00007fffffffffff
[    0.264157] ... fixed-purpose events:   3
[    0.264386] ... event mask:             0001000f0000003f
[    0.264848] rcu: Hierarchical SRCU implementation.
[    0.267119] unchecked MSR access error: WRMSR to 0x38f (tried to write 0x0001000f0000003f) at rIP: 0xffffffff810c0f88 (native_write_msr+0x8/0x20)
[    0.267873] Call Trace:
[    0.268018]  <TASK>
[    0.268148]  __intel_pmu_enable_all.constprop.47+0x68/0x100
[    0.268472]  intel_pmu_enable_all+0x1a/0x20
[    0.268717]  x86_pmu_enable+0x469/0x5a0
[    0.268941]  ? write_comp_data+0x2f/0x90
[    0.268976]  perf_pmu_enable+0x4f/0x60
[    0.268976]  ctx_resched+0xb4/0xf0
[    0.268976]  __perf_install_in_context+0x34b/0x490
[    0.268976]  ? write_comp_data+0x2f/0x90
[    0.268976]  ? perf_duration_warn+0x40/0x40
[    0.268976]  remote_function+0x78/0x90
[    0.268976]  ? perf_duration_warn+0x40/0x40
[    0.268976]  generic_exec_single+0x11e/0x190
[    0.268976]  smp_call_function_single+0x119/0x240
[    0.268976]  ? perf_duration_warn+0x40/0x40
[    0.268976]  ? __sanitizer_cov_trace_pc+0x21/0x50
[    0.268976]  ? write_comp_data+0x2f/0x90
[    0.268976]  perf_install_in_context+0x2e4/0x310
[    0.268976]  ? ctx_resched+0xf0/0xf0
[    0.268976]  perf_event_create_kernel_counter+0x162/0x1f0
[    0.268976]  ? hardlockup_detector_event_create+0xc0/0xc0
[    0.268976]  hardlockup_detector_event_create+0x46/0xc0
[    0.268976]  hardlockup_detector_perf_init+0x14/0x5e
[    0.268976]  watchdog_nmi_probe+0x13/0x15
[    0.268976]  lockup_detector_init+0x3f/0xaa
[    0.268976]  kernel_init_freeable+0x267/0x410
[    0.268976]  ? rest_init+0x360/0x360
[    0.268976]  kernel_init+0x20/0x1d0
[    0.268976]  ? rest_init+0x360/0x360
[    0.268976]  ret_from_fork+0x1f/0x30
[    0.268976]  </TASK>
[    0.269007] Callback from call_rcu_tasks_trace() invoked.
[    0.269470] smp: Bringing up secondary CPUs ...
[    0.270093] x86: Booting SMP configuration:
[    0.270343] .... node  #0, CPUs:      #1
[    0.270645] smp: Brought up 1 node, 2 CPUs
[    0.270645] smpboot: Max logical packages: 1
[    0.270645] smpboot: Total of 2 processors activated (14438.40 BogoMIPS)
[    0.289252] devtmpfs: initialized
[    0.289456] x86/mm: Memory block size: 128MB
[    0.293448] clocksource: jiffies: mask: 0xffffffff max_cycles: 0xffffffff, max_idle_ns: 7645041785100000 ns
[    0.294506] futex hash table entries: 512 (order: 4, 65536 bytes, linear)
[    0.295578] pinctrl core: initialized pinctrl subsystem
[    0.297367] 
[    0.297551] *************************************************************
[    0.298266] **     NOTICE NOTICE NOTICE NOTICE NOTICE NOTICE NOTICE    **
[    0.298979] **                                                         **
[    0.299447] **  IOMMU DebugFS SUPPORT HAS BEEN ENABLED IN THIS KERNEL  **
[    0.299830] **                                                         **
[    0.300209] ** This means that this kernel is built to expose internal **
[    0.300589] ** IOMMU data structures, which may compromise security on **
[    0.300969] ** your system.                                            **
[    0.300979] **                                                         **
[    0.301359] ** If you see this message and you are not debugging the   **
[    0.301739] ** kernel, report this immediately to your vendor!         **
[    0.302118] **                                                         **
[    0.302497] **     NOTICE NOTICE NOTICE NOTICE NOTICE NOTICE NOTICE    **
[    0.302888] *************************************************************
[    0.303311] PM: RTC time: 19:16:28, date: 2023-03-14
[    0.304802] NET: Registered PF_NETLINK/PF_ROUTE protocol family
[    0.305444] DMA: preallocated 256 KiB GFP_KERNEL pool for atomic allocations
[    0.305863] DMA: preallocated 256 KiB GFP_KERNEL|GFP_DMA pool for atomic allocations
[    0.306314] DMA: preallocated 256 KiB GFP_KERNEL|GFP_DMA32 pool for atomic allocations
[    0.306807] audit: initializing netlink subsys (disabled)
[    0.307153] audit: type=2000 audit(1678821388.869:1): state=initialized audit_enabled=0 res=1
[    0.307153] thermal_sys: Registered thermal governor 'fair_share'
[    0.307153] thermal_sys: Registered thermal governor 'bang_bang'
[    0.307153] thermal_sys: Registered thermal governor 'step_wise'
[    0.307153] thermal_sys: Registered thermal governor 'user_space'
[    0.309011] cpuidle: using governor ladder
[    0.309587] cpuidle: using governor menu
[    0.310018] acpiphp: ACPI Hot Plug PCI Controller Driver version: 0.5
[    0.310658] PCI: Using configuration type 1 for base access
[    0.321656] kprobes: kprobe jump-optimization is enabled. All kprobes are optimized if possible.
[    0.322184] HugeTLB registered 1.00 GiB page size, pre-allocated 0 pages
[    0.322184] HugeTLB registered 2.00 MiB page size, pre-allocated 0 pages
[    0.325342] ACPI: Added _OSI(Module Device)
[    0.325588] ACPI: Added _OSI(Processor Device)
[    0.325836] ACPI: Added _OSI(3.0 _SCP Extensions)
[    0.326101] ACPI: Added _OSI(Processor Aggregator Device)
[    0.326101] ACPI: Added _OSI(Linux-Dell-Video)
[    0.326101] ACPI: Added _OSI(Linux-Lenovo-NV-HDMI-Audio)
[    0.326101] ACPI: Added _OSI(Linux-HPI-Hybrid-Graphics)
[    0.329976] ACPI: 1 ACPI AML tables successfully acquired and loaded
[    0.333050] ACPI: Interpreter enabled
[    0.333324] ACPI: PM: (supports S0 S3 S4 S5)
[    0.333561] ACPI: Using IOAPIC for interrupt routing
[    0.333869] PCI: Using host bridge windows from ACPI; if necessary, use "pci=nocrs" and report a bug
[    0.334898] ACPI: Enabled 2 GPEs in block 00 to 0F
[    0.347560] ACPI: PCI Root Bridge [PCI0] (domain 0000 [bus 00-ff])
[    0.347928] acpi PNP0A03:00: _OSC: OS supports [ASPM ClockPM Segments MSI EDR HPX-Type3]
[    0.348364] acpi PNP0A03:00: _OSC: not requesting OS control; OS requires [ExtendedConfig ASPM ClockPM MSI]
[    0.348946] acpi PNP0A03:00: fail to add MMCONFIG information, can't access extended PCI configuration space under this bridge.
[    0.350442] acpiphp: Slot [3] registered
[    0.350712] acpiphp: Slot [4] registered
[    0.350976] acpiphp: Slot [5] registered
[    0.351256] acpiphp: Slot [6] registered
[    0.351525] acpiphp: Slot [7] registered
[    0.351789] acpiphp: Slot [8] registered
[    0.352060] acpiphp: Slot [9] registered
[    0.352342] acpiphp: Slot [10] registered
[    0.352611] acpiphp: Slot [11] registered
[    0.352879] acpiphp: Slot [12] registered
[    0.353039] acpiphp: Slot [13] registered
[    0.353312] acpiphp: Slot [14] registered
[    0.353582] acpiphp: Slot [15] registered
[    0.353851] acpiphp: Slot [16] registered
[    0.354120] acpiphp: Slot [17] registered
[    0.354392] acpiphp: Slot [18] registered
[    0.354662] acpiphp: Slot [19] registered
[    0.354935] acpiphp: Slot [20] registered
[    0.355209] acpiphp: Slot [21] registered
[    0.355484] acpiphp: Slot [22] registered
[    0.355761] acpiphp: Slot [23] registered
[    0.356038] acpiphp: Slot [24] registered
[    0.356311] acpiphp: Slot [25] registered
[    0.356586] acpiphp: Slot [26] registered
[    0.356859] acpiphp: Slot [27] registered
[    0.357034] acpiphp: Slot [28] registered
[    0.357309] acpiphp: Slot [29] registered
[    0.357583] acpiphp: Slot [30] registered
[    0.357857] acpiphp: Slot [31] registered
[    0.358095] PCI host bridge to bus 0000:00
[    0.358323] pci_bus 0000:00: root bus resource [io  0x0000-0x0cf7 window]
[    0.358698] pci_bus 0000:00: root bus resource [io  0x0d00-0xffff window]
[    0.359071] pci_bus 0000:00: root bus resource [mem 0x000a0000-0x000bffff window]
[    0.359482] pci_bus 0000:00: root bus resource [mem 0x80000000-0xfebfffff window]
[    0.359896] pci_bus 0000:00: root bus resource [mem 0x100000000-0x17fffffff window]
[    0.360316] pci_bus 0000:00: root bus resource [bus 00-ff]
[    0.360673] pci 0000:00:00.0: [8086:1237] type 00 class 0x060000
[    0.365068] Callback from call_rcu_tasks_rude() invoked.
[    0.365008] pci 0000:00:01.0: [8086:7000] type 00 class 0x060100
[    0.365008] pci 0000:00:01.1: [8086:7010] type 00 class 0x010180
[    0.365598] pci 0000:00:01.1: reg 0x20: [io  0xc040-0xc04f]
[    0.366328] pci 0000:00:01.1: legacy IDE quirk: reg 0x10: [io  0x01f0-0x01f7]
[    0.366721] pci 0000:00:01.1: legacy IDE quirk: reg 0x14: [io  0x03f6]
[    0.367080] pci 0000:00:01.1: legacy IDE quirk: reg 0x18: [io  0x0170-0x0177]
[    0.367471] pci 0000:00:01.1: legacy IDE quirk: reg 0x1c: [io  0x0376]
[    0.368016] pci 0000:00:01.3: [8086:7113] type 00 class 0x068000
[    0.368572] pci 0000:00:01.3: quirk: [io  0x0600-0x063f] claimed by PIIX4 ACPI
[    0.368972] pci 0000:00:01.3: quirk: [io  0x0700-0x070f] claimed by PIIX4 SMB
[    0.369687] pci 0000:00:02.0: [1234:1111] type 00 class 0x030000
[    0.371794] pci 0000:00:02.0: reg 0x10: [mem 0xfd000000-0xfdffffff pref]
[    0.373154] pci 0000:00:02.0: reg 0x18: [mem 0xfebf0000-0xfebf0fff]
[    0.376164] pci 0000:00:02.0: reg 0x30: [mem 0xfebe0000-0xfebeffff pref]
[    0.376707] pci 0000:00:02.0: Video device with shadowed ROM at [mem 0x000c0000-0x000dffff]
[    0.379435] pci 0000:00:03.0: [8086:100e] type 00 class 0x020000
[    0.380281] pci 0000:00:03.0: reg 0x10: [mem 0xfebc0000-0xfebdffff]
[    0.380981] pci 0000:00:03.0: reg 0x14: [io  0xc000-0xc03f]
[    0.382923] pci 0000:00:03.0: reg 0x30: [mem 0xfeb80000-0xfebbffff pref]
[    0.390817] ACPI: PCI: Interrupt link LNKA configured for IRQ 10
[    0.391453] ACPI: PCI: Interrupt link LNKB configured for IRQ 10
[    0.392156] ACPI: PCI: Interrupt link LNKC configured for IRQ 11
[    0.392754] ACPI: PCI: Interrupt link LNKD configured for IRQ 11
[    0.393111] ACPI: PCI: Interrupt link LNKS configured for IRQ 9
[    0.394274] iommu: Default domain type: Translated 
[    0.394274] iommu: DMA domain TLB invalidation policy: lazy mode 
[    0.397128] pci 0000:00:02.0: vgaarb: setting as boot VGA device
[    0.397376] pci 0000:00:02.0: vgaarb: VGA device added: decodes=io+mem,owns=io+mem,locks=none
[    0.397868] pci 0000:00:02.0: vgaarb: bridge control possible
[    0.398201] vgaarb: loaded
[    0.399212] SCSI subsystem initialized
[    0.399460] ACPI: bus type USB registered
[    0.399460] usbcore: registered new interface driver usbfs
[    0.399460] usbcore: registered new interface driver hub
[    0.399460] usbcore: registered new device driver usb
[    0.399460] pps_core: LinuxPPS API ver. 1 registered
[    0.399460] pps_core: Software ver. 5.3.6 - Copyright 2005-2007 Rodolfo Giometti <giometti@linux.it>
[    0.399460] PTP clock support registered
[    0.401036] EDAC MC: Ver: 3.0.0
[    0.401740] NetLabel: Initializing
[    0.401952] NetLabel:  domain hash size = 128
[    0.402207] NetLabel:  protocols = UNLABELED CIPSOv4 CALIPSO
[    0.402580] NetLabel:  unlabeled traffic allowed by default
[    0.405036] PCI: Using ACPI for IRQ routing
[    0.405372] hpet0: at MMIO 0xfed00000, IRQs 2, 8, 0
[    0.405522] hpet0: 3 comparators, 64-bit 100.000000 MHz counter
[    0.408980] clocksource: Switched to clocksource kvm-clock
[    0.465242] Callback from call_rcu_tasks() invoked.
[    0.492422] VFS: Disk quotas dquot_6.6.0
[    0.492704] VFS: Dquot-cache hash table entries: 512 (order 0, 4096 bytes)
[    0.493290] pnp: PnP ACPI init
[    0.494827] pnp: PnP ACPI: found 6 devices
[    0.504111] clocksource: acpi_pm: mask: 0xffffff max_cycles: 0xffffff, max_idle_ns: 2085701024 ns
[    0.504879] NET: Registered PF_INET protocol family
[    0.505294] IP idents hash table entries: 32768 (order: 6, 262144 bytes, linear)
[    0.506202] tcp_listen_portaddr_hash hash table entries: 1024 (order: 4, 81920 bytes, linear)
[    0.506711] TCP established hash table entries: 16384 (order: 5, 131072 bytes, linear)
[    0.507282] TCP bind hash table entries: 16384 (order: 8, 1179648 bytes, linear)
[    0.508509] TCP: Hash tables configured (established 16384 bind 16384)
[    0.508994] UDP hash table entries: 1024 (order: 5, 163840 bytes, linear)
[    0.509443] UDP-Lite hash table entries: 1024 (order: 5, 163840 bytes, linear)
[    0.509986] NET: Registered PF_UNIX/PF_LOCAL protocol family
[    0.510766] RPC: Registered named UNIX socket transport module.
[    0.511105] RPC: Registered udp transport module.
[    0.511363] RPC: Registered tcp transport module.
[    0.511620] RPC: Registered tcp NFSv4.1 backchannel transport module.
[    0.511988] pci_bus 0000:00: resource 4 [io  0x0000-0x0cf7 window]
[    0.512335] pci_bus 0000:00: resource 5 [io  0x0d00-0xffff window]
[    0.512675] pci_bus 0000:00: resource 6 [mem 0x000a0000-0x000bffff window]
[    0.513065] pci_bus 0000:00: resource 7 [mem 0x80000000-0xfebfffff window]
[    0.513441] pci_bus 0000:00: resource 8 [mem 0x100000000-0x17fffffff window]
[    0.514011] pci 0000:00:01.0: PIIX3: Enabling Passive Release
[    0.514335] pci 0000:00:00.0: Limiting direct PCI/PCI transfers
[    0.514673] pci 0000:00:01.0: Activating ISA DMA hang workarounds
[    0.515072] PCI: CLS 0 bytes, default 64
[    0.515324] ACPI: bus type thunderbolt registered
[    0.515797] clocksource: tsc: mask: 0xffffffffffffffff max_cycles: 0x3407c077a8d, max_idle_ns: 440795342283 ns
[    2.389161] Initialise system trusted keyrings
[    2.389509] Key type blacklist registered
[    2.390011] workingset: timestamp_bits=36 max_order=19 bucket_order=0
[    2.398835] zbud: loaded
[    2.400429] squashfs: version 4.0 (2009/01/31) Phillip Lougher
[    2.401999] NFS: Registering the id_resolver key type
[    2.402309] Key type id_resolver registered
[    2.402550] Key type id_legacy registered
[    2.402856] nfs4filelayout_init: NFSv4 File Layout Driver Registering...
[    2.403254] nfs4flexfilelayout_init: NFSv4 Flexfile Layout Driver Registering...
[    2.403802] fuse: init (API version 7.36)
[    2.404277] SGI XFS with ACLs, security attributes, realtime, quota, no debug enabled
[    2.406085] 9p: Installing v9fs 9p2000 file system support
[    2.412145] Key type asymmetric registered
[    2.412413] Asymmetric key parser 'x509' registered
[    2.413953] alg: self-tests for CTR-KDF (hmac(sha256)) passed
[    2.414613] Block layer SCSI generic (bsg) driver version 0.4 loaded (major 243)
[    2.415557] io scheduler mq-deadline registered
[    2.415847] io scheduler bfq registered
[    2.416997] shpchp: Standard Hot Plug PCI Controller Driver version: 0.4
[    2.418213] IPMI message handler: version 39.2
[    2.418772] ipmi device interface
[    2.420470] input: Power Button as /devices/LNXSYSTM:00/LNXPWRBN:00/input/input0
[    2.421148] ACPI: button: Power Button [PWRF]
[    2.422160] ERST DBG: ERST support is disabled.
[    2.423232] Serial: 8250/16550 driver, 32 ports, IRQ sharing enabled
[    2.424375] 00:04: ttyS0 at I/O 0x3f8 (irq = 4, base_baud = 115200) is a 16550A
[    2.431457] Linux agpgart interface v0.103
[    2.432289] ACPI: bus type drm_connector registered
[    2.442827] brd: module loaded
[    2.448645] loop: module loaded
[    2.452752] scsi host0: ata_piix
[    2.453406] scsi host1: ata_piix
[    2.453727] ata1: PATA max MWDMA2 cmd 0x1f0 ctl 0x3f6 bmdma 0xc040 irq 14
[    2.454121] ata2: PATA max MWDMA2 cmd 0x170 ctl 0x376 bmdma 0xc048 irq 15
[    2.455520] tun: Universal TUN/TAP device driver, 1.6
[    2.455960] e100: Intel(R) PRO/100 Network Driver
[    2.456239] e100: Copyright(c) 1999-2006 Intel Corporation
[    2.456583] e1000: Intel(R) PRO/1000 Network Driver
[    2.456868] e1000: Copyright (c) 1999-2006 Intel Corporation.
[    2.594184] ACPI: \_SB_.LNKC: Enabled at IRQ 11
[    2.613178] ata2: found unknown device (class 0)
[    2.613733] ata1: found unknown device (class 0)
[    2.614819] ata2.00: ATAPI: QEMU DVD-ROM, 2.5+, max UDMA/100
[    2.615338] ata1.00: ATA-7: QEMU HARDDISK, 2.5+, max UDMA/100
[    2.615976] ata1.00: 16777216 sectors, multi 16: LBA48 
[    2.617508] scsi 0:0:0:0: Direct-Access     ATA      QEMU HARDDISK    2.5+ PQ: 0 ANSI: 5
[    2.618736] sd 0:0:0:0: Attached scsi generic sg0 type 0
[    2.618906] sd 0:0:0:0: [sda] 16777216 512-byte logical blocks: (8.59 GB/8.00 GiB)
[    2.619601] scsi 1:0:0:0: CD-ROM            QEMU     QEMU DVD-ROM     2.5+ PQ: 0 ANSI: 5
[    2.619608] sd 0:0:0:0: [sda] Write Protect is off
[    2.620452] sd 0:0:0:0: [sda] Write cache: enabled, read cache: enabled, doesn't support DPO or FUA
[    2.621433] scsi 1:0:0:0: Attached scsi generic sg1 type 5
[    2.661151] sd 0:0:0:0: [sda] Attached SCSI disk
[    2.912624] e1000 0000:00:03.0 eth0: (PCI:33MHz:32-bit) 52:54:00:12:34:56
[    2.913054] e1000 0000:00:03.0 eth0: Intel(R) PRO/1000 Network Connection
[    2.913515] e1000e: Intel(R) PRO/1000 Network Driver
[    2.913799] e1000e: Copyright(c) 1999 - 2015 Intel Corporation.
[    2.914190] igb: Intel(R) Gigabit Ethernet Network Driver
[    2.914496] igb: Copyright (c) 2007-2014 Intel Corporation.
[    2.914888] PPP generic driver version 2.4.2
[    2.915618] VFIO - User Level meta-driver version: 0.3
[    2.915961] ehci_hcd: USB 2.0 'Enhanced' Host Controller (EHCI) Driver
[    2.916349] ehci-pci: EHCI PCI platform driver
[    2.916635] ehci-platform: EHCI generic platform driver
[    2.916952] ohci_hcd: USB 1.1 'Open' Host Controller (OHCI) Driver
[    2.917322] ohci-pci: OHCI PCI platform driver
[    2.917604] ohci-platform: OHCI generic platform driver
[    2.917913] uhci_hcd: USB Universal Host Controller Interface driver
[    2.918601] usbcore: registered new interface driver uas
[    2.918946] usbcore: registered new interface driver usb-storage
[    2.919371] i8042: PNP: PS/2 Controller [PNP0303:KBD,PNP0f13:MOU] at 0x60,0x64 irq 1,12
[    2.920377] serio: i8042 KBD port at 0x60,0x64 irq 1
[    2.920690] serio: i8042 AUX port at 0x60,0x64 irq 12
[    2.921599] mousedev: PS/2 mouse device common for all mice
[    2.922666] input: AT Translated Set 2 keyboard as /devices/platform/i8042/serio0/input/input1
[    2.923869] input: VirtualPS/2 VMware VMMouse as /devices/platform/i8042/serio1/input/input4
[    2.924698] rtc_cmos 00:05: RTC can wake from S4
[    2.925191] input: VirtualPS/2 VMware VMMouse as /devices/platform/i8042/serio1/input/input3
[    2.926479] rtc_cmos 00:05: registered as rtc0
[    2.926789] rtc_cmos 00:05: setting system clock to 2023-03-14T19:16:31 UTC (1678821391)
[    2.927368] rtc_cmos 00:05: alarms up to one day, y3k, 242 bytes nvram, hpet irqs
[    2.927820] i2c_dev: i2c /dev entries driver
[    2.928111] device-mapper: core: CONFIG_IMA_DISABLE_HTABLE is disabled. Duplicate IMA measurements will not be recorded in the IMA log.
[    2.928882] device-mapper: uevent: version 1.0.3
[    2.929372] device-mapper: ioctl: 4.45.0-ioctl (2021-03-22) initialised: dm-devel@redhat.com
[    2.929857] intel_pstate: CPU model not supported
[    2.930195] sdhci: Secure Digital Host Controller Interface driver
[    2.930549] sdhci: Copyright(c) Pierre Ossman
[    2.930856] sdhci-pltfm: SDHCI platform and OF driver helper
[    2.931249] ledtrig-cpu: registered to indicate activity on CPUs
[    2.931792] drop_monitor: Initializing network drop monitor service
[    2.932522] NET: Registered PF_INET6 protocol family
[    2.934283] Segment Routing with IPv6
[    2.934525] In-situ OAM (IOAM) with IPv6
[    2.934796] NET: Registered PF_PACKET protocol family
[    2.935287] 9pnet: Installing 9P2000 support
[    2.935583] Key type dns_resolver registered
[    2.936394] IPI shorthand broadcast: enabled
[    2.936681] sched_clock: Marking stable (2926874609, 9364230)->(2947608011, -11369172)
[    2.937548] registered taskstats version 1
[    2.937926] Loading compiled-in X.509 certificates
[    2.938397] zswap: loaded using pool lzo/zbud
[    2.939635] Key type ._fscrypt registered
[    2.939877] Key type .fscrypt registered
[    2.940166] Key type fscrypt-provisioning registered
[    2.941287] Key type encrypted registered
[    2.941598] ima: No TPM chip found, activating TPM-bypass!
[    2.941925] ima: Allocated hash algorithm: sha1
[    2.942224] ima: No architecture policies found
[    2.942550] evm: Initialising EVM extended attributes:
[    2.942848] evm: security.selinux
[    2.943045] evm: security.SMACK64
[    2.943242] evm: security.SMACK64EXEC
[    2.943458] evm: security.SMACK64TRANSMUTE
[    2.943698] evm: security.SMACK64MMAP
[    2.943914] evm: security.apparmor
[    2.944119] evm: security.ima
[    2.944296] evm: security.capability
[    2.944509] evm: HMAC attrs: 0x1
[    2.947939] PM:   Magic number: 15:767:293
[    2.948235] tty tty26: hash matches
[    2.948735] RAS: Correctable Errors collector initialized.
[    2.949786] md: Waiting for all devices to be available before autodetect
[    2.950185] md: If you don't use raid, use raid=noautodetect
[    2.950516] md: Autodetecting RAID arrays.
[    2.950763] md: autorun ...
[    2.950931] md: ... autorun DONE.
[    2.961718] EXT4-fs (sda): INFO: recovery required on readonly filesystem
[    2.962134] EXT4-fs (sda): write access will be enabled during recovery
[    2.999451] random: fast init done
[    3.026604] EXT4-fs (sda): recovery complete
[    3.032940] EXT4-fs (sda): mounted filesystem with ordered data mode. Quota mode: none.
[    3.033458] VFS: Mounted root (ext4 filesystem) readonly on device 8:0.
[    3.034481] devtmpfs: mounted
[    3.043646] Freeing unused decrypted memory: 2036K
[    3.045307] Freeing unused kernel image (initmem) memory: 3180K
[    3.045688] Write protecting the kernel read-only data: 43008k
[    3.048400] Freeing unused kernel image (text/rodata gap) memory: 2028K
[    3.049186] Freeing unused kernel image (rodata/data gap) memory: 276K
[    3.122392] x86/mm: Checked W+X mappings: passed, no W+X pages found.
[    3.122802] Run /sbin/init as init process
[    3.204399] systemd[1]: RTC configured in localtime, applying delta of 0 minutes to system time.
[    3.224204] systemd[1]: systemd 239 (239-49.el8) running in system mode. (+PAM +AUDIT +SELINUX +IMA -APPARMOR +SMACK +SYSVINIT +UTMP +LIBCRYPTSETUP +GCRYPT +GNUTLS +ACL +XZ +LZ4 +SECCOMP +BLKID +ELFUTILS +KMOD +IDN2 -IDN +PCRE2 default-hierarchy=legacy)
[    3.225655] systemd[1]: Detected virtualization kvm.
[    3.225953] systemd[1]: Detected architecture x86-64.

Welcome to [0;31mCentOS Stream 8[0m!

[    3.248650] systemd[1]: Set hostname to <test>.
[    3.349069] random: lvmconfig: uninitialized urandom read (4 bytes read)
[    3.429477] random: systemd: uninitialized urandom read (16 bytes read)
[    3.430246] systemd[1]: Set up automount Arbitrary Executable File Formats File System Automount Point.
[[0;32m  OK  [0m] Set up automount Arbitrary Executabâ€¦rmats File System Automount Point.
[    3.431407] random: systemd: uninitialized urandom read (16 bytes read)
[    3.433461] systemd[1]: Created slice User and Session Slice.
[[0;32m  OK  [0m] Created slice User and Session Slice.
[    3.435405] systemd[1]: Created slice system-getty.slice.
[[0;32m  OK  [0m] Created slice system-getty.slice.
[    3.436299] systemd[1]: Listening on LVM2 poll daemon socket.
[[0;32m  OK  [0m] Listening on LVM2 poll daemon socket.
[    3.437273] systemd[1]: Listening on Journal Socket.
[[0;32m  OK  [0m] Listening on Journal Socket.
[    3.439779] systemd[1]: Starting Setup Virtual Console...
         Starting Setup Virtual Console...
[[0;32m  OK  [0m] Listening on multipathd control socket.
[[0;32m  OK  [0m] Listening on RPCbind Server Activation Socket.
[[0;32m  OK  [0m] Reached target Slices.
         Mounting Huge Pages File System...
[[0;32m  OK  [0m] Listening on Device-mapper event daemon FIFOs.
[[0;32m  OK  [0m] Listening on Journal Socket (/dev/log).
         Starting Journal Service...
[[0;32m  OK  [0m] Reached target Swap.
         Starting Monitoring of LVM2 mirrorsâ€¦ng dmeventd or progress polling...
[[0;32m  OK  [0m] Listening on udev Kernel Socket.
[[0;32m  OK  [0m] Listening on udev Control Socket.
         Starting udev Coldplug all Devices...
         Starting Load Kernel Modules...
         Mounting POSIX Message Queue File System...
[[0;32m  OK  [0m] Created slice system-serial\x2dgetty.slice.
[[0;32m  OK  [0m] Listening on initctl Compatibility Named Pipe.
[[0;32m  OK  [0m] Reached target RPC Port Mapper.
[[0;32m  OK  [0m] Created slice system-sshd\x2dkeygen.slice.
[[0;32m  OK  [0m] Started Forward Password Requests to Wall Directory Watch.
         Mounting Kernel Debug File System...
         Starting Remount Root and Kernel File Systems...
[[0;32m  OK  [0m] Listening on Process Core Dump Socket.
[[0;32m  OK  [0m] Started Journal Service.
[[0;32m  OK  [0m] Mounted Huge Pages File System.
[[0;1;31mFAILED[0m] Failed to start Load Kernel Modules.
See 'systemctl status systemd-modules-load.service' for details.
[[0;32m  OK  [0m] Mounted POSIX Message Queue File System.
[[0;32m  OK  [0m] Mounted Kernel Debug File System.
         Mounting Kernel Configuration File System...
         Mounting FUSE Control File System...
         Starting Apply Kernel Variables...
[[0;32m  OK  [0m] Mounted Kernel Configuration File System.
[[0;32m  OK  [0m] Mounted FUSE Control File System.
[    3.726151] EXT4-fs (sda): re-mounted. Quota mode: none.
[[0;32m  OK  [0m] Started Apply Kernel Variables.
[[0;32m  OK  [0m] Started Remount Root and Kernel File Systems.
[[0;32m  OK  [0m] Started Setup Virtual Console.
         Starting Load/Save Random Seed...
         Starting Flush Journal to Persistent Storage...
         Starting Create Static Device Nodes in /dev...
[[0;32m  OK  [0m] Started Load/Save Random Seed.
[[0;32m  OK  [0m] Started Flush Journal to Persistent Storage.
[[0;32m  OK  [0m] Started udev Coldplug all Devices.
         Starting udev Wait for Complete Device Initialization...
[[0;32m  OK  [0m] Started Create Static Device Nodes in /dev.
         Starting udev Kernel Device Manager...
[[0;32m  OK  [0m] Started udev Kernel Device Manager.
         Starting Show Plymouth Boot Screen...
[[0;32m  OK  [0m] Started Show Plymouth Boot Screen.
[[0;32m  OK  [0m] Started Forward Password Requests to Plymouth Directory Watch.
[[0;32m  OK  [0m] Reached target Local Encrypted Volumes.
[[0;32m  OK  [0m] Reached target Paths.
[[0;32m  OK  [0m] Started Monitoring of LVM2 mirrors,â€¦sing dmeventd or progress polling.
[[0;32m  OK  [0m] Found device /dev/ttyS0.
[[0;32m  OK  [0m] Started udev Wait for Complete Device Initialization.
[[0;32m  OK  [0m] Listening on Load/Save RF Kill Switch Status /dev/rfkill Watch.
[[0;32m  OK  [0m] Reached target Local File Systems (Pre).
[[0;32m  OK  [0m] Reached target Local File Systems.
         Starting Tell Plymouth To Write Out Runtime Data...
         Starting Restore /run/initramfs on shutdown...
         Starting Create Volatile Files and Directories...
[[0;32m  OK  [0m] Started Tell Plymouth To Write Out Runtime Data.
[[0;32m  OK  [0m] Started Restore /run/initramfs on shutdown.
[[0;32m  OK  [0m] Started Create Volatile Files and Directories.
         Starting Security Auditing Service...
         Mounting RPC Pipe File System...
         Starting RPC Bind...
[[0;32m  OK  [0m] Mounted RPC Pipe File System.
[[0;32m  OK  [0m] Reached target rpc_pipefs.target.
[[0;32m  OK  [0m] Started RPC Bind.
[[0;32m  OK  [0m] Started Security Auditing Service.
         Starting Update UTMP about System Boot/Shutdown...
[[0;32m  OK  [0m] Started Update UTMP about System Boot/Shutdown.
[[0;32m  OK  [0m] Reached target System Initialization.
[[0;32m  OK  [0m] Started daily update of the root trust anchor for DNSSEC.
[[0;32m  OK  [0m] Started dnf makecache --timer.
[[0;32m  OK  [0m] Listening on D-Bus System Message Bus Socket.
[[0;32m  OK  [0m] Started Daily Cleanup of Temporary Directories.
[[0;32m  OK  [0m] Reached target Timers.
[[0;32m  OK  [0m] Listening on SSSD Kerberos Cache Manager responder socket.
[[0;32m  OK  [0m] Reached target Sockets.
[[0;32m  OK  [0m] Reached target Basic System.
         Starting Authorization Manager...
         Starting Auto-connect to subsystemsâ€¦-NVME devices found during boot...
         Starting Login Service...
         Starting Self Monitoring and Reporting Technology (SMART) Daemon...
[[0;32m  OK  [0m] Started irqbalance daemon.
[[0;32m  OK  [0m] Started D-Bus System Message Bus.
         Starting Network Manager...
         Starting NTP client/server...
[[0;32m  OK  [0m] Reached target sshd-keygen.target.
[[0;32m  OK  [0m] Started Machine Check Exception Logging Daemon.
[[0;32m  OK  [0m] Started Auto-connect to subsystems â€¦FC-NVME devices found during boot.
[[0;32m  OK  [0m] Started Login Service.
[[0;32m  OK  [0m] Started Self Monitoring and Reporting Technology (SMART) Daemon.
[[0;32m  OK  [0m] Started NTP client/server.
[[0;32m  OK  [0m] Started Network Manager.
         Starting Network Manager Wait Online...
[[0;32m  OK  [0m] Reached target Network.
         Starting GSSAPI Proxy Daemon...
         Starting Dynamic System Tuning Daemon...
         Starting OpenSSH server daemon...
         Starting Hostname Service...
[[0;32m  OK  [0m] Started Authorization Manager.
[[0;32m  OK  [0m] Started Hostname Service.
         Starting Network Manager Script Dispatcher Service...
[[0;32m  OK  [0m] Started Network Manager Script Dispatcher Service.
[    5.070004] e1000: eth0 NIC Link is Up 1000 Mbps Full Duplex, Flow Control: RX
[    5.070841] IPv6: ADDRCONF(NETDEV_CHANGE): eth0: link becomes ready
[    5.247707] Spectre V2 : WARNING: Unprivileged eBPF is enabled with eIBRS on, data leaks possible via Spectre v2 BHB attacks!
[    5.248528] Spectre V2 : WARNING: Unprivileged eBPF is enabled with eIBRS on, data leaks possible via Spectre v2 BHB attacks!
[[0;32m  OK  [0m] Started Dynamic System Tuning Daemon.
[[0;32m  OK  [0m] Started Network Manager Wait Online.
[[0;32m  OK  [0m] Reached target Network is Online.
         Starting Notify NFS peers of a restart...
         Starting System Logging Service...
[[0;32m  OK  [0m] Started Notify NFS peers of a restart.
[    6.197144] random: crng init done
[    6.197393] random: 7 urandom warning(s) missed due to ratelimiting
[[0;32m  OK  [0m] Started OpenSSH server daemon.
[[0;32m  OK  [0m] Started System Logging Service.
[[0;32m  OK  [0m] Started GSSAPI Proxy Daemon.
[[0;32m  OK  [0m] Reached target NFS client services.
[[0;32m  OK  [0m] Reached target Remote File Systems (Pre).
[[0;32m  OK  [0m] Reached target Remote File Systems.
         Starting Permit User Sessions...
[[0;32m  OK  [0m] Started Permit User Sessions.
[[0;32m  OK  [0m] Started Command Scheduler.
         Starting Hold until boot process finishes up...
         Starting Terminate Plymouth Boot Screen...

CentOS Stream 8
Kernel 5.17.0-rc8-e243f39685af+ on an x86_64

test login: [   28.745464] hrtimer: interrupt took 554342 ns
