c[?7l[2J[0mSeaBIOS (version rel-1.16.0-0-gd239552ce722-prebuilt.qemu.org)


iPXE (http://ipxe.org) 00:03.0 CA00 PCI2.10 PnP PMM+7FF91000+7FEF1000 CA00
Press Ctrl-B to configure iPXE (PCI 00:03.0)...                                                                               


Booting from ROM..c[?7l[2J[    0.000000] Linux version 6.3.0-rc2-eeac8ede1755+ (root@p-adls01) (gcc (GCC) 8.5.0 20210514 (Red Hat 8.5.0-18), GNU ld version 2.36.1-2.el8) #1 SMP PREEMPT_DYNAMIC Mon Mar 13 19:17:17 CST 2023
[    0.000000] Command line: console=ttyS0 root=/dev/sda earlyprintk=serial net.ifnames=0
[    0.000000] KERNEL supported cpus:
[    0.000000]   Intel GenuineIntel
[    0.000000]   AMD AuthenticAMD
[    0.000000]   Hygon HygonGenuine
[    0.000000]   Centaur CentaurHauls
[    0.000000]   zhaoxin   Shanghai  
[    0.000000] x86/fpu: Supporting XSAVE feature 0x001: 'x87 floating point registers'
[    0.000000] x86/fpu: Supporting XSAVE feature 0x002: 'SSE registers'
[    0.000000] x86/fpu: Supporting XSAVE feature 0x004: 'AVX registers'
[    0.000000] x86/fpu: Supporting XSAVE feature 0x200: 'Protection Keys User registers'
[    0.000000] x86/fpu: xstate_offset[2]:  576, xstate_sizes[2]:  256
[    0.000000] x86/fpu: xstate_offset[9]:  832, xstate_sizes[9]:    8
[    0.000000] x86/fpu: Enabled xstate features 0x207, context size is 840 bytes, using 'compacted' format.
[    0.000000] signal: max sigframe size: 3632
[    0.000000] BIOS-provided physical RAM map:
[    0.000000] BIOS-e820: [mem 0x0000000000000000-0x000000000009fbff] usable
[    0.000000] BIOS-e820: [mem 0x000000000009fc00-0x000000000009ffff] reserved
[    0.000000] BIOS-e820: [mem 0x00000000000f0000-0x00000000000fffff] reserved
[    0.000000] BIOS-e820: [mem 0x0000000000100000-0x000000007ffdffff] usable
[    0.000000] BIOS-e820: [mem 0x000000007ffe0000-0x000000007fffffff] reserved
[    0.000000] BIOS-e820: [mem 0x00000000feffc000-0x00000000feffffff] reserved
[    0.000000] BIOS-e820: [mem 0x00000000fffc0000-0x00000000ffffffff] reserved
[    0.000000] printk: bootconsole [earlyser0] enabled
[    0.000000] NX (Execute Disable) protection: active
[    0.000000] SMBIOS 2.8 present.
[    0.000000] DMI: QEMU Standard PC (i440FX + PIIX, 1996), BIOS rel-1.16.0-0-gd239552ce722-prebuilt.qemu.org 04/01/2014
[    0.000000] Hypervisor detected: KVM
[    0.000000] kvm-clock: Using msrs 4b564d01 and 4b564d00
[    0.000001] kvm-clock: using sched offset of 314150527 cycles
[    0.000298] clocksource: kvm-clock: mask: 0xffffffffffffffff max_cycles: 0x1cd42e4dffb, max_idle_ns: 881590591483 ns
[    0.001229] tsc: Detected 3609.600 MHz processor
[    0.004000] last_pfn = 0x7ffe0 max_arch_pfn = 0x400000000
[    0.004000] x86/PAT: Configuration [0-7]: WB  WC  UC- UC  WB  WP  UC- WT  
[    0.004000] found SMP MP-table at [mem 0x000f5ba0-0x000f5baf]
[    0.004000] Using GB pages for direct mapping
[    0.004000] ACPI: Early table checksum verification disabled
[    0.004000] ACPI: RSDP 0x00000000000F59C0 000014 (v00 BOCHS )
[    0.004000] ACPI: RSDT 0x000000007FFE1951 000034 (v01 BOCHS  BXPC     00000001 BXPC 00000001)
[    0.004000] ACPI: FACP 0x000000007FFE17FD 000074 (v01 BOCHS  BXPC     00000001 BXPC 00000001)
[    0.004000] ACPI: DSDT 0x000000007FFE0040 0017BD (v01 BOCHS  BXPC     00000001 BXPC 00000001)
[    0.004000] ACPI: FACS 0x000000007FFE0000 000040
[    0.004000] ACPI: APIC 0x000000007FFE1871 000080 (v01 BOCHS  BXPC     00000001 BXPC 00000001)
[    0.004000] ACPI: HPET 0x000000007FFE18F1 000038 (v01 BOCHS  BXPC     00000001 BXPC 00000001)
[    0.004000] ACPI: WAET 0x000000007FFE1929 000028 (v01 BOCHS  BXPC     00000001 BXPC 00000001)
[    0.004000] ACPI: Reserving FACP table memory at [mem 0x7ffe17fd-0x7ffe1870]
[    0.004000] ACPI: Reserving DSDT table memory at [mem 0x7ffe0040-0x7ffe17fc]
[    0.004000] ACPI: Reserving FACS table memory at [mem 0x7ffe0000-0x7ffe003f]
[    0.004000] ACPI: Reserving APIC table memory at [mem 0x7ffe1871-0x7ffe18f0]
[    0.004000] ACPI: Reserving HPET table memory at [mem 0x7ffe18f1-0x7ffe1928]
[    0.004000] ACPI: Reserving WAET table memory at [mem 0x7ffe1929-0x7ffe1950]
[    0.004000] No NUMA configuration found
[    0.004000] Faking a node at [mem 0x0000000000000000-0x000000007ffdffff]
[    0.004000] NODE_DATA(0) allocated [mem 0x7ffb5000-0x7ffdffff]
[    0.004000] Zone ranges:
[    0.004000]   DMA      [mem 0x0000000000001000-0x0000000000ffffff]
[    0.004000]   DMA32    [mem 0x0000000001000000-0x000000007ffdffff]
[    0.004000]   Normal   empty
[    0.004000]   Device   empty
[    0.004000] Movable zone start for each node
[    0.004000] Early memory node ranges
[    0.004000]   node   0: [mem 0x0000000000001000-0x000000000009efff]
[    0.004000]   node   0: [mem 0x0000000000100000-0x000000007ffdffff]
[    0.004000] Initmem setup node 0 [mem 0x0000000000001000-0x000000007ffdffff]
[    0.004000] On node 0, zone DMA: 1 pages in unavailable ranges
[    0.004000] On node 0, zone DMA: 97 pages in unavailable ranges
[    0.004000] On node 0, zone DMA32: 32 pages in unavailable ranges
[    0.004000] ACPI: PM-Timer IO Port: 0x608
[    0.004000] ACPI: LAPIC_NMI (acpi_id[0xff] dfl dfl lint[0x1])
[    0.004000] IOAPIC[0]: apic_id 0, version 17, address 0xfec00000, GSI 0-23
[    0.004000] ACPI: INT_SRC_OVR (bus 0 bus_irq 0 global_irq 2 dfl dfl)
[    0.004000] ACPI: INT_SRC_OVR (bus 0 bus_irq 5 global_irq 5 high level)
[    0.004000] ACPI: INT_SRC_OVR (bus 0 bus_irq 9 global_irq 9 high level)
[    0.004000] ACPI: INT_SRC_OVR (bus 0 bus_irq 10 global_irq 10 high level)
[    0.004000] ACPI: INT_SRC_OVR (bus 0 bus_irq 11 global_irq 11 high level)
[    0.004000] ACPI: Using ACPI (MADT) for SMP configuration information
[    0.004000] ACPI: HPET id: 0x8086a201 base: 0xfed00000
[    0.004000] TSC deadline timer available
[    0.004000] smpboot: Allowing 2 CPUs, 0 hotplug CPUs
[    0.004000] kvm-guest: KVM setup pv remote TLB flush
[    0.004000] kvm-guest: setup PV sched yield
[    0.004000] PM: hibernation: Registered nosave memory: [mem 0x00000000-0x00000fff]
[    0.004000] PM: hibernation: Registered nosave memory: [mem 0x0009f000-0x0009ffff]
[    0.004000] PM: hibernation: Registered nosave memory: [mem 0x000a0000-0x000effff]
[    0.004000] PM: hibernation: Registered nosave memory: [mem 0x000f0000-0x000fffff]
[    0.004000] [mem 0x80000000-0xfeffbfff] available for PCI devices
[    0.004000] Booting paravirtualized kernel on KVM
[    0.004000] clocksource: refined-jiffies: mask: 0xffffffff max_cycles: 0xffffffff, max_idle_ns: 7645519600211568 ns
[    0.004000] setup_percpu: NR_CPUS:8192 nr_cpumask_bits:2 nr_cpu_ids:2 nr_node_ids:1
[    0.004000] percpu: Embedded 65 pages/cpu s229376 r8192 d28672 u1048576
[    0.004000] kvm-guest: PV spinlocks enabled
[    0.004000] PV qspinlock hash table entries: 256 (order: 0, 4096 bytes, linear)
[    0.004000] Fallback order for Node 0: 0 
[    0.004000] Built 1 zonelists, mobility grouping on.  Total pages: 515808
[    0.004000] Policy zone: DMA32
[    0.004000] Kernel command line: net.ifnames=0 console=ttyS0 root=/dev/sda earlyprintk=serial net.ifnames=0
[    0.004000] random: crng init done
[    0.004000] Dentry cache hash table entries: 262144 (order: 9, 2097152 bytes, linear)
[    0.004000] Inode-cache hash table entries: 131072 (order: 8, 1048576 bytes, linear)
[    0.004000] mem auto-init: stack:off, heap alloc:off, heap free:off
[    0.004000] Memory: 1964888K/2096632K available (36864K kernel code, 4578K rwdata, 9848K rodata, 10508K init, 31780K bss, 131488K reserved, 0K cma-reserved)
[    0.004000] SLUB: HWalign=64, Order=0-3, MinObjects=0, CPUs=2, Nodes=1
[    0.004000] kmemleak: Kernel memory leak detector disabled
[    0.004000] ftrace: allocating 68737 entries in 269 pages
[    0.004000] ftrace: allocated 269 pages with 4 groups
[    0.004000] Dynamic Preempt: voluntary
[    0.004000] Running RCU self tests
[    0.004000] Running RCU synchronous self tests
[    0.004000] rcu: Preemptible hierarchical RCU implementation.
[    0.004000] rcu: 	RCU lockdep checking is enabled.
[    0.004000] rcu: 	RCU restricting CPUs from NR_CPUS=8192 to nr_cpu_ids=2.
[    0.004000] 	Trampoline variant of Tasks RCU enabled.
[    0.004000] 	Rude variant of Tasks RCU enabled.
[    0.004000] 	Tracing variant of Tasks RCU enabled.
[    0.004000] rcu: RCU calculated value of scheduler-enlistment delay is 25 jiffies.
[    0.004000] rcu: Adjusting geometry for rcu_fanout_leaf=16, nr_cpu_ids=2
[    0.004000] Running RCU synchronous self tests
[    0.004000] NR_IRQS: 524544, nr_irqs: 440, preallocated irqs: 16
[    0.004000] rcu: srcu_init: Setting srcu_struct sizes based on contention.
[    0.004000] Console: colour VGA+ 80x25
[    0.004000] printk: console [ttyS0] enabled
[    0.004000] printk: console [ttyS0] enabled
[    0.004000] printk: bootconsole [earlyser0] disabled
[    0.004000] printk: bootconsole [earlyser0] disabled
[    0.004000] Lock dependency validator: Copyright (c) 2006 Red Hat, Inc., Ingo Molnar
[    0.004000] ... MAX_LOCKDEP_SUBCLASSES:  8
[    0.004000] ... MAX_LOCK_DEPTH:          48
[    0.004000] ... MAX_LOCKDEP_KEYS:        8192
[    0.004000] ... CLASSHASH_SIZE:          4096
[    0.004000] ... MAX_LOCKDEP_ENTRIES:     32768
[    0.004000] ... MAX_LOCKDEP_CHAINS:      65536
[    0.004000] ... CHAINHASH_SIZE:          32768
[    0.004000]  memory used by lock dependency info: 6365 kB
[    0.004000]  memory used for stack traces: 4224 kB
[    0.004000]  per task-struct memory footprint: 1920 bytes
[    0.004000] ACPI: Core revision 20221020
[    0.004000] clocksource: hpet: mask: 0xffffffff max_cycles: 0xffffffff, max_idle_ns: 19112604467 ns
[    0.004000] APIC: Switch to symmetric I/O mode setup
[    0.004000] x2apic enabled
[    0.004000] Switched APIC routing to physical x2apic.
[    0.004000] kvm-guest: setup PV IPIs
[    0.004000] ..TIMER: vector=0x30 apic1=0 pin1=2 apic2=-1 pin2=-1
[    0.004000] clocksource: tsc-early: mask: 0xffffffffffffffff max_cycles: 0x3407c077a8d, max_idle_ns: 440795342283 ns
[    0.123969] Calibrating delay loop (skipped) preset value.. 7219.20 BogoMIPS (lpj=14438400)
[    0.124441] pid_max: default: 32768 minimum: 301
[    0.124761] LSM: initializing lsm=capability,yama,integrity
[    0.125089] Yama: becoming mindful.
[    0.128087] Mount-cache hash table entries: 4096 (order: 3, 32768 bytes, linear)
[    0.128513] Mountpoint-cache hash table entries: 4096 (order: 3, 32768 bytes, linear)
[    0.129788] x86/cpu: User Mode Instruction Prevention (UMIP) activated
[    0.130769] Last level iTLB entries: 4KB 0, 2MB 0, 4MB 0
[    0.131090] Last level dTLB entries: 4KB 0, 2MB 0, 4MB 0, 1GB 0
[    0.131442] Spectre V1 : Mitigation: usercopy/swapgs barriers and __user pointer sanitization
[    0.131971] Spectre V2 : WARNING: Unprivileged eBPF is enabled with eIBRS on, data leaks possible via Spectre v2 BHB attacks!
[    0.132601] Spectre V2 : Mitigation: Enhanced / Automatic IBRS
[    0.132920] Spectre V2 : Spectre v2 / SpectreRSB mitigation: Filling RSB on context switch
[    0.133362] Spectre V2 : Spectre v2 / PBRSB-eIBRS: Retire a single CALL on VMEXIT
[    0.133788] Spectre V2 : mitigation: Enabling conditional Indirect Branch Prediction Barrier
[    0.134241] Speculative Store Bypass: Mitigation: Speculative Store Bypass disabled via prctl
[    0.220411] Freeing SMP alternatives memory: 56K
[    0.220710] Running RCU synchronous self tests
[    0.220953] Running RCU synchronous self tests
[    0.221394] smpboot: CPU0: 12th Gen Intel(R) Core(TM) i7-12700K (family: 0x6, model: 0x97, stepping: 0x2)
[    0.222215] cblist_init_generic: Setting adjustable number of callback queues.
[    0.222617] cblist_init_generic: Setting shift to 1 and lim to 1.
[    0.222984] cblist_init_generic: Setting shift to 1 and lim to 1.
[    0.223349] cblist_init_generic: Setting shift to 1 and lim to 1.
[    0.223709] Running RCU-tasks wait API self tests
[    0.324080] Performance Events: Alderlake Hybrid events, full-width counters, Intel PMU driver.
[    0.324994] core: cpu_core PMU driver: 
[    0.325213] ... version:                2
[    0.325434] ... bit width:              48
[    0.325658] ... generic registers:      6
[    0.325878] ... value mask:             0000ffffffffffff
[    0.326166] ... max period:             00007fffffffffff
[    0.326453] ... fixed-purpose events:   3
[    0.326672] ... event mask:             0001000f0000003f
[    0.327080] rcu: Hierarchical SRCU implementation.
[    0.327343] rcu: 	Max phase no-delay instances is 1000.
[    0.328830] unchecked MSR access error: WRMSR to 0x38f (tried to write 0x0001000f0000003f) at rIP: 0xffffffff810e0c2c (native_write_msr+0xc/0x30)
[    0.329547] Call Trace:
[    0.329685]  <TASK>
[    0.329807]  __intel_pmu_enable_all.constprop.49+0xb5/0x140
[    0.330123]  intel_pmu_enable_all+0x1e/0x30
[    0.330362]  x86_pmu_enable+0x46d/0x5a0
[    0.330582]  ? write_comp_data+0x2f/0x90
[    0.330816]  perf_pmu_enable+0x53/0x70
[    0.331033]  ctx_resched+0x14d/0x1e0
[    0.331242]  __perf_install_in_context+0x2f7/0x470
[    0.331512]  ? lock_is_held_type+0xe6/0x140
[    0.331764]  ? __pfx_remote_function+0x10/0x10
[    0.331959]  remote_function+0x80/0xa0
[    0.331959]  ? __pfx_remote_function+0x10/0x10
[    0.331959]  generic_exec_single+0x124/0x190
[    0.331959]  smp_call_function_single+0x11c/0x240
[    0.331959]  ? __pfx_remote_function+0x10/0x10
[    0.331959]  ? __sanitizer_cov_trace_pc+0x25/0x60
[    0.331959]  ? write_comp_data+0x2f/0x90
[    0.331959]  perf_install_in_context+0x2d8/0x300
[    0.331959]  ? __pfx___perf_install_in_context+0x10/0x10
[    0.331959]  perf_event_create_kernel_counter+0x284/0x2b0
[    0.331959]  ? __pfx_watchdog_overflow_callback+0x10/0x10
[    0.331959]  hardlockup_detector_event_create+0x46/0xd0
[    0.331959]  hardlockup_detector_perf_init+0x18/0x80
[    0.331959]  watchdog_nmi_probe+0x17/0x20
[    0.331959]  lockup_detector_init+0x40/0xb0
[    0.331959]  kernel_init_freeable+0x37e/0x8c0
[    0.331959]  ? __pfx_kernel_init+0x10/0x10
[    0.331959]  kernel_init+0x24/0x1e0
[    0.331959]  ? __pfx_kernel_init+0x10/0x10
[    0.331959]  ret_from_fork+0x29/0x50
[    0.331959]  </TASK>
[    0.331975] Callback from call_rcu_tasks_trace() invoked.
[    0.332395] smp: Bringing up secondary CPUs ...
[    0.333293] x86: Booting SMP configuration:
[    0.333535] .... node  #0, CPUs:      #1
[    0.333779] smp: Brought up 1 node, 2 CPUs
[    0.333779] smpboot: Max logical packages: 1
[    0.333779] smpboot: Total of 2 processors activated (14438.40 BogoMIPS)
[    0.337059] devtmpfs: initialized
[    0.337059] x86/mm: Memory block size: 128MB
[    0.338150] Running RCU synchronous self tests
[    0.339979] Running RCU synchronous self tests
[    0.340252] clocksource: jiffies: mask: 0xffffffff max_cycles: 0xffffffff, max_idle_ns: 7645041785100000 ns
[    0.340778] futex hash table entries: 512 (order: 4, 65536 bytes, linear)
[    0.341332] pinctrl core: initialized pinctrl subsystem
[    0.342036] 
[    0.342133] *************************************************************
[    0.342501] **     NOTICE NOTICE NOTICE NOTICE NOTICE NOTICE NOTICE    **
[    0.342866] **                                                         **
[    0.343230] **  IOMMU DebugFS SUPPORT HAS BEEN ENABLED IN THIS KERNEL  **
[    0.343593] **                                                         **
[    0.343957] ** This means that this kernel is built to expose internal **
[    0.344330] ** IOMMU data structures, which may compromise security on **
[    0.344694] ** your system.                                            **
[    0.345058] **                                                         **
[    0.345421] ** If you see this message and you are not debugging the   **
[    0.345785] ** kernel, report this immediately to your vendor!         **
[    0.346153] **                                                         **
[    0.346524] **     NOTICE NOTICE NOTICE NOTICE NOTICE NOTICE NOTICE    **
[    0.346894] *************************************************************
[    0.347298] PM: RTC time: 18:34:58, date: 2023-03-14
[    0.349957] NET: Registered PF_NETLINK/PF_ROUTE protocol family
[    0.350777] DMA: preallocated 256 KiB GFP_KERNEL pool for atomic allocations
[    0.351181] DMA: preallocated 256 KiB GFP_KERNEL|GFP_DMA pool for atomic allocations
[    0.351613] DMA: preallocated 256 KiB GFP_KERNEL|GFP_DMA32 pool for atomic allocations
[    0.351996] audit: initializing netlink subsys (disabled)
[    0.352361] audit: type=2000 audit(1678818898.725:1): state=initialized audit_enabled=0 res=1
[    0.352473] thermal_sys: Registered thermal governor 'fair_share'
[    0.352611] thermal_sys: Registered thermal governor 'bang_bang'
[    0.352951] thermal_sys: Registered thermal governor 'step_wise'
[    0.353284] thermal_sys: Registered thermal governor 'user_space'
[    0.353651] cpuidle: using governor ladder
[    0.354240] cpuidle: using governor menu
[    0.354655] acpiphp: ACPI Hot Plug PCI Controller Driver version: 0.5
[    0.355265] PCI: Using configuration type 1 for base access
[    0.356705] kprobes: kprobe jump-optimization is enabled. All kprobes are optimized if possible.
[    0.545938] HugeTLB: registered 1.00 GiB page size, pre-allocated 0 pages
[    0.546320] HugeTLB: 16380 KiB vmemmap can be freed for a 1.00 GiB page
[    0.546686] HugeTLB: registered 2.00 MiB page size, pre-allocated 0 pages
[    0.547059] HugeTLB: 28 KiB vmemmap can be freed for a 2.00 MiB page
[    0.549842] ACPI: Added _OSI(Module Device)
[    0.550089] ACPI: Added _OSI(Processor Device)
[    0.550338] ACPI: Added _OSI(3.0 _SCP Extensions)
[    0.550600] ACPI: Added _OSI(Processor Aggregator Device)
[    0.555184] ACPI: 1 ACPI AML tables successfully acquired and loaded
[    2.524769] Callback from call_rcu_tasks_rude() invoked.
[    2.565341] ACPI: Interpreter enabled
[    2.565341] ACPI: PM: (supports S0 S3 S4 S5)
[    2.565524] ACPI: Using IOAPIC for interrupt routing
[    2.565848] PCI: Using host bridge windows from ACPI; if necessary, use "pci=nocrs" and report a bug
[    2.566346] PCI: Using E820 reservations for host bridge windows
[    2.567219] ACPI: Enabled 2 GPEs in block 00 to 0F
[    2.580760] ACPI: PCI Root Bridge [PCI0] (domain 0000 [bus 00-ff])
[    2.581126] acpi PNP0A03:00: _OSC: OS supports [ASPM ClockPM Segments MSI EDR HPX-Type3]
[    2.581565] acpi PNP0A03:00: _OSC: not requesting OS control; OS requires [ExtendedConfig ASPM ClockPM MSI]
[    2.582134] acpi PNP0A03:00: fail to add MMCONFIG information, can't access extended configuration space under this bridge
[    2.584612] acpiphp: Slot [3] registered
[    2.584882] acpiphp: Slot [4] registered
[    2.585145] acpiphp: Slot [5] registered
[    2.585408] acpiphp: Slot [6] registered
[    2.585675] acpiphp: Slot [7] registered
[    2.585939] acpiphp: Slot [8] registered
[    2.586202] acpiphp: Slot [9] registered
[    2.586466] acpiphp: Slot [10] registered
[    2.586742] acpiphp: Slot [11] registered
[    2.587016] acpiphp: Slot [12] registered
[    2.587291] acpiphp: Slot [13] registered
[    2.587558] acpiphp: Slot [14] registered
[    2.587827] acpiphp: Slot [15] registered
[    2.588011] acpiphp: Slot [16] registered
[    2.588279] acpiphp: Slot [17] registered
[    2.588547] acpiphp: Slot [18] registered
[    2.588818] acpiphp: Slot [19] registered
[    2.589087] acpiphp: Slot [20] registered
[    2.589355] acpiphp: Slot [21] registered
[    2.589623] acpiphp: Slot [22] registered
[    2.589891] acpiphp: Slot [23] registered
[    2.590159] acpiphp: Slot [24] registered
[    2.590435] acpiphp: Slot [25] registered
[    2.590713] acpiphp: Slot [26] registered
[    2.590987] acpiphp: Slot [27] registered
[    2.591262] acpiphp: Slot [28] registered
[    2.591531] acpiphp: Slot [29] registered
[    2.591798] acpiphp: Slot [30] registered
[    2.592017] acpiphp: Slot [31] registered
[    2.592253] PCI host bridge to bus 0000:00
[    2.592479] pci_bus 0000:00: root bus resource [io  0x0000-0x0cf7 window]
[    2.592848] pci_bus 0000:00: root bus resource [io  0x0d00-0xffff window]
[    2.593218] pci_bus 0000:00: root bus resource [mem 0x000a0000-0x000bffff window]
[    2.593623] pci_bus 0000:00: root bus resource [mem 0x80000000-0xfebfffff window]
[    2.594028] pci_bus 0000:00: root bus resource [mem 0x100000000-0x17fffffff window]
[    2.594446] pci_bus 0000:00: root bus resource [bus 00-ff]
[    2.594831] pci 0000:00:00.0: [8086:1237] type 00 class 0x060000
[    2.597442] pci 0000:00:01.0: [8086:7000] type 00 class 0x060100
[    2.598289] pci 0000:00:01.1: [8086:7010] type 00 class 0x010180
[    2.599681] pci 0000:00:01.1: reg 0x20: [io  0xc040-0xc04f]
[    2.600368] pci 0000:00:01.1: legacy IDE quirk: reg 0x10: [io  0x01f0-0x01f7]
[    2.600757] pci 0000:00:01.1: legacy IDE quirk: reg 0x14: [io  0x03f6]
[    2.601110] pci 0000:00:01.1: legacy IDE quirk: reg 0x18: [io  0x0170-0x0177]
[    2.601495] pci 0000:00:01.1: legacy IDE quirk: reg 0x1c: [io  0x0376]
[    2.602049] pci 0000:00:01.3: [8086:7113] type 00 class 0x068000
[    2.602605] pci 0000:00:01.3: quirk: [io  0x0600-0x063f] claimed by PIIX4 ACPI
[    2.603009] pci 0000:00:01.3: quirk: [io  0x0700-0x070f] claimed by PIIX4 SMB
[    2.603609] pci 0000:00:02.0: [1234:1111] type 00 class 0x030000
[    2.605494] pci 0000:00:02.0: reg 0x10: [mem 0xfd000000-0xfdffffff pref]
[    2.607291] pci 0000:00:02.0: reg 0x18: [mem 0xfebf0000-0xfebf0fff]
[    2.609765] pci 0000:00:02.0: reg 0x30: [mem 0xfebe0000-0xfebeffff pref]
[    2.610245] pci 0000:00:02.0: Video device with shadowed ROM at [mem 0x000c0000-0x000dffff]
[    2.612957] pci 0000:00:03.0: [8086:100e] type 00 class 0x020000
[    2.613680] pci 0000:00:03.0: reg 0x10: [mem 0xfebc0000-0xfebdffff]
[    2.614329] pci 0000:00:03.0: reg 0x14: [io  0xc000-0xc03f]
[    2.616183] pci 0000:00:03.0: reg 0x30: [mem 0xfeb80000-0xfebbffff pref]
[    2.624155] ACPI: PCI: Interrupt link LNKA configured for IRQ 10
[    2.624791] ACPI: PCI: Interrupt link LNKB configured for IRQ 10
[    2.625406] ACPI: PCI: Interrupt link LNKC configured for IRQ 11
[    2.626015] ACPI: PCI: Interrupt link LNKD configured for IRQ 11
[    2.626486] ACPI: PCI: Interrupt link LNKS configured for IRQ 9
[    2.628116] iommu: Default domain type: Translated 
[    2.628520] iommu: DMA domain TLB invalidation policy: lazy mode 
[    2.630491] SCSI subsystem initialized
[    2.630744] ACPI: bus type USB registered
[    2.630744] usbcore: registered new interface driver usbfs
[    2.630744] usbcore: registered new interface driver hub
[    2.630744] usbcore: registered new device driver usb
[    2.632050] pps_core: LinuxPPS API ver. 1 registered
[    2.632327] pps_core: Software ver. 5.3.6 - Copyright 2005-2007 Rodolfo Giometti <giometti@linux.it>
[    2.632832] PTP clock support registered
[    2.633105] EDAC MC: Ver: 3.0.0
[    2.633105] NetLabel: Initializing
[    2.635966] NetLabel:  domain hash size = 128
[    2.636225] NetLabel:  protocols = UNLABELED CIPSOv4 CALIPSO
[    2.636607] NetLabel:  unlabeled traffic allowed by default
[    2.637024] PCI: Using ACPI for IRQ routing
[    2.637024] pci 0000:00:02.0: vgaarb: setting as boot VGA device
[    2.637024] pci 0000:00:02.0: vgaarb: bridge control possible
[    2.637024] pci 0000:00:02.0: vgaarb: VGA device added: decodes=io+mem,owns=io+mem,locks=none
[    2.637171] vgaarb: loaded
[    2.637340] hpet0: at MMIO 0xfed00000, IRQs 2, 8, 0
[    2.637340] hpet0: 3 comparators, 64-bit 100.000000 MHz counter
[    2.642134] clocksource: Switched to clocksource kvm-clock
[    2.688002] Callback from call_rcu_tasks() invoked.
[    2.731430] VFS: Disk quotas dquot_6.6.0
[    2.731686] VFS: Dquot-cache hash table entries: 512 (order 0, 4096 bytes)
[    2.732306] pnp: PnP ACPI init
[    2.733867] pnp: PnP ACPI: found 6 devices
[    2.744503] clocksource: acpi_pm: mask: 0xffffff max_cycles: 0xffffff, max_idle_ns: 2085701024 ns
[    2.745249] NET: Registered PF_INET protocol family
[    2.745592] IP idents hash table entries: 32768 (order: 6, 262144 bytes, linear)
[    2.746695] tcp_listen_portaddr_hash hash table entries: 1024 (order: 4, 73728 bytes, linear)
[    2.747178] Table-perturb hash table entries: 65536 (order: 6, 262144 bytes, linear)
[    2.747699] TCP established hash table entries: 16384 (order: 5, 131072 bytes, linear)
[    2.748319] TCP bind hash table entries: 16384 (order: 9, 2359296 bytes, linear)
[    2.750160] TCP: Hash tables configured (established 16384 bind 16384)
[    2.750587] UDP hash table entries: 1024 (order: 5, 163840 bytes, linear)
[    2.750996] UDP-Lite hash table entries: 1024 (order: 5, 163840 bytes, linear)
[    2.751577] NET: Registered PF_UNIX/PF_LOCAL protocol family
[    2.752702] RPC: Registered named UNIX socket transport module.
[    2.753363] RPC: Registered udp transport module.
[    2.753867] RPC: Registered tcp transport module.
[    2.754369] RPC: Registered tcp NFSv4.1 backchannel transport module.
[    2.755075] pci_bus 0000:00: resource 4 [io  0x0000-0x0cf7 window]
[    2.755750] pci_bus 0000:00: resource 5 [io  0x0d00-0xffff window]
[    2.756436] pci_bus 0000:00: resource 6 [mem 0x000a0000-0x000bffff window]
[    2.757174] pci_bus 0000:00: resource 7 [mem 0x80000000-0xfebfffff window]
[    2.757907] pci_bus 0000:00: resource 8 [mem 0x100000000-0x17fffffff window]
[    2.758927] pci 0000:00:01.0: PIIX3: Enabling Passive Release
[    2.759565] pci 0000:00:00.0: Limiting direct PCI/PCI transfers
[    2.760334] PCI: CLS 0 bytes, default 64
[    2.760820] ACPI: bus type thunderbolt registered
[    2.761653] clocksource: tsc: mask: 0xffffffffffffffff max_cycles: 0x3407c077a8d, max_idle_ns: 440795342283 ns
[    2.766300] Initialise system trusted keyrings
[    2.766619] Key type blacklist registered
[    2.767066] workingset: timestamp_bits=36 max_order=19 bucket_order=0
[    2.767493] zbud: loaded
[    2.768219] squashfs: version 4.0 (2009/01/31) Phillip Lougher
[    2.769247] NFS: Registering the id_resolver key type
[    2.769550] Key type id_resolver registered
[    2.769791] Key type id_legacy registered
[    2.770041] nfs4filelayout_init: NFSv4 File Layout Driver Registering...
[    2.770436] nfs4flexfilelayout_init: NFSv4 Flexfile Layout Driver Registering...
[    2.771061] fuse: init (API version 7.38)
[    2.771625] SGI XFS with ACLs, security attributes, realtime, quota, no debug enabled
[    2.772541] 9p: Installing v9fs 9p2000 file system support
[    2.777916] Key type asymmetric registered
[    2.778197] Asymmetric key parser 'x509' registered
[    2.778520] Block layer SCSI generic (bsg) driver version 0.4 loaded (major 243)
[    2.779123] io scheduler mq-deadline registered
[    2.779419] io scheduler bfq registered
[    2.779934] shpchp: Standard Hot Plug PCI Controller Driver version: 0.4
[    2.780642] IPMI message handler: version 39.2
[    2.780937] ipmi device interface
[    2.782576] input: Power Button as /devices/LNXSYSTM:00/LNXPWRBN:00/input/input0
[    2.783168] ACPI: button: Power Button [PWRF]
[    2.784194] ERST DBG: ERST support is disabled.
[    2.784926] Serial: 8250/16550 driver, 32 ports, IRQ sharing enabled
[    2.785707] 00:04: ttyS0 at I/O 0x3f8 (irq = 4, base_baud = 115200) is a 16550A
[    2.792970] Linux agpgart interface v0.103
[    2.793804] ACPI: bus type drm_connector registered
[    2.803937] brd: module loaded
[    2.810321] loop: module loaded
[    2.813415] scsi host0: ata_piix
[    2.813985] scsi host1: ata_piix
[    2.814307] ata1: PATA max MWDMA2 cmd 0x1f0 ctl 0x3f6 bmdma 0xc040 irq 14
[    2.814704] ata2: PATA max MWDMA2 cmd 0x170 ctl 0x376 bmdma 0xc048 irq 15
[    2.816165] tun: Universal TUN/TAP device driver, 1.6
[    2.816625] e100: Intel(R) PRO/100 Network Driver
[    2.816903] e100: Copyright(c) 1999-2006 Intel Corporation
[    2.817252] e1000: Intel(R) PRO/1000 Network Driver
[    2.817539] e1000: Copyright (c) 1999-2006 Intel Corporation.
[    2.970048] ACPI: \_SB_.LNKC: Enabled at IRQ 11
[    2.972161] ata1: found unknown device (class 0)
[    2.972987] ata2: found unknown device (class 0)
[    2.974129] ata1.00: ATA-7: QEMU HARDDISK, 2.5+, max UDMA/100
[    2.974778] ata1.00: 16777216 sectors, multi 16: LBA48 
[    2.975482] ata2.00: ATAPI: QEMU DVD-ROM, 2.5+, max UDMA/100
[    2.977137] scsi 0:0:0:0: Direct-Access     ATA      QEMU HARDDISK    2.5+ PQ: 0 ANSI: 5
[    2.979432] sd 0:0:0:0: Attached scsi generic sg0 type 0
[    2.979521] sd 0:0:0:0: [sda] 16777216 512-byte logical blocks: (8.59 GB/8.00 GiB)
[    2.980331] scsi 1:0:0:0: CD-ROM            QEMU     QEMU DVD-ROM     2.5+ PQ: 0 ANSI: 5
[    2.980335] sd 0:0:0:0: [sda] Write Protect is off
[    2.981219] sd 0:0:0:0: [sda] Write cache: enabled, read cache: enabled, doesn't support DPO or FUA
[    2.981829] sd 0:0:0:0: [sda] Preferred minimum I/O size 512 bytes
[    2.996559] scsi 1:0:0:0: Attached scsi generic sg1 type 5
[    2.997485] sd 0:0:0:0: [sda] Attached SCSI disk
[    3.288295] e1000 0000:00:03.0 eth0: (PCI:33MHz:32-bit) 52:54:00:12:34:56
[    3.289050] e1000 0000:00:03.0 eth0: Intel(R) PRO/1000 Network Connection
[    3.289870] e1000e: Intel(R) PRO/1000 Network Driver
[    3.290408] e1000e: Copyright(c) 1999 - 2015 Intel Corporation.
[    3.291106] igb: Intel(R) Gigabit Ethernet Network Driver
[    3.291541] igb: Copyright (c) 2007-2014 Intel Corporation.
[    3.291954] PPP generic driver version 2.4.2
[    3.292649] VFIO - User Level meta-driver version: 0.3
[    3.293348] usbcore: registered new interface driver uas
[    3.293682] usbcore: registered new interface driver usb-storage
[    3.294141] i8042: PNP: PS/2 Controller [PNP0303:KBD,PNP0f13:MOU] at 0x60,0x64 irq 1,12
[    3.295109] serio: i8042 KBD port at 0x60,0x64 irq 1
[    3.295430] serio: i8042 AUX port at 0x60,0x64 irq 12
[    3.296350] mousedev: PS/2 mouse device common for all mice
[    3.297352] input: AT Translated Set 2 keyboard as /devices/platform/i8042/serio0/input/input1
[    3.298646] input: VirtualPS/2 VMware VMMouse as /devices/platform/i8042/serio1/input/input4
[    3.299265] rtc_cmos 00:05: RTC can wake from S4
[    3.299867] input: VirtualPS/2 VMware VMMouse as /devices/platform/i8042/serio1/input/input3
[    3.301138] rtc_cmos 00:05: registered as rtc0
[    3.301451] rtc_cmos 00:05: setting system clock to 2023-03-14T18:35:01 UTC (1678818901)
[    3.302076] rtc_cmos 00:05: alarms up to one day, y3k, 242 bytes nvram, hpet irqs
[    3.302537] i2c_dev: i2c /dev entries driver
[    3.302833] device-mapper: core: CONFIG_IMA_DISABLE_HTABLE is disabled. Duplicate IMA measurements will not be recorded in the IMA log.
[    3.303553] device-mapper: uevent: version 1.0.3
[    3.304004] device-mapper: ioctl: 4.47.0-ioctl (2022-07-28) initialised: dm-devel@redhat.com
[    3.304501] intel_pstate: CPU model not supported
[    3.304851] sdhci: Secure Digital Host Controller Interface driver
[    3.305210] sdhci: Copyright(c) Pierre Ossman
[    3.305519] sdhci-pltfm: SDHCI platform and OF driver helper
[    3.305922] ledtrig-cpu: registered to indicate activity on CPUs
[    3.306542] drop_monitor: Initializing network drop monitor service
[    3.307049] NET: Registered PF_INET6 protocol family
[    3.309192] Segment Routing with IPv6
[    3.309440] In-situ OAM (IOAM) with IPv6
[    3.309714] NET: Registered PF_PACKET protocol family
[    3.310164] 9pnet: Installing 9P2000 support
[    3.310464] Key type dns_resolver registered
[    3.311337] IPI shorthand broadcast: enabled
[    3.323356] sched_clock: Marking stable (3204002590, 115959441)->(3355419952, -35457921)
[    3.324275] registered taskstats version 1
[    3.324808] Loading compiled-in X.509 certificates
[    3.325209] zswap: loaded using pool lzo/zbud
[    3.337634] Key type .fscrypt registered
[    3.337884] Key type fscrypt-provisioning registered
[    3.338861] Key type encrypted registered
[    3.339129] ima: No TPM chip found, activating TPM-bypass!
[    3.339465] ima: Allocated hash algorithm: sha1
[    3.339757] ima: No architecture policies found
[    3.340099] evm: Initialising EVM extended attributes:
[    3.340398] evm: security.selinux
[    3.340596] evm: security.SMACK64
[    3.340793] evm: security.SMACK64EXEC
[    3.341010] evm: security.SMACK64TRANSMUTE
[    3.341251] evm: security.SMACK64MMAP
[    3.341467] evm: security.apparmor
[    3.341669] evm: security.ima
[    3.341848] evm: security.capability
[    3.342060] evm: HMAC attrs: 0x1
[    3.343249] PM:   Magic number: 15:970:594
[    3.343807] RAS: Correctable Errors collector initialized.
[    3.345097] md: Waiting for all devices to be available before autodetect
[    3.345374] md: If you don't use raid, use raid=noautodetect
[    3.345602] md: Autodetecting RAID arrays.
[    3.345774] md: autorun ...
[    3.345891] md: ... autorun DONE.
[    3.358134] EXT4-fs (sda): INFO: recovery required on readonly filesystem
[    3.358663] EXT4-fs (sda): write access will be enabled during recovery
[    3.403204] EXT4-fs (sda): recovery complete
[    3.409074] EXT4-fs (sda): mounted filesystem 23a53bb9-f815-47a5-b74c-5e08f7731193 with ordered data mode. Quota mode: none.
[    3.409579] VFS: Mounted root (ext4 filesystem) readonly on device 8:0.
[    3.410355] devtmpfs: mounted
[    3.417233] Freeing unused decrypted memory: 2036K
[    3.421199] Freeing unused kernel image (initmem) memory: 10508K
[    3.421467] Write protecting the kernel read-only data: 47104k
[    3.422785] Freeing unused kernel image (rodata/data gap) memory: 392K
[    3.501087] x86/mm: Checked W+X mappings: passed, no W+X pages found.
[    3.501383] Run /sbin/init as init process
[    3.567080] systemd[1]: RTC configured in localtime, applying delta of 0 minutes to system time.
[    3.588132] systemd[1]: systemd 239 (239-49.el8) running in system mode. (+PAM +AUDIT +SELINUX +IMA -APPARMOR +SMACK +SYSVINIT +UTMP +LIBCRYPTSETUP +GCRYPT +GNUTLS +ACL +XZ +LZ4 +SECCOMP +BLKID +ELFUTILS +KMOD +IDN2 -IDN +PCRE2 default-hierarchy=legacy)
[    3.589134] systemd[1]: Detected virtualization kvm.
[    3.589340] systemd[1]: Detected architecture x86-64.

Welcome to [0;31mCentOS Stream 8[0m!

[    3.633590] systemd[1]: Set hostname to <test>.
[    3.844156] systemd[1]: Listening on initctl Compatibility Named Pipe.
[[0;32m  OK  [0m] Listening on initctl Compatibility Named Pipe.
[    3.845015] systemd[1]: Reached target Swap.
[[0;32m  OK  [0m] Reached target Swap.
[    3.847653] systemd[1]: Created slice system-sshd\x2dkeygen.slice.
[[0;32m  OK  [0m] Created slice system-sshd\x2dkeygen.slice.
[    3.848452] systemd[1]: Started Forward Password Requests to Wall Directory Watch.
[[0;32m  OK  [0m] Started Forward Password Requests to Wall Directory Watch.
[    3.849936] systemd[1]: Created slice system-serial\x2dgetty.slice.
[[0;32m  OK  [0m] Created slice system-serial\x2dgetty.slice.
[    3.851151] systemd[1]: Listening on RPCbind Server Activation Socket.
[[0;32m  OK  [0m] Listening on RPCbind Server Activation Socket.
[[0;32m  OK  [0m] Created slice system-getty.slice.
[[0;32m  OK  [0m] Listening on Journal Socket (/dev/log).
[[0;32m  OK  [0m] Reached target RPC Port Mapper.
[[0;32m  OK  [0m] Listening on udev Control Socket.
[[0;32m  OK  [0m] Listening on LVM2 poll daemon socket.
[[0;32m  OK  [0m] Listening on Journal Socket.
         Mounting POSIX Message Queue File System...
         Starting Load Kernel Modules...
         Mounting Kernel Debug File System...
         Starting Setup Virtual Console...
[[0;32m  OK  [0m] Listening on udev Kernel Socket.
         Starting udev Coldplug all Devices...
[[0;32m  OK  [0m] Set up automount Arbitrary Executabâ€¦rmats File System Automount Point.
         Starting Journal Service...
         Starting Remount Root and Kernel File Systems...
[[0;32m  OK  [0m] Created slice User and Session Slice.
[[0;32m  OK  [0m] Listening on multipathd control socket.
         Mounting Huge Pages File System...
[[0;32m  OK  [0m] Listening on Process Core Dump Socket.
[[0;32m  OK  [0m] Reached target Slices.
[[0;32m  OK  [0m] Listening on Device-mapper event daemon FIFOs.
         Starting Monitoring of LVM2 mirrorsâ€¦ng dmeventd or progress polling...
[[0;32m  OK  [0m] Started Journal Service.
[[0;32m  OK  [0m] Mounted POSIX Message Queue File System.
[[0;1;31mFAILED[0m] Failed to start Load Kernel Modules.
See 'systemctl status systemd-modules-load.service' for details.
[[0;32m  OK  [0m] Mounted Kernel Debug File System.
[[0;32m  OK  [0m] Mounted Huge Pages File System.
         Mounting FUSE Control File System...
         Starting Apply Kernel Variables...
         Mounting Kernel Configuration File System...
[    4.184008] EXT4-fs (sda): re-mounted 23a53bb9-f815-47a5-b74c-5e08f7731193. Quota mode: none.
[[0;32m  OK  [0m] Started Remount Root and Kernel File Systems.
[[0;32m  OK  [0m] Mounted FUSE Control File System.
[[0;32m  OK  [0m] Started Apply Kernel Variables.
[[0;32m  OK  [0m] Mounted Kernel Configuration File System.
         Starting Load/Save Random Seed...
         Starting Create Static Device Nodes in /dev...
         Starting Flush Journal to Persistent Storage...
[[0;32m  OK  [0m] Started Setup Virtual Console.
[[0;32m  OK  [0m] Started Load/Save Random Seed.
[[0;32m  OK  [0m] Started udev Coldplug all Devices.
         Starting udev Wait for Complete Device Initialization...
[[0;32m  OK  [0m] Started Create Static Device Nodes in /dev.
         Starting udev Kernel Device Manager...
[[0;32m  OK  [0m] Started Flush Journal to Persistent Storage.
[[0;32m  OK  [0m] Started udev Kernel Device Manager.
         Starting Show Plymouth Boot Screen...
[[0;32m  OK  [0m] Started Show Plymouth Boot Screen.
[[0;32m  OK  [0m] Reached target Local Encrypted Volumes.
[[0;32m  OK  [0m] Reached target Paths.
[[0;32m  OK  [0m] Started Forward Password Requests to Plymouth Directory Watch.
[[0;32m  OK  [0m] Started Monitoring of LVM2 mirrors,â€¦sing dmeventd or progress polling.
[[0;32m  OK  [0m] Found device /dev/ttyS0.
[[0;32m  OK  [0m] Started udev Wait for Complete Device Initialization.
[[0;32m  OK  [0m] Listening on Load/Save RF Kill Switch Status /dev/rfkill Watch.
[[0;32m  OK  [0m] Reached target Local File Systems (Pre).
[[0;32m  OK  [0m] Reached target Local File Systems.
         Starting Restore /run/initramfs on shutdown...
         Starting Tell Plymouth To Write Out Runtime Data...
         Starting Create Volatile Files and Directories...
[[0;32m  OK  [0m] Started Restore /run/initramfs on shutdown.
[[0;32m  OK  [0m] Started Tell Plymouth To Write Out Runtime Data.
[[0;32m  OK  [0m] Started Create Volatile Files and Directories.
         Mounting RPC Pipe File System...
         Starting Security Auditing Service...
         Starting RPC Bind...
[[0;32m  OK  [0m] Mounted RPC Pipe File System.
[[0;32m  OK  [0m] Reached target rpc_pipefs.target.
[[0;32m  OK  [0m] Started RPC Bind.
[[0;32m  OK  [0m] Started Security Auditing Service.
         Starting Update UTMP about System Boot/Shutdown...
[[0;32m  OK  [0m] Started Update UTMP about System Boot/Shutdown.
[[0;32m  OK  [0m] Reached target System Initialization.
[[0;32m  OK  [0m] Started Daily Cleanup of Temporary Directories.
[[0;32m  OK  [0m] Listening on SSSD Kerberos Cache Manager responder socket.
[[0;32m  OK  [0m] Listening on D-Bus System Message Bus Socket.
[[0;32m  OK  [0m] Reached target Sockets.
[[0;32m  OK  [0m] Started dnf makecache --timer.
[[0;32m  OK  [0m] Started daily update of the root trust anchor for DNSSEC.
[[0;32m  OK  [0m] Reached target Timers.
[[0;32m  OK  [0m] Reached target Basic System.
         Starting Auto-connect to subsystemsâ€¦-NVME devices found during boot...
         Starting Self Monitoring and Reporting Technology (SMART) Daemon...
[[0;32m  OK  [0m] Started D-Bus System Message Bus.
         Starting Login Service...
         Starting Authorization Manager...
         Starting Network Manager...
         Starting NTP client/server...
[[0;32m  OK  [0m] Started irqbalance daemon.
[[0;32m  OK  [0m] Started Machine Check Exception Logging Daemon.
[[0;32m  OK  [0m] Reached target sshd-keygen.target.
[[0;32m  OK  [0m] Started Auto-connect to subsystems â€¦FC-NVME devices found during boot.
[[0;32m  OK  [0m] Started Self Monitoring and Reporting Technology (SMART) Daemon.
[[0;32m  OK  [0m] Started Login Service.
[[0;32m  OK  [0m] Started Network Manager.
         Starting Network Manager Wait Online...
[[0;32m  OK  [0m] Reached target Network.
         Starting OpenSSH server daemon...
         Starting GSSAPI Proxy Daemon...
         Starting Dynamic System Tuning Daemon...
         Starting Hostname Service...
[[0;32m  OK  [0m] Started OpenSSH server daemon.
[[0;32m  OK  [0m] Started Authorization Manager.
[[0;32m  OK  [0m] Started GSSAPI Proxy Daemon.
[[0;32m  OK  [0m] Reached target NFS client services.
[[0;32m  OK  [0m] Reached target Remote File Systems (Pre).
[[0;32m  OK  [0m] Reached target Remote File Systems.
         Starting Permit User Sessions...
[[0;32m  OK  [0m] Started NTP client/server.
[[0;32m  OK  [0m] Started Permit User Sessions.
         Starting Hold until boot process finishes up...
         Starting Terminate Plymouth Boot Screen...
[[0;32m  OK  [0m] Started Command Scheduler.
[    5.756254] e1000: eth0 NIC Link is Up 1000 Mbps Full Duplex, Flow Control: RX
[    5.756965] IPv6: ADDRCONF(NETDEV_CHANGE): eth0: link becomes ready
[    5.898973] Spectre V2 : WARNING: Unprivileged eBPF is enabled with eIBRS on, data leaks possible via Spectre v2 BHB attacks!
[    5.899548] Spectre V2 : WARNING: Unprivileged eBPF is enabled with eIBRS on, data leaks possible via Spectre v2 BHB attacks!

CentOS Stream 8
Kernel 6.3.0-rc2-eeac8ede1755+ on an x86_64

test login: [   24.844767] memfd_create() without MFD_EXEC nor MFD_NOEXEC_SEAL, pid=330 'systemd'
[   31.392668] hrtimer: interrupt took 10726570 ns
[   62.552360] rcu_tasks_wait_gp: rcu_tasks grace period number 9 (since boot) is 2942 jiffies old.
[   92.760386] rcu_tasks_wait_gp: rcu_tasks grace period number 9 (since boot) is 10494 jiffies old.
[  182.808389] rcu_tasks_wait_gp: rcu_tasks grace period number 9 (since boot) is 33006 jiffies old.
[  300.120396] INFO: task repro:540 blocked for more than 147 seconds.
[  300.120937]       Not tainted 6.3.0-rc2-eeac8ede1755+ #1
[  300.121351] "echo 0 > /proc/sys/kernel/hung_task_timeout_secs" disables this message.
[  300.121888] task:repro           state:D stack:0     pid:540   ppid:538    flags:0x00004006
[  300.122552] Call Trace:
[  300.122835]  <TASK>
[  300.123267]  __schedule+0x40a/0xc90
[  300.124351]  ? wait_for_completion+0x7b/0x180
[  300.124772]  schedule+0x5b/0xe0
[  300.125156]  schedule_timeout+0x50b/0x670
[  300.125829]  ? schedule_timeout+0x9/0x670
[  300.126414]  ? wait_for_completion+0x7b/0x180
[  300.126826]  wait_for_completion+0xa6/0x180
[  300.127478]  __wait_rcu_gp+0x136/0x160
[  300.127922]  ? __pfx_arch_ftrace_ops_list_func+0x10/0x10
[  300.128639]  synchronize_rcu_tasks_generic.part.24+0x3b/0x60
[  300.129092]  ? __pfx_call_rcu_tasks+0x10/0x10
[  300.129499]  ? __pfx_wakeme_after_rcu+0x10/0x10
[  300.130115]  ? verify_cpu+0x10/0x100
[  300.130574]  synchronize_rcu_tasks_generic+0x24/0x70
[  300.131020]  synchronize_rcu_tasks+0x19/0x20
[  300.131438]  ftrace_shutdown+0x1cc/0x410
[  300.132206]  unregister_ftrace_function+0x35/0x230
[  300.132722]  ? __sanitizer_cov_trace_switch+0x57/0xa0
[  300.133311]  perf_ftrace_event_register+0x95/0xf0
[  300.133750]  ? __pfx_tp_perf_event_destroy+0x10/0x10
[  300.134190]  perf_trace_destroy+0x3a/0xa0
[  300.134590]  ? __pfx_tp_perf_event_destroy+0x10/0x10
[  300.135028]  tp_perf_event_destroy+0x1e/0x30
[  300.135473]  _free_event+0x101/0x810
[  300.136191]  put_event+0x3c/0x50
[  300.136605]  perf_event_release_kernel+0x2de/0x360
[  300.137011]  ? perf_event_release_kernel+0x9/0x360
[  300.137577]  ? __pfx_perf_release+0x10/0x10
[  300.138031]  perf_release+0x22/0x30
[  300.138434]  __fput+0x11f/0x450
[  300.139038]  ____fput+0x1e/0x30
[  300.139425]  task_work_run+0xb6/0x120
[  300.140164]  do_exit+0x547/0x1360
[  300.140632]  ? write_comp_data+0x2f/0x90
[  300.141223]  do_group_exit+0x5e/0xf0
[  300.141732]  get_signal+0x15d1/0x1600
[  300.142596]  arch_do_signal_or_restart+0x33/0x280
[  300.143463]  exit_to_user_mode_prepare+0x13b/0x210
[  300.143955]  syscall_exit_to_user_mode+0x2d/0x60
[  300.144623]  do_syscall_64+0x4a/0x90
[  300.145032]  entry_SYSCALL_64_after_hwframe+0x72/0xdc
[  300.145459] RIP: 0033:0x7f2a7abd859d
[  300.145823] RSP: 002b:00007ffcc732b338 EFLAGS: 00000246 ORIG_RAX: 000000000000012a
[  300.146429] RAX: 0000000000000003 RBX: 0000000000000000 RCX: 00007f2a7abd859d
[  300.146930] RDX: 0000000000000000 RSI: 00000000ffffffff RDI: 00000000200004c0
[  300.147436] RBP: 00007ffcc732b350 R08: 0000000000000000 R09: 00007ffcc732b350
[  300.147938] R10: 00000000ffffffff R11: 0000000000000246 R12: 00000000004011e0
[  300.148645] R13: 00007ffcc732b470 R14: 0000000000000000 R15: 0000000000000000
[  300.149713]  </TASK>
[  300.149978] 
[  300.149978] Showing all locks held in the system:
[  300.150435] 1 lock held by rcu_tasks_kthre/11:
[  300.150808]  #0: ffffffff83f63490 (rcu_tasks.tasks_gp_mutex){+.+.}-{3:3}, at: rcu_tasks_one_gp+0x31/0x420
[  300.151849] 1 lock held by rcu_tasks_rude_/12:
[  300.152593]  #0: ffffffff83f63210 (rcu_tasks_rude.tasks_gp_mutex){+.+.}-{3:3}, at: rcu_tasks_one_gp+0x31/0x420
[  300.153645] 1 lock held by rcu_tasks_trace/13:
[  300.154013]  #0: ffffffff83f62f50 (rcu_tasks_trace.tasks_gp_mutex){+.+.}-{3:3}, at: rcu_tasks_one_gp+0x31/0x420
[  300.155078] 1 lock held by khungtaskd/29:
[  300.155425]  #0: ffffffff83f63ea0 (rcu_read_lock){....}-{1:2}, at: debug_show_all_locks+0x1b/0x1e0
[  300.156644] 2 locks held by repro/540:
[  300.156977]  #0: ffffffff840206a8 (event_mutex){+.+.}-{3:3}, at: perf_trace_destroy+0x21/0xa0
[  300.157971]  #1: ffffffff8401cd68 (ftrace_lock){+.+.}-{3:3}, at: unregister_ftrace_function+0x2b/0x230
[  300.159005] 
[  300.159233] =============================================
[  300.159233] 
