c[?7l[2J[0mSeaBIOS (version rel-1.16.0-0-gd239552ce722-prebuilt.qemu.org)


iPXE (http://ipxe.org) 00:03.0 CA00 PCI2.10 PnP PMM+7FF91000+7FEF1000 CA00
Press Ctrl-B to configure iPXE (PCI 00:03.0)...                                                                               


Booting from ROM..c[?7l[2J[    0.000000] Linux version 5.11.0-f40ddce88593+ (root@p-adls01) (gcc (GCC) 8.5.0 20210514 (Red Hat 8.5.0-18), GNU ld version 2.36.1-2.el8) #1 SMP Tue Feb 28 15:06:10 CST 2023
[    0.000000] Command line: console=ttyS0 root=/dev/sda earlyprintk=serial net.ifnames=0
[    0.000000] KERNEL supported cpus:
[    0.000000]   Intel GenuineIntel
[    0.000000]   AMD AuthenticAMD
[    0.000000]   Hygon HygonGenuine
[    0.000000]   Centaur CentaurHauls
[    0.000000]   zhaoxin   Shanghai  
[    0.000000] x86/fpu: Supporting XSAVE feature 0x001: 'x87 floating point registers'
[    0.000000] x86/fpu: Supporting XSAVE feature 0x002: 'SSE registers'
[    0.000000] x86/fpu: Supporting XSAVE feature 0x004: 'AVX registers'
[    0.000000] x86/fpu: Supporting XSAVE feature 0x200: 'Protection Keys User registers'
[    0.000000] x86/fpu: xstate_offset[2]:  576, xstate_sizes[2]:  256
[    0.000000] x86/fpu: xstate_offset[9]:  832, xstate_sizes[9]:    8
[    0.000000] x86/fpu: Enabled xstate features 0x207, context size is 840 bytes, using 'compacted' format.
[    0.000000] BIOS-provided physical RAM map:
[    0.000000] BIOS-e820: [mem 0x0000000000000000-0x000000000009fbff] usable
[    0.000000] BIOS-e820: [mem 0x000000000009fc00-0x000000000009ffff] reserved
[    0.000000] BIOS-e820: [mem 0x00000000000f0000-0x00000000000fffff] reserved
[    0.000000] BIOS-e820: [mem 0x0000000000100000-0x000000007ffdffff] usable
[    0.000000] BIOS-e820: [mem 0x000000007ffe0000-0x000000007fffffff] reserved
[    0.000000] BIOS-e820: [mem 0x00000000feffc000-0x00000000feffffff] reserved
[    0.000000] BIOS-e820: [mem 0x00000000fffc0000-0x00000000ffffffff] reserved
[    0.000000] printk: bootconsole [earlyser0] enabled
[    0.000000] NX (Execute Disable) protection: active
[    0.000000] SMBIOS 2.8 present.
[    0.000000] DMI: QEMU Standard PC (i440FX + PIIX, 1996), BIOS rel-1.16.0-0-gd239552ce722-prebuilt.qemu.org 04/01/2014
[    0.000000] Hypervisor detected: KVM
[    0.000000] kvm-clock: Using msrs 4b564d01 and 4b564d00
[    0.000000] kvm-clock: cpu 0, msr 5401001, primary cpu clock
[    0.000000] kvm-clock: using sched offset of 294296923 cycles
[    0.000418] clocksource: kvm-clock: mask: 0xffffffffffffffff max_cycles: 0x1cd42e4dffb, max_idle_ns: 881590591483 ns
[    0.001624] tsc: Detected 3609.600 MHz processor
[    0.006928] last_pfn = 0x7ffe0 max_arch_pfn = 0x400000000
[    0.007478] x86/PAT: Configuration [0-7]: WB  WC  UC- UC  WB  WP  UC- WT  
[    0.013876] found SMP MP-table at [mem 0x000f5ba0-0x000f5baf]
[    0.015002] check: Scanning 1 areas for low memory corruption
[    0.015498] Using GB pages for direct mapping
[    0.016623] ACPI: Early table checksum verification disabled
[    0.017065] ACPI: RSDP 0x00000000000F59C0 000014 (v00 BOCHS )
[    0.017508] ACPI: RSDT 0x000000007FFE1951 000034 (v01 BOCHS  BXPC     00000001 BXPC 00000001)
[    0.018155] ACPI: FACP 0x000000007FFE17FD 000074 (v01 BOCHS  BXPC     00000001 BXPC 00000001)
[    0.018800] ACPI: DSDT 0x000000007FFE0040 0017BD (v01 BOCHS  BXPC     00000001 BXPC 00000001)
[    0.019439] ACPI: FACS 0x000000007FFE0000 000040
[    0.019789] ACPI: APIC 0x000000007FFE1871 000080 (v01 BOCHS  BXPC     00000001 BXPC 00000001)
[    0.020427] ACPI: HPET 0x000000007FFE18F1 000038 (v01 BOCHS  BXPC     00000001 BXPC 00000001)
[    0.021066] ACPI: WAET 0x000000007FFE1929 000028 (v01 BOCHS  BXPC     00000001 BXPC 00000001)
[    0.022206] No NUMA configuration found
[    0.022491] Faking a node at [mem 0x0000000000000000-0x000000007ffdffff]
[    0.023042] NODE_DATA(0) allocated [mem 0x7ffb5000-0x7ffdffff]
[    0.025850] Zone ranges:
[    0.026065]   DMA      [mem 0x0000000000001000-0x0000000000ffffff]
[    0.026525]   DMA32    [mem 0x0000000001000000-0x000000007ffdffff]
[    0.026984]   Normal   empty
[    0.027199]   Device   empty
[    0.027416] Movable zone start for each node
[    0.027731] Early memory node ranges
[    0.027994]   node   0: [mem 0x0000000000001000-0x000000000009efff]
[    0.028458]   node   0: [mem 0x0000000000100000-0x000000007ffdffff]
[    0.034752] Zeroed struct page in unavailable ranges: 130 pages
[    0.034761] Initmem setup node 0 [mem 0x0000000000001000-0x000000007ffdffff]
[    0.051577] ACPI: PM-Timer IO Port: 0x608
[    0.051863] ACPI: LAPIC_NMI (acpi_id[0xff] dfl dfl lint[0x1])
[    0.052263] IOAPIC[0]: apic_id 0, version 17, address 0xfec00000, GSI 0-23
[    0.052705] ACPI: INT_SRC_OVR (bus 0 bus_irq 0 global_irq 2 dfl dfl)
[    0.053099] ACPI: INT_SRC_OVR (bus 0 bus_irq 5 global_irq 5 high level)
[    0.053512] ACPI: INT_SRC_OVR (bus 0 bus_irq 9 global_irq 9 high level)
[    0.053922] ACPI: INT_SRC_OVR (bus 0 bus_irq 10 global_irq 10 high level)
[    0.054340] ACPI: INT_SRC_OVR (bus 0 bus_irq 11 global_irq 11 high level)
[    0.054785] Using ACPI (MADT) for SMP configuration information
[    0.055150] ACPI: HPET id: 0x8086a201 base: 0xfed00000
[    0.055480] TSC deadline timer available
[    0.055724] smpboot: Allowing 2 CPUs, 0 hotplug CPUs
[    0.056050] kvm-guest: KVM setup pv remote TLB flush
[    0.056373] kvm-guest: setup PV sched yield
[    0.056669] PM: hibernation: Registered nosave memory: [mem 0x00000000-0x00000fff]
[    0.057136] PM: hibernation: Registered nosave memory: [mem 0x0009f000-0x0009ffff]
[    0.057603] PM: hibernation: Registered nosave memory: [mem 0x000a0000-0x000effff]
[    0.058066] PM: hibernation: Registered nosave memory: [mem 0x000f0000-0x000fffff]
[    0.058531] [mem 0x80000000-0xfeffbfff] available for PCI devices
[    0.058908] Booting paravirtualized kernel on KVM
[    0.059210] clocksource: refined-jiffies: mask: 0xffffffff max_cycles: 0xffffffff, max_idle_ns: 7645519600211568 ns
[    0.059859] setup_percpu: NR_CPUS:8192 nr_cpumask_bits:2 nr_cpu_ids:2 nr_node_ids:1
[    0.061924] percpu: Embedded 58 pages/cpu s200704 r8192 d28672 u1048576
[    0.062483] kvm-guest: KVM setup async PF for cpu 0
[    0.062784] kvm-guest: stealtime: cpu 0, msr 7dc30080
[    0.063101] kvm-guest: PV spinlocks enabled
[    0.063365] PV qspinlock hash table entries: 256 (order: 0, 4096 bytes, linear)
[    0.063843] Built 1 zonelists, mobility grouping on.  Total pages: 515945
[    0.064265] Policy zone: DMA32
[    0.064458] Kernel command line: net.ifnames=0 console=ttyS0 root=/dev/sda earlyprintk=serial net.ifnames=0
[    0.066437] Dentry cache hash table entries: 262144 (order: 9, 2097152 bytes, linear)
[    0.067014] Inode-cache hash table entries: 131072 (order: 8, 1048576 bytes, linear)
[    0.067563] mem auto-init: stack:off, heap alloc:off, heap free:off
[    0.070897] Memory: 1988036K/2096632K available (30736K kernel code, 5159K rwdata, 7444K rodata, 2980K init, 22372K bss, 108340K reserved, 0K cma-reserved)
[    0.071809] random: get_random_u64 called from __kmem_cache_create+0x33/0x460 with crng_init=0
[    0.072193] SLUB: HWalign=64, Order=0-3, MinObjects=0, CPUs=2, Nodes=1
[    0.073112] kmemleak: Kernel memory leak detector disabled
[    0.073483] ftrace: allocating 62788 entries in 246 pages
[    0.137507] ftrace: allocated 246 pages with 6 groups
[    0.138082] Running RCU self tests
[    0.138293] rcu: Hierarchical RCU implementation.
[    0.138573] rcu: 	RCU lockdep checking is enabled.
[    0.138856] rcu: 	RCU restricting CPUs from NR_CPUS=8192 to nr_cpu_ids=2.
[    0.139258] 	Trampoline variant of Tasks RCU enabled.
[    0.139557] 	Rude variant of Tasks RCU enabled.
[    0.139825] 	Tracing variant of Tasks RCU enabled.
[    0.140104] rcu: RCU calculated value of scheduler-enlistment delay is 25 jiffies.
[    0.140542] rcu: Adjusting geometry for rcu_fanout_leaf=16, nr_cpu_ids=2
[    0.151902] NR_IRQS: 524544, nr_irqs: 440, preallocated irqs: 16
[    0.158039] Console: colour VGA+ 80x25
[    0.158311] printk: console [ttyS0] enabled
[    0.158311] printk: console [ttyS0] enabled
[    0.158813] printk: bootconsole [earlyser0] disabled
[    0.158813] printk: bootconsole [earlyser0] disabled
[    0.159398] Lock dependency validator: Copyright (c) 2006 Red Hat, Inc., Ingo Molnar
[    0.159859] ... MAX_LOCKDEP_SUBCLASSES:  8
[    0.160108] ... MAX_LOCK_DEPTH:          48
[    0.160361] ... MAX_LOCKDEP_KEYS:        8192
[    0.160625] ... CLASSHASH_SIZE:          4096
[    0.160889] ... MAX_LOCKDEP_ENTRIES:     32768
[    0.161158] ... MAX_LOCKDEP_CHAINS:      65536
[    0.161427] ... CHAINHASH_SIZE:          32768
[    0.161703]  memory used by lock dependency info: 6365 kB
[    0.162027]  memory used for stack traces: 4224 kB
[    0.162316]  per task-struct memory footprint: 1920 bytes
[    0.162667] ACPI: Core revision 20201113
[    0.163049] clocksource: hpet: mask: 0xffffffff max_cycles: 0xffffffff, max_idle_ns: 19112604467 ns
[    0.163678] APIC: Switch to symmetric I/O mode setup
[    0.164095] x2apic enabled
[    0.164387] Switched APIC routing to physical x2apic.
[    0.164692] kvm-guest: setup PV IPIs
[    0.165517] ..TIMER: vector=0x30 apic1=0 pin1=2 apic2=-1 pin2=-1
[    0.165896] clocksource: tsc-early: mask: 0xffffffffffffffff max_cycles: 0x3407c077a8d, max_idle_ns: 440795342283 ns
[    0.166529] Calibrating delay loop (skipped) preset value.. 7219.20 BogoMIPS (lpj=14438400)
[    0.167027] pid_max: default: 32768 minimum: 301
[    0.167356] LSM: Security Framework initializing
[    0.167642] Yama: becoming mindful.
[    0.170657] Mount-cache hash table entries: 4096 (order: 3, 32768 bytes, linear)
[    0.171112] Mountpoint-cache hash table entries: 4096 (order: 3, 32768 bytes, linear)
[    0.172350] x86/cpu: User Mode Instruction Prevention (UMIP) activated
[    0.174088] Last level iTLB entries: 4KB 0, 2MB 0, 4MB 0
[    0.174540] Last level dTLB entries: 4KB 0, 2MB 0, 4MB 0, 1GB 0
[    0.174922] Spectre V1 : Mitigation: usercopy/swapgs barriers and __user pointer sanitization
[    0.175435] Spectre V2 : Mitigation: Enhanced IBRS
[    0.175719] Spectre V2 : Spectre v2 / SpectreRSB mitigation: Filling RSB on context switch
[    0.176198] Spectre V2 : mitigation: Enabling conditional Indirect Branch Prediction Barrier
[    0.176689] Speculative Store Bypass: Mitigation: Speculative Store Bypass disabled via prctl and seccomp
[    0.177709] Freeing SMP alternatives memory: 52K
[    0.179224] smpboot: CPU0: 12th Gen Intel(R) Core(TM) i7-12700K (family: 0x6, model: 0x97, stepping: 0x2)
[    0.180218] Performance Events: generic architected perfmon, full-width counters, Intel PMU driver.
[    0.180784] ... version:                2
[    0.181024] ... bit width:              48
[    0.181269] ... generic registers:      6
[    0.181510] ... value mask:             0000ffffffffffff
[    0.181824] ... max period:             00007fffffffffff
[    0.182137] ... fixed-purpose events:   3
[    0.182377] ... event mask:             000000070000003f
[    0.182522] rcu: Hierarchical SRCU implementation.
[    0.184530] smp: Bringing up secondary CPUs ...
[    0.185157] x86: Booting SMP configuration:
[    0.185417] .... node  #0, CPUs:      #1
[    0.014034] kvm-clock: cpu 1, msr 5401041, secondary cpu clock
[    0.186240] kvm-guest: KVM setup async PF for cpu 1
[    0.186240] kvm-guest: stealtime: cpu 1, msr 7dd30080
[    0.186562] smp: Brought up 1 node, 2 CPUs
[    0.186823] smpboot: Max logical packages: 1
[    0.187080] smpboot: Total of 2 processors activated (14438.40 BogoMIPS)
[    0.190952] devtmpfs: initialized
[    0.190991] x86/mm: Memory block size: 128MB
[    0.192493] clocksource: jiffies: mask: 0xffffffff max_cycles: 0xffffffff, max_idle_ns: 7645041785100000 ns
[    0.194538] futex hash table entries: 512 (order: 4, 65536 bytes, linear)
[    0.195195] pinctrl core: initialized pinctrl subsystem
[    0.195904] 
[    0.196007] *************************************************************
[    0.196415] **     NOTICE NOTICE NOTICE NOTICE NOTICE NOTICE NOTICE    **
[    0.196822] **                                                         **
[    0.197230] **  IOMMU DebugFS SUPPORT HAS BEEN ENABLED IN THIS KERNEL  **
[    0.197638] **                                                         **
[    0.198045] ** This means that this kernel is built to expose internal **
[    0.198453] ** IOMMU data structures, which may compromise security on **
[    0.198526] ** your system.                                            **
[    0.198935] **                                                         **
[    0.199345] ** If you see this message and you are not debugging the   **
[    0.199753] ** kernel, report this immediately to your vendor!         **
[    0.200161] **                                                         **
[    0.200568] **     NOTICE NOTICE NOTICE NOTICE NOTICE NOTICE NOTICE    **
[    0.200977] *************************************************************
[    0.201433] PM: RTC time: 18:40:19, date: 2023-03-14
[    0.202620] NET: Registered protocol family 16
[    0.203341] DMA: preallocated 256 KiB GFP_KERNEL pool for atomic allocations
[    0.203776] DMA: preallocated 256 KiB GFP_KERNEL|GFP_DMA pool for atomic allocations
[    0.204249] DMA: preallocated 256 KiB GFP_KERNEL|GFP_DMA32 pool for atomic allocations
[    0.204758] audit: initializing netlink subsys (disabled)
[    0.205103] audit: type=2000 audit(1678819219.476:1): state=initialized audit_enabled=0 res=1
[    0.205103] thermal_sys: Registered thermal governor 'fair_share'
[    0.205103] thermal_sys: Registered thermal governor 'bang_bang'
[    0.205103] thermal_sys: Registered thermal governor 'step_wise'
[    0.205103] thermal_sys: Registered thermal governor 'user_space'
[    0.205103] cpuidle: using governor ladder
[    0.205103] cpuidle: using governor menu
[    0.205103] ACPI: bus type PCI registered
[    0.205103] acpiphp: ACPI Hot Plug PCI Controller Driver version: 0.5
[    0.205314] PCI: Using configuration type 1 for base access
[    0.218610] HugeTLB registered 1.00 GiB page size, pre-allocated 0 pages
[    0.218974] HugeTLB registered 2.00 MiB page size, pre-allocated 0 pages
[    0.222847] ACPI: Added _OSI(Module Device)
[    0.223122] ACPI: Added _OSI(Processor Device)
[    0.223398] ACPI: Added _OSI(3.0 _SCP Extensions)
[    0.223688] ACPI: Added _OSI(Processor Aggregator Device)
[    0.223688] ACPI: Added _OSI(Linux-Dell-Video)
[    0.223688] ACPI: Added _OSI(Linux-Lenovo-NV-HDMI-Audio)
[    0.223688] ACPI: Added _OSI(Linux-HPI-Hybrid-Graphics)
[    0.228034] ACPI: 1 ACPI AML tables successfully acquired and loaded
[    0.230910] ACPI: Interpreter enabled
[    0.231207] ACPI: (supports S0 S3 S4 S5)
[    0.231455] ACPI: Using IOAPIC for interrupt routing
[    0.231791] PCI: Using host bridge windows from ACPI; if necessary, use "pci=nocrs" and report a bug
[    0.232874] ACPI: Enabled 2 GPEs in block 00 to 0F
[    0.245789] ACPI: PCI Root Bridge [PCI0] (domain 0000 [bus 00-ff])
[    0.246200] acpi PNP0A03:00: _OSC: OS supports [ASPM ClockPM Segments MSI EDR HPX-Type3]
[    0.246595] acpi PNP0A03:00: fail to add MMCONFIG information, can't access extended PCI configuration space under this bridge.
[    0.248778] acpiphp: Slot [3] registered
[    0.249074] acpiphp: Slot [4] registered
[    0.249367] acpiphp: Slot [5] registered
[    0.249661] acpiphp: Slot [6] registered
[    0.249958] acpiphp: Slot [7] registered
[    0.250250] acpiphp: Slot [8] registered
[    0.250545] acpiphp: Slot [9] registered
[    0.250838] acpiphp: Slot [10] registered
[    0.251138] acpiphp: Slot [11] registered
[    0.251443] acpiphp: Slot [12] registered
[    0.251742] acpiphp: Slot [13] registered
[    0.252040] acpiphp: Slot [14] registered
[    0.252338] acpiphp: Slot [15] registered
[    0.252635] acpiphp: Slot [16] registered
[    0.252937] acpiphp: Slot [17] registered
[    0.253234] acpiphp: Slot [18] registered
[    0.253532] acpiphp: Slot [19] registered
[    0.253833] acpiphp: Slot [20] registered
[    0.254132] acpiphp: Slot [21] registered
[    0.254438] acpiphp: Slot [22] registered
[    0.254576] acpiphp: Slot [23] registered
[    0.254874] acpiphp: Slot [24] registered
[    0.255179] acpiphp: Slot [25] registered
[    0.255477] acpiphp: Slot [26] registered
[    0.255779] acpiphp: Slot [27] registered
[    0.256076] acpiphp: Slot [28] registered
[    0.256374] acpiphp: Slot [29] registered
[    0.256672] acpiphp: Slot [30] registered
[    0.256973] acpiphp: Slot [31] registered
[    0.257238] PCI host bridge to bus 0000:00
[    0.257492] pci_bus 0000:00: root bus resource [io  0x0000-0x0cf7 window]
[    0.257909] pci_bus 0000:00: root bus resource [io  0x0d00-0xffff window]
[    0.258326] pci_bus 0000:00: root bus resource [mem 0x000a0000-0x000bffff window]
[    0.258530] pci_bus 0000:00: root bus resource [mem 0x80000000-0xfebfffff window]
[    0.258990] pci_bus 0000:00: root bus resource [mem 0x100000000-0x17fffffff window]
[    0.259459] pci_bus 0000:00: root bus resource [bus 00-ff]
[    0.259847] pci 0000:00:00.0: [8086:1237] type 00 class 0x060000
[    0.261672] pci 0000:00:01.0: [8086:7000] type 00 class 0x060100
[    0.262798] pci 0000:00:01.1: [8086:7010] type 00 class 0x010180
[    0.264289] pci 0000:00:01.1: reg 0x20: [io  0xc040-0xc04f]
[    0.265068] pci 0000:00:01.1: legacy IDE quirk: reg 0x10: [io  0x01f0-0x01f7]
[    0.265507] pci 0000:00:01.1: legacy IDE quirk: reg 0x14: [io  0x03f6]
[    0.265909] pci 0000:00:01.1: legacy IDE quirk: reg 0x18: [io  0x0170-0x0177]
[    0.266347] pci 0000:00:01.1: legacy IDE quirk: reg 0x1c: [io  0x0376]
[    0.270991] pci 0000:00:01.3: [8086:7113] type 00 class 0x068000
[    0.271609] pci 0000:00:01.3: quirk: [io  0x0600-0x063f] claimed by PIIX4 ACPI
[    0.272057] pci 0000:00:01.3: quirk: [io  0x0700-0x070f] claimed by PIIX4 SMB
[    0.273102] pci 0000:00:02.0: [1234:1111] type 00 class 0x030000
[    0.274728] pci 0000:00:02.0: reg 0x10: [mem 0xfd000000-0xfdffffff pref]
[    0.276194] pci 0000:00:02.0: reg 0x18: [mem 0xfebf0000-0xfebf0fff]
[    0.278776] pci 0000:00:02.0: reg 0x30: [mem 0xfebe0000-0xfebeffff pref]
[    0.280833] pci 0000:00:03.0: [8086:100e] type 00 class 0x020000
[    0.281707] pci 0000:00:03.0: reg 0x10: [mem 0xfebc0000-0xfebdffff]
[    0.282528] pci 0000:00:03.0: reg 0x14: [io  0xc000-0xc03f]
[    0.284530] pci 0000:00:03.0: reg 0x30: [mem 0xfeb80000-0xfebbffff pref]
[    0.291810] ACPI: PCI Interrupt Link [LNKA] (IRQs 5 *10 11)
[    0.292468] ACPI: PCI Interrupt Link [LNKB] (IRQs 5 *10 11)
[    0.293103] ACPI: PCI Interrupt Link [LNKC] (IRQs 5 10 *11)
[    0.293912] ACPI: PCI Interrupt Link [LNKD] (IRQs 5 10 *11)
[    0.294404] ACPI: PCI Interrupt Link [LNKS] (IRQs *9)
[    0.295388] iommu: Default domain type: Translated 
[    0.295388] pci 0000:00:02.0: vgaarb: setting as boot VGA device
[    0.295388] pci 0000:00:02.0: vgaarb: VGA device added: decodes=io+mem,owns=io+mem,locks=none
[    0.295453] pci 0000:00:02.0: vgaarb: bridge control possible
[    0.295802] vgaarb: loaded
[    0.298707] SCSI subsystem initialized
[    0.298962] ACPI: bus type USB registered
[    0.298976] usbcore: registered new interface driver usbfs
[    0.299341] usbcore: registered new interface driver hub
[    0.299690] usbcore: registered new device driver usb
[    0.300077] pps_core: LinuxPPS API ver. 1 registered
[    0.300381] pps_core: Software ver. 5.3.6 - Copyright 2005-2007 Rodolfo Giometti <giometti@linux.it>
[    0.300938] PTP clock support registered
[    0.301231] EDAC MC: Ver: 3.0.0
[    0.303225] NetLabel: Initializing
[    0.303449] NetLabel:  domain hash size = 128
[    0.303716] NetLabel:  protocols = UNLABELED CIPSOv4 CALIPSO
[    0.304129] NetLabel:  unlabeled traffic allowed by default
[    0.304524] PCI: Using ACPI for IRQ routing
[    0.304524] hpet0: at MMIO 0xfed00000, IRQs 2, 8, 0
[    0.304524] hpet0: 3 comparators, 64-bit 100.000000 MHz counter
[    0.308633] clocksource: Switched to clocksource kvm-clock
[    0.396201] VFS: Disk quotas dquot_6.6.0
[    0.396508] VFS: Dquot-cache hash table entries: 512 (order 0, 4096 bytes)
[    0.397164] pnp: PnP ACPI init
[    0.398812] pnp: PnP ACPI: found 6 devices
[    0.408273] clocksource: acpi_pm: mask: 0xffffff max_cycles: 0xffffff, max_idle_ns: 2085701024 ns
[    0.409074] NET: Registered protocol family 2
[    2.099949] tcp_listen_portaddr_hash hash table entries: 1024 (order: 4, 81920 bytes, linear)
[    2.100576] TCP established hash table entries: 16384 (order: 5, 131072 bytes, linear)
[    2.101170] TCP bind hash table entries: 16384 (order: 8, 1179648 bytes, linear)
[    2.103017] TCP: Hash tables configured (established 16384 bind 16384)
[    2.103524] UDP hash table entries: 1024 (order: 5, 163840 bytes, linear)
[    2.104022] UDP-Lite hash table entries: 1024 (order: 5, 163840 bytes, linear)
[    2.104638] NET: Registered protocol family 1
[    2.105469] RPC: Registered named UNIX socket transport module.
[    2.105831] RPC: Registered udp transport module.
[    2.106107] RPC: Registered tcp transport module.
[    2.106382] RPC: Registered tcp NFSv4.1 backchannel transport module.
[    2.106795] pci_bus 0000:00: resource 4 [io  0x0000-0x0cf7 window]
[    2.107162] pci_bus 0000:00: resource 5 [io  0x0d00-0xffff window]
[    2.107525] pci_bus 0000:00: resource 6 [mem 0x000a0000-0x000bffff window]
[    2.107932] pci_bus 0000:00: resource 7 [mem 0x80000000-0xfebfffff window]
[    2.108335] pci_bus 0000:00: resource 8 [mem 0x100000000-0x17fffffff window]
[    2.108925] pci 0000:00:01.0: PIIX3: Enabling Passive Release
[    2.109272] pci 0000:00:00.0: Limiting direct PCI/PCI transfers
[    2.109632] pci 0000:00:01.0: Activating ISA DMA hang workarounds
[    2.110049] pci 0000:00:02.0: Video device with shadowed ROM at [mem 0x000c0000-0x000dffff]
[    2.110560] PCI: CLS 0 bytes, default 64
[    2.111174] clocksource: tsc: mask: 0xffffffffffffffff max_cycles: 0x3407c077a8d, max_idle_ns: 440795342283 ns
[    2.112692] check: Scanning for low memory corruption every 60 seconds
[    2.116245] Initialise system trusted keyrings
[    2.116589] Key type blacklist registered
[    2.117002] workingset: timestamp_bits=36 max_order=19 bucket_order=0
[    2.123610] zbud: loaded
[    2.125040] squashfs: version 4.0 (2009/01/31) Phillip Lougher
[    2.126289] NFS: Registering the id_resolver key type
[    2.126616] Key type id_resolver registered
[    2.126865] Key type id_legacy registered
[    2.127173] nfs4filelayout_init: NFSv4 File Layout Driver Registering...
[    2.127827] fuse: init (API version 7.33)
[    2.128357] SGI XFS with ACLs, security attributes, realtime, quota, no debug enabled
[    2.129778] 9p: Installing v9fs 9p2000 file system support
[    2.135231] Key type asymmetric registered
[    2.135496] Asymmetric key parser 'x509' registered
[    2.135821] Block layer SCSI generic (bsg) driver version 0.4 loaded (major 244)
[    2.136360] io scheduler mq-deadline registered
[    2.136715] io scheduler bfq registered
[    2.137224] shpchp: Standard Hot Plug PCI Controller Driver version: 0.4
[    2.137883] IPMI message handler: version 39.2
[    2.138176] ipmi device interface
[    2.139460] input: Power Button as /devices/LNXSYSTM:00/LNXPWRBN:00/input/input0
[    2.140262] ACPI: Power Button [PWRF]
[    2.141283] ERST DBG: ERST support is disabled.
[    2.142339] Serial: 8250/16550 driver, 32 ports, IRQ sharing enabled
[    2.143657] 00:04: ttyS0 at I/O 0x3f8 (irq = 4, base_baud = 115200) is a 16550A
[    2.152146] Linux agpgart interface v0.103
[    2.160972] brd: module loaded
[    2.168167] loop: module loaded
[    2.171053] scsi host0: ata_piix
[    2.171689] scsi host1: ata_piix
[    2.172000] ata1: PATA max MWDMA2 cmd 0x1f0 ctl 0x3f6 bmdma 0xc040 irq 14
[    2.172400] ata2: PATA max MWDMA2 cmd 0x170 ctl 0x376 bmdma 0xc048 irq 15
[    2.173638] libphy: Fixed MDIO Bus: probed
[    2.174076] tun: Universal TUN/TAP device driver, 1.6
[    2.174493] e100: Intel(R) PRO/100 Network Driver
[    2.174785] e100: Copyright(c) 1999-2006 Intel Corporation
[    2.175130] e1000: Intel(R) PRO/1000 Network Driver
[    2.175417] e1000: Copyright (c) 1999-2006 Intel Corporation.
[    2.326130] PCI Interrupt Link [LNKC] enabled at IRQ 11
[    2.331392] ata2.00: ATAPI: QEMU DVD-ROM, 2.5+, max UDMA/100
[    2.331862] ata1.00: ATA-7: QEMU HARDDISK, 2.5+, max UDMA/100
[    2.332223] ata1.00: 16777216 sectors, multi 16: LBA48 
[    2.333510] scsi 0:0:0:0: Direct-Access     ATA      QEMU HARDDISK    2.5+ PQ: 0 ANSI: 5
[    2.334578] sd 0:0:0:0: Attached scsi generic sg0 type 0
[    2.334789] sd 0:0:0:0: [sda] 16777216 512-byte logical blocks: (8.59 GB/8.00 GiB)
[    2.335421] sd 0:0:0:0: [sda] Write Protect is off
[    2.335526] scsi 1:0:0:0: CD-ROM            QEMU     QEMU DVD-ROM     2.5+ PQ: 0 ANSI: 5
[    2.336282] sd 0:0:0:0: [sda] Write cache: enabled, read cache: enabled, doesn't support DPO or FUA
[    2.336884] scsi 1:0:0:0: Attached scsi generic sg1 type 5
[    2.338975] sd 0:0:0:0: [sda] Attached SCSI disk
[    2.644896] e1000 0000:00:03.0 eth0: (PCI:33MHz:32-bit) 52:54:00:12:34:56
[    2.645337] e1000 0000:00:03.0 eth0: Intel(R) PRO/1000 Network Connection
[    2.645796] e1000e: Intel(R) PRO/1000 Network Driver
[    2.646084] e1000e: Copyright(c) 1999 - 2015 Intel Corporation.
[    2.646473] igb: Intel(R) Gigabit Ethernet Network Driver
[    2.646794] igb: Copyright (c) 2007-2014 Intel Corporation.
[    2.647192] PPP generic driver version 2.4.2
[    2.648010] VFIO - User Level meta-driver version: 0.3
[    2.648378] ehci_hcd: USB 2.0 'Enhanced' Host Controller (EHCI) Driver
[    2.648767] ehci-pci: EHCI PCI platform driver
[    2.649050] ehci-platform: EHCI generic platform driver
[    2.649371] ohci_hcd: USB 1.1 'Open' Host Controller (OHCI) Driver
[    2.649734] ohci-pci: OHCI PCI platform driver
[    2.650016] ohci-platform: OHCI generic platform driver
[    2.650336] uhci_hcd: USB Universal Host Controller Interface driver
[    2.650986] usbcore: registered new interface driver uas
[    2.651614] usbcore: registered new interface driver usb-storage
[    2.652098] i8042: PNP: PS/2 Controller [PNP0303:KBD,PNP0f13:MOU] at 0x60,0x64 irq 1,12
[    2.653155] serio: i8042 KBD port at 0x60,0x64 irq 1
[    2.653481] serio: i8042 AUX port at 0x60,0x64 irq 12
[    2.654208] mousedev: PS/2 mouse device common for all mice
[    2.655071] input: AT Translated Set 2 keyboard as /devices/platform/i8042/serio0/input/input1
[    2.656375] input: VirtualPS/2 VMware VMMouse as /devices/platform/i8042/serio1/input/input4
[    2.657103] rtc_cmos 00:05: RTC can wake from S4
[    2.657968] input: VirtualPS/2 VMware VMMouse as /devices/platform/i8042/serio1/input/input3
[    2.658995] rtc_cmos 00:05: registered as rtc0
[    2.659319] rtc_cmos 00:05: setting system clock to 2023-03-14T18:40:21 UTC (1678819221)
[    2.659906] rtc_cmos 00:05: alarms up to one day, y3k, 242 bytes nvram, hpet irqs
[    2.660363] i2c /dev entries driver
[    2.660701] device-mapper: uevent: version 1.0.3
[    2.661166] device-mapper: ioctl: 4.43.0-ioctl (2020-10-01) initialised: dm-devel@redhat.com
[    2.661663] intel_pstate: CPU model not supported
[    2.662007] sdhci: Secure Digital Host Controller Interface driver
[    2.662369] sdhci: Copyright(c) Pierre Ossman
[    2.662691] sdhci-pltfm: SDHCI platform and OF driver helper
[    2.663070] ledtrig-cpu: registered to indicate activity on CPUs
[    2.663505] drop_monitor: Initializing network drop monitor service
[    2.664667] NET: Registered protocol family 10
[    2.667422] Segment Routing with IPv6
[    2.667847] NET: Registered protocol family 17
[    2.668309] 9pnet: Installing 9P2000 support
[    2.668605] Key type dns_resolver registered
[    2.669463] IPI shorthand broadcast: enabled
[    2.669748] sched_clock: Marking stable (2659274430, 10034958)->(2671180030, -1870642)
[    2.670382] registered taskstats version 1
[    2.670678] Loading compiled-in X.509 certificates
[    2.671102] zswap: loaded using pool lzo/zbud
[    2.671836] Key type ._fscrypt registered
[    2.672090] Key type .fscrypt registered
[    2.672327] Key type fscrypt-provisioning registered
[    2.673139] Key type encrypted registered
[    2.673434] ima: No TPM chip found, activating TPM-bypass!
[    2.673765] ima: Allocated hash algorithm: sha1
[    2.674068] ima: No architecture policies found
[    2.674377] evm: Initialising EVM extended attributes:
[    2.674689] evm: security.selinux
[    2.674889] evm: security.SMACK64
[    2.675090] evm: security.SMACK64EXEC
[    2.675309] evm: security.SMACK64TRANSMUTE
[    2.675552] evm: security.SMACK64MMAP
[    2.675778] evm: security.apparmor
[    2.675981] evm: security.ima
[    2.676161] evm: security.capability
[    2.676375] evm: HMAC attrs: 0x1
[    2.678452] PM:   Magic number: 15:76:696
[    2.678731] workqueue nvme-reset-wq: hash matches
[    2.679401] RAS: Correctable Errors collector initialized.
[    2.680499] md: Waiting for all devices to be available before autodetect
[    2.680901] md: If you don't use raid, use raid=noautodetect
[    2.681237] md: Autodetecting RAID arrays.
[    2.681488] md: autorun ...
[    2.681659] md: ... autorun DONE.
[    2.684376] EXT4-fs (sda): INFO: recovery required on readonly filesystem
[    2.684805] EXT4-fs (sda): write access will be enabled during recovery
[    2.713301] random: fast init done
[    2.771323] EXT4-fs (sda): recovery complete
[    2.777592] EXT4-fs (sda): mounted filesystem with ordered data mode. Opts: (null). Quota mode: none.
[    2.778192] VFS: Mounted root (ext4 filesystem) readonly on device 8:0.
[    2.779126] devtmpfs: mounted
[    2.784869] Freeing unused decrypted memory: 2036K
[    2.786222] Freeing unused kernel image (initmem) memory: 2980K
[    2.786610] Write protecting the kernel read-only data: 40960k
[    2.788963] Freeing unused kernel image (text/rodata gap) memory: 2028K
[    2.789801] Freeing unused kernel image (rodata/data gap) memory: 748K
[    2.862854] x86/mm: Checked W+X mappings: passed, no W+X pages found.
[    2.863268] Run /sbin/init as init process
[    2.926123] systemd[1]: RTC configured in localtime, applying delta of 0 minutes to system time.
[    2.946351] systemd[1]: systemd 239 (239-49.el8) running in system mode. (+PAM +AUDIT +SELINUX +IMA -APPARMOR +SMACK +SYSVINIT +UTMP +LIBCRYPTSETUP +GCRYPT +GNUTLS +ACL +XZ +LZ4 +SECCOMP +BLKID +ELFUTILS +KMOD +IDN2 -IDN +PCRE2 default-hierarchy=legacy)
[    2.947822] systemd[1]: Detected virtualization kvm.
[    2.948126] systemd[1]: Detected architecture x86-64.

Welcome to [0;31mCentOS Stream 8[0m!

[    2.968184] systemd[1]: Set hostname to <test>.
[    3.064247] random: lvmconfig: uninitialized urandom read (4 bytes read)
[    3.144071] random: systemd: uninitialized urandom read (16 bytes read)
[    3.144726] systemd[1]: Listening on Journal Socket.
[[0;32m  OK  [0m] Listening on Journal Socket.
[    3.145717] random: systemd: uninitialized urandom read (16 bytes read)
[    3.148661] systemd[1]: Created slice system-sshd\x2dkeygen.slice.
[[0;32m  OK  [0m] Created slice system-sshd\x2dkeygen.slice.
[    3.149975] systemd[1]: Listening on RPCbind Server Activation Socket.
[[0;32m  OK  [0m] Listening on RPCbind Server Activation Socket.
[    3.150831] systemd[1]: Reached target RPC Port Mapper.
[[0;32m  OK  [0m] Reached target RPC Port Mapper.
[    3.151601] systemd[1]: Listening on udev Kernel Socket.
[[0;32m  OK  [0m] Listening on udev Kernel Socket.
[    3.152404] systemd[1]: Listening on Journal Socket (/dev/log).
[[0;32m  OK  [0m] Listening on Journal Socket (/dev/log).
         Starting Remount Root and Kernel File Systems...
[[0;32m  OK  [0m] Created slice system-getty.slice.
         Starting Setup Virtual Console...
         Mounting Huge Pages File System...
[[0;32m  OK  [0m] Listening on LVM2 poll daemon socket.
[[0;32m  OK  [0m] Listening on initctl Compatibility Named Pipe.
         Mounting Kernel Debug File System...
         Mounting POSIX Message Queue File System...
[[0;32m  OK  [0m] Set up automount Arbitrary Executabâ€¦rmats File System Automount Point.
[[0;32m  OK  [0m] Listening on Device-mapper event daemon FIFOs.
         Starting Monitoring of LVM2 mirrorsâ€¦ng dmeventd or progress polling...
[[0;32m  OK  [0m] Reached target Swap.
[[0;32m  OK  [0m] Created slice system-serial\x2dgetty.slice.
[[0;32m  OK  [0m] Listening on udev Control Socket.
         Starting udev Coldplug all Devices...
[[0;32m  OK  [0m] Created slice User and Session Slice.
[[0;32m  OK  [0m] Reached target Slices.
[[0;32m  OK  [0m] Listening on Process Core Dump Socket.
[[0;32m  OK  [0m] Listening on multipathd control socket.
         Starting Journal Service...
         Starting Load Kernel Modules...
[[0;32m  OK  [0m] Started Forward Password Requests to Wall Directory Watch.
[    3.316637] EXT4-fs (sda): re-mounted. Opts: (null). Quota mode: none.
[[0;32m  OK  [0m] Started Remount Root and Kernel File Systems.
[[0;32m  OK  [0m] Mounted Huge Pages File System.
[[0;32m  OK  [0m] Mounted Kernel Debug File System.
[[0;32m  OK  [0m] Mounted POSIX Message Queue File System.
[[0;1;31mFAILED[0m] Failed to start Load Kernel Modules.
See 'systemctl status systemd-modules-load.service' for details.
         Starting Apply Kernel Variables...
         Mounting Kernel Configuration File System...
         Mounting FUSE Control File System...
         Starting Load/Save Random Seed...
         Starting Create Static Device Nodes in /dev...
[[0;32m  OK  [0m] Started Apply Kernel Variables.
[[0;32m  OK  [0m] Mounted Kernel Configuration File System.
[[0;32m  OK  [0m] Mounted FUSE Control File System.
[[0;32m  OK  [0m] Started Load/Save Random Seed.
[[0;32m  OK  [0m] Started Create Static Device Nodes in /dev.
[[0;32m  OK  [0m] Started Journal Service.
         Starting Flush Journal to Persistent Storage...
         Starting udev Kernel Device Manager...
[[0;32m  OK  [0m] Started Setup Virtual Console.
[[0;32m  OK  [0m] Started Flush Journal to Persistent Storage.
[[0;32m  OK  [0m] Started udev Coldplug all Devices.
         Starting udev Wait for Complete Device Initialization...
[[0;32m  OK  [0m] Started udev Kernel Device Manager.
         Starting Show Plymouth Boot Screen...
[[0;32m  OK  [0m] Started Show Plymouth Boot Screen.
[[0;32m  OK  [0m] Reached target Paths.
[[0;32m  OK  [0m] Reached target Local Encrypted Volumes.
[[0;32m  OK  [0m] Started Forward Password Requests to Plymouth Directory Watch.
[[0;32m  OK  [0m] Found device /dev/ttyS0.
[[0;32m  OK  [0m] Started Monitoring of LVM2 mirrors,â€¦sing dmeventd or progress polling.
[[0;32m  OK  [0m] Started udev Wait for Complete Device Initialization.
[[0;32m  OK  [0m] Listening on Load/Save RF Kill Switch Status /dev/rfkill Watch.
[[0;32m  OK  [0m] Reached target Local File Systems (Pre).
[[0;32m  OK  [0m] Reached target Local File Systems.
         Starting Tell Plymouth To Write Out Runtime Data...
         Starting Restore /run/initramfs on shutdown...
         Starting Create Volatile Files and Directories...
[[0;32m  OK  [0m] Started Tell Plymouth To Write Out Runtime Data.
[[0;32m  OK  [0m] Started Restore /run/initramfs on shutdown.
[[0;32m  OK  [0m] Started Create Volatile Files and Directories.
         Starting RPC Bind...
         Starting Security Auditing Service...
         Mounting RPC Pipe File System...
[[0;32m  OK  [0m] Mounted RPC Pipe File System.
[[0;32m  OK  [0m] Reached target rpc_pipefs.target.
[[0;32m  OK  [0m] Started RPC Bind.
[[0;32m  OK  [0m] Started Security Auditing Service.
         Starting Update UTMP about System Boot/Shutdown...
[[0;32m  OK  [0m] Started Update UTMP about System Boot/Shutdown.
[[0;32m  OK  [0m] Reached target System Initialization.
[[0;32m  OK  [0m] Started dnf makecache --timer.
[[0;32m  OK  [0m] Started Daily Cleanup of Temporary Directories.
[[0;32m  OK  [0m] Listening on SSSD Kerberos Cache Manager responder socket.
[[0;32m  OK  [0m] Listening on D-Bus System Message Bus Socket.
[[0;32m  OK  [0m] Reached target Sockets.
[[0;32m  OK  [0m] Started daily update of the root trust anchor for DNSSEC.
[[0;32m  OK  [0m] Reached target Timers.
[[0;32m  OK  [0m] Reached target Basic System.
[[0;32m  OK  [0m] Reached target sshd-keygen.target.
         Starting Authorization Manager...
         Starting Self Monitoring and Reporting Technology (SMART) Daemon...
[[0;32m  OK  [0m] Started Machine Check Exception Logging Daemon.
[[0;32m  OK  [0m] Started D-Bus System Message Bus.
[[0;32m  OK  [0m] Started irqbalance daemon.
         Starting NTP client/server...
         Starting Network Manager...
         Starting Auto-connect to subsystemsâ€¦-NVME devices found during boot...
         Starting Login Service...
[[0;32m  OK  [0m] Started Self Monitoring and Reporting Technology (SMART) Daemon.
[[0;32m  OK  [0m] Started Auto-connect to subsystems â€¦FC-NVME devices found during boot.
[[0;32m  OK  [0m] Started Login Service.
[[0;32m  OK  [0m] Started Network Manager.
[[0;32m  OK  [0m] Reached target Network.
         Starting Dynamic System Tuning Daemon...
         Starting GSSAPI Proxy Daemon...
         Starting OpenSSH server daemon...
         Starting Network Manager Wait Online...
[[0;32m  OK  [0m] Started NTP client/server.
[[0;32m  OK  [0m] Started Authorization Manager.
         Starting Hostname Service...
[[0;32m  OK  [0m] Started Hostname Service.
         Starting Network Manager Script Dispatcher Service...
[[0;32m  OK  [0m] Started Network Manager Script Dispatcher Service.
[    4.670873] e1000: eth0 NIC Link is Up 1000 Mbps Full Duplex, Flow Control: RX
[    4.671850] IPv6: ADDRCONF(NETDEV_CHANGE): eth0: link becomes ready
[[0;32m  OK  [0m] Started Dynamic System Tuning Daemon.
[    5.626658] random: crng init done
[    5.626945] random: 7 urandom warning(s) missed due to ratelimiting
[[0;32m  OK  [0m] Started OpenSSH server daemon.
[[0;32m  OK  [0m] Started GSSAPI Proxy Daemon.
[[0;32m  OK  [0m] Reached target NFS client services.
[[0;32m  OK  [0m] Reached target Remote File Systems (Pre).
[[0;32m  OK  [0m] Reached target Remote File Systems.
         Starting Permit User Sessions...
[[0;32m  OK  [0m] Started Permit User Sessions.
         Starting Terminate Plymouth Boot Screen...
[[0;32m  OK  [0m] Started Command Scheduler.
         Starting Hold until boot process finishes up...

CentOS Stream 8
Kernel 5.11.0-f40ddce88593+ on an x86_64

test login: 