c[?7l[2J[0mSeaBIOS (version rel-1.14.0-0-g155821a1990b-prebuilt.qemu.org)


iPXE (http://ipxe.org) 00:03.0 CA00 PCI2.10 PnP PMM+7FF8F030+7FEEF030 CA00
Press Ctrl-B to configure iPXE (PCI 00:03.0)...                                                                               


Booting from ROM..c[?7l[2J[    0.000000] Linux version 5.16.0-rc4-7edfd85b1ffd+ (root@p-rplp02) (gcc (GCC) 8.5.0 20210514 (Red Hat 8.5.0-17), GNU ld version 2.36.1-2.el8) #1 SMP PREEMPT Wed Dec 7 15:15:10 CST 2022
[    0.000000] Command line: console=ttyS0 root=/dev/sda earlyprintk=serial net.ifnames=0
[    0.000000] KERNEL supported cpus:
[    0.000000]   Intel GenuineIntel
[    0.000000]   AMD AuthenticAMD
[    0.000000]   Hygon HygonGenuine
[    0.000000]   Centaur CentaurHauls
[    0.000000]   zhaoxin   Shanghai  
[    0.000000] x86/fpu: Supporting XSAVE feature 0x001: 'x87 floating point registers'
[    0.000000] x86/fpu: Supporting XSAVE feature 0x002: 'SSE registers'
[    0.000000] x86/fpu: Supporting XSAVE feature 0x004: 'AVX registers'
[    0.000000] x86/fpu: Supporting XSAVE feature 0x200: 'Protection Keys User registers'
[    0.000000] x86/fpu: xstate_offset[2]:  576, xstate_sizes[2]:  256
[    0.000000] x86/fpu: xstate_offset[9]:  832, xstate_sizes[9]:    8
[    0.000000] x86/fpu: Enabled xstate features 0x207, context size is 840 bytes, using 'compacted' format.
[    0.000000] signal: max sigframe size: 3632
[    0.000000] printk: bootconsole [earlyser0] enabled
[    0.000000] BIOS-provided physical RAM map:
[    0.000000] BIOS-e820: [mem 0x0000000000000000-0x000000000009fbff] usable
[    0.000000] BIOS-e820: [mem 0x000000000009fc00-0x000000000009ffff] reserved
[    0.000000] BIOS-e820: [mem 0x00000000000f0000-0x00000000000fffff] reserved
[    0.000000] BIOS-e820: [mem 0x0000000000100000-0x000000007ffdffff] usable
[    0.000000] BIOS-e820: [mem 0x000000007ffe0000-0x000000007fffffff] reserved
[    0.000000] BIOS-e820: [mem 0x00000000feffc000-0x00000000feffffff] reserved
[    0.000000] BIOS-e820: [mem 0x00000000fffc0000-0x00000000ffffffff] reserved
[    0.000000] NX (Execute Disable) protection: active
[    0.000000] SMBIOS 2.8 present.
[    0.000000] DMI: QEMU Standard PC (i440FX + PIIX, 1996), BIOS rel-1.14.0-0-g155821a1990b-prebuilt.qemu.org 04/01/2014
[    0.000000] Hypervisor detected: KVM
[    0.000000] kvm-clock: Using msrs 4b564d01 and 4b564d00
[    0.000000] kvm-clock: cpu 0, msr 4601001, primary cpu clock
[    0.000001] kvm-clock: using sched offset of 250300898 cycles
[    0.000311] clocksource: kvm-clock: mask: 0xffffffffffffffff max_cycles: 0x1cd42e4dffb, max_idle_ns: 881590591483 ns
[    0.001218] tsc: Detected 1881.600 MHz processor
[    0.005681] last_pfn = 0x7ffe0 max_arch_pfn = 0x400000000
[    0.006035] x86/PAT: Configuration [0-7]: WB  WC  UC- UC  WB  WP  UC- WT  
[    0.011543] found SMP MP-table at [mem 0x000f5a90-0x000f5a9f]
[    0.011912] Using GB pages for direct mapping
[    0.012838] ACPI: Early table checksum verification disabled
[    0.013158] ACPI: RSDP 0x00000000000F5870 000014 (v00 BOCHS )
[    0.013485] ACPI: RSDT 0x000000007FFE1959 000034 (v01 BOCHS  BXPC     00000001 BXPC 00000001)
[    0.013963] ACPI: FACP 0x000000007FFE1805 000074 (v01 BOCHS  BXPC     00000001 BXPC 00000001)
[    0.014441] ACPI: DSDT 0x000000007FFE0040 0017C5 (v01 BOCHS  BXPC     00000001 BXPC 00000001)
[    0.014959] ACPI: FACS 0x000000007FFE0000 000040
[    0.015249] ACPI: APIC 0x000000007FFE1879 000080 (v01 BOCHS  BXPC     00000001 BXPC 00000001)
[    0.015735] ACPI: HPET 0x000000007FFE18F9 000038 (v01 BOCHS  BXPC     00000001 BXPC 00000001)
[    0.016209] ACPI: WAET 0x000000007FFE1931 000028 (v01 BOCHS  BXPC     00000001 BXPC 00000001)
[    0.016681] ACPI: Reserving FACP table memory at [mem 0x7ffe1805-0x7ffe1878]
[    0.017066] ACPI: Reserving DSDT table memory at [mem 0x7ffe0040-0x7ffe1804]
[    0.017451] ACPI: Reserving FACS table memory at [mem 0x7ffe0000-0x7ffe003f]
[    0.017836] ACPI: Reserving APIC table memory at [mem 0x7ffe1879-0x7ffe18f8]
[    0.018221] ACPI: Reserving HPET table memory at [mem 0x7ffe18f9-0x7ffe1930]
[    0.018605] ACPI: Reserving WAET table memory at [mem 0x7ffe1931-0x7ffe1958]
[    0.019457] No NUMA configuration found
[    0.019671] Faking a node at [mem 0x0000000000000000-0x000000007ffdffff]
[    0.020075] NODE_DATA(0) allocated [mem 0x7ffb5000-0x7ffdffff]
[    0.022809] Zone ranges:
[    0.022957]   DMA      [mem 0x0000000000001000-0x0000000000ffffff]
[    0.023312]   DMA32    [mem 0x0000000001000000-0x000000007ffdffff]
[    0.023670]   Normal   empty
[    0.023829]   Device   empty
[    0.023989] Movable zone start for each node
[    0.024222] Early memory node ranges
[    0.024417]   node   0: [mem 0x0000000000001000-0x000000000009efff]
[    0.024760]   node   0: [mem 0x0000000000100000-0x000000007ffdffff]
[    0.025105] Initmem setup node 0 [mem 0x0000000000001000-0x000000007ffdffff]
[    0.026702] On node 0, zone DMA: 1 pages in unavailable ranges
[    0.026721] On node 0, zone DMA: 97 pages in unavailable ranges
[    0.045563] On node 0, zone DMA32: 32 pages in unavailable ranges
[    0.046093] ACPI: PM-Timer IO Port: 0x608
[    0.046663] ACPI: LAPIC_NMI (acpi_id[0xff] dfl dfl lint[0x1])
[    0.047007] IOAPIC[0]: apic_id 0, version 17, address 0xfec00000, GSI 0-23
[    0.047405] ACPI: INT_SRC_OVR (bus 0 bus_irq 0 global_irq 2 dfl dfl)
[    0.047759] ACPI: INT_SRC_OVR (bus 0 bus_irq 5 global_irq 5 high level)
[    0.048122] ACPI: INT_SRC_OVR (bus 0 bus_irq 9 global_irq 9 high level)
[    0.048485] ACPI: INT_SRC_OVR (bus 0 bus_irq 10 global_irq 10 high level)
[    0.048857] ACPI: INT_SRC_OVR (bus 0 bus_irq 11 global_irq 11 high level)
[    0.049237] ACPI: Using ACPI (MADT) for SMP configuration information
[    0.049588] ACPI: HPET id: 0x8086a201 base: 0xfed00000
[    0.049878] TSC deadline timer available
[    0.050093] smpboot: Allowing 2 CPUs, 0 hotplug CPUs
[    0.050384] kvm-guest: KVM setup pv remote TLB flush
[    0.050656] kvm-guest: setup PV sched yield
[    0.050913] PM: hibernation: Registered nosave memory: [mem 0x00000000-0x00000fff]
[    0.051358] PM: hibernation: Registered nosave memory: [mem 0x0009f000-0x0009ffff]
[    0.051780] PM: hibernation: Registered nosave memory: [mem 0x000a0000-0x000effff]
[    0.052192] PM: hibernation: Registered nosave memory: [mem 0x000f0000-0x000fffff]
[    0.052605] [mem 0x80000000-0xfeffbfff] available for PCI devices
[    0.052938] Booting paravirtualized kernel on KVM
[    0.053196] clocksource: refined-jiffies: mask: 0xffffffff max_cycles: 0xffffffff, max_idle_ns: 7645519600211568 ns
[    0.053773] setup_percpu: NR_CPUS:8192 nr_cpumask_bits:2 nr_cpu_ids:2 nr_node_ids:1
[    0.055338] percpu: Embedded 61 pages/cpu s212992 r8192 d28672 u1048576
[    0.055862] kvm-guest: setup async PF for cpu 0
[    0.056114] kvm-guest: stealtime: cpu 0, msr 7dc33080
[    0.056398] kvm-guest: PV spinlocks enabled
[    0.056636] PV qspinlock hash table entries: 256 (order: 0, 4096 bytes, linear)
[    0.057050] Fallback order for Node 0: 0 
[    0.057278] Built 1 zonelists, mobility grouping on.  Total pages: 515808
[    0.057656] Policy zone: DMA32
[    0.057827] Kernel command line: net.ifnames=0 console=ttyS0 root=/dev/sda earlyprintk=serial net.ifnames=0
[    0.060164] Dentry cache hash table entries: 262144 (order: 9, 2097152 bytes, linear)
[    0.060676] Inode-cache hash table entries: 131072 (order: 8, 1048576 bytes, linear)
[    0.061172] mem auto-init: stack:off, heap alloc:off, heap free:off
[    0.064027] Memory: 2001792K/2096632K available (28689K kernel code, 4396K rwdata, 7588K rodata, 3144K init, 10700K bss, 94584K reserved, 0K cma-reserved)
[    0.064787] random: get_random_u64 called from __kmem_cache_create+0x2f/0x480 with crng_init=0
[    0.065160] SLUB: HWalign=64, Order=0-3, MinObjects=0, CPUs=2, Nodes=1
[    0.065957] kmemleak: Kernel memory leak detector disabled
[    0.066254] ftrace: allocating 65269 entries in 255 pages
[    0.127585] ftrace: allocated 255 pages with 8 groups
[    0.128589] Dynamic Preempt: voluntary
[    0.128826] rcu: Preemptible hierarchical RCU implementation.
[    0.129147] rcu: 	RCU restricting CPUs from NR_CPUS=8192 to nr_cpu_ids=2.
[    0.129504] 	Trampoline variant of Tasks RCU enabled.
[    0.129769] 	Rude variant of Tasks RCU enabled.
[    0.130007] 	Tracing variant of Tasks RCU enabled.
[    0.130258] rcu: RCU calculated value of scheduler-enlistment delay is 25 jiffies.
[    0.130655] rcu: Adjusting geometry for rcu_fanout_leaf=16, nr_cpu_ids=2
[    0.146673] NR_IRQS: 524544, nr_irqs: 440, preallocated irqs: 16
[    0.152257] Console: colour VGA+ 80x25
[    0.152480] printk: console [ttyS0] enabled
[    0.152480] printk: console [ttyS0] enabled
[    0.152929] printk: bootconsole [earlyser0] disabled
[    0.152929] printk: bootconsole [earlyser0] disabled
[    0.153476] ACPI: Core revision 20210930
[    0.153804] clocksource: hpet: mask: 0xffffffff max_cycles: 0xffffffff, max_idle_ns: 19112604467 ns
[    0.154358] APIC: Switch to symmetric I/O mode setup
[    0.154746] x2apic enabled
[    0.155022] Switched APIC routing to physical x2apic.
[    0.155303] kvm-guest: setup PV IPIs
[    0.156049] ..TIMER: vector=0x30 apic1=0 pin1=2 apic2=-1 pin2=-1
[    0.156393] clocksource: tsc-early: mask: 0xffffffffffffffff max_cycles: 0x363e8c91135, max_idle_ns: 881590568389 ns
[    0.156964] Calibrating delay loop (skipped) preset value.. 3763.20 BogoMIPS (lpj=7526400)
[    0.157412] pid_max: default: 32768 minimum: 301
[    0.157698] LSM: Security Framework initializing
[    0.157955] Yama: becoming mindful.
[    0.158200] Mount-cache hash table entries: 4096 (order: 3, 32768 bytes, linear)
[    0.160964] Mountpoint-cache hash table entries: 4096 (order: 3, 32768 bytes, linear)
[    0.161858] x86/cpu: User Mode Instruction Prevention (UMIP) activated
[    0.162561] Last level iTLB entries: 4KB 0, 2MB 0, 4MB 0
[    0.162889] Last level dTLB entries: 4KB 0, 2MB 0, 4MB 0, 1GB 0
[    0.163254] Spectre V1 : Mitigation: usercopy/swapgs barriers and __user pointer sanitization
[    0.163765] Spectre V2 : Mitigation: Enhanced IBRS
[    0.164042] Spectre V2 : Spectre v2 / SpectreRSB mitigation: Filling RSB on context switch
[    0.164512] Spectre V2 : mitigation: Enabling conditional Indirect Branch Prediction Barrier
[    0.164962] Speculative Store Bypass: Mitigation: Speculative Store Bypass disabled via prctl
[    0.192759] Freeing SMP alternatives memory: 56K
[    0.193050] smpboot: CPU0: Genuine Intel(R) 0000 (family: 0x6, model: 0xba, stepping: 0x2)
[    0.193592] Performance Events: generic architected perfmon, full-width counters, Intel PMU driver.
[    0.194092] ... version:                2
[    0.194300] ... bit width:              48
[    0.194513] ... generic registers:      6
[    0.194722] ... value mask:             0000ffffffffffff
[    0.194996] ... max period:             00007fffffffffff
[    0.195269] ... fixed-purpose events:   3
[    0.195478] ... event mask:             000000070000003f
[    0.195858] rcu: Hierarchical SRCU implementation.
[    0.197493] smp: Bringing up secondary CPUs ...
[    0.197859] x86: Booting SMP configuration:
[    0.198077] .... node  #0, CPUs:      #1
[    0.009807] kvm-clock: cpu 1, msr 4601041, secondary cpu clock
[    0.009807] smpboot: CPU 1 Converting physical 0 to logical die 1
[    0.200978] kvm-guest: setup async PF for cpu 1
[    0.201245] kvm-guest: stealtime: cpu 1, msr 7dd33080
[    0.201548] smp: Brought up 1 node, 2 CPUs
[    0.201548] smpboot: Max logical packages: 2
[    0.201548] smpboot: Total of 2 processors activated (7526.40 BogoMIPS)
[    0.203476] devtmpfs: initialized
[    0.203476] x86/mm: Memory block size: 128MB
[    0.205650] clocksource: jiffies: mask: 0xffffffff max_cycles: 0xffffffff, max_idle_ns: 7645041785100000 ns
[    0.205735] futex hash table entries: 512 (order: 3, 32768 bytes, linear)
[    0.206203] pinctrl core: initialized pinctrl subsystem
[    0.206685] 
[    0.206778] *************************************************************
[    0.207164] **     NOTICE NOTICE NOTICE NOTICE NOTICE NOTICE NOTICE    **
[    0.207553] **                                                         **
[    0.207939] **  IOMMU DebugFS SUPPORT HAS BEEN ENABLED IN THIS KERNEL  **
[    0.208964] **                                                         **
[    0.209349] ** This means that this kernel is built to expose internal **
[    0.209739] ** IOMMU data structures, which may compromise security on **
[    0.210124] ** your system.                                            **
[    0.210509] **                                                         **
[    0.210899] ** If you see this message and you are not debugging the   **
[    0.211286] ** kernel, report this immediately to your vendor!         **
[    0.211671] **                                                         **
[    0.212056] **     NOTICE NOTICE NOTICE NOTICE NOTICE NOTICE NOTICE    **
[    0.212441] *************************************************************
[    0.212880] PM: RTC time: 07:35:48, date: 2022-12-07
[    0.213698] NET: Registered PF_NETLINK/PF_ROUTE protocol family
[    0.214322] DMA: preallocated 256 KiB GFP_KERNEL pool for atomic allocations
[    0.214731] DMA: preallocated 256 KiB GFP_KERNEL|GFP_DMA pool for atomic allocations
[    0.215180] DMA: preallocated 256 KiB GFP_KERNEL|GFP_DMA32 pool for atomic allocations
[    0.215646] audit: initializing netlink subsys (disabled)
[    0.215984] audit: type=2000 audit(1670398548.907:1): state=initialized audit_enabled=0 res=1
[    0.215984] thermal_sys: Registered thermal governor 'fair_share'
[    0.215984] thermal_sys: Registered thermal governor 'bang_bang'
[    0.215984] thermal_sys: Registered thermal governor 'step_wise'
[    0.216967] thermal_sys: Registered thermal governor 'user_space'
[    0.217321] cpuidle: using governor ladder
[    0.217904] cpuidle: using governor menu
[    0.218333] acpiphp: ACPI Hot Plug PCI Controller Driver version: 0.5
[    0.218877] PCI: Using configuration type 1 for base access
[    0.225402] kprobes: kprobe jump-optimization is enabled. All kprobes are optimized if possible.
[    0.225941] HugeTLB registered 1.00 GiB page size, pre-allocated 0 pages
[    0.225941] HugeTLB registered 2.00 MiB page size, pre-allocated 0 pages
[    0.225941] ACPI: Added _OSI(Module Device)
[    0.225941] ACPI: Added _OSI(Processor Device)
[    0.225941] ACPI: Added _OSI(3.0 _SCP Extensions)
[    0.225941] ACPI: Added _OSI(Processor Aggregator Device)
[    0.226181] ACPI: Added _OSI(Linux-Dell-Video)
[    0.226437] ACPI: Added _OSI(Linux-Lenovo-NV-HDMI-Audio)
[    0.228969] ACPI: Added _OSI(Linux-HPI-Hybrid-Graphics)
[    0.232520] ACPI: 1 ACPI AML tables successfully acquired and loaded
[    0.234748] ACPI: Interpreter enabled
[    0.235015] ACPI: PM: (supports S0 S3 S4 S5)
[    0.235262] ACPI: Using IOAPIC for interrupt routing
[    0.235568] PCI: Using host bridge windows from ACPI; if necessary, use "pci=nocrs" and report a bug
[    0.236483] ACPI: Enabled 2 GPEs in block 00 to 0F
[    0.245077] ACPI: PCI Root Bridge [PCI0] (domain 0000 [bus 00-ff])
[    0.245414] acpi PNP0A03:00: _OSC: OS supports [ASPM ClockPM Segments MSI EDR HPX-Type3]
[    0.245833] acpi PNP0A03:00: _OSC: not requesting OS control; OS requires [ExtendedConfig ASPM ClockPM MSI]
[    0.246355] acpi PNP0A03:00: fail to add MMCONFIG information, can't access extended PCI configuration space under this bridge.
[    0.248045] acpiphp: Slot [3] registered
[    0.248318] acpiphp: Slot [4] registered
[    0.248573] acpiphp: Slot [5] registered
[    0.248838] acpiphp: Slot [6] registered
[    0.248997] acpiphp: Slot [7] registered
[    0.249236] acpiphp: Slot [8] registered
[    0.249476] acpiphp: Slot [9] registered
[    0.249719] acpiphp: Slot [10] registered
[    0.249963] acpiphp: Slot [11] registered
[    0.250207] acpiphp: Slot [12] registered
[    0.250475] acpiphp: Slot [13] registered
[    0.250748] acpiphp: Slot [14] registered
[    0.251021] acpiphp: Slot [15] registered
[    0.251294] acpiphp: Slot [16] registered
[    0.251570] acpiphp: Slot [17] registered
[    0.251844] acpiphp: Slot [18] registered
[    0.252117] acpiphp: Slot [19] registered
[    0.252390] acpiphp: Slot [20] registered
[    0.252638] acpiphp: Slot [21] registered
[    0.252882] acpiphp: Slot [22] registered
[    0.253000] acpiphp: Slot [23] registered
[    0.253244] acpiphp: Slot [24] registered
[    0.253488] acpiphp: Slot [25] registered
[    0.253732] acpiphp: Slot [26] registered
[    0.253982] acpiphp: Slot [27] registered
[    0.254244] acpiphp: Slot [28] registered
[    0.254496] acpiphp: Slot [29] registered
[    0.254742] acpiphp: Slot [30] registered
[    0.254985] acpiphp: Slot [31] registered
[    0.255203] PCI host bridge to bus 0000:00
[    0.255417] pci_bus 0000:00: root bus resource [io  0x0000-0x0cf7 window]
[    0.255768] pci_bus 0000:00: root bus resource [io  0x0d00-0xffff window]
[    0.256119] pci_bus 0000:00: root bus resource [mem 0x000a0000-0x000bffff window]
[    0.256526] pci_bus 0000:00: root bus resource [mem 0x80000000-0xfebfffff window]
[    0.256911] pci_bus 0000:00: root bus resource [mem 0x100000000-0x17fffffff window]
[    0.256962] pci_bus 0000:00: root bus resource [bus 00-ff]
[    0.257277] pci 0000:00:00.0: [8086:1237] type 00 class 0x060000
[    0.259240] pci 0000:00:01.0: [8086:7000] type 00 class 0x060100
[    0.259900] pci 0000:00:01.1: [8086:7010] type 00 class 0x010180
[    0.261336] pci 0000:00:01.1: reg 0x20: [io  0xc040-0xc04f]
[    0.262147] pci 0000:00:01.1: legacy IDE quirk: reg 0x10: [io  0x01f0-0x01f7]
[    0.262517] pci 0000:00:01.1: legacy IDE quirk: reg 0x14: [io  0x03f6]
[    0.262854] pci 0000:00:01.1: legacy IDE quirk: reg 0x18: [io  0x0170-0x0177]
[    0.263222] pci 0000:00:01.1: legacy IDE quirk: reg 0x1c: [io  0x0376]
[    0.263701] pci 0000:00:01.3: [8086:7113] type 00 class 0x068000
[    0.264377] pci 0000:00:01.3: quirk: [io  0x0600-0x063f] claimed by PIIX4 ACPI
[    0.264754] pci 0000:00:01.3: quirk: [io  0x0700-0x070f] claimed by PIIX4 SMB
[    0.265233] pci 0000:00:02.0: [1234:1111] type 00 class 0x030000
[    0.266313] pci 0000:00:02.0: reg 0x10: [mem 0xfd000000-0xfdffffff pref]
[    0.267750] pci 0000:00:02.0: reg 0x18: [mem 0xfebf0000-0xfebf0fff]
[    0.270666] pci 0000:00:02.0: reg 0x30: [mem 0xfebe0000-0xfebeffff pref]
[    0.272850] pci 0000:00:03.0: [8086:100e] type 00 class 0x020000
[    0.273638] pci 0000:00:03.0: reg 0x10: [mem 0xfebc0000-0xfebdffff]
[    0.274594] pci 0000:00:03.0: reg 0x14: [io  0xc000-0xc03f]
[    0.276442] pci 0000:00:03.0: reg 0x30: [mem 0xfeb80000-0xfebbffff pref]
[    0.284364] ACPI: PCI: Interrupt link LNKA configured for IRQ 10
[    0.284941] ACPI: PCI: Interrupt link LNKB configured for IRQ 10
[    0.285189] ACPI: PCI: Interrupt link LNKC configured for IRQ 11
[    0.285696] ACPI: PCI: Interrupt link LNKD configured for IRQ 11
[    0.286106] ACPI: PCI: Interrupt link LNKS configured for IRQ 9
[    0.286914] iommu: Default domain type: Translated 
[    0.286914] iommu: DMA domain TLB invalidation policy: lazy mode 
[    0.286914] pci 0000:00:02.0: vgaarb: setting as boot VGA device
[    0.286914] pci 0000:00:02.0: vgaarb: VGA device added: decodes=io+mem,owns=io+mem,locks=none
[    0.286914] pci 0000:00:02.0: vgaarb: bridge control possible
[    0.288963] vgaarb: loaded
[    0.289447] SCSI subsystem initialized
[    0.289673] ACPI: bus type USB registered
[    0.289673] usbcore: registered new interface driver usbfs
[    0.289673] usbcore: registered new interface driver hub
[    0.289864] usbcore: registered new device driver usb
[    0.290171] pps_core: LinuxPPS API ver. 1 registered
[    0.290429] pps_core: Software ver. 5.3.6 - Copyright 2005-2007 Rodolfo Giometti <giometti@linux.it>
[    0.290899] PTP clock support registered
[    0.291180] EDAC MC: Ver: 3.0.0
[    0.291180] NetLabel: Initializing
[    0.292962] NetLabel:  domain hash size = 128
[    0.293216] NetLabel:  protocols = UNLABELED CIPSOv4 CALIPSO
[    0.293567] NetLabel:  unlabeled traffic allowed by default
[    0.293912] PCI: Using ACPI for IRQ routing
[    0.293912] hpet0: at MMIO 0xfed00000, IRQs 2, 8, 0
[    0.293912] hpet0: 3 comparators, 64-bit 100.000000 MHz counter
[    0.299130] clocksource: Switched to clocksource kvm-clock
[    0.461108] VFS: Disk quotas dquot_6.6.0
[    0.461426] VFS: Dquot-cache hash table entries: 512 (order 0, 4096 bytes)
[    0.461970] pnp: PnP ACPI init
[    0.463213] pnp: PnP ACPI: found 6 devices
[    0.470329] clocksource: acpi_pm: mask: 0xffffff max_cycles: 0xffffff, max_idle_ns: 2085701024 ns
[    0.471068] NET: Registered PF_INET protocol family
[    0.471511] IP idents hash table entries: 32768 (order: 6, 262144 bytes, linear)
[    0.473609] tcp_listen_portaddr_hash hash table entries: 1024 (order: 2, 16384 bytes, linear)
[    0.474122] TCP established hash table entries: 16384 (order: 5, 131072 bytes, linear)
[    0.474696] TCP bind hash table entries: 16384 (order: 6, 262144 bytes, linear)
[    0.475246] TCP: Hash tables configured (established 16384 bind 16384)
[    0.475867] UDP hash table entries: 1024 (order: 3, 32768 bytes, linear)
[    0.476240] UDP-Lite hash table entries: 1024 (order: 3, 32768 bytes, linear)
[    0.476667] NET: Registered PF_UNIX/PF_LOCAL protocol family
[    0.477161] RPC: Registered named UNIX socket transport module.
[    0.477471] RPC: Registered udp transport module.
[    0.477717] RPC: Registered tcp transport module.
[    0.477963] RPC: Registered tcp NFSv4.1 backchannel transport module.
[    0.478309] pci_bus 0000:00: resource 4 [io  0x0000-0x0cf7 window]
[    0.478652] pci_bus 0000:00: resource 5 [io  0x0d00-0xffff window]
[    0.478977] pci_bus 0000:00: resource 6 [mem 0x000a0000-0x000bffff window]
[    0.479338] pci_bus 0000:00: resource 7 [mem 0x80000000-0xfebfffff window]
[    0.479699] pci_bus 0000:00: resource 8 [mem 0x100000000-0x17fffffff window]
[    0.480189] pci 0000:00:01.0: PIIX3: Enabling Passive Release
[    0.480496] pci 0000:00:00.0: Limiting direct PCI/PCI transfers
[    0.480819] pci 0000:00:01.0: Activating ISA DMA hang workarounds
[    0.481198] pci 0000:00:02.0: Video device with shadowed ROM at [mem 0x000c0000-0x000dffff]
[    0.481647] PCI: CLS 0 bytes, default 64
[    0.481938] ACPI: bus type thunderbolt registered
[    0.482357] clocksource: tsc: mask: 0xffffffffffffffff max_cycles: 0x363e8c91135, max_idle_ns: 881590568389 ns
[    2.314638] Initialise system trusted keyrings
[    2.314925] Key type blacklist registered
[    2.315307] workingset: timestamp_bits=36 max_order=19 bucket_order=0
[    2.318866] zbud: loaded
[    2.319449] squashfs: version 4.0 (2009/01/31) Phillip Lougher
[    2.320335] NFS: Registering the id_resolver key type
[    2.320605] Key type id_resolver registered
[    2.320823] Key type id_legacy registered
[    2.321070] nfs4filelayout_init: NFSv4 File Layout Driver Registering...
[    2.321417] nfs4flexfilelayout_init: NFSv4 Flexfile Layout Driver Registering...
[    2.321831] fuse: init (API version 7.35)
[    2.322136] SGI XFS with ACLs, security attributes, realtime, quota, no debug enabled
[    2.323229] 9p: Installing v9fs 9p2000 file system support
[    2.328621] Key type asymmetric registered
[    2.328856] Asymmetric key parser 'x509' registered
[    2.329180] Block layer SCSI generic (bsg) driver version 0.4 loaded (major 243)
[    2.329646] io scheduler mq-deadline registered
[    2.329918] io scheduler bfq registered
[    2.330585] shpchp: Standard Hot Plug PCI Controller Driver version: 0.4
[    2.331050] IPMI message handler: version 39.2
[    2.331290] ipmi device interface
[    2.332267] input: Power Button as /devices/LNXSYSTM:00/LNXPWRBN:00/input/input0
[    2.332700] ACPI: button: Power Button [PWRF]
[    2.333467] ERST DBG: ERST support is disabled.
[    2.333892] Serial: 8250/16550 driver, 32 ports, IRQ sharing enabled
[    2.334458] 00:04: ttyS0 at I/O 0x3f8 (irq = 4, base_baud = 115200) is a 16550A
[    2.338181] Linux agpgart interface v0.103
[    2.338660] ACPI: bus type drm_connector registered
[    2.344088] brd: module loaded
[    2.347214] loop: module loaded
[    2.349015] scsi host0: ata_piix
[    2.349400] scsi host1: ata_piix
[    2.349627] ata1: PATA max MWDMA2 cmd 0x1f0 ctl 0x3f6 bmdma 0xc040 irq 14
[    2.349994] ata2: PATA max MWDMA2 cmd 0x170 ctl 0x376 bmdma 0xc048 irq 15
[    2.350654] libphy: Fixed MDIO Bus: probed
[    2.351041] tun: Universal TUN/TAP device driver, 1.6
[    2.351353] e100: Intel(R) PRO/100 Network Driver
[    2.351597] e100: Copyright(c) 1999-2006 Intel Corporation
[    2.351902] e1000: Intel(R) PRO/1000 Network Driver
[    2.352155] e1000: Copyright (c) 1999-2006 Intel Corporation.
[    2.416455] ACPI: \_SB_.LNKC: Enabled at IRQ 11
[    2.509457] ata1.00: ATA-7: QEMU HARDDISK, 2.5+, max UDMA/100
[    2.509767] ata1.00: 16777216 sectors, multi 16: LBA48 
[    2.510159] ata1.00: Read log 0x00 page 0x00 failed, Emask 0x1
[    2.510968] scsi 0:0:0:0: Direct-Access     ATA      QEMU HARDDISK    2.5+ PQ: 0 ANSI: 5
[    2.511896] ata2.00: ATAPI: QEMU DVD-ROM, 2.5+, max UDMA/100
[    2.512334] scsi 0:0:0:0: Attached scsi generic sg0 type 0
[    2.513049] sd 0:0:0:0: [sda] 16777216 512-byte logical blocks: (8.59 GB/8.00 GiB)
[    2.513459] sd 0:0:0:0: [sda] Write Protect is off
[    2.513751] sd 0:0:0:0: [sda] Write cache: enabled, read cache: enabled, doesn't support DPO or FUA
[    2.514918] scsi 1:0:0:0: CD-ROM            QEMU     QEMU DVD-ROM     2.5+ PQ: 0 ANSI: 5
[    2.515842] scsi 1:0:0:0: Attached scsi generic sg1 type 5
[    2.549147] sd 0:0:0:0: [sda] Attached SCSI disk
[    2.735056] e1000 0000:00:03.0 eth0: (PCI:33MHz:32-bit) 52:54:00:12:34:56
[    2.735416] e1000 0000:00:03.0 eth0: Intel(R) PRO/1000 Network Connection
[    2.735832] e1000e: Intel(R) PRO/1000 Network Driver
[    2.736091] e1000e: Copyright(c) 1999 - 2015 Intel Corporation.
[    2.736431] igb: Intel(R) Gigabit Ethernet Network Driver
[    2.736712] igb: Copyright (c) 2007-2014 Intel Corporation.
[    2.737055] PPP generic driver version 2.4.2
[    2.737562] VFIO - User Level meta-driver version: 0.3
[    2.737841] ehci_hcd: USB 2.0 'Enhanced' Host Controller (EHCI) Driver
[    2.738182] ehci-pci: EHCI PCI platform driver
[    2.738433] ehci-platform: EHCI generic platform driver
[    2.738723] ohci_hcd: USB 1.1 'Open' Host Controller (OHCI) Driver
[    2.739044] ohci-pci: OHCI PCI platform driver
[    2.739288] ohci-platform: OHCI generic platform driver
[    2.739571] uhci_hcd: USB Universal Host Controller Interface driver
[    2.740028] usbcore: registered new interface driver uas
[    2.740324] usbcore: registered new interface driver usb-storage
[    2.740690] i8042: PNP: PS/2 Controller [PNP0303:KBD,PNP0f13:MOU] at 0x60,0x64 irq 1,12
[    2.741552] serio: i8042 KBD port at 0x60,0x64 irq 1
[    2.741815] serio: i8042 AUX port at 0x60,0x64 irq 12
[    2.742242] mousedev: PS/2 mouse device common for all mice
[    2.742797] input: AT Translated Set 2 keyboard as /devices/platform/i8042/serio0/input/input1
[    2.743390] rtc_cmos 00:05: RTC can wake from S4
[    2.744172] input: VirtualPS/2 VMware VMMouse as /devices/platform/i8042/serio1/input/input4
[    2.744705] rtc_cmos 00:05: registered as rtc0
[    2.744977] rtc_cmos 00:05: setting system clock to 2022-12-07T07:35:51 UTC (1670398551)
[    2.745456] rtc_cmos 00:05: alarms up to one day, y3k, 242 bytes nvram, hpet irqs
[    2.745857] i2c_dev: i2c /dev entries driver
[    2.746097] device-mapper: core: CONFIG_IMA_DISABLE_HTABLE is disabled. Duplicate IMA measurements will not be recorded in the IMA log.
[    2.746786] device-mapper: uevent: version 1.0.3
[    2.747120] device-mapper: ioctl: 4.45.0-ioctl (2021-03-22) initialised: dm-devel@redhat.com
[    2.747559] intel_pstate: CPU model not supported
[    2.747859] sdhci: Secure Digital Host Controller Interface driver
[    2.748184] sdhci: Copyright(c) Pierre Ossman
[    2.748455] sdhci-pltfm: SDHCI platform and OF driver helper
[    2.748791] ledtrig-cpu: registered to indicate activity on CPUs
[    2.749196] input: VirtualPS/2 VMware VMMouse as /devices/platform/i8042/serio1/input/input3
[    2.749806] drop_monitor: Initializing network drop monitor service
[    2.750354] NET: Registered PF_INET6 protocol family
[    2.751459] Segment Routing with IPv6
[    2.751677] In-situ OAM (IOAM) with IPv6
[    2.751901] NET: Registered PF_PACKET protocol family
[    2.752314] 9pnet: Installing 9P2000 support
[    2.752554] Key type dns_resolver registered
[    2.753177] IPI shorthand broadcast: enabled
[    2.753425] sched_clock: Marking stable (2747225480, 5807606)->(2773931314, -20898228)
[    2.754018] registered taskstats version 1
[    2.754269] Loading compiled-in X.509 certificates
[    2.754606] zswap: loaded using pool lzo/zbud
[    2.755033] Key type ._fscrypt registered
[    2.755246] Key type .fscrypt registered
[    2.755452] Key type fscrypt-provisioning registered
[    2.756071] Key type encrypted registered
[    2.756293] ima: No TPM chip found, activating TPM-bypass!
[    2.756582] ima: Allocated hash algorithm: sha1
[    2.756825] ima: No architecture policies found
[    2.757083] evm: Initialising EVM extended attributes:
[    2.757349] evm: security.selinux
[    2.757525] evm: security.SMACK64
[    2.757700] evm: security.SMACK64EXEC
[    2.757893] evm: security.SMACK64TRANSMUTE
[    2.758108] evm: security.SMACK64MMAP
[    2.758301] evm: security.apparmor
[    2.758496] evm: security.ima
[    2.758682] evm: security.capability
[    2.758871] evm: HMAC attrs: 0x1
[    2.761391] PM:   Magic number: 2:333:571
[    2.761832] RAS: Correctable Errors collector initialized.
[    2.762284] md: Waiting for all devices to be available before autodetect
[    2.762661] md: If you don't use raid, use raid=noautodetect
[    2.762955] md: Autodetecting RAID arrays.
[    2.763169] md: autorun ...
[    2.763319] md: ... autorun DONE.
[    2.769909] EXT4-fs (sda): INFO: recovery required on readonly filesystem
[    2.770314] EXT4-fs (sda): write access will be enabled during recovery
[    2.820975] EXT4-fs (sda): recovery complete
[    2.824799] EXT4-fs (sda): mounted filesystem with ordered data mode. Opts: (null). Quota mode: none.
[    2.825317] VFS: Mounted root (ext4 filesystem) readonly on device 8:0.
[    2.826238] random: fast init done
[    2.826323] devtmpfs: mounted
[    2.829636] Freeing unused decrypted memory: 2036K
[    2.831328] Freeing unused kernel image (initmem) memory: 3144K
[    2.831640] Write protecting the kernel read-only data: 38912k
[    2.833751] Freeing unused kernel image (text/rodata gap) memory: 2028K
[    2.834519] Freeing unused kernel image (rodata/data gap) memory: 604K
[    2.908787] x86/mm: Checked W+X mappings: passed, no W+X pages found.
[    2.909165] Run /sbin/init as init process
[    2.990923] systemd[1]: RTC configured in localtime, applying delta of 0 minutes to system time.
[    3.006064] systemd[1]: systemd 239 (239-49.el8) running in system mode. (+PAM +AUDIT +SELINUX +IMA -APPARMOR +SMACK +SYSVINIT +UTMP +LIBCRYPTSETUP +GCRYPT +GNUTLS +ACL +XZ +LZ4 +SECCOMP +BLKID +ELFUTILS +KMOD +IDN2 -IDN +PCRE2 default-hierarchy=legacy)
[    3.007593] systemd[1]: Detected virtualization kvm.
[    3.007917] systemd[1]: Detected architecture x86-64.

Welcome to [0;31mCentOS Stream 8[0m!

[    3.024252] systemd[1]: Set hostname to <test>.
[    3.104698] random: lvmconfig: uninitialized urandom read (4 bytes read)
[    3.182245] random: systemd: uninitialized urandom read (16 bytes read)
[    3.183796] systemd[1]: Created slice system-getty.slice.
[[0;32m  OK  [0m] Created slice system-getty.slice.
[    3.184543] random: systemd: uninitialized urandom read (16 bytes read)
[    3.185031] systemd[1]: Listening on Journal Socket.
[[0;32m  OK  [0m] Listening on Journal Socket.
[    3.187246] systemd[1]: Starting Load Kernel Modules...
         Starting Load Kernel Modules...
[    3.188169] systemd[1]: Listening on multipathd control socket.
[[0;32m  OK  [0m] Listening on multipathd control socket.
[    3.189034] systemd[1]: Listening on initctl Compatibility Named Pipe.
[[0;32m  OK  [0m] Listening on initctl Compatibility Named Pipe.
[    3.190037] systemd[1]: Listening on RPCbind Server Activation Socket.
[[0;32m  OK  [0m] Listening on RPCbind Server Activation Socket.
         Starting Remount Root and Kernel File Systems...
         Starting Setup Virtual Console...
[[0;32m  OK  [0m] Listening on Device-mapper event daemon FIFOs.
[[0;32m  OK  [0m] Reached target Swap.
         Starting Monitoring of LVM2 mirrorsâ€¦ng dmeventd or progress polling...
         Mounting POSIX Message Queue File System...
[[0;32m  OK  [0m] Created slice system-sshd\x2dkeygen.slice.
[[0;32m  OK  [0m] Reached target RPC Port Mapper.
[[0;32m  OK  [0m] Listening on udev Kernel Socket.
[[0;32m  OK  [0m] Listening on Process Core Dump Socket.
[[0;32m  OK  [0m] Listening on udev Control Socket.
         Starting udev Coldplug all Devices...
         Mounting Huge Pages File System...
[[0;32m  OK  [0m] Created slice User and Session Slice.
[[0;32m  OK  [0m] Reached target Slices.
[[0;32m  OK  [0m] Created slice system-serial\x2dgetty.slice.
[[0;32m  OK  [0m] Started Forward Password Requests to Wall Directory Watch.
[[0;32m  OK  [0m] Set up automount Arbitrary Executabâ€¦rmats File System Automount Point.
[[0;32m  OK  [0m] Listening on LVM2 poll daemon socket.
         Mounting Kernel Debug File System...
[[0;32m  OK  [0m] Listening on Journal Socket (/dev/log).
         Starting Journal Service...
[    3.282802] EXT4-fs (sda): re-mounted. Opts: (null). Quota mode: none.
[[0;1;31mFAILED[0m] Failed to start Load Kernel Modules.
See 'systemctl status systemd-modules-load.service' for details.
[[0;32m  OK  [0m] Started Remount Root and Kernel File Systems.
[[0;32m  OK  [0m] Started Monitoring of LVM2 mirrors,â€¦sing dmeventd or progress polling.
[[0;32m  OK  [0m] Mounted POSIX Message Queue File System.
[[0;32m  OK  [0m] Mounted Huge Pages File System.
[[0;32m  OK  [0m] Mounted Kernel Debug File System.
         Starting Load/Save Random Seed...
         Starting Create Static Device Nodes in /dev...
         Mounting FUSE Control File System...
         Mounting Kernel Configuration File System...
         Starting Apply Kernel Variables...
[[0;32m  OK  [0m] Started Load/Save Random Seed.
[[0;32m  OK  [0m] Mounted FUSE Control File System.
[[0;32m  OK  [0m] Started Create Static Device Nodes in /dev.
[[0;32m  OK  [0m] Started Journal Service.
[[0;32m  OK  [0m] Started udev Coldplug all Devices.
[[0;32m  OK  [0m] Started Setup Virtual Console.
[[0;32m  OK  [0m] Mounted Kernel Configuration File System.
[[0;32m  OK  [0m] Started Apply Kernel Variables.
         Starting udev Wait for Complete Device Initialization...
         Starting Flush Journal to Persistent Storage...
         Starting udev Kernel Device Manager...
[[0;32m  OK  [0m] Started Flush Journal to Persistent Storage.
[[0;32m  OK  [0m] Started udev Kernel Device Manager.
         Starting Show Plymouth Boot Screen...
[[0;32m  OK  [0m] Started Show Plymouth Boot Screen.
[[0;32m  OK  [0m] Started Forward Password Requests to Plymouth Directory Watch.
[[0;32m  OK  [0m] Reached target Paths.
[[0;32m  OK  [0m] Reached target Local Encrypted Volumes.
[[0;32m  OK  [0m] Found device /dev/ttyS0.
[[0;32m  OK  [0m] Listening on Load/Save RF Kill Switch Status /dev/rfkill Watch.
[[0;32m  OK  [0m] Started udev Wait for Complete Device Initialization.
[[0;32m  OK  [0m] Reached target Local File Systems (Pre).
[[0;32m  OK  [0m] Reached target Local File Systems.
         Starting Tell Plymouth To Write Out Runtime Data...
         Starting Create Volatile Files and Directories...
         Starting Restore /run/initramfs on shutdown...
[[0;32m  OK  [0m] Started Tell Plymouth To Write Out Runtime Data.
[[0;32m  OK  [0m] Started Restore /run/initramfs on shutdown.
[[0;32m  OK  [0m] Started Create Volatile Files and Directories.
         Mounting RPC Pipe File System...
         Starting Security Auditing Service...
         Starting RPC Bind...
[[0;32m  OK  [0m] Mounted RPC Pipe File System.
[[0;32m  OK  [0m] Reached target rpc_pipefs.target.
[[0;32m  OK  [0m] Started RPC Bind.
[[0;32m  OK  [0m] Started Security Auditing Service.
         Starting Update UTMP about System Boot/Shutdown...
[[0;32m  OK  [0m] Started Update UTMP about System Boot/Shutdown.
[[0;32m  OK  [0m] Reached target System Initialization.
[[0;32m  OK  [0m] Listening on D-Bus System Message Bus Socket.
[[0;32m  OK  [0m] Started daily update of the root trust anchor for DNSSEC.
[[0;32m  OK  [0m] Listening on SSSD Kerberos Cache Manager responder socket.
[[0;32m  OK  [0m] Reached target Sockets.
[[0;32m  OK  [0m] Reached target Basic System.
[[0;32m  OK  [0m] Started Machine Check Exception Logging Daemon.
         Starting Self Monitoring and Reporting Technology (SMART) Daemon...
         Starting NTP client/server...
         Starting Authorization Manager...
[[0;32m  OK  [0m] Reached target sshd-keygen.target.
         Starting Login Service...
[[0;32m  OK  [0m] Started D-Bus System Message Bus.
[[0;32m  OK  [0m] Started dnf makecache --timer.
[[0;32m  OK  [0m] Started Daily Cleanup of Temporary Directories.
[[0;32m  OK  [0m] Reached target Timers.
         Starting Auto-connect to subsystemsâ€¦-NVME devices found during boot...
[[0;32m  OK  [0m] Started irqbalance daemon.
         Starting Network Manager...
[[0;32m  OK  [0m] Started Auto-connect to subsystems â€¦FC-NVME devices found during boot.
[[0;32m  OK  [0m] Started Self Monitoring and Reporting Technology (SMART) Daemon.
[[0;32m  OK  [0m] Started Login Service.
[[0;32m  OK  [0m] Started NTP client/server.
[[0;32m  OK  [0m] Started Network Manager.
         Starting Network Manager Wait Online...
[[0;32m  OK  [0m] Reached target Network.
         Starting GSSAPI Proxy Daemon...
         Starting Dynamic System Tuning Daemon...
         Starting OpenSSH server daemon...
         Starting Hostname Service...
[[0;32m  OK  [0m] Started Authorization Manager.
[[0;32m  OK  [0m] Started Hostname Service.
         Starting Network Manager Script Dispatcher Service...
[[0;32m  OK  [0m] Started Network Manager Script Dispatcher Service.
[    4.212999] e1000: eth0 NIC Link is Up 1000 Mbps Full Duplex, Flow Control: RX
[    4.213643] IPv6: ADDRCONF(NETDEV_CHANGE): eth0: link becomes ready
[[0;32m  OK  [0m] Started Dynamic System Tuning Daemon.
[[0;32m  OK  [0m] Started Network Manager Wait Online.
[[0;32m  OK  [0m] Reached target Network is Online.
         Starting Notify NFS peers of a restart...
         Starting System Logging Service...
[[0;32m  OK  [0m] Started Notify NFS peers of a restart.
[[0;32m  OK  [0m] Started System Logging Service.
[    5.472974] random: crng init done
[    5.473215] random: 7 urandom warning(s) missed due to ratelimiting
[[0;32m  OK  [0m] Started OpenSSH server daemon.
[[0;32m  OK  [0m] Started GSSAPI Proxy Daemon.
[[0;32m  OK  [0m] Reached target NFS client services.
[[0;32m  OK  [0m] Reached target Remote File Systems (Pre).
[[0;32m  OK  [0m] Reached target Remote File Systems.
         Starting Permit User Sessions...
[[0;32m  OK  [0m] Started Permit User Sessions.
         Starting Terminate Plymouth Boot Screen...
         Starting Hold until boot process finishes up...
[[0;32m  OK  [0m] Started Command Scheduler.

CentOS Stream 8
Kernel 5.16.0-rc4-7edfd85b1ffd+ on an x86_64

test login: [   27.780850] loop0: detected capacity change from 0 to 1024
[   27.781284] =======================================================
[   27.781284] WARNING: The mand mount option has been deprecated and
[   27.781284]          and is ignored by this kernel. Remove the mand
[   27.781284]          option from the mount to silence this warning.
[   27.781284] =======================================================
[   27.782946] EXT4-fs: Ignoring removed bh option
[   27.783198] Unexpected value for 'nolazytime'
[   27.801294] loop0: detected capacity change from 0 to 1024
[   27.801650] EXT4-fs: Ignoring removed bh option
[   27.801911] Unexpected value for 'nolazytime'
[   27.816213] loop0: detected capacity change from 0 to 1024
[   27.816611] EXT4-fs: Ignoring removed bh option
[   27.816864] Unexpected value for 'nolazytime'
[   27.840388] loop0: detected capacity change from 0 to 1024
[   27.840834] EXT4-fs: Ignoring removed bh option
[   27.841102] Unexpected value for 'nolazytime'
[   27.856068] loop0: detected capacity change from 0 to 1024
[   27.856444] EXT4-fs: Ignoring removed bh option
[   27.856696] Unexpected value for 'nolazytime'
[   27.869385] loop0: detected capacity change from 0 to 1024
[   27.870117] EXT4-fs: Ignoring removed bh option
[   27.870388] Unexpected value for 'nolazytime'
[   27.889084] loop0: detected capacity change from 0 to 1024
[   27.889586] EXT4-fs: Ignoring removed bh option
[   27.889883] Unexpected value for 'nolazytime'
[   27.925284] loop0: detected capacity change from 0 to 1024
[   27.928381] EXT4-fs: Ignoring removed bh option
[   27.928672] Unexpected value for 'nolazytime'
[   27.949535] loop0: detected capacity change from 0 to 1024
[   27.950064] EXT4-fs: Ignoring removed bh option
[   27.950327] Unexpected value for 'nolazytime'
[   27.965382] loop0: detected capacity change from 0 to 1024
[   27.965807] EXT4-fs: Ignoring removed bh option
[   27.966116] Unexpected value for 'nolazytime'
[   27.981449] loop0: detected capacity change from 0 to 1024
[   27.982003] EXT4-fs: Ignoring removed bh option
[   27.982268] Unexpected value for 'nolazytime'
[   28.009419] loop0: detected capacity change from 0 to 1024
[   28.009835] EXT4-fs: Ignoring removed bh option
[   28.010100] Unexpected value for 'nolazytime'
[   28.041380] loop0: detected capacity change from 0 to 1024
[   28.041912] EXT4-fs: Ignoring removed bh option
[   28.042171] Unexpected value for 'nolazytime'
[   28.061048] loop0: detected capacity change from 0 to 1024
[   28.061582] EXT4-fs: Ignoring removed bh option
[   28.061847] Unexpected value for 'nolazytime'
[   28.086190] loop0: detected capacity change from 0 to 1024
[   28.086580] EXT4-fs: Ignoring removed bh option
[   28.086836] Unexpected value for 'nolazytime'
[   28.105283] loop0: detected capacity change from 0 to 1024
[   28.105632] EXT4-fs: Ignoring removed bh option
[   28.105889] Unexpected value for 'nolazytime'
[   28.129001] loop0: detected capacity change from 0 to 1024
[   28.129397] EXT4-fs: Ignoring removed bh option
[   28.129674] Unexpected value for 'nolazytime'
[   28.152529] loop0: detected capacity change from 0 to 1024
[   28.152911] EXT4-fs: Ignoring removed bh option
[   28.153178] Unexpected value for 'nolazytime'
[   28.169233] loop0: detected capacity change from 0 to 1024
[   28.169608] EXT4-fs: Ignoring removed bh option
[   28.169864] Unexpected value for 'nolazytime'
[   28.189045] loop0: detected capacity change from 0 to 1024
[   28.189421] EXT4-fs: Ignoring removed bh option
[   28.189677] Unexpected value for 'nolazytime'
[   28.209324] loop0: detected capacity change from 0 to 1024
[   28.209675] EXT4-fs: Ignoring removed bh option
[   28.209933] Unexpected value for 'nolazytime'
[   28.228511] loop0: detected capacity change from 0 to 1024
[   28.228884] EXT4-fs: Ignoring removed bh option
[   28.229175] Unexpected value for 'nolazytime'
[   28.249310] loop0: detected capacity change from 0 to 1024
[   28.249667] EXT4-fs: Ignoring removed bh option
[   28.249921] Unexpected value for 'nolazytime'
[   28.265163] loop0: detected capacity change from 0 to 1024
[   28.265533] EXT4-fs: Ignoring removed bh option
[   28.265787] Unexpected value for 'nolazytime'
[   28.285253] loop0: detected capacity change from 0 to 1024
[   28.285628] EXT4-fs: Ignoring removed bh option
[   28.285889] Unexpected value for 'nolazytime'
[   28.308755] loop0: detected capacity change from 0 to 1024
[   28.309210] EXT4-fs: Ignoring removed bh option
[   28.309465] Unexpected value for 'nolazytime'
[   28.325298] loop0: detected capacity change from 0 to 1024
[   28.325654] EXT4-fs: Ignoring removed bh option
[   28.325909] Unexpected value for 'nolazytime'
[   28.353042] loop0: detected capacity change from 0 to 1024
[   28.353413] EXT4-fs: Ignoring removed bh option
[   28.353674] Unexpected value for 'nolazytime'
[   28.373320] loop0: detected capacity change from 0 to 1024
[   28.373676] EXT4-fs: Ignoring removed bh option
[   28.373930] Unexpected value for 'nolazytime'
[   28.396811] loop0: detected capacity change from 0 to 1024
[   28.397189] EXT4-fs: Ignoring removed bh option
[   28.397446] Unexpected value for 'nolazytime'
[   28.433340] loop0: detected capacity change from 0 to 1024
[   28.433694] EXT4-fs: Ignoring removed bh option
[   28.433949] Unexpected value for 'nolazytime'
[   28.448726] loop0: detected capacity change from 0 to 1024
[   28.449252] EXT4-fs: Ignoring removed bh option
[   28.449509] Unexpected value for 'nolazytime'
[   28.465228] loop0: detected capacity change from 0 to 1024
[   28.465696] EXT4-fs: Ignoring removed bh option
[   28.465946] Unexpected value for 'nolazytime'
[   28.486175] loop0: detected capacity change from 0 to 1024
[   28.486593] EXT4-fs: Ignoring removed bh option
[   28.486889] Unexpected value for 'nolazytime'
[   28.505255] loop0: detected capacity change from 0 to 1024
[   28.505624] EXT4-fs: Ignoring removed bh option
[   28.505870] Unexpected value for 'nolazytime'
[   28.525026] loop0: detected capacity change from 0 to 1024
[   28.525400] EXT4-fs: Ignoring removed bh option
[   28.525657] Unexpected value for 'nolazytime'
[   28.539924] loop0: detected capacity change from 0 to 1024
[   28.540311] EXT4-fs: Ignoring removed bh option
[   28.540616] Unexpected value for 'nolazytime'
[   28.557418] loop0: detected capacity change from 0 to 1024
[   28.557775] EXT4-fs: Ignoring removed bh option
[   28.558028] Unexpected value for 'nolazytime'
[   28.576335] loop0: detected capacity change from 0 to 1024
[   28.576817] EXT4-fs: Ignoring removed bh option
[   28.577158] Unexpected value for 'nolazytime'
[   28.597193] loop0: detected capacity change from 0 to 1024
[   28.597765] EXT4-fs: Ignoring removed bh option
[   28.598032] Unexpected value for 'nolazytime'
[   28.617225] loop0: detected capacity change from 0 to 1024
[   28.617816] EXT4-fs: Ignoring removed bh option
[   28.618090] Unexpected value for 'nolazytime'
[   28.636318] loop0: detected capacity change from 0 to 1024
[   28.636713] EXT4-fs: Ignoring removed bh option
[   28.636999] Unexpected value for 'nolazytime'
[   28.652460] loop0: detected capacity change from 0 to 1024
[   28.652851] EXT4-fs: Ignoring removed bh option
[   28.653219] Unexpected value for 'nolazytime'
[   28.669291] loop0: detected capacity change from 0 to 1024
[   28.669687] EXT4-fs: Ignoring removed bh option
[   28.669940] Unexpected value for 'nolazytime'
[   28.693521] loop0: detected capacity change from 0 to 1024
[   28.694028] EXT4-fs: Ignoring removed bh option
[   28.694282] Unexpected value for 'nolazytime'
[   28.713290] loop0: detected capacity change from 0 to 1024
[   28.716435] EXT4-fs: Ignoring removed bh option
[   28.716689] Unexpected value for 'nolazytime'
[   28.737287] loop0: detected capacity change from 0 to 1024
[   28.737876] EXT4-fs: Ignoring removed bh option
[   28.738148] Unexpected value for 'nolazytime'
[   28.765315] loop0: detected capacity change from 0 to 1024
[   28.765851] EXT4-fs: Ignoring removed bh option
[   28.766119] Unexpected value for 'nolazytime'
[   28.785245] loop0: detected capacity change from 0 to 1024
[   28.785718] EXT4-fs: Ignoring removed bh option
[   28.785981] Unexpected value for 'nolazytime'
[   28.801243] loop0: detected capacity change from 0 to 1024
[   28.801720] EXT4-fs: Ignoring removed bh option
[   28.801995] Unexpected value for 'nolazytime'
[   28.813239] loop0: detected capacity change from 0 to 1024
[   28.813798] EXT4-fs: Ignoring removed bh option
[   28.814074] Unexpected value for 'nolazytime'
[   28.833490] loop0: detected capacity change from 0 to 1024
[   28.833898] EXT4-fs: Ignoring removed bh option
[   28.834158] Unexpected value for 'nolazytime'
[   28.849433] loop0: detected capacity change from 0 to 1024
[   28.849837] EXT4-fs: Ignoring removed bh option
[   28.850087] Unexpected value for 'nolazytime'
[   28.869283] loop0: detected capacity change from 0 to 1024
[   28.869770] EXT4-fs: Ignoring removed bh option
[   28.870036] Unexpected value for 'nolazytime'
[   28.885291] loop0: detected capacity change from 0 to 1024
[   28.885801] EXT4-fs: Ignoring removed bh option
[   28.886070] Unexpected value for 'nolazytime'
[   28.905408] loop0: detected capacity change from 0 to 1024
[   28.905941] EXT4-fs: Ignoring removed bh option
[   28.906197] Unexpected value for 'nolazytime'
[   28.925446] loop0: detected capacity change from 0 to 1024
[   28.925865] EXT4-fs: Ignoring removed bh option
[   28.926122] Unexpected value for 'nolazytime'
[   28.941255] loop0: detected capacity change from 0 to 1024
[   28.941750] EXT4-fs: Ignoring removed bh option
[   28.942020] Unexpected value for 'nolazytime'
[   28.961249] loop0: detected capacity change from 0 to 1024
[   28.961713] EXT4-fs: Ignoring removed bh option
[   28.961977] Unexpected value for 'nolazytime'
[   28.981282] loop0: detected capacity change from 0 to 1024
[   28.981746] EXT4-fs: Ignoring removed bh option
[   28.982015] Unexpected value for 'nolazytime'
[   29.001317] loop0: detected capacity change from 0 to 1024
[   29.001826] EXT4-fs: Ignoring removed bh option
[   29.002090] Unexpected value for 'nolazytime'
[   29.017440] loop0: detected capacity change from 0 to 1024
[   29.017874] EXT4-fs: Ignoring removed bh option
[   29.018130] Unexpected value for 'nolazytime'
[   29.033216] loop0: detected capacity change from 0 to 1024
[   29.033681] EXT4-fs: Ignoring removed bh option
[   29.033950] Unexpected value for 'nolazytime'
[   29.049461] loop0: detected capacity change from 0 to 1024
[   29.049992] EXT4-fs: Ignoring removed bh option
[   29.050248] Unexpected value for 'nolazytime'
[   29.069245] loop0: detected capacity change from 0 to 1024
[   29.069724] EXT4-fs: Ignoring removed bh option
[   29.069994] Unexpected value for 'nolazytime'
[   29.089244] loop0: detected capacity change from 0 to 1024
[   29.089725] EXT4-fs: Ignoring removed bh option
[   29.089987] Unexpected value for 'nolazytime'
[   29.105342] loop0: detected capacity change from 0 to 1024
[   29.105751] EXT4-fs: Ignoring removed bh option
[   29.106011] Unexpected value for 'nolazytime'
[   29.125230] loop0: detected capacity change from 0 to 1024
[   29.125738] EXT4-fs: Ignoring removed bh option
[   29.126001] Unexpected value for 'nolazytime'
[   29.141212] loop0: detected capacity change from 0 to 1024
[   29.141671] EXT4-fs: Ignoring removed bh option
[   29.141933] Unexpected value for 'nolazytime'
[   29.153209] loop0: detected capacity change from 0 to 1024
[   29.153685] EXT4-fs: Ignoring removed bh option
[   29.153947] Unexpected value for 'nolazytime'
[   29.184425] loop0: detected capacity change from 0 to 1024
[   29.184814] EXT4-fs: Ignoring removed bh option
[   29.185188] Unexpected value for 'nolazytime'
[   29.201205] loop0: detected capacity change from 0 to 1024
[   29.201577] EXT4-fs: Ignoring removed bh option
[   29.201845] Unexpected value for 'nolazytime'
[   29.220274] loop0: detected capacity change from 0 to 1024
[   29.220660] EXT4-fs: Ignoring removed bh option
[   29.220921] Unexpected value for 'nolazytime'
[   29.237187] loop0: detected capacity change from 0 to 1024
[   29.240271] EXT4-fs: Ignoring removed bh option
[   29.240546] Unexpected value for 'nolazytime'
[   29.261329] loop0: detected capacity change from 0 to 1024
[   29.261915] EXT4-fs: Ignoring removed bh option
[   29.262192] Unexpected value for 'nolazytime'
[   29.277512] loop0: detected capacity change from 0 to 1024
[   29.278010] EXT4-fs: Ignoring removed bh option
[   29.278282] Unexpected value for 'nolazytime'
[   29.301512] loop0: detected capacity change from 0 to 1024
[   29.302010] EXT4-fs: Ignoring removed bh option
[   29.302297] Unexpected value for 'nolazytime'
[   29.317501] loop0: detected capacity change from 0 to 1024
[   29.318017] EXT4-fs: Ignoring removed bh option
[   29.318290] Unexpected value for 'nolazytime'
[   29.341496] loop0: detected capacity change from 0 to 1024
[   29.342013] EXT4-fs: Ignoring removed bh option
[   29.342288] Unexpected value for 'nolazytime'
[   29.361503] loop0: detected capacity change from 0 to 1024
[   29.361986] EXT4-fs: Ignoring removed bh option
[   29.362259] Unexpected value for 'nolazytime'
[   29.385244] loop0: detected capacity change from 0 to 1024
[   29.385987] EXT4-fs: Ignoring removed bh option
[   29.386255] Unexpected value for 'nolazytime'
[   29.405229] loop0: detected capacity change from 0 to 1024
[   29.405969] EXT4-fs: Ignoring removed bh option
[   29.406231] Unexpected value for 'nolazytime'
[   29.421424] loop0: detected capacity change from 0 to 1024
[   29.421887] EXT4-fs: Ignoring removed bh option
[   29.422143] Unexpected value for 'nolazytime'
[   29.437491] loop0: detected capacity change from 0 to 1024
[   29.437967] EXT4-fs: Ignoring removed bh option
[   29.438224] Unexpected value for 'nolazytime'
[   29.457526] loop0: detected capacity change from 0 to 1024
[   29.458011] EXT4-fs: Ignoring removed bh option
[   29.458267] Unexpected value for 'nolazytime'
[   29.481431] loop0: detected capacity change from 0 to 1024
[   29.481901] EXT4-fs: Ignoring removed bh option
[   29.482157] Unexpected value for 'nolazytime'
[   29.501492] loop0: detected capacity change from 0 to 1024
[   29.501973] EXT4-fs: Ignoring removed bh option
[   29.502228] Unexpected value for 'nolazytime'
[   29.529535] loop0: detected capacity change from 0 to 1024
[   29.530014] EXT4-fs: Ignoring removed bh option
[   29.530270] Unexpected value for 'nolazytime'
[   29.549495] loop0: detected capacity change from 0 to 1024
[   29.549974] EXT4-fs: Ignoring removed bh option
[   29.550232] Unexpected value for 'nolazytime'
[   29.569501] loop0: detected capacity change from 0 to 1024
[   29.569984] EXT4-fs: Ignoring removed bh option
[   29.570241] Unexpected value for 'nolazytime'
[   29.585286] loop0: detected capacity change from 0 to 1024
[   29.586000] EXT4-fs: Ignoring removed bh option
[   29.586262] Unexpected value for 'nolazytime'
[   29.600653] loop0: detected capacity change from 0 to 1024
[   29.601107] EXT4-fs: Ignoring removed bh option
[   29.601386] Unexpected value for 'nolazytime'
[   29.617329] loop0: detected capacity change from 0 to 1024
[   29.617733] EXT4-fs: Ignoring removed bh option
[   29.617987] Unexpected value for 'nolazytime'
[   29.640243] loop0: detected capacity change from 0 to 1024
[   29.640614] EXT4-fs: Ignoring removed bh option
[   29.640861] Unexpected value for 'nolazytime'
[   29.657317] loop0: detected capacity change from 0 to 1024
[   29.660355] EXT4-fs: Ignoring removed bh option
[   29.660622] Unexpected value for 'nolazytime'
[   29.680090] loop0: detected capacity change from 0 to 1024
[   29.680497] EXT4-fs: Ignoring removed bh option
[   29.680744] Unexpected value for 'nolazytime'
[   29.697305] loop0: detected capacity change from 0 to 1024
[   29.700364] EXT4-fs: Ignoring removed bh option
[   29.700619] Unexpected value for 'nolazytime'
[   29.717361] loop0: detected capacity change from 0 to 1024
[   29.717969] EXT4-fs: Ignoring removed bh option
[   29.718223] Unexpected value for 'nolazytime'
[   29.737308] loop0: detected capacity change from 0 to 1024
[   29.737837] EXT4-fs: Ignoring removed bh option
[   29.738087] Unexpected value for 'nolazytime'
[   29.757314] loop0: detected capacity change from 0 to 1024
[   29.757799] EXT4-fs: Ignoring removed bh option
[   29.758068] Unexpected value for 'nolazytime'
[   29.781279] loop0: detected capacity change from 0 to 1024
[   29.781734] EXT4-fs: Ignoring removed bh option
[   29.782001] Unexpected value for 'nolazytime'
[   29.797278] loop0: detected capacity change from 0 to 1024
[   29.797778] EXT4-fs: Ignoring removed bh option
[   29.798050] Unexpected value for 'nolazytime'
[   29.817261] loop0: detected capacity change from 0 to 1024
[   29.817744] EXT4-fs: Ignoring removed bh option
[   29.818024] Unexpected value for 'nolazytime'
[   29.833273] loop0: detected capacity change from 0 to 1024
[   29.833771] EXT4-fs: Ignoring removed bh option
[   29.834044] Unexpected value for 'nolazytime'
[   29.845209] loop0: detected capacity change from 0 to 1024
[   29.845679] EXT4-fs: Ignoring removed bh option
[   29.845933] Unexpected value for 'nolazytime'
[   29.865439] loop0: detected capacity change from 0 to 1024
[   29.865852] EXT4-fs: Ignoring removed bh option
[   29.866101] Unexpected value for 'nolazytime'
[   29.885237] loop0: detected capacity change from 0 to 1024
[   29.885726] EXT4-fs: Ignoring removed bh option
[   29.885997] Unexpected value for 'nolazytime'
[   29.905238] loop0: detected capacity change from 0 to 1024
[   29.905704] EXT4-fs: Ignoring removed bh option
[   29.905977] Unexpected value for 'nolazytime'
[   29.921408] loop0: detected capacity change from 0 to 1024
[   29.921866] EXT4-fs: Ignoring removed bh option
[   29.922155] Unexpected value for 'nolazytime'
[   29.937234] loop0: detected capacity change from 0 to 1024
[   29.937714] EXT4-fs: Ignoring removed bh option
[   29.937983] Unexpected value for 'nolazytime'
[   29.949229] loop0: detected capacity change from 0 to 1024
[   29.949705] EXT4-fs: Ignoring removed bh option
[   29.949967] Unexpected value for 'nolazytime'
[   29.964514] loop0: detected capacity change from 0 to 1024
[   29.965038] EXT4-fs: Ignoring removed bh option
[   29.965325] Unexpected value for 'nolazytime'
[   29.985305] loop0: detected capacity change from 0 to 1024
[   29.985684] EXT4-fs: Ignoring removed bh option
[   29.985931] Unexpected value for 'nolazytime'
[   30.001227] loop0: detected capacity change from 0 to 1024
[   30.001629] EXT4-fs: Ignoring removed bh option
[   30.001893] Unexpected value for 'nolazytime'
[   30.017339] loop0: detected capacity change from 0 to 1024
[   30.020461] EXT4-fs: Ignoring removed bh option
[   30.020735] Unexpected value for 'nolazytime'
[   30.036307] loop0: detected capacity change from 0 to 1024
[   30.036682] EXT4-fs: Ignoring removed bh option
[   30.036945] Unexpected value for 'nolazytime'
[   30.057264] loop0: detected capacity change from 0 to 1024
[   30.060381] EXT4-fs: Ignoring removed bh option
[   30.060636] Unexpected value for 'nolazytime'
[   30.073491] loop0: detected capacity change from 0 to 1024
[   30.074044] EXT4-fs: Ignoring removed bh option
[   30.074312] Unexpected value for 'nolazytime'
[   30.089216] loop0: detected capacity change from 0 to 1024
[   30.089793] EXT4-fs: Ignoring removed bh option
[   30.090081] Unexpected value for 'nolazytime'
[   30.105309] loop0: detected capacity change from 0 to 1024
[   30.105799] EXT4-fs: Ignoring removed bh option
[   30.106084] Unexpected value for 'nolazytime'
[   30.121267] loop0: detected capacity change from 0 to 1024
[   30.121841] EXT4-fs: Ignoring removed bh option
[   30.122157] Unexpected value for 'nolazytime'
[   30.137302] loop0: detected capacity change from 0 to 1024
[   30.137814] EXT4-fs: Ignoring removed bh option
[   30.138099] Unexpected value for 'nolazytime'
[   30.161257] loop0: detected capacity change from 0 to 1024
[   30.161773] EXT4-fs: Ignoring removed bh option
[   30.162057] Unexpected value for 'nolazytime'
[   30.177317] loop0: detected capacity change from 0 to 1024
[   30.177815] EXT4-fs: Ignoring removed bh option
[   30.178100] Unexpected value for 'nolazytime'
[   30.189240] loop0: detected capacity change from 0 to 1024
[   30.189745] EXT4-fs: Ignoring removed bh option
[   30.190016] Unexpected value for 'nolazytime'
[   30.216671] loop0: detected capacity change from 0 to 1024
[   30.217147] EXT4-fs: Ignoring removed bh option
[   30.217457] Unexpected value for 'nolazytime'
[   30.233316] loop0: detected capacity change from 0 to 1024
[   30.233714] EXT4-fs: Ignoring removed bh option
[   30.233968] Unexpected value for 'nolazytime'
[   30.252494] loop0: detected capacity change from 0 to 1024
[   30.252865] EXT4-fs: Ignoring removed bh option
[   30.253236] Unexpected value for 'nolazytime'
[   30.277338] loop0: detected capacity change from 0 to 1024
[   30.280452] EXT4-fs: Ignoring removed bh option
[   30.280698] Unexpected value for 'nolazytime'
[   30.304270] loop0: detected capacity change from 0 to 1024
[   30.304668] EXT4-fs: Ignoring removed bh option
[   30.304928] Unexpected value for 'nolazytime'
[   30.321262] loop0: detected capacity change from 0 to 1024
[   30.324420] EXT4-fs: Ignoring removed bh option
[   30.324664] Unexpected value for 'nolazytime'
[   30.341476] loop0: detected capacity change from 0 to 1024
[   30.342113] EXT4-fs: Ignoring removed bh option
[   30.342367] Unexpected value for 'nolazytime'
[   30.361345] loop0: detected capacity change from 0 to 1024
[   30.361889] EXT4-fs: Ignoring removed bh option
[   30.362145] Unexpected value for 'nolazytime'
[   30.377514] loop0: detected capacity change from 0 to 1024
[   30.377873] EXT4-fs: Ignoring removed bh option
[   30.378119] Unexpected value for 'nolazytime'
[   30.401251] loop0: detected capacity change from 0 to 1024
[   30.401734] EXT4-fs: Ignoring removed bh option
[   30.401998] Unexpected value for 'nolazytime'
[   30.417312] loop0: detected capacity change from 0 to 1024
[   30.417782] EXT4-fs: Ignoring removed bh option
[   30.418043] Unexpected value for 'nolazytime'
[   30.440316] loop0: detected capacity change from 0 to 1024
[   30.440712] EXT4-fs: Ignoring removed bh option
[   30.440996] Unexpected value for 'nolazytime'
[   30.465289] loop0: detected capacity change from 0 to 1024
[   30.465664] EXT4-fs: Ignoring removed bh option
[   30.465911] Unexpected value for 'nolazytime'
[   30.488549] loop0: detected capacity change from 0 to 1024
[   30.489065] EXT4-fs: Ignoring removed bh option
[   30.489343] Unexpected value for 'nolazytime'
[   30.521324] loop0: detected capacity change from 0 to 1024
[   30.524410] EXT4-fs: Ignoring removed bh option
[   30.524670] Unexpected value for 'nolazytime'
[   30.553315] loop0: detected capacity change from 0 to 1024
[   30.553851] EXT4-fs: Ignoring removed bh option
[   30.554110] Unexpected value for 'nolazytime'
[   30.573512] loop0: detected capacity change from 0 to 1024
[   30.573948] EXT4-fs: Ignoring removed bh option
[   30.574207] Unexpected value for 'nolazytime'
[   30.597491] loop0: detected capacity change from 0 to 1024
[   30.597922] EXT4-fs: Ignoring removed bh option
[   30.598187] Unexpected value for 'nolazytime'
[   30.621512] loop0: detected capacity change from 0 to 1024
[   30.621939] EXT4-fs: Ignoring removed bh option
[   30.622198] Unexpected value for 'nolazytime'
[   30.637428] loop0: detected capacity change from 0 to 1024
[   30.637852] EXT4-fs: Ignoring removed bh option
[   30.638117] Unexpected value for 'nolazytime'
[   30.653510] loop0: detected capacity change from 0 to 1024
[   30.653940] EXT4-fs: Ignoring removed bh option
[   30.654199] Unexpected value for 'nolazytime'
[   30.677237] loop0: detected capacity change from 0 to 1024
[   30.677737] EXT4-fs: Ignoring removed bh option
[   30.678016] Unexpected value for 'nolazytime'
[   30.697236] loop0: detected capacity change from 0 to 1024
[   30.697717] EXT4-fs: Ignoring removed bh option
[   30.697996] Unexpected value for 'nolazytime'
[   30.717420] loop0: detected capacity change from 0 to 1024
[   30.717943] EXT4-fs: Ignoring removed bh option
[   30.718202] Unexpected value for 'nolazytime'
[   30.732416] loop0: detected capacity change from 0 to 1024
[   30.732827] EXT4-fs: Ignoring removed bh option
[   30.733175] Unexpected value for 'nolazytime'
[   30.754780] loop0: detected capacity change from 0 to 1024
[   30.755291] EXT4-fs: Ignoring removed bh option
[   30.755585] Unexpected value for 'nolazytime'
[   30.772546] loop0: detected capacity change from 0 to 1024
[   30.772927] EXT4-fs: Ignoring removed bh option
[   30.773274] Unexpected value for 'nolazytime'
[   30.789299] loop0: detected capacity change from 0 to 1024
[   30.789684] EXT4-fs: Ignoring removed bh option
[   30.789986] Unexpected value for 'nolazytime'
[   30.805048] loop0: detected capacity change from 0 to 1024
[   30.805430] EXT4-fs: Ignoring removed bh option
[   30.805688] Unexpected value for 'nolazytime'
[   30.825266] loop0: detected capacity change from 0 to 1024
[   30.825628] EXT4-fs: Ignoring removed bh option
[   30.825876] Unexpected value for 'nolazytime'
[   30.845194] loop0: detected capacity change from 0 to 1024
[   30.845592] EXT4-fs: Ignoring removed bh option
[   30.845841] Unexpected value for 'nolazytime'
[   30.873147] loop0: detected capacity change from 0 to 1024
[   30.873646] EXT4-fs: Ignoring removed bh option
[   30.873907] Unexpected value for 'nolazytime'
[   30.901257] loop0: detected capacity change from 0 to 1024
[   30.904061] EXT4-fs: Ignoring removed bh option
[   30.904322] Unexpected value for 'nolazytime'
[   30.925441] loop0: detected capacity change from 0 to 1024
[   30.925906] EXT4-fs: Ignoring removed bh option
[   30.926160] Unexpected value for 'nolazytime'
[   30.945586] loop0: detected capacity change from 0 to 1024
[   30.949660] EXT4-fs: Ignoring removed bh option
[   30.949934] Unexpected value for 'nolazytime'
[   30.973294] loop0: detected capacity change from 0 to 1024
[   30.974015] EXT4-fs: Ignoring removed bh option
[   30.974274] Unexpected value for 'nolazytime'
[   30.993187] loop0: detected capacity change from 0 to 1024
[   30.993787] EXT4-fs: Ignoring removed bh option
[   30.994043] Unexpected value for 'nolazytime'
[   31.017262] loop0: detected capacity change from 0 to 1024
[   31.017890] EXT4-fs: Ignoring removed bh option
[   31.018150] Unexpected value for 'nolazytime'
[   31.037325] loop0: detected capacity change from 0 to 1024
[   31.037897] EXT4-fs: Ignoring removed bh option
[   31.038149] Unexpected value for 'nolazytime'
[   31.057318] loop0: detected capacity change from 0 to 1024
[   31.057767] EXT4-fs: Ignoring removed bh option
[   31.058034] Unexpected value for 'nolazytime'
[   31.077201] loop0: detected capacity change from 0 to 1024
[   31.077640] EXT4-fs: Ignoring removed bh option
[   31.077903] Unexpected value for 'nolazytime'
[   31.101345] loop0: detected capacity change from 0 to 1024
[   31.101803] EXT4-fs: Ignoring removed bh option
[   31.102053] Unexpected value for 'nolazytime'
[   31.117515] loop0: detected capacity change from 0 to 1024
[   31.117870] EXT4-fs: Ignoring removed bh option
[   31.118120] Unexpected value for 'nolazytime'
[   31.137186] loop0: detected capacity change from 0 to 1024
[   31.137660] EXT4-fs: Ignoring removed bh option
[   31.137923] Unexpected value for 'nolazytime'
[   31.161497] loop0: detected capacity change from 0 to 1024
[   31.161869] EXT4-fs: Ignoring removed bh option
[   31.162119] Unexpected value for 'nolazytime'
[   31.181295] loop0: detected capacity change from 0 to 1024
[   31.181809] EXT4-fs: Ignoring removed bh option
[   31.182078] Unexpected value for 'nolazytime'
[   31.201409] loop0: detected capacity change from 0 to 1024
[   31.201930] EXT4-fs: Ignoring removed bh option
[   31.202184] Unexpected value for 'nolazytime'
[   31.220809] loop0: detected capacity change from 0 to 1024
[   31.221226] EXT4-fs: Ignoring removed bh option
[   31.221477] Unexpected value for 'nolazytime'
[   31.241256] loop0: detected capacity change from 0 to 1024
[   31.241759] EXT4-fs: Ignoring removed bh option
[   31.242022] Unexpected value for 'nolazytime'
[   31.257332] loop0: detected capacity change from 0 to 1024
[   31.260496] EXT4-fs: Ignoring removed bh option
[   31.260759] Unexpected value for 'nolazytime'
[   31.277340] loop0: detected capacity change from 0 to 1024
[   31.277957] EXT4-fs: Ignoring removed bh option
[   31.278265] Unexpected value for 'nolazytime'
[   31.301524] loop0: detected capacity change from 0 to 1024
[   31.302127] EXT4-fs: Ignoring removed bh option
[   31.302388] Unexpected value for 'nolazytime'
[   31.324869] loop0: detected capacity change from 0 to 1024
[   31.325359] EXT4-fs: Ignoring removed bh option
[   31.325626] Unexpected value for 'nolazytime'
[   31.348252] loop0: detected capacity change from 0 to 1024
[   31.348713] EXT4-fs: Ignoring removed bh option
[   31.348989] Unexpected value for 'nolazytime'
[   31.369314] loop0: detected capacity change from 0 to 1024
[   31.372435] EXT4-fs: Ignoring removed bh option
[   31.372714] Unexpected value for 'nolazytime'
[   31.393397] loop0: detected capacity change from 0 to 1024
[   31.394031] EXT4-fs: Ignoring removed bh option
[   31.394335] Unexpected value for 'nolazytime'
[   31.417310] loop0: detected capacity change from 0 to 1024
[   31.417908] EXT4-fs: Ignoring removed bh option
[   31.418202] Unexpected value for 'nolazytime'
[   31.437319] loop0: detected capacity change from 0 to 1024
[   31.437910] EXT4-fs: Ignoring removed bh option
[   31.438205] Unexpected value for 'nolazytime'
[   31.457535] loop0: detected capacity change from 0 to 1024
[   31.458099] EXT4-fs: Ignoring removed bh option
[   31.458345] Unexpected value for 'nolazytime'
[   31.480888] loop0: detected capacity change from 0 to 1024
[   31.481371] EXT4-fs: Ignoring removed bh option
[   31.481628] Unexpected value for 'nolazytime'
[   31.501365] loop0: detected capacity change from 0 to 1024
[   31.501737] EXT4-fs: Ignoring removed bh option
[   31.501977] Unexpected value for 'nolazytime'
[   31.520884] loop0: detected capacity change from 0 to 1024
[   31.521291] EXT4-fs: Ignoring removed bh option
[   31.521553] Unexpected value for 'nolazytime'
[   31.541308] loop0: detected capacity change from 0 to 1024
[   31.541677] EXT4-fs: Ignoring removed bh option
[   31.541917] Unexpected value for 'nolazytime'
[   31.568437] loop0: detected capacity change from 0 to 1024
[   31.568818] EXT4-fs: Ignoring removed bh option
[   31.569159] Unexpected value for 'nolazytime'
[   31.585400] loop0: detected capacity change from 0 to 1024
[   31.588473] EXT4-fs: Ignoring removed bh option
[   31.588718] Unexpected value for 'nolazytime'
[   31.608024] loop0: detected capacity change from 0 to 1024
[   31.608695] EXT4-fs: Ignoring removed bh option
[   31.609230] Unexpected value for 'nolazytime'
[   31.625261] loop0: detected capacity change from 0 to 1024
[   31.625639] EXT4-fs: Ignoring removed bh option
[   31.625904] Unexpected value for 'nolazytime'
[   31.644794] loop0: detected capacity change from 0 to 1024
[   31.645335] EXT4-fs: Ignoring removed bh option
[   31.645603] Unexpected value for 'nolazytime'
[   31.665265] loop0: detected capacity change from 0 to 1024
[   31.665649] EXT4-fs: Ignoring removed bh option
[   31.665918] Unexpected value for 'nolazytime'
[   31.693030] loop0: detected capacity change from 0 to 1024
[   31.693402] EXT4-fs: Ignoring removed bh option
[   31.693668] Unexpected value for 'nolazytime'
[   31.713263] loop0: detected capacity change from 0 to 1024
[   31.713632] EXT4-fs: Ignoring removed bh option
[   31.713893] Unexpected value for 'nolazytime'
[   31.732827] loop0: detected capacity change from 0 to 1024
[   31.733306] EXT4-fs: Ignoring removed bh option
[   31.733572] Unexpected value for 'nolazytime'
[   31.753482] loop0: detected capacity change from 0 to 1024
[   31.753855] EXT4-fs: Ignoring removed bh option
[   31.755924] Unexpected value for 'nolazytime'
[   31.781513] loop0: detected capacity change from 0 to 1024
[   31.783242] EXT4-fs: Ignoring removed bh option
[   31.783538] Unexpected value for 'nolazytime'
[   31.805572] loop0: detected capacity change from 0 to 1024
[   31.806161] EXT4-fs: Ignoring removed bh option
[   31.806452] Unexpected value for 'nolazytime'
[   31.825291] loop0: detected capacity change from 0 to 1024
[   31.826033] EXT4-fs: Ignoring removed bh option
[   31.826301] Unexpected value for 'nolazytime'
[   31.845268] loop0: detected capacity change from 0 to 1024
[   31.845893] EXT4-fs: Ignoring removed bh option
[   31.846163] Unexpected value for 'nolazytime'
[   31.861293] loop0: detected capacity change from 0 to 1024
[   31.861887] EXT4-fs: Ignoring removed bh option
[   31.862161] Unexpected value for 'nolazytime'
[   31.880410] loop0: detected capacity change from 0 to 1024
[   31.880806] EXT4-fs: Ignoring removed bh option
[   31.881170] Unexpected value for 'nolazytime'
[   31.897290] loop0: detected capacity change from 0 to 1024
[   31.897714] EXT4-fs: Ignoring removed bh option
[   31.897969] Unexpected value for 'nolazytime'
[   31.913336] loop0: detected capacity change from 0 to 1024
[   31.913846] EXT4-fs: Ignoring removed bh option
[   31.914093] Unexpected value for 'nolazytime'
[   31.925390] loop0: detected capacity change from 0 to 1024
[   31.928543] EXT4-fs: Ignoring removed bh option
[   31.928789] Unexpected value for 'nolazytime'
[   31.945776] loop0: detected capacity change from 0 to 1024
[   31.946177] EXT4-fs: Ignoring removed bh option
[   31.946439] Unexpected value for 'nolazytime'
[   31.959929] loop0: detected capacity change from 0 to 1024
[   31.960292] EXT4-fs: Ignoring removed bh option
[   31.960546] Unexpected value for 'nolazytime'
[   31.976249] loop0: detected capacity change from 0 to 1024
[   31.976639] EXT4-fs: Ignoring removed bh option
[   31.976893] Unexpected value for 'nolazytime'
[   31.996450] loop0: detected capacity change from 0 to 1024
[   31.996808] EXT4-fs: Ignoring removed bh option
[   31.997072] Unexpected value for 'nolazytime'
[   32.020565] loop0: detected capacity change from 0 to 1024
[   32.020972] EXT4-fs: Ignoring removed bh option
[   32.021308] Unexpected value for 'nolazytime'
[   32.045325] loop0: detected capacity change from 0 to 1024
[   32.045684] EXT4-fs: Ignoring removed bh option
[   32.045949] Unexpected value for 'nolazytime'
[   32.068576] loop0: detected capacity change from 0 to 1024
[   32.068984] EXT4-fs: Ignoring removed bh option
[   32.069249] Unexpected value for 'nolazytime'
[   32.097328] loop0: detected capacity change from 0 to 1024
[   32.097686] EXT4-fs: Ignoring removed bh option
[   32.097951] Unexpected value for 'nolazytime'
[   32.116185] loop0: detected capacity change from 0 to 1024
[   32.116559] EXT4-fs: Ignoring removed bh option
[   32.116815] Unexpected value for 'nolazytime'
[   32.145502] loop0: detected capacity change from 0 to 1024
[   32.146027] EXT4-fs: Ignoring removed bh option
[   32.146270] Unexpected value for 'nolazytime'
[   32.172831] loop0: detected capacity change from 0 to 1024
[   32.173469] EXT4-fs: Ignoring removed bh option
[   32.173745] Unexpected value for 'nolazytime'
[   32.189253] loop0: detected capacity change from 0 to 1024
[   32.189617] EXT4-fs: Ignoring removed bh option
[   32.189885] Unexpected value for 'nolazytime'
[   32.212197] loop0: detected capacity change from 0 to 1024
[   32.212640] EXT4-fs: Ignoring removed bh option
[   32.212951] Unexpected value for 'nolazytime'
[   32.229298] loop0: detected capacity change from 0 to 1024
[   32.229692] EXT4-fs: Ignoring removed bh option
[   32.229959] Unexpected value for 'nolazytime'
[   32.253265] loop0: detected capacity change from 0 to 1024
[   32.253641] EXT4-fs: Ignoring removed bh option
[   32.253893] Unexpected value for 'nolazytime'
[   32.269250] loop0: detected capacity change from 0 to 1024
[   32.272314] EXT4-fs: Ignoring removed bh option
[   32.272584] Unexpected value for 'nolazytime'
[   32.288109] loop0: detected capacity change from 0 to 1024
[   32.288460] EXT4-fs: Ignoring removed bh option
[   32.290495] Unexpected value for 'nolazytime'
[   32.305337] loop0: detected capacity change from 0 to 1024
[   32.306753] EXT4-fs: Ignoring removed bh option
[   32.307083] Unexpected value for 'nolazytime'
[   32.325348] loop0: detected capacity change from 0 to 1024
[   32.325908] EXT4-fs: Ignoring removed bh option
[   32.326161] Unexpected value for 'nolazytime'
[   32.345292] loop0: detected capacity change from 0 to 1024
[   32.345731] EXT4-fs: Ignoring removed bh option
[   32.345986] Unexpected value for 'nolazytime'
[   32.361258] loop0: detected capacity change from 0 to 1024
[   32.361685] EXT4-fs: Ignoring removed bh option
[   32.361933] Unexpected value for 'nolazytime'
[   32.389315] loop0: detected capacity change from 0 to 1024
[   32.389742] EXT4-fs: Ignoring removed bh option
[   32.390001] Unexpected value for 'nolazytime'
[   32.409475] loop0: detected capacity change from 0 to 1024
[   32.410080] EXT4-fs: Ignoring removed bh option
[   32.410362] Unexpected value for 'nolazytime'
[   32.429440] loop0: detected capacity change from 0 to 1024
[   32.429997] EXT4-fs: Ignoring removed bh option
[   32.430266] Unexpected value for 'nolazytime'
[   32.445488] loop0: detected capacity change from 0 to 1024
[   32.446161] EXT4-fs: Ignoring removed bh option
[   32.446433] Unexpected value for 'nolazytime'
[   32.465498] loop0: detected capacity change from 0 to 1024
[   32.466001] EXT4-fs: Ignoring removed bh option
[   32.466273] Unexpected value for 'nolazytime'
[   32.493200] loop0: detected capacity change from 0 to 1024
[   32.493690] EXT4-fs: Ignoring removed bh option
[   32.493961] Unexpected value for 'nolazytime'
[   32.511929] loop0: detected capacity change from 0 to 1024
[   32.512288] EXT4-fs: Ignoring removed bh option
[   32.514344] Unexpected value for 'nolazytime'
[   32.537377] loop0: detected capacity change from 0 to 1024
[   32.538791] EXT4-fs: Ignoring removed bh option
[   32.539052] Unexpected value for 'nolazytime'
[   32.553303] loop0: detected capacity change from 0 to 1024
[   32.553736] EXT4-fs: Ignoring removed bh option
[   32.553984] Unexpected value for 'nolazytime'
[   32.565318] loop0: detected capacity change from 0 to 1024
[   32.565753] EXT4-fs: Ignoring removed bh option
[   32.566001] Unexpected value for 'nolazytime'
[   32.585260] loop0: detected capacity change from 0 to 1024
[   32.585687] EXT4-fs: Ignoring removed bh option
[   32.585935] Unexpected value for 'nolazytime'
[   32.609245] loop0: detected capacity change from 0 to 1024
[   32.609679] EXT4-fs: Ignoring removed bh option
[   32.609931] Unexpected value for 'nolazytime'
[   32.629331] loop0: detected capacity change from 0 to 1024
[   32.629774] EXT4-fs: Ignoring removed bh option
[   32.630022] Unexpected value for 'nolazytime'
[   32.653323] loop0: detected capacity change from 0 to 1024
[   32.653780] EXT4-fs: Ignoring removed bh option
[   32.654045] Unexpected value for 'nolazytime'
[   32.677327] loop0: detected capacity change from 0 to 1024
[   32.677791] EXT4-fs: Ignoring removed bh option
[   32.678047] Unexpected value for 'nolazytime'
[   32.701319] loop0: detected capacity change from 0 to 1024
[   32.701755] EXT4-fs: Ignoring removed bh option
[   32.702009] Unexpected value for 'nolazytime'
[   32.721321] loop0: detected capacity change from 0 to 1024
[   32.721753] EXT4-fs: Ignoring removed bh option
[   32.722000] Unexpected value for 'nolazytime'
[   32.745348] loop0: detected capacity change from 0 to 1024
[   32.745751] EXT4-fs: Ignoring removed bh option
[   32.746011] Unexpected value for 'nolazytime'
[   32.765287] loop0: detected capacity change from 0 to 1024
[   32.765912] EXT4-fs: Ignoring removed bh option
[   32.766164] Unexpected value for 'nolazytime'
[   32.780792] loop0: detected capacity change from 0 to 1024
[   32.781230] EXT4-fs: Ignoring removed bh option
[   32.781504] Unexpected value for 'nolazytime'
[   32.797302] loop0: detected capacity change from 0 to 1024
[   32.800357] EXT4-fs: Ignoring removed bh option
[   32.800604] Unexpected value for 'nolazytime'
[   32.812916] loop0: detected capacity change from 0 to 1024
[   32.813347] EXT4-fs: Ignoring removed bh option
[   32.813620] Unexpected value for 'nolazytime'
[   32.829300] loop0: detected capacity change from 0 to 1024
[   32.832348] EXT4-fs: Ignoring removed bh option
[   32.832609] Unexpected value for 'nolazytime'
[   32.844802] loop0: detected capacity change from 0 to 1024
[   32.845237] EXT4-fs: Ignoring removed bh option
[   32.845507] Unexpected value for 'nolazytime'
[   32.863993] loop0: detected capacity change from 0 to 1024
[   32.864418] EXT4-fs: Ignoring removed bh option
[   32.864665] Unexpected value for 'nolazytime'
[   32.876837] loop0: detected capacity change from 0 to 1024
[   32.877285] EXT4-fs: Ignoring removed bh option
[   32.877555] Unexpected value for 'nolazytime'
[   32.893300] loop0: detected capacity change from 0 to 1024
[   32.896368] EXT4-fs: Ignoring removed bh option
[   32.896636] Unexpected value for 'nolazytime'
[   32.912864] loop0: detected capacity change from 0 to 1024
[   32.913294] EXT4-fs: Ignoring removed bh option
[   32.913576] Unexpected value for 'nolazytime'
[   32.929305] loop0: detected capacity change from 0 to 1024
[   32.932379] EXT4-fs: Ignoring removed bh option
[   32.932646] Unexpected value for 'nolazytime'
[   32.948854] loop0: detected capacity change from 0 to 1024
[   32.949304] EXT4-fs: Ignoring removed bh option
[   32.949564] Unexpected value for 'nolazytime'
[   32.961282] loop0: detected capacity change from 0 to 1024
[   32.964829] EXT4-fs: Ignoring removed bh option
[   32.965196] Unexpected value for 'nolazytime'
[   32.985454] loop0: detected capacity change from 0 to 1024
[   32.985986] EXT4-fs: Ignoring removed bh option
[   32.986236] Unexpected value for 'nolazytime'
[   33.000821] loop0: detected capacity change from 0 to 1024
[   33.001253] EXT4-fs: Ignoring removed bh option
[   33.001525] Unexpected value for 'nolazytime'
[   33.017357] loop0: detected capacity change from 0 to 1024
[   33.020475] EXT4-fs: Ignoring removed bh option
[   33.020724] Unexpected value for 'nolazytime'
[   33.037445] loop0: detected capacity change from 0 to 1024
[   33.038016] EXT4-fs: Ignoring removed bh option
[   33.038270] Unexpected value for 'nolazytime'
[   33.057028] loop0: detected capacity change from 0 to 1024
[   33.057538] EXT4-fs: Ignoring removed bh option
[   33.057794] Unexpected value for 'nolazytime'
[   33.077019] loop0: detected capacity change from 0 to 1024
[   33.077410] EXT4-fs: Ignoring removed bh option
[   33.077673] Unexpected value for 'nolazytime'
[   33.089343] loop0: detected capacity change from 0 to 1024
[   33.089730] EXT4-fs: Ignoring removed bh option
[   33.089999] Unexpected value for 'nolazytime'
[   33.108949] loop0: detected capacity change from 0 to 1024
[   33.109475] EXT4-fs: Ignoring removed bh option
[   33.109739] Unexpected value for 'nolazytime'
[   33.129305] loop0: detected capacity change from 0 to 1024
[   33.129674] EXT4-fs: Ignoring removed bh option
[   33.129935] Unexpected value for 'nolazytime'
[   33.156929] loop0: detected capacity change from 0 to 1024
[   33.157313] EXT4-fs: Ignoring removed bh option
[   33.157580] Unexpected value for 'nolazytime'
[   33.173243] loop0: detected capacity change from 0 to 1024
[   33.173599] EXT4-fs: Ignoring removed bh option
[   33.173866] Unexpected value for 'nolazytime'
[   33.200887] loop0: detected capacity change from 0 to 1024
[   33.201289] EXT4-fs: Ignoring removed bh option
[   33.201553] Unexpected value for 'nolazytime'
[   33.217308] loop0: detected capacity change from 0 to 1024
[   33.217666] EXT4-fs: Ignoring removed bh option
[   33.217929] Unexpected value for 'nolazytime'
[   33.236483] loop0: detected capacity change from 0 to 1024
[   33.236927] EXT4-fs: Ignoring removed bh option
[   33.237231] Unexpected value for 'nolazytime'
[   33.257516] loop0: detected capacity change from 0 to 1024
[   33.257899] EXT4-fs: Ignoring removed bh option
[   33.258152] Unexpected value for 'nolazytime'
[   33.280763] loop0: detected capacity change from 0 to 1024
[   33.281280] EXT4-fs: Ignoring removed bh option
[   33.281548] Unexpected value for 'nolazytime'
[   33.297311] loop0: detected capacity change from 0 to 1024
[   33.300094] EXT4-fs: Ignoring removed bh option
[   33.300351] Unexpected value for 'nolazytime'
[   33.317404] loop0: detected capacity change from 0 to 1024
[   33.317910] EXT4-fs: Ignoring removed bh option
[   33.318165] Unexpected value for 'nolazytime'
[   33.344822] loop0: detected capacity change from 0 to 1024
[   33.345288] EXT4-fs: Ignoring removed bh option
[   33.345552] Unexpected value for 'nolazytime'
[   33.369842] loop0: detected capacity change from 0 to 1024
[   33.370792] EXT4-fs: Ignoring removed bh option
[   33.377280] Unexpected value for 'nolazytime'
[   33.397359] loop0: detected capacity change from 0 to 1024
[   33.397948] EXT4-fs: Ignoring removed bh option
[   33.398207] Unexpected value for 'nolazytime'
[   33.413457] loop0: detected capacity change from 0 to 1024
[   33.413822] EXT4-fs: Ignoring removed bh option
[   33.414067] Unexpected value for 'nolazytime'
[   33.433395] loop0: detected capacity change from 0 to 1024
[   33.433898] EXT4-fs: Ignoring removed bh option
[   33.434153] Unexpected value for 'nolazytime'
[   33.461810] loop0: detected capacity change from 0 to 1024
[   33.469269] EXT4-fs: Ignoring removed bh option
[   33.469546] Unexpected value for 'nolazytime'
[   33.498102] loop0: detected capacity change from 0 to 1024
[   33.498656] EXT4-fs: Ignoring removed bh option
[   33.498911] Unexpected value for 'nolazytime'
[   33.524577] loop0: detected capacity change from 0 to 1024
[   33.526748] EXT4-fs: Ignoring removed bh option
[   33.527012] Unexpected value for 'nolazytime'
[   33.546681] loop0: detected capacity change from 0 to 1024
[   33.547206] EXT4-fs: Ignoring removed bh option
[   33.547474] Unexpected value for 'nolazytime'
[   33.573755] loop0: detected capacity change from 0 to 1024
[   33.574355] EXT4-fs: Ignoring removed bh option
[   33.574669] Unexpected value for 'nolazytime'
[   33.593698] loop0: detected capacity change from 0 to 1024
[   33.594068] EXT4-fs: Ignoring removed bh option
[   33.594443] Unexpected value for 'nolazytime'
[   33.609572] loop0: detected capacity change from 0 to 1024
[   33.609950] EXT4-fs: Ignoring removed bh option
[   33.610205] Unexpected value for 'nolazytime'
[   33.629742] loop0: detected capacity change from 0 to 1024
[   33.630134] EXT4-fs: Ignoring removed bh option
[   33.630639] Unexpected value for 'nolazytime'
[   33.657726] loop0: detected capacity change from 0 to 1024
[   33.658119] EXT4-fs: Ignoring removed bh option
[   33.658502] Unexpected value for 'nolazytime'
[   33.677290] loop0: detected capacity change from 0 to 1024
[   33.678115] EXT4-fs: Ignoring removed bh option
[   33.678385] Unexpected value for 'nolazytime'
[   33.693289] loop0: detected capacity change from 0 to 1024
[   33.694112] EXT4-fs: Ignoring removed bh option
[   33.694384] Unexpected value for 'nolazytime'
[   33.709302] loop0: detected capacity change from 0 to 1024
[   33.709855] EXT4-fs: Ignoring removed bh option
[   33.710127] Unexpected value for 'nolazytime'
[   33.732483] loop0: detected capacity change from 0 to 1024
[   33.732890] EXT4-fs: Ignoring removed bh option
[   33.733180] Unexpected value for 'nolazytime'
[   33.749317] loop0: detected capacity change from 0 to 1024
[   33.749712] EXT4-fs: Ignoring removed bh option
[   33.749967] Unexpected value for 'nolazytime'
[   33.777251] loop0: detected capacity change from 0 to 1024
[   33.777721] EXT4-fs: Ignoring removed bh option
[   33.777981] Unexpected value for 'nolazytime'
[   33.793416] loop0: detected capacity change from 0 to 1024
[   33.796491] EXT4-fs: Ignoring removed bh option
[   33.796741] Unexpected value for 'nolazytime'
[   33.820094] loop0: detected capacity change from 0 to 1024
[   33.820488] EXT4-fs: Ignoring removed bh option
[   33.820748] Unexpected value for 'nolazytime'
[   33.837342] loop0: detected capacity change from 0 to 1024
[   33.840390] EXT4-fs: Ignoring removed bh option
[   33.840639] Unexpected value for 'nolazytime'
[   33.860201] loop0: detected capacity change from 0 to 1024
[   33.860570] EXT4-fs: Ignoring removed bh option
[   33.860833] Unexpected value for 'nolazytime'
[   33.880002] loop0: detected capacity change from 0 to 1024
[   33.880367] EXT4-fs: Ignoring removed bh option
[   33.880629] Unexpected value for 'nolazytime'
[   33.901328] loop0: detected capacity change from 0 to 1024
[   33.901945] EXT4-fs: Ignoring removed bh option
[   33.902198] Unexpected value for 'nolazytime'
[   33.917497] loop0: detected capacity change from 0 to 1024
[   33.918024] EXT4-fs: Ignoring removed bh option
[   33.918289] Unexpected value for 'nolazytime'
[   33.937220] loop0: detected capacity change from 0 to 1024
[   33.937859] EXT4-fs: Ignoring removed bh option
[   33.938126] Unexpected value for 'nolazytime'
[   33.953222] loop0: detected capacity change from 0 to 1024
[   33.953864] EXT4-fs: Ignoring removed bh option
[   33.954132] Unexpected value for 'nolazytime'
[   33.973330] loop0: detected capacity change from 0 to 1024
[   33.973855] EXT4-fs: Ignoring removed bh option
[   33.974119] Unexpected value for 'nolazytime'
[   33.989299] loop0: detected capacity change from 0 to 1024
[   33.989753] EXT4-fs: Ignoring removed bh option
[   33.990019] Unexpected value for 'nolazytime'
[   34.013408] loop0: detected capacity change from 0 to 1024
[   34.013875] EXT4-fs: Ignoring removed bh option
[   34.014140] Unexpected value for 'nolazytime'
[   34.029255] loop0: detected capacity change from 0 to 1024
[   34.029757] EXT4-fs: Ignoring removed bh option
[   34.030023] Unexpected value for 'nolazytime'
[   34.049210] loop0: detected capacity change from 0 to 1024
[   34.049693] EXT4-fs: Ignoring removed bh option
[   34.049958] Unexpected value for 'nolazytime'
[   34.069326] loop0: detected capacity change from 0 to 1024
[   34.069791] EXT4-fs: Ignoring removed bh option
[   34.070046] Unexpected value for 'nolazytime'
[   34.089264] loop0: detected capacity change from 0 to 1024
[   34.089742] EXT4-fs: Ignoring removed bh option
[   34.090003] Unexpected value for 'nolazytime'
[   34.113290] loop0: detected capacity change from 0 to 1024
[   34.113765] EXT4-fs: Ignoring removed bh option
[   34.114021] Unexpected value for 'nolazytime'
[   34.125292] loop0: detected capacity change from 0 to 1024
[   34.125760] EXT4-fs: Ignoring removed bh option
[   34.126017] Unexpected value for 'nolazytime'
[   34.149328] loop0: detected capacity change from 0 to 1024
[   34.149788] EXT4-fs: Ignoring removed bh option
[   34.150055] Unexpected value for 'nolazytime'
[   34.165257] loop0: detected capacity change from 0 to 1024
[   34.165738] EXT4-fs: Ignoring removed bh option
[   34.165997] Unexpected value for 'nolazytime'
[   34.189254] loop0: detected capacity change from 0 to 1024
[   34.189724] EXT4-fs: Ignoring removed bh option
[   34.189995] Unexpected value for 'nolazytime'
[   34.209269] loop0: detected capacity change from 0 to 1024
[   34.209751] EXT4-fs: Ignoring removed bh option
[   34.210010] Unexpected value for 'nolazytime'
[   34.229224] loop0: detected capacity change from 0 to 1024
[   34.229588] EXT4-fs: Ignoring removed bh option
[   34.229834] Unexpected value for 'nolazytime'
[   34.248249] loop0: detected capacity change from 0 to 1024
[   34.248644] EXT4-fs: Ignoring removed bh option
[   34.248890] Unexpected value for 'nolazytime'
[   34.273310] loop0: detected capacity change from 0 to 1024
[   34.273900] EXT4-fs: Ignoring removed bh option
[   34.274162] Unexpected value for 'nolazytime'
[   34.293322] loop0: detected capacity change from 0 to 1024
[   34.293890] EXT4-fs: Ignoring removed bh option
[   34.294145] Unexpected value for 'nolazytime'
[   34.309298] loop0: detected capacity change from 0 to 1024
[   34.309823] EXT4-fs: Ignoring removed bh option
[   34.310082] Unexpected value for 'nolazytime'
[   34.329299] loop0: detected capacity change from 0 to 1024
[   34.329767] EXT4-fs: Ignoring removed bh option
[   34.330025] Unexpected value for 'nolazytime'
[   34.349260] loop0: detected capacity change from 0 to 1024
[   34.349730] EXT4-fs: Ignoring removed bh option
[   34.349989] Unexpected value for 'nolazytime'
[   34.369335] loop0: detected capacity change from 0 to 1024
[   34.369807] EXT4-fs: Ignoring removed bh option
[   34.370064] Unexpected value for 'nolazytime'
[   34.389319] loop0: detected capacity change from 0 to 1024
[   34.389786] EXT4-fs: Ignoring removed bh option
[   34.390043] Unexpected value for 'nolazytime'
[   34.409249] loop0: detected capacity change from 0 to 1024
[   34.409739] EXT4-fs: Ignoring removed bh option
[   34.410018] Unexpected value for 'nolazytime'
[   34.425301] loop0: detected capacity change from 0 to 1024
[   34.425783] EXT4-fs: Ignoring removed bh option
[   34.426048] Unexpected value for 'nolazytime'
[   34.437417] loop0: detected capacity change from 0 to 1024
[   34.437884] EXT4-fs: Ignoring removed bh option
[   34.438148] Unexpected value for 'nolazytime'
[   34.449313] loop0: detected capacity change from 0 to 1024
[   34.449778] EXT4-fs: Ignoring removed bh option
[   34.450036] Unexpected value for 'nolazytime'
[   34.469250] loop0: detected capacity change from 0 to 1024
[   34.469739] EXT4-fs: Ignoring removed bh option
[   34.469995] Unexpected value for 'nolazytime'
[   34.489348] loop0: detected capacity change from 0 to 1024
[   34.489819] EXT4-fs: Ignoring removed bh option
[   34.490087] Unexpected value for 'nolazytime'
[   34.505269] loop0: detected capacity change from 0 to 1024
[   34.505732] EXT4-fs: Ignoring removed bh option
[   34.505996] Unexpected value for 'nolazytime'
[   34.521313] loop0: detected capacity change from 0 to 1024
[   34.521790] EXT4-fs: Ignoring removed bh option
[   34.522048] Unexpected value for 'nolazytime'
[   34.533325] loop0: detected capacity change from 0 to 1024
[   34.533786] EXT4-fs: Ignoring removed bh option
[   34.534044] Unexpected value for 'nolazytime'
[   34.553332] loop0: detected capacity change from 0 to 1024
[   34.553823] EXT4-fs: Ignoring removed bh option
[   34.554103] Unexpected value for 'nolazytime'
[   34.569224] loop0: detected capacity change from 0 to 1024
[   34.569665] EXT4-fs: Ignoring removed bh option
[   34.569953] Unexpected value for 'nolazytime'
[   34.589330] loop0: detected capacity change from 0 to 1024
[   34.589821] EXT4-fs: Ignoring removed bh option
[   34.590092] Unexpected value for 'nolazytime'
[   34.605251] loop0: detected capacity change from 0 to 1024
[   34.605707] EXT4-fs: Ignoring removed bh option
[   34.605964] Unexpected value for 'nolazytime'
[   34.633272] loop0: detected capacity change from 0 to 1024
[   34.633734] EXT4-fs: Ignoring removed bh option
[   34.634002] Unexpected value for 'nolazytime'
[   34.657311] loop0: detected capacity change from 0 to 1024
[   34.657789] EXT4-fs: Ignoring removed bh option
[   34.658062] Unexpected value for 'nolazytime'
[   34.677268] loop0: detected capacity change from 0 to 1024
[   34.677720] EXT4-fs: Ignoring removed bh option
[   34.678000] Unexpected value for 'nolazytime'
[   34.693386] loop0: detected capacity change from 0 to 1024
[   34.693963] EXT4-fs: Ignoring removed bh option
[   34.694216] Unexpected value for 'nolazytime'
[   34.709123] loop0: detected capacity change from 0 to 1024
[   34.709505] EXT4-fs: Ignoring removed bh option
[   34.709761] Unexpected value for 'nolazytime'
[   34.725339] loop0: detected capacity change from 0 to 1024
[   34.725724] EXT4-fs: Ignoring removed bh option
[   34.725970] Unexpected value for 'nolazytime'
[   34.748095] loop0: detected capacity change from 0 to 1024
[   34.748495] EXT4-fs: Ignoring removed bh option
[   34.748772] Unexpected value for 'nolazytime'
[   34.769265] loop0: detected capacity change from 0 to 1024
[   34.769628] EXT4-fs: Ignoring removed bh option
[   34.769875] Unexpected value for 'nolazytime'
[   34.792081] loop0: detected capacity change from 0 to 1024
[   34.792448] EXT4-fs: Ignoring removed bh option
[   34.792702] Unexpected value for 'nolazytime'
[   34.813294] loop0: detected capacity change from 0 to 1024
[   34.813647] EXT4-fs: Ignoring removed bh option
[   34.813913] Unexpected value for 'nolazytime'
[   34.844076] loop0: detected capacity change from 0 to 1024
[   34.844451] EXT4-fs: Ignoring removed bh option
[   34.844728] Unexpected value for 'nolazytime'
[   34.865258] loop0: detected capacity change from 0 to 1024
[   34.865630] EXT4-fs: Ignoring removed bh option
[   34.865882] Unexpected value for 'nolazytime'
[   34.888106] loop0: detected capacity change from 0 to 1024
[   34.888483] EXT4-fs: Ignoring removed bh option
[   34.888757] Unexpected value for 'nolazytime'
[   34.912205] loop0: detected capacity change from 0 to 1024
[   34.912717] EXT4-fs: Ignoring removed bh option
[   34.913127] Unexpected value for 'nolazytime'
[   34.925535] loop0: detected capacity change from 0 to 1024
[   34.925997] EXT4-fs: Ignoring removed bh option
[   34.926255] Unexpected value for 'nolazytime'
[   34.949245] loop0: detected capacity change from 0 to 1024
[   34.949791] EXT4-fs: Ignoring removed bh option
[   34.950072] Unexpected value for 'nolazytime'
[   34.969325] loop0: detected capacity change from 0 to 1024
[   34.969888] EXT4-fs: Ignoring removed bh option
[   34.970175] Unexpected value for 'nolazytime'
[   34.997305] loop0: detected capacity change from 0 to 1024
[   34.997873] EXT4-fs: Ignoring removed bh option
