c[?7l[2J[0mSeaBIOS (version rel-1.14.0-0-g155821a1990b-prebuilt.qemu.org)


iPXE (http://ipxe.org) 00:03.0 CA00 PCI2.10 PnP PMM+7FF8F030+7FEEF030 CA00
Press Ctrl-B to configure iPXE (PCI 00:03.0)...                                                                               


Booting from ROM..c[?7l[2J[    0.000000] Linux version 5.16.0-88db8458086b+ (root@p-rplp02) (gcc (GCC) 8.5.0 20210514 (Red Hat 8.5.0-17), GNU ld version 2.36.1-2.el8) #1 SMP PREEMPT Wed Dec 7 09:17:12 CST 2022
[    0.000000] Command line: console=ttyS0 root=/dev/sda earlyprintk=serial net.ifnames=0
[    0.000000] KERNEL supported cpus:
[    0.000000]   Intel GenuineIntel
[    0.000000]   AMD AuthenticAMD
[    0.000000]   Hygon HygonGenuine
[    0.000000]   Centaur CentaurHauls
[    0.000000]   zhaoxin   Shanghai  
[    0.000000] x86/fpu: Supporting XSAVE feature 0x001: 'x87 floating point registers'
[    0.000000] x86/fpu: Supporting XSAVE feature 0x002: 'SSE registers'
[    0.000000] x86/fpu: Supporting XSAVE feature 0x004: 'AVX registers'
[    0.000000] x86/fpu: Supporting XSAVE feature 0x200: 'Protection Keys User registers'
[    0.000000] x86/fpu: xstate_offset[2]:  576, xstate_sizes[2]:  256
[    0.000000] x86/fpu: xstate_offset[9]:  832, xstate_sizes[9]:    8
[    0.000000] x86/fpu: Enabled xstate features 0x207, context size is 840 bytes, using 'compacted' format.
[    0.000000] signal: max sigframe size: 3632
[    0.000000] BIOS-provided physical RAM map:
[    0.000000] BIOS-e820: [mem 0x0000000000000000-0x000000000009fbff] usable
[    0.000000] BIOS-e820: [mem 0x000000000009fc00-0x000000000009ffff] reserved
[    0.000000] BIOS-e820: [mem 0x00000000000f0000-0x00000000000fffff] reserved
[    0.000000] BIOS-e820: [mem 0x0000000000100000-0x000000007ffdffff] usable
[    0.000000] BIOS-e820: [mem 0x000000007ffe0000-0x000000007fffffff] reserved
[    0.000000] BIOS-e820: [mem 0x00000000feffc000-0x00000000feffffff] reserved
[    0.000000] BIOS-e820: [mem 0x00000000fffc0000-0x00000000ffffffff] reserved
[    0.000000] printk: bootconsole [earlyser0] enabled
[    0.000000] NX (Execute Disable) protection: active
[    0.000000] SMBIOS 2.8 present.
[    0.000000] DMI: QEMU Standard PC (i440FX + PIIX, 1996), BIOS rel-1.14.0-0-g155821a1990b-prebuilt.qemu.org 04/01/2014
[    0.000000] Hypervisor detected: KVM
[    0.000000] kvm-clock: Using msrs 4b564d01 and 4b564d00
[    0.000000] kvm-clock: cpu 0, msr 4601001, primary cpu clock
[    0.000001] kvm-clock: using sched offset of 251447668 cycles
[    0.000317] clocksource: kvm-clock: mask: 0xffffffffffffffff max_cycles: 0x1cd42e4dffb, max_idle_ns: 881590591483 ns
[    0.001274] tsc: Detected 1881.600 MHz processor
[    0.005529] last_pfn = 0x7ffe0 max_arch_pfn = 0x400000000
[    0.005885] x86/PAT: Configuration [0-7]: WB  WC  UC- UC  WB  WP  UC- WT  
[    0.012141] found SMP MP-table at [mem 0x000f5a90-0x000f5a9f]
[    0.012594] Using GB pages for direct mapping
[    0.013562] ACPI: Early table checksum verification disabled
[    0.013894] ACPI: RSDP 0x00000000000F5870 000014 (v00 BOCHS )
[    0.014226] ACPI: RSDT 0x000000007FFE1959 000034 (v01 BOCHS  BXPC     00000001 BXPC 00000001)
[    0.014710] ACPI: FACP 0x000000007FFE1805 000074 (v01 BOCHS  BXPC     00000001 BXPC 00000001)
[    0.015194] ACPI: DSDT 0x000000007FFE0040 0017C5 (v01 BOCHS  BXPC     00000001 BXPC 00000001)
[    0.015690] ACPI: FACS 0x000000007FFE0000 000040
[    0.015988] ACPI: APIC 0x000000007FFE1879 000080 (v01 BOCHS  BXPC     00000001 BXPC 00000001)
[    0.016546] ACPI: HPET 0x000000007FFE18F9 000038 (v01 BOCHS  BXPC     00000001 BXPC 00000001)
[    0.017028] ACPI: WAET 0x000000007FFE1931 000028 (v01 BOCHS  BXPC     00000001 BXPC 00000001)
[    0.017509] ACPI: Reserving FACP table memory at [mem 0x7ffe1805-0x7ffe1878]
[    0.017901] ACPI: Reserving DSDT table memory at [mem 0x7ffe0040-0x7ffe1804]
[    0.018294] ACPI: Reserving FACS table memory at [mem 0x7ffe0000-0x7ffe003f]
[    0.018684] ACPI: Reserving APIC table memory at [mem 0x7ffe1879-0x7ffe18f8]
[    0.019079] ACPI: Reserving HPET table memory at [mem 0x7ffe18f9-0x7ffe1930]
[    0.019468] ACPI: Reserving WAET table memory at [mem 0x7ffe1931-0x7ffe1958]
[    0.020077] ACPI: CEDT not present
[    0.020572] No NUMA configuration found
[    0.020785] Faking a node at [mem 0x0000000000000000-0x000000007ffdffff]
[    0.021197] NODE_DATA(0) allocated [mem 0x7ffb5000-0x7ffdffff]
[    0.024003] Zone ranges:
[    0.024162]   DMA      [mem 0x0000000000001000-0x0000000000ffffff]
[    0.024517]   DMA32    [mem 0x0000000001000000-0x000000007ffdffff]
[    0.024866]   Normal   empty
[    0.025029]   Device   empty
[    0.025194] Movable zone start for each node
[    0.025432] Early memory node ranges
[    0.025631]   node   0: [mem 0x0000000000001000-0x000000000009efff]
[    0.025985]   node   0: [mem 0x0000000000100000-0x000000007ffdffff]
[    0.026337] Initmem setup node 0 [mem 0x0000000000001000-0x000000007ffdffff]
[    0.028251] On node 0, zone DMA: 1 pages in unavailable ranges
[    0.028373] On node 0, zone DMA: 97 pages in unavailable ranges
[    0.042031] On node 0, zone DMA32: 32 pages in unavailable ranges
[    0.042548] ACPI: PM-Timer IO Port: 0x608
[    0.043127] ACPI: LAPIC_NMI (acpi_id[0xff] dfl dfl lint[0x1])
[    0.043480] IOAPIC[0]: apic_id 0, version 17, address 0xfec00000, GSI 0-23
[    0.043881] ACPI: INT_SRC_OVR (bus 0 bus_irq 0 global_irq 2 dfl dfl)
[    0.044235] ACPI: INT_SRC_OVR (bus 0 bus_irq 5 global_irq 5 high level)
[    0.044604] ACPI: INT_SRC_OVR (bus 0 bus_irq 9 global_irq 9 high level)
[    0.044973] ACPI: INT_SRC_OVR (bus 0 bus_irq 10 global_irq 10 high level)
[    0.045350] ACPI: INT_SRC_OVR (bus 0 bus_irq 11 global_irq 11 high level)
[    0.045733] ACPI: Using ACPI (MADT) for SMP configuration information
[    0.046089] ACPI: HPET id: 0x8086a201 base: 0xfed00000
[    0.046386] TSC deadline timer available
[    0.046605] smpboot: Allowing 2 CPUs, 0 hotplug CPUs
[    0.046909] kvm-guest: KVM setup pv remote TLB flush
[    0.047186] kvm-guest: setup PV sched yield
[    0.047449] PM: hibernation: Registered nosave memory: [mem 0x00000000-0x00000fff]
[    0.047882] PM: hibernation: Registered nosave memory: [mem 0x0009f000-0x0009ffff]
[    0.048299] PM: hibernation: Registered nosave memory: [mem 0x000a0000-0x000effff]
[    0.048718] PM: hibernation: Registered nosave memory: [mem 0x000f0000-0x000fffff]
[    0.049137] [mem 0x80000000-0xfeffbfff] available for PCI devices
[    0.049473] Booting paravirtualized kernel on KVM
[    0.049740] clocksource: refined-jiffies: mask: 0xffffffff max_cycles: 0xffffffff, max_idle_ns: 7645519600211568 ns
[    0.050327] setup_percpu: NR_CPUS:8192 nr_cpumask_bits:2 nr_cpu_ids:2 nr_node_ids:1
[    0.051552] percpu: Embedded 61 pages/cpu s212992 r8192 d28672 u1048576
[    0.052078] kvm-guest: setup async PF for cpu 0
[    0.052334] kvm-guest: stealtime: cpu 0, msr 7dc33080
[    0.052623] kvm-guest: PV spinlocks enabled
[    0.052865] PV qspinlock hash table entries: 256 (order: 0, 4096 bytes, linear)
[    0.053291] Fallback order for Node 0: 0 
[    0.053522] Built 1 zonelists, mobility grouping on.  Total pages: 515808
[    0.053905] Policy zone: DMA32
[    0.054079] Kernel command line: net.ifnames=0 console=ttyS0 root=/dev/sda earlyprintk=serial net.ifnames=0
[    0.055246] Dentry cache hash table entries: 262144 (order: 9, 2097152 bytes, linear)
[    0.055802] Inode-cache hash table entries: 131072 (order: 8, 1048576 bytes, linear)
[    0.056312] mem auto-init: stack:off, heap alloc:off, heap free:off
[    0.059983] Memory: 2001792K/2096632K available (28687K kernel code, 4396K rwdata, 7624K rodata, 3140K init, 10704K bss, 94584K reserved, 0K cma-reserved)
[    0.060756] random: get_random_u64 called from __kmem_cache_create+0x2f/0x480 with crng_init=0
[    0.061086] SLUB: HWalign=64, Order=0-3, MinObjects=0, CPUs=2, Nodes=1
[    0.061911] kmemleak: Kernel memory leak detector disabled
[    0.062229] ftrace: allocating 65564 entries in 257 pages
[    0.126808] ftrace: allocated 257 pages with 2 groups
[    0.128777] Dynamic Preempt: voluntary
[    0.129265] rcu: Preemptible hierarchical RCU implementation.
[    0.129571] rcu: 	RCU restricting CPUs from NR_CPUS=8192 to nr_cpu_ids=2.
[    0.129930] 	Trampoline variant of Tasks RCU enabled.
[    0.130197] 	Rude variant of Tasks RCU enabled.
[    0.130436] 	Tracing variant of Tasks RCU enabled.
[    0.130689] rcu: RCU calculated value of scheduler-enlistment delay is 25 jiffies.
[    0.131088] rcu: Adjusting geometry for rcu_fanout_leaf=16, nr_cpu_ids=2
[    0.147363] NR_IRQS: 524544, nr_irqs: 440, preallocated irqs: 16
[    0.152968] Console: colour VGA+ 80x25
[    0.153203] printk: console [ttyS0] enabled
[    0.153203] printk: console [ttyS0] enabled
[    0.153657] printk: bootconsole [earlyser0] disabled
[    0.153657] printk: bootconsole [earlyser0] disabled
[    0.154207] ACPI: Core revision 20211217
[    0.154537] clocksource: hpet: mask: 0xffffffff max_cycles: 0xffffffff, max_idle_ns: 19112604467 ns
[    0.155097] APIC: Switch to symmetric I/O mode setup
[    0.155492] x2apic enabled
[    0.155799] Switched APIC routing to physical x2apic.
[    0.156080] kvm-guest: setup PV IPIs
[    0.156815] ..TIMER: vector=0x30 apic1=0 pin1=2 apic2=-1 pin2=-1
[    0.157160] clocksource: tsc-early: mask: 0xffffffffffffffff max_cycles: 0x363e8c91135, max_idle_ns: 881590568389 ns
[    0.157738] Calibrating delay loop (skipped) preset value.. 3763.20 BogoMIPS (lpj=7526400)
[    0.158189] pid_max: default: 32768 minimum: 301
[    0.158478] LSM: Security Framework initializing
[    0.158738] Yama: becoming mindful.
[    0.158999] Mount-cache hash table entries: 4096 (order: 3, 32768 bytes, linear)
[    0.161736] Mountpoint-cache hash table entries: 4096 (order: 3, 32768 bytes, linear)
[    0.162657] x86/cpu: User Mode Instruction Prevention (UMIP) activated
[    0.163197] Last level iTLB entries: 4KB 0, 2MB 0, 4MB 0
[    0.163510] Last level dTLB entries: 4KB 0, 2MB 0, 4MB 0, 1GB 0
[    0.163854] Spectre V1 : Mitigation: usercopy/swapgs barriers and __user pointer sanitization
[    0.164319] Spectre V2 : Mitigation: Enhanced IBRS
[    0.164570] Spectre V2 : Spectre v2 / SpectreRSB mitigation: Filling RSB on context switch
[    0.165009] Spectre V2 : mitigation: Enabling conditional Indirect Branch Prediction Barrier
[    0.165738] Speculative Store Bypass: Mitigation: Speculative Store Bypass disabled via prctl
[    0.193214] Freeing SMP alternatives memory: 56K
[    0.193604] smpboot: CPU0: Genuine Intel(R) 0000 (family: 0x6, model: 0xba, stepping: 0x2)
[    0.193731] cblist_init_generic: Setting adjustable number of callback queues.
[    0.193731] cblist_init_generic: Setting shift to 1 and lim to 1.
[    0.193731] cblist_init_generic: Setting shift to 1 and lim to 1.
[    0.193731] cblist_init_generic: Setting shift to 1 and lim to 1.
[    0.193731] Performance Events: generic architected perfmon, full-width counters, Intel PMU driver.
[    0.193731] ... version:                2
[    0.193731] ... bit width:              48
[    0.193731] ... generic registers:      6
[    0.193731] ... value mask:             0000ffffffffffff
[    0.193731] ... max period:             00007fffffffffff
[    0.193731] ... fixed-purpose events:   3
[    0.193731] ... event mask:             000000070000003f
[    0.193856] rcu: Hierarchical SRCU implementation.
[    0.195717] smp: Bringing up secondary CPUs ...
[    0.196057] x86: Booting SMP configuration:
[    0.196277] .... node  #0, CPUs:      #1
[    0.009885] kvm-clock: cpu 1, msr 4601041, secondary cpu clock
[    0.009885] smpboot: CPU 1 Converting physical 0 to logical die 1
[    0.197751] kvm-guest: setup async PF for cpu 1
[    0.198023] kvm-guest: stealtime: cpu 1, msr 7dd33080
[    0.198308] smp: Brought up 1 node, 2 CPUs
[    0.198308] smpboot: Max logical packages: 2
[    0.198308] smpboot: Total of 2 processors activated (7526.40 BogoMIPS)
[    0.200185] devtmpfs: initialized
[    0.200185] x86/mm: Memory block size: 128MB
[    0.202349] clocksource: jiffies: mask: 0xffffffff max_cycles: 0xffffffff, max_idle_ns: 7645041785100000 ns
[    0.202438] futex hash table entries: 512 (order: 3, 32768 bytes, linear)
[    0.202866] pinctrl core: initialized pinctrl subsystem
[    0.203295] 
[    0.203389] *************************************************************
[    0.203742] **     NOTICE NOTICE NOTICE NOTICE NOTICE NOTICE NOTICE    **
[    0.204091] **                                                         **
[    0.204440] **  IOMMU DebugFS SUPPORT HAS BEEN ENABLED IN THIS KERNEL  **
[    0.204791] **                                                         **
[    0.205736] ** This means that this kernel is built to expose internal **
[    0.206086] ** IOMMU data structures, which may compromise security on **
[    0.206439] ** your system.                                            **
[    0.206789] **                                                         **
[    0.207137] ** If you see this message and you are not debugging the   **
[    0.207488] ** kernel, report this immediately to your vendor!         **
[    0.207836] **                                                         **
[    0.208185] **     NOTICE NOTICE NOTICE NOTICE NOTICE NOTICE NOTICE    **
[    0.208533] *************************************************************
[    0.208912] PM: RTC time: 02:24:50, date: 2022-12-07
[    0.209928] NET: Registered PF_NETLINK/PF_ROUTE protocol family
[    0.210488] DMA: preallocated 256 KiB GFP_KERNEL pool for atomic allocations
[    0.210861] DMA: preallocated 256 KiB GFP_KERNEL|GFP_DMA pool for atomic allocations
[    0.211265] DMA: preallocated 256 KiB GFP_KERNEL|GFP_DMA32 pool for atomic allocations
[    0.211686] audit: initializing netlink subsys (disabled)
[    0.211992] audit: type=2000 audit(1670379890.835:1): state=initialized audit_enabled=0 res=1
[    0.211992] thermal_sys: Registered thermal governor 'fair_share'
[    0.211992] thermal_sys: Registered thermal governor 'bang_bang'
[    0.211992] thermal_sys: Registered thermal governor 'step_wise'
[    0.211992] thermal_sys: Registered thermal governor 'user_space'
[    0.211992] cpuidle: using governor ladder
[    0.213950] cpuidle: using governor menu
[    0.214350] acpiphp: ACPI Hot Plug PCI Controller Driver version: 0.5
[    0.214838] PCI: Using configuration type 1 for base access
[    0.220813] kprobes: kprobe jump-optimization is enabled. All kprobes are optimized if possible.
[    0.221300] HugeTLB registered 1.00 GiB page size, pre-allocated 0 pages
[    0.221736] HugeTLB registered 2.00 MiB page size, pre-allocated 0 pages
[    0.222162] ACPI: Added _OSI(Module Device)
[    0.222162] ACPI: Added _OSI(Processor Device)
[    0.222335] ACPI: Added _OSI(3.0 _SCP Extensions)
[    0.222580] ACPI: Added _OSI(Processor Aggregator Device)
[    0.222860] ACPI: Added _OSI(Linux-Dell-Video)
[    0.223092] ACPI: Added _OSI(Linux-Lenovo-NV-HDMI-Audio)
[    0.223367] ACPI: Added _OSI(Linux-HPI-Hybrid-Graphics)
[    0.227506] ACPI: 1 ACPI AML tables successfully acquired and loaded
[    0.229567] ACPI: Interpreter enabled
[    0.229781] ACPI: PM: (supports S0 S3 S4 S5)
[    0.230007] ACPI: Using IOAPIC for interrupt routing
[    0.230299] PCI: Using host bridge windows from ACPI; if necessary, use "pci=nocrs" and report a bug
[    0.231130] ACPI: Enabled 2 GPEs in block 00 to 0F
[    0.239218] ACPI: PCI Root Bridge [PCI0] (domain 0000 [bus 00-ff])
[    0.239550] acpi PNP0A03:00: _OSC: OS supports [ASPM ClockPM Segments MSI EDR HPX-Type3]
[    0.239974] acpi PNP0A03:00: _OSC: not requesting OS control; OS requires [ExtendedConfig ASPM ClockPM MSI]
[    0.240502] acpi PNP0A03:00: fail to add MMCONFIG information, can't access extended PCI configuration space under this bridge.
[    0.242014] acpiphp: Slot [3] registered
[    0.242266] acpiphp: Slot [4] registered
[    0.242508] acpiphp: Slot [5] registered
[    0.242748] acpiphp: Slot [6] registered
[    0.242989] acpiphp: Slot [7] registered
[    0.243230] acpiphp: Slot [8] registered
[    0.243473] acpiphp: Slot [9] registered
[    0.243714] acpiphp: Slot [10] registered
[    0.243961] acpiphp: Slot [11] registered
[    0.244209] acpiphp: Slot [12] registered
[    0.244455] acpiphp: Slot [13] registered
[    0.244700] acpiphp: Slot [14] registered
[    0.244948] acpiphp: Slot [15] registered
[    0.245195] acpiphp: Slot [16] registered
[    0.245440] acpiphp: Slot [17] registered
[    0.245687] acpiphp: Slot [18] registered
[    0.245767] acpiphp: Slot [19] registered
[    0.246032] acpiphp: Slot [20] registered
[    0.246279] acpiphp: Slot [21] registered
[    0.246527] acpiphp: Slot [22] registered
[    0.246773] acpiphp: Slot [23] registered
[    0.247019] acpiphp: Slot [24] registered
[    0.247264] acpiphp: Slot [25] registered
[    0.247512] acpiphp: Slot [26] registered
[    0.247757] acpiphp: Slot [27] registered
[    0.248006] acpiphp: Slot [28] registered
[    0.248251] acpiphp: Slot [29] registered
[    0.248496] acpiphp: Slot [30] registered
[    0.248744] acpiphp: Slot [31] registered
[    0.248969] PCI host bridge to bus 0000:00
[    0.249187] pci_bus 0000:00: root bus resource [io  0x0000-0x0cf7 window]
[    0.249544] pci_bus 0000:00: root bus resource [io  0x0d00-0xffff window]
[    0.249742] pci_bus 0000:00: root bus resource [mem 0x000a0000-0x000bffff window]
[    0.250139] pci_bus 0000:00: root bus resource [mem 0x80000000-0xfebfffff window]
[    0.250531] pci_bus 0000:00: root bus resource [mem 0x100000000-0x17fffffff window]
[    0.250934] pci_bus 0000:00: root bus resource [bus 00-ff]
[    0.251257] pci 0000:00:00.0: [8086:1237] type 00 class 0x060000
[    0.253244] pci 0000:00:01.0: [8086:7000] type 00 class 0x060100
[    0.253922] pci 0000:00:01.1: [8086:7010] type 00 class 0x010180
[    0.255422] pci 0000:00:01.1: reg 0x20: [io  0xc040-0xc04f]
[    0.256220] pci 0000:00:01.1: legacy IDE quirk: reg 0x10: [io  0x01f0-0x01f7]
[    0.256596] pci 0000:00:01.1: legacy IDE quirk: reg 0x14: [io  0x03f6]
[    0.256940] pci 0000:00:01.1: legacy IDE quirk: reg 0x18: [io  0x0170-0x0177]
[    0.257314] pci 0000:00:01.1: legacy IDE quirk: reg 0x1c: [io  0x0376]
[    0.257787] pci 0000:00:01.3: [8086:7113] type 00 class 0x068000
[    0.258301] pci 0000:00:01.3: quirk: [io  0x0600-0x063f] claimed by PIIX4 ACPI
[    0.258685] pci 0000:00:01.3: quirk: [io  0x0700-0x070f] claimed by PIIX4 SMB
[    0.259492] pci 0000:00:02.0: [1234:1111] type 00 class 0x030000
[    0.260704] pci 0000:00:02.0: reg 0x10: [mem 0xfd000000-0xfdffffff pref]
[    0.262336] pci 0000:00:02.0: reg 0x18: [mem 0xfebf0000-0xfebf0fff]
[    0.265199] pci 0000:00:02.0: reg 0x30: [mem 0xfebe0000-0xfebeffff pref]
[    0.267772] pci 0000:00:03.0: [8086:100e] type 00 class 0x020000
[    0.268794] pci 0000:00:03.0: reg 0x10: [mem 0xfebc0000-0xfebdffff]
[    0.269735] pci 0000:00:03.0: reg 0x14: [io  0xc000-0xc03f]
[    0.271709] pci 0000:00:03.0: reg 0x30: [mem 0xfeb80000-0xfebbffff pref]
[    0.278666] ACPI: PCI: Interrupt link LNKA configured for IRQ 10
[    0.279193] ACPI: PCI: Interrupt link LNKB configured for IRQ 10
[    0.279863] ACPI: PCI: Interrupt link LNKC configured for IRQ 11
[    0.280379] ACPI: PCI: Interrupt link LNKD configured for IRQ 11
[    0.280797] ACPI: PCI: Interrupt link LNKS configured for IRQ 9
[    0.281743] iommu: Default domain type: Translated 
[    0.282016] iommu: DMA domain TLB invalidation policy: lazy mode 
[    0.282367] pci 0000:00:02.0: vgaarb: setting as boot VGA device
[    0.282367] pci 0000:00:02.0: vgaarb: VGA device added: decodes=io+mem,owns=io+mem,locks=none
[    0.282526] pci 0000:00:02.0: vgaarb: bridge control possible
[    0.282835] vgaarb: loaded
[    0.283354] SCSI subsystem initialized
[    0.283581] ACPI: bus type USB registered
[    0.283581] usbcore: registered new interface driver usbfs
[    0.283581] usbcore: registered new interface driver hub
[    0.283581] usbcore: registered new device driver usb
[    0.285746] pps_core: LinuxPPS API ver. 1 registered
[    0.286023] pps_core: Software ver. 5.3.6 - Copyright 2005-2007 Rodolfo Giometti <giometti@linux.it>
[    0.286509] PTP clock support registered
[    0.286764] EDAC MC: Ver: 3.0.0
[    0.286764] NetLabel: Initializing
[    0.286764] NetLabel:  domain hash size = 128
[    0.286764] NetLabel:  protocols = UNLABELED CIPSOv4 CALIPSO
[    0.286789] NetLabel:  unlabeled traffic allowed by default
[    0.287110] PCI: Using ACPI for IRQ routing
[    0.287110] hpet0: at MMIO 0xfed00000, IRQs 2, 8, 0
[    0.287110] hpet0: 3 comparators, 64-bit 100.000000 MHz counter
[    0.292912] clocksource: Switched to clocksource kvm-clock
[    0.437902] VFS: Disk quotas dquot_6.6.0
[    0.438207] VFS: Dquot-cache hash table entries: 512 (order 0, 4096 bytes)
[    0.438739] pnp: PnP ACPI init
[    0.439844] pnp: PnP ACPI: found 6 devices
[    0.446576] clocksource: acpi_pm: mask: 0xffffff max_cycles: 0xffffff, max_idle_ns: 2085701024 ns
[    0.447263] NET: Registered PF_INET protocol family
[    0.447591] IP idents hash table entries: 32768 (order: 6, 262144 bytes, linear)
[    0.448263] tcp_listen_portaddr_hash hash table entries: 1024 (order: 2, 16384 bytes, linear)
[    0.448725] TCP established hash table entries: 16384 (order: 5, 131072 bytes, linear)
[    0.449207] TCP bind hash table entries: 16384 (order: 6, 262144 bytes, linear)
[    0.449927] TCP: Hash tables configured (established 16384 bind 16384)
[    0.450329] UDP hash table entries: 1024 (order: 3, 32768 bytes, linear)
[    0.450698] UDP-Lite hash table entries: 1024 (order: 3, 32768 bytes, linear)
[    0.451124] NET: Registered PF_UNIX/PF_LOCAL protocol family
[    0.452016] RPC: Registered named UNIX socket transport module.
[    0.452338] RPC: Registered udp transport module.
[    0.452591] RPC: Registered tcp transport module.
[    0.452844] RPC: Registered tcp NFSv4.1 backchannel transport module.
[    0.453214] pci_bus 0000:00: resource 4 [io  0x0000-0x0cf7 window]
[    0.453550] pci_bus 0000:00: resource 5 [io  0x0d00-0xffff window]
[    0.453892] pci_bus 0000:00: resource 6 [mem 0x000a0000-0x000bffff window]
[    0.454282] pci_bus 0000:00: resource 7 [mem 0x80000000-0xfebfffff window]
[    0.454653] pci_bus 0000:00: resource 8 [mem 0x100000000-0x17fffffff window]
[    0.455160] pci 0000:00:01.0: PIIX3: Enabling Passive Release
[    0.455479] pci 0000:00:00.0: Limiting direct PCI/PCI transfers
[    0.455826] pci 0000:00:01.0: Activating ISA DMA hang workarounds
[    0.456209] pci 0000:00:02.0: Video device with shadowed ROM at [mem 0x000c0000-0x000dffff]
[    0.456669] PCI: CLS 0 bytes, default 64
[    0.456896] ACPI: bus type thunderbolt registered
[    0.457327] clocksource: tsc: mask: 0xffffffffffffffff max_cycles: 0x363e8c91135, max_idle_ns: 881590568389 ns
[    2.222722] Initialise system trusted keyrings
[    2.222986] Key type blacklist registered
[    2.223376] workingset: timestamp_bits=36 max_order=19 bucket_order=0
[    2.226804] zbud: loaded
[    2.227446] squashfs: version 4.0 (2009/01/31) Phillip Lougher
[    2.228296] NFS: Registering the id_resolver key type
[    2.228574] Key type id_resolver registered
[    2.228800] Key type id_legacy registered
[    2.229047] nfs4filelayout_init: NFSv4 File Layout Driver Registering...
[    2.229406] nfs4flexfilelayout_init: NFSv4 Flexfile Layout Driver Registering...
[    2.229845] fuse: init (API version 7.36)
[    2.230162] SGI XFS with ACLs, security attributes, realtime, quota, no debug enabled
[    2.231120] 9p: Installing v9fs 9p2000 file system support
[    2.236657] Key type asymmetric registered
[    2.236897] Asymmetric key parser 'x509' registered
[    2.237588] alg: self-tests for CTR-KDF (hmac(sha256)) passed
[    2.237949] Block layer SCSI generic (bsg) driver version 0.4 loaded (major 243)
[    2.238388] io scheduler mq-deadline registered
[    2.238640] io scheduler bfq registered
[    2.239134] shpchp: Standard Hot Plug PCI Controller Driver version: 0.4
[    2.239601] IPMI message handler: version 39.2
[    2.239850] ipmi device interface
[    2.240722] input: Power Button as /devices/LNXSYSTM:00/LNXPWRBN:00/input/input0
[    2.241164] ACPI: button: Power Button [PWRF]
[    2.241830] ERST DBG: ERST support is disabled.
[    2.242272] Serial: 8250/16550 driver, 32 ports, IRQ sharing enabled
[    2.242848] 00:04: ttyS0 at I/O 0x3f8 (irq = 4, base_baud = 115200) is a 16550A
[    2.246209] Linux agpgart interface v0.103
[    2.246663] ACPI: bus type drm_connector registered
[    2.251957] brd: module loaded
[    2.254486] loop: module loaded
[    2.256147] scsi host0: ata_piix
[    2.256437] scsi host1: ata_piix
[    2.256612] ata1: PATA max MWDMA2 cmd 0x1f0 ctl 0x3f6 bmdma 0xc040 irq 14
[    2.256858] ata2: PATA max MWDMA2 cmd 0x170 ctl 0x376 bmdma 0xc048 irq 15
[    2.257725] tun: Universal TUN/TAP device driver, 1.6
[    2.257972] e100: Intel(R) PRO/100 Network Driver
[    2.258157] e100: Copyright(c) 1999-2006 Intel Corporation
[    2.258390] e1000: Intel(R) PRO/1000 Network Driver
[    2.258575] e1000: Copyright (c) 1999-2006 Intel Corporation.
[    2.324969] ACPI: \_SB_.LNKC: Enabled at IRQ 11
[    2.414250] ata1.00: ATA-7: QEMU HARDDISK, 2.5+, max UDMA/100
[    2.414490] ata1.00: 16777216 sectors, multi 16: LBA48 
[    2.414783] ata1.00: Read log 0x00 page 0x00 failed, Emask 0x1
[    2.415441] scsi 0:0:0:0: Direct-Access     ATA      QEMU HARDDISK    2.5+ PQ: 0 ANSI: 5
[    2.416245] ata2.00: ATAPI: QEMU DVD-ROM, 2.5+, max UDMA/100
[    2.416846] scsi 0:0:0:0: Attached scsi generic sg0 type 0
[    2.417199] sd 0:0:0:0: [sda] 16777216 512-byte logical blocks: (8.59 GB/8.00 GiB)
[    2.417491] sd 0:0:0:0: [sda] Write Protect is off
[    2.417695] sd 0:0:0:0: [sda] Write cache: enabled, read cache: enabled, doesn't support DPO or FUA
[    2.418676] scsi 1:0:0:0: CD-ROM            QEMU     QEMU DVD-ROM     2.5+ PQ: 0 ANSI: 5
[    2.419451] scsi 1:0:0:0: Attached scsi generic sg1 type 5
[    2.453949] sd 0:0:0:0: [sda] Attached SCSI disk
[    2.639846] e1000 0000:00:03.0 eth0: (PCI:33MHz:32-bit) 52:54:00:12:34:56
[    2.640101] e1000 0000:00:03.0 eth0: Intel(R) PRO/1000 Network Connection
[    2.640385] e1000e: Intel(R) PRO/1000 Network Driver
[    2.640570] e1000e: Copyright(c) 1999 - 2015 Intel Corporation.
[    2.640822] igb: Intel(R) Gigabit Ethernet Network Driver
[    2.641023] igb: Copyright (c) 2007-2014 Intel Corporation.
[    2.641276] PPP generic driver version 2.4.2
[    2.641669] VFIO - User Level meta-driver version: 0.3
[    2.641876] ehci_hcd: USB 2.0 'Enhanced' Host Controller (EHCI) Driver
[    2.642122] ehci-pci: EHCI PCI platform driver
[    2.642306] ehci-platform: EHCI generic platform driver
[    2.642510] ohci_hcd: USB 1.1 'Open' Host Controller (OHCI) Driver
[    2.642738] ohci-pci: OHCI PCI platform driver
[    2.642918] ohci-platform: OHCI generic platform driver
[    2.643121] uhci_hcd: USB Universal Host Controller Interface driver
[    2.643543] usbcore: registered new interface driver uas
[    2.643756] usbcore: registered new interface driver usb-storage
[    2.644030] i8042: PNP: PS/2 Controller [PNP0303:KBD,PNP0f13:MOU] at 0x60,0x64 irq 1,12
[    2.644834] serio: i8042 KBD port at 0x60,0x64 irq 1
[    2.645028] serio: i8042 AUX port at 0x60,0x64 irq 12
[    2.645368] mousedev: PS/2 mouse device common for all mice
[    2.645872] input: AT Translated Set 2 keyboard as /devices/platform/i8042/serio0/input/input1
[    2.646267] rtc_cmos 00:05: RTC can wake from S4
[    2.646964] rtc_cmos 00:05: registered as rtc0
[    2.647165] rtc_cmos 00:05: setting system clock to 2022-12-07T02:24:52 UTC (1670379892)
[    2.647529] rtc_cmos 00:05: alarms up to one day, y3k, 242 bytes nvram, hpet irqs
[    2.647820] i2c_dev: i2c /dev entries driver
[    2.647998] device-mapper: core: CONFIG_IMA_DISABLE_HTABLE is disabled. Duplicate IMA measurements will not be recorded in the IMA log.
[    2.648472] device-mapper: uevent: version 1.0.3
[    2.648807] device-mapper: ioctl: 4.45.0-ioctl (2021-03-22) initialised: dm-devel@redhat.com
[    2.649122] intel_pstate: CPU model not supported
[    2.649438] input: VirtualPS/2 VMware VMMouse as /devices/platform/i8042/serio1/input/input4
[    2.649836] sdhci: Secure Digital Host Controller Interface driver
[    2.650072] sdhci: Copyright(c) Pierre Ossman
[    2.650299] sdhci-pltfm: SDHCI platform and OF driver helper
[    2.650663] ledtrig-cpu: registered to indicate activity on CPUs
[    2.651047] drop_monitor: Initializing network drop monitor service
[    2.651089] input: VirtualPS/2 VMware VMMouse as /devices/platform/i8042/serio1/input/input3
[    2.651519] NET: Registered PF_INET6 protocol family
[    2.652404] Segment Routing with IPv6
[    2.652559] In-situ OAM (IOAM) with IPv6
[    2.652735] NET: Registered PF_PACKET protocol family
[    2.653064] 9pnet: Installing 9P2000 support
[    2.653240] Key type dns_resolver registered
[    2.653781] IPI shorthand broadcast: enabled
[    2.653963] sched_clock: Marking stable (2647849666, 5885155)->(2679235589, -25500768)
[    2.654425] registered taskstats version 1
[    2.654612] Loading compiled-in X.509 certificates
[    2.654866] zswap: loaded using pool lzo/zbud
[    2.655222] Key type ._fscrypt registered
[    2.655375] Key type .fscrypt registered
[    2.655525] Key type fscrypt-provisioning registered
[    2.656015] Key type encrypted registered
[    2.656175] ima: No TPM chip found, activating TPM-bypass!
[    2.656383] ima: Allocated hash algorithm: sha1
[    2.656562] ima: No architecture policies found
[    2.656743] evm: Initialising EVM extended attributes:
[    2.656933] evm: security.selinux
[    2.657061] evm: security.SMACK64
[    2.657190] evm: security.SMACK64EXEC
[    2.657331] evm: security.SMACK64TRANSMUTE
[    2.657486] evm: security.SMACK64MMAP
[    2.657626] evm: security.apparmor
[    2.657765] evm: security.ima
[    2.657882] evm: security.capability
[    2.658018] evm: HMAC attrs: 0x1
[    2.659862] PM:   Magic number: 2:147:409
[    2.660227] RAS: Correctable Errors collector initialized.
[    2.660605] md: Waiting for all devices to be available before autodetect
[    2.660871] md: If you don't use raid, use raid=noautodetect
[    2.661083] md: Autodetecting RAID arrays.
[    2.661238] md: autorun ...
[    2.661348] md: ... autorun DONE.
[    2.674627] EXT4-fs (sda): INFO: recovery required on readonly filesystem
[    2.674874] EXT4-fs (sda): write access will be enabled during recovery
[    2.756676] random: fast init done
[    2.758389] EXT4-fs (sda): recovery complete
[    2.775283] EXT4-fs (sda): mounted filesystem with ordered data mode. Quota mode: none.
[    2.775617] VFS: Mounted root (ext4 filesystem) readonly on device 8:0.
[    2.776648] devtmpfs: mounted
[    2.786224] Freeing unused decrypted memory: 2036K
[    2.788016] Freeing unused kernel image (initmem) memory: 3140K
[    2.788246] Write protecting the kernel read-only data: 38912k
[    2.790584] Freeing unused kernel image (text/rodata gap) memory: 2032K
[    2.791324] Freeing unused kernel image (rodata/data gap) memory: 568K
[    2.863041] x86/mm: Checked W+X mappings: passed, no W+X pages found.
[    2.863341] Run /sbin/init as init process
[    2.927664] systemd[1]: RTC configured in localtime, applying delta of 0 minutes to system time.
[    2.941959] systemd[1]: systemd 239 (239-49.el8) running in system mode. (+PAM +AUDIT +SELINUX +IMA -APPARMOR +SMACK +SYSVINIT +UTMP +LIBCRYPTSETUP +GCRYPT +GNUTLS +ACL +XZ +LZ4 +SECCOMP +BLKID +ELFUTILS +KMOD +IDN2 -IDN +PCRE2 default-hierarchy=legacy)
[    2.942906] systemd[1]: Detected virtualization kvm.
[    2.943117] systemd[1]: Detected architecture x86-64.

Welcome to [0;31mCentOS Stream 8[0m!

[    2.963390] systemd[1]: Set hostname to <test>.
[    3.033975] random: lvmconfig: uninitialized urandom read (4 bytes read)
[    3.112069] random: systemd: uninitialized urandom read (16 bytes read)
[    3.112480] systemd[1]: Listening on LVM2 poll daemon socket.
[[0;32m  OK  [0m] Listening on LVM2 poll daemon socket.
[    3.113126] random: systemd: uninitialized urandom read (16 bytes read)
[    3.114465] systemd[1]: Created slice system-serial\x2dgetty.slice.
[[0;32m  OK  [0m] Created slice system-serial\x2dgetty.slice.
[    3.115157] systemd[1]: Listening on multipathd control socket.
[[0;32m  OK  [0m] Listening on multipathd control socket.
[    3.115733] systemd[1]: Reached target Swap.
[[0;32m  OK  [0m] Reached target Swap.
[    3.116179] systemd[1]: Started Forward Password Requests to Wall Directory Watch.
[[0;32m  OK  [0m] Started Forward Password Requests to Wall Directory Watch.
[    3.116999] systemd[1]: Listening on Journal Socket.
[[0;32m  OK  [0m] Listening on Journal Socket.
         Mounting Kernel Debug File System...
         Starting Remount Root and Kernel File Systems...
         Starting Load Kernel Modules...
         Mounting POSIX Message Queue File System...
[[0;32m  OK  [0m] Listening on udev Control Socket.
[[0;32m  OK  [0m] Listening on udev Kernel Socket.
         Starting udev Coldplug all Devices...
         Starting Setup Virtual Console...
[[0;32m  OK  [0m] Created slice system-sshd\x2dkeygen.slice.
[[0;32m  OK  [0m] Listening on Process Core Dump Socket.
[[0;32m  OK  [0m] Created slice User and Session Slice.
[[0;32m  OK  [0m] Reached target Slices.
[[0;32m  OK  [0m] Set up automount Arbitrary Executabâ€¦rmats File System Automount Point.
[[0;32m  OK  [0m] Listening on Journal Socket (/dev/log).
         Starting Journal Service...
[[0;32m  OK  [0m] Created slice system-getty.slice.
[[0;32m  OK  [0m] Listening on RPCbind Server Activation Socket.
         Mounting Huge Pages File System...
[[0;32m  OK  [0m] Listening on initctl Compatibility Named Pipe.
[[0;32m  OK  [0m] Listening on Device-mapper event daemon FIFOs.
         Starting Monitoring of LVM2 mirrorsâ€¦ng dmeventd or progress polling...
[[0;32m  OK  [0m] Reached target RPC Port Mapper.
[[0;32m  OK  [0m] Started Journal Service.
[[0;32m  OK  [0m] Mounted Kernel Debug File System.
[[0;1;31mFAILED[0m] Failed to start Load Kernel Modules.
See 'systemctl status systemd-modules-load.service' for details.
[[0;32m  OK  [0m] Mounted POSIX Message Queue File System.
[[0;32m  OK  [0m] Mounted Huge Pages File System.
[    3.250328] EXT4-fs (sda): re-mounted. Quota mode: none.
         Mounting Kernel Configuration File System...
         Starting Apply Kernel Variables...
         Mounting FUSE Control File System...
[[0;32m  OK  [0m] Started Remount Root and Kernel File Systems.
[[0;32m  OK  [0m] Mounted Kernel Configuration File System.
[[0;32m  OK  [0m] Mounted FUSE Control File System.
         Starting Load/Save Random Seed...
         Starting Flush Journal to Persistent Storage...
         Starting Create Static Device Nodes in /dev...
[[0;32m  OK  [0m] Started Apply Kernel Variables.
[[0;32m  OK  [0m] Started Load/Save Random Seed.
[[0;32m  OK  [0m] Started Flush Journal to Persistent Storage.
[[0;32m  OK  [0m] Started udev Coldplug all Devices.
[[0;32m  OK  [0m] Started Create Static Device Nodes in /dev.
[[0;32m  OK  [0m] Started Setup Virtual Console.
         Starting udev Kernel Device Manager...
         Starting udev Wait for Complete Device Initialization...
[[0;32m  OK  [0m] Started udev Kernel Device Manager.
         Starting Show Plymouth Boot Screen...
[[0;32m  OK  [0m] Started Show Plymouth Boot Screen.
[[0;32m  OK  [0m] Reached target Local Encrypted Volumes.
[[0;32m  OK  [0m] Reached target Paths.
[[0;32m  OK  [0m] Started Forward Password Requests to Plymouth Directory Watch.
[[0;32m  OK  [0m] Found device /dev/ttyS0.
[[0;32m  OK  [0m] Started Monitoring of LVM2 mirrors,â€¦sing dmeventd or progress polling.
[[0;32m  OK  [0m] Listening on Load/Save RF Kill Switch Status /dev/rfkill Watch.
[[0;32m  OK  [0m] Started udev Wait for Complete Device Initialization.
[[0;32m  OK  [0m] Reached target Local File Systems (Pre).
[[0;32m  OK  [0m] Reached target Local File Systems.
         Starting Create Volatile Files and Directories...
         Starting Restore /run/initramfs on shutdown...
         Starting Tell Plymouth To Write Out Runtime Data...
[[0;32m  OK  [0m] Started Restore /run/initramfs on shutdown.
[[0;32m  OK  [0m] Started Tell Plymouth To Write Out Runtime Data.
[[0;32m  OK  [0m] Started Create Volatile Files and Directories.
         Starting RPC Bind...
         Starting Security Auditing Service...
         Mounting RPC Pipe File System...
[[0;32m  OK  [0m] Mounted RPC Pipe File System.
[[0;32m  OK  [0m] Reached target rpc_pipefs.target.
[[0;32m  OK  [0m] Started RPC Bind.
[[0;32m  OK  [0m] Started Security Auditing Service.
         Starting Update UTMP about System Boot/Shutdown...
[[0;32m  OK  [0m] Started Update UTMP about System Boot/Shutdown.
[[0;32m  OK  [0m] Reached target System Initialization.
[[0;32m  OK  [0m] Started daily update of the root trust anchor for DNSSEC.
[[0;32m  OK  [0m] Started dnf makecache --timer.
[[0;32m  OK  [0m] Listening on SSSD Kerberos Cache Manager responder socket.
[[0;32m  OK  [0m] Started Daily Cleanup of Temporary Directories.
[[0;32m  OK  [0m] Reached target Timers.
[[0;32m  OK  [0m] Listening on D-Bus System Message Bus Socket.
[[0;32m  OK  [0m] Reached target Sockets.
[[0;32m  OK  [0m] Reached target Basic System.
[[0;32m  OK  [0m] Started Machine Check Exception Logging Daemon.
         Starting Auto-connect to subsystemsâ€¦-NVME devices found during boot...
         Starting Self Monitoring and Reporting Technology (SMART) Daemon...
         Starting Login Service...
[[0;32m  OK  [0m] Started irqbalance daemon.
[[0;32m  OK  [0m] Reached target sshd-keygen.target.
         Starting NTP client/server...
         Starting Authorization Manager...
[[0;32m  OK  [0m] Started D-Bus System Message Bus.
         Starting Network Manager...
[[0;32m  OK  [0m] Started Auto-connect to subsystems â€¦FC-NVME devices found during boot.
[[0;32m  OK  [0m] Started Login Service.
[[0;32m  OK  [0m] Started Self Monitoring and Reporting Technology (SMART) Daemon.
[[0;32m  OK  [0m] Started NTP client/server.
[[0;32m  OK  [0m] Started Network Manager.
         Starting Network Manager Wait Online...
[[0;32m  OK  [0m] Reached target Network.
         Starting Dynamic System Tuning Daemon...
         Starting OpenSSH server daemon...
         Starting GSSAPI Proxy Daemon...
         Starting Hostname Service...
[[0;32m  OK  [0m] Started Authorization Manager.
[[0;32m  OK  [0m] Started Hostname Service.
         Starting Network Manager Script Dispatcher Service...
[[0;32m  OK  [0m] Started Network Manager Script Dispatcher Service.
[    4.105786] e1000: eth0 NIC Link is Up 1000 Mbps Full Duplex, Flow Control: RX
[    4.106464] IPv6: ADDRCONF(NETDEV_CHANGE): eth0: link becomes ready
[[0;32m  OK  [0m] Started Dynamic System Tuning Daemon.
[[0;32m  OK  [0m] Started Network Manager Wait Online.
[[0;32m  OK  [0m] Reached target Network is Online.
         Starting Notify NFS peers of a restart...
         Starting System Logging Service...
[[0;32m  OK  [0m] Started Notify NFS peers of a restart.
[[0;32m  OK  [0m] Started System Logging Service.
[    5.305750] random: crng init done
[    5.305962] random: 7 urandom warning(s) missed due to ratelimiting
[[0;32m  OK  [0m] Started GSSAPI Proxy Daemon.
[[0;32m  OK  [0m] Reached target NFS client services.
[[0;32m  OK  [0m] Reached target Remote File Systems (Pre).
[[0;32m  OK  [0m] Reached target Remote File Systems.
         Starting Permit User Sessions...
[[0;32m  OK  [0m] Started OpenSSH server daemon.
[[0;32m  OK  [0m] Started Permit User Sessions.
         Starting Hold until boot process finishes up...
         Starting Terminate Plymouth Boot Screen...
[[0;32m  OK  [0m] Started Command Scheduler.

CentOS Stream 8
Kernel 5.16.0-88db8458086b+ on an x86_64

test login: [   27.733111] loop0: detected capacity change from 0 to 1024
[   27.733410] =======================================================
[   27.733410] WARNING: The mand mount option has been deprecated and
[   27.733410]          and is ignored by this kernel. Remove the mand
[   27.733410]          option from the mount to silence this warning.
[   27.733410] =======================================================
[   27.734584] EXT4-fs: Ignoring removed bh option
[   27.734763] EXT4-fs: Mount option "i_version" will be removed by 5.20
[   27.734763] Contact linux-ext4@vger.kernel.org if you think we should keep it.
[   27.734763] 
[   27.735307] EXT4-fs: Use iversion instead
[   27.735307] 
[   27.735587] EXT4-fs: Journaled quota options ignored when QUOTA feature is enabled
[   27.739011] EXT4-fs (loop0): mounted filesystem without journal. Quota mode: writeback.
[   27.741087] ------------[ cut here ]------------
[   27.741271] WARNING: CPU: 1 PID: 556 at fs/ext4/xattr.c:2056 ext4_xattr_block_set+0x15a8/0x1610
[   27.741605] Modules linked in:
[   27.741726] CPU: 1 PID: 556 Comm: repro Not tainted 5.16.0-88db8458086b+ #1
[   27.742000] Hardware name: QEMU Standard PC (i440FX + PIIX, 1996), BIOS rel-1.14.0-0-g155821a1990b-prebuilt.qemu.org 04/01/2014
[   27.742442] RIP: 0010:ext4_xattr_block_set+0x15a8/0x1610
[   27.742648] Code: 89 ff e8 5b de e8 ff c7 45 8c fb ff ff ff e9 53 ff ff ff e8 ea ba b8 ff 4c 89 ff e8 d2 ff e8 ff e9 9e f6 ff ff e8 d8 ba b8 ff <0f> 0b e9 0c f4 ff ff e8 cc ba b8 ff f0 41 80 0f 01 e9 09 f7 ff ff
[   27.743324] RSP: 0018:ffffc90000a93a10 EFLAGS: 00010246
[   27.743523] RAX: 0000000000000000 RBX: 0000000000000001 RCX: ffffffff8169f553
[   27.743788] RDX: 0000000000000000 RSI: ffff888006e94c80 RDI: 0000000000000002
[   27.744053] RBP: ffffc90000a93ae8 R08: ffff888007f7bc24 R09: ffff888007f7bffe
[   27.744321] R10: 0000000000000000 R11: 0000000000000023 R12: 0000000000000000
[   27.744586] R13: ffff8880076fc8e0 R14: 0000000000000000 R15: 0000000000000000
[   27.744851] FS:  00007f808d1a6740(0000) GS:ffff88807dd00000(0000) knlGS:0000000000000000
[   27.745151] CS:  0010 DS: 0000 ES: 0000 CR0: 0000000080050033
[   27.745367] CR2: 0000556acc306a88 CR3: 000000000aa7a003 CR4: 0000000000770ee0
[   27.745633] PKRU: 55555554
[   27.745749] Call Trace:
[   27.745848]  <TASK>
[   27.745937]  ? __sanitizer_cov_trace_pc+0x21/0x50
[   27.746126]  ext4_expand_extra_isize_ea+0x5e5/0xcc0
[   27.746338]  __ext4_expand_extra_isize+0x184/0x1e0
[   27.746528]  __ext4_mark_inode_dirty+0x23f/0x380
[   27.746710]  ? ext4_setattr+0x1040/0x1040
[   27.746868]  ext4_dirty_inode+0x76/0xa0
[   27.747020]  __mark_inode_dirty+0x270/0x620
[   27.747187]  ? setattr_copy+0x1cc/0x210
[   27.747359]  ext4_setattr+0x747/0x1040
[   27.747514]  ? ext4_journalled_write_end+0x830/0x830
[   27.747708]  notify_change+0x70d/0xa40
[   27.747859]  chmod_common+0xeb/0x1f0
[   27.748003]  ? chmod_common+0xeb/0x1f0
[   27.748153]  ? __sanitizer_cov_trace_pc+0x21/0x50
[   27.748339]  do_fchmodat+0x76/0xf0
[   27.748478]  __x64_sys_chmod+0x24/0x30
[   27.748627]  do_syscall_64+0x37/0x80
[   27.748772]  entry_SYSCALL_64_after_hwframe+0x44/0xae
[   27.748969] RIP: 0033:0x7f808d2cb59d
[   27.749112] Code: 00 c3 66 2e 0f 1f 84 00 00 00 00 00 90 f3 0f 1e fa 48 89 f8 48 89 f7 48 89 d6 48 89 ca 4d 89 c2 4d 89 c8 4c 8b 4c 24 08 0f 05 <48> 3d 01 f0 ff ff 73 01 c3 48 8b 0d d3 08 0d 00 f7 d8 64 89 01 48
[   27.749788] RSP: 002b:00007ffeccc3a7c8 EFLAGS: 00000246 ORIG_RAX: 000000000000005a
[   27.750071] RAX: ffffffffffffffda RBX: 0000000000000000 RCX: 00007f808d2cb59d
[   27.750356] RDX: 0031656c69662f2e RSI: 0000000000000140 RDI: 0000000020000100
[   27.750621] RBP: 00007ffeccc3a7d0 R08: 00007ffeccc3a630 R09: 00000000004028e0
[   27.750888] R10: 00007ffeccc3a630 R11: 0000000000000246 R12: 00000000004011a0
[   27.751153] R13: 00007ffeccc3a8b0 R14: 0000000000000000 R15: 0000000000000000
[   27.751419]  </TASK>
[   27.751510] ---[ end trace f08abc2efb134698 ]---
