c[?7l[2J[0mSeaBIOS (version rel-1.14.0-0-g155821a1990b-prebuilt.qemu.org)


iPXE (http://ipxe.org) 00:03.0 CA00 PCI2.10 PnP PMM+7FF8F030+7FEEF030 CA00
Press Ctrl-B to configure iPXE (PCI 00:03.0)...                                                                               


Booting from ROM..c[?7l[2J[    0.000000] Linux version 5.16.0-rc4-97d8a670b453+ (root@p-rplp02) (gcc (GCC) 8.5.0 20210514 (Red Hat 8.5.0-17), GNU ld version 2.36.1-2.el8) #1 SMP PREEMPT Wed Dec 7 15:41:36 CST 2022
[    0.000000] Command line: console=ttyS0 root=/dev/sda earlyprintk=serial net.ifnames=0
[    0.000000] KERNEL supported cpus:
[    0.000000]   Intel GenuineIntel
[    0.000000]   AMD AuthenticAMD
[    0.000000]   Hygon HygonGenuine
[    0.000000]   Centaur CentaurHauls
[    0.000000]   zhaoxin   Shanghai  
[    0.000000] x86/fpu: Supporting XSAVE feature 0x001: 'x87 floating point registers'
[    0.000000] x86/fpu: Supporting XSAVE feature 0x002: 'SSE registers'
[    0.000000] x86/fpu: Supporting XSAVE feature 0x004: 'AVX registers'
[    0.000000] x86/fpu: Supporting XSAVE feature 0x200: 'Protection Keys User registers'
[    0.000000] x86/fpu: xstate_offset[2]:  576, xstate_sizes[2]:  256
[    0.000000] x86/fpu: xstate_offset[9]:  832, xstate_sizes[9]:    8
[    0.000000] x86/fpu: Enabled xstate features 0x207, context size is 840 bytes, using 'compacted' format.
[    0.000000] signal: max sigframe size: 3632
[    0.000000] printk: bootconsole [earlyser0] enabled
[    0.000000] BIOS-provided physical RAM map:
[    0.000000] BIOS-e820: [mem 0x0000000000000000-0x000000000009fbff] usable
[    0.000000] BIOS-e820: [mem 0x000000000009fc00-0x000000000009ffff] reserved
[    0.000000] BIOS-e820: [mem 0x00000000000f0000-0x00000000000fffff] reserved
[    0.000000] BIOS-e820: [mem 0x0000000000100000-0x000000007ffdffff] usable
[    0.000000] BIOS-e820: [mem 0x000000007ffe0000-0x000000007fffffff] reserved
[    0.000000] BIOS-e820: [mem 0x00000000feffc000-0x00000000feffffff] reserved
[    0.000000] BIOS-e820: [mem 0x00000000fffc0000-0x00000000ffffffff] reserved
[    0.000000] NX (Execute Disable) protection: active
[    0.000000] SMBIOS 2.8 present.
[    0.000000] DMI: QEMU Standard PC (i440FX + PIIX, 1996), BIOS rel-1.14.0-0-g155821a1990b-prebuilt.qemu.org 04/01/2014
[    0.000000] Hypervisor detected: KVM
[    0.000000] kvm-clock: Using msrs 4b564d01 and 4b564d00
[    0.000000] kvm-clock: cpu 0, msr 4601001, primary cpu clock
[    0.000001] kvm-clock: using sched offset of 293440040 cycles
[    0.000340] clocksource: kvm-clock: mask: 0xffffffffffffffff max_cycles: 0x1cd42e4dffb, max_idle_ns: 881590591483 ns
[    0.001247] tsc: Detected 1881.600 MHz processor
[    0.005759] last_pfn = 0x7ffe0 max_arch_pfn = 0x400000000
[    0.006111] x86/PAT: Configuration [0-7]: WB  WC  UC- UC  WB  WP  UC- WT  
[    0.012353] found SMP MP-table at [mem 0x000f5a90-0x000f5a9f]
[    0.012768] Using GB pages for direct mapping
[    0.013778] ACPI: Early table checksum verification disabled
[    0.014115] ACPI: RSDP 0x00000000000F5870 000014 (v00 BOCHS )
[    0.014468] ACPI: RSDT 0x000000007FFE1959 000034 (v01 BOCHS  BXPC     00000001 BXPC 00000001)
[    0.014963] ACPI: FACP 0x000000007FFE1805 000074 (v01 BOCHS  BXPC     00000001 BXPC 00000001)
[    0.015460] ACPI: DSDT 0x000000007FFE0040 0017C5 (v01 BOCHS  BXPC     00000001 BXPC 00000001)
[    0.015946] ACPI: FACS 0x000000007FFE0000 000040
[    0.016254] ACPI: APIC 0x000000007FFE1879 000080 (v01 BOCHS  BXPC     00000001 BXPC 00000001)
[    0.016740] ACPI: HPET 0x000000007FFE18F9 000038 (v01 BOCHS  BXPC     00000001 BXPC 00000001)
[    0.017225] ACPI: WAET 0x000000007FFE1931 000028 (v01 BOCHS  BXPC     00000001 BXPC 00000001)
[    0.017709] ACPI: Reserving FACP table memory at [mem 0x7ffe1805-0x7ffe1878]
[    0.018105] ACPI: Reserving DSDT table memory at [mem 0x7ffe0040-0x7ffe1804]
[    0.018498] ACPI: Reserving FACS table memory at [mem 0x7ffe0000-0x7ffe003f]
[    0.018891] ACPI: Reserving APIC table memory at [mem 0x7ffe1879-0x7ffe18f8]
[    0.019284] ACPI: Reserving HPET table memory at [mem 0x7ffe18f9-0x7ffe1930]
[    0.019677] ACPI: Reserving WAET table memory at [mem 0x7ffe1931-0x7ffe1958]
[    0.020580] No NUMA configuration found
[    0.020800] Faking a node at [mem 0x0000000000000000-0x000000007ffdffff]
[    0.021218] NODE_DATA(0) allocated [mem 0x7ffb5000-0x7ffdffff]
[    0.024195] Zone ranges:
[    0.024358]   DMA      [mem 0x0000000000001000-0x0000000000ffffff]
[    0.024718]   DMA32    [mem 0x0000000001000000-0x000000007ffdffff]
[    0.025068]   Normal   empty
[    0.025232]   Device   empty
[    0.025399] Movable zone start for each node
[    0.025638] Early memory node ranges
[    0.025838]   node   0: [mem 0x0000000000001000-0x000000000009efff]
[    0.026190]   node   0: [mem 0x0000000000100000-0x000000007ffdffff]
[    0.026544] Initmem setup node 0 [mem 0x0000000000001000-0x000000007ffdffff]
[    0.027467] On node 0, zone DMA: 1 pages in unavailable ranges
[    0.027590] On node 0, zone DMA: 97 pages in unavailable ranges
[    0.045375] On node 0, zone DMA32: 32 pages in unavailable ranges
[    0.045907] ACPI: PM-Timer IO Port: 0x608
[    0.046492] ACPI: LAPIC_NMI (acpi_id[0xff] dfl dfl lint[0x1])
[    0.046846] IOAPIC[0]: apic_id 0, version 17, address 0xfec00000, GSI 0-23
[    0.047238] ACPI: INT_SRC_OVR (bus 0 bus_irq 0 global_irq 2 dfl dfl)
[    0.047595] ACPI: INT_SRC_OVR (bus 0 bus_irq 5 global_irq 5 high level)
[    0.047962] ACPI: INT_SRC_OVR (bus 0 bus_irq 9 global_irq 9 high level)
[    0.048369] ACPI: INT_SRC_OVR (bus 0 bus_irq 10 global_irq 10 high level)
[    0.048743] ACPI: INT_SRC_OVR (bus 0 bus_irq 11 global_irq 11 high level)
[    0.049124] ACPI: Using ACPI (MADT) for SMP configuration information
[    0.049483] ACPI: HPET id: 0x8086a201 base: 0xfed00000
[    0.049785] TSC deadline timer available
[    0.050006] smpboot: Allowing 2 CPUs, 0 hotplug CPUs
[    0.050316] kvm-guest: KVM setup pv remote TLB flush
[    0.050595] kvm-guest: setup PV sched yield
[    0.050864] PM: hibernation: Registered nosave memory: [mem 0x00000000-0x00000fff]
[    0.051289] PM: hibernation: Registered nosave memory: [mem 0x0009f000-0x0009ffff]
[    0.051710] PM: hibernation: Registered nosave memory: [mem 0x000a0000-0x000effff]
[    0.052146] PM: hibernation: Registered nosave memory: [mem 0x000f0000-0x000fffff]
[    0.052579] [mem 0x80000000-0xfeffbfff] available for PCI devices
[    0.052914] Booting paravirtualized kernel on KVM
[    0.053182] clocksource: refined-jiffies: mask: 0xffffffff max_cycles: 0xffffffff, max_idle_ns: 7645519600211568 ns
[    0.053788] setup_percpu: NR_CPUS:8192 nr_cpumask_bits:2 nr_cpu_ids:2 nr_node_ids:1
[    0.055437] percpu: Embedded 61 pages/cpu s212992 r8192 d28672 u1048576
[    0.055976] kvm-guest: setup async PF for cpu 0
[    0.056251] kvm-guest: stealtime: cpu 0, msr 7dc33080
[    0.056537] kvm-guest: PV spinlocks enabled
[    0.056779] PV qspinlock hash table entries: 256 (order: 0, 4096 bytes, linear)
[    0.057200] Fallback order for Node 0: 0 
[    0.057430] Built 1 zonelists, mobility grouping on.  Total pages: 515808
[    0.057811] Policy zone: DMA32
[    0.057983] Kernel command line: net.ifnames=0 console=ttyS0 root=/dev/sda earlyprintk=serial net.ifnames=0
[    0.059977] Dentry cache hash table entries: 262144 (order: 9, 2097152 bytes, linear)
[    0.060896] Inode-cache hash table entries: 131072 (order: 8, 1048576 bytes, linear)
[    0.061405] mem auto-init: stack:off, heap alloc:off, heap free:off
[    0.064374] Memory: 2001792K/2096632K available (28689K kernel code, 4396K rwdata, 7588K rodata, 3144K init, 10700K bss, 94584K reserved, 0K cma-reserved)
[    0.065249] random: get_random_u64 called from __kmem_cache_create+0x2f/0x480 with crng_init=0
[    0.065643] SLUB: HWalign=64, Order=0-3, MinObjects=0, CPUs=2, Nodes=1
[    0.066484] kmemleak: Kernel memory leak detector disabled
[    0.066791] ftrace: allocating 65269 entries in 255 pages
[    0.133107] ftrace: allocated 255 pages with 8 groups
[    0.134231] Dynamic Preempt: voluntary
[    0.134482] rcu: Preemptible hierarchical RCU implementation.
[    0.134792] rcu: 	RCU restricting CPUs from NR_CPUS=8192 to nr_cpu_ids=2.
[    0.135157] 	Trampoline variant of Tasks RCU enabled.
[    0.135428] 	Rude variant of Tasks RCU enabled.
[    0.135670] 	Tracing variant of Tasks RCU enabled.
[    0.135927] rcu: RCU calculated value of scheduler-enlistment delay is 25 jiffies.
[    0.136371] rcu: Adjusting geometry for rcu_fanout_leaf=16, nr_cpu_ids=2
[    0.153296] NR_IRQS: 524544, nr_irqs: 440, preallocated irqs: 16
[    0.159017] Console: colour VGA+ 80x25
[    0.159249] printk: console [ttyS0] enabled
[    0.159249] printk: console [ttyS0] enabled
[    0.159709] printk: bootconsole [earlyser0] disabled
[    0.159709] printk: bootconsole [earlyser0] disabled
[    0.160309] ACPI: Core revision 20210930
[    0.160648] clocksource: hpet: mask: 0xffffffff max_cycles: 0xffffffff, max_idle_ns: 19112604467 ns
[    0.161211] APIC: Switch to symmetric I/O mode setup
[    0.161606] x2apic enabled
[    0.161885] Switched APIC routing to physical x2apic.
[    0.162167] kvm-guest: setup PV IPIs
[    0.162908] ..TIMER: vector=0x30 apic1=0 pin1=2 apic2=-1 pin2=-1
[    0.163259] clocksource: tsc-early: mask: 0xffffffffffffffff max_cycles: 0x363e8c91135, max_idle_ns: 881590568389 ns
[    0.163842] Calibrating delay loop (skipped) preset value.. 3763.20 BogoMIPS (lpj=7526400)
[    0.164327] pid_max: default: 32768 minimum: 301
[    0.164624] LSM: Security Framework initializing
[    0.164891] Yama: becoming mindful.
[    0.165183] Mount-cache hash table entries: 4096 (order: 3, 32768 bytes, linear)
[    0.167841] Mountpoint-cache hash table entries: 4096 (order: 3, 32768 bytes, linear)
[    0.168746] x86/cpu: User Mode Instruction Prevention (UMIP) activated
[    0.171151] Last level iTLB entries: 4KB 0, 2MB 0, 4MB 0
[    0.171845] Last level dTLB entries: 4KB 0, 2MB 0, 4MB 0, 1GB 0
[    0.172234] Spectre V1 : Mitigation: usercopy/swapgs barriers and __user pointer sanitization
[    0.172765] Spectre V2 : Mitigation: Enhanced IBRS
[    0.173047] Spectre V2 : Spectre v2 / SpectreRSB mitigation: Filling RSB on context switch
[    0.173531] Spectre V2 : mitigation: Enabling conditional Indirect Branch Prediction Barrier
[    0.174025] Speculative Store Bypass: Mitigation: Speculative Store Bypass disabled via prctl
[    0.201701] Freeing SMP alternatives memory: 56K
[    0.202090] smpboot: CPU0: Genuine Intel(R) 0000 (family: 0x6, model: 0xba, stepping: 0x2)
[    0.202682] Performance Events: generic architected perfmon, full-width counters, Intel PMU driver.
[    0.203191] ... version:                2
[    0.203404] ... bit width:              48
[    0.203621] ... generic registers:      6
[    0.203836] ... value mask:             0000ffffffffffff
[    0.203836] ... max period:             00007fffffffffff
[    0.203836] ... fixed-purpose events:   3
[    0.203836] ... event mask:             000000070000003f
[    0.203836] rcu: Hierarchical SRCU implementation.
[    0.204750] smp: Bringing up secondary CPUs ...
[    0.205099] x86: Booting SMP configuration:
[    0.205322] .... node  #0, CPUs:      #1
[    0.010059] kvm-clock: cpu 1, msr 4601041, secondary cpu clock
[    0.010059] smpboot: CPU 1 Converting physical 0 to logical die 1
[    0.207879] kvm-guest: setup async PF for cpu 1
[    0.208338] kvm-guest: stealtime: cpu 1, msr 7dd33080
[    0.208887] smp: Brought up 1 node, 2 CPUs
[    0.208887] smpboot: Max logical packages: 2
[    0.208887] smpboot: Total of 2 processors activated (7526.40 BogoMIPS)
[    0.211916] devtmpfs: initialized
[    0.212136] x86/mm: Memory block size: 128MB
[    0.213478] clocksource: jiffies: mask: 0xffffffff max_cycles: 0xffffffff, max_idle_ns: 7645041785100000 ns
[    0.213478] futex hash table entries: 512 (order: 3, 32768 bytes, linear)
[    0.213478] pinctrl core: initialized pinctrl subsystem
[    0.213478] 
[    0.213559] *************************************************************
[    0.215841] **     NOTICE NOTICE NOTICE NOTICE NOTICE NOTICE NOTICE    **
[    0.216188] **                                                         **
[    0.216544] **  IOMMU DebugFS SUPPORT HAS BEEN ENABLED IN THIS KERNEL  **
[    0.216903] **                                                         **
[    0.217249] ** This means that this kernel is built to expose internal **
[    0.217595] ** IOMMU data structures, which may compromise security on **
[    0.217941] ** your system.                                            **
[    0.218288] **                                                         **
[    0.218634] ** If you see this message and you are not debugging the   **
[    0.218980] ** kernel, report this immediately to your vendor!         **
[    0.219326] **                                                         **
[    0.219672] **     NOTICE NOTICE NOTICE NOTICE NOTICE NOTICE NOTICE    **
[    0.219839] *************************************************************
[    0.220221] PM: RTC time: 08:02:11, date: 2022-12-07
[    0.221304] NET: Registered PF_NETLINK/PF_ROUTE protocol family
[    0.221875] DMA: preallocated 256 KiB GFP_KERNEL pool for atomic allocations
[    0.222256] DMA: preallocated 256 KiB GFP_KERNEL|GFP_DMA pool for atomic allocations
[    0.222668] DMA: preallocated 256 KiB GFP_KERNEL|GFP_DMA32 pool for atomic allocations
[    0.223099] audit: initializing netlink subsys (disabled)
[    0.223408] audit: type=2000 audit(1670400131.997:1): state=initialized audit_enabled=0 res=1
[    0.223408] thermal_sys: Registered thermal governor 'fair_share'
[    0.223841] thermal_sys: Registered thermal governor 'bang_bang'
[    0.224171] thermal_sys: Registered thermal governor 'step_wise'
[    0.224489] thermal_sys: Registered thermal governor 'user_space'
[    0.224816] cpuidle: using governor ladder
[    0.225375] cpuidle: using governor menu
[    0.225877] acpiphp: ACPI Hot Plug PCI Controller Driver version: 0.5
[    0.226375] PCI: Using configuration type 1 for base access
[    0.232315] kprobes: kprobe jump-optimization is enabled. All kprobes are optimized if possible.
[    0.232804] HugeTLB registered 1.00 GiB page size, pre-allocated 0 pages
[    0.232804] HugeTLB registered 2.00 MiB page size, pre-allocated 0 pages
[    0.232804] ACPI: Added _OSI(Module Device)
[    0.232804] ACPI: Added _OSI(Processor Device)
[    0.232804] ACPI: Added _OSI(3.0 _SCP Extensions)
[    0.232804] ACPI: Added _OSI(Processor Aggregator Device)
[    0.232947] ACPI: Added _OSI(Linux-Dell-Video)
[    0.233189] ACPI: Added _OSI(Linux-Lenovo-NV-HDMI-Audio)
[    0.235842] ACPI: Added _OSI(Linux-HPI-Hybrid-Graphics)
[    0.239079] ACPI: 1 ACPI AML tables successfully acquired and loaded
[    0.241260] ACPI: Interpreter enabled
[    0.241503] ACPI: PM: (supports S0 S3 S4 S5)
[    0.241727] ACPI: Using IOAPIC for interrupt routing
[    0.242005] PCI: Using host bridge windows from ACPI; if necessary, use "pci=nocrs" and report a bug
[    0.242849] ACPI: Enabled 2 GPEs in block 00 to 0F
[    0.251162] ACPI: PCI Root Bridge [PCI0] (domain 0000 [bus 00-ff])
[    0.251528] acpi PNP0A03:00: _OSC: OS supports [ASPM ClockPM Segments MSI EDR HPX-Type3]
[    0.251843] acpi PNP0A03:00: _OSC: not requesting OS control; OS requires [ExtendedConfig ASPM ClockPM MSI]
[    0.252370] acpi PNP0A03:00: fail to add MMCONFIG information, can't access extended PCI configuration space under this bridge.
[    0.253920] acpiphp: Slot [3] registered
[    0.254166] acpiphp: Slot [4] registered
[    0.254407] acpiphp: Slot [5] registered
[    0.254647] acpiphp: Slot [6] registered
[    0.254889] acpiphp: Slot [7] registered
[    0.255130] acpiphp: Slot [8] registered
[    0.255376] acpiphp: Slot [9] registered
[    0.255635] acpiphp: Slot [10] registered
[    0.255875] acpiphp: Slot [11] registered
[    0.256121] acpiphp: Slot [12] registered
[    0.256366] acpiphp: Slot [13] registered
[    0.256611] acpiphp: Slot [14] registered
[    0.256859] acpiphp: Slot [15] registered
[    0.257121] acpiphp: Slot [16] registered
[    0.257369] acpiphp: Slot [17] registered
[    0.257616] acpiphp: Slot [18] registered
[    0.257862] acpiphp: Slot [19] registered
[    0.258108] acpiphp: Slot [20] registered
[    0.258353] acpiphp: Slot [21] registered
[    0.258597] acpiphp: Slot [22] registered
[    0.258845] acpiphp: Slot [23] registered
[    0.259091] acpiphp: Slot [24] registered
[    0.259356] acpiphp: Slot [25] registered
[    0.259638] acpiphp: Slot [26] registered
[    0.259874] acpiphp: Slot [27] registered
[    0.260119] acpiphp: Slot [28] registered
[    0.260367] acpiphp: Slot [29] registered
[    0.260615] acpiphp: Slot [30] registered
[    0.260860] acpiphp: Slot [31] registered
[    0.261080] PCI host bridge to bus 0000:00
[    0.261296] pci_bus 0000:00: root bus resource [io  0x0000-0x0cf7 window]
[    0.261652] pci_bus 0000:00: root bus resource [io  0x0d00-0xffff window]
[    0.262006] pci_bus 0000:00: root bus resource [mem 0x000a0000-0x000bffff window]
[    0.262396] pci_bus 0000:00: root bus resource [mem 0x80000000-0xfebfffff window]
[    0.262785] pci_bus 0000:00: root bus resource [mem 0x100000000-0x17fffffff window]
[    0.263183] pci_bus 0000:00: root bus resource [bus 00-ff]
[    0.263529] pci 0000:00:00.0: [8086:1237] type 00 class 0x060000
[    0.265513] pci 0000:00:01.0: [8086:7000] type 00 class 0x060100
[    0.266184] pci 0000:00:01.1: [8086:7010] type 00 class 0x010180
[    0.267756] pci 0000:00:01.1: reg 0x20: [io  0xc040-0xc04f]
[    0.268358] pci 0000:00:01.1: legacy IDE quirk: reg 0x10: [io  0x01f0-0x01f7]
[    0.268730] pci 0000:00:01.1: legacy IDE quirk: reg 0x14: [io  0x03f6]
[    0.269070] pci 0000:00:01.1: legacy IDE quirk: reg 0x18: [io  0x0170-0x0177]
[    0.269441] pci 0000:00:01.1: legacy IDE quirk: reg 0x1c: [io  0x0376]
[    0.269925] pci 0000:00:01.3: [8086:7113] type 00 class 0x068000
[    0.270668] pci 0000:00:01.3: quirk: [io  0x0600-0x063f] claimed by PIIX4 ACPI
[    0.271094] pci 0000:00:01.3: quirk: [io  0x0700-0x070f] claimed by PIIX4 SMB
[    0.271834] pci 0000:00:02.0: [1234:1111] type 00 class 0x030000
[    0.274405] pci 0000:00:02.0: reg 0x10: [mem 0xfd000000-0xfdffffff pref]
[    0.276041] pci 0000:00:02.0: reg 0x18: [mem 0xfebf0000-0xfebf0fff]
[    0.278893] pci 0000:00:02.0: reg 0x30: [mem 0xfebe0000-0xfebeffff pref]
[    0.281483] pci 0000:00:03.0: [8086:100e] type 00 class 0x020000
[    0.282260] pci 0000:00:03.0: reg 0x10: [mem 0xfebc0000-0xfebdffff]
[    0.282945] pci 0000:00:03.0: reg 0x14: [io  0xc000-0xc03f]
[    0.284789] pci 0000:00:03.0: reg 0x30: [mem 0xfeb80000-0xfebbffff pref]
[    0.292853] ACPI: PCI: Interrupt link LNKA configured for IRQ 10
[    0.293444] ACPI: PCI: Interrupt link LNKB configured for IRQ 10
[    0.294021] ACPI: PCI: Interrupt link LNKC configured for IRQ 11
[    0.294588] ACPI: PCI: Interrupt link LNKD configured for IRQ 11
[    0.295051] ACPI: PCI: Interrupt link LNKS configured for IRQ 9
[    0.296001] iommu: Default domain type: Translated 
[    0.296108] iommu: DMA domain TLB invalidation policy: lazy mode 
[    0.296451] pci 0000:00:02.0: vgaarb: setting as boot VGA device
[    0.296451] pci 0000:00:02.0: vgaarb: VGA device added: decodes=io+mem,owns=io+mem,locks=none
[    0.296607] pci 0000:00:02.0: vgaarb: bridge control possible
[    0.296907] vgaarb: loaded
[    0.297475] SCSI subsystem initialized
[    0.297735] ACPI: bus type USB registered
[    0.297735] usbcore: registered new interface driver usbfs
[    0.297735] usbcore: registered new interface driver hub
[    0.299849] usbcore: registered new device driver usb
[    0.300165] pps_core: LinuxPPS API ver. 1 registered
[    0.300423] pps_core: Software ver. 5.3.6 - Copyright 2005-2007 Rodolfo Giometti <giometti@linux.it>
[    0.300959] PTP clock support registered
[    0.301243] EDAC MC: Ver: 3.0.0
[    0.301243] NetLabel: Initializing
[    0.301243] NetLabel:  domain hash size = 128
[    0.301243] NetLabel:  protocols = UNLABELED CIPSOv4 CALIPSO
[    0.301243] NetLabel:  unlabeled traffic allowed by default
[    0.301314] PCI: Using ACPI for IRQ routing
[    0.304074] hpet0: at MMIO 0xfed00000, IRQs 2, 8, 0
[    0.304343] hpet0: 3 comparators, 64-bit 100.000000 MHz counter
[    0.310927] clocksource: Switched to clocksource kvm-clock
[    1.844026] VFS: Disk quotas dquot_6.6.0
[    1.844550] VFS: Dquot-cache hash table entries: 512 (order 0, 4096 bytes)
[    1.845507] pnp: PnP ACPI init
[    1.847279] pnp: PnP ACPI: found 6 devices
[    1.855823] clocksource: acpi_pm: mask: 0xffffff max_cycles: 0xffffff, max_idle_ns: 2085701024 ns
[    1.857005] NET: Registered PF_INET protocol family
[    1.857814] IP idents hash table entries: 32768 (order: 6, 262144 bytes, linear)
[    1.861112] tcp_listen_portaddr_hash hash table entries: 1024 (order: 2, 16384 bytes, linear)
[    1.861636] TCP established hash table entries: 16384 (order: 5, 131072 bytes, linear)
[    1.862574] TCP bind hash table entries: 16384 (order: 6, 262144 bytes, linear)
[    1.863193] TCP: Hash tables configured (established 16384 bind 16384)
[    1.863674] UDP hash table entries: 1024 (order: 3, 32768 bytes, linear)
[    1.864106] UDP-Lite hash table entries: 1024 (order: 3, 32768 bytes, linear)
[    1.864612] NET: Registered PF_UNIX/PF_LOCAL protocol family
[    1.865128] RPC: Registered named UNIX socket transport module.
[    1.865484] RPC: Registered udp transport module.
[    1.865767] RPC: Registered tcp transport module.
[    1.866050] RPC: Registered tcp NFSv4.1 backchannel transport module.
[    1.866453] pci_bus 0000:00: resource 4 [io  0x0000-0x0cf7 window]
[    1.866828] pci_bus 0000:00: resource 5 [io  0x0d00-0xffff window]
[    1.867202] pci_bus 0000:00: resource 6 [mem 0x000a0000-0x000bffff window]
[    1.867621] pci_bus 0000:00: resource 7 [mem 0x80000000-0xfebfffff window]
[    1.868044] pci_bus 0000:00: resource 8 [mem 0x100000000-0x17fffffff window]
[    1.868608] pci 0000:00:01.0: PIIX3: Enabling Passive Release
[    1.868962] pci 0000:00:00.0: Limiting direct PCI/PCI transfers
[    1.869333] pci 0000:00:01.0: Activating ISA DMA hang workarounds
[    1.869766] pci 0000:00:02.0: Video device with shadowed ROM at [mem 0x000c0000-0x000dffff]
[    1.870284] PCI: CLS 0 bytes, default 64
[    1.870542] ACPI: bus type thunderbolt registered
[    1.871035] clocksource: tsc: mask: 0xffffffffffffffff max_cycles: 0x363e8c91135, max_idle_ns: 881590568389 ns
[    3.566819] Initialise system trusted keyrings
[    3.567223] Key type blacklist registered
[    3.567589] workingset: timestamp_bits=36 max_order=19 bucket_order=0
[    3.571618] zbud: loaded
[    3.572245] squashfs: version 4.0 (2009/01/31) Phillip Lougher
[    3.573277] NFS: Registering the id_resolver key type
[    3.573566] Key type id_resolver registered
[    3.573796] Key type id_legacy registered
[    3.574051] nfs4filelayout_init: NFSv4 File Layout Driver Registering...
[    3.574412] nfs4flexfilelayout_init: NFSv4 Flexfile Layout Driver Registering...
[    3.574845] fuse: init (API version 7.35)
[    3.575163] SGI XFS with ACLs, security attributes, realtime, quota, no debug enabled
[    3.576427] 9p: Installing v9fs 9p2000 file system support
[    3.582380] Key type asymmetric registered
[    3.582620] Asymmetric key parser 'x509' registered
[    3.582948] Block layer SCSI generic (bsg) driver version 0.4 loaded (major 243)
[    3.583526] io scheduler mq-deadline registered
[    3.583832] io scheduler bfq registered
[    3.584490] shpchp: Standard Hot Plug PCI Controller Driver version: 0.4
[    3.585031] IPMI message handler: version 39.2
[    3.585310] ipmi device interface
[    3.586350] input: Power Button as /devices/LNXSYSTM:00/LNXPWRBN:00/input/input0
[    3.586852] ACPI: button: Power Button [PWRF]
[    3.587653] ERST DBG: ERST support is disabled.
[    3.588157] Serial: 8250/16550 driver, 32 ports, IRQ sharing enabled
[    3.588828] 00:04: ttyS0 at I/O 0x3f8 (irq = 4, base_baud = 115200) is a 16550A
[    3.592899] Linux agpgart interface v0.103
[    3.593377] ACPI: bus type drm_connector registered
[    3.599179] brd: module loaded
[    3.602345] loop: module loaded
[    3.604554] scsi host0: ata_piix
[    3.605061] scsi host1: ata_piix
[    3.605326] ata1: PATA max MWDMA2 cmd 0x1f0 ctl 0x3f6 bmdma 0xc040 irq 14
[    3.605740] ata2: PATA max MWDMA2 cmd 0x170 ctl 0x376 bmdma 0xc048 irq 15
[    3.606506] libphy: Fixed MDIO Bus: probed
[    3.606916] tun: Universal TUN/TAP device driver, 1.6
[    3.607292] e100: Intel(R) PRO/100 Network Driver
[    3.607586] e100: Copyright(c) 1999-2006 Intel Corporation
[    3.607952] e1000: Intel(R) PRO/1000 Network Driver
[    3.608220] e1000: Copyright (c) 1999-2006 Intel Corporation.
[    3.672733] ACPI: \_SB_.LNKC: Enabled at IRQ 11
[    3.764365] ata1.00: ATA-7: QEMU HARDDISK, 2.5+, max UDMA/100
[    3.764717] ata1.00: 16777216 sectors, multi 16: LBA48 
[    3.765138] ata1.00: Read log 0x00 page 0x00 failed, Emask 0x1
[    3.766022] scsi 0:0:0:0: Direct-Access     ATA      QEMU HARDDISK    2.5+ PQ: 0 ANSI: 5
[    3.767063] ata2.00: ATAPI: QEMU DVD-ROM, 2.5+, max UDMA/100
[    3.767345] sd 0:0:0:0: [sda] 16777216 512-byte logical blocks: (8.59 GB/8.00 GiB)
[    3.767610] sd 0:0:0:0: Attached scsi generic sg0 type 0
[    3.767897] sd 0:0:0:0: [sda] Write Protect is off
[    3.768570] sd 0:0:0:0: [sda] Write cache: enabled, read cache: enabled, doesn't support DPO or FUA
[    3.769416] scsi 1:0:0:0: CD-ROM            QEMU     QEMU DVD-ROM     2.5+ PQ: 0 ANSI: 5
[    3.770379] scsi 1:0:0:0: Attached scsi generic sg1 type 5
[    3.799911] sd 0:0:0:0: [sda] Attached SCSI disk
[    3.989963] e1000 0000:00:03.0 eth0: (PCI:33MHz:32-bit) 52:54:00:12:34:56
[    3.990327] e1000 0000:00:03.0 eth0: Intel(R) PRO/1000 Network Connection
[    3.990723] e1000e: Intel(R) PRO/1000 Network Driver
[    3.990983] e1000e: Copyright(c) 1999 - 2015 Intel Corporation.
[    3.991326] igb: Intel(R) Gigabit Ethernet Network Driver
[    3.991618] igb: Copyright (c) 2007-2014 Intel Corporation.
[    3.991992] PPP generic driver version 2.4.2
[    3.992652] VFIO - User Level meta-driver version: 0.3
[    3.992953] ehci_hcd: USB 2.0 'Enhanced' Host Controller (EHCI) Driver
[    3.993302] ehci-pci: EHCI PCI platform driver
[    3.993557] ehci-platform: EHCI generic platform driver
[    3.993843] ohci_hcd: USB 1.1 'Open' Host Controller (OHCI) Driver
[    3.994190] ohci-pci: OHCI PCI platform driver
[    3.994440] ohci-platform: OHCI generic platform driver
[    3.994730] uhci_hcd: USB Universal Host Controller Interface driver
[    3.995282] usbcore: registered new interface driver uas
[    3.995626] usbcore: registered new interface driver usb-storage
[    3.996062] i8042: PNP: PS/2 Controller [PNP0303:KBD,PNP0f13:MOU] at 0x60,0x64 irq 1,12
[    3.996923] serio: i8042 KBD port at 0x60,0x64 irq 1
[    3.997195] serio: i8042 AUX port at 0x60,0x64 irq 12
[    3.997726] mousedev: PS/2 mouse device common for all mice
[    3.998399] rtc_cmos 00:05: RTC can wake from S4
[    3.999119] input: AT Translated Set 2 keyboard as /devices/platform/i8042/serio0/input/input1
[    3.999758] rtc_cmos 00:05: registered as rtc0
[    4.000064] rtc_cmos 00:05: setting system clock to 2022-12-07T08:02:15 UTC (1670400135)
[    4.000619] rtc_cmos 00:05: alarms up to one day, y3k, 242 bytes nvram, hpet irqs
[    4.001074] i2c_dev: i2c /dev entries driver
[    4.001349] device-mapper: core: CONFIG_IMA_DISABLE_HTABLE is disabled. Duplicate IMA measurements will not be recorded in the IMA log.
[    4.002097] device-mapper: uevent: version 1.0.3
[    4.002838] input: VirtualPS/2 VMware VMMouse as /devices/platform/i8042/serio1/input/input4
[    4.003374] device-mapper: ioctl: 4.45.0-ioctl (2021-03-22) initialised: dm-devel@redhat.com
[    4.003884] intel_pstate: CPU model not supported
[    4.004212] sdhci: Secure Digital Host Controller Interface driver
[    4.004544] sdhci: Copyright(c) Pierre Ossman
[    4.004906] input: VirtualPS/2 VMware VMMouse as /devices/platform/i8042/serio1/input/input3
[    4.005431] sdhci-pltfm: SDHCI platform and OF driver helper
[    4.005811] ledtrig-cpu: registered to indicate activity on CPUs
[    4.006281] drop_monitor: Initializing network drop monitor service
[    4.006913] NET: Registered PF_INET6 protocol family
[    4.008254] Segment Routing with IPv6
[    4.008490] In-situ OAM (IOAM) with IPv6
[    4.008716] NET: Registered PF_PACKET protocol family
[    4.009270] 9pnet: Installing 9P2000 support
[    4.009566] Key type dns_resolver registered
[    4.010251] IPI shorthand broadcast: enabled
[    4.010529] sched_clock: Marking stable (4004028795, 6059941)->(4034561930, -24473194)
[    4.011223] registered taskstats version 1
[    4.011509] Loading compiled-in X.509 certificates
[    4.011928] zswap: loaded using pool lzo/zbud
[    4.012451] Key type ._fscrypt registered
[    4.012688] Key type .fscrypt registered
[    4.012917] Key type fscrypt-provisioning registered
[    4.013619] Key type encrypted registered
[    4.013870] ima: No TPM chip found, activating TPM-bypass!
[    4.014194] ima: Allocated hash algorithm: sha1
[    4.014515] ima: No architecture policies found
[    4.014805] evm: Initialising EVM extended attributes:
[    4.015102] evm: security.selinux
[    4.015298] evm: security.SMACK64
[    4.015494] evm: security.SMACK64EXEC
[    4.015713] evm: security.SMACK64TRANSMUTE
[    4.015962] evm: security.SMACK64MMAP
[    4.016177] evm: security.apparmor
[    4.016378] evm: security.ima
[    4.016553] evm: security.capability
[    4.016763] evm: HMAC attrs: 0x1
[    4.019542] PM:   Magic number: 2:371:17
[    4.019991] RAS: Correctable Errors collector initialized.
[    4.020554] md: Waiting for all devices to be available before autodetect
[    4.020953] md: If you don't use raid, use raid=noautodetect
[    4.021281] md: Autodetecting RAID arrays.
[    4.021520] md: autorun ...
[    4.021687] md: ... autorun DONE.
[    4.028815] EXT4-fs (sda): INFO: recovery required on readonly filesystem
[    4.029224] EXT4-fs (sda): write access will be enabled during recovery
[    4.059522] random: fast init done
[    4.100580] EXT4-fs (sda): recovery complete
[    4.103274] EXT4-fs (sda): mounted filesystem with ordered data mode. Opts: (null). Quota mode: none.
[    4.103866] VFS: Mounted root (ext4 filesystem) readonly on device 8:0.
[    4.104816] devtmpfs: mounted
[    4.108272] Freeing unused decrypted memory: 2036K
[    4.110345] Freeing unused kernel image (initmem) memory: 3144K
[    4.110702] Write protecting the kernel read-only data: 38912k
[    4.113068] Freeing unused kernel image (text/rodata gap) memory: 2028K
[    4.113836] Freeing unused kernel image (rodata/data gap) memory: 604K
[    4.187482] x86/mm: Checked W+X mappings: passed, no W+X pages found.
[    4.187854] Run /sbin/init as init process
[    4.262888] systemd[1]: RTC configured in localtime, applying delta of 0 minutes to system time.
[    4.278056] systemd[1]: systemd 239 (239-49.el8) running in system mode. (+PAM +AUDIT +SELINUX +IMA -APPARMOR +SMACK +SYSVINIT +UTMP +LIBCRYPTSETUP +GCRYPT +GNUTLS +ACL +XZ +LZ4 +SECCOMP +BLKID +ELFUTILS +KMOD +IDN2 -IDN +PCRE2 default-hierarchy=legacy)
[    4.279397] systemd[1]: Detected virtualization kvm.
[    4.279728] systemd[1]: Detected architecture x86-64.

Welcome to [0;31mCentOS Stream 8[0m!

[    4.302099] systemd[1]: Set hostname to <test>.
[    4.377081] random: lvmconfig: uninitialized urandom read (4 bytes read)
[    4.453658] random: systemd: uninitialized urandom read (16 bytes read)
[    4.454143] systemd[1]: Started Forward Password Requests to Wall Directory Watch.
[[0;32m  OK  [0m] Started Forward Password Requests to Wall Directory Watch.
[    4.455209] random: systemd: uninitialized urandom read (16 bytes read)
[    4.455738] systemd[1]: Set up automount Arbitrary Executable File Formats File System Automount Point.
[[0;32m  OK  [0m] Set up automount Arbitrary Executabâ€¦rmats File System Automount Point.
[    4.458078] systemd[1]: Created slice system-getty.slice.
[[0;32m  OK  [0m] Created slice system-getty.slice.
[    4.459089] systemd[1]: Created slice User and Session Slice.
[[0;32m  OK  [0m] Created slice User and Session Slice.
[    4.459765] systemd[1]: Reached target Slices.
[[0;32m  OK  [0m] Reached target Slices.
[    4.460459] systemd[1]: Listening on Journal Socket.
[[0;32m  OK  [0m] Listening on Journal Socket.
         Mounting Huge Pages File System...
         Mounting Kernel Debug File System...
[[0;32m  OK  [0m] Created slice system-sshd\x2dkeygen.slice.
[[0;32m  OK  [0m] Listening on udev Kernel Socket.
         Starting Setup Virtual Console...
[[0;32m  OK  [0m] Created slice system-serial\x2dgetty.slice.
[[0;32m  OK  [0m] Listening on Journal Socket (/dev/log).
[[0;32m  OK  [0m] Listening on RPCbind Server Activation Socket.
[[0;32m  OK  [0m] Reached target Swap.
[[0;32m  OK  [0m] Listening on udev Control Socket.
         Starting udev Coldplug all Devices...
[[0;32m  OK  [0m] Listening on initctl Compatibility Named Pipe.
[[0;32m  OK  [0m] Listening on multipathd control socket.
[[0;32m  OK  [0m] Listening on LVM2 poll daemon socket.
         Starting Remount Root and Kernel File Systems...
         Mounting POSIX Message Queue File System...
[[0;32m  OK  [0m] Reached target RPC Port Mapper.
[[0;32m  OK  [0m] Listening on Process Core Dump Socket.
         Starting Journal Service...
[[0;32m  OK  [0m] Listening on Device-mapper event daemon FIFOs.
         Starting Monitoring of LVM2 mirrorsâ€¦ng dmeventd or progress polling...
         Starting Load Kernel Modules...
[[0;32m  OK  [0m] Mounted Huge Pages File System.
[[0;32m  OK  [0m] Mounted Kernel Debug File System.
[[0;32m  OK  [0m] Mounted POSIX Message Queue File System.
[    4.587311] EXT4-fs (sda): re-mounted. Opts: (null). Quota mode: none.
[[0;1;31mFAILED[0m] Failed to start Load Kernel Modules.
See 'systemctl status systemd-modules-load.service' for details.
[[0;32m  OK  [0m] Started Remount Root and Kernel File Systems.
         Starting Load/Save Random Seed...
         Starting Create Static Device Nodes in /dev...
         Mounting FUSE Control File System...
         Starting Apply Kernel Variables...
         Mounting Kernel Configuration File System...
[[0;32m  OK  [0m] Started Journal Service.
[[0;32m  OK  [0m] Started Load/Save Random Seed.
[[0;32m  OK  [0m] Started Create Static Device Nodes in /dev.
[[0;32m  OK  [0m] Mounted FUSE Control File System.
         Starting udev Kernel Device Manager...
         Starting Flush Journal to Persistent Storage...
[[0;32m  OK  [0m] Started udev Coldplug all Devices.
[[0;32m  OK  [0m] Started Apply Kernel Variables.
[[0;32m  OK  [0m] Started Setup Virtual Console.
[[0;32m  OK  [0m] Started udev Kernel Device Manager.
[[0;32m  OK  [0m] Mounted Kernel Configuration File System.
         Starting udev Wait for Complete Device Initialization...
         Starting Show Plymouth Boot Screen...
[[0;32m  OK  [0m] Started Flush Journal to Persistent Storage.
[[0;32m  OK  [0m] Started Show Plymouth Boot Screen.
[[0;32m  OK  [0m] Reached target Local Encrypted Volumes.
[[0;32m  OK  [0m] Reached target Paths.
[[0;32m  OK  [0m] Started Forward Password Requests to Plymouth Directory Watch.
[[0;32m  OK  [0m] Found device /dev/ttyS0.
[[0;32m  OK  [0m] Listening on Load/Save RF Kill Switch Status /dev/rfkill Watch.
[[0;32m  OK  [0m] Started udev Wait for Complete Device Initialization.
[[0;32m  OK  [0m] Started Monitoring of LVM2 mirrors,â€¦sing dmeventd or progress polling.
[[0;32m  OK  [0m] Reached target Local File Systems (Pre).
[[0;32m  OK  [0m] Reached target Local File Systems.
         Starting Restore /run/initramfs on shutdown...
         Starting Create Volatile Files and Directories...
         Starting Tell Plymouth To Write Out Runtime Data...
[[0;32m  OK  [0m] Started Restore /run/initramfs on shutdown.
[[0;32m  OK  [0m] Started Tell Plymouth To Write Out Runtime Data.
[[0;32m  OK  [0m] Started Create Volatile Files and Directories.
         Mounting RPC Pipe File System...
         Starting Security Auditing Service...
         Starting RPC Bind...
[[0;32m  OK  [0m] Mounted RPC Pipe File System.
[[0;32m  OK  [0m] Reached target rpc_pipefs.target.
[[0;32m  OK  [0m] Started RPC Bind.
[[0;32m  OK  [0m] Started Security Auditing Service.
         Starting Update UTMP about System Boot/Shutdown...
[[0;32m  OK  [0m] Started Update UTMP about System Boot/Shutdown.
[[0;32m  OK  [0m] Reached target System Initialization.
[[0;32m  OK  [0m] Listening on D-Bus System Message Bus Socket.
[[0;32m  OK  [0m] Listening on SSSD Kerberos Cache Manager responder socket.
[[0;32m  OK  [0m] Reached target Sockets.
[[0;32m  OK  [0m] Reached target Basic System.
         Starting NTP client/server...
         Starting Login Service...
[[0;32m  OK  [0m] Started dnf makecache --timer.
         Starting Self Monitoring and Reporting Technology (SMART) Daemon...
[[0;32m  OK  [0m] Started Machine Check Exception Logging Daemon.
         Starting Authorization Manager...
[[0;32m  OK  [0m] Started D-Bus System Message Bus.
         Starting Auto-connect to subsystemsâ€¦-NVME devices found during boot...
[[0;32m  OK  [0m] Started daily update of the root trust anchor for DNSSEC.
         Starting Network Manager...
[[0;32m  OK  [0m] Started irqbalance daemon.
[[0;32m  OK  [0m] Reached target sshd-keygen.target.
[[0;32m  OK  [0m] Started Daily Cleanup of Temporary Directories.
[[0;32m  OK  [0m] Reached target Timers.
[[0;32m  OK  [0m] Started Auto-connect to subsystems â€¦FC-NVME devices found during boot.
[[0;32m  OK  [0m] Started Login Service.
[[0;32m  OK  [0m] Started Self Monitoring and Reporting Technology (SMART) Daemon.
[[0;32m  OK  [0m] Started NTP client/server.
[[0;32m  OK  [0m] Started Network Manager.
[[0;32m  OK  [0m] Reached target Network.
         Starting Dynamic System Tuning Daemon...
         Starting GSSAPI Proxy Daemon...
         Starting OpenSSH server daemon...
         Starting Network Manager Wait Online...
         Starting Hostname Service...
[[0;32m  OK  [0m] Started Authorization Manager.
[[0;32m  OK  [0m] Started Hostname Service.
         Starting Network Manager Script Dispatcher Service...
[[0;32m  OK  [0m] Started Network Manager Script Dispatcher Service.
[    5.535869] e1000: eth0 NIC Link is Up 1000 Mbps Full Duplex, Flow Control: RX
[    5.536598] IPv6: ADDRCONF(NETDEV_CHANGE): eth0: link becomes ready
[[0;32m  OK  [0m] Started Dynamic System Tuning Daemon.
[[0;32m  OK  [0m] Started Network Manager Wait Online.
[[0;32m  OK  [0m] Reached target Network is Online.
         Starting Notify NFS peers of a restart...
         Starting System Logging Service...
[[0;32m  OK  [0m] Started Notify NFS peers of a restart.
[[0;32m  OK  [0m] Started System Logging Service.
[    6.735872] random: crng init done
[    6.736109] random: 7 urandom warning(s) missed due to ratelimiting
[[0;32m  OK  [0m] Started GSSAPI Proxy Daemon.
[[0;32m  OK  [0m] Reached target NFS client services.
[[0;32m  OK  [0m] Reached target Remote File Systems (Pre).
[[0;32m  OK  [0m] Reached target Remote File Systems.
         Starting Permit User Sessions...
[[0;32m  OK  [0m] Started Permit User Sessions.
         Starting Terminate Plymouth Boot Screen...
         Starting Hold until boot process finishes up...
[[0;32m  OK  [0m] Started Command Scheduler.
[[0;32m  OK  [0m] Started OpenSSH server daemon.

CentOS Stream 8
Kernel 5.16.0-rc4-97d8a670b453+ on an x86_64

test login: [   27.680825] loop0: detected capacity change from 0 to 1024
[   27.681232] =======================================================
[   27.681232] WARNING: The mand mount option has been deprecated and
[   27.681232]          and is ignored by this kernel. Remove the mand
[   27.681232]          option from the mount to silence this warning.
[   27.681232] =======================================================
[   27.683338] EXT4-fs: Ignoring removed bh option
[   27.683626] Unexpected value for 'nolazytime'
[   27.707077] loop0: detected capacity change from 0 to 1024
[   27.707466] EXT4-fs: Ignoring removed bh option
[   27.707737] Unexpected value for 'nolazytime'
[   27.730953] loop0: detected capacity change from 0 to 1024
[   27.731340] EXT4-fs: Ignoring removed bh option
[   27.731600] Unexpected value for 'nolazytime'
[   27.752074] loop0: detected capacity change from 0 to 1024
[   27.752422] EXT4-fs: Ignoring removed bh option
[   27.752673] Unexpected value for 'nolazytime'
[   27.770724] loop0: detected capacity change from 0 to 1024
[   27.771123] EXT4-fs: Ignoring removed bh option
[   27.771375] Unexpected value for 'nolazytime'
[   27.786804] loop0: detected capacity change from 0 to 1024
[   27.787182] EXT4-fs: Ignoring removed bh option
[   27.787433] Unexpected value for 'nolazytime'
[   27.796936] loop0: detected capacity change from 0 to 1024
[   27.797334] EXT4-fs: Ignoring removed bh option
[   27.797593] Unexpected value for 'nolazytime'
[   27.814876] loop0: detected capacity change from 0 to 1024
[   27.815260] EXT4-fs: Ignoring removed bh option
[   27.815510] Unexpected value for 'nolazytime'
[   27.834883] loop0: detected capacity change from 0 to 1024
[   27.835256] EXT4-fs: Ignoring removed bh option
[   27.835509] Unexpected value for 'nolazytime'
[   27.854860] loop0: detected capacity change from 0 to 1024
[   27.855229] EXT4-fs: Ignoring removed bh option
[   27.855484] Unexpected value for 'nolazytime'
[   27.884071] loop0: detected capacity change from 0 to 1024
[   27.884692] EXT4-fs: Ignoring removed bh option
[   27.884957] Unexpected value for 'nolazytime'
[   27.904056] loop0: detected capacity change from 0 to 1024
[   27.904501] EXT4-fs: Ignoring removed bh option
[   27.904755] Unexpected value for 'nolazytime'
[   27.924081] loop0: detected capacity change from 0 to 1024
[   27.924529] EXT4-fs: Ignoring removed bh option
[   27.924804] Unexpected value for 'nolazytime'
[   27.952085] loop0: detected capacity change from 0 to 1024
[   27.952547] EXT4-fs: Ignoring removed bh option
[   27.952816] Unexpected value for 'nolazytime'
[   27.972066] loop0: detected capacity change from 0 to 1024
[   27.972540] EXT4-fs: Ignoring removed bh option
[   27.972804] Unexpected value for 'nolazytime'
[   27.988055] loop0: detected capacity change from 0 to 1024
[   27.988535] EXT4-fs: Ignoring removed bh option
[   27.988818] Unexpected value for 'nolazytime'
[   28.004128] loop0: detected capacity change from 0 to 1024
[   28.004911] EXT4-fs: Ignoring removed bh option
[   28.005281] Unexpected value for 'nolazytime'
[   28.024074] loop0: detected capacity change from 0 to 1024
[   28.024604] EXT4-fs: Ignoring removed bh option
[   28.024868] Unexpected value for 'nolazytime'
[   28.052071] loop0: detected capacity change from 0 to 1024
[   28.052536] EXT4-fs: Ignoring removed bh option
[   28.052818] Unexpected value for 'nolazytime'
[   28.076056] loop0: detected capacity change from 0 to 1024
[   28.076514] EXT4-fs: Ignoring removed bh option
[   28.076781] Unexpected value for 'nolazytime'
[   28.108058] loop0: detected capacity change from 0 to 1024
[   28.108507] EXT4-fs: Ignoring removed bh option
[   28.108782] Unexpected value for 'nolazytime'
[   28.136065] loop0: detected capacity change from 0 to 1024
[   28.136510] EXT4-fs: Ignoring removed bh option
[   28.136775] Unexpected value for 'nolazytime'
[   28.156079] loop0: detected capacity change from 0 to 1024
[   28.156570] EXT4-fs: Ignoring removed bh option
[   28.156839] Unexpected value for 'nolazytime'
[   28.172046] loop0: detected capacity change from 0 to 1024
[   28.172500] EXT4-fs: Ignoring removed bh option
[   28.172768] Unexpected value for 'nolazytime'
[   28.188080] loop0: detected capacity change from 0 to 1024
[   28.188578] EXT4-fs: Ignoring removed bh option
[   28.188840] Unexpected value for 'nolazytime'
[   28.204053] loop0: detected capacity change from 0 to 1024
[   28.204498] EXT4-fs: Ignoring removed bh option
[   28.204762] Unexpected value for 'nolazytime'
[   28.224074] loop0: detected capacity change from 0 to 1024
[   28.224548] EXT4-fs: Ignoring removed bh option
[   28.224813] Unexpected value for 'nolazytime'
[   28.244065] loop0: detected capacity change from 0 to 1024
[   28.244539] EXT4-fs: Ignoring removed bh option
[   28.244810] Unexpected value for 'nolazytime'
[   28.260067] loop0: detected capacity change from 0 to 1024
[   28.260522] EXT4-fs: Ignoring removed bh option
[   28.260789] Unexpected value for 'nolazytime'
[   28.276062] loop0: detected capacity change from 0 to 1024
[   28.276528] EXT4-fs: Ignoring removed bh option
[   28.276792] Unexpected value for 'nolazytime'
[   28.296051] loop0: detected capacity change from 0 to 1024
[   28.296514] EXT4-fs: Ignoring removed bh option
[   28.296768] Unexpected value for 'nolazytime'
[   28.316079] loop0: detected capacity change from 0 to 1024
[   28.316509] EXT4-fs: Ignoring removed bh option
[   28.316763] Unexpected value for 'nolazytime'
[   28.332246] loop0: detected capacity change from 0 to 1024
[   28.332602] EXT4-fs: Ignoring removed bh option
[   28.332858] Unexpected value for 'nolazytime'
[   28.351994] loop0: detected capacity change from 0 to 1024
[   28.352479] EXT4-fs: Ignoring removed bh option
[   28.352752] Unexpected value for 'nolazytime'
[   28.372013] loop0: detected capacity change from 0 to 1024
[   28.372467] EXT4-fs: Ignoring removed bh option
[   28.372737] Unexpected value for 'nolazytime'
[   28.392092] loop0: detected capacity change from 0 to 1024
[   28.392546] EXT4-fs: Ignoring removed bh option
[   28.392800] Unexpected value for 'nolazytime'
[   28.412073] loop0: detected capacity change from 0 to 1024
[   28.412519] EXT4-fs: Ignoring removed bh option
[   28.412775] Unexpected value for 'nolazytime'
[   28.432067] loop0: detected capacity change from 0 to 1024
[   28.432520] EXT4-fs: Ignoring removed bh option
[   28.432773] Unexpected value for 'nolazytime'
[   28.452067] loop0: detected capacity change from 0 to 1024
[   28.452528] EXT4-fs: Ignoring removed bh option
[   28.452788] Unexpected value for 'nolazytime'
[   28.472084] loop0: detected capacity change from 0 to 1024
[   28.472542] EXT4-fs: Ignoring removed bh option
[   28.472808] Unexpected value for 'nolazytime'
[   28.492056] loop0: detected capacity change from 0 to 1024
[   28.492509] EXT4-fs: Ignoring removed bh option
[   28.492771] Unexpected value for 'nolazytime'
[   28.512060] loop0: detected capacity change from 0 to 1024
[   28.512501] EXT4-fs: Ignoring removed bh option
[   28.512757] Unexpected value for 'nolazytime'
[   28.532269] loop0: detected capacity change from 0 to 1024
[   28.532649] EXT4-fs: Ignoring removed bh option
[   28.532932] Unexpected value for 'nolazytime'
[   28.552044] loop0: detected capacity change from 0 to 1024
[   28.552572] EXT4-fs: Ignoring removed bh option
[   28.552857] Unexpected value for 'nolazytime'
[   28.572253] loop0: detected capacity change from 0 to 1024
[   28.572806] EXT4-fs: Ignoring removed bh option
[   28.573064] Unexpected value for 'nolazytime'
[   28.594686] loop0: detected capacity change from 0 to 1024
[   28.595049] EXT4-fs: Ignoring removed bh option
[   28.595356] Unexpected value for 'nolazytime'
[   28.612089] loop0: detected capacity change from 0 to 1024
[   28.612451] EXT4-fs: Ignoring removed bh option
[   28.612702] Unexpected value for 'nolazytime'
[   28.631799] loop0: detected capacity change from 0 to 1024
[   28.632316] EXT4-fs: Ignoring removed bh option
[   28.632599] Unexpected value for 'nolazytime'
[   28.654824] loop0: detected capacity change from 0 to 1024
[   28.655222] EXT4-fs: Ignoring removed bh option
[   28.655481] Unexpected value for 'nolazytime'
[   28.668103] loop0: detected capacity change from 0 to 1024
[   28.668819] EXT4-fs: Ignoring removed bh option
[   28.669099] Unexpected value for 'nolazytime'
[   28.684010] loop0: detected capacity change from 0 to 1024
[   28.684687] EXT4-fs: Ignoring removed bh option
[   28.684964] Unexpected value for 'nolazytime'
[   28.700080] loop0: detected capacity change from 0 to 1024
[   28.700723] EXT4-fs: Ignoring removed bh option
[   28.700990] Unexpected value for 'nolazytime'
[   28.732250] loop0: detected capacity change from 0 to 1024
[   28.732838] EXT4-fs: Ignoring removed bh option
[   28.733106] Unexpected value for 'nolazytime'
[   28.748499] loop0: detected capacity change from 0 to 1024
[   28.748862] EXT4-fs: Ignoring removed bh option
[   28.749117] Unexpected value for 'nolazytime'
[   28.772506] loop0: detected capacity change from 0 to 1024
[   28.773358] EXT4-fs: Ignoring removed bh option
[   28.773625] Unexpected value for 'nolazytime'
[   28.804058] loop0: detected capacity change from 0 to 1024
[   28.804488] EXT4-fs: Ignoring removed bh option
[   28.804801] Unexpected value for 'nolazytime'
[   28.816088] loop0: detected capacity change from 0 to 1024
[   28.816508] EXT4-fs: Ignoring removed bh option
[   28.816811] Unexpected value for 'nolazytime'
[   28.828148] loop0: detected capacity change from 0 to 1024
[   28.828692] EXT4-fs: Ignoring removed bh option
[   28.828948] Unexpected value for 'nolazytime'
[   28.842885] loop0: detected capacity change from 0 to 1024
[   28.843237] EXT4-fs: Ignoring removed bh option
[   28.843520] Unexpected value for 'nolazytime'
[   28.862960] loop0: detected capacity change from 0 to 1024
[   28.863495] EXT4-fs: Ignoring removed bh option
[   28.863776] Unexpected value for 'nolazytime'
[   28.883848] loop0: detected capacity change from 0 to 1024
[   28.884341] EXT4-fs: Ignoring removed bh option
[   28.884625] Unexpected value for 'nolazytime'
[   28.904122] loop0: detected capacity change from 0 to 1024
[   28.904541] EXT4-fs: Ignoring removed bh option
[   28.904796] Unexpected value for 'nolazytime'
[   28.922712] loop0: detected capacity change from 0 to 1024
[   28.923108] EXT4-fs: Ignoring removed bh option
[   28.923359] Unexpected value for 'nolazytime'
[   28.940089] loop0: detected capacity change from 0 to 1024
[   28.943231] EXT4-fs: Ignoring removed bh option
[   28.943488] Unexpected value for 'nolazytime'
[   28.958709] loop0: detected capacity change from 0 to 1024
[   28.959107] EXT4-fs: Ignoring removed bh option
[   28.959358] Unexpected value for 'nolazytime'
[   28.972077] loop0: detected capacity change from 0 to 1024
[   28.975120] EXT4-fs: Ignoring removed bh option
[   28.975371] Unexpected value for 'nolazytime'
[   28.988078] loop0: detected capacity change from 0 to 1024
[   28.988534] EXT4-fs: Ignoring removed bh option
[   28.988803] Unexpected value for 'nolazytime'
[   29.008066] loop0: detected capacity change from 0 to 1024
[   29.008548] EXT4-fs: Ignoring removed bh option
[   29.008808] Unexpected value for 'nolazytime'
[   29.028216] loop0: detected capacity change from 0 to 1024
[   29.028774] EXT4-fs: Ignoring removed bh option
[   29.029123] Unexpected value for 'nolazytime'
[   29.052146] loop0: detected capacity change from 0 to 1024
[   29.052618] EXT4-fs: Ignoring removed bh option
[   29.052918] Unexpected value for 'nolazytime'
[   29.072068] loop0: detected capacity change from 0 to 1024
[   29.072570] EXT4-fs: Ignoring removed bh option
[   29.072833] Unexpected value for 'nolazytime'
[   29.100048] loop0: detected capacity change from 0 to 1024
[   29.100568] EXT4-fs: Ignoring removed bh option
[   29.100855] Unexpected value for 'nolazytime'
[   29.120062] loop0: detected capacity change from 0 to 1024
[   29.120562] EXT4-fs: Ignoring removed bh option
[   29.120831] Unexpected value for 'nolazytime'
[   29.140051] loop0: detected capacity change from 0 to 1024
[   29.140551] EXT4-fs: Ignoring removed bh option
[   29.140821] Unexpected value for 'nolazytime'
[   29.160042] loop0: detected capacity change from 0 to 1024
[   29.160514] EXT4-fs: Ignoring removed bh option
[   29.160793] Unexpected value for 'nolazytime'
[   29.180321] loop0: detected capacity change from 0 to 1024
[   29.181023] EXT4-fs: Ignoring removed bh option
[   29.181788] Unexpected value for 'nolazytime'
[   29.205040] loop0: detected capacity change from 0 to 1024
[   29.205408] EXT4-fs: Ignoring removed bh option
[   29.205664] Unexpected value for 'nolazytime'
[   29.227937] loop0: detected capacity change from 0 to 1024
[   29.228323] EXT4-fs: Ignoring removed bh option
[   29.228587] Unexpected value for 'nolazytime'
[   29.254860] loop0: detected capacity change from 0 to 1024
[   29.255252] EXT4-fs: Ignoring removed bh option
[   29.255531] Unexpected value for 'nolazytime'
[   29.276076] loop0: detected capacity change from 0 to 1024
[   29.276483] EXT4-fs: Ignoring removed bh option
[   29.276770] Unexpected value for 'nolazytime'
[   29.298615] loop0: detected capacity change from 0 to 1024
[   29.299059] EXT4-fs: Ignoring removed bh option
[   29.299339] Unexpected value for 'nolazytime'
[   29.312084] loop0: detected capacity change from 0 to 1024
[   29.312486] EXT4-fs: Ignoring removed bh option
[   29.312766] Unexpected value for 'nolazytime'
[   29.334632] loop0: detected capacity change from 0 to 1024
[   29.335076] EXT4-fs: Ignoring removed bh option
[   29.335357] Unexpected value for 'nolazytime'
[   29.360012] loop0: detected capacity change from 0 to 1024
[   29.360398] EXT4-fs: Ignoring removed bh option
[   29.360656] Unexpected value for 'nolazytime'
[   29.379532] loop0: detected capacity change from 0 to 1024
[   29.380081] EXT4-fs: Ignoring removed bh option
[   29.380353] Unexpected value for 'nolazytime'
[   29.424062] loop0: detected capacity change from 0 to 1024
[   29.424445] EXT4-fs: Ignoring removed bh option
[   29.424723] Unexpected value for 'nolazytime'
[   29.442598] loop0: detected capacity change from 0 to 1024
[   29.442975] EXT4-fs: Ignoring removed bh option
[   29.443259] Unexpected value for 'nolazytime'
[   29.464104] loop0: detected capacity change from 0 to 1024
[   29.464453] EXT4-fs: Ignoring removed bh option
[   29.464720] Unexpected value for 'nolazytime'
[   29.482585] loop0: detected capacity change from 0 to 1024
[   29.482985] EXT4-fs: Ignoring removed bh option
[   29.483252] Unexpected value for 'nolazytime'
[   29.504055] loop0: detected capacity change from 0 to 1024
[   29.504421] EXT4-fs: Ignoring removed bh option
[   29.504688] Unexpected value for 'nolazytime'
[   29.522663] loop0: detected capacity change from 0 to 1024
[   29.523020] EXT4-fs: Ignoring removed bh option
[   29.523280] Unexpected value for 'nolazytime'
[   29.544010] loop0: detected capacity change from 0 to 1024
[   29.544395] EXT4-fs: Ignoring removed bh option
[   29.544687] Unexpected value for 'nolazytime'
[   29.562651] loop0: detected capacity change from 0 to 1024
[   29.563013] EXT4-fs: Ignoring removed bh option
[   29.563273] Unexpected value for 'nolazytime'
[   29.588060] loop0: detected capacity change from 0 to 1024
[   29.588433] EXT4-fs: Ignoring removed bh option
[   29.588701] Unexpected value for 'nolazytime'
[   29.614596] loop0: detected capacity change from 0 to 1024
[   29.615021] EXT4-fs: Ignoring removed bh option
[   29.615276] Unexpected value for 'nolazytime'
[   29.628106] loop0: detected capacity change from 0 to 1024
[   29.628459] EXT4-fs: Ignoring removed bh option
[   29.628727] Unexpected value for 'nolazytime'
[   29.650589] loop0: detected capacity change from 0 to 1024
[   29.650958] EXT4-fs: Ignoring removed bh option
[   29.651237] Unexpected value for 'nolazytime'
[   29.681556] loop0: detected capacity change from 0 to 1024
[   29.682556] EXT4-fs: Ignoring removed bh option
[   29.682819] Unexpected value for 'nolazytime'
[   29.702768] loop0: detected capacity change from 0 to 1024
[   29.703163] EXT4-fs: Ignoring removed bh option
[   29.703418] Unexpected value for 'nolazytime'
[   29.720085] loop0: detected capacity change from 0 to 1024
[   29.720445] EXT4-fs: Ignoring removed bh option
[   29.720709] Unexpected value for 'nolazytime'
[   29.758578] loop0: detected capacity change from 0 to 1024
[   29.758973] EXT4-fs: Ignoring removed bh option
[   29.759251] Unexpected value for 'nolazytime'
[   29.792056] loop0: detected capacity change from 0 to 1024
[   29.792432] EXT4-fs: Ignoring removed bh option
[   29.792694] Unexpected value for 'nolazytime'
[   29.810549] loop0: detected capacity change from 0 to 1024
[   29.810954] EXT4-fs: Ignoring removed bh option
[   29.811207] Unexpected value for 'nolazytime'
[   29.827544] loop0: detected capacity change from 0 to 1024
[   29.827947] EXT4-fs: Ignoring removed bh option
[   29.828198] Unexpected value for 'nolazytime'
[   29.859983] loop0: detected capacity change from 0 to 1024
[   29.863650] EXT4-fs: Ignoring removed bh option
[   29.864117] Unexpected value for 'nolazytime'
[   29.884007] loop0: detected capacity change from 0 to 1024
[   29.884539] EXT4-fs: Ignoring removed bh option
[   29.884804] Unexpected value for 'nolazytime'
[   29.920001] loop0: detected capacity change from 0 to 1024
[   29.920607] EXT4-fs: Ignoring removed bh option
[   29.920872] Unexpected value for 'nolazytime'
[   29.944071] loop0: detected capacity change from 0 to 1024
[   29.944667] EXT4-fs: Ignoring removed bh option
[   29.944929] Unexpected value for 'nolazytime'
[   29.980111] loop0: detected capacity change from 0 to 1024
[   29.980718] EXT4-fs: Ignoring removed bh option
[   29.980983] Unexpected value for 'nolazytime'
[   30.008111] loop0: detected capacity change from 0 to 1024
[   30.008724] EXT4-fs: Ignoring removed bh option
[   30.008987] Unexpected value for 'nolazytime'
[   30.036066] loop0: detected capacity change from 0 to 1024
[   30.036521] EXT4-fs: Ignoring removed bh option
[   30.036809] Unexpected value for 'nolazytime'
[   30.064074] loop0: detected capacity change from 0 to 1024
[   30.064686] EXT4-fs: Ignoring removed bh option
[   30.064949] Unexpected value for 'nolazytime'
[   30.088070] loop0: detected capacity change from 0 to 1024
[   30.088685] EXT4-fs: Ignoring removed bh option
[   30.088953] Unexpected value for 'nolazytime'
[   30.112069] loop0: detected capacity change from 0 to 1024
[   30.112721] EXT4-fs: Ignoring removed bh option
[   30.112989] Unexpected value for 'nolazytime'
[   30.144064] loop0: detected capacity change from 0 to 1024
[   30.144702] EXT4-fs: Ignoring removed bh option
[   30.144968] Unexpected value for 'nolazytime'
[   30.168075] loop0: detected capacity change from 0 to 1024
[   30.168719] EXT4-fs: Ignoring removed bh option
[   30.168990] Unexpected value for 'nolazytime'
[   30.192066] loop0: detected capacity change from 0 to 1024
[   30.192694] EXT4-fs: Ignoring removed bh option
[   30.192965] Unexpected value for 'nolazytime'
[   30.208065] loop0: detected capacity change from 0 to 1024
[   30.208658] EXT4-fs: Ignoring removed bh option
[   30.208922] Unexpected value for 'nolazytime'
[   30.224063] loop0: detected capacity change from 0 to 1024
[   30.224671] EXT4-fs: Ignoring removed bh option
[   30.224934] Unexpected value for 'nolazytime'
[   30.240063] loop0: detected capacity change from 0 to 1024
[   30.240681] EXT4-fs: Ignoring removed bh option
[   30.240958] Unexpected value for 'nolazytime'
[   30.264098] loop0: detected capacity change from 0 to 1024
[   30.264727] EXT4-fs: Ignoring removed bh option
[   30.264997] Unexpected value for 'nolazytime'
[   30.292082] loop0: detected capacity change from 0 to 1024
[   30.292711] EXT4-fs: Ignoring removed bh option
[   30.292976] Unexpected value for 'nolazytime'
[   30.332098] loop0: detected capacity change from 0 to 1024
[   30.332716] EXT4-fs: Ignoring removed bh option
[   30.332978] Unexpected value for 'nolazytime'
[   30.356081] loop0: detected capacity change from 0 to 1024
[   30.356662] EXT4-fs: Ignoring removed bh option
[   30.356921] Unexpected value for 'nolazytime'
[   30.396108] loop0: detected capacity change from 0 to 1024
[   30.396804] EXT4-fs: Ignoring removed bh option
[   30.397069] Unexpected value for 'nolazytime'
[   30.420085] loop0: detected capacity change from 0 to 1024
[   30.420802] EXT4-fs: Ignoring removed bh option
[   30.421067] Unexpected value for 'nolazytime'
[   30.440071] loop0: detected capacity change from 0 to 1024
[   30.440797] EXT4-fs: Ignoring removed bh option
[   30.441070] Unexpected value for 'nolazytime'
[   30.476077] loop0: detected capacity change from 0 to 1024
[   30.476791] EXT4-fs: Ignoring removed bh option
[   30.477055] Unexpected value for 'nolazytime'
[   30.496071] loop0: detected capacity change from 0 to 1024
[   30.496784] EXT4-fs: Ignoring removed bh option
[   30.497046] Unexpected value for 'nolazytime'
[   30.516069] loop0: detected capacity change from 0 to 1024
[   30.516792] EXT4-fs: Ignoring removed bh option
[   30.517056] Unexpected value for 'nolazytime'
[   30.552099] loop0: detected capacity change from 0 to 1024
[   30.552458] EXT4-fs: Ignoring removed bh option
[   30.552936] Unexpected value for 'nolazytime'
[   30.572079] loop0: detected capacity change from 0 to 1024
[   30.572811] EXT4-fs: Ignoring removed bh option
[   30.573076] Unexpected value for 'nolazytime'
[   30.592065] loop0: detected capacity change from 0 to 1024
[   30.592802] EXT4-fs: Ignoring removed bh option
[   30.593070] Unexpected value for 'nolazytime'
[   30.612067] loop0: detected capacity change from 0 to 1024
[   30.612776] EXT4-fs: Ignoring removed bh option
[   30.613040] Unexpected value for 'nolazytime'
[   30.644068] loop0: detected capacity change from 0 to 1024
[   30.644779] EXT4-fs: Ignoring removed bh option
[   30.645043] Unexpected value for 'nolazytime'
[   30.668081] loop0: detected capacity change from 0 to 1024
[   30.668801] EXT4-fs: Ignoring removed bh option
[   30.669062] Unexpected value for 'nolazytime'
[   30.692115] loop0: detected capacity change from 0 to 1024
[   30.692911] EXT4-fs: Ignoring removed bh option
[   30.693172] Unexpected value for 'nolazytime'
[   30.712069] loop0: detected capacity change from 0 to 1024
[   30.712815] EXT4-fs: Ignoring removed bh option
[   30.713083] Unexpected value for 'nolazytime'
[   30.732063] loop0: detected capacity change from 0 to 1024
[   30.732807] EXT4-fs: Ignoring removed bh option
[   30.733068] Unexpected value for 'nolazytime'
[   30.764069] loop0: detected capacity change from 0 to 1024
[   30.764786] EXT4-fs: Ignoring removed bh option
[   30.765049] Unexpected value for 'nolazytime'
[   30.784070] loop0: detected capacity change from 0 to 1024
[   30.784798] EXT4-fs: Ignoring removed bh option
[   30.785061] Unexpected value for 'nolazytime'
[   30.804065] loop0: detected capacity change from 0 to 1024
[   30.804784] EXT4-fs: Ignoring removed bh option
[   30.805047] Unexpected value for 'nolazytime'
[   30.828079] loop0: detected capacity change from 0 to 1024
[   30.828806] EXT4-fs: Ignoring removed bh option
[   30.829070] Unexpected value for 'nolazytime'
[   30.852073] loop0: detected capacity change from 0 to 1024
[   30.852795] EXT4-fs: Ignoring removed bh option
[   30.853056] Unexpected value for 'nolazytime'
[   30.876087] loop0: detected capacity change from 0 to 1024
[   30.876827] EXT4-fs: Ignoring removed bh option
[   30.877089] Unexpected value for 'nolazytime'
[   30.900078] loop0: detected capacity change from 0 to 1024
[   30.900798] EXT4-fs: Ignoring removed bh option
[   30.901061] Unexpected value for 'nolazytime'
[   30.920065] loop0: detected capacity change from 0 to 1024
[   30.920773] EXT4-fs: Ignoring removed bh option
[   30.921039] Unexpected value for 'nolazytime'
[   30.948078] loop0: detected capacity change from 0 to 1024
[   30.948806] EXT4-fs: Ignoring removed bh option
[   30.949073] Unexpected value for 'nolazytime'
[   30.972105] loop0: detected capacity change from 0 to 1024
[   30.972824] EXT4-fs: Ignoring removed bh option
[   30.973087] Unexpected value for 'nolazytime'
[   30.996069] loop0: detected capacity change from 0 to 1024
[   30.996788] EXT4-fs: Ignoring removed bh option
[   30.997050] Unexpected value for 'nolazytime'
[   31.020082] loop0: detected capacity change from 0 to 1024
[   31.020851] EXT4-fs: Ignoring removed bh option
[   31.021115] Unexpected value for 'nolazytime'
[   31.044066] loop0: detected capacity change from 0 to 1024
[   31.044786] EXT4-fs: Ignoring removed bh option
[   31.045060] Unexpected value for 'nolazytime'
[   31.064083] loop0: detected capacity change from 0 to 1024
[   31.064868] EXT4-fs: Ignoring removed bh option
[   31.065133] Unexpected value for 'nolazytime'
[   31.084069] loop0: detected capacity change from 0 to 1024
[   31.084793] EXT4-fs: Ignoring removed bh option
[   31.085056] Unexpected value for 'nolazytime'
[   31.108103] loop0: detected capacity change from 0 to 1024
[   31.108820] EXT4-fs: Ignoring removed bh option
[   31.109083] Unexpected value for 'nolazytime'
[   31.132095] loop0: detected capacity change from 0 to 1024
[   31.132834] EXT4-fs: Ignoring removed bh option
[   31.133099] Unexpected value for 'nolazytime'
[   31.152072] loop0: detected capacity change from 0 to 1024
[   31.152786] EXT4-fs: Ignoring removed bh option
[   31.153050] Unexpected value for 'nolazytime'
[   31.172070] loop0: detected capacity change from 0 to 1024
[   31.172784] EXT4-fs: Ignoring removed bh option
[   31.173046] Unexpected value for 'nolazytime'
[   31.204131] loop0: detected capacity change from 0 to 1024
[   31.204844] EXT4-fs: Ignoring removed bh option
[   31.205109] Unexpected value for 'nolazytime'
[   31.224084] loop0: detected capacity change from 0 to 1024
[   31.224671] EXT4-fs: Ignoring removed bh option
[   31.224932] Unexpected value for 'nolazytime'
[   31.246868] loop0: detected capacity change from 0 to 1024
[   31.247300] EXT4-fs: Ignoring removed bh option
[   31.247558] Unexpected value for 'nolazytime'
[   31.280131] loop0: detected capacity change from 0 to 1024
[   31.280514] EXT4-fs: Ignoring removed bh option
[   31.280771] Unexpected value for 'nolazytime'
[   31.302971] loop0: detected capacity change from 0 to 1024
[   31.303368] EXT4-fs: Ignoring removed bh option
[   31.303633] Unexpected value for 'nolazytime'
[   31.340071] loop0: detected capacity change from 0 to 1024
[   31.340432] EXT4-fs: Ignoring removed bh option
[   31.340691] Unexpected value for 'nolazytime'
[   31.370929] loop0: detected capacity change from 0 to 1024
[   31.371369] EXT4-fs: Ignoring removed bh option
[   31.371666] Unexpected value for 'nolazytime'
[   31.396088] loop0: detected capacity change from 0 to 1024
[   31.396452] EXT4-fs: Ignoring removed bh option
[   31.396723] Unexpected value for 'nolazytime'
[   31.426954] loop0: detected capacity change from 0 to 1024
[   31.427332] EXT4-fs: Ignoring removed bh option
[   31.427618] Unexpected value for 'nolazytime'
[   31.448084] loop0: detected capacity change from 0 to 1024
[   31.448494] EXT4-fs: Ignoring removed bh option
[   31.448782] Unexpected value for 'nolazytime'
[   31.466900] loop0: detected capacity change from 0 to 1024
[   31.467357] EXT4-fs: Ignoring removed bh option
[   31.467667] Unexpected value for 'nolazytime'
[   31.488070] loop0: detected capacity change from 0 to 1024
[   31.488472] EXT4-fs: Ignoring removed bh option
[   31.488768] Unexpected value for 'nolazytime'
[   31.510907] loop0: detected capacity change from 0 to 1024
[   31.511351] EXT4-fs: Ignoring removed bh option
[   31.511637] Unexpected value for 'nolazytime'
[   31.532096] loop0: detected capacity change from 0 to 1024
[   31.532490] EXT4-fs: Ignoring removed bh option
[   31.532778] Unexpected value for 'nolazytime'
[   31.550893] loop0: detected capacity change from 0 to 1024
[   31.551354] EXT4-fs: Ignoring removed bh option
[   31.551643] Unexpected value for 'nolazytime'
[   31.580166] loop0: detected capacity change from 0 to 1024
[   31.580571] EXT4-fs: Ignoring removed bh option
[   31.580853] Unexpected value for 'nolazytime'
[   31.604077] loop0: detected capacity change from 0 to 1024
[   31.608241] EXT4-fs: Ignoring removed bh option
[   31.608788] Unexpected value for 'nolazytime'
[   31.642981] loop0: detected capacity change from 0 to 1024
[   31.643384] EXT4-fs: Ignoring removed bh option
[   31.643671] Unexpected value for 'nolazytime'
[   31.670965] loop0: detected capacity change from 0 to 1024
[   31.671370] EXT4-fs: Ignoring removed bh option
[   31.671657] Unexpected value for 'nolazytime'
[   31.688073] loop0: detected capacity change from 0 to 1024
[   31.688863] EXT4-fs: Ignoring removed bh option
[   31.689158] Unexpected value for 'nolazytime'
[   31.712076] loop0: detected capacity change from 0 to 1024
[   31.712741] EXT4-fs: Ignoring removed bh option
[   31.713034] Unexpected value for 'nolazytime'
[   31.736082] loop0: detected capacity change from 0 to 1024
[   31.736621] EXT4-fs: Ignoring removed bh option
[   31.736919] Unexpected value for 'nolazytime'
[   31.756066] loop0: detected capacity change from 0 to 1024
[   31.756599] EXT4-fs: Ignoring removed bh option
[   31.756887] Unexpected value for 'nolazytime'
[   31.776063] loop0: detected capacity change from 0 to 1024
[   31.776569] EXT4-fs: Ignoring removed bh option
[   31.776854] Unexpected value for 'nolazytime'
[   31.800078] loop0: detected capacity change from 0 to 1024
[   31.800609] EXT4-fs: Ignoring removed bh option
[   31.800907] Unexpected value for 'nolazytime'
[   31.820076] loop0: detected capacity change from 0 to 1024
[   31.820593] EXT4-fs: Ignoring removed bh option
[   31.820876] Unexpected value for 'nolazytime'
[   31.844070] loop0: detected capacity change from 0 to 1024
[   31.844595] EXT4-fs: Ignoring removed bh option
[   31.844893] Unexpected value for 'nolazytime'
[   31.868104] loop0: detected capacity change from 0 to 1024
[   31.868629] EXT4-fs: Ignoring removed bh option
[   31.868913] Unexpected value for 'nolazytime'
[   31.892078] loop0: detected capacity change from 0 to 1024
[   31.892609] EXT4-fs: Ignoring removed bh option
[   31.892900] Unexpected value for 'nolazytime'
[   31.912071] loop0: detected capacity change from 0 to 1024
[   31.912604] EXT4-fs: Ignoring removed bh option
[   31.912901] Unexpected value for 'nolazytime'
[   31.936084] loop0: detected capacity change from 0 to 1024
[   31.936605] EXT4-fs: Ignoring removed bh option
[   31.936897] Unexpected value for 'nolazytime'
[   31.956048] loop0: detected capacity change from 0 to 1024
[   31.956577] EXT4-fs: Ignoring removed bh option
[   31.956878] Unexpected value for 'nolazytime'
[   31.984217] loop0: detected capacity change from 0 to 1024
[   31.984673] EXT4-fs: Ignoring removed bh option
[   31.984969] Unexpected value for 'nolazytime'
[   32.008043] loop0: detected capacity change from 0 to 1024
[   32.008571] EXT4-fs: Ignoring removed bh option
[   32.008869] Unexpected value for 'nolazytime'
[   32.028071] loop0: detected capacity change from 0 to 1024
[   32.028650] EXT4-fs: Ignoring removed bh option
[   32.028951] Unexpected value for 'nolazytime'
[   32.054930] loop0: detected capacity change from 0 to 1024
[   32.055368] EXT4-fs: Ignoring removed bh option
[   32.055671] Unexpected value for 'nolazytime'
[   32.079974] loop0: detected capacity change from 0 to 1024
[   32.082283] EXT4-fs: Ignoring removed bh option
[   32.082574] Unexpected value for 'nolazytime'
[   32.100159] loop0: detected capacity change from 0 to 1024
[   32.100584] EXT4-fs: Ignoring removed bh option
[   32.100868] Unexpected value for 'nolazytime'
[   32.120354] loop0: detected capacity change from 0 to 1024
[   32.122653] EXT4-fs: Ignoring removed bh option
[   32.122944] Unexpected value for 'nolazytime'
[   32.140150] loop0: detected capacity change from 0 to 1024
[   32.141732] EXT4-fs: Ignoring removed bh option
[   32.142134] Unexpected value for 'nolazytime'
[   32.160283] loop0: detected capacity change from 0 to 1024
[   32.160972] EXT4-fs: Ignoring removed bh option
[   32.161273] Unexpected value for 'nolazytime'
[   32.176554] loop0: detected capacity change from 0 to 1024
[   32.176942] EXT4-fs: Ignoring removed bh option
[   32.177247] Unexpected value for 'nolazytime'
[   32.196523] loop0: detected capacity change from 0 to 1024
[   32.197518] EXT4-fs: Ignoring removed bh option
[   32.208552] Unexpected value for 'nolazytime'
[   32.216685] loop0: detected capacity change from 0 to 1024
[   32.217792] EXT4-fs: Ignoring removed bh option
[   32.224746] Unexpected value for 'nolazytime'
[   32.240143] loop0: detected capacity change from 0 to 1024
[   32.240896] EXT4-fs: Ignoring removed bh option
[   32.241217] Unexpected value for 'nolazytime'
[   32.256247] loop0: detected capacity change from 0 to 1024
[   32.256907] EXT4-fs: Ignoring removed bh option
[   32.257207] Unexpected value for 'nolazytime'
[   32.275910] loop0: detected capacity change from 0 to 1024
[   32.276451] EXT4-fs: Ignoring removed bh option
[   32.276754] Unexpected value for 'nolazytime'
[   32.300556] loop0: detected capacity change from 0 to 1024
[   32.301254] EXT4-fs: Ignoring removed bh option
[   32.301552] Unexpected value for 'nolazytime'
[   32.320071] loop0: detected capacity change from 0 to 1024
[   32.320460] EXT4-fs: Ignoring removed bh option
[   32.320738] Unexpected value for 'nolazytime'
[   32.343230] loop0: detected capacity change from 0 to 1024
[   32.343674] EXT4-fs: Ignoring removed bh option
[   32.343977] Unexpected value for 'nolazytime'
[   32.372082] loop0: detected capacity change from 0 to 1024
[   32.372488] EXT4-fs: Ignoring removed bh option
[   32.372775] Unexpected value for 'nolazytime'
[   32.391251] loop0: detected capacity change from 0 to 1024
[   32.391679] EXT4-fs: Ignoring removed bh option
[   32.391979] Unexpected value for 'nolazytime'
[   32.412081] loop0: detected capacity change from 0 to 1024
[   32.412495] EXT4-fs: Ignoring removed bh option
[   32.412793] Unexpected value for 'nolazytime'
[   32.431237] loop0: detected capacity change from 0 to 1024
[   32.431666] EXT4-fs: Ignoring removed bh option
[   32.431974] Unexpected value for 'nolazytime'
[   32.448092] loop0: detected capacity change from 0 to 1024
[   32.448484] EXT4-fs: Ignoring removed bh option
[   32.448774] Unexpected value for 'nolazytime'
[   32.471964] loop0: detected capacity change from 0 to 1024
[   32.472596] EXT4-fs: Ignoring removed bh option
[   32.472881] Unexpected value for 'nolazytime'
[   32.492077] loop0: detected capacity change from 0 to 1024
[   32.492492] EXT4-fs: Ignoring removed bh option
[   32.492770] Unexpected value for 'nolazytime'
[   32.515249] loop0: detected capacity change from 0 to 1024
[   32.515686] EXT4-fs: Ignoring removed bh option
[   32.515985] Unexpected value for 'nolazytime'
[   32.536123] loop0: detected capacity change from 0 to 1024
[   32.536536] EXT4-fs: Ignoring removed bh option
[   32.536821] Unexpected value for 'nolazytime'
[   32.555274] loop0: detected capacity change from 0 to 1024
[   32.555722] EXT4-fs: Ignoring removed bh option
[   32.556023] Unexpected value for 'nolazytime'
[   32.580320] loop0: detected capacity change from 0 to 1024
[   32.584718] EXT4-fs: Ignoring removed bh option
[   32.585012] Unexpected value for 'nolazytime'
[   32.596586] loop0: detected capacity change from 0 to 1024
[   32.597162] EXT4-fs: Ignoring removed bh option
[   32.597462] Unexpected value for 'nolazytime'
[   32.616046] loop0: detected capacity change from 0 to 1024
[   32.616736] EXT4-fs: Ignoring removed bh option
[   32.617020] Unexpected value for 'nolazytime'
[   32.636056] loop0: detected capacity change from 0 to 1024
[   32.636728] EXT4-fs: Ignoring removed bh option
[   32.637025] Unexpected value for 'nolazytime'
[   32.656047] loop0: detected capacity change from 0 to 1024
[   32.656704] EXT4-fs: Ignoring removed bh option
[   32.657006] Unexpected value for 'nolazytime'
[   32.676292] loop0: detected capacity change from 0 to 1024
[   32.676709] EXT4-fs: Ignoring removed bh option
[   32.677181] Unexpected value for 'nolazytime'
[   32.692012] loop0: detected capacity change from 0 to 1024
[   32.692667] EXT4-fs: Ignoring removed bh option
[   32.692973] Unexpected value for 'nolazytime'
[   32.727202] loop0: detected capacity change from 0 to 1024
[   32.727672] EXT4-fs: Ignoring removed bh option
[   32.729871] Unexpected value for 'nolazytime'
[   32.748249] loop0: detected capacity change from 0 to 1024
[   32.748639] EXT4-fs: Ignoring removed bh option
[   32.748923] Unexpected value for 'nolazytime'
[   32.767020] loop0: detected capacity change from 0 to 1024
[   32.767433] EXT4-fs: Ignoring removed bh option
[   32.767809] Unexpected value for 'nolazytime'
[   32.800084] loop0: detected capacity change from 0 to 1024
[   32.800491] EXT4-fs: Ignoring removed bh option
[   32.800788] Unexpected value for 'nolazytime'
[   32.835220] loop0: detected capacity change from 0 to 1024
[   32.835678] EXT4-fs: Ignoring removed bh option
[   32.836068] Unexpected value for 'nolazytime'
[   32.848571] loop0: detected capacity change from 0 to 1024
[   32.852125] EXT4-fs: Ignoring removed bh option
[   32.852422] Unexpected value for 'nolazytime'
[   32.868135] loop0: detected capacity change from 0 to 1024
[   32.868741] EXT4-fs: Ignoring removed bh option
[   32.869032] Unexpected value for 'nolazytime'
[   32.884252] loop0: detected capacity change from 0 to 1024
[   32.884658] EXT4-fs: Ignoring removed bh option
[   32.884942] Unexpected value for 'nolazytime'
[   32.899995] loop0: detected capacity change from 0 to 1024
[   32.900484] EXT4-fs: Ignoring removed bh option
[   32.900788] Unexpected value for 'nolazytime'
[   32.920000] loop0: detected capacity change from 0 to 1024
[   32.920482] EXT4-fs: Ignoring removed bh option
[   32.920764] Unexpected value for 'nolazytime'
[   32.944085] loop0: detected capacity change from 0 to 1024
[   32.944570] EXT4-fs: Ignoring removed bh option
[   32.944863] Unexpected value for 'nolazytime'
[   32.968245] loop0: detected capacity change from 0 to 1024
[   32.968632] EXT4-fs: Ignoring removed bh option
[   32.968918] Unexpected value for 'nolazytime'
[   32.983999] loop0: detected capacity change from 0 to 1024
[   32.984477] EXT4-fs: Ignoring removed bh option
[   32.984772] Unexpected value for 'nolazytime'
[   33.016017] loop0: detected capacity change from 0 to 1024
[   33.016517] EXT4-fs: Ignoring removed bh option
[   33.016803] Unexpected value for 'nolazytime'
[   33.040084] loop0: detected capacity change from 0 to 1024
[   33.040592] EXT4-fs: Ignoring removed bh option
[   33.040878] Unexpected value for 'nolazytime'
[   33.068081] loop0: detected capacity change from 0 to 1024
[   33.068565] EXT4-fs: Ignoring removed bh option
[   33.068853] Unexpected value for 'nolazytime'
[   33.092253] loop0: detected capacity change from 0 to 1024
[   33.092664] EXT4-fs: Ignoring removed bh option
[   33.092956] Unexpected value for 'nolazytime'
[   33.107996] loop0: detected capacity change from 0 to 1024
[   33.108494] EXT4-fs: Ignoring removed bh option
[   33.108799] Unexpected value for 'nolazytime'
[   33.139989] loop0: detected capacity change from 0 to 1024
[   33.140481] EXT4-fs: Ignoring removed bh option
[   33.140772] Unexpected value for 'nolazytime'
[   33.164088] loop0: detected capacity change from 0 to 1024
[   33.164587] EXT4-fs: Ignoring removed bh option
[   33.164878] Unexpected value for 'nolazytime'
[   33.188253] loop0: detected capacity change from 0 to 1024
[   33.188647] EXT4-fs: Ignoring removed bh option
[   33.188932] Unexpected value for 'nolazytime'
[   33.207991] loop0: detected capacity change from 0 to 1024
[   33.208468] EXT4-fs: Ignoring removed bh option
[   33.208761] Unexpected value for 'nolazytime'
[   33.231995] loop0: detected capacity change from 0 to 1024
[   33.232494] EXT4-fs: Ignoring removed bh option
[   33.232776] Unexpected value for 'nolazytime'
[   33.256045] loop0: detected capacity change from 0 to 1024
[   33.256527] EXT4-fs: Ignoring removed bh option
[   33.256817] Unexpected value for 'nolazytime'
[   33.292087] loop0: detected capacity change from 0 to 1024
[   33.292591] EXT4-fs: Ignoring removed bh option
[   33.292877] Unexpected value for 'nolazytime'
[   33.316243] loop0: detected capacity change from 0 to 1024
[   33.316649] EXT4-fs: Ignoring removed bh option
[   33.316933] Unexpected value for 'nolazytime'
[   33.344063] loop0: detected capacity change from 0 to 1024
[   33.344624] EXT4-fs: Ignoring removed bh option
[   33.344928] Unexpected value for 'nolazytime'
[   33.368057] loop0: detected capacity change from 0 to 1024
[   33.368617] EXT4-fs: Ignoring removed bh option
[   33.368917] Unexpected value for 'nolazytime'
[   33.390995] loop0: detected capacity change from 0 to 1024
[   33.391425] EXT4-fs: Ignoring removed bh option
[   33.391738] Unexpected value for 'nolazytime'
[   33.432709] loop0: detected capacity change from 0 to 1024
[   33.433112] EXT4-fs: Ignoring removed bh option
[   33.443473] Unexpected value for 'nolazytime'
[   33.464110] loop0: detected capacity change from 0 to 1024
[   33.465016] EXT4-fs: Ignoring removed bh option
[   33.465329] Unexpected value for 'nolazytime'
[   33.484072] loop0: detected capacity change from 0 to 1024
[   33.484869] EXT4-fs: Ignoring removed bh option
[   33.485164] Unexpected value for 'nolazytime'
[   33.508240] loop0: detected capacity change from 0 to 1024
[   33.508910] EXT4-fs: Ignoring removed bh option
[   33.509207] Unexpected value for 'nolazytime'
[   33.524529] loop0: detected capacity change from 0 to 1024
[   33.524932] EXT4-fs: Ignoring removed bh option
[   33.525235] Unexpected value for 'nolazytime'
[   33.552561] loop0: detected capacity change from 0 to 1024
[   33.553584] EXT4-fs: Ignoring removed bh option
[   33.564279] Unexpected value for 'nolazytime'
[   33.584711] loop0: detected capacity change from 0 to 1024
[   33.591642] EXT4-fs: Ignoring removed bh option
[   33.591951] Unexpected value for 'nolazytime'
[   33.617018] loop0: detected capacity change from 0 to 1024
[   33.617423] EXT4-fs: Ignoring removed bh option
[   33.617769] Unexpected value for 'nolazytime'
[   33.636093] loop0: detected capacity change from 0 to 1024
[   33.636492] EXT4-fs: Ignoring removed bh option
[   33.636790] Unexpected value for 'nolazytime'
[   33.668636] loop0: detected capacity change from 0 to 1024
[   33.669045] EXT4-fs: Ignoring removed bh option
[   33.669325] Unexpected value for 'nolazytime'
[   33.688049] loop0: detected capacity change from 0 to 1024
[   33.688549] EXT4-fs: Ignoring removed bh option
[   33.688920] Unexpected value for 'nolazytime'
[   33.712215] loop0: detected capacity change from 0 to 1024
[   33.712622] EXT4-fs: Ignoring removed bh option
[   33.712996] Unexpected value for 'nolazytime'
[   33.740080] loop0: detected capacity change from 0 to 1024
[   33.740782] EXT4-fs: Ignoring removed bh option
[   33.741073] Unexpected value for 'nolazytime'
[   33.764074] loop0: detected capacity change from 0 to 1024
[   33.764552] EXT4-fs: Ignoring removed bh option
[   33.764840] Unexpected value for 'nolazytime'
[   33.784089] loop0: detected capacity change from 0 to 1024
[   33.784589] EXT4-fs: Ignoring removed bh option
[   33.784881] Unexpected value for 'nolazytime'
[   33.800070] loop0: detected capacity change from 0 to 1024
[   33.800547] EXT4-fs: Ignoring removed bh option
[   33.800837] Unexpected value for 'nolazytime'
[   33.816082] loop0: detected capacity change from 0 to 1024
[   33.816569] EXT4-fs: Ignoring removed bh option
[   33.816865] Unexpected value for 'nolazytime'
[   33.832080] loop0: detected capacity change from 0 to 1024
[   33.832577] EXT4-fs: Ignoring removed bh option
[   33.832874] Unexpected value for 'nolazytime'
[   33.848080] loop0: detected capacity change from 0 to 1024
[   33.848557] EXT4-fs: Ignoring removed bh option
[   33.848852] Unexpected value for 'nolazytime'
[   33.864085] loop0: detected capacity change from 0 to 1024
[   33.864557] EXT4-fs: Ignoring removed bh option
[   33.864849] Unexpected value for 'nolazytime'
[   33.880307] loop0: detected capacity change from 0 to 1024
[   33.880701] EXT4-fs: Ignoring removed bh option
[   33.880984] Unexpected value for 'nolazytime'
[   33.904010] loop0: detected capacity change from 0 to 1024
[   33.904522] EXT4-fs: Ignoring removed bh option
[   33.904813] Unexpected value for 'nolazytime'
[   33.924243] loop0: detected capacity change from 0 to 1024
[   33.924630] EXT4-fs: Ignoring removed bh option
[   33.924910] Unexpected value for 'nolazytime'
[   33.940002] loop0: detected capacity change from 0 to 1024
[   33.940493] EXT4-fs: Ignoring removed bh option
[   33.940789] Unexpected value for 'nolazytime'
[   33.975998] loop0: detected capacity change from 0 to 1024
[   33.976490] EXT4-fs: Ignoring removed bh option
[   33.976792] Unexpected value for 'nolazytime'
[   33.996078] loop0: detected capacity change from 0 to 1024
[   33.996559] EXT4-fs: Ignoring removed bh option
[   33.996861] Unexpected value for 'nolazytime'
[   34.012085] loop0: detected capacity change from 0 to 1024
[   34.012569] EXT4-fs: Ignoring removed bh option
[   34.012877] Unexpected value for 'nolazytime'
[   34.032080] loop0: detected capacity change from 0 to 1024
[   34.032564] EXT4-fs: Ignoring removed bh option
[   34.032863] Unexpected value for 'nolazytime'
[   34.056085] loop0: detected capacity change from 0 to 1024
[   34.056580] EXT4-fs: Ignoring removed bh option
[   34.056885] Unexpected value for 'nolazytime'
[   34.080119] loop0: detected capacity change from 0 to 1024
[   34.080607] EXT4-fs: Ignoring removed bh option
[   34.080898] Unexpected value for 'nolazytime'
[   34.104091] loop0: detected capacity change from 0 to 1024
[   34.104583] EXT4-fs: Ignoring removed bh option
[   34.104874] Unexpected value for 'nolazytime'
[   34.128072] loop0: detected capacity change from 0 to 1024
[   34.128556] EXT4-fs: Ignoring removed bh option
[   34.128859] Unexpected value for 'nolazytime'
[   34.152084] loop0: detected capacity change from 0 to 1024
[   34.152571] EXT4-fs: Ignoring removed bh option
[   34.152860] Unexpected value for 'nolazytime'
[   34.176071] loop0: detected capacity change from 0 to 1024
[   34.176554] EXT4-fs: Ignoring removed bh option
[   34.176852] Unexpected value for 'nolazytime'
[   34.192102] loop0: detected capacity change from 0 to 1024
[   34.192609] EXT4-fs: Ignoring removed bh option
[   34.192895] Unexpected value for 'nolazytime'
[   34.212075] loop0: detected capacity change from 0 to 1024
[   34.212565] EXT4-fs: Ignoring removed bh option
[   34.212861] Unexpected value for 'nolazytime'
[   34.236081] loop0: detected capacity change from 0 to 1024
[   34.236569] EXT4-fs: Ignoring removed bh option
[   34.236868] Unexpected value for 'nolazytime'
[   34.256092] loop0: detected capacity change from 0 to 1024
[   34.256618] EXT4-fs: Ignoring removed bh option
[   34.256914] Unexpected value for 'nolazytime'
[   34.276074] loop0: detected capacity change from 0 to 1024
[   34.276562] EXT4-fs: Ignoring removed bh option
[   34.276857] Unexpected value for 'nolazytime'
[   34.300096] loop0: detected capacity change from 0 to 1024
[   34.300580] EXT4-fs: Ignoring removed bh option
[   34.300890] Unexpected value for 'nolazytime'
[   34.324082] loop0: detected capacity change from 0 to 1024
[   34.324566] EXT4-fs: Ignoring removed bh option
[   34.324866] Unexpected value for 'nolazytime'
[   34.344085] loop0: detected capacity change from 0 to 1024
[   34.344553] EXT4-fs: Ignoring removed bh option
[   34.344843] Unexpected value for 'nolazytime'
[   34.368184] loop0: detected capacity change from 0 to 1024
[   34.368817] EXT4-fs: Ignoring removed bh option
[   34.369164] Unexpected value for 'nolazytime'
[   34.388056] loop0: detected capacity change from 0 to 1024
[   34.388625] EXT4-fs: Ignoring removed bh option
[   34.388972] Unexpected value for 'nolazytime'
[   34.404047] loop0: detected capacity change from 0 to 1024
[   34.404620] EXT4-fs: Ignoring removed bh option
[   34.404973] Unexpected value for 'nolazytime'
[   34.420091] loop0: detected capacity change from 0 to 1024
[   34.420925] EXT4-fs: Ignoring removed bh option
[   34.421286] Unexpected value for 'nolazytime'
[   34.440065] loop0: detected capacity change from 0 to 1024
[   34.440549] EXT4-fs: Ignoring removed bh option
[   34.440838] Unexpected value for 'nolazytime'
[   34.466618] loop0: detected capacity change from 0 to 1024
[   34.467029] EXT4-fs: Ignoring removed bh option
[   34.467304] Unexpected value for 'nolazytime'
[   34.484094] loop0: detected capacity change from 0 to 1024
[   34.487458] EXT4-fs: Ignoring removed bh option
[   34.487776] Unexpected value for 'nolazytime'
[   34.512597] loop0: detected capacity change from 0 to 1024
[   34.513000] EXT4-fs: Ignoring removed bh option
[   34.513273] Unexpected value for 'nolazytime'
[   34.531600] loop0: detected capacity change from 0 to 1024
[   34.532436] EXT4-fs: Ignoring removed bh option
[   34.532722] Unexpected value for 'nolazytime'
[   34.548201] loop0: detected capacity change from 0 to 1024
[   34.554517] EXT4-fs: Ignoring removed bh option
[   34.555432] Unexpected value for 'nolazytime'
[   34.582690] loop0: detected capacity change from 0 to 1024
[   34.583183] EXT4-fs: Ignoring removed bh option
[   34.585495] Unexpected value for 'nolazytime'
[   34.608150] loop0: detected capacity change from 0 to 1024
[   34.610213] EXT4-fs: Ignoring removed bh option
[   34.610999] Unexpected value for 'nolazytime'
[   34.632394] loop0: detected capacity change from 0 to 1024
[   34.632925] EXT4-fs: Ignoring removed bh option
[   34.633244] Unexpected value for 'nolazytime'
[   34.655567] loop0: detected capacity change from 0 to 1024
[   34.656061] EXT4-fs: Ignoring removed bh option
[   34.656353] Unexpected value for 'nolazytime'
[   34.672064] loop0: detected capacity change from 0 to 1024
[   34.675455] EXT4-fs: Ignoring removed bh option
[   34.675760] Unexpected value for 'nolazytime'
[   34.711001] loop0: detected capacity change from 0 to 1024
[   34.711456] EXT4-fs: Ignoring removed bh option
[   34.711778] Unexpected value for 'nolazytime'
[   34.732074] loop0: detected capacity change from 0 to 1024
[   34.732465] EXT4-fs: Ignoring removed bh option
[   34.732749] Unexpected value for 'nolazytime'
[   34.750899] loop0: detected capacity change from 0 to 1024
[   34.751317] EXT4-fs: Ignoring removed bh option
[   34.751707] Unexpected value for 'nolazytime'
[   34.772048] loop0: detected capacity change from 0 to 1024
[   34.772476] EXT4-fs: Ignoring removed bh option
[   34.772751] Unexpected value for 'nolazytime'
[   34.790787] loop0: detected capacity change from 0 to 1024
[   34.791179] EXT4-fs: Ignoring removed bh option
[   34.791454] Unexpected value for 'nolazytime'
[   34.806865] loop0: detected capacity change from 0 to 1024
[   34.807277] EXT4-fs: Ignoring removed bh option
[   34.807715] Unexpected value for 'nolazytime'
[   34.820137] loop0: detected capacity change from 0 to 1024
[   34.820718] EXT4-fs: Ignoring removed bh option
[   34.821056] Unexpected value for 'nolazytime'
[   34.840065] loop0: detected capacity change from 0 to 1024
[   34.844455] EXT4-fs: Ignoring removed bh option
[   34.844742] Unexpected value for 'nolazytime'
[   34.866793] loop0: detected capacity change from 0 to 1024
[   34.867251] EXT4-fs: Ignoring removed bh option
[   34.867527] Unexpected value for 'nolazytime'
[   34.887986] loop0: detected capacity change from 0 to 1024
[   34.888387] EXT4-fs: Ignoring removed bh option
[   34.888706] Unexpected value for 'nolazytime'
[   34.904112] loop0: detected capacity change from 0 to 1024
[   34.904547] EXT4-fs: Ignoring removed bh option
[   34.904846] Unexpected value for 'nolazytime'
[   34.927473] loop0: detected capacity change from 0 to 1024
[   34.928086] EXT4-fs: Ignoring removed bh option
[   34.928379] Unexpected value for 'nolazytime'
[   34.946803] loop0: detected capacity change from 0 to 1024
[   34.947244] EXT4-fs: Ignoring removed bh option
[   34.947549] Unexpected value for 'nolazytime'
[   34.968084] loop0: detected capacity change from 0 to 1024
[   34.968470] EXT4-fs: Ignoring removed bh option
[   34.968764] Unexpected value for 'nolazytime'
[   34.986979] loop0: detected capacity change from 0 to 1024
[   34.987392] EXT4-fs: Ignoring removed bh option
[   34.987696] Unexpected value for 'nolazytime'
[   35.002909] loop0: detected capacity change from 0 to 1024
[   35.003368] EXT4-fs: Ignoring removed bh option
[   35.003682] Unexpected value for 'nolazytime'
[   35.016365] loop0: detected capacity change from 0 to 1024
[   35.016977] EXT4-fs: Ignoring removed bh option
[   35.017285] Unexpected value for 'nolazytime'
[   35.032739] loop0: detected capacity change from 0 to 1024
[   35.033222] EXT4-fs: Ignoring removed bh option
[   35.033514] Unexpected value for 'nolazytime'
[   35.048074] loop0: detected capacity change from 0 to 1024
[   35.051644] EXT4-fs: Ignoring removed bh option
[   35.052027] Unexpected value for 'nolazytime'
[   35.084235] loop0: detected capacity change from 0 to 1024
[   35.084808] EXT4-fs: Ignoring removed bh option
[   35.085087] Unexpected value for 'nolazytime'
[   35.123199] loop0: detected capacity change from 0 to 1024
[   35.123703] EXT4-fs: Ignoring removed bh option
[   35.124122] Unexpected value for 'nolazytime'
[   35.150791] loop0: detected capacity change from 0 to 1024
[   35.151221] EXT4-fs: Ignoring removed bh option
[   35.151497] Unexpected value for 'nolazytime'
[   35.172309] loop0: detected capacity change from 0 to 1024
[   35.172896] EXT4-fs: Ignoring removed bh option
[   35.173222] Unexpected value for 'nolazytime'
[   35.204054] loop0: detected capacity change from 0 to 1024
[   35.204742] EXT4-fs: Ignoring removed bh option
[   35.205024] Unexpected value for 'nolazytime'
[   35.231512] loop0: detected capacity change from 0 to 1024
[   35.232004] EXT4-fs: Ignoring removed bh option
[   35.232294] Unexpected value for 'nolazytime'
[   35.268051] loop0: detected capacity change from 0 to 1024
[   35.271446] EXT4-fs: Ignoring removed bh option
[   35.271740] Unexpected value for 'nolazytime'
[   35.304060] loop0: detected capacity change from 0 to 1024
[   35.304746] EXT4-fs: Ignoring removed bh option
[   35.305034] Unexpected value for 'nolazytime'
[   35.324210] loop0: detected capacity change from 0 to 1024
[   35.324784] EXT4-fs: Ignoring removed bh option
[   35.325069] Unexpected value for 'nolazytime'
[   35.347475] loop0: detected capacity change from 0 to 1024
[   35.348134] EXT4-fs: Ignoring removed bh option
[   35.348428] Unexpected value for 'nolazytime'
[   35.384092] loop0: detected capacity change from 0 to 1024
[   35.384493] EXT4-fs: Ignoring removed bh option
[   35.384783] Unexpected value for 'nolazytime'
[   35.407111] loop0: detected capacity change from 0 to 1024
[   35.407504] EXT4-fs: Ignoring removed bh option
[   35.407858] Unexpected value for 'nolazytime'
[   35.426825] loop0: detected capacity change from 0 to 1024
[   35.427428] EXT4-fs: Ignoring removed bh option
[   35.427719] Unexpected value for 'nolazytime'
[   35.447370] loop0: detected capacity change from 0 to 1024
[   35.448096] EXT4-fs: Ignoring removed bh option
[   35.448413] Unexpected value for 'nolazytime'
[   35.468055] loop0: detected capacity change from 0 to 1024
[   35.471478] EXT4-fs: Ignoring removed bh option
[   35.471769] Unexpected value for 'nolazytime'
[   35.488329] loop0: detected capacity change from 0 to 1024
[   35.488907] EXT4-fs: Ignoring removed bh option
[   35.489186] Unexpected value for 'nolazytime'
[   35.511596] loop0: detected capacity change from 0 to 1024
[   35.512090] EXT4-fs: Ignoring removed bh option
[   35.512384] Unexpected value for 'nolazytime'
[   35.528072] loop0: detected capacity change from 0 to 1024
[   35.531458] EXT4-fs: Ignoring removed bh option
[   35.531756] Unexpected value for 'nolazytime'
[   35.560311] loop0: detected capacity change from 0 to 1024
[   35.560814] EXT4-fs: Ignoring removed bh option
[   35.563075] Unexpected value for 'nolazytime'
[   35.580711] loop0: detected capacity change from 0 to 1024
[   35.581119] EXT4-fs: Ignoring removed bh option
[   35.581397] Unexpected value for 'nolazytime'
[   35.611237] loop0: detected capacity change from 0 to 1024
[   35.611667] EXT4-fs: Ignoring removed bh option
[   35.614030] Unexpected value for 'nolazytime'
[   35.641339] loop0: detected capacity change from 0 to 1024
[   35.641906] EXT4-fs: Ignoring removed bh option
[   35.642208] Unexpected value for 'nolazytime'
[   35.659425] loop0: detected capacity change from 0 to 1024
[   35.660161] EXT4-fs: Ignoring removed bh option
[   35.660536] Unexpected value for 'nolazytime'
[   35.680067] loop0: detected capacity change from 0 to 1024
[   35.680490] EXT4-fs: Ignoring removed bh option
[   35.680772] Unexpected value for 'nolazytime'
[   35.703780] loop0: detected capacity change from 0 to 1024
[   35.704329] EXT4-fs: Ignoring removed bh option
[   35.704629] Unexpected value for 'nolazytime'
[   35.723982] loop0: detected capacity change from 0 to 1024
[   35.727312] EXT4-fs: Ignoring removed bh option
[   35.727603] Unexpected value for 'nolazytime'
[   35.764239] loop0: detected capacity change from 0 to 1024
[   35.764833] EXT4-fs: Ignoring removed bh option
[   35.765123] Unexpected value for 'nolazytime'
[   35.787927] loop0: detected capacity change from 0 to 1024
[   35.788498] EXT4-fs: Ignoring removed bh option
[   35.788799] Unexpected value for 'nolazytime'
[   35.824226] loop0: detected capacity change from 0 to 1024
