c[?7l[2J[0mSeaBIOS (version rel-1.14.0-0-g155821a1990b-prebuilt.qemu.org)


iPXE (http://ipxe.org) 00:03.0 CA00 PCI2.10 PnP PMM+7FF8F030+7FEEF030 CA00
Press Ctrl-B to configure iPXE (PCI 00:03.0)...                                                                               


Booting from ROM..c[?7l[2J[    0.000000] Linux version 5.18.0-9c76d723edd4+ (root@p-rplp02) (gcc (GCC) 8.5.0 20210514 (Red Hat 8.5.0-17), GNU ld version 2.36.1-2.el8) #1 SMP PREEMPT_DYNAMIC Wed Dec 7 08:30:53 CST 2022
[    0.000000] Command line: console=ttyS0 root=/dev/sda earlyprintk=serial net.ifnames=0
[    0.000000] KERNEL supported cpus:
[    0.000000]   Intel GenuineIntel
[    0.000000]   AMD AuthenticAMD
[    0.000000]   Hygon HygonGenuine
[    0.000000]   Centaur CentaurHauls
[    0.000000]   zhaoxin   Shanghai  
[    0.000000] x86/fpu: Supporting XSAVE feature 0x001: 'x87 floating point registers'
[    0.000000] x86/fpu: Supporting XSAVE feature 0x002: 'SSE registers'
[    0.000000] x86/fpu: Supporting XSAVE feature 0x004: 'AVX registers'
[    0.000000] x86/fpu: Supporting XSAVE feature 0x200: 'Protection Keys User registers'
[    0.000000] x86/fpu: xstate_offset[2]:  576, xstate_sizes[2]:  256
[    0.000000] x86/fpu: xstate_offset[9]:  832, xstate_sizes[9]:    8
[    0.000000] x86/fpu: Enabled xstate features 0x207, context size is 840 bytes, using 'compacted' format.
[    0.000000] signal: max sigframe size: 3632
[    0.000000] BIOS-provided physical RAM map:
[    0.000000] BIOS-e820: [mem 0x0000000000000000-0x000000000009fbff] usable
[    0.000000] BIOS-e820: [mem 0x000000000009fc00-0x000000000009ffff] reserved
[    0.000000] BIOS-e820: [mem 0x00000000000f0000-0x00000000000fffff] reserved
[    0.000000] BIOS-e820: [mem 0x0000000000100000-0x000000007ffdffff] usable
[    0.000000] BIOS-e820: [mem 0x000000007ffe0000-0x000000007fffffff] reserved
[    0.000000] BIOS-e820: [mem 0x00000000feffc000-0x00000000feffffff] reserved
[    0.000000] BIOS-e820: [mem 0x00000000fffc0000-0x00000000ffffffff] reserved
[    0.000000] printk: bootconsole [earlyser0] enabled
[    0.000000] NX (Execute Disable) protection: active
[    0.000000] SMBIOS 2.8 present.
[    0.000000] DMI: QEMU Standard PC (i440FX + PIIX, 1996), BIOS rel-1.14.0-0-g155821a1990b-prebuilt.qemu.org 04/01/2014
[    0.000000] Hypervisor detected: KVM
[    0.000000] kvm-clock: Using msrs 4b564d01 and 4b564d00
[    0.000001] kvm-clock: using sched offset of 287513929 cycles
[    0.000294] clocksource: kvm-clock: mask: 0xffffffffffffffff max_cycles: 0x1cd42e4dffb, max_idle_ns: 881590591483 ns
[    0.001187] tsc: Detected 1881.600 MHz processor
[    0.005981] last_pfn = 0x7ffe0 max_arch_pfn = 0x400000000
[    0.006335] x86/PAT: Configuration [0-7]: WB  WC  UC- UC  WB  WP  UC- WT  
[    0.013365] found SMP MP-table at [mem 0x000f5a90-0x000f5a9f]
[    0.013795] Using GB pages for direct mapping
[    0.014882] ACPI: Early table checksum verification disabled
[    0.015222] ACPI: RSDP 0x00000000000F5870 000014 (v00 BOCHS )
[    0.015554] ACPI: RSDT 0x000000007FFE1959 000034 (v01 BOCHS  BXPC     00000001 BXPC 00000001)
[    0.016044] ACPI: FACP 0x000000007FFE1805 000074 (v01 BOCHS  BXPC     00000001 BXPC 00000001)
[    0.016559] ACPI: DSDT 0x000000007FFE0040 0017C5 (v01 BOCHS  BXPC     00000001 BXPC 00000001)
[    0.017041] ACPI: FACS 0x000000007FFE0000 000040
[    0.017314] ACPI: APIC 0x000000007FFE1879 000080 (v01 BOCHS  BXPC     00000001 BXPC 00000001)
[    0.017812] ACPI: HPET 0x000000007FFE18F9 000038 (v01 BOCHS  BXPC     00000001 BXPC 00000001)
[    0.018292] ACPI: WAET 0x000000007FFE1931 000028 (v01 BOCHS  BXPC     00000001 BXPC 00000001)
[    0.018774] ACPI: Reserving FACP table memory at [mem 0x7ffe1805-0x7ffe1878]
[    0.019165] ACPI: Reserving DSDT table memory at [mem 0x7ffe0040-0x7ffe1804]
[    0.019553] ACPI: Reserving FACS table memory at [mem 0x7ffe0000-0x7ffe003f]
[    0.019943] ACPI: Reserving APIC table memory at [mem 0x7ffe1879-0x7ffe18f8]
[    0.020354] ACPI: Reserving HPET table memory at [mem 0x7ffe18f9-0x7ffe1930]
[    0.020745] ACPI: Reserving WAET table memory at [mem 0x7ffe1931-0x7ffe1958]
[    0.021665] No NUMA configuration found
[    0.021884] Faking a node at [mem 0x0000000000000000-0x000000007ffdffff]
[    0.022296] NODE_DATA(0) allocated [mem 0x7ffb5000-0x7ffdffff]
[    0.025325] Zone ranges:
[    0.025495]   DMA      [mem 0x0000000000001000-0x0000000000ffffff]
[    0.025845]   DMA32    [mem 0x0000000001000000-0x000000007ffdffff]
[    0.026188]   Normal   empty
[    0.026349]   Device   empty
[    0.026511] Movable zone start for each node
[    0.026749] Early memory node ranges
[    0.026945]   node   0: [mem 0x0000000000001000-0x000000000009efff]
[    0.027291]   node   0: [mem 0x0000000000100000-0x000000007ffdffff]
[    0.027638] Initmem setup node 0 [mem 0x0000000000001000-0x000000007ffdffff]
[    0.028399] On node 0, zone DMA: 1 pages in unavailable ranges
[    0.028554] On node 0, zone DMA: 97 pages in unavailable ranges
[    0.062739] On node 0, zone DMA32: 32 pages in unavailable ranges
[    0.063298] ACPI: PM-Timer IO Port: 0x608
[    0.063887] ACPI: LAPIC_NMI (acpi_id[0xff] dfl dfl lint[0x1])
[    0.064240] IOAPIC[0]: apic_id 0, version 17, address 0xfec00000, GSI 0-23
[    0.064628] ACPI: INT_SRC_OVR (bus 0 bus_irq 0 global_irq 2 dfl dfl)
[    0.064981] ACPI: INT_SRC_OVR (bus 0 bus_irq 5 global_irq 5 high level)
[    0.065363] ACPI: INT_SRC_OVR (bus 0 bus_irq 9 global_irq 9 high level)
[    0.065742] ACPI: INT_SRC_OVR (bus 0 bus_irq 10 global_irq 10 high level)
[    0.066116] ACPI: INT_SRC_OVR (bus 0 bus_irq 11 global_irq 11 high level)
[    0.066504] ACPI: Using ACPI (MADT) for SMP configuration information
[    0.066858] ACPI: HPET id: 0x8086a201 base: 0xfed00000
[    0.067157] TSC deadline timer available
[    0.067375] smpboot: Allowing 2 CPUs, 0 hotplug CPUs
[    0.067706] kvm-guest: KVM setup pv remote TLB flush
[    0.067981] kvm-guest: setup PV sched yield
[    0.068255] PM: hibernation: Registered nosave memory: [mem 0x00000000-0x00000fff]
[    0.068676] PM: hibernation: Registered nosave memory: [mem 0x0009f000-0x0009ffff]
[    0.069091] PM: hibernation: Registered nosave memory: [mem 0x000a0000-0x000effff]
[    0.069532] PM: hibernation: Registered nosave memory: [mem 0x000f0000-0x000fffff]
[    0.069949] [mem 0x80000000-0xfeffbfff] available for PCI devices
[    0.070288] Booting paravirtualized kernel on KVM
[    0.070563] clocksource: refined-jiffies: mask: 0xffffffff max_cycles: 0xffffffff, max_idle_ns: 7645519600211568 ns
[    0.071150] setup_percpu: NR_CPUS:8192 nr_cpumask_bits:2 nr_cpu_ids:2 nr_node_ids:1
[    0.072312] percpu: Embedded 62 pages/cpu s217088 r8192 d28672 u1048576
[    0.072907] kvm-guest: PV spinlocks enabled
[    0.073177] PV qspinlock hash table entries: 256 (order: 0, 4096 bytes, linear)
[    0.073638] Fallback order for Node 0: 0 
[    0.073869] Built 1 zonelists, mobility grouping on.  Total pages: 515808
[    0.074249] Policy zone: DMA32
[    0.074421] Kernel command line: net.ifnames=0 console=ttyS0 root=/dev/sda earlyprintk=serial net.ifnames=0
[    0.075840] Dentry cache hash table entries: 262144 (order: 9, 2097152 bytes, linear)
[    0.076378] Inode-cache hash table entries: 131072 (order: 8, 1048576 bytes, linear)
[    0.076895] mem auto-init: stack:off, heap alloc:off, heap free:off
[    0.079968] Memory: 1999736K/2096632K available (30735K kernel code, 3888K rwdata, 7796K rodata, 3252K init, 11092K bss, 96640K reserved, 0K cma-reserved)
[    0.081426] SLUB: HWalign=64, Order=0-3, MinObjects=0, CPUs=2, Nodes=1
[    0.081778] kmemleak: Kernel memory leak detector disabled
[    0.082091] ftrace: allocating 65873 entries in 258 pages
[    0.099758] ftrace: allocated 258 pages with 2 groups
[    0.100989] Dynamic Preempt: voluntary
[    0.101252] rcu: Preemptible hierarchical RCU implementation.
[    0.101589] rcu: 	RCU restricting CPUs from NR_CPUS=8192 to nr_cpu_ids=2.
[    0.101947] 	Trampoline variant of Tasks RCU enabled.
[    0.102214] 	Rude variant of Tasks RCU enabled.
[    0.102452] 	Tracing variant of Tasks RCU enabled.
[    0.102703] rcu: RCU calculated value of scheduler-enlistment delay is 25 jiffies.
[    0.103101] rcu: Adjusting geometry for rcu_fanout_leaf=16, nr_cpu_ids=2
[    0.121163] NR_IRQS: 524544, nr_irqs: 440, preallocated irqs: 16
[    0.121741] rcu: srcu_init: Setting srcu_struct sizes based on contention.
[    0.127206] Console: colour VGA+ 80x25
[    0.127446] printk: console [ttyS0] enabled
[    0.127446] printk: console [ttyS0] enabled
[    0.127899] printk: bootconsole [earlyser0] disabled
[    0.127899] printk: bootconsole [earlyser0] disabled
[    0.128458] ACPI: Core revision 20220331
[    0.128845] clocksource: hpet: mask: 0xffffffff max_cycles: 0xffffffff, max_idle_ns: 19112604467 ns
[    0.129431] APIC: Switch to symmetric I/O mode setup
[    0.129854] x2apic enabled
[    0.130132] Switched APIC routing to physical x2apic.
[    0.130409] kvm-guest: setup PV IPIs
[    0.131217] ..TIMER: vector=0x30 apic1=0 pin1=2 apic2=-1 pin2=-1
[    0.131560] clocksource: tsc-early: mask: 0xffffffffffffffff max_cycles: 0x363e8c91135, max_idle_ns: 881590568389 ns
[    0.132136] Calibrating delay loop (skipped) preset value.. 3763.20 BogoMIPS (lpj=7526400)
[    0.132586] pid_max: default: 32768 minimum: 301
[    0.132949] LSM: Security Framework initializing
[    0.133208] Yama: becoming mindful.
[    0.136282] Mount-cache hash table entries: 4096 (order: 3, 32768 bytes, linear)
[    0.136743] Mountpoint-cache hash table entries: 4096 (order: 3, 32768 bytes, linear)
[    0.138452] x86/cpu: User Mode Instruction Prevention (UMIP) activated
[    0.139108] Last level iTLB entries: 4KB 0, 2MB 0, 4MB 0
[    0.139465] Last level dTLB entries: 4KB 0, 2MB 0, 4MB 0, 1GB 0
[    0.139857] Spectre V1 : Mitigation: usercopy/swapgs barriers and __user pointer sanitization
[    0.140147] Spectre V2 : WARNING: Unprivileged eBPF is enabled with eIBRS on, data leaks possible via Spectre v2 BHB attacks!
[    0.140748] Spectre V2 : Mitigation: Enhanced IBRS
[    0.140997] Spectre V2 : Spectre v2 / SpectreRSB mitigation: Filling RSB on context switch
[    0.141418] Spectre V2 : mitigation: Enabling conditional Indirect Branch Prediction Barrier
[    0.141848] Speculative Store Bypass: Mitigation: Speculative Store Bypass disabled via prctl
[    0.178776] Freeing SMP alternatives memory: 56K
[    0.179242] smpboot: CPU0: Genuine Intel(R) 0000 (family: 0x6, model: 0xba, stepping: 0x2)
[    0.179932] cblist_init_generic: Setting adjustable number of callback queues.
[    0.180129] cblist_init_generic: Setting shift to 1 and lim to 1.
[    0.180129] cblist_init_generic: Setting shift to 1 and lim to 1.
[    0.180129] cblist_init_generic: Setting shift to 1 and lim to 1.
[    0.180129] Performance Events: Alderlake Hybrid events, full-width counters, Intel PMU driver.
[    0.180129] core: cpu_core PMU driver: 
[    0.180129] ... version:                2
[    0.180129] ... bit width:              48
[    0.180129] ... generic registers:      6
[    0.180129] ... value mask:             0000ffffffffffff
[    0.180129] ... max period:             00007fffffffffff
[    0.180131] ... fixed-purpose events:   3
[    0.180340] ... event mask:             0001000f0000003f
[    0.180720] rcu: Hierarchical SRCU implementation.
[    0.180756] printk: console [ttyS0] printing thread started
[    0.182959] unchecked MSR access error: WRMSR to 0x38f (tried to write 0x0001000f0000003f) at rIP: 0xffffffff810baadc (native_write_msr+0xc/0x30)
[    0.182978] Call Trace:
[    0.182980]  <TASK>
[    0.182983]  __intel_pmu_enable_all.constprop.45+0x68/0x100
[    0.182995]  intel_pmu_enable_all+0x1e/0x20
[    0.183004]  x86_pmu_enable+0x46d/0x5a0
[    0.183011]  ? write_comp_data+0x2f/0x90
[    0.183022]  perf_pmu_enable+0x53/0x70
[    0.183036]  ctx_resched+0xab/0xf0
[    0.183045]  __perf_install_in_context+0x210/0x3c0
[    0.183056]  ? perf_duration_warn+0x50/0x50
[    0.183064]  remote_function+0x7c/0x90
[    0.183073]  ? perf_duration_warn+0x50/0x50
[    0.183081]  generic_exec_single+0xe6/0x150
[    0.183092]  ? perf_duration_warn+0x50/0x50
[    0.183100]  smp_call_function_single+0x11c/0x240
[    0.183109]  ? perf_duration_warn+0x50/0x50
[    0.183118]  ? __sanitizer_cov_trace_pc+0x25/0x50
[    0.183127]  ? write_comp_data+0x2f/0x90
[    0.183137]  perf_install_in_context+0x28e/0x2c0
[    0.183146]  ? ctx_resched+0xf0/0xf0
[    0.183155]  perf_event_create_kernel_counter+0x164/0x200
[    0.183164]  ? hardlockup_detector_event_create+0xc0/0xc0
[    0.183176]  hardlockup_detector_event_create+0x46/0xc0
[    0.183186]  hardlockup_detector_perf_init+0x18/0x62
[    0.183203]  watchdog_nmi_probe+0x17/0x19
[    0.183212]  lockup_detector_init+0x40/0xa9
[    0.183221]  kernel_init_freeable+0x1b0/0x359
[    0.183233]  ? rest_init+0xe0/0xe0
[    0.183244]  kernel_init+0x24/0x1e0
[    0.183252]  ? rest_init+0xe0/0xe0
[    0.183259]  ret_from_fork+0x1f/0x30
[    0.183270]  </TASK>
[    0.183363] smp: Bringing up secondary CPUs ...
[    0.183515] x86: Booting SMP configuration:
[    0.183517] .... node  #0, CPUs:      #1
[    0.010017] smpboot: CPU 1 Converting physical 0 to logical die 1
[    0.188385] smp: Brought up 1 node, 2 CPUs
[    0.188391] smpboot: Max logical packages: 2
[    0.188395] smpboot: Total of 2 processors activated (7526.40 BogoMIPS)
[    0.190165] devtmpfs: initialized
[    0.190276] x86/mm: Memory block size: 128MB
[    0.196004] clocksource: jiffies: mask: 0xffffffff max_cycles: 0xffffffff, max_idle_ns: 7645041785100000 ns
[    0.196017] futex hash table entries: 512 (order: 3, 32768 bytes, linear)
[    0.196138] pinctrl core: initialized pinctrl subsystem
[    0.196326] 
[    0.196327] *************************************************************
[    0.196331] **     NOTICE NOTICE NOTICE NOTICE NOTICE NOTICE NOTICE    **
[    0.196334] **                                                         **
[    0.196337] **  IOMMU DebugFS SUPPORT HAS BEEN ENABLED IN THIS KERNEL  **
[    0.196339] **                                                         **
[    0.196342] ** This means that this kernel is built to expose internal **
[    0.196345] ** IOMMU data structures, which may compromise security on **
[    0.196347] ** your system.                                            **
[    0.196350] **                                                         **
[    0.196353] ** If you see this message and you are not debugging the   **
[    0.196355] ** kernel, report this immediately to your vendor!         **
[    0.196358] **                                                         **
[    0.196361] **     NOTICE NOTICE NOTICE NOTICE NOTICE NOTICE NOTICE    **
[    0.196363] *************************************************************
[    0.196400] PM: RTC time: 02:15:43, date: 2022-12-07
[    0.198066] NET: Registered PF_NETLINK/PF_ROUTE protocol family
[    0.198384] DMA: preallocated 256 KiB GFP_KERNEL pool for atomic allocations
[    0.198398] DMA: preallocated 256 KiB GFP_KERNEL|GFP_DMA pool for atomic allocations
[    0.198406] DMA: preallocated 256 KiB GFP_KERNEL|GFP_DMA32 pool for atomic allocations
[    0.198432] audit: initializing netlink subsys (disabled)
[    0.199027] audit: type=2000 audit(1670379344.280:1): state=initialized audit_enabled=0 res=1
[    0.199320] thermal_sys: Registered thermal governor 'fair_share'
[    0.199325] thermal_sys: Registered thermal governor 'bang_bang'
[    0.199328] thermal_sys: Registered thermal governor 'step_wise'
[    0.199332] thermal_sys: Registered thermal governor 'user_space'
[    0.199346] cpuidle: using governor ladder
[    0.199350] cpuidle: using governor menu
[    0.199567] acpiphp: ACPI Hot Plug PCI Controller Driver version: 0.5
[    0.199759] PCI: Using configuration type 1 for base access
[    0.206726] kprobes: kprobe jump-optimization is enabled. All kprobes are optimized if possible.
[    0.206726] HugeTLB registered 1.00 GiB page size, pre-allocated 0 pages
[    0.206726] HugeTLB registered 2.00 MiB page size, pre-allocated 0 pages
[    0.212612] ACPI: Added _OSI(Module Device)
[    0.212616] ACPI: Added _OSI(Processor Device)
[    0.212619] ACPI: Added _OSI(3.0 _SCP Extensions)
[    0.212622] ACPI: Added _OSI(Processor Aggregator Device)
[    0.212626] ACPI: Added _OSI(Linux-Dell-Video)
[    0.212629] ACPI: Added _OSI(Linux-Lenovo-NV-HDMI-Audio)
[    0.212632] ACPI: Added _OSI(Linux-HPI-Hybrid-Graphics)
[    0.215899] ACPI: 1 ACPI AML tables successfully acquired and loaded
[    0.218085] ACPI: Interpreter enabled
[    0.218140] ACPI: PM: (supports S0 S3 S4 S5)
[    0.218144] ACPI: Using IOAPIC for interrupt routing
[    0.218173] PCI: Using host bridge windows from ACPI; if necessary, use "pci=nocrs" and report a bug
[    0.218640] ACPI: Enabled 2 GPEs in block 00 to 0F
[    0.228115] ACPI: PCI Root Bridge [PCI0] (domain 0000 [bus 00-ff])
[    0.228139] acpi PNP0A03:00: _OSC: OS supports [ASPM ClockPM Segments MSI EDR HPX-Type3]
[    0.228152] acpi PNP0A03:00: _OSC: not requesting OS control; OS requires [ExtendedConfig ASPM ClockPM MSI]
[    0.228189] acpi PNP0A03:00: fail to add MMCONFIG information, can't access extended PCI configuration space under this bridge.
[    0.229343] acpiphp: Slot [3] registered
[    0.229391] acpiphp: Slot [4] registered
[    0.229443] acpiphp: Slot [5] registered
[    0.229489] acpiphp: Slot [6] registered
[    0.229533] acpiphp: Slot [7] registered
[    0.229578] acpiphp: Slot [8] registered
[    0.229624] acpiphp: Slot [9] registered
[    0.229669] acpiphp: Slot [10] registered
[    0.229715] acpiphp: Slot [11] registered
[    0.229770] acpiphp: Slot [12] registered
[    0.229825] acpiphp: Slot [13] registered
[    0.229870] acpiphp: Slot [14] registered
[    0.229916] acpiphp: Slot [15] registered
[    0.229961] acpiphp: Slot [16] registered
[    0.230009] acpiphp: Slot [17] registered
[    0.230064] acpiphp: Slot [18] registered
[    0.230109] acpiphp: Slot [19] registered
[    0.230155] acpiphp: Slot [20] registered
[    0.230205] acpiphp: Slot [21] registered
[    0.230252] acpiphp: Slot [22] registered
[    0.230297] acpiphp: Slot [23] registered
[    0.230352] acpiphp: Slot [24] registered
[    0.230399] acpiphp: Slot [25] registered
[    0.230444] acpiphp: Slot [26] registered
[    0.230493] acpiphp: Slot [27] registered
[    0.230538] acpiphp: Slot [28] registered
[    0.230583] acpiphp: Slot [29] registered
[    0.230630] acpiphp: Slot [30] registered
[    0.230687] acpiphp: Slot [31] registered
[    0.230704] PCI host bridge to bus 0000:00
[    0.230709] pci_bus 0000:00: root bus resource [io  0x0000-0x0cf7 window]
[    0.230718] pci_bus 0000:00: root bus resource [io  0x0d00-0xffff window]
[    0.230727] pci_bus 0000:00: root bus resource [mem 0x000a0000-0x000bffff window]
[    0.230737] pci_bus 0000:00: root bus resource [mem 0x80000000-0xfebfffff window]
[    0.230746] pci_bus 0000:00: root bus resource [mem 0x100000000-0x17fffffff window]
[    0.230756] pci_bus 0000:00: root bus resource [bus 00-ff]
[    0.230810] pci 0000:00:00.0: [8086:1237] type 00 class 0x060000
[    0.232922] pci 0000:00:01.0: [8086:7000] type 00 class 0x060100
[    0.233459] pci 0000:00:01.1: [8086:7010] type 00 class 0x010180
[    0.234763] pci 0000:00:01.1: reg 0x20: [io  0xc040-0xc04f]
[    0.235354] pci 0000:00:01.1: legacy IDE quirk: reg 0x10: [io  0x01f0-0x01f7]
[    0.235363] pci 0000:00:01.1: legacy IDE quirk: reg 0x14: [io  0x03f6]
[    0.235371] pci 0000:00:01.1: legacy IDE quirk: reg 0x18: [io  0x0170-0x0177]
[    0.235379] pci 0000:00:01.1: legacy IDE quirk: reg 0x1c: [io  0x0376]
[    0.235559] pci 0000:00:01.3: [8086:7113] type 00 class 0x068000
[    0.235887] pci 0000:00:01.3: quirk: [io  0x0600-0x063f] claimed by PIIX4 ACPI
[    0.235900] pci 0000:00:01.3: quirk: [io  0x0700-0x070f] claimed by PIIX4 SMB
[    0.236275] pci 0000:00:02.0: [1234:1111] type 00 class 0x030000
[    0.237379] pci 0000:00:02.0: reg 0x10: [mem 0xfd000000-0xfdffffff pref]
[    0.238744] pci 0000:00:02.0: reg 0x18: [mem 0xfebf0000-0xfebf0fff]
[    0.240994] pci 0000:00:02.0: reg 0x30: [mem 0xfebe0000-0xfebeffff pref]
[    0.241125] pci 0000:00:02.0: Video device with shadowed ROM at [mem 0x000c0000-0x000dffff]
[    0.243241] pci 0000:00:03.0: [8086:100e] type 00 class 0x020000
[    0.243890] pci 0000:00:03.0: reg 0x10: [mem 0xfebc0000-0xfebdffff]
[    0.244439] pci 0000:00:03.0: reg 0x14: [io  0xc000-0xc03f]
[    0.247295] pci 0000:00:03.0: reg 0x30: [mem 0xfeb80000-0xfebbffff pref]
[    0.255101] ACPI: PCI: Interrupt link LNKA configured for IRQ 10
[    0.255356] ACPI: PCI: Interrupt link LNKB configured for IRQ 10
[    0.255602] ACPI: PCI: Interrupt link LNKC configured for IRQ 11
[    0.255853] ACPI: PCI: Interrupt link LNKD configured for IRQ 11
[    0.255980] ACPI: PCI: Interrupt link LNKS configured for IRQ 9
[    0.256757] iommu: Default domain type: Translated 
[    0.256757] iommu: DMA domain TLB invalidation policy: lazy mode 
[    0.256757] SCSI subsystem initialized
[    0.256757] ACPI: bus type USB registered
[    0.256757] usbcore: registered new interface driver usbfs
[    0.256757] usbcore: registered new interface driver hub
[    0.256757] usbcore: registered new device driver usb
[    0.256757] pps_core: LinuxPPS API ver. 1 registered
[    0.256757] pps_core: Software ver. 5.3.6 - Copyright 2005-2007 Rodolfo Giometti <giometti@linux.it>
[    0.256757] PTP clock support registered
[    0.256757] EDAC MC: Ver: 3.0.0
[    0.260595] NetLabel: Initializing
[    0.260599] NetLabel:  domain hash size = 128
[    0.260603] NetLabel:  protocols = UNLABELED CIPSOv4 CALIPSO
[    0.260637] NetLabel:  unlabeled traffic allowed by default
[    0.264151] PCI: Using ACPI for IRQ routing
[    0.265491] pci 0000:00:02.0: vgaarb: setting as boot VGA device
[    0.265491] pci 0000:00:02.0: vgaarb: bridge control possible
[    0.265491] pci 0000:00:02.0: vgaarb: VGA device added: decodes=io+mem,owns=io+mem,locks=none
[    0.265491] vgaarb: loaded
[    0.265498] hpet0: at MMIO 0xfed00000, IRQs 2, 8, 0
[    0.265498] hpet0: 3 comparators, 64-bit 100.000000 MHz counter
[    0.268194] clocksource: Switched to clocksource kvm-clock
[    0.388449] VFS: Disk quotas dquot_6.6.0
[    0.388503] VFS: Dquot-cache hash table entries: 512 (order 0, 4096 bytes)
[    0.388654] pnp: PnP ACPI init
[    0.389758] pnp: PnP ACPI: found 6 devices
[    0.397944] clocksource: acpi_pm: mask: 0xffffff max_cycles: 0xffffff, max_idle_ns: 2085701024 ns
[    0.398197] NET: Registered PF_INET protocol family
[    0.398301] IP idents hash table entries: 32768 (order: 6, 262144 bytes, linear)
[    0.403296] tcp_listen_portaddr_hash hash table entries: 1024 (order: 2, 16384 bytes, linear)
[    0.403319] TCP established hash table entries: 16384 (order: 5, 131072 bytes, linear)
[    0.403453] TCP bind bhash tables hash table entries: 16384 (order: 6, 393216 bytes, linear)
[    0.404061] TCP: Hash tables configured (established 16384 bind 16384)
[    0.405760] UDP hash table entries: 1024 (order: 3, 32768 bytes, linear)
[    0.405775] UDP-Lite hash table entries: 1024 (order: 3, 32768 bytes, linear)
[    0.405853] NET: Registered PF_UNIX/PF_LOCAL protocol family
[    0.406084] RPC: Registered named UNIX socket transport module.
[    0.406088] RPC: Registered udp transport module.
[    0.406091] RPC: Registered tcp transport module.
[    0.406093] RPC: Registered tcp NFSv4.1 backchannel transport module.
[    0.406113] pci_bus 0000:00: resource 4 [io  0x0000-0x0cf7 window]
[    0.406123] pci_bus 0000:00: resource 5 [io  0x0d00-0xffff window]
[    0.406150] pci_bus 0000:00: resource 6 [mem 0x000a0000-0x000bffff window]
[    0.406159] pci_bus 0000:00: resource 7 [mem 0x80000000-0xfebfffff window]
[    0.406168] pci_bus 0000:00: resource 8 [mem 0x100000000-0x17fffffff window]
[    0.406314] pci 0000:00:01.0: PIIX3: Enabling Passive Release
[    0.406327] pci 0000:00:00.0: Limiting direct PCI/PCI transfers
[    0.406347] pci 0000:00:01.0: Activating ISA DMA hang workarounds
[    0.406416] PCI: CLS 0 bytes, default 64
[    0.406437] ACPI: bus type thunderbolt registered
[    0.406641] clocksource: tsc: mask: 0xffffffffffffffff max_cycles: 0x363e8c91135, max_idle_ns: 881590568389 ns
[    2.569568] Initialise system trusted keyrings
[    2.569599] Key type blacklist registered
[    2.569874] workingset: timestamp_bits=36 max_order=19 bucket_order=0
[    2.573745] zbud: loaded
[    2.574448] squashfs: version 4.0 (2009/01/31) Phillip Lougher
[    2.575158] NFS: Registering the id_resolver key type
[    2.575167] Key type id_resolver registered
[    2.575169] Key type id_legacy registered
[    2.575214] nfs4filelayout_init: NFSv4 File Layout Driver Registering...
[    2.575227] nfs4flexfilelayout_init: NFSv4 Flexfile Layout Driver Registering...
[    2.575278] fuse: init (API version 7.36)
[    2.575401] SGI XFS with ACLs, security attributes, realtime, quota, no debug enabled
[    2.576376] 9p: Installing v9fs 9p2000 file system support
[    2.581875] Key type asymmetric registered
[    2.581879] Asymmetric key parser 'x509' registered
[    2.582492] alg: self-tests for CTR-KDF (hmac(sha256)) passed
[    2.582526] Block layer SCSI generic (bsg) driver version 0.4 loaded (major 243)
[    2.582569] io scheduler mq-deadline registered
[    2.582581] io scheduler bfq registered
[    2.582981] shpchp: Standard Hot Plug PCI Controller Driver version: 0.4
[    2.583113] IPMI message handler: version 39.2
[    2.583124] ipmi device interface
[    2.583902] input: Power Button as /devices/LNXSYSTM:00/LNXPWRBN:00/input/input0
[    2.584006] ACPI: button: Power Button [PWRF]
[    2.584464] ERST DBG: ERST support is disabled.
[    2.584710] Serial: 8250/16550 driver, 32 ports, IRQ sharing enabled
[    2.585129] 00:04: ttyS0 at I/O 0x3f8 (irq = 4, base_baud = 115200) is a 16550A
[    2.589083] Linux agpgart interface v0.103
[    2.589443] ACPI: bus type drm_connector registered
[    2.595764] brd: module loaded
[    2.600416] loop: module loaded
[    2.602450] scsi host0: ata_piix
[    2.602647] scsi host1: ata_piix
[    2.602727] ata1: PATA max MWDMA2 cmd 0x1f0 ctl 0x3f6 bmdma 0xc040 irq 14
[    2.602733] ata2: PATA max MWDMA2 cmd 0x170 ctl 0x376 bmdma 0xc048 irq 15
[    2.603207] tun: Universal TUN/TAP device driver, 1.6
[    2.603269] e100: Intel(R) PRO/100 Network Driver
[    2.603273] e100: Copyright(c) 1999-2006 Intel Corporation
[    2.603296] e1000: Intel(R) PRO/1000 Network Driver
[    2.603299] e1000: Copyright (c) 1999-2006 Intel Corporation.
[    2.673902] ACPI: \_SB_.LNKC: Enabled at IRQ 11
[    2.760335] ata1: found unknown device (class 0)
[    2.760665] ata1.00: ATA-7: QEMU HARDDISK, 2.5+, max UDMA/100
[    2.760674] ata1.00: 16777216 sectors, multi 16: LBA48 
[    2.761134] scsi 0:0:0:0: Direct-Access     ATA      QEMU HARDDISK    2.5+ PQ: 0 ANSI: 5
[    2.761418] ata2: found unknown device (class 0)
[    2.761723] ata2.00: ATAPI: QEMU DVD-ROM, 2.5+, max UDMA/100
[    2.762142] scsi 0:0:0:0: Attached scsi generic sg0 type 0
[    2.762344] sd 0:0:0:0: [sda] 16777216 512-byte logical blocks: (8.59 GB/8.00 GiB)
[    2.762361] sd 0:0:0:0: [sda] Write Protect is off
[    2.762387] sd 0:0:0:0: [sda] Write cache: enabled, read cache: enabled, doesn't support DPO or FUA
[    2.762414] sd 0:0:0:0: [sda] Preferred minimum I/O size 512 bytes
[    2.762928] scsi 1:0:0:0: CD-ROM            QEMU     QEMU DVD-ROM     2.5+ PQ: 0 ANSI: 5
[    2.777338] sd 0:0:0:0: [sda] Attached SCSI disk
[    2.792554] scsi 1:0:0:0: Attached scsi generic sg1 type 5
[    2.990318] e1000 0000:00:03.0 eth0: (PCI:33MHz:32-bit) 52:54:00:12:34:56
[    2.990333] e1000 0000:00:03.0 eth0: Intel(R) PRO/1000 Network Connection
[    2.990377] e1000e: Intel(R) PRO/1000 Network Driver
[    2.990380] e1000e: Copyright(c) 1999 - 2015 Intel Corporation.
[    2.990421] igb: Intel(R) Gigabit Ethernet Network Driver
[    2.990425] igb: Copyright (c) 2007-2014 Intel Corporation.
[    2.990482] PPP generic driver version 2.4.2
[    2.990860] VFIO - User Level meta-driver version: 0.3
[    2.990877] ehci_hcd: USB 2.0 'Enhanced' Host Controller (EHCI) Driver
[    2.990884] ehci-pci: EHCI PCI platform driver
[    2.990907] ehci-platform: EHCI generic platform driver
[    2.990919] ohci_hcd: USB 1.1 'Open' Host Controller (OHCI) Driver
[    2.990924] ohci-pci: OHCI PCI platform driver
[    2.990948] ohci-platform: OHCI generic platform driver
[    2.990960] uhci_hcd: USB Universal Host Controller Interface driver
[    2.991055] usbcore: registered new interface driver uas
[    2.991084] usbcore: registered new interface driver usb-storage
[    2.991154] i8042: PNP: PS/2 Controller [PNP0303:KBD,PNP0f13:MOU] at 0x60,0x64 irq 1,12
[    2.991679] serio: i8042 KBD port at 0x60,0x64 irq 1
[    2.991689] serio: i8042 AUX port at 0x60,0x64 irq 12
[    2.991872] mousedev: PS/2 mouse device common for all mice
[    2.992271] input: AT Translated Set 2 keyboard as /devices/platform/i8042/serio0/input/input1
[    2.992357] rtc_cmos 00:05: RTC can wake from S4
[    2.993113] rtc_cmos 00:05: registered as rtc0
[    2.993159] rtc_cmos 00:05: setting system clock to 2022-12-07T02:15:46 UTC (1670379346)
[    2.993240] rtc_cmos 00:05: alarms up to one day, y3k, 242 bytes nvram, hpet irqs
[    2.993259] i2c_dev: i2c /dev entries driver
[    2.993279] device-mapper: core: CONFIG_IMA_DISABLE_HTABLE is disabled. Duplicate IMA measurements will not be recorded in the IMA log.
[    2.993330] device-mapper: uevent: version 1.0.3
[    2.993618] device-mapper: ioctl: 4.46.0-ioctl (2022-02-22) initialised: dm-devel@redhat.com
[    2.993627] intel_pstate: CPU model not supported
[    2.993674] sdhci: Secure Digital Host Controller Interface driver
[    2.993677] sdhci: Copyright(c) Pierre Ossman
[    2.993718] sdhci-pltfm: SDHCI platform and OF driver helper
[    2.994048] input: VirtualPS/2 VMware VMMouse as /devices/platform/i8042/serio1/input/input4
[    2.994082] ledtrig-cpu: registered to indicate activity on CPUs
[    2.994222] drop_monitor: Initializing network drop monitor service
[    2.994534] NET: Registered PF_INET6 protocol family
[    2.996198] input: VirtualPS/2 VMware VMMouse as /devices/platform/i8042/serio1/input/input3
[    2.997047] Segment Routing with IPv6
[    2.997082] In-situ OAM (IOAM) with IPv6
[    2.997107] NET: Registered PF_PACKET protocol family
[    2.997383] 9pnet: Installing 9P2000 support
[    2.997406] Key type dns_resolver registered
[    2.998338] IPI shorthand broadcast: enabled
[    2.998358] sched_clock: Marking stable (2992139331, 6017006)->(3020096351, -21940014)
[    2.999526] registered taskstats version 1
[    2.999712] Loading compiled-in X.509 certificates
[    3.000000] zswap: loaded using pool lzo/zbud
[    3.002212] Key type ._fscrypt registered
[    3.002216] Key type .fscrypt registered
[    3.002218] Key type fscrypt-provisioning registered
[    3.008351] Key type encrypted registered
[    3.008365] ima: No TPM chip found, activating TPM-bypass!
[    3.008384] ima: Allocated hash algorithm: sha1
[    3.008403] ima: No architecture policies found
[    3.008418] evm: Initialising EVM extended attributes:
[    3.008420] evm: security.selinux
[    3.008423] evm: security.SMACK64
[    3.008426] evm: security.SMACK64EXEC
[    3.008429] evm: security.SMACK64TRANSMUTE
[    3.008433] evm: security.SMACK64MMAP
[    3.008435] evm: security.apparmor
[    3.008438] evm: security.ima
[    3.008441] evm: security.capability
[    3.008443] evm: HMAC attrs: 0x1
[    3.013402] PM:   Magic number: 2:491:257
[    3.013596] RAS: Correctable Errors collector initialized.
[    3.013806] md: Waiting for all devices to be available before autodetect
[    3.013810] md: If you don't use raid, use raid=noautodetect
[    3.013814] md: Autodetecting RAID arrays.
[    3.013817] md: autorun ...
[    3.013818] md: ... autorun DONE.
[    3.022283] EXT4-fs (sda): INFO: recovery required on readonly filesystem
[    3.022289] EXT4-fs (sda): write access will be enabled during recovery
[    3.072409] EXT4-fs (sda): recovery complete
[    3.074516] EXT4-fs (sda): mounted filesystem with ordered data mode. Quota mode: none.
[    3.074546] VFS: Mounted root (ext4 filesystem) readonly on device 8:0.
[    3.074979] devtmpfs: mounted
[    3.083248] Freeing unused decrypted memory: 2036K
[    3.084598] Freeing unused kernel image (initmem) memory: 3252K
[    3.084606] Write protecting the kernel read-only data: 40960k
[    3.086731] Freeing unused kernel image (text/rodata gap) memory: 2032K
[    3.087077] Freeing unused kernel image (rodata/data gap) memory: 396K
[    3.165632] x86/mm: Checked W+X mappings: passed, no W+X pages found.
[    3.165642] Run /sbin/init as init process
[    3.232826] systemd[1]: RTC configured in localtime, applying delta of 0 minutes to system time.
[    3.248629] systemd[1]: systemd 239 (239-49.el8) running in system mode. (+PAM +AUDIT +SELINUX +IMA -APPARMOR +SMACK +SYSVINIT +UTMP +LIBCRYPTSETUP +GCRYPT +GNUTLS +ACL +XZ +LZ4 +SECCOMP +BLKID +ELFUTILS +KMOD +IDN2 -IDN +PCRE2 default-hierarchy=legacy)
[    3.248703] systemd[1]: Detected virtualization kvm.
[    3.248710] systemd[1]: Detected architecture x86-64.

Welcome to [0;31mCentOS Stream 8[0m!

[    3.270120] systemd[1]: Set hostname to <test>.
[    5.080136] random: crng init done
[[0;32m  OK  [0m] Created slice system-sshd\x2dkeygen.slice.
[    5.159721] systemd[1]: Created slice system-sshd\x2dkeygen.slice.
[    5.160266] systemd[1]: Listening on LVM2 poll daemon socket.
[[0;32m  OK  [0m] Listening on LVM2 poll daemon socket.
[[0;32m  OK  [0m] Reached target Swap.
[    5.161198] systemd[1]: Reached target Swap.
[[0;32m  OK  [0m] Listening on Process Core Dump Socket.
[[0;32m  OK  [0m] Created slice system-serial\x2dgetty.slice.
[[0;32m  OK  [0m] Listening on RPCbind Server Activation Socket.
[[0;32m  OK  [0m] Reached target RPC Port Mapper.
[[0;32m  OK  [0m] Created slice system-getty.slice.
[[0;32m  OK  [0m] Listening on Device-mapper event daemon FIFOs.
[[0;32m  OK  [0m] Started Forward Password Requests to Wall Directory Watch.
[    5.164642] systemd[1]: Listening on Process Core Dump Socket.
[    5.165403] systemd[1]: Created slice system-serial\x2dgetty.slice.
[    5.165975] systemd[1]: Listening on RPCbind Server Activation Socket.
[[0;32m  OK  [0m] Listening on udev Kernel Socket.
[[0;32m  OK  [0m] Listening on Journal Socket.
         Mounting Huge Pages File System...
         Starting Monitoring of LVM2 mirrorsâ€¦ng dmeventd or progress polling...
         Starting Remount Root and Kernel File Systems...
         Starting Load Kernel Modules...
         Mounting Kernel Debug File System...
[[0;32m  OK  [0m] Set up automount Arbitrary Executabâ€¦rmats File System Automount Point.
         Starting Setup Virtual Console...
[[0;32m  OK  [0m] Listening on Journal Socket (/dev/log).
         Starting Journal Service...
[[0;32m  OK  [0m] Listening on initctl Compatibility Named Pipe.
[[0;32m  OK  [0m] Created slice User and Session Slice.
[[0;32m  OK  [0m] Reached target Slices.
[[0;32m  OK  [0m] Listening on udev Control Socket.
         Starting udev Coldplug all Devices...
         Mounting POSIX Message Queue File System...
[[0;32m  OK  [0m] Listening on multipathd control socket.
[[0;32m  OK  [0m] Mounted Huge Pages File System.
[[0;32m  OK  [0m] Started Monitoring of LVM2 mirrors,â€¦sing dmeventd or progress polling.
[[0;1;31mFAILED[0m] Failed to start Load Kernel Modules.
See 'systemctl status systemd-modules-load.service' for details.
[[0;32m  OK  [0m] Mounted Kernel Debug File System.
[[0;32m  OK  [0m] Mounted POSIX Message Queue File System.
         Starting Apply Kernel Variables...
[    5.300568] EXT4-fs (sda): re-mounted. Quota mode: none.
         Mounting Kernel Configuration File System...
         Mounting FUSE Control File System...
[[0;32m  OK  [0m] Started Remount Root and Kernel File Systems.
         Starting Load/Save Random Seed...
         Starting Create Static Device Nodes in /dev...
[[0;32m  OK  [0m] Started Apply Kernel Variables.
[[0;32m  OK  [0m] Mounted Kernel Configuration File System.
[[0;32m  OK  [0m] Mounted FUSE Control File System.
[[0;32m  OK  [0m] Started Load/Save Random Seed.
[[0;32m  OK  [0m] Started Journal Service.
         Starting Flush Journal to Persistent Storage...
[[0;32m  OK  [0m] Started Create Static Device Nodes in /dev.
         Starting udev Kernel Device Manager...
[[0;32m  OK  [0m] Started Flush Journal to Persistent Storage.
[[0;32m  OK  [0m] Started udev Coldplug all Devices.
         Starting udev Wait for Complete Device Initialization...
[[0;32m  OK  [0m] Started udev Kernel Device Manager.
[[0;32m  OK  [0m] Started Setup Virtual Console.
         Starting Show Plymouth Boot Screen...
[[0;32m  OK  [0m] Started Show Plymouth Boot Screen.
[[0;32m  OK  [0m] Started Forward Password Requests to Plymouth Directory Watch.
[[0;32m  OK  [0m] Reached target Paths.
[[0;32m  OK  [0m] Reached target Local Encrypted Volumes.
[[0;32m  OK  [0m] Found device /dev/ttyS0.
[[0;32m  OK  [0m] Listening on Load/Save RF Kill Switch Status /dev/rfkill Watch.
[[0;32m  OK  [0m] Started udev Wait for Complete Device Initialization.
[[0;32m  OK  [0m] Reached target Local File Systems (Pre).
[[0;32m  OK  [0m] Reached target Local File Systems.
         Starting Restore /run/initramfs on shutdown...
         Starting Create Volatile Files and Directories...
         Starting Tell Plymouth To Write Out Runtime Data...
[[0;32m  OK  [0m] Started Restore /run/initramfs on shutdown.
[[0;32m  OK  [0m] Started Tell Plymouth To Write Out Runtime Data.
[[0;32m  OK  [0m] Started Create Volatile Files and Directories.
         Starting RPC Bind...
         Mounting RPC Pipe File System...
         Starting Security Auditing Service...
[[0;32m  OK  [0m] Mounted RPC Pipe File System.
[[0;32m  OK  [0m] Reached target rpc_pipefs.target.
[[0;32m  OK  [0m] Started RPC Bind.
[[0;32m  OK  [0m] Started Security Auditing Service.
         Starting Update UTMP about System Boot/Shutdown...
[[0;32m  OK  [0m] Started Update UTMP about System Boot/Shutdown.
[[0;32m  OK  [0m] Reached target System Initialization.
[[0;32m  OK  [0m] Listening on D-Bus System Message Bus Socket.
[[0;32m  OK  [0m] Started dnf makecache --timer.
[[0;32m  OK  [0m] Listening on SSSD Kerberos Cache Manager responder socket.
[[0;32m  OK  [0m] Reached target Sockets.
[[0;32m  OK  [0m] Reached target Basic System.
[[0;32m  OK  [0m] Started Machine Check Exception Logging Daemon.
         Starting Auto-connect to subsystemsâ€¦-NVME devices found during boot...
         Starting Authorization Manager...
         Starting NTP client/server...
[[0;32m  OK  [0m] Started Daily Cleanup of Temporary Directories.
[[0;32m  OK  [0m] Started daily update of the root trust anchor for DNSSEC.
[[0;32m  OK  [0m] Reached target Timers.
[[0;32m  OK  [0m] Started irqbalance daemon.
         Starting Login Service...
[[0;32m  OK  [0m] Started D-Bus System Message Bus.
         Starting Network Manager...
         Starting Self Monitoring and Reporting Technology (SMART) Daemon...
[[0;32m  OK  [0m] Reached target sshd-keygen.target.
[[0;32m  OK  [0m] Started Auto-connect to subsystems â€¦FC-NVME devices found during boot.
[[0;32m  OK  [0m] Started Self Monitoring and Reporting Technology (SMART) Daemon.
[[0;32m  OK  [0m] Started Login Service.
[[0;32m  OK  [0m] Started NTP client/server.
[[0;32m  OK  [0m] Started Network Manager.
         Starting Network Manager Wait Online...
[[0;32m  OK  [0m] Reached target Network.
         Starting OpenSSH server daemon...
         Starting GSSAPI Proxy Daemon...
         Starting Dynamic System Tuning Daemon...
         Starting Hostname Service...
[[0;32m  OK  [0m] Started Authorization Manager.
[[0;32m  OK  [0m] Started GSSAPI Proxy Daemon.
[[0;32m  OK  [0m] Started OpenSSH server daemon.
[[0;32m  OK  [0m] Reached target NFS client services.
[[0;32m  OK  [0m] Reached target Remote File Systems (Pre).
[[0;32m  OK  [0m] Reached target Remote File Systems.
         Starting Permit User Sessions...
[[0;32m  OK  [0m] Started Permit User Sessions.
         Starting Hold until boot process finishes up...
[[0;32m  OK  [0m] Started Command Scheduler.
         Starting Terminate Plymouth Boot Screen...
[    6.268202] e1000: eth0 NIC Link is Up 1000 Mbps Full Duplex, Flow Control: RX
[    6.268523] IPv6: ADDRCONF(NETDEV_CHANGE): eth0: link becomes ready
[    6.495779] Spectre V2 : WARNING: Unprivileged eBPF is enabled with eIBRS on, data leaks possible via Spectre v2 BHB attacks!
[    6.495791] Spectre V2 : WARNING: Unprivileged eBPF is enabled with eIBRS on, data leaks possible via Spectre v2 BHB attacks!

CentOS Stream 8
Kernel 5.18.0-9c76d723edd4+ on an x86_64

test login: [   28.579388] loop0: detected capacity change from 0 to 1024
[   28.579496] =======================================================
[   28.579496] WARNING: The mand mount option has been deprecated and
[   28.579496]          and is ignored by this kernel. Remove the mand
[   28.579496]          option from the mount to silence this warning.
[   28.579496] =======================================================
[   28.579518] EXT4-fs: Ignoring removed bh option
[   28.579528] EXT4-fs: Mount option "i_version" will be removed by 5.20
[   28.579528] Contact linux-ext4@vger.kernel.org if you think we should keep it.
[   28.579528] 
[   28.579535] EXT4-fs: Use iversion instead
[   28.579535] 
[   28.579617] EXT4-fs: Journaled quota options ignored when QUOTA feature is enabled
[   28.580032] EXT4-fs (loop0): mounted filesystem without journal. Quota mode: writeback.
[   28.582936] ------------[ cut here ]------------
[   28.582940] WARNING: CPU: 0 PID: 561 at fs/ext4/xattr.c:2056 ext4_xattr_block_set+0x15ae/0x1610
[   28.587676] Modules linked in:
[   28.587844] CPU: 0 PID: 561 Comm: repro Not tainted 5.18.0-9c76d723edd4+ #1
[   28.588222] Hardware name: QEMU Standard PC (i440FX + PIIX, 1996), BIOS rel-1.14.0-0-g155821a1990b-prebuilt.qemu.org 04/01/2014
[   28.588816] RIP: 0010:ext4_xattr_block_set+0x15ae/0x1610
[   28.589101] Code: 89 ff e8 d5 b0 e7 ff c7 45 8c fb ff ff ff e9 53 ff ff ff e8 24 42 b4 ff 4c 89 ff e8 0c c0 e7 ff e9 98 f6 ff ff e8 12 42 b4 ff <0f> 0b e9 06 f4 ff ff e8 06 42 b4 ff 48 8b 7d 90 41 89 d8 48 c7 c1
[   28.590063] RSP: 0018:ffffc90000ce7a18 EFLAGS: 00010246
[   28.590341] RAX: 0000000000000000 RBX: 0000000000000001 RCX: ffffffff816f2a73
[   28.590714] RDX: 0000000000000000 RSI: ffff888006ed1980 RDI: 0000000000000002
[   28.591098] RBP: ffffc90000ce7af0 R08: ffff88800aa17024 R09: ffff88800aa173fe
[   28.591479] R10: 0000000000000000 R11: 000000000000b6ca R12: 0000000000000000
[   28.591853] R13: ffff88800a969450 R14: 0000000000000000 R15: 0000000000000000
[   28.592233] FS:  00007f0595fb9740(0000) GS:ffff88807dc00000(0000) knlGS:0000000000000000
[   28.592658] CS:  0010 DS: 0000 ES: 0000 CR0: 0000000080050033
[   28.592961] CR2: 00007fa1fc519100 CR3: 00000000112b6005 CR4: 0000000000770ef0
[   28.593336] PKRU: 55555554
[   28.593484] Call Trace:
[   28.593621]  <TASK>
[   28.593740]  ? __sanitizer_cov_trace_pc+0x25/0x50
[   28.594001]  ext4_expand_extra_isize_ea+0x5e9/0xcc0
[   28.594266]  __ext4_expand_extra_isize+0x184/0x1e0
[   28.594529]  __ext4_mark_inode_dirty+0x247/0x370
[   28.594780]  ? ext4_setattr+0x10f0/0x10f0
[   28.595000]  ext4_dirty_inode+0x7a/0xa0
[   28.595211]  __mark_inode_dirty+0x274/0x620
[   28.595444]  ? setattr_copy+0x1d0/0x210
[   28.595656]  ext4_setattr+0x74e/0x10f0
[   28.595863]  ? ext4_journalled_write_end+0x940/0x940
[   28.596145]  notify_change+0x711/0xa40
[   28.596352]  chmod_common+0xef/0x1f0
[   28.596550]  ? chmod_common+0xef/0x1f0
[   28.596756]  ? __sanitizer_cov_trace_pc+0x25/0x50
[   28.597014]  do_fchmodat+0x76/0xf0
[   28.597202]  __x64_sys_chmod+0x28/0x30
[   28.597408]  do_syscall_64+0x3b/0x90
[   28.597612]  entry_SYSCALL_64_after_hwframe+0x46/0xb0
[   28.597889] RIP: 0033:0x7f05960de59d
[   28.598084] Code: 00 c3 66 2e 0f 1f 84 00 00 00 00 00 90 f3 0f 1e fa 48 89 f8 48 89 f7 48 89 d6 48 89 ca 4d 89 c2 4d 89 c8 4c 8b 4c 24 08 0f 05 <48> 3d 01 f0 ff ff 73 01 c3 48 8b 0d d3 08 0d 00 f7 d8 64 89 01 48
[   28.599045] RSP: 002b:00007fff98ea9798 EFLAGS: 00000246 ORIG_RAX: 000000000000005a
[   28.599447] RAX: ffffffffffffffda RBX: 0000000000000000 RCX: 00007f05960de59d
[   28.599820] RDX: 0031656c69662f2e RSI: 0000000000000140 RDI: 0000000020000100
[   28.600199] RBP: 00007fff98ea97a0 R08: 00007fff98ea9600 R09: 00000000004028e0
[   28.600572] R10: 00007fff98ea9600 R11: 0000000000000246 R12: 00000000004011a0
[   28.600946] R13: 00007fff98ea9880 R14: 0000000000000000 R15: 0000000000000000
[   28.601321]  </TASK>
[   28.601443] ---[ end trace 0000000000000000 ]---
