c[?7l[2J[0mSeaBIOS (version rel-1.14.0-0-g155821a1990b-prebuilt.qemu.org)


iPXE (http://ipxe.org) 00:03.0 CA00 PCI2.10 PnP PMM+7FF8F030+7FEEF030 CA00
Press Ctrl-B to configure iPXE (PCI 00:03.0)...                                                                               


Booting from ROM..c[?7l[2J[    0.000000] Linux version 5.16.0-rc4-e6e268cb6822+ (root@p-rplp02) (gcc (GCC) 8.5.0 20210514 (Red Hat 8.5.0-17), GNU ld version 2.36.1-2.el8) #1 SMP PREEMPT Wed Dec 7 14:49:04 CST 2022
[    0.000000] Command line: console=ttyS0 root=/dev/sda earlyprintk=serial net.ifnames=0
[    0.000000] KERNEL supported cpus:
[    0.000000]   Intel GenuineIntel
[    0.000000]   AMD AuthenticAMD
[    0.000000]   Hygon HygonGenuine
[    0.000000]   Centaur CentaurHauls
[    0.000000]   zhaoxin   Shanghai  
[    0.000000] x86/fpu: Supporting XSAVE feature 0x001: 'x87 floating point registers'
[    0.000000] x86/fpu: Supporting XSAVE feature 0x002: 'SSE registers'
[    0.000000] x86/fpu: Supporting XSAVE feature 0x004: 'AVX registers'
[    0.000000] x86/fpu: Supporting XSAVE feature 0x200: 'Protection Keys User registers'
[    0.000000] x86/fpu: xstate_offset[2]:  576, xstate_sizes[2]:  256
[    0.000000] x86/fpu: xstate_offset[9]:  832, xstate_sizes[9]:    8
[    0.000000] x86/fpu: Enabled xstate features 0x207, context size is 840 bytes, using 'compacted' format.
[    0.000000] signal: max sigframe size: 3632
[    0.000000] printk: bootconsole [earlyser0] enabled
[    0.000000] BIOS-provided physical RAM map:
[    0.000000] BIOS-e820: [mem 0x0000000000000000-0x000000000009fbff] usable
[    0.000000] BIOS-e820: [mem 0x000000000009fc00-0x000000000009ffff] reserved
[    0.000000] BIOS-e820: [mem 0x00000000000f0000-0x00000000000fffff] reserved
[    0.000000] BIOS-e820: [mem 0x0000000000100000-0x000000007ffdffff] usable
[    0.000000] BIOS-e820: [mem 0x000000007ffe0000-0x000000007fffffff] reserved
[    0.000000] BIOS-e820: [mem 0x00000000feffc000-0x00000000feffffff] reserved
[    0.000000] BIOS-e820: [mem 0x00000000fffc0000-0x00000000ffffffff] reserved
[    0.000000] NX (Execute Disable) protection: active
[    0.000000] SMBIOS 2.8 present.
[    0.000000] DMI: QEMU Standard PC (i440FX + PIIX, 1996), BIOS rel-1.14.0-0-g155821a1990b-prebuilt.qemu.org 04/01/2014
[    0.000000] Hypervisor detected: KVM
[    0.000000] kvm-clock: Using msrs 4b564d01 and 4b564d00
[    0.000000] kvm-clock: cpu 0, msr 4601001, primary cpu clock
[    0.000001] kvm-clock: using sched offset of 264241397 cycles
[    0.000347] clocksource: kvm-clock: mask: 0xffffffffffffffff max_cycles: 0x1cd42e4dffb, max_idle_ns: 881590591483 ns
[    0.001258] tsc: Detected 1881.600 MHz processor
[    0.005751] last_pfn = 0x7ffe0 max_arch_pfn = 0x400000000
[    0.006108] x86/PAT: Configuration [0-7]: WB  WC  UC- UC  WB  WP  UC- WT  
[    0.010580] found SMP MP-table at [mem 0x000f5a90-0x000f5a9f]
[    0.010989] Using GB pages for direct mapping
[    0.011912] ACPI: Early table checksum verification disabled
[    0.012231] ACPI: RSDP 0x00000000000F5870 000014 (v00 BOCHS )
[    0.012556] ACPI: RSDT 0x000000007FFE1959 000034 (v01 BOCHS  BXPC     00000001 BXPC 00000001)
[    0.013035] ACPI: FACP 0x000000007FFE1805 000074 (v01 BOCHS  BXPC     00000001 BXPC 00000001)
[    0.013514] ACPI: DSDT 0x000000007FFE0040 0017C5 (v01 BOCHS  BXPC     00000001 BXPC 00000001)
[    0.013989] ACPI: FACS 0x000000007FFE0000 000040
[    0.014252] ACPI: APIC 0x000000007FFE1879 000080 (v01 BOCHS  BXPC     00000001 BXPC 00000001)
[    0.014742] ACPI: HPET 0x000000007FFE18F9 000038 (v01 BOCHS  BXPC     00000001 BXPC 00000001)
[    0.015234] ACPI: WAET 0x000000007FFE1931 000028 (v01 BOCHS  BXPC     00000001 BXPC 00000001)
[    0.015708] ACPI: Reserving FACP table memory at [mem 0x7ffe1805-0x7ffe1878]
[    0.016094] ACPI: Reserving DSDT table memory at [mem 0x7ffe0040-0x7ffe1804]
[    0.016480] ACPI: Reserving FACS table memory at [mem 0x7ffe0000-0x7ffe003f]
[    0.016866] ACPI: Reserving APIC table memory at [mem 0x7ffe1879-0x7ffe18f8]
[    0.017298] ACPI: Reserving HPET table memory at [mem 0x7ffe18f9-0x7ffe1930]
[    0.017683] ACPI: Reserving WAET table memory at [mem 0x7ffe1931-0x7ffe1958]
[    0.018499] No NUMA configuration found
[    0.018717] Faking a node at [mem 0x0000000000000000-0x000000007ffdffff]
[    0.019157] NODE_DATA(0) allocated [mem 0x7ffb5000-0x7ffdffff]
[    0.022012] Zone ranges:
[    0.022167]   DMA      [mem 0x0000000000001000-0x0000000000ffffff]
[    0.022508]   DMA32    [mem 0x0000000001000000-0x000000007ffdffff]
[    0.022875]   Normal   empty
[    0.023035]   Device   empty
[    0.023195] Movable zone start for each node
[    0.023428] Early memory node ranges
[    0.023623]   node   0: [mem 0x0000000000001000-0x000000000009efff]
[    0.023970]   node   0: [mem 0x0000000000100000-0x000000007ffdffff]
[    0.024314] Initmem setup node 0 [mem 0x0000000000001000-0x000000007ffdffff]
[    0.026038] On node 0, zone DMA: 1 pages in unavailable ranges
[    0.026051] On node 0, zone DMA: 97 pages in unavailable ranges
[    0.041541] On node 0, zone DMA32: 32 pages in unavailable ranges
[    0.042077] ACPI: PM-Timer IO Port: 0x608
[    0.042646] ACPI: LAPIC_NMI (acpi_id[0xff] dfl dfl lint[0x1])
[    0.043014] IOAPIC[0]: apic_id 0, version 17, address 0xfec00000, GSI 0-23
[    0.043398] ACPI: INT_SRC_OVR (bus 0 bus_irq 0 global_irq 2 dfl dfl)
[    0.043751] ACPI: INT_SRC_OVR (bus 0 bus_irq 5 global_irq 5 high level)
[    0.044118] ACPI: INT_SRC_OVR (bus 0 bus_irq 9 global_irq 9 high level)
[    0.044483] ACPI: INT_SRC_OVR (bus 0 bus_irq 10 global_irq 10 high level)
[    0.044859] ACPI: INT_SRC_OVR (bus 0 bus_irq 11 global_irq 11 high level)
[    0.045240] ACPI: Using ACPI (MADT) for SMP configuration information
[    0.045605] ACPI: HPET id: 0x8086a201 base: 0xfed00000
[    0.045930] TSC deadline timer available
[    0.046171] smpboot: Allowing 2 CPUs, 0 hotplug CPUs
[    0.046501] kvm-guest: KVM setup pv remote TLB flush
[    0.046809] kvm-guest: setup PV sched yield
[    0.047094] PM: hibernation: Registered nosave memory: [mem 0x00000000-0x00000fff]
[    0.047560] PM: hibernation: Registered nosave memory: [mem 0x0009f000-0x0009ffff]
[    0.048021] PM: hibernation: Registered nosave memory: [mem 0x000a0000-0x000effff]
[    0.048485] PM: hibernation: Registered nosave memory: [mem 0x000f0000-0x000fffff]
[    0.048949] [mem 0x80000000-0xfeffbfff] available for PCI devices
[    0.049322] Booting paravirtualized kernel on KVM
[    0.049611] clocksource: refined-jiffies: mask: 0xffffffff max_cycles: 0xffffffff, max_idle_ns: 7645519600211568 ns
[    0.050260] setup_percpu: NR_CPUS:8192 nr_cpumask_bits:2 nr_cpu_ids:2 nr_node_ids:1
[    0.052128] percpu: Embedded 61 pages/cpu s212992 r8192 d28672 u1048576
[    0.052691] kvm-guest: setup async PF for cpu 0
[    0.052971] kvm-guest: stealtime: cpu 0, msr 7dc33080
[    0.053288] kvm-guest: PV spinlocks enabled
[    0.053555] PV qspinlock hash table entries: 256 (order: 0, 4096 bytes, linear)
[    0.054016] Fallback order for Node 0: 0 
[    0.054270] Built 1 zonelists, mobility grouping on.  Total pages: 515808
[    0.054696] Policy zone: DMA32
[    0.054887] Kernel command line: net.ifnames=0 console=ttyS0 root=/dev/sda earlyprintk=serial net.ifnames=0
[    0.057088] Dentry cache hash table entries: 262144 (order: 9, 2097152 bytes, linear)
[    0.057651] Inode-cache hash table entries: 131072 (order: 8, 1048576 bytes, linear)
[    0.058205] mem auto-init: stack:off, heap alloc:off, heap free:off
[    0.061208] Memory: 2001792K/2096632K available (28689K kernel code, 4396K rwdata, 7588K rodata, 3144K init, 10700K bss, 94584K reserved, 0K cma-reserved)
[    0.062059] random: get_random_u64 called from __kmem_cache_create+0x2f/0x480 with crng_init=0
[    0.062432] SLUB: HWalign=64, Order=0-3, MinObjects=0, CPUs=2, Nodes=1
[    0.063326] kmemleak: Kernel memory leak detector disabled
[    0.063658] ftrace: allocating 65266 entries in 255 pages
[    0.125934] ftrace: allocated 255 pages with 8 groups
[    0.126940] Dynamic Preempt: voluntary
[    0.127173] rcu: Preemptible hierarchical RCU implementation.
[    0.127480] rcu: 	RCU restricting CPUs from NR_CPUS=8192 to nr_cpu_ids=2.
[    0.127838] 	Trampoline variant of Tasks RCU enabled.
[    0.128104] 	Rude variant of Tasks RCU enabled.
[    0.128342] 	Tracing variant of Tasks RCU enabled.
[    0.128595] rcu: RCU calculated value of scheduler-enlistment delay is 25 jiffies.
[    0.128993] rcu: Adjusting geometry for rcu_fanout_leaf=16, nr_cpu_ids=2
[    0.145041] NR_IRQS: 524544, nr_irqs: 440, preallocated irqs: 16
[    0.150615] Console: colour VGA+ 80x25
[    0.150842] printk: console [ttyS0] enabled
[    0.150842] printk: console [ttyS0] enabled
[    0.151295] printk: bootconsole [earlyser0] disabled
[    0.151295] printk: bootconsole [earlyser0] disabled
[    0.151844] ACPI: Core revision 20210930
[    0.152171] clocksource: hpet: mask: 0xffffffff max_cycles: 0xffffffff, max_idle_ns: 19112604467 ns
[    0.152740] APIC: Switch to symmetric I/O mode setup
[    0.153202] x2apic enabled
[    0.153510] Switched APIC routing to physical x2apic.
[    0.153823] kvm-guest: setup PV IPIs
[    0.154649] ..TIMER: vector=0x30 apic1=0 pin1=2 apic2=-1 pin2=-1
[    0.155038] clocksource: tsc-early: mask: 0xffffffffffffffff max_cycles: 0x363e8c91135, max_idle_ns: 881590568389 ns
[    0.155677] Calibrating delay loop (skipped) preset value.. 3763.20 BogoMIPS (lpj=7526400)
[    0.156178] pid_max: default: 32768 minimum: 301
[    0.156499] LSM: Security Framework initializing
[    0.159678] Yama: becoming mindful.
[    0.159929] Mount-cache hash table entries: 4096 (order: 3, 32768 bytes, linear)
[    0.160335] Mountpoint-cache hash table entries: 4096 (order: 3, 32768 bytes, linear)
[    0.161174] x86/cpu: User Mode Instruction Prevention (UMIP) activated
[    0.161697] Last level iTLB entries: 4KB 0, 2MB 0, 4MB 0
[    0.162029] Last level dTLB entries: 4KB 0, 2MB 0, 4MB 0, 1GB 0
[    0.162398] Spectre V1 : Mitigation: usercopy/swapgs barriers and __user pointer sanitization
[    0.162913] Spectre V2 : Mitigation: Enhanced IBRS
[    0.163190] Spectre V2 : Spectre v2 / SpectreRSB mitigation: Filling RSB on context switch
[    0.163677] Spectre V2 : mitigation: Enabling conditional Indirect Branch Prediction Barrier
[    0.164108] Speculative Store Bypass: Mitigation: Speculative Store Bypass disabled via prctl
[    0.189838] Freeing SMP alternatives memory: 56K
[    0.190237] smpboot: CPU0: Genuine Intel(R) 0000 (family: 0x6, model: 0xba, stepping: 0x2)
[    0.190842] Performance Events: generic architected perfmon, full-width counters, Intel PMU driver.
[    0.191377] ... version:                2
[    0.191622] ... bit width:              48
[    0.191672] ... generic registers:      6
[    0.191672] ... value mask:             0000ffffffffffff
[    0.191672] ... max period:             00007fffffffffff
[    0.191672] ... fixed-purpose events:   3
[    0.191672] ... event mask:             000000070000003f
[    0.191672] rcu: Hierarchical SRCU implementation.
[    0.192324] smp: Bringing up secondary CPUs ...
[    0.192657] x86: Booting SMP configuration:
[    0.192876] .... node  #0, CPUs:      #1
[    0.010149] kvm-clock: cpu 1, msr 4601041, secondary cpu clock
[    0.010149] smpboot: CPU 1 Converting physical 0 to logical die 1
[    0.195691] kvm-guest: setup async PF for cpu 1
[    0.195969] kvm-guest: stealtime: cpu 1, msr 7dd33080
[    0.196274] smp: Brought up 1 node, 2 CPUs
[    0.196274] smpboot: Max logical packages: 2
[    0.196274] smpboot: Total of 2 processors activated (7526.40 BogoMIPS)
[    0.197724] devtmpfs: initialized
[    0.197724] x86/mm: Memory block size: 128MB
[    0.200226] clocksource: jiffies: mask: 0xffffffff max_cycles: 0xffffffff, max_idle_ns: 7645041785100000 ns
[    0.200394] futex hash table entries: 512 (order: 3, 32768 bytes, linear)
[    0.200822] pinctrl core: initialized pinctrl subsystem
[    0.201265] 
[    0.201349] *************************************************************
[    0.201695] **     NOTICE NOTICE NOTICE NOTICE NOTICE NOTICE NOTICE    **
[    0.202043] **                                                         **
[    0.202389] **  IOMMU DebugFS SUPPORT HAS BEEN ENABLED IN THIS KERNEL  **
[    0.202734] **                                                         **
[    0.203677] ** This means that this kernel is built to expose internal **
[    0.204039] ** IOMMU data structures, which may compromise security on **
[    0.204387] ** your system.                                            **
[    0.204756] **                                                         **
[    0.205107] ** If you see this message and you are not debugging the   **
[    0.205457] ** kernel, report this immediately to your vendor!         **
[    0.205804] **                                                         **
[    0.206152] **     NOTICE NOTICE NOTICE NOTICE NOTICE NOTICE NOTICE    **
[    0.206500] *************************************************************
[    0.206879] PM: RTC time: 07:09:22, date: 2022-12-07
[    0.207905] NET: Registered PF_NETLINK/PF_ROUTE protocol family
[    0.208531] DMA: preallocated 256 KiB GFP_KERNEL pool for atomic allocations
[    0.208901] DMA: preallocated 256 KiB GFP_KERNEL|GFP_DMA pool for atomic allocations
[    0.209303] DMA: preallocated 256 KiB GFP_KERNEL|GFP_DMA32 pool for atomic allocations
[    0.209725] audit: initializing netlink subsys (disabled)
[    0.210029] audit: type=2000 audit(1670396963.054:1): state=initialized audit_enabled=0 res=1
[    0.210029] thermal_sys: Registered thermal governor 'fair_share'
[    0.210029] thermal_sys: Registered thermal governor 'bang_bang'
[    0.210029] thermal_sys: Registered thermal governor 'step_wise'
[    0.210029] thermal_sys: Registered thermal governor 'user_space'
[    0.211689] cpuidle: using governor ladder
[    0.212277] cpuidle: using governor menu
[    0.212713] acpiphp: ACPI Hot Plug PCI Controller Driver version: 0.5
[    0.213235] PCI: Using configuration type 1 for base access
[    0.219229] kprobes: kprobe jump-optimization is enabled. All kprobes are optimized if possible.
[    0.219730] HugeTLB registered 1.00 GiB page size, pre-allocated 0 pages
[    0.220080] HugeTLB registered 2.00 MiB page size, pre-allocated 0 pages
[    0.220502] ACPI: Added _OSI(Module Device)
[    0.220502] ACPI: Added _OSI(Processor Device)
[    0.220502] ACPI: Added _OSI(3.0 _SCP Extensions)
[    0.220592] ACPI: Added _OSI(Processor Aggregator Device)
[    0.220904] ACPI: Added _OSI(Linux-Dell-Video)
[    0.221163] ACPI: Added _OSI(Linux-Lenovo-NV-HDMI-Audio)
[    0.221470] ACPI: Added _OSI(Linux-HPI-Hybrid-Graphics)
[    0.226413] ACPI: 1 ACPI AML tables successfully acquired and loaded
[    0.228473] ACPI: Interpreter enabled
[    0.228711] ACPI: PM: (supports S0 S3 S4 S5)
[    0.228934] ACPI: Using IOAPIC for interrupt routing
[    0.229208] PCI: Using host bridge windows from ACPI; if necessary, use "pci=nocrs" and report a bug
[    0.230067] ACPI: Enabled 2 GPEs in block 00 to 0F
[    0.238473] ACPI: PCI Root Bridge [PCI0] (domain 0000 [bus 00-ff])
[    0.238809] acpi PNP0A03:00: _OSC: OS supports [ASPM ClockPM Segments MSI EDR HPX-Type3]
[    0.239227] acpi PNP0A03:00: _OSC: not requesting OS control; OS requires [ExtendedConfig ASPM ClockPM MSI]
[    0.239698] acpi PNP0A03:00: fail to add MMCONFIG information, can't access extended PCI configuration space under this bridge.
[    0.241270] acpiphp: Slot [3] registered
[    0.241517] acpiphp: Slot [4] registered
[    0.241757] acpiphp: Slot [5] registered
[    0.241998] acpiphp: Slot [6] registered
[    0.242239] acpiphp: Slot [7] registered
[    0.242482] acpiphp: Slot [8] registered
[    0.242723] acpiphp: Slot [9] registered
[    0.242967] acpiphp: Slot [10] registered
[    0.243212] acpiphp: Slot [11] registered
[    0.243475] acpiphp: Slot [12] registered
[    0.243709] acpiphp: Slot [13] registered
[    0.243955] acpiphp: Slot [14] registered
[    0.244227] acpiphp: Slot [15] registered
[    0.244493] acpiphp: Slot [16] registered
[    0.244741] acpiphp: Slot [17] registered
[    0.244990] acpiphp: Slot [18] registered
[    0.245235] acpiphp: Slot [19] registered
[    0.245480] acpiphp: Slot [20] registered
[    0.245724] acpiphp: Slot [21] registered
[    0.245970] acpiphp: Slot [22] registered
[    0.246218] acpiphp: Slot [23] registered
[    0.246463] acpiphp: Slot [24] registered
[    0.246709] acpiphp: Slot [25] registered
[    0.246955] acpiphp: Slot [26] registered
[    0.247201] acpiphp: Slot [27] registered
[    0.247447] acpiphp: Slot [28] registered
[    0.247696] acpiphp: Slot [29] registered
[    0.247946] acpiphp: Slot [30] registered
[    0.248206] acpiphp: Slot [31] registered
[    0.248438] PCI host bridge to bus 0000:00
[    0.248653] pci_bus 0000:00: root bus resource [io  0x0000-0x0cf7 window]
[    0.249007] pci_bus 0000:00: root bus resource [io  0x0d00-0xffff window]
[    0.249360] pci_bus 0000:00: root bus resource [mem 0x000a0000-0x000bffff window]
[    0.249749] pci_bus 0000:00: root bus resource [mem 0x80000000-0xfebfffff window]
[    0.250137] pci_bus 0000:00: root bus resource [mem 0x100000000-0x17fffffff window]
[    0.250534] pci_bus 0000:00: root bus resource [bus 00-ff]
[    0.250851] pci 0000:00:00.0: [8086:1237] type 00 class 0x060000
[    0.252844] pci 0000:00:01.0: [8086:7000] type 00 class 0x060100
[    0.253508] pci 0000:00:01.1: [8086:7010] type 00 class 0x010180
[    0.255073] pci 0000:00:01.1: reg 0x20: [io  0xc040-0xc04f]
[    0.255834] pci 0000:00:01.1: legacy IDE quirk: reg 0x10: [io  0x01f0-0x01f7]
[    0.256227] pci 0000:00:01.1: legacy IDE quirk: reg 0x14: [io  0x03f6]
[    0.256601] pci 0000:00:01.1: legacy IDE quirk: reg 0x18: [io  0x0170-0x0177]
[    0.256969] pci 0000:00:01.1: legacy IDE quirk: reg 0x1c: [io  0x0376]
[    0.257449] pci 0000:00:01.3: [8086:7113] type 00 class 0x068000
[    0.257957] pci 0000:00:01.3: quirk: [io  0x0600-0x063f] claimed by PIIX4 ACPI
[    0.258603] pci 0000:00:01.3: quirk: [io  0x0700-0x070f] claimed by PIIX4 SMB
[    0.259267] pci 0000:00:02.0: [1234:1111] type 00 class 0x030000
[    0.259861] pci 0000:00:02.0: reg 0x10: [mem 0xfd000000-0xfdffffff pref]
[    0.261068] pci 0000:00:02.0: reg 0x18: [mem 0xfebf0000-0xfebf0fff]
[    0.263681] pci 0000:00:02.0: reg 0x30: [mem 0xfebe0000-0xfebeffff pref]
[    0.265866] pci 0000:00:03.0: [8086:100e] type 00 class 0x020000
[    0.266882] pci 0000:00:03.0: reg 0x10: [mem 0xfebc0000-0xfebdffff]
[    0.267676] pci 0000:00:03.0: reg 0x14: [io  0xc000-0xc03f]
[    0.270127] pci 0000:00:03.0: reg 0x30: [mem 0xfeb80000-0xfebbffff pref]
[    0.277905] ACPI: PCI: Interrupt link LNKA configured for IRQ 10
[    0.278699] ACPI: PCI: Interrupt link LNKB configured for IRQ 10
[    0.279214] ACPI: PCI: Interrupt link LNKC configured for IRQ 11
[    0.279741] ACPI: PCI: Interrupt link LNKD configured for IRQ 11
[    0.280149] ACPI: PCI: Interrupt link LNKS configured for IRQ 9
[    0.280954] iommu: Default domain type: Translated 
[    0.280954] iommu: DMA domain TLB invalidation policy: lazy mode 
[    0.280954] pci 0000:00:02.0: vgaarb: setting as boot VGA device
[    0.280954] pci 0000:00:02.0: vgaarb: VGA device added: decodes=io+mem,owns=io+mem,locks=none
[    0.280954] pci 0000:00:02.0: vgaarb: bridge control possible
[    0.280954] vgaarb: loaded
[    0.281394] SCSI subsystem initialized
[    0.283759] ACPI: bus type USB registered
[    0.283998] usbcore: registered new interface driver usbfs
[    0.284298] usbcore: registered new interface driver hub
[    0.284582] usbcore: registered new device driver usb
[    0.284890] pps_core: LinuxPPS API ver. 1 registered
[    0.285147] pps_core: Software ver. 5.3.6 - Copyright 2005-2007 Rodolfo Giometti <giometti@linux.it>
[    0.285632] PTP clock support registered
[    0.285884] EDAC MC: Ver: 3.0.0
[    0.285884] NetLabel: Initializing
[    0.285884] NetLabel:  domain hash size = 128
[    0.285884] NetLabel:  protocols = UNLABELED CIPSOv4 CALIPSO
[    0.287697] NetLabel:  unlabeled traffic allowed by default
[    0.288019] PCI: Using ACPI for IRQ routing
[    0.288050] hpet0: at MMIO 0xfed00000, IRQs 2, 8, 0
[    0.288228] hpet0: 3 comparators, 64-bit 100.000000 MHz counter
[    0.294852] clocksource: Switched to clocksource kvm-clock
[    0.451807] VFS: Disk quotas dquot_6.6.0
[    0.452142] VFS: Dquot-cache hash table entries: 512 (order 0, 4096 bytes)
[    0.452691] pnp: PnP ACPI init
[    0.453928] pnp: PnP ACPI: found 6 devices
[    0.461133] clocksource: acpi_pm: mask: 0xffffff max_cycles: 0xffffff, max_idle_ns: 2085701024 ns
[    0.461867] NET: Registered PF_INET protocol family
[    0.462318] IP idents hash table entries: 32768 (order: 6, 262144 bytes, linear)
[    0.463068] tcp_listen_portaddr_hash hash table entries: 1024 (order: 2, 16384 bytes, linear)
[    0.463574] TCP established hash table entries: 16384 (order: 5, 131072 bytes, linear)
[    0.464154] TCP bind hash table entries: 16384 (order: 6, 262144 bytes, linear)
[    0.465092] TCP: Hash tables configured (established 16384 bind 16384)
[    0.465557] UDP hash table entries: 1024 (order: 3, 32768 bytes, linear)
[    0.466007] UDP-Lite hash table entries: 1024 (order: 3, 32768 bytes, linear)
[    0.466487] NET: Registered PF_UNIX/PF_LOCAL protocol family
[    0.468449] RPC: Registered named UNIX socket transport module.
[    0.468801] RPC: Registered udp transport module.
[    0.469074] RPC: Registered tcp transport module.
[    0.469347] RPC: Registered tcp NFSv4.1 backchannel transport module.
[    0.469731] pci_bus 0000:00: resource 4 [io  0x0000-0x0cf7 window]
[    0.470092] pci_bus 0000:00: resource 5 [io  0x0d00-0xffff window]
[    0.470453] pci_bus 0000:00: resource 6 [mem 0x000a0000-0x000bffff window]
[    0.470853] pci_bus 0000:00: resource 7 [mem 0x80000000-0xfebfffff window]
[    0.471255] pci_bus 0000:00: resource 8 [mem 0x100000000-0x17fffffff window]
[    0.471807] pci 0000:00:01.0: PIIX3: Enabling Passive Release
[    0.472148] pci 0000:00:00.0: Limiting direct PCI/PCI transfers
[    0.472505] pci 0000:00:01.0: Activating ISA DMA hang workarounds
[    0.472921] pci 0000:00:02.0: Video device with shadowed ROM at [mem 0x000c0000-0x000dffff]
[    0.473419] PCI: CLS 0 bytes, default 64
[    0.473659] ACPI: bus type thunderbolt registered
[    0.474133] clocksource: tsc: mask: 0xffffffffffffffff max_cycles: 0x363e8c91135, max_idle_ns: 881590568389 ns
[    2.301334] Initialise system trusted keyrings
[    2.301593] Key type blacklist registered
[    2.301986] workingset: timestamp_bits=36 max_order=19 bucket_order=0
[    2.305619] zbud: loaded
[    2.306209] squashfs: version 4.0 (2009/01/31) Phillip Lougher
[    2.307084] NFS: Registering the id_resolver key type
[    2.307353] Key type id_resolver registered
[    2.307571] Key type id_legacy registered
[    2.307821] nfs4filelayout_init: NFSv4 File Layout Driver Registering...
[    2.308167] nfs4flexfilelayout_init: NFSv4 Flexfile Layout Driver Registering...
[    2.308582] fuse: init (API version 7.35)
[    2.308885] SGI XFS with ACLs, security attributes, realtime, quota, no debug enabled
[    2.310001] 9p: Installing v9fs 9p2000 file system support
[    2.315958] Key type asymmetric registered
[    2.316195] Asymmetric key parser 'x509' registered
[    2.316518] Block layer SCSI generic (bsg) driver version 0.4 loaded (major 243)
[    2.317076] io scheduler mq-deadline registered
[    2.317354] io scheduler bfq registered
[    2.318017] shpchp: Standard Hot Plug PCI Controller Driver version: 0.4
[    2.318535] IPMI message handler: version 39.2
[    2.318802] ipmi device interface
[    2.319805] input: Power Button as /devices/LNXSYSTM:00/LNXPWRBN:00/input/input0
[    2.320236] ACPI: button: Power Button [PWRF]
[    2.320981] ERST DBG: ERST support is disabled.
[    2.321456] Serial: 8250/16550 driver, 32 ports, IRQ sharing enabled
[    2.322080] 00:04: ttyS0 at I/O 0x3f8 (irq = 4, base_baud = 115200) is a 16550A
[    2.325918] Linux agpgart interface v0.103
[    2.326460] ACPI: bus type drm_connector registered
[    2.332105] brd: module loaded
[    2.335269] loop: module loaded
[    2.337397] scsi host0: ata_piix
[    2.337827] scsi host1: ata_piix
[    2.338079] ata1: PATA max MWDMA2 cmd 0x1f0 ctl 0x3f6 bmdma 0xc040 irq 14
[    2.338473] ata2: PATA max MWDMA2 cmd 0x170 ctl 0x376 bmdma 0xc048 irq 15
[    2.339188] libphy: Fixed MDIO Bus: probed
[    2.339585] tun: Universal TUN/TAP device driver, 1.6
[    2.339938] e100: Intel(R) PRO/100 Network Driver
[    2.340215] e100: Copyright(c) 1999-2006 Intel Corporation
[    2.340559] e1000: Intel(R) PRO/1000 Network Driver
[    2.340840] e1000: Copyright (c) 1999-2006 Intel Corporation.
[    2.405058] ACPI: \_SB_.LNKC: Enabled at IRQ 11
[    2.496188] ata1.00: ATA-7: QEMU HARDDISK, 2.5+, max UDMA/100
[    2.496531] ata1.00: 16777216 sectors, multi 16: LBA48 
[    2.496943] ata1.00: Read log 0x00 page 0x00 failed, Emask 0x1
[    2.497787] scsi 0:0:0:0: Direct-Access     ATA      QEMU HARDDISK    2.5+ PQ: 0 ANSI: 5
[    2.498808] ata2.00: ATAPI: QEMU DVD-ROM, 2.5+, max UDMA/100
[    2.499291] scsi 0:0:0:0: Attached scsi generic sg0 type 0
[    2.500066] sd 0:0:0:0: [sda] 16777216 512-byte logical blocks: (8.59 GB/8.00 GiB)
[    2.500519] sd 0:0:0:0: [sda] Write Protect is off
[    2.500827] sd 0:0:0:0: [sda] Write cache: enabled, read cache: enabled, doesn't support DPO or FUA
[    2.502011] scsi 1:0:0:0: CD-ROM            QEMU     QEMU DVD-ROM     2.5+ PQ: 0 ANSI: 5
[    2.502985] scsi 1:0:0:0: Attached scsi generic sg1 type 5
[    2.531790] sd 0:0:0:0: [sda] Attached SCSI disk
[    2.725809] e1000 0000:00:03.0 eth0: (PCI:33MHz:32-bit) 52:54:00:12:34:56
[    2.726173] e1000 0000:00:03.0 eth0: Intel(R) PRO/1000 Network Connection
[    2.726593] e1000e: Intel(R) PRO/1000 Network Driver
[    2.726861] e1000e: Copyright(c) 1999 - 2015 Intel Corporation.
[    2.727234] igb: Intel(R) Gigabit Ethernet Network Driver
[    2.727515] igb: Copyright (c) 2007-2014 Intel Corporation.
[    2.727860] PPP generic driver version 2.4.2
[    2.728503] VFIO - User Level meta-driver version: 0.3
[    2.728796] ehci_hcd: USB 2.0 'Enhanced' Host Controller (EHCI) Driver
[    2.729138] ehci-pci: EHCI PCI platform driver
[    2.729384] ehci-platform: EHCI generic platform driver
[    2.729665] ohci_hcd: USB 1.1 'Open' Host Controller (OHCI) Driver
[    2.729987] ohci-pci: OHCI PCI platform driver
[    2.730231] ohci-platform: OHCI generic platform driver
[    2.730515] uhci_hcd: USB Universal Host Controller Interface driver
[    2.731132] usbcore: registered new interface driver uas
[    2.731479] usbcore: registered new interface driver usb-storage
[    2.731891] i8042: PNP: PS/2 Controller [PNP0303:KBD,PNP0f13:MOU] at 0x60,0x64 irq 1,12
[    2.732945] serio: i8042 KBD port at 0x60,0x64 irq 1
[    2.733219] serio: i8042 AUX port at 0x60,0x64 irq 12
[    2.733710] mousedev: PS/2 mouse device common for all mice
[    2.734349] input: AT Translated Set 2 keyboard as /devices/platform/i8042/serio0/input/input1
[    2.735010] rtc_cmos 00:05: RTC can wake from S4
[    2.735811] rtc_cmos 00:05: registered as rtc0
[    2.736224] input: VirtualPS/2 VMware VMMouse as /devices/platform/i8042/serio1/input/input4
[    2.736934] rtc_cmos 00:05: setting system clock to 2022-12-07T07:09:25 UTC (1670396965)
[    2.737479] rtc_cmos 00:05: alarms up to one day, y3k, 242 bytes nvram, hpet irqs
[    2.737931] i2c_dev: i2c /dev entries driver
[    2.738203] device-mapper: core: CONFIG_IMA_DISABLE_HTABLE is disabled. Duplicate IMA measurements will not be recorded in the IMA log.
[    2.738932] device-mapper: uevent: version 1.0.3
[    2.739317] device-mapper: ioctl: 4.45.0-ioctl (2021-03-22) initialised: dm-devel@redhat.com
[    2.739807] intel_pstate: CPU model not supported
[    2.740114] sdhci: Secure Digital Host Controller Interface driver
[    2.740478] sdhci: Copyright(c) Pierre Ossman
[    2.740785] sdhci-pltfm: SDHCI platform and OF driver helper
[    2.741197] ledtrig-cpu: registered to indicate activity on CPUs
[    2.741698] input: VirtualPS/2 VMware VMMouse as /devices/platform/i8042/serio1/input/input3
[    2.742240] drop_monitor: Initializing network drop monitor service
[    2.742924] NET: Registered PF_INET6 protocol family
[    2.744113] Segment Routing with IPv6
[    2.744358] In-situ OAM (IOAM) with IPv6
[    2.744606] NET: Registered PF_PACKET protocol family
[    2.745036] 9pnet: Installing 9P2000 support
[    2.745301] Key type dns_resolver registered
[    2.745971] IPI shorthand broadcast: enabled
[    2.746246] sched_clock: Marking stable (2739667955, 6149934)->(2769460961, -23643072)
[    2.746895] registered taskstats version 1
[    2.747185] Loading compiled-in X.509 certificates
[    2.747544] zswap: loaded using pool lzo/zbud
[    2.747986] Key type ._fscrypt registered
[    2.748221] Key type .fscrypt registered
[    2.748450] Key type fscrypt-provisioning registered
[    2.749131] Key type encrypted registered
[    2.749375] ima: No TPM chip found, activating TPM-bypass!
[    2.749697] ima: Allocated hash algorithm: sha1
[    2.749967] ima: No architecture policies found
[    2.750243] evm: Initialising EVM extended attributes:
[    2.750538] evm: security.selinux
[    2.750733] evm: security.SMACK64
[    2.750928] evm: security.SMACK64EXEC
[    2.751237] evm: security.SMACK64TRANSMUTE
[    2.751481] evm: security.SMACK64MMAP
[    2.751708] evm: security.apparmor
[    2.751908] evm: security.ima
[    2.752084] evm: security.capability
[    2.752293] evm: HMAC attrs: 0x1
[    2.754765] PM:   Magic number: 2:918:166
[    2.755233] RAS: Correctable Errors collector initialized.
[    2.755762] md: Waiting for all devices to be available before autodetect
[    2.756153] md: If you don't use raid, use raid=noautodetect
[    2.756478] md: Autodetecting RAID arrays.
[    2.756716] md: autorun ...
[    2.756881] md: ... autorun DONE.
[    2.764437] EXT4-fs (sda): INFO: recovery required on readonly filesystem
[    2.764841] EXT4-fs (sda): write access will be enabled during recovery
[    2.834016] EXT4-fs (sda): recovery complete
[    2.836491] random: fast init done
[    2.836617] EXT4-fs (sda): mounted filesystem with ordered data mode. Opts: (null). Quota mode: none.
[    2.837345] VFS: Mounted root (ext4 filesystem) readonly on device 8:0.
[    2.838398] devtmpfs: mounted
[    2.841638] Freeing unused decrypted memory: 2036K
[    2.843065] Freeing unused kernel image (initmem) memory: 3144K
[    2.843379] Write protecting the kernel read-only data: 38912k
[    2.845323] Freeing unused kernel image (text/rodata gap) memory: 2028K
[    2.846021] Freeing unused kernel image (rodata/data gap) memory: 604K
[    2.919438] x86/mm: Checked W+X mappings: passed, no W+X pages found.
[    2.919789] Run /sbin/init as init process
[    2.997160] systemd[1]: RTC configured in localtime, applying delta of 0 minutes to system time.
[    3.014746] systemd[1]: systemd 239 (239-49.el8) running in system mode. (+PAM +AUDIT +SELINUX +IMA -APPARMOR +SMACK +SYSVINIT +UTMP +LIBCRYPTSETUP +GCRYPT +GNUTLS +ACL +XZ +LZ4 +SECCOMP +BLKID +ELFUTILS +KMOD +IDN2 -IDN +PCRE2 default-hierarchy=legacy)
[    3.016092] systemd[1]: Detected virtualization kvm.
[    3.016398] systemd[1]: Detected architecture x86-64.

Welcome to [0;31mCentOS Stream 8[0m!

[    3.042512] systemd[1]: Set hostname to <test>.
[    3.115790] random: lvmconfig: uninitialized urandom read (4 bytes read)
[    3.208985] random: systemd: uninitialized urandom read (16 bytes read)
[    3.209467] systemd[1]: Started Forward Password Requests to Wall Directory Watch.
[[0;32m  OK  [0m] Started Forward Password Requests to Wall Directory Watch.
[    3.210359] random: systemd: uninitialized urandom read (16 bytes read)
[    3.210859] systemd[1]: Listening on Journal Socket (/dev/log).
[[0;32m  OK  [0m] Listening on Journal Socket (/dev/log).
[    3.211574] systemd[1]: Listening on initctl Compatibility Named Pipe.
[[0;32m  OK  [0m] Listening on initctl Compatibility Named Pipe.
[    3.215309] systemd[1]: Listening on Process Core Dump Socket.
[[0;32m  OK  [0m] Listening on Process Core Dump Socket.
[    3.217085] systemd[1]: Created slice system-getty.slice.
[[0;32m  OK  [0m] Created slice system-getty.slice.
[    3.218071] systemd[1]: Created slice system-sshd\x2dkeygen.slice.
[[0;32m  OK  [0m] Created slice system-sshd\x2dkeygen.slice.
[[0;32m  OK  [0m] Listening on multipathd control socket.
[[0;32m  OK  [0m] Listening on Journal Socket.
         Mounting POSIX Message Queue File System...
         Starting Load Kernel Modules...
         Starting Journal Service...
         Starting Setup Virtual Console...
[[0;32m  OK  [0m] Set up automount Arbitrary Executabâ€¦rmats File System Automount Point.
[[0;32m  OK  [0m] Listening on udev Kernel Socket.
         Starting Remount Root and Kernel File Systems...
[[0;32m  OK  [0m] Reached target Swap.
[[0;32m  OK  [0m] Created slice system-serial\x2dgetty.slice.
[[0;32m  OK  [0m] Listening on LVM2 poll daemon socket.
[[0;32m  OK  [0m] Listening on udev Control Socket.
         Starting udev Coldplug all Devices...
[[0;32m  OK  [0m] Created slice User and Session Slice.
[[0;32m  OK  [0m] Reached target Slices.
         Mounting Kernel Debug File System...
         Mounting Huge Pages File System...
[[0;32m  OK  [0m] Listening on Device-mapper event daemon FIFOs.
         Starting Monitoring of LVM2 mirrorsâ€¦ng dmeventd or progress polling...
[[0;32m  OK  [0m] Listening on RPCbind Server Activation Socket.
[[0;32m  OK  [0m] Reached target RPC Port Mapper.
[[0;32m  OK  [0m] Mounted POSIX Message Queue File System.
[[0;1;31mFAILED[0m] Failed to start Load Kernel Modules.
See 'systemctl status systemd-modules-load.service' for details.
[[0;32m  OK  [0m] Mounted Kernel Debug File System.
[[0;32m  OK  [0m] Mounted Huge Pages File System.
         Mounting Kernel Configuration File System...
         Mounting FUSE Control File System...
         Starting Apply Kernel Variables...
[[0;32m  OK  [0m] Mounted Kernel Configuration File System.
[    3.367706] EXT4-fs (sda): re-mounted. Opts: (null). Quota mode: none.
[[0;32m  OK  [0m] Started Remount Root and Kernel File Systems.
         Starting Load/Save Random Seed...
         Starting Create Static Device Nodes in /dev...
[[0;32m  OK  [0m] Started Journal Service.
[[0;32m  OK  [0m] Mounted FUSE Control File System.
[[0;32m  OK  [0m] Started Apply Kernel Variables.
[[0;32m  OK  [0m] Started Load/Save Random Seed.
         Starting Flush Journal to Persistent Storage...
[[0;32m  OK  [0m] Started Create Static Device Nodes in /dev.
         Starting udev Kernel Device Manager...
[[0;32m  OK  [0m] Started Flush Journal to Persistent Storage.
[[0;32m  OK  [0m] Started udev Coldplug all Devices.
         Starting udev Wait for Complete Device Initialization...
[[0;32m  OK  [0m] Started udev Kernel Device Manager.
[[0;32m  OK  [0m] Started Setup Virtual Console.
         Starting Show Plymouth Boot Screen...
[[0;32m  OK  [0m] Started Show Plymouth Boot Screen.
[[0;32m  OK  [0m] Started Forward Password Requests to Plymouth Directory Watch.
[[0;32m  OK  [0m] Reached target Local Encrypted Volumes.
[[0;32m  OK  [0m] Reached target Paths.
[[0;32m  OK  [0m] Found device /dev/ttyS0.
[[0;32m  OK  [0m] Listening on Load/Save RF Kill Switch Status /dev/rfkill Watch.
[[0;32m  OK  [0m] Started Monitoring of LVM2 mirrors,â€¦sing dmeventd or progress polling.
[[0;32m  OK  [0m] Started udev Wait for Complete Device Initialization.
[[0;32m  OK  [0m] Reached target Local File Systems (Pre).
[[0;32m  OK  [0m] Reached target Local File Systems.
         Starting Tell Plymouth To Write Out Runtime Data...
         Starting Restore /run/initramfs on shutdown...
         Starting Create Volatile Files and Directories...
[[0;32m  OK  [0m] Started Tell Plymouth To Write Out Runtime Data.
[[0;32m  OK  [0m] Started Restore /run/initramfs on shutdown.
[[0;32m  OK  [0m] Started Create Volatile Files and Directories.
         Starting RPC Bind...
         Mounting RPC Pipe File System...
         Starting Security Auditing Service...
[[0;32m  OK  [0m] Mounted RPC Pipe File System.
[[0;32m  OK  [0m] Reached target rpc_pipefs.target.
[[0;32m  OK  [0m] Started RPC Bind.
[[0;32m  OK  [0m] Started Security Auditing Service.
         Starting Update UTMP about System Boot/Shutdown...
[[0;32m  OK  [0m] Started Update UTMP about System Boot/Shutdown.
[[0;32m  OK  [0m] Reached target System Initialization.
[[0;32m  OK  [0m] Listening on SSSD Kerberos Cache Manager responder socket.
[[0;32m  OK  [0m] Listening on D-Bus System Message Bus Socket.
[[0;32m  OK  [0m] Reached target Sockets.
[[0;32m  OK  [0m] Started dnf makecache --timer.
[[0;32m  OK  [0m] Started daily update of the root trust anchor for DNSSEC.
[[0;32m  OK  [0m] Started Daily Cleanup of Temporary Directories.
[[0;32m  OK  [0m] Reached target Timers.
[[0;32m  OK  [0m] Reached target Basic System.
         Starting Auto-connect to subsystemsâ€¦-NVME devices found during boot...
         Starting Login Service...
         Starting NTP client/server...
[[0;32m  OK  [0m] Started irqbalance daemon.
         Starting Self Monitoring and Reporting Technology (SMART) Daemon...
[[0;32m  OK  [0m] Started D-Bus System Message Bus.
         Starting Network Manager...
[[0;32m  OK  [0m] Reached target sshd-keygen.target.
[[0;32m  OK  [0m] Started Machine Check Exception Logging Daemon.
         Starting Authorization Manager...
[[0;32m  OK  [0m] Started Auto-connect to subsystems â€¦FC-NVME devices found during boot.
[[0;32m  OK  [0m] Started Login Service.
[[0;32m  OK  [0m] Started Self Monitoring and Reporting Technology (SMART) Daemon.
[[0;32m  OK  [0m] Started NTP client/server.
[[0;32m  OK  [0m] Started Network Manager.
         Starting Network Manager Wait Online...
[[0;32m  OK  [0m] Reached target Network.
         Starting Dynamic System Tuning Daemon...
         Starting OpenSSH server daemon...
         Starting GSSAPI Proxy Daemon...
         Starting Hostname Service...
[[0;32m  OK  [0m] Started Authorization Manager.
[[0;32m  OK  [0m] Started Hostname Service.
         Starting Network Manager Script Dispatcher Service...
[[0;32m  OK  [0m] Started Network Manager Script Dispatcher Service.
[    4.243703] e1000: eth0 NIC Link is Up 1000 Mbps Full Duplex, Flow Control: RX
[    4.244465] IPv6: ADDRCONF(NETDEV_CHANGE): eth0: link becomes ready
[[0;32m  OK  [0m] Started Dynamic System Tuning Daemon.
[[0;32m  OK  [0m] Started Network Manager Wait Online.
[[0;32m  OK  [0m] Reached target Network is Online.
         Starting Notify NFS peers of a restart...
         Starting System Logging Service...
[[0;32m  OK  [0m] Started Notify NFS peers of a restart.
[[0;32m  OK  [0m] Started System Logging Service.
[    5.495686] random: crng init done
[    5.495911] random: 7 urandom warning(s) missed due to ratelimiting
[[0;32m  OK  [0m] Started OpenSSH server daemon.
[[0;32m  OK  [0m] Started GSSAPI Proxy Daemon.
[[0;32m  OK  [0m] Reached target NFS client services.
[[0;32m  OK  [0m] Reached target Remote File Systems (Pre).
[[0;32m  OK  [0m] Reached target Remote File Systems.
         Starting Permit User Sessions...
[[0;32m  OK  [0m] Started Permit User Sessions.
         Starting Terminate Plymouth Boot Screen...
[[0;32m  OK  [0m] Started Command Scheduler.
         Starting Hold until boot process finishes up...

CentOS Stream 8
Kernel 5.16.0-rc4-e6e268cb6822+ on an x86_64

test login: [   27.791126] loop0: detected capacity change from 0 to 1024
[   27.791699] =======================================================
[   27.791699] WARNING: The mand mount option has been deprecated and
[   27.791699]          and is ignored by this kernel. Remove the mand
[   27.791699]          option from the mount to silence this warning.
[   27.791699] =======================================================
[   27.795927] EXT4-fs: Ignoring removed bh option
[   27.796258] Unexpected value for 'nolazytime'
[   27.818919] loop0: detected capacity change from 0 to 1024
[   27.819404] EXT4-fs: Ignoring removed bh option
[   27.819817] Unexpected value for 'nolazytime'
[   27.835977] loop0: detected capacity change from 0 to 1024
[   27.839240] EXT4-fs: Ignoring removed bh option
[   27.839807] Unexpected value for 'nolazytime'
[   27.856063] loop0: detected capacity change from 0 to 1024
[   27.856749] EXT4-fs: Ignoring removed bh option
[   27.857049] Unexpected value for 'nolazytime'
[   27.871908] loop0: detected capacity change from 0 to 1024
[   27.872566] EXT4-fs: Ignoring removed bh option
[   27.872863] Unexpected value for 'nolazytime'
[   27.891937] loop0: detected capacity change from 0 to 1024
[   27.892574] EXT4-fs: Ignoring removed bh option
[   27.892901] Unexpected value for 'nolazytime'
[   27.911943] loop0: detected capacity change from 0 to 1024
[   27.912592] EXT4-fs: Ignoring removed bh option
[   27.912890] Unexpected value for 'nolazytime'
[   27.927987] loop0: detected capacity change from 0 to 1024
[   27.928638] EXT4-fs: Ignoring removed bh option
[   27.928936] Unexpected value for 'nolazytime'
[   27.947921] loop0: detected capacity change from 0 to 1024
[   27.948592] EXT4-fs: Ignoring removed bh option
[   27.948860] Unexpected value for 'nolazytime'
[   27.963979] loop0: detected capacity change from 0 to 1024
[   27.964648] EXT4-fs: Ignoring removed bh option
[   27.964932] Unexpected value for 'nolazytime'
[   27.979924] loop0: detected capacity change from 0 to 1024
[   27.980718] EXT4-fs: Ignoring removed bh option
[   27.980994] Unexpected value for 'nolazytime'
[   27.999898] loop0: detected capacity change from 0 to 1024
[   28.000563] EXT4-fs: Ignoring removed bh option
[   28.000842] Unexpected value for 'nolazytime'
[   28.019934] loop0: detected capacity change from 0 to 1024
[   28.020580] EXT4-fs: Ignoring removed bh option
[   28.020879] Unexpected value for 'nolazytime'
[   28.035937] loop0: detected capacity change from 0 to 1024
[   28.036590] EXT4-fs: Ignoring removed bh option
[   28.036867] Unexpected value for 'nolazytime'
[   28.055930] loop0: detected capacity change from 0 to 1024
[   28.056581] EXT4-fs: Ignoring removed bh option
[   28.056878] Unexpected value for 'nolazytime'
[   28.076034] loop0: detected capacity change from 0 to 1024
[   28.076742] EXT4-fs: Ignoring removed bh option
[   28.077022] Unexpected value for 'nolazytime'
[   28.095904] loop0: detected capacity change from 0 to 1024
[   28.096604] EXT4-fs: Ignoring removed bh option
[   28.096885] Unexpected value for 'nolazytime'
[   28.115987] loop0: detected capacity change from 0 to 1024
[   28.116659] EXT4-fs: Ignoring removed bh option
[   28.116958] Unexpected value for 'nolazytime'
[   28.132007] loop0: detected capacity change from 0 to 1024
[   28.132671] EXT4-fs: Ignoring removed bh option
[   28.132970] Unexpected value for 'nolazytime'
[   28.151994] loop0: detected capacity change from 0 to 1024
[   28.152814] EXT4-fs: Ignoring removed bh option
[   28.153127] Unexpected value for 'nolazytime'
[   28.172005] loop0: detected capacity change from 0 to 1024
[   28.172664] EXT4-fs: Ignoring removed bh option
[   28.172962] Unexpected value for 'nolazytime'
[   28.191907] loop0: detected capacity change from 0 to 1024
[   28.192565] EXT4-fs: Ignoring removed bh option
[   28.192861] Unexpected value for 'nolazytime'
[   28.211986] loop0: detected capacity change from 0 to 1024
[   28.212638] EXT4-fs: Ignoring removed bh option
[   28.212937] Unexpected value for 'nolazytime'
[   28.235974] loop0: detected capacity change from 0 to 1024
[   28.236781] EXT4-fs: Ignoring removed bh option
[   28.237050] Unexpected value for 'nolazytime'
[   28.258854] loop0: detected capacity change from 0 to 1024
[   28.259284] EXT4-fs: Ignoring removed bh option
[   28.259543] Unexpected value for 'nolazytime'
[   28.276173] loop0: detected capacity change from 0 to 1024
[   28.280246] EXT4-fs: Ignoring removed bh option
[   28.280750] Unexpected value for 'nolazytime'
[   28.299976] loop0: detected capacity change from 0 to 1024
[   28.300913] EXT4-fs: Ignoring removed bh option
[   28.301272] Unexpected value for 'nolazytime'
[   28.320164] loop0: detected capacity change from 0 to 1024
[   28.321202] EXT4-fs: Ignoring removed bh option
[   28.321511] Unexpected value for 'nolazytime'
[   28.336051] loop0: detected capacity change from 0 to 1024
[   28.336863] EXT4-fs: Ignoring removed bh option
[   28.337293] Unexpected value for 'nolazytime'
[   28.356037] loop0: detected capacity change from 0 to 1024
[   28.356987] EXT4-fs: Ignoring removed bh option
[   28.357298] Unexpected value for 'nolazytime'
[   28.376016] loop0: detected capacity change from 0 to 1024
[   28.376843] EXT4-fs: Ignoring removed bh option
[   28.377142] Unexpected value for 'nolazytime'
[   28.396028] loop0: detected capacity change from 0 to 1024
[   28.396698] EXT4-fs: Ignoring removed bh option
[   28.397005] Unexpected value for 'nolazytime'
[   28.415969] loop0: detected capacity change from 0 to 1024
[   28.416665] EXT4-fs: Ignoring removed bh option
[   28.416964] Unexpected value for 'nolazytime'
[   28.436019] loop0: detected capacity change from 0 to 1024
[   28.436696] EXT4-fs: Ignoring removed bh option
[   28.436997] Unexpected value for 'nolazytime'
[   28.455996] loop0: detected capacity change from 0 to 1024
[   28.456658] EXT4-fs: Ignoring removed bh option
[   28.456956] Unexpected value for 'nolazytime'
[   28.471966] loop0: detected capacity change from 0 to 1024
[   28.472629] EXT4-fs: Ignoring removed bh option
[   28.472939] Unexpected value for 'nolazytime'
[   28.491996] loop0: detected capacity change from 0 to 1024
[   28.492633] EXT4-fs: Ignoring removed bh option
[   28.492940] Unexpected value for 'nolazytime'
[   28.503974] loop0: detected capacity change from 0 to 1024
[   28.504639] EXT4-fs: Ignoring removed bh option
[   28.504936] Unexpected value for 'nolazytime'
[   28.524024] loop0: detected capacity change from 0 to 1024
[   28.524659] EXT4-fs: Ignoring removed bh option
[   28.524956] Unexpected value for 'nolazytime'
[   28.543905] loop0: detected capacity change from 0 to 1024
[   28.544427] EXT4-fs: Ignoring removed bh option
[   28.544692] Unexpected value for 'nolazytime'
[   28.563961] loop0: detected capacity change from 0 to 1024
[   28.564600] EXT4-fs: Ignoring removed bh option
[   28.564900] Unexpected value for 'nolazytime'
[   28.583961] loop0: detected capacity change from 0 to 1024
[   28.584500] EXT4-fs: Ignoring removed bh option
[   28.584771] Unexpected value for 'nolazytime'
[   28.607948] loop0: detected capacity change from 0 to 1024
[   28.608426] EXT4-fs: Ignoring removed bh option
[   28.608707] Unexpected value for 'nolazytime'
[   28.631970] loop0: detected capacity change from 0 to 1024
[   28.632455] EXT4-fs: Ignoring removed bh option
[   28.632720] Unexpected value for 'nolazytime'
[   28.651969] loop0: detected capacity change from 0 to 1024
[   28.652461] EXT4-fs: Ignoring removed bh option
[   28.652741] Unexpected value for 'nolazytime'
[   28.671963] loop0: detected capacity change from 0 to 1024
[   28.672548] EXT4-fs: Ignoring removed bh option
[   28.672845] Unexpected value for 'nolazytime'
[   28.691923] loop0: detected capacity change from 0 to 1024
[   28.692500] EXT4-fs: Ignoring removed bh option
[   28.692811] Unexpected value for 'nolazytime'
[   28.711979] loop0: detected capacity change from 0 to 1024
[   28.712519] EXT4-fs: Ignoring removed bh option
[   28.712819] Unexpected value for 'nolazytime'
[   28.731916] loop0: detected capacity change from 0 to 1024
[   28.732812] EXT4-fs: Ignoring removed bh option
[   28.733081] Unexpected value for 'nolazytime'
[   28.759395] loop0: detected capacity change from 0 to 1024
[   28.761558] EXT4-fs: Ignoring removed bh option
[   28.761819] Unexpected value for 'nolazytime'
[   28.780107] loop0: detected capacity change from 0 to 1024
[   28.781804] EXT4-fs: Ignoring removed bh option
[   28.782452] Unexpected value for 'nolazytime'
[   28.800013] loop0: detected capacity change from 0 to 1024
[   28.800739] EXT4-fs: Ignoring removed bh option
[   28.801061] Unexpected value for 'nolazytime'
[   28.819933] loop0: detected capacity change from 0 to 1024
[   28.820781] EXT4-fs: Ignoring removed bh option
[   28.821066] Unexpected value for 'nolazytime'
[   28.835901] loop0: detected capacity change from 0 to 1024
[   28.836548] EXT4-fs: Ignoring removed bh option
[   28.836879] Unexpected value for 'nolazytime'
[   28.851916] loop0: detected capacity change from 0 to 1024
[   28.852562] EXT4-fs: Ignoring removed bh option
[   28.852891] Unexpected value for 'nolazytime'
[   28.867922] loop0: detected capacity change from 0 to 1024
[   28.868573] EXT4-fs: Ignoring removed bh option
[   28.868900] Unexpected value for 'nolazytime'
[   28.887987] loop0: detected capacity change from 0 to 1024
[   28.888798] EXT4-fs: Ignoring removed bh option
[   28.889139] Unexpected value for 'nolazytime'
[   28.912236] loop0: detected capacity change from 0 to 1024
[   28.912899] EXT4-fs: Ignoring removed bh option
[   28.913193] Unexpected value for 'nolazytime'
[   28.935684] loop0: detected capacity change from 0 to 1024
[   28.936156] EXT4-fs: Ignoring removed bh option
[   28.936451] Unexpected value for 'nolazytime'
[   28.955921] loop0: detected capacity change from 0 to 1024
[   28.956385] EXT4-fs: Ignoring removed bh option
[   28.956675] Unexpected value for 'nolazytime'
[   28.974876] loop0: detected capacity change from 0 to 1024
[   28.975333] EXT4-fs: Ignoring removed bh option
[   28.975636] Unexpected value for 'nolazytime'
[   28.991975] loop0: detected capacity change from 0 to 1024
[   28.995518] EXT4-fs: Ignoring removed bh option
[   28.995826] Unexpected value for 'nolazytime'
[   29.015212] loop0: detected capacity change from 0 to 1024
[   29.015661] EXT4-fs: Ignoring removed bh option
[   29.015946] Unexpected value for 'nolazytime'
[   29.031951] loop0: detected capacity change from 0 to 1024
[   29.035348] EXT4-fs: Ignoring removed bh option
[   29.035652] Unexpected value for 'nolazytime'
[   29.052036] loop0: detected capacity change from 0 to 1024
[   29.052862] EXT4-fs: Ignoring removed bh option
[   29.053172] Unexpected value for 'nolazytime'
[   29.071952] loop0: detected capacity change from 0 to 1024
[   29.072531] EXT4-fs: Ignoring removed bh option
[   29.072838] Unexpected value for 'nolazytime'
[   29.091957] loop0: detected capacity change from 0 to 1024
[   29.092520] EXT4-fs: Ignoring removed bh option
[   29.092825] Unexpected value for 'nolazytime'
[   29.112005] loop0: detected capacity change from 0 to 1024
[   29.112612] EXT4-fs: Ignoring removed bh option
[   29.112968] Unexpected value for 'nolazytime'
[   29.128173] loop0: detected capacity change from 0 to 1024
[   29.128662] EXT4-fs: Ignoring removed bh option
[   29.128957] Unexpected value for 'nolazytime'
[   29.139926] loop0: detected capacity change from 0 to 1024
[   29.140491] EXT4-fs: Ignoring removed bh option
[   29.140814] Unexpected value for 'nolazytime'
[   29.159929] loop0: detected capacity change from 0 to 1024
[   29.160508] EXT4-fs: Ignoring removed bh option
[   29.160820] Unexpected value for 'nolazytime'
[   29.175980] loop0: detected capacity change from 0 to 1024
[   29.176474] EXT4-fs: Ignoring removed bh option
[   29.176778] Unexpected value for 'nolazytime'
[   29.200007] loop0: detected capacity change from 0 to 1024
[   29.200520] EXT4-fs: Ignoring removed bh option
[   29.200849] Unexpected value for 'nolazytime'
[   29.219977] loop0: detected capacity change from 0 to 1024
[   29.220488] EXT4-fs: Ignoring removed bh option
[   29.220810] Unexpected value for 'nolazytime'
[   29.240024] loop0: detected capacity change from 0 to 1024
[   29.240479] EXT4-fs: Ignoring removed bh option
[   29.240792] Unexpected value for 'nolazytime'
[   29.251942] loop0: detected capacity change from 0 to 1024
[   29.252426] EXT4-fs: Ignoring removed bh option
[   29.252733] Unexpected value for 'nolazytime'
[   29.271994] loop0: detected capacity change from 0 to 1024
[   29.272472] EXT4-fs: Ignoring removed bh option
[   29.272776] Unexpected value for 'nolazytime'
[   29.295937] loop0: detected capacity change from 0 to 1024
[   29.296388] EXT4-fs: Ignoring removed bh option
[   29.296678] Unexpected value for 'nolazytime'
[   29.311940] loop0: detected capacity change from 0 to 1024
[   29.312456] EXT4-fs: Ignoring removed bh option
[   29.312773] Unexpected value for 'nolazytime'
[   29.343951] loop0: detected capacity change from 0 to 1024
[   29.344474] EXT4-fs: Ignoring removed bh option
[   29.344798] Unexpected value for 'nolazytime'
[   29.360011] loop0: detected capacity change from 0 to 1024
[   29.360469] EXT4-fs: Ignoring removed bh option
[   29.360772] Unexpected value for 'nolazytime'
[   29.379935] loop0: detected capacity change from 0 to 1024
[   29.380412] EXT4-fs: Ignoring removed bh option
[   29.380722] Unexpected value for 'nolazytime'
[   29.399929] loop0: detected capacity change from 0 to 1024
[   29.400394] EXT4-fs: Ignoring removed bh option
[   29.400686] Unexpected value for 'nolazytime'
[   29.432042] loop0: detected capacity change from 0 to 1024
[   29.432587] EXT4-fs: Ignoring removed bh option
[   29.432920] Unexpected value for 'nolazytime'
[   29.456016] loop0: detected capacity change from 0 to 1024
[   29.456463] EXT4-fs: Ignoring removed bh option
[   29.456748] Unexpected value for 'nolazytime'
[   29.475931] loop0: detected capacity change from 0 to 1024
[   29.476378] EXT4-fs: Ignoring removed bh option
[   29.476663] Unexpected value for 'nolazytime'
[   29.495937] loop0: detected capacity change from 0 to 1024
[   29.496384] EXT4-fs: Ignoring removed bh option
[   29.496669] Unexpected value for 'nolazytime'
[   29.511929] loop0: detected capacity change from 0 to 1024
[   29.512349] EXT4-fs: Ignoring removed bh option
[   29.512633] Unexpected value for 'nolazytime'
[   29.535982] loop0: detected capacity change from 0 to 1024
[   29.536511] EXT4-fs: Ignoring removed bh option
[   29.536828] Unexpected value for 'nolazytime'
[   29.555988] loop0: detected capacity change from 0 to 1024
[   29.556432] EXT4-fs: Ignoring removed bh option
[   29.556715] Unexpected value for 'nolazytime'
[   29.567919] loop0: detected capacity change from 0 to 1024
[   29.568341] EXT4-fs: Ignoring removed bh option
[   29.568622] Unexpected value for 'nolazytime'
[   29.591943] loop0: detected capacity change from 0 to 1024
[   29.592361] EXT4-fs: Ignoring removed bh option
[   29.592641] Unexpected value for 'nolazytime'
[   29.607932] loop0: detected capacity change from 0 to 1024
[   29.608393] EXT4-fs: Ignoring removed bh option
[   29.608675] Unexpected value for 'nolazytime'
[   29.631949] loop0: detected capacity change from 0 to 1024
[   29.632404] EXT4-fs: Ignoring removed bh option
[   29.632717] Unexpected value for 'nolazytime'
[   29.651956] loop0: detected capacity change from 0 to 1024
[   29.652430] EXT4-fs: Ignoring removed bh option
[   29.652743] Unexpected value for 'nolazytime'
[   29.667934] loop0: detected capacity change from 0 to 1024
[   29.668366] EXT4-fs: Ignoring removed bh option
[   29.668650] Unexpected value for 'nolazytime'
[   29.687974] loop0: detected capacity change from 0 to 1024
[   29.688430] EXT4-fs: Ignoring removed bh option
[   29.688701] Unexpected value for 'nolazytime'
[   29.707938] loop0: detected capacity change from 0 to 1024
[   29.708362] EXT4-fs: Ignoring removed bh option
[   29.708644] Unexpected value for 'nolazytime'
[   29.723977] loop0: detected capacity change from 0 to 1024
[   29.724418] EXT4-fs: Ignoring removed bh option
[   29.724701] Unexpected value for 'nolazytime'
[   29.756075] loop0: detected capacity change from 0 to 1024
[   29.756595] EXT4-fs: Ignoring removed bh option
[   29.756912] Unexpected value for 'nolazytime'
[   29.771965] loop0: detected capacity change from 0 to 1024
[   29.772379] EXT4-fs: Ignoring removed bh option
[   29.772663] Unexpected value for 'nolazytime'
[   29.787971] loop0: detected capacity change from 0 to 1024
[   29.788405] EXT4-fs: Ignoring removed bh option
[   29.788687] Unexpected value for 'nolazytime'
[   29.803937] loop0: detected capacity change from 0 to 1024
[   29.804348] EXT4-fs: Ignoring removed bh option
[   29.804630] Unexpected value for 'nolazytime'
[   29.819947] loop0: detected capacity change from 0 to 1024
[   29.820392] EXT4-fs: Ignoring removed bh option
[   29.820676] Unexpected value for 'nolazytime'
[   29.835952] loop0: detected capacity change from 0 to 1024
[   29.836385] EXT4-fs: Ignoring removed bh option
[   29.836666] Unexpected value for 'nolazytime'
[   29.852056] loop0: detected capacity change from 0 to 1024
[   29.852632] EXT4-fs: Ignoring removed bh option
[   29.852938] Unexpected value for 'nolazytime'
[   29.871986] loop0: detected capacity change from 0 to 1024
[   29.872509] EXT4-fs: Ignoring removed bh option
[   29.872798] Unexpected value for 'nolazytime'
[   29.895936] loop0: detected capacity change from 0 to 1024
[   29.896411] EXT4-fs: Ignoring removed bh option
[   29.896696] Unexpected value for 'nolazytime'
[   29.911932] loop0: detected capacity change from 0 to 1024
[   29.912411] EXT4-fs: Ignoring removed bh option
[   29.912696] Unexpected value for 'nolazytime'
[   29.927936] loop0: detected capacity change from 0 to 1024
[   29.928410] EXT4-fs: Ignoring removed bh option
[   29.928698] Unexpected value for 'nolazytime'
[   29.951935] loop0: detected capacity change from 0 to 1024
[   29.952416] EXT4-fs: Ignoring removed bh option
[   29.952703] Unexpected value for 'nolazytime'
[   29.984128] loop0: detected capacity change from 0 to 1024
[   29.984709] EXT4-fs: Ignoring removed bh option
[   29.985000] Unexpected value for 'nolazytime'
[   30.003964] loop0: detected capacity change from 0 to 1024
[   30.004458] EXT4-fs: Ignoring removed bh option
[   30.004731] Unexpected value for 'nolazytime'
[   30.022922] loop0: detected capacity change from 0 to 1024
[   30.023363] EXT4-fs: Ignoring removed bh option
[   30.023621] Unexpected value for 'nolazytime'
[   30.050801] loop0: detected capacity change from 0 to 1024
[   30.051223] EXT4-fs: Ignoring removed bh option
[   30.051481] Unexpected value for 'nolazytime'
[   30.091157] loop0: detected capacity change from 0 to 1024
[   30.091585] EXT4-fs: Ignoring removed bh option
[   30.091862] Unexpected value for 'nolazytime'
[   30.114788] loop0: detected capacity change from 0 to 1024
[   30.115197] EXT4-fs: Ignoring removed bh option
[   30.115464] Unexpected value for 'nolazytime'
[   30.131980] loop0: detected capacity change from 0 to 1024
[   30.132497] EXT4-fs: Ignoring removed bh option
[   30.132826] Unexpected value for 'nolazytime'
[   30.147889] loop0: detected capacity change from 0 to 1024
[   30.148371] EXT4-fs: Ignoring removed bh option
[   30.148679] Unexpected value for 'nolazytime'
[   30.167999] loop0: detected capacity change from 0 to 1024
[   30.168614] EXT4-fs: Ignoring removed bh option
[   30.168922] Unexpected value for 'nolazytime'
[   30.184032] loop0: detected capacity change from 0 to 1024
[   30.184644] EXT4-fs: Ignoring removed bh option
[   30.184957] Unexpected value for 'nolazytime'
[   30.203950] loop0: detected capacity change from 0 to 1024
[   30.204470] EXT4-fs: Ignoring removed bh option
[   30.204771] Unexpected value for 'nolazytime'
[   30.220138] loop0: detected capacity change from 0 to 1024
[   30.220705] EXT4-fs: Ignoring removed bh option
[   30.220986] Unexpected value for 'nolazytime'
[   30.231949] loop0: detected capacity change from 0 to 1024
[   30.232555] EXT4-fs: Ignoring removed bh option
[   30.232838] Unexpected value for 'nolazytime'
[   30.252064] loop0: detected capacity change from 0 to 1024
[   30.252551] EXT4-fs: Ignoring removed bh option
[   30.252839] Unexpected value for 'nolazytime'
[   30.268064] loop0: detected capacity change from 0 to 1024
[   30.268548] EXT4-fs: Ignoring removed bh option
[   30.268837] Unexpected value for 'nolazytime'
[   30.284016] loop0: detected capacity change from 0 to 1024
[   30.284697] EXT4-fs: Ignoring removed bh option
[   30.285029] Unexpected value for 'nolazytime'
[   30.304086] loop0: detected capacity change from 0 to 1024
[   30.304589] EXT4-fs: Ignoring removed bh option
[   30.304879] Unexpected value for 'nolazytime'
[   30.319946] loop0: detected capacity change from 0 to 1024
[   30.320458] EXT4-fs: Ignoring removed bh option
[   30.320751] Unexpected value for 'nolazytime'
[   30.351934] loop0: detected capacity change from 0 to 1024
[   30.352437] EXT4-fs: Ignoring removed bh option
[   30.352728] Unexpected value for 'nolazytime'
[   30.371958] loop0: detected capacity change from 0 to 1024
[   30.372489] EXT4-fs: Ignoring removed bh option
[   30.372764] Unexpected value for 'nolazytime'
[   30.388021] loop0: detected capacity change from 0 to 1024
[   30.388667] EXT4-fs: Ignoring removed bh option
[   30.388997] Unexpected value for 'nolazytime'
[   30.400098] loop0: detected capacity change from 0 to 1024
[   30.400601] EXT4-fs: Ignoring removed bh option
[   30.400921] Unexpected value for 'nolazytime'
[   30.419944] loop0: detected capacity change from 0 to 1024
[   30.420470] EXT4-fs: Ignoring removed bh option
[   30.420761] Unexpected value for 'nolazytime'
[   30.435947] loop0: detected capacity change from 0 to 1024
[   30.436483] EXT4-fs: Ignoring removed bh option
[   30.436774] Unexpected value for 'nolazytime'
[   30.452070] loop0: detected capacity change from 0 to 1024
[   30.452540] EXT4-fs: Ignoring removed bh option
[   30.452828] Unexpected value for 'nolazytime'
[   30.467953] loop0: detected capacity change from 0 to 1024
[   30.468466] EXT4-fs: Ignoring removed bh option
[   30.468758] Unexpected value for 'nolazytime'
[   30.491970] loop0: detected capacity change from 0 to 1024
[   30.492591] EXT4-fs: Ignoring removed bh option
[   30.492920] Unexpected value for 'nolazytime'
[   30.512142] loop0: detected capacity change from 0 to 1024
[   30.512626] EXT4-fs: Ignoring removed bh option
[   30.512916] Unexpected value for 'nolazytime'
[   30.535947] loop0: detected capacity change from 0 to 1024
[   30.536479] EXT4-fs: Ignoring removed bh option
[   30.536771] Unexpected value for 'nolazytime'
[   30.560071] loop0: detected capacity change from 0 to 1024
[   30.560531] EXT4-fs: Ignoring removed bh option
[   30.560819] Unexpected value for 'nolazytime'
[   30.575965] loop0: detected capacity change from 0 to 1024
[   30.576477] EXT4-fs: Ignoring removed bh option
[   30.576769] Unexpected value for 'nolazytime'
[   30.600142] loop0: detected capacity change from 0 to 1024
[   30.600849] EXT4-fs: Ignoring removed bh option
[   30.601283] Unexpected value for 'nolazytime'
[   30.620111] loop0: detected capacity change from 0 to 1024
[   30.620612] EXT4-fs: Ignoring removed bh option
[   30.620903] Unexpected value for 'nolazytime'
[   30.636087] loop0: detected capacity change from 0 to 1024
[   30.636550] EXT4-fs: Ignoring removed bh option
[   30.636839] Unexpected value for 'nolazytime'
[   30.647919] loop0: detected capacity change from 0 to 1024
[   30.648459] EXT4-fs: Ignoring removed bh option
[   30.648749] Unexpected value for 'nolazytime'
[   30.671947] loop0: detected capacity change from 0 to 1024
[   30.672618] EXT4-fs: Ignoring removed bh option
[   30.672889] Unexpected value for 'nolazytime'
[   30.695947] loop0: detected capacity change from 0 to 1024
[   30.696489] EXT4-fs: Ignoring removed bh option
[   30.696779] Unexpected value for 'nolazytime'
[   30.712246] loop0: detected capacity change from 0 to 1024
[   30.712950] EXT4-fs: Ignoring removed bh option
[   30.713252] Unexpected value for 'nolazytime'
[   30.732151] loop0: detected capacity change from 0 to 1024
[   30.732617] EXT4-fs: Ignoring removed bh option
[   30.732890] Unexpected value for 'nolazytime'
[   30.751949] loop0: detected capacity change from 0 to 1024
[   30.752513] EXT4-fs: Ignoring removed bh option
[   30.752824] Unexpected value for 'nolazytime'
[   30.775885] loop0: detected capacity change from 0 to 1024
[   30.776720] EXT4-fs: Ignoring removed bh option
[   30.777019] Unexpected value for 'nolazytime'
[   30.807818] loop0: detected capacity change from 0 to 1024
[   30.808373] EXT4-fs: Ignoring removed bh option
[   30.808673] Unexpected value for 'nolazytime'
[   30.827994] loop0: detected capacity change from 0 to 1024
[   30.828666] EXT4-fs: Ignoring removed bh option
[   30.828968] Unexpected value for 'nolazytime'
[   30.848817] loop0: detected capacity change from 0 to 1024
[   30.849406] EXT4-fs: Ignoring removed bh option
[   30.849678] Unexpected value for 'nolazytime'
[   30.871929] loop0: detected capacity change from 0 to 1024
[   30.872506] EXT4-fs: Ignoring removed bh option
[   30.872786] Unexpected value for 'nolazytime'
[   30.895962] loop0: detected capacity change from 0 to 1024
[   30.899123] EXT4-fs: Ignoring removed bh option
[   30.899398] Unexpected value for 'nolazytime'
[   30.912067] loop0: detected capacity change from 0 to 1024
[   30.912549] EXT4-fs: Ignoring removed bh option
[   30.912821] Unexpected value for 'nolazytime'
[   30.940034] loop0: detected capacity change from 0 to 1024
[   30.940598] EXT4-fs: Ignoring removed bh option
[   30.940891] Unexpected value for 'nolazytime'
[   30.959989] loop0: detected capacity change from 0 to 1024
[   30.960539] EXT4-fs: Ignoring removed bh option
[   30.960810] Unexpected value for 'nolazytime'
[   30.976139] loop0: detected capacity change from 0 to 1024
[   30.976721] EXT4-fs: Ignoring removed bh option
[   30.976999] Unexpected value for 'nolazytime'
[   30.995941] loop0: detected capacity change from 0 to 1024
[   30.996454] EXT4-fs: Ignoring removed bh option
[   30.996746] Unexpected value for 'nolazytime'
[   31.015939] loop0: detected capacity change from 0 to 1024
[   31.016453] EXT4-fs: Ignoring removed bh option
[   31.016746] Unexpected value for 'nolazytime'
[   31.027959] loop0: detected capacity change from 0 to 1024
[   31.028590] EXT4-fs: Ignoring removed bh option
[   31.028943] Unexpected value for 'nolazytime'
[   31.048152] loop0: detected capacity change from 0 to 1024
[   31.048686] EXT4-fs: Ignoring removed bh option
[   31.048989] Unexpected value for 'nolazytime'
[   31.067932] loop0: detected capacity change from 0 to 1024
[   31.068436] EXT4-fs: Ignoring removed bh option
[   31.068729] Unexpected value for 'nolazytime'
[   31.084046] loop0: detected capacity change from 0 to 1024
[   31.084505] EXT4-fs: Ignoring removed bh option
[   31.084795] Unexpected value for 'nolazytime'
[   31.096091] loop0: detected capacity change from 0 to 1024
[   31.096537] EXT4-fs: Ignoring removed bh option
[   31.096812] Unexpected value for 'nolazytime'
[   31.119104] loop0: detected capacity change from 0 to 1024
[   31.119564] EXT4-fs: Ignoring removed bh option
[   31.119935] Unexpected value for 'nolazytime'
[   31.140007] loop0: detected capacity change from 0 to 1024
[   31.140921] EXT4-fs: Ignoring removed bh option
[   31.141221] Unexpected value for 'nolazytime'
[   31.156584] loop0: detected capacity change from 0 to 1024
[   31.164279] EXT4-fs: Ignoring removed bh option
[   31.164576] Unexpected value for 'nolazytime'
[   31.176485] loop0: detected capacity change from 0 to 1024
[   31.182364] EXT4-fs: Ignoring removed bh option
[   31.182652] Unexpected value for 'nolazytime'
[   31.201424] loop0: detected capacity change from 0 to 1024
[   31.201852] EXT4-fs: Ignoring removed bh option
[   31.202138] Unexpected value for 'nolazytime'
[   31.224032] loop0: detected capacity change from 0 to 1024
[   31.224466] EXT4-fs: Ignoring removed bh option
[   31.224727] Unexpected value for 'nolazytime'
[   31.259357] loop0: detected capacity change from 0 to 1024
[   31.259881] EXT4-fs: Ignoring removed bh option
[   31.260150] Unexpected value for 'nolazytime'
[   31.279990] loop0: detected capacity change from 0 to 1024
[   31.283103] EXT4-fs: Ignoring removed bh option
[   31.283374] Unexpected value for 'nolazytime'
[   31.311975] loop0: detected capacity change from 0 to 1024
[   31.312636] EXT4-fs: Ignoring removed bh option
[   31.312901] Unexpected value for 'nolazytime'
[   31.335981] loop0: detected capacity change from 0 to 1024
[   31.336513] EXT4-fs: Ignoring removed bh option
[   31.336788] Unexpected value for 'nolazytime'
[   31.360011] loop0: detected capacity change from 0 to 1024
[   31.360655] EXT4-fs: Ignoring removed bh option
[   31.360962] Unexpected value for 'nolazytime'
[   31.387957] loop0: detected capacity change from 0 to 1024
[   31.388513] EXT4-fs: Ignoring removed bh option
[   31.388790] Unexpected value for 'nolazytime'
[   31.403976] loop0: detected capacity change from 0 to 1024
[   31.404478] EXT4-fs: Ignoring removed bh option
[   31.404753] Unexpected value for 'nolazytime'
[   31.424271] loop0: detected capacity change from 0 to 1024
[   31.424725] EXT4-fs: Ignoring removed bh option
[   31.424998] Unexpected value for 'nolazytime'
[   31.443945] loop0: detected capacity change from 0 to 1024
[   31.444650] EXT4-fs: Ignoring removed bh option
[   31.444948] Unexpected value for 'nolazytime'
[   31.463968] loop0: detected capacity change from 0 to 1024
[   31.465038] EXT4-fs: Ignoring removed bh option
[   31.465350] Unexpected value for 'nolazytime'
[   31.483950] loop0: detected capacity change from 0 to 1024
[   31.484667] EXT4-fs: Ignoring removed bh option
[   31.484935] Unexpected value for 'nolazytime'
[   31.510721] loop0: detected capacity change from 0 to 1024
[   31.511160] EXT4-fs: Ignoring removed bh option
[   31.511427] Unexpected value for 'nolazytime'
[   31.548250] loop0: detected capacity change from 0 to 1024
[   31.549069] EXT4-fs: Ignoring removed bh option
[   31.549364] Unexpected value for 'nolazytime'
[   31.576443] loop0: detected capacity change from 0 to 1024
[   31.577212] EXT4-fs: Ignoring removed bh option
[   31.577527] Unexpected value for 'nolazytime'
[   31.600498] loop0: detected capacity change from 0 to 1024
[   31.601172] EXT4-fs: Ignoring removed bh option
[   31.601442] Unexpected value for 'nolazytime'
[   31.615891] loop0: detected capacity change from 0 to 1024
[   31.616635] EXT4-fs: Ignoring removed bh option
[   31.616914] Unexpected value for 'nolazytime'
[   31.631976] loop0: detected capacity change from 0 to 1024
[   31.632591] EXT4-fs: Ignoring removed bh option
[   31.632857] Unexpected value for 'nolazytime'
[   31.648023] loop0: detected capacity change from 0 to 1024
[   31.648512] EXT4-fs: Ignoring removed bh option
[   31.648782] Unexpected value for 'nolazytime'
[   31.667970] loop0: detected capacity change from 0 to 1024
[   31.668482] EXT4-fs: Ignoring removed bh option
[   31.668745] Unexpected value for 'nolazytime'
[   31.684059] loop0: detected capacity change from 0 to 1024
[   31.684675] EXT4-fs: Ignoring removed bh option
[   31.684974] Unexpected value for 'nolazytime'
[   31.703986] loop0: detected capacity change from 0 to 1024
[   31.704494] EXT4-fs: Ignoring removed bh option
[   31.704771] Unexpected value for 'nolazytime'
[   31.719908] loop0: detected capacity change from 0 to 1024
[   31.720444] EXT4-fs: Ignoring removed bh option
[   31.720727] Unexpected value for 'nolazytime'
[   31.739975] loop0: detected capacity change from 0 to 1024
[   31.740506] EXT4-fs: Ignoring removed bh option
[   31.740788] Unexpected value for 'nolazytime'
[   31.767981] loop0: detected capacity change from 0 to 1024
[   31.768483] EXT4-fs: Ignoring removed bh option
[   31.768759] Unexpected value for 'nolazytime'
[   31.792082] loop0: detected capacity change from 0 to 1024
[   31.792731] EXT4-fs: Ignoring removed bh option
[   31.793037] Unexpected value for 'nolazytime'
[   31.815955] loop0: detected capacity change from 0 to 1024
[   31.816521] EXT4-fs: Ignoring removed bh option
[   31.816816] Unexpected value for 'nolazytime'
[   31.836063] loop0: detected capacity change from 0 to 1024
[   31.836547] EXT4-fs: Ignoring removed bh option
[   31.836833] Unexpected value for 'nolazytime'
[   31.855952] loop0: detected capacity change from 0 to 1024
[   31.856467] EXT4-fs: Ignoring removed bh option
[   31.856756] Unexpected value for 'nolazytime'
[   31.871912] loop0: detected capacity change from 0 to 1024
[   31.872430] EXT4-fs: Ignoring removed bh option
[   31.872718] Unexpected value for 'nolazytime'
[   31.896126] loop0: detected capacity change from 0 to 1024
[   31.896934] EXT4-fs: Ignoring removed bh option
[   31.897273] Unexpected value for 'nolazytime'
[   31.911948] loop0: detected capacity change from 0 to 1024
[   31.912523] EXT4-fs: Ignoring removed bh option
[   31.912830] Unexpected value for 'nolazytime'
[   31.927942] loop0: detected capacity change from 0 to 1024
[   31.928476] EXT4-fs: Ignoring removed bh option
[   31.928764] Unexpected value for 'nolazytime'
[   31.943920] loop0: detected capacity change from 0 to 1024
[   31.944460] EXT4-fs: Ignoring removed bh option
[   31.944749] Unexpected value for 'nolazytime'
[   31.964069] loop0: detected capacity change from 0 to 1024
[   31.964550] EXT4-fs: Ignoring removed bh option
[   31.964836] Unexpected value for 'nolazytime'
[   31.979942] loop0: detected capacity change from 0 to 1024
[   31.980450] EXT4-fs: Ignoring removed bh option
[   31.980739] Unexpected value for 'nolazytime'
[   32.000043] loop0: detected capacity change from 0 to 1024
[   32.000672] EXT4-fs: Ignoring removed bh option
[   32.000998] Unexpected value for 'nolazytime'
[   32.020093] loop0: detected capacity change from 0 to 1024
[   32.020572] EXT4-fs: Ignoring removed bh option
[   32.020860] Unexpected value for 'nolazytime'
[   32.036082] loop0: detected capacity change from 0 to 1024
[   32.036532] EXT4-fs: Ignoring removed bh option
[   32.036817] Unexpected value for 'nolazytime'
[   32.055942] loop0: detected capacity change from 0 to 1024
[   32.056466] EXT4-fs: Ignoring removed bh option
[   32.056753] Unexpected value for 'nolazytime'
[   32.071942] loop0: detected capacity change from 0 to 1024
[   32.072459] EXT4-fs: Ignoring removed bh option
[   32.072747] Unexpected value for 'nolazytime'
[   32.100077] loop0: detected capacity change from 0 to 1024
[   32.100577] EXT4-fs: Ignoring removed bh option
[   32.100849] Unexpected value for 'nolazytime'
[   32.116248] loop0: detected capacity change from 0 to 1024
[   32.116761] EXT4-fs: Ignoring removed bh option
[   32.117067] Unexpected value for 'nolazytime'
[   32.135907] loop0: detected capacity change from 0 to 1024
[   32.136432] EXT4-fs: Ignoring removed bh option
[   32.136719] Unexpected value for 'nolazytime'
[   32.152087] loop0: detected capacity change from 0 to 1024
[   32.152546] EXT4-fs: Ignoring removed bh option
[   32.152831] Unexpected value for 'nolazytime'
[   32.168075] loop0: detected capacity change from 0 to 1024
[   32.168529] EXT4-fs: Ignoring removed bh option
[   32.168814] Unexpected value for 'nolazytime'
[   32.188071] loop0: detected capacity change from 0 to 1024
[   32.188515] EXT4-fs: Ignoring removed bh option
[   32.188800] Unexpected value for 'nolazytime'
[   32.212173] loop0: detected capacity change from 0 to 1024
[   32.212759] EXT4-fs: Ignoring removed bh option
[   32.213153] Unexpected value for 'nolazytime'
[   32.228261] loop0: detected capacity change from 0 to 1024
[   32.228842] EXT4-fs: Ignoring removed bh option
[   32.229198] Unexpected value for 'nolazytime'
[   32.239955] loop0: detected capacity change from 0 to 1024
[   32.240473] EXT4-fs: Ignoring removed bh option
[   32.240761] Unexpected value for 'nolazytime'
[   32.260080] loop0: detected capacity change from 0 to 1024
[   32.260550] EXT4-fs: Ignoring removed bh option
[   32.260836] Unexpected value for 'nolazytime'
[   32.275952] loop0: detected capacity change from 0 to 1024
[   32.276465] EXT4-fs: Ignoring removed bh option
[   32.276769] Unexpected value for 'nolazytime'
[   32.295954] loop0: detected capacity change from 0 to 1024
[   32.296478] EXT4-fs: Ignoring removed bh option
[   32.296765] Unexpected value for 'nolazytime'
[   32.311958] loop0: detected capacity change from 0 to 1024
[   32.312461] EXT4-fs: Ignoring removed bh option
[   32.312750] Unexpected value for 'nolazytime'
[   32.328272] loop0: detected capacity change from 0 to 1024
[   32.329035] EXT4-fs: Ignoring removed bh option
[   32.329330] Unexpected value for 'nolazytime'
[   32.351374] loop0: detected capacity change from 0 to 1024
[   32.351883] EXT4-fs: Ignoring removed bh option
[   32.352178] Unexpected value for 'nolazytime'
[   32.374631] loop0: detected capacity change from 0 to 1024
[   32.375084] EXT4-fs: Ignoring removed bh option
[   32.375371] Unexpected value for 'nolazytime'
[   32.390977] loop0: detected capacity change from 0 to 1024
[   32.391480] EXT4-fs: Ignoring removed bh option
[   32.391776] Unexpected value for 'nolazytime'
[   32.410645] loop0: detected capacity change from 0 to 1024
[   32.411106] EXT4-fs: Ignoring removed bh option
[   32.411407] Unexpected value for 'nolazytime'
[   32.431551] loop0: detected capacity change from 0 to 1024
[   32.432089] EXT4-fs: Ignoring removed bh option
[   32.432394] Unexpected value for 'nolazytime'
[   32.451975] loop0: detected capacity change from 0 to 1024
[   32.455116] EXT4-fs: Ignoring removed bh option
[   32.455385] Unexpected value for 'nolazytime'
[   32.471190] loop0: detected capacity change from 0 to 1024
[   32.471630] EXT4-fs: Ignoring removed bh option
[   32.472238] Unexpected value for 'nolazytime'
[   32.488005] loop0: detected capacity change from 0 to 1024
[   32.491444] EXT4-fs: Ignoring removed bh option
[   32.491748] Unexpected value for 'nolazytime'
[   32.515058] loop0: detected capacity change from 0 to 1024
[   32.515573] EXT4-fs: Ignoring removed bh option
[   32.515873] Unexpected value for 'nolazytime'
[   32.536067] loop0: detected capacity change from 0 to 1024
[   32.539734] EXT4-fs: Ignoring removed bh option
[   32.540044] Unexpected value for 'nolazytime'
[   32.563305] loop0: detected capacity change from 0 to 1024
[   32.563796] EXT4-fs: Ignoring removed bh option
[   32.564097] Unexpected value for 'nolazytime'
[   32.583965] loop0: detected capacity change from 0 to 1024
[   32.587472] EXT4-fs: Ignoring removed bh option
[   32.587782] Unexpected value for 'nolazytime'
[   32.604161] loop0: detected capacity change from 0 to 1024
[   32.604649] EXT4-fs: Ignoring removed bh option
[   32.604951] Unexpected value for 'nolazytime'
[   32.623026] loop0: detected capacity change from 0 to 1024
[   32.623522] EXT4-fs: Ignoring removed bh option
[   32.623855] Unexpected value for 'nolazytime'
[   32.639987] loop0: detected capacity change from 0 to 1024
[   32.640454] EXT4-fs: Ignoring removed bh option
[   32.640744] Unexpected value for 'nolazytime'
[   32.660463] loop0: detected capacity change from 0 to 1024
[   32.661100] EXT4-fs: Ignoring removed bh option
[   32.661459] Unexpected value for 'nolazytime'
[   32.682929] loop0: detected capacity change from 0 to 1024
[   32.683465] EXT4-fs: Ignoring removed bh option
[   32.683881] Unexpected value for 'nolazytime'
[   32.702847] loop0: detected capacity change from 0 to 1024
[   32.703375] EXT4-fs: Ignoring removed bh option
[   32.703803] Unexpected value for 'nolazytime'
[   32.726922] loop0: detected capacity change from 0 to 1024
[   32.727604] EXT4-fs: Ignoring removed bh option
[   32.732213] Unexpected value for 'nolazytime'
[   32.756330] loop0: detected capacity change from 0 to 1024
[   32.757214] EXT4-fs: Ignoring removed bh option
[   32.757526] Unexpected value for 'nolazytime'
[   32.780215] loop0: detected capacity change from 0 to 1024
[   32.780935] EXT4-fs: Ignoring removed bh option
[   32.781246] Unexpected value for 'nolazytime'
[   32.800026] loop0: detected capacity change from 0 to 1024
[   32.800738] EXT4-fs: Ignoring removed bh option
[   32.801001] Unexpected value for 'nolazytime'
[   32.819962] loop0: detected capacity change from 0 to 1024
[   32.820442] EXT4-fs: Ignoring removed bh option
[   32.820728] Unexpected value for 'nolazytime'
[   32.839971] loop0: detected capacity change from 0 to 1024
[   32.843525] EXT4-fs: Ignoring removed bh option
[   32.844422] Unexpected value for 'nolazytime'
[   32.864154] loop0: detected capacity change from 0 to 1024
[   32.864991] EXT4-fs: Ignoring removed bh option
[   32.865297] Unexpected value for 'nolazytime'
[   32.883401] loop0: detected capacity change from 0 to 1024
[   32.884025] EXT4-fs: Ignoring removed bh option
[   32.884358] Unexpected value for 'nolazytime'
[   32.916031] loop0: detected capacity change from 0 to 1024
[   32.919454] EXT4-fs: Ignoring removed bh option
[   32.919792] Unexpected value for 'nolazytime'
[   32.936040] loop0: detected capacity change from 0 to 1024
[   32.936662] EXT4-fs: Ignoring removed bh option
[   32.936987] Unexpected value for 'nolazytime'
[   32.963985] loop0: detected capacity change from 0 to 1024
[   32.964707] EXT4-fs: Ignoring removed bh option
[   32.965093] Unexpected value for 'nolazytime'
[   32.992121] loop0: detected capacity change from 0 to 1024
[   32.992747] EXT4-fs: Ignoring removed bh option
[   32.993139] Unexpected value for 'nolazytime'
[   33.012003] loop0: detected capacity change from 0 to 1024
[   33.012721] EXT4-fs: Ignoring removed bh option
[   33.013085] Unexpected value for 'nolazytime'
[   33.031973] loop0: detected capacity change from 0 to 1024
[   33.032553] EXT4-fs: Ignoring removed bh option
[   33.032913] Unexpected value for 'nolazytime'
[   33.047930] loop0: detected capacity change from 0 to 1024
[   33.048478] EXT4-fs: Ignoring removed bh option
[   33.048819] Unexpected value for 'nolazytime'
[   33.068095] loop0: detected capacity change from 0 to 1024
[   33.068580] EXT4-fs: Ignoring removed bh option
[   33.068904] Unexpected value for 'nolazytime'
[   33.083867] loop0: detected capacity change from 0 to 1024
[   33.084571] EXT4-fs: Ignoring removed bh option
[   33.084923] Unexpected value for 'nolazytime'
[   33.103964] loop0: detected capacity change from 0 to 1024
[   33.104644] EXT4-fs: Ignoring removed bh option
[   33.105021] Unexpected value for 'nolazytime'
[   33.119948] loop0: detected capacity change from 0 to 1024
[   33.120564] EXT4-fs: Ignoring removed bh option
[   33.120943] Unexpected value for 'nolazytime'
[   33.139957] loop0: detected capacity change from 0 to 1024
[   33.140612] EXT4-fs: Ignoring removed bh option
[   33.140991] Unexpected value for 'nolazytime'
[   33.159956] loop0: detected capacity change from 0 to 1024
[   33.160577] EXT4-fs: Ignoring removed bh option
[   33.160956] Unexpected value for 'nolazytime'
[   33.179945] loop0: detected capacity change from 0 to 1024
[   33.180550] EXT4-fs: Ignoring removed bh option
[   33.180930] Unexpected value for 'nolazytime'
[   33.200129] loop0: detected capacity change from 0 to 1024
[   33.200899] EXT4-fs: Ignoring removed bh option
[   33.201292] Unexpected value for 'nolazytime'
[   33.219953] loop0: detected capacity change from 0 to 1024
[   33.220581] EXT4-fs: Ignoring removed bh option
[   33.220959] Unexpected value for 'nolazytime'
[   33.239957] loop0: detected capacity change from 0 to 1024
[   33.240608] EXT4-fs: Ignoring removed bh option
[   33.240987] Unexpected value for 'nolazytime'
[   33.259977] loop0: detected capacity change from 0 to 1024
[   33.260619] EXT4-fs: Ignoring removed bh option
[   33.260996] Unexpected value for 'nolazytime'
[   33.279962] loop0: detected capacity change from 0 to 1024
[   33.280588] EXT4-fs: Ignoring removed bh option
[   33.280968] Unexpected value for 'nolazytime'
[   33.300062] loop0: detected capacity change from 0 to 1024
[   33.300812] EXT4-fs: Ignoring removed bh option
[   33.301235] Unexpected value for 'nolazytime'
[   33.320015] loop0: detected capacity change from 0 to 1024
[   33.320659] EXT4-fs: Ignoring removed bh option
[   33.321034] Unexpected value for 'nolazytime'
[   33.339965] loop0: detected capacity change from 0 to 1024
[   33.340595] EXT4-fs: Ignoring removed bh option
[   33.340975] Unexpected value for 'nolazytime'
[   33.359944] loop0: detected capacity change from 0 to 1024
[   33.360584] EXT4-fs: Ignoring removed bh option
[   33.360962] Unexpected value for 'nolazytime'
[   33.379965] loop0: detected capacity change from 0 to 1024
[   33.380620] EXT4-fs: Ignoring removed bh option
[   33.380999] Unexpected value for 'nolazytime'
[   33.399951] loop0: detected capacity change from 0 to 1024
[   33.400705] EXT4-fs: Ignoring removed bh option
[   33.401125] Unexpected value for 'nolazytime'
[   33.420192] loop0: detected capacity change from 0 to 1024
[   33.421121] EXT4-fs: Ignoring removed bh option
[   33.421559] Unexpected value for 'nolazytime'
[   33.440102] loop0: detected capacity change from 0 to 1024
[   33.440720] EXT4-fs: Ignoring removed bh option
[   33.441099] Unexpected value for 'nolazytime'
[   33.455959] loop0: detected capacity change from 0 to 1024
[   33.456600] EXT4-fs: Ignoring removed bh option
[   33.456979] Unexpected value for 'nolazytime'
[   33.475956] loop0: detected capacity change from 0 to 1024
[   33.476592] EXT4-fs: Ignoring removed bh option
[   33.476970] Unexpected value for 'nolazytime'
[   33.495976] loop0: detected capacity change from 0 to 1024
[   33.496622] EXT4-fs: Ignoring removed bh option
[   33.497000] Unexpected value for 'nolazytime'
[   33.512036] loop0: detected capacity change from 0 to 1024
[   33.512795] EXT4-fs: Ignoring removed bh option
[   33.513218] Unexpected value for 'nolazytime'
[   33.528128] loop0: detected capacity change from 0 to 1024
[   33.529466] EXT4-fs: Ignoring removed bh option
[   33.529772] Unexpected value for 'nolazytime'
[   33.544029] loop0: detected capacity change from 0 to 1024
[   33.545008] EXT4-fs: Ignoring removed bh option
[   33.545277] Unexpected value for 'nolazytime'
[   33.563375] loop0: detected capacity change from 0 to 1024
[   33.564012] EXT4-fs: Ignoring removed bh option
[   33.564279] Unexpected value for 'nolazytime'
[   33.579908] loop0: detected capacity change from 0 to 1024
[   33.583027] EXT4-fs: Ignoring removed bh option
[   33.583308] Unexpected value for 'nolazytime'
[   33.604134] loop0: detected capacity change from 0 to 1024
[   33.604625] EXT4-fs: Ignoring removed bh option
[   33.604919] Unexpected value for 'nolazytime'
[   33.624395] loop0: detected capacity change from 0 to 1024
[   33.625096] EXT4-fs: Ignoring removed bh option
[   33.625394] Unexpected value for 'nolazytime'
[   33.643109] loop0: detected capacity change from 0 to 1024
[   33.643540] EXT4-fs: Ignoring removed bh option
[   33.643913] Unexpected value for 'nolazytime'
[   33.659991] loop0: detected capacity change from 0 to 1024
[   33.660412] EXT4-fs: Ignoring removed bh option
[   33.660671] Unexpected value for 'nolazytime'
[   33.684089] loop0: detected capacity change from 0 to 1024
[   33.684502] EXT4-fs: Ignoring removed bh option
[   33.684760] Unexpected value for 'nolazytime'
[   33.711983] loop0: detected capacity change from 0 to 1024
[   33.712737] EXT4-fs: Ignoring removed bh option
[   33.713003] Unexpected value for 'nolazytime'
[   33.736108] loop0: detected capacity change from 0 to 1024
[   33.736932] EXT4-fs: Ignoring removed bh option
[   33.737231] Unexpected value for 'nolazytime'
[   33.756007] loop0: detected capacity change from 0 to 1024
[   33.756836] EXT4-fs: Ignoring removed bh option
[   33.757132] Unexpected value for 'nolazytime'
[   33.775986] loop0: detected capacity change from 0 to 1024
[   33.776795] EXT4-fs: Ignoring removed bh option
[   33.777092] Unexpected value for 'nolazytime'
[   33.795982] loop0: detected capacity change from 0 to 1024
[   33.796698] EXT4-fs: Ignoring removed bh option
[   33.796990] Unexpected value for 'nolazytime'
[   33.816031] loop0: detected capacity change from 0 to 1024
[   33.816577] EXT4-fs: Ignoring removed bh option
[   33.816882] Unexpected value for 'nolazytime'
[   33.835979] loop0: detected capacity change from 0 to 1024
[   33.836549] EXT4-fs: Ignoring removed bh option
[   33.836843] Unexpected value for 'nolazytime'
[   33.856217] loop0: detected capacity change from 0 to 1024
[   33.856917] EXT4-fs: Ignoring removed bh option
[   33.857356] Unexpected value for 'nolazytime'
[   33.880151] loop0: detected capacity change from 0 to 1024
[   33.880885] EXT4-fs: Ignoring removed bh option
[   33.881280] Unexpected value for 'nolazytime'
[   33.900106] loop0: detected capacity change from 0 to 1024
[   33.900788] EXT4-fs: Ignoring removed bh option
[   33.901158] Unexpected value for 'nolazytime'
[   33.915991] loop0: detected capacity change from 0 to 1024
[   33.916785] EXT4-fs: Ignoring removed bh option
[   33.917153] Unexpected value for 'nolazytime'
[   33.935993] loop0: detected capacity change from 0 to 1024
[   33.936679] EXT4-fs: Ignoring removed bh option
[   33.937013] Unexpected value for 'nolazytime'
[   33.956000] loop0: detected capacity change from 0 to 1024
[   33.956683] EXT4-fs: Ignoring removed bh option
[   33.957038] Unexpected value for 'nolazytime'
[   33.972276] loop0: detected capacity change from 0 to 1024
[   33.973256] EXT4-fs: Ignoring removed bh option
[   33.973774] Unexpected value for 'nolazytime'
[   33.988307] loop0: detected capacity change from 0 to 1024
[   33.989216] EXT4-fs: Ignoring removed bh option
[   33.989725] Unexpected value for 'nolazytime'
[   34.008187] loop0: detected capacity change from 0 to 1024
[   34.008742] EXT4-fs: Ignoring removed bh option
[   34.009032] Unexpected value for 'nolazytime'
[   34.036075] loop0: detected capacity change from 0 to 1024
[   34.036553] EXT4-fs: Ignoring removed bh option
[   34.036808] Unexpected value for 'nolazytime'
[   34.076062] loop0: detected capacity change from 0 to 1024
[   34.076525] EXT4-fs: Ignoring removed bh option
[   34.076784] Unexpected value for 'nolazytime'
[   34.092000] loop0: detected capacity change from 0 to 1024
[   34.092603] EXT4-fs: Ignoring removed bh option
[   34.092973] Unexpected value for 'nolazytime'
[   34.107982] loop0: detected capacity change from 0 to 1024
[   34.108551] EXT4-fs: Ignoring removed bh option
[   34.108912] Unexpected value for 'nolazytime'
[   34.123980] loop0: detected capacity change from 0 to 1024
[   34.124538] EXT4-fs: Ignoring removed bh option
[   34.124881] Unexpected value for 'nolazytime'
[   34.139985] loop0: detected capacity change from 0 to 1024
[   34.140562] EXT4-fs: Ignoring removed bh option
[   34.140929] Unexpected value for 'nolazytime'
[   34.155932] loop0: detected capacity change from 0 to 1024
[   34.156489] EXT4-fs: Ignoring removed bh option
[   34.156843] Unexpected value for 'nolazytime'
[   34.171939] loop0: detected capacity change from 0 to 1024
[   34.172489] EXT4-fs: Ignoring removed bh option
[   34.172860] Unexpected value for 'nolazytime'
[   34.187976] loop0: detected capacity change from 0 to 1024
[   34.188541] EXT4-fs: Ignoring removed bh option
[   34.188906] Unexpected value for 'nolazytime'
[   34.203978] loop0: detected capacity change from 0 to 1024
[   34.204554] EXT4-fs: Ignoring removed bh option
[   34.204923] Unexpected value for 'nolazytime'
[   34.219981] loop0: detected capacity change from 0 to 1024
[   34.220544] EXT4-fs: Ignoring removed bh option
[   34.220893] Unexpected value for 'nolazytime'
[   34.239975] loop0: detected capacity change from 0 to 1024
[   34.240546] EXT4-fs: Ignoring removed bh option
[   34.240887] Unexpected value for 'nolazytime'
[   34.251891] loop0: detected capacity change from 0 to 1024
[   34.252477] EXT4-fs: Ignoring removed bh option
[   34.252830] Unexpected value for 'nolazytime'
[   34.268640] loop0: detected capacity change from 0 to 1024
[   34.269120] EXT4-fs: Ignoring removed bh option
[   34.272875] Unexpected value for 'nolazytime'
[   34.292929] loop0: detected capacity change from 0 to 1024
[   34.293504] EXT4-fs: Ignoring removed bh option
[   34.293779] Unexpected value for 'nolazytime'
[   34.312016] loop0: detected capacity change from 0 to 1024
[   34.315408] EXT4-fs: Ignoring removed bh option
[   34.315744] Unexpected value for 'nolazytime'
[   34.335965] loop0: detected capacity change from 0 to 1024
[   34.336590] EXT4-fs: Ignoring removed bh option
[   34.336927] Unexpected value for 'nolazytime'
[   34.359437] loop0: detected capacity change from 0 to 1024
[   34.359997] EXT4-fs: Ignoring removed bh option
[   34.360351] Unexpected value for 'nolazytime'
[   34.375973] loop0: detected capacity change from 0 to 1024
[   34.379371] EXT4-fs: Ignoring removed bh option
[   34.380052] Unexpected value for 'nolazytime'
[   34.399961] loop0: detected capacity change from 0 to 1024
[   34.400604] EXT4-fs: Ignoring removed bh option
[   34.400940] Unexpected value for 'nolazytime'
[   34.419194] loop0: detected capacity change from 0 to 1024
[   34.419822] EXT4-fs: Ignoring removed bh option
[   34.422809] Unexpected value for 'nolazytime'
[   34.443717] loop0: detected capacity change from 0 to 1024
[   34.444115] EXT4-fs: Ignoring removed bh option
[   34.444368] Unexpected value for 'nolazytime'
[   34.467573] loop0: detected capacity change from 0 to 1024
[   34.468056] EXT4-fs: Ignoring removed bh option
[   34.468323] Unexpected value for 'nolazytime'
[   34.495298] loop0: detected capacity change from 0 to 1024
[   34.496374] EXT4-fs: Ignoring removed bh option
[   34.496827] Unexpected value for 'nolazytime'
[   34.519381] loop0: detected capacity change from 0 to 1024
[   34.519917] EXT4-fs: Ignoring removed bh option
[   34.520185] Unexpected value for 'nolazytime'
[   34.535989] loop0: detected capacity change from 0 to 1024
[   34.536380] EXT4-fs: Ignoring removed bh option
[   34.536647] Unexpected value for 'nolazytime'
[   34.563948] loop0: detected capacity change from 0 to 1024
[   34.564354] EXT4-fs: Ignoring removed bh option
[   34.564617] Unexpected value for 'nolazytime'
[   34.588428] loop0: detected capacity change from 0 to 1024
[   34.590845] EXT4-fs: Ignoring removed bh option
[   34.591143] Unexpected value for 'nolazytime'
[   34.615947] loop0: detected capacity change from 0 to 1024
[   34.618829] EXT4-fs: Ignoring removed bh option
[   34.619130] Unexpected value for 'nolazytime'
[   34.640045] loop0: detected capacity change from 0 to 1024
[   34.640853] EXT4-fs: Ignoring removed bh option
[   34.641155] Unexpected value for 'nolazytime'
[   34.664140] loop0: detected capacity change from 0 to 1024
[   34.664866] EXT4-fs: Ignoring removed bh option
[   34.665162] Unexpected value for 'nolazytime'
[   34.680179] loop0: detected capacity change from 0 to 1024
[   34.681344] EXT4-fs: Ignoring removed bh option
[   34.681874] Unexpected value for 'nolazytime'
[   34.700273] loop0: detected capacity change from 0 to 1024
[   34.700948] EXT4-fs: Ignoring removed bh option
[   34.701215] Unexpected value for 'nolazytime'
[   34.719953] loop0: detected capacity change from 0 to 1024
[   34.720611] EXT4-fs: Ignoring removed bh option
[   34.720932] Unexpected value for 'nolazytime'
[   34.735970] loop0: detected capacity change from 0 to 1024
[   34.736990] EXT4-fs: Ignoring removed bh option
[   34.737293] Unexpected value for 'nolazytime'
[   34.756119] loop0: detected capacity change from 0 to 1024
[   34.756910] EXT4-fs: Ignoring removed bh option
[   34.757221] Unexpected value for 'nolazytime'
[   34.779175] loop0: detected capacity change from 0 to 1024
[   34.779770] EXT4-fs: Ignoring removed bh option
[   34.780077] Unexpected value for 'nolazytime'
[   34.803999] loop0: detected capacity change from 0 to 1024
[   34.807441] EXT4-fs: Ignoring removed bh option
[   34.808002] Unexpected value for 'nolazytime'
[   34.827362] loop0: detected capacity change from 0 to 1024
[   34.828024] EXT4-fs: Ignoring removed bh option
[   34.828307] Unexpected value for 'nolazytime'
[   34.843974] loop0: detected capacity change from 0 to 1024
[   34.847467] EXT4-fs: Ignoring removed bh option
[   34.847852] Unexpected value for 'nolazytime'
[   34.868233] loop0: detected capacity change from 0 to 1024
[   34.868881] EXT4-fs: Ignoring removed bh option
[   34.869170] Unexpected value for 'nolazytime'
[   34.887958] loop0: detected capacity change from 0 to 1024
[   34.888673] EXT4-fs: Ignoring removed bh option
[   34.888985] Unexpected value for 'nolazytime'
[   34.903989] loop0: detected capacity change from 0 to 1024
[   34.904706] EXT4-fs: Ignoring removed bh option
[   34.905030] Unexpected value for 'nolazytime'
[   34.919965] loop0: detected capacity change from 0 to 1024
[   34.920964] EXT4-fs: Ignoring removed bh option
[   34.921268] Unexpected value for 'nolazytime'
[   34.943991] loop0: detected capacity change from 0 to 1024
[   34.944819] EXT4-fs: Ignoring removed bh option
[   34.945115] Unexpected value for 'nolazytime'
[   34.975471] loop0: detected capacity change from 0 to 1024
[   34.975961] EXT4-fs: Ignoring removed bh option
[   34.976262] Unexpected value for 'nolazytime'
[   34.999045] loop0: detected capacity change from 0 to 1024
[   34.999548] EXT4-fs: Ignoring removed bh option
[   34.999928] Unexpected value for 'nolazytime'
[   35.015903] loop0: detected capacity change from 0 to 1024
[   35.019522] EXT4-fs: Ignoring removed bh option
[   35.019907] Unexpected value for 'nolazytime'
[   35.032219] loop0: detected capacity change from 0 to 1024
