c[?7l[2J[0mSeaBIOS (version rel-1.14.0-0-g155821a1990b-prebuilt.qemu.org)


iPXE (http://ipxe.org) 00:03.0 CA00 PCI2.10 PnP PMM+7FF8F030+7FEEF030 CA00
Press Ctrl-B to configure iPXE (PCI 00:03.0)...                                                                               


Booting from ROM..c[?7l[2J[    0.000000] Linux version 5.16.0-rc5-f2b551fad8d8+ (root@p-rplp02) (gcc (GCC) 8.5.0 20210514 (Red Hat 8.5.0-17), GNU ld version 2.36.1-2.el8) #1 SMP PREEMPT Wed Dec 7 07:58:54 CST 2022
[    0.000000] Command line: console=ttyS0 root=/dev/sda earlyprintk=serial net.ifnames=0
[    0.000000] KERNEL supported cpus:
[    0.000000]   Intel GenuineIntel
[    0.000000]   AMD AuthenticAMD
[    0.000000]   Hygon HygonGenuine
[    0.000000]   Centaur CentaurHauls
[    0.000000]   zhaoxin   Shanghai  
[    0.000000] x86/fpu: Supporting XSAVE feature 0x001: 'x87 floating point registers'
[    0.000000] x86/fpu: Supporting XSAVE feature 0x002: 'SSE registers'
[    0.000000] x86/fpu: Supporting XSAVE feature 0x004: 'AVX registers'
[    0.000000] x86/fpu: Supporting XSAVE feature 0x200: 'Protection Keys User registers'
[    0.000000] x86/fpu: xstate_offset[2]:  576, xstate_sizes[2]:  256
[    0.000000] x86/fpu: xstate_offset[9]:  832, xstate_sizes[9]:    8
[    0.000000] x86/fpu: Enabled xstate features 0x207, context size is 840 bytes, using 'compacted' format.
[    0.000000] signal: max sigframe size: 3632
[    0.000000] printk: bootconsole [earlyser0] enabled
[    0.000000] BIOS-provided physical RAM map:
[    0.000000] BIOS-e820: [mem 0x0000000000000000-0x000000000009fbff] usable
[    0.000000] BIOS-e820: [mem 0x000000000009fc00-0x000000000009ffff] reserved
[    0.000000] BIOS-e820: [mem 0x00000000000f0000-0x00000000000fffff] reserved
[    0.000000] BIOS-e820: [mem 0x0000000000100000-0x000000007ffdffff] usable
[    0.000000] BIOS-e820: [mem 0x000000007ffe0000-0x000000007fffffff] reserved
[    0.000000] BIOS-e820: [mem 0x00000000feffc000-0x00000000feffffff] reserved
[    0.000000] BIOS-e820: [mem 0x00000000fffc0000-0x00000000ffffffff] reserved
[    0.000000] NX (Execute Disable) protection: active
[    0.000000] SMBIOS 2.8 present.
[    0.000000] DMI: QEMU Standard PC (i440FX + PIIX, 1996), BIOS rel-1.14.0-0-g155821a1990b-prebuilt.qemu.org 04/01/2014
[    0.000000] Hypervisor detected: KVM
[    0.000000] kvm-clock: Using msrs 4b564d01 and 4b564d00
[    0.000000] kvm-clock: cpu 0, msr 4601001, primary cpu clock
[    0.000001] kvm-clock: using sched offset of 252771283 cycles
[    0.000306] clocksource: kvm-clock: mask: 0xffffffffffffffff max_cycles: 0x1cd42e4dffb, max_idle_ns: 881590591483 ns
[    0.001200] tsc: Detected 1881.600 MHz processor
[    0.005431] last_pfn = 0x7ffe0 max_arch_pfn = 0x400000000
[    0.005771] x86/PAT: Configuration [0-7]: WB  WC  UC- UC  WB  WP  UC- WT  
[    0.010030] found SMP MP-table at [mem 0x000f5a90-0x000f5a9f]
[    0.010415] Using GB pages for direct mapping
[    0.011291] ACPI: Early table checksum verification disabled
[    0.011600] ACPI: RSDP 0x00000000000F5870 000014 (v00 BOCHS )
[    0.011918] ACPI: RSDT 0x000000007FFE1959 000034 (v01 BOCHS  BXPC     00000001 BXPC 00000001)
[    0.012385] ACPI: FACP 0x000000007FFE1805 000074 (v01 BOCHS  BXPC     00000001 BXPC 00000001)
[    0.012866] ACPI: DSDT 0x000000007FFE0040 0017C5 (v01 BOCHS  BXPC     00000001 BXPC 00000001)
[    0.013394] ACPI: FACS 0x000000007FFE0000 000040
[    0.013679] ACPI: APIC 0x000000007FFE1879 000080 (v01 BOCHS  BXPC     00000001 BXPC 00000001)
[    0.014199] ACPI: HPET 0x000000007FFE18F9 000038 (v01 BOCHS  BXPC     00000001 BXPC 00000001)
[    0.014723] ACPI: WAET 0x000000007FFE1931 000028 (v01 BOCHS  BXPC     00000001 BXPC 00000001)
[    0.015244] ACPI: Reserving FACP table memory at [mem 0x7ffe1805-0x7ffe1878]
[    0.015681] ACPI: Reserving DSDT table memory at [mem 0x7ffe0040-0x7ffe1804]
[    0.016105] ACPI: Reserving FACS table memory at [mem 0x7ffe0000-0x7ffe003f]
[    0.016529] ACPI: Reserving APIC table memory at [mem 0x7ffe1879-0x7ffe18f8]
[    0.016959] ACPI: Reserving HPET table memory at [mem 0x7ffe18f9-0x7ffe1930]
[    0.017381] ACPI: Reserving WAET table memory at [mem 0x7ffe1931-0x7ffe1958]
[    0.018279] No NUMA configuration found
[    0.018513] Faking a node at [mem 0x0000000000000000-0x000000007ffdffff]
[    0.018958] NODE_DATA(0) allocated [mem 0x7ffb5000-0x7ffdffff]
[    0.021898] Zone ranges:
[    0.022071]   DMA      [mem 0x0000000000001000-0x0000000000ffffff]
[    0.022445]   DMA32    [mem 0x0000000001000000-0x000000007ffdffff]
[    0.022819]   Normal   empty
[    0.022994]   Device   empty
[    0.023170] Movable zone start for each node
[    0.023427] Early memory node ranges
[    0.023641]   node   0: [mem 0x0000000000001000-0x000000000009efff]
[    0.024019]   node   0: [mem 0x0000000000100000-0x000000007ffdffff]
[    0.024397] Initmem setup node 0 [mem 0x0000000000001000-0x000000007ffdffff]
[    0.024991] On node 0, zone DMA: 1 pages in unavailable ranges
[    0.025003] On node 0, zone DMA: 97 pages in unavailable ranges
[    0.032703] On node 0, zone DMA32: 32 pages in unavailable ranges
[    0.033266] ACPI: PM-Timer IO Port: 0x608
[    0.033820] ACPI: LAPIC_NMI (acpi_id[0xff] dfl dfl lint[0x1])
[    0.034156] IOAPIC[0]: apic_id 0, version 17, address 0xfec00000, GSI 0-23
[    0.034530] ACPI: INT_SRC_OVR (bus 0 bus_irq 0 global_irq 2 dfl dfl)
[    0.034872] ACPI: INT_SRC_OVR (bus 0 bus_irq 5 global_irq 5 high level)
[    0.035228] ACPI: INT_SRC_OVR (bus 0 bus_irq 9 global_irq 9 high level)
[    0.035584] ACPI: INT_SRC_OVR (bus 0 bus_irq 10 global_irq 10 high level)
[    0.035949] ACPI: INT_SRC_OVR (bus 0 bus_irq 11 global_irq 11 high level)
[    0.036320] ACPI: Using ACPI (MADT) for SMP configuration information
[    0.036664] ACPI: HPET id: 0x8086a201 base: 0xfed00000
[    0.036971] TSC deadline timer available
[    0.037181] smpboot: Allowing 2 CPUs, 0 hotplug CPUs
[    0.037467] kvm-guest: KVM setup pv remote TLB flush
[    0.037733] kvm-guest: setup PV sched yield
[    0.037983] PM: hibernation: Registered nosave memory: [mem 0x00000000-0x00000fff]
[    0.038391] PM: hibernation: Registered nosave memory: [mem 0x0009f000-0x0009ffff]
[    0.038796] PM: hibernation: Registered nosave memory: [mem 0x000a0000-0x000effff]
[    0.039200] PM: hibernation: Registered nosave memory: [mem 0x000f0000-0x000fffff]
[    0.039606] [mem 0x80000000-0xfeffbfff] available for PCI devices
[    0.039932] Booting paravirtualized kernel on KVM
[    0.040186] clocksource: refined-jiffies: mask: 0xffffffff max_cycles: 0xffffffff, max_idle_ns: 7645519600211568 ns
[    0.040753] setup_percpu: NR_CPUS:8192 nr_cpumask_bits:2 nr_cpu_ids:2 nr_node_ids:1
[    0.043485] percpu: Embedded 61 pages/cpu s212992 r8192 d28672 u1048576
[    0.043970] kvm-guest: setup async PF for cpu 0
[    0.044217] kvm-guest: stealtime: cpu 0, msr 7dc33080
[    0.044495] kvm-guest: PV spinlocks enabled
[    0.044728] PV qspinlock hash table entries: 256 (order: 0, 4096 bytes, linear)
[    0.045138] Fallback order for Node 0: 0 
[    0.045362] Built 1 zonelists, mobility grouping on.  Total pages: 515808
[    0.045731] Policy zone: DMA32
[    0.045899] Kernel command line: net.ifnames=0 console=ttyS0 root=/dev/sda earlyprintk=serial net.ifnames=0
[    0.047657] Dentry cache hash table entries: 262144 (order: 9, 2097152 bytes, linear)
[    0.048159] Inode-cache hash table entries: 131072 (order: 8, 1048576 bytes, linear)
[    0.048643] mem auto-init: stack:off, heap alloc:off, heap free:off
[    0.051491] Memory: 2001792K/2096632K available (28689K kernel code, 4396K rwdata, 7592K rodata, 3144K init, 10700K bss, 94584K reserved, 0K cma-reserved)
[    0.052236] random: get_random_u64 called from __kmem_cache_create+0x2f/0x480 with crng_init=0
[    0.052563] SLUB: HWalign=64, Order=0-3, MinObjects=0, CPUs=2, Nodes=1
[    0.053352] kmemleak: Kernel memory leak detector disabled
[    0.053643] ftrace: allocating 65306 entries in 256 pages
[    0.115002] ftrace: allocated 256 pages with 1 groups
[    0.116017] Dynamic Preempt: voluntary
[    0.116250] rcu: Preemptible hierarchical RCU implementation.
[    0.116546] rcu: 	RCU restricting CPUs from NR_CPUS=8192 to nr_cpu_ids=2.
[    0.116900] 	Trampoline variant of Tasks RCU enabled.
[    0.117159] 	Rude variant of Tasks RCU enabled.
[    0.117392] 	Tracing variant of Tasks RCU enabled.
[    0.117637] rcu: RCU calculated value of scheduler-enlistment delay is 25 jiffies.
[    0.118026] rcu: Adjusting geometry for rcu_fanout_leaf=16, nr_cpu_ids=2
[    0.133843] NR_IRQS: 524544, nr_irqs: 440, preallocated irqs: 16
[    0.139277] Console: colour VGA+ 80x25
[    0.139496] printk: console [ttyS0] enabled
[    0.139496] printk: console [ttyS0] enabled
[    0.139936] printk: bootconsole [earlyser0] disabled
[    0.139936] printk: bootconsole [earlyser0] disabled
[    0.140470] ACPI: Core revision 20210930
[    0.140793] clocksource: hpet: mask: 0xffffffff max_cycles: 0xffffffff, max_idle_ns: 19112604467 ns
[    0.141337] APIC: Switch to symmetric I/O mode setup
[    0.141722] x2apic enabled
[    0.141994] Switched APIC routing to physical x2apic.
[    0.142266] kvm-guest: setup PV IPIs
[    0.142989] ..TIMER: vector=0x30 apic1=0 pin1=2 apic2=-1 pin2=-1
[    0.143325] clocksource: tsc-early: mask: 0xffffffffffffffff max_cycles: 0x363e8c91135, max_idle_ns: 881590568389 ns
[    0.143886] Calibrating delay loop (skipped) preset value.. 3763.20 BogoMIPS (lpj=7526400)
[    0.144325] pid_max: default: 32768 minimum: 301
[    0.144606] LSM: Security Framework initializing
[    0.144867] Yama: becoming mindful.
[    0.145110] Mount-cache hash table entries: 4096 (order: 3, 32768 bytes, linear)
[    0.147885] Mountpoint-cache hash table entries: 4096 (order: 3, 32768 bytes, linear)
[    0.148725] x86/cpu: User Mode Instruction Prevention (UMIP) activated
[    0.149220] Last level iTLB entries: 4KB 0, 2MB 0, 4MB 0
[    0.149542] Last level dTLB entries: 4KB 0, 2MB 0, 4MB 0, 1GB 0
[    0.149900] Spectre V1 : Mitigation: usercopy/swapgs barriers and __user pointer sanitization
[    0.150402] Spectre V2 : Mitigation: Enhanced IBRS
[    0.150674] Spectre V2 : Spectre v2 / SpectreRSB mitigation: Filling RSB on context switch
[    0.151139] Spectre V2 : mitigation: Enabling conditional Indirect Branch Prediction Barrier
[    0.151574] Speculative Store Bypass: Mitigation: Speculative Store Bypass disabled via prctl
[    0.178814] Freeing SMP alternatives memory: 56K
[    0.179145] smpboot: CPU0: Genuine Intel(R) 0000 (family: 0x6, model: 0xba, stepping: 0x2)
[    0.179701] Performance Events: generic architected perfmon, full-width counters, Intel PMU driver.
[    0.179880] ... version:                2
[    0.179880] ... bit width:              48
[    0.179880] ... generic registers:      6
[    0.179880] ... value mask:             0000ffffffffffff
[    0.179880] ... max period:             00007fffffffffff
[    0.179880] ... fixed-purpose events:   3
[    0.179880] ... event mask:             000000070000003f
[    0.179880] rcu: Hierarchical SRCU implementation.
[    0.180314] smp: Bringing up secondary CPUs ...
[    0.180640] x86: Booting SMP configuration:
[    0.180855] .... node  #0, CPUs:      #1
[    0.009566] kvm-clock: cpu 1, msr 4601041, secondary cpu clock
[    0.009566] smpboot: CPU 1 Converting physical 0 to logical die 1
[    0.183901] kvm-guest: setup async PF for cpu 1
[    0.184190] kvm-guest: stealtime: cpu 1, msr 7dd33080
[    0.184501] smp: Brought up 1 node, 2 CPUs
[    0.184501] smpboot: Max logical packages: 2
[    0.184501] smpboot: Total of 2 processors activated (7526.40 BogoMIPS)
[    0.185269] devtmpfs: initialized
[    0.185269] x86/mm: Memory block size: 128MB
[    0.188067] clocksource: jiffies: mask: 0xffffffff max_cycles: 0xffffffff, max_idle_ns: 7645041785100000 ns
[    0.188564] futex hash table entries: 512 (order: 3, 32768 bytes, linear)
[    0.188964] pinctrl core: initialized pinctrl subsystem
[    0.189370] 
[    0.189452] *************************************************************
[    0.189816] **     NOTICE NOTICE NOTICE NOTICE NOTICE NOTICE NOTICE    **
[    0.190155] **                                                         **
[    0.190493] **  IOMMU DebugFS SUPPORT HAS BEEN ENABLED IN THIS KERNEL  **
[    0.190831] **                                                         **
[    0.191169] ** This means that this kernel is built to expose internal **
[    0.191507] ** IOMMU data structures, which may compromise security on **
[    0.191885] ** your system.                                            **
[    0.192254] **                                                         **
[    0.192592] ** If you see this message and you are not debugging the   **
[    0.192931] ** kernel, report this immediately to your vendor!         **
[    0.193270] **                                                         **
[    0.193620] **     NOTICE NOTICE NOTICE NOTICE NOTICE NOTICE NOTICE    **
[    0.193998] *************************************************************
[    0.194413] PM: RTC time: 02:10:44, date: 2022-12-07
[    0.195419] NET: Registered PF_NETLINK/PF_ROUTE protocol family
[    0.195984] DMA: preallocated 256 KiB GFP_KERNEL pool for atomic allocations
[    0.196342] DMA: preallocated 256 KiB GFP_KERNEL|GFP_DMA pool for atomic allocations
[    0.196732] DMA: preallocated 256 KiB GFP_KERNEL|GFP_DMA32 pool for atomic allocations
[    0.197141] audit: initializing netlink subsys (disabled)
[    0.197429] audit: type=2000 audit(1670379045.116:1): state=initialized audit_enabled=0 res=1
[    0.197429] thermal_sys: Registered thermal governor 'fair_share'
[    0.197429] thermal_sys: Registered thermal governor 'bang_bang'
[    0.197429] thermal_sys: Registered thermal governor 'step_wise'
[    0.197429] thermal_sys: Registered thermal governor 'user_space'
[    0.197441] cpuidle: using governor ladder
[    0.198014] cpuidle: using governor menu
[    0.200141] acpiphp: ACPI Hot Plug PCI Controller Driver version: 0.5
[    0.200591] PCI: Using configuration type 1 for base access
[    0.206692] kprobes: kprobe jump-optimization is enabled. All kprobes are optimized if possible.
[    0.207202] HugeTLB registered 1.00 GiB page size, pre-allocated 0 pages
[    0.207202] HugeTLB registered 2.00 MiB page size, pre-allocated 0 pages
[    0.208007] ACPI: Added _OSI(Module Device)
[    0.208248] ACPI: Added _OSI(Processor Device)
[    0.208500] ACPI: Added _OSI(3.0 _SCP Extensions)
[    0.208765] ACPI: Added _OSI(Processor Aggregator Device)
[    0.209074] ACPI: Added _OSI(Linux-Dell-Video)
[    0.209324] ACPI: Added _OSI(Linux-Lenovo-NV-HDMI-Audio)
[    0.209625] ACPI: Added _OSI(Linux-HPI-Hybrid-Graphics)
[    0.213633] ACPI: 1 ACPI AML tables successfully acquired and loaded
[    0.215875] ACPI: Interpreter enabled
[    0.215928] ACPI: PM: (supports S0 S3 S4 S5)
[    0.216147] ACPI: Using IOAPIC for interrupt routing
[    0.216417] PCI: Using host bridge windows from ACPI; if necessary, use "pci=nocrs" and report a bug
[    0.217243] ACPI: Enabled 2 GPEs in block 00 to 0F
[    0.225650] ACPI: PCI Root Bridge [PCI0] (domain 0000 [bus 00-ff])
[    0.226017] acpi PNP0A03:00: _OSC: OS supports [ASPM ClockPM Segments MSI EDR HPX-Type3]
[    0.226474] acpi PNP0A03:00: _OSC: not requesting OS control; OS requires [ExtendedConfig ASPM ClockPM MSI]
[    0.227043] acpi PNP0A03:00: fail to add MMCONFIG information, can't access extended PCI configuration space under this bridge.
[    0.228575] acpiphp: Slot [3] registered
[    0.228812] acpiphp: Slot [4] registered
[    0.229047] acpiphp: Slot [5] registered
[    0.229310] acpiphp: Slot [6] registered
[    0.229545] acpiphp: Slot [7] registered
[    0.229780] acpiphp: Slot [8] registered
[    0.230014] acpiphp: Slot [9] registered
[    0.230250] acpiphp: Slot [10] registered
[    0.230489] acpiphp: Slot [11] registered
[    0.230727] acpiphp: Slot [12] registered
[    0.230966] acpiphp: Slot [13] registered
[    0.231204] acpiphp: Slot [14] registered
[    0.231443] acpiphp: Slot [15] registered
[    0.231699] acpiphp: Slot [16] registered
[    0.231917] acpiphp: Slot [17] registered
[    0.232157] acpiphp: Slot [18] registered
[    0.232396] acpiphp: Slot [19] registered
[    0.232635] acpiphp: Slot [20] registered
[    0.232874] acpiphp: Slot [21] registered
[    0.233117] acpiphp: Slot [22] registered
[    0.233377] acpiphp: Slot [23] registered
[    0.233616] acpiphp: Slot [24] registered
[    0.233855] acpiphp: Slot [25] registered
[    0.234093] acpiphp: Slot [26] registered
[    0.234332] acpiphp: Slot [27] registered
[    0.234571] acpiphp: Slot [28] registered
[    0.234811] acpiphp: Slot [29] registered
[    0.235050] acpiphp: Slot [30] registered
[    0.235289] acpiphp: Slot [31] registered
[    0.235504] PCI host bridge to bus 0000:00
[    0.235727] pci_bus 0000:00: root bus resource [io  0x0000-0x0cf7 window]
[    0.235883] pci_bus 0000:00: root bus resource [io  0x0d00-0xffff window]
[    0.236228] pci_bus 0000:00: root bus resource [mem 0x000a0000-0x000bffff window]
[    0.236608] pci_bus 0000:00: root bus resource [mem 0x80000000-0xfebfffff window]
[    0.237000] pci_bus 0000:00: root bus resource [mem 0x100000000-0x17fffffff window]
[    0.237398] pci_bus 0000:00: root bus resource [bus 00-ff]
[    0.237708] pci 0000:00:00.0: [8086:1237] type 00 class 0x060000
[    0.239693] pci 0000:00:01.0: [8086:7000] type 00 class 0x060100
[    0.240215] pci 0000:00:01.1: [8086:7010] type 00 class 0x010180
[    0.241670] pci 0000:00:01.1: reg 0x20: [io  0xc040-0xc04f]
[    0.242467] pci 0000:00:01.1: legacy IDE quirk: reg 0x10: [io  0x01f0-0x01f7]
[    0.242833] pci 0000:00:01.1: legacy IDE quirk: reg 0x14: [io  0x03f6]
[    0.243164] pci 0000:00:01.1: legacy IDE quirk: reg 0x18: [io  0x0170-0x0177]
[    0.243526] pci 0000:00:01.1: legacy IDE quirk: reg 0x1c: [io  0x0376]
[    0.244002] pci 0000:00:01.3: [8086:7113] type 00 class 0x068000
[    0.244496] pci 0000:00:01.3: quirk: [io  0x0600-0x063f] claimed by PIIX4 ACPI
[    0.245045] pci 0000:00:01.3: quirk: [io  0x0700-0x070f] claimed by PIIX4 SMB
[    0.245749] pci 0000:00:02.0: [1234:1111] type 00 class 0x030000
[    0.246874] pci 0000:00:02.0: reg 0x10: [mem 0xfd000000-0xfdffffff pref]
[    0.248099] pci 0000:00:02.0: reg 0x18: [mem 0xfebf0000-0xfebf0fff]
[    0.250792] pci 0000:00:02.0: reg 0x30: [mem 0xfebe0000-0xfebeffff pref]
[    0.252959] pci 0000:00:03.0: [8086:100e] type 00 class 0x020000
[    0.253975] pci 0000:00:03.0: reg 0x10: [mem 0xfebc0000-0xfebdffff]
[    0.254991] pci 0000:00:03.0: reg 0x14: [io  0xc000-0xc03f]
[    0.256732] pci 0000:00:03.0: reg 0x30: [mem 0xfeb80000-0xfebbffff pref]
[    0.265992] ACPI: PCI: Interrupt link LNKA configured for IRQ 10
[    0.266582] ACPI: PCI: Interrupt link LNKB configured for IRQ 10
[    0.267161] ACPI: PCI: Interrupt link LNKC configured for IRQ 11
[    0.267737] ACPI: PCI: Interrupt link LNKD configured for IRQ 11
[    0.267997] ACPI: PCI: Interrupt link LNKS configured for IRQ 9
[    0.268894] iommu: Default domain type: Translated 
[    0.268894] iommu: DMA domain TLB invalidation policy: lazy mode 
[    0.268894] pci 0000:00:02.0: vgaarb: setting as boot VGA device
[    0.268894] pci 0000:00:02.0: vgaarb: VGA device added: decodes=io+mem,owns=io+mem,locks=none
[    0.271885] pci 0000:00:02.0: vgaarb: bridge control possible
[    0.272218] vgaarb: loaded
[    0.272715] SCSI subsystem initialized
[    0.272956] ACPI: bus type USB registered
[    0.272956] usbcore: registered new interface driver usbfs
[    0.272956] usbcore: registered new interface driver hub
[    0.272956] usbcore: registered new device driver usb
[    0.273204] pps_core: LinuxPPS API ver. 1 registered
[    0.273497] pps_core: Software ver. 5.3.6 - Copyright 2005-2007 Rodolfo Giometti <giometti@linux.it>
[    0.274025] PTP clock support registered
[    0.274297] EDAC MC: Ver: 3.0.0
[    0.276175] NetLabel: Initializing
[    0.276380] NetLabel:  domain hash size = 128
[    0.276635] NetLabel:  protocols = UNLABELED CIPSOv4 CALIPSO
[    0.276984] NetLabel:  unlabeled traffic allowed by default
[    0.277331] PCI: Using ACPI for IRQ routing
[    0.277331] hpet0: at MMIO 0xfed00000, IRQs 2, 8, 0
[    0.277331] hpet0: 3 comparators, 64-bit 100.000000 MHz counter
[    0.280928] clocksource: Switched to clocksource kvm-clock
[    0.305518] VFS: Disk quotas dquot_6.6.0
[    0.436029] VFS: Dquot-cache hash table entries: 512 (order 0, 4096 bytes)
[    0.436573] pnp: PnP ACPI init
[    0.437794] pnp: PnP ACPI: found 6 devices
[    0.444801] clocksource: acpi_pm: mask: 0xffffff max_cycles: 0xffffff, max_idle_ns: 2085701024 ns
[    0.445501] NET: Registered PF_INET protocol family
[    0.445839] IP idents hash table entries: 32768 (order: 6, 262144 bytes, linear)
[    0.446549] tcp_listen_portaddr_hash hash table entries: 1024 (order: 2, 16384 bytes, linear)
[    0.447030] TCP established hash table entries: 16384 (order: 5, 131072 bytes, linear)
[    0.447531] TCP bind hash table entries: 16384 (order: 6, 262144 bytes, linear)
[    0.448265] TCP: Hash tables configured (established 16384 bind 16384)
[    0.448663] UDP hash table entries: 1024 (order: 3, 32768 bytes, linear)
[    0.449052] UDP-Lite hash table entries: 1024 (order: 3, 32768 bytes, linear)
[    0.449504] NET: Registered PF_UNIX/PF_LOCAL protocol family
[    0.450369] RPC: Registered named UNIX socket transport module.
[    0.450707] RPC: Registered udp transport module.
[    0.450971] RPC: Registered tcp transport module.
[    0.451234] RPC: Registered tcp NFSv4.1 backchannel transport module.
[    0.451607] pci_bus 0000:00: resource 4 [io  0x0000-0x0cf7 window]
[    0.451964] pci_bus 0000:00: resource 5 [io  0x0d00-0xffff window]
[    0.452313] pci_bus 0000:00: resource 6 [mem 0x000a0000-0x000bffff window]
[    0.452700] pci_bus 0000:00: resource 7 [mem 0x80000000-0xfebfffff window]
[    0.453101] pci_bus 0000:00: resource 8 [mem 0x100000000-0x17fffffff window]
[    0.453630] pci 0000:00:01.0: PIIX3: Enabling Passive Release
[    0.453960] pci 0000:00:00.0: Limiting direct PCI/PCI transfers
[    0.454305] pci 0000:00:01.0: Activating ISA DMA hang workarounds
[    0.454704] pci 0000:00:02.0: Video device with shadowed ROM at [mem 0x000c0000-0x000dffff]
[    0.455187] PCI: CLS 0 bytes, default 64
[    0.455420] ACPI: bus type thunderbolt registered
[    0.455876] clocksource: tsc: mask: 0xffffffffffffffff max_cycles: 0x363e8c91135, max_idle_ns: 881590568389 ns
[    2.257711] Initialise system trusted keyrings
[    2.257966] Key type blacklist registered
[    2.258226] workingset: timestamp_bits=36 max_order=19 bucket_order=0
[    2.261578] zbud: loaded
[    2.262133] squashfs: version 4.0 (2009/01/31) Phillip Lougher
[    2.262798] NFS: Registering the id_resolver key type
[    2.263072] Key type id_resolver registered
[    2.263287] Key type id_legacy registered
[    2.263519] nfs4filelayout_init: NFSv4 File Layout Driver Registering...
[    2.263852] nfs4flexfilelayout_init: NFSv4 Flexfile Layout Driver Registering...
[    2.264263] fuse: init (API version 7.35)
[    2.264553] SGI XFS with ACLs, security attributes, realtime, quota, no debug enabled
[    2.265410] 9p: Installing v9fs 9p2000 file system support
[    2.271028] Key type asymmetric registered
[    2.271254] Asymmetric key parser 'x509' registered
[    2.271539] Block layer SCSI generic (bsg) driver version 0.4 loaded (major 243)
[    2.271949] io scheduler mq-deadline registered
[    2.272211] io scheduler bfq registered
[    2.272692] shpchp: Standard Hot Plug PCI Controller Driver version: 0.4
[    2.273146] IPMI message handler: version 39.2
[    2.273383] ipmi device interface
[    2.274204] input: Power Button as /devices/LNXSYSTM:00/LNXPWRBN:00/input/input0
[    2.274630] ACPI: button: Power Button [PWRF]
[    2.275249] ERST DBG: ERST support is disabled.
[    2.275665] Serial: 8250/16550 driver, 32 ports, IRQ sharing enabled
[    2.276230] 00:04: ttyS0 at I/O 0x3f8 (irq = 4, base_baud = 115200) is a 16550A
[    2.281513] Linux agpgart interface v0.103
[    2.281941] ACPI: bus type drm_connector registered
[    2.287045] brd: module loaded
[    2.289823] loop: module loaded
[    2.291556] scsi host0: ata_piix
[    2.291928] scsi host1: ata_piix
[    2.292157] ata1: PATA max MWDMA2 cmd 0x1f0 ctl 0x3f6 bmdma 0xc040 irq 14
[    2.292509] ata2: PATA max MWDMA2 cmd 0x170 ctl 0x376 bmdma 0xc048 irq 15
[    2.293255] libphy: Fixed MDIO Bus: probed
[    2.293624] tun: Universal TUN/TAP device driver, 1.6
[    2.293932] e100: Intel(R) PRO/100 Network Driver
[    2.294176] e100: Copyright(c) 1999-2006 Intel Corporation
[    2.294479] e1000: Intel(R) PRO/1000 Network Driver
[    2.294731] e1000: Copyright (c) 1999-2006 Intel Corporation.
[    2.359455] ACPI: \_SB_.LNKC: Enabled at IRQ 11
[    2.452287] ata1.00: ATA-7: QEMU HARDDISK, 2.5+, max UDMA/100
[    2.452597] ata1.00: 16777216 sectors, multi 16: LBA48 
[    2.453010] ata1.00: Read log 0x00 page 0x00 failed, Emask 0x1
[    2.453890] scsi 0:0:0:0: Direct-Access     ATA      QEMU HARDDISK    2.5+ PQ: 0 ANSI: 5
[    2.454919] ata2.00: ATAPI: QEMU DVD-ROM, 2.5+, max UDMA/100
[    2.455405] scsi 0:0:0:0: Attached scsi generic sg0 type 0
[    2.456403] sd 0:0:0:0: [sda] 16777216 512-byte logical blocks: (8.59 GB/8.00 GiB)
[    2.456860] sd 0:0:0:0: [sda] Write Protect is off
[    2.457166] sd 0:0:0:0: [sda] Write cache: enabled, read cache: enabled, doesn't support DPO or FUA
[    2.458348] scsi 1:0:0:0: CD-ROM            QEMU     QEMU DVD-ROM     2.5+ PQ: 0 ANSI: 5
[    2.459302] scsi 1:0:0:0: Attached scsi generic sg1 type 5
[    2.492061] sd 0:0:0:0: [sda] Attached SCSI disk
[    2.677968] e1000 0000:00:03.0 eth0: (PCI:33MHz:32-bit) 52:54:00:12:34:56
[    2.678325] e1000 0000:00:03.0 eth0: Intel(R) PRO/1000 Network Connection
[    2.678733] e1000e: Intel(R) PRO/1000 Network Driver
[    2.678988] e1000e: Copyright(c) 1999 - 2015 Intel Corporation.
[    2.679327] igb: Intel(R) Gigabit Ethernet Network Driver
[    2.679605] igb: Copyright (c) 2007-2014 Intel Corporation.
[    2.679947] PPP generic driver version 2.4.2
[    2.680612] VFIO - User Level meta-driver version: 0.3
[    2.680933] ehci_hcd: USB 2.0 'Enhanced' Host Controller (EHCI) Driver
[    2.681269] ehci-pci: EHCI PCI platform driver
[    2.681510] ehci-platform: EHCI generic platform driver
[    2.681786] ohci_hcd: USB 1.1 'Open' Host Controller (OHCI) Driver
[    2.682102] ohci-pci: OHCI PCI platform driver
[    2.682342] ohci-platform: OHCI generic platform driver
[    2.682630] uhci_hcd: USB Universal Host Controller Interface driver
[    2.683237] usbcore: registered new interface driver uas
[    2.683576] usbcore: registered new interface driver usb-storage
[    2.683992] i8042: PNP: PS/2 Controller [PNP0303:KBD,PNP0f13:MOU] at 0x60,0x64 irq 1,12
[    2.685017] serio: i8042 KBD port at 0x60,0x64 irq 1
[    2.685285] serio: i8042 AUX port at 0x60,0x64 irq 12
[    2.685784] mousedev: PS/2 mouse device common for all mice
[    2.686416] input: AT Translated Set 2 keyboard as /devices/platform/i8042/serio0/input/input1
[    2.687079] rtc_cmos 00:05: RTC can wake from S4
[    2.687938] input: VirtualPS/2 VMware VMMouse as /devices/platform/i8042/serio1/input/input4
[    2.688474] rtc_cmos 00:05: registered as rtc0
[    2.688765] rtc_cmos 00:05: setting system clock to 2022-12-07T02:10:47 UTC (1670379047)
[    2.689300] rtc_cmos 00:05: alarms up to one day, y3k, 242 bytes nvram, hpet irqs
[    2.689739] i2c_dev: i2c /dev entries driver
[    2.690002] device-mapper: core: CONFIG_IMA_DISABLE_HTABLE is disabled. Duplicate IMA measurements will not be recorded in the IMA log.
[    2.690732] device-mapper: uevent: version 1.0.3
[    2.691142] device-mapper: ioctl: 4.45.0-ioctl (2021-03-22) initialised: dm-devel@redhat.com
[    2.691625] intel_pstate: CPU model not supported
[    2.691971] sdhci: Secure Digital Host Controller Interface driver
[    2.692324] sdhci: Copyright(c) Pierre Ossman
[    2.692622] sdhci-pltfm: SDHCI platform and OF driver helper
[    2.693023] input: VirtualPS/2 VMware VMMouse as /devices/platform/i8042/serio1/input/input3
[    2.693575] ledtrig-cpu: registered to indicate activity on CPUs
[    2.694091] drop_monitor: Initializing network drop monitor service
[    2.694689] NET: Registered PF_INET6 protocol family
[    2.695724] Segment Routing with IPv6
[    2.695974] In-situ OAM (IOAM) with IPv6
[    2.696220] NET: Registered PF_PACKET protocol family
[    2.696637] 9pnet: Installing 9P2000 support
[    2.696914] Key type dns_resolver registered
[    2.697558] IPI shorthand broadcast: enabled
[    2.697826] sched_clock: Marking stable (2691839526, 5566280)->(2965404254, -267998448)
[    2.698476] registered taskstats version 1
[    2.698746] Loading compiled-in X.509 certificates
[    2.699129] zswap: loaded using pool lzo/zbud
[    2.699597] Key type ._fscrypt registered
[    2.699831] Key type .fscrypt registered
[    2.700065] Key type fscrypt-provisioning registered
[    2.700669] Key type encrypted registered
[    2.700915] ima: No TPM chip found, activating TPM-bypass!
[    2.701229] ima: Allocated hash algorithm: sha1
[    2.701493] ima: No architecture policies found
[    2.701763] evm: Initialising EVM extended attributes:
[    2.702054] evm: security.selinux
[    2.702244] evm: security.SMACK64
[    2.702434] evm: security.SMACK64EXEC
[    2.702644] evm: security.SMACK64TRANSMUTE
[    2.702876] evm: security.SMACK64MMAP
[    2.703100] evm: security.apparmor
[    2.703310] evm: security.ima
[    2.703481] evm: security.capability
[    2.703686] evm: HMAC attrs: 0x1
[    2.705616] PM:   Magic number: 2:388:156
[    2.705881] bdi 1:8: hash matches
[    2.706263] RAS: Correctable Errors collector initialized.
[    2.706757] md: Waiting for all devices to be available before autodetect
[    2.707138] md: If you don't use raid, use raid=noautodetect
[    2.707456] md: Autodetecting RAID arrays.
[    2.707688] md: autorun ...
[    2.707849] md: ... autorun DONE.
[    2.721269] EXT4-fs (sda): INFO: recovery required on readonly filesystem
[    2.721632] EXT4-fs (sda): write access will be enabled during recovery
[    2.749808] random: fast init done
[    2.754426] EXT4-fs (sda): recovery complete
[    2.755986] EXT4-fs (sda): mounted filesystem with ordered data mode. Opts: (null). Quota mode: none.
[    2.756525] VFS: Mounted root (ext4 filesystem) readonly on device 8:0.
[    2.761127] devtmpfs: mounted
[    2.773705] Freeing unused decrypted memory: 2036K
[    2.775211] Freeing unused kernel image (initmem) memory: 3144K
[    2.775521] Write protecting the kernel read-only data: 38912k
[    2.777658] Freeing unused kernel image (text/rodata gap) memory: 2028K
[    2.778443] Freeing unused kernel image (rodata/data gap) memory: 600K
[    2.849497] x86/mm: Checked W+X mappings: passed, no W+X pages found.
[    2.849849] Run /sbin/init as init process
[    2.906369] systemd[1]: RTC configured in localtime, applying delta of 0 minutes to system time.
[    2.920040] systemd[1]: systemd 239 (239-49.el8) running in system mode. (+PAM +AUDIT +SELINUX +IMA -APPARMOR +SMACK +SYSVINIT +UTMP +LIBCRYPTSETUP +GCRYPT +GNUTLS +ACL +XZ +LZ4 +SECCOMP +BLKID +ELFUTILS +KMOD +IDN2 -IDN +PCRE2 default-hierarchy=legacy)
[    2.921335] systemd[1]: Detected virtualization kvm.
[    2.921623] systemd[1]: Detected architecture x86-64.

Welcome to [0;31mCentOS Stream 8[0m!

[    2.957211] systemd[1]: Set hostname to <test>.
[    3.025809] random: lvmconfig: uninitialized urandom read (4 bytes read)
[    3.102584] random: systemd: uninitialized urandom read (16 bytes read)
[    3.103054] systemd[1]: Listening on udev Kernel Socket.
[[0;32m  OK  [0m] Listening on udev Kernel Socket.
[    3.103724] random: systemd: uninitialized urandom read (16 bytes read)
[    3.104126] systemd[1]: Reached target Swap.
[[0;32m  OK  [0m] Reached target Swap.
[    3.104687] systemd[1]: Listening on udev Control Socket.
[[0;32m  OK  [0m] Listening on udev Control Socket.
[    3.108204] systemd[1]: Listening on Process Core Dump Socket.
[[0;32m  OK  [0m] Listening on Process Core Dump Socket.
[    3.108964] systemd[1]: Listening on multipathd control socket.
[[0;32m  OK  [0m] Listening on multipathd control socket.
[    3.109690] systemd[1]: Listening on LVM2 poll daemon socket.
[[0;32m  OK  [0m] Listening on LVM2 poll daemon socket.
[[0;32m  OK  [0m] Created slice User and Session Slice.
[[0;32m  OK  [0m] Reached target Slices.
[[0;32m  OK  [0m] Listening on initctl Compatibility Named Pipe.
[[0;32m  OK  [0m] Listening on Journal Socket.
         Mounting POSIX Message Queue File System...
         Mounting Huge Pages File System...
         Starting Load Kernel Modules...
         Starting Setup Virtual Console...
         Mounting Kernel Debug File System...
[[0;32m  OK  [0m] Created slice system-serial\x2dgetty.slice.
[[0;32m  OK  [0m] Listening on RPCbind Server Activation Socket.
[[0;32m  OK  [0m] Started Forward Password Requests to Wall Directory Watch.
         Starting udev Coldplug all Devices...
[[0;32m  OK  [0m] Reached target RPC Port Mapper.
[[0;32m  OK  [0m] Set up automount Arbitrary Executabâ€¦rmats File System Automount Point.
[[0;32m  OK  [0m] Listening on Journal Socket (/dev/log).
         Starting Journal Service...
[[0;32m  OK  [0m] Created slice system-sshd\x2dkeygen.slice.
         Starting Remount Root and Kernel File Systems...
[[0;32m  OK  [0m] Listening on Device-mapper event daemon FIFOs.
         Starting Monitoring of LVM2 mirrorsâ€¦ng dmeventd or progress polling...
[[0;32m  OK  [0m] Created slice system-getty.slice.
[[0;32m  OK  [0m] Mounted POSIX Message Queue File System.
[[0;32m  OK  [0m] Mounted Huge Pages File System.
[[0;1;31mFAILED[0m] Failed to start Load Kernel Modules.
See 'systemctl status systemd-modules-load.service' for details.
[[0;32m  OK  [0m] Mounted Kernel Debug File System.
         Starting Apply Kernel Variables...
         Mounting Kernel Configuration File System...
         Mounting FUSE Control File System...
[[0;32m  OK  [0m] Started Journal Service.
[[0;32m  OK  [0m] Mounted Kernel Configuration File System.
[    3.298937] EXT4-fs (sda): re-mounted. Opts: (null). Quota mode: none.
[[0;32m  OK  [0m] Started Apply Kernel Variables.
[[0;32m  OK  [0m] Started Remount Root and Kernel File Systems.
[[0;32m  OK  [0m] Started udev Coldplug all Devices.
[[0;32m  OK  [0m] Mounted FUSE Control File System.
         Starting udev Wait for Complete Device Initialization...
         Starting Load/Save Random Seed...
         Starting Flush Journal to Persistent Storage...
         Starting Create Static Device Nodes in /dev...
[[0;32m  OK  [0m] Started Setup Virtual Console.
[[0;32m  OK  [0m] Started Load/Save Random Seed.
[[0;32m  OK  [0m] Started Flush Journal to Persistent Storage.
[[0;32m  OK  [0m] Started Create Static Device Nodes in /dev.
         Starting udev Kernel Device Manager...
[[0;32m  OK  [0m] Started udev Kernel Device Manager.
         Starting Show Plymouth Boot Screen...
[[0;32m  OK  [0m] Started Show Plymouth Boot Screen.
[[0;32m  OK  [0m] Started Forward Password Requests to Plymouth Directory Watch.
[[0;32m  OK  [0m] Reached target Local Encrypted Volumes.
[[0;32m  OK  [0m] Reached target Paths.
[[0;32m  OK  [0m] Found device /dev/ttyS0.
[[0;32m  OK  [0m] Started Monitoring of LVM2 mirrors,â€¦sing dmeventd or progress polling.
[[0;32m  OK  [0m] Listening on Load/Save RF Kill Switch Status /dev/rfkill Watch.
[[0;32m  OK  [0m] Started udev Wait for Complete Device Initialization.
[[0;32m  OK  [0m] Reached target Local File Systems (Pre).
[[0;32m  OK  [0m] Reached target Local File Systems.
         Starting Tell Plymouth To Write Out Runtime Data...
         Starting Restore /run/initramfs on shutdown...
         Starting Create Volatile Files and Directories...
[[0;32m  OK  [0m] Started Restore /run/initramfs on shutdown.
[[0;32m  OK  [0m] Started Tell Plymouth To Write Out Runtime Data.
[[0;32m  OK  [0m] Started Create Volatile Files and Directories.
         Starting RPC Bind...
         Mounting RPC Pipe File System...
         Starting Security Auditing Service...
[[0;32m  OK  [0m] Mounted RPC Pipe File System.
[[0;32m  OK  [0m] Reached target rpc_pipefs.target.
[[0;32m  OK  [0m] Started RPC Bind.
[[0;32m  OK  [0m] Started Security Auditing Service.
         Starting Update UTMP about System Boot/Shutdown...
[[0;32m  OK  [0m] Started Update UTMP about System Boot/Shutdown.
[[0;32m  OK  [0m] Reached target System Initialization.
[[0;32m  OK  [0m] Started daily update of the root trust anchor for DNSSEC.
[[0;32m  OK  [0m] Started Daily Cleanup of Temporary Directories.
[[0;32m  OK  [0m] Listening on D-Bus System Message Bus Socket.
[[0;32m  OK  [0m] Listening on SSSD Kerberos Cache Manager responder socket.
[[0;32m  OK  [0m] Reached target Sockets.
[[0;32m  OK  [0m] Reached target Basic System.
         Starting Login Service...
         Starting Auto-connect to subsystemsâ€¦-NVME devices found during boot...
         Starting Authorization Manager...
[[0;32m  OK  [0m] Started irqbalance daemon.
[[0;32m  OK  [0m] Started D-Bus System Message Bus.
         Starting NTP client/server...
         Starting Network Manager...
         Starting Self Monitoring and Reporting Technology (SMART) Daemon...
[[0;32m  OK  [0m] Started Machine Check Exception Logging Daemon.
[[0;32m  OK  [0m] Reached target sshd-keygen.target.
[[0;32m  OK  [0m] Started dnf makecache --timer.
[[0;32m  OK  [0m] Reached target Timers.
[[0;32m  OK  [0m] Started Auto-connect to subsystems â€¦FC-NVME devices found during boot.
[[0;32m  OK  [0m] Started Login Service.
[[0;32m  OK  [0m] Started Self Monitoring and Reporting Technology (SMART) Daemon.
[[0;32m  OK  [0m] Started NTP client/server.
[[0;32m  OK  [0m] Started Network Manager.
[[0;32m  OK  [0m] Reached target Network.
         Starting Dynamic System Tuning Daemon...
         Starting GSSAPI Proxy Daemon...
         Starting OpenSSH server daemon...
         Starting Network Manager Wait Online...
         Starting Hostname Service...
[[0;32m  OK  [0m] Started Authorization Manager.
[[0;32m  OK  [0m] Started Hostname Service.
         Starting Network Manager Script Dispatcher Service...
[[0;32m  OK  [0m] Started Network Manager Script Dispatcher Service.
[    4.111942] e1000: eth0 NIC Link is Up 1000 Mbps Full Duplex, Flow Control: RX
[    4.112635] IPv6: ADDRCONF(NETDEV_CHANGE): eth0: link becomes ready
[[0;32m  OK  [0m] Started Dynamic System Tuning Daemon.
[[0;32m  OK  [0m] Started Network Manager Wait Online.
[[0;32m  OK  [0m] Reached target Network is Online.
         Starting Notify NFS peers of a restart...
         Starting System Logging Service...
[[0;32m  OK  [0m] Started Notify NFS peers of a restart.
[[0;32m  OK  [0m] Started System Logging Service.
[    5.363894] random: crng init done
[    5.364131] random: 7 urandom warning(s) missed due to ratelimiting
[[0;32m  OK  [0m] Started OpenSSH server daemon.
[[0;32m  OK  [0m] Started GSSAPI Proxy Daemon.
[[0;32m  OK  [0m] Reached target NFS client services.
[[0;32m  OK  [0m] Reached target Remote File Systems (Pre).
[[0;32m  OK  [0m] Reached target Remote File Systems.
         Starting Permit User Sessions...
[[0;32m  OK  [0m] Started Permit User Sessions.
[[0;32m  OK  [0m] Started Command Scheduler.
         Starting Terminate Plymouth Boot Screen...
         Starting Hold until boot process finishes up...

CentOS Stream 8
Kernel 5.16.0-rc5-f2b551fad8d8+ on an x86_64

test login: [   27.482388] loop0: detected capacity change from 0 to 1024
[   27.482884] =======================================================
[   27.482884] WARNING: The mand mount option has been deprecated and
[   27.482884]          and is ignored by this kernel. Remove the mand
[   27.482884]          option from the mount to silence this warning.
[   27.482884] =======================================================
[   27.485372] EXT4-fs (loop0): Ignoring removed bh option
[   27.485743] EXT4-fs (loop0): Journaled quota options ignored when QUOTA feature is enabled
[   27.486297] EXT4-fs (loop0): Quota format mount options ignored when QUOTA feature is enabled
[   27.486883] EXT4-fs (loop0): Unrecognized mount option "nolazytime=errors=continue" or missing value
[   27.507392] loop0: detected capacity change from 0 to 1024
[   27.507993] EXT4-fs (loop0): Ignoring removed bh option
[   27.508361] EXT4-fs (loop0): Journaled quota options ignored when QUOTA feature is enabled
[   27.509080] EXT4-fs (loop0): Quota format mount options ignored when QUOTA feature is enabled
[   27.509959] EXT4-fs (loop0): Unrecognized mount option "nolazytime=errors=continue" or missing value
[   27.532382] loop0: detected capacity change from 0 to 1024
[   27.533772] EXT4-fs (loop0): Ignoring removed bh option
[   27.534336] EXT4-fs (loop0): Journaled quota options ignored when QUOTA feature is enabled
[   27.535186] EXT4-fs (loop0): Quota format mount options ignored when QUOTA feature is enabled
[   27.536078] EXT4-fs (loop0): Unrecognized mount option "nolazytime=errors=continue" or missing value
[   27.556258] loop0: detected capacity change from 0 to 1024
[   27.557119] EXT4-fs (loop0): Ignoring removed bh option
[   27.557416] EXT4-fs (loop0): Journaled quota options ignored when QUOTA feature is enabled
[   27.557860] EXT4-fs (loop0): Quota format mount options ignored when QUOTA feature is enabled
[   27.558329] EXT4-fs (loop0): Unrecognized mount option "nolazytime=errors=continue" or missing value
[   27.568569] loop0: detected capacity change from 0 to 1024
[   27.569146] EXT4-fs (loop0): Ignoring removed bh option
[   27.569511] EXT4-fs (loop0): Journaled quota options ignored when QUOTA feature is enabled
[   27.570064] EXT4-fs (loop0): Quota format mount options ignored when QUOTA feature is enabled
[   27.570631] EXT4-fs (loop0): Unrecognized mount option "nolazytime=errors=continue" or missing value
[   27.583154] loop0: detected capacity change from 0 to 1024
[   27.583627] EXT4-fs (loop0): Ignoring removed bh option
[   27.583996] EXT4-fs (loop0): Journaled quota options ignored when QUOTA feature is enabled
[   27.584545] EXT4-fs (loop0): Quota format mount options ignored when QUOTA feature is enabled
[   27.585294] EXT4-fs (loop0): Unrecognized mount option "nolazytime=errors=continue" or missing value
[   27.613291] loop0: detected capacity change from 0 to 1024
[   27.613799] EXT4-fs (loop0): Ignoring removed bh option
[   27.614159] EXT4-fs (loop0): Journaled quota options ignored when QUOTA feature is enabled
[   27.614727] EXT4-fs (loop0): Quota format mount options ignored when QUOTA feature is enabled
[   27.615296] EXT4-fs (loop0): Unrecognized mount option "nolazytime=errors=continue" or missing value
[   27.636218] loop0: detected capacity change from 0 to 1024
[   27.636692] EXT4-fs (loop0): Ignoring removed bh option
[   27.637115] EXT4-fs (loop0): Journaled quota options ignored when QUOTA feature is enabled
[   27.637665] EXT4-fs (loop0): Quota format mount options ignored when QUOTA feature is enabled
[   27.638233] EXT4-fs (loop0): Unrecognized mount option "nolazytime=errors=continue" or missing value
[   27.655341] loop0: detected capacity change from 0 to 1024
[   27.655865] EXT4-fs (loop0): Ignoring removed bh option
[   27.656284] EXT4-fs (loop0): Journaled quota options ignored when QUOTA feature is enabled
[   27.656919] EXT4-fs (loop0): Quota format mount options ignored when QUOTA feature is enabled
[   27.657497] EXT4-fs (loop0): Unrecognized mount option "nolazytime=errors=continue" or missing value
[   27.688126] loop0: detected capacity change from 0 to 1024
[   27.688617] EXT4-fs (loop0): Ignoring removed bh option
[   27.688945] EXT4-fs (loop0): Journaled quota options ignored when QUOTA feature is enabled
[   27.689384] EXT4-fs (loop0): Quota format mount options ignored when QUOTA feature is enabled
[   27.689829] EXT4-fs (loop0): Unrecognized mount option "nolazytime=errors=continue" or missing value
[   27.708252] loop0: detected capacity change from 0 to 1024
[   27.711375] EXT4-fs (loop0): Ignoring removed bh option
[   27.711664] EXT4-fs (loop0): Journaled quota options ignored when QUOTA feature is enabled
[   27.712106] EXT4-fs (loop0): Quota format mount options ignored when QUOTA feature is enabled
[   27.712551] EXT4-fs (loop0): Unrecognized mount option "nolazytime=errors=continue" or missing value
[   27.730896] loop0: detected capacity change from 0 to 1024
[   27.733304] EXT4-fs (loop0): Ignoring removed bh option
[   27.733629] EXT4-fs (loop0): Journaled quota options ignored when QUOTA feature is enabled
[   27.734111] EXT4-fs (loop0): Quota format mount options ignored when QUOTA feature is enabled
[   27.734607] EXT4-fs (loop0): Unrecognized mount option "nolazytime=errors=continue" or missing value
[   27.754924] loop0: detected capacity change from 0 to 1024
[   27.755449] EXT4-fs (loop0): Ignoring removed bh option
[   27.755771] EXT4-fs (loop0): Journaled quota options ignored when QUOTA feature is enabled
[   27.756236] EXT4-fs (loop0): Quota format mount options ignored when QUOTA feature is enabled
[   27.756683] EXT4-fs (loop0): Unrecognized mount option "nolazytime=errors=continue" or missing value
[   27.772258] loop0: detected capacity change from 0 to 1024
[   27.775734] EXT4-fs (loop0): Ignoring removed bh option
[   27.776067] EXT4-fs (loop0): Journaled quota options ignored when QUOTA feature is enabled
[   27.776551] EXT4-fs (loop0): Quota format mount options ignored when QUOTA feature is enabled
[   27.777060] EXT4-fs (loop0): Unrecognized mount option "nolazytime=errors=continue" or missing value
[   27.794934] loop0: detected capacity change from 0 to 1024
[   27.795455] EXT4-fs (loop0): Ignoring removed bh option
[   27.795778] EXT4-fs (loop0): Journaled quota options ignored when QUOTA feature is enabled
[   27.796241] EXT4-fs (loop0): Quota format mount options ignored when QUOTA feature is enabled
[   27.796688] EXT4-fs (loop0): Unrecognized mount option "nolazytime=errors=continue" or missing value
[   27.812253] loop0: detected capacity change from 0 to 1024
[   27.815695] EXT4-fs (loop0): Ignoring removed bh option
[   27.816029] EXT4-fs (loop0): Journaled quota options ignored when QUOTA feature is enabled
[   27.816510] EXT4-fs (loop0): Quota format mount options ignored when QUOTA feature is enabled
[   27.817021] EXT4-fs (loop0): Unrecognized mount option "nolazytime=errors=continue" or missing value
[   27.834944] loop0: detected capacity change from 0 to 1024
[   27.835475] EXT4-fs (loop0): Ignoring removed bh option
[   27.835797] EXT4-fs (loop0): Journaled quota options ignored when QUOTA feature is enabled
[   27.836256] EXT4-fs (loop0): Quota format mount options ignored when QUOTA feature is enabled
[   27.836703] EXT4-fs (loop0): Unrecognized mount option "nolazytime=errors=continue" or missing value
[   27.852201] loop0: detected capacity change from 0 to 1024
[   27.855640] EXT4-fs (loop0): Ignoring removed bh option
[   27.855974] EXT4-fs (loop0): Journaled quota options ignored when QUOTA feature is enabled
[   27.856456] EXT4-fs (loop0): Quota format mount options ignored when QUOTA feature is enabled
[   27.856963] EXT4-fs (loop0): Unrecognized mount option "nolazytime=errors=continue" or missing value
[   27.878846] loop0: detected capacity change from 0 to 1024
[   27.879320] EXT4-fs (loop0): Ignoring removed bh option
[   27.879634] EXT4-fs (loop0): Journaled quota options ignored when QUOTA feature is enabled
[   27.880124] EXT4-fs (loop0): Quota format mount options ignored when QUOTA feature is enabled
[   27.880619] EXT4-fs (loop0): Unrecognized mount option "nolazytime=errors=continue" or missing value
[   27.904233] loop0: detected capacity change from 0 to 1024
[   27.904950] EXT4-fs (loop0): Ignoring removed bh option
[   27.905275] EXT4-fs (loop0): Journaled quota options ignored when QUOTA feature is enabled
[   27.905761] EXT4-fs (loop0): Quota format mount options ignored when QUOTA feature is enabled
[   27.906258] EXT4-fs (loop0): Unrecognized mount option "nolazytime=errors=continue" or missing value
[   27.920239] loop0: detected capacity change from 0 to 1024
[   27.920943] EXT4-fs (loop0): Ignoring removed bh option
[   27.921265] EXT4-fs (loop0): Journaled quota options ignored when QUOTA feature is enabled
[   27.921697] EXT4-fs (loop0): Quota format mount options ignored when QUOTA feature is enabled
[   27.922142] EXT4-fs (loop0): Unrecognized mount option "nolazytime=errors=continue" or missing value
[   27.936220] loop0: detected capacity change from 0 to 1024
[   27.936760] EXT4-fs (loop0): Ignoring removed bh option
[   27.937095] EXT4-fs (loop0): Journaled quota options ignored when QUOTA feature is enabled
[   27.937526] EXT4-fs (loop0): Quota format mount options ignored when QUOTA feature is enabled
[   27.937969] EXT4-fs (loop0): Unrecognized mount option "nolazytime=errors=continue" or missing value
[   27.952220] loop0: detected capacity change from 0 to 1024
[   27.952765] EXT4-fs (loop0): Ignoring removed bh option
[   27.953111] EXT4-fs (loop0): Journaled quota options ignored when QUOTA feature is enabled
[   27.953595] EXT4-fs (loop0): Quota format mount options ignored when QUOTA feature is enabled
[   27.954090] EXT4-fs (loop0): Unrecognized mount option "nolazytime=errors=continue" or missing value
[   27.972223] loop0: detected capacity change from 0 to 1024
[   27.972790] EXT4-fs (loop0): Ignoring removed bh option
[   27.973137] EXT4-fs (loop0): Journaled quota options ignored when QUOTA feature is enabled
[   27.973619] EXT4-fs (loop0): Quota format mount options ignored when QUOTA feature is enabled
[   27.974120] EXT4-fs (loop0): Unrecognized mount option "nolazytime=errors=continue" or missing value
[   27.990738] loop0: detected capacity change from 0 to 1024
[   27.991163] EXT4-fs (loop0): Ignoring removed bh option
[   27.991477] EXT4-fs (loop0): Journaled quota options ignored when QUOTA feature is enabled
[   27.991969] EXT4-fs (loop0): Quota format mount options ignored when QUOTA feature is enabled
[   27.992465] EXT4-fs (loop0): Unrecognized mount option "nolazytime=errors=continue" or missing value
[   28.018878] loop0: detected capacity change from 0 to 1024
[   28.019360] EXT4-fs (loop0): Ignoring removed bh option
[   28.019673] EXT4-fs (loop0): Journaled quota options ignored when QUOTA feature is enabled
[   28.020168] EXT4-fs (loop0): Quota format mount options ignored when QUOTA feature is enabled
[   28.020664] EXT4-fs (loop0): Unrecognized mount option "nolazytime=errors=continue" or missing value
[   28.044134] loop0: detected capacity change from 0 to 1024
[   28.044708] EXT4-fs (loop0): Ignoring removed bh option
[   28.045054] EXT4-fs (loop0): Journaled quota options ignored when QUOTA feature is enabled
[   28.045537] EXT4-fs (loop0): Quota format mount options ignored when QUOTA feature is enabled
[   28.046034] EXT4-fs (loop0): Unrecognized mount option "nolazytime=errors=continue" or missing value
[   28.062752] loop0: detected capacity change from 0 to 1024
[   28.063195] EXT4-fs (loop0): Ignoring removed bh option
[   28.063508] EXT4-fs (loop0): Journaled quota options ignored when QUOTA feature is enabled
[   28.063999] EXT4-fs (loop0): Quota format mount options ignored when QUOTA feature is enabled
[   28.064494] EXT4-fs (loop0): Unrecognized mount option "nolazytime=errors=continue" or missing value
[   28.098415] loop0: detected capacity change from 0 to 1024
[   28.098864] EXT4-fs (loop0): Ignoring removed bh option
[   28.099177] EXT4-fs (loop0): Journaled quota options ignored when QUOTA feature is enabled
[   28.099659] EXT4-fs (loop0): Quota format mount options ignored when QUOTA feature is enabled
[   28.100169] EXT4-fs (loop0): Unrecognized mount option "nolazytime=errors=continue" or missing value
[   28.130911] loop0: detected capacity change from 0 to 1024
[   28.131405] EXT4-fs (loop0): Ignoring removed bh option
[   28.131725] EXT4-fs (loop0): Journaled quota options ignored when QUOTA feature is enabled
[   28.132195] EXT4-fs (loop0): Quota format mount options ignored when QUOTA feature is enabled
[   28.132694] EXT4-fs (loop0): Unrecognized mount option "nolazytime=errors=continue" or missing value
[   28.157157] loop0: detected capacity change from 0 to 1024
[   28.157719] EXT4-fs (loop0): Ignoring removed bh option
[   28.158053] EXT4-fs (loop0): Journaled quota options ignored when QUOTA feature is enabled
[   28.158551] EXT4-fs (loop0): Quota format mount options ignored when QUOTA feature is enabled
[   28.159061] EXT4-fs (loop0): Unrecognized mount option "nolazytime=errors=continue" or missing value
[   28.176214] loop0: detected capacity change from 0 to 1024
[   28.179688] EXT4-fs (loop0): Ignoring removed bh option
[   28.180029] EXT4-fs (loop0): Journaled quota options ignored when QUOTA feature is enabled
[   28.180525] EXT4-fs (loop0): Quota format mount options ignored when QUOTA feature is enabled
[   28.181044] EXT4-fs (loop0): Unrecognized mount option "nolazytime=errors=continue" or missing value
[   28.192592] loop0: detected capacity change from 0 to 1024
[   28.193056] EXT4-fs (loop0): Ignoring removed bh option
[   28.193380] EXT4-fs (loop0): Journaled quota options ignored when QUOTA feature is enabled
[   28.193889] EXT4-fs (loop0): Quota format mount options ignored when QUOTA feature is enabled
[   28.194399] EXT4-fs (loop0): Unrecognized mount option "nolazytime=errors=continue" or missing value
[   28.207225] loop0: detected capacity change from 0 to 1024
[   28.207679] EXT4-fs (loop0): Ignoring removed bh option
[   28.208010] EXT4-fs (loop0): Journaled quota options ignored when QUOTA feature is enabled
[   28.208505] EXT4-fs (loop0): Quota format mount options ignored when QUOTA feature is enabled
[   28.209025] EXT4-fs (loop0): Unrecognized mount option "nolazytime=errors=continue" or missing value
[   28.228296] loop0: detected capacity change from 0 to 1024
[   28.229099] EXT4-fs (loop0): Ignoring removed bh option
[   28.229436] EXT4-fs (loop0): Journaled quota options ignored when QUOTA feature is enabled
[   28.229930] EXT4-fs (loop0): Quota format mount options ignored when QUOTA feature is enabled
[   28.230458] EXT4-fs (loop0): Unrecognized mount option "nolazytime=errors=continue" or missing value
[   28.252489] loop0: detected capacity change from 0 to 1024
[   28.252947] EXT4-fs (loop0): Ignoring removed bh option
[   28.253274] EXT4-fs (loop0): Journaled quota options ignored when QUOTA feature is enabled
[   28.253772] EXT4-fs (loop0): Quota format mount options ignored when QUOTA feature is enabled
[   28.254283] EXT4-fs (loop0): Unrecognized mount option "nolazytime=errors=continue" or missing value
[   28.282992] loop0: detected capacity change from 0 to 1024
[   28.283475] EXT4-fs (loop0): Ignoring removed bh option
[   28.283799] EXT4-fs (loop0): Journaled quota options ignored when QUOTA feature is enabled
[   28.284273] EXT4-fs (loop0): Quota format mount options ignored when QUOTA feature is enabled
[   28.284785] EXT4-fs (loop0): Unrecognized mount option "nolazytime=errors=continue" or missing value
[   28.306826] loop0: detected capacity change from 0 to 1024
[   28.307360] EXT4-fs (loop0): Ignoring removed bh option
[   28.307688] EXT4-fs (loop0): Journaled quota options ignored when QUOTA feature is enabled
[   28.308198] EXT4-fs (loop0): Quota format mount options ignored when QUOTA feature is enabled
[   28.308713] EXT4-fs (loop0): Unrecognized mount option "nolazytime=errors=continue" or missing value
[   28.332233] loop0: detected capacity change from 0 to 1024
[   28.332890] EXT4-fs (loop0): Ignoring removed bh option
[   28.333232] EXT4-fs (loop0): Journaled quota options ignored when QUOTA feature is enabled
[   28.333677] EXT4-fs (loop0): Quota format mount options ignored when QUOTA feature is enabled
[   28.334136] EXT4-fs (loop0): Unrecognized mount option "nolazytime=errors=continue" or missing value
[   28.348233] loop0: detected capacity change from 0 to 1024
[   28.348862] EXT4-fs (loop0): Ignoring removed bh option
[   28.349189] EXT4-fs (loop0): Journaled quota options ignored when QUOTA feature is enabled
[   28.349634] EXT4-fs (loop0): Quota format mount options ignored when QUOTA feature is enabled
[   28.350092] EXT4-fs (loop0): Unrecognized mount option "nolazytime=errors=continue" or missing value
[   28.360208] loop0: detected capacity change from 0 to 1024
[   28.360792] EXT4-fs (loop0): Ignoring removed bh option
[   28.361135] EXT4-fs (loop0): Journaled quota options ignored when QUOTA feature is enabled
[   28.361583] EXT4-fs (loop0): Quota format mount options ignored when QUOTA feature is enabled
[   28.362042] EXT4-fs (loop0): Unrecognized mount option "nolazytime=errors=continue" or missing value
[   28.384138] loop0: detected capacity change from 0 to 1024
[   28.384707] EXT4-fs (loop0): Ignoring removed bh option
[   28.385043] EXT4-fs (loop0): Journaled quota options ignored when QUOTA feature is enabled
[   28.385499] EXT4-fs (loop0): Quota format mount options ignored when QUOTA feature is enabled
[   28.385960] EXT4-fs (loop0): Unrecognized mount option "nolazytime=errors=continue" or missing value
[   28.408229] loop0: detected capacity change from 0 to 1024
[   28.409021] EXT4-fs (loop0): Ignoring removed bh option
[   28.409353] EXT4-fs (loop0): Journaled quota options ignored when QUOTA feature is enabled
[   28.409852] EXT4-fs (loop0): Quota format mount options ignored when QUOTA feature is enabled
[   28.410365] EXT4-fs (loop0): Unrecognized mount option "nolazytime=errors=continue" or missing value
[   28.435424] loop0: detected capacity change from 0 to 1024
[   28.435999] EXT4-fs (loop0): Ignoring removed bh option
[   28.436346] EXT4-fs (loop0): Journaled quota options ignored when QUOTA feature is enabled
[   28.436850] EXT4-fs (loop0): Quota format mount options ignored when QUOTA feature is enabled
[   28.437363] EXT4-fs (loop0): Unrecognized mount option "nolazytime=errors=continue" or missing value
[   28.459577] loop0: detected capacity change from 0 to 1024
[   28.460034] EXT4-fs (loop0): Ignoring removed bh option
[   28.460358] EXT4-fs (loop0): Journaled quota options ignored when QUOTA feature is enabled
[   28.460890] EXT4-fs (loop0): Quota format mount options ignored when QUOTA feature is enabled
[   28.461359] EXT4-fs (loop0): Unrecognized mount option "nolazytime=errors=continue" or missing value
[   28.476220] loop0: detected capacity change from 0 to 1024
[   28.479602] EXT4-fs (loop0): Ignoring removed bh option
[   28.479944] EXT4-fs (loop0): Journaled quota options ignored when QUOTA feature is enabled
[   28.480439] EXT4-fs (loop0): Quota format mount options ignored when QUOTA feature is enabled
[   28.480953] EXT4-fs (loop0): Unrecognized mount option "nolazytime=errors=continue" or missing value
[   28.496293] loop0: detected capacity change from 0 to 1024
[   28.497000] EXT4-fs (loop0): Ignoring removed bh option
[   28.497325] EXT4-fs (loop0): Journaled quota options ignored when QUOTA feature is enabled
[   28.497771] EXT4-fs (loop0): Quota format mount options ignored when QUOTA feature is enabled
[   28.498230] EXT4-fs (loop0): Unrecognized mount option "nolazytime=errors=continue" or missing value
[   28.516234] loop0: detected capacity change from 0 to 1024
[   28.516757] EXT4-fs (loop0): Ignoring removed bh option
[   28.517107] EXT4-fs (loop0): Journaled quota options ignored when QUOTA feature is enabled
[   28.517558] EXT4-fs (loop0): Quota format mount options ignored when QUOTA feature is enabled
[   28.518018] EXT4-fs (loop0): Unrecognized mount option "nolazytime=errors=continue" or missing value
[   28.536234] loop0: detected capacity change from 0 to 1024
[   28.536774] EXT4-fs (loop0): Ignoring removed bh option
[   28.537123] EXT4-fs (loop0): Journaled quota options ignored when QUOTA feature is enabled
[   28.537567] EXT4-fs (loop0): Quota format mount options ignored when QUOTA feature is enabled
[   28.538025] EXT4-fs (loop0): Unrecognized mount option "nolazytime=errors=continue" or missing value
[   28.552226] loop0: detected capacity change from 0 to 1024
[   28.552741] EXT4-fs (loop0): Ignoring removed bh option
[   28.553078] EXT4-fs (loop0): Journaled quota options ignored when QUOTA feature is enabled
[   28.553536] EXT4-fs (loop0): Quota format mount options ignored when QUOTA feature is enabled
[   28.553992] EXT4-fs (loop0): Unrecognized mount option "nolazytime=errors=continue" or missing value
[   28.572230] loop0: detected capacity change from 0 to 1024
[   28.572746] EXT4-fs (loop0): Ignoring removed bh option
[   28.573076] EXT4-fs (loop0): Journaled quota options ignored when QUOTA feature is enabled
[   28.573530] EXT4-fs (loop0): Quota format mount options ignored when QUOTA feature is enabled
[   28.573989] EXT4-fs (loop0): Unrecognized mount option "nolazytime=errors=continue" or missing value
[   28.592454] loop0: detected capacity change from 0 to 1024
[   28.592920] EXT4-fs (loop0): Ignoring removed bh option
[   28.593240] EXT4-fs (loop0): Journaled quota options ignored when QUOTA feature is enabled
[   28.593687] EXT4-fs (loop0): Quota format mount options ignored when QUOTA feature is enabled
[   28.594146] EXT4-fs (loop0): Unrecognized mount option "nolazytime=errors=continue" or missing value
[   28.608164] loop0: detected capacity change from 0 to 1024
[   28.608636] EXT4-fs (loop0): Ignoring removed bh option
[   28.608941] EXT4-fs (loop0): Journaled quota options ignored when QUOTA feature is enabled
[   28.609385] EXT4-fs (loop0): Quota format mount options ignored when QUOTA feature is enabled
[   28.609847] EXT4-fs (loop0): Unrecognized mount option "nolazytime=errors=continue" or missing value
[   28.620200] loop0: detected capacity change from 0 to 1024
[   28.620662] EXT4-fs (loop0): Ignoring removed bh option
[   28.620968] EXT4-fs (loop0): Journaled quota options ignored when QUOTA feature is enabled
[   28.621413] EXT4-fs (loop0): Quota format mount options ignored when QUOTA feature is enabled
[   28.621872] EXT4-fs (loop0): Unrecognized mount option "nolazytime=errors=continue" or missing value
[   28.640160] loop0: detected capacity change from 0 to 1024
[   28.640640] EXT4-fs (loop0): Ignoring removed bh option
[   28.640939] EXT4-fs (loop0): Journaled quota options ignored when QUOTA feature is enabled
[   28.641384] EXT4-fs (loop0): Quota format mount options ignored when QUOTA feature is enabled
[   28.641842] EXT4-fs (loop0): Unrecognized mount option "nolazytime=errors=continue" or missing value
[   28.660159] loop0: detected capacity change from 0 to 1024
[   28.660635] EXT4-fs (loop0): Ignoring removed bh option
[   28.660941] EXT4-fs (loop0): Journaled quota options ignored when QUOTA feature is enabled
[   28.661391] EXT4-fs (loop0): Quota format mount options ignored when QUOTA feature is enabled
[   28.661854] EXT4-fs (loop0): Unrecognized mount option "nolazytime=errors=continue" or missing value
[   28.684198] loop0: detected capacity change from 0 to 1024
[   28.684674] EXT4-fs (loop0): Ignoring removed bh option
[   28.684987] EXT4-fs (loop0): Journaled quota options ignored when QUOTA feature is enabled
[   28.685436] EXT4-fs (loop0): Quota format mount options ignored when QUOTA feature is enabled
[   28.685899] EXT4-fs (loop0): Unrecognized mount option "nolazytime=errors=continue" or missing value
[   28.704218] loop0: detected capacity change from 0 to 1024
[   28.704692] EXT4-fs (loop0): Ignoring removed bh option
[   28.705010] EXT4-fs (loop0): Journaled quota options ignored when QUOTA feature is enabled
[   28.705457] EXT4-fs (loop0): Quota format mount options ignored when QUOTA feature is enabled
[   28.705920] EXT4-fs (loop0): Unrecognized mount option "nolazytime=errors=continue" or missing value
[   28.724164] loop0: detected capacity change from 0 to 1024
[   28.724878] EXT4-fs (loop0): Ignoring removed bh option
[   28.725179] EXT4-fs (loop0): Journaled quota options ignored when QUOTA feature is enabled
[   28.725630] EXT4-fs (loop0): Quota format mount options ignored when QUOTA feature is enabled
[   28.726093] EXT4-fs (loop0): Unrecognized mount option "nolazytime=errors=continue" or missing value
[   28.740226] loop0: detected capacity change from 0 to 1024
[   28.741000] EXT4-fs (loop0): Ignoring removed bh option
[   28.741303] EXT4-fs (loop0): Journaled quota options ignored when QUOTA feature is enabled
[   28.741757] EXT4-fs (loop0): Quota format mount options ignored when QUOTA feature is enabled
[   28.742228] EXT4-fs (loop0): Unrecognized mount option "nolazytime=errors=continue" or missing value
[   28.755694] loop0: detected capacity change from 0 to 1024
[   28.756142] EXT4-fs (loop0): Ignoring removed bh option
[   28.756436] EXT4-fs (loop0): Journaled quota options ignored when QUOTA feature is enabled
[   28.756893] EXT4-fs (loop0): Quota format mount options ignored when QUOTA feature is enabled
[   28.757402] EXT4-fs (loop0): Unrecognized mount option "nolazytime=errors=continue" or missing value
[   28.787357] loop0: detected capacity change from 0 to 1024
[   28.787857] EXT4-fs (loop0): Ignoring removed bh option
[   28.788161] EXT4-fs (loop0): Journaled quota options ignored when QUOTA feature is enabled
[   28.788591] EXT4-fs (loop0): Quota format mount options ignored when QUOTA feature is enabled
[   28.789064] EXT4-fs (loop0): Unrecognized mount option "nolazytime=errors=continue" or missing value
[   28.804219] loop0: detected capacity change from 0 to 1024
[   28.804658] EXT4-fs (loop0): Ignoring removed bh option
[   28.804985] EXT4-fs (loop0): Journaled quota options ignored when QUOTA feature is enabled
[   28.805468] EXT4-fs (loop0): Quota format mount options ignored when QUOTA feature is enabled
[   28.805962] EXT4-fs (loop0): Unrecognized mount option "nolazytime=errors=continue" or missing value
[   28.823367] loop0: detected capacity change from 0 to 1024
[   28.823806] EXT4-fs (loop0): Ignoring removed bh option
[   28.824140] EXT4-fs (loop0): Journaled quota options ignored when QUOTA feature is enabled
[   28.824622] EXT4-fs (loop0): Quota format mount options ignored when QUOTA feature is enabled
[   28.825130] EXT4-fs (loop0): Unrecognized mount option "nolazytime=errors=continue" or missing value
[   28.851772] loop0: detected capacity change from 0 to 1024
[   28.852223] EXT4-fs (loop0): Ignoring removed bh option
[   28.852539] EXT4-fs (loop0): Journaled quota options ignored when QUOTA feature is enabled
[   28.853052] EXT4-fs (loop0): Quota format mount options ignored when QUOTA feature is enabled
[   28.853547] EXT4-fs (loop0): Unrecognized mount option "nolazytime=errors=continue" or missing value
[   28.871321] loop0: detected capacity change from 0 to 1024
[   28.871785] EXT4-fs (loop0): Ignoring removed bh option
[   28.872123] EXT4-fs (loop0): Journaled quota options ignored when QUOTA feature is enabled
[   28.872607] EXT4-fs (loop0): Quota format mount options ignored when QUOTA feature is enabled
[   28.873124] EXT4-fs (loop0): Unrecognized mount option "nolazytime=errors=continue" or missing value
[   28.900042] loop0: detected capacity change from 0 to 1024
[   28.900569] EXT4-fs (loop0): Ignoring removed bh option
[   28.900911] EXT4-fs (loop0): Journaled quota options ignored when QUOTA feature is enabled
[   28.901408] EXT4-fs (loop0): Quota format mount options ignored when QUOTA feature is enabled
[   28.901916] EXT4-fs (loop0): Unrecognized mount option "nolazytime=errors=continue" or missing value
[   28.928882] loop0: detected capacity change from 0 to 1024
[   28.929434] EXT4-fs (loop0): Ignoring removed bh option
[   28.929758] EXT4-fs (loop0): Journaled quota options ignored when QUOTA feature is enabled
[   28.930241] EXT4-fs (loop0): Quota format mount options ignored when QUOTA feature is enabled
[   28.930737] EXT4-fs (loop0): Unrecognized mount option "nolazytime=errors=continue" or missing value
[   28.952241] loop0: detected capacity change from 0 to 1024
[   28.955823] EXT4-fs (loop0): Ignoring removed bh option
[   28.956159] EXT4-fs (loop0): Journaled quota options ignored when QUOTA feature is enabled
[   28.956643] EXT4-fs (loop0): Quota format mount options ignored when QUOTA feature is enabled
[   28.957121] EXT4-fs (loop0): Unrecognized mount option "nolazytime=errors=continue" or missing value
[   28.980303] loop0: detected capacity change from 0 to 1024
[   28.981047] EXT4-fs (loop0): Ignoring removed bh option
[   28.981373] EXT4-fs (loop0): Journaled quota options ignored when QUOTA feature is enabled
[   28.981856] EXT4-fs (loop0): Quota format mount options ignored when QUOTA feature is enabled
[   28.982351] EXT4-fs (loop0): Unrecognized mount option "nolazytime=errors=continue" or missing value
[   29.000146] loop0: detected capacity change from 0 to 1024
[   29.000867] EXT4-fs (loop0): Ignoring removed bh option
[   29.001169] EXT4-fs (loop0): Journaled quota options ignored when QUOTA feature is enabled
[   29.001601] EXT4-fs (loop0): Quota format mount options ignored when QUOTA feature is enabled
[   29.002046] EXT4-fs (loop0): Unrecognized mount option "nolazytime=errors=continue" or missing value
[   29.020239] loop0: detected capacity change from 0 to 1024
[   29.021123] EXT4-fs (loop0): Ignoring removed bh option
[   29.021447] EXT4-fs (loop0): Journaled quota options ignored when QUOTA feature is enabled
[   29.021933] EXT4-fs (loop0): Quota format mount options ignored when QUOTA feature is enabled
[   29.022430] EXT4-fs (loop0): Unrecognized mount option "nolazytime=errors=continue" or missing value
[   29.035220] loop0: detected capacity change from 0 to 1024
[   29.035653] EXT4-fs (loop0): Ignoring removed bh option
[   29.035979] EXT4-fs (loop0): Journaled quota options ignored when QUOTA feature is enabled
[   29.036462] EXT4-fs (loop0): Quota format mount options ignored when QUOTA feature is enabled
[   29.036971] EXT4-fs (loop0): Unrecognized mount option "nolazytime=errors=continue" or missing value
[   29.060227] loop0: detected capacity change from 0 to 1024
[   29.060838] EXT4-fs (loop0): Ignoring removed bh option
[   29.061161] EXT4-fs (loop0): Journaled quota options ignored when QUOTA feature is enabled
[   29.061645] EXT4-fs (loop0): Quota format mount options ignored when QUOTA feature is enabled
[   29.062145] EXT4-fs (loop0): Unrecognized mount option "nolazytime=errors=continue" or missing value
[   29.094772] loop0: detected capacity change from 0 to 1024
[   29.095213] EXT4-fs (loop0): Ignoring removed bh option
[   29.095528] EXT4-fs (loop0): Journaled quota options ignored when QUOTA feature is enabled
[   29.096020] EXT4-fs (loop0): Quota format mount options ignored when QUOTA feature is enabled
[   29.096517] EXT4-fs (loop0): Unrecognized mount option "nolazytime=errors=continue" or missing value
[   29.122875] loop0: detected capacity change from 0 to 1024
[   29.123321] EXT4-fs (loop0): Ignoring removed bh option
[   29.123637] EXT4-fs (loop0): Journaled quota options ignored when QUOTA feature is enabled
[   29.124131] EXT4-fs (loop0): Quota format mount options ignored when QUOTA feature is enabled
[   29.124637] EXT4-fs (loop0): Unrecognized mount option "nolazytime=errors=continue" or missing value
[   29.140205] loop0: detected capacity change from 0 to 1024
[   29.143596] EXT4-fs (loop0): Ignoring removed bh option
[   29.143931] EXT4-fs (loop0): Journaled quota options ignored when QUOTA feature is enabled
[   29.144414] EXT4-fs (loop0): Quota format mount options ignored when QUOTA feature is enabled
[   29.144919] EXT4-fs (loop0): Unrecognized mount option "nolazytime=errors=continue" or missing value
[   29.168253] loop0: detected capacity change from 0 to 1024
[   29.168867] EXT4-fs (loop0): Ignoring removed bh option
[   29.169189] EXT4-fs (loop0): Journaled quota options ignored when QUOTA feature is enabled
[   29.169673] EXT4-fs (loop0): Quota format mount options ignored when QUOTA feature is enabled
[   29.170171] EXT4-fs (loop0): Unrecognized mount option "nolazytime=errors=continue" or missing value
[   29.190782] loop0: detected capacity change from 0 to 1024
[   29.191222] EXT4-fs (loop0): Ignoring removed bh option
[   29.191535] EXT4-fs (loop0): Journaled quota options ignored when QUOTA feature is enabled
[   29.192028] EXT4-fs (loop0): Quota format mount options ignored when QUOTA feature is enabled
[   29.192523] EXT4-fs (loop0): Unrecognized mount option "nolazytime=errors=continue" or missing value
[   29.216162] loop0: detected capacity change from 0 to 1024
[   29.216731] EXT4-fs (loop0): Ignoring removed bh option
[   29.217073] EXT4-fs (loop0): Journaled quota options ignored when QUOTA feature is enabled
[   29.217561] EXT4-fs (loop0): Quota format mount options ignored when QUOTA feature is enabled
[   29.218023] EXT4-fs (loop0): Unrecognized mount option "nolazytime=errors=continue" or missing value
[   29.232229] loop0: detected capacity change from 0 to 1024
[   29.232797] EXT4-fs (loop0): Ignoring removed bh option
[   29.233127] EXT4-fs (loop0): Journaled quota options ignored when QUOTA feature is enabled
[   29.233625] EXT4-fs (loop0): Quota format mount options ignored when QUOTA feature is enabled
[   29.234137] EXT4-fs (loop0): Unrecognized mount option "nolazytime=errors=continue" or missing value
[   29.252238] loop0: detected capacity change from 0 to 1024
[   29.252845] EXT4-fs (loop0): Ignoring removed bh option
[   29.253179] EXT4-fs (loop0): Journaled quota options ignored when QUOTA feature is enabled
[   29.253677] EXT4-fs (loop0): Quota format mount options ignored when QUOTA feature is enabled
[   29.254189] EXT4-fs (loop0): Unrecognized mount option "nolazytime=errors=continue" or missing value
[   29.272236] loop0: detected capacity change from 0 to 1024
[   29.272808] EXT4-fs (loop0): Ignoring removed bh option
[   29.273164] EXT4-fs (loop0): Journaled quota options ignored when QUOTA feature is enabled
[   29.273610] EXT4-fs (loop0): Quota format mount options ignored when QUOTA feature is enabled
[   29.274069] EXT4-fs (loop0): Unrecognized mount option "nolazytime=errors=continue" or missing value
[   29.292375] loop0: detected capacity change from 0 to 1024
[   29.292868] EXT4-fs (loop0): Ignoring removed bh option
[   29.293188] EXT4-fs (loop0): Journaled quota options ignored when QUOTA feature is enabled
[   29.293640] EXT4-fs (loop0): Quota format mount options ignored when QUOTA feature is enabled
[   29.294097] EXT4-fs (loop0): Unrecognized mount option "nolazytime=errors=continue" or missing value
[   29.316412] loop0: detected capacity change from 0 to 1024
[   29.317055] EXT4-fs (loop0): Ignoring removed bh option
[   29.317359] EXT4-fs (loop0): Journaled quota options ignored when QUOTA feature is enabled
[   29.317807] EXT4-fs (loop0): Quota format mount options ignored when QUOTA feature is enabled
[   29.318270] EXT4-fs (loop0): Unrecognized mount option "nolazytime=errors=continue" or missing value
[   29.336165] loop0: detected capacity change from 0 to 1024
[   29.336682] EXT4-fs (loop0): Ignoring removed bh option
[   29.336996] EXT4-fs (loop0): Journaled quota options ignored when QUOTA feature is enabled
[   29.337445] EXT4-fs (loop0): Quota format mount options ignored when QUOTA feature is enabled
[   29.337909] EXT4-fs (loop0): Unrecognized mount option "nolazytime=errors=continue" or missing value
[   29.352058] loop0: detected capacity change from 0 to 1024
[   29.352570] EXT4-fs (loop0): Ignoring removed bh option
[   29.352890] EXT4-fs (loop0): Journaled quota options ignored when QUOTA feature is enabled
[   29.353339] EXT4-fs (loop0): Quota format mount options ignored when QUOTA feature is enabled
[   29.353801] EXT4-fs (loop0): Unrecognized mount option "nolazytime=errors=continue" or missing value
[   29.372239] loop0: detected capacity change from 0 to 1024
[   29.372736] EXT4-fs (loop0): Ignoring removed bh option
[   29.373054] EXT4-fs (loop0): Journaled quota options ignored when QUOTA feature is enabled
[   29.373505] EXT4-fs (loop0): Quota format mount options ignored when QUOTA feature is enabled
[   29.373969] EXT4-fs (loop0): Unrecognized mount option "nolazytime=errors=continue" or missing value
[   29.392190] loop0: detected capacity change from 0 to 1024
[   29.392700] EXT4-fs (loop0): Ignoring removed bh option
[   29.393025] EXT4-fs (loop0): Journaled quota options ignored when QUOTA feature is enabled
[   29.393473] EXT4-fs (loop0): Quota format mount options ignored when QUOTA feature is enabled
[   29.393934] EXT4-fs (loop0): Unrecognized mount option "nolazytime=errors=continue" or missing value
[   29.412204] loop0: detected capacity change from 0 to 1024
[   29.412704] EXT4-fs (loop0): Ignoring removed bh option
[   29.413018] EXT4-fs (loop0): Journaled quota options ignored when QUOTA feature is enabled
[   29.413465] EXT4-fs (loop0): Quota format mount options ignored when QUOTA feature is enabled
[   29.413926] EXT4-fs (loop0): Unrecognized mount option "nolazytime=errors=continue" or missing value
[   29.432222] loop0: detected capacity change from 0 to 1024
[   29.432711] EXT4-fs (loop0): Ignoring removed bh option
[   29.433034] EXT4-fs (loop0): Journaled quota options ignored when QUOTA feature is enabled
[   29.433486] EXT4-fs (loop0): Quota format mount options ignored when QUOTA feature is enabled
[   29.433951] EXT4-fs (loop0): Unrecognized mount option "nolazytime=errors=continue" or missing value
[   29.452125] loop0: detected capacity change from 0 to 1024
[   29.452614] EXT4-fs (loop0): Ignoring removed bh option
[   29.452934] EXT4-fs (loop0): Journaled quota options ignored when QUOTA feature is enabled
[   29.453385] EXT4-fs (loop0): Quota format mount options ignored when QUOTA feature is enabled
[   29.453849] EXT4-fs (loop0): Unrecognized mount option "nolazytime=errors=continue" or missing value
[   29.472193] loop0: detected capacity change from 0 to 1024
[   29.472711] EXT4-fs (loop0): Ignoring removed bh option
[   29.473032] EXT4-fs (loop0): Journaled quota options ignored when QUOTA feature is enabled
[   29.473483] EXT4-fs (loop0): Quota format mount options ignored when QUOTA feature is enabled
[   29.473947] EXT4-fs (loop0): Unrecognized mount option "nolazytime=errors=continue" or missing value
[   29.484193] loop0: detected capacity change from 0 to 1024
[   29.484702] EXT4-fs (loop0): Ignoring removed bh option
[   29.485020] EXT4-fs (loop0): Journaled quota options ignored when QUOTA feature is enabled
[   29.485470] EXT4-fs (loop0): Quota format mount options ignored when QUOTA feature is enabled
[   29.485933] EXT4-fs (loop0): Unrecognized mount option "nolazytime=errors=continue" or missing value
[   29.508261] loop0: detected capacity change from 0 to 1024
[   29.509139] EXT4-fs (loop0): Ignoring removed bh option
[   29.509442] EXT4-fs (loop0): Journaled quota options ignored when QUOTA feature is enabled
[   29.509894] EXT4-fs (loop0): Quota format mount options ignored when QUOTA feature is enabled
[   29.510377] EXT4-fs (loop0): Unrecognized mount option "nolazytime=errors=continue" or missing value
[   29.535728] loop0: detected capacity change from 0 to 1024
[   29.536158] EXT4-fs (loop0): Ignoring removed bh option
[   29.536454] EXT4-fs (loop0): Journaled quota options ignored when QUOTA feature is enabled
[   29.536918] EXT4-fs (loop0): Quota format mount options ignored when QUOTA feature is enabled
[   29.537383] EXT4-fs (loop0): Unrecognized mount option "nolazytime=errors=continue" or missing value
[   29.560224] loop0: detected capacity change from 0 to 1024
[   29.560659] EXT4-fs (loop0): Ignoring removed bh option
[   29.560971] EXT4-fs (loop0): Journaled quota options ignored when QUOTA feature is enabled
[   29.561418] EXT4-fs (loop0): Quota format mount options ignored when QUOTA feature is enabled
[   29.561880] EXT4-fs (loop0): Unrecognized mount option "nolazytime=errors=continue" or missing value
[   29.587009] loop0: detected capacity change from 0 to 1024
[   29.587512] EXT4-fs (loop0): Ignoring removed bh option
[   29.587809] EXT4-fs (loop0): Journaled quota options ignored when QUOTA feature is enabled
[   29.588269] EXT4-fs (loop0): Quota format mount options ignored when QUOTA feature is enabled
[   29.588732] EXT4-fs (loop0): Unrecognized mount option "nolazytime=errors=continue" or missing value
[   29.616237] loop0: detected capacity change from 0 to 1024
[   29.617056] EXT4-fs (loop0): Ignoring removed bh option
[   29.617611] EXT4-fs (loop0): Journaled quota options ignored when QUOTA feature is enabled
[   29.618463] EXT4-fs (loop0): Quota format mount options ignored when QUOTA feature is enabled
[   29.619341] EXT4-fs (loop0): Unrecognized mount option "nolazytime=errors=continue" or missing value
[   29.652297] loop0: detected capacity change from 0 to 1024
[   29.653226] EXT4-fs (loop0): Ignoring removed bh option
[   29.653793] EXT4-fs (loop0): Journaled quota options ignored when QUOTA feature is enabled
[   29.654647] EXT4-fs (loop0): Quota format mount options ignored when QUOTA feature is enabled
[   29.655522] EXT4-fs (loop0): Unrecognized mount option "nolazytime=errors=continue" or missing value
[   29.676541] loop0: detected capacity change from 0 to 1024
[   29.677331] EXT4-fs (loop0): Ignoring removed bh option
[   29.677893] EXT4-fs (loop0): Journaled quota options ignored when QUOTA feature is enabled
[   29.678745] EXT4-fs (loop0): Quota format mount options ignored when QUOTA feature is enabled
[   29.679623] EXT4-fs (loop0): Unrecognized mount option "nolazytime=errors=continue" or missing value
[   29.700287] loop0: detected capacity change from 0 to 1024
[   29.700981] EXT4-fs (loop0): Ignoring removed bh option
[   29.701536] EXT4-fs (loop0): Journaled quota options ignored when QUOTA feature is enabled
[   29.702390] EXT4-fs (loop0): Quota format mount options ignored when QUOTA feature is enabled
[   29.703267] EXT4-fs (loop0): Unrecognized mount option "nolazytime=errors=continue" or missing value
[   29.723619] loop0: detected capacity change from 0 to 1024
[   29.724454] EXT4-fs (loop0): Ignoring removed bh option
[   29.725015] EXT4-fs (loop0): Journaled quota options ignored when QUOTA feature is enabled
[   29.725868] EXT4-fs (loop0): Quota format mount options ignored when QUOTA feature is enabled
[   29.726747] EXT4-fs (loop0): Unrecognized mount option "nolazytime=errors=continue" or missing value
[   29.744171] loop0: detected capacity change from 0 to 1024
[   29.744877] EXT4-fs (loop0): Ignoring removed bh option
[   29.745436] EXT4-fs (loop0): Journaled quota options ignored when QUOTA feature is enabled
[   29.746295] EXT4-fs (loop0): Quota format mount options ignored when QUOTA feature is enabled
[   29.747175] EXT4-fs (loop0): Unrecognized mount option "nolazytime=errors=continue" or missing value
[   29.780303] loop0: detected capacity change from 0 to 1024
[   29.781520] EXT4-fs (loop0): Ignoring removed bh option
[   29.782080] EXT4-fs (loop0): Journaled quota options ignored when QUOTA feature is enabled
[   29.782929] EXT4-fs (loop0): Quota format mount options ignored when QUOTA feature is enabled
[   29.783803] EXT4-fs (loop0): Unrecognized mount option "nolazytime=errors=continue" or missing value
[   29.796300] loop0: detected capacity change from 0 to 1024
[   29.797080] EXT4-fs (loop0): Ignoring removed bh option
[   29.797383] EXT4-fs (loop0): Journaled quota options ignored when QUOTA feature is enabled
[   29.797833] EXT4-fs (loop0): Quota format mount options ignored when QUOTA feature is enabled
[   29.798313] EXT4-fs (loop0): Unrecognized mount option "nolazytime=errors=continue" or missing value
[   29.812311] loop0: detected capacity change from 0 to 1024
[   29.813098] EXT4-fs (loop0): Ignoring removed bh option
[   29.813400] EXT4-fs (loop0): Journaled quota options ignored when QUOTA feature is enabled
[   29.813849] EXT4-fs (loop0): Quota format mount options ignored when QUOTA feature is enabled
[   29.814311] EXT4-fs (loop0): Unrecognized mount option "nolazytime=errors=continue" or missing value
[   29.832192] loop0: detected capacity change from 0 to 1024
[   29.833072] EXT4-fs (loop0): Ignoring removed bh option
[   29.833374] EXT4-fs (loop0): Journaled quota options ignored when QUOTA feature is enabled
[   29.833824] EXT4-fs (loop0): Quota format mount options ignored when QUOTA feature is enabled
[   29.834287] EXT4-fs (loop0): Unrecognized mount option "nolazytime=errors=continue" or missing value
[   29.860192] loop0: detected capacity change from 0 to 1024
[   29.860944] EXT4-fs (loop0): Ignoring removed bh option
[   29.861248] EXT4-fs (loop0): Journaled quota options ignored when QUOTA feature is enabled
[   29.861702] EXT4-fs (loop0): Quota format mount options ignored when QUOTA feature is enabled
[   29.862185] EXT4-fs (loop0): Unrecognized mount option "nolazytime=errors=continue" or missing value
[   29.879988] loop0: detected capacity change from 0 to 1024
[   29.880420] EXT4-fs (loop0): Ignoring removed bh option
[   29.880715] EXT4-fs (loop0): Journaled quota options ignored when QUOTA feature is enabled
[   29.881182] EXT4-fs (loop0): Quota format mount options ignored when QUOTA feature is enabled
[   29.881642] EXT4-fs (loop0): Unrecognized mount option "nolazytime=errors=continue" or missing value
[   29.899080] loop0: detected capacity change from 0 to 1024
[   29.899485] EXT4-fs (loop0): Ignoring removed bh option
[   29.899778] EXT4-fs (loop0): Journaled quota options ignored when QUOTA feature is enabled
[   29.900235] EXT4-fs (loop0): Quota format mount options ignored when QUOTA feature is enabled
[   29.900696] EXT4-fs (loop0): Unrecognized mount option "nolazytime=errors=continue" or missing value
[   29.916251] loop0: detected capacity change from 0 to 1024
[   29.916651] EXT4-fs (loop0): Ignoring removed bh option
[   29.916975] EXT4-fs (loop0): Journaled quota options ignored when QUOTA feature is enabled
[   29.917424] EXT4-fs (loop0): Quota format mount options ignored when QUOTA feature is enabled
[   29.917885] EXT4-fs (loop0): Unrecognized mount option "nolazytime=errors=continue" or missing value
[   29.940190] loop0: detected capacity change from 0 to 1024
[   29.940619] EXT4-fs (loop0): Ignoring removed bh option
[   29.940929] EXT4-fs (loop0): Journaled quota options ignored when QUOTA feature is enabled
[   29.941383] EXT4-fs (loop0): Quota format mount options ignored when QUOTA feature is enabled
[   29.941843] EXT4-fs (loop0): Unrecognized mount option "nolazytime=errors=continue" or missing value
[   29.956229] loop0: detected capacity change from 0 to 1024
[   29.956644] EXT4-fs (loop0): Ignoring removed bh option
[   29.956965] EXT4-fs (loop0): Journaled quota options ignored when QUOTA feature is enabled
[   29.957414] EXT4-fs (loop0): Quota format mount options ignored when QUOTA feature is enabled
[   29.957876] EXT4-fs (loop0): Unrecognized mount option "nolazytime=errors=continue" or missing value
[   29.977192] loop0: detected capacity change from 0 to 1024
[   29.977601] EXT4-fs (loop0): Ignoring removed bh option
[   29.977894] EXT4-fs (loop0): Journaled quota options ignored when QUOTA feature is enabled
[   29.978347] EXT4-fs (loop0): Quota format mount options ignored when QUOTA feature is enabled
[   29.978806] EXT4-fs (loop0): Unrecognized mount option "nolazytime=errors=continue" or missing value
[   29.991789] loop0: detected capacity change from 0 to 1024
[   29.992299] EXT4-fs (loop0): Ignoring removed bh option
[   29.992597] EXT4-fs (loop0): Journaled quota options ignored when QUOTA feature is enabled
[   29.993073] EXT4-fs (loop0): Quota format mount options ignored when QUOTA feature is enabled
[   29.993536] EXT4-fs (loop0): Unrecognized mount option "nolazytime=errors=continue" or missing value
[   30.011864] loop0: detected capacity change from 0 to 1024
[   30.012357] EXT4-fs (loop0): Ignoring removed bh option
[   30.012656] EXT4-fs (loop0): Journaled quota options ignored when QUOTA feature is enabled
[   30.013144] EXT4-fs (loop0): Quota format mount options ignored when QUOTA feature is enabled
[   30.013659] EXT4-fs (loop0): Unrecognized mount option "nolazytime=errors=continue" or missing value
[   30.031437] loop0: detected capacity change from 0 to 1024
[   30.031982] EXT4-fs (loop0): Ignoring removed bh option
[   30.032281] EXT4-fs (loop0): Journaled quota options ignored when QUOTA feature is enabled
[   30.032731] EXT4-fs (loop0): Quota format mount options ignored when QUOTA feature is enabled
[   30.033220] EXT4-fs (loop0): Unrecognized mount option "nolazytime=errors=continue" or missing value
[   30.059901] loop0: detected capacity change from 0 to 1024
[   30.060416] EXT4-fs (loop0): Ignoring removed bh option
[   30.060711] EXT4-fs (loop0): Journaled quota options ignored when QUOTA feature is enabled
[   30.061177] EXT4-fs (loop0): Quota format mount options ignored when QUOTA feature is enabled
[   30.061637] EXT4-fs (loop0): Unrecognized mount option "nolazytime=errors=continue" or missing value
[   30.080194] loop0: detected capacity change from 0 to 1024
[   30.083283] EXT4-fs (loop0): Ignoring removed bh option
[   30.083597] EXT4-fs (loop0): Journaled quota options ignored when QUOTA feature is enabled
[   30.084059] EXT4-fs (loop0): Quota format mount options ignored when QUOTA feature is enabled
[   30.084527] EXT4-fs (loop0): Unrecognized mount option "nolazytime=errors=continue" or missing value
[   30.100292] loop0: detected capacity change from 0 to 1024
[   30.100790] EXT4-fs (loop0): Ignoring removed bh option
[   30.101110] EXT4-fs (loop0): Journaled quota options ignored when QUOTA feature is enabled
[   30.101563] EXT4-fs (loop0): Quota format mount options ignored when QUOTA feature is enabled
[   30.102028] EXT4-fs (loop0): Unrecognized mount option "nolazytime=errors=continue" or missing value
[   30.122614] loop0: detected capacity change from 0 to 1024
[   30.123044] EXT4-fs (loop0): Ignoring removed bh option
[   30.123336] EXT4-fs (loop0): Journaled quota options ignored when QUOTA feature is enabled
[   30.123784] EXT4-fs (loop0): Quota format mount options ignored when QUOTA feature is enabled
[   30.124252] EXT4-fs (loop0): Unrecognized mount option "nolazytime=errors=continue" or missing value
[   30.144305] loop0: detected capacity change from 0 to 1024
[   30.144796] EXT4-fs (loop0): Ignoring removed bh option
[   30.145106] EXT4-fs (loop0): Journaled quota options ignored when QUOTA feature is enabled
[   30.145559] EXT4-fs (loop0): Quota format mount options ignored when QUOTA feature is enabled
[   30.146023] EXT4-fs (loop0): Unrecognized mount option "nolazytime=errors=continue" or missing value
[   30.162804] loop0: detected capacity change from 0 to 1024
[   30.163219] EXT4-fs (loop0): Ignoring removed bh option
[   30.163511] EXT4-fs (loop0): Journaled quota options ignored when QUOTA feature is enabled
[   30.163973] EXT4-fs (loop0): Quota format mount options ignored when QUOTA feature is enabled
[   30.164437] EXT4-fs (loop0): Unrecognized mount option "nolazytime=errors=continue" or missing value
[   30.182890] loop0: detected capacity change from 0 to 1024
[   30.183356] EXT4-fs (loop0): Ignoring removed bh option
[   30.183649] EXT4-fs (loop0): Journaled quota options ignored when QUOTA feature is enabled
[   30.184104] EXT4-fs (loop0): Quota format mount options ignored when QUOTA feature is enabled
[   30.184565] EXT4-fs (loop0): Unrecognized mount option "nolazytime=errors=continue" or missing value
[   30.211266] loop0: detected capacity change from 0 to 1024
[   30.211707] EXT4-fs (loop0): Ignoring removed bh option
[   30.212009] EXT4-fs (loop0): Journaled quota options ignored when QUOTA feature is enabled
[   30.212456] EXT4-fs (loop0): Quota format mount options ignored when QUOTA feature is enabled
[   30.212932] EXT4-fs (loop0): Unrecognized mount option "nolazytime=errors=continue" or missing value
[   30.236175] loop0: detected capacity change from 0 to 1024
[   30.236697] EXT4-fs (loop0): Ignoring removed bh option
[   30.237017] EXT4-fs (loop0): Journaled quota options ignored when QUOTA feature is enabled
[   30.237468] EXT4-fs (loop0): Quota format mount options ignored when QUOTA feature is enabled
[   30.237932] EXT4-fs (loop0): Unrecognized mount option "nolazytime=errors=continue" or missing value
[   30.256185] loop0: detected capacity change from 0 to 1024
[   30.256691] EXT4-fs (loop0): Ignoring removed bh option
[   30.257016] EXT4-fs (loop0): Journaled quota options ignored when QUOTA feature is enabled
[   30.257470] EXT4-fs (loop0): Quota format mount options ignored when QUOTA feature is enabled
[   30.257936] EXT4-fs (loop0): Unrecognized mount option "nolazytime=errors=continue" or missing value
[   30.274778] loop0: detected capacity change from 0 to 1024
[   30.275224] EXT4-fs (loop0): Ignoring removed bh option
[   30.275515] EXT4-fs (loop0): Journaled quota options ignored when QUOTA feature is enabled
[   30.275972] EXT4-fs (loop0): Quota format mount options ignored when QUOTA feature is enabled
[   30.276432] EXT4-fs (loop0): Unrecognized mount option "nolazytime=errors=continue" or missing value
[   30.299103] loop0: detected capacity change from 0 to 1024
[   30.301257] EXT4-fs (loop0): Ignoring removed bh option
[   30.301551] EXT4-fs (loop0): Journaled quota options ignored when QUOTA feature is enabled
[   30.302001] EXT4-fs (loop0): Quota format mount options ignored when QUOTA feature is enabled
[   30.302479] EXT4-fs (loop0): Unrecognized mount option "nolazytime=errors=continue" or missing value
[   30.316322] loop0: detected capacity change from 0 to 1024
[   30.317915] EXT4-fs (loop0): Ignoring removed bh option
[   30.318241] EXT4-fs (loop0): Journaled quota options ignored when QUOTA feature is enabled
[   30.318692] EXT4-fs (loop0): Quota format mount options ignored when QUOTA feature is enabled
[   30.319158] EXT4-fs (loop0): Unrecognized mount option "nolazytime=errors=continue" or missing value
[   30.340238] loop0: detected capacity change from 0 to 1024
[   30.341150] EXT4-fs (loop0): Ignoring removed bh option
[   30.341452] EXT4-fs (loop0): Journaled quota options ignored when QUOTA feature is enabled
[   30.341905] EXT4-fs (loop0): Quota format mount options ignored when QUOTA feature is enabled
[   30.342387] EXT4-fs (loop0): Unrecognized mount option "nolazytime=errors=continue" or missing value
[   30.359321] loop0: detected capacity change from 0 to 1024
[   30.359726] EXT4-fs (loop0): Ignoring removed bh option
[   30.360028] EXT4-fs (loop0): Journaled quota options ignored when QUOTA feature is enabled
[   30.360474] EXT4-fs (loop0): Quota format mount options ignored when QUOTA feature is enabled
[   30.360955] EXT4-fs (loop0): Unrecognized mount option "nolazytime=errors=continue" or missing value
[   30.380180] loop0: detected capacity change from 0 to 1024
[   30.383291] EXT4-fs (loop0): Ignoring removed bh option
[   30.383590] EXT4-fs (loop0): Journaled quota options ignored when QUOTA feature is enabled
[   30.384048] EXT4-fs (loop0): Quota format mount options ignored when QUOTA feature is enabled
[   30.384513] EXT4-fs (loop0): Unrecognized mount option "nolazytime=errors=continue" or missing value
[   30.412233] loop0: detected capacity change from 0 to 1024
[   30.412769] EXT4-fs (loop0): Ignoring removed bh option
[   30.413094] EXT4-fs (loop0): Journaled quota options ignored when QUOTA feature is enabled
[   30.413547] EXT4-fs (loop0): Quota format mount options ignored when QUOTA feature is enabled
[   30.414014] EXT4-fs (loop0): Unrecognized mount option "nolazytime=errors=continue" or missing value
[   30.432227] loop0: detected capacity change from 0 to 1024
[   30.432731] EXT4-fs (loop0): Ignoring removed bh option
[   30.433051] EXT4-fs (loop0): Journaled quota options ignored when QUOTA feature is enabled
[   30.433505] EXT4-fs (loop0): Quota format mount options ignored when QUOTA feature is enabled
[   30.433970] EXT4-fs (loop0): Unrecognized mount option "nolazytime=errors=continue" or missing value
[   30.452234] loop0: detected capacity change from 0 to 1024
[   30.452749] EXT4-fs (loop0): Ignoring removed bh option
[   30.453074] EXT4-fs (loop0): Journaled quota options ignored when QUOTA feature is enabled
[   30.453530] EXT4-fs (loop0): Quota format mount options ignored when QUOTA feature is enabled
[   30.453998] EXT4-fs (loop0): Unrecognized mount option "nolazytime=errors=continue" or missing value
[   30.472183] loop0: detected capacity change from 0 to 1024
[   30.472698] EXT4-fs (loop0): Ignoring removed bh option
[   30.473023] EXT4-fs (loop0): Journaled quota options ignored when QUOTA feature is enabled
[   30.473477] EXT4-fs (loop0): Quota format mount options ignored when QUOTA feature is enabled
[   30.473944] EXT4-fs (loop0): Unrecognized mount option "nolazytime=errors=continue" or missing value
[   30.488306] loop0: detected capacity change from 0 to 1024
[   30.488837] EXT4-fs (loop0): Ignoring removed bh option
[   30.489147] EXT4-fs (loop0): Journaled quota options ignored when QUOTA feature is enabled
[   30.489600] EXT4-fs (loop0): Quota format mount options ignored when QUOTA feature is enabled
[   30.490068] EXT4-fs (loop0): Unrecognized mount option "nolazytime=errors=continue" or missing value
[   30.500264] loop0: detected capacity change from 0 to 1024
[   30.501151] EXT4-fs (loop0): Ignoring removed bh option
[   30.501453] EXT4-fs (loop0): Journaled quota options ignored when QUOTA feature is enabled
[   30.501906] EXT4-fs (loop0): Quota format mount options ignored when QUOTA feature is enabled
[   30.502390] EXT4-fs (loop0): Unrecognized mount option "nolazytime=errors=continue" or missing value
[   30.523626] loop0: detected capacity change from 0 to 1024
[   30.524060] EXT4-fs (loop0): Ignoring removed bh option
[   30.524352] EXT4-fs (loop0): Journaled quota options ignored when QUOTA feature is enabled
