c[?7l[2J[0mSeaBIOS (version rel-1.14.0-0-g155821a1990b-prebuilt.qemu.org)


iPXE (http://ipxe.org) 00:03.0 CA00 PCI2.10 PnP PMM+7FF8F030+7FEEF030 CA00
Press Ctrl-B to configure iPXE (PCI 00:03.0)...                                                                               


Booting from ROM..c[?7l[2J[    0.000000] Linux version 5.11.0-f40ddce88593 (root@p-rplp02) (gcc (GCC) 8.5.0 20210514 (Red Hat 8.5.0-15), GNU ld version 2.36.1-2.el8) #1 SMP Thu Nov 3 15:22:43 CST 2022
[    0.000000] Command line: console=ttyS0 root=/dev/sda earlyprintk=serial net.ifnames=0
[    0.000000] KERNEL supported cpus:
[    0.000000]   Intel GenuineIntel
[    0.000000]   AMD AuthenticAMD
[    0.000000]   Hygon HygonGenuine
[    0.000000]   Centaur CentaurHauls
[    0.000000]   zhaoxin   Shanghai  
[    0.000000] x86/fpu: Supporting XSAVE feature 0x001: 'x87 floating point registers'
[    0.000000] x86/fpu: Supporting XSAVE feature 0x002: 'SSE registers'
[    0.000000] x86/fpu: Supporting XSAVE feature 0x004: 'AVX registers'
[    0.000000] x86/fpu: Supporting XSAVE feature 0x200: 'Protection Keys User registers'
[    0.000000] x86/fpu: xstate_offset[2]:  576, xstate_sizes[2]:  256
[    0.000000] x86/fpu: xstate_offset[9]:  832, xstate_sizes[9]:    8
[    0.000000] x86/fpu: Enabled xstate features 0x207, context size is 840 bytes, using 'compacted' format.
[    0.000000] BIOS-provided physical RAM map:
[    0.000000] BIOS-e820: [mem 0x0000000000000000-0x000000000009fbff] usable
[    0.000000] BIOS-e820: [mem 0x000000000009fc00-0x000000000009ffff] reserved
[    0.000000] BIOS-e820: [mem 0x00000000000f0000-0x00000000000fffff] reserved
[    0.000000] BIOS-e820: [mem 0x0000000000100000-0x000000007ffdffff] usable
[    0.000000] BIOS-e820: [mem 0x000000007ffe0000-0x000000007fffffff] reserved
[    0.000000] BIOS-e820: [mem 0x00000000feffc000-0x00000000feffffff] reserved
[    0.000000] BIOS-e820: [mem 0x00000000fffc0000-0x00000000ffffffff] reserved
[    0.000000] printk: bootconsole [earlyser0] enabled
[    0.000000] NX (Execute Disable) protection: active
[    0.000000] SMBIOS 2.8 present.
[    0.000000] DMI: QEMU Standard PC (i440FX + PIIX, 1996), BIOS rel-1.14.0-0-g155821a1990b-prebuilt.qemu.org 04/01/2014
[    0.000000] Hypervisor detected: KVM
[    0.000000] kvm-clock: Using msrs 4b564d01 and 4b564d00
[    0.000000] kvm-clock: cpu 0, msr 4601001, primary cpu clock
[    0.000000] kvm-clock: using sched offset of 319369884 cycles
[    0.000353] clocksource: kvm-clock: mask: 0xffffffffffffffff max_cycles: 0x1cd42e4dffb, max_idle_ns: 881590591483 ns
[    0.001360] tsc: Detected 1881.600 MHz processor
[    0.006464] last_pfn = 0x7ffe0 max_arch_pfn = 0x400000000
[    0.006934] x86/PAT: Configuration [0-7]: WB  WC  UC- UC  WB  WP  UC- WT  
[    0.014154] found SMP MP-table at [mem 0x000f5a90-0x000f5a9f]
[    0.015264] check: Scanning 1 areas for low memory corruption
[    0.015685] Using GB pages for direct mapping
[    0.016759] ACPI: Early table checksum verification disabled
[    0.017142] ACPI: RSDP 0x00000000000F5870 000014 (v00 BOCHS )
[    0.017516] ACPI: RSDT 0x000000007FFE1959 000034 (v01 BOCHS  BXPC     00000001 BXPC 00000001)
[    0.018064] ACPI: FACP 0x000000007FFE1805 000074 (v01 BOCHS  BXPC     00000001 BXPC 00000001)
[    0.018608] ACPI: DSDT 0x000000007FFE0040 0017C5 (v01 BOCHS  BXPC     00000001 BXPC 00000001)
[    0.019147] ACPI: FACS 0x000000007FFE0000 000040
[    0.019441] ACPI: APIC 0x000000007FFE1879 000080 (v01 BOCHS  BXPC     00000001 BXPC 00000001)
[    0.019985] ACPI: HPET 0x000000007FFE18F9 000038 (v01 BOCHS  BXPC     00000001 BXPC 00000001)
[    0.020522] ACPI: WAET 0x000000007FFE1931 000028 (v01 BOCHS  BXPC     00000001 BXPC 00000001)
[    0.021600] No NUMA configuration found
[    0.021842] Faking a node at [mem 0x0000000000000000-0x000000007ffdffff]
[    0.022317] NODE_DATA(0) allocated [mem 0x7ffb5000-0x7ffdffff]
[    0.025261] Zone ranges:
[    0.025422]   DMA      [mem 0x0000000000001000-0x0000000000ffffff]
[    0.025811]   DMA32    [mem 0x0000000001000000-0x000000007ffdffff]
[    0.026196]   Normal   empty
[    0.026376]   Device   empty
[    0.026558] Movable zone start for each node
[    0.026823] Early memory node ranges
[    0.027044]   node   0: [mem 0x0000000000001000-0x000000000009efff]
[    0.027435]   node   0: [mem 0x0000000000100000-0x000000007ffdffff]
[    0.030104] Zeroed struct page in unavailable ranges: 130 pages
[    0.030111] Initmem setup node 0 [mem 0x0000000000001000-0x000000007ffdffff]
[    0.041277] ACPI: PM-Timer IO Port: 0x608
[    0.041574] ACPI: LAPIC_NMI (acpi_id[0xff] dfl dfl lint[0x1])
[    0.041971] IOAPIC[0]: apic_id 0, version 17, address 0xfec00000, GSI 0-23
[    0.042403] ACPI: INT_SRC_OVR (bus 0 bus_irq 0 global_irq 2 dfl dfl)
[    0.042801] ACPI: INT_SRC_OVR (bus 0 bus_irq 5 global_irq 5 high level)
[    0.043215] ACPI: INT_SRC_OVR (bus 0 bus_irq 9 global_irq 9 high level)
[    0.043630] ACPI: INT_SRC_OVR (bus 0 bus_irq 10 global_irq 10 high level)
[    0.044058] ACPI: INT_SRC_OVR (bus 0 bus_irq 11 global_irq 11 high level)
[    0.044523] Using ACPI (MADT) for SMP configuration information
[    0.045018] ACPI: HPET id: 0x8086a201 base: 0xfed00000
[    0.045399] TSC deadline timer available
[    0.045647] smpboot: Allowing 2 CPUs, 0 hotplug CPUs
[    0.045973] kvm-guest: KVM setup pv remote TLB flush
[    0.046300] kvm-guest: setup PV sched yield
[    0.046594] PM: hibernation: Registered nosave memory: [mem 0x00000000-0x00000fff]
[    0.047067] PM: hibernation: Registered nosave memory: [mem 0x0009f000-0x0009ffff]
[    0.047534] PM: hibernation: Registered nosave memory: [mem 0x000a0000-0x000effff]
[    0.048004] PM: hibernation: Registered nosave memory: [mem 0x000f0000-0x000fffff]
[    0.048543] [mem 0x80000000-0xfeffbfff] available for PCI devices
[    0.049039] Booting paravirtualized kernel on KVM
[    0.049404] clocksource: refined-jiffies: mask: 0xffffffff max_cycles: 0xffffffff, max_idle_ns: 7645519600211568 ns
[    0.050077] setup_percpu: NR_CPUS:8192 nr_cpumask_bits:2 nr_cpu_ids:2 nr_node_ids:1
[    0.051449] percpu: Embedded 56 pages/cpu s192512 r8192 d28672 u1048576
[    0.052016] kvm-guest: KVM setup async PF for cpu 0
[    0.052322] kvm-guest: stealtime: cpu 0, msr 7dc2e080
[    0.052643] kvm-guest: PV spinlocks enabled
[    0.052912] PV qspinlock hash table entries: 256 (order: 0, 4096 bytes, linear)
[    0.053389] Built 1 zonelists, mobility grouping on.  Total pages: 515945
[    0.053818] Policy zone: DMA32
[    0.054012] Kernel command line: net.ifnames=0 console=ttyS0 root=/dev/sda earlyprintk=serial net.ifnames=0
[    0.055848] Dentry cache hash table entries: 262144 (order: 9, 2097152 bytes, linear)
[    0.056564] Inode-cache hash table entries: 131072 (order: 8, 1048576 bytes, linear)
[    0.057227] mem auto-init: stack:off, heap alloc:off, heap free:off
[    0.060702] Memory: 2002388K/2096632K available (28688K kernel code, 4244K rwdata, 7188K rodata, 3048K init, 10960K bss, 93988K reserved, 0K cma-reserved)
[    0.061592] random: get_random_u64 called from __kmem_cache_create+0x33/0x440 with crng_init=0
[    0.061903] SLUB: HWalign=64, Order=0-3, MinObjects=0, CPUs=2, Nodes=1
[    0.063018] kmemleak: Kernel memory leak detector disabled
[    0.063370] ftrace: allocating 61964 entries in 243 pages
[    0.133857] ftrace: allocated 243 pages with 6 groups
[    0.134327] rcu: Hierarchical RCU implementation.
[    0.134622] rcu: 	RCU restricting CPUs from NR_CPUS=8192 to nr_cpu_ids=2.
[    0.135040] 	Trampoline variant of Tasks RCU enabled.
[    0.135351] 	Rude variant of Tasks RCU enabled.
[    0.135630] 	Tracing variant of Tasks RCU enabled.
[    0.135932] rcu: RCU calculated value of scheduler-enlistment delay is 25 jiffies.
[    0.136396] rcu: Adjusting geometry for rcu_fanout_leaf=16, nr_cpu_ids=2
[    0.148902] NR_IRQS: 524544, nr_irqs: 440, preallocated irqs: 16
[    0.155390] Console: colour VGA+ 80x25
[    0.155669] printk: console [ttyS0] enabled
[    0.155669] printk: console [ttyS0] enabled
[    0.156204] printk: bootconsole [earlyser0] disabled
[    0.156204] printk: bootconsole [earlyser0] disabled
[    0.156842] ACPI: Core revision 20201113
[    0.157226] clocksource: hpet: mask: 0xffffffff max_cycles: 0xffffffff, max_idle_ns: 19112604467 ns
[    0.157874] APIC: Switch to symmetric I/O mode setup
[    0.158324] x2apic enabled
[    0.158642] Switched APIC routing to physical x2apic.
[    0.158964] kvm-guest: setup PV IPIs
[    0.159799] ..TIMER: vector=0x30 apic1=0 pin1=2 apic2=-1 pin2=-1
[    0.160262] clocksource: tsc-early: mask: 0xffffffffffffffff max_cycles: 0x363e8c91135, max_idle_ns: 881590568389 ns
[    0.160941] Calibrating delay loop (skipped) preset value.. 3763.20 BogoMIPS (lpj=7526400)
[    0.161461] pid_max: default: 32768 minimum: 301
[    0.161795] LSM: Security Framework initializing
[    0.164950] Yama: becoming mindful.
[    0.165314] Mount-cache hash table entries: 4096 (order: 3, 32768 bytes, linear)
[    0.165786] Mountpoint-cache hash table entries: 4096 (order: 3, 32768 bytes, linear)
[    0.166785] x86/cpu: User Mode Instruction Prevention (UMIP) activated
[    0.167625] Last level iTLB entries: 4KB 0, 2MB 0, 4MB 0
[    0.167995] Last level dTLB entries: 4KB 0, 2MB 0, 4MB 0, 1GB 0
[    0.168394] Spectre V1 : Mitigation: usercopy/swapgs barriers and __user pointer sanitization
[    0.168955] Spectre V2 : Mitigation: Enhanced IBRS
[    0.169247] Spectre V2 : Spectre v2 / SpectreRSB mitigation: Filling RSB on context switch
[    0.169745] Spectre V2 : mitigation: Enabling conditional Indirect Branch Prediction Barrier
[    0.170329] Speculative Store Bypass: Mitigation: Speculative Store Bypass disabled via prctl and seccomp
[    0.171452] Freeing SMP alternatives memory: 52K
[    0.174882] smpboot: CPU0: Genuine Intel(R) 0000 (family: 0x6, model: 0xba, stepping: 0x2)
[    0.175546] Performance Events: generic architected perfmon, full-width counters, Intel PMU driver.
[    0.176111] ... version:                2
[    0.176354] ... bit width:              48
[    0.176603] ... generic registers:      6
[    0.176846] ... value mask:             0000ffffffffffff
[    0.176937] ... max period:             00007fffffffffff
[    0.176937] ... fixed-purpose events:   3
[    0.176937] ... event mask:             000000070000003f
[    0.176937] rcu: Hierarchical SRCU implementation.
[    0.178587] smp: Bringing up secondary CPUs ...
[    0.178971] x86: Booting SMP configuration:
[    0.179227] .... node  #0, CPUs:      #1
[    0.011468] kvm-clock: cpu 1, msr 4601041, secondary cpu clock
[    0.011468] smpboot: CPU 1 Converting physical 0 to logical die 1
[    0.180981] kvm-guest: KVM setup async PF for cpu 1
[    0.181359] kvm-guest: stealtime: cpu 1, msr 7dd2e080
[    0.181815] smp: Brought up 1 node, 2 CPUs
[    0.181815] smpboot: Max logical packages: 2
[    0.181815] smpboot: Total of 2 processors activated (7526.40 BogoMIPS)
[    0.182204] devtmpfs: initialized
[    0.182204] x86/mm: Memory block size: 128MB
[    0.182288] clocksource: jiffies: mask: 0xffffffff max_cycles: 0xffffffff, max_idle_ns: 7645041785100000 ns
[    0.184943] futex hash table entries: 512 (order: 3, 32768 bytes, linear)
[    0.185433] pinctrl core: initialized pinctrl subsystem
[    0.185928] 
[    0.186026] *************************************************************
[    0.186431] **     NOTICE NOTICE NOTICE NOTICE NOTICE NOTICE NOTICE    **
[    0.186839] **                                                         **
[    0.187244] **  IOMMU DebugFS SUPPORT HAS BEEN ENABLED IN THIS KERNEL  **
[    0.187650] **                                                         **
[    0.188054] ** This means that this kernel is built to expose internal **
[    0.188459] ** IOMMU data structures, which may compromise security on **
[    0.188873] ** your system.                                            **
[    0.188942] **                                                         **
[    0.189347] ** If you see this message and you are not debugging the   **
[    0.189753] ** kernel, report this immediately to your vendor!         **
[    0.190158] **                                                         **
[    0.190563] **     NOTICE NOTICE NOTICE NOTICE NOTICE NOTICE NOTICE    **
[    0.190975] *************************************************************
[    0.191427] PM: RTC time: 02:05:46, date: 2022-12-07
[    0.192461] NET: Registered protocol family 16
[    0.193020] DMA: preallocated 256 KiB GFP_KERNEL pool for atomic allocations
[    0.193452] DMA: preallocated 256 KiB GFP_KERNEL|GFP_DMA pool for atomic allocations
[    0.193919] DMA: preallocated 256 KiB GFP_KERNEL|GFP_DMA32 pool for atomic allocations
[    0.194410] audit: initializing netlink subsys (disabled)
[    0.194759] audit: type=2000 audit(1670378747.249:1): state=initialized audit_enabled=0 res=1
[    0.194759] thermal_sys: Registered thermal governor 'fair_share'
[    0.194759] thermal_sys: Registered thermal governor 'bang_bang'
[    0.194759] thermal_sys: Registered thermal governor 'step_wise'
[    0.194759] thermal_sys: Registered thermal governor 'user_space'
[    0.194964] cpuidle: using governor ladder
[    0.197191] cpuidle: using governor menu
[    0.197603] ACPI: bus type PCI registered
[    0.197852] acpiphp: ACPI Hot Plug PCI Controller Driver version: 0.5
[    0.198389] PCI: Using configuration type 1 for base access
[    0.204949] HugeTLB registered 1.00 GiB page size, pre-allocated 0 pages
[    0.205463] HugeTLB registered 2.00 MiB page size, pre-allocated 0 pages
[    0.205932] ACPI: Added _OSI(Module Device)
[    0.205932] ACPI: Added _OSI(Processor Device)
[    0.205932] ACPI: Added _OSI(3.0 _SCP Extensions)
[    0.205932] ACPI: Added _OSI(Processor Aggregator Device)
[    0.206242] ACPI: Added _OSI(Linux-Dell-Video)
[    0.208946] ACPI: Added _OSI(Linux-Lenovo-NV-HDMI-Audio)
[    0.209267] ACPI: Added _OSI(Linux-HPI-Hybrid-Graphics)
[    0.213128] ACPI: 1 ACPI AML tables successfully acquired and loaded
[    0.215460] ACPI: Interpreter enabled
[    0.215741] ACPI: (supports S0 S3 S4 S5)
[    0.215993] ACPI: Using IOAPIC for interrupt routing
[    0.216316] PCI: Using host bridge windows from ACPI; if necessary, use "pci=nocrs" and report a bug
[    0.217275] ACPI: Enabled 2 GPEs in block 00 to 0F
[    0.226490] ACPI: PCI Root Bridge [PCI0] (domain 0000 [bus 00-ff])
[    0.226896] acpi PNP0A03:00: _OSC: OS supports [ASPM ClockPM Segments MSI EDR HPX-Type3]
[    0.227416] acpi PNP0A03:00: fail to add MMCONFIG information, can't access extended PCI configuration space under this bridge.
[    0.229167] acpiphp: Slot [3] registered
[    0.229446] acpiphp: Slot [4] registered
[    0.229724] acpiphp: Slot [5] registered
[    0.230001] acpiphp: Slot [6] registered
[    0.230279] acpiphp: Slot [7] registered
[    0.230558] acpiphp: Slot [8] registered
[    0.230834] acpiphp: Slot [9] registered
[    0.231116] acpiphp: Slot [10] registered
[    0.231470] acpiphp: Slot [11] registered
[    0.231833] acpiphp: Slot [12] registered
[    0.232193] acpiphp: Slot [13] registered
[    0.232513] acpiphp: Slot [14] registered
[    0.232797] acpiphp: Slot [15] registered
[    0.232977] acpiphp: Slot [16] registered
[    0.233260] acpiphp: Slot [17] registered
[    0.233542] acpiphp: Slot [18] registered
[    0.233823] acpiphp: Slot [19] registered
[    0.234106] acpiphp: Slot [20] registered
[    0.234390] acpiphp: Slot [21] registered
[    0.234672] acpiphp: Slot [22] registered
[    0.234953] acpiphp: Slot [23] registered
[    0.235237] acpiphp: Slot [24] registered
[    0.235533] acpiphp: Slot [25] registered
[    0.235819] acpiphp: Slot [26] registered
[    0.236100] acpiphp: Slot [27] registered
[    0.236383] acpiphp: Slot [28] registered
[    0.236664] acpiphp: Slot [29] registered
[    0.236947] acpiphp: Slot [30] registered
[    0.237231] acpiphp: Slot [31] registered
[    0.237490] PCI host bridge to bus 0000:00
[    0.237740] pci_bus 0000:00: root bus resource [io  0x0000-0x0cf7 window]
[    0.238152] pci_bus 0000:00: root bus resource [io  0x0d00-0xffff window]
[    0.238565] pci_bus 0000:00: root bus resource [mem 0x000a0000-0x000bffff window]
[    0.239090] pci_bus 0000:00: root bus resource [mem 0x80000000-0xfebfffff window]
[    0.239566] pci_bus 0000:00: root bus resource [mem 0x100000000-0x17fffffff window]
[    0.240041] pci_bus 0000:00: root bus resource [bus 00-ff]
[    0.240417] pci 0000:00:00.0: [8086:1237] type 00 class 0x060000
[    0.241957] pci 0000:00:01.0: [8086:7000] type 00 class 0x060100
[    0.243089] pci 0000:00:01.1: [8086:7010] type 00 class 0x010180
[    0.244943] pci 0000:00:01.1: reg 0x20: [io  0xc040-0xc04f]
[    0.245806] pci 0000:00:01.1: legacy IDE quirk: reg 0x10: [io  0x01f0-0x01f7]
[    0.246242] pci 0000:00:01.1: legacy IDE quirk: reg 0x14: [io  0x03f6]
[    0.246640] pci 0000:00:01.1: legacy IDE quirk: reg 0x18: [io  0x0170-0x0177]
[    0.247198] pci 0000:00:01.1: legacy IDE quirk: reg 0x1c: [io  0x0376]
[    0.248151] pci 0000:00:01.3: [8086:7113] type 00 class 0x068000
[    0.248747] pci 0000:00:01.3: quirk: [io  0x0600-0x063f] claimed by PIIX4 ACPI
[    0.248945] pci 0000:00:01.3: quirk: [io  0x0700-0x070f] claimed by PIIX4 SMB
[    0.249890] pci 0000:00:02.0: [1234:1111] type 00 class 0x030000
[    0.251586] pci 0000:00:02.0: reg 0x10: [mem 0xfd000000-0xfdffffff pref]
[    0.253259] pci 0000:00:02.0: reg 0x18: [mem 0xfebf0000-0xfebf0fff]
[    0.256965] pci 0000:00:02.0: reg 0x30: [mem 0xfebe0000-0xfebeffff pref]
[    0.258810] pci 0000:00:03.0: [8086:100e] type 00 class 0x020000
[    0.259883] pci 0000:00:03.0: reg 0x10: [mem 0xfebc0000-0xfebdffff]
[    0.260869] pci 0000:00:03.0: reg 0x14: [io  0xc000-0xc03f]
[    0.263264] pci 0000:00:03.0: reg 0x30: [mem 0xfeb80000-0xfebbffff pref]
[    0.270508] ACPI: PCI Interrupt Link [LNKA] (IRQs 5 *10 11)
[    0.271196] ACPI: PCI Interrupt Link [LNKB] (IRQs 5 *10 11)
[    0.271832] ACPI: PCI Interrupt Link [LNKC] (IRQs 5 10 *11)
[    0.272473] ACPI: PCI Interrupt Link [LNKD] (IRQs 5 10 *11)
[    0.272927] ACPI: PCI Interrupt Link [LNKS] (IRQs *9)
[    0.273746] iommu: Default domain type: Translated 
[    0.273746] pci 0000:00:02.0: vgaarb: setting as boot VGA device
[    0.273746] pci 0000:00:02.0: vgaarb: VGA device added: decodes=io+mem,owns=io+mem,locks=none
[    0.273890] pci 0000:00:02.0: vgaarb: bridge control possible
[    0.274237] vgaarb: loaded
[    0.274853] SCSI subsystem initialized
[    0.275109] ACPI: bus type USB registered
[    0.275109] usbcore: registered new interface driver usbfs
[    0.276967] usbcore: registered new interface driver hub
[    0.277297] usbcore: registered new device driver usb
[    0.277652] pps_core: LinuxPPS API ver. 1 registered
[    0.277956] pps_core: Software ver. 5.3.6 - Copyright 2005-2007 Rodolfo Giometti <giometti@linux.it>
[    0.278500] PTP clock support registered
[    0.278789] EDAC MC: Ver: 3.0.0
[    0.278789] NetLabel: Initializing
[    0.278789] NetLabel:  domain hash size = 128
[    0.278789] NetLabel:  protocols = UNLABELED CIPSOv4 CALIPSO
[    0.278789] NetLabel:  unlabeled traffic allowed by default
[    0.280970] PCI: Using ACPI for IRQ routing
[    0.281321] hpet0: at MMIO 0xfed00000, IRQs 2, 8, 0
[    0.281496] hpet0: 3 comparators, 64-bit 100.000000 MHz counter
[    0.284969] clocksource: Switched to clocksource kvm-clock
[    0.429311] VFS: Disk quotas dquot_6.6.0
[    0.429639] VFS: Dquot-cache hash table entries: 512 (order 0, 4096 bytes)
[    0.430206] pnp: PnP ACPI init
[    0.431514] pnp: PnP ACPI: found 6 devices
[    0.438504] clocksource: acpi_pm: mask: 0xffffff max_cycles: 0xffffff, max_idle_ns: 2085701024 ns
[    0.439271] NET: Registered protocol family 2
[    2.055154] tcp_listen_portaddr_hash hash table entries: 1024 (order: 2, 16384 bytes, linear)
[    2.056085] TCP established hash table entries: 16384 (order: 5, 131072 bytes, linear)
[    2.057036] TCP bind hash table entries: 16384 (order: 6, 262144 bytes, linear)
[    2.057725] TCP: Hash tables configured (established 16384 bind 16384)
[    2.058150] UDP hash table entries: 1024 (order: 3, 32768 bytes, linear)
[    2.058535] UDP-Lite hash table entries: 1024 (order: 3, 32768 bytes, linear)
[    2.059006] NET: Registered protocol family 1
[    2.059472] RPC: Registered named UNIX socket transport module.
[    2.059803] RPC: Registered udp transport module.
[    2.060064] RPC: Registered tcp transport module.
[    2.060325] RPC: Registered tcp NFSv4.1 backchannel transport module.
[    2.060702] pci_bus 0000:00: resource 4 [io  0x0000-0x0cf7 window]
[    2.061057] pci_bus 0000:00: resource 5 [io  0x0d00-0xffff window]
[    2.061402] pci_bus 0000:00: resource 6 [mem 0x000a0000-0x000bffff window]
[    2.061789] pci_bus 0000:00: resource 7 [mem 0x80000000-0xfebfffff window]
[    2.062172] pci_bus 0000:00: resource 8 [mem 0x100000000-0x17fffffff window]
[    2.062704] pci 0000:00:01.0: PIIX3: Enabling Passive Release
[    2.063034] pci 0000:00:00.0: Limiting direct PCI/PCI transfers
[    2.063378] pci 0000:00:01.0: Activating ISA DMA hang workarounds
[    2.063774] pci 0000:00:02.0: Video device with shadowed ROM at [mem 0x000c0000-0x000dffff]
[    2.064251] PCI: CLS 0 bytes, default 64
[    2.064702] clocksource: tsc: mask: 0xffffffffffffffff max_cycles: 0x363e8c91135, max_idle_ns: 881590568389 ns
[    2.065728] check: Scanning for low memory corruption every 60 seconds
[    2.067553] Initialise system trusted keyrings
[    2.067827] Key type blacklist registered
[    2.068131] workingset: timestamp_bits=36 max_order=19 bucket_order=0
[    2.071147] zbud: loaded
[    2.071960] squashfs: version 4.0 (2009/01/31) Phillip Lougher
[    2.072772] NFS: Registering the id_resolver key type
[    2.073072] Key type id_resolver registered
[    2.073307] Key type id_legacy registered
[    2.073570] nfs4filelayout_init: NFSv4 File Layout Driver Registering...
[    2.073982] fuse: init (API version 7.33)
[    2.074303] SGI XFS with ACLs, security attributes, realtime, quota, no debug enabled
[    2.075300] 9p: Installing v9fs 9p2000 file system support
[    2.081080] Key type asymmetric registered
[    2.081312] Asymmetric key parser 'x509' registered
[    2.081595] Block layer SCSI generic (bsg) driver version 0.4 loaded (major 244)
[    2.082137] io scheduler mq-deadline registered
[    2.082424] io scheduler bfq registered
[    2.082894] shpchp: Standard Hot Plug PCI Controller Driver version: 0.4
[    2.083366] IPMI message handler: version 39.2
[    2.083622] ipmi device interface
[    2.084462] input: Power Button as /devices/LNXSYSTM:00/LNXPWRBN:00/input/input0
[    2.084920] ACPI: Power Button [PWRF]
[    2.085593] ERST DBG: ERST support is disabled.
[    2.086005] Serial: 8250/16550 driver, 32 ports, IRQ sharing enabled
[    2.086613] 00:04: ttyS0 at I/O 0x3f8 (irq = 4, base_baud = 115200) is a 16550A
[    2.089799] Linux agpgart interface v0.103
[    2.094602] brd: module loaded
[    2.097981] loop: module loaded
[    2.099647] scsi host0: ata_piix
[    2.100013] scsi host1: ata_piix
[    2.100249] ata1: PATA max MWDMA2 cmd 0x1f0 ctl 0x3f6 bmdma 0xc040 irq 14
[    2.100625] ata2: PATA max MWDMA2 cmd 0x170 ctl 0x376 bmdma 0xc048 irq 15
[    2.101270] libphy: Fixed MDIO Bus: probed
[    2.101632] tun: Universal TUN/TAP device driver, 1.6
[    2.101963] e100: Intel(R) PRO/100 Network Driver
[    2.102226] e100: Copyright(c) 1999-2006 Intel Corporation
[    2.102546] e1000: Intel(R) PRO/1000 Network Driver
[    2.102816] e1000: Copyright (c) 1999-2006 Intel Corporation.
[    2.165422] PCI Interrupt Link [LNKC] enabled at IRQ 11
[    2.261830] ata1.00: ATA-7: QEMU HARDDISK, 2.5+, max UDMA/100
[    2.262155] ata1.00: 16777216 sectors, multi 16: LBA48 
[    2.262596] ata2.00: ATAPI: QEMU DVD-ROM, 2.5+, max UDMA/100
[    2.263690] scsi 0:0:0:0: Direct-Access     ATA      QEMU HARDDISK    2.5+ PQ: 0 ANSI: 5
[    2.264392] sd 0:0:0:0: [sda] 16777216 512-byte logical blocks: (8.59 GB/8.00 GiB)
[    2.264828] sd 0:0:0:0: [sda] Write Protect is off
[    2.265127] sd 0:0:0:0: [sda] Write cache: enabled, read cache: enabled, doesn't support DPO or FUA
[    2.265687] sd 0:0:0:0: Attached scsi generic sg0 type 0
[    2.266631] scsi 1:0:0:0: CD-ROM            QEMU     QEMU DVD-ROM     2.5+ PQ: 0 ANSI: 5
[    2.267592] scsi 1:0:0:0: Attached scsi generic sg1 type 5
[    2.269020] sd 0:0:0:0: [sda] Attached SCSI disk
[    2.483117] e1000 0000:00:03.0 eth0: (PCI:33MHz:32-bit) 52:54:00:12:34:56
[    2.483527] e1000 0000:00:03.0 eth0: Intel(R) PRO/1000 Network Connection
[    2.483939] e1000e: Intel(R) PRO/1000 Network Driver
[    2.484215] e1000e: Copyright(c) 1999 - 2015 Intel Corporation.
[    2.484575] igb: Intel(R) Gigabit Ethernet Network Driver
[    2.484874] igb: Copyright (c) 2007-2014 Intel Corporation.
[    2.485232] PPP generic driver version 2.4.2
[    2.485774] VFIO - User Level meta-driver version: 0.3
[    2.486096] ehci_hcd: USB 2.0 'Enhanced' Host Controller (EHCI) Driver
[    2.486462] ehci-pci: EHCI PCI platform driver
[    2.486725] ehci-platform: EHCI generic platform driver
[    2.487024] ohci_hcd: USB 1.1 'Open' Host Controller (OHCI) Driver
[    2.487372] ohci-pci: OHCI PCI platform driver
[    2.487633] ohci-platform: OHCI generic platform driver
[    2.487934] uhci_hcd: USB Universal Host Controller Interface driver
[    2.488537] usbcore: registered new interface driver uas
[    2.488864] usbcore: registered new interface driver usb-storage
[    2.489261] i8042: PNP: PS/2 Controller [PNP0303:KBD,PNP0f13:MOU] at 0x60,0x64 irq 1,12
[    2.490341] serio: i8042 KBD port at 0x60,0x64 irq 1
[    2.490635] serio: i8042 AUX port at 0x60,0x64 irq 12
[    2.491142] mousedev: PS/2 mouse device common for all mice
[    2.491710] input: AT Translated Set 2 keyboard as /devices/platform/i8042/serio0/input/input1
[    2.492340] rtc_cmos 00:05: RTC can wake from S4
[    2.493173] input: VirtualPS/2 VMware VMMouse as /devices/platform/i8042/serio1/input/input4
[    2.493727] rtc_cmos 00:05: registered as rtc0
[    2.494016] rtc_cmos 00:05: setting system clock to 2022-12-07T02:05:48 UTC (1670378748)
[    2.494528] rtc_cmos 00:05: alarms up to one day, y3k, 242 bytes nvram, hpet irqs
[    2.494956] i2c /dev entries driver
[    2.495205] device-mapper: uevent: version 1.0.3
[    2.495608] device-mapper: ioctl: 4.43.0-ioctl (2020-10-01) initialised: dm-devel@redhat.com
[    2.496081] intel_pstate: CPU model not supported
[    2.496394] sdhci: Secure Digital Host Controller Interface driver
[    2.496741] sdhci: Copyright(c) Pierre Ossman
[    2.497110] input: VirtualPS/2 VMware VMMouse as /devices/platform/i8042/serio1/input/input3
[    2.497603] sdhci-pltfm: SDHCI platform and OF driver helper
[    2.497994] ledtrig-cpu: registered to indicate activity on CPUs
[    2.498415] drop_monitor: Initializing network drop monitor service
[    2.499019] NET: Registered protocol family 10
[    2.499941] Segment Routing with IPv6
[    2.500171] NET: Registered protocol family 17
[    2.500542] 9pnet: Installing 9P2000 support
[    2.500796] Key type dns_resolver registered
[    2.501356] IPI shorthand broadcast: enabled
[    2.501619] sched_clock: Marking stable (2493756278, 7468598)->(2523678752, -22453876)
[    2.502182] registered taskstats version 1
[    2.502433] Loading compiled-in X.509 certificates
[    2.502739] zswap: loaded using pool lzo/zbud
[    2.503129] Key type ._fscrypt registered
[    2.503355] Key type .fscrypt registered
[    2.503575] Key type fscrypt-provisioning registered
[    2.504073] Key type encrypted registered
[    2.504309] ima: No TPM chip found, activating TPM-bypass!
[    2.504616] ima: Allocated hash algorithm: sha1
[    2.504887] ima: No architecture policies found
[    2.505159] evm: Initialising EVM extended attributes:
[    2.505450] evm: security.selinux
[    2.505637] evm: security.SMACK64
[    2.505824] evm: security.SMACK64EXEC
[    2.506035] evm: security.SMACK64TRANSMUTE
[    2.506264] evm: security.SMACK64MMAP
[    2.506470] evm: security.apparmor
[    2.506662] evm: security.ima
[    2.506830] evm: security.capability
[    2.507031] evm: HMAC attrs: 0x1
[    2.508487] PM:   Magic number: 2:285:55
[    2.508906] RAS: Correctable Errors collector initialized.
[    2.509405] md: Waiting for all devices to be available before autodetect
[    2.509785] md: If you don't use raid, use raid=noautodetect
[    2.510100] md: Autodetecting RAID arrays.
[    2.510332] md: autorun ...
[    2.510492] md: ... autorun DONE.
[    2.518492] EXT4-fs (sda): INFO: recovery required on readonly filesystem
[    2.518883] EXT4-fs (sda): write access will be enabled during recovery
[    2.548511] random: fast init done
[    2.572191] EXT4-fs (sda): recovery complete
[    2.574174] EXT4-fs (sda): mounted filesystem with ordered data mode. Opts: (null). Quota mode: none.
[    2.574732] VFS: Mounted root (ext4 filesystem) readonly on device 8:0.
[    2.575666] devtmpfs: mounted
[    2.581961] Freeing unused decrypted memory: 2036K
[    2.583863] Freeing unused kernel image (initmem) memory: 3048K
[    2.584205] Write protecting the kernel read-only data: 38912k
[    2.586575] Freeing unused kernel image (text/rodata gap) memory: 2028K
[    2.587707] Freeing unused kernel image (rodata/data gap) memory: 1004K
[    2.660496] x86/mm: Checked W+X mappings: passed, no W+X pages found.
[    2.660889] Run /sbin/init as init process
[    2.726145] systemd[1]: RTC configured in localtime, applying delta of 0 minutes to system time.
[    2.740954] systemd[1]: systemd 239 (239-49.el8) running in system mode. (+PAM +AUDIT +SELINUX +IMA -APPARMOR +SMACK +SYSVINIT +UTMP +LIBCRYPTSETUP +GCRYPT +GNUTLS +ACL +XZ +LZ4 +SECCOMP +BLKID +ELFUTILS +KMOD +IDN2 -IDN +PCRE2 default-hierarchy=legacy)
[    2.742396] systemd[1]: Detected virtualization kvm.
[    2.742717] systemd[1]: Detected architecture x86-64.

Welcome to [0;31mCentOS Stream 8[0m!

[    2.758477] systemd[1]: Set hostname to <test>.
[    2.831617] random: lvmconfig: uninitialized urandom read (4 bytes read)
[    2.903130] random: systemd: uninitialized urandom read (16 bytes read)
[    2.903590] systemd[1]: Reached target Swap.
[[0;32m  OK  [0m] Reached target Swap.
[    2.904293] random: systemd: uninitialized urandom read (16 bytes read)
[    2.904787] systemd[1]: Listening on multipathd control socket.
[[0;32m  OK  [0m] Listening on multipathd control socket.
[    2.905790] systemd[1]: Set up automount Arbitrary Executable File Formats File System Automount Point.
[[0;32m  OK  [0m] Set up automount Arbitrary Executabâ€¦rmats File System Automount Point.
[    2.907036] systemd[1]: Listening on udev Control Socket.
[[0;32m  OK  [0m] Listening on udev Control Socket.
[    2.909267] systemd[1]: Created slice system-serial\x2dgetty.slice.
[[0;32m  OK  [0m] Created slice system-serial\x2dgetty.slice.
[    2.910191] systemd[1]: Listening on LVM2 poll daemon socket.
[[0;32m  OK  [0m] Listening on LVM2 poll daemon socket.
[[0;32m  OK  [0m] Listening on Process Core Dump Socket.
[[0;32m  OK  [0m] Created slice system-sshd\x2dkeygen.slice.
[[0;32m  OK  [0m] Listening on Journal Socket (/dev/log).
[[0;32m  OK  [0m] Listening on udev Kernel Socket.
[[0;32m  OK  [0m] Listening on initctl Compatibility Named Pipe.
[[0;32m  OK  [0m] Created slice system-getty.slice.
[[0;32m  OK  [0m] Started Forward Password Requests to Wall Directory Watch.
[[0;32m  OK  [0m] Listening on RPCbind Server Activation Socket.
[[0;32m  OK  [0m] Reached target RPC Port Mapper.
[[0;32m  OK  [0m] Listening on Journal Socket.
         Starting Remount Root and Kernel File Systems...
         Starting udev Coldplug all Devices...
         Mounting Huge Pages File System...
         Starting Setup Virtual Console...
         Starting Journal Service...
         Starting Load Kernel Modules...
         Mounting Kernel Debug File System...
[[0;32m  OK  [0m] Created slice User and Session Slice.
[[0;32m  OK  [0m] Reached target Slices.
         Mounting POSIX Message Queue File System...
[[0;32m  OK  [0m] Listening on Device-mapper event daemon FIFOs.
         Starting Monitoring of LVM2 mirrorsâ€¦ng dmeventd or progress polling...
[[0;32m  OK  [0m] Mounted Huge Pages File System.
[[0;1;31mFAILED[0m] Failed to start Load Kernel Modules.
See 'systemctl status systemd-modules-load.service' for details.
         Mounting Kernel Configuration File System...
         Mounting FUSE Control File System...
         Starting Apply Kernel Variables...
[[0;32m  OK  [0m] Started Journal Service.
[[0;32m  OK  [0m] Mounted Kernel Debug File System.
[[0;32m  OK  [0m] Mounted POSIX Message Queue File System.
[[0;32m  OK  [0m] Mounted Kernel Configuration File System.
[[0;32m  OK  [0m] Mounted FUSE Control File System.
[    3.068474] EXT4-fs (sda): re-mounted. Opts: (null). Quota mode: none.
[[0;32m  OK  [0m] Started Apply Kernel Variables.
[[0;32m  OK  [0m] Started Remount Root and Kernel File Systems.
         Starting Flush Journal to Persistent Storage...
         Starting Load/Save Random Seed...
         Starting Create Static Device Nodes in /dev...
[[0;32m  OK  [0m] Started Load/Save Random Seed.
[[0;32m  OK  [0m] Started Flush Journal to Persistent Storage.
[[0;32m  OK  [0m] Started Create Static Device Nodes in /dev.
         Starting udev Kernel Device Manager...
[[0;32m  OK  [0m] Started udev Coldplug all Devices.
         Starting udev Wait for Complete Device Initialization...
[[0;32m  OK  [0m] Started udev Kernel Device Manager.
[[0;32m  OK  [0m] Started Setup Virtual Console.
         Starting Show Plymouth Boot Screen...
[[0;32m  OK  [0m] Started Show Plymouth Boot Screen.
[[0;32m  OK  [0m] Started Forward Password Requests to Plymouth Directory Watch.
[[0;32m  OK  [0m] Reached target Local Encrypted Volumes.
[[0;32m  OK  [0m] Reached target Paths.
[[0;32m  OK  [0m] Found device /dev/ttyS0.
[[0;32m  OK  [0m] Started udev Wait for Complete Device Initialization.
[[0;32m  OK  [0m] Listening on Load/Save RF Kill Switch Status /dev/rfkill Watch.
[[0;32m  OK  [0m] Started Monitoring of LVM2 mirrors,â€¦sing dmeventd or progress polling.
[[0;32m  OK  [0m] Reached target Local File Systems (Pre).
[[0;32m  OK  [0m] Reached target Local File Systems.
         Starting Create Volatile Files and Directories...
         Starting Restore /run/initramfs on shutdown...
         Starting Tell Plymouth To Write Out Runtime Data...
[[0;32m  OK  [0m] Started Restore /run/initramfs on shutdown.
[[0;32m  OK  [0m] Started Tell Plymouth To Write Out Runtime Data.
[[0;32m  OK  [0m] Started Create Volatile Files and Directories.
         Starting RPC Bind...
         Mounting RPC Pipe File System...
         Starting Security Auditing Service...
[[0;32m  OK  [0m] Mounted RPC Pipe File System.
[[0;32m  OK  [0m] Reached target rpc_pipefs.target.
[[0;32m  OK  [0m] Started RPC Bind.
[[0;32m  OK  [0m] Started Security Auditing Service.
         Starting Update UTMP about System Boot/Shutdown...
[[0;32m  OK  [0m] Started Update UTMP about System Boot/Shutdown.
[[0;32m  OK  [0m] Reached target System Initialization.
[[0;32m  OK  [0m] Started Daily Cleanup of Temporary Directories.
[[0;32m  OK  [0m] Listening on D-Bus System Message Bus Socket.
[[0;32m  OK  [0m] Listening on SSSD Kerberos Cache Manager responder socket.
[[0;32m  OK  [0m] Reached target Sockets.
[[0;32m  OK  [0m] Reached target Basic System.
[[0;32m  OK  [0m] Started D-Bus System Message Bus.
         Starting Auto-connect to subsystemsâ€¦-NVME devices found during boot...
         Starting Login Service...
[[0;32m  OK  [0m] Started irqbalance daemon.
         Starting Authorization Manager...
[[0;32m  OK  [0m] Reached target sshd-keygen.target.
         Starting NTP client/server...
[[0;32m  OK  [0m] Started Machine Check Exception Logging Daemon.
[[0;32m  OK  [0m] Started dnf makecache --timer.
         Starting Network Manager...
         Starting Self Monitoring and Reporting Technology (SMART) Daemon...
[[0;32m  OK  [0m] Started daily update of the root trust anchor for DNSSEC.
[[0;32m  OK  [0m] Reached target Timers.
[[0;32m  OK  [0m] Started Auto-connect to subsystems â€¦FC-NVME devices found during boot.
[[0;32m  OK  [0m] Started Self Monitoring and Reporting Technology (SMART) Daemon.
[[0;32m  OK  [0m] Started Login Service.
[[0;32m  OK  [0m] Started Network Manager.
[[0;32m  OK  [0m] Reached target Network.
         Starting OpenSSH server daemon...
         Starting Dynamic System Tuning Daemon...
         Starting GSSAPI Proxy Daemon...
         Starting Network Manager Wait Online...
         Starting Hostname Service...
[[0;32m  OK  [0m] Started NTP client/server.
[[0;32m  OK  [0m] Started Authorization Manager.
[[0;32m  OK  [0m] Started Hostname Service.
         Starting Network Manager Script Dispatcher Service...
[[0;32m  OK  [0m] Started Network Manager Script Dispatcher Service.
[    4.276972] e1000: eth0 NIC Link is Up 1000 Mbps Full Duplex, Flow Control: RX
[    4.277810] IPv6: ADDRCONF(NETDEV_CHANGE): eth0: link becomes ready
[[0;32m  OK  [0m] Started Dynamic System Tuning Daemon.
[    5.312957] random: crng init done
[    5.313216] random: 7 urandom warning(s) missed due to ratelimiting
[[0;32m  OK  [0m] Started Network Manager Wait Online.
[[0;32m  OK  [0m] Reached target Network is Online.
         Starting Notify NFS peers of a restart...
         Starting System Logging Service...
[[0;32m  OK  [0m] Started GSSAPI Proxy Daemon.
[[0;32m  OK  [0m] Reached target NFS client services.
[[0;32m  OK  [0m] Reached target Remote File Systems (Pre).
[[0;32m  OK  [0m] Reached target Remote File Systems.
         Starting Permit User Sessions...
[[0;32m  OK  [0m] Started OpenSSH server daemon.
[[0;32m  OK  [0m] Started Notify NFS peers of a restart.
[[0;32m  OK  [0m] Started Permit User Sessions.
         Starting Terminate Plymouth Boot Screen...
[[0;32m  OK  [0m] Started Command Scheduler.
         Starting Hold until boot process finishes up...
[[0;32m  OK  [0m] Started System Logging Service.

CentOS Stream 8
Kernel 5.11.0-f40ddce88593 on an x86_64

test login: [   27.542442] loop0: detected capacity change from 1024 to 0
[   27.543010] EXT4-fs (loop0): Ignoring removed bh option
[   27.543323] EXT4-fs (loop0): Journaled quota options ignored when QUOTA feature is enabled
[   27.543784] EXT4-fs (loop0): Quota format mount options ignored when QUOTA feature is enabled
[   27.544259] EXT4-fs (loop0): Unrecognized mount option "nolazytime=errors=continue" or missing value
[   27.563880] loop0: detected capacity change from 1024 to 0
[   27.564432] EXT4-fs (loop0): Ignoring removed bh option
[   27.564741] EXT4-fs (loop0): Journaled quota options ignored when QUOTA feature is enabled
[   27.565220] EXT4-fs (loop0): Quota format mount options ignored when QUOTA feature is enabled
[   27.565709] EXT4-fs (loop0): Unrecognized mount option "nolazytime=errors=continue" or missing value
[   27.588322] loop0: detected capacity change from 1024 to 0
[   27.588817] EXT4-fs (loop0): Ignoring removed bh option
[   27.589169] EXT4-fs (loop0): Journaled quota options ignored when QUOTA feature is enabled
[   27.589699] EXT4-fs (loop0): Quota format mount options ignored when QUOTA feature is enabled
[   27.590230] EXT4-fs (loop0): Unrecognized mount option "nolazytime=errors=continue" or missing value
[   27.609276] loop0: detected capacity change from 1024 to 0
[   27.612242] EXT4-fs (loop0): Ignoring removed bh option
[   27.612553] EXT4-fs (loop0): Journaled quota options ignored when QUOTA feature is enabled
[   27.613036] EXT4-fs (loop0): Quota format mount options ignored when QUOTA feature is enabled
[   27.613536] EXT4-fs (loop0): Unrecognized mount option "nolazytime=errors=continue" or missing value
[   27.633148] loop0: detected capacity change from 1024 to 0
[   27.633687] EXT4-fs (loop0): Ignoring removed bh option
[   27.633998] EXT4-fs (loop0): Journaled quota options ignored when QUOTA feature is enabled
[   27.634465] EXT4-fs (loop0): Quota format mount options ignored when QUOTA feature is enabled
[   27.634950] EXT4-fs (loop0): Unrecognized mount option "nolazytime=errors=continue" or missing value
[   27.653213] loop0: detected capacity change from 1024 to 0
[   27.653752] EXT4-fs (loop0): Ignoring removed bh option
[   27.654066] EXT4-fs (loop0): Journaled quota options ignored when QUOTA feature is enabled
[   27.654536] EXT4-fs (loop0): Quota format mount options ignored when QUOTA feature is enabled
[   27.655018] EXT4-fs (loop0): Unrecognized mount option "nolazytime=errors=continue" or missing value
[   27.669207] loop0: detected capacity change from 1024 to 0
[   27.669743] EXT4-fs (loop0): Ignoring removed bh option
[   27.670071] EXT4-fs (loop0): Journaled quota options ignored when QUOTA feature is enabled
[   27.670542] EXT4-fs (loop0): Quota format mount options ignored when QUOTA feature is enabled
[   27.671024] EXT4-fs (loop0): Unrecognized mount option "nolazytime=errors=continue" or missing value
[   27.685208] loop0: detected capacity change from 1024 to 0
[   27.685744] EXT4-fs (loop0): Ignoring removed bh option
[   27.686067] EXT4-fs (loop0): Journaled quota options ignored when QUOTA feature is enabled
[   27.686538] EXT4-fs (loop0): Quota format mount options ignored when QUOTA feature is enabled
[   27.687020] EXT4-fs (loop0): Unrecognized mount option "nolazytime=errors=continue" or missing value
[   27.709207] loop0: detected capacity change from 1024 to 0
[   27.709756] EXT4-fs (loop0): Ignoring removed bh option
[   27.710074] EXT4-fs (loop0): Journaled quota options ignored when QUOTA feature is enabled
[   27.710544] EXT4-fs (loop0): Quota format mount options ignored when QUOTA feature is enabled
[   27.711027] EXT4-fs (loop0): Unrecognized mount option "nolazytime=errors=continue" or missing value
[   27.725208] loop0: detected capacity change from 1024 to 0
[   27.725749] EXT4-fs (loop0): Ignoring removed bh option
[   27.726069] EXT4-fs (loop0): Journaled quota options ignored when QUOTA feature is enabled
[   27.726537] EXT4-fs (loop0): Quota format mount options ignored when QUOTA feature is enabled
[   27.727019] EXT4-fs (loop0): Unrecognized mount option "nolazytime=errors=continue" or missing value
[   27.745222] loop0: detected capacity change from 1024 to 0
[   27.745764] EXT4-fs (loop0): Ignoring removed bh option
[   27.746075] EXT4-fs (loop0): Journaled quota options ignored when QUOTA feature is enabled
[   27.746542] EXT4-fs (loop0): Quota format mount options ignored when QUOTA feature is enabled
[   27.747022] EXT4-fs (loop0): Unrecognized mount option "nolazytime=errors=continue" or missing value
[   27.761188] loop0: detected capacity change from 1024 to 0
[   27.761725] EXT4-fs (loop0): Ignoring removed bh option
[   27.762047] EXT4-fs (loop0): Journaled quota options ignored when QUOTA feature is enabled
[   27.762516] EXT4-fs (loop0): Quota format mount options ignored when QUOTA feature is enabled
[   27.762997] EXT4-fs (loop0): Unrecognized mount option "nolazytime=errors=continue" or missing value
[   27.785216] loop0: detected capacity change from 1024 to 0
[   27.785762] EXT4-fs (loop0): Ignoring removed bh option
[   27.786075] EXT4-fs (loop0): Journaled quota options ignored when QUOTA feature is enabled
[   27.786547] EXT4-fs (loop0): Quota format mount options ignored when QUOTA feature is enabled
[   27.787029] EXT4-fs (loop0): Unrecognized mount option "nolazytime=errors=continue" or missing value
[   27.801206] loop0: detected capacity change from 1024 to 0
[   27.801769] EXT4-fs (loop0): Ignoring removed bh option
[   27.802080] EXT4-fs (loop0): Journaled quota options ignored when QUOTA feature is enabled
[   27.802548] EXT4-fs (loop0): Quota format mount options ignored when QUOTA feature is enabled
[   27.803029] EXT4-fs (loop0): Unrecognized mount option "nolazytime=errors=continue" or missing value
[   27.817197] loop0: detected capacity change from 1024 to 0
[   27.817717] EXT4-fs (loop0): Ignoring removed bh option
[   27.818028] EXT4-fs (loop0): Journaled quota options ignored when QUOTA feature is enabled
[   27.818495] EXT4-fs (loop0): Quota format mount options ignored when QUOTA feature is enabled
[   27.818980] EXT4-fs (loop0): Unrecognized mount option "nolazytime=errors=continue" or missing value
[   27.833217] loop0: detected capacity change from 1024 to 0
[   27.833775] EXT4-fs (loop0): Ignoring removed bh option
[   27.834095] EXT4-fs (loop0): Journaled quota options ignored when QUOTA feature is enabled
[   27.834562] EXT4-fs (loop0): Quota format mount options ignored when QUOTA feature is enabled
[   27.835046] EXT4-fs (loop0): Unrecognized mount option "nolazytime=errors=continue" or missing value
[   27.849206] loop0: detected capacity change from 1024 to 0
[   27.849766] EXT4-fs (loop0): Ignoring removed bh option
[   27.850090] EXT4-fs (loop0): Journaled quota options ignored when QUOTA feature is enabled
[   27.850563] EXT4-fs (loop0): Quota format mount options ignored when QUOTA feature is enabled
[   27.851044] EXT4-fs (loop0): Unrecognized mount option "nolazytime=errors=continue" or missing value
[   27.869224] loop0: detected capacity change from 1024 to 0
[   27.869772] EXT4-fs (loop0): Ignoring removed bh option
[   27.870087] EXT4-fs (loop0): Journaled quota options ignored when QUOTA feature is enabled
[   27.870555] EXT4-fs (loop0): Quota format mount options ignored when QUOTA feature is enabled
[   27.871039] EXT4-fs (loop0): Unrecognized mount option "nolazytime=errors=continue" or missing value
[   27.885217] loop0: detected capacity change from 1024 to 0
[   27.885758] EXT4-fs (loop0): Ignoring removed bh option
[   27.886083] EXT4-fs (loop0): Journaled quota options ignored when QUOTA feature is enabled
[   27.886552] EXT4-fs (loop0): Quota format mount options ignored when QUOTA feature is enabled
[   27.887034] EXT4-fs (loop0): Unrecognized mount option "nolazytime=errors=continue" or missing value
[   27.905208] loop0: detected capacity change from 1024 to 0
[   27.905741] EXT4-fs (loop0): Ignoring removed bh option
[   27.906056] EXT4-fs (loop0): Journaled quota options ignored when QUOTA feature is enabled
[   27.906528] EXT4-fs (loop0): Quota format mount options ignored when QUOTA feature is enabled
[   27.907010] EXT4-fs (loop0): Unrecognized mount option "nolazytime=errors=continue" or missing value
[   27.921168] loop0: detected capacity change from 1024 to 0
[   27.921676] EXT4-fs (loop0): Ignoring removed bh option
[   27.921989] EXT4-fs (loop0): Journaled quota options ignored when QUOTA feature is enabled
[   27.922459] EXT4-fs (loop0): Quota format mount options ignored when QUOTA feature is enabled
[   27.922946] EXT4-fs (loop0): Unrecognized mount option "nolazytime=errors=continue" or missing value
[   27.941215] loop0: detected capacity change from 1024 to 0
[   27.941638] EXT4-fs (loop0): Ignoring removed bh option
[   27.941962] EXT4-fs (loop0): Journaled quota options ignored when QUOTA feature is enabled
[   27.942433] EXT4-fs (loop0): Quota format mount options ignored when QUOTA feature is enabled
[   27.942919] EXT4-fs (loop0): Unrecognized mount option "nolazytime=errors=continue" or missing value
[   27.961203] loop0: detected capacity change from 1024 to 0
[   27.961614] EXT4-fs (loop0): Ignoring removed bh option
[   27.961939] EXT4-fs (loop0): Journaled quota options ignored when QUOTA feature is enabled
[   27.962407] EXT4-fs (loop0): Quota format mount options ignored when QUOTA feature is enabled
[   27.962891] EXT4-fs (loop0): Unrecognized mount option "nolazytime=errors=continue" or missing value
[   27.977209] loop0: detected capacity change from 1024 to 0
[   27.977654] EXT4-fs (loop0): Ignoring removed bh option
[   27.977975] EXT4-fs (loop0): Journaled quota options ignored when QUOTA feature is enabled
[   27.978441] EXT4-fs (loop0): Quota format mount options ignored when QUOTA feature is enabled
[   27.978921] EXT4-fs (loop0): Unrecognized mount option "nolazytime=errors=continue" or missing value
[   27.993214] loop0: detected capacity change from 1024 to 0
[   27.993645] EXT4-fs (loop0): Ignoring removed bh option
[   27.993960] EXT4-fs (loop0): Journaled quota options ignored when QUOTA feature is enabled
[   27.994432] EXT4-fs (loop0): Quota format mount options ignored when QUOTA feature is enabled
[   27.994915] EXT4-fs (loop0): Unrecognized mount option "nolazytime=errors=continue" or missing value
[   28.013226] loop0: detected capacity change from 1024 to 0
[   28.013647] EXT4-fs (loop0): Ignoring removed bh option
[   28.013968] EXT4-fs (loop0): Journaled quota options ignored when QUOTA feature is enabled
[   28.014435] EXT4-fs (loop0): Quota format mount options ignored when QUOTA feature is enabled
[   28.014916] EXT4-fs (loop0): Unrecognized mount option "nolazytime=errors=continue" or missing value
[   28.029210] loop0: detected capacity change from 1024 to 0
[   28.029633] EXT4-fs (loop0): Ignoring removed bh option
[   28.029950] EXT4-fs (loop0): Journaled quota options ignored when QUOTA feature is enabled
[   28.030418] EXT4-fs (loop0): Quota format mount options ignored when QUOTA feature is enabled
[   28.030898] EXT4-fs (loop0): Unrecognized mount option "nolazytime=errors=continue" or missing value
[   28.045200] loop0: detected capacity change from 1024 to 0
[   28.045632] EXT4-fs (loop0): Ignoring removed bh option
[   28.045947] EXT4-fs (loop0): Journaled quota options ignored when QUOTA feature is enabled
[   28.046414] EXT4-fs (loop0): Quota format mount options ignored when QUOTA feature is enabled
[   28.046894] EXT4-fs (loop0): Unrecognized mount option "nolazytime=errors=continue" or missing value
[   28.061208] loop0: detected capacity change from 1024 to 0
[   28.061634] EXT4-fs (loop0): Ignoring removed bh option
[   28.061954] EXT4-fs (loop0): Journaled quota options ignored when QUOTA feature is enabled
[   28.062422] EXT4-fs (loop0): Quota format mount options ignored when QUOTA feature is enabled
[   28.062907] EXT4-fs (loop0): Unrecognized mount option "nolazytime=errors=continue" or missing value
[   28.077202] loop0: detected capacity change from 1024 to 0
[   28.077641] EXT4-fs (loop0): Ignoring removed bh option
[   28.077959] EXT4-fs (loop0): Journaled quota options ignored when QUOTA feature is enabled
[   28.078427] EXT4-fs (loop0): Quota format mount options ignored when QUOTA feature is enabled
[   28.078922] EXT4-fs (loop0): Unrecognized mount option "nolazytime=errors=continue" or missing value
[   28.093217] loop0: detected capacity change from 1024 to 0
[   28.093731] EXT4-fs (loop0): Ignoring removed bh option
[   28.094040] EXT4-fs (loop0): Journaled quota options ignored when QUOTA feature is enabled
[   28.094506] EXT4-fs (loop0): Quota format mount options ignored when QUOTA feature is enabled
[   28.094986] EXT4-fs (loop0): Unrecognized mount option "nolazytime=errors=continue" or missing value
[   28.109208] loop0: detected capacity change from 1024 to 0
[   28.109720] EXT4-fs (loop0): Ignoring removed bh option
[   28.110031] EXT4-fs (loop0): Journaled quota options ignored when QUOTA feature is enabled
[   28.110500] EXT4-fs (loop0): Quota format mount options ignored when QUOTA feature is enabled
[   28.110986] EXT4-fs (loop0): Unrecognized mount option "nolazytime=errors=continue" or missing value
[   28.129229] loop0: detected capacity change from 1024 to 0
[   28.129950] EXT4-fs (loop0): Ignoring removed bh option
[   28.130257] EXT4-fs (loop0): Journaled quota options ignored when QUOTA feature is enabled
[   28.130719] EXT4-fs (loop0): Quota format mount options ignored when QUOTA feature is enabled
[   28.131191] EXT4-fs (loop0): Unrecognized mount option "nolazytime=errors=continue" or missing value
[   28.149736] loop0: detected capacity change from 1024 to 0
[   28.150369] EXT4-fs (loop0): Ignoring removed bh option
[   28.150676] EXT4-fs (loop0): Journaled quota options ignored when QUOTA feature is enabled
[   28.151137] EXT4-fs (loop0): Quota format mount options ignored when QUOTA feature is enabled
[   28.151612] EXT4-fs (loop0): Unrecognized mount option "nolazytime=errors=continue" or missing value
[   28.167905] loop0: detected capacity change from 1024 to 0
[   28.170822] EXT4-fs (loop0): Ignoring removed bh option
[   28.171128] EXT4-fs (loop0): Journaled quota options ignored when QUOTA feature is enabled
[   28.171591] EXT4-fs (loop0): Quota format mount options ignored when QUOTA feature is enabled
[   28.172063] EXT4-fs (loop0): Unrecognized mount option "nolazytime=errors=continue" or missing value
[   28.192249] loop0: detected capacity change from 1024 to 0
[   28.192814] EXT4-fs (loop0): Ignoring removed bh option
[   28.193137] EXT4-fs (loop0): Journaled quota options ignored when QUOTA feature is enabled
[   28.193601] EXT4-fs (loop0): Quota format mount options ignored when QUOTA feature is enabled
[   28.194074] EXT4-fs (loop0): Unrecognized mount option "nolazytime=errors=continue" or missing value
[   28.211974] loop0: detected capacity change from 1024 to 0
[   28.212418] EXT4-fs (loop0): Ignoring removed bh option
[   28.212722] EXT4-fs (loop0): Journaled quota options ignored when QUOTA feature is enabled
[   28.213188] EXT4-fs (loop0): Quota format mount options ignored when QUOTA feature is enabled
[   28.213665] EXT4-fs (loop0): Unrecognized mount option "nolazytime=errors=continue" or missing value
[   28.225773] loop0: detected capacity change from 1024 to 0
[   28.226313] EXT4-fs (loop0): Ignoring removed bh option
[   28.226619] EXT4-fs (loop0): Journaled quota options ignored when QUOTA feature is enabled
[   28.227079] EXT4-fs (loop0): Quota format mount options ignored when QUOTA feature is enabled
[   28.227552] EXT4-fs (loop0): Unrecognized mount option "nolazytime=errors=continue" or missing value
[   28.237191] loop0: detected capacity change from 1024 to 0
[   28.237670] EXT4-fs (loop0): Ignoring removed bh option
[   28.237971] EXT4-fs (loop0): Journaled quota options ignored when QUOTA feature is enabled
[   28.238433] EXT4-fs (loop0): Quota format mount options ignored when QUOTA feature is enabled
[   28.238931] EXT4-fs (loop0): Unrecognized mount option "nolazytime=errors=continue" or missing value
[   28.257204] loop0: detected capacity change from 1024 to 0
[   28.257967] EXT4-fs (loop0): Ignoring removed bh option
[   28.258283] EXT4-fs (loop0): Journaled quota options ignored when QUOTA feature is enabled
[   28.258756] EXT4-fs (loop0): Quota format mount options ignored when QUOTA feature is enabled
[   28.259239] EXT4-fs (loop0): Unrecognized mount option "nolazytime=errors=continue" or missing value
[   28.275723] loop0: detected capacity change from 1024 to 0
[   28.276208] EXT4-fs (loop0): Ignoring removed bh option
[   28.276512] EXT4-fs (loop0): Journaled quota options ignored when QUOTA feature is enabled
[   28.276984] EXT4-fs (loop0): Quota format mount options ignored when QUOTA feature is enabled
[   28.277464] EXT4-fs (loop0): Unrecognized mount option "nolazytime=errors=continue" or missing value
[   28.295789] loop0: detected capacity change from 1024 to 0
[   28.296209] EXT4-fs (loop0): Ignoring removed bh option
[   28.296518] EXT4-fs (loop0): Journaled quota options ignored when QUOTA feature is enabled
[   28.297003] EXT4-fs (loop0): Quota format mount options ignored when QUOTA feature is enabled
[   28.297495] EXT4-fs (loop0): Unrecognized mount option "nolazytime=errors=continue" or missing value
[   28.313232] loop0: detected capacity change from 1024 to 0
[   28.316166] EXT4-fs (loop0): Ignoring removed bh option
[   28.316478] EXT4-fs (loop0): Journaled quota options ignored when QUOTA feature is enabled
[   28.316959] EXT4-fs (loop0): Quota format mount options ignored when QUOTA feature is enabled
[   28.317452] EXT4-fs (loop0): Unrecognized mount option "nolazytime=errors=continue" or missing value
[   28.333308] loop0: detected capacity change from 1024 to 0
[   28.333814] EXT4-fs (loop0): Ignoring removed bh option
[   28.334123] EXT4-fs (loop0): Journaled quota options ignored when QUOTA feature is enabled
[   28.334594] EXT4-fs (loop0): Quota format mount options ignored when QUOTA feature is enabled
[   28.335078] EXT4-fs (loop0): Unrecognized mount option "nolazytime=errors=continue" or missing value
[   28.351667] loop0: detected capacity change from 1024 to 0
[   28.352101] EXT4-fs (loop0): Ignoring removed bh option
[   28.352410] EXT4-fs (loop0): Journaled quota options ignored when QUOTA feature is enabled
[   28.352881] EXT4-fs (loop0): Quota format mount options ignored when QUOTA feature is enabled
[   28.353375] EXT4-fs (loop0): Unrecognized mount option "nolazytime=errors=continue" or missing value
[   28.380568] loop0: detected capacity change from 1024 to 0
[   28.381210] EXT4-fs (loop0): Ignoring removed bh option
[   28.381541] EXT4-fs (loop0): Journaled quota options ignored when QUOTA feature is enabled
[   28.382018] EXT4-fs (loop0): Quota format mount options ignored when QUOTA feature is enabled
[   28.382504] EXT4-fs (loop0): Unrecognized mount option "nolazytime=errors=continue" or missing value
[   28.403859] loop0: detected capacity change from 1024 to 0
[   28.404393] EXT4-fs (loop0): Ignoring removed bh option
[   28.404710] EXT4-fs (loop0): Journaled quota options ignored when QUOTA feature is enabled
[   28.405193] EXT4-fs (loop0): Quota format mount options ignored when QUOTA feature is enabled
[   28.405722] EXT4-fs (loop0): Unrecognized mount option "nolazytime=errors=continue" or missing value
[   28.424875] loop0: detected capacity change from 1024 to 0
[   28.425351] EXT4-fs (loop0): Ignoring removed bh option
[   28.425723] EXT4-fs (loop0): Journaled quota options ignored when QUOTA feature is enabled
[   28.426242] EXT4-fs (loop0): Quota format mount options ignored when QUOTA feature is enabled
[   28.426779] EXT4-fs (loop0): Unrecognized mount option "nolazytime=errors=continue" or missing value
[   28.445229] loop0: detected capacity change from 1024 to 0
[   28.448565] EXT4-fs (loop0): Ignoring removed bh option
[   28.448915] EXT4-fs (loop0): Journaled quota options ignored when QUOTA feature is enabled
[   28.449480] EXT4-fs (loop0): Quota format mount options ignored when QUOTA feature is enabled
[   28.450021] EXT4-fs (loop0): Unrecognized mount option "nolazytime=errors=continue" or missing value
[   28.465255] loop0: detected capacity change from 1024 to 0
[   28.465874] EXT4-fs (loop0): Ignoring removed bh option
[   28.466215] EXT4-fs (loop0): Journaled quota options ignored when QUOTA feature is enabled
[   28.466685] EXT4-fs (loop0): Quota format mount options ignored when QUOTA feature is enabled
[   28.467172] EXT4-fs (loop0): Unrecognized mount option "nolazytime=errors=continue" or missing value
[   28.477237] loop0: detected capacity change from 1024 to 0
[   28.477798] EXT4-fs (loop0): Ignoring removed bh option
[   28.478138] EXT4-fs (loop0): Journaled quota options ignored when QUOTA feature is enabled
[   28.478603] EXT4-fs (loop0): Quota format mount options ignored when QUOTA feature is enabled
[   28.479087] EXT4-fs (loop0): Unrecognized mount option "nolazytime=errors=continue" or missing value
[   28.497190] loop0: detected capacity change from 1024 to 0
[   28.497747] EXT4-fs (loop0): Ignoring removed bh option
[   28.498092] EXT4-fs (loop0): Journaled quota options ignored when QUOTA feature is enabled
[   28.498560] EXT4-fs (loop0): Quota format mount options ignored when QUOTA feature is enabled
[   28.499043] EXT4-fs (loop0): Unrecognized mount option "nolazytime=errors=continue" or missing value
[   28.517200] loop0: detected capacity change from 1024 to 0
[   28.517772] EXT4-fs (loop0): Ignoring removed bh option
[   28.518124] EXT4-fs (loop0): Journaled quota options ignored when QUOTA feature is enabled
[   28.518593] EXT4-fs (loop0): Quota format mount options ignored when QUOTA feature is enabled
[   28.519077] EXT4-fs (loop0): Unrecognized mount option "nolazytime=errors=continue" or missing value
[   28.533223] loop0: detected capacity change from 1024 to 0
[   28.533829] EXT4-fs (loop0): Ignoring removed bh option
[   28.534170] EXT4-fs (loop0): Journaled quota options ignored when QUOTA feature is enabled
[   28.534681] EXT4-fs (loop0): Quota format mount options ignored when QUOTA feature is enabled
[   28.535206] EXT4-fs (loop0): Unrecognized mount option "nolazytime=errors=continue" or missing value
[   28.549231] loop0: detected capacity change from 1024 to 0
[   28.549867] EXT4-fs (loop0): Ignoring removed bh option
[   28.550208] EXT4-fs (loop0): Journaled quota options ignored when QUOTA feature is enabled
[   28.550667] EXT4-fs (loop0): Quota format mount options ignored when QUOTA feature is enabled
[   28.551137] EXT4-fs (loop0): Unrecognized mount option "nolazytime=errors=continue" or missing value
[   28.565201] loop0: detected capacity change from 1024 to 0
[   28.565794] EXT4-fs (loop0): Ignoring removed bh option
[   28.566137] EXT4-fs (loop0): Journaled quota options ignored when QUOTA feature is enabled
[   28.566596] EXT4-fs (loop0): Quota format mount options ignored when QUOTA feature is enabled
[   28.567066] EXT4-fs (loop0): Unrecognized mount option "nolazytime=errors=continue" or missing value
[   28.581269] loop0: detected capacity change from 1024 to 0
[   28.581869] EXT4-fs (loop0): Ignoring removed bh option
[   28.582195] EXT4-fs (loop0): Journaled quota options ignored when QUOTA feature is enabled
[   28.582654] EXT4-fs (loop0): Quota format mount options ignored when QUOTA feature is enabled
[   28.583125] EXT4-fs (loop0): Unrecognized mount option "nolazytime=errors=continue" or missing value
[   28.601241] loop0: detected capacity change from 1024 to 0
[   28.601850] EXT4-fs (loop0): Ignoring removed bh option
[   28.602179] EXT4-fs (loop0): Journaled quota options ignored when QUOTA feature is enabled
[   28.602639] EXT4-fs (loop0): Quota format mount options ignored when QUOTA feature is enabled
[   28.603130] EXT4-fs (loop0): Unrecognized mount option "nolazytime=errors=continue" or missing value
[   28.621216] loop0: detected capacity change from 1024 to 0
[   28.621810] EXT4-fs (loop0): Ignoring removed bh option
[   28.622139] EXT4-fs (loop0): Journaled quota options ignored when QUOTA feature is enabled
[   28.622618] EXT4-fs (loop0): Quota format mount options ignored when QUOTA feature is enabled
[   28.623092] EXT4-fs (loop0): Unrecognized mount option "nolazytime=errors=continue" or missing value
[   28.641216] loop0: detected capacity change from 1024 to 0
[   28.641883] EXT4-fs (loop0): Ignoring removed bh option
[   28.642228] EXT4-fs (loop0): Journaled quota options ignored when QUOTA feature is enabled
[   28.642721] EXT4-fs (loop0): Quota format mount options ignored when QUOTA feature is enabled
[   28.643192] EXT4-fs (loop0): Unrecognized mount option "nolazytime=errors=continue" or missing value
[   28.668144] loop0: detected capacity change from 1024 to 0
[   28.669093] EXT4-fs (loop0): Ignoring removed bh option
[   28.669475] EXT4-fs (loop0): Journaled quota options ignored when QUOTA feature is enabled
[   28.669959] EXT4-fs (loop0): Quota format mount options ignored when QUOTA feature is enabled
[   28.670443] EXT4-fs (loop0): Unrecognized mount option "nolazytime=errors=continue" or missing value
[   28.689367] loop0: detected capacity change from 1024 to 0
[   28.689860] EXT4-fs (loop0): Ignoring removed bh option
[   28.690217] EXT4-fs (loop0): Journaled quota options ignored when QUOTA feature is enabled
[   28.690738] EXT4-fs (loop0): Quota format mount options ignored when QUOTA feature is enabled
[   28.691275] EXT4-fs (loop0): Unrecognized mount option "nolazytime=errors=continue" or missing value
[   28.712244] loop0: detected capacity change from 1024 to 0
[   28.712843] EXT4-fs (loop0): Ignoring removed bh option
[   28.713204] EXT4-fs (loop0): Journaled quota options ignored when QUOTA feature is enabled
[   28.713760] EXT4-fs (loop0): Quota format mount options ignored when QUOTA feature is enabled
[   28.714297] EXT4-fs (loop0): Unrecognized mount option "nolazytime=errors=continue" or missing value
[   28.729235] loop0: detected capacity change from 1024 to 0
[   28.732548] EXT4-fs (loop0): Ignoring removed bh option
[   28.732896] EXT4-fs (loop0): Journaled quota options ignored when QUOTA feature is enabled
[   28.733434] EXT4-fs (loop0): Quota format mount options ignored when QUOTA feature is enabled
[   28.733995] EXT4-fs (loop0): Unrecognized mount option "nolazytime=errors=continue" or missing value
[   28.744888] loop0: detected capacity change from 1024 to 0
[   28.745370] EXT4-fs (loop0): Ignoring removed bh option
[   28.745710] EXT4-fs (loop0): Journaled quota options ignored when QUOTA feature is enabled
[   28.746219] EXT4-fs (loop0): Quota format mount options ignored when QUOTA feature is enabled
[   28.746719] EXT4-fs (loop0): Unrecognized mount option "nolazytime=errors=continue" or missing value
[   28.765262] loop0: detected capacity change from 1024 to 0
[   28.765828] EXT4-fs (loop0): Ignoring removed bh option
[   28.766173] EXT4-fs (loop0): Journaled quota options ignored when QUOTA feature is enabled
[   28.766694] EXT4-fs (loop0): Quota format mount options ignored when QUOTA feature is enabled
[   28.767232] EXT4-fs (loop0): Unrecognized mount option "nolazytime=errors=continue" or missing value
[   28.783997] loop0: detected capacity change from 1024 to 0
[   28.784460] EXT4-fs (loop0): Ignoring removed bh option
[   28.784801] EXT4-fs (loop0): Journaled quota options ignored when QUOTA feature is enabled
[   28.785345] EXT4-fs (loop0): Quota format mount options ignored when QUOTA feature is enabled
[   28.785893] EXT4-fs (loop0): Unrecognized mount option "nolazytime=errors=continue" or missing value
[   28.801227] loop0: detected capacity change from 1024 to 0
[   28.804559] EXT4-fs (loop0): Ignoring removed bh option
[   28.804904] EXT4-fs (loop0): Journaled quota options ignored when QUOTA feature is enabled
[   28.805430] EXT4-fs (loop0): Quota format mount options ignored when QUOTA feature is enabled
[   28.805927] EXT4-fs (loop0): Unrecognized mount option "nolazytime=errors=continue" or missing value
[   28.821323] loop0: detected capacity change from 1024 to 0
[   28.821915] EXT4-fs (loop0): Ignoring removed bh option
[   28.822253] EXT4-fs (loop0): Journaled quota options ignored when QUOTA feature is enabled
[   28.822719] EXT4-fs (loop0): Quota format mount options ignored when QUOTA feature is enabled
[   28.823201] EXT4-fs (loop0): Unrecognized mount option "nolazytime=errors=continue" or missing value
[   28.837213] loop0: detected capacity change from 1024 to 0
[   28.837748] EXT4-fs (loop0): Ignoring removed bh option
[   28.838089] EXT4-fs (loop0): Journaled quota options ignored when QUOTA feature is enabled
[   28.838545] EXT4-fs (loop0): Quota format mount options ignored when QUOTA feature is enabled
[   28.839015] EXT4-fs (loop0): Unrecognized mount option "nolazytime=errors=continue" or missing value
[   28.860071] loop0: detected capacity change from 1024 to 0
[   28.860507] EXT4-fs (loop0): Ignoring removed bh option
[   28.860842] EXT4-fs (loop0): Journaled quota options ignored when QUOTA feature is enabled
[   28.861361] EXT4-fs (loop0): Quota format mount options ignored when QUOTA feature is enabled
[   28.861908] EXT4-fs (loop0): Unrecognized mount option "nolazytime=errors=continue" or missing value
[   28.877149] loop0: detected capacity change from 1024 to 0
[   28.877615] EXT4-fs (loop0): Ignoring removed bh option
[   28.877949] EXT4-fs (loop0): Journaled quota options ignored when QUOTA feature is enabled
[   28.878480] EXT4-fs (loop0): Quota format mount options ignored when QUOTA feature is enabled
[   28.879004] EXT4-fs (loop0): Unrecognized mount option "nolazytime=errors=continue" or missing value
[   28.900180] loop0: detected capacity change from 1024 to 0
[   28.900634] EXT4-fs (loop0): Ignoring removed bh option
[   28.900999] EXT4-fs (loop0): Journaled quota options ignored when QUOTA feature is enabled
[   28.901537] EXT4-fs (loop0): Quota format mount options ignored when QUOTA feature is enabled
[   28.902057] EXT4-fs (loop0): Unrecognized mount option "nolazytime=errors=continue" or missing value
[   28.917255] loop0: detected capacity change from 1024 to 0
[   28.917756] EXT4-fs (loop0): Ignoring removed bh option
[   28.918116] EXT4-fs (loop0): Journaled quota options ignored when QUOTA feature is enabled
[   28.918641] EXT4-fs (loop0): Quota format mount options ignored when QUOTA feature is enabled
[   28.919182] EXT4-fs (loop0): Unrecognized mount option "nolazytime=errors=continue" or missing value
[   28.940277] loop0: detected capacity change from 1024 to 0
[   28.940752] EXT4-fs (loop0): Ignoring removed bh option
[   28.941102] EXT4-fs (loop0): Journaled quota options ignored when QUOTA feature is enabled
[   28.941644] EXT4-fs (loop0): Quota format mount options ignored when QUOTA feature is enabled
[   28.942188] EXT4-fs (loop0): Unrecognized mount option "nolazytime=errors=continue" or missing value
[   28.957267] loop0: detected capacity change from 1024 to 0
[   28.957739] EXT4-fs (loop0): Ignoring removed bh option
[   28.958085] EXT4-fs (loop0): Journaled quota options ignored when QUOTA feature is enabled
[   28.958610] EXT4-fs (loop0): Quota format mount options ignored when QUOTA feature is enabled
[   28.959154] EXT4-fs (loop0): Unrecognized mount option "nolazytime=errors=continue" or missing value
[   28.972361] loop0: detected capacity change from 1024 to 0
[   28.972816] EXT4-fs (loop0): Ignoring removed bh option
[   28.973180] EXT4-fs (loop0): Journaled quota options ignored when QUOTA feature is enabled
[   28.973711] EXT4-fs (loop0): Quota format mount options ignored when QUOTA feature is enabled
[   28.974248] EXT4-fs (loop0): Unrecognized mount option "nolazytime=errors=continue" or missing value
[   28.989286] loop0: detected capacity change from 1024 to 0
[   28.989786] EXT4-fs (loop0): Ignoring removed bh option
[   28.990142] EXT4-fs (loop0): Journaled quota options ignored when QUOTA feature is enabled
[   28.990661] EXT4-fs (loop0): Quota format mount options ignored when QUOTA feature is enabled
[   28.991195] EXT4-fs (loop0): Unrecognized mount option "nolazytime=errors=continue" or missing value
[   29.004463] loop0: detected capacity change from 1024 to 0
[   29.004916] EXT4-fs (loop0): Ignoring removed bh option
[   29.005279] EXT4-fs (loop0): Journaled quota options ignored when QUOTA feature is enabled
[   29.005836] EXT4-fs (loop0): Quota format mount options ignored when QUOTA feature is enabled
[   29.006374] EXT4-fs (loop0): Unrecognized mount option "nolazytime=errors=continue" or missing value
[   29.021280] loop0: detected capacity change from 1024 to 0
[   29.021767] EXT4-fs (loop0): Ignoring removed bh option
[   29.022123] EXT4-fs (loop0): Journaled quota options ignored when QUOTA feature is enabled
[   29.022642] EXT4-fs (loop0): Quota format mount options ignored when QUOTA feature is enabled
[   29.023176] EXT4-fs (loop0): Unrecognized mount option "nolazytime=errors=continue" or missing value
[   29.036401] loop0: detected capacity change from 1024 to 0
[   29.036867] EXT4-fs (loop0): Ignoring removed bh option
[   29.037231] EXT4-fs (loop0): Journaled quota options ignored when QUOTA feature is enabled
[   29.037766] EXT4-fs (loop0): Quota format mount options ignored when QUOTA feature is enabled
[   29.038283] EXT4-fs (loop0): Unrecognized mount option "nolazytime=errors=continue" or missing value
[   29.053241] loop0: detected capacity change from 1024 to 0
[   29.053729] EXT4-fs (loop0): Ignoring removed bh option
[   29.054081] EXT4-fs (loop0): Journaled quota options ignored when QUOTA feature is enabled
[   29.054599] EXT4-fs (loop0): Quota format mount options ignored when QUOTA feature is enabled
[   29.055143] EXT4-fs (loop0): Unrecognized mount option "nolazytime=errors=continue" or missing value
[   29.068362] loop0: detected capacity change from 1024 to 0
[   29.068818] EXT4-fs (loop0): Ignoring removed bh option
[   29.069183] EXT4-fs (loop0): Journaled quota options ignored when QUOTA feature is enabled
[   29.069739] EXT4-fs (loop0): Quota format mount options ignored when QUOTA feature is enabled
[   29.070245] EXT4-fs (loop0): Unrecognized mount option "nolazytime=errors=continue" or missing value
[   29.085122] loop0: detected capacity change from 1024 to 0
[   29.088410] EXT4-fs (loop0): Ignoring removed bh option
[   29.088749] EXT4-fs (loop0): Journaled quota options ignored when QUOTA feature is enabled
[   29.089271] EXT4-fs (loop0): Quota format mount options ignored when QUOTA feature is enabled
[   29.089809] EXT4-fs (loop0): Unrecognized mount option "nolazytime=errors=continue" or missing value
[   29.109229] loop0: detected capacity change from 1024 to 0
[   29.109835] EXT4-fs (loop0): Ignoring removed bh option
[   29.110159] EXT4-fs (loop0): Journaled quota options ignored when QUOTA feature is enabled
[   29.110618] EXT4-fs (loop0): Quota format mount options ignored when QUOTA feature is enabled
[   29.111091] EXT4-fs (loop0): Unrecognized mount option "nolazytime=errors=continue" or missing value
[   29.121237] loop0: detected capacity change from 1024 to 0
[   29.121819] EXT4-fs (loop0): Ignoring removed bh option
[   29.122148] EXT4-fs (loop0): Journaled quota options ignored when QUOTA feature is enabled
[   29.122607] EXT4-fs (loop0): Quota format mount options ignored when QUOTA feature is enabled
[   29.123077] EXT4-fs (loop0): Unrecognized mount option "nolazytime=errors=continue" or missing value
[   29.141204] loop0: detected capacity change from 1024 to 0
[   29.141784] EXT4-fs (loop0): Ignoring removed bh option
[   29.142120] EXT4-fs (loop0): Journaled quota options ignored when QUOTA feature is enabled
[   29.142577] EXT4-fs (loop0): Quota format mount options ignored when QUOTA feature is enabled
[   29.143048] EXT4-fs (loop0): Unrecognized mount option "nolazytime=errors=continue" or missing value
[   29.157212] loop0: detected capacity change from 1024 to 0
[   29.157791] EXT4-fs (loop0): Ignoring removed bh option
[   29.158127] EXT4-fs (loop0): Journaled quota options ignored when QUOTA feature is enabled
[   29.158586] EXT4-fs (loop0): Quota format mount options ignored when QUOTA feature is enabled
[   29.159057] EXT4-fs (loop0): Unrecognized mount option "nolazytime=errors=continue" or missing value
[   29.177222] loop0: detected capacity change from 1024 to 0
[   29.177776] EXT4-fs (loop0): Ignoring removed bh option
[   29.178109] EXT4-fs (loop0): Journaled quota options ignored when QUOTA feature is enabled
[   29.178565] EXT4-fs (loop0): Quota format mount options ignored when QUOTA feature is enabled
[   29.179043] EXT4-fs (loop0): Unrecognized mount option "nolazytime=errors=continue" or missing value
[   29.193207] loop0: detected capacity change from 1024 to 0
[   29.193773] EXT4-fs (loop0): Ignoring removed bh option
[   29.194107] EXT4-fs (loop0): Journaled quota options ignored when QUOTA feature is enabled
[   29.194566] EXT4-fs (loop0): Quota format mount options ignored when QUOTA feature is enabled
[   29.195037] EXT4-fs (loop0): Unrecognized mount option "nolazytime=errors=continue" or missing value
[   29.213180] loop0: detected capacity change from 1024 to 0
[   29.213726] EXT4-fs (loop0): Ignoring removed bh option
[   29.214073] EXT4-fs (loop0): Journaled quota options ignored when QUOTA feature is enabled
[   29.214587] EXT4-fs (loop0): Quota format mount options ignored when QUOTA feature is enabled
[   29.215115] EXT4-fs (loop0): Unrecognized mount option "nolazytime=errors=continue" or missing value
[   29.233183] loop0: detected capacity change from 1024 to 0
[   29.233758] EXT4-fs (loop0): Ignoring removed bh option
[   29.234095] EXT4-fs (loop0): Journaled quota options ignored when QUOTA feature is enabled
[   29.234554] EXT4-fs (loop0): Quota format mount options ignored when QUOTA feature is enabled
[   29.235025] EXT4-fs (loop0): Unrecognized mount option "nolazytime=errors=continue" or missing value
[   29.249184] loop0: detected capacity change from 1024 to 0
[   29.249768] EXT4-fs (loop0): Ignoring removed bh option
[   29.250085] EXT4-fs (loop0): Journaled quota options ignored when QUOTA feature is enabled
[   29.250554] EXT4-fs (loop0): Quota format mount options ignored when QUOTA feature is enabled
[   29.251036] EXT4-fs (loop0): Unrecognized mount option "nolazytime=errors=continue" or missing value
[   29.268506] loop0: detected capacity change from 1024 to 0
[   29.269072] EXT4-fs (loop0): Ignoring removed bh option
[   29.269415] EXT4-fs (loop0): Journaled quota options ignored when QUOTA feature is enabled
[   29.269975] EXT4-fs (loop0): Quota format mount options ignored when QUOTA feature is enabled
[   29.270512] EXT4-fs (loop0): Unrecognized mount option "nolazytime=errors=continue" or missing value
[   29.288569] loop0: detected capacity change from 1024 to 0
[   29.289157] EXT4-fs (loop0): Ignoring removed bh option
[   29.289521] EXT4-fs (loop0): Journaled quota options ignored when QUOTA feature is enabled
[   29.290001] EXT4-fs (loop0): Quota format mount options ignored when QUOTA feature is enabled
[   29.290484] EXT4-fs (loop0): Unrecognized mount option "nolazytime=errors=continue" or missing value
[   29.312065] loop0: detected capacity change from 1024 to 0
[   29.312783] EXT4-fs (loop0): Ignoring removed bh option
[   29.313144] EXT4-fs (loop0): Journaled quota options ignored when QUOTA feature is enabled
[   29.313668] EXT4-fs (loop0): Quota format mount options ignored when QUOTA feature is enabled
[   29.314150] EXT4-fs (loop0): Unrecognized mount option "nolazytime=errors=continue" or missing value
[   29.331982] loop0: detected capacity change from 1024 to 0
[   29.332436] EXT4-fs (loop0): Ignoring removed bh option
[   29.332775] EXT4-fs (loop0): Journaled quota options ignored when QUOTA feature is enabled
[   29.333305] EXT4-fs (loop0): Quota format mount options ignored when QUOTA feature is enabled
[   29.333855] EXT4-fs (loop0): Unrecognized mount option "nolazytime=errors=continue" or missing value
[   29.356033] loop0: detected capacity change from 1024 to 0
[   29.356488] EXT4-fs (loop0): Ignoring removed bh option
[   29.356824] EXT4-fs (loop0): Journaled quota options ignored when QUOTA feature is enabled
[   29.357347] EXT4-fs (loop0): Quota format mount options ignored when QUOTA feature is enabled
[   29.357870] EXT4-fs (loop0): Unrecognized mount option "nolazytime=errors=continue" or missing value
[   29.377242] loop0: detected capacity change from 1024 to 0
[   29.380559] EXT4-fs (loop0): Ignoring removed bh option
[   29.380903] EXT4-fs (loop0): Journaled quota options ignored when QUOTA feature is enabled
[   29.381436] EXT4-fs (loop0): Quota format mount options ignored when QUOTA feature is enabled
[   29.381988] EXT4-fs (loop0): Unrecognized mount option "nolazytime=errors=continue" or missing value
[   29.397363] loop0: detected capacity change from 1024 to 0
[   29.397907] EXT4-fs (loop0): Ignoring removed bh option
[   29.398251] EXT4-fs (loop0): Journaled quota options ignored when QUOTA feature is enabled
[   29.398707] EXT4-fs (loop0): Quota format mount options ignored when QUOTA feature is enabled
[   29.399177] EXT4-fs (loop0): Unrecognized mount option "nolazytime=errors=continue" or missing value
[   29.419869] loop0: detected capacity change from 1024 to 0
[   29.420724] EXT4-fs (loop0): Ignoring removed bh option
[   29.421088] EXT4-fs (loop0): Journaled quota options ignored when QUOTA feature is enabled
[   29.421634] EXT4-fs (loop0): Quota format mount options ignored when QUOTA feature is enabled
[   29.422171] EXT4-fs (loop0): Unrecognized mount option "nolazytime=errors=continue" or missing value
[   29.437286] loop0: detected capacity change from 1024 to 0
[   29.440621] EXT4-fs (loop0): Ignoring removed bh option
[   29.440976] EXT4-fs (loop0): Journaled quota options ignored when QUOTA feature is enabled
[   29.441495] EXT4-fs (loop0): Quota format mount options ignored when QUOTA feature is enabled
[   29.441970] EXT4-fs (loop0): Unrecognized mount option "nolazytime=errors=continue" or missing value
[   29.461205] loop0: detected capacity change from 1024 to 0
[   29.461760] EXT4-fs (loop0): Ignoring removed bh option
[   29.462098] EXT4-fs (loop0): Journaled quota options ignored when QUOTA feature is enabled
[   29.462610] EXT4-fs (loop0): Quota format mount options ignored when QUOTA feature is enabled
[   29.463135] EXT4-fs (loop0): Unrecognized mount option "nolazytime=errors=continue" or missing value
[   29.481232] loop0: detected capacity change from 1024 to 0
[   29.481854] EXT4-fs (loop0): Ignoring removed bh option
[   29.482208] EXT4-fs (loop0): Journaled quota options ignored when QUOTA feature is enabled
[   29.482732] EXT4-fs (loop0): Quota format mount options ignored when QUOTA feature is enabled
[   29.483269] EXT4-fs (loop0): Unrecognized mount option "nolazytime=errors=continue" or missing value
[   29.500233] loop0: detected capacity change from 1024 to 0
[   29.500688] EXT4-fs (loop0): Ignoring removed bh option
[   29.501031] EXT4-fs (loop0): Journaled quota options ignored when QUOTA feature is enabled
[   29.501563] EXT4-fs (loop0): Quota format mount options ignored when QUOTA feature is enabled
[   29.502070] EXT4-fs (loop0): Unrecognized mount option "nolazytime=errors=continue" or missing value
[   29.521223] loop0: detected capacity change from 1024 to 0
[   29.521672] EXT4-fs (loop0): Ignoring removed bh option
[   29.522010] EXT4-fs (loop0): Journaled quota options ignored when QUOTA feature is enabled
[   29.522518] EXT4-fs (loop0): Quota format mount options ignored when QUOTA feature is enabled
[   29.523041] EXT4-fs (loop0): Unrecognized mount option "nolazytime=errors=continue" or missing value
[   29.544025] loop0: detected capacity change from 1024 to 0
[   29.544485] EXT4-fs (loop0): Ignoring removed bh option
[   29.544820] EXT4-fs (loop0): Journaled quota options ignored when QUOTA feature is enabled
[   29.545339] EXT4-fs (loop0): Quota format mount options ignored when QUOTA feature is enabled
[   29.545855] EXT4-fs (loop0): Unrecognized mount option "nolazytime=errors=continue" or missing value
[   29.565268] loop0: detected capacity change from 1024 to 0
[   29.568622] EXT4-fs (loop0): Ignoring removed bh option
[   29.568986] EXT4-fs (loop0): Journaled quota options ignored when QUOTA feature is enabled
[   29.569542] EXT4-fs (loop0): Quota format mount options ignored when QUOTA feature is enabled
[   29.570036] EXT4-fs (loop0): Unrecognized mount option "nolazytime=errors=continue" or missing value
[   29.585289] loop0: detected capacity change from 1024 to 0
[   29.585887] EXT4-fs (loop0): Ignoring removed bh option
[   29.586210] EXT4-fs (loop0): Journaled quota options ignored when QUOTA feature is enabled
[   29.586665] EXT4-fs (loop0): Quota format mount options ignored when QUOTA feature is enabled
[   29.587132] EXT4-fs (loop0): Unrecognized mount option "nolazytime=errors=continue" or missing value
[   29.601224] loop0: detected capacity change from 1024 to 0
[   29.601792] EXT4-fs (loop0): Ignoring removed bh option
[   29.602119] EXT4-fs (loop0): Journaled quota options ignored when QUOTA feature is enabled
[   29.602576] EXT4-fs (loop0): Quota format mount options ignored when QUOTA feature is enabled
[   29.603052] EXT4-fs (loop0): Unrecognized mount option "nolazytime=errors=continue" or missing value
[   29.621217] loop0: detected capacity change from 1024 to 0
[   29.621774] EXT4-fs (loop0): Ignoring removed bh option
[   29.622102] EXT4-fs (loop0): Journaled quota options ignored when QUOTA feature is enabled
[   29.622558] EXT4-fs (loop0): Quota format mount options ignored when QUOTA feature is enabled
[   29.623026] EXT4-fs (loop0): Unrecognized mount option "nolazytime=errors=continue" or missing value
[   29.637209] loop0: detected capacity change from 1024 to 0
[   29.637768] EXT4-fs (loop0): Ignoring removed bh option
[   29.638103] EXT4-fs (loop0): Journaled quota options ignored when QUOTA feature is enabled
[   29.638559] EXT4-fs (loop0): Quota format mount options ignored when QUOTA feature is enabled
[   29.639029] EXT4-fs (loop0): Unrecognized mount option "nolazytime=errors=continue" or missing value
[   29.657224] loop0: detected capacity change from 1024 to 0
[   29.657790] EXT4-fs (loop0): Ignoring removed bh option
[   29.658119] EXT4-fs (loop0): Journaled quota options ignored when QUOTA feature is enabled
[   29.658577] EXT4-fs (loop0): Quota format mount options ignored when QUOTA feature is enabled
[   29.659061] EXT4-fs (loop0): Unrecognized mount option "nolazytime=errors=continue" or missing value
[   29.677224] loop0: detected capacity change from 1024 to 0
[   29.677798] EXT4-fs (loop0): Ignoring removed bh option
[   29.678123] EXT4-fs (loop0): Journaled quota options ignored when QUOTA feature is enabled
[   29.678599] EXT4-fs (loop0): Quota format mount options ignored when QUOTA feature is enabled
[   29.679068] EXT4-fs (loop0): Unrecognized mount option "nolazytime=errors=continue" or missing value
[   29.697210] loop0: detected capacity change from 1024 to 0
[   29.697786] EXT4-fs (loop0): Ignoring removed bh option
[   29.698121] EXT4-fs (loop0): Journaled quota options ignored when QUOTA feature is enabled
[   29.698577] EXT4-fs (loop0): Quota format mount options ignored when QUOTA feature is enabled
[   29.699048] EXT4-fs (loop0): Unrecognized mount option "nolazytime=errors=continue" or missing value
[   29.717212] loop0: detected capacity change from 1024 to 0
[   29.717770] EXT4-fs (loop0): Ignoring removed bh option
[   29.718096] EXT4-fs (loop0): Journaled quota options ignored when QUOTA feature is enabled
[   29.718551] EXT4-fs (loop0): Quota format mount options ignored when QUOTA feature is enabled
[   29.719020] EXT4-fs (loop0): Unrecognized mount option "nolazytime=errors=continue" or missing value
[   29.737227] loop0: detected capacity change from 1024 to 0
[   29.737819] EXT4-fs (loop0): Ignoring removed bh option
[   29.738159] EXT4-fs (loop0): Journaled quota options ignored when QUOTA feature is enabled
[   29.738669] EXT4-fs (loop0): Quota format mount options ignored when QUOTA feature is enabled
[   29.739194] EXT4-fs (loop0): Unrecognized mount option "nolazytime=errors=continue" or missing value
[   29.759913] loop0: detected capacity change from 1024 to 0
[   29.760446] EXT4-fs (loop0): Ignoring removed bh option
[   29.760786] EXT4-fs (loop0): Journaled quota options ignored when QUOTA feature is enabled
[   29.761304] EXT4-fs (loop0): Quota format mount options ignored when QUOTA feature is enabled
[   29.761841] EXT4-fs (loop0): Unrecognized mount option "nolazytime=errors=continue" or missing value
[   29.780282] loop0: detected capacity change from 1024 to 0
[   29.780728] EXT4-fs (loop0): Ignoring removed bh option
[   29.781084] EXT4-fs (loop0): Journaled quota options ignored when QUOTA feature is enabled
[   29.781604] EXT4-fs (loop0): Quota format mount options ignored when QUOTA feature is enabled
[   29.782124] EXT4-fs (loop0): Unrecognized mount option "nolazytime=errors=continue" or missing value
[   29.797243] loop0: detected capacity change from 1024 to 0
[   29.800581] EXT4-fs (loop0): Ignoring removed bh option
[   29.800934] EXT4-fs (loop0): Journaled quota options ignored when QUOTA feature is enabled
[   29.801496] EXT4-fs (loop0): Quota format mount options ignored when QUOTA feature is enabled
[   29.801990] EXT4-fs (loop0): Unrecognized mount option "nolazytime=errors=continue" or missing value
[   29.821324] loop0: detected capacity change from 1024 to 0
[   29.821922] EXT4-fs (loop0): Ignoring removed bh option
[   29.822257] EXT4-fs (loop0): Journaled quota options ignored when QUOTA feature is enabled
[   29.822726] EXT4-fs (loop0): Quota format mount options ignored when QUOTA feature is enabled
[   29.823208] EXT4-fs (loop0): Unrecognized mount option "nolazytime=errors=continue" or missing value
[   29.837248] loop0: detected capacity change from 1024 to 0
[   29.837844] EXT4-fs (loop0): Ignoring removed bh option
[   29.838181] EXT4-fs (loop0): Journaled quota options ignored when QUOTA feature is enabled
[   29.838679] EXT4-fs (loop0): Quota format mount options ignored when QUOTA feature is enabled
[   29.839213] EXT4-fs (loop0): Unrecognized mount option "nolazytime=errors=continue" or missing value
[   29.853268] loop0: detected capacity change from 1024 to 0
[   29.853867] EXT4-fs (loop0): Ignoring removed bh option
[   29.854204] EXT4-fs (loop0): Journaled quota options ignored when QUOTA feature is enabled
[   29.854675] EXT4-fs (loop0): Quota format mount options ignored when QUOTA feature is enabled
[   29.855156] EXT4-fs (loop0): Unrecognized mount option "nolazytime=errors=continue" or missing value
[   29.869603] loop0: detected capacity change from 1024 to 0
[   29.871040] EXT4-fs (loop0): Ignoring removed bh option
[   29.871384] EXT4-fs (loop0): Journaled quota options ignored when QUOTA feature is enabled
[   29.871894] EXT4-fs (loop0): Quota format mount options ignored when QUOTA feature is enabled
[   29.872418] EXT4-fs (loop0): Unrecognized mount option "nolazytime=errors=continue" or missing value
[   29.889196] loop0: detected capacity change from 1024 to 0
[   29.889722] EXT4-fs (loop0): Ignoring removed bh option
[   29.890069] EXT4-fs (loop0): Journaled quota options ignored when QUOTA feature is enabled
[   29.890540] EXT4-fs (loop0): Quota format mount options ignored when QUOTA feature is enabled
[   29.891022] EXT4-fs (loop0): Unrecognized mount option "nolazytime=errors=continue" or missing value
[   29.907926] loop0: detected capacity change from 1024 to 0
[   29.910917] EXT4-fs (loop0): Ignoring removed bh option
[   29.911261] EXT4-fs (loop0): Journaled quota options ignored when QUOTA feature is enabled
[   29.911774] EXT4-fs (loop0): Quota format mount options ignored when QUOTA feature is enabled
[   29.912301] EXT4-fs (loop0): Unrecognized mount option "nolazytime=errors=continue" or missing value
[   29.928997] loop0: detected capacity change from 1024 to 0
[   29.929487] EXT4-fs (loop0): Ignoring removed bh option
[   29.929831] EXT4-fs (loop0): Journaled quota options ignored when QUOTA feature is enabled
[   29.930352] EXT4-fs (loop0): Quota format mount options ignored when QUOTA feature is enabled
[   29.930854] EXT4-fs (loop0): Unrecognized mount option "nolazytime=errors=continue" or missing value
[   29.949231] loop0: detected capacity change from 1024 to 0
[   29.949717] EXT4-fs (loop0): Ignoring removed bh option
[   29.950069] EXT4-fs (loop0): Journaled quota options ignored when QUOTA feature is enabled
[   29.950586] EXT4-fs (loop0): Quota format mount options ignored when QUOTA feature is enabled
[   29.951119] EXT4-fs (loop0): Unrecognized mount option "nolazytime=errors=continue" or missing value
[   29.967878] loop0: detected capacity change from 1024 to 0
[   29.968346] EXT4-fs (loop0): Ignoring removed bh option
[   29.968691] EXT4-fs (loop0): Journaled quota options ignored when QUOTA feature is enabled
[   29.969237] EXT4-fs (loop0): Quota format mount options ignored when QUOTA feature is enabled
[   29.969787] EXT4-fs (loop0): Unrecognized mount option "nolazytime=errors=continue" or missing value
[   29.977295] loop0: detected capacity change from 1024 to 0
[   29.980597] EXT4-fs (loop0): Ignoring removed bh option
[   29.980948] EXT4-fs (loop0): Journaled quota options ignored when QUOTA feature is enabled
[   29.981474] EXT4-fs (loop0): Quota format mount options ignored when QUOTA feature is enabled
[   29.981949] EXT4-fs (loop0): Unrecognized mount option "nolazytime=errors=continue" or missing value
[   30.001230] loop0: detected capacity change from 1024 to 0
[   30.001899] EXT4-fs (loop0): Ignoring removed bh option
[   30.002240] EXT4-fs (loop0): Journaled quota options ignored when QUOTA feature is enabled
[   30.002751] EXT4-fs (loop0): Quota format mount options ignored when QUOTA feature is enabled
[   30.003276] EXT4-fs (loop0): Unrecognized mount option "nolazytime=errors=continue" or missing value
[   30.021245] loop0: detected capacity change from 1024 to 0
[   30.021932] EXT4-fs (loop0): Ignoring removed bh option
[   30.022284] EXT4-fs (loop0): Journaled quota options ignored when QUOTA feature is enabled
[   30.022808] EXT4-fs (loop0): Quota format mount options ignored when QUOTA feature is enabled
[   30.023348] EXT4-fs (loop0): Unrecognized mount option "nolazytime=errors=continue" or missing value
[   30.041110] loop0: detected capacity change from 1024 to 0
[   30.041570] EXT4-fs (loop0): Ignoring removed bh option
[   30.041912] EXT4-fs (loop0): Journaled quota options ignored when QUOTA feature is enabled
[   30.042434] EXT4-fs (loop0): Quota format mount options ignored when QUOTA feature is enabled
[   30.042971] EXT4-fs (loop0): Unrecognized mount option "nolazytime=errors=continue" or missing value
[   30.061314] loop0: detected capacity change from 1024 to 0
[   30.061781] EXT4-fs (loop0): Ignoring removed bh option
[   30.062134] EXT4-fs (loop0): Journaled quota options ignored when QUOTA feature is enabled
[   30.062655] EXT4-fs (loop0): Quota format mount options ignored when QUOTA feature is enabled
[   30.063193] EXT4-fs (loop0): Unrecognized mount option "nolazytime=errors=continue" or missing value
[   30.079921] loop0: detected capacity change from 1024 to 0
[   30.080378] EXT4-fs (loop0): Ignoring removed bh option
[   30.080721] EXT4-fs (loop0): Journaled quota options ignored when QUOTA feature is enabled
[   30.081263] EXT4-fs (loop0): Quota format mount options ignored when QUOTA feature is enabled
[   30.081810] EXT4-fs (loop0): Unrecognized mount option "nolazytime=errors=continue" or missing value
[   30.097175] loop0: detected capacity change from 1024 to 0
[   30.100470] EXT4-fs (loop0): Ignoring removed bh option
[   30.100817] EXT4-fs (loop0): Journaled quota options ignored when QUOTA feature is enabled
[   30.101340] EXT4-fs (loop0): Quota format mount options ignored when QUOTA feature is enabled
[   30.101837] EXT4-fs (loop0): Unrecognized mount option "nolazytime=errors=continue" or missing value
[   30.117334] loop0: detected capacity change from 1024 to 0
[   30.117928] EXT4-fs (loop0): Ignoring removed bh option
[   30.118268] EXT4-fs (loop0): Journaled quota options ignored when QUOTA feature is enabled
[   30.118734] EXT4-fs (loop0): Quota format mount options ignored when QUOTA feature is enabled
[   30.119213] EXT4-fs (loop0): Unrecognized mount option "nolazytime=errors=continue" or missing value
[   30.137230] loop0: detected capacity change from 1024 to 0
[   30.137808] EXT4-fs (loop0): Ignoring removed bh option
[   30.138146] EXT4-fs (loop0): Journaled quota options ignored when QUOTA feature is enabled
[   30.138616] EXT4-fs (loop0): Quota format mount options ignored when QUOTA feature is enabled
[   30.139120] EXT4-fs (loop0): Unrecognized mount option "nolazytime=errors=continue" or missing value
[   30.153215] loop0: detected capacity change from 1024 to 0
[   30.153795] EXT4-fs (loop0): Ignoring removed bh option
[   30.154129] EXT4-fs (loop0): Journaled quota options ignored when QUOTA feature is enabled
[   30.154595] EXT4-fs (loop0): Quota format mount options ignored when QUOTA feature is enabled
[   30.155074] EXT4-fs (loop0): Unrecognized mount option "nolazytime=errors=continue" or missing value
[   30.169212] loop0: detected capacity change from 1024 to 0
[   30.169788] EXT4-fs (loop0): Ignoring removed bh option
[   30.170128] EXT4-fs (loop0): Journaled quota options ignored when QUOTA feature is enabled
[   30.170594] EXT4-fs (loop0): Quota format mount options ignored when QUOTA feature is enabled
[   30.171089] EXT4-fs (loop0): Unrecognized mount option "nolazytime=errors=continue" or missing value
[   30.185209] loop0: detected capacity change from 1024 to 0
[   30.185746] EXT4-fs (loop0): Ignoring removed bh option
[   30.186075] EXT4-fs (loop0): Journaled quota options ignored when QUOTA feature is enabled
[   30.186535] EXT4-fs (loop0): Quota format mount options ignored when QUOTA feature is enabled
[   30.187012] EXT4-fs (loop0): Unrecognized mount option "nolazytime=errors=continue" or missing value
[   30.208132] loop0: detected capacity change from 1024 to 0
[   30.208635] EXT4-fs (loop0): Ignoring removed bh option
[   30.208979] EXT4-fs (loop0): Journaled quota options ignored when QUOTA feature is enabled
[   30.209494] EXT4-fs (loop0): Quota format mount options ignored when QUOTA feature is enabled
[   30.210023] EXT4-fs (loop0): Unrecognized mount option "nolazytime=errors=continue" or missing value
[   30.227850] loop0: detected capacity change from 1024 to 0
[   30.228316] EXT4-fs (loop0): Ignoring removed bh option
[   30.228649] EXT4-fs (loop0): Journaled quota options ignored when QUOTA feature is enabled
[   30.229168] EXT4-fs (loop0): Quota format mount options ignored when QUOTA feature is enabled
[   30.229709] EXT4-fs (loop0): Unrecognized mount option "nolazytime=errors=continue" or missing value
[   30.245127] loop0: detected capacity change from 1024 to 0
[   30.245599] EXT4-fs (loop0): Ignoring removed bh option
[   30.245932] EXT4-fs (loop0): Journaled quota options ignored when QUOTA feature is enabled
[   30.246441] EXT4-fs (loop0): Quota format mount options ignored when QUOTA feature is enabled
[   30.246966] EXT4-fs (loop0): Unrecognized mount option "nolazytime=errors=continue" or missing value
[   30.265200] loop0: detected capacity change from 1024 to 0
[   30.265749] EXT4-fs (loop0): Ignoring removed bh option
[   30.266075] EXT4-fs (loop0): Journaled quota options ignored when QUOTA feature is enabled
[   30.266534] EXT4-fs (loop0): Quota format mount options ignored when QUOTA feature is enabled
