c[?7l[2J[0mSeaBIOS (version rel-1.16.0-0-gd239552ce722-prebuilt.qemu.org)


iPXE (http://ipxe.org) 00:03.0 CA00 PCI2.10 PnP PMM+7FF91000+7FEF1000 CA00
Press Ctrl-B to configure iPXE (PCI 00:03.0)...                                                                               


Booting from ROM..c[?7l[2J[    0.000000] Linux version 6.2.0-rc8-675f176b4dcc+ (root@p-adls01) (gcc (GCC) 11.4.1 20230605 (Red Hat 11.4.1-2), GNU ld version 2.35.2-42.el9) #1 SMP PREEMPT_DYNAMIC Mon Sep 11 16:38:04 CST 2023
[    0.000000] Command line: console=ttyS0 root=/dev/sda earlyprintk=serial net.ifnames=0 quiet plymouth.enable=0
[    0.000000] KERNEL supported cpus:
[    0.000000]   Intel GenuineIntel
[    0.000000]   AMD AuthenticAMD
[    0.000000]   Hygon HygonGenuine
[    0.000000]   Centaur CentaurHauls
[    0.000000]   zhaoxin   Shanghai  
[    0.000000] x86/fpu: Supporting XSAVE feature 0x001: 'x87 floating point registers'
[    0.000000] x86/fpu: Supporting XSAVE feature 0x002: 'SSE registers'
[    0.000000] x86/fpu: Supporting XSAVE feature 0x004: 'AVX registers'
[    0.000000] x86/fpu: Supporting XSAVE feature 0x200: 'Protection Keys User registers'
[    0.000000] x86/fpu: xstate_offset[2]:  576, xstate_sizes[2]:  256
[    0.000000] x86/fpu: xstate_offset[9]:  832, xstate_sizes[9]:    8
[    0.000000] x86/fpu: Enabled xstate features 0x207, context size is 840 bytes, using 'compacted' format.
[    0.000000] signal: max sigframe size: 3632
[    0.000000] BIOS-provided physical RAM map:
[    0.000000] BIOS-e820: [mem 0x0000000000000000-0x000000000009fbff] usable
[    0.000000] BIOS-e820: [mem 0x000000000009fc00-0x000000000009ffff] reserved
[    0.000000] BIOS-e820: [mem 0x00000000000f0000-0x00000000000fffff] reserved
[    0.000000] BIOS-e820: [mem 0x0000000000100000-0x000000007ffdffff] usable
[    0.000000] BIOS-e820: [mem 0x000000007ffe0000-0x000000007fffffff] reserved
[    0.000000] BIOS-e820: [mem 0x00000000feffc000-0x00000000feffffff] reserved
[    0.000000] BIOS-e820: [mem 0x00000000fffc0000-0x00000000ffffffff] reserved
[    0.000000] printk: bootconsole [earlyser0] enabled
[    0.288232] Spectre V2 : WARNING: Unprivileged eBPF is enabled with eIBRS on, data leaks possible via Spectre v2 BHB attacks!
[    4.441181] systemd[1]: Failed to start Load Kernel Modules.
[[0;1;31mFAILED[0m] Failed to start [0;1;39mLoad Kernel Modules[0m.

CentOS Stream 9
Kernel 6.2.0-rc8-675f176b4dcc+ on an x86_64

Activate the web console with: systemctl enable --now cockpit.socket

test login: [  231.921265] I/O error, dev loop5, sector 24 op 0x0:(READ) flags 0x80700 phys_seg 1 prio class 2
[  767.698639] I/O error, dev loop6, sector 32 op 0x0:(READ) flags 0x80700 phys_seg 1 prio class 2
[  804.260313] I/O error, dev loop3, sector 24 op 0x0:(READ) flags 0x80700 phys_seg 1 prio class 2
[  980.499827] I/O error, dev loop1, sector 24 op 0x0:(READ) flags 0x80700 phys_seg 1 prio class 2
[ 1247.089271] I/O error, dev loop7, sector 24 op 0x0:(READ) flags 0x80700 phys_seg 1 prio class 2
[ 1417.827174] I/O error, dev loop0, sector 24 op 0x0:(READ) flags 0x80700 phys_seg 1 prio class 2
[ 1448.498082] I/O error, dev loop6, sector 24 op 0x0:(READ) flags 0x80700 phys_seg 1 prio class 2
[ 1508.457575] I/O error, dev loop3, sector 32 op 0x0:(READ) flags 0x80700 phys_seg 1 prio class 2
[ 1709.499330] I/O error, dev loop0, sector 24 op 0x0:(READ) flags 0x80700 phys_seg 1 prio class 2
[ 1830.725231] I/O error, dev loop7, sector 24 op 0x0:(READ) flags 0x80700 phys_seg 1 prio class 2
