c[?7l[2J[0mSeaBIOS (version rel-1.16.0-0-gd239552ce722-prebuilt.qemu.org)


iPXE (http://ipxe.org) 00:03.0 CA00 PCI2.10 PnP PMM+7FF91000+7FEF1000 CA00
Press Ctrl-B to configure iPXE (PCI 00:03.0)...                                                                               


Booting from ROM..c[?7l[2J[    0.000000] Linux version 6.3.0-548eb516ec0f+ (root@p-rplp01) (gcc (GCC) 8.5.0 20210514 (Red Hat 8.5.0-18), GNU ld version 2.36.1-2.el8) #1 SMP PREEMPT_DYNAMIC Tue Apr 25 18:24:37 CST 2023
[    0.000000] Command line: console=ttyS0 root=/dev/sda earlyprintk=serial net.ifnames=0
[    0.000000] KERNEL supported cpus:
[    0.000000]   Intel GenuineIntel
[    0.000000]   AMD AuthenticAMD
[    0.000000]   Hygon HygonGenuine
[    0.000000]   Centaur CentaurHauls
[    0.000000]   zhaoxin   Shanghai  
[    0.000000] x86/fpu: Supporting XSAVE feature 0x001: 'x87 floating point registers'
[    0.000000] x86/fpu: Supporting XSAVE feature 0x002: 'SSE registers'
[    0.000000] x86/fpu: Supporting XSAVE feature 0x004: 'AVX registers'
[    0.000000] x86/fpu: Supporting XSAVE feature 0x200: 'Protection Keys User registers'
[    0.000000] x86/fpu: xstate_offset[2]:  576, xstate_sizes[2]:  256
[    0.000000] x86/fpu: xstate_offset[9]:  832, xstate_sizes[9]:    8
[    0.000000] x86/fpu: Enabled xstate features 0x207, context size is 840 bytes, using 'compacted' format.
[    0.000000] signal: max sigframe size: 3632
[    0.000000] BIOS-provided physical RAM map:
[    0.000000] BIOS-e820: [mem 0x0000000000000000-0x000000000009fbff] usable
[    0.000000] BIOS-e820: [mem 0x000000000009fc00-0x000000000009ffff] reserved
[    0.000000] BIOS-e820: [mem 0x00000000000f0000-0x00000000000fffff] reserved
[    0.000000] BIOS-e820: [mem 0x0000000000100000-0x000000007ffdffff] usable
[    0.000000] BIOS-e820: [mem 0x000000007ffe0000-0x000000007fffffff] reserved
[    0.000000] BIOS-e820: [mem 0x00000000feffc000-0x00000000feffffff] reserved
[    0.000000] BIOS-e820: [mem 0x00000000fffc0000-0x00000000ffffffff] reserved
[    0.000000] printk: bootconsole [earlyser0] enabled
[    0.000000] NX (Execute Disable) protection: active
[    0.000000] SMBIOS 2.8 present.
[    0.000000] DMI: QEMU Standard PC (i440FX + PIIX, 1996), BIOS rel-1.16.0-0-gd239552ce722-prebuilt.qemu.org 04/01/2014
[    0.000000] Hypervisor detected: KVM
[    0.000000] kvm-clock: Using msrs 4b564d01 and 4b564d00
[    0.000001] kvm-clock: using sched offset of 323726055 cycles
[    0.000311] clocksource: kvm-clock: mask: 0xffffffffffffffff max_cycles: 0x1cd42e4dffb, max_idle_ns: 881590591483 ns
[    0.001253] tsc: Detected 2918.400 MHz processor
[    0.004000] last_pfn = 0x7ffe0 max_arch_pfn = 0x400000000
[    0.004000] x86/PAT: Configuration [0-7]: WB  WC  UC- UC  WB  WP  UC- WT  
[    0.004000] found SMP MP-table at [mem 0x000f5ba0-0x000f5baf]
[    0.004000] Using GB pages for direct mapping
[    0.004000] ACPI: Early table checksum verification disabled
[    0.004000] ACPI: RSDP 0x00000000000F59C0 000014 (v00 BOCHS )
[    0.004000] ACPI: RSDT 0x000000007FFE1951 000034 (v01 BOCHS  BXPC     00000001 BXPC 00000001)
[    0.004000] ACPI: FACP 0x000000007FFE17FD 000074 (v01 BOCHS  BXPC     00000001 BXPC 00000001)
[    0.004000] ACPI: DSDT 0x000000007FFE0040 0017BD (v01 BOCHS  BXPC     00000001 BXPC 00000001)
[    0.004000] ACPI: FACS 0x000000007FFE0000 000040
[    0.004000] ACPI: APIC 0x000000007FFE1871 000080 (v01 BOCHS  BXPC     00000001 BXPC 00000001)
[    0.004000] ACPI: HPET 0x000000007FFE18F1 000038 (v01 BOCHS  BXPC     00000001 BXPC 00000001)
[    0.004000] ACPI: WAET 0x000000007FFE1929 000028 (v01 BOCHS  BXPC     00000001 BXPC 00000001)
[    0.004000] ACPI: Reserving FACP table memory at [mem 0x7ffe17fd-0x7ffe1870]
[    0.004000] ACPI: Reserving DSDT table memory at [mem 0x7ffe0040-0x7ffe17fc]
[    0.004000] ACPI: Reserving FACS table memory at [mem 0x7ffe0000-0x7ffe003f]
[    0.004000] ACPI: Reserving APIC table memory at [mem 0x7ffe1871-0x7ffe18f0]
[    0.004000] ACPI: Reserving HPET table memory at [mem 0x7ffe18f1-0x7ffe1928]
[    0.004000] ACPI: Reserving WAET table memory at [mem 0x7ffe1929-0x7ffe1950]
[    0.004000] No NUMA configuration found
[    0.004000] Faking a node at [mem 0x0000000000000000-0x000000007ffdffff]
[    0.004000] NODE_DATA(0) allocated [mem 0x7ffb5000-0x7ffdffff]
[    0.004000] Zone ranges:
[    0.004000]   DMA      [mem 0x0000000000001000-0x0000000000ffffff]
[    0.004000]   DMA32    [mem 0x0000000001000000-0x000000007ffdffff]
[    0.004000]   Normal   empty
[    0.004000]   Device   empty
[    0.004000] Movable zone start for each node
[    0.004000] Early memory node ranges
[    0.004000]   node   0: [mem 0x0000000000001000-0x000000000009efff]
[    0.004000]   node   0: [mem 0x0000000000100000-0x000000007ffdffff]
[    0.004000] Initmem setup node 0 [mem 0x0000000000001000-0x000000007ffdffff]
[    0.004000] On node 0, zone DMA: 1 pages in unavailable ranges
[    0.004000] On node 0, zone DMA: 97 pages in unavailable ranges
[    0.004000] On node 0, zone DMA32: 32 pages in unavailable ranges
[    0.004000] ACPI: PM-Timer IO Port: 0x608
[    0.004000] ACPI: LAPIC_NMI (acpi_id[0xff] dfl dfl lint[0x1])
[    0.004000] IOAPIC[0]: apic_id 0, version 17, address 0xfec00000, GSI 0-23
[    0.004000] ACPI: INT_SRC_OVR (bus 0 bus_irq 0 global_irq 2 dfl dfl)
[    0.004000] ACPI: INT_SRC_OVR (bus 0 bus_irq 5 global_irq 5 high level)
[    0.004000] ACPI: INT_SRC_OVR (bus 0 bus_irq 9 global_irq 9 high level)
[    0.004000] ACPI: INT_SRC_OVR (bus 0 bus_irq 10 global_irq 10 high level)
[    0.004000] ACPI: INT_SRC_OVR (bus 0 bus_irq 11 global_irq 11 high level)
[    0.004000] ACPI: Using ACPI (MADT) for SMP configuration information
[    0.004000] ACPI: HPET id: 0x8086a201 base: 0xfed00000
[    0.004000] TSC deadline timer available
[    0.004000] smpboot: Allowing 2 CPUs, 0 hotplug CPUs
[    0.004000] kvm-guest: KVM setup pv remote TLB flush
[    0.004000] kvm-guest: setup PV sched yield
[    0.004000] PM: hibernation: Registered nosave memory: [mem 0x00000000-0x00000fff]
[    0.004000] PM: hibernation: Registered nosave memory: [mem 0x0009f000-0x0009ffff]
[    0.004000] PM: hibernation: Registered nosave memory: [mem 0x000a0000-0x000effff]
[    0.004000] PM: hibernation: Registered nosave memory: [mem 0x000f0000-0x000fffff]
[    0.004000] [mem 0x80000000-0xfeffbfff] available for PCI devices
[    0.004000] Booting paravirtualized kernel on KVM
[    0.004000] clocksource: refined-jiffies: mask: 0xffffffff max_cycles: 0xffffffff, max_idle_ns: 7645519600211568 ns
[    0.004000] setup_percpu: NR_CPUS:8192 nr_cpumask_bits:2 nr_cpu_ids:2 nr_node_ids:1
[    0.004000] percpu: Embedded 65 pages/cpu s229376 r8192 d28672 u1048576
[    0.004000] kvm-guest: PV spinlocks enabled
[    0.004000] PV qspinlock hash table entries: 256 (order: 0, 4096 bytes, linear)
[    0.004000] Fallback order for Node 0: 0 
[    0.004000] Built 1 zonelists, mobility grouping on.  Total pages: 515808
[    0.004000] Policy zone: DMA32
[    0.004000] Kernel command line: net.ifnames=0 console=ttyS0 root=/dev/sda earlyprintk=serial net.ifnames=0
[    0.004000] random: crng init done
[    0.004000] Dentry cache hash table entries: 262144 (order: 9, 2097152 bytes, linear)
[    0.004000] Inode-cache hash table entries: 131072 (order: 8, 1048576 bytes, linear)
[    0.004000] mem auto-init: stack:off, heap alloc:off, heap free:off
[    0.004000] Memory: 1966944K/2096632K available (34816K kernel code, 4558K rwdata, 9768K rodata, 10364K init, 31912K bss, 129432K reserved, 0K cma-reserved)
[    0.004000] SLUB: HWalign=64, Order=0-3, MinObjects=0, CPUs=2, Nodes=1
[    0.004000] kmemleak: Kernel memory leak detector disabled
[    0.004000] ftrace: allocating 68595 entries in 268 pages
[    0.004000] ftrace: allocated 268 pages with 3 groups
[    0.004000] Dynamic Preempt: voluntary
[    0.004000] Running RCU self tests
[    0.004000] Running RCU synchronous self tests
[    0.004000] rcu: Preemptible hierarchical RCU implementation.
[    0.004000] rcu: 	RCU lockdep checking is enabled.
[    0.004000] rcu: 	RCU restricting CPUs from NR_CPUS=8192 to nr_cpu_ids=2.
[    0.004000] 	Trampoline variant of Tasks RCU enabled.
[    0.004000] 	Rude variant of Tasks RCU enabled.
[    0.004000] 	Tracing variant of Tasks RCU enabled.
[    0.004000] rcu: RCU calculated value of scheduler-enlistment delay is 25 jiffies.
[    0.004000] rcu: Adjusting geometry for rcu_fanout_leaf=16, nr_cpu_ids=2
[    0.004000] Running RCU synchronous self tests
[    0.004000] NR_IRQS: 524544, nr_irqs: 440, preallocated irqs: 16
[    0.004000] rcu: srcu_init: Setting srcu_struct sizes based on contention.
[    0.004000] Console: colour VGA+ 80x25
[    0.004000] printk: console [ttyS0] enabled
[    0.004000] printk: console [ttyS0] enabled
[    0.004000] printk: bootconsole [earlyser0] disabled
[    0.004000] printk: bootconsole [earlyser0] disabled
[    0.004000] Lock dependency validator: Copyright (c) 2006 Red Hat, Inc., Ingo Molnar
[    0.004000] ... MAX_LOCKDEP_SUBCLASSES:  8
[    0.004000] ... MAX_LOCK_DEPTH:          48
[    0.004000] ... MAX_LOCKDEP_KEYS:        8192
[    0.004000] ... CLASSHASH_SIZE:          4096
[    0.004000] ... MAX_LOCKDEP_ENTRIES:     32768
[    0.004000] ... MAX_LOCKDEP_CHAINS:      65536
[    0.004000] ... CHAINHASH_SIZE:          32768
[    0.004000]  memory used by lock dependency info: 6365 kB
[    0.004000]  memory used for stack traces: 4224 kB
[    0.004000]  per task-struct memory footprint: 1920 bytes
[    0.004000] ACPI: Core revision 20221020
[    0.004000] clocksource: hpet: mask: 0xffffffff max_cycles: 0xffffffff, max_idle_ns: 19112604467 ns
[    0.004000] APIC: Switch to symmetric I/O mode setup
[    0.004000] x2apic enabled
[    0.004000] Switched APIC routing to physical x2apic.
[    0.004000] kvm-guest: setup PV IPIs
[    0.004000] ..TIMER: vector=0x30 apic1=0 pin1=2 apic2=-1 pin2=-1
[    0.004000] clocksource: tsc-early: mask: 0xffffffffffffffff max_cycles: 0x2a11290c0c8, max_idle_ns: 440795344938 ns
[    0.122610] Calibrating delay loop (skipped) preset value.. 5836.80 BogoMIPS (lpj=11673600)
[    0.123089] pid_max: default: 32768 minimum: 301
[    0.123421] LSM: initializing lsm=capability,yama,integrity
[    0.126614] Yama: becoming mindful.
[    0.126921] Mount-cache hash table entries: 4096 (order: 3, 32768 bytes, linear)
[    0.127348] Mountpoint-cache hash table entries: 4096 (order: 3, 32768 bytes, linear)
[    0.128604] x86/cpu: User Mode Instruction Prevention (UMIP) activated
[    0.129407] Last level iTLB entries: 4KB 0, 2MB 0, 4MB 0
[    0.129724] Last level dTLB entries: 4KB 0, 2MB 0, 4MB 0, 1GB 0
[    0.130077] Spectre V1 : Mitigation: usercopy/swapgs barriers and __user pointer sanitization
[    0.130609] Spectre V2 : WARNING: Unprivileged eBPF is enabled with eIBRS on, data leaks possible via Spectre v2 BHB attacks!
[    0.131243] Spectre V2 : Mitigation: Enhanced / Automatic IBRS
[    0.131557] Spectre V2 : Spectre v2 / SpectreRSB mitigation: Filling RSB on context switch
[    0.131995] Spectre V2 : Spectre v2 / PBRSB-eIBRS: Retire a single CALL on VMEXIT
[    0.132395] Spectre V2 : mitigation: Enabling conditional Indirect Branch Prediction Barrier
[    0.132843] Speculative Store Bypass: Mitigation: Speculative Store Bypass disabled via prctl
[    0.133297] MMIO Stale Data: Unknown: No mitigations
[    0.219338] Freeing SMP alternatives memory: 56K
[    0.219635] Running RCU synchronous self tests
[    0.219882] Running RCU synchronous self tests
[    0.220362] smpboot: CPU0: 13th Gen Intel(R) CoreT i7-13800H (family: 0x6, model: 0xba, stepping: 0x2)
[    0.221153] cblist_init_generic: Setting adjustable number of callback queues.
[    0.221558] cblist_init_generic: Setting shift to 1 and lim to 1.
[    0.221921] cblist_init_generic: Setting shift to 1 and lim to 1.
[    0.222289] cblist_init_generic: Setting shift to 1 and lim to 1.
[    0.222599] Running RCU-tasks wait API self tests
[    0.322760] Performance Events: unsupported p6 CPU model 186 no PMU driver, software events only.
[    0.323419] rcu: Hierarchical SRCU implementation.
[    0.323685] rcu: 	Max phase no-delay instances is 1000.
[    0.324854] NMI watchdog: Perf NMI watchdog permanently disabled
[    0.325310] smp: Bringing up secondary CPUs ...
[    0.325869] x86: Booting SMP configuration:
[    0.326111] .... node  #0, CPUs:      #1
[    0.326364] smp: Brought up 1 node, 2 CPUs
[    0.326836] smpboot: Max logical packages: 1
[    0.327070] smpboot: Total of 2 processors activated (11673.60 BogoMIPS)
[    0.329565] devtmpfs: initialized
[    0.329565] x86/mm: Memory block size: 128MB
[    0.331679] Running RCU synchronous self tests
[    0.331679] Running RCU synchronous self tests
[    0.331679] clocksource: jiffies: mask: 0xffffffff max_cycles: 0xffffffff, max_idle_ns: 7645041785100000 ns
[    0.331896] futex hash table entries: 512 (order: 4, 65536 bytes, linear)
[    0.332418] pinctrl core: initialized pinctrl subsystem
[    0.333069] 
[    0.333188] *************************************************************
[    0.334612] **     NOTICE NOTICE NOTICE NOTICE NOTICE NOTICE NOTICE    **
[    0.335053] **                                                         **
[    0.335474] **  IOMMU DebugFS SUPPORT HAS BEEN ENABLED IN THIS KERNEL  **
[    0.335896] **                                                         **
[    0.336316] ** This means that this kernel is built to expose internal **
[    0.336737] ** IOMMU data structures, which may compromise security on **
[    0.337166] ** your system.                                            **
[    0.337586] **                                                         **
[    0.338007] ** If you see this message and you are not debugging the   **
[    0.338411] ** kernel, report this immediately to your vendor!         **
[    0.338607] **                                                         **
[    0.338969] **     NOTICE NOTICE NOTICE NOTICE NOTICE NOTICE NOTICE    **
[    0.339320] *************************************************************
[    0.339668] Callback from call_rcu_tasks_trace() invoked.
[    0.339999] PM: RTC time: 19:48:35, date: 2023-04-25
[    0.342810] NET: Registered PF_NETLINK/PF_ROUTE protocol family
[    0.343567] DMA: preallocated 256 KiB GFP_KERNEL pool for atomic allocations
[    0.343940] DMA: preallocated 256 KiB GFP_KERNEL|GFP_DMA pool for atomic allocations
[    0.344353] DMA: preallocated 256 KiB GFP_KERNEL|GFP_DMA32 pool for atomic allocations
[    0.344793] audit: initializing netlink subsys (disabled)
[    0.345110] audit: type=2000 audit(1682452115.744:1): state=initialized audit_enabled=0 res=1
[    0.345110] thermal_sys: Registered thermal governor 'fair_share'
[    0.345110] thermal_sys: Registered thermal governor 'bang_bang'
[    0.345110] thermal_sys: Registered thermal governor 'step_wise'
[    0.345110] thermal_sys: Registered thermal governor 'user_space'
[    0.346639] cpuidle: using governor ladder
[    0.347196] cpuidle: using governor menu
[    0.347686] acpiphp: ACPI Hot Plug PCI Controller Driver version: 0.5
[    0.348234] PCI: Using configuration type 1 for base access
[    0.349179] kprobes: kprobe jump-optimization is enabled. All kprobes are optimized if possible.
[    0.510659] HugeTLB: registered 1.00 GiB page size, pre-allocated 0 pages
[    0.511048] HugeTLB: 16380 KiB vmemmap can be freed for a 1.00 GiB page
[    0.511410] HugeTLB: registered 2.00 MiB page size, pre-allocated 0 pages
[    0.511779] HugeTLB: 28 KiB vmemmap can be freed for a 2.00 MiB page
[    0.514563] ACPI: Added _OSI(Module Device)
[    0.514606] ACPI: Added _OSI(Processor Device)
[    0.514853] ACPI: Added _OSI(3.0 _SCP Extensions)
[    0.515112] ACPI: Added _OSI(Processor Aggregator Device)
[    0.519187] ACPI: 1 ACPI AML tables successfully acquired and loaded
[    2.315628] Callback from call_rcu_tasks_rude() invoked.
[    2.353190] ACPI: Interpreter enabled
[    2.353505] ACPI: PM: (supports S0 S3 S4 S5)
[    2.353740] ACPI: Using IOAPIC for interrupt routing
[    2.354057] PCI: Using host bridge windows from ACPI; if necessary, use "pci=nocrs" and report a bug
[    2.354541] PCI: Using E820 reservations for host bridge windows
[    2.355063] ACPI: Enabled 2 GPEs in block 00 to 0F
[    2.366199] ACPI: PCI Root Bridge [PCI0] (domain 0000 [bus 00-ff])
[    2.366564] acpi PNP0A03:00: _OSC: OS supports [ASPM ClockPM Segments MSI EDR HPX-Type3]
[    2.366607] acpi PNP0A03:00: _OSC: not requesting OS control; OS requires [ExtendedConfig ASPM ClockPM MSI]
[    2.367170] acpi PNP0A03:00: fail to add MMCONFIG information, can't access extended configuration space under this bridge
[    2.369342] acpiphp: Slot [3] registered
[    2.369599] acpiphp: Slot [4] registered
[    2.369861] acpiphp: Slot [5] registered
[    2.370117] acpiphp: Slot [6] registered
[    2.370372] acpiphp: Slot [7] registered
[    2.370629] acpiphp: Slot [8] registered
[    2.370884] acpiphp: Slot [9] registered
[    2.371139] acpiphp: Slot [10] registered
[    2.371401] acpiphp: Slot [11] registered
[    2.371661] acpiphp: Slot [12] registered
[    2.371919] acpiphp: Slot [13] registered
[    2.372178] acpiphp: Slot [14] registered
[    2.372431] acpiphp: Slot [15] registered
[    2.372691] acpiphp: Slot [16] registered
[    2.372956] acpiphp: Slot [17] registered
[    2.373218] acpiphp: Slot [18] registered
[    2.373478] acpiphp: Slot [19] registered
[    2.373738] acpiphp: Slot [20] registered
[    2.373996] acpiphp: Slot [21] registered
[    2.374255] acpiphp: Slot [22] registered
[    2.374517] acpiphp: Slot [23] registered
[    2.374644] acpiphp: Slot [24] registered
[    2.374903] acpiphp: Slot [25] registered
[    2.375161] acpiphp: Slot [26] registered
[    2.375420] acpiphp: Slot [27] registered
[    2.375680] acpiphp: Slot [28] registered
[    2.375945] acpiphp: Slot [29] registered
[    2.376203] acpiphp: Slot [30] registered
[    2.376463] acpiphp: Slot [31] registered
[    2.376692] PCI host bridge to bus 0000:00
[    2.376917] pci_bus 0000:00: root bus resource [io  0x0000-0x0cf7 window]
[    2.377291] pci_bus 0000:00: root bus resource [io  0x0d00-0xffff window]
[    2.377657] pci_bus 0000:00: root bus resource [mem 0x000a0000-0x000bffff window]
[    2.378060] pci_bus 0000:00: root bus resource [mem 0x80000000-0xfebfffff window]
[    2.378462] pci_bus 0000:00: root bus resource [mem 0x100000000-0x17fffffff window]
[    2.378603] pci_bus 0000:00: root bus resource [bus 00-ff]
[    2.378974] pci 0000:00:00.0: [8086:1237] type 00 class 0x060000
[    2.381304] pci 0000:00:01.0: [8086:7000] type 00 class 0x060100
[    2.382105] pci 0000:00:01.1: [8086:7010] type 00 class 0x010180
[    2.383339] pci 0000:00:01.1: reg 0x20: [io  0xc040-0xc04f]
[    2.384096] pci 0000:00:01.1: legacy IDE quirk: reg 0x10: [io  0x01f0-0x01f7]
[    2.384487] pci 0000:00:01.1: legacy IDE quirk: reg 0x14: [io  0x03f6]
[    2.384847] pci 0000:00:01.1: legacy IDE quirk: reg 0x18: [io  0x0170-0x0177]
[    2.385237] pci 0000:00:01.1: legacy IDE quirk: reg 0x1c: [io  0x0376]
[    2.385771] pci 0000:00:01.3: [8086:7113] type 00 class 0x068000
[    2.386310] pci 0000:00:01.3: quirk: [io  0x0600-0x063f] claimed by PIIX4 ACPI
[    2.386608] pci 0000:00:01.3: quirk: [io  0x0700-0x070f] claimed by PIIX4 SMB
[    2.387188] pci 0000:00:02.0: [1234:1111] type 00 class 0x030000
[    2.389318] pci 0000:00:02.0: reg 0x10: [mem 0xfd000000-0xfdffffff pref]
[    2.391350] pci 0000:00:02.0: reg 0x18: [mem 0xfebf0000-0xfebf0fff]
[    2.394163] pci 0000:00:02.0: reg 0x30: [mem 0xfebe0000-0xfebeffff pref]
[    2.394642] pci 0000:00:02.0: Video device with shadowed ROM at [mem 0x000c0000-0x000dffff]
[    2.397036] pci 0000:00:03.0: [8086:100e] type 00 class 0x020000
[    2.397717] pci 0000:00:03.0: reg 0x10: [mem 0xfebc0000-0xfebdffff]
[    2.398358] pci 0000:00:03.0: reg 0x14: [io  0xc000-0xc03f]
[    2.400468] pci 0000:00:03.0: reg 0x30: [mem 0xfeb80000-0xfebbffff pref]
[    2.407602] ACPI: PCI: Interrupt link LNKA configured for IRQ 10
[    2.408198] ACPI: PCI: Interrupt link LNKB configured for IRQ 10
[    2.408767] ACPI: PCI: Interrupt link LNKC configured for IRQ 11
[    2.409328] ACPI: PCI: Interrupt link LNKD configured for IRQ 11
[    2.409763] ACPI: PCI: Interrupt link LNKS configured for IRQ 9
[    2.410794] iommu: Default domain type: Translated 
[    2.410888] iommu: DMA domain TLB invalidation policy: lazy mode 
[    2.412013] SCSI subsystem initialized
[    2.412263] ACPI: bus type USB registered
[    2.412263] usbcore: registered new interface driver usbfs
[    2.412263] usbcore: registered new interface driver hub
[    2.412263] usbcore: registered new device driver usb
[    2.412263] pps_core: LinuxPPS API ver. 1 registered
[    2.412263] pps_core: Software ver. 5.3.6 - Copyright 2005-2007 Rodolfo Giometti <giometti@linux.it>
[    2.414610] PTP clock support registered
[    2.414863] EDAC MC: Ver: 3.0.0
[    2.415356] NetLabel: Initializing
[    2.415557] NetLabel:  domain hash size = 128
[    2.415793] NetLabel:  protocols = UNLABELED CIPSOv4 CALIPSO
[    2.416118] NetLabel:  unlabeled traffic allowed by default
[    2.416521] PCI: Using ACPI for IRQ routing
[    2.416521] pci 0000:00:02.0: vgaarb: setting as boot VGA device
[    2.416521] pci 0000:00:02.0: vgaarb: bridge control possible
[    2.416521] pci 0000:00:02.0: vgaarb: VGA device added: decodes=io+mem,owns=io+mem,locks=none
[    2.418613] vgaarb: loaded
[    2.418797] hpet0: at MMIO 0xfed00000, IRQs 2, 8, 0
[    2.419092] hpet0: 3 comparators, 64-bit 100.000000 MHz counter
[    2.422763] clocksource: Switched to clocksource kvm-clock
[    2.486775] Callback from call_rcu_tasks() invoked.
[    2.497014] VFS: Disk quotas dquot_6.6.0
[    2.497266] VFS: Dquot-cache hash table entries: 512 (order 0, 4096 bytes)
[    2.497800] pnp: PnP ACPI init
[    2.499166] pnp: PnP ACPI: found 6 devices
[    2.508445] clocksource: acpi_pm: mask: 0xffffff max_cycles: 0xffffff, max_idle_ns: 2085701024 ns
[    2.509143] NET: Registered PF_INET protocol family
[    2.509461] IP idents hash table entries: 32768 (order: 6, 262144 bytes, linear)
[    2.510474] tcp_listen_portaddr_hash hash table entries: 1024 (order: 4, 73728 bytes, linear)
[    2.510953] Table-perturb hash table entries: 65536 (order: 6, 262144 bytes, linear)
[    2.511406] TCP established hash table entries: 16384 (order: 5, 131072 bytes, linear)
[    2.511965] TCP bind hash table entries: 16384 (order: 9, 2359296 bytes, linear)
[    2.515017] TCP: Hash tables configured (established 16384 bind 16384)
[    2.515433] UDP hash table entries: 1024 (order: 5, 163840 bytes, linear)
[    2.515823] UDP-Lite hash table entries: 1024 (order: 5, 163840 bytes, linear)
[    2.516286] NET: Registered PF_UNIX/PF_LOCAL protocol family
[    2.516921] RPC: Registered named UNIX socket transport module.
[    2.517254] RPC: Registered udp transport module.
[    2.517499] RPC: Registered tcp transport module.
[    2.517737] RPC: Registered tcp NFSv4.1 backchannel transport module.
[    2.518079] pci_bus 0000:00: resource 4 [io  0x0000-0x0cf7 window]
[    2.518409] pci_bus 0000:00: resource 5 [io  0x0d00-0xffff window]
[    2.518738] pci_bus 0000:00: resource 6 [mem 0x000a0000-0x000bffff window]
[    2.519101] pci_bus 0000:00: resource 7 [mem 0x80000000-0xfebfffff window]
[    2.519477] pci_bus 0000:00: resource 8 [mem 0x100000000-0x17fffffff window]
[    2.520016] pci 0000:00:01.0: PIIX3: Enabling Passive Release
[    2.520337] pci 0000:00:00.0: Limiting direct PCI/PCI transfers
[    2.520728] PCI: CLS 0 bytes, default 64
[    2.520976] ACPI: bus type thunderbolt registered
[    2.521416] clocksource: tsc: mask: 0xffffffffffffffff max_cycles: 0x2a11290c0c8, max_idle_ns: 440795344938 ns
[    2.526484] Initialise system trusted keyrings
[    2.526803] Key type blacklist registered
[    2.527140] workingset: timestamp_bits=36 max_order=19 bucket_order=0
[    2.527539] zbud: loaded
[    2.528211] squashfs: version 4.0 (2009/01/31) Phillip Lougher
[    2.528976] NFS: Registering the id_resolver key type
[    2.529256] Key type id_resolver registered
[    2.529482] Key type id_legacy registered
[    2.529713] nfs4filelayout_init: NFSv4 File Layout Driver Registering...
[    2.530085] nfs4flexfilelayout_init: NFSv4 Flexfile Layout Driver Registering...
[    2.530591] fuse: init (API version 7.38)
[    2.530935] SGI XFS with ACLs, security attributes, realtime, quota, no debug enabled
[    2.531860] 9p: Installing v9fs 9p2000 file system support
[    2.537220] Key type asymmetric registered
[    2.537462] Asymmetric key parser 'x509' registered
[    2.537752] Block layer SCSI generic (bsg) driver version 0.4 loaded (major 243)
[    2.538299] io scheduler mq-deadline registered
[    2.538616] io scheduler bfq registered
[    2.539078] shpchp: Standard Hot Plug PCI Controller Driver version: 0.4
[    2.539716] IPMI message handler: version 39.2
[    2.539987] ipmi device interface
[    2.541281] input: Power Button as /devices/LNXSYSTM:00/LNXPWRBN:00/input/input0
[    2.541922] ACPI: button: Power Button [PWRF]
[    2.542827] ERST DBG: ERST support is disabled.
[    2.543494] Serial: 8250/16550 driver, 32 ports, IRQ sharing enabled
[    2.544240] 00:04: ttyS0 at I/O 0x3f8 (irq = 4, base_baud = 115200) is a 16550A
[    2.550314] Linux agpgart interface v0.103
[    2.551069] ACPI: bus type drm_connector registered
[    2.560153] brd: module loaded
[    2.565356] loop: module loaded
[    2.568164] scsi host0: ata_piix
[    2.568731] scsi host1: ata_piix
[    2.569017] ata1: PATA max MWDMA2 cmd 0x1f0 ctl 0x3f6 bmdma 0xc040 irq 14
[    2.569379] ata2: PATA max MWDMA2 cmd 0x170 ctl 0x376 bmdma 0xc048 irq 15
[    2.570566] tun: Universal TUN/TAP device driver, 1.6
[    2.570964] e100: Intel(R) PRO/100 Network Driver
[    2.571230] e100: Copyright(c) 1999-2006 Intel Corporation
[    2.571548] e1000: Intel(R) PRO/1000 Network Driver
[    2.571814] e1000: Copyright (c) 1999-2006 Intel Corporation.
[    2.697574] ACPI: \_SB_.LNKC: Enabled at IRQ 11
[    2.726725] ata1: found unknown device (class 0)
[    2.727204] ata2: found unknown device (class 0)
[    2.727965] ata1.00: ATA-7: QEMU HARDDISK, 2.5+, max UDMA/100
[    2.728286] ata1.00: 16777216 sectors, multi 16: LBA48 
[    2.728686] ata2.00: ATAPI: QEMU DVD-ROM, 2.5+, max UDMA/100
[    2.729865] scsi 0:0:0:0: Direct-Access     ATA      QEMU HARDDISK    2.5+ PQ: 0 ANSI: 5
[    2.731118] scsi 0:0:0:0: Attached scsi generic sg0 type 0
[    2.732053] sd 0:0:0:0: [sda] 16777216 512-byte logical blocks: (8.59 GB/8.00 GiB)
[    2.732500] scsi 1:0:0:0: CD-ROM            QEMU     QEMU DVD-ROM     2.5+ PQ: 0 ANSI: 5
[    2.733026] sd 0:0:0:0: [sda] Write Protect is off
[    2.733437] sd 0:0:0:0: [sda] Write cache: enabled, read cache: enabled, doesn't support DPO or FUA
[    2.734173] sd 0:0:0:0: [sda] Preferred minimum I/O size 512 bytes
[    2.755556] scsi 1:0:0:0: Attached scsi generic sg1 type 5
[    2.756818] sd 0:0:0:0: [sda] Attached SCSI disk
[    3.012838] e1000 0000:00:03.0 eth0: (PCI:33MHz:32-bit) 52:54:00:12:34:56
[    3.013232] e1000 0000:00:03.0 eth0: Intel(R) PRO/1000 Network Connection
[    3.013660] e1000e: Intel(R) PRO/1000 Network Driver
[    3.013929] e1000e: Copyright(c) 1999 - 2015 Intel Corporation.
[    3.014275] igb: Intel(R) Gigabit Ethernet Network Driver
[    3.014565] igb: Copyright (c) 2007-2014 Intel Corporation.
[    3.014911] PPP generic driver version 2.4.2
[    3.015575] VFIO - User Level meta-driver version: 0.3
[    3.016222] usbcore: registered new interface driver uas
[    3.016529] usbcore: registered new interface driver usb-storage
[    3.016952] i8042: PNP: PS/2 Controller [PNP0303:KBD,PNP0f13:MOU] at 0x60,0x64 irq 1,12
[    3.017979] serio: i8042 KBD port at 0x60,0x64 irq 1
[    3.018269] serio: i8042 AUX port at 0x60,0x64 irq 12
[    3.018964] mousedev: PS/2 mouse device common for all mice
[    3.019893] input: AT Translated Set 2 keyboard as /devices/platform/i8042/serio0/input/input1
[    3.020851] rtc_cmos 00:05: RTC can wake from S4
[    3.021417] input: VirtualPS/2 VMware VMMouse as /devices/platform/i8042/serio1/input/input4
[    3.022418] input: VirtualPS/2 VMware VMMouse as /devices/platform/i8042/serio1/input/input3
[    3.023347] rtc_cmos 00:05: registered as rtc0
[    3.023642] rtc_cmos 00:05: setting system clock to 2023-04-25T19:48:38 UTC (1682452118)
[    3.024211] rtc_cmos 00:05: alarms up to one day, y3k, 242 bytes nvram, hpet irqs
[    3.024624] i2c_dev: i2c /dev entries driver
[    3.024891] device-mapper: core: CONFIG_IMA_DISABLE_HTABLE is disabled. Duplicate IMA measurements will not be recorded in the IMA log.
[    3.025553] device-mapper: uevent: version 1.0.3
[    3.025958] device-mapper: ioctl: 4.47.0-ioctl (2022-07-28) initialised: dm-devel@redhat.com
[    3.026416] intel_pstate: CPU model not supported
[    3.026750] sdhci: Secure Digital Host Controller Interface driver
[    3.027083] sdhci: Copyright(c) Pierre Ossman
[    3.027361] sdhci-pltfm: SDHCI platform and OF driver helper
[    3.027740] ledtrig-cpu: registered to indicate activity on CPUs
[    3.028308] drop_monitor: Initializing network drop monitor service
[    3.028766] NET: Registered PF_INET6 protocol family
[    3.030888] Segment Routing with IPv6
[    3.031124] In-situ OAM (IOAM) with IPv6
[    3.031364] NET: Registered PF_PACKET protocol family
[    3.031746] 9pnet: Installing 9P2000 support
[    3.032021] Key type dns_resolver registered
[    3.032826] IPI shorthand broadcast: enabled
[    3.042593] sched_clock: Marking stable (2924002193, 114599407)->(3071026045, -32424445)
[    3.043410] registered taskstats version 1
[    3.043860] Loading compiled-in X.509 certificates
[    3.044266] zswap: loaded using pool lzo/zbud
[    3.054785] Key type .fscrypt registered
[    3.055013] Key type fscrypt-provisioning registered
[    3.055927] Key type encrypted registered
[    3.056173] ima: No TPM chip found, activating TPM-bypass!
[    3.056459] ima: Allocated hash algorithm: sha1
[    3.056716] ima: No architecture policies found
[    3.057001] evm: Initialising EVM extended attributes:
[    3.057274] evm: security.selinux
[    3.057445] evm: security.SMACK64
[    3.057617] evm: security.SMACK64EXEC
[    3.057804] evm: security.SMACK64TRANSMUTE
[    3.058019] evm: security.SMACK64MMAP
[    3.058218] evm: security.apparmor
[    3.058400] evm: security.ima
[    3.058554] evm: security.capability
[    3.058769] evm: HMAC attrs: 0x1
[    3.059738] PM:   Magic number: 3:670:850
[    3.060259] RAS: Correctable Errors collector initialized.
[    3.061427] md: Waiting for all devices to be available before autodetect
[    3.061682] md: If you don't use raid, use raid=noautodetect
[    3.061889] md: Autodetecting RAID arrays.
[    3.062045] md: autorun ...
[    3.062151] md: ... autorun DONE.
[    3.068768] EXT4-fs (sda): mounted filesystem 23a53bb9-f815-47a5-b74c-5e08f7731193 with ordered data mode. Quota mode: none.
[    3.069226] VFS: Mounted root (ext4 filesystem) readonly on device 8:0.
[    3.070763] devtmpfs: mounted
[    3.076925] Freeing unused decrypted memory: 2036K
[    3.080496] Freeing unused kernel image (initmem) memory: 10364K
[    3.082671] Write protecting the kernel read-only data: 45056k
[    3.083752] Freeing unused kernel image (rodata/data gap) memory: 472K
[    3.150299] x86/mm: Checked W+X mappings: passed, no W+X pages found.
[    3.150545] Run /sbin/init as init process
[    3.217006] systemd[1]: RTC configured in localtime, applying delta of 0 minutes to system time.
[    3.236312] systemd[1]: systemd 239 (239-49.el8) running in system mode. (+PAM +AUDIT +SELINUX +IMA -APPARMOR +SMACK +SYSVINIT +UTMP +LIBCRYPTSETUP +GCRYPT +GNUTLS +ACL +XZ +LZ4 +SECCOMP +BLKID +ELFUTILS +KMOD +IDN2 -IDN +PCRE2 default-hierarchy=legacy)
[    3.237231] systemd[1]: Detected virtualization kvm.
[    3.237422] systemd[1]: Detected architecture x86-64.

Welcome to [0;31mCentOS Stream 8[0m!

[    3.298725] systemd[1]: Set hostname to <test>.
[    3.487420] systemd[1]: Listening on initctl Compatibility Named Pipe.
[[0;32m  OK  [0m] Listening on initctl Compatibility Named Pipe.
[    3.488295] systemd[1]: Listening on udev Control Socket.
[[0;32m  OK  [0m] Listening on udev Control Socket.
[    3.490542] systemd[1]: Created slice system-getty.slice.
[[0;32m  OK  [0m] Created slice system-getty.slice.
[    3.491208] systemd[1]: Started Forward Password Requests to Wall Directory Watch.
[[0;32m  OK  [0m] Started Forward Password Requests to Wall Directory Watch.
[    3.492434] systemd[1]: Created slice system-serial\x2dgetty.slice.
[[0;32m  OK  [0m] Created slice system-serial\x2dgetty.slice.
[    3.493086] systemd[1]: Listening on multipathd control socket.
[[0;32m  OK  [0m] Listening on multipathd control socket.
[[0;32m  OK  [0m] Listening on Device-mapper event daemon FIFOs.
[[0;32m  OK  [0m] Reached target Swap.
[[0;32m  OK  [0m] Listening on udev Kernel Socket.
[[0;32m  OK  [0m] Listening on LVM2 poll daemon socket.
[[0;32m  OK  [0m] Set up automount Arbitrary Executabâ€¦rmats File System Automount Point.
[[0;32m  OK  [0m] Listening on Journal Socket.
         Mounting Kernel Debug File System...
         Starting Monitoring of LVM2 mirrorsâ€¦ng dmeventd or progress polling...
         Mounting Huge Pages File System...
         Starting Remount Root and Kernel File Systems...
         Starting udev Coldplug all Devices...
[[0;32m  OK  [0m] Listening on RPCbind Server Activation Socket.
[[0;32m  OK  [0m] Listening on Journal Socket (/dev/log).
[[0;32m  OK  [0m] Reached target RPC Port Mapper.
[[0;32m  OK  [0m] Created slice system-sshd\x2dkeygen.slice.
         Starting Journal Service...
         Mounting POSIX Message Queue File System...
         Starting Load Kernel Modules...
[[0;32m  OK  [0m] Created slice User and Session Slice.
[[0;32m  OK  [0m] Reached target Slices.
         Starting Setup Virtual Console...
[[0;32m  OK  [0m] Listening on Process Core Dump Socket.
[[0;32m  OK  [0m] Mounted Kernel Debug File System.
[[0;32m  OK  [0m] Mounted Huge Pages File System.
[[0;32m  OK  [0m] Mounted POSIX Message Queue File System.
[[0;1;31mFAILED[0m] Failed to start Load Kernel Modules.
See 'systemctl status systemd-modules-load.service' for details.
         Mounting FUSE Control File System...
         Starting Apply Kernel Variables...
         Mounting Kernel Configuration File System...
[[0;32m  OK  [0m] Started Journal Service.
[    3.750764] EXT4-fs (sda): re-mounted 23a53bb9-f815-47a5-b74c-5e08f7731193. Quota mode: none.
[[0;32m  OK  [0m] Started Remount Root and Kernel File Systems.
[[0;32m  OK  [0m] Mounted FUSE Control File System.
[[0;32m  OK  [0m] Mounted Kernel Configuration File System.
         Starting Load/Save Random Seed...
         Starting Create Static Device Nodes in /dev...
         Starting Flush Journal to Persistent Storage...
[[0;32m  OK  [0m] Started Setup Virtual Console.
[[0;32m  OK  [0m] Started udev Coldplug all Devices.
[[0;32m  OK  [0m] Started Apply Kernel Variables.
[[0;32m  OK  [0m] Started Load/Save Random Seed.
         Starting udev Wait for Complete Device Initialization...
[[0;32m  OK  [0m] Started Flush Journal to Persistent Storage.
[[0;32m  OK  [0m] Started Create Static Device Nodes in /dev.
         Starting udev Kernel Device Manager...
[[0;32m  OK  [0m] Started udev Kernel Device Manager.
         Starting Show Plymouth Boot Screen...
[[0;32m  OK  [0m] Started Show Plymouth Boot Screen.
[[0;32m  OK  [0m] Reached target Paths.
[[0;32m  OK  [0m] Reached target Local Encrypted Volumes.
[[0;32m  OK  [0m] Started Forward Password Requests to Plymouth Directory Watch.
[[0;32m  OK  [0m] Found device /dev/ttyS0.
[[0;32m  OK  [0m] Started Monitoring of LVM2 mirrors,â€¦sing dmeventd or progress polling.
[[0;32m  OK  [0m] Started udev Wait for Complete Device Initialization.
[[0;32m  OK  [0m] Listening on Load/Save RF Kill Switch Status /dev/rfkill Watch.
[[0;32m  OK  [0m] Reached target Local File Systems (Pre).
[[0;32m  OK  [0m] Reached target Local File Systems.
         Starting Tell Plymouth To Write Out Runtime Data...
         Starting Restore /run/initramfs on shutdown...
         Starting Create Volatile Files and Directories...
[[0;32m  OK  [0m] Started Tell Plymouth To Write Out Runtime Data.
[[0;32m  OK  [0m] Started Restore /run/initramfs on shutdown.
[[0;32m  OK  [0m] Started Create Volatile Files and Directories.
         Starting Security Auditing Service...
         Mounting RPC Pipe File System...
         Starting RPC Bind...
[[0;32m  OK  [0m] Mounted RPC Pipe File System.
[[0;32m  OK  [0m] Reached target rpc_pipefs.target.
[[0;32m  OK  [0m] Started RPC Bind.
[[0;32m  OK  [0m] Started Security Auditing Service.
         Starting Update UTMP about System Boot/Shutdown...
[[0;32m  OK  [0m] Started Update UTMP about System Boot/Shutdown.
[[0;32m  OK  [0m] Reached target System Initialization.
[[0;32m  OK  [0m] Started dnf makecache --timer.
[[0;32m  OK  [0m] Started Daily Cleanup of Temporary Directories.
[[0;32m  OK  [0m] Listening on SSSD Kerberos Cache Manager responder socket.
[[0;32m  OK  [0m] Started daily update of the root trust anchor for DNSSEC.
[[0;32m  OK  [0m] Reached target Timers.
[[0;32m  OK  [0m] Listening on D-Bus System Message Bus Socket.
[[0;32m  OK  [0m] Reached target Sockets.
[[0;32m  OK  [0m] Reached target Basic System.
[[0;32m  OK  [0m] Started D-Bus System Message Bus.
         Starting Auto-connect to subsystemsâ€¦-NVME devices found during boot...
         Starting Network Manager...
         Starting NTP client/server...
         Starting Self Monitoring and Reporting Technology (SMART) Daemon...
         Starting Login Service...
[[0;32m  OK  [0m] Started Machine Check Exception Logging Daemon.
         Starting Authorization Manager...
[[0;32m  OK  [0m] Reached target sshd-keygen.target.
[[0;32m  OK  [0m] Started irqbalance daemon.
[[0;32m  OK  [0m] Started Auto-connect to subsystems â€¦FC-NVME devices found during boot.
         Starting update of the root trust aâ€¦or DNSSEC validation in unbound...
[[0;32m  OK  [0m] Started Self Monitoring and Reporting Technology (SMART) Daemon.
[[0;32m  OK  [0m] Started Login Service.
[[0;32m  OK  [0m] Started Network Manager.
[[0;32m  OK  [0m] Reached target Network.
         Starting Dynamic System Tuning Daemon...
         Starting GSSAPI Proxy Daemon...
         Starting OpenSSH server daemon...
         Starting Network Manager Wait Online...
[[0;32m  OK  [0m] Started update of the root trust anâ€¦ for DNSSEC validation in unbound.
[[0;32m  OK  [0m] Started NTP client/server.
[[0;32m  OK  [0m] Started GSSAPI Proxy Daemon.
[[0;32m  OK  [0m] Started Authorization Manager.
         Starting Hostname Service...
[[0;32m  OK  [0m] Reached target NFS client services.
[[0;32m  OK  [0m] Reached target Remote File Systems (Pre).
[[0;32m  OK  [0m] Reached target Remote File Systems.
         Starting Permit User Sessions...
[[0;32m  OK  [0m] Started OpenSSH server daemon.
[[0;32m  OK  [0m] Started Permit User Sessions.
[[0;32m  OK  [0m] Started Command Scheduler.
         Starting Terminate Plymouth Boot Screen...
         Starting Hold until boot process finishes up...
[    5.158732] e1000: eth0 NIC Link is Up 1000 Mbps Full Duplex, Flow Control: RX
[    5.159376] IPv6: ADDRCONF(NETDEV_CHANGE): eth0: link becomes ready
[    5.303985] Spectre V2 : WARNING: Unprivileged eBPF is enabled with eIBRS on, data leaks possible via Spectre v2 BHB attacks!
[    5.304445] Spectre V2 : WARNING: Unprivileged eBPF is enabled with eIBRS on, data leaks possible via Spectre v2 BHB attacks!

CentOS Stream 8
Kernel 6.3.0-548eb516ec0f+ on an x86_64

test login: [   24.672829] memfd_create() without MFD_EXEC nor MFD_NOEXEC_SEAL, pid=332 'systemd'
[   28.181120] tpm tpm0: Operation Canceled
[   28.189165] tpm tpm0: Operation Canceled
[  300.118849] INFO: task repro:531 blocked for more than 147 seconds.
[  300.119332]       Not tainted 6.3.0-548eb516ec0f+ #1
[  300.119666] "echo 0 > /proc/sys/kernel/hung_task_timeout_secs" disables this message.
[  300.120172] task:repro           state:D stack:0     pid:531   ppid:522    flags:0x00004002
[  300.120720] Call Trace:
[  300.120894]  <TASK>
[  300.121052]  __schedule+0x40a/0xc30
[  300.121316]  ? wait_for_completion+0x7b/0x180
[  300.121624]  schedule+0x5b/0xe0
[  300.121854]  schedule_timeout+0x4db/0x5b0
[  300.122134]  ? wait_for_completion+0x9e/0x180
[  300.122442]  ? _raw_spin_unlock_irq+0x2b/0x60
[  300.122773]  ? wait_for_completion+0x7b/0x180
[  300.123089]  ? __this_cpu_preempt_check+0x20/0x30
[  300.123412]  ? lockdep_hardirqs_on+0x8a/0x110
[  300.123721]  ? wait_for_completion+0x7b/0x180
[  300.124026]  wait_for_completion+0xa6/0x180
[  300.124324]  kthread_stop+0xfe/0x360
[  300.124578]  hwrng_unregister+0x182/0x210
[  300.124857]  tpm_chip_unregister+0x1aa/0x1d0
[  300.125155]  ? __pfx_vtpm_proxy_fops_release+0x10/0x10
[  300.125507]  vtpm_proxy_fops_release+0x8f/0xa0
[  300.125818]  __fput+0x11f/0x450
[  300.126054]  ____fput+0x1e/0x30
[  300.126285]  task_work_run+0xb6/0x120
[  300.126546]  do_exit+0x547/0x12b0
[  300.126802]  ? __this_cpu_preempt_check+0x20/0x30
[  300.127129]  ? lockdep_hardirqs_on+0x8a/0x110
[  300.127440]  do_group_exit+0x5e/0xf0
[  300.127692]  __x64_sys_exit_group+0x25/0x30
[  300.127981]  do_syscall_64+0x3b/0x90
[  300.128239]  entry_SYSCALL_64_after_hwframe+0x72/0xdc
[  300.128587] RIP: 0033:0x7f44b4441cf6
[  300.128835] RSP: 002b:00007ffe46e60aa8 EFLAGS: 00000246 ORIG_RAX: 00000000000000e7
[  300.129331] RAX: ffffffffffffffda RBX: 00007f44b454c490 RCX: 00007f44b4441cf6
[  300.129798] RDX: 0000000000000000 RSI: 000000000000003c RDI: 0000000000000000
[  300.130264] RBP: 0000000000000000 R08: 00000000000000e7 R09: ffffffffffffff80
[  300.130745] R10: 0000000000000004 R11: 0000000000000246 R12: 00007f44b454c490
[  300.131219] R13: 0000000000000001 R14: 00007f44b454fe88 R15: 0000000000000000
[  300.131501]  </TASK>
[  300.131590] 
[  300.131590] Showing all locks held in the system:
[  300.131819] 1 lock held by rcu_tasks_kthre/11:
[  300.131990]  #0: ffffffff83d63450 (rcu_tasks.tasks_gp_mutex){+.+.}-{3:3}, at: rcu_tasks_one_gp+0x31/0x420
[  300.132361] 1 lock held by rcu_tasks_rude_/12:
[  300.132537]  #0: ffffffff83d631d0 (rcu_tasks_rude.tasks_gp_mutex){+.+.}-{3:3}, at: rcu_tasks_one_gp+0x31/0x420
[  300.132920] 1 lock held by rcu_tasks_trace/13:
[  300.133089]  #0: ffffffff83d62f10 (rcu_tasks_trace.tasks_gp_mutex){+.+.}-{3:3}, at: rcu_tasks_one_gp+0x31/0x420
[  300.133476] 1 lock held by khungtaskd/29:
[  300.133628]  #0: ffffffff83d63e60 (rcu_read_lock){....}-{1:2}, at: debug_show_all_locks+0x1b/0x1e0
[  300.134001] 
[  300.134065] =============================================
[  300.134065] 
[  447.574767] INFO: task repro:531 blocked for more than 294 seconds.
[  447.575037]       Not tainted 6.3.0-548eb516ec0f+ #1
[  447.575218] "echo 0 > /proc/sys/kernel/hung_task_timeout_secs" disables this message.
[  447.575502] task:repro           state:D stack:0     pid:531   ppid:522    flags:0x00004002
[  447.575813] Call Trace:
[  447.575911]  <TASK>
[  447.576001]  __schedule+0x40a/0xc30
[  447.576151]  ? wait_for_completion+0x7b/0x180
[  447.576326]  schedule+0x5b/0xe0
[  447.576460]  schedule_timeout+0x4db/0x5b0
[  447.576626]  ? wait_for_completion+0x9e/0x180
[  447.576816]  ? _raw_spin_unlock_irq+0x2b/0x60
[  447.576992]  ? wait_for_completion+0x7b/0x180
[  447.577168]  ? __this_cpu_preempt_check+0x20/0x30
[  447.577352]  ? lockdep_hardirqs_on+0x8a/0x110
[  447.577529]  ? wait_for_completion+0x7b/0x180
[  447.577704]  wait_for_completion+0xa6/0x180
[  447.577893]  kthread_stop+0xfe/0x360
[  447.578038]  hwrng_unregister+0x182/0x210
[  447.578198]  tpm_chip_unregister+0x1aa/0x1d0
[  447.578373]  ? __pfx_vtpm_proxy_fops_release+0x10/0x10
[  447.578580]  vtpm_proxy_fops_release+0x8f/0xa0
[  447.578775]  __fput+0x11f/0x450
[  447.578916]  ____fput+0x1e/0x30
[  447.579060]  task_work_run+0xb6/0x120
[  447.579223]  do_exit+0x547/0x12b0
[  447.579357]  ? __this_cpu_preempt_check+0x20/0x30
[  447.579549]  ? lockdep_hardirqs_on+0x8a/0x110
[  447.579726]  do_group_exit+0x5e/0xf0
[  447.579870]  __x64_sys_exit_group+0x25/0x30
[  447.580033]  do_syscall_64+0x3b/0x90
[  447.580180]  entry_SYSCALL_64_after_hwframe+0x72/0xdc
[  447.580382] RIP: 0033:0x7f44b4441cf6
[  447.580522] RSP: 002b:00007ffe46e60aa8 EFLAGS: 00000246 ORIG_RAX: 00000000000000e7
[  447.580803] RAX: ffffffffffffffda RBX: 00007f44b454c490 RCX: 00007f44b4441cf6
[  447.581067] RDX: 0000000000000000 RSI: 000000000000003c RDI: 0000000000000000
[  447.581331] RBP: 0000000000000000 R08: 00000000000000e7 R09: ffffffffffffff80
[  447.581597] R10: 0000000000000004 R11: 0000000000000246 R12: 00007f44b454c490
[  447.581860] R13: 0000000000000001 R14: 00007f44b454fe88 R15: 0000000000000000
[  447.582131]  </TASK>
[  447.582226] 
[  447.582226] Showing all locks held in the system:
[  447.582456] 1 lock held by rcu_tasks_kthre/11:
[  447.582633]  #0: ffffffff83d63450 (rcu_tasks.tasks_gp_mutex){+.+.}-{3:3}, at: rcu_tasks_one_gp+0x31/0x420
[  447.583004] 1 lock held by rcu_tasks_rude_/12:
[  447.583185]  #0: ffffffff83d631d0 (rcu_tasks_rude.tasks_gp_mutex){+.+.}-{3:3}, at: rcu_tasks_one_gp+0x31/0x420
[  447.583568] 1 lock held by rcu_tasks_trace/13:
[  447.583737]  #0: ffffffff83d62f10 (rcu_tasks_trace.tasks_gp_mutex){+.+.}-{3:3}, at: rcu_tasks_one_gp+0x31/0x420
[  447.584126] 1 lock held by khungtaskd/29:
[  447.584279]  #0: ffffffff83d63e60 (rcu_read_lock){....}-{1:2}, at: debug_show_all_locks+0x1b/0x1e0
[  447.584628] 
[  447.584696] =============================================
[  447.584696] 
[  595.030772] INFO: task repro:531 blocked for more than 442 seconds.
[  595.031030]       Not tainted 6.3.0-548eb516ec0f+ #1
[  595.031219] "echo 0 > /proc/sys/kernel/hung_task_timeout_secs" disables this message.
[  595.031505] task:repro           state:D stack:0     pid:531   ppid:522    flags:0x00004002
[  595.031816] Call Trace:
[  595.031914]  <TASK>
[  595.032003]  __schedule+0x40a/0xc30
[  595.032154]  ? wait_for_completion+0x7b/0x180
[  595.032330]  schedule+0x5b/0xe0
[  595.032463]  schedule_timeout+0x4db/0x5b0
[  595.032626]  ? wait_for_completion+0x9e/0x180
[  595.032803]  ? _raw_spin_unlock_irq+0x2b/0x60
[  595.032976]  ? wait_for_completion+0x7b/0x180
[  595.033151]  ? __this_cpu_preempt_check+0x20/0x30
[  595.033337]  ? lockdep_hardirqs_on+0x8a/0x110
[  595.033514]  ? wait_for_completion+0x7b/0x180
[  595.033691]  wait_for_completion+0xa6/0x180
[  595.033863]  kthread_stop+0xfe/0x360
[  595.034011]  hwrng_unregister+0x182/0x210
[  595.034175]  tpm_chip_unregister+0x1aa/0x1d0
[  595.034345]  ? __pfx_vtpm_proxy_fops_release+0x10/0x10
[  595.034548]  vtpm_proxy_fops_release+0x8f/0xa0
[  595.034742]  __fput+0x11f/0x450
[  595.034880]  ____fput+0x1e/0x30
[  595.035025]  task_work_run+0xb6/0x120
[  595.035181]  do_exit+0x547/0x12b0
[  595.035319]  ? __this_cpu_preempt_check+0x20/0x30
[  595.035507]  ? lockdep_hardirqs_on+0x8a/0x110
[  595.035687]  do_group_exit+0x5e/0xf0
[  595.035831]  __x64_sys_exit_group+0x25/0x30
[  595.035997]  do_syscall_64+0x3b/0x90
[  595.036145]  entry_SYSCALL_64_after_hwframe+0x72/0xdc
[  595.036342] RIP: 0033:0x7f44b4441cf6
[  595.036485] RSP: 002b:00007ffe46e60aa8 EFLAGS: 00000246 ORIG_RAX: 00000000000000e7
[  595.036766] RAX: ffffffffffffffda RBX: 00007f44b454c490 RCX: 00007f44b4441cf6
[  595.037030] RDX: 0000000000000000 RSI: 000000000000003c RDI: 0000000000000000
[  595.037297] RBP: 0000000000000000 R08: 00000000000000e7 R09: ffffffffffffff80
[  595.037560] R10: 0000000000000004 R11: 0000000000000246 R12: 00007f44b454c490
[  595.037823] R13: 0000000000000001 R14: 00007f44b454fe88 R15: 0000000000000000
[  595.038095]  </TASK>
[  595.038184] 
[  595.038184] Showing all locks held in the system:
[  595.038415] 1 lock held by rcu_tasks_kthre/11:
[  595.038590]  #0: ffffffff83d63450 (rcu_tasks.tasks_gp_mutex){+.+.}-{3:3}, at: rcu_tasks_one_gp+0x31/0x420
[  595.038970] 1 lock held by rcu_tasks_rude_/12:
[  595.039145]  #0: ffffffff83d631d0 (rcu_tasks_rude.tasks_gp_mutex){+.+.}-{3:3}, at: rcu_tasks_one_gp+0x31/0x420
[  595.039534] 1 lock held by rcu_tasks_trace/13:
[  595.039703]  #0: ffffffff83d62f10 (rcu_tasks_trace.tasks_gp_mutex){+.+.}-{3:3}, at: rcu_tasks_one_gp+0x31/0x420
[  595.040091] 1 lock held by khungtaskd/29:
[  595.040244]  #0: ffffffff83d63e60 (rcu_read_lock){....}-{1:2}, at: debug_show_all_locks+0x1b/0x1e0
[  595.040593] 
[  595.040657] =============================================
[  595.040657] 
[  742.486722] INFO: task repro:531 blocked for more than 589 seconds.
[  742.486978]       Not tainted 6.3.0-548eb516ec0f+ #1
[  742.487164] "echo 0 > /proc/sys/kernel/hung_task_timeout_secs" disables this message.
[  742.487444] task:repro           state:D stack:0     pid:531   ppid:522    flags:0x00004002
[  742.487752] Call Trace:
[  742.487851]  <TASK>
[  742.487940]  __schedule+0x40a/0xc30
[  742.488089]  ? wait_for_completion+0x7b/0x180
[  742.488266]  schedule+0x5b/0xe0
[  742.488393]  schedule_timeout+0x4db/0x5b0
[  742.488547]  ? wait_for_completion+0x9e/0x180
[  742.488719]  ? _raw_spin_unlock_irq+0x2b/0x60
[  742.488889]  ? wait_for_completion+0x7b/0x180
[  742.489064]  ? __this_cpu_preempt_check+0x20/0x30
[  742.489247]  ? lockdep_hardirqs_on+0x8a/0x110
[  742.489424]  ? wait_for_completion+0x7b/0x180
[  742.489594]  wait_for_completion+0xa6/0x180
[  742.489761]  kthread_stop+0xfe/0x360
[  742.489902]  hwrng_unregister+0x182/0x210
[  742.490060]  tpm_chip_unregister+0x1aa/0x1d0
[  742.490228]  ? __pfx_vtpm_proxy_fops_release+0x10/0x10
[  742.490431]  vtpm_proxy_fops_release+0x8f/0xa0
[  742.490624]  __fput+0x11f/0x450
[  742.490762]  ____fput+0x1e/0x30
[  742.490894]  task_work_run+0xb6/0x120
[  742.491046]  do_exit+0x547/0x12b0
[  742.491185]  ? __this_cpu_preempt_check+0x20/0x30
[  742.491365]  ? lockdep_hardirqs_on+0x8a/0x110
[  742.491543]  do_group_exit+0x5e/0xf0
[  742.491685]  __x64_sys_exit_group+0x25/0x30
[  742.491847]  do_syscall_64+0x3b/0x90
[  742.492002]  entry_SYSCALL_64_after_hwframe+0x72/0xdc
[  742.492197] RIP: 0033:0x7f44b4441cf6
[  742.492336] RSP: 002b:00007ffe46e60aa8 EFLAGS: 00000246 ORIG_RAX: 00000000000000e7
[  742.492614] RAX: ffffffffffffffda RBX: 00007f44b454c490 RCX: 00007f44b4441cf6
[  742.492874] RDX: 0000000000000000 RSI: 000000000000003c RDI: 0000000000000000
[  742.493129] RBP: 0000000000000000 R08: 00000000000000e7 R09: ffffffffffffff80
[  742.493387] R10: 0000000000000004 R11: 0000000000000246 R12: 00007f44b454c490
[  742.493648] R13: 0000000000000001 R14: 00007f44b454fe88 R15: 0000000000000000
[  742.493916]  </TASK>
[  742.494002] 
[  742.494002] Showing all locks held in the system:
[  742.494224] 1 lock held by rcu_tasks_kthre/11:
[  742.494389]  #0: ffffffff83d63450 (rcu_tasks.tasks_gp_mutex){+.+.}-{3:3}, at: rcu_tasks_one_gp+0x31/0x420
[  742.494765] 1 lock held by rcu_tasks_rude_/12:
[  742.494933]  #0: ffffffff83d631d0 (rcu_tasks_rude.tasks_gp_mutex){+.+.}-{3:3}, at: rcu_tasks_one_gp+0x31/0x420
[  742.495388] 1 lock held by rcu_tasks_trace/13:
[  742.495558]  #0: ffffffff83d62f10 (rcu_tasks_trace.tasks_gp_mutex){+.+.}-{3:3}, at: rcu_tasks_one_gp+0x31/0x420
[  742.495954] 1 lock held by khungtaskd/29:
[  742.496105]  #0: ffffffff83d63e60 (rcu_read_lock){....}-{1:2}, at: debug_show_all_locks+0x1b/0x1e0
[  742.496444] 
[  742.496505] =============================================
[  742.496505] 
[  889.942855] INFO: task repro:531 blocked for more than 737 seconds.
[  889.943318]       Not tainted 6.3.0-548eb516ec0f+ #1
[  889.943652] "echo 0 > /proc/sys/kernel/hung_task_timeout_secs" disables this message.
[  889.944158] task:repro           state:D stack:0     pid:531   ppid:522    flags:0x00004002
[  889.944706] Call Trace:
[  889.944880]  <TASK>
[  889.945038]  __schedule+0x40a/0xc30
[  889.945300]  ? wait_for_completion+0x7b/0x180
[  889.945611]  schedule+0x5b/0xe0
[  889.945840]  schedule_timeout+0x4db/0x5b0
[  889.946121]  ? wait_for_completion+0x9e/0x180
[  889.946428]  ? _raw_spin_unlock_irq+0x2b/0x60
[  889.946762]  ? wait_for_completion+0x7b/0x180
[  889.947149]  ? __this_cpu_preempt_check+0x20/0x30
[  889.947351]  ? lockdep_hardirqs_on+0x8a/0x110
[  889.947537]  ? wait_for_completion+0x7b/0x180
[  889.947723]  wait_for_completion+0xa6/0x180
[  889.947895]  kthread_stop+0xfe/0x360
[  889.948043]  hwrng_unregister+0x182/0x210
[  889.948204]  tpm_chip_unregister+0x1aa/0x1d0
[  889.948373]  ? __pfx_vtpm_proxy_fops_release+0x10/0x10
[  889.948576]  vtpm_proxy_fops_release+0x8f/0xa0
[  889.948753]  __fput+0x11f/0x450
[  889.948890]  ____fput+0x1e/0x30
[  889.949020]  task_work_run+0xb6/0x120
[  889.949161]  do_exit+0x547/0x12b0
[  889.949287]  ? __this_cpu_preempt_check+0x20/0x30
[  889.949459]  ? lockdep_hardirqs_on+0x8a/0x110
[  889.949629]  do_group_exit+0x5e/0xf0
[  889.949774]  __x64_sys_exit_group+0x25/0x30
[  889.949937]  do_syscall_64+0x3b/0x90
[  889.950086]  entry_SYSCALL_64_after_hwframe+0x72/0xdc
[  889.950279] RIP: 0033:0x7f44b4441cf6
[  889.950412] RSP: 002b:00007ffe46e60aa8 EFLAGS: 00000246 ORIG_RAX: 00000000000000e7
[  889.950708] RAX: ffffffffffffffda RBX: 00007f44b454c490 RCX: 00007f44b4441cf6
[  889.950985] RDX: 0000000000000000 RSI: 000000000000003c RDI: 0000000000000000
[  889.951257] RBP: 0000000000000000 R08: 00000000000000e7 R09: ffffffffffffff80
[  889.951522] R10: 0000000000000004 R11: 0000000000000246 R12: 00007f44b454c490
[  889.951786] R13: 0000000000000001 R14: 00007f44b454fe88 R15: 0000000000000000
[  889.952060]  </TASK>
[  889.952150] 
[  889.952150] Showing all locks held in the system:
[  889.952377] 1 lock held by rcu_tasks_kthre/11:
[  889.952537]  #0: ffffffff83d63450 (rcu_tasks.tasks_gp_mutex){+.+.}-{3:3}, at: rcu_tasks_one_gp+0x31/0x420
[  889.952885] 1 lock held by rcu_tasks_rude_/12:
[  889.953053]  #0: ffffffff83d631d0 (rcu_tasks_rude.tasks_gp_mutex){+.+.}-{3:3}, at: rcu_tasks_one_gp+0x31/0x420
[  889.953436] 1 lock held by rcu_tasks_trace/13:
[  889.953596]  #0: ffffffff83d62f10 (rcu_tasks_trace.tasks_gp_mutex){+.+.}-{3:3}, at: rcu_tasks_one_gp+0x31/0x420
[  889.953963] 1 lock held by khungtaskd/29:
[  889.954110]  #0: ffffffff83d63e60 (rcu_read_lock){....}-{1:2}, at: debug_show_all_locks+0x1b/0x1e0
[  889.954476] 
[  889.954537] =============================================
[  889.954537] 
[ 1037.398836] INFO: task repro:531 blocked for more than 884 seconds.
[ 1037.399286]       Not tainted 6.3.0-548eb516ec0f+ #1
[ 1037.399623] "echo 0 > /proc/sys/kernel/hung_task_timeout_secs" disables this message.
[ 1037.400133] task:repro           state:D stack:0     pid:531   ppid:522    flags:0x00004002
[ 1037.400686] Call Trace:
[ 1037.400865]  <TASK>
[ 1037.401025]  __schedule+0x40a/0xc30
[ 1037.401291]  ? wait_for_completion+0x7b/0x180
[ 1037.401603]  schedule+0x5b/0xe0
[ 1037.401833]  schedule_timeout+0x4db/0x5b0
[ 1037.402115]  ? wait_for_completion+0x9e/0x180
[ 1037.402426]  ? _raw_spin_unlock_irq+0x2b/0x60
[ 1037.402763]  ? wait_for_completion+0x7b/0x180
[ 1037.403133]  ? __this_cpu_preempt_check+0x20/0x30
[ 1037.403330]  ? lockdep_hardirqs_on+0x8a/0x110
[ 1037.403509]  ? wait_for_completion+0x7b/0x180
[ 1037.403685]  wait_for_completion+0xa6/0x180
[ 1037.403856]  kthread_stop+0xfe/0x360
[ 1037.404003]  hwrng_unregister+0x182/0x210
[ 1037.404165]  tpm_chip_unregister+0x1aa/0x1d0
[ 1037.404326]  ? __pfx_vtpm_proxy_fops_release+0x10/0x10
[ 1037.404526]  vtpm_proxy_fops_release+0x8f/0xa0
[ 1037.404704]  __fput+0x11f/0x450
[ 1037.404843]  ____fput+0x1e/0x30
[ 1037.404976]  task_work_run+0xb6/0x120
[ 1037.405130]  do_exit+0x547/0x12b0
[ 1037.405266]  ? __this_cpu_preempt_check+0x20/0x30
[ 1037.405446]  ? lockdep_hardirqs_on+0x8a/0x110
[ 1037.405622]  do_group_exit+0x5e/0xf0
[ 1037.405767]  __x64_sys_exit_group+0x25/0x30
[ 1037.405933]  do_syscall_64+0x3b/0x90
[ 1037.406085]  entry_SYSCALL_64_after_hwframe+0x72/0xdc
[ 1037.406288] RIP: 0033:0x7f44b4441cf6
[ 1037.406424] RSP: 002b:00007ffe46e60aa8 EFLAGS: 00000246 ORIG_RAX: 00000000000000e7
[ 1037.406715] RAX: ffffffffffffffda RBX: 00007f44b454c490 RCX: 00007f44b4441cf6
[ 1037.406983] RDX: 0000000000000000 RSI: 000000000000003c RDI: 0000000000000000
[ 1037.407254] RBP: 0000000000000000 R08: 00000000000000e7 R09: ffffffffffffff80
[ 1037.407522] R10: 0000000000000004 R11: 0000000000000246 R12: 00007f44b454c490
[ 1037.407779] R13: 0000000000000001 R14: 00007f44b454fe88 R15: 0000000000000000
[ 1037.408051]  </TASK>
[ 1037.408142] 
[ 1037.408142] Showing all locks held in the system:
[ 1037.408374] 1 lock held by rcu_tasks_kthre/11:
[ 1037.408546]  #0: ffffffff83d63450 (rcu_tasks.tasks_gp_mutex){+.+.}-{3:3}, at: rcu_tasks_one_gp+0x31/0x420
[ 1037.408895] 1 lock held by rcu_tasks_rude_/12:
[ 1037.409064]  #0: ffffffff83d631d0 (rcu_tasks_rude.tasks_gp_mutex){+.+.}-{3:3}, at: rcu_tasks_one_gp+0x31/0x420
[ 1037.409449] 1 lock held by rcu_tasks_trace/13:
[ 1037.409616]  #0: ffffffff83d62f10 (rcu_tasks_trace.tasks_gp_mutex){+.+.}-{3:3}, at: rcu_tasks_one_gp+0x31/0x420
[ 1037.409994] 1 lock held by khungtaskd/29:
[ 1037.410151]  #0: ffffffff83d63e60 (rcu_read_lock){....}-{1:2}, at: debug_show_all_locks+0x1b/0x1e0
[ 1037.410516] 
[ 1037.410580] =============================================
[ 1037.410580] 
[ 1184.854786] INFO: task repro:531 blocked for more than 1032 seconds.
[ 1184.855048]       Not tainted 6.3.0-548eb516ec0f+ #1
[ 1184.855238] "echo 0 > /proc/sys/kernel/hung_task_timeout_secs" disables this message.
[ 1184.855518] task:repro           state:D stack:0     pid:531   ppid:522    flags:0x00004002
[ 1184.855828] Call Trace:
[ 1184.855927]  <TASK>
[ 1184.856017]  __schedule+0x40a/0xc30
[ 1184.856173]  ? wait_for_completion+0x7b/0x180
[ 1184.856350]  schedule+0x5b/0xe0
[ 1184.856482]  schedule_timeout+0x4db/0x5b0
[ 1184.856638]  ? wait_for_completion+0x9e/0x180
[ 1184.856811]  ? _raw_spin_unlock_irq+0x2b/0x60
[ 1184.857000]  ? wait_for_completion+0x7b/0x180
[ 1184.857180]  ? __this_cpu_preempt_check+0x20/0x30
[ 1184.857365]  ? lockdep_hardirqs_on+0x8a/0x110
[ 1184.857539]  ? wait_for_completion+0x7b/0x180
[ 1184.857715]  wait_for_completion+0xa6/0x180
[ 1184.857884]  kthread_stop+0xfe/0x360
[ 1184.858033]  hwrng_unregister+0x182/0x210
[ 1184.858193]  tpm_chip_unregister+0x1aa/0x1d0
[ 1184.858369]  ? __pfx_vtpm_proxy_fops_release+0x10/0x10
[ 1184.858567]  vtpm_proxy_fops_release+0x8f/0xa0
[ 1184.858760]  __fput+0x11f/0x450
[ 1184.858899]  ____fput+0x1e/0x30
[ 1184.859038]  task_work_run+0xb6/0x120
[ 1184.859192]  do_exit+0x547/0x12b0
[ 1184.859329]  ? __this_cpu_preempt_check+0x20/0x30
[ 1184.859521]  ? lockdep_hardirqs_on+0x8a/0x110
[ 1184.859699]  do_group_exit+0x5e/0xf0
[ 1184.859843]  __x64_sys_exit_group+0x25/0x30
[ 1184.860007]  do_syscall_64+0x3b/0x90
[ 1184.860155]  entry_SYSCALL_64_after_hwframe+0x72/0xdc
[ 1184.860361] RIP: 0033:0x7f44b4441cf6
[ 1184.860506] RSP: 002b:00007ffe46e60aa8 EFLAGS: 00000246 ORIG_RAX: 00000000000000e7
[ 1184.860782] RAX: ffffffffffffffda RBX: 00007f44b454c490 RCX: 00007f44b4441cf6
[ 1184.861042] RDX: 0000000000000000 RSI: 000000000000003c RDI: 0000000000000000
[ 1184.861305] RBP: 0000000000000000 R08: 00000000000000e7 R09: ffffffffffffff80
[ 1184.861569] R10: 0000000000000004 R11: 0000000000000246 R12: 00007f44b454c490
[ 1184.861833] R13: 0000000000000001 R14: 00007f44b454fe88 R15: 0000000000000000
[ 1184.862099]  </TASK>
[ 1184.862187] 
[ 1184.862187] Showing all locks held in the system:
[ 1184.862415] 1 lock held by rcu_tasks_kthre/11:
[ 1184.862591]  #0: ffffffff83d63450 (rcu_tasks.tasks_gp_mutex){+.+.}-{3:3}, at: rcu_tasks_one_gp+0x31/0x420
[ 1184.862980] 1 lock held by rcu_tasks_rude_/12:
[ 1184.863157]  #0: ffffffff83d631d0 (rcu_tasks_rude.tasks_gp_mutex){+.+.}-{3:3}, at: rcu_tasks_one_gp+0x31/0x420
[ 1184.863551] 1 lock held by rcu_tasks_trace/13:
[ 1184.863721]  #0: ffffffff83d62f10 (rcu_tasks_trace.tasks_gp_mutex){+.+.}-{3:3}, at: rcu_tasks_one_gp+0x31/0x420
[ 1184.864110] 1 lock held by khungtaskd/29:
[ 1184.864260]  #0: ffffffff83d63e60 (rcu_read_lock){....}-{1:2}, at: debug_show_all_locks+0x1b/0x1e0
[ 1184.864605] 
[ 1184.864675] =============================================
[ 1184.864675] 
[ 1332.310884] INFO: task repro:531 blocked for more than 1179 seconds.
[ 1332.311345]       Not tainted 6.3.0-548eb516ec0f+ #1
[ 1332.311678] "echo 0 > /proc/sys/kernel/hung_task_timeout_secs" disables this message.
[ 1332.312190] task:repro           state:D stack:0     pid:531   ppid:522    flags:0x00004002
[ 1332.312741] Call Trace:
[ 1332.312915]  <TASK>
[ 1332.313074]  __schedule+0x40a/0xc30
[ 1332.313340]  ? wait_for_completion+0x7b/0x180
[ 1332.313652]  schedule+0x5b/0xe0
[ 1332.313882]  schedule_timeout+0x4db/0x5b0
[ 1332.314163]  ? wait_for_completion+0x9e/0x180
[ 1332.314475]  ? _raw_spin_unlock_irq+0x2b/0x60
[ 1332.314811]  ? wait_for_completion+0x7b/0x180
[ 1332.315165]  ? __this_cpu_preempt_check+0x20/0x30
[ 1332.315353]  ? lockdep_hardirqs_on+0x8a/0x110
[ 1332.315534]  ? wait_for_completion+0x7b/0x180
[ 1332.315710]  wait_for_completion+0xa6/0x180
[ 1332.315872]  kthread_stop+0xfe/0x360
[ 1332.316011]  hwrng_unregister+0x182/0x210
[ 1332.316168]  tpm_chip_unregister+0x1aa/0x1d0
[ 1332.316334]  ? __pfx_vtpm_proxy_fops_release+0x10/0x10
[ 1332.316533]  vtpm_proxy_fops_release+0x8f/0xa0
[ 1332.316711]  __fput+0x11f/0x450
[ 1332.316855]  ____fput+0x1e/0x30
[ 1332.316993]  task_work_run+0xb6/0x120
[ 1332.317143]  do_exit+0x547/0x12b0
[ 1332.317289]  ? __this_cpu_preempt_check+0x20/0x30
[ 1332.317479]  ? lockdep_hardirqs_on+0x8a/0x110
[ 1332.317660]  do_group_exit+0x5e/0xf0
[ 1332.317807]  __x64_sys_exit_group+0x25/0x30
[ 1332.317973]  do_syscall_64+0x3b/0x90
[ 1332.318120]  entry_SYSCALL_64_after_hwframe+0x72/0xdc
[ 1332.318317] RIP: 0033:0x7f44b4441cf6
[ 1332.318455] RSP: 002b:00007ffe46e60aa8 EFLAGS: 00000246 ORIG_RAX: 00000000000000e7
[ 1332.318759] RAX: ffffffffffffffda RBX: 00007f44b454c490 RCX: 00007f44b4441cf6
[ 1332.319030] RDX: 0000000000000000 RSI: 000000000000003c RDI: 0000000000000000
[ 1332.319298] RBP: 0000000000000000 R08: 00000000000000e7 R09: ffffffffffffff80
[ 1332.319557] R10: 0000000000000004 R11: 0000000000000246 R12: 00007f44b454c490
[ 1332.319814] R13: 0000000000000001 R14: 00007f44b454fe88 R15: 0000000000000000
[ 1332.320086]  </TASK>
[ 1332.320175] 
[ 1332.320175] Showing all locks held in the system:
[ 1332.320406] 1 lock held by rcu_tasks_kthre/11:
[ 1332.320572]  #0: ffffffff83d63450 (rcu_tasks.tasks_gp_mutex){+.+.}-{3:3}, at: rcu_tasks_one_gp+0x31/0x420
[ 1332.320932] 1 lock held by rcu_tasks_rude_/12:
[ 1332.321105]  #0: ffffffff83d631d0 (rcu_tasks_rude.tasks_gp_mutex){+.+.}-{3:3}, at: rcu_tasks_one_gp+0x31/0x420
[ 1332.321487] 1 lock held by rcu_tasks_trace/13:
[ 1332.321652]  #0: ffffffff83d62f10 (rcu_tasks_trace.tasks_gp_mutex){+.+.}-{3:3}, at: rcu_tasks_one_gp+0x31/0x420
[ 1332.322029] 1 lock held by khungtaskd/29:
[ 1332.322185]  #0: ffffffff83d63e60 (rcu_read_lock){....}-{1:2}, at: debug_show_all_locks+0x1b/0x1e0
[ 1332.322541] 
[ 1332.322621] =============================================
[ 1332.322621] 
[ 1479.766902] INFO: task repro:531 blocked for more than 1327 seconds.
[ 1479.767363]       Not tainted 6.3.0-548eb516ec0f+ #1
[ 1479.767698] "echo 0 > /proc/sys/kernel/hung_task_timeout_secs" disables this message.
[ 1479.768208] task:repro           state:D stack:0     pid:531   ppid:522    flags:0x00004002
[ 1479.768761] Call Trace:
[ 1479.768937]  <TASK>
[ 1479.769097]  __schedule+0x40a/0xc30
[ 1479.769360]  ? wait_for_completion+0x7b/0x180
[ 1479.769666]  schedule+0x5b/0xe0
[ 1479.769899]  schedule_timeout+0x4db/0x5b0
[ 1479.770181]  ? wait_for_completion+0x9e/0x180
[ 1479.770493]  ? _raw_spin_unlock_irq+0x2b/0x60
[ 1479.770831]  ? wait_for_completion+0x7b/0x180
[ 1479.771151]  ? __this_cpu_preempt_check+0x20/0x30
[ 1479.771477]  ? lockdep_hardirqs_on+0x8a/0x110
[ 1479.771785]  ? wait_for_completion+0x7b/0x180
[ 1479.772091]  wait_for_completion+0xa6/0x180
[ 1479.772390]  kthread_stop+0xfe/0x360
[ 1479.772647]  hwrng_unregister+0x182/0x210
[ 1479.772929]  tpm_chip_unregister+0x1aa/0x1d0
[ 1479.773230]  ? __pfx_vtpm_proxy_fops_release+0x10/0x10
[ 1479.773584]  vtpm_proxy_fops_release+0x8f/0xa0
[ 1479.773897]  __fput+0x11f/0x450
[ 1479.774134]  ____fput+0x1e/0x30
[ 1479.774366]  task_work_run+0xb6/0x120
[ 1479.774652]  do_exit+0x547/0x12b0
[ 1479.774890]  ? __this_cpu_preempt_check+0x20/0x30
[ 1479.775242]  ? lockdep_hardirqs_on+0x8a/0x110
[ 1479.775432]  do_group_exit+0x5e/0xf0
[ 1479.775584]  __x64_sys_exit_group+0x25/0x30
[ 1479.775738]  do_syscall_64+0x3b/0x90
[ 1479.775877]  entry_SYSCALL_64_after_hwframe+0x72/0xdc
[ 1479.776068] RIP: 0033:0x7f44b4441cf6
[ 1479.776201] RSP: 002b:00007ffe46e60aa8 EFLAGS: 00000246 ORIG_RAX: 00000000000000e7
[ 1479.776485] RAX: ffffffffffffffda RBX: 00007f44b454c490 RCX: 00007f44b4441cf6
[ 1479.776734] RDX: 0000000000000000 RSI: 000000000000003c RDI: 0000000000000000
[ 1479.776981] RBP: 0000000000000000 R08: 00000000000000e7 R09: ffffffffffffff80
[ 1479.777243] R10: 0000000000000004 R11: 0000000000000246 R12: 00007f44b454c490
[ 1479.777491] R13: 0000000000000001 R14: 00007f44b454fe88 R15: 0000000000000000
[ 1479.777752]  </TASK>
[ 1479.777836] 
[ 1479.777836] Showing all locks held in the system:
[ 1479.778051] 1 lock held by rcu_tasks_kthre/11:
[ 1479.778211]  #0: ffffffff83d63450 (rcu_tasks.tasks_gp_mutex){+.+.}-{3:3}, at: rcu_tasks_one_gp+0x31/0x420
[ 1479.778558] 1 lock held by rcu_tasks_rude_/12:
[ 1479.778738]  #0: ffffffff83d631d0 (rcu_tasks_rude.tasks_gp_mutex){+.+.}-{3:3}, at: rcu_tasks_one_gp+0x31/0x420
[ 1479.779110] 1 lock held by rcu_tasks_trace/13:
[ 1479.779278]  #0: ffffffff83d62f10 (rcu_tasks_trace.tasks_gp_mutex){+.+.}-{3:3}, at: rcu_tasks_one_gp+0x31/0x420
[ 1479.779669] 1 lock held by khungtaskd/29:
[ 1479.779815]  #0: ffffffff83d63e60 (rcu_read_lock){....}-{1:2}, at: debug_show_all_locks+0x1b/0x1e0
[ 1479.780145] 
[ 1479.780205] =============================================
[ 1479.780205] 
[ 1627.222770] INFO: task repro:531 blocked for more than 1474 seconds.
[ 1627.223039]       Not tainted 6.3.0-548eb516ec0f+ #1
[ 1627.223227] "echo 0 > /proc/sys/kernel/hung_task_timeout_secs" disables this message.
[ 1627.223509] task:repro           state:D stack:0     pid:531   ppid:522    flags:0x00004002
[ 1627.223813] Call Trace:
[ 1627.223909]  <TASK>
[ 1627.223999]  __schedule+0x40a/0xc30
[ 1627.224151]  ? wait_for_completion+0x7b/0x180
[ 1627.224333]  schedule+0x5b/0xe0
[ 1627.224474]  schedule_timeout+0x4db/0x5b0
[ 1627.224630]  ? wait_for_completion+0x9e/0x180
[ 1627.224802]  ? _raw_spin_unlock_irq+0x2b/0x60
[ 1627.224977]  ? wait_for_completion+0x7b/0x180
[ 1627.225151]  ? __this_cpu_preempt_check+0x20/0x30
[ 1627.225335]  ? lockdep_hardirqs_on+0x8a/0x110
[ 1627.225516]  ? wait_for_completion+0x7b/0x180
[ 1627.225687]  wait_for_completion+0xa6/0x180
[ 1627.225856]  kthread_stop+0xfe/0x360
[ 1627.226004]  hwrng_unregister+0x182/0x210
[ 1627.226164]  tpm_chip_unregister+0x1aa/0x1d0
[ 1627.226337]  ? __pfx_vtpm_proxy_fops_release+0x10/0x10
[ 1627.226538]  vtpm_proxy_fops_release+0x8f/0xa0
[ 1627.226734]  __fput+0x11f/0x450
[ 1627.226879]  ____fput+0x1e/0x30
[ 1627.227017]  task_work_run+0xb6/0x120
[ 1627.227173]  do_exit+0x547/0x12b0
[ 1627.227309]  ? __this_cpu_preempt_check+0x20/0x30
[ 1627.227499]  ? lockdep_hardirqs_on+0x8a/0x110
[ 1627.227680]  do_group_exit+0x5e/0xf0
[ 1627.227822]  __x64_sys_exit_group+0x25/0x30
[ 1627.227981]  do_syscall_64+0x3b/0x90
[ 1627.228132]  entry_SYSCALL_64_after_hwframe+0x72/0xdc
[ 1627.228333] RIP: 0033:0x7f44b4441cf6
[ 1627.228474] RSP: 002b:00007ffe46e60aa8 EFLAGS: 00000246 ORIG_RAX: 00000000000000e7
[ 1627.228755] RAX: ffffffffffffffda RBX: 00007f44b454c490 RCX: 00007f44b4441cf6
[ 1627.229016] RDX: 0000000000000000 RSI: 000000000000003c RDI: 0000000000000000
[ 1627.229276] RBP: 0000000000000000 R08: 00000000000000e7 R09: ffffffffffffff80
[ 1627.229537] R10: 0000000000000004 R11: 0000000000000246 R12: 00007f44b454c490
[ 1627.229813] R13: 0000000000000001 R14: 00007f44b454fe88 R15: 0000000000000000
[ 1627.230084]  </TASK>
[ 1627.230174] Future hung task reports are suppressed, see sysctl kernel.hung_task_warnings
[ 1627.230463] 
[ 1627.230463] Showing all locks held in the system:
[ 1627.230697] 1 lock held by rcu_tasks_kthre/11:
[ 1627.230868]  #0: ffffffff83d63450 (rcu_tasks.tasks_gp_mutex){+.+.}-{3:3}, at: rcu_tasks_one_gp+0x31/0x420
[ 1627.231239] 1 lock held by rcu_tasks_rude_/12:
[ 1627.231405]  #0: ffffffff83d631d0 (rcu_tasks_rude.tasks_gp_mutex){+.+.}-{3:3}, at: rcu_tasks_one_gp+0x31/0x420
[ 1627.231783] 1 lock held by rcu_tasks_trace/13:
[ 1627.231953]  #0: ffffffff83d62f10 (rcu_tasks_trace.tasks_gp_mutex){+.+.}-{3:3}, at: rcu_tasks_one_gp+0x31/0x420
[ 1627.232338] 1 lock held by khungtaskd/29:
[ 1627.232487]  #0: ffffffff83d63e60 (rcu_read_lock){....}-{1:2}, at: debug_show_all_locks+0x1b/0x1e0
[ 1627.232829] 
[ 1627.232894] =============================================
[ 1627.232894] 
