c[?7l[2J[0mSeaBIOS (version rel-1.14.0-0-g155821a1990b-prebuilt.qemu.org)


iPXE (http://ipxe.org) 00:03.0 CA00 PCI2.10 PnP PMM+7FF8F030+7FEEF030 CA00
Press Ctrl-B to configure iPXE (PCI 00:03.0)...                                                                               


Booting from ROM..c[?7l[2J[    0.000000] Linux version 6.0.0-4899a36f91a9+ (root@p-mtlp02) (gcc (GCC) 8.5.0 20210514 (Red Hat 8.5.0-17), GNU ld version 2.36.1-2.el8) #1 SMP PREEMPT_DYNAMIC Fri Jan 13 12:19:27 CST 2023
[    0.000000] Command line: console=ttyS0 root=/dev/sda earlyprintk=serial net.ifnames=0
[    0.000000] KERNEL supported cpus:
[    0.000000]   Intel GenuineIntel
[    0.000000]   AMD AuthenticAMD
[    0.000000]   Hygon HygonGenuine
[    0.000000]   Centaur CentaurHauls
[    0.000000]   zhaoxin   Shanghai  
[    0.000000] x86/split lock detection: #DB: warning on user-space bus_locks
[    0.000000] x86/fpu: Supporting XSAVE feature 0x001: 'x87 floating point registers'
[    0.000000] x86/fpu: Supporting XSAVE feature 0x002: 'SSE registers'
[    0.000000] x86/fpu: Supporting XSAVE feature 0x004: 'AVX registers'
[    0.000000] x86/fpu: Supporting XSAVE feature 0x200: 'Protection Keys User registers'
[    0.000000] x86/fpu: xstate_offset[2]:  576, xstate_sizes[2]:  256
[    0.000000] x86/fpu: xstate_offset[9]:  832, xstate_sizes[9]:    8
[    0.000000] x86/fpu: Enabled xstate features 0x207, context size is 840 bytes, using 'compacted' format.
[    0.000000] signal: max sigframe size: 3632
[    0.000000] BIOS-provided physical RAM map:
[    0.000000] BIOS-e820: [mem 0x0000000000000000-0x000000000009fbff] usable
[    0.000000] BIOS-e820: [mem 0x000000000009fc00-0x000000000009ffff] reserved
[    0.000000] BIOS-e820: [mem 0x00000000000f0000-0x00000000000fffff] reserved
[    0.000000] BIOS-e820: [mem 0x0000000000100000-0x000000007ffdffff] usable
[    0.000000] BIOS-e820: [mem 0x000000007ffe0000-0x000000007fffffff] reserved
[    0.000000] BIOS-e820: [mem 0x00000000feffc000-0x00000000feffffff] reserved
[    0.000000] BIOS-e820: [mem 0x00000000fffc0000-0x00000000ffffffff] reserved
[    0.000000] printk: bootconsole [earlyser0] enabled
[    0.000000] NX (Execute Disable) protection: active
[    0.000000] SMBIOS 2.8 present.
[    0.000000] DMI: QEMU Standard PC (i440FX + PIIX, 1996), BIOS rel-1.14.0-0-g155821a1990b-prebuilt.qemu.org 04/01/2014
[    0.000000] Hypervisor detected: KVM
[    0.000000] kvm-clock: Using msrs 4b564d01 and 4b564d00
[    0.000004] kvm-clock: using sched offset of 417252457 cycles
[    0.000419] clocksource: kvm-clock: mask: 0xffffffffffffffff max_cycles: 0x1cd42e4dffb, max_idle_ns: 881590591483 ns
[    0.001709] tsc: Detected 1190.400 MHz processor
[    0.010016] last_pfn = 0x7ffe0 max_arch_pfn = 0x400000000
[    0.010500] x86/PAT: Configuration [0-7]: WB  WC  UC- UC  WB  WP  UC- WT  
[    0.020873] found SMP MP-table at [mem 0x000f5a90-0x000f5a9f]
[    0.021403] Using GB pages for direct mapping
[    0.023045] ACPI: Early table checksum verification disabled
[    0.023509] ACPI: RSDP 0x00000000000F5870 000014 (v00 BOCHS )
[    0.023982] ACPI: RSDT 0x000000007FFE1959 000034 (v01 BOCHS  BXPC     00000001 BXPC 00000001)
[    0.024708] ACPI: FACP 0x000000007FFE1805 000074 (v01 BOCHS  BXPC     00000001 BXPC 00000001)
[    0.025408] ACPI: DSDT 0x000000007FFE0040 0017C5 (v01 BOCHS  BXPC     00000001 BXPC 00000001)
[    0.026101] ACPI: FACS 0x000000007FFE0000 000040
[    0.026483] ACPI: APIC 0x000000007FFE1879 000080 (v01 BOCHS  BXPC     00000001 BXPC 00000001)
[    0.027170] ACPI: HPET 0x000000007FFE18F9 000038 (v01 BOCHS  BXPC     00000001 BXPC 00000001)
[    0.027866] ACPI: WAET 0x000000007FFE1931 000028 (v01 BOCHS  BXPC     00000001 BXPC 00000001)
[    0.028559] ACPI: Reserving FACP table memory at [mem 0x7ffe1805-0x7ffe1878]
[    0.029119] ACPI: Reserving DSDT table memory at [mem 0x7ffe0040-0x7ffe1804]
[    0.029679] ACPI: Reserving FACS table memory at [mem 0x7ffe0000-0x7ffe003f]
[    0.030236] ACPI: Reserving APIC table memory at [mem 0x7ffe1879-0x7ffe18f8]
[    0.030795] ACPI: Reserving HPET table memory at [mem 0x7ffe18f9-0x7ffe1930]
[    0.031354] ACPI: Reserving WAET table memory at [mem 0x7ffe1931-0x7ffe1958]
[    0.032585] No NUMA configuration found
[    0.032893] Faking a node at [mem 0x0000000000000000-0x000000007ffdffff]
[    0.033490] NODE_DATA(0) allocated [mem 0x7ffb5000-0x7ffdffff]
[    0.038853] Zone ranges:
[    0.039062]   DMA      [mem 0x0000000000001000-0x0000000000ffffff]
[    0.039558]   DMA32    [mem 0x0000000001000000-0x000000007ffdffff]
[    0.040052]   Normal   empty
[    0.040286]   Device   empty
[    0.040519] Movable zone start for each node
[    0.040856] Early memory node ranges
[    0.041140]   node   0: [mem 0x0000000000001000-0x000000000009efff]
[    0.041638]   node   0: [mem 0x0000000000100000-0x000000007ffdffff]
[    0.042140] Initmem setup node 0 [mem 0x0000000000001000-0x000000007ffdffff]
[    0.043529] On node 0, zone DMA: 1 pages in unavailable ranges
[    0.043554] On node 0, zone DMA: 97 pages in unavailable ranges
[    0.061793] On node 0, zone DMA32: 32 pages in unavailable ranges
[    0.062556] ACPI: PM-Timer IO Port: 0x608
[    0.063402] ACPI: LAPIC_NMI (acpi_id[0xff] dfl dfl lint[0x1])
[    0.063933] IOAPIC[0]: apic_id 0, version 17, address 0xfec00000, GSI 0-23
[    0.064497] ACPI: INT_SRC_OVR (bus 0 bus_irq 0 global_irq 2 dfl dfl)
[    0.065006] ACPI: INT_SRC_OVR (bus 0 bus_irq 5 global_irq 5 high level)
[    0.065530] ACPI: INT_SRC_OVR (bus 0 bus_irq 9 global_irq 9 high level)
[    0.066056] ACPI: INT_SRC_OVR (bus 0 bus_irq 10 global_irq 10 high level)
[    0.066597] ACPI: INT_SRC_OVR (bus 0 bus_irq 11 global_irq 11 high level)
[    0.067154] ACPI: Using ACPI (MADT) for SMP configuration information
[    0.067668] ACPI: HPET id: 0x8086a201 base: 0xfed00000
[    0.068094] TSC deadline timer available
[    0.068404] smpboot: Allowing 2 CPUs, 0 hotplug CPUs
[    0.068866] kvm-guest: KVM setup pv remote TLB flush
[    0.069260] kvm-guest: setup PV sched yield
[    0.069651] PM: hibernation: Registered nosave memory: [mem 0x00000000-0x00000fff]
[    0.070257] PM: hibernation: Registered nosave memory: [mem 0x0009f000-0x0009ffff]
[    0.070855] PM: hibernation: Registered nosave memory: [mem 0x000a0000-0x000effff]
[    0.071456] PM: hibernation: Registered nosave memory: [mem 0x000f0000-0x000fffff]
[    0.072058] [mem 0x80000000-0xfeffbfff] available for PCI devices
[    0.072540] Booting paravirtualized kernel on KVM
[    0.072925] clocksource: refined-jiffies: mask: 0xffffffff max_cycles: 0xffffffff, max_idle_ns: 7645519600211568 ns
[    0.073763] setup_percpu: NR_CPUS:8192 nr_cpumask_bits:2 nr_cpu_ids:2 nr_node_ids:1
[    0.081976] percpu: Embedded 64 pages/cpu s225280 r8192 d28672 u1048576
[    0.082780] kvm-guest: PV spinlocks enabled
[    0.083130] PV qspinlock hash table entries: 256 (order: 0, 4096 bytes, linear)
[    0.083755] Fallback order for Node 0: 0 
[    0.084096] Built 1 zonelists, mobility grouping on.  Total pages: 515808
[    0.084641] Policy zone: DMA32
[    0.084891] Kernel command line: net.ifnames=0 console=ttyS0 root=/dev/sda earlyprintk=serial net.ifnames=0
[    0.087811] Dentry cache hash table entries: 262144 (order: 9, 2097152 bytes, linear)
[    0.089038] Inode-cache hash table entries: 131072 (order: 8, 1048576 bytes, linear)
[    0.089816] mem auto-init: stack:off, heap alloc:off, heap free:off
[    0.094075] Memory: 1983336K/2096632K available (32784K kernel code, 4668K rwdata, 8308K rodata, 3664K init, 22156K bss, 113040K reserved, 0K cma-reserved)
[    0.096334] SLUB: HWalign=64, Order=0-3, MinObjects=0, CPUs=2, Nodes=1
[    0.096845] kmemleak: Kernel memory leak detector disabled
[    0.097303] ftrace: allocating 67103 entries in 263 pages
[    0.123231] ftrace: allocated 263 pages with 4 groups
[    0.127450] Dynamic Preempt: voluntary
[    0.127920] Running RCU self tests
[    0.128200] rcu: Preemptible hierarchical RCU implementation.
[    0.128651] rcu: 	RCU lockdep checking is enabled.
[    0.129018] rcu: 	RCU restricting CPUs from NR_CPUS=8192 to nr_cpu_ids=2.
[    0.129537] 	Trampoline variant of Tasks RCU enabled.
[    0.129924] 	Rude variant of Tasks RCU enabled.
[    0.130271] 	Tracing variant of Tasks RCU enabled.
[    0.130637] rcu: RCU calculated value of scheduler-enlistment delay is 25 jiffies.
[    0.131217] rcu: Adjusting geometry for rcu_fanout_leaf=16, nr_cpu_ids=2
[    0.161765] NR_IRQS: 524544, nr_irqs: 440, preallocated irqs: 16
[    0.162557] rcu: srcu_init: Setting srcu_struct sizes based on contention.
[    0.169967] Console: colour VGA+ 80x25
[    0.170302] printk: console [ttyS0] enabled
[    0.170302] printk: console [ttyS0] enabled
[    0.170966] printk: bootconsole [earlyser0] disabled
[    0.170966] printk: bootconsole [earlyser0] disabled
[    0.171785] Lock dependency validator: Copyright (c) 2006 Red Hat, Inc., Ingo Molnar
[    0.172392] ... MAX_LOCKDEP_SUBCLASSES:  8
[    0.172720] ... MAX_LOCK_DEPTH:          48
[    0.173056] ... MAX_LOCKDEP_KEYS:        8192
[    0.173405] ... CLASSHASH_SIZE:          4096
[    0.173753] ... MAX_LOCKDEP_ENTRIES:     32768
[    0.174108] ... MAX_LOCKDEP_CHAINS:      65536
[    0.174464] ... CHAINHASH_SIZE:          32768
[    0.174818]  memory used by lock dependency info: 6365 kB
[    0.175244]  memory used for stack traces: 4224 kB
[    0.175630]  per task-struct memory footprint: 1920 bytes
[    0.176115] ACPI: Core revision 20220331
[    0.176685] clocksource: hpet: mask: 0xffffffff max_cycles: 0xffffffff, max_idle_ns: 19112604467 ns
[    0.177562] APIC: Switch to symmetric I/O mode setup
[    0.178125] x2apic enabled
[    0.178516] Switched APIC routing to physical x2apic.
[    0.178922] kvm-guest: setup PV IPIs
[    0.180071] ..TIMER: vector=0x30 apic1=0 pin1=2 apic2=-1 pin2=-1
[    0.180567] clocksource: tsc-early: mask: 0xffffffffffffffff max_cycles: 0x1128af0325d, max_idle_ns: 440795261011 ns
[    0.181420] Calibrating delay loop (skipped) preset value.. 2380.80 BogoMIPS (lpj=4761600)
[    0.185408] pid_max: default: 32768 minimum: 301
[    0.185952] LSM: Security Framework initializing
[    0.186329] Yama: becoming mindful.
[    0.186826] Mount-cache hash table entries: 4096 (order: 3, 32768 bytes, linear)
[    0.187423] Mountpoint-cache hash table entries: 4096 (order: 3, 32768 bytes, linear)
[    0.189993] x86/cpu: User Mode Instruction Prevention (UMIP) activated
[    0.190809] Last level iTLB entries: 4KB 0, 2MB 0, 4MB 0
[    0.191250] Last level dTLB entries: 4KB 0, 2MB 0, 4MB 0, 1GB 0
[    0.191757] Spectre V1 : Mitigation: usercopy/swapgs barriers and __user pointer sanitization
[    0.192421] Spectre V2 : WARNING: Unprivileged eBPF is enabled with eIBRS on, data leaks possible via Spectre v2 BHB attacks!
[    0.193304] Spectre V2 : Mitigation: Enhanced IBRS
[    0.193423] Spectre V2 : Spectre v2 / SpectreRSB mitigation: Filling RSB on context switch
[    0.194052] Spectre V2 : Spectre v2 / PBRSB-eIBRS: Retire a single CALL on VMEXIT
[    0.194627] Spectre V2 : mitigation: Enabling conditional Indirect Branch Prediction Barrier
[    0.195271] Speculative Store Bypass: Mitigation: Speculative Store Bypass disabled via prctl
[    0.195917] MMIO Stale Data: Unknown: No mitigations
[    0.320355] Freeing SMP alternatives memory: 56K
[    0.321103] smpboot: CPU0: Genuine Intel(R) 0000 (family: 0x6, model: 0xaa, stepping: 0x1)
[    0.321402] cblist_init_generic: Setting adjustable number of callback queues.
[    0.321402] cblist_init_generic: Setting shift to 1 and lim to 1.
[    0.321402] cblist_init_generic: Setting shift to 1 and lim to 1.
[    0.321402] cblist_init_generic: Setting shift to 1 and lim to 1.
[    0.321402] Running RCU-tasks wait API self tests
[    0.421550] Performance Events: generic architected perfmon, full-width counters, Intel PMU driver.
[    0.422289] ... version:                2
[    0.422596] ... bit width:              48
[    0.422911] ... generic registers:      8
[    0.423220] ... value mask:             0000ffffffffffff
[    0.423624] ... max period:             00007fffffffffff
[    0.424027] ... fixed-purpose events:   3
[    0.424334] ... event mask:             00000007000000ff
[    0.425121] rcu: Hierarchical SRCU implementation.
[    0.425407] rcu: 	Max phase no-delay instances is 1000.
[    0.428610] smp: Bringing up secondary CPUs ...
[    0.429449] x86: Booting SMP configuration:
[    0.429781] .... node  #0, CPUs:      #1
[    0.018308] smpboot: CPU 1 Converting physical 0 to logical die 1
[    0.433654] smp: Brought up 1 node, 2 CPUs
[    0.434009] smpboot: Max logical packages: 2
[    0.434340] smpboot: Total of 2 processors activated (4761.60 BogoMIPS)
[    0.435869] devtmpfs: initialized
[    0.437707] x86/mm: Memory block size: 128MB
[    0.440016] clocksource: jiffies: mask: 0xffffffff max_cycles: 0xffffffff, max_idle_ns: 7645041785100000 ns
[    0.441428] Callback from call_rcu_tasks_trace() invoked.
[    0.441858] futex hash table entries: 512 (order: 4, 65536 bytes, linear)
[    0.442625] pinctrl core: initialized pinctrl subsystem
[    0.443612] 
[    0.443735] *************************************************************
[    0.444246] **     NOTICE NOTICE NOTICE NOTICE NOTICE NOTICE NOTICE    **
[    0.444756] **                                                         **
[    0.445267] **  IOMMU DebugFS SUPPORT HAS BEEN ENABLED IN THIS KERNEL  **
[    0.445412] **                                                         **
[    0.445926] ** This means that this kernel is built to expose internal **
[    0.446435] ** IOMMU data structures, which may compromise security on **
[    0.446944] ** your system.                                            **
[    0.447454] **                                                         **
[    0.447965] ** If you see this message and you are not debugging the   **
[    0.448475] ** kernel, report this immediately to your vendor!         **
[    0.448984] **                                                         **
[    0.449414] **     NOTICE NOTICE NOTICE NOTICE NOTICE NOTICE NOTICE    **
[    0.449929] *************************************************************
[    0.450494] PM: RTC time: 04:48:11, date: 2023-01-13
[    0.453560] NET: Registered PF_NETLINK/PF_ROUTE protocol family
[    0.454675] DMA: preallocated 256 KiB GFP_KERNEL pool for atomic allocations
[    0.455219] DMA: preallocated 256 KiB GFP_KERNEL|GFP_DMA pool for atomic allocations
[    0.455810] DMA: preallocated 256 KiB GFP_KERNEL|GFP_DMA32 pool for atomic allocations
[    0.456466] audit: initializing netlink subsys (disabled)
[    0.456949] audit: type=2000 audit(1673585292.738:1): state=initialized audit_enabled=0 res=1
[    0.457844] thermal_sys: Registered thermal governor 'fair_share'
[    0.457897] thermal_sys: Registered thermal governor 'bang_bang'
[    0.458364] thermal_sys: Registered thermal governor 'step_wise'
[    0.458818] thermal_sys: Registered thermal governor 'user_space'
[    0.459317] cpuidle: using governor ladder
[    0.460104] cpuidle: using governor menu
[    0.460795] acpiphp: ACPI Hot Plug PCI Controller Driver version: 0.5
[    0.461618] PCI: Using configuration type 1 for base access
[    0.478524] kprobes: kprobe jump-optimization is enabled. All kprobes are optimized if possible.
[    0.709787] HugeTLB: registered 1.00 GiB page size, pre-allocated 0 pages
[    0.710341] HugeTLB: 16380 KiB vmemmap can be freed for a 1.00 GiB page
[    0.710846] HugeTLB: registered 2.00 MiB page size, pre-allocated 0 pages
[    0.711359] HugeTLB: 28 KiB vmemmap can be freed for a 2.00 MiB page
[    0.714754] ACPI: Added _OSI(Module Device)
[    0.715109] ACPI: Added _OSI(Processor Device)
[    0.715454] ACPI: Added _OSI(3.0 _SCP Extensions)
[    0.715817] ACPI: Added _OSI(Processor Aggregator Device)
[    0.722442] ACPI: 1 ACPI AML tables successfully acquired and loaded
[    0.726399] ACPI: Interpreter enabled
[    0.726775] ACPI: PM: (supports S0 S3 S4 S5)
[    0.727106] ACPI: Using IOAPIC for interrupt routing
[    0.727532] PCI: Using host bridge windows from ACPI; if necessary, use "pci=nocrs" and report a bug
[    0.728218] PCI: Using E820 reservations for host bridge windows
[    0.729400] ACPI: Enabled 2 GPEs in block 00 to 0F
[    0.746532] ACPI: PCI Root Bridge [PCI0] (domain 0000 [bus 00-ff])
[    0.747027] acpi PNP0A03:00: _OSC: OS supports [ASPM ClockPM Segments MSI EDR HPX-Type3]
[    0.747642] acpi PNP0A03:00: _OSC: not requesting OS control; OS requires [ExtendedConfig ASPM ClockPM MSI]
[    0.748445] acpi PNP0A03:00: fail to add MMCONFIG information, can't access extended PCI configuration space under this bridge.
[    0.751856] acpiphp: Slot [3] registered
[    0.752247] acpiphp: Slot [4] registered
[    0.752621] acpiphp: Slot [5] registered
[    0.752991] acpiphp: Slot [6] registered
[    0.753361] acpiphp: Slot [7] registered
[    0.753484] acpiphp: Slot [8] registered
[    0.753856] acpiphp: Slot [9] registered
[    0.754227] acpiphp: Slot [10] registered
[    0.754598] acpiphp: Slot [11] registered
[    0.754975] acpiphp: Slot [12] registered
[    0.755362] acpiphp: Slot [13] registered
[    0.755740] acpiphp: Slot [14] registered
[    0.756128] acpiphp: Slot [15] registered
[    0.756506] acpiphp: Slot [16] registered
[    0.756885] acpiphp: Slot [17] registered
[    0.757279] acpiphp: Slot [18] registered
[    0.757474] acpiphp: Slot [19] registered
[    0.757853] acpiphp: Slot [20] registered
[    0.758232] acpiphp: Slot [21] registered
[    0.758608] acpiphp: Slot [22] registered
[    0.758995] acpiphp: Slot [23] registered
[    0.759373] acpiphp: Slot [24] registered
[    0.759754] acpiphp: Slot [25] registered
[    0.760131] acpiphp: Slot [26] registered
[    0.760510] acpiphp: Slot [27] registered
[    0.760896] acpiphp: Slot [28] registered
[    0.761274] acpiphp: Slot [29] registered
[    0.761476] acpiphp: Slot [30] registered
[    0.761853] acpiphp: Slot [31] registered
[    0.762183] PCI host bridge to bus 0000:00
[    0.762499] pci_bus 0000:00: root bus resource [io  0x0000-0x0cf7 window]
[    0.763019] pci_bus 0000:00: root bus resource [io  0x0d00-0xffff window]
[    0.763543] pci_bus 0000:00: root bus resource [mem 0x000a0000-0x000bffff window]
[    0.764122] pci_bus 0000:00: root bus resource [mem 0x80000000-0xfebfffff window]
[    0.764692] pci_bus 0000:00: root bus resource [mem 0x100000000-0x17fffffff window]
[    0.765277] pci_bus 0000:00: root bus resource [bus 00-ff]
[    0.765506] pci 0000:00:00.0: [8086:1237] type 00 class 0x060000
[    0.769107] pci 0000:00:01.0: [8086:7000] type 00 class 0x060100
[    0.770082] pci 0000:00:01.1: [8086:7010] type 00 class 0x010180
[    0.771923] pci 0000:00:01.1: reg 0x20: [io  0xc040-0xc04f]
[    0.772975] pci 0000:00:01.1: legacy IDE quirk: reg 0x10: [io  0x01f0-0x01f7]
[    0.773410] pci 0000:00:01.1: legacy IDE quirk: reg 0x14: [io  0x03f6]
[    0.774318] pci 0000:00:01.1: legacy IDE quirk: reg 0x18: [io  0x0170-0x0177]
[    0.774867] pci 0000:00:01.1: legacy IDE quirk: reg 0x1c: [io  0x0376]
[    0.775691] pci 0000:00:01.3: [8086:7113] type 00 class 0x068000
[    0.776446] pci 0000:00:01.3: quirk: [io  0x0600-0x063f] claimed by PIIX4 ACPI
[    0.777002] pci 0000:00:01.3: quirk: [io  0x0700-0x070f] claimed by PIIX4 SMB
[    0.777693] pci 0000:00:02.0: [1234:1111] type 00 class 0x030000
[    0.779189] pci 0000:00:02.0: reg 0x10: [mem 0xfd000000-0xfdffffff pref]
[    0.780816] pci 0000:00:02.0: reg 0x18: [mem 0xfebf0000-0xfebf0fff]
[    0.784009] pci 0000:00:02.0: reg 0x30: [mem 0xfebe0000-0xfebeffff pref]
[    0.784915] pci 0000:00:02.0: Video device with shadowed ROM at [mem 0x000c0000-0x000dffff]
[    0.788397] pci 0000:00:03.0: [8086:100e] type 00 class 0x020000
[    0.789375] pci 0000:00:03.0: reg 0x10: [mem 0xfebc0000-0xfebdffff]
[    0.789849] pci 0000:00:03.0: reg 0x14: [io  0xc000-0xc03f]
[    0.792582] pci 0000:00:03.0: reg 0x30: [mem 0xfeb80000-0xfebbffff pref]
[    0.803833] ACPI: PCI: Interrupt link LNKA configured for IRQ 10
[    0.804729] ACPI: PCI: Interrupt link LNKB configured for IRQ 10
[    0.805571] ACPI: PCI: Interrupt link LNKC configured for IRQ 11
[    0.806406] ACPI: PCI: Interrupt link LNKD configured for IRQ 11
[    0.807043] ACPI: PCI: Interrupt link LNKS configured for IRQ 9
[    0.808837] iommu: Default domain type: Translated 
[    0.809226] iommu: DMA domain TLB invalidation policy: lazy mode 
[    0.810529] SCSI subsystem initialized
[    0.811097] ACPI: bus type USB registered
[    0.811470] usbcore: registered new interface driver usbfs
[    0.811936] usbcore: registered new interface driver hub
[    0.812373] usbcore: registered new device driver usb
[    0.812870] pps_core: LinuxPPS API ver. 1 registered
[    0.813248] pps_core: Software ver. 5.3.6 - Copyright 2005-2007 Rodolfo Giometti <giometti@linux.it>
[    0.813421] PTP clock support registered
[    0.813933] EDAC MC: Ver: 3.0.0
[    0.815532] NetLabel: Initializing
[    0.815801] NetLabel:  domain hash size = 128
[    0.816134] NetLabel:  protocols = UNLABELED CIPSOv4 CALIPSO
[    0.816612] NetLabel:  unlabeled traffic allowed by default
[    0.849733] PCI: Using ACPI for IRQ routing
[    0.850331] pci 0000:00:02.0: vgaarb: setting as boot VGA device
[    0.850782] pci 0000:00:02.0: vgaarb: bridge control possible
[    0.851218] pci 0000:00:02.0: vgaarb: VGA device added: decodes=io+mem,owns=io+mem,locks=none
[    0.851857] vgaarb: loaded
[    0.852504] hpet0: at MMIO 0xfed00000, IRQs 2, 8, 0
[    0.852896] hpet0: 3 comparators, 64-bit 100.000000 MHz counter
[    3.227815] clocksource: Switched to clocksource kvm-clock
[    3.228974] VFS: Disk quotas dquot_6.6.0
[    3.229329] VFS: Dquot-cache hash table entries: 512 (order 0, 4096 bytes)
[    3.229329] pnp: PnP ACPI init
[    3.230188] pnp: PnP ACPI: found 6 devices
[    3.242492] clocksource: acpi_pm: mask: 0xffffff max_cycles: 0xffffff, max_idle_ns: 2085701024 ns
[    3.243593] NET: Registered PF_INET protocol family
[    3.244200] IP idents hash table entries: 32768 (order: 6, 262144 bytes, linear)
[    3.245725] tcp_listen_portaddr_hash hash table entries: 1024 (order: 4, 73728 bytes, linear)
[    3.246435] Table-perturb hash table entries: 65536 (order: 6, 262144 bytes, linear)
[    3.247026] TCP established hash table entries: 16384 (order: 5, 131072 bytes, linear)
[    3.247851] TCP bind hash table entries: 16384 (order: 9, 2359296 bytes, linear)
[    3.251289] TCP: Hash tables configured (established 16384 bind 16384)
[    3.251971] UDP hash table entries: 1024 (order: 5, 163840 bytes, linear)
[    3.252856] UDP-Lite hash table entries: 1024 (order: 5, 163840 bytes, linear)
[    3.253743] NET: Registered PF_UNIX/PF_LOCAL protocol family
[    3.254658] RPC: Registered named UNIX socket transport module.
[    3.255122] RPC: Registered udp transport module.
[    3.255484] RPC: Registered tcp transport module.
[    3.255845] RPC: Registered tcp NFSv4.1 backchannel transport module.
[    3.256355] pci_bus 0000:00: resource 4 [io  0x0000-0x0cf7 window]
[    3.256830] pci_bus 0000:00: resource 5 [io  0x0d00-0xffff window]
[    3.257306] pci_bus 0000:00: resource 6 [mem 0x000a0000-0x000bffff window]
[    3.257847] pci_bus 0000:00: resource 7 [mem 0x80000000-0xfebfffff window]
[    3.258352] pci_bus 0000:00: resource 8 [mem 0x100000000-0x17fffffff window]
[    3.259146] pci 0000:00:01.0: PIIX3: Enabling Passive Release
[    3.259599] pci 0000:00:00.0: Limiting direct PCI/PCI transfers
[    3.260156] PCI: CLS 0 bytes, default 64
[    3.260503] ACPI: bus type thunderbolt registered
[    3.261183] clocksource: tsc: mask: 0xffffffffffffffff max_cycles: 0x1128af0325d, max_idle_ns: 440795261011 ns
[    3.285684] Callback from call_rcu_tasks_rude() invoked.
[    3.333738] Callback from call_rcu_tasks() invoked.
[    3.405058] Initialise system trusted keyrings
[    3.405541] Key type blacklist registered
[    3.406084] workingset: timestamp_bits=36 max_order=19 bucket_order=0
[    3.418217] zbud: loaded
[    3.420615] squashfs: version 4.0 (2009/01/31) Phillip Lougher
[    3.423323] NFS: Registering the id_resolver key type
[    3.423753] Key type id_resolver registered
[    3.424076] Key type id_legacy registered
[    3.424491] nfs4filelayout_init: NFSv4 File Layout Driver Registering...
[    3.425018] nfs4flexfilelayout_init: NFSv4 Flexfile Layout Driver Registering...
[    3.425723] fuse: init (API version 7.36)
[    3.426362] SGI XFS with ACLs, security attributes, realtime, quota, no debug enabled
[    3.429923] 9p: Installing v9fs 9p2000 file system support
[    3.438585] Key type asymmetric registered
[    3.438917] Asymmetric key parser 'x509' registered
[    3.441501] alg: self-tests for CTR-KDF (hmac(sha256)) passed
[    3.442009] Block layer SCSI generic (bsg) driver version 0.4 loaded (major 243)
[    3.443083] io scheduler mq-deadline registered
[    3.443491] io scheduler bfq registered
[    3.445305] shpchp: Standard Hot Plug PCI Controller Driver version: 0.4
[    3.446301] IPMI message handler: version 39.2
[    3.446682] ipmi device interface
[    3.448956] input: Power Button as /devices/LNXSYSTM:00/LNXPWRBN:00/input/input0
[    3.449792] ACPI: button: Power Button [PWRF]
[    3.451410] ERST DBG: ERST support is disabled.
[    3.452570] Serial: 8250/16550 driver, 32 ports, IRQ sharing enabled
[    3.453546] 00:04: ttyS0 at I/O 0x3f8 (irq = 4, base_baud = 115200) is a 16550A
[    3.463021] Linux agpgart interface v0.103
[    3.464229] ACPI: bus type drm_connector registered
[    3.477889] brd: module loaded
[    3.486355] loop: module loaded
[    3.493211] scsi host0: ata_piix
[    3.494940] scsi host1: ata_piix
[    3.495377] ata1: PATA max MWDMA2 cmd 0x1f0 ctl 0x3f6 bmdma 0xc040 irq 14
[    3.495894] ata2: PATA max MWDMA2 cmd 0x170 ctl 0x376 bmdma 0xc048 irq 15
[    3.497516] tun: Universal TUN/TAP device driver, 1.6
[    3.498360] e100: Intel(R) PRO/100 Network Driver
[    3.498816] e100: Copyright(c) 1999-2006 Intel Corporation
[    3.499277] e1000: Intel(R) PRO/1000 Network Driver
[    3.499651] e1000: Copyright (c) 1999-2006 Intel Corporation.
[    3.657529] ata1: found unknown device (class 0)
[    3.658174] ata2: found unknown device (class 0)
[    3.659072] ata1.00: ATA-7: QEMU HARDDISK, 2.5+, max UDMA/100
[    3.659539] ata1.00: 16777216 sectors, multi 16: LBA48 
[    3.660084] ata2.00: ATAPI: QEMU DVD-ROM, 2.5+, max UDMA/100
[    3.661523] scsi 0:0:0:0: Direct-Access     ATA      QEMU HARDDISK    2.5+ PQ: 0 ANSI: 5
[    3.663099] sd 0:0:0:0: Attached scsi generic sg0 type 0
[    3.663433] sd 0:0:0:0: [sda] 16777216 512-byte logical blocks: (8.59 GB/8.00 GiB)
[    3.664471] scsi 1:0:0:0: CD-ROM            QEMU     QEMU DVD-ROM     2.5+ PQ: 0 ANSI: 5
[    3.665914] sd 0:0:0:0: [sda] Write Protect is off
[    3.666346] sd 0:0:0:0: [sda] Write cache: enabled, read cache: enabled, doesn't support DPO or FUA
[    3.667082] sd 0:0:0:0: [sda] Preferred minimum I/O size 512 bytes
[    3.684137] sd 0:0:0:0: [sda] Attached SCSI disk
[    3.688594] ACPI: \_SB_.LNKC: Enabled at IRQ 11
[    3.690621] scsi 1:0:0:0: Attached scsi generic sg1 type 5
[    4.016699] e1000 0000:00:03.0 eth0: (PCI:33MHz:32-bit) 52:54:00:12:34:56
[    4.017264] e1000 0000:00:03.0 eth0: Intel(R) PRO/1000 Network Connection
[    4.017930] e1000e: Intel(R) PRO/1000 Network Driver
[    4.018311] e1000e: Copyright(c) 1999 - 2015 Intel Corporation.
[    4.018832] igb: Intel(R) Gigabit Ethernet Network Driver
[    4.019243] igb: Copyright (c) 2007-2014 Intel Corporation.
[    4.019786] PPP generic driver version 2.4.2
[    4.020497] VFIO - User Level meta-driver version: 0.3
[    4.021591] usbcore: registered new interface driver uas
[    4.022038] usbcore: registered new interface driver usb-storage
[    4.022640] i8042: PNP: PS/2 Controller [PNP0303:KBD,PNP0f13:MOU] at 0x60,0x64 irq 1,12
[    4.023902] serio: i8042 KBD port at 0x60,0x64 irq 1
[    4.024314] serio: i8042 AUX port at 0x60,0x64 irq 12
[    4.025335] mousedev: PS/2 mouse device common for all mice
[    4.026545] rtc_cmos 00:05: RTC can wake from S4
[    4.027166] input: AT Translated Set 2 keyboard as /devices/platform/i8042/serio0/input/input1
[    4.028715] input: VirtualPS/2 VMware VMMouse as /devices/platform/i8042/serio1/input/input4
[    4.029948] input: VirtualPS/2 VMware VMMouse as /devices/platform/i8042/serio1/input/input3
[    4.031804] rtc_cmos 00:05: registered as rtc0
[    4.032213] rtc_cmos 00:05: setting system clock to 2023-01-13T04:48:15 UTC (1673585295)
[    4.032973] rtc_cmos 00:05: alarms up to one day, y3k, 242 bytes nvram, hpet irqs
[    4.033587] i2c_dev: i2c /dev entries driver
[    4.034006] device-mapper: core: CONFIG_IMA_DISABLE_HTABLE is disabled. Duplicate IMA measurements will not be recorded in the IMA log.
[    4.035028] device-mapper: uevent: version 1.0.3
[    4.035639] device-mapper: ioctl: 4.47.0-ioctl (2022-07-28) initialised: dm-devel@redhat.com
[    4.036279] intel_pstate: CPU model not supported
[    4.036734] sdhci: Secure Digital Host Controller Interface driver
[    4.037199] sdhci: Copyright(c) Pierre Ossman
[    4.037641] sdhci-pltfm: SDHCI platform and OF driver helper
[    4.038463] ledtrig-cpu: registered to indicate activity on CPUs
[    4.039825] drop_monitor: Initializing network drop monitor service
[    4.040867] NET: Registered PF_INET6 protocol family
[    4.044956] Segment Routing with IPv6
[    4.045277] In-situ OAM (IOAM) with IPv6
[    4.045640] NET: Registered PF_PACKET protocol family
[    4.046473] 9pnet: Installing 9P2000 support
[    4.046929] Key type dns_resolver registered
[    4.048331] IPI shorthand broadcast: enabled
[    4.048729] sched_clock: Marking stable (4033674742, 14308057)->(4081614544, -33631745)
[    4.050135] registered taskstats version 1
[    4.050837] Loading compiled-in X.509 certificates
[    4.051887] zswap: loaded using pool lzo/zbud
[    4.053158] Key type .fscrypt registered
[    4.053492] Key type fscrypt-provisioning registered
[    4.055566] Key type encrypted registered
[    4.055940] ima: No TPM chip found, activating TPM-bypass!
[    4.056369] ima: Allocated hash algorithm: sha1
[    4.056745] ima: No architecture policies found
[    4.057569] evm: Initialising EVM extended attributes:
[    4.057978] evm: security.selinux
[    4.058237] evm: security.SMACK64
[    4.058496] evm: security.SMACK64EXEC
[    4.058782] evm: security.SMACK64TRANSMUTE
[    4.059100] evm: security.SMACK64MMAP
[    4.059385] evm: security.apparmor
[    4.059650] evm: security.ima
[    4.059883] evm: security.capability
[    4.060162] evm: HMAC attrs: 0x1
[    4.065722] PM:   Magic number: 7:155:818
[    4.066714] RAS: Correctable Errors collector initialized.
[    4.068291] md: Waiting for all devices to be available before autodetect
[    4.068640] md: If you don't use raid, use raid=noautodetect
[    4.068936] md: Autodetecting RAID arrays.
[    4.069156] md: autorun ...
[    4.069308] md: ... autorun DONE.
[    4.085221] EXT4-fs (sda): mounted filesystem with ordered data mode. Quota mode: none.
[    4.085726] VFS: Mounted root (ext4 filesystem) readonly on device 8:0.
[    4.088555] devtmpfs: mounted
[    4.096780] Freeing unused decrypted memory: 2036K
[    4.098594] Freeing unused kernel image (initmem) memory: 3664K
[    4.098928] Write protecting the kernel read-only data: 45056k
[    4.102542] Freeing unused kernel image (text/rodata gap) memory: 2028K
[    4.104377] Freeing unused kernel image (rodata/data gap) memory: 1932K
[    4.209045] x86/mm: Checked W+X mappings: passed, no W+X pages found.
[    4.209396] Run /sbin/init as init process
[    4.329675] systemd[1]: RTC configured in localtime, applying delta of 0 minutes to system time.
[    4.358514] systemd[1]: systemd 239 (239-49.el8) running in system mode. (+PAM +AUDIT +SELINUX +IMA -APPARMOR +SMACK +SYSVINIT +UTMP +LIBCRYPTSETUP +GCRYPT +GNUTLS +ACL +XZ +LZ4 +SECCOMP +BLKID +ELFUTILS +KMOD +IDN2 -IDN +PCRE2 default-hierarchy=legacy)
[    4.359818] systemd[1]: Detected virtualization kvm.
[    4.360091] systemd[1]: Detected architecture x86-64.

Welcome to [0;31mCentOS Stream 8[0m!

[    4.426873] systemd[1]: Set hostname to <test>.
[    6.349471] random: crng init done
[    6.511908] systemd[1]: Reached target Swap.
[[0;32m  OK  [0m] Reached target Swap.
[    6.516294] systemd[1]: Created slice system-serial\x2dgetty.slice.
[[0;32m  OK  [0m] Created slice system-serial\x2dgetty.slice.
[    6.518548] systemd[1]: Created slice system-getty.slice.
[[0;32m  OK  [0m] Created slice system-getty.slice.
[    6.519929] systemd[1]: Listening on LVM2 poll daemon socket.
[[0;32m  OK  [0m] Listening on LVM2 poll daemon socket.
[    6.521173] systemd[1]: Listening on initctl Compatibility Named Pipe.
[[0;32m  OK  [0m] Listening on initctl Compatibility Named Pipe.
[    6.522784] systemd[1]: Listening on Journal Socket (/dev/log).
[[0;32m  OK  [0m] Listening on Journal Socket (/dev/log).
[[0;32m  OK  [0m] Started Forward Password Requests to Wall Directory Watch.
[[0;32m  OK  [0m] Created slice system-sshd\x2dkeygen.slice.
[[0;32m  OK  [0m] Listening on Journal Socket.
         Starting Journal Service...
         Mounting Kernel Debug File System...
[[0;32m  OK  [0m] Listening on udev Kernel Socket.
[[0;32m  OK  [0m] Created slice User and Session Slice.
[[0;32m  OK  [0m] Reached target Slices.
[[0;32m  OK  [0m] Listening on Process Core Dump Socket.
[[0;32m  OK  [0m] Listening on Device-mapper event daemon FIFOs.
         Mounting POSIX Message Queue File System...
         Starting Remount Root and Kernel File Systems...
         Starting Load Kernel Modules...
[[0;32m  OK  [0m] Set up automount Arbitrary Executabâ€¦rmats File System Automount Point.
         Starting Monitoring of LVM2 mirrorsâ€¦ng dmeventd or progress polling...
         Mounting Huge Pages File System...
[[0;32m  OK  [0m] Listening on udev Control Socket.
         Starting udev Coldplug all Devices...
[[0;32m  OK  [0m] Listening on RPCbind Server Activation Socket.
[[0;32m  OK  [0m] Reached target RPC Port Mapper.
[[0;32m  OK  [0m] Listening on multipathd control socket.
         Starting Setup Virtual Console...
[[0;32m  OK  [0m] Mounted Kernel Debug File System.
[[0;32m  OK  [0m] Mounted POSIX Message Queue File System.
[[0;1;31mFAILED[0m] Failed to start Load Kernel Modules.
See 'systemctl status systemd-modules-load.service' for details.
[[0;32m  OK  [0m] Mounted Huge Pages File System.
[    6.849637] EXT4-fs (sda): re-mounted. Quota mode: none.
         Mounting Kernel Configuration File System...
         Mounting FUSE Control File System...
         Starting Apply Kernel Variables...
[[0;32m  OK  [0m] Started Journal Service.
[[0;32m  OK  [0m] Started Remount Root and Kernel File Systems.
[[0;32m  OK  [0m] Mounted Kernel Configuration File System.
[[0;32m  OK  [0m] Mounted FUSE Control File System.
         Starting Load/Save Random Seed...
         Starting Create Static Device Nodes in /dev...
         Starting Flush Journal to Persistent Storage...
[[0;32m  OK  [0m] Started Apply Kernel Variables.
[[0;32m  OK  [0m] Started Load/Save Random Seed.
[[0;32m  OK  [0m] Started Create Static Device Nodes in /dev.
         Starting udev Kernel Device Manager...
[[0;32m  OK  [0m] Started Setup Virtual Console.
[[0;32m  OK  [0m] Started Flush Journal to Persistent Storage.
[[0;32m  OK  [0m] Started udev Coldplug all Devices.
         Starting udev Wait for Complete Device Initialization...
[[0;32m  OK  [0m] Started udev Kernel Device Manager.
         Starting Show Plymouth Boot Screen...
[[0;32m  OK  [0m] Started Show Plymouth Boot Screen.
[[0;32m  OK  [0m] Started Forward Password Requests to Plymouth Directory Watch.
[[0;32m  OK  [0m] Reached target Paths.
[[0;32m  OK  [0m] Reached target Local Encrypted Volumes.
[[0;32m  OK  [0m] Found device /dev/ttyS0.
[[0;32m  OK  [0m] Started Monitoring of LVM2 mirrors,â€¦sing dmeventd or progress polling.
[[0;32m  OK  [0m] Started udev Wait for Complete Device Initialization.
[[0;32m  OK  [0m] Listening on Load/Save RF Kill Switch Status /dev/rfkill Watch.
[[0;32m  OK  [0m] Reached target Local File Systems (Pre).
[[0;32m  OK  [0m] Reached target Local File Systems.
         Starting Tell Plymouth To Write Out Runtime Data...
         Starting Create Volatile Files and Directories...
         Starting Restore /run/initramfs on shutdown...
[[0;32m  OK  [0m] Started Tell Plymouth To Write Out Runtime Data.
[[0;32m  OK  [0m] Started Restore /run/initramfs on shutdown.
[[0;32m  OK  [0m] Started Create Volatile Files and Directories.
         Starting Security Auditing Service...
         Mounting RPC Pipe File System...
         Starting RPC Bind...
[[0;32m  OK  [0m] Mounted RPC Pipe File System.
[[0;32m  OK  [0m] Reached target rpc_pipefs.target.
[[0;32m  OK  [0m] Started RPC Bind.
[[0;32m  OK  [0m] Started Security Auditing Service.
         Starting Update UTMP about System Boot/Shutdown...
[[0;32m  OK  [0m] Started Update UTMP about System Boot/Shutdown.
[[0;32m  OK  [0m] Reached target System Initialization.
[[0;32m  OK  [0m] Started daily update of the root trust anchor for DNSSEC.
[[0;32m  OK  [0m] Started dnf makecache --timer.
[[0;32m  OK  [0m] Started Daily Cleanup of Temporary Directories.
[[0;32m  OK  [0m] Reached target Timers.
[[0;32m  OK  [0m] Listening on D-Bus System Message Bus Socket.
[[0;32m  OK  [0m] Listening on SSSD Kerberos Cache Manager responder socket.
[[0;32m  OK  [0m] Reached target Sockets.
[[0;32m  OK  [0m] Reached target Basic System.
         Starting Login Service...
         Starting NTP client/server...
         Starting Auto-connect to subsystemsâ€¦-NVME devices found during boot...
[[0;32m  OK  [0m] Started irqbalance daemon.
[[0;32m  OK  [0m] Started D-Bus System Message Bus.
         Starting Network Manager...
         Starting Self Monitoring and Reporting Technology (SMART) Daemon...
[[0;32m  OK  [0m] Reached target sshd-keygen.target.
[[0;32m  OK  [0m] Started Machine Check Exception Logging Daemon.
         Starting Authorization Manager...
[[0;32m  OK  [0m] Started Auto-connect to subsystems â€¦FC-NVME devices found during boot.
[[0;32m  OK  [0m] Started Self Monitoring and Reporting Technology (SMART) Daemon.
         Starting update of the root trust aâ€¦or DNSSEC validation in unbound...
[[0;32m  OK  [0m] Started Login Service.
[[0;32m  OK  [0m] Started NTP client/server.
[[0;32m  OK  [0m] Started Network Manager.
[[0;32m  OK  [0m] Reached target Network.
         Starting Dynamic System Tuning Daemon...
         Starting GSSAPI Proxy Daemon...
         Starting OpenSSH server daemon...
         Starting Network Manager Wait Online...
[[0;32m  OK  [0m] Started update of the root trust anâ€¦ for DNSSEC validation in unbound.
         Starting Hostname Service...
[[0;32m  OK  [0m] Started GSSAPI Proxy Daemon.
[[0;32m  OK  [0m] Reached target NFS client services.
[[0;32m  OK  [0m] Reached target Remote File Systems (Pre).
[[0;32m  OK  [0m] Reached target Remote File Systems.
         Starting Permit User Sessions...
[[0;32m  OK  [0m] Started OpenSSH server daemon.
[[0;32m  OK  [0m] Started Authorization Manager.
[[0;32m  OK  [0m] Started Permit User Sessions.
         Starting Hold until boot process finishes up...
[[0;32m  OK  [0m] Started Command Scheduler.
         Starting Terminate Plymouth Boot Screen...
[    9.121633] e1000: eth0 NIC Link is Up 1000 Mbps Full Duplex, Flow Control: RX
[    9.122406] IPv6: ADDRCONF(NETDEV_CHANGE): eth0: link becomes ready
[    9.551663] Spectre V2 : WARNING: Unprivileged eBPF is enabled with eIBRS on, data leaks possible via Spectre v2 BHB attacks!
[    9.552842] Spectre V2 : WARNING: Unprivileged eBPF is enabled with eIBRS on, data leaks possible via Spectre v2 BHB attacks!

CentOS Stream 8
Kernel 6.0.0-4899a36f91a9+ on an x86_64

test login: 