c[?7l[2J[0mSeaBIOS (version rel-1.14.0-0-g155821a1990b-prebuilt.qemu.org)


iPXE (http://ipxe.org) 00:03.0 CA00 PCI2.10 PnP PMM+7FF8F030+7FEEF030 CA00
Press Ctrl-B to configure iPXE (PCI 00:03.0)...                                                                               


Booting from ROM..c[?7l[2J[0m.[    0.000000] Linux version 6.2.0-rc2-512dee0c00ad+ (root@p-mtlp02) (gcc (GCC) 8.5.0 20210514 (Red Hat 8.5.0-17), GNU ld version 2.36.1-2.el8) #1 SMP PREEMPT_DYNAMIC Fri Jan 13 19:20:31 CST 2023
[    0.000000] Command line: console=ttyS0 root=/dev/sda earlyprintk=serial net.ifnames=0
[    0.000000] KERNEL supported cpus:
[    0.000000]   Intel GenuineIntel
[    0.000000]   AMD AuthenticAMD
[    0.000000]   Hygon HygonGenuine
[    0.000000]   Centaur CentaurHauls
[    0.000000]   zhaoxin   Shanghai  
[    0.000000] x86/split lock detection: #DB: warning on user-space bus_locks
[    0.000000] x86/fpu: Supporting XSAVE feature 0x001: 'x87 floating point registers'
[    0.000000] x86/fpu: Supporting XSAVE feature 0x002: 'SSE registers'
[    0.000000] x86/fpu: Supporting XSAVE feature 0x004: 'AVX registers'
[    0.000000] x86/fpu: Supporting XSAVE feature 0x200: 'Protection Keys User registers'
[    0.000000] x86/fpu: xstate_offset[2]:  576, xstate_sizes[2]:  256
[    0.000000] x86/fpu: xstate_offset[9]:  832, xstate_sizes[9]:    8
[    0.000000] x86/fpu: Enabled xstate features 0x207, context size is 840 bytes, using 'compacted' format.
[    0.000000] signal: max sigframe size: 3632
[    0.000000] BIOS-provided physical RAM map:
[    0.000000] BIOS-e820: [mem 0x0000000000000000-0x000000000009fbff] usable
[    0.000000] BIOS-e820: [mem 0x000000000009fc00-0x000000000009ffff] reserved
[    0.000000] BIOS-e820: [mem 0x00000000000f0000-0x00000000000fffff] reserved
[    0.000000] BIOS-e820: [mem 0x0000000000100000-0x000000007ffdffff] usable
[    0.000000] BIOS-e820: [mem 0x000000007ffe0000-0x000000007fffffff] reserved
[    0.000000] BIOS-e820: [mem 0x00000000feffc000-0x00000000feffffff] reserved
[    0.000000] BIOS-e820: [mem 0x00000000fffc0000-0x00000000ffffffff] reserved
[    0.000000] printk: bootconsole [earlyser0] enabled
[    0.000000] NX (Execute Disable) protection: active
[    0.000000] SMBIOS 2.8 present.
[    0.000000] DMI: QEMU Standard PC (i440FX + PIIX, 1996), BIOS rel-1.14.0-0-g155821a1990b-prebuilt.qemu.org 04/01/2014
[    0.000000] Hypervisor detected: KVM
[    0.000000] kvm-clock: Using msrs 4b564d01 and 4b564d00
[    0.000005] kvm-clock: using sched offset of 518024105 cycles
[    0.000435] clocksource: kvm-clock: mask: 0xffffffffffffffff max_cycles: 0x1cd42e4dffb, max_idle_ns: 881590591483 ns
[    0.001741] tsc: Detected 1190.400 MHz processor
[    0.009538] last_pfn = 0x7ffe0 max_arch_pfn = 0x400000000
[    0.010015] x86/PAT: Configuration [0-7]: WB  WC  UC- UC  WB  WP  UC- WT  
[    0.020048] found SMP MP-table at [mem 0x000f5a90-0x000f5a9f]
[    0.020625] Using GB pages for direct mapping
[    0.022386] ACPI: Early table checksum verification disabled
[    0.022850] ACPI: RSDP 0x00000000000F5870 000014 (v00 BOCHS )
[    0.023334] ACPI: RSDT 0x000000007FFE1959 000034 (v01 BOCHS  BXPC     00000001 BXPC 00000001)
[    0.024056] ACPI: FACP 0x000000007FFE1805 000074 (v01 BOCHS  BXPC     00000001 BXPC 00000001)
[    0.024775] ACPI: DSDT 0x000000007FFE0040 0017C5 (v01 BOCHS  BXPC     00000001 BXPC 00000001)
[    0.025480] ACPI: FACS 0x000000007FFE0000 000040
[    0.025868] ACPI: APIC 0x000000007FFE1879 000080 (v01 BOCHS  BXPC     00000001 BXPC 00000001)
[    0.026569] ACPI: HPET 0x000000007FFE18F9 000038 (v01 BOCHS  BXPC     00000001 BXPC 00000001)
[    0.027274] ACPI: WAET 0x000000007FFE1931 000028 (v01 BOCHS  BXPC     00000001 BXPC 00000001)
[    0.027974] ACPI: Reserving FACP table memory at [mem 0x7ffe1805-0x7ffe1878]
[    0.028545] ACPI: Reserving DSDT table memory at [mem 0x7ffe0040-0x7ffe1804]
[    0.029112] ACPI: Reserving FACS table memory at [mem 0x7ffe0000-0x7ffe003f]
[    0.029678] ACPI: Reserving APIC table memory at [mem 0x7ffe1879-0x7ffe18f8]
[    0.030243] ACPI: Reserving HPET table memory at [mem 0x7ffe18f9-0x7ffe1930]
[    0.030811] ACPI: Reserving WAET table memory at [mem 0x7ffe1931-0x7ffe1958]
[    0.032078] No NUMA configuration found
[    0.032394] Faking a node at [mem 0x0000000000000000-0x000000007ffdffff]
[    0.033000] NODE_DATA(0) allocated [mem 0x7ffb5000-0x7ffdffff]
[    0.037155] Zone ranges:
[    0.037362]   DMA      [mem 0x0000000000001000-0x0000000000ffffff]
[    0.037847]   DMA32    [mem 0x0000000001000000-0x000000007ffdffff]
[    0.038347]   Normal   empty
[    0.038584]   Device   empty
[    0.038822] Movable zone start for each node
[    0.039163] Early memory node ranges
[    0.039451]   node   0: [mem 0x0000000000001000-0x000000000009efff]
[    0.039957]   node   0: [mem 0x0000000000100000-0x000000007ffdffff]
[    0.040469] Initmem setup node 0 [mem 0x0000000000001000-0x000000007ffdffff]
[    0.042202] On node 0, zone DMA: 1 pages in unavailable ranges
[    0.042346] On node 0, zone DMA: 97 pages in unavailable ranges
[    0.065616] On node 0, zone DMA32: 32 pages in unavailable ranges
[    0.066393] ACPI: PM-Timer IO Port: 0x608
[    0.067244] ACPI: LAPIC_NMI (acpi_id[0xff] dfl dfl lint[0x1])
[    0.067790] IOAPIC[0]: apic_id 0, version 17, address 0xfec00000, GSI 0-23
[    0.068376] ACPI: INT_SRC_OVR (bus 0 bus_irq 0 global_irq 2 dfl dfl)
[    0.068898] ACPI: INT_SRC_OVR (bus 0 bus_irq 5 global_irq 5 high level)
[    0.069436] ACPI: INT_SRC_OVR (bus 0 bus_irq 9 global_irq 9 high level)
[    0.069976] ACPI: INT_SRC_OVR (bus 0 bus_irq 10 global_irq 10 high level)
[    0.070527] ACPI: INT_SRC_OVR (bus 0 bus_irq 11 global_irq 11 high level)
[    0.071098] ACPI: Using ACPI (MADT) for SMP configuration information
[    0.071616] ACPI: HPET id: 0x8086a201 base: 0xfed00000
[    0.072054] TSC deadline timer available
[    0.072380] smpboot: Allowing 2 CPUs, 0 hotplug CPUs
[    0.072865] kvm-guest: KVM setup pv remote TLB flush
[    0.073271] kvm-guest: setup PV sched yield
[    0.073678] PM: hibernation: Registered nosave memory: [mem 0x00000000-0x00000fff]
[    0.074301] PM: hibernation: Registered nosave memory: [mem 0x0009f000-0x0009ffff]
[    0.074916] PM: hibernation: Registered nosave memory: [mem 0x000a0000-0x000effff]
[    0.075532] PM: hibernation: Registered nosave memory: [mem 0x000f0000-0x000fffff]
[    0.076153] [mem 0x80000000-0xfeffbfff] available for PCI devices
[    0.076649] Booting paravirtualized kernel on KVM
[    0.077051] clocksource: refined-jiffies: mask: 0xffffffff max_cycles: 0xffffffff, max_idle_ns: 7645519600211568 ns
[    0.077914] setup_percpu: NR_CPUS:8192 nr_cpumask_bits:2 nr_cpu_ids:2 nr_node_ids:1
[    0.080706] percpu: Embedded 64 pages/cpu s225280 r8192 d28672 u1048576
[    0.081492] kvm-guest: PV spinlocks enabled
[    0.081844] PV qspinlock hash table entries: 256 (order: 0, 4096 bytes, linear)
[    0.082472] Fallback order for Node 0: 0 
[    0.082843] Built 1 zonelists, mobility grouping on.  Total pages: 515808
[    0.083391] Policy zone: DMA32
[    0.083643] Kernel command line: net.ifnames=0 console=ttyS0 root=/dev/sda earlyprintk=serial net.ifnames=0
[    0.084884] random: crng init done
[    0.086581] Dentry cache hash table entries: 262144 (order: 9, 2097152 bytes, linear)
[    0.087803] Inode-cache hash table entries: 131072 (order: 8, 1048576 bytes, linear)
[    0.088631] mem auto-init: stack:off, heap alloc:off, heap free:off
[    0.093309] Memory: 1979232K/2096632K available (34816K kernel code, 4628K rwdata, 9996K rodata, 10168K init, 19784K bss, 117144K reserved, 0K cma-reserved)
[    0.094976] SLUB: HWalign=64, Order=0-3, MinObjects=0, CPUs=2, Nodes=1
[    0.095499] kmemleak: Kernel memory leak detector disabled
[    0.096044] ftrace: allocating 68224 entries in 267 pages
[    0.129953] ftrace: allocated 267 pages with 4 groups
[    0.134538] Dynamic Preempt: voluntary
[    0.135008] Running RCU self tests
[    0.135274] rcu: Preemptible hierarchical RCU implementation.
[    0.135710] rcu: 	RCU lockdep checking is enabled.
[    0.136072] rcu: 	RCU restricting CPUs from NR_CPUS=8192 to nr_cpu_ids=2.
[    0.136593] 	Trampoline variant of Tasks RCU enabled.
[    0.136977] 	Rude variant of Tasks RCU enabled.
[    0.137320] 	Tracing variant of Tasks RCU enabled.
[    0.137683] rcu: RCU calculated value of scheduler-enlistment delay is 25 jiffies.
[    0.138256] rcu: Adjusting geometry for rcu_fanout_leaf=16, nr_cpu_ids=2
[    0.171042] NR_IRQS: 524544, nr_irqs: 440, preallocated irqs: 16
[    0.171881] rcu: srcu_init: Setting srcu_struct sizes based on contention.
[    0.179456] Console: colour VGA+ 80x25
[    0.179816] printk: console [ttyS0] enabled
[    0.179816] printk: console [ttyS0] enabled
[    0.180494] printk: bootconsole [earlyser0] disabled
[    0.180494] printk: bootconsole [earlyser0] disabled
[    0.181291] Lock dependency validator: Copyright (c) 2006 Red Hat, Inc., Ingo Molnar
[    0.181909] ... MAX_LOCKDEP_SUBCLASSES:  8
[    0.182242] ... MAX_LOCK_DEPTH:          48
[    0.182584] ... MAX_LOCKDEP_KEYS:        8192
[    0.182938] ... CLASSHASH_SIZE:          4096
[    0.183294] ... MAX_LOCKDEP_ENTRIES:     32768
[    0.183655] ... MAX_LOCKDEP_CHAINS:      65536
[    0.184017] ... CHAINHASH_SIZE:          32768
[    0.184383]  memory used by lock dependency info: 6365 kB
[    0.184818]  memory used for stack traces: 4224 kB
[    0.185207]  per task-struct memory footprint: 1920 bytes
[    0.185693] ACPI: Core revision 20221020
[    0.186262] clocksource: hpet: mask: 0xffffffff max_cycles: 0xffffffff, max_idle_ns: 19112604467 ns
[    0.187153] APIC: Switch to symmetric I/O mode setup
[    0.187724] x2apic enabled
[    0.188118] Switched APIC routing to physical x2apic.
[    0.188537] kvm-guest: setup PV IPIs
[    0.189690] ..TIMER: vector=0x30 apic1=0 pin1=2 apic2=-1 pin2=-1
[    0.190202] clocksource: tsc-early: mask: 0xffffffffffffffff max_cycles: 0x1128af0325d, max_idle_ns: 440795261011 ns
[    0.191064] Calibrating delay loop (skipped) preset value.. 2380.80 BogoMIPS (lpj=4761600)
[    0.195071] pid_max: default: 32768 minimum: 301
[    0.195545] LSM: initializing lsm=capability,yama,integrity
[    0.196014] Yama: becoming mindful.
[    0.196479] Mount-cache hash table entries: 4096 (order: 3, 32768 bytes, linear)
[    0.197092] Mountpoint-cache hash table entries: 4096 (order: 3, 32768 bytes, linear)
[    0.199807] x86/cpu: User Mode Instruction Prevention (UMIP) activated
[    0.201831] Last level iTLB entries: 4KB 0, 2MB 0, 4MB 0
[    0.202296] Last level dTLB entries: 4KB 0, 2MB 0, 4MB 0, 1GB 0
[    0.202816] Spectre V1 : Mitigation: usercopy/swapgs barriers and __user pointer sanitization
[    0.203075] Spectre V2 : WARNING: Unprivileged eBPF is enabled with eIBRS on, data leaks possible via Spectre v2 BHB attacks!
[    0.203972] Spectre V2 : Mitigation: Enhanced IBRS
[    0.204346] Spectre V2 : Spectre v2 / SpectreRSB mitigation: Filling RSB on context switch
[    0.204979] Spectre V2 : Spectre v2 / PBRSB-eIBRS: Retire a single CALL on VMEXIT
[    0.205559] Spectre V2 : mitigation: Enabling conditional Indirect Branch Prediction Barrier
[    0.206207] Speculative Store Bypass: Mitigation: Speculative Store Bypass disabled via prctl
[    0.207049] MMIO Stale Data: Unknown: No mitigations
[    0.331313] Freeing SMP alternatives memory: 56K
[    0.332163] smpboot: CPU0: Genuine Intel(R) 0000 (family: 0x6, model: 0xaa, stepping: 0x1)
[    0.333343] cblist_init_generic: Setting adjustable number of callback queues.
[    0.333922] cblist_init_generic: Setting shift to 1 and lim to 1.
[    0.334450] cblist_init_generic: Setting shift to 1 and lim to 1.
[    0.334985] cblist_init_generic: Setting shift to 1 and lim to 1.
[    0.335045] Running RCU-tasks wait API self tests
[    0.435260] Performance Events: generic architected perfmon, full-width counters, Intel PMU driver.
[    0.436248] ... version:                2
[    0.436654] ... bit width:              48
[    0.437072] ... generic registers:      8
[    0.437482] ... value mask:             0000ffffffffffff
[    0.438021] ... max period:             00007fffffffffff
[    0.438549] ... fixed-purpose events:   3
[    0.438956] ... event mask:             00000007000000ff
[    0.439811] rcu: Hierarchical SRCU implementation.
[    0.440300] rcu: 	Max phase no-delay instances is 1000.
[    0.442769] smp: Bringing up secondary CPUs ...
[    0.443633] x86: Booting SMP configuration:
[    0.443968] .... node  #0, CPUs:      #1
[    0.018616] smpboot: CPU 1 Converting physical 0 to logical die 1
[    0.447298] smp: Brought up 1 node, 2 CPUs
[    0.447533] smpboot: Max logical packages: 2
[    0.447872] smpboot: Total of 2 processors activated (4761.60 BogoMIPS)
[    0.452179] devtmpfs: initialized
[    0.452179] x86/mm: Memory block size: 128MB
[    0.455072] Callback from call_rcu_tasks_trace() invoked.
[    0.456417] clocksource: jiffies: mask: 0xffffffff max_cycles: 0xffffffff, max_idle_ns: 7645041785100000 ns
[    0.456417] futex hash table entries: 512 (order: 4, 65536 bytes, linear)
[    0.457146] pinctrl core: initialized pinctrl subsystem
[    0.459664] 
[    0.459791] *************************************************************
[    0.460305] **     NOTICE NOTICE NOTICE NOTICE NOTICE NOTICE NOTICE    **
[    0.460818] **                                                         **
[    0.461331] **  IOMMU DebugFS SUPPORT HAS BEEN ENABLED IN THIS KERNEL  **
[    0.461845] **                                                         **
[    0.462367] ** This means that this kernel is built to expose internal **
[    0.462883] ** IOMMU data structures, which may compromise security on **
[    0.463060] ** your system.                                            **
[    0.463579] **                                                         **
[    0.464104] ** If you see this message and you are not debugging the   **
[    0.464619] ** kernel, report this immediately to your vendor!         **
[    0.465132] **                                                         **
[    0.465639] **     NOTICE NOTICE NOTICE NOTICE NOTICE NOTICE NOTICE    **
[    0.466158] *************************************************************
[    0.466751] PM: RTC time: 11:21:22, date: 2023-01-13
[    0.470517] NET: Registered PF_NETLINK/PF_ROUTE protocol family
[    0.471669] DMA: preallocated 256 KiB GFP_KERNEL pool for atomic allocations
[    0.472234] DMA: preallocated 256 KiB GFP_KERNEL|GFP_DMA pool for atomic allocations
[    0.472848] DMA: preallocated 256 KiB GFP_KERNEL|GFP_DMA32 pool for atomic allocations
[    0.473524] audit: initializing netlink subsys (disabled)
[    0.474077] audit: type=2000 audit(1673608882.970:1): state=initialized audit_enabled=0 res=1
[    0.474077] thermal_sys: Registered thermal governor 'fair_share'
[    0.475058] thermal_sys: Registered thermal governor 'bang_bang'
[    0.475534] thermal_sys: Registered thermal governor 'step_wise'
[    0.475997] thermal_sys: Registered thermal governor 'user_space'
[    0.476521] cpuidle: using governor ladder
[    0.477316] cpuidle: using governor menu
[    0.478311] acpiphp: ACPI Hot Plug PCI Controller Driver version: 0.5
[    0.479592] PCI: Using configuration type 1 for base access
[    0.481757] kprobes: kprobe jump-optimization is enabled. All kprobes are optimized if possible.
[    0.771690] HugeTLB: registered 1.00 GiB page size, pre-allocated 0 pages
[    0.772393] HugeTLB: 16380 KiB vmemmap can be freed for a 1.00 GiB page
[    0.773028] HugeTLB: registered 2.00 MiB page size, pre-allocated 0 pages
[    0.773675] HugeTLB: 28 KiB vmemmap can be freed for a 2.00 MiB page
[    0.779430] ACPI: Added _OSI(Module Device)
[    0.779793] ACPI: Added _OSI(Processor Device)
[    0.780142] ACPI: Added _OSI(3.0 _SCP Extensions)
[    0.780520] ACPI: Added _OSI(Processor Aggregator Device)
[    0.787401] ACPI: 1 ACPI AML tables successfully acquired and loaded
[    0.792485] ACPI: Interpreter enabled
[    0.792909] ACPI: PM: (supports S0 S3 S4 S5)
[    0.793252] ACPI: Using IOAPIC for interrupt routing
[    0.793718] PCI: Using host bridge windows from ACPI; if necessary, use "pci=nocrs" and report a bug
[    0.794422] PCI: Using E820 reservations for host bridge windows
[    0.795699] ACPI: Enabled 2 GPEs in block 00 to 0F
[    0.813935] ACPI: PCI Root Bridge [PCI0] (domain 0000 [bus 00-ff])
[    0.814465] acpi PNP0A03:00: _OSC: OS supports [ASPM ClockPM Segments MSI EDR HPX-Type3]
[    0.815057] acpi PNP0A03:00: _OSC: not requesting OS control; OS requires [ExtendedConfig ASPM ClockPM MSI]
[    0.815891] acpi PNP0A03:00: fail to add MMCONFIG information, can't access extended configuration space under this bridge
[    0.819466] acpiphp: Slot [3] registered
[    0.819847] acpiphp: Slot [4] registered
[    0.820246] acpiphp: Slot [5] registered
[    0.820618] acpiphp: Slot [6] registered
[    0.820990] acpiphp: Slot [7] registered
[    0.821380] acpiphp: Slot [8] registered
[    0.821752] acpiphp: Slot [9] registered
[    0.822131] acpiphp: Slot [10] registered
[    0.822536] acpiphp: Slot [11] registered
[    0.822918] acpiphp: Slot [12] registered
[    0.823125] acpiphp: Slot [13] registered
[    0.823506] acpiphp: Slot [14] registered
[    0.823950] acpiphp: Slot [15] registered
[    0.824341] acpiphp: Slot [16] registered
[    0.824719] acpiphp: Slot [17] registered
[    0.825097] acpiphp: Slot [18] registered
[    0.825504] acpiphp: Slot [19] registered
[    0.825882] acpiphp: Slot [20] registered
[    0.826258] acpiphp: Slot [21] registered
[    0.826666] acpiphp: Slot [22] registered
[    0.827044] acpiphp: Slot [23] registered
[    0.827424] acpiphp: Slot [24] registered
[    0.827826] acpiphp: Slot [25] registered
[    0.828191] acpiphp: Slot [26] registered
[    0.828578] acpiphp: Slot [27] registered
[    0.828981] acpiphp: Slot [28] registered
[    0.829358] acpiphp: Slot [29] registered
[    0.829769] acpiphp: Slot [30] registered
[    0.830150] acpiphp: Slot [31] registered
[    0.830487] PCI host bridge to bus 0000:00
[    0.830847] pci_bus 0000:00: root bus resource [io  0x0000-0x0cf7 window]
[    0.831052] pci_bus 0000:00: root bus resource [io  0x0d00-0xffff window]
[    0.831620] pci_bus 0000:00: root bus resource [mem 0x000a0000-0x000bffff window]
[    0.832196] pci_bus 0000:00: root bus resource [mem 0x80000000-0xfebfffff window]
[    0.832794] pci_bus 0000:00: root bus resource [mem 0x100000000-0x17fffffff window]
[    0.833376] pci_bus 0000:00: root bus resource [bus 00-ff]
[    0.833970] pci 0000:00:00.0: [8086:1237] type 00 class 0x060000
[    0.837835] pci 0000:00:01.0: [8086:7000] type 00 class 0x060100
[    0.839034] pci 0000:00:01.1: [8086:7010] type 00 class 0x010180
[    0.841177] pci 0000:00:01.1: reg 0x20: [io  0xc040-0xc04f]
[    0.842048] pci 0000:00:01.1: legacy IDE quirk: reg 0x10: [io  0x01f0-0x01f7]
[    0.842622] pci 0000:00:01.1: legacy IDE quirk: reg 0x14: [io  0x03f6]
[    0.843055] pci 0000:00:01.1: legacy IDE quirk: reg 0x18: [io  0x0170-0x0177]
[    0.843679] pci 0000:00:01.1: legacy IDE quirk: reg 0x1c: [io  0x0376]
[    0.844528] pci 0000:00:01.3: [8086:7113] type 00 class 0x068000
[    0.845290] pci 0000:00:01.3: quirk: [io  0x0600-0x063f] claimed by PIIX4 ACPI
[    0.845852] pci 0000:00:01.3: quirk: [io  0x0700-0x070f] claimed by PIIX4 SMB
[    0.846697] pci 0000:00:02.0: [1234:1111] type 00 class 0x030000
[    0.850264] pci 0000:00:02.0: reg 0x10: [mem 0xfd000000-0xfdffffff pref]
[    0.853026] pci 0000:00:02.0: reg 0x18: [mem 0xfebf0000-0xfebf0fff]
[    0.858520] pci 0000:00:02.0: reg 0x30: [mem 0xfebe0000-0xfebeffff pref]
[    0.859288] pci 0000:00:02.0: Video device with shadowed ROM at [mem 0x000c0000-0x000dffff]
[    0.863858] pci 0000:00:03.0: [8086:100e] type 00 class 0x020000
[    0.864935] pci 0000:00:03.0: reg 0x10: [mem 0xfebc0000-0xfebdffff]
[    0.866115] pci 0000:00:03.0: reg 0x14: [io  0xc000-0xc03f]
[    0.869633] pci 0000:00:03.0: reg 0x30: [mem 0xfeb80000-0xfebbffff pref]
[    0.891289] ACPI: PCI: Interrupt link LNKA configured for IRQ 10
[    0.892833] ACPI: PCI: Interrupt link LNKB configured for IRQ 10
[    0.894386] ACPI: PCI: Interrupt link LNKC configured for IRQ 11
[    0.895329] ACPI: PCI: Interrupt link LNKD configured for IRQ 11
[    0.895989] ACPI: PCI: Interrupt link LNKS configured for IRQ 9
[    0.898158] iommu: Default domain type: Translated 
[    0.898574] iommu: DMA domain TLB invalidation policy: lazy mode 
[    0.900302] SCSI subsystem initialized
[    0.900981] ACPI: bus type USB registered
[    0.901397] usbcore: registered new interface driver usbfs
[    0.902101] usbcore: registered new interface driver hub
[    0.902985] usbcore: registered new device driver usb
[    0.903280] pps_core: LinuxPPS API ver. 1 registered
[    0.904058] pps_core: Software ver. 5.3.6 - Copyright 2005-2007 Rodolfo Giometti <giometti@linux.it>
[    0.905487] PTP clock support registered
[    0.906482] EDAC MC: Ver: 3.0.0
[    0.909908] NetLabel: Initializing
[    0.910468] NetLabel:  domain hash size = 128
[    0.911060] NetLabel:  protocols = UNLABELED CIPSOv4 CALIPSO
[    0.912058] NetLabel:  unlabeled traffic allowed by default
[    0.943707] PCI: Using ACPI for IRQ routing
[    0.944956] pci 0000:00:02.0: vgaarb: setting as boot VGA device
[    0.945926] pci 0000:00:02.0: vgaarb: bridge control possible
[    0.946822] pci 0000:00:02.0: vgaarb: VGA device added: decodes=io+mem,owns=io+mem,locks=none
[    0.947058] vgaarb: loaded
[    0.948194] hpet0: at MMIO 0xfed00000, IRQs 2, 8, 0
[    0.948982] hpet0: 3 comparators, 64-bit 100.000000 MHz counter
[    3.459053] clocksource: Switched to clocksource kvm-clock
[    3.462230] VFS: Disk quotas dquot_6.6.0
[    3.462230] VFS: Dquot-cache hash table entries: 512 (order 0, 4096 bytes)
[    3.462230] pnp: PnP ACPI init
[    3.464386] pnp: PnP ACPI: found 6 devices
[    3.464883] Callback from call_rcu_tasks_rude() invoked.
[    3.485627] clocksource: acpi_pm: mask: 0xffffff max_cycles: 0xffffff, max_idle_ns: 2085701024 ns
[    3.486690] NET: Registered PF_INET protocol family
[    3.487212] IP idents hash table entries: 32768 (order: 6, 262144 bytes, linear)
[    3.488772] tcp_listen_portaddr_hash hash table entries: 1024 (order: 4, 73728 bytes, linear)
[    3.489443] Table-perturb hash table entries: 65536 (order: 6, 262144 bytes, linear)
[    3.490034] TCP established hash table entries: 16384 (order: 5, 131072 bytes, linear)
[    3.490843] TCP bind hash table entries: 16384 (order: 9, 2359296 bytes, linear)
[    3.493987] TCP: Hash tables configured (established 16384 bind 16384)
[    3.494673] UDP hash table entries: 1024 (order: 5, 163840 bytes, linear)
[    3.495333] UDP-Lite hash table entries: 1024 (order: 5, 163840 bytes, linear)
[    3.496123] NET: Registered PF_UNIX/PF_LOCAL protocol family
[    3.507371] RPC: Registered named UNIX socket transport module.
[    3.507858] RPC: Registered udp transport module.
[    3.508241] RPC: Registered tcp transport module.
[    3.508605] RPC: Registered tcp NFSv4.1 backchannel transport module.
[    3.509145] pci_bus 0000:00: resource 4 [io  0x0000-0x0cf7 window]
[    3.509637] pci_bus 0000:00: resource 5 [io  0x0d00-0xffff window]
[    3.510133] pci_bus 0000:00: resource 6 [mem 0x000a0000-0x000bffff window]
[    3.510665] pci_bus 0000:00: resource 7 [mem 0x80000000-0xfebfffff window]
[    3.511238] pci_bus 0000:00: resource 8 [mem 0x100000000-0x17fffffff window]
[    3.519330] pci 0000:00:01.0: PIIX3: Enabling Passive Release
[    3.519798] pci 0000:00:00.0: Limiting direct PCI/PCI transfers
[    3.520348] PCI: CLS 0 bytes, default 64
[    3.520707] ACPI: bus type thunderbolt registered
[    3.521385] clocksource: tsc: mask: 0xffffffffffffffff max_cycles: 0x1128af0325d, max_idle_ns: 440795261011 ns
[    3.571284] Callback from call_rcu_tasks() invoked.
[    3.637973] Initialise system trusted keyrings
[    3.638456] Key type blacklist registered
[    3.639116] workingset: timestamp_bits=36 max_order=19 bucket_order=0
[    3.639678] zbud: loaded
[    3.640638] squashfs: version 4.0 (2009/01/31) Phillip Lougher
[    3.641783] NFS: Registering the id_resolver key type
[    3.642182] Key type id_resolver registered
[    3.642510] Key type id_legacy registered
[    3.642851] nfs4filelayout_init: NFSv4 File Layout Driver Registering...
[    3.643408] nfs4flexfilelayout_init: NFSv4 Flexfile Layout Driver Registering...
[    3.644077] fuse: init (API version 7.38)
[    3.644924] SGI XFS with ACLs, security attributes, realtime, quota, no debug enabled
[    3.646572] 9p: Installing v9fs 9p2000 file system support
[    3.655268] Key type asymmetric registered
[    3.655606] Asymmetric key parser 'x509' registered
[    3.656055] Block layer SCSI generic (bsg) driver version 0.4 loaded (major 243)
[    3.657127] io scheduler mq-deadline registered
[    3.657543] io scheduler bfq registered
[    3.658742] shpchp: Standard Hot Plug PCI Controller Driver version: 0.4
[    3.659732] IPMI message handler: version 39.2
[    3.660224] ipmi device interface
[    3.662423] input: Power Button as /devices/LNXSYSTM:00/LNXPWRBN:00/input/input0
[    3.663367] ACPI: button: Power Button [PWRF]
[    3.665092] ERST DBG: ERST support is disabled.
[    3.666504] Serial: 8250/16550 driver, 32 ports, IRQ sharing enabled
[    3.667761] 00:04: ttyS0 at I/O 0x3f8 (irq = 4, base_baud = 115200) is a 16550A
[    3.679139] Linux agpgart interface v0.103
[    3.680399] ACPI: bus type drm_connector registered
[    3.697045] brd: module loaded
[    3.710742] loop: module loaded
[    3.716679] scsi host0: ata_piix
[    3.717472] scsi host1: ata_piix
[    3.717938] ata1: PATA max MWDMA2 cmd 0x1f0 ctl 0x3f6 bmdma 0xc040 irq 14
[    3.718563] ata2: PATA max MWDMA2 cmd 0x170 ctl 0x376 bmdma 0xc048 irq 15
[    3.720441] tun: Universal TUN/TAP device driver, 1.6
[    3.721070] e100: Intel(R) PRO/100 Network Driver
[    3.721514] e100: Copyright(c) 1999-2006 Intel Corporation
[    3.722060] e1000: Intel(R) PRO/1000 Network Driver
[    3.722517] e1000: Copyright (c) 1999-2006 Intel Corporation.
[    3.879222] ata1: found unknown device (class 0)
[    3.880062] ata2: found unknown device (class 0)
[    3.881503] ata1.00: ATA-7: QEMU HARDDISK, 2.5+, max UDMA/100
[    3.882089] ata1.00: 16777216 sectors, multi 16: LBA48 
[    3.882796] ata2.00: ATAPI: QEMU DVD-ROM, 2.5+, max UDMA/100
[    3.885285] scsi 0:0:0:0: Direct-Access     ATA      QEMU HARDDISK    2.5+ PQ: 0 ANSI: 5
[    3.888298] sd 0:0:0:0: [sda] 16777216 512-byte logical blocks: (8.59 GB/8.00 GiB)
[    3.889545] sd 0:0:0:0: [sda] Write Protect is off
[    3.890725] sd 0:0:0:0: [sda] Write cache: enabled, read cache: enabled, doesn't support DPO or FUA
[    3.892226] sd 0:0:0:0: Attached scsi generic sg0 type 0
[    3.893354] sd 0:0:0:0: [sda] Preferred minimum I/O size 512 bytes
[    3.895111] scsi 1:0:0:0: CD-ROM            QEMU     QEMU DVD-ROM     2.5+ PQ: 0 ANSI: 5
[    3.913393] ACPI: \_SB_.LNKC: Enabled at IRQ 11
[    3.938304] sd 0:0:0:0: [sda] Attached SCSI disk
[    3.940589] scsi 1:0:0:0: Attached scsi generic sg1 type 5
[    4.241400] e1000 0000:00:03.0 eth0: (PCI:33MHz:32-bit) 52:54:00:12:34:56
[    4.242528] e1000 0000:00:03.0 eth0: Intel(R) PRO/1000 Network Connection
[    4.243807] e1000e: Intel(R) PRO/1000 Network Driver
[    4.244580] e1000e: Copyright(c) 1999 - 2015 Intel Corporation.
[    4.245581] igb: Intel(R) Gigabit Ethernet Network Driver
[    4.246380] igb: Copyright (c) 2007-2014 Intel Corporation.
[    4.247414] PPP generic driver version 2.4.2
[    4.248924] VFIO - User Level meta-driver version: 0.3
[    4.250518] usbcore: registered new interface driver uas
[    4.251448] usbcore: registered new interface driver usb-storage
[    4.252611] i8042: PNP: PS/2 Controller [PNP0303:KBD,PNP0f13:MOU] at 0x60,0x64 irq 1,12
[    4.255229] serio: i8042 KBD port at 0x60,0x64 irq 1
[    4.256035] serio: i8042 AUX port at 0x60,0x64 irq 12
[    4.257825] mousedev: PS/2 mouse device common for all mice
[    4.259970] input: AT Translated Set 2 keyboard as /devices/platform/i8042/serio0/input/input1
[    4.263032] input: VirtualPS/2 VMware VMMouse as /devices/platform/i8042/serio1/input/input4
[    4.263269] rtc_cmos 00:05: RTC can wake from S4
[    4.265689] input: VirtualPS/2 VMware VMMouse as /devices/platform/i8042/serio1/input/input3
[    4.267723] rtc_cmos 00:05: registered as rtc0
[    4.268569] rtc_cmos 00:05: setting system clock to 2023-01-13T11:21:26 UTC (1673608886)
[    4.270149] rtc_cmos 00:05: alarms up to one day, y3k, 242 bytes nvram, hpet irqs
[    4.271415] i2c_dev: i2c /dev entries driver
[    4.272190] device-mapper: core: CONFIG_IMA_DISABLE_HTABLE is disabled. Duplicate IMA measurements will not be recorded in the IMA log.
[    4.274110] device-mapper: uevent: version 1.0.3
[    4.275238] device-mapper: ioctl: 4.47.0-ioctl (2022-07-28) initialised: dm-devel@redhat.com
[    4.276593] intel_pstate: CPU model not supported
[    4.277512] sdhci: Secure Digital Host Controller Interface driver
[    4.278490] sdhci: Copyright(c) Pierre Ossman
[    4.279268] sdhci-pltfm: SDHCI platform and OF driver helper
[    4.279900] ledtrig-cpu: registered to indicate activity on CPUs
[    4.280806] drop_monitor: Initializing network drop monitor service
[    4.281643] NET: Registered PF_INET6 protocol family
[    4.286372] Segment Routing with IPv6
[    4.286732] In-situ OAM (IOAM) with IPv6
[    4.287126] NET: Registered PF_PACKET protocol family
[    4.287682] 9pnet: Installing 9P2000 support
[    4.288088] Key type dns_resolver registered
[    4.289466] IPI shorthand broadcast: enabled
[    4.305582] sched_clock: Marking stable (4288436181, 14616920)->(4336361306, -33308205)
[    4.307115] registered taskstats version 1
[    4.307975] Loading compiled-in X.509 certificates
[    4.308547] zswap: loaded using pool lzo/zbud
[    4.341193] Key type .fscrypt registered
[    4.341548] Key type fscrypt-provisioning registered
[    4.343853] Key type encrypted registered
[    4.344236] ima: No TPM chip found, activating TPM-bypass!
[    4.344669] ima: Allocated hash algorithm: sha1
[    4.345063] ima: No architecture policies found
[    4.345484] evm: Initialising EVM extended attributes:
[    4.345877] evm: security.selinux
[    4.346136] evm: security.SMACK64
[    4.346394] evm: security.SMACK64EXEC
[    4.346678] evm: security.SMACK64TRANSMUTE
[    4.347001] evm: security.SMACK64MMAP
[    4.347368] evm: security.apparmor
[    4.347690] evm: security.ima
[    4.347972] evm: security.capability
[    4.348309] evm: HMAC attrs: 0x1
[    4.349930] PM:   Magic number: 7:932:377
[    4.350454] acpi PNP0700:00: hash matches
[    4.351299] RAS: Correctable Errors collector initialized.
[    4.353141] md: Waiting for all devices to be available before autodetect
[    4.353600] md: If you don't use raid, use raid=noautodetect
[    4.353987] md: Autodetecting RAID arrays.
[    4.354275] md: autorun ...
[    4.354474] md: ... autorun DONE.
[    4.360094] EXT4-fs (sda): mounted filesystem 23a53bb9-f815-47a5-b74c-5e08f7731193 with ordered data mode. Quota mode: none.
[    4.360927] VFS: Mounted root (ext4 filesystem) readonly on device 8:0.
[    4.363005] devtmpfs: mounted
[    4.373303] Freeing unused decrypted memory: 2036K
[    4.378596] Freeing unused kernel image (initmem) memory: 10168K
[    4.387163] Write protecting the kernel read-only data: 45056k
[    4.389393] Freeing unused kernel image (rodata/data gap) memory: 244K
[    4.492740] x86/mm: Checked W+X mappings: passed, no W+X pages found.
[    4.493278] Run /sbin/init as init process
[    4.591579] systemd[1]: RTC configured in localtime, applying delta of 0 minutes to system time.
[    4.623709] systemd[1]: systemd 239 (239-49.el8) running in system mode. (+PAM +AUDIT +SELINUX +IMA -APPARMOR +SMACK +SYSVINIT +UTMP +LIBCRYPTSETUP +GCRYPT +GNUTLS +ACL +XZ +LZ4 +SECCOMP +BLKID +ELFUTILS +KMOD +IDN2 -IDN +PCRE2 default-hierarchy=legacy)
[    4.625458] systemd[1]: Detected virtualization kvm.
[    4.625775] systemd[1]: Detected architecture x86-64.

Welcome to [0;31mCentOS Stream 8[0m!

[    4.689811] systemd[1]: Set hostname to <test>.
[    5.057580] systemd[1]: Listening on LVM2 poll daemon socket.
[[0;32m  OK  [0m] Listening on LVM2 poll daemon socket.
[    5.058793] systemd[1]: Listening on udev Control Socket.
[[0;32m  OK  [0m] Listening on udev Control Socket.
[    5.061485] systemd[1]: Created slice User and Session Slice.
[[0;32m  OK  [0m] Created slice User and Session Slice.
[    5.062503] systemd[1]: Listening on Journal Socket (/dev/log).
[[0;32m  OK  [0m] Listening on Journal Socket (/dev/log).
[    5.063438] systemd[1]: Listening on multipathd control socket.
[[0;32m  OK  [0m] Listening on multipathd control socket.
[    5.065771] systemd[1]: Created slice system-serial\x2dgetty.slice.
[[0;32m  OK  [0m] Created slice system-serial\x2dgetty.slice.
[[0;32m  OK  [0m] Listening on Process Core Dump Socket.
[[0;32m  OK  [0m] Started Forward Password Requests to Wall Directory Watch.
[[0;32m  OK  [0m] Set up automount Arbitrary Executabâ€¦rmats File System Automount Point.
[[0;32m  OK  [0m] Created slice system-getty.slice.
[[0;32m  OK  [0m] Created slice system-sshd\x2dkeygen.slice.
[[0;32m  OK  [0m] Reached target Slices.
[[0;32m  OK  [0m] Listening on initctl Compatibility Named Pipe.
[[0;32m  OK  [0m] Listening on Device-mapper event daemon FIFOs.
[[0;32m  OK  [0m] Reached target Swap.
[[0;32m  OK  [0m] Listening on RPCbind Server Activation Socket.
[[0;32m  OK  [0m] Reached target RPC Port Mapper.
[[0;32m  OK  [0m] Listening on Journal Socket.
         Starting Remount Root and Kernel File Systems...
         Starting Journal Service...
         Starting Setup Virtual Console...
         Starting Monitoring of LVM2 mirrorsâ€¦ng dmeventd or progress polling...
         Mounting Huge Pages File System...
         Mounting Kernel Debug File System...
         Mounting POSIX Message Queue File System...
         Starting Load Kernel Modules...
[[0;32m  OK  [0m] Listening on udev Kernel Socket.
         Starting udev Coldplug all Devices...
[[0;32m  OK  [0m] Started Journal Service.
[[0;32m  OK  [0m] Mounted Huge Pages File System.
[[0;32m  OK  [0m] Mounted Kernel Debug File System.
[[0;32m  OK  [0m] Mounted POSIX Message Queue File System.
[[0;1;31mFAILED[0m] Failed to start Load Kernel Modules.
See 'systemctl status systemd-modules-load.service' for details.
         Starting Apply Kernel Variables...
         Mounting Kernel Configuration File System...
[    5.510054] EXT4-fs (sda): re-mounted 23a53bb9-f815-47a5-b74c-5e08f7731193. Quota mode: none.
         Mounting FUSE Control File System...
[[0;32m  OK  [0m] Started Remount Root and Kernel File Systems.
[[0;32m  OK  [0m] Started Apply Kernel Variables.
[[0;32m  OK  [0m] Mounted Kernel Configuration File System.
[[0;32m  OK  [0m] Mounted FUSE Control File System.
[[0;32m  OK  [0m] Started Setup Virtual Console.
         Starting Flush Journal to Persistent Storage...
         Starting Load/Save Random Seed...
         Starting Create Static Device Nodes in /dev...
[[0;32m  OK  [0m] Started Load/Save Random Seed.
[[0;32m  OK  [0m] Started Flush Journal to Persistent Storage.
[[0;32m  OK  [0m] Started Create Static Device Nodes in /dev.
         Starting udev Kernel Device Manager...
[[0;32m  OK  [0m] Started udev Coldplug all Devices.
         Starting udev Wait for Complete Device Initialization...
[[0;32m  OK  [0m] Started udev Kernel Device Manager.
         Starting Show Plymouth Boot Screen...
[[0;32m  OK  [0m] Started Show Plymouth Boot Screen.
[[0;32m  OK  [0m] Reached target Local Encrypted Volumes.
[[0;32m  OK  [0m] Reached target Paths.
[[0;32m  OK  [0m] Started Forward Password Requests to Plymouth Directory Watch.
[[0;32m  OK  [0m] Found device /dev/ttyS0.
[[0;32m  OK  [0m] Started Monitoring of LVM2 mirrors,â€¦sing dmeventd or progress polling.
[[0;32m  OK  [0m] Started udev Wait for Complete Device Initialization.
[[0;32m  OK  [0m] Reached target Local File Systems (Pre).
[[0;32m  OK  [0m] Reached target Local File Systems.
         Starting Restore /run/initramfs on shutdown...
         Starting Tell Plymouth To Write Out Runtime Data...
         Starting Create Volatile Files and Directories...
[[0;32m  OK  [0m] Listening on Load/Save RF Kill Switch Status /dev/rfkill Watch.
[[0;32m  OK  [0m] Started Restore /run/initramfs on shutdown.
[[0;32m  OK  [0m] Started Tell Plymouth To Write Out Runtime Data.
[[0;32m  OK  [0m] Started Create Volatile Files and Directories.
         Mounting RPC Pipe File System...
         Starting Security Auditing Service...
         Starting RPC Bind...
[[0;32m  OK  [0m] Mounted RPC Pipe File System.
[[0;32m  OK  [0m] Reached target rpc_pipefs.target.
[[0;32m  OK  [0m] Started RPC Bind.
[[0;32m  OK  [0m] Started Security Auditing Service.
         Starting Update UTMP about System Boot/Shutdown...
[[0;32m  OK  [0m] Started Update UTMP about System Boot/Shutdown.
[[0;32m  OK  [0m] Reached target System Initialization.
[[0;32m  OK  [0m] Listening on D-Bus System Message Bus Socket.
[[0;32m  OK  [0m] Started dnf makecache --timer.
[[0;32m  OK  [0m] Started Daily Cleanup of Temporary Directories.
[[0;32m  OK  [0m] Listening on SSSD Kerberos Cache Manager responder socket.
[[0;32m  OK  [0m] Reached target Sockets.
[[0;32m  OK  [0m] Reached target Basic System.
         Starting Auto-connect to subsystemsâ€¦-NVME devices found during boot...
         Starting Authorization Manager...
[[0;32m  OK  [0m] Started D-Bus System Message Bus.
[[0;32m  OK  [0m] Reached target sshd-keygen.target.
         Starting NTP client/server...
         Starting Login Service...
         Starting Self Monitoring and Reporting Technology (SMART) Daemon...
[[0;32m  OK  [0m] Started daily update of the root trust anchor for DNSSEC.
[[0;32m  OK  [0m] Reached target Timers.
[[0;32m  OK  [0m] Started Machine Check Exception Logging Daemon.
         Starting Network Manager...
[[0;32m  OK  [0m] Started irqbalance daemon.
[[0;32m  OK  [0m] Started Auto-connect to subsystems â€¦FC-NVME devices found during boot.
[[0;32m  OK  [0m] Started Self Monitoring and Reporting Technology (SMART) Daemon.
         Starting update of the root trust aâ€¦or DNSSEC validation in unbound...
[[0;32m  OK  [0m] Started Login Service.
[[0;32m  OK  [0m] Started Network Manager.
[[0;32m  OK  [0m] Reached target Network.
         Starting GSSAPI Proxy Daemon...
         Starting OpenSSH server daemon...
         Starting Dynamic System Tuning Daemon...
         Starting Network Manager Wait Online...
[[0;32m  OK  [0m] Started NTP client/server.
[[0;32m  OK  [0m] Started GSSAPI Proxy Daemon.
         Starting Hostname Service...
[[0;32m  OK  [0m] Reached target NFS client services.
[[0;32m  OK  [0m] Reached target Remote File Systems (Pre).
[[0;32m  OK  [0m] Reached target Remote File Systems.
         Starting Permit User Sessions...
[[0;32m  OK  [0m] Started OpenSSH server daemon.
[[0;32m  OK  [0m] Started update of the root trust anâ€¦ for DNSSEC validation in unbound.
[[0;32m  OK  [0m] Started Authorization Manager.
[[0;32m  OK  [0m] Started Permit User Sessions.
         Starting Hold until boot process finishes up...
[[0;32m  OK  [0m] Started Command Scheduler.
         Starting Terminate Plymouth Boot Screen...
[    7.907321] e1000: eth0 NIC Link is Up 1000 Mbps Full Duplex, Flow Control: RX
[    7.908243] IPv6: ADDRCONF(NETDEV_CHANGE): eth0: link becomes ready
[    8.213166] Spectre V2 : WARNING: Unprivileged eBPF is enabled with eIBRS on, data leaks possible via Spectre v2 BHB attacks!
[    8.213858] Spectre V2 : WARNING: Unprivileged eBPF is enabled with eIBRS on, data leaks possible via Spectre v2 BHB attacks!

CentOS Stream 8
Kernel 6.2.0-rc2-512dee0c00ad+ on an x86_64

test login: [   85.720757] ------------[ cut here ]------------
[   85.721323] WARNING: CPU: 0 PID: 1690 at kernel/kprobes.c:777 register_kprobe+0x9a2/0x9b0
[   85.721938] Modules linked in:
[   85.722163] CPU: 0 PID: 1690 Comm: repro Not tainted 6.2.0-rc2-512dee0c00ad+ #1
[   85.722663] Hardware name: QEMU Standard PC (i440FX + PIIX, 1996), BIOS rel-1.14.0-0-g155821a1990b-prebuilt.qemu.org 04/01/2014
[   85.723471] RIP: 0010:register_kprobe+0x9a2/0x9b0
[   85.723816] Code: 4d 89 74 24 08 e8 de 91 ff ff 45 89 ec 48 b8 22 01 00 00 00 00 ad de 48 89 43 08 e8 48 e4 f3 ff e9 d2 fd ff ff e8 be 91 ff ff <0f> 0b e9 4e fe ff ff e8 e2 39 cb 01 66 90 90 90 90 90 90 90 90 90
[   85.725052] RSP: 0018:ffffc900011efc40 EFLAGS: 00010246
[   85.725419] RAX: 0000000000000000 RBX: ffff88800dc5c818 RCX: ffffffff812c86ba
[   85.725905] RDX: 0000000000000000 RSI: ffff888013660000 RDI: 0000000000000002
[   85.726392] RBP: ffffc900011efc88 R08: 0000000000000001 R09: 0000000000000001
[   85.726880] R10: ffffc900011efc30 R11: 0000000000000001 R12: 0000000000000000
[   85.727393] R13: ffff88800b36cc00 R14: ffff88800dc5c828 R15: 0000000000000002
[   85.727883] FS:  00007f6217341740(0000) GS:ffff88807dc00000(0000) knlGS:0000000000000000
[   85.728434] CS:  0010 DS: 0000 ES: 0000 CR0: 0000000080050033
[   85.728831] CR2: 00007f6217502c2c CR3: 000000000dcb6004 CR4: 0000000000770ef0
[   85.729321] DR0: 0000000000000000 DR1: 0000000000000000 DR2: 0000000000000000
[   85.729808] DR3: 0000000000000000 DR6: 00000000ffff07f0 DR7: 0000000000000400
[   85.730293] PKRU: 55555554
[   85.730490] Call Trace:
[   85.730669]  <TASK>
[   85.730834]  ? knl_uncore_pci_init+0x9/0x90
[   85.731167]  ? knl_uncore_pci_init+0x9/0x90
[   85.731479]  __register_trace_kprobe+0x183/0x190
[   85.731818]  create_local_trace_kprobe+0x107/0x190
[   85.732165]  perf_kprobe_init+0xa7/0x160
[   85.732452]  perf_kprobe_event_init+0x98/0x120
[   85.732779]  perf_try_init_event+0x88/0x280
[   85.733087]  perf_event_alloc+0xf0a/0x1c50
[   85.733388]  ? __do_sys_perf_event_open+0x9ca/0x1870
[   85.733747]  ? __this_cpu_preempt_check+0x20/0x30
[   85.734101]  __do_sys_perf_event_open+0x3b6/0x1870
[   85.734461]  ? knl_uncore_pci_init+0x9/0x90
[   85.734772]  __x64_sys_perf_event_open+0x2f/0x40
[   85.735138]  do_syscall_64+0x3b/0x90
[   85.735404]  entry_SYSCALL_64_after_hwframe+0x72/0xdc
[   85.735770] RIP: 0033:0x7f621746659d
[   85.736036] Code: 00 c3 66 2e 0f 1f 84 00 00 00 00 00 90 f3 0f 1e fa 48 89 f8 48 89 f7 48 89 d6 48 89 ca 4d 89 c2 4d 89 c8 4c 8b 4c 24 08 0f 05 <48> 3d 01 f0 ff ff 73 01 c3 48 8b 0d d3 08 0d 00 f7 d8 64 89 01 48
[   85.737274] RSP: 002b:00007fff4f650608 EFLAGS: 00000246 ORIG_RAX: 000000000000012a
[   85.737792] RAX: ffffffffffffffda RBX: 0000000000000000 RCX: 00007f621746659d
[   85.738280] RDX: 0000000000000000 RSI: 0000000000000000 RDI: 00000000200002c0
[   85.738771] RBP: 00007fff4f650620 R08: 0000000000000000 R09: 00007fff4f650620
[   85.739289] R10: 00000000ffffffff R11: 0000000000000246 R12: 00000000004011a0
[   85.739777] R13: 00007fff4f650740 R14: 0000000000000000 R15: 0000000000000000
[   85.740278]  </TASK>
[   85.740446] irq event stamp: 1657
[   85.740680] hardirqs last  enabled at (1665): [<ffffffff811d4891>] __up_console_sem+0x91/0xb0
[   85.741275] hardirqs last disabled at (1672): [<ffffffff811d4876>] __up_console_sem+0x76/0xb0
[   85.741869] softirqs last  enabled at (1558): [<ffffffff82f9c213>] __do_softirq+0x323/0x48a
[   85.742446] softirqs last disabled at (1553): [<ffffffff81123142>] irq_exit_rcu+0xd2/0x100
[   85.743013] ---[ end trace 0000000000000000 ]---
[   92.911301] BUG: unable to handle page fault for address: 0000607f82033338
[   92.911800] #PF: supervisor read access in kernel mode
[   92.912150] #PF: error_code(0x0000) - not-present page
[   92.912486] PGD 0 P4D 0 
[   92.912679] Oops: 0000 [#1] PREEMPT SMP NOPTI
[   92.912983] CPU: 0 PID: 1893 Comm: repro Tainted: G        W          6.2.0-rc2-512dee0c00ad+ #1
[   92.913575] Hardware name: QEMU Standard PC (i440FX + PIIX, 1996), BIOS rel-1.14.0-0-g155821a1990b-prebuilt.qemu.org 04/01/2014
[   92.914352] RIP: 0010:__get_valid_kprobe+0x69/0x110
[   92.914719] Code: 61 49 0f af c4 48 c1 e8 3a 48 8b 1c c5 e0 f8 5f 85 48 85 db 75 0f eb 53 e8 b4 dc ff ff 48 8b 1b 48 85 db 74 46 e8 a7 dc ff ff <4c> 3b 63 28 75 e8 e8 9c dc ff ff 4c 39 eb 74 31 e8 92 dc ff ff 48
[   92.915982] RSP: 0018:ffffc900012f7c08 EFLAGS: 00010246
[   92.916354] RAX: 0000000000000000 RBX: 0000607f82033310 RCX: ffffffff812c3e2e
[   92.916838] RDX: 0000000000000000 RSI: ffff8880136ac680 RDI: 0000000000000002
[   92.917340] RBP: ffffc900012f7c20 R08: 0000000000000001 R09: 0000000000000001
[   92.917824] R10: ffffc900012f7c20 R11: 0000000000000001 R12: ffffffff8103bef9
[   92.918303] R13: ffff88800b0ace18 R14: 0000000000000000 R15: 0000000000000000
[   92.918789] FS:  00007f6217341740(0000) GS:ffff88807dc00000(0000) knlGS:0000000000000000
[   92.919302] CS:  0010 DS: 0000 ES: 0000 CR0: 0000000080050033
[   92.919684] CR2: 0000607f82033338 CR3: 000000001706e002 CR4: 0000000000770ef0
[   92.920182] DR0: 0000000000000000 DR1: 0000000000000000 DR2: 0000000000000000
[   92.920678] DR3: 0000000000000000 DR6: 00000000ffff07f0 DR7: 0000000000000400
[   92.921165] PKRU: 55555554
[   92.921356] Call Trace:
[   92.921538]  <TASK>
[   92.921707]  enable_kprobe+0x32/0x130
[   92.922003]  enable_trace_kprobe+0xfa/0x1d0
[   92.922318]  kprobe_register+0xa9/0xf0
[   92.922598]  perf_trace_event_init+0x2a6/0x4b0
[   92.922878]  perf_kprobe_init+0x10a/0x160
[   92.923150]  perf_kprobe_event_init+0x98/0x120
[   92.923484]  perf_try_init_event+0x88/0x280
[   92.923791]  perf_event_alloc+0xf0a/0x1c50
[   92.924101]  ? __do_sys_perf_event_open+0x9ca/0x1870
[   92.924471]  ? __this_cpu_preempt_check+0x20/0x30
[   92.924816]  __do_sys_perf_event_open+0x3b6/0x1870
[   92.925190]  ? knl_uncore_pci_init+0x9/0x90
[   92.925517]  __x64_sys_perf_event_open+0x2f/0x40
[   92.925863]  do_syscall_64+0x3b/0x90
[   92.926125]  entry_SYSCALL_64_after_hwframe+0x72/0xdc
[   92.926500] RIP: 0033:0x7f621746659d
[   92.926767] Code: 00 c3 66 2e 0f 1f 84 00 00 00 00 00 90 f3 0f 1e fa 48 89 f8 48 89 f7 48 89 d6 48 89 ca 4d 89 c2 4d 89 c8 4c 8b 4c 24 08 0f 05 <48> 3d 01 f0 ff ff 73 01 c3 48 8b 0d d3 08 0d 00 f7 d8 64 89 01 48
[   92.928018] RSP: 002b:00007fff4f650608 EFLAGS: 00000246 ORIG_RAX: 000000000000012a
[   92.928531] RAX: ffffffffffffffda RBX: 0000000000000000 RCX: 00007f621746659d
[   92.929012] RDX: 0000000000000000 RSI: 0000000000000000 RDI: 00000000200002c0
[   92.929501] RBP: 00007fff4f650620 R08: 0000000000000000 R09: 00007fff4f650620
[   92.929995] R10: 00000000ffffffff R11: 0000000000000246 R12: 00000000004011a0
[   92.930489] R13: 00007fff4f650740 R14: 0000000000000000 R15: 0000000000000000
[   92.931014]  </TASK>
[   92.931180] Modules linked in:
[   92.931428] CR2: 0000607f82033338
[   92.931675] ---[ end trace 0000000000000000 ]---
[   92.931971] RIP: 0010:__get_valid_kprobe+0x69/0x110
[   92.932327] Code: 61 49 0f af c4 48 c1 e8 3a 48 8b 1c c5 e0 f8 5f 85 48 85 db 75 0f eb 53 e8 b4 dc ff ff 48 8b 1b 48 85 db 74 46 e8 a7 dc ff ff <4c> 3b 63 28 75 e8 e8 9c dc ff ff 4c 39 eb 74 31 e8 92 dc ff ff 48
[   92.933576] RSP: 0018:ffffc900012f7c08 EFLAGS: 00010246
[   92.933952] RAX: 0000000000000000 RBX: 0000607f82033310 RCX: ffffffff812c3e2e
[   92.934452] RDX: 0000000000000000 RSI: ffff8880136ac680 RDI: 0000000000000002
[   92.934964] RBP: ffffc900012f7c20 R08: 0000000000000001 R09: 0000000000000001
[   92.935464] R10: ffffc900012f7c20 R11: 0000000000000001 R12: ffffffff8103bef9
[   92.935963] R13: ffff88800b0ace18 R14: 0000000000000000 R15: 0000000000000000
[   92.936463] FS:  00007f6217341740(0000) GS:ffff88807dc00000(0000) knlGS:0000000000000000
[   92.937027] CS:  0010 DS: 0000 ES: 0000 CR0: 0000000080050033
[   92.937439] CR2: 0000607f82033338 CR3: 000000001706e002 CR4: 0000000000770ef0
[   92.937942] DR0: 0000000000000000 DR1: 0000000000000000 DR2: 0000000000000000
[   92.938445] DR3: 0000000000000000 DR6: 00000000ffff07f0 DR7: 0000000000000400
[   92.938944] PKRU: 55555554
