c[?7l[2J[0mSeaBIOS (version rel-1.14.0-0-g155821a1990b-prebuilt.qemu.org)


iPXE (http://ipxe.org) 00:03.0 CA00 PCI2.10 PnP PMM+7FF8F030+7FEEF030 CA00
Press Ctrl-B to configure iPXE (PCI 00:03.0)...                                                                               


Booting from ROM...
c[?7l[2J[    0.000000] Linux version 6.2.0-rc1-63dc6325ff41+ (root@p-mtlp02) (gcc (GCC) 8.5.0 20210514 (Red Hat 8.5.0-17), GNU ld version 2.36.1-2.el8) #1 SMP PREEMPT_DYNAMIC Sat Jan 14 04:30:46 CST 2023
[    0.000000] Command line: console=ttyS0 root=/dev/sda earlyprintk=serial net.ifnames=0
[    0.000000] KERNEL supported cpus:
[    0.000000]   Intel GenuineIntel
[    0.000000]   AMD AuthenticAMD
[    0.000000]   Hygon HygonGenuine
[    0.000000]   Centaur CentaurHauls
[    0.000000]   zhaoxin   Shanghai  
[    0.000000] x86/split lock detection: #DB: warning on user-space bus_locks
[    0.000000] x86/fpu: Supporting XSAVE feature 0x001: 'x87 floating point registers'
[    0.000000] x86/fpu: Supporting XSAVE feature 0x002: 'SSE registers'
[    0.000000] x86/fpu: Supporting XSAVE feature 0x004: 'AVX registers'
[    0.000000] x86/fpu: Supporting XSAVE feature 0x200: 'Protection Keys User registers'
[    0.000000] x86/fpu: xstate_offset[2]:  576, xstate_sizes[2]:  256
[    0.000000] x86/fpu: xstate_offset[9]:  832, xstate_sizes[9]:    8
[    0.000000] x86/fpu: Enabled xstate features 0x207, context size is 840 bytes, using 'compacted' format.
[    0.000000] signal: max sigframe size: 3632
[    0.000000] BIOS-provided physical RAM map:
[    0.000000] BIOS-e820: [mem 0x0000000000000000-0x000000000009fbff] usable
[    0.000000] BIOS-e820: [mem 0x000000000009fc00-0x000000000009ffff] reserved
[    0.000000] BIOS-e820: [mem 0x00000000000f0000-0x00000000000fffff] reserved
[    0.000000] BIOS-e820: [mem 0x0000000000100000-0x000000007ffdffff] usable
[    0.000000] BIOS-e820: [mem 0x000000007ffe0000-0x000000007fffffff] reserved
[    0.000000] BIOS-e820: [mem 0x00000000feffc000-0x00000000feffffff] reserved
[    0.000000] BIOS-e820: [mem 0x00000000fffc0000-0x00000000ffffffff] reserved
[    0.000000] printk: bootconsole [earlyser0] enabled
[    0.000000] NX (Execute Disable) protection: active
[    0.000000] SMBIOS 2.8 present.
[    0.000000] DMI: QEMU Standard PC (i440FX + PIIX, 1996), BIOS rel-1.14.0-0-g155821a1990b-prebuilt.qemu.org 04/01/2014
[    0.000000] Hypervisor detected: KVM
[    0.000000] kvm-clock: Using msrs 4b564d01 and 4b564d00
[    0.000009] kvm-clock: using sched offset of 727709984 cycles
[    0.001006] clocksource: kvm-clock: mask: 0xffffffffffffffff max_cycles: 0x1cd42e4dffb, max_idle_ns: 881590591483 ns
[    0.004039] tsc: Detected 1190.400 MHz processor
[    0.013959] last_pfn = 0x7ffe0 max_arch_pfn = 0x400000000
[    0.015071] x86/PAT: Configuration [0-7]: WB  WC  UC- UC  WB  WP  UC- WT  
[    0.024418] found SMP MP-table at [mem 0x000f5a90-0x000f5a9f]
[    0.025839] Using GB pages for direct mapping
[    0.028756] ACPI: Early table checksum verification disabled
[    0.029889] ACPI: RSDP 0x00000000000F5870 000014 (v00 BOCHS )
[    0.030971] ACPI: RSDT 0x000000007FFE1959 000034 (v01 BOCHS  BXPC     00000001 BXPC 00000001)
[    0.032558] ACPI: FACP 0x000000007FFE1805 000074 (v01 BOCHS  BXPC     00000001 BXPC 00000001)
[    0.034134] ACPI: DSDT 0x000000007FFE0040 0017C5 (v01 BOCHS  BXPC     00000001 BXPC 00000001)
[    0.035679] ACPI: FACS 0x000000007FFE0000 000040
[    0.036548] ACPI: APIC 0x000000007FFE1879 000080 (v01 BOCHS  BXPC     00000001 BXPC 00000001)
[    0.038110] ACPI: HPET 0x000000007FFE18F9 000038 (v01 BOCHS  BXPC     00000001 BXPC 00000001)
[    0.039681] ACPI: WAET 0x000000007FFE1931 000028 (v01 BOCHS  BXPC     00000001 BXPC 00000001)
[    0.041209] ACPI: Reserving FACP table memory at [mem 0x7ffe1805-0x7ffe1878]
[    0.042276] ACPI: Reserving DSDT table memory at [mem 0x7ffe0040-0x7ffe1804]
[    0.043363] ACPI: Reserving FACS table memory at [mem 0x7ffe0000-0x7ffe003f]
[    0.044466] ACPI: Reserving APIC table memory at [mem 0x7ffe1879-0x7ffe18f8]
[    0.045571] ACPI: Reserving HPET table memory at [mem 0x7ffe18f9-0x7ffe1930]
[    0.046662] ACPI: Reserving WAET table memory at [mem 0x7ffe1931-0x7ffe1958]
[    0.049227] No NUMA configuration found
[    0.049838] Faking a node at [mem 0x0000000000000000-0x000000007ffdffff]
[    0.050981] NODE_DATA(0) allocated [mem 0x7ffb5000-0x7ffdffff]
[    0.056496] Zone ranges:
[    0.056933]   DMA      [mem 0x0000000000001000-0x0000000000ffffff]
[    0.057914]   DMA32    [mem 0x0000000001000000-0x000000007ffdffff]
[    0.058902]   Normal   empty
[    0.059364]   Device   empty
[    0.059830] Movable zone start for each node
[    0.060517] Early memory node ranges
[    0.061070]   node   0: [mem 0x0000000000001000-0x000000000009efff]
[    0.062052]   node   0: [mem 0x0000000000100000-0x000000007ffdffff]
[    0.063033] Initmem setup node 0 [mem 0x0000000000001000-0x000000007ffdffff]
[    0.064894] On node 0, zone DMA: 1 pages in unavailable ranges
[    0.065172] On node 0, zone DMA: 97 pages in unavailable ranges
[    0.120714] On node 0, zone DMA32: 32 pages in unavailable ranges
[    0.122174] ACPI: PM-Timer IO Port: 0x608
[    0.123801] ACPI: LAPIC_NMI (acpi_id[0xff] dfl dfl lint[0x1])
[    0.124844] IOAPIC[0]: apic_id 0, version 17, address 0xfec00000, GSI 0-23
[    0.125956] ACPI: INT_SRC_OVR (bus 0 bus_irq 0 global_irq 2 dfl dfl)
[    0.126896] ACPI: INT_SRC_OVR (bus 0 bus_irq 5 global_irq 5 high level)
[    0.127916] ACPI: INT_SRC_OVR (bus 0 bus_irq 9 global_irq 9 high level)
[    0.128963] ACPI: INT_SRC_OVR (bus 0 bus_irq 10 global_irq 10 high level)
[    0.130021] ACPI: INT_SRC_OVR (bus 0 bus_irq 11 global_irq 11 high level)
[    0.131098] ACPI: Using ACPI (MADT) for SMP configuration information
[    0.132088] ACPI: HPET id: 0x8086a201 base: 0xfed00000
[    0.132939] TSC deadline timer available
[    0.133565] smpboot: Allowing 2 CPUs, 0 hotplug CPUs
[    0.134531] kvm-guest: KVM setup pv remote TLB flush
[    0.135315] kvm-guest: setup PV sched yield
[    0.136121] PM: hibernation: Registered nosave memory: [mem 0x00000000-0x00000fff]
[    0.137317] PM: hibernation: Registered nosave memory: [mem 0x0009f000-0x0009ffff]
[    0.138509] PM: hibernation: Registered nosave memory: [mem 0x000a0000-0x000effff]
[    0.139688] PM: hibernation: Registered nosave memory: [mem 0x000f0000-0x000fffff]
[    0.140886] [mem 0x80000000-0xfeffbfff] available for PCI devices
[    0.141840] Booting paravirtualized kernel on KVM
[    0.142637] clocksource: refined-jiffies: mask: 0xffffffff max_cycles: 0xffffffff, max_idle_ns: 7645519600211568 ns
[    0.144290] setup_percpu: NR_CPUS:8192 nr_cpumask_bits:2 nr_cpu_ids:2 nr_node_ids:1
[    0.148492] percpu: Embedded 64 pages/cpu s225280 r8192 d28672 u1048576
[    0.149842] kvm-guest: PV spinlocks enabled
[    0.150509] PV qspinlock hash table entries: 256 (order: 0, 4096 bytes, linear)
[    0.151722] Fallback order for Node 0: 0 
[    0.152417] Built 1 zonelists, mobility grouping on.  Total pages: 515808
[    0.153475] Policy zone: DMA32
[    0.153960] Kernel command line: net.ifnames=0 console=ttyS0 root=/dev/sda earlyprintk=serial net.ifnames=0
[    0.156445] random: crng init done
[    0.159678] Dentry cache hash table entries: 262144 (order: 9, 2097152 bytes, linear)
[    0.161077] Inode-cache hash table entries: 131072 (order: 8, 1048576 bytes, linear)
[    0.162562] mem auto-init: stack:off, heap alloc:off, heap free:off
[    0.169681] Memory: 1979228K/2096632K available (34816K kernel code, 4628K rwdata, 9996K rodata, 10168K init, 19784K bss, 117148K reserved, 0K cma-reserved)
[    0.172718] SLUB: HWalign=64, Order=0-3, MinObjects=0, CPUs=2, Nodes=1
[    0.173764] kmemleak: Kernel memory leak detector disabled
[    0.174884] ftrace: allocating 68222 entries in 267 pages
[    0.217389] ftrace: allocated 267 pages with 4 groups
[    0.223283] Dynamic Preempt: voluntary
[    0.224242] Running RCU self tests
[    0.224824] rcu: Preemptible hierarchical RCU implementation.
[    0.225723] rcu: 	RCU lockdep checking is enabled.
[    0.226466] rcu: 	RCU restricting CPUs from NR_CPUS=8192 to nr_cpu_ids=2.
[    0.227511] 	Trampoline variant of Tasks RCU enabled.
[    0.228305] 	Rude variant of Tasks RCU enabled.
[    0.229003] 	Tracing variant of Tasks RCU enabled.
[    0.229739] rcu: RCU calculated value of scheduler-enlistment delay is 25 jiffies.
[    0.230916] rcu: Adjusting geometry for rcu_fanout_leaf=16, nr_cpu_ids=2
[    0.271255] NR_IRQS: 524544, nr_irqs: 440, preallocated irqs: 16
[    0.272699] rcu: srcu_init: Setting srcu_struct sizes based on contention.
[    0.288699] Console: colour VGA+ 80x25
[    0.289463] printk: console [ttyS0] enabled
[    0.289463] printk: console [ttyS0] enabled
[    0.290817] printk: bootconsole [earlyser0] disabled
[    0.290817] printk: bootconsole [earlyser0] disabled
[    0.292412] Lock dependency validator: Copyright (c) 2006 Red Hat, Inc., Ingo Molnar
[    0.293061] ... MAX_LOCKDEP_SUBCLASSES:  8
[    0.293455] ... MAX_LOCK_DEPTH:          48
[    0.293857] ... MAX_LOCKDEP_KEYS:        8192
[    0.294274] ... CLASSHASH_SIZE:          4096
[    0.294683] ... MAX_LOCKDEP_ENTRIES:     32768
[    0.295043] ... MAX_LOCKDEP_CHAINS:      65536
[    0.295403] ... CHAINHASH_SIZE:          32768
[    0.295822]  memory used by lock dependency info: 6365 kB
[    0.296346]  memory used for stack traces: 4224 kB
[    0.296809]  per task-struct memory footprint: 1920 bytes
[    0.297408] ACPI: Core revision 20221020
[    0.298068] clocksource: hpet: mask: 0xffffffff max_cycles: 0xffffffff, max_idle_ns: 19112604467 ns
[    0.299130] APIC: Switch to symmetric I/O mode setup
[    0.299795] x2apic enabled
[    0.300307] Switched APIC routing to physical x2apic.
[    0.300791] kvm-guest: setup PV IPIs
[    0.302016] ..TIMER: vector=0x30 apic1=0 pin1=2 apic2=-1 pin2=-1
[    0.302624] clocksource: tsc-early: mask: 0xffffffffffffffff max_cycles: 0x1128af0325d, max_idle_ns: 440795261011 ns
[    0.303722] Calibrating delay loop (skipped) preset value.. 2380.80 BogoMIPS (lpj=4761600)
[    0.304527] pid_max: default: 32768 minimum: 301
[    0.305068] LSM: initializing lsm=capability,yama,integrity
[    0.305623] Yama: becoming mindful.
[    0.306173] Mount-cache hash table entries: 4096 (order: 3, 32768 bytes, linear)
[    0.306890] Mountpoint-cache hash table entries: 4096 (order: 3, 32768 bytes, linear)
[    0.309073] x86/cpu: User Mode Instruction Prevention (UMIP) activated
[    0.311823] Last level iTLB entries: 4KB 0, 2MB 0, 4MB 0
[    0.312394] Last level dTLB entries: 4KB 0, 2MB 0, 4MB 0, 1GB 0
[    0.313021] Spectre V1 : Mitigation: usercopy/swapgs barriers and __user pointer sanitization
[    0.313697] Spectre V2 : WARNING: Unprivileged eBPF is enabled with eIBRS on, data leaks possible via Spectre v2 BHB attacks!
[    0.314586] Spectre V2 : Mitigation: Enhanced IBRS
[    0.314958] Spectre V2 : Spectre v2 / SpectreRSB mitigation: Filling RSB on context switch
[    0.315704] Spectre V2 : Spectre v2 / PBRSB-eIBRS: Retire a single CALL on VMEXIT
[    0.316289] Spectre V2 : mitigation: Enabling conditional Indirect Branch Prediction Barrier
[    0.316937] Speculative Store Bypass: Mitigation: Speculative Store Bypass disabled via prctl
[    0.317659] MMIO Stale Data: Unknown: No mitigations
[    0.446837] Freeing SMP alternatives memory: 56K
[    0.447770] smpboot: CPU0: Genuine Intel(R) 0000 (family: 0x6, model: 0xaa, stepping: 0x1)
[    0.448894] cblist_init_generic: Setting adjustable number of callback queues.
[    0.449478] cblist_init_generic: Setting shift to 1 and lim to 1.
[    0.449994] cblist_init_generic: Setting shift to 1 and lim to 1.
[    0.450513] cblist_init_generic: Setting shift to 1 and lim to 1.
[    0.451019] Running RCU-tasks wait API self tests
[    0.551938] Performance Events: generic architected perfmon, full-width counters, Intel PMU driver.
[    0.553441] ... version:                2
[    0.554090] ... bit width:              48
[    0.554724] ... generic registers:      8
[    0.555038] ... value mask:             0000ffffffffffff
[    0.555443] ... max period:             00007fffffffffff
[    0.555716] ... fixed-purpose events:   3
[    0.556025] ... event mask:             00000007000000ff
[    0.556989] rcu: Hierarchical SRCU implementation.
[    0.557361] rcu: 	Max phase no-delay instances is 1000.
[    0.559818] smp: Bringing up secondary CPUs ...
[    0.560707] x86: Booting SMP configuration:
[    0.561058] .... node  #0, CPUs:      #1
[    0.025906] smpboot: CPU 1 Converting physical 0 to logical die 1
[    0.563979] smp: Brought up 1 node, 2 CPUs
[    0.564561] smpboot: Max logical packages: 2
[    0.565234] smpboot: Total of 2 processors activated (4761.60 BogoMIPS)
[    0.569861] devtmpfs: initialized
[    0.569861] x86/mm: Memory block size: 128MB
[    0.571731] Callback from call_rcu_tasks_trace() invoked.
[    0.574270] clocksource: jiffies: mask: 0xffffffff max_cycles: 0xffffffff, max_idle_ns: 7645041785100000 ns
[    0.575739] futex hash table entries: 512 (order: 4, 65536 bytes, linear)
[    0.577345] pinctrl core: initialized pinctrl subsystem
[    0.579158] 
[    0.579306] *************************************************************
[    0.579727] **     NOTICE NOTICE NOTICE NOTICE NOTICE NOTICE NOTICE    **
[    0.580309] **                                                         **
[    0.580863] **  IOMMU DebugFS SUPPORT HAS BEEN ENABLED IN THIS KERNEL  **
[    0.581386] **                                                         **
[    0.581900] ** This means that this kernel is built to expose internal **
[    0.582410] ** IOMMU data structures, which may compromise security on **
[    0.582993] ** your system.                                            **
[    0.583522] **                                                         **
[    0.583705] ** If you see this message and you are not debugging the   **
[    0.584224] ** kernel, report this immediately to your vendor!         **
[    0.584746] **                                                         **
[    0.585263] **     NOTICE NOTICE NOTICE NOTICE NOTICE NOTICE NOTICE    **
[    0.585779] *************************************************************
[    0.586394] PM: RTC time: 20:31:35, date: 2023-01-13
[    0.591603] NET: Registered PF_NETLINK/PF_ROUTE protocol family
[    0.592432] DMA: preallocated 256 KiB GFP_KERNEL pool for atomic allocations
[    0.593004] DMA: preallocated 256 KiB GFP_KERNEL|GFP_DMA pool for atomic allocations
[    0.593622] DMA: preallocated 256 KiB GFP_KERNEL|GFP_DMA32 pool for atomic allocations
[    0.594314] audit: initializing netlink subsys (disabled)
[    0.594887] audit: type=2000 audit(1673641895.547:1): state=initialized audit_enabled=0 res=1
[    0.595828] thermal_sys: Registered thermal governor 'fair_share'
[    0.595836] thermal_sys: Registered thermal governor 'bang_bang'
[    0.596304] thermal_sys: Registered thermal governor 'step_wise'
[    0.596762] thermal_sys: Registered thermal governor 'user_space'
[    0.597279] cpuidle: using governor ladder
[    0.598087] cpuidle: using governor menu
[    0.598727] acpiphp: ACPI Hot Plug PCI Controller Driver version: 0.5
[    0.599601] PCI: Using configuration type 1 for base access
[    0.601143] kprobes: kprobe jump-optimization is enabled. All kprobes are optimized if possible.
[    0.912253] HugeTLB: registered 1.00 GiB page size, pre-allocated 0 pages
[    0.912824] HugeTLB: 16380 KiB vmemmap can be freed for a 1.00 GiB page
[    0.913341] HugeTLB: registered 2.00 MiB page size, pre-allocated 0 pages
[    0.913867] HugeTLB: 28 KiB vmemmap can be freed for a 2.00 MiB page
[    0.918387] ACPI: Added _OSI(Module Device)
[    0.918748] ACPI: Added _OSI(Processor Device)
[    0.919112] ACPI: Added _OSI(3.0 _SCP Extensions)
[    0.919482] ACPI: Added _OSI(Processor Aggregator Device)
[    0.925779] ACPI: 1 ACPI AML tables successfully acquired and loaded
[    0.929887] ACPI: Interpreter enabled
[    0.930294] ACPI: PM: (supports S0 S3 S4 S5)
[    0.930637] ACPI: Using IOAPIC for interrupt routing
[    0.931091] PCI: Using host bridge windows from ACPI; if necessary, use "pci=nocrs" and report a bug
[    0.931706] PCI: Using E820 reservations for host bridge windows
[    0.932916] ACPI: Enabled 2 GPEs in block 00 to 0F
[    0.950658] ACPI: PCI Root Bridge [PCI0] (domain 0000 [bus 00-ff])
[    0.951287] acpi PNP0A03:00: _OSC: OS supports [ASPM ClockPM Segments MSI EDR HPX-Type3]
[    0.951712] acpi PNP0A03:00: _OSC: not requesting OS control; OS requires [ExtendedConfig ASPM ClockPM MSI]
[    0.952559] acpi PNP0A03:00: fail to add MMCONFIG information, can't access extended configuration space under this bridge
[    0.956030] acpiphp: Slot [3] registered
[    0.956435] acpiphp: Slot [4] registered
[    0.956808] acpiphp: Slot [5] registered
[    0.957178] acpiphp: Slot [6] registered
[    0.957550] acpiphp: Slot [7] registered
[    0.957919] acpiphp: Slot [8] registered
[    0.958288] acpiphp: Slot [9] registered
[    0.958673] acpiphp: Slot [10] registered
[    0.959049] acpiphp: Slot [11] registered
[    0.959426] acpiphp: Slot [12] registered
[    0.959773] acpiphp: Slot [13] registered
[    0.960152] acpiphp: Slot [14] registered
[    0.960528] acpiphp: Slot [15] registered
[    0.960911] acpiphp: Slot [16] registered
[    0.961290] acpiphp: Slot [17] registered
[    0.961668] acpiphp: Slot [18] registered
[    0.962044] acpiphp: Slot [19] registered
[    0.962444] acpiphp: Slot [20] registered
[    0.962819] acpiphp: Slot [21] registered
[    0.963205] acpiphp: Slot [22] registered
[    0.963581] acpiphp: Slot [23] registered
[    0.963772] acpiphp: Slot [24] registered
[    0.964160] acpiphp: Slot [25] registered
[    0.964535] acpiphp: Slot [26] registered
[    0.964925] acpiphp: Slot [27] registered
[    0.965313] acpiphp: Slot [28] registered
[    0.965706] acpiphp: Slot [29] registered
[    0.966079] acpiphp: Slot [30] registered
[    0.966467] acpiphp: Slot [31] registered
[    0.966812] PCI host bridge to bus 0000:00
[    0.967131] pci_bus 0000:00: root bus resource [io  0x0000-0x0cf7 window]
[    0.967656] pci_bus 0000:00: root bus resource [io  0x0d00-0xffff window]
[    0.967710] pci_bus 0000:00: root bus resource [mem 0x000a0000-0x000bffff window]
[    0.968284] pci_bus 0000:00: root bus resource [mem 0x80000000-0xfebfffff window]
[    0.968862] pci_bus 0000:00: root bus resource [mem 0x100000000-0x17fffffff window]
[    0.969448] pci_bus 0000:00: root bus resource [bus 00-ff]
[    0.970001] pci 0000:00:00.0: [8086:1237] type 00 class 0x060000
[    0.973705] pci 0000:00:01.0: [8086:7000] type 00 class 0x060100
[    0.974865] pci 0000:00:01.1: [8086:7010] type 00 class 0x010180
[    0.976775] pci 0000:00:01.1: reg 0x20: [io  0xc040-0xc04f]
[    0.978215] pci 0000:00:01.1: legacy IDE quirk: reg 0x10: [io  0x01f0-0x01f7]
[    0.978772] pci 0000:00:01.1: legacy IDE quirk: reg 0x14: [io  0x03f6]
[    0.979269] pci 0000:00:01.1: legacy IDE quirk: reg 0x18: [io  0x0170-0x0177]
[    0.979710] pci 0000:00:01.1: legacy IDE quirk: reg 0x1c: [io  0x0376]
[    0.980566] pci 0000:00:01.3: [8086:7113] type 00 class 0x068000
[    0.981317] pci 0000:00:01.3: quirk: [io  0x0600-0x063f] claimed by PIIX4 ACPI
[    0.981948] pci 0000:00:01.3: quirk: [io  0x0700-0x070f] claimed by PIIX4 SMB
[    0.982771] pci 0000:00:02.0: [1234:1111] type 00 class 0x030000
[    0.984004] pci 0000:00:02.0: reg 0x10: [mem 0xfd000000-0xfdffffff pref]
[    0.987094] pci 0000:00:02.0: reg 0x18: [mem 0xfebf0000-0xfebf0fff]
[    0.991769] pci 0000:00:02.0: reg 0x30: [mem 0xfebe0000-0xfebeffff pref]
[    0.992577] pci 0000:00:02.0: Video device with shadowed ROM at [mem 0x000c0000-0x000dffff]
[    0.996632] pci 0000:00:03.0: [8086:100e] type 00 class 0x020000
[    0.997617] pci 0000:00:03.0: reg 0x10: [mem 0xfebc0000-0xfebdffff]
[    0.998609] pci 0000:00:03.0: reg 0x14: [io  0xc000-0xc03f]
[    1.001272] pci 0000:00:03.0: reg 0x30: [mem 0xfeb80000-0xfebbffff pref]
[    1.013021] ACPI: PCI: Interrupt link LNKA configured for IRQ 10
[    1.013922] ACPI: PCI: Interrupt link LNKB configured for IRQ 10
[    1.014769] ACPI: PCI: Interrupt link LNKC configured for IRQ 11
[    1.015648] ACPI: PCI: Interrupt link LNKD configured for IRQ 11
[    1.015899] ACPI: PCI: Interrupt link LNKS configured for IRQ 9
[    1.017978] iommu: Default domain type: Translated 
[    1.018370] iommu: DMA domain TLB invalidation policy: lazy mode 
[    1.020102] SCSI subsystem initialized
[    1.020741] ACPI: bus type USB registered
[    1.021122] usbcore: registered new interface driver usbfs
[    1.021596] usbcore: registered new interface driver hub
[    1.022036] usbcore: registered new device driver usb
[    1.022550] pps_core: LinuxPPS API ver. 1 registered
[    1.022937] pps_core: Software ver. 5.3.6 - Copyright 2005-2007 Rodolfo Giometti <giometti@linux.it>
[    1.023633] PTP clock support registered
[    1.023909] EDAC MC: Ver: 3.0.0
[    1.026067] NetLabel: Initializing
[    1.026355] NetLabel:  domain hash size = 128
[    1.026702] NetLabel:  protocols = UNLABELED CIPSOv4 CALIPSO
[    1.027213] NetLabel:  unlabeled traffic allowed by default
[    1.060265] PCI: Using ACPI for IRQ routing
[    1.061140] pci 0000:00:02.0: vgaarb: setting as boot VGA device
[    1.061776] pci 0000:00:02.0: vgaarb: bridge control possible
[    1.062349] pci 0000:00:02.0: vgaarb: VGA device added: decodes=io+mem,owns=io+mem,locks=none
[    1.063185] vgaarb: loaded
[    1.064274] hpet0: at MMIO 0xfed00000, IRQs 2, 8, 0
[    1.064804] hpet0: 3 comparators, 64-bit 100.000000 MHz counter
[    3.888466] clocksource: Switched to clocksource kvm-clock
[    3.939843] Callback from call_rcu_tasks_rude() invoked.
[    3.995819] Callback from call_rcu_tasks() invoked.
[    4.066162] VFS: Disk quotas dquot_6.6.0
[    4.066932] VFS: Dquot-cache hash table entries: 512 (order 0, 4096 bytes)
[    4.068544] pnp: PnP ACPI init
[    4.070859] pnp: PnP ACPI: found 6 devices
[    4.088817] clocksource: acpi_pm: mask: 0xffffff max_cycles: 0xffffff, max_idle_ns: 2085701024 ns
[    4.089988] NET: Registered PF_INET protocol family
[    4.090619] IP idents hash table entries: 32768 (order: 6, 262144 bytes, linear)
[    4.092319] tcp_listen_portaddr_hash hash table entries: 1024 (order: 4, 73728 bytes, linear)
[    4.093125] Table-perturb hash table entries: 65536 (order: 6, 262144 bytes, linear)
[    4.093783] TCP established hash table entries: 16384 (order: 5, 131072 bytes, linear)
[    4.094652] TCP bind hash table entries: 16384 (order: 9, 2359296 bytes, linear)
[    4.097682] TCP: Hash tables configured (established 16384 bind 16384)
[    4.098405] UDP hash table entries: 1024 (order: 5, 163840 bytes, linear)
[    4.099044] UDP-Lite hash table entries: 1024 (order: 5, 163840 bytes, linear)
[    4.099877] NET: Registered PF_UNIX/PF_LOCAL protocol family
[    4.100960] RPC: Registered named UNIX socket transport module.
[    4.101442] RPC: Registered udp transport module.
[    4.101804] RPC: Registered tcp transport module.
[    4.102162] RPC: Registered tcp NFSv4.1 backchannel transport module.
[    4.102686] pci_bus 0000:00: resource 4 [io  0x0000-0x0cf7 window]
[    4.103167] pci_bus 0000:00: resource 5 [io  0x0d00-0xffff window]
[    4.103681] pci_bus 0000:00: resource 6 [mem 0x000a0000-0x000bffff window]
[    4.104363] pci_bus 0000:00: resource 7 [mem 0x80000000-0xfebfffff window]
[    4.105080] pci_bus 0000:00: resource 8 [mem 0x100000000-0x17fffffff window]
[    4.106537] pci 0000:00:01.0: PIIX3: Enabling Passive Release
[    4.107477] pci 0000:00:00.0: Limiting direct PCI/PCI transfers
[    4.108590] PCI: CLS 0 bytes, default 64
[    4.109382] ACPI: bus type thunderbolt registered
[    4.110545] clocksource: tsc: mask: 0xffffffffffffffff max_cycles: 0x1128af0325d, max_idle_ns: 440795261011 ns
[    4.117542] Initialise system trusted keyrings
[    4.118441] Key type blacklist registered
[    4.119417] workingset: timestamp_bits=36 max_order=19 bucket_order=0
[    4.120579] zbud: loaded
[    4.122263] squashfs: version 4.0 (2009/01/31) Phillip Lougher
[    4.124515] NFS: Registering the id_resolver key type
[    4.125351] Key type id_resolver registered
[    4.126006] Key type id_legacy registered
[    4.126702] nfs4filelayout_init: NFSv4 File Layout Driver Registering...
[    4.127851] nfs4flexfilelayout_init: NFSv4 Flexfile Layout Driver Registering...
[    4.129268] fuse: init (API version 7.38)
[    4.130196] SGI XFS with ACLs, security attributes, realtime, quota, no debug enabled
[    4.132314] 9p: Installing v9fs 9p2000 file system support
[    4.142463] Key type asymmetric registered
[    4.143199] Asymmetric key parser 'x509' registered
[    4.144217] Block layer SCSI generic (bsg) driver version 0.4 loaded (major 243)
[    4.145820] io scheduler mq-deadline registered
[    4.146645] io scheduler bfq registered
[    4.148022] shpchp: Standard Hot Plug PCI Controller Driver version: 0.4
[    4.149830] IPMI message handler: version 39.2
[    4.150684] ipmi device interface
[    4.153625] input: Power Button as /devices/LNXSYSTM:00/LNXPWRBN:00/input/input0
[    4.155292] ACPI: button: Power Button [PWRF]
[    4.157610] ERST DBG: ERST support is disabled.
[    4.159372] Serial: 8250/16550 driver, 32 ports, IRQ sharing enabled
[    4.161421] 00:04: ttyS0 at I/O 0x3f8 (irq = 4, base_baud = 115200) is a 16550A
[    4.177141] Linux agpgart interface v0.103
[    4.179270] ACPI: bus type drm_connector registered
[    4.199770] brd: module loaded
[    4.211773] loop: module loaded
[    4.219403] scsi host0: ata_piix
[    4.220944] scsi host1: ata_piix
[    4.221780] ata1: PATA max MWDMA2 cmd 0x1f0 ctl 0x3f6 bmdma 0xc040 irq 14
[    4.222833] ata2: PATA max MWDMA2 cmd 0x170 ctl 0x376 bmdma 0xc048 irq 15
[    4.225601] tun: Universal TUN/TAP device driver, 1.6
[    4.226885] e100: Intel(R) PRO/100 Network Driver
[    4.227771] e100: Copyright(c) 1999-2006 Intel Corporation
[    4.228863] e1000: Intel(R) PRO/1000 Network Driver
[    4.229768] e1000: Copyright (c) 1999-2006 Intel Corporation.
[    4.384033] ata1: found unknown device (class 0)
[    4.385704] ata1.00: ATA-7: QEMU HARDDISK, 2.5+, max UDMA/100
[    4.386616] ata1.00: 16777216 sectors, multi 16: LBA48 
[    4.387899] ata2: found unknown device (class 0)
[    4.389243] ata2.00: ATAPI: QEMU DVD-ROM, 2.5+, max UDMA/100
[    4.391550] scsi 0:0:0:0: Direct-Access     ATA      QEMU HARDDISK    2.5+ PQ: 0 ANSI: 5
[    4.394403] scsi 0:0:0:0: Attached scsi generic sg0 type 0
[    4.397076] sd 0:0:0:0: [sda] 16777216 512-byte logical blocks: (8.59 GB/8.00 GiB)
[    4.397515] scsi 1:0:0:0: CD-ROM            QEMU     QEMU DVD-ROM     2.5+ PQ: 0 ANSI: 5
[    4.398378] sd 0:0:0:0: [sda] Write Protect is off
[    4.400103] sd 0:0:0:0: [sda] Write cache: enabled, read cache: enabled, doesn't support DPO or FUA
[    4.401654] sd 0:0:0:0: [sda] Preferred minimum I/O size 512 bytes
[    4.422459] sd 0:0:0:0: [sda] Attached SCSI disk
[    4.429172] scsi 1:0:0:0: Attached scsi generic sg1 type 5
[    4.444060] ACPI: \_SB_.LNKC: Enabled at IRQ 11
[    4.794068] e1000 0000:00:03.0 eth0: (PCI:33MHz:32-bit) 52:54:00:12:34:56
[    4.795255] e1000 0000:00:03.0 eth0: Intel(R) PRO/1000 Network Connection
[    4.796591] e1000e: Intel(R) PRO/1000 Network Driver
[    4.797391] e1000e: Copyright(c) 1999 - 2015 Intel Corporation.
[    4.798422] igb: Intel(R) Gigabit Ethernet Network Driver
[    4.799263] igb: Copyright (c) 2007-2014 Intel Corporation.
[    4.800314] PPP generic driver version 2.4.2
[    4.801992] VFIO - User Level meta-driver version: 0.3
[    4.803416] usbcore: registered new interface driver uas
[    4.804325] usbcore: registered new interface driver usb-storage
[    4.805528] i8042: PNP: PS/2 Controller [PNP0303:KBD,PNP0f13:MOU] at 0x60,0x64 irq 1,12
[    4.808097] serio: i8042 KBD port at 0x60,0x64 irq 1
[    4.808953] serio: i8042 AUX port at 0x60,0x64 irq 12
[    4.810944] mousedev: PS/2 mouse device common for all mice
[    4.813152] input: AT Translated Set 2 keyboard as /devices/platform/i8042/serio0/input/input1
[    4.816578] input: VirtualPS/2 VMware VMMouse as /devices/platform/i8042/serio1/input/input4
[    4.817795] rtc_cmos 00:05: RTC can wake from S4
[    4.819251] rtc_cmos 00:05: registered as rtc0
[    4.819738] rtc_cmos 00:05: setting system clock to 2023-01-13T20:31:39 UTC (1673641899)
[    4.820739] rtc_cmos 00:05: alarms up to one day, y3k, 242 bytes nvram, hpet irqs
[    4.821353] i2c_dev: i2c /dev entries driver
[    4.821770] device-mapper: core: CONFIG_IMA_DISABLE_HTABLE is disabled. Duplicate IMA measurements will not be recorded in the IMA log.
[    4.822727] device-mapper: uevent: version 1.0.3
[    4.823757] input: VirtualPS/2 VMware VMMouse as /devices/platform/i8042/serio1/input/input3
[    4.823808] device-mapper: ioctl: 4.47.0-ioctl (2022-07-28) initialised: dm-devel@redhat.com
[    4.825643] intel_pstate: CPU model not supported
[    4.826692] sdhci: Secure Digital Host Controller Interface driver
[    4.827686] sdhci: Copyright(c) Pierre Ossman
[    4.828550] sdhci-pltfm: SDHCI platform and OF driver helper
[    4.829535] ledtrig-cpu: registered to indicate activity on CPUs
[    4.831161] drop_monitor: Initializing network drop monitor service
[    4.832580] NET: Registered PF_INET6 protocol family
[    4.836465] Segment Routing with IPv6
[    4.836862] In-situ OAM (IOAM) with IPv6
[    4.837241] NET: Registered PF_PACKET protocol family
[    4.837816] 9pnet: Installing 9P2000 support
[    4.838230] Key type dns_resolver registered
[    4.839477] IPI shorthand broadcast: enabled
[    4.855225] sched_clock: Marking stable (4829803249, 21906566)->(4890914821, -39205006)
[    4.856701] registered taskstats version 1
[    4.857377] Loading compiled-in X.509 certificates
[    4.857952] zswap: loaded using pool lzo/zbud
[    4.879634] Key type .fscrypt registered
[    4.879997] Key type fscrypt-provisioning registered
[    4.881685] Key type encrypted registered
[    4.882060] ima: No TPM chip found, activating TPM-bypass!
[    4.882483] ima: Allocated hash algorithm: sha1
[    4.882879] ima: No architecture policies found
[    4.883276] evm: Initialising EVM extended attributes:
[    4.883660] evm: security.selinux
[    4.883949] evm: security.SMACK64
[    4.884209] evm: security.SMACK64EXEC
[    4.884490] evm: security.SMACK64TRANSMUTE
[    4.884811] evm: security.SMACK64MMAP
[    4.885164] evm: security.apparmor
[    4.885481] evm: security.ima
[    4.885758] evm: security.capability
[    4.886090] evm: HMAC attrs: 0x1
[    4.887946] PM:   Magic number: 7:545:548
[    4.888396] tty ttyS24: hash matches
[    4.889758] RAS: Correctable Errors collector initialized.
[    4.891623] md: Waiting for all devices to be available before autodetect
[    4.892011] md: If you don't use raid, use raid=noautodetect
[    4.892302] md: Autodetecting RAID arrays.
[    4.892523] md: autorun ...
[    4.892673] md: ... autorun DONE.
[    4.898473] EXT4-fs (sda): mounted filesystem 23a53bb9-f815-47a5-b74c-5e08f7731193 with ordered data mode. Quota mode: none.
[    4.899155] VFS: Mounted root (ext4 filesystem) readonly on device 8:0.
[    4.901528] devtmpfs: mounted
[    4.912307] Freeing unused decrypted memory: 2036K
[    4.917877] Freeing unused kernel image (initmem) memory: 10168K
[    4.919859] Write protecting the kernel read-only data: 45056k
[    4.922305] Freeing unused kernel image (rodata/data gap) memory: 244K
[    5.034695] x86/mm: Checked W+X mappings: passed, no W+X pages found.
[    5.035497] Run /sbin/init as init process
[    5.160473] systemd[1]: RTC configured in localtime, applying delta of 0 minutes to system time.
[    5.209730] systemd[1]: systemd 239 (239-49.el8) running in system mode. (+PAM +AUDIT +SELINUX +IMA -APPARMOR +SMACK +SYSVINIT +UTMP +LIBCRYPTSETUP +GCRYPT +GNUTLS +ACL +XZ +LZ4 +SECCOMP +BLKID +ELFUTILS +KMOD +IDN2 -IDN +PCRE2 default-hierarchy=legacy)
[    5.211336] systemd[1]: Detected virtualization kvm.
[    5.211741] systemd[1]: Detected architecture x86-64.

Welcome to [0;31mCentOS Stream 8[0m!

[    5.270409] systemd[1]: Set hostname to <test>.
[    5.651900] systemd[1]: Listening on Process Core Dump Socket.
[[0;32m  OK  [0m] Listening on Process Core Dump Socket.
[    5.656838] systemd[1]: Created slice User and Session Slice.
[[0;32m  OK  [0m] Created slice User and Session Slice.
[    5.658216] systemd[1]: Reached target Slices.
[[0;32m  OK  [0m] Reached target Slices.
[    5.660118] systemd[1]: Listening on Journal Socket (/dev/log).
[[0;32m  OK  [0m] Listening on Journal Socket (/dev/log).
[    5.663894] systemd[1]: Created slice system-sshd\x2dkeygen.slice.
[[0;32m  OK  [0m] Created slice system-sshd\x2dkeygen.slice.
[    5.665795] systemd[1]: Listening on Journal Socket.
[[0;32m  OK  [0m] Listening on Journal Socket.
         Starting Remount Root and Kernel File Systems...
         Starting Setup Virtual Console...
[[0;32m  OK  [0m] Listening on udev Control Socket.
         Starting Journal Service...
[[0;32m  OK  [0m] Created slice system-serial\x2dgetty.slice.
[[0;32m  OK  [0m] Listening on RPCbind Server Activation Socket.
         Mounting Kernel Debug File System...
[[0;32m  OK  [0m] Listening on udev Kernel Socket.
         Starting udev Coldplug all Devices...
[[0;32m  OK  [0m] Listening on Device-mapper event daemon FIFOs.
         Starting Monitoring of LVM2 mirrorsâ€¦ng dmeventd or progress polling...
[[0;32m  OK  [0m] Created slice system-getty.slice.
[[0;32m  OK  [0m] Set up automount Arbitrary Executabâ€¦rmats File System Automount Point.
[[0;32m  OK  [0m] Listening on initctl Compatibility Named Pipe.
[[0;32m  OK  [0m] Started Forward Password Requests to Wall Directory Watch.
[[0;32m  OK  [0m] Reached target RPC Port Mapper.
         Mounting Huge Pages File System...
[[0;32m  OK  [0m] Reached target Swap.
         Mounting POSIX Message Queue File System...
[[0;32m  OK  [0m] Listening on multipathd control socket.
         Starting Load Kernel Modules...
[[0;32m  OK  [0m] Listening on LVM2 poll daemon socket.
[[0;32m  OK  [0m] Mounted Kernel Debug File System.
[[0;32m  OK  [0m] Started Journal Service.
[[0;32m  OK  [0m] Mounted Huge Pages File System.
[[0;32m  OK  [0m] Mounted POSIX Message Queue File System.
[[0;1;31mFAILED[0m] Failed to start Load Kernel Modules.
See 'systemctl status systemd-modules-load.service' for details.
[    6.168663] EXT4-fs (sda): re-mounted 23a53bb9-f815-47a5-b74c-5e08f7731193. Quota mode: none.
         Mounting FUSE Control File System...
         Mounting Kernel Configuration File System...
         Starting Apply Kernel Variables...
[[0;32m  OK  [0m] Started Remount Root and Kernel File Systems.
[[0;32m  OK  [0m] Started Setup Virtual Console.
[[0;32m  OK  [0m] Mounted FUSE Control File System.
[[0;32m  OK  [0m] Mounted Kernel Configuration File System.
         Starting Flush Journal to Persistent Storage...
         Starting Create Static Device Nodes in /dev...
         Starting Load/Save Random Seed...
[[0;32m  OK  [0m] Started udev Coldplug all Devices.
[[0;32m  OK  [0m] Started Apply Kernel Variables.
         Starting udev Wait for Complete Device Initialization...
[[0;32m  OK  [0m] Started Flush Journal to Persistent Storage.
[[0;32m  OK  [0m] Started Load/Save Random Seed.
[[0;32m  OK  [0m] Started Create Static Device Nodes in /dev.
         Starting udev Kernel Device Manager...
[[0;32m  OK  [0m] Started udev Kernel Device Manager.
         Starting Show Plymouth Boot Screen...
[[0;32m  OK  [0m] Started Show Plymouth Boot Screen.
[[0;32m  OK  [0m] Started Forward Password Requests to Plymouth Directory Watch.
[[0;32m  OK  [0m] Reached target Local Encrypted Volumes.
[[0;32m  OK  [0m] Reached target Paths.
[[0;32m  OK  [0m] Found device /dev/ttyS0.
[[0;32m  OK  [0m] Started udev Wait for Complete Device Initialization.
[[0;32m  OK  [0m] Started Monitoring of LVM2 mirrors,â€¦sing dmeventd or progress polling.
[[0;32m  OK  [0m] Reached target Local File Systems (Pre).
[[0;32m  OK  [0m] Reached target Local File Systems.
         Starting Restore /run/initramfs on shutdown...
         Starting Tell Plymouth To Write Out Runtime Data...
         Starting Create Volatile Files and Directories...
[[0;32m  OK  [0m] Listening on Load/Save RF Kill Switch Status /dev/rfkill Watch.
[[0;32m  OK  [0m] Started Restore /run/initramfs on shutdown.
[[0;32m  OK  [0m] Started Tell Plymouth To Write Out Runtime Data.
[[0;32m  OK  [0m] Started Create Volatile Files and Directories.
         Starting Security Auditing Service...
         Starting RPC Bind...
         Mounting RPC Pipe File System...
[[0;32m  OK  [0m] Mounted RPC Pipe File System.
[[0;32m  OK  [0m] Reached target rpc_pipefs.target.
[[0;32m  OK  [0m] Started RPC Bind.
[[0;32m  OK  [0m] Started Security Auditing Service.
         Starting Update UTMP about System Boot/Shutdown...
[[0;32m  OK  [0m] Started Update UTMP about System Boot/Shutdown.
[[0;32m  OK  [0m] Reached target System Initialization.
[[0;32m  OK  [0m] Started daily update of the root trust anchor for DNSSEC.
[[0;32m  OK  [0m] Listening on SSSD Kerberos Cache Manager responder socket.
[[0;32m  OK  [0m] Listening on D-Bus System Message Bus Socket.
[[0;32m  OK  [0m] Reached target Sockets.
[[0;32m  OK  [0m] Reached target Basic System.
[[0;32m  OK  [0m] Started irqbalance daemon.
[[0;32m  OK  [0m] Started Machine Check Exception Logging Daemon.
         Starting Self Monitoring and Reporting Technology (SMART) Daemon...
         Starting Auto-connect to subsystemsâ€¦-NVME devices found during boot...
         Starting NTP client/server...
         Starting Authorization Manager...
         Starting Login Service...
[[0;32m  OK  [0m] Started D-Bus System Message Bus.
         Starting Network Manager...
[[0;32m  OK  [0m] Started Daily Cleanup of Temporary Directories.
[[0;32m  OK  [0m] Started dnf makecache --timer.
[[0;32m  OK  [0m] Reached target Timers.
[[0;32m  OK  [0m] Reached target sshd-keygen.target.
[[0;32m  OK  [0m] Started Self Monitoring and Reporting Technology (SMART) Daemon.
[[0;32m  OK  [0m] Started Auto-connect to subsystems â€¦FC-NVME devices found during boot.
         Starting update of the root trust aâ€¦or DNSSEC validation in unbound...
[[0;32m  OK  [0m] Started Login Service.
[[0;32m  OK  [0m] Started Network Manager.
         Starting Network Manager Wait Online...
[[0;32m  OK  [0m] Reached target Network.
         Starting OpenSSH server daemon...
         Starting GSSAPI Proxy Daemon...
         Starting Dynamic System Tuning Daemon...
[[0;32m  OK  [0m] Started NTP client/server.
[[0;32m  OK  [0m] Started Authorization Manager.
[[0;32m  OK  [0m] Started OpenSSH server daemon.
[[0;32m  OK  [0m] Started update of the root trust anâ€¦ for DNSSEC validation in unbound.
         Starting Hostname Service...
[[0;32m  OK  [0m] Started GSSAPI Proxy Daemon.
[[0;32m  OK  [0m] Reached target NFS client services.
[[0;32m  OK  [0m] Reached target Remote File Systems (Pre).
[[0;32m  OK  [0m] Reached target Remote File Systems.
         Starting Permit User Sessions...
[[0;32m  OK  [0m] Started Permit User Sessions.
         Starting Terminate Plymouth Boot Screen...
         Starting Hold until boot process finishes up...
[[0;32m  OK  [0m] Started Command Scheduler.
[    8.868105] e1000: eth0 NIC Link is Up 1000 Mbps Full Duplex, Flow Control: RX
[    8.869222] IPv6: ADDRCONF(NETDEV_CHANGE): eth0: link becomes ready
[    9.150687] Spectre V2 : WARNING: Unprivileged eBPF is enabled with eIBRS on, data leaks possible via Spectre v2 BHB attacks!
[    9.151352] Spectre V2 : WARNING: Unprivileged eBPF is enabled with eIBRS on, data leaks possible via Spectre v2 BHB attacks!

CentOS Stream 8
Kernel 6.2.0-rc1-63dc6325ff41+ on an x86_64

test login: [   29.425219] ------------[ cut here ]------------
[   29.425726] WARNING: CPU: 1 PID: 556 at kernel/kprobes.c:777 register_kprobe+0x9a2/0x9b0
[   29.426297] Modules linked in:
[   29.426529] CPU: 1 PID: 556 Comm: repro Not tainted 6.2.0-rc1-63dc6325ff41+ #1
[   29.427033] Hardware name: QEMU Standard PC (i440FX + PIIX, 1996), BIOS rel-1.14.0-0-g155821a1990b-prebuilt.qemu.org 04/01/2014
[   29.427851] RIP: 0010:register_kprobe+0x9a2/0x9b0
[   29.428207] Code: 4d 89 74 24 08 e8 de 91 ff ff 45 89 ec 48 b8 22 01 00 00 00 00 ad de 48 89 43 08 e8 78 e8 f3 ff e9 d2 fd ff ff e8 be 91 ff ff <0f> 0b e9 4e fe ff ff e8 02 2e cb 01 66 90 90 90 90 90 90 90 90 90
[   29.429464] RSP: 0018:ffffc9000105fc40 EFLAGS: 00010246
[   29.429833] RAX: 0000000000000000 RBX: ffff88800ca92618 RCX: ffffffff812c829a
[   29.430315] RDX: 0000000000000000 RSI: ffff88801352a340 RDI: 0000000000000002
[   29.430736] RBP: ffffc9000105fc88 R08: 0000000000000001 R09: 0000000000000001
[   29.431107] R10: ffffc9000105fc30 R11: 0000000000000001 R12: 0000000000000000
[   29.431473] R13: ffff88801343e9c0 R14: ffff88800ca92628 R15: 0000000000000002
[   29.431869] FS:  00007f91d77ea740(0000) GS:ffff88807dd00000(0000) knlGS:0000000000000000
[   29.432286] CS:  0010 DS: 0000 ES: 0000 CR0: 0000000080050033
[   29.432590] CR2: 00007f91d79a51d3 CR3: 00000000136c4003 CR4: 0000000000770ee0
[   29.433060] DR0: 0000000000000000 DR1: 0000000000000000 DR2: 0000000000000000
[   29.433543] DR3: 0000000000000000 DR6: 00000000ffff07f0 DR7: 0000000000000400
[   29.434031] PKRU: 55555554
[   29.434228] Call Trace:
[   29.434409]  <TASK>
[   29.434576]  ? knl_uncore_pci_init+0x9/0x90
[   29.434886]  ? knl_uncore_pci_init+0x9/0x90
[   29.435187]  __register_trace_kprobe+0x183/0x190
[   29.435542]  create_local_trace_kprobe+0x107/0x190
[   29.435912]  perf_kprobe_init+0xa7/0x160
[   29.436198]  perf_kprobe_event_init+0x98/0x120
[   29.436525]  perf_try_init_event+0x88/0x280
[   29.436832]  perf_event_alloc+0xf3b/0x1c80
[   29.437142]  ? __do_sys_perf_event_open+0x9ce/0x1840
[   29.437497]  ? __this_cpu_preempt_check+0x20/0x30
[   29.437854]  __do_sys_perf_event_open+0x3b6/0x1840
[   29.438210]  ? knl_uncore_pci_init+0x9/0x90
[   29.438520]  __x64_sys_perf_event_open+0x2f/0x40
[   29.438852]  do_syscall_64+0x3b/0x90
[   29.439115]  entry_SYSCALL_64_after_hwframe+0x72/0xdc
[   29.439493] RIP: 0033:0x7f91d790f59d
[   29.439752] Code: 00 c3 66 2e 0f 1f 84 00 00 00 00 00 90 f3 0f 1e fa 48 89 f8 48 89 f7 48 89 d6 48 89 ca 4d 89 c2 4d 89 c8 4c 8b 4c 24 08 0f 05 <48> 3d 01 f0 ff ff 73 01 c3 48 8b 0d d3 08 0d 00 f7 d8 64 89 01 48
[   29.440719] RSP: 002b:00007ffffe8b3098 EFLAGS: 00000246 ORIG_RAX: 000000000000012a
[   29.441125] RAX: ffffffffffffffda RBX: 0000000000000000 RCX: 00007f91d790f59d
[   29.441502] RDX: 0000000000000000 RSI: 0000000000000000 RDI: 00000000200002c0
[   29.441873] RBP: 00007ffffe8b30b0 R08: 0000000000000000 R09: 00007ffffe8b30b0
[   29.442243] R10: 00000000ffffffff R11: 0000000000000246 R12: 00000000004011a0
[   29.442618] R13: 00007ffffe8b31d0 R14: 0000000000000000 R15: 0000000000000000
[   29.443005]  </TASK>
[   29.443134] irq event stamp: 1597
[   29.443313] hardirqs last  enabled at (1605): [<ffffffff811d48a1>] __up_console_sem+0x91/0xb0
[   29.443836] hardirqs last disabled at (1620): [<ffffffff811d4886>] __up_console_sem+0x76/0xb0
[   29.444288] softirqs last  enabled at (1618): [<ffffffff82f9b213>] __do_softirq+0x323/0x48a
[   29.444754] softirqs last disabled at (1613): [<ffffffff81123152>] irq_exit_rcu+0xd2/0x100
[   29.445195] ---[ end trace 0000000000000000 ]---
[   36.860319] BUG: unable to handle page fault for address: 0000607f8202eb38
[   36.860832] #PF: supervisor read access in kernel mode
[   36.861201] #PF: error_code(0x0000) - not-present page
[   36.861546] PGD 0 P4D 0 
[   36.861722] Oops: 0000 [#1] PREEMPT SMP NOPTI
[   36.862027] CPU: 0 PID: 711 Comm: repro Tainted: G        W          6.2.0-rc1-63dc6325ff41+ #1
[   36.862621] Hardware name: QEMU Standard PC (i440FX + PIIX, 1996), BIOS rel-1.14.0-0-g155821a1990b-prebuilt.qemu.org 04/01/2014
[   36.863369] RIP: 0010:__get_valid_kprobe+0x69/0x110
[   36.863718] Code: 61 49 0f af c4 48 c1 e8 3a 48 8b 1c c5 e0 f8 5f 85 48 85 db 75 0f eb 53 e8 b4 dc ff ff 48 8b 1b 48 85 db 74 46 e8 a7 dc ff ff <4c> 3b 63 28 75 e8 e8 9c dc ff ff 4c 39 eb 74 31 e8 92 dc ff ff 48
[   36.864901] RSP: 0018:ffffc90000b53c18 EFLAGS: 00010246
[   36.865267] RAX: 0000000000000000 RBX: 0000607f8202eb10 RCX: ffffffff812c3a0e
[   36.865728] RDX: 0000000000000000 RSI: ffff888013688000 RDI: 0000000000000002
[   36.866181] RBP: ffffc90000b53c30 R08: 0000000000000001 R09: 0000000000000001
[   36.866653] R10: ffffc90000b53c30 R11: 0000000000000001 R12: ffffffff8103bef9
[   36.867044] R13: ffff88800caa2f18 R14: ffffffff8103bef9 R15: ffffffff8103bef9
[   36.867405] FS:  00007f91d77ea740(0000) GS:ffff88807dc00000(0000) knlGS:0000000000000000
[   36.867817] CS:  0010 DS: 0000 ES: 0000 CR0: 0000000080050033
[   36.868112] CR2: 0000607f8202eb38 CR3: 000000000de64005 CR4: 0000000000770ef0
[   36.868475] DR0: 0000000000000000 DR1: 0000000000000000 DR2: 0000000000000000
[   36.868840] DR3: 0000000000000000 DR6: 00000000ffff07f0 DR7: 0000000000000400
[   36.869213] PKRU: 55555554
[   36.869360] Call Trace:
[   36.869494]  <TASK>
[   36.869617]  ? knl_uncore_pci_init+0x9/0x90
[   36.869859]  register_kprobe+0xb2/0x9b0
[   36.870078]  ? write_comp_data+0x2f/0x90
[   36.870292]  ? knl_uncore_pci_init+0x9/0x90
[   36.870522]  ? knl_uncore_pci_init+0x9/0x90
[   36.870784]  __register_trace_kprobe+0x183/0x190
[   36.871042]  create_local_trace_kprobe+0x107/0x190
[   36.871319]  perf_kprobe_init+0xa7/0x160
[   36.871533]  perf_kprobe_event_init+0x98/0x120
[   36.871779]  perf_try_init_event+0x88/0x280
[   36.872029]  perf_event_alloc+0xf3b/0x1c80
[   36.872257]  ? __do_sys_perf_event_open+0x9ce/0x1840
[   36.872527]  ? __this_cpu_preempt_check+0x20/0x30
[   36.872797]  __do_sys_perf_event_open+0x3b6/0x1840
[   36.873087]  ? knl_uncore_pci_init+0x9/0x90
[   36.873321]  __x64_sys_perf_event_open+0x2f/0x40
[   36.873575]  do_syscall_64+0x3b/0x90
[   36.873773]  entry_SYSCALL_64_after_hwframe+0x72/0xdc
[   36.874048] RIP: 0033:0x7f91d790f59d
[   36.874250] Code: 00 c3 66 2e 0f 1f 84 00 00 00 00 00 90 f3 0f 1e fa 48 89 f8 48 89 f7 48 89 d6 48 89 ca 4d 89 c2 4d 89 c8 4c 8b 4c 24 08 0f 05 <48> 3d 01 f0 ff ff 73 01 c3 48 8b 0d d3 08 0d 00 f7 d8 64 89 01 48
[   36.875178] RSP: 002b:00007ffffe8b3098 EFLAGS: 00000246 ORIG_RAX: 000000000000012a
[   36.875569] RAX: ffffffffffffffda RBX: 0000000000000000 RCX: 00007f91d790f59d
[   36.875932] RDX: 0000000000000000 RSI: 0000000000000000 RDI: 00000000200002c0
[   36.876297] RBP: 00007ffffe8b30b0 R08: 0000000000000000 R09: 00007ffffe8b30b0
[   36.876665] R10: 00000000ffffffff R11: 0000000000000246 R12: 00000000004011a0
[   36.877039] R13: 00007ffffe8b31d0 R14: 0000000000000000 R15: 0000000000000000
[   36.877412]  </TASK>
[   36.877536] Modules linked in:
[   36.877712] CR2: 0000607f8202eb38
[   36.877898] ---[ end trace 0000000000000000 ]---
[   36.878139] RIP: 0010:__get_valid_kprobe+0x69/0x110
[   36.878404] Code: 61 49 0f af c4 48 c1 e8 3a 48 8b 1c c5 e0 f8 5f 85 48 85 db 75 0f eb 53 e8 b4 dc ff ff 48 8b 1b 48 85 db 74 46 e8 a7 dc ff ff <4c> 3b 63 28 75 e8 e8 9c dc ff ff 4c 39 eb 74 31 e8 92 dc ff ff 48
[   36.879330] RSP: 0018:ffffc90000b53c18 EFLAGS: 00010246
[   36.879616] RAX: 0000000000000000 RBX: 0000607f8202eb10 RCX: ffffffff812c3a0e
[   36.879980] RDX: 0000000000000000 RSI: ffff888013688000 RDI: 0000000000000002
[   36.880341] RBP: ffffc90000b53c30 R08: 0000000000000001 R09: 0000000000000001
[   36.880702] R10: ffffc90000b53c30 R11: 0000000000000001 R12: ffffffff8103bef9
[   36.881072] R13: ffff88800caa2f18 R14: ffffffff8103bef9 R15: ffffffff8103bef9
[   36.881443] FS:  00007f91d77ea740(0000) GS:ffff88807dc00000(0000) knlGS:0000000000000000
[   36.881992] CS:  0010 DS: 0000 ES: 0000 CR0: 0000000080050033
[   36.882385] CR2: 0000607f8202eb38 CR3: 000000000de64005 CR4: 0000000000770ef0
[   36.882868] DR0: 0000000000000000 DR1: 0000000000000000 DR2: 0000000000000000
[   36.883279] DR3: 0000000000000000 DR6: 00000000ffff07f0 DR7: 0000000000000400
[   36.883641] PKRU: 55555554
