c[?7l[2J[0mSeaBIOS (version rel-1.14.0-0-g155821a1990b-prebuilt.qemu.org)


iPXE (http://ipxe.org) 00:03.0 CA00 PCI2.10 PnP PMM+7FF8F030+7FEEF030 CA00
Press Ctrl-B to configure iPXE (PCI 00:03.0)...                                                                               


Booting from ROM..c[?7l[2J[    0.000000] Linux version 6.2.0-rc3-b7bfaa761d76-63dc6325ff41-revert+ (root@p-mtlp02) (gcc (GCC) 8.5.0 20210514 (Red Hat 8.5.0-17), GNU ld version 2.36.1-2.el8) #1 SMP PREEMPT_DYNAMIC Sat Jan 14 06:43:57 CST 2023
[    0.000000] Command line: console=ttyS0 root=/dev/sda earlyprintk=serial net.ifnames=0
[    0.000000] KERNEL supported cpus:
[    0.000000]   Intel GenuineIntel
[    0.000000]   AMD AuthenticAMD
[    0.000000]   Hygon HygonGenuine
[    0.000000]   Centaur CentaurHauls
[    0.000000]   zhaoxin   Shanghai  
[    0.000000] x86/split lock detection: #DB: warning on user-space bus_locks
[    0.000000] x86/fpu: Supporting XSAVE feature 0x001: 'x87 floating point registers'
[    0.000000] x86/fpu: Supporting XSAVE feature 0x002: 'SSE registers'
[    0.000000] x86/fpu: Supporting XSAVE feature 0x004: 'AVX registers'
[    0.000000] x86/fpu: Supporting XSAVE feature 0x200: 'Protection Keys User registers'
[    0.000000] x86/fpu: xstate_offset[2]:  576, xstate_sizes[2]:  256
[    0.000000] x86/fpu: xstate_offset[9]:  832, xstate_sizes[9]:    8
[    0.000000] x86/fpu: Enabled xstate features 0x207, context size is 840 bytes, using 'compacted' format.
[    0.000000] signal: max sigframe size: 3632
[    0.000000] BIOS-provided physical RAM map:
[    0.000000] BIOS-e820: [mem 0x0000000000000000-0x000000000009fbff] usable
[    0.000000] BIOS-e820: [mem 0x000000000009fc00-0x000000000009ffff] reserved
[    0.000000] BIOS-e820: [mem 0x00000000000f0000-0x00000000000fffff] reserved
[    0.000000] BIOS-e820: [mem 0x0000000000100000-0x000000007ffdffff] usable
[    0.000000] BIOS-e820: [mem 0x000000007ffe0000-0x000000007fffffff] reserved
[    0.000000] BIOS-e820: [mem 0x00000000feffc000-0x00000000feffffff] reserved
[    0.000000] BIOS-e820: [mem 0x00000000fffc0000-0x00000000ffffffff] reserved
[    0.000000] printk: bootconsole [earlyser0] enabled
[    0.000000] NX (Execute Disable) protection: active
[    0.000000] SMBIOS 2.8 present.
[    0.000000] DMI: QEMU Standard PC (i440FX + PIIX, 1996), BIOS rel-1.14.0-0-g155821a1990b-prebuilt.qemu.org 04/01/2014
[    0.000000] Hypervisor detected: KVM
[    0.000000] kvm-clock: Using msrs 4b564d01 and 4b564d00
[    0.000006] kvm-clock: using sched offset of 455843265 cycles
[    0.000436] clocksource: kvm-clock: mask: 0xffffffffffffffff max_cycles: 0x1cd42e4dffb, max_idle_ns: 881590591483 ns
[    0.001763] tsc: Detected 1190.400 MHz processor
[    0.011980] last_pfn = 0x7ffe0 max_arch_pfn = 0x400000000
[    0.012636] x86/PAT: Configuration [0-7]: WB  WC  UC- UC  WB  WP  UC- WT  
[    0.023071] found SMP MP-table at [mem 0x000f5a90-0x000f5a9f]
[    0.023732] Using GB pages for direct mapping
[    0.025667] ACPI: Early table checksum verification disabled
[    0.026166] ACPI: RSDP 0x00000000000F5870 000014 (v00 BOCHS )
[    0.026658] ACPI: RSDT 0x000000007FFE1959 000034 (v01 BOCHS  BXPC     00000001 BXPC 00000001)
[    0.027388] ACPI: FACP 0x000000007FFE1805 000074 (v01 BOCHS  BXPC     00000001 BXPC 00000001)
[    0.028103] ACPI: DSDT 0x000000007FFE0040 0017C5 (v01 BOCHS  BXPC     00000001 BXPC 00000001)
[    0.028824] ACPI: FACS 0x000000007FFE0000 000040
[    0.029224] ACPI: APIC 0x000000007FFE1879 000080 (v01 BOCHS  BXPC     00000001 BXPC 00000001)
[    0.029948] ACPI: HPET 0x000000007FFE18F9 000038 (v01 BOCHS  BXPC     00000001 BXPC 00000001)
[    0.030660] ACPI: WAET 0x000000007FFE1931 000028 (v01 BOCHS  BXPC     00000001 BXPC 00000001)
[    0.031367] ACPI: Reserving FACP table memory at [mem 0x7ffe1805-0x7ffe1878]
[    0.032523] ACPI: Reserving DSDT table memory at [mem 0x7ffe0040-0x7ffe1804]
[    0.033639] ACPI: Reserving FACS table memory at [mem 0x7ffe0000-0x7ffe003f]
[    0.034756] ACPI: Reserving APIC table memory at [mem 0x7ffe1879-0x7ffe18f8]
[    0.035884] ACPI: Reserving HPET table memory at [mem 0x7ffe18f9-0x7ffe1930]
[    0.037009] ACPI: Reserving WAET table memory at [mem 0x7ffe1931-0x7ffe1958]
[    0.039641] No NUMA configuration found
[    0.040260] Faking a node at [mem 0x0000000000000000-0x000000007ffdffff]
[    0.041449] NODE_DATA(0) allocated [mem 0x7ffb5000-0x7ffdffff]
[    0.046551] Zone ranges:
[    0.046825]   DMA      [mem 0x0000000000001000-0x0000000000ffffff]
[    0.047420]   DMA32    [mem 0x0000000001000000-0x000000007ffdffff]
[    0.048011]   Normal   empty
[    0.048290]   Device   empty
[    0.048579] Movable zone start for each node
[    0.048960] Early memory node ranges
[    0.049270]   node   0: [mem 0x0000000000001000-0x000000000009efff]
[    0.049780]   node   0: [mem 0x0000000000100000-0x000000007ffdffff]
[    0.050293] Initmem setup node 0 [mem 0x0000000000001000-0x000000007ffdffff]
[    0.051414] On node 0, zone DMA: 1 pages in unavailable ranges
[    0.051563] On node 0, zone DMA: 97 pages in unavailable ranges
[    0.078239] On node 0, zone DMA32: 32 pages in unavailable ranges
[    0.079118] ACPI: PM-Timer IO Port: 0x608
[    0.080030] ACPI: LAPIC_NMI (acpi_id[0xff] dfl dfl lint[0x1])
[    0.080642] IOAPIC[0]: apic_id 0, version 17, address 0xfec00000, GSI 0-23
[    0.081221] ACPI: INT_SRC_OVR (bus 0 bus_irq 0 global_irq 2 dfl dfl)
[    0.081762] ACPI: INT_SRC_OVR (bus 0 bus_irq 5 global_irq 5 high level)
[    0.082430] ACPI: INT_SRC_OVR (bus 0 bus_irq 9 global_irq 9 high level)
[    0.083067] ACPI: INT_SRC_OVR (bus 0 bus_irq 10 global_irq 10 high level)
[    0.083717] ACPI: INT_SRC_OVR (bus 0 bus_irq 11 global_irq 11 high level)
[    0.084392] ACPI: Using ACPI (MADT) for SMP configuration information
[    0.085010] ACPI: HPET id: 0x8086a201 base: 0xfed00000
[    0.085532] TSC deadline timer available
[    0.085916] smpboot: Allowing 2 CPUs, 0 hotplug CPUs
[    0.086482] kvm-guest: KVM setup pv remote TLB flush
[    0.086961] kvm-guest: setup PV sched yield
[    0.087444] PM: hibernation: Registered nosave memory: [mem 0x00000000-0x00000fff]
[    0.088164] PM: hibernation: Registered nosave memory: [mem 0x0009f000-0x0009ffff]
[    0.088888] PM: hibernation: Registered nosave memory: [mem 0x000a0000-0x000effff]
[    0.089605] PM: hibernation: Registered nosave memory: [mem 0x000f0000-0x000fffff]
[    0.090325] [mem 0x80000000-0xfeffbfff] available for PCI devices
[    0.090831] Booting paravirtualized kernel on KVM
[    0.091232] clocksource: refined-jiffies: mask: 0xffffffff max_cycles: 0xffffffff, max_idle_ns: 7645519600211568 ns
[    0.092107] setup_percpu: NR_CPUS:8192 nr_cpumask_bits:2 nr_cpu_ids:2 nr_node_ids:1
[    0.094560] percpu: Embedded 64 pages/cpu s225280 r8192 d28672 u1048576
[    0.095378] kvm-guest: PV spinlocks enabled
[    0.095732] PV qspinlock hash table entries: 256 (order: 0, 4096 bytes, linear)
[    0.096388] Fallback order for Node 0: 0 
[    0.096746] Built 1 zonelists, mobility grouping on.  Total pages: 515808
[    0.097307] Policy zone: DMA32
[    0.097561] Kernel command line: net.ifnames=0 console=ttyS0 root=/dev/sda earlyprintk=serial net.ifnames=0
[    0.099032] random: crng init done
[    0.100950] Dentry cache hash table entries: 262144 (order: 9, 2097152 bytes, linear)
[    0.101814] Inode-cache hash table entries: 131072 (order: 8, 1048576 bytes, linear)
[    0.102730] mem auto-init: stack:off, heap alloc:off, heap free:off
[    0.107443] Memory: 1979232K/2096632K available (34816K kernel code, 4628K rwdata, 10000K rodata, 10168K init, 19784K bss, 117144K reserved, 0K cma-reserved)
[    0.109291] SLUB: HWalign=64, Order=0-3, MinObjects=0, CPUs=2, Nodes=1
[    0.109896] kmemleak: Kernel memory leak detector disabled
[    0.110509] ftrace: allocating 68228 entries in 267 pages
[    0.140482] ftrace: allocated 267 pages with 4 groups
[    0.144794] Dynamic Preempt: voluntary
[    0.145312] Running RCU self tests
[    0.145629] rcu: Preemptible hierarchical RCU implementation.
[    0.146090] rcu: 	RCU lockdep checking is enabled.
[    0.146492] rcu: 	RCU restricting CPUs from NR_CPUS=8192 to nr_cpu_ids=2.
[    0.147063] 	Trampoline variant of Tasks RCU enabled.
[    0.147492] 	Rude variant of Tasks RCU enabled.
[    0.147864] 	Tracing variant of Tasks RCU enabled.
[    0.148307] rcu: RCU calculated value of scheduler-enlistment delay is 25 jiffies.
[    0.149004] rcu: Adjusting geometry for rcu_fanout_leaf=16, nr_cpu_ids=2
[    0.182253] NR_IRQS: 524544, nr_irqs: 440, preallocated irqs: 16
[    0.183137] rcu: srcu_init: Setting srcu_struct sizes based on contention.
[    0.190320] Console: colour VGA+ 80x25
[    0.190739] printk: console [ttyS0] enabled
[    0.190739] printk: console [ttyS0] enabled
[    0.191404] printk: bootconsole [earlyser0] disabled
[    0.191404] printk: bootconsole [earlyser0] disabled
[    0.192176] Lock dependency validator: Copyright (c) 2006 Red Hat, Inc., Ingo Molnar
[    0.192899] ... MAX_LOCKDEP_SUBCLASSES:  8
[    0.193310] ... MAX_LOCK_DEPTH:          48
[    0.193718] ... MAX_LOCKDEP_KEYS:        8192
[    0.194107] ... CLASSHASH_SIZE:          4096
[    0.194465] ... MAX_LOCKDEP_ENTRIES:     32768
[    0.194879] ... MAX_LOCKDEP_CHAINS:      65536
[    0.195269] ... CHAINHASH_SIZE:          32768
[    0.195638]  memory used by lock dependency info: 6365 kB
[    0.196131]  memory used for stack traces: 4224 kB
[    0.196603]  per task-struct memory footprint: 1920 bytes
[    0.197161] ACPI: Core revision 20221020
[    0.197845] clocksource: hpet: mask: 0xffffffff max_cycles: 0xffffffff, max_idle_ns: 19112604467 ns
[    0.198742] APIC: Switch to symmetric I/O mode setup
[    0.199293] x2apic enabled
[    0.199636] Switched APIC routing to physical x2apic.
[    0.200077] kvm-guest: setup PV IPIs
[    0.201257] ..TIMER: vector=0x30 apic1=0 pin1=2 apic2=-1 pin2=-1
[    0.201693] clocksource: tsc-early: mask: 0xffffffffffffffff max_cycles: 0x1128af0325d, max_idle_ns: 440795261011 ns
[    0.202515] Calibrating delay loop (skipped) preset value.. 2380.80 BogoMIPS (lpj=4761600)
[    0.206518] pid_max: default: 32768 minimum: 301
[    0.206987] LSM: initializing lsm=capability,yama,integrity
[    0.207463] Yama: becoming mindful.
[    0.207966] Mount-cache hash table entries: 4096 (order: 3, 32768 bytes, linear)
[    0.208584] Mountpoint-cache hash table entries: 4096 (order: 3, 32768 bytes, linear)
[    0.211218] x86/cpu: User Mode Instruction Prevention (UMIP) activated
[    0.212684] Last level iTLB entries: 4KB 0, 2MB 0, 4MB 0
[    0.213155] Last level dTLB entries: 4KB 0, 2MB 0, 4MB 0, 1GB 0
[    0.213684] Spectre V1 : Mitigation: usercopy/swapgs barriers and __user pointer sanitization
[    0.214377] Spectre V2 : WARNING: Unprivileged eBPF is enabled with eIBRS on, data leaks possible via Spectre v2 BHB attacks!
[    0.214515] Spectre V2 : Mitigation: Enhanced IBRS
[    0.214883] Spectre V2 : Spectre v2 / SpectreRSB mitigation: Filling RSB on context switch
[    0.215547] Spectre V2 : Spectre v2 / PBRSB-eIBRS: Retire a single CALL on VMEXIT
[    0.216202] Spectre V2 : mitigation: Enabling conditional Indirect Branch Prediction Barrier
[    0.216944] Speculative Store Bypass: Mitigation: Speculative Store Bypass disabled via prctl
[    0.218500] MMIO Stale Data: Unknown: No mitigations
[    0.355291] Freeing SMP alternatives memory: 56K
[    0.356101] smpboot: CPU0: Genuine Intel(R) 0000 (family: 0x6, model: 0xaa, stepping: 0x1)
[    0.357179] cblist_init_generic: Setting adjustable number of callback queues.
[    0.357714] cblist_init_generic: Setting shift to 1 and lim to 1.
[    0.358159] cblist_init_generic: Setting shift to 1 and lim to 1.
[    0.358492] cblist_init_generic: Setting shift to 1 and lim to 1.
[    0.358492] Running RCU-tasks wait API self tests
[    0.458668] Performance Events: generic architected perfmon, full-width counters, Intel PMU driver.
[    0.459406] ... version:                2
[    0.459681] ... bit width:              48
[    0.459953] ... generic registers:      8
[    0.460249] ... value mask:             0000ffffffffffff
[    0.460659] ... max period:             00007fffffffffff
[    0.461065] ... fixed-purpose events:   3
[    0.461384] ... event mask:             00000007000000ff
[    0.462239] rcu: Hierarchical SRCU implementation.
[    0.462499] rcu: 	Max phase no-delay instances is 1000.
[    0.464797] smp: Bringing up secondary CPUs ...
[    0.465693] x86: Booting SMP configuration:
[    0.465981] .... node  #0, CPUs:      #1
[    0.018805] smpboot: CPU 1 Converting physical 0 to logical die 1
[    0.470786] smp: Brought up 1 node, 2 CPUs
[    0.471149] smpboot: Max logical packages: 2
[    0.471483] smpboot: Total of 2 processors activated (4761.60 BogoMIPS)
[    0.475456] devtmpfs: initialized
[    0.475456] x86/mm: Memory block size: 128MB
[    0.478529] Callback from call_rcu_tasks_trace() invoked.
[    0.479376] clocksource: jiffies: mask: 0xffffffff max_cycles: 0xffffffff, max_idle_ns: 7645041785100000 ns
[    0.480127] futex hash table entries: 512 (order: 4, 65536 bytes, linear)
[    0.480976] pinctrl core: initialized pinctrl subsystem
[    0.482039] 
[    0.482189] *************************************************************
[    0.482504] **     NOTICE NOTICE NOTICE NOTICE NOTICE NOTICE NOTICE    **
[    0.482965] **                                                         **
[    0.483416] **  IOMMU DebugFS SUPPORT HAS BEEN ENABLED IN THIS KERNEL  **
[    0.483856] **                                                         **
[    0.484382] ** This means that this kernel is built to expose internal **
[    0.484869] ** IOMMU data structures, which may compromise security on **
[    0.485333] ** your system.                                            **
[    0.485782] **                                                         **
[    0.486305] ** If you see this message and you are not debugging the   **
[    0.486499] ** kernel, report this immediately to your vendor!         **
[    0.487038] **                                                         **
[    0.487570] **     NOTICE NOTICE NOTICE NOTICE NOTICE NOTICE NOTICE    **
[    0.488133] *************************************************************
[    0.488747] PM: RTC time: 22:44:41, date: 2023-01-13
[    0.492631] NET: Registered PF_NETLINK/PF_ROUTE protocol family
[    0.493885] DMA: preallocated 256 KiB GFP_KERNEL pool for atomic allocations
[    0.494471] DMA: preallocated 256 KiB GFP_KERNEL|GFP_DMA pool for atomic allocations
[    0.494513] DMA: preallocated 256 KiB GFP_KERNEL|GFP_DMA32 pool for atomic allocations
[    0.495202] audit: initializing netlink subsys (disabled)
[    0.495767] audit: type=2000 audit(1673649882.881:1): state=initialized audit_enabled=0 res=1
[    0.495767] thermal_sys: Registered thermal governor 'fair_share'
[    0.495767] thermal_sys: Registered thermal governor 'bang_bang'
[    0.495878] thermal_sys: Registered thermal governor 'step_wise'
[    0.496365] thermal_sys: Registered thermal governor 'user_space'
[    0.496888] cpuidle: using governor ladder
[    0.499335] cpuidle: using governor menu
[    0.500140] acpiphp: ACPI Hot Plug PCI Controller Driver version: 0.5
[    0.501084] PCI: Using configuration type 1 for base access
[    0.502609] kprobes: kprobe jump-optimization is enabled. All kprobes are optimized if possible.
[    0.758927] HugeTLB: registered 1.00 GiB page size, pre-allocated 0 pages
[    0.759487] HugeTLB: 16380 KiB vmemmap can be freed for a 1.00 GiB page
[    0.760013] HugeTLB: registered 2.00 MiB page size, pre-allocated 0 pages
[    0.760541] HugeTLB: 28 KiB vmemmap can be freed for a 2.00 MiB page
[    0.764521] ACPI: Added _OSI(Module Device)
[    0.764887] ACPI: Added _OSI(Processor Device)
[    0.765244] ACPI: Added _OSI(3.0 _SCP Extensions)
[    0.765623] ACPI: Added _OSI(Processor Aggregator Device)
[    0.772358] ACPI: 1 ACPI AML tables successfully acquired and loaded
[    0.776473] ACPI: Interpreter enabled
[    0.776887] ACPI: PM: (supports S0 S3 S4 S5)
[    0.777222] ACPI: Using IOAPIC for interrupt routing
[    0.777656] PCI: Using host bridge windows from ACPI; if necessary, use "pci=nocrs" and report a bug
[    0.778343] PCI: Using E820 reservations for host bridge windows
[    0.779268] ACPI: Enabled 2 GPEs in block 00 to 0F
[    0.797383] ACPI: PCI Root Bridge [PCI0] (domain 0000 [bus 00-ff])
[    0.797862] acpi PNP0A03:00: _OSC: OS supports [ASPM ClockPM Segments MSI EDR HPX-Type3]
[    0.798410] acpi PNP0A03:00: _OSC: not requesting OS control; OS requires [ExtendedConfig ASPM ClockPM MSI]
[    0.798570] acpi PNP0A03:00: fail to add MMCONFIG information, can't access extended configuration space under this bridge
[    0.801934] acpiphp: Slot [3] registered
[    0.802260] acpiphp: Slot [4] registered
[    0.802556] acpiphp: Slot [5] registered
[    0.802897] acpiphp: Slot [6] registered
[    0.803268] acpiphp: Slot [7] registered
[    0.803617] acpiphp: Slot [8] registered
[    0.803927] acpiphp: Slot [9] registered
[    0.804290] acpiphp: Slot [10] registered
[    0.804668] acpiphp: Slot [11] registered
[    0.805045] acpiphp: Slot [12] registered
[    0.805422] acpiphp: Slot [13] registered
[    0.805801] acpiphp: Slot [14] registered
[    0.806180] acpiphp: Slot [15] registered
[    0.806561] acpiphp: Slot [16] registered
[    0.806942] acpiphp: Slot [17] registered
[    0.807321] acpiphp: Slot [18] registered
[    0.807699] acpiphp: Slot [19] registered
[    0.808042] acpiphp: Slot [20] registered
[    0.808410] acpiphp: Slot [21] registered
[    0.808792] acpiphp: Slot [22] registered
[    0.809169] acpiphp: Slot [23] registered
[    0.809547] acpiphp: Slot [24] registered
[    0.809912] acpiphp: Slot [25] registered
[    0.810264] acpiphp: Slot [26] registered
[    0.810569] acpiphp: Slot [27] registered
[    0.810954] acpiphp: Slot [28] registered
[    0.811333] acpiphp: Slot [29] registered
[    0.811656] acpiphp: Slot [30] registered
[    0.812032] acpiphp: Slot [31] registered
[    0.812309] PCI host bridge to bus 0000:00
[    0.812626] pci_bus 0000:00: root bus resource [io  0x0000-0x0cf7 window]
[    0.813147] pci_bus 0000:00: root bus resource [io  0x0d00-0xffff window]
[    0.813665] pci_bus 0000:00: root bus resource [mem 0x000a0000-0x000bffff window]
[    0.814164] pci_bus 0000:00: root bus resource [mem 0x80000000-0xfebfffff window]
[    0.814499] pci_bus 0000:00: root bus resource [mem 0x100000000-0x17fffffff window]
[    0.815027] pci_bus 0000:00: root bus resource [bus 00-ff]
[    0.815515] pci 0000:00:00.0: [8086:1237] type 00 class 0x060000
[    0.819047] pci 0000:00:01.0: [8086:7000] type 00 class 0x060100
[    0.820082] pci 0000:00:01.1: [8086:7010] type 00 class 0x010180
[    0.821737] pci 0000:00:01.1: reg 0x20: [io  0xc040-0xc04f]
[    0.822662] pci 0000:00:01.1: legacy IDE quirk: reg 0x10: [io  0x01f0-0x01f7]
[    0.823146] pci 0000:00:01.1: legacy IDE quirk: reg 0x14: [io  0x03f6]
[    0.823596] pci 0000:00:01.1: legacy IDE quirk: reg 0x18: [io  0x0170-0x0177]
[    0.824575] pci 0000:00:01.1: legacy IDE quirk: reg 0x1c: [io  0x0376]
[    0.825409] pci 0000:00:01.3: [8086:7113] type 00 class 0x068000
[    0.826181] pci 0000:00:01.3: quirk: [io  0x0600-0x063f] claimed by PIIX4 ACPI
[    0.826507] pci 0000:00:01.3: quirk: [io  0x0700-0x070f] claimed by PIIX4 SMB
[    0.827355] pci 0000:00:02.0: [1234:1111] type 00 class 0x030000
[    0.830607] pci 0000:00:02.0: reg 0x10: [mem 0xfd000000-0xfdffffff pref]
[    0.834532] pci 0000:00:02.0: reg 0x18: [mem 0xfebf0000-0xfebf0fff]
[    0.838850] pci 0000:00:02.0: reg 0x30: [mem 0xfebe0000-0xfebeffff pref]
[    0.839591] pci 0000:00:02.0: Video device with shadowed ROM at [mem 0x000c0000-0x000dffff]
[    0.843951] pci 0000:00:03.0: [8086:100e] type 00 class 0x020000
[    0.844986] pci 0000:00:03.0: reg 0x10: [mem 0xfebc0000-0xfebdffff]
[    0.845980] pci 0000:00:03.0: reg 0x14: [io  0xc000-0xc03f]
[    0.848411] pci 0000:00:03.0: reg 0x30: [mem 0xfeb80000-0xfebbffff pref]
[    0.860126] ACPI: PCI: Interrupt link LNKA configured for IRQ 10
[    0.861021] ACPI: PCI: Interrupt link LNKB configured for IRQ 10
[    0.861899] ACPI: PCI: Interrupt link LNKC configured for IRQ 11
[    0.862762] ACPI: PCI: Interrupt link LNKD configured for IRQ 11
[    0.863411] ACPI: PCI: Interrupt link LNKS configured for IRQ 9
[    0.865347] iommu: Default domain type: Translated 
[    0.865748] iommu: DMA domain TLB invalidation policy: lazy mode 
[    0.867402] SCSI subsystem initialized
[    0.868027] ACPI: bus type USB registered
[    0.868411] usbcore: registered new interface driver usbfs
[    0.868881] usbcore: registered new interface driver hub
[    0.869351] usbcore: registered new device driver usb
[    0.869875] pps_core: LinuxPPS API ver. 1 registered
[    0.870266] pps_core: Software ver. 5.3.6 - Copyright 2005-2007 Rodolfo Giometti <giometti@linux.it>
[    0.870513] PTP clock support registered
[    0.870997] EDAC MC: Ver: 3.0.0
[    0.873029] NetLabel: Initializing
[    0.873303] NetLabel:  domain hash size = 128
[    0.873662] NetLabel:  protocols = UNLABELED CIPSOv4 CALIPSO
[    0.874172] NetLabel:  unlabeled traffic allowed by default
[    0.906858] PCI: Using ACPI for IRQ routing
[    0.907571] pci 0000:00:02.0: vgaarb: setting as boot VGA device
[    0.908050] pci 0000:00:02.0: vgaarb: bridge control possible
[    0.908504] pci 0000:00:02.0: vgaarb: VGA device added: decodes=io+mem,owns=io+mem,locks=none
[    0.909151] vgaarb: loaded
[    0.909987] hpet0: at MMIO 0xfed00000, IRQs 2, 8, 0
[    0.910393] hpet0: 3 comparators, 64-bit 100.000000 MHz counter
[    3.660008] clocksource: Switched to clocksource kvm-clock
[    3.661323] VFS: Disk quotas dquot_6.6.0
[    3.661642] VFS: Dquot-cache hash table entries: 512 (order 0, 4096 bytes)
[    3.662428] pnp: PnP ACPI init
[    3.663212] pnp: PnP ACPI: found 6 devices
[    3.674367] clocksource: acpi_pm: mask: 0xffffff max_cycles: 0xffffff, max_idle_ns: 2085701024 ns
[    3.675552] NET: Registered PF_INET protocol family
[    3.676041] IP idents hash table entries: 32768 (order: 6, 262144 bytes, linear)
[    3.677830] tcp_listen_portaddr_hash hash table entries: 1024 (order: 4, 73728 bytes, linear)
[    3.678721] Table-perturb hash table entries: 65536 (order: 6, 262144 bytes, linear)
[    3.679540] TCP established hash table entries: 16384 (order: 5, 131072 bytes, linear)
[    3.680605] TCP bind hash table entries: 16384 (order: 9, 2359296 bytes, linear)
[    3.682027] TCP: Hash tables configured (established 16384 bind 16384)
[    3.682683] UDP hash table entries: 1024 (order: 5, 163840 bytes, linear)
[    3.683246] UDP-Lite hash table entries: 1024 (order: 5, 163840 bytes, linear)
[    3.683991] NET: Registered PF_UNIX/PF_LOCAL protocol family
[    3.696728] RPC: Registered named UNIX socket transport module.
[    3.697224] RPC: Registered udp transport module.
[    3.697590] RPC: Registered tcp transport module.
[    3.697954] RPC: Registered tcp NFSv4.1 backchannel transport module.
[    3.698477] pci_bus 0000:00: resource 4 [io  0x0000-0x0cf7 window]
[    3.698981] pci_bus 0000:00: resource 5 [io  0x0d00-0xffff window]
[    3.699468] pci_bus 0000:00: resource 6 [mem 0x000a0000-0x000bffff window]
[    3.699997] pci_bus 0000:00: resource 7 [mem 0x80000000-0xfebfffff window]
[    3.700531] pci_bus 0000:00: resource 8 [mem 0x100000000-0x17fffffff window]
[    3.701352] pci 0000:00:01.0: PIIX3: Enabling Passive Release
[    3.701810] pci 0000:00:00.0: Limiting direct PCI/PCI transfers
[    3.702371] PCI: CLS 0 bytes, default 64
[    3.702755] ACPI: bus type thunderbolt registered
[    3.703440] clocksource: tsc: mask: 0xffffffffffffffff max_cycles: 0x1128af0325d, max_idle_ns: 440795261011 ns
[    3.714934] Callback from call_rcu_tasks_rude() invoked.
[    3.770602] Callback from call_rcu_tasks() invoked.
[    3.842137] Initialise system trusted keyrings
[    3.842688] Key type blacklist registered
[    3.843217] workingset: timestamp_bits=36 max_order=19 bucket_order=0
[    3.843781] zbud: loaded
[    3.844785] squashfs: version 4.0 (2009/01/31) Phillip Lougher
[    3.845898] NFS: Registering the id_resolver key type
[    3.846300] Key type id_resolver registered
[    3.846662] Key type id_legacy registered
[    3.847001] nfs4filelayout_init: NFSv4 File Layout Driver Registering...
[    3.847532] nfs4flexfilelayout_init: NFSv4 Flexfile Layout Driver Registering...
[    3.848224] fuse: init (API version 7.38)
[    3.848726] SGI XFS with ACLs, security attributes, realtime, quota, no debug enabled
[    3.849825] 9p: Installing v9fs 9p2000 file system support
[    3.857844] Key type asymmetric registered
[    3.858170] Asymmetric key parser 'x509' registered
[    3.858632] Block layer SCSI generic (bsg) driver version 0.4 loaded (major 243)
[    3.859347] io scheduler mq-deadline registered
[    3.859735] io scheduler bfq registered
[    3.860486] shpchp: Standard Hot Plug PCI Controller Driver version: 0.4
[    3.861432] IPMI message handler: version 39.2
[    3.861834] ipmi device interface
[    3.863858] input: Power Button as /devices/LNXSYSTM:00/LNXPWRBN:00/input/input0
[    3.864721] ACPI: button: Power Button [PWRF]
[    3.866101] ERST DBG: ERST support is disabled.
[    3.867134] Serial: 8250/16550 driver, 32 ports, IRQ sharing enabled
[    3.868197] 00:04: ttyS0 at I/O 0x3f8 (irq = 4, base_baud = 115200) is a 16550A
[    3.882166] Linux agpgart interface v0.103
[    3.883699] ACPI: bus type drm_connector registered
[    3.899308] brd: module loaded
[    3.908280] loop: module loaded
[    3.914586] scsi host0: ata_piix
[    3.915858] scsi host1: ata_piix
[    3.916303] ata1: PATA max MWDMA2 cmd 0x1f0 ctl 0x3f6 bmdma 0xc040 irq 14
[    3.916836] ata2: PATA max MWDMA2 cmd 0x170 ctl 0x376 bmdma 0xc048 irq 15
[    3.918469] tun: Universal TUN/TAP device driver, 1.6
[    3.919317] e100: Intel(R) PRO/100 Network Driver
[    3.919694] e100: Copyright(c) 1999-2006 Intel Corporation
[    3.920172] e1000: Intel(R) PRO/1000 Network Driver
[    3.920565] e1000: Copyright (c) 1999-2006 Intel Corporation.
[    4.074831] ata1: found unknown device (class 0)
[    4.076397] ata1.00: ATA-7: QEMU HARDDISK, 2.5+, max UDMA/100
[    4.077302] ata1.00: 16777216 sectors, multi 16: LBA48 
[    4.078564] ata2: found unknown device (class 0)
[    4.079876] ata2.00: ATAPI: QEMU DVD-ROM, 2.5+, max UDMA/100
[    4.082035] scsi 0:0:0:0: Direct-Access     ATA      QEMU HARDDISK    2.5+ PQ: 0 ANSI: 5
[    4.084710] sd 0:0:0:0: Attached scsi generic sg0 type 0
[    4.084913] sd 0:0:0:0: [sda] 16777216 512-byte logical blocks: (8.59 GB/8.00 GiB)
[    4.085904] sd 0:0:0:0: [sda] Write Protect is off
[    4.086424] scsi 1:0:0:0: CD-ROM            QEMU     QEMU DVD-ROM     2.5+ PQ: 0 ANSI: 5
[    4.086434] sd 0:0:0:0: [sda] Write cache: enabled, read cache: enabled, doesn't support DPO or FUA
[    4.088096] sd 0:0:0:0: [sda] Preferred minimum I/O size 512 bytes
[    4.111978] sd 0:0:0:0: [sda] Attached SCSI disk
[    4.117126] ACPI: \_SB_.LNKC: Enabled at IRQ 11
[    4.119588] scsi 1:0:0:0: Attached scsi generic sg1 type 5
[    4.441673] e1000 0000:00:03.0 eth0: (PCI:33MHz:32-bit) 52:54:00:12:34:56
[    4.442262] e1000 0000:00:03.0 eth0: Intel(R) PRO/1000 Network Connection
[    4.442832] e1000e: Intel(R) PRO/1000 Network Driver
[    4.443206] e1000e: Copyright(c) 1999 - 2015 Intel Corporation.
[    4.443659] igb: Intel(R) Gigabit Ethernet Network Driver
[    4.444004] igb: Copyright (c) 2007-2014 Intel Corporation.
[    4.444486] PPP generic driver version 2.4.2
[    4.445744] VFIO - User Level meta-driver version: 0.3
[    4.446845] usbcore: registered new interface driver uas
[    4.447344] usbcore: registered new interface driver usb-storage
[    4.448080] i8042: PNP: PS/2 Controller [PNP0303:KBD,PNP0f13:MOU] at 0x60,0x64 irq 1,12
[    4.449864] serio: i8042 KBD port at 0x60,0x64 irq 1
[    4.450296] serio: i8042 AUX port at 0x60,0x64 irq 12
[    4.451862] mousedev: PS/2 mouse device common for all mice
[    4.453259] input: AT Translated Set 2 keyboard as /devices/platform/i8042/serio0/input/input1
[    4.455012] input: VirtualPS/2 VMware VMMouse as /devices/platform/i8042/serio1/input/input4
[    4.456103] rtc_cmos 00:05: RTC can wake from S4
[    4.456774] input: VirtualPS/2 VMware VMMouse as /devices/platform/i8042/serio1/input/input3
[    4.458439] rtc_cmos 00:05: registered as rtc0
[    4.458871] rtc_cmos 00:05: setting system clock to 2023-01-13T22:44:45 UTC (1673649885)
[    4.459721] rtc_cmos 00:05: alarms up to one day, y3k, 242 bytes nvram, hpet irqs
[    4.460336] i2c_dev: i2c /dev entries driver
[    4.460752] device-mapper: core: CONFIG_IMA_DISABLE_HTABLE is disabled. Duplicate IMA measurements will not be recorded in the IMA log.
[    4.461717] device-mapper: uevent: version 1.0.3
[    4.462490] device-mapper: ioctl: 4.47.0-ioctl (2022-07-28) initialised: dm-devel@redhat.com
[    4.463186] intel_pstate: CPU model not supported
[    4.463667] sdhci: Secure Digital Host Controller Interface driver
[    4.464152] sdhci: Copyright(c) Pierre Ossman
[    4.464590] sdhci-pltfm: SDHCI platform and OF driver helper
[    4.465368] ledtrig-cpu: registered to indicate activity on CPUs
[    4.466308] drop_monitor: Initializing network drop monitor service
[    4.467047] NET: Registered PF_INET6 protocol family
[    4.470356] Segment Routing with IPv6
[    4.470724] In-situ OAM (IOAM) with IPv6
[    4.471090] NET: Registered PF_PACKET protocol family
[    4.471631] 9pnet: Installing 9P2000 support
[    4.472023] Key type dns_resolver registered
[    4.473548] IPI shorthand broadcast: enabled
[    4.489561] sched_clock: Marking stable (4471692461, 14805003)->(4518342279, -31844815)
[    4.491179] registered taskstats version 1
[    4.491972] Loading compiled-in X.509 certificates
[    4.492542] zswap: loaded using pool lzo/zbud
[    4.509178] Key type .fscrypt registered
[    4.509505] Key type fscrypt-provisioning registered
[    4.511041] Key type encrypted registered
[    4.511426] ima: No TPM chip found, activating TPM-bypass!
[    4.511863] ima: Allocated hash algorithm: sha1
[    4.512258] ima: No architecture policies found
[    4.512679] evm: Initialising EVM extended attributes:
[    4.513080] evm: security.selinux
[    4.513348] evm: security.SMACK64
[    4.513613] evm: security.SMACK64EXEC
[    4.513902] evm: security.SMACK64TRANSMUTE
[    4.514227] evm: security.SMACK64MMAP
[    4.514539] evm: security.apparmor
[    4.514810] evm: security.ima
[    4.515049] evm: security.capability
[    4.515333] evm: HMAC attrs: 0x1
[    4.517049] PM:   Magic number: 7:963:754
[    4.517428] tty ttyS5: hash matches
[    4.518145] RAS: Correctable Errors collector initialized.
[    4.519802] md: Waiting for all devices to be available before autodetect
[    4.520163] md: If you don't use raid, use raid=noautodetect
[    4.520479] md: Autodetecting RAID arrays.
[    4.520709] md: autorun ...
[    4.520864] md: ... autorun DONE.
[    4.527613] EXT4-fs (sda): mounted filesystem 23a53bb9-f815-47a5-b74c-5e08f7731193 with ordered data mode. Quota mode: none.
[    4.528504] VFS: Mounted root (ext4 filesystem) readonly on device 8:0.
[    4.531645] devtmpfs: mounted
[    4.541842] Freeing unused decrypted memory: 2036K
[    4.547248] Freeing unused kernel image (initmem) memory: 10168K
[    4.562743] Write protecting the kernel read-only data: 45056k
[    4.564509] Freeing unused kernel image (rodata/data gap) memory: 240K
[    4.672188] x86/mm: Checked W+X mappings: passed, no W+X pages found.
[    4.672552] Run /sbin/init as init process
[    4.823866] systemd[1]: RTC configured in localtime, applying delta of 0 minutes to system time.
[    4.866049] systemd[1]: systemd 239 (239-49.el8) running in system mode. (+PAM +AUDIT +SELINUX +IMA -APPARMOR +SMACK +SYSVINIT +UTMP +LIBCRYPTSETUP +GCRYPT +GNUTLS +ACL +XZ +LZ4 +SECCOMP +BLKID +ELFUTILS +KMOD +IDN2 -IDN +PCRE2 default-hierarchy=legacy)
[    4.867408] systemd[1]: Detected virtualization kvm.
[    4.867679] systemd[1]: Detected architecture x86-64.

Welcome to [0;31mCentOS Stream 8[0m!

[    4.920462] systemd[1]: Set hostname to <test>.
[    5.279875] systemd[1]: Listening on Journal Socket.
[[0;32m  OK  [0m] Listening on Journal Socket.
[    5.307037] systemd[1]: Mounting POSIX Message Queue File System...
         Mounting POSIX Message Queue File System...
[    5.313962] systemd[1]: Mounting Huge Pages File System...
         Mounting Huge Pages File System...
[    5.316345] systemd[1]: Listening on udev Control Socket.
[[0;32m  OK  [0m] Listening on udev Control Socket.
[    5.319985] systemd[1]: Listening on RPCbind Server Activation Socket.
[[0;32m  OK  [0m] Listening on RPCbind Server Activation Socket.
[    5.322461] systemd[1]: Reached target RPC Port Mapper.
[[0;32m  OK  [0m] Reached target RPC Port Mapper.
[[0;32m  OK  [0m] Created slice system-sshd\x2dkeygen.slice.
         Starting Load Kernel Modules...
[[0;32m  OK  [0m] Set up automount Arbitrary Executabâ€¦rmats File System Automount Point.
[[0;32m  OK  [0m] Listening on udev Kernel Socket.
[[0;32m  OK  [0m] Listening on Process Core Dump Socket.
[[0;32m  OK  [0m] Listening on initctl Compatibility Named Pipe.
         Starting udev Coldplug all Devices...
[[0;32m  OK  [0m] Reached target Swap.
         Mounting Kernel Debug File System...
         Starting Setup Virtual Console...
[[0;32m  OK  [0m] Listening on Device-mapper event daemon FIFOs.
         Starting Monitoring of LVM2 mirrorsâ€¦ng dmeventd or progress polling...
[[0;32m  OK  [0m] Created slice system-getty.slice.
[[0;32m  OK  [0m] Listening on multipathd control socket.
[[0;32m  OK  [0m] Listening on LVM2 poll daemon socket.
         Starting Remount Root and Kernel File Systems...
[[0;32m  OK  [0m] Listening on Journal Socket (/dev/log).
         Starting Journal Service...
[[0;32m  OK  [0m] Started Forward Password Requests to Wall Directory Watch.
[[0;32m  OK  [0m] Created slice User and Session Slice.
[[0;32m  OK  [0m] Reached target Slices.
[[0;32m  OK  [0m] Created slice system-serial\x2dgetty.slice.
[[0;32m  OK  [0m] Mounted POSIX Message Queue File System.
[[0;32m  OK  [0m] Mounted Huge Pages File System.
[[0;1;31mFAILED[0m] Failed to start Load Kernel Modules.
See 'systemctl status systemd-modules-load.service' for details.
[[0;32m  OK  [0m] Mounted Kernel Debug File System.
         Mounting Kernel Configuration File System...
         Mounting FUSE Control File System...
         Starting Apply Kernel Variables...
[[0;32m  OK  [0m] Mounted Kernel Configuration File System.
[[0;32m  OK  [0m] Mounted FUSE Control File System.
[    5.853056] EXT4-fs (sda): re-mounted 23a53bb9-f815-47a5-b74c-5e08f7731193. Quota mode: none.
[[0;32m  OK  [0m] Started Journal Service.
[[0;32m  OK  [0m] Started Remount Root and Kernel File Systems.
[[0;32m  OK  [0m] Started Setup Virtual Console.
[[0;32m  OK  [0m] Started Apply Kernel Variables.
         Starting Create Static Device Nodes in /dev...
         Starting Load/Save Random Seed...
         Starting Flush Journal to Persistent Storage...
[[0;32m  OK  [0m] Started Load/Save Random Seed.
[[0;32m  OK  [0m] Started Create Static Device Nodes in /dev.
         Starting udev Kernel Device Manager...
[[0;32m  OK  [0m] Started udev Coldplug all Devices.
[[0;32m  OK  [0m] Started Flush Journal to Persistent Storage.
         Starting udev Wait for Complete Device Initialization...
[[0;32m  OK  [0m] Started udev Kernel Device Manager.
         Starting Show Plymouth Boot Screen...
[[0;32m  OK  [0m] Started Show Plymouth Boot Screen.
[[0;32m  OK  [0m] Started Forward Password Requests to Plymouth Directory Watch.
[[0;32m  OK  [0m] Reached target Local Encrypted Volumes.
[[0;32m  OK  [0m] Reached target Paths.
[[0;32m  OK  [0m] Found device /dev/ttyS0.
[[0;32m  OK  [0m] Started Monitoring of LVM2 mirrors,â€¦sing dmeventd or progress polling.
[[0;32m  OK  [0m] Started udev Wait for Complete Device Initialization.
[[0;32m  OK  [0m] Listening on Load/Save RF Kill Switch Status /dev/rfkill Watch.
[[0;32m  OK  [0m] Reached target Local File Systems (Pre).
[[0;32m  OK  [0m] Reached target Local File Systems.
         Starting Restore /run/initramfs on shutdown...
         Starting Tell Plymouth To Write Out Runtime Data...
         Starting Create Volatile Files and Directories...
[[0;32m  OK  [0m] Started Restore /run/initramfs on shutdown.
[[0;32m  OK  [0m] Started Tell Plymouth To Write Out Runtime Data.
[[0;32m  OK  [0m] Started Create Volatile Files and Directories.
         Starting RPC Bind...
         Mounting RPC Pipe File System...
         Starting Security Auditing Service...
[[0;32m  OK  [0m] Mounted RPC Pipe File System.
[[0;32m  OK  [0m] Started RPC Bind.
[[0;32m  OK  [0m] Reached target rpc_pipefs.target.
[[0;32m  OK  [0m] Started Security Auditing Service.
         Starting Update UTMP about System Boot/Shutdown...
[[0;32m  OK  [0m] Started Update UTMP about System Boot/Shutdown.
[[0;32m  OK  [0m] Reached target System Initialization.
[[0;32m  OK  [0m] Listening on SSSD Kerberos Cache Manager responder socket.
[[0;32m  OK  [0m] Started Daily Cleanup of Temporary Directories.
[[0;32m  OK  [0m] Started dnf makecache --timer.
[[0;32m  OK  [0m] Listening on D-Bus System Message Bus Socket.
[[0;32m  OK  [0m] Reached target Sockets.
[[0;32m  OK  [0m] Reached target Basic System.
[[0;32m  OK  [0m] Started irqbalance daemon.
         Starting Self Monitoring and Reporting Technology (SMART) Daemon...
         Starting Auto-connect to subsystemsâ€¦-NVME devices found during boot...
[[0;32m  OK  [0m] Started Machine Check Exception Logging Daemon.
         Starting NTP client/server...
         Starting Authorization Manager...
         Starting Login Service...
[[0;32m  OK  [0m] Started D-Bus System Message Bus.
[[0;32m  OK  [0m] Reached target sshd-keygen.target.
         Starting Network Manager...
[[0;32m  OK  [0m] Started daily update of the root trust anchor for DNSSEC.
[[0;32m  OK  [0m] Reached target Timers.
[[0;32m  OK  [0m] Started Self Monitoring and Reporting Technology (SMART) Daemon.
[[0;32m  OK  [0m] Started Auto-connect to subsystems â€¦FC-NVME devices found during boot.
         Starting update of the root trust aâ€¦or DNSSEC validation in unbound...
[[0;32m  OK  [0m] Started Login Service.
[[0;32m  OK  [0m] Started Network Manager.
[[0;32m  OK  [0m] Reached target Network.
         Starting GSSAPI Proxy Daemon...
         Starting Dynamic System Tuning Daemon...
         Starting OpenSSH server daemon...
         Starting Network Manager Wait Online...
[[0;32m  OK  [0m] Started NTP client/server.
         Starting Hostname Service...
[[0;32m  OK  [0m] Started update of the root trust anâ€¦ for DNSSEC validation in unbound.
[[0;32m  OK  [0m] Started GSSAPI Proxy Daemon.
[[0;32m  OK  [0m] Started OpenSSH server daemon.
[[0;32m  OK  [0m] Reached target NFS client services.
[[0;32m  OK  [0m] Reached target Remote File Systems (Pre).
[[0;32m  OK  [0m] Reached target Remote File Systems.
         Starting Permit User Sessions...
[[0;32m  OK  [0m] Started Authorization Manager.
[[0;32m  OK  [0m] Started Permit User Sessions.
[[0;32m  OK  [0m] Started Command Scheduler.
         Starting Terminate Plymouth Boot Screen...
         Starting Hold until boot process finishes up...
[    8.022796] e1000: eth0 NIC Link is Up 1000 Mbps Full Duplex, Flow Control: RX
[    8.023714] IPv6: ADDRCONF(NETDEV_CHANGE): eth0: link becomes ready
[    8.335910] Spectre V2 : WARNING: Unprivileged eBPF is enabled with eIBRS on, data leaks possible via Spectre v2 BHB attacks!
[    8.337020] Spectre V2 : WARNING: Unprivileged eBPF is enabled with eIBRS on, data leaks possible via Spectre v2 BHB attacks!

CentOS Stream 8
Kernel 6.2.0-rc3-b7bfaa761d76-63dc6325ff41-revert+ on an x86_64

test login: 