c[?7l[2J[0mSeaBIOS (version rel-1.16.0-0-gd239552ce722-prebuilt.qemu.org)


iPXE (http://ipxe.org) 00:03.0 CA00 PCI2.10 PnP PMM+7FF91000+7FEF1000 CA00
Press Ctrl-B to configure iPXE (PCI 00:03.0)...                                                                               


Booting from ROM..c[?7l[2J[    0.000000] Linux version 6.4.0-rc3-44c026a73be8+ (root@p-adls01) (gcc (GCC) 8.5.0 20210514 (Red Hat 8.5.0-19), GNU ld version 2.36.1-2.el8) #1 SMP PREEMPT_DYNAMIC Mon May 22 18:34:49 CST 2023
[    0.000000] Command line: console=ttyS0 root=/dev/sda earlyprintk=serial net.ifnames=0
[    0.000000] KERNEL supported cpus:
[    0.000000]   Intel GenuineIntel
[    0.000000]   AMD AuthenticAMD
[    0.000000]   Hygon HygonGenuine
[    0.000000]   Centaur CentaurHauls
[    0.000000]   zhaoxin   Shanghai  
[    0.000000] x86/fpu: Supporting XSAVE feature 0x001: 'x87 floating point registers'
[    0.000000] x86/fpu: Supporting XSAVE feature 0x002: 'SSE registers'
[    0.000000] x86/fpu: Supporting XSAVE feature 0x004: 'AVX registers'
[    0.000000] x86/fpu: Supporting XSAVE feature 0x200: 'Protection Keys User registers'
[    0.000000] x86/fpu: xstate_offset[2]:  576, xstate_sizes[2]:  256
[    0.000000] x86/fpu: xstate_offset[9]:  832, xstate_sizes[9]:    8
[    0.000000] x86/fpu: Enabled xstate features 0x207, context size is 840 bytes, using 'compacted' format.
[    0.000000] signal: max sigframe size: 3632
[    0.000000] BIOS-provided physical RAM map:
[    0.000000] BIOS-e820: [mem 0x0000000000000000-0x000000000009fbff] usable
[    0.000000] BIOS-e820: [mem 0x000000000009fc00-0x000000000009ffff] reserved
[    0.000000] BIOS-e820: [mem 0x00000000000f0000-0x00000000000fffff] reserved
[    0.000000] BIOS-e820: [mem 0x0000000000100000-0x000000007ffdffff] usable
[    0.000000] BIOS-e820: [mem 0x000000007ffe0000-0x000000007fffffff] reserved
[    0.000000] BIOS-e820: [mem 0x00000000feffc000-0x00000000feffffff] reserved
[    0.000000] BIOS-e820: [mem 0x00000000fffc0000-0x00000000ffffffff] reserved
[    0.000000] printk: bootconsole [earlyser0] enabled
[    0.000000] NX (Execute Disable) protection: active
[    0.000000] SMBIOS 2.8 present.
[    0.000000] DMI: QEMU Standard PC (i440FX + PIIX, 1996), BIOS rel-1.16.0-0-gd239552ce722-prebuilt.qemu.org 04/01/2014
[    0.000000] Hypervisor detected: KVM
[    0.000000] kvm-clock: Using msrs 4b564d01 and 4b564d00
[    0.000002] kvm-clock: using sched offset of 271241364 cycles
[    0.000300] clocksource: kvm-clock: mask: 0xffffffffffffffff max_cycles: 0x1cd42e4dffb, max_idle_ns: 881590591483 ns
[    0.001226] tsc: Detected 3609.600 MHz processor
[    0.007076] last_pfn = 0x7ffe0 max_arch_pfn = 0x400000000
[    0.007437] x86/PAT: Configuration [0-7]: WB  WC  UC- UC  WB  WP  UC- WT  
[    0.012272] found SMP MP-table at [mem 0x000f5ba0-0x000f5baf]
[    0.012665] Using GB pages for direct mapping
[    0.013730] ACPI: Early table checksum verification disabled
[    0.014054] ACPI: RSDP 0x00000000000F59C0 000014 (v00 BOCHS )
[    0.014391] ACPI: RSDT 0x000000007FFE1951 000034 (v01 BOCHS  BXPC     00000001 BXPC 00000001)
[    0.014889] ACPI: FACP 0x000000007FFE17FD 000074 (v01 BOCHS  BXPC     00000001 BXPC 00000001)
[    0.015388] ACPI: DSDT 0x000000007FFE0040 0017BD (v01 BOCHS  BXPC     00000001 BXPC 00000001)
[    0.015885] ACPI: FACS 0x000000007FFE0000 000040
[    0.016186] ACPI: APIC 0x000000007FFE1871 000080 (v01 BOCHS  BXPC     00000001 BXPC 00000001)
[    0.016682] ACPI: HPET 0x000000007FFE18F1 000038 (v01 BOCHS  BXPC     00000001 BXPC 00000001)
[    0.017178] ACPI: WAET 0x000000007FFE1929 000028 (v01 BOCHS  BXPC     00000001 BXPC 00000001)
[    0.017671] ACPI: Reserving FACP table memory at [mem 0x7ffe17fd-0x7ffe1870]
[    0.018072] ACPI: Reserving DSDT table memory at [mem 0x7ffe0040-0x7ffe17fc]
[    0.018473] ACPI: Reserving FACS table memory at [mem 0x7ffe0000-0x7ffe003f]
[    0.018873] ACPI: Reserving APIC table memory at [mem 0x7ffe1871-0x7ffe18f0]
[    0.019274] ACPI: Reserving HPET table memory at [mem 0x7ffe18f1-0x7ffe1928]
[    0.019674] ACPI: Reserving WAET table memory at [mem 0x7ffe1929-0x7ffe1950]
[    0.020541] No NUMA configuration found
[    0.020756] Faking a node at [mem 0x0000000000000000-0x000000007ffdffff]
[    0.021170] NODE_DATA(0) allocated [mem 0x7ffb5000-0x7ffdffff]
[    0.023953] Zone ranges:
[    0.024119]   DMA      [mem 0x0000000000001000-0x0000000000ffffff]
[    0.024479]   DMA32    [mem 0x0000000001000000-0x000000007ffdffff]
[    0.024825]   Normal   empty
[    0.024989]   Device   empty
[    0.025156] Movable zone start for each node
[    0.025409] Early memory node ranges
[    0.025608]   node   0: [mem 0x0000000000001000-0x000000000009efff]
[    0.025957]   node   0: [mem 0x0000000000100000-0x000000007ffdffff]
[    0.026308] Initmem setup node 0 [mem 0x0000000000001000-0x000000007ffdffff]
[    0.026868] On node 0, zone DMA: 1 pages in unavailable ranges
[    0.027020] On node 0, zone DMA: 97 pages in unavailable ranges
[    0.049047] On node 0, zone DMA32: 32 pages in unavailable ranges
[    0.049613] ACPI: PM-Timer IO Port: 0x608
[    0.050187] ACPI: LAPIC_NMI (acpi_id[0xff] dfl dfl lint[0x1])
[    0.050543] IOAPIC[0]: apic_id 0, version 17, address 0xfec00000, GSI 0-23
[    0.050937] ACPI: INT_SRC_OVR (bus 0 bus_irq 0 global_irq 2 dfl dfl)
[    0.051293] ACPI: INT_SRC_OVR (bus 0 bus_irq 5 global_irq 5 high level)
[    0.051663] ACPI: INT_SRC_OVR (bus 0 bus_irq 9 global_irq 9 high level)
[    0.052045] ACPI: INT_SRC_OVR (bus 0 bus_irq 10 global_irq 10 high level)
[    0.052424] ACPI: INT_SRC_OVR (bus 0 bus_irq 11 global_irq 11 high level)
[    0.052812] ACPI: Using ACPI (MADT) for SMP configuration information
[    0.053169] ACPI: HPET id: 0x8086a201 base: 0xfed00000
[    0.053461] TSC deadline timer available
[    0.053679] smpboot: Allowing 2 CPUs, 0 hotplug CPUs
[    0.053976] kvm-guest: KVM setup pv remote TLB flush
[    0.054253] kvm-guest: setup PV sched yield
[    0.054510] PM: hibernation: Registered nosave memory: [mem 0x00000000-0x00000fff]
[    0.054933] PM: hibernation: Registered nosave memory: [mem 0x0009f000-0x0009ffff]
[    0.055351] PM: hibernation: Registered nosave memory: [mem 0x000a0000-0x000effff]
[    0.055769] PM: hibernation: Registered nosave memory: [mem 0x000f0000-0x000fffff]
[    0.056198] [mem 0x80000000-0xfeffbfff] available for PCI devices
[    0.056536] Booting paravirtualized kernel on KVM
[    0.056800] clocksource: refined-jiffies: mask: 0xffffffff max_cycles: 0xffffffff, max_idle_ns: 7645519600211568 ns
[    0.057387] setup_percpu: NR_CPUS:8192 nr_cpumask_bits:2 nr_cpu_ids:2 nr_node_ids:1
[    0.058064] percpu: Embedded 66 pages/cpu s233472 r8192 d28672 u1048576
[    0.058576] kvm-guest: PV spinlocks enabled
[    0.058819] PV qspinlock hash table entries: 256 (order: 0, 4096 bytes, linear)
[    0.059236] Kernel command line: net.ifnames=0 console=ttyS0 root=/dev/sda earlyprintk=serial net.ifnames=0
[    0.060050] random: crng init done
[    0.060455] Dentry cache hash table entries: 262144 (order: 9, 2097152 bytes, linear)
[    0.060972] Inode-cache hash table entries: 131072 (order: 8, 1048576 bytes, linear)
[    0.061481] Fallback order for Node 0: 0 
[    0.061490] Built 1 zonelists, mobility grouping on.  Total pages: 515808
[    0.062071] Policy zone: DMA32
[    0.062238] mem auto-init: stack:off, heap alloc:off, heap free:off
[    0.066632] Memory: 1966936K/2096632K available (34816K kernel code, 4573K rwdata, 9848K rodata, 10444K init, 31812K bss, 129440K reserved, 0K cma-reserved)
[    0.067724] SLUB: HWalign=64, Order=0-3, MinObjects=0, CPUs=2, Nodes=1
[    0.068099] kmemleak: Kernel memory leak detector disabled
[    0.068442] ftrace: allocating 69041 entries in 270 pages
[    0.082428] ftrace: allocated 270 pages with 4 groups
[    0.084192] Dynamic Preempt: voluntary
[    0.084488] Running RCU self tests
[    0.084672] Running RCU synchronous self tests
[    0.084913] rcu: Preemptible hierarchical RCU implementation.
[    0.085220] rcu: 	RCU lockdep checking is enabled.
[    0.085476] rcu: 	RCU restricting CPUs from NR_CPUS=8192 to nr_cpu_ids=2.
[    0.085840] 	Trampoline variant of Tasks RCU enabled.
[    0.086110] 	Rude variant of Tasks RCU enabled.
[    0.086352] 	Tracing variant of Tasks RCU enabled.
[    0.086609] rcu: RCU calculated value of scheduler-enlistment delay is 25 jiffies.
[    0.087013] rcu: Adjusting geometry for rcu_fanout_leaf=16, nr_cpu_ids=2
[    0.087392] Running RCU synchronous self tests
[    0.108241] NR_IRQS: 524544, nr_irqs: 440, preallocated irqs: 16
[    0.108833] rcu: srcu_init: Setting srcu_struct sizes based on contention.
[    0.114255] Console: colour VGA+ 80x25
[    0.114499] printk: console [ttyS0] enabled
[    0.114499] printk: console [ttyS0] enabled
[    0.114961] printk: bootconsole [earlyser0] disabled
[    0.114961] printk: bootconsole [earlyser0] disabled
[    0.115511] Lock dependency validator: Copyright (c) 2006 Red Hat, Inc., Ingo Molnar
[    0.115940] ... MAX_LOCKDEP_SUBCLASSES:  8
[    0.116175] ... MAX_LOCK_DEPTH:          48
[    0.116410] ... MAX_LOCKDEP_KEYS:        8192
[    0.116658] ... CLASSHASH_SIZE:          4096
[    0.116909] ... MAX_LOCKDEP_ENTRIES:     32768
[    0.117158] ... MAX_LOCKDEP_CHAINS:      65536
[    0.117407] ... CHAINHASH_SIZE:          32768
[    0.117657]  memory used by lock dependency info: 6365 kB
[    0.117958]  memory used for stack traces: 4224 kB
[    0.118226]  per task-struct memory footprint: 1920 bytes
[    0.118561] ACPI: Core revision 20230331
[    0.118915] clocksource: hpet: mask: 0xffffffff max_cycles: 0xffffffff, max_idle_ns: 19112604467 ns
[    0.119530] APIC: Switch to symmetric I/O mode setup
[    0.119946] x2apic enabled
[    0.120223] Switched APIC routing to physical x2apic.
[    0.120504] kvm-guest: setup PV IPIs
[    0.121330] ..TIMER: vector=0x30 apic1=0 pin1=2 apic2=-1 pin2=-1
[    0.121678] clocksource: tsc-early: mask: 0xffffffffffffffff max_cycles: 0x3407c077a8d, max_idle_ns: 440795342283 ns
[    0.122267] Calibrating delay loop (skipped) preset value.. 7219.20 BogoMIPS (lpj=14438400)
[    0.122728] pid_max: default: 32768 minimum: 301
[    0.123046] LSM: initializing lsm=capability,yama,integrity
[    0.123367] Yama: becoming mindful.
[    0.126370] Mount-cache hash table entries: 4096 (order: 3, 32768 bytes, linear)
[    0.126808] Mountpoint-cache hash table entries: 4096 (order: 3, 32768 bytes, linear)
[    0.127916] x86/cpu: User Mode Instruction Prevention (UMIP) activated
[    0.128339] Last level iTLB entries: 4KB 0, 2MB 0, 4MB 0
[    0.128634] Last level dTLB entries: 4KB 0, 2MB 0, 4MB 0, 1GB 0
[    0.128969] Spectre V1 : Mitigation: usercopy/swapgs barriers and __user pointer sanitization
[    0.129434] Spectre V2 : WARNING: Unprivileged eBPF is enabled with eIBRS on, data leaks possible via Spectre v2 BHB attacks!
[    0.130046] Spectre V2 : Mitigation: Enhanced / Automatic IBRS
[    0.130260] Spectre V2 : Spectre v2 / SpectreRSB mitigation: Filling RSB on context switch
[    0.130703] Spectre V2 : Spectre v2 / PBRSB-eIBRS: Retire a single CALL on VMEXIT
[    0.131103] Spectre V2 : mitigation: Enabling conditional Indirect Branch Prediction Barrier
[    0.131545] Speculative Store Bypass: Mitigation: Speculative Store Bypass disabled via prctl
[    0.214719] Freeing SMP alternatives memory: 56K
[    0.215033] Running RCU synchronous self tests
[    0.215269] Running RCU synchronous self tests
[    0.215660] smpboot: CPU0: 12th Gen Intel(R) Core(TM) i7-12700K (family: 0x6, model: 0x97, stepping: 0x2)
[    0.216440] cblist_init_generic: Setting adjustable number of callback queues.
[    0.216828] cblist_init_generic: Setting shift to 1 and lim to 1.
[    0.217177] cblist_init_generic: Setting shift to 1 and lim to 1.
[    0.217528] cblist_init_generic: Setting shift to 1 and lim to 1.
[    0.217873] Running RCU-tasks wait API self tests
[    0.318385] Performance Events: unsupported p6 CPU model 151 no PMU driver, software events only.
[    0.318966] rcu: Hierarchical SRCU implementation.
[    0.319221] rcu: 	Max phase no-delay instances is 1000.
[    0.320340] NMI watchdog: Perf NMI watchdog permanently disabled
[    0.320760] smp: Bringing up secondary CPUs ...
[    0.322504] x86: Booting SMP configuration:
[    0.322740] .... node  #0, CPUs:      #1
[    0.322952] smp: Brought up 1 node, 2 CPUs
[    0.322952] smpboot: Max logical packages: 1
[    0.323014] smpboot: Total of 2 processors activated (14438.40 BogoMIPS)
[    0.323838] devtmpfs: initialized
[    0.326406] x86/mm: Memory block size: 128MB
[    0.327899] Running RCU synchronous self tests
[    0.327899] Running RCU synchronous self tests
[    0.327899] clocksource: jiffies: mask: 0xffffffff max_cycles: 0xffffffff, max_idle_ns: 7645041785100000 ns
[    0.330267] futex hash table entries: 512 (order: 4, 65536 bytes, linear)
[    0.330768] pinctrl core: initialized pinctrl subsystem
[    0.331314] 
[    0.331406] *************************************************************
[    0.331772] **     NOTICE NOTICE NOTICE NOTICE NOTICE NOTICE NOTICE    **
[    0.332138] **                                                         **
[    0.332503] **  IOMMU DebugFS SUPPORT HAS BEEN ENABLED IN THIS KERNEL  **
[    0.332869] **                                                         **
[    0.334265] ** This means that this kernel is built to expose internal **
[    0.334639] ** IOMMU data structures, which may compromise security on **
[    0.334639] Callback from call_rcu_tasks_trace() invoked.
[    0.335007] ** your system.                                            **
[    0.335011] **                                                         **
[    0.336044] ** If you see this message and you are not debugging the   **
[    0.336410] ** kernel, report this immediately to your vendor!         **
[    0.336776] **                                                         **
[    0.338258] **     NOTICE NOTICE NOTICE NOTICE NOTICE NOTICE NOTICE    **
[    0.338625] *************************************************************
[    0.339023] PM: RTC time: 06:08:11, date: 2023-05-24
[    0.340753] NET: Registered PF_NETLINK/PF_ROUTE protocol family
[    0.342682] DMA: preallocated 256 KiB GFP_KERNEL pool for atomic allocations
[    0.343071] DMA: preallocated 256 KiB GFP_KERNEL|GFP_DMA pool for atomic allocations
[    0.343494] DMA: preallocated 256 KiB GFP_KERNEL|GFP_DMA32 pool for atomic allocations
[    0.343945] audit: initializing netlink subsys (disabled)
[    0.344278] audit: type=2000 audit(1684908492.140:1): state=initialized audit_enabled=0 res=1
[    0.344278] thermal_sys: Registered thermal governor 'fair_share'
[    0.344278] thermal_sys: Registered thermal governor 'bang_bang'
[    0.346261] thermal_sys: Registered thermal governor 'step_wise'
[    0.346592] thermal_sys: Registered thermal governor 'user_space'
[    0.346947] cpuidle: using governor ladder
[    0.347511] cpuidle: using governor menu
[    0.347921] acpiphp: ACPI Hot Plug PCI Controller Driver version: 0.5
[    0.348449] PCI: Using configuration type 1 for base access
[    0.350621] kprobes: kprobe jump-optimization is enabled. All kprobes are optimized if possible.
[    0.351139] HugeTLB: registered 1.00 GiB page size, pre-allocated 0 pages
[    0.351139] HugeTLB: 16380 KiB vmemmap can be freed for a 1.00 GiB page
[    0.351346] HugeTLB: registered 2.00 MiB page size, pre-allocated 0 pages
[    0.351709] HugeTLB: 28 KiB vmemmap can be freed for a 2.00 MiB page
[    0.590332] ACPI: Added _OSI(Module Device)
[    0.590605] ACPI: Added _OSI(Processor Device)
[    0.590847] ACPI: Added _OSI(3.0 _SCP Extensions)
[    0.591102] ACPI: Added _OSI(Processor Aggregator Device)
[    0.596276] ACPI: 1 ACPI AML tables successfully acquired and loaded
[    3.483747] Callback from call_rcu_tasks_rude() invoked.
[    3.483747] ACPI: Interpreter enabled
[    3.483747] ACPI: PM: (supports S0 S3 S4 S5)
[    3.483747] ACPI: Using IOAPIC for interrupt routing
[    3.483747] PCI: Using host bridge windows from ACPI; if necessary, use "pci=nocrs" and report a bug
[    3.484142] PCI: Using E820 reservations for host bridge windows
[    3.484928] ACPI: Enabled 2 GPEs in block 00 to 0F
[    3.500950] ACPI: PCI Root Bridge [PCI0] (domain 0000 [bus 00-ff])
[    3.502268] acpi PNP0A03:00: _OSC: OS supports [ASPM ClockPM Segments MSI EDR HPX-Type3]
[    3.502708] acpi PNP0A03:00: _OSC: not requesting OS control; OS requires [ExtendedConfig ASPM ClockPM MSI]
[    3.503273] acpi PNP0A03:00: fail to add MMCONFIG information, can't access extended configuration space under this bridge
[    3.506638] acpiphp: Slot [3] registered
[    3.506898] acpiphp: Slot [4] registered
[    3.507156] acpiphp: Slot [5] registered
[    3.507413] acpiphp: Slot [6] registered
[    3.507671] acpiphp: Slot [7] registered
[    3.507929] acpiphp: Slot [8] registered
[    3.508188] acpiphp: Slot [9] registered
[    3.508445] acpiphp: Slot [10] registered
[    3.508708] acpiphp: Slot [11] registered
[    3.508973] acpiphp: Slot [12] registered
[    3.510303] acpiphp: Slot [13] registered
[    3.510568] acpiphp: Slot [14] registered
[    3.510831] acpiphp: Slot [15] registered
[    3.511094] acpiphp: Slot [16] registered
[    3.511356] acpiphp: Slot [17] registered
[    3.511618] acpiphp: Slot [18] registered
[    3.511880] acpiphp: Slot [19] registered
[    3.512143] acpiphp: Slot [20] registered
[    3.512407] acpiphp: Slot [21] registered
[    3.512669] acpiphp: Slot [22] registered
[    3.512931] acpiphp: Slot [23] registered
[    3.518301] acpiphp: Slot [24] registered
[    3.518562] acpiphp: Slot [25] registered
[    3.518825] acpiphp: Slot [26] registered
[    3.519090] acpiphp: Slot [27] registered
[    3.519352] acpiphp: Slot [28] registered
[    3.519616] acpiphp: Slot [29] registered
[    3.519877] acpiphp: Slot [30] registered
[    3.520140] acpiphp: Slot [31] registered
[    3.520372] PCI host bridge to bus 0000:00
[    3.520598] pci_bus 0000:00: root bus resource [io  0x0000-0x0cf7 window]
[    3.520967] pci_bus 0000:00: root bus resource [io  0x0d00-0xffff window]
[    3.522259] pci_bus 0000:00: root bus resource [mem 0x000a0000-0x000bffff window]
[    3.522666] pci_bus 0000:00: root bus resource [mem 0x80000000-0xfebfffff window]
[    3.523071] pci_bus 0000:00: root bus resource [mem 0x100000000-0x17fffffff window]
[    3.523487] pci_bus 0000:00: root bus resource [bus 00-ff]
[    3.523852] pci 0000:00:00.0: [8086:1237] type 00 class 0x060000
[    3.527400] pci 0000:00:01.0: [8086:7000] type 00 class 0x060100
[    3.528197] pci 0000:00:01.1: [8086:7010] type 00 class 0x010180
[    3.530768] pci 0000:00:01.1: reg 0x20: [io  0xc040-0xc04f]
[    3.531494] pci 0000:00:01.1: legacy IDE quirk: reg 0x10: [io  0x01f0-0x01f7]
[    3.531882] pci 0000:00:01.1: legacy IDE quirk: reg 0x14: [io  0x03f6]
[    3.532236] pci 0000:00:01.1: legacy IDE quirk: reg 0x18: [io  0x0170-0x0177]
[    3.532623] pci 0000:00:01.1: legacy IDE quirk: reg 0x1c: [io  0x0376]
[    3.534367] pci 0000:00:01.3: [8086:7113] type 00 class 0x068000
[    3.534907] pci 0000:00:01.3: quirk: [io  0x0600-0x063f] claimed by PIIX4 ACPI
[    3.535302] pci 0000:00:01.3: quirk: [io  0x0700-0x070f] claimed by PIIX4 SMB
[    3.535877] pci 0000:00:02.0: [1234:1111] type 00 class 0x030000
[    3.538263] pci 0000:00:02.0: reg 0x10: [mem 0xfd000000-0xfdffffff pref]
[    3.539820] pci 0000:00:02.0: reg 0x18: [mem 0xfebf0000-0xfebf0fff]
[    3.544587] pci 0000:00:02.0: reg 0x30: [mem 0xfebe0000-0xfebeffff pref]
[    3.545004] pci 0000:00:02.0: Video device with shadowed ROM at [mem 0x000c0000-0x000dffff]
[    3.548084] pci 0000:00:03.0: [8086:100e] type 00 class 0x020000
[    3.548787] pci 0000:00:03.0: reg 0x10: [mem 0xfebc0000-0xfebdffff]
[    3.550512] pci 0000:00:03.0: reg 0x14: [io  0xc000-0xc03f]
[    3.552264] pci 0000:00:03.0: reg 0x30: [mem 0xfeb80000-0xfebbffff pref]
[    3.563114] ACPI: PCI: Interrupt link LNKA configured for IRQ 10
[    3.563700] ACPI: PCI: Interrupt link LNKB configured for IRQ 10
[    3.564269] ACPI: PCI: Interrupt link LNKC configured for IRQ 11
[    3.564828] ACPI: PCI: Interrupt link LNKD configured for IRQ 11
[    3.566379] ACPI: PCI: Interrupt link LNKS configured for IRQ 9
[    3.567391] iommu: Default domain type: Translated 
[    3.567391] iommu: DMA domain TLB invalidation policy: lazy mode 
[    3.567483] SCSI subsystem initialized
[    3.570288] ACPI: bus type USB registered
[    3.570544] usbcore: registered new interface driver usbfs
[    3.570854] usbcore: registered new interface driver hub
[    3.571156] usbcore: registered new device driver usb
[    3.571490] pps_core: LinuxPPS API ver. 1 registered
[    3.571760] pps_core: Software ver. 5.3.6 - Copyright 2005-2007 Rodolfo Giometti <giometti@linux.it>
[    3.572252] PTP clock support registered
[    3.574281] EDAC MC: Ver: 3.0.0
[    3.574960] NetLabel: Initializing
[    3.575158] NetLabel:  domain hash size = 128
[    3.575394] NetLabel:  protocols = UNLABELED CIPSOv4 CALIPSO
[    3.575733] NetLabel:  unlabeled traffic allowed by default
[    3.576121] PCI: Using ACPI for IRQ routing
[    3.578281] pci 0000:00:02.0: vgaarb: setting as boot VGA device
[    3.578612] pci 0000:00:02.0: vgaarb: bridge control possible
[    3.578923] pci 0000:00:02.0: vgaarb: VGA device added: decodes=io+mem,owns=io+mem,locks=none
[    3.578923] vgaarb: loaded
[    3.578923] hpet0: at MMIO 0xfed00000, IRQs 2, 8, 0
[    3.578923] hpet0: 3 comparators, 64-bit 100.000000 MHz counter
[    3.586262] clocksource: Switched to clocksource kvm-clock
[    3.586969] Callback from call_rcu_tasks() invoked.
[    3.587401] VFS: Disk quotas dquot_6.6.0
[    3.587641] VFS: Dquot-cache hash table entries: 512 (order 0, 4096 bytes)
[    3.588168] pnp: PnP ACPI init
[    3.589549] pnp: PnP ACPI: found 6 devices
[    3.598331] clocksource: acpi_pm: mask: 0xffffff max_cycles: 0xffffff, max_idle_ns: 2085701024 ns
[    3.599048] NET: Registered PF_INET protocol family
[    3.599382] IP idents hash table entries: 32768 (order: 6, 262144 bytes, linear)
[    3.600418] tcp_listen_portaddr_hash hash table entries: 1024 (order: 4, 73728 bytes, linear)
[    3.600892] Table-perturb hash table entries: 65536 (order: 6, 262144 bytes, linear)
[    3.601326] TCP established hash table entries: 16384 (order: 5, 131072 bytes, linear)
[    3.601878] TCP bind hash table entries: 16384 (order: 9, 2359296 bytes, linear)
[    3.602836] TCP: Hash tables configured (established 16384 bind 16384)
[    3.603239] UDP hash table entries: 1024 (order: 5, 163840 bytes, linear)
[    3.603631] UDP-Lite hash table entries: 1024 (order: 5, 163840 bytes, linear)
[    3.604090] NET: Registered PF_UNIX/PF_LOCAL protocol family
[    3.604581] RPC: Registered named UNIX socket transport module.
[    3.604913] RPC: Registered udp transport module.
[    3.605178] RPC: Registered tcp transport module.
[    3.605434] RPC: Registered tcp NFSv4.1 backchannel transport module.
[    3.605833] pci_bus 0000:00: resource 4 [io  0x0000-0x0cf7 window]
[    3.606173] pci_bus 0000:00: resource 5 [io  0x0d00-0xffff window]
[    3.606514] pci_bus 0000:00: resource 6 [mem 0x000a0000-0x000bffff window]
[    3.606887] pci_bus 0000:00: resource 7 [mem 0x80000000-0xfebfffff window]
[    3.607261] pci_bus 0000:00: resource 8 [mem 0x100000000-0x17fffffff window]
[    3.607801] pci 0000:00:01.0: PIIX3: Enabling Passive Release
[    3.608121] pci 0000:00:00.0: Limiting direct PCI/PCI transfers
[    3.608515] PCI: CLS 0 bytes, default 64
[    3.608918] ACPI: bus type thunderbolt registered
[    3.609372] clocksource: tsc: mask: 0xffffffffffffffff max_cycles: 0x3407c077a8d, max_idle_ns: 440795342283 ns
[    3.654162] Initialise system trusted keyrings
[    3.654478] Key type blacklist registered
[    3.654946] workingset: timestamp_bits=36 max_order=19 bucket_order=0
[    3.655363] zbud: loaded
[    3.655950] squashfs: version 4.0 (2009/01/31) Phillip Lougher
[    3.656775] NFS: Registering the id_resolver key type
[    3.657089] Key type id_resolver registered
[    3.657320] Key type id_legacy registered
[    3.657551] nfs4filelayout_init: NFSv4 File Layout Driver Registering...
[    3.657921] nfs4flexfilelayout_init: NFSv4 Flexfile Layout Driver Registering...
[    3.658381] fuse: init (API version 7.38)
[    3.658930] SGI XFS with ACLs, security attributes, realtime, quota, no debug enabled
[    3.659783] 9p: Installing v9fs 9p2000 file system support
[    3.665069] Key type asymmetric registered
[    3.665327] Asymmetric key parser 'x509' registered
[    3.665617] Block layer SCSI generic (bsg) driver version 0.4 loaded (major 243)
[    3.666173] io scheduler mq-deadline registered
[    3.666443] io scheduler bfq registered
[    3.667052] shpchp: Standard Hot Plug PCI Controller Driver version: 0.4
[    3.667662] IPMI message handler: version 39.2
[    3.667932] ipmi device interface
[    3.669279] input: Power Button as /devices/LNXSYSTM:00/LNXPWRBN:00/input/input0
[    3.669921] ACPI: button: Power Button [PWRF]
[    3.670748] ERST DBG: ERST support is disabled.
[    3.671361] Serial: 8250/16550 driver, 32 ports, IRQ sharing enabled
[    3.672126] 00:04: ttyS0 at I/O 0x3f8 (irq = 4, base_baud = 115200) is a 16550A
[    3.678018] Linux agpgart interface v0.103
[    3.678757] ACPI: bus type drm_connector registered
[    3.686846] brd: module loaded
[    3.691357] loop: module loaded
[    3.694067] scsi host0: ata_piix
[    3.694548] scsi host1: ata_piix
[    3.694838] ata1: PATA max MWDMA2 cmd 0x1f0 ctl 0x3f6 bmdma 0xc040 irq 14
[    3.695209] ata2: PATA max MWDMA2 cmd 0x170 ctl 0x376 bmdma 0xc048 irq 15
[    3.696774] tun: Universal TUN/TAP device driver, 1.6
[    3.697165] e100: Intel(R) PRO/100 Network Driver
[    3.697424] e100: Copyright(c) 1999-2006 Intel Corporation
[    3.697746] e1000: Intel(R) PRO/1000 Network Driver
[    3.698012] e1000: Copyright (c) 1999-2006 Intel Corporation.
[    3.817278] ACPI: \_SB_.LNKC: Enabled at IRQ 11
[    3.853238] ata1: found unknown device (class 0)
[    3.853714] ata2: found unknown device (class 0)
[    3.854409] ata1.00: ATA-7: QEMU HARDDISK, 2.5+, max UDMA/100
[    3.854750] ata1.00: 16777216 sectors, multi 16: LBA48 
[    3.855163] ata2.00: ATAPI: QEMU DVD-ROM, 2.5+, max UDMA/100
[    3.856149] scsi 0:0:0:0: Direct-Access     ATA      QEMU HARDDISK    2.5+ PQ: 0 ANSI: 5
[    3.857204] scsi 0:0:0:0: Attached scsi generic sg0 type 0
[    3.857885] sd 0:0:0:0: [sda] 16777216 512-byte logical blocks: (8.59 GB/8.00 GiB)
[    3.858339] sd 0:0:0:0: [sda] Write Protect is off
[    3.858644] sd 0:0:0:0: [sda] Write cache: enabled, read cache: enabled, doesn't support DPO or FUA
[    3.859174] sd 0:0:0:0: [sda] Preferred minimum I/O size 512 bytes
[    3.859751] scsi 1:0:0:0: CD-ROM            QEMU     QEMU DVD-ROM     2.5+ PQ: 0 ANSI: 5
[    3.874242] scsi 1:0:0:0: Attached scsi generic sg1 type 5
[    3.874666] sd 0:0:0:0: [sda] Attached SCSI disk
[    4.139286] e1000 0000:00:03.0 eth0: (PCI:33MHz:32-bit) 52:54:00:12:34:56
[    4.139691] e1000 0000:00:03.0 eth0: Intel(R) PRO/1000 Network Connection
[    4.140127] e1000e: Intel(R) PRO/1000 Network Driver
[    4.140405] e1000e: Copyright(c) 1999 - 2015 Intel Corporation.
[    4.140772] igb: Intel(R) Gigabit Ethernet Network Driver
[    4.141082] igb: Copyright (c) 2007-2014 Intel Corporation.
[    4.141452] PPP generic driver version 2.4.2
[    4.142222] VFIO - User Level meta-driver version: 0.3
[    4.142960] usbcore: registered new interface driver uas
[    4.143303] usbcore: registered new interface driver usb-storage
[    4.143733] i8042: PNP: PS/2 Controller [PNP0303:KBD,PNP0f13:MOU] at 0x60,0x64 irq 1,12
[    4.144677] serio: i8042 KBD port at 0x60,0x64 irq 1
[    4.144984] serio: i8042 AUX port at 0x60,0x64 irq 12
[    4.145818] mousedev: PS/2 mouse device common for all mice
[    4.146651] rtc_cmos 00:05: RTC can wake from S4
[    4.147658] input: AT Translated Set 2 keyboard as /devices/platform/i8042/serio0/input/input1
[    4.148401] rtc_cmos 00:05: registered as rtc0
[    4.148707] rtc_cmos 00:05: setting system clock to 2023-05-24T06:08:14 UTC (1684908494)
[    4.149316] rtc_cmos 00:05: alarms up to one day, y3k, 242 bytes nvram, hpet irqs
[    4.149766] i2c_dev: i2c /dev entries driver
[    4.150052] device-mapper: core: CONFIG_IMA_DISABLE_HTABLE is disabled. Duplicate IMA measurements will not be recorded in the IMA log.
[    4.150749] device-mapper: uevent: version 1.0.3
[    4.151615] input: VirtualPS/2 VMware VMMouse as /devices/platform/i8042/serio1/input/input4
[    4.152195] device-mapper: ioctl: 4.48.0-ioctl (2023-03-01) initialised: dm-devel@redhat.com
[    4.152683] intel_pstate: CPU model not supported
[    4.153262] input: VirtualPS/2 VMware VMMouse as /devices/platform/i8042/serio1/input/input3
[    4.153789] sdhci: Secure Digital Host Controller Interface driver
[    4.154142] sdhci: Copyright(c) Pierre Ossman
[    4.154499] sdhci-pltfm: SDHCI platform and OF driver helper
[    4.154941] ledtrig-cpu: registered to indicate activity on CPUs
[    4.155512] drop_monitor: Initializing network drop monitor service
[    4.155989] NET: Registered PF_INET6 protocol family
[    4.157909] Segment Routing with IPv6
[    4.158143] In-situ OAM (IOAM) with IPv6
[    4.158394] NET: Registered PF_PACKET protocol family
[    4.158861] 9pnet: Installing 9P2000 support
[    4.159158] Key type dns_resolver registered
[    4.159969] IPI shorthand broadcast: enabled
[    4.171222] sched_clock: Marking stable (4160002282, 9050343)->(3158538384, 1010514241)
[    4.171927] registered taskstats version 1
[    4.172330] Loading compiled-in X.509 certificates
[    4.183054] Key type .fscrypt registered
[    4.183284] Key type fscrypt-provisioning registered
[    4.184093] Key type encrypted registered
[    4.184356] ima: No TPM chip found, activating TPM-bypass!
[    4.184677] ima: Allocated hash algorithm: sha1
[    4.184968] ima: No architecture policies found
[    4.185286] evm: Initialising EVM extended attributes:
[    4.185581] evm: security.selinux
[    4.185775] evm: security.SMACK64
[    4.185968] evm: security.SMACK64EXEC
[    4.186181] evm: security.SMACK64TRANSMUTE
[    4.186421] evm: security.SMACK64MMAP
[    4.186633] evm: security.apparmor
[    4.186830] evm: security.ima
[    4.187004] evm: security.capability
[    4.187210] evm: HMAC attrs: 0x1
[    4.188214] PM:   Magic number: 7:496:115
[    4.188744] RAS: Correctable Errors collector initialized.
[    4.189341] clk: Disabling unused clocks
[    4.190106] md: Waiting for all devices to be available before autodetect
[    4.190367] md: If you don't use raid, use raid=noautodetect
[    4.190588] md: Autodetecting RAID arrays.
[    4.190752] md: autorun ...
[    4.190864] md: ... autorun DONE.
[    4.205571] EXT4-fs (sda): mounted filesystem 23a53bb9-f815-47a5-b74c-5e08f7731193 ro with ordered data mode. Quota mode: none.
[    4.206053] VFS: Mounted root (ext4 filesystem) readonly on device 8:0.
[    4.207484] devtmpfs: mounted
[    4.212871] Freeing unused decrypted memory: 2036K
[    4.214845] Freeing unused kernel image (initmem) memory: 10444K
[    4.225080] Write protecting the kernel read-only data: 45056k
[    4.226220] Freeing unused kernel image (rodata/data gap) memory: 392K
[    4.297395] x86/mm: Checked W+X mappings: passed, no W+X pages found.
[    4.297680] Run /sbin/init as init process
[    4.368195] systemd[1]: RTC configured in localtime, applying delta of 0 minutes to system time.
[    4.387864] systemd[1]: systemd 239 (239-49.el8) running in system mode. (+PAM +AUDIT +SELINUX +IMA -APPARMOR +SMACK +SYSVINIT +UTMP +LIBCRYPTSETUP +GCRYPT +GNUTLS +ACL +XZ +LZ4 +SECCOMP +BLKID +ELFUTILS +KMOD +IDN2 -IDN +PCRE2 default-hierarchy=legacy)
[    4.388800] systemd[1]: Detected virtualization kvm.
[    4.388994] systemd[1]: Detected architecture x86-64.

Welcome to [0;31mCentOS Stream 8[0m!

[    4.440191] systemd[1]: Set hostname to <test>.
[    4.631219] systemd[1]: Listening on udev Kernel Socket.
[[0;32m  OK  [0m] Listening on udev Kernel Socket.
[    4.633780] systemd[1]: Created slice system-getty.slice.
[[0;32m  OK  [0m] Created slice system-getty.slice.
[    4.634533] systemd[1]: Listening on initctl Compatibility Named Pipe.
[[0;32m  OK  [0m] Listening on initctl Compatibility Named Pipe.
[    4.635691] systemd[1]: Created slice User and Session Slice.
[[0;32m  OK  [0m] Created slice User and Session Slice.
[    4.636405] systemd[1]: Listening on udev Control Socket.
[[0;32m  OK  [0m] Listening on udev Control Socket.
[    4.637105] systemd[1]: Listening on LVM2 poll daemon socket.
[[0;32m  OK  [0m] Listening on LVM2 poll daemon socket.
[[0;32m  OK  [0m] Listening on Process Core Dump Socket.
[[0;32m  OK  [0m] Listening on RPCbind Server Activation Socket.
[[0;32m  OK  [0m] Reached target RPC Port Mapper.
[[0;32m  OK  [0m] Listening on Journal Socket.
         Mounting Kernel Debug File System...
         Starting Remount Root and Kernel File Systems...
         Starting Setup Virtual Console...
[[0;32m  OK  [0m] Created slice system-sshd\x2dkeygen.slice.
[[0;32m  OK  [0m] Listening on multipathd control socket.
[[0;32m  OK  [0m] Started Forward Password Requests to Wall Directory Watch.
[[0;32m  OK  [0m] Listening on Journal Socket (/dev/log).
         Starting Journal Service...
[[0;32m  OK  [0m] Reached target Slices.
         Starting Load Kernel Modules...
         Mounting POSIX Message Queue File System...
[[0;32m  OK  [0m] Reached target Swap.
         Starting udev Coldplug all Devices...
[[0;32m  OK  [0m] Listening on Device-mapper event daemon FIFOs.
         Starting Monitoring of LVM2 mirrorsâ€¦ng dmeventd or progress polling...
[[0;32m  OK  [0m] Set up automount Arbitrary Executabâ€¦rmats File System Automount Point.
[[0;32m  OK  [0m] Created slice system-serial\x2dgetty.slice.
         Mounting Huge Pages File System...
[[0;32m  OK  [0m] Started Journal Service.
[[0;32m  OK  [0m] Mounted Kernel Debug File System.
[[0;1;31mFAILED[0m] Failed to start Load Kernel Modules.
See 'systemctl status systemd-modules-load.service' for details.
[[0;32m  OK  [0m] Mounted POSIX Message Queue File System.
[    4.876948] EXT4-fs (sda): re-mounted 23a53bb9-f815-47a5-b74c-5e08f7731193 r/w. Quota mode: none.
[[0;32m  OK  [0m] Started Remount Root and Kernel File Systems.
[[0;32m  OK  [0m] Mounted Huge Pages File System.
         Starting Load/Save Random Seed...
         Starting Create Static Device Nodes in /dev...
         Starting Apply Kernel Variables...
         Mounting FUSE Control File System...
         Mounting Kernel Configuration File System...
         Starting Flush Journal to Persistent Storage...
[[0;32m  OK  [0m] Started Setup Virtual Console.
[[0;32m  OK  [0m] Started udev Coldplug all Devices.
[[0;32m  OK  [0m] Started Load/Save Random Seed.
[[0;32m  OK  [0m] Started Create Static Device Nodes in /dev.
[[0;32m  OK  [0m] Started Apply Kernel Variables.
[[0;32m  OK  [0m] Mounted FUSE Control File System.
[[0;32m  OK  [0m] Mounted Kernel Configuration File System.
[[0;32m  OK  [0m] Started Flush Journal to Persistent Storage.
         Starting udev Kernel Device Manager...
         Starting udev Wait for Complete Device Initialization...
[[0;32m  OK  [0m] Started udev Kernel Device Manager.
         Starting Show Plymouth Boot Screen...
[[0;32m  OK  [0m] Started Show Plymouth Boot Screen.
[[0;32m  OK  [0m] Started Forward Password Requests to Plymouth Directory Watch.
[[0;32m  OK  [0m] Reached target Paths.
[[0;32m  OK  [0m] Reached target Local Encrypted Volumes.
[[0;32m  OK  [0m] Found device /dev/ttyS0.
[[0;32m  OK  [0m] Started Monitoring of LVM2 mirrors,â€¦sing dmeventd or progress polling.
[[0;32m  OK  [0m] Started udev Wait for Complete Device Initialization.
[[0;32m  OK  [0m] Listening on Load/Save RF Kill Switch Status /dev/rfkill Watch.
[[0;32m  OK  [0m] Reached target Local File Systems (Pre).
[[0;32m  OK  [0m] Reached target Local File Systems.
         Starting Create Volatile Files and Directories...
         Starting Restore /run/initramfs on shutdown...
         Starting Tell Plymouth To Write Out Runtime Data...
[[0;32m  OK  [0m] Started Restore /run/initramfs on shutdown.
[[0;32m  OK  [0m] Started Create Volatile Files and Directories.
[[0;32m  OK  [0m] Started Tell Plymouth To Write Out Runtime Data.
         Starting Security Auditing Service...
         Mounting RPC Pipe File System...
         Starting RPC Bind...
[[0;32m  OK  [0m] Mounted RPC Pipe File System.
[[0;32m  OK  [0m] Reached target rpc_pipefs.target.
[[0;32m  OK  [0m] Started RPC Bind.
[[0;32m  OK  [0m] Started Security Auditing Service.
         Starting Update UTMP about System Boot/Shutdown...
[[0;32m  OK  [0m] Started Update UTMP about System Boot/Shutdown.
[[0;32m  OK  [0m] Reached target System Initialization.
[[0;32m  OK  [0m] Listening on D-Bus System Message Bus Socket.
[[0;32m  OK  [0m] Started dnf makecache --timer.
[[0;32m  OK  [0m] Listening on SSSD Kerberos Cache Manager responder socket.
[[0;32m  OK  [0m] Reached target Sockets.
[[0;32m  OK  [0m] Reached target Basic System.
         Starting Self Monitoring and Reporting Technology (SMART) Daemon...
[[0;32m  OK  [0m] Started irqbalance daemon.
         Starting Auto-connect to subsystemsâ€¦-NVME devices found during boot...
[[0;32m  OK  [0m] Started D-Bus System Message Bus.
         Starting Login Service...
[[0;32m  OK  [0m] Started Machine Check Exception Logging Daemon.
         Starting Authorization Manager...
         Starting NTP client/server...
[[0;32m  OK  [0m] Started daily update of the root trust anchor for DNSSEC.
         Starting Network Manager...
[[0;32m  OK  [0m] Started Daily Cleanup of Temporary Directories.
[[0;32m  OK  [0m] Reached target Timers.
[[0;32m  OK  [0m] Reached target sshd-keygen.target.
[[0;32m  OK  [0m] Started Auto-connect to subsystems â€¦FC-NVME devices found during boot.
         Starting update of the root trust aâ€¦or DNSSEC validation in unbound...
[[0;32m  OK  [0m] Started Self Monitoring and Reporting Technology (SMART) Daemon.
[[0;32m  OK  [0m] Started Login Service.
[[0;32m  OK  [0m] Started update of the root trust anâ€¦ for DNSSEC validation in unbound.
[[0;32m  OK  [0m] Started Network Manager.
         Starting Network Manager Wait Online...
[[0;32m  OK  [0m] Reached target Network.
         Starting OpenSSH server daemon...
         Starting GSSAPI Proxy Daemon...
         Starting Dynamic System Tuning Daemon...
[[0;32m  OK  [0m] Started NTP client/server.
         Starting Hostname Service...
[[0;32m  OK  [0m] Started OpenSSH server daemon.
[[0;32m  OK  [0m] Started GSSAPI Proxy Daemon.
[[0;32m  OK  [0m] Reached target NFS client services.
[[0;32m  OK  [0m] Reached target Remote File Systems (Pre).
[[0;32m  OK  [0m] Reached target Remote File Systems.
         Starting Permit User Sessions...
[[0;32m  OK  [0m] Started Authorization Manager.
[[0;32m  OK  [0m] Started Permit User Sessions.
[[0;32m  OK  [0m] Started Command Scheduler.
         Starting Hold until boot process finishes up...
         Starting Terminate Plymouth Boot Screen...
[    6.281364] e1000: eth0 NIC Link is Up 1000 Mbps Full Duplex, Flow Control: RX
[    6.281998] IPv6: ADDRCONF(NETDEV_CHANGE): eth0: link becomes ready
[    6.443766] Spectre V2 : WARNING: Unprivileged eBPF is enabled with eIBRS on, data leaks possible via Spectre v2 BHB attacks!
[    6.444258] Spectre V2 : WARNING: Unprivileged eBPF is enabled with eIBRS on, data leaks possible via Spectre v2 BHB attacks!

CentOS Stream 8
Kernel 6.4.0-rc3-44c026a73be8+ on an x86_64

test login: [   25.832022] memfd_create() without MFD_EXEC nor MFD_NOEXEC_SEAL, pid=329 'systemd'
[   29.191013] loop0: detected capacity change from 0 to 65536
[   29.191447] XFS: noikeep mount option is deprecated.
[   29.191661] XFS: attr2 mount option is deprecated.
[   29.192996] XFS (loop0): Mounting V5 Filesystem d408de26-55fb-48ab-a8ab-aacedb20f9dd
[   29.196221] XFS (loop0): Ending clean mount
[   29.196912] XFS (loop0): Quotacheck needed: Please wait.
[   29.199141] XFS (loop0): Metadata CRC error detected at xfs_agf_read_verify+0x10e/0x140, xfs_agf block 0x1 
[   29.199547] XFS (loop0): Unmount and run xfs_repair
[   29.199734] XFS (loop0): First 128 bytes of corrupted metadata buffer:
[   29.199982] 00000000: 58 41 47 46 00 00 00 04 00 00 00 00 00 00 40 00  XAGF..........@.
[   29.200279] 00000010: 00 00 00 02 00 00 00 03 00 00 00 00 00 00 00 01  ................
[   29.200578] 00000020: 00 00 00 01 00 00 00 00 00 00 00 01 00 00 00 04  ................
[   29.200876] 00000030: 00 00 00 04 00 00 3f ca 00 00 3f c7 00 00 00 00  ......?...?.....
[   29.201188] 00000040: d4 08 de 26 55 fb 48 ab a8 ab aa ce db 20 f9 dd  ...&U.H...... ..
[   29.201486] 00000050: 00 00 00 00 00 00 00 00 00 00 00 00 00 00 00 00  ................
[   29.201785] 00000060: 00 00 00 00 00 00 00 00 00 00 00 00 00 00 00 00  ................
[   29.202083] 00000070: 00 00 00 00 00 00 00 00 00 00 00 00 00 00 00 00  ................
[   29.202454] XFS (loop0): metadata I/O error in "xfs_read_agf+0xd0/0x200" at daddr 0x1 len 1 error 74
[   29.203184] XFS (loop0): Quotacheck: Unsuccessful (Error -117): Disabling quotas.
[   29.213672] XFS (loop0): Metadata CRC error detected at xfs_agf_read_verify+0x10e/0x140, xfs_agf block 0x1 
[   29.214059] XFS (loop0): Unmount and run xfs_repair
[   29.214246] XFS (loop0): First 128 bytes of corrupted metadata buffer:
[   29.214498] 00000000: 58 41 47 46 00 00 00 04 00 00 00 00 00 00 40 00  XAGF..........@.
[   29.214796] 00000010: 00 00 00 02 00 00 00 03 00 00 00 00 00 00 00 01  ................
[   29.215094] 00000020: 00 00 00 01 00 00 00 00 00 00 00 01 00 00 00 04  ................
[   29.215392] 00000030: 00 00 00 04 00 00 3f ca 00 00 3f c7 00 00 00 00  ......?...?.....
[   29.215689] 00000040: d4 08 de 26 55 fb 48 ab a8 ab aa ce db 20 f9 dd  ...&U.H...... ..
[   29.215987] 00000050: 00 00 00 00 00 00 00 00 00 00 00 00 00 00 00 00  ................
[   29.216284] 00000060: 00 00 00 00 00 00 00 00 00 00 00 00 00 00 00 00  ................
[   29.216581] 00000070: 00 00 00 00 00 00 00 00 00 00 00 00 00 00 00 00  ................
[   29.216886] XFS (loop0): metadata I/O error in "xfs_read_agf+0xd0/0x200" at daddr 0x1 len 1 error 74
[   29.223473] XFS (loop0): Unmounting Filesystem d408de26-55fb-48ab-a8ab-aacedb20f9dd
[   29.223942] XFS (loop0): SB summary counter sanity check failed
[   29.224173] XFS (loop0): Metadata corruption detected at xfs_sb_write_verify+0x7d/0x180, xfs_sb block 0x0 
[   29.224544] XFS (loop0): Unmount and run xfs_repair
[   29.224731] XFS (loop0): First 128 bytes of corrupted metadata buffer:
[   29.224979] 00000000: 58 46 53 42 00 00 04 00 00 00 00 00 00 00 80 00  XFSB............
[   29.225304] 00000010: 00 00 00 00 00 00 00 00 00 00 00 00 00 00 00 00  ................
[   29.225603] 00000020: d4 08 de 26 55 fb 48 ab a8 ab aa ce db 20 f9 dd  ...&U.H...... ..
[   29.225902] 00000030: 00 00 00 00 00 00 40 08 00 00 00 00 00 00 00 20  ......@........ 
[   29.226200] 00000040: 00 00 00 00 00 00 00 21 00 00 00 00 00 00 00 22  .......!......."
[   29.226503] 00000050: 00 00 00 04 00 00 40 00 00 00 00 02 00 00 00 00  ......@.........
[   29.226802] 00000060: 00 00 04 98 b4 f5 02 00 02 00 00 02 00 00 00 00  ................
[   29.227101] 00000070: 00 00 00 00 00 00 00 00 0a 09 09 01 0e 00 00 14  ................
[   29.228273] XFS (loop0): Corruption of in-memory data (0x8) detected at _xfs_buf_ioapply+0x5d8/0x5f0 (fs/xfs/xfs_buf.c:1552).  Shutting down filesystem.
[   29.228788] XFS (loop0): Please unmount the filesystem and rectify the problem(s)
[   56.322257] watchdog: BUG: soft lockup - CPU#1 stuck for 26s! [repro:529]
[   56.322608] Modules linked in:
[   56.322733] irq event stamp: 22632
[   56.322866] hardirqs last  enabled at (22631): [<ffffffff82fad69e>] irqentry_exit+0x3e/0xa0
[   56.323185] hardirqs last disabled at (22632): [<ffffffff82fab7b3>] sysvec_apic_timer_interrupt+0x13/0xe0
[   56.323550] softirqs last  enabled at (9060): [<ffffffff82fcf8e9>] __do_softirq+0x2d9/0x3c3
[   56.323865] softirqs last disabled at (8463): [<ffffffff81126714>] irq_exit_rcu+0xc4/0x100
[   56.324179] CPU: 1 PID: 529 Comm: repro Not tainted 6.4.0-rc3-44c026a73be8+ #1
[   56.324455] Hardware name: QEMU Standard PC (i440FX + PIIX, 1996), BIOS rel-1.16.0-0-gd239552ce722-prebuilt.qemu.org 04/01/2014
[   56.324877] RIP: 0010:write_comp_data+0x0/0x90
[   56.325056] Code: 85 d2 74 0b 8b 86 c8 1d 00 00 39 f8 0f 94 c0 5d c3 cc cc cc cc 0f 1f 44 00 00 90 90 90 90 90 90 90 90 90 90 90 90 90 90 90 90 <55> 48 89 e5 41 57 49 89 d7 41 56 49 89 fe bf 03 00 00 00 41 55 49
[   56.325736] RSP: 0018:ffffc90000f5bc60 EFLAGS: 00000246
[   56.325936] RAX: 0000000000000001 RBX: 0000000000000001 RCX: ffffffff81a138ea
[   56.326204] RDX: 0000000000000001 RSI: 0000000000000000 RDI: 0000000000000001
[   56.326475] RBP: ffffc90000f5bc68 R08: 0000000000000000 R09: 000000000000001c
[   56.326744] R10: 0000000000000001 R11: ffffffff83d64580 R12: ffffffff81ac0c81
[   56.327011] R13: 0000000000000000 R14: 0000000000000001 R15: ffff8880134bf900
[   56.327278] FS:  00007f85f5814740(0000) GS:ffff88807dd00000(0000) knlGS:0000000000000000
[   56.327580] CS:  0010 DS: 0000 ES: 0000 CR0: 0000000080050033
[   56.327798] CR2: 00007fe75831f000 CR3: 000000000deb4004 CR4: 0000000000770ee0
[   56.328067] PKRU: 55555554
[   56.328176] Call Trace:
[   56.328273]  <TASK>
[   56.328359]  ? __sanitizer_cov_trace_const_cmp1+0x1e/0x30
[   56.328571]  xfs_perag_grab_tag+0x27a/0x460
[   56.328745]  xfs_icwalk+0x31/0xf0
[   56.328884]  xfs_reclaim_inodes+0xc6/0x140
[   56.329051]  xfs_unmount_flush_inodes+0x63/0x80
[   56.329235]  xfs_unmountfs+0x69/0x1f0
[   56.329389]  xfs_fs_put_super+0x5a/0x120
[   56.329548]  ? __pfx_xfs_fs_put_super+0x10/0x10
[   56.329730]  generic_shutdown_super+0xac/0x240
[   56.329909]  kill_block_super+0x46/0x90
[   56.330063]  deactivate_locked_super+0x52/0xb0
[   56.330242]  deactivate_super+0xb3/0xd0
[   56.330400]  cleanup_mnt+0x15e/0x1e0
[   56.330553]  __cleanup_mnt+0x1f/0x30
[   56.330704]  task_work_run+0xb6/0x120
[   56.330853]  exit_to_user_mode_prepare+0x200/0x210
[   56.331045]  syscall_exit_to_user_mode+0x2d/0x60
[   56.331229]  do_syscall_64+0x4a/0x90
[   56.331379]  entry_SYSCALL_64_after_hwframe+0x72/0xdc
[   56.331575] RIP: 0033:0x7f85f59407db
[   56.331718] Code: 96 0c 00 f7 d8 64 89 01 48 83 c8 ff c3 66 90 f3 0f 1e fa 31 f6 e9 05 00 00 00 0f 1f 44 00 00 f3 0f 1e fa b8 a6 00 00 00 0f 05 <48> 3d 01 f0 ff ff 73 01 c3 48 8b 0d 95 96 0c 00 f7 d8 64 89 01 48
[   56.332395] RSP: 002b:00007ffd74badbc8 EFLAGS: 00000202 ORIG_RAX: 00000000000000a6
[   56.332680] RAX: 0000000000000000 RBX: 0000000000000000 RCX: 00007f85f59407db
[   56.332945] RDX: 0000000000000000 RSI: 000000000000000a RDI: 00007ffd74badc70
[   56.333216] RBP: 00007ffd74baecb0 R08: 0000000000fb4333 R09: 0000000000000009
[   56.333486] R10: 0000000000404071 R11: 0000000000000202 R12: 00000000004012c0
[   56.333752] R13: 00007ffd74baedf0 R14: 0000000000000000 R15: 0000000000000000
[   56.334026]  </TASK>
[   56.334116] Kernel panic - not syncing: softlockup: hung tasks
[   56.334336] CPU: 1 PID: 529 Comm: repro Tainted: G             L     6.4.0-rc3-44c026a73be8+ #1
[   56.334670] Hardware name: QEMU Standard PC (i440FX + PIIX, 1996), BIOS rel-1.16.0-0-gd239552ce722-prebuilt.qemu.org 04/01/2014
[   56.335091] Call Trace:
[   56.335189]  <IRQ>
[   56.335273]  dump_stack_lvl+0xa9/0x110
[   56.335424]  dump_stack+0x19/0x20
[   56.335560]  panic+0x4e8/0x520
[   56.335692]  ? watchdog_timer_fn+0x31e/0x390
[   56.335867]  watchdog_timer_fn+0x337/0x390
[   56.336037]  ? __pfx_watchdog_timer_fn+0x10/0x10
[   56.336224]  __hrtimer_run_queues+0x2ed/0x5d0
[   56.336402]  hrtimer_interrupt+0x134/0x2d0
[   56.336569]  __sysvec_apic_timer_interrupt+0x9c/0x1d0
[   56.336770]  sysvec_apic_timer_interrupt+0xab/0xe0
[   56.336964]  </IRQ>
[   56.337051]  <TASK>
[   56.337138]  asm_sysvec_apic_timer_interrupt+0x1f/0x30
[   56.337340] RIP: 0010:write_comp_data+0x0/0x90
[   56.337520] Code: 85 d2 74 0b 8b 86 c8 1d 00 00 39 f8 0f 94 c0 5d c3 cc cc cc cc 0f 1f 44 00 00 90 90 90 90 90 90 90 90 90 90 90 90 90 90 90 90 <55> 48 89 e5 41 57 49 89 d7 41 56 49 89 fe bf 03 00 00 00 41 55 49
[   56.338200] RSP: 0018:ffffc90000f5bc60 EFLAGS: 00000246
[   56.338402] RAX: 0000000000000001 RBX: 0000000000000001 RCX: ffffffff81a138ea
[   56.338672] RDX: 0000000000000001 RSI: 0000000000000000 RDI: 0000000000000001
[   56.338939] RBP: ffffc90000f5bc68 R08: 0000000000000000 R09: 000000000000001c
[   56.339207] R10: 0000000000000001 R11: ffffffff83d64580 R12: ffffffff81ac0c81
[   56.339475] R13: 0000000000000000 R14: 0000000000000001 R15: ffff8880134bf900
[   56.339744]  ? xfs_icwalk+0x31/0xf0
[   56.339888]  ? xfs_perag_grab_tag+0x27a/0x460
[   56.340068]  ? __sanitizer_cov_trace_const_cmp1+0x1e/0x30
[   56.340279]  xfs_perag_grab_tag+0x27a/0x460
[   56.340451]  xfs_icwalk+0x31/0xf0
[   56.340590]  xfs_reclaim_inodes+0xc6/0x140
[   56.340758]  xfs_unmount_flush_inodes+0x63/0x80
[   56.340942]  xfs_unmountfs+0x69/0x1f0
[   56.341096]  xfs_fs_put_super+0x5a/0x120
[   56.341256]  ? __pfx_xfs_fs_put_super+0x10/0x10
[   56.341439]  generic_shutdown_super+0xac/0x240
[   56.341616]  kill_block_super+0x46/0x90
[   56.341770]  deactivate_locked_super+0x52/0xb0
[   56.341949]  deactivate_super+0xb3/0xd0
[   56.342105]  cleanup_mnt+0x15e/0x1e0
[   56.342257]  __cleanup_mnt+0x1f/0x30
[   56.342408]  task_work_run+0xb6/0x120
[   56.342560]  exit_to_user_mode_prepare+0x200/0x210
[   56.342750]  syscall_exit_to_user_mode+0x2d/0x60
[   56.342935]  do_syscall_64+0x4a/0x90
[   56.343086]  entry_SYSCALL_64_after_hwframe+0x72/0xdc
[   56.343282] RIP: 0033:0x7f85f59407db
[   56.343425] Code: 96 0c 00 f7 d8 64 89 01 48 83 c8 ff c3 66 90 f3 0f 1e fa 31 f6 e9 05 00 00 00 0f 1f 44 00 00 f3 0f 1e fa b8 a6 00 00 00 0f 05 <48> 3d 01 f0 ff ff 73 01 c3 48 8b 0d 95 96 0c 00 f7 d8 64 89 01 48
[   56.344114] RSP: 002b:00007ffd74badbc8 EFLAGS: 00000202 ORIG_RAX: 00000000000000a6
[   56.344399] RAX: 0000000000000000 RBX: 0000000000000000 RCX: 00007f85f59407db
[   56.344667] RDX: 0000000000000000 RSI: 000000000000000a RDI: 00007ffd74badc70
[   56.344934] RBP: 00007ffd74baecb0 R08: 0000000000fb4333 R09: 0000000000000009
[   56.345201] R10: 0000000000404071 R11: 0000000000000202 R12: 00000000004012c0
[   56.345472] R13: 00007ffd74baedf0 R14: 0000000000000000 R15: 0000000000000000
[   56.345746]  </TASK>
[   56.346097] Kernel Offset: disabled
[   56.346261] ---[ end Kernel panic - not syncing: softlockup: hung tasks ]---
