c[?7l[2J[0mSeaBIOS (version rel-1.16.0-0-gd239552ce722-prebuilt.qemu.org)


iPXE (http://ipxe.org) 00:03.0 CA00 PCI2.10 PnP PMM+7FF91000+7FEF1000 CA00
Press Ctrl-B to configure iPXE (PCI 00:03.0)...                                                                               


Booting from ROM..c[?7l[2J[    0.000000] Linux version 6.3.0-rc3-e76db6e50c85+ (root@p-adls01) (gcc (GCC) 8.5.0 20210514 (Red Hat 8.5.0-19), GNU ld version 2.36.1-2.el8) #1 SMP PREEMPT_DYNAMIC Wed May 24 15:31:19 CST 2023
[    0.000000] Command line: console=ttyS0 root=/dev/sda earlyprintk=serial net.ifnames=0
[    0.000000] KERNEL supported cpus:
[    0.000000]   Intel GenuineIntel
[    0.000000]   AMD AuthenticAMD
[    0.000000]   Hygon HygonGenuine
[    0.000000]   Centaur CentaurHauls
[    0.000000]   zhaoxin   Shanghai  
[    0.000000] x86/fpu: Supporting XSAVE feature 0x001: 'x87 floating point registers'
[    0.000000] x86/fpu: Supporting XSAVE feature 0x002: 'SSE registers'
[    0.000000] x86/fpu: Supporting XSAVE feature 0x004: 'AVX registers'
[    0.000000] x86/fpu: Supporting XSAVE feature 0x200: 'Protection Keys User registers'
[    0.000000] x86/fpu: xstate_offset[2]:  576, xstate_sizes[2]:  256
[    0.000000] x86/fpu: xstate_offset[9]:  832, xstate_sizes[9]:    8
[    0.000000] x86/fpu: Enabled xstate features 0x207, context size is 840 bytes, using 'compacted' format.
[    0.000000] signal: max sigframe size: 3632
[    0.000000] BIOS-provided physical RAM map:
[    0.000000] BIOS-e820: [mem 0x0000000000000000-0x000000000009fbff] usable
[    0.000000] BIOS-e820: [mem 0x000000000009fc00-0x000000000009ffff] reserved
[    0.000000] BIOS-e820: [mem 0x00000000000f0000-0x00000000000fffff] reserved
[    0.000000] BIOS-e820: [mem 0x0000000000100000-0x000000007ffdffff] usable
[    0.000000] BIOS-e820: [mem 0x000000007ffe0000-0x000000007fffffff] reserved
[    0.000000] BIOS-e820: [mem 0x00000000feffc000-0x00000000feffffff] reserved
[    0.000000] BIOS-e820: [mem 0x00000000fffc0000-0x00000000ffffffff] reserved
[    0.000000] printk: bootconsole [earlyser0] enabled
[    0.000000] NX (Execute Disable) protection: active
[    0.000000] SMBIOS 2.8 present.
[    0.000000] DMI: QEMU Standard PC (i440FX + PIIX, 1996), BIOS rel-1.16.0-0-gd239552ce722-prebuilt.qemu.org 04/01/2014
[    0.000000] Hypervisor detected: KVM
[    0.000000] kvm-clock: Using msrs 4b564d01 and 4b564d00
[    0.000003] kvm-clock: using sched offset of 427125870 cycles
[    0.000344] clocksource: kvm-clock: mask: 0xffffffffffffffff max_cycles: 0x1cd42e4dffb, max_idle_ns: 881590591483 ns
[    0.001402] tsc: Detected 3609.600 MHz processor
[    0.004000] last_pfn = 0x7ffe0 max_arch_pfn = 0x400000000
[    0.004000] x86/PAT: Configuration [0-7]: WB  WC  UC- UC  WB  WP  UC- WT  
[    0.004000] found SMP MP-table at [mem 0x000f5ba0-0x000f5baf]
[    0.004000] Using GB pages for direct mapping
[    0.004000] ACPI: Early table checksum verification disabled
[    0.004000] ACPI: RSDP 0x00000000000F59C0 000014 (v00 BOCHS )
[    0.004000] ACPI: RSDT 0x000000007FFE1951 000034 (v01 BOCHS  BXPC     00000001 BXPC 00000001)
[    0.004000] ACPI: FACP 0x000000007FFE17FD 000074 (v01 BOCHS  BXPC     00000001 BXPC 00000001)
[    0.004000] ACPI: DSDT 0x000000007FFE0040 0017BD (v01 BOCHS  BXPC     00000001 BXPC 00000001)
[    0.004000] ACPI: FACS 0x000000007FFE0000 000040
[    0.004000] ACPI: APIC 0x000000007FFE1871 000080 (v01 BOCHS  BXPC     00000001 BXPC 00000001)
[    0.004000] ACPI: HPET 0x000000007FFE18F1 000038 (v01 BOCHS  BXPC     00000001 BXPC 00000001)
[    0.004000] ACPI: WAET 0x000000007FFE1929 000028 (v01 BOCHS  BXPC     00000001 BXPC 00000001)
[    0.004000] ACPI: Reserving FACP table memory at [mem 0x7ffe17fd-0x7ffe1870]
[    0.004000] ACPI: Reserving DSDT table memory at [mem 0x7ffe0040-0x7ffe17fc]
[    0.004000] ACPI: Reserving FACS table memory at [mem 0x7ffe0000-0x7ffe003f]
[    0.004000] ACPI: Reserving APIC table memory at [mem 0x7ffe1871-0x7ffe18f0]
[    0.004000] ACPI: Reserving HPET table memory at [mem 0x7ffe18f1-0x7ffe1928]
[    0.004000] ACPI: Reserving WAET table memory at [mem 0x7ffe1929-0x7ffe1950]
[    0.004000] No NUMA configuration found
[    0.004000] Faking a node at [mem 0x0000000000000000-0x000000007ffdffff]
[    0.004000] NODE_DATA(0) allocated [mem 0x7ffb5000-0x7ffdffff]
[    0.004000] Zone ranges:
[    0.004000]   DMA      [mem 0x0000000000001000-0x0000000000ffffff]
[    0.004000]   DMA32    [mem 0x0000000001000000-0x000000007ffdffff]
[    0.004000]   Normal   empty
[    0.004000]   Device   empty
[    0.004000] Movable zone start for each node
[    0.004000] Early memory node ranges
[    0.004000]   node   0: [mem 0x0000000000001000-0x000000000009efff]
[    0.004000]   node   0: [mem 0x0000000000100000-0x000000007ffdffff]
[    0.004000] Initmem setup node 0 [mem 0x0000000000001000-0x000000007ffdffff]
[    0.004000] On node 0, zone DMA: 1 pages in unavailable ranges
[    0.004000] On node 0, zone DMA: 97 pages in unavailable ranges
[    0.004000] On node 0, zone DMA32: 32 pages in unavailable ranges
[    0.004000] ACPI: PM-Timer IO Port: 0x608
[    0.004000] ACPI: LAPIC_NMI (acpi_id[0xff] dfl dfl lint[0x1])
[    0.004000] IOAPIC[0]: apic_id 0, version 17, address 0xfec00000, GSI 0-23
[    0.004000] ACPI: INT_SRC_OVR (bus 0 bus_irq 0 global_irq 2 dfl dfl)
[    0.004000] ACPI: INT_SRC_OVR (bus 0 bus_irq 5 global_irq 5 high level)
[    0.004000] ACPI: INT_SRC_OVR (bus 0 bus_irq 9 global_irq 9 high level)
[    0.004000] ACPI: INT_SRC_OVR (bus 0 bus_irq 10 global_irq 10 high level)
[    0.004000] ACPI: INT_SRC_OVR (bus 0 bus_irq 11 global_irq 11 high level)
[    0.004000] ACPI: Using ACPI (MADT) for SMP configuration information
[    0.004000] ACPI: HPET id: 0x8086a201 base: 0xfed00000
[    0.004000] TSC deadline timer available
[    0.004000] smpboot: Allowing 2 CPUs, 0 hotplug CPUs
[    0.004000] kvm-guest: KVM setup pv remote TLB flush
[    0.004000] kvm-guest: setup PV sched yield
[    0.004000] PM: hibernation: Registered nosave memory: [mem 0x00000000-0x00000fff]
[    0.004000] PM: hibernation: Registered nosave memory: [mem 0x0009f000-0x0009ffff]
[    0.004000] PM: hibernation: Registered nosave memory: [mem 0x000a0000-0x000effff]
[    0.004000] PM: hibernation: Registered nosave memory: [mem 0x000f0000-0x000fffff]
[    0.004000] [mem 0x80000000-0xfeffbfff] available for PCI devices
[    0.004000] Booting paravirtualized kernel on KVM
[    0.004000] clocksource: refined-jiffies: mask: 0xffffffff max_cycles: 0xffffffff, max_idle_ns: 7645519600211568 ns
[    0.004000] setup_percpu: NR_CPUS:8192 nr_cpumask_bits:2 nr_cpu_ids:2 nr_node_ids:1
[    0.004000] percpu: Embedded 65 pages/cpu s229376 r8192 d28672 u1048576
[    0.004000] kvm-guest: PV spinlocks enabled
[    0.004000] PV qspinlock hash table entries: 256 (order: 0, 4096 bytes, linear)
[    0.004000] Fallback order for Node 0: 0 
[    0.004000] Built 1 zonelists, mobility grouping on.  Total pages: 515808
[    0.004000] Policy zone: DMA32
[    0.004000] Kernel command line: net.ifnames=0 console=ttyS0 root=/dev/sda earlyprintk=serial net.ifnames=0
[    0.004000] random: crng init done
[    0.004000] Dentry cache hash table entries: 262144 (order: 9, 2097152 bytes, linear)
[    0.004000] Inode-cache hash table entries: 131072 (order: 8, 1048576 bytes, linear)
[    0.004000] mem auto-init: stack:off, heap alloc:off, heap free:off
[    0.004000] Memory: 1966928K/2096632K available (34816K kernel code, 4576K rwdata, 9804K rodata, 10392K init, 31864K bss, 129448K reserved, 0K cma-reserved)
[    0.004000] SLUB: HWalign=64, Order=0-3, MinObjects=0, CPUs=2, Nodes=1
[    0.004000] kmemleak: Kernel memory leak detector disabled
[    0.004000] ftrace: allocating 68788 entries in 269 pages
[    0.004000] ftrace: allocated 269 pages with 4 groups
[    0.004000] Dynamic Preempt: voluntary
[    0.004000] Running RCU self tests
[    0.004000] Running RCU synchronous self tests
[    0.004000] rcu: Preemptible hierarchical RCU implementation.
[    0.004000] rcu: 	RCU lockdep checking is enabled.
[    0.004000] rcu: 	RCU restricting CPUs from NR_CPUS=8192 to nr_cpu_ids=2.
[    0.004000] 	Trampoline variant of Tasks RCU enabled.
[    0.004000] 	Rude variant of Tasks RCU enabled.
[    0.004000] 	Tracing variant of Tasks RCU enabled.
[    0.004000] rcu: RCU calculated value of scheduler-enlistment delay is 25 jiffies.
[    0.004000] rcu: Adjusting geometry for rcu_fanout_leaf=16, nr_cpu_ids=2
[    0.004000] Running RCU synchronous self tests
[    0.004000] NR_IRQS: 524544, nr_irqs: 440, preallocated irqs: 16
[    0.004000] rcu: srcu_init: Setting srcu_struct sizes based on contention.
[    0.004000] Console: colour VGA+ 80x25
[    0.004000] printk: console [ttyS0] enabled
[    0.004000] printk: console [ttyS0] enabled
[    0.004000] printk: bootconsole [earlyser0] disabled
[    0.004000] printk: bootconsole [earlyser0] disabled
[    0.004000] Lock dependency validator: Copyright (c) 2006 Red Hat, Inc., Ingo Molnar
[    0.004000] ... MAX_LOCKDEP_SUBCLASSES:  8
[    0.004000] ... MAX_LOCK_DEPTH:          48
[    0.004000] ... MAX_LOCKDEP_KEYS:        8192
[    0.004000] ... CLASSHASH_SIZE:          4096
[    0.004000] ... MAX_LOCKDEP_ENTRIES:     32768
[    0.004000] ... MAX_LOCKDEP_CHAINS:      65536
[    0.004000] ... CHAINHASH_SIZE:          32768
[    0.004000]  memory used by lock dependency info: 6365 kB
[    0.004000]  memory used for stack traces: 4224 kB
[    0.004000]  per task-struct memory footprint: 1920 bytes
[    0.004000] ACPI: Core revision 20221020
[    0.004000] clocksource: hpet: mask: 0xffffffff max_cycles: 0xffffffff, max_idle_ns: 19112604467 ns
[    0.004000] APIC: Switch to symmetric I/O mode setup
[    0.004000] x2apic enabled
[    0.004000] Switched APIC routing to physical x2apic.
[    0.004000] kvm-guest: setup PV IPIs
[    0.004000] ..TIMER: vector=0x30 apic1=0 pin1=2 apic2=-1 pin2=-1
[    0.004000] clocksource: tsc-early: mask: 0xffffffffffffffff max_cycles: 0x3407c077a8d, max_idle_ns: 440795342283 ns
[    0.142088] Calibrating delay loop (skipped) preset value.. 7219.20 BogoMIPS (lpj=14438400)
[    0.142638] pid_max: default: 32768 minimum: 301
[    0.146156] LSM: initializing lsm=capability,yama,integrity
[    0.146534] Yama: becoming mindful.
[    0.146883] Mount-cache hash table entries: 4096 (order: 3, 32768 bytes, linear)
[    0.147368] Mountpoint-cache hash table entries: 4096 (order: 3, 32768 bytes, linear)
[    0.148658] x86/cpu: User Mode Instruction Prevention (UMIP) activated
[    0.149153] Last level iTLB entries: 4KB 0, 2MB 0, 4MB 0
[    0.149510] Last level dTLB entries: 4KB 0, 2MB 0, 4MB 0, 1GB 0
[    0.149905] Spectre V1 : Mitigation: usercopy/swapgs barriers and __user pointer sanitization
[    0.150084] Spectre V2 : WARNING: Unprivileged eBPF is enabled with eIBRS on, data leaks possible via Spectre v2 BHB attacks!
[    0.150802] Spectre V2 : Mitigation: Enhanced / Automatic IBRS
[    0.151166] Spectre V2 : Spectre v2 / SpectreRSB mitigation: Filling RSB on context switch
[    0.151684] Spectre V2 : Spectre v2 / PBRSB-eIBRS: Retire a single CALL on VMEXIT
[    0.152147] Spectre V2 : mitigation: Enabling conditional Indirect Branch Prediction Barrier
[    0.152677] Speculative Store Bypass: Mitigation: Speculative Store Bypass disabled via prctl
[    0.245026] Freeing SMP alternatives memory: 56K
[    0.245390] Running RCU synchronous self tests
[    0.245667] Running RCU synchronous self tests
[    0.246118] smpboot: CPU0: 12th Gen Intel(R) Core(TM) i7-12700K (family: 0x6, model: 0x97, stepping: 0x2)
[    0.246971] cblist_init_generic: Setting adjustable number of callback queues.
[    0.247422] cblist_init_generic: Setting shift to 1 and lim to 1.
[    0.247840] cblist_init_generic: Setting shift to 1 and lim to 1.
[    0.248243] cblist_init_generic: Setting shift to 1 and lim to 1.
[    0.248653] Running RCU-tasks wait API self tests
[    0.350270] Performance Events: unsupported p6 CPU model 151 no PMU driver, software events only.
[    0.351484] rcu: Hierarchical SRCU implementation.
[    0.352028] rcu: 	Max phase no-delay instances is 1000.
[    0.353992] NMI watchdog: Perf NMI watchdog permanently disabled
[    0.354290] smp: Bringing up secondary CPUs ...
[    0.355266] x86: Booting SMP configuration:
[    0.355745] .... node  #0, CPUs:      #1
[    0.356146] smp: Brought up 1 node, 2 CPUs
[    0.356146] smpboot: Max logical packages: 1
[    0.356146] smpboot: Total of 2 processors activated (14438.40 BogoMIPS)
[    0.358680] devtmpfs: initialized
[    0.358733] x86/mm: Memory block size: 128MB
[    0.362467] Running RCU synchronous self tests
[    0.362974] Running RCU synchronous self tests
[    0.363512] clocksource: jiffies: mask: 0xffffffff max_cycles: 0xffffffff, max_idle_ns: 7645041785100000 ns
[    0.364561] futex hash table entries: 512 (order: 4, 65536 bytes, linear)
[    0.365520] pinctrl core: initialized pinctrl subsystem
[    0.366109] Callback from call_rcu_tasks_trace() invoked.
[    0.367287] 
[    0.367510] *************************************************************
[    0.367936] **     NOTICE NOTICE NOTICE NOTICE NOTICE NOTICE NOTICE    **
[    0.368341] **                                                         **
[    0.368749] **  IOMMU DebugFS SUPPORT HAS BEEN ENABLED IN THIS KERNEL  **
[    0.369154] **                                                         **
[    0.369559] ** This means that this kernel is built to expose internal **
[    0.369965] ** IOMMU data structures, which may compromise security on **
[    0.370082] ** your system.                                            **
[    0.370487] **                                                         **
[    0.370894] ** If you see this message and you are not debugging the   **
[    0.371304] ** kernel, report this immediately to your vendor!         **
[    0.371711] **                                                         **
[    0.372116] **     NOTICE NOTICE NOTICE NOTICE NOTICE NOTICE NOTICE    **
[    0.372523] *************************************************************
[    0.372976] PM: RTC time: 07:31:51, date: 2023-05-24
[    0.375598] NET: Registered PF_NETLINK/PF_ROUTE protocol family
[    0.376476] DMA: preallocated 256 KiB GFP_KERNEL pool for atomic allocations
[    0.376913] DMA: preallocated 256 KiB GFP_KERNEL|GFP_DMA pool for atomic allocations
[    0.377392] DMA: preallocated 256 KiB GFP_KERNEL|GFP_DMA32 pool for atomic allocations
[    0.377904] audit: initializing netlink subsys (disabled)
[    0.378146] audit: type=2000 audit(1684913511.955:1): state=initialized audit_enabled=0 res=1
[    0.378550] thermal_sys: Registered thermal governor 'fair_share'
[    0.378895] thermal_sys: Registered thermal governor 'bang_bang'
[    0.379271] thermal_sys: Registered thermal governor 'step_wise'
[    0.379632] thermal_sys: Registered thermal governor 'user_space'
[    0.380031] cpuidle: using governor ladder
[    0.380660] cpuidle: using governor menu
[    0.381145] acpiphp: ACPI Hot Plug PCI Controller Driver version: 0.5
[    0.381748] PCI: Using configuration type 1 for base access
[    0.382857] kprobes: kprobe jump-optimization is enabled. All kprobes are optimized if possible.
[    0.596962] HugeTLB: registered 1.00 GiB page size, pre-allocated 0 pages
[    0.597414] HugeTLB: 16380 KiB vmemmap can be freed for a 1.00 GiB page
[    0.597832] HugeTLB: registered 2.00 MiB page size, pre-allocated 0 pages
[    0.598083] HugeTLB: 28 KiB vmemmap can be freed for a 2.00 MiB page
[    0.601020] ACPI: Added _OSI(Module Device)
[    0.601304] ACPI: Added _OSI(Processor Device)
[    0.601588] ACPI: Added _OSI(3.0 _SCP Extensions)
[    0.601886] ACPI: Added _OSI(Processor Aggregator Device)
[    0.606524] ACPI: 1 ACPI AML tables successfully acquired and loaded
[    2.862634] Callback from call_rcu_tasks_rude() invoked.
[    2.907868] ACPI: Interpreter enabled
[    2.908106] ACPI: PM: (supports S0 S3 S4 S5)
[    2.908595] ACPI: Using IOAPIC for interrupt routing
[    2.910142] PCI: Using host bridge windows from ACPI; if necessary, use "pci=nocrs" and report a bug
[    2.910719] PCI: Using E820 reservations for host bridge windows
[    2.911658] ACPI: Enabled 2 GPEs in block 00 to 0F
[    2.924945] ACPI: PCI Root Bridge [PCI0] (domain 0000 [bus 00-ff])
[    2.925377] acpi PNP0A03:00: _OSC: OS supports [ASPM ClockPM Segments MSI EDR HPX-Type3]
[    2.925896] acpi PNP0A03:00: _OSC: not requesting OS control; OS requires [ExtendedConfig ASPM ClockPM MSI]
[    2.926131] acpi PNP0A03:00: fail to add MMCONFIG information, can't access extended configuration space under this bridge
[    2.928647] acpiphp: Slot [3] registered
[    2.928959] acpiphp: Slot [4] registered
[    2.929261] acpiphp: Slot [5] registered
[    2.929565] acpiphp: Slot [6] registered
[    2.929871] acpiphp: Slot [7] registered
[    2.930129] acpiphp: Slot [8] registered
[    2.930424] acpiphp: Slot [9] registered
[    2.930719] acpiphp: Slot [10] registered
[    2.931018] acpiphp: Slot [11] registered
[    2.931319] acpiphp: Slot [12] registered
[    2.931631] acpiphp: Slot [13] registered
[    2.931931] acpiphp: Slot [14] registered
[    2.932230] acpiphp: Slot [15] registered
[    2.932530] acpiphp: Slot [16] registered
[    2.932839] acpiphp: Slot [17] registered
[    2.933140] acpiphp: Slot [18] registered
[    2.933451] acpiphp: Slot [19] registered
[    2.933755] acpiphp: Slot [20] registered
[    2.934056] acpiphp: Slot [21] registered
[    2.934133] acpiphp: Slot [22] registered
[    2.934433] acpiphp: Slot [23] registered
[    2.934732] acpiphp: Slot [24] registered
[    2.935042] acpiphp: Slot [25] registered
[    2.935342] acpiphp: Slot [26] registered
[    2.935642] acpiphp: Slot [27] registered
[    2.935945] acpiphp: Slot [28] registered
[    2.936245] acpiphp: Slot [29] registered
[    2.936545] acpiphp: Slot [30] registered
[    2.936849] acpiphp: Slot [31] registered
[    2.937117] PCI host bridge to bus 0000:00
[    2.937375] pci_bus 0000:00: root bus resource [io  0x0000-0x0cf7 window]
[    2.937800] pci_bus 0000:00: root bus resource [io  0x0d00-0xffff window]
[    2.938081] pci_bus 0000:00: root bus resource [mem 0x000a0000-0x000bffff window]
[    2.938546] pci_bus 0000:00: root bus resource [mem 0x80000000-0xfebfffff window]
[    2.939011] pci_bus 0000:00: root bus resource [mem 0x100000000-0x17fffffff window]
[    2.939486] pci_bus 0000:00: root bus resource [bus 00-ff]
[    2.939909] pci 0000:00:00.0: [8086:1237] type 00 class 0x060000
[    2.942676] pci 0000:00:01.0: [8086:7000] type 00 class 0x060100
[    2.943627] pci 0000:00:01.1: [8086:7010] type 00 class 0x010180
[    2.945184] pci 0000:00:01.1: reg 0x20: [io  0xc040-0xc04f]
[    2.945981] pci 0000:00:01.1: legacy IDE quirk: reg 0x10: [io  0x01f0-0x01f7]
[    2.946082] pci 0000:00:01.1: legacy IDE quirk: reg 0x14: [io  0x03f6]
[    2.946487] pci 0000:00:01.1: legacy IDE quirk: reg 0x18: [io  0x0170-0x0177]
[    2.946935] pci 0000:00:01.1: legacy IDE quirk: reg 0x1c: [io  0x0376]
[    2.947579] pci 0000:00:01.3: [8086:7113] type 00 class 0x068000
[    2.948219] pci 0000:00:01.3: quirk: [io  0x0600-0x063f] claimed by PIIX4 ACPI
[    2.948687] pci 0000:00:01.3: quirk: [io  0x0700-0x070f] claimed by PIIX4 SMB
[    2.949367] pci 0000:00:02.0: [1234:1111] type 00 class 0x030000
[    2.954490] pci 0000:00:02.0: reg 0x10: [mem 0xfd000000-0xfdffffff pref]
[    2.956418] pci 0000:00:02.0: reg 0x18: [mem 0xfebf0000-0xfebf0fff]
[    2.959401] pci 0000:00:02.0: reg 0x30: [mem 0xfebe0000-0xfebeffff pref]
[    2.960454] pci 0000:00:02.0: Video device with shadowed ROM at [mem 0x000c0000-0x000dffff]
[    2.964347] pci 0000:00:03.0: [8086:100e] type 00 class 0x020000
[    2.965389] pci 0000:00:03.0: reg 0x10: [mem 0xfebc0000-0xfebdffff]
[    2.966133] pci 0000:00:03.0: reg 0x14: [io  0xc000-0xc03f]
[    2.968296] pci 0000:00:03.0: reg 0x30: [mem 0xfeb80000-0xfebbffff pref]
[    2.976401] ACPI: PCI: Interrupt link LNKA configured for IRQ 10
[    2.977093] ACPI: PCI: Interrupt link LNKB configured for IRQ 10
[    2.977751] ACPI: PCI: Interrupt link LNKC configured for IRQ 11
[    2.978360] ACPI: PCI: Interrupt link LNKD configured for IRQ 11
[    2.978865] ACPI: PCI: Interrupt link LNKS configured for IRQ 9
[    2.980115] iommu: Default domain type: Translated 
[    2.980115] iommu: DMA domain TLB invalidation policy: lazy mode 
[    2.983302] SCSI subsystem initialized
[    2.983777] ACPI: bus type USB registered
[    2.983777] usbcore: registered new interface driver usbfs
[    2.983777] usbcore: registered new interface driver hub
[    2.983777] usbcore: registered new device driver usb
[    2.983777] pps_core: LinuxPPS API ver. 1 registered
[    2.984090] pps_core: Software ver. 5.3.6 - Copyright 2005-2007 Rodolfo Giometti <giometti@linux.it>
[    2.986092] PTP clock support registered
[    2.986418] EDAC MC: Ver: 3.0.0
[    2.987598] NetLabel: Initializing
[    2.988000] NetLabel:  domain hash size = 128
[    2.990086] NetLabel:  protocols = UNLABELED CIPSOv4 CALIPSO
[    2.990808] NetLabel:  unlabeled traffic allowed by default
[    2.991595] PCI: Using ACPI for IRQ routing
[    2.991595] pci 0000:00:02.0: vgaarb: setting as boot VGA device
[    2.991595] pci 0000:00:02.0: vgaarb: bridge control possible
[    2.991595] pci 0000:00:02.0: vgaarb: VGA device added: decodes=io+mem,owns=io+mem,locks=none
[    2.994084] vgaarb: loaded
[    2.994607] hpet0: at MMIO 0xfed00000, IRQs 2, 8, 0
[    2.995183] hpet0: 3 comparators, 64-bit 100.000000 MHz counter
[    2.999310] clocksource: Switched to clocksource kvm-clock
[    3.078203] Callback from call_rcu_tasks() invoked.
[    3.082946] VFS: Disk quotas dquot_6.6.0
[    3.083499] VFS: Dquot-cache hash table entries: 512 (order 0, 4096 bytes)
[    3.084697] pnp: PnP ACPI init
[    3.087352] pnp: PnP ACPI: found 6 devices
[    3.100667] clocksource: acpi_pm: mask: 0xffffff max_cycles: 0xffffff, max_idle_ns: 2085701024 ns
[    3.102066] NET: Registered PF_INET protocol family
[    3.102786] IP idents hash table entries: 32768 (order: 6, 262144 bytes, linear)
[    3.104973] tcp_listen_portaddr_hash hash table entries: 1024 (order: 4, 73728 bytes, linear)
[    3.105948] Table-perturb hash table entries: 65536 (order: 6, 262144 bytes, linear)
[    3.106883] TCP established hash table entries: 16384 (order: 5, 131072 bytes, linear)
[    3.108066] TCP bind hash table entries: 16384 (order: 9, 2359296 bytes, linear)
[    3.111152] TCP: Hash tables configured (established 16384 bind 16384)
[    3.112027] UDP hash table entries: 1024 (order: 5, 163840 bytes, linear)
[    3.112846] UDP-Lite hash table entries: 1024 (order: 5, 163840 bytes, linear)
[    3.113823] NET: Registered PF_UNIX/PF_LOCAL protocol family
[    3.115049] RPC: Registered named UNIX socket transport module.
[    3.115745] RPC: Registered udp transport module.
[    3.116272] RPC: Registered tcp transport module.
[    3.116796] RPC: Registered tcp NFSv4.1 backchannel transport module.
[    3.117541] pci_bus 0000:00: resource 4 [io  0x0000-0x0cf7 window]
[    3.118254] pci_bus 0000:00: resource 5 [io  0x0d00-0xffff window]
[    3.118945] pci_bus 0000:00: resource 6 [mem 0x000a0000-0x000bffff window]
[    3.119703] pci_bus 0000:00: resource 7 [mem 0x80000000-0xfebfffff window]
[    3.120457] pci_bus 0000:00: resource 8 [mem 0x100000000-0x17fffffff window]
[    3.121508] pci 0000:00:01.0: PIIX3: Enabling Passive Release
[    3.122175] pci 0000:00:00.0: Limiting direct PCI/PCI transfers
[    3.122959] PCI: CLS 0 bytes, default 64
[    3.123473] ACPI: bus type thunderbolt registered
[    3.124372] clocksource: tsc: mask: 0xffffffffffffffff max_cycles: 0x3407c077a8d, max_idle_ns: 440795342283 ns
[    3.130879] Initialise system trusted keyrings
[    3.131504] Key type blacklist registered
[    3.132151] workingset: timestamp_bits=36 max_order=19 bucket_order=0
[    3.132941] zbud: loaded
[    3.134129] squashfs: version 4.0 (2009/01/31) Phillip Lougher
[    3.135536] NFS: Registering the id_resolver key type
[    3.136119] Key type id_resolver registered
[    3.136583] Key type id_legacy registered
[    3.137066] nfs4filelayout_init: NFSv4 File Layout Driver Registering...
[    3.137827] nfs4flexfilelayout_init: NFSv4 Flexfile Layout Driver Registering...
[    3.138864] fuse: init (API version 7.38)
[    3.139515] SGI XFS with ACLs, security attributes, realtime, quota, no debug enabled
[    3.140920] 9p: Installing v9fs 9p2000 file system support
[    3.150384] Key type asymmetric registered
[    3.150870] Asymmetric key parser 'x509' registered
[    3.151485] Block layer SCSI generic (bsg) driver version 0.4 loaded (major 243)
[    3.152457] io scheduler mq-deadline registered
[    3.153038] io scheduler bfq registered
[    3.153922] shpchp: Standard Hot Plug PCI Controller Driver version: 0.4
[    3.155158] IPMI message handler: version 39.2
[    3.155630] ipmi device interface
[    3.157637] input: Power Button as /devices/LNXSYSTM:00/LNXPWRBN:00/input/input0
[    3.158725] ACPI: button: Power Button [PWRF]
[    3.160246] ERST DBG: ERST support is disabled.
[    3.161094] Serial: 8250/16550 driver, 32 ports, IRQ sharing enabled
[    3.162485] 00:04: ttyS0 at I/O 0x3f8 (irq = 4, base_baud = 115200) is a 16550A
[    3.172763] Linux agpgart interface v0.103
[    3.173716] ACPI: bus type drm_connector registered
[    3.188531] brd: module loaded
[    3.195639] loop: module loaded
[    3.198812] scsi host0: ata_piix
[    3.199398] scsi host1: ata_piix
[    3.199732] ata1: PATA max MWDMA2 cmd 0x1f0 ctl 0x3f6 bmdma 0xc040 irq 14
[    3.200140] ata2: PATA max MWDMA2 cmd 0x170 ctl 0x376 bmdma 0xc048 irq 15
[    3.201527] tun: Universal TUN/TAP device driver, 1.6
[    3.201993] e100: Intel(R) PRO/100 Network Driver
[    3.202290] e100: Copyright(c) 1999-2006 Intel Corporation
[    3.202645] e1000: Intel(R) PRO/1000 Network Driver
[    3.202938] e1000: Copyright (c) 1999-2006 Intel Corporation.
[    3.339449] ACPI: \_SB_.LNKC: Enabled at IRQ 11
[    3.358307] ata1: found unknown device (class 0)
[    3.359186] ata2: found unknown device (class 0)
[    3.360373] ata1.00: ATA-7: QEMU HARDDISK, 2.5+, max UDMA/100
[    3.361013] ata1.00: 16777216 sectors, multi 16: LBA48 
[    3.361771] ata2.00: ATAPI: QEMU DVD-ROM, 2.5+, max UDMA/100
[    3.363785] scsi 0:0:0:0: Direct-Access     ATA      QEMU HARDDISK    2.5+ PQ: 0 ANSI: 5
[    3.365980] sd 0:0:0:0: Attached scsi generic sg0 type 0
[    3.366230] sd 0:0:0:0: [sda] 16777216 512-byte logical blocks: (8.59 GB/8.00 GiB)
[    3.367296] scsi 1:0:0:0: CD-ROM            QEMU     QEMU DVD-ROM     2.5+ PQ: 0 ANSI: 5
[    3.367513] sd 0:0:0:0: [sda] Write Protect is off
[    3.369066] sd 0:0:0:0: [sda] Write cache: enabled, read cache: enabled, doesn't support DPO or FUA
[    3.370185] sd 0:0:0:0: [sda] Preferred minimum I/O size 512 bytes
[    3.392023] scsi 1:0:0:0: Attached scsi generic sg1 type 5
[    3.392839] sd 0:0:0:0: [sda] Attached SCSI disk
[    3.662564] e1000 0000:00:03.0 eth0: (PCI:33MHz:32-bit) 52:54:00:12:34:56
[    3.663396] e1000 0000:00:03.0 eth0: Intel(R) PRO/1000 Network Connection
[    3.664273] e1000e: Intel(R) PRO/1000 Network Driver
[    3.664842] e1000e: Copyright(c) 1999 - 2015 Intel Corporation.
[    3.665574] igb: Intel(R) Gigabit Ethernet Network Driver
[    3.666207] igb: Copyright (c) 2007-2014 Intel Corporation.
[    3.666949] PPP generic driver version 2.4.2
[    3.667990] VFIO - User Level meta-driver version: 0.3
[    3.669062] usbcore: registered new interface driver uas
[    3.669706] usbcore: registered new interface driver usb-storage
[    3.670572] i8042: PNP: PS/2 Controller [PNP0303:KBD,PNP0f13:MOU] at 0x60,0x64 irq 1,12
[    3.672319] serio: i8042 KBD port at 0x60,0x64 irq 1
[    3.672934] serio: i8042 AUX port at 0x60,0x64 irq 12
[    3.674282] mousedev: PS/2 mouse device common for all mice
[    3.675974] input: AT Translated Set 2 keyboard as /devices/platform/i8042/serio0/input/input1
[    3.677978] input: VirtualPS/2 VMware VMMouse as /devices/platform/i8042/serio1/input/input4
[    3.678250] rtc_cmos 00:05: RTC can wake from S4
[    3.679682] input: VirtualPS/2 VMware VMMouse as /devices/platform/i8042/serio1/input/input3
[    3.680691] rtc_cmos 00:05: registered as rtc0
[    3.681321] rtc_cmos 00:05: setting system clock to 2023-05-24T07:31:55 UTC (1684913515)
[    3.682532] rtc_cmos 00:05: alarms up to one day, y3k, 242 bytes nvram, hpet irqs
[    3.683415] i2c_dev: i2c /dev entries driver
[    3.683964] device-mapper: core: CONFIG_IMA_DISABLE_HTABLE is disabled. Duplicate IMA measurements will not be recorded in the IMA log.
[    3.685289] device-mapper: uevent: version 1.0.3
[    3.686031] device-mapper: ioctl: 4.47.0-ioctl (2022-07-28) initialised: dm-devel@redhat.com
[    3.686982] intel_pstate: CPU model not supported
[    3.687623] sdhci: Secure Digital Host Controller Interface driver
[    3.688294] sdhci: Copyright(c) Pierre Ossman
[    3.688867] sdhci-pltfm: SDHCI platform and OF driver helper
[    3.689583] ledtrig-cpu: registered to indicate activity on CPUs
[    3.690697] drop_monitor: Initializing network drop monitor service
[    3.691632] NET: Registered PF_INET6 protocol family
[    3.695019] Segment Routing with IPv6
[    3.695534] In-situ OAM (IOAM) with IPv6
[    3.696033] NET: Registered PF_PACKET protocol family
[    3.696791] 9pnet: Installing 9P2000 support
[    3.697328] Key type dns_resolver registered
[    3.698665] IPI shorthand broadcast: enabled
[    3.715447] sched_clock: Marking stable (3580003791, 134076654)->(3728964461, -14884016)
[    3.717042] registered taskstats version 1
[    3.717702] Loading compiled-in X.509 certificates
[    3.718430] zswap: loaded using pool lzo/zbud
[    3.737276] Key type .fscrypt registered
[    3.737745] Key type fscrypt-provisioning registered
[    3.739217] Key type encrypted registered
[    3.739731] ima: No TPM chip found, activating TPM-bypass!
[    3.740344] ima: Allocated hash algorithm: sha1
[    3.740892] ima: No architecture policies found
[    3.741462] evm: Initialising EVM extended attributes:
[    3.742023] evm: security.selinux
[    3.742416] evm: security.SMACK64
[    3.742799] evm: security.SMACK64EXEC
[    3.743216] evm: security.SMACK64TRANSMUTE
[    3.743687] evm: security.SMACK64MMAP
[    3.744102] evm: security.apparmor
[    3.744490] evm: security.ima
[    3.744833] evm: security.capability
[    3.745241] evm: HMAC attrs: 0x1
[    3.747115] PM:   Magic number: 7:17:522
[    3.748004] RAS: Correctable Errors collector initialized.
[    3.749469] md: Waiting for all devices to be available before autodetect
[    3.749968] md: If you don't use raid, use raid=noautodetect
[    3.750405] md: Autodetecting RAID arrays.
[    3.750720] md: autorun ...
[    3.750935] md: ... autorun DONE.
[    3.761334] EXT4-fs (sda): mounted filesystem 23a53bb9-f815-47a5-b74c-5e08f7731193 with ordered data mode. Quota mode: none.
[    3.762294] VFS: Mounted root (ext4 filesystem) readonly on device 8:0.
[    3.764752] devtmpfs: mounted
[    3.769193] Freeing unused decrypted memory: 2036K
[    3.775918] Freeing unused kernel image (initmem) memory: 10392K
[    3.778182] Write protecting the kernel read-only data: 45056k
[    3.780260] Freeing unused kernel image (rodata/data gap) memory: 436K
[    3.902543] x86/mm: Checked W+X mappings: passed, no W+X pages found.
[    3.902888] Run /sbin/init as init process
[    3.999743] systemd[1]: RTC configured in localtime, applying delta of 0 minutes to system time.
[    4.030444] systemd[1]: systemd 239 (239-49.el8) running in system mode. (+PAM +AUDIT +SELINUX +IMA -APPARMOR +SMACK +SYSVINIT +UTMP +LIBCRYPTSETUP +GCRYPT +GNUTLS +ACL +XZ +LZ4 +SECCOMP +BLKID +ELFUTILS +KMOD +IDN2 -IDN +PCRE2 default-hierarchy=legacy)
[    4.031674] systemd[1]: Detected virtualization kvm.
[    4.031895] systemd[1]: Detected architecture x86-64.

Welcome to [0;31mCentOS Stream 8[0m!

[    4.110504] systemd[1]: Set hostname to <test>.
[    4.333276] systemd[1]: Reached target Swap.
[[0;32m  OK  [0m] Reached target Swap.
[    4.339284] systemd[1]: Listening on Process Core Dump Socket.
[[0;32m  OK  [0m] Listening on Process Core Dump Socket.
[    4.341907] systemd[1]: Created slice system-getty.slice.
[[0;32m  OK  [0m] Created slice system-getty.slice.
[    4.342666] systemd[1]: Listening on initctl Compatibility Named Pipe.
[[0;32m  OK  [0m] Listening on initctl Compatibility Named Pipe.
[    4.343444] systemd[1]: Listening on Device-mapper event daemon FIFOs.
[[0;32m  OK  [0m] Listening on Device-mapper event daemon FIFOs.
[    4.344338] systemd[1]: Listening on udev Control Socket.
[[0;32m  OK  [0m] Listening on udev Control Socket.
[[0;32m  OK  [0m] Listening on Journal Socket.
         Mounting Huge Pages File System...
         Starting Remount Root and Kernel File Systems...
[[0;32m  OK  [0m] Created slice system-serial\x2dgetty.slice.
         Mounting POSIX Message Queue File System...
         Starting Load Kernel Modules...
[[0;32m  OK  [0m] Created slice system-sshd\x2dkeygen.slice.
[[0;32m  OK  [0m] Listening on udev Kernel Socket.
         Starting Setup Virtual Console...
[[0;32m  OK  [0m] Listening on LVM2 poll daemon socket.
         Starting Monitoring of LVM2 mirrorsâ€¦ng dmeventd or progress polling...
         Mounting Kernel Debug File System...
[[0;32m  OK  [0m] Started Forward Password Requests to Wall Directory Watch.
         Starting udev Coldplug all Devices...
[[0;32m  OK  [0m] Created slice User and Session Slice.
[[0;32m  OK  [0m] Reached target Slices.
[[0;32m  OK  [0m] Listening on RPCbind Server Activation Socket.
[[0;32m  OK  [0m] Reached target RPC Port Mapper.
[[0;32m  OK  [0m] Listening on multipathd control socket.
[[0;32m  OK  [0m] Set up automount Arbitrary Executabâ€¦rmats File System Automount Point.
[[0;32m  OK  [0m] Listening on Journal Socket (/dev/log).
         Starting Journal Service...
[[0;32m  OK  [0m] Mounted Huge Pages File System.
[[0;32m  OK  [0m] Mounted POSIX Message Queue File System.
[[0;1;31mFAILED[0m] Failed to start Load Kernel Modules.
See 'systemctl status systemd-modules-load.service' for details.
[[0;32m  OK  [0m] Mounted Kernel Debug File System.
[    4.578149] EXT4-fs (sda): re-mounted 23a53bb9-f815-47a5-b74c-5e08f7731193. Quota mode: none.
         Mounting FUSE Control File System...
         Mounting Kernel Configuration File System...
         Starting Apply Kernel Variables...
[[0;32m  OK  [0m] Started Remount Root and Kernel File Systems.
[[0;32m  OK  [0m] Started Journal Service.
[[0;32m  OK  [0m] Mounted FUSE Control File System.
[[0;32m  OK  [0m] Mounted Kernel Configuration File System.
[[0;32m  OK  [0m] Started Apply Kernel Variables.
         Starting Flush Journal to Persistent Storage...
         Starting Create Static Device Nodes in /dev...
         Starting Load/Save Random Seed...
[[0;32m  OK  [0m] Started Load/Save Random Seed.
[[0;32m  OK  [0m] Started Flush Journal to Persistent Storage.
[[0;32m  OK  [0m] Started Create Static Device Nodes in /dev.
         Starting udev Kernel Device Manager...
[[0;32m  OK  [0m] Started udev Coldplug all Devices.
         Starting udev Wait for Complete Device Initialization...
[[0;32m  OK  [0m] Started Setup Virtual Console.
[[0;32m  OK  [0m] Started udev Kernel Device Manager.
         Starting Show Plymouth Boot Screen...
[[0;32m  OK  [0m] Started Show Plymouth Boot Screen.
[[0;32m  OK  [0m] Reached target Local Encrypted Volumes.
[[0;32m  OK  [0m] Reached target Paths.
[[0;32m  OK  [0m] Started Forward Password Requests to Plymouth Directory Watch.
[[0;32m  OK  [0m] Found device /dev/ttyS0.
[[0;32m  OK  [0m] Started Monitoring of LVM2 mirrors,â€¦sing dmeventd or progress polling.
[[0;32m  OK  [0m] Started udev Wait for Complete Device Initialization.
[[0;32m  OK  [0m] Listening on Load/Save RF Kill Switch Status /dev/rfkill Watch.
[[0;32m  OK  [0m] Reached target Local File Systems (Pre).
[[0;32m  OK  [0m] Reached target Local File Systems.
         Starting Tell Plymouth To Write Out Runtime Data...
         Starting Create Volatile Files and Directories...
         Starting Restore /run/initramfs on shutdown...
[[0;32m  OK  [0m] Started Tell Plymouth To Write Out Runtime Data.
[[0;32m  OK  [0m] Started Restore /run/initramfs on shutdown.
[[0;32m  OK  [0m] Started Create Volatile Files and Directories.
         Starting Security Auditing Service...
         Starting RPC Bind...
         Mounting RPC Pipe File System...
[[0;32m  OK  [0m] Mounted RPC Pipe File System.
[[0;32m  OK  [0m] Reached target rpc_pipefs.target.
[[0;32m  OK  [0m] Started RPC Bind.
[[0;32m  OK  [0m] Started Security Auditing Service.
         Starting Update UTMP about System Boot/Shutdown...
[[0;32m  OK  [0m] Started Update UTMP about System Boot/Shutdown.
[[0;32m  OK  [0m] Reached target System Initialization.
[[0;32m  OK  [0m] Started dnf makecache --timer.
[[0;32m  OK  [0m] Started daily update of the root trust anchor for DNSSEC.
[[0;32m  OK  [0m] Listening on SSSD Kerberos Cache Manager responder socket.
[[0;32m  OK  [0m] Started Daily Cleanup of Temporary Directories.
[[0;32m  OK  [0m] Reached target Timers.
[[0;32m  OK  [0m] Listening on D-Bus System Message Bus Socket.
[[0;32m  OK  [0m] Reached target Sockets.
[[0;32m  OK  [0m] Reached target Basic System.
         Starting Auto-connect to subsystemsâ€¦-NVME devices found during boot...
         Starting Self Monitoring and Reporting Technology (SMART) Daemon...
[[0;32m  OK  [0m] Reached target sshd-keygen.target.
[[0;32m  OK  [0m] Started Machine Check Exception Logging Daemon.
         Starting Authorization Manager...
         Starting NTP client/server...
[[0;32m  OK  [0m] Started irqbalance daemon.
         Starting Login Service...
[[0;32m  OK  [0m] Started D-Bus System Message Bus.
         Starting Network Manager...
[[0;32m  OK  [0m] Started Auto-connect to subsystems â€¦FC-NVME devices found during boot.
[[0;32m  OK  [0m] Started Self Monitoring and Reporting Technology (SMART) Daemon.
         Starting update of the root trust aâ€¦or DNSSEC validation in unbound...
[[0;32m  OK  [0m] Started Login Service.
[[0;32m  OK  [0m] Started NTP client/server.
[[0;32m  OK  [0m] Started Network Manager.
         Starting Network Manager Wait Online...
[[0;32m  OK  [0m] Reached target Network.
         Starting OpenSSH server daemon...
         Starting Dynamic System Tuning Daemon...
         Starting GSSAPI Proxy Daemon...
[[0;32m  OK  [0m] Started update of the root trust anâ€¦ for DNSSEC validation in unbound.
[[0;32m  OK  [0m] Started OpenSSH server daemon.
[[0;32m  OK  [0m] Started Authorization Manager.
         Starting Hostname Service...
[[0;32m  OK  [0m] Started GSSAPI Proxy Daemon.
[[0;32m  OK  [0m] Reached target NFS client services.
[[0;32m  OK  [0m] Reached target Remote File Systems (Pre).
[[0;32m  OK  [0m] Reached target Remote File Systems.
         Starting Permit User Sessions...
[[0;32m  OK  [0m] Started Permit User Sessions.
         Starting Hold until boot process finishes up...
         Starting Terminate Plymouth Boot Screen...
[[0;32m  OK  [0m] Started Command Scheduler.
[    6.274282] e1000: eth0 NIC Link is Up 1000 Mbps Full Duplex, Flow Control: RX
[    6.275857] IPv6: ADDRCONF(NETDEV_CHANGE): eth0: link becomes ready
[    6.475788] Spectre V2 : WARNING: Unprivileged eBPF is enabled with eIBRS on, data leaks possible via Spectre v2 BHB attacks!
[    6.476815] Spectre V2 : WARNING: Unprivileged eBPF is enabled with eIBRS on, data leaks possible via Spectre v2 BHB attacks!

CentOS Stream 8
Kernel 6.3.0-rc3-e76db6e50c85+ on an x86_64

test login: [   24.767252] memfd_create() without MFD_EXEC nor MFD_NOEXEC_SEAL, pid=334 'systemd'
[   28.624445] loop0: detected capacity change from 0 to 65536
[   28.624983] XFS: noikeep mount option is deprecated.
[   28.625209] XFS: attr2 mount option is deprecated.
[   28.627047] XFS (loop0): Mounting V5 Filesystem d408de26-55fb-48ab-a8ab-aacedb20f9dd
[   28.632374] XFS (loop0): Ending clean mount
[   28.633882] XFS (loop0): Quotacheck needed: Please wait.
[   28.637022] XFS (loop0): Metadata CRC error detected at xfs_agf_read_verify+0x10e/0x140, xfs_agf block 0x1 
[   28.638019] XFS (loop0): Unmount and run xfs_repair
[   28.638623] XFS (loop0): First 128 bytes of corrupted metadata buffer:
[   28.639179] 00000000: 58 41 47 46 00 00 00 04 00 00 00 00 00 00 40 00  XAGF..........@.
[   28.639898] 00000010: 00 00 00 02 00 00 00 03 00 00 00 00 00 00 00 01  ................
[   28.640638] 00000020: 00 00 00 01 00 00 00 00 00 00 00 01 00 00 00 04  ................
[   28.641395] 00000030: 00 00 00 04 00 00 3f ca 00 00 3f c7 00 00 00 00  ......?...?.....
[   28.642155] 00000040: d4 08 de 26 55 fb 48 ab a8 ab aa ce db 20 f9 dd  ...&U.H...... ..
[   28.642797] 00000050: 00 00 00 00 00 00 00 00 00 00 00 00 00 00 00 00  ................
[   28.643453] 00000060: 00 00 00 00 00 00 00 00 00 00 00 00 00 00 00 00  ................
[   28.644088] 00000070: 00 00 00 00 00 00 00 00 00 00 00 00 00 00 00 00  ................
[   28.644806] XFS (loop0): metadata I/O error in "xfs_read_agf+0xd0/0x200" at daddr 0x1 len 1 error 74
[   28.647232] XFS (loop0): Quotacheck: Unsuccessful (Error -117): Disabling quotas.
[   28.658375] XFS (loop0): Metadata CRC error detected at xfs_agf_read_verify+0x10e/0x140, xfs_agf block 0x1 
[   28.659120] XFS (loop0): Unmount and run xfs_repair
[   28.659491] XFS (loop0): First 128 bytes of corrupted metadata buffer:
[   28.659968] 00000000: 58 41 47 46 00 00 00 04 00 00 00 00 00 00 40 00  XAGF..........@.
[   28.660546] 00000010: 00 00 00 02 00 00 00 03 00 00 00 00 00 00 00 01  ................
[   28.661131] 00000020: 00 00 00 01 00 00 00 00 00 00 00 01 00 00 00 04  ................
[   28.661710] 00000030: 00 00 00 04 00 00 3f ca 00 00 3f c7 00 00 00 00  ......?...?.....
[   28.662318] 00000040: d4 08 de 26 55 fb 48 ab a8 ab aa ce db 20 f9 dd  ...&U.H...... ..
[   28.662910] 00000050: 00 00 00 00 00 00 00 00 00 00 00 00 00 00 00 00  ................
[   28.663491] 00000060: 00 00 00 00 00 00 00 00 00 00 00 00 00 00 00 00  ................
[   28.664065] 00000070: 00 00 00 00 00 00 00 00 00 00 00 00 00 00 00 00  ................
[   28.664662] XFS (loop0): metadata I/O error in "xfs_read_agf+0xd0/0x200" at daddr 0x1 len 1 error 74
[   28.667452] XFS (loop0): Unmounting Filesystem d408de26-55fb-48ab-a8ab-aacedb20f9dd
[   28.668528] XFS (loop0): SB summary counter sanity check failed
[   28.668991] XFS (loop0): Metadata corruption detected at xfs_sb_write_verify+0x7d/0x180, xfs_sb block 0x0 
[   28.669727] XFS (loop0): Unmount and run xfs_repair
[   28.670152] XFS (loop0): First 128 bytes of corrupted metadata buffer:
[   28.670648] 00000000: 58 46 53 42 00 00 04 00 00 00 00 00 00 00 80 00  XFSB............
[   28.671239] 00000010: 00 00 00 00 00 00 00 00 00 00 00 00 00 00 00 00  ................
[   28.671845] 00000020: d4 08 de 26 55 fb 48 ab a8 ab aa ce db 20 f9 dd  ...&U.H...... ..
[   28.672431] 00000030: 00 00 00 00 00 00 40 08 00 00 00 00 00 00 00 20  ......@........ 
[   28.673020] 00000040: 00 00 00 00 00 00 00 21 00 00 00 00 00 00 00 22  .......!......."
[   28.673603] 00000050: 00 00 00 04 00 00 40 00 00 00 00 02 00 00 00 00  ......@.........
[   28.674202] 00000060: 00 00 04 98 b4 f5 02 00 02 00 00 02 00 00 00 00  ................
[   28.674790] 00000070: 00 00 00 00 00 00 00 00 0a 09 09 01 0e 00 00 14  ................
[   28.676889] XFS (loop0): Corruption of in-memory data (0x8) detected at _xfs_buf_ioapply+0x5d8/0x5f0 (fs/xfs/xfs_buf.c:1553).  Shutting down filesystem.
[   28.677900] XFS (loop0): Please unmount the filesystem and rectify the problem(s)
[   56.354080] watchdog: BUG: soft lockup - CPU#1 stuck for 26s! [repro:544]
[   56.354419] Modules linked in:
[   56.354551] irq event stamp: 21496
[   56.354694] hardirqs last  enabled at (21495): [<ffffffff82f9466e>] irqentry_exit+0x3e/0xa0
[   56.355043] hardirqs last disabled at (21496): [<ffffffff82f927a3>] sysvec_apic_timer_interrupt+0x13/0xe0
[   56.355437] softirqs last  enabled at (7652): [<ffffffff82fb61a9>] __do_softirq+0x2d9/0x3c3
[   56.355784] softirqs last disabled at (7591): [<ffffffff81126724>] irq_exit_rcu+0xc4/0x100
[   56.356126] CPU: 1 PID: 544 Comm: repro Not tainted 6.3.0-rc3-e76db6e50c85+ #1
[   56.356429] Hardware name: QEMU Standard PC (i440FX + PIIX, 1996), BIOS rel-1.16.0-0-gd239552ce722-prebuilt.qemu.org 04/01/2014
[   56.356895] RIP: 0010:xfs_perag_grab_tag+0x34/0x460
[   56.357113] Code: 0f 1e fa 55 48 89 e5 41 56 41 55 41 89 d5 41 54 41 89 f4 53 48 89 fb 48 83 ec 10 65 48 8b 04 25 28 00 00 00 48 89 45 d8 31 c0 <e8> 47 68 8d ff e8 92 f1 80 ff e8 3d 68 8d ff 45 31 c9 45 31 c0 b9
[   56.357867] RSP: 0018:ffffc90001067c78 EFLAGS: 00000246
[   56.358089] RAX: 0000000000000000 RBX: ffff8880135e6000 RCX: 0000000000000001
[   56.358386] RDX: 0000000000000000 RSI: 0000000000000000 RDI: ffff8880135e6000
[   56.358681] RBP: ffffc90001067ca8 R08: 0000000000000001 R09: 0000000000000001
[   56.358978] R10: 0000000000000000 R11: 0000000000000001 R12: 0000000000000000
[   56.359274] R13: 0000000000000000 R14: ffffc90001067cf8 R15: ffff88800e0b2680
[   56.359579] FS:  00007fd058c39740(0000) GS:ffff88807dd00000(0000) knlGS:0000000000000000
[   56.359921] CS:  0010 DS: 0000 ES: 0000 CR0: 0000000080050033
[   56.360168] CR2: 00007f0c24004238 CR3: 000000000b8b6004 CR4: 0000000000770ee0
[   56.360475] PKRU: 55555554
[   56.360598] Call Trace:
[   56.360710]  <TASK>
[   56.360809]  xfs_icwalk+0x31/0xf0
[   56.360971]  xfs_reclaim_inodes+0xc6/0x140
[   56.361161]  xfs_unmount_flush_inodes+0x63/0x80
[   56.361370]  xfs_unmountfs+0x69/0x1f0
[   56.361539]  xfs_fs_put_super+0x5a/0x120
[   56.361721]  ? __pfx_xfs_fs_put_super+0x10/0x10
[   56.361930]  generic_shutdown_super+0xac/0x240
[   56.362142]  kill_block_super+0x43/0x80
[   56.362323]  deactivate_locked_super+0x52/0xb0
[   56.362523]  deactivate_super+0xb3/0xd0
[   56.362696]  cleanup_mnt+0x15e/0x1e0
[   56.362867]  __cleanup_mnt+0x1f/0x30
[   56.363036]  task_work_run+0xb6/0x120
[   56.363207]  exit_to_user_mode_prepare+0x200/0x210
[   56.363424]  syscall_exit_to_user_mode+0x2d/0x60
[   56.363632]  do_syscall_64+0x4a/0x90
[   56.363801]  entry_SYSCALL_64_after_hwframe+0x72/0xdc
[   56.364024] RIP: 0033:0x7fd058d657db
[   56.364184] Code: 96 0c 00 f7 d8 64 89 01 48 83 c8 ff c3 66 90 f3 0f 1e fa 31 f6 e9 05 00 00 00 0f 1f 44 00 00 f3 0f 1e fa b8 a6 00 00 00 0f 05 <48> 3d 01 f0 ff ff 73 01 c3 48 8b 0d 95 96 0c 00 f7 d8 64 89 01 48
[   56.364948] RSP: 002b:00007ffc115a85b8 EFLAGS: 00000206 ORIG_RAX: 00000000000000a6
[   56.365261] RAX: 0000000000000000 RBX: 0000000000000000 RCX: 00007fd058d657db
[   56.365555] RDX: 0000000000000000 RSI: 000000000000000a RDI: 00007ffc115a8660
[   56.365863] RBP: 00007ffc115a96a0 R08: 0000000000747333 R09: 0000000000000009
[   56.366156] R10: 0000000000404071 R11: 0000000000000206 R12: 00000000004012c0
[   56.366451] R13: 00007ffc115a97e0 R14: 0000000000000000 R15: 0000000000000000
[   56.366751]  </TASK>
[   56.366850] Kernel panic - not syncing: softlockup: hung tasks
[   56.367096] CPU: 1 PID: 544 Comm: repro Tainted: G             L     6.3.0-rc3-e76db6e50c85+ #1
[   56.367456] Hardware name: QEMU Standard PC (i440FX + PIIX, 1996), BIOS rel-1.16.0-0-gd239552ce722-prebuilt.qemu.org 04/01/2014
[   56.367918] Call Trace:
[   56.368025]  <IRQ>
[   56.368117]  dump_stack_lvl+0xa9/0x110
[   56.368287]  dump_stack+0x19/0x20
[   56.368438]  panic+0x4fd/0x520
[   56.368579]  ? watchdog_timer_fn+0x31e/0x390
[   56.368775]  watchdog_timer_fn+0x337/0x390
[   56.368959]  ? __pfx_watchdog_timer_fn+0x10/0x10
[   56.369163]  __hrtimer_run_queues+0x2ed/0x5d0
[   56.369365]  hrtimer_interrupt+0x134/0x2d0
[   56.369553]  __sysvec_apic_timer_interrupt+0x9c/0x1d0
[   56.369775]  sysvec_apic_timer_interrupt+0xab/0xe0
[   56.369993]  </IRQ>
[   56.370088]  <TASK>
[   56.370184]  asm_sysvec_apic_timer_interrupt+0x1f/0x30
[   56.370408] RIP: 0010:xfs_perag_grab_tag+0x34/0x460
[   56.370626] Code: 0f 1e fa 55 48 89 e5 41 56 41 55 41 89 d5 41 54 41 89 f4 53 48 89 fb 48 83 ec 10 65 48 8b 04 25 28 00 00 00 48 89 45 d8 31 c0 <e8> 47 68 8d ff e8 92 f1 80 ff e8 3d 68 8d ff 45 31 c9 45 31 c0 b9
[   56.371367] RSP: 0018:ffffc90001067c78 EFLAGS: 00000246
[   56.371583] RAX: 0000000000000000 RBX: ffff8880135e6000 RCX: 0000000000000001
[   56.371871] RDX: 0000000000000000 RSI: 0000000000000000 RDI: ffff8880135e6000
[   56.372158] RBP: ffffc90001067ca8 R08: 0000000000000001 R09: 0000000000000001
[   56.372445] R10: 0000000000000000 R11: 0000000000000001 R12: 0000000000000000
[   56.372732] R13: 0000000000000000 R14: ffffc90001067cf8 R15: ffff88800e0b2680
[   56.373028]  xfs_icwalk+0x31/0xf0
[   56.373180]  xfs_reclaim_inodes+0xc6/0x140
[   56.373362]  xfs_unmount_flush_inodes+0x63/0x80
[   56.373556]  xfs_unmountfs+0x69/0x1f0
[   56.373716]  xfs_fs_put_super+0x5a/0x120
[   56.373890]  ? __pfx_xfs_fs_put_super+0x10/0x10
[   56.374090]  generic_shutdown_super+0xac/0x240
[   56.374286]  kill_block_super+0x43/0x80
[   56.374458]  deactivate_locked_super+0x52/0xb0
[   56.374648]  deactivate_super+0xb3/0xd0
[   56.374813]  cleanup_mnt+0x15e/0x1e0
[   56.374974]  __cleanup_mnt+0x1f/0x30
[   56.375134]  task_work_run+0xb6/0x120
[   56.375298]  exit_to_user_mode_prepare+0x200/0x210
[   56.375509]  syscall_exit_to_user_mode+0x2d/0x60
[   56.375715]  do_syscall_64+0x4a/0x90
[   56.375878]  entry_SYSCALL_64_after_hwframe+0x72/0xdc
[   56.376099] RIP: 0033:0x7fd058d657db
[   56.376255] Code: 96 0c 00 f7 d8 64 89 01 48 83 c8 ff c3 66 90 f3 0f 1e fa 31 f6 e9 05 00 00 00 0f 1f 44 00 00 f3 0f 1e fa b8 a6 00 00 00 0f 05 <48> 3d 01 f0 ff ff 73 01 c3 48 8b 0d 95 96 0c 00 f7 d8 64 89 01 48
[   56.377005] RSP: 002b:00007ffc115a85b8 EFLAGS: 00000206 ORIG_RAX: 00000000000000a6
[   56.377321] RAX: 0000000000000000 RBX: 0000000000000000 RCX: 00007fd058d657db
[   56.377617] RDX: 0000000000000000 RSI: 000000000000000a RDI: 00007ffc115a8660
[   56.377913] RBP: 00007ffc115a96a0 R08: 0000000000747333 R09: 0000000000000009
[   56.378209] R10: 0000000000404071 R11: 0000000000000206 R12: 00000000004012c0
[   56.378506] R13: 00007ffc115a97e0 R14: 0000000000000000 R15: 0000000000000000
[   56.378811]  </TASK>
[   56.378975] Kernel Offset: disabled
[   56.379160] ---[ end Kernel panic - not syncing: softlockup: hung tasks ]---
