c[?7l[2J[0mSeaBIOS (version rel-1.16.0-0-gd239552ce722-prebuilt.qemu.org)


iPXE (http://ipxe.org) 00:03.0 CA00 PCI2.10 PnP PMM+7FF91000+7FEF1000 CA00
Press Ctrl-B to configure iPXE (PCI 00:03.0)...                                                                               


Booting from ROM...
c[?7l[2J[    0.000000] Linux version 5.12.0-0080665fbd0e+ (root@p-tglh01.sh.intel.com) (gcc (GCC) 8.5.0 20210514 (Red Hat 8.5.0-17), GNU ld version 2.36.1-2.el8) #1 SMP Mon Nov 7 20:45:05 CST 2022
[    0.000000] Command line: console=ttyS0 root=/dev/sda earlyprintk=serial net.ifnames=0
[    0.000000] KERNEL supported cpus:
[    0.000000]   Intel GenuineIntel
[    0.000000]   AMD AuthenticAMD
[    0.000000]   Hygon HygonGenuine
[    0.000000]   Centaur CentaurHauls
[    0.000000]   zhaoxin   Shanghai  
[    0.000000] x86/fpu: Supporting XSAVE feature 0x001: 'x87 floating point registers'
[    0.000000] x86/fpu: Supporting XSAVE feature 0x002: 'SSE registers'
[    0.000000] x86/fpu: Supporting XSAVE feature 0x004: 'AVX registers'
[    0.000000] x86/fpu: Supporting XSAVE feature 0x020: 'AVX-512 opmask'
[    0.000000] x86/fpu: Supporting XSAVE feature 0x040: 'AVX-512 Hi256'
[    0.000000] x86/fpu: Supporting XSAVE feature 0x080: 'AVX-512 ZMM_Hi256'
[    0.000000] x86/fpu: Supporting XSAVE feature 0x200: 'Protection Keys User registers'
[    0.000000] x86/fpu: xstate_offset[2]:  576, xstate_sizes[2]:  256
[    0.000000] x86/fpu: xstate_offset[5]:  832, xstate_sizes[5]:   64
[    0.000000] x86/fpu: xstate_offset[6]:  896, xstate_sizes[6]:  512
[    0.000000] x86/fpu: xstate_offset[7]: 1408, xstate_sizes[7]: 1024
[    0.000000] x86/fpu: xstate_offset[9]: 2432, xstate_sizes[9]:    8
[    0.000000] x86/fpu: Enabled xstate features 0x2e7, context size is 2440 bytes, using 'compacted' format.
[    0.000000] BIOS-provided physical RAM map:
[    0.000000] BIOS-e820: [mem 0x0000000000000000-0x000000000009fbff] usable
[    0.000000] BIOS-e820: [mem 0x000000000009fc00-0x000000000009ffff] reserved
[    0.000000] BIOS-e820: [mem 0x00000000000f0000-0x00000000000fffff] reserved
[    0.000000] BIOS-e820: [mem 0x0000000000100000-0x000000007ffdffff] usable
[    0.000000] BIOS-e820: [mem 0x000000007ffe0000-0x000000007fffffff] reserved
[    0.000000] BIOS-e820: [mem 0x00000000feffc000-0x00000000feffffff] reserved
[    0.000000] BIOS-e820: [mem 0x00000000fffc0000-0x00000000ffffffff] reserved
[    0.000000] printk: bootconsole [earlyser0] enabled
[    0.000000] NX (Execute Disable) protection: active
[    0.000000] SMBIOS 2.8 present.
[    0.000000] DMI: QEMU Standard PC (i440FX + PIIX, 1996), BIOS rel-1.16.0-0-gd239552ce722-prebuilt.qemu.org 04/01/2014
[    0.000000] Hypervisor detected: KVM
[    0.000000] kvm-clock: Using msrs 4b564d01 and 4b564d00
[    0.000000] kvm-clock: cpu 0, msr 4601001, primary cpu clock
[    0.000005] kvm-clock: using sched offset of 437724139 cycles
[    0.000905] clocksource: kvm-clock: mask: 0xffffffffffffffff max_cycles: 0x1cd42e4dffb, max_idle_ns: 881590591483 ns
[    0.003508] tsc: Detected 3110.400 MHz processor
[    0.015826] last_pfn = 0x7ffe0 max_arch_pfn = 0x400000000
[    0.016784] x86/PAT: Configuration [0-7]: WB  WC  UC- UC  WB  WP  UC- WT  
[    0.028886] found SMP MP-table at [mem 0x000f5ba0-0x000f5baf]
[    0.029951] Using GB pages for direct mapping
[    0.032121] ACPI: Early table checksum verification disabled
[    0.033026] ACPI: RSDP 0x00000000000F59C0 000014 (v00 BOCHS )
[    0.033972] ACPI: RSDT 0x000000007FFE1951 000034 (v01 BOCHS  BXPC     00000001 BXPC 00000001)
[    0.035375] ACPI: FACP 0x000000007FFE17FD 000074 (v01 BOCHS  BXPC     00000001 BXPC 00000001)
[    0.036756] ACPI: DSDT 0x000000007FFE0040 0017BD (v01 BOCHS  BXPC     00000001 BXPC 00000001)
[    0.038155] ACPI: FACS 0x000000007FFE0000 000040
[    0.038924] ACPI: APIC 0x000000007FFE1871 000080 (v01 BOCHS  BXPC     00000001 BXPC 00000001)
[    0.040328] ACPI: HPET 0x000000007FFE18F1 000038 (v01 BOCHS  BXPC     00000001 BXPC 00000001)
[    0.041694] ACPI: WAET 0x000000007FFE1929 000028 (v01 BOCHS  BXPC     00000001 BXPC 00000001)
[    0.043080] ACPI: Reserving FACP table memory at [mem 0x7ffe17fd-0x7ffe1870]
[    0.044227] ACPI: Reserving DSDT table memory at [mem 0x7ffe0040-0x7ffe17fc]
[    0.045329] ACPI: Reserving FACS table memory at [mem 0x7ffe0000-0x7ffe003f]
[    0.046445] ACPI: Reserving APIC table memory at [mem 0x7ffe1871-0x7ffe18f0]
[    0.047583] ACPI: Reserving HPET table memory at [mem 0x7ffe18f1-0x7ffe1928]
[    0.048703] ACPI: Reserving WAET table memory at [mem 0x7ffe1929-0x7ffe1950]
[    0.051472] No NUMA configuration found
[    0.052109] Faking a node at [mem 0x0000000000000000-0x000000007ffdffff]
[    0.053310] NODE_DATA(0) allocated [mem 0x7ffb5000-0x7ffdffff]
[    0.060187] Zone ranges:
[    0.060609]   DMA      [mem 0x0000000000001000-0x0000000000ffffff]
[    0.061628]   DMA32    [mem 0x0000000001000000-0x000000007ffdffff]
[    0.062648]   Normal   empty
[    0.063129]   Device   empty
[    0.063595] Movable zone start for each node
[    0.064270] Early memory node ranges
[    0.064849]   node   0: [mem 0x0000000000001000-0x000000000009efff]
[    0.065883]   node   0: [mem 0x0000000000100000-0x000000007ffdffff]
[    0.066919] Initmem setup node 0 [mem 0x0000000000001000-0x000000007ffdffff]
[    0.068666]   DMA zone: 28770 pages in unavailable ranges
[    0.076599]   DMA32 zone: 32 pages in unavailable ranges
[    0.077964] ACPI: PM-Timer IO Port: 0x608
[    0.078677] ACPI: LAPIC_NMI (acpi_id[0xff] dfl dfl lint[0x1])
[    0.079682] IOAPIC[0]: apic_id 0, version 17, address 0xfec00000, GSI 0-23
[    0.080814] ACPI: INT_SRC_OVR (bus 0 bus_irq 0 global_irq 2 dfl dfl)
[    0.081846] ACPI: INT_SRC_OVR (bus 0 bus_irq 5 global_irq 5 high level)
[    0.082944] ACPI: INT_SRC_OVR (bus 0 bus_irq 9 global_irq 9 high level)
[    0.084031] ACPI: INT_SRC_OVR (bus 0 bus_irq 10 global_irq 10 high level)
[    0.085158] ACPI: INT_SRC_OVR (bus 0 bus_irq 11 global_irq 11 high level)
[    0.086381] Using ACPI (MADT) for SMP configuration information
[    0.087392] ACPI: HPET id: 0x8086a201 base: 0xfed00000
[    0.088284] TSC deadline timer available
[    0.088889] smpboot: Allowing 2 CPUs, 0 hotplug CPUs
[    0.089728] kvm-guest: KVM setup pv remote TLB flush
[    0.090550] kvm-guest: setup PV sched yield
[    0.091306] PM: hibernation: Registered nosave memory: [mem 0x00000000-0x00000fff]
[    0.092564] PM: hibernation: Registered nosave memory: [mem 0x0009f000-0x0009ffff]
[    0.093789] PM: hibernation: Registered nosave memory: [mem 0x000a0000-0x000effff]
[    0.095017] PM: hibernation: Registered nosave memory: [mem 0x000f0000-0x000fffff]
[    0.096269] [mem 0x80000000-0xfeffbfff] available for PCI devices
[    0.097242] Booting paravirtualized kernel on KVM
[    0.098016] clocksource: refined-jiffies: mask: 0xffffffff max_cycles: 0xffffffff, max_idle_ns: 7645519600211568 ns
[    0.099736] setup_percpu: NR_CPUS:8192 nr_cpumask_bits:2 nr_cpu_ids:2 nr_node_ids:1
[    0.101355] percpu: Embedded 56 pages/cpu s192512 r8192 d28672 u1048576
[    0.102805] kvm-guest: KVM setup async PF for cpu 0
[    0.103617] kvm-guest: stealtime: cpu 0, msr 7dc2e080
[    0.104477] kvm-guest: PV spinlocks enabled
[    0.105168] PV qspinlock hash table entries: 256 (order: 0, 4096 bytes, linear)
[    0.106404] Built 1 zonelists, mobility grouping on.  Total pages: 515945
[    0.107547] Policy zone: DMA32
[    0.108059] Kernel command line: net.ifnames=0 console=ttyS0 root=/dev/sda earlyprintk=serial net.ifnames=0
[    0.110609] Dentry cache hash table entries: 262144 (order: 9, 2097152 bytes, linear)
[    0.112064] Inode-cache hash table entries: 131072 (order: 8, 1048576 bytes, linear)
[    0.113499] mem auto-init: stack:off, heap alloc:off, heap free:off
[    0.119549] Memory: 2002380K/2096632K available (28688K kernel code, 4283K rwdata, 7300K rodata, 3316K init, 10648K bss, 93996K reserved, 0K cma-reserved)
[    0.121857] random: get_random_u64 called from __kmem_cache_create+0x2f/0x440 with crng_init=0
[    0.122602] SLUB: HWalign=64, Order=0-3, MinObjects=0, CPUs=2, Nodes=1
[    0.125134] kmemleak: Kernel memory leak detector disabled
[    0.126056] ftrace: allocating 62696 entries in 245 pages
[    0.300796] ftrace: allocated 245 pages with 6 groups
[    0.301892] rcu: Hierarchical RCU implementation.
[    0.302670] rcu: 	RCU restricting CPUs from NR_CPUS=8192 to nr_cpu_ids=2.
[    0.303789] 	Trampoline variant of Tasks RCU enabled.
[    0.304609] 	Rude variant of Tasks RCU enabled.
[    0.305328] 	Tracing variant of Tasks RCU enabled.
[    0.306113] rcu: RCU calculated value of scheduler-enlistment delay is 25 jiffies.
[    0.307357] rcu: Adjusting geometry for rcu_fanout_leaf=16, nr_cpu_ids=2
[    0.339670] NR_IRQS: 524544, nr_irqs: 440, preallocated irqs: 16
[    0.355609] Console: colour VGA+ 80x25
[    0.356328] printk: console [ttyS0] enabled
[    0.356328] printk: console [ttyS0] enabled
[    0.357693] printk: bootconsole [earlyser0] disabled
[    0.357693] printk: bootconsole [earlyser0] disabled
[    0.359400] ACPI: Core revision 20210331
[    0.360438] clocksource: hpet: mask: 0xffffffff max_cycles: 0xffffffff, max_idle_ns: 19112604467 ns
[    0.362140] APIC: Switch to symmetric I/O mode setup
[    0.363319] x2apic enabled
[    0.364161] Switched APIC routing to physical x2apic.
[    0.365013] kvm-guest: setup PV IPIs
[    0.367059] ..TIMER: vector=0x30 apic1=0 pin1=2 apic2=-1 pin2=-1
[    0.368148] clocksource: tsc-early: mask: 0xffffffffffffffff max_cycles: 0x2cd5a8bb032, max_idle_ns: 440795365915 ns
[    0.369887] Calibrating delay loop (skipped) preset value.. 6220.80 BogoMIPS (lpj=12441600)
[    0.373888] pid_max: default: 32768 minimum: 301
[    0.374778] LSM: Security Framework initializing
[    0.375552] Yama: becoming mindful.
[    0.376293] Mount-cache hash table entries: 4096 (order: 3, 32768 bytes, linear)
[    0.377894] Mountpoint-cache hash table entries: 4096 (order: 3, 32768 bytes, linear)
[    0.380117] x86/cpu: User Mode Instruction Prevention (UMIP) activated
[    0.382151] Last level iTLB entries: 4KB 0, 2MB 0, 4MB 0
[    0.383031] Last level dTLB entries: 4KB 0, 2MB 0, 4MB 0, 1GB 0
[    0.384019] Spectre V1 : Mitigation: usercopy/swapgs barriers and __user pointer sanitization
[    0.385379] Spectre V2 : Mitigation: Enhanced IBRS
[    0.385886] Spectre V2 : Spectre v2 / SpectreRSB mitigation: Filling RSB on context switch
[    0.387184] Spectre V2 : mitigation: Enabling conditional Indirect Branch Prediction Barrier
[    0.388466] Speculative Store Bypass: Mitigation: Speculative Store Bypass disabled via prctl and seccomp
[    0.442554] Freeing SMP alternatives memory: 52K
[    0.443551] smpboot: CPU0: Genuine Intel(R) CPU 0000 @ 2.20GHz (family: 0x6, model: 0x8d, stepping: 0x0)
[    0.445360] Performance Events: Icelake events, full-width counters, Intel PMU driver.
[    0.445882] ... version:                2
[    0.445882] ... bit width:              48
[    0.445889] ... generic registers:      8
[    0.446524] ... value mask:             0000ffffffffffff
[    0.447368] ... max period:             00007fffffffffff
[    0.448243] ... fixed-purpose events:   3
[    0.448896] ... event mask:             00000007000000ff
[    0.450080] rcu: Hierarchical SRCU implementation.
[    0.454340] smp: Bringing up secondary CPUs ...
[    0.455325] x86: Booting SMP configuration:
[    0.455991] .... node  #0, CPUs:      #1
[    0.028645] kvm-clock: cpu 1, msr 4601041, secondary cpu clock
[    0.457330] kvm-guest: KVM setup async PF for cpu 1
[    0.457330] kvm-guest: stealtime: cpu 1, msr 7dd2e080
[    0.457928] smp: Brought up 1 node, 2 CPUs
[    0.458609] smpboot: Max logical packages: 1
[    0.459279] smpboot: Total of 2 processors activated (12441.60 BogoMIPS)
[    0.462477] devtmpfs: initialized
[    0.462694] x86/mm: Memory block size: 128MB
[    0.466320] clocksource: jiffies: mask: 0xffffffff max_cycles: 0xffffffff, max_idle_ns: 7645041785100000 ns
[    0.467863] futex hash table entries: 512 (order: 3, 32768 bytes, linear)
[    0.467863] pinctrl core: initialized pinctrl subsystem
[    0.467863] 
[    0.467863] *************************************************************
[    0.468653] **     NOTICE NOTICE NOTICE NOTICE NOTICE NOTICE NOTICE    **
[    0.469718] **                                                         **
[    0.473888] **  IOMMU DebugFS SUPPORT HAS BEEN ENABLED IN THIS KERNEL  **
[    0.474925] **                                                         **
[    0.475964] ** This means that this kernel is built to expose internal **
[    0.477018] ** IOMMU data structures, which may compromise security on **
[    0.477889] ** your system.                                            **
[    0.478946] **                                                         **
[    0.480016] ** If you see this message and you are not debugging the   **
[    0.481092] ** kernel, report this immediately to your vendor!         **
[    0.481888] **                                                         **
[    0.482946] **     NOTICE NOTICE NOTICE NOTICE NOTICE NOTICE NOTICE    **
[    0.484006] *************************************************************
[    0.485187] PM: RTC time: 23:02:07, date: 2022-11-15
[    0.488090] NET: Registered protocol family 16
[    0.489467] DMA: preallocated 256 KiB GFP_KERNEL pool for atomic allocations
[    0.489901] DMA: preallocated 256 KiB GFP_KERNEL|GFP_DMA pool for atomic allocations
[    0.491144] DMA: preallocated 256 KiB GFP_KERNEL|GFP_DMA32 pool for atomic allocations
[    0.492446] audit: initializing netlink subsys (disabled)
[    0.493948] audit: type=2000 audit(1668553328.866:1): state=initialized audit_enabled=0 res=1
[    0.494616] thermal_sys: Registered thermal governor 'fair_share'
[    0.495278] thermal_sys: Registered thermal governor 'bang_bang'
[    0.496277] thermal_sys: Registered thermal governor 'step_wise'
[    0.497890] thermal_sys: Registered thermal governor 'user_space'
[    0.498862] cpuidle: using governor ladder
[    0.500472] cpuidle: using governor menu
[    0.501500] ACPI: bus type PCI registered
[    0.501891] acpiphp: ACPI Hot Plug PCI Controller Driver version: 0.5
[    0.503481] PCI: Using configuration type 1 for base access
[    0.519184] Kprobes globally optimized
[    0.519864] HugeTLB registered 1.00 GiB page size, pre-allocated 0 pages
[    0.519864] HugeTLB registered 2.00 MiB page size, pre-allocated 0 pages
[    0.526265] ACPI: Added _OSI(Module Device)
[    0.526986] ACPI: Added _OSI(Processor Device)
[    0.527683] ACPI: Added _OSI(3.0 _SCP Extensions)
[    0.528432] ACPI: Added _OSI(Processor Aggregator Device)
[    0.529275] ACPI: Added _OSI(Linux-Dell-Video)
[    0.529914] ACPI: Added _OSI(Linux-Lenovo-NV-HDMI-Audio)
[    0.530742] ACPI: Added _OSI(Linux-HPI-Hybrid-Graphics)
[    0.539667] ACPI: 1 ACPI AML tables successfully acquired and loaded
[    0.545078] ACPI: Interpreter enabled
[    0.545755] ACPI: (supports S0 S3 S4 S5)
[    0.545889] ACPI: Using IOAPIC for interrupt routing
[    0.546760] PCI: Using host bridge windows from ACPI; if necessary, use "pci=nocrs" and report a bug
[    0.549153] ACPI: Enabled 2 GPEs in block 00 to 0F
[    0.571318] ACPI: PCI Root Bridge [PCI0] (domain 0000 [bus 00-ff])
[    0.572322] acpi PNP0A03:00: _OSC: OS supports [ASPM ClockPM Segments MSI EDR HPX-Type3]
[    0.573188] acpi PNP0A03:00: fail to add MMCONFIG information, can't access extended PCI configuration space under this bridge.
[    0.575396] acpiphp: Slot [3] registered
[    0.575887] acpiphp: Slot [4] registered
[    0.576364] acpiphp: Slot [5] registered
[    0.576842] acpiphp: Slot [6] registered
[    0.577323] acpiphp: Slot [7] registered
[    0.577803] acpiphp: Slot [8] registered
[    0.577946] acpiphp: Slot [9] registered
[    0.578425] acpiphp: Slot [10] registered
[    0.578912] acpiphp: Slot [11] registered
[    0.579409] acpiphp: Slot [12] registered
[    0.579885] acpiphp: Slot [13] registered
[    0.580371] acpiphp: Slot [14] registered
[    0.580859] acpiphp: Slot [15] registered
[    0.581347] acpiphp: Slot [16] registered
[    0.581835] acpiphp: Slot [17] registered
[    0.581948] acpiphp: Slot [18] registered
[    0.582436] acpiphp: Slot [19] registered
[    0.582928] acpiphp: Slot [20] registered
[    0.583403] acpiphp: Slot [21] registered
[    0.583887] acpiphp: Slot [22] registered
[    0.584386] acpiphp: Slot [23] registered
[    0.584943] acpiphp: Slot [24] registered
[    0.585429] acpiphp: Slot [25] registered
[    0.585933] acpiphp: Slot [26] registered
[    0.586424] acpiphp: Slot [27] registered
[    0.586910] acpiphp: Slot [28] registered
[    0.587393] acpiphp: Slot [29] registered
[    0.587869] acpiphp: Slot [30] registered
[    0.588356] acpiphp: Slot [31] registered
[    0.588803] PCI host bridge to bus 0000:00
[    0.589226] pci_bus 0000:00: root bus resource [io  0x0000-0x0cf7 window]
[    0.589886] pci_bus 0000:00: root bus resource [io  0x0d00-0xffff window]
[    0.590601] pci_bus 0000:00: root bus resource [mem 0x000a0000-0x000bffff window]
[    0.591368] pci_bus 0000:00: root bus resource [mem 0x80000000-0xfebfffff window]
[    0.592286] pci_bus 0000:00: root bus resource [mem 0x100000000-0x17fffffff window]
[    0.593092] pci_bus 0000:00: root bus resource [bus 00-ff]
[    0.593735] pci 0000:00:00.0: [8086:1237] type 00 class 0x060000
[    0.595678] pci 0000:00:01.0: [8086:7000] type 00 class 0x060100
[    0.597231] pci 0000:00:01.1: [8086:7010] type 00 class 0x010180
[    0.599508] pci 0000:00:01.1: reg 0x20: [io  0xc040-0xc04f]
[    0.600879] pci 0000:00:01.1: legacy IDE quirk: reg 0x10: [io  0x01f0-0x01f7]
[    0.601890] pci 0000:00:01.1: legacy IDE quirk: reg 0x14: [io  0x03f6]
[    0.602592] pci 0000:00:01.1: legacy IDE quirk: reg 0x18: [io  0x0170-0x0177]
[    0.603334] pci 0000:00:01.1: legacy IDE quirk: reg 0x1c: [io  0x0376]
[    0.604552] pci 0000:00:01.3: [8086:7113] type 00 class 0x068000
[    0.605550] pci 0000:00:01.3: quirk: [io  0x0600-0x063f] claimed by PIIX4 ACPI
[    0.605894] pci 0000:00:01.3: quirk: [io  0x0700-0x070f] claimed by PIIX4 SMB
[    0.607435] pci 0000:00:02.0: [1234:1111] type 00 class 0x030000
[    0.609020] pci 0000:00:02.0: reg 0x10: [mem 0xfd000000-0xfdffffff pref]
[    0.610933] pci 0000:00:02.0: reg 0x18: [mem 0xfebf0000-0xfebf0fff]
[    0.614751] pci 0000:00:02.0: reg 0x30: [mem 0xfebe0000-0xfebeffff pref]
[    0.617115] pci 0000:00:03.0: [8086:100e] type 00 class 0x020000
[    0.618388] pci 0000:00:03.0: reg 0x10: [mem 0xfebc0000-0xfebdffff]
[    0.619971] pci 0000:00:03.0: reg 0x14: [io  0xc000-0xc03f]
[    0.624107] pci 0000:00:03.0: reg 0x30: [mem 0xfeb80000-0xfebbffff pref]
[    0.636573] ACPI: PCI: Interrupt link LNKA configured for IRQ 10
[    0.637637] ACPI: PCI: Interrupt link LNKB configured for IRQ 10
[    0.638384] ACPI: PCI: Interrupt link LNKC configured for IRQ 11
[    0.639430] ACPI: PCI: Interrupt link LNKD configured for IRQ 11
[    0.640308] ACPI: PCI: Interrupt link LNKS configured for IRQ 9
[    0.641945] iommu: Default domain type: Translated 
[    0.642755] pci 0000:00:02.0: vgaarb: setting as boot VGA device
[    0.642880] pci 0000:00:02.0: vgaarb: VGA device added: decodes=io+mem,owns=io+mem,locks=none
[    0.642880] pci 0000:00:02.0: vgaarb: bridge control possible
[    0.642880] vgaarb: loaded
[    0.644043] SCSI subsystem initialized
[    0.646035] ACPI: bus type USB registered
[    0.646774] usbcore: registered new interface driver usbfs
[    0.647667] usbcore: registered new interface driver hub
[    0.650735] usbcore: registered new device driver usb
[    0.651629] pps_core: LinuxPPS API ver. 1 registered
[    0.652388] pps_core: Software ver. 5.3.6 - Copyright 2005-2007 Rodolfo Giometti <giometti@linux.it>
[    0.653794] PTP clock support registered
[    0.653977] EDAC MC: Ver: 3.0.0
[    0.654715] NetLabel: Initializing
[    0.655149] NetLabel:  domain hash size = 128
[    0.655149] NetLabel:  protocols = UNLABELED CIPSOv4 CALIPSO
[    0.655149] NetLabel:  unlabeled traffic allowed by default
[    0.657924] PCI: Using ACPI for IRQ routing
[    0.658768] hpet0: at MMIO 0xfed00000, IRQs 2, 8, 0
[    0.659014] hpet0: 3 comparators, 64-bit 100.000000 MHz counter
[    0.665985] clocksource: Switched to clocksource kvm-clock
[    0.732180] VFS: Disk quotas dquot_6.6.0
[    0.732894] VFS: Dquot-cache hash table entries: 512 (order 0, 4096 bytes)
[    0.734245] pnp: PnP ACPI init
[    0.737207] pnp: PnP ACPI: found 6 devices
[    0.748129] clocksource: acpi_pm: mask: 0xffffff max_cycles: 0xffffff, max_idle_ns: 2085701024 ns
[    0.750033] NET: Registered protocol family 2
[    4.038998] tcp_listen_portaddr_hash hash table entries: 1024 (order: 2, 16384 bytes, linear)
[    4.040441] TCP established hash table entries: 16384 (order: 5, 131072 bytes, linear)
[    4.042037] TCP bind hash table entries: 16384 (order: 6, 262144 bytes, linear)
[    4.043639] TCP: Hash tables configured (established 16384 bind 16384)
[    4.044752] UDP hash table entries: 1024 (order: 3, 32768 bytes, linear)
[    4.045943] UDP-Lite hash table entries: 1024 (order: 3, 32768 bytes, linear)
[    4.047240] NET: Registered protocol family 1
[    4.048346] RPC: Registered named UNIX socket transport module.
[    4.049052] RPC: Registered udp transport module.
[    4.049573] RPC: Registered tcp transport module.
[    4.050115] RPC: Registered tcp NFSv4.1 backchannel transport module.
[    4.050847] pci_bus 0000:00: resource 4 [io  0x0000-0x0cf7 window]
[    4.051544] pci_bus 0000:00: resource 5 [io  0x0d00-0xffff window]
[    4.052197] pci_bus 0000:00: resource 6 [mem 0x000a0000-0x000bffff window]
[    4.052946] pci_bus 0000:00: resource 7 [mem 0x80000000-0xfebfffff window]
[    4.053708] pci_bus 0000:00: resource 8 [mem 0x100000000-0x17fffffff window]
[    4.054708] pci 0000:00:01.0: PIIX3: Enabling Passive Release
[    4.055356] pci 0000:00:00.0: Limiting direct PCI/PCI transfers
[    4.055996] pci 0000:00:01.0: Activating ISA DMA hang workarounds
[    4.056741] pci 0000:00:02.0: Video device with shadowed ROM at [mem 0x000c0000-0x000dffff]
[    4.057701] PCI: CLS 0 bytes, default 64
[    4.058499] clocksource: tsc: mask: 0xffffffffffffffff max_cycles: 0x2cd5a8bb032, max_idle_ns: 440795365915 ns
[    4.063031] Initialise system trusted keyrings
[    4.063800] Key type blacklist registered
[    4.064554] workingset: timestamp_bits=36 max_order=19 bucket_order=0
[    4.070339] zbud: loaded
[    4.071499] squashfs: version 4.0 (2009/01/31) Phillip Lougher
[    4.072959] NFS: Registering the id_resolver key type
[    4.073535] Key type id_resolver registered
[    4.074026] Key type id_legacy registered
[    4.074544] nfs4filelayout_init: NFSv4 File Layout Driver Registering...
[    4.075299] nfs4flexfilelayout_init: NFSv4 Flexfile Layout Driver Registering...
[    4.076204] fuse: init (API version 7.33)
[    4.076857] SGI XFS with ACLs, security attributes, realtime, quota, no debug enabled
[    4.078657] 9p: Installing v9fs 9p2000 file system support
[    4.090257] Key type asymmetric registered
[    4.090966] Asymmetric key parser 'x509' registered
[    4.091779] Block layer SCSI generic (bsg) driver version 0.4 loaded (major 244)
[    4.093075] io scheduler mq-deadline registered
[    4.093710] io scheduler bfq registered
[    4.094464] shpchp: Standard Hot Plug PCI Controller Driver version: 0.4
[    4.095413] IPMI message handler: version 39.2
[    4.095925] ipmi device interface
[    4.097358] input: Power Button as /devices/LNXSYSTM:00/LNXPWRBN:00/input/input0
[    4.098331] ACPI: button: Power Button [PWRF]
[    4.099649] ERST DBG: ERST support is disabled.
[    4.100893] Serial: 8250/16550 driver, 32 ports, IRQ sharing enabled
[    4.102503] 00:04: ttyS0 at I/O 0x3f8 (irq = 4, base_baud = 115200) is a 16550A
[    4.110660] Linux agpgart interface v0.103
[    4.124341] brd: module loaded
[    4.133546] loop: module loaded
[    4.137789] scsi host0: ata_piix
[    4.138835] scsi host1: ata_piix
[    4.139525] ata1: PATA max MWDMA2 cmd 0x1f0 ctl 0x3f6 bmdma 0xc040 irq 14
[    4.140571] ata2: PATA max MWDMA2 cmd 0x170 ctl 0x376 bmdma 0xc048 irq 15
[    4.143005] libphy: Fixed MDIO Bus: probed
[    4.143993] tun: Universal TUN/TAP device driver, 1.6
[    4.144959] e100: Intel(R) PRO/100 Network Driver
[    4.145709] e100: Copyright(c) 1999-2006 Intel Corporation
[    4.146640] e1000: Intel(R) PRO/1000 Network Driver
[    4.147422] e1000: Copyright (c) 1999-2006 Intel Corporation.
[    4.302908] ata2.00: ATAPI: QEMU DVD-ROM, 2.5+, max UDMA/100
[    4.304022] ata1.00: ATA-7: QEMU HARDDISK, 2.5+, max UDMA/100
[    4.304650] ata1.00: 16777216 sectors, multi 16: LBA48 
[    4.306758] scsi 0:0:0:0: Direct-Access     ATA      QEMU HARDDISK    2.5+ PQ: 0 ANSI: 5
[    4.308059] scsi 0:0:0:0: Attached scsi generic sg0 type 0
[    4.309192] scsi 1:0:0:0: CD-ROM            QEMU     QEMU DVD-ROM     2.5+ PQ: 0 ANSI: 5
[    4.310886] scsi 1:0:0:0: Attached scsi generic sg1 type 5
[    4.311773] sd 0:0:0:0: [sda] 16777216 512-byte logical blocks: (8.59 GB/8.00 GiB)
[    4.312616] sd 0:0:0:0: [sda] Write Protect is off
[    4.313219] sd 0:0:0:0: [sda] Write cache: enabled, read cache: enabled, doesn't support DPO or FUA
[    4.320785] ACPI: \_SB_.LNKC: Enabled at IRQ 11
[    4.330054] sd 0:0:0:0: [sda] Attached SCSI disk
[    4.670910] e1000 0000:00:03.0 eth0: (PCI:33MHz:32-bit) 52:54:00:12:34:56
[    4.672044] e1000 0000:00:03.0 eth0: Intel(R) PRO/1000 Network Connection
[    4.673229] e1000e: Intel(R) PRO/1000 Network Driver
[    4.674028] e1000e: Copyright(c) 1999 - 2015 Intel Corporation.
[    4.675061] igb: Intel(R) Gigabit Ethernet Network Driver
[    4.675897] igb: Copyright (c) 2007-2014 Intel Corporation.
[    4.676882] PPP generic driver version 2.4.2
[    4.677962] VFIO - User Level meta-driver version: 0.3
[    4.678846] ehci_hcd: USB 2.0 'Enhanced' Host Controller (EHCI) Driver
[    4.679879] ehci-pci: EHCI PCI platform driver
[    4.680601] ehci-platform: EHCI generic platform driver
[    4.681441] ohci_hcd: USB 1.1 'Open' Host Controller (OHCI) Driver
[    4.682427] ohci-pci: OHCI PCI platform driver
[    4.683168] ohci-platform: OHCI generic platform driver
[    4.683996] uhci_hcd: USB Universal Host Controller Interface driver
[    4.685303] usbcore: registered new interface driver uas
[    4.686288] usbcore: registered new interface driver usb-storage
[    4.687415] i8042: PNP: PS/2 Controller [PNP0303:KBD,PNP0f13:MOU] at 0x60,0x64 irq 1,12
[    4.689620] serio: i8042 KBD port at 0x60,0x64 irq 1
[    4.690448] serio: i8042 AUX port at 0x60,0x64 irq 12
[    4.691811] mousedev: PS/2 mouse device common for all mice
[    4.693420] input: AT Translated Set 2 keyboard as /devices/platform/i8042/serio0/input/input1
[    4.694307] rtc_cmos 00:05: RTC can wake from S4
[    4.696667] input: VirtualPS/2 VMware VMMouse as /devices/platform/i8042/serio1/input/input4
[    4.696913] rtc_cmos 00:05: registered as rtc0
[    4.698918] rtc_cmos 00:05: setting system clock to 2022-11-15T23:02:12 UTC (1668553332)
[    4.700498] rtc_cmos 00:05: alarms up to one day, y3k, 242 bytes nvram, hpet irqs
[    4.700553] input: VirtualPS/2 VMware VMMouse as /devices/platform/i8042/serio1/input/input3
[    4.701750] i2c /dev entries driver
[    4.703833] device-mapper: uevent: version 1.0.3
[    4.704872] device-mapper: ioctl: 4.44.0-ioctl (2021-02-01) initialised: dm-devel@redhat.com
[    4.706250] intel_pstate: CPU model not supported
[    4.707130] sdhci: Secure Digital Host Controller Interface driver
[    4.708104] sdhci: Copyright(c) Pierre Ossman
[    4.708912] sdhci-pltfm: SDHCI platform and OF driver helper
[    4.709894] ledtrig-cpu: registered to indicate activity on CPUs
[    4.710999] drop_monitor: Initializing network drop monitor service
[    4.712722] NET: Registered protocol family 10
[    4.715259] Segment Routing with IPv6
[    4.715912] NET: Registered protocol family 17
[    4.716885] 9pnet: Installing 9P2000 support
[    4.717665] Key type dns_resolver registered
[    4.719321] IPI shorthand broadcast: enabled
[    4.720058] sched_clock: Marking stable (4694343217, 24645879)->(4723848146, -4859050)
[    4.721785] registered taskstats version 1
[    4.722543] Loading compiled-in X.509 certificates
[    4.723466] zswap: loaded using pool lzo/zbud
[    4.724533] Key type ._fscrypt registered
[    4.725211] Key type .fscrypt registered
[    4.725850] Key type fscrypt-provisioning registered
[    4.727504] Key type encrypted registered
[    4.728190] ima: No TPM chip found, activating TPM-bypass!
[    4.729102] ima: Allocated hash algorithm: sha1
[    4.729875] ima: No architecture policies found
[    4.730691] evm: Initialising EVM extended attributes:
[    4.731551] evm: security.selinux
[    4.732096] evm: security.SMACK64
[    4.732647] evm: security.SMACK64EXEC
[    4.733261] evm: security.SMACK64TRANSMUTE
[    4.733984] evm: security.SMACK64MMAP
[    4.734597] evm: security.apparmor
[    4.735171] evm: security.ima
[    4.735674] evm: security.capability
[    4.736258] evm: HMAC attrs: 0x1
[    4.740355] PM:   Magic number: 14:560:49
[    4.741560] RAS: Correctable Errors collector initialized.
[    4.742970] md: Waiting for all devices to be available before autodetect
[    4.744056] md: If you don't use raid, use raid=noautodetect
[    4.744971] md: Autodetecting RAID arrays.
[    4.745647] md: autorun ...
[    4.746131] md: ... autorun DONE.
[    4.749452] EXT4-fs (sda): INFO: recovery required on readonly filesystem
[    4.750543] EXT4-fs (sda): write access will be enabled during recovery
[    4.804929] random: fast init done
[    4.828889] EXT4-fs (sda): recovery complete
[    4.835005] EXT4-fs (sda): mounted filesystem with ordered data mode. Opts: (null). Quota mode: none.
[    4.836534] VFS: Mounted root (ext4 filesystem) readonly on device 8:0.
[    4.838023] devtmpfs: mounted
[    4.849436] Freeing unused decrypted memory: 2036K
[    4.852619] Freeing unused kernel image (initmem) memory: 3316K
[    4.853595] Write protecting the kernel read-only data: 38912k
[    4.857844] Freeing unused kernel image (text/rodata gap) memory: 2028K
[    4.859579] Freeing unused kernel image (rodata/data gap) memory: 892K
[    5.045016] x86/mm: Checked W+X mappings: passed, no W+X pages found.
[    5.046122] Run /sbin/init as init process
[    5.133973] systemd[1]: RTC configured in localtime, applying delta of 0 minutes to system time.
[    5.150838] systemd[1]: systemd 239 (239-49.el8) running in system mode. (+PAM +AUDIT +SELINUX +IMA -APPARMOR +SMACK +SYSVINIT +UTMP +LIBCRYPTSETUP +GCRYPT +GNUTLS +ACL +XZ +LZ4 +SECCOMP +BLKID +ELFUTILS +KMOD +IDN2 -IDN +PCRE2 default-hierarchy=legacy)
[    5.153320] systemd[1]: Detected virtualization kvm.
[    5.153932] systemd[1]: Detected architecture x86-64.

Welcome to [0;31mCentOS Stream 8[0m!

[    5.172823] systemd[1]: Set hostname to <test>.
[    5.287747] random: lvmconfig: uninitialized urandom read (4 bytes read)
[    5.414227] random: systemd: uninitialized urandom read (16 bytes read)
[    5.415708] systemd[1]: Listening on Journal Socket.
[[0;32m  OK  [0m] Listening on Journal Socket.
[    5.417614] random: systemd: uninitialized urandom read (16 bytes read)
[    5.422679] systemd[1]: Mounting Kernel Debug File System...
         Mounting Kernel Debug File System...
[    5.424744] systemd[1]: Listening on udev Kernel Socket.
[[0;32m  OK  [0m] Listening on udev Kernel Socket.
[    5.427852] systemd[1]: Created slice system-serial\x2dgetty.slice.
[[0;32m  OK  [0m] Created slice system-serial\x2dgetty.slice.
[    5.430076] systemd[1]: Listening on Device-mapper event daemon FIFOs.
[[0;32m  OK  [0m] Listening on Device-mapper event daemon FIFOs.
[    5.434856] systemd[1]: Starting Remount Root and Kernel File Systems...
         Starting Remount Root and Kernel File Systems...
         Starting Load Kernel Modules...
[[0;32m  OK  [0m] Listening on RPCbind Server Activation Socket.
[[0;32m  OK  [0m] Created slice User and Session Slice.
         Starting Setup Virtual Console...
         Mounting POSIX Message Queue File System...
[[0;32m  OK  [0m] Listening on initctl Compatibility Named Pipe.
[[0;32m  OK  [0m] Listening on Process Core Dump Socket.
[[0;32m  OK  [0m] Reached target Slices.
[[0;32m  OK  [0m] Created slice system-sshd\x2dkeygen.slice.
[[0;32m  OK  [0m] Set up automount Arbitrary Executabâ€¦rmats File System Automount Point.
[[0;32m  OK  [0m] Listening on udev Control Socket.
         Starting udev Coldplug all Devices...
[[0;32m  OK  [0m] Started Forward Password Requests to Wall Directory Watch.
         Starting Monitoring of LVM2 mirrorsâ€¦ng dmeventd or progress polling...
[    5.656002] EXT4-fs (sda): re-mounted. Opts: (null). Quota mode: none.
[[0;32m  OK  [0m] Reached target Swap.
[[0;32m  OK  [0m] Listening on multipathd control socket.
[[0;32m  OK  [0m] Created slice system-getty.slice.
[[0;32m  OK  [0m] Reached target RPC Port Mapper.
[[0;32m  OK  [0m] Listening on LVM2 poll daemon socket.
         Mounting Huge Pages File System...
[[0;32m  OK  [0m] Listening on Journal Socket (/dev/log).
         Starting Journal Service...
[[0;32m  OK  [0m] Mounted Kernel Debug File System.
[[0;32m  OK  [0m] Started Remount Root and Kernel File Systems.
[[0;1;31mFAILED[0m] Failed to start Load Kernel Modules.
See 'systemctl status systemd-modules-load.service' for details.
[[0;32m  OK  [0m] Mounted POSIX Message Queue File System.
[[0;32m  OK  [0m] Mounted Huge Pages File System.
         Mounting Kernel Configuration File System...
         Mounting FUSE Control File System...
         Starting Apply Kernel Variables...
         Starting Load/Save Random Seed...
         Starting Create Static Device Nodes in /dev...
[[0;32m  OK  [0m] Mounted Kernel Configuration File System.
[[0;32m  OK  [0m] Mounted FUSE Control File System.
[[0;32m  OK  [0m] Started Apply Kernel Variables.
[[0;32m  OK  [0m] Started Load/Save Random Seed.
[[0;32m  OK  [0m] Started Create Static Device Nodes in /dev.
         Starting udev Kernel Device Manager...
[[0;32m  OK  [0m] Started Journal Service.
[[0;32m  OK  [0m] Started udev Coldplug all Devices.
[[0;32m  OK  [0m] Started Setup Virtual Console.
         Starting udev Wait for Complete Device Initialization...
         Starting Flush Journal to Persistent Storage...
[[0;32m  OK  [0m] Started udev Kernel Device Manager.
         Starting Show Plymouth Boot Screen...
[[0;32m  OK  [0m] Started Flush Journal to Persistent Storage.
[[0;32m  OK  [0m] Started Show Plymouth Boot Screen.
[[0;32m  OK  [0m] Started Forward Password Requests to Plymouth Directory Watch.
[[0;32m  OK  [0m] Reached target Local Encrypted Volumes.
[[0;32m  OK  [0m] Reached target Paths.
[[0;32m  OK  [0m] Found device /dev/ttyS0.
[[0;32m  OK  [0m] Started Monitoring of LVM2 mirrors,â€¦sing dmeventd or progress polling.
[[0;32m  OK  [0m] Listening on Load/Save RF Kill Switch Status /dev/rfkill Watch.
[[0;32m  OK  [0m] Started udev Wait for Complete Device Initialization.
[[0;32m  OK  [0m] Reached target Local File Systems (Pre).
[[0;32m  OK  [0m] Reached target Local File Systems.
         Starting Restore /run/initramfs on shutdown...
         Starting Tell Plymouth To Write Out Runtime Data...
         Starting Create Volatile Files and Directories...
[[0;32m  OK  [0m] Started Restore /run/initramfs on shutdown.
[[0;32m  OK  [0m] Started Tell Plymouth To Write Out Runtime Data.
[[0;32m  OK  [0m] Started Create Volatile Files and Directories.
         Starting RPC Bind...
         Starting Security Auditing Service...
         Mounting RPC Pipe File System...
[[0;32m  OK  [0m] Mounted RPC Pipe File System.
[[0;32m  OK  [0m] Reached target rpc_pipefs.target.
[[0;32m  OK  [0m] Started RPC Bind.
[[0;32m  OK  [0m] Started Security Auditing Service.
         Starting Update UTMP about System Boot/Shutdown...
[[0;32m  OK  [0m] Started Update UTMP about System Boot/Shutdown.
[[0;32m  OK  [0m] Reached target System Initialization.
[[0;32m  OK  [0m] Started dnf makecache --timer.
[[0;32m  OK  [0m] Listening on SSSD Kerberos Cache Manager responder socket.
[[0;32m  OK  [0m] Started daily update of the root trust anchor for DNSSEC.
[[0;32m  OK  [0m] Listening on D-Bus System Message Bus Socket.
[[0;32m  OK  [0m] Reached target Sockets.
[[0;32m  OK  [0m] Reached target Basic System.
         Starting Login Service...
         Starting Authorization Manager...
[[0;32m  OK  [0m] Started Machine Check Exception Logging Daemon.
[[0;32m  OK  [0m] Started Daily Cleanup of Temporary Directories.
[[0;32m  OK  [0m] Reached target Timers.
[[0;32m  OK  [0m] Reached target sshd-keygen.target.
         Starting Auto-connect to subsystemsâ€¦-NVME devices found during boot...
[[0;32m  OK  [0m] Started irqbalance daemon.
         Starting Self Monitoring and Reporting Technology (SMART) Daemon...
[[0;32m  OK  [0m] Started D-Bus System Message Bus.
         Starting Network Manager...
         Starting NTP client/server...
[[0;32m  OK  [0m] Started Auto-connect to subsystems â€¦FC-NVME devices found during boot.
         Starting update of the root trust aâ€¦or DNSSEC validation in unbound...
[[0;32m  OK  [0m] Started Login Service.
[[0;32m  OK  [0m] Started Self Monitoring and Reporting Technology (SMART) Daemon.
[[0;32m  OK  [0m] Started Network Manager.
[[0;32m  OK  [0m] Reached target Network.
         Starting Dynamic System Tuning Daemon...
         Starting OpenSSH server daemon...
         Starting GSSAPI Proxy Daemon...
         Starting Network Manager Wait Online...
[[0;32m  OK  [0m] Started NTP client/server.
[[0;32m  OK  [0m] Started Authorization Manager.
         Starting Hostname Service...
[[0;32m  OK  [0m] Started Hostname Service.
         Starting Network Manager Script Dispatcher Service...
[[0;32m  OK  [0m] Started Network Manager Script Dispatcher Service.
[    7.861933] e1000: eth0 NIC Link is Up 1000 Mbps Full Duplex, Flow Control: RX
[    7.863331] IPv6: ADDRCONF(NETDEV_CHANGE): eth0: link becomes ready
[[0;32m  OK  [0m] Started Dynamic System Tuning Daemon.
[    8.633930] random: crng init done
[    8.634515] random: 7 urandom warning(s) missed due to ratelimiting
[[0;32m  OK  [0m] Started update of the root trust anâ€¦ for DNSSEC validation in unbound.
[[0;32m  OK  [0m] Started OpenSSH server daemon.
[[0;32m  OK  [0m] Started GSSAPI Proxy Daemon.
[[0;32m  OK  [0m] Reached target NFS client services.
[[0;32m  OK  [0m] Reached target Remote File Systems (Pre).
[[0;32m  OK  [0m] Reached target Remote File Systems.
         Starting Permit User Sessions...
[[0;32m  OK  [0m] Started Permit User Sessions.
[[0;32m  OK  [0m] Started Command Scheduler.
         Starting Hold until boot process finishes up...
         Starting Terminate Plymouth Boot Screen...

CentOS Stream 8
Kernel 5.12.0-0080665fbd0e+ on an x86_64

test login: [  300.362034] INFO: task repro:1550 blocked for more than 147 seconds.
[  300.363093]       Not tainted 5.12.0-0080665fbd0e+ #1
[  300.363890] "echo 0 > /proc/sys/kernel/hung_task_timeout_secs" disables this message.
[  300.365102] task:repro           state:D stack:    0 pid: 1550 ppid:   557 flags:0x00004002
[  300.366447] Call Trace:
[  300.366858]  __schedule+0x3b1/0x8a0
[  300.367449]  ? write_comp_data+0x2f/0x90
[  300.368078]  schedule+0x40/0xb0
[  300.368589]  schedule_preempt_disabled+0xe/0x10
[  300.369330]  __mutex_lock.isra.11+0x2de/0x4e0
[  300.370057]  ? write_comp_data+0x2f/0x90
[  300.370706]  __mutex_lock_slowpath+0x13/0x20
[  300.371401]  mutex_lock+0x2c/0x30
[  300.371951]  perf_event_ctx_lock_nested.isra.99+0xca/0x190
[  300.372827]  perf_event_release_kernel+0x6e/0x370
[  300.373596]  ? __sanitizer_cov_trace_pc+0x21/0x50
[  300.374383]  ? perf_event_release_kernel+0x370/0x370
[  300.375195]  perf_release+0x19/0x20
[  300.375768]  __fput+0x10e/0x400
[  300.376279]  ____fput+0x1a/0x20
[  300.376793]  task_work_run+0x94/0xe0
[  300.377381]  do_exit+0x533/0x1110
[  300.377952]  ? write_comp_data+0x2f/0x90
[  300.378603]  ? write_comp_data+0x2f/0x90
[  300.379258]  ? write_comp_data+0x2f/0x90
[  300.379918]  do_group_exit+0x78/0x120
[  300.380523]  get_signal+0x244/0xd80
[  300.381120]  ? do_futex+0x15f/0x1180
[  300.381729]  ? fd_install+0x6e/0xd0
[  300.382351]  ? __sanitizer_cov_trace_pc+0x21/0x50
[  300.383143]  arch_do_signal_or_restart+0xb6/0x760
[  300.383919]  ? __sanitizer_cov_trace_pc+0x21/0x50
[  300.384692]  ? write_comp_data+0x2f/0x90
[  300.385362]  ? __sanitizer_cov_trace_pc+0x21/0x50
[  300.386172]  ? __audit_syscall_exit+0x29d/0x3d0
[  300.386938]  exit_to_user_mode_prepare+0x110/0x190
[  300.387740]  syscall_exit_to_user_mode+0x1c/0x30
[  300.388494]  do_syscall_64+0x48/0x80
[  300.389104]  entry_SYSCALL_64_after_hwframe+0x44/0xae
[  300.389971] RIP: 0033:0x7fd96881259d
[  300.390573] RSP: 002b:00007fd9686caea8 EFLAGS: 00000246 ORIG_RAX: 00000000000000ca
[  300.391805] RAX: fffffffffffffe00 RBX: 0000000000000000 RCX: 00007fd96881259d
[  300.392951] RDX: 0000000000000000 RSI: 0000000000000080 RDI: 0000000000405158
[  300.394123] RBP: 00007fd9686caec0 R08: 0000000000000000 R09: 0000000000000000
[  300.395282] R10: 0000000000000000 R11: 0000000000000246 R12: 00007fff7f8b7b0e
[  300.396436] R13: 00007fff7f8b7b0f R14: 00007fff7f8b7ba0 R15: 00007fd9686cb700
[  300.397597] INFO: task repro:1551 blocked for more than 147 seconds.
[  300.398638]       Not tainted 5.12.0-0080665fbd0e+ #1
[  300.399472] "echo 0 > /proc/sys/kernel/hung_task_timeout_secs" disables this message.
[  300.400687] task:repro           state:D stack:    0 pid: 1551 ppid:   563 flags:0x00004002
[  300.402070] Call Trace:
[  300.402484]  __schedule+0x3b1/0x8a0
[  300.403071]  ? write_comp_data+0x2f/0x90
[  300.403621]  schedule+0x40/0xb0
[  300.404007]  schedule_preempt_disabled+0xe/0x10
[  300.404514]  __mutex_lock.isra.11+0x2de/0x4e0
[  300.405020]  __mutex_lock_slowpath+0x13/0x20
[  300.405510]  mutex_lock+0x2c/0x30
[  300.405915]  perf_event_ctx_lock_nested.isra.99+0xca/0x190
[  300.406544]  perf_event_release_kernel+0x6e/0x370
[  300.407092]  ? __sanitizer_cov_trace_pc+0x21/0x50
[  300.407637]  ? perf_event_release_kernel+0x370/0x370
[  300.408364]  perf_release+0x19/0x20
[  300.408935]  __fput+0x10e/0x400
[  300.409449]  ____fput+0x1a/0x20
[  300.410010]  task_work_run+0x94/0xe0
[  300.410584]  do_exit+0x533/0x1110
[  300.411163]  ? wake_up_q+0x69/0xa0
[  300.411753]  ? write_comp_data+0x2f/0x90
[  300.412370]  ? write_comp_data+0x2f/0x90
[  300.413037]  do_group_exit+0x78/0x120
[  300.413666]  get_signal+0x244/0xd80
[  300.414287]  ? do_futex+0x15f/0x1180
[  300.414895]  ? fd_install+0x6e/0xd0
[  300.415504]  ? __sanitizer_cov_trace_pc+0x21/0x50
[  300.416270]  arch_do_signal_or_restart+0xb6/0x760
[  300.417061]  ? __sanitizer_cov_trace_pc+0x21/0x50
[  300.417846]  ? write_comp_data+0x2f/0x90
[  300.418526]  ? __sanitizer_cov_trace_pc+0x21/0x50
[  300.419312]  ? __audit_syscall_exit+0x29d/0x3d0
[  300.420053]  exit_to_user_mode_prepare+0x110/0x190
[  300.420859]  syscall_exit_to_user_mode+0x1c/0x30
[  300.421641]  do_syscall_64+0x48/0x80
[  300.422269]  entry_SYSCALL_64_after_hwframe+0x44/0xae
[  300.423123] RIP: 0033:0x7fd96881259d
[  300.423727] RSP: 002b:00007fd9686caea8 EFLAGS: 00000246 ORIG_RAX: 00000000000000ca
[  300.424949] RAX: fffffffffffffe00 RBX: 0000000000000000 RCX: 00007fd96881259d
[  300.426134] RDX: 0000000000000000 RSI: 0000000000000080 RDI: 0000000000405158
[  300.427304] RBP: 00007fd9686caec0 R08: 0000000000000000 R09: 0000000000000000
[  300.428433] R10: 0000000000000000 R11: 0000000000000246 R12: 00007fff7f8b7b0e
[  300.429581] R13: 00007fff7f8b7b0f R14: 00007fff7f8b7ba0 R15: 00007fd9686cb700
[  300.430762] INFO: task repro:1553 blocked for more than 147 seconds.
[  300.431798]       Not tainted 5.12.0-0080665fbd0e+ #1
[  300.432606] "echo 0 > /proc/sys/kernel/hung_task_timeout_secs" disables this message.
[  300.433871] task:repro           state:D stack:    0 pid: 1553 ppid:   560 flags:0x00004004
[  300.435246] Call Trace:
[  300.435659]  __schedule+0x3b1/0x8a0
[  300.436233]  schedule+0x40/0xb0
[  300.436758]  schedule_preempt_disabled+0xe/0x10
[  300.437514]  __mutex_lock.isra.11+0x2de/0x4e0
[  300.438264]  __mutex_lock_slowpath+0x13/0x20
[  300.438973]  mutex_lock+0x2c/0x30
[  300.439541]  perf_event_ctx_lock_nested.isra.99+0xca/0x190
[  300.440451]  perf_try_init_event+0x188/0x270
[  300.441166]  perf_event_alloc+0xdf9/0x18a0
[  300.441859]  ? __sanitizer_cov_trace_pc+0x21/0x50
[  300.442670]  __do_sys_perf_event_open+0x3be/0x18a0
[  300.443469]  ? write_comp_data+0x2f/0x90
[  300.444101]  __x64_sys_perf_event_open+0x26/0x30
[  300.444863]  do_syscall_64+0x3c/0x80
[  300.445468]  entry_SYSCALL_64_after_hwframe+0x44/0xae
[  300.446333] RIP: 0033:0x7fd96881259d
[  300.446928] RSP: 002b:00007fd9686cae98 EFLAGS: 00000246 ORIG_RAX: 000000000000012a
[  300.448136] RAX: ffffffffffffffda RBX: 0000000000000000 RCX: 00007fd96881259d
[  300.449286] RDX: 0000000000000000 RSI: 00000000ffffffff RDI: 0000000020000000
[  300.450429] RBP: 00007fd9686caec0 R08: 0000000000000000 R09: 0000000000000000
[  300.451576] R10: 0000000000000003 R11: 0000000000000246 R12: 00007fff7f8b7b0e
[  300.452699] R13: 00007fff7f8b7b0f R14: 00007fff7f8b7ba0 R15: 00007fd9686cb700
[  300.453912] INFO: task repro:1555 blocked for more than 147 seconds.
[  300.454948]       Not tainted 5.12.0-0080665fbd0e+ #1
[  300.455549] "echo 0 > /proc/sys/kernel/hung_task_timeout_secs" disables this message.
[  300.456446] task:repro           state:D stack:    0 pid: 1555 ppid:   556 flags:0x00004004
[  300.457426] Call Trace:
[  300.457715]  __schedule+0x3b1/0x8a0
[  300.458167]  schedule+0x40/0xb0
[  300.458562]  schedule_preempt_disabled+0xe/0x10
[  300.459106]  __mutex_lock.isra.11+0x2de/0x4e0
[  300.459665]  __mutex_lock_slowpath+0x13/0x20
[  300.460295]  mutex_lock+0x2c/0x30
[  300.460734]  perf_event_ctx_lock_nested.isra.99+0xca/0x190
[  300.461386]  perf_try_init_event+0x188/0x270
[  300.461905]  perf_event_alloc+0xdf9/0x18a0
[  300.462370]  ? __sanitizer_cov_trace_pc+0x21/0x50
[  300.462934]  __do_sys_perf_event_open+0x3be/0x18a0
[  300.463475]  ? write_comp_data+0x2f/0x90
[  300.463951]  __x64_sys_perf_event_open+0x26/0x30
[  300.464480]  do_syscall_64+0x3c/0x80
[  300.464976]  entry_SYSCALL_64_after_hwframe+0x44/0xae
[  300.465703] RIP: 0033:0x7fd96881259d
[  300.466125] RSP: 002b:00007fd9686cae98 EFLAGS: 00000246 ORIG_RAX: 000000000000012a
[  300.467201] RAX: ffffffffffffffda RBX: 0000000000000000 RCX: 00007fd96881259d
[  300.468175] RDX: 0000000000000000 RSI: 00000000ffffffff RDI: 0000000020000000
[  300.468980] RBP: 00007fd9686caec0 R08: 0000000000000000 R09: 0000000000000000
[  300.470098] R10: 0000000000000003 R11: 0000000000000246 R12: 00007fff7f8b7b0e
[  300.470879] R13: 00007fff7f8b7b0f R14: 00007fff7f8b7ba0 R15: 00007fd9686cb700
[  300.471793] INFO: task repro:1542 blocked for more than 147 seconds.
[  300.472557]       Not tainted 5.12.0-0080665fbd0e+ #1
[  300.473117] "echo 0 > /proc/sys/kernel/hung_task_timeout_secs" disables this message.
[  300.474108] task:repro           state:D stack:    0 pid: 1542 ppid:   561 flags:0x00004004
[  300.475126] Call Trace:
[  300.475421]  __schedule+0x3b1/0x8a0
[  300.475894]  schedule+0x40/0xb0
[  300.476285]  schedule_preempt_disabled+0xe/0x10
[  300.476823]  __mutex_lock.isra.11+0x2de/0x4e0
[  300.477420]  __mutex_lock_slowpath+0x13/0x20
[  300.477952]  mutex_lock+0x2c/0x30
[  300.478380]  __do_sys_perf_event_open+0xb08/0x18a0
[  300.479008]  __x64_sys_perf_event_open+0x26/0x30
[  300.479530]  do_syscall_64+0x3c/0x80
[  300.479993]  entry_SYSCALL_64_after_hwframe+0x44/0xae
[  300.480598] RIP: 0033:0x7fd96881259d
[  300.481046] RSP: 002b:00007fd9686ebe98 EFLAGS: 00000246 ORIG_RAX: 000000000000012a
[  300.482089] RAX: ffffffffffffffda RBX: 0000000000000000 RCX: 00007fd96881259d
[  300.482888] RDX: 0000000000000000 RSI: 00000000ffffffff RDI: 0000000020000080
[  300.483817] RBP: 00007fd9686ebec0 R08: 0000000000000000 R09: 0000000000000000
[  300.484719] R10: 0000000000000003 R11: 0000000000000246 R12: 00007fff7f8b7b0e
[  300.485583] R13: 00007fff7f8b7b0f R14: 00007fff7f8b7ba0 R15: 00007fd9686ec700
[  300.486541] INFO: task repro:1556 blocked for more than 147 seconds.
[  300.487231]       Not tainted 5.12.0-0080665fbd0e+ #1
[  300.487891] "echo 0 > /proc/sys/kernel/hung_task_timeout_secs" disables this message.
[  300.488788] task:repro           state:D stack:    0 pid: 1556 ppid:   564 flags:0x00004002
[  300.489799] Call Trace:
[  300.490113]  __schedule+0x3b1/0x8a0
[  300.490588]  ? write_comp_data+0x2f/0x90
[  300.491119]  schedule+0x40/0xb0
[  300.491485]  schedule_preempt_disabled+0xe/0x10
[  300.492074]  __mutex_lock.isra.11+0x2de/0x4e0
[  300.492567]  ? write_comp_data+0x2f/0x90
[  300.493047]  __mutex_lock_slowpath+0x13/0x20
[  300.493539]  mutex_lock+0x2c/0x30
[  300.493947]  perf_event_ctx_lock_nested.isra.99+0xca/0x190
[  300.494582]  perf_event_release_kernel+0x6e/0x370
[  300.495155]  ? __sanitizer_cov_trace_pc+0x21/0x50
[  300.495911]  ? perf_event_release_kernel+0x370/0x370
[  300.496685]  perf_release+0x19/0x20
[  300.497265]  __fput+0x10e/0x400
[  300.497695]  ____fput+0x1a/0x20
[  300.498097]  task_work_run+0x94/0xe0
[  300.498526]  do_exit+0x533/0x1110
[  300.498920]  ? wake_up_q+0x69/0xa0
[  300.499310]  ? write_comp_data+0x2f/0x90
[  300.499788]  ? write_comp_data+0x2f/0x90
[  300.500224]  do_group_exit+0x78/0x120
[  300.500768]  get_signal+0x244/0xd80
[  300.501353]  ? do_futex+0x15f/0x1180
[  300.501970]  ? fd_install+0x6e/0xd0
[  300.502549]  ? __sanitizer_cov_trace_pc+0x21/0x50
[  300.503320]  arch_do_signal_or_restart+0xb6/0x760
[  300.504075]  ? __sanitizer_cov_trace_pc+0x21/0x50
[  300.504838]  ? write_comp_data+0x2f/0x90
[  300.505493]  ? __sanitizer_cov_trace_pc+0x21/0x50
[  300.506287]  ? __audit_syscall_exit+0x29d/0x3d0
[  300.507030]  exit_to_user_mode_prepare+0x110/0x190
[  300.507805]  syscall_exit_to_user_mode+0x1c/0x30
[  300.508546]  do_syscall_64+0x48/0x80
[  300.509135]  entry_SYSCALL_64_after_hwframe+0x44/0xae
[  300.509944] RIP: 0033:0x7fd96881259d
[  300.510371] RSP: 002b:00007fd9686caea8 EFLAGS: 00000246 ORIG_RAX: 00000000000000ca
[  300.511240] RAX: fffffffffffffe00 RBX: 0000000000000000 RCX: 00007fd96881259d
[  300.512010] RDX: 0000000000000000 RSI: 0000000000000080 RDI: 0000000000405158
[  300.512773] RBP: 00007fd9686caec0 R08: 0000000000000000 R09: 0000000000000000
[  300.513545] R10: 0000000000000000 R11: 0000000000000246 R12: 00007fff7f8b7b0e
[  300.514334] R13: 00007fff7f8b7b0f R14: 00007fff7f8b7ba0 R15: 00007fd9686cb700
[  300.515114] INFO: task repro:1549 blocked for more than 147 seconds.
[  300.515831]       Not tainted 5.12.0-0080665fbd0e+ #1
[  300.516408] "echo 0 > /proc/sys/kernel/hung_task_timeout_secs" disables this message.
[  300.517251] task:repro           state:D stack:    0 pid: 1549 ppid:   559 flags:0x00004004
[  300.518177] Call Trace:
[  300.518456]  __schedule+0x3b1/0x8a0
[  300.518856]  schedule+0x40/0xb0
[  300.519215]  schedule_preempt_disabled+0xe/0x10
[  300.519751]  __mutex_lock.isra.11+0x2de/0x4e0
[  300.520224]  ? __anon_inode_getfile+0xc4/0x250
[  300.520759]  __mutex_lock_slowpath+0x13/0x20
[  300.521240]  mutex_lock+0x2c/0x30
[  300.521616]  __do_sys_perf_event_open+0xb08/0x18a0
[  300.522166]  __x64_sys_perf_event_open+0x26/0x30
[  300.522684]  do_syscall_64+0x3c/0x80
[  300.523089]  entry_SYSCALL_64_after_hwframe+0x44/0xae
[  300.523673] RIP: 0033:0x7fd96881259d
[  300.524080] RSP: 002b:00007fd9686ebe98 EFLAGS: 00000246 ORIG_RAX: 000000000000012a
[  300.524946] RAX: ffffffffffffffda RBX: 0000000000000000 RCX: 00007fd96881259d
[  300.525740] RDX: 0000000000000000 RSI: 00000000ffffffff RDI: 0000000020000000
[  300.526532] RBP: 00007fd9686ebec0 R08: 0000000000000000 R09: 0000000000000000
[  300.527307] R10: 0000000000000003 R11: 0000000000000246 R12: 00007fff7f8b7b0e
[  300.528224] R13: 00007fff7f8b7b0f R14: 00007fff7f8b7ba0 R15: 00007fd9686ec700
[  300.529014] INFO: task repro:1559 blocked for more than 147 seconds.
[  300.529750]       Not tainted 5.12.0-0080665fbd0e+ #1
[  300.530324] "echo 0 > /proc/sys/kernel/hung_task_timeout_secs" disables this message.
[  300.531176] task:repro           state:D stack:    0 pid: 1559 ppid:   555 flags:0x00004004
[  300.532089] Call Trace:
[  300.532363]  __schedule+0x3b1/0x8a0
[  300.532755]  schedule+0x40/0xb0
[  300.533115]  schedule_preempt_disabled+0xe/0x10
[  300.533665]  __mutex_lock.isra.11+0x2de/0x4e0
[  300.534171]  __mutex_lock_slowpath+0x13/0x20
[  300.534654]  mutex_lock+0x2c/0x30
[  300.535034]  __do_sys_perf_event_open+0xfed/0x18a0
[  300.535572]  __x64_sys_perf_event_open+0x26/0x30
[  300.536080]  do_syscall_64+0x3c/0x80
[  300.536478]  entry_SYSCALL_64_after_hwframe+0x44/0xae
[  300.537071] RIP: 0033:0x7fd96881259d
[  300.537477] RSP: 002b:00007fd9686ebe98 EFLAGS: 00000246 ORIG_RAX: 000000000000012a
[  300.538362] RAX: ffffffffffffffda RBX: 0000000000000000 RCX: 00007fd96881259d
[  300.539157] RDX: 0000000000000000 RSI: 00000000ffffffff RDI: 0000000020000000
[  300.539939] RBP: 00007fd9686ebec0 R08: 0000000000000000 R09: 0000000000000000
[  300.540697] R10: 00000000ffffffff R11: 0000000000000246 R12: 00007fff7f8b7b0e
[  300.541471] R13: 00007fff7f8b7b0f R14: 00007fff7f8b7ba0 R15: 00007fd9686ec700
[  300.542264] INFO: task repro:1560 blocked for more than 147 seconds.
[  300.542989]       Not tainted 5.12.0-0080665fbd0e+ #1
[  300.543572] "echo 0 > /proc/sys/kernel/hung_task_timeout_secs" disables this message.
[  300.544391] task:repro           state:D stack:    0 pid: 1560 ppid:   555 flags:0x00000004
[  300.545274] Call Trace:
[  300.545551]  __schedule+0x3b1/0x8a0
[  300.545960]  schedule+0x40/0xb0
[  300.546339]  schedule_preempt_disabled+0xe/0x10
[  300.546846]  __mutex_lock.isra.11+0x2de/0x4e0
[  300.547392]  ? __anon_inode_getfile+0xc4/0x250
[  300.547980]  __mutex_lock_slowpath+0x13/0x20
[  300.548592]  mutex_lock+0x2c/0x30
[  300.549138]  __do_sys_perf_event_open+0xfed/0x18a0
[  300.549950]  __x64_sys_perf_event_open+0x26/0x30
[  300.550705]  do_syscall_64+0x3c/0x80
[  300.551299]  entry_SYSCALL_64_after_hwframe+0x44/0xae
[  300.552109] RIP: 0033:0x7fd96881259d
[  300.552535] RSP: 002b:00007fd9686cae98 EFLAGS: 00000246 ORIG_RAX: 000000000000012a
[  300.553414] RAX: ffffffffffffffda RBX: 0000000000000000 RCX: 00007fd96881259d
[  300.554227] RDX: 0000000000000000 RSI: 00000000ffffffff RDI: 0000000020000080
[  300.554996] RBP: 00007fd9686caec0 R08: 0000000000000000 R09: 0000000000000000
[  300.555843] R10: ffffffffffffffff R11: 0000000000000246 R12: 00007fff7f8b7b0e
[  300.556912] R13: 00007fff7f8b7b0f R14: 00007fff7f8b7ba0 R15: 00007fd9686cb700
[  300.558058] INFO: task repro:1561 blocked for more than 147 seconds.
[  300.559055]       Not tainted 5.12.0-0080665fbd0e+ #1
[  300.559845] "echo 0 > /proc/sys/kernel/hung_task_timeout_secs" disables this message.
[  300.560915] task:repro           state:D stack:    0 pid: 1561 ppid:   555 flags:0x00000004
[  300.561823] Call Trace:
[  300.562115]  __schedule+0x3b1/0x8a0
[  300.562539]  schedule+0x40/0xb0
[  300.562918]  schedule_preempt_disabled+0xe/0x10
[  300.563472]  __mutex_lock.isra.11+0x2de/0x4e0
[  300.563962]  ? __anon_inode_getfile+0xc4/0x250
[  300.564447]  __mutex_lock_slowpath+0x13/0x20
[  300.564917]  mutex_lock+0x2c/0x30
[  300.565289]  __do_sys_perf_event_open+0xfed/0x18a0
[  300.565819]  __x64_sys_perf_event_open+0x26/0x30
[  300.566359]  do_syscall_64+0x3c/0x80
[  300.566763]  entry_SYSCALL_64_after_hwframe+0x44/0xae
[  300.567355] RIP: 0033:0x7fd96881259d
[  300.567781] RSP: 002b:00007fd9686a9e98 EFLAGS: 00000246 ORIG_RAX: 000000000000012a
[  300.568595] RAX: ffffffffffffffda RBX: 0000000000000000 RCX: 00007fd96881259d
[  300.569356] RDX: 0000000000000000 RSI: 00000000ffffffff RDI: 0000000020000000
[  300.570131] RBP: 00007fd9686a9ec0 R08: 0000000000000000 R09: 0000000000000000
[  300.570895] R10: ffffffffffffffff R11: 0000000000000246 R12: 00007fff7f8b7b0e
[  300.571703] R13: 00007fff7f8b7b0f R14: 00007fff7f8b7ba0 R15: 00007fd9686aa700
