c[?7l[2J[0mSeaBIOS (version rel-1.16.0-0-gd239552ce722-prebuilt.qemu.org)


iPXE (http://ipxe.org) 00:03.0 CA00 PCI2.10 PnP PMM+7FF91000+7FEF1000 CA00
Press Ctrl-B to configure iPXE (PCI 00:03.0)...                                                                               


Booting from ROM...
c[?7l[2J[    0.000000] Linux version 5.12.0-16b3d0cf5bad+ (root@p-tglh01.sh.intel.com) (gcc (GCC) 8.5.0 20210514 (Red Hat 8.5.0-17), GNU ld version 2.36.1-2.el8) #1 SMP Wed Nov 16 08:44:21 CST 2022
[    0.000000] Command line: console=ttyS0 root=/dev/sda earlyprintk=serial net.ifnames=0
[    0.000000] KERNEL supported cpus:
[    0.000000]   Intel GenuineIntel
[    0.000000]   AMD AuthenticAMD
[    0.000000]   Hygon HygonGenuine
[    0.000000]   Centaur CentaurHauls
[    0.000000]   zhaoxin   Shanghai  
[    0.000000] x86/fpu: Supporting XSAVE feature 0x001: 'x87 floating point registers'
[    0.000000] x86/fpu: Supporting XSAVE feature 0x002: 'SSE registers'
[    0.000000] x86/fpu: Supporting XSAVE feature 0x004: 'AVX registers'
[    0.000000] x86/fpu: Supporting XSAVE feature 0x020: 'AVX-512 opmask'
[    0.000000] x86/fpu: Supporting XSAVE feature 0x040: 'AVX-512 Hi256'
[    0.000000] x86/fpu: Supporting XSAVE feature 0x080: 'AVX-512 ZMM_Hi256'
[    0.000000] x86/fpu: Supporting XSAVE feature 0x200: 'Protection Keys User registers'
[    0.000000] x86/fpu: xstate_offset[2]:  576, xstate_sizes[2]:  256
[    0.000000] x86/fpu: xstate_offset[5]:  832, xstate_sizes[5]:   64
[    0.000000] x86/fpu: xstate_offset[6]:  896, xstate_sizes[6]:  512
[    0.000000] x86/fpu: xstate_offset[7]: 1408, xstate_sizes[7]: 1024
[    0.000000] x86/fpu: xstate_offset[9]: 2432, xstate_sizes[9]:    8
[    0.000000] x86/fpu: Enabled xstate features 0x2e7, context size is 2440 bytes, using 'compacted' format.
[    0.000000] BIOS-provided physical RAM map:
[    0.000000] BIOS-e820: [mem 0x0000000000000000-0x000000000009fbff] usable
[    0.000000] BIOS-e820: [mem 0x000000000009fc00-0x000000000009ffff] reserved
[    0.000000] BIOS-e820: [mem 0x00000000000f0000-0x00000000000fffff] reserved
[    0.000000] BIOS-e820: [mem 0x0000000000100000-0x000000007ffdffff] usable
[    0.000000] BIOS-e820: [mem 0x000000007ffe0000-0x000000007fffffff] reserved
[    0.000000] BIOS-e820: [mem 0x00000000feffc000-0x00000000feffffff] reserved
[    0.000000] BIOS-e820: [mem 0x00000000fffc0000-0x00000000ffffffff] reserved
[    0.000000] printk: bootconsole [earlyser0] enabled
[    0.000000] NX (Execute Disable) protection: active
[    0.000000] SMBIOS 2.8 present.
[    0.000000] DMI: QEMU Standard PC (i440FX + PIIX, 1996), BIOS rel-1.16.0-0-gd239552ce722-prebuilt.qemu.org 04/01/2014
[    0.000000] Hypervisor detected: KVM
[    0.000000] kvm-clock: Using msrs 4b564d01 and 4b564d00
[    0.000000] kvm-clock: cpu 0, msr 4601001, primary cpu clock
[    0.000003] kvm-clock: using sched offset of 387925153 cycles
[    0.000612] clocksource: kvm-clock: mask: 0xffffffffffffffff max_cycles: 0x1cd42e4dffb, max_idle_ns: 881590591483 ns
[    0.002343] tsc: Detected 3110.400 MHz processor
[    0.010228] last_pfn = 0x7ffe0 max_arch_pfn = 0x400000000
[    0.010910] x86/PAT: Configuration [0-7]: WB  WC  UC- UC  WB  WP  UC- WT  
[    0.019233] found SMP MP-table at [mem 0x000f5ba0-0x000f5baf]
[    0.020040] Using GB pages for direct mapping
[    0.021505] ACPI: Early table checksum verification disabled
[    0.022136] ACPI: RSDP 0x00000000000F59C0 000014 (v00 BOCHS )
[    0.022786] ACPI: RSDT 0x000000007FFE1951 000034 (v01 BOCHS  BXPC     00000001 BXPC 00000001)
[    0.023717] ACPI: FACP 0x000000007FFE17FD 000074 (v01 BOCHS  BXPC     00000001 BXPC 00000001)
[    0.024666] ACPI: DSDT 0x000000007FFE0040 0017BD (v01 BOCHS  BXPC     00000001 BXPC 00000001)
[    0.025565] ACPI: FACS 0x000000007FFE0000 000040
[    0.026073] ACPI: APIC 0x000000007FFE1871 000080 (v01 BOCHS  BXPC     00000001 BXPC 00000001)
[    0.027004] ACPI: HPET 0x000000007FFE18F1 000038 (v01 BOCHS  BXPC     00000001 BXPC 00000001)
[    0.027933] ACPI: WAET 0x000000007FFE1929 000028 (v01 BOCHS  BXPC     00000001 BXPC 00000001)
[    0.028862] ACPI: Reserving FACP table memory at [mem 0x7ffe17fd-0x7ffe1870]
[    0.029622] ACPI: Reserving DSDT table memory at [mem 0x7ffe0040-0x7ffe17fc]
[    0.030385] ACPI: Reserving FACS table memory at [mem 0x7ffe0000-0x7ffe003f]
[    0.031145] ACPI: Reserving APIC table memory at [mem 0x7ffe1871-0x7ffe18f0]
[    0.031870] ACPI: Reserving HPET table memory at [mem 0x7ffe18f1-0x7ffe1928]
[    0.032635] ACPI: Reserving WAET table memory at [mem 0x7ffe1929-0x7ffe1950]
[    0.034326] No NUMA configuration found
[    0.034741] Faking a node at [mem 0x0000000000000000-0x000000007ffdffff]
[    0.035537] NODE_DATA(0) allocated [mem 0x7ffb5000-0x7ffdffff]
[    0.039757] Zone ranges:
[    0.040036]   DMA      [mem 0x0000000000001000-0x0000000000ffffff]
[    0.040691]   DMA32    [mem 0x0000000001000000-0x000000007ffdffff]
[    0.041349]   Normal   empty
[    0.041663]   Device   empty
[    0.041974] Movable zone start for each node
[    0.042429] Early memory node ranges
[    0.042808]   node   0: [mem 0x0000000000001000-0x000000000009efff]
[    0.043475]   node   0: [mem 0x0000000000100000-0x000000007ffdffff]
[    0.044144] Initmem setup node 0 [mem 0x0000000000001000-0x000000007ffdffff]
[    0.046992]   DMA zone: 28770 pages in unavailable ranges
[    0.093403]   DMA32 zone: 32 pages in unavailable ranges
[    0.094370] ACPI: PM-Timer IO Port: 0x608
[    0.094859] ACPI: LAPIC_NMI (acpi_id[0xff] dfl dfl lint[0x1])
[    0.095517] IOAPIC[0]: apic_id 0, version 17, address 0xfec00000, GSI 0-23
[    0.096271] ACPI: INT_SRC_OVR (bus 0 bus_irq 0 global_irq 2 dfl dfl)
[    0.096951] ACPI: INT_SRC_OVR (bus 0 bus_irq 5 global_irq 5 high level)
[    0.097664] ACPI: INT_SRC_OVR (bus 0 bus_irq 9 global_irq 9 high level)
[    0.098386] ACPI: INT_SRC_OVR (bus 0 bus_irq 10 global_irq 10 high level)
[    0.099122] ACPI: INT_SRC_OVR (bus 0 bus_irq 11 global_irq 11 high level)
[    0.099887] Using ACPI (MADT) for SMP configuration information
[    0.100526] ACPI: HPET id: 0x8086a201 base: 0xfed00000
[    0.101097] TSC deadline timer available
[    0.101520] smpboot: Allowing 2 CPUs, 0 hotplug CPUs
[    0.102079] kvm-guest: KVM setup pv remote TLB flush
[    0.102625] kvm-guest: setup PV sched yield
[    0.103110] PM: hibernation: Registered nosave memory: [mem 0x00000000-0x00000fff]
[    0.103934] PM: hibernation: Registered nosave memory: [mem 0x0009f000-0x0009ffff]
[    0.104780] PM: hibernation: Registered nosave memory: [mem 0x000a0000-0x000effff]
[    0.105599] PM: hibernation: Registered nosave memory: [mem 0x000f0000-0x000fffff]
[    0.106397] [mem 0x80000000-0xfeffbfff] available for PCI devices
[    0.107034] Booting paravirtualized kernel on KVM
[    0.107537] clocksource: refined-jiffies: mask: 0xffffffff max_cycles: 0xffffffff, max_idle_ns: 7645519600211568 ns
[    0.108681] setup_percpu: NR_CPUS:8192 nr_cpumask_bits:2 nr_cpu_ids:2 nr_node_ids:1
[    0.114192] percpu: Embedded 56 pages/cpu s192512 r8192 d28672 u1048576
[    0.115132] kvm-guest: KVM setup async PF for cpu 0
[    0.115705] kvm-guest: stealtime: cpu 0, msr 7dc2e080
[    0.116304] kvm-guest: PV spinlocks enabled
[    0.116772] PV qspinlock hash table entries: 256 (order: 0, 4096 bytes, linear)
[    0.117599] Built 1 zonelists, mobility grouping on.  Total pages: 515945
[    0.118359] Policy zone: DMA32
[    0.118705] Kernel command line: net.ifnames=0 console=ttyS0 root=/dev/sda earlyprintk=serial net.ifnames=0
[    0.122631] Dentry cache hash table entries: 262144 (order: 9, 2097152 bytes, linear)
[    0.123629] Inode-cache hash table entries: 131072 (order: 8, 1048576 bytes, linear)
[    0.124616] mem auto-init: stack:off, heap alloc:off, heap free:off
[    0.129594] Memory: 2002380K/2096632K available (28688K kernel code, 4283K rwdata, 7300K rodata, 3316K init, 10648K bss, 93996K reserved, 0K cma-reserved)
[    0.131140] random: get_random_u64 called from __kmem_cache_create+0x2f/0x440 with crng_init=0
[    0.131566] SLUB: HWalign=64, Order=0-3, MinObjects=0, CPUs=2, Nodes=1
[    0.133250] kmemleak: Kernel memory leak detector disabled
[    0.133877] ftrace: allocating 62676 entries in 245 pages
[    0.229188] ftrace: allocated 245 pages with 6 groups
[    0.230087] rcu: Hierarchical RCU implementation.
[    0.230630] rcu: 	RCU restricting CPUs from NR_CPUS=8192 to nr_cpu_ids=2.
[    0.231407] 	Trampoline variant of Tasks RCU enabled.
[    0.231982] 	Rude variant of Tasks RCU enabled.
[    0.232497] 	Tracing variant of Tasks RCU enabled.
[    0.233020] rcu: RCU calculated value of scheduler-enlistment delay is 25 jiffies.
[    0.233874] rcu: Adjusting geometry for rcu_fanout_leaf=16, nr_cpu_ids=2
[    0.252044] NR_IRQS: 524544, nr_irqs: 440, preallocated irqs: 16
[    0.263026] Console: colour VGA+ 80x25
[    0.263511] printk: console [ttyS0] enabled
[    0.263511] printk: console [ttyS0] enabled
[    0.264488] printk: bootconsole [earlyser0] disabled
[    0.264488] printk: bootconsole [earlyser0] disabled
[    0.265667] ACPI: Core revision 20210331
[    0.266343] clocksource: hpet: mask: 0xffffffff max_cycles: 0xffffffff, max_idle_ns: 19112604467 ns
[    0.267532] APIC: Switch to symmetric I/O mode setup
[    0.268369] x2apic enabled
[    0.268929] Switched APIC routing to physical x2apic.
[    0.269527] kvm-guest: setup PV IPIs
[    0.271053] ..TIMER: vector=0x30 apic1=0 pin1=2 apic2=-1 pin2=-1
[    0.271829] clocksource: tsc-early: mask: 0xffffffffffffffff max_cycles: 0x2cd5a8bb032, max_idle_ns: 440795365915 ns
[    0.273077] Calibrating delay loop (skipped) preset value.. 6220.80 BogoMIPS (lpj=12441600)
[    0.274104] pid_max: default: 32768 minimum: 301
[    0.274708] LSM: Security Framework initializing
[    0.275266] Yama: becoming mindful.
[    0.277193] Mount-cache hash table entries: 4096 (order: 3, 32768 bytes, linear)
[    0.278097] Mountpoint-cache hash table entries: 4096 (order: 3, 32768 bytes, linear)
[    0.280497] x86/cpu: User Mode Instruction Prevention (UMIP) activated
[    0.281342] Last level iTLB entries: 4KB 0, 2MB 0, 4MB 0
[    0.282002] Last level dTLB entries: 4KB 0, 2MB 0, 4MB 0, 1GB 0
[    0.282702] Spectre V1 : Mitigation: usercopy/swapgs barriers and __user pointer sanitization
[    0.283716] Spectre V2 : Mitigation: Enhanced IBRS
[    0.284253] Spectre V2 : Spectre v2 / SpectreRSB mitigation: Filling RSB on context switch
[    0.285077] Spectre V2 : mitigation: Enabling conditional Indirect Branch Prediction Barrier
[    0.285985] Speculative Store Bypass: Mitigation: Speculative Store Bypass disabled via prctl and seccomp
[    0.319228] Freeing SMP alternatives memory: 52K
[    0.320062] smpboot: CPU0: Genuine Intel(R) CPU 0000 @ 2.20GHz (family: 0x6, model: 0x8d, stepping: 0x0)
[    0.321073] Performance Events: Icelake events, full-width counters, Intel PMU driver.
[    0.321073] ... version:                2
[    0.321073] ... bit width:              48
[    0.321073] ... generic registers:      8
[    0.321073] ... value mask:             0000ffffffffffff
[    0.321077] ... max period:             00007fffffffffff
[    0.321673] ... fixed-purpose events:   3
[    0.322117] ... event mask:             00000007000000ff
[    0.322918] rcu: Hierarchical SRCU implementation.
[    0.325828] smp: Bringing up secondary CPUs ...
[    0.326644] x86: Booting SMP configuration:
[    0.327109] .... node  #0, CPUs:      #1
[    0.019987] kvm-clock: cpu 1, msr 4601041, secondary cpu clock
[    0.328379] kvm-guest: KVM setup async PF for cpu 1
[    0.328379] kvm-guest: stealtime: cpu 1, msr 7dd2e080
[    0.329124] smp: Brought up 1 node, 2 CPUs
[    0.329619] smpboot: Max logical packages: 1
[    0.330097] smpboot: Total of 2 processors activated (12441.60 BogoMIPS)
[    0.334013] devtmpfs: initialized
[    0.334013] x86/mm: Memory block size: 128MB
[    0.337490] clocksource: jiffies: mask: 0xffffffff max_cycles: 0xffffffff, max_idle_ns: 7645041785100000 ns
[    0.338998] futex hash table entries: 512 (order: 3, 32768 bytes, linear)
[    0.338998] pinctrl core: initialized pinctrl subsystem
[    0.338998] 
[    0.338998] *************************************************************
[    0.339898] **     NOTICE NOTICE NOTICE NOTICE NOTICE NOTICE NOTICE    **
[    0.340982] **                                                         **
[    0.345079] **  IOMMU DebugFS SUPPORT HAS BEEN ENABLED IN THIS KERNEL  **
[    0.346146] **                                                         **
[    0.347199] ** This means that this kernel is built to expose internal **
[    0.348253] ** IOMMU data structures, which may compromise security on **
[    0.349079] ** your system.                                            **
[    0.350132] **                                                         **
[    0.351208] ** If you see this message and you are not debugging the   **
[    0.352265] ** kernel, report this immediately to your vendor!         **
[    0.353078] **                                                         **
[    0.354132] **     NOTICE NOTICE NOTICE NOTICE NOTICE NOTICE NOTICE    **
[    0.355182] *************************************************************
[    0.356330] PM: RTC time: 01:12:29, date: 2022-11-16
[    0.359211] NET: Registered protocol family 16
[    0.360603] DMA: preallocated 256 KiB GFP_KERNEL pool for atomic allocations
[    0.361088] DMA: preallocated 256 KiB GFP_KERNEL|GFP_DMA pool for atomic allocations
[    0.362293] DMA: preallocated 256 KiB GFP_KERNEL|GFP_DMA32 pool for atomic allocations
[    0.363585] audit: initializing netlink subsys (disabled)
[    0.365143] audit: type=2000 audit(1668561150.090:1): state=initialized audit_enabled=0 res=1
[    0.365588] thermal_sys: Registered thermal governor 'fair_share'
[    0.366463] thermal_sys: Registered thermal governor 'bang_bang'
[    0.367180] thermal_sys: Registered thermal governor 'step_wise'
[    0.367848] thermal_sys: Registered thermal governor 'user_space'
[    0.369102] cpuidle: using governor ladder
[    0.370225] cpuidle: using governor menu
[    0.370937] ACPI: bus type PCI registered
[    0.371394] acpiphp: ACPI Hot Plug PCI Controller Driver version: 0.5
[    0.373287] PCI: Using configuration type 1 for base access
[    0.382810] Kprobes globally optimized
[    0.383259] HugeTLB registered 1.00 GiB page size, pre-allocated 0 pages
[    0.383259] HugeTLB registered 2.00 MiB page size, pre-allocated 0 pages
[    0.389334] ACPI: Added _OSI(Module Device)
[    0.389830] ACPI: Added _OSI(Processor Device)
[    0.390324] ACPI: Added _OSI(3.0 _SCP Extensions)
[    0.390846] ACPI: Added _OSI(Processor Aggregator Device)
[    0.391434] ACPI: Added _OSI(Linux-Dell-Video)
[    0.391918] ACPI: Added _OSI(Linux-Lenovo-NV-HDMI-Audio)
[    0.393084] ACPI: Added _OSI(Linux-HPI-Hybrid-Graphics)
[    0.398730] ACPI: 1 ACPI AML tables successfully acquired and loaded
[    0.402250] ACPI: Interpreter enabled
[    0.402753] ACPI: (supports S0 S3 S4 S5)
[    0.403205] ACPI: Using IOAPIC for interrupt routing
[    0.403796] PCI: Using host bridge windows from ACPI; if necessary, use "pci=nocrs" and report a bug
[    0.405404] ACPI: Enabled 2 GPEs in block 00 to 0F
[    0.419442] ACPI: PCI Root Bridge [PCI0] (domain 0000 [bus 00-ff])
[    0.420144] acpi PNP0A03:00: _OSC: OS supports [ASPM ClockPM Segments MSI EDR HPX-Type3]
[    0.421106] acpi PNP0A03:00: fail to add MMCONFIG information, can't access extended PCI configuration space under this bridge.
[    0.423925] acpiphp: Slot [3] registered
[    0.424420] acpiphp: Slot [4] registered
[    0.424921] acpiphp: Slot [5] registered
[    0.425149] acpiphp: Slot [6] registered
[    0.425655] acpiphp: Slot [7] registered
[    0.426158] acpiphp: Slot [8] registered
[    0.426661] acpiphp: Slot [9] registered
[    0.427165] acpiphp: Slot [10] registered
[    0.427664] acpiphp: Slot [11] registered
[    0.428171] acpiphp: Slot [12] registered
[    0.428686] acpiphp: Slot [13] registered
[    0.429138] acpiphp: Slot [14] registered
[    0.429651] acpiphp: Slot [15] registered
[    0.430163] acpiphp: Slot [16] registered
[    0.430697] acpiphp: Slot [17] registered
[    0.431215] acpiphp: Slot [18] registered
[    0.431715] acpiphp: Slot [19] registered
[    0.432217] acpiphp: Slot [20] registered
[    0.432729] acpiphp: Slot [21] registered
[    0.433138] acpiphp: Slot [22] registered
[    0.433651] acpiphp: Slot [23] registered
[    0.434162] acpiphp: Slot [24] registered
[    0.434681] acpiphp: Slot [25] registered
[    0.435205] acpiphp: Slot [26] registered
[    0.435698] acpiphp: Slot [27] registered
[    0.436206] acpiphp: Slot [28] registered
[    0.436718] acpiphp: Slot [29] registered
[    0.437138] acpiphp: Slot [30] registered
[    0.437650] acpiphp: Slot [31] registered
[    0.438121] PCI host bridge to bus 0000:00
[    0.438584] pci_bus 0000:00: root bus resource [io  0x0000-0x0cf7 window]
[    0.439331] pci_bus 0000:00: root bus resource [io  0x0d00-0xffff window]
[    0.440074] pci_bus 0000:00: root bus resource [mem 0x000a0000-0x000bffff window]
[    0.440905] pci_bus 0000:00: root bus resource [mem 0x80000000-0xfebfffff window]
[    0.441078] pci_bus 0000:00: root bus resource [mem 0x100000000-0x17fffffff window]
[    0.441932] pci_bus 0000:00: root bus resource [bus 00-ff]
[    0.442608] pci 0000:00:00.0: [8086:1237] type 00 class 0x060000
[    0.445078] pci 0000:00:01.0: [8086:7000] type 00 class 0x060100
[    0.446714] pci 0000:00:01.1: [8086:7010] type 00 class 0x010180
[    0.449084] pci 0000:00:01.1: reg 0x20: [io  0xc040-0xc04f]
[    0.450760] pci 0000:00:01.1: legacy IDE quirk: reg 0x10: [io  0x01f0-0x01f7]
[    0.451565] pci 0000:00:01.1: legacy IDE quirk: reg 0x14: [io  0x03f6]
[    0.452297] pci 0000:00:01.1: legacy IDE quirk: reg 0x18: [io  0x0170-0x0177]
[    0.453080] pci 0000:00:01.1: legacy IDE quirk: reg 0x1c: [io  0x0376]
[    0.454447] pci 0000:00:01.3: [8086:7113] type 00 class 0x068000
[    0.455505] pci 0000:00:01.3: quirk: [io  0x0600-0x063f] claimed by PIIX4 ACPI
[    0.456323] pci 0000:00:01.3: quirk: [io  0x0700-0x070f] claimed by PIIX4 SMB
[    0.457962] pci 0000:00:02.0: [1234:1111] type 00 class 0x030000
[    0.461560] pci 0000:00:02.0: reg 0x10: [mem 0xfd000000-0xfdffffff pref]
[    0.464998] pci 0000:00:02.0: reg 0x18: [mem 0xfebf0000-0xfebf0fff]
[    0.470077] pci 0000:00:02.0: reg 0x30: [mem 0xfebe0000-0xfebeffff pref]
[    0.473863] pci 0000:00:03.0: [8086:100e] type 00 class 0x020000
[    0.475614] pci 0000:00:03.0: reg 0x10: [mem 0xfebc0000-0xfebdffff]
[    0.477082] pci 0000:00:03.0: reg 0x14: [io  0xc000-0xc03f]
[    0.482509] pci 0000:00:03.0: reg 0x30: [mem 0xfeb80000-0xfebbffff pref]
[    0.500356] ACPI: PCI: Interrupt link LNKA configured for IRQ 10
[    0.501658] ACPI: PCI: Interrupt link LNKB configured for IRQ 10
[    0.503138] ACPI: PCI: Interrupt link LNKC configured for IRQ 11
[    0.504609] ACPI: PCI: Interrupt link LNKD configured for IRQ 11
[    0.505368] ACPI: PCI: Interrupt link LNKS configured for IRQ 9
[    0.507650] iommu: Default domain type: Translated 
[    0.509118] pci 0000:00:02.0: vgaarb: setting as boot VGA device
[    0.510048] pci 0000:00:02.0: vgaarb: VGA device added: decodes=io+mem,owns=io+mem,locks=none
[    0.511332] pci 0000:00:02.0: vgaarb: bridge control possible
[    0.512223] vgaarb: loaded
[    0.513673] SCSI subsystem initialized
[    0.514279] ACPI: bus type USB registered
[    0.514279] usbcore: registered new interface driver usbfs
[    0.514279] usbcore: registered new interface driver hub
[    0.514279] usbcore: registered new device driver usb
[    0.514911] pps_core: LinuxPPS API ver. 1 registered
[    0.515666] pps_core: Software ver. 5.3.6 - Copyright 2005-2007 Rodolfo Giometti <giometti@linux.it>
[    0.517128] PTP clock support registered
[    0.521130] EDAC MC: Ver: 3.0.0
[    0.521953] NetLabel: Initializing
[    0.522395] NetLabel:  domain hash size = 128
[    0.523078] NetLabel:  protocols = UNLABELED CIPSOv4 CALIPSO
[    0.525149] NetLabel:  unlabeled traffic allowed by default
[    0.526085] PCI: Using ACPI for IRQ routing
[    0.526085] hpet0: at MMIO 0xfed00000, IRQs 2, 8, 0
[    0.526085] hpet0: 3 comparators, 64-bit 100.000000 MHz counter
[    0.533080] clocksource: Switched to clocksource kvm-clock
[    0.603142] VFS: Disk quotas dquot_6.6.0
[    0.603638] VFS: Dquot-cache hash table entries: 512 (order 0, 4096 bytes)
[    0.604570] pnp: PnP ACPI init
[    0.606657] pnp: PnP ACPI: found 6 devices
[    0.615725] clocksource: acpi_pm: mask: 0xffffff max_cycles: 0xffffff, max_idle_ns: 2085701024 ns
[    0.616999] NET: Registered protocol family 2
[    3.412717] tcp_listen_portaddr_hash hash table entries: 1024 (order: 2, 16384 bytes, linear)
[    3.413824] TCP established hash table entries: 16384 (order: 5, 131072 bytes, linear)
[    3.414863] TCP bind hash table entries: 16384 (order: 6, 262144 bytes, linear)
[    3.415994] TCP: Hash tables configured (established 16384 bind 16384)
[    3.416848] UDP hash table entries: 1024 (order: 3, 32768 bytes, linear)
[    3.417637] UDP-Lite hash table entries: 1024 (order: 3, 32768 bytes, linear)
[    3.418510] NET: Registered protocol family 1
[    3.419515] RPC: Registered named UNIX socket transport module.
[    3.420303] RPC: Registered udp transport module.
[    3.420908] RPC: Registered tcp transport module.
[    3.421535] RPC: Registered tcp NFSv4.1 backchannel transport module.
[    3.422368] pci_bus 0000:00: resource 4 [io  0x0000-0x0cf7 window]
[    3.423170] pci_bus 0000:00: resource 5 [io  0x0d00-0xffff window]
[    3.423968] pci_bus 0000:00: resource 6 [mem 0x000a0000-0x000bffff window]
[    3.424848] pci_bus 0000:00: resource 7 [mem 0x80000000-0xfebfffff window]
[    3.425745] pci_bus 0000:00: resource 8 [mem 0x100000000-0x17fffffff window]
[    3.426865] pci 0000:00:01.0: PIIX3: Enabling Passive Release
[    3.427618] pci 0000:00:00.0: Limiting direct PCI/PCI transfers
[    3.428398] pci 0000:00:01.0: Activating ISA DMA hang workarounds
[    3.429285] pci 0000:00:02.0: Video device with shadowed ROM at [mem 0x000c0000-0x000dffff]
[    3.430378] PCI: CLS 0 bytes, default 64
[    3.431222] clocksource: tsc: mask: 0xffffffffffffffff max_cycles: 0x2cd5a8bb032, max_idle_ns: 440795365915 ns
[    3.436382] Initialise system trusted keyrings
[    3.436880] Key type blacklist registered
[    3.437447] workingset: timestamp_bits=36 max_order=19 bucket_order=0
[    3.443974] zbud: loaded
[    3.445237] squashfs: version 4.0 (2009/01/31) Phillip Lougher
[    3.447128] NFS: Registering the id_resolver key type
[    3.447798] Key type id_resolver registered
[    3.448338] Key type id_legacy registered
[    3.448913] nfs4filelayout_init: NFSv4 File Layout Driver Registering...
[    3.449791] nfs4flexfilelayout_init: NFSv4 Flexfile Layout Driver Registering...
[    3.450883] fuse: init (API version 7.33)
[    3.451605] SGI XFS with ACLs, security attributes, realtime, quota, no debug enabled
[    3.453670] 9p: Installing v9fs 9p2000 file system support
[    3.464024] Key type asymmetric registered
[    3.464491] Asymmetric key parser 'x509' registered
[    3.465029] Block layer SCSI generic (bsg) driver version 0.4 loaded (major 244)
[    3.465883] io scheduler mq-deadline registered
[    3.466552] io scheduler bfq registered
[    3.467409] shpchp: Standard Hot Plug PCI Controller Driver version: 0.4
[    3.468440] IPMI message handler: version 39.2
[    3.469036] ipmi device interface
[    3.470480] input: Power Button as /devices/LNXSYSTM:00/LNXPWRBN:00/input/input0
[    3.471514] ACPI: button: Power Button [PWRF]
[    3.472929] ERST DBG: ERST support is disabled.
[    3.473796] Serial: 8250/16550 driver, 32 ports, IRQ sharing enabled
[    3.474923] 00:04: ttyS0 at I/O 0x3f8 (irq = 4, base_baud = 115200) is a 16550A
[    3.481278] Linux agpgart interface v0.103
[    3.490309] brd: module loaded
[    3.498102] loop: module loaded
[    3.501579] scsi host0: ata_piix
[    3.503209] scsi host1: ata_piix
[    3.503759] ata1: PATA max MWDMA2 cmd 0x1f0 ctl 0x3f6 bmdma 0xc040 irq 14
[    3.504642] ata2: PATA max MWDMA2 cmd 0x170 ctl 0x376 bmdma 0xc048 irq 15
[    3.506200] libphy: Fixed MDIO Bus: probed
[    3.506940] tun: Universal TUN/TAP device driver, 1.6
[    3.507763] e100: Intel(R) PRO/100 Network Driver
[    3.508373] e100: Copyright(c) 1999-2006 Intel Corporation
[    3.509120] e1000: Intel(R) PRO/1000 Network Driver
[    3.509754] e1000: Copyright (c) 1999-2006 Intel Corporation.
[    3.612980] ACPI: \_SB_.LNKC: Enabled at IRQ 11
[    3.665870] ata1.00: ATA-7: QEMU HARDDISK, 2.5+, max UDMA/100
[    3.666737] ata1.00: 16777216 sectors, multi 16: LBA48 
[    3.668732] ata2.00: ATAPI: QEMU DVD-ROM, 2.5+, max UDMA/100
[    3.670777] scsi 0:0:0:0: Direct-Access     ATA      QEMU HARDDISK    2.5+ PQ: 0 ANSI: 5
[    3.672483] scsi 0:0:0:0: Attached scsi generic sg0 type 0
[    3.673686] sd 0:0:0:0: [sda] 16777216 512-byte logical blocks: (8.59 GB/8.00 GiB)
[    3.674815] sd 0:0:0:0: [sda] Write Protect is off
[    3.675564] sd 0:0:0:0: [sda] Write cache: enabled, read cache: enabled, doesn't support DPO or FUA
[    3.675993] scsi 1:0:0:0: CD-ROM            QEMU     QEMU DVD-ROM     2.5+ PQ: 0 ANSI: 5
[    3.678777] scsi 1:0:0:0: Attached scsi generic sg1 type 5
[    3.801266] sd 0:0:0:0: [sda] Attached SCSI disk
[    3.958136] e1000 0000:00:03.0 eth0: (PCI:33MHz:32-bit) 52:54:00:12:34:56
[    3.959235] e1000 0000:00:03.0 eth0: Intel(R) PRO/1000 Network Connection
[    3.960463] e1000e: Intel(R) PRO/1000 Network Driver
[    3.961264] e1000e: Copyright(c) 1999 - 2015 Intel Corporation.
[    3.962264] igb: Intel(R) Gigabit Ethernet Network Driver
[    3.963102] igb: Copyright (c) 2007-2014 Intel Corporation.
[    3.964097] PPP generic driver version 2.4.2
[    3.965156] VFIO - User Level meta-driver version: 0.3
[    3.966025] ehci_hcd: USB 2.0 'Enhanced' Host Controller (EHCI) Driver
[    3.967060] ehci-pci: EHCI PCI platform driver
[    3.967793] ehci-platform: EHCI generic platform driver
[    3.968634] ohci_hcd: USB 1.1 'Open' Host Controller (OHCI) Driver
[    3.969613] ohci-pci: OHCI PCI platform driver
[    3.970342] ohci-platform: OHCI generic platform driver
[    3.971213] uhci_hcd: USB Universal Host Controller Interface driver
[    3.972558] usbcore: registered new interface driver uas
[    3.973500] usbcore: registered new interface driver usb-storage
[    3.974557] i8042: PNP: PS/2 Controller [PNP0303:KBD,PNP0f13:MOU] at 0x60,0x64 irq 1,12
[    3.976748] serio: i8042 KBD port at 0x60,0x64 irq 1
[    3.977583] serio: i8042 AUX port at 0x60,0x64 irq 12
[    3.978913] mousedev: PS/2 mouse device common for all mice
[    3.980508] input: AT Translated Set 2 keyboard as /devices/platform/i8042/serio0/input/input1
[    3.981491] rtc_cmos 00:05: RTC can wake from S4
[    3.983548] input: VirtualPS/2 VMware VMMouse as /devices/platform/i8042/serio1/input/input4
[    3.983819] rtc_cmos 00:05: registered as rtc0
[    3.985657] rtc_cmos 00:05: setting system clock to 2022-11-16T01:12:33 UTC (1668561153)
[    3.987180] rtc_cmos 00:05: alarms up to one day, y3k, 242 bytes nvram, hpet irqs
[    3.987243] input: VirtualPS/2 VMware VMMouse as /devices/platform/i8042/serio1/input/input3
[    3.988385] i2c /dev entries driver
[    3.990423] device-mapper: uevent: version 1.0.3
[    3.991409] device-mapper: ioctl: 4.44.0-ioctl (2021-02-01) initialised: dm-devel@redhat.com
[    3.992709] intel_pstate: CPU model not supported
[    3.993571] sdhci: Secure Digital Host Controller Interface driver
[    3.994520] sdhci: Copyright(c) Pierre Ossman
[    3.995307] sdhci-pltfm: SDHCI platform and OF driver helper
[    3.996234] ledtrig-cpu: registered to indicate activity on CPUs
[    3.997322] drop_monitor: Initializing network drop monitor service
[    3.998998] NET: Registered protocol family 10
[    4.002006] Segment Routing with IPv6
[    4.002645] NET: Registered protocol family 17
[    4.003645] 9pnet: Installing 9P2000 support
[    4.004435] Key type dns_resolver registered
[    4.006010] IPI shorthand broadcast: enabled
[    4.006723] sched_clock: Marking stable (3989722854, 15987617)->(4016603345, -10892874)
[    4.008428] registered taskstats version 1
[    4.009134] Loading compiled-in X.509 certificates
[    4.009987] zswap: loaded using pool lzo/zbud
[    4.011107] Key type ._fscrypt registered
[    4.011763] Key type .fscrypt registered
[    4.012375] Key type fscrypt-provisioning registered
[    4.014013] Key type encrypted registered
[    4.014703] ima: No TPM chip found, activating TPM-bypass!
[    4.015577] ima: Allocated hash algorithm: sha1
[    4.016293] ima: No architecture policies found
[    4.017056] evm: Initialising EVM extended attributes:
[    4.017858] evm: security.selinux
[    4.018370] evm: security.SMACK64
[    4.018890] evm: security.SMACK64EXEC
[    4.019498] evm: security.SMACK64TRANSMUTE
[    4.020138] evm: security.SMACK64MMAP
[    4.020711] evm: security.apparmor
[    4.021265] evm: security.ima
[    4.021732] evm: security.capability
[    4.022299] evm: HMAC attrs: 0x1
[    4.026224] PM:   Magic number: 14:503:205
[    4.027460] RAS: Correctable Errors collector initialized.
[    4.028827] md: Waiting for all devices to be available before autodetect
[    4.029931] md: If you don't use raid, use raid=noautodetect
[    4.030825] md: Autodetecting RAID arrays.
[    4.031485] md: autorun ...
[    4.031941] md: ... autorun DONE.
[    4.039334] EXT4-fs (sda): INFO: recovery required on readonly filesystem
[    4.040430] EXT4-fs (sda): write access will be enabled during recovery
[    4.109659] EXT4-fs (sda): recovery complete
[    4.126526] EXT4-fs (sda): mounted filesystem with ordered data mode. Opts: (null). Quota mode: none.
[    4.128081] VFS: Mounted root (ext4 filesystem) readonly on device 8:0.
[    4.135839] devtmpfs: mounted
[    4.147654] Freeing unused decrypted memory: 2036K
[    4.150942] Freeing unused kernel image (initmem) memory: 3316K
[    4.151862] Write protecting the kernel read-only data: 38912k
[    4.156114] Freeing unused kernel image (text/rodata gap) memory: 2028K
[    4.157921] Freeing unused kernel image (rodata/data gap) memory: 892K
[    4.343748] x86/mm: Checked W+X mappings: passed, no W+X pages found.
[    4.344908] Run /sbin/init as init process
[    4.367552] random: fast init done
[    4.458713] systemd[1]: RTC configured in localtime, applying delta of 0 minutes to system time.
[    4.495336] systemd[1]: systemd 239 (239-49.el8) running in system mode. (+PAM +AUDIT +SELINUX +IMA -APPARMOR +SMACK +SYSVINIT +UTMP +LIBCRYPTSETUP +GCRYPT +GNUTLS +ACL +XZ +LZ4 +SECCOMP +BLKID +ELFUTILS +KMOD +IDN2 -IDN +PCRE2 default-hierarchy=legacy)
[    4.498965] systemd[1]: Detected virtualization kvm.
[    4.499739] systemd[1]: Detected architecture x86-64.

Welcome to [0;31mCentOS Stream 8[0m!

[    4.520740] systemd[1]: Set hostname to <test>.
[    4.697350] random: lvmconfig: uninitialized urandom read (4 bytes read)
[    4.828162] random: systemd: uninitialized urandom read (16 bytes read)
[    4.829030] systemd[1]: Listening on initctl Compatibility Named Pipe.
[[0;32m  OK  [0m] Listening on initctl Compatibility Named Pipe.
[    4.830564] random: systemd: uninitialized urandom read (16 bytes read)
[    4.831457] systemd[1]: Listening on multipathd control socket.
[[0;32m  OK  [0m] Listening on multipathd control socket.
[    4.832950] systemd[1]: Listening on LVM2 poll daemon socket.
[[0;32m  OK  [0m] Listening on LVM2 poll daemon socket.
[    4.835886] systemd[1]: Created slice system-serial\x2dgetty.slice.
[[0;32m  OK  [0m] Created slice system-serial\x2dgetty.slice.
[    4.837366] systemd[1]: Listening on Device-mapper event daemon FIFOs.
[[0;32m  OK  [0m] Listening on Device-mapper event daemon FIFOs.
[    4.838993] systemd[1]: Listening on Journal Socket.
[[0;32m  OK  [0m] Listening on Journal Socket.
         Starting Setup Virtual Console...
         Mounting Huge Pages File System...
         Starting Monitoring of LVM2 mirrorsâ€¦ng dmeventd or progress polling...
         Starting Remount Root and Kernel File Systems...
[[0;32m  OK  [0m] Created slice User and Session Slice.
[[0;32m  OK  [0m] Reached target Slices.
[[0;32m  OK  [0m] Listening on Journal Socket (/dev/log).
         Starting Journal Service...
[[0;32m  OK  [0m] Listening on Process Core Dump Socket.
[[0;32m  OK  [0m] Set up automount Arbitrary Executabâ€¦rmats File System Automount Point.
         Mounting Kernel Debug File System...
[[0;32m  OK  [0m] Listening on RPCbind Server Activation Socket.
[[0;32m  OK  [0m] Started Forward Password Requests to Wall Directory Watch.
         Starting Load Kernel Modules...
[[0;32m  OK  [0m] Reached target Swap.
[[0;32m  OK  [0m] Created slice system-getty.slice.
[[0;32m  OK  [0m] Listening on udev Control Socket.
[[0;32m  OK  [0m] Listening on udev Kernel Socket.
[[0;32m  OK  [0m] Created slice system-sshd\x2dkeygen.slice.
[[0;32m  OK  [0m] Reached target RPC Port Mapper.
         Starting udev Coldplug all Devices...
         Mounting POSIX Message Queue File System...
[    5.047873] EXT4-fs (sda): re-mounted. Opts: (null). Quota mode: none.
[[0;32m  OK  [0m] Started Journal Service.
[[0;32m  OK  [0m] Mounted Huge Pages File System.
[[0;32m  OK  [0m] Started Monitoring of LVM2 mirrors,â€¦sing dmeventd or progress polling.
[[0;32m  OK  [0m] Started Remount Root and Kernel File Systems.
[[0;32m  OK  [0m] Started Setup Virtual Console.
[[0;32m  OK  [0m] Mounted Kernel Debug File System.
[[0;1;31mFAILED[0m] Failed to start Load Kernel Modules.
See 'systemctl status systemd-modules-load.service' for details.
[[0;32m  OK  [0m] Mounted POSIX Message Queue File System.
         Mounting Kernel Configuration File System...
         Mounting FUSE Control File System...
         Starting Apply Kernel Variables...
         Starting Load/Save Random Seed...
         Starting Create Static Device Nodes in /dev...
         Starting Flush Journal to Persistent Storage...
[[0;32m  OK  [0m] Mounted Kernel Configuration File System.
[[0;32m  OK  [0m] Mounted FUSE Control File System.
[[0;32m  OK  [0m] Started Apply Kernel Variables.
[[0;32m  OK  [0m] Started Load/Save Random Seed.
[[0;32m  OK  [0m] Started Flush Journal to Persistent Storage.
[[0;32m  OK  [0m] Started Create Static Device Nodes in /dev.
         Starting udev Kernel Device Manager...
[[0;32m  OK  [0m] Started udev Coldplug all Devices.
         Starting udev Wait for Complete Device Initialization...
[[0;32m  OK  [0m] Started udev Kernel Device Manager.
         Starting Show Plymouth Boot Screen...
[[0;32m  OK  [0m] Started Show Plymouth Boot Screen.
[[0;32m  OK  [0m] Started Forward Password Requests to Plymouth Directory Watch.
[[0;32m  OK  [0m] Reached target Paths.
[[0;32m  OK  [0m] Reached target Local Encrypted Volumes.
[[0;32m  OK  [0m] Found device /dev/ttyS0.
[[0;32m  OK  [0m] Listening on Load/Save RF Kill Switch Status /dev/rfkill Watch.
[[0;32m  OK  [0m] Started udev Wait for Complete Device Initialization.
[[0;32m  OK  [0m] Reached target Local File Systems (Pre).
[[0;32m  OK  [0m] Reached target Local File Systems.
         Starting Restore /run/initramfs on shutdown...
         Starting Tell Plymouth To Write Out Runtime Data...
         Starting Create Volatile Files and Directories...
[[0;32m  OK  [0m] Started Restore /run/initramfs on shutdown.
[[0;32m  OK  [0m] Started Tell Plymouth To Write Out Runtime Data.
[[0;32m  OK  [0m] Started Create Volatile Files and Directories.
         Starting Security Auditing Service...
         Mounting RPC Pipe File System...
         Starting RPC Bind...
[[0;32m  OK  [0m] Mounted RPC Pipe File System.
[[0;32m  OK  [0m] Reached target rpc_pipefs.target.
[[0;32m  OK  [0m] Started RPC Bind.
[[0;32m  OK  [0m] Started Security Auditing Service.
         Starting Update UTMP about System Boot/Shutdown...
[[0;32m  OK  [0m] Started Update UTMP about System Boot/Shutdown.
[[0;32m  OK  [0m] Reached target System Initialization.
[[0;32m  OK  [0m] Listening on D-Bus System Message Bus Socket.
[[0;32m  OK  [0m] Started Daily Cleanup of Temporary Directories.
[[0;32m  OK  [0m] Started daily update of the root trust anchor for DNSSEC.
[[0;32m  OK  [0m] Listening on SSSD Kerberos Cache Manager responder socket.
[[0;32m  OK  [0m] Reached target Sockets.
[[0;32m  OK  [0m] Started dnf makecache --timer.
[[0;32m  OK  [0m] Reached target Timers.
[[0;32m  OK  [0m] Reached target Basic System.
[[0;32m  OK  [0m] Started irqbalance daemon.
[[0;32m  OK  [0m] Started D-Bus System Message Bus.
         Starting Auto-connect to subsystemsâ€¦-NVME devices found during boot...
[[0;32m  OK  [0m] Started Machine Check Exception Logging Daemon.
         Starting Network Manager...
         Starting Authorization Manager...
         Starting Login Service...
         Starting NTP client/server...
[[0;32m  OK  [0m] Reached target sshd-keygen.target.
         Starting Self Monitoring and Reporting Technology (SMART) Daemon...
[[0;32m  OK  [0m] Started Auto-connect to subsystems â€¦FC-NVME devices found during boot.
         Starting update of the root trust aâ€¦or DNSSEC validation in unbound...
[[0;32m  OK  [0m] Started Self Monitoring and Reporting Technology (SMART) Daemon.
[[0;32m  OK  [0m] Started Login Service.
[[0;32m  OK  [0m] Started Network Manager.
         Starting Network Manager Wait Online...
[[0;32m  OK  [0m] Reached target Network.
         Starting OpenSSH server daemon...
         Starting GSSAPI Proxy Daemon...
         Starting Dynamic System Tuning Daemon...
[[0;32m  OK  [0m] Started NTP client/server.
         Starting Hostname Service...
[[0;32m  OK  [0m] Started Authorization Manager.
[[0;32m  OK  [0m] Started Hostname Service.
         Starting Network Manager Script Dispatcher Service...
[    6.861213] e1000: eth0 NIC Link is Up 1000 Mbps Full Duplex, Flow Control: RX
[    6.862955] IPv6: ADDRCONF(NETDEV_CHANGE): eth0: link becomes ready
[[0;32m  OK  [0m] Started Network Manager Script Dispatcher Service.
[[0;32m  OK  [0m] Started Dynamic System Tuning Daemon.
[    7.749121] random: crng init done
[    7.749739] random: 7 urandom warning(s) missed due to ratelimiting
[[0;32m  OK  [0m] Started GSSAPI Proxy Daemon.
[[0;32m  OK  [0m] Reached target NFS client services.
[[0;32m  OK  [0m] Reached target Remote File Systems (Pre).
[[0;32m  OK  [0m] Reached target Remote File Systems.
         Starting Permit User Sessions...
[[0;32m  OK  [0m] Started update of the root trust anâ€¦ for DNSSEC validation in unbound.
[[0;32m  OK  [0m] Started OpenSSH server daemon.
[[0;32m  OK  [0m] Started Permit User Sessions.
[[0;32m  OK  [0m] Started Command Scheduler.
         Starting Terminate Plymouth Boot Screen...
         Starting Hold until boot process finishes up...

CentOS Stream 8
Kernel 5.12.0-16b3d0cf5bad+ on an x86_64

test login: [  300.265203] INFO: task repro:688 blocked for more than 147 seconds.
[  300.265852]       Not tainted 5.12.0-16b3d0cf5bad+ #1
[  300.266354] "echo 0 > /proc/sys/kernel/hung_task_timeout_secs" disables this message.
[  300.267130] task:repro           state:D stack:    0 pid:  688 ppid:   563 flags:0x00004004
[  300.267892] Call Trace:
[  300.268128]  __schedule+0x3b1/0x8a0
[  300.268496]  schedule+0x40/0xb0
[  300.268795]  schedule_preempt_disabled+0xe/0x10
[  300.269239]  __mutex_lock.isra.11+0x2de/0x4e0
[  300.269698]  __mutex_lock_slowpath+0x13/0x20
[  300.270141]  mutex_lock+0x2c/0x30
[  300.270476]  perf_event_ctx_lock_nested.isra.99+0xca/0x190
[  300.271021]  perf_try_init_event+0x188/0x270
[  300.271424]  perf_event_alloc+0xdf9/0x18a0
[  300.271844]  ? __sanitizer_cov_trace_pc+0x21/0x50
[  300.272303]  __do_sys_perf_event_open+0x3be/0x18a0
[  300.272773]  ? write_comp_data+0x2f/0x90
[  300.273194]  __x64_sys_perf_event_open+0x26/0x30
[  300.273650]  do_syscall_64+0x3c/0x80
[  300.274024]  entry_SYSCALL_64_after_hwframe+0x44/0xae
[  300.274535] RIP: 0033:0x7faee554459d
[  300.274875] RSP: 002b:00007faee541de98 EFLAGS: 00000246 ORIG_RAX: 000000000000012a
[  300.275624] RAX: ffffffffffffffda RBX: 0000000000000000 RCX: 00007faee554459d
[  300.276304] RDX: 0000000000000000 RSI: 00000000ffffffff RDI: 0000000020000000
[  300.276954] RBP: 00007faee541dec0 R08: 0000000000000000 R09: 0000000000000000
[  300.277667] R10: 0000000000000003 R11: 0000000000000246 R12: 00007ffebcc1bcce
[  300.278333] R13: 00007ffebcc1bccf R14: 00007ffebcc1bd60 R15: 00007faee541e700
[  300.279001] INFO: task repro:699 blocked for more than 147 seconds.
[  300.279616]       Not tainted 5.12.0-16b3d0cf5bad+ #1
[  300.280079] "echo 0 > /proc/sys/kernel/hung_task_timeout_secs" disables this message.
[  300.280813] task:repro           state:D stack:    0 pid:  699 ppid:   562 flags:0x00004002
[  300.281626] Call Trace:
[  300.281925]  __schedule+0x3b1/0x8a0
[  300.282326]  schedule+0x40/0xb0
[  300.282633]  schedule_preempt_disabled+0xe/0x10
[  300.283091]  __mutex_lock.isra.11+0x2de/0x4e0
[  300.283500]  __mutex_lock_slowpath+0x13/0x20
[  300.283918]  mutex_lock+0x2c/0x30
[  300.284260]  perf_event_ctx_lock_nested.isra.99+0xca/0x190
[  300.284789]  perf_event_release_kernel+0x6e/0x370
[  300.285280]  ? __sanitizer_cov_trace_pc+0x21/0x50
[  300.285730]  ? perf_event_release_kernel+0x370/0x370
[  300.286240]  perf_release+0x19/0x20
[  300.286574]  __fput+0x10e/0x400
[  300.286875]  ____fput+0x1a/0x20
[  300.287191]  task_work_run+0x94/0xe0
[  300.287550]  do_exit+0x533/0x1110
[  300.287886]  ? wake_up_q+0x69/0xa0
[  300.288247]  ? write_comp_data+0x2f/0x90
[  300.288640]  ? write_comp_data+0x2f/0x90
[  300.289012]  do_group_exit+0x78/0x120
[  300.289400]  get_signal+0x244/0xd80
[  300.289760]  ? do_futex+0x15f/0x1180
[  300.290102]  ? fd_install+0x6e/0xd0
[  300.290453]  ? __sanitizer_cov_trace_pc+0x21/0x50
[  300.290920]  arch_do_signal_or_restart+0xb6/0x760
[  300.291377]  ? __sanitizer_cov_trace_pc+0x21/0x50
[  300.291840]  ? write_comp_data+0x2f/0x90
[  300.292227]  ? __sanitizer_cov_trace_pc+0x21/0x50
[  300.292709]  ? __audit_syscall_exit+0x29d/0x3d0
[  300.293146]  exit_to_user_mode_prepare+0x110/0x190
[  300.293638]  syscall_exit_to_user_mode+0x1c/0x30
[  300.294090]  do_syscall_64+0x48/0x80
[  300.294464]  entry_SYSCALL_64_after_hwframe+0x44/0xae
[  300.294972] RIP: 0033:0x7faee554459d
[  300.295306] RSP: 002b:00007faee53fcea8 EFLAGS: 00000246 ORIG_RAX: 00000000000000ca
[  300.296030] RAX: fffffffffffffe00 RBX: 0000000000000000 RCX: 00007faee554459d
[  300.296693] RDX: 0000000000000000 RSI: 0000000000000080 RDI: 0000000000405158
[  300.297375] RBP: 00007faee53fcec0 R08: 0000000000000000 R09: 0000000000000000
[  300.298047] R10: 0000000000000000 R11: 0000000000000246 R12: 00007ffebcc1bcce
[  300.298730] R13: 00007ffebcc1bccf R14: 00007ffebcc1bd60 R15: 00007faee53fd700
[  300.299416] INFO: task repro:700 blocked for more than 147 seconds.
[  300.300018]       Not tainted 5.12.0-16b3d0cf5bad+ #1
[  300.300500] "echo 0 > /proc/sys/kernel/hung_task_timeout_secs" disables this message.
[  300.301265] task:repro           state:D stack:    0 pid:  700 ppid:   567 flags:0x00004004
[  300.302073] Call Trace:
[  300.302306]  __schedule+0x3b1/0x8a0
[  300.302659]  schedule+0x40/0xb0
[  300.302959]  schedule_preempt_disabled+0xe/0x10
[  300.303397]  __mutex_lock.isra.11+0x2de/0x4e0
[  300.303825]  __mutex_lock_slowpath+0x13/0x20
[  300.304239]  mutex_lock+0x2c/0x30
[  300.304553]  __do_sys_perf_event_open+0xb08/0x18a0
[  300.305032]  __x64_sys_perf_event_open+0x26/0x30
[  300.305493]  do_syscall_64+0x3c/0x80
[  300.305853]  entry_SYSCALL_64_after_hwframe+0x44/0xae
[  300.306356] RIP: 0033:0x7faee554459d
[  300.306694] RSP: 002b:00007faee53fce98 EFLAGS: 00000246 ORIG_RAX: 000000000000012a
[  300.307468] RAX: ffffffffffffffda RBX: 0000000000000000 RCX: 00007faee554459d
[  300.308136] RDX: 0000000000000000 RSI: 00000000ffffffff RDI: 0000000020000000
[  300.308812] RBP: 00007faee53fcec0 R08: 0000000000000000 R09: 0000000000000000
[  300.309525] R10: 0000000000000003 R11: 0000000000000246 R12: 00007ffebcc1bcce
[  300.310214] R13: 00007ffebcc1bccf R14: 00007ffebcc1bd60 R15: 00007faee53fd700
[  300.310941] INFO: task repro:698 blocked for more than 147 seconds.
[  300.311527]       Not tainted 5.12.0-16b3d0cf5bad+ #1
[  300.312018] "echo 0 > /proc/sys/kernel/hung_task_timeout_secs" disables this message.
[  300.312750] task:repro           state:D stack:    0 pid:  698 ppid:   564 flags:0x00004002
[  300.313558] Call Trace:
[  300.313807]  __schedule+0x3b1/0x8a0
[  300.314155]  ? write_comp_data+0x2f/0x90
[  300.314561]  schedule+0x40/0xb0
[  300.314896]  schedule_preempt_disabled+0xe/0x10
[  300.315346]  __mutex_lock.isra.11+0x2de/0x4e0
[  300.315777]  __mutex_lock_slowpath+0x13/0x20
[  300.316208]  mutex_lock+0x2c/0x30
[  300.316523]  perf_event_ctx_lock_nested.isra.99+0xca/0x190
[  300.317069]  perf_event_release_kernel+0x6e/0x370
[  300.317544]  ? __sanitizer_cov_trace_pc+0x21/0x50
[  300.318049]  ? perf_event_release_kernel+0x370/0x370
[  300.318533]  perf_release+0x19/0x20
[  300.318863]  __fput+0x10e/0x400
[  300.319177]  ____fput+0x1a/0x20
[  300.319496]  task_work_run+0x94/0xe0
[  300.319835]  do_exit+0x533/0x1110
[  300.320181]  ? write_comp_data+0x2f/0x90
[  300.320578]  ? write_comp_data+0x2f/0x90
[  300.320948]  ? write_comp_data+0x2f/0x90
[  300.321404]  do_group_exit+0x78/0x120
[  300.321768]  get_signal+0x244/0xd80
[  300.322100]  ? do_futex+0x15f/0x1180
[  300.322491]  ? __sanitizer_cov_trace_pc+0x21/0x50
[  300.322932]  arch_do_signal_or_restart+0xb6/0x760
[  300.323434]  ? __sanitizer_cov_trace_pc+0x21/0x50
[  300.323906]  ? write_comp_data+0x2f/0x90
[  300.324300]  ? __sanitizer_cov_trace_pc+0x21/0x50
[  300.324812]  ? __audit_syscall_exit+0x29d/0x3d0
[  300.325261]  exit_to_user_mode_prepare+0x110/0x190
[  300.325831]  syscall_exit_to_user_mode+0x1c/0x30
[  300.326275]  do_syscall_64+0x48/0x80
[  300.326665]  entry_SYSCALL_64_after_hwframe+0x44/0xae
[  300.327174] RIP: 0033:0x7faee554459d
[  300.327520] RSP: 002b:00007faee53fcea8 EFLAGS: 00000246 ORIG_RAX: 00000000000000ca
[  300.328269] RAX: fffffffffffffe00 RBX: 0000000000000000 RCX: 00007faee554459d
[  300.328986] RDX: 0000000000000000 RSI: 0000000000000080 RDI: 0000000000405158
[  300.329667] RBP: 00007faee53fcec0 R08: 0000000000000000 R09: 0000000000000000
[  300.330368] R10: 0000000000000000 R11: 0000000000000246 R12: 00007ffebcc1bcce
[  300.331134] R13: 00007ffebcc1bccf R14: 00007ffebcc1bd60 R15: 00007faee53fd700
[  300.331800] INFO: task repro:691 blocked for more than 147 seconds.
[  300.332471]       Not tainted 5.12.0-16b3d0cf5bad+ #1
[  300.332948] "echo 0 > /proc/sys/kernel/hung_task_timeout_secs" disables this message.
[  300.333747] task:repro           state:D stack:    0 pid:  691 ppid:   558 flags:0x00004004
[  300.334583] Call Trace:
[  300.334819]  __schedule+0x3b1/0x8a0
[  300.335157]  schedule+0x40/0xb0
[  300.335520]  schedule_preempt_disabled+0xe/0x10
[  300.335960]  __mutex_lock.isra.11+0x2de/0x4e0
[  300.336455]  __mutex_lock_slowpath+0x13/0x20
[  300.336865]  mutex_lock+0x2c/0x30
[  300.337199]  perf_event_ctx_lock_nested.isra.99+0xca/0x190
[  300.337764]  perf_try_init_event+0x188/0x270
[  300.338175]  perf_event_alloc+0xdf9/0x18a0
[  300.338627]  ? __sanitizer_cov_trace_pc+0x21/0x50
[  300.339078]  __do_sys_perf_event_open+0x3be/0x18a0
[  300.339587]  ? write_comp_data+0x2f/0x90
[  300.340000]  __x64_sys_perf_event_open+0x26/0x30
[  300.340443]  do_syscall_64+0x3c/0x80
[  300.340826]  entry_SYSCALL_64_after_hwframe+0x44/0xae
[  300.341327] RIP: 0033:0x7faee554459d
[  300.341696] RSP: 002b:00007faee541de98 EFLAGS: 00000246 ORIG_RAX: 000000000000012a
[  300.342427] RAX: ffffffffffffffda RBX: 0000000000000000 RCX: 00007faee554459d
[  300.343129] RDX: 0000000000000000 RSI: 00000000ffffffff RDI: 0000000020000000
[  300.343833] RBP: 00007faee541dec0 R08: 0000000000000000 R09: 0000000000000000
[  300.344523] R10: 0000000000000003 R11: 0000000000000246 R12: 00007ffebcc1bcce
[  300.345237] R13: 00007ffebcc1bccf R14: 00007ffebcc1bd60 R15: 00007faee541e700
[  300.345963] INFO: task repro:694 blocked for more than 147 seconds.
[  300.346582]       Not tainted 5.12.0-16b3d0cf5bad+ #1
[  300.347076] "echo 0 > /proc/sys/kernel/hung_task_timeout_secs" disables this message.
[  300.347824] task:repro           state:D stack:    0 pid:  694 ppid:   561 flags:0x00004004
[  300.348640] Call Trace:
[  300.348893]  __schedule+0x3b1/0x8a0
[  300.349261]  schedule+0x40/0xb0
[  300.349596]  schedule_preempt_disabled+0xe/0x10
[  300.350069]  __mutex_lock.isra.11+0x2de/0x4e0
[  300.350511]  ? __anon_inode_getfile+0xc4/0x250
[  300.350965]  __mutex_lock_slowpath+0x13/0x20
[  300.351393]  mutex_lock+0x2c/0x30
[  300.351738]  __do_sys_perf_event_open+0xb08/0x18a0
[  300.352198]  __x64_sys_perf_event_open+0x26/0x30
[  300.352656]  do_syscall_64+0x3c/0x80
[  300.353022]  entry_SYSCALL_64_after_hwframe+0x44/0xae
[  300.353576] RIP: 0033:0x7faee554459d
[  300.353942] RSP: 002b:00007faee541de98 EFLAGS: 00000246 ORIG_RAX: 000000000000012a
[  300.354664] RAX: ffffffffffffffda RBX: 0000000000000000 RCX: 00007faee554459d
[  300.355344] RDX: 0000000000000000 RSI: 00000000ffffffff RDI: 0000000020000000
[  300.356033] RBP: 00007faee541dec0 R08: 0000000000000000 R09: 0000000000000000
[  300.356711] R10: 0000000000000003 R11: 0000000000000246 R12: 00007ffebcc1bcce
[  300.357418] R13: 00007ffebcc1bccf R14: 00007ffebcc1bd60 R15: 00007faee541e700
[  300.358120] INFO: task repro:695 blocked for more than 147 seconds.
[  300.358730]       Not tainted 5.12.0-16b3d0cf5bad+ #1
[  300.359226] "echo 0 > /proc/sys/kernel/hung_task_timeout_secs" disables this message.
[  300.360009] task:repro           state:D stack:    0 pid:  695 ppid:   559 flags:0x00004004
[  300.360843] Call Trace:
[  300.361111]  __schedule+0x3b1/0x8a0
[  300.361514]  schedule+0x40/0xb0
[  300.361862]  schedule_preempt_disabled+0xe/0x10
[  300.362336]  __mutex_lock.isra.11+0x2de/0x4e0
[  300.362792]  ? perf_event_alloc+0x97/0x18a0
[  300.363214]  __mutex_lock_slowpath+0x13/0x20
[  300.363664]  mutex_lock+0x2c/0x30
[  300.364003]  perf_event_ctx_lock_nested.isra.99+0xca/0x190
[  300.364548]  perf_try_init_event+0x188/0x270
[  300.365009]  perf_event_alloc+0xdf9/0x18a0
[  300.365435]  ? __sanitizer_cov_trace_pc+0x21/0x50
[  300.365960]  __do_sys_perf_event_open+0x3be/0x18a0
[  300.366452]  ? write_comp_data+0x2f/0x90
[  300.366834]  __x64_sys_perf_event_open+0x26/0x30
[  300.367335]  do_syscall_64+0x3c/0x80
[  300.367699]  entry_SYSCALL_64_after_hwframe+0x44/0xae
[  300.368241] RIP: 0033:0x7faee554459d
[  300.368613] RSP: 002b:00007faee541de98 EFLAGS: 00000246 ORIG_RAX: 000000000000012a
[  300.369373] RAX: ffffffffffffffda RBX: 0000000000000000 RCX: 00007faee554459d
[  300.370062] RDX: 0000000000000000 RSI: 00000000ffffffff RDI: 0000000020000000
[  300.370777] RBP: 00007faee541dec0 R08: 0000000000000000 R09: 0000000000000000
[  300.371483] R10: 0000000000000003 R11: 0000000000000246 R12: 00007ffebcc1bcce
[  300.372172] R13: 00007ffebcc1bccf R14: 00007ffebcc1bd60 R15: 00007faee541e700
[  300.372929] INFO: task repro:702 blocked for more than 147 seconds.
[  300.373535]       Not tainted 5.12.0-16b3d0cf5bad+ #1
[  300.374070] "echo 0 > /proc/sys/kernel/hung_task_timeout_secs" disables this message.
[  300.374808] task:repro           state:D stack:    0 pid:  702 ppid:   566 flags:0x00000004
[  300.375674] Call Trace:
[  300.375913]  __schedule+0x3b1/0x8a0
[  300.376297]  schedule+0x40/0xb0
[  300.376604]  schedule_preempt_disabled+0xe/0x10
[  300.377037]  __mutex_lock.isra.11+0x2de/0x4e0
[  300.377495]  __mutex_lock_slowpath+0x13/0x20
[  300.377906]  mutex_lock+0x2c/0x30
[  300.378229]  perf_event_ctx_lock_nested.isra.99+0xca/0x190
[  300.378772]  perf_try_init_event+0x188/0x270
[  300.379181]  perf_event_alloc+0xdf9/0x18a0
[  300.379593]  ? __sanitizer_cov_trace_pc+0x21/0x50
[  300.380059]  __do_sys_perf_event_open+0x3be/0x18a0
[  300.380532]  ? write_comp_data+0x2f/0x90
[  300.380929]  __x64_sys_perf_event_open+0x26/0x30
[  300.381379]  do_syscall_64+0x3c/0x80
[  300.381748]  entry_SYSCALL_64_after_hwframe+0x44/0xae
[  300.382267] RIP: 0033:0x7faee554459d
[  300.382627] RSP: 002b:00007faee541de98 EFLAGS: 00000246 ORIG_RAX: 000000000000012a
[  300.383327] RAX: ffffffffffffffda RBX: 0000000000000000 RCX: 00007faee554459d
[  300.384003] RDX: 0000000000000000 RSI: 00000000ffffffff RDI: 0000000020000080
[  300.384662] RBP: 00007faee541dec0 R08: 0000000000000000 R09: 0000000000000000
[  300.385352] R10: 0000000000000003 R11: 0000000000000246 R12: 00007ffebcc1bcce
[  300.386035] R13: 00007ffebcc1bccf R14: 00007ffebcc1bd60 R15: 00007faee541e700
[  300.386714] INFO: task repro:705 blocked for more than 147 seconds.
[  300.387326]       Not tainted 5.12.0-16b3d0cf5bad+ #1
[  300.387805] "echo 0 > /proc/sys/kernel/hung_task_timeout_secs" disables this message.
[  300.388574] task:repro           state:D stack:    0 pid:  705 ppid:   566 flags:0x00000004
[  300.389379] Call Trace:
[  300.389622]  __schedule+0x3b1/0x8a0
[  300.389989]  schedule+0x40/0xb0
[  300.390313]  schedule_preempt_disabled+0xe/0x10
[  300.390744]  __mutex_lock.isra.11+0x2de/0x4e0
[  300.391159]  ? perf_event_alloc+0x97/0x18a0
[  300.391577]  __mutex_lock_slowpath+0x13/0x20
[  300.391984]  mutex_lock+0x2c/0x30
[  300.392322]  perf_event_ctx_lock_nested.isra.99+0xca/0x190
[  300.392857]  perf_try_init_event+0x188/0x270
[  300.393283]  perf_event_alloc+0xdf9/0x18a0
[  300.393702]  ? __sanitizer_cov_trace_pc+0x21/0x50
[  300.394154]  __do_sys_perf_event_open+0x3be/0x18a0
[  300.394626]  ? write_comp_data+0x2f/0x90
[  300.395043]  __x64_sys_perf_event_open+0x26/0x30
[  300.395485]  do_syscall_64+0x3c/0x80
[  300.395850]  entry_SYSCALL_64_after_hwframe+0x44/0xae
[  300.396332] RIP: 0033:0x7faee554459d
[  300.396690] RSP: 002b:00007faee53fce98 EFLAGS: 00000246 ORIG_RAX: 000000000000012a
[  300.397412] RAX: ffffffffffffffda RBX: 0000000000000000 RCX: 00007faee554459d
[  300.398109] RDX: 0000000000000000 RSI: 00000000ffffffff RDI: 0000000020000000
[  300.398808] RBP: 00007faee53fcec0 R08: 0000000000000000 R09: 0000000000000000
[  300.399501] R10: 0000000000000003 R11: 0000000000000246 R12: 00007ffebcc1bcce
[  300.400204] R13: 00007ffebcc1bccf R14: 00007ffebcc1bd60 R15: 00007faee53fd700
[  447.721213] INFO: task repro:688 blocked for more than 294 seconds.
[  447.722078]       Not tainted 5.12.0-16b3d0cf5bad+ #1
[  447.722722] "echo 0 > /proc/sys/kernel/hung_task_timeout_secs" disables this message.
[  447.723711] task:repro           state:D stack:    0 pid:  688 ppid:   563 flags:0x00004004
[  447.724790] Call Trace:
[  447.725161]  __schedule+0x3b1/0x8a0
[  447.725656]  schedule+0x40/0xb0
[  447.726097]  schedule_preempt_disabled+0xe/0x10
[  447.726714]  __mutex_lock.isra.11+0x2de/0x4e0
[  447.727315]  __mutex_lock_slowpath+0x13/0x20
[  447.727912]  mutex_lock+0x2c/0x30
[  447.728384]  perf_event_ctx_lock_nested.isra.99+0xca/0x190
[  447.729159]  perf_try_init_event+0x188/0x270
[  447.729765]  perf_event_alloc+0xdf9/0x18a0
[  447.730341]  ? __sanitizer_cov_trace_pc+0x21/0x50
[  447.731000]  __do_sys_perf_event_open+0x3be/0x18a0
[  447.731652]  ? write_comp_data+0x2f/0x90
[  447.732190]  __x64_sys_perf_event_open+0x26/0x30
[  447.732827]  do_syscall_64+0x3c/0x80
[  447.733361]  entry_SYSCALL_64_after_hwframe+0x44/0xae
[  447.734066] RIP: 0033:0x7faee554459d
[  447.734576] RSP: 002b:00007faee541de98 EFLAGS: 00000246 ORIG_RAX: 000000000000012a
[  447.735623] RAX: ffffffffffffffda RBX: 0000000000000000 RCX: 00007faee554459d
[  447.736611] RDX: 0000000000000000 RSI: 00000000ffffffff RDI: 0000000020000000
[  447.737610] RBP: 00007faee541dec0 R08: 0000000000000000 R09: 0000000000000000
[  447.738600] R10: 0000000000000003 R11: 0000000000000246 R12: 00007ffebcc1bcce
[  447.739596] R13: 00007ffebcc1bccf R14: 00007ffebcc1bd60 R15: 00007faee541e700
