c[?7l[2J[0mSeaBIOS (version rel-1.16.0-0-gd239552ce722-prebuilt.qemu.org)


iPXE (http://ipxe.org) 00:03.0 CA00 PCI2.10 PnP PMM+7FF91000+7FEF1000 CA00
Press Ctrl-B to configure iPXE (PCI 00:03.0)...                                                                               


Booting from ROM..c[?7l[2J[    0.000000] Linux version 5.12.0-3aa139aa9fdc+ (root@p-tglh01.sh.intel.com) (gcc (GCC) 8.5.0 20210514 (Red Hat 8.5.0-17), GNU ld version 2.36.1-2.el8) #1 SMP Mon Nov 7 14:42:59 CST 2022
[    0.000000] Command line: console=ttyS0 root=/dev/sda earlyprintk=serial net.ifnames=0
[    0.000000] KERNEL supported cpus:
[    0.000000]   Intel GenuineIntel
[    0.000000]   AMD AuthenticAMD
[    0.000000]   Hygon HygonGenuine
[    0.000000]   Centaur CentaurHauls
[    0.000000]   zhaoxin   Shanghai  
[    0.000000] x86/fpu: Supporting XSAVE feature 0x001: 'x87 floating point registers'
[    0.000000] x86/fpu: Supporting XSAVE feature 0x002: 'SSE registers'
[    0.000000] x86/fpu: Supporting XSAVE feature 0x004: 'AVX registers'
[    0.000000] x86/fpu: Supporting XSAVE feature 0x020: 'AVX-512 opmask'
[    0.000000] x86/fpu: Supporting XSAVE feature 0x040: 'AVX-512 Hi256'
[    0.000000] x86/fpu: Supporting XSAVE feature 0x080: 'AVX-512 ZMM_Hi256'
[    0.000000] x86/fpu: Supporting XSAVE feature 0x200: 'Protection Keys User registers'
[    0.000000] x86/fpu: xstate_offset[2]:  576, xstate_sizes[2]:  256
[    0.000000] x86/fpu: xstate_offset[5]:  832, xstate_sizes[5]:   64
[    0.000000] x86/fpu: xstate_offset[6]:  896, xstate_sizes[6]:  512
[    0.000000] x86/fpu: xstate_offset[7]: 1408, xstate_sizes[7]: 1024
[    0.000000] x86/fpu: xstate_offset[9]: 2432, xstate_sizes[9]:    8
[    0.000000] x86/fpu: Enabled xstate features 0x2e7, context size is 2440 bytes, using 'compacted' format.
[    0.000000] BIOS-provided physical RAM map:
[    0.000000] BIOS-e820: [mem 0x0000000000000000-0x000000000009fbff] usable
[    0.000000] BIOS-e820: [mem 0x000000000009fc00-0x000000000009ffff] reserved
[    0.000000] BIOS-e820: [mem 0x00000000000f0000-0x00000000000fffff] reserved
[    0.000000] BIOS-e820: [mem 0x0000000000100000-0x000000007ffdffff] usable
[    0.000000] BIOS-e820: [mem 0x000000007ffe0000-0x000000007fffffff] reserved
[    0.000000] BIOS-e820: [mem 0x00000000feffc000-0x00000000feffffff] reserved
[    0.000000] BIOS-e820: [mem 0x00000000fffc0000-0x00000000ffffffff] reserved
[    0.000000] printk: bootconsole [earlyser0] enabled
[    0.000000] NX (Execute Disable) protection: active
[    0.000000] SMBIOS 2.8 present.
[    0.000000] DMI: QEMU Standard PC (i440FX + PIIX, 1996), BIOS rel-1.16.0-0-gd239552ce722-prebuilt.qemu.org 04/01/2014
[    0.000000] Hypervisor detected: KVM
[    0.000000] kvm-clock: Using msrs 4b564d01 and 4b564d00
[    0.000000] kvm-clock: cpu 0, msr 4601001, primary cpu clock
[    0.000003] kvm-clock: using sched offset of 307802142 cycles
[    0.000533] clocksource: kvm-clock: mask: 0xffffffffffffffff max_cycles: 0x1cd42e4dffb, max_idle_ns: 881590591483 ns
[    0.002027] tsc: Detected 3110.400 MHz processor
[    0.009197] last_pfn = 0x7ffe0 max_arch_pfn = 0x400000000
[    0.009788] x86/PAT: Configuration [0-7]: WB  WC  UC- UC  WB  WP  UC- WT  
[    0.017135] found SMP MP-table at [mem 0x000f5ba0-0x000f5baf]
[    0.017791] Using GB pages for direct mapping
[    0.019146] ACPI: Early table checksum verification disabled
[    0.019714] ACPI: RSDP 0x00000000000F59C0 000014 (v00 BOCHS )
[    0.020277] ACPI: RSDT 0x000000007FFE1951 000034 (v01 BOCHS  BXPC     00000001 BXPC 00000001)
[    0.021093] ACPI: FACP 0x000000007FFE17FD 000074 (v01 BOCHS  BXPC     00000001 BXPC 00000001)
[    0.021919] ACPI: DSDT 0x000000007FFE0040 0017BD (v01 BOCHS  BXPC     00000001 BXPC 00000001)
[    0.022732] ACPI: FACS 0x000000007FFE0000 000040
[    0.023175] ACPI: APIC 0x000000007FFE1871 000080 (v01 BOCHS  BXPC     00000001 BXPC 00000001)
[    0.023972] ACPI: HPET 0x000000007FFE18F1 000038 (v01 BOCHS  BXPC     00000001 BXPC 00000001)
[    0.024764] ACPI: WAET 0x000000007FFE1929 000028 (v01 BOCHS  BXPC     00000001 BXPC 00000001)
[    0.025552] ACPI: Reserving FACP table memory at [mem 0x7ffe17fd-0x7ffe1870]
[    0.026198] ACPI: Reserving DSDT table memory at [mem 0x7ffe0040-0x7ffe17fc]
[    0.026847] ACPI: Reserving FACS table memory at [mem 0x7ffe0000-0x7ffe003f]
[    0.027491] ACPI: Reserving APIC table memory at [mem 0x7ffe1871-0x7ffe18f0]
[    0.028142] ACPI: Reserving HPET table memory at [mem 0x7ffe18f1-0x7ffe1928]
[    0.028787] ACPI: Reserving WAET table memory at [mem 0x7ffe1929-0x7ffe1950]
[    0.030208] No NUMA configuration found
[    0.030570] Faking a node at [mem 0x0000000000000000-0x000000007ffdffff]
[    0.031289] NODE_DATA(0) allocated [mem 0x7ffb5000-0x7ffdffff]
[    0.034990] Zone ranges:
[    0.035226]   DMA      [mem 0x0000000000001000-0x0000000000ffffff]
[    0.035793]   DMA32    [mem 0x0000000001000000-0x000000007ffdffff]
[    0.036362]   Normal   empty
[    0.036629]   Device   empty
[    0.036902] Movable zone start for each node
[    0.037293] Early memory node ranges
[    0.037619]   node   0: [mem 0x0000000000001000-0x000000000009efff]
[    0.038193]   node   0: [mem 0x0000000000100000-0x000000007ffdffff]
[    0.038773] Initmem setup node 0 [mem 0x0000000000001000-0x000000007ffdffff]
[    0.039776]   DMA zone: 28770 pages in unavailable ranges
[    0.044083]   DMA32 zone: 32 pages in unavailable ranges
[    0.044863] ACPI: PM-Timer IO Port: 0x608
[    0.045258] ACPI: LAPIC_NMI (acpi_id[0xff] dfl dfl lint[0x1])
[    0.045821] IOAPIC[0]: apic_id 0, version 17, address 0xfec00000, GSI 0-23
[    0.046464] ACPI: INT_SRC_OVR (bus 0 bus_irq 0 global_irq 2 dfl dfl)
[    0.047046] ACPI: INT_SRC_OVR (bus 0 bus_irq 5 global_irq 5 high level)
[    0.047650] ACPI: INT_SRC_OVR (bus 0 bus_irq 9 global_irq 9 high level)
[    0.048253] ACPI: INT_SRC_OVR (bus 0 bus_irq 10 global_irq 10 high level)
[    0.048882] ACPI: INT_SRC_OVR (bus 0 bus_irq 11 global_irq 11 high level)
[    0.049535] Using ACPI (MADT) for SMP configuration information
[    0.050076] ACPI: HPET id: 0x8086a201 base: 0xfed00000
[    0.050577] TSC deadline timer available
[    0.050938] smpboot: Allowing 2 CPUs, 0 hotplug CPUs
[    0.051494] kvm-guest: KVM setup pv remote TLB flush
[    0.051980] kvm-guest: setup PV sched yield
[    0.052390] PM: hibernation: Registered nosave memory: [mem 0x00000000-0x00000fff]
[    0.053084] PM: hibernation: Registered nosave memory: [mem 0x0009f000-0x0009ffff]
[    0.053768] PM: hibernation: Registered nosave memory: [mem 0x000a0000-0x000effff]
[    0.054450] PM: hibernation: Registered nosave memory: [mem 0x000f0000-0x000fffff]
[    0.055153] [mem 0x80000000-0xfeffbfff] available for PCI devices
[    0.055705] Booting paravirtualized kernel on KVM
[    0.056132] clocksource: refined-jiffies: mask: 0xffffffff max_cycles: 0xffffffff, max_idle_ns: 7645519600211568 ns
[    0.057088] setup_percpu: NR_CPUS:8192 nr_cpumask_bits:2 nr_cpu_ids:2 nr_node_ids:1
[    0.058047] percpu: Embedded 56 pages/cpu s192512 r8192 d28672 u1048576
[    0.058818] kvm-guest: KVM setup async PF for cpu 0
[    0.059264] kvm-guest: stealtime: cpu 0, msr 7dc2e080
[    0.059735] kvm-guest: PV spinlocks enabled
[    0.060150] PV qspinlock hash table entries: 256 (order: 0, 4096 bytes, linear)
[    0.060835] Built 1 zonelists, mobility grouping on.  Total pages: 515945
[    0.061462] Policy zone: DMA32
[    0.061744] Kernel command line: net.ifnames=0 console=ttyS0 root=/dev/sda earlyprintk=serial net.ifnames=0
[    0.063168] Dentry cache hash table entries: 262144 (order: 9, 2097152 bytes, linear)
[    0.063937] Inode-cache hash table entries: 131072 (order: 8, 1048576 bytes, linear)
[    0.064717] mem auto-init: stack:off, heap alloc:off, heap free:off
[    0.068466] Memory: 2002380K/2096632K available (28688K kernel code, 4277K rwdata, 7284K rodata, 3312K init, 10660K bss, 93996K reserved, 0K cma-reserved)
[    0.069725] random: get_random_u64 called from __kmem_cache_create+0x2f/0x440 with crng_init=0
[    0.070053] SLUB: HWalign=64, Order=0-3, MinObjects=0, CPUs=2, Nodes=1
[    0.071441] kmemleak: Kernel memory leak detector disabled
[    0.071949] ftrace: allocating 62516 entries in 245 pages
[    0.155135] ftrace: allocated 245 pages with 6 groups
[    0.155772] rcu: Hierarchical RCU implementation.
[    0.156230] rcu: 	RCU restricting CPUs from NR_CPUS=8192 to nr_cpu_ids=2.
[    0.156891] 	Trampoline variant of Tasks RCU enabled.
[    0.157387] 	Rude variant of Tasks RCU enabled.
[    0.157825] 	Tracing variant of Tasks RCU enabled.
[    0.158296] rcu: RCU calculated value of scheduler-enlistment delay is 25 jiffies.
[    0.159029] rcu: Adjusting geometry for rcu_fanout_leaf=16, nr_cpu_ids=2
[    0.174878] NR_IRQS: 524544, nr_irqs: 440, preallocated irqs: 16
[    0.184514] Console: colour VGA+ 80x25
[    0.184997] printk: console [ttyS0] enabled
[    0.184997] printk: console [ttyS0] enabled
[    0.185814] printk: bootconsole [earlyser0] disabled
[    0.185814] printk: bootconsole [earlyser0] disabled
[    0.186858] ACPI: Core revision 20210331
[    0.187432] clocksource: hpet: mask: 0xffffffff max_cycles: 0xffffffff, max_idle_ns: 19112604467 ns
[    0.188428] APIC: Switch to symmetric I/O mode setup
[    0.189169] x2apic enabled
[    0.189681] Switched APIC routing to physical x2apic.
[    0.190191] kvm-guest: setup PV IPIs
[    0.191506] ..TIMER: vector=0x30 apic1=0 pin1=2 apic2=-1 pin2=-1
[    0.192134] clocksource: tsc-early: mask: 0xffffffffffffffff max_cycles: 0x2cd5a8bb032, max_idle_ns: 440795365915 ns
[    0.193219] Calibrating delay loop (skipped) preset value.. 6220.80 BogoMIPS (lpj=12441600)
[    0.194049] pid_max: default: 32768 minimum: 301
[    0.194586] LSM: Security Framework initializing
[    0.195047] Yama: becoming mindful.
[    0.195480] Mount-cache hash table entries: 4096 (order: 3, 32768 bytes, linear)
[    0.196220] Mountpoint-cache hash table entries: 4096 (order: 3, 32768 bytes, linear)
[    0.197778] x86/cpu: User Mode Instruction Prevention (UMIP) activated
[    0.198664] Last level iTLB entries: 4KB 0, 2MB 0, 4MB 0
[    0.199206] Last level dTLB entries: 4KB 0, 2MB 0, 4MB 0, 1GB 0
[    0.199836] Spectre V1 : Mitigation: usercopy/swapgs barriers and __user pointer sanitization
[    0.201222] Spectre V2 : Mitigation: Enhanced IBRS
[    0.201676] Spectre V2 : Spectre v2 / SpectreRSB mitigation: Filling RSB on context switch
[    0.202449] Spectre V2 : mitigation: Enabling conditional Indirect Branch Prediction Barrier
[    0.203255] Speculative Store Bypass: Mitigation: Speculative Store Bypass disabled via prctl and seccomp
[    0.233762] Freeing SMP alternatives memory: 52K
[    0.234402] smpboot: CPU0: Genuine Intel(R) CPU 0000 @ 2.20GHz (family: 0x6, model: 0x8d, stepping: 0x0)
[    0.235538] Performance Events: Icelake events, full-width counters, Intel PMU driver.
[    0.236359] ... version:                2
[    0.236770] ... bit width:              48
[    0.237165] ... generic registers:      8
[    0.237215] ... value mask:             0000ffffffffffff
[    0.237215] ... max period:             00007fffffffffff
[    0.237220] ... fixed-purpose events:   3
[    0.237615] ... event mask:             00000007000000ff
[    0.238320] rcu: Hierarchical SRCU implementation.
[    0.240834] smp: Bringing up secondary CPUs ...
[    0.241386] x86: Booting SMP configuration:
[    0.241808] .... node  #0, CPUs:      #1
[    0.013465] kvm-clock: cpu 1, msr 4601041, secondary cpu clock
[    0.242899] kvm-guest: KVM setup async PF for cpu 1
[    0.242899] kvm-guest: stealtime: cpu 1, msr 7dd2e080
[    0.245251] smp: Brought up 1 node, 2 CPUs
[    0.245678] smpboot: Max logical packages: 1
[    0.246101] smpboot: Total of 2 processors activated (12441.60 BogoMIPS)
[    0.247216] devtmpfs: initialized
[    0.247216] x86/mm: Memory block size: 128MB
[    0.249610] clocksource: jiffies: mask: 0xffffffff max_cycles: 0xffffffff, max_idle_ns: 7645041785100000 ns
[    0.249610] futex hash table entries: 512 (order: 3, 32768 bytes, linear)
[    0.250371] pinctrl core: initialized pinctrl subsystem
[    0.251477] 
[    0.251703] *************************************************************
[    0.252617] **     NOTICE NOTICE NOTICE NOTICE NOTICE NOTICE NOTICE    **
[    0.253221] **                                                         **
[    0.254155] **  IOMMU DebugFS SUPPORT HAS BEEN ENABLED IN THIS KERNEL  **
[    0.255109] **                                                         **
[    0.256065] ** This means that this kernel is built to expose internal **
[    0.257011] ** IOMMU data structures, which may compromise security on **
[    0.257220] ** your system.                                            **
[    0.258174] **                                                         **
[    0.259132] ** If you see this message and you are not debugging the   **
[    0.260087] ** kernel, report this immediately to your vendor!         **
[    0.261033] **                                                         **
[    0.265220] **     NOTICE NOTICE NOTICE NOTICE NOTICE NOTICE NOTICE    **
[    0.266161] *************************************************************
[    0.267191] PM: RTC time: 20:03:33, date: 2022-11-15
[    0.269845] NET: Registered protocol family 16
[    0.271051] DMA: preallocated 256 KiB GFP_KERNEL pool for atomic allocations
[    0.272044] DMA: preallocated 256 KiB GFP_KERNEL|GFP_DMA pool for atomic allocations
[    0.273138] DMA: preallocated 256 KiB GFP_KERNEL|GFP_DMA32 pool for atomic allocations
[    0.273267] audit: initializing netlink subsys (disabled)
[    0.274043] audit: type=2000 audit(1668542613.622:1): state=initialized audit_enabled=0 res=1
[    0.274043] thermal_sys: Registered thermal governor 'fair_share'
[    0.274435] thermal_sys: Registered thermal governor 'bang_bang'
[    0.277220] thermal_sys: Registered thermal governor 'step_wise'
[    0.277928] thermal_sys: Registered thermal governor 'user_space'
[    0.278652] cpuidle: using governor ladder
[    0.279867] cpuidle: using governor menu
[    0.280588] ACPI: bus type PCI registered
[    0.281074] acpiphp: ACPI Hot Plug PCI Controller Driver version: 0.5
[    0.281679] PCI: Using configuration type 1 for base access
[    0.290476] Kprobes globally optimized
[    0.290988] HugeTLB registered 1.00 GiB page size, pre-allocated 0 pages
[    0.290988] HugeTLB registered 2.00 MiB page size, pre-allocated 0 pages
[    0.293525] ACPI: Added _OSI(Module Device)
[    0.293960] ACPI: Added _OSI(Processor Device)
[    0.297226] ACPI: Added _OSI(3.0 _SCP Extensions)
[    0.297808] ACPI: Added _OSI(Processor Aggregator Device)
[    0.298468] ACPI: Added _OSI(Linux-Dell-Video)
[    0.299011] ACPI: Added _OSI(Linux-Lenovo-NV-HDMI-Audio)
[    0.299655] ACPI: Added _OSI(Linux-HPI-Hybrid-Graphics)
[    0.305073] ACPI: 1 ACPI AML tables successfully acquired and loaded
[    0.307838] ACPI: Interpreter enabled
[    0.308389] ACPI: (supports S0 S3 S4 S5)
[    0.308878] ACPI: Using IOAPIC for interrupt routing
[    0.309253] PCI: Using host bridge windows from ACPI; if necessary, use "pci=nocrs" and report a bug
[    0.310941] ACPI: Enabled 2 GPEs in block 00 to 0F
[    0.324163] ACPI: PCI Root Bridge [PCI0] (domain 0000 [bus 00-ff])
[    0.324964] acpi PNP0A03:00: _OSC: OS supports [ASPM ClockPM Segments MSI EDR HPX-Type3]
[    0.325257] acpi PNP0A03:00: fail to add MMCONFIG information, can't access extended PCI configuration space under this bridge.
[    0.328085] acpiphp: Slot [3] registered
[    0.328633] acpiphp: Slot [4] registered
[    0.329177] acpiphp: Slot [5] registered
[    0.329281] acpiphp: Slot [6] registered
[    0.329825] acpiphp: Slot [7] registered
[    0.330378] acpiphp: Slot [8] registered
[    0.330920] acpiphp: Slot [9] registered
[    0.331465] acpiphp: Slot [10] registered
[    0.332019] acpiphp: Slot [11] registered
[    0.332573] acpiphp: Slot [12] registered
[    0.333129] acpiphp: Slot [13] registered
[    0.333276] acpiphp: Slot [14] registered
[    0.333833] acpiphp: Slot [15] registered
[    0.334395] acpiphp: Slot [16] registered
[    0.334949] acpiphp: Slot [17] registered
[    0.335512] acpiphp: Slot [18] registered
[    0.336076] acpiphp: Slot [19] registered
[    0.336630] acpiphp: Slot [20] registered
[    0.337184] acpiphp: Slot [21] registered
[    0.337277] acpiphp: Slot [22] registered
[    0.337854] acpiphp: Slot [23] registered
[    0.338408] acpiphp: Slot [24] registered
[    0.338971] acpiphp: Slot [25] registered
[    0.339527] acpiphp: Slot [26] registered
[    0.340083] acpiphp: Slot [27] registered
[    0.340638] acpiphp: Slot [28] registered
[    0.341195] acpiphp: Slot [29] registered
[    0.341277] acpiphp: Slot [30] registered
[    0.341834] acpiphp: Slot [31] registered
[    0.342351] PCI host bridge to bus 0000:00
[    0.342861] pci_bus 0000:00: root bus resource [io  0x0000-0x0cf7 window]
[    0.343696] pci_bus 0000:00: root bus resource [io  0x0d00-0xffff window]
[    0.344523] pci_bus 0000:00: root bus resource [mem 0x000a0000-0x000bffff window]
[    0.345220] pci_bus 0000:00: root bus resource [mem 0x80000000-0xfebfffff window]
[    0.346137] pci_bus 0000:00: root bus resource [mem 0x100000000-0x17fffffff window]
[    0.347076] pci_bus 0000:00: root bus resource [bus 00-ff]
[    0.347799] pci 0000:00:00.0: [8086:1237] type 00 class 0x060000
[    0.350222] pci 0000:00:01.0: [8086:7000] type 00 class 0x060100
[    0.351829] pci 0000:00:01.1: [8086:7010] type 00 class 0x010180
[    0.354370] pci 0000:00:01.1: reg 0x20: [io  0xc040-0xc04f]
[    0.355574] pci 0000:00:01.1: legacy IDE quirk: reg 0x10: [io  0x01f0-0x01f7]
[    0.356452] pci 0000:00:01.1: legacy IDE quirk: reg 0x14: [io  0x03f6]
[    0.357221] pci 0000:00:01.1: legacy IDE quirk: reg 0x18: [io  0x0170-0x0177]
[    0.358084] pci 0000:00:01.1: legacy IDE quirk: reg 0x1c: [io  0x0376]
[    0.359409] pci 0000:00:01.3: [8086:7113] type 00 class 0x068000
[    0.360504] pci 0000:00:01.3: quirk: [io  0x0600-0x063f] claimed by PIIX4 ACPI
[    0.361227] pci 0000:00:01.3: quirk: [io  0x0700-0x070f] claimed by PIIX4 SMB
[    0.362885] pci 0000:00:02.0: [1234:1111] type 00 class 0x030000
[    0.364490] pci 0000:00:02.0: reg 0x10: [mem 0xfd000000-0xfdffffff pref]
[    0.366916] pci 0000:00:02.0: reg 0x18: [mem 0xfebf0000-0xfebf0fff]
[    0.370796] pci 0000:00:02.0: reg 0x30: [mem 0xfebe0000-0xfebeffff pref]
[    0.373198] pci 0000:00:03.0: [8086:100e] type 00 class 0x020000
[    0.373883] pci 0000:00:03.0: reg 0x10: [mem 0xfebc0000-0xfebdffff]
[    0.375229] pci 0000:00:03.0: reg 0x14: [io  0xc000-0xc03f]
[    0.378612] pci 0000:00:03.0: reg 0x30: [mem 0xfeb80000-0xfebbffff pref]
[    0.390626] ACPI: PCI: Interrupt link LNKA configured for IRQ 10
[    0.391742] ACPI: PCI: Interrupt link LNKB configured for IRQ 10
[    0.392828] ACPI: PCI: Interrupt link LNKC configured for IRQ 11
[    0.393587] ACPI: PCI: Interrupt link LNKD configured for IRQ 11
[    0.394538] ACPI: PCI: Interrupt link LNKS configured for IRQ 9
[    0.396102] iommu: Default domain type: Translated 
[    0.396102] pci 0000:00:02.0: vgaarb: setting as boot VGA device
[    0.396102] pci 0000:00:02.0: vgaarb: VGA device added: decodes=io+mem,owns=io+mem,locks=none
[    0.396102] pci 0000:00:02.0: vgaarb: bridge control possible
[    0.397312] vgaarb: loaded
[    0.398506] SCSI subsystem initialized
[    0.401303] ACPI: bus type USB registered
[    0.401870] usbcore: registered new interface driver usbfs
[    0.402576] usbcore: registered new interface driver hub
[    0.403248] usbcore: registered new device driver usb
[    0.403942] pps_core: LinuxPPS API ver. 1 registered
[    0.405221] pps_core: Software ver. 5.3.6 - Copyright 2005-2007 Rodolfo Giometti <giometti@linux.it>
[    0.406327] PTP clock support registered
[    0.406763] EDAC MC: Ver: 3.0.0
[    0.406763] NetLabel: Initializing
[    0.406763] NetLabel:  domain hash size = 128
[    0.406946] NetLabel:  protocols = UNLABELED CIPSOv4 CALIPSO
[    0.407837] NetLabel:  unlabeled traffic allowed by default
[    0.409256] PCI: Using ACPI for IRQ routing
[    0.409439] hpet0: at MMIO 0xfed00000, IRQs 2, 8, 0
[    0.413219] hpet0: 3 comparators, 64-bit 100.000000 MHz counter
[    0.417302] clocksource: Switched to clocksource kvm-clock
[    0.456974] VFS: Disk quotas dquot_6.6.0
[    0.457545] VFS: Dquot-cache hash table entries: 512 (order 0, 4096 bytes)
[    0.458549] pnp: PnP ACPI init
[    0.460488] pnp: PnP ACPI: found 6 devices
[    0.469107] clocksource: acpi_pm: mask: 0xffffff max_cycles: 0xffffff, max_idle_ns: 2085701024 ns
[    0.470503] NET: Registered protocol family 2
[    3.185850] tcp_listen_portaddr_hash hash table entries: 1024 (order: 2, 16384 bytes, linear)
[    3.186898] TCP established hash table entries: 16384 (order: 5, 131072 bytes, linear)
[    3.187893] TCP bind hash table entries: 16384 (order: 6, 262144 bytes, linear)
[    3.188865] TCP: Hash tables configured (established 16384 bind 16384)
[    3.189838] UDP hash table entries: 1024 (order: 3, 32768 bytes, linear)
[    3.190486] UDP-Lite hash table entries: 1024 (order: 3, 32768 bytes, linear)
[    3.191247] NET: Registered protocol family 1
[    3.191927] RPC: Registered named UNIX socket transport module.
[    3.192476] RPC: Registered udp transport module.
[    3.192905] RPC: Registered tcp transport module.
[    3.193355] RPC: Registered tcp NFSv4.1 backchannel transport module.
[    3.193953] pci_bus 0000:00: resource 4 [io  0x0000-0x0cf7 window]
[    3.194524] pci_bus 0000:00: resource 5 [io  0x0d00-0xffff window]
[    3.195091] pci_bus 0000:00: resource 6 [mem 0x000a0000-0x000bffff window]
[    3.195731] pci_bus 0000:00: resource 7 [mem 0x80000000-0xfebfffff window]
[    3.196360] pci_bus 0000:00: resource 8 [mem 0x100000000-0x17fffffff window]
[    3.197188] pci 0000:00:01.0: PIIX3: Enabling Passive Release
[    3.197750] pci 0000:00:00.0: Limiting direct PCI/PCI transfers
[    3.198317] pci 0000:00:01.0: Activating ISA DMA hang workarounds
[    3.198954] pci 0000:00:02.0: Video device with shadowed ROM at [mem 0x000c0000-0x000dffff]
[    3.199748] PCI: CLS 0 bytes, default 64
[    3.200390] clocksource: tsc: mask: 0xffffffffffffffff max_cycles: 0x2cd5a8bb032, max_idle_ns: 440795365915 ns
[    3.203503] Initialise system trusted keyrings
[    3.203945] Key type blacklist registered
[    3.204405] workingset: timestamp_bits=36 max_order=19 bucket_order=0
[    3.209113] zbud: loaded
[    3.210076] squashfs: version 4.0 (2009/01/31) Phillip Lougher
[    3.211262] NFS: Registering the id_resolver key type
[    3.211742] Key type id_resolver registered
[    3.212132] Key type id_legacy registered
[    3.212552] nfs4filelayout_init: NFSv4 File Layout Driver Registering...
[    3.213168] nfs4flexfilelayout_init: NFSv4 Flexfile Layout Driver Registering...
[    3.213939] fuse: init (API version 7.33)
[    3.214475] SGI XFS with ACLs, security attributes, realtime, quota, no debug enabled
[    3.215917] 9p: Installing v9fs 9p2000 file system support
[    3.225070] Key type asymmetric registered
[    3.225550] Asymmetric key parser 'x509' registered
[    3.226012] Block layer SCSI generic (bsg) driver version 0.4 loaded (major 244)
[    3.226739] io scheduler mq-deadline registered
[    3.227221] io scheduler bfq registered
[    3.227816] shpchp: Standard Hot Plug PCI Controller Driver version: 0.4
[    3.228573] IPMI message handler: version 39.2
[    3.229000] ipmi device interface
[    3.230245] input: Power Button as /devices/LNXSYSTM:00/LNXPWRBN:00/input/input0
[    3.231072] ACPI: button: Power Button [PWRF]
[    3.232125] ERST DBG: ERST support is disabled.
[    3.232834] Serial: 8250/16550 driver, 32 ports, IRQ sharing enabled
[    3.233790] 00:04: ttyS0 at I/O 0x3f8 (irq = 4, base_baud = 115200) is a 16550A
[    3.240786] Linux agpgart interface v0.103
[    3.248272] brd: module loaded
[    3.253654] loop: module loaded
[    3.256423] scsi host0: ata_piix
[    3.257006] scsi host1: ata_piix
[    3.257462] ata1: PATA max MWDMA2 cmd 0x1f0 ctl 0x3f6 bmdma 0xc040 irq 14
[    3.258080] ata2: PATA max MWDMA2 cmd 0x170 ctl 0x376 bmdma 0xc048 irq 15
[    3.259444] libphy: Fixed MDIO Bus: probed
[    3.259998] tun: Universal TUN/TAP device driver, 1.6
[    3.260563] e100: Intel(R) PRO/100 Network Driver
[    3.260999] e100: Copyright(c) 1999-2006 Intel Corporation
[    3.261547] e1000: Intel(R) PRO/1000 Network Driver
[    3.261992] e1000: Copyright (c) 1999-2006 Intel Corporation.
[    3.353237] ACPI: \_SB_.LNKC: Enabled at IRQ 11
[    3.418018] ata2.00: ATAPI: QEMU DVD-ROM, 2.5+, max UDMA/100
[    3.419975] ata1.00: ATA-7: QEMU HARDDISK, 2.5+, max UDMA/100
[    3.420837] ata1.00: 16777216 sectors, multi 16: LBA48 
[    3.422521] scsi 0:0:0:0: Direct-Access     ATA      QEMU HARDDISK    2.5+ PQ: 0 ANSI: 5
[    3.424109] scsi 0:0:0:0: Attached scsi generic sg0 type 0
[    3.425566] scsi 1:0:0:0: CD-ROM            QEMU     QEMU DVD-ROM     2.5+ PQ: 0 ANSI: 5
[    3.427588] scsi 1:0:0:0: Attached scsi generic sg1 type 5
[    3.428621] sd 0:0:0:0: [sda] 16777216 512-byte logical blocks: (8.59 GB/8.00 GiB)
[    3.429718] sd 0:0:0:0: [sda] Write Protect is off
[    3.430430] sd 0:0:0:0: [sda] Write cache: enabled, read cache: enabled, doesn't support DPO or FUA
[    3.545352] sd 0:0:0:0: [sda] Attached SCSI disk
[    3.694151] e1000 0000:00:03.0 eth0: (PCI:33MHz:32-bit) 52:54:00:12:34:56
[    3.695180] e1000 0000:00:03.0 eth0: Intel(R) PRO/1000 Network Connection
[    3.696312] e1000e: Intel(R) PRO/1000 Network Driver
[    3.697091] e1000e: Copyright(c) 1999 - 2015 Intel Corporation.
[    3.698088] igb: Intel(R) Gigabit Ethernet Network Driver
[    3.698889] igb: Copyright (c) 2007-2014 Intel Corporation.
[    3.699835] PPP generic driver version 2.4.2
[    3.700836] VFIO - User Level meta-driver version: 0.3
[    3.701690] ehci_hcd: USB 2.0 'Enhanced' Host Controller (EHCI) Driver
[    3.702688] ehci-pci: EHCI PCI platform driver
[    3.703402] ehci-platform: EHCI generic platform driver
[    3.704233] ohci_hcd: USB 1.1 'Open' Host Controller (OHCI) Driver
[    3.705163] ohci-pci: OHCI PCI platform driver
[    3.705884] ohci-platform: OHCI generic platform driver
[    3.706713] uhci_hcd: USB Universal Host Controller Interface driver
[    3.707965] usbcore: registered new interface driver uas
[    3.708820] usbcore: registered new interface driver usb-storage
[    3.709869] i8042: PNP: PS/2 Controller [PNP0303:KBD,PNP0f13:MOU] at 0x60,0x64 irq 1,12
[    3.711923] serio: i8042 KBD port at 0x60,0x64 irq 1
[    3.712471] serio: i8042 AUX port at 0x60,0x64 irq 12
[    3.713496] mousedev: PS/2 mouse device common for all mice
[    3.714559] input: AT Translated Set 2 keyboard as /devices/platform/i8042/serio0/input/input1
[    3.715889] rtc_cmos 00:05: RTC can wake from S4
[    3.716780] input: VirtualPS/2 VMware VMMouse as /devices/platform/i8042/serio1/input/input4
[    3.718129] rtc_cmos 00:05: registered as rtc0
[    3.718730] rtc_cmos 00:05: setting system clock to 2022-11-15T20:03:37 UTC (1668542617)
[    3.718829] input: VirtualPS/2 VMware VMMouse as /devices/platform/i8042/serio1/input/input3
[    3.720567] rtc_cmos 00:05: alarms up to one day, y3k, 242 bytes nvram, hpet irqs
[    3.721419] i2c /dev entries driver
[    3.721878] device-mapper: uevent: version 1.0.3
[    3.722506] device-mapper: ioctl: 4.44.0-ioctl (2021-02-01) initialised: dm-devel@redhat.com
[    3.723503] intel_pstate: CPU model not supported
[    3.724066] sdhci: Secure Digital Host Controller Interface driver
[    3.724713] sdhci: Copyright(c) Pierre Ossman
[    3.725248] sdhci-pltfm: SDHCI platform and OF driver helper
[    3.725855] ledtrig-cpu: registered to indicate activity on CPUs
[    3.726549] drop_monitor: Initializing network drop monitor service
[    3.727656] NET: Registered protocol family 10
[    3.729421] Segment Routing with IPv6
[    3.729858] NET: Registered protocol family 17
[    3.730499] 9pnet: Installing 9P2000 support
[    3.731000] Key type dns_resolver registered
[    3.732035] IPI shorthand broadcast: enabled
[    3.732522] sched_clock: Marking stable (3722366838, 9465767)->(3741078949, -9246344)
[    3.733626] registered taskstats version 1
[    3.734077] Loading compiled-in X.509 certificates
[    3.734639] zswap: loaded using pool lzo/zbud
[    3.735409] Key type ._fscrypt registered
[    3.735865] Key type .fscrypt registered
[    3.736282] Key type fscrypt-provisioning registered
[    3.737387] Key type encrypted registered
[    3.737809] ima: No TPM chip found, activating TPM-bypass!
[    3.738361] ima: Allocated hash algorithm: sha1
[    3.738845] ima: No architecture policies found
[    3.739334] evm: Initialising EVM extended attributes:
[    3.739867] evm: security.selinux
[    3.740209] evm: security.SMACK64
[    3.740549] evm: security.SMACK64EXEC
[    3.740942] evm: security.SMACK64TRANSMUTE
[    3.741379] evm: security.SMACK64MMAP
[    3.741757] evm: security.apparmor
[    3.742100] evm: security.ima
[    3.742404] evm: security.capability
[    3.742770] evm: HMAC attrs: 0x1
[    3.745313] PM:   Magic number: 14:792:93
[    3.746055] RAS: Correctable Errors collector initialized.
[    3.746972] md: Waiting for all devices to be available before autodetect
[    3.747683] md: If you don't use raid, use raid=noautodetect
[    3.748273] md: Autodetecting RAID arrays.
[    3.748705] md: autorun ...
[    3.749052] md: ... autorun DONE.
[    3.751823] EXT4-fs (sda): INFO: recovery required on readonly filesystem
[    3.752518] EXT4-fs (sda): write access will be enabled during recovery
[    3.851084] EXT4-fs (sda): recovery complete
[    3.870322] EXT4-fs (sda): mounted filesystem with ordered data mode. Opts: (null). Quota mode: none.
[    3.871711] VFS: Mounted root (ext4 filesystem) readonly on device 8:0.
[    3.873141] devtmpfs: mounted
[    3.884985] Freeing unused decrypted memory: 2036K
[    3.887911] Freeing unused kernel image (initmem) memory: 3312K
[    3.888506] Write protecting the kernel read-only data: 38912k
[    3.892170] Freeing unused kernel image (text/rodata gap) memory: 2028K
[    3.893460] Freeing unused kernel image (rodata/data gap) memory: 908K
[    4.030743] x86/mm: Checked W+X mappings: passed, no W+X pages found.
[    4.031465] Run /sbin/init as init process
[    4.044184] random: fast init done
[    4.093877] systemd[1]: RTC configured in localtime, applying delta of 0 minutes to system time.
[    4.109116] systemd[1]: systemd 239 (239-49.el8) running in system mode. (+PAM +AUDIT +SELINUX +IMA -APPARMOR +SMACK +SYSVINIT +UTMP +LIBCRYPTSETUP +GCRYPT +GNUTLS +ACL +XZ +LZ4 +SECCOMP +BLKID +ELFUTILS +KMOD +IDN2 -IDN +PCRE2 default-hierarchy=legacy)
[    4.111272] systemd[1]: Detected virtualization kvm.
[    4.111736] systemd[1]: Detected architecture x86-64.

Welcome to [0;31mCentOS Stream 8[0m!

[    4.132351] systemd[1]: Set hostname to <test>.
[    4.227231] random: lvmconfig: uninitialized urandom read (4 bytes read)
[    4.306034] random: systemd: uninitialized urandom read (16 bytes read)
[    4.308122] systemd[1]: Created slice system-serial\x2dgetty.slice.
[[0;32m  OK  [0m] Created slice system-serial\x2dgetty.slice.
[    4.309311] random: systemd: uninitialized urandom read (16 bytes read)
[    4.310148] systemd[1]: Listening on RPCbind Server Activation Socket.
[[0;32m  OK  [0m] Listening on RPCbind Server Activation Socket.
[    4.311366] systemd[1]: Reached target RPC Port Mapper.
[[0;32m  OK  [0m] Reached target RPC Port Mapper.
[    4.312828] systemd[1]: Created slice system-sshd\x2dkeygen.slice.
[[0;32m  OK  [0m] Created slice system-sshd\x2dkeygen.slice.
[    4.314421] systemd[1]: Created slice system-getty.slice.
[[0;32m  OK  [0m] Created slice system-getty.slice.
[    4.315932] systemd[1]: Created slice User and Session Slice.
[[0;32m  OK  [0m] Created slice User and Session Slice.
[[0;32m  OK  [0m] Reached target Swap.
[[0;32m  OK  [0m] Started Forward Password Requests to Wall Directory Watch.
[[0;32m  OK  [0m] Listening on Journal Socket (/dev/log).
[[0;32m  OK  [0m] Listening on initctl Compatibility Named Pipe.
[[0;32m  OK  [0m] Listening on Device-mapper event daemon FIFOs.
[[0;32m  OK  [0m] Listening on Process Core Dump Socket.
[[0;32m  OK  [0m] Reached target Slices.
[[0;32m  OK  [0m] Listening on LVM2 poll daemon socket.
[[0;32m  OK  [0m] Listening on udev Control Socket.
[[0;32m  OK  [0m] Listening on Journal Socket.
         Starting Remount Root and Kernel File Systems...
         Mounting Huge Pages File System...
         Starting Journal Service...
         Starting Monitoring of LVM2 mirrorsâ€¦ng dmeventd or progress polling...
         Mounting POSIX Message Queue File System...
         Starting Setup Virtual Console...
[[0;32m  OK  [0m] Set up automount Arbitrary Executabâ€¦rmats File System Automount Point.
         Starting Load Kernel Modules...
[[0;32m  OK  [0m] Listening on udev Kernel Socket.
         Starting udev Coldplug all Devices...
         Mounting Kernel Debug File System...
[[0;32m  OK  [0m] Listening on multipathd control socket.
[[0;32m  OK  [0m] Mounted Huge Pages File System.
[[0;32m  OK  [0m] Mounted POSIX Message Queue File System.
[[0;1;31mFAILED[0m] Failed to start Load Kernel Modules.
See 'systemctl status systemd-modules-load.service' for details.
[[0;32m  OK  [0m] Mounted Kernel Debug File System.
         Mounting FUSE Control File System...
         Starting Apply Kernel Variables...
         Mounting Kernel Configuration File System...
[[0;32m  OK  [0m] Mounted FUSE Control File System.
[[0;32m  OK  [0m] Started Apply Kernel Variables.
[[0;32m  OK  [0m] Started Journal Service.
[    4.539636] EXT4-fs (sda): re-mounted. Opts: (null). Quota mode: none.
[[0;32m  OK  [0m] Started Remount Root and Kernel File Systems.
[[0;32m  OK  [0m] Mounted Kernel Configuration File System.
         Starting Flush Journal to Persistent Storage...
         Starting Load/Save Random Seed...
         Starting Create Static Device Nodes in /dev...
[[0;32m  OK  [0m] Started Load/Save Random Seed.
[[0;32m  OK  [0m] Started Flush Journal to Persistent Storage.
[[0;32m  OK  [0m] Started Create Static Device Nodes in /dev.
[[0;32m  OK  [0m] Started udev Coldplug all Devices.
         Starting udev Wait for Complete Device Initialization...
         Starting udev Kernel Device Manager...
[[0;32m  OK  [0m] Started Setup Virtual Console.
[[0;32m  OK  [0m] Started udev Kernel Device Manager.
         Starting Show Plymouth Boot Screen...
[[0;32m  OK  [0m] Started Show Plymouth Boot Screen.
[[0;32m  OK  [0m] Reached target Local Encrypted Volumes.
[[0;32m  OK  [0m] Reached target Paths.
[[0;32m  OK  [0m] Started Forward Password Requests to Plymouth Directory Watch.
[[0;32m  OK  [0m] Found device /dev/ttyS0.
[[0;32m  OK  [0m] Started Monitoring of LVM2 mirrors,â€¦sing dmeventd or progress polling.
[[0;32m  OK  [0m] Started udev Wait for Complete Device Initialization.
[[0;32m  OK  [0m] Reached target Local File Systems (Pre).
[[0;32m  OK  [0m] Reached target Local File Systems.
         Starting Tell Plymouth To Write Out Runtime Data...
         Starting Restore /run/initramfs on shutdown...
         Starting Create Volatile Files and Directories...
[[0;32m  OK  [0m] Listening on Load/Save RF Kill Switch Status /dev/rfkill Watch.
[[0;32m  OK  [0m] Started Tell Plymouth To Write Out Runtime Data.
[[0;32m  OK  [0m] Started Restore /run/initramfs on shutdown.
[[0;32m  OK  [0m] Started Create Volatile Files and Directories.
         Starting RPC Bind...
         Starting Security Auditing Service...
         Mounting RPC Pipe File System...
[[0;32m  OK  [0m] Mounted RPC Pipe File System.
[[0;32m  OK  [0m] Reached target rpc_pipefs.target.
[[0;32m  OK  [0m] Started RPC Bind.
[[0;32m  OK  [0m] Started Security Auditing Service.
         Starting Update UTMP about System Boot/Shutdown...
[[0;32m  OK  [0m] Started Update UTMP about System Boot/Shutdown.
[[0;32m  OK  [0m] Reached target System Initialization.
[[0;32m  OK  [0m] Listening on D-Bus System Message Bus Socket.
[[0;32m  OK  [0m] Started Daily Cleanup of Temporary Directories.
[[0;32m  OK  [0m] Listening on SSSD Kerberos Cache Manager responder socket.
[[0;32m  OK  [0m] Reached target Sockets.
[[0;32m  OK  [0m] Reached target Basic System.
[[0;32m  OK  [0m] Started irqbalance daemon.
         Starting NTP client/server...
         Starting Auto-connect to subsystemsâ€¦-NVME devices found during boot...
[[0;32m  OK  [0m] Started D-Bus System Message Bus.
[[0;32m  OK  [0m] Started Machine Check Exception Logging Daemon.
         Starting Login Service...
[[0;32m  OK  [0m] Started daily update of the root trust anchor for DNSSEC.
         Starting Network Manager...
         Starting Self Monitoring and Reporting Technology (SMART) Daemon...
[[0;32m  OK  [0m] Started dnf makecache --timer.
[[0;32m  OK  [0m] Reached target Timers.
[[0;32m  OK  [0m] Reached target sshd-keygen.target.
         Starting Authorization Manager...
[[0;32m  OK  [0m] Started Auto-connect to subsystems â€¦FC-NVME devices found during boot.
         Starting update of the root trust aâ€¦or DNSSEC validation in unbound...
[[0;32m  OK  [0m] Started Network Manager.
         Starting Network Manager Wait Online...
[[0;32m  OK  [0m] Reached target Network.
         Starting OpenSSH server daemon...
         Starting GSSAPI Proxy Daemon...
         Starting Dynamic System Tuning Daemon...
[[0;32m  OK  [0m] Started Self Monitoring and Reporting Technology (SMART) Daemon.
         Starting Hostname Service...
[[0;32m  OK  [0m] Started NTP client/server.
[[0;32m  OK  [0m] Started Login Service.
[[0;32m  OK  [0m] Started Authorization Manager.
[[0;32m  OK  [0m] Started Hostname Service.
         Starting Network Manager Script Dispatcher Service...
[[0;32m  OK  [0m] Started Network Manager Script Dispatcher Service.
[    5.993968] e1000: eth0 NIC Link is Up 1000 Mbps Full Duplex, Flow Control: RX
[    5.995167] IPv6: ADDRCONF(NETDEV_CHANGE): eth0: link becomes ready
[[0;32m  OK  [0m] Started Dynamic System Tuning Daemon.
[    6.945243] random: crng init done
[    6.945825] random: 7 urandom warning(s) missed due to ratelimiting
[[0;32m  OK  [0m] Started update of the root trust anâ€¦ for DNSSEC validation in unbound.
[[0;32m  OK  [0m] Started GSSAPI Proxy Daemon.
[[0;32m  OK  [0m] Reached target NFS client services.
[[0;32m  OK  [0m] Reached target Remote File Systems (Pre).
[[0;32m  OK  [0m] Reached target Remote File Systems.
         Starting Permit User Sessions...
[[0;32m  OK  [0m] Started OpenSSH server daemon.
[[0;32m  OK  [0m] Started Permit User Sessions.
         Starting Hold until boot process finishes up...
[[0;32m  OK  [0m] Started Command Scheduler.
         Starting Terminate Plymouth Boot Screen...

CentOS Stream 8
Kernel 5.12.0-3aa139aa9fdc+ on an x86_64

test login: 