c[?7l[2J[0mSeaBIOS (version rel-1.16.0-0-gd239552ce722-prebuilt.qemu.org)


iPXE (http://ipxe.org) 00:03.0 CA00 PCI2.10 PnP PMM+7FF91000+7FEF1000 CA00
Press Ctrl-B to configure iPXE (PCI 00:03.0)...                                                                               


Booting from ROM..c[?7l[2J[0m.[    0.000000] Linux version 5.12.0-rc3-46ade4740bbf+ (root@p-tglh01.sh.intel.com) (gcc (GCC) 8.5.0 20210514 (Red Hat 8.5.0-17), GNU ld version 2.36.1-2.el8) #1 SMP Wed Nov 16 14:01:19 CST 2022
[    0.000000] Command line: console=ttyS0 root=/dev/sda earlyprintk=serial net.ifnames=0
[    0.000000] KERNEL supported cpus:
[    0.000000]   Intel GenuineIntel
[    0.000000]   AMD AuthenticAMD
[    0.000000]   Hygon HygonGenuine
[    0.000000]   Centaur CentaurHauls
[    0.000000]   zhaoxin   Shanghai  
[    0.000000] x86/fpu: Supporting XSAVE feature 0x001: 'x87 floating point registers'
[    0.000000] x86/fpu: Supporting XSAVE feature 0x002: 'SSE registers'
[    0.000000] x86/fpu: Supporting XSAVE feature 0x004: 'AVX registers'
[    0.000000] x86/fpu: Supporting XSAVE feature 0x020: 'AVX-512 opmask'
[    0.000000] x86/fpu: Supporting XSAVE feature 0x040: 'AVX-512 Hi256'
[    0.000000] x86/fpu: Supporting XSAVE feature 0x080: 'AVX-512 ZMM_Hi256'
[    0.000000] x86/fpu: Supporting XSAVE feature 0x200: 'Protection Keys User registers'
[    0.000000] x86/fpu: xstate_offset[2]:  576, xstate_sizes[2]:  256
[    0.000000] x86/fpu: xstate_offset[5]:  832, xstate_sizes[5]:   64
[    0.000000] x86/fpu: xstate_offset[6]:  896, xstate_sizes[6]:  512
[    0.000000] x86/fpu: xstate_offset[7]: 1408, xstate_sizes[7]: 1024
[    0.000000] x86/fpu: xstate_offset[9]: 2432, xstate_sizes[9]:    8
[    0.000000] x86/fpu: Enabled xstate features 0x2e7, context size is 2440 bytes, using 'compacted' format.
[    0.000000] BIOS-provided physical RAM map:
[    0.000000] BIOS-e820: [mem 0x0000000000000000-0x000000000009fbff] usable
[    0.000000] BIOS-e820: [mem 0x000000000009fc00-0x000000000009ffff] reserved
[    0.000000] BIOS-e820: [mem 0x00000000000f0000-0x00000000000fffff] reserved
[    0.000000] BIOS-e820: [mem 0x0000000000100000-0x000000007ffdffff] usable
[    0.000000] BIOS-e820: [mem 0x000000007ffe0000-0x000000007fffffff] reserved
[    0.000000] BIOS-e820: [mem 0x00000000feffc000-0x00000000feffffff] reserved
[    0.000000] BIOS-e820: [mem 0x00000000fffc0000-0x00000000ffffffff] reserved
[    0.000000] printk: bootconsole [earlyser0] enabled
[    0.000000] NX (Execute Disable) protection: active
[    0.000000] SMBIOS 2.8 present.
[    0.000000] DMI: QEMU Standard PC (i440FX + PIIX, 1996), BIOS rel-1.16.0-0-gd239552ce722-prebuilt.qemu.org 04/01/2014
[    0.000000] Hypervisor detected: KVM
[    0.000000] kvm-clock: Using msrs 4b564d01 and 4b564d00
[    0.000000] kvm-clock: cpu 0, msr 4601001, primary cpu clock
[    0.000000] kvm-clock: using sched offset of 406692237 cycles
[    0.000594] clocksource: kvm-clock: mask: 0xffffffffffffffff max_cycles: 0x1cd42e4dffb, max_idle_ns: 881590591483 ns
[    0.002331] tsc: Detected 3110.400 MHz processor
[    0.010131] last_pfn = 0x7ffe0 max_arch_pfn = 0x400000000
[    0.010766] x86/PAT: Configuration [0-7]: WB  WC  UC- UC  WB  WP  UC- WT  
[    0.021303] found SMP MP-table at [mem 0x000f5ba0-0x000f5baf]
[    0.022906] check: Scanning 1 areas for low memory corruption
[    0.023586] Using GB pages for direct mapping
[    0.025148] ACPI: Early table checksum verification disabled
[    0.025798] ACPI: RSDP 0x00000000000F59C0 000014 (v00 BOCHS )
[    0.026414] ACPI: RSDT 0x000000007FFE1951 000034 (v01 BOCHS  BXPC     00000001 BXPC 00000001)
[    0.027321] ACPI: FACP 0x000000007FFE17FD 000074 (v01 BOCHS  BXPC     00000001 BXPC 00000001)
[    0.028236] ACPI: DSDT 0x000000007FFE0040 0017BD (v01 BOCHS  BXPC     00000001 BXPC 00000001)
[    0.029134] ACPI: FACS 0x000000007FFE0000 000040
[    0.029616] ACPI: APIC 0x000000007FFE1871 000080 (v01 BOCHS  BXPC     00000001 BXPC 00000001)
[    0.030493] ACPI: HPET 0x000000007FFE18F1 000038 (v01 BOCHS  BXPC     00000001 BXPC 00000001)
[    0.031370] ACPI: WAET 0x000000007FFE1929 000028 (v01 BOCHS  BXPC     00000001 BXPC 00000001)
[    0.033181] No NUMA configuration found
[    0.033563] Faking a node at [mem 0x0000000000000000-0x000000007ffdffff]
[    0.034365] NODE_DATA(0) allocated [mem 0x7ffb5000-0x7ffdffff]
[    0.038416] Zone ranges:
[    0.038688]   DMA      [mem 0x0000000000001000-0x0000000000ffffff]
[    0.039347]   DMA32    [mem 0x0000000001000000-0x000000007ffdffff]
[    0.039981]   Normal   empty
[    0.040276]   Device   empty
[    0.040576] Movable zone start for each node
[    0.041035] Early memory node ranges
[    0.041413]   node   0: [mem 0x0000000000001000-0x000000000009efff]
[    0.042060]   node   0: [mem 0x0000000000100000-0x000000007ffdffff]
[    0.042697] Initmem setup node 0 [mem 0x0000000000001000-0x000000007ffdffff]
[    0.045847]   DMA zone: 28770 pages in unavailable ranges
[    0.079334]   DMA32 zone: 32 pages in unavailable ranges
[    0.080254] ACPI: PM-Timer IO Port: 0x608
[    0.080729] ACPI: LAPIC_NMI (acpi_id[0xff] dfl dfl lint[0x1])
[    0.081376] IOAPIC[0]: apic_id 0, version 17, address 0xfec00000, GSI 0-23
[    0.082092] ACPI: INT_SRC_OVR (bus 0 bus_irq 0 global_irq 2 dfl dfl)
[    0.082742] ACPI: INT_SRC_OVR (bus 0 bus_irq 5 global_irq 5 high level)
[    0.083438] ACPI: INT_SRC_OVR (bus 0 bus_irq 9 global_irq 9 high level)
[    0.084125] ACPI: INT_SRC_OVR (bus 0 bus_irq 10 global_irq 10 high level)
[    0.084824] ACPI: INT_SRC_OVR (bus 0 bus_irq 11 global_irq 11 high level)
[    0.085567] Using ACPI (MADT) for SMP configuration information
[    0.086199] ACPI: HPET id: 0x8086a201 base: 0xfed00000
[    0.086781] TSC deadline timer available
[    0.087189] smpboot: Allowing 2 CPUs, 0 hotplug CPUs
[    0.087728] kvm-guest: KVM setup pv remote TLB flush
[    0.088297] kvm-guest: setup PV sched yield
[    0.088782] PM: hibernation: Registered nosave memory: [mem 0x00000000-0x00000fff]
[    0.089560] PM: hibernation: Registered nosave memory: [mem 0x0009f000-0x0009ffff]
[    0.090342] PM: hibernation: Registered nosave memory: [mem 0x000a0000-0x000effff]
[    0.091114] PM: hibernation: Registered nosave memory: [mem 0x000f0000-0x000fffff]
[    0.091897] [mem 0x80000000-0xfeffbfff] available for PCI devices
[    0.092527] Booting paravirtualized kernel on KVM
[    0.093053] clocksource: refined-jiffies: mask: 0xffffffff max_cycles: 0xffffffff, max_idle_ns: 7645519600211568 ns
[    0.094147] setup_percpu: NR_CPUS:8192 nr_cpumask_bits:2 nr_cpu_ids:2 nr_node_ids:1
[    0.097138] percpu: Embedded 56 pages/cpu s192512 r8192 d28672 u1048576
[    0.098039] kvm-guest: KVM setup async PF for cpu 0
[    0.098542] kvm-guest: stealtime: cpu 0, msr 7dc2e080
[    0.099076] kvm-guest: PV spinlocks enabled
[    0.099519] PV qspinlock hash table entries: 256 (order: 0, 4096 bytes, linear)
[    0.100313] Built 1 zonelists, mobility grouping on.  Total pages: 515945
[    0.101017] Policy zone: DMA32
[    0.101342] Kernel command line: net.ifnames=0 console=ttyS0 root=/dev/sda earlyprintk=serial net.ifnames=0
[    0.105019] Dentry cache hash table entries: 262144 (order: 9, 2097152 bytes, linear)
[    0.105937] Inode-cache hash table entries: 131072 (order: 8, 1048576 bytes, linear)
[    0.106848] mem auto-init: stack:off, heap alloc:off, heap free:off
[    0.111081] Memory: 2002380K/2096632K available (28688K kernel code, 4268K rwdata, 7256K rodata, 3052K init, 10932K bss, 93996K reserved, 0K cma-reserved)
[    0.112583] random: get_random_u64 called from __kmem_cache_create+0x2f/0x440 with crng_init=0
[    0.112973] SLUB: HWalign=64, Order=0-3, MinObjects=0, CPUs=2, Nodes=1
[    0.114563] kmemleak: Kernel memory leak detector disabled
[    0.115176] ftrace: allocating 62434 entries in 244 pages
[    0.213749] ftrace: allocated 244 pages with 5 groups
[    0.214476] rcu: Hierarchical RCU implementation.
[    0.214975] rcu: 	RCU restricting CPUs from NR_CPUS=8192 to nr_cpu_ids=2.
[    0.215656] 	Trampoline variant of Tasks RCU enabled.
[    0.216185] 	Rude variant of Tasks RCU enabled.
[    0.216657] 	Tracing variant of Tasks RCU enabled.
[    0.217147] rcu: RCU calculated value of scheduler-enlistment delay is 25 jiffies.
[    0.217935] rcu: Adjusting geometry for rcu_fanout_leaf=16, nr_cpu_ids=2
[    0.235114] NR_IRQS: 524544, nr_irqs: 440, preallocated irqs: 16
[    0.245184] Console: colour VGA+ 80x25
[    0.245688] printk: console [ttyS0] enabled
[    0.245688] printk: console [ttyS0] enabled
[    0.246723] printk: bootconsole [earlyser0] disabled
[    0.246723] printk: bootconsole [earlyser0] disabled
[    0.247947] ACPI: Core revision 20210105
[    0.248646] clocksource: hpet: mask: 0xffffffff max_cycles: 0xffffffff, max_idle_ns: 19112604467 ns
[    0.249858] APIC: Switch to symmetric I/O mode setup
[    0.250673] x2apic enabled
[    0.251224] Switched APIC routing to physical x2apic.
[    0.251855] kvm-guest: setup PV IPIs
[    0.253257] ..TIMER: vector=0x30 apic1=0 pin1=2 apic2=-1 pin2=-1
[    0.254043] clocksource: tsc-early: mask: 0xffffffffffffffff max_cycles: 0x2cd5a8bb032, max_idle_ns: 440795365915 ns
[    0.255327] Calibrating delay loop (skipped) preset value.. 6220.80 BogoMIPS (lpj=12441600)
[    0.256375] pid_max: default: 32768 minimum: 301
[    0.256991] LSM: Security Framework initializing
[    0.257595] Yama: becoming mindful.
[    0.259507] Mount-cache hash table entries: 4096 (order: 3, 32768 bytes, linear)
[    0.260423] Mountpoint-cache hash table entries: 4096 (order: 3, 32768 bytes, linear)
[    0.263362] x86/cpu: User Mode Instruction Prevention (UMIP) activated
[    0.264494] Last level iTLB entries: 4KB 0, 2MB 0, 4MB 0
[    0.265222] Last level dTLB entries: 4KB 0, 2MB 0, 4MB 0, 1GB 0
[    0.267360] Spectre V1 : Mitigation: usercopy/swapgs barriers and __user pointer sanitization
[    0.268407] Spectre V2 : Mitigation: Enhanced IBRS
[    0.268967] Spectre V2 : Spectre v2 / SpectreRSB mitigation: Filling RSB on context switch
[    0.269924] Spectre V2 : mitigation: Enabling conditional Indirect Branch Prediction Barrier
[    0.270900] Speculative Store Bypass: Mitigation: Speculative Store Bypass disabled via prctl and seccomp
[    0.271961] Freeing SMP alternatives memory: 52K
[    0.277103] smpboot: CPU0: Genuine Intel(R) CPU 0000 @ 2.20GHz (family: 0x6, model: 0x8d, stepping: 0x0)
[    0.278482] Performance Events: Icelake events, full-width counters, Intel PMU driver.
[    0.279322] ... version:                2
[    0.279322] ... bit width:              48
[    0.279322] ... generic registers:      8
[    0.279322] ... value mask:             0000ffffffffffff
[    0.279326] ... max period:             00007fffffffffff
[    0.279947] ... fixed-purpose events:   3
[    0.280428] ... event mask:             00000007000000ff
[    0.281264] rcu: Hierarchical SRCU implementation.
[    0.284322] smp: Bringing up secondary CPUs ...
[    0.285070] x86: Booting SMP configuration:
[    0.285581] .... node  #0, CPUs:      #1
[    0.019202] kvm-clock: cpu 1, msr 4601041, secondary cpu clock
[    0.286694] kvm-guest: KVM setup async PF for cpu 1
[    0.286694] kvm-guest: stealtime: cpu 1, msr 7dd2e080
[    0.287363] smp: Brought up 1 node, 2 CPUs
[    0.287870] smpboot: Max logical packages: 1
[    0.288389] smpboot: Total of 2 processors activated (12441.60 BogoMIPS)
[    0.294120] devtmpfs: initialized
[    0.294120] x86/mm: Memory block size: 128MB
[    0.295748] clocksource: jiffies: mask: 0xffffffff max_cycles: 0xffffffff, max_idle_ns: 7645041785100000 ns
[    0.295748] futex hash table entries: 512 (order: 3, 32768 bytes, linear)
[    0.296496] pinctrl core: initialized pinctrl subsystem
[    0.297675] 
[    0.297897] *************************************************************
[    0.298837] **     NOTICE NOTICE NOTICE NOTICE NOTICE NOTICE NOTICE    **
[    0.303326] **                                                         **
[    0.304263] **  IOMMU DebugFS SUPPORT HAS BEEN ENABLED IN THIS KERNEL  **
[    0.305186] **                                                         **
[    0.306119] ** This means that this kernel is built to expose internal **
[    0.307052] ** IOMMU data structures, which may compromise security on **
[    0.307326] ** your system.                                            **
[    0.308263] **                                                         **
[    0.309194] ** If you see this message and you are not debugging the   **
[    0.310128] ** kernel, report this immediately to your vendor!         **
[    0.311066] **                                                         **
[    0.311325] **     NOTICE NOTICE NOTICE NOTICE NOTICE NOTICE NOTICE    **
[    0.312252] *************************************************************
[    0.313255] PM: RTC time: 06:32:16, date: 2022-11-16
[    0.315971] NET: Registered protocol family 16
[    0.317241] DMA: preallocated 256 KiB GFP_KERNEL pool for atomic allocations
[    0.318258] DMA: preallocated 256 KiB GFP_KERNEL|GFP_DMA pool for atomic allocations
[    0.319332] DMA: preallocated 256 KiB GFP_KERNEL|GFP_DMA32 pool for atomic allocations
[    0.320512] audit: initializing netlink subsys (disabled)
[    0.321300] audit: type=2000 audit(1668580337.615:1): state=initialized audit_enabled=0 res=1
[    0.323591] thermal_sys: Registered thermal governor 'fair_share'
[    0.324330] thermal_sys: Registered thermal governor 'bang_bang'
[    0.324968] thermal_sys: Registered thermal governor 'step_wise'
[    0.325555] thermal_sys: Registered thermal governor 'user_space'
[    0.326171] cpuidle: using governor ladder
[    0.327187] cpuidle: using governor menu
[    0.327579] ACPI: bus type PCI registered
[    0.327994] acpiphp: ACPI Hot Plug PCI Controller Driver version: 0.5
[    0.329637] PCI: Using configuration type 1 for base access
[    0.338188] Kprobes globally optimized
[    0.338594] HugeTLB registered 1.00 GiB page size, pre-allocated 0 pages
[    0.338594] HugeTLB registered 2.00 MiB page size, pre-allocated 0 pages
[    0.344155] ACPI: Added _OSI(Module Device)
[    0.344155] ACPI: Added _OSI(Processor Device)
[    0.344468] ACPI: Added _OSI(3.0 _SCP Extensions)
[    0.344943] ACPI: Added _OSI(Processor Aggregator Device)
[    0.347342] ACPI: Added _OSI(Linux-Dell-Video)
[    0.347792] ACPI: Added _OSI(Linux-Lenovo-NV-HDMI-Audio)
[    0.348326] ACPI: Added _OSI(Linux-HPI-Hybrid-Graphics)
[    0.353709] ACPI: 1 ACPI AML tables successfully acquired and loaded
[    0.357024] ACPI: Interpreter enabled
[    0.357486] ACPI: (supports S0 S3 S4 S5)
[    0.357891] ACPI: Using IOAPIC for interrupt routing
[    0.358433] PCI: Using host bridge windows from ACPI; if necessary, use "pci=nocrs" and report a bug
[    0.359907] ACPI: Enabled 2 GPEs in block 00 to 0F
[    0.373096] ACPI: PCI Root Bridge [PCI0] (domain 0000 [bus 00-ff])
[    0.373762] acpi PNP0A03:00: _OSC: OS supports [ASPM ClockPM Segments MSI EDR HPX-Type3]
[    0.374622] acpi PNP0A03:00: fail to add MMCONFIG information, can't access extended PCI configuration space under this bridge.
[    0.376792] acpiphp: Slot [3] registered
[    0.377257] acpiphp: Slot [4] registered
[    0.377719] acpiphp: Slot [5] registered
[    0.378180] acpiphp: Slot [6] registered
[    0.378641] acpiphp: Slot [7] registered
[    0.379105] acpiphp: Slot [8] registered
[    0.379388] acpiphp: Slot [9] registered
[    0.379855] acpiphp: Slot [10] registered
[    0.380322] acpiphp: Slot [11] registered
[    0.380789] acpiphp: Slot [12] registered
[    0.381256] acpiphp: Slot [13] registered
[    0.381723] acpiphp: Slot [14] registered
[    0.382197] acpiphp: Slot [15] registered
[    0.382667] acpiphp: Slot [16] registered
[    0.383136] acpiphp: Slot [17] registered
[    0.383382] acpiphp: Slot [18] registered
[    0.383854] acpiphp: Slot [19] registered
[    0.384322] acpiphp: Slot [20] registered
[    0.384791] acpiphp: Slot [21] registered
[    0.385269] acpiphp: Slot [22] registered
[    0.385740] acpiphp: Slot [23] registered
[    0.386215] acpiphp: Slot [24] registered
[    0.386683] acpiphp: Slot [25] registered
[    0.387157] acpiphp: Slot [26] registered
[    0.387383] acpiphp: Slot [27] registered
[    0.387862] acpiphp: Slot [28] registered
[    0.388332] acpiphp: Slot [29] registered
[    0.388801] acpiphp: Slot [30] registered
[    0.389268] acpiphp: Slot [31] registered
[    0.389699] PCI host bridge to bus 0000:00
[    0.390122] pci_bus 0000:00: root bus resource [io  0x0000-0x0cf7 window]
[    0.390812] pci_bus 0000:00: root bus resource [io  0x0d00-0xffff window]
[    0.391327] pci_bus 0000:00: root bus resource [mem 0x000a0000-0x000bffff window]
[    0.392085] pci_bus 0000:00: root bus resource [mem 0x80000000-0xfebfffff window]
[    0.392842] pci_bus 0000:00: root bus resource [mem 0x100000000-0x17fffffff window]
[    0.393618] pci_bus 0000:00: root bus resource [bus 00-ff]
[    0.394240] pci 0000:00:00.0: [8086:1237] type 00 class 0x060000
[    0.396552] pci 0000:00:01.0: [8086:7000] type 00 class 0x060100
[    0.398014] pci 0000:00:01.1: [8086:7010] type 00 class 0x010180
[    0.400278] pci 0000:00:01.1: reg 0x20: [io  0xc040-0xc04f]
[    0.401597] pci 0000:00:01.1: legacy IDE quirk: reg 0x10: [io  0x01f0-0x01f7]
[    0.402312] pci 0000:00:01.1: legacy IDE quirk: reg 0x14: [io  0x03f6]
[    0.402964] pci 0000:00:01.1: legacy IDE quirk: reg 0x18: [io  0x0170-0x0177]
[    0.403327] pci 0000:00:01.1: legacy IDE quirk: reg 0x1c: [io  0x0376]
[    0.404644] pci 0000:00:01.3: [8086:7113] type 00 class 0x068000
[    0.405643] pci 0000:00:01.3: quirk: [io  0x0600-0x063f] claimed by PIIX4 ACPI
[    0.406379] pci 0000:00:01.3: quirk: [io  0x0700-0x070f] claimed by PIIX4 SMB
[    0.407918] pci 0000:00:02.0: [1234:1111] type 00 class 0x030000
[    0.410410] pci 0000:00:02.0: reg 0x10: [mem 0xfd000000-0xfdffffff pref]
[    0.412383] pci 0000:00:02.0: reg 0x18: [mem 0xfebf0000-0xfebf0fff]
[    0.415997] pci 0000:00:02.0: reg 0x30: [mem 0xfebe0000-0xfebeffff pref]
[    0.418705] pci 0000:00:03.0: [8086:100e] type 00 class 0x020000
[    0.419910] pci 0000:00:03.0: reg 0x10: [mem 0xfebc0000-0xfebdffff]
[    0.421260] pci 0000:00:03.0: reg 0x14: [io  0xc000-0xc03f]
[    0.425738] pci 0000:00:03.0: reg 0x30: [mem 0xfeb80000-0xfebbffff pref]
[    0.437068] ACPI: PCI Interrupt Link [LNKA] (IRQs 5 *10 11)
[    0.438008] ACPI: PCI Interrupt Link [LNKB] (IRQs 5 *10 11)
[    0.438928] ACPI: PCI Interrupt Link [LNKC] (IRQs 5 10 *11)
[    0.439666] ACPI: PCI Interrupt Link [LNKD] (IRQs 5 10 *11)
[    0.440414] ACPI: PCI Interrupt Link [LNKS] (IRQs *9)
[    0.441809] iommu: Default domain type: Translated 
[    0.441809] pci 0000:00:02.0: vgaarb: setting as boot VGA device
[    0.441809] pci 0000:00:02.0: vgaarb: VGA device added: decodes=io+mem,owns=io+mem,locks=none
[    0.441809] pci 0000:00:02.0: vgaarb: bridge control possible
[    0.442287] vgaarb: loaded
[    0.443903] SCSI subsystem initialized
[    0.447471] ACPI: bus type USB registered
[    0.447939] usbcore: registered new interface driver usbfs
[    0.448501] usbcore: registered new interface driver hub
[    0.449058] usbcore: registered new device driver usb
[    0.449644] pps_core: LinuxPPS API ver. 1 registered
[    0.450135] pps_core: Software ver. 5.3.6 - Copyright 2005-2007 Rodolfo Giometti <giometti@linux.it>
[    0.451336] PTP clock support registered
[    0.451787] EDAC MC: Ver: 3.0.0
[    0.452213] NetLabel: Initializing
[    0.452698] NetLabel:  domain hash size = 128
[    0.452698] NetLabel:  protocols = UNLABELED CIPSOv4 CALIPSO
[    0.452698] NetLabel:  unlabeled traffic allowed by default
[    0.455383] PCI: Using ACPI for IRQ routing
[    0.456166] hpet0: at MMIO 0xfed00000, IRQs 2, 8, 0
[    0.456211] hpet0: 3 comparators, 64-bit 100.000000 MHz counter
[    0.462465] clocksource: Switched to clocksource kvm-clock
[    0.508633] VFS: Disk quotas dquot_6.6.0
[    0.509197] VFS: Dquot-cache hash table entries: 512 (order 0, 4096 bytes)
[    0.510232] pnp: PnP ACPI init
[    0.512162] pnp: PnP ACPI: found 6 devices
[    0.520950] clocksource: acpi_pm: mask: 0xffffff max_cycles: 0xffffff, max_idle_ns: 2085701024 ns
[    0.522163] NET: Registered protocol family 2
[    3.107022] tcp_listen_portaddr_hash hash table entries: 1024 (order: 2, 16384 bytes, linear)
[    3.107908] TCP established hash table entries: 16384 (order: 5, 131072 bytes, linear)
[    3.108828] TCP bind hash table entries: 16384 (order: 6, 262144 bytes, linear)
[    3.109867] TCP: Hash tables configured (established 16384 bind 16384)
[    3.111587] UDP hash table entries: 1024 (order: 3, 32768 bytes, linear)
[    3.112270] UDP-Lite hash table entries: 1024 (order: 3, 32768 bytes, linear)
[    3.113074] NET: Registered protocol family 1
[    3.113982] RPC: Registered named UNIX socket transport module.
[    3.114551] RPC: Registered udp transport module.
[    3.115001] RPC: Registered tcp transport module.
[    3.115586] RPC: Registered tcp NFSv4.1 backchannel transport module.
[    3.116381] pci_bus 0000:00: resource 4 [io  0x0000-0x0cf7 window]
[    3.117125] pci_bus 0000:00: resource 5 [io  0x0d00-0xffff window]
[    3.117876] pci_bus 0000:00: resource 6 [mem 0x000a0000-0x000bffff window]
[    3.118698] pci_bus 0000:00: resource 7 [mem 0x80000000-0xfebfffff window]
[    3.119537] pci_bus 0000:00: resource 8 [mem 0x100000000-0x17fffffff window]
[    3.120598] pci 0000:00:01.0: PIIX3: Enabling Passive Release
[    3.121308] pci 0000:00:00.0: Limiting direct PCI/PCI transfers
[    3.122036] pci 0000:00:01.0: Activating ISA DMA hang workarounds
[    3.122863] pci 0000:00:02.0: Video device with shadowed ROM at [mem 0x000c0000-0x000dffff]
[    3.123908] PCI: CLS 0 bytes, default 64
[    3.124696] clocksource: tsc: mask: 0xffffffffffffffff max_cycles: 0x2cd5a8bb032, max_idle_ns: 440795365915 ns
[    3.126378] check: Scanning for low memory corruption every 60 seconds
[    3.130632] Initialise system trusted keyrings
[    3.131104] Key type blacklist registered
[    3.131590] workingset: timestamp_bits=36 max_order=19 bucket_order=0
[    3.136666] zbud: loaded
[    3.137688] squashfs: version 4.0 (2009/01/31) Phillip Lougher
[    3.138945] NFS: Registering the id_resolver key type
[    3.139428] Key type id_resolver registered
[    3.139822] Key type id_legacy registered
[    3.140238] nfs4filelayout_init: NFSv4 File Layout Driver Registering...
[    3.140842] nfs4flexfilelayout_init: NFSv4 Flexfile Layout Driver Registering...
[    3.141579] fuse: init (API version 7.33)
[    3.142114] SGI XFS with ACLs, security attributes, realtime, quota, no debug enabled
[    3.143548] 9p: Installing v9fs 9p2000 file system support
[    3.152167] Key type asymmetric registered
[    3.152536] Asymmetric key parser 'x509' registered
[    3.152959] Block layer SCSI generic (bsg) driver version 0.4 loaded (major 244)
[    3.153751] io scheduler mq-deadline registered
[    3.154412] io scheduler bfq registered
[    3.155224] shpchp: Standard Hot Plug PCI Controller Driver version: 0.4
[    3.156296] IPMI message handler: version 39.2
[    3.156896] ipmi device interface
[    3.158731] input: Power Button as /devices/LNXSYSTM:00/LNXPWRBN:00/input/input0
[    3.159790] ACPI: button: Power Button [PWRF]
[    3.161313] ERST DBG: ERST support is disabled.
[    3.162014] Serial: 8250/16550 driver, 32 ports, IRQ sharing enabled
[    3.162943] 00:04: ttyS0 at I/O 0x3f8 (irq = 4, base_baud = 115200) is a 16550A
[    3.168250] Linux agpgart interface v0.103
[    3.175271] brd: module loaded
[    3.180978] loop: module loaded
[    3.183453] scsi host0: ata_piix
[    3.184045] scsi host1: ata_piix
[    3.184447] ata1: PATA max MWDMA2 cmd 0x1f0 ctl 0x3f6 bmdma 0xc040 irq 14
[    3.185077] ata2: PATA max MWDMA2 cmd 0x170 ctl 0x376 bmdma 0xc048 irq 15
[    3.187082] libphy: Fixed MDIO Bus: probed
[    3.187687] tun: Universal TUN/TAP device driver, 1.6
[    3.188274] e100: Intel(R) PRO/100 Network Driver
[    3.188713] e100: Copyright(c) 1999-2006 Intel Corporation
[    3.189254] e1000: Intel(R) PRO/1000 Network Driver
[    3.189700] e1000: Copyright (c) 1999-2006 Intel Corporation.
[    3.284850] PCI Interrupt Link [LNKC] enabled at IRQ 11
[    3.343924] ata1.00: ATA-7: QEMU HARDDISK, 2.5+, max UDMA/100
[    3.344454] ata1.00: 16777216 sectors, multi 16: LBA48 
[    3.345686] scsi 0:0:0:0: Direct-Access     ATA      QEMU HARDDISK    2.5+ PQ: 0 ANSI: 5
[    3.346764] scsi 0:0:0:0: Attached scsi generic sg0 type 0
[    3.347530] sd 0:0:0:0: [sda] 16777216 512-byte logical blocks: (8.59 GB/8.00 GiB)
[    3.348247] sd 0:0:0:0: [sda] Write Protect is off
[    3.348717] sd 0:0:0:0: [sda] Write cache: enabled, read cache: enabled, doesn't support DPO or FUA
[    3.350092] ata2.00: ATAPI: QEMU DVD-ROM, 2.5+, max UDMA/100
[    3.351635] scsi 1:0:0:0: CD-ROM            QEMU     QEMU DVD-ROM     2.5+ PQ: 0 ANSI: 5
[    3.354399] scsi 1:0:0:0: Attached scsi generic sg1 type 5
[    3.467469] sd 0:0:0:0: [sda] Attached SCSI disk
[    3.610376] e1000 0000:00:03.0 eth0: (PCI:33MHz:32-bit) 52:54:00:12:34:56
[    3.611041] e1000 0000:00:03.0 eth0: Intel(R) PRO/1000 Network Connection
[    3.611753] e1000e: Intel(R) PRO/1000 Network Driver
[    3.612221] e1000e: Copyright(c) 1999 - 2015 Intel Corporation.
[    3.612826] igb: Intel(R) Gigabit Ethernet Network Driver
[    3.613334] igb: Copyright (c) 2007-2014 Intel Corporation.
[    3.613918] PPP generic driver version 2.4.2
[    3.614537] VFIO - User Level meta-driver version: 0.3
[    3.615062] ehci_hcd: USB 2.0 'Enhanced' Host Controller (EHCI) Driver
[    3.615689] ehci-pci: EHCI PCI platform driver
[    3.616126] ehci-platform: EHCI generic platform driver
[    3.616623] ohci_hcd: USB 1.1 'Open' Host Controller (OHCI) Driver
[    3.617212] ohci-pci: OHCI PCI platform driver
[    3.617642] ohci-platform: OHCI generic platform driver
[    3.618139] uhci_hcd: USB Universal Host Controller Interface driver
[    3.618909] usbcore: registered new interface driver uas
[    3.619463] usbcore: registered new interface driver usb-storage
[    3.620101] i8042: PNP: PS/2 Controller [PNP0303:KBD,PNP0f13:MOU] at 0x60,0x64 irq 1,12
[    3.621439] serio: i8042 KBD port at 0x60,0x64 irq 1
[    3.621907] serio: i8042 AUX port at 0x60,0x64 irq 12
[    3.622665] mousedev: PS/2 mouse device common for all mice
[    3.623708] input: AT Translated Set 2 keyboard as /devices/platform/i8042/serio0/input/input1
[    3.625115] input: VirtualPS/2 VMware VMMouse as /devices/platform/i8042/serio1/input/input4
[    3.626033] rtc_cmos 00:05: RTC can wake from S4
[    3.626751] input: VirtualPS/2 VMware VMMouse as /devices/platform/i8042/serio1/input/input3
[    3.628123] rtc_cmos 00:05: registered as rtc0
[    3.628616] rtc_cmos 00:05: setting system clock to 2022-11-16T06:32:20 UTC (1668580340)
[    3.629484] rtc_cmos 00:05: alarms up to one day, y3k, 242 bytes nvram, hpet irqs
[    3.630207] i2c /dev entries driver
[    3.630636] device-mapper: uevent: version 1.0.3
[    3.631213] device-mapper: ioctl: 4.44.0-ioctl (2021-02-01) initialised: dm-devel@redhat.com
[    3.632038] intel_pstate: CPU model not supported
[    3.632548] sdhci: Secure Digital Host Controller Interface driver
[    3.633134] sdhci: Copyright(c) Pierre Ossman
[    3.633614] sdhci-pltfm: SDHCI platform and OF driver helper
[    3.634186] ledtrig-cpu: registered to indicate activity on CPUs
[    3.634847] drop_monitor: Initializing network drop monitor service
[    3.635855] NET: Registered protocol family 10
[    3.637520] Segment Routing with IPv6
[    3.637957] NET: Registered protocol family 17
[    3.638558] 9pnet: Installing 9P2000 support
[    3.639004] Key type dns_resolver registered
[    3.639935] IPI shorthand broadcast: enabled
[    3.640377] sched_clock: Marking stable (3624532812, 15202170)->(3648353338, -8618356)
[    3.641292] registered taskstats version 1
[    3.641714] Loading compiled-in X.509 certificates
[    3.642232] zswap: loaded using pool lzo/zbud
[    3.642877] Key type ._fscrypt registered
[    3.643346] Key type .fscrypt registered
[    3.643729] Key type fscrypt-provisioning registered
[    3.644570] Key type encrypted registered
[    3.644987] ima: No TPM chip found, activating TPM-bypass!
[    3.645514] ima: Allocated hash algorithm: sha1
[    3.645972] ima: No architecture policies found
[    3.646433] evm: Initialising EVM extended attributes:
[    3.646919] evm: security.selinux
[    3.647236] evm: security.SMACK64
[    3.647587] evm: security.SMACK64EXEC
[    3.647943] evm: security.SMACK64TRANSMUTE
[    3.648333] evm: security.SMACK64MMAP
[    3.648680] evm: security.apparmor
[    3.649003] evm: security.ima
[    3.649294] evm: security.capability
[    3.649632] evm: HMAC attrs: 0x1
[    3.651918] PM:   Magic number: 14:345:519
[    3.652631] RAS: Correctable Errors collector initialized.
[    3.653450] md: Waiting for all devices to be available before autodetect
[    3.654085] md: If you don't use raid, use raid=noautodetect
[    3.654622] md: Autodetecting RAID arrays.
[    3.655012] md: autorun ...
[    3.655283] md: ... autorun DONE.
[    3.658115] EXT4-fs (sda): INFO: recovery required on readonly filesystem
[    3.658774] EXT4-fs (sda): write access will be enabled during recovery
[    3.697987] random: fast init done
[    3.753532] EXT4-fs (sda): recovery complete
[    3.781188] EXT4-fs (sda): mounted filesystem with ordered data mode. Opts: (null). Quota mode: none.
[    3.782161] VFS: Mounted root (ext4 filesystem) readonly on device 8:0.
[    3.783192] devtmpfs: mounted
[    3.790218] Freeing unused decrypted memory: 2036K
[    3.792970] Freeing unused kernel image (initmem) memory: 3052K
[    3.793584] Write protecting the kernel read-only data: 38912k
[    3.796918] Freeing unused kernel image (text/rodata gap) memory: 2028K
[    3.798350] Freeing unused kernel image (rodata/data gap) memory: 936K
[    3.918206] x86/mm: Checked W+X mappings: passed, no W+X pages found.
[    3.918927] Run /sbin/init as init process
[    3.989639] systemd[1]: RTC configured in localtime, applying delta of 0 minutes to system time.
[    4.007164] systemd[1]: systemd 239 (239-49.el8) running in system mode. (+PAM +AUDIT +SELINUX +IMA -APPARMOR +SMACK +SYSVINIT +UTMP +LIBCRYPTSETUP +GCRYPT +GNUTLS +ACL +XZ +LZ4 +SECCOMP +BLKID +ELFUTILS +KMOD +IDN2 -IDN +PCRE2 default-hierarchy=legacy)
[    4.009616] systemd[1]: Detected virtualization kvm.
[    4.010153] systemd[1]: Detected architecture x86-64.

Welcome to [0;31mCentOS Stream 8[0m!

[    4.033660] systemd[1]: Set hostname to <test>.
[    4.163723] random: lvmconfig: uninitialized urandom read (4 bytes read)
[    4.254218] random: systemd: uninitialized urandom read (16 bytes read)
[    4.256134] systemd[1]: Created slice User and Session Slice.
[[0;32m  OK  [0m] Created slice User and Session Slice.
[    4.257675] random: systemd: uninitialized urandom read (16 bytes read)
[    4.258533] systemd[1]: Listening on Device-mapper event daemon FIFOs.
[[0;32m  OK  [0m] Listening on Device-mapper event daemon FIFOs.
[    4.260166] systemd[1]: Reached target Swap.
[[0;32m  OK  [0m] Reached target Swap.
[    4.266410] systemd[1]: Listening on Process Core Dump Socket.
[[0;32m  OK  [0m] Listening on Process Core Dump Socket.
[    4.268148] systemd[1]: Listening on RPCbind Server Activation Socket.
[[0;32m  OK  [0m] Listening on RPCbind Server Activation Socket.
[    4.269859] systemd[1]: Listening on Journal Socket (/dev/log).
[[0;32m  OK  [0m] Listening on Journal Socket (/dev/log).
[[0;32m  OK  [0m] Listening on Journal Socket.
         Starting Load Kernel Modules...
         Starting Remount Root and Kernel File Systems...
         Starting Monitoring of LVM2 mirrorsâ€¦ng dmeventd or progress polling...
         Mounting POSIX Message Queue File System...
         Starting Journal Service...
         Mounting Huge Pages File System...
[[0;32m  OK  [0m] Listening on LVM2 poll daemon socket.
[[0;32m  OK  [0m] Listening on udev Kernel Socket.
[[0;32m  OK  [0m] Listening on multipathd control socket.
[[0;32m  OK  [0m] Created slice system-getty.slice.
[[0;32m  OK  [0m] Created slice system-serial\x2dgetty.slice.
         Starting Setup Virtual Console...
[[0;32m  OK  [0m] Listening on udev Control Socket.
         Starting udev Coldplug all Devices...
[[0;32m  OK  [0m] Set up automount Arbitrary Executabâ€¦rmats File System Automount Point.
[    4.425759] EXT4-fs (sda): re-mounted. Opts: (null). Quota mode: none.
[[0;32m  OK  [0m] Reached target Slices.
[[0;32m  OK  [0m] Created slice system-sshd\x2dkeygen.slice.
         Mounting Kernel Debug File System...
[[0;32m  OK  [0m] Listening on initctl Compatibility Named Pipe.
[[0;32m  OK  [0m] Reached target RPC Port Mapper.
[[0;32m  OK  [0m] Started Forward Password Requests to Wall Directory Watch.
[[0;32m  OK  [0m] Started Journal Service.
[[0;1;31mFAILED[0m] Failed to start Load Kernel Modules.
See 'systemctl status systemd-modules-load.service' for details.
[[0;32m  OK  [0m] Started Remount Root and Kernel File Systems.
[[0;32m  OK  [0m] Started Monitoring of LVM2 mirrors,â€¦sing dmeventd or progress polling.
[[0;32m  OK  [0m] Mounted POSIX Message Queue File System.
[[0;32m  OK  [0m] Mounted Huge Pages File System.
[[0;32m  OK  [0m] Mounted Kernel Debug File System.
         Starting Create Static Device Nodes in /dev...
         Starting Load/Save Random Seed...
         Mounting FUSE Control File System...
         Mounting Kernel Configuration File System...
         Starting Apply Kernel Variables...
         Starting Flush Journal to Persistent Storage...
[[0;32m  OK  [0m] Started Setup Virtual Console.
[[0;32m  OK  [0m] Started Create Static Device Nodes in /dev.
[[0;32m  OK  [0m] Started Load/Save Random Seed.
[[0;32m  OK  [0m] Mounted FUSE Control File System.
[[0;32m  OK  [0m] Mounted Kernel Configuration File System.
         Starting udev Kernel Device Manager...
[[0;32m  OK  [0m] Started Apply Kernel Variables.
[[0;32m  OK  [0m] Started udev Coldplug all Devices.
         Starting udev Wait for Complete Device Initialization...
[[0;32m  OK  [0m] Started Flush Journal to Persistent Storage.
[[0;32m  OK  [0m] Started udev Kernel Device Manager.
         Starting Show Plymouth Boot Screen...
[[0;32m  OK  [0m] Started Show Plymouth Boot Screen.
[[0;32m  OK  [0m] Started Forward Password Requests to Plymouth Directory Watch.
[[0;32m  OK  [0m] Reached target Local Encrypted Volumes.
[[0;32m  OK  [0m] Reached target Paths.
[[0;32m  OK  [0m] Found device /dev/ttyS0.
[[0;32m  OK  [0m] Started udev Wait for Complete Device Initialization.
[[0;32m  OK  [0m] Listening on Load/Save RF Kill Switch Status /dev/rfkill Watch.
[[0;32m  OK  [0m] Reached target Local File Systems (Pre).
[[0;32m  OK  [0m] Reached target Local File Systems.
         Starting Tell Plymouth To Write Out Runtime Data...
         Starting Create Volatile Files and Directories...
         Starting Restore /run/initramfs on shutdown...
[[0;32m  OK  [0m] Started Tell Plymouth To Write Out Runtime Data.
[[0;32m  OK  [0m] Started Restore /run/initramfs on shutdown.
[[0;32m  OK  [0m] Started Create Volatile Files and Directories.
         Starting Security Auditing Service...
         Starting RPC Bind...
         Mounting RPC Pipe File System...
[[0;32m  OK  [0m] Mounted RPC Pipe File System.
[[0;32m  OK  [0m] Reached target rpc_pipefs.target.
[[0;32m  OK  [0m] Started RPC Bind.
[[0;32m  OK  [0m] Started Security Auditing Service.
         Starting Update UTMP about System Boot/Shutdown...
[[0;32m  OK  [0m] Started Update UTMP about System Boot/Shutdown.
[[0;32m  OK  [0m] Reached target System Initialization.
[[0;32m  OK  [0m] Started daily update of the root trust anchor for DNSSEC.
[[0;32m  OK  [0m] Listening on D-Bus System Message Bus Socket.
[[0;32m  OK  [0m] Listening on SSSD Kerberos Cache Manager responder socket.
[[0;32m  OK  [0m] Reached target Sockets.
[[0;32m  OK  [0m] Reached target Basic System.
         Starting Login Service...
         Starting NTP client/server...
         Starting Self Monitoring and Reporting Technology (SMART) Daemon...
[[0;32m  OK  [0m] Started Machine Check Exception Logging Daemon.
[[0;32m  OK  [0m] Started irqbalance daemon.
[[0;32m  OK  [0m] Started Daily Cleanup of Temporary Directories.
         Starting Authorization Manager...
[[0;32m  OK  [0m] Started D-Bus System Message Bus.
         Starting Network Manager...
[[0;32m  OK  [0m] Started dnf makecache --timer.
[[0;32m  OK  [0m] Reached target Timers.
[[0;32m  OK  [0m] Reached target sshd-keygen.target.
         Starting Auto-connect to subsystemsâ€¦-NVME devices found during boot...
[[0;32m  OK  [0m] Started Auto-connect to subsystems â€¦FC-NVME devices found during boot.
[[0;32m  OK  [0m] Started Self Monitoring and Reporting Technology (SMART) Daemon.
[[0;32m  OK  [0m] Started Login Service.
[[0;32m  OK  [0m] Started Network Manager.
         Starting Network Manager Wait Online...
[[0;32m  OK  [0m] Reached target Network.
         Starting Dynamic System Tuning Daemon...
         Starting OpenSSH server daemon...
         Starting GSSAPI Proxy Daemon...
[[0;32m  OK  [0m] Started NTP client/server.
         Starting Hostname Service...
[[0;32m  OK  [0m] Started Authorization Manager.
[[0;32m  OK  [0m] Started Hostname Service.
         Starting Network Manager Script Dispatcher Service...
[    6.351560] e1000: eth0 NIC Link is Up 1000 Mbps Full Duplex, Flow Control: RX
[    6.352859] IPv6: ADDRCONF(NETDEV_CHANGE): eth0: link becomes ready
[[0;32m  OK  [0m] Started Network Manager Script Dispatcher Service.
[[0;32m  OK  [0m] Started Dynamic System Tuning Daemon.
[    7.291369] random: crng init done
[    7.291986] random: 7 urandom warning(s) missed due to ratelimiting
[[0;32m  OK  [0m] Started OpenSSH server daemon.
[[0;32m  OK  [0m] Started GSSAPI Proxy Daemon.
[[0;32m  OK  [0m] Reached target NFS client services.
[[0;32m  OK  [0m] Reached target Remote File Systems (Pre).
[[0;32m  OK  [0m] Reached target Remote File Systems.
         Starting Permit User Sessions...
[[0;32m  OK  [0m] Started Permit User Sessions.
         Starting Hold until boot process finishes up...
[[0;32m  OK  [0m] Started Command Scheduler.
         Starting Terminate Plymouth Boot Screen...

CentOS Stream 8
Kernel 5.12.0-rc3-46ade4740bbf+ on an x86_64

test login: [  300.251440] INFO: task repro:5006 blocked for more than 147 seconds.
[  300.252027]       Not tainted 5.12.0-rc3-46ade4740bbf+ #1
[  300.252494] "echo 0 > /proc/sys/kernel/hung_task_timeout_secs" disables this message.
[  300.253159] task:repro           state:D stack:    0 pid: 5006 ppid:   558 flags:0x00004004
[  300.253889] Call Trace:
[  300.254112]  __schedule+0x3a2/0x820
[  300.254439]  schedule+0x40/0xb0
[  300.254721]  schedule_preempt_disabled+0xe/0x10
[  300.255121]  __mutex_lock.isra.11+0x2de/0x4e0
[  300.255537]  __mutex_lock_slowpath+0x13/0x20
[  300.255917]  mutex_lock+0x2c/0x30
[  300.256215]  __do_sys_perf_event_open+0xb08/0x1910
[  300.256649]  __x64_sys_perf_event_open+0x26/0x30
[  300.257060]  do_syscall_64+0x37/0x50
[  300.257395]  entry_SYSCALL_64_after_hwframe+0x44/0xae
[  300.257850] RIP: 0033:0x7fab9305959d
[  300.258173] RSP: 002b:00007fab92f32e98 EFLAGS: 00000246 ORIG_RAX: 000000000000012a
[  300.258830] RAX: ffffffffffffffda RBX: 0000000000000000 RCX: 00007fab9305959d
[  300.259458] RDX: 0000000000000000 RSI: 00000000ffffffff RDI: 0000000020000080
[  300.260076] RBP: 00007fab92f32ec0 R08: 0000000000000000 R09: 0000000000000000
[  300.260692] R10: 0000000000000003 R11: 0000000000000246 R12: 00007ffdc96deb4e
[  300.261317] R13: 00007ffdc96deb4f R14: 00007ffdc96debe0 R15: 00007fab92f33700
[  300.261932] INFO: task repro:5022 blocked for more than 147 seconds.
[  300.262480]       Not tainted 5.12.0-rc3-46ade4740bbf+ #1
[  300.262948] "echo 0 > /proc/sys/kernel/hung_task_timeout_secs" disables this message.
[  300.263627] task:repro           state:D stack:    0 pid: 5022 ppid:   555 flags:0x00004004
[  300.264350] Call Trace:
[  300.264570]  __schedule+0x3a2/0x820
[  300.264884]  schedule+0x40/0xb0
[  300.265166]  schedule_preempt_disabled+0xe/0x10
[  300.265575]  __mutex_lock.isra.11+0x2de/0x4e0
[  300.265967]  __mutex_lock_slowpath+0x13/0x20
[  300.266347]  mutex_lock+0x2c/0x30
[  300.266640]  perf_event_ctx_lock_nested.isra.99+0xca/0x190
[  300.267111]  perf_try_init_event+0x188/0x270
[  300.267494]  perf_event_alloc+0xd94/0x17f0
[  300.267854]  ? __sanitizer_cov_trace_pc+0x21/0x50
[  300.268270]  __do_sys_perf_event_open+0x3be/0x1910
[  300.268690]  ? write_comp_data+0x2f/0x90
[  300.269045]  __x64_sys_perf_event_open+0x26/0x30
[  300.269471]  do_syscall_64+0x37/0x50
[  300.269796]  entry_SYSCALL_64_after_hwframe+0x44/0xae
[  300.270243] RIP: 0033:0x7fab9305959d
[  300.270564] RSP: 002b:00007fab92f11e98 EFLAGS: 00000246 ORIG_RAX: 000000000000012a
[  300.271218] RAX: ffffffffffffffda RBX: 0000000000000000 RCX: 00007fab9305959d
[  300.271853] RDX: 0000000000000000 RSI: 00000000ffffffff RDI: 0000000020000000
[  300.272469] RBP: 00007fab92f11ec0 R08: 0000000000000000 R09: 0000000000000000
[  300.273086] R10: 0000000000000003 R11: 0000000000000246 R12: 00007ffdc96deb4e
[  300.273711] R13: 00007ffdc96deb4f R14: 00007ffdc96debe0 R15: 00007fab92f12700
[  300.274327] INFO: task repro:5021 blocked for more than 147 seconds.
[  300.274873]       Not tainted 5.12.0-rc3-46ade4740bbf+ #1
[  300.275352] "echo 0 > /proc/sys/kernel/hung_task_timeout_secs" disables this message.
[  300.276036] task:repro           state:D stack:    0 pid: 5021 ppid:   556 flags:0x00004002
[  300.276756] Call Trace:
[  300.276976]  __schedule+0x3a2/0x820
[  300.277295]  ? write_comp_data+0x2f/0x90
[  300.277649]  schedule+0x40/0xb0
[  300.277934]  schedule_preempt_disabled+0xe/0x10
[  300.278337]  __mutex_lock.isra.11+0x2de/0x4e0
[  300.278725]  __mutex_lock_slowpath+0x13/0x20
[  300.279106]  mutex_lock+0x2c/0x30
[  300.279415]  perf_event_ctx_lock_nested.isra.99+0xca/0x190
[  300.279905]  perf_event_release_kernel+0x6e/0x370
[  300.280324]  ? __sanitizer_cov_trace_pc+0x21/0x50
[  300.280744]  ? perf_event_release_kernel+0x370/0x370
[  300.281188]  perf_release+0x19/0x20
[  300.281511]  __fput+0x110/0x400
[  300.281804]  ____fput+0x1a/0x20
[  300.282091]  task_work_run+0x94/0xe0
[  300.282430]  do_exit+0x535/0x1110
[  300.282733]  ? write_comp_data+0x2f/0x90
[  300.283086]  ? write_comp_data+0x2f/0x90
[  300.283449]  ? write_comp_data+0x2f/0x90
[  300.283812]  do_group_exit+0x78/0x120
[  300.284141]  get_signal+0x218/0xd20
[  300.284458]  ? do_futex+0x160/0x1160
[  300.284782]  ? fd_install+0x6e/0xd0
[  300.285100]  arch_do_signal_or_restart+0xb8/0x760
[  300.285540]  ? __sanitizer_cov_trace_pc+0x21/0x50
[  300.285960]  ? write_comp_data+0x2f/0x90
[  300.286312]  ? __sanitizer_cov_trace_pc+0x21/0x50
[  300.286731]  ? __audit_syscall_exit+0x29d/0x3d0
[  300.287135]  exit_to_user_mode_prepare+0xed/0x170
[  300.287565]  syscall_exit_to_user_mode+0x1c/0x30
[  300.287985]  do_syscall_64+0x43/0x50
[  300.288310]  entry_SYSCALL_64_after_hwframe+0x44/0xae
[  300.288759] RIP: 0033:0x7fab9305959d
[  300.289080] RSP: 002b:00007fab92f11ea8 EFLAGS: 00000246 ORIG_RAX: 00000000000000ca
[  300.289755] RAX: fffffffffffffe00 RBX: 0000000000000000 RCX: 00007fab9305959d
[  300.290374] RDX: 0000000000000000 RSI: 0000000000000080 RDI: 0000000000405158
[  300.290983] RBP: 00007fab92f11ec0 R08: 0000000000000000 R09: 0000000000000000
[  300.291597] R10: 0000000000000000 R11: 0000000000000246 R12: 00007ffdc96deb4e
[  300.292208] R13: 00007ffdc96deb4f R14: 00007ffdc96debe0 R15: 00007fab92f12700
[  300.292818] INFO: task repro:5019 blocked for more than 147 seconds.
[  300.293368]       Not tainted 5.12.0-rc3-46ade4740bbf+ #1
[  300.293831] "echo 0 > /proc/sys/kernel/hung_task_timeout_secs" disables this message.
[  300.294489] task:repro           state:D stack:    0 pid: 5019 ppid:   560 flags:0x00004002
[  300.295183] Call Trace:
[  300.295404]  __schedule+0x3a2/0x820
[  300.295710]  ? write_comp_data+0x2f/0x90
[  300.296051]  schedule+0x40/0xb0
[  300.296325]  schedule_preempt_disabled+0xe/0x10
[  300.296704]  __mutex_lock.isra.11+0x2de/0x4e0
[  300.297070]  ? write_comp_data+0x2f/0x90
[  300.297414]  __mutex_lock_slowpath+0x13/0x20
[  300.297773]  mutex_lock+0x2c/0x30
[  300.298056]  perf_event_ctx_lock_nested.isra.99+0xca/0x190
[  300.298509]  perf_event_release_kernel+0x6e/0x370
[  300.298902]  ? __sanitizer_cov_trace_pc+0x21/0x50
[  300.299302]  ? perf_event_release_kernel+0x370/0x370
[  300.299735]  perf_release+0x19/0x20
[  300.300038]  __fput+0x110/0x400
[  300.300318]  ____fput+0x1a/0x20
[  300.300588]  task_work_run+0x94/0xe0
[  300.300895]  do_exit+0x535/0x1110
[  300.301176]  ? write_comp_data+0x2f/0x90
[  300.301529]  ? write_comp_data+0x2f/0x90
[  300.301859]  ? write_comp_data+0x2f/0x90
[  300.302190]  do_group_exit+0x78/0x120
[  300.302498]  get_signal+0x218/0xd20
[  300.302793]  ? do_futex+0x160/0x1160
[  300.303104]  ? fd_install+0x6e/0xd0
[  300.303409]  arch_do_signal_or_restart+0xb8/0x760
[  300.303814]  ? __sanitizer_cov_trace_pc+0x21/0x50
[  300.304210]  ? write_comp_data+0x2f/0x90
[  300.304538]  ? __sanitizer_cov_trace_pc+0x21/0x50
[  300.304927]  ? __audit_syscall_exit+0x29d/0x3d0
[  300.305315]  exit_to_user_mode_prepare+0xed/0x170
[  300.305722]  syscall_exit_to_user_mode+0x1c/0x30
[  300.306122]  do_syscall_64+0x43/0x50
[  300.306437]  entry_SYSCALL_64_after_hwframe+0x44/0xae
[  300.306877] RIP: 0033:0x7fab9305959d
[  300.307188] RSP: 002b:00007fab92f11ea8 EFLAGS: 00000246 ORIG_RAX: 00000000000000ca
[  300.307822] RAX: fffffffffffffe00 RBX: 0000000000000000 RCX: 00007fab9305959d
[  300.308420] RDX: 0000000000000000 RSI: 0000000000000080 RDI: 0000000000405158
[  300.309004] RBP: 00007fab92f11ec0 R08: 0000000000000000 R09: 0000000000000000
[  300.309593] R10: 0000000000000000 R11: 0000000000000246 R12: 00007ffdc96deb4e
[  300.310169] R13: 00007ffdc96deb4f R14: 00007ffdc96debe0 R15: 00007fab92f12700
[  300.310751] INFO: task repro:5017 blocked for more than 147 seconds.
[  300.311269]       Not tainted 5.12.0-rc3-46ade4740bbf+ #1
[  300.311728] "echo 0 > /proc/sys/kernel/hung_task_timeout_secs" disables this message.
[  300.312376] task:repro           state:D stack:    0 pid: 5017 ppid:   550 flags:0x00004002
[  300.313050] Call Trace:
[  300.313265]  __schedule+0x3a2/0x820
[  300.313565]  ? write_comp_data+0x2f/0x90
[  300.313902]  schedule+0x40/0xb0
[  300.314172]  schedule_preempt_disabled+0xe/0x10
[  300.314555]  __mutex_lock.isra.11+0x2de/0x4e0
[  300.314937]  __mutex_lock_slowpath+0x13/0x20
[  300.315322]  mutex_lock+0x2c/0x30
[  300.315622]  perf_event_ctx_lock_nested.isra.99+0xca/0x190
[  300.316082]  perf_event_release_kernel+0x6e/0x370
[  300.316474]  ? __sanitizer_cov_trace_pc+0x21/0x50
[  300.316867]  ? perf_event_release_kernel+0x370/0x370
[  300.317295]  perf_release+0x19/0x20
[  300.317592]  __fput+0x110/0x400
[  300.317865]  ____fput+0x1a/0x20
[  300.318155]  task_work_run+0x94/0xe0
[  300.318461]  do_exit+0x535/0x1110
[  300.318742]  ? wake_up_q+0x69/0xa0
[  300.319039]  ? write_comp_data+0x2f/0x90
[  300.319385]  ? write_comp_data+0x2f/0x90
[  300.319723]  do_group_exit+0x78/0x120
[  300.320039]  get_signal+0x218/0xd20
[  300.320341]  ? do_futex+0x160/0x1160
[  300.320654]  ? fd_install+0x6e/0xd0
[  300.320966]  arch_do_signal_or_restart+0xb8/0x760
[  300.321390]  ? __sanitizer_cov_trace_pc+0x21/0x50
[  300.321807]  ? write_comp_data+0x2f/0x90
[  300.322158]  ? __sanitizer_cov_trace_pc+0x21/0x50
[  300.322575]  ? __audit_syscall_exit+0x29d/0x3d0
[  300.322978]  exit_to_user_mode_prepare+0xed/0x170
[  300.323391]  syscall_exit_to_user_mode+0x1c/0x30
[  300.323784]  do_syscall_64+0x43/0x50
[  300.324095]  entry_SYSCALL_64_after_hwframe+0x44/0xae
[  300.324522] RIP: 0033:0x7fab9305959d
[  300.324825] RSP: 002b:00007fab92f32ea8 EFLAGS: 00000246 ORIG_RAX: 00000000000000ca
[  300.325480] RAX: fffffffffffffe00 RBX: 0000000000000000 RCX: 00007fab9305959d
[  300.326094] RDX: 0000000000000000 RSI: 0000000000000080 RDI: 0000000000405148
[  300.326706] RBP: 00007fab92f32ec0 R08: 0000000000000000 R09: 0000000000000000
[  300.327314] R10: 0000000000000000 R11: 0000000000000246 R12: 00007ffdc96deb4e
[  300.327921] R13: 00007ffdc96deb4f R14: 00007ffdc96debe0 R15: 00007fab92f33700
[  300.328529] INFO: task repro:5018 blocked for more than 147 seconds.
[  300.329072]       Not tainted 5.12.0-rc3-46ade4740bbf+ #1
[  300.329539] "echo 0 > /proc/sys/kernel/hung_task_timeout_secs" disables this message.
[  300.330196] task:repro           state:D stack:    0 pid: 5018 ppid:   553 flags:0x00004004
[  300.330906] Call Trace:
[  300.331123]  __schedule+0x3a2/0x820
[  300.331443]  schedule+0x40/0xb0
[  300.331725]  schedule_preempt_disabled+0xe/0x10
[  300.332119]  __mutex_lock.isra.11+0x2de/0x4e0
[  300.332500]  ? __anon_inode_getfile+0xc4/0x250
[  300.332888]  __mutex_lock_slowpath+0x13/0x20
[  300.333268]  mutex_lock+0x2c/0x30
[  300.333562]  __do_sys_perf_event_open+0xb08/0x1910
[  300.333983]  __x64_sys_perf_event_open+0x26/0x30
[  300.334385]  do_syscall_64+0x37/0x50
[  300.334701]  entry_SYSCALL_64_after_hwframe+0x44/0xae
[  300.335138] RIP: 0033:0x7fab9305959d
[  300.335459] RSP: 002b:00007fab92f32e98 EFLAGS: 00000246 ORIG_RAX: 000000000000012a
[  300.336106] RAX: ffffffffffffffda RBX: 0000000000000000 RCX: 00007fab9305959d
[  300.336707] RDX: 0000000000000000 RSI: 00000000ffffffff RDI: 0000000020000080
[  300.337312] RBP: 00007fab92f32ec0 R08: 0000000000000000 R09: 0000000000000000
[  300.337915] R10: 0000000000000003 R11: 0000000000000246 R12: 00007ffdc96deb4e
[  300.338522] R13: 00007ffdc96deb4f R14: 00007ffdc96debe0 R15: 00007fab92f33700
[  300.339135] INFO: task repro:5027 blocked for more than 147 seconds.
[  300.339699]       Not tainted 5.12.0-rc3-46ade4740bbf+ #1
[  300.340175] "echo 0 > /proc/sys/kernel/hung_task_timeout_secs" disables this message.
[  300.340849] task:repro           state:D stack:    0 pid: 5027 ppid:   553 flags:0x00000004
[  300.341578] Call Trace:
[  300.341801]  __schedule+0x3a2/0x820
[  300.342116]  schedule+0x40/0xb0
[  300.342401]  schedule_preempt_disabled+0xe/0x10
[  300.342803]  __mutex_lock.isra.11+0x2de/0x4e0
[  300.343192]  __mutex_lock_slowpath+0x13/0x20
[  300.343584]  mutex_lock+0x2c/0x30
[  300.343888]  perf_event_ctx_lock_nested.isra.99+0xca/0x190
[  300.344375]  perf_try_init_event+0x188/0x270
[  300.344757]  perf_event_alloc+0xd94/0x17f0
[  300.345124]  ? __sanitizer_cov_trace_pc+0x21/0x50
[  300.345553]  __do_sys_perf_event_open+0x3be/0x1910
[  300.345981]  ? write_comp_data+0x2f/0x90
[  300.346338]  __x64_sys_perf_event_open+0x26/0x30
[  300.346754]  do_syscall_64+0x37/0x50
[  300.347080]  entry_SYSCALL_64_after_hwframe+0x44/0xae
[  300.347543] RIP: 0033:0x7fab9305959d
[  300.347870] RSP: 002b:00007fab92f11e98 EFLAGS: 00000246 ORIG_RAX: 000000000000012a
[  300.348532] RAX: ffffffffffffffda RBX: 0000000000000000 RCX: 00007fab9305959d
[  300.349154] RDX: 0000000000000000 RSI: 00000000ffffffff RDI: 0000000020000000
[  300.349786] RBP: 00007fab92f11ec0 R08: 0000000000000000 R09: 0000000000000000
[  300.350409] R10: 0000000000000003 R11: 0000000000000246 R12: 00007ffdc96deb4e
[  300.351032] R13: 00007ffdc96deb4f R14: 00007ffdc96debe0 R15: 00007fab92f12700
[  300.351667] INFO: task repro:5025 blocked for more than 147 seconds.
[  300.352229]       Not tainted 5.12.0-rc3-46ade4740bbf+ #1
[  300.352704] "echo 0 > /proc/sys/kernel/hung_task_timeout_secs" disables this message.
[  300.353398] task:repro           state:D stack:    0 pid: 5025 ppid:   554 flags:0x00004004
[  300.354134] Call Trace:
[  300.354361]  __schedule+0x3a2/0x820
[  300.354679]  schedule+0x40/0xb0
[  300.354973]  schedule_preempt_disabled+0xe/0x10
[  300.355392]  __mutex_lock.isra.11+0x2de/0x4e0
[  300.355785]  __mutex_lock_slowpath+0x13/0x20
[  300.356166]  mutex_lock+0x2c/0x30
[  300.356467]  __do_sys_perf_event_open+0x104a/0x1910
[  300.356904]  __x64_sys_perf_event_open+0x26/0x30
[  300.357324]  do_syscall_64+0x37/0x50
[  300.357651]  entry_SYSCALL_64_after_hwframe+0x44/0xae
[  300.358100] RIP: 0033:0x7fab9305959d
[  300.358422] RSP: 002b:00007fab92f32e98 EFLAGS: 00000246 ORIG_RAX: 000000000000012a
[  300.359083] RAX: ffffffffffffffda RBX: 0000000000000000 RCX: 00007fab9305959d
[  300.359709] RDX: 0000000000000000 RSI: 00000000ffffffff RDI: 0000000020000000
[  300.360332] RBP: 00007fab92f32ec0 R08: 0000000000000000 R09: 0000000000000000
[  300.360948] R10: 00000000ffffffff R11: 0000000000000246 R12: 00007ffdc96deb4e
[  300.361572] R13: 00007ffdc96deb4f R14: 00007ffdc96debe0 R15: 00007fab92f33700
[  300.362195] INFO: task repro:5028 blocked for more than 147 seconds.
[  300.362751]       Not tainted 5.12.0-rc3-46ade4740bbf+ #1
[  300.363223] "echo 0 > /proc/sys/kernel/hung_task_timeout_secs" disables this message.
[  300.363904] task:repro           state:D stack:    0 pid: 5028 ppid:   554 flags:0x00000004
[  300.364640] Call Trace:
[  300.364862]  __schedule+0x3a2/0x820
[  300.365179]  schedule+0x40/0xb0
[  300.365475]  schedule_preempt_disabled+0xe/0x10
[  300.365880]  __mutex_lock.isra.11+0x2de/0x4e0
[  300.366271]  ? __anon_inode_getfile+0xc4/0x250
[  300.366669]  __mutex_lock_slowpath+0x13/0x20
[  300.367055]  mutex_lock+0x2c/0x30
[  300.367369]  __do_sys_perf_event_open+0x104a/0x1910
[  300.367806]  __x64_sys_perf_event_open+0x26/0x30
[  300.368229]  do_syscall_64+0x37/0x50
[  300.368556]  entry_SYSCALL_64_after_hwframe+0x44/0xae
[  300.369004] RIP: 0033:0x7fab9305959d
[  300.369331] RSP: 002b:00007fab92f11e98 EFLAGS: 00000246 ORIG_RAX: 000000000000012a
[  300.369989] RAX: ffffffffffffffda RBX: 0000000000000000 RCX: 00007fab9305959d
[  300.370607] RDX: 0000000000000000 RSI: 00000000ffffffff RDI: 0000000020000080
[  300.371226] RBP: 00007fab92f11ec0 R08: 0000000000000000 R09: 0000000000000000
[  300.371854] R10: ffffffffffffffff R11: 0000000000000246 R12: 00007ffdc96deb4e
[  300.372487] R13: 00007ffdc96deb4f R14: 00007ffdc96debe0 R15: 00007fab92f12700
[  300.373114] INFO: task repro:5030 blocked for more than 147 seconds.
[  300.373675]       Not tainted 5.12.0-rc3-46ade4740bbf+ #1
[  300.374158] "echo 0 > /proc/sys/kernel/hung_task_timeout_secs" disables this message.
[  300.374838] task:repro           state:D stack:    0 pid: 5030 ppid:   554 flags:0x00000004
[  300.375574] Call Trace:
[  300.375798]  __schedule+0x3a2/0x820
[  300.376116]  schedule+0x40/0xb0
[  300.376402]  schedule_preempt_disabled+0xe/0x10
[  300.376807]  __mutex_lock.isra.11+0x2de/0x4e0
[  300.377206]  ? __anon_inode_getfile+0xc4/0x250
[  300.377601]  __mutex_lock_slowpath+0x13/0x20
[  300.377982]  mutex_lock+0x2c/0x30
[  300.378281]  __do_sys_perf_event_open+0x104a/0x1910
[  300.378721]  __x64_sys_perf_event_open+0x26/0x30
[  300.379132]  do_syscall_64+0x37/0x50
[  300.379466]  entry_SYSCALL_64_after_hwframe+0x44/0xae
[  300.379926] RIP: 0033:0x7fab9305959d
[  300.380245] RSP: 002b:00007fab92ef0e98 EFLAGS: 00000246 ORIG_RAX: 000000000000012a
[  300.380903] RAX: ffffffffffffffda RBX: 0000000000000000 RCX: 00007fab9305959d
[  300.381646] RDX: 0000000000000000 RSI: 00000000ffffffff RDI: 0000000020000000
[  300.382252] RBP: 00007fab92ef0ec0 R08: 0000000000000000 R09: 0000000000000000
[  300.382854] R10: ffffffffffffffff R11: 0000000000000246 R12: 00007ffdc96deb4e
[  300.383478] R13: 00007ffdc96deb4f R14: 00007ffdc96debe0 R15: 00007fab92ef1700
