c[?7l[2J[0mSeaBIOS (version rel-1.16.0-0-gd239552ce722-prebuilt.qemu.org)


iPXE (http://ipxe.org) 00:03.0 CA00 PCI2.10 PnP PMM+7FF91000+7FEF1000 CA00
Press Ctrl-B to configure iPXE (PCI 00:03.0)...                                                                               


Booting from ROM..c[?7l[2J[    0.000000] Linux version 5.16.0-rc5-4817c37d71b5+ (root@p-tglh01.sh.intel.com) (gcc (GCC) 8.5.0 20210514 (Red Hat 8.5.0-17), GNU ld version 2.36.1-2.el8) #1 SMP PREEMPT Wed Nov 9 18:32:32 CST 2022
[    0.000000] Command line: console=ttyS0 root=/dev/sda earlyprintk=serial net.ifnames=0
[    0.000000] KERNEL supported cpus:
[    0.000000]   Intel GenuineIntel
[    0.000000]   AMD AuthenticAMD
[    0.000000]   Hygon HygonGenuine
[    0.000000]   Centaur CentaurHauls
[    0.000000]   zhaoxin   Shanghai  
[    0.000000] x86/fpu: Supporting XSAVE feature 0x001: 'x87 floating point registers'
[    0.000000] x86/fpu: Supporting XSAVE feature 0x002: 'SSE registers'
[    0.000000] x86/fpu: Supporting XSAVE feature 0x004: 'AVX registers'
[    0.000000] x86/fpu: Supporting XSAVE feature 0x020: 'AVX-512 opmask'
[    0.000000] x86/fpu: Supporting XSAVE feature 0x040: 'AVX-512 Hi256'
[    0.000000] x86/fpu: Supporting XSAVE feature 0x080: 'AVX-512 ZMM_Hi256'
[    0.000000] x86/fpu: Supporting XSAVE feature 0x200: 'Protection Keys User registers'
[    0.000000] x86/fpu: xstate_offset[2]:  576, xstate_sizes[2]:  256
[    0.000000] x86/fpu: xstate_offset[5]:  832, xstate_sizes[5]:   64
[    0.000000] x86/fpu: xstate_offset[6]:  896, xstate_sizes[6]:  512
[    0.000000] x86/fpu: xstate_offset[7]: 1408, xstate_sizes[7]: 1024
[    0.000000] x86/fpu: xstate_offset[9]: 2432, xstate_sizes[9]:    8
[    0.000000] x86/fpu: Enabled xstate features 0x2e7, context size is 2440 bytes, using 'compacted' format.
[    0.000000] signal: max sigframe size: 3632
[    0.000000] printk: bootconsole [earlyser0] enabled
[    0.000000] BIOS-provided physical RAM map:
[    0.000000] BIOS-e820: [mem 0x0000000000000000-0x000000000009fbff] usable
[    0.000000] BIOS-e820: [mem 0x000000000009fc00-0x000000000009ffff] reserved
[    0.000000] BIOS-e820: [mem 0x00000000000f0000-0x00000000000fffff] reserved
[    0.000000] BIOS-e820: [mem 0x0000000000100000-0x000000007ffdffff] usable
[    0.000000] BIOS-e820: [mem 0x000000007ffe0000-0x000000007fffffff] reserved
[    0.000000] BIOS-e820: [mem 0x00000000feffc000-0x00000000feffffff] reserved
[    0.000000] BIOS-e820: [mem 0x00000000fffc0000-0x00000000ffffffff] reserved
[    0.000000] NX (Execute Disable) protection: active
[    0.000000] SMBIOS 2.8 present.
[    0.000000] DMI: QEMU Standard PC (i440FX + PIIX, 1996), BIOS rel-1.16.0-0-gd239552ce722-prebuilt.qemu.org 04/01/2014
[    0.000000] Hypervisor detected: KVM
[    0.000000] kvm-clock: Using msrs 4b564d01 and 4b564d00
[    0.000000] kvm-clock: cpu 0, msr 4601001, primary cpu clock
[    0.000002] kvm-clock: using sched offset of 286757932 cycles
[    0.000506] clocksource: kvm-clock: mask: 0xffffffffffffffff max_cycles: 0x1cd42e4dffb, max_idle_ns: 881590591483 ns
[    0.001980] tsc: Detected 3110.400 MHz processor
[    0.008468] last_pfn = 0x7ffe0 max_arch_pfn = 0x400000000
[    0.008994] x86/PAT: Configuration [0-7]: WB  WC  UC- UC  WB  WP  UC- WT  
[    0.015892] found SMP MP-table at [mem 0x000f5ba0-0x000f5baf]
[    0.016447] Using GB pages for direct mapping
[    0.017679] ACPI: Early table checksum verification disabled
[    0.018178] ACPI: RSDP 0x00000000000F59C0 000014 (v00 BOCHS )
[    0.018694] ACPI: RSDT 0x000000007FFE1951 000034 (v01 BOCHS  BXPC     00000001 BXPC 00000001)
[    0.019442] ACPI: FACP 0x000000007FFE17FD 000074 (v01 BOCHS  BXPC     00000001 BXPC 00000001)
[    0.020186] ACPI: DSDT 0x000000007FFE0040 0017BD (v01 BOCHS  BXPC     00000001 BXPC 00000001)
[    0.020933] ACPI: FACS 0x000000007FFE0000 000040
[    0.021345] ACPI: APIC 0x000000007FFE1871 000080 (v01 BOCHS  BXPC     00000001 BXPC 00000001)
[    0.022083] ACPI: HPET 0x000000007FFE18F1 000038 (v01 BOCHS  BXPC     00000001 BXPC 00000001)
[    0.022822] ACPI: WAET 0x000000007FFE1929 000028 (v01 BOCHS  BXPC     00000001 BXPC 00000001)
[    0.023561] ACPI: Reserving FACP table memory at [mem 0x7ffe17fd-0x7ffe1870]
[    0.024163] ACPI: Reserving DSDT table memory at [mem 0x7ffe0040-0x7ffe17fc]
[    0.024776] ACPI: Reserving FACS table memory at [mem 0x7ffe0000-0x7ffe003f]
[    0.025390] ACPI: Reserving APIC table memory at [mem 0x7ffe1871-0x7ffe18f0]
[    0.025994] ACPI: Reserving HPET table memory at [mem 0x7ffe18f1-0x7ffe1928]
[    0.026598] ACPI: Reserving WAET table memory at [mem 0x7ffe1929-0x7ffe1950]
[    0.027935] No NUMA configuration found
[    0.028286] Faking a node at [mem 0x0000000000000000-0x000000007ffdffff]
[    0.028952] NODE_DATA(0) allocated [mem 0x7ffb5000-0x7ffdffff]
[    0.032652] Zone ranges:
[    0.032881]   DMA      [mem 0x0000000000001000-0x0000000000ffffff]
[    0.033434]   DMA32    [mem 0x0000000001000000-0x000000007ffdffff]
[    0.033980]   Normal   empty
[    0.034237]   Device   empty
[    0.034493] Movable zone start for each node
[    0.034872] Early memory node ranges
[    0.035186]   node   0: [mem 0x0000000000001000-0x000000000009efff]
[    0.035739]   node   0: [mem 0x0000000000100000-0x000000007ffdffff]
[    0.036291] Initmem setup node 0 [mem 0x0000000000001000-0x000000007ffdffff]
[    0.037078] On node 0, zone DMA: 1 pages in unavailable ranges
[    0.037095] On node 0, zone DMA: 97 pages in unavailable ranges
[    0.041173] On node 0, zone DMA32: 32 pages in unavailable ranges
[    0.041971] ACPI: PM-Timer IO Port: 0x608
[    0.042851] ACPI: LAPIC_NMI (acpi_id[0xff] dfl dfl lint[0x1])
[    0.043373] IOAPIC[0]: apic_id 0, version 17, address 0xfec00000, GSI 0-23
[    0.043976] ACPI: INT_SRC_OVR (bus 0 bus_irq 0 global_irq 2 dfl dfl)
[    0.044523] ACPI: INT_SRC_OVR (bus 0 bus_irq 5 global_irq 5 high level)
[    0.045115] ACPI: INT_SRC_OVR (bus 0 bus_irq 9 global_irq 9 high level)
[    0.045727] ACPI: INT_SRC_OVR (bus 0 bus_irq 10 global_irq 10 high level)
[    0.046309] ACPI: INT_SRC_OVR (bus 0 bus_irq 11 global_irq 11 high level)
[    0.046903] ACPI: Using ACPI (MADT) for SMP configuration information
[    0.047467] ACPI: HPET id: 0x8086a201 base: 0xfed00000
[    0.047917] TSC deadline timer available
[    0.048254] smpboot: Allowing 2 CPUs, 0 hotplug CPUs
[    0.048705] kvm-guest: KVM setup pv remote TLB flush
[    0.049135] kvm-guest: setup PV sched yield
[    0.049541] PM: hibernation: Registered nosave memory: [mem 0x00000000-0x00000fff]
[    0.050231] PM: hibernation: Registered nosave memory: [mem 0x0009f000-0x0009ffff]
[    0.050911] PM: hibernation: Registered nosave memory: [mem 0x000a0000-0x000effff]
[    0.051591] PM: hibernation: Registered nosave memory: [mem 0x000f0000-0x000fffff]
[    0.052277] [mem 0x80000000-0xfeffbfff] available for PCI devices
[    0.052826] Booting paravirtualized kernel on KVM
[    0.053255] clocksource: refined-jiffies: mask: 0xffffffff max_cycles: 0xffffffff, max_idle_ns: 7645519600211568 ns
[    0.054158] setup_percpu: NR_CPUS:8192 nr_cpumask_bits:2 nr_cpu_ids:2 nr_node_ids:1
[    0.055066] percpu: Embedded 61 pages/cpu s212992 r8192 d28672 u1048576
[    0.055857] kvm-guest: setup async PF for cpu 0
[    0.056260] kvm-guest: stealtime: cpu 0, msr 7dc33080
[    0.056707] kvm-guest: PV spinlocks enabled
[    0.057077] PV qspinlock hash table entries: 256 (order: 0, 4096 bytes, linear)
[    0.057725] Fallback order for Node 0: 0 
[    0.058099] Built 1 zonelists, mobility grouping on.  Total pages: 515808
[    0.058716] Policy zone: DMA32
[    0.058995] Kernel command line: net.ifnames=0 console=ttyS0 root=/dev/sda earlyprintk=serial net.ifnames=0
[    0.060359] Dentry cache hash table entries: 262144 (order: 9, 2097152 bytes, linear)
[    0.061124] Inode-cache hash table entries: 131072 (order: 8, 1048576 bytes, linear)
[    0.061927] mem auto-init: stack:off, heap alloc:off, heap free:off
[    0.065474] Memory: 2001792K/2096632K available (28689K kernel code, 4386K rwdata, 7552K rodata, 3136K init, 10720K bss, 94584K reserved, 0K cma-reserved)
[    0.066711] random: get_random_u64 called from __kmem_cache_create+0x2f/0x480 with crng_init=0
[    0.067139] SLUB: HWalign=64, Order=0-3, MinObjects=0, CPUs=2, Nodes=1
[    0.068411] kmemleak: Kernel memory leak detector disabled
[    0.068877] ftrace: allocating 64768 entries in 254 pages
[    0.148393] ftrace: allocated 253 pages with 7 groups
[    0.150028] Dynamic Preempt: voluntary
[    0.150385] rcu: Preemptible hierarchical RCU implementation.
[    0.150847] rcu: 	RCU restricting CPUs from NR_CPUS=8192 to nr_cpu_ids=2.
[    0.151391] 	Trampoline variant of Tasks RCU enabled.
[    0.151793] 	Rude variant of Tasks RCU enabled.
[    0.152154] 	Tracing variant of Tasks RCU enabled.
[    0.152536] rcu: RCU calculated value of scheduler-enlistment delay is 25 jiffies.
[    0.153140] rcu: Adjusting geometry for rcu_fanout_leaf=16, nr_cpu_ids=2
[    0.173637] NR_IRQS: 524544, nr_irqs: 440, preallocated irqs: 16
[    0.181843] Console: colour VGA+ 80x25
[    0.182192] printk: console [ttyS0] enabled
[    0.182192] printk: console [ttyS0] enabled
[    0.182909] printk: bootconsole [earlyser0] disabled
[    0.182909] printk: bootconsole [earlyser0] disabled
[    0.183750] ACPI: Core revision 20210930
[    0.184241] clocksource: hpet: mask: 0xffffffff max_cycles: 0xffffffff, max_idle_ns: 19112604467 ns
[    0.185109] APIC: Switch to symmetric I/O mode setup
[    0.185703] x2apic enabled
[    0.186120] Switched APIC routing to physical x2apic.
[    0.186563] kvm-guest: setup PV IPIs
[    0.187723] ..TIMER: vector=0x30 apic1=0 pin1=2 apic2=-1 pin2=-1
[    0.188286] clocksource: tsc-early: mask: 0xffffffffffffffff max_cycles: 0x2cd5a8bb032, max_idle_ns: 440795365915 ns
[    0.189211] Calibrating delay loop (skipped) preset value.. 6220.80 BogoMIPS (lpj=12441600)
[    0.189915] pid_max: default: 32768 minimum: 301
[    0.190354] LSM: Security Framework initializing
[    0.190750] Yama: becoming mindful.
[    0.191118] Mount-cache hash table entries: 4096 (order: 3, 32768 bytes, linear)
[    0.191750] Mountpoint-cache hash table entries: 4096 (order: 3, 32768 bytes, linear)
[    0.192928] x86/cpu: User Mode Instruction Prevention (UMIP) activated
[    0.193371] Last level iTLB entries: 4KB 0, 2MB 0, 4MB 0
[    0.193836] Last level dTLB entries: 4KB 0, 2MB 0, 4MB 0, 1GB 0
[    0.194346] Spectre V1 : Mitigation: usercopy/swapgs barriers and __user pointer sanitization
[    0.195059] Spectre V2 : Mitigation: Enhanced IBRS
[    0.195442] Spectre V2 : Spectre v2 / SpectreRSB mitigation: Filling RSB on context switch
[    0.196091] Spectre V2 : mitigation: Enabling conditional Indirect Branch Prediction Barrier
[    0.196749] Speculative Store Bypass: Mitigation: Speculative Store Bypass disabled via prctl
[    0.231351] Freeing SMP alternatives memory: 56K
[    0.231837] smpboot: CPU0: Genuine Intel(R) CPU 0000 @ 2.20GHz (family: 0x6, model: 0x8d, stepping: 0x0)
[    0.232729] Performance Events: Icelake events, full-width counters, Intel PMU driver.
[    0.233205] ... version:                2
[    0.233205] ... bit width:              48
[    0.233205] ... generic registers:      8
[    0.233205] ... value mask:             0000ffffffffffff
[    0.233205] ... max period:             00007fffffffffff
[    0.233205] ... fixed-purpose events:   3
[    0.233205] ... event mask:             00000007000000ff
[    0.233366] rcu: Hierarchical SRCU implementation.
[    0.235543] smp: Bringing up secondary CPUs ...
[    0.236048] x86: Booting SMP configuration:
[    0.236386] .... node  #0, CPUs:      #1
[    0.010830] kvm-clock: cpu 1, msr 4601041, secondary cpu clock
[    0.237304] kvm-guest: setup async PF for cpu 1
[    0.238454] kvm-guest: stealtime: cpu 1, msr 7dd33080
[    0.239058] smp: Brought up 1 node, 2 CPUs
[    0.239058] smpboot: Max logical packages: 1
[    0.239058] smpboot: Total of 2 processors activated (12441.60 BogoMIPS)
[    0.239078] devtmpfs: initialized
[    0.241403] x86/mm: Memory block size: 128MB
[    0.243272] clocksource: jiffies: mask: 0xffffffff max_cycles: 0xffffffff, max_idle_ns: 7645041785100000 ns
[    0.243272] futex hash table entries: 512 (order: 3, 32768 bytes, linear)
[    0.245368] pinctrl core: initialized pinctrl subsystem
[    0.246310] 
[    0.246502] *************************************************************
[    0.247303] **     NOTICE NOTICE NOTICE NOTICE NOTICE NOTICE NOTICE    **
[    0.248099] **                                                         **
[    0.248901] **  IOMMU DebugFS SUPPORT HAS BEEN ENABLED IN THIS KERNEL  **
[    0.249210] **                                                         **
[    0.250041] ** This means that this kernel is built to expose internal **
[    0.250861] ** IOMMU data structures, which may compromise security on **
[    0.251684] ** your system.                                            **
[    0.252505] **                                                         **
[    0.253209] ** If you see this message and you are not debugging the   **
[    0.254030] ** kernel, report this immediately to your vendor!         **
[    0.254854] **                                                         **
[    0.255682] **     NOTICE NOTICE NOTICE NOTICE NOTICE NOTICE NOTICE    **
[    0.256522] *************************************************************
[    0.257278] PM: RTC time: 18:51:54, date: 2022-11-15
[    0.259640] NET: Registered PF_NETLINK/PF_ROUTE protocol family
[    0.260893] DMA: preallocated 256 KiB GFP_KERNEL pool for atomic allocations
[    0.261218] DMA: preallocated 256 KiB GFP_KERNEL|GFP_DMA pool for atomic allocations
[    0.262164] DMA: preallocated 256 KiB GFP_KERNEL|GFP_DMA32 pool for atomic allocations
[    0.263162] audit: initializing netlink subsys (disabled)
[    0.265234] audit: type=2000 audit(1668538315.042:1): state=initialized audit_enabled=0 res=1
[    0.265557] thermal_sys: Registered thermal governor 'fair_share'
[    0.266264] thermal_sys: Registered thermal governor 'bang_bang'
[    0.266781] thermal_sys: Registered thermal governor 'step_wise'
[    0.267279] thermal_sys: Registered thermal governor 'user_space'
[    0.267789] cpuidle: using governor ladder
[    0.269214] cpuidle: using governor menu
[    0.269768] acpiphp: ACPI Hot Plug PCI Controller Driver version: 0.5
[    0.270480] PCI: Using configuration type 1 for base access
[    0.278702] kprobes: kprobe jump-optimization is enabled. All kprobes are optimized if possible.
[    0.279424] HugeTLB registered 1.00 GiB page size, pre-allocated 0 pages
[    0.279424] HugeTLB registered 2.00 MiB page size, pre-allocated 0 pages
[    0.281475] ACPI: Added _OSI(Module Device)
[    0.281984] ACPI: Added _OSI(Processor Device)
[    0.282521] ACPI: Added _OSI(3.0 _SCP Extensions)
[    0.282521] ACPI: Added _OSI(Processor Aggregator Device)
[    0.282521] ACPI: Added _OSI(Linux-Dell-Video)
[    0.282521] ACPI: Added _OSI(Linux-Lenovo-NV-HDMI-Audio)
[    0.283028] ACPI: Added _OSI(Linux-HPI-Hybrid-Graphics)
[    0.290302] ACPI: 1 ACPI AML tables successfully acquired and loaded
[    0.294177] ACPI: Interpreter enabled
[    0.294566] ACPI: PM: (supports S0 S3 S4 S5)
[    0.294924] ACPI: Using IOAPIC for interrupt routing
[    0.297251] PCI: Using host bridge windows from ACPI; if necessary, use "pci=nocrs" and report a bug
[    0.298540] ACPI: Enabled 2 GPEs in block 00 to 0F
[    0.309917] ACPI: PCI Root Bridge [PCI0] (domain 0000 [bus 00-ff])
[    0.310427] acpi PNP0A03:00: _OSC: OS supports [ASPM ClockPM Segments MSI EDR HPX-Type3]
[    0.311071] acpi PNP0A03:00: _OSC: not requesting OS control; OS requires [ExtendedConfig ASPM ClockPM MSI]
[    0.311865] acpi PNP0A03:00: fail to add MMCONFIG information, can't access extended PCI configuration space under this bridge.
[    0.313984] acpiphp: Slot [3] registered
[    0.314355] acpiphp: Slot [4] registered
[    0.314722] acpiphp: Slot [5] registered
[    0.315089] acpiphp: Slot [6] registered
[    0.315455] acpiphp: Slot [7] registered
[    0.315821] acpiphp: Slot [8] registered
[    0.316186] acpiphp: Slot [9] registered
[    0.316546] acpiphp: Slot [10] registered
[    0.316911] acpiphp: Slot [11] registered
[    0.317256] acpiphp: Slot [12] registered
[    0.317623] acpiphp: Slot [13] registered
[    0.318005] acpiphp: Slot [14] registered
[    0.318371] acpiphp: Slot [15] registered
[    0.318738] acpiphp: Slot [16] registered
[    0.319102] acpiphp: Slot [17] registered
[    0.319468] acpiphp: Slot [18] registered
[    0.319831] acpiphp: Slot [19] registered
[    0.320196] acpiphp: Slot [20] registered
[    0.320560] acpiphp: Slot [21] registered
[    0.320927] acpiphp: Slot [22] registered
[    0.321258] acpiphp: Slot [23] registered
[    0.321622] acpiphp: Slot [24] registered
[    0.321991] acpiphp: Slot [25] registered
[    0.322355] acpiphp: Slot [26] registered
[    0.322720] acpiphp: Slot [27] registered
[    0.323084] acpiphp: Slot [28] registered
[    0.323449] acpiphp: Slot [29] registered
[    0.323822] acpiphp: Slot [30] registered
[    0.324194] acpiphp: Slot [31] registered
[    0.324532] PCI host bridge to bus 0000:00
[    0.324866] pci_bus 0000:00: root bus resource [io  0x0000-0x0cf7 window]
[    0.325209] pci_bus 0000:00: root bus resource [io  0x0d00-0xffff window]
[    0.325756] pci_bus 0000:00: root bus resource [mem 0x000a0000-0x000bffff window]
[    0.326350] pci_bus 0000:00: root bus resource [mem 0x80000000-0xfebfffff window]
[    0.326944] pci_bus 0000:00: root bus resource [mem 0x100000000-0x17fffffff window]
[    0.327551] pci_bus 0000:00: root bus resource [bus 00-ff]
[    0.328032] pci 0000:00:00.0: [8086:1237] type 00 class 0x060000
[    0.330907] pci 0000:00:01.0: [8086:7000] type 00 class 0x060100
[    0.331918] pci 0000:00:01.1: [8086:7010] type 00 class 0x010180
[    0.333711] pci 0000:00:01.1: reg 0x20: [io  0xc040-0xc04f]
[    0.334809] pci 0000:00:01.1: legacy IDE quirk: reg 0x10: [io  0x01f0-0x01f7]
[    0.335631] pci 0000:00:01.1: legacy IDE quirk: reg 0x14: [io  0x03f6]
[    0.336165] pci 0000:00:01.1: legacy IDE quirk: reg 0x18: [io  0x0170-0x0177]
[    0.336744] pci 0000:00:01.1: legacy IDE quirk: reg 0x1c: [io  0x0376]
[    0.337395] pci 0000:00:01.3: [8086:7113] type 00 class 0x068000
[    0.338197] pci 0000:00:01.3: quirk: [io  0x0600-0x063f] claimed by PIIX4 ACPI
[    0.338779] pci 0000:00:01.3: quirk: [io  0x0700-0x070f] claimed by PIIX4 SMB
[    0.339769] pci 0000:00:02.0: [1234:1111] type 00 class 0x030000
[    0.340930] pci 0000:00:02.0: reg 0x10: [mem 0xfd000000-0xfdffffff pref]
[    0.342373] pci 0000:00:02.0: reg 0x18: [mem 0xfebf0000-0xfebf0fff]
[    0.345440] pci 0000:00:02.0: reg 0x30: [mem 0xfebe0000-0xfebeffff pref]
[    0.348220] pci 0000:00:03.0: [8086:100e] type 00 class 0x020000
[    0.349211] pci 0000:00:03.0: reg 0x10: [mem 0xfebc0000-0xfebdffff]
[    0.350256] pci 0000:00:03.0: reg 0x14: [io  0xc000-0xc03f]
[    0.353588] pci 0000:00:03.0: reg 0x30: [mem 0xfeb80000-0xfebbffff pref]
[    0.364177] ACPI: PCI: Interrupt link LNKA configured for IRQ 10
[    0.364964] ACPI: PCI: Interrupt link LNKB configured for IRQ 10
[    0.365488] ACPI: PCI: Interrupt link LNKC configured for IRQ 11
[    0.366238] ACPI: PCI: Interrupt link LNKD configured for IRQ 11
[    0.366860] ACPI: PCI: Interrupt link LNKS configured for IRQ 9
[    0.367946] iommu: Default domain type: Translated 
[    0.367946] iommu: DMA domain TLB invalidation policy: lazy mode 
[    0.369238] pci 0000:00:02.0: vgaarb: setting as boot VGA device
[    0.369925] pci 0000:00:02.0: vgaarb: VGA device added: decodes=io+mem,owns=io+mem,locks=none
[    0.369925] pci 0000:00:02.0: vgaarb: bridge control possible
[    0.369925] vgaarb: loaded
[    0.370934] SCSI subsystem initialized
[    0.373307] ACPI: bus type USB registered
[    0.373679] usbcore: registered new interface driver usbfs
[    0.374146] usbcore: registered new interface driver hub
[    0.374593] usbcore: registered new device driver usb
[    0.375074] pps_core: LinuxPPS API ver. 1 registered
[    0.375490] pps_core: Software ver. 5.3.6 - Copyright 2005-2007 Rodolfo Giometti <giometti@linux.it>
[    0.376244] PTP clock support registered
[    0.376621] EDAC MC: Ver: 3.0.0
[    0.377794] NetLabel: Initializing
[    0.378215] NetLabel:  domain hash size = 128
[    0.378215] NetLabel:  protocols = UNLABELED CIPSOv4 CALIPSO
[    0.378215] NetLabel:  unlabeled traffic allowed by default
[    0.378653] PCI: Using ACPI for IRQ routing
[    0.381387] hpet0: at MMIO 0xfed00000, IRQs 2, 8, 0
[    0.381807] hpet0: 3 comparators, 64-bit 100.000000 MHz counter
[    0.385263] clocksource: Switched to clocksource kvm-clock
[    0.419316] VFS: Disk quotas dquot_6.6.0
[    0.419669] VFS: Dquot-cache hash table entries: 512 (order 0, 4096 bytes)
[    0.420322] pnp: PnP ACPI init
[    0.421845] pnp: PnP ACPI: found 6 devices
[    0.429781] clocksource: acpi_pm: mask: 0xffffff max_cycles: 0xffffff, max_idle_ns: 2085701024 ns
[    0.430755] NET: Registered PF_INET protocol family
[    0.431204] IP idents hash table entries: 32768 (order: 6, 262144 bytes, linear)
[    0.432535] tcp_listen_portaddr_hash hash table entries: 1024 (order: 2, 16384 bytes, linear)
[    0.433274] TCP established hash table entries: 16384 (order: 5, 131072 bytes, linear)
[    0.434029] TCP bind hash table entries: 16384 (order: 6, 262144 bytes, linear)
[    0.434943] TCP: Hash tables configured (established 16384 bind 16384)
[    0.435521] UDP hash table entries: 1024 (order: 3, 32768 bytes, linear)
[    0.436098] UDP-Lite hash table entries: 1024 (order: 3, 32768 bytes, linear)
[    0.436771] NET: Registered PF_UNIX/PF_LOCAL protocol family
[    0.437429] RPC: Registered named UNIX socket transport module.
[    0.437928] RPC: Registered udp transport module.
[    0.438323] RPC: Registered tcp transport module.
[    0.438717] RPC: Registered tcp NFSv4.1 backchannel transport module.
[    0.439265] pci_bus 0000:00: resource 4 [io  0x0000-0x0cf7 window]
[    0.439788] pci_bus 0000:00: resource 5 [io  0x0d00-0xffff window]
[    0.440315] pci_bus 0000:00: resource 6 [mem 0x000a0000-0x000bffff window]
[    0.440889] pci_bus 0000:00: resource 7 [mem 0x80000000-0xfebfffff window]
[    0.441471] pci_bus 0000:00: resource 8 [mem 0x100000000-0x17fffffff window]
[    0.442222] pci 0000:00:01.0: PIIX3: Enabling Passive Release
[    0.442708] pci 0000:00:00.0: Limiting direct PCI/PCI transfers
[    0.443214] pci 0000:00:01.0: Activating ISA DMA hang workarounds
[    0.443793] pci 0000:00:02.0: Video device with shadowed ROM at [mem 0x000c0000-0x000dffff]
[    0.444511] PCI: CLS 0 bytes, default 64
[    0.445011] clocksource: tsc: mask: 0xffffffffffffffff max_cycles: 0x2cd5a8bb032, max_idle_ns: 440795365915 ns
[    3.020976] Initialise system trusted keyrings
[    3.021407] Key type blacklist registered
[    3.021890] workingset: timestamp_bits=36 max_order=19 bucket_order=0
[    3.026589] zbud: loaded
[    3.027404] squashfs: version 4.0 (2009/01/31) Phillip Lougher
[    3.028496] NFS: Registering the id_resolver key type
[    3.028911] Key type id_resolver registered
[    3.029254] Key type id_legacy registered
[    3.029610] nfs4filelayout_init: NFSv4 File Layout Driver Registering...
[    3.030130] nfs4flexfilelayout_init: NFSv4 Flexfile Layout Driver Registering...
[    3.030774] fuse: init (API version 7.35)
[    3.031242] SGI XFS with ACLs, security attributes, realtime, quota, no debug enabled
[    3.032540] 9p: Installing v9fs 9p2000 file system support
[    3.040877] Key type asymmetric registered
[    3.041228] Asymmetric key parser 'x509' registered
[    3.041670] Block layer SCSI generic (bsg) driver version 0.4 loaded (major 243)
[    3.042361] io scheduler mq-deadline registered
[    3.042805] io scheduler bfq registered
[    3.043689] shpchp: Standard Hot Plug PCI Controller Driver version: 0.4
[    3.044392] IPMI message handler: version 39.2
[    3.044770] ipmi device interface
[    3.046120] input: Power Button as /devices/LNXSYSTM:00/LNXPWRBN:00/input/input0
[    3.046799] ACPI: button: Power Button [PWRF]
[    3.048024] ERST DBG: ERST support is disabled.
[    3.048676] Serial: 8250/16550 driver, 32 ports, IRQ sharing enabled
[    3.049506] 00:04: ttyS0 at I/O 0x3f8 (irq = 4, base_baud = 115200) is a 16550A
[    3.054917] Linux agpgart interface v0.103
[    3.055563] ACPI: bus type drm_connector registered
[    3.064813] brd: module loaded
[    3.068477] loop: module loaded
[    3.070698] scsi host0: ata_piix
[    3.071204] scsi host1: ata_piix
[    3.071540] ata1: PATA max MWDMA2 cmd 0x1f0 ctl 0x3f6 bmdma 0xc040 irq 14
[    3.072091] ata2: PATA max MWDMA2 cmd 0x170 ctl 0x376 bmdma 0xc048 irq 15
[    3.073135] libphy: Fixed MDIO Bus: probed
[    3.073642] tun: Universal TUN/TAP device driver, 1.6
[    3.074118] e100: Intel(R) PRO/100 Network Driver
[    3.074499] e100: Copyright(c) 1999-2006 Intel Corporation
[    3.074961] e1000: Intel(R) PRO/1000 Network Driver
[    3.075356] e1000: Copyright (c) 1999-2006 Intel Corporation.
[    3.161420] ACPI: \_SB_.LNKC: Enabled at IRQ 11
[    3.229905] ata1.00: ATA-7: QEMU HARDDISK, 2.5+, max UDMA/100
[    3.230602] ata1.00: 16777216 sectors, multi 16: LBA48 
[    3.231179] ata1.00: Read log 0x00 page 0x00 failed, Emask 0x1
[    3.232287] scsi 0:0:0:0: Direct-Access     ATA      QEMU HARDDISK    2.5+ PQ: 0 ANSI: 5
[    3.233395] sd 0:0:0:0: [sda] 16777216 512-byte logical blocks: (8.59 GB/8.00 GiB)
[    3.234018] sd 0:0:0:0: [sda] Write Protect is off
[    3.234439] sd 0:0:0:0: Attached scsi generic sg0 type 0
[    3.234941] sd 0:0:0:0: [sda] Write cache: enabled, read cache: enabled, doesn't support DPO or FUA
[    3.236587] ata2.00: ATAPI: QEMU DVD-ROM, 2.5+, max UDMA/100
[    3.238049] scsi 1:0:0:0: CD-ROM            QEMU     QEMU DVD-ROM     2.5+ PQ: 0 ANSI: 5
[    3.239327] scsi 1:0:0:0: Attached scsi generic sg1 type 5
[    3.269384] sd 0:0:0:0: [sda] Attached SCSI disk
[    3.484129] e1000 0000:00:03.0 eth0: (PCI:33MHz:32-bit) 52:54:00:12:34:56
[    3.484722] e1000 0000:00:03.0 eth0: Intel(R) PRO/1000 Network Connection
[    3.485369] e1000e: Intel(R) PRO/1000 Network Driver
[    3.485790] e1000e: Copyright(c) 1999 - 2015 Intel Corporation.
[    3.486321] igb: Intel(R) Gigabit Ethernet Network Driver
[    3.486774] igb: Copyright (c) 2007-2014 Intel Corporation.
[    3.487298] PPP generic driver version 2.4.2
[    3.488123] VFIO - User Level meta-driver version: 0.3
[    3.488586] ehci_hcd: USB 2.0 'Enhanced' Host Controller (EHCI) Driver
[    3.489140] ehci-pci: EHCI PCI platform driver
[    3.489542] ehci-platform: EHCI generic platform driver
[    3.489986] ohci_hcd: USB 1.1 'Open' Host Controller (OHCI) Driver
[    3.490491] ohci-pci: OHCI PCI platform driver
[    3.490882] ohci-platform: OHCI generic platform driver
[    3.491320] uhci_hcd: USB Universal Host Controller Interface driver
[    3.492055] usbcore: registered new interface driver uas
[    3.492549] usbcore: registered new interface driver usb-storage
[    3.493386] i8042: PNP: PS/2 Controller [PNP0303:KBD,PNP0f13:MOU] at 0x60,0x64 irq 1,12
[    3.494972] serio: i8042 KBD port at 0x60,0x64 irq 1
[    3.495393] serio: i8042 AUX port at 0x60,0x64 irq 12
[    3.496136] mousedev: PS/2 mouse device common for all mice
[    3.497029] input: AT Translated Set 2 keyboard as /devices/platform/i8042/serio0/input/input1
[    3.498035] rtc_cmos 00:05: RTC can wake from S4
[    3.498903] input: VirtualPS/2 VMware VMMouse as /devices/platform/i8042/serio1/input/input4
[    3.499361] rtc_cmos 00:05: registered as rtc0
[    3.500446] rtc_cmos 00:05: setting system clock to 2022-11-15T18:51:57 UTC (1668538317)
[    3.500539] input: VirtualPS/2 VMware VMMouse as /devices/platform/i8042/serio1/input/input3
[    3.501925] rtc_cmos 00:05: alarms up to one day, y3k, 242 bytes nvram, hpet irqs
[    3.502582] i2c_dev: i2c /dev entries driver
[    3.502962] device-mapper: core: CONFIG_IMA_DISABLE_HTABLE is disabled. Duplicate IMA measurements will not be recorded in the IMA log.
[    3.504004] device-mapper: uevent: version 1.0.3
[    3.504540] device-mapper: ioctl: 4.45.0-ioctl (2021-03-22) initialised: dm-devel@redhat.com
[    3.505248] intel_pstate: CPU model not supported
[    3.505694] sdhci: Secure Digital Host Controller Interface driver
[    3.506213] sdhci: Copyright(c) Pierre Ossman
[    3.506642] sdhci-pltfm: SDHCI platform and OF driver helper
[    3.507162] ledtrig-cpu: registered to indicate activity on CPUs
[    3.507812] drop_monitor: Initializing network drop monitor service
[    3.508654] NET: Registered PF_INET6 protocol family
[    3.510402] Segment Routing with IPv6
[    3.510741] In-situ OAM (IOAM) with IPv6
[    3.511095] NET: Registered PF_PACKET protocol family
[    3.511704] 9pnet: Installing 9P2000 support
[    3.512308] Key type dns_resolver registered
[    3.513602] IPI shorthand broadcast: enabled
[    3.514188] sched_clock: Marking stable (3506497597, 6830539)->(3518355658, -5027522)
[    3.515652] registered taskstats version 1
[    3.516277] Loading compiled-in X.509 certificates
[    3.517047] zswap: loaded using pool lzo/zbud
[    3.517797] Key type ._fscrypt registered
[    3.518141] Key type .fscrypt registered
[    3.518469] Key type fscrypt-provisioning registered
[    3.519415] Key type encrypted registered
[    3.519936] ima: No TPM chip found, activating TPM-bypass!
[    3.520617] ima: Allocated hash algorithm: sha1
[    3.521185] ima: No architecture policies found
[    3.521777] evm: Initialising EVM extended attributes:
[    3.522396] evm: security.selinux
[    3.522802] evm: security.SMACK64
[    3.523214] evm: security.SMACK64EXEC
[    3.523665] evm: security.SMACK64TRANSMUTE
[    3.524187] evm: security.SMACK64MMAP
[    3.524641] evm: security.apparmor
[    3.525066] evm: security.ima
[    3.525443] evm: security.capability
[    3.525887] evm: HMAC attrs: 0x1
[    3.528791] PM:   Magic number: 14:407:898
[    3.529456] RAS: Correctable Errors collector initialized.
[    3.530362] md: Waiting for all devices to be available before autodetect
[    3.531099] md: If you don't use raid, use raid=noautodetect
[    3.531723] md: Autodetecting RAID arrays.
[    3.532237] md: autorun ...
[    3.532475] md: ... autorun DONE.
[    3.534728] EXT4-fs (sda): INFO: recovery required on readonly filesystem
[    3.535537] EXT4-fs (sda): write access will be enabled during recovery
[    3.590483] random: fast init done
[    3.629808] EXT4-fs (sda): recovery complete
[    3.645860] EXT4-fs (sda): mounted filesystem with ordered data mode. Opts: (null). Quota mode: none.
[    3.646643] VFS: Mounted root (ext4 filesystem) readonly on device 8:0.
[    3.647594] devtmpfs: mounted
[    3.652652] Freeing unused decrypted memory: 2036K
[    3.654315] Freeing unused kernel image (initmem) memory: 3136K
[    3.654796] Write protecting the kernel read-only data: 38912k
[    3.656966] Freeing unused kernel image (text/rodata gap) memory: 2028K
[    3.657763] Freeing unused kernel image (rodata/data gap) memory: 640K
[    3.753105] x86/mm: Checked W+X mappings: passed, no W+X pages found.
[    3.753645] Run /sbin/init as init process
[    3.843177] systemd[1]: RTC configured in localtime, applying delta of 0 minutes to system time.
[    3.857527] systemd[1]: systemd 239 (239-49.el8) running in system mode. (+PAM +AUDIT +SELINUX +IMA -APPARMOR +SMACK +SYSVINIT +UTMP +LIBCRYPTSETUP +GCRYPT +GNUTLS +ACL +XZ +LZ4 +SECCOMP +BLKID +ELFUTILS +KMOD +IDN2 -IDN +PCRE2 default-hierarchy=legacy)
[    3.859341] systemd[1]: Detected virtualization kvm.
[    3.859745] systemd[1]: Detected architecture x86-64.

Welcome to [0;31mCentOS Stream 8[0m!

[    3.876986] systemd[1]: Set hostname to <test>.
[    3.967541] random: lvmconfig: uninitialized urandom read (4 bytes read)
[    4.037623] random: systemd: uninitialized urandom read (16 bytes read)
[    4.042284] systemd[1]: Listening on Process Core Dump Socket.
[[0;32m  OK  [0m] Listening on Process Core Dump Socket.
[    4.043344] random: systemd: uninitialized urandom read (16 bytes read)
[    4.043972] systemd[1]: Listening on udev Kernel Socket.
[[0;32m  OK  [0m] Listening on udev Kernel Socket.
[    4.044881] systemd[1]: Listening on initctl Compatibility Named Pipe.
[[0;32m  OK  [0m] Listening on initctl Compatibility Named Pipe.
[    4.046029] systemd[1]: Listening on multipathd control socket.
[[0;32m  OK  [0m] Listening on multipathd control socket.
[    4.047049] systemd[1]: Listening on Device-mapper event daemon FIFOs.
[[0;32m  OK  [0m] Listening on Device-mapper event daemon FIFOs.
[    4.048955] systemd[1]: Created slice User and Session Slice.
[[0;32m  OK  [0m] Created slice User and Session Slice.
[[0;32m  OK  [0m] Listening on Journal Socket (/dev/log).
[[0;32m  OK  [0m] Created slice system-serial\x2dgetty.slice.
[[0;32m  OK  [0m] Set up automount Arbitrary Executabâ€¦rmats File System Automount Point.
[[0;32m  OK  [0m] Created slice system-sshd\x2dkeygen.slice.
[[0;32m  OK  [0m] Started Forward Password Requests to Wall Directory Watch.
[[0;32m  OK  [0m] Listening on LVM2 poll daemon socket.
[[0;32m  OK  [0m] Created slice system-getty.slice.
[[0;32m  OK  [0m] Listening on RPCbind Server Activation Socket.
[[0;32m  OK  [0m] Reached target RPC Port Mapper.
[[0;32m  OK  [0m] Reached target Slices.
[[0;32m  OK  [0m] Listening on Journal Socket.
         Starting Load Kernel Modules...
         Starting Setup Virtual Console...
         Starting Monitoring of LVM2 mirrorsâ€¦ng dmeventd or progress polling...
         Mounting POSIX Message Queue File System...
         Mounting Kernel Debug File System...
         Starting Journal Service...
         Mounting Huge Pages File System...
[[0;32m  OK  [0m] Reached target Swap.
         Starting Remount Root and Kernel File Systems...
[[0;32m  OK  [0m] Listening on udev Control Socket.
         Starting udev Coldplug all Devices...
[[0;1;31mFAILED[0m] Failed to start Load Kernel Modules.
See 'systemctl status systemd-modules-load.service' for details.
[[0;32m  OK  [0m] Started Monitoring of LVM2 mirrors,â€¦sing dmeventd or progress polling.
[[0;32m  OK  [0m] Mounted POSIX Message Queue File System.
[[0;32m  OK  [0m] Mounted Kernel Debug File System.
[[0;32m  OK  [0m] Mounted Huge Pages File System.
         Mounting FUSE Control File System...
         Mounting Kernel Configuration File System...
         Starting Apply Kernel Variables...
[[0;32m  OK  [0m] Mounted FUSE Control File System.
[[0;32m  OK  [0m] Mounted Kernel Configuration File System.
[[0;32m  OK  [0m] Started Journal Service.
[[0;32m  OK  [0m] Started Apply Kernel Variables.
[    4.307890] EXT4-fs (sda): re-mounted. Opts: (null). Quota mode: none.
[[0;32m  OK  [0m] Started Remount Root and Kernel File Systems.
         Starting Flush Journal to Persistent Storage...
         Starting Load/Save Random Seed...
         Starting Create Static Device Nodes in /dev...
[[0;32m  OK  [0m] Started Setup Virtual Console.
[[0;32m  OK  [0m] Started Load/Save Random Seed.
[[0;32m  OK  [0m] Started udev Coldplug all Devices.
         Starting udev Wait for Complete Device Initialization...
[[0;32m  OK  [0m] Started Flush Journal to Persistent Storage.
[[0;32m  OK  [0m] Started Create Static Device Nodes in /dev.
         Starting udev Kernel Device Manager...
[[0;32m  OK  [0m] Started udev Kernel Device Manager.
         Starting Show Plymouth Boot Screen...
[[0;32m  OK  [0m] Started Show Plymouth Boot Screen.
[[0;32m  OK  [0m] Started Forward Password Requests to Plymouth Directory Watch.
[[0;32m  OK  [0m] Reached target Paths.
[[0;32m  OK  [0m] Reached target Local Encrypted Volumes.
[[0;32m  OK  [0m] Found device /dev/ttyS0.
[[0;32m  OK  [0m] Listening on Load/Save RF Kill Switch Status /dev/rfkill Watch.
[[0;32m  OK  [0m] Started udev Wait for Complete Device Initialization.
[[0;32m  OK  [0m] Reached target Local File Systems (Pre).
[[0;32m  OK  [0m] Reached target Local File Systems.
         Starting Tell Plymouth To Write Out Runtime Data...
         Starting Restore /run/initramfs on shutdown...
         Starting Create Volatile Files and Directories...
[[0;32m  OK  [0m] Started Tell Plymouth To Write Out Runtime Data.
[[0;32m  OK  [0m] Started Restore /run/initramfs on shutdown.
[[0;32m  OK  [0m] Started Create Volatile Files and Directories.
         Mounting RPC Pipe File System...
         Starting Security Auditing Service...
         Starting RPC Bind...
[[0;32m  OK  [0m] Mounted RPC Pipe File System.
[[0;32m  OK  [0m] Reached target rpc_pipefs.target.
[[0;32m  OK  [0m] Started RPC Bind.
[[0;32m  OK  [0m] Started Security Auditing Service.
         Starting Update UTMP about System Boot/Shutdown...
[[0;32m  OK  [0m] Started Update UTMP about System Boot/Shutdown.
[[0;32m  OK  [0m] Reached target System Initialization.
[[0;32m  OK  [0m] Started Daily Cleanup of Temporary Directories.
[[0;32m  OK  [0m] Started dnf makecache --timer.
[[0;32m  OK  [0m] Listening on SSSD Kerberos Cache Manager responder socket.
[[0;32m  OK  [0m] Listening on D-Bus System Message Bus Socket.
[[0;32m  OK  [0m] Reached target Sockets.
[[0;32m  OK  [0m] Reached target Basic System.
         Starting Auto-connect to subsystemsâ€¦-NVME devices found during boot...
[[0;32m  OK  [0m] Started irqbalance daemon.
         Starting Self Monitoring and Reporting Technology (SMART) Daemon...
         Starting NTP client/server...
[[0;32m  OK  [0m] Started Machine Check Exception Logging Daemon.
         Starting Authorization Manager...
         Starting Login Service...
[[0;32m  OK  [0m] Started D-Bus System Message Bus.
         Starting Network Manager...
[[0;32m  OK  [0m] Started daily update of the root trust anchor for DNSSEC.
[[0;32m  OK  [0m] Reached target Timers.
[[0;32m  OK  [0m] Reached target sshd-keygen.target.
[[0;32m  OK  [0m] Started Auto-connect to subsystems â€¦FC-NVME devices found during boot.
         Starting update of the root trust aâ€¦or DNSSEC validation in unbound...
[[0;32m  OK  [0m] Started Self Monitoring and Reporting Technology (SMART) Daemon.
[[0;32m  OK  [0m] Started NTP client/server.
[[0;32m  OK  [0m] Started Login Service.
[[0;32m  OK  [0m] Started Network Manager.
[[0;32m  OK  [0m] Reached target Network.
         Starting OpenSSH server daemon...
         Starting Dynamic System Tuning Daemon...
         Starting GSSAPI Proxy Daemon...
         Starting Network Manager Wait Online...
         Starting Hostname Service...
[[0;32m  OK  [0m] Started Authorization Manager.
[[0;32m  OK  [0m] Started Hostname Service.
         Starting Network Manager Script Dispatcher Service...
[[0;32m  OK  [0m] Started Network Manager Script Dispatcher Service.
[    5.417243] e1000: eth0 NIC Link is Up 1000 Mbps Full Duplex, Flow Control: RX
[    5.418277] IPv6: ADDRCONF(NETDEV_CHANGE): eth0: link becomes ready
[[0;32m  OK  [0m] Started Dynamic System Tuning Daemon.
[    6.461232] random: crng init done
[    6.461549] random: 7 urandom warning(s) missed due to ratelimiting
[[0;32m  OK  [0m] Started update of the root trust anâ€¦ for DNSSEC validation in unbound.
[[0;32m  OK  [0m] Started OpenSSH server daemon.
[[0;32m  OK  [0m] Started GSSAPI Proxy Daemon.
[[0;32m  OK  [0m] Reached target NFS client services.
[[0;32m  OK  [0m] Reached target Remote File Systems (Pre).
[[0;32m  OK  [0m] Reached target Remote File Systems.
         Starting Permit User Sessions...
[[0;32m  OK  [0m] Started Permit User Sessions.
         Starting Hold until boot process finishes up...
         Starting Terminate Plymouth Boot Screen...
[[0;32m  OK  [0m] Started Command Scheduler.

CentOS Stream 8
Kernel 5.16.0-rc5-4817c37d71b5+ on an x86_64

test login: [  300.177328] INFO: task repro:6342 blocked for more than 147 seconds.
[  300.177926]       Not tainted 5.16.0-rc5-4817c37d71b5+ #1
[  300.178398] "echo 0 > /proc/sys/kernel/hung_task_timeout_secs" disables this message.
[  300.179069] task:repro           state:D stack:    0 pid: 6342 ppid:   568 flags:0x00004002
[  300.179793] Call Trace:
[  300.180015]  <TASK>
[  300.180210]  __schedule+0x405/0x950
[  300.180520]  schedule+0x48/0xd0
[  300.180796]  schedule_preempt_disabled+0x18/0x30
[  300.181193]  __mutex_lock.isra.15+0x3c3/0x4b0
[  300.181764]  __mutex_lock_slowpath+0x13/0x20
[  300.182298]  mutex_lock+0x2c/0x30
[  300.182587]  perf_event_ctx_lock_nested.isra.100+0xd4/0x190
[  300.183058]  perf_event_release_kernel+0x73/0x360
[  300.183454]  ? __sanitizer_cov_trace_pc+0x21/0x50
[  300.183852]  ? perf_event_release_kernel+0x360/0x360
[  300.184276]  perf_release+0x1e/0x30
[  300.184576]  __fput+0x111/0x440
[  300.184850]  ____fput+0x1a/0x20
[  300.185123]  task_work_run+0x88/0xd0
[  300.185456]  do_exit+0x57a/0x11d0
[  300.185897]  ? write_comp_data+0x2f/0x90
[  300.186325]  ? write_comp_data+0x2f/0x90
[  300.186662]  do_group_exit+0x78/0x110
[  300.186978]  get_signal+0x1e1/0xe40
[  300.187281]  arch_do_signal_or_restart+0xb7/0x7b0
[  300.187678]  ? do_futex+0x167/0x320
[  300.187978]  ? write_comp_data+0x2f/0x90
[  300.188317]  ? __sanitizer_cov_trace_pc+0x21/0x50
[  300.188715]  exit_to_user_mode_prepare+0xf0/0x1c0
[  300.189111]  syscall_exit_to_user_mode+0x1c/0x30
[  300.189522]  do_syscall_64+0x46/0x80
[  300.189994]  entry_SYSCALL_64_after_hwframe+0x44/0xae
[  300.190501] RIP: 0033:0x7f34b391159d
[  300.190807] RSP: 002b:00007f34b37c9ea8 EFLAGS: 00000246 ORIG_RAX: 00000000000000ca
[  300.191432] RAX: fffffffffffffe00 RBX: 0000000000000000 RCX: 00007f34b391159d
[  300.192015] RDX: 0000000000000000 RSI: 0000000000000080 RDI: 0000000000405158
[  300.192602] RBP: 00007f34b37c9ec0 R08: 0000000000000000 R09: 0000000000000000
[  300.193186] R10: 0000000000000000 R11: 0000000000000246 R12: 00007ffc4e09d35e
[  300.193790] R13: 00007ffc4e09d35f R14: 00007ffc4e09d3f0 R15: 00007f34b37ca700
[  300.194538]  </TASK>
[  300.194731] INFO: task repro:6328 blocked for more than 147 seconds.
[  300.195257]       Not tainted 5.16.0-rc5-4817c37d71b5+ #1
[  300.195704] "echo 0 > /proc/sys/kernel/hung_task_timeout_secs" disables this message.
[  300.196346] task:repro           state:D stack:    0 pid: 6328 ppid:   563 flags:0x00004004
[  300.197033] Call Trace:
[  300.197260]  <TASK>
[  300.197541]  __schedule+0x405/0x950
[  300.197919]  schedule+0x48/0xd0
[  300.198194]  schedule_preempt_disabled+0x18/0x30
[  300.198586]  __mutex_lock.isra.15+0x3c3/0x4b0
[  300.198963]  __mutex_lock_slowpath+0x13/0x20
[  300.199336]  mutex_lock+0x2c/0x30
[  300.199630]  __do_sys_perf_event_open+0xb49/0x1a10
[  300.200048]  __x64_sys_perf_event_open+0x2b/0x30
[  300.200457]  do_syscall_64+0x37/0x80
[  300.200780]  entry_SYSCALL_64_after_hwframe+0x44/0xae
[  300.201252] RIP: 0033:0x7f34b391159d
[  300.201743] RSP: 002b:00007f34b37eae98 EFLAGS: 00000246 ORIG_RAX: 000000000000012a
[  300.202482] RAX: ffffffffffffffda RBX: 0000000000000000 RCX: 00007f34b391159d
[  300.203104] RDX: 0000000000000000 RSI: 00000000ffffffff RDI: 0000000020000080
[  300.203724] RBP: 00007f34b37eaec0 R08: 0000000000000000 R09: 0000000000000000
[  300.204349] R10: 0000000000000003 R11: 0000000000000246 R12: 00007ffc4e09d35e
[  300.204968] R13: 00007ffc4e09d35f R14: 00007ffc4e09d3f0 R15: 00007f34b37eb700
[  300.205610]  </TASK>
[  300.205919] INFO: task repro:6332 blocked for more than 147 seconds.
[  300.206529]       Not tainted 5.16.0-rc5-4817c37d71b5+ #1
[  300.207005] "echo 0 > /proc/sys/kernel/hung_task_timeout_secs" disables this message.
[  300.207687] task:repro           state:D stack:    0 pid: 6332 ppid:   561 flags:0x00004002
[  300.208431] Call Trace:
[  300.208654]  <TASK>
[  300.208849]  __schedule+0x405/0x950
[  300.209169]  ? __sanitizer_cov_trace_pc+0x21/0x50
[  300.209611]  schedule+0x48/0xd0
[  300.210053]  schedule_preempt_disabled+0x18/0x30
[  300.210520]  __mutex_lock.isra.15+0x3c3/0x4b0
[  300.210919]  __mutex_lock_slowpath+0x13/0x20
[  300.211305]  mutex_lock+0x2c/0x30
[  300.211610]  perf_event_ctx_lock_nested.isra.100+0xd4/0x190
[  300.212112]  perf_event_release_kernel+0x73/0x360
[  300.212524]  ? __sanitizer_cov_trace_pc+0x21/0x50
[  300.212915]  ? perf_event_release_kernel+0x360/0x360
[  300.213380]  perf_release+0x1e/0x30
[  300.213866]  __fput+0x111/0x440
[  300.214174]  ____fput+0x1a/0x20
[  300.214467]  task_work_run+0x88/0xd0
[  300.214798]  do_exit+0x57a/0x11d0
[  300.215103]  ? write_comp_data+0x2f/0x90
[  300.215459]  ? write_comp_data+0x2f/0x90
[  300.215817]  do_group_exit+0x78/0x110
[  300.216152]  get_signal+0x1e1/0xe40
[  300.216485]  arch_do_signal_or_restart+0xb7/0x7b0
[  300.216901]  ? do_futex+0x167/0x320
[  300.217241]  ? write_comp_data+0x2f/0x90
[  300.217783]  ? __sanitizer_cov_trace_pc+0x21/0x50
[  300.218285]  exit_to_user_mode_prepare+0xf0/0x1c0
[  300.218708]  syscall_exit_to_user_mode+0x1c/0x30
[  300.219123]  do_syscall_64+0x46/0x80
[  300.219449]  entry_SYSCALL_64_after_hwframe+0x44/0xae
[  300.219904] RIP: 0033:0x7f34b391159d
[  300.220233] RSP: 002b:00007f34b37eaea8 EFLAGS: 00000246 ORIG_RAX: 00000000000000ca
[  300.220886] RAX: fffffffffffffe00 RBX: 0000000000000000 RCX: 00007f34b391159d
[  300.221532] RDX: 0000000000000000 RSI: 0000000000000080 RDI: 0000000000405148
[  300.222334] RBP: 00007f34b37eaec0 R08: 0000000000000000 R09: 0000000000000000
[  300.222958] R10: 0000000000000000 R11: 0000000000000246 R12: 00007ffc4e09d35e
[  300.223583] R13: 00007ffc4e09d35f R14: 00007ffc4e09d3f0 R15: 00007f34b37eb700
[  300.224219]  </TASK>
[  300.224417] INFO: task repro:6345 blocked for more than 147 seconds.
[  300.224970]       Not tainted 5.16.0-rc5-4817c37d71b5+ #1
[  300.225467] "echo 0 > /proc/sys/kernel/hung_task_timeout_secs" disables this message.
[  300.226309] task:repro           state:D stack:    0 pid: 6345 ppid:   564 flags:0x00004004
[  300.227041] Call Trace:
[  300.227263]  <TASK>
[  300.227458]  __schedule+0x405/0x950
[  300.227778]  schedule+0x48/0xd0
[  300.228069]  schedule_preempt_disabled+0x18/0x30
[  300.228490]  __mutex_lock.isra.15+0x3c3/0x4b0
[  300.228883]  ? write_comp_data+0x2f/0x90
[  300.229265]  __mutex_lock_slowpath+0x13/0x20
[  300.229846]  mutex_lock+0x2c/0x30
[  300.230154]  perf_event_ctx_lock_nested.isra.100+0xd4/0x190
[  300.230652]  perf_try_init_event+0x18d/0x270
[  300.231037]  perf_event_alloc+0xda2/0x1810
[  300.231408]  ? __sanitizer_cov_trace_pc+0x21/0x50
[  300.231834]  __do_sys_perf_event_open+0x3c7/0x1a10
[  300.232269]  ? __sanitizer_cov_trace_pc+0x21/0x50
[  300.232693]  __x64_sys_perf_event_open+0x2b/0x30
[  300.233107]  do_syscall_64+0x37/0x80
[  300.233458]  entry_SYSCALL_64_after_hwframe+0x44/0xae
[  300.234132] RIP: 0033:0x7f34b391159d
[  300.234457] RSP: 002b:00007f34b37c9e98 EFLAGS: 00000246 ORIG_RAX: 000000000000012a
[  300.235121] RAX: ffffffffffffffda RBX: 0000000000000000 RCX: 00007f34b391159d
[  300.235742] RDX: 0000000000000000 RSI: 00000000ffffffff RDI: 0000000020000000
[  300.236372] RBP: 00007f34b37c9ec0 R08: 0000000000000000 R09: 0000000000000000
[  300.236995] R10: 0000000000000003 R11: 0000000000000246 R12: 00007ffc4e09d35e
[  300.237636] R13: 00007ffc4e09d35f R14: 00007ffc4e09d3f0 R15: 00007f34b37ca700
[  300.238422]  </TASK>
[  300.238627] INFO: task repro:6340 blocked for more than 147 seconds.
[  300.239187]       Not tainted 5.16.0-rc5-4817c37d71b5+ #1
[  300.239662] "echo 0 > /proc/sys/kernel/hung_task_timeout_secs" disables this message.
[  300.240346] task:repro           state:D stack:    0 pid: 6340 ppid:   560 flags:0x00004004
[  300.241225] Call Trace:
[  300.241560]  <TASK>
[  300.241805]  __schedule+0x405/0x950
[  300.242129]  schedule+0x48/0xd0
[  300.242419]  schedule_preempt_disabled+0x18/0x30
[  300.242836]  __mutex_lock.isra.15+0x3c3/0x4b0
[  300.243232]  __mutex_lock_slowpath+0x13/0x20
[  300.243618]  mutex_lock+0x2c/0x30
[  300.243921]  __do_sys_perf_event_open+0xb49/0x1a10
[  300.244359]  __x64_sys_perf_event_open+0x2b/0x30
[  300.244773]  do_syscall_64+0x37/0x80
[  300.245097]  entry_SYSCALL_64_after_hwframe+0x44/0xae
[  300.245570] RIP: 0033:0x7f34b391159d
[  300.246058] RSP: 002b:00007f34b37eae98 EFLAGS: 00000246 ORIG_RAX: 000000000000012a
[  300.246813] RAX: ffffffffffffffda RBX: 0000000000000000 RCX: 00007f34b391159d
[  300.247437] RDX: 0000000000000000 RSI: 00000000ffffffff RDI: 0000000020000000
[  300.248057] RBP: 00007f34b37eaec0 R08: 0000000000000000 R09: 0000000000000000
[  300.248676] R10: 0000000000000003 R11: 0000000000000246 R12: 00007ffc4e09d35e
[  300.249314] R13: 00007ffc4e09d35f R14: 00007ffc4e09d3f0 R15: 00007f34b37eb700
[  300.250058]  </TASK>
[  300.250260] INFO: task repro:6348 blocked for more than 147 seconds.
[  300.250813]       Not tainted 5.16.0-rc5-4817c37d71b5+ #1
[  300.251285] "echo 0 > /proc/sys/kernel/hung_task_timeout_secs" disables this message.
[  300.251957] task:repro           state:D stack:    0 pid: 6348 ppid:   559 flags:0x00004004
[  300.252689] Call Trace:
[  300.252913]  <TASK>
[  300.253107]  __schedule+0x405/0x950
[  300.253452]  schedule+0x48/0xd0
[  300.253894]  schedule_preempt_disabled+0x18/0x30
[  300.254380]  __mutex_lock.isra.15+0x3c3/0x4b0
[  300.254777]  __mutex_lock_slowpath+0x13/0x20
[  300.255165]  mutex_lock+0x2c/0x30
[  300.255470]  __do_sys_perf_event_open+0x10a5/0x1a10
[  300.255907]  ? write_comp_data+0x2f/0x90
[  300.256274]  __x64_sys_perf_event_open+0x2b/0x30
[  300.256683]  do_syscall_64+0x37/0x80
[  300.257007]  entry_SYSCALL_64_after_hwframe+0x44/0xae
[  300.257480] RIP: 0033:0x7f34b391159d
[  300.257968] RSP: 002b:00007f34b37eae98 EFLAGS: 00000246 ORIG_RAX: 000000000000012a
[  300.258687] RAX: ffffffffffffffda RBX: 0000000000000000 RCX: 00007f34b391159d
[  300.259313] RDX: 0000000000000000 RSI: 00000000ffffffff RDI: 0000000020000000
[  300.259937] RBP: 00007f34b37eaec0 R08: 0000000000000000 R09: 0000000000000000
[  300.260568] R10: 00000000ffffffff R11: 0000000000000246 R12: 00007ffc4e09d35e
[  300.261189] R13: 00007ffc4e09d35f R14: 00007ffc4e09d3f0 R15: 00007f34b37eb700
[  300.261920]  </TASK>
[  300.262231] INFO: task repro:6353 blocked for more than 147 seconds.
[  300.262871]       Not tainted 5.16.0-rc5-4817c37d71b5+ #1
[  300.263359] "echo 0 > /proc/sys/kernel/hung_task_timeout_secs" disables this message.
[  300.264050] task:repro           state:D stack:    0 pid: 6353 ppid:   559 flags:0x00000004
[  300.264807] Call Trace:
[  300.265035]  <TASK>
[  300.265255]  __schedule+0x405/0x950
[  300.265728]  schedule+0x48/0xd0
[  300.266026]  schedule_preempt_disabled+0x18/0x30
[  300.266455]  __mutex_lock.isra.15+0x3c3/0x4b0
[  300.266859]  __mutex_lock_slowpath+0x13/0x20
[  300.267254]  mutex_lock+0x2c/0x30
[  300.267565]  __do_sys_perf_event_open+0x10a5/0x1a10
[  300.268015]  ? __sanitizer_cov_trace_pc+0x21/0x50
[  300.268458]  __x64_sys_perf_event_open+0x2b/0x30
[  300.268879]  do_syscall_64+0x37/0x80
[  300.269234]  entry_SYSCALL_64_after_hwframe+0x44/0xae
[  300.269923] RIP: 0033:0x7f34b391159d
[  300.270253] RSP: 002b:00007f34b37c9e98 EFLAGS: 00000246 ORIG_RAX: 000000000000012a
[  300.270926] RAX: ffffffffffffffda RBX: 0000000000000000 RCX: 00007f34b391159d
[  300.271559] RDX: 0000000000000000 RSI: 00000000ffffffff RDI: 0000000020000080
[  300.272207] RBP: 00007f34b37c9ec0 R08: 0000000000000000 R09: 0000000000000000
[  300.272831] R10: ffffffffffffffff R11: 0000000000000246 R12: 00007ffc4e09d35e
[  300.273483] R13: 00007ffc4e09d35f R14: 00007ffc4e09d3f0 R15: 00007f34b37ca700
[  300.274287]  </TASK>
[  300.274494] INFO: task repro:6356 blocked for more than 147 seconds.
[  300.275065]       Not tainted 5.16.0-rc5-4817c37d71b5+ #1
[  300.275551] "echo 0 > /proc/sys/kernel/hung_task_timeout_secs" disables this message.
[  300.276254] task:repro           state:D stack:    0 pid: 6356 ppid:   559 flags:0x00000004
[  300.276999] Call Trace:
[  300.277249]  <TASK>
[  300.277552]  __schedule+0x405/0x950
[  300.277967]  schedule+0x48/0xd0
[  300.278265]  schedule_preempt_disabled+0x18/0x30
[  300.278689]  __mutex_lock.isra.15+0x3c3/0x4b0
[  300.279092]  __mutex_lock_slowpath+0x13/0x20
[  300.279485]  mutex_lock+0x2c/0x30
[  300.279794]  __do_sys_perf_event_open+0x10a5/0x1a10
[  300.280245]  ? __sanitizer_cov_trace_pc+0x21/0x50
[  300.280794]  __x64_sys_perf_event_open+0x2b/0x30
[  300.281449]  do_syscall_64+0x37/0x80
[  300.281955]  entry_SYSCALL_64_after_hwframe+0x44/0xae
[  300.282646] RIP: 0033:0x7f34b391159d
[  300.283144] RSP: 002b:00007f34b37a8e98 EFLAGS: 00000246 ORIG_RAX: 000000000000012a
[  300.284133] RAX: ffffffffffffffda RBX: 0000000000000000 RCX: 00007f34b391159d
[  300.285079] RDX: 0000000000000000 RSI: 00000000ffffffff RDI: 0000000020000000
[  300.286038] RBP: 00007f34b37a8ec0 R08: 0000000000000000 R09: 0000000000000000
[  300.286993] R10: ffffffffffffffff R11: 0000000000000246 R12: 00007ffc4e09d35e
[  300.287942] R13: 00007ffc4e09d35f R14: 00007ffc4e09d3f0 R15: 00007f34b37a9700
[  300.288895]  </TASK>
[  300.289230] INFO: task repro:6350 blocked for more than 147 seconds.
[  300.290076]       Not tainted 5.16.0-rc5-4817c37d71b5+ #1
[  300.290568] "echo 0 > /proc/sys/kernel/hung_task_timeout_secs" disables this message.
[  300.291261] task:repro           state:D stack:    0 pid: 6350 ppid:   567 flags:0x00000004
[  300.292007] Call Trace:
[  300.292246]  <TASK>
[  300.292440]  __schedule+0x405/0x950
[  300.292766]  schedule+0x48/0xd0
[  300.293063]  schedule_preempt_disabled+0x18/0x30
[  300.293507]  __mutex_lock.isra.15+0x3c3/0x4b0
[  300.293917]  __mutex_lock_slowpath+0x13/0x20
[  300.294313]  mutex_lock+0x2c/0x30
[  300.294626]  __do_sys_perf_event_open+0x10a5/0x1a10
[  300.295077]  ? write_comp_data+0x2f/0x90
[  300.295447]  __x64_sys_perf_event_open+0x2b/0x30
[  300.295872]  do_syscall_64+0x37/0x80
[  300.296216]  entry_SYSCALL_64_after_hwframe+0x44/0xae
[  300.296684] RIP: 0033:0x7f34b391159d
[  300.297016] RSP: 002b:00007f34b37eae98 EFLAGS: 00000246 ORIG_RAX: 000000000000012a
[  300.297714] RAX: ffffffffffffffda RBX: 0000000000000000 RCX: 00007f34b391159d
[  300.298357] RDX: 0000000000000000 RSI: 00000000ffffffff RDI: 0000000020000000
[  300.299000] RBP: 00007f34b37eaec0 R08: 0000000000000000 R09: 0000000000000000
[  300.299641] R10: 00000000ffffffff R11: 0000000000000246 R12: 00007ffc4e09d35e
[  300.300290] R13: 00007ffc4e09d35f R14: 00007ffc4e09d3f0 R15: 00007f34b37eb700
[  300.300933]  </TASK>
[  300.301142] INFO: task repro:6354 blocked for more than 147 seconds.
[  300.301727]       Not tainted 5.16.0-rc5-4817c37d71b5+ #1
[  300.302220] "echo 0 > /proc/sys/kernel/hung_task_timeout_secs" disables this message.
[  300.302918] task:repro           state:D stack:    0 pid: 6354 ppid:   567 flags:0x00000004
[  300.303669] Call Trace:
[  300.303898]  <TASK>
[  300.304097]  __schedule+0x405/0x950
[  300.304431]  schedule+0x48/0xd0
[  300.304729]  schedule_preempt_disabled+0x18/0x30
[  300.305154]  __mutex_lock.isra.15+0x3c3/0x4b0
[  300.305572]  __mutex_lock_slowpath+0x13/0x20
[  300.305971]  mutex_lock+0x2c/0x30
[  300.306285]  __do_sys_perf_event_open+0x10a5/0x1a10
[  300.306736]  ? __sanitizer_cov_trace_pc+0x21/0x50
[  300.307173]  __x64_sys_perf_event_open+0x2b/0x30
[  300.307602]  do_syscall_64+0x37/0x80
[  300.307937]  entry_SYSCALL_64_after_hwframe+0x44/0xae
[  300.308414] RIP: 0033:0x7f34b391159d
[  300.308746] RSP: 002b:00007f34b37c9e98 EFLAGS: 00000246 ORIG_RAX: 000000000000012a
[  300.309438] RAX: ffffffffffffffda RBX: 0000000000000000 RCX: 00007f34b391159d
[  300.310082] RDX: 0000000000000000 RSI: 00000000ffffffff RDI: 0000000020000080
[  300.310725] RBP: 00007f34b37c9ec0 R08: 0000000000000000 R09: 0000000000000000
[  300.311366] R10: ffffffffffffffff R11: 0000000000000246 R12: 00007ffc4e09d35e
[  300.312007] R13: 00007ffc4e09d35f R14: 00007ffc4e09d3f0 R15: 00007f34b37ca700
[  300.312654]  </TASK>
