c[?7l[2J[0mSeaBIOS (version rel-1.16.0-0-gd239552ce722-prebuilt.qemu.org)


iPXE (http://ipxe.org) 00:03.0 CA00 PCI2.10 PnP PMM+7FF91000+7FEF1000 CA00
Press Ctrl-B to configure iPXE (PCI 00:03.0)...                                                                               


Booting from ROM...
c[?7l[2J[    0.000000] Linux version 5.12.0-9d31d2338950+ (root@p-tglh01.sh.intel.com) (gcc (GCC) 8.5.0 20210514 (Red Hat 8.5.0-17), GNU ld version 2.36.1-2.el8) #1 SMP Mon Nov 7 17:08:02 CST 2022
[    0.000000] Command line: console=ttyS0 root=/dev/sda earlyprintk=serial net.ifnames=0
[    0.000000] KERNEL supported cpus:
[    0.000000]   Intel GenuineIntel
[    0.000000]   AMD AuthenticAMD
[    0.000000]   Hygon HygonGenuine
[    0.000000]   Centaur CentaurHauls
[    0.000000]   zhaoxin   Shanghai  
[    0.000000] x86/fpu: Supporting XSAVE feature 0x001: 'x87 floating point registers'
[    0.000000] x86/fpu: Supporting XSAVE feature 0x002: 'SSE registers'
[    0.000000] x86/fpu: Supporting XSAVE feature 0x004: 'AVX registers'
[    0.000000] x86/fpu: Supporting XSAVE feature 0x020: 'AVX-512 opmask'
[    0.000000] x86/fpu: Supporting XSAVE feature 0x040: 'AVX-512 Hi256'
[    0.000000] x86/fpu: Supporting XSAVE feature 0x080: 'AVX-512 ZMM_Hi256'
[    0.000000] x86/fpu: Supporting XSAVE feature 0x200: 'Protection Keys User registers'
[    0.000000] x86/fpu: xstate_offset[2]:  576, xstate_sizes[2]:  256
[    0.000000] x86/fpu: xstate_offset[5]:  832, xstate_sizes[5]:   64
[    0.000000] x86/fpu: xstate_offset[6]:  896, xstate_sizes[6]:  512
[    0.000000] x86/fpu: xstate_offset[7]: 1408, xstate_sizes[7]: 1024
[    0.000000] x86/fpu: xstate_offset[9]: 2432, xstate_sizes[9]:    8
[    0.000000] x86/fpu: Enabled xstate features 0x2e7, context size is 2440 bytes, using 'compacted' format.
[    0.000000] BIOS-provided physical RAM map:
[    0.000000] BIOS-e820: [mem 0x0000000000000000-0x000000000009fbff] usable
[    0.000000] BIOS-e820: [mem 0x000000000009fc00-0x000000000009ffff] reserved
[    0.000000] BIOS-e820: [mem 0x00000000000f0000-0x00000000000fffff] reserved
[    0.000000] BIOS-e820: [mem 0x0000000000100000-0x000000007ffdffff] usable
[    0.000000] BIOS-e820: [mem 0x000000007ffe0000-0x000000007fffffff] reserved
[    0.000000] BIOS-e820: [mem 0x00000000feffc000-0x00000000feffffff] reserved
[    0.000000] BIOS-e820: [mem 0x00000000fffc0000-0x00000000ffffffff] reserved
[    0.000000] printk: bootconsole [earlyser0] enabled
[    0.000000] NX (Execute Disable) protection: active
[    0.000000] SMBIOS 2.8 present.
[    0.000000] DMI: QEMU Standard PC (i440FX + PIIX, 1996), BIOS rel-1.16.0-0-gd239552ce722-prebuilt.qemu.org 04/01/2014
[    0.000000] Hypervisor detected: KVM
[    0.000000] kvm-clock: Using msrs 4b564d01 and 4b564d00
[    0.000000] kvm-clock: cpu 0, msr 4601001, primary cpu clock
[    0.000003] kvm-clock: using sched offset of 342684262 cycles
[    0.000642] clocksource: kvm-clock: mask: 0xffffffffffffffff max_cycles: 0x1cd42e4dffb, max_idle_ns: 881590591483 ns
[    0.002415] tsc: Detected 3110.400 MHz processor
[    0.010489] last_pfn = 0x7ffe0 max_arch_pfn = 0x400000000
[    0.011172] x86/PAT: Configuration [0-7]: WB  WC  UC- UC  WB  WP  UC- WT  
[    0.019568] found SMP MP-table at [mem 0x000f5ba0-0x000f5baf]
[    0.020307] Using GB pages for direct mapping
[    0.021811] ACPI: Early table checksum verification disabled
[    0.022458] ACPI: RSDP 0x00000000000F59C0 000014 (v00 BOCHS )
[    0.023129] ACPI: RSDT 0x000000007FFE1951 000034 (v01 BOCHS  BXPC     00000001 BXPC 00000001)
[    0.024115] ACPI: FACP 0x000000007FFE17FD 000074 (v01 BOCHS  BXPC     00000001 BXPC 00000001)
[    0.025101] ACPI: DSDT 0x000000007FFE0040 0017BD (v01 BOCHS  BXPC     00000001 BXPC 00000001)
[    0.026046] ACPI: FACS 0x000000007FFE0000 000040
[    0.026581] ACPI: APIC 0x000000007FFE1871 000080 (v01 BOCHS  BXPC     00000001 BXPC 00000001)
[    0.027562] ACPI: HPET 0x000000007FFE18F1 000038 (v01 BOCHS  BXPC     00000001 BXPC 00000001)
[    0.028541] ACPI: WAET 0x000000007FFE1929 000028 (v01 BOCHS  BXPC     00000001 BXPC 00000001)
[    0.029507] ACPI: Reserving FACP table memory at [mem 0x7ffe17fd-0x7ffe1870]
[    0.030277] ACPI: Reserving DSDT table memory at [mem 0x7ffe0040-0x7ffe17fc]
[    0.031069] ACPI: Reserving FACS table memory at [mem 0x7ffe0000-0x7ffe003f]
[    0.031863] ACPI: Reserving APIC table memory at [mem 0x7ffe1871-0x7ffe18f0]
[    0.032658] ACPI: Reserving HPET table memory at [mem 0x7ffe18f1-0x7ffe1928]
[    0.033456] ACPI: Reserving WAET table memory at [mem 0x7ffe1929-0x7ffe1950]
[    0.035120] No NUMA configuration found
[    0.035556] Faking a node at [mem 0x0000000000000000-0x000000007ffdffff]
[    0.036385] NODE_DATA(0) allocated [mem 0x7ffb5000-0x7ffdffff]
[    0.040737] Zone ranges:
[    0.041031]   DMA      [mem 0x0000000000001000-0x0000000000ffffff]
[    0.041714]   DMA32    [mem 0x0000000001000000-0x000000007ffdffff]
[    0.042395]   Normal   empty
[    0.042724]   Device   empty
[    0.043053] Movable zone start for each node
[    0.043541] Early memory node ranges
[    0.043950]   node   0: [mem 0x0000000000001000-0x000000000009efff]
[    0.044667]   node   0: [mem 0x0000000000100000-0x000000007ffdffff]
[    0.045381] Initmem setup node 0 [mem 0x0000000000001000-0x000000007ffdffff]
[    0.046656]   DMA zone: 28770 pages in unavailable ranges
[    0.053270]   DMA32 zone: 32 pages in unavailable ranges
[    0.054196] ACPI: PM-Timer IO Port: 0x608
[    0.054692] ACPI: LAPIC_NMI (acpi_id[0xff] dfl dfl lint[0x1])
[    0.055424] IOAPIC[0]: apic_id 0, version 17, address 0xfec00000, GSI 0-23
[    0.056221] ACPI: INT_SRC_OVR (bus 0 bus_irq 0 global_irq 2 dfl dfl)
[    0.056946] ACPI: INT_SRC_OVR (bus 0 bus_irq 5 global_irq 5 high level)
[    0.057684] ACPI: INT_SRC_OVR (bus 0 bus_irq 9 global_irq 9 high level)
[    0.058422] ACPI: INT_SRC_OVR (bus 0 bus_irq 10 global_irq 10 high level)
[    0.059197] ACPI: INT_SRC_OVR (bus 0 bus_irq 11 global_irq 11 high level)
[    0.060005] Using ACPI (MADT) for SMP configuration information
[    0.060675] ACPI: HPET id: 0x8086a201 base: 0xfed00000
[    0.061278] TSC deadline timer available
[    0.061698] smpboot: Allowing 2 CPUs, 0 hotplug CPUs
[    0.062266] kvm-guest: KVM setup pv remote TLB flush
[    0.062840] kvm-guest: setup PV sched yield
[    0.063352] PM: hibernation: Registered nosave memory: [mem 0x00000000-0x00000fff]
[    0.064213] PM: hibernation: Registered nosave memory: [mem 0x0009f000-0x0009ffff]
[    0.065069] PM: hibernation: Registered nosave memory: [mem 0x000a0000-0x000effff]
[    0.065894] PM: hibernation: Registered nosave memory: [mem 0x000f0000-0x000fffff]
[    0.066753] [mem 0x80000000-0xfeffbfff] available for PCI devices
[    0.067443] Booting paravirtualized kernel on KVM
[    0.067982] clocksource: refined-jiffies: mask: 0xffffffff max_cycles: 0xffffffff, max_idle_ns: 7645519600211568 ns
[    0.069205] setup_percpu: NR_CPUS:8192 nr_cpumask_bits:2 nr_cpu_ids:2 nr_node_ids:1
[    0.070463] percpu: Embedded 56 pages/cpu s192512 r8192 d28672 u1048576
[    0.071364] kvm-guest: KVM setup async PF for cpu 0
[    0.071918] kvm-guest: stealtime: cpu 0, msr 7dc2e080
[    0.072499] kvm-guest: PV spinlocks enabled
[    0.072988] PV qspinlock hash table entries: 256 (order: 0, 4096 bytes, linear)
[    0.073812] Built 1 zonelists, mobility grouping on.  Total pages: 515945
[    0.074577] Policy zone: DMA32
[    0.074927] Kernel command line: net.ifnames=0 console=ttyS0 root=/dev/sda earlyprintk=serial net.ifnames=0
[    0.076749] Dentry cache hash table entries: 262144 (order: 9, 2097152 bytes, linear)
[    0.077728] Inode-cache hash table entries: 131072 (order: 8, 1048576 bytes, linear)
[    0.078710] mem auto-init: stack:off, heap alloc:off, heap free:off
[    0.083769] Memory: 2002380K/2096632K available (28688K kernel code, 4284K rwdata, 7312K rodata, 3316K init, 10648K bss, 93996K reserved, 0K cma-reserved)
[    0.085396] random: get_random_u64 called from __kmem_cache_create+0x2f/0x440 with crng_init=0
[    0.085763] SLUB: HWalign=64, Order=0-3, MinObjects=0, CPUs=2, Nodes=1
[    0.087489] kmemleak: Kernel memory leak detector disabled
[    0.088136] ftrace: allocating 62798 entries in 246 pages
[    0.185689] ftrace: allocated 246 pages with 6 groups
[    0.186447] rcu: Hierarchical RCU implementation.
[    0.187031] rcu: 	RCU restricting CPUs from NR_CPUS=8192 to nr_cpu_ids=2.
[    0.187854] 	Trampoline variant of Tasks RCU enabled.
[    0.188462] 	Rude variant of Tasks RCU enabled.
[    0.189006] 	Tracing variant of Tasks RCU enabled.
[    0.189540] rcu: RCU calculated value of scheduler-enlistment delay is 25 jiffies.
[    0.190350] rcu: Adjusting geometry for rcu_fanout_leaf=16, nr_cpu_ids=2
[    0.208500] NR_IRQS: 524544, nr_irqs: 440, preallocated irqs: 16
[    0.219341] Console: colour VGA+ 80x25
[    0.219829] printk: console [ttyS0] enabled
[    0.219829] printk: console [ttyS0] enabled
[    0.220833] printk: bootconsole [earlyser0] disabled
[    0.220833] printk: bootconsole [earlyser0] disabled
[    0.221971] ACPI: Core revision 20210331
[    0.222686] clocksource: hpet: mask: 0xffffffff max_cycles: 0xffffffff, max_idle_ns: 19112604467 ns
[    0.223878] APIC: Switch to symmetric I/O mode setup
[    0.224716] x2apic enabled
[    0.225328] Switched APIC routing to physical x2apic.
[    0.225896] kvm-guest: setup PV IPIs
[    0.227416] ..TIMER: vector=0x30 apic1=0 pin1=2 apic2=-1 pin2=-1
[    0.228199] clocksource: tsc-early: mask: 0xffffffffffffffff max_cycles: 0x2cd5a8bb032, max_idle_ns: 440795365915 ns
[    0.229475] Calibrating delay loop (skipped) preset value.. 6220.80 BogoMIPS (lpj=12441600)
[    0.230465] pid_max: default: 32768 minimum: 301
[    0.231071] LSM: Security Framework initializing
[    0.231629] Yama: becoming mindful.
[    0.233570] Mount-cache hash table entries: 4096 (order: 3, 32768 bytes, linear)
[    0.234479] Mountpoint-cache hash table entries: 4096 (order: 3, 32768 bytes, linear)
[    0.236115] x86/cpu: User Mode Instruction Prevention (UMIP) activated
[    0.237169] Last level iTLB entries: 4KB 0, 2MB 0, 4MB 0
[    0.237477] Last level dTLB entries: 4KB 0, 2MB 0, 4MB 0, 1GB 0
[    0.238214] Spectre V1 : Mitigation: usercopy/swapgs barriers and __user pointer sanitization
[    0.239181] Spectre V2 : Mitigation: Enhanced IBRS
[    0.239722] Spectre V2 : Spectre v2 / SpectreRSB mitigation: Filling RSB on context switch
[    0.240651] Spectre V2 : mitigation: Enabling conditional Indirect Branch Prediction Barrier
[    0.241474] Speculative Store Bypass: Mitigation: Speculative Store Bypass disabled via prctl and seccomp
[    0.275865] Freeing SMP alternatives memory: 52K
[    0.276621] smpboot: CPU0: Genuine Intel(R) CPU 0000 @ 2.20GHz (family: 0x6, model: 0x8d, stepping: 0x0)
[    0.277471] Performance Events: Icelake events, full-width counters, Intel PMU driver.
[    0.277471] ... version:                2
[    0.277471] ... bit width:              48
[    0.277471] ... generic registers:      8
[    0.277471] ... value mask:             0000ffffffffffff
[    0.277476] ... max period:             00007fffffffffff
[    0.278072] ... fixed-purpose events:   3
[    0.278526] ... event mask:             00000007000000ff
[    0.279305] rcu: Hierarchical SRCU implementation.
[    0.282105] smp: Bringing up secondary CPUs ...
[    0.282828] x86: Booting SMP configuration:
[    0.283302] .... node  #0, CPUs:      #1
[    0.019940] kvm-clock: cpu 1, msr 4601041, secondary cpu clock
[    0.284305] kvm-guest: KVM setup async PF for cpu 1
[    0.284305] kvm-guest: stealtime: cpu 1, msr 7dd2e080
[    0.285502] smp: Brought up 1 node, 2 CPUs
[    0.285978] smpboot: Max logical packages: 1
[    0.286459] smpboot: Total of 2 processors activated (12441.60 BogoMIPS)
[    0.287652] devtmpfs: initialized
[    0.287652] x86/mm: Memory block size: 128MB
[    0.289765] clocksource: jiffies: mask: 0xffffffff max_cycles: 0xffffffff, max_idle_ns: 7645041785100000 ns
[    0.289765] futex hash table entries: 512 (order: 3, 32768 bytes, linear)
[    0.290492] pinctrl core: initialized pinctrl subsystem
[    0.291436] 
[    0.291616] *************************************************************
[    0.292492] **     NOTICE NOTICE NOTICE NOTICE NOTICE NOTICE NOTICE    **
[    0.293274] **                                                         **
[    0.293476] **  IOMMU DebugFS SUPPORT HAS BEEN ENABLED IN THIS KERNEL  **
[    0.294340] **                                                         **
[    0.295207] ** This means that this kernel is built to expose internal **
[    0.296048] ** IOMMU data structures, which may compromise security on **
[    0.296782] ** your system.                                            **
[    0.297475] **                                                         **
[    0.298351] ** If you see this message and you are not debugging the   **
[    0.299208] ** kernel, report this immediately to your vendor!         **
[    0.299999] **                                                         **
[    0.300820] **     NOTICE NOTICE NOTICE NOTICE NOTICE NOTICE NOTICE    **
[    0.301475] *************************************************************
[    0.302431] PM: RTC time: 21:15:00, date: 2022-11-15
[    0.304612] NET: Registered protocol family 16
[    0.305694] DMA: preallocated 256 KiB GFP_KERNEL pool for atomic allocations
[    0.306543] DMA: preallocated 256 KiB GFP_KERNEL|GFP_DMA pool for atomic allocations
[    0.307493] DMA: preallocated 256 KiB GFP_KERNEL|GFP_DMA32 pool for atomic allocations
[    0.308503] audit: initializing netlink subsys (disabled)
[    0.309528] audit: type=2000 audit(1668546901.053:1): state=initialized audit_enabled=0 res=1
[    0.313704] thermal_sys: Registered thermal governor 'fair_share'
[    0.314339] thermal_sys: Registered thermal governor 'bang_bang'
[    0.315048] thermal_sys: Registered thermal governor 'step_wise'
[    0.315699] thermal_sys: Registered thermal governor 'user_space'
[    0.316352] cpuidle: using governor ladder
[    0.317480] cpuidle: using governor menu
[    0.318137] ACPI: bus type PCI registered
[    0.318564] acpiphp: ACPI Hot Plug PCI Controller Driver version: 0.5
[    0.319717] PCI: Using configuration type 1 for base access
[    0.328981] Kprobes globally optimized
[    0.329542] HugeTLB registered 1.00 GiB page size, pre-allocated 0 pages
[    0.329542] HugeTLB registered 2.00 MiB page size, pre-allocated 0 pages
[    0.333803] ACPI: Added _OSI(Module Device)
[    0.334281] ACPI: Added _OSI(Processor Device)
[    0.334809] ACPI: Added _OSI(3.0 _SCP Extensions)
[    0.335441] ACPI: Added _OSI(Processor Aggregator Device)
[    0.336069] ACPI: Added _OSI(Linux-Dell-Video)
[    0.336679] ACPI: Added _OSI(Linux-Lenovo-NV-HDMI-Audio)
[    0.337284] ACPI: Added _OSI(Linux-HPI-Hybrid-Graphics)
[    0.343652] ACPI: 1 ACPI AML tables successfully acquired and loaded
[    0.348110] ACPI: Interpreter enabled
[    0.348637] ACPI: (supports S0 S3 S4 S5)
[    0.349189] ACPI: Using IOAPIC for interrupt routing
[    0.349518] PCI: Using host bridge windows from ACPI; if necessary, use "pci=nocrs" and report a bug
[    0.351437] ACPI: Enabled 2 GPEs in block 00 to 0F
[    0.369456] ACPI: PCI Root Bridge [PCI0] (domain 0000 [bus 00-ff])
[    0.370388] acpi PNP0A03:00: _OSC: OS supports [ASPM ClockPM Segments MSI EDR HPX-Type3]
[    0.371639] acpi PNP0A03:00: fail to add MMCONFIG information, can't access extended PCI configuration space under this bridge.
[    0.375466] acpiphp: Slot [3] registered
[    0.376032] acpiphp: Slot [4] registered
[    0.376617] acpiphp: Slot [5] registered
[    0.377180] acpiphp: Slot [6] registered
[    0.377570] acpiphp: Slot [7] registered
[    0.378157] acpiphp: Slot [8] registered
[    0.378722] acpiphp: Slot [9] registered
[    0.379317] acpiphp: Slot [10] registered
[    0.379898] acpiphp: Slot [11] registered
[    0.380508] acpiphp: Slot [12] registered
[    0.381114] acpiphp: Slot [13] registered
[    0.381573] acpiphp: Slot [14] registered
[    0.382151] acpiphp: Slot [15] registered
[    0.382750] acpiphp: Slot [16] registered
[    0.383308] acpiphp: Slot [17] registered
[    0.383919] acpiphp: Slot [18] registered
[    0.384488] acpiphp: Slot [19] registered
[    0.385086] acpiphp: Slot [20] registered
[    0.385578] acpiphp: Slot [21] registered
[    0.386158] acpiphp: Slot [22] registered
[    0.386747] acpiphp: Slot [23] registered
[    0.387336] acpiphp: Slot [24] registered
[    0.387915] acpiphp: Slot [25] registered
[    0.388478] acpiphp: Slot [26] registered
[    0.389057] acpiphp: Slot [27] registered
[    0.389538] acpiphp: Slot [28] registered
[    0.390109] acpiphp: Slot [29] registered
[    0.390668] acpiphp: Slot [30] registered
[    0.391269] acpiphp: Slot [31] registered
[    0.391761] PCI host bridge to bus 0000:00
[    0.392282] pci_bus 0000:00: root bus resource [io  0x0000-0x0cf7 window]
[    0.393106] pci_bus 0000:00: root bus resource [io  0x0d00-0xffff window]
[    0.393477] pci_bus 0000:00: root bus resource [mem 0x000a0000-0x000bffff window]
[    0.394413] pci_bus 0000:00: root bus resource [mem 0x80000000-0xfebfffff window]
[    0.395320] pci_bus 0000:00: root bus resource [mem 0x100000000-0x17fffffff window]
[    0.396338] pci_bus 0000:00: root bus resource [bus 00-ff]
[    0.397103] pci 0000:00:00.0: [8086:1237] type 00 class 0x060000
[    0.399539] pci 0000:00:01.0: [8086:7000] type 00 class 0x060100
[    0.401389] pci 0000:00:01.1: [8086:7010] type 00 class 0x010180
[    0.403703] pci 0000:00:01.1: reg 0x20: [io  0xc040-0xc04f]
[    0.405309] pci 0000:00:01.1: legacy IDE quirk: reg 0x10: [io  0x01f0-0x01f7]
[    0.405479] pci 0000:00:01.1: legacy IDE quirk: reg 0x14: [io  0x03f6]
[    0.406303] pci 0000:00:01.1: legacy IDE quirk: reg 0x18: [io  0x0170-0x0177]
[    0.407120] pci 0000:00:01.1: legacy IDE quirk: reg 0x1c: [io  0x0376]
[    0.408562] pci 0000:00:01.3: [8086:7113] type 00 class 0x068000
[    0.409714] pci 0000:00:01.3: quirk: [io  0x0600-0x063f] claimed by PIIX4 ACPI
[    0.410624] pci 0000:00:01.3: quirk: [io  0x0700-0x070f] claimed by PIIX4 SMB
[    0.412449] pci 0000:00:02.0: [1234:1111] type 00 class 0x030000
[    0.417864] pci 0000:00:02.0: reg 0x10: [mem 0xfd000000-0xfdffffff pref]
[    0.420322] pci 0000:00:02.0: reg 0x18: [mem 0xfebf0000-0xfebf0fff]
[    0.425266] pci 0000:00:02.0: reg 0x30: [mem 0xfebe0000-0xfebeffff pref]
[    0.428212] pci 0000:00:03.0: [8086:100e] type 00 class 0x020000
[    0.429860] pci 0000:00:03.0: reg 0x10: [mem 0xfebc0000-0xfebdffff]
[    0.431376] pci 0000:00:03.0: reg 0x14: [io  0xc000-0xc03f]
[    0.435787] pci 0000:00:03.0: reg 0x30: [mem 0xfeb80000-0xfebbffff pref]
[    0.449873] ACPI: PCI: Interrupt link LNKA configured for IRQ 10
[    0.451119] ACPI: PCI: Interrupt link LNKB configured for IRQ 10
[    0.452300] ACPI: PCI: Interrupt link LNKC configured for IRQ 11
[    0.453486] ACPI: PCI: Interrupt link LNKD configured for IRQ 11
[    0.454464] ACPI: PCI: Interrupt link LNKS configured for IRQ 9
[    0.456100] iommu: Default domain type: Translated 
[    0.457538] pci 0000:00:02.0: vgaarb: setting as boot VGA device
[    0.458403] pci 0000:00:02.0: vgaarb: VGA device added: decodes=io+mem,owns=io+mem,locks=none
[    0.459727] pci 0000:00:02.0: vgaarb: bridge control possible
[    0.460624] vgaarb: loaded
[    0.461985] SCSI subsystem initialized
[    0.462579] ACPI: bus type USB registered
[    0.462579] usbcore: registered new interface driver usbfs
[    0.462880] usbcore: registered new interface driver hub
[    0.463483] usbcore: registered new device driver usb
[    0.464108] pps_core: LinuxPPS API ver. 1 registered
[    0.464640] pps_core: Software ver. 5.3.6 - Copyright 2005-2007 Rodolfo Giometti <giometti@linux.it>
[    0.465488] PTP clock support registered
[    0.465969] EDAC MC: Ver: 3.0.0
[    0.466305] NetLabel: Initializing
[    0.469477] NetLabel:  domain hash size = 128
[    0.470126] NetLabel:  protocols = UNLABELED CIPSOv4 CALIPSO
[    0.471030] NetLabel:  unlabeled traffic allowed by default
[    0.471926] PCI: Using ACPI for IRQ routing
[    0.471926] hpet0: at MMIO 0xfed00000, IRQs 2, 8, 0
[    0.471926] hpet0: 3 comparators, 64-bit 100.000000 MHz counter
[    0.475602] clocksource: Switched to clocksource kvm-clock
[    0.519796] VFS: Disk quotas dquot_6.6.0
[    0.520283] VFS: Dquot-cache hash table entries: 512 (order 0, 4096 bytes)
[    0.521192] pnp: PnP ACPI init
[    0.523162] pnp: PnP ACPI: found 6 devices
[    0.531894] clocksource: acpi_pm: mask: 0xffffff max_cycles: 0xffffff, max_idle_ns: 2085701024 ns
[    0.533167] NET: Registered protocol family 2
[    0.533700] IP idents hash table entries: 32768 (order: 6, 262144 bytes, linear)
[    0.535588] tcp_listen_portaddr_hash hash table entries: 1024 (order: 2, 16384 bytes, linear)
[    0.536535] TCP established hash table entries: 16384 (order: 5, 131072 bytes, linear)
[    0.537512] TCP bind hash table entries: 16384 (order: 6, 262144 bytes, linear)
[    0.538461] TCP: Hash tables configured (established 16384 bind 16384)
[    0.539207] UDP hash table entries: 1024 (order: 3, 32768 bytes, linear)
[    0.539957] UDP-Lite hash table entries: 1024 (order: 3, 32768 bytes, linear)
[    0.540810] NET: Registered protocol family 1
[    0.541512] RPC: Registered named UNIX socket transport module.
[    0.542139] RPC: Registered udp transport module.
[    0.542651] RPC: Registered tcp transport module.
[    0.543160] RPC: Registered tcp NFSv4.1 backchannel transport module.
[    0.543869] pci_bus 0000:00: resource 4 [io  0x0000-0x0cf7 window]
[    0.544553] pci_bus 0000:00: resource 5 [io  0x0d00-0xffff window]
[    0.545241] pci_bus 0000:00: resource 6 [mem 0x000a0000-0x000bffff window]
[    0.545977] pci_bus 0000:00: resource 7 [mem 0x80000000-0xfebfffff window]
[    0.546727] pci_bus 0000:00: resource 8 [mem 0x100000000-0x17fffffff window]
[    0.547709] pci 0000:00:01.0: PIIX3: Enabling Passive Release
[    0.548350] pci 0000:00:00.0: Limiting direct PCI/PCI transfers
[    0.549015] pci 0000:00:01.0: Activating ISA DMA hang workarounds
[    0.549759] pci 0000:00:02.0: Video device with shadowed ROM at [mem 0x000c0000-0x000dffff]
[    0.550675] PCI: CLS 0 bytes, default 64
[    0.551408] clocksource: tsc: mask: 0xffffffffffffffff max_cycles: 0x2cd5a8bb032, max_idle_ns: 440795365915 ns
[    3.669699] Initialise system trusted keyrings
[    3.670253] Key type blacklist registered
[    3.670921] workingset: timestamp_bits=36 max_order=19 bucket_order=0
[    3.680660] zbud: loaded
[    3.682504] squashfs: version 4.0 (2009/01/31) Phillip Lougher
[    3.684603] NFS: Registering the id_resolver key type
[    3.685443] Key type id_resolver registered
[    3.686129] Key type id_legacy registered
[    3.686865] nfs4filelayout_init: NFSv4 File Layout Driver Registering...
[    3.687920] nfs4flexfilelayout_init: NFSv4 Flexfile Layout Driver Registering...
[    3.689223] fuse: init (API version 7.33)
[    3.690185] SGI XFS with ACLs, security attributes, realtime, quota, no debug enabled
[    3.692836] 9p: Installing v9fs 9p2000 file system support
[    3.712565] Key type asymmetric registered
[    3.713091] Asymmetric key parser 'x509' registered
[    3.713782] Block layer SCSI generic (bsg) driver version 0.4 loaded (major 244)
[    3.714807] io scheduler mq-deadline registered
[    3.715658] io scheduler bfq registered
[    3.716698] shpchp: Standard Hot Plug PCI Controller Driver version: 0.4
[    3.718000] IPMI message handler: version 39.2
[    3.718723] ipmi device interface
[    3.720930] input: Power Button as /devices/LNXSYSTM:00/LNXPWRBN:00/input/input0
[    3.722204] ACPI: button: Power Button [PWRF]
[    3.724107] ERST DBG: ERST support is disabled.
[    3.725070] Serial: 8250/16550 driver, 32 ports, IRQ sharing enabled
[    3.726286] 00:04: ttyS0 at I/O 0x3f8 (irq = 4, base_baud = 115200) is a 16550A
[    3.733638] Linux agpgart interface v0.103
[    3.743573] brd: module loaded
[    3.749702] loop: module loaded
[    3.752924] scsi host0: ata_piix
[    3.753625] scsi host1: ata_piix
[    3.754079] ata1: PATA max MWDMA2 cmd 0x1f0 ctl 0x3f6 bmdma 0xc040 irq 14
[    3.754843] ata2: PATA max MWDMA2 cmd 0x170 ctl 0x376 bmdma 0xc048 irq 15
[    3.756414] libphy: Fixed MDIO Bus: probed
[    3.757086] tun: Universal TUN/TAP device driver, 1.6
[    3.757808] e100: Intel(R) PRO/100 Network Driver
[    3.758342] e100: Copyright(c) 1999-2006 Intel Corporation
[    3.758988] e1000: Intel(R) PRO/1000 Network Driver
[    3.759534] e1000: Copyright (c) 1999-2006 Intel Corporation.
[    3.864340] ACPI: \_SB_.LNKC: Enabled at IRQ 11
[    3.914235] ata1.00: ATA-7: QEMU HARDDISK, 2.5+, max UDMA/100
[    3.915094] ata1.00: 16777216 sectors, multi 16: LBA48 
[    3.916838] scsi 0:0:0:0: Direct-Access     ATA      QEMU HARDDISK    2.5+ PQ: 0 ANSI: 5
[    3.918468] scsi 0:0:0:0: Attached scsi generic sg0 type 0
[    3.919607] sd 0:0:0:0: [sda] 16777216 512-byte logical blocks: (8.59 GB/8.00 GiB)
[    3.920727] sd 0:0:0:0: [sda] Write Protect is off
[    3.922134] sd 0:0:0:0: [sda] Write cache: enabled, read cache: enabled, doesn't support DPO or FUA
[    3.923478] ata2.00: ATAPI: QEMU DVD-ROM, 2.5+, max UDMA/100
[    3.925649] scsi 1:0:0:0: CD-ROM            QEMU     QEMU DVD-ROM     2.5+ PQ: 0 ANSI: 5
[    3.927783] scsi 1:0:0:0: Attached scsi generic sg1 type 5
[    4.045637] sd 0:0:0:0: [sda] Attached SCSI disk
[    4.196981] e1000 0000:00:03.0 eth0: (PCI:33MHz:32-bit) 52:54:00:12:34:56
[    4.197808] e1000 0000:00:03.0 eth0: Intel(R) PRO/1000 Network Connection
[    4.198648] e1000e: Intel(R) PRO/1000 Network Driver
[    4.199206] e1000e: Copyright(c) 1999 - 2015 Intel Corporation.
[    4.199922] igb: Intel(R) Gigabit Ethernet Network Driver
[    4.200528] igb: Copyright (c) 2007-2014 Intel Corporation.
[    4.201240] PPP generic driver version 2.4.2
[    4.201940] VFIO - User Level meta-driver version: 0.3
[    4.202558] ehci_hcd: USB 2.0 'Enhanced' Host Controller (EHCI) Driver
[    4.203292] ehci-pci: EHCI PCI platform driver
[    4.203818] ehci-platform: EHCI generic platform driver
[    4.204420] ohci_hcd: USB 1.1 'Open' Host Controller (OHCI) Driver
[    4.205117] ohci-pci: OHCI PCI platform driver
[    4.205642] ohci-platform: OHCI generic platform driver
[    4.206222] uhci_hcd: USB Universal Host Controller Interface driver
[    4.207143] usbcore: registered new interface driver uas
[    4.207777] usbcore: registered new interface driver usb-storage
[    4.208546] i8042: PNP: PS/2 Controller [PNP0303:KBD,PNP0f13:MOU] at 0x60,0x64 irq 1,12
[    4.210088] serio: i8042 KBD port at 0x60,0x64 irq 1
[    4.210654] serio: i8042 AUX port at 0x60,0x64 irq 12
[    4.211563] mousedev: PS/2 mouse device common for all mice
[    4.212772] input: AT Translated Set 2 keyboard as /devices/platform/i8042/serio0/input/input1
[    4.213641] rtc_cmos 00:05: RTC can wake from S4
[    4.214844] input: VirtualPS/2 VMware VMMouse as /devices/platform/i8042/serio1/input/input4
[    4.215650] rtc_cmos 00:05: registered as rtc0
[    4.216790] input: VirtualPS/2 VMware VMMouse as /devices/platform/i8042/serio1/input/input3
[    4.218073] rtc_cmos 00:05: setting system clock to 2022-11-15T21:15:04 UTC (1668546904)
[    4.219277] rtc_cmos 00:05: alarms up to one day, y3k, 242 bytes nvram, hpet irqs
[    4.220137] i2c /dev entries driver
[    4.220642] device-mapper: uevent: version 1.0.3
[    4.221332] device-mapper: ioctl: 4.44.0-ioctl (2021-02-01) initialised: dm-devel@redhat.com
[    4.222257] intel_pstate: CPU model not supported
[    4.222855] sdhci: Secure Digital Host Controller Interface driver
[    4.223545] sdhci: Copyright(c) Pierre Ossman
[    4.224114] sdhci-pltfm: SDHCI platform and OF driver helper
[    4.224783] ledtrig-cpu: registered to indicate activity on CPUs
[    4.225545] drop_monitor: Initializing network drop monitor service
[    4.226653] NET: Registered protocol family 10
[    4.228530] Segment Routing with IPv6
[    4.229017] NET: Registered protocol family 17
[    4.229719] 9pnet: Installing 9P2000 support
[    4.230229] Key type dns_resolver registered
[    4.231339] IPI shorthand broadcast: enabled
[    4.231852] sched_clock: Marking stable (4215177702, 15940003)->(4235141884, -4024179)
[    4.233019] registered taskstats version 1
[    4.233517] Loading compiled-in X.509 certificates
[    4.234102] zswap: loaded using pool lzo/zbud
[    4.234858] Key type ._fscrypt registered
[    4.235322] Key type .fscrypt registered
[    4.235766] Key type fscrypt-provisioning registered
[    4.236874] Key type encrypted registered
[    4.237357] ima: No TPM chip found, activating TPM-bypass!
[    4.237965] ima: Allocated hash algorithm: sha1
[    4.238470] ima: No architecture policies found
[    4.239004] evm: Initialising EVM extended attributes:
[    4.239578] evm: security.selinux
[    4.239956] evm: security.SMACK64
[    4.240332] evm: security.SMACK64EXEC
[    4.240742] evm: security.SMACK64TRANSMUTE
[    4.241210] evm: security.SMACK64MMAP
[    4.241615] evm: security.apparmor
[    4.241982] evm: security.ima
[    4.242306] evm: security.capability
[    4.242707] evm: HMAC attrs: 0x1
[    4.245220] PM:   Magic number: 14:107:298
[    4.246030] RAS: Correctable Errors collector initialized.
[    4.246967] md: Waiting for all devices to be available before autodetect
[    4.247728] md: If you don't use raid, use raid=noautodetect
[    4.248363] md: Autodetecting RAID arrays.
[    4.248826] md: autorun ...
[    4.249146] md: ... autorun DONE.
[    4.252065] EXT4-fs (sda): INFO: recovery required on readonly filesystem
[    4.252824] EXT4-fs (sda): write access will be enabled during recovery
[    4.311853] EXT4-fs (sda): recovery complete
[    4.334796] EXT4-fs (sda): mounted filesystem with ordered data mode. Opts: (null). Quota mode: none.
[    4.335852] VFS: Mounted root (ext4 filesystem) readonly on device 8:0.
[    4.336957] devtmpfs: mounted
[    4.342487] Freeing unused decrypted memory: 2036K
[    4.344603] Freeing unused kernel image (initmem) memory: 3316K
[    4.345259] Write protecting the kernel read-only data: 38912k
[    4.347964] Freeing unused kernel image (text/rodata gap) memory: 2028K
[    4.349144] Freeing unused kernel image (rodata/data gap) memory: 880K
[    4.464690] x86/mm: Checked W+X mappings: passed, no W+X pages found.
[    4.465395] Run /sbin/init as init process
[    4.477816] random: fast init done
[    4.534728] systemd[1]: RTC configured in localtime, applying delta of 0 minutes to system time.
[    4.551320] systemd[1]: systemd 239 (239-49.el8) running in system mode. (+PAM +AUDIT +SELINUX +IMA -APPARMOR +SMACK +SYSVINIT +UTMP +LIBCRYPTSETUP +GCRYPT +GNUTLS +ACL +XZ +LZ4 +SECCOMP +BLKID +ELFUTILS +KMOD +IDN2 -IDN +PCRE2 default-hierarchy=legacy)
[    4.553736] systemd[1]: Detected virtualization kvm.
[    4.554264] systemd[1]: Detected architecture x86-64.

Welcome to [0;31mCentOS Stream 8[0m!

[    4.580651] systemd[1]: Set hostname to <test>.
[    4.689154] random: lvmconfig: uninitialized urandom read (4 bytes read)
[    4.769191] random: systemd: uninitialized urandom read (16 bytes read)
[    4.770066] systemd[1]: Listening on LVM2 poll daemon socket.
[[0;32m  OK  [0m] Listening on LVM2 poll daemon socket.
[    4.771535] random: systemd: uninitialized urandom read (16 bytes read)
[    4.772368] systemd[1]: Listening on Device-mapper event daemon FIFOs.
[[0;32m  OK  [0m] Listening on Device-mapper event daemon FIFOs.
[    4.774072] systemd[1]: Listening on RPCbind Server Activation Socket.
[[0;32m  OK  [0m] Listening on RPCbind Server Activation Socket.
[    4.775647] systemd[1]: Started Forward Password Requests to Wall Directory Watch.
[[0;32m  OK  [0m] Started Forward Password Requests to Wall Directory Watch.
[    4.777351] systemd[1]: Reached target Swap.
[[0;32m  OK  [0m] Reached target Swap.
[    4.778531] systemd[1]: Listening on Journal Socket.
[[0;32m  OK  [0m] Listening on Journal Socket.
         Mounting Kernel Debug File System...
         Starting Monitoring of LVM2 mirrorsâ€¦ng dmeventd or progress polling...
[[0;32m  OK  [0m] Created slice system-getty.slice.
         Mounting Huge Pages File System...
[[0;32m  OK  [0m] Listening on multipathd control socket.
[[0;32m  OK  [0m] Listening on udev Kernel Socket.
         Mounting POSIX Message Queue File System...
[[0;32m  OK  [0m] Created slice system-serial\x2dgetty.slice.
[[0;32m  OK  [0m] Listening on udev Control Socket.
         Starting Remount Root and Kernel File Systems...
[[0;32m  OK  [0m] Created slice system-sshd\x2dkeygen.slice.
[[0;32m  OK  [0m] Listening on initctl Compatibility Named Pipe.
[[0;32m  OK  [0m] Reached target RPC Port Mapper.
[[0;32m  OK  [0m] Listening on Process Core Dump Socket.
         Starting Load Kernel Modules...
[[0;32m  OK  [0m] Created slice User and Session Slice.
[[0;32m  OK  [0m] Reached target Slices.
         Starting Setup Virtual Console...
         Starting udev Coldplug all Devices...
[[0;32m  OK  [0m] Set up automount Arbitrary Executabâ€¦rmats File System Automount Point.
[[0;32m  OK  [0m] Listening on Journal Socket (/dev/log).
         Starting Journal Service...
[[0;32m  OK  [0m] Mounted Kernel Debug File System.
[[0;32m  OK  [0m] Started Monitoring of LVM2 mirrors,â€¦sing dmeventd or progress polling.
[[0;32m  OK  [0m] Mounted Huge Pages File System.
[[0;32m  OK  [0m] Mounted POSIX Message Queue File System.
[[0;1;31mFAILED[0m] Failed to start Load Kernel Modules.
See 'systemctl status systemd-modules-load.service' for details.
         Mounting Kernel Configuration File System...
[    4.981746] EXT4-fs (sda): re-mounted. Opts: (null). Quota mode: none.
         Starting Apply Kernel Variables...
         Mounting FUSE Control File System...
[[0;32m  OK  [0m] Started Remount Root and Kernel File Systems.
[[0;32m  OK  [0m] Mounted Kernel Configuration File System.
         Starting Load/Save Random Seed...
         Starting Create Static Device Nodes in /dev...
[[0;32m  OK  [0m] Started Load/Save Random Seed.
[[0;32m  OK  [0m] Mounted FUSE Control File System.
[[0;32m  OK  [0m] Started Apply Kernel Variables.
[[0;32m  OK  [0m] Started Create Static Device Nodes in /dev.
         Starting udev Kernel Device Manager...
[[0;32m  OK  [0m] Started Journal Service.
[[0;32m  OK  [0m] Started udev Kernel Device Manager.
[[0;32m  OK  [0m] Started udev Coldplug all Devices.
         Starting udev Wait for Complete Device Initialization...
         Starting Flush Journal to Persistent Storage...
[[0;32m  OK  [0m] Started Setup Virtual Console.
         Starting Show Plymouth Boot Screen...
[[0;32m  OK  [0m] Started Flush Journal to Persistent Storage.
[[0;32m  OK  [0m] Started Show Plymouth Boot Screen.
[[0;32m  OK  [0m] Started Forward Password Requests to Plymouth Directory Watch.
[[0;32m  OK  [0m] Reached target Local Encrypted Volumes.
[[0;32m  OK  [0m] Reached target Paths.
[[0;32m  OK  [0m] Found device /dev/ttyS0.
[[0;32m  OK  [0m] Listening on Load/Save RF Kill Switch Status /dev/rfkill Watch.
[[0;32m  OK  [0m] Started udev Wait for Complete Device Initialization.
[[0;32m  OK  [0m] Reached target Local File Systems (Pre).
[[0;32m  OK  [0m] Reached target Local File Systems.
         Starting Restore /run/initramfs on shutdown...
         Starting Tell Plymouth To Write Out Runtime Data...
         Starting Create Volatile Files and Directories...
[[0;32m  OK  [0m] Started Restore /run/initramfs on shutdown.
[[0;32m  OK  [0m] Started Tell Plymouth To Write Out Runtime Data.
[[0;32m  OK  [0m] Started Create Volatile Files and Directories.
         Starting Security Auditing Service...
         Mounting RPC Pipe File System...
         Starting RPC Bind...
[[0;32m  OK  [0m] Mounted RPC Pipe File System.
[[0;32m  OK  [0m] Reached target rpc_pipefs.target.
[[0;32m  OK  [0m] Started RPC Bind.
[[0;32m  OK  [0m] Started Security Auditing Service.
         Starting Update UTMP about System Boot/Shutdown...
[[0;32m  OK  [0m] Started Update UTMP about System Boot/Shutdown.
[[0;32m  OK  [0m] Reached target System Initialization.
[[0;32m  OK  [0m] Started daily update of the root trust anchor for DNSSEC.
[[0;32m  OK  [0m] Listening on D-Bus System Message Bus Socket.
[[0;32m  OK  [0m] Listening on SSSD Kerberos Cache Manager responder socket.
[[0;32m  OK  [0m] Reached target Sockets.
[[0;32m  OK  [0m] Reached target Basic System.
[[0;32m  OK  [0m] Started Machine Check Exception Logging Daemon.
         Starting Auto-connect to subsystemsâ€¦-NVME devices found during boot...
[[0;32m  OK  [0m] Started irqbalance daemon.
         Starting Self Monitoring and Reporting Technology (SMART) Daemon...
[[0;32m  OK  [0m] Started D-Bus System Message Bus.
         Starting Network Manager...
         Starting NTP client/server...
[[0;32m  OK  [0m] Reached target sshd-keygen.target.
[[0;32m  OK  [0m] Started dnf makecache --timer.
         Starting Login Service...
         Starting Authorization Manager...
[[0;32m  OK  [0m] Started Daily Cleanup of Temporary Directories.
[[0;32m  OK  [0m] Reached target Timers.
[[0;32m  OK  [0m] Started Auto-connect to subsystems â€¦FC-NVME devices found during boot.
         Starting update of the root trust aâ€¦or DNSSEC validation in unbound...
[[0;32m  OK  [0m] Started Self Monitoring and Reporting Technology (SMART) Daemon.
[[0;32m  OK  [0m] Started Login Service.
[[0;32m  OK  [0m] Started Network Manager.
[[0;32m  OK  [0m] Reached target Network.
         Starting GSSAPI Proxy Daemon...
         Starting Dynamic System Tuning Daemon...
         Starting OpenSSH server daemon...
         Starting Network Manager Wait Online...
[[0;32m  OK  [0m] Started NTP client/server.
[[0;32m  OK  [0m] Started Authorization Manager.
         Starting Hostname Service...
[[0;32m  OK  [0m] Started Hostname Service.
         Starting Network Manager Script Dispatcher Service...
[    6.413515] e1000: eth0 NIC Link is Up 1000 Mbps Full Duplex, Flow Control: RX
[    6.415300] IPv6: ADDRCONF(NETDEV_CHANGE): eth0: link becomes ready
[[0;32m  OK  [0m] Started Network Manager Script Dispatcher Service.
[[0;32m  OK  [0m] Started Dynamic System Tuning Daemon.
[    7.397500] random: crng init done
[    7.398230] random: 7 urandom warning(s) missed due to ratelimiting
[[0;32m  OK  [0m] Started OpenSSH server daemon.
[[0;32m  OK  [0m] Started update of the root trust anâ€¦ for DNSSEC validation in unbound.
[[0;32m  OK  [0m] Started GSSAPI Proxy Daemon.
[[0;32m  OK  [0m] Reached target NFS client services.
[[0;32m  OK  [0m] Reached target Remote File Systems (Pre).
[[0;32m  OK  [0m] Reached target Remote File Systems.
         Starting Permit User Sessions...
[[0;32m  OK  [0m] Started Permit User Sessions.
         Starting Hold until boot process finishes up...
         Starting Terminate Plymouth Boot Screen...
[[0;32m  OK  [0m] Started Command Scheduler.

CentOS Stream 8
Kernel 5.12.0-9d31d2338950+ on an x86_64

test login: [  300.221619] INFO: task repro:804 blocked for more than 147 seconds.
[  300.222541]       Not tainted 5.12.0-9d31d2338950+ #1
[  300.223246] "echo 0 > /proc/sys/kernel/hung_task_timeout_secs" disables this message.
[  300.224335] task:repro           state:D stack:    0 pid:  804 ppid:   563 flags:0x00004002
[  300.225544] Call Trace:
[  300.225906]  __schedule+0x3b1/0x8a0
[  300.226428]  ? write_comp_data+0x2f/0x90
[  300.227011]  schedule+0x40/0xb0
[  300.227479]  schedule_preempt_disabled+0xe/0x10
[  300.228138]  __mutex_lock.isra.11+0x2de/0x4e0
[  300.228778]  ? __slab_free+0x2c7/0x3d0
[  300.229339]  __mutex_lock_slowpath+0x13/0x20
[  300.229973]  mutex_lock+0x2c/0x30
[  300.230467]  perf_event_ctx_lock_nested.isra.99+0xca/0x190
[  300.231262]  perf_event_release_kernel+0x6e/0x370
[  300.231937]  ? __sanitizer_cov_trace_pc+0x21/0x50
[  300.232621]  ? perf_event_release_kernel+0x370/0x370
[  300.233339]  perf_release+0x19/0x20
[  300.233858]  __fput+0x10e/0x400
[  300.234333]  ____fput+0x1a/0x20
[  300.234796]  task_work_run+0x94/0xe0
[  300.235320]  do_exit+0x533/0x1110
[  300.235813]  ? write_comp_data+0x2f/0x90
[  300.236388]  ? write_comp_data+0x2f/0x90
[  300.236965]  ? write_comp_data+0x2f/0x90
[  300.237558]  do_group_exit+0x78/0x120
[  300.238100]  get_signal+0x244/0xd80
[  300.238618]  ? do_futex+0x15f/0x1180
[  300.239143]  ? fd_install+0x6e/0xd0
[  300.239660]  ? __sanitizer_cov_trace_pc+0x21/0x50
[  300.240348]  arch_do_signal_or_restart+0xb6/0x760
[  300.241022]  ? __sanitizer_cov_trace_pc+0x21/0x50
[  300.241710]  ? write_comp_data+0x2f/0x90
[  300.242286]  ? __sanitizer_cov_trace_pc+0x21/0x50
[  300.242963]  ? __audit_syscall_exit+0x29d/0x3d0
[  300.243618]  exit_to_user_mode_prepare+0x110/0x190
[  300.244310]  syscall_exit_to_user_mode+0x1c/0x30
[  300.244973]  do_syscall_64+0x48/0x80
[  300.245514]  entry_SYSCALL_64_after_hwframe+0x44/0xae
[  300.246245] RIP: 0033:0x7f567335059d
[  300.246763] RSP: 002b:00007f5673229ea8 EFLAGS: 00000246 ORIG_RAX: 00000000000000ca
[  300.247816] RAX: fffffffffffffe00 RBX: 0000000000000000 RCX: 00007f567335059d
[  300.248834] RDX: 0000000000000000 RSI: 0000000000000080 RDI: 0000000000405148
[  300.249846] RBP: 00007f5673229ec0 R08: 0000000000000000 R09: 0000000000000000
[  300.250842] R10: 0000000000000000 R11: 0000000000000246 R12: 00007fffbb13f8ee
[  300.251839] R13: 00007fffbb13f8ef R14: 00007fffbb13f980 R15: 00007f567322a700
[  300.252836] INFO: task repro:818 blocked for more than 147 seconds.
[  300.253726]       Not tainted 5.12.0-9d31d2338950+ #1
[  300.254441] "echo 0 > /proc/sys/kernel/hung_task_timeout_secs" disables this message.
[  300.255520] task:repro           state:D stack:    0 pid:  818 ppid:   561 flags:0x00004002
[  300.256680] Call Trace:
[  300.257040]  __schedule+0x3b1/0x8a0
[  300.257563]  ? write_comp_data+0x2f/0x90
[  300.258132]  schedule+0x40/0xb0
[  300.258603]  schedule_preempt_disabled+0xe/0x10
[  300.259263]  __mutex_lock.isra.11+0x2de/0x4e0
[  300.259899]  ? write_comp_data+0x2f/0x90
[  300.260475]  __mutex_lock_slowpath+0x13/0x20
[  300.261099]  mutex_lock+0x2c/0x30
[  300.261607]  perf_event_ctx_lock_nested.isra.99+0xca/0x190
[  300.262396]  perf_event_release_kernel+0x6e/0x370
[  300.263074]  ? __sanitizer_cov_trace_pc+0x21/0x50
[  300.263753]  ? perf_event_release_kernel+0x370/0x370
[  300.264463]  perf_release+0x19/0x20
[  300.264972]  __fput+0x10e/0x400
[  300.265439]  ____fput+0x1a/0x20
[  300.265906]  task_work_run+0x94/0xe0
[  300.266427]  do_exit+0x533/0x1110
[  300.266913]  ? wake_up_q+0x69/0xa0
[  300.267409]  ? write_comp_data+0x2f/0x90
[  300.267980]  ? write_comp_data+0x2f/0x90
[  300.268552]  do_group_exit+0x78/0x120
[  300.269087]  get_signal+0x244/0xd80
[  300.269611]  ? do_futex+0x15f/0x1180
[  300.270141]  ? fd_install+0x6e/0xd0
[  300.270655]  ? __sanitizer_cov_trace_pc+0x21/0x50
[  300.271333]  arch_do_signal_or_restart+0xb6/0x760
[  300.272007]  ? __sanitizer_cov_trace_pc+0x21/0x50
[  300.272688]  ? write_comp_data+0x2f/0x90
[  300.273265]  ? __sanitizer_cov_trace_pc+0x21/0x50
[  300.273956]  ? __audit_syscall_exit+0x29d/0x3d0
[  300.274613]  exit_to_user_mode_prepare+0x110/0x190
[  300.275304]  syscall_exit_to_user_mode+0x1c/0x30
[  300.275966]  do_syscall_64+0x48/0x80
[  300.276486]  entry_SYSCALL_64_after_hwframe+0x44/0xae
[  300.277220] RIP: 0033:0x7f567335059d
[  300.277746] RSP: 002b:00007f5673208ea8 EFLAGS: 00000246 ORIG_RAX: 00000000000000ca
[  300.278806] RAX: fffffffffffffe00 RBX: 0000000000000000 RCX: 00007f567335059d
[  300.279799] RDX: 0000000000000000 RSI: 0000000000000080 RDI: 0000000000405158
[  300.280793] RBP: 00007f5673208ec0 R08: 0000000000000000 R09: 0000000000000000
[  300.281638] R10: 0000000000000000 R11: 0000000000000246 R12: 00007fffbb13f8ee
[  300.282342] R13: 00007fffbb13f8ef R14: 00007fffbb13f980 R15: 00007f5673209700
[  300.283024] INFO: task repro:809 blocked for more than 147 seconds.
[  300.283622]       Not tainted 5.12.0-9d31d2338950+ #1
[  300.284107] "echo 0 > /proc/sys/kernel/hung_task_timeout_secs" disables this message.
[  300.284845] task:repro           state:D stack:    0 pid:  809 ppid:   569 flags:0x00004004
[  300.285665] Call Trace:
[  300.285908]  __schedule+0x3b1/0x8a0
[  300.286258]  schedule+0x40/0xb0
[  300.286575]  schedule_preempt_disabled+0xe/0x10
[  300.287021]  __mutex_lock.isra.11+0x2de/0x4e0
[  300.287453]  __mutex_lock_slowpath+0x13/0x20
[  300.287873]  mutex_lock+0x2c/0x30
[  300.288206]  __do_sys_perf_event_open+0xb08/0x18a0
[  300.288676]  __x64_sys_perf_event_open+0x26/0x30
[  300.289128]  do_syscall_64+0x3c/0x80
[  300.289496]  entry_SYSCALL_64_after_hwframe+0x44/0xae
[  300.289989] RIP: 0033:0x7f567335059d
[  300.290341] RSP: 002b:00007f5673229e98 EFLAGS: 00000246 ORIG_RAX: 000000000000012a
[  300.291063] RAX: ffffffffffffffda RBX: 0000000000000000 RCX: 00007f567335059d
[  300.291747] RDX: 0000000000000000 RSI: 00000000ffffffff RDI: 0000000020000080
[  300.292429] RBP: 00007f5673229ec0 R08: 0000000000000000 R09: 0000000000000000
[  300.293107] R10: 0000000000000003 R11: 0000000000000246 R12: 00007fffbb13f8ee
[  300.293797] R13: 00007fffbb13f8ef R14: 00007fffbb13f980 R15: 00007f567322a700
[  300.294487] INFO: task repro:819 blocked for more than 147 seconds.
[  300.295090]       Not tainted 5.12.0-9d31d2338950+ #1
[  300.295576] "echo 0 > /proc/sys/kernel/hung_task_timeout_secs" disables this message.
[  300.296319] task:repro           state:D stack:    0 pid:  819 ppid:   568 flags:0x00004002
[  300.297120] Call Trace:
[  300.297370]  __schedule+0x3b1/0x8a0
[  300.297734]  schedule+0x40/0xb0
[  300.298056]  schedule_preempt_disabled+0xe/0x10
[  300.298509]  __mutex_lock.isra.11+0x2de/0x4e0
[  300.298944]  __mutex_lock_slowpath+0x13/0x20
[  300.299371]  mutex_lock+0x2c/0x30
[  300.299707]  perf_event_ctx_lock_nested.isra.99+0xca/0x190
[  300.300249]  perf_event_release_kernel+0x6e/0x370
[  300.300712]  ? __sanitizer_cov_trace_pc+0x21/0x50
[  300.301179]  ? perf_event_release_kernel+0x370/0x370
[  300.301678]  perf_release+0x19/0x20
[  300.302028]  __fput+0x10e/0x400
[  300.302346]  ____fput+0x1a/0x20
[  300.302664]  task_work_run+0x94/0xe0
[  300.303021]  do_exit+0x533/0x1110
[  300.303357]  ? wake_up_q+0x69/0xa0
[  300.303700]  ? write_comp_data+0x2f/0x90
[  300.304094]  ? write_comp_data+0x2f/0x90
[  300.304487]  do_group_exit+0x78/0x120
[  300.304855]  get_signal+0x244/0xd80
[  300.305220]  ? do_futex+0x15f/0x1180
[  300.305594]  ? write_comp_data+0x2f/0x90
[  300.306001]  arch_do_signal_or_restart+0xb6/0x760
[  300.306480]  ? __sanitizer_cov_trace_pc+0x21/0x50
[  300.306961]  ? write_comp_data+0x2f/0x90
[  300.307370]  ? __sanitizer_cov_trace_pc+0x21/0x50
[  300.307853]  ? __audit_syscall_exit+0x29d/0x3d0
[  300.308319]  exit_to_user_mode_prepare+0x110/0x190
[  300.308808]  syscall_exit_to_user_mode+0x1c/0x30
[  300.309285]  do_syscall_64+0x48/0x80
[  300.309663]  entry_SYSCALL_64_after_hwframe+0x44/0xae
[  300.310184] RIP: 0033:0x7f567335059d
[  300.310553] RSP: 002b:00007f5673208ea8 EFLAGS: 00000246 ORIG_RAX: 00000000000000ca
[  300.311313] RAX: fffffffffffffe00 RBX: 0000000000000000 RCX: 00007f567335059d
[  300.312034] RDX: 0000000000000000 RSI: 0000000000000080 RDI: 0000000000405158
[  300.312749] RBP: 00007f5673208ec0 R08: 0000000000000000 R09: 0000000000000000
[  300.313465] R10: 0000000000000000 R11: 0000000000000246 R12: 00007fffbb13f8ee
[  300.314200] R13: 00007fffbb13f8ef R14: 00007fffbb13f980 R15: 00007f5673209700
[  300.314920] INFO: task repro:827 blocked for more than 147 seconds.
[  300.315557]       Not tainted 5.12.0-9d31d2338950+ #1
[  300.316071] "echo 0 > /proc/sys/kernel/hung_task_timeout_secs" disables this message.
[  300.316852] task:repro           state:D stack:    0 pid:  827 ppid:   564 flags:0x00004004
[  300.317699] Call Trace:
[  300.317954]  __schedule+0x3b1/0x8a0
[  300.318326]  schedule+0x40/0xb0
[  300.318658]  schedule_preempt_disabled+0xe/0x10
[  300.319127]  __mutex_lock.isra.11+0x2de/0x4e0
[  300.319582]  ? __anon_inode_getfile+0xc4/0x250
[  300.320044]  __mutex_lock_slowpath+0x13/0x20
[  300.320486]  mutex_lock+0x2c/0x30
[  300.320834]  __do_sys_perf_event_open+0xb08/0x18a0
[  300.321327]  __x64_sys_perf_event_open+0x26/0x30
[  300.321808]  do_syscall_64+0x3c/0x80
[  300.322184]  entry_SYSCALL_64_after_hwframe+0x44/0xae
[  300.322705] RIP: 0033:0x7f567335059d
[  300.323082] RSP: 002b:00007f5673229e98 EFLAGS: 00000246 ORIG_RAX: 000000000000012a
[  300.323846] RAX: ffffffffffffffda RBX: 0000000000000000 RCX: 00007f567335059d
[  300.324562] RDX: 0000000000000000 RSI: 00000000ffffffff RDI: 0000000020000080
[  300.325286] RBP: 00007f5673229ec0 R08: 0000000000000000 R09: 0000000000000000
[  300.325999] R10: 0000000000000003 R11: 0000000000000246 R12: 00007fffbb13f8ee
[  300.326714] R13: 00007fffbb13f8ef R14: 00007fffbb13f980 R15: 00007f567322a700
[  300.327434] INFO: task repro:830 blocked for more than 147 seconds.
[  300.328063]       Not tainted 5.12.0-9d31d2338950+ #1
[  300.328571] "echo 0 > /proc/sys/kernel/hung_task_timeout_secs" disables this message.
[  300.329345] task:repro           state:D stack:    0 pid:  830 ppid:   564 flags:0x00000004
[  300.330187] Call Trace:
[  300.330442]  __schedule+0x3b1/0x8a0
[  300.330807]  schedule+0x40/0xb0
[  300.331139]  schedule_preempt_disabled+0xe/0x10
[  300.331605]  __mutex_lock.isra.11+0x2de/0x4e0
[  300.332057]  __mutex_lock_slowpath+0x13/0x20
[  300.332497]  mutex_lock+0x2c/0x30
[  300.332845]  perf_event_ctx_lock_nested.isra.99+0xca/0x190
[  300.333408]  perf_try_init_event+0x188/0x270
[  300.333854]  perf_event_alloc+0xd9c/0x1800
[  300.334276]  ? __sanitizer_cov_trace_pc+0x21/0x50
[  300.334760]  __do_sys_perf_event_open+0x3be/0x18a0
[  300.335248]  ? write_comp_data+0x2f/0x90
[  300.335657]  __x64_sys_perf_event_open+0x26/0x30
[  300.336130]  do_syscall_64+0x3c/0x80
[  300.336502]  entry_SYSCALL_64_after_hwframe+0x44/0xae
[  300.337015] RIP: 0033:0x7f567335059d
[  300.337383] RSP: 002b:00007f5673208e98 EFLAGS: 00000246 ORIG_RAX: 000000000000012a
[  300.338143] RAX: ffffffffffffffda RBX: 0000000000000000 RCX: 00007f567335059d
[  300.338850] RDX: 0000000000000000 RSI: 00000000ffffffff RDI: 0000000020000000
[  300.339559] RBP: 00007f5673208ec0 R08: 0000000000000000 R09: 0000000000000000
[  300.340266] R10: 0000000000000003 R11: 0000000000000246 R12: 00007fffbb13f8ee
[  300.340961] R13: 00007fffbb13f8ef R14: 00007fffbb13f980 R15: 00007f5673209700
[  300.341683] INFO: task repro:825 blocked for more than 147 seconds.
[  300.342311]       Not tainted 5.12.0-9d31d2338950+ #1
[  300.342819] "echo 0 > /proc/sys/kernel/hung_task_timeout_secs" disables this message.
[  300.343599] task:repro           state:D stack:    0 pid:  825 ppid:   565 flags:0x00000004
[  300.344438] Call Trace:
[  300.344696]  __schedule+0x3b1/0x8a0
[  300.345065]  schedule+0x40/0xb0
[  300.345401]  schedule_preempt_disabled+0xe/0x10
[  300.345874]  __mutex_lock.isra.11+0x2de/0x4e0
[  300.346329]  __mutex_lock_slowpath+0x13/0x20
[  300.346771]  mutex_lock+0x2c/0x30
[  300.347119]  perf_event_ctx_lock_nested.isra.99+0xca/0x190
[  300.347682]  perf_try_init_event+0x188/0x270
[  300.348124]  perf_event_alloc+0xd9c/0x1800
[  300.348545]  ? __sanitizer_cov_trace_pc+0x21/0x50
[  300.349032]  __do_sys_perf_event_open+0x3be/0x18a0
[  300.349530]  ? write_comp_data+0x2f/0x90
[  300.349939]  __x64_sys_perf_event_open+0x26/0x30
[  300.350412]  do_syscall_64+0x3c/0x80
[  300.350787]  entry_SYSCALL_64_after_hwframe+0x44/0xae
[  300.351300] RIP: 0033:0x7f567335059d
[  300.351666] RSP: 002b:00007f5673229e98 EFLAGS: 00000246 ORIG_RAX: 000000000000012a
[  300.352419] RAX: ffffffffffffffda RBX: 0000000000000000 RCX: 00007f567335059d
[  300.353126] RDX: 0000000000000000 RSI: 00000000ffffffff RDI: 0000000020000080
[  300.353849] RBP: 00007f5673229ec0 R08: 0000000000000000 R09: 0000000000000000
[  300.354564] R10: 0000000000000003 R11: 0000000000000246 R12: 00007fffbb13f8ee
[  300.355278] R13: 00007fffbb13f8ef R14: 00007fffbb13f980 R15: 00007f567322a700
[  300.355994] INFO: task repro:831 blocked for more than 147 seconds.
[  300.356640]       Not tainted 5.12.0-9d31d2338950+ #1
[  300.357146] "echo 0 > /proc/sys/kernel/hung_task_timeout_secs" disables this message.
[  300.357918] task:repro           state:D stack:    0 pid:  831 ppid:   565 flags:0x00000004
[  300.358753] Call Trace:
[  300.359008]  __schedule+0x3b1/0x8a0
[  300.359378]  schedule+0x40/0xb0
[  300.359710]  schedule_preempt_disabled+0xe/0x10
[  300.360176]  __mutex_lock.isra.11+0x2de/0x4e0
[  300.360627]  __mutex_lock_slowpath+0x13/0x20
[  300.361068]  mutex_lock+0x2c/0x30
[  300.361421]  perf_event_ctx_lock_nested.isra.99+0xca/0x190
[  300.361990]  perf_try_init_event+0x188/0x270
[  300.362432]  perf_event_alloc+0xd9c/0x1800
[  300.362856]  ? __sanitizer_cov_trace_pc+0x21/0x50
[  300.363349]  __do_sys_perf_event_open+0x3be/0x18a0
[  300.363843]  ? write_comp_data+0x2f/0x90
[  300.364259]  __x64_sys_perf_event_open+0x26/0x30
[  300.364737]  do_syscall_64+0x3c/0x80
[  300.365115]  entry_SYSCALL_64_after_hwframe+0x44/0xae
[  300.365640] RIP: 0033:0x7f567335059d
[  300.366007] RSP: 002b:00007f5673208e98 EFLAGS: 00000246 ORIG_RAX: 000000000000012a
[  300.366770] RAX: ffffffffffffffda RBX: 0000000000000000 RCX: 00007f567335059d
[  300.367484] RDX: 0000000000000000 RSI: 00000000ffffffff RDI: 0000000020000000
[  300.368198] RBP: 00007f5673208ec0 R08: 0000000000000000 R09: 0000000000000000
[  300.368913] R10: 0000000000000003 R11: 0000000000000246 R12: 00007fffbb13f8ee
[  300.369629] R13: 00007fffbb13f8ef R14: 00007fffbb13f980 R15: 00007f5673209700
[  300.370338] INFO: task repro:826 blocked for more than 147 seconds.
[  300.370963]       Not tainted 5.12.0-9d31d2338950+ #1
[  300.371469] "echo 0 > /proc/sys/kernel/hung_task_timeout_secs" disables this message.
[  300.372240] task:repro           state:D stack:    0 pid:  826 ppid:   567 flags:0x00004004
[  300.373073] Call Trace:
[  300.373329]  __schedule+0x3b1/0x8a0
[  300.373701]  schedule+0x40/0xb0
[  300.374031]  schedule_preempt_disabled+0xe/0x10
[  300.374502]  __mutex_lock.isra.11+0x2de/0x4e0
[  300.374955]  __mutex_lock_slowpath+0x13/0x20
[  300.375398]  mutex_lock+0x2c/0x30
[  300.375747]  perf_event_ctx_lock_nested.isra.99+0xca/0x190
[  300.376311]  perf_try_init_event+0x188/0x270
[  300.376754]  perf_event_alloc+0xd9c/0x1800
[  300.377176]  ? __sanitizer_cov_trace_pc+0x21/0x50
[  300.377664]  __do_sys_perf_event_open+0x3be/0x18a0
[  300.378149]  ? write_comp_data+0x2f/0x90
[  300.378564]  __x64_sys_perf_event_open+0x26/0x30
[  300.379036]  do_syscall_64+0x3c/0x80
[  300.379408]  entry_SYSCALL_64_after_hwframe+0x44/0xae
[  300.379921] RIP: 0033:0x7f567335059d
[  300.380287] RSP: 002b:00007f5673229e98 EFLAGS: 00000246 ORIG_RAX: 000000000000012a
[  300.381039] RAX: ffffffffffffffda RBX: 0000000000000000 RCX: 00007f567335059d
[  300.381760] RDX: 0000000000000000 RSI: 00000000ffffffff RDI: 0000000020000080
[  300.382468] RBP: 00007f5673229ec0 R08: 0000000000000000 R09: 0000000000000000
[  300.383178] R10: 0000000000000003 R11: 0000000000000246 R12: 00007fffbb13f8ee
[  300.383887] R13: 00007fffbb13f8ef R14: 00007fffbb13f980 R15: 00007f567322a700
[  300.384598] INFO: task repro:832 blocked for more than 147 seconds.
[  300.385234]       Not tainted 5.12.0-9d31d2338950+ #1
[  300.385743] "echo 0 > /proc/sys/kernel/hung_task_timeout_secs" disables this message.
[  300.386515] task:repro           state:D stack:    0 pid:  832 ppid:   567 flags:0x00000004
[  300.387350] Call Trace:
[  300.387605]  __schedule+0x3b1/0x8a0
[  300.387970]  schedule+0x40/0xb0
[  300.388301]  schedule_preempt_disabled+0xe/0x10
[  300.388766]  __mutex_lock.isra.11+0x2de/0x4e0
[  300.389224]  __mutex_lock_slowpath+0x13/0x20
[  300.389663]  mutex_lock+0x2c/0x30
[  300.390011]  perf_event_ctx_lock_nested.isra.99+0xca/0x190
[  300.390576]  perf_try_init_event+0x188/0x270
[  300.391018]  perf_event_alloc+0xd9c/0x1800
[  300.391439]  ? __sanitizer_cov_trace_pc+0x21/0x50
[  300.391923]  __do_sys_perf_event_open+0x3be/0x18a0
[  300.392415]  ? write_comp_data+0x2f/0x90
[  300.392824]  __x64_sys_perf_event_open+0x26/0x30
[  300.393299]  do_syscall_64+0x3c/0x80
[  300.393679]  entry_SYSCALL_64_after_hwframe+0x44/0xae
[  300.394194] RIP: 0033:0x7f567335059d
[  300.394558] RSP: 002b:00007f5673208e98 EFLAGS: 00000246 ORIG_RAX: 000000000000012a
[  300.395310] RAX: ffffffffffffffda RBX: 0000000000000000 RCX: 00007f567335059d
[  300.396015] RDX: 0000000000000000 RSI: 00000000ffffffff RDI: 0000000020000000
[  300.396720] RBP: 00007f5673208ec0 R08: 0000000000000000 R09: 0000000000000000
[  300.397428] R10: 0000000000000003 R11: 0000000000000246 R12: 00007fffbb13f8ee
[  300.398138] R13: 00007fffbb13f8ef R14: 00007fffbb13f980 R15: 00007f5673209700
