c[?7l[2J[0mSeaBIOS (version rel-1.16.0-0-gd239552ce722-prebuilt.qemu.org)


iPXE (http://ipxe.org) 00:03.0 CA00 PCI2.10 PnP PMM+7FF91000+7FEF1000 CA00
Press Ctrl-B to configure iPXE (PCI 00:03.0)...                                                                               


Booting from ROM..c[?7l[2J[    0.000000] Linux version 5.12.0-rc3-d0946a882e62+ (root@p-tglh01.sh.intel.com) (gcc (GCC) 8.5.0 20210514 (Red Hat 8.5.0-17), GNU ld version 2.36.1-2.el8) #1 SMP Wed Nov 16 11:55:36 CST 2022
[    0.000000] Command line: console=ttyS0 root=/dev/sda earlyprintk=serial net.ifnames=0
[    0.000000] KERNEL supported cpus:
[    0.000000]   Intel GenuineIntel
[    0.000000]   AMD AuthenticAMD
[    0.000000]   Hygon HygonGenuine
[    0.000000]   Centaur CentaurHauls
[    0.000000]   zhaoxin   Shanghai  
[    0.000000] x86/fpu: Supporting XSAVE feature 0x001: 'x87 floating point registers'
[    0.000000] x86/fpu: Supporting XSAVE feature 0x002: 'SSE registers'
[    0.000000] x86/fpu: Supporting XSAVE feature 0x004: 'AVX registers'
[    0.000000] x86/fpu: Supporting XSAVE feature 0x020: 'AVX-512 opmask'
[    0.000000] x86/fpu: Supporting XSAVE feature 0x040: 'AVX-512 Hi256'
[    0.000000] x86/fpu: Supporting XSAVE feature 0x080: 'AVX-512 ZMM_Hi256'
[    0.000000] x86/fpu: Supporting XSAVE feature 0x200: 'Protection Keys User registers'
[    0.000000] x86/fpu: xstate_offset[2]:  576, xstate_sizes[2]:  256
[    0.000000] x86/fpu: xstate_offset[5]:  832, xstate_sizes[5]:   64
[    0.000000] x86/fpu: xstate_offset[6]:  896, xstate_sizes[6]:  512
[    0.000000] x86/fpu: xstate_offset[7]: 1408, xstate_sizes[7]: 1024
[    0.000000] x86/fpu: xstate_offset[9]: 2432, xstate_sizes[9]:    8
[    0.000000] x86/fpu: Enabled xstate features 0x2e7, context size is 2440 bytes, using 'compacted' format.
[    0.000000] BIOS-provided physical RAM map:
[    0.000000] BIOS-e820: [mem 0x0000000000000000-0x000000000009fbff] usable
[    0.000000] BIOS-e820: [mem 0x000000000009fc00-0x000000000009ffff] reserved
[    0.000000] BIOS-e820: [mem 0x00000000000f0000-0x00000000000fffff] reserved
[    0.000000] BIOS-e820: [mem 0x0000000000100000-0x000000007ffdffff] usable
[    0.000000] BIOS-e820: [mem 0x000000007ffe0000-0x000000007fffffff] reserved
[    0.000000] BIOS-e820: [mem 0x00000000feffc000-0x00000000feffffff] reserved
[    0.000000] BIOS-e820: [mem 0x00000000fffc0000-0x00000000ffffffff] reserved
[    0.000000] printk: bootconsole [earlyser0] enabled
[    0.000000] NX (Execute Disable) protection: active
[    0.000000] SMBIOS 2.8 present.
[    0.000000] DMI: QEMU Standard PC (i440FX + PIIX, 1996), BIOS rel-1.16.0-0-gd239552ce722-prebuilt.qemu.org 04/01/2014
[    0.000000] Hypervisor detected: KVM
[    0.000000] kvm-clock: Using msrs 4b564d01 and 4b564d00
[    0.000000] kvm-clock: cpu 0, msr 4601001, primary cpu clock
[    0.000000] kvm-clock: using sched offset of 313303474 cycles
[    0.000510] clocksource: kvm-clock: mask: 0xffffffffffffffff max_cycles: 0x1cd42e4dffb, max_idle_ns: 881590591483 ns
[    0.001954] tsc: Detected 3110.400 MHz processor
[    0.008560] last_pfn = 0x7ffe0 max_arch_pfn = 0x400000000
[    0.009123] x86/PAT: Configuration [0-7]: WB  WC  UC- UC  WB  WP  UC- WT  
[    0.016924] found SMP MP-table at [mem 0x000f5ba0-0x000f5baf]
[    0.018284] check: Scanning 1 areas for low memory corruption
[    0.018840] Using GB pages for direct mapping
[    0.020043] ACPI: Early table checksum verification disabled
[    0.020573] ACPI: RSDP 0x00000000000F59C0 000014 (v00 BOCHS )
[    0.021106] ACPI: RSDT 0x000000007FFE1951 000034 (v01 BOCHS  BXPC     00000001 BXPC 00000001)
[    0.021897] ACPI: FACP 0x000000007FFE17FD 000074 (v01 BOCHS  BXPC     00000001 BXPC 00000001)
[    0.022682] ACPI: DSDT 0x000000007FFE0040 0017BD (v01 BOCHS  BXPC     00000001 BXPC 00000001)
[    0.023457] ACPI: FACS 0x000000007FFE0000 000040
[    0.023892] ACPI: APIC 0x000000007FFE1871 000080 (v01 BOCHS  BXPC     00000001 BXPC 00000001)
[    0.024671] ACPI: HPET 0x000000007FFE18F1 000038 (v01 BOCHS  BXPC     00000001 BXPC 00000001)
[    0.025443] ACPI: WAET 0x000000007FFE1929 000028 (v01 BOCHS  BXPC     00000001 BXPC 00000001)
[    0.026966] No NUMA configuration found
[    0.027329] Faking a node at [mem 0x0000000000000000-0x000000007ffdffff]
[    0.028046] NODE_DATA(0) allocated [mem 0x7ffb5000-0x7ffdffff]
[    0.031498] Zone ranges:
[    0.031820]   DMA      [mem 0x0000000000001000-0x0000000000ffffff]
[    0.032442]   DMA32    [mem 0x0000000001000000-0x000000007ffdffff]
[    0.033031]   Normal   empty
[    0.033304]   Device   empty
[    0.033577] Movable zone start for each node
[    0.033978] Early memory node ranges
[    0.034312]   node   0: [mem 0x0000000000001000-0x000000000009efff]
[    0.034902]   node   0: [mem 0x0000000000100000-0x000000007ffdffff]
[    0.035459] Initmem setup node 0 [mem 0x0000000000001000-0x000000007ffdffff]
[    0.036986]   DMA zone: 28770 pages in unavailable ranges
[    0.051484]   DMA32 zone: 32 pages in unavailable ranges
[    0.052290] ACPI: PM-Timer IO Port: 0x608
[    0.052701] ACPI: LAPIC_NMI (acpi_id[0xff] dfl dfl lint[0x1])
[    0.053251] IOAPIC[0]: apic_id 0, version 17, address 0xfec00000, GSI 0-23
[    0.053911] ACPI: INT_SRC_OVR (bus 0 bus_irq 0 global_irq 2 dfl dfl)
[    0.054517] ACPI: INT_SRC_OVR (bus 0 bus_irq 5 global_irq 5 high level)
[    0.055142] ACPI: INT_SRC_OVR (bus 0 bus_irq 9 global_irq 9 high level)
[    0.055771] ACPI: INT_SRC_OVR (bus 0 bus_irq 10 global_irq 10 high level)
[    0.056380] ACPI: INT_SRC_OVR (bus 0 bus_irq 11 global_irq 11 high level)
[    0.057020] Using ACPI (MADT) for SMP configuration information
[    0.057548] ACPI: HPET id: 0x8086a201 base: 0xfed00000
[    0.058024] TSC deadline timer available
[    0.058397] smpboot: Allowing 2 CPUs, 0 hotplug CPUs
[    0.058860] kvm-guest: KVM setup pv remote TLB flush
[    0.059320] kvm-guest: setup PV sched yield
[    0.059726] PM: hibernation: Registered nosave memory: [mem 0x00000000-0x00000fff]
[    0.060444] PM: hibernation: Registered nosave memory: [mem 0x0009f000-0x0009ffff]
[    0.061126] PM: hibernation: Registered nosave memory: [mem 0x000a0000-0x000effff]
[    0.061801] PM: hibernation: Registered nosave memory: [mem 0x000f0000-0x000fffff]
[    0.062465] [mem 0x80000000-0xfeffbfff] available for PCI devices
[    0.063002] Booting paravirtualized kernel on KVM
[    0.063416] clocksource: refined-jiffies: mask: 0xffffffff max_cycles: 0xffffffff, max_idle_ns: 7645519600211568 ns
[    0.064335] setup_percpu: NR_CPUS:8192 nr_cpumask_bits:2 nr_cpu_ids:2 nr_node_ids:1
[    0.066015] percpu: Embedded 56 pages/cpu s192512 r8192 d28672 u1048576
[    0.066784] kvm-guest: KVM setup async PF for cpu 0
[    0.067228] kvm-guest: stealtime: cpu 0, msr 7dc2e080
[    0.067692] kvm-guest: PV spinlocks enabled
[    0.068080] PV qspinlock hash table entries: 256 (order: 0, 4096 bytes, linear)
[    0.068763] Built 1 zonelists, mobility grouping on.  Total pages: 515945
[    0.069378] Policy zone: DMA32
[    0.069657] Kernel command line: net.ifnames=0 console=ttyS0 root=/dev/sda earlyprintk=serial net.ifnames=0
[    0.071649] Dentry cache hash table entries: 262144 (order: 9, 2097152 bytes, linear)
[    0.072442] Inode-cache hash table entries: 131072 (order: 8, 1048576 bytes, linear)
[    0.073277] mem auto-init: stack:off, heap alloc:off, heap free:off
[    0.077096] Memory: 2002380K/2096632K available (28688K kernel code, 4268K rwdata, 7260K rodata, 3052K init, 10932K bss, 93996K reserved, 0K cma-reserved)
[    0.078347] random: get_random_u64 called from __kmem_cache_create+0x2f/0x440 with crng_init=0
[    0.078746] SLUB: HWalign=64, Order=0-3, MinObjects=0, CPUs=2, Nodes=1
[    0.080104] kmemleak: Kernel memory leak detector disabled
[    0.080616] ftrace: allocating 62435 entries in 244 pages
[    0.171686] ftrace: allocated 244 pages with 5 groups
[    0.172389] rcu: Hierarchical RCU implementation.
[    0.172813] rcu: 	RCU restricting CPUs from NR_CPUS=8192 to nr_cpu_ids=2.
[    0.173418] 	Trampoline variant of Tasks RCU enabled.
[    0.173865] 	Rude variant of Tasks RCU enabled.
[    0.174266] 	Tracing variant of Tasks RCU enabled.
[    0.174690] rcu: RCU calculated value of scheduler-enlistment delay is 25 jiffies.
[    0.175361] rcu: Adjusting geometry for rcu_fanout_leaf=16, nr_cpu_ids=2
[    0.190111] NR_IRQS: 524544, nr_irqs: 440, preallocated irqs: 16
[    0.199192] Console: colour VGA+ 80x25
[    0.199572] printk: console [ttyS0] enabled
[    0.199572] printk: console [ttyS0] enabled
[    0.200322] printk: bootconsole [earlyser0] disabled
[    0.200322] printk: bootconsole [earlyser0] disabled
[    0.201253] ACPI: Core revision 20210105
[    0.201806] clocksource: hpet: mask: 0xffffffff max_cycles: 0xffffffff, max_idle_ns: 19112604467 ns
[    0.202718] APIC: Switch to symmetric I/O mode setup
[    0.203374] x2apic enabled
[    0.203853] Switched APIC routing to physical x2apic.
[    0.204345] kvm-guest: setup PV IPIs
[    0.205584] ..TIMER: vector=0x30 apic1=0 pin1=2 apic2=-1 pin2=-1
[    0.206171] clocksource: tsc-early: mask: 0xffffffffffffffff max_cycles: 0x2cd5a8bb032, max_idle_ns: 440795365915 ns
[    0.207198] Calibrating delay loop (skipped) preset value.. 6220.80 BogoMIPS (lpj=12441600)
[    0.208020] pid_max: default: 32768 minimum: 301
[    0.208507] LSM: Security Framework initializing
[    0.208945] Yama: becoming mindful.
[    0.209438] Mount-cache hash table entries: 4096 (order: 3, 32768 bytes, linear)
[    0.210145] Mountpoint-cache hash table entries: 4096 (order: 3, 32768 bytes, linear)
[    0.212405] x86/cpu: User Mode Instruction Prevention (UMIP) activated
[    0.213262] Last level iTLB entries: 4KB 0, 2MB 0, 4MB 0
[    0.213799] Last level dTLB entries: 4KB 0, 2MB 0, 4MB 0, 1GB 0
[    0.214368] Spectre V1 : Mitigation: usercopy/swapgs barriers and __user pointer sanitization
[    0.215207] Spectre V2 : Mitigation: Enhanced IBRS
[    0.215630] Spectre V2 : Spectre v2 / SpectreRSB mitigation: Filling RSB on context switch
[    0.216342] Spectre V2 : mitigation: Enabling conditional Indirect Branch Prediction Barrier
[    0.217072] Speculative Store Bypass: Mitigation: Speculative Store Bypass disabled via prctl and seccomp
[    0.218346] Freeing SMP alternatives memory: 52K
[    0.222084] smpboot: CPU0: Genuine Intel(R) CPU 0000 @ 2.20GHz (family: 0x6, model: 0x8d, stepping: 0x0)
[    0.223151] Performance Events: Icelake events, full-width counters, Intel PMU driver.
[    0.223195] ... version:                2
[    0.223195] ... bit width:              48
[    0.223195] ... generic registers:      8
[    0.223195] ... value mask:             0000ffffffffffff
[    0.223195] ... max period:             00007fffffffffff
[    0.223195] ... fixed-purpose events:   3
[    0.223198] ... event mask:             00000007000000ff
[    0.223818] rcu: Hierarchical SRCU implementation.
[    0.226130] smp: Bringing up secondary CPUs ...
[    0.226737] x86: Booting SMP configuration:
[    0.227103] .... node  #0, CPUs:      #1
[    0.012263] kvm-clock: cpu 1, msr 4601041, secondary cpu clock
[    0.227827] kvm-guest: KVM setup async PF for cpu 1
[    0.228153] kvm-guest: stealtime: cpu 1, msr 7dd2e080
[    0.228628] smp: Brought up 1 node, 2 CPUs
[    0.228628] smpboot: Max logical packages: 1
[    0.228628] smpboot: Total of 2 processors activated (12441.60 BogoMIPS)
[    0.231265] devtmpfs: initialized
[    0.231655] x86/mm: Memory block size: 128MB
[    0.232044] clocksource: jiffies: mask: 0xffffffff max_cycles: 0xffffffff, max_idle_ns: 7645041785100000 ns
[    0.232271] futex hash table entries: 512 (order: 3, 32768 bytes, linear)
[    0.233017] pinctrl core: initialized pinctrl subsystem
[    0.233688] 
[    0.233828] *************************************************************
[    0.235204] **     NOTICE NOTICE NOTICE NOTICE NOTICE NOTICE NOTICE    **
[    0.235795] **                                                         **
[    0.236390] **  IOMMU DebugFS SUPPORT HAS BEEN ENABLED IN THIS KERNEL  **
[    0.236976] **                                                         **
[    0.237556] ** This means that this kernel is built to expose internal **
[    0.238143] ** IOMMU data structures, which may compromise security on **
[    0.238721] ** your system.                                            **
[    0.239198] **                                                         **
[    0.239800] ** If you see this message and you are not debugging the   **
[    0.240376] ** kernel, report this immediately to your vendor!         **
[    0.240961] **                                                         **
[    0.241541] **     NOTICE NOTICE NOTICE NOTICE NOTICE NOTICE NOTICE    **
[    0.242135] *************************************************************
[    0.242760] PM: RTC time: 04:20:58, date: 2022-11-16
[    0.244218] NET: Registered protocol family 16
[    0.244948] DMA: preallocated 256 KiB GFP_KERNEL pool for atomic allocations
[    0.245572] DMA: preallocated 256 KiB GFP_KERNEL|GFP_DMA pool for atomic allocations
[    0.246244] DMA: preallocated 256 KiB GFP_KERNEL|GFP_DMA32 pool for atomic allocations
[    0.246947] audit: initializing netlink subsys (disabled)
[    0.247240] audit: type=2000 audit(1668572458.859:1): state=initialized audit_enabled=0 res=1
[    0.247580] thermal_sys: Registered thermal governor 'fair_share'
[    0.247960] thermal_sys: Registered thermal governor 'bang_bang'
[    0.248516] thermal_sys: Registered thermal governor 'step_wise'
[    0.249032] thermal_sys: Registered thermal governor 'user_space'
[    0.249563] cpuidle: using governor ladder
[    0.251563] cpuidle: using governor menu
[    0.252100] ACPI: bus type PCI registered
[    0.252453] acpiphp: ACPI Hot Plug PCI Controller Driver version: 0.5
[    0.255263] PCI: Using configuration type 1 for base access
[    0.262713] Kprobes globally optimized
[    0.263263] HugeTLB registered 1.00 GiB page size, pre-allocated 0 pages
[    0.263796] HugeTLB registered 2.00 MiB page size, pre-allocated 0 pages
[    0.264436] ACPI: Added _OSI(Module Device)
[    0.264436] ACPI: Added _OSI(Processor Device)
[    0.264436] ACPI: Added _OSI(3.0 _SCP Extensions)
[    0.267201] ACPI: Added _OSI(Processor Aggregator Device)
[    0.267667] ACPI: Added _OSI(Linux-Dell-Video)
[    0.268053] ACPI: Added _OSI(Linux-Lenovo-NV-HDMI-Audio)
[    0.268520] ACPI: Added _OSI(Linux-HPI-Hybrid-Graphics)
[    0.273092] ACPI: 1 ACPI AML tables successfully acquired and loaded
[    0.275997] ACPI: Interpreter enabled
[    0.276392] ACPI: (supports S0 S3 S4 S5)
[    0.276736] ACPI: Using IOAPIC for interrupt routing
[    0.277190] PCI: Using host bridge windows from ACPI; if necessary, use "pci=nocrs" and report a bug
[    0.278459] ACPI: Enabled 2 GPEs in block 00 to 0F
[    0.290962] ACPI: PCI Root Bridge [PCI0] (domain 0000 [bus 00-ff])
[    0.291215] acpi PNP0A03:00: _OSC: OS supports [ASPM ClockPM Segments MSI EDR HPX-Type3]
[    0.291957] acpi PNP0A03:00: fail to add MMCONFIG information, can't access extended PCI configuration space under this bridge.
[    0.294129] acpiphp: Slot [3] registered
[    0.294516] acpiphp: Slot [4] registered
[    0.294900] acpiphp: Slot [5] registered
[    0.295248] acpiphp: Slot [6] registered
[    0.295645] acpiphp: Slot [7] registered
[    0.296039] acpiphp: Slot [8] registered
[    0.296421] acpiphp: Slot [9] registered
[    0.296804] acpiphp: Slot [10] registered
[    0.297192] acpiphp: Slot [11] registered
[    0.297581] acpiphp: Slot [12] registered
[    0.297985] acpiphp: Slot [13] registered
[    0.298378] acpiphp: Slot [14] registered
[    0.298777] acpiphp: Slot [15] registered
[    0.299178] acpiphp: Slot [16] registered
[    0.299247] acpiphp: Slot [17] registered
[    0.299655] acpiphp: Slot [18] registered
[    0.300054] acpiphp: Slot [19] registered
[    0.300458] acpiphp: Slot [20] registered
[    0.300857] acpiphp: Slot [21] registered
[    0.301257] acpiphp: Slot [22] registered
[    0.301657] acpiphp: Slot [23] registered
[    0.302055] acpiphp: Slot [24] registered
[    0.302455] acpiphp: Slot [25] registered
[    0.302858] acpiphp: Slot [26] registered
[    0.303247] acpiphp: Slot [27] registered
[    0.303666] acpiphp: Slot [28] registered
[    0.304068] acpiphp: Slot [29] registered
[    0.304477] acpiphp: Slot [30] registered
[    0.304894] acpiphp: Slot [31] registered
[    0.305261] PCI host bridge to bus 0000:00
[    0.305625] pci_bus 0000:00: root bus resource [io  0x0000-0x0cf7 window]
[    0.306214] pci_bus 0000:00: root bus resource [io  0x0d00-0xffff window]
[    0.306794] pci_bus 0000:00: root bus resource [mem 0x000a0000-0x000bffff window]
[    0.307199] pci_bus 0000:00: root bus resource [mem 0x80000000-0xfebfffff window]
[    0.307841] pci_bus 0000:00: root bus resource [mem 0x100000000-0x17fffffff window]
[    0.308489] pci_bus 0000:00: root bus resource [bus 00-ff]
[    0.309004] pci 0000:00:00.0: [8086:1237] type 00 class 0x060000
[    0.311009] pci 0000:00:01.0: [8086:7000] type 00 class 0x060100
[    0.311943] pci 0000:00:01.1: [8086:7010] type 00 class 0x010180
[    0.314091] pci 0000:00:01.1: reg 0x20: [io  0xc040-0xc04f]
[    0.315215] pci 0000:00:01.1: legacy IDE quirk: reg 0x10: [io  0x01f0-0x01f7]
[    0.315812] pci 0000:00:01.1: legacy IDE quirk: reg 0x14: [io  0x03f6]
[    0.316373] pci 0000:00:01.1: legacy IDE quirk: reg 0x18: [io  0x0170-0x0177]
[    0.316994] pci 0000:00:01.1: legacy IDE quirk: reg 0x1c: [io  0x0376]
[    0.317959] pci 0000:00:01.3: [8086:7113] type 00 class 0x068000
[    0.318780] pci 0000:00:01.3: quirk: [io  0x0600-0x063f] claimed by PIIX4 ACPI
[    0.319205] pci 0000:00:01.3: quirk: [io  0x0700-0x070f] claimed by PIIX4 SMB
[    0.320471] pci 0000:00:02.0: [1234:1111] type 00 class 0x030000
[    0.322281] pci 0000:00:02.0: reg 0x10: [mem 0xfd000000-0xfdffffff pref]
[    0.324398] pci 0000:00:02.0: reg 0x18: [mem 0xfebf0000-0xfebf0fff]
[    0.327217] pci 0000:00:02.0: reg 0x30: [mem 0xfebe0000-0xfebeffff pref]
[    0.329410] pci 0000:00:03.0: [8086:100e] type 00 class 0x020000
[    0.330583] pci 0000:00:03.0: reg 0x10: [mem 0xfebc0000-0xfebdffff]
[    0.331556] pci 0000:00:03.0: reg 0x14: [io  0xc000-0xc03f]
[    0.335201] pci 0000:00:03.0: reg 0x30: [mem 0xfeb80000-0xfebbffff pref]
[    0.344916] ACPI: PCI Interrupt Link [LNKA] (IRQs 5 *10 11)
[    0.345728] ACPI: PCI Interrupt Link [LNKB] (IRQs 5 *10 11)
[    0.346529] ACPI: PCI Interrupt Link [LNKC] (IRQs 5 10 *11)
[    0.347310] ACPI: PCI Interrupt Link [LNKD] (IRQs 5 10 *11)
[    0.347958] ACPI: PCI Interrupt Link [LNKS] (IRQs *9)
[    0.351308] iommu: Default domain type: Translated 
[    0.351698] pci 0000:00:02.0: vgaarb: setting as boot VGA device
[    0.351751] pci 0000:00:02.0: vgaarb: VGA device added: decodes=io+mem,owns=io+mem,locks=none
[    0.352478] pci 0000:00:02.0: vgaarb: bridge control possible
[    0.352965] vgaarb: loaded
[    0.355565] SCSI subsystem initialized
[    0.355912] ACPI: bus type USB registered
[    0.355912] usbcore: registered new interface driver usbfs
[    0.356178] usbcore: registered new interface driver hub
[    0.356684] usbcore: registered new device driver usb
[    0.357214] pps_core: LinuxPPS API ver. 1 registered
[    0.357214] pps_core: Software ver. 5.3.6 - Copyright 2005-2007 Rodolfo Giometti <giometti@linux.it>
[    0.357214] PTP clock support registered
[    0.359243] EDAC MC: Ver: 3.0.0
[    0.359687] NetLabel: Initializing
[    0.359893] NetLabel:  domain hash size = 128
[    0.360260] NetLabel:  protocols = UNLABELED CIPSOv4 CALIPSO
[    0.360767] NetLabel:  unlabeled traffic allowed by default
[    0.361267] PCI: Using ACPI for IRQ routing
[    0.361267] hpet0: at MMIO 0xfed00000, IRQs 2, 8, 0
[    0.361267] hpet0: 3 comparators, 64-bit 100.000000 MHz counter
[    0.368290] clocksource: Switched to clocksource kvm-clock
[    0.413065] VFS: Disk quotas dquot_6.6.0
[    0.413446] VFS: Dquot-cache hash table entries: 512 (order 0, 4096 bytes)
[    0.414172] pnp: PnP ACPI init
[    0.415813] pnp: PnP ACPI: found 6 devices
[    0.423918] clocksource: acpi_pm: mask: 0xffffff max_cycles: 0xffffff, max_idle_ns: 2085701024 ns
[    0.424930] NET: Registered protocol family 2
[    2.636312] tcp_listen_portaddr_hash hash table entries: 1024 (order: 2, 16384 bytes, linear)
[    2.637094] TCP established hash table entries: 16384 (order: 5, 131072 bytes, linear)
[    2.637919] TCP bind hash table entries: 16384 (order: 6, 262144 bytes, linear)
[    2.638796] TCP: Hash tables configured (established 16384 bind 16384)
[    2.639479] UDP hash table entries: 1024 (order: 3, 32768 bytes, linear)
[    2.640090] UDP-Lite hash table entries: 1024 (order: 3, 32768 bytes, linear)
[    2.640800] NET: Registered protocol family 1
[    2.642197] RPC: Registered named UNIX socket transport module.
[    2.642707] RPC: Registered udp transport module.
[    2.643096] RPC: Registered tcp transport module.
[    2.643501] RPC: Registered tcp NFSv4.1 backchannel transport module.
[    2.644069] pci_bus 0000:00: resource 4 [io  0x0000-0x0cf7 window]
[    2.644584] pci_bus 0000:00: resource 5 [io  0x0d00-0xffff window]
[    2.645098] pci_bus 0000:00: resource 6 [mem 0x000a0000-0x000bffff window]
[    2.645667] pci_bus 0000:00: resource 7 [mem 0x80000000-0xfebfffff window]
[    2.646236] pci_bus 0000:00: resource 8 [mem 0x100000000-0x17fffffff window]
[    2.646983] pci 0000:00:01.0: PIIX3: Enabling Passive Release
[    2.647500] pci 0000:00:00.0: Limiting direct PCI/PCI transfers
[    2.648011] pci 0000:00:01.0: Activating ISA DMA hang workarounds
[    2.648586] pci 0000:00:02.0: Video device with shadowed ROM at [mem 0x000c0000-0x000dffff]
[    2.649294] PCI: CLS 0 bytes, default 64
[    2.649880] clocksource: tsc: mask: 0xffffffffffffffff max_cycles: 0x2cd5a8bb032, max_idle_ns: 440795365915 ns
[    2.651166] check: Scanning for low memory corruption every 60 seconds
[    2.655742] Initialise system trusted keyrings
[    2.656151] Key type blacklist registered
[    2.656685] workingset: timestamp_bits=36 max_order=19 bucket_order=0
[    2.661582] zbud: loaded
[    2.662450] squashfs: version 4.0 (2009/01/31) Phillip Lougher
[    2.663698] NFS: Registering the id_resolver key type
[    2.664123] Key type id_resolver registered
[    2.664461] Key type id_legacy registered
[    2.664838] nfs4filelayout_init: NFSv4 File Layout Driver Registering...
[    2.665382] nfs4flexfilelayout_init: NFSv4 Flexfile Layout Driver Registering...
[    2.666056] fuse: init (API version 7.33)
[    2.666528] SGI XFS with ACLs, security attributes, realtime, quota, no debug enabled
[    2.668136] 9p: Installing v9fs 9p2000 file system support
[    2.676363] Key type asymmetric registered
[    2.676711] Asymmetric key parser 'x509' registered
[    2.677122] Block layer SCSI generic (bsg) driver version 0.4 loaded (major 244)
[    2.677836] io scheduler mq-deadline registered
[    2.678261] io scheduler bfq registered
[    2.678847] shpchp: Standard Hot Plug PCI Controller Driver version: 0.4
[    2.679548] IPMI message handler: version 39.2
[    2.679927] ipmi device interface
[    2.680975] input: Power Button as /devices/LNXSYSTM:00/LNXPWRBN:00/input/input0
[    2.681634] ACPI: button: Power Button [PWRF]
[    2.682606] ERST DBG: ERST support is disabled.
[    2.683283] Serial: 8250/16550 driver, 32 ports, IRQ sharing enabled
[    2.684174] 00:04: ttyS0 at I/O 0x3f8 (irq = 4, base_baud = 115200) is a 16550A
[    2.689012] Linux agpgart interface v0.103
[    2.695865] brd: module loaded
[    2.701980] loop: module loaded
[    2.704293] scsi host0: ata_piix
[    2.704816] scsi host1: ata_piix
[    2.705788] ata1: PATA max MWDMA2 cmd 0x1f0 ctl 0x3f6 bmdma 0xc040 irq 14
[    2.706347] ata2: PATA max MWDMA2 cmd 0x170 ctl 0x376 bmdma 0xc048 irq 15
[    2.707652] libphy: Fixed MDIO Bus: probed
[    2.708147] tun: Universal TUN/TAP device driver, 1.6
[    2.708687] e100: Intel(R) PRO/100 Network Driver
[    2.709070] e100: Copyright(c) 1999-2006 Intel Corporation
[    2.709535] e1000: Intel(R) PRO/1000 Network Driver
[    2.709926] e1000: Copyright (c) 1999-2006 Intel Corporation.
[    2.790696] PCI Interrupt Link [LNKC] enabled at IRQ 11
[    2.863780] ata1.00: ATA-7: QEMU HARDDISK, 2.5+, max UDMA/100
[    2.864380] ata1.00: 16777216 sectors, multi 16: LBA48 
[    2.865596] scsi 0:0:0:0: Direct-Access     ATA      QEMU HARDDISK    2.5+ PQ: 0 ANSI: 5
[    2.866714] scsi 0:0:0:0: Attached scsi generic sg0 type 0
[    2.867488] sd 0:0:0:0: [sda] 16777216 512-byte logical blocks: (8.59 GB/8.00 GiB)
[    2.868285] sd 0:0:0:0: [sda] Write Protect is off
[    2.868803] sd 0:0:0:0: [sda] Write cache: enabled, read cache: enabled, doesn't support DPO or FUA
[    2.870527] ata2.00: ATAPI: QEMU DVD-ROM, 2.5+, max UDMA/100
[    2.872021] scsi 1:0:0:0: CD-ROM            QEMU     QEMU DVD-ROM     2.5+ PQ: 0 ANSI: 5
[    2.873431] scsi 1:0:0:0: Attached scsi generic sg1 type 5
[    3.079326] sd 0:0:0:0: [sda] Attached SCSI disk
[    3.113920] e1000 0000:00:03.0 eth0: (PCI:33MHz:32-bit) 52:54:00:12:34:56
[    3.114500] e1000 0000:00:03.0 eth0: Intel(R) PRO/1000 Network Connection
[    3.115126] e1000e: Intel(R) PRO/1000 Network Driver
[    3.115552] e1000e: Copyright(c) 1999 - 2015 Intel Corporation.
[    3.116084] igb: Intel(R) Gigabit Ethernet Network Driver
[    3.116526] igb: Copyright (c) 2007-2014 Intel Corporation.
[    3.117041] PPP generic driver version 2.4.2
[    3.117651] VFIO - User Level meta-driver version: 0.3
[    3.118116] ehci_hcd: USB 2.0 'Enhanced' Host Controller (EHCI) Driver
[    3.118664] ehci-pci: EHCI PCI platform driver
[    3.119056] ehci-platform: EHCI generic platform driver
[    3.119505] ohci_hcd: USB 1.1 'Open' Host Controller (OHCI) Driver
[    3.120020] ohci-pci: OHCI PCI platform driver
[    3.120410] ohci-platform: OHCI generic platform driver
[    3.120845] uhci_hcd: USB Universal Host Controller Interface driver
[    3.121519] usbcore: registered new interface driver uas
[    3.122092] usbcore: registered new interface driver usb-storage
[    3.122753] i8042: PNP: PS/2 Controller [PNP0303:KBD,PNP0f13:MOU] at 0x60,0x64 irq 1,12
[    3.124139] serio: i8042 KBD port at 0x60,0x64 irq 1
[    3.124635] serio: i8042 AUX port at 0x60,0x64 irq 12
[    3.125500] mousedev: PS/2 mouse device common for all mice
[    3.126424] input: AT Translated Set 2 keyboard as /devices/platform/i8042/serio0/input/input1
[    3.127385] rtc_cmos 00:05: RTC can wake from S4
[    3.128365] input: VirtualPS/2 VMware VMMouse as /devices/platform/i8042/serio1/input/input4
[    3.128549] rtc_cmos 00:05: registered as rtc0
[    3.129688] rtc_cmos 00:05: setting system clock to 2022-11-16T04:21:01 UTC (1668572461)
[    3.130483] input: VirtualPS/2 VMware VMMouse as /devices/platform/i8042/serio1/input/input3
[    3.130489] rtc_cmos 00:05: alarms up to one day, y3k, 242 bytes nvram, hpet irqs
[    3.131983] i2c /dev entries driver
[    3.132352] device-mapper: uevent: version 1.0.3
[    3.132844] device-mapper: ioctl: 4.44.0-ioctl (2021-02-01) initialised: dm-devel@redhat.com
[    3.133554] intel_pstate: CPU model not supported
[    3.133980] sdhci: Secure Digital Host Controller Interface driver
[    3.134477] sdhci: Copyright(c) Pierre Ossman
[    3.134976] sdhci-pltfm: SDHCI platform and OF driver helper
[    3.135503] ledtrig-cpu: registered to indicate activity on CPUs
[    3.136072] drop_monitor: Initializing network drop monitor service
[    3.136914] NET: Registered protocol family 10
[    3.138533] Segment Routing with IPv6
[    3.138863] NET: Registered protocol family 17
[    3.139355] 9pnet: Installing 9P2000 support
[    3.139745] Key type dns_resolver registered
[    3.140558] IPI shorthand broadcast: enabled
[    3.140952] sched_clock: Marking stable (3132144418, 8263647)->(3145325009, -4916944)
[    3.141726] registered taskstats version 1
[    3.142092] Loading compiled-in X.509 certificates
[    3.142538] zswap: loaded using pool lzo/zbud
[    3.143170] Key type ._fscrypt registered
[    3.143519] Key type .fscrypt registered
[    3.143900] Key type fscrypt-provisioning registered
[    3.144737] Key type encrypted registered
[    3.145098] ima: No TPM chip found, activating TPM-bypass!
[    3.145559] ima: Allocated hash algorithm: sha1
[    3.145947] ima: No architecture policies found
[    3.146331] evm: Initialising EVM extended attributes:
[    3.146745] evm: security.selinux
[    3.147015] evm: security.SMACK64
[    3.147300] evm: security.SMACK64EXEC
[    3.147605] evm: security.SMACK64TRANSMUTE
[    3.147942] evm: security.SMACK64MMAP
[    3.148239] evm: security.apparmor
[    3.148517] evm: security.ima
[    3.148761] evm: security.capability
[    3.149052] evm: HMAC attrs: 0x1
[    3.150929] PM:   Magic number: 14:924:312
[    3.151569] RAS: Correctable Errors collector initialized.
[    3.152261] md: Waiting for all devices to be available before autodetect
[    3.152815] md: If you don't use raid, use raid=noautodetect
[    3.153273] md: Autodetecting RAID arrays.
[    3.153612] md: autorun ...
[    3.153846] md: ... autorun DONE.
[    3.156412] EXT4-fs (sda): INFO: recovery required on readonly filesystem
[    3.156978] EXT4-fs (sda): write access will be enabled during recovery
[    3.200396] EXT4-fs (sda): recovery complete
[    3.206116] EXT4-fs (sda): mounted filesystem with ordered data mode. Opts: (null). Quota mode: none.
[    3.206904] VFS: Mounted root (ext4 filesystem) readonly on device 8:0.
[    3.207853] devtmpfs: mounted
[    3.214313] Freeing unused decrypted memory: 2036K
[    3.215841] Freeing unused kernel image (initmem) memory: 3052K
[    3.216318] Write protecting the kernel read-only data: 38912k
[    3.218553] Freeing unused kernel image (text/rodata gap) memory: 2028K
[    3.219492] Freeing unused kernel image (rodata/data gap) memory: 932K
[    3.314241] x86/mm: Checked W+X mappings: passed, no W+X pages found.
[    3.314829] Run /sbin/init as init process
[    3.321601] random: fast init done
[    3.378159] systemd[1]: RTC configured in localtime, applying delta of 0 minutes to system time.
[    3.393771] systemd[1]: systemd 239 (239-49.el8) running in system mode. (+PAM +AUDIT +SELINUX +IMA -APPARMOR +SMACK +SYSVINIT +UTMP +LIBCRYPTSETUP +GCRYPT +GNUTLS +ACL +XZ +LZ4 +SECCOMP +BLKID +ELFUTILS +KMOD +IDN2 -IDN +PCRE2 default-hierarchy=legacy)
[    3.395644] systemd[1]: Detected virtualization kvm.
[    3.396080] systemd[1]: Detected architecture x86-64.

Welcome to [0;31mCentOS Stream 8[0m!

[    3.408498] systemd[1]: Set hostname to <test>.
[    3.491132] random: lvmconfig: uninitialized urandom read (4 bytes read)
[    3.569898] random: systemd: uninitialized urandom read (16 bytes read)
[    3.570639] systemd[1]: Set up automount Arbitrary Executable File Formats File System Automount Point.
[[0;32m  OK  [0m] Set up automount Arbitrary Executabâ€¦rmats File System Automount Point.
[    3.572175] random: systemd: uninitialized urandom read (16 bytes read)
[    3.572782] systemd[1]: Listening on initctl Compatibility Named Pipe.
[[0;32m  OK  [0m] Listening on initctl Compatibility Named Pipe.
[    3.575401] systemd[1]: Created slice system-getty.slice.
[[0;32m  OK  [0m] Created slice system-getty.slice.
[    3.576551] systemd[1]: Listening on LVM2 poll daemon socket.
[[0;32m  OK  [0m] Listening on LVM2 poll daemon socket.
[    3.577613] systemd[1]: Listening on udev Kernel Socket.
[[0;32m  OK  [0m] Listening on udev Kernel Socket.
[    3.578936] systemd[1]: Created slice system-sshd\x2dkeygen.slice.
[[0;32m  OK  [0m] Created slice system-sshd\x2dkeygen.slice.
[[0;32m  OK  [0m] Listening on multipathd control socket.
[[0;32m  OK  [0m] Listening on RPCbind Server Activation Socket.
[[0;32m  OK  [0m] Reached target RPC Port Mapper.
[[0;32m  OK  [0m] Reached target Swap.
[[0;32m  OK  [0m] Listening on Device-mapper event daemon FIFOs.
[[0;32m  OK  [0m] Created slice User and Session Slice.
[[0;32m  OK  [0m] Reached target Slices.
[[0;32m  OK  [0m] Listening on Journal Socket (/dev/log).
[[0;32m  OK  [0m] Listening on udev Control Socket.
[[0;32m  OK  [0m] Listening on Process Core Dump Socket.
[[0;32m  OK  [0m] Started Forward Password Requests to Wall Directory Watch.
[[0;32m  OK  [0m] Listening on Journal Socket.
         Mounting Kernel Debug File System...
         Mounting POSIX Message Queue File System...
         Starting Load Kernel Modules...
         Mounting Huge Pages File System...
         Starting Remount Root and Kernel File Systems...
         Starting udev Coldplug all Devices...
         Starting Monitoring of LVM2 mirrorsâ€¦ng dmeventd or progress polling...
         Starting Journal Service...
[[0;32m  OK  [0m] Created slice system-serial\x2dgetty.slice.
         Starting Setup Virtual Console...
[    3.735342] EXT4-fs (sda): re-mounted. Opts: (null). Quota mode: none.
[[0;32m  OK  [0m] Mounted Kernel Debug File System.
[[0;32m  OK  [0m] Mounted POSIX Message Queue File System.
[[0;1;31mFAILED[0m] Failed to start Load Kernel Modules.
See 'systemctl status systemd-modules-load.service' for details.
[[0;32m  OK  [0m] Mounted Huge Pages File System.
[[0;32m  OK  [0m] Started Remount Root and Kernel File Systems.
         Starting Load/Save Random Seed...
         Starting Create Static Device Nodes in /dev...
         Mounting FUSE Control File System...
         Mounting Kernel Configuration File System...
         Starting Apply Kernel Variables...
[[0;32m  OK  [0m] Started Journal Service.
[[0;32m  OK  [0m] Started Load/Save Random Seed.
[[0;32m  OK  [0m] Started Create Static Device Nodes in /dev.
[[0;32m  OK  [0m] Mounted FUSE Control File System.
[[0;32m  OK  [0m] Mounted Kernel Configuration File System.
         Starting udev Kernel Device Manager...
         Starting Flush Journal to Persistent Storage...
[[0;32m  OK  [0m] Started Apply Kernel Variables.
[[0;32m  OK  [0m] Started udev Coldplug all Devices.
[[0;32m  OK  [0m] Started udev Kernel Device Manager.
[[0;32m  OK  [0m] Started Flush Journal to Persistent Storage.
         Starting udev Wait for Complete Device Initialization...
[[0;32m  OK  [0m] Started Setup Virtual Console.
         Starting Show Plymouth Boot Screen...
[[0;32m  OK  [0m] Started Show Plymouth Boot Screen.
[[0;32m  OK  [0m] Started Forward Password Requests to Plymouth Directory Watch.
[[0;32m  OK  [0m] Reached target Paths.
[[0;32m  OK  [0m] Reached target Local Encrypted Volumes.
[[0;32m  OK  [0m] Found device /dev/ttyS0.
[[0;32m  OK  [0m] Started Monitoring of LVM2 mirrors,â€¦sing dmeventd or progress polling.
[[0;32m  OK  [0m] Listening on Load/Save RF Kill Switch Status /dev/rfkill Watch.
[[0;32m  OK  [0m] Started udev Wait for Complete Device Initialization.
[[0;32m  OK  [0m] Reached target Local File Systems (Pre).
[[0;32m  OK  [0m] Reached target Local File Systems.
         Starting Restore /run/initramfs on shutdown...
         Starting Create Volatile Files and Directories...
         Starting Tell Plymouth To Write Out Runtime Data...
[[0;32m  OK  [0m] Started Restore /run/initramfs on shutdown.
[[0;32m  OK  [0m] Started Create Volatile Files and Directories.
[[0;32m  OK  [0m] Started Tell Plymouth To Write Out Runtime Data.
         Mounting RPC Pipe File System...
         Starting Security Auditing Service...
         Starting RPC Bind...
[[0;32m  OK  [0m] Mounted RPC Pipe File System.
[[0;32m  OK  [0m] Reached target rpc_pipefs.target.
[[0;32m  OK  [0m] Started RPC Bind.
[[0;32m  OK  [0m] Started Security Auditing Service.
         Starting Update UTMP about System Boot/Shutdown...
[[0;32m  OK  [0m] Started Update UTMP about System Boot/Shutdown.
[[0;32m  OK  [0m] Reached target System Initialization.
[[0;32m  OK  [0m] Listening on SSSD Kerberos Cache Manager responder socket.
[[0;32m  OK  [0m] Listening on D-Bus System Message Bus Socket.
[[0;32m  OK  [0m] Reached target Sockets.
[[0;32m  OK  [0m] Reached target Basic System.
         Starting Login Service...
[[0;32m  OK  [0m] Started D-Bus System Message Bus.
         Starting Self Monitoring and Reporting Technology (SMART) Daemon...
[[0;32m  OK  [0m] Started irqbalance daemon.
         Starting Auto-connect to subsystemsâ€¦-NVME devices found during boot...
         Starting Authorization Manager...
         Starting Network Manager...
         Starting NTP client/server...
[[0;32m  OK  [0m] Started Daily Cleanup of Temporary Directories.
[[0;32m  OK  [0m] Started daily update of the root trust anchor for DNSSEC.
[[0;32m  OK  [0m] Reached target sshd-keygen.target.
[[0;32m  OK  [0m] Started dnf makecache --timer.
[[0;32m  OK  [0m] Reached target Timers.
[[0;32m  OK  [0m] Started Machine Check Exception Logging Daemon.
[[0;32m  OK  [0m] Started Self Monitoring and Reporting Technology (SMART) Daemon.
[[0;32m  OK  [0m] Started Auto-connect to subsystems â€¦FC-NVME devices found during boot.
[[0;32m  OK  [0m] Started Login Service.
[[0;32m  OK  [0m] Started Network Manager.
[[0;32m  OK  [0m] Reached target Network.
         Starting OpenSSH server daemon...
         Starting GSSAPI Proxy Daemon...
         Starting Dynamic System Tuning Daemon...
         Starting Network Manager Wait Online...
         Starting Hostname Service...
[[0;32m  OK  [0m] Started NTP client/server.
[[0;32m  OK  [0m] Started Authorization Manager.
[[0;32m  OK  [0m] Started Hostname Service.
         Starting Network Manager Script Dispatcher Service...
[[0;32m  OK  [0m] Started Network Manager Script Dispatcher Service.
[    4.907228] e1000: eth0 NIC Link is Up 1000 Mbps Full Duplex, Flow Control: RX
[    4.908268] IPv6: ADDRCONF(NETDEV_CHANGE): eth0: link becomes ready
[[0;32m  OK  [0m] Started Dynamic System Tuning Daemon.
[[0;32m  OK  [0m] Started Network Manager Wait Online.
[[0;32m  OK  [0m] Reached target Network is Online.
         Starting System Logging Service...
         Starting Notify NFS peers of a restart...
[[0;32m  OK  [0m] Started Notify NFS peers of a restart.
[[0;32m  OK  [0m] Started System Logging Service.
[    6.055221] random: crng init done
[    6.055597] random: 7 urandom warning(s) missed due to ratelimiting
[[0;32m  OK  [0m] Started OpenSSH server daemon.
[[0;32m  OK  [0m] Started GSSAPI Proxy Daemon.
[[0;32m  OK  [0m] Reached target NFS client services.
[[0;32m  OK  [0m] Reached target Remote File Systems (Pre).
[[0;32m  OK  [0m] Reached target Remote File Systems.
         Starting Permit User Sessions...
[[0;32m  OK  [0m] Started Permit User Sessions.
         Starting Terminate Plymouth Boot Screen...
         Starting Hold until boot process finishes up...
[[0;32m  OK  [0m] Started Command Scheduler.

CentOS Stream 8
Kernel 5.12.0-rc3-d0946a882e62+ on an x86_64

test login: [  300.199342] INFO: task repro:6682 blocked for more than 147 seconds.
[  300.199929]       Not tainted 5.12.0-rc3-d0946a882e62+ #1
[  300.200377] "echo 0 > /proc/sys/kernel/hung_task_timeout_secs" disables this message.
[  300.201032] task:repro           state:D stack:    0 pid: 6682 ppid:   577 flags:0x00004002
[  300.201732] Call Trace:
[  300.201961]  __schedule+0x3a7/0x890
[  300.202276]  ? write_comp_data+0x2f/0x90
[  300.202621]  schedule+0x40/0xb0
[  300.202894]  schedule_preempt_disabled+0xe/0x10
[  300.203298]  __mutex_lock.isra.11+0x2de/0x4e0
[  300.203687]  __mutex_lock_slowpath+0x13/0x20
[  300.204062]  mutex_lock+0x2c/0x30
[  300.204352]  perf_event_ctx_lock_nested.isra.99+0xca/0x190
[  300.204823]  perf_event_release_kernel+0x6e/0x370
[  300.205235]  ? __sanitizer_cov_trace_pc+0x21/0x50
[  300.205635]  ? perf_event_release_kernel+0x370/0x370
[  300.206056]  perf_release+0x19/0x20
[  300.206356]  __fput+0x110/0x400
[  300.206634]  ____fput+0x1a/0x20
[  300.206905]  task_work_run+0x94/0xe0
[  300.207225]  do_exit+0x535/0x1110
[  300.207518]  ? write_comp_data+0x2f/0x90
[  300.207871]  ? write_comp_data+0x2f/0x90
[  300.208213]  ? write_comp_data+0x2f/0x90
[  300.208561]  do_group_exit+0x78/0x120
[  300.208885]  get_signal+0x218/0xd20
[  300.209190]  ? do_futex+0x160/0x1160
[  300.209498]  ? fd_install+0x6e/0xd0
[  300.209797]  arch_do_signal_or_restart+0xb8/0x760
[  300.210195]  ? __sanitizer_cov_trace_pc+0x21/0x50
[  300.210594]  ? write_comp_data+0x2f/0x90
[  300.210929]  ? __sanitizer_cov_trace_pc+0x21/0x50
[  300.211343]  ? __audit_syscall_exit+0x29d/0x3d0
[  300.211743]  exit_to_user_mode_prepare+0xed/0x170
[  300.212155]  syscall_exit_to_user_mode+0x1c/0x30
[  300.212551]  do_syscall_64+0x43/0x50
[  300.212864]  entry_SYSCALL_64_after_hwframe+0x44/0xae
[  300.213301] RIP: 0033:0x7f054773159d
[  300.213609] RSP: 002b:00007f05475e9ea8 EFLAGS: 00000246 ORIG_RAX: 00000000000000ca
[  300.214247] RAX: fffffffffffffe00 RBX: 0000000000000000 RCX: 00007f054773159d
[  300.214845] RDX: 0000000000000000 RSI: 0000000000000080 RDI: 0000000000405158
[  300.215452] RBP: 00007f05475e9ec0 R08: 0000000000000000 R09: 0000000000000000
[  300.216056] R10: 0000000000000000 R11: 0000000000000246 R12: 00007ffdb1b5279e
[  300.216655] R13: 00007ffdb1b5279f R14: 00007ffdb1b52830 R15: 00007f05475ea700
[  300.217267] INFO: task repro:6675 blocked for more than 147 seconds.
[  300.217811]       Not tainted 5.12.0-rc3-d0946a882e62+ #1
[  300.218259] "echo 0 > /proc/sys/kernel/hung_task_timeout_secs" disables this message.
[  300.218911] task:repro           state:D stack:    0 pid: 6675 ppid:   574 flags:0x00004004
[  300.219644] Call Trace:
[  300.219865]  __schedule+0x3a7/0x890
[  300.220180]  schedule+0x40/0xb0
[  300.220459]  schedule_preempt_disabled+0xe/0x10
[  300.220856]  __mutex_lock.isra.11+0x2de/0x4e0
[  300.221242]  __mutex_lock_slowpath+0x13/0x20
[  300.221613]  mutex_lock+0x2c/0x30
[  300.221904]  __do_sys_perf_event_open+0xb08/0x1910
[  300.222327]  __x64_sys_perf_event_open+0x26/0x30
[  300.222729]  do_syscall_64+0x37/0x50
[  300.223045]  entry_SYSCALL_64_after_hwframe+0x44/0xae
[  300.223505] RIP: 0033:0x7f054773159d
[  300.223824] RSP: 002b:00007f054760ae98 EFLAGS: 00000246 ORIG_RAX: 000000000000012a
[  300.224470] RAX: ffffffffffffffda RBX: 0000000000000000 RCX: 00007f054773159d
[  300.225088] RDX: 0000000000000000 RSI: 00000000ffffffff RDI: 0000000020000080
[  300.225705] RBP: 00007f054760aec0 R08: 0000000000000000 R09: 0000000000000000
[  300.226307] R10: 0000000000000003 R11: 0000000000000246 R12: 00007ffdb1b5279e
[  300.226914] R13: 00007ffdb1b5279f R14: 00007ffdb1b52830 R15: 00007f054760b700
[  300.227539] INFO: task repro:6686 blocked for more than 147 seconds.
[  300.228092]       Not tainted 5.12.0-rc3-d0946a882e62+ #1
[  300.228549] "echo 0 > /proc/sys/kernel/hung_task_timeout_secs" disables this message.
[  300.229207] task:repro           state:D stack:    0 pid: 6686 ppid:   571 flags:0x00004004
[  300.229908] Call Trace:
[  300.230129]  __schedule+0x3a7/0x890
[  300.230441]  schedule+0x40/0xb0
[  300.230718]  schedule_preempt_disabled+0xe/0x10
[  300.231110]  __mutex_lock.isra.11+0x2de/0x4e0
[  300.231506]  __mutex_lock_slowpath+0x13/0x20
[  300.231889]  mutex_lock+0x2c/0x30
[  300.232187]  perf_event_ctx_lock_nested.isra.99+0xca/0x190
[  300.232667]  perf_try_init_event+0x188/0x270
[  300.233046]  perf_event_alloc+0xd94/0x17f0
[  300.233412]  ? __sanitizer_cov_trace_pc+0x21/0x50
[  300.233819]  __do_sys_perf_event_open+0x3be/0x1910
[  300.234234]  ? write_comp_data+0x2f/0x90
[  300.234583]  __x64_sys_perf_event_open+0x26/0x30
[  300.234983]  do_syscall_64+0x37/0x50
[  300.235310]  entry_SYSCALL_64_after_hwframe+0x44/0xae
[  300.235755] RIP: 0033:0x7f054773159d
[  300.236064] RSP: 002b:00007f05475e9e98 EFLAGS: 00000246 ORIG_RAX: 000000000000012a
[  300.236700] RAX: ffffffffffffffda RBX: 0000000000000000 RCX: 00007f054773159d
[  300.237309] RDX: 0000000000000000 RSI: 00000000ffffffff RDI: 0000000020000000
[  300.237915] RBP: 00007f05475e9ec0 R08: 0000000000000000 R09: 0000000000000000
[  300.238520] R10: 0000000000000003 R11: 0000000000000246 R12: 00007ffdb1b5279e
[  300.239179] R13: 00007ffdb1b5279f R14: 00007ffdb1b52830 R15: 00007f05475ea700
[  300.239805] INFO: task repro:6680 blocked for more than 147 seconds.
[  300.240350]       Not tainted 5.12.0-rc3-d0946a882e62+ #1
[  300.240814] "echo 0 > /proc/sys/kernel/hung_task_timeout_secs" disables this message.
[  300.241470] task:repro           state:D stack:    0 pid: 6680 ppid:   576 flags:0x00000004
[  300.242177] Call Trace:
[  300.242391]  __schedule+0x3a7/0x890
[  300.242697]  schedule+0x40/0xb0
[  300.242972]  schedule_preempt_disabled+0xe/0x10
[  300.243379]  __mutex_lock.isra.11+0x2de/0x4e0
[  300.243774]  __mutex_lock_slowpath+0x13/0x20
[  300.244153]  mutex_lock+0x2c/0x30
[  300.244452]  perf_event_ctx_lock_nested.isra.99+0xca/0x190
[  300.244937]  perf_try_init_event+0x188/0x270
[  300.245317]  perf_event_alloc+0xd94/0x17f0
[  300.245677]  ? __sanitizer_cov_trace_pc+0x21/0x50
[  300.246085]  __do_sys_perf_event_open+0x3be/0x1910
[  300.246504]  ? write_comp_data+0x2f/0x90
[  300.246851]  __x64_sys_perf_event_open+0x26/0x30
[  300.247262]  do_syscall_64+0x37/0x50
[  300.247583]  entry_SYSCALL_64_after_hwframe+0x44/0xae
[  300.248023] RIP: 0033:0x7f054773159d
[  300.248334] RSP: 002b:00007f054760ae98 EFLAGS: 00000246 ORIG_RAX: 000000000000012a
[  300.248977] RAX: ffffffffffffffda RBX: 0000000000000000 RCX: 00007f054773159d
[  300.249575] RDX: 0000000000000000 RSI: 00000000ffffffff RDI: 0000000020000000
[  300.250177] RBP: 00007f054760aec0 R08: 0000000000000000 R09: 0000000000000000
[  300.250773] R10: 0000000000000003 R11: 0000000000000246 R12: 00007ffdb1b5279e
[  300.251441] R13: 00007ffdb1b5279f R14: 00007ffdb1b52830 R15: 00007f054760b700
[  300.252068] INFO: task repro:6687 blocked for more than 147 seconds.
[  300.252596]       Not tainted 5.12.0-rc3-d0946a882e62+ #1
[  300.253046] "echo 0 > /proc/sys/kernel/hung_task_timeout_secs" disables this message.
[  300.253700] task:repro           state:D stack:    0 pid: 6687 ppid:   579 flags:0x00004002
[  300.254404] Call Trace:
[  300.254618]  __schedule+0x3a7/0x890
[  300.254922]  ? write_comp_data+0x2f/0x90
[  300.255275]  schedule+0x40/0xb0
[  300.255563]  schedule_preempt_disabled+0xe/0x10
[  300.255961]  __mutex_lock.isra.11+0x2de/0x4e0
[  300.256339]  __mutex_lock_slowpath+0x13/0x20
[  300.256717]  mutex_lock+0x2c/0x30
[  300.257015]  perf_event_ctx_lock_nested.isra.99+0xca/0x190
[  300.257497]  perf_event_release_kernel+0x6e/0x370
[  300.257914]  ? __sanitizer_cov_trace_pc+0x21/0x50
[  300.258329]  ? perf_event_release_kernel+0x370/0x370
[  300.258769]  perf_release+0x19/0x20
[  300.259076]  __fput+0x110/0x400
[  300.259368]  ____fput+0x1a/0x20
[  300.259654]  task_work_run+0x94/0xe0
[  300.259976]  do_exit+0x535/0x1110
[  300.260269]  ? wake_up_q+0x69/0xa0
[  300.260567]  ? write_comp_data+0x2f/0x90
[  300.260913]  ? write_comp_data+0x2f/0x90
[  300.261257]  do_group_exit+0x78/0x120
[  300.261578]  get_signal+0x218/0xd20
[  300.261884]  ? do_futex+0x160/0x1160
[  300.262203]  ? fd_install+0x6e/0xd0
[  300.262511]  arch_do_signal_or_restart+0xb8/0x760
[  300.262919]  ? __sanitizer_cov_trace_pc+0x21/0x50
[  300.263341]  ? write_comp_data+0x2f/0x90
[  300.263700]  ? __sanitizer_cov_trace_pc+0x21/0x50
[  300.264117]  ? __audit_syscall_exit+0x29d/0x3d0
[  300.264518]  exit_to_user_mode_prepare+0xed/0x170
[  300.264935]  syscall_exit_to_user_mode+0x1c/0x30
[  300.265343]  do_syscall_64+0x43/0x50
[  300.265665]  entry_SYSCALL_64_after_hwframe+0x44/0xae
[  300.266110] RIP: 0033:0x7f054773159d
[  300.266428] RSP: 002b:00007f05475e9ea8 EFLAGS: 00000246 ORIG_RAX: 00000000000000ca
[  300.267080] RAX: fffffffffffffe00 RBX: 0000000000000000 RCX: 00007f054773159d
[  300.267703] RDX: 0000000000000000 RSI: 0000000000000080 RDI: 0000000000405158
[  300.268310] RBP: 00007f05475e9ec0 R08: 0000000000000000 R09: 0000000000000000
[  300.268917] R10: 0000000000000000 R11: 0000000000000246 R12: 00007ffdb1b5279e
[  300.269522] R13: 00007ffdb1b5279f R14: 00007ffdb1b52830 R15: 00007f05475ea700
[  300.270134] INFO: task repro:6685 blocked for more than 147 seconds.
[  300.270678]       Not tainted 5.12.0-rc3-d0946a882e62+ #1
[  300.271143] "echo 0 > /proc/sys/kernel/hung_task_timeout_secs" disables this message.
[  300.271825] task:repro           state:D stack:    0 pid: 6685 ppid:   580 flags:0x00004004
[  300.272555] Call Trace:
[  300.272776]  __schedule+0x3a7/0x890
[  300.273090]  schedule+0x40/0xb0
[  300.273374]  schedule_preempt_disabled+0xe/0x10
[  300.273775]  __mutex_lock.isra.11+0x2de/0x4e0
[  300.274162]  ? __anon_inode_getfile+0xc4/0x250
[  300.274558]  __mutex_lock_slowpath+0x13/0x20
[  300.274937]  mutex_lock+0x2c/0x30
[  300.275248]  __do_sys_perf_event_open+0xb08/0x1910
[  300.275677]  __x64_sys_perf_event_open+0x26/0x30
[  300.276085]  do_syscall_64+0x37/0x50
[  300.276407]  entry_SYSCALL_64_after_hwframe+0x44/0xae
[  300.276851] RIP: 0033:0x7f054773159d
[  300.277167] RSP: 002b:00007f054760ae98 EFLAGS: 00000246 ORIG_RAX: 000000000000012a
[  300.277819] RAX: ffffffffffffffda RBX: 0000000000000000 RCX: 00007f054773159d
[  300.278430] RDX: 0000000000000000 RSI: 00000000ffffffff RDI: 0000000020000080
[  300.279042] RBP: 00007f054760aec0 R08: 0000000000000000 R09: 0000000000000000
[  300.279665] R10: 0000000000000003 R11: 0000000000000246 R12: 00007ffdb1b5279e
[  300.280279] R13: 00007ffdb1b5279f R14: 00007ffdb1b52830 R15: 00007f054760b700
[  300.280895] INFO: task repro:6695 blocked for more than 147 seconds.
[  300.281441]       Not tainted 5.12.0-rc3-d0946a882e62+ #1
[  300.281908] "echo 0 > /proc/sys/kernel/hung_task_timeout_secs" disables this message.
[  300.282572] task:repro           state:D stack:    0 pid: 6695 ppid:   580 flags:0x00000004
[  300.283298] Call Trace:
[  300.283517]  __schedule+0x3a7/0x890
[  300.283835]  schedule+0x40/0xb0
[  300.284117]  schedule_preempt_disabled+0xe/0x10
[  300.284516]  __mutex_lock.isra.11+0x2de/0x4e0
[  300.284903]  __mutex_lock_slowpath+0x13/0x20
[  300.285281]  mutex_lock+0x2c/0x30
[  300.285579]  perf_event_ctx_lock_nested.isra.99+0xca/0x190
[  300.286059]  perf_try_init_event+0x188/0x270
[  300.286437]  perf_event_alloc+0xd94/0x17f0
[  300.286800]  ? __sanitizer_cov_trace_pc+0x21/0x50
[  300.287227]  __do_sys_perf_event_open+0x3be/0x1910
[  300.287658]  ? write_comp_data+0x2f/0x90
[  300.288009]  __x64_sys_perf_event_open+0x26/0x30
[  300.288417]  do_syscall_64+0x37/0x50
[  300.288737]  entry_SYSCALL_64_after_hwframe+0x44/0xae
[  300.289181] RIP: 0033:0x7f054773159d
[  300.289496] RSP: 002b:00007f05475e9e98 EFLAGS: 00000246 ORIG_RAX: 000000000000012a
[  300.290147] RAX: ffffffffffffffda RBX: 0000000000000000 RCX: 00007f054773159d
[  300.290759] RDX: 0000000000000000 RSI: 00000000ffffffff RDI: 0000000020000000
[  300.291381] RBP: 00007f05475e9ec0 R08: 0000000000000000 R09: 0000000000000000
[  300.291997] R10: 0000000000000003 R11: 0000000000000246 R12: 00007ffdb1b5279e
[  300.292606] R13: 00007ffdb1b5279f R14: 00007ffdb1b52830 R15: 00007f05475ea700
[  300.293219] INFO: task repro:6691 blocked for more than 147 seconds.
[  300.293763]       Not tainted 5.12.0-rc3-d0946a882e62+ #1
[  300.294228] "echo 0 > /proc/sys/kernel/hung_task_timeout_secs" disables this message.
[  300.294895] task:repro           state:D stack:    0 pid: 6691 ppid:   575 flags:0x00000004
[  300.295627] Call Trace:
[  300.295847]  __schedule+0x3a7/0x890
[  300.296160]  schedule+0x40/0xb0
[  300.296443]  schedule_preempt_disabled+0xe/0x10
[  300.296843]  __mutex_lock.isra.11+0x2de/0x4e0
[  300.297229]  ? __anon_inode_getfile+0xc4/0x250
[  300.297631]  __mutex_lock_slowpath+0x13/0x20
[  300.298007]  mutex_lock+0x2c/0x30
[  300.298302]  __do_sys_perf_event_open+0x104a/0x1910
[  300.298730]  __x64_sys_perf_event_open+0x26/0x30
[  300.299135]  do_syscall_64+0x37/0x50
[  300.299472]  entry_SYSCALL_64_after_hwframe+0x44/0xae
[  300.299919] RIP: 0033:0x7f054773159d
[  300.300236] RSP: 002b:00007f054760ae98 EFLAGS: 00000246 ORIG_RAX: 000000000000012a
[  300.300887] RAX: ffffffffffffffda RBX: 0000000000000000 RCX: 00007f054773159d
[  300.301495] RDX: 0000000000000000 RSI: 00000000ffffffff RDI: 0000000020000000
[  300.302103] RBP: 00007f054760aec0 R08: 0000000000000000 R09: 0000000000000000
[  300.302701] R10: 00000000ffffffff R11: 0000000000000246 R12: 00007ffdb1b5279e
[  300.303307] R13: 00007ffdb1b5279f R14: 00007ffdb1b52830 R15: 00007f054760b700
[  300.303935] INFO: task repro:6694 blocked for more than 147 seconds.
[  300.304479]       Not tainted 5.12.0-rc3-d0946a882e62+ #1
[  300.304934] "echo 0 > /proc/sys/kernel/hung_task_timeout_secs" disables this message.
[  300.305569] task:repro           state:D stack:    0 pid: 6694 ppid:   575 flags:0x00000004
[  300.306262] Call Trace:
[  300.306478]  __schedule+0x3a7/0x890
[  300.306776]  schedule+0x40/0xb0
[  300.307062]  schedule_preempt_disabled+0xe/0x10
[  300.307464]  __mutex_lock.isra.11+0x2de/0x4e0
[  300.307848]  ? __anon_inode_getfile+0xc4/0x250
[  300.308239]  __mutex_lock_slowpath+0x13/0x20
[  300.308606]  mutex_lock+0x2c/0x30
[  300.308886]  __do_sys_perf_event_open+0x104a/0x1910
[  300.309310]  __x64_sys_perf_event_open+0x26/0x30
[  300.309702]  do_syscall_64+0x37/0x50
[  300.310003]  entry_SYSCALL_64_after_hwframe+0x44/0xae
[  300.310438] RIP: 0033:0x7f054773159d
[  300.310753] RSP: 002b:00007f05475e9e98 EFLAGS: 00000246 ORIG_RAX: 000000000000012a
[  300.311405] RAX: ffffffffffffffda RBX: 0000000000000000 RCX: 00007f054773159d
[  300.312013] RDX: 0000000000000000 RSI: 00000000ffffffff RDI: 0000000020000080
[  300.312605] RBP: 00007f05475e9ec0 R08: 0000000000000000 R09: 0000000000000000
[  300.313190] R10: ffffffffffffffff R11: 0000000000000246 R12: 00007ffdb1b5279e
[  300.313790] R13: 00007ffdb1b5279f R14: 00007ffdb1b52830 R15: 00007f05475ea700
[  300.314383] INFO: task repro:6696 blocked for more than 147 seconds.
[  300.314932]       Not tainted 5.12.0-rc3-d0946a882e62+ #1
[  300.315396] "echo 0 > /proc/sys/kernel/hung_task_timeout_secs" disables this message.
[  300.316069] task:repro           state:D stack:    0 pid: 6696 ppid:   575 flags:0x00000004
[  300.316767] Call Trace:
[  300.316986]  __schedule+0x3a7/0x890
[  300.317288]  schedule+0x40/0xb0
[  300.317560]  schedule_preempt_disabled+0xe/0x10
[  300.318111]  __mutex_lock.isra.11+0x2de/0x4e0
[  300.318653]  ? __anon_inode_getfile+0xc4/0x250
[  300.319219]  __mutex_lock_slowpath+0x13/0x20
[  300.319768]  mutex_lock+0x2c/0x30
[  300.320184]  __do_sys_perf_event_open+0x104a/0x1910
[  300.320791]  __x64_sys_perf_event_open+0x26/0x30
[  300.321366]  do_syscall_64+0x37/0x50
[  300.321811]  entry_SYSCALL_64_after_hwframe+0x44/0xae
[  300.322448] RIP: 0033:0x7f054773159d
[  300.322896] RSP: 002b:00007f05475c8e98 EFLAGS: 00000246 ORIG_RAX: 000000000000012a
[  300.323833] RAX: ffffffffffffffda RBX: 0000000000000000 RCX: 00007f054773159d
[  300.324730] RDX: 0000000000000000 RSI: 00000000ffffffff RDI: 0000000020000000
[  300.325618] RBP: 00007f05475c8ec0 R08: 0000000000000000 R09: 0000000000000000
[  300.326495] R10: ffffffffffffffff R11: 0000000000000246 R12: 00007ffdb1b5279e
[  300.327398] R13: 00007ffdb1b5279f R14: 00007ffdb1b52830 R15: 00007f05475c9700
