c[?7l[2J[0mSeaBIOS (version rel-1.16.0-0-gd239552ce722-prebuilt.qemu.org)


iPXE (http://ipxe.org) 00:03.0 CA00 PCI2.10 PnP PMM+7FF91000+7FEF1000 CA00
Press Ctrl-B to configure iPXE (PCI 00:03.0)...                                                                               


Booting from ROM..c[?7l[2J[    0.000000] Linux version 5.12.0-d72cd4ad4174+ (root@p-tglh01.sh.intel.com) (gcc (GCC) 8.5.0 20210514 (Red Hat 8.5.0-17), GNU ld version 2.36.1-2.el8) #1 SMP Mon Nov 7 18:20:18 CST 2022
[    0.000000] Command line: console=ttyS0 root=/dev/sda earlyprintk=serial net.ifnames=0
[    0.000000] KERNEL supported cpus:
[    0.000000]   Intel GenuineIntel
[    0.000000]   AMD AuthenticAMD
[    0.000000]   Hygon HygonGenuine
[    0.000000]   Centaur CentaurHauls
[    0.000000]   zhaoxin   Shanghai  
[    0.000000] x86/fpu: Supporting XSAVE feature 0x001: 'x87 floating point registers'
[    0.000000] x86/fpu: Supporting XSAVE feature 0x002: 'SSE registers'
[    0.000000] x86/fpu: Supporting XSAVE feature 0x004: 'AVX registers'
[    0.000000] x86/fpu: Supporting XSAVE feature 0x020: 'AVX-512 opmask'
[    0.000000] x86/fpu: Supporting XSAVE feature 0x040: 'AVX-512 Hi256'
[    0.000000] x86/fpu: Supporting XSAVE feature 0x080: 'AVX-512 ZMM_Hi256'
[    0.000000] x86/fpu: Supporting XSAVE feature 0x200: 'Protection Keys User registers'
[    0.000000] x86/fpu: xstate_offset[2]:  576, xstate_sizes[2]:  256
[    0.000000] x86/fpu: xstate_offset[5]:  832, xstate_sizes[5]:   64
[    0.000000] x86/fpu: xstate_offset[6]:  896, xstate_sizes[6]:  512
[    0.000000] x86/fpu: xstate_offset[7]: 1408, xstate_sizes[7]: 1024
[    0.000000] x86/fpu: xstate_offset[9]: 2432, xstate_sizes[9]:    8
[    0.000000] x86/fpu: Enabled xstate features 0x2e7, context size is 2440 bytes, using 'compacted' format.
[    0.000000] BIOS-provided physical RAM map:
[    0.000000] BIOS-e820: [mem 0x0000000000000000-0x000000000009fbff] usable
[    0.000000] BIOS-e820: [mem 0x000000000009fc00-0x000000000009ffff] reserved
[    0.000000] BIOS-e820: [mem 0x00000000000f0000-0x00000000000fffff] reserved
[    0.000000] BIOS-e820: [mem 0x0000000000100000-0x000000007ffdffff] usable
[    0.000000] BIOS-e820: [mem 0x000000007ffe0000-0x000000007fffffff] reserved
[    0.000000] BIOS-e820: [mem 0x00000000feffc000-0x00000000feffffff] reserved
[    0.000000] BIOS-e820: [mem 0x00000000fffc0000-0x00000000ffffffff] reserved
[    0.000000] printk: bootconsole [earlyser0] enabled
[    0.000000] NX (Execute Disable) protection: active
[    0.000000] SMBIOS 2.8 present.
[    0.000000] DMI: QEMU Standard PC (i440FX + PIIX, 1996), BIOS rel-1.16.0-0-gd239552ce722-prebuilt.qemu.org 04/01/2014
[    0.000000] Hypervisor detected: KVM
[    0.000000] kvm-clock: Using msrs 4b564d01 and 4b564d00
[    0.000000] kvm-clock: cpu 0, msr 4601001, primary cpu clock
[    0.000002] kvm-clock: using sched offset of 315079506 cycles
[    0.000588] clocksource: kvm-clock: mask: 0xffffffffffffffff max_cycles: 0x1cd42e4dffb, max_idle_ns: 881590591483 ns
[    0.002332] tsc: Detected 3110.400 MHz processor
[    0.010055] last_pfn = 0x7ffe0 max_arch_pfn = 0x400000000
[    0.010682] x86/PAT: Configuration [0-7]: WB  WC  UC- UC  WB  WP  UC- WT  
[    0.018463] found SMP MP-table at [mem 0x000f5ba0-0x000f5baf]
[    0.019134] Using GB pages for direct mapping
[    0.020490] ACPI: Early table checksum verification disabled
[    0.021085] ACPI: RSDP 0x00000000000F59C0 000014 (v00 BOCHS )
[    0.021731] ACPI: RSDT 0x000000007FFE1951 000034 (v01 BOCHS  BXPC     00000001 BXPC 00000001)
[    0.022635] ACPI: FACP 0x000000007FFE17FD 000074 (v01 BOCHS  BXPC     00000001 BXPC 00000001)
[    0.023542] ACPI: DSDT 0x000000007FFE0040 0017BD (v01 BOCHS  BXPC     00000001 BXPC 00000001)
[    0.024441] ACPI: FACS 0x000000007FFE0000 000040
[    0.024936] ACPI: APIC 0x000000007FFE1871 000080 (v01 BOCHS  BXPC     00000001 BXPC 00000001)
[    0.025839] ACPI: HPET 0x000000007FFE18F1 000038 (v01 BOCHS  BXPC     00000001 BXPC 00000001)
[    0.026756] ACPI: WAET 0x000000007FFE1929 000028 (v01 BOCHS  BXPC     00000001 BXPC 00000001)
[    0.027683] ACPI: Reserving FACP table memory at [mem 0x7ffe17fd-0x7ffe1870]
[    0.028422] ACPI: Reserving DSDT table memory at [mem 0x7ffe0040-0x7ffe17fc]
[    0.029157] ACPI: Reserving FACS table memory at [mem 0x7ffe0000-0x7ffe003f]
[    0.029891] ACPI: Reserving APIC table memory at [mem 0x7ffe1871-0x7ffe18f0]
[    0.030625] ACPI: Reserving HPET table memory at [mem 0x7ffe18f1-0x7ffe1928]
[    0.031365] ACPI: Reserving WAET table memory at [mem 0x7ffe1929-0x7ffe1950]
[    0.032944] No NUMA configuration found
[    0.033367] Faking a node at [mem 0x0000000000000000-0x000000007ffdffff]
[    0.034139] NODE_DATA(0) allocated [mem 0x7ffb5000-0x7ffdffff]
[    0.038235] Zone ranges:
[    0.038504]   DMA      [mem 0x0000000000001000-0x0000000000ffffff]
[    0.039151]   DMA32    [mem 0x0000000001000000-0x000000007ffdffff]
[    0.039841]   Normal   empty
[    0.040164]   Device   empty
[    0.040485] Movable zone start for each node
[    0.040958] Early memory node ranges
[    0.041352]   node   0: [mem 0x0000000000001000-0x000000000009efff]
[    0.042045]   node   0: [mem 0x0000000000100000-0x000000007ffdffff]
[    0.042739] Initmem setup node 0 [mem 0x0000000000001000-0x000000007ffdffff]
[    0.043897]   DMA zone: 28770 pages in unavailable ranges
[    0.049503]   DMA32 zone: 32 pages in unavailable ranges
[    0.050413] ACPI: PM-Timer IO Port: 0x608
[    0.050880] ACPI: LAPIC_NMI (acpi_id[0xff] dfl dfl lint[0x1])
[    0.051551] IOAPIC[0]: apic_id 0, version 17, address 0xfec00000, GSI 0-23
[    0.052297] ACPI: INT_SRC_OVR (bus 0 bus_irq 0 global_irq 2 dfl dfl)
[    0.052989] ACPI: INT_SRC_OVR (bus 0 bus_irq 5 global_irq 5 high level)
[    0.053707] ACPI: INT_SRC_OVR (bus 0 bus_irq 9 global_irq 9 high level)
[    0.054423] ACPI: INT_SRC_OVR (bus 0 bus_irq 10 global_irq 10 high level)
[    0.055160] ACPI: INT_SRC_OVR (bus 0 bus_irq 11 global_irq 11 high level)
[    0.055929] Using ACPI (MADT) for SMP configuration information
[    0.056571] ACPI: HPET id: 0x8086a201 base: 0xfed00000
[    0.057138] TSC deadline timer available
[    0.057563] smpboot: Allowing 2 CPUs, 0 hotplug CPUs
[    0.058114] kvm-guest: KVM setup pv remote TLB flush
[    0.058690] kvm-guest: setup PV sched yield
[    0.059239] PM: hibernation: Registered nosave memory: [mem 0x00000000-0x00000fff]
[    0.060049] PM: hibernation: Registered nosave memory: [mem 0x0009f000-0x0009ffff]
[    0.060869] PM: hibernation: Registered nosave memory: [mem 0x000a0000-0x000effff]
[    0.061690] PM: hibernation: Registered nosave memory: [mem 0x000f0000-0x000fffff]
[    0.062525] [mem 0x80000000-0xfeffbfff] available for PCI devices
[    0.063222] Booting paravirtualized kernel on KVM
[    0.063733] clocksource: refined-jiffies: mask: 0xffffffff max_cycles: 0xffffffff, max_idle_ns: 7645519600211568 ns
[    0.064858] setup_percpu: NR_CPUS:8192 nr_cpumask_bits:2 nr_cpu_ids:2 nr_node_ids:1
[    0.066055] percpu: Embedded 56 pages/cpu s192512 r8192 d28672 u1048576
[    0.066998] kvm-guest: KVM setup async PF for cpu 0
[    0.067539] kvm-guest: stealtime: cpu 0, msr 7dc2e080
[    0.068089] kvm-guest: PV spinlocks enabled
[    0.068557] PV qspinlock hash table entries: 256 (order: 0, 4096 bytes, linear)
[    0.069368] Built 1 zonelists, mobility grouping on.  Total pages: 515945
[    0.070109] Policy zone: DMA32
[    0.070444] Kernel command line: net.ifnames=0 console=ttyS0 root=/dev/sda earlyprintk=serial net.ifnames=0
[    0.072151] Dentry cache hash table entries: 262144 (order: 9, 2097152 bytes, linear)
[    0.073109] Inode-cache hash table entries: 131072 (order: 8, 1048576 bytes, linear)
[    0.074063] mem auto-init: stack:off, heap alloc:off, heap free:off
[    0.078395] Memory: 2002380K/2096632K available (28688K kernel code, 4283K rwdata, 7300K rodata, 3316K init, 10648K bss, 93996K reserved, 0K cma-reserved)
[    0.079943] random: get_random_u64 called from __kmem_cache_create+0x2f/0x440 with crng_init=0
[    0.080323] SLUB: HWalign=64, Order=0-3, MinObjects=0, CPUs=2, Nodes=1
[    0.081955] kmemleak: Kernel memory leak detector disabled
[    0.082559] ftrace: allocating 62695 entries in 245 pages
[    0.174940] ftrace: allocated 245 pages with 6 groups
[    0.175639] rcu: Hierarchical RCU implementation.
[    0.176135] rcu: 	RCU restricting CPUs from NR_CPUS=8192 to nr_cpu_ids=2.
[    0.176861] 	Trampoline variant of Tasks RCU enabled.
[    0.177397] 	Rude variant of Tasks RCU enabled.
[    0.177874] 	Tracing variant of Tasks RCU enabled.
[    0.178340] rcu: RCU calculated value of scheduler-enlistment delay is 25 jiffies.
[    0.179138] rcu: Adjusting geometry for rcu_fanout_leaf=16, nr_cpu_ids=2
[    0.196256] NR_IRQS: 524544, nr_irqs: 440, preallocated irqs: 16
[    0.206667] Console: colour VGA+ 80x25
[    0.207123] printk: console [ttyS0] enabled
[    0.207123] printk: console [ttyS0] enabled
[    0.208016] printk: bootconsole [earlyser0] disabled
[    0.208016] printk: bootconsole [earlyser0] disabled
[    0.209148] ACPI: Core revision 20210331
[    0.209802] clocksource: hpet: mask: 0xffffffff max_cycles: 0xffffffff, max_idle_ns: 19112604467 ns
[    0.210936] APIC: Switch to symmetric I/O mode setup
[    0.211721] x2apic enabled
[    0.212261] Switched APIC routing to physical x2apic.
[    0.212836] kvm-guest: setup PV IPIs
[    0.214268] ..TIMER: vector=0x30 apic1=0 pin1=2 apic2=-1 pin2=-1
[    0.215012] clocksource: tsc-early: mask: 0xffffffffffffffff max_cycles: 0x2cd5a8bb032, max_idle_ns: 440795365915 ns
[    0.216217] Calibrating delay loop (skipped) preset value.. 6220.80 BogoMIPS (lpj=12441600)
[    0.217156] pid_max: default: 32768 minimum: 301
[    0.217726] LSM: Security Framework initializing
[    0.218250] Yama: becoming mindful.
[    0.218734] Mount-cache hash table entries: 4096 (order: 3, 32768 bytes, linear)
[    0.220219] Mountpoint-cache hash table entries: 4096 (order: 3, 32768 bytes, linear)
[    0.221773] x86/cpu: User Mode Instruction Prevention (UMIP) activated
[    0.222751] Last level iTLB entries: 4KB 0, 2MB 0, 4MB 0
[    0.223356] Last level dTLB entries: 4KB 0, 2MB 0, 4MB 0, 1GB 0
[    0.224224] Spectre V1 : Mitigation: usercopy/swapgs barriers and __user pointer sanitization
[    0.225151] Spectre V2 : Mitigation: Enhanced IBRS
[    0.225658] Spectre V2 : Spectre v2 / SpectreRSB mitigation: Filling RSB on context switch
[    0.226522] Spectre V2 : mitigation: Enabling conditional Indirect Branch Prediction Barrier
[    0.227403] Speculative Store Bypass: Mitigation: Speculative Store Bypass disabled via prctl and seccomp
[    0.259330] Freeing SMP alternatives memory: 52K
[    0.260013] smpboot: CPU0: Genuine Intel(R) CPU 0000 @ 2.20GHz (family: 0x6, model: 0x8d, stepping: 0x0)
[    0.260213] Performance Events: Icelake events, full-width counters, Intel PMU driver.
[    0.260213] ... version:                2
[    0.260213] ... bit width:              48
[    0.260213] ... generic registers:      8
[    0.260213] ... value mask:             0000ffffffffffff
[    0.260213] ... max period:             00007fffffffffff
[    0.260217] ... fixed-purpose events:   3
[    0.260632] ... event mask:             00000007000000ff
[    0.261349] rcu: Hierarchical SRCU implementation.
[    0.264015] smp: Bringing up secondary CPUs ...
[    0.264378] x86: Booting SMP configuration:
[    0.264817] .... node  #0, CPUs:      #1
[    0.018981] kvm-clock: cpu 1, msr 4601041, secondary cpu clock
[    0.266001] kvm-guest: KVM setup async PF for cpu 1
[    0.266001] kvm-guest: stealtime: cpu 1, msr 7dd2e080
[    0.268240] smp: Brought up 1 node, 2 CPUs
[    0.268695] smpboot: Max logical packages: 1
[    0.269150] smpboot: Total of 2 processors activated (12441.60 BogoMIPS)
[    0.270324] devtmpfs: initialized
[    0.270324] x86/mm: Memory block size: 128MB
[    0.272485] clocksource: jiffies: mask: 0xffffffff max_cycles: 0xffffffff, max_idle_ns: 7645041785100000 ns
[    0.272485] futex hash table entries: 512 (order: 3, 32768 bytes, linear)
[    0.273051] pinctrl core: initialized pinctrl subsystem
[    0.273830] 
[    0.273999] *************************************************************
[    0.274719] **     NOTICE NOTICE NOTICE NOTICE NOTICE NOTICE NOTICE    **
[    0.275439] **                                                         **
[    0.276158] **  IOMMU DebugFS SUPPORT HAS BEEN ENABLED IN THIS KERNEL  **
[    0.276216] **                                                         **
[    0.276934] ** This means that this kernel is built to expose internal **
[    0.277626] ** IOMMU data structures, which may compromise security on **
[    0.278334] ** your system.                                            **
[    0.279042] **                                                         **
[    0.279751] ** If you see this message and you are not debugging the   **
[    0.280216] ** kernel, report this immediately to your vendor!         **
[    0.280930] **                                                         **
[    0.281640] **     NOTICE NOTICE NOTICE NOTICE NOTICE NOTICE NOTICE    **
[    0.282358] *************************************************************
[    0.283121] PM: RTC time: 21:50:44, date: 2022-11-15
[    0.284835] NET: Registered protocol family 16
[    0.285693] DMA: preallocated 256 KiB GFP_KERNEL pool for atomic allocations
[    0.286439] DMA: preallocated 256 KiB GFP_KERNEL|GFP_DMA pool for atomic allocations
[    0.287250] DMA: preallocated 256 KiB GFP_KERNEL|GFP_DMA32 pool for atomic allocations
[    0.288109] audit: initializing netlink subsys (disabled)
[    0.288246] audit: type=2000 audit(1668549044.595:1): state=initialized audit_enabled=0 res=1
[    0.292501] thermal_sys: Registered thermal governor 'fair_share'
[    0.292983] thermal_sys: Registered thermal governor 'bang_bang'
[    0.293649] thermal_sys: Registered thermal governor 'step_wise'
[    0.294285] thermal_sys: Registered thermal governor 'user_space'
[    0.294942] cpuidle: using governor ladder
[    0.296047] cpuidle: using governor menu
[    0.296488] ACPI: bus type PCI registered
[    0.296923] acpiphp: ACPI Hot Plug PCI Controller Driver version: 0.5
[    0.298091] PCI: Using configuration type 1 for base access
[    0.307137] Kprobes globally optimized
[    0.307556] HugeTLB registered 1.00 GiB page size, pre-allocated 0 pages
[    0.308223] HugeTLB registered 2.00 MiB page size, pre-allocated 0 pages
[    0.309009] ACPI: Added _OSI(Module Device)
[    0.309009] ACPI: Added _OSI(Processor Device)
[    0.309354] ACPI: Added _OSI(3.0 _SCP Extensions)
[    0.309865] ACPI: Added _OSI(Processor Aggregator Device)
[    0.310437] ACPI: Added _OSI(Linux-Dell-Video)
[    0.310909] ACPI: Added _OSI(Linux-Lenovo-NV-HDMI-Audio)
[    0.311470] ACPI: Added _OSI(Linux-HPI-Hybrid-Graphics)
[    0.317087] ACPI: 1 ACPI AML tables successfully acquired and loaded
[    0.320590] ACPI: Interpreter enabled
[    0.321055] ACPI: (supports S0 S3 S4 S5)
[    0.321477] ACPI: Using IOAPIC for interrupt routing
[    0.322061] PCI: Using host bridge windows from ACPI; if necessary, use "pci=nocrs" and report a bug
[    0.323598] ACPI: Enabled 2 GPEs in block 00 to 0F
[    0.336930] ACPI: PCI Root Bridge [PCI0] (domain 0000 [bus 00-ff])
[    0.337614] acpi PNP0A03:00: _OSC: OS supports [ASPM ClockPM Segments MSI EDR HPX-Type3]
[    0.338506] acpi PNP0A03:00: fail to add MMCONFIG information, can't access extended PCI configuration space under this bridge.
[    0.341189] acpiphp: Slot [3] registered
[    0.341670] acpiphp: Slot [4] registered
[    0.342152] acpiphp: Slot [5] registered
[    0.342632] acpiphp: Slot [6] registered
[    0.343116] acpiphp: Slot [7] registered
[    0.343597] acpiphp: Slot [8] registered
[    0.344078] acpiphp: Slot [9] registered
[    0.344277] acpiphp: Slot [10] registered
[    0.344762] acpiphp: Slot [11] registered
[    0.345256] acpiphp: Slot [12] registered
[    0.345748] acpiphp: Slot [13] registered
[    0.346240] acpiphp: Slot [14] registered
[    0.346730] acpiphp: Slot [15] registered
[    0.347220] acpiphp: Slot [16] registered
[    0.347726] acpiphp: Slot [17] registered
[    0.348197] acpiphp: Slot [18] registered
[    0.348279] acpiphp: Slot [19] registered
[    0.348772] acpiphp: Slot [20] registered
[    0.349261] acpiphp: Slot [21] registered
[    0.349749] acpiphp: Slot [22] registered
[    0.350242] acpiphp: Slot [23] registered
[    0.350729] acpiphp: Slot [24] registered
[    0.351220] acpiphp: Slot [25] registered
[    0.351692] acpiphp: Slot [26] registered
[    0.352182] acpiphp: Slot [27] registered
[    0.356276] acpiphp: Slot [28] registered
[    0.356765] acpiphp: Slot [29] registered
[    0.357256] acpiphp: Slot [30] registered
[    0.357748] acpiphp: Slot [31] registered
[    0.358197] PCI host bridge to bus 0000:00
[    0.358636] pci_bus 0000:00: root bus resource [io  0x0000-0x0cf7 window]
[    0.359348] pci_bus 0000:00: root bus resource [io  0x0d00-0xffff window]
[    0.360058] pci_bus 0000:00: root bus resource [mem 0x000a0000-0x000bffff window]
[    0.360221] pci_bus 0000:00: root bus resource [mem 0x80000000-0xfebfffff window]
[    0.361028] pci_bus 0000:00: root bus resource [mem 0x100000000-0x17fffffff window]
[    0.361839] pci_bus 0000:00: root bus resource [bus 00-ff]
[    0.362472] pci 0000:00:00.0: [8086:1237] type 00 class 0x060000
[    0.364818] pci 0000:00:01.0: [8086:7000] type 00 class 0x060100
[    0.366349] pci 0000:00:01.1: [8086:7010] type 00 class 0x010180
[    0.368767] pci 0000:00:01.1: reg 0x20: [io  0xc040-0xc04f]
[    0.370189] pci 0000:00:01.1: legacy IDE quirk: reg 0x10: [io  0x01f0-0x01f7]
[    0.370915] pci 0000:00:01.1: legacy IDE quirk: reg 0x14: [io  0x03f6]
[    0.371602] pci 0000:00:01.1: legacy IDE quirk: reg 0x18: [io  0x0170-0x0177]
[    0.372222] pci 0000:00:01.1: legacy IDE quirk: reg 0x1c: [io  0x0376]
[    0.373491] pci 0000:00:01.3: [8086:7113] type 00 class 0x068000
[    0.374473] pci 0000:00:01.3: quirk: [io  0x0600-0x063f] claimed by PIIX4 ACPI
[    0.375246] pci 0000:00:01.3: quirk: [io  0x0700-0x070f] claimed by PIIX4 SMB
[    0.376828] pci 0000:00:02.0: [1234:1111] type 00 class 0x030000
[    0.378514] pci 0000:00:02.0: reg 0x10: [mem 0xfd000000-0xfdffffff pref]
[    0.381112] pci 0000:00:02.0: reg 0x18: [mem 0xfebf0000-0xfebf0fff]
[    0.385560] pci 0000:00:02.0: reg 0x30: [mem 0xfebe0000-0xfebeffff pref]
[    0.387918] pci 0000:00:03.0: [8086:100e] type 00 class 0x020000
[    0.389173] pci 0000:00:03.0: reg 0x10: [mem 0xfebc0000-0xfebdffff]
[    0.390715] pci 0000:00:03.0: reg 0x14: [io  0xc000-0xc03f]
[    0.394427] pci 0000:00:03.0: reg 0x30: [mem 0xfeb80000-0xfebbffff pref]
[    0.406344] ACPI: PCI: Interrupt link LNKA configured for IRQ 10
[    0.407379] ACPI: PCI: Interrupt link LNKB configured for IRQ 10
[    0.408403] ACPI: PCI: Interrupt link LNKC configured for IRQ 11
[    0.409394] ACPI: PCI: Interrupt link LNKD configured for IRQ 11
[    0.410228] ACPI: PCI: Interrupt link LNKS configured for IRQ 9
[    0.412266] iommu: Default domain type: Translated 
[    0.413111] pci 0000:00:02.0: vgaarb: setting as boot VGA device
[    0.413113] pci 0000:00:02.0: vgaarb: VGA device added: decodes=io+mem,owns=io+mem,locks=none
[    0.416340] pci 0000:00:02.0: vgaarb: bridge control possible
[    0.417169] vgaarb: loaded
[    0.418382] SCSI subsystem initialized
[    0.418973] ACPI: bus type USB registered
[    0.418973] usbcore: registered new interface driver usbfs
[    0.418973] usbcore: registered new interface driver hub
[    0.418973] usbcore: registered new device driver usb
[    0.418973] pps_core: LinuxPPS API ver. 1 registered
[    0.420222] pps_core: Software ver. 5.3.6 - Copyright 2005-2007 Rodolfo Giometti <giometti@linux.it>
[    0.421172] PTP clock support registered
[    0.421649] EDAC MC: Ver: 3.0.0
[    0.424896] NetLabel: Initializing
[    0.425431] NetLabel:  domain hash size = 128
[    0.426073] NetLabel:  protocols = UNLABELED CIPSOv4 CALIPSO
[    0.426968] NetLabel:  unlabeled traffic allowed by default
[    0.428278] PCI: Using ACPI for IRQ routing
[    0.429065] hpet0: at MMIO 0xfed00000, IRQs 2, 8, 0
[    0.429065] hpet0: 3 comparators, 64-bit 100.000000 MHz counter
[    0.432223] clocksource: Switched to clocksource kvm-clock
[    0.472620] VFS: Disk quotas dquot_6.6.0
[    0.473103] VFS: Dquot-cache hash table entries: 512 (order 0, 4096 bytes)
[    0.473991] pnp: PnP ACPI init
[    0.475939] pnp: PnP ACPI: found 6 devices
[    0.484672] clocksource: acpi_pm: mask: 0xffffff max_cycles: 0xffffff, max_idle_ns: 2085701024 ns
[    0.485944] NET: Registered protocol family 2
[    3.283733] tcp_listen_portaddr_hash hash table entries: 1024 (order: 2, 16384 bytes, linear)
[    3.284766] TCP established hash table entries: 16384 (order: 5, 131072 bytes, linear)
[    3.285741] TCP bind hash table entries: 16384 (order: 6, 262144 bytes, linear)
[    3.287034] TCP: Hash tables configured (established 16384 bind 16384)
[    3.287818] UDP hash table entries: 1024 (order: 3, 32768 bytes, linear)
[    3.288604] UDP-Lite hash table entries: 1024 (order: 3, 32768 bytes, linear)
[    3.289481] NET: Registered protocol family 1
[    3.290302] RPC: Registered named UNIX socket transport module.
[    3.290970] RPC: Registered udp transport module.
[    3.291489] RPC: Registered tcp transport module.
[    3.292013] RPC: Registered tcp NFSv4.1 backchannel transport module.
[    3.292734] pci_bus 0000:00: resource 4 [io  0x0000-0x0cf7 window]
[    3.293411] pci_bus 0000:00: resource 5 [io  0x0d00-0xffff window]
[    3.294095] pci_bus 0000:00: resource 6 [mem 0x000a0000-0x000bffff window]
[    3.294849] pci_bus 0000:00: resource 7 [mem 0x80000000-0xfebfffff window]
[    3.295606] pci_bus 0000:00: resource 8 [mem 0x100000000-0x17fffffff window]
[    3.296580] pci 0000:00:01.0: PIIX3: Enabling Passive Release
[    3.297212] pci 0000:00:00.0: Limiting direct PCI/PCI transfers
[    3.297877] pci 0000:00:01.0: Activating ISA DMA hang workarounds
[    3.298631] pci 0000:00:02.0: Video device with shadowed ROM at [mem 0x000c0000-0x000dffff]
[    3.299561] PCI: CLS 0 bytes, default 64
[    3.300331] clocksource: tsc: mask: 0xffffffffffffffff max_cycles: 0x2cd5a8bb032, max_idle_ns: 440795365915 ns
[    3.303876] Initialise system trusted keyrings
[    3.304426] Key type blacklist registered
[    3.304942] workingset: timestamp_bits=36 max_order=19 bucket_order=0
[    3.310625] zbud: loaded
[    3.311737] squashfs: version 4.0 (2009/01/31) Phillip Lougher
[    3.313158] NFS: Registering the id_resolver key type
[    3.313738] Key type id_resolver registered
[    3.314200] Key type id_legacy registered
[    3.314699] nfs4filelayout_init: NFSv4 File Layout Driver Registering...
[    3.315429] nfs4flexfilelayout_init: NFSv4 Flexfile Layout Driver Registering...
[    3.316340] fuse: init (API version 7.33)
[    3.316961] SGI XFS with ACLs, security attributes, realtime, quota, no debug enabled
[    3.318658] 9p: Installing v9fs 9p2000 file system support
[    3.329207] Key type asymmetric registered
[    3.329703] Asymmetric key parser 'x509' registered
[    3.330257] Block layer SCSI generic (bsg) driver version 0.4 loaded (major 244)
[    3.331135] io scheduler mq-deadline registered
[    3.331713] io scheduler bfq registered
[    3.332421] shpchp: Standard Hot Plug PCI Controller Driver version: 0.4
[    3.333297] IPMI message handler: version 39.2
[    3.333800] ipmi device interface
[    3.335178] input: Power Button as /devices/LNXSYSTM:00/LNXPWRBN:00/input/input0
[    3.336063] ACPI: button: Power Button [PWRF]
[    3.337274] ERST DBG: ERST support is disabled.
[    3.338113] Serial: 8250/16550 driver, 32 ports, IRQ sharing enabled
[    3.339230] 00:04: ttyS0 at I/O 0x3f8 (irq = 4, base_baud = 115200) is a 16550A
[    3.347350] Linux agpgart interface v0.103
[    3.356090] brd: module loaded
[    3.362170] loop: module loaded
[    3.365183] scsi host0: ata_piix
[    3.365888] scsi host1: ata_piix
[    3.366342] ata1: PATA max MWDMA2 cmd 0x1f0 ctl 0x3f6 bmdma 0xc040 irq 14
[    3.367086] ata2: PATA max MWDMA2 cmd 0x170 ctl 0x376 bmdma 0xc048 irq 15
[    3.368662] libphy: Fixed MDIO Bus: probed
[    3.369303] tun: Universal TUN/TAP device driver, 1.6
[    3.369987] e100: Intel(R) PRO/100 Network Driver
[    3.370503] e100: Copyright(c) 1999-2006 Intel Corporation
[    3.371138] e1000: Intel(R) PRO/1000 Network Driver
[    3.371676] e1000: Copyright (c) 1999-2006 Intel Corporation.
[    3.476182] ACPI: \_SB_.LNKC: Enabled at IRQ 11
[    3.524983] ata1.00: ATA-7: QEMU HARDDISK, 2.5+, max UDMA/100
[    3.525824] ata1.00: 16777216 sectors, multi 16: LBA48 
[    3.527458] scsi 0:0:0:0: Direct-Access     ATA      QEMU HARDDISK    2.5+ PQ: 0 ANSI: 5
[    3.529070] scsi 0:0:0:0: Attached scsi generic sg0 type 0
[    3.530192] sd 0:0:0:0: [sda] 16777216 512-byte logical blocks: (8.59 GB/8.00 GiB)
[    3.531272] sd 0:0:0:0: [sda] Write Protect is off
[    3.532408] sd 0:0:0:0: [sda] Write cache: enabled, read cache: enabled, doesn't support DPO or FUA
[    3.533974] ata2.00: ATAPI: QEMU DVD-ROM, 2.5+, max UDMA/100
[    3.539633] scsi 1:0:0:0: CD-ROM            QEMU     QEMU DVD-ROM     2.5+ PQ: 0 ANSI: 5
[    3.541817] scsi 1:0:0:0: Attached scsi generic sg1 type 5
[    3.652385] sd 0:0:0:0: [sda] Attached SCSI disk
[    3.807592] e1000 0000:00:03.0 eth0: (PCI:33MHz:32-bit) 52:54:00:12:34:56
[    3.808350] e1000 0000:00:03.0 eth0: Intel(R) PRO/1000 Network Connection
[    3.809135] e1000e: Intel(R) PRO/1000 Network Driver
[    3.809666] e1000e: Copyright(c) 1999 - 2015 Intel Corporation.
[    3.810347] igb: Intel(R) Gigabit Ethernet Network Driver
[    3.810918] igb: Copyright (c) 2007-2014 Intel Corporation.
[    3.811585] PPP generic driver version 2.4.2
[    3.812285] VFIO - User Level meta-driver version: 0.3
[    3.812869] ehci_hcd: USB 2.0 'Enhanced' Host Controller (EHCI) Driver
[    3.813573] ehci-pci: EHCI PCI platform driver
[    3.814074] ehci-platform: EHCI generic platform driver
[    3.814655] ohci_hcd: USB 1.1 'Open' Host Controller (OHCI) Driver
[    3.815316] ohci-pci: OHCI PCI platform driver
[    3.815824] ohci-platform: OHCI generic platform driver
[    3.816412] uhci_hcd: USB Universal Host Controller Interface driver
[    3.817283] usbcore: registered new interface driver uas
[    3.817885] usbcore: registered new interface driver usb-storage
[    3.818610] i8042: PNP: PS/2 Controller [PNP0303:KBD,PNP0f13:MOU] at 0x60,0x64 irq 1,12
[    3.820109] serio: i8042 KBD port at 0x60,0x64 irq 1
[    3.820631] serio: i8042 AUX port at 0x60,0x64 irq 12
[    3.821492] mousedev: PS/2 mouse device common for all mice
[    3.822676] input: AT Translated Set 2 keyboard as /devices/platform/i8042/serio0/input/input1
[    3.824234] input: VirtualPS/2 VMware VMMouse as /devices/platform/i8042/serio1/input/input4
[    3.824345] rtc_cmos 00:05: RTC can wake from S4
[    3.825975] input: VirtualPS/2 VMware VMMouse as /devices/platform/i8042/serio1/input/input3
[    3.827084] rtc_cmos 00:05: registered as rtc0
[    3.828134] rtc_cmos 00:05: setting system clock to 2022-11-15T21:50:48 UTC (1668549048)
[    3.829113] rtc_cmos 00:05: alarms up to one day, y3k, 242 bytes nvram, hpet irqs
[    3.829956] i2c /dev entries driver
[    3.830445] device-mapper: uevent: version 1.0.3
[    3.831110] device-mapper: ioctl: 4.44.0-ioctl (2021-02-01) initialised: dm-devel@redhat.com
[    3.832042] intel_pstate: CPU model not supported
[    3.832632] sdhci: Secure Digital Host Controller Interface driver
[    3.833311] sdhci: Copyright(c) Pierre Ossman
[    3.833864] sdhci-pltfm: SDHCI platform and OF driver helper
[    3.834526] ledtrig-cpu: registered to indicate activity on CPUs
[    3.835273] drop_monitor: Initializing network drop monitor service
[    3.836417] NET: Registered protocol family 10
[    3.838138] Segment Routing with IPv6
[    3.838615] NET: Registered protocol family 17
[    3.839310] 9pnet: Installing 9P2000 support
[    3.839821] Key type dns_resolver registered
[    3.840865] IPI shorthand broadcast: enabled
[    3.841364] sched_clock: Marking stable (3825666224, 14981114)->(3848010588, -7363250)
[    3.842668] registered taskstats version 1
[    3.843153] Loading compiled-in X.509 certificates
[    3.843763] zswap: loaded using pool lzo/zbud
[    3.844511] Key type ._fscrypt registered
[    3.844950] Key type .fscrypt registered
[    3.845378] Key type fscrypt-provisioning registered
[    3.846481] Key type encrypted registered
[    3.846951] ima: No TPM chip found, activating TPM-bypass!
[    3.847550] ima: Allocated hash algorithm: sha1
[    3.848062] ima: No architecture policies found
[    3.848589] evm: Initialising EVM extended attributes:
[    3.849149] evm: security.selinux
[    3.849517] evm: security.SMACK64
[    3.849887] evm: security.SMACK64EXEC
[    3.850291] evm: security.SMACK64TRANSMUTE
[    3.850747] evm: security.SMACK64MMAP
[    3.851150] evm: security.apparmor
[    3.851527] evm: security.ima
[    3.851857] evm: security.capability
[    3.852265] evm: HMAC attrs: 0x1
[    3.854737] PM:   Magic number: 14:175:854
[    3.855263] misc vtpmx: hash matches
[    3.856000] RAS: Correctable Errors collector initialized.
[    3.856931] md: Waiting for all devices to be available before autodetect
[    3.857685] md: If you don't use raid, use raid=noautodetect
[    3.858302] md: Autodetecting RAID arrays.
[    3.858752] md: autorun ...
[    3.859066] md: ... autorun DONE.
[    3.861913] EXT4-fs (sda): INFO: recovery required on readonly filesystem
[    3.862643] EXT4-fs (sda): write access will be enabled during recovery
[    3.908515] random: fast init done
[    3.938349] EXT4-fs (sda): recovery complete
[    3.963969] EXT4-fs (sda): mounted filesystem with ordered data mode. Opts: (null). Quota mode: none.
[    3.964995] VFS: Mounted root (ext4 filesystem) readonly on device 8:0.
[    3.966061] devtmpfs: mounted
[    3.972086] Freeing unused decrypted memory: 2036K
[    3.974233] Freeing unused kernel image (initmem) memory: 3316K
[    3.974885] Write protecting the kernel read-only data: 38912k
[    3.977672] Freeing unused kernel image (text/rodata gap) memory: 2028K
[    3.978877] Freeing unused kernel image (rodata/data gap) memory: 892K
[    4.101177] x86/mm: Checked W+X mappings: passed, no W+X pages found.
[    4.101882] Run /sbin/init as init process
[    4.174202] systemd[1]: RTC configured in localtime, applying delta of 0 minutes to system time.
[    4.191076] systemd[1]: systemd 239 (239-49.el8) running in system mode. (+PAM +AUDIT +SELINUX +IMA -APPARMOR +SMACK +SYSVINIT +UTMP +LIBCRYPTSETUP +GCRYPT +GNUTLS +ACL +XZ +LZ4 +SECCOMP +BLKID +ELFUTILS +KMOD +IDN2 -IDN +PCRE2 default-hierarchy=legacy)
[    4.193529] systemd[1]: Detected virtualization kvm.
[    4.194068] systemd[1]: Detected architecture x86-64.

Welcome to [0;31mCentOS Stream 8[0m!

[    4.220527] systemd[1]: Set hostname to <test>.
[    4.340631] random: lvmconfig: uninitialized urandom read (4 bytes read)
[    4.427678] random: systemd: uninitialized urandom read (16 bytes read)
[    4.428711] systemd[1]: Listening on RPCbind Server Activation Socket.
[[0;32m  OK  [0m] Listening on RPCbind Server Activation Socket.
[    4.430445] random: systemd: uninitialized urandom read (16 bytes read)
[    4.431287] systemd[1]: Listening on multipathd control socket.
[[0;32m  OK  [0m] Listening on multipathd control socket.
[    4.432837] systemd[1]: Listening on LVM2 poll daemon socket.
[[0;32m  OK  [0m] Listening on LVM2 poll daemon socket.
[    4.434233] systemd[1]: Reached target RPC Port Mapper.
[[0;32m  OK  [0m] Reached target RPC Port Mapper.
[    4.435546] systemd[1]: Started Forward Password Requests to Wall Directory Watch.
[[0;32m  OK  [0m] Started Forward Password Requests to Wall Directory Watch.
[    4.437403] systemd[1]: Listening on Device-mapper event daemon FIFOs.
[[0;32m  OK  [0m] Listening on Device-mapper event daemon FIFOs.
[[0;32m  OK  [0m] Listening on udev Control Socket.
[[0;32m  OK  [0m] Created slice User and Session Slice.
[[0;32m  OK  [0m] Listening on Journal Socket (/dev/log).
[[0;32m  OK  [0m] Reached target Swap.
[[0;32m  OK  [0m] Created slice system-serial\x2dgetty.slice.
[[0;32m  OK  [0m] Listening on Journal Socket.
         Starting Monitoring of LVM2 mirrorsâ€¦ng dmeventd or progress polling...
         Mounting Kernel Debug File System...
         Starting Remount Root and Kernel File Systems...
         Starting Setup Virtual Console...
         Starting Journal Service...
[[0;32m  OK  [0m] Listening on Process Core Dump Socket.
[[0;32m  OK  [0m] Listening on initctl Compatibility Named Pipe.
         Mounting Huge Pages File System...
[    4.575869] EXT4-fs (sda): re-mounted. Opts: (null). Quota mode: none.
[[0;32m  OK  [0m] Created slice system-getty.slice.
         Mounting POSIX Message Queue File System...
[[0;32m  OK  [0m] Set up automount Arbitrary Executabâ€¦rmats File System Automount Point.
[[0;32m  OK  [0m] Listening on udev Kernel Socket.
         Starting udev Coldplug all Devices...
         Starting Load Kernel Modules...
[[0;32m  OK  [0m] Reached target Slices.
[[0;32m  OK  [0m] Created slice system-sshd\x2dkeygen.slice.
[[0;32m  OK  [0m] Mounted Kernel Debug File System.
[[0;32m  OK  [0m] Started Remount Root and Kernel File Systems.
[[0;32m  OK  [0m] Mounted Huge Pages File System.
[[0;32m  OK  [0m] Mounted POSIX Message Queue File System.
[[0;1;31mFAILED[0m] Failed to start Load Kernel Modules.
See 'systemctl status systemd-modules-load.service' for details.
         Starting Apply Kernel Variables...
         Mounting Kernel Configuration File System...
         Mounting FUSE Control File System...
         Starting Create Static Device Nodes in /dev...
         Starting Load/Save Random Seed...
[[0;32m  OK  [0m] Started Journal Service.
[[0;32m  OK  [0m] Started Apply Kernel Variables.
[[0;32m  OK  [0m] Mounted Kernel Configuration File System.
[[0;32m  OK  [0m] Mounted FUSE Control File System.
[[0;32m  OK  [0m] Started Load/Save Random Seed.
         Starting Flush Journal to Persistent Storage...
[[0;32m  OK  [0m] Started Create Static Device Nodes in /dev.
[[0;32m  OK  [0m] Started udev Coldplug all Devices.
[[0;32m  OK  [0m] Started Setup Virtual Console.
         Starting udev Wait for Complete Device Initialization...
         Starting udev Kernel Device Manager...
[[0;32m  OK  [0m] Started Flush Journal to Persistent Storage.
[[0;32m  OK  [0m] Started udev Kernel Device Manager.
         Starting Show Plymouth Boot Screen...
[[0;32m  OK  [0m] Started Show Plymouth Boot Screen.
[[0;32m  OK  [0m] Reached target Paths.
[[0;32m  OK  [0m] Reached target Local Encrypted Volumes.
[[0;32m  OK  [0m] Started Forward Password Requests to Plymouth Directory Watch.
[[0;32m  OK  [0m] Found device /dev/ttyS0.
[[0;32m  OK  [0m] Listening on Load/Save RF Kill Switch Status /dev/rfkill Watch.
[[0;32m  OK  [0m] Started Monitoring of LVM2 mirrors,â€¦sing dmeventd or progress polling.
[[0;32m  OK  [0m] Started udev Wait for Complete Device Initialization.
[[0;32m  OK  [0m] Reached target Local File Systems (Pre).
[[0;32m  OK  [0m] Reached target Local File Systems.
         Starting Restore /run/initramfs on shutdown...
         Starting Tell Plymouth To Write Out Runtime Data...
         Starting Create Volatile Files and Directories...
[[0;32m  OK  [0m] Started Restore /run/initramfs on shutdown.
[[0;32m  OK  [0m] Started Tell Plymouth To Write Out Runtime Data.
[[0;32m  OK  [0m] Started Create Volatile Files and Directories.
         Starting RPC Bind...
         Starting Security Auditing Service...
         Mounting RPC Pipe File System...
[[0;32m  OK  [0m] Mounted RPC Pipe File System.
[[0;32m  OK  [0m] Reached target rpc_pipefs.target.
[[0;32m  OK  [0m] Started RPC Bind.
[[0;32m  OK  [0m] Started Security Auditing Service.
         Starting Update UTMP about System Boot/Shutdown...
[[0;32m  OK  [0m] Started Update UTMP about System Boot/Shutdown.
[[0;32m  OK  [0m] Reached target System Initialization.
[[0;32m  OK  [0m] Listening on SSSD Kerberos Cache Manager responder socket.
[[0;32m  OK  [0m] Listening on D-Bus System Message Bus Socket.
[[0;32m  OK  [0m] Reached target Sockets.
[[0;32m  OK  [0m] Reached target Basic System.
         Starting NTP client/server...
         Starting Self Monitoring and Reporting Technology (SMART) Daemon...
         Starting Auto-connect to subsystemsâ€¦-NVME devices found during boot...
         Starting Login Service...
[[0;32m  OK  [0m] Started dnf makecache --timer.
[[0;32m  OK  [0m] Started Machine Check Exception Logging Daemon.
         Starting Authorization Manager...
[[0;32m  OK  [0m] Started irqbalance daemon.
[[0;32m  OK  [0m] Started Daily Cleanup of Temporary Directories.
[[0;32m  OK  [0m] Started daily update of the root trust anchor for DNSSEC.
[[0;32m  OK  [0m] Reached target Timers.
[[0;32m  OK  [0m] Reached target sshd-keygen.target.
[[0;32m  OK  [0m] Started D-Bus System Message Bus.
         Starting Network Manager...
[[0;32m  OK  [0m] Started Auto-connect to subsystems â€¦FC-NVME devices found during boot.
         Starting update of the root trust aâ€¦or DNSSEC validation in unbound...
[[0;32m  OK  [0m] Started Self Monitoring and Reporting Technology (SMART) Daemon.
[[0;32m  OK  [0m] Started Login Service.
[[0;32m  OK  [0m] Started NTP client/server.
[[0;32m  OK  [0m] Started Network Manager.
[[0;32m  OK  [0m] Reached target Network.
         Starting Dynamic System Tuning Daemon...
         Starting OpenSSH server daemon...
         Starting GSSAPI Proxy Daemon...
         Starting Network Manager Wait Online...
[[0;32m  OK  [0m] Started Authorization Manager.
         Starting Hostname Service...
[[0;32m  OK  [0m] Started Hostname Service.
         Starting Network Manager Script Dispatcher Service...
[    6.128299] e1000: eth0 NIC Link is Up 1000 Mbps Full Duplex, Flow Control: RX
[    6.129459] IPv6: ADDRCONF(NETDEV_CHANGE): eth0: link becomes ready
[[0;32m  OK  [0m] Started Network Manager Script Dispatcher Service.
[[0;32m  OK  [0m] Started Dynamic System Tuning Daemon.
[    7.108241] random: crng init done
[    7.108707] random: 7 urandom warning(s) missed due to ratelimiting
[[0;32m  OK  [0m] Started update of the root trust anâ€¦ for DNSSEC validation in unbound.
[[0;32m  OK  [0m] Started GSSAPI Proxy Daemon.
[[0;32m  OK  [0m] Started OpenSSH server daemon.
[[0;32m  OK  [0m] Reached target NFS client services.
[[0;32m  OK  [0m] Reached target Remote File Systems (Pre).
[[0;32m  OK  [0m] Reached target Remote File Systems.
         Starting Permit User Sessions...
[[0;32m  OK  [0m] Started Permit User Sessions.
[[0;32m  OK  [0m] Started Command Scheduler.
         Starting Hold until boot process finishes up...
         Starting Terminate Plymouth Boot Screen...

CentOS Stream 8
Kernel 5.12.0-d72cd4ad4174+ on an x86_64

test login: [  300.208356] INFO: task repro:697 blocked for more than 147 seconds.
[  300.209282]       Not tainted 5.12.0-d72cd4ad4174+ #1
[  300.210003] "echo 0 > /proc/sys/kernel/hung_task_timeout_secs" disables this message.
[  300.211105] task:repro           state:D stack:    0 pid:  697 ppid:   576 flags:0x00004004
[  300.212329] Call Trace:
[  300.212698]  __schedule+0x3b1/0x8a0
[  300.213228]  schedule+0x40/0xb0
[  300.213693]  schedule_preempt_disabled+0xe/0x10
[  300.214352]  __mutex_lock.isra.11+0x2de/0x4e0
[  300.215008]  ? __anon_inode_getfile+0xc4/0x250
[  300.215671]  __mutex_lock_slowpath+0x13/0x20
[  300.216324]  mutex_lock+0x2c/0x30
[  300.216822]  __do_sys_perf_event_open+0xfed/0x18a0
[  300.217532]  __x64_sys_perf_event_open+0x26/0x30
[  300.218209]  do_syscall_64+0x3c/0x80
[  300.218736]  entry_SYSCALL_64_after_hwframe+0x44/0xae
[  300.219467] RIP: 0033:0x7ff6a556759d
[  300.219997] RSP: 002b:00007ff6a541fe98 EFLAGS: 00000246 ORIG_RAX: 000000000000012a
[  300.221088] RAX: ffffffffffffffda RBX: 0000000000000000 RCX: 00007ff6a556759d
[  300.222095] RDX: 0000000000000000 RSI: 00000000ffffffff RDI: 0000000020000000
[  300.223111] RBP: 00007ff6a541fec0 R08: 0000000000000000 R09: 0000000000000000
[  300.224132] R10: 0000000000000003 R11: 0000000000000246 R12: 00007ffdcf62b9ce
[  300.225158] R13: 00007ffdcf62b9cf R14: 00007ffdcf62ba60 R15: 00007ff6a5420700
[  300.226165] INFO: task repro:696 blocked for more than 147 seconds.
[  300.227041]       Not tainted 5.12.0-d72cd4ad4174+ #1
[  300.227757] "echo 0 > /proc/sys/kernel/hung_task_timeout_secs" disables this message.
[  300.228865] task:repro           state:D stack:    0 pid:  696 ppid:   577 flags:0x00004002
[  300.230042] Call Trace:
[  300.230406]  __schedule+0x3b1/0x8a0
[  300.230932]  ? write_comp_data+0x2f/0x90
[  300.231520]  schedule+0x40/0xb0
[  300.232000]  schedule_preempt_disabled+0xe/0x10
[  300.232683]  __mutex_lock.isra.11+0x2de/0x4e0
[  300.233314]  ? write_comp_data+0x2f/0x90
[  300.233883]  __mutex_lock_slowpath+0x13/0x20
[  300.234509]  mutex_lock+0x2c/0x30
[  300.235005]  perf_event_ctx_lock_nested.isra.99+0xca/0x190
[  300.235796]  perf_event_release_kernel+0x6e/0x370
[  300.236508]  ? __sanitizer_cov_trace_pc+0x21/0x50
[  300.237194]  ? perf_event_release_kernel+0x370/0x370
[  300.237914]  perf_release+0x19/0x20
[  300.238434]  __fput+0x10e/0x400
[  300.238903]  ____fput+0x1a/0x20
[  300.239375]  task_work_run+0x94/0xe0
[  300.239909]  do_exit+0x533/0x1110
[  300.240429]  ? wake_up_q+0x69/0xa0
[  300.240934]  ? write_comp_data+0x2f/0x90
[  300.241522]  ? write_comp_data+0x2f/0x90
[  300.242104]  do_group_exit+0x78/0x120
[  300.242653]  get_signal+0x244/0xd80
[  300.243177]  ? do_futex+0x15f/0x1180
[  300.243706]  ? fd_install+0x6e/0xd0
[  300.244247]  ? __sanitizer_cov_trace_pc+0x21/0x50
[  300.244949]  arch_do_signal_or_restart+0xb6/0x760
[  300.245647]  ? __sanitizer_cov_trace_pc+0x21/0x50
[  300.246346]  ? write_comp_data+0x2f/0x90
[  300.246930]  ? __sanitizer_cov_trace_pc+0x21/0x50
[  300.247623]  ? __audit_syscall_exit+0x29d/0x3d0
[  300.248313]  exit_to_user_mode_prepare+0x110/0x190
[  300.249025]  syscall_exit_to_user_mode+0x1c/0x30
[  300.249712]  do_syscall_64+0x48/0x80
[  300.250253]  entry_SYSCALL_64_after_hwframe+0x44/0xae
[  300.251002] RIP: 0033:0x7ff6a556759d
[  300.251531] RSP: 002b:00007ff6a541fea8 EFLAGS: 00000246 ORIG_RAX: 00000000000000ca
[  300.252630] RAX: fffffffffffffe00 RBX: 0000000000000000 RCX: 00007ff6a556759d
[  300.253652] RDX: 0000000000000000 RSI: 0000000000000080 RDI: 0000000000405158
[  300.254666] RBP: 00007ff6a541fec0 R08: 0000000000000000 R09: 0000000000000000
[  300.255690] R10: 0000000000000000 R11: 0000000000000246 R12: 00007ffdcf62b9ce
[  300.256712] R13: 00007ffdcf62b9cf R14: 00007ffdcf62ba60 R15: 00007ff6a5420700
[  300.257731] INFO: task repro:686 blocked for more than 147 seconds.
[  300.258633]       Not tainted 5.12.0-d72cd4ad4174+ #1
[  300.259359] "echo 0 > /proc/sys/kernel/hung_task_timeout_secs" disables this message.
[  300.260466] task:repro           state:D stack:    0 pid:  686 ppid:   574 flags:0x00004004
[  300.261660] Call Trace:
[  300.262024]  __schedule+0x3b1/0x8a0
[  300.262551]  schedule+0x40/0xb0
[  300.263027]  schedule_preempt_disabled+0xe/0x10
[  300.263703]  __mutex_lock.isra.11+0x2de/0x4e0
[  300.264368]  __mutex_lock_slowpath+0x13/0x20
[  300.265005]  mutex_lock+0x2c/0x30
[  300.265504]  __do_sys_perf_event_open+0xb08/0x18a0
[  300.266201]  __x64_sys_perf_event_open+0x26/0x30
[  300.266872]  do_syscall_64+0x3c/0x80
[  300.267406]  entry_SYSCALL_64_after_hwframe+0x44/0xae
[  300.268153] RIP: 0033:0x7ff6a556759d
[  300.268694] RSP: 002b:00007ff6a5440e98 EFLAGS: 00000246 ORIG_RAX: 000000000000012a
[  300.269766] RAX: ffffffffffffffda RBX: 0000000000000000 RCX: 00007ff6a556759d
[  300.270783] RDX: 0000000000000000 RSI: 00000000ffffffff RDI: 0000000020000080
[  300.271806] RBP: 00007ff6a5440ec0 R08: 0000000000000000 R09: 0000000000000000
[  300.272835] R10: 0000000000000003 R11: 0000000000000246 R12: 00007ffdcf62b9ce
[  300.273861] R13: 00007ffdcf62b9cf R14: 00007ffdcf62ba60 R15: 00007ff6a5441700
[  300.274884] INFO: task repro:691 blocked for more than 147 seconds.
[  300.275787]       Not tainted 5.12.0-d72cd4ad4174+ #1
[  300.276537] "echo 0 > /proc/sys/kernel/hung_task_timeout_secs" disables this message.
[  300.277654] task:repro           state:D stack:    0 pid:  691 ppid:   578 flags:0x00004004
[  300.278851] Call Trace:
[  300.279217]  __schedule+0x3b1/0x8a0
[  300.279738]  schedule+0x40/0xb0
[  300.280233]  schedule_preempt_disabled+0xe/0x10
[  300.280890]  __mutex_lock.isra.11+0x2de/0x4e0
[  300.281530]  ? __anon_inode_getfile+0xc4/0x250
[  300.282213]  __mutex_lock_slowpath+0x13/0x20
[  300.282847]  mutex_lock+0x2c/0x30
[  300.283344]  __do_sys_perf_event_open+0xb08/0x18a0
[  300.284047]  __x64_sys_perf_event_open+0x26/0x30
[  300.284724]  do_syscall_64+0x3c/0x80
[  300.285259]  entry_SYSCALL_64_after_hwframe+0x44/0xae
[  300.286010] RIP: 0033:0x7ff6a556759d
[  300.286543] RSP: 002b:00007ff6a5440e98 EFLAGS: 00000246 ORIG_RAX: 000000000000012a
[  300.287632] RAX: ffffffffffffffda RBX: 0000000000000000 RCX: 00007ff6a556759d
[  300.288681] RDX: 0000000000000000 RSI: 00000000ffffffff RDI: 0000000020000000
[  300.289700] RBP: 00007ff6a5440ec0 R08: 0000000000000000 R09: 0000000000000000
[  300.290716] R10: 0000000000000003 R11: 0000000000000246 R12: 00007ffdcf62b9ce
[  300.291737] R13: 00007ffdcf62b9cf R14: 00007ffdcf62ba60 R15: 00007ff6a5441700
[  300.292776] INFO: task repro:694 blocked for more than 147 seconds.
[  300.293689]       Not tainted 5.12.0-d72cd4ad4174+ #1
[  300.294442] "echo 0 > /proc/sys/kernel/hung_task_timeout_secs" disables this message.
[  300.295543] task:repro           state:D stack:    0 pid:  694 ppid:   571 flags:0x00000004
[  300.296752] Call Trace:
[  300.297121]  __schedule+0x3b1/0x8a0
[  300.297638]  schedule+0x40/0xb0
[  300.298111]  schedule_preempt_disabled+0xe/0x10
[  300.298786]  __mutex_lock.isra.11+0x2de/0x4e0
[  300.299437]  __mutex_lock_slowpath+0x13/0x20
[  300.300041]  mutex_lock+0x2c/0x30
[  300.300402]  perf_event_ctx_lock_nested.isra.99+0xca/0x190
[  300.300980]  perf_try_init_event+0x188/0x270
[  300.301433]  perf_event_alloc+0xdf9/0x18a0
[  300.301865]  ? __sanitizer_cov_trace_pc+0x21/0x50
[  300.302359]  __do_sys_perf_event_open+0x3be/0x18a0
[  300.302870]  ? write_comp_data+0x2f/0x90
[  300.303289]  __x64_sys_perf_event_open+0x26/0x30
[  300.303768]  do_syscall_64+0x3c/0x80
[  300.304151]  entry_SYSCALL_64_after_hwframe+0x44/0xae
[  300.304682] RIP: 0033:0x7ff6a556759d
[  300.305054] RSP: 002b:00007ff6a5440e98 EFLAGS: 00000246 ORIG_RAX: 000000000000012a
[  300.305821] RAX: ffffffffffffffda RBX: 0000000000000000 RCX: 00007ff6a556759d
[  300.306543] RDX: 0000000000000000 RSI: 00000000ffffffff RDI: 0000000020000080
[  300.307263] RBP: 00007ff6a5440ec0 R08: 0000000000000000 R09: 0000000000000000
[  300.307991] R10: 0000000000000003 R11: 0000000000000246 R12: 00007ffdcf62b9ce
[  300.308709] R13: 00007ffdcf62b9cf R14: 00007ffdcf62ba60 R15: 00007ff6a5441700
[  300.309437] INFO: task repro:706 blocked for more than 147 seconds.
[  300.310073]       Not tainted 5.12.0-d72cd4ad4174+ #1
[  300.310589] "echo 0 > /proc/sys/kernel/hung_task_timeout_secs" disables this message.
[  300.311375] task:repro           state:D stack:    0 pid:  706 ppid:   571 flags:0x00000004
[  300.312238] Call Trace:
[  300.312498]  __schedule+0x3b1/0x8a0
[  300.312869]  schedule+0x40/0xb0
[  300.313203]  schedule_preempt_disabled+0xe/0x10
[  300.313676]  __mutex_lock.isra.11+0x2de/0x4e0
[  300.314135]  __mutex_lock_slowpath+0x13/0x20
[  300.314582]  mutex_lock+0x2c/0x30
[  300.314934]  perf_event_ctx_lock_nested.isra.99+0xca/0x190
[  300.315506]  perf_try_init_event+0x188/0x270
[  300.315959]  perf_event_alloc+0xdf9/0x18a0
[  300.316390]  ? __sanitizer_cov_trace_pc+0x21/0x50
[  300.316881]  __do_sys_perf_event_open+0x3be/0x18a0
[  300.317377]  ? write_comp_data+0x2f/0x90
[  300.317795]  __x64_sys_perf_event_open+0x26/0x30
[  300.318276]  do_syscall_64+0x3c/0x80
[  300.318654]  entry_SYSCALL_64_after_hwframe+0x44/0xae
[  300.319183] RIP: 0033:0x7ff6a556759d
[  300.319556] RSP: 002b:00007ff6a541fe98 EFLAGS: 00000246 ORIG_RAX: 000000000000012a
[  300.320340] RAX: ffffffffffffffda RBX: 0000000000000000 RCX: 00007ff6a556759d
[  300.321068] RDX: 0000000000000000 RSI: 00000000ffffffff RDI: 0000000020000000
[  300.321793] RBP: 00007ff6a541fec0 R08: 0000000000000000 R09: 0000000000000000
[  300.322519] R10: 0000000000000003 R11: 0000000000000246 R12: 00007ffdcf62b9ce
[  300.323244] R13: 00007ffdcf62b9cf R14: 00007ffdcf62ba60 R15: 00007ff6a5420700
[  300.323983] INFO: task repro:701 blocked for more than 147 seconds.
[  300.324636]       Not tainted 5.12.0-d72cd4ad4174+ #1
[  300.325158] "echo 0 > /proc/sys/kernel/hung_task_timeout_secs" disables this message.
[  300.325946] task:repro           state:D stack:    0 pid:  701 ppid:   572 flags:0x00000004
[  300.326796] Call Trace:
[  300.327055]  __schedule+0x3b1/0x8a0
[  300.327426]  schedule+0x40/0xb0
[  300.327761]  schedule_preempt_disabled+0xe/0x10
[  300.328245]  __mutex_lock.isra.11+0x2de/0x4e0
[  300.328703]  __mutex_lock_slowpath+0x13/0x20
[  300.329150]  mutex_lock+0x2c/0x30
[  300.329502]  perf_event_ctx_lock_nested.isra.99+0xca/0x190
[  300.330073]  perf_try_init_event+0x188/0x270
[  300.330524]  perf_event_alloc+0xdf9/0x18a0
[  300.330959]  ? __sanitizer_cov_trace_pc+0x21/0x50
[  300.331454]  __do_sys_perf_event_open+0x3be/0x18a0
[  300.331963]  ? write_comp_data+0x2f/0x90
[  300.332381]  __x64_sys_perf_event_open+0x26/0x30
[  300.332863]  do_syscall_64+0x3c/0x80
[  300.333243]  entry_SYSCALL_64_after_hwframe+0x44/0xae
[  300.333774] RIP: 0033:0x7ff6a556759d
[  300.334152] RSP: 002b:00007ff6a5440e98 EFLAGS: 00000246 ORIG_RAX: 000000000000012a
[  300.334927] RAX: ffffffffffffffda RBX: 0000000000000000 RCX: 00007ff6a556759d
[  300.335658] RDX: 0000000000000000 RSI: 00000000ffffffff RDI: 0000000020000080
[  300.336386] RBP: 00007ff6a5440ec0 R08: 0000000000000000 R09: 0000000000000000
[  300.337110] R10: 0000000000000003 R11: 0000000000000246 R12: 00007ffdcf62b9ce
[  300.337836] R13: 00007ffdcf62b9cf R14: 00007ffdcf62ba60 R15: 00007ff6a5441700
[  300.338566] INFO: task repro:707 blocked for more than 147 seconds.
[  300.339204]       Not tainted 5.12.0-d72cd4ad4174+ #1
[  300.339725] "echo 0 > /proc/sys/kernel/hung_task_timeout_secs" disables this message.
[  300.340514] task:repro           state:D stack:    0 pid:  707 ppid:   572 flags:0x00000004
[  300.341366] Call Trace:
[  300.341625]  __schedule+0x3b1/0x8a0
[  300.341996]  schedule+0x40/0xb0
[  300.342332]  schedule_preempt_disabled+0xe/0x10
[  300.342806]  __mutex_lock.isra.11+0x2de/0x4e0
[  300.343263]  __mutex_lock_slowpath+0x13/0x20
[  300.343713]  mutex_lock+0x2c/0x30
[  300.344068]  perf_event_ctx_lock_nested.isra.99+0xca/0x190
[  300.344636]  perf_try_init_event+0x188/0x270
[  300.345087]  perf_event_alloc+0xdf9/0x18a0
[  300.345524]  ? __sanitizer_cov_trace_pc+0x21/0x50
[  300.346019]  __do_sys_perf_event_open+0x3be/0x18a0
[  300.346519]  ? write_comp_data+0x2f/0x90
[  300.346938]  __x64_sys_perf_event_open+0x26/0x30
[  300.347424]  do_syscall_64+0x3c/0x80
[  300.347804]  entry_SYSCALL_64_after_hwframe+0x44/0xae
[  300.348336] RIP: 0033:0x7ff6a556759d
[  300.348710] RSP: 002b:00007ff6a541fe98 EFLAGS: 00000246 ORIG_RAX: 000000000000012a
[  300.349483] RAX: ffffffffffffffda RBX: 0000000000000000 RCX: 00007ff6a556759d
[  300.350207] RDX: 0000000000000000 RSI: 00000000ffffffff RDI: 0000000020000000
[  300.350928] RBP: 00007ff6a541fec0 R08: 0000000000000000 R09: 0000000000000000
[  300.351647] R10: 0000000000000003 R11: 0000000000000246 R12: 00007ffdcf62b9ce
[  300.352371] R13: 00007ffdcf62b9cf R14: 00007ffdcf62ba60 R15: 00007ff6a5420700
[  300.353100] INFO: task repro:702 blocked for more than 147 seconds.
[  300.353741]       Not tainted 5.12.0-d72cd4ad4174+ #1
[  300.354259] "echo 0 > /proc/sys/kernel/hung_task_timeout_secs" disables this message.
[  300.355047] task:repro           state:D stack:    0 pid:  702 ppid:   570 flags:0x00004004
[  300.355897] Call Trace:
[  300.356156]  __schedule+0x3b1/0x8a0
[  300.356530]  schedule+0x40/0xb0
[  300.356863]  schedule_preempt_disabled+0xe/0x10
[  300.357341]  __mutex_lock.isra.11+0x2de/0x4e0
[  300.357801]  __mutex_lock_slowpath+0x13/0x20
[  300.358251]  mutex_lock+0x2c/0x30
[  300.358605]  __do_sys_perf_event_open+0xfed/0x18a0
[  300.359109]  __x64_sys_perf_event_open+0x26/0x30
[  300.359593]  do_syscall_64+0x3c/0x80
[  300.359976]  entry_SYSCALL_64_after_hwframe+0x44/0xae
[  300.360514] RIP: 0033:0x7ff6a556759d
[  300.360889] RSP: 002b:00007ff6a5440e98 EFLAGS: 00000246 ORIG_RAX: 000000000000012a
[  300.361661] RAX: ffffffffffffffda RBX: 0000000000000000 RCX: 00007ff6a556759d
[  300.362385] RDX: 0000000000000000 RSI: 00000000ffffffff RDI: 0000000020000000
[  300.363109] RBP: 00007ff6a5440ec0 R08: 0000000000000000 R09: 0000000000000000
[  300.363833] R10: 00000000ffffffff R11: 0000000000000246 R12: 00007ffdcf62b9ce
[  300.364570] R13: 00007ffdcf62b9cf R14: 00007ffdcf62ba60 R15: 00007ff6a5441700
[  300.365302] INFO: task repro:705 blocked for more than 147 seconds.
[  300.365943]       Not tainted 5.12.0-d72cd4ad4174+ #1
[  300.366463] "echo 0 > /proc/sys/kernel/hung_task_timeout_secs" disables this message.
[  300.367254] task:repro           state:D stack:    0 pid:  705 ppid:   570 flags:0x00000004
[  300.368108] Call Trace:
[  300.368369]  __schedule+0x3b1/0x8a0
[  300.368739]  schedule+0x40/0xb0
[  300.369079]  schedule_preempt_disabled+0xe/0x10
[  300.369552]  __mutex_lock.isra.11+0x2de/0x4e0
[  300.370011]  ? __anon_inode_getfile+0xc4/0x250
[  300.370478]  __mutex_lock_slowpath+0x13/0x20
[  300.370927]  mutex_lock+0x2c/0x30
[  300.371281]  __do_sys_perf_event_open+0xfed/0x18a0
[  300.371782]  __x64_sys_perf_event_open+0x26/0x30
[  300.372271]  do_syscall_64+0x3c/0x80
[  300.372647]  entry_SYSCALL_64_after_hwframe+0x44/0xae
[  300.373178] RIP: 0033:0x7ff6a556759d
[  300.373553] RSP: 002b:00007ff6a541fe98 EFLAGS: 00000246 ORIG_RAX: 000000000000012a
[  300.374326] RAX: ffffffffffffffda RBX: 0000000000000000 RCX: 00007ff6a556759d
[  300.375059] RDX: 0000000000000000 RSI: 00000000ffffffff RDI: 0000000020000080
[  300.375793] RBP: 00007ff6a541fec0 R08: 0000000000000000 R09: 0000000000000000
[  300.376518] R10: ffffffffffffffff R11: 0000000000000246 R12: 00007ffdcf62b9ce
[  300.377236] R13: 00007ffdcf62b9cf R14: 00007ffdcf62ba60 R15: 00007ff6a5420700
