c[?7l[2J[0mSeaBIOS (version rel-1.16.0-0-gd239552ce722-prebuilt.qemu.org)


iPXE (http://ipxe.org) 00:03.0 CA00 PCI2.10 PnP PMM+7FF91000+7FEF1000 CA00
Press Ctrl-B to configure iPXE (PCI 00:03.0)...                                                                               


Booting from ROM..c[?7l[2J[    0.000000] Linux version 6.1.0-rc4-f0c4d9fc9cc9 (root@p-tglh01.sh.intel.com) (gcc (GCC) 8.5.0 20210514 (Red Hat 8.5.0-17), GNU ld version 2.36.1-2.el8) #1 SMP PREEMPT_DYNAMIC Tue Nov  8 17:28:16 CST 2022
[    0.000000] Command line: console=ttyS0 root=/dev/sda earlyprintk=serial net.ifnames=0
[    0.000000] KERNEL supported cpus:
[    0.000000]   Intel GenuineIntel
[    0.000000]   AMD AuthenticAMD
[    0.000000]   Hygon HygonGenuine
[    0.000000]   Centaur CentaurHauls
[    0.000000]   zhaoxin   Shanghai  
[    0.000000] x86/fpu: Supporting XSAVE feature 0x001: 'x87 floating point registers'
[    0.000000] x86/fpu: Supporting XSAVE feature 0x002: 'SSE registers'
[    0.000000] x86/fpu: Supporting XSAVE feature 0x004: 'AVX registers'
[    0.000000] x86/fpu: Supporting XSAVE feature 0x020: 'AVX-512 opmask'
[    0.000000] x86/fpu: Supporting XSAVE feature 0x040: 'AVX-512 Hi256'
[    0.000000] x86/fpu: Supporting XSAVE feature 0x080: 'AVX-512 ZMM_Hi256'
[    0.000000] x86/fpu: Supporting XSAVE feature 0x200: 'Protection Keys User registers'
[    0.000000] x86/fpu: xstate_offset[2]:  576, xstate_sizes[2]:  256
[    0.000000] x86/fpu: xstate_offset[5]:  832, xstate_sizes[5]:   64
[    0.000000] x86/fpu: xstate_offset[6]:  896, xstate_sizes[6]:  512
[    0.000000] x86/fpu: xstate_offset[7]: 1408, xstate_sizes[7]: 1024
[    0.000000] x86/fpu: xstate_offset[9]: 2432, xstate_sizes[9]:    8
[    0.000000] x86/fpu: Enabled xstate features 0x2e7, context size is 2440 bytes, using 'compacted' format.
[    0.000000] signal: max sigframe size: 3632
[    0.000000] BIOS-provided physical RAM map:
[    0.000000] BIOS-e820: [mem 0x0000000000000000-0x000000000009fbff] usable
[    0.000000] BIOS-e820: [mem 0x000000000009fc00-0x000000000009ffff] reserved
[    0.000000] BIOS-e820: [mem 0x00000000000f0000-0x00000000000fffff] reserved
[    0.000000] BIOS-e820: [mem 0x0000000000100000-0x000000007ffdffff] usable
[    0.000000] BIOS-e820: [mem 0x000000007ffe0000-0x000000007fffffff] reserved
[    0.000000] BIOS-e820: [mem 0x00000000feffc000-0x00000000feffffff] reserved
[    0.000000] BIOS-e820: [mem 0x00000000fffc0000-0x00000000ffffffff] reserved
[    0.000000] printk: bootconsole [earlyser0] enabled
[    0.000000] NX (Execute Disable) protection: active
[    0.000000] SMBIOS 2.8 present.
[    0.000000] DMI: QEMU Standard PC (i440FX + PIIX, 1996), BIOS rel-1.16.0-0-gd239552ce722-prebuilt.qemu.org 04/01/2014
[    0.000000] Hypervisor detected: KVM
[    0.000000] kvm-clock: Using msrs 4b564d01 and 4b564d00
[    0.000003] kvm-clock: using sched offset of 365007767 cycles
[    0.000544] clocksource: kvm-clock: mask: 0xffffffffffffffff max_cycles: 0x1cd42e4dffb, max_idle_ns: 881590591483 ns
[    0.002236] tsc: Detected 3110.400 MHz processor
[    0.011317] last_pfn = 0x7ffe0 max_arch_pfn = 0x400000000
[    0.011955] x86/PAT: Configuration [0-7]: WB  WC  UC- UC  WB  WP  UC- WT  
[    0.021266] found SMP MP-table at [mem 0x000f5ba0-0x000f5baf]
[    0.021966] Using GB pages for direct mapping
[    0.023699] ACPI: Early table checksum verification disabled
[    0.024318] ACPI: RSDP 0x00000000000F59C0 000014 (v00 BOCHS )
[    0.024946] ACPI: RSDT 0x000000007FFE1951 000034 (v01 BOCHS  BXPC     00000001 BXPC 00000001)
[    0.025937] ACPI: FACP 0x000000007FFE17FD 000074 (v01 BOCHS  BXPC     00000001 BXPC 00000001)
[    0.026927] ACPI: DSDT 0x000000007FFE0040 0017BD (v01 BOCHS  BXPC     00000001 BXPC 00000001)
[    0.027909] ACPI: FACS 0x000000007FFE0000 000040
[    0.028427] ACPI: APIC 0x000000007FFE1871 000080 (v01 BOCHS  BXPC     00000001 BXPC 00000001)
[    0.029352] ACPI: HPET 0x000000007FFE18F1 000038 (v01 BOCHS  BXPC     00000001 BXPC 00000001)
[    0.030286] ACPI: WAET 0x000000007FFE1929 000028 (v01 BOCHS  BXPC     00000001 BXPC 00000001)
[    0.031211] ACPI: Reserving FACP table memory at [mem 0x7ffe17fd-0x7ffe1870]
[    0.031967] ACPI: Reserving DSDT table memory at [mem 0x7ffe0040-0x7ffe17fc]
[    0.032709] ACPI: Reserving FACS table memory at [mem 0x7ffe0000-0x7ffe003f]
[    0.033464] ACPI: Reserving APIC table memory at [mem 0x7ffe1871-0x7ffe18f0]
[    0.034223] ACPI: Reserving HPET table memory at [mem 0x7ffe18f1-0x7ffe1928]
[    0.034983] ACPI: Reserving WAET table memory at [mem 0x7ffe1929-0x7ffe1950]
[    0.036975] No NUMA configuration found
[    0.037401] Faking a node at [mem 0x0000000000000000-0x000000007ffdffff]
[    0.038210] NODE_DATA(0) allocated [mem 0x7ffb5000-0x7ffdffff]
[    0.042903] Zone ranges:
[    0.043195]   DMA      [mem 0x0000000000001000-0x0000000000ffffff]
[    0.043898]   DMA32    [mem 0x0000000001000000-0x000000007ffdffff]
[    0.044567]   Normal   empty
[    0.044878]   Device   empty
[    0.045201] Movable zone start for each node
[    0.045660] Early memory node ranges
[    0.046045]   node   0: [mem 0x0000000000001000-0x000000000009efff]
[    0.046720]   node   0: [mem 0x0000000000100000-0x000000007ffdffff]
[    0.047398] Initmem setup node 0 [mem 0x0000000000001000-0x000000007ffdffff]
[    0.048367] On node 0, zone DMA: 1 pages in unavailable ranges
[    0.048389] On node 0, zone DMA: 97 pages in unavailable ranges
[    0.053852] On node 0, zone DMA32: 32 pages in unavailable ranges
[    0.054828] ACPI: PM-Timer IO Port: 0x608
[    0.055946] ACPI: LAPIC_NMI (acpi_id[0xff] dfl dfl lint[0x1])
[    0.056611] IOAPIC[0]: apic_id 0, version 17, address 0xfec00000, GSI 0-23
[    0.057370] ACPI: INT_SRC_OVR (bus 0 bus_irq 0 global_irq 2 dfl dfl)
[    0.058063] ACPI: INT_SRC_OVR (bus 0 bus_irq 5 global_irq 5 high level)
[    0.058783] ACPI: INT_SRC_OVR (bus 0 bus_irq 9 global_irq 9 high level)
[    0.059509] ACPI: INT_SRC_OVR (bus 0 bus_irq 10 global_irq 10 high level)
[    0.060250] ACPI: INT_SRC_OVR (bus 0 bus_irq 11 global_irq 11 high level)
[    0.060986] ACPI: Using ACPI (MADT) for SMP configuration information
[    0.061652] ACPI: HPET id: 0x8086a201 base: 0xfed00000
[    0.062218] TSC deadline timer available
[    0.062642] smpboot: Allowing 2 CPUs, 0 hotplug CPUs
[    0.063215] kvm-guest: KVM setup pv remote TLB flush
[    0.063753] kvm-guest: setup PV sched yield
[    0.064264] PM: hibernation: Registered nosave memory: [mem 0x00000000-0x00000fff]
[    0.065055] PM: hibernation: Registered nosave memory: [mem 0x0009f000-0x0009ffff]
[    0.065864] PM: hibernation: Registered nosave memory: [mem 0x000a0000-0x000effff]
[    0.066666] PM: hibernation: Registered nosave memory: [mem 0x000f0000-0x000fffff]
[    0.067474] [mem 0x80000000-0xfeffbfff] available for PCI devices
[    0.068133] Booting paravirtualized kernel on KVM
[    0.068645] clocksource: refined-jiffies: mask: 0xffffffff max_cycles: 0xffffffff, max_idle_ns: 7645519600211568 ns
[    0.069826] setup_percpu: NR_CPUS:8192 nr_cpumask_bits:2 nr_cpu_ids:2 nr_node_ids:1
[    0.071080] percpu: Embedded 62 pages/cpu s217088 r8192 d28672 u1048576
[    0.072044] kvm-guest: PV spinlocks enabled
[    0.072506] PV qspinlock hash table entries: 256 (order: 0, 4096 bytes, linear)
[    0.073299] Fallback order for Node 0: 0 
[    0.073742] Built 1 zonelists, mobility grouping on.  Total pages: 515808
[    0.074471] Policy zone: DMA32
[    0.074803] Kernel command line: net.ifnames=0 console=ttyS0 root=/dev/sda earlyprintk=serial net.ifnames=0
[    0.076581] Dentry cache hash table entries: 262144 (order: 9, 2097152 bytes, linear)
[    0.077549] Inode-cache hash table entries: 131072 (order: 8, 1048576 bytes, linear)
[    0.078520] mem auto-init: stack:off, heap alloc:off, heap free:off
[    0.083062] Memory: 1999736K/2096632K available (30736K kernel code, 4081K rwdata, 7528K rodata, 3624K init, 10528K bss, 96640K reserved, 0K cma-reserved)
[    0.085668] SLUB: HWalign=64, Order=0-3, MinObjects=0, CPUs=2, Nodes=1
[    0.086362] kmemleak: Kernel memory leak detector disabled
[    0.086959] ftrace: allocating 66321 entries in 260 pages
[    0.112402] ftrace: allocated 260 pages with 2 groups
[    0.114642] Dynamic Preempt: voluntary
[    0.115140] rcu: Preemptible hierarchical RCU implementation.
[    0.115746] rcu: 	RCU restricting CPUs from NR_CPUS=8192 to nr_cpu_ids=2.
[    0.116473] 	Trampoline variant of Tasks RCU enabled.
[    0.117015] 	Rude variant of Tasks RCU enabled.
[    0.117521] 	Tracing variant of Tasks RCU enabled.
[    0.118055] rcu: RCU calculated value of scheduler-enlistment delay is 25 jiffies.
[    0.118893] rcu: Adjusting geometry for rcu_fanout_leaf=16, nr_cpu_ids=2
[    0.151025] NR_IRQS: 524544, nr_irqs: 440, preallocated irqs: 16
[    0.152009] rcu: srcu_init: Setting srcu_struct sizes based on contention.
[    0.161693] Console: colour VGA+ 80x25
[    0.162160] printk: console [ttyS0] enabled
[    0.162160] printk: console [ttyS0] enabled
[    0.163067] printk: bootconsole [earlyser0] disabled
[    0.163067] printk: bootconsole [earlyser0] disabled
[    0.164183] ACPI: Core revision 20220331
[    0.164854] clocksource: hpet: mask: 0xffffffff max_cycles: 0xffffffff, max_idle_ns: 19112604467 ns
[    0.165959] APIC: Switch to symmetric I/O mode setup
[    0.166759] x2apic enabled
[    0.167302] Switched APIC routing to physical x2apic.
[    0.167864] kvm-guest: setup PV IPIs
[    0.169305] ..TIMER: vector=0x30 apic1=0 pin1=2 apic2=-1 pin2=-1
[    0.170041] clocksource: tsc-early: mask: 0xffffffffffffffff max_cycles: 0x2cd5a8bb032, max_idle_ns: 440795365915 ns
[    0.171215] Calibrating delay loop (skipped) preset value.. 6220.80 BogoMIPS (lpj=12441600)
[    0.172192] pid_max: default: 32768 minimum: 301
[    0.172888] LSM: Security Framework initializing
[    0.173407] Yama: becoming mindful.
[    0.175272] Mount-cache hash table entries: 4096 (order: 3, 32768 bytes, linear)
[    0.176093] Mountpoint-cache hash table entries: 4096 (order: 3, 32768 bytes, linear)
[    0.177857] x86/cpu: User Mode Instruction Prevention (UMIP) activated
[    0.178793] Last level iTLB entries: 4KB 0, 2MB 0, 4MB 0
[    0.179212] Last level dTLB entries: 4KB 0, 2MB 0, 4MB 0, 1GB 0
[    0.179884] Spectre V1 : Mitigation: usercopy/swapgs barriers and __user pointer sanitization
[    0.180805] Spectre V2 : WARNING: Unprivileged eBPF is enabled with eIBRS on, data leaks possible via Spectre v2 BHB attacks!
[    0.182012] Spectre V2 : Mitigation: Enhanced IBRS
[    0.182507] Spectre V2 : Spectre v2 / SpectreRSB mitigation: Filling RSB on context switch
[    0.183209] Spectre V2 : Spectre v2 / PBRSB-eIBRS: Retire a single CALL on VMEXIT
[    0.183976] Spectre V2 : mitigation: Enabling conditional Indirect Branch Prediction Barrier
[    0.184836] Speculative Store Bypass: Mitigation: Speculative Store Bypass disabled via prctl
[    0.307131] Freeing SMP alternatives memory: 56K
[    0.307415] smpboot: CPU0: Genuine Intel(R) CPU 0000 @ 2.20GHz (family: 0x6, model: 0x8d, stepping: 0x0)
[    0.308633] cblist_init_generic: Setting adjustable number of callback queues.
[    0.309375] cblist_init_generic: Setting shift to 1 and lim to 1.
[    0.310033] cblist_init_generic: Setting shift to 1 and lim to 1.
[    0.310697] cblist_init_generic: Setting shift to 1 and lim to 1.
[    0.311206] Performance Events: Icelake events, full-width counters, Intel PMU driver.
[    0.312091] ... version:                2
[    0.312509] ... bit width:              48
[    0.312933] ... generic registers:      8
[    0.313335] ... value mask:             0000ffffffffffff
[    0.313877] ... max period:             00007fffffffffff
[    0.314422] ... fixed-purpose events:   3
[    0.314834] ... event mask:             00000007000000ff
[    0.315437] rcu: Hierarchical SRCU implementation.
[    0.315936] rcu: 	Max phase no-delay instances is 1000.
[    0.318794] smp: Bringing up secondary CPUs ...
[    0.319433] x86: Booting SMP configuration:
[    0.319848] .... node  #0, CPUs:      #1
[    0.320323] smp: Brought up 1 node, 2 CPUs
[    0.320323] smpboot: Max logical packages: 1
[    0.320518] smpboot: Total of 2 processors activated (12441.60 BogoMIPS)
[    0.321743] devtmpfs: initialized
[    0.323353] x86/mm: Memory block size: 128MB
[    0.325074] clocksource: jiffies: mask: 0xffffffff max_cycles: 0xffffffff, max_idle_ns: 7645041785100000 ns
[    0.325074] futex hash table entries: 512 (order: 3, 32768 bytes, linear)
[    0.327218] pinctrl core: initialized pinctrl subsystem
[    0.328008] 
[    0.328188] *************************************************************
[    0.328854] **     NOTICE NOTICE NOTICE NOTICE NOTICE NOTICE NOTICE    **
[    0.329537] **                                                         **
[    0.330228] **  IOMMU DebugFS SUPPORT HAS BEEN ENABLED IN THIS KERNEL  **
[    0.330918] **                                                         **
[    0.331213] ** This means that this kernel is built to expose internal **
[    0.331904] ** IOMMU data structures, which may compromise security on **
[    0.332569] ** your system.                                            **
[    0.333258] **                                                         **
[    0.333959] ** If you see this message and you are not debugging the   **
[    0.334650] ** kernel, report this immediately to your vendor!         **
[    0.335210] **                                                         **
[    0.335894] **     NOTICE NOTICE NOTICE NOTICE NOTICE NOTICE NOTICE    **
[    0.336562] *************************************************************
[    0.337310] PM: RTC time: 18:10:44, date: 2022-11-15
[    0.340359] NET: Registered PF_NETLINK/PF_ROUTE protocol family
[    0.341407] DMA: preallocated 256 KiB GFP_KERNEL pool for atomic allocations
[    0.342142] DMA: preallocated 256 KiB GFP_KERNEL|GFP_DMA pool for atomic allocations
[    0.342943] DMA: preallocated 256 KiB GFP_KERNEL|GFP_DMA32 pool for atomic allocations
[    0.343243] audit: initializing netlink subsys (disabled)
[    0.343847] audit: type=2000 audit(1668535845.005:1): state=initialized audit_enabled=0 res=1
[    0.343847] thermal_sys: Registered thermal governor 'fair_share'
[    0.344405] thermal_sys: Registered thermal governor 'bang_bang'
[    0.345008] thermal_sys: Registered thermal governor 'step_wise'
[    0.345603] thermal_sys: Registered thermal governor 'user_space'
[    0.346227] cpuidle: using governor ladder
[    0.347632] cpuidle: using governor menu
[    0.348286] acpiphp: ACPI Hot Plug PCI Controller Driver version: 0.5
[    0.349194] PCI: Using configuration type 1 for base access
[    0.359582] kprobes: kprobe jump-optimization is enabled. All kprobes are optimized if possible.
[    0.606712] HugeTLB: registered 1.00 GiB page size, pre-allocated 0 pages
[    0.607234] HugeTLB: 16380 KiB vmemmap can be freed for a 1.00 GiB page
[    0.607916] HugeTLB: registered 2.00 MiB page size, pre-allocated 0 pages
[    0.608615] HugeTLB: 28 KiB vmemmap can be freed for a 2.00 MiB page
[    0.609526] ACPI: Added _OSI(Module Device)
[    0.609526] ACPI: Added _OSI(Processor Device)
[    0.609526] ACPI: Added _OSI(3.0 _SCP Extensions)
[    0.611217] ACPI: Added _OSI(Processor Aggregator Device)
[    0.616493] ACPI: 1 ACPI AML tables successfully acquired and loaded
[    0.619854] ACPI: Interpreter enabled
[    0.620317] ACPI: PM: (supports S0 S3 S4 S5)
[    0.620764] ACPI: Using IOAPIC for interrupt routing
[    0.621308] PCI: Using host bridge windows from ACPI; if necessary, use "pci=nocrs" and report a bug
[    0.622225] PCI: Using E820 reservations for host bridge windows
[    0.623395] ACPI: Enabled 2 GPEs in block 00 to 0F
[    0.636791] ACPI: PCI Root Bridge [PCI0] (domain 0000 [bus 00-ff])
[    0.637455] acpi PNP0A03:00: _OSC: OS supports [ASPM ClockPM Segments MSI EDR HPX-Type3]
[    0.638274] acpi PNP0A03:00: _OSC: not requesting OS control; OS requires [ExtendedConfig ASPM ClockPM MSI]
[    0.639247] acpi PNP0A03:00: fail to add MMCONFIG information, can't access extended PCI configuration space under this bridge.
[    0.642091] acpiphp: Slot [3] registered
[    0.642566] acpiphp: Slot [4] registered
[    0.643032] acpiphp: Slot [5] registered
[    0.643267] acpiphp: Slot [6] registered
[    0.643735] acpiphp: Slot [7] registered
[    0.644210] acpiphp: Slot [8] registered
[    0.644679] acpiphp: Slot [9] registered
[    0.645158] acpiphp: Slot [10] registered
[    0.645642] acpiphp: Slot [11] registered
[    0.646118] acpiphp: Slot [12] registered
[    0.646598] acpiphp: Slot [13] registered
[    0.647072] acpiphp: Slot [14] registered
[    0.647267] acpiphp: Slot [15] registered
[    0.647749] acpiphp: Slot [16] registered
[    0.648224] acpiphp: Slot [17] registered
[    0.648700] acpiphp: Slot [18] registered
[    0.649181] acpiphp: Slot [19] registered
[    0.649642] acpiphp: Slot [20] registered
[    0.650113] acpiphp: Slot [21] registered
[    0.650587] acpiphp: Slot [22] registered
[    0.651071] acpiphp: Slot [23] registered
[    0.651268] acpiphp: Slot [24] registered
[    0.651752] acpiphp: Slot [25] registered
[    0.652232] acpiphp: Slot [26] registered
[    0.652707] acpiphp: Slot [27] registered
[    0.653190] acpiphp: Slot [28] registered
[    0.653672] acpiphp: Slot [29] registered
[    0.654147] acpiphp: Slot [30] registered
[    0.654621] acpiphp: Slot [31] registered
[    0.655055] PCI host bridge to bus 0000:00
[    0.655212] pci_bus 0000:00: root bus resource [io  0x0000-0x0cf7 window]
[    0.655915] pci_bus 0000:00: root bus resource [io  0x0d00-0xffff window]
[    0.656622] pci_bus 0000:00: root bus resource [mem 0x000a0000-0x000bffff window]
[    0.657369] pci_bus 0000:00: root bus resource [mem 0x80000000-0xfebfffff window]
[    0.658142] pci_bus 0000:00: root bus resource [mem 0x100000000-0x17fffffff window]
[    0.658926] pci_bus 0000:00: root bus resource [bus 00-ff]
[    0.659276] pci 0000:00:00.0: [8086:1237] type 00 class 0x060000
[    0.662478] pci 0000:00:01.0: [8086:7000] type 00 class 0x060100
[    0.663811] pci 0000:00:01.1: [8086:7010] type 00 class 0x010180
[    0.666207] pci 0000:00:01.1: reg 0x20: [io  0xc040-0xc04f]
[    0.667418] pci 0000:00:01.1: legacy IDE quirk: reg 0x10: [io  0x01f0-0x01f7]
[    0.668440] pci 0000:00:01.1: legacy IDE quirk: reg 0x14: [io  0x03f6]
[    0.669094] pci 0000:00:01.1: legacy IDE quirk: reg 0x18: [io  0x0170-0x0177]
[    0.669825] pci 0000:00:01.1: legacy IDE quirk: reg 0x1c: [io  0x0376]
[    0.670745] pci 0000:00:01.3: [8086:7113] type 00 class 0x068000
[    0.671565] pci 0000:00:01.3: quirk: [io  0x0600-0x063f] claimed by PIIX4 ACPI
[    0.672304] pci 0000:00:01.3: quirk: [io  0x0700-0x070f] claimed by PIIX4 SMB
[    0.673271] pci 0000:00:02.0: [1234:1111] type 00 class 0x030000
[    0.674884] pci 0000:00:02.0: reg 0x10: [mem 0xfd000000-0xfdffffff pref]
[    0.676612] pci 0000:00:02.0: reg 0x18: [mem 0xfebf0000-0xfebf0fff]
[    0.680239] pci 0000:00:02.0: reg 0x30: [mem 0xfebe0000-0xfebeffff pref]
[    0.681008] pci 0000:00:02.0: Video device with shadowed ROM at [mem 0x000c0000-0x000dffff]
[    0.684228] pci 0000:00:03.0: [8086:100e] type 00 class 0x020000
[    0.685748] pci 0000:00:03.0: reg 0x10: [mem 0xfebc0000-0xfebdffff]
[    0.687214] pci 0000:00:03.0: reg 0x14: [io  0xc000-0xc03f]
[    0.691496] pci 0000:00:03.0: reg 0x30: [mem 0xfeb80000-0xfebbffff pref]
[    0.703889] ACPI: PCI: Interrupt link LNKA configured for IRQ 10
[    0.704855] ACPI: PCI: Interrupt link LNKB configured for IRQ 10
[    0.705809] ACPI: PCI: Interrupt link LNKC configured for IRQ 11
[    0.706764] ACPI: PCI: Interrupt link LNKD configured for IRQ 11
[    0.707383] ACPI: PCI: Interrupt link LNKS configured for IRQ 9
[    0.708799] iommu: Default domain type: Translated 
[    0.709306] iommu: DMA domain TLB invalidation policy: lazy mode 
[    0.710504] SCSI subsystem initialized
[    0.711068] ACPI: bus type USB registered
[    0.711258] usbcore: registered new interface driver usbfs
[    0.711844] usbcore: registered new interface driver hub
[    0.712402] usbcore: registered new device driver usb
[    0.712993] pps_core: LinuxPPS API ver. 1 registered
[    0.713502] pps_core: Software ver. 5.3.6 - Copyright 2005-2007 Rodolfo Giometti <giometti@linux.it>
[    0.714425] PTP clock support registered
[    0.714931] EDAC MC: Ver: 3.0.0
[    0.715993] NetLabel: Initializing
[    0.716351] NetLabel:  domain hash size = 128
[    0.716800] NetLabel:  protocols = UNLABELED CIPSOv4 CALIPSO
[    0.717408] NetLabel:  unlabeled traffic allowed by default
[    0.718079] PCI: Using ACPI for IRQ routing
[    0.718697] pci 0000:00:02.0: vgaarb: setting as boot VGA device
[    0.719206] pci 0000:00:02.0: vgaarb: bridge control possible
[    0.719206] pci 0000:00:02.0: vgaarb: VGA device added: decodes=io+mem,owns=io+mem,locks=none
[    0.719211] vgaarb: loaded
[    0.719785] hpet0: at MMIO 0xfed00000, IRQs 2, 8, 0
[    0.720306] hpet0: 3 comparators, 64-bit 100.000000 MHz counter
[    3.671270] clocksource: Switched to clocksource kvm-clock
[    3.672223] VFS: Disk quotas dquot_6.6.0
[    3.672677] VFS: Dquot-cache hash table entries: 512 (order 0, 4096 bytes)
[    3.673540] pnp: PnP ACPI init
[    3.675441] pnp: PnP ACPI: found 6 devices
[    3.684808] clocksource: acpi_pm: mask: 0xffffff max_cycles: 0xffffff, max_idle_ns: 2085701024 ns
[    3.686071] NET: Registered PF_INET protocol family
[    3.686865] IP idents hash table entries: 32768 (order: 6, 262144 bytes, linear)
[    3.689257] tcp_listen_portaddr_hash hash table entries: 1024 (order: 2, 16384 bytes, linear)
[    3.690181] Table-perturb hash table entries: 65536 (order: 6, 262144 bytes, linear)
[    3.691037] TCP established hash table entries: 16384 (order: 5, 131072 bytes, linear)
[    3.691962] TCP bind hash table entries: 16384 (order: 7, 524288 bytes, linear)
[    3.692877] TCP: Hash tables configured (established 16384 bind 16384)
[    3.693592] UDP hash table entries: 1024 (order: 3, 32768 bytes, linear)
[    3.694300] UDP-Lite hash table entries: 1024 (order: 3, 32768 bytes, linear)
[    3.695124] NET: Registered PF_UNIX/PF_LOCAL protocol family
[    3.703374] RPC: Registered named UNIX socket transport module.
[    3.703988] RPC: Registered udp transport module.
[    3.704472] RPC: Registered tcp transport module.
[    3.704956] RPC: Registered tcp NFSv4.1 backchannel transport module.
[    3.705631] pci_bus 0000:00: resource 4 [io  0x0000-0x0cf7 window]
[    3.706272] pci_bus 0000:00: resource 5 [io  0x0d00-0xffff window]
[    3.706893] pci_bus 0000:00: resource 6 [mem 0x000a0000-0x000bffff window]
[    3.707611] pci_bus 0000:00: resource 7 [mem 0x80000000-0xfebfffff window]
[    3.708323] pci_bus 0000:00: resource 8 [mem 0x100000000-0x17fffffff window]
[    3.709244] pci 0000:00:01.0: PIIX3: Enabling Passive Release
[    3.709848] pci 0000:00:00.0: Limiting direct PCI/PCI transfers
[    3.710560] PCI: CLS 0 bytes, default 64
[    3.711164] clocksource: tsc: mask: 0xffffffffffffffff max_cycles: 0x2cd5a8bb032, max_idle_ns: 440795365915 ns
[    3.778382] Initialise system trusted keyrings
[    3.778882] Key type blacklist registered
[    3.779490] workingset: timestamp_bits=36 max_order=19 bucket_order=0
[    3.785910] zbud: loaded
[    3.787257] squashfs: version 4.0 (2009/01/31) Phillip Lougher
[    3.788916] NFS: Registering the id_resolver key type
[    3.789459] Key type id_resolver registered
[    3.789878] Key type id_legacy registered
[    3.790343] nfs4filelayout_init: NFSv4 File Layout Driver Registering...
[    3.790997] nfs4flexfilelayout_init: NFSv4 Flexfile Layout Driver Registering...
[    3.791828] fuse: init (API version 7.37)
[    3.792412] SGI XFS with ACLs, security attributes, realtime, quota, no debug enabled
[    3.794310] 9p: Installing v9fs 9p2000 file system support
[    3.804305] Key type asymmetric registered
[    3.804718] Asymmetric key parser 'x509' registered
[    3.805975] alg: self-tests for CTR-KDF (hmac(sha256)) passed
[    3.806592] Block layer SCSI generic (bsg) driver version 0.4 loaded (major 243)
[    3.807418] io scheduler mq-deadline registered
[    3.807943] io scheduler bfq registered
[    3.808911] shpchp: Standard Hot Plug PCI Controller Driver version: 0.4
[    3.809746] IPMI message handler: version 39.2
[    3.810209] ipmi device interface
[    3.811577] input: Power Button as /devices/LNXSYSTM:00/LNXPWRBN:00/input/input0
[    3.812439] ACPI: button: Power Button [PWRF]
[    3.813635] ERST DBG: ERST support is disabled.
[    3.814436] Serial: 8250/16550 driver, 32 ports, IRQ sharing enabled
[    3.815472] 00:04: ttyS0 at I/O 0x3f8 (irq = 4, base_baud = 115200) is a 16550A
[    3.821399] Linux agpgart interface v0.103
[    3.822182] ACPI: bus type drm_connector registered
[    3.830544] brd: module loaded
[    3.835339] loop: module loaded
[    3.838392] scsi host0: ata_piix
[    3.839021] scsi host1: ata_piix
[    3.839457] ata1: PATA max MWDMA2 cmd 0x1f0 ctl 0x3f6 bmdma 0xc040 irq 14
[    3.840129] ata2: PATA max MWDMA2 cmd 0x170 ctl 0x376 bmdma 0xc048 irq 15
[    3.841468] tun: Universal TUN/TAP device driver, 1.6
[    3.842075] e100: Intel(R) PRO/100 Network Driver
[    3.842535] e100: Copyright(c) 1999-2006 Intel Corporation
[    3.843102] e1000: Intel(R) PRO/1000 Network Driver
[    3.843595] e1000: Copyright (c) 1999-2006 Intel Corporation.
[    3.937206] ACPI: \_SB_.LNKC: Enabled at IRQ 11
[    3.999377] ata2: found unknown device (class 0)
[    4.000111] ata1: found unknown device (class 0)
[    4.001163] ata1.00: ATA-7: QEMU HARDDISK, 2.5+, max UDMA/100
[    4.001703] ata1.00: 16777216 sectors, multi 16: LBA48 
[    4.002400] ata2.00: ATAPI: QEMU DVD-ROM, 2.5+, max UDMA/100
[    4.003830] scsi 0:0:0:0: Direct-Access     ATA      QEMU HARDDISK    2.5+ PQ: 0 ANSI: 5
[    4.005195] sd 0:0:0:0: [sda] 16777216 512-byte logical blocks: (8.59 GB/8.00 GiB)
[    4.005919] sd 0:0:0:0: [sda] Write Protect is off
[    4.006416] sd 0:0:0:0: [sda] Write cache: enabled, read cache: enabled, doesn't support DPO or FUA
[    4.007306] sd 0:0:0:0: [sda] Preferred minimum I/O size 512 bytes
[    4.007767] sd 0:0:0:0: Attached scsi generic sg0 type 0
[    4.009125] scsi 1:0:0:0: CD-ROM            QEMU     QEMU DVD-ROM     2.5+ PQ: 0 ANSI: 5
[    4.032545] sd 0:0:0:0: [sda] Attached SCSI disk
[    4.043497] scsi 1:0:0:0: Attached scsi generic sg1 type 5
[    4.262283] e1000 0000:00:03.0 eth0: (PCI:33MHz:32-bit) 52:54:00:12:34:56
[    4.262939] e1000 0000:00:03.0 eth0: Intel(R) PRO/1000 Network Connection
[    4.263646] e1000e: Intel(R) PRO/1000 Network Driver
[    4.264107] e1000e: Copyright(c) 1999 - 2015 Intel Corporation.
[    4.264716] igb: Intel(R) Gigabit Ethernet Network Driver
[    4.265215] igb: Copyright (c) 2007-2014 Intel Corporation.
[    4.265803] PPP generic driver version 2.4.2
[    4.266651] VFIO - User Level meta-driver version: 0.3
[    4.267586] usbcore: registered new interface driver uas
[    4.268121] usbcore: registered new interface driver usb-storage
[    4.268776] i8042: PNP: PS/2 Controller [PNP0303:KBD,PNP0f13:MOU] at 0x60,0x64 irq 1,12
[    4.270188] serio: i8042 KBD port at 0x60,0x64 irq 1
[    4.270666] serio: i8042 AUX port at 0x60,0x64 irq 12
[    4.271741] mousedev: PS/2 mouse device common for all mice
[    4.273264] input: AT Translated Set 2 keyboard as /devices/platform/i8042/serio0/input/input1
[    4.275290] rtc_cmos 00:05: RTC can wake from S4
[    4.275331] input: VirtualPS/2 VMware VMMouse as /devices/platform/i8042/serio1/input/input4
[    4.276853] rtc_cmos 00:05: registered as rtc0
[    4.277790] input: VirtualPS/2 VMware VMMouse as /devices/platform/i8042/serio1/input/input3
[    4.277820] rtc_cmos 00:05: setting system clock to 2022-11-15T18:10:48 UTC (1668535848)
[    4.279908] rtc_cmos 00:05: alarms up to one day, y3k, 242 bytes nvram, hpet irqs
[    4.280829] i2c_dev: i2c /dev entries driver
[    4.281350] device-mapper: core: CONFIG_IMA_DISABLE_HTABLE is disabled. Duplicate IMA measurements will not be recorded in the IMA log.
[    4.282811] device-mapper: uevent: version 1.0.3
[    4.283561] device-mapper: ioctl: 4.47.0-ioctl (2022-07-28) initialised: dm-devel@redhat.com
[    4.284534] intel_pstate: CPU model not supported
[    4.285136] sdhci: Secure Digital Host Controller Interface driver
[    4.285844] sdhci: Copyright(c) Pierre Ossman
[    4.286414] sdhci-pltfm: SDHCI platform and OF driver helper
[    4.287119] ledtrig-cpu: registered to indicate activity on CPUs
[    4.287997] drop_monitor: Initializing network drop monitor service
[    4.289170] NET: Registered PF_INET6 protocol family
[    4.290873] Segment Routing with IPv6
[    4.291347] In-situ OAM (IOAM) with IPv6
[    4.291862] NET: Registered PF_PACKET protocol family
[    4.292654] 9pnet: Installing 9P2000 support
[    4.293187] Key type dns_resolver registered
[    4.294275] IPI shorthand broadcast: enabled
[    4.294814] sched_clock: Marking stable (4279605565, 14470278)->(4304145167, -10069324)
[    4.296120] registered taskstats version 1
[    4.296704] Loading compiled-in X.509 certificates
[    4.297627] zswap: loaded using pool lzo/zbud
[    4.298383] Key type .fscrypt registered
[    4.298846] Key type fscrypt-provisioning registered
[    4.300061] Key type encrypted registered
[    4.300541] ima: No TPM chip found, activating TPM-bypass!
[    4.301180] ima: Allocated hash algorithm: sha1
[    4.301721] ima: No architecture policies found
[    4.302277] evm: Initialising EVM extended attributes:
[    4.302868] evm: security.selinux
[    4.303273] evm: security.SMACK64
[    4.303662] evm: security.SMACK64EXEC
[    4.304087] evm: security.SMACK64TRANSMUTE
[    4.304561] evm: security.SMACK64MMAP
[    4.304986] evm: security.apparmor
[    4.305386] evm: security.ima
[    4.305734] evm: security.capability
[    4.306154] evm: HMAC attrs: 0x1
[    4.308992] PM:   Magic number: 14:683:190
[    4.309575] acpi device:1c: hash matches
[    4.310245] RAS: Correctable Errors collector initialized.
[    4.311140] md: Waiting for all devices to be available before autodetect
[    4.311732] md: If you don't use raid, use raid=noautodetect
[    4.312221] md: Autodetecting RAID arrays.
[    4.312576] md: autorun ...
[    4.312823] md: ... autorun DONE.
[    4.315979] EXT4-fs (sda): INFO: recovery required on readonly filesystem
[    4.316567] EXT4-fs (sda): write access will be enabled during recovery
[    4.373698] EXT4-fs (sda): recovery complete
[    4.392891] EXT4-fs (sda): mounted filesystem with ordered data mode. Quota mode: none.
[    4.393625] VFS: Mounted root (ext4 filesystem) readonly on device 8:0.
[    4.394569] devtmpfs: mounted
[    4.402509] Freeing unused decrypted memory: 2036K
[    4.404572] Freeing unused kernel image (initmem) memory: 3624K
[    4.405093] Write protecting the kernel read-only data: 40960k
[    4.407766] Freeing unused kernel image (text/rodata gap) memory: 2028K
[    4.408856] Freeing unused kernel image (rodata/data gap) memory: 664K
[    4.513296] x86/mm: Checked W+X mappings: passed, no W+X pages found.
[    4.513919] Run /sbin/init as init process
[    4.580662] systemd[1]: RTC configured in localtime, applying delta of 0 minutes to system time.
[    4.596678] systemd[1]: systemd 239 (239-49.el8) running in system mode. (+PAM +AUDIT +SELINUX +IMA -APPARMOR +SMACK +SYSVINIT +UTMP +LIBCRYPTSETUP +GCRYPT +GNUTLS +ACL +XZ +LZ4 +SECCOMP +BLKID +ELFUTILS +KMOD +IDN2 -IDN +PCRE2 default-hierarchy=legacy)
[    4.598237] systemd[1]: Detected virtualization kvm.
[    4.598580] systemd[1]: Detected architecture x86-64.

Welcome to [0;31mCentOS Stream 8[0m!

[    4.661757] systemd[1]: Set hostname to <test>.
[    5.675225] random: crng init done
[    5.756669] systemd[1]: Listening on udev Kernel Socket.
[[0;32m  OK  [0m] Listening on udev Kernel Socket.
[    5.757731] systemd[1]: Listening on multipathd control socket.
[[0;32m  OK  [0m] Listening on multipathd control socket.
[    5.758833] systemd[1]: Listening on RPCbind Server Activation Socket.
[[0;32m  OK  [0m] Listening on RPCbind Server Activation Socket.
[    5.759874] systemd[1]: Reached target RPC Port Mapper.
[[0;32m  OK  [0m] Reached target RPC Port Mapper.
[    5.762247] systemd[1]: Created slice system-sshd\x2dkeygen.slice.
[[0;32m  OK  [0m] Created slice system-sshd\x2dkeygen.slice.
[    5.763297] systemd[1]: Started Forward Password Requests to Wall Directory Watch.
[[0;32m  OK  [0m] Started Forward Password Requests to Wall Directory Watch.
[[0;32m  OK  [0m] Created slice system-getty.slice.
[[0;32m  OK  [0m] Created slice system-serial\x2dgetty.slice.
[[0;32m  OK  [0m] Reached target Swap.
[[0;32m  OK  [0m] Listening on Process Core Dump Socket.
[[0;32m  OK  [0m] Listening on Journal Socket.
         Starting Setup Virtual Console...
         Mounting Huge Pages File System...
         Starting Remount Root and Kernel File Systems...
         Mounting Kernel Debug File System...
[[0;32m  OK  [0m] Listening on Journal Socket (/dev/log).
         Starting Journal Service...
[[0;32m  OK  [0m] Set up automount Arbitrary Executabâ€¦rmats File System Automount Point.
[[0;32m  OK  [0m] Listening on LVM2 poll daemon socket.
[[0;32m  OK  [0m] Listening on initctl Compatibility Named Pipe.
[[0;32m  OK  [0m] Listening on udev Control Socket.
         Starting udev Coldplug all Devices...
         Mounting POSIX Message Queue File System...
[[0;32m  OK  [0m] Listening on Device-mapper event daemon FIFOs.
         Starting Monitoring of LVM2 mirrorsâ€¦ng dmeventd or progress polling...
         Starting Load Kernel Modules...
[[0;32m  OK  [0m] Created slice User and Session Slice.
[[0;32m  OK  [0m] Reached target Slices.
[    6.011232] EXT4-fs (sda): re-mounted. Quota mode: none.
[[0;32m  OK  [0m] Mounted Huge Pages File System.
[[0;32m  OK  [0m] Started Remount Root and Kernel File Systems.
[[0;32m  OK  [0m] Mounted Kernel Debug File System.
[[0;32m  OK  [0m] Mounted POSIX Message Queue File System.
[[0;1;31mFAILED[0m] Failed to start Load Kernel Modules.
See 'systemctl status systemd-modules-load.service' for details.
         Mounting FUSE Control File System...
         Starting Apply Kernel Variables...
         Mounting Kernel Configuration File System...
         Starting Load/Save Random Seed...
         Starting Create Static Device Nodes in /dev...
[[0;32m  OK  [0m] Started Journal Service.
[[0;32m  OK  [0m] Started Setup Virtual Console.
[[0;32m  OK  [0m] Mounted FUSE Control File System.
[[0;32m  OK  [0m] Started Apply Kernel Variables.
[[0;32m  OK  [0m] Mounted Kernel Configuration File System.
[[0;32m  OK  [0m] Started Load/Save Random Seed.
[[0;32m  OK  [0m] Started Create Static Device Nodes in /dev.
         Starting udev Kernel Device Manager...
         Starting Flush Journal to Persistent Storage...
[[0;32m  OK  [0m] Started Flush Journal to Persistent Storage.
[[0;32m  OK  [0m] Started udev Kernel Device Manager.
[[0;32m  OK  [0m] Started udev Coldplug all Devices.
         Starting Show Plymouth Boot Screen...
         Starting udev Wait for Complete Device Initialization...
[[0;32m  OK  [0m] Started Show Plymouth Boot Screen.
[[0;32m  OK  [0m] Reached target Paths.
[[0;32m  OK  [0m] Reached target Local Encrypted Volumes.
[[0;32m  OK  [0m] Started Forward Password Requests to Plymouth Directory Watch.
[[0;32m  OK  [0m] Found device /dev/ttyS0.
[[0;32m  OK  [0m] Started Monitoring of LVM2 mirrors,â€¦sing dmeventd or progress polling.
[[0;32m  OK  [0m] Started udev Wait for Complete Device Initialization.
[[0;32m  OK  [0m] Reached target Local File Systems (Pre).
[[0;32m  OK  [0m] Reached target Local File Systems.
         Starting Tell Plymouth To Write Out Runtime Data...
         Starting Restore /run/initramfs on shutdown...
         Starting Create Volatile Files and Directories...
[[0;32m  OK  [0m] Listening on Load/Save RF Kill Switch Status /dev/rfkill Watch.
[[0;32m  OK  [0m] Started Tell Plymouth To Write Out Runtime Data.
[[0;32m  OK  [0m] Started Restore /run/initramfs on shutdown.
[[0;32m  OK  [0m] Started Create Volatile Files and Directories.
         Starting RPC Bind...
         Mounting RPC Pipe File System...
         Starting Security Auditing Service...
[[0;32m  OK  [0m] Mounted RPC Pipe File System.
[[0;32m  OK  [0m] Reached target rpc_pipefs.target.
[[0;32m  OK  [0m] Started RPC Bind.
[[0;32m  OK  [0m] Started Security Auditing Service.
         Starting Update UTMP about System Boot/Shutdown...
[[0;32m  OK  [0m] Started Update UTMP about System Boot/Shutdown.
[[0;32m  OK  [0m] Reached target System Initialization.
[[0;32m  OK  [0m] Started Daily Cleanup of Temporary Directories.
[[0;32m  OK  [0m] Listening on D-Bus System Message Bus Socket.
[[0;32m  OK  [0m] Started daily update of the root trust anchor for DNSSEC.
[[0;32m  OK  [0m] Started dnf makecache --timer.
[[0;32m  OK  [0m] Reached target Timers.
[[0;32m  OK  [0m] Listening on SSSD Kerberos Cache Manager responder socket.
[[0;32m  OK  [0m] Reached target Sockets.
[[0;32m  OK  [0m] Reached target Basic System.
[[0;32m  OK  [0m] Started D-Bus System Message Bus.
         Starting Network Manager...
[[0;32m  OK  [0m] Started Machine Check Exception Logging Daemon.
         Starting Authorization Manager...
[[0;32m  OK  [0m] Started irqbalance daemon.
         Starting Self Monitoring and Reporting Technology (SMART) Daemon...
         Starting NTP client/server...
         Starting Auto-connect to subsystemsâ€¦-NVME devices found during boot...
         Starting Login Service...
[[0;32m  OK  [0m] Reached target sshd-keygen.target.
[[0;32m  OK  [0m] Started Auto-connect to subsystems â€¦FC-NVME devices found during boot.
         Starting update of the root trust aâ€¦or DNSSEC validation in unbound...
[[0;32m  OK  [0m] Started Network Manager.
[[0;32m  OK  [0m] Started Self Monitoring and Reporting Technology (SMART) Daemon.
[[0;32m  OK  [0m] Reached target Network.
         Starting OpenSSH server daemon...
         Starting Dynamic System Tuning Daemon...
         Starting GSSAPI Proxy Daemon...
         Starting Network Manager Wait Online...
[[0;32m  OK  [0m] Started update of the root trust anâ€¦ for DNSSEC validation in unbound.
[[0;32m  OK  [0m] Started Login Service.
[[0;32m  OK  [0m] Started OpenSSH server daemon.
[[0;32m  OK  [0m] Started GSSAPI Proxy Daemon.
[[0;32m  OK  [0m] Started NTP client/server.
[[0;32m  OK  [0m] Reached target NFS client services.
[[0;32m  OK  [0m] Reached target Remote File Systems (Pre).
[[0;32m  OK  [0m] Reached target Remote File Systems.
         Starting Permit User Sessions...
         Starting Hostname Service...
[[0;32m  OK  [0m] Started Authorization Manager.
[[0;32m  OK  [0m] Started Permit User Sessions.
         Starting Terminate Plymouth Boot Screen...
[[0;32m  OK  [0m] Started Command Scheduler.
         Starting Hold until boot process finishes up...
[    7.595288] e1000: eth0 NIC Link is Up 1000 Mbps Full Duplex, Flow Control: RX
[    7.596334] IPv6: ADDRCONF(NETDEV_CHANGE): eth0: link becomes ready
[    7.717365] Spectre V2 : WARNING: Unprivileged eBPF is enabled with eIBRS on, data leaks possible via Spectre v2 BHB attacks!
[    7.718328] Spectre V2 : WARNING: Unprivileged eBPF is enabled with eIBRS on, data leaks possible via Spectre v2 BHB attacks!

CentOS Stream 8
Kernel 6.1.0-rc4-f0c4d9fc9cc9 on an x86_64

test login: [  300.163326] INFO: task repro:677 blocked for more than 147 seconds.
[  300.163751]       Not tainted 6.1.0-rc4-f0c4d9fc9cc9 #1
[  300.164087] "echo 0 > /proc/sys/kernel/hung_task_timeout_secs" disables this message.
[  300.164598] task:repro           state:D stack:0     pid:677   ppid:595    flags:0x00004002
[  300.165135] Call Trace:
[  300.165301]  <TASK>
[  300.165458]  __schedule+0x2de/0x8f0
[  300.165704]  ? __sanitizer_cov_trace_pc+0x25/0x60
[  300.166020]  schedule+0x5b/0xe0
[  300.166246]  schedule_preempt_disabled+0x1c/0x30
[  300.166559]  __mutex_lock.isra.17+0x480/0x710
[  300.166849]  ? debug_smp_processor_id+0x20/0x30
[  300.167152]  ? __sanitizer_cov_trace_pc+0x25/0x60
[  300.167480]  __mutex_lock_slowpath+0x13/0x20
[  300.167763]  mutex_lock+0x30/0x40
[  300.167988]  perf_event_ctx_lock_nested.isra.102+0xd4/0x190
[  300.168352]  perf_event_release_kernel+0x77/0x370
[  300.168667]  ? __sanitizer_cov_trace_pc+0x25/0x60
[  300.168979]  ? perf_event_release_kernel+0x370/0x370
[  300.169310]  perf_release+0x22/0x30
[  300.169549]  __fput+0x10e/0x440
[  300.169770]  ____fput+0x1e/0x30
[  300.169990]  task_work_run+0xa6/0x100
[  300.170243]  do_exit+0x4d4/0x11f0
[  300.170475]  ? write_comp_data+0x2f/0x90
[  300.170738]  do_group_exit+0x58/0xe0
[  300.170986]  get_signal+0xf07/0xf10
[  300.171236]  arch_do_signal_or_restart+0x3b/0x7d0
[  300.171554]  ? __sanitizer_cov_trace_pc+0x25/0x60
[  300.171865]  ? do_futex+0x1a2/0x2e0
[  300.172109]  ? write_comp_data+0x2f/0x90
[  300.172373]  ? __sanitizer_cov_trace_pc+0x25/0x60
[  300.172697]  exit_to_user_mode_prepare+0xdc/0x180
[  300.173016]  syscall_exit_to_user_mode+0x1f/0x30
[  300.173324]  do_syscall_64+0x4a/0x90
[  300.173568]  entry_SYSCALL_64_after_hwframe+0x63/0xcd
[  300.173906] RIP: 0033:0x7f8ef6c3d59d
[  300.174160] RSP: 002b:00007f8ef6af5ea8 EFLAGS: 00000246 ORIG_RAX: 00000000000000ca
[  300.174644] RAX: fffffffffffffe00 RBX: 0000000000000000 RCX: 00007f8ef6c3d59d
[  300.175097] RDX: 0000000000000000 RSI: 0000000000000080 RDI: 0000000000405158
[  300.175562] RBP: 00007f8ef6af5ec0 R08: 0000000000000000 R09: 0000000000000000
[  300.176020] R10: 0000000000000000 R11: 0000000000000246 R12: 00007ffce50992be
[  300.176474] R13: 00007ffce50992bf R14: 00007ffce5099350 R15: 00007f8ef6af6700
[  300.176930]  </TASK>
[  300.177080] INFO: task repro:684 blocked for more than 147 seconds.
[  300.177473]       Not tainted 6.1.0-rc4-f0c4d9fc9cc9 #1
[  300.177813] "echo 0 > /proc/sys/kernel/hung_task_timeout_secs" disables this message.
[  300.178311] task:repro           state:D stack:0     pid:684   ppid:591    flags:0x00004004
[  300.178837] Call Trace:
[  300.178997]  <TASK>
[  300.179137]  __schedule+0x2de/0x8f0
[  300.179385]  schedule+0x5b/0xe0
[  300.179602]  schedule_preempt_disabled+0x1c/0x30
[  300.179905]  __mutex_lock.isra.17+0x480/0x710
[  300.180197]  ? write_comp_data+0x2f/0x90
[  300.180463]  __mutex_lock_slowpath+0x13/0x20
[  300.180738]  mutex_lock+0x30/0x40
[  300.180958]  __do_sys_perf_event_open+0xb46/0x19b0
[  300.181285]  __x64_sys_perf_event_open+0x2f/0x40
[  300.181584]  do_syscall_64+0x3b/0x90
[  300.181822]  entry_SYSCALL_64_after_hwframe+0x63/0xcd
[  300.182153] RIP: 0033:0x7f8ef6c3d59d
[  300.182384] RSP: 002b:00007f8ef6af5e98 EFLAGS: 00000246 ORIG_RAX: 000000000000012a
[  300.182849] RAX: ffffffffffffffda RBX: 0000000000000000 RCX: 00007f8ef6c3d59d
[  300.183297] RDX: 0000000000000000 RSI: 00000000ffffffff RDI: 0000000020000000
[  300.183736] RBP: 00007f8ef6af5ec0 R08: 0000000000000000 R09: 0000000000000000
[  300.184173] R10: 0000000000000003 R11: 0000000000000246 R12: 00007ffce50992be
[  300.184612] R13: 00007ffce50992bf R14: 00007ffce5099350 R15: 00007f8ef6af6700
[  300.185050]  </TASK>
[  300.185195] INFO: task repro:686 blocked for more than 147 seconds.
[  300.185581]       Not tainted 6.1.0-rc4-f0c4d9fc9cc9 #1
[  300.185902] "echo 0 > /proc/sys/kernel/hung_task_timeout_secs" disables this message.
[  300.186380] task:repro           state:D stack:0     pid:686   ppid:593    flags:0x00004002
[  300.186890] Call Trace:
[  300.187048]  <TASK>
[  300.187188]  __schedule+0x2de/0x8f0
[  300.187432]  ? kmem_cache_free_bulk.part.80+0x651/0x680
[  300.187767]  schedule+0x5b/0xe0
[  300.187981]  schedule_preempt_disabled+0x1c/0x30
[  300.188282]  __mutex_lock.isra.17+0x480/0x710
[  300.188562]  ? __sanitizer_cov_trace_pc+0x25/0x60
[  300.188863]  __mutex_lock_slowpath+0x13/0x20
[  300.189139]  mutex_lock+0x30/0x40
[  300.189356]  perf_event_ctx_lock_nested.isra.102+0xd4/0x190
[  300.189708]  perf_event_release_kernel+0x77/0x370
[  300.190012]  ? __sanitizer_cov_trace_pc+0x25/0x60
[  300.190321]  ? perf_event_release_kernel+0x370/0x370
[  300.190639]  perf_release+0x22/0x30
[  300.190869]  __fput+0x10e/0x440
[  300.191082]  ____fput+0x1e/0x30
[  300.191301]  task_work_run+0xa6/0x100
[  300.191544]  do_exit+0x4d4/0x11f0
[  300.191768]  ? write_comp_data+0x2f/0x90
[  300.192021]  do_group_exit+0x58/0xe0
[  300.192262]  get_signal+0xf07/0xf10
[  300.192491]  ? wake_up_q+0x52/0xa0
[  300.192714]  arch_do_signal_or_restart+0x3b/0x7d0
[  300.193059]  ? __sanitizer_cov_trace_pc+0x25/0x60
[  300.193411]  ? do_futex+0x1a2/0x2e0
[  300.193641]  ? write_comp_data+0x2f/0x90
[  300.193894]  ? __sanitizer_cov_trace_pc+0x25/0x60
[  300.194212]  exit_to_user_mode_prepare+0xdc/0x180
[  300.194521]  syscall_exit_to_user_mode+0x1f/0x30
[  300.194817]  do_syscall_64+0x4a/0x90
[  300.195063]  entry_SYSCALL_64_after_hwframe+0x63/0xcd
[  300.195400] RIP: 0033:0x7f8ef6c3d59d
[  300.195630] RSP: 002b:00007f8ef6af5ea8 EFLAGS: 00000246 ORIG_RAX: 00000000000000ca
[  300.196106] RAX: fffffffffffffe00 RBX: 0000000000000000 RCX: 00007f8ef6c3d59d
[  300.196545] RDX: 0000000000000000 RSI: 0000000000000080 RDI: 0000000000405158
[  300.196995] RBP: 00007f8ef6af5ec0 R08: 0000000000000000 R09: 0000000000000000
[  300.197431] R10: 0000000000000000 R11: 0000000000000246 R12: 00007ffce50992be
[  300.197879] R13: 00007ffce50992bf R14: 00007ffce5099350 R15: 00007f8ef6af6700
[  300.198327]  </TASK>
[  300.198473] INFO: task repro:681 blocked for more than 147 seconds.
[  300.198870]       Not tainted 6.1.0-rc4-f0c4d9fc9cc9 #1
[  300.199197] "echo 0 > /proc/sys/kernel/hung_task_timeout_secs" disables this message.
[  300.199681] task:repro           state:D stack:0     pid:681   ppid:594    flags:0x00004002
[  300.200205] Call Trace:
[  300.200374]  <TASK>
[  300.200525]  __schedule+0x2de/0x8f0
[  300.200768]  schedule+0x5b/0xe0
[  300.200986]  schedule_preempt_disabled+0x1c/0x30
[  300.201291]  __mutex_lock.isra.17+0x480/0x710
[  300.201573]  ? debug_smp_processor_id+0x20/0x30
[  300.201878]  ? __sanitizer_cov_trace_pc+0x25/0x60
[  300.202188]  __mutex_lock_slowpath+0x13/0x20
[  300.202465]  mutex_lock+0x30/0x40
[  300.202706]  perf_event_ctx_lock_nested.isra.102+0xd4/0x190
[  300.203059]  perf_event_release_kernel+0x77/0x370
[  300.203374]  ? __sanitizer_cov_trace_pc+0x25/0x60
[  300.203680]  ? perf_event_release_kernel+0x370/0x370
[  300.204004]  perf_release+0x22/0x30
[  300.204235]  __fput+0x10e/0x440
[  300.204444]  ____fput+0x1e/0x30
[  300.204652]  task_work_run+0xa6/0x100
[  300.204888]  do_exit+0x4d4/0x11f0
[  300.205109]  ? write_comp_data+0x2f/0x90
[  300.205359]  do_group_exit+0x58/0xe0
[  300.205601]  get_signal+0xf07/0xf10
[  300.205826]  ? __sanitizer_cov_trace_pc+0x25/0x60
[  300.206129]  ? write_comp_data+0x2f/0x90
[  300.206378]  arch_do_signal_or_restart+0x3b/0x7d0
[  300.206673]  ? __switch_to+0x11f/0x450
[  300.206912]  ? __schedule+0x2e6/0x8f0
[  300.207151]  exit_to_user_mode_prepare+0xdc/0x180
[  300.207468]  syscall_exit_to_user_mode+0x1f/0x30
[  300.207766]  do_syscall_64+0x4a/0x90
[  300.208007]  entry_SYSCALL_64_after_hwframe+0x63/0xcd
[  300.208332] RIP: 0033:0x7f8ef6c3d59d
[  300.208566] RSP: 002b:00007f8ef6b16ea8 EFLAGS: 00000246 ORIG_RAX: 00000000000000ca
[  300.209036] RAX: 0000000000000001 RBX: 0000000000000000 RCX: 00007f8ef6c3d59d
[  300.209475] RDX: 00000000000f4240 RSI: 0000000000000081 RDI: 000000000040514c
[  300.209916] RBP: 00007f8ef6b16ec0 R08: 0000000000000000 R09: 0000000000000000
[  300.210362] R10: 0000000000000000 R11: 0000000000000246 R12: 00007ffce50992be
[  300.210805] R13: 00007ffce50992bf R14: 00007ffce5099350 R15: 00007f8ef6b17700
[  300.211258]  </TASK>
[  300.211404] INFO: task repro:683 blocked for more than 147 seconds.
[  300.211794]       Not tainted 6.1.0-rc4-f0c4d9fc9cc9 #1
[  300.212119] "echo 0 > /proc/sys/kernel/hung_task_timeout_secs" disables this message.
[  300.212595] task:repro           state:D stack:0     pid:683   ppid:600    flags:0x00004004
[  300.213112] Call Trace:
[  300.213270]  <TASK>
[  300.213418]  __schedule+0x2de/0x8f0
[  300.213655]  schedule+0x5b/0xe0
[  300.213869]  schedule_preempt_disabled+0x1c/0x30
[  300.214181]  __mutex_lock.isra.17+0x480/0x710
[  300.214470]  ? __sanitizer_cov_trace_pc+0x25/0x60
[  300.214774]  __mutex_lock_slowpath+0x13/0x20
[  300.215051]  mutex_lock+0x30/0x40
[  300.215280]  __do_sys_perf_event_open+0xb46/0x19b0
[  300.215598]  __x64_sys_perf_event_open+0x2f/0x40
[  300.215901]  do_syscall_64+0x3b/0x90
[  300.216140]  entry_SYSCALL_64_after_hwframe+0x63/0xcd
[  300.216467] RIP: 0033:0x7f8ef6c3d59d
[  300.216699] RSP: 002b:00007f8ef6b16e98 EFLAGS: 00000246 ORIG_RAX: 000000000000012a
[  300.217170] RAX: ffffffffffffffda RBX: 0000000000000000 RCX: 00007f8ef6c3d59d
[  300.217612] RDX: 0000000000000000 RSI: 00000000ffffffff RDI: 0000000020000000
[  300.218058] RBP: 00007f8ef6b16ec0 R08: 0000000000000000 R09: 0000000000000000
[  300.218498] R10: 0000000000000003 R11: 0000000000000246 R12: 00007ffce50992be
[  300.218942] R13: 00007ffce50992bf R14: 00007ffce5099350 R15: 00007f8ef6b17700
[  300.219396]  </TASK>
[  300.219541] INFO: task repro:680 blocked for more than 147 seconds.
[  300.219926]       Not tainted 6.1.0-rc4-f0c4d9fc9cc9 #1
[  300.220249] "echo 0 > /proc/sys/kernel/hung_task_timeout_secs" disables this message.
[  300.220725] task:repro           state:D stack:0     pid:680   ppid:598    flags:0x00004002
[  300.221239] Call Trace:
[  300.221398]  <TASK>
[  300.221538]  __schedule+0x2de/0x8f0
[  300.221773]  ? kmem_cache_free_bulk.part.80+0x651/0x680
[  300.222112]  schedule+0x5b/0xe0
[  300.222328]  schedule_preempt_disabled+0x1c/0x30
[  300.222632]  __mutex_lock.isra.17+0x480/0x710
[  300.222914]  ? __sanitizer_cov_trace_pc+0x25/0x60
[  300.223229]  __mutex_lock_slowpath+0x13/0x20
[  300.223508]  mutex_lock+0x30/0x40
[  300.223728]  perf_event_ctx_lock_nested.isra.102+0xd4/0x190
[  300.224081]  perf_event_release_kernel+0x77/0x370
[  300.224387]  ? __sanitizer_cov_trace_pc+0x25/0x60
[  300.224691]  ? perf_event_release_kernel+0x370/0x370
[  300.225014]  perf_release+0x22/0x30
[  300.225248]  __fput+0x10e/0x440
[  300.225462]  ____fput+0x1e/0x30
[  300.225676]  task_work_run+0xa6/0x100
[  300.225918]  do_exit+0x4d4/0x11f0
[  300.226152]  ? write_comp_data+0x2f/0x90
[  300.226474]  do_group_exit+0x58/0xe0
[  300.226742]  get_signal+0xf07/0xf10
[  300.226973]  arch_do_signal_or_restart+0x3b/0x7d0
[  300.227284]  ? __sanitizer_cov_trace_pc+0x25/0x60
[  300.227589]  ? do_futex+0x1a2/0x2e0
[  300.227817]  ? write_comp_data+0x2f/0x90
[  300.228072]  ? __sanitizer_cov_trace_pc+0x25/0x60
[  300.228375]  exit_to_user_mode_prepare+0xdc/0x180
[  300.228682]  syscall_exit_to_user_mode+0x1f/0x30
[  300.228977]  do_syscall_64+0x4a/0x90
[  300.229213]  entry_SYSCALL_64_after_hwframe+0x63/0xcd
[  300.229536] RIP: 0033:0x7f8ef6c3d59d
[  300.229764] RSP: 002b:00007f8ef6b16ea8 EFLAGS: 00000246 ORIG_RAX: 00000000000000ca
[  300.230235] RAX: fffffffffffffe00 RBX: 0000000000000000 RCX: 00007f8ef6c3d59d
[  300.230682] RDX: 0000000000000000 RSI: 0000000000000080 RDI: 0000000000405148
[  300.231127] RBP: 00007f8ef6b16ec0 R08: 0000000000000000 R09: 0000000000000000
[  300.231583] R10: 0000000000000000 R11: 0000000000000246 R12: 00007ffce50992be
[  300.232031] R13: 00007ffce50992bf R14: 00007ffce5099350 R15: 00007f8ef6b17700
[  300.232480]  </TASK>
[  300.232629] INFO: task repro:690 blocked for more than 147 seconds.
[  300.233024]       Not tainted 6.1.0-rc4-f0c4d9fc9cc9 #1
[  300.233354] "echo 0 > /proc/sys/kernel/hung_task_timeout_secs" disables this message.
[  300.233833] task:repro           state:D stack:0     pid:690   ppid:590    flags:0x00000004
[  300.234360] Call Trace:
[  300.234522]  <TASK>
[  300.234665]  __schedule+0x2de/0x8f0
[  300.234904]  ? dequeue_entity+0x115/0x410
[  300.235174]  schedule+0x5b/0xe0
[  300.235402]  schedule_preempt_disabled+0x1c/0x30
[  300.235711]  __mutex_lock.isra.17+0x480/0x710
[  300.235998]  __mutex_lock_slowpath+0x13/0x20
[  300.236289]  mutex_lock+0x30/0x40
[  300.236517]  perf_event_ctx_lock_nested.isra.102+0xd4/0x190
[  300.236878]  perf_try_init_event+0x191/0x280
[  300.237158]  perf_event_alloc+0xe30/0x1850
[  300.237434]  ? __fget_light+0xb0/0x220
[  300.237685]  __do_sys_perf_event_open+0x3cb/0x19b0
[  300.238003]  ? write_comp_data+0x2f/0x90
[  300.238272]  __x64_sys_perf_event_open+0x2f/0x40
[  300.238580]  do_syscall_64+0x3b/0x90
[  300.238824]  entry_SYSCALL_64_after_hwframe+0x63/0xcd
[  300.239158] RIP: 0033:0x7f8ef6c3d59d
[  300.239404] RSP: 002b:00007f8ef6b16e98 EFLAGS: 00000246 ORIG_RAX: 000000000000012a
[  300.239885] RAX: ffffffffffffffda RBX: 0000000000000000 RCX: 00007f8ef6c3d59d
[  300.240333] RDX: 0000000000000000 RSI: 00000000ffffffff RDI: 0000000020000080
[  300.240781] RBP: 00007f8ef6b16ec0 R08: 0000000000000000 R09: 0000000000000000
[  300.241232] R10: 0000000000000003 R11: 0000000000000246 R12: 00007ffce50992be
[  300.241681] R13: 00007ffce50992bf R14: 00007ffce5099350 R15: 00007f8ef6b17700
[  300.242139]  </TASK>
[  300.242287] INFO: task repro:693 blocked for more than 147 seconds.
[  300.242682]       Not tainted 6.1.0-rc4-f0c4d9fc9cc9 #1
[  300.243014] "echo 0 > /proc/sys/kernel/hung_task_timeout_secs" disables this message.
[  300.243507] task:repro           state:D stack:0     pid:693   ppid:590    flags:0x00000004
[  300.244035] Call Trace:
[  300.244199]  <TASK>
[  300.244343]  __schedule+0x2de/0x8f0
[  300.244584]  schedule+0x5b/0xe0
[  300.244805]  schedule_preempt_disabled+0x1c/0x30
[  300.245115]  __mutex_lock.isra.17+0x480/0x710
[  300.245404]  __mutex_lock_slowpath+0x13/0x20
[  300.245686]  mutex_lock+0x30/0x40
[  300.245910]  perf_event_ctx_lock_nested.isra.102+0xd4/0x190
[  300.246281]  perf_try_init_event+0x191/0x280
[  300.246569]  perf_event_alloc+0xe30/0x1850
[  300.246841]  ? __fget_light+0xb0/0x220
[  300.247094]  __do_sys_perf_event_open+0x3cb/0x19b0
[  300.247425]  ? __sanitizer_cov_trace_pc+0x25/0x60
[  300.247742]  __x64_sys_perf_event_open+0x2f/0x40
[  300.248052]  do_syscall_64+0x3b/0x90
[  300.248298]  entry_SYSCALL_64_after_hwframe+0x63/0xcd
[  300.248632] RIP: 0033:0x7f8ef6c3d59d
[  300.248868] RSP: 002b:00007f8ef6af5e98 EFLAGS: 00000246 ORIG_RAX: 000000000000012a
[  300.249346] RAX: ffffffffffffffda RBX: 0000000000000000 RCX: 00007f8ef6c3d59d
[  300.249796] RDX: 0000000000000000 RSI: 00000000ffffffff RDI: 0000000020000000
[  300.250250] RBP: 00007f8ef6af5ec0 R08: 0000000000000000 R09: 0000000000000000
[  300.250702] R10: 0000000000000003 R11: 0000000000000246 R12: 00007ffce50992be
[  300.251152] R13: 00007ffce50992bf R14: 00007ffce5099350 R15: 00007f8ef6af6700
[  300.251614]  </TASK>
[  300.251765] INFO: task repro:691 blocked for more than 147 seconds.
[  300.252161]       Not tainted 6.1.0-rc4-f0c4d9fc9cc9 #1
[  300.252491] "echo 0 > /proc/sys/kernel/hung_task_timeout_secs" disables this message.
[  300.252977] task:repro           state:D stack:0     pid:691   ppid:596    flags:0x00004004
[  300.253499] Call Trace:
[  300.253662]  <TASK>
[  300.253807]  __schedule+0x2de/0x8f0
[  300.254046]  schedule+0x5b/0xe0
[  300.254279]  schedule_preempt_disabled+0x1c/0x30
[  300.254590]  __mutex_lock.isra.17+0x480/0x710
[  300.254880]  ? __sanitizer_cov_trace_pc+0x25/0x60
[  300.255192]  __mutex_lock_slowpath+0x13/0x20
[  300.255497]  mutex_lock+0x30/0x40
[  300.255720]  __do_sys_perf_event_open+0x108f/0x19b0
[  300.256043]  ? write_comp_data+0x2f/0x90
[  300.256317]  __x64_sys_perf_event_open+0x2f/0x40
[  300.256626]  do_syscall_64+0x3b/0x90
[  300.256870]  entry_SYSCALL_64_after_hwframe+0x63/0xcd
[  300.257202] RIP: 0033:0x7f8ef6c3d59d
[  300.257439] RSP: 002b:00007f8ef6b16e98 EFLAGS: 00000246 ORIG_RAX: 000000000000012a
[  300.257920] RAX: ffffffffffffffda RBX: 0000000000000000 RCX: 00007f8ef6c3d59d
[  300.258378] RDX: 0000000000000000 RSI: 00000000ffffffff RDI: 0000000020000000
[  300.258828] RBP: 00007f8ef6b16ec0 R08: 0000000000000000 R09: 0000000000000000
[  300.259289] R10: 00000000ffffffff R11: 0000000000000246 R12: 00007ffce50992be
[  300.259802] R13: 00007ffce50992bf R14: 00007ffce5099350 R15: 00007f8ef6b17700
[  300.260283]  </TASK>
[  300.260431] INFO: task repro:692 blocked for more than 147 seconds.
[  300.260829]       Not tainted 6.1.0-rc4-f0c4d9fc9cc9 #1
[  300.261162] "echo 0 > /proc/sys/kernel/hung_task_timeout_secs" disables this message.
[  300.261646] task:repro           state:D stack:0     pid:692   ppid:596    flags:0x00000004
[  300.262178] Call Trace:
[  300.262341]  <TASK>
[  300.262485]  __schedule+0x2de/0x8f0
[  300.262726]  schedule+0x5b/0xe0
[  300.262954]  schedule_preempt_disabled+0x1c/0x30
[  300.263273]  __mutex_lock.isra.17+0x480/0x710
[  300.263562]  ? __sanitizer_cov_trace_pc+0x25/0x60
[  300.263875]  __mutex_lock_slowpath+0x13/0x20
[  300.264155]  mutex_lock+0x30/0x40
[  300.264379]  __do_sys_perf_event_open+0x108f/0x19b0
[  300.264701]  ? __sanitizer_cov_trace_pc+0x25/0x60
[  300.265012]  __x64_sys_perf_event_open+0x2f/0x40
[  300.265320]  do_syscall_64+0x3b/0x90
[  300.265574]  entry_SYSCALL_64_after_hwframe+0x63/0xcd
[  300.265909] RIP: 0033:0x7f8ef6c3d59d
[  300.266153] RSP: 002b:00007f8ef6af5e98 EFLAGS: 00000246 ORIG_RAX: 000000000000012a
[  300.266631] RAX: ffffffffffffffda RBX: 0000000000000000 RCX: 00007f8ef6c3d59d
[  300.267081] RDX: 0000000000000000 RSI: 00000000ffffffff RDI: 0000000020000080
[  300.267537] RBP: 00007f8ef6af5ec0 R08: 0000000000000000 R09: 0000000000000000
[  300.267985] R10: ffffffffffffffff R11: 0000000000000246 R12: 00007ffce50992be
[  300.268436] R13: 00007ffce50992bf R14: 00007ffce5099350 R15: 00007f8ef6af6700
[  300.268888]  </TASK>
