c[?7l[2J[0mSeaBIOS (version rel-1.16.0-0-gd239552ce722-prebuilt.qemu.org)


iPXE (http://ipxe.org) 00:03.0 CA00 PCI2.10 PnP PMM+7FF91000+7FEF1000 CA00
Press Ctrl-B to configure iPXE (PCI 00:03.0)...                                                                               


Booting from ROM..c[?7l[2J[0m.[    0.000000] Linux version 5.11.0-f40ddce88593 (root@p-tglh01.sh.intel.com) (gcc (GCC) 8.5.0 20210514 (Red Hat 8.5.0-15), GNU ld version 2.36.1-2.el8) #1 SMP Sat Sep 24 13:59:40 CST 2022
[    0.000000] Command line: console=ttyS0 root=/dev/sda earlyprintk=serial net.ifnames=0
[    0.000000] KERNEL supported cpus:
[    0.000000]   Intel GenuineIntel
[    0.000000]   AMD AuthenticAMD
[    0.000000]   Hygon HygonGenuine
[    0.000000]   Centaur CentaurHauls
[    0.000000]   zhaoxin   Shanghai  
[    0.000000] x86/fpu: Supporting XSAVE feature 0x001: 'x87 floating point registers'
[    0.000000] x86/fpu: Supporting XSAVE feature 0x002: 'SSE registers'
[    0.000000] x86/fpu: Supporting XSAVE feature 0x004: 'AVX registers'
[    0.000000] x86/fpu: Supporting XSAVE feature 0x020: 'AVX-512 opmask'
[    0.000000] x86/fpu: Supporting XSAVE feature 0x040: 'AVX-512 Hi256'
[    0.000000] x86/fpu: Supporting XSAVE feature 0x080: 'AVX-512 ZMM_Hi256'
[    0.000000] x86/fpu: Supporting XSAVE feature 0x200: 'Protection Keys User registers'
[    0.000000] x86/fpu: xstate_offset[2]:  576, xstate_sizes[2]:  256
[    0.000000] x86/fpu: xstate_offset[5]:  832, xstate_sizes[5]:   64
[    0.000000] x86/fpu: xstate_offset[6]:  896, xstate_sizes[6]:  512
[    0.000000] x86/fpu: xstate_offset[7]: 1408, xstate_sizes[7]: 1024
[    0.000000] x86/fpu: xstate_offset[9]: 2432, xstate_sizes[9]:    8
[    0.000000] x86/fpu: Enabled xstate features 0x2e7, context size is 2440 bytes, using 'compacted' format.
[    0.000000] BIOS-provided physical RAM map:
[    0.000000] BIOS-e820: [mem 0x0000000000000000-0x000000000009fbff] usable
[    0.000000] BIOS-e820: [mem 0x000000000009fc00-0x000000000009ffff] reserved
[    0.000000] BIOS-e820: [mem 0x00000000000f0000-0x00000000000fffff] reserved
[    0.000000] BIOS-e820: [mem 0x0000000000100000-0x000000007ffdffff] usable
[    0.000000] BIOS-e820: [mem 0x000000007ffe0000-0x000000007fffffff] reserved
[    0.000000] BIOS-e820: [mem 0x00000000feffc000-0x00000000feffffff] reserved
[    0.000000] BIOS-e820: [mem 0x00000000fffc0000-0x00000000ffffffff] reserved
[    0.000000] printk: bootconsole [earlyser0] enabled
[    0.000000] NX (Execute Disable) protection: active
[    0.000000] SMBIOS 2.8 present.
[    0.000000] DMI: QEMU Standard PC (i440FX + PIIX, 1996), BIOS rel-1.16.0-0-gd239552ce722-prebuilt.qemu.org 04/01/2014
[    0.000000] Hypervisor detected: KVM
[    0.000000] kvm-clock: Using msrs 4b564d01 and 4b564d00
[    0.000000] kvm-clock: cpu 0, msr 4601001, primary cpu clock
[    0.000000] kvm-clock: using sched offset of 312913374 cycles
[    0.000575] clocksource: kvm-clock: mask: 0xffffffffffffffff max_cycles: 0x1cd42e4dffb, max_idle_ns: 881590591483 ns
[    0.002204] tsc: Detected 3110.400 MHz processor
[    0.009099] last_pfn = 0x7ffe0 max_arch_pfn = 0x400000000
[    0.009765] x86/PAT: Configuration [0-7]: WB  WC  UC- UC  WB  WP  UC- WT  
[    0.017439] found SMP MP-table at [mem 0x000f5ba0-0x000f5baf]
[    0.018873] check: Scanning 1 areas for low memory corruption
[    0.019468] Using GB pages for direct mapping
[    0.020728] ACPI: Early table checksum verification disabled
[    0.021275] ACPI: RSDP 0x00000000000F59C0 000014 (v00 BOCHS )
[    0.021840] ACPI: RSDT 0x000000007FFE1951 000034 (v01 BOCHS  BXPC     00000001 BXPC 00000001)
[    0.022718] ACPI: FACP 0x000000007FFE17FD 000074 (v01 BOCHS  BXPC     00000001 BXPC 00000001)
[    0.023595] ACPI: DSDT 0x000000007FFE0040 0017BD (v01 BOCHS  BXPC     00000001 BXPC 00000001)
[    0.024450] ACPI: FACS 0x000000007FFE0000 000040
[    0.024902] ACPI: APIC 0x000000007FFE1871 000080 (v01 BOCHS  BXPC     00000001 BXPC 00000001)
[    0.025723] ACPI: HPET 0x000000007FFE18F1 000038 (v01 BOCHS  BXPC     00000001 BXPC 00000001)
[    0.026544] ACPI: WAET 0x000000007FFE1929 000028 (v01 BOCHS  BXPC     00000001 BXPC 00000001)
[    0.028210] No NUMA configuration found
[    0.028585] Faking a node at [mem 0x0000000000000000-0x000000007ffdffff]
[    0.029293] NODE_DATA(0) allocated [mem 0x7ffb5000-0x7ffdffff]
[    0.032947] Zone ranges:
[    0.033276]   DMA      [mem 0x0000000000001000-0x0000000000ffffff]
[    0.034081]   DMA32    [mem 0x0000000001000000-0x000000007ffdffff]
[    0.034719]   Normal   empty
[    0.035003]   Device   empty
[    0.035288] Movable zone start for each node
[    0.035706] Early memory node ranges
[    0.036055]   node   0: [mem 0x0000000000001000-0x000000000009efff]
[    0.036642]   node   0: [mem 0x0000000000100000-0x000000007ffdffff]
[    0.037556] Zeroed struct page in unavailable ranges: 130 pages
[    0.037567] Initmem setup node 0 [mem 0x0000000000001000-0x000000007ffdffff]
[    0.043098] ACPI: PM-Timer IO Port: 0x608
[    0.043506] ACPI: LAPIC_NMI (acpi_id[0xff] dfl dfl lint[0x1])
[    0.044084] IOAPIC[0]: apic_id 0, version 17, address 0xfec00000, GSI 0-23
[    0.044737] ACPI: INT_SRC_OVR (bus 0 bus_irq 0 global_irq 2 dfl dfl)
[    0.045339] ACPI: INT_SRC_OVR (bus 0 bus_irq 5 global_irq 5 high level)
[    0.045999] ACPI: INT_SRC_OVR (bus 0 bus_irq 9 global_irq 9 high level)
[    0.046661] ACPI: INT_SRC_OVR (bus 0 bus_irq 10 global_irq 10 high level)
[    0.047342] ACPI: INT_SRC_OVR (bus 0 bus_irq 11 global_irq 11 high level)
[    0.048030] Using ACPI (MADT) for SMP configuration information
[    0.048577] ACPI: HPET id: 0x8086a201 base: 0xfed00000
[    0.049219] TSC deadline timer available
[    0.049598] smpboot: Allowing 2 CPUs, 0 hotplug CPUs
[    0.050123] kvm-guest: KVM setup pv remote TLB flush
[    0.050593] kvm-guest: setup PV sched yield
[    0.051010] PM: hibernation: Registered nosave memory: [mem 0x00000000-0x00000fff]
[    0.051713] PM: hibernation: Registered nosave memory: [mem 0x0009f000-0x0009ffff]
[    0.052482] PM: hibernation: Registered nosave memory: [mem 0x000a0000-0x000effff]
[    0.053216] PM: hibernation: Registered nosave memory: [mem 0x000f0000-0x000fffff]
[    0.053950] [mem 0x80000000-0xfeffbfff] available for PCI devices
[    0.054543] Booting paravirtualized kernel on KVM
[    0.055000] clocksource: refined-jiffies: mask: 0xffffffff max_cycles: 0xffffffff, max_idle_ns: 7645519600211568 ns
[    0.056023] setup_percpu: NR_CPUS:8192 nr_cpumask_bits:2 nr_cpu_ids:2 nr_node_ids:1
[    0.057016] percpu: Embedded 56 pages/cpu s192512 r8192 d28672 u1048576
[    0.058020] kvm-guest: KVM setup async PF for cpu 0
[    0.058506] kvm-guest: stealtime: cpu 0, msr 7dc2e080
[    0.058984] kvm-guest: PV spinlocks enabled
[    0.059386] PV qspinlock hash table entries: 256 (order: 0, 4096 bytes, linear)
[    0.060087] Built 1 zonelists, mobility grouping on.  Total pages: 515945
[    0.060781] Policy zone: DMA32
[    0.061199] Kernel command line: net.ifnames=0 console=ttyS0 root=/dev/sda earlyprintk=serial net.ifnames=0
[    0.062806] Dentry cache hash table entries: 262144 (order: 9, 2097152 bytes, linear)
[    0.063660] Inode-cache hash table entries: 131072 (order: 8, 1048576 bytes, linear)
[    0.064507] mem auto-init: stack:off, heap alloc:off, heap free:off
[    0.068415] Memory: 2002388K/2096632K available (28688K kernel code, 4244K rwdata, 7188K rodata, 3048K init, 10960K bss, 93988K reserved, 0K cma-reserved)
[    0.069718] random: get_random_u64 called from __kmem_cache_create+0x33/0x440 with crng_init=0
[    0.070056] SLUB: HWalign=64, Order=0-3, MinObjects=0, CPUs=2, Nodes=1
[    0.071457] kmemleak: Kernel memory leak detector disabled
[    0.071975] ftrace: allocating 61964 entries in 243 pages
[    0.158179] ftrace: allocated 243 pages with 6 groups
[    0.158792] rcu: Hierarchical RCU implementation.
[    0.159231] rcu: 	RCU restricting CPUs from NR_CPUS=8192 to nr_cpu_ids=2.
[    0.159863] 	Trampoline variant of Tasks RCU enabled.
[    0.160339] 	Rude variant of Tasks RCU enabled.
[    0.160760] 	Tracing variant of Tasks RCU enabled.
[    0.161202] rcu: RCU calculated value of scheduler-enlistment delay is 25 jiffies.
[    0.161901] rcu: Adjusting geometry for rcu_fanout_leaf=16, nr_cpu_ids=2
[    0.177173] NR_IRQS: 524544, nr_irqs: 440, preallocated irqs: 16
[    0.186491] Console: colour VGA+ 80x25
[    0.186883] printk: console [ttyS0] enabled
[    0.186883] printk: console [ttyS0] enabled
[    0.187667] printk: bootconsole [earlyser0] disabled
[    0.187667] printk: bootconsole [earlyser0] disabled
[    0.188622] ACPI: Core revision 20201113
[    0.189166] clocksource: hpet: mask: 0xffffffff max_cycles: 0xffffffff, max_idle_ns: 19112604467 ns
[    0.190160] APIC: Switch to symmetric I/O mode setup
[    0.190831] x2apic enabled
[    0.191309] Switched APIC routing to physical x2apic.
[    0.191799] kvm-guest: setup PV IPIs
[    0.193078] ..TIMER: vector=0x30 apic1=0 pin1=2 apic2=-1 pin2=-1
[    0.193678] clocksource: tsc-early: mask: 0xffffffffffffffff max_cycles: 0x2cd5a8bb032, max_idle_ns: 440795365915 ns
[    0.194702] Calibrating delay loop (skipped) preset value.. 6220.80 BogoMIPS (lpj=12441600)
[    0.195503] pid_max: default: 32768 minimum: 301
[    0.196015] LSM: Security Framework initializing
[    0.196491] Yama: becoming mindful.
[    0.196972] Mount-cache hash table entries: 4096 (order: 3, 32768 bytes, linear)
[    0.197687] Mountpoint-cache hash table entries: 4096 (order: 3, 32768 bytes, linear)
[    0.199242] x86/cpu: User Mode Instruction Prevention (UMIP) activated
[    0.200051] Last level iTLB entries: 4KB 0, 2MB 0, 4MB 0
[    0.200579] Last level dTLB entries: 4KB 0, 2MB 0, 4MB 0, 1GB 0
[    0.201151] Spectre V1 : Mitigation: usercopy/swapgs barriers and __user pointer sanitization
[    0.201960] Spectre V2 : Mitigation: Enhanced IBRS
[    0.202393] Spectre V2 : Spectre v2 / SpectreRSB mitigation: Filling RSB on context switch
[    0.202703] Spectre V2 : mitigation: Enabling conditional Indirect Branch Prediction Barrier
[    0.203458] Speculative Store Bypass: Mitigation: Speculative Store Bypass disabled via prctl and seccomp
[    0.204612] Freeing SMP alternatives memory: 52K
[    0.207828] smpboot: CPU0: Genuine Intel(R) CPU 0000 @ 2.20GHz (family: 0x6, model: 0x8d, stepping: 0x0)
[    0.208856] Performance Events: Icelake events, full-width counters, Intel PMU driver.
[    0.209609] ... version:                2
[    0.209973] ... bit width:              48
[    0.210343] ... generic registers:      8
[    0.210699] ... value mask:             0000ffffffffffff
[    0.210699] ... max period:             00007fffffffffff
[    0.210699] ... fixed-purpose events:   3
[    0.210702] ... event mask:             00000007000000ff
[    0.211328] rcu: Hierarchical SRCU implementation.
[    0.213552] smp: Bringing up secondary CPUs ...
[    0.214122] x86: Booting SMP configuration:
[    0.214515] .... node  #0, CPUs:      #1
[    0.012653] kvm-clock: cpu 1, msr 4601041, secondary cpu clock
[    0.215363] kvm-guest: KVM setup async PF for cpu 1
[    0.215725] kvm-guest: stealtime: cpu 1, msr 7dd2e080
[    0.216211] smp: Brought up 1 node, 2 CPUs
[    0.216211] smpboot: Max logical packages: 1
[    0.216211] smpboot: Total of 2 processors activated (12441.60 BogoMIPS)
[    0.218738] devtmpfs: initialized
[    0.219153] x86/mm: Memory block size: 128MB
[    0.219550] clocksource: jiffies: mask: 0xffffffff max_cycles: 0xffffffff, max_idle_ns: 7645041785100000 ns
[    0.219871] futex hash table entries: 512 (order: 3, 32768 bytes, linear)
[    0.220564] pinctrl core: initialized pinctrl subsystem
[    0.221222] 
[    0.221370] *************************************************************
[    0.222708] **     NOTICE NOTICE NOTICE NOTICE NOTICE NOTICE NOTICE    **
[    0.223318] **                                                         **
[    0.223927] **  IOMMU DebugFS SUPPORT HAS BEEN ENABLED IN THIS KERNEL  **
[    0.224535] **                                                         **
[    0.225144] ** This means that this kernel is built to expose internal **
[    0.225753] ** IOMMU data structures, which may compromise security on **
[    0.226379] ** your system.                                            **
[    0.226702] **                                                         **
[    0.227312] ** If you see this message and you are not debugging the   **
[    0.227924] ** kernel, report this immediately to your vendor!         **
[    0.228534] **                                                         **
[    0.229144] **     NOTICE NOTICE NOTICE NOTICE NOTICE NOTICE NOTICE    **
[    0.229754] *************************************************************
[    0.230423] PM: RTC time: 18:15:59, date: 2022-11-15
[    0.231734] NET: Registered protocol family 16
[    0.232454] DMA: preallocated 256 KiB GFP_KERNEL pool for atomic allocations
[    0.233099] DMA: preallocated 256 KiB GFP_KERNEL|GFP_DMA pool for atomic allocations
[    0.233812] DMA: preallocated 256 KiB GFP_KERNEL|GFP_DMA32 pool for atomic allocations
[    0.234545] audit: initializing netlink subsys (disabled)
[    0.234726] audit: type=2000 audit(1668536159.943:1): state=initialized audit_enabled=0 res=1
[    0.235048] thermal_sys: Registered thermal governor 'fair_share'
[    0.235497] thermal_sys: Registered thermal governor 'bang_bang'
[    0.236062] thermal_sys: Registered thermal governor 'step_wise'
[    0.238708] thermal_sys: Registered thermal governor 'user_space'
[    0.239275] cpuidle: using governor ladder
[    0.240204] cpuidle: using governor menu
[    0.240780] ACPI: bus type PCI registered
[    0.241155] acpiphp: ACPI Hot Plug PCI Controller Driver version: 0.5
[    0.241914] PCI: Using configuration type 1 for base access
[    0.249610] HugeTLB registered 1.00 GiB page size, pre-allocated 0 pages
[    0.249610] HugeTLB registered 2.00 MiB page size, pre-allocated 0 pages
[    0.250911] ACPI: Added _OSI(Module Device)
[    0.251291] ACPI: Added _OSI(Processor Device)
[    0.251711] ACPI: Added _OSI(3.0 _SCP Extensions)
[    0.252151] ACPI: Added _OSI(Processor Aggregator Device)
[    0.254711] ACPI: Added _OSI(Linux-Dell-Video)
[    0.255132] ACPI: Added _OSI(Linux-Lenovo-NV-HDMI-Audio)
[    0.255629] ACPI: Added _OSI(Linux-HPI-Hybrid-Graphics)
[    0.260363] ACPI: 1 ACPI AML tables successfully acquired and loaded
[    0.263388] ACPI: Interpreter enabled
[    0.263792] ACPI: (supports S0 S3 S4 S5)
[    0.264153] ACPI: Using IOAPIC for interrupt routing
[    0.264628] PCI: Using host bridge windows from ACPI; if necessary, use "pci=nocrs" and report a bug
[    0.265958] ACPI: Enabled 2 GPEs in block 00 to 0F
[    0.277855] ACPI: PCI Root Bridge [PCI0] (domain 0000 [bus 00-ff])
[    0.278438] acpi PNP0A03:00: _OSC: OS supports [ASPM ClockPM Segments MSI EDR HPX-Type3]
[    0.278741] acpi PNP0A03:00: fail to add MMCONFIG information, can't access extended PCI configuration space under this bridge.
[    0.281128] acpiphp: Slot [3] registered
[    0.281731] acpiphp: Slot [4] registered
[    0.282164] acpiphp: Slot [5] registered
[    0.282594] acpiphp: Slot [6] registered
[    0.282774] acpiphp: Slot [7] registered
[    0.283186] acpiphp: Slot [8] registered
[    0.283600] acpiphp: Slot [9] registered
[    0.284011] acpiphp: Slot [10] registered
[    0.284429] acpiphp: Slot [11] registered
[    0.284846] acpiphp: Slot [12] registered
[    0.285264] acpiphp: Slot [13] registered
[    0.285682] acpiphp: Slot [14] registered
[    0.286108] acpiphp: Slot [15] registered
[    0.286530] acpiphp: Slot [16] registered
[    0.286754] acpiphp: Slot [17] registered
[    0.287173] acpiphp: Slot [18] registered
[    0.287603] acpiphp: Slot [19] registered
[    0.288023] acpiphp: Slot [20] registered
[    0.288441] acpiphp: Slot [21] registered
[    0.288860] acpiphp: Slot [22] registered
[    0.289280] acpiphp: Slot [23] registered
[    0.289698] acpiphp: Slot [24] registered
[    0.290122] acpiphp: Slot [25] registered
[    0.290541] acpiphp: Slot [26] registered
[    0.290757] acpiphp: Slot [27] registered
[    0.291182] acpiphp: Slot [28] registered
[    0.291603] acpiphp: Slot [29] registered
[    0.292024] acpiphp: Slot [30] registered
[    0.292444] acpiphp: Slot [31] registered
[    0.292843] PCI host bridge to bus 0000:00
[    0.293221] pci_bus 0000:00: root bus resource [io  0x0000-0x0cf7 window]
[    0.293847] pci_bus 0000:00: root bus resource [io  0x0d00-0xffff window]
[    0.294463] pci_bus 0000:00: root bus resource [mem 0x000a0000-0x000bffff window]
[    0.294705] pci_bus 0000:00: root bus resource [mem 0x80000000-0xfebfffff window]
[    0.295385] pci_bus 0000:00: root bus resource [mem 0x100000000-0x17fffffff window]
[    0.296078] pci_bus 0000:00: root bus resource [bus 00-ff]
[    0.296624] pci 0000:00:00.0: [8086:1237] type 00 class 0x060000
[    0.298690] pci 0000:00:01.0: [8086:7000] type 00 class 0x060100
[    0.300031] pci 0000:00:01.1: [8086:7010] type 00 class 0x010180
[    0.302124] pci 0000:00:01.1: reg 0x20: [io  0xc040-0xc04f]
[    0.303266] pci 0000:00:01.1: legacy IDE quirk: reg 0x10: [io  0x01f0-0x01f7]
[    0.303909] pci 0000:00:01.1: legacy IDE quirk: reg 0x14: [io  0x03f6]
[    0.304505] pci 0000:00:01.1: legacy IDE quirk: reg 0x18: [io  0x0170-0x0177]
[    0.305141] pci 0000:00:01.1: legacy IDE quirk: reg 0x1c: [io  0x0376]
[    0.306180] pci 0000:00:01.3: [8086:7113] type 00 class 0x068000
[    0.307025] pci 0000:00:01.3: quirk: [io  0x0600-0x063f] claimed by PIIX4 ACPI
[    0.307692] pci 0000:00:01.3: quirk: [io  0x0700-0x070f] claimed by PIIX4 SMB
[    0.309058] pci 0000:00:02.0: [1234:1111] type 00 class 0x030000
[    0.310593] pci 0000:00:02.0: reg 0x10: [mem 0xfd000000-0xfdffffff pref]
[    0.311779] pci 0000:00:02.0: reg 0x18: [mem 0xfebf0000-0xfebf0fff]
[    0.314621] pci 0000:00:02.0: reg 0x30: [mem 0xfebe0000-0xfebeffff pref]
[    0.316059] pci 0000:00:03.0: [8086:100e] type 00 class 0x020000
[    0.317425] pci 0000:00:03.0: reg 0x10: [mem 0xfebc0000-0xfebdffff]
[    0.318704] pci 0000:00:03.0: reg 0x14: [io  0xc000-0xc03f]
[    0.322272] pci 0000:00:03.0: reg 0x30: [mem 0xfeb80000-0xfebbffff pref]
[    0.332551] ACPI: PCI Interrupt Link [LNKA] (IRQs 5 *10 11)
[    0.333393] ACPI: PCI Interrupt Link [LNKB] (IRQs 5 *10 11)
[    0.334223] ACPI: PCI Interrupt Link [LNKC] (IRQs 5 10 *11)
[    0.335008] ACPI: PCI Interrupt Link [LNKD] (IRQs 5 10 *11)
[    0.335690] ACPI: PCI Interrupt Link [LNKS] (IRQs *9)
[    0.336859] iommu: Default domain type: Translated 
[    0.336859] pci 0000:00:02.0: vgaarb: setting as boot VGA device
[    0.336859] pci 0000:00:02.0: vgaarb: VGA device added: decodes=io+mem,owns=io+mem,locks=none
[    0.336859] pci 0000:00:02.0: vgaarb: bridge control possible
[    0.336859] vgaarb: loaded
[    0.337273] SCSI subsystem initialized
[    0.338794] ACPI: bus type USB registered
[    0.339244] usbcore: registered new interface driver usbfs
[    0.339776] usbcore: registered new interface driver hub
[    0.340288] usbcore: registered new device driver usb
[    0.340819] pps_core: LinuxPPS API ver. 1 registered
[    0.342753] pps_core: Software ver. 5.3.6 - Copyright 2005-2007 Rodolfo Giometti <giometti@linux.it>
[    0.343630] PTP clock support registered
[    0.344045] EDAC MC: Ver: 3.0.0
[    0.344045] NetLabel: Initializing
[    0.344045] NetLabel:  domain hash size = 128
[    0.344045] NetLabel:  protocols = UNLABELED CIPSOv4 CALIPSO
[    0.344087] NetLabel:  unlabeled traffic allowed by default
[    0.346733] PCI: Using ACPI for IRQ routing
[    0.347219] hpet0: at MMIO 0xfed00000, IRQs 2, 8, 0
[    0.347356] hpet0: 3 comparators, 64-bit 100.000000 MHz counter
[    0.351745] clocksource: Switched to clocksource kvm-clock
[    0.383919] VFS: Disk quotas dquot_6.6.0
[    0.384336] VFS: Dquot-cache hash table entries: 512 (order 0, 4096 bytes)
[    0.385281] pnp: PnP ACPI init
[    0.386998] pnp: PnP ACPI: found 6 devices
[    0.395060] clocksource: acpi_pm: mask: 0xffffff max_cycles: 0xffffff, max_idle_ns: 2085701024 ns
[    0.396116] NET: Registered protocol family 2
[    2.851525] tcp_listen_portaddr_hash hash table entries: 1024 (order: 2, 16384 bytes, linear)
[    2.852833] TCP established hash table entries: 16384 (order: 5, 131072 bytes, linear)
[    2.854255] TCP bind hash table entries: 16384 (order: 6, 262144 bytes, linear)
[    2.855763] TCP: Hash tables configured (established 16384 bind 16384)
[    2.856784] UDP hash table entries: 1024 (order: 3, 32768 bytes, linear)
[    2.857824] UDP-Lite hash table entries: 1024 (order: 3, 32768 bytes, linear)
[    2.859044] NET: Registered protocol family 1
[    2.860041] RPC: Registered named UNIX socket transport module.
[    2.860816] RPC: Registered udp transport module.
[    2.861410] RPC: Registered tcp transport module.
[    2.862009] RPC: Registered tcp NFSv4.1 backchannel transport module.
[    2.862848] pci_bus 0000:00: resource 4 [io  0x0000-0x0cf7 window]
[    2.863631] pci_bus 0000:00: resource 5 [io  0x0d00-0xffff window]
[    2.864410] pci_bus 0000:00: resource 6 [mem 0x000a0000-0x000bffff window]
[    2.865276] pci_bus 0000:00: resource 7 [mem 0x80000000-0xfebfffff window]
[    2.866147] pci_bus 0000:00: resource 8 [mem 0x100000000-0x17fffffff window]
[    2.867192] pci 0000:00:01.0: PIIX3: Enabling Passive Release
[    2.867797] pci 0000:00:00.0: Limiting direct PCI/PCI transfers
[    2.868425] pci 0000:00:01.0: Activating ISA DMA hang workarounds
[    2.869155] pci 0000:00:02.0: Video device with shadowed ROM at [mem 0x000c0000-0x000dffff]
[    2.870044] PCI: CLS 0 bytes, default 64
[    2.870728] clocksource: tsc: mask: 0xffffffffffffffff max_cycles: 0x2cd5a8bb032, max_idle_ns: 440795365915 ns
[    2.872414] check: Scanning for low memory corruption every 60 seconds
[    2.875890] Initialise system trusted keyrings
[    2.876608] Key type blacklist registered
[    2.877284] workingset: timestamp_bits=36 max_order=19 bucket_order=0
[    2.882664] zbud: loaded
[    2.883773] squashfs: version 4.0 (2009/01/31) Phillip Lougher
[    2.885262] NFS: Registering the id_resolver key type
[    2.885926] Key type id_resolver registered
[    2.886453] Key type id_legacy registered
[    2.887030] nfs4filelayout_init: NFSv4 File Layout Driver Registering...
[    2.887967] fuse: init (API version 7.33)
[    2.888660] SGI XFS with ACLs, security attributes, realtime, quota, no debug enabled
[    2.890403] 9p: Installing v9fs 9p2000 file system support
[    2.900525] Key type asymmetric registered
[    2.901158] Asymmetric key parser 'x509' registered
[    2.901911] Block layer SCSI generic (bsg) driver version 0.4 loaded (major 244)
[    2.903065] io scheduler mq-deadline registered
[    2.903707] io scheduler bfq registered
[    2.904448] shpchp: Standard Hot Plug PCI Controller Driver version: 0.4
[    2.905443] IPMI message handler: version 39.2
[    2.906034] ipmi device interface
[    2.907422] input: Power Button as /devices/LNXSYSTM:00/LNXPWRBN:00/input/input0
[    2.908422] ACPI: Power Button [PWRF]
[    2.909627] ERST DBG: ERST support is disabled.
[    2.910800] Serial: 8250/16550 driver, 32 ports, IRQ sharing enabled
[    2.912294] 00:04: ttyS0 at I/O 0x3f8 (irq = 4, base_baud = 115200) is a 16550A
[    2.921636] Linux agpgart interface v0.103
[    2.930076] brd: module loaded
[    2.935125] loop: module loaded
[    2.937711] scsi host0: ata_piix
[    2.938333] scsi host1: ata_piix
[    2.938765] ata1: PATA max MWDMA2 cmd 0x1f0 ctl 0x3f6 bmdma 0xc040 irq 14
[    2.939468] ata2: PATA max MWDMA2 cmd 0x170 ctl 0x376 bmdma 0xc048 irq 15
[    2.941148] libphy: Fixed MDIO Bus: probed
[    2.941763] tun: Universal TUN/TAP device driver, 1.6
[    2.942387] e100: Intel(R) PRO/100 Network Driver
[    2.942884] e100: Copyright(c) 1999-2006 Intel Corporation
[    2.943473] e1000: Intel(R) PRO/1000 Network Driver
[    2.943969] e1000: Copyright (c) 1999-2006 Intel Corporation.
[    3.042992] PCI Interrupt Link [LNKC] enabled at IRQ 11
[    3.099339] ata2.00: ATAPI: QEMU DVD-ROM, 2.5+, max UDMA/100
[    3.100988] ata1.00: ATA-7: QEMU HARDDISK, 2.5+, max UDMA/100
[    3.101580] ata1.00: 16777216 sectors, multi 16: LBA48 
[    3.102821] scsi 0:0:0:0: Direct-Access     ATA      QEMU HARDDISK    2.5+ PQ: 0 ANSI: 5
[    3.103974] scsi 0:0:0:0: Attached scsi generic sg0 type 0
[    3.104790] sd 0:0:0:0: [sda] 16777216 512-byte logical blocks: (8.59 GB/8.00 GiB)
[    3.105255] scsi 1:0:0:0: CD-ROM            QEMU     QEMU DVD-ROM     2.5+ PQ: 0 ANSI: 5
[    3.105654] sd 0:0:0:0: [sda] Write Protect is off
[    3.107106] sd 0:0:0:0: [sda] Write cache: enabled, read cache: enabled, doesn't support DPO or FUA
[    3.107342] scsi 1:0:0:0: Attached scsi generic sg1 type 5
[    3.113350] sd 0:0:0:0: [sda] Attached SCSI disk
[    3.373992] e1000 0000:00:03.0 eth0: (PCI:33MHz:32-bit) 52:54:00:12:34:56
[    3.374685] e1000 0000:00:03.0 eth0: Intel(R) PRO/1000 Network Connection
[    3.375438] e1000e: Intel(R) PRO/1000 Network Driver
[    3.375937] e1000e: Copyright(c) 1999 - 2015 Intel Corporation.
[    3.376580] igb: Intel(R) Gigabit Ethernet Network Driver
[    3.377122] igb: Copyright (c) 2007-2014 Intel Corporation.
[    3.377755] PPP generic driver version 2.4.2
[    3.378388] VFIO - User Level meta-driver version: 0.3
[    3.378956] ehci_hcd: USB 2.0 'Enhanced' Host Controller (EHCI) Driver
[    3.379617] ehci-pci: EHCI PCI platform driver
[    3.380083] ehci-platform: EHCI generic platform driver
[    3.380620] ohci_hcd: USB 1.1 'Open' Host Controller (OHCI) Driver
[    3.381239] ohci-pci: OHCI PCI platform driver
[    3.381705] ohci-platform: OHCI generic platform driver
[    3.382247] uhci_hcd: USB Universal Host Controller Interface driver
[    3.383085] usbcore: registered new interface driver uas
[    3.383669] usbcore: registered new interface driver usb-storage
[    3.384368] i8042: PNP: PS/2 Controller [PNP0303:KBD,PNP0f13:MOU] at 0x60,0x64 irq 1,12
[    3.385836] serio: i8042 KBD port at 0x60,0x64 irq 1
[    3.386336] serio: i8042 AUX port at 0x60,0x64 irq 12
[    3.387220] mousedev: PS/2 mouse device common for all mice
[    3.388205] input: AT Translated Set 2 keyboard as /devices/platform/i8042/serio0/input/input1
[    3.389563] rtc_cmos 00:05: RTC can wake from S4
[    3.390296] input: VirtualPS/2 VMware VMMouse as /devices/platform/i8042/serio1/input/input4
[    3.391611] rtc_cmos 00:05: registered as rtc0
[    3.392148] rtc_cmos 00:05: setting system clock to 2022-11-15T18:16:02 UTC (1668536162)
[    3.392190] input: VirtualPS/2 VMware VMMouse as /devices/platform/i8042/serio1/input/input3
[    3.393895] rtc_cmos 00:05: alarms up to one day, y3k, 242 bytes nvram, hpet irqs
[    3.394674] i2c /dev entries driver
[    3.395135] device-mapper: uevent: version 1.0.3
[    3.395752] device-mapper: ioctl: 4.43.0-ioctl (2020-10-01) initialised: dm-devel@redhat.com
[    3.396601] intel_pstate: CPU model not supported
[    3.397138] sdhci: Secure Digital Host Controller Interface driver
[    3.397757] sdhci: Copyright(c) Pierre Ossman
[    3.398266] sdhci-pltfm: SDHCI platform and OF driver helper
[    3.398928] ledtrig-cpu: registered to indicate activity on CPUs
[    3.399612] drop_monitor: Initializing network drop monitor service
[    3.400575] NET: Registered protocol family 10
[    3.402134] Segment Routing with IPv6
[    3.402535] NET: Registered protocol family 17
[    3.403142] 9pnet: Installing 9P2000 support
[    3.403625] Key type dns_resolver registered
[    3.404562] IPI shorthand broadcast: enabled
[    3.405019] sched_clock: Marking stable (3395726624, 8653109)->(3410671190, -6291457)
[    3.405957] registered taskstats version 1
[    3.406392] Loading compiled-in X.509 certificates
[    3.407104] zswap: loaded using pool lzo/zbud
[    3.407817] Key type ._fscrypt registered
[    3.408237] Key type .fscrypt registered
[    3.408635] Key type fscrypt-provisioning registered
[    3.409485] Key type encrypted registered
[    3.409918] ima: No TPM chip found, activating TPM-bypass!
[    3.410470] ima: Allocated hash algorithm: sha1
[    3.410954] ima: No architecture policies found
[    3.411430] evm: Initialising EVM extended attributes:
[    3.411940] evm: security.selinux
[    3.412275] evm: security.SMACK64
[    3.412610] evm: security.SMACK64EXEC
[    3.412983] evm: security.SMACK64TRANSMUTE
[    3.413393] evm: security.SMACK64MMAP
[    3.413770] evm: security.apparmor
[    3.414128] evm: security.ima
[    3.414423] evm: security.capability
[    3.414801] evm: HMAC attrs: 0x1
[    3.416959] PM:   Magic number: 14:786:291
[    3.417452] tty tty24: hash matches
[    3.418038] RAS: Correctable Errors collector initialized.
[    3.418892] md: Waiting for all devices to be available before autodetect
[    3.419579] md: If you don't use raid, use raid=noautodetect
[    3.420155] md: Autodetecting RAID arrays.
[    3.420574] md: autorun ...
[    3.420865] md: ... autorun DONE.
[    3.423134] EXT4-fs (sda): INFO: recovery required on readonly filesystem
[    3.423827] EXT4-fs (sda): write access will be enabled during recovery
[    3.488485] EXT4-fs (sda): recovery complete
[    3.509941] EXT4-fs (sda): mounted filesystem with ordered data mode. Opts: (null). Quota mode: none.
[    3.510927] VFS: Mounted root (ext4 filesystem) readonly on device 8:0.
[    3.511954] devtmpfs: mounted
[    3.520060] Freeing unused decrypted memory: 2036K
[    3.521978] Freeing unused kernel image (initmem) memory: 3048K
[    3.522569] Write protecting the kernel read-only data: 38912k
[    3.525290] Freeing unused kernel image (text/rodata gap) memory: 2028K
[    3.526575] Freeing unused kernel image (rodata/data gap) memory: 1004K
[    3.635797] x86/mm: Checked W+X mappings: passed, no W+X pages found.
[    3.636479] Run /sbin/init as init process
[    3.639103] random: fast init done
[    3.708067] systemd[1]: RTC configured in localtime, applying delta of 0 minutes to system time.
[    3.723789] systemd[1]: systemd 239 (239-49.el8) running in system mode. (+PAM +AUDIT +SELINUX +IMA -APPARMOR +SMACK +SYSVINIT +UTMP +LIBCRYPTSETUP +GCRYPT +GNUTLS +ACL +XZ +LZ4 +SECCOMP +BLKID +ELFUTILS +KMOD +IDN2 -IDN +PCRE2 default-hierarchy=legacy)
[    3.726069] systemd[1]: Detected virtualization kvm.
[    3.726568] systemd[1]: Detected architecture x86-64.

Welcome to [0;31mCentOS Stream 8[0m!

[    3.749675] systemd[1]: Set hostname to <test>.
[    3.850821] random: lvmconfig: uninitialized urandom read (4 bytes read)
[    3.928719] random: systemd: uninitialized urandom read (16 bytes read)
[    3.931195] systemd[1]: Created slice system-sshd\x2dkeygen.slice.
[[0;32m  OK  [0m] Created slice system-sshd\x2dkeygen.slice.
[    3.932474] random: systemd: uninitialized urandom read (16 bytes read)
[    3.933364] systemd[1]: Listening on RPCbind Server Activation Socket.
[[0;32m  OK  [0m] Listening on RPCbind Server Activation Socket.
[    3.934613] systemd[1]: Reached target RPC Port Mapper.
[[0;32m  OK  [0m] Reached target RPC Port Mapper.
[    3.935921] systemd[1]: Set up automount Arbitrary Executable File Formats File System Automount Point.
[[0;32m  OK  [0m] Set up automount Arbitrary Executabâ€¦rmats File System Automount Point.
[    3.937795] systemd[1]: Listening on Journal Socket (/dev/log).
[[0;32m  OK  [0m] Listening on Journal Socket (/dev/log).
[    3.943190] systemd[1]: Listening on Process Core Dump Socket.
[[0;32m  OK  [0m] Listening on Process Core Dump Socket.
[[0;32m  OK  [0m] Created slice system-getty.slice.
[[0;32m  OK  [0m] Started Forward Password Requests to Wall Directory Watch.
[[0;32m  OK  [0m] Listening on Device-mapper event daemon FIFOs.
[[0;32m  OK  [0m] Listening on udev Kernel Socket.
[[0;32m  OK  [0m] Listening on multipathd control socket.
[[0;32m  OK  [0m] Created slice User and Session Slice.
[[0;32m  OK  [0m] Reached target Slices.
[[0;32m  OK  [0m] Listening on udev Control Socket.
[[0;32m  OK  [0m] Listening on Journal Socket.
         Starting Load Kernel Modules...
         Starting Journal Service...
         Starting Setup Virtual Console...
         Mounting POSIX Message Queue File System...
         Starting Monitoring of LVM2 mirrorsâ€¦ng dmeventd or progress polling...
         Mounting Huge Pages File System...
         Starting udev Coldplug all Devices...
         Starting Remount Root and Kernel File Systems...
         Mounting Kernel Debug File System...
[[0;32m  OK  [0m] Created slice system-serial\x2dgetty.slice.
[[0;32m  OK  [0m] Listening on initctl Compatibility Named Pipe.
[[0;32m  OK  [0m] Reached target Swap.
[[0;32m  OK  [0m] Listening on LVM2 poll daemon socket.
[    4.139550] EXT4-fs (sda): re-mounted. Opts: (null). Quota mode: none.
[[0;32m  OK  [0m] Started Journal Service.
[[0;1;31mFAILED[0m] Failed to start Load Kernel Modules.
See 'systemctl status systemd-modules-load.service' for details.
[[0;32m  OK  [0m] Mounted POSIX Message Queue File System.
[[0;32m  OK  [0m] Mounted Huge Pages File System.
[[0;32m  OK  [0m] Started Remount Root and Kernel File Systems.
[[0;32m  OK  [0m] Mounted Kernel Debug File System.
         Starting Create Static Device Nodes in /dev...
         Starting Load/Save Random Seed...
         Starting Apply Kernel Variables...
         Mounting Kernel Configuration File System...
         Mounting FUSE Control File System...
         Starting Flush Journal to Persistent Storage...
[[0;32m  OK  [0m] Started Create Static Device Nodes in /dev.
[[0;32m  OK  [0m] Started Load/Save Random Seed.
[[0;32m  OK  [0m] Started Apply Kernel Variables.
[[0;32m  OK  [0m] Started udev Coldplug all Devices.
[[0;32m  OK  [0m] Mounted Kernel Configuration File System.
[[0;32m  OK  [0m] Mounted FUSE Control File System.
[[0;32m  OK  [0m] Started Setup Virtual Console.
         Starting udev Wait for Complete Device Initialization...
         Starting udev Kernel Device Manager...
[[0;32m  OK  [0m] Started Flush Journal to Persistent Storage.
[[0;32m  OK  [0m] Started udev Kernel Device Manager.
         Starting Show Plymouth Boot Screen...
[[0;32m  OK  [0m] Started Show Plymouth Boot Screen.
[[0;32m  OK  [0m] Reached target Paths.
[[0;32m  OK  [0m] Reached target Local Encrypted Volumes.
[[0;32m  OK  [0m] Started Forward Password Requests to Plymouth Directory Watch.
[[0;32m  OK  [0m] Found device /dev/ttyS0.
[[0;32m  OK  [0m] Listening on Load/Save RF Kill Switch Status /dev/rfkill Watch.
[[0;32m  OK  [0m] Started Monitoring of LVM2 mirrors,â€¦sing dmeventd or progress polling.
[[0;32m  OK  [0m] Started udev Wait for Complete Device Initialization.
[[0;32m  OK  [0m] Reached target Local File Systems (Pre).
[[0;32m  OK  [0m] Reached target Local File Systems.
         Starting Restore /run/initramfs on shutdown...
         Starting Tell Plymouth To Write Out Runtime Data...
         Starting Create Volatile Files and Directories...
[[0;32m  OK  [0m] Started Restore /run/initramfs on shutdown.
[[0;32m  OK  [0m] Started Tell Plymouth To Write Out Runtime Data.
[[0;32m  OK  [0m] Started Create Volatile Files and Directories.
         Mounting RPC Pipe File System...
         Starting Security Auditing Service...
         Starting RPC Bind...
[[0;32m  OK  [0m] Mounted RPC Pipe File System.
[[0;32m  OK  [0m] Reached target rpc_pipefs.target.
[[0;32m  OK  [0m] Started RPC Bind.
[[0;32m  OK  [0m] Started Security Auditing Service.
         Starting Update UTMP about System Boot/Shutdown...
[[0;32m  OK  [0m] Started Update UTMP about System Boot/Shutdown.
[[0;32m  OK  [0m] Reached target System Initialization.
[[0;32m  OK  [0m] Started Daily Cleanup of Temporary Directories.
[[0;32m  OK  [0m] Listening on D-Bus System Message Bus Socket.
[[0;32m  OK  [0m] Started dnf makecache --timer.
[[0;32m  OK  [0m] Listening on SSSD Kerberos Cache Manager responder socket.
[[0;32m  OK  [0m] Reached target Sockets.
[[0;32m  OK  [0m] Started daily update of the root trust anchor for DNSSEC.
[[0;32m  OK  [0m] Reached target Timers.
[[0;32m  OK  [0m] Reached target Basic System.
[[0;32m  OK  [0m] Started irqbalance daemon.
         Starting NTP client/server...
         Starting Auto-connect to subsystemsâ€¦-NVME devices found during boot...
         Starting Authorization Manager...
[[0;32m  OK  [0m] Started Machine Check Exception Logging Daemon.
[[0;32m  OK  [0m] Started D-Bus System Message Bus.
         Starting Network Manager...
         Starting Self Monitoring and Reporting Technology (SMART) Daemon...
         Starting Login Service...
[[0;32m  OK  [0m] Reached target sshd-keygen.target.
[[0;32m  OK  [0m] Started Auto-connect to subsystems â€¦FC-NVME devices found during boot.
         Starting update of the root trust aâ€¦or DNSSEC validation in unbound...
[[0;32m  OK  [0m] Started NTP client/server.
[[0;32m  OK  [0m] Started Self Monitoring and Reporting Technology (SMART) Daemon.
[[0;32m  OK  [0m] Started Network Manager.
[[0;32m  OK  [0m] Reached target Network.
         Starting Dynamic System Tuning Daemon...
         Starting GSSAPI Proxy Daemon...
         Starting OpenSSH server daemon...
         Starting Network Manager Wait Online...
[[0;32m  OK  [0m] Started Login Service.
         Starting Hostname Service...
[[0;32m  OK  [0m] Started Authorization Manager.
[[0;32m  OK  [0m] Started Hostname Service.
         Starting Network Manager Script Dispatcher Service...
[[0;32m  OK  [0m] Started Network Manager Script Dispatcher Service.
[    5.454854] e1000: eth0 NIC Link is Up 1000 Mbps Full Duplex, Flow Control: RX
[    5.456030] IPv6: ADDRCONF(NETDEV_CHANGE): eth0: link becomes ready
[[0;32m  OK  [0m] Started Dynamic System Tuning Daemon.
[    6.354727] random: crng init done
[    6.355327] random: 7 urandom warning(s) missed due to ratelimiting
[[0;32m  OK  [0m] Started update of the root trust anâ€¦ for DNSSEC validation in unbound.
[[0;32m  OK  [0m] Started GSSAPI Proxy Daemon.
[[0;32m  OK  [0m] Reached target NFS client services.
[[0;32m  OK  [0m] Reached target Remote File Systems (Pre).
[[0;32m  OK  [0m] Reached target Remote File Systems.
         Starting Permit User Sessions...
[[0;32m  OK  [0m] Started OpenSSH server daemon.
[[0;32m  OK  [0m] Started Permit User Sessions.
         Starting Terminate Plymouth Boot Screen...
         Starting Hold until boot process finishes up...
[[0;32m  OK  [0m] Started Command Scheduler.

CentOS Stream 8
Kernel 5.11.0-f40ddce88593 on an x86_64

test login: 