c[?7l[2J[0mSeaBIOS (version rel-1.16.0-0-gd239552ce722-prebuilt.qemu.org)


iPXE (http://ipxe.org) 00:03.0 CA00 PCI2.10 PnP PMM+7FF91000+7FEF1000 CA00
Press Ctrl-B to configure iPXE (PCI 00:03.0)...                                                                               


Booting from ROM...
c[?7l[2J[    0.000000] Linux version 5.16.0-3bf6a9e36e44+ (root@p-rplp02) (gcc (GCC) 8.5.0 20210514 (Red Hat 8.5.0-18), GNU ld version 2.36.1-2.el8) #1 SMP PREEMPT Tue Mar 21 02:16:38 CST 2023
[    0.000000] Command line: console=ttyS0 root=/dev/sda earlyprintk=serial net.ifnames=0
[    0.000000] KERNEL supported cpus:
[    0.000000]   Intel GenuineIntel
[    0.000000]   AMD AuthenticAMD
[    0.000000]   Hygon HygonGenuine
[    0.000000]   Centaur CentaurHauls
[    0.000000]   zhaoxin   Shanghai  
[    0.000000] x86/fpu: Supporting XSAVE feature 0x001: 'x87 floating point registers'
[    0.000000] x86/fpu: Supporting XSAVE feature 0x002: 'SSE registers'
[    0.000000] x86/fpu: Supporting XSAVE feature 0x004: 'AVX registers'
[    0.000000] x86/fpu: Supporting XSAVE feature 0x200: 'Protection Keys User registers'
[    0.000000] x86/fpu: xstate_offset[2]:  576, xstate_sizes[2]:  256
[    0.000000] x86/fpu: xstate_offset[9]:  832, xstate_sizes[9]:    8
[    0.000000] x86/fpu: Enabled xstate features 0x207, context size is 840 bytes, using 'compacted' format.
[    0.000000] signal: max sigframe size: 3632
[    0.000000] BIOS-provided physical RAM map:
[    0.000000] BIOS-e820: [mem 0x0000000000000000-0x000000000009fbff] usable
[    0.000000] BIOS-e820: [mem 0x000000000009fc00-0x000000000009ffff] reserved
[    0.000000] BIOS-e820: [mem 0x00000000000f0000-0x00000000000fffff] reserved
[    0.000000] BIOS-e820: [mem 0x0000000000100000-0x000000007ffdffff] usable
[    0.000000] BIOS-e820: [mem 0x000000007ffe0000-0x000000007fffffff] reserved
[    0.000000] BIOS-e820: [mem 0x00000000feffc000-0x00000000feffffff] reserved
[    0.000000] BIOS-e820: [mem 0x00000000fffc0000-0x00000000ffffffff] reserved
[    0.000000] printk: bootconsole [earlyser0] enabled
[    0.000000] NX (Execute Disable) protection: active
[    0.000000] SMBIOS 2.8 present.
[    0.000000] DMI: QEMU Standard PC (i440FX + PIIX, 1996), BIOS rel-1.16.0-0-gd239552ce722-prebuilt.qemu.org 04/01/2014
[    0.000000] Hypervisor detected: KVM
[    0.000000] kvm-clock: Using msrs 4b564d01 and 4b564d00
[    0.000005] kvm-clock: using sched offset of 537156018 cycles
[    0.000919] clocksource: kvm-clock: mask: 0xffffffffffffffff max_cycles: 0x1cd42e4dffb, max_idle_ns: 881590591483 ns
[    0.003991] tsc: Detected 1881.600 MHz processor
[    0.010491] last_pfn = 0x7ffe0 max_arch_pfn = 0x400000000
[    0.011802] x86/PAT: Configuration [0-7]: WB  WC  UC- UC  WB  WP  UC- WT  
[    0.021479] found SMP MP-table at [mem 0x000f5ba0-0x000f5baf]
[    0.023022] Using GB pages for direct mapping
[    0.025823] ACPI: Early table checksum verification disabled
[    0.027093] ACPI: RSDP 0x00000000000F59C0 000014 (v00 BOCHS )
[    0.028240] ACPI: RSDT 0x000000007FFE1951 000034 (v01 BOCHS  BXPC     00000001 BXPC 00000001)
[    0.029925] ACPI: FACP 0x000000007FFE17FD 000074 (v01 BOCHS  BXPC     00000001 BXPC 00000001)
[    0.031593] ACPI: DSDT 0x000000007FFE0040 0017BD (v01 BOCHS  BXPC     00000001 BXPC 00000001)
[    0.033296] ACPI: FACS 0x000000007FFE0000 000040
[    0.034210] ACPI: APIC 0x000000007FFE1871 000080 (v01 BOCHS  BXPC     00000001 BXPC 00000001)
[    0.035863] ACPI: HPET 0x000000007FFE18F1 000038 (v01 BOCHS  BXPC     00000001 BXPC 00000001)
[    0.037516] ACPI: WAET 0x000000007FFE1929 000028 (v01 BOCHS  BXPC     00000001 BXPC 00000001)
[    0.039179] ACPI: Reserving FACP table memory at [mem 0x7ffe17fd-0x7ffe1870]
[    0.040540] ACPI: Reserving DSDT table memory at [mem 0x7ffe0040-0x7ffe17fc]
[    0.041889] ACPI: Reserving FACS table memory at [mem 0x7ffe0000-0x7ffe003f]
[    0.043246] ACPI: Reserving APIC table memory at [mem 0x7ffe1871-0x7ffe18f0]
[    0.044601] ACPI: Reserving HPET table memory at [mem 0x7ffe18f1-0x7ffe1928]
[    0.045955] ACPI: Reserving WAET table memory at [mem 0x7ffe1929-0x7ffe1950]
[    0.047916] ACPI: CEDT not present
[    0.049291] No NUMA configuration found
[    0.050038] Faking a node at [mem 0x0000000000000000-0x000000007ffdffff]
[    0.051419] NODE_DATA(0) allocated [mem 0x7ffb5000-0x7ffdffff]
[    0.056276] Zone ranges:
[    0.056801]   DMA      [mem 0x0000000000001000-0x0000000000ffffff]
[    0.057997]   DMA32    [mem 0x0000000001000000-0x000000007ffdffff]
[    0.059208]   Normal   empty
[    0.059765]   Device   empty
[    0.060326] Movable zone start for each node
[    0.061150] Early memory node ranges
[    0.061839]   node   0: [mem 0x0000000000001000-0x000000000009efff]
[    0.063058]   node   0: [mem 0x0000000000100000-0x000000007ffdffff]
[    0.064260] Initmem setup node 0 [mem 0x0000000000001000-0x000000007ffdffff]
[    0.066306] On node 0, zone DMA: 1 pages in unavailable ranges
[    0.066738] On node 0, zone DMA: 97 pages in unavailable ranges
[    0.120741] On node 0, zone DMA32: 32 pages in unavailable ranges
[    0.122167] ACPI: PM-Timer IO Port: 0x608
[    0.123674] ACPI: LAPIC_NMI (acpi_id[0xff] dfl dfl lint[0x1])
[    0.124619] IOAPIC[0]: apic_id 0, version 17, address 0xfec00000, GSI 0-23
[    0.125642] ACPI: INT_SRC_OVR (bus 0 bus_irq 0 global_irq 2 dfl dfl)
[    0.126566] ACPI: INT_SRC_OVR (bus 0 bus_irq 5 global_irq 5 high level)
[    0.127531] ACPI: INT_SRC_OVR (bus 0 bus_irq 9 global_irq 9 high level)
[    0.128498] ACPI: INT_SRC_OVR (bus 0 bus_irq 10 global_irq 10 high level)
[    0.129496] ACPI: INT_SRC_OVR (bus 0 bus_irq 11 global_irq 11 high level)
[    0.130524] ACPI: Using ACPI (MADT) for SMP configuration information
[    0.131496] ACPI: HPET id: 0x8086a201 base: 0xfed00000
[    0.132331] TSC deadline timer available
[    0.132957] smpboot: Allowing 2 CPUs, 0 hotplug CPUs
[    0.133978] kvm-guest: KVM setup pv remote TLB flush
[    0.134830] kvm-guest: setup PV sched yield
[    0.135719] PM: hibernation: Registered nosave memory: [mem 0x00000000-0x00000fff]
[    0.137099] PM: hibernation: Registered nosave memory: [mem 0x0009f000-0x0009ffff]
[    0.138540] PM: hibernation: Registered nosave memory: [mem 0x000a0000-0x000effff]
[    0.139974] PM: hibernation: Registered nosave memory: [mem 0x000f0000-0x000fffff]
[    0.141434] [mem 0x80000000-0xfeffbfff] available for PCI devices
[    0.142604] Booting paravirtualized kernel on KVM
[    0.143620] clocksource: refined-jiffies: mask: 0xffffffff max_cycles: 0xffffffff, max_idle_ns: 7645519600211568 ns
[    0.145667] setup_percpu: NR_CPUS:8192 nr_cpumask_bits:2 nr_cpu_ids:2 nr_node_ids:1
[    0.151403] percpu: Embedded 63 pages/cpu s221184 r8192 d28672 u1048576
[    0.153010] kvm-guest: PV spinlocks enabled
[    0.153816] PV qspinlock hash table entries: 256 (order: 0, 4096 bytes, linear)
[    0.155314] Fallback order for Node 0: 0 
[    0.156107] Built 1 zonelists, mobility grouping on.  Total pages: 515808
[    0.157400] Policy zone: DMA32
[    0.157989] Kernel command line: net.ifnames=0 console=ttyS0 root=/dev/sda earlyprintk=serial net.ifnames=0
[    0.164540] Dentry cache hash table entries: 262144 (order: 9, 2097152 bytes, linear)
[    0.167687] Inode-cache hash table entries: 131072 (order: 8, 1048576 bytes, linear)
[    0.169392] mem auto-init: stack:off, heap alloc:off, heap free:off
[    0.175062] Memory: 1985392K/2096632K available (32783K kernel code, 5313K rwdata, 7868K rodata, 3172K init, 22012K bss, 110984K reserved, 0K cma-reserved)
[    0.177112] random: get_random_u64 called from __kmem_cache_create+0x2f/0x4e0 with crng_init=0
[    0.177966] SLUB: HWalign=64, Order=0-3, MinObjects=0, CPUs=2, Nodes=1
[    0.180114] kmemleak: Kernel memory leak detector disabled
[    0.180982] ftrace: allocating 65807 entries in 258 pages
[    0.226417] ftrace: allocated 258 pages with 2 groups
[    0.230650] Dynamic Preempt: voluntary
[    0.231377] Running RCU self tests
[    0.231875] rcu: Preemptible hierarchical RCU implementation.
[    0.232688] rcu: 	RCU lockdep checking is enabled.
[    0.233362] rcu: 	RCU restricting CPUs from NR_CPUS=8192 to nr_cpu_ids=2.
[    0.234329] 	Trampoline variant of Tasks RCU enabled.
[    0.235042] 	Rude variant of Tasks RCU enabled.
[    0.235683] 	Tracing variant of Tasks RCU enabled.
[    0.236360] rcu: RCU calculated value of scheduler-enlistment delay is 25 jiffies.
[    0.237436] rcu: Adjusting geometry for rcu_fanout_leaf=16, nr_cpu_ids=2
[    0.260717] NR_IRQS: 524544, nr_irqs: 440, preallocated irqs: 16
[    0.275676] Console: colour VGA+ 80x25
[    0.276346] printk: console [ttyS0] enabled
[    0.276346] printk: console [ttyS0] enabled
[    0.277577] printk: bootconsole [earlyser0] disabled
[    0.277577] printk: bootconsole [earlyser0] disabled
[    0.279029] Lock dependency validator: Copyright (c) 2006 Red Hat, Inc., Ingo Molnar
[    0.280169] ... MAX_LOCKDEP_SUBCLASSES:  8
[    0.280785] ... MAX_LOCK_DEPTH:          48
[    0.281410] ... MAX_LOCKDEP_KEYS:        8192
[    0.282059] ... CLASSHASH_SIZE:          4096
[    0.282720] ... MAX_LOCKDEP_ENTRIES:     32768
[    0.283383] ... MAX_LOCKDEP_CHAINS:      65536
[    0.284046] ... CHAINHASH_SIZE:          32768
[    0.284707]  memory used by lock dependency info: 6365 kB
[    0.285510]  memory used for stack traces: 4224 kB
[    0.286229]  per task-struct memory footprint: 1920 bytes
[    0.287097] ACPI: Core revision 20211217
[    0.288013] clocksource: hpet: mask: 0xffffffff max_cycles: 0xffffffff, max_idle_ns: 19112604467 ns
[    0.289574] APIC: Switch to symmetric I/O mode setup
[    0.290757] x2apic enabled
[    0.291589] Switched APIC routing to physical x2apic.
[    0.292348] kvm-guest: setup PV IPIs
[    0.294713] ..TIMER: vector=0x30 apic1=0 pin1=2 apic2=-1 pin2=-1
[    0.295658] clocksource: tsc-early: mask: 0xffffffffffffffff max_cycles: 0x363e8c91135, max_idle_ns: 881590568389 ns
[    0.297237] Calibrating delay loop (skipped) preset value.. 3763.20 BogoMIPS (lpj=7526400)
[    0.301222] pid_max: default: 32768 minimum: 301
[    0.301995] LSM: Security Framework initializing
[    0.302723] Yama: becoming mindful.
[    0.303458] Mount-cache hash table entries: 4096 (order: 3, 32768 bytes, linear)
[    0.305254] Mountpoint-cache hash table entries: 4096 (order: 3, 32768 bytes, linear)
[    0.308003] CPU0: Thermal monitoring enabled (TM1)
[    0.311881] x86/cpu: User Mode Instruction Prevention (UMIP) activated
[    0.314454] Last level iTLB entries: 4KB 0, 2MB 0, 4MB 0
[    0.315408] Last level dTLB entries: 4KB 0, 2MB 0, 4MB 0, 1GB 0
[    0.316445] Spectre V1 : Mitigation: usercopy/swapgs barriers and __user pointer sanitization
[    0.317294] Spectre V2 : Mitigation: Enhanced IBRS
[    0.318093] Spectre V2 : Spectre v2 / SpectreRSB mitigation: Filling RSB on context switch
[    0.319483] Spectre V2 : mitigation: Enabling conditional Indirect Branch Prediction Barrier
[    0.321221] Speculative Store Bypass: Mitigation: Speculative Store Bypass disabled via prctl
[    0.377091] Freeing SMP alternatives memory: 56K
[    0.378548] smpboot: CPU0: Genuine Intel(R) 0000 (family: 0x6, model: 0xba, stepping: 0x2)
[    0.380985] cblist_init_generic: Setting adjustable number of callback queues.
[    0.381216] cblist_init_generic: Setting shift to 1 and lim to 1.
[    0.381349] cblist_init_generic: Setting shift to 1 and lim to 1.
[    0.382645] cblist_init_generic: Setting shift to 1 and lim to 1.
[    0.383877] Running RCU-tasks wait API self tests
[    0.485432] Performance Events: generic architected perfmon, full-width counters, Intel PMU driver.
[    0.486816] ... version:                2
[    0.487373] ... bit width:              48
[    0.487940] ... generic registers:      6
[    0.488496] ... value mask:             0000ffffffffffff
[    0.489223] ... max period:             00007fffffffffff
[    0.489960] ... fixed-purpose events:   3
[    0.490516] ... event mask:             000000070000003f
[    0.491732] rcu: Hierarchical SRCU implementation.
[    0.495758] Callback from call_rcu_tasks_trace() invoked.
[    0.496970] smp: Bringing up secondary CPUs ...
[    0.497963] x86: Booting SMP configuration:
[    0.498602] .... node  #0, CPUs:      #1
[    0.499316] smp: Brought up 1 node, 2 CPUs
[    0.501237] smpboot: Max logical packages: 1
[    0.501921] smpboot: Total of 2 processors activated (7526.40 BogoMIPS)
[    0.514468] devtmpfs: initialized
[    0.514468] x86/mm: Memory block size: 128MB
[    0.521936] clocksource: jiffies: mask: 0xffffffff max_cycles: 0xffffffff, max_idle_ns: 7645041785100000 ns
[    0.523131] futex hash table entries: 512 (order: 4, 65536 bytes, linear)
[    0.525862] pinctrl core: initialized pinctrl subsystem
[    0.527642] 
[    0.527960] *************************************************************
[    0.529208] **     NOTICE NOTICE NOTICE NOTICE NOTICE NOTICE NOTICE    **
[    0.530470] **                                                         **
[    0.531722] **  IOMMU DebugFS SUPPORT HAS BEEN ENABLED IN THIS KERNEL  **
[    0.532971] **                                                         **
[    0.533224] ** This means that this kernel is built to expose internal **
[    0.534476] ** IOMMU data structures, which may compromise security on **
[    0.535723] ** your system.                                            **
[    0.536972] **                                                         **
[    0.537225] ** If you see this message and you are not debugging the   **
[    0.538484] ** kernel, report this immediately to your vendor!         **
[    0.539739] **                                                         **
[    0.540991] **     NOTICE NOTICE NOTICE NOTICE NOTICE NOTICE NOTICE    **
[    0.541224] *************************************************************
[    0.542644] PM: RTC time: 00:51:45, date: 2023-03-21
[    0.545132] NET: Registered PF_NETLINK/PF_ROUTE protocol family
[    0.545929] DMA: preallocated 256 KiB GFP_KERNEL pool for atomic allocations
[    0.547292] DMA: preallocated 256 KiB GFP_KERNEL|GFP_DMA pool for atomic allocations
[    0.548748] DMA: preallocated 256 KiB GFP_KERNEL|GFP_DMA32 pool for atomic allocations
[    0.549311] audit: initializing netlink subsys (disabled)
[    0.550444] audit: type=2000 audit(1679359905.597:1): state=initialized audit_enabled=0 res=1
[    0.550659] thermal_sys: Registered thermal governor 'fair_share'
[    0.550980] thermal_sys: Registered thermal governor 'bang_bang'
[    0.551944] thermal_sys: Registered thermal governor 'step_wise'
[    0.553234] thermal_sys: Registered thermal governor 'user_space'
[    0.554231] cpuidle: using governor ladder
[    0.555833] cpuidle: using governor menu
[    0.556997] acpiphp: ACPI Hot Plug PCI Controller Driver version: 0.5
[    0.557884] PCI: Using configuration type 1 for base access
[    0.573018] kprobes: kprobe jump-optimization is enabled. All kprobes are optimized if possible.
[    0.573335] HugeTLB registered 1.00 GiB page size, pre-allocated 0 pages
[    0.577244] HugeTLB registered 2.00 MiB page size, pre-allocated 0 pages
[    0.581836] ACPI: Added _OSI(Module Device)
[    0.582397] ACPI: Added _OSI(Processor Device)
[    0.583023] ACPI: Added _OSI(3.0 _SCP Extensions)
[    0.583682] ACPI: Added _OSI(Processor Aggregator Device)
[    0.585237] ACPI: Added _OSI(Linux-Dell-Video)
[    0.585862] ACPI: Added _OSI(Linux-Lenovo-NV-HDMI-Audio)
[    0.586604] ACPI: Added _OSI(Linux-HPI-Hybrid-Graphics)
[    0.589264] Callback from call_rcu_tasks_rude() invoked.
[    0.592409] ACPI: 1 ACPI AML tables successfully acquired and loaded
[    0.596533] ACPI: Interpreter enabled
[    0.597170] ACPI: PM: (supports S0 S3 S4 S5)
[    0.597225] ACPI: Using IOAPIC for interrupt routing
[    0.597985] PCI: Using host bridge windows from ACPI; if necessary, use "pci=nocrs" and report a bug
[    0.599947] ACPI: Enabled 2 GPEs in block 00 to 0F
[    0.616449] ACPI: PCI Root Bridge [PCI0] (domain 0000 [bus 00-ff])
[    0.617258] acpi PNP0A03:00: _OSC: OS supports [ASPM ClockPM Segments MSI EDR HPX-Type3]
[    0.618459] acpi PNP0A03:00: _OSC: not requesting OS control; OS requires [ExtendedConfig ASPM ClockPM MSI]
[    0.620031] acpi PNP0A03:00: fail to add MMCONFIG information, can't access extended PCI configuration space under this bridge.
[    0.623270] acpiphp: Slot [3] registered
[    0.624121] acpiphp: Slot [4] registered
[    0.624936] acpiphp: Slot [5] registered
[    0.625302] acpiphp: Slot [6] registered
[    0.626137] acpiphp: Slot [7] registered
[    0.626969] acpiphp: Slot [8] registered
[    0.627797] acpiphp: Slot [9] registered
[    0.628617] acpiphp: Slot [10] registered
[    0.629302] acpiphp: Slot [11] registered
[    0.630153] acpiphp: Slot [12] registered
[    0.631022] acpiphp: Slot [13] registered
[    0.631854] acpiphp: Slot [14] registered
[    0.632689] acpiphp: Slot [15] registered
[    0.633307] acpiphp: Slot [16] registered
[    0.634142] acpiphp: Slot [17] registered
[    0.635009] acpiphp: Slot [18] registered
[    0.635854] acpiphp: Slot [19] registered
[    0.636693] acpiphp: Slot [20] registered
[    0.637302] acpiphp: Slot [21] registered
[    0.638154] acpiphp: Slot [22] registered
[    0.639011] acpiphp: Slot [23] registered
[    0.639846] acpiphp: Slot [24] registered
[    0.640682] acpiphp: Slot [25] registered
[    0.641311] acpiphp: Slot [26] registered
[    0.642162] acpiphp: Slot [27] registered
[    0.643116] acpiphp: Slot [28] registered
[    0.643954] acpiphp: Slot [29] registered
[    0.644788] acpiphp: Slot [30] registered
[    0.645304] acpiphp: Slot [31] registered
[    0.646115] PCI host bridge to bus 0000:00
[    0.646897] pci_bus 0000:00: root bus resource [io  0x0000-0x0cf7 window]
[    0.648174] pci_bus 0000:00: root bus resource [io  0x0d00-0xffff window]
[    0.649227] pci_bus 0000:00: root bus resource [mem 0x000a0000-0x000bffff window]
[    0.650627] pci_bus 0000:00: root bus resource [mem 0x80000000-0xfebfffff window]
[    0.652034] pci_bus 0000:00: root bus resource [mem 0x100000000-0x17fffffff window]
[    0.653232] pci_bus 0000:00: root bus resource [bus 00-ff]
[    0.654472] pci 0000:00:00.0: [8086:1237] type 00 class 0x060000
[    0.660191] pci 0000:00:01.0: [8086:7000] type 00 class 0x060100
[    0.662427] pci 0000:00:01.1: [8086:7010] type 00 class 0x010180
[    0.665236] pci 0000:00:01.1: reg 0x20: [io  0xc040-0xc04f]
[    0.667138] pci 0000:00:01.1: legacy IDE quirk: reg 0x10: [io  0x01f0-0x01f7]
[    0.668483] pci 0000:00:01.1: legacy IDE quirk: reg 0x14: [io  0x03f6]
[    0.669235] pci 0000:00:01.1: legacy IDE quirk: reg 0x18: [io  0x0170-0x0177]
[    0.670573] pci 0000:00:01.1: legacy IDE quirk: reg 0x1c: [io  0x0376]
[    0.672245] pci 0000:00:01.3: [8086:7113] type 00 class 0x068000
[    0.674014] pci 0000:00:01.3: quirk: [io  0x0600-0x063f] claimed by PIIX4 ACPI
[    0.675394] pci 0000:00:01.3: quirk: [io  0x0700-0x070f] claimed by PIIX4 SMB
[    0.678463] pci 0000:00:02.0: [1234:1111] type 00 class 0x030000
[    0.681831] pci 0000:00:02.0: reg 0x10: [mem 0xfd000000-0xfdffffff pref]
[    0.685772] pci 0000:00:02.0: reg 0x18: [mem 0xfebf0000-0xfebf0fff]
[    0.692422] pci 0000:00:02.0: reg 0x30: [mem 0xfebe0000-0xfebeffff pref]
[    0.699803] pci 0000:00:03.0: [8086:100e] type 00 class 0x020000
[    0.701515] pci 0000:00:03.0: reg 0x10: [mem 0xfebc0000-0xfebdffff]
[    0.703181] pci 0000:00:03.0: reg 0x14: [io  0xc000-0xc03f]
[    0.707244] pci 0000:00:03.0: reg 0x30: [mem 0xfeb80000-0xfebbffff pref]
[    0.742399] ACPI: PCI: Interrupt link LNKA configured for IRQ 10
[    0.743673] ACPI: PCI: Interrupt link LNKB configured for IRQ 10
[    0.744891] ACPI: PCI: Interrupt link LNKC configured for IRQ 11
[    0.745594] ACPI: PCI: Interrupt link LNKD configured for IRQ 11
[    0.746633] ACPI: PCI: Interrupt link LNKS configured for IRQ 9
[    0.749256] iommu: Default domain type: Translated 
[    0.750055] iommu: DMA domain TLB invalidation policy: lazy mode 
[    0.750055] pci 0000:00:02.0: vgaarb: setting as boot VGA device
[    0.750340] pci 0000:00:02.0: vgaarb: VGA device added: decodes=io+mem,owns=io+mem,locks=none
[    0.751639] pci 0000:00:02.0: vgaarb: bridge control possible
[    0.752520] vgaarb: loaded
[    0.754896] SCSI subsystem initialized
[    0.757538] ACPI: bus type USB registered
[    0.758249] usbcore: registered new interface driver usbfs
[    0.759072] usbcore: registered new interface driver hub
[    0.759868] usbcore: registered new device driver usb
[    0.761377] pps_core: LinuxPPS API ver. 1 registered
[    0.762104] pps_core: Software ver. 5.3.6 - Copyright 2005-2007 Rodolfo Giometti <giometti@linux.it>
[    0.763452] PTP clock support registered
[    0.764152] EDAC MC: Ver: 3.0.0
[    0.765521] NetLabel: Initializing
[    0.765989] NetLabel:  domain hash size = 128
[    0.766805] NetLabel:  protocols = UNLABELED CIPSOv4 CALIPSO
[    0.767985] NetLabel:  unlabeled traffic allowed by default
[    0.769372] PCI: Using ACPI for IRQ routing
[    0.773771] hpet0: at MMIO 0xfed00000, IRQs 2, 8, 0
[    0.774739] hpet0: 3 comparators, 64-bit 100.000000 MHz counter
[    0.784696] clocksource: Switched to clocksource kvm-clock
[    0.801464] Callback from call_rcu_tasks() invoked.
[    0.909488] VFS: Disk quotas dquot_6.6.0
[    0.910183] VFS: Dquot-cache hash table entries: 512 (order 0, 4096 bytes)
[    0.911616] pnp: PnP ACPI init
[    0.913949] pnp: PnP ACPI: found 6 devices
[    0.925739] clocksource: acpi_pm: mask: 0xffffff max_cycles: 0xffffff, max_idle_ns: 2085701024 ns
[    0.927877] NET: Registered PF_INET protocol family
[    0.929406] IP idents hash table entries: 32768 (order: 6, 262144 bytes, linear)
[    0.931849] tcp_listen_portaddr_hash hash table entries: 1024 (order: 4, 81920 bytes, linear)
[    0.933324] TCP established hash table entries: 16384 (order: 5, 131072 bytes, linear)
[    0.934809] TCP bind hash table entries: 16384 (order: 8, 1179648 bytes, linear)
[    0.945307] TCP: Hash tables configured (established 16384 bind 16384)
[    0.946825] UDP hash table entries: 1024 (order: 5, 163840 bytes, linear)
[    0.948338] UDP-Lite hash table entries: 1024 (order: 5, 163840 bytes, linear)
[    0.950317] NET: Registered PF_UNIX/PF_LOCAL protocol family
[    0.952670] RPC: Registered named UNIX socket transport module.
[    0.953987] RPC: Registered udp transport module.
[    0.954962] RPC: Registered tcp transport module.
[    0.955934] RPC: Registered tcp NFSv4.1 backchannel transport module.
[    0.957403] pci_bus 0000:00: resource 4 [io  0x0000-0x0cf7 window]
[    0.958682] pci_bus 0000:00: resource 5 [io  0x0d00-0xffff window]
[    0.959956] pci_bus 0000:00: resource 6 [mem 0x000a0000-0x000bffff window]
[    0.961425] pci_bus 0000:00: resource 7 [mem 0x80000000-0xfebfffff window]
[    0.962842] pci_bus 0000:00: resource 8 [mem 0x100000000-0x17fffffff window]
[    0.964617] pci 0000:00:01.0: PIIX3: Enabling Passive Release
[    0.965868] pci 0000:00:00.0: Limiting direct PCI/PCI transfers
[    0.967134] pci 0000:00:01.0: Activating ISA DMA hang workarounds
[    0.968547] pci 0000:00:02.0: Video device with shadowed ROM at [mem 0x000c0000-0x000dffff]
[    0.970356] PCI: CLS 0 bytes, default 64
[    0.971818] ACPI: bus type thunderbolt registered
[    0.973055] clocksource: tsc: mask: 0xffffffffffffffff max_cycles: 0x363e8c91135, max_idle_ns: 881590568389 ns
[    3.394231] Initialise system trusted keyrings
[    3.395053] Key type blacklist registered
[    3.395880] workingset: timestamp_bits=36 max_order=19 bucket_order=0
[    3.406351] zbud: loaded
[    3.408833] squashfs: version 4.0 (2009/01/31) Phillip Lougher
[    3.411228] NFS: Registering the id_resolver key type
[    3.411995] Key type id_resolver registered
[    3.412620] Key type id_legacy registered
[    3.413367] nfs4filelayout_init: NFSv4 File Layout Driver Registering...
[    3.414380] nfs4flexfilelayout_init: NFSv4 Flexfile Layout Driver Registering...
[    3.415620] fuse: init (API version 7.36)
[    3.416571] SGI XFS with ACLs, security attributes, realtime, quota, no debug enabled
[    3.420010] 9p: Installing v9fs 9p2000 file system support
[    3.427626] Key type asymmetric registered
[    3.428481] Asymmetric key parser 'x509' registered
[    3.431773] alg: self-tests for CTR-KDF (hmac(sha256)) passed
[    3.433126] Block layer SCSI generic (bsg) driver version 0.4 loaded (major 243)
[    3.434796] io scheduler mq-deadline registered
[    3.435735] io scheduler bfq registered
[    3.437849] shpchp: Standard Hot Plug PCI Controller Driver version: 0.4
[    3.439726] IPMI message handler: version 39.2
[    3.440663] ipmi device interface
[    3.443287] input: Power Button as /devices/LNXSYSTM:00/LNXPWRBN:00/input/input0
[    3.445060] ACPI: button: Power Button [PWRF]
[    3.447127] ERST DBG: ERST support is disabled.
[    3.448588] Serial: 8250/16550 driver, 32 ports, IRQ sharing enabled
[    3.450830] 00:04: ttyS0 at I/O 0x3f8 (irq = 4, base_baud = 115200) is a 16550A
[    3.461524] Linux agpgart interface v0.103
[    3.462875] ACPI: bus type drm_connector registered
[    3.477531] brd: module loaded
[    3.486165] loop: module loaded
[    3.491374] scsi host0: ata_piix
[    3.492420] scsi host1: ata_piix
[    3.492919] ata1: PATA max MWDMA2 cmd 0x1f0 ctl 0x3f6 bmdma 0xc040 irq 14
[    3.493594] ata2: PATA max MWDMA2 cmd 0x170 ctl 0x376 bmdma 0xc048 irq 15
[    3.495276] tun: Universal TUN/TAP device driver, 1.6
[    3.496012] e100: Intel(R) PRO/100 Network Driver
[    3.496477] e100: Copyright(c) 1999-2006 Intel Corporation
[    3.497031] e1000: Intel(R) PRO/1000 Network Driver
[    3.497540] e1000: Copyright (c) 1999-2006 Intel Corporation.
[    3.654524] ata1.00: ATA-7: QEMU HARDDISK, 2.5+, max UDMA/100
[    3.655163] ata1.00: 16777216 sectors, multi 16: LBA48 
[    3.656304] ata1.00: Read log 0x00 page 0x00 failed, Emask 0x1
[    3.657560] ata2.00: ATAPI: QEMU DVD-ROM, 2.5+, max UDMA/100
[    3.659692] scsi 0:0:0:0: Direct-Access     ATA      QEMU HARDDISK    2.5+ PQ: 0 ANSI: 5
[    3.661719] scsi 0:0:0:0: Attached scsi generic sg0 type 0
[    3.664265] scsi 1:0:0:0: CD-ROM            QEMU     QEMU DVD-ROM     2.5+ PQ: 0 ANSI: 5
[    3.666595] scsi 1:0:0:0: Attached scsi generic sg1 type 5
[    3.667746] sd 0:0:0:0: [sda] 16777216 512-byte logical blocks: (8.59 GB/8.00 GiB)
[    3.668638] sd 0:0:0:0: [sda] Write Protect is off
[    3.669273] sd 0:0:0:0: [sda] Write cache: enabled, read cache: enabled, doesn't support DPO or FUA
[    3.670339] ACPI: \_SB_.LNKC: Enabled at IRQ 11
[    3.702113] sd 0:0:0:0: [sda] Attached SCSI disk
[    4.027057] e1000 0000:00:03.0 eth0: (PCI:33MHz:32-bit) 52:54:00:12:34:56
[    4.027751] e1000 0000:00:03.0 eth0: Intel(R) PRO/1000 Network Connection
[    4.028496] e1000e: Intel(R) PRO/1000 Network Driver
[    4.028962] e1000e: Copyright(c) 1999 - 2015 Intel Corporation.
[    4.029599] igb: Intel(R) Gigabit Ethernet Network Driver
[    4.030092] igb: Copyright (c) 2007-2014 Intel Corporation.
[    4.030714] PPP generic driver version 2.4.2
[    4.031834] VFIO - User Level meta-driver version: 0.3
[    4.032395] ehci_hcd: USB 2.0 'Enhanced' Host Controller (EHCI) Driver
[    4.033018] ehci-pci: EHCI PCI platform driver
[    4.033509] ehci-platform: EHCI generic platform driver
[    4.034036] ohci_hcd: USB 1.1 'Open' Host Controller (OHCI) Driver
[    4.034629] ohci-pci: OHCI PCI platform driver
[    4.035098] ohci-platform: OHCI generic platform driver
[    4.035625] uhci_hcd: USB Universal Host Controller Interface driver
[    4.036708] usbcore: registered new interface driver uas
[    4.037368] usbcore: registered new interface driver usb-storage
[    4.038155] i8042: PNP: PS/2 Controller [PNP0303:KBD,PNP0f13:MOU] at 0x60,0x64 irq 1,12
[    4.040281] serio: i8042 KBD port at 0x60,0x64 irq 1
[    4.040888] serio: i8042 AUX port at 0x60,0x64 irq 12
[    4.042643] mousedev: PS/2 mouse device common for all mice
[    4.044566] input: AT Translated Set 2 keyboard as /devices/platform/i8042/serio0/input/input1
[    4.045699] rtc_cmos 00:05: RTC can wake from S4
[    4.048043] input: VirtualPS/2 VMware VMMouse as /devices/platform/i8042/serio1/input/input4
[    4.048422] rtc_cmos 00:05: registered as rtc0
[    4.049850] rtc_cmos 00:05: setting system clock to 2023-03-21T00:51:48 UTC (1679359908)
[    4.051127] rtc_cmos 00:05: alarms up to one day, y3k, 242 bytes nvram, hpet irqs
[    4.051393] input: VirtualPS/2 VMware VMMouse as /devices/platform/i8042/serio1/input/input3
[    4.052140] i2c_dev: i2c /dev entries driver
[    4.053578] device-mapper: core: CONFIG_IMA_DISABLE_HTABLE is disabled. Duplicate IMA measurements will not be recorded in the IMA log.
[    4.054789] device-mapper: uevent: version 1.0.3
[    4.055547] device-mapper: ioctl: 4.45.0-ioctl (2021-03-22) initialised: dm-devel@redhat.com
[    4.056333] intel_pstate: CPU model not supported
[    4.056886] sdhci: Secure Digital Host Controller Interface driver
[    4.057487] sdhci: Copyright(c) Pierre Ossman
[    4.057981] sdhci-pltfm: SDHCI platform and OF driver helper
[    4.058612] ledtrig-cpu: registered to indicate activity on CPUs
[    4.059463] drop_monitor: Initializing network drop monitor service
[    4.060737] NET: Registered PF_INET6 protocol family
[    4.064126] Segment Routing with IPv6
[    4.064559] In-situ OAM (IOAM) with IPv6
[    4.065022] NET: Registered PF_PACKET protocol family
[    4.065985] 9pnet: Installing 9P2000 support
[    4.066563] Key type dns_resolver registered
[    4.068071] IPI shorthand broadcast: enabled
[    4.068691] sched_clock: Marking stable (4036570760, 31244357)->(4093817583, -26002466)
[    4.070489] registered taskstats version 1
[    4.071213] Loading compiled-in X.509 certificates
[    4.072329] zswap: loaded using pool lzo/zbud
[    4.074529] Key type ._fscrypt registered
[    4.074987] Key type .fscrypt registered
[    4.075407] Key type fscrypt-provisioning registered
[    4.077740] Key type encrypted registered
[    4.078490] ima: No TPM chip found, activating TPM-bypass!
[    4.079205] ima: Allocated hash algorithm: sha1
[    4.079867] ima: No architecture policies found
[    4.080582] evm: Initialising EVM extended attributes:
[    4.081264] evm: security.selinux
[    4.081696] evm: security.SMACK64
[    4.082126] evm: security.SMACK64EXEC
[    4.082597] evm: security.SMACK64TRANSMUTE
[    4.083119] evm: security.SMACK64MMAP
[    4.083591] evm: security.apparmor
[    4.084033] evm: security.ima
[    4.084434] evm: security.capability
[    4.084893] evm: HMAC attrs: 0x1
[    4.094646] PM:   Magic number: 15:893:860
[    4.095878] RAS: Correctable Errors collector initialized.
[    4.098153] md: Waiting for all devices to be available before autodetect
[    4.098994] md: If you don't use raid, use raid=noautodetect
[    4.099704] md: Autodetecting RAID arrays.
[    4.100235] md: autorun ...
[    4.100597] md: ... autorun DONE.
[    4.110524] EXT4-fs (sda): mounted filesystem with ordered data mode. Quota mode: none.
[    4.111666] VFS: Mounted root (ext4 filesystem) readonly on device 8:0.
[    4.114928] devtmpfs: mounted
[    4.129307] Freeing unused decrypted memory: 2036K
[    4.133929] Freeing unused kernel image (initmem) memory: 3172K
[    4.134763] Write protecting the kernel read-only data: 43008k
[    4.140157] Freeing unused kernel image (text/rodata gap) memory: 2032K
[    4.141688] Freeing unused kernel image (rodata/data gap) memory: 324K
[    4.229254] x86/mm: Checked W+X mappings: passed, no W+X pages found.
[    4.229925] Run /sbin/init as init process
[    4.329854] random: fast init done
[    4.372071] systemd[1]: RTC configured in localtime, applying delta of 0 minutes to system time.
[    4.408739] systemd[1]: systemd 239 (239-49.el8) running in system mode. (+PAM +AUDIT +SELINUX +IMA -APPARMOR +SMACK +SYSVINIT +UTMP +LIBCRYPTSETUP +GCRYPT +GNUTLS +ACL +XZ +LZ4 +SECCOMP +BLKID +ELFUTILS +KMOD +IDN2 -IDN +PCRE2 default-hierarchy=legacy)
[    4.411717] systemd[1]: Detected virtualization kvm.
[    4.412379] systemd[1]: Detected architecture x86-64.

Welcome to [0;31mCentOS Stream 8[0m!

[    4.438885] systemd[1]: Set hostname to <test>.
[    4.599765] random: lvmconfig: uninitialized urandom read (4 bytes read)
[    4.784661] random: systemd: uninitialized urandom read (16 bytes read)
[    4.785857] systemd[1]: Listening on udev Kernel Socket.
[[0;32m  OK  [0m] Listening on udev Kernel Socket.
[    4.787923] random: systemd: uninitialized urandom read (16 bytes read)
[    4.789363] systemd[1]: Set up automount Arbitrary Executable File Formats File System Automount Point.
[[0;32m  OK  [0m] Set up automount Arbitrary Executabâ€¦rmats File System Automount Point.
[    4.795200] systemd[1]: Created slice system-serial\x2dgetty.slice.
[[0;32m  OK  [0m] Created slice system-serial\x2dgetty.slice.
[    4.797339] systemd[1]: Started Forward Password Requests to Wall Directory Watch.
[[0;32m  OK  [0m] Started Forward Password Requests to Wall Directory Watch.
[    4.800258] systemd[1]: Created slice User and Session Slice.
[[0;32m  OK  [0m] Created slice User and Session Slice.
[    4.802005] systemd[1]: Reached target Slices.
[[0;32m  OK  [0m] Reached target Slices.
[[0;32m  OK  [0m] Listening on udev Control Socket.
[[0;32m  OK  [0m] Listening on LVM2 poll daemon socket.
[[0;32m  OK  [0m] Created slice system-getty.slice.
[[0;32m  OK  [0m] Created slice system-sshd\x2dkeygen.slice.
[[0;32m  OK  [0m] Listening on RPCbind Server Activation Socket.
[[0;32m  OK  [0m] Reached target RPC Port Mapper.
[[0;32m  OK  [0m] Reached target Swap.
[[0;32m  OK  [0m] Listening on Device-mapper event daemon FIFOs.
[[0;32m  OK  [0m] Listening on multipathd control socket.
[[0;32m  OK  [0m] Listening on Journal Socket.
         Starting Monitoring of LVM2 mirrorsâ€¦ng dmeventd or progress polling...
         Mounting Kernel Debug File System...
         Starting udev Coldplug all Devices...
         Mounting POSIX Message Queue File System...
         Starting Setup Virtual Console...
         Starting Remount Root and Kernel File Systems...
[[0;32m  OK  [0m] Listening on initctl Compatibility Named Pipe.
         Mounting Huge Pages File System...
[[0;32m  OK  [0m] Listening on Journal Socket (/dev/log).
         Starting Journal Service...
         Starting Load Kernel Modules...
[    5.189818] EXT4-fs (sda): re-mounted. Quota mode: none.
[[0;32m  OK  [0m] Listening on Process Core Dump Socket.
[[0;32m  OK  [0m] Started Journal Service.
[[0;32m  OK  [0m] Mounted Kernel Debug File System.
[[0;32m  OK  [0m] Mounted POSIX Message Queue File System.
[[0;32m  OK  [0m] Started Remount Root and Kernel File Systems.
[[0;32m  OK  [0m] Mounted Huge Pages File System.
[[0;1;31mFAILED[0m] Failed to start Load Kernel Modules.
See 'systemctl status systemd-modules-load.service' for details.
         Mounting Kernel Configuration File System...
         Mounting FUSE Control File System...
         Starting Apply Kernel Variables...
         Starting Load/Save Random Seed...
         Starting Create Static Device Nodes in /dev...
         Starting Flush Journal to Persistent Storage...
[[0;32m  OK  [0m] Started Setup Virtual Console.
[[0;32m  OK  [0m] Started udev Coldplug all Devices.
[[0;32m  OK  [0m] Mounted Kernel Configuration File System.
[[0;32m  OK  [0m] Mounted FUSE Control File System.
[[0;32m  OK  [0m] Started Apply Kernel Variables.
[[0;32m  OK  [0m] Started Load/Save Random Seed.
         Starting udev Wait for Complete Device Initialization...
[[0;32m  OK  [0m] Started Flush Journal to Persistent Storage.
[[0;32m  OK  [0m] Started Create Static Device Nodes in /dev.
         Starting udev Kernel Device Manager...
[[0;32m  OK  [0m] Started udev Kernel Device Manager.
         Starting Show Plymouth Boot Screen...
[[0;32m  OK  [0m] Started Show Plymouth Boot Screen.
[[0;32m  OK  [0m] Started Forward Password Requests to Plymouth Directory Watch.
[[0;32m  OK  [0m] Reached target Paths.
[[0;32m  OK  [0m] Reached target Local Encrypted Volumes.
[[0;32m  OK  [0m] Found device /dev/ttyS0.
[[0;32m  OK  [0m] Started Monitoring of LVM2 mirrors,â€¦sing dmeventd or progress polling.
[[0;32m  OK  [0m] Listening on Load/Save RF Kill Switch Status /dev/rfkill Watch.
[[0;32m  OK  [0m] Started udev Wait for Complete Device Initialization.
[[0;32m  OK  [0m] Reached target Local File Systems (Pre).
[[0;32m  OK  [0m] Reached target Local File Systems.
         Starting Restore /run/initramfs on shutdown...
         Starting Tell Plymouth To Write Out Runtime Data...
         Starting Create Volatile Files and Directories...
[[0;32m  OK  [0m] Started Restore /run/initramfs on shutdown.
[[0;32m  OK  [0m] Started Tell Plymouth To Write Out Runtime Data.
[[0;32m  OK  [0m] Started Create Volatile Files and Directories.
         Starting Security Auditing Service...
         Starting RPC Bind...
         Mounting RPC Pipe File System...
[[0;32m  OK  [0m] Mounted RPC Pipe File System.
[[0;32m  OK  [0m] Reached target rpc_pipefs.target.
[[0;32m  OK  [0m] Started RPC Bind.
[[0;32m  OK  [0m] Started Security Auditing Service.
         Starting Update UTMP about System Boot/Shutdown...
[[0;32m  OK  [0m] Started Update UTMP about System Boot/Shutdown.
[[0;32m  OK  [0m] Reached target System Initialization.
[[0;32m  OK  [0m] Started daily update of the root trust anchor for DNSSEC.
[[0;32m  OK  [0m] Listening on D-Bus System Message Bus Socket.
[[0;32m  OK  [0m] Started dnf makecache --timer.
[[0;32m  OK  [0m] Started Daily Cleanup of Temporary Directories.
[[0;32m  OK  [0m] Reached target Timers.
[[0;32m  OK  [0m] Listening on SSSD Kerberos Cache Manager responder socket.
[[0;32m  OK  [0m] Reached target Sockets.
[[0;32m  OK  [0m] Reached target Basic System.
[[0;32m  OK  [0m] Started Machine Check Exception Logging Daemon.
         Starting Login Service...
[[0;32m  OK  [0m] Started irqbalance daemon.
         Starting Auto-connect to subsystemsâ€¦-NVME devices found during boot...
[[0;32m  OK  [0m] Started D-Bus System Message Bus.
         Starting Authorization Manager...
         Starting NTP client/server...
[[0;32m  OK  [0m] Reached target sshd-keygen.target.
         Starting Self Monitoring and Reporting Technology (SMART) Daemon...
         Starting Network Manager...
[[0;32m  OK  [0m] Started Auto-connect to subsystems â€¦FC-NVME devices found during boot.
         Starting update of the root trust aâ€¦or DNSSEC validation in unbound...
[[0;32m  OK  [0m] Started Login Service.
[[0;32m  OK  [0m] Started Self Monitoring and Reporting Technology (SMART) Daemon.
[[0;32m  OK  [0m] Started NTP client/server.
[[0;32m  OK  [0m] Started Network Manager.
         Starting Network Manager Wait Online...
[[0;32m  OK  [0m] Reached target Network.
         Starting OpenSSH server daemon...
         Starting Dynamic System Tuning Daemon...
         Starting GSSAPI Proxy Daemon...
         Starting Hostname Service...
[[0;32m  OK  [0m] Started Authorization Manager.
[[0;32m  OK  [0m] Started Hostname Service.
         Starting Network Manager Script Dispatcher Service...
[[0;32m  OK  [0m] Started Network Manager Script Dispatcher Service.
[    7.561597] e1000: eth0 NIC Link is Up 1000 Mbps Full Duplex, Flow Control: RX
[    7.563388] IPv6: ADDRCONF(NETDEV_CHANGE): eth0: link becomes ready
[[0;32m  OK  [0m] Started Dynamic System Tuning Daemon.
[    8.385578] random: crng init done
[    8.386151] random: 7 urandom warning(s) missed due to ratelimiting
[[0;32m  OK  [0m] Started update of the root trust anâ€¦ for DNSSEC validation in unbound.
[[0;32m  OK  [0m] Started OpenSSH server daemon.
[[0;32m  OK  [0m] Started GSSAPI Proxy Daemon.
[[0;32m  OK  [0m] Reached target NFS client services.
[[0;32m  OK  [0m] Reached target Remote File Systems (Pre).
[[0;32m  OK  [0m] Reached target Remote File Systems.
         Starting Permit User Sessions...
[[0;32m  OK  [0m] Started Permit User Sessions.
         Starting Hold until boot process finishes up...
[[0;32m  OK  [0m] Started Command Scheduler.
         Starting Terminate Plymouth Boot Screen...

CentOS Stream 8
Kernel 5.16.0-3bf6a9e36e44+ on an x86_64

test login: [   28.826974] loop0: detected capacity change from 0 to 32768
[   28.864642] loop6: detected capacity change from 0 to 32768
[   28.869914] loop7: detected capacity change from 0 to 32768
[   28.876493] loop2: detected capacity change from 0 to 32768
[   28.877464] XFS (loop0): Mounting V5 Filesystem
[   28.902054] loop3: detected capacity change from 0 to 32768
[   28.932811] loop5: detected capacity change from 0 to 32768
[   28.936336] loop1: detected capacity change from 0 to 32768
[   28.952621] XFS (loop6): Mounting V5 Filesystem
[   28.972886] loop4: detected capacity change from 0 to 32768
[   28.975443] XFS (loop2): Mounting V5 Filesystem
[   29.001963] XFS (loop3): Mounting V5 Filesystem
[   29.003281] XFS (loop0): Starting recovery (logdev: internal)
[   29.007304] XFS (loop0): Metadata corruption detected at xfs_btree_lookup_get_block+0x272/0x2f0, xfs_refcountbt block 0x28
[   29.008955] XFS (loop0): Unmount and run xfs_repair
[   29.009780] XFS (loop0): Failed to recover leftover CoW staging extents, err -117.
[   29.011016] XFS (loop0): Log I/O Error (0x2) detected at xlog_recover_finish+0xe7/0x160 (fs/xfs/xfs_log_recover.c:3520).  Shutting down filesystem.
[   29.012931] XFS (loop0): Please unmount the filesystem and rectify the problem(s)
[   29.014822] XFS (loop6): Starting recovery (logdev: internal)
[   29.019618] XFS (loop0): Ending recovery (logdev: internal)
[   29.031892] XFS (loop0): Error -5 reserving per-AG metadata reserve pool.
[   29.035464] BUG: kernel NULL pointer dereference, address: 0000000000000000
[   29.036510] #PF: supervisor read access in kernel mode
[   29.037238] #PF: error_code(0x0000) - not-present page
[   29.037974] PGD 13bb8067 P4D 13bb8067 PUD 13bb9067 PMD 0 
[   29.038750] Oops: 0000 [#1] PREEMPT SMP NOPTI
[   29.039379] CPU: 0 PID: 567 Comm: repro Not tainted 5.16.0-3bf6a9e36e44+ #1
[   29.040357] Hardware name: QEMU Standard PC (i440FX + PIIX, 1996), BIOS rel-1.16.0-0-gd239552ce722-prebuilt.qemu.org 04/01/2014
[   29.041923] RIP: 0010:xfs_btree_lookup_get_block+0xcb/0x2f0
[   29.042716] Code: 25 95 ff 45 85 ff 0f 85 1d 01 00 00 e8 3e 24 95 ff 4c 8b 75 c0 4d 85 f6 74 37 e8 30 24 95 ff 49 8b 96 28 02 00 00 48 8b 4d c8 <48> 8b 12 48 89 cf 48 89 4d b0 48 89 d6 48 89 55 a8 e8 bf 24 95 ff
[   29.045287] RSP: 0018:ffffc90000ba7960 EFLAGS: 00010246
[   29.046033] RAX: 0000000000000000 RBX: ffff8880148aebb8 RCX: 0000000000000028
[   29.047054] RDX: 0000000000000000 RSI: ffff888014850000 RDI: 0000000000000002
[   29.048057] RBP: ffffc90000ba79b8 R08: ffffc90000ba7be0 R09: ffff8880148aebb8
[   29.049056] R10: 0000000000000000 R11: 0000000000000001 R12: 0000000000000007
[   29.050050] R13: ffffc90000ba79f8 R14: ffff8880148aeed8 R15: 0000000000000000
[   29.051051] FS:  00007f88f391e740(0000) GS:ffff88807dc00000(0000) knlGS:0000000000000000
[   29.052174] CS:  0010 DS: 0000 ES: 0000 CR0: 0000000080050033
[   29.052988] CR2: 0000000000000000 CR3: 000000000dd86002 CR4: 0000000000770ef0
[   29.054040] PKRU: 55555554
[   29.054461] Call Trace:
[   29.054826]  <TASK>
[   29.055154]  xfs_btree_lookup+0xfa/0x7f0
[   29.055751]  ? __xfs_refcount_add+0x220/0x220
[   29.056408]  ? __xfs_refcount_add+0x220/0x220
[   29.057053]  xfs_btree_simple_query_range+0x54/0x270
[   29.057769]  ? __this_cpu_preempt_check+0x1c/0x20
[   29.058507]  ? write_comp_data+0x2f/0x90
[   29.059101]  ? __xfs_refcount_add+0x220/0x220
[   29.059735]  xfs_btree_query_range+0x182/0x1a0
[   29.060392]  ? xfs_refcountbt_init_common+0x3b/0x80
[   29.061089]  ? xfs_refcountbt_init_cursor+0x38/0x60
[   29.061815]  xfs_refcount_recover_cow_leftovers+0x179/0x520
[   29.062664]  xfs_reflink_recover_cow+0x73/0xf0
[   29.063335]  xlog_recover_finish+0x99/0x160
[   29.063835]  xfs_log_mount_finish+0x141/0x1f0
[   29.064244] XFS (loop2): Starting recovery (logdev: internal)
[   29.064362]  xfs_mountfs+0x745/0xc30
[   29.065476]  xfs_fs_fill_super+0x71f/0xd10
[   29.065807] XFS (loop2): Metadata corruption detected at xfs_btree_lookup_get_block+0x272/0x2f0, xfs_refcountbt block 0x28
[   29.065957]  get_tree_bdev+0x243/0x350
[   29.067185] XFS (loop2): Unmount and run xfs_repair
[   29.067607]  ? xfs_fs_inode_init_once+0x90/0x90
[   29.068178] XFS (loop2): Failed to recover leftover CoW staging extents, err -117.
[   29.068688]  xfs_fs_get_tree+0x21/0x30
[   29.069549] XFS (loop2): Log I/O Error (0x2) detected at xlog_recover_finish+0xe7/0x160 (fs/xfs/xfs_log_recover.c:3520).  Shutting down filesystem.
[   29.069961]  vfs_get_tree+0x37/0x110
[   29.071402] XFS (loop2): Please unmount the filesystem and rectify the problem(s)
[   29.071817]  path_mount+0x76e/0x10b0
[   29.072672] XFS (loop2): Ending recovery (logdev: internal)
[   29.073067]  ? write_comp_data+0x2f/0x90
[   29.073749] XFS (loop2): Error -5 reserving per-AG metadata reserve pool.
[   29.074145]  do_mount+0xa7/0xc0
[   29.075278]  __x64_sys_mount+0x143/0x150
[   29.075743]  do_syscall_64+0x37/0x80
[   29.076175]  entry_SYSCALL_64_after_hwframe+0x44/0xae
[   29.076296] XFS (loop5): Mounting V5 Filesystem
[   29.076774] RIP: 0033:0x7f88f3a4b3ae
[   29.077778] Code: 48 8b 0d f5 8a 0c 00 f7 d8 64 89 01 48 83 c8 ff c3 66 2e 0f 1f 84 00 00 00 00 00 90 f3 0f 1e fa 49 89 ca b8 a5 00 00 00 0f 05 <48> 3d 01 f0 ff ff 73 01 c3 48 8b 0d c2 8a 0c 00 f7 d8 64 89 01 48
[   29.077831] XFS (loop1): Mounting V5 Filesystem
[   29.080043] RSP: 002b:00007ffc99c3ac68 EFLAGS: 00000202 ORIG_RAX: 00000000000000a5
[   29.080057] RAX: ffffffffffffffda RBX: 0000000000000000 RCX: 00007f88f3a4b3ae
[   29.081934] XFS (loop7): Mounting V5 Filesystem
[   29.082752] RDX: 0000000020009580 RSI: 00000000200095c0 RDI: 00007ffc99c3ada0
[   29.084432] RBP: 00007ffc99c3ae30 R08: 00007ffc99c3aca0 R09: 0000000000000000
[   29.085425] R10: 0000000000000800 R11: 0000000000000202 R12: 0000000000401260
[   29.086417] R13: 00007ffc99c3af70 R14: 0000000000000000 R15: 0000000000000000
[   29.087429]  </TASK>
[   29.087771] Modules linked in:
[   29.088634] CR2: 0000000000000000
[   29.089145] ---[ end trace 1a9623d7443bc4ae ]---
[   29.089812] RIP: 0010:xfs_btree_lookup_get_block+0xcb/0x2f0
[   29.090611] Code: 25 95 ff 45 85 ff 0f 85 1d 01 00 00 e8 3e 24 95 ff 4c 8b 75 c0 4d 85 f6 74 37 e8 30 24 95 ff 49 8b 96 28 02 00 00 48 8b 4d c8 <48> 8b 12 48 89 cf 48 89 4d b0 48 89 d6 48 89 55 a8 e8 bf 24 95 ff
[   29.093217] RSP: 0018:ffffc90000ba7960 EFLAGS: 00010246
[   29.093982] RAX: 0000000000000000 RBX: ffff8880148aebb8 RCX: 0000000000000028
[   29.095012] RDX: 0000000000000000 RSI: ffff888014850000 RDI: 0000000000000002
[   29.095091] XFS (loop3): Starting recovery (logdev: internal)
[   29.096032] RBP: ffffc90000ba79b8 R08: ffffc90000ba7be0 R09: ffff8880148aebb8
[   29.097907] R10: 0000000000000000 R11: 0000000000000001 R12: 0000000000000007
[   29.098573] XFS (loop3): Metadata corruption detected at xfs_btree_lookup_get_block+0x272/0x2f0, xfs_refcountbt block 0x28
[   29.098910] R13: ffffc90000ba79f8 R14: ffff8880148aeed8 R15: 0000000000000000
[   29.100477] XFS (loop3): Unmount and run xfs_repair
[   29.101462] FS:  00007f88f391e740(0000) GS:ffff88807dc00000(0000) knlGS:0000000000000000
[   29.101473] CS:  0010 DS: 0000 ES: 0000 CR0: 0000000080050033
[   29.102187] XFS (loop3): Failed to recover leftover CoW staging extents, err -117.
[   29.103298] CR2: 0000000000000000 CR3: 000000000dd86002 CR4: 0000000000770ef0
[   29.104118] XFS (loop3): Log I/O Error (0x2) detected at xlog_recover_finish+0xe7/0x160 (fs/xfs/xfs_log_recover.c:3520).  Shutting down filesystem.
[   29.105174] PKRU: 55555554
[   29.106185] XFS (loop3): Please unmount the filesystem and rectify the problem(s)
[   29.110860] XFS (loop4): Mounting V5 Filesystem
[   29.140708] XFS (loop3): Ending recovery (logdev: internal)
[   29.142563] XFS (loop3): Error -5 reserving per-AG metadata reserve pool.
[   29.173557] XFS (loop5): Starting recovery (logdev: internal)
[   29.174334] XFS (loop7): Starting recovery (logdev: internal)
[   29.177132] XFS (loop1): Starting recovery (logdev: internal)
[   29.177185] XFS (loop4): Starting recovery (logdev: internal)
[   29.178690] XFS (loop1): Metadata corruption detected at xfs_btree_lookup_get_block+0x272/0x2f0, xfs_refcountbt block 0x28
[   29.179893] BUG: kernel NULL pointer dereference, address: 0000000000000000
[   29.180264] XFS (loop1): Unmount and run xfs_repair
[   29.181241] #PF: supervisor read access in kernel mode
[   29.181249] #PF: error_code(0x0000) - not-present page
[   29.181255] PGD 13ba8067 P4D 13ba8067 PUD 13ba9067 PMD 0 
[   29.181270] Oops: 0000 [#2] PREEMPT SMP NOPTI
[   29.181281] CPU: 0 PID: 564 Comm: repro Tainted: G      D           5.16.0-3bf6a9e36e44+ #1
[   29.181293] Hardware name: QEMU Standard PC (i440FX + PIIX, 1996), BIOS rel-1.16.0-0-gd239552ce722-prebuilt.qemu.org 04/01/2014
[   29.181301] RIP: 0010:xfs_btree_lookup_get_block+0xcb/0x2f0
[   29.181319] Code: 25 95 ff 45 85 ff 0f 85 1d 01 00 00 e8 3e 24 95 ff 4c 8b 75 c0 4d 85 f6 74 37 e8 30 24 95 ff 49 8b 96 28 02 00 00 48 8b 4d c8 <48> 8b 12 48 89 cf 48 89 4d b0 48 89 d6 48 89 55 a8 e8 bf 24 95 ff
[   29.181330] RSP: 0018:ffffc90000b8f960 EFLAGS: 00010246
[   29.182032] XFS (loop1): Failed to recover leftover CoW staging extents, err -117.
[   29.182735] 
[   29.182738] RAX: 0000000000000000 RBX: ffff8880148ae258 RCX: 0000000000000028
[   29.183465] XFS (loop1): Log I/O Error (0x2) detected at xlog_recover_finish+0xe7/0x160 (fs/xfs/xfs_log_recover.c:3520).  Shutting down filesystem.
[   29.184214] RDX: 0000000000000000 RSI: ffff888014852340 RDI: 0000000000000002
[   29.184840] XFS (loop1): Please unmount the filesystem and rectify the problem(s)
[   29.185980] RBP: ffffc90000b8f9b8 R08: ffffc90000b8fbe0 R09: ffff8880148ae258
[   29.185989] R10: ffffc90000b8fba0 R11: 0000000000000000 R12: 0000000000000007
[   29.185996] R13: ffffc90000b8f9f8 R14: ffff8880148aee10 R15: 0000000000000000
[   29.187696] XFS (loop1): Ending recovery (logdev: internal)
[   29.188354] FS:  00007f88f391e740(0000) GS:ffff88807dc00000(0000) knlGS:0000000000000000
[   29.190962] XFS (loop1): Error -5 reserving per-AG metadata reserve pool.
[   29.191656] CS:  0010 DS: 0000 ES: 0000 CR0: 0000000080050033
[   29.193483] XFS (loop5): Metadata corruption detected at xfs_btree_lookup_get_block+0x272/0x2f0, xfs_refcountbt block 0x28
[   29.193952] CR2: 0000000000000000 CR3: 000000001393c002 CR4: 0000000000770ef0
[   29.195771] XFS (loop5): Unmount and run xfs_repair
[   29.196764] PKRU: 55555554
[   29.197842] XFS (loop5): Failed to recover leftover CoW staging extents, err -117.
[   29.198787] Call Trace:
[   29.198794]  <TASK>
[   29.199792] XFS (loop5): Log I/O Error (0x2) detected at xlog_recover_finish+0xe7/0x160 (fs/xfs/xfs_log_recover.c:3520).  Shutting down filesystem.
[   29.200775]  ? slab_post_alloc_hook+0x7b/0x2e0
[   29.201603] XFS (loop5): Please unmount the filesystem and rectify the problem(s)
[   29.202675]  xfs_btree_lookup+0xfa/0x7f0
[   29.205591] XFS (loop5): Ending recovery (logdev: internal)
[   29.205936]  ? write_comp_data+0x2f/0x90
[   29.208822] XFS (loop7): Metadata corruption detected at xfs_btree_lookup_get_block+0x272/0x2f0, xfs_refcountbt block 0x28
[   29.209071]  ? __sanitizer_cov_trace_pc+0x21/0x50
[   29.209499] XFS (loop7): Unmount and run xfs_repair
[   29.209783]  ? rcu_read_lock_held_common+0x12/0x50
[   29.211602] XFS (loop7): Failed to recover leftover CoW staging extents, err -117.
[   29.212225]  ? __xfs_refcount_add+0x220/0x220
[   29.213286] XFS (loop7): Log I/O Error (0x2) detected at xlog_recover_finish+0xe7/0x160 (fs/xfs/xfs_log_recover.c:3520).  Shutting down filesystem.
[   29.213815]  ? __xfs_refcount_add+0x220/0x220
[   29.214593] XFS (loop7): Please unmount the filesystem and rectify the problem(s)
[   29.215146]  xfs_btree_simple_query_range+0x54/0x270
[   29.217820] XFS (loop5): Error -5 reserving per-AG metadata reserve pool.
[   29.217996]  ? slab_post_alloc_hook+0x7b/0x2e0
[   29.223137] XFS (loop7): Ending recovery (logdev: internal)
[   29.223727]  ? write_comp_data+0x2f/0x90
[   29.226691] XFS (loop7): Error -5 reserving per-AG metadata reserve pool.
[   29.226766]  ? __xfs_refcount_add+0x220/0x220
[   29.228886]  xfs_btree_query_range+0x182/0x1a0
[   29.229531]  ? xfs_refcountbt_init_common+0x3b/0x80
[   29.230224]  ? xfs_refcountbt_init_cursor+0x38/0x60
[   29.230917]  xfs_refcount_recover_cow_leftovers+0x179/0x520
[   29.231695]  ? rcu_read_lock_sched_held+0x25/0x80
[   29.232386]  xfs_reflink_recover_cow+0x73/0xf0
[   29.233029]  xlog_recover_finish+0x99/0x160
[   29.233626]  xfs_log_mount_finish+0x141/0x1f0
[   29.234267]  xfs_mountfs+0x745/0xc30
[   29.234812]  xfs_fs_fill_super+0x71f/0xd10
[   29.235423]  get_tree_bdev+0x243/0x350
[   29.235989]  ? xfs_fs_inode_init_once+0x90/0x90
[   29.236660]  xfs_fs_get_tree+0x21/0x30
[   29.237212]  vfs_get_tree+0x37/0x110
[   29.237744]  path_mount+0x76e/0x10b0
[   29.238283]  ? write_comp_data+0x2f/0x90
[   29.238860]  do_mount+0xa7/0xc0
[   29.239338]  __x64_sys_mount+0x143/0x150
[   29.239908]  do_syscall_64+0x37/0x80
[   29.240444]  entry_SYSCALL_64_after_hwframe+0x44/0xae
[   29.241168] RIP: 0033:0x7f88f3a4b3ae
[   29.241704] Code: 48 8b 0d f5 8a 0c 00 f7 d8 64 89 01 48 83 c8 ff c3 66 2e 0f 1f 84 00 00 00 00 00 90 f3 0f 1e fa 49 89 ca b8 a5 00 00 00 0f 05 <48> 3d 01 f0 ff ff 73 01 c3 48 8b 0d c2 8a 0c 00 f7 d8 64 89 01 48
[   29.244274] RSP: 002b:00007ffc99c3ac68 EFLAGS: 00000202 ORIG_RAX: 00000000000000a5
[   29.245344] RAX: ffffffffffffffda RBX: 0000000000000000 RCX: 00007f88f3a4b3ae
[   29.246349] RDX: 0000000020009580 RSI: 00000000200095c0 RDI: 00007ffc99c3ada0
[   29.247356] RBP: 00007ffc99c3ae30 R08: 00007ffc99c3aca0 R09: 0000000000000000
[   29.248366] R10: 0000000000000800 R11: 0000000000000202 R12: 0000000000401260
[   29.249378] R13: 00007ffc99c3af70 R14: 0000000000000000 R15: 0000000000000000
[   29.250390]  </TASK>
[   29.250731] Modules linked in:
[   29.251189] CR2: 0000000000000000
[   29.251684] ---[ end trace 1a9623d7443bc4af ]---
[   29.252355] RIP: 0010:xfs_btree_lookup_get_block+0xcb/0x2f0
[   29.253156] Code: 25 95 ff 45 85 ff 0f 85 1d 01 00 00 e8 3e 24 95 ff 4c 8b 75 c0 4d 85 f6 74 37 e8 30 24 95 ff 49 8b 96 28 02 00 00 48 8b 4d c8 <48> 8b 12 48 89 cf 48 89 4d b0 48 89 d6 48 89 55 a8 e8 bf 24 95 ff
[   29.255717] RSP: 0018:ffffc90000ba7960 EFLAGS: 00010246
[   29.256486] RAX: 0000000000000000 RBX: ffff8880148aebb8 RCX: 0000000000000028
[   29.257486] RDX: 0000000000000000 RSI: ffff888014850000 RDI: 0000000000000002
[   29.258486] RBP: ffffc90000ba79b8 R08: ffffc90000ba7be0 R09: ffff8880148aebb8
[   29.259494] R10: 0000000000000000 R11: 0000000000000001 R12: 0000000000000007
[   29.260501] R13: ffffc90000ba79f8 R14: ffff8880148aeed8 R15: 0000000000000000
[   29.261501] FS:  00007f88f391e740(0000) GS:ffff88807dc00000(0000) knlGS:0000000000000000
[   29.262630] CS:  0010 DS: 0000 ES: 0000 CR0: 0000000080050033
[   29.263452] CR2: 0000000000000000 CR3: 000000001393c002 CR4: 0000000000770ef0
[   29.264477] PKRU: 55555554
[   29.603147] loop0: detected capacity change from 0 to 32768
[   29.615074] loop2: detected capacity change from 0 to 32768
[   29.617874] loop3: detected capacity change from 0 to 32768
[   29.650430] loop7: detected capacity change from 0 to 32768
[   29.702371] loop1: detected capacity change from 0 to 32768
[   29.720046] XFS (loop2): Mounting V5 Filesystem
[   29.721074] XFS (loop0): Mounting V5 Filesystem
[   29.736351] loop5: detected capacity change from 0 to 32768
[   29.742481] XFS (loop3): Mounting V5 Filesystem
[   29.752083] XFS (loop1): Mounting V5 Filesystem
[   29.755184] XFS (loop2): Starting recovery (logdev: internal)
[   29.758326] XFS (loop2): Metadata corruption detected at xfs_btree_lookup_get_block+0x272/0x2f0, xfs_refcountbt block 0x28
[   29.759581] XFS (loop2): Unmount and run xfs_repair
[   29.760157] XFS (loop2): Failed to recover leftover CoW staging extents, err -117.
[   29.760997] XFS (loop2): Log I/O Error (0x2) detected at xlog_recover_finish+0xe7/0x160 (fs/xfs/xfs_log_recover.c:3520).  Shutting down filesystem.
[   29.762501] XFS (loop2): Please unmount the filesystem and rectify the problem(s)
[   29.765006] XFS (loop2): Ending recovery (logdev: internal)
[   29.768291] XFS (loop2): Error -5 reserving per-AG metadata reserve pool.
[   29.772156] XFS (loop7): Mounting V5 Filesystem
[   29.773291] XFS (loop5): Mounting V5 Filesystem
[   29.778951] XFS (loop0): Starting recovery (logdev: internal)
[   29.781877] XFS (loop0): Metadata corruption detected at xfs_btree_lookup_get_block+0x272/0x2f0, xfs_refcountbt block 0x28
[   29.783150] XFS (loop0): Unmount and run xfs_repair
[   29.783723] XFS (loop0): Failed to recover leftover CoW staging extents, err -117.
[   29.784602] XFS (loop0): Log I/O Error (0x2) detected at xlog_recover_finish+0xe7/0x160 (fs/xfs/xfs_log_recover.c:3520).  Shutting down filesystem.
[   29.786129] XFS (loop0): Please unmount the filesystem and rectify the problem(s)
[   29.794560] XFS (loop0): Ending recovery (logdev: internal)
[   29.795514] XFS (loop0): Error -5 reserving per-AG metadata reserve pool.
[   29.808001] XFS (loop5): Starting recovery (logdev: internal)
[   29.809863] XFS (loop5): Metadata corruption detected at xfs_btree_lookup_get_block+0x272/0x2f0, xfs_refcountbt block 0x28
[   29.811160] XFS (loop5): Unmount and run xfs_repair
[   29.811755] XFS (loop5): Failed to recover leftover CoW staging extents, err -117.
[   29.812647] XFS (loop5): Log I/O Error (0x2) detected at xlog_recover_finish+0xe7/0x160 (fs/xfs/xfs_log_recover.c:3520).  Shutting down filesystem.
[   29.814204] XFS (loop5): Please unmount the filesystem and rectify the problem(s)
[   29.816747] XFS (loop1): Starting recovery (logdev: internal)
[   29.820366] XFS (loop1): Metadata corruption detected at xfs_btree_lookup_get_block+0x272/0x2f0, xfs_refcountbt block 0x28
[   29.821723] XFS (loop1): Unmount and run xfs_repair
[   29.822339] XFS (loop1): Failed to recover leftover CoW staging extents, err -117.
[   29.823291] XFS (loop1): Log I/O Error (0x2) detected at xlog_recover_finish+0xe7/0x160 (fs/xfs/xfs_log_recover.c:3520).  Shutting down filesystem.
[   29.825062] XFS (loop1): Please unmount the filesystem and rectify the problem(s)
[   29.829458] XFS (loop3): Starting recovery (logdev: internal)
[   29.832284] XFS (loop3): Metadata corruption detected at xfs_btree_lookup_get_block+0x272/0x2f0, xfs_refcountbt block 0x28
[   29.833924] XFS (loop3): Unmount and run xfs_repair
[   29.834643] XFS (loop3): Failed to recover leftover CoW staging extents, err -117.
[   29.835720] XFS (loop3): Log I/O Error (0x2) detected at xlog_recover_finish+0xe7/0x160 (fs/xfs/xfs_log_recover.c:3520).  Shutting down filesystem.
[   29.837619] XFS (loop3): Please unmount the filesystem and rectify the problem(s)
[   29.847220] XFS (loop7): Starting recovery (logdev: internal)
[   29.851676] XFS (loop1): Ending recovery (logdev: internal)
[   29.852583] XFS (loop1): Error -5 reserving per-AG metadata reserve pool.
[   29.864468] XFS (loop7): Metadata corruption detected at xfs_btree_lookup_get_block+0x272/0x2f0, xfs_refcountbt block 0x28
[   29.866164] XFS (loop7): Unmount and run xfs_repair
[   29.866885] XFS (loop7): Failed to recover leftover CoW staging extents, err -117.
[   29.867971] XFS (loop7): Log I/O Error (0x2) detected at xlog_recover_finish+0xe7/0x160 (fs/xfs/xfs_log_recover.c:3520).  Shutting down filesystem.
[   29.869879] XFS (loop7): Please unmount the filesystem and rectify the problem(s)
[   29.876908] XFS (loop5): Ending recovery (logdev: internal)
[   29.877948] XFS (loop3): Ending recovery (logdev: internal)
[   29.878789] XFS (loop3): Error -5 reserving per-AG metadata reserve pool.
[   29.880938] XFS (loop5): Error -5 reserving per-AG metadata reserve pool.
[   29.883372] XFS (loop7): Ending recovery (logdev: internal)
[   29.884237] XFS (loop7): Error -5 reserving per-AG metadata reserve pool.
[   30.090658] loop0: detected capacity change from 0 to 32768
[   30.157014] XFS (loop0): Mounting V5 Filesystem
[   30.195104] XFS (loop0): Starting recovery (logdev: internal)
[   30.196498] XFS (loop0): Metadata corruption detected at xfs_btree_lookup_get_block+0x272/0x2f0, xfs_refcountbt block 0x28
[   30.197765] XFS (loop0): Unmount and run xfs_repair
[   30.198329] XFS (loop0): Failed to recover leftover CoW staging extents, err -117.
[   30.199178] XFS (loop0): Log I/O Error (0x2) detected at xlog_recover_finish+0xe7/0x160 (fs/xfs/xfs_log_recover.c:3520).  Shutting down filesystem.
[   30.200647] XFS (loop0): Please unmount the filesystem and rectify the problem(s)
[   30.201528] XFS (loop0): Ending recovery (logdev: internal)
[   30.202189] XFS (loop0): Error -5 reserving per-AG metadata reserve pool.
[   30.231739] loop5: detected capacity change from 0 to 32768
[   30.234447] loop2: detected capacity change from 0 to 32768
[   30.237312] loop7: detected capacity change from 0 to 32768
[   30.302744] XFS (loop5): Mounting V5 Filesystem
[   30.302750] XFS (loop7): Mounting V5 Filesystem
[   30.304485] XFS (loop2): Mounting V5 Filesystem
[   30.308989] loop1: detected capacity change from 0 to 32768
[   30.332410] loop3: detected capacity change from 0 to 32768
[   30.335094] XFS (loop7): Starting recovery (logdev: internal)
[   30.341043] XFS (loop7): Metadata corruption detected at xfs_btree_lookup_get_block+0x272/0x2f0, xfs_refcountbt block 0x28
[   30.342343] XFS (loop7): Unmount and run xfs_repair
[   30.342909] XFS (loop7): Failed to recover leftover CoW staging extents, err -117.
[   30.343759] XFS (loop7): Log I/O Error (0x2) detected at xlog_recover_finish+0xe7/0x160 (fs/xfs/xfs_log_recover.c:3520).  Shutting down filesystem.
[   30.345246] XFS (loop7): Please unmount the filesystem and rectify the problem(s)
[   30.374359] XFS (loop5): Starting recovery (logdev: internal)
[   30.374936] XFS (loop7): Ending recovery (logdev: internal)
[   30.380352] XFS (loop2): Starting recovery (logdev: internal)
[   30.381878] XFS (loop7): Error -5 reserving per-AG metadata reserve pool.
[   30.383224] XFS (loop5): Metadata corruption detected at xfs_btree_lookup_get_block+0x272/0x2f0, xfs_refcountbt block 0x28
[   30.384552] XFS (loop5): Unmount and run xfs_repair
[   30.385143] XFS (loop5): Failed to recover leftover CoW staging extents, err -117.
[   30.386061] XFS (loop5): Log I/O Error (0x2) detected at xlog_recover_finish+0xe7/0x160 (fs/xfs/xfs_log_recover.c:3520).  Shutting down filesystem.
[   30.387592] XFS (loop5): Please unmount the filesystem and rectify the problem(s)
[   30.389200] XFS (loop2): Metadata corruption detected at xfs_btree_lookup_get_block+0x272/0x2f0, xfs_refcountbt block 0x28
[   30.390590] XFS (loop2): Unmount and run xfs_repair
[   30.391227] XFS (loop2): Failed to recover leftover CoW staging extents, err -117.
[   30.392185] XFS (loop2): Log I/O Error (0x2) detected at xlog_recover_finish+0xe7/0x160 (fs/xfs/xfs_log_recover.c:3520).  Shutting down filesystem.
[   30.393956] XFS (loop2): Please unmount the filesystem and rectify the problem(s)
[   30.395133] XFS (loop1): Mounting V5 Filesystem
[   30.396309] XFS (loop5): Ending recovery (logdev: internal)
[   30.397182] XFS (loop5): Error -5 reserving per-AG metadata reserve pool.
[   30.400654] XFS (loop2): Ending recovery (logdev: internal)
[   30.401841] XFS (loop2): Error -5 reserving per-AG metadata reserve pool.
[   30.422368] XFS (loop3): Mounting V5 Filesystem
[   30.436311] XFS (loop1): Starting recovery (logdev: internal)
[   30.438091] XFS (loop1): Metadata corruption detected at xfs_btree_lookup_get_block+0x272/0x2f0, xfs_refcountbt block 0x28
[   30.439419] XFS (loop1): Unmount and run xfs_repair
[   30.440011] XFS (loop1): Failed to recover leftover CoW staging extents, err -117.
[   30.440913] XFS (loop1): Log I/O Error (0x2) detected at xlog_recover_finish+0xe7/0x160 (fs/xfs/xfs_log_recover.c:3520).  Shutting down filesystem.
[   30.442468] XFS (loop1): Please unmount the filesystem and rectify the problem(s)
[   30.443673] XFS (loop1): Ending recovery (logdev: internal)
[   30.444374] XFS (loop1): Error -5 reserving per-AG metadata reserve pool.
[   30.460993] XFS (loop3): Starting recovery (logdev: internal)
[   30.462947] XFS (loop3): Metadata corruption detected at xfs_btree_lookup_get_block+0x272/0x2f0, xfs_refcountbt block 0x28
[   30.464547] XFS (loop3): Unmount and run xfs_repair
[   30.465309] XFS (loop3): Failed to recover leftover CoW staging extents, err -117.
[   30.466399] XFS (loop3): Log I/O Error (0x2) detected at xlog_recover_finish+0xe7/0x160 (fs/xfs/xfs_log_recover.c:3520).  Shutting down filesystem.
[   30.468261] XFS (loop3): Please unmount the filesystem and rectify the problem(s)
[   30.478492] XFS (loop3): Ending recovery (logdev: internal)
[   30.479373] XFS (loop3): Error -5 reserving per-AG metadata reserve pool.
[   30.646361] loop0: detected capacity change from 0 to 32768
[   30.694039] loop7: detected capacity change from 0 to 32768
[   30.717666] XFS (loop0): Mounting V5 Filesystem
[   30.731066] loop5: detected capacity change from 0 to 32768
[   30.759049] loop3: detected capacity change from 0 to 32768
[   30.762675] XFS (loop7): Mounting V5 Filesystem
[   30.782936] XFS (loop0): Starting recovery (logdev: internal)
[   30.785130] XFS (loop0): Metadata corruption detected at xfs_btree_lookup_get_block+0x272/0x2f0, xfs_refcountbt block 0x28
[   30.786633] loop2: detected capacity change from 0 to 32768
[   30.786757] XFS (loop0): Unmount and run xfs_repair
[   30.788254] XFS (loop0): Failed to recover leftover CoW staging extents, err -117.
[   30.789340] XFS (loop0): Log I/O Error (0x2) detected at xlog_recover_finish+0xe7/0x160 (fs/xfs/xfs_log_recover.c:3520).  Shutting down filesystem.
[   30.791139] XFS (loop0): Please unmount the filesystem and rectify the problem(s)
[   30.826774] XFS (loop0): Ending recovery (logdev: internal)
[   30.827500] XFS (loop0): Error -5 reserving per-AG metadata reserve pool.
[   30.830893] XFS (loop3): Mounting V5 Filesystem
[   30.843153] XFS (loop7): Starting recovery (logdev: internal)
[   30.844820] XFS (loop7): Metadata corruption detected at xfs_btree_lookup_get_block+0x272/0x2f0, xfs_refcountbt block 0x28
[   30.846471] XFS (loop7): Unmount and run xfs_repair
[   30.847189] XFS (loop7): Failed to recover leftover CoW staging extents, err -117.
[   30.848277] XFS (loop7): Log I/O Error (0x2) detected at xlog_recover_finish+0xe7/0x160 (fs/xfs/xfs_log_recover.c:3520).  Shutting down filesystem.
[   30.850125] XFS (loop7): Please unmount the filesystem and rectify the problem(s)
[   30.865717] XFS (loop7): Ending recovery (logdev: internal)
[   30.866655] XFS (loop7): Error -5 reserving per-AG metadata reserve pool.
[   30.870430] XFS (loop5): Mounting V5 Filesystem
[   30.889530] loop1: detected capacity change from 0 to 32768
[   30.896346] XFS (loop5): Starting recovery (logdev: internal)
[   30.897126] XFS (loop3): Starting recovery (logdev: internal)
[   30.898673] XFS (loop5): Metadata corruption detected at xfs_btree_lookup_get_block+0x272/0x2f0, xfs_refcountbt block 0x28
[   30.899949] XFS (loop5): Unmount and run xfs_repair
[   30.900538] XFS (loop5): Failed to recover leftover CoW staging extents, err -117.
[   30.901444] XFS (loop5): Log I/O Error (0x2) detected at xlog_recover_finish+0xe7/0x160 (fs/xfs/xfs_log_recover.c:3520).  Shutting down filesystem.
[   30.902988] XFS (loop5): Please unmount the filesystem and rectify the problem(s)
[   30.904922] XFS (loop3): Metadata corruption detected at xfs_btree_lookup_get_block+0x272/0x2f0, xfs_refcountbt block 0x28
[   30.906540] XFS (loop3): Unmount and run xfs_repair
[   30.907249] XFS (loop3): Failed to recover leftover CoW staging extents, err -117.
[   30.908340] XFS (loop3): Log I/O Error (0x2) detected at xlog_recover_finish+0xe7/0x160 (fs/xfs/xfs_log_recover.c:3520).  Shutting down filesystem.
[   30.910026] XFS (loop3): Please unmount the filesystem and rectify the problem(s)
[   30.918691] XFS (loop5): Ending recovery (logdev: internal)
[   30.919437] XFS (loop5): Error -5 reserving per-AG metadata reserve pool.
[   30.937598] XFS (loop3): Ending recovery (logdev: internal)
[   30.938314] XFS (loop3): Error -5 reserving per-AG metadata reserve pool.
[   30.958621] XFS (loop2): Mounting V5 Filesystem
[   30.989790] XFS (loop2): Starting recovery (logdev: internal)
[   30.991348] XFS (loop2): Metadata corruption detected at xfs_btree_lookup_get_block+0x272/0x2f0, xfs_refcountbt block 0x28
[   30.992602] XFS (loop2): Unmount and run xfs_repair
[   30.993170] XFS (loop2): Failed to recover leftover CoW staging extents, err -117.
[   30.994077] XFS (loop2): Log I/O Error (0x2) detected at xlog_recover_finish+0xe7/0x160 (fs/xfs/xfs_log_recover.c:3520).  Shutting down filesystem.
[   30.995542] XFS (loop2): Please unmount the filesystem and rectify the problem(s)
[   30.996391] XFS (loop2): Ending recovery (logdev: internal)
[   30.997050] XFS (loop2): Error -5 reserving per-AG metadata reserve pool.
[   30.998231] XFS (loop1): Mounting V5 Filesystem
[   31.059679] loop0: detected capacity change from 0 to 32768
[   31.075012] XFS (loop1): Starting recovery (logdev: internal)
[   31.076958] XFS (loop1): Metadata corruption detected at xfs_btree_lookup_get_block+0x272/0x2f0, xfs_refcountbt block 0x28
[   31.078687] XFS (loop1): Unmount and run xfs_repair
[   31.079409] XFS (loop1): Failed to recover leftover CoW staging extents, err -117.
[   31.080499] XFS (loop1): Log I/O Error (0x2) detected at xlog_recover_finish+0xe7/0x160 (fs/xfs/xfs_log_recover.c:3520).  Shutting down filesystem.
[   31.082394] XFS (loop1): Please unmount the filesystem and rectify the problem(s)
[   31.146249] loop7: detected capacity change from 0 to 32768
[   31.150161] XFS (loop1): Ending recovery (logdev: internal)
[   31.150892] XFS (loop1): Error -5 reserving per-AG metadata reserve pool.
[   31.176955] XFS (loop0): Mounting V5 Filesystem
[   31.185465] XFS (loop7): Mounting V5 Filesystem
[   31.205133] loop3: detected capacity change from 0 to 32768
[   31.216600] XFS (loop0): Starting recovery (logdev: internal)
[   31.218025] XFS (loop0): Metadata corruption detected at xfs_btree_lookup_get_block+0x272/0x2f0, xfs_refcountbt block 0x28
[   31.219243] XFS (loop0): Unmount and run xfs_repair
[   31.219796] XFS (loop0): Failed to recover leftover CoW staging extents, err -117.
[   31.220640] XFS (loop0): Log I/O Error (0x2) detected at xlog_recover_finish+0xe7/0x160 (fs/xfs/xfs_log_recover.c:3520).  Shutting down filesystem.
[   31.222130] XFS (loop0): Please unmount the filesystem and rectify the problem(s)
[   31.224214] XFS (loop0): Ending recovery (logdev: internal)
[   31.224922] XFS (loop0): Error -5 reserving per-AG metadata reserve pool.
[   31.235799] XFS (loop7): Starting recovery (logdev: internal)
[   31.238135] XFS (loop7): Metadata corruption detected at xfs_btree_lookup_get_block+0x272/0x2f0, xfs_refcountbt block 0x28
[   31.239409] XFS (loop7): Unmount and run xfs_repair
[   31.239977] XFS (loop7): Failed to recover leftover CoW staging extents, err -117.
[   31.240836] XFS (loop7): Log I/O Error (0x2) detected at xlog_recover_finish+0xe7/0x160 (fs/xfs/xfs_log_recover.c:3520).  Shutting down filesystem.
[   31.242312] XFS (loop7): Please unmount the filesystem and rectify the problem(s)
[   31.247486] XFS (loop7): Ending recovery (logdev: internal)
[   31.248198] XFS (loop7): Error -5 reserving per-AG metadata reserve pool.
[   31.262357] XFS (loop3): Mounting V5 Filesystem
[   31.320011] XFS (loop3): Starting recovery (logdev: internal)
[   31.321528] XFS (loop3): Metadata corruption detected at xfs_btree_lookup_get_block+0x272/0x2f0, xfs_refcountbt block 0x28
[   31.322773] XFS (loop3): Unmount and run xfs_repair
[   31.323339] XFS (loop3): Failed to recover leftover CoW staging extents, err -117.
[   31.324200] XFS (loop3): Log I/O Error (0x2) detected at xlog_recover_finish+0xe7/0x160 (fs/xfs/xfs_log_recover.c:3520).  Shutting down filesystem.
[   31.325711] XFS (loop3): Please unmount the filesystem and rectify the problem(s)
[   31.350504] loop5: detected capacity change from 0 to 32768
[   31.356225] XFS (loop3): Ending recovery (logdev: internal)
[   31.357133] XFS (loop3): Error -5 reserving per-AG metadata reserve pool.
[   31.373036] XFS (loop5): Mounting V5 Filesystem
[   31.388249] XFS (loop5): Starting recovery (logdev: internal)
[   31.390019] XFS (loop5): Metadata corruption detected at xfs_btree_lookup_get_block+0x272/0x2f0, xfs_refcountbt block 0x28
[   31.391630] XFS (loop5): Unmount and run xfs_repair
[   31.392368] XFS (loop5): Failed to recover leftover CoW staging extents, err -117.
[   31.393505] XFS (loop5): Log I/O Error (0x2) detected at xlog_recover_finish+0xe7/0x160 (fs/xfs/xfs_log_recover.c:3520).  Shutting down filesystem.
[   31.395364] XFS (loop5): Please unmount the filesystem and rectify the problem(s)
[   31.398877] loop2: detected capacity change from 0 to 32768
[   31.411165] XFS (loop5): Ending recovery (logdev: internal)
[   31.412027] XFS (loop5): Error -5 reserving per-AG metadata reserve pool.
[   31.423787] XFS (loop2): Mounting V5 Filesystem
[   31.437984] XFS (loop2): Starting recovery (logdev: internal)
[   31.439428] XFS (loop2): Metadata corruption detected at xfs_btree_lookup_get_block+0x272/0x2f0, xfs_refcountbt block 0x28
[   31.440829] XFS (loop2): Unmount and run xfs_repair
[   31.441557] XFS (loop2): Failed to recover leftover CoW staging extents, err -117.
[   31.442571] XFS (loop2): Log I/O Error (0x2) detected at xlog_recover_finish+0xe7/0x160 (fs/xfs/xfs_log_recover.c:3520).  Shutting down filesystem.
[   31.444419] XFS (loop2): Please unmount the filesystem and rectify the problem(s)
[   31.460941] XFS (loop2): Ending recovery (logdev: internal)
[   31.466198] XFS (loop2): Error -5 reserving per-AG metadata reserve pool.
[   31.467130] loop0: detected capacity change from 0 to 32768
[   31.536824] XFS (loop0): Mounting V5 Filesystem
[   31.565842] XFS (loop0): Starting recovery (logdev: internal)
[   31.567230] XFS (loop0): Metadata corruption detected at xfs_btree_lookup_get_block+0x272/0x2f0, xfs_refcountbt block 0x28
[   31.568492] XFS (loop0): Unmount and run xfs_repair
[   31.569055] XFS (loop0): Failed to recover leftover CoW staging extents, err -117.
[   31.569931] XFS (loop0): Log I/O Error (0x2) detected at xlog_recover_finish+0xe7/0x160 (fs/xfs/xfs_log_recover.c:3520).  Shutting down filesystem.
[   31.571384] XFS (loop0): Please unmount the filesystem and rectify the problem(s)
[   31.579707] XFS (loop0): Ending recovery (logdev: internal)
[   31.580520] XFS (loop0): Error -5 reserving per-AG metadata reserve pool.
[   31.660769] loop3: detected capacity change from 0 to 32768
[   31.702550] loop5: detected capacity change from 0 to 32768
[   31.761684] XFS (loop3): Mounting V5 Filesystem
[   31.773355] loop1: detected capacity change from 0 to 32768
[   31.797632] loop2: detected capacity change from 0 to 32768
[   31.826308] XFS (loop3): Starting recovery (logdev: internal)
[   31.827523] XFS (loop5): Mounting V5 Filesystem
[   31.828752] XFS (loop3): Metadata corruption detected at xfs_btree_lookup_get_block+0x272/0x2f0, xfs_refcountbt block 0x28
[   31.830091] XFS (loop3): Unmount and run xfs_repair
[   31.830669] XFS (loop3): Failed to recover leftover CoW staging extents, err -117.
[   31.831531] XFS (loop3): Log I/O Error (0x2) detected at xlog_recover_finish+0xe7/0x160 (fs/xfs/xfs_log_recover.c:3520).  Shutting down filesystem.
[   31.833060] XFS (loop3): Please unmount the filesystem and rectify the problem(s)
[   31.841991] XFS (loop3): Ending recovery (logdev: internal)
[   31.845896] XFS (loop3): Error -5 reserving per-AG metadata reserve pool.
[   31.861494] XFS (loop2): Mounting V5 Filesystem
[   31.882514] XFS (loop1): Mounting V5 Filesystem
[   31.889941] XFS (loop5): Starting recovery (logdev: internal)
[   31.894662] XFS (loop5): Metadata corruption detected at xfs_btree_lookup_get_block+0x272/0x2f0, xfs_refcountbt block 0x28
[   31.896284] XFS (loop5): Unmount and run xfs_repair
[   31.896997] XFS (loop5): Failed to recover leftover CoW staging extents, err -117.
[   31.898118] XFS (loop5): Log I/O Error (0x2) detected at xlog_recover_finish+0xe7/0x160 (fs/xfs/xfs_log_recover.c:3520).  Shutting down filesystem.
[   31.899964] XFS (loop5): Please unmount the filesystem and rectify the problem(s)
[   31.904344] XFS (loop5): Ending recovery (logdev: internal)
[   31.907523] XFS (loop5): Error -5 reserving per-AG metadata reserve pool.
[   31.909965] loop7: detected capacity change from 0 to 32768
[   31.926742] XFS (loop2): Starting recovery (logdev: internal)
[   31.932973] XFS (loop1): Starting recovery (logdev: internal)
[   31.935158] BUG: kernel NULL pointer dereference, address: 0000000000000083
[   31.935961] #PF: supervisor read access in kernel mode
[   31.936554] #PF: error_code(0x0000) - not-present page
[   31.937136] PGD 148dd067 P4D 148dd067 PUD 9215067 PMD 0 
[   31.937759] Oops: 0000 [#3] PREEMPT SMP NOPTI
[   31.938265] CPU: 0 PID: 911 Comm: repro Tainted: G      D           5.16.0-3bf6a9e36e44+ #1
[   31.939190] Hardware name: QEMU Standard PC (i440FX + PIIX, 1996), BIOS rel-1.16.0-0-gd239552ce722-prebuilt.qemu.org 04/01/2014
[   31.940453] RIP: 0010:xfs_btree_lookup_get_block+0xcb/0x2f0
[   31.941091] Code: 25 95 ff 45 85 ff 0f 85 1d 01 00 00 e8 3e 24 95 ff 4c 8b 75 c0 4d 85 f6 74 37 e8 30 24 95 ff 49 8b 96 28 02 00 00 48 8b 4d c8 <48> 8b 12 48 89 cf 48 89 4d b0 48 89 d6 48 89 55 a8 e8 bf 24 95 ff
[   31.943190] RSP: 0018:ffffc90001203960 EFLAGS: 00010246
[   31.943833] RAX: 0000000000000000 RBX: ffff8880148aec80 RCX: 0000000000000028
[   31.944738] RDX: 0000000000000083 RSI: ffff88801f072340 RDI: 0000000000000002
[   31.945687] RBP: ffffc900012039b8 R08: ffffc90001203be0 R09: ffff8880148aec80
[   31.946691] R10: ffffc90001203ba0 R11: 0000000000000000 R12: 0000000000000007
[   31.947699] R13: ffffc900012039f8 R14: ffff8880148ae000 R15: 0000000000000000
[   31.948715] FS:  00007f88f391e740(0000) GS:ffff88807dc00000(0000) knlGS:0000000000000000
[   31.949852] CS:  0010 DS: 0000 ES: 0000 CR0: 0000000080050033
[   31.950668] CR2: 0000000000000083 CR3: 0000000009698001 CR4: 0000000000770ef0
[   31.951672] PKRU: 55555554
[   31.952075] Call Trace:
[   31.952367] loop0: detected capacity change from 0 to 32768
[   31.952450]  <TASK>
[   31.953606]  ? slab_post_alloc_hook+0x7b/0x2e0
[   31.954258]  xfs_btree_lookup+0xfa/0x7f0
[   31.954825]  ? write_comp_data+0x2f/0x90
[   31.955391]  ? __sanitizer_cov_trace_pc+0x21/0x50
[   31.956064]  ? rcu_read_lock_held_common+0x12/0x50
[   31.956767]  ? __xfs_refcount_add+0x220/0x220
[   31.957394]  ? __xfs_refcount_add+0x220/0x220
[   31.958021]  xfs_btree_simple_query_range+0x54/0x270
[   31.958728]  ? slab_post_alloc_hook+0x7b/0x2e0
[   31.959367]  ? write_comp_data+0x2f/0x90
[   31.959936]  ? __xfs_refcount_add+0x220/0x220
[   31.960565]  xfs_btree_query_range+0x182/0x1a0
[   31.961210]  ? xfs_refcountbt_init_common+0x3b/0x80
[   31.961913]  ? xfs_refcountbt_init_cursor+0x38/0x60
[   31.962620]  xfs_refcount_recover_cow_leftovers+0x179/0x520
[   31.963429]  ? rcu_read_lock_sched_held+0x25/0x80
[   31.964135]  xfs_reflink_recover_cow+0x73/0xf0
[   31.964799]  xlog_recover_finish+0x99/0x160
[   31.965413]  xfs_log_mount_finish+0x141/0x1f0
[   31.966054]  xfs_mountfs+0x745/0xc30
[   31.966586]  xfs_fs_fill_super+0x71f/0xd10
[   31.967184]  get_tree_bdev+0x243/0x350
[   31.967740]  ? xfs_fs_inode_init_once+0x90/0x90
[   31.968413]  xfs_fs_get_tree+0x21/0x30
[   31.968966]  vfs_get_tree+0x37/0x110
[   31.969502]  path_mount+0x76e/0x10b0
[   31.970031]  ? write_comp_data+0x2f/0x90
[   31.970612]  do_mount+0xa7/0xc0
[   31.971099]  __x64_sys_mount+0x143/0x150
[   31.971677]  do_syscall_64+0x37/0x80
[   31.972226]  entry_SYSCALL_64_after_hwframe+0x44/0xae
[   31.972954] RIP: 0033:0x7f88f3a4b3ae
[   31.973485] Code: 48 8b 0d f5 8a 0c 00 f7 d8 64 89 01 48 83 c8 ff c3 66 2e 0f 1f 84 00 00 00 00 00 90 f3 0f 1e fa 49 89 ca b8 a5 00 00 00 0f 05 <48> 3d 01 f0 ff ff 73 01 c3 48 8b 0d c2 8a 0c 00 f7 d8 64 89 01 48
[   31.976027] RSP: 002b:00007ffc99c3ac68 EFLAGS: 00000202 ORIG_RAX: 00000000000000a5
[   31.977098] RAX: ffffffffffffffda RBX: 0000000000000000 RCX: 00007f88f3a4b3ae
[   31.978097] RDX: 0000000020009580 RSI: 00000000200095c0 RDI: 00007ffc99c3ada0
[   31.979099] RBP: 00007ffc99c3ae30 R08: 00007ffc99c3aca0 R09: 0000000000000000
[   31.980111] R10: 0000000000000800 R11: 0000000000000202 R12: 0000000000401260
[   31.981115] R13: 00007ffc99c3af70 R14: 0000000000000000 R15: 0000000000000000
[   31.982119]  </TASK>
[   31.982451] Modules linked in:
[   31.982907] CR2: 0000000000000083
[   31.983391] ---[ end trace 1a9623d7443bc4b0 ]---
[   31.984050] RIP: 0010:xfs_btree_lookup_get_block+0xcb/0x2f0
[   31.984850] Code: 25 95 ff 45 85 ff 0f 85 1d 01 00 00 e8 3e 24 95 ff 4c 8b 75 c0 4d 85 f6 74 37 e8 30 24 95 ff 49 8b 96 28 02 00 00 48 8b 4d c8 <48> 8b 12 48 89 cf 48 89 4d b0 48 89 d6 48 89 55 a8 e8 bf 24 95 ff
[   31.987394] RSP: 0018:ffffc90000ba7960 EFLAGS: 00010246
[   31.988149] RAX: 0000000000000000 RBX: ffff8880148aebb8 RCX: 0000000000000028
[   31.989155] RDX: 0000000000000000 RSI: ffff888014850000 RDI: 0000000000000002
[   31.990154] RBP: ffffc90000ba79b8 R08: ffffc90000ba7be0 R09: ffff8880148aebb8
[   31.991144] R10: 0000000000000000 R11: 0000000000000001 R12: 0000000000000007
[   31.992146] R13: ffffc90000ba79f8 R14: ffff8880148aeed8 R15: 0000000000000000
[   31.993145] FS:  00007f88f391e740(0000) GS:ffff88807dc00000(0000) knlGS:0000000000000000
[   31.994266] CS:  0010 DS: 0000 ES: 0000 CR0: 0000000080050033
[   31.995074] CR2: 0000000000000083 CR3: 0000000009698001 CR4: 0000000000770ef0
[   31.996070] PKRU: 55555554
[   32.015027] XFS (loop2): Metadata corruption detected at xfs_btree_lookup_get_block+0x272/0x2f0, xfs_refcountbt block 0x28
[   32.016619] XFS (loop2): Unmount and run xfs_repair
[   32.017363] XFS (loop2): Failed to recover leftover CoW staging extents, err -117.
[   32.018434] XFS (loop2): Log I/O Error (0x2) detected at xlog_recover_finish+0xe7/0x160 (fs/xfs/xfs_log_recover.c:3520).  Shutting down filesystem.
[   32.020248] XFS (loop2): Please unmount the filesystem and rectify the problem(s)
[   32.061768] XFS (loop2): Ending recovery (logdev: internal)
[   32.062736] XFS (loop2): Error -5 reserving per-AG metadata reserve pool.
[   32.097437] XFS (loop0): Mounting V5 Filesystem
[   32.098399] XFS (loop7): Mounting V5 Filesystem
[   32.138985] XFS (loop0): Starting recovery (logdev: internal)
[   32.140374] XFS (loop0): Metadata corruption detected at xfs_btree_lookup_get_block+0x272/0x2f0, xfs_refcountbt block 0x28
[   32.141668] XFS (loop0): Unmount and run xfs_repair
[   32.142241] XFS (loop0): Failed to recover leftover CoW staging extents, err -117.
[   32.143102] XFS (loop0): Log I/O Error (0x2) detected at xlog_recover_finish+0xe7/0x160 (fs/xfs/xfs_log_recover.c:3520).  Shutting down filesystem.
[   32.144580] XFS (loop0): Please unmount the filesystem and rectify the problem(s)
[   32.153723] XFS (loop7): Starting recovery (logdev: internal)
[   32.154529] XFS (loop0): Ending recovery (logdev: internal)
[   32.155234] XFS (loop0): Error -5 reserving per-AG metadata reserve pool.
[   32.156796] XFS (loop7): Metadata corruption detected at xfs_btree_lookup_get_block+0x272/0x2f0, xfs_refcountbt block 0x28
[   32.158109] XFS (loop7): Unmount and run xfs_repair
[   32.158700] XFS (loop7): Failed to recover leftover CoW staging extents, err -117.
[   32.159560] XFS (loop7): Log I/O Error (0x2) detected at xlog_recover_finish+0xe7/0x160 (fs/xfs/xfs_log_recover.c:3520).  Shutting down filesystem.
[   32.161034] XFS (loop7): Please unmount the filesystem and rectify the problem(s)
[   32.183991] XFS (loop7): Ending recovery (logdev: internal)
[   32.187984] XFS (loop7): Error -5 reserving per-AG metadata reserve pool.
[   32.206438] loop3: detected capacity change from 0 to 32768
[   32.245520] XFS (loop3): Mounting V5 Filesystem
[   32.366433] XFS (loop3): Starting recovery (logdev: internal)
[   32.367839] XFS (loop3): Metadata corruption detected at xfs_btree_lookup_get_block+0x272/0x2f0, xfs_refcountbt block 0x28
[   32.369179] XFS (loop3): Unmount and run xfs_repair
[   32.369862] XFS (loop3): Failed to recover leftover CoW staging extents, err -117.
[   32.370923] XFS (loop3): Log I/O Error (0x2) detected at xlog_recover_finish+0xe7/0x160 (fs/xfs/xfs_log_recover.c:3520).  Shutting down filesystem.
[   32.373367] XFS (loop3): Please unmount the filesystem and rectify the problem(s)
[   32.377269] XFS (loop3): Ending recovery (logdev: internal)
[   32.377975] XFS (loop3): Error -5 reserving per-AG metadata reserve pool.
[   32.384070] loop2: detected capacity change from 0 to 32768
[   32.414189] loop5: detected capacity change from 0 to 32768
[   32.476380] XFS (loop2): Mounting V5 Filesystem
[   32.531956] XFS (loop5): Mounting V5 Filesystem
[   32.545948] XFS (loop2): Starting recovery (logdev: internal)
[   32.547554] XFS (loop2): Metadata corruption detected at xfs_btree_lookup_get_block+0x272/0x2f0, xfs_refcountbt block 0x28
[   32.548873] XFS (loop2): Unmount and run xfs_repair
[   32.549502] XFS (loop2): Failed to recover leftover CoW staging extents, err -117.
[   32.550388] XFS (loop2): Log I/O Error (0x2) detected at xlog_recover_finish+0xe7/0x160 (fs/xfs/xfs_log_recover.c:3520).  Shutting down filesystem.
[   32.551906] XFS (loop2): Please unmount the filesystem and rectify the problem(s)
[   32.553185] XFS (loop2): Ending recovery (logdev: internal)
[   32.553915] XFS (loop2): Error -5 reserving per-AG metadata reserve pool.
[   32.581140] XFS (loop5): Starting recovery (logdev: internal)
[   32.582796] XFS (loop5): Metadata corruption detected at xfs_btree_lookup_get_block+0x272/0x2f0, xfs_refcountbt block 0x28
[   32.584410] XFS (loop5): Unmount and run xfs_repair
[   32.585130] XFS (loop5): Failed to recover leftover CoW staging extents, err -117.
[   32.586259] XFS (loop5): Log I/O Error (0x2) detected at xlog_recover_finish+0xe7/0x160 (fs/xfs/xfs_log_recover.c:3520).  Shutting down filesystem.
[   32.588157] XFS (loop5): Please unmount the filesystem and rectify the problem(s)
[   32.615385] XFS (loop5): Ending recovery (logdev: internal)
[   32.616130] XFS (loop5): Error -5 reserving per-AG metadata reserve pool.
[   32.624069] loop0: detected capacity change from 0 to 32768
[   32.682157] loop3: detected capacity change from 0 to 32768
[   32.711749] XFS (loop3): Mounting V5 Filesystem
[   32.724984] XFS (loop3): Starting recovery (logdev: internal)
[   32.726492] XFS (loop3): Metadata corruption detected at xfs_btree_lookup_get_block+0x272/0x2f0, xfs_refcountbt block 0x28
[   32.727779] XFS (loop3): Unmount and run xfs_repair
[   32.728381] XFS (loop3): Failed to recover leftover CoW staging extents, err -117.
[   32.729312] XFS (loop3): Log I/O Error (0x2) detected at xlog_recover_finish+0xe7/0x160 (fs/xfs/xfs_log_recover.c:3520).  Shutting down filesystem.
[   32.730840] XFS (loop3): Please unmount the filesystem and rectify the problem(s)
[   32.745857] XFS (loop0): Mounting V5 Filesystem
[   32.746753] XFS (loop3): Ending recovery (logdev: internal)
[   32.747622] XFS (loop3): Error -5 reserving per-AG metadata reserve pool.
[   32.792094] XFS (loop0): Starting recovery (logdev: internal)
[   32.793688] XFS (loop0): Metadata corruption detected at xfs_btree_lookup_get_block+0x272/0x2f0, xfs_refcountbt block 0x28
[   32.795022] XFS (loop0): Unmount and run xfs_repair
[   32.795635] XFS (loop0): Failed to recover leftover CoW staging extents, err -117.
[   32.796610] XFS (loop0): Log I/O Error (0x2) detected at xlog_recover_finish+0xe7/0x160 (fs/xfs/xfs_log_recover.c:3520).  Shutting down filesystem.
[   32.798426] XFS (loop0): Please unmount the filesystem and rectify the problem(s)
[   32.801262] XFS (loop0): Ending recovery (logdev: internal)
[   32.804367] XFS (loop0): Error -5 reserving per-AG metadata reserve pool.
[   32.820823] loop7: detected capacity change from 0 to 32768
[   32.876737] XFS (loop7): Mounting V5 Filesystem
[   32.905094] loop2: detected capacity change from 0 to 32768
[   32.915228] XFS (loop7): Starting recovery (logdev: internal)
[   32.918300] XFS (loop7): Metadata corruption detected at xfs_btree_lookup_get_block+0x272/0x2f0, xfs_refcountbt block 0x28
[   32.919570] XFS (loop7): Unmount and run xfs_repair
[   32.920151] XFS (loop7): Failed to recover leftover CoW staging extents, err -117.
[   32.921007] XFS (loop7): Log I/O Error (0x2) detected at xlog_recover_finish+0xe7/0x160 (fs/xfs/xfs_log_recover.c:3520).  Shutting down filesystem.
[   32.922513] XFS (loop7): Please unmount the filesystem and rectify the problem(s)
[   32.947633] loop5: detected capacity change from 0 to 32768
[   32.951074] XFS (loop7): Ending recovery (logdev: internal)
[   32.953801] XFS (loop7): Error -5 reserving per-AG metadata reserve pool.
[   32.966270] XFS (loop5): Mounting V5 Filesystem
[   32.969741] XFS (loop2): Mounting V5 Filesystem
[   32.998498] loop3: detected capacity change from 0 to 32768
[   32.999639] XFS (loop5): Starting recovery (logdev: internal)
[   33.000984] XFS (loop5): Metadata corruption detected at xfs_btree_lookup_get_block+0x272/0x2f0, xfs_refcountbt block 0x28
[   33.002272] XFS (loop5): Unmount and run xfs_repair
[   33.002841] XFS (loop5): Failed to recover leftover CoW staging extents, err -117.
[   33.003702] XFS (loop5): Log I/O Error (0x2) detected at xlog_recover_finish+0xe7/0x160 (fs/xfs/xfs_log_recover.c:3520).  Shutting down filesystem.
[   33.005212] XFS (loop5): Please unmount the filesystem and rectify the problem(s)
[   33.019256] XFS (loop5): Ending recovery (logdev: internal)
[   33.020199] XFS (loop5): Error -5 reserving per-AG metadata reserve pool.
[   33.021905] XFS (loop3): Mounting V5 Filesystem
[   33.065646] XFS (loop2): Starting recovery (logdev: internal)
[   33.066393] XFS (loop3): Starting recovery (logdev: internal)
[   33.068247] XFS (loop3): Metadata corruption detected at xfs_btree_lookup_get_block+0x272/0x2f0, xfs_refcountbt block 0x28
[   33.069566] XFS (loop3): Unmount and run xfs_repair
[   33.070141] XFS (loop3): Failed to recover leftover CoW staging extents, err -117.
[   33.071000] XFS (loop3): Log I/O Error (0x2) detected at xlog_recover_finish+0xe7/0x160 (fs/xfs/xfs_log_recover.c:3520).  Shutting down filesystem.
[   33.072484] XFS (loop3): Please unmount the filesystem and rectify the problem(s)
[   33.073427] XFS (loop2): Metadata corruption detected at xfs_btree_lookup_get_block+0x272/0x2f0, xfs_refcountbt block 0x28
[   33.074679] XFS (loop2): Unmount and run xfs_repair
[   33.075259] XFS (loop2): Failed to recover leftover CoW staging extents, err -117.
[   33.076131] XFS (loop2): Log I/O Error (0x2) detected at xlog_recover_finish+0xe7/0x160 (fs/xfs/xfs_log_recover.c:3520).  Shutting down filesystem.
[   33.077637] XFS (loop2): Please unmount the filesystem and rectify the problem(s)
[   33.090708] loop0: detected capacity change from 0 to 32768
[   33.108910] XFS (loop2): Ending recovery (logdev: internal)
[   33.109710] XFS (loop2): Error -5 reserving per-AG metadata reserve pool.
[   33.114087] XFS (loop3): Ending recovery (logdev: internal)
[   33.114820] XFS (loop3): Error -5 reserving per-AG metadata reserve pool.
[   33.139795] XFS (loop0): Mounting V5 Filesystem
[   33.217258] XFS (loop0): Starting recovery (logdev: internal)
[   33.220147] XFS (loop0): Metadata corruption detected at xfs_btree_lookup_get_block+0x272/0x2f0, xfs_refcountbt block 0x28
[   33.221768] XFS (loop0): Unmount and run xfs_repair
[   33.222488] XFS (loop0): Failed to recover leftover CoW staging extents, err -117.
[   33.223748] XFS (loop0): Log I/O Error (0x2) detected at xlog_recover_finish+0xe7/0x160 (fs/xfs/xfs_log_recover.c:3520).  Shutting down filesystem.
[   33.225791] XFS (loop0): Please unmount the filesystem and rectify the problem(s)
[   33.241702] XFS (loop0): Ending recovery (logdev: internal)
[   33.242434] XFS (loop0): Error -5 reserving per-AG metadata reserve pool.
[   33.327663] loop7: detected capacity change from 0 to 32768
[   33.412742] loop2: detected capacity change from 0 to 32768
[   33.413906] XFS (loop7): Mounting V5 Filesystem
[   33.463552] XFS (loop7): Starting recovery (logdev: internal)
[   33.465024] XFS (loop7): Metadata corruption detected at xfs_btree_lookup_get_block+0x272/0x2f0, xfs_refcountbt block 0x28
[   33.466344] XFS (loop7): Unmount and run xfs_repair
[   33.466930] XFS (loop7): Failed to recover leftover CoW staging extents, err -117.
[   33.467802] XFS (loop7): Log I/O Error (0x2) detected at xlog_recover_finish+0xe7/0x160 (fs/xfs/xfs_log_recover.c:3520).  Shutting down filesystem.
[   33.469331] XFS (loop7): Please unmount the filesystem and rectify the problem(s)
[   33.474543] XFS (loop7): Ending recovery (logdev: internal)
[   33.475296] XFS (loop7): Error -5 reserving per-AG metadata reserve pool.
[   33.477713] XFS (loop2): Mounting V5 Filesystem
[   33.504796] XFS (loop2): Starting recovery (logdev: internal)
[   33.506262] XFS (loop2): Metadata corruption detected at xfs_btree_lookup_get_block+0x272/0x2f0, xfs_refcountbt block 0x28
[   33.507548] XFS (loop2): Unmount and run xfs_repair
[   33.508145] XFS (loop2): Failed to recover leftover CoW staging extents, err -117.
[   33.509031] XFS (loop2): Log I/O Error (0x2) detected at xlog_recover_finish+0xe7/0x160 (fs/xfs/xfs_log_recover.c:3520).  Shutting down filesystem.
[   33.510589] XFS (loop2): Please unmount the filesystem and rectify the problem(s)
[   33.511832] loop3: detected capacity change from 0 to 32768
[   33.525270] XFS (loop2): Ending recovery (logdev: internal)
[   33.526296] XFS (loop2): Error -5 reserving per-AG metadata reserve pool.
[   33.552452] loop5: detected capacity change from 0 to 32768
[   33.573690] XFS (loop3): Mounting V5 Filesystem
[   33.594974] XFS (loop3): Starting recovery (logdev: internal)
[   33.596400] XFS (loop3): Metadata corruption detected at xfs_btree_lookup_get_block+0x272/0x2f0, xfs_refcountbt block 0x28
[   33.597737] XFS (loop3): Unmount and run xfs_repair
[   33.598340] XFS (loop3): Failed to recover leftover CoW staging extents, err -117.
[   33.599260] XFS (loop3): Log I/O Error (0x2) detected at xlog_recover_finish+0xe7/0x160 (fs/xfs/xfs_log_recover.c:3520).  Shutting down filesystem.
[   33.600909] XFS (loop3): Please unmount the filesystem and rectify the problem(s)
[   33.605466] XFS (loop3): Ending recovery (logdev: internal)
[   33.606400] XFS (loop3): Error -5 reserving per-AG metadata reserve pool.
[   33.625481] XFS (loop5): Mounting V5 Filesystem
[   33.651479] XFS (loop5): Starting recovery (logdev: internal)
[   33.653724] XFS (loop5): Metadata corruption detected at xfs_btree_lookup_get_block+0x272/0x2f0, xfs_refcountbt block 0x28
[   33.655354] XFS (loop5): Unmount and run xfs_repair
[   33.656080] XFS (loop5): Failed to recover leftover CoW staging extents, err -117.
[   33.657180] XFS (loop5): Log I/O Error (0x2) detected at xlog_recover_finish+0xe7/0x160 (fs/xfs/xfs_log_recover.c:3520).  Shutting down filesystem.
[   33.659107] XFS (loop5): Please unmount the filesystem and rectify the problem(s)
[   33.660485] XFS (loop5): Ending recovery (logdev: internal)
[   33.661408] XFS (loop5): Error -5 reserving per-AG metadata reserve pool.
[   33.684802] loop0: detected capacity change from 0 to 32768
[   33.795843] loop2: detected capacity change from 0 to 32768
[   33.800876] XFS (loop0): Mounting V5 Filesystem
[   33.839326] XFS (loop0): Starting recovery (logdev: internal)
[   33.840304] XFS (loop2): Mounting V5 Filesystem
[   33.840777] XFS (loop0): Metadata corruption detected at xfs_btree_lookup_get_block+0x272/0x2f0, xfs_refcountbt block 0x28
[   33.842129] XFS (loop0): Unmount and run xfs_repair
[   33.842701] XFS (loop0): Failed to recover leftover CoW staging extents, err -117.
[   33.843559] XFS (loop0): Log I/O Error (0x2) detected at xlog_recover_finish+0xe7/0x160 (fs/xfs/xfs_log_recover.c:3520).  Shutting down filesystem.
[   33.845046] XFS (loop0): Please unmount the filesystem and rectify the problem(s)
[   33.856667] loop7: detected capacity change from 0 to 32768
[   33.869199] XFS (loop0): Ending recovery (logdev: internal)
[   33.870005] XFS (loop0): Error -5 reserving per-AG metadata reserve pool.
[   33.880577] XFS (loop2): Starting recovery (logdev: internal)
[   33.882291] XFS (loop2): Metadata corruption detected at xfs_btree_lookup_get_block+0x272/0x2f0, xfs_refcountbt block 0x28
[   33.883545] XFS (loop2): Unmount and run xfs_repair
[   33.884126] XFS (loop2): Failed to recover leftover CoW staging extents, err -117.
[   33.884985] XFS (loop2): Log I/O Error (0x2) detected at xlog_recover_finish+0xe7/0x160 (fs/xfs/xfs_log_recover.c:3520).  Shutting down filesystem.
[   33.886493] XFS (loop2): Please unmount the filesystem and rectify the problem(s)
[   33.889520] XFS (loop7): Mounting V5 Filesystem
[   33.895007] loop3: detected capacity change from 0 to 32768
[   33.902223] XFS (loop2): Ending recovery (logdev: internal)
[   33.903325] XFS (loop2): Error -5 reserving per-AG metadata reserve pool.
[   33.923482] XFS (loop3): Mounting V5 Filesystem
[   33.948852] XFS (loop7): Starting recovery (logdev: internal)
[   33.957191] XFS (loop7): Metadata corruption detected at xfs_btree_lookup_get_block+0x272/0x2f0, xfs_refcountbt block 0x28
[   33.958551] XFS (loop7): Unmount and run xfs_repair
[   33.959132] XFS (loop7): Failed to recover leftover CoW staging extents, err -117.
[   33.960030] XFS (loop7): Log I/O Error (0x2) detected at xlog_recover_finish+0xe7/0x160 (fs/xfs/xfs_log_recover.c:3520).  Shutting down filesystem.
[   33.961629] XFS (loop7): Please unmount the filesystem and rectify the problem(s)
[   33.961797] XFS (loop3): Starting recovery (logdev: internal)
[   33.963920] XFS (loop7): Ending recovery (logdev: internal)
[   33.964964] XFS (loop3): Metadata corruption detected at xfs_btree_lookup_get_block+0x272/0x2f0, xfs_refcountbt block 0x28
