c[?7l[2J[0mSeaBIOS (version rel-1.16.0-0-gd239552ce722-prebuilt.qemu.org)


iPXE (http://ipxe.org) 00:03.0 CA00 PCI2.10 PnP PMM+7FF91000+7FEF1000 CA00
Press Ctrl-B to configure iPXE (PCI 00:03.0)...                                                                               


Booting from ROM...
c[?7l[2J[    0.000000] Linux version 5.16.0-63045bfd3c8d+ (root@p-rplp02) (gcc (GCC) 8.5.0 20210514 (Red Hat 8.5.0-18), GNU ld version 2.36.1-2.el8) #1 SMP PREEMPT Tue Mar 21 01:50:06 CST 2023
[    0.000000] Command line: console=ttyS0 root=/dev/sda earlyprintk=serial net.ifnames=0
[    0.000000] KERNEL supported cpus:
[    0.000000]   Intel GenuineIntel
[    0.000000]   AMD AuthenticAMD
[    0.000000]   Hygon HygonGenuine
[    0.000000]   Centaur CentaurHauls
[    0.000000]   zhaoxin   Shanghai  
[    0.000000] x86/fpu: Supporting XSAVE feature 0x001: 'x87 floating point registers'
[    0.000000] x86/fpu: Supporting XSAVE feature 0x002: 'SSE registers'
[    0.000000] x86/fpu: Supporting XSAVE feature 0x004: 'AVX registers'
[    0.000000] x86/fpu: Supporting XSAVE feature 0x200: 'Protection Keys User registers'
[    0.000000] x86/fpu: xstate_offset[2]:  576, xstate_sizes[2]:  256
[    0.000000] x86/fpu: xstate_offset[9]:  832, xstate_sizes[9]:    8
[    0.000000] x86/fpu: Enabled xstate features 0x207, context size is 840 bytes, using 'compacted' format.
[    0.000000] signal: max sigframe size: 3632
[    0.000000] BIOS-provided physical RAM map:
[    0.000000] BIOS-e820: [mem 0x0000000000000000-0x000000000009fbff] usable
[    0.000000] BIOS-e820: [mem 0x000000000009fc00-0x000000000009ffff] reserved
[    0.000000] BIOS-e820: [mem 0x00000000000f0000-0x00000000000fffff] reserved
[    0.000000] BIOS-e820: [mem 0x0000000000100000-0x000000007ffdffff] usable
[    0.000000] BIOS-e820: [mem 0x000000007ffe0000-0x000000007fffffff] reserved
[    0.000000] BIOS-e820: [mem 0x00000000feffc000-0x00000000feffffff] reserved
[    0.000000] BIOS-e820: [mem 0x00000000fffc0000-0x00000000ffffffff] reserved
[    0.000000] printk: bootconsole [earlyser0] enabled
[    0.000000] NX (Execute Disable) protection: active
[    0.000000] SMBIOS 2.8 present.
[    0.000000] DMI: QEMU Standard PC (i440FX + PIIX, 1996), BIOS rel-1.16.0-0-gd239552ce722-prebuilt.qemu.org 04/01/2014
[    0.000000] Hypervisor detected: KVM
[    0.000000] kvm-clock: Using msrs 4b564d01 and 4b564d00
[    0.000000] kvm-clock: cpu 0, msr 5601001, primary cpu clock
[    0.000006] kvm-clock: using sched offset of 517805937 cycles
[    0.000922] clocksource: kvm-clock: mask: 0xffffffffffffffff max_cycles: 0x1cd42e4dffb, max_idle_ns: 881590591483 ns
[    0.003547] tsc: Detected 1881.600 MHz processor
[    0.009824] last_pfn = 0x7ffe0 max_arch_pfn = 0x400000000
[    0.010899] x86/PAT: Configuration [0-7]: WB  WC  UC- UC  WB  WP  UC- WT  
[    0.020259] found SMP MP-table at [mem 0x000f5ba0-0x000f5baf]
[    0.021585] Using GB pages for direct mapping
[    0.023895] ACPI: Early table checksum verification disabled
[    0.024927] ACPI: RSDP 0x00000000000F59C0 000014 (v00 BOCHS )
[    0.025880] ACPI: RSDT 0x000000007FFE1951 000034 (v01 BOCHS  BXPC     00000001 BXPC 00000001)
[    0.027278] ACPI: FACP 0x000000007FFE17FD 000074 (v01 BOCHS  BXPC     00000001 BXPC 00000001)
[    0.028662] ACPI: DSDT 0x000000007FFE0040 0017BD (v01 BOCHS  BXPC     00000001 BXPC 00000001)
[    0.030046] ACPI: FACS 0x000000007FFE0000 000040
[    0.030804] ACPI: APIC 0x000000007FFE1871 000080 (v01 BOCHS  BXPC     00000001 BXPC 00000001)
[    0.032184] ACPI: HPET 0x000000007FFE18F1 000038 (v01 BOCHS  BXPC     00000001 BXPC 00000001)
[    0.033562] ACPI: WAET 0x000000007FFE1929 000028 (v01 BOCHS  BXPC     00000001 BXPC 00000001)
[    0.034935] ACPI: Reserving FACP table memory at [mem 0x7ffe17fd-0x7ffe1870]
[    0.036065] ACPI: Reserving DSDT table memory at [mem 0x7ffe0040-0x7ffe17fc]
[    0.037190] ACPI: Reserving FACS table memory at [mem 0x7ffe0000-0x7ffe003f]
[    0.038333] ACPI: Reserving APIC table memory at [mem 0x7ffe1871-0x7ffe18f0]
[    0.039457] ACPI: Reserving HPET table memory at [mem 0x7ffe18f1-0x7ffe1928]
[    0.040580] ACPI: Reserving WAET table memory at [mem 0x7ffe1929-0x7ffe1950]
[    0.042803] No NUMA configuration found
[    0.043435] Faking a node at [mem 0x0000000000000000-0x000000007ffdffff]
[    0.044581] NODE_DATA(0) allocated [mem 0x7ffb5000-0x7ffdffff]
[    0.048669] Zone ranges:
[    0.049106]   DMA      [mem 0x0000000000001000-0x0000000000ffffff]
[    0.050101]   DMA32    [mem 0x0000000001000000-0x000000007ffdffff]
[    0.051093]   Normal   empty
[    0.051561]   Device   empty
[    0.052028] Movable zone start for each node
[    0.052711] Early memory node ranges
[    0.053283]   node   0: [mem 0x0000000000001000-0x000000000009efff]
[    0.054294]   node   0: [mem 0x0000000000100000-0x000000007ffdffff]
[    0.055297] Initmem setup node 0 [mem 0x0000000000001000-0x000000007ffdffff]
[    0.056981] On node 0, zone DMA: 1 pages in unavailable ranges
[    0.057290] On node 0, zone DMA: 97 pages in unavailable ranges
[    0.103787] On node 0, zone DMA32: 32 pages in unavailable ranges
[    0.105318] ACPI: PM-Timer IO Port: 0x608
[    0.106995] ACPI: LAPIC_NMI (acpi_id[0xff] dfl dfl lint[0x1])
[    0.108045] IOAPIC[0]: apic_id 0, version 17, address 0xfec00000, GSI 0-23
[    0.109179] ACPI: INT_SRC_OVR (bus 0 bus_irq 0 global_irq 2 dfl dfl)
[    0.110202] ACPI: INT_SRC_OVR (bus 0 bus_irq 5 global_irq 5 high level)
[    0.111266] ACPI: INT_SRC_OVR (bus 0 bus_irq 9 global_irq 9 high level)
[    0.112339] ACPI: INT_SRC_OVR (bus 0 bus_irq 10 global_irq 10 high level)
[    0.113422] ACPI: INT_SRC_OVR (bus 0 bus_irq 11 global_irq 11 high level)
[    0.114516] ACPI: Using ACPI (MADT) for SMP configuration information
[    0.115548] ACPI: HPET id: 0x8086a201 base: 0xfed00000
[    0.116410] TSC deadline timer available
[    0.117046] smpboot: Allowing 2 CPUs, 0 hotplug CPUs
[    0.118058] kvm-guest: KVM setup pv remote TLB flush
[    0.118867] kvm-guest: setup PV sched yield
[    0.119666] PM: hibernation: Registered nosave memory: [mem 0x00000000-0x00000fff]
[    0.120885] PM: hibernation: Registered nosave memory: [mem 0x0009f000-0x0009ffff]
[    0.122094] PM: hibernation: Registered nosave memory: [mem 0x000a0000-0x000effff]
[    0.123297] PM: hibernation: Registered nosave memory: [mem 0x000f0000-0x000fffff]
[    0.124525] [mem 0x80000000-0xfeffbfff] available for PCI devices
[    0.125507] Booting paravirtualized kernel on KVM
[    0.126335] clocksource: refined-jiffies: mask: 0xffffffff max_cycles: 0xffffffff, max_idle_ns: 7645519600211568 ns
[    0.128045] setup_percpu: NR_CPUS:8192 nr_cpumask_bits:2 nr_cpu_ids:2 nr_node_ids:1
[    0.132450] percpu: Embedded 63 pages/cpu s221184 r8192 d28672 u1048576
[    0.133781] kvm-guest: setup async PF for cpu 0
[    0.134513] kvm-guest: stealtime: cpu 0, msr 7dc35080
[    0.135341] kvm-guest: PV spinlocks enabled
[    0.136033] PV qspinlock hash table entries: 256 (order: 0, 4096 bytes, linear)
[    0.137279] Fallback order for Node 0: 0 
[    0.137952] Built 1 zonelists, mobility grouping on.  Total pages: 515808
[    0.139053] Policy zone: DMA32
[    0.139564] Kernel command line: net.ifnames=0 console=ttyS0 root=/dev/sda earlyprintk=serial net.ifnames=0
[    0.145176] Dentry cache hash table entries: 262144 (order: 9, 2097152 bytes, linear)
[    0.146803] Inode-cache hash table entries: 131072 (order: 8, 1048576 bytes, linear)
[    0.148249] mem auto-init: stack:off, heap alloc:off, heap free:off
[    0.152904] Memory: 1985392K/2096632K available (32785K kernel code, 5316K rwdata, 7848K rodata, 3172K init, 22008K bss, 110984K reserved, 0K cma-reserved)
[    0.155162] random: get_random_u64 called from __kmem_cache_create+0x2f/0x4e0 with crng_init=0
[    0.156067] SLUB: HWalign=64, Order=0-3, MinObjects=0, CPUs=2, Nodes=1
[    0.158438] kmemleak: Kernel memory leak detector disabled
[    0.159382] ftrace: allocating 65727 entries in 257 pages
[    0.258857] ftrace: allocated 257 pages with 2 groups
[    0.263185] Dynamic Preempt: voluntary
[    0.263997] Running RCU self tests
[    0.264552] rcu: Preemptible hierarchical RCU implementation.
[    0.265463] rcu: 	RCU lockdep checking is enabled.
[    0.266219] rcu: 	RCU restricting CPUs from NR_CPUS=8192 to nr_cpu_ids=2.
[    0.267294] 	Trampoline variant of Tasks RCU enabled.
[    0.268097] 	Rude variant of Tasks RCU enabled.
[    0.268818] 	Tracing variant of Tasks RCU enabled.
[    0.269579] rcu: RCU calculated value of scheduler-enlistment delay is 25 jiffies.
[    0.270780] rcu: Adjusting geometry for rcu_fanout_leaf=16, nr_cpu_ids=2
[    0.295075] NR_IRQS: 524544, nr_irqs: 440, preallocated irqs: 16
[    0.310499] Console: colour VGA+ 80x25
[    0.311232] printk: console [ttyS0] enabled
[    0.311232] printk: console [ttyS0] enabled
[    0.312577] printk: bootconsole [earlyser0] disabled
[    0.312577] printk: bootconsole [earlyser0] disabled
[    0.314162] Lock dependency validator: Copyright (c) 2006 Red Hat, Inc., Ingo Molnar
[    0.315416] ... MAX_LOCKDEP_SUBCLASSES:  8
[    0.316086] ... MAX_LOCK_DEPTH:          48
[    0.316767] ... MAX_LOCKDEP_KEYS:        8192
[    0.317476] ... CLASSHASH_SIZE:          4096
[    0.318185] ... MAX_LOCKDEP_ENTRIES:     32768
[    0.318911] ... MAX_LOCKDEP_CHAINS:      65536
[    0.319648] ... CHAINHASH_SIZE:          32768
[    0.320372]  memory used by lock dependency info: 6365 kB
[    0.321257]  memory used for stack traces: 4224 kB
[    0.322037]  per task-struct memory footprint: 1920 bytes
[    0.322980] ACPI: Core revision 20210930
[    0.323967] clocksource: hpet: mask: 0xffffffff max_cycles: 0xffffffff, max_idle_ns: 19112604467 ns
[    0.325662] APIC: Switch to symmetric I/O mode setup
[    0.326925] x2apic enabled
[    0.327801] Switched APIC routing to physical x2apic.
[    0.328633] kvm-guest: setup PV IPIs
[    0.331064] ..TIMER: vector=0x30 apic1=0 pin1=2 apic2=-1 pin2=-1
[    0.332089] clocksource: tsc-early: mask: 0xffffffffffffffff max_cycles: 0x363e8c91135, max_idle_ns: 881590568389 ns
[    0.333824] Calibrating delay loop (skipped) preset value.. 3763.20 BogoMIPS (lpj=7526400)
[    0.335156] pid_max: default: 32768 minimum: 301
[    0.335998] LSM: Security Framework initializing
[    0.336783] Yama: becoming mindful.
[    0.337550] Mount-cache hash table entries: 4096 (order: 3, 32768 bytes, linear)
[    0.337848] Mountpoint-cache hash table entries: 4096 (order: 3, 32768 bytes, linear)
[    0.341851] CPU0: Thermal monitoring enabled (TM1)
[    0.345470] x86/cpu: User Mode Instruction Prevention (UMIP) activated
[    0.347056] Last level iTLB entries: 4KB 0, 2MB 0, 4MB 0
[    0.348061] Last level dTLB entries: 4KB 0, 2MB 0, 4MB 0, 1GB 0
[    0.349990] Spectre V1 : Mitigation: usercopy/swapgs barriers and __user pointer sanitization
[    0.351401] Spectre V2 : Mitigation: Enhanced IBRS
[    0.352154] Spectre V2 : Spectre v2 / SpectreRSB mitigation: Filling RSB on context switch
[    0.353827] Spectre V2 : mitigation: Enabling conditional Indirect Branch Prediction Barrier
[    0.355146] Speculative Store Bypass: Mitigation: Speculative Store Bypass disabled via prctl
[    0.406193] Freeing SMP alternatives memory: 56K
[    0.408049] smpboot: CPU0: Genuine Intel(R) 0000 (family: 0x6, model: 0xba, stepping: 0x2)
[    0.409808] Running RCU-tasks wait API self tests
[    0.510026] Performance Events: generic architected perfmon, full-width counters, Intel PMU driver.
[    0.511580] ... version:                2
[    0.512198] ... bit width:              48
[    0.512827] ... generic registers:      6
[    0.513447] ... value mask:             0000ffffffffffff
[    0.513817] ... max period:             00007fffffffffff
[    0.514638] ... fixed-purpose events:   3
[    0.515254] ... event mask:             000000070000003f
[    0.516600] rcu: Hierarchical SRCU implementation.
[    0.520813] Callback from call_rcu_tasks_trace() invoked.
[    0.522088] smp: Bringing up secondary CPUs ...
[    0.523505] x86: Booting SMP configuration:
[    0.524165] .... node  #0, CPUs:      #1
[    0.033325] kvm-clock: cpu 1, msr 5601041, secondary cpu clock
[    0.525839] kvm-guest: setup async PF for cpu 1
[    0.525839] kvm-guest: stealtime: cpu 1, msr 7dd35080
[    0.525873] smp: Brought up 1 node, 2 CPUs
[    0.526520] smpboot: Max logical packages: 1
[    0.527173] smpboot: Total of 2 processors activated (7526.40 BogoMIPS)
[    0.538523] devtmpfs: initialized
[    0.538814] x86/mm: Memory block size: 128MB
[    0.542266] clocksource: jiffies: mask: 0xffffffff max_cycles: 0xffffffff, max_idle_ns: 7645041785100000 ns
[    0.545832] futex hash table entries: 512 (order: 4, 65536 bytes, linear)
[    0.547346] pinctrl core: initialized pinctrl subsystem
[    0.548812] 
[    0.549064] *************************************************************
[    0.549816] **     NOTICE NOTICE NOTICE NOTICE NOTICE NOTICE NOTICE    **
[    0.550840] **                                                         **
[    0.551855] **  IOMMU DebugFS SUPPORT HAS BEEN ENABLED IN THIS KERNEL  **
[    0.552888] **                                                         **
[    0.553814] ** This means that this kernel is built to expose internal **
[    0.554850] ** IOMMU data structures, which may compromise security on **
[    0.555883] ** your system.                                            **
[    0.556900] **                                                         **
[    0.557815] ** If you see this message and you are not debugging the   **
[    0.558836] ** kernel, report this immediately to your vendor!         **
[    0.559856] **                                                         **
[    0.560882] **     NOTICE NOTICE NOTICE NOTICE NOTICE NOTICE NOTICE    **
[    0.561815] *************************************************************
[    0.562979] PM: RTC time: 00:47:12, date: 2023-03-21
[    0.565113] NET: Registered PF_NETLINK/PF_ROUTE protocol family
[    0.566469] DMA: preallocated 256 KiB GFP_KERNEL pool for atomic allocations
[    0.567588] DMA: preallocated 256 KiB GFP_KERNEL|GFP_DMA pool for atomic allocations
[    0.568791] DMA: preallocated 256 KiB GFP_KERNEL|GFP_DMA32 pool for atomic allocations
[    0.569886] audit: initializing netlink subsys (disabled)
[    0.570759] audit: type=2000 audit(1679359632.594:1): state=initialized audit_enabled=0 res=1
[    0.570836] thermal_sys: Registered thermal governor 'fair_share'
[    0.571226] thermal_sys: Registered thermal governor 'bang_bang'
[    0.571226] thermal_sys: Registered thermal governor 'step_wise'
[    0.571226] thermal_sys: Registered thermal governor 'user_space'
[    0.571591] cpuidle: using governor ladder
[    0.573072] cpuidle: using governor menu
[    0.573970] acpiphp: ACPI Hot Plug PCI Controller Driver version: 0.5
[    0.575372] PCI: Using configuration type 1 for base access
[    0.590201] kprobes: kprobe jump-optimization is enabled. All kprobes are optimized if possible.
[    0.593983] HugeTLB registered 1.00 GiB page size, pre-allocated 0 pages
[    0.594853] HugeTLB registered 2.00 MiB page size, pre-allocated 0 pages
[    0.602338] ACPI: Added _OSI(Module Device)
[    0.602977] ACPI: Added _OSI(Processor Device)
[    0.603617] ACPI: Added _OSI(3.0 _SCP Extensions)
[    0.604298] ACPI: Added _OSI(Processor Aggregator Device)
[    0.605067] ACPI: Added _OSI(Linux-Dell-Video)
[    0.605822] ACPI: Added _OSI(Linux-Lenovo-NV-HDMI-Audio)
[    0.606581] ACPI: Added _OSI(Linux-HPI-Hybrid-Graphics)
[    0.612802] ACPI: 1 ACPI AML tables successfully acquired and loaded
[    0.613928] Callback from call_rcu_tasks_rude() invoked.
[    0.618204] ACPI: Interpreter enabled
[    0.618870] ACPI: PM: (supports S0 S3 S4 S5)
[    0.619509] ACPI: Using IOAPIC for interrupt routing
[    0.620327] PCI: Using host bridge windows from ACPI; if necessary, use "pci=nocrs" and report a bug
[    0.622408] ACPI: Enabled 2 GPEs in block 00 to 0F
[    0.635639] ACPI: PCI Root Bridge [PCI0] (domain 0000 [bus 00-ff])
[    0.636650] acpi PNP0A03:00: _OSC: OS supports [ASPM ClockPM Segments MSI EDR HPX-Type3]
[    0.637808] acpi PNP0A03:00: _OSC: not requesting OS control; OS requires [ExtendedConfig ASPM ClockPM MSI]
[    0.637808] acpi PNP0A03:00: fail to add MMCONFIG information, can't access extended PCI configuration space under this bridge.
[    0.643420] acpiphp: Slot [3] registered
[    0.644301] acpiphp: Slot [4] registered
[    0.645117] acpiphp: Slot [5] registered
[    0.645897] acpiphp: Slot [6] registered
[    0.646709] acpiphp: Slot [7] registered
[    0.647536] acpiphp: Slot [8] registered
[    0.648358] acpiphp: Slot [9] registered
[    0.649174] acpiphp: Slot [10] registered
[    0.653899] acpiphp: Slot [11] registered
[    0.654726] acpiphp: Slot [12] registered
[    0.655570] acpiphp: Slot [13] registered
[    0.656417] acpiphp: Slot [14] registered
[    0.657253] acpiphp: Slot [15] registered
[    0.657909] acpiphp: Slot [16] registered
[    0.658755] acpiphp: Slot [17] registered
[    0.659631] acpiphp: Slot [18] registered
[    0.660469] acpiphp: Slot [19] registered
[    0.661311] acpiphp: Slot [20] registered
[    0.661902] acpiphp: Slot [21] registered
[    0.662732] acpiphp: Slot [22] registered
[    0.663586] acpiphp: Slot [23] registered
[    0.664427] acpiphp: Slot [24] registered
[    0.665261] acpiphp: Slot [25] registered
[    0.665895] acpiphp: Slot [26] registered
[    0.666832] acpiphp: Slot [27] registered
[    0.667704] acpiphp: Slot [28] registered
[    0.668541] acpiphp: Slot [29] registered
[    0.669374] acpiphp: Slot [30] registered
[    0.669914] acpiphp: Slot [31] registered
[    0.670723] PCI host bridge to bus 0000:00
[    0.671496] pci_bus 0000:00: root bus resource [io  0x0000-0x0cf7 window]
[    0.672767] pci_bus 0000:00: root bus resource [io  0x0d00-0xffff window]
[    0.673820] pci_bus 0000:00: root bus resource [mem 0x000a0000-0x000bffff window]
[    0.675223] pci_bus 0000:00: root bus resource [mem 0x80000000-0xfebfffff window]
[    0.676666] pci_bus 0000:00: root bus resource [mem 0x100000000-0x17fffffff window]
[    0.677823] pci_bus 0000:00: root bus resource [bus 00-ff]
[    0.679049] pci 0000:00:00.0: [8086:1237] type 00 class 0x060000
[    0.684950] pci 0000:00:01.0: [8086:7000] type 00 class 0x060100
[    0.687045] pci 0000:00:01.1: [8086:7010] type 00 class 0x010180
[    0.690230] pci 0000:00:01.1: reg 0x20: [io  0xc040-0xc04f]
[    0.692120] pci 0000:00:01.1: legacy IDE quirk: reg 0x10: [io  0x01f0-0x01f7]
[    0.693440] pci 0000:00:01.1: legacy IDE quirk: reg 0x14: [io  0x03f6]
[    0.693821] pci 0000:00:01.1: legacy IDE quirk: reg 0x18: [io  0x0170-0x0177]
[    0.695150] pci 0000:00:01.1: legacy IDE quirk: reg 0x1c: [io  0x0376]
[    0.696813] pci 0000:00:01.3: [8086:7113] type 00 class 0x068000
[    0.698590] pci 0000:00:01.3: quirk: [io  0x0600-0x063f] claimed by PIIX4 ACPI
[    0.699963] pci 0000:00:01.3: quirk: [io  0x0700-0x070f] claimed by PIIX4 SMB
[    0.702889] pci 0000:00:02.0: [1234:1111] type 00 class 0x030000
[    0.710352] pci 0000:00:02.0: reg 0x10: [mem 0xfd000000-0xfdffffff pref]
[    0.714379] pci 0000:00:02.0: reg 0x18: [mem 0xfebf0000-0xfebf0fff]
[    0.721678] pci 0000:00:02.0: reg 0x30: [mem 0xfebe0000-0xfebeffff pref]
[    0.722282] Callback from call_rcu_tasks() invoked.
[    0.728326] pci 0000:00:03.0: [8086:100e] type 00 class 0x020000
[    0.730076] pci 0000:00:03.0: reg 0x10: [mem 0xfebc0000-0xfebdffff]
[    0.731883] pci 0000:00:03.0: reg 0x14: [io  0xc000-0xc03f]
[    0.736109] pci 0000:00:03.0: reg 0x30: [mem 0xfeb80000-0xfebbffff pref]
[    0.771156] ACPI: PCI: Interrupt link LNKA configured for IRQ 10
[    0.772457] ACPI: PCI: Interrupt link LNKB configured for IRQ 10
[    0.773695] ACPI: PCI: Interrupt link LNKC configured for IRQ 11
[    0.774189] ACPI: PCI: Interrupt link LNKD configured for IRQ 11
[    0.775258] ACPI: PCI: Interrupt link LNKS configured for IRQ 9
[    0.778312] iommu: Default domain type: Translated 
[    0.778653] iommu: DMA domain TLB invalidation policy: lazy mode 
[    0.781869] pci 0000:00:02.0: vgaarb: setting as boot VGA device
[    0.782832] pci 0000:00:02.0: vgaarb: VGA device added: decodes=io+mem,owns=io+mem,locks=none
[    0.784178] pci 0000:00:02.0: vgaarb: bridge control possible
[    0.785089] vgaarb: loaded
[    0.787303] SCSI subsystem initialized
[    0.788024] ACPI: bus type USB registered
[    0.788024] usbcore: registered new interface driver usbfs
[    0.788024] usbcore: registered new interface driver hub
[    0.789867] usbcore: registered new device driver usb
[    0.790979] pps_core: LinuxPPS API ver. 1 registered
[    0.791893] pps_core: Software ver. 5.3.6 - Copyright 2005-2007 Rodolfo Giometti <giometti@linux.it>
[    0.793559] PTP clock support registered
[    0.793937] EDAC MC: Ver: 3.0.0
[    0.799403] NetLabel: Initializing
[    0.800131] NetLabel:  domain hash size = 128
[    0.800989] NetLabel:  protocols = UNLABELED CIPSOv4 CALIPSO
[    0.801917] NetLabel:  unlabeled traffic allowed by default
[    0.803100] PCI: Using ACPI for IRQ routing
[    0.803100] hpet0: at MMIO 0xfed00000, IRQs 2, 8, 0
[    0.803737] hpet0: 3 comparators, 64-bit 100.000000 MHz counter
[    0.810389] clocksource: Switched to clocksource kvm-clock
[    0.957642] VFS: Disk quotas dquot_6.6.0
[    0.958386] VFS: Dquot-cache hash table entries: 512 (order 0, 4096 bytes)
[    0.959899] pnp: PnP ACPI init
[    0.962395] pnp: PnP ACPI: found 6 devices
[    0.979565] clocksource: acpi_pm: mask: 0xffffff max_cycles: 0xffffff, max_idle_ns: 2085701024 ns
[    0.981742] NET: Registered PF_INET protocol family
[    0.983294] IP idents hash table entries: 32768 (order: 6, 262144 bytes, linear)
[    0.985882] tcp_listen_portaddr_hash hash table entries: 1024 (order: 4, 81920 bytes, linear)
[    0.987668] TCP established hash table entries: 16384 (order: 5, 131072 bytes, linear)
[    0.989559] TCP bind hash table entries: 16384 (order: 8, 1179648 bytes, linear)
[    0.993286] TCP: Hash tables configured (established 16384 bind 16384)
[    0.994643] UDP hash table entries: 1024 (order: 5, 163840 bytes, linear)
[    0.995900] UDP-Lite hash table entries: 1024 (order: 5, 163840 bytes, linear)
[    0.997733] NET: Registered PF_UNIX/PF_LOCAL protocol family
[    0.999535] RPC: Registered named UNIX socket transport module.
[    1.000465] RPC: Registered udp transport module.
[    1.001188] RPC: Registered tcp transport module.
[    1.001930] RPC: Registered tcp NFSv4.1 backchannel transport module.
[    1.002997] pci_bus 0000:00: resource 4 [io  0x0000-0x0cf7 window]
[    1.003981] pci_bus 0000:00: resource 5 [io  0x0d00-0xffff window]
[    1.005026] pci_bus 0000:00: resource 6 [mem 0x000a0000-0x000bffff window]
[    1.006279] pci_bus 0000:00: resource 7 [mem 0x80000000-0xfebfffff window]
[    1.007499] pci_bus 0000:00: resource 8 [mem 0x100000000-0x17fffffff window]
[    1.009189] pci 0000:00:01.0: PIIX3: Enabling Passive Release
[    1.010369] pci 0000:00:00.0: Limiting direct PCI/PCI transfers
[    1.011533] pci 0000:00:01.0: Activating ISA DMA hang workarounds
[    1.012841] pci 0000:00:02.0: Video device with shadowed ROM at [mem 0x000c0000-0x000dffff]
[    1.014488] PCI: CLS 0 bytes, default 64
[    1.015926] ACPI: bus type thunderbolt registered
[    1.017316] clocksource: tsc: mask: 0xffffffffffffffff max_cycles: 0x363e8c91135, max_idle_ns: 881590568389 ns
[    3.445727] Initialise system trusted keyrings
[    3.446752] Key type blacklist registered
[    3.447872] workingset: timestamp_bits=36 max_order=19 bucket_order=0
[    3.459653] zbud: loaded
[    3.462470] squashfs: version 4.0 (2009/01/31) Phillip Lougher
[    3.466537] NFS: Registering the id_resolver key type
[    3.467590] Key type id_resolver registered
[    3.468410] Key type id_legacy registered
[    3.469364] nfs4filelayout_init: NFSv4 File Layout Driver Registering...
[    3.470752] nfs4flexfilelayout_init: NFSv4 Flexfile Layout Driver Registering...
[    3.472650] fuse: init (API version 7.35)
[    3.474118] SGI XFS with ACLs, security attributes, realtime, quota, no debug enabled
[    3.478370] 9p: Installing v9fs 9p2000 file system support
[    3.486543] Key type asymmetric registered
[    3.487370] Asymmetric key parser 'x509' registered
[    3.488565] Block layer SCSI generic (bsg) driver version 0.4 loaded (major 243)
[    3.490652] io scheduler mq-deadline registered
[    3.491759] io scheduler bfq registered
[    3.495509] shpchp: Standard Hot Plug PCI Controller Driver version: 0.4
[    3.497343] IPMI message handler: version 39.2
[    3.498333] ipmi device interface
[    3.501058] input: Power Button as /devices/LNXSYSTM:00/LNXPWRBN:00/input/input0
[    3.502959] ACPI: button: Power Button [PWRF]
[    3.505064] ERST DBG: ERST support is disabled.
[    3.506860] Serial: 8250/16550 driver, 32 ports, IRQ sharing enabled
[    3.509269] 00:04: ttyS0 at I/O 0x3f8 (irq = 4, base_baud = 115200) is a 16550A
[    3.521244] Linux agpgart interface v0.103
[    3.523012] ACPI: bus type drm_connector registered
[    3.539211] brd: module loaded
[    3.549869] loop: module loaded
[    3.557329] scsi host0: ata_piix
[    3.559202] scsi host1: ata_piix
[    3.560060] ata1: PATA max MWDMA2 cmd 0x1f0 ctl 0x3f6 bmdma 0xc040 irq 14
[    3.561375] ata2: PATA max MWDMA2 cmd 0x170 ctl 0x376 bmdma 0xc048 irq 15
[    3.564329] tun: Universal TUN/TAP device driver, 1.6
[    3.565788] e100: Intel(R) PRO/100 Network Driver
[    3.566762] e100: Copyright(c) 1999-2006 Intel Corporation
[    3.567859] e1000: Intel(R) PRO/1000 Network Driver
[    3.568800] e1000: Copyright (c) 1999-2006 Intel Corporation.
[    3.722901] ata2.00: ATAPI: QEMU DVD-ROM, 2.5+, max UDMA/100
[    3.724842] ata1.00: ATA-7: QEMU HARDDISK, 2.5+, max UDMA/100
[    3.725715] ata1.00: 16777216 sectors, multi 16: LBA48 
[    3.727067] ata1.00: Read log 0x00 page 0x00 failed, Emask 0x1
[    3.729455] scsi 0:0:0:0: Direct-Access     ATA      QEMU HARDDISK    2.5+ PQ: 0 ANSI: 5
[    3.731954] sd 0:0:0:0: Attached scsi generic sg0 type 0
[    3.733290] sd 0:0:0:0: [sda] 16777216 512-byte logical blocks: (8.59 GB/8.00 GiB)
[    3.734774] sd 0:0:0:0: [sda] Write Protect is off
[    3.735610] scsi 1:0:0:0: CD-ROM            QEMU     QEMU DVD-ROM     2.5+ PQ: 0 ANSI: 5
[    3.737445] sd 0:0:0:0: [sda] Write cache: enabled, read cache: enabled, doesn't support DPO or FUA
[    3.739476] scsi 1:0:0:0: Attached scsi generic sg1 type 5
[    3.772992] ACPI: \_SB_.LNKC: Enabled at IRQ 11
[    3.782171] sd 0:0:0:0: [sda] Attached SCSI disk
[    4.131575] e1000 0000:00:03.0 eth0: (PCI:33MHz:32-bit) 52:54:00:12:34:56
[    4.132613] e1000 0000:00:03.0 eth0: Intel(R) PRO/1000 Network Connection
[    4.133713] e1000e: Intel(R) PRO/1000 Network Driver
[    4.134444] e1000e: Copyright(c) 1999 - 2015 Intel Corporation.
[    4.135364] igb: Intel(R) Gigabit Ethernet Network Driver
[    4.136141] igb: Copyright (c) 2007-2014 Intel Corporation.
[    4.137065] PPP generic driver version 2.4.2
[    4.138223] VFIO - User Level meta-driver version: 0.3
[    4.139037] ehci_hcd: USB 2.0 'Enhanced' Host Controller (EHCI) Driver
[    4.139996] ehci-pci: EHCI PCI platform driver
[    4.140719] ehci-platform: EHCI generic platform driver
[    4.141526] ohci_hcd: USB 1.1 'Open' Host Controller (OHCI) Driver
[    4.142521] ohci-pci: OHCI PCI platform driver
[    4.143288] ohci-platform: OHCI generic platform driver
[    4.144174] uhci_hcd: USB Universal Host Controller Interface driver
[    4.145678] usbcore: registered new interface driver uas
[    4.146786] usbcore: registered new interface driver usb-storage
[    4.148054] i8042: PNP: PS/2 Controller [PNP0303:KBD,PNP0f13:MOU] at 0x60,0x64 irq 1,12
[    4.150883] serio: i8042 KBD port at 0x60,0x64 irq 1
[    4.151878] serio: i8042 AUX port at 0x60,0x64 irq 12
[    4.153563] mousedev: PS/2 mouse device common for all mice
[    4.155860] input: AT Translated Set 2 keyboard as /devices/platform/i8042/serio0/input/input1
[    4.158763] input: VirtualPS/2 VMware VMMouse as /devices/platform/i8042/serio1/input/input4
[    4.160864] rtc_cmos 00:05: RTC can wake from S4
[    4.163135] input: VirtualPS/2 VMware VMMouse as /devices/platform/i8042/serio1/input/input3
[    4.165210] rtc_cmos 00:05: registered as rtc0
[    4.166266] rtc_cmos 00:05: setting system clock to 2023-03-21T00:47:15 UTC (1679359635)
[    4.167961] rtc_cmos 00:05: alarms up to one day, y3k, 242 bytes nvram, hpet irqs
[    4.169399] i2c_dev: i2c /dev entries driver
[    4.170565] device-mapper: core: CONFIG_IMA_DISABLE_HTABLE is disabled. Duplicate IMA measurements will not be recorded in the IMA log.
[    4.172999] device-mapper: uevent: version 1.0.3
[    4.174275] device-mapper: ioctl: 4.45.0-ioctl (2021-03-22) initialised: dm-devel@redhat.com
[    4.175879] intel_pstate: CPU model not supported
[    4.176959] sdhci: Secure Digital Host Controller Interface driver
[    4.178356] sdhci: Copyright(c) Pierre Ossman
[    4.179303] sdhci-pltfm: SDHCI platform and OF driver helper
[    4.180426] ledtrig-cpu: registered to indicate activity on CPUs
[    4.181942] drop_monitor: Initializing network drop monitor service
[    4.183838] NET: Registered PF_INET6 protocol family
[    4.190575] Segment Routing with IPv6
[    4.191372] In-situ OAM (IOAM) with IPv6
[    4.192169] NET: Registered PF_PACKET protocol family
[    4.193499] 9pnet: Installing 9P2000 support
[    4.194483] Key type dns_resolver registered
[    4.196194] IPI shorthand broadcast: enabled
[    4.197094] sched_clock: Marking stable (4166621955, 29325963)->(4210918408, -14970490)
[    4.199367] registered taskstats version 1
[    4.200310] Loading compiled-in X.509 certificates
[    4.201616] zswap: loaded using pool lzo/zbud
[    4.203722] Key type ._fscrypt registered
[    4.204518] Key type .fscrypt registered
[    4.205261] Key type fscrypt-provisioning registered
[    4.207925] Key type encrypted registered
[    4.208832] ima: No TPM chip found, activating TPM-bypass!
[    4.209910] ima: Allocated hash algorithm: sha1
[    4.210856] ima: No architecture policies found
[    4.211837] evm: Initialising EVM extended attributes:
[    4.212828] evm: security.selinux
[    4.213460] evm: security.SMACK64
[    4.214140] evm: security.SMACK64EXEC
[    4.214833] evm: security.SMACK64TRANSMUTE
[    4.215602] evm: security.SMACK64MMAP
[    4.216292] evm: security.apparmor
[    4.216949] evm: security.ima
[    4.217521] evm: security.capability
[    4.218221] evm: HMAC attrs: 0x1
[    4.226751] PM:   Magic number: 15:790:759
[    4.228165] RAS: Correctable Errors collector initialized.
[    4.230612] md: Waiting for all devices to be available before autodetect
[    4.231878] md: If you don't use raid, use raid=noautodetect
[    4.232951] md: Autodetecting RAID arrays.
[    4.233728] md: autorun ...
[    4.234374] md: ... autorun DONE.
[    4.248246] EXT4-fs (sda): mounted filesystem with ordered data mode. Opts: (null). Quota mode: none.
[    4.250155] VFS: Mounted root (ext4 filesystem) readonly on device 8:0.
[    4.253930] devtmpfs: mounted
[    4.269416] Freeing unused decrypted memory: 2036K
[    4.273261] Freeing unused kernel image (initmem) memory: 3172K
[    4.274208] Write protecting the kernel read-only data: 43008k
[    4.278897] Freeing unused kernel image (text/rodata gap) memory: 2028K
[    4.280376] Freeing unused kernel image (rodata/data gap) memory: 344K
[    4.367782] x86/mm: Checked W+X mappings: passed, no W+X pages found.
[    4.368790] Run /sbin/init as init process
[    4.471624] random: fast init done
[    4.509669] systemd[1]: RTC configured in localtime, applying delta of 0 minutes to system time.
[    4.556056] systemd[1]: systemd 239 (239-49.el8) running in system mode. (+PAM +AUDIT +SELINUX +IMA -APPARMOR +SMACK +SYSVINIT +UTMP +LIBCRYPTSETUP +GCRYPT +GNUTLS +ACL +XZ +LZ4 +SECCOMP +BLKID +ELFUTILS +KMOD +IDN2 -IDN +PCRE2 default-hierarchy=legacy)
[    4.560610] systemd[1]: Detected virtualization kvm.
[    4.561602] systemd[1]: Detected architecture x86-64.

Welcome to [0;31mCentOS Stream 8[0m!

[    4.588433] systemd[1]: Set hostname to <test>.
[    4.757863] random: lvmconfig: uninitialized urandom read (4 bytes read)
[    4.985611] random: systemd: uninitialized urandom read (16 bytes read)
[    4.987270] systemd[1]: Listening on initctl Compatibility Named Pipe.
[[0;32m  OK  [0m] Listening on initctl Compatibility Named Pipe.
[    4.989971] random: systemd: uninitialized urandom read (16 bytes read)
[    4.994485] systemd[1]: Created slice system-serial\x2dgetty.slice.
[[0;32m  OK  [0m] Created slice system-serial\x2dgetty.slice.
[    4.997565] systemd[1]: Created slice User and Session Slice.
[[0;32m  OK  [0m] Created slice User and Session Slice.
[    5.000174] systemd[1]: Listening on udev Control Socket.
[[0;32m  OK  [0m] Listening on udev Control Socket.
[    5.002327] systemd[1]: Listening on Device-mapper event daemon FIFOs.
[[0;32m  OK  [0m] Listening on Device-mapper event daemon FIFOs.
[    5.004841] systemd[1]: Listening on LVM2 poll daemon socket.
[[0;32m  OK  [0m] Listening on LVM2 poll daemon socket.
[[0;32m  OK  [0m] Started Forward Password Requests to Wall Directory Watch.
[[0;32m  OK  [0m] Created slice system-getty.slice.
[[0;32m  OK  [0m] Reached target Swap.
[[0;32m  OK  [0m] Listening on udev Kernel Socket.
[[0;32m  OK  [0m] Listening on Journal Socket (/dev/log).
[[0;32m  OK  [0m] Listening on Journal Socket.
         Starting Journal Service...
         Mounting POSIX Message Queue File System...
         Starting Load Kernel Modules...
         Mounting Kernel Debug File System...
         Starting udev Coldplug all Devices...
         Starting Monitoring of LVM2 mirrorsâ€¦ng dmeventd or progress polling...
         Starting Remount Root and Kernel File Systems...
         Starting Setup Virtual Console...
[[0;32m  OK  [0m] Reached target Slices.
[[0;32m  OK  [0m] Listening on multipathd control socket.
[[0;32m  OK  [0m] Listening on Process Core Dump Socket.
[[0;32m  OK  [0m] Listening on RPCbind Server Activation Socket.
[[0;32m  OK  [0m] Reached target RPC Port Mapper.
[[0;32m  OK  [0m] Set up automount Arbitrary Executabâ€¦rmats File System Automount Point.
[[0;32m  OK  [0m] Created slice system-sshd\x2dkeygen.slice.
         Mounting Huge Pages File System...
[[0;32m  OK  [0m] Started Journal Service.
[[0;32m  OK  [0m] Mounted POSIX Message Queue File System.
[    5.426135] EXT4-fs (sda): re-mounted. Opts: (null). Quota mode: none.
[[0;1;31mFAILED[0m] Failed to start Load Kernel Modules.
See 'systemctl status systemd-modules-load.service' for details.
[[0;32m  OK  [0m] Mounted Kernel Debug File System.
[[0;32m  OK  [0m] Started Remount Root and Kernel File Systems.
[[0;32m  OK  [0m] Mounted Huge Pages File System.
         Starting Load/Save Random Seed...
         Starting Create Static Device Nodes in /dev...
         Mounting Kernel Configuration File System...
         Mounting FUSE Control File System...
         Starting Apply Kernel Variables...
         Starting Flush Journal to Persistent Storage...
[[0;32m  OK  [0m] Started Setup Virtual Console.
[[0;32m  OK  [0m] Started udev Coldplug all Devices.
[[0;32m  OK  [0m] Started Load/Save Random Seed.
[[0;32m  OK  [0m] Started Create Static Device Nodes in /dev.
[[0;32m  OK  [0m] Mounted Kernel Configuration File System.
[[0;32m  OK  [0m] Mounted FUSE Control File System.
[[0;32m  OK  [0m] Started Apply Kernel Variables.
         Starting udev Kernel Device Manager...
         Starting udev Wait for Complete Device Initialization...
[[0;32m  OK  [0m] Started Flush Journal to Persistent Storage.
[[0;32m  OK  [0m] Started udev Kernel Device Manager.
         Starting Show Plymouth Boot Screen...
[[0;32m  OK  [0m] Started Show Plymouth Boot Screen.
[[0;32m  OK  [0m] Started Forward Password Requests to Plymouth Directory Watch.
[[0;32m  OK  [0m] Reached target Paths.
[[0;32m  OK  [0m] Reached target Local Encrypted Volumes.
[[0;32m  OK  [0m] Found device /dev/ttyS0.
[[0;32m  OK  [0m] Started Monitoring of LVM2 mirrors,â€¦sing dmeventd or progress polling.
[[0;32m  OK  [0m] Started udev Wait for Complete Device Initialization.
[[0;32m  OK  [0m] Listening on Load/Save RF Kill Switch Status /dev/rfkill Watch.
[[0;32m  OK  [0m] Reached target Local File Systems (Pre).
[[0;32m  OK  [0m] Reached target Local File Systems.
         Starting Tell Plymouth To Write Out Runtime Data...
         Starting Restore /run/initramfs on shutdown...
         Starting Create Volatile Files and Directories...
[[0;32m  OK  [0m] Started Tell Plymouth To Write Out Runtime Data.
[[0;32m  OK  [0m] Started Restore /run/initramfs on shutdown.
[[0;32m  OK  [0m] Started Create Volatile Files and Directories.
         Mounting RPC Pipe File System...
         Starting Security Auditing Service...
         Starting RPC Bind...
[[0;32m  OK  [0m] Mounted RPC Pipe File System.
[[0;32m  OK  [0m] Reached target rpc_pipefs.target.
[[0;32m  OK  [0m] Started RPC Bind.
[[0;32m  OK  [0m] Started Security Auditing Service.
         Starting Update UTMP about System Boot/Shutdown...
[[0;32m  OK  [0m] Started Update UTMP about System Boot/Shutdown.
[[0;32m  OK  [0m] Reached target System Initialization.
[[0;32m  OK  [0m] Started dnf makecache --timer.
[[0;32m  OK  [0m] Listening on D-Bus System Message Bus Socket.
[[0;32m  OK  [0m] Started daily update of the root trust anchor for DNSSEC.
[[0;32m  OK  [0m] Started Daily Cleanup of Temporary Directories.
[[0;32m  OK  [0m] Reached target Timers.
[[0;32m  OK  [0m] Listening on SSSD Kerberos Cache Manager responder socket.
[[0;32m  OK  [0m] Reached target Sockets.
[[0;32m  OK  [0m] Reached target Basic System.
         Starting Self Monitoring and Reporting Technology (SMART) Daemon...
[[0;32m  OK  [0m] Started Machine Check Exception Logging Daemon.
[[0;32m  OK  [0m] Started D-Bus System Message Bus.
         Starting Network Manager...
         Starting Authorization Manager...
         Starting NTP client/server...
         Starting Login Service...
         Starting Auto-connect to subsystemsâ€¦-NVME devices found during boot...
[[0;32m  OK  [0m] Reached target sshd-keygen.target.
[[0;32m  OK  [0m] Started irqbalance daemon.
[[0;32m  OK  [0m] Started Auto-connect to subsystems â€¦FC-NVME devices found during boot.
         Starting update of the root trust aâ€¦or DNSSEC validation in unbound...
[[0;32m  OK  [0m] Started Login Service.
[[0;32m  OK  [0m] Started Self Monitoring and Reporting Technology (SMART) Daemon.
[[0;32m  OK  [0m] Started Network Manager.
[[0;32m  OK  [0m] Reached target Network.
         Starting Dynamic System Tuning Daemon...
         Starting GSSAPI Proxy Daemon...
         Starting OpenSSH server daemon...
         Starting Network Manager Wait Online...
[[0;32m  OK  [0m] Started NTP client/server.
         Starting Hostname Service...
[[0;32m  OK  [0m] Started Authorization Manager.
[[0;32m  OK  [0m] Started Hostname Service.
         Starting Network Manager Script Dispatcher Service...
[[0;32m  OK  [0m] Started Network Manager Script Dispatcher Service.
[    7.882054] e1000: eth0 NIC Link is Up 1000 Mbps Full Duplex, Flow Control: RX
[    7.884733] IPv6: ADDRCONF(NETDEV_CHANGE): eth0: link becomes ready
[[0;32m  OK  [0m] Started Dynamic System Tuning Daemon.
[    8.662174] random: crng init done
[    8.663004] random: 7 urandom warning(s) missed due to ratelimiting
[[0;32m  OK  [0m] Started update of the root trust anâ€¦ for DNSSEC validation in unbound.
[[0;32m  OK  [0m] Started OpenSSH server daemon.
[[0;32m  OK  [0m] Started GSSAPI Proxy Daemon.
[[0;32m  OK  [0m] Reached target NFS client services.
[[0;32m  OK  [0m] Reached target Remote File Systems (Pre).
[[0;32m  OK  [0m] Reached target Remote File Systems.
         Starting Permit User Sessions...
[[0;32m  OK  [0m] Started Permit User Sessions.
[[0;32m  OK  [0m] Started Command Scheduler.
         Starting Terminate Plymouth Boot Screen...
         Starting Hold until boot process finishes up...

CentOS Stream 8
Kernel 5.16.0-63045bfd3c8d+ on an x86_64

test login: [   28.960334] loop0: detected capacity change from 0 to 32768
[   28.985937] loop6: detected capacity change from 0 to 32768
[   29.013187] loop4: detected capacity change from 0 to 32768
[   29.032334] XFS (loop0): Mounting V5 Filesystem
[   29.054679] loop7: detected capacity change from 0 to 32768
[   29.061489] loop2: detected capacity change from 0 to 32768
[   29.078585] XFS (loop2): Mounting V5 Filesystem
[   29.090420] XFS (loop6): Mounting V5 Filesystem
[   29.094922] XFS (loop0): Starting recovery (logdev: internal)
[   29.100071] XFS (loop0): Ending recovery (logdev: internal)
[   29.101681] XFS (loop0): Metadata CRC error detected at xfs_agf_read_verify+0x102/0x130, xfs_agf block 0x1 
[   29.103897] XFS (loop0): Unmount and run xfs_repair
[   29.104956] XFS (loop0): First 128 bytes of corrupted metadata buffer:
[   29.106376] 00000000: 58 41 47 46 00 00 00 01 00 00 00 00 00 00 10 00  XAGF............
[   29.108062] 00000010: 00 00 00 01 00 00 00 02 00 00 00 00 00 00 00 01  ................
[   29.109758] 00000020: 00 00 00 01 00 00 00 00 00 00 00 01 00 00 00 04  ................
[   29.111495] 00000030: 00 00 00 04 00 00 0a 58 00 00 0a 50 00 00 00 00  .......X...P....
[   29.113229] 00000040: 9f 1c ad 42 11 bd 4e 12 8f 0b f0 78 76 b8 1d 9a  ...B..N....xv...
[   29.114468] loop3: detected capacity change from 0 to 32768
[   29.114931] 00000050: 00 00 00 00 00 00 00 01 00 00 00 05 00 00 00 08  ................
[   29.117898] 00000060: 00 00 00 00 00 00 00 00 00 00 00 00 00 00 00 00  ................
[   29.119584] 00000070: 00 00 00 00 00 00 00 00 00 00 00 00 00 00 00 00  ................
[   29.121362] XFS (loop0): metadata I/O error in "xfs_read_agf+0xcb/0x280" at daddr 0x1 len 1 error 74
[   29.123628] XFS (loop0): Error -117 recovering leftover CoW allocations.
[   29.125912] XFS (loop0): Corruption of in-memory data (0x8) detected at xfs_mountfs+0xb5e/0xc90 (fs/xfs/xfs_mount.c:944).  Shutting down filesystem.
[   29.128801] XFS (loop0): Please unmount the filesystem and rectify the problem(s)
[   29.132793] loop1: detected capacity change from 0 to 32768
[   29.150860] XFS (loop2): Starting recovery (logdev: internal)
[   29.201611] loop5: detected capacity change from 0 to 32768
[   29.212315] XFS (loop6): Starting recovery (logdev: internal)
[   29.237994] XFS (loop7): Mounting V5 Filesystem
[   29.239206] XFS (loop1): Mounting V5 Filesystem
[   29.240934] XFS (loop2): Ending recovery (logdev: internal)
[   29.242442] XFS (loop6): Ending recovery (logdev: internal)
[   29.244916] XFS (loop2): Metadata CRC error detected at xfs_agf_read_verify+0x102/0x130, xfs_agf block 0x1 
[   29.246920] XFS (loop2): Unmount and run xfs_repair
[   29.247737] XFS (loop2): First 128 bytes of corrupted metadata buffer:
[   29.248094] XFS (loop6): Metadata CRC error detected at xfs_agf_read_verify+0x102/0x130, xfs_agf block 0x1 
[   29.248826] 00000000: 58 41 47 46 00 00 00 01 00 00 00 00 00 00 10 00  XAGF............
[   29.250530] XFS (loop6): Unmount and run xfs_repair
[   29.251815] 00000010: 00 00 00 01 00 00 00 02 00 00 00 00 00 00 00 01  ................
[   29.252646] XFS (loop6): First 128 bytes of corrupted metadata buffer:
[   29.253977] 00000020: 00 00 00 01 00 00 00 00 00 00 00 01 00 00 00 04  ................
[   29.255057] 00000000: 58 41 47 46 00 00 00 01 00 00 00 00 00 00 10 00  XAGF............
[   29.256367] 00000030: 00 00 00 04 00 00 0a 58 00 00 0a 50 00 00 00 00  .......X...P....
[   29.257721] 00000010: 00 00 00 01 00 00 00 02 00 00 00 00 00 00 00 01  ................
[   29.259123] 00000040: 9f 1c ad 42 11 bd 4e 12 8f 0b f0 78 76 b8 1d 9a  ...B..N....xv...
[   29.259133] 00000050: 00 00 00 00 00 00 00 01 00 00 00 05 00 00 00 08  ................
[   29.260620] 00000020: 00 00 00 01 00 00 00 00 00 00 00 01 00 00 00 04  ................
[   29.262192] 00000060: 00 00 00 00 00 00 00 00 00 00 00 00 00 00 00 00  ................
[   29.263873] 00000030: 00 00 00 04 00 00 0a 58 00 00 0a 50 00 00 00 00  .......X...P....
[   29.265443] 00000070: 00 00 00 00 00 00 00 00 00 00 00 00 00 00 00 00  ................
[   29.266798] 00000040: 9f 1c ad 42 11 bd 4e 12 8f 0b f0 78 76 b8 1d 9a  ...B..N....xv...
[   29.268133] XFS (loop2): metadata I/O error in "xfs_read_agf+0xcb/0x280" at daddr 0x1 len 1 error 74
[   29.269464] 00000050: 00 00 00 00 00 00 00 01 00 00 00 05 00 00 00 08  ................
[   29.270807] XFS (loop2): Error -117 recovering leftover CoW allocations.
[   29.272409] 00000060: 00 00 00 00 00 00 00 00 00 00 00 00 00 00 00 00  ................
[   29.273748] XFS (loop2): Corruption of in-memory data (0x8) detected at xfs_mountfs+0xb5e/0xc90 (fs/xfs/xfs_mount.c:944).  Shutting down filesystem.
[   29.274884] 00000070: 00 00 00 00 00 00 00 00 00 00 00 00 00 00 00 00  ................
[   29.276195] XFS (loop2): Please unmount the filesystem and rectify the problem(s)
[   29.280287] XFS (loop4): Mounting V5 Filesystem
[   29.281228] XFS (loop6): metadata I/O error in "xfs_read_agf+0xcb/0x280" at daddr 0x1 len 1 error 74
[   29.284100] XFS (loop6): Error -117 recovering leftover CoW allocations.
[   29.287110] XFS (loop6): Corruption of in-memory data (0x8) detected at xfs_mountfs+0xb5e/0xc90 (fs/xfs/xfs_mount.c:944).  Shutting down filesystem.
[   29.290107] XFS (loop6): Please unmount the filesystem and rectify the problem(s)
[   29.292802] XFS (loop3): Mounting V5 Filesystem
[   29.298822] XFS (loop5): Mounting V5 Filesystem
[   29.360213] XFS (loop7): Starting recovery (logdev: internal)
[   29.361093] XFS (loop3): Starting recovery (logdev: internal)
[   29.365468] XFS (loop7): Ending recovery (logdev: internal)
[   29.366833] XFS (loop7): Metadata CRC error detected at xfs_agf_read_verify+0x102/0x130, xfs_agf block 0x1 
[   29.369075] XFS (loop7): Unmount and run xfs_repair
[   29.369561] XFS (loop4): Starting recovery (logdev: internal)
[   29.370184] XFS (loop7): First 128 bytes of corrupted metadata buffer:
[   29.372597] XFS (loop4): Ending recovery (logdev: internal)
[   29.372827] 00000000: 58 41 47 46 00 00 00 01 00 00 00 00 00 00 10 00  XAGF............
[   29.374144] XFS (loop4): Metadata CRC error detected at xfs_agf_read_verify+0x102/0x130, xfs_agf block 0x1 
[   29.375734] 00000010: 00 00 00 01 00 00 00 02 00 00 00 00 00 00 00 01  ................
[   29.377802] XFS (loop4): Unmount and run xfs_repair
[   29.379503] 00000020: 00 00 00 01 00 00 00 00 00 00 00 01 00 00 00 04  ................
[   29.380515] XFS (loop4): First 128 bytes of corrupted metadata buffer:
[   29.382205] 00000030: 00 00 00 04 00 00 0a 58 00 00 0a 50 00 00 00 00  .......X...P....
[   29.383558] 00000000: 58 41 47 46 00 00 00 01 00 00 00 00 00 00 10 00  XAGF............
[   29.385232] 00000040: 9f 1c ad 42 11 bd 4e 12 8f 0b f0 78 76 b8 1d 9a  ...B..N....xv...
[   29.386914] 00000010: 00 00 00 01 00 00 00 02 00 00 00 00 00 00 00 01  ................
[   29.388604] 00000050: 00 00 00 00 00 00 00 01 00 00 00 05 00 00 00 08  ................
[   29.390272] 00000020: 00 00 00 01 00 00 00 00 00 00 00 01 00 00 00 04  ................
[   29.391941] 00000060: 00 00 00 00 00 00 00 00 00 00 00 00 00 00 00 00  ................
[   29.393597] 00000030: 00 00 00 04 00 00 0a 58 00 00 0a 50 00 00 00 00  .......X...P....
[   29.395290] 00000070: 00 00 00 00 00 00 00 00 00 00 00 00 00 00 00 00  ................
[   29.396951] 00000040: 9f 1c ad 42 11 bd 4e 12 8f 0b f0 78 76 b8 1d 9a  ...B..N....xv...
[   29.400332] 00000050: 00 00 00 00 00 00 00 01 00 00 00 05 00 00 00 08  ................
[   29.400591] XFS (loop1): Starting recovery (logdev: internal)
[   29.402178] 00000060: 00 00 00 00 00 00 00 00 00 00 00 00 00 00 00 00  ................
[   29.402189] 00000070: 00 00 00 00 00 00 00 00 00 00 00 00 00 00 00 00  ................
[   29.402553] XFS (loop7): metadata I/O error in "xfs_read_agf+0xcb/0x280" at daddr 0x1 len 1 error 74
[   29.408076] XFS (loop5): Starting recovery (logdev: internal)
[   29.408866] XFS (loop7): Error -117 recovering leftover CoW allocations.
[   29.408890] XFS (loop4): metadata I/O error in "xfs_read_agf+0xcb/0x280" at daddr 0x1 len 1 error 74
[   29.412556] XFS (loop3): Ending recovery (logdev: internal)
[   29.412847] XFS (loop4): Error -117 recovering leftover CoW allocations.
[   29.414156] XFS (loop3): Metadata CRC error detected at xfs_agf_read_verify+0x102/0x130, xfs_agf block 0x1 
[   29.416528] XFS (loop3): Unmount and run xfs_repair
[   29.416621] XFS (loop7): Corruption of in-memory data (0x8) detected at xfs_mountfs+0xb5e/0xc90 (fs/xfs/xfs_mount.c:944).  Shutting down filesystem.
[   29.417327] XFS (loop3): First 128 bytes of corrupted metadata buffer:
[   29.419451] XFS (loop7): Please unmount the filesystem and rectify the problem(s)
[   29.420505] 00000000: 58 41 47 46 00 00 00 01 00 00 00 00 00 00 10 00  XAGF............
[   29.421834] XFS (loop4): Corruption of in-memory data (0x8) detected at xfs_mountfs+0xb5e/0xc90 (fs/xfs/xfs_mount.c:944).  Shutting down filesystem.
[   29.423029] 00000010: 00 00 00 01 00 00 00 02 00 00 00 00 00 00 00 01  ................
[   29.425264] XFS (loop4): Please unmount the filesystem and rectify the problem(s)
[   29.426767] 00000020: 00 00 00 01 00 00 00 00 00 00 00 01 00 00 00 04  ................
[   29.426777] 00000030: 00 00 00 04 00 00 0a 58 00 00 0a 50 00 00 00 00  .......X...P....
[   29.431726] 00000040: 9f 1c ad 42 11 bd 4e 12 8f 0b f0 78 76 b8 1d 9a  ...B..N....xv...
[   29.433446] 00000050: 00 00 00 00 00 00 00 01 00 00 00 05 00 00 00 08  ................
[   29.435201] 00000060: 00 00 00 00 00 00 00 00 00 00 00 00 00 00 00 00  ................
[   29.436907] 00000070: 00 00 00 00 00 00 00 00 00 00 00 00 00 00 00 00  ................
[   29.438708] XFS (loop3): metadata I/O error in "xfs_read_agf+0xcb/0x280" at daddr 0x1 len 1 error 74
[   29.440700] XFS (loop3): Error -117 recovering leftover CoW allocations.
[   29.442194] XFS (loop3): Corruption of in-memory data (0x8) detected at xfs_mountfs+0xb5e/0xc90 (fs/xfs/xfs_mount.c:944).  Shutting down filesystem.
[   29.445008] XFS (loop3): Please unmount the filesystem and rectify the problem(s)
[   29.452820] XFS (loop1): Ending recovery (logdev: internal)
[   29.454395] XFS (loop5): Ending recovery (logdev: internal)
[   29.455800] XFS (loop5): Metadata CRC error detected at xfs_agf_read_verify+0x102/0x130, xfs_agf block 0x1 
[   29.457994] XFS (loop5): Unmount and run xfs_repair
[   29.459044] XFS (loop5): First 128 bytes of corrupted metadata buffer:
[   29.460435] 00000000: 58 41 47 46 00 00 00 01 00 00 00 00 00 00 10 00  XAGF............
[   29.462189] 00000010: 00 00 00 01 00 00 00 02 00 00 00 00 00 00 00 01  ................
[   29.463893] 00000020: 00 00 00 01 00 00 00 00 00 00 00 01 00 00 00 04  ................
[   29.465600] 00000030: 00 00 00 04 00 00 0a 58 00 00 0a 50 00 00 00 00  .......X...P....
[   29.467360] 00000040: 9f 1c ad 42 11 bd 4e 12 8f 0b f0 78 76 b8 1d 9a  ...B..N....xv...
[   29.469073] 00000050: 00 00 00 00 00 00 00 01 00 00 00 05 00 00 00 08  ................
[   29.470794] 00000060: 00 00 00 00 00 00 00 00 00 00 00 00 00 00 00 00  ................
[   29.472537] 00000070: 00 00 00 00 00 00 00 00 00 00 00 00 00 00 00 00  ................
[   29.474370] XFS (loop5): metadata I/O error in "xfs_read_agf+0xcb/0x280" at daddr 0x1 len 1 error 74
[   29.476385] XFS (loop5): Error -117 recovering leftover CoW allocations.
[   29.477687] XFS (loop1): Metadata CRC error detected at xfs_agf_read_verify+0x102/0x130, xfs_agf block 0x1 
[   29.478028] XFS (loop5): Corruption of in-memory data (0x8) detected at xfs_mountfs+0xb5e/0xc90 (fs/xfs/xfs_mount.c:944).  Shutting down filesystem.
[   29.480060] XFS (loop1): Unmount and run xfs_repair
[   29.482856] XFS (loop5): Please unmount the filesystem and rectify the problem(s)
[   29.483887] XFS (loop1): First 128 bytes of corrupted metadata buffer:
[   29.486874] 00000000: 58 41 47 46 00 00 00 01 00 00 00 00 00 00 10 00  XAGF............
[   29.488565] 00000010: 00 00 00 01 00 00 00 02 00 00 00 00 00 00 00 01  ................
[   29.490271] 00000020: 00 00 00 01 00 00 00 00 00 00 00 01 00 00 00 04  ................
[   29.491942] 00000030: 00 00 00 04 00 00 0a 58 00 00 0a 50 00 00 00 00  .......X...P....
[   29.493633] 00000040: 9f 1c ad 42 11 bd 4e 12 8f 0b f0 78 76 b8 1d 9a  ...B..N....xv...
[   29.495343] 00000050: 00 00 00 00 00 00 00 01 00 00 00 05 00 00 00 08  ................
[   29.497032] 00000060: 00 00 00 00 00 00 00 00 00 00 00 00 00 00 00 00  ................
[   29.498771] 00000070: 00 00 00 00 00 00 00 00 00 00 00 00 00 00 00 00  ................
[   29.510067] XFS (loop1): metadata I/O error in "xfs_read_agf+0xcb/0x280" at daddr 0x1 len 1 error 74
[   29.512246] XFS (loop1): Error -117 recovering leftover CoW allocations.
[   29.514372] XFS (loop1): Corruption of in-memory data (0x8) detected at xfs_mountfs+0xb5e/0xc90 (fs/xfs/xfs_mount.c:944).  Shutting down filesystem.
[   29.517245] XFS (loop1): Please unmount the filesystem and rectify the problem(s)
[   29.737611] loop0: detected capacity change from 0 to 32768
[   29.790291] XFS (loop0): Mounting V5 Filesystem
[   29.847050] XFS (loop0): Starting recovery (logdev: internal)
[   29.848341] loop1: detected capacity change from 0 to 32768
[   29.851532] XFS (loop0): Ending recovery (logdev: internal)
[   29.852692] XFS (loop0): Metadata CRC error detected at xfs_agf_read_verify+0x102/0x130, xfs_agf block 0x1 
[   29.854477] XFS (loop0): Unmount and run xfs_repair
[   29.855312] XFS (loop0): First 128 bytes of corrupted metadata buffer:
[   29.856429] 00000000: 58 41 47 46 00 00 00 01 00 00 00 00 00 00 10 00  XAGF............
[   29.857870] 00000010: 00 00 00 01 00 00 00 02 00 00 00 00 00 00 00 01  ................
[   29.859329] 00000020: 00 00 00 01 00 00 00 00 00 00 00 01 00 00 00 04  ................
[   29.860882] 00000030: 00 00 00 04 00 00 0a 58 00 00 0a 50 00 00 00 00  .......X...P....
[   29.862639] 00000040: 9f 1c ad 42 11 bd 4e 12 8f 0b f0 78 76 b8 1d 9a  ...B..N....xv...
[   29.864341] 00000050: 00 00 00 00 00 00 00 01 00 00 00 05 00 00 00 08  ................
[   29.866092] 00000060: 00 00 00 00 00 00 00 00 00 00 00 00 00 00 00 00  ................
[   29.867813] 00000070: 00 00 00 00 00 00 00 00 00 00 00 00 00 00 00 00  ................
[   29.869594] XFS (loop0): metadata I/O error in "xfs_read_agf+0xcb/0x280" at daddr 0x1 len 1 error 74
[   29.871675] XFS (loop0): Error -117 recovering leftover CoW allocations.
[   29.876766] XFS (loop0): Corruption of in-memory data (0x8) detected at xfs_mountfs+0xb5e/0xc90 (fs/xfs/xfs_mount.c:944).  Shutting down filesystem.
[   29.879638] XFS (loop0): Please unmount the filesystem and rectify the problem(s)
[   29.932016] XFS (loop1): Mounting V5 Filesystem
[   29.954884] loop5: detected capacity change from 0 to 32768
[   29.963725] loop6: detected capacity change from 0 to 32768
[   30.001997] loop2: detected capacity change from 0 to 32768
[   30.028004] XFS (loop1): Starting recovery (logdev: internal)
[   30.038199] XFS (loop1): Ending recovery (logdev: internal)
[   30.039420] XFS (loop1): Metadata CRC error detected at xfs_agf_read_verify+0x102/0x130, xfs_agf block 0x1 
[   30.041220] XFS (loop1): Unmount and run xfs_repair
[   30.042026] loop7: detected capacity change from 0 to 32768
[   30.042147] XFS (loop1): First 128 bytes of corrupted metadata buffer:
[   30.044552] 00000000: 58 41 47 46 00 00 00 01 00 00 00 00 00 00 10 00  XAGF............
[   30.046268] 00000010: 00 00 00 01 00 00 00 02 00 00 00 00 00 00 00 01  ................
[   30.046430] loop4: detected capacity change from 0 to 32768
[   30.047945] 00000020: 00 00 00 01 00 00 00 00 00 00 00 01 00 00 00 04  ................
[   30.050870] 00000030: 00 00 00 04 00 00 0a 58 00 00 0a 50 00 00 00 00  .......X...P....
[   30.051090] loop3: detected capacity change from 0 to 32768
[   30.052553] 00000040: 9f 1c ad 42 11 bd 4e 12 8f 0b f0 78 76 b8 1d 9a  ...B..N....xv...
[   30.055777] 00000050: 00 00 00 00 00 00 00 01 00 00 00 05 00 00 00 08  ................
[   30.057491] 00000060: 00 00 00 00 00 00 00 00 00 00 00 00 00 00 00 00  ................
[   30.059211] 00000070: 00 00 00 00 00 00 00 00 00 00 00 00 00 00 00 00  ................
[   30.071919] XFS (loop1): metadata I/O error in "xfs_read_agf+0xcb/0x280" at daddr 0x1 len 1 error 74
[   30.074076] XFS (loop1): Error -117 recovering leftover CoW allocations.
[   30.075537] XFS (loop1): Corruption of in-memory data (0x8) detected at xfs_mountfs+0xb5e/0xc90 (fs/xfs/xfs_mount.c:944).  Shutting down filesystem.
[   30.078431] XFS (loop1): Please unmount the filesystem and rectify the problem(s)
[   30.093716] XFS (loop5): Mounting V5 Filesystem
[   30.101051] XFS (loop6): Mounting V5 Filesystem
[   30.110597] XFS (loop2): Mounting V5 Filesystem
[   30.131125] XFS (loop5): Starting recovery (logdev: internal)
[   30.144173] XFS (loop3): Mounting V5 Filesystem
[   30.145381] XFS (loop4): Mounting V5 Filesystem
[   30.146520] XFS (loop7): Mounting V5 Filesystem
[   30.149146] XFS (loop5): Ending recovery (logdev: internal)
[   30.150684] XFS (loop5): Metadata CRC error detected at xfs_agf_read_verify+0x102/0x130, xfs_agf block 0x1 
[   30.152856] XFS (loop5): Unmount and run xfs_repair
[   30.153962] XFS (loop5): First 128 bytes of corrupted metadata buffer:
[   30.155380] 00000000: 58 41 47 46 00 00 00 01 00 00 00 00 00 00 10 00  XAGF............
[   30.157134] 00000010: 00 00 00 01 00 00 00 02 00 00 00 00 00 00 00 01  ................
[   30.158890] 00000020: 00 00 00 01 00 00 00 00 00 00 00 01 00 00 00 04  ................
[   30.160629] 00000030: 00 00 00 04 00 00 0a 58 00 00 0a 50 00 00 00 00  .......X...P....
[   30.162372] 00000040: 9f 1c ad 42 11 bd 4e 12 8f 0b f0 78 76 b8 1d 9a  ...B..N....xv...
[   30.164094] 00000050: 00 00 00 00 00 00 00 01 00 00 00 05 00 00 00 08  ................
[   30.165851] 00000060: 00 00 00 00 00 00 00 00 00 00 00 00 00 00 00 00  ................
[   30.167596] 00000070: 00 00 00 00 00 00 00 00 00 00 00 00 00 00 00 00  ................
[   30.170443] XFS (loop5): metadata I/O error in "xfs_read_agf+0xcb/0x280" at daddr 0x1 len 1 error 74
[   30.172525] XFS (loop5): Error -117 recovering leftover CoW allocations.
[   30.177264] XFS (loop5): Corruption of in-memory data (0x8) detected at xfs_mountfs+0xb5e/0xc90 (fs/xfs/xfs_mount.c:944).  Shutting down filesystem.
[   30.178866] XFS (loop6): Starting recovery (logdev: internal)
[   30.179655] XFS (loop5): Please unmount the filesystem and rectify the problem(s)
[   30.214754] XFS (loop3): Starting recovery (logdev: internal)
[   30.223895] XFS (loop2): Starting recovery (logdev: internal)
[   30.224810] XFS (loop7): Starting recovery (logdev: internal)
[   30.229494] XFS (loop6): Ending recovery (logdev: internal)
[   30.230483] XFS (loop7): Ending recovery (logdev: internal)
[   30.231651] XFS (loop6): Metadata CRC error detected at xfs_agf_read_verify+0x102/0x130, xfs_agf block 0x1 
[   30.233447] XFS (loop6): Unmount and run xfs_repair
[   30.234400] XFS (loop6): First 128 bytes of corrupted metadata buffer:
[   30.235630] 00000000: 58 41 47 46 00 00 00 01 00 00 00 00 00 00 10 00  XAGF............
[   30.237265] 00000010: 00 00 00 01 00 00 00 02 00 00 00 00 00 00 00 01  ................
[   30.239050] 00000020: 00 00 00 01 00 00 00 00 00 00 00 01 00 00 00 04  ................
[   30.240783] 00000030: 00 00 00 04 00 00 0a 58 00 00 0a 50 00 00 00 00  .......X...P....
[   30.242552] 00000040: 9f 1c ad 42 11 bd 4e 12 8f 0b f0 78 76 b8 1d 9a  ...B..N....xv...
[   30.244286] 00000050: 00 00 00 00 00 00 00 01 00 00 00 05 00 00 00 08  ................
[   30.246066] 00000060: 00 00 00 00 00 00 00 00 00 00 00 00 00 00 00 00  ................
[   30.247809] 00000070: 00 00 00 00 00 00 00 00 00 00 00 00 00 00 00 00  ................
[   30.249615] XFS (loop6): metadata I/O error in "xfs_read_agf+0xcb/0x280" at daddr 0x1 len 1 error 74
[   30.251693] XFS (loop6): Error -117 recovering leftover CoW allocations.
[   30.253643] XFS (loop6): Corruption of in-memory data (0x8) detected at xfs_mountfs+0xb5e/0xc90 (fs/xfs/xfs_mount.c:944).  Shutting down filesystem.
[   30.256611] XFS (loop6): Please unmount the filesystem and rectify the problem(s)
[   30.264354] loop0: detected capacity change from 0 to 32768
[   30.266440] XFS (loop4): Starting recovery (logdev: internal)
[   30.286321] XFS (loop7): Metadata CRC error detected at xfs_agf_read_verify+0x102/0x130, xfs_agf block 0x1 
[   30.288462] XFS (loop7): Unmount and run xfs_repair
[   30.289507] XFS (loop7): First 128 bytes of corrupted metadata buffer:
[   30.290946] 00000000: 58 41 47 46 00 00 00 01 00 00 00 00 00 00 10 00  XAGF............
[   30.292659] 00000010: 00 00 00 01 00 00 00 02 00 00 00 00 00 00 00 01  ................
[   30.294435] 00000020: 00 00 00 01 00 00 00 00 00 00 00 01 00 00 00 04  ................
[   30.296131] 00000030: 00 00 00 04 00 00 0a 58 00 00 0a 50 00 00 00 00  .......X...P....
[   30.297892] 00000040: 9f 1c ad 42 11 bd 4e 12 8f 0b f0 78 76 b8 1d 9a  ...B..N....xv...
[   30.299599] 00000050: 00 00 00 00 00 00 00 01 00 00 00 05 00 00 00 08  ................
[   30.300815] XFS (loop3): Ending recovery (logdev: internal)
[   30.301332] 00000060: 00 00 00 00 00 00 00 00 00 00 00 00 00 00 00 00  ................
[   30.302815] XFS (loop3): Metadata CRC error detected at xfs_agf_read_verify+0x102/0x130, xfs_agf block 0x1 
[   30.304274] 00000070: 00 00 00 00 00 00 00 00 00 00 00 00 00 00 00 00  ................
[   30.305976] XFS (loop7): metadata I/O error in "xfs_read_agf+0xcb/0x280" at daddr 0x1 len 1 error 74
[   30.306452] XFS (loop3): Unmount and run xfs_repair
[   30.308159] XFS (loop7): Error -117 recovering leftover CoW allocations.
[   30.310136] XFS (loop3): First 128 bytes of corrupted metadata buffer:
[   30.311955] XFS (loop7): Corruption of in-memory data (0x8) detected at xfs_mountfs+0xb5e/0xc90 (fs/xfs/xfs_mount.c:944).  Shutting down filesystem.
[   30.312600] 00000000: 58 41 47 46 00 00 00 01 00 00 00 00 00 00 10 00  XAGF............
[   30.314052] XFS (loop7): Please unmount the filesystem and rectify the problem(s)
[   30.316849] 00000010: 00 00 00 01 00 00 00 02 00 00 00 00 00 00 00 01  ................
[   30.321992] 00000020: 00 00 00 01 00 00 00 00 00 00 00 01 00 00 00 04  ................
[   30.323731] 00000030: 00 00 00 04 00 00 0a 58 00 00 0a 50 00 00 00 00  .......X...P....
[   30.325466] 00000040: 9f 1c ad 42 11 bd 4e 12 8f 0b f0 78 76 b8 1d 9a  ...B..N....xv...
[   30.326210] XFS (loop4): Ending recovery (logdev: internal)
[   30.327234] 00000050: 00 00 00 00 00 00 00 01 00 00 00 05 00 00 00 08  ................
[   30.327244] 00000060: 00 00 00 00 00 00 00 00 00 00 00 00 00 00 00 00  ................
[   30.328677] XFS (loop0): Mounting V5 Filesystem
[   30.330212] 00000070: 00 00 00 00 00 00 00 00 00 00 00 00 00 00 00 00  ................
[   30.331148] XFS (loop2): Ending recovery (logdev: internal)
[   30.332825] XFS (loop4): Metadata CRC error detected at xfs_agf_read_verify+0x102/0x130, xfs_agf block 0x1 
[   30.333154] XFS (loop3): metadata I/O error in "xfs_read_agf+0xcb/0x280" at daddr 0x1 len 1 error 74
[   30.334750] XFS (loop4): Unmount and run xfs_repair
[   30.334759] XFS (loop4): First 128 bytes of corrupted metadata buffer:
[   30.334770] 00000000: 58 41 47 46 00 00 00 01 00 00 00 00 00 00 10 00  XAGF............
[   30.334779] 00000010: 00 00 00 01 00 00 00 02 00 00 00 00 00 00 00 01  ................
[   30.334788] 00000020: 00 00 00 01 00 00 00 00 00 00 00 01 00 00 00 04  ................
[   30.334797] 00000030: 00 00 00 04 00 00 0a 58 00 00 0a 50 00 00 00 00  .......X...P....
[   30.334806] 00000040: 9f 1c ad 42 11 bd 4e 12 8f 0b f0 78 76 b8 1d 9a  ...B..N....xv...
[   30.334815] 00000050: 00 00 00 00 00 00 00 01 00 00 00 05 00 00 00 08  ................
[   30.334824] 00000060: 00 00 00 00 00 00 00 00 00 00 00 00 00 00 00 00  ................
[   30.336042] XFS (loop3): Error -117 recovering leftover CoW allocations.
[   30.338108] 00000070: 00 00 00 00 00 00 00 00 00 00 00 00 00 00 00 00  ................
[   30.340110] XFS (loop3): Corruption of in-memory data (0x8) detected at xfs_mountfs+0xb5e/0xc90 (fs/xfs/xfs_mount.c:944).  Shutting down filesystem.
[   30.342545] XFS (loop2): Metadata CRC error detected at xfs_agf_read_verify+0x102/0x130, xfs_agf block 0x1 
[   30.344269] XFS (loop3): Please unmount the filesystem and rectify the problem(s)
[   30.344291] XFS (loop4): metadata I/O error in "xfs_read_agf+0xcb/0x280" at daddr 0x1 len 1 error 74
[   30.346137] XFS (loop2): Unmount and run xfs_repair
[   30.347809] XFS (loop4): Error -117 recovering leftover CoW allocations.
[   30.349488] XFS (loop2): First 128 bytes of corrupted metadata buffer:
[   30.353696] XFS (loop4): Corruption of in-memory data (0x8) detected at xfs_mountfs+0xb5e/0xc90 (fs/xfs/xfs_mount.c:944).  Shutting down filesystem.
[   30.354635] 00000000: 58 41 47 46 00 00 00 01 00 00 00 00 00 00 10 00  XAGF............
[   30.356092] XFS (loop4): Please unmount the filesystem and rectify the problem(s)
[   30.357788] 00000010: 00 00 00 01 00 00 00 02 00 00 00 00 00 00 00 01  ................
[   30.375145] XFS (loop0): Starting recovery (logdev: internal)
[   30.376311] 00000020: 00 00 00 01 00 00 00 00 00 00 00 01 00 00 00 04  ................
[   30.376323] 00000030: 00 00 00 04 00 00 0a 58 00 00 0a 50 00 00 00 00  .......X...P....
[   30.376332] 00000040: 9f 1c ad 42 11 bd 4e 12 8f 0b f0 78 76 b8 1d 9a  ...B..N....xv...
[   30.379667] XFS (loop0): Ending recovery (logdev: internal)
[   30.380710] 00000050: 00 00 00 00 00 00 00 01 00 00 00 05 00 00 00 08  ................
[   30.380719] 00000060: 00 00 00 00 00 00 00 00 00 00 00 00 00 00 00 00  ................
[   30.380728] 00000070: 00 00 00 00 00 00 00 00 00 00 00 00 00 00 00 00  ................
[   30.380864] XFS (loop2): metadata I/O error in "xfs_read_agf+0xcb/0x280" at daddr 0x1 len 1 error 74
[   30.382233] XFS (loop0): Metadata CRC error detected at xfs_agf_read_verify+0x102/0x130, xfs_agf block 0x1 
[   30.383393] XFS (loop2): Error -117 recovering leftover CoW allocations.
[   30.384337] XFS (loop0): Unmount and run xfs_repair
[   30.385649] XFS (loop2): Corruption of in-memory data (0x8) detected at xfs_mountfs+0xb5e/0xc90 (fs/xfs/xfs_mount.c:944).  Shutting down filesystem.
[   30.386997] XFS (loop0): First 128 bytes of corrupted metadata buffer:
[   30.388258] XFS (loop2): Please unmount the filesystem and rectify the problem(s)
[   30.389726] 00000000: 58 41 47 46 00 00 00 01 00 00 00 00 00 00 10 00  XAGF............
[   30.400334] 00000010: 00 00 00 01 00 00 00 02 00 00 00 00 00 00 00 01  ................
[   30.402063] 00000020: 00 00 00 01 00 00 00 00 00 00 00 01 00 00 00 04  ................
[   30.403774] 00000030: 00 00 00 04 00 00 0a 58 00 00 0a 50 00 00 00 00  .......X...P....
[   30.405490] 00000040: 9f 1c ad 42 11 bd 4e 12 8f 0b f0 78 76 b8 1d 9a  ...B..N....xv...
[   30.407212] 00000050: 00 00 00 00 00 00 00 01 00 00 00 05 00 00 00 08  ................
[   30.408896] 00000060: 00 00 00 00 00 00 00 00 00 00 00 00 00 00 00 00  ................
[   30.410621] 00000070: 00 00 00 00 00 00 00 00 00 00 00 00 00 00 00 00  ................
[   30.420076] XFS (loop0): metadata I/O error in "xfs_read_agf+0xcb/0x280" at daddr 0x1 len 1 error 74
[   30.422172] XFS (loop0): Error -117 recovering leftover CoW allocations.
[   30.428164] XFS (loop0): Corruption of in-memory data (0x8) detected at xfs_mountfs+0xb5e/0xc90 (fs/xfs/xfs_mount.c:944).  Shutting down filesystem.
[   30.431070] XFS (loop0): Please unmount the filesystem and rectify the problem(s)
[   30.514659] loop1: detected capacity change from 0 to 32768
[   30.613056] XFS (loop1): Mounting V5 Filesystem
[   30.661804] XFS (loop1): Starting recovery (logdev: internal)
[   30.664607] XFS (loop1): Ending recovery (logdev: internal)
[   30.668732] XFS (loop1): Metadata CRC error detected at xfs_agf_read_verify+0x102/0x130, xfs_agf block 0x1 
[   30.670940] XFS (loop1): Unmount and run xfs_repair
[   30.671981] XFS (loop1): First 128 bytes of corrupted metadata buffer:
[   30.673081] 00000000: 58 41 47 46 00 00 00 01 00 00 00 00 00 00 10 00  XAGF............
[   30.674425] 00000010: 00 00 00 01 00 00 00 02 00 00 00 00 00 00 00 01  ................
[   30.675757] 00000020: 00 00 00 01 00 00 00 00 00 00 00 01 00 00 00 04  ................
[   30.677095] 00000030: 00 00 00 04 00 00 0a 58 00 00 0a 50 00 00 00 00  .......X...P....
[   30.678437] 00000040: 9f 1c ad 42 11 bd 4e 12 8f 0b f0 78 76 b8 1d 9a  ...B..N....xv...
[   30.679763] 00000050: 00 00 00 00 00 00 00 01 00 00 00 05 00 00 00 08  ................
[   30.681092] 00000060: 00 00 00 00 00 00 00 00 00 00 00 00 00 00 00 00  ................
[   30.682443] 00000070: 00 00 00 00 00 00 00 00 00 00 00 00 00 00 00 00  ................
[   30.689771] XFS (loop1): metadata I/O error in "xfs_read_agf+0xcb/0x280" at daddr 0x1 len 1 error 74
[   30.691899] XFS (loop1): Error -117 recovering leftover CoW allocations.
[   30.707534] XFS (loop1): Corruption of in-memory data (0x8) detected at xfs_mountfs+0xb5e/0xc90 (fs/xfs/xfs_mount.c:944).  Shutting down filesystem.
[   30.709886] XFS (loop1): Please unmount the filesystem and rectify the problem(s)
[   30.719585] loop3: detected capacity change from 0 to 32768
[   30.746427] loop4: detected capacity change from 0 to 32768
[   30.772327] loop5: detected capacity change from 0 to 32768
[   30.828870] XFS (loop4): Mounting V5 Filesystem
[   30.837303] XFS (loop3): Mounting V5 Filesystem
[   30.853441] XFS (loop5): Mounting V5 Filesystem
[   30.875437] XFS (loop4): Starting recovery (logdev: internal)
[   30.878697] XFS (loop4): Ending recovery (logdev: internal)
[   30.879800] XFS (loop4): Metadata CRC error detected at xfs_agf_read_verify+0x102/0x130, xfs_agf block 0x1 
[   30.881519] XFS (loop4): Unmount and run xfs_repair
[   30.882424] XFS (loop4): First 128 bytes of corrupted metadata buffer:
[   30.883543] 00000000: 58 41 47 46 00 00 00 01 00 00 00 00 00 00 10 00  XAGF............
[   30.884908] 00000010: 00 00 00 01 00 00 00 02 00 00 00 00 00 00 00 01  ................
[   30.886317] 00000020: 00 00 00 01 00 00 00 00 00 00 00 01 00 00 00 04  ................
[   30.887761] 00000030: 00 00 00 04 00 00 0a 58 00 00 0a 50 00 00 00 00  .......X...P....
[   30.889331] 00000040: 9f 1c ad 42 11 bd 4e 12 8f 0b f0 78 76 b8 1d 9a  ...B..N....xv...
[   30.891034] 00000050: 00 00 00 00 00 00 00 01 00 00 00 05 00 00 00 08  ................
[   30.892758] 00000060: 00 00 00 00 00 00 00 00 00 00 00 00 00 00 00 00  ................
[   30.894471] 00000070: 00 00 00 00 00 00 00 00 00 00 00 00 00 00 00 00  ................
[   30.903004] XFS (loop4): metadata I/O error in "xfs_read_agf+0xcb/0x280" at daddr 0x1 len 1 error 74
[   30.904675] XFS (loop4): Error -117 recovering leftover CoW allocations.
[   30.906083] XFS (loop4): Corruption of in-memory data (0x8) detected at xfs_mountfs+0xb5e/0xc90 (fs/xfs/xfs_mount.c:944).  Shutting down filesystem.
[   30.908322] XFS (loop4): Please unmount the filesystem and rectify the problem(s)
[   30.932434] XFS (loop5): Starting recovery (logdev: internal)
[   30.949222] XFS (loop3): Starting recovery (logdev: internal)
[   30.963102] loop7: detected capacity change from 0 to 32768
[   30.965987] loop6: detected capacity change from 0 to 32768
[   30.978666] XFS (loop3): Ending recovery (logdev: internal)
[   30.979887] XFS (loop5): Ending recovery (logdev: internal)
[   30.980955] XFS (loop3): Metadata CRC error detected at xfs_agf_read_verify+0x102/0x130, xfs_agf block 0x1 
[   30.982679] XFS (loop3): Unmount and run xfs_repair
[   30.983498] XFS (loop3): First 128 bytes of corrupted metadata buffer:
[   30.984589] 00000000: 58 41 47 46 00 00 00 01 00 00 00 00 00 00 10 00  XAGF............
[   30.985934] 00000010: 00 00 00 01 00 00 00 02 00 00 00 00 00 00 00 01  ................
[   30.987270] 00000020: 00 00 00 01 00 00 00 00 00 00 00 01 00 00 00 04  ................
[   30.988604] 00000030: 00 00 00 04 00 00 0a 58 00 00 0a 50 00 00 00 00  .......X...P....
[   30.989937] loop2: detected capacity change from 0 to 32768
[   30.989989] 00000040: 9f 1c ad 42 11 bd 4e 12 8f 0b f0 78 76 b8 1d 9a  ...B..N....xv...
[   30.992470] 00000050: 00 00 00 00 00 00 00 01 00 00 00 05 00 00 00 08  ................
[   30.994073] 00000060: 00 00 00 00 00 00 00 00 00 00 00 00 00 00 00 00  ................
[   30.995660] 00000070: 00 00 00 00 00 00 00 00 00 00 00 00 00 00 00 00  ................
[   31.001730] XFS (loop3): metadata I/O error in "xfs_read_agf+0xcb/0x280" at daddr 0x1 len 1 error 74
[   31.003402] XFS (loop3): Error -117 recovering leftover CoW allocations.
[   31.013891] XFS (loop3): Corruption of in-memory data (0x8) detected at xfs_mountfs+0xb5e/0xc90 (fs/xfs/xfs_mount.c:944).  Shutting down filesystem.
[   31.016817] XFS (loop3): Please unmount the filesystem and rectify the problem(s)
[   31.026245] loop0: detected capacity change from 0 to 32768
[   31.134925] XFS (loop5): Metadata CRC error detected at xfs_agf_read_verify+0x102/0x130, xfs_agf block 0x1 
[   31.135180] loop1: detected capacity change from 0 to 32768
[   31.137169] XFS (loop5): Unmount and run xfs_repair
[   31.137183] XFS (loop5): First 128 bytes of corrupted metadata buffer:
[   31.140937] 00000000: 58 41 47 46 00 00 00 01 00 00 00 00 00 00 10 00  XAGF............
[   31.142671] 00000010: 00 00 00 01 00 00 00 02 00 00 00 00 00 00 00 01  ................
[   31.144389] 00000020: 00 00 00 01 00 00 00 00 00 00 00 01 00 00 00 04  ................
[   31.146128] 00000030: 00 00 00 04 00 00 0a 58 00 00 0a 50 00 00 00 00  .......X...P....
[   31.147849] 00000040: 9f 1c ad 42 11 bd 4e 12 8f 0b f0 78 76 b8 1d 9a  ...B..N....xv...
[   31.149362] 00000050: 00 00 00 00 00 00 00 01 00 00 00 05 00 00 00 08  ................
[   31.150760] 00000060: 00 00 00 00 00 00 00 00 00 00 00 00 00 00 00 00  ................
[   31.152141] 00000070: 00 00 00 00 00 00 00 00 00 00 00 00 00 00 00 00  ................
[   31.155243] XFS (loop5): metadata I/O error in "xfs_read_agf+0xcb/0x280" at daddr 0x1 len 1 error 74
[   31.156910] XFS (loop5): Error -117 recovering leftover CoW allocations.
[   31.162806] XFS (loop5): Corruption of in-memory data (0x8) detected at xfs_mountfs+0xb5e/0xc90 (fs/xfs/xfs_mount.c:944).  Shutting down filesystem.
[   31.165352] XFS (loop5): Please unmount the filesystem and rectify the problem(s)
[   31.191615] XFS (loop6): Mounting V5 Filesystem
[   31.191641] XFS (loop0): Mounting V5 Filesystem
[   31.194062] XFS (loop2): Mounting V5 Filesystem
[   31.195253] XFS (loop7): Mounting V5 Filesystem
[   31.198398] XFS (loop1): Mounting V5 Filesystem
[   31.229896] XFS (loop7): Starting recovery (logdev: internal)
[   31.231251] XFS (loop0): Starting recovery (logdev: internal)
[   31.241347] XFS (loop0): Ending recovery (logdev: internal)
[   31.243366] XFS (loop7): Ending recovery (logdev: internal)
[   31.244753] XFS (loop7): Metadata CRC error detected at xfs_agf_read_verify+0x102/0x130, xfs_agf block 0x1 
[   31.246513] XFS (loop7): Unmount and run xfs_repair
[   31.247374] XFS (loop7): First 128 bytes of corrupted metadata buffer:
[   31.248513] 00000000: 58 41 47 46 00 00 00 01 00 00 00 00 00 00 10 00  XAGF............
[   31.249905] 00000010: 00 00 00 01 00 00 00 02 00 00 00 00 00 00 00 01  ................
[   31.251290] 00000020: 00 00 00 01 00 00 00 00 00 00 00 01 00 00 00 04  ................
[   31.252682] 00000030: 00 00 00 04 00 00 0a 58 00 00 0a 50 00 00 00 00  .......X...P....
[   31.254080] 00000040: 9f 1c ad 42 11 bd 4e 12 8f 0b f0 78 76 b8 1d 9a  ...B..N....xv...
[   31.255464] 00000050: 00 00 00 00 00 00 00 01 00 00 00 05 00 00 00 08  ................
[   31.256848] 00000060: 00 00 00 00 00 00 00 00 00 00 00 00 00 00 00 00  ................
[   31.258259] 00000070: 00 00 00 00 00 00 00 00 00 00 00 00 00 00 00 00  ................
[   31.261764] XFS (loop7): metadata I/O error in "xfs_read_agf+0xcb/0x280" at daddr 0x1 len 1 error 74
[   31.263882] XFS (loop7): Error -117 recovering leftover CoW allocations.
[   31.269647] XFS (loop6): Starting recovery (logdev: internal)
[   31.271721] XFS (loop2): Starting recovery (logdev: internal)
[   31.272284] XFS (loop7): Corruption of in-memory data (0x8) detected at xfs_mountfs+0xb5e/0xc90 (fs/xfs/xfs_mount.c:944).  Shutting down filesystem.
[   31.275893] XFS (loop7): Please unmount the filesystem and rectify the problem(s)
[   31.278292] XFS (loop0): Metadata CRC error detected at xfs_agf_read_verify+0x102/0x130, xfs_agf block 0x1 
[   31.280526] XFS (loop0): Unmount and run xfs_repair
[   31.281593] XFS (loop0): First 128 bytes of corrupted metadata buffer:
[   31.283063] 00000000: 58 41 47 46 00 00 00 01 00 00 00 00 00 00 10 00  XAGF............
[   31.284807] 00000010: 00 00 00 01 00 00 00 02 00 00 00 00 00 00 00 01  ................
[   31.286581] 00000020: 00 00 00 01 00 00 00 00 00 00 00 01 00 00 00 04  ................
[   31.288350] 00000030: 00 00 00 04 00 00 0a 58 00 00 0a 50 00 00 00 00  .......X...P....
[   31.290123] 00000040: 9f 1c ad 42 11 bd 4e 12 8f 0b f0 78 76 b8 1d 9a  ...B..N....xv...
[   31.291866] 00000050: 00 00 00 00 00 00 00 01 00 00 00 05 00 00 00 08  ................
[   31.293634] 00000060: 00 00 00 00 00 00 00 00 00 00 00 00 00 00 00 00  ................
[   31.295433] 00000070: 00 00 00 00 00 00 00 00 00 00 00 00 00 00 00 00  ................
[   31.298272] XFS (loop0): metadata I/O error in "xfs_read_agf+0xcb/0x280" at daddr 0x1 len 1 error 74
[   31.300373] XFS (loop0): Error -117 recovering leftover CoW allocations.
[   31.305052] loop4: detected capacity change from 0 to 32768
[   31.310417] XFS (loop0): Corruption of in-memory data (0x8) detected at xfs_mountfs+0xb5e/0xc90 (fs/xfs/xfs_mount.c:944).  Shutting down filesystem.
[   31.313413] XFS (loop0): Please unmount the filesystem and rectify the problem(s)
[   31.313935] XFS (loop1): Starting recovery (logdev: internal)
[   31.319154] XFS (loop6): Ending recovery (logdev: internal)
[   31.320541] XFS (loop6): Metadata CRC error detected at xfs_agf_read_verify+0x102/0x130, xfs_agf block 0x1 
[   31.322712] XFS (loop6): Unmount and run xfs_repair
[   31.323763] XFS (loop6): First 128 bytes of corrupted metadata buffer:
[   31.325170] 00000000: 58 41 47 46 00 00 00 01 00 00 00 00 00 00 10 00  XAGF............
[   31.326920] 00000010: 00 00 00 01 00 00 00 02 00 00 00 00 00 00 00 01  ................
[   31.327168] XFS (loop2): Ending recovery (logdev: internal)
[   31.328628] 00000020: 00 00 00 01 00 00 00 00 00 00 00 01 00 00 00 04  ................
[   31.328647] 00000030: 00 00 00 04 00 00 0a 58 00 00 0a 50 00 00 00 00  .......X...P....
[   31.328656] 00000040: 9f 1c ad 42 11 bd 4e 12 8f 0b f0 78 76 b8 1d 9a  ...B..N....xv...
[   31.328665] 00000050: 00 00 00 00 00 00 00 01 00 00 00 05 00 00 00 08  ................
[   31.330164] XFS (loop4): Mounting V5 Filesystem
[   31.331609] 00000060: 00 00 00 00 00 00 00 00 00 00 00 00 00 00 00 00  ................
[   31.331619] 00000070: 00 00 00 00 00 00 00 00 00 00 00 00 00 00 00 00  ................
[   31.332894] XFS (loop6): metadata I/O error in "xfs_read_agf+0xcb/0x280" at daddr 0x1 len 1 error 74
[   31.338274] XFS (loop2): Metadata CRC error detected at xfs_agf_read_verify+0x102/0x130, xfs_agf block 0x1 
[   31.339555] XFS (loop6): Error -117 recovering leftover CoW allocations.
[   31.341254] XFS (loop2): Unmount and run xfs_repair
[   31.347716] XFS (loop2): First 128 bytes of corrupted metadata buffer:
[   31.349113] 00000000: 58 41 47 46 00 00 00 01 00 00 00 00 00 00 10 00  XAGF............
[   31.350894] 00000010: 00 00 00 01 00 00 00 02 00 00 00 00 00 00 00 01  ................
[   31.352596] 00000020: 00 00 00 01 00 00 00 00 00 00 00 01 00 00 00 04  ................
[   31.354313] 00000030: 00 00 00 04 00 00 0a 58 00 00 0a 50 00 00 00 00  .......X...P....
[   31.356030] 00000040: 9f 1c ad 42 11 bd 4e 12 8f 0b f0 78 76 b8 1d 9a  ...B..N....xv...
[   31.357722] 00000050: 00 00 00 00 00 00 00 01 00 00 00 05 00 00 00 08  ................
[   31.359433] 00000060: 00 00 00 00 00 00 00 00 00 00 00 00 00 00 00 00  ................
[   31.359869] XFS (loop6): Corruption of in-memory data (0x8) detected at xfs_mountfs+0xb5e/0xc90 (fs/xfs/xfs_mount.c:944).  Shutting down filesystem.
[   31.361125] 00000070: 00 00 00 00 00 00 00 00 00 00 00 00 00 00 00 00  ................
[   31.362856] XFS (loop2): metadata I/O error in "xfs_read_agf+0xcb/0x280" at daddr 0x1 len 1 error 74
[   31.363983] XFS (loop6): Please unmount the filesystem and rectify the problem(s)
[   31.365680] XFS (loop2): Error -117 recovering leftover CoW allocations.
[   31.371097] XFS (loop2): Corruption of in-memory data (0x8) detected at xfs_mountfs+0xb5e/0xc90 (fs/xfs/xfs_mount.c:944).  Shutting down filesystem.
[   31.373986] XFS (loop2): Please unmount the filesystem and rectify the problem(s)
[   31.401158] XFS (loop1): Ending recovery (logdev: internal)
[   31.402313] XFS (loop1): Metadata CRC error detected at xfs_agf_read_verify+0x102/0x130, xfs_agf block 0x1 
[   31.403971] XFS (loop1): Unmount and run xfs_repair
[   31.404773] XFS (loop1): First 128 bytes of corrupted metadata buffer:
[   31.405889] 00000000: 58 41 47 46 00 00 00 01 00 00 00 00 00 00 10 00  XAGF............
[   31.407194] 00000010: 00 00 00 01 00 00 00 02 00 00 00 00 00 00 00 01  ................
[   31.408570] 00000020: 00 00 00 01 00 00 00 00 00 00 00 01 00 00 00 04  ................
[   31.410002] 00000030: 00 00 00 04 00 00 0a 58 00 00 0a 50 00 00 00 00  .......X...P....
[   31.411491] 00000040: 9f 1c ad 42 11 bd 4e 12 8f 0b f0 78 76 b8 1d 9a  ...B..N....xv...
[   31.413129] 00000050: 00 00 00 00 00 00 00 01 00 00 00 05 00 00 00 08  ................
[   31.414861] 00000060: 00 00 00 00 00 00 00 00 00 00 00 00 00 00 00 00  ................
[   31.416574] 00000070: 00 00 00 00 00 00 00 00 00 00 00 00 00 00 00 00  ................
[   31.418314] XFS (loop1): metadata I/O error in "xfs_read_agf+0xcb/0x280" at daddr 0x1 len 1 error 74
[   31.420355] XFS (loop1): Error -117 recovering leftover CoW allocations.
[   31.423625] XFS (loop1): Corruption of in-memory data (0x8) detected at xfs_mountfs+0xb5e/0xc90 (fs/xfs/xfs_mount.c:944).  Shutting down filesystem.
[   31.426504] XFS (loop1): Please unmount the filesystem and rectify the problem(s)
[   31.433307] XFS (loop4): Starting recovery (logdev: internal)
[   31.437536] XFS (loop4): Ending recovery (logdev: internal)
[   31.453734] XFS (loop4): Metadata CRC error detected at xfs_agf_read_verify+0x102/0x130, xfs_agf block 0x1 
[   31.455438] XFS (loop4): Unmount and run xfs_repair
[   31.456240] XFS (loop4): First 128 bytes of corrupted metadata buffer:
[   31.457306] 00000000: 58 41 47 46 00 00 00 01 00 00 00 00 00 00 10 00  XAGF............
[   31.458620] 00000010: 00 00 00 01 00 00 00 02 00 00 00 00 00 00 00 01  ................
[   31.459915] 00000020: 00 00 00 01 00 00 00 00 00 00 00 01 00 00 00 04  ................
[   31.461213] 00000030: 00 00 00 04 00 00 0a 58 00 00 0a 50 00 00 00 00  .......X...P....
[   31.462531] 00000040: 9f 1c ad 42 11 bd 4e 12 8f 0b f0 78 76 b8 1d 9a  ...B..N....xv...
[   31.463819] 00000050: 00 00 00 00 00 00 00 01 00 00 00 05 00 00 00 08  ................
[   31.465132] 00000060: 00 00 00 00 00 00 00 00 00 00 00 00 00 00 00 00  ................
[   31.466535] 00000070: 00 00 00 00 00 00 00 00 00 00 00 00 00 00 00 00  ................
[   31.470850] XFS (loop4): metadata I/O error in "xfs_read_agf+0xcb/0x280" at daddr 0x1 len 1 error 74
[   31.472405] XFS (loop4): Error -117 recovering leftover CoW allocations.
[   31.473582] XFS (loop4): Corruption of in-memory data (0x8) detected at xfs_mountfs+0xb5e/0xc90 (fs/xfs/xfs_mount.c:944).  Shutting down filesystem.
[   31.475791] XFS (loop4): Please unmount the filesystem and rectify the problem(s)
[   31.478832] loop3: detected capacity change from 0 to 32768
[   31.598169] XFS (loop3): Mounting V5 Filesystem
[   31.636291] XFS (loop3): Starting recovery (logdev: internal)
[   31.638871] XFS (loop3): Ending recovery (logdev: internal)
[   31.639959] XFS (loop3): Metadata CRC error detected at xfs_agf_read_verify+0x102/0x130, xfs_agf block 0x1 
[   31.641674] XFS (loop3): Unmount and run xfs_repair
[   31.642561] XFS (loop3): First 128 bytes of corrupted metadata buffer:
[   31.643689] 00000000: 58 41 47 46 00 00 00 01 00 00 00 00 00 00 10 00  XAGF............
[   31.645073] 00000010: 00 00 00 01 00 00 00 02 00 00 00 00 00 00 00 01  ................
[   31.646477] 00000020: 00 00 00 01 00 00 00 00 00 00 00 01 00 00 00 04  ................
[   31.647897] 00000030: 00 00 00 04 00 00 0a 58 00 00 0a 50 00 00 00 00  .......X...P....
[   31.648514] loop5: detected capacity change from 0 to 32768
[   31.649403] 00000040: 9f 1c ad 42 11 bd 4e 12 8f 0b f0 78 76 b8 1d 9a  ...B..N....xv...
[   31.649418] 00000050: 00 00 00 00 00 00 00 01 00 00 00 05 00 00 00 08  ................
[   31.649428] 00000060: 00 00 00 00 00 00 00 00 00 00 00 00 00 00 00 00  ................
[   31.655723] 00000070: 00 00 00 00 00 00 00 00 00 00 00 00 00 00 00 00  ................
[   31.659242] XFS (loop3): metadata I/O error in "xfs_read_agf+0xcb/0x280" at daddr 0x1 len 1 error 74
[   31.661305] XFS (loop3): Error -117 recovering leftover CoW allocations.
[   31.709879] XFS (loop3): Corruption of in-memory data (0x8) detected at xfs_mountfs+0xb5e/0xc90 (fs/xfs/xfs_mount.c:944).  Shutting down filesystem.
[   31.712310] XFS (loop3): Please unmount the filesystem and rectify the problem(s)
[   31.720675] XFS (loop5): Mounting V5 Filesystem
[   31.738371] XFS (loop5): Starting recovery (logdev: internal)
[   31.742126] XFS (loop5): Ending recovery (logdev: internal)
[   31.743855] XFS (loop5): Metadata CRC error detected at xfs_agf_read_verify+0x102/0x130, xfs_agf block 0x1 
[   31.745762] XFS (loop5): Unmount and run xfs_repair
[   31.746663] XFS (loop5): First 128 bytes of corrupted metadata buffer:
[   31.747794] 00000000: 58 41 47 46 00 00 00 01 00 00 00 00 00 00 10 00  XAGF............
[   31.749176] 00000010: 00 00 00 01 00 00 00 02 00 00 00 00 00 00 00 01  ................
[   31.750590] 00000020: 00 00 00 01 00 00 00 00 00 00 00 01 00 00 00 04  ................
[   31.751973] 00000030: 00 00 00 04 00 00 0a 58 00 00 0a 50 00 00 00 00  .......X...P....
[   31.753360] 00000040: 9f 1c ad 42 11 bd 4e 12 8f 0b f0 78 76 b8 1d 9a  ...B..N....xv...
[   31.754764] 00000050: 00 00 00 00 00 00 00 01 00 00 00 05 00 00 00 08  ................
[   31.756142] 00000060: 00 00 00 00 00 00 00 00 00 00 00 00 00 00 00 00  ................
[   31.757523] 00000070: 00 00 00 00 00 00 00 00 00 00 00 00 00 00 00 00  ................
[   31.758958] XFS (loop5): metadata I/O error in "xfs_read_agf+0xcb/0x280" at daddr 0x1 len 1 error 74
[   31.760655] XFS (loop5): Error -117 recovering leftover CoW allocations.
[   31.762051] XFS (loop5): Corruption of in-memory data (0x8) detected at xfs_mountfs+0xb5e/0xc90 (fs/xfs/xfs_mount.c:944).  Shutting down filesystem.
[   31.764907] XFS (loop5): Please unmount the filesystem and rectify the problem(s)
[   31.787571] loop7: detected capacity change from 0 to 32768
[   31.816054] loop0: detected capacity change from 0 to 32768
[   31.858769] XFS (loop7): Mounting V5 Filesystem
[   31.862798] XFS (loop0): Mounting V5 Filesystem
[   31.927754] XFS (loop0): Starting recovery (logdev: internal)
[   31.930359] XFS (loop0): Ending recovery (logdev: internal)
[   31.934287] XFS (loop0): Metadata CRC error detected at xfs_agf_read_verify+0x102/0x130, xfs_agf block 0x1 
[   31.936052] XFS (loop0): Unmount and run xfs_repair
[   31.936913] XFS (loop0): First 128 bytes of corrupted metadata buffer:
[   31.938069] 00000000: 58 41 47 46 00 00 00 01 00 00 00 00 00 00 10 00  XAGF............
[   31.939477] 00000010: 00 00 00 01 00 00 00 02 00 00 00 00 00 00 00 01  ................
[   31.940941] 00000020: 00 00 00 01 00 00 00 00 00 00 00 01 00 00 00 04  ................
[   31.942534] 00000030: 00 00 00 04 00 00 0a 58 00 00 0a 50 00 00 00 00  .......X...P....
[   31.944235] 00000040: 9f 1c ad 42 11 bd 4e 12 8f 0b f0 78 76 b8 1d 9a  ...B..N....xv...
[   31.945984] 00000050: 00 00 00 00 00 00 00 01 00 00 00 05 00 00 00 08  ................
[   31.947700] 00000060: 00 00 00 00 00 00 00 00 00 00 00 00 00 00 00 00  ................
[   31.949130] 00000070: 00 00 00 00 00 00 00 00 00 00 00 00 00 00 00 00  ................
[   31.950329] loop1: detected capacity change from 0 to 32768
[   31.951867] XFS (loop0): metadata I/O error in "xfs_read_agf+0xcb/0x280" at daddr 0x1 len 1 error 74
[   31.953512] XFS (loop0): Error -117 recovering leftover CoW allocations.
[   31.974107] XFS (loop7): Starting recovery (logdev: internal)
[   31.980899] loop6: detected capacity change from 0 to 32768
[   31.988375] XFS (loop0): Corruption of in-memory data (0x8) detected at xfs_mountfs+0xb5e/0xc90 (fs/xfs/xfs_mount.c:944).  Shutting down filesystem.
[   31.991278] XFS (loop0): Please unmount the filesystem and rectify the problem(s)
[   31.993170] XFS (loop1): Mounting V5 Filesystem
[   32.044617] XFS (loop6): Mounting V5 Filesystem
[   32.045894] XFS (loop1): Starting recovery (logdev: internal)
[   32.049264] XFS (loop1): Ending recovery (logdev: internal)
[   32.050048] XFS (loop7): Ending recovery (logdev: internal)
[   32.052117] XFS (loop1): Metadata CRC error detected at xfs_agf_read_verify+0x102/0x130, xfs_agf block 0x1 
[   32.052658] XFS (loop7): Metadata CRC error detected at xfs_agf_read_verify+0x102/0x130, xfs_agf block 0x1 
[   32.054398] XFS (loop1): Unmount and run xfs_repair
[   32.054412] XFS (loop1): First 128 bytes of corrupted metadata buffer:
[   32.054426] 00000000: 58 41 47 46 00 00 00 01 00 00 00 00 00 00 10 00  XAGF............
[   32.056571] XFS (loop7): Unmount and run xfs_repair
[   32.057625] 00000010: 00 00 00 01 00 00 00 02 00 00 00 00 00 00 00 01  ................
[   32.059049] XFS (loop7): First 128 bytes of corrupted metadata buffer:
[   32.060744] 00000020: 00 00 00 01 00 00 00 00 00 00 00 01 00 00 00 04  ................
[   32.061802] 00000000: 58 41 47 46 00 00 00 01 00 00 00 00 00 00 10 00  XAGF............
[   32.063580] 00000030: 00 00 00 04 00 00 0a 58 00 00 0a 50 00 00 00 00  .......X...P....
[   32.064905] 00000010: 00 00 00 01 00 00 00 02 00 00 00 00 00 00 00 01  ................
[   32.066660] 00000040: 9f 1c ad 42 11 bd 4e 12 8f 0b f0 78 76 b8 1d 9a  ...B..N....xv...
[   32.068374] 00000020: 00 00 00 01 00 00 00 00 00 00 00 01 00 00 00 04  ................
[   32.070131] 00000050: 00 00 00 00 00 00 00 01 00 00 00 05 00 00 00 08  ................
[   32.070142] 00000060: 00 00 00 00 00 00 00 00 00 00 00 00 00 00 00 00  ................
[   32.071856] 00000030: 00 00 00 04 00 00 0a 58 00 00 0a 50 00 00 00 00  .......X...P....
[   32.073557] 00000070: 00 00 00 00 00 00 00 00 00 00 00 00 00 00 00 00  ................
[   32.075279] 00000040: 9f 1c ad 42 11 bd 4e 12 8f 0b f0 78 76 b8 1d 9a  ...B..N....xv...
[   32.083939] 00000050: 00 00 00 00 00 00 00 01 00 00 00 05 00 00 00 08  ................
[   32.085663] 00000060: 00 00 00 00 00 00 00 00 00 00 00 00 00 00 00 00  ................
[   32.087408] 00000070: 00 00 00 00 00 00 00 00 00 00 00 00 00 00 00 00  ................
[   32.088769] XFS (loop1): metadata I/O error in "xfs_read_agf+0xcb/0x280" at daddr 0x1 len 1 error 74
[   32.091232] XFS (loop1): Error -117 recovering leftover CoW allocations.
[   32.093108] XFS (loop7): metadata I/O error in "xfs_read_agf+0xcb/0x280" at daddr 0x1 len 1 error 74
[   32.095340] XFS (loop7): Error -117 recovering leftover CoW allocations.
[   32.097407] XFS (loop7): Corruption of in-memory data (0x8) detected at xfs_mountfs+0xb5e/0xc90 (fs/xfs/xfs_mount.c:944).  Shutting down filesystem.
[   32.100344] XFS (loop7): Please unmount the filesystem and rectify the problem(s)
[   32.102937] loop4: detected capacity change from 0 to 32768
[   32.153650] XFS (loop1): Corruption of in-memory data (0x8) detected at xfs_mountfs+0xb5e/0xc90 (fs/xfs/xfs_mount.c:944).  Shutting down filesystem.
[   32.156615] XFS (loop1): Please unmount the filesystem and rectify the problem(s)
[   32.160773] loop3: detected capacity change from 0 to 32768
[   32.172030] XFS (loop6): Starting recovery (logdev: internal)
[   32.232502] XFS (loop4): Mounting V5 Filesystem
[   32.234748] XFS (loop6): Ending recovery (logdev: internal)
[   32.236556] XFS (loop6): Metadata CRC error detected at xfs_agf_read_verify+0x102/0x130, xfs_agf block 0x1 
[   32.238767] XFS (loop6): Unmount and run xfs_repair
[   32.239828] XFS (loop6): First 128 bytes of corrupted metadata buffer:
[   32.241243] 00000000: 58 41 47 46 00 00 00 01 00 00 00 00 00 00 10 00  XAGF............
[   32.242991] 00000010: 00 00 00 01 00 00 00 02 00 00 00 00 00 00 00 01  ................
[   32.244706] 00000020: 00 00 00 01 00 00 00 00 00 00 00 01 00 00 00 04  ................
[   32.246459] 00000030: 00 00 00 04 00 00 0a 58 00 00 0a 50 00 00 00 00  .......X...P....
[   32.248204] 00000040: 9f 1c ad 42 11 bd 4e 12 8f 0b f0 78 76 b8 1d 9a  ...B..N....xv...
[   32.249954] 00000050: 00 00 00 00 00 00 00 01 00 00 00 05 00 00 00 08  ................
[   32.251661] 00000060: 00 00 00 00 00 00 00 00 00 00 00 00 00 00 00 00  ................
[   32.252615] loop2: detected capacity change from 0 to 32768
[   32.253368] 00000070: 00 00 00 00 00 00 00 00 00 00 00 00 00 00 00 00  ................
[   32.254339] XFS (loop6): metadata I/O error in "xfs_read_agf+0xcb/0x280" at daddr 0x1 len 1 error 74
[   32.258372] XFS (loop6): Error -117 recovering leftover CoW allocations.
[   32.268893] XFS (loop6): Corruption of in-memory data (0x8) detected at xfs_mountfs+0xb5e/0xc90 (fs/xfs/xfs_mount.c:944).  Shutting down filesystem.
[   32.271811] XFS (loop6): Please unmount the filesystem and rectify the problem(s)
[   32.277543] loop5: detected capacity change from 0 to 32768
[   32.294421] XFS (loop4): Starting recovery (logdev: internal)
[   32.362476] XFS (loop5): Mounting V5 Filesystem
[   32.362583] XFS (loop3): Mounting V5 Filesystem
[   32.363415] XFS (loop2): Mounting V5 Filesystem
[   32.364758] XFS (loop4): Ending recovery (logdev: internal)
[   32.367781] XFS (loop4): Metadata CRC error detected at xfs_agf_read_verify+0x102/0x130, xfs_agf block 0x1 
[   32.370020] XFS (loop4): Unmount and run xfs_repair
[   32.371075] XFS (loop4): First 128 bytes of corrupted metadata buffer:
[   32.372465] loop0: detected capacity change from 0 to 32768
[   32.372482] 00000000: 58 41 47 46 00 00 00 01 00 00 00 00 00 00 10 00  XAGF............
[   32.375415] 00000010: 00 00 00 01 00 00 00 02 00 00 00 00 00 00 00 01  ................
[   32.377114] 00000020: 00 00 00 01 00 00 00 00 00 00 00 01 00 00 00 04  ................
[   32.378835] 00000030: 00 00 00 04 00 00 0a 58 00 00 0a 50 00 00 00 00  .......X...P....
[   32.380561] 00000040: 9f 1c ad 42 11 bd 4e 12 8f 0b f0 78 76 b8 1d 9a  ...B..N....xv...
[   32.382293] 00000050: 00 00 00 00 00 00 00 01 00 00 00 05 00 00 00 08  ................
[   32.383993] 00000060: 00 00 00 00 00 00 00 00 00 00 00 00 00 00 00 00  ................
[   32.385716] 00000070: 00 00 00 00 00 00 00 00 00 00 00 00 00 00 00 00  ................
[   32.388713] XFS (loop4): metadata I/O error in "xfs_read_agf+0xcb/0x280" at daddr 0x1 len 1 error 74
[   32.390814] XFS (loop4): Error -117 recovering leftover CoW allocations.
[   32.396714] XFS (loop4): Corruption of in-memory data (0x8) detected at xfs_mountfs+0xb5e/0xc90 (fs/xfs/xfs_mount.c:944).  Shutting down filesystem.
[   32.399681] XFS (loop4): Please unmount the filesystem and rectify the problem(s)
[   32.422148] XFS (loop0): Mounting V5 Filesystem
[   32.439565] XFS (loop3): Starting recovery (logdev: internal)
[   32.442880] XFS (loop2): Starting recovery (logdev: internal)
[   32.446216] XFS (loop3): Ending recovery (logdev: internal)
[   32.447291] XFS (loop3): Metadata CRC error detected at xfs_agf_read_verify+0x102/0x130, xfs_agf block 0x1 
[   32.449033] XFS (loop3): Unmount and run xfs_repair
[   32.449894] XFS (loop3): First 128 bytes of corrupted metadata buffer:
[   32.451054] 00000000: 58 41 47 46 00 00 00 01 00 00 00 00 00 00 10 00  XAGF............
[   32.451062] XFS (loop2): Ending recovery (logdev: internal)
[   32.452497] 00000010: 00 00 00 01 00 00 00 02 00 00 00 00 00 00 00 01  ................
[   32.452513] 00000020: 00 00 00 01 00 00 00 00 00 00 00 01 00 00 00 04  ................
[   32.456845] 00000030: 00 00 00 04 00 00 0a 58 00 00 0a 50 00 00 00 00  .......X...P....
[   32.458576] 00000040: 9f 1c ad 42 11 bd 4e 12 8f 0b f0 78 76 b8 1d 9a  ...B..N....xv...
[   32.460278] 00000050: 00 00 00 00 00 00 00 01 00 00 00 05 00 00 00 08  ................
[   32.462036] 00000060: 00 00 00 00 00 00 00 00 00 00 00 00 00 00 00 00  ................
[   32.463846] 00000070: 00 00 00 00 00 00 00 00 00 00 00 00 00 00 00 00  ................
[   32.470027] XFS (loop3): metadata I/O error in "xfs_read_agf+0xcb/0x280" at daddr 0x1 len 1 error 74
[   32.472093] XFS (loop3): Error -117 recovering leftover CoW allocations.
[   32.473565] XFS (loop3): Corruption of in-memory data (0x8) detected at xfs_mountfs+0xb5e/0xc90 (fs/xfs/xfs_mount.c:944).  Shutting down filesystem.
[   32.476469] XFS (loop3): Please unmount the filesystem and rectify the problem(s)
[   32.493527] XFS (loop2): Metadata CRC error detected at xfs_agf_read_verify+0x102/0x130, xfs_agf block 0x1 
[   32.495797] XFS (loop2): Unmount and run xfs_repair
[   32.496867] XFS (loop2): First 128 bytes of corrupted metadata buffer:
[   32.497211] XFS (loop5): Starting recovery (logdev: internal)
[   32.498309] 00000000: 58 41 47 46 00 00 00 01 00 00 00 00 00 00 10 00  XAGF............
[   32.501529] 00000010: 00 00 00 01 00 00 00 02 00 00 00 00 00 00 00 01  ................
[   32.503274] 00000020: 00 00 00 01 00 00 00 00 00 00 00 01 00 00 00 04  ................
[   32.504997] 00000030: 00 00 00 04 00 00 0a 58 00 00 0a 50 00 00 00 00  .......X...P....
[   32.505145] XFS (loop5): Ending recovery (logdev: internal)
[   32.506736] 00000040: 9f 1c ad 42 11 bd 4e 12 8f 0b f0 78 76 b8 1d 9a  ...B..N....xv...
