c[?7l[2J[0mSeaBIOS (version rel-1.16.0-0-gd239552ce722-prebuilt.qemu.org)


iPXE (http://ipxe.org) 00:03.0 CA00 PCI2.10 PnP PMM+7FF91000+7FEF1000 CA00
Press Ctrl-B to configure iPXE (PCI 00:03.0)...                                                                               


Booting from ROM...
c[?7l[2J[    0.000000] Linux version 5.16.0-rc5-7993f1a431bc+ (root@p-rplp02) (gcc (GCC) 8.5.0 20210514 (Red Hat 8.5.0-18), GNU ld version 2.36.1-2.el8) #1 SMP PREEMPT Tue Mar 21 11:19:24 CST 2023
[    0.000000] Command line: console=ttyS0 root=/dev/sda earlyprintk=serial net.ifnames=0
[    0.000000] KERNEL supported cpus:
[    0.000000]   Intel GenuineIntel
[    0.000000]   AMD AuthenticAMD
[    0.000000]   Hygon HygonGenuine
[    0.000000]   Centaur CentaurHauls
[    0.000000]   zhaoxin   Shanghai  
[    0.000000] x86/fpu: Supporting XSAVE feature 0x001: 'x87 floating point registers'
[    0.000000] x86/fpu: Supporting XSAVE feature 0x002: 'SSE registers'
[    0.000000] x86/fpu: Supporting XSAVE feature 0x004: 'AVX registers'
[    0.000000] x86/fpu: Supporting XSAVE feature 0x200: 'Protection Keys User registers'
[    0.000000] x86/fpu: xstate_offset[2]:  576, xstate_sizes[2]:  256
[    0.000000] x86/fpu: xstate_offset[9]:  832, xstate_sizes[9]:    8
[    0.000000] x86/fpu: Enabled xstate features 0x207, context size is 840 bytes, using 'compacted' format.
[    0.000000] signal: max sigframe size: 3632
[    0.000000] printk: bootconsole [earlyser0] enabled
[    0.000000] BIOS-provided physical RAM map:
[    0.000000] BIOS-e820: [mem 0x0000000000000000-0x000000000009fbff] usable
[    0.000000] BIOS-e820: [mem 0x000000000009fc00-0x000000000009ffff] reserved
[    0.000000] BIOS-e820: [mem 0x00000000000f0000-0x00000000000fffff] reserved
[    0.000000] BIOS-e820: [mem 0x0000000000100000-0x000000007ffdffff] usable
[    0.000000] BIOS-e820: [mem 0x000000007ffe0000-0x000000007fffffff] reserved
[    0.000000] BIOS-e820: [mem 0x00000000feffc000-0x00000000feffffff] reserved
[    0.000000] BIOS-e820: [mem 0x00000000fffc0000-0x00000000ffffffff] reserved
[    0.000000] NX (Execute Disable) protection: active
[    0.000000] SMBIOS 2.8 present.
[    0.000000] DMI: QEMU Standard PC (i440FX + PIIX, 1996), BIOS rel-1.16.0-0-gd239552ce722-prebuilt.qemu.org 04/01/2014
[    0.000000] Hypervisor detected: KVM
[    0.000000] kvm-clock: Using msrs 4b564d01 and 4b564d00
[    0.000000] kvm-clock: cpu 0, msr 5601001, primary cpu clock
[    0.000012] kvm-clock: using sched offset of 886779567 cycles
[    0.001766] clocksource: kvm-clock: mask: 0xffffffffffffffff max_cycles: 0x1cd42e4dffb, max_idle_ns: 881590591483 ns
[    0.006778] tsc: Detected 1881.600 MHz processor
[    0.018059] last_pfn = 0x7ffe0 max_arch_pfn = 0x400000000
[    0.020085] x86/PAT: Configuration [0-7]: WB  WC  UC- UC  WB  WP  UC- WT  
[    0.033091] found SMP MP-table at [mem 0x000f5ba0-0x000f5baf]
[    0.035599] Using GB pages for direct mapping
[    0.040048] ACPI: Early table checksum verification disabled
[    0.042126] ACPI: RSDP 0x00000000000F59C0 000014 (v00 BOCHS )
[    0.043968] ACPI: RSDT 0x000000007FFE1951 000034 (v01 BOCHS  BXPC     00000001 BXPC 00000001)
[    0.046672] ACPI: FACP 0x000000007FFE17FD 000074 (v01 BOCHS  BXPC     00000001 BXPC 00000001)
[    0.049315] ACPI: DSDT 0x000000007FFE0040 0017BD (v01 BOCHS  BXPC     00000001 BXPC 00000001)
[    0.051952] ACPI: FACS 0x000000007FFE0000 000040
[    0.053446] ACPI: APIC 0x000000007FFE1871 000080 (v01 BOCHS  BXPC     00000001 BXPC 00000001)
[    0.056039] ACPI: HPET 0x000000007FFE18F1 000038 (v01 BOCHS  BXPC     00000001 BXPC 00000001)
[    0.058667] ACPI: WAET 0x000000007FFE1929 000028 (v01 BOCHS  BXPC     00000001 BXPC 00000001)
[    0.060973] ACPI: Reserving FACP table memory at [mem 0x7ffe17fd-0x7ffe1870]
[    0.062951] ACPI: Reserving DSDT table memory at [mem 0x7ffe0040-0x7ffe17fc]
[    0.065038] ACPI: Reserving FACS table memory at [mem 0x7ffe0000-0x7ffe003f]
[    0.067182] ACPI: Reserving APIC table memory at [mem 0x7ffe1871-0x7ffe18f0]
[    0.069300] ACPI: Reserving HPET table memory at [mem 0x7ffe18f1-0x7ffe1928]
[    0.071448] ACPI: Reserving WAET table memory at [mem 0x7ffe1929-0x7ffe1950]
[    0.075997] No NUMA configuration found
[    0.077189] Faking a node at [mem 0x0000000000000000-0x000000007ffdffff]
[    0.079368] NODE_DATA(0) allocated [mem 0x7ffb5000-0x7ffdffff]
[    0.087410] Zone ranges:
[    0.088243]   DMA      [mem 0x0000000000001000-0x0000000000ffffff]
[    0.090131]   DMA32    [mem 0x0000000001000000-0x000000007ffdffff]
[    0.091914]   Normal   empty
[    0.092785]   Device   empty
[    0.093654] Movable zone start for each node
[    0.094976] Early memory node ranges
[    0.096099]   node   0: [mem 0x0000000000001000-0x000000000009efff]
[    0.098135]   node   0: [mem 0x0000000000100000-0x000000007ffdffff]
[    0.100143] Initmem setup node 0 [mem 0x0000000000001000-0x000000007ffdffff]
[    0.103608] On node 0, zone DMA: 1 pages in unavailable ranges
[    0.104248] On node 0, zone DMA: 97 pages in unavailable ranges
[    0.188153] On node 0, zone DMA32: 32 pages in unavailable ranges
[    0.190531] ACPI: PM-Timer IO Port: 0x608
[    0.193121] ACPI: LAPIC_NMI (acpi_id[0xff] dfl dfl lint[0x1])
[    0.194757] IOAPIC[0]: apic_id 0, version 17, address 0xfec00000, GSI 0-23
[    0.196502] ACPI: INT_SRC_OVR (bus 0 bus_irq 0 global_irq 2 dfl dfl)
[    0.198100] ACPI: INT_SRC_OVR (bus 0 bus_irq 5 global_irq 5 high level)
[    0.199843] ACPI: INT_SRC_OVR (bus 0 bus_irq 9 global_irq 9 high level)
[    0.201588] ACPI: INT_SRC_OVR (bus 0 bus_irq 10 global_irq 10 high level)
[    0.203371] ACPI: INT_SRC_OVR (bus 0 bus_irq 11 global_irq 11 high level)
[    0.205193] ACPI: Using ACPI (MADT) for SMP configuration information
[    0.206942] ACPI: HPET id: 0x8086a201 base: 0xfed00000
[    0.208382] TSC deadline timer available
[    0.209465] smpboot: Allowing 2 CPUs, 0 hotplug CPUs
[    0.211142] kvm-guest: KVM setup pv remote TLB flush
[    0.212495] kvm-guest: setup PV sched yield
[    0.213882] PM: hibernation: Registered nosave memory: [mem 0x00000000-0x00000fff]
[    0.215865] PM: hibernation: Registered nosave memory: [mem 0x0009f000-0x0009ffff]
[    0.217882] PM: hibernation: Registered nosave memory: [mem 0x000a0000-0x000effff]
[    0.219731] PM: hibernation: Registered nosave memory: [mem 0x000f0000-0x000fffff]
[    0.221643] [mem 0x80000000-0xfeffbfff] available for PCI devices
[    0.223142] Booting paravirtualized kernel on KVM
[    0.224434] clocksource: refined-jiffies: mask: 0xffffffff max_cycles: 0xffffffff, max_idle_ns: 7645519600211568 ns
[    0.227062] setup_percpu: NR_CPUS:8192 nr_cpumask_bits:2 nr_cpu_ids:2 nr_node_ids:1
[    0.265764] percpu: Embedded 63 pages/cpu s221184 r8192 d28672 u1048576
[    0.267791] kvm-guest: setup async PF for cpu 0
[    0.268923] kvm-guest: stealtime: cpu 0, msr 7dc35080
[    0.270218] kvm-guest: PV spinlocks enabled
[    0.271280] PV qspinlock hash table entries: 256 (order: 0, 4096 bytes, linear)
[    0.273241] Fallback order for Node 0: 0 
[    0.274308] Built 1 zonelists, mobility grouping on.  Total pages: 515808
[    0.275990] Policy zone: DMA32
[    0.276753] Kernel command line: net.ifnames=0 console=ttyS0 root=/dev/sda earlyprintk=serial net.ifnames=0
[    0.284805] Dentry cache hash table entries: 262144 (order: 9, 2097152 bytes, linear)
[    0.288609] Inode-cache hash table entries: 131072 (order: 8, 1048576 bytes, linear)
[    0.290793] mem auto-init: stack:off, heap alloc:off, heap free:off
[    0.298223] Memory: 1985392K/2096632K available (32785K kernel code, 5312K rwdata, 7824K rodata, 3172K init, 22012K bss, 110984K reserved, 0K cma-reserved)
[    0.301647] random: get_random_u64 called from __kmem_cache_create+0x2f/0x4e0 with crng_init=0
[    0.303054] SLUB: HWalign=64, Order=0-3, MinObjects=0, CPUs=2, Nodes=1
[    0.306611] kmemleak: Kernel memory leak detector disabled
[    0.307977] ftrace: allocating 65503 entries in 256 pages
[    0.510677] ftrace: allocated 256 pages with 1 groups
[    0.518050] Dynamic Preempt: voluntary
[    0.519441] Running RCU self tests
[    0.520360] rcu: Preemptible hierarchical RCU implementation.
[    0.521863] rcu: 	RCU lockdep checking is enabled.
[    0.523102] rcu: 	RCU restricting CPUs from NR_CPUS=8192 to nr_cpu_ids=2.
[    0.524857] 	Trampoline variant of Tasks RCU enabled.
[    0.526164] 	Rude variant of Tasks RCU enabled.
[    0.527348] 	Tracing variant of Tasks RCU enabled.
[    0.528601] rcu: RCU calculated value of scheduler-enlistment delay is 25 jiffies.
[    0.530587] rcu: Adjusting geometry for rcu_fanout_leaf=16, nr_cpu_ids=2
[    0.567138] NR_IRQS: 524544, nr_irqs: 440, preallocated irqs: 16
[    0.593132] Console: colour VGA+ 80x25
[    0.594373] printk: console [ttyS0] enabled
[    0.594373] printk: console [ttyS0] enabled
[    0.596612] printk: bootconsole [earlyser0] disabled
[    0.596612] printk: bootconsole [earlyser0] disabled
[    0.599331] Lock dependency validator: Copyright (c) 2006 Red Hat, Inc., Ingo Molnar
[    0.601479] ... MAX_LOCKDEP_SUBCLASSES:  8
[    0.602623] ... MAX_LOCK_DEPTH:          48
[    0.603792] ... MAX_LOCKDEP_KEYS:        8192
[    0.605016] ... CLASSHASH_SIZE:          4096
[    0.606215] ... MAX_LOCKDEP_ENTRIES:     32768
[    0.607416] ... MAX_LOCKDEP_CHAINS:      65536
[    0.608609] ... CHAINHASH_SIZE:          32768
[    0.609848]  memory used by lock dependency info: 6365 kB
[    0.611332]  memory used for stack traces: 4224 kB
[    0.612636]  per task-struct memory footprint: 1920 bytes
[    0.614225] ACPI: Core revision 20210930
[    0.615850] clocksource: hpet: mask: 0xffffffff max_cycles: 0xffffffff, max_idle_ns: 19112604467 ns
[    0.618748] APIC: Switch to symmetric I/O mode setup
[    0.620853] x2apic enabled
[    0.622409] Switched APIC routing to physical x2apic.
[    0.623920] kvm-guest: setup PV IPIs
[    0.628268] ..TIMER: vector=0x30 apic1=0 pin1=2 apic2=-1 pin2=-1
[    0.630072] clocksource: tsc-early: mask: 0xffffffffffffffff max_cycles: 0x363e8c91135, max_idle_ns: 881590568389 ns
[    0.633040] Calibrating delay loop (skipped) preset value.. 3763.20 BogoMIPS (lpj=7526400)
[    0.637028] pid_max: default: 32768 minimum: 301
[    0.638441] LSM: Security Framework initializing
[    0.639811] Yama: becoming mindful.
[    0.641419] Mount-cache hash table entries: 4096 (order: 3, 32768 bytes, linear)
[    0.643563] Mountpoint-cache hash table entries: 4096 (order: 3, 32768 bytes, linear)
[    0.649120] CPU0: Thermal monitoring enabled (TM1)
[    0.657060] x86/cpu: User Mode Instruction Prevention (UMIP) activated
[    0.661510] Last level iTLB entries: 4KB 0, 2MB 0, 4MB 0
[    0.663303] Last level dTLB entries: 4KB 0, 2MB 0, 4MB 0, 1GB 0
[    0.665261] Spectre V1 : Mitigation: usercopy/swapgs barriers and __user pointer sanitization
[    0.667566] Spectre V2 : Mitigation: Enhanced IBRS
[    0.669026] Spectre V2 : Spectre v2 / SpectreRSB mitigation: Filling RSB on context switch
[    0.671185] Spectre V2 : mitigation: Enabling conditional Indirect Branch Prediction Barrier
[    0.673026] Speculative Store Bypass: Mitigation: Speculative Store Bypass disabled via prctl
[    0.752938] Freeing SMP alternatives memory: 56K
[    0.754562] smpboot: CPU0: Genuine Intel(R) 0000 (family: 0x6, model: 0xba, stepping: 0x2)
[    0.757013] Running RCU-tasks wait API self tests
[    0.861386] Performance Events: generic architected perfmon, full-width counters, Intel PMU driver.
[    0.864003] ... version:                2
[    0.865035] ... bit width:              48
[    0.866106] ... generic registers:      6
[    0.867188] ... value mask:             0000ffffffffffff
[    0.868580] ... max period:             00007fffffffffff
[    0.869063] ... fixed-purpose events:   3
[    0.870139] ... event mask:             000000070000003f
[    0.871600] Callback from call_rcu_tasks_trace() invoked.
[    0.874061] rcu: Hierarchical SRCU implementation.
[    0.882566] smp: Bringing up secondary CPUs ...
[    0.885302] x86: Booting SMP configuration:
[    0.886431] .... node  #0, CPUs:      #1
[    0.055728] kvm-clock: cpu 1, msr 5601041, secondary cpu clock
[    0.888114] kvm-guest: setup async PF for cpu 1
[    0.888114] kvm-guest: stealtime: cpu 1, msr 7dd35080
[    0.889173] smp: Brought up 1 node, 2 CPUs
[    0.890274] smpboot: Max logical packages: 1
[    0.893078] smpboot: Total of 2 processors activated (7526.40 BogoMIPS)
[    0.909202] devtmpfs: initialized
[    0.910323] x86/mm: Memory block size: 128MB
[    0.913653] clocksource: jiffies: mask: 0xffffffff max_cycles: 0xffffffff, max_idle_ns: 7645041785100000 ns
[    0.917046] futex hash table entries: 512 (order: 4, 65536 bytes, linear)
[    0.919037] pinctrl core: initialized pinctrl subsystem
[    0.921067] 
[    0.921406] *************************************************************
[    0.922779] **     NOTICE NOTICE NOTICE NOTICE NOTICE NOTICE NOTICE    **
[    0.924183] **                                                         **
[    0.925026] **  IOMMU DebugFS SUPPORT HAS BEEN ENABLED IN THIS KERNEL  **
[    0.926430] **                                                         **
[    0.927926] ** This means that this kernel is built to expose internal **
[    0.929027] ** IOMMU data structures, which may compromise security on **
[    0.930562] ** your system.                                            **
[    0.931969] **                                                         **
[    0.933025] ** If you see this message and you are not debugging the   **
[    0.934408] ** kernel, report this immediately to your vendor!         **
[    0.935778] **                                                         **
[    0.937025] **     NOTICE NOTICE NOTICE NOTICE NOTICE NOTICE NOTICE    **
[    0.938457] *************************************************************
[    0.940075] PM: RTC time: 03:49:10, date: 2023-03-21
[    0.942890] NET: Registered PF_NETLINK/PF_ROUTE protocol family
[    0.945034] DMA: preallocated 256 KiB GFP_KERNEL pool for atomic allocations
[    0.946584] DMA: preallocated 256 KiB GFP_KERNEL|GFP_DMA pool for atomic allocations
[    0.948225] DMA: preallocated 256 KiB GFP_KERNEL|GFP_DMA32 pool for atomic allocations
[    0.949151] audit: initializing netlink subsys (disabled)
[    0.950373] audit: type=2000 audit(1679370551.120:1): state=initialized audit_enabled=0 res=1
[    0.950373] thermal_sys: Registered thermal governor 'fair_share'
[    0.950373] thermal_sys: Registered thermal governor 'bang_bang'
[    0.950927] thermal_sys: Registered thermal governor 'step_wise'
[    0.951999] thermal_sys: Registered thermal governor 'user_space'
[    0.953182] cpuidle: using governor ladder
[    0.955208] cpuidle: using governor menu
[    0.956561] acpiphp: ACPI Hot Plug PCI Controller Driver version: 0.5
[    0.957745] PCI: Using configuration type 1 for base access
[    0.965231] Callback from call_rcu_tasks_rude() invoked.
[    0.980055] kprobes: kprobe jump-optimization is enabled. All kprobes are optimized if possible.
[    0.985231] HugeTLB registered 1.00 GiB page size, pre-allocated 0 pages
[    0.986573] HugeTLB registered 2.00 MiB page size, pre-allocated 0 pages
[    0.990222] ACPI: Added _OSI(Module Device)
[    0.993041] ACPI: Added _OSI(Processor Device)
[    0.994071] ACPI: Added _OSI(3.0 _SCP Extensions)
[    0.995206] ACPI: Added _OSI(Processor Aggregator Device)
[    0.996498] ACPI: Added _OSI(Linux-Dell-Video)
[    0.997038] ACPI: Added _OSI(Linux-Lenovo-NV-HDMI-Audio)
[    0.998272] ACPI: Added _OSI(Linux-HPI-Hybrid-Graphics)
[    1.007128] ACPI: 1 ACPI AML tables successfully acquired and loaded
[    1.013649] ACPI: Interpreter enabled
[    1.014706] ACPI: PM: (supports S0 S3 S4 S5)
[    1.015674] ACPI: Using IOAPIC for interrupt routing
[    1.016927] PCI: Using host bridge windows from ACPI; if necessary, use "pci=nocrs" and report a bug
[    1.018102] ACPI: Enabled 2 GPEs in block 00 to 0F
[    1.044090] ACPI: PCI Root Bridge [PCI0] (domain 0000 [bus 00-ff])
[    1.045095] acpi PNP0A03:00: _OSC: OS supports [ASPM ClockPM Segments MSI EDR HPX-Type3]
[    1.046967] acpi PNP0A03:00: _OSC: not requesting OS control; OS requires [ExtendedConfig ASPM ClockPM MSI]
[    1.049238] acpi PNP0A03:00: fail to add MMCONFIG information, can't access extended PCI configuration space under this bridge.
[    1.055335] acpiphp: Slot [3] registered
[    1.056539] acpiphp: Slot [4] registered
[    1.057196] acpiphp: Slot [5] registered
[    1.058596] acpiphp: Slot [6] registered
[    1.059821] acpiphp: Slot [7] registered
[    1.061077] acpiphp: Slot [8] registered
[    1.062302] acpiphp: Slot [9] registered
[    1.063527] acpiphp: Slot [10] registered
[    1.064776] acpiphp: Slot [11] registered
[    1.065193] acpiphp: Slot [12] registered
[    1.066333] acpiphp: Slot [13] registered
[    1.067555] acpiphp: Slot [14] registered
[    1.068833] acpiphp: Slot [15] registered
[    1.069294] Callback from call_rcu_tasks() invoked.
[    1.069406] acpiphp: Slot [16] registered
[    1.071573] acpiphp: Slot [17] registered
[    1.072618] acpiphp: Slot [18] registered
[    1.073250] acpiphp: Slot [19] registered
[    1.074514] acpiphp: Slot [20] registered
[    1.075758] acpiphp: Slot [21] registered
[    1.076970] acpiphp: Slot [22] registered
[    1.077219] acpiphp: Slot [23] registered
[    1.078477] acpiphp: Slot [24] registered
[    1.079773] acpiphp: Slot [25] registered
[    1.080961] acpiphp: Slot [26] registered
[    1.081203] acpiphp: Slot [27] registered
[    1.082585] acpiphp: Slot [28] registered
[    1.084028] acpiphp: Slot [29] registered
[    1.085252] acpiphp: Slot [30] registered
[    1.086711] acpiphp: Slot [31] registered
[    1.087926] PCI host bridge to bus 0000:00
[    1.089052] pci_bus 0000:00: root bus resource [io  0x0000-0x0cf7 window]
[    1.090939] pci_bus 0000:00: root bus resource [io  0x0d00-0xffff window]
[    1.092725] pci_bus 0000:00: root bus resource [mem 0x000a0000-0x000bffff window]
[    1.093054] pci_bus 0000:00: root bus resource [mem 0x80000000-0xfebfffff window]
[    1.095293] pci_bus 0000:00: root bus resource [mem 0x100000000-0x17fffffff window]
[    1.097050] pci_bus 0000:00: root bus resource [bus 00-ff]
[    1.098971] pci 0000:00:00.0: [8086:1237] type 00 class 0x060000
[    1.108383] pci 0000:00:01.0: [8086:7000] type 00 class 0x060100
[    1.110715] pci 0000:00:01.1: [8086:7010] type 00 class 0x010180
[    1.114741] pci 0000:00:01.1: reg 0x20: [io  0xc040-0xc04f]
[    1.117081] pci 0000:00:01.1: legacy IDE quirk: reg 0x10: [io  0x01f0-0x01f7]
[    1.118508] pci 0000:00:01.1: legacy IDE quirk: reg 0x14: [io  0x03f6]
[    1.119807] pci 0000:00:01.1: legacy IDE quirk: reg 0x18: [io  0x0170-0x0177]
[    1.121039] pci 0000:00:01.1: legacy IDE quirk: reg 0x1c: [io  0x0376]
[    1.123554] pci 0000:00:01.3: [8086:7113] type 00 class 0x068000
[    1.125583] pci 0000:00:01.3: quirk: [io  0x0600-0x063f] claimed by PIIX4 ACPI
[    1.127027] pci 0000:00:01.3: quirk: [io  0x0700-0x070f] claimed by PIIX4 SMB
[    1.129700] pci 0000:00:02.0: [1234:1111] type 00 class 0x030000
[    1.133932] pci 0000:00:02.0: reg 0x10: [mem 0xfd000000-0xfdffffff pref]
[    1.139390] pci 0000:00:02.0: reg 0x18: [mem 0xfebf0000-0xfebf0fff]
[    1.147323] pci 0000:00:02.0: reg 0x30: [mem 0xfebe0000-0xfebeffff pref]
[    1.157188] pci 0000:00:03.0: [8086:100e] type 00 class 0x020000
[    1.160019] pci 0000:00:03.0: reg 0x10: [mem 0xfebc0000-0xfebdffff]
[    1.162224] pci 0000:00:03.0: reg 0x14: [io  0xc000-0xc03f]
[    1.171076] pci 0000:00:03.0: reg 0x30: [mem 0xfeb80000-0xfebbffff pref]
[    1.200514] ACPI: PCI: Interrupt link LNKA configured for IRQ 10
[    1.201904] ACPI: PCI: Interrupt link LNKB configured for IRQ 10
[    1.203891] ACPI: PCI: Interrupt link LNKC configured for IRQ 11
[    1.205824] ACPI: PCI: Interrupt link LNKD configured for IRQ 11
[    1.207445] ACPI: PCI: Interrupt link LNKS configured for IRQ 9
[    1.211623] iommu: Default domain type: Translated 
[    1.211623] iommu: DMA domain TLB invalidation policy: lazy mode 
[    1.213524] pci 0000:00:02.0: vgaarb: setting as boot VGA device
[    1.214431] pci 0000:00:02.0: vgaarb: VGA device added: decodes=io+mem,owns=io+mem,locks=none
[    1.216075] pci 0000:00:02.0: vgaarb: bridge control possible
[    1.218154] vgaarb: loaded
[    1.221592] SCSI subsystem initialized
[    1.222561] ACPI: bus type USB registered
[    1.225259] usbcore: registered new interface driver usbfs
[    1.226511] usbcore: registered new interface driver hub
[    1.227639] usbcore: registered new device driver usb
[    1.228935] pps_core: LinuxPPS API ver. 1 registered
[    1.229038] pps_core: Software ver. 5.3.6 - Copyright 2005-2007 Rodolfo Giometti <giometti@linux.it>
[    1.230895] PTP clock support registered
[    1.231918] EDAC MC: Ver: 3.0.0
[    1.233453] NetLabel: Initializing
[    1.234111] NetLabel:  domain hash size = 128
[    1.235118] NetLabel:  protocols = UNLABELED CIPSOv4 CALIPSO
[    1.236497] NetLabel:  unlabeled traffic allowed by default
[    1.241252] PCI: Using ACPI for IRQ routing
[    1.242505] hpet0: at MMIO 0xfed00000, IRQs 2, 8, 0
[    1.245038] hpet0: 3 comparators, 64-bit 100.000000 MHz counter
[    1.249659] clocksource: Switched to clocksource kvm-clock
[    1.478901] VFS: Disk quotas dquot_6.6.0
[    1.479921] VFS: Dquot-cache hash table entries: 512 (order 0, 4096 bytes)
[    1.482261] pnp: PnP ACPI init
[    1.487563] pnp: PnP ACPI: found 6 devices
[    1.507353] clocksource: acpi_pm: mask: 0xffffff max_cycles: 0xffffff, max_idle_ns: 2085701024 ns
[    1.509984] NET: Registered PF_INET protocol family
[    1.511373] IP idents hash table entries: 32768 (order: 6, 262144 bytes, linear)
[    1.514762] tcp_listen_portaddr_hash hash table entries: 1024 (order: 4, 81920 bytes, linear)
[    1.516575] TCP established hash table entries: 16384 (order: 5, 131072 bytes, linear)
[    1.518569] TCP bind hash table entries: 16384 (order: 8, 1179648 bytes, linear)
[    1.521420] TCP: Hash tables configured (established 16384 bind 16384)
[    1.523368] UDP hash table entries: 1024 (order: 5, 163840 bytes, linear)
[    1.524882] UDP-Lite hash table entries: 1024 (order: 5, 163840 bytes, linear)
[    1.526857] NET: Registered PF_UNIX/PF_LOCAL protocol family
[    1.529563] RPC: Registered named UNIX socket transport module.
[    1.530824] RPC: Registered udp transport module.
[    1.531814] RPC: Registered tcp transport module.
[    1.532776] RPC: Registered tcp NFSv4.1 backchannel transport module.
[    1.534362] pci_bus 0000:00: resource 4 [io  0x0000-0x0cf7 window]
[    1.535679] pci_bus 0000:00: resource 5 [io  0x0d00-0xffff window]
[    1.536932] pci_bus 0000:00: resource 6 [mem 0x000a0000-0x000bffff window]
[    1.538554] pci_bus 0000:00: resource 7 [mem 0x80000000-0xfebfffff window]
[    1.540032] pci_bus 0000:00: resource 8 [mem 0x100000000-0x17fffffff window]
[    1.542184] pci 0000:00:01.0: PIIX3: Enabling Passive Release
[    1.543434] pci 0000:00:00.0: Limiting direct PCI/PCI transfers
[    1.544713] pci 0000:00:01.0: Activating ISA DMA hang workarounds
[    1.546271] pci 0000:00:02.0: Video device with shadowed ROM at [mem 0x000c0000-0x000dffff]
[    1.548079] PCI: CLS 0 bytes, default 64
[    1.549890] ACPI: bus type thunderbolt registered
[    1.551582] clocksource: tsc: mask: 0xffffffffffffffff max_cycles: 0x363e8c91135, max_idle_ns: 881590568389 ns
[    5.059546] Initialise system trusted keyrings
[    5.060739] Key type blacklist registered
[    5.062065] workingset: timestamp_bits=36 max_order=19 bucket_order=0
[    5.076945] zbud: loaded
[    5.080285] squashfs: version 4.0 (2009/01/31) Phillip Lougher
[    5.084987] NFS: Registering the id_resolver key type
[    5.086350] Key type id_resolver registered
[    5.087382] Key type id_legacy registered
[    5.088579] nfs4filelayout_init: NFSv4 File Layout Driver Registering...
[    5.090369] nfs4flexfilelayout_init: NFSv4 Flexfile Layout Driver Registering...
[    5.092913] fuse: init (API version 7.35)
[    5.094755] SGI XFS with ACLs, security attributes, realtime, quota, no debug enabled
[    5.099800] 9p: Installing v9fs 9p2000 file system support
[    5.114394] Key type asymmetric registered
[    5.115369] Asymmetric key parser 'x509' registered
[    5.116754] Block layer SCSI generic (bsg) driver version 0.4 loaded (major 243)
[    5.118829] io scheduler mq-deadline registered
[    5.120142] io scheduler bfq registered
[    5.123394] shpchp: Standard Hot Plug PCI Controller Driver version: 0.4
[    5.126258] IPMI message handler: version 39.2
[    5.127319] ipmi device interface
[    5.130660] input: Power Button as /devices/LNXSYSTM:00/LNXPWRBN:00/input/input0
[    5.132942] ACPI: button: Power Button [PWRF]
[    5.135805] ERST DBG: ERST support is disabled.
[    5.138130] Serial: 8250/16550 driver, 32 ports, IRQ sharing enabled
[    5.140774] 00:04: ttyS0 at I/O 0x3f8 (irq = 4, base_baud = 115200) is a 16550A
[    5.162027] Linux agpgart interface v0.103
[    5.164239] ACPI: bus type drm_connector registered
[    5.183664] brd: module loaded
[    5.194834] loop: module loaded
[    5.202522] scsi host0: ata_piix
[    5.204490] scsi host1: ata_piix
[    5.205555] ata1: PATA max MWDMA2 cmd 0x1f0 ctl 0x3f6 bmdma 0xc040 irq 14
[    5.206868] ata2: PATA max MWDMA2 cmd 0x170 ctl 0x376 bmdma 0xc048 irq 15
[    5.209573] libphy: Fixed MDIO Bus: probed
[    5.210976] tun: Universal TUN/TAP device driver, 1.6
[    5.212552] e100: Intel(R) PRO/100 Network Driver
[    5.213530] e100: Copyright(c) 1999-2006 Intel Corporation
[    5.214706] e1000: Intel(R) PRO/1000 Network Driver
[    5.215683] e1000: Copyright (c) 1999-2006 Intel Corporation.
[    5.371023] ata1.00: ATA-7: QEMU HARDDISK, 2.5+, max UDMA/100
[    5.372852] ata1.00: 16777216 sectors, multi 16: LBA48 
[    5.376160] ata2.00: ATAPI: QEMU DVD-ROM, 2.5+, max UDMA/100
[    5.378160] ata1.00: Read log 0x00 page 0x00 failed, Emask 0x1
[    5.382641] scsi 0:0:0:0: Direct-Access     ATA      QEMU HARDDISK    2.5+ PQ: 0 ANSI: 5
[    5.386551] scsi 0:0:0:0: Attached scsi generic sg0 type 0
[    5.389685] scsi 1:0:0:0: CD-ROM            QEMU     QEMU DVD-ROM     2.5+ PQ: 0 ANSI: 5
[    5.394046] scsi 1:0:0:0: Attached scsi generic sg1 type 5
[    5.397187] sd 0:0:0:0: [sda] 16777216 512-byte logical blocks: (8.59 GB/8.00 GiB)
[    5.399596] sd 0:0:0:0: [sda] Write Protect is off
[    5.401197] sd 0:0:0:0: [sda] Write cache: enabled, read cache: enabled, doesn't support DPO or FUA
[    5.453604] sd 0:0:0:0: [sda] Attached SCSI disk
[    5.576538] ACPI: \_SB_.LNKC: Enabled at IRQ 11
[    5.948882] e1000 0000:00:03.0 eth0: (PCI:33MHz:32-bit) 52:54:00:12:34:56
[    5.950424] e1000 0000:00:03.0 eth0: Intel(R) PRO/1000 Network Connection
[    5.952161] e1000e: Intel(R) PRO/1000 Network Driver
[    5.953276] e1000e: Copyright(c) 1999 - 2015 Intel Corporation.
[    5.954677] igb: Intel(R) Gigabit Ethernet Network Driver
[    5.955766] igb: Copyright (c) 2007-2014 Intel Corporation.
[    5.957145] PPP generic driver version 2.4.2
[    5.959030] VFIO - User Level meta-driver version: 0.3
[    5.960198] ehci_hcd: USB 2.0 'Enhanced' Host Controller (EHCI) Driver
[    5.961544] ehci-pci: EHCI PCI platform driver
[    5.962501] ehci-platform: EHCI generic platform driver
[    5.963585] ohci_hcd: USB 1.1 'Open' Host Controller (OHCI) Driver
[    5.964757] ohci-pci: OHCI PCI platform driver
[    5.965740] ohci-platform: OHCI generic platform driver
[    5.966818] uhci_hcd: USB Universal Host Controller Interface driver
[    5.968776] usbcore: registered new interface driver uas
[    5.970042] usbcore: registered new interface driver usb-storage
[    5.971492] i8042: PNP: PS/2 Controller [PNP0303:KBD,PNP0f13:MOU] at 0x60,0x64 irq 1,12
[    5.974961] serio: i8042 KBD port at 0x60,0x64 irq 1
[    5.976050] serio: i8042 AUX port at 0x60,0x64 irq 12
[    5.978799] mousedev: PS/2 mouse device common for all mice
[    5.981822] rtc_cmos 00:05: RTC can wake from S4
[    5.981867] input: AT Translated Set 2 keyboard as /devices/platform/i8042/serio0/input/input1
[    5.985609] rtc_cmos 00:05: registered as rtc0
[    5.986883] rtc_cmos 00:05: setting system clock to 2023-03-21T03:49:15 UTC (1679370555)
[    5.989125] rtc_cmos 00:05: alarms up to one day, y3k, 242 bytes nvram, hpet irqs
[    5.989767] input: VirtualPS/2 VMware VMMouse as /devices/platform/i8042/serio1/input/input4
[    5.990798] i2c_dev: i2c /dev entries driver
[    5.993967] device-mapper: core: CONFIG_IMA_DISABLE_HTABLE is disabled. Duplicate IMA measurements will not be recorded in the IMA log.
[    5.994119] input: VirtualPS/2 VMware VMMouse as /devices/platform/i8042/serio1/input/input3
[    5.996594] device-mapper: uevent: version 1.0.3
[    6.000120] device-mapper: ioctl: 4.45.0-ioctl (2021-03-22) initialised: dm-devel@redhat.com
[    6.001859] intel_pstate: CPU model not supported
[    6.003070] sdhci: Secure Digital Host Controller Interface driver
[    6.004319] sdhci: Copyright(c) Pierre Ossman
[    6.005451] sdhci-pltfm: SDHCI platform and OF driver helper
[    6.006737] ledtrig-cpu: registered to indicate activity on CPUs
[    6.008637] drop_monitor: Initializing network drop monitor service
[    6.010939] NET: Registered PF_INET6 protocol family
[    6.020344] Segment Routing with IPv6
[    6.021430] In-situ OAM (IOAM) with IPv6
[    6.022376] NET: Registered PF_PACKET protocol family
[    6.023955] 9pnet: Installing 9P2000 support
[    6.024999] Key type dns_resolver registered
[    6.027671] IPI shorthand broadcast: enabled
[    6.028680] sched_clock: Marking stable (5975489141, 51728552)->(6061472560, -34254867)
[    6.031676] registered taskstats version 1
[    6.033073] Loading compiled-in X.509 certificates
[    6.034877] zswap: loaded using pool lzo/zbud
[    6.038261] Key type ._fscrypt registered
[    6.039120] Key type .fscrypt registered
[    6.039932] Key type fscrypt-provisioning registered
[    6.043576] Key type encrypted registered
[    6.044558] ima: No TPM chip found, activating TPM-bypass!
[    6.045776] ima: Allocated hash algorithm: sha1
[    6.046845] ima: No architecture policies found
[    6.047973] evm: Initialising EVM extended attributes:
[    6.049092] evm: security.selinux
[    6.049781] evm: security.SMACK64
[    6.050456] evm: security.SMACK64EXEC
[    6.051222] evm: security.SMACK64TRANSMUTE
[    6.052045] evm: security.SMACK64MMAP
[    6.052789] evm: security.apparmor
[    6.053555] evm: security.ima
[    6.054196] evm: security.capability
[    6.054917] evm: HMAC attrs: 0x1
[    6.066762] PM:   Magic number: 15:661:816
[    6.068756] RAS: Correctable Errors collector initialized.
[    6.078273] md: Waiting for all devices to be available before autodetect
[    6.080368] md: If you don't use raid, use raid=noautodetect
[    6.082513] md: Autodetecting RAID arrays.
[    6.083869] md: autorun ...
[    6.084752] md: ... autorun DONE.
[    6.100394] EXT4-fs (sda): mounted filesystem with ordered data mode. Opts: (null). Quota mode: none.
[    6.103804] VFS: Mounted root (ext4 filesystem) readonly on device 8:0.
[    6.109817] devtmpfs: mounted
[    6.150944] Freeing unused decrypted memory: 2036K
[    6.158931] Freeing unused kernel image (initmem) memory: 3172K
[    6.160943] Write protecting the kernel read-only data: 43008k
[    6.171337] Freeing unused kernel image (text/rodata gap) memory: 2028K
[    6.174681] Freeing unused kernel image (rodata/data gap) memory: 368K
[    6.348170] x86/mm: Checked W+X mappings: passed, no W+X pages found.
[    6.349630] Run /sbin/init as init process
[    6.509280] random: fast init done
[    6.580053] systemd[1]: RTC configured in localtime, applying delta of 0 minutes to system time.
[    6.642179] systemd[1]: systemd 239 (239-49.el8) running in system mode. (+PAM +AUDIT +SELINUX +IMA -APPARMOR +SMACK +SYSVINIT +UTMP +LIBCRYPTSETUP +GCRYPT +GNUTLS +ACL +XZ +LZ4 +SECCOMP +BLKID +ELFUTILS +KMOD +IDN2 -IDN +PCRE2 default-hierarchy=legacy)
[    6.647354] systemd[1]: Detected virtualization kvm.
[    6.648439] systemd[1]: Detected architecture x86-64.

Welcome to [0;31mCentOS Stream 8[0m!

[    6.686239] systemd[1]: Set hostname to <test>.
[    6.987665] random: lvmconfig: uninitialized urandom read (4 bytes read)
[    7.279798] random: systemd: uninitialized urandom read (16 bytes read)
[    7.282148] systemd[1]: Listening on Journal Socket (/dev/log).
[[0;32m  OK  [0m] Listening on Journal Socket (/dev/log).
[    7.285358] random: systemd: uninitialized urandom read (16 bytes read)
[    7.293185] systemd[1]: Created slice system-serial\x2dgetty.slice.
[[0;32m  OK  [0m] Created slice system-serial\x2dgetty.slice.
[    7.297792] systemd[1]: Set up automount Arbitrary Executable File Formats File System Automount Point.
[[0;32m  OK  [0m] Set up automount Arbitrary Executabâ€¦rmats File System Automount Point.
[    7.318924] systemd[1]: Listening on Process Core Dump Socket.
[[0;32m  OK  [0m] Listening on Process Core Dump Socket.
[    7.322637] systemd[1]: Listening on LVM2 poll daemon socket.
[[0;32m  OK  [0m] Listening on LVM2 poll daemon socket.
[    7.326650] systemd[1]: Listening on udev Control Socket.
[[0;32m  OK  [0m] Listening on udev Control Socket.
[[0;32m  OK  [0m] Listening on Journal Socket.
         Mounting Kernel Debug File System...
         Starting Remount Root and Kernel File Systems...
         Starting Setup Virtual Console...
         Mounting Huge Pages File System...
[[0;32m  OK  [0m] Listening on multipathd control socket.
         Starting Load Kernel Modules...
[[0;32m  OK  [0m] Created slice system-getty.slice.
[[0;32m  OK  [0m] Listening on RPCbind Server Activation Socket.
[[0;32m  OK  [0m] Reached target RPC Port Mapper.
[[0;32m  OK  [0m] Created slice system-sshd\x2dkeygen.slice.
         Mounting POSIX Message Queue File System...
[[0;32m  OK  [0m] Started Forward Password Requests to Wall Directory Watch.
[[0;32m  OK  [0m] Listening on udev Kernel Socket.
         Starting udev Coldplug all Devices...
[[0;32m  OK  [0m] Listening on Device-mapper event daemon FIFOs.
         Starting Monitoring of LVM2 mirrorsâ€¦ng dmeventd or progress polling...
[[0;32m  OK  [0m] Reached target Swap.
[[0;32m  OK  [0m] Created slice User and Session Slice.
[[0;32m  OK  [0m] Reached target Slices.
         Starting Journal Service...
[[0;32m  OK  [0m] Listening on initctl Compatibility Named Pipe.
[    7.789268] EXT4-fs (sda): re-mounted. Opts: (null). Quota mode: none.
[[0;32m  OK  [0m] Mounted Kernel Debug File System.
[[0;32m  OK  [0m] Started Remount Root and Kernel File Systems.
[[0;32m  OK  [0m] Mounted Huge Pages File System.
[[0;1;31mFAILED[0m] Failed to start Load Kernel Modules.
See 'systemctl status systemd-modules-load.service' for details.
[[0;32m  OK  [0m] Mounted POSIX Message Queue File System.
         Starting Apply Kernel Variables...
         Mounting FUSE Control File System...
         Mounting Kernel Configuration File System...
         Starting Load/Save Random Seed...
         Starting Create Static Device Nodes in /dev...
[[0;32m  OK  [0m] Started Journal Service.
[[0;32m  OK  [0m] Started Setup Virtual Console.
[[0;32m  OK  [0m] Started Apply Kernel Variables.
[[0;32m  OK  [0m] Mounted FUSE Control File System.
[[0;32m  OK  [0m] Mounted Kernel Configuration File System.
[[0;32m  OK  [0m] Started Load/Save Random Seed.
         Starting Flush Journal to Persistent Storage...
[[0;32m  OK  [0m] Started Create Static Device Nodes in /dev.
         Starting udev Kernel Device Manager...
[[0;32m  OK  [0m] Started Flush Journal to Persistent Storage.
[[0;32m  OK  [0m] Started udev Kernel Device Manager.
[[0;32m  OK  [0m] Started udev Coldplug all Devices.
         Starting udev Wait for Complete Device Initialization...
         Starting Show Plymouth Boot Screen...
[[0;32m  OK  [0m] Started Show Plymouth Boot Screen.
[[0;32m  OK  [0m] Reached target Paths.
[[0;32m  OK  [0m] Reached target Local Encrypted Volumes.
[[0;32m  OK  [0m] Started Forward Password Requests to Plymouth Directory Watch.
[[0;32m  OK  [0m] Found device /dev/ttyS0.
[[0;32m  OK  [0m] Listening on Load/Save RF Kill Switch Status /dev/rfkill Watch.
[[0;32m  OK  [0m] Started Monitoring of LVM2 mirrors,â€¦sing dmeventd or progress polling.
[[0;32m  OK  [0m] Started udev Wait for Complete Device Initialization.
[[0;32m  OK  [0m] Reached target Local File Systems (Pre).
[[0;32m  OK  [0m] Reached target Local File Systems.
         Starting Create Volatile Files and Directories...
         Starting Restore /run/initramfs on shutdown...
         Starting Tell Plymouth To Write Out Runtime Data...
[[0;32m  OK  [0m] Started Restore /run/initramfs on shutdown.
[[0;32m  OK  [0m] Started Tell Plymouth To Write Out Runtime Data.
[[0;32m  OK  [0m] Started Create Volatile Files and Directories.
         Starting Security Auditing Service...
         Starting RPC Bind...
         Mounting RPC Pipe File System...
[   10.497325] random: crng init done
[   10.498058] random: 7 urandom warning(s) missed due to ratelimiting
[[0;32m  OK  [0m] Mounted RPC Pipe File System.
[[0;32m  OK  [0m] Reached target rpc_pipefs.target.
[[0;32m  OK  [0m] Started RPC Bind.
[[0;32m  OK  [0m] Started Security Auditing Service.
         Starting Update UTMP about System Boot/Shutdown...
[[0;32m  OK  [0m] Started Update UTMP about System Boot/Shutdown.
[[0;32m  OK  [0m] Reached target System Initialization.
[[0;32m  OK  [0m] Listening on D-Bus System Message Bus Socket.
[[0;32m  OK  [0m] Listening on SSSD Kerberos Cache Manager responder socket.
[[0;32m  OK  [0m] Reached target Sockets.
[[0;32m  OK  [0m] Reached target Basic System.
[[0;32m  OK  [0m] Started D-Bus System Message Bus.
[[0;32m  OK  [0m] Started Machine Check Exception Logging Daemon.
         Starting NTP client/server...
[[0;32m  OK  [0m] Started irqbalance daemon.
         Starting Authorization Manager...
         Starting Self Monitoring and Reporting Technology (SMART) Daemon...
         Starting Network Manager...
[[0;32m  OK  [0m] Started dnf makecache --timer.
         Starting Login Service...
[[0;32m  OK  [0m] Started daily update of the root trust anchor for DNSSEC.
[[0;32m  OK  [0m] Reached target sshd-keygen.target.
[[0;32m  OK  [0m] Started Daily Cleanup of Temporary Directories.
[[0;32m  OK  [0m] Reached target Timers.
         Starting Auto-connect to subsystemsâ€¦-NVME devices found during boot...
[[0;32m  OK  [0m] Started Auto-connect to subsystems â€¦FC-NVME devices found during boot.
         Starting update of the root trust aâ€¦or DNSSEC validation in unbound...
[[0;32m  OK  [0m] Started Login Service.
[[0;32m  OK  [0m] Started Self Monitoring and Reporting Technology (SMART) Daemon.
[[0;32m  OK  [0m] Started Network Manager.
[[0;32m  OK  [0m] Reached target Network.
         Starting OpenSSH server daemon...
         Starting GSSAPI Proxy Daemon...
         Starting Dynamic System Tuning Daemon...
         Starting Network Manager Wait Online...
[[0;32m  OK  [0m] Started NTP client/server.
[[0;32m  OK  [0m] Started update of the root trust anâ€¦ for DNSSEC validation in unbound.
[[0;32m  OK  [0m] Started OpenSSH server daemon.
         Starting Hostname Service...
[[0;32m  OK  [0m] Started Authorization Manager.
[[0;32m  OK  [0m] Started GSSAPI Proxy Daemon.
[[0;32m  OK  [0m] Reached target NFS client services.
[[0;32m  OK  [0m] Reached target Remote File Systems (Pre).
[[0;32m  OK  [0m] Reached target Remote File Systems.
         Starting Permit User Sessions...
[[0;32m  OK  [0m] Started Permit User Sessions.
[[0;32m  OK  [0m] Started Command Scheduler.
         Starting Terminate Plymouth Boot Screen...
         Starting Hold until boot process finishes up...
[[0;32m  OK  [0m] Started Terminate Plymouth Boot Screen.
[[0;32m  OK  [0m] Started Hold until boot process finishes up.
[   12.467189] e1000: eth0 NIC Link is Up 1000 Mbps Full Duplex, Flow Control: RX
[   12.470412] IPv6: ADDRCONF(NETDEV_CHANGE): eth0: link becomes ready

CentOS Stream 8
Kernel 5.16.0-rc5-7993f1a431bc+ on an x86_64

test login: [   29.927473] loop3: detected capacity change from 0 to 32768
[   29.960560] loop5: detected capacity change from 0 to 32768
[   29.975492] loop4: detected capacity change from 0 to 32768
[   29.995891] XFS (loop3): Mounting V5 Filesystem
[   30.055249] loop2: detected capacity change from 0 to 32768
[   30.070434] loop6: detected capacity change from 0 to 32768
[   30.086354] XFS (loop5): Mounting V5 Filesystem
[   30.097897] loop0: detected capacity change from 0 to 32768
[   30.121557] XFS (loop4): Mounting V5 Filesystem
[   30.148452] loop7: detected capacity change from 0 to 32768
[   30.151481] XFS (loop2): Mounting V5 Filesystem
[   30.159610] XFS (loop3): Starting recovery (logdev: internal)
[   30.169411] XFS (loop3): Metadata corruption detected at xfs_btree_lookup_get_block+0x272/0x2f0, xfs_refcountbt block 0x28
[   30.172404] XFS (loop3): Unmount and run xfs_repair
[   30.173945] XFS (loop3): Failed to recover leftover CoW staging extents, err -117.
[   30.176260] XFS (loop3): Log I/O Error (0x2) detected at xlog_recover_finish+0xe7/0x160 (fs/xfs/xfs_log_recover.c:3520).  Shutting down filesystem.
[   30.179820] XFS (loop3): Please unmount the filesystem and rectify the problem(s)
[   30.182843] XFS (loop4): Starting recovery (logdev: internal)
[   30.199344] XFS (loop3): Ending recovery (logdev: internal)
[   30.202937] XFS (loop6): Mounting V5 Filesystem
[   30.212355] XFS (loop4): Metadata corruption detected at xfs_btree_lookup_get_block+0x272/0x2f0, xfs_refcountbt block 0x28
[   30.215444] XFS (loop4): Unmount and run xfs_repair
[   30.216765] XFS (loop4): Failed to recover leftover CoW staging extents, err -117.
[   30.218798] XFS (loop4): Log I/O Error (0x2) detected at xlog_recover_finish+0xe7/0x160 (fs/xfs/xfs_log_recover.c:3520).  Shutting down filesystem.
[   30.222332] XFS (loop4): Please unmount the filesystem and rectify the problem(s)
[   30.227068] XFS (loop2): Starting recovery (logdev: internal)
[   30.234870] XFS (loop3): Error -5 reserving per-AG metadata reserve pool.
[   30.236049] loop1: detected capacity change from 0 to 32768
[   30.271680] XFS (loop4): Ending recovery (logdev: internal)
[   30.273858] XFS (loop4): Error -5 reserving per-AG metadata reserve pool.
[   30.282031] XFS (loop5): Starting recovery (logdev: internal)
[   30.283909] XFS (loop0): Mounting V5 Filesystem
[   30.285719] XFS (loop2): Metadata corruption detected at xfs_btree_lookup_get_block+0x272/0x2f0, xfs_refcountbt block 0x28
[   30.288710] XFS (loop2): Unmount and run xfs_repair
[   30.290122] XFS (loop2): Failed to recover leftover CoW staging extents, err -117.
[   30.292215] XFS (loop2): Log I/O Error (0x2) detected at xlog_recover_finish+0xe7/0x160 (fs/xfs/xfs_log_recover.c:3520).  Shutting down filesystem.
[   30.296043] XFS (loop2): Please unmount the filesystem and rectify the problem(s)
[   30.301320] XFS (loop7): Mounting V5 Filesystem
[   30.306529] XFS (loop5): Metadata corruption detected at xfs_btree_lookup_get_block+0x272/0x2f0, xfs_refcountbt block 0x28
[   30.309587] XFS (loop5): Unmount and run xfs_repair
[   30.310921] XFS (loop5): Failed to recover leftover CoW staging extents, err -117.
[   30.313167] XFS (loop5): Log I/O Error (0x2) detected at xlog_recover_finish+0xe7/0x160 (fs/xfs/xfs_log_recover.c:3520).  Shutting down filesystem.
[   30.316841] XFS (loop5): Please unmount the filesystem and rectify the problem(s)
[   30.323713] XFS (loop2): Ending recovery (logdev: internal)
[   30.326528] XFS (loop6): Starting recovery (logdev: internal)
[   30.328272] XFS (loop2): Error -5 reserving per-AG metadata reserve pool.
[   30.348040] XFS (loop6): Metadata corruption detected at xfs_btree_lookup_get_block+0x272/0x2f0, xfs_refcountbt block 0x28
[   30.351127] XFS (loop6): Unmount and run xfs_repair
[   30.352549] XFS (loop6): Failed to recover leftover CoW staging extents, err -117.
[   30.354681] XFS (loop6): Log I/O Error (0x2) detected at xlog_recover_finish+0xe7/0x160 (fs/xfs/xfs_log_recover.c:3520).  Shutting down filesystem.
[   30.358306] XFS (loop6): Please unmount the filesystem and rectify the problem(s)
[   30.367986] XFS (loop1): Mounting V5 Filesystem
[   30.375422] XFS (loop0): Starting recovery (logdev: internal)
[   30.380706] XFS (loop0): Metadata corruption detected at xfs_btree_lookup_get_block+0x272/0x2f0, xfs_refcountbt block 0x28
[   30.383963] XFS (loop0): Unmount and run xfs_repair
[   30.385513] XFS (loop0): Failed to recover leftover CoW staging extents, err -117.
[   30.387588] XFS (loop0): Log I/O Error (0x2) detected at xlog_recover_finish+0xe7/0x160 (fs/xfs/xfs_log_recover.c:3520).  Shutting down filesystem.
[   30.391215] XFS (loop0): Please unmount the filesystem and rectify the problem(s)
[   30.398332] XFS (loop7): Starting recovery (logdev: internal)
[   30.402885] XFS (loop7): Metadata corruption detected at xfs_btree_lookup_get_block+0x272/0x2f0, xfs_refcountbt block 0x28
[   30.404230] XFS (loop6): Ending recovery (logdev: internal)
[   30.406010] XFS (loop7): Unmount and run xfs_repair
[   30.406076] XFS (loop7): Failed to recover leftover CoW staging extents, err -117.
[   30.406107] XFS (loop7): Log I/O Error (0x2) detected at xlog_recover_finish+0xe7/0x160 (fs/xfs/xfs_log_recover.c:3520).  Shutting down filesystem.
[   30.406144] XFS (loop7): Please unmount the filesystem and rectify the problem(s)
[   30.406245] XFS (loop7): Ending recovery (logdev: internal)
[   30.410156] XFS (loop5): Ending recovery (logdev: internal)
[   30.412705] XFS (loop7): Error -5 reserving per-AG metadata reserve pool.
[   30.415741] XFS (loop6): Error -5 reserving per-AG metadata reserve pool.
[   30.428328] XFS (loop0): Ending recovery (logdev: internal)
[   30.430102] XFS (loop0): Error -5 reserving per-AG metadata reserve pool.
[   30.442224] XFS (loop5): Error -5 reserving per-AG metadata reserve pool.
[   30.452947] XFS (loop1): Starting recovery (logdev: internal)
[   30.471773] XFS (loop1): Metadata corruption detected at xfs_btree_lookup_get_block+0x272/0x2f0, xfs_refcountbt block 0x28
[   30.475109] XFS (loop1): Unmount and run xfs_repair
[   30.476695] XFS (loop1): Failed to recover leftover CoW staging extents, err -117.
[   30.478747] XFS (loop1): Log I/O Error (0x2) detected at xlog_recover_finish+0xe7/0x160 (fs/xfs/xfs_log_recover.c:3520).  Shutting down filesystem.
[   30.482258] XFS (loop1): Please unmount the filesystem and rectify the problem(s)
[   30.545084] XFS (loop1): Ending recovery (logdev: internal)
[   30.572606] XFS (loop1): Error -5 reserving per-AG metadata reserve pool.
[   30.917372] loop3: detected capacity change from 0 to 32768
[   30.996094] XFS (loop3): Mounting V5 Filesystem
[   31.041963] XFS (loop3): Starting recovery (logdev: internal)
[   31.045051] loop7: detected capacity change from 0 to 32768
[   31.049138] XFS (loop3): Metadata corruption detected at xfs_btree_lookup_get_block+0x272/0x2f0, xfs_refcountbt block 0x28
[   31.051854] XFS (loop3): Unmount and run xfs_repair
[   31.052935] XFS (loop3): Failed to recover leftover CoW staging extents, err -117.
[   31.054803] XFS (loop3): Log I/O Error (0x2) detected at xlog_recover_finish+0xe7/0x160 (fs/xfs/xfs_log_recover.c:3520).  Shutting down filesystem.
[   31.058072] XFS (loop3): Please unmount the filesystem and rectify the problem(s)
[   31.076833] loop4: detected capacity change from 0 to 32768
[   31.084465] loop0: detected capacity change from 0 to 32768
[   31.086038] loop6: detected capacity change from 0 to 32768
[   31.104607] XFS (loop3): Ending recovery (logdev: internal)
[   31.116638] loop2: detected capacity change from 0 to 32768
[   31.127282] loop5: detected capacity change from 0 to 32768
[   31.129663] XFS (loop3): Error -5 reserving per-AG metadata reserve pool.
[   31.139534] XFS (loop0): Mounting V5 Filesystem
[   31.139546] XFS (loop7): Mounting V5 Filesystem
[   31.153455] loop1: detected capacity change from 0 to 32768
[   31.164807] XFS (loop6): Mounting V5 Filesystem
[   31.175067] XFS (loop2): Mounting V5 Filesystem
[   31.177966] XFS (loop4): Mounting V5 Filesystem
[   31.240833] XFS (loop7): Starting recovery (logdev: internal)
[   31.247229] XFS (loop1): Mounting V5 Filesystem
[   31.327956] XFS (loop5): Mounting V5 Filesystem
[   31.328114] XFS (loop6): Starting recovery (logdev: internal)
[   31.331488] XFS (loop0): Starting recovery (logdev: internal)
[   31.334850] XFS (loop4): Starting recovery (logdev: internal)
[   31.342757] XFS (loop7): Metadata corruption detected at xfs_btree_lookup_get_block+0x272/0x2f0, xfs_refcountbt block 0x28
[   31.345948] XFS (loop7): Unmount and run xfs_repair
[   31.347350] XFS (loop7): Failed to recover leftover CoW staging extents, err -117.
[   31.348736] XFS (loop4): Metadata corruption detected at xfs_btree_lookup_get_block+0x272/0x2f0, xfs_refcountbt block 0x28
[   31.349493] XFS (loop7): Log I/O Error (0x2) detected at xlog_recover_finish+0xe7/0x160 (fs/xfs/xfs_log_recover.c:3520).  Shutting down filesystem.
[   31.352334] XFS (loop4): Unmount and run xfs_repair
[   31.356233] XFS (loop7): Please unmount the filesystem and rectify the problem(s)
[   31.357572] XFS (loop4): Failed to recover leftover CoW staging extents, err -117.
[   31.361635] XFS (loop4): Log I/O Error (0x2) detected at xlog_recover_finish+0xe7/0x160 (fs/xfs/xfs_log_recover.c:3520).  Shutting down filesystem.
[   31.365164] XFS (loop4): Please unmount the filesystem and rectify the problem(s)
[   31.375296] XFS (loop0): Metadata corruption detected at xfs_btree_lookup_get_block+0x272/0x2f0, xfs_refcountbt block 0x28
[   31.378285] XFS (loop0): Unmount and run xfs_repair
[   31.379603] XFS (loop0): Failed to recover leftover CoW staging extents, err -117.
[   31.381598] XFS (loop0): Log I/O Error (0x2) detected at xlog_recover_finish+0xe7/0x160 (fs/xfs/xfs_log_recover.c:3520).  Shutting down filesystem.
[   31.384992] XFS (loop0): Please unmount the filesystem and rectify the problem(s)
[   31.388462] XFS (loop2): Starting recovery (logdev: internal)
[   31.391620] XFS (loop1): Starting recovery (logdev: internal)
[   31.396243] XFS (loop6): Metadata corruption detected at xfs_btree_lookup_get_block+0x272/0x2f0, xfs_refcountbt block 0x28
[   31.399290] XFS (loop6): Unmount and run xfs_repair
[   31.400673] XFS (loop6): Failed to recover leftover CoW staging extents, err -117.
[   31.402757] XFS (loop6): Log I/O Error (0x2) detected at xlog_recover_finish+0xe7/0x160 (fs/xfs/xfs_log_recover.c:3520).  Shutting down filesystem.
[   31.406310] XFS (loop6): Please unmount the filesystem and rectify the problem(s)
[   31.409466] XFS (loop2): Metadata corruption detected at xfs_btree_lookup_get_block+0x272/0x2f0, xfs_refcountbt block 0x28
[   31.412403] XFS (loop2): Unmount and run xfs_repair
[   31.413793] XFS (loop2): Failed to recover leftover CoW staging extents, err -117.
[   31.415782] XFS (loop2): Log I/O Error (0x2) detected at xlog_recover_finish+0xe7/0x160 (fs/xfs/xfs_log_recover.c:3520).  Shutting down filesystem.
[   31.419183] XFS (loop2): Please unmount the filesystem and rectify the problem(s)
[   31.427343] XFS (loop4): Ending recovery (logdev: internal)
[   31.429807] XFS (loop4): Error -5 reserving per-AG metadata reserve pool.
[   31.431945] XFS (loop0): Ending recovery (logdev: internal)
[   31.435693] XFS (loop0): Error -5 reserving per-AG metadata reserve pool.
[   31.438174] XFS (loop1): Metadata corruption detected at xfs_btree_lookup_get_block+0x272/0x2f0, xfs_refcountbt block 0x28
[   31.438616] XFS (loop6): Ending recovery (logdev: internal)
[   31.441272] XFS (loop1): Unmount and run xfs_repair
[   31.443058] XFS (loop6): Error -5 reserving per-AG metadata reserve pool.
[   31.444109] XFS (loop1): Failed to recover leftover CoW staging extents, err -117.
[   31.444142] XFS (loop1): Log I/O Error (0x2) detected at xlog_recover_finish+0xe7/0x160 (fs/xfs/xfs_log_recover.c:3520).  Shutting down filesystem.
[   31.446353] XFS (loop2): Ending recovery (logdev: internal)
[   31.447943] XFS (loop1): Please unmount the filesystem and rectify the problem(s)
[   31.455689] XFS (loop2): Error -5 reserving per-AG metadata reserve pool.
[   31.469675] XFS (loop7): Ending recovery (logdev: internal)
[   31.471636] XFS (loop7): Error -5 reserving per-AG metadata reserve pool.
[   31.479588] XFS (loop5): Starting recovery (logdev: internal)
[   31.481525] XFS (loop1): Ending recovery (logdev: internal)
[   31.484262] XFS (loop1): Error -5 reserving per-AG metadata reserve pool.
[   31.496434] XFS (loop5): Metadata corruption detected at xfs_btree_lookup_get_block+0x272/0x2f0, xfs_refcountbt block 0x28
[   31.499837] XFS (loop5): Unmount and run xfs_repair
[   31.501328] XFS (loop5): Failed to recover leftover CoW staging extents, err -117.
[   31.503379] XFS (loop5): Log I/O Error (0x2) detected at xlog_recover_finish+0xe7/0x160 (fs/xfs/xfs_log_recover.c:3520).  Shutting down filesystem.
[   31.507362] XFS (loop5): Please unmount the filesystem and rectify the problem(s)
[   31.510367] XFS (loop5): Ending recovery (logdev: internal)
[   31.512532] XFS (loop5): Error -5 reserving per-AG metadata reserve pool.
[   31.859627] loop3: detected capacity change from 0 to 32768
[   32.006327] XFS (loop3): Mounting V5 Filesystem
[   32.042737] XFS (loop3): Starting recovery (logdev: internal)
[   32.061735] XFS (loop3): Metadata corruption detected at xfs_btree_lookup_get_block+0x272/0x2f0, xfs_refcountbt block 0x28
[   32.064636] XFS (loop3): Unmount and run xfs_repair
[   32.065981] XFS (loop3): Failed to recover leftover CoW staging extents, err -117.
[   32.067972] XFS (loop3): Log I/O Error (0x2) detected at xlog_recover_finish+0xe7/0x160 (fs/xfs/xfs_log_recover.c:3520).  Shutting down filesystem.
[   32.071403] XFS (loop3): Please unmount the filesystem and rectify the problem(s)
[   32.085887] loop5: detected capacity change from 0 to 32768
[   32.165516] XFS (loop5): Mounting V5 Filesystem
[   32.190366] XFS (loop3): Ending recovery (logdev: internal)
[   32.191907] XFS (loop3): Error -5 reserving per-AG metadata reserve pool.
[   32.215813] loop4: detected capacity change from 0 to 32768
[   32.286289] XFS (loop5): Starting recovery (logdev: internal)
[   32.313702] XFS (loop5): Metadata corruption detected at xfs_btree_lookup_get_block+0x272/0x2f0, xfs_refcountbt block 0x28
[   32.316138] XFS (loop5): Unmount and run xfs_repair
[   32.317317] XFS (loop5): Failed to recover leftover CoW staging extents, err -117.
[   32.318525] loop2: detected capacity change from 0 to 32768
[   32.318931] XFS (loop5): Log I/O Error (0x2) detected at xlog_recover_finish+0xe7/0x160 (fs/xfs/xfs_log_recover.c:3520).  Shutting down filesystem.
[   32.323222] XFS (loop5): Please unmount the filesystem and rectify the problem(s)
[   32.327961] XFS (loop4): Mounting V5 Filesystem
[   32.340570] loop0: detected capacity change from 0 to 32768
[   32.348598] XFS (loop5): Ending recovery (logdev: internal)
[   32.350310] XFS (loop5): Error -5 reserving per-AG metadata reserve pool.
[   32.416617] loop7: detected capacity change from 0 to 32768
[   32.432186] loop6: detected capacity change from 0 to 32768
[   32.439106] XFS (loop4): Starting recovery (logdev: internal)
[   32.456371] XFS (loop0): Mounting V5 Filesystem
[   32.474722] XFS (loop4): Metadata corruption detected at xfs_btree_lookup_get_block+0x272/0x2f0, xfs_refcountbt block 0x28
[   32.477282] XFS (loop4): Unmount and run xfs_repair
[   32.478411] XFS (loop4): Failed to recover leftover CoW staging extents, err -117.
[   32.480095] XFS (loop4): Log I/O Error (0x2) detected at xlog_recover_finish+0xe7/0x160 (fs/xfs/xfs_log_recover.c:3520).  Shutting down filesystem.
[   32.482971] XFS (loop4): Please unmount the filesystem and rectify the problem(s)
[   32.500681] XFS (loop2): Mounting V5 Filesystem
[   32.535643] XFS (loop6): Mounting V5 Filesystem
[   32.541278] loop1: detected capacity change from 0 to 32768
[   32.544882] XFS (loop7): Mounting V5 Filesystem
[   32.634244] XFS (loop0): Starting recovery (logdev: internal)
[   32.664049] XFS (loop0): Metadata corruption detected at xfs_btree_lookup_get_block+0x272/0x2f0, xfs_refcountbt block 0x28
[   32.667357] XFS (loop0): Unmount and run xfs_repair
[   32.668792] XFS (loop0): Failed to recover leftover CoW staging extents, err -117.
[   32.671110] XFS (loop0): Log I/O Error (0x2) detected at xlog_recover_finish+0xe7/0x160 (fs/xfs/xfs_log_recover.c:3520).  Shutting down filesystem.
[   32.674797] XFS (loop0): Please unmount the filesystem and rectify the problem(s)
[   32.685958] XFS (loop1): Mounting V5 Filesystem
[   32.694497] XFS (loop4): Ending recovery (logdev: internal)
[   32.696227] XFS (loop4): Error -5 reserving per-AG metadata reserve pool.
[   32.717671] XFS (loop7): Starting recovery (logdev: internal)
[   32.737250] XFS (loop7): Metadata corruption detected at xfs_btree_lookup_get_block+0x272/0x2f0, xfs_refcountbt block 0x28
[   32.739922] XFS (loop7): Unmount and run xfs_repair
[   32.741422] XFS (loop7): Failed to recover leftover CoW staging extents, err -117.
[   32.743205] XFS (loop7): Log I/O Error (0x2) detected at xlog_recover_finish+0xe7/0x160 (fs/xfs/xfs_log_recover.c:3520).  Shutting down filesystem.
[   32.745449] loop3: detected capacity change from 0 to 32768
[   32.746273] XFS (loop7): Please unmount the filesystem and rectify the problem(s)
[   32.754588] XFS (loop6): Starting recovery (logdev: internal)
[   32.758058] XFS (loop2): Starting recovery (logdev: internal)
[   32.764379] XFS (loop0): Ending recovery (logdev: internal)
[   32.765847] XFS (loop0): Error -5 reserving per-AG metadata reserve pool.
[   32.770268] XFS (loop3): Mounting V5 Filesystem
[   32.775290] XFS (loop2): Metadata corruption detected at xfs_btree_lookup_get_block+0x272/0x2f0, xfs_refcountbt block 0x28
[   32.778337] XFS (loop2): Unmount and run xfs_repair
[   32.779660] XFS (loop2): Failed to recover leftover CoW staging extents, err -117.
[   32.781676] XFS (loop2): Log I/O Error (0x2) detected at xlog_recover_finish+0xe7/0x160 (fs/xfs/xfs_log_recover.c:3520).  Shutting down filesystem.
[   32.785081] XFS (loop2): Please unmount the filesystem and rectify the problem(s)
[   32.793091] XFS (loop6): Metadata corruption detected at xfs_btree_lookup_get_block+0x272/0x2f0, xfs_refcountbt block 0x28
[   32.796255] XFS (loop6): Unmount and run xfs_repair
[   32.797712] XFS (loop6): Failed to recover leftover CoW staging extents, err -117.
[   32.799876] XFS (loop6): Log I/O Error (0x2) detected at xlog_recover_finish+0xe7/0x160 (fs/xfs/xfs_log_recover.c:3520).  Shutting down filesystem.
[   32.803548] XFS (loop6): Please unmount the filesystem and rectify the problem(s)
[   32.836889] XFS (loop1): Starting recovery (logdev: internal)
[   32.840414] XFS (loop7): Ending recovery (logdev: internal)
[   32.841947] XFS (loop1): Metadata corruption detected at xfs_btree_lookup_get_block+0x272/0x2f0, xfs_refcountbt block 0x28
[   32.844674] XFS (loop1): Unmount and run xfs_repair
[   32.845976] XFS (loop1): Failed to recover leftover CoW staging extents, err -117.
[   32.847853] XFS (loop1): Log I/O Error (0x2) detected at xlog_recover_finish+0xe7/0x160 (fs/xfs/xfs_log_recover.c:3520).  Shutting down filesystem.
[   32.849206] XFS (loop7): Error -5 reserving per-AG metadata reserve pool.
[   32.850974] XFS (loop1): Please unmount the filesystem and rectify the problem(s)
[   32.855090] XFS (loop1): Ending recovery (logdev: internal)
[   32.857011] XFS (loop1): Error -5 reserving per-AG metadata reserve pool.
[   32.859338] XFS (loop6): Ending recovery (logdev: internal)
[   32.863020] XFS (loop6): Error -5 reserving per-AG metadata reserve pool.
[   32.864927] XFS (loop2): Ending recovery (logdev: internal)
[   32.878306] XFS (loop2): Error -5 reserving per-AG metadata reserve pool.
[   32.952978] XFS (loop3): Starting recovery (logdev: internal)
[   32.966799] XFS (loop3): Metadata corruption detected at xfs_btree_lookup_get_block+0x272/0x2f0, xfs_refcountbt block 0x28
[   32.969141] XFS (loop3): Unmount and run xfs_repair
[   32.970137] XFS (loop3): Failed to recover leftover CoW staging extents, err -117.
[   32.971642] XFS (loop3): Log I/O Error (0x2) detected at xlog_recover_finish+0xe7/0x160 (fs/xfs/xfs_log_recover.c:3520).  Shutting down filesystem.
[   32.974242] XFS (loop3): Please unmount the filesystem and rectify the problem(s)
[   33.009889] XFS (loop3): Ending recovery (logdev: internal)
[   33.011252] XFS (loop3): Error -5 reserving per-AG metadata reserve pool.
[   33.472644] loop1: detected capacity change from 0 to 32768
[   33.490587] loop0: detected capacity change from 0 to 32768
[   33.522903] loop4: detected capacity change from 0 to 32768
[   33.532964] loop5: detected capacity change from 0 to 32768
[   33.592101] loop3: detected capacity change from 0 to 32768
[   33.642170] loop7: detected capacity change from 0 to 32768
[   33.663561] XFS (loop1): Mounting V5 Filesystem
[   33.667884] loop2: detected capacity change from 0 to 32768
[   33.668568] XFS (loop0): Mounting V5 Filesystem
[   33.704017] XFS (loop5): Mounting V5 Filesystem
[   33.716758] XFS (loop4): Mounting V5 Filesystem
[   33.718484] XFS (loop1): Starting recovery (logdev: internal)
[   33.726006] XFS (loop1): Metadata corruption detected at xfs_btree_lookup_get_block+0x272/0x2f0, xfs_refcountbt block 0x28
[   33.728327] XFS (loop1): Unmount and run xfs_repair
[   33.729421] XFS (loop1): Failed to recover leftover CoW staging extents, err -117.
[   33.730916] XFS (loop1): Log I/O Error (0x2) detected at xlog_recover_finish+0xe7/0x160 (fs/xfs/xfs_log_recover.c:3520).  Shutting down filesystem.
[   33.733544] XFS (loop1): Please unmount the filesystem and rectify the problem(s)
[   33.755696] loop6: detected capacity change from 0 to 32768
[   33.758038] XFS (loop1): Ending recovery (logdev: internal)
[   33.759908] XFS (loop3): Mounting V5 Filesystem
[   33.761501] XFS (loop1): Error -5 reserving per-AG metadata reserve pool.
[   33.843394] XFS (loop0): Starting recovery (logdev: internal)
[   33.859448] XFS (loop5): Starting recovery (logdev: internal)
[   33.867991] XFS (loop7): Mounting V5 Filesystem
[   33.871354] XFS (loop0): Metadata corruption detected at xfs_btree_lookup_get_block+0x272/0x2f0, xfs_refcountbt block 0x28
[   33.871497] XFS (loop2): Mounting V5 Filesystem
[   33.873789] XFS (loop0): Unmount and run xfs_repair
[   33.873821] XFS (loop0): Failed to recover leftover CoW staging extents, err -117.
[   33.873843] XFS (loop0): Log I/O Error (0x2) detected at xlog_recover_finish+0xe7/0x160 (fs/xfs/xfs_log_recover.c:3520).  Shutting down filesystem.
[   33.880170] XFS (loop0): Please unmount the filesystem and rectify the problem(s)
[   33.882525] XFS (loop6): Mounting V5 Filesystem
[   33.887430] XFS (loop5): Metadata corruption detected at xfs_btree_lookup_get_block+0x272/0x2f0, xfs_refcountbt block 0x28
[   33.889680] XFS (loop5): Unmount and run xfs_repair
[   33.890668] XFS (loop5): Failed to recover leftover CoW staging extents, err -117.
[   33.892142] XFS (loop5): Log I/O Error (0x2) detected at xlog_recover_finish+0xe7/0x160 (fs/xfs/xfs_log_recover.c:3520).  Shutting down filesystem.
[   33.894697] XFS (loop5): Please unmount the filesystem and rectify the problem(s)
[   33.899430] XFS (loop4): Starting recovery (logdev: internal)
[   33.904793] XFS (loop4): Metadata corruption detected at xfs_btree_lookup_get_block+0x272/0x2f0, xfs_refcountbt block 0x28
[   33.906967] XFS (loop3): Starting recovery (logdev: internal)
[   33.908177] XFS (loop4): Unmount and run xfs_repair
[   33.908548] XFS (loop3): Metadata corruption detected at xfs_btree_lookup_get_block+0x272/0x2f0, xfs_refcountbt block 0x28
[   33.909202] XFS (loop4): Failed to recover leftover CoW staging extents, err -117.
[   33.911537] XFS (loop3): Unmount and run xfs_repair
[   33.912986] XFS (loop4): Log I/O Error (0x2) detected at xlog_recover_finish+0xe7/0x160 (fs/xfs/xfs_log_recover.c:3520).  Shutting down filesystem.
[   33.914060] XFS (loop3): Failed to recover leftover CoW staging extents, err -117.
[   33.916480] XFS (loop4): Please unmount the filesystem and rectify the problem(s)
[   33.918150] XFS (loop3): Log I/O Error (0x2) detected at xlog_recover_finish+0xe7/0x160 (fs/xfs/xfs_log_recover.c:3520).  Shutting down filesystem.
[   33.922285] XFS (loop5): Ending recovery (logdev: internal)
[   33.922407] XFS (loop3): Please unmount the filesystem and rectify the problem(s)
[   33.926204] XFS (loop5): Error -5 reserving per-AG metadata reserve pool.
[   33.940792] XFS (loop0): Ending recovery (logdev: internal)
[   33.942227] XFS (loop0): Error -5 reserving per-AG metadata reserve pool.
[   33.948708] XFS (loop7): Starting recovery (logdev: internal)
[   33.951876] XFS (loop7): Metadata corruption detected at xfs_btree_lookup_get_block+0x272/0x2f0, xfs_refcountbt block 0x28
[   33.954385] XFS (loop7): Unmount and run xfs_repair
[   33.955512] XFS (loop7): Failed to recover leftover CoW staging extents, err -117.
[   33.957238] XFS (loop7): Log I/O Error (0x2) detected at xlog_recover_finish+0xe7/0x160 (fs/xfs/xfs_log_recover.c:3520).  Shutting down filesystem.
[   33.960100] XFS (loop7): Please unmount the filesystem and rectify the problem(s)
[   33.961807] XFS (loop7): Ending recovery (logdev: internal)
[   33.963120] XFS (loop7): Error -5 reserving per-AG metadata reserve pool.
[   33.966706] XFS (loop4): Ending recovery (logdev: internal)
[   33.968050] XFS (loop4): Error -5 reserving per-AG metadata reserve pool.
[   33.977438] XFS (loop2): Starting recovery (logdev: internal)
[   33.982794] XFS (loop3): Ending recovery (logdev: internal)
[   33.984478] XFS (loop3): Error -5 reserving per-AG metadata reserve pool.
[   34.011514] XFS (loop2): Metadata corruption detected at xfs_btree_lookup_get_block+0x272/0x2f0, xfs_refcountbt block 0x28
[   34.013756] XFS (loop2): Unmount and run xfs_repair
[   34.014745] XFS (loop2): Failed to recover leftover CoW staging extents, err -117.
[   34.016250] XFS (loop2): Log I/O Error (0x2) detected at xlog_recover_finish+0xe7/0x160 (fs/xfs/xfs_log_recover.c:3520).  Shutting down filesystem.
[   34.018856] XFS (loop2): Please unmount the filesystem and rectify the problem(s)
[   34.039312] XFS (loop6): Starting recovery (logdev: internal)
[   34.047252] XFS (loop6): Metadata corruption detected at xfs_btree_lookup_get_block+0x272/0x2f0, xfs_refcountbt block 0x28
[   34.050250] XFS (loop6): Unmount and run xfs_repair
[   34.051303] XFS (loop6): Failed to recover leftover CoW staging extents, err -117.
[   34.052832] XFS (loop6): Log I/O Error (0x2) detected at xlog_recover_finish+0xe7/0x160 (fs/xfs/xfs_log_recover.c:3520).  Shutting down filesystem.
[   34.055536] XFS (loop6): Please unmount the filesystem and rectify the problem(s)
[   34.065957] XFS (loop2): Ending recovery (logdev: internal)
[   34.067363] XFS (loop2): Error -5 reserving per-AG metadata reserve pool.
[   34.074649] XFS (loop6): Ending recovery (logdev: internal)
[   34.076038] XFS (loop6): Error -5 reserving per-AG metadata reserve pool.
[   34.381958] loop1: detected capacity change from 0 to 32768
[   34.450193] XFS (loop1): Mounting V5 Filesystem
[   34.491373] XFS (loop1): Starting recovery (logdev: internal)
[   34.494765] XFS (loop1): Metadata corruption detected at xfs_btree_lookup_get_block+0x272/0x2f0, xfs_refcountbt block 0x28
[   34.497506] XFS (loop1): Unmount and run xfs_repair
[   34.498688] XFS (loop1): Failed to recover leftover CoW staging extents, err -117.
[   34.500487] XFS (loop1): Log I/O Error (0x2) detected at xlog_recover_finish+0xe7/0x160 (fs/xfs/xfs_log_recover.c:3520).  Shutting down filesystem.
[   34.503628] XFS (loop1): Please unmount the filesystem and rectify the problem(s)
[   34.505548] XFS (loop1): Ending recovery (logdev: internal)
[   34.507028] XFS (loop1): Error -5 reserving per-AG metadata reserve pool.
[   34.596682] loop0: detected capacity change from 0 to 32768
[   34.693926] XFS (loop0): Mounting V5 Filesystem
[   34.719280] loop4: detected capacity change from 0 to 32768
[   34.733920] XFS (loop0): Starting recovery (logdev: internal)
[   34.739849] XFS (loop0): Metadata corruption detected at xfs_btree_lookup_get_block+0x272/0x2f0, xfs_refcountbt block 0x28
[   34.742524] XFS (loop0): Unmount and run xfs_repair
[   34.743750] XFS (loop0): Failed to recover leftover CoW staging extents, err -117.
[   34.745685] XFS (loop0): Log I/O Error (0x2) detected at xlog_recover_finish+0xe7/0x160 (fs/xfs/xfs_log_recover.c:3520).  Shutting down filesystem.
[   34.748964] XFS (loop0): Please unmount the filesystem and rectify the problem(s)
[   34.761468] XFS (loop4): Mounting V5 Filesystem
[   34.781261] loop6: detected capacity change from 0 to 32768
[   34.783058] XFS (loop0): Ending recovery (logdev: internal)
[   34.784471] XFS (loop0): Error -5 reserving per-AG metadata reserve pool.
[   34.795641] XFS (loop4): Starting recovery (logdev: internal)
[   34.807377] XFS (loop4): Metadata corruption detected at xfs_btree_lookup_get_block+0x272/0x2f0, xfs_refcountbt block 0x28
[   34.810104] XFS (loop4): Unmount and run xfs_repair
[   34.811301] XFS (loop4): Failed to recover leftover CoW staging extents, err -117.
[   34.813289] XFS (loop4): Log I/O Error (0x2) detected at xlog_recover_finish+0xe7/0x160 (fs/xfs/xfs_log_recover.c:3520).  Shutting down filesystem.
[   34.816658] XFS (loop4): Please unmount the filesystem and rectify the problem(s)
[   34.854289] XFS (loop6): Mounting V5 Filesystem
[   34.871030] loop3: detected capacity change from 0 to 32768
[   34.872551] XFS (loop4): Ending recovery (logdev: internal)
[   34.874721] XFS (loop4): Error -5 reserving per-AG metadata reserve pool.
[   34.918794] XFS (loop6): Starting recovery (logdev: internal)
[   34.928996] XFS (loop6): Metadata corruption detected at xfs_btree_lookup_get_block+0x272/0x2f0, xfs_refcountbt block 0x28
[   34.931409] XFS (loop6): Unmount and run xfs_repair
[   34.932448] XFS (loop6): Failed to recover leftover CoW staging extents, err -117.
[   34.934124] XFS (loop6): Log I/O Error (0x2) detected at xlog_recover_finish+0xe7/0x160 (fs/xfs/xfs_log_recover.c:3520).  Shutting down filesystem.
[   34.937225] XFS (loop6): Please unmount the filesystem and rectify the problem(s)
[   34.972983] XFS (loop3): Mounting V5 Filesystem
[   34.976646] loop5: detected capacity change from 0 to 32768
[   34.978357] XFS (loop6): Ending recovery (logdev: internal)
[   34.979687] XFS (loop6): Error -5 reserving per-AG metadata reserve pool.
[   35.032009] XFS (loop3): Starting recovery (logdev: internal)
[   35.085152] XFS (loop3): Metadata corruption detected at xfs_btree_lookup_get_block+0x272/0x2f0, xfs_refcountbt block 0x28
[   35.087453] XFS (loop3): Unmount and run xfs_repair
[   35.088503] XFS (loop3): Failed to recover leftover CoW staging extents, err -117.
[   35.090202] XFS (loop3): Log I/O Error (0x2) detected at xlog_recover_finish+0xe7/0x160 (fs/xfs/xfs_log_recover.c:3520).  Shutting down filesystem.
[   35.092855] XFS (loop3): Please unmount the filesystem and rectify the problem(s)
[   35.113638] XFS (loop5): Mounting V5 Filesystem
[   35.166013] loop0: detected capacity change from 0 to 32768
[   35.168673] XFS (loop3): Ending recovery (logdev: internal)
[   35.170769] XFS (loop3): Error -5 reserving per-AG metadata reserve pool.
[   35.248317] XFS (loop5): Starting recovery (logdev: internal)
[   35.266810] XFS (loop0): Mounting V5 Filesystem
[   35.281349] XFS (loop5): Metadata corruption detected at xfs_btree_lookup_get_block+0x272/0x2f0, xfs_refcountbt block 0x28
[   35.284452] XFS (loop5): Unmount and run xfs_repair
[   35.285955] XFS (loop5): Failed to recover leftover CoW staging extents, err -117.
[   35.287948] XFS (loop5): Log I/O Error (0x2) detected at xlog_recover_finish+0xe7/0x160 (fs/xfs/xfs_log_recover.c:3520).  Shutting down filesystem.
[   35.291488] XFS (loop5): Please unmount the filesystem and rectify the problem(s)
[   35.359410] XFS (loop0): Starting recovery (logdev: internal)
[   35.373339] loop7: detected capacity change from 0 to 32768
[   35.388060] XFS (loop0): Metadata corruption detected at xfs_btree_lookup_get_block+0x272/0x2f0, xfs_refcountbt block 0x28
[   35.391176] XFS (loop0): Unmount and run xfs_repair
[   35.392499] XFS (loop0): Failed to recover leftover CoW staging extents, err -117.
[   35.394644] XFS (loop0): Log I/O Error (0x2) detected at xlog_recover_finish+0xe7/0x160 (fs/xfs/xfs_log_recover.c:3520).  Shutting down filesystem.
[   35.398253] XFS (loop0): Please unmount the filesystem and rectify the problem(s)
[   35.408831] loop6: detected capacity change from 0 to 32768
[   35.416755] XFS (loop5): Ending recovery (logdev: internal)
[   35.418282] XFS (loop5): Error -5 reserving per-AG metadata reserve pool.
[   35.446029] XFS (loop6): Mounting V5 Filesystem
[   35.496927] XFS (loop7): Mounting V5 Filesystem
[   35.500892] XFS (loop6): Starting recovery (logdev: internal)
[   35.503687] XFS (loop0): Ending recovery (logdev: internal)
[   35.505376] XFS (loop0): Error -5 reserving per-AG metadata reserve pool.
[   35.528895] XFS (loop6): Metadata corruption detected at xfs_btree_lookup_get_block+0x272/0x2f0, xfs_refcountbt block 0x28
[   35.531916] XFS (loop6): Unmount and run xfs_repair
[   35.533187] XFS (loop6): Failed to recover leftover CoW staging extents, err -117.
[   35.534957] XFS (loop6): Log I/O Error (0x2) detected at xlog_recover_finish+0xe7/0x160 (fs/xfs/xfs_log_recover.c:3520).  Shutting down filesystem.
[   35.538132] XFS (loop6): Please unmount the filesystem and rectify the problem(s)
[   35.577102] XFS (loop7): Starting recovery (logdev: internal)
[   35.580880] XFS (loop7): Metadata corruption detected at xfs_btree_lookup_get_block+0x272/0x2f0, xfs_refcountbt block 0x28
[   35.583794] XFS (loop7): Unmount and run xfs_repair
[   35.585061] XFS (loop7): Failed to recover leftover CoW staging extents, err -117.
[   35.586934] XFS (loop7): Log I/O Error (0x2) detected at xlog_recover_finish+0xe7/0x160 (fs/xfs/xfs_log_recover.c:3520).  Shutting down filesystem.
[   35.590228] XFS (loop7): Please unmount the filesystem and rectify the problem(s)
[   35.594373] XFS (loop6): Ending recovery (logdev: internal)
[   35.596137] XFS (loop6): Error -5 reserving per-AG metadata reserve pool.
[   35.609273] loop1: detected capacity change from 0 to 32768
[   35.624138] XFS (loop7): Ending recovery (logdev: internal)
[   35.625733] XFS (loop7): Error -5 reserving per-AG metadata reserve pool.
[   35.642266] loop2: detected capacity change from 0 to 32768
[   35.738211] XFS (loop1): Mounting V5 Filesystem
[   35.758633] XFS (loop2): Mounting V5 Filesystem
[   35.770821] XFS (loop1): Starting recovery (logdev: internal)
[   35.776499] XFS (loop1): Metadata corruption detected at xfs_btree_lookup_get_block+0x272/0x2f0, xfs_refcountbt block 0x28
[   35.779260] XFS (loop1): Unmount and run xfs_repair
[   35.780420] XFS (loop1): Failed to recover leftover CoW staging extents, err -117.
[   35.782218] XFS (loop1): Log I/O Error (0x2) detected at xlog_recover_finish+0xe7/0x160 (fs/xfs/xfs_log_recover.c:3520).  Shutting down filesystem.
[   35.785279] XFS (loop1): Please unmount the filesystem and rectify the problem(s)
[   35.798017] loop4: detected capacity change from 0 to 32768
[   35.808466] XFS (loop1): Ending recovery (logdev: internal)
[   35.808726] XFS (loop2): Starting recovery (logdev: internal)
[   35.811570] XFS (loop1): Error -5 reserving per-AG metadata reserve pool.
[   35.827674] XFS (loop2): Metadata corruption detected at xfs_btree_lookup_get_block+0x272/0x2f0, xfs_refcountbt block 0x28
[   35.829985] XFS (loop2): Unmount and run xfs_repair
[   35.830977] XFS (loop2): Failed to recover leftover CoW staging extents, err -117.
[   35.832473] XFS (loop2): Log I/O Error (0x2) detected at xlog_recover_finish+0xe7/0x160 (fs/xfs/xfs_log_recover.c:3520).  Shutting down filesystem.
[   35.835072] XFS (loop2): Please unmount the filesystem and rectify the problem(s)
[   35.837925] XFS (loop2): Ending recovery (logdev: internal)
[   35.839191] XFS (loop2): Error -5 reserving per-AG metadata reserve pool.
[   35.892629] XFS (loop4): Mounting V5 Filesystem
[   35.940800] XFS (loop4): Starting recovery (logdev: internal)
[   35.948502] loop3: detected capacity change from 0 to 32768
[   35.973378] XFS (loop4): Metadata corruption detected at xfs_btree_lookup_get_block+0x272/0x2f0, xfs_refcountbt block 0x28
[   35.976090] XFS (loop4): Unmount and run xfs_repair
[   35.977417] XFS (loop4): Failed to recover leftover CoW staging extents, err -117.
[   35.979240] XFS (loop4): Log I/O Error (0x2) detected at xlog_recover_finish+0xe7/0x160 (fs/xfs/xfs_log_recover.c:3520).  Shutting down filesystem.
[   35.982387] XFS (loop4): Please unmount the filesystem and rectify the problem(s)
[   35.986626] XFS (loop3): Mounting V5 Filesystem
[   36.042503] XFS (loop3): Starting recovery (logdev: internal)
[   36.065366] XFS (loop3): Metadata corruption detected at xfs_btree_lookup_get_block+0x272/0x2f0, xfs_refcountbt block 0x28
[   36.068367] XFS (loop3): Unmount and run xfs_repair
[   36.069812] XFS (loop3): Failed to recover leftover CoW staging extents, err -117.
[   36.071810] XFS (loop3): Log I/O Error (0x2) detected at xlog_recover_finish+0xe7/0x160 (fs/xfs/xfs_log_recover.c:3520).  Shutting down filesystem.
[   36.075292] XFS (loop3): Please unmount the filesystem and rectify the problem(s)
[   36.098759] loop6: detected capacity change from 0 to 32768
[   36.100622] XFS (loop4): Ending recovery (logdev: internal)
[   36.102555] XFS (loop4): Error -5 reserving per-AG metadata reserve pool.
[   36.108113] XFS (loop3): Ending recovery (logdev: internal)
[   36.109651] XFS (loop3): Error -5 reserving per-AG metadata reserve pool.
[   36.133483] XFS (loop6): Mounting V5 Filesystem
[   36.212268] XFS (loop6): Starting recovery (logdev: internal)
[   36.226990] XFS (loop6): Metadata corruption detected at xfs_btree_lookup_get_block+0x272/0x2f0, xfs_refcountbt block 0x28
[   36.230066] XFS (loop6): Unmount and run xfs_repair
[   36.231401] XFS (loop6): Failed to recover leftover CoW staging extents, err -117.
[   36.233427] XFS (loop6): Log I/O Error (0x2) detected at xlog_recover_finish+0xe7/0x160 (fs/xfs/xfs_log_recover.c:3520).  Shutting down filesystem.
[   36.236886] XFS (loop6): Please unmount the filesystem and rectify the problem(s)
[   36.260610] loop7: detected capacity change from 0 to 32768
[   36.292104] XFS (loop7): Mounting V5 Filesystem
[   36.359257] XFS (loop7): Starting recovery (logdev: internal)
[   36.367891] loop2: detected capacity change from 0 to 32768
[   36.369627] XFS (loop6): Ending recovery (logdev: internal)
[   36.370053] XFS (loop7): Metadata corruption detected at xfs_btree_lookup_get_block+0x272/0x2f0, xfs_refcountbt block 0x28
[   36.370870] XFS (loop6): Error -5 reserving per-AG metadata reserve pool.
[   36.373399] XFS (loop7): Unmount and run xfs_repair
[   36.375918] XFS (loop7): Failed to recover leftover CoW staging extents, err -117.
[   36.377741] XFS (loop7): Log I/O Error (0x2) detected at xlog_recover_finish+0xe7/0x160 (fs/xfs/xfs_log_recover.c:3520).  Shutting down filesystem.
[   36.381080] XFS (loop7): Please unmount the filesystem and rectify the problem(s)
[   36.442665] XFS (loop2): Mounting V5 Filesystem
[   36.471474] loop5: detected capacity change from 0 to 32768
[   36.473454] XFS (loop7): Ending recovery (logdev: internal)
[   36.474703] XFS (loop7): Error -5 reserving per-AG metadata reserve pool.
[   36.478461] XFS (loop2): Starting recovery (logdev: internal)
[   36.510865] XFS (loop2): Metadata corruption detected at xfs_btree_lookup_get_block+0x272/0x2f0, xfs_refcountbt block 0x28
[   36.513476] XFS (loop2): Unmount and run xfs_repair
[   36.514620] XFS (loop2): Failed to recover leftover CoW staging extents, err -117.
[   36.516334] XFS (loop2): Log I/O Error (0x2) detected at xlog_recover_finish+0xe7/0x160 (fs/xfs/xfs_log_recover.c:3520).  Shutting down filesystem.
[   36.519300] XFS (loop2): Please unmount the filesystem and rectify the problem(s)
[   36.553611] XFS (loop5): Mounting V5 Filesystem
[   36.603024] XFS (loop5): Starting recovery (logdev: internal)
[   36.605424] XFS (loop2): Ending recovery (logdev: internal)
[   36.614066] XFS (loop2): Error -5 reserving per-AG metadata reserve pool.
[   36.658271] XFS (loop5): Metadata corruption detected at xfs_btree_lookup_get_block+0x272/0x2f0, xfs_refcountbt block 0x28
[   36.660560] XFS (loop5): Unmount and run xfs_repair
[   36.661812] XFS (loop5): Failed to recover leftover CoW staging extents, err -117.
[   36.663325] XFS (loop5): Log I/O Error (0x2) detected at xlog_recover_finish+0xe7/0x160 (fs/xfs/xfs_log_recover.c:3520).  Shutting down filesystem.
[   36.666021] XFS (loop5): Please unmount the filesystem and rectify the problem(s)
[   36.699017] loop3: detected capacity change from 0 to 32768
[   36.700963] XFS (loop5): Ending recovery (logdev: internal)
[   36.703369] XFS (loop5): Error -5 reserving per-AG metadata reserve pool.
[   36.751265] XFS (loop3): Mounting V5 Filesystem
[   36.800646] XFS (loop3): Starting recovery (logdev: internal)
[   36.807479] XFS (loop3): Metadata corruption detected at xfs_btree_lookup_get_block+0x272/0x2f0, xfs_refcountbt block 0x28
[   36.810150] XFS (loop3): Unmount and run xfs_repair
[   36.811266] XFS (loop3): Failed to recover leftover CoW staging extents, err -117.
[   36.812905] XFS (loop3): Log I/O Error (0x2) detected at xlog_recover_finish+0xe7/0x160 (fs/xfs/xfs_log_recover.c:3520).  Shutting down filesystem.
[   36.815790] XFS (loop3): Please unmount the filesystem and rectify the problem(s)
[   36.870153] loop7: detected capacity change from 0 to 32768
[   36.893430] XFS (loop3): Ending recovery (logdev: internal)
[   36.894751] XFS (loop3): Error -5 reserving per-AG metadata reserve pool.
[   36.926675] XFS (loop7): Mounting V5 Filesystem
[   36.969883] XFS (loop7): Starting recovery (logdev: internal)
[   36.974493] XFS (loop7): Metadata corruption detected at xfs_btree_lookup_get_block+0x272/0x2f0, xfs_refcountbt block 0x28
[   36.976770] XFS (loop7): Unmount and run xfs_repair
[   36.977905] XFS (loop7): Failed to recover leftover CoW staging extents, err -117.
[   36.979501] XFS (loop7): Log I/O Error (0x2) detected at xlog_recover_finish+0xe7/0x160 (fs/xfs/xfs_log_recover.c:3520).  Shutting down filesystem.
[   36.982186] XFS (loop7): Please unmount the filesystem and rectify the problem(s)
[   37.002108] XFS (loop7): Ending recovery (logdev: internal)
[   37.003990] XFS (loop7): Error -5 reserving per-AG metadata reserve pool.
[   37.142290] loop0: detected capacity change from 0 to 32768
[   37.172098] loop1: detected capacity change from 0 to 32768
[   37.238566] XFS (loop0): Mounting V5 Filesystem
[   37.270939] XFS (loop0): Starting recovery (logdev: internal)
[   37.272262] loop4: detected capacity change from 0 to 32768
[   37.276068] XFS (loop0): Metadata corruption detected at xfs_btree_lookup_get_block+0x272/0x2f0, xfs_refcountbt block 0x28
[   37.278329] XFS (loop0): Unmount and run xfs_repair
[   37.279331] XFS (loop0): Failed to recover leftover CoW staging extents, err -117.
[   37.280790] XFS (loop0): Log I/O Error (0x2) detected at xlog_recover_finish+0xe7/0x160 (fs/xfs/xfs_log_recover.c:3520).  Shutting down filesystem.
[   37.283463] XFS (loop0): Please unmount the filesystem and rectify the problem(s)
[   37.325321] loop6: detected capacity change from 0 to 32768
[   37.327512] XFS (loop0): Ending recovery (logdev: internal)
[   37.329089] XFS (loop0): Error -5 reserving per-AG metadata reserve pool.
[   37.333928] XFS (loop1): Mounting V5 Filesystem
[   37.350793] loop2: detected capacity change from 0 to 32768
[   37.414080] XFS (loop4): Mounting V5 Filesystem
[   37.425147] loop5: detected capacity change from 0 to 32768
[   37.428085] XFS (loop6): Mounting V5 Filesystem
[   37.541809] XFS (loop5): Mounting V5 Filesystem
[   37.548400] XFS (loop1): Starting recovery (logdev: internal)
[   37.569735] XFS (loop1): Metadata corruption detected at xfs_btree_lookup_get_block+0x272/0x2f0, xfs_refcountbt block 0x28
[   37.572327] XFS (loop1): Unmount and run xfs_repair
[   37.573485] XFS (loop1): Failed to recover leftover CoW staging extents, err -117.
[   37.575139] XFS (loop1): Log I/O Error (0x2) detected at xlog_recover_finish+0xe7/0x160 (fs/xfs/xfs_log_recover.c:3520).  Shutting down filesystem.
[   37.578134] XFS (loop1): Please unmount the filesystem and rectify the problem(s)
[   37.579791] XFS (loop1): Ending recovery (logdev: internal)
[   37.581144] XFS (loop1): Error -5 reserving per-AG metadata reserve pool.
[   37.585323] XFS (loop6): Starting recovery (logdev: internal)
[   37.590342] XFS (loop2): Mounting V5 Filesystem
[   37.594993] XFS (loop6): Metadata corruption detected at xfs_btree_lookup_get_block+0x272/0x2f0, xfs_refcountbt block 0x28
[   37.597285] XFS (loop6): Unmount and run xfs_repair
[   37.598269] XFS (loop6): Failed to recover leftover CoW staging extents, err -117.
[   37.599751] XFS (loop6): Log I/O Error (0x2) detected at xlog_recover_finish+0xe7/0x160 (fs/xfs/xfs_log_recover.c:3520).  Shutting down filesystem.
[   37.602343] XFS (loop6): Please unmount the filesystem and rectify the problem(s)
[   37.665904] loop7: detected capacity change from 0 to 32768
[   37.669979] loop0: detected capacity change from 0 to 32768
[   37.675582] XFS (loop4): Starting recovery (logdev: internal)
[   37.681456] XFS (loop6): Ending recovery (logdev: internal)
[   37.682975] XFS (loop6): Error -5 reserving per-AG metadata reserve pool.
[   37.687094] XFS (loop5): Starting recovery (logdev: internal)
[   37.688881] XFS (loop4): Metadata corruption detected at xfs_btree_lookup_get_block+0x272/0x2f0, xfs_refcountbt block 0x28
[   37.691418] XFS (loop4): Unmount and run xfs_repair
[   37.691768] XFS (loop5): Metadata corruption detected at xfs_btree_lookup_get_block+0x272/0x2f0, xfs_refcountbt block 0x28
[   37.692564] XFS (loop4): Failed to recover leftover CoW staging extents, err -117.
[   37.692593] XFS (loop4): Log I/O Error (0x2) detected at xlog_recover_finish+0xe7/0x160 (fs/xfs/xfs_log_recover.c:3520).  Shutting down filesystem.
[   37.694723] XFS (loop5): Unmount and run xfs_repair
[   37.696287] XFS (loop4): Please unmount the filesystem and rectify the problem(s)
[   37.698802] XFS (loop5): Failed to recover leftover CoW staging extents, err -117.
[   37.702759] XFS (loop5): Log I/O Error (0x2) detected at xlog_recover_finish+0xe7/0x160 (fs/xfs/xfs_log_recover.c:3520).  Shutting down filesystem.
[   37.705356] XFS (loop5): Please unmount the filesystem and rectify the problem(s)
[   37.727437] XFS (loop5): Ending recovery (logdev: internal)
[   37.729579] XFS (loop5): Error -5 reserving per-AG metadata reserve pool.
[   37.747592] XFS (loop0): Mounting V5 Filesystem
[   37.748010] XFS (loop2): Starting recovery (logdev: internal)
[   37.750383] XFS (loop7): Mounting V5 Filesystem
[   37.757783] XFS (loop4): Ending recovery (logdev: internal)
[   37.759208] XFS (loop4): Error -5 reserving per-AG metadata reserve pool.
[   37.779382] XFS (loop2): Metadata corruption detected at xfs_btree_lookup_get_block+0x272/0x2f0, xfs_refcountbt block 0x28
[   37.781710] XFS (loop2): Unmount and run xfs_repair
[   37.782739] XFS (loop2): Failed to recover leftover CoW staging extents, err -117.
[   37.784295] XFS (loop2): Log I/O Error (0x2) detected at xlog_recover_finish+0xe7/0x160 (fs/xfs/xfs_log_recover.c:3520).  Shutting down filesystem.
[   37.787002] XFS (loop2): Please unmount the filesystem and rectify the problem(s)
[   37.803313] XFS (loop7): Starting recovery (logdev: internal)
[   37.830785] XFS (loop7): Metadata corruption detected at xfs_btree_lookup_get_block+0x272/0x2f0, xfs_refcountbt block 0x28
[   37.833289] XFS (loop7): Unmount and run xfs_repair
[   37.834377] XFS (loop7): Failed to recover leftover CoW staging extents, err -117.
[   37.836144] XFS (loop7): Log I/O Error (0x2) detected at xlog_recover_finish+0xe7/0x160 (fs/xfs/xfs_log_recover.c:3520).  Shutting down filesystem.
[   37.839237] XFS (loop7): Please unmount the filesystem and rectify the problem(s)
[   37.853552] XFS (loop2): Ending recovery (logdev: internal)
[   37.855977] XFS (loop7): Ending recovery (logdev: internal)
[   37.862370] XFS (loop2): Error -5 reserving per-AG metadata reserve pool.
[   37.865444] XFS (loop7): Error -5 reserving per-AG metadata reserve pool.
[   37.903234] XFS (loop0): Starting recovery (logdev: internal)
[   37.909479] XFS (loop0): Metadata corruption detected at xfs_btree_lookup_get_block+0x272/0x2f0, xfs_refcountbt block 0x28
[   37.911843] XFS (loop0): Unmount and run xfs_repair
[   37.912879] XFS (loop0): Failed to recover leftover CoW staging extents, err -117.
[   37.914573] XFS (loop0): Log I/O Error (0x2) detected at xlog_recover_finish+0xe7/0x160 (fs/xfs/xfs_log_recover.c:3520).  Shutting down filesystem.
[   37.917335] XFS (loop0): Please unmount the filesystem and rectify the problem(s)
[   37.975498] XFS (loop0): Ending recovery (logdev: internal)
[   37.986085] XFS (loop0): Error -5 reserving per-AG metadata reserve pool.
[   38.015598] loop3: detected capacity change from 0 to 32768
[   38.094657] loop1: detected capacity change from 0 to 32768
[   38.198650] XFS (loop3): Mounting V5 Filesystem
[   38.303042] XFS (loop1): Mounting V5 Filesystem
[   38.330602] XFS (loop3): Starting recovery (logdev: internal)
[   38.337573] XFS (loop3): Metadata corruption detected at xfs_btree_lookup_get_block+0x272/0x2f0, xfs_refcountbt block 0x28
[   38.340062] XFS (loop3): Unmount and run xfs_repair
[   38.341247] XFS (loop3): Failed to recover leftover CoW staging extents, err -117.
[   38.342875] XFS (loop3): Log I/O Error (0x2) detected at xlog_recover_finish+0xe7/0x160 (fs/xfs/xfs_log_recover.c:3520).  Shutting down filesystem.
[   38.345739] XFS (loop3): Please unmount the filesystem and rectify the problem(s)
[   38.356463] XFS (loop3): Ending recovery (logdev: internal)
[   38.359265] XFS (loop3): Error -5 reserving per-AG metadata reserve pool.
[   38.380795] XFS (loop1): Starting recovery (logdev: internal)
[   38.389111] XFS (loop1): Metadata corruption detected at xfs_btree_lookup_get_block+0x272/0x2f0, xfs_refcountbt block 0x28
[   38.392454] XFS (loop1): Unmount and run xfs_repair
[   38.393984] XFS (loop1): Failed to recover leftover CoW staging extents, err -117.
[   38.396123] XFS (loop1): Log I/O Error (0x2) detected at xlog_recover_finish+0xe7/0x160 (fs/xfs/xfs_log_recover.c:3520).  Shutting down filesystem.
[   38.399623] XFS (loop1): Please unmount the filesystem and rectify the problem(s)
[   38.451308] XFS (loop1): Ending recovery (logdev: internal)
[   38.465113] XFS (loop1): Error -5 reserving per-AG metadata reserve pool.
[   38.485379] loop4: detected capacity change from 0 to 32768
[   38.559207] loop0: detected capacity change from 0 to 32768
[   38.566294] loop7: detected capacity change from 0 to 32768
[   38.624435] loop5: detected capacity change from 0 to 32768
[   38.626388] XFS (loop4): Mounting V5 Filesystem
[   38.651664] XFS (loop0): Mounting V5 Filesystem
[   38.678460] XFS (loop5): Mounting V5 Filesystem
[   38.707145] XFS (loop4): Starting recovery (logdev: internal)
[   38.709966] XFS (loop0): Starting recovery (logdev: internal)
[   38.727573] XFS (loop0): Metadata corruption detected at xfs_btree_lookup_get_block+0x272/0x2f0, xfs_refcountbt block 0x28
[   38.730910] XFS (loop0): Unmount and run xfs_repair
[   38.732444] XFS (loop0): Failed to recover leftover CoW staging extents, err -117.
[   38.734781] XFS (loop0): Log I/O Error (0x2) detected at xlog_recover_finish+0xe7/0x160 (fs/xfs/xfs_log_recover.c:3520).  Shutting down filesystem.
[   38.738806] XFS (loop0): Please unmount the filesystem and rectify the problem(s)
[   38.746749] XFS (loop7): Mounting V5 Filesystem
[   38.778432] XFS (loop4): Metadata corruption detected at xfs_btree_lookup_get_block+0x272/0x2f0, xfs_refcountbt block 0x28
[   38.782053] XFS (loop4): Unmount and run xfs_repair
[   38.783638] XFS (loop4): Failed to recover leftover CoW staging extents, err -117.
[   38.786024] XFS (loop4): Log I/O Error (0x2) detected at xlog_recover_finish+0xe7/0x160 (fs/xfs/xfs_log_recover.c:3520).  Shutting down filesystem.
[   38.790058] XFS (loop4): Please unmount the filesystem and rectify the problem(s)
[   38.793676] XFS (loop4): Ending recovery (logdev: internal)
[   38.795629] XFS (loop4): Error -5 reserving per-AG metadata reserve pool.
[   38.814523] XFS (loop0): Ending recovery (logdev: internal)
[   38.816424] XFS (loop0): Error -5 reserving per-AG metadata reserve pool.
[   38.912976] loop1: detected capacity change from 0 to 32768
[   38.917404] XFS (loop5): Starting recovery (logdev: internal)
[   38.919729] XFS (loop7): Starting recovery (logdev: internal)
[   38.947399] XFS (loop5): Metadata corruption detected at xfs_btree_lookup_get_block+0x272/0x2f0, xfs_refcountbt block 0x28
[   38.949921] XFS (loop5): Unmount and run xfs_repair
[   38.951040] XFS (loop5): Failed to recover leftover CoW staging extents, err -117.
[   38.952684] XFS (loop5): Log I/O Error (0x2) detected at xlog_recover_finish+0xe7/0x160 (fs/xfs/xfs_log_recover.c:3520).  Shutting down filesystem.
[   38.955619] XFS (loop5): Please unmount the filesystem and rectify the problem(s)
[   38.984402] loop2: detected capacity change from 0 to 32768
[   38.994120] XFS (loop7): Metadata corruption detected at xfs_btree_lookup_get_block+0x272/0x2f0, xfs_refcountbt block 0x28
[   38.996610] XFS (loop7): Unmount and run xfs_repair
[   38.997823] XFS (loop7): Failed to recover leftover CoW staging extents, err -117.
[   38.999520] XFS (loop7): Log I/O Error (0x2) detected at xlog_recover_finish+0xe7/0x160 (fs/xfs/xfs_log_recover.c:3520).  Shutting down filesystem.
[   39.002649] XFS (loop7): Please unmount the filesystem and rectify the problem(s)
[   39.039041] XFS (loop1): Mounting V5 Filesystem
[   39.068248] XFS (loop5): Ending recovery (logdev: internal)
[   39.070106] XFS (loop5): Error -5 reserving per-AG metadata reserve pool.
[   39.079065] XFS (loop2): Mounting V5 Filesystem
[   39.086241] loop4: detected capacity change from 0 to 32768
[   39.088917] XFS (loop7): Ending recovery (logdev: internal)
[   39.090916] XFS (loop7): Error -5 reserving per-AG metadata reserve pool.
[   39.102875] loop6: detected capacity change from 0 to 32768
[   39.120795] XFS (loop1): Starting recovery (logdev: internal)
[   39.175043] XFS (loop1): Metadata corruption detected at xfs_btree_lookup_get_block+0x272/0x2f0, xfs_refcountbt block 0x28
[   39.177386] XFS (loop1): Unmount and run xfs_repair
[   39.178388] XFS (loop1): Failed to recover leftover CoW staging extents, err -117.
[   39.179883] XFS (loop1): Log I/O Error (0x2) detected at xlog_recover_finish+0xe7/0x160 (fs/xfs/xfs_log_recover.c:3520).  Shutting down filesystem.
[   39.182475] XFS (loop1): Please unmount the filesystem and rectify the problem(s)
[   39.184355] XFS (loop2): Starting recovery (logdev: internal)
[   39.187435] loop3: detected capacity change from 0 to 32768
[   39.216080] XFS (loop2): Metadata corruption detected at xfs_btree_lookup_get_block+0x272/0x2f0, xfs_refcountbt block 0x28
[   39.218332] XFS (loop2): Unmount and run xfs_repair
[   39.219319] XFS (loop2): Failed to recover leftover CoW staging extents, err -117.
[   39.220774] XFS (loop2): Log I/O Error (0x2) detected at xlog_recover_finish+0xe7/0x160 (fs/xfs/xfs_log_recover.c:3520).  Shutting down filesystem.
[   39.223342] XFS (loop2): Please unmount the filesystem and rectify the problem(s)
[   39.255345] XFS (loop4): Mounting V5 Filesystem
[   39.257599] XFS (loop6): Mounting V5 Filesystem
[   39.266367] XFS (loop1): Ending recovery (logdev: internal)
[   39.267817] XFS (loop1): Error -5 reserving per-AG metadata reserve pool.
[   39.281655] XFS (loop2): Ending recovery (logdev: internal)
[   39.283176] XFS (loop2): Error -5 reserving per-AG metadata reserve pool.
[   39.297981] XFS (loop3): Mounting V5 Filesystem
[   39.318582] XFS (loop4): Starting recovery (logdev: internal)
[   39.366167] XFS (loop4): Metadata corruption detected at xfs_btree_lookup_get_block+0x272/0x2f0, xfs_refcountbt block 0x28
[   39.368808] XFS (loop4): Unmount and run xfs_repair
[   39.369995] XFS (loop4): Failed to recover leftover CoW staging extents, err -117.
[   39.371755] XFS (loop4): Log I/O Error (0x2) detected at xlog_recover_finish+0xe7/0x160 (fs/xfs/xfs_log_recover.c:3520).  Shutting down filesystem.
[   39.374562] XFS (loop4): Please unmount the filesystem and rectify the problem(s)
[   39.386346] XFS (loop6): Starting recovery (logdev: internal)
[   39.414693] XFS (loop6): Metadata corruption detected at xfs_btree_lookup_get_block+0x272/0x2f0, xfs_refcountbt block 0x28
[   39.416947] XFS (loop6): Unmount and run xfs_repair
[   39.418012] XFS (loop6): Failed to recover leftover CoW staging extents, err -117.
[   39.419502] XFS (loop6): Log I/O Error (0x2) detected at xlog_recover_finish+0xe7/0x160 (fs/xfs/xfs_log_recover.c:3520).  Shutting down filesystem.
[   39.422135] XFS (loop6): Please unmount the filesystem and rectify the problem(s)
[   39.438844] XFS (loop3): Starting recovery (logdev: internal)
[   39.442083] XFS (loop3): Metadata corruption detected at xfs_btree_lookup_get_block+0x272/0x2f0, xfs_refcountbt block 0x28
[   39.444412] XFS (loop3): Unmount and run xfs_repair
[   39.445528] XFS (loop3): Failed to recover leftover CoW staging extents, err -117.
[   39.447104] XFS (loop3): Log I/O Error (0x2) detected at xlog_recover_finish+0xe7/0x160 (fs/xfs/xfs_log_recover.c:3520).  Shutting down filesystem.
[   39.449875] XFS (loop3): Please unmount the filesystem and rectify the problem(s)
[   39.492631] XFS (loop6): Ending recovery (logdev: internal)
[   39.494105] XFS (loop6): Error -5 reserving per-AG metadata reserve pool.
[   39.500720] loop7: detected capacity change from 0 to 32768
[   39.505963] XFS (loop4): Ending recovery (logdev: internal)
[   39.508232] XFS (loop4): Error -5 reserving per-AG metadata reserve pool.
