c[?7l[2J[0mSeaBIOS (version rel-1.16.0-0-gd239552ce722-prebuilt.qemu.org)


iPXE (http://ipxe.org) 00:03.0 CA00 PCI2.10 PnP PMM+7FF91000+7FEF1000 CA00
Press Ctrl-B to configure iPXE (PCI 00:03.0)...                                                                               


Booting from ROM...
c[?7l[2J[    0.000000] Linux version 5.16.0-rc5-7b7820b83f23+ (root@p-rplp02) (gcc (GCC) 8.5.0 20210514 (Red Hat 8.5.0-18), GNU ld version 2.36.1-2.el8) #1 SMP PREEMPT Tue Mar 21 11:55:15 CST 2023
[    0.000000] Command line: console=ttyS0 root=/dev/sda earlyprintk=serial net.ifnames=0
[    0.000000] KERNEL supported cpus:
[    0.000000]   Intel GenuineIntel
[    0.000000]   AMD AuthenticAMD
[    0.000000]   Hygon HygonGenuine
[    0.000000]   Centaur CentaurHauls
[    0.000000]   zhaoxin   Shanghai  
[    0.000000] x86/fpu: Supporting XSAVE feature 0x001: 'x87 floating point registers'
[    0.000000] x86/fpu: Supporting XSAVE feature 0x002: 'SSE registers'
[    0.000000] x86/fpu: Supporting XSAVE feature 0x004: 'AVX registers'
[    0.000000] x86/fpu: Supporting XSAVE feature 0x200: 'Protection Keys User registers'
[    0.000000] x86/fpu: xstate_offset[2]:  576, xstate_sizes[2]:  256
[    0.000000] x86/fpu: xstate_offset[9]:  832, xstate_sizes[9]:    8
[    0.000000] x86/fpu: Enabled xstate features 0x207, context size is 840 bytes, using 'compacted' format.
[    0.000000] signal: max sigframe size: 3632
[    0.000000] printk: bootconsole [earlyser0] enabled
[    0.000000] BIOS-provided physical RAM map:
[    0.000000] BIOS-e820: [mem 0x0000000000000000-0x000000000009fbff] usable
[    0.000000] BIOS-e820: [mem 0x000000000009fc00-0x000000000009ffff] reserved
[    0.000000] BIOS-e820: [mem 0x00000000000f0000-0x00000000000fffff] reserved
[    0.000000] BIOS-e820: [mem 0x0000000000100000-0x000000007ffdffff] usable
[    0.000000] BIOS-e820: [mem 0x000000007ffe0000-0x000000007fffffff] reserved
[    0.000000] BIOS-e820: [mem 0x00000000feffc000-0x00000000feffffff] reserved
[    0.000000] BIOS-e820: [mem 0x00000000fffc0000-0x00000000ffffffff] reserved
[    0.000000] NX (Execute Disable) protection: active
[    0.000000] SMBIOS 2.8 present.
[    0.000000] DMI: QEMU Standard PC (i440FX + PIIX, 1996), BIOS rel-1.16.0-0-gd239552ce722-prebuilt.qemu.org 04/01/2014
[    0.000000] Hypervisor detected: KVM
[    0.000000] kvm-clock: Using msrs 4b564d01 and 4b564d00
[    0.000000] kvm-clock: cpu 0, msr 5601001, primary cpu clock
[    0.000006] kvm-clock: using sched offset of 719679335 cycles
[    0.001261] clocksource: kvm-clock: mask: 0xffffffffffffffff max_cycles: 0x1cd42e4dffb, max_idle_ns: 881590591483 ns
[    0.004905] tsc: Detected 1881.600 MHz processor
[    0.013431] last_pfn = 0x7ffe0 max_arch_pfn = 0x400000000
[    0.014936] x86/PAT: Configuration [0-7]: WB  WC  UC- UC  WB  WP  UC- WT  
[    0.028066] found SMP MP-table at [mem 0x000f5ba0-0x000f5baf]
[    0.029858] Using GB pages for direct mapping
[    0.033125] ACPI: Early table checksum verification disabled
[    0.034564] ACPI: RSDP 0x00000000000F59C0 000014 (v00 BOCHS )
[    0.035911] ACPI: RSDT 0x000000007FFE1951 000034 (v01 BOCHS  BXPC     00000001 BXPC 00000001)
[    0.037857] ACPI: FACP 0x000000007FFE17FD 000074 (v01 BOCHS  BXPC     00000001 BXPC 00000001)
[    0.039816] ACPI: DSDT 0x000000007FFE0040 0017BD (v01 BOCHS  BXPC     00000001 BXPC 00000001)
[    0.041737] ACPI: FACS 0x000000007FFE0000 000040
[    0.042778] ACPI: APIC 0x000000007FFE1871 000080 (v01 BOCHS  BXPC     00000001 BXPC 00000001)
[    0.044701] ACPI: HPET 0x000000007FFE18F1 000038 (v01 BOCHS  BXPC     00000001 BXPC 00000001)
[    0.046608] ACPI: WAET 0x000000007FFE1929 000028 (v01 BOCHS  BXPC     00000001 BXPC 00000001)
[    0.048502] ACPI: Reserving FACP table memory at [mem 0x7ffe17fd-0x7ffe1870]
[    0.050087] ACPI: Reserving DSDT table memory at [mem 0x7ffe0040-0x7ffe17fc]
[    0.051652] ACPI: Reserving FACS table memory at [mem 0x7ffe0000-0x7ffe003f]
[    0.053242] ACPI: Reserving APIC table memory at [mem 0x7ffe1871-0x7ffe18f0]
[    0.054842] ACPI: Reserving HPET table memory at [mem 0x7ffe18f1-0x7ffe1928]
[    0.056472] ACPI: Reserving WAET table memory at [mem 0x7ffe1929-0x7ffe1950]
[    0.059691] No NUMA configuration found
[    0.060596] Faking a node at [mem 0x0000000000000000-0x000000007ffdffff]
[    0.062261] NODE_DATA(0) allocated [mem 0x7ffb5000-0x7ffdffff]
[    0.068315] Zone ranges:
[    0.068977]   DMA      [mem 0x0000000000001000-0x0000000000ffffff]
[    0.070457]   DMA32    [mem 0x0000000001000000-0x000000007ffdffff]
[    0.071925]   Normal   empty
[    0.072594]   Device   empty
[    0.073277] Movable zone start for each node
[    0.074277] Early memory node ranges
[    0.075101]   node   0: [mem 0x0000000000001000-0x000000000009efff]
[    0.076550]   node   0: [mem 0x0000000000100000-0x000000007ffdffff]
[    0.077987] Initmem setup node 0 [mem 0x0000000000001000-0x000000007ffdffff]
[    0.080300] On node 0, zone DMA: 1 pages in unavailable ranges
[    0.080787] On node 0, zone DMA: 97 pages in unavailable ranges
[    0.146975] On node 0, zone DMA32: 32 pages in unavailable ranges
[    0.149180] ACPI: PM-Timer IO Port: 0x608
[    0.151648] ACPI: LAPIC_NMI (acpi_id[0xff] dfl dfl lint[0x1])
[    0.153172] IOAPIC[0]: apic_id 0, version 17, address 0xfec00000, GSI 0-23
[    0.154793] ACPI: INT_SRC_OVR (bus 0 bus_irq 0 global_irq 2 dfl dfl)
[    0.156265] ACPI: INT_SRC_OVR (bus 0 bus_irq 5 global_irq 5 high level)
[    0.157825] ACPI: INT_SRC_OVR (bus 0 bus_irq 9 global_irq 9 high level)
[    0.159398] ACPI: INT_SRC_OVR (bus 0 bus_irq 10 global_irq 10 high level)
[    0.160982] ACPI: INT_SRC_OVR (bus 0 bus_irq 11 global_irq 11 high level)
[    0.162574] ACPI: Using ACPI (MADT) for SMP configuration information
[    0.164072] ACPI: HPET id: 0x8086a201 base: 0xfed00000
[    0.165322] TSC deadline timer available
[    0.166244] smpboot: Allowing 2 CPUs, 0 hotplug CPUs
[    0.167701] kvm-guest: KVM setup pv remote TLB flush
[    0.168853] kvm-guest: setup PV sched yield
[    0.170062] PM: hibernation: Registered nosave memory: [mem 0x00000000-0x00000fff]
[    0.171854] PM: hibernation: Registered nosave memory: [mem 0x0009f000-0x0009ffff]
[    0.173636] PM: hibernation: Registered nosave memory: [mem 0x000a0000-0x000effff]
[    0.175385] PM: hibernation: Registered nosave memory: [mem 0x000f0000-0x000fffff]
[    0.177144] [mem 0x80000000-0xfeffbfff] available for PCI devices
[    0.178562] Booting paravirtualized kernel on KVM
[    0.179820] clocksource: refined-jiffies: mask: 0xffffffff max_cycles: 0xffffffff, max_idle_ns: 7645519600211568 ns
[    0.182296] setup_percpu: NR_CPUS:8192 nr_cpumask_bits:2 nr_cpu_ids:2 nr_node_ids:1
[    0.188746] percpu: Embedded 63 pages/cpu s221184 r8192 d28672 u1048576
[    0.190639] kvm-guest: setup async PF for cpu 0
[    0.191702] kvm-guest: stealtime: cpu 0, msr 7dc35080
[    0.192900] kvm-guest: PV spinlocks enabled
[    0.193899] PV qspinlock hash table entries: 256 (order: 0, 4096 bytes, linear)
[    0.195737] Fallback order for Node 0: 0 
[    0.196722] Built 1 zonelists, mobility grouping on.  Total pages: 515808
[    0.198317] Policy zone: DMA32
[    0.199060] Kernel command line: net.ifnames=0 console=ttyS0 root=/dev/sda earlyprintk=serial net.ifnames=0
[    0.206698] Dentry cache hash table entries: 262144 (order: 9, 2097152 bytes, linear)
[    0.210491] Inode-cache hash table entries: 131072 (order: 8, 1048576 bytes, linear)
[    0.212636] mem auto-init: stack:off, heap alloc:off, heap free:off
[    0.219655] Memory: 1985392K/2096632K available (32785K kernel code, 5312K rwdata, 7824K rodata, 3172K init, 22012K bss, 110984K reserved, 0K cma-reserved)
[    0.222960] random: get_random_u64 called from __kmem_cache_create+0x2f/0x4e0 with crng_init=0
[    0.224371] SLUB: HWalign=64, Order=0-3, MinObjects=0, CPUs=2, Nodes=1
[    0.227960] kmemleak: Kernel memory leak detector disabled
[    0.229430] ftrace: allocating 65503 entries in 256 pages
[    0.378724] ftrace: allocated 256 pages with 1 groups
[    0.385215] Dynamic Preempt: voluntary
[    0.386476] Running RCU self tests
[    0.387317] rcu: Preemptible hierarchical RCU implementation.
[    0.388644] rcu: 	RCU lockdep checking is enabled.
[    0.389743] rcu: 	RCU restricting CPUs from NR_CPUS=8192 to nr_cpu_ids=2.
[    0.391339] 	Trampoline variant of Tasks RCU enabled.
[    0.392516] 	Rude variant of Tasks RCU enabled.
[    0.393550] 	Tracing variant of Tasks RCU enabled.
[    0.394652] rcu: RCU calculated value of scheduler-enlistment delay is 25 jiffies.
[    0.396415] rcu: Adjusting geometry for rcu_fanout_leaf=16, nr_cpu_ids=2
[    0.430907] NR_IRQS: 524544, nr_irqs: 440, preallocated irqs: 16
[    0.453658] Console: colour VGA+ 80x25
[    0.454686] printk: console [ttyS0] enabled
[    0.454686] printk: console [ttyS0] enabled
[    0.456534] printk: bootconsole [earlyser0] disabled
[    0.456534] printk: bootconsole [earlyser0] disabled
[    0.458749] Lock dependency validator: Copyright (c) 2006 Red Hat, Inc., Ingo Molnar
[    0.460488] ... MAX_LOCKDEP_SUBCLASSES:  8
[    0.461413] ... MAX_LOCK_DEPTH:          48
[    0.462358] ... MAX_LOCKDEP_KEYS:        8192
[    0.463358] ... CLASSHASH_SIZE:          4096
[    0.464356] ... MAX_LOCKDEP_ENTRIES:     32768
[    0.465364] ... MAX_LOCKDEP_CHAINS:      65536
[    0.466356] ... CHAINHASH_SIZE:          32768
[    0.467371]  memory used by lock dependency info: 6365 kB
[    0.468578]  memory used for stack traces: 4224 kB
[    0.469642]  per task-struct memory footprint: 1920 bytes
[    0.470942] ACPI: Core revision 20210930
[    0.472301] clocksource: hpet: mask: 0xffffffff max_cycles: 0xffffffff, max_idle_ns: 19112604467 ns
[    0.474622] APIC: Switch to symmetric I/O mode setup
[    0.476367] x2apic enabled
[    0.477585] Switched APIC routing to physical x2apic.
[    0.478814] kvm-guest: setup PV IPIs
[    0.482301] ..TIMER: vector=0x30 apic1=0 pin1=2 apic2=-1 pin2=-1
[    0.483767] clocksource: tsc-early: mask: 0xffffffffffffffff max_cycles: 0x363e8c91135, max_idle_ns: 881590568389 ns
[    0.486124] Calibrating delay loop (skipped) preset value.. 3763.20 BogoMIPS (lpj=7526400)
[    0.490116] pid_max: default: 32768 minimum: 301
[    0.491271] LSM: Security Framework initializing
[    0.492349] Yama: becoming mindful.
[    0.494446] Mount-cache hash table entries: 4096 (order: 3, 32768 bytes, linear)
[    0.496152] Mountpoint-cache hash table entries: 4096 (order: 3, 32768 bytes, linear)
[    0.500481] CPU0: Thermal monitoring enabled (TM1)
[    0.504404] x86/cpu: User Mode Instruction Prevention (UMIP) activated
[    0.507980] Last level iTLB entries: 4KB 0, 2MB 0, 4MB 0
[    0.510200] Last level dTLB entries: 4KB 0, 2MB 0, 4MB 0, 1GB 0
[    0.511699] Spectre V1 : Mitigation: usercopy/swapgs barriers and __user pointer sanitization
[    0.514140] Spectre V2 : Mitigation: Enhanced IBRS
[    0.515186] Spectre V2 : Spectre v2 / SpectreRSB mitigation: Filling RSB on context switch
[    0.516997] Spectre V2 : mitigation: Enabling conditional Indirect Branch Prediction Barrier
[    0.518117] Speculative Store Bypass: Mitigation: Speculative Store Bypass disabled via prctl
[    0.595871] Freeing SMP alternatives memory: 56K
[    0.598791] smpboot: CPU0: Genuine Intel(R) 0000 (family: 0x6, model: 0xba, stepping: 0x2)
[    0.601787] Running RCU-tasks wait API self tests
[    0.706446] Performance Events: generic architected perfmon, full-width counters, Intel PMU driver.
[    0.708241] ... version:                2
[    0.709004] ... bit width:              48
[    0.709782] ... generic registers:      6
[    0.710116] ... value mask:             0000ffffffffffff
[    0.711125] ... max period:             00007fffffffffff
[    0.712108] ... fixed-purpose events:   3
[    0.712844] ... event mask:             000000070000003f
[    0.714162] Callback from call_rcu_tasks_trace() invoked.
[    0.715727] rcu: Hierarchical SRCU implementation.
[    0.722474] smp: Bringing up secondary CPUs ...
[    0.724698] x86: Booting SMP configuration:
[    0.725546] .... node  #0, CPUs:      #1
[    0.049323] kvm-clock: cpu 1, msr 5601041, secondary cpu clock
[    0.727203] kvm-guest: setup async PF for cpu 1
[    0.728201] kvm-guest: stealtime: cpu 1, msr 7dd35080
[    0.730223] smp: Brought up 1 node, 2 CPUs
[    0.731008] smpboot: Max logical packages: 1
[    0.731796] smpboot: Total of 2 processors activated (7526.40 BogoMIPS)
[    0.742344] devtmpfs: initialized
[    0.742781] x86/mm: Memory block size: 128MB
[    0.746956] clocksource: jiffies: mask: 0xffffffff max_cycles: 0xffffffff, max_idle_ns: 7645041785100000 ns
[    0.750152] futex hash table entries: 512 (order: 4, 65536 bytes, linear)
[    0.752165] pinctrl core: initialized pinctrl subsystem
[    0.754393] 
[    0.754720] *************************************************************
[    0.755944] **     NOTICE NOTICE NOTICE NOTICE NOTICE NOTICE NOTICE    **
[    0.757171] **                                                         **
[    0.758113] **  IOMMU DebugFS SUPPORT HAS BEEN ENABLED IN THIS KERNEL  **
[    0.759341] **                                                         **
[    0.760563] ** This means that this kernel is built to expose internal **
[    0.761794] ** IOMMU data structures, which may compromise security on **
[    0.762112] ** your system.                                            **
[    0.763346] **                                                         **
[    0.764596] ** If you see this message and you are not debugging the   **
[    0.765826] ** kernel, report this immediately to your vendor!         **
[    0.766112] **                                                         **
[    0.767355] **     NOTICE NOTICE NOTICE NOTICE NOTICE NOTICE NOTICE    **
[    0.768582] *************************************************************
[    0.769983] PM: RTC time: 04:39:40, date: 2023-03-21
[    0.772570] NET: Registered PF_NETLINK/PF_ROUTE protocol family
[    0.774846] DMA: preallocated 256 KiB GFP_KERNEL pool for atomic allocations
[    0.776244] DMA: preallocated 256 KiB GFP_KERNEL|GFP_DMA pool for atomic allocations
[    0.777722] DMA: preallocated 256 KiB GFP_KERNEL|GFP_DMA32 pool for atomic allocations
[    0.778243] audit: initializing netlink subsys (disabled)
[    0.779356] audit: type=2000 audit(1679373580.778:1): state=initialized audit_enabled=0 res=1
[    0.779856] thermal_sys: Registered thermal governor 'fair_share'
[    0.779906] thermal_sys: Registered thermal governor 'bang_bang'
[    0.781093] thermal_sys: Registered thermal governor 'step_wise'
[    0.782103] thermal_sys: Registered thermal governor 'user_space'
[    0.782103] cpuidle: using governor ladder
[    0.786941] cpuidle: using governor menu
[    0.788322] acpiphp: ACPI Hot Plug PCI Controller Driver version: 0.5
[    0.790389] PCI: Using configuration type 1 for base access
[    0.810339] Callback from call_rcu_tasks_rude() invoked.
[    0.814145] kprobes: kprobe jump-optimization is enabled. All kprobes are optimized if possible.
[    0.818398] HugeTLB registered 1.00 GiB page size, pre-allocated 0 pages
[    0.819534] HugeTLB registered 2.00 MiB page size, pre-allocated 0 pages
[    0.838551] ACPI: Added _OSI(Module Device)
[    0.839428] ACPI: Added _OSI(Processor Device)
[    0.840302] ACPI: Added _OSI(3.0 _SCP Extensions)
[    0.841207] ACPI: Added _OSI(Processor Aggregator Device)
[    0.842127] ACPI: Added _OSI(Linux-Dell-Video)
[    0.842990] ACPI: Added _OSI(Linux-Lenovo-NV-HDMI-Audio)
[    0.844024] ACPI: Added _OSI(Linux-HPI-Hybrid-Graphics)
[    0.854967] ACPI: 1 ACPI AML tables successfully acquired and loaded
[    0.862599] ACPI: Interpreter enabled
[    0.863523] ACPI: PM: (supports S0 S3 S4 S5)
[    0.864368] ACPI: Using IOAPIC for interrupt routing
[    0.865439] PCI: Using host bridge windows from ACPI; if necessary, use "pci=nocrs" and report a bug
[    0.867438] ACPI: Enabled 2 GPEs in block 00 to 0F
[    0.899551] ACPI: PCI Root Bridge [PCI0] (domain 0000 [bus 00-ff])
[    0.900855] acpi PNP0A03:00: _OSC: OS supports [ASPM ClockPM Segments MSI EDR HPX-Type3]
[    0.902125] acpi PNP0A03:00: _OSC: not requesting OS control; OS requires [ExtendedConfig ASPM ClockPM MSI]
[    0.904154] acpi PNP0A03:00: fail to add MMCONFIG information, can't access extended PCI configuration space under this bridge.
[    0.909944] acpiphp: Slot [3] registered
[    0.910274] acpiphp: Slot [4] registered
[    0.911185] acpiphp: Slot [5] registered
[    0.912095] acpiphp: Slot [6] registered
[    0.913009] acpiphp: Slot [7] registered
[    0.913964] acpiphp: Slot [8] registered
[    0.914189] Callback from call_rcu_tasks() invoked.
[    0.914370] acpiphp: Slot [9] registered
[    0.916194] acpiphp: Slot [10] registered
[    0.917139] acpiphp: Slot [11] registered
[    0.918095] acpiphp: Slot [12] registered
[    0.918278] acpiphp: Slot [13] registered
[    0.919210] acpiphp: Slot [14] registered
[    0.920156] acpiphp: Slot [15] registered
[    0.921078] acpiphp: Slot [16] registered
[    0.921995] acpiphp: Slot [17] registered
[    0.922267] acpiphp: Slot [18] registered
[    0.923212] acpiphp: Slot [19] registered
[    0.924138] acpiphp: Slot [20] registered
[    0.925061] acpiphp: Slot [21] registered
[    0.925984] acpiphp: Slot [22] registered
[    0.926302] acpiphp: Slot [23] registered
[    0.927229] acpiphp: Slot [24] registered
[    0.928146] acpiphp: Slot [25] registered
[    0.929068] acpiphp: Slot [26] registered
[    0.929993] acpiphp: Slot [27] registered
[    0.930281] acpiphp: Slot [28] registered
[    0.931223] acpiphp: Slot [29] registered
[    0.932157] acpiphp: Slot [30] registered
[    0.933094] acpiphp: Slot [31] registered
[    0.933982] PCI host bridge to bus 0000:00
[    0.934121] pci_bus 0000:00: root bus resource [io  0x0000-0x0cf7 window]
[    0.935466] pci_bus 0000:00: root bus resource [io  0x0d00-0xffff window]
[    0.936839] pci_bus 0000:00: root bus resource [mem 0x000a0000-0x000bffff window]
[    0.938120] pci_bus 0000:00: root bus resource [mem 0x80000000-0xfebfffff window]
[    0.939537] pci_bus 0000:00: root bus resource [mem 0x100000000-0x17fffffff window]
[    0.941027] pci_bus 0000:00: root bus resource [bus 00-ff]
[    0.942354] pci 0000:00:00.0: [8086:1237] type 00 class 0x060000
[    0.950139] pci 0000:00:01.0: [8086:7000] type 00 class 0x060100
[    0.952863] pci 0000:00:01.1: [8086:7010] type 00 class 0x010180
[    0.956870] pci 0000:00:01.1: reg 0x20: [io  0xc040-0xc04f]
[    0.959176] pci 0000:00:01.1: legacy IDE quirk: reg 0x10: [io  0x01f0-0x01f7]
[    0.960592] pci 0000:00:01.1: legacy IDE quirk: reg 0x14: [io  0x03f6]
[    0.961858] pci 0000:00:01.1: legacy IDE quirk: reg 0x18: [io  0x0170-0x0177]
[    0.962120] pci 0000:00:01.1: legacy IDE quirk: reg 0x1c: [io  0x0376]
[    0.964609] pci 0000:00:01.3: [8086:7113] type 00 class 0x068000
[    0.966609] pci 0000:00:01.3: quirk: [io  0x0600-0x063f] claimed by PIIX4 ACPI
[    0.968057] pci 0000:00:01.3: quirk: [io  0x0700-0x070f] claimed by PIIX4 SMB
[    0.970694] pci 0000:00:02.0: [1234:1111] type 00 class 0x030000
[    0.974971] pci 0000:00:02.0: reg 0x10: [mem 0xfd000000-0xfdffffff pref]
[    0.980333] pci 0000:00:02.0: reg 0x18: [mem 0xfebf0000-0xfebf0fff]
[    0.987066] pci 0000:00:02.0: reg 0x30: [mem 0xfebe0000-0xfebeffff pref]
[    0.997135] pci 0000:00:03.0: [8086:100e] type 00 class 0x020000
[    0.999274] pci 0000:00:03.0: reg 0x10: [mem 0xfebc0000-0xfebdffff]
[    1.001467] pci 0000:00:03.0: reg 0x14: [io  0xc000-0xc03f]
[    1.008232] pci 0000:00:03.0: reg 0x30: [mem 0xfeb80000-0xfebbffff pref]
[    1.038752] ACPI: PCI: Interrupt link LNKA configured for IRQ 10
[    1.040843] ACPI: PCI: Interrupt link LNKB configured for IRQ 10
[    1.042862] ACPI: PCI: Interrupt link LNKC configured for IRQ 11
[    1.044803] ACPI: PCI: Interrupt link LNKD configured for IRQ 11
[    1.046408] ACPI: PCI: Interrupt link LNKS configured for IRQ 9
[    1.050946] iommu: Default domain type: Translated 
[    1.051479] iommu: DMA domain TLB invalidation policy: lazy mode 
[    1.054620] pci 0000:00:02.0: vgaarb: setting as boot VGA device
[    1.055860] pci 0000:00:02.0: vgaarb: VGA device added: decodes=io+mem,owns=io+mem,locks=none
[    1.058137] pci 0000:00:02.0: vgaarb: bridge control possible
[    1.059625] vgaarb: loaded
[    1.063820] SCSI subsystem initialized
[    1.066706] ACPI: bus type USB registered
[    1.067724] usbcore: registered new interface driver usbfs
[    1.068971] usbcore: registered new interface driver hub
[    1.070208] usbcore: registered new device driver usb
[    1.071524] pps_core: LinuxPPS API ver. 1 registered
[    1.072522] pps_core: Software ver. 5.3.6 - Copyright 2005-2007 Rodolfo Giometti <giometti@linux.it>
[    1.074207] PTP clock support registered
[    1.075204] EDAC MC: Ver: 3.0.0
[    1.080150] NetLabel: Initializing
[    1.081088] NetLabel:  domain hash size = 128
[    1.082122] NetLabel:  protocols = UNLABELED CIPSOv4 CALIPSO
[    1.083831] NetLabel:  unlabeled traffic allowed by default
[    1.086356] PCI: Using ACPI for IRQ routing
[    1.087034] hpet0: at MMIO 0xfed00000, IRQs 2, 8, 0
[    1.090128] hpet0: 3 comparators, 64-bit 100.000000 MHz counter
[    1.095684] clocksource: Switched to clocksource kvm-clock
[    1.339754] VFS: Disk quotas dquot_6.6.0
[    1.340765] VFS: Dquot-cache hash table entries: 512 (order 0, 4096 bytes)
[    1.342957] pnp: PnP ACPI init
[    1.347296] pnp: PnP ACPI: found 6 devices
[    1.366423] clocksource: acpi_pm: mask: 0xffffff max_cycles: 0xffffff, max_idle_ns: 2085701024 ns
[    1.368859] NET: Registered PF_INET protocol family
[    1.370527] IP idents hash table entries: 32768 (order: 6, 262144 bytes, linear)
[    1.373830] tcp_listen_portaddr_hash hash table entries: 1024 (order: 4, 81920 bytes, linear)
[    1.375740] TCP established hash table entries: 16384 (order: 5, 131072 bytes, linear)
[    1.377818] TCP bind hash table entries: 16384 (order: 8, 1179648 bytes, linear)
[    1.381968] TCP: Hash tables configured (established 16384 bind 16384)
[    1.384045] UDP hash table entries: 1024 (order: 5, 163840 bytes, linear)
[    1.385666] UDP-Lite hash table entries: 1024 (order: 5, 163840 bytes, linear)
[    1.387738] NET: Registered PF_UNIX/PF_LOCAL protocol family
[    1.390403] RPC: Registered named UNIX socket transport module.
[    1.391616] RPC: Registered udp transport module.
[    1.392540] RPC: Registered tcp transport module.
[    1.393460] RPC: Registered tcp NFSv4.1 backchannel transport module.
[    1.395012] pci_bus 0000:00: resource 4 [io  0x0000-0x0cf7 window]
[    1.396246] pci_bus 0000:00: resource 5 [io  0x0d00-0xffff window]
[    1.397460] pci_bus 0000:00: resource 6 [mem 0x000a0000-0x000bffff window]
[    1.398904] pci_bus 0000:00: resource 7 [mem 0x80000000-0xfebfffff window]
[    1.400249] pci_bus 0000:00: resource 8 [mem 0x100000000-0x17fffffff window]
[    1.402220] pci 0000:00:01.0: PIIX3: Enabling Passive Release
[    1.403399] pci 0000:00:00.0: Limiting direct PCI/PCI transfers
[    1.404632] pci 0000:00:01.0: Activating ISA DMA hang workarounds
[    1.406034] pci 0000:00:02.0: Video device with shadowed ROM at [mem 0x000c0000-0x000dffff]
[    1.407838] PCI: CLS 0 bytes, default 64
[    1.409617] ACPI: bus type thunderbolt registered
[    1.411308] clocksource: tsc: mask: 0xffffffffffffffff max_cycles: 0x363e8c91135, max_idle_ns: 881590568389 ns
[    4.888622] Initialise system trusted keyrings
[    4.889757] Key type blacklist registered
[    4.891373] workingset: timestamp_bits=36 max_order=19 bucket_order=0
[    4.907109] zbud: loaded
[    4.910783] squashfs: version 4.0 (2009/01/31) Phillip Lougher
[    4.915288] NFS: Registering the id_resolver key type
[    4.916550] Key type id_resolver registered
[    4.917489] Key type id_legacy registered
[    4.918669] nfs4filelayout_init: NFSv4 File Layout Driver Registering...
[    4.920239] nfs4flexfilelayout_init: NFSv4 Flexfile Layout Driver Registering...
[    4.922600] fuse: init (API version 7.35)
[    4.924317] SGI XFS with ACLs, security attributes, realtime, quota, no debug enabled
[    4.929846] 9p: Installing v9fs 9p2000 file system support
[    4.944169] Key type asymmetric registered
[    4.945122] Asymmetric key parser 'x509' registered
[    4.946597] Block layer SCSI generic (bsg) driver version 0.4 loaded (major 243)
[    4.948859] io scheduler mq-deadline registered
[    4.950286] io scheduler bfq registered
[    4.953893] shpchp: Standard Hot Plug PCI Controller Driver version: 0.4
[    4.956258] IPMI message handler: version 39.2
[    4.957266] ipmi device interface
[    4.960734] input: Power Button as /devices/LNXSYSTM:00/LNXPWRBN:00/input/input0
[    4.963122] ACPI: button: Power Button [PWRF]
[    4.966029] ERST DBG: ERST support is disabled.
[    4.968229] Serial: 8250/16550 driver, 32 ports, IRQ sharing enabled
[    4.970829] 00:04: ttyS0 at I/O 0x3f8 (irq = 4, base_baud = 115200) is a 16550A
[    4.992114] Linux agpgart interface v0.103
[    4.994396] ACPI: bus type drm_connector registered
[    5.015604] brd: module loaded
[    5.029409] loop: module loaded
[    5.039756] scsi host0: ata_piix
[    5.042073] scsi host1: ata_piix
[    5.043278] ata1: PATA max MWDMA2 cmd 0x1f0 ctl 0x3f6 bmdma 0xc040 irq 14
[    5.044612] ata2: PATA max MWDMA2 cmd 0x170 ctl 0x376 bmdma 0xc048 irq 15
[    5.048020] libphy: Fixed MDIO Bus: probed
[    5.049368] tun: Universal TUN/TAP device driver, 1.6
[    5.051070] e100: Intel(R) PRO/100 Network Driver
[    5.052130] e100: Copyright(c) 1999-2006 Intel Corporation
[    5.053395] e1000: Intel(R) PRO/1000 Network Driver
[    5.054527] e1000: Copyright (c) 1999-2006 Intel Corporation.
[    5.207563] ata2.00: ATAPI: QEMU DVD-ROM, 2.5+, max UDMA/100
[    5.210047] ata1.00: ATA-7: QEMU HARDDISK, 2.5+, max UDMA/100
[    5.211227] ata1.00: 16777216 sectors, multi 16: LBA48 
[    5.212564] ata1.00: Read log 0x00 page 0x00 failed, Emask 0x1
[    5.216444] scsi 0:0:0:0: Direct-Access     ATA      QEMU HARDDISK    2.5+ PQ: 0 ANSI: 5
[    5.219840] scsi 0:0:0:0: Attached scsi generic sg0 type 0
[    5.222492] scsi 1:0:0:0: CD-ROM            QEMU     QEMU DVD-ROM     2.5+ PQ: 0 ANSI: 5
[    5.226070] scsi 1:0:0:0: Attached scsi generic sg1 type 5
[    5.228181] sd 0:0:0:0: [sda] 16777216 512-byte logical blocks: (8.59 GB/8.00 GiB)
[    5.229794] sd 0:0:0:0: [sda] Write Protect is off
[    5.230971] sd 0:0:0:0: [sda] Write cache: enabled, read cache: enabled, doesn't support DPO or FUA
[    5.266658] sd 0:0:0:0: [sda] Attached SCSI disk
[    5.320117] ACPI: \_SB_.LNKC: Enabled at IRQ 11
[    5.711461] e1000 0000:00:03.0 eth0: (PCI:33MHz:32-bit) 52:54:00:12:34:56
[    5.712971] e1000 0000:00:03.0 eth0: Intel(R) PRO/1000 Network Connection
[    5.714670] e1000e: Intel(R) PRO/1000 Network Driver
[    5.715709] e1000e: Copyright(c) 1999 - 2015 Intel Corporation.
[    5.717119] igb: Intel(R) Gigabit Ethernet Network Driver
[    5.718334] igb: Copyright (c) 2007-2014 Intel Corporation.
[    5.719700] PPP generic driver version 2.4.2
[    5.721543] VFIO - User Level meta-driver version: 0.3
[    5.722822] ehci_hcd: USB 2.0 'Enhanced' Host Controller (EHCI) Driver
[    5.724197] ehci-pci: EHCI PCI platform driver
[    5.725262] ehci-platform: EHCI generic platform driver
[    5.726488] ohci_hcd: USB 1.1 'Open' Host Controller (OHCI) Driver
[    5.727791] ohci-pci: OHCI PCI platform driver
[    5.728838] ohci-platform: OHCI generic platform driver
[    5.730020] uhci_hcd: USB Universal Host Controller Interface driver
[    5.732057] usbcore: registered new interface driver uas
[    5.733153] usbcore: registered new interface driver usb-storage
[    5.734549] i8042: PNP: PS/2 Controller [PNP0303:KBD,PNP0f13:MOU] at 0x60,0x64 irq 1,12
[    5.737422] serio: i8042 KBD port at 0x60,0x64 irq 1
[    5.738549] serio: i8042 AUX port at 0x60,0x64 irq 12
[    5.740885] mousedev: PS/2 mouse device common for all mice
[    5.743904] rtc_cmos 00:05: RTC can wake from S4
[    5.745198] input: AT Translated Set 2 keyboard as /devices/platform/i8042/serio0/input/input1
[    5.748518] rtc_cmos 00:05: registered as rtc0
[    5.749028] input: VirtualPS/2 VMware VMMouse as /devices/platform/i8042/serio1/input/input4
[    5.749729] rtc_cmos 00:05: setting system clock to 2023-03-21T04:39:45 UTC (1679373585)
[    5.752372] input: VirtualPS/2 VMware VMMouse as /devices/platform/i8042/serio1/input/input3
[    5.754831] rtc_cmos 00:05: alarms up to one day, y3k, 242 bytes nvram, hpet irqs
[    5.756386] i2c_dev: i2c /dev entries driver
[    5.757495] device-mapper: core: CONFIG_IMA_DISABLE_HTABLE is disabled. Duplicate IMA measurements will not be recorded in the IMA log.
[    5.760116] device-mapper: uevent: version 1.0.3
[    5.761519] device-mapper: ioctl: 4.45.0-ioctl (2021-03-22) initialised: dm-devel@redhat.com
[    5.763374] intel_pstate: CPU model not supported
[    5.764631] sdhci: Secure Digital Host Controller Interface driver
[    5.765876] sdhci: Copyright(c) Pierre Ossman
[    5.766946] sdhci-pltfm: SDHCI platform and OF driver helper
[    5.768270] ledtrig-cpu: registered to indicate activity on CPUs
[    5.770024] drop_monitor: Initializing network drop monitor service
[    5.772118] NET: Registered PF_INET6 protocol family
[    5.779941] Segment Routing with IPv6
[    5.780821] In-situ OAM (IOAM) with IPv6
[    5.781761] NET: Registered PF_PACKET protocol family
[    5.783537] 9pnet: Installing 9P2000 support
[    5.784496] Key type dns_resolver registered
[    5.786876] IPI shorthand broadcast: enabled
[    5.787875] sched_clock: Marking stable (5741230660, 45323273)->(5811716066, -25162133)
[    5.790652] registered taskstats version 1
[    5.791784] Loading compiled-in X.509 certificates
[    5.793383] zswap: loaded using pool lzo/zbud
[    5.796045] Key type ._fscrypt registered
[    5.796942] Key type .fscrypt registered
[    5.797784] Key type fscrypt-provisioning registered
[    5.801121] Key type encrypted registered
[    5.802272] ima: No TPM chip found, activating TPM-bypass!
[    5.803463] ima: Allocated hash algorithm: sha1
[    5.804540] ima: No architecture policies found
[    5.805716] evm: Initialising EVM extended attributes:
[    5.806924] evm: security.selinux
[    5.807683] evm: security.SMACK64
[    5.808419] evm: security.SMACK64EXEC
[    5.809228] evm: security.SMACK64TRANSMUTE
[    5.810193] evm: security.SMACK64MMAP
[    5.811016] evm: security.apparmor
[    5.811769] evm: security.ima
[    5.812444] evm: security.capability
[    5.813259] evm: HMAC attrs: 0x1
[    5.824397] PM:   Magic number: 15:114:667
[    5.826462] RAS: Correctable Errors collector initialized.
[    5.829549] md: Waiting for all devices to be available before autodetect
[    5.831161] md: If you don't use raid, use raid=noautodetect
[    5.832409] md: Autodetecting RAID arrays.
[    5.833363] md: autorun ...
[    5.834003] md: ... autorun DONE.
[    5.849862] EXT4-fs (sda): mounted filesystem with ordered data mode. Opts: (null). Quota mode: none.
[    5.852126] VFS: Mounted root (ext4 filesystem) readonly on device 8:0.
[    5.856295] devtmpfs: mounted
[    5.880533] Freeing unused decrypted memory: 2036K
[    5.886354] Freeing unused kernel image (initmem) memory: 3172K
[    5.887753] Write protecting the kernel read-only data: 43008k
[    5.894966] Freeing unused kernel image (text/rodata gap) memory: 2028K
[    5.897322] Freeing unused kernel image (rodata/data gap) memory: 368K
[    6.025450] x86/mm: Checked W+X mappings: passed, no W+X pages found.
[    6.027093] Run /sbin/init as init process
[    6.149751] random: fast init done
[    6.237210] systemd[1]: RTC configured in localtime, applying delta of 0 minutes to system time.
[    6.303972] systemd[1]: systemd 239 (239-49.el8) running in system mode. (+PAM +AUDIT +SELINUX +IMA -APPARMOR +SMACK +SYSVINIT +UTMP +LIBCRYPTSETUP +GCRYPT +GNUTLS +ACL +XZ +LZ4 +SECCOMP +BLKID +ELFUTILS +KMOD +IDN2 -IDN +PCRE2 default-hierarchy=legacy)
[    6.310769] systemd[1]: Detected virtualization kvm.
[    6.312200] systemd[1]: Detected architecture x86-64.

Welcome to [0;31mCentOS Stream 8[0m!

[    6.351199] systemd[1]: Set hostname to <test>.
[    6.662171] random: lvmconfig: uninitialized urandom read (4 bytes read)
[    6.909253] random: systemd: uninitialized urandom read (16 bytes read)
[    6.911716] systemd[1]: Listening on Journal Socket.
[[0;32m  OK  [0m] Listening on Journal Socket.
[    6.918454] random: systemd: uninitialized urandom read (16 bytes read)
[    6.933389] systemd[1]: Starting Load Kernel Modules...
         Starting Load Kernel Modules...
[    6.936960] systemd[1]: Listening on Device-mapper event daemon FIFOs.
[[0;32m  OK  [0m] Listening on Device-mapper event daemon FIFOs.
[    6.939995] systemd[1]: Reached target Swap.
[[0;32m  OK  [0m] Reached target Swap.
[    6.942412] systemd[1]: Listening on initctl Compatibility Named Pipe.
[[0;32m  OK  [0m] Listening on initctl Compatibility Named Pipe.
[    6.951510] systemd[1]: Mounting Kernel Debug File System...
         Mounting Kernel Debug File System...
         Starting Monitoring of LVM2 mirrorsâ€¦ng dmeventd or progress polling...
[[0;32m  OK  [0m] Started Forward Password Requests to Wall Directory Watch.
         Starting Setup Virtual Console...
[[0;32m  OK  [0m] Created slice system-getty.slice.
         Mounting Huge Pages File System...
[[0;32m  OK  [0m] Listening on Process Core Dump Socket.
[[0;32m  OK  [0m] Created slice system-sshd\x2dkeygen.slice.
[[0;32m  OK  [0m] Listening on Journal Socket (/dev/log).
         Starting Journal Service...
[[0;32m  OK  [0m] Listening on udev Kernel Socket.
[[0;32m  OK  [0m] Created slice User and Session Slice.
         Starting Remount Root and Kernel File Systems...
[[0;32m  OK  [0m] Reached target Slices.
[[0;32m  OK  [0m] Listening on RPCbind Server Activation Socket.
[[0;32m  OK  [0m] Reached target RPC Port Mapper.
[[0;32m  OK  [0m] Created slice system-serial\x2dgetty.slice.
[[0;32m  OK  [0m] Listening on LVM2 poll daemon socket.
[[0;32m  OK  [0m] Listening on multipathd control socket.
         Mounting POSIX Message Queue File System...
[[0;32m  OK  [0m] Set up automount Arbitrary Executabâ€¦rmats File System Automount Point.
[[0;32m  OK  [0m] Listening on udev Control Socket.
         Starting udev Coldplug all Devices...
[    7.710672] EXT4-fs (sda): re-mounted. Opts: (null). Quota mode: none.
[[0;1;31mFAILED[0m] Failed to start Load Kernel Modules.
See 'systemctl status systemd-modules-load.service' for details.
[[0;32m  OK  [0m] Started Journal Service.
[[0;32m  OK  [0m] Mounted Kernel Debug File System.
[[0;32m  OK  [0m] Started Monitoring of LVM2 mirrors,â€¦sing dmeventd or progress polling.
[[0;32m  OK  [0m] Started Setup Virtual Console.
[[0;32m  OK  [0m] Mounted Huge Pages File System.
[[0;32m  OK  [0m] Started Remount Root and Kernel File Systems.
[[0;32m  OK  [0m] Mounted POSIX Message Queue File System.
         Starting Load/Save Random Seed...
         Starting Create Static Device Nodes in /dev...
         Starting Flush Journal to Persistent Storage...
         Mounting Kernel Configuration File System...
         Mounting FUSE Control File System...
         Starting Apply Kernel Variables...
[[0;32m  OK  [0m] Started Load/Save Random Seed.
[[0;32m  OK  [0m] Started Create Static Device Nodes in /dev.
[[0;32m  OK  [0m] Mounted Kernel Configuration File System.
[[0;32m  OK  [0m] Mounted FUSE Control File System.
         Starting udev Kernel Device Manager...
[[0;32m  OK  [0m] Started Apply Kernel Variables.
[[0;32m  OK  [0m] Started Flush Journal to Persistent Storage.
[[0;32m  OK  [0m] Started udev Coldplug all Devices.
         Starting udev Wait for Complete Device Initialization...
[[0;32m  OK  [0m] Started udev Kernel Device Manager.
         Starting Show Plymouth Boot Screen...
[[0;32m  OK  [0m] Started Show Plymouth Boot Screen.
[[0;32m  OK  [0m] Reached target Local Encrypted Volumes.
[[0;32m  OK  [0m] Reached target Paths.
[[0;32m  OK  [0m] Started Forward Password Requests to Plymouth Directory Watch.
[[0;32m  OK  [0m] Found device /dev/ttyS0.
[[0;32m  OK  [0m] Listening on Load/Save RF Kill Switch Status /dev/rfkill Watch.
[[0;32m  OK  [0m] Started udev Wait for Complete Device Initialization.
[[0;32m  OK  [0m] Reached target Local File Systems (Pre).
[[0;32m  OK  [0m] Reached target Local File Systems.
         Starting Create Volatile Files and Directories...
         Starting Tell Plymouth To Write Out Runtime Data...
         Starting Restore /run/initramfs on shutdown...
[[0;32m  OK  [0m] Started Create Volatile Files and Directories.
[[0;32m  OK  [0m] Started Tell Plymouth To Write Out Runtime Data.
[[0;32m  OK  [0m] Started Restore /run/initramfs on shutdown.
         Mounting RPC Pipe File System...
         Starting Security Auditing Service...
         Starting RPC Bind...
[[0;32m  OK  [0m] Mounted RPC Pipe File System.
[[0;32m  OK  [0m] Reached target rpc_pipefs.target.
[[0;32m  OK  [0m] Started RPC Bind.
[   10.001674] random: crng init done
[   10.002453] random: 7 urandom warning(s) missed due to ratelimiting
[[0;32m  OK  [0m] Started Security Auditing Service.
         Starting Update UTMP about System Boot/Shutdown...
[[0;32m  OK  [0m] Started Update UTMP about System Boot/Shutdown.
[[0;32m  OK  [0m] Reached target System Initialization.
[[0;32m  OK  [0m] Started dnf makecache --timer.
[[0;32m  OK  [0m] Listening on SSSD Kerberos Cache Manager responder socket.
[[0;32m  OK  [0m] Started daily update of the root trust anchor for DNSSEC.
[[0;32m  OK  [0m] Started Daily Cleanup of Temporary Directories.
[[0;32m  OK  [0m] Reached target Timers.
[[0;32m  OK  [0m] Listening on D-Bus System Message Bus Socket.
[[0;32m  OK  [0m] Reached target Sockets.
[[0;32m  OK  [0m] Reached target Basic System.
         Starting Self Monitoring and Reporting Technology (SMART) Daemon...
[[0;32m  OK  [0m] Started Machine Check Exception Logging Daemon.
         Starting NTP client/server...
         Starting Login Service...
[[0;32m  OK  [0m] Started irqbalance daemon.
[[0;32m  OK  [0m] Reached target sshd-keygen.target.
         Starting Auto-connect to subsystemsâ€¦-NVME devices found during boot...
[[0;32m  OK  [0m] Started D-Bus System Message Bus.
         Starting Authorization Manager...
         Starting Network Manager...
[[0;32m  OK  [0m] Started Self Monitoring and Reporting Technology (SMART) Daemon.
[[0;32m  OK  [0m] Started Auto-connect to subsystems â€¦FC-NVME devices found during boot.
         Starting update of the root trust aâ€¦or DNSSEC validation in unbound...
[[0;32m  OK  [0m] Started Login Service.
[[0;32m  OK  [0m] Started NTP client/server.
[[0;32m  OK  [0m] Started update of the root trust anâ€¦ for DNSSEC validation in unbound.
[[0;32m  OK  [0m] Started Network Manager.
[[0;32m  OK  [0m] Reached target Network.
         Starting GSSAPI Proxy Daemon...
         Starting OpenSSH server daemon...
         Starting Dynamic System Tuning Daemon...
         Starting Network Manager Wait Online...
         Starting Hostname Service...
[[0;32m  OK  [0m] Started GSSAPI Proxy Daemon.
[[0;32m  OK  [0m] Started OpenSSH server daemon.
[[0;32m  OK  [0m] Reached target NFS client services.
[[0;32m  OK  [0m] Reached target Remote File Systems (Pre).
[[0;32m  OK  [0m] Reached target Remote File Systems.
         Starting Permit User Sessions...
[[0;32m  OK  [0m] Started Authorization Manager.
[[0;32m  OK  [0m] Started Permit User Sessions.
         Starting Hold until boot process finishes up...
         Starting Terminate Plymouth Boot Screen...
[[0;32m  OK  [0m] Started Command Scheduler.
[[0;32m  OK  [0m] Started Hold until boot process finishes up.
[[0;32m  OK  [0m] Started Terminate Plymouth Boot Screen.
[   11.544993] e1000: eth0 NIC Link is Up 1000 Mbps Full Duplex, Flow Control: RX
[   11.548286] IPv6: ADDRCONF(NETDEV_CHANGE): eth0: link becomes ready

CentOS Stream 8
Kernel 5.16.0-rc5-7b7820b83f23+ on an x86_64

test login: [   30.401296] loop0: detected capacity change from 0 to 32768
[   30.459408] XFS (loop0): Mounting V5 Filesystem
[   30.474626] loop4: detected capacity change from 0 to 32768
[   30.475505] loop3: detected capacity change from 0 to 32768
[   30.490634] XFS (loop3): Mounting V5 Filesystem
[   30.499505] loop7: detected capacity change from 0 to 32768
[   30.506828] loop6: detected capacity change from 0 to 32768
[   30.543531] XFS (loop3): Starting recovery (logdev: internal)
[   30.567597] XFS (loop6): Mounting V5 Filesystem
[   30.569755] XFS (loop7): Mounting V5 Filesystem
[   30.580609] XFS (loop0): Starting recovery (logdev: internal)
[   30.583657] loop1: detected capacity change from 0 to 32768
[   30.584702] XFS (loop3): Ending recovery (logdev: internal)
[   30.592386] loop2: detected capacity change from 0 to 32768
[   30.622734] XFS (loop0): Ending recovery (logdev: internal)
[   30.627321] XFS (loop4): Mounting V5 Filesystem
[   30.638372] XFS (loop1): Mounting V5 Filesystem
[   30.639311] XFS (loop3): Metadata CRC error detected at xfs_agf_read_verify+0x102/0x130, xfs_agf block 0x1 
[   30.641883] XFS (loop3): Unmount and run xfs_repair
[   30.643071] XFS (loop3): First 128 bytes of corrupted metadata buffer:
[   30.644522] 00000000: 58 41 47 46 00 00 00 01 00 00 00 00 00 00 10 00  XAGF............
[   30.646383] 00000010: 00 00 00 01 00 00 00 02 00 00 00 00 00 00 00 01  ................
[   30.648145] 00000020: 00 00 00 01 00 00 00 00 00 00 00 01 00 00 00 04  ................
[   30.649924] 00000030: 00 00 00 04 00 00 0a 58 00 00 0a 50 00 00 00 00  .......X...P....
[   30.651726] 00000040: 9f 1c ad 42 11 bd 4e 12 8f 0b f0 78 76 b8 1d 9a  ...B..N....xv...
[   30.653412] 00000050: 00 00 00 00 00 00 00 01 00 00 00 05 00 00 00 08  ................
[   30.655118] 00000060: 00 00 00 00 00 00 00 00 00 00 00 00 00 00 00 00  ................
[   30.656799] 00000070: 00 00 00 00 00 00 00 00 00 00 00 00 00 00 00 00  ................
[   30.661779] XFS (loop6): Starting recovery (logdev: internal)
[   30.670077] XFS (loop3): metadata I/O error in "xfs_read_agf+0xcb/0x280" at daddr 0x1 len 1 error 74
[   30.670845] loop5: detected capacity change from 0 to 32768
[   30.672294] XFS (loop3): Error -117 recovering leftover CoW allocations.
[   30.676621] XFS (loop0): Metadata CRC error detected at xfs_agf_read_verify+0x102/0x130, xfs_agf block 0x1 
[   30.679386] XFS (loop0): Unmount and run xfs_repair
[   30.680570] XFS (loop0): First 128 bytes of corrupted metadata buffer:
[   30.682160] 00000000: 58 41 47 46 00 00 00 01 00 00 00 00 00 00 10 00  XAGF............
[   30.684020] 00000010: 00 00 00 01 00 00 00 02 00 00 00 00 00 00 00 01  ................
[   30.685836] 00000020: 00 00 00 01 00 00 00 00 00 00 00 01 00 00 00 04  ................
[   30.687762] 00000030: 00 00 00 04 00 00 0a 58 00 00 0a 50 00 00 00 00  .......X...P....
[   30.689613] 00000040: 9f 1c ad 42 11 bd 4e 12 8f 0b f0 78 76 b8 1d 9a  ...B..N....xv...
[   30.691508] 00000050: 00 00 00 00 00 00 00 01 00 00 00 05 00 00 00 08  ................
[   30.693374] 00000060: 00 00 00 00 00 00 00 00 00 00 00 00 00 00 00 00  ................
[   30.695255] 00000070: 00 00 00 00 00 00 00 00 00 00 00 00 00 00 00 00  ................
[   30.697996] XFS (loop0): metadata I/O error in "xfs_read_agf+0xcb/0x280" at daddr 0x1 len 1 error 74
[   30.700234] XFS (loop0): Error -117 recovering leftover CoW allocations.
[   30.701996] XFS (loop0): Corruption of in-memory data (0x8) detected at xfs_mountfs+0xb5e/0xc90 (fs/xfs/xfs_mount.c:944).  Shutting down filesystem.
[   30.705158] XFS (loop0): Please unmount the filesystem and rectify the problem(s)
[   30.741862] XFS (loop2): Mounting V5 Filesystem
[   30.748186] XFS (loop3): Corruption of in-memory data (0x8) detected at xfs_mountfs+0xb5e/0xc90 (fs/xfs/xfs_mount.c:944).  Shutting down filesystem.
[   30.751025] XFS (loop3): Please unmount the filesystem and rectify the problem(s)
[   30.765735] XFS (loop7): Starting recovery (logdev: internal)
[   30.792547] XFS (loop4): Starting recovery (logdev: internal)
[   30.795101] XFS (loop5): Mounting V5 Filesystem
[   30.806588] XFS (loop4): Ending recovery (logdev: internal)
[   30.808255] XFS (loop4): Metadata CRC error detected at xfs_agf_read_verify+0x102/0x130, xfs_agf block 0x1 
[   30.811047] XFS (loop4): Unmount and run xfs_repair
[   30.812307] XFS (loop4): First 128 bytes of corrupted metadata buffer:
[   30.813890] 00000000: 58 41 47 46 00 00 00 01 00 00 00 00 00 00 10 00  XAGF............
[   30.815881] 00000010: 00 00 00 01 00 00 00 02 00 00 00 00 00 00 00 01  ................
[   30.817921] 00000020: 00 00 00 01 00 00 00 00 00 00 00 01 00 00 00 04  ................
[   30.820066] 00000030: 00 00 00 04 00 00 0a 58 00 00 0a 50 00 00 00 00  .......X...P....
[   30.822178] 00000040: 9f 1c ad 42 11 bd 4e 12 8f 0b f0 78 76 b8 1d 9a  ...B..N....xv...
[   30.824321] 00000050: 00 00 00 00 00 00 00 01 00 00 00 05 00 00 00 08  ................
[   30.826422] 00000060: 00 00 00 00 00 00 00 00 00 00 00 00 00 00 00 00  ................
[   30.828110] XFS (loop6): Ending recovery (logdev: internal)
[   30.828421] 00000070: 00 00 00 00 00 00 00 00 00 00 00 00 00 00 00 00  ................
[   30.830090] XFS (loop4): metadata I/O error in "xfs_read_agf+0xcb/0x280" at daddr 0x1 len 1 error 74
[   30.833734] XFS (loop4): Error -117 recovering leftover CoW allocations.
[   30.841811] XFS (loop6): Metadata CRC error detected at xfs_agf_read_verify+0x102/0x130, xfs_agf block 0x1 
[   30.844078] XFS (loop6): Unmount and run xfs_repair
[   30.845110] XFS (loop6): First 128 bytes of corrupted metadata buffer:
[   30.846536] 00000000: 58 41 47 46 00 00 00 01 00 00 00 00 00 00 10 00  XAGF............
[   30.848178] 00000010: 00 00 00 01 00 00 00 02 00 00 00 00 00 00 00 01  ................
[   30.849013] XFS (loop2): Starting recovery (logdev: internal)
[   30.849824] 00000020: 00 00 00 01 00 00 00 00 00 00 00 01 00 00 00 04  ................
[   30.852953] 00000030: 00 00 00 04 00 00 0a 58 00 00 0a 50 00 00 00 00  .......X...P....
[   30.854654] 00000040: 9f 1c ad 42 11 bd 4e 12 8f 0b f0 78 76 b8 1d 9a  ...B..N....xv...
[   30.856334] 00000050: 00 00 00 00 00 00 00 01 00 00 00 05 00 00 00 08  ................
[   30.858007] 00000060: 00 00 00 00 00 00 00 00 00 00 00 00 00 00 00 00  ................
[   30.859764] 00000070: 00 00 00 00 00 00 00 00 00 00 00 00 00 00 00 00  ................
[   30.864040] XFS (loop5): Starting recovery (logdev: internal)
[   30.864386] XFS (loop6): metadata I/O error in "xfs_read_agf+0xcb/0x280" at daddr 0x1 len 1 error 74
[   30.867505] XFS (loop6): Error -117 recovering leftover CoW allocations.
[   30.875342] XFS (loop4): Corruption of in-memory data (0x8) detected at xfs_mountfs+0xb5e/0xc90 (fs/xfs/xfs_mount.c:944).  Shutting down filesystem.
[   30.878649] XFS (loop4): Please unmount the filesystem and rectify the problem(s)
[   30.879552] XFS (loop1): Starting recovery (logdev: internal)
[   30.884564] XFS (loop6): Corruption of in-memory data (0x8) detected at xfs_mountfs+0xb5e/0xc90 (fs/xfs/xfs_mount.c:944).  Shutting down filesystem.
[   30.887353] XFS (loop6): Please unmount the filesystem and rectify the problem(s)
[   30.991135] XFS (loop2): Ending recovery (logdev: internal)
[   30.993543] XFS (loop5): Ending recovery (logdev: internal)
[   31.000177] XFS (loop2): Metadata CRC error detected at xfs_agf_read_verify+0x102/0x130, xfs_agf block 0x1 
[   31.002523] XFS (loop2): Unmount and run xfs_repair
[   31.003560] XFS (loop2): First 128 bytes of corrupted metadata buffer:
[   31.004892] 00000000: 58 41 47 46 00 00 00 01 00 00 00 00 00 00 10 00  XAGF............
[   31.006622] 00000010: 00 00 00 01 00 00 00 02 00 00 00 00 00 00 00 01  ................
[   31.008255] 00000020: 00 00 00 01 00 00 00 00 00 00 00 01 00 00 00 04  ................
[   31.009846] 00000030: 00 00 00 04 00 00 0a 58 00 00 0a 50 00 00 00 00  .......X...P....
[   31.011520] 00000040: 9f 1c ad 42 11 bd 4e 12 8f 0b f0 78 76 b8 1d 9a  ...B..N....xv...
[   31.013144] 00000050: 00 00 00 00 00 00 00 01 00 00 00 05 00 00 00 08  ................
[   31.014824] 00000060: 00 00 00 00 00 00 00 00 00 00 00 00 00 00 00 00  ................
[   31.016430] 00000070: 00 00 00 00 00 00 00 00 00 00 00 00 00 00 00 00  ................
[   31.021663] XFS (loop2): metadata I/O error in "xfs_read_agf+0xcb/0x280" at daddr 0x1 len 1 error 74
[   31.023790] XFS (loop2): Error -117 recovering leftover CoW allocations.
[   31.027869] XFS (loop2): Corruption of in-memory data (0x8) detected at xfs_mountfs+0xb5e/0xc90 (fs/xfs/xfs_mount.c:944).  Shutting down filesystem.
[   31.030666] XFS (loop2): Please unmount the filesystem and rectify the problem(s)
[   31.049571] XFS (loop1): Ending recovery (logdev: internal)
[   31.065242] XFS (loop7): Ending recovery (logdev: internal)
[   31.066995] XFS (loop5): Metadata CRC error detected at xfs_agf_read_verify+0x102/0x130, xfs_agf block 0x1 
[   31.069242] XFS (loop5): Unmount and run xfs_repair
[   31.070398] XFS (loop5): First 128 bytes of corrupted metadata buffer:
[   31.071757] 00000000: 58 41 47 46 00 00 00 01 00 00 00 00 00 00 10 00  XAGF............
[   31.073423] 00000010: 00 00 00 01 00 00 00 02 00 00 00 00 00 00 00 01  ................
[   31.075552] 00000020: 00 00 00 01 00 00 00 00 00 00 00 01 00 00 00 04  ................
[   31.077232] 00000030: 00 00 00 04 00 00 0a 58 00 00 0a 50 00 00 00 00  .......X...P....
[   31.078990] 00000040: 9f 1c ad 42 11 bd 4e 12 8f 0b f0 78 76 b8 1d 9a  ...B..N....xv...
[   31.080668] 00000050: 00 00 00 00 00 00 00 01 00 00 00 05 00 00 00 08  ................
[   31.082402] 00000060: 00 00 00 00 00 00 00 00 00 00 00 00 00 00 00 00  ................
[   31.084056] 00000070: 00 00 00 00 00 00 00 00 00 00 00 00 00 00 00 00  ................
[   31.089107] XFS (loop5): metadata I/O error in "xfs_read_agf+0xcb/0x280" at daddr 0x1 len 1 error 74
[   31.091241] XFS (loop5): Error -117 recovering leftover CoW allocations.
[   31.093122] XFS (loop5): Corruption of in-memory data (0x8) detected at xfs_mountfs+0xb5e/0xc90 (fs/xfs/xfs_mount.c:944).  Shutting down filesystem.
[   31.096043] XFS (loop5): Please unmount the filesystem and rectify the problem(s)
[   31.106504] XFS (loop1): Metadata CRC error detected at xfs_agf_read_verify+0x102/0x130, xfs_agf block 0x1 
[   31.108728] XFS (loop1): Unmount and run xfs_repair
[   31.109756] XFS (loop1): First 128 bytes of corrupted metadata buffer:
[   31.111267] 00000000: 58 41 47 46 00 00 00 01 00 00 00 00 00 00 10 00  XAGF............
[   31.112933] 00000010: 00 00 00 01 00 00 00 02 00 00 00 00 00 00 00 01  ................
[   31.114683] 00000020: 00 00 00 01 00 00 00 00 00 00 00 01 00 00 00 04  ................
[   31.116363] 00000030: 00 00 00 04 00 00 0a 58 00 00 0a 50 00 00 00 00  .......X...P....
[   31.118011] 00000040: 9f 1c ad 42 11 bd 4e 12 8f 0b f0 78 76 b8 1d 9a  ...B..N....xv...
[   31.119715] 00000050: 00 00 00 00 00 00 00 01 00 00 00 05 00 00 00 08  ................
[   31.121387] 00000060: 00 00 00 00 00 00 00 00 00 00 00 00 00 00 00 00  ................
[   31.123102] 00000070: 00 00 00 00 00 00 00 00 00 00 00 00 00 00 00 00  ................
[   31.127273] XFS (loop1): metadata I/O error in "xfs_read_agf+0xcb/0x280" at daddr 0x1 len 1 error 74
[   31.129279] XFS (loop1): Error -117 recovering leftover CoW allocations.
[   31.135073] XFS (loop1): Corruption of in-memory data (0x8) detected at xfs_mountfs+0xb5e/0xc90 (fs/xfs/xfs_mount.c:944).  Shutting down filesystem.
[   31.137930] XFS (loop1): Please unmount the filesystem and rectify the problem(s)
[   31.140402] XFS (loop7): Metadata CRC error detected at xfs_agf_read_verify+0x102/0x130, xfs_agf block 0x1 
[   31.142713] XFS (loop7): Unmount and run xfs_repair
[   31.143769] XFS (loop7): First 128 bytes of corrupted metadata buffer:
[   31.145143] 00000000: 58 41 47 46 00 00 00 01 00 00 00 00 00 00 10 00  XAGF............
[   31.146974] 00000010: 00 00 00 01 00 00 00 02 00 00 00 00 00 00 00 01  ................
[   31.148689] 00000020: 00 00 00 01 00 00 00 00 00 00 00 01 00 00 00 04  ................
[   31.150502] 00000030: 00 00 00 04 00 00 0a 58 00 00 0a 50 00 00 00 00  .......X...P....
[   31.152207] 00000040: 9f 1c ad 42 11 bd 4e 12 8f 0b f0 78 76 b8 1d 9a  ...B..N....xv...
[   31.153934] 00000050: 00 00 00 00 00 00 00 01 00 00 00 05 00 00 00 08  ................
[   31.155696] 00000060: 00 00 00 00 00 00 00 00 00 00 00 00 00 00 00 00  ................
[   31.157351] 00000070: 00 00 00 00 00 00 00 00 00 00 00 00 00 00 00 00  ................
[   31.161911] XFS (loop7): metadata I/O error in "xfs_read_agf+0xcb/0x280" at daddr 0x1 len 1 error 74
[   31.164106] XFS (loop7): Error -117 recovering leftover CoW allocations.
[   31.172205] XFS (loop7): Corruption of in-memory data (0x8) detected at xfs_mountfs+0xb5e/0xc90 (fs/xfs/xfs_mount.c:944).  Shutting down filesystem.
[   31.175216] XFS (loop7): Please unmount the filesystem and rectify the problem(s)
[   31.557206] loop0: detected capacity change from 0 to 32768
[   31.593593] loop4: detected capacity change from 0 to 32768
[   31.595247] loop3: detected capacity change from 0 to 32768
[   31.624933] XFS (loop0): Mounting V5 Filesystem
[   31.680919] XFS (loop4): Mounting V5 Filesystem
[   31.697224] XFS (loop0): Starting recovery (logdev: internal)
[   31.700939] XFS (loop0): Ending recovery (logdev: internal)
[   31.709884] XFS (loop0): Metadata CRC error detected at xfs_agf_read_verify+0x102/0x130, xfs_agf block 0x1 
[   31.712520] XFS (loop0): Unmount and run xfs_repair
[   31.713717] XFS (loop0): First 128 bytes of corrupted metadata buffer:
[   31.715712] 00000000: 58 41 47 46 00 00 00 01 00 00 00 00 00 00 10 00  XAGF............
[   31.717600] 00000010: 00 00 00 01 00 00 00 02 00 00 00 00 00 00 00 01  ................
[   31.719586] 00000020: 00 00 00 01 00 00 00 00 00 00 00 01 00 00 00 04  ................
[   31.721503] 00000030: 00 00 00 04 00 00 0a 58 00 00 0a 50 00 00 00 00  .......X...P....
[   31.723508] 00000040: 9f 1c ad 42 11 bd 4e 12 8f 0b f0 78 76 b8 1d 9a  ...B..N....xv...
[   31.725505] 00000050: 00 00 00 00 00 00 00 01 00 00 00 05 00 00 00 08  ................
[   31.727545] 00000060: 00 00 00 00 00 00 00 00 00 00 00 00 00 00 00 00  ................
[   31.729494] 00000070: 00 00 00 00 00 00 00 00 00 00 00 00 00 00 00 00  ................
[   31.732446] XFS (loop0): metadata I/O error in "xfs_read_agf+0xcb/0x280" at daddr 0x1 len 1 error 74
[   31.734919] XFS (loop0): Error -117 recovering leftover CoW allocations.
[   31.745608] XFS (loop0): Corruption of in-memory data (0x8) detected at xfs_mountfs+0xb5e/0xc90 (fs/xfs/xfs_mount.c:944).  Shutting down filesystem.
[   31.748945] XFS (loop0): Please unmount the filesystem and rectify the problem(s)
[   31.765186] XFS (loop4): Starting recovery (logdev: internal)
[   31.768313] XFS (loop3): Mounting V5 Filesystem
[   31.770723] XFS (loop4): Ending recovery (logdev: internal)
[   31.772415] XFS (loop4): Metadata CRC error detected at xfs_agf_read_verify+0x102/0x130, xfs_agf block 0x1 
[   31.774969] XFS (loop4): Unmount and run xfs_repair
[   31.776153] XFS (loop4): First 128 bytes of corrupted metadata buffer:
[   31.777689] 00000000: 58 41 47 46 00 00 00 01 00 00 00 00 00 00 10 00  XAGF............
[   31.779577] 00000010: 00 00 00 01 00 00 00 02 00 00 00 00 00 00 00 01  ................
[   31.781481] 00000020: 00 00 00 01 00 00 00 00 00 00 00 01 00 00 00 04  ................
[   31.783468] 00000030: 00 00 00 04 00 00 0a 58 00 00 0a 50 00 00 00 00  .......X...P....
[   31.785385] 00000040: 9f 1c ad 42 11 bd 4e 12 8f 0b f0 78 76 b8 1d 9a  ...B..N....xv...
[   31.787372] 00000050: 00 00 00 00 00 00 00 01 00 00 00 05 00 00 00 08  ................
[   31.789296] 00000060: 00 00 00 00 00 00 00 00 00 00 00 00 00 00 00 00  ................
[   31.791325] 00000070: 00 00 00 00 00 00 00 00 00 00 00 00 00 00 00 00  ................
[   31.793331] XFS (loop4): metadata I/O error in "xfs_read_agf+0xcb/0x280" at daddr 0x1 len 1 error 74
[   31.795651] XFS (loop4): Error -117 recovering leftover CoW allocations.
[   31.797322] XFS (loop4): Corruption of in-memory data (0x8) detected at xfs_mountfs+0xb5e/0xc90 (fs/xfs/xfs_mount.c:944).  Shutting down filesystem.
[   31.800529] XFS (loop4): Please unmount the filesystem and rectify the problem(s)
[   31.873006] loop2: detected capacity change from 0 to 32768
[   31.888288] XFS (loop3): Starting recovery (logdev: internal)
[   31.915210] XFS (loop3): Ending recovery (logdev: internal)
[   31.916734] XFS (loop3): Metadata CRC error detected at xfs_agf_read_verify+0x102/0x130, xfs_agf block 0x1 
[   31.919017] XFS (loop3): Unmount and run xfs_repair
[   31.920099] XFS (loop3): First 128 bytes of corrupted metadata buffer:
[   31.921534] 00000000: 58 41 47 46 00 00 00 01 00 00 00 00 00 00 10 00  XAGF............
[   31.923331] 00000010: 00 00 00 01 00 00 00 02 00 00 00 00 00 00 00 01  ................
[   31.923335] loop6: detected capacity change from 0 to 32768
[   31.926350] 00000020: 00 00 00 01 00 00 00 00 00 00 00 01 00 00 00 04  ................
[   31.928190] 00000030: 00 00 00 04 00 00 0a 58 00 00 0a 50 00 00 00 00  .......X...P....
[   31.930005] 00000040: 9f 1c ad 42 11 bd 4e 12 8f 0b f0 78 76 b8 1d 9a  ...B..N....xv...
[   31.931849] 00000050: 00 00 00 00 00 00 00 01 00 00 00 05 00 00 00 08  ................
[   31.933619] 00000060: 00 00 00 00 00 00 00 00 00 00 00 00 00 00 00 00  ................
[   31.935445] 00000070: 00 00 00 00 00 00 00 00 00 00 00 00 00 00 00 00  ................
[   31.940839] XFS (loop3): metadata I/O error in "xfs_read_agf+0xcb/0x280" at daddr 0x1 len 1 error 74
[   31.943065] XFS (loop3): Error -117 recovering leftover CoW allocations.
[   31.975118] loop1: detected capacity change from 0 to 32768
[   31.977078] XFS (loop3): Corruption of in-memory data (0x8) detected at xfs_mountfs+0xb5e/0xc90 (fs/xfs/xfs_mount.c:944).  Shutting down filesystem.
[   31.980140] XFS (loop3): Please unmount the filesystem and rectify the problem(s)
[   31.996497] loop7: detected capacity change from 0 to 32768
[   32.060491] loop5: detected capacity change from 0 to 32768
[   32.112284] XFS (loop2): Mounting V5 Filesystem
[   32.113601] XFS (loop6): Mounting V5 Filesystem
[   32.114921] XFS (loop1): Mounting V5 Filesystem
[   32.116158] XFS (loop7): Mounting V5 Filesystem
[   32.134921] XFS (loop5): Mounting V5 Filesystem
[   32.182407] XFS (loop7): Starting recovery (logdev: internal)
[   32.191504] XFS (loop7): Ending recovery (logdev: internal)
[   32.193222] XFS (loop7): Metadata CRC error detected at xfs_agf_read_verify+0x102/0x130, xfs_agf block 0x1 
[   32.193551] loop0: detected capacity change from 0 to 32768
[   32.195711] XFS (loop7): Unmount and run xfs_repair
[   32.198143] XFS (loop7): First 128 bytes of corrupted metadata buffer:
[   32.199627] 00000000: 58 41 47 46 00 00 00 01 00 00 00 00 00 00 10 00  XAGF............
[   32.201435] 00000010: 00 00 00 01 00 00 00 02 00 00 00 00 00 00 00 01  ................
[   32.203285] 00000020: 00 00 00 01 00 00 00 00 00 00 00 01 00 00 00 04  ................
[   32.205086] 00000030: 00 00 00 04 00 00 0a 58 00 00 0a 50 00 00 00 00  .......X...P....
[   32.206895] 00000040: 9f 1c ad 42 11 bd 4e 12 8f 0b f0 78 76 b8 1d 9a  ...B..N....xv...
[   32.208605] 00000050: 00 00 00 00 00 00 00 01 00 00 00 05 00 00 00 08  ................
[   32.210354] 00000060: 00 00 00 00 00 00 00 00 00 00 00 00 00 00 00 00  ................
[   32.212111] 00000070: 00 00 00 00 00 00 00 00 00 00 00 00 00 00 00 00  ................
[   32.238141] XFS (loop1): Starting recovery (logdev: internal)
[   32.245083] XFS (loop7): metadata I/O error in "xfs_read_agf+0xcb/0x280" at daddr 0x1 len 1 error 74
[   32.247210] XFS (loop7): Error -117 recovering leftover CoW allocations.
[   32.270949] XFS (loop7): Corruption of in-memory data (0x8) detected at xfs_mountfs+0xb5e/0xc90 (fs/xfs/xfs_mount.c:944).  Shutting down filesystem.
[   32.273907] XFS (loop7): Please unmount the filesystem and rectify the problem(s)
[   32.297427] XFS (loop2): Starting recovery (logdev: internal)
[   32.300524] XFS (loop2): Ending recovery (logdev: internal)
[   32.301905] XFS (loop6): Starting recovery (logdev: internal)
[   32.303433] XFS (loop2): Metadata CRC error detected at xfs_agf_read_verify+0x102/0x130, xfs_agf block 0x1 
[   32.305667] XFS (loop2): Unmount and run xfs_repair
[   32.306826] XFS (loop2): First 128 bytes of corrupted metadata buffer:
[   32.308284] 00000000: 58 41 47 46 00 00 00 01 00 00 00 00 00 00 10 00  XAGF............
[   32.310077] 00000010: 00 00 00 01 00 00 00 02 00 00 00 00 00 00 00 01  ................
[   32.311935] 00000020: 00 00 00 01 00 00 00 00 00 00 00 01 00 00 00 04  ................
[   32.313721] 00000030: 00 00 00 04 00 00 0a 58 00 00 0a 50 00 00 00 00  .......X...P....
[   32.315599] 00000040: 9f 1c ad 42 11 bd 4e 12 8f 0b f0 78 76 b8 1d 9a  ...B..N....xv...
[   32.317374] 00000050: 00 00 00 00 00 00 00 01 00 00 00 05 00 00 00 08  ................
[   32.317742] XFS (loop1): Ending recovery (logdev: internal)
[   32.319199] 00000060: 00 00 00 00 00 00 00 00 00 00 00 00 00 00 00 00  ................
[   32.319223] 00000070: 00 00 00 00 00 00 00 00 00 00 00 00 00 00 00 00  ................
[   32.320284] XFS (loop2): metadata I/O error in "xfs_read_agf+0xcb/0x280" at daddr 0x1 len 1 error 74
[   32.323002] XFS (loop1): Metadata CRC error detected at xfs_agf_read_verify+0x102/0x130, xfs_agf block 0x1 
[   32.324052] XFS (loop2): Error -117 recovering leftover CoW allocations.
[   32.327799] XFS (loop2): Corruption of in-memory data (0x8) detected at xfs_mountfs+0xb5e/0xc90 (fs/xfs/xfs_mount.c:944).  Shutting down filesystem.
[   32.328113] XFS (loop1): Unmount and run xfs_repair
[   32.329571] XFS (loop2): Please unmount the filesystem and rectify the problem(s)
[   32.332393] XFS (loop1): First 128 bytes of corrupted metadata buffer:
[   32.336525] 00000000: 58 41 47 46 00 00 00 01 00 00 00 00 00 00 10 00  XAGF............
[   32.338403] 00000010: 00 00 00 01 00 00 00 02 00 00 00 00 00 00 00 01  ................
[   32.340248] 00000020: 00 00 00 01 00 00 00 00 00 00 00 01 00 00 00 04  ................
[   32.342042] 00000030: 00 00 00 04 00 00 0a 58 00 00 0a 50 00 00 00 00  .......X...P....
[   32.343954] 00000040: 9f 1c ad 42 11 bd 4e 12 8f 0b f0 78 76 b8 1d 9a  ...B..N....xv...
[   32.345817] 00000050: 00 00 00 00 00 00 00 01 00 00 00 05 00 00 00 08  ................
[   32.347719] 00000060: 00 00 00 00 00 00 00 00 00 00 00 00 00 00 00 00  ................
[   32.349539] 00000070: 00 00 00 00 00 00 00 00 00 00 00 00 00 00 00 00  ................
[   32.361270] XFS (loop1): metadata I/O error in "xfs_read_agf+0xcb/0x280" at daddr 0x1 len 1 error 74
[   32.363543] XFS (loop1): Error -117 recovering leftover CoW allocations.
[   32.368597] XFS (loop1): Corruption of in-memory data (0x8) detected at xfs_mountfs+0xb5e/0xc90 (fs/xfs/xfs_mount.c:944).  Shutting down filesystem.
[   32.371685] XFS (loop1): Please unmount the filesystem and rectify the problem(s)
[   32.385750] XFS (loop5): Starting recovery (logdev: internal)
[   32.389260] XFS (loop5): Ending recovery (logdev: internal)
[   32.391966] XFS (loop5): Metadata CRC error detected at xfs_agf_read_verify+0x102/0x130, xfs_agf block 0x1 
[   32.395210] XFS (loop5): Unmount and run xfs_repair
[   32.396405] XFS (loop5): First 128 bytes of corrupted metadata buffer:
[   32.397976] 00000000: 58 41 47 46 00 00 00 01 00 00 00 00 00 00 10 00  XAGF............
[   32.400047] 00000010: 00 00 00 01 00 00 00 02 00 00 00 00 00 00 00 01  ................
[   32.402040] 00000020: 00 00 00 01 00 00 00 00 00 00 00 01 00 00 00 04  ................
[   32.404004] 00000030: 00 00 00 04 00 00 0a 58 00 00 0a 50 00 00 00 00  .......X...P....
[   32.405954] 00000040: 9f 1c ad 42 11 bd 4e 12 8f 0b f0 78 76 b8 1d 9a  ...B..N....xv...
[   32.407894] 00000050: 00 00 00 00 00 00 00 01 00 00 00 05 00 00 00 08  ................
[   32.409836] 00000060: 00 00 00 00 00 00 00 00 00 00 00 00 00 00 00 00  ................
[   32.411776] 00000070: 00 00 00 00 00 00 00 00 00 00 00 00 00 00 00 00  ................
[   32.412902] loop4: detected capacity change from 0 to 32768
[   32.414753] XFS (loop5): metadata I/O error in "xfs_read_agf+0xcb/0x280" at daddr 0x1 len 1 error 74
[   32.417211] XFS (loop5): Error -117 recovering leftover CoW allocations.
[   32.421969] XFS (loop5): Corruption of in-memory data (0x8) detected at xfs_mountfs+0xb5e/0xc90 (fs/xfs/xfs_mount.c:944).  Shutting down filesystem.
[   32.425328] XFS (loop5): Please unmount the filesystem and rectify the problem(s)
[   32.434375] XFS (loop0): Mounting V5 Filesystem
[   32.484509] XFS (loop6): Ending recovery (logdev: internal)
[   32.486285] XFS (loop6): Metadata CRC error detected at xfs_agf_read_verify+0x102/0x130, xfs_agf block 0x1 
[   32.488693] XFS (loop6): Unmount and run xfs_repair
[   32.489903] XFS (loop6): First 128 bytes of corrupted metadata buffer:
[   32.491637] 00000000: 58 41 47 46 00 00 00 01 00 00 00 00 00 00 10 00  XAGF............
[   32.493587] 00000010: 00 00 00 01 00 00 00 02 00 00 00 00 00 00 00 01  ................
[   32.495618] 00000020: 00 00 00 01 00 00 00 00 00 00 00 01 00 00 00 04  ................
[   32.497590] 00000030: 00 00 00 04 00 00 0a 58 00 00 0a 50 00 00 00 00  .......X...P....
[   32.499620] 00000040: 9f 1c ad 42 11 bd 4e 12 8f 0b f0 78 76 b8 1d 9a  ...B..N....xv...
[   32.501597] 00000050: 00 00 00 00 00 00 00 01 00 00 00 05 00 00 00 08  ................
[   32.503580] 00000060: 00 00 00 00 00 00 00 00 00 00 00 00 00 00 00 00  ................
[   32.505522] 00000070: 00 00 00 00 00 00 00 00 00 00 00 00 00 00 00 00  ................
[   32.511693] XFS (loop4): Mounting V5 Filesystem
[   32.512179] XFS (loop6): metadata I/O error in "xfs_read_agf+0xcb/0x280" at daddr 0x1 len 1 error 74
[   32.515151] XFS (loop6): Error -117 recovering leftover CoW allocations.
[   32.545964] XFS (loop6): Corruption of in-memory data (0x8) detected at xfs_mountfs+0xb5e/0xc90 (fs/xfs/xfs_mount.c:944).  Shutting down filesystem.
[   32.549664] XFS (loop6): Please unmount the filesystem and rectify the problem(s)
[   32.574624] XFS (loop0): Starting recovery (logdev: internal)
[   32.593274] XFS (loop4): Starting recovery (logdev: internal)
[   32.599124] loop3: detected capacity change from 0 to 32768
[   32.625245] XFS (loop4): Ending recovery (logdev: internal)
[   32.627024] XFS (loop3): Mounting V5 Filesystem
[   32.628679] XFS (loop0): Ending recovery (logdev: internal)
[   32.639762] XFS (loop4): Metadata CRC error detected at xfs_agf_read_verify+0x102/0x130, xfs_agf block 0x1 
[   32.642255] XFS (loop4): Unmount and run xfs_repair
[   32.643410] XFS (loop4): First 128 bytes of corrupted metadata buffer:
[   32.644955] 00000000: 58 41 47 46 00 00 00 01 00 00 00 00 00 00 10 00  XAGF............
[   32.646961] 00000010: 00 00 00 01 00 00 00 02 00 00 00 00 00 00 00 01  ................
[   32.648843] 00000020: 00 00 00 01 00 00 00 00 00 00 00 01 00 00 00 04  ................
[   32.650773] 00000030: 00 00 00 04 00 00 0a 58 00 00 0a 50 00 00 00 00  .......X...P....
[   32.652663] 00000040: 9f 1c ad 42 11 bd 4e 12 8f 0b f0 78 76 b8 1d 9a  ...B..N....xv...
[   32.654626] 00000050: 00 00 00 00 00 00 00 01 00 00 00 05 00 00 00 08  ................
[   32.656548] 00000060: 00 00 00 00 00 00 00 00 00 00 00 00 00 00 00 00  ................
[   32.658397] XFS (loop0): Metadata CRC error detected at xfs_agf_read_verify+0x102/0x130, xfs_agf block 0x1 
[   32.658461] XFS (loop0): Unmount and run xfs_repair
[   32.658470] XFS (loop0): First 128 bytes of corrupted metadata buffer:
[   32.658484] 00000000: 58 41 47 46 00 00 00 01 00 00 00 00 00 00 10 00  XAGF............
[   32.658495] 00000010: 00 00 00 01 00 00 00 02 00 00 00 00 00 00 00 01  ................
[   32.658506] 00000020: 00 00 00 01 00 00 00 00 00 00 00 01 00 00 00 04  ................
[   32.658517] 00000030: 00 00 00 04 00 00 0a 58 00 00 0a 50 00 00 00 00  .......X...P....
[   32.658528] 00000040: 9f 1c ad 42 11 bd 4e 12 8f 0b f0 78 76 b8 1d 9a  ...B..N....xv...
[   32.660862] 00000070: 00 00 00 00 00 00 00 00 00 00 00 00 00 00 00 00  ................
[   32.675553] 00000050: 00 00 00 00 00 00 00 01 00 00 00 05 00 00 00 08  ................
[   32.677487] 00000060: 00 00 00 00 00 00 00 00 00 00 00 00 00 00 00 00  ................
[   32.679493] 00000070: 00 00 00 00 00 00 00 00 00 00 00 00 00 00 00 00  ................
[   32.685030] XFS (loop0): metadata I/O error in "xfs_read_agf+0xcb/0x280" at daddr 0x1 len 1 error 74
[   32.687516] XFS (loop0): Error -117 recovering leftover CoW allocations.
[   32.689348] XFS (loop4): metadata I/O error in "xfs_read_agf+0xcb/0x280" at daddr 0x1 len 1 error 74
[   32.691931] XFS (loop4): Error -117 recovering leftover CoW allocations.
[   32.696216] XFS (loop0): Corruption of in-memory data (0x8) detected at xfs_mountfs+0xb5e/0xc90 (fs/xfs/xfs_mount.c:944).  Shutting down filesystem.
[   32.699624] XFS (loop0): Please unmount the filesystem and rectify the problem(s)
[   32.701669] XFS (loop4): Corruption of in-memory data (0x8) detected at xfs_mountfs+0xb5e/0xc90 (fs/xfs/xfs_mount.c:944).  Shutting down filesystem.
[   32.705095] XFS (loop4): Please unmount the filesystem and rectify the problem(s)
[   32.758602] XFS (loop3): Starting recovery (logdev: internal)
[   32.783604] XFS (loop3): Ending recovery (logdev: internal)
[   32.798804] XFS (loop3): Metadata CRC error detected at xfs_agf_read_verify+0x102/0x130, xfs_agf block 0x1 
[   32.801210] XFS (loop3): Unmount and run xfs_repair
[   32.802344] XFS (loop3): First 128 bytes of corrupted metadata buffer:
[   32.803760] 00000000: 58 41 47 46 00 00 00 01 00 00 00 00 00 00 10 00  XAGF............
[   32.805468] 00000010: 00 00 00 01 00 00 00 02 00 00 00 00 00 00 00 01  ................
[   32.807262] 00000020: 00 00 00 01 00 00 00 00 00 00 00 01 00 00 00 04  ................
[   32.808984] 00000030: 00 00 00 04 00 00 0a 58 00 00 0a 50 00 00 00 00  .......X...P....
[   32.810747] 00000040: 9f 1c ad 42 11 bd 4e 12 8f 0b f0 78 76 b8 1d 9a  ...B..N....xv...
[   32.812442] 00000050: 00 00 00 00 00 00 00 01 00 00 00 05 00 00 00 08  ................
[   32.814239] 00000060: 00 00 00 00 00 00 00 00 00 00 00 00 00 00 00 00  ................
[   32.816044] 00000070: 00 00 00 00 00 00 00 00 00 00 00 00 00 00 00 00  ................
[   32.823983] XFS (loop3): metadata I/O error in "xfs_read_agf+0xcb/0x280" at daddr 0x1 len 1 error 74
[   32.826294] XFS (loop3): Error -117 recovering leftover CoW allocations.
[   32.837990] XFS (loop3): Corruption of in-memory data (0x8) detected at xfs_mountfs+0xb5e/0xc90 (fs/xfs/xfs_mount.c:944).  Shutting down filesystem.
[   32.841511] XFS (loop3): Please unmount the filesystem and rectify the problem(s)
[   32.941961] loop2: detected capacity change from 0 to 32768
[   33.038972] XFS (loop2): Mounting V5 Filesystem
[   33.118332] XFS (loop2): Starting recovery (logdev: internal)
[   33.124112] loop7: detected capacity change from 0 to 32768
[   33.145868] XFS (loop2): Ending recovery (logdev: internal)
[   33.161977] XFS (loop2): Metadata CRC error detected at xfs_agf_read_verify+0x102/0x130, xfs_agf block 0x1 
[   33.164555] XFS (loop2): Unmount and run xfs_repair
[   33.165742] XFS (loop2): First 128 bytes of corrupted metadata buffer:
[   33.167399] 00000000: 58 41 47 46 00 00 00 01 00 00 00 00 00 00 10 00  XAGF............
[   33.169333] 00000010: 00 00 00 01 00 00 00 02 00 00 00 00 00 00 00 01  ................
[   33.171377] 00000020: 00 00 00 01 00 00 00 00 00 00 00 01 00 00 00 04  ................
[   33.173290] 00000030: 00 00 00 04 00 00 0a 58 00 00 0a 50 00 00 00 00  .......X...P....
[   33.175275] 00000040: 9f 1c ad 42 11 bd 4e 12 8f 0b f0 78 76 b8 1d 9a  ...B..N....xv...
[   33.177266] 00000050: 00 00 00 00 00 00 00 01 00 00 00 05 00 00 00 08  ................
[   33.179289] 00000060: 00 00 00 00 00 00 00 00 00 00 00 00 00 00 00 00  ................
[   33.181374] 00000070: 00 00 00 00 00 00 00 00 00 00 00 00 00 00 00 00  ................
[   33.183669] XFS (loop2): metadata I/O error in "xfs_read_agf+0xcb/0x280" at daddr 0x1 len 1 error 74
[   33.185919] XFS (loop2): Error -117 recovering leftover CoW allocations.
[   33.193378] XFS (loop2): Corruption of in-memory data (0x8) detected at xfs_mountfs+0xb5e/0xc90 (fs/xfs/xfs_mount.c:944).  Shutting down filesystem.
[   33.196610] XFS (loop2): Please unmount the filesystem and rectify the problem(s)
[   33.241065] loop3: detected capacity change from 0 to 32768
[   33.264435] loop1: detected capacity change from 0 to 32768
[   33.285574] XFS (loop7): Mounting V5 Filesystem
[   33.304105] loop5: detected capacity change from 0 to 32768
[   33.321986] XFS (loop7): Starting recovery (logdev: internal)
[   33.325805] XFS (loop3): Mounting V5 Filesystem
[   33.328857] XFS (loop7): Ending recovery (logdev: internal)
[   33.332823] XFS (loop7): Metadata CRC error detected at xfs_agf_read_verify+0x102/0x130, xfs_agf block 0x1 
[   33.335238] loop6: detected capacity change from 0 to 32768
[   33.335357] XFS (loop7): Unmount and run xfs_repair
[   33.337680] XFS (loop7): First 128 bytes of corrupted metadata buffer:
[   33.339249] 00000000: 58 41 47 46 00 00 00 01 00 00 00 00 00 00 10 00  XAGF............
[   33.341080] 00000010: 00 00 00 01 00 00 00 02 00 00 00 00 00 00 00 01  ................
[   33.343008] 00000020: 00 00 00 01 00 00 00 00 00 00 00 01 00 00 00 04  ................
[   33.344840] 00000030: 00 00 00 04 00 00 0a 58 00 00 0a 50 00 00 00 00  .......X...P....
[   33.346719] 00000040: 9f 1c ad 42 11 bd 4e 12 8f 0b f0 78 76 b8 1d 9a  ...B..N....xv...
[   33.348531] 00000050: 00 00 00 00 00 00 00 01 00 00 00 05 00 00 00 08  ................
[   33.350406] 00000060: 00 00 00 00 00 00 00 00 00 00 00 00 00 00 00 00  ................
[   33.352321] 00000070: 00 00 00 00 00 00 00 00 00 00 00 00 00 00 00 00  ................
[   33.355159] XFS (loop7): metadata I/O error in "xfs_read_agf+0xcb/0x280" at daddr 0x1 len 1 error 74
[   33.357319] XFS (loop7): Error -117 recovering leftover CoW allocations.
[   33.365823] XFS (loop7): Corruption of in-memory data (0x8) detected at xfs_mountfs+0xb5e/0xc90 (fs/xfs/xfs_mount.c:944).  Shutting down filesystem.
[   33.369070] XFS (loop7): Please unmount the filesystem and rectify the problem(s)
[   33.371307] XFS (loop1): Mounting V5 Filesystem
[   33.403208] XFS (loop3): Starting recovery (logdev: internal)
[   33.434037] XFS (loop3): Ending recovery (logdev: internal)
[   33.440444] XFS (loop5): Mounting V5 Filesystem
[   33.441286] loop0: detected capacity change from 0 to 32768
[   33.458654] XFS (loop3): Metadata CRC error detected at xfs_agf_read_verify+0x102/0x130, xfs_agf block 0x1 
[   33.461213] XFS (loop3): Unmount and run xfs_repair
[   33.462518] XFS (loop3): First 128 bytes of corrupted metadata buffer:
[   33.464126] 00000000: 58 41 47 46 00 00 00 01 00 00 00 00 00 00 10 00  XAGF............
[   33.466092] 00000010: 00 00 00 01 00 00 00 02 00 00 00 00 00 00 00 01  ................
[   33.468114] 00000020: 00 00 00 01 00 00 00 00 00 00 00 01 00 00 00 04  ................
[   33.470060] 00000030: 00 00 00 04 00 00 0a 58 00 00 0a 50 00 00 00 00  .......X...P....
[   33.472107] 00000040: 9f 1c ad 42 11 bd 4e 12 8f 0b f0 78 76 b8 1d 9a  ...B..N....xv...
[   33.474165] 00000050: 00 00 00 00 00 00 00 01 00 00 00 05 00 00 00 08  ................
[   33.476116] 00000060: 00 00 00 00 00 00 00 00 00 00 00 00 00 00 00 00  ................
[   33.478012] 00000070: 00 00 00 00 00 00 00 00 00 00 00 00 00 00 00 00  ................
[   33.481785] XFS (loop3): metadata I/O error in "xfs_read_agf+0xcb/0x280" at daddr 0x1 len 1 error 74
[   33.484174] XFS (loop3): Error -117 recovering leftover CoW allocations.
[   33.499479] XFS (loop3): Corruption of in-memory data (0x8) detected at xfs_mountfs+0xb5e/0xc90 (fs/xfs/xfs_mount.c:944).  Shutting down filesystem.
[   33.502721] XFS (loop3): Please unmount the filesystem and rectify the problem(s)
[   33.520355] XFS (loop0): Mounting V5 Filesystem
[   33.547058] XFS (loop5): Starting recovery (logdev: internal)
[   33.553277] XFS (loop1): Starting recovery (logdev: internal)
[   33.554951] XFS (loop5): Ending recovery (logdev: internal)
[   33.556571] XFS (loop5): Metadata CRC error detected at xfs_agf_read_verify+0x102/0x130, xfs_agf block 0x1 
[   33.559118] XFS (loop5): Unmount and run xfs_repair
[   33.560398] XFS (loop5): First 128 bytes of corrupted metadata buffer:
[   33.561962] 00000000: 58 41 47 46 00 00 00 01 00 00 00 00 00 00 10 00  XAGF............
[   33.563924] 00000010: 00 00 00 01 00 00 00 02 00 00 00 00 00 00 00 01  ................
[   33.565827] 00000020: 00 00 00 01 00 00 00 00 00 00 00 01 00 00 00 04  ................
[   33.567791] 00000030: 00 00 00 04 00 00 0a 58 00 00 0a 50 00 00 00 00  .......X...P....
[   33.569708] 00000040: 9f 1c ad 42 11 bd 4e 12 8f 0b f0 78 76 b8 1d 9a  ...B..N....xv...
[   33.571717] 00000050: 00 00 00 00 00 00 00 01 00 00 00 05 00 00 00 08  ................
[   33.573709] 00000060: 00 00 00 00 00 00 00 00 00 00 00 00 00 00 00 00  ................
[   33.575721] 00000070: 00 00 00 00 00 00 00 00 00 00 00 00 00 00 00 00  ................
[   33.581572] XFS (loop5): metadata I/O error in "xfs_read_agf+0xcb/0x280" at daddr 0x1 len 1 error 74
[   33.584112] XFS (loop5): Error -117 recovering leftover CoW allocations.
[   33.593840] XFS (loop6): Mounting V5 Filesystem
[   33.594697] loop4: detected capacity change from 0 to 32768
[   33.599669] XFS (loop1): Ending recovery (logdev: internal)
[   33.601296] XFS (loop1): Metadata CRC error detected at xfs_agf_read_verify+0x102/0x130, xfs_agf block 0x1 
[   33.603913] XFS (loop1): Unmount and run xfs_repair
[   33.605151] XFS (loop1): First 128 bytes of corrupted metadata buffer:
[   33.606286] XFS (loop5): Corruption of in-memory data (0x8) detected at xfs_mountfs+0xb5e/0xc90 (fs/xfs/xfs_mount.c:944).  Shutting down filesystem.
[   33.606870] 00000000: 58 41 47 46 00 00 00 01 00 00 00 00 00 00 10 00  XAGF............
[   33.610026] XFS (loop5): Please unmount the filesystem and rectify the problem(s)
[   33.612726] 00000010: 00 00 00 01 00 00 00 02 00 00 00 00 00 00 00 01  ................
[   33.612748] 00000020: 00 00 00 01 00 00 00 00 00 00 00 01 00 00 00 04  ................
[   33.618372] 00000030: 00 00 00 04 00 00 0a 58 00 00 0a 50 00 00 00 00  .......X...P....
[   33.620261] 00000040: 9f 1c ad 42 11 bd 4e 12 8f 0b f0 78 76 b8 1d 9a  ...B..N....xv...
[   33.622399] 00000050: 00 00 00 00 00 00 00 01 00 00 00 05 00 00 00 08  ................
[   33.624264] 00000060: 00 00 00 00 00 00 00 00 00 00 00 00 00 00 00 00  ................
[   33.626159] 00000070: 00 00 00 00 00 00 00 00 00 00 00 00 00 00 00 00  ................
[   33.628140] XFS (loop1): metadata I/O error in "xfs_read_agf+0xcb/0x280" at daddr 0x1 len 1 error 74
[   33.630496] XFS (loop1): Error -117 recovering leftover CoW allocations.
[   33.634437] XFS (loop1): Corruption of in-memory data (0x8) detected at xfs_mountfs+0xb5e/0xc90 (fs/xfs/xfs_mount.c:944).  Shutting down filesystem.
[   33.637759] XFS (loop1): Please unmount the filesystem and rectify the problem(s)
[   33.692001] XFS (loop0): Starting recovery (logdev: internal)
[   33.695859] loop2: detected capacity change from 0 to 32768
[   33.710884] XFS (loop6): Starting recovery (logdev: internal)
[   33.796340] XFS (loop4): Mounting V5 Filesystem
[   33.796726] XFS (loop6): Ending recovery (logdev: internal)
[   33.799963] XFS (loop0): Ending recovery (logdev: internal)
[   33.801549] XFS (loop0): Metadata CRC error detected at xfs_agf_read_verify+0x102/0x130, xfs_agf block 0x1 
[   33.801588] XFS (loop2): Mounting V5 Filesystem
[   33.804933] XFS (loop0): Unmount and run xfs_repair
[   33.806001] XFS (loop0): First 128 bytes of corrupted metadata buffer:
[   33.807472] 00000000: 58 41 47 46 00 00 00 01 00 00 00 00 00 00 10 00  XAGF............
[   33.809194] 00000010: 00 00 00 01 00 00 00 02 00 00 00 00 00 00 00 01  ................
[   33.811003] 00000020: 00 00 00 01 00 00 00 00 00 00 00 01 00 00 00 04  ................
[   33.812768] 00000030: 00 00 00 04 00 00 0a 58 00 00 0a 50 00 00 00 00  .......X...P....
[   33.814630] 00000040: 9f 1c ad 42 11 bd 4e 12 8f 0b f0 78 76 b8 1d 9a  ...B..N....xv...
[   33.816380] 00000050: 00 00 00 00 00 00 00 01 00 00 00 05 00 00 00 08  ................
[   33.818233] 00000060: 00 00 00 00 00 00 00 00 00 00 00 00 00 00 00 00  ................
[   33.820059] 00000070: 00 00 00 00 00 00 00 00 00 00 00 00 00 00 00 00  ................
[   33.823807] XFS (loop0): metadata I/O error in "xfs_read_agf+0xcb/0x280" at daddr 0x1 len 1 error 74
[   33.826061] XFS (loop0): Error -117 recovering leftover CoW allocations.
[   33.831372] XFS (loop0): Corruption of in-memory data (0x8) detected at xfs_mountfs+0xb5e/0xc90 (fs/xfs/xfs_mount.c:944).  Shutting down filesystem.
[   33.834392] XFS (loop0): Please unmount the filesystem and rectify the problem(s)
[   33.852979] loop7: detected capacity change from 0 to 32768
[   33.875291] XFS (loop4): Starting recovery (logdev: internal)
[   33.908340] XFS (loop2): Starting recovery (logdev: internal)
[   33.911385] XFS (loop2): Ending recovery (logdev: internal)
[   33.912828] XFS (loop2): Metadata CRC error detected at xfs_agf_read_verify+0x102/0x130, xfs_agf block 0x1 
[   33.915121] XFS (loop2): Unmount and run xfs_repair
[   33.916225] XFS (loop2): First 128 bytes of corrupted metadata buffer:
[   33.917688] 00000000: 58 41 47 46 00 00 00 01 00 00 00 00 00 00 10 00  XAGF............
[   33.919523] 00000010: 00 00 00 01 00 00 00 02 00 00 00 00 00 00 00 01  ................
[   33.921424] 00000020: 00 00 00 01 00 00 00 00 00 00 00 01 00 00 00 04  ................
[   33.923503] 00000030: 00 00 00 04 00 00 0a 58 00 00 0a 50 00 00 00 00  .......X...P....
[   33.925505] 00000040: 9f 1c ad 42 11 bd 4e 12 8f 0b f0 78 76 b8 1d 9a  ...B..N....xv...
[   33.927408] 00000050: 00 00 00 00 00 00 00 01 00 00 00 05 00 00 00 08  ................
[   33.929181] 00000060: 00 00 00 00 00 00 00 00 00 00 00 00 00 00 00 00  ................
[   33.930978] 00000070: 00 00 00 00 00 00 00 00 00 00 00 00 00 00 00 00  ................
[   33.933626] XFS (loop2): metadata I/O error in "xfs_read_agf+0xcb/0x280" at daddr 0x1 len 1 error 74
[   33.935783] XFS (loop2): Error -117 recovering leftover CoW allocations.
[   33.937627] XFS (loop2): Corruption of in-memory data (0x8) detected at xfs_mountfs+0xb5e/0xc90 (fs/xfs/xfs_mount.c:944).  Shutting down filesystem.
[   33.940687] XFS (loop2): Please unmount the filesystem and rectify the problem(s)
[   33.943152] XFS (loop6): Metadata CRC error detected at xfs_agf_read_verify+0x102/0x130, xfs_agf block 0x1 
[   33.945333] XFS (loop6): Unmount and run xfs_repair
[   33.946468] XFS (loop6): First 128 bytes of corrupted metadata buffer:
[   33.947863] 00000000: 58 41 47 46 00 00 00 01 00 00 00 00 00 00 10 00  XAGF............
[   33.949674] 00000010: 00 00 00 01 00 00 00 02 00 00 00 00 00 00 00 01  ................
[   33.951670] 00000020: 00 00 00 01 00 00 00 00 00 00 00 01 00 00 00 04  ................
[   33.953581] 00000030: 00 00 00 04 00 00 0a 58 00 00 0a 50 00 00 00 00  .......X...P....
[   33.955535] 00000040: 9f 1c ad 42 11 bd 4e 12 8f 0b f0 78 76 b8 1d 9a  ...B..N....xv...
[   33.957457] 00000050: 00 00 00 00 00 00 00 01 00 00 00 05 00 00 00 08  ................
[   33.959421] 00000060: 00 00 00 00 00 00 00 00 00 00 00 00 00 00 00 00  ................
[   33.961346] 00000070: 00 00 00 00 00 00 00 00 00 00 00 00 00 00 00 00  ................
[   33.966502] XFS (loop6): metadata I/O error in "xfs_read_agf+0xcb/0x280" at daddr 0x1 len 1 error 74
[   33.968722] XFS (loop6): Error -117 recovering leftover CoW allocations.
[   33.979909] XFS (loop6): Corruption of in-memory data (0x8) detected at xfs_mountfs+0xb5e/0xc90 (fs/xfs/xfs_mount.c:944).  Shutting down filesystem.
[   33.982862] XFS (loop6): Please unmount the filesystem and rectify the problem(s)
[   34.019164] loop3: detected capacity change from 0 to 32768
[   34.027641] XFS (loop7): Mounting V5 Filesystem
[   34.028865] XFS (loop4): Ending recovery (logdev: internal)
[   34.031526] XFS (loop4): Metadata CRC error detected at xfs_agf_read_verify+0x102/0x130, xfs_agf block 0x1 
[   34.033600] XFS (loop4): Unmount and run xfs_repair
[   34.034659] XFS (loop4): First 128 bytes of corrupted metadata buffer:
[   34.035983] 00000000: 58 41 47 46 00 00 00 01 00 00 00 00 00 00 10 00  XAGF............
[   34.037607] 00000010: 00 00 00 01 00 00 00 02 00 00 00 00 00 00 00 01  ................
[   34.039273] 00000020: 00 00 00 01 00 00 00 00 00 00 00 01 00 00 00 04  ................
[   34.040949] 00000030: 00 00 00 04 00 00 0a 58 00 00 0a 50 00 00 00 00  .......X...P....
[   34.042695] 00000040: 9f 1c ad 42 11 bd 4e 12 8f 0b f0 78 76 b8 1d 9a  ...B..N....xv...
[   34.044375] 00000050: 00 00 00 00 00 00 00 01 00 00 00 05 00 00 00 08  ................
[   34.046046] 00000060: 00 00 00 00 00 00 00 00 00 00 00 00 00 00 00 00  ................
[   34.047730] 00000070: 00 00 00 00 00 00 00 00 00 00 00 00 00 00 00 00  ................
[   34.050789] XFS (loop4): metadata I/O error in "xfs_read_agf+0xcb/0x280" at daddr 0x1 len 1 error 74
[   34.052727] XFS (loop4): Error -117 recovering leftover CoW allocations.
[   34.060286] XFS (loop4): Corruption of in-memory data (0x8) detected at xfs_mountfs+0xb5e/0xc90 (fs/xfs/xfs_mount.c:944).  Shutting down filesystem.
[   34.063255] XFS (loop4): Please unmount the filesystem and rectify the problem(s)
[   34.092178] XFS (loop7): Starting recovery (logdev: internal)
[   34.097058] XFS (loop7): Ending recovery (logdev: internal)
[   34.101147] XFS (loop3): Mounting V5 Filesystem
[   34.104917] XFS (loop7): Metadata CRC error detected at xfs_agf_read_verify+0x102/0x130, xfs_agf block 0x1 
[   34.107232] XFS (loop7): Unmount and run xfs_repair
[   34.108312] XFS (loop7): First 128 bytes of corrupted metadata buffer:
[   34.109743] 00000000: 58 41 47 46 00 00 00 01 00 00 00 00 00 00 10 00  XAGF............
[   34.111599] 00000010: 00 00 00 01 00 00 00 02 00 00 00 00 00 00 00 01  ................
[   34.113443] 00000020: 00 00 00 01 00 00 00 00 00 00 00 01 00 00 00 04  ................
[   34.115311] 00000030: 00 00 00 04 00 00 0a 58 00 00 0a 50 00 00 00 00  .......X...P....
[   34.117088] 00000040: 9f 1c ad 42 11 bd 4e 12 8f 0b f0 78 76 b8 1d 9a  ...B..N....xv...
[   34.118942] 00000050: 00 00 00 00 00 00 00 01 00 00 00 05 00 00 00 08  ................
[   34.120806] 00000060: 00 00 00 00 00 00 00 00 00 00 00 00 00 00 00 00  ................
[   34.122872] 00000070: 00 00 00 00 00 00 00 00 00 00 00 00 00 00 00 00  ................
[   34.124880] XFS (loop7): metadata I/O error in "xfs_read_agf+0xcb/0x280" at daddr 0x1 len 1 error 74
[   34.127167] XFS (loop7): Error -117 recovering leftover CoW allocations.
[   34.133946] XFS (loop7): Corruption of in-memory data (0x8) detected at xfs_mountfs+0xb5e/0xc90 (fs/xfs/xfs_mount.c:944).  Shutting down filesystem.
[   34.137200] XFS (loop7): Please unmount the filesystem and rectify the problem(s)
[   34.195706] XFS (loop3): Starting recovery (logdev: internal)
[   34.205990] XFS (loop3): Ending recovery (logdev: internal)
[   34.220887] XFS (loop3): Metadata CRC error detected at xfs_agf_read_verify+0x102/0x130, xfs_agf block 0x1 
[   34.223360] XFS (loop3): Unmount and run xfs_repair
[   34.224532] XFS (loop3): First 128 bytes of corrupted metadata buffer:
[   34.226076] 00000000: 58 41 47 46 00 00 00 01 00 00 00 00 00 00 10 00  XAGF............
[   34.228023] 00000010: 00 00 00 01 00 00 00 02 00 00 00 00 00 00 00 01  ................
[   34.229934] 00000020: 00 00 00 01 00 00 00 00 00 00 00 01 00 00 00 04  ................
[   34.231895] 00000030: 00 00 00 04 00 00 0a 58 00 00 0a 50 00 00 00 00  .......X...P....
[   34.233768] 00000040: 9f 1c ad 42 11 bd 4e 12 8f 0b f0 78 76 b8 1d 9a  ...B..N....xv...
[   34.235719] 00000050: 00 00 00 00 00 00 00 01 00 00 00 05 00 00 00 08  ................
[   34.237625] 00000060: 00 00 00 00 00 00 00 00 00 00 00 00 00 00 00 00  ................
[   34.239651] 00000070: 00 00 00 00 00 00 00 00 00 00 00 00 00 00 00 00  ................
[   34.254353] XFS (loop3): metadata I/O error in "xfs_read_agf+0xcb/0x280" at daddr 0x1 len 1 error 74
[   34.256625] XFS (loop3): Error -117 recovering leftover CoW allocations.
[   34.259041] XFS (loop3): Corruption of in-memory data (0x8) detected at xfs_mountfs+0xb5e/0xc90 (fs/xfs/xfs_mount.c:944).  Shutting down filesystem.
[   34.262260] XFS (loop3): Please unmount the filesystem and rectify the problem(s)
[   34.332664] loop5: detected capacity change from 0 to 32768
[   34.405568] XFS (loop5): Mounting V5 Filesystem
[   34.436413] loop1: detected capacity change from 0 to 32768
[   34.462885] XFS (loop1): Mounting V5 Filesystem
[   34.535999] XFS (loop1): Starting recovery (logdev: internal)
[   34.544560] XFS (loop5): Starting recovery (logdev: internal)
[   34.576506] XFS (loop1): Ending recovery (logdev: internal)
[   34.578632] XFS (loop1): Metadata CRC error detected at xfs_agf_read_verify+0x102/0x130, xfs_agf block 0x1 
[   34.581150] XFS (loop1): Unmount and run xfs_repair
[   34.582504] XFS (loop1): First 128 bytes of corrupted metadata buffer:
[   34.584160] 00000000: 58 41 47 46 00 00 00 01 00 00 00 00 00 00 10 00  XAGF............
[   34.586197] 00000010: 00 00 00 01 00 00 00 02 00 00 00 00 00 00 00 01  ................
[   34.588260] 00000020: 00 00 00 01 00 00 00 00 00 00 00 01 00 00 00 04  ................
[   34.590327] 00000030: 00 00 00 04 00 00 0a 58 00 00 0a 50 00 00 00 00  .......X...P....
[   34.592360] 00000040: 9f 1c ad 42 11 bd 4e 12 8f 0b f0 78 76 b8 1d 9a  ...B..N....xv...
[   34.594411] 00000050: 00 00 00 00 00 00 00 01 00 00 00 05 00 00 00 08  ................
[   34.596478] 00000060: 00 00 00 00 00 00 00 00 00 00 00 00 00 00 00 00  ................
[   34.598683] 00000070: 00 00 00 00 00 00 00 00 00 00 00 00 00 00 00 00  ................
[   34.603716] XFS (loop1): metadata I/O error in "xfs_read_agf+0xcb/0x280" at daddr 0x1 len 1 error 74
[   34.606287] XFS (loop1): Error -117 recovering leftover CoW allocations.
[   34.630623] XFS (loop1): Corruption of in-memory data (0x8) detected at xfs_mountfs+0xb5e/0xc90 (fs/xfs/xfs_mount.c:944).  Shutting down filesystem.
[   34.634087] XFS (loop1): Please unmount the filesystem and rectify the problem(s)
[   34.661606] XFS (loop5): Ending recovery (logdev: internal)
[   34.663472] XFS (loop5): Metadata CRC error detected at xfs_agf_read_verify+0x102/0x130, xfs_agf block 0x1 
[   34.666074] XFS (loop5): Unmount and run xfs_repair
[   34.667466] XFS (loop5): First 128 bytes of corrupted metadata buffer:
[   34.669107] 00000000: 58 41 47 46 00 00 00 01 00 00 00 00 00 00 10 00  XAGF............
[   34.669400] loop4: detected capacity change from 0 to 32768
[   34.671162] 00000010: 00 00 00 01 00 00 00 02 00 00 00 00 00 00 00 01  ................
[   34.671190] 00000020: 00 00 00 01 00 00 00 00 00 00 00 01 00 00 00 04  ................
[   34.671201] 00000030: 00 00 00 04 00 00 0a 58 00 00 0a 50 00 00 00 00  .......X...P....
[   34.671212] 00000040: 9f 1c ad 42 11 bd 4e 12 8f 0b f0 78 76 b8 1d 9a  ...B..N....xv...
[   34.671223] 00000050: 00 00 00 00 00 00 00 01 00 00 00 05 00 00 00 08  ................
[   34.671234] 00000060: 00 00 00 00 00 00 00 00 00 00 00 00 00 00 00 00  ................
[   34.671245] 00000070: 00 00 00 00 00 00 00 00 00 00 00 00 00 00 00 00  ................
[   34.688443] XFS (loop5): metadata I/O error in "xfs_read_agf+0xcb/0x280" at daddr 0x1 len 1 error 74
[   34.690901] XFS (loop5): Error -117 recovering leftover CoW allocations.
[   34.693016] XFS (loop5): Corruption of in-memory data (0x8) detected at xfs_mountfs+0xb5e/0xc90 (fs/xfs/xfs_mount.c:944).  Shutting down filesystem.
[   34.696392] XFS (loop5): Please unmount the filesystem and rectify the problem(s)
[   34.717016] loop6: detected capacity change from 0 to 32768
[   34.730482] loop0: detected capacity change from 0 to 32768
[   34.802825] XFS (loop4): Mounting V5 Filesystem
[   34.815187] XFS (loop6): Mounting V5 Filesystem
[   34.851574] loop7: detected capacity change from 0 to 32768
[   34.855106] XFS (loop0): Mounting V5 Filesystem
[   34.868396] loop2: detected capacity change from 0 to 32768
[   34.915567] loop3: detected capacity change from 0 to 32768
[   34.938014] XFS (loop6): Starting recovery (logdev: internal)
[   34.939684] XFS (loop4): Starting recovery (logdev: internal)
[   34.953340] XFS (loop4): Ending recovery (logdev: internal)
[   34.955392] XFS (loop6): Ending recovery (logdev: internal)
[   34.957214] XFS (loop6): Metadata CRC error detected at xfs_agf_read_verify+0x102/0x130, xfs_agf block 0x1 
[   34.959786] XFS (loop6): Unmount and run xfs_repair
[   34.961010] XFS (loop6): First 128 bytes of corrupted metadata buffer:
[   34.962700] 00000000: 58 41 47 46 00 00 00 01 00 00 00 00 00 00 10 00  XAGF............
[   34.964664] 00000010: 00 00 00 01 00 00 00 02 00 00 00 00 00 00 00 01  ................
[   34.966703] 00000020: 00 00 00 01 00 00 00 00 00 00 00 01 00 00 00 04  ................
[   34.968561] 00000030: 00 00 00 04 00 00 0a 58 00 00 0a 50 00 00 00 00  .......X...P....
[   34.970454] 00000040: 9f 1c ad 42 11 bd 4e 12 8f 0b f0 78 76 b8 1d 9a  ...B..N....xv...
[   34.972404] 00000050: 00 00 00 00 00 00 00 01 00 00 00 05 00 00 00 08  ................
[   34.974421] 00000060: 00 00 00 00 00 00 00 00 00 00 00 00 00 00 00 00  ................
[   34.976428] 00000070: 00 00 00 00 00 00 00 00 00 00 00 00 00 00 00 00  ................
[   34.978528] XFS (loop6): metadata I/O error in "xfs_read_agf+0xcb/0x280" at daddr 0x1 len 1 error 74
[   34.980828] XFS (loop6): Error -117 recovering leftover CoW allocations.
[   34.982620] XFS (loop6): Corruption of in-memory data (0x8) detected at xfs_mountfs+0xb5e/0xc90 (fs/xfs/xfs_mount.c:944).  Shutting down filesystem.
[   34.985940] XFS (loop6): Please unmount the filesystem and rectify the problem(s)
[   34.992708] XFS (loop4): Metadata CRC error detected at xfs_agf_read_verify+0x102/0x130, xfs_agf block 0x1 
[   34.995425] XFS (loop4): Unmount and run xfs_repair
[   34.996694] XFS (loop4): First 128 bytes of corrupted metadata buffer:
[   34.998499] 00000000: 58 41 47 46 00 00 00 01 00 00 00 00 00 00 10 00  XAGF............
[   35.000531] 00000010: 00 00 00 01 00 00 00 02 00 00 00 00 00 00 00 01  ................
[   35.002640] 00000020: 00 00 00 01 00 00 00 00 00 00 00 01 00 00 00 04  ................
[   35.004611] 00000030: 00 00 00 04 00 00 0a 58 00 00 0a 50 00 00 00 00  .......X...P....
[   35.006637] 00000040: 9f 1c ad 42 11 bd 4e 12 8f 0b f0 78 76 b8 1d 9a  ...B..N....xv...
[   35.008605] 00000050: 00 00 00 00 00 00 00 01 00 00 00 05 00 00 00 08  ................
[   35.010657] 00000060: 00 00 00 00 00 00 00 00 00 00 00 00 00 00 00 00  ................
[   35.012643] 00000070: 00 00 00 00 00 00 00 00 00 00 00 00 00 00 00 00  ................
[   35.014759] XFS (loop4): metadata I/O error in "xfs_read_agf+0xcb/0x280" at daddr 0x1 len 1 error 74
[   35.017044] XFS (loop4): Error -117 recovering leftover CoW allocations.
[   35.019013] XFS (loop4): Corruption of in-memory data (0x8) detected at xfs_mountfs+0xb5e/0xc90 (fs/xfs/xfs_mount.c:944).  Shutting down filesystem.
[   35.022427] XFS (loop4): Please unmount the filesystem and rectify the problem(s)
[   35.048072] XFS (loop0): Starting recovery (logdev: internal)
[   35.099661] loop5: detected capacity change from 0 to 32768
[   35.115934] XFS (loop7): Mounting V5 Filesystem
[   35.117557] XFS (loop3): Mounting V5 Filesystem
[   35.123914] XFS (loop2): Mounting V5 Filesystem
[   35.126373] XFS (loop0): Ending recovery (logdev: internal)
[   35.128567] XFS (loop0): Metadata CRC error detected at xfs_agf_read_verify+0x102/0x130, xfs_agf block 0x1 
[   35.131315] XFS (loop0): Unmount and run xfs_repair
[   35.132627] XFS (loop0): First 128 bytes of corrupted metadata buffer:
[   35.134400] 00000000: 58 41 47 46 00 00 00 01 00 00 00 00 00 00 10 00  XAGF............
[   35.136481] 00000010: 00 00 00 01 00 00 00 02 00 00 00 00 00 00 00 01  ................
[   35.138609] 00000020: 00 00 00 01 00 00 00 00 00 00 00 01 00 00 00 04  ................
[   35.140672] 00000030: 00 00 00 04 00 00 0a 58 00 00 0a 50 00 00 00 00  .......X...P....
[   35.142775] 00000040: 9f 1c ad 42 11 bd 4e 12 8f 0b f0 78 76 b8 1d 9a  ...B..N....xv...
[   35.144888] 00000050: 00 00 00 00 00 00 00 01 00 00 00 05 00 00 00 08  ................
[   35.147113] 00000060: 00 00 00 00 00 00 00 00 00 00 00 00 00 00 00 00  ................
[   35.149281] 00000070: 00 00 00 00 00 00 00 00 00 00 00 00 00 00 00 00  ................
[   35.154847] XFS (loop0): metadata I/O error in "xfs_read_agf+0xcb/0x280" at daddr 0x1 len 1 error 74
[   35.157521] XFS (loop0): Error -117 recovering leftover CoW allocations.
[   35.189288] XFS (loop3): Starting recovery (logdev: internal)
[   35.194900] XFS (loop0): Corruption of in-memory data (0x8) detected at xfs_mountfs+0xb5e/0xc90 (fs/xfs/xfs_mount.c:944).  Shutting down filesystem.
[   35.198509] XFS (loop0): Please unmount the filesystem and rectify the problem(s)
[   35.208695] loop1: detected capacity change from 0 to 32768
[   35.225976] XFS (loop2): Starting recovery (logdev: internal)
[   35.226242] XFS (loop5): Mounting V5 Filesystem
[   35.229757] XFS (loop3): Ending recovery (logdev: internal)
[   35.232292] XFS (loop3): Metadata CRC error detected at xfs_agf_read_verify+0x102/0x130, xfs_agf block 0x1 
[   35.234842] XFS (loop3): Unmount and run xfs_repair
[   35.236045] XFS (loop3): First 128 bytes of corrupted metadata buffer:
[   35.237661] 00000000: 58 41 47 46 00 00 00 01 00 00 00 00 00 00 10 00  XAGF............
[   35.239638] 00000010: 00 00 00 01 00 00 00 02 00 00 00 00 00 00 00 01  ................
[   35.241582] 00000020: 00 00 00 01 00 00 00 00 00 00 00 01 00 00 00 04  ................
[   35.243593] 00000030: 00 00 00 04 00 00 0a 58 00 00 0a 50 00 00 00 00  .......X...P....
[   35.245552] 00000040: 9f 1c ad 42 11 bd 4e 12 8f 0b f0 78 76 b8 1d 9a  ...B..N....xv...
