c[?7l[2J[0mSeaBIOS (version rel-1.16.0-0-gd239552ce722-prebuilt.qemu.org)


iPXE (http://ipxe.org) 00:03.0 CA00 PCI2.10 PnP PMM+7FF91000+7FEF1000 CA00
Press Ctrl-B to configure iPXE (PCI 00:03.0)...                                                                               


Booting from ROM..c[?7l[2J[0m.[    0.000000] Linux version 5.16.0-rc5-8dc9384b7d75+ (root@p-rplp02) (gcc (GCC) 8.5.0 20210514 (Red Hat 8.5.0-18), GNU ld version 2.36.1-2.el8) #1 SMP PREEMPT Tue Mar 21 09:33:55 CST 2023
[    0.000000] Command line: console=ttyS0 root=/dev/sda earlyprintk=serial net.ifnames=0
[    0.000000] KERNEL supported cpus:
[    0.000000]   Intel GenuineIntel
[    0.000000]   AMD AuthenticAMD
[    0.000000]   Hygon HygonGenuine
[    0.000000]   Centaur CentaurHauls
[    0.000000]   zhaoxin   Shanghai  
[    0.000000] x86/fpu: Supporting XSAVE feature 0x001: 'x87 floating point registers'
[    0.000000] x86/fpu: Supporting XSAVE feature 0x002: 'SSE registers'
[    0.000000] x86/fpu: Supporting XSAVE feature 0x004: 'AVX registers'
[    0.000000] x86/fpu: Supporting XSAVE feature 0x200: 'Protection Keys User registers'
[    0.000000] x86/fpu: xstate_offset[2]:  576, xstate_sizes[2]:  256
[    0.000000] x86/fpu: xstate_offset[9]:  832, xstate_sizes[9]:    8
[    0.000000] x86/fpu: Enabled xstate features 0x207, context size is 840 bytes, using 'compacted' format.
[    0.000000] signal: max sigframe size: 3632
[    0.000000] printk: bootconsole [earlyser0] enabled
[    0.000000] BIOS-provided physical RAM map:
[    0.000000] BIOS-e820: [mem 0x0000000000000000-0x000000000009fbff] usable
[    0.000000] BIOS-e820: [mem 0x000000000009fc00-0x000000000009ffff] reserved
[    0.000000] BIOS-e820: [mem 0x00000000000f0000-0x00000000000fffff] reserved
[    0.000000] BIOS-e820: [mem 0x0000000000100000-0x000000007ffdffff] usable
[    0.000000] BIOS-e820: [mem 0x000000007ffe0000-0x000000007fffffff] reserved
[    0.000000] BIOS-e820: [mem 0x00000000feffc000-0x00000000feffffff] reserved
[    0.000000] BIOS-e820: [mem 0x00000000fffc0000-0x00000000ffffffff] reserved
[    0.000000] NX (Execute Disable) protection: active
[    0.000000] SMBIOS 2.8 present.
[    0.000000] DMI: QEMU Standard PC (i440FX + PIIX, 1996), BIOS rel-1.16.0-0-gd239552ce722-prebuilt.qemu.org 04/01/2014
[    0.000000] Hypervisor detected: KVM
[    0.000000] kvm-clock: Using msrs 4b564d01 and 4b564d00
[    0.000000] kvm-clock: cpu 0, msr 5601001, primary cpu clock
[    0.000003] kvm-clock: using sched offset of 377063832 cycles
[    0.001060] clocksource: kvm-clock: mask: 0xffffffffffffffff max_cycles: 0x1cd42e4dffb, max_idle_ns: 881590591483 ns
[    0.004065] tsc: Detected 1881.600 MHz processor
[    0.009742] last_pfn = 0x7ffe0 max_arch_pfn = 0x400000000
[    0.010939] x86/PAT: Configuration [0-7]: WB  WC  UC- UC  WB  WP  UC- WT  
[    0.016264] found SMP MP-table at [mem 0x000f5ba0-0x000f5baf]
[    0.017464] Using GB pages for direct mapping
[    0.019116] ACPI: Early table checksum verification disabled
[    0.020179] ACPI: RSDP 0x00000000000F59C0 000014 (v00 BOCHS )
[    0.021268] ACPI: RSDT 0x000000007FFE1951 000034 (v01 BOCHS  BXPC     00000001 BXPC 00000001)
[    0.022857] ACPI: FACP 0x000000007FFE17FD 000074 (v01 BOCHS  BXPC     00000001 BXPC 00000001)
[    0.024440] ACPI: DSDT 0x000000007FFE0040 0017BD (v01 BOCHS  BXPC     00000001 BXPC 00000001)
[    0.026029] ACPI: FACS 0x000000007FFE0000 000040
[    0.026887] ACPI: APIC 0x000000007FFE1871 000080 (v01 BOCHS  BXPC     00000001 BXPC 00000001)
[    0.028480] ACPI: HPET 0x000000007FFE18F1 000038 (v01 BOCHS  BXPC     00000001 BXPC 00000001)
[    0.030086] ACPI: WAET 0x000000007FFE1929 000028 (v01 BOCHS  BXPC     00000001 BXPC 00000001)
[    0.031667] ACPI: Reserving FACP table memory at [mem 0x7ffe17fd-0x7ffe1870]
[    0.032969] ACPI: Reserving DSDT table memory at [mem 0x7ffe0040-0x7ffe17fc]
[    0.034268] ACPI: Reserving FACS table memory at [mem 0x7ffe0000-0x7ffe003f]
[    0.035568] ACPI: Reserving APIC table memory at [mem 0x7ffe1871-0x7ffe18f0]
[    0.036875] ACPI: Reserving HPET table memory at [mem 0x7ffe18f1-0x7ffe1928]
[    0.038170] ACPI: Reserving WAET table memory at [mem 0x7ffe1929-0x7ffe1950]
[    0.040440] No NUMA configuration found
[    0.041165] Faking a node at [mem 0x0000000000000000-0x000000007ffdffff]
[    0.042451] NODE_DATA(0) allocated [mem 0x7ffb5000-0x7ffdffff]
[    0.046207] Zone ranges:
[    0.046689]   DMA      [mem 0x0000000000001000-0x0000000000ffffff]
[    0.047823]   DMA32    [mem 0x0000000001000000-0x000000007ffdffff]
[    0.048969]   Normal   empty
[    0.049499]   Device   empty
[    0.050028] Movable zone start for each node
[    0.050813] Early memory node ranges
[    0.051465]   node   0: [mem 0x0000000000001000-0x000000000009efff]
[    0.052620]   node   0: [mem 0x0000000000100000-0x000000007ffdffff]
[    0.053769] Initmem setup node 0 [mem 0x0000000000001000-0x000000007ffdffff]
[    0.055399] On node 0, zone DMA: 1 pages in unavailable ranges
[    0.055421] On node 0, zone DMA: 97 pages in unavailable ranges
[    0.059845] On node 0, zone DMA32: 32 pages in unavailable ranges
[    0.061194] ACPI: PM-Timer IO Port: 0x608
[    0.062626] ACPI: LAPIC_NMI (acpi_id[0xff] dfl dfl lint[0x1])
[    0.063515] IOAPIC[0]: apic_id 0, version 17, address 0xfec00000, GSI 0-23
[    0.064519] ACPI: INT_SRC_OVR (bus 0 bus_irq 0 global_irq 2 dfl dfl)
[    0.065454] ACPI: INT_SRC_OVR (bus 0 bus_irq 5 global_irq 5 high level)
[    0.066444] ACPI: INT_SRC_OVR (bus 0 bus_irq 9 global_irq 9 high level)
[    0.067485] ACPI: INT_SRC_OVR (bus 0 bus_irq 10 global_irq 10 high level)
[    0.068601] ACPI: INT_SRC_OVR (bus 0 bus_irq 11 global_irq 11 high level)
[    0.069791] ACPI: Using ACPI (MADT) for SMP configuration information
[    0.070969] ACPI: HPET id: 0x8086a201 base: 0xfed00000
[    0.071920] TSC deadline timer available
[    0.072651] smpboot: Allowing 2 CPUs, 0 hotplug CPUs
[    0.073621] kvm-guest: KVM setup pv remote TLB flush
[    0.074547] kvm-guest: setup PV sched yield
[    0.075363] PM: hibernation: Registered nosave memory: [mem 0x00000000-0x00000fff]
[    0.076762] PM: hibernation: Registered nosave memory: [mem 0x0009f000-0x0009ffff]
[    0.078149] PM: hibernation: Registered nosave memory: [mem 0x000a0000-0x000effff]
[    0.079571] PM: hibernation: Registered nosave memory: [mem 0x000f0000-0x000fffff]
[    0.080963] [mem 0x80000000-0xfeffbfff] available for PCI devices
[    0.082081] Booting paravirtualized kernel on KVM
[    0.082951] clocksource: refined-jiffies: mask: 0xffffffff max_cycles: 0xffffffff, max_idle_ns: 7645519600211568 ns
[    0.084878] setup_percpu: NR_CPUS:8192 nr_cpumask_bits:2 nr_cpu_ids:2 nr_node_ids:1
[    0.086746] percpu: Embedded 63 pages/cpu s221184 r8192 d28672 u1048576
[    0.088158] kvm-guest: setup async PF for cpu 0
[    0.089012] kvm-guest: stealtime: cpu 0, msr 7dc35080
[    0.089955] kvm-guest: PV spinlocks enabled
[    0.090731] PV qspinlock hash table entries: 256 (order: 0, 4096 bytes, linear)
[    0.092096] Fallback order for Node 0: 0 
[    0.092865] Built 1 zonelists, mobility grouping on.  Total pages: 515808
[    0.094113] Policy zone: DMA32
[    0.094675] Kernel command line: net.ifnames=0 console=ttyS0 root=/dev/sda earlyprintk=serial net.ifnames=0
[    0.097096] Dentry cache hash table entries: 262144 (order: 9, 2097152 bytes, linear)
[    0.098697] Inode-cache hash table entries: 131072 (order: 8, 1048576 bytes, linear)
[    0.100243] mem auto-init: stack:off, heap alloc:off, heap free:off
[    0.105063] Memory: 1985392K/2096632K available (32785K kernel code, 5312K rwdata, 7824K rodata, 3172K init, 22012K bss, 110984K reserved, 0K cma-reserved)
[    0.106865] random: get_random_u64 called from __kmem_cache_create+0x2f/0x4e0 with crng_init=0
[    0.107314] SLUB: HWalign=64, Order=0-3, MinObjects=0, CPUs=2, Nodes=1
[    0.109331] kmemleak: Kernel memory leak detector disabled
[    0.110086] ftrace: allocating 65503 entries in 256 pages
[    0.184329] ftrace: allocated 256 pages with 1 groups
[    0.188086] Dynamic Preempt: voluntary
[    0.188903] Running RCU self tests
[    0.189522] rcu: Preemptible hierarchical RCU implementation.
[    0.190562] rcu: 	RCU lockdep checking is enabled.
[    0.191425] rcu: 	RCU restricting CPUs from NR_CPUS=8192 to nr_cpu_ids=2.
[    0.192654] 	Trampoline variant of Tasks RCU enabled.
[    0.193566] 	Rude variant of Tasks RCU enabled.
[    0.194383] 	Tracing variant of Tasks RCU enabled.
[    0.195249] rcu: RCU calculated value of scheduler-enlistment delay is 25 jiffies.
[    0.196623] rcu: Adjusting geometry for rcu_fanout_leaf=16, nr_cpu_ids=2
[    0.215723] NR_IRQS: 524544, nr_irqs: 440, preallocated irqs: 16
[    0.233526] Console: colour VGA+ 80x25
[    0.234266] printk: console [ttyS0] enabled
[    0.234266] printk: console [ttyS0] enabled
[    0.235805] printk: bootconsole [earlyser0] disabled
[    0.235805] printk: bootconsole [earlyser0] disabled
[    0.237638] Lock dependency validator: Copyright (c) 2006 Red Hat, Inc., Ingo Molnar
[    0.239068] ... MAX_LOCKDEP_SUBCLASSES:  8
[    0.239837] ... MAX_LOCK_DEPTH:          48
[    0.240630] ... MAX_LOCKDEP_KEYS:        8192
[    0.241445] ... CLASSHASH_SIZE:          4096
[    0.242261] ... MAX_LOCKDEP_ENTRIES:     32768
[    0.243091] ... MAX_LOCKDEP_CHAINS:      65536
[    0.243921] ... CHAINHASH_SIZE:          32768
[    0.244761]  memory used by lock dependency info: 6365 kB
[    0.245766]  memory used for stack traces: 4224 kB
[    0.246658]  per task-struct memory footprint: 1920 bytes
[    0.247700] ACPI: Core revision 20210930
[    0.248710] clocksource: hpet: mask: 0xffffffff max_cycles: 0xffffffff, max_idle_ns: 19112604467 ns
[    0.250602] APIC: Switch to symmetric I/O mode setup
[    0.252227] x2apic enabled
[    0.253283] Switched APIC routing to physical x2apic.
[    0.254237] kvm-guest: setup PV IPIs
[    0.257225] ..TIMER: vector=0x30 apic1=0 pin1=2 apic2=-1 pin2=-1
[    0.258398] clocksource: tsc-early: mask: 0xffffffffffffffff max_cycles: 0x363e8c91135, max_idle_ns: 881590568389 ns
[    0.260409] Calibrating delay loop (skipped) preset value.. 3763.20 BogoMIPS (lpj=7526400)
[    0.261948] pid_max: default: 32768 minimum: 301
[    0.264460] LSM: Security Framework initializing
[    0.265333] Yama: becoming mindful.
[    0.266081] Mount-cache hash table entries: 4096 (order: 3, 32768 bytes, linear)
[    0.267464] Mountpoint-cache hash table entries: 4096 (order: 3, 32768 bytes, linear)
[    0.269531] CPU0: Thermal monitoring enabled (TM1)
[    0.270593] x86/cpu: User Mode Instruction Prevention (UMIP) activated
[    0.272867] Last level iTLB entries: 4KB 0, 2MB 0, 4MB 0
[    0.273873] Last level dTLB entries: 4KB 0, 2MB 0, 4MB 0, 1GB 0
[    0.275008] Spectre V1 : Mitigation: usercopy/swapgs barriers and __user pointer sanitization
[    0.276405] Spectre V2 : Mitigation: Enhanced IBRS
[    0.277287] Spectre V2 : Spectre v2 / SpectreRSB mitigation: Filling RSB on context switch
[    0.278820] Spectre V2 : mitigation: Enabling conditional Indirect Branch Prediction Barrier
[    0.280397] Speculative Store Bypass: Mitigation: Speculative Store Bypass disabled via prctl
[    0.316080] Freeing SMP alternatives memory: 56K
[    0.316730] smpboot: CPU0: Genuine Intel(R) 0000 (family: 0x6, model: 0xba, stepping: 0x2)
[    0.318654] Running RCU-tasks wait API self tests
[    0.420519] Performance Events: generic architected perfmon, full-width counters, Intel PMU driver.
[    0.421801] ... version:                2
[    0.422336] ... bit width:              48
[    0.422890] ... generic registers:      6
[    0.423435] ... value mask:             0000ffffffffffff
[    0.424158] ... max period:             00007fffffffffff
[    0.424401] ... fixed-purpose events:   3
[    0.424962] ... event mask:             000000070000003f
[    0.426005] rcu: Hierarchical SRCU implementation.
[    0.428425] Callback from call_rcu_tasks_trace() invoked.
[    0.429696] smp: Bringing up secondary CPUs ...
[    0.430786] x86: Booting SMP configuration:
[    0.431458] .... node  #0, CPUs:      #1
[    0.035306] kvm-clock: cpu 1, msr 5601041, secondary cpu clock
[    0.432519] kvm-guest: setup async PF for cpu 1
[    0.433822] kvm-guest: stealtime: cpu 1, msr 7dd35080
[    0.434532] smp: Brought up 1 node, 2 CPUs
[    0.434532] smpboot: Max logical packages: 1
[    0.434532] smpboot: Total of 2 processors activated (7526.40 BogoMIPS)
[    0.436970] devtmpfs: initialized
[    0.437066] x86/mm: Memory block size: 128MB
[    0.440735] clocksource: jiffies: mask: 0xffffffff max_cycles: 0xffffffff, max_idle_ns: 7645041785100000 ns
[    0.442107] futex hash table entries: 512 (order: 4, 65536 bytes, linear)
[    0.443270] pinctrl core: initialized pinctrl subsystem
[    0.444862] 
[    0.445100] *************************************************************
[    0.446087] **     NOTICE NOTICE NOTICE NOTICE NOTICE NOTICE NOTICE    **
[    0.447121] **                                                         **
[    0.448195] **  IOMMU DebugFS SUPPORT HAS BEEN ENABLED IN THIS KERNEL  **
[    0.448406] **                                                         **
[    0.449617] ** This means that this kernel is built to expose internal **
[    0.450854] ** IOMMU data structures, which may compromise security on **
[    0.452091] ** your system.                                            **
[    0.452402] **                                                         **
[    0.453649] ** If you see this message and you are not debugging the   **
[    0.454886] ** kernel, report this immediately to your vendor!         **
[    0.456120] **                                                         **
[    0.456403] **     NOTICE NOTICE NOTICE NOTICE NOTICE NOTICE NOTICE    **
[    0.457638] *************************************************************
[    0.459018] PM: RTC time: 02:15:08, date: 2023-03-21
[    0.460929] NET: Registered PF_NETLINK/PF_ROUTE protocol family
[    0.462531] DMA: preallocated 256 KiB GFP_KERNEL pool for atomic allocations
[    0.463765] DMA: preallocated 256 KiB GFP_KERNEL|GFP_DMA pool for atomic allocations
[    0.464411] DMA: preallocated 256 KiB GFP_KERNEL|GFP_DMA32 pool for atomic allocations
[    0.465447] audit: initializing netlink subsys (disabled)
[    0.466192] audit: type=2000 audit(1679364909.281:1): state=initialized audit_enabled=0 res=1
[    0.466192] thermal_sys: Registered thermal governor 'fair_share'
[    0.466192] thermal_sys: Registered thermal governor 'bang_bang'
[    0.466341] thermal_sys: Registered thermal governor 'step_wise'
[    0.467025] thermal_sys: Registered thermal governor 'user_space'
[    0.468441] cpuidle: using governor ladder
[    0.469877] cpuidle: using governor menu
[    0.470666] acpiphp: ACPI Hot Plug PCI Controller Driver version: 0.5
[    0.472710] PCI: Using configuration type 1 for base access
[    0.485374] kprobes: kprobe jump-optimization is enabled. All kprobes are optimized if possible.
[    0.487034] HugeTLB registered 1.00 GiB page size, pre-allocated 0 pages
[    0.487034] HugeTLB registered 2.00 MiB page size, pre-allocated 0 pages
[    0.492508] ACPI: Added _OSI(Module Device)
[    0.493320] ACPI: Added _OSI(Processor Device)
[    0.494135] ACPI: Added _OSI(3.0 _SCP Extensions)
[    0.495013] ACPI: Added _OSI(Processor Aggregator Device)
[    0.495996] ACPI: Added _OSI(Linux-Dell-Video)
[    0.496423] ACPI: Added _OSI(Linux-Lenovo-NV-HDMI-Audio)
[    0.497395] ACPI: Added _OSI(Linux-HPI-Hybrid-Graphics)
[    0.503127] ACPI: 1 ACPI AML tables successfully acquired and loaded
[    0.507470] ACPI: Interpreter enabled
[    0.508236] ACPI: PM: (supports S0 S3 S4 S5)
[    0.508405] ACPI: Using IOAPIC for interrupt routing
[    0.509365] PCI: Using host bridge windows from ACPI; if necessary, use "pci=nocrs" and report a bug
[    0.511625] ACPI: Enabled 2 GPEs in block 00 to 0F
[    0.524502] Callback from call_rcu_tasks_rude() invoked.
[    0.526676] ACPI: PCI Root Bridge [PCI0] (domain 0000 [bus 00-ff])
[    0.527501] acpi PNP0A03:00: _OSC: OS supports [ASPM ClockPM Segments MSI EDR HPX-Type3]
[    0.528409] acpi PNP0A03:00: _OSC: not requesting OS control; OS requires [ExtendedConfig ASPM ClockPM MSI]
[    0.529763] acpi PNP0A03:00: fail to add MMCONFIG information, can't access extended PCI configuration space under this bridge.
[    0.533002] acpiphp: Slot [3] registered
[    0.533622] acpiphp: Slot [4] registered
[    0.534246] acpiphp: Slot [5] registered
[    0.534875] acpiphp: Slot [6] registered
[    0.535513] acpiphp: Slot [7] registered
[    0.536152] acpiphp: Slot [8] registered
[    0.536472] acpiphp: Slot [9] registered
[    0.537143] acpiphp: Slot [10] registered
[    0.537840] acpiphp: Slot [11] registered
[    0.538552] acpiphp: Slot [12] registered
[    0.539301] acpiphp: Slot [13] registered
[    0.540069] acpiphp: Slot [14] registered
[    0.540473] acpiphp: Slot [15] registered
[    0.541276] acpiphp: Slot [16] registered
[    0.542077] acpiphp: Slot [17] registered
[    0.542880] acpiphp: Slot [18] registered
[    0.543683] acpiphp: Slot [19] registered
[    0.544472] acpiphp: Slot [20] registered
[    0.545281] acpiphp: Slot [21] registered
[    0.546082] acpiphp: Slot [22] registered
[    0.546881] acpiphp: Slot [23] registered
[    0.547680] acpiphp: Slot [24] registered
[    0.548471] acpiphp: Slot [25] registered
[    0.549274] acpiphp: Slot [26] registered
[    0.550074] acpiphp: Slot [27] registered
[    0.550876] acpiphp: Slot [28] registered
[    0.551677] acpiphp: Slot [29] registered
[    0.552472] acpiphp: Slot [30] registered
[    0.553274] acpiphp: Slot [31] registered
[    0.554038] PCI host bridge to bus 0000:00
[    0.554794] pci_bus 0000:00: root bus resource [io  0x0000-0x0cf7 window]
[    0.556215] pci_bus 0000:00: root bus resource [io  0x0d00-0xffff window]
[    0.556408] pci_bus 0000:00: root bus resource [mem 0x000a0000-0x000bffff window]
[    0.557776] pci_bus 0000:00: root bus resource [mem 0x80000000-0xfebfffff window]
[    0.559153] pci_bus 0000:00: root bus resource [mem 0x100000000-0x17fffffff window]
[    0.560406] pci_bus 0000:00: root bus resource [bus 00-ff]
[    0.561542] pci 0000:00:00.0: [8086:1237] type 00 class 0x060000
[    0.566865] pci 0000:00:01.0: [8086:7000] type 00 class 0x060100
[    0.569094] pci 0000:00:01.1: [8086:7010] type 00 class 0x010180
[    0.571941] pci 0000:00:01.1: reg 0x20: [io  0xc040-0xc04f]
[    0.573106] pci 0000:00:01.1: legacy IDE quirk: reg 0x10: [io  0x01f0-0x01f7]
[    0.574429] pci 0000:00:01.1: legacy IDE quirk: reg 0x14: [io  0x03f6]
[    0.575623] pci 0000:00:01.1: legacy IDE quirk: reg 0x18: [io  0x0170-0x0177]
[    0.576405] pci 0000:00:01.1: legacy IDE quirk: reg 0x1c: [io  0x0376]
[    0.577950] pci 0000:00:01.3: [8086:7113] type 00 class 0x068000
[    0.580257] pci 0000:00:01.3: quirk: [io  0x0600-0x063f] claimed by PIIX4 ACPI
[    0.580423] pci 0000:00:01.3: quirk: [io  0x0700-0x070f] claimed by PIIX4 SMB
[    0.583259] pci 0000:00:02.0: [1234:1111] type 00 class 0x030000
[    0.585523] pci 0000:00:02.0: reg 0x10: [mem 0xfd000000-0xfdffffff pref]
[    0.588437] pci 0000:00:02.0: reg 0x18: [mem 0xfebf0000-0xfebf0fff]
[    0.593226] pci 0000:00:02.0: reg 0x30: [mem 0xfebe0000-0xfebeffff pref]
[    0.597377] pci 0000:00:03.0: [8086:100e] type 00 class 0x020000
[    0.599252] pci 0000:00:03.0: reg 0x10: [mem 0xfebc0000-0xfebdffff]
[    0.600793] pci 0000:00:03.0: reg 0x14: [io  0xc000-0xc03f]
[    0.603919] pci 0000:00:03.0: reg 0x30: [mem 0xfeb80000-0xfebbffff pref]
[    0.641009] ACPI: PCI: Interrupt link LNKA configured for IRQ 10
[    0.642500] ACPI: PCI: Interrupt link LNKB configured for IRQ 10
[    0.643965] ACPI: PCI: Interrupt link LNKC configured for IRQ 11
[    0.644752] ACPI: PCI: Interrupt link LNKD configured for IRQ 11
[    0.646030] ACPI: PCI: Interrupt link LNKS configured for IRQ 9
[    0.648055] iommu: Default domain type: Translated 
[    0.648055] iommu: DMA domain TLB invalidation policy: lazy mode 
[    0.648490] pci 0000:00:02.0: vgaarb: setting as boot VGA device
[    0.649263] pci 0000:00:02.0: vgaarb: VGA device added: decodes=io+mem,owns=io+mem,locks=none
[    0.649263] pci 0000:00:02.0: vgaarb: bridge control possible
[    0.649263] vgaarb: loaded
[    0.650583] SCSI subsystem initialized
[    0.652605] ACPI: bus type USB registered
[    0.653444] usbcore: registered new interface driver usbfs
[    0.656440] usbcore: registered new interface driver hub
[    0.657448] usbcore: registered new device driver usb
[    0.658468] pps_core: LinuxPPS API ver. 1 registered
[    0.659376] pps_core: Software ver. 5.3.6 - Copyright 2005-2007 Rodolfo Giometti <giometti@linux.it>
[    0.660413] PTP clock support registered
[    0.661202] EDAC MC: Ver: 3.0.0
[    0.661403] NetLabel: Initializing
[    0.661494] NetLabel:  domain hash size = 128
[    0.662310] NetLabel:  protocols = UNLABELED CIPSOv4 CALIPSO
[    0.663399] NetLabel:  unlabeled traffic allowed by default
[    0.664475] PCI: Using ACPI for IRQ routing
[    0.665432] hpet0: at MMIO 0xfed00000, IRQs 2, 8, 0
[    0.668406] hpet0: 3 comparators, 64-bit 100.000000 MHz counter
[    0.672570] clocksource: Switched to clocksource kvm-clock
[    0.732569] Callback from call_rcu_tasks() invoked.
[    0.762493] VFS: Disk quotas dquot_6.6.0
[    0.763311] VFS: Dquot-cache hash table entries: 512 (order 0, 4096 bytes)
[    0.764872] pnp: PnP ACPI init
[    0.767098] pnp: PnP ACPI: found 6 devices
[    0.777654] clocksource: acpi_pm: mask: 0xffffff max_cycles: 0xffffff, max_idle_ns: 2085701024 ns
[    0.779551] NET: Registered PF_INET protocol family
[    0.780564] IP idents hash table entries: 32768 (order: 6, 262144 bytes, linear)
[    0.782416] tcp_listen_portaddr_hash hash table entries: 1024 (order: 4, 81920 bytes, linear)
[    0.783982] TCP established hash table entries: 16384 (order: 5, 131072 bytes, linear)
[    0.785573] TCP bind hash table entries: 16384 (order: 8, 1179648 bytes, linear)
[    0.787470] TCP: Hash tables configured (established 16384 bind 16384)
[    0.788825] UDP hash table entries: 1024 (order: 5, 163840 bytes, linear)
[    0.790084] UDP-Lite hash table entries: 1024 (order: 5, 163840 bytes, linear)
[    0.791523] NET: Registered PF_UNIX/PF_LOCAL protocol family
[    0.793129] RPC: Registered named UNIX socket transport module.
[    0.794241] RPC: Registered udp transport module.
[    0.795100] RPC: Registered tcp transport module.
[    0.795959] RPC: Registered tcp NFSv4.1 backchannel transport module.
[    0.797193] pci_bus 0000:00: resource 4 [io  0x0000-0x0cf7 window]
[    0.798325] pci_bus 0000:00: resource 5 [io  0x0d00-0xffff window]
[    0.799452] pci_bus 0000:00: resource 6 [mem 0x000a0000-0x000bffff window]
[    0.800732] pci_bus 0000:00: resource 7 [mem 0x80000000-0xfebfffff window]
[    0.801986] pci_bus 0000:00: resource 8 [mem 0x100000000-0x17fffffff window]
[    0.803515] pci 0000:00:01.0: PIIX3: Enabling Passive Release
[    0.804646] pci 0000:00:00.0: Limiting direct PCI/PCI transfers
[    0.805753] pci 0000:00:01.0: Activating ISA DMA hang workarounds
[    0.806978] pci 0000:00:02.0: Video device with shadowed ROM at [mem 0x000c0000-0x000dffff]
[    0.808560] PCI: CLS 0 bytes, default 64
[    0.809595] ACPI: bus type thunderbolt registered
[    0.810735] clocksource: tsc: mask: 0xffffffffffffffff max_cycles: 0x363e8c91135, max_idle_ns: 881590568389 ns
[    2.984223] Initialise system trusted keyrings
[    2.984924] Key type blacklist registered
[    2.985865] workingset: timestamp_bits=36 max_order=19 bucket_order=0
[    2.994924] zbud: loaded
[    2.996987] squashfs: version 4.0 (2009/01/31) Phillip Lougher
[    2.999791] NFS: Registering the id_resolver key type
[    3.000810] Key type id_resolver registered
[    3.001583] Key type id_legacy registered
[    3.002410] nfs4filelayout_init: NFSv4 File Layout Driver Registering...
[    3.003646] nfs4flexfilelayout_init: NFSv4 Flexfile Layout Driver Registering...
[    3.005321] fuse: init (API version 7.35)
[    3.006460] SGI XFS with ACLs, security attributes, realtime, quota, no debug enabled
[    3.009758] 9p: Installing v9fs 9p2000 file system support
[    3.017022] Key type asymmetric registered
[    3.017839] Asymmetric key parser 'x509' registered
[    3.018906] Block layer SCSI generic (bsg) driver version 0.4 loaded (major 243)
[    3.020635] io scheduler mq-deadline registered
[    3.021521] io scheduler bfq registered
[    3.024576] shpchp: Standard Hot Plug PCI Controller Driver version: 0.4
[    3.026129] IPMI message handler: version 39.2
[    3.026837] ipmi device interface
[    3.028954] input: Power Button as /devices/LNXSYSTM:00/LNXPWRBN:00/input/input0
[    3.030573] ACPI: button: Power Button [PWRF]
[    3.032431] ERST DBG: ERST support is disabled.
[    3.033888] Serial: 8250/16550 driver, 32 ports, IRQ sharing enabled
[    3.035585] 00:04: ttyS0 at I/O 0x3f8 (irq = 4, base_baud = 115200) is a 16550A
[    3.048087] Linux agpgart interface v0.103
[    3.049585] ACPI: bus type drm_connector registered
[    3.061139] brd: module loaded
[    3.068446] loop: module loaded
[    3.073093] scsi host0: ata_piix
[    3.074117] scsi host1: ata_piix
[    3.074668] ata1: PATA max MWDMA2 cmd 0x1f0 ctl 0x3f6 bmdma 0xc040 irq 14
[    3.075459] ata2: PATA max MWDMA2 cmd 0x170 ctl 0x376 bmdma 0xc048 irq 15
[    3.077723] libphy: Fixed MDIO Bus: probed
[    3.078541] tun: Universal TUN/TAP device driver, 1.6
[    3.079570] e100: Intel(R) PRO/100 Network Driver
[    3.080178] e100: Copyright(c) 1999-2006 Intel Corporation
[    3.080984] e1000: Intel(R) PRO/1000 Network Driver
[    3.081594] e1000: Copyright (c) 1999-2006 Intel Corporation.
[    3.237359] ata1.00: ATA-7: QEMU HARDDISK, 2.5+, max UDMA/100
[    3.238094] ata1.00: 16777216 sectors, multi 16: LBA48 
[    3.239203] ata1.00: Read log 0x00 page 0x00 failed, Emask 0x1
[    3.240624] ata2.00: ATAPI: QEMU DVD-ROM, 2.5+, max UDMA/100
[    3.242454] scsi 0:0:0:0: Direct-Access     ATA      QEMU HARDDISK    2.5+ PQ: 0 ANSI: 5
[    3.244307] scsi 0:0:0:0: Attached scsi generic sg0 type 0
[    3.245752] sd 0:0:0:0: [sda] 16777216 512-byte logical blocks: (8.59 GB/8.00 GiB)
[    3.246762] sd 0:0:0:0: [sda] Write Protect is off
[    3.247424] sd 0:0:0:0: [sda] Write cache: enabled, read cache: enabled, doesn't support DPO or FUA
[    3.249439] scsi 1:0:0:0: CD-ROM            QEMU     QEMU DVD-ROM     2.5+ PQ: 0 ANSI: 5
[    3.251850] scsi 1:0:0:0: Attached scsi generic sg1 type 5
[    3.265960] ACPI: \_SB_.LNKC: Enabled at IRQ 11
[    3.292586] sd 0:0:0:0: [sda] Attached SCSI disk
[    3.625369] e1000 0000:00:03.0 eth0: (PCI:33MHz:32-bit) 52:54:00:12:34:56
[    3.626287] e1000 0000:00:03.0 eth0: Intel(R) PRO/1000 Network Connection
[    3.627273] e1000e: Intel(R) PRO/1000 Network Driver
[    3.627927] e1000e: Copyright(c) 1999 - 2015 Intel Corporation.
[    3.628785] igb: Intel(R) Gigabit Ethernet Network Driver
[    3.629499] igb: Copyright (c) 2007-2014 Intel Corporation.
[    3.630332] PPP generic driver version 2.4.2
[    3.631502] VFIO - User Level meta-driver version: 0.3
[    3.632286] ehci_hcd: USB 2.0 'Enhanced' Host Controller (EHCI) Driver
[    3.633208] ehci-pci: EHCI PCI platform driver
[    3.633846] ehci-platform: EHCI generic platform driver
[    3.634587] ohci_hcd: USB 1.1 'Open' Host Controller (OHCI) Driver
[    3.635448] ohci-pci: OHCI PCI platform driver
[    3.636099] ohci-platform: OHCI generic platform driver
[    3.636872] uhci_hcd: USB Universal Host Controller Interface driver
[    3.638549] usbcore: registered new interface driver uas
[    3.639223] usbcore: registered new interface driver usb-storage
[    3.640050] i8042: PNP: PS/2 Controller [PNP0303:KBD,PNP0f13:MOU] at 0x60,0x64 irq 1,12
[    3.641918] serio: i8042 KBD port at 0x60,0x64 irq 1
[    3.642560] serio: i8042 AUX port at 0x60,0x64 irq 12
[    3.644073] mousedev: PS/2 mouse device common for all mice
[    3.646073] rtc_cmos 00:05: RTC can wake from S4
[    3.647453] input: AT Translated Set 2 keyboard as /devices/platform/i8042/serio0/input/input1
[    3.649596] rtc_cmos 00:05: registered as rtc0
[    3.650493] input: VirtualPS/2 VMware VMMouse as /devices/platform/i8042/serio1/input/input4
[    3.650854] rtc_cmos 00:05: setting system clock to 2023-03-21T02:15:12 UTC (1679364912)
[    3.653171] input: VirtualPS/2 VMware VMMouse as /devices/platform/i8042/serio1/input/input3
[    3.655605] rtc_cmos 00:05: alarms up to one day, y3k, 242 bytes nvram, hpet irqs
[    3.657035] i2c_dev: i2c /dev entries driver
[    3.658094] device-mapper: core: CONFIG_IMA_DISABLE_HTABLE is disabled. Duplicate IMA measurements will not be recorded in the IMA log.
[    3.660362] device-mapper: uevent: version 1.0.3
[    3.661523] device-mapper: ioctl: 4.45.0-ioctl (2021-03-22) initialised: dm-devel@redhat.com
[    3.663090] intel_pstate: CPU model not supported
[    3.664036] sdhci: Secure Digital Host Controller Interface driver
[    3.665171] sdhci: Copyright(c) Pierre Ossman
[    3.666046] sdhci-pltfm: SDHCI platform and OF driver helper
[    3.667177] ledtrig-cpu: registered to indicate activity on CPUs
[    3.668551] drop_monitor: Initializing network drop monitor service
[    3.670093] NET: Registered PF_INET6 protocol family
[    3.674466] Segment Routing with IPv6
[    3.675286] In-situ OAM (IOAM) with IPv6
[    3.676132] NET: Registered PF_PACKET protocol family
[    3.677560] 9pnet: Installing 9P2000 support
[    3.678622] Key type dns_resolver registered
[    3.680231] IPI shorthand broadcast: enabled
[    3.681159] sched_clock: Marking stable (3649726462, 31306229)->(3697329290, -16296599)
[    3.683110] registered taskstats version 1
[    3.684001] Loading compiled-in X.509 certificates
[    3.685436] zswap: loaded using pool lzo/zbud
[    3.687355] Key type ._fscrypt registered
[    3.688199] Key type .fscrypt registered
[    3.689088] Key type fscrypt-provisioning registered
[    3.691552] Key type encrypted registered
[    3.692367] ima: No TPM chip found, activating TPM-bypass!
[    3.693141] ima: Allocated hash algorithm: sha1
[    3.693779] ima: No architecture policies found
[    3.694581] evm: Initialising EVM extended attributes:
[    3.695258] evm: security.selinux
[    3.695693] evm: security.SMACK64
[    3.696149] evm: security.SMACK64EXEC
[    3.696684] evm: security.SMACK64TRANSMUTE
[    3.697241] evm: security.SMACK64MMAP
[    3.697754] evm: security.apparmor
[    3.698238] evm: security.ima
[    3.698654] evm: security.capability
[    3.699164] evm: HMAC attrs: 0x1
[    3.706199] PM:   Magic number: 15:487:258
[    3.707291] RAS: Correctable Errors collector initialized.
[    3.709159] md: Waiting for all devices to be available before autodetect
[    3.710065] md: If you don't use raid, use raid=noautodetect
[    3.710837] md: Autodetecting RAID arrays.
[    3.711403] md: autorun ...
[    3.711786] md: ... autorun DONE.
[    3.722037] EXT4-fs (sda): mounted filesystem with ordered data mode. Opts: (null). Quota mode: none.
[    3.723473] VFS: Mounted root (ext4 filesystem) readonly on device 8:0.
[    3.726490] devtmpfs: mounted
[    3.743026] Freeing unused decrypted memory: 2036K
[    3.745257] Freeing unused kernel image (initmem) memory: 3172K
[    3.776490] Write protecting the kernel read-only data: 43008k
[    3.780033] Freeing unused kernel image (text/rodata gap) memory: 2028K
[    3.781658] Freeing unused kernel image (rodata/data gap) memory: 368K
[    3.876226] x86/mm: Checked W+X mappings: passed, no W+X pages found.
[    3.877103] Run /sbin/init as init process
[    3.974139] random: fast init done
[    4.007560] systemd[1]: RTC configured in localtime, applying delta of 0 minutes to system time.
[    4.046228] systemd[1]: systemd 239 (239-49.el8) running in system mode. (+PAM +AUDIT +SELINUX +IMA -APPARMOR +SMACK +SYSVINIT +UTMP +LIBCRYPTSETUP +GCRYPT +GNUTLS +ACL +XZ +LZ4 +SECCOMP +BLKID +ELFUTILS +KMOD +IDN2 -IDN +PCRE2 default-hierarchy=legacy)
[    4.049798] systemd[1]: Detected virtualization kvm.
[    4.050605] systemd[1]: Detected architecture x86-64.

Welcome to [0;31mCentOS Stream 8[0m!

[    4.078885] systemd[1]: Set hostname to <test>.
[    4.260729] random: lvmconfig: uninitialized urandom read (4 bytes read)
[    4.437955] random: systemd: uninitialized urandom read (16 bytes read)
[    4.442315] systemd[1]: Created slice User and Session Slice.
[[0;32m  OK  [0m] Created slice User and Session Slice.
[    4.444431] random: systemd: uninitialized urandom read (16 bytes read)
[    4.445685] systemd[1]: Listening on multipathd control socket.
[[0;32m  OK  [0m] Listening on multipathd control socket.
[    4.447688] systemd[1]: Listening on LVM2 poll daemon socket.
[[0;32m  OK  [0m] Listening on LVM2 poll daemon socket.
[    4.451462] systemd[1]: Created slice system-getty.slice.
[[0;32m  OK  [0m] Created slice system-getty.slice.
[    4.453219] systemd[1]: Listening on udev Kernel Socket.
[[0;32m  OK  [0m] Listening on udev Kernel Socket.
[    4.454968] systemd[1]: Listening on initctl Compatibility Named Pipe.
[[0;32m  OK  [0m] Listening on initctl Compatibility Named Pipe.
[[0;32m  OK  [0m] Reached target Swap.
[[0;32m  OK  [0m] Listening on udev Control Socket.
[[0;32m  OK  [0m] Listening on RPCbind Server Activation Socket.
[[0;32m  OK  [0m] Created slice system-serial\x2dgetty.slice.
[[0;32m  OK  [0m] Listening on Process Core Dump Socket.
[[0;32m  OK  [0m] Listening on Device-mapper event daemon FIFOs.
[[0;32m  OK  [0m] Reached target RPC Port Mapper.
[[0;32m  OK  [0m] Listening on Journal Socket.
         Mounting POSIX Message Queue File System...
         Starting udev Coldplug all Devices...
         Starting Monitoring of LVM2 mirrorsâ€¦ng dmeventd or progress polling...
         Starting Setup Virtual Console...
         Starting Remount Root and Kernel File Systems...
         Mounting Kernel Debug File System...
[[0;32m  OK  [0m] Created slice system-sshd\x2dkeygen.slice.
         Mounting Huge Pages File System...
[[0;32m  OK  [0m] Reached target Slices.
[[0;32m  OK  [0m] Started Forward Password Requests to Wall Directory Watch.
[[0;32m  OK  [0m] Set up automount Arbitrary Executabâ€¦rmats File System Automount Point.
         Starting Load Kernel Modules...
[[0;32m  OK  [0m] Listening on Journal Socket (/dev/log).
         Starting Journal Service...
[[0;32m  OK  [0m] Mounted POSIX Message Queue File System.
[[0;32m  OK  [0m] Mounted Kernel Debug File System.
[[0;32m  OK  [0m] Mounted Huge Pages File System.
[[0;1;31mFAILED[0m] Failed to start Load Kernel Modules.
See 'systemctl status systemd-modules-load.service' for details.
         Starting Apply Kernel Variables...
         Mounting Kernel Configuration File System...
         Mounting FUSE Control File System...
[    4.900450] EXT4-fs (sda): re-mounted. Opts: (null). Quota mode: none.
[[0;32m  OK  [0m] Started Apply Kernel Variables.
[[0;32m  OK  [0m] Mounted Kernel Configuration File System.
[[0;32m  OK  [0m] Started Remount Root and Kernel File Systems.
[[0;32m  OK  [0m] Mounted FUSE Control File System.
         Starting Load/Save Random Seed...
         Starting Create Static Device Nodes in /dev...
[[0;32m  OK  [0m] Started Journal Service.
         Starting Flush Journal to Persistent Storage...
[[0;32m  OK  [0m] Started Load/Save Random Seed.
[[0;32m  OK  [0m] Started udev Coldplug all Devices.
[[0;32m  OK  [0m] Started Setup Virtual Console.
[[0;32m  OK  [0m] Started Create Static Device Nodes in /dev.
         Starting udev Kernel Device Manager...
         Starting udev Wait for Complete Device Initialization...
[[0;32m  OK  [0m] Started Flush Journal to Persistent Storage.
[[0;32m  OK  [0m] Started udev Kernel Device Manager.
         Starting Show Plymouth Boot Screen...
[[0;32m  OK  [0m] Started Show Plymouth Boot Screen.
[[0;32m  OK  [0m] Started Forward Password Requests to Plymouth Directory Watch.
[[0;32m  OK  [0m] Reached target Local Encrypted Volumes.
[[0;32m  OK  [0m] Reached target Paths.
[[0;32m  OK  [0m] Found device /dev/ttyS0.
[[0;32m  OK  [0m] Started Monitoring of LVM2 mirrors,â€¦sing dmeventd or progress polling.
[[0;32m  OK  [0m] Started udev Wait for Complete Device Initialization.
[[0;32m  OK  [0m] Listening on Load/Save RF Kill Switch Status /dev/rfkill Watch.
[[0;32m  OK  [0m] Reached target Local File Systems (Pre).
[[0;32m  OK  [0m] Reached target Local File Systems.
         Starting Create Volatile Files and Directories...
         Starting Restore /run/initramfs on shutdown...
         Starting Tell Plymouth To Write Out Runtime Data...
[[0;32m  OK  [0m] Started Restore /run/initramfs on shutdown.
[[0;32m  OK  [0m] Started Tell Plymouth To Write Out Runtime Data.
[[0;32m  OK  [0m] Started Create Volatile Files and Directories.
         Mounting RPC Pipe File System...
         Starting RPC Bind...
         Starting Security Auditing Service...
[[0;32m  OK  [0m] Mounted RPC Pipe File System.
[[0;32m  OK  [0m] Reached target rpc_pipefs.target.
[[0;32m  OK  [0m] Started RPC Bind.
[[0;32m  OK  [0m] Started Security Auditing Service.
         Starting Update UTMP about System Boot/Shutdown...
[[0;32m  OK  [0m] Started Update UTMP about System Boot/Shutdown.
[[0;32m  OK  [0m] Reached target System Initialization.
[[0;32m  OK  [0m] Listening on D-Bus System Message Bus Socket.
[[0;32m  OK  [0m] Listening on SSSD Kerberos Cache Manager responder socket.
[[0;32m  OK  [0m] Reached target Sockets.
[[0;32m  OK  [0m] Started daily update of the root trust anchor for DNSSEC.
[[0;32m  OK  [0m] Started dnf makecache --timer.
[[0;32m  OK  [0m] Started Daily Cleanup of Temporary Directories.
[[0;32m  OK  [0m] Reached target Timers.
[[0;32m  OK  [0m] Reached target Basic System.
         Starting Authorization Manager...
         Starting Self Monitoring and Reporting Technology (SMART) Daemon...
[[0;32m  OK  [0m] Started D-Bus System Message Bus.
         Starting Login Service...
[[0;32m  OK  [0m] Started irqbalance daemon.
         Starting NTP client/server...
         Starting Network Manager...
[[0;32m  OK  [0m] Reached target sshd-keygen.target.
[[0;32m  OK  [0m] Started Machine Check Exception Logging Daemon.
         Starting Auto-connect to subsystemsâ€¦-NVME devices found during boot...
[[0;32m  OK  [0m] Started Self Monitoring and Reporting Technology (SMART) Daemon.
[[0;32m  OK  [0m] Started Auto-connect to subsystems â€¦FC-NVME devices found during boot.
         Starting update of the root trust aâ€¦or DNSSEC validation in unbound...
[[0;32m  OK  [0m] Started Login Service.
[[0;32m  OK  [0m] Started NTP client/server.
[    7.116035] random: crng init done
[    7.116859] random: 7 urandom warning(s) missed due to ratelimiting
[[0;32m  OK  [0m] Started Network Manager.
[[0;32m  OK  [0m] Reached target Network.
         Starting OpenSSH server daemon...
         Starting Dynamic System Tuning Daemon...
         Starting GSSAPI Proxy Daemon...
         Starting Network Manager Wait Online...
[[0;32m  OK  [0m] Started update of the root trust anâ€¦ for DNSSEC validation in unbound.
[[0;32m  OK  [0m] Started Authorization Manager.
         Starting Hostname Service...
[[0;32m  OK  [0m] Started OpenSSH server daemon.
[[0;32m  OK  [0m] Started GSSAPI Proxy Daemon.
[[0;32m  OK  [0m] Reached target NFS client services.
[[0;32m  OK  [0m] Reached target Remote File Systems (Pre).
[[0;32m  OK  [0m] Reached target Remote File Systems.
         Starting Permit User Sessions...
[[0;32m  OK  [0m] Started Permit User Sessions.
         Starting Hold until boot process finishes up...
[[0;32m  OK  [0m] Started Command Scheduler.
         Starting Terminate Plymouth Boot Screen...
[    7.718370] e1000: eth0 NIC Link is Up 1000 Mbps Full Duplex, Flow Control: RX
[    7.720621] IPv6: ADDRCONF(NETDEV_CHANGE): eth0: link becomes ready

CentOS Stream 8
Kernel 5.16.0-rc5-8dc9384b7d75+ on an x86_64

test login: [   28.621237] loop2: detected capacity change from 0 to 32768
[   28.631603] loop4: detected capacity change from 0 to 32768
[   28.692137] XFS (loop2): Mounting V5 Filesystem
[   28.693003] XFS (loop4): Mounting V5 Filesystem
[   28.702685] loop1: detected capacity change from 0 to 32768
[   28.733908] loop3: detected capacity change from 0 to 32768
[   28.735482] XFS (loop1): Mounting V5 Filesystem
[   28.738348] loop0: detected capacity change from 0 to 32768
[   28.739356] loop6: detected capacity change from 0 to 32768
[   28.749799] loop5: detected capacity change from 0 to 32768
[   28.750771] loop7: detected capacity change from 0 to 32768
[   28.763011] XFS (loop4): Starting recovery (logdev: internal)
[   28.768798] XFS (loop4): Metadata corruption detected at xfs_btree_lookup_get_block+0x272/0x2f0, xfs_refcountbt block 0x28
[   28.770153] XFS (loop4): Unmount and run xfs_repair
[   28.770761] XFS (loop4): Failed to recover leftover CoW staging extents, err -117.
[   28.771741] XFS (loop4): Log I/O Error (0x2) detected at xlog_recover_finish+0xe7/0x160 (fs/xfs/xfs_log_recover.c:3520).  Shutting down filesystem.
[   28.773359] XFS (loop4): Please unmount the filesystem and rectify the problem(s)
[   28.777555] XFS (loop4): Ending recovery (logdev: internal)
[   28.778943] XFS (loop3): Mounting V5 Filesystem
[   28.802203] XFS (loop2): Starting recovery (logdev: internal)
[   28.807186] XFS (loop2): Metadata corruption detected at xfs_btree_lookup_get_block+0x272/0x2f0, xfs_refcountbt block 0x28
[   28.808587] XFS (loop2): Unmount and run xfs_repair
[   28.809125] XFS (loop4): Error -5 reserving per-AG metadata reserve pool.
[   28.809188] XFS (loop2): Failed to recover leftover CoW staging extents, err -117.
[   28.810911] XFS (loop2): Log I/O Error (0x2) detected at xlog_recover_finish+0xe7/0x160 (fs/xfs/xfs_log_recover.c:3520).  Shutting down filesystem.
[   28.812506] XFS (loop2): Please unmount the filesystem and rectify the problem(s)
[   28.814109] XFS (loop1): Starting recovery (logdev: internal)
[   28.815756] XFS (loop1): Metadata corruption detected at xfs_btree_lookup_get_block+0x272/0x2f0, xfs_refcountbt block 0x28
[   28.817181] XFS (loop1): Unmount and run xfs_repair
[   28.817783] XFS (loop1): Failed to recover leftover CoW staging extents, err -117.
[   28.818705] XFS (loop1): Log I/O Error (0x2) detected at xlog_recover_finish+0xe7/0x160 (fs/xfs/xfs_log_recover.c:3520).  Shutting down filesystem.
[   28.820342] XFS (loop1): Please unmount the filesystem and rectify the problem(s)
[   28.821606] XFS (loop1): Ending recovery (logdev: internal)
[   28.821783] XFS (loop2): Ending recovery (logdev: internal)
[   28.822319] XFS (loop1): Error -5 reserving per-AG metadata reserve pool.
[   28.823002] XFS (loop2): Error -5 reserving per-AG metadata reserve pool.
[   28.826038] XFS (loop5): Mounting V5 Filesystem
[   28.826105] XFS (loop0): Mounting V5 Filesystem
[   28.826754] XFS (loop6): Mounting V5 Filesystem
[   28.828341] XFS (loop7): Mounting V5 Filesystem
[   28.842637] XFS (loop6): Starting recovery (logdev: internal)
[   28.844342] XFS (loop0): Starting recovery (logdev: internal)
[   28.844726] XFS (loop6): Metadata corruption detected at xfs_btree_lookup_get_block+0x272/0x2f0, xfs_refcountbt block 0x28
[   28.846389] XFS (loop6): Unmount and run xfs_repair
[   28.846988] XFS (loop6): Failed to recover leftover CoW staging extents, err -117.
[   28.847900] XFS (loop6): Log I/O Error (0x2) detected at xlog_recover_finish+0xe7/0x160 (fs/xfs/xfs_log_recover.c:3520).  Shutting down filesystem.
[   28.849090] XFS (loop7): Starting recovery (logdev: internal)
[   28.849506] XFS (loop6): Please unmount the filesystem and rectify the problem(s)
[   28.851100] XFS (loop6): Ending recovery (logdev: internal)
[   28.851842] XFS (loop6): Error -5 reserving per-AG metadata reserve pool.
[   28.852571] XFS (loop3): Starting recovery (logdev: internal)
[   28.855285] XFS (loop3): Metadata corruption detected at xfs_btree_lookup_get_block+0x272/0x2f0, xfs_refcountbt block 0x28
[   28.856679] XFS (loop3): Unmount and run xfs_repair
[   28.857174] XFS (loop0): Metadata corruption detected at xfs_btree_lookup_get_block+0x272/0x2f0, xfs_refcountbt block 0x28
[   28.857277] XFS (loop3): Failed to recover leftover CoW staging extents, err -117.
[   28.858605] XFS (loop0): Unmount and run xfs_repair
[   28.859499] XFS (loop3): Log I/O Error (0x2) detected at xlog_recover_finish+0xe7/0x160 (fs/xfs/xfs_log_recover.c:3520).  Shutting down filesystem.
[   28.860098] XFS (loop0): Failed to recover leftover CoW staging extents, err -117.
[   28.861660] XFS (loop3): Please unmount the filesystem and rectify the problem(s)
[   28.862118] XFS (loop5): Starting recovery (logdev: internal)
[   28.862576] XFS (loop0): Log I/O Error (0x2) detected at xlog_recover_finish+0xe7/0x160 (fs/xfs/xfs_log_recover.c:3520).  Shutting down filesystem.
[   28.864676] XFS (loop3): Ending recovery (logdev: internal)
[   28.865736] XFS (loop0): Please unmount the filesystem and rectify the problem(s)
[   28.866578] XFS (loop3): Error -5 reserving per-AG metadata reserve pool.
[   28.867820] XFS (loop0): Ending recovery (logdev: internal)
[   28.870325] XFS (loop0): Error -5 reserving per-AG metadata reserve pool.
[   28.870995] XFS (loop7): Metadata corruption detected at xfs_btree_lookup_get_block+0x272/0x2f0, xfs_refcountbt block 0x28
[   28.872509] XFS (loop7): Unmount and run xfs_repair
[   28.872834] XFS (loop5): Metadata corruption detected at xfs_btree_lookup_get_block+0x272/0x2f0, xfs_refcountbt block 0x28
[   28.873105] XFS (loop7): Failed to recover leftover CoW staging extents, err -117.
[   28.874422] XFS (loop5): Unmount and run xfs_repair
[   28.875314] XFS (loop7): Log I/O Error (0x2) detected at xlog_recover_finish+0xe7/0x160 (fs/xfs/xfs_log_recover.c:3520).  Shutting down filesystem.
[   28.875902] XFS (loop5): Failed to recover leftover CoW staging extents, err -117.
[   28.877479] XFS (loop7): Please unmount the filesystem and rectify the problem(s)
[   28.877968] XFS (loop7): Ending recovery (logdev: internal)
[   28.878392] XFS (loop5): Log I/O Error (0x2) detected at xlog_recover_finish+0xe7/0x160 (fs/xfs/xfs_log_recover.c:3520).  Shutting down filesystem.
[   28.879360] XFS (loop7): Error -5 reserving per-AG metadata reserve pool.
[   28.879946] XFS (loop5): Please unmount the filesystem and rectify the problem(s)
[   28.886271] XFS (loop5): Ending recovery (logdev: internal)
[   28.887041] XFS (loop5): Error -5 reserving per-AG metadata reserve pool.
[   29.074457] loop4: detected capacity change from 0 to 32768
[   29.155681] XFS (loop4): Mounting V5 Filesystem
[   29.185131] XFS (loop4): Starting recovery (logdev: internal)
[   29.187588] loop7: detected capacity change from 0 to 32768
[   29.189330] XFS (loop4): Metadata corruption detected at xfs_btree_lookup_get_block+0x272/0x2f0, xfs_refcountbt block 0x28
[   29.190684] XFS (loop4): Unmount and run xfs_repair
[   29.191281] XFS (loop4): Failed to recover leftover CoW staging extents, err -117.
[   29.192197] XFS (loop4): Log I/O Error (0x2) detected at xlog_recover_finish+0xe7/0x160 (fs/xfs/xfs_log_recover.c:3520).  Shutting down filesystem.
[   29.193792] XFS (loop4): Please unmount the filesystem and rectify the problem(s)
[   29.222340] XFS (loop4): Ending recovery (logdev: internal)
[   29.223109] XFS (loop4): Error -5 reserving per-AG metadata reserve pool.
[   29.231213] loop0: detected capacity change from 0 to 32768
[   29.244257] XFS (loop0): Mounting V5 Filesystem
[   29.260436] XFS (loop0): Starting recovery (logdev: internal)
[   29.263726] XFS (loop7): Mounting V5 Filesystem
[   29.265348] XFS (loop0): Metadata corruption detected at xfs_btree_lookup_get_block+0x272/0x2f0, xfs_refcountbt block 0x28
[   29.266702] XFS (loop0): Unmount and run xfs_repair
[   29.267302] XFS (loop0): Failed to recover leftover CoW staging extents, err -117.
[   29.268218] XFS (loop0): Log I/O Error (0x2) detected at xlog_recover_finish+0xe7/0x160 (fs/xfs/xfs_log_recover.c:3520).  Shutting down filesystem.
[   29.269834] XFS (loop0): Please unmount the filesystem and rectify the problem(s)
[   29.271298] loop5: detected capacity change from 0 to 32768
[   29.280694] loop2: detected capacity change from 0 to 32768
[   29.282854] loop1: detected capacity change from 0 to 32768
[   29.285029] XFS (loop0): Ending recovery (logdev: internal)
[   29.285831] XFS (loop0): Error -5 reserving per-AG metadata reserve pool.
[   29.311118] XFS (loop7): Starting recovery (logdev: internal)
[   29.313328] XFS (loop7): Metadata corruption detected at xfs_btree_lookup_get_block+0x272/0x2f0, xfs_refcountbt block 0x28
[   29.314684] XFS (loop7): Unmount and run xfs_repair
[   29.315284] XFS (loop7): Failed to recover leftover CoW staging extents, err -117.
[   29.316201] XFS (loop7): Log I/O Error (0x2) detected at xlog_recover_finish+0xe7/0x160 (fs/xfs/xfs_log_recover.c:3520).  Shutting down filesystem.
[   29.317808] XFS (loop7): Please unmount the filesystem and rectify the problem(s)
[   29.331330] loop6: detected capacity change from 0 to 32768
[   29.334716] loop3: detected capacity change from 0 to 32768
[   29.335812] XFS (loop7): Ending recovery (logdev: internal)
[   29.345366] XFS (loop5): Mounting V5 Filesystem
[   29.356481] XFS (loop7): Error -5 reserving per-AG metadata reserve pool.
[   29.374746] XFS (loop1): Mounting V5 Filesystem
[   29.375478] XFS (loop2): Mounting V5 Filesystem
[   29.377926] XFS (loop6): Mounting V5 Filesystem
[   29.378798] XFS (loop3): Mounting V5 Filesystem
[   29.383511] XFS (loop5): Starting recovery (logdev: internal)
[   29.385799] XFS (loop5): Metadata corruption detected at xfs_btree_lookup_get_block+0x272/0x2f0, xfs_refcountbt block 0x28
[   29.387157] XFS (loop5): Unmount and run xfs_repair
[   29.387756] XFS (loop5): Failed to recover leftover CoW staging extents, err -117.
[   29.388709] XFS (loop5): Log I/O Error (0x2) detected at xlog_recover_finish+0xe7/0x160 (fs/xfs/xfs_log_recover.c:3520).  Shutting down filesystem.
[   29.390282] XFS (loop5): Please unmount the filesystem and rectify the problem(s)
[   29.397317] XFS (loop1): Starting recovery (logdev: internal)
[   29.400323] XFS (loop1): Metadata corruption detected at xfs_btree_lookup_get_block+0x272/0x2f0, xfs_refcountbt block 0x28
[   29.401700] XFS (loop1): Unmount and run xfs_repair
[   29.402302] XFS (loop1): Failed to recover leftover CoW staging extents, err -117.
[   29.403214] XFS (loop1): Log I/O Error (0x2) detected at xlog_recover_finish+0xe7/0x160 (fs/xfs/xfs_log_recover.c:3520).  Shutting down filesystem.
[   29.404807] XFS (loop1): Please unmount the filesystem and rectify the problem(s)
[   29.410389] XFS (loop2): Starting recovery (logdev: internal)
[   29.411977] XFS (loop5): Ending recovery (logdev: internal)
[   29.412769] XFS (loop2): Metadata corruption detected at xfs_btree_lookup_get_block+0x272/0x2f0, xfs_refcountbt block 0x28
[   29.414102] XFS (loop2): Unmount and run xfs_repair
[   29.414694] XFS (loop2): Failed to recover leftover CoW staging extents, err -117.
[   29.415598] XFS (loop2): Log I/O Error (0x2) detected at xlog_recover_finish+0xe7/0x160 (fs/xfs/xfs_log_recover.c:3520).  Shutting down filesystem.
[   29.417203] XFS (loop2): Please unmount the filesystem and rectify the problem(s)
[   29.418161] XFS (loop5): Error -5 reserving per-AG metadata reserve pool.
[   29.420345] XFS (loop1): Ending recovery (logdev: internal)
[   29.421122] XFS (loop1): Error -5 reserving per-AG metadata reserve pool.
[   29.422122] XFS (loop2): Ending recovery (logdev: internal)
[   29.424034] XFS (loop2): Error -5 reserving per-AG metadata reserve pool.
[   29.437151] XFS (loop6): Starting recovery (logdev: internal)
[   29.440299] XFS (loop3): Starting recovery (logdev: internal)
[   29.442584] XFS (loop3): Metadata corruption detected at xfs_btree_lookup_get_block+0x272/0x2f0, xfs_refcountbt block 0x28
[   29.444691] XFS (loop3): Unmount and run xfs_repair
[   29.445607] XFS (loop3): Failed to recover leftover CoW staging extents, err -117.
[   29.447001] XFS (loop3): Log I/O Error (0x2) detected at xlog_recover_finish+0xe7/0x160 (fs/xfs/xfs_log_recover.c:3520).  Shutting down filesystem.
[   29.449643] XFS (loop6): Metadata corruption detected at xfs_btree_lookup_get_block+0x272/0x2f0, xfs_refcountbt block 0x28
[   29.449957] XFS (loop3): Please unmount the filesystem and rectify the problem(s)
[   29.451924] XFS (loop6): Unmount and run xfs_repair
[   29.453417] XFS (loop3): Ending recovery (logdev: internal)
[   29.454208] XFS (loop6): Failed to recover leftover CoW staging extents, err -117.
[   29.455352] XFS (loop3): Error -5 reserving per-AG metadata reserve pool.
[   29.456617] XFS (loop6): Log I/O Error (0x2) detected at xlog_recover_finish+0xe7/0x160 (fs/xfs/xfs_log_recover.c:3520).  Shutting down filesystem.
[   29.460231] XFS (loop6): Please unmount the filesystem and rectify the problem(s)
[   29.462941] loop4: detected capacity change from 0 to 32768
[   29.469713] XFS (loop6): Ending recovery (logdev: internal)
[   29.471307] XFS (loop6): Error -5 reserving per-AG metadata reserve pool.
[   29.512539] XFS (loop4): Mounting V5 Filesystem
[   29.577989] loop0: detected capacity change from 0 to 32768
[   29.586232] XFS (loop4): Starting recovery (logdev: internal)
[   29.588136] XFS (loop4): Metadata corruption detected at xfs_btree_lookup_get_block+0x272/0x2f0, xfs_refcountbt block 0x28
[   29.589841] XFS (loop4): Unmount and run xfs_repair
[   29.590620] XFS (loop4): Failed to recover leftover CoW staging extents, err -117.
[   29.591819] XFS (loop4): Log I/O Error (0x2) detected at xlog_recover_finish+0xe7/0x160 (fs/xfs/xfs_log_recover.c:3520).  Shutting down filesystem.
[   29.594104] XFS (loop4): Please unmount the filesystem and rectify the problem(s)
[   29.616574] XFS (loop4): Ending recovery (logdev: internal)
[   29.617805] XFS (loop4): Error -5 reserving per-AG metadata reserve pool.
[   29.693297] XFS (loop0): Mounting V5 Filesystem
[   29.715589] XFS (loop0): Starting recovery (logdev: internal)
[   29.717900] XFS (loop0): Metadata corruption detected at xfs_btree_lookup_get_block+0x272/0x2f0, xfs_refcountbt block 0x28
[   29.719923] XFS (loop0): Unmount and run xfs_repair
[   29.720870] XFS (loop0): Failed to recover leftover CoW staging extents, err -117.
[   29.722239] XFS (loop0): Log I/O Error (0x2) detected at xlog_recover_finish+0xe7/0x160 (fs/xfs/xfs_log_recover.c:3520).  Shutting down filesystem.
[   29.724621] XFS (loop0): Please unmount the filesystem and rectify the problem(s)
[   29.733499] loop2: detected capacity change from 0 to 32768
[   29.736886] XFS (loop0): Ending recovery (logdev: internal)
[   29.738223] XFS (loop0): Error -5 reserving per-AG metadata reserve pool.
[   29.742145] XFS (loop2): Mounting V5 Filesystem
[   29.796874] loop1: detected capacity change from 0 to 32768
[   29.806422] XFS (loop2): Starting recovery (logdev: internal)
[   29.811349] XFS (loop2): Metadata corruption detected at xfs_btree_lookup_get_block+0x272/0x2f0, xfs_refcountbt block 0x28
[   29.812945] XFS (loop2): Unmount and run xfs_repair
[   29.813642] XFS (loop2): Failed to recover leftover CoW staging extents, err -117.
[   29.814711] XFS (loop2): Log I/O Error (0x2) detected at xlog_recover_finish+0xe7/0x160 (fs/xfs/xfs_log_recover.c:3520).  Shutting down filesystem.
[   29.816625] XFS (loop2): Please unmount the filesystem and rectify the problem(s)
[   29.818194] XFS (loop2): Ending recovery (logdev: internal)
[   29.820340] XFS (loop2): Error -5 reserving per-AG metadata reserve pool.
[   29.847748] XFS (loop1): Mounting V5 Filesystem
[   29.862914] loop7: detected capacity change from 0 to 32768
[   29.875433] XFS (loop1): Starting recovery (logdev: internal)
[   29.879225] XFS (loop1): Metadata corruption detected at xfs_btree_lookup_get_block+0x272/0x2f0, xfs_refcountbt block 0x28
[   29.880880] XFS (loop1): Unmount and run xfs_repair
[   29.881589] XFS (loop1): Failed to recover leftover CoW staging extents, err -117.
[   29.882665] XFS (loop1): Log I/O Error (0x2) detected at xlog_recover_finish+0xe7/0x160 (fs/xfs/xfs_log_recover.c:3520).  Shutting down filesystem.
[   29.884580] XFS (loop1): Please unmount the filesystem and rectify the problem(s)
[   29.915464] XFS (loop1): Ending recovery (logdev: internal)
[   29.916651] XFS (loop1): Error -5 reserving per-AG metadata reserve pool.
[   29.920861] loop3: detected capacity change from 0 to 32768
[   29.927985] loop5: detected capacity change from 0 to 32768
[   29.934290] XFS (loop7): Mounting V5 Filesystem
[   29.944123] loop6: detected capacity change from 0 to 32768
[   29.988332] XFS (loop7): Starting recovery (logdev: internal)
[   29.990252] XFS (loop7): Metadata corruption detected at xfs_btree_lookup_get_block+0x272/0x2f0, xfs_refcountbt block 0x28
[   29.991801] XFS (loop7): Unmount and run xfs_repair
[   29.992543] XFS (loop7): Failed to recover leftover CoW staging extents, err -117.
[   29.993678] XFS (loop7): Log I/O Error (0x2) detected at xlog_recover_finish+0xe7/0x160 (fs/xfs/xfs_log_recover.c:3520).  Shutting down filesystem.
[   29.995543] XFS (loop7): Please unmount the filesystem and rectify the problem(s)
[   30.003703] XFS (loop3): Mounting V5 Filesystem
[   30.011837] XFS (loop5): Mounting V5 Filesystem
[   30.018461] XFS (loop7): Ending recovery (logdev: internal)
[   30.020764] XFS (loop7): Error -5 reserving per-AG metadata reserve pool.
[   30.044893] XFS (loop5): Starting recovery (logdev: internal)
[   30.046018] XFS (loop3): Starting recovery (logdev: internal)
[   30.047845] XFS (loop5): Metadata corruption detected at xfs_btree_lookup_get_block+0x272/0x2f0, xfs_refcountbt block 0x28
[   30.049423] XFS (loop5): Unmount and run xfs_repair
[   30.050092] XFS (loop5): Failed to recover leftover CoW staging extents, err -117.
[   30.051127] XFS (loop5): Log I/O Error (0x2) detected at xlog_recover_finish+0xe7/0x160 (fs/xfs/xfs_log_recover.c:3520).  Shutting down filesystem.
[   30.052952] XFS (loop5): Please unmount the filesystem and rectify the problem(s)
[   30.055359] XFS (loop3): Metadata corruption detected at xfs_btree_lookup_get_block+0x272/0x2f0, xfs_refcountbt block 0x28
[   30.057019] XFS (loop3): Unmount and run xfs_repair
[   30.057759] XFS (loop3): Failed to recover leftover CoW staging extents, err -117.
[   30.058938] XFS (loop3): Log I/O Error (0x2) detected at xlog_recover_finish+0xe7/0x160 (fs/xfs/xfs_log_recover.c:3520).  Shutting down filesystem.
[   30.061123] XFS (loop3): Please unmount the filesystem and rectify the problem(s)
[   30.063271] XFS (loop6): Mounting V5 Filesystem
[   30.083731] XFS (loop5): Ending recovery (logdev: internal)
[   30.086845] XFS (loop5): Error -5 reserving per-AG metadata reserve pool.
[   30.097672] XFS (loop3): Ending recovery (logdev: internal)
[   30.098947] XFS (loop3): Error -5 reserving per-AG metadata reserve pool.
[   30.119336] XFS (loop6): Starting recovery (logdev: internal)
[   30.121324] XFS (loop6): Metadata corruption detected at xfs_btree_lookup_get_block+0x272/0x2f0, xfs_refcountbt block 0x28
[   30.122784] XFS (loop6): Unmount and run xfs_repair
[   30.123449] XFS (loop6): Failed to recover leftover CoW staging extents, err -117.
[   30.124528] XFS (loop6): Log I/O Error (0x2) detected at xlog_recover_finish+0xe7/0x160 (fs/xfs/xfs_log_recover.c:3520).  Shutting down filesystem.
[   30.126334] XFS (loop6): Please unmount the filesystem and rectify the problem(s)
[   30.131882] XFS (loop6): Ending recovery (logdev: internal)
[   30.138412] XFS (loop6): Error -5 reserving per-AG metadata reserve pool.
[   30.147648] loop4: detected capacity change from 0 to 32768
[   30.155159] loop1: detected capacity change from 0 to 32768
[   30.185093] loop0: detected capacity change from 0 to 32768
[   30.211412] XFS (loop4): Mounting V5 Filesystem
[   30.213095] XFS (loop1): Mounting V5 Filesystem
[   30.255726] XFS (loop0): Mounting V5 Filesystem
[   30.277675] XFS (loop4): Starting recovery (logdev: internal)
[   30.291972] XFS (loop1): Starting recovery (logdev: internal)
[   30.294171] XFS (loop4): Metadata corruption detected at xfs_btree_lookup_get_block+0x272/0x2f0, xfs_refcountbt block 0x28
[   30.296200] XFS (loop4): Unmount and run xfs_repair
[   30.297146] XFS (loop4): Failed to recover leftover CoW staging extents, err -117.
[   30.298506] XFS (loop4): Log I/O Error (0x2) detected at xlog_recover_finish+0xe7/0x160 (fs/xfs/xfs_log_recover.c:3520).  Shutting down filesystem.
[   30.300877] XFS (loop4): Please unmount the filesystem and rectify the problem(s)
[   30.314135] XFS (loop1): Metadata corruption detected at xfs_btree_lookup_get_block+0x272/0x2f0, xfs_refcountbt block 0x28
[   30.316190] XFS (loop1): Unmount and run xfs_repair
[   30.317136] XFS (loop1): Failed to recover leftover CoW staging extents, err -117.
[   30.318495] XFS (loop1): Log I/O Error (0x2) detected at xlog_recover_finish+0xe7/0x160 (fs/xfs/xfs_log_recover.c:3520).  Shutting down filesystem.
[   30.320903] XFS (loop1): Please unmount the filesystem and rectify the problem(s)
[   30.331159] XFS (loop0): Starting recovery (logdev: internal)
[   30.333962] loop2: detected capacity change from 0 to 32768
[   30.346433] loop5: detected capacity change from 0 to 32768
[   30.348270] XFS (loop0): Metadata corruption detected at xfs_btree_lookup_get_block+0x272/0x2f0, xfs_refcountbt block 0x28
[   30.350365] XFS (loop0): Unmount and run xfs_repair
[   30.351266] XFS (loop0): Failed to recover leftover CoW staging extents, err -117.
[   30.352654] XFS (loop0): Log I/O Error (0x2) detected at xlog_recover_finish+0xe7/0x160 (fs/xfs/xfs_log_recover.c:3520).  Shutting down filesystem.
[   30.355004] XFS (loop0): Please unmount the filesystem and rectify the problem(s)
[   30.358598] XFS (loop0): Ending recovery (logdev: internal)
[   30.364203] XFS (loop0): Error -5 reserving per-AG metadata reserve pool.
[   30.389288] XFS (loop1): Ending recovery (logdev: internal)
[   30.390163] XFS (loop1): Error -5 reserving per-AG metadata reserve pool.
[   30.391204] XFS (loop4): Ending recovery (logdev: internal)
[   30.391995] XFS (loop4): Error -5 reserving per-AG metadata reserve pool.
[   30.400266] XFS (loop5): Mounting V5 Filesystem
[   30.410086] XFS (loop2): Mounting V5 Filesystem
[   30.425469] loop6: detected capacity change from 0 to 32768
[   30.431504] XFS (loop2): Starting recovery (logdev: internal)
[   30.434054] XFS (loop2): Metadata corruption detected at xfs_btree_lookup_get_block+0x272/0x2f0, xfs_refcountbt block 0x28
[   30.435689] XFS (loop2): Unmount and run xfs_repair
[   30.436487] XFS (loop2): Failed to recover leftover CoW staging extents, err -117.
[   30.437671] XFS (loop2): Log I/O Error (0x2) detected at xlog_recover_finish+0xe7/0x160 (fs/xfs/xfs_log_recover.c:3520).  Shutting down filesystem.
[   30.439906] XFS (loop2): Please unmount the filesystem and rectify the problem(s)
[   30.444199] XFS (loop6): Mounting V5 Filesystem
[   30.454420] XFS (loop5): Starting recovery (logdev: internal)
[   30.459385] XFS (loop5): Metadata corruption detected at xfs_btree_lookup_get_block+0x272/0x2f0, xfs_refcountbt block 0x28
[   30.460958] XFS (loop5): Unmount and run xfs_repair
[   30.461644] XFS (loop5): Failed to recover leftover CoW staging extents, err -117.
[   30.462692] XFS (loop5): Log I/O Error (0x2) detected at xlog_recover_finish+0xe7/0x160 (fs/xfs/xfs_log_recover.c:3520).  Shutting down filesystem.
[   30.464547] XFS (loop5): Please unmount the filesystem and rectify the problem(s)
[   30.479965] loop3: detected capacity change from 0 to 32768
[   30.480928] XFS (loop6): Starting recovery (logdev: internal)
[   30.481768] XFS (loop2): Ending recovery (logdev: internal)
[   30.483660] XFS (loop2): Error -5 reserving per-AG metadata reserve pool.
[   30.486543] XFS (loop5): Ending recovery (logdev: internal)
[   30.487717] XFS (loop5): Error -5 reserving per-AG metadata reserve pool.
[   30.495714] XFS (loop6): Metadata corruption detected at xfs_btree_lookup_get_block+0x272/0x2f0, xfs_refcountbt block 0x28
[   30.497849] XFS (loop6): Unmount and run xfs_repair
[   30.498750] XFS (loop6): Failed to recover leftover CoW staging extents, err -117.
[   30.500111] XFS (loop6): Log I/O Error (0x2) detected at xlog_recover_finish+0xe7/0x160 (fs/xfs/xfs_log_recover.c:3520).  Shutting down filesystem.
[   30.500362] loop7: detected capacity change from 0 to 32768
[   30.502487] XFS (loop6): Please unmount the filesystem and rectify the problem(s)
[   30.508678] XFS (loop6): Ending recovery (logdev: internal)
[   30.509858] XFS (loop6): Error -5 reserving per-AG metadata reserve pool.
[   30.515211] XFS (loop3): Mounting V5 Filesystem
[   30.527358] XFS (loop7): Mounting V5 Filesystem
[   30.543370] XFS (loop7): Starting recovery (logdev: internal)
[   30.547943] XFS (loop7): Metadata corruption detected at xfs_btree_lookup_get_block+0x272/0x2f0, xfs_refcountbt block 0x28
[   30.550072] XFS (loop7): Unmount and run xfs_repair
[   30.551001] XFS (loop7): Failed to recover leftover CoW staging extents, err -117.
[   30.552624] XFS (loop7): Log I/O Error (0x2) detected at xlog_recover_finish+0xe7/0x160 (fs/xfs/xfs_log_recover.c:3520).  Shutting down filesystem.
[   30.555152] XFS (loop7): Please unmount the filesystem and rectify the problem(s)
[   30.556713] XFS (loop7): Ending recovery (logdev: internal)
[   30.557838] XFS (loop7): Error -5 reserving per-AG metadata reserve pool.
[   30.586521] XFS (loop3): Starting recovery (logdev: internal)
[   30.595835] XFS (loop3): Metadata corruption detected at xfs_btree_lookup_get_block+0x272/0x2f0, xfs_refcountbt block 0x28
[   30.597938] XFS (loop3): Unmount and run xfs_repair
[   30.598840] XFS (loop3): Failed to recover leftover CoW staging extents, err -117.
[   30.600208] XFS (loop3): Log I/O Error (0x2) detected at xlog_recover_finish+0xe7/0x160 (fs/xfs/xfs_log_recover.c:3520).  Shutting down filesystem.
[   30.602580] XFS (loop3): Please unmount the filesystem and rectify the problem(s)
[   30.626125] XFS (loop3): Ending recovery (logdev: internal)
[   30.641682] XFS (loop3): Error -5 reserving per-AG metadata reserve pool.
[   30.712469] loop0: detected capacity change from 0 to 32768
[   30.724559] XFS (loop0): Mounting V5 Filesystem
[   30.739722] XFS (loop0): Starting recovery (logdev: internal)
[   30.742456] XFS (loop0): Metadata corruption detected at xfs_btree_lookup_get_block+0x272/0x2f0, xfs_refcountbt block 0x28
[   30.744572] XFS (loop0): Unmount and run xfs_repair
[   30.745490] XFS (loop0): Failed to recover leftover CoW staging extents, err -117.
[   30.746881] XFS (loop0): Log I/O Error (0x2) detected at xlog_recover_finish+0xe7/0x160 (fs/xfs/xfs_log_recover.c:3520).  Shutting down filesystem.
[   30.749321] XFS (loop0): Please unmount the filesystem and rectify the problem(s)
[   30.751002] XFS (loop0): Ending recovery (logdev: internal)
[   30.752141] XFS (loop0): Error -5 reserving per-AG metadata reserve pool.
[   30.776373] loop4: detected capacity change from 0 to 32768
[   30.790947] XFS (loop4): Mounting V5 Filesystem
[   30.825682] loop2: detected capacity change from 0 to 32768
[   30.827800] XFS (loop4): Starting recovery (logdev: internal)
[   30.833442] XFS (loop4): Metadata corruption detected at xfs_btree_lookup_get_block+0x272/0x2f0, xfs_refcountbt block 0x28
[   30.835477] XFS (loop4): Unmount and run xfs_repair
[   30.836389] XFS (loop4): Failed to recover leftover CoW staging extents, err -117.
[   30.837814] XFS (loop4): Log I/O Error (0x2) detected at xlog_recover_finish+0xe7/0x160 (fs/xfs/xfs_log_recover.c:3520).  Shutting down filesystem.
[   30.840157] XFS (loop4): Please unmount the filesystem and rectify the problem(s)
[   30.846604] XFS (loop2): Mounting V5 Filesystem
[   30.865864] loop1: detected capacity change from 0 to 32768
[   30.867328] XFS (loop4): Ending recovery (logdev: internal)
[   30.875748] XFS (loop4): Error -5 reserving per-AG metadata reserve pool.
[   30.885708] XFS (loop2): Starting recovery (logdev: internal)
[   30.888933] XFS (loop2): Metadata corruption detected at xfs_btree_lookup_get_block+0x272/0x2f0, xfs_refcountbt block 0x28
[   30.890983] XFS (loop2): Unmount and run xfs_repair
[   30.891879] XFS (loop2): Failed to recover leftover CoW staging extents, err -117.
[   30.893282] XFS (loop2): Log I/O Error (0x2) detected at xlog_recover_finish+0xe7/0x160 (fs/xfs/xfs_log_recover.c:3520).  Shutting down filesystem.
[   30.895638] XFS (loop2): Please unmount the filesystem and rectify the problem(s)
[   30.938207] loop5: detected capacity change from 0 to 32768
[   30.941683] XFS (loop1): Mounting V5 Filesystem
[   30.944805] XFS (loop2): Ending recovery (logdev: internal)
[   30.945682] XFS (loop2): Error -5 reserving per-AG metadata reserve pool.
[   30.976500] loop0: detected capacity change from 0 to 32768
[   30.985154] XFS (loop1): Starting recovery (logdev: internal)
[   30.987566] XFS (loop1): Metadata corruption detected at xfs_btree_lookup_get_block+0x272/0x2f0, xfs_refcountbt block 0x28
[   30.989633] XFS (loop1): Unmount and run xfs_repair
[   30.990533] XFS (loop1): Failed to recover leftover CoW staging extents, err -117.
[   30.991894] XFS (loop1): Log I/O Error (0x2) detected at xlog_recover_finish+0xe7/0x160 (fs/xfs/xfs_log_recover.c:3520).  Shutting down filesystem.
[   30.992869] XFS (loop0): Mounting V5 Filesystem
[   30.994275] XFS (loop1): Please unmount the filesystem and rectify the problem(s)
[   31.013035] XFS (loop0): Starting recovery (logdev: internal)
[   31.015524] XFS (loop0): Metadata corruption detected at xfs_btree_lookup_get_block+0x272/0x2f0, xfs_refcountbt block 0x28
[   31.016998] XFS (loop0): Unmount and run xfs_repair
[   31.017659] XFS (loop0): Failed to recover leftover CoW staging extents, err -117.
[   31.018662] XFS (loop0): Log I/O Error (0x2) detected at xlog_recover_finish+0xe7/0x160 (fs/xfs/xfs_log_recover.c:3520).  Shutting down filesystem.
[   31.020437] XFS (loop0): Please unmount the filesystem and rectify the problem(s)
[   31.031893] XFS (loop5): Mounting V5 Filesystem
[   31.046006] loop3: detected capacity change from 0 to 32768
[   31.047345] XFS (loop1): Ending recovery (logdev: internal)
[   31.048843] XFS (loop1): Error -5 reserving per-AG metadata reserve pool.
[   31.061494] XFS (loop5): Starting recovery (logdev: internal)
[   31.075357] XFS (loop5): Metadata corruption detected at xfs_btree_lookup_get_block+0x272/0x2f0, xfs_refcountbt block 0x28
[   31.077459] XFS (loop5): Unmount and run xfs_repair
[   31.078361] XFS (loop5): Failed to recover leftover CoW staging extents, err -117.
[   31.079726] XFS (loop5): Log I/O Error (0x2) detected at xlog_recover_finish+0xe7/0x160 (fs/xfs/xfs_log_recover.c:3520).  Shutting down filesystem.
[   31.082119] XFS (loop5): Please unmount the filesystem and rectify the problem(s)
[   31.087369] XFS (loop0): Ending recovery (logdev: internal)
[   31.088606] XFS (loop0): Error -5 reserving per-AG metadata reserve pool.
[   31.094276] loop7: detected capacity change from 0 to 32768
[   31.109609] XFS (loop7): Mounting V5 Filesystem
[   31.138365] XFS (loop3): Mounting V5 Filesystem
[   31.146031] XFS (loop7): Starting recovery (logdev: internal)
[   31.147780] XFS (loop7): Metadata corruption detected at xfs_btree_lookup_get_block+0x272/0x2f0, xfs_refcountbt block 0x28
[   31.149412] XFS (loop7): Unmount and run xfs_repair
[   31.150092] XFS (loop7): Failed to recover leftover CoW staging extents, err -117.
[   31.151144] XFS (loop7): Log I/O Error (0x2) detected at xlog_recover_finish+0xe7/0x160 (fs/xfs/xfs_log_recover.c:3520).  Shutting down filesystem.
[   31.153173] XFS (loop7): Please unmount the filesystem and rectify the problem(s)
[   31.157607] loop4: detected capacity change from 0 to 32768
[   31.169502] XFS (loop4): Mounting V5 Filesystem
[   31.172320] XFS (loop5): Ending recovery (logdev: internal)
[   31.173398] XFS (loop5): Error -5 reserving per-AG metadata reserve pool.
[   31.184666] XFS (loop7): Ending recovery (logdev: internal)
[   31.185579] XFS (loop7): Error -5 reserving per-AG metadata reserve pool.
[   31.197291] XFS (loop3): Starting recovery (logdev: internal)
[   31.199359] XFS (loop3): Metadata corruption detected at xfs_btree_lookup_get_block+0x272/0x2f0, xfs_refcountbt block 0x28
[   31.201443] XFS (loop3): Unmount and run xfs_repair
[   31.202338] XFS (loop3): Failed to recover leftover CoW staging extents, err -117.
[   31.203693] XFS (loop3): Log I/O Error (0x2) detected at xlog_recover_finish+0xe7/0x160 (fs/xfs/xfs_log_recover.c:3520).  Shutting down filesystem.
[   31.206081] XFS (loop3): Please unmount the filesystem and rectify the problem(s)
[   31.231038] loop2: detected capacity change from 0 to 32768
[   31.240574] XFS (loop4): Starting recovery (logdev: internal)
[   31.247070] XFS (loop4): Metadata corruption detected at xfs_btree_lookup_get_block+0x272/0x2f0, xfs_refcountbt block 0x28
[   31.248519] XFS (loop4): Unmount and run xfs_repair
[   31.249171] XFS (loop4): Failed to recover leftover CoW staging extents, err -117.
[   31.250099] XFS (loop4): Log I/O Error (0x2) detected at xlog_recover_finish+0xe7/0x160 (fs/xfs/xfs_log_recover.c:3520).  Shutting down filesystem.
[   31.251708] XFS (loop4): Please unmount the filesystem and rectify the problem(s)
[   31.266292] XFS (loop4): Ending recovery (logdev: internal)
[   31.267424] XFS (loop4): Error -5 reserving per-AG metadata reserve pool.
[   31.268842] loop1: detected capacity change from 0 to 32768
[   31.269759] XFS (loop3): Ending recovery (logdev: internal)
[   31.270475] XFS (loop3): Error -5 reserving per-AG metadata reserve pool.
[   31.271325] XFS (loop2): Mounting V5 Filesystem
[   31.308036] XFS (loop2): Starting recovery (logdev: internal)
[   31.310921] XFS (loop2): Metadata corruption detected at xfs_btree_lookup_get_block+0x272/0x2f0, xfs_refcountbt block 0x28
[   31.312283] XFS (loop2): Unmount and run xfs_repair
[   31.312900] XFS (loop2): Failed to recover leftover CoW staging extents, err -117.
[   31.313298] loop6: detected capacity change from 0 to 32768
[   31.313807] XFS (loop2): Log I/O Error (0x2) detected at xlog_recover_finish+0xe7/0x160 (fs/xfs/xfs_log_recover.c:3520).  Shutting down filesystem.
[   31.316085] XFS (loop2): Please unmount the filesystem and rectify the problem(s)
[   31.317560] XFS (loop2): Ending recovery (logdev: internal)
[   31.318339] XFS (loop2): Error -5 reserving per-AG metadata reserve pool.
[   31.329886] XFS (loop1): Mounting V5 Filesystem
[   31.342296] XFS (loop6): Mounting V5 Filesystem
[   31.343709] XFS (loop1): Starting recovery (logdev: internal)
[   31.346658] XFS (loop1): Metadata corruption detected at xfs_btree_lookup_get_block+0x272/0x2f0, xfs_refcountbt block 0x28
[   31.348057] XFS (loop1): Unmount and run xfs_repair
[   31.348736] XFS (loop1): Failed to recover leftover CoW staging extents, err -117.
[   31.349723] XFS (loop1): Log I/O Error (0x2) detected at xlog_recover_finish+0xe7/0x160 (fs/xfs/xfs_log_recover.c:3520).  Shutting down filesystem.
[   31.351327] XFS (loop1): Please unmount the filesystem and rectify the problem(s)
[   31.355502] XFS (loop1): Ending recovery (logdev: internal)
[   31.356235] XFS (loop1): Error -5 reserving per-AG metadata reserve pool.
[   31.369997] XFS (loop6): Starting recovery (logdev: internal)
[   31.371507] XFS (loop6): Metadata corruption detected at xfs_btree_lookup_get_block+0x272/0x2f0, xfs_refcountbt block 0x28
[   31.372890] XFS (loop6): Unmount and run xfs_repair
[   31.373488] XFS (loop6): Failed to recover leftover CoW staging extents, err -117.
[   31.374399] XFS (loop6): Log I/O Error (0x2) detected at xlog_recover_finish+0xe7/0x160 (fs/xfs/xfs_log_recover.c:3520).  Shutting down filesystem.
[   31.375972] XFS (loop6): Please unmount the filesystem and rectify the problem(s)
[   31.387495] XFS (loop6): Ending recovery (logdev: internal)
[   31.388244] XFS (loop6): Error -5 reserving per-AG metadata reserve pool.
[   31.510177] loop5: detected capacity change from 0 to 32768
[   31.580764] XFS (loop5): Mounting V5 Filesystem
[   31.582835] loop0: detected capacity change from 0 to 32768
[   31.592578] loop2: detected capacity change from 0 to 32768
[   31.607071] XFS (loop5): Starting recovery (logdev: internal)
[   31.610698] XFS (loop5): Metadata corruption detected at xfs_btree_lookup_get_block+0x272/0x2f0, xfs_refcountbt block 0x28
[   31.612058] XFS (loop5): Unmount and run xfs_repair
[   31.612699] XFS (loop5): Failed to recover leftover CoW staging extents, err -117.
[   31.612902] loop6: detected capacity change from 0 to 32768
[   31.613610] XFS (loop5): Log I/O Error (0x2) detected at xlog_recover_finish+0xe7/0x160 (fs/xfs/xfs_log_recover.c:3520).  Shutting down filesystem.
[   31.615851] XFS (loop5): Please unmount the filesystem and rectify the problem(s)
[   31.634390] loop4: detected capacity change from 0 to 32768
[   31.635288] XFS (loop5): Ending recovery (logdev: internal)
[   31.636010] XFS (loop5): Error -5 reserving per-AG metadata reserve pool.
[   31.657903] loop7: detected capacity change from 0 to 32768
[   31.659184] XFS (loop0): Mounting V5 Filesystem
[   31.667462] XFS (loop4): Mounting V5 Filesystem
[   31.670712] XFS (loop2): Mounting V5 Filesystem
[   31.683695] XFS (loop7): Mounting V5 Filesystem
[   31.692914] XFS (loop0): Starting recovery (logdev: internal)
[   31.694527] XFS (loop0): Metadata corruption detected at xfs_btree_lookup_get_block+0x272/0x2f0, xfs_refcountbt block 0x28
[   31.695881] XFS (loop0): Unmount and run xfs_repair
[   31.696459] loop1: detected capacity change from 0 to 32768
[   31.696513] XFS (loop0): Failed to recover leftover CoW staging extents, err -117.
[   31.698080] XFS (loop0): Log I/O Error (0x2) detected at xlog_recover_finish+0xe7/0x160 (fs/xfs/xfs_log_recover.c:3520).  Shutting down filesystem.
[   31.699644] XFS (loop0): Please unmount the filesystem and rectify the problem(s)
[   31.702483] XFS (loop6): Mounting V5 Filesystem
[   31.708538] XFS (loop7): Starting recovery (logdev: internal)
[   31.713227] XFS (loop7): Metadata corruption detected at xfs_btree_lookup_get_block+0x272/0x2f0, xfs_refcountbt block 0x28
[   31.714569] XFS (loop7): Unmount and run xfs_repair
[   31.715169] XFS (loop7): Failed to recover leftover CoW staging extents, err -117.
[   31.716082] XFS (loop7): Log I/O Error (0x2) detected at xlog_recover_finish+0xe7/0x160 (fs/xfs/xfs_log_recover.c:3520).  Shutting down filesystem.
[   31.717695] XFS (loop7): Please unmount the filesystem and rectify the problem(s)
[   31.737490] XFS (loop0): Ending recovery (logdev: internal)
[   31.738163] XFS (loop7): Ending recovery (logdev: internal)
[   31.740458] XFS (loop7): Error -5 reserving per-AG metadata reserve pool.
[   31.742329] XFS (loop0): Error -5 reserving per-AG metadata reserve pool.
[   31.746236] XFS (loop4): Starting recovery (logdev: internal)
[   31.747762] XFS (loop4): Metadata corruption detected at xfs_btree_lookup_get_block+0x272/0x2f0, xfs_refcountbt block 0x28
[   31.748004] XFS (loop2): Starting recovery (logdev: internal)
[   31.749149] XFS (loop4): Unmount and run xfs_repair
[   31.750456] XFS (loop4): Failed to recover leftover CoW staging extents, err -117.
[   31.751145] XFS (loop2): Metadata corruption detected at xfs_btree_lookup_get_block+0x272/0x2f0, xfs_refcountbt block 0x28
[   31.751368] XFS (loop4): Log I/O Error (0x2) detected at xlog_recover_finish+0xe7/0x160 (fs/xfs/xfs_log_recover.c:3520).  Shutting down filesystem.
[   31.752723] XFS (loop2): Unmount and run xfs_repair
[   31.754259] XFS (loop4): Please unmount the filesystem and rectify the problem(s)
[   31.754851] XFS (loop2): Failed to recover leftover CoW staging extents, err -117.
[   31.756669] XFS (loop2): Log I/O Error (0x2) detected at xlog_recover_finish+0xe7/0x160 (fs/xfs/xfs_log_recover.c:3520).  Shutting down filesystem.
[   31.758236] XFS (loop2): Please unmount the filesystem and rectify the problem(s)
[   31.759113] XFS (loop4): Ending recovery (logdev: internal)
[   31.759206] XFS (loop2): Ending recovery (logdev: internal)
[   31.759845] XFS (loop4): Error -5 reserving per-AG metadata reserve pool.
[   31.761116] XFS (loop2): Error -5 reserving per-AG metadata reserve pool.
[   31.781240] XFS (loop6): Starting recovery (logdev: internal)
[   31.783009] loop3: detected capacity change from 0 to 32768
[   31.786285] XFS (loop1): Mounting V5 Filesystem
[   31.786543] XFS (loop6): Metadata corruption detected at xfs_btree_lookup_get_block+0x272/0x2f0, xfs_refcountbt block 0x28
[   31.788197] XFS (loop6): Unmount and run xfs_repair
[   31.788819] XFS (loop6): Failed to recover leftover CoW staging extents, err -117.
[   31.789726] XFS (loop6): Log I/O Error (0x2) detected at xlog_recover_finish+0xe7/0x160 (fs/xfs/xfs_log_recover.c:3520).  Shutting down filesystem.
[   31.791290] XFS (loop6): Please unmount the filesystem and rectify the problem(s)
[   31.794491] XFS (loop6): Ending recovery (logdev: internal)
[   31.795963] XFS (loop6): Error -5 reserving per-AG metadata reserve pool.
[   31.828059] XFS (loop1): Starting recovery (logdev: internal)
[   31.838514] XFS (loop1): Metadata corruption detected at xfs_btree_lookup_get_block+0x272/0x2f0, xfs_refcountbt block 0x28
[   31.839877] XFS (loop1): Unmount and run xfs_repair
[   31.840516] XFS (loop1): Failed to recover leftover CoW staging extents, err -117.
[   31.841426] XFS (loop1): Log I/O Error (0x2) detected at xlog_recover_finish+0xe7/0x160 (fs/xfs/xfs_log_recover.c:3520).  Shutting down filesystem.
[   31.842339] loop5: detected capacity change from 0 to 32768
[   31.842994] XFS (loop1): Please unmount the filesystem and rectify the problem(s)
[   31.847341] XFS (loop1): Ending recovery (logdev: internal)
[   31.848384] XFS (loop1): Error -5 reserving per-AG metadata reserve pool.
[   31.851145] XFS (loop5): Mounting V5 Filesystem
[   31.851824] XFS (loop3): Mounting V5 Filesystem
[   31.858454] XFS (loop5): Starting recovery (logdev: internal)
[   31.859996] XFS (loop5): Metadata corruption detected at xfs_btree_lookup_get_block+0x272/0x2f0, xfs_refcountbt block 0x28
[   31.861375] XFS (loop5): Unmount and run xfs_repair
[   31.861978] XFS (loop5): Failed to recover leftover CoW staging extents, err -117.
[   31.862888] XFS (loop5): Log I/O Error (0x2) detected at xlog_recover_finish+0xe7/0x160 (fs/xfs/xfs_log_recover.c:3520).  Shutting down filesystem.
[   31.864506] XFS (loop5): Please unmount the filesystem and rectify the problem(s)
[   31.866825] XFS (loop5): Ending recovery (logdev: internal)
[   31.867546] XFS (loop5): Error -5 reserving per-AG metadata reserve pool.
[   31.887495] XFS (loop3): Starting recovery (logdev: internal)
[   31.892016] XFS (loop3): Metadata corruption detected at xfs_btree_lookup_get_block+0x272/0x2f0, xfs_refcountbt block 0x28
[   31.893408] XFS (loop3): Unmount and run xfs_repair
[   31.894008] XFS (loop3): Failed to recover leftover CoW staging extents, err -117.
[   31.894919] XFS (loop3): Log I/O Error (0x2) detected at xlog_recover_finish+0xe7/0x160 (fs/xfs/xfs_log_recover.c:3520).  Shutting down filesystem.
[   31.896523] XFS (loop3): Please unmount the filesystem and rectify the problem(s)
[   31.897465] XFS (loop3): Ending recovery (logdev: internal)
[   31.898173] XFS (loop3): Error -5 reserving per-AG metadata reserve pool.
[   31.968562] loop7: detected capacity change from 0 to 32768
[   32.066314] XFS (loop7): Mounting V5 Filesystem
[   32.089497] loop6: detected capacity change from 0 to 32768
[   32.100389] XFS (loop7): Starting recovery (logdev: internal)
[   32.102067] XFS (loop7): Metadata corruption detected at xfs_btree_lookup_get_block+0x272/0x2f0, xfs_refcountbt block 0x28
[   32.103426] XFS (loop7): Unmount and run xfs_repair
[   32.104024] XFS (loop7): Failed to recover leftover CoW staging extents, err -117.
[   32.104291] loop1: detected capacity change from 0 to 32768
[   32.104966] XFS (loop7): Log I/O Error (0x2) detected at xlog_recover_finish+0xe7/0x160 (fs/xfs/xfs_log_recover.c:3520).  Shutting down filesystem.
[   32.107210] XFS (loop7): Please unmount the filesystem and rectify the problem(s)
[   32.114474] XFS (loop7): Ending recovery (logdev: internal)
[   32.115247] XFS (loop7): Error -5 reserving per-AG metadata reserve pool.
[   32.135657] loop4: detected capacity change from 0 to 32768
[   32.173961] XFS (loop6): Mounting V5 Filesystem
[   32.185254] loop0: detected capacity change from 0 to 32768
[   32.192182] XFS (loop1): Mounting V5 Filesystem
[   32.203887] XFS (loop1): Starting recovery (logdev: internal)
[   32.205737] XFS (loop4): Mounting V5 Filesystem
[   32.206417] XFS (loop1): Metadata corruption detected at xfs_btree_lookup_get_block+0x272/0x2f0, xfs_refcountbt block 0x28
[   32.207752] XFS (loop1): Unmount and run xfs_repair
[   32.208363] XFS (loop1): Failed to recover leftover CoW staging extents, err -117.
[   32.209297] XFS (loop1): Log I/O Error (0x2) detected at xlog_recover_finish+0xe7/0x160 (fs/xfs/xfs_log_recover.c:3520).  Shutting down filesystem.
[   32.210918] XFS (loop1): Please unmount the filesystem and rectify the problem(s)
[   32.211826] XFS (loop1): Ending recovery (logdev: internal)
[   32.212592] XFS (loop1): Error -5 reserving per-AG metadata reserve pool.
[   32.228952] XFS (loop6): Starting recovery (logdev: internal)
[   32.232225] XFS (loop6): Metadata corruption detected at xfs_btree_lookup_get_block+0x272/0x2f0, xfs_refcountbt block 0x28
[   32.233608] XFS (loop6): Unmount and run xfs_repair
[   32.234209] XFS (loop6): Failed to recover leftover CoW staging extents, err -117.
[   32.235122] XFS (loop6): Log I/O Error (0x2) detected at xlog_recover_finish+0xe7/0x160 (fs/xfs/xfs_log_recover.c:3520).  Shutting down filesystem.
[   32.236742] XFS (loop6): Please unmount the filesystem and rectify the problem(s)
[   32.250280] XFS (loop6): Ending recovery (logdev: internal)
[   32.251189] XFS (loop6): Error -5 reserving per-AG metadata reserve pool.
[   32.258065] XFS (loop4): Starting recovery (logdev: internal)
[   32.260242] XFS (loop4): Metadata corruption detected at xfs_btree_lookup_get_block+0x272/0x2f0, xfs_refcountbt block 0x28
[   32.261771] XFS (loop4): Unmount and run xfs_repair
[   32.262451] XFS (loop4): Failed to recover leftover CoW staging extents, err -117.
[   32.263489] XFS (loop4): Log I/O Error (0x2) detected at xlog_recover_finish+0xe7/0x160 (fs/xfs/xfs_log_recover.c:3520).  Shutting down filesystem.
[   32.265335] XFS (loop4): Please unmount the filesystem and rectify the problem(s)
[   32.270039] XFS (loop0): Mounting V5 Filesystem
[   32.277122] XFS (loop4): Ending recovery (logdev: internal)
[   32.280636] XFS (loop4): Error -5 reserving per-AG metadata reserve pool.
[   32.280667] loop2: detected capacity change from 0 to 32768
[   32.298328] XFS (loop0): Starting recovery (logdev: internal)
[   32.300141] XFS (loop0): Metadata corruption detected at xfs_btree_lookup_get_block+0x272/0x2f0, xfs_refcountbt block 0x28
[   32.301715] XFS (loop0): Unmount and run xfs_repair
[   32.302399] XFS (loop0): Failed to recover leftover CoW staging extents, err -117.
[   32.303447] XFS (loop0): Log I/O Error (0x2) detected at xlog_recover_finish+0xe7/0x160 (fs/xfs/xfs_log_recover.c:3520).  Shutting down filesystem.
[   32.305317] XFS (loop0): Please unmount the filesystem and rectify the problem(s)
[   32.305918] loop5: detected capacity change from 0 to 32768
[   32.309139] XFS (loop0): Ending recovery (logdev: internal)
[   32.310133] XFS (loop0): Error -5 reserving per-AG metadata reserve pool.
[   32.343517] loop3: detected capacity change from 0 to 32768
[   32.371752] XFS (loop2): Mounting V5 Filesystem
[   32.392542] XFS (loop3): Mounting V5 Filesystem
[   32.393619] XFS (loop5): Mounting V5 Filesystem
[   32.400984] loop7: detected capacity change from 0 to 32768
[   32.422409] XFS (loop2): Starting recovery (logdev: internal)
[   32.447741] XFS (loop2): Metadata corruption detected at xfs_btree_lookup_get_block+0x272/0x2f0, xfs_refcountbt block 0x28
[   32.449863] XFS (loop2): Unmount and run xfs_repair
[   32.450778] XFS (loop2): Failed to recover leftover CoW staging extents, err -117.
[   32.452177] XFS (loop2): Log I/O Error (0x2) detected at xlog_recover_finish+0xe7/0x160 (fs/xfs/xfs_log_recover.c:3520).  Shutting down filesystem.
[   32.454625] XFS (loop2): Please unmount the filesystem and rectify the problem(s)
[   32.457256] XFS (loop2): Ending recovery (logdev: internal)
[   32.459515] XFS (loop2): Error -5 reserving per-AG metadata reserve pool.
[   32.481312] XFS (loop3): Starting recovery (logdev: internal)
[   32.486009] XFS (loop3): Metadata corruption detected at xfs_btree_lookup_get_block+0x272/0x2f0, xfs_refcountbt block 0x28
[   32.487830] XFS (loop3): Unmount and run xfs_repair
[   32.488743] XFS (loop3): Failed to recover leftover CoW staging extents, err -117.
[   32.490106] XFS (loop3): Log I/O Error (0x2) detected at xlog_recover_finish+0xe7/0x160 (fs/xfs/xfs_log_recover.c:3520).  Shutting down filesystem.
[   32.492478] XFS (loop3): Please unmount the filesystem and rectify the problem(s)
[   32.500868] loop6: detected capacity change from 0 to 32768
[   32.505236] XFS (loop5): Starting recovery (logdev: internal)
[   32.533193] XFS (loop5): Metadata corruption detected at xfs_btree_lookup_get_block+0x272/0x2f0, xfs_refcountbt block 0x28
[   32.535235] XFS (loop5): Unmount and run xfs_repair
[   32.535359] XFS (loop7): Mounting V5 Filesystem
[   32.536130] XFS (loop5): Failed to recover leftover CoW staging extents, err -117.
[   32.538429] XFS (loop5): Log I/O Error (0x2) detected at xlog_recover_finish+0xe7/0x160 (fs/xfs/xfs_log_recover.c:3520).  Shutting down filesystem.
[   32.540805] XFS (loop5): Please unmount the filesystem and rectify the problem(s)
[   32.544617] XFS (loop3): Ending recovery (logdev: internal)
[   32.545797] XFS (loop3): Error -5 reserving per-AG metadata reserve pool.
[   32.565860] XFS (loop5): Ending recovery (logdev: internal)
[   32.567158] loop1: detected capacity change from 0 to 32768
[   32.568434] XFS (loop5): Error -5 reserving per-AG metadata reserve pool.
[   32.585593] XFS (loop7): Starting recovery (logdev: internal)
[   32.589021] XFS (loop7): Metadata corruption detected at xfs_btree_lookup_get_block+0x272/0x2f0, xfs_refcountbt block 0x28
[   32.591107] XFS (loop7): Unmount and run xfs_repair
[   32.592026] XFS (loop7): Failed to recover leftover CoW staging extents, err -117.
[   32.593486] XFS (loop7): Log I/O Error (0x2) detected at xlog_recover_finish+0xe7/0x160 (fs/xfs/xfs_log_recover.c:3520).  Shutting down filesystem.
[   32.595968] XFS (loop7): Please unmount the filesystem and rectify the problem(s)
[   32.612749] XFS (loop7): Ending recovery (logdev: internal)
[   32.620024] XFS (loop7): Error -5 reserving per-AG metadata reserve pool.
[   32.625415] XFS (loop6): Mounting V5 Filesystem
[   32.635170] XFS (loop1): Mounting V5 Filesystem
[   32.657588] XFS (loop6): Starting recovery (logdev: internal)
[   32.662839] XFS (loop6): Metadata corruption detected at xfs_btree_lookup_get_block+0x272/0x2f0, xfs_refcountbt block 0x28
[   32.664918] XFS (loop6): Unmount and run xfs_repair
[   32.665816] XFS (loop6): Failed to recover leftover CoW staging extents, err -117.
[   32.667009] XFS (loop6): Log I/O Error (0x2) detected at xlog_recover_finish+0xe7/0x160 (fs/xfs/xfs_log_recover.c:3520).  Shutting down filesystem.
[   32.668691] XFS (loop6): Please unmount the filesystem and rectify the problem(s)
[   32.674706] XFS (loop1): Starting recovery (logdev: internal)
[   32.677472] XFS (loop1): Metadata corruption detected at xfs_btree_lookup_get_block+0x272/0x2f0, xfs_refcountbt block 0x28
[   32.679128] XFS (loop1): Unmount and run xfs_repair
[   32.679892] XFS (loop1): Failed to recover leftover CoW staging extents, err -117.
[   32.681132] XFS (loop1): Log I/O Error (0x2) detected at xlog_recover_finish+0xe7/0x160 (fs/xfs/xfs_log_recover.c:3520).  Shutting down filesystem.
[   32.683359] XFS (loop1): Please unmount the filesystem and rectify the problem(s)
[   32.707874] loop0: detected capacity change from 0 to 32768
[   32.711417] XFS (loop6): Ending recovery (logdev: internal)
[   32.719944] XFS (loop1): Ending recovery (logdev: internal)
[   32.721241] XFS (loop1): Error -5 reserving per-AG metadata reserve pool.
[   32.722697] XFS (loop6): Error -5 reserving per-AG metadata reserve pool.
[   32.729622] loop2: detected capacity change from 0 to 32768
[   32.803192] XFS (loop0): Mounting V5 Filesystem
[   32.823494] XFS (loop2): Mounting V5 Filesystem
[   32.833101] XFS (loop0): Starting recovery (logdev: internal)
[   32.834867] XFS (loop0): Metadata corruption detected at xfs_btree_lookup_get_block+0x272/0x2f0, xfs_refcountbt block 0x28
[   32.836382] XFS (loop0): Unmount and run xfs_repair
[   32.837096] XFS (loop0): Failed to recover leftover CoW staging extents, err -117.
[   32.838144] XFS (loop0): Log I/O Error (0x2) detected at xlog_recover_finish+0xe7/0x160 (fs/xfs/xfs_log_recover.c:3520).  Shutting down filesystem.
[   32.839966] XFS (loop0): Please unmount the filesystem and rectify the problem(s)
[   32.841066] XFS (loop0): Ending recovery (logdev: internal)
[   32.841912] XFS (loop0): Error -5 reserving per-AG metadata reserve pool.
[   32.863494] XFS (loop2): Starting recovery (logdev: internal)
[   32.866507] XFS (loop2): Metadata corruption detected at xfs_btree_lookup_get_block+0x272/0x2f0, xfs_refcountbt block 0x28
[   32.868109] loop4: detected capacity change from 0 to 32768
[   32.868631] XFS (loop2): Unmount and run xfs_repair
[   32.870564] XFS (loop2): Failed to recover leftover CoW staging extents, err -117.
[   32.871953] XFS (loop2): Log I/O Error (0x2) detected at xlog_recover_finish+0xe7/0x160 (fs/xfs/xfs_log_recover.c:3520).  Shutting down filesystem.
[   32.874397] XFS (loop2): Please unmount the filesystem and rectify the problem(s)
[   32.882252] XFS (loop2): Ending recovery (logdev: internal)
[   32.885928] XFS (loop2): Error -5 reserving per-AG metadata reserve pool.
[   32.942170] loop7: detected capacity change from 0 to 32768
[   32.971261] XFS (loop4): Mounting V5 Filesystem
[   32.976347] loop5: detected capacity change from 0 to 32768
[   32.990250] loop6: detected capacity change from 0 to 32768
[   33.062796] XFS (loop4): Starting recovery (logdev: internal)
[   33.065970] XFS (loop7): Mounting V5 Filesystem
[   33.068783] XFS (loop4): Metadata corruption detected at xfs_btree_lookup_get_block+0x272/0x2f0, xfs_refcountbt block 0x28
[   33.070845] XFS (loop4): Unmount and run xfs_repair
[   33.071760] XFS (loop4): Failed to recover leftover CoW staging extents, err -117.
[   33.073202] XFS (loop4): Log I/O Error (0x2) detected at xlog_recover_finish+0xe7/0x160 (fs/xfs/xfs_log_recover.c:3520).  Shutting down filesystem.
[   33.075640] XFS (loop4): Please unmount the filesystem and rectify the problem(s)
[   33.090932] XFS (loop6): Mounting V5 Filesystem
[   33.100958] XFS (loop7): Starting recovery (logdev: internal)
[   33.100959] XFS (loop5): Mounting V5 Filesystem
[   33.101866] XFS (loop7): Metadata corruption detected at xfs_btree_lookup_get_block+0x272/0x2f0, xfs_refcountbt block 0x28
[   33.103869] XFS (loop7): Unmount and run xfs_repair
[   33.104596] XFS (loop7): Failed to recover leftover CoW staging extents, err -117.
[   33.105646] XFS (loop7): Log I/O Error (0x2) detected at xlog_recover_finish+0xe7/0x160 (fs/xfs/xfs_log_recover.c:3520).  Shutting down filesystem.
[   33.107506] XFS (loop7): Please unmount the filesystem and rectify the problem(s)
[   33.111802] XFS (loop4): Ending recovery (logdev: internal)
[   33.120586] XFS (loop6): Starting recovery (logdev: internal)
[   33.122905] XFS (loop6): Metadata corruption detected at xfs_btree_lookup_get_block+0x272/0x2f0, xfs_refcountbt block 0x28
[   33.125009] XFS (loop6): Unmount and run xfs_repair
[   33.125924] XFS (loop6): Failed to recover leftover CoW staging extents, err -117.
[   33.127313] XFS (loop6): Log I/O Error (0x2) detected at xlog_recover_finish+0xe7/0x160 (fs/xfs/xfs_log_recover.c:3520).  Shutting down filesystem.
[   33.129727] XFS (loop6): Please unmount the filesystem and rectify the problem(s)
[   33.134386] XFS (loop4): Error -5 reserving per-AG metadata reserve pool.
[   33.136259] loop3: detected capacity change from 0 to 32768
[   33.137848] XFS (loop7): Ending recovery (logdev: internal)
[   33.143643] XFS (loop7): Error -5 reserving per-AG metadata reserve pool.
[   33.152006] XFS (loop5): Starting recovery (logdev: internal)
[   33.154328] XFS (loop5): Metadata corruption detected at xfs_btree_lookup_get_block+0x272/0x2f0, xfs_refcountbt block 0x28
[   33.156425] XFS (loop5): Unmount and run xfs_repair
[   33.157338] XFS (loop5): Failed to recover leftover CoW staging extents, err -117.
[   33.158726] XFS (loop5): Log I/O Error (0x2) detected at xlog_recover_finish+0xe7/0x160 (fs/xfs/xfs_log_recover.c:3520).  Shutting down filesystem.
[   33.161163] XFS (loop5): Please unmount the filesystem and rectify the problem(s)
[   33.167219] XFS (loop6): Ending recovery (logdev: internal)
[   33.172530] XFS (loop6): Error -5 reserving per-AG metadata reserve pool.
[   33.178981] XFS (loop3): Mounting V5 Filesystem
[   33.182956] XFS (loop5): Ending recovery (logdev: internal)
[   33.186287] XFS (loop5): Error -5 reserving per-AG metadata reserve pool.
[   33.193483] loop1: detected capacity change from 0 to 32768
[   33.199606] XFS (loop3): Starting recovery (logdev: internal)
[   33.203731] XFS (loop3): Metadata corruption detected at xfs_btree_lookup_get_block+0x272/0x2f0, xfs_refcountbt block 0x28
[   33.205843] XFS (loop3): Unmount and run xfs_repair
[   33.206761] XFS (loop3): Failed to recover leftover CoW staging extents, err -117.
[   33.207942] loop0: detected capacity change from 0 to 32768
[   33.208154] XFS (loop3): Log I/O Error (0x2) detected at xlog_recover_finish+0xe7/0x160 (fs/xfs/xfs_log_recover.c:3520).  Shutting down filesystem.
[   33.211636] XFS (loop3): Please unmount the filesystem and rectify the problem(s)
[   33.215599] XFS (loop1): Mounting V5 Filesystem
[   33.238955] loop2: detected capacity change from 0 to 32768
