c[?7l[2J[0mSeaBIOS (version rel-1.16.0-0-gd239552ce722-prebuilt.qemu.org)


iPXE (http://ipxe.org) 00:03.0 CA00 PCI2.10 PnP PMM+7FF91000+7FEF1000 CA00
Press Ctrl-B to configure iPXE (PCI 00:03.0)...                                                                               


Booting from ROM...
c[?7l[2J[    0.000000] Linux version 5.14.0-rc4-9c3a0f285248+ (root@p-rplp02) (gcc (GCC) 8.5.0 20210514 (Red Hat 8.5.0-18), GNU ld version 2.36.1-2.el8) #1 SMP Tue Mar 21 00:29:19 CST 2023
[    0.000000] Command line: console=ttyS0 root=/dev/sda earlyprintk=serial net.ifnames=0
[    0.000000] KERNEL supported cpus:
[    0.000000]   Intel GenuineIntel
[    0.000000]   AMD AuthenticAMD
[    0.000000]   Hygon HygonGenuine
[    0.000000]   Centaur CentaurHauls
[    0.000000]   zhaoxin   Shanghai  
[    0.000000] x86/fpu: Supporting XSAVE feature 0x001: 'x87 floating point registers'
[    0.000000] x86/fpu: Supporting XSAVE feature 0x002: 'SSE registers'
[    0.000000] x86/fpu: Supporting XSAVE feature 0x004: 'AVX registers'
[    0.000000] x86/fpu: Supporting XSAVE feature 0x200: 'Protection Keys User registers'
[    0.000000] x86/fpu: xstate_offset[2]:  576, xstate_sizes[2]:  256
[    0.000000] x86/fpu: xstate_offset[9]:  832, xstate_sizes[9]:    8
[    0.000000] x86/fpu: Enabled xstate features 0x207, context size is 840 bytes, using 'compacted' format.
[    0.000000] signal: max sigframe size: 3632
[    0.000000] BIOS-provided physical RAM map:
[    0.000000] BIOS-e820: [mem 0x0000000000000000-0x000000000009fbff] usable
[    0.000000] BIOS-e820: [mem 0x000000000009fc00-0x000000000009ffff] reserved
[    0.000000] BIOS-e820: [mem 0x00000000000f0000-0x00000000000fffff] reserved
[    0.000000] BIOS-e820: [mem 0x0000000000100000-0x000000007ffdffff] usable
[    0.000000] BIOS-e820: [mem 0x000000007ffe0000-0x000000007fffffff] reserved
[    0.000000] BIOS-e820: [mem 0x00000000feffc000-0x00000000feffffff] reserved
[    0.000000] BIOS-e820: [mem 0x00000000fffc0000-0x00000000ffffffff] reserved
[    0.000000] printk: bootconsole [earlyser0] enabled
[    0.000000] NX (Execute Disable) protection: active
[    0.000000] SMBIOS 2.8 present.
[    0.000000] DMI: QEMU Standard PC (i440FX + PIIX, 1996), BIOS rel-1.16.0-0-gd239552ce722-prebuilt.qemu.org 04/01/2014
[    0.000000] Hypervisor detected: KVM
[    0.000000] kvm-clock: Using msrs 4b564d01 and 4b564d00
[    0.000000] kvm-clock: cpu 0, msr 5401001, primary cpu clock
[    0.000005] kvm-clock: using sched offset of 535029444 cycles
[    0.001111] clocksource: kvm-clock: mask: 0xffffffffffffffff max_cycles: 0x1cd42e4dffb, max_idle_ns: 881590591483 ns
[    0.004261] tsc: Detected 1881.600 MHz processor
[    0.011225] last_pfn = 0x7ffe0 max_arch_pfn = 0x400000000
[    0.012548] x86/PAT: Configuration [0-7]: WB  WC  UC- UC  WB  WP  UC- WT  
[    0.021791] found SMP MP-table at [mem 0x000f5ba0-0x000f5baf]
[    0.023352] Using GB pages for direct mapping
[    0.025993] ACPI: Early table checksum verification disabled
[    0.027219] ACPI: RSDP 0x00000000000F59C0 000014 (v00 BOCHS )
[    0.028373] ACPI: RSDT 0x000000007FFE1951 000034 (v01 BOCHS  BXPC     00000001 BXPC 00000001)
[    0.030075] ACPI: FACP 0x000000007FFE17FD 000074 (v01 BOCHS  BXPC     00000001 BXPC 00000001)
[    0.031738] ACPI: DSDT 0x000000007FFE0040 0017BD (v01 BOCHS  BXPC     00000001 BXPC 00000001)
[    0.033397] ACPI: FACS 0x000000007FFE0000 000040
[    0.034305] ACPI: APIC 0x000000007FFE1871 000080 (v01 BOCHS  BXPC     00000001 BXPC 00000001)
[    0.035950] ACPI: HPET 0x000000007FFE18F1 000038 (v01 BOCHS  BXPC     00000001 BXPC 00000001)
[    0.037602] ACPI: WAET 0x000000007FFE1929 000028 (v01 BOCHS  BXPC     00000001 BXPC 00000001)
[    0.039290] ACPI: Reserving FACP table memory at [mem 0x7ffe17fd-0x7ffe1870]
[    0.040650] ACPI: Reserving DSDT table memory at [mem 0x7ffe0040-0x7ffe17fc]
[    0.041995] ACPI: Reserving FACS table memory at [mem 0x7ffe0000-0x7ffe003f]
[    0.043341] ACPI: Reserving APIC table memory at [mem 0x7ffe1871-0x7ffe18f0]
[    0.044711] ACPI: Reserving HPET table memory at [mem 0x7ffe18f1-0x7ffe1928]
[    0.046083] ACPI: Reserving WAET table memory at [mem 0x7ffe1929-0x7ffe1950]
[    0.048735] No NUMA configuration found
[    0.049486] Faking a node at [mem 0x0000000000000000-0x000000007ffdffff]
[    0.050925] NODE_DATA(0) allocated [mem 0x7ffb5000-0x7ffdffff]
[    0.055591] Zone ranges:
[    0.056109]   DMA      [mem 0x0000000000001000-0x0000000000ffffff]
[    0.057298]   DMA32    [mem 0x0000000001000000-0x000000007ffdffff]
[    0.058481]   Normal   empty
[    0.059029]   Device   empty
[    0.059585] Movable zone start for each node
[    0.060409] Early memory node ranges
[    0.061091]   node   0: [mem 0x0000000000001000-0x000000000009efff]
[    0.062298]   node   0: [mem 0x0000000000100000-0x000000007ffdffff]
[    0.063493] Initmem setup node 0 [mem 0x0000000000001000-0x000000007ffdffff]
[    0.065390] On node 0, zone DMA: 1 pages in unavailable ranges
[    0.065814] On node 0, zone DMA: 97 pages in unavailable ranges
[    0.109447] On node 0, zone DMA32: 32 pages in unavailable ranges
[    0.110850] ACPI: PM-Timer IO Port: 0x608
[    0.112366] ACPI: LAPIC_NMI (acpi_id[0xff] dfl dfl lint[0x1])
[    0.113318] IOAPIC[0]: apic_id 0, version 17, address 0xfec00000, GSI 0-23
[    0.114351] ACPI: INT_SRC_OVR (bus 0 bus_irq 0 global_irq 2 dfl dfl)
[    0.115279] ACPI: INT_SRC_OVR (bus 0 bus_irq 5 global_irq 5 high level)
[    0.116264] ACPI: INT_SRC_OVR (bus 0 bus_irq 9 global_irq 9 high level)
[    0.117257] ACPI: INT_SRC_OVR (bus 0 bus_irq 10 global_irq 10 high level)
[    0.118279] ACPI: INT_SRC_OVR (bus 0 bus_irq 11 global_irq 11 high level)
[    0.119340] ACPI: Using ACPI (MADT) for SMP configuration information
[    0.120395] ACPI: HPET id: 0x8086a201 base: 0xfed00000
[    0.121272] TSC deadline timer available
[    0.121929] smpboot: Allowing 2 CPUs, 0 hotplug CPUs
[    0.123023] kvm-guest: KVM setup pv remote TLB flush
[    0.123954] kvm-guest: setup PV sched yield
[    0.124899] PM: hibernation: Registered nosave memory: [mem 0x00000000-0x00000fff]
[    0.126340] PM: hibernation: Registered nosave memory: [mem 0x0009f000-0x0009ffff]
[    0.127769] PM: hibernation: Registered nosave memory: [mem 0x000a0000-0x000effff]
[    0.129199] PM: hibernation: Registered nosave memory: [mem 0x000f0000-0x000fffff]
[    0.130643] [mem 0x80000000-0xfeffbfff] available for PCI devices
[    0.131798] Booting paravirtualized kernel on KVM
[    0.132822] clocksource: refined-jiffies: mask: 0xffffffff max_cycles: 0xffffffff, max_idle_ns: 7645519600211568 ns
[    0.134836] setup_percpu: NR_CPUS:8192 nr_cpumask_bits:2 nr_cpu_ids:2 nr_node_ids:1
[    0.140317] percpu: Embedded 59 pages/cpu s204800 r8192 d28672 u1048576
[    0.141902] kvm-guest: setup async PF for cpu 0
[    0.142772] kvm-guest: stealtime: cpu 0, msr 7dc31080
[    0.143746] kvm-guest: PV spinlocks enabled
[    0.144545] PV qspinlock hash table entries: 256 (order: 0, 4096 bytes, linear)
[    0.146039] Built 1 zonelists, mobility grouping on.  Total pages: 515808
[    0.147327] Policy zone: DMA32
[    0.147918] Kernel command line: net.ifnames=0 console=ttyS0 root=/dev/sda earlyprintk=serial net.ifnames=0
[    0.154571] Dentry cache hash table entries: 262144 (order: 9, 2097152 bytes, linear)
[    0.157684] Inode-cache hash table entries: 131072 (order: 8, 1048576 bytes, linear)
[    0.159352] mem auto-init: stack:off, heap alloc:off, heap free:off
[    0.164445] Memory: 1987472K/2096632K available (30737K kernel code, 5221K rwdata, 7592K rodata, 3232K init, 22052K bss, 108904K reserved, 0K cma-reserved)
[    0.166497] random: get_random_u64 called from __kmem_cache_create+0x2f/0x490 with crng_init=0
[    0.167307] SLUB: HWalign=64, Order=0-3, MinObjects=0, CPUs=2, Nodes=1
[    0.169447] kmemleak: Kernel memory leak detector disabled
[    0.170302] ftrace: allocating 64342 entries in 252 pages
[    0.267690] ftrace: allocated 252 pages with 6 groups
[    0.269121] Running RCU self tests
[    0.269637] rcu: Hierarchical RCU implementation.
[    0.270315] rcu: 	RCU lockdep checking is enabled.
[    0.270999] rcu: 	RCU restricting CPUs from NR_CPUS=8192 to nr_cpu_ids=2.
[    0.271970] 	Trampoline variant of Tasks RCU enabled.
[    0.272698] 	Rude variant of Tasks RCU enabled.
[    0.273344] 	Tracing variant of Tasks RCU enabled.
[    0.274033] rcu: RCU calculated value of scheduler-enlistment delay is 25 jiffies.
[    0.275118] rcu: Adjusting geometry for rcu_fanout_leaf=16, nr_cpu_ids=2
[    0.297615] NR_IRQS: 524544, nr_irqs: 440, preallocated irqs: 16
[    0.312713] Console: colour VGA+ 80x25
[    0.313381] printk: console [ttyS0] enabled
[    0.313381] printk: console [ttyS0] enabled
[    0.314609] printk: bootconsole [earlyser0] disabled
[    0.314609] printk: bootconsole [earlyser0] disabled
[    0.316055] Lock dependency validator: Copyright (c) 2006 Red Hat, Inc., Ingo Molnar
[    0.317190] ... MAX_LOCKDEP_SUBCLASSES:  8
[    0.317804] ... MAX_LOCK_DEPTH:          48
[    0.318432] ... MAX_LOCKDEP_KEYS:        8192
[    0.319080] ... CLASSHASH_SIZE:          4096
[    0.319731] ... MAX_LOCKDEP_ENTRIES:     32768
[    0.320395] ... MAX_LOCKDEP_CHAINS:      65536
[    0.321056] ... CHAINHASH_SIZE:          32768
[    0.321716]  memory used by lock dependency info: 6365 kB
[    0.322519]  memory used for stack traces: 4224 kB
[    0.323228]  per task-struct memory footprint: 1920 bytes
[    0.324098] ACPI: Core revision 20210604
[    0.325017] clocksource: hpet: mask: 0xffffffff max_cycles: 0xffffffff, max_idle_ns: 19112604467 ns
[    0.326586] APIC: Switch to symmetric I/O mode setup
[    0.327749] x2apic enabled
[    0.328587] Switched APIC routing to physical x2apic.
[    0.329342] kvm-guest: setup PV IPIs
[    0.331698] ..TIMER: vector=0x30 apic1=0 pin1=2 apic2=-1 pin2=-1
[    0.332644] clocksource: tsc-early: mask: 0xffffffffffffffff max_cycles: 0x363e8c91135, max_idle_ns: 881590568389 ns
[    0.334208] Calibrating delay loop (skipped) preset value.. 3763.20 BogoMIPS (lpj=7526400)
[    0.338198] pid_max: default: 32768 minimum: 301
[    0.338965] LSM: Security Framework initializing
[    0.339688] Yama: becoming mindful.
[    0.340403] Mount-cache hash table entries: 4096 (order: 3, 32768 bytes, linear)
[    0.342232] Mountpoint-cache hash table entries: 4096 (order: 3, 32768 bytes, linear)
[    0.344919] CPU0: Thermal monitoring enabled (TM1)
[    0.346389] x86/cpu: User Mode Instruction Prevention (UMIP) activated
[    0.351073] Last level iTLB entries: 4KB 0, 2MB 0, 4MB 0
[    0.352006] Last level dTLB entries: 4KB 0, 2MB 0, 4MB 0, 1GB 0
[    0.352994] Spectre V1 : Mitigation: usercopy/swapgs barriers and __user pointer sanitization
[    0.354213] Spectre V2 : Mitigation: Enhanced IBRS
[    0.354934] Spectre V2 : Spectre v2 / SpectreRSB mitigation: Filling RSB on context switch
[    0.356222] Spectre V2 : mitigation: Enabling conditional Indirect Branch Prediction Barrier
[    0.357549] Speculative Store Bypass: Mitigation: Speculative Store Bypass disabled via prctl and seccomp
[    0.402015] Freeing SMP alternatives memory: 52K
[    0.403157] smpboot: CPU0: Genuine Intel(R) 0000 (family: 0x6, model: 0xba, stepping: 0x2)
[    0.405178] Running RCU-tasks wait API self tests
[    0.506386] Performance Events: generic architected perfmon, full-width counters, Intel PMU driver.
[    0.507797] ... version:                2
[    0.508355] ... bit width:              48
[    0.508923] ... generic registers:      6
[    0.509488] ... value mask:             0000ffffffffffff
[    0.510200] ... max period:             00007fffffffffff
[    0.510936] ... fixed-purpose events:   3
[    0.511497] ... event mask:             000000070000003f
[    0.512738] rcu: Hierarchical SRCU implementation.
[    0.516555] Callback from call_rcu_tasks_trace() invoked.
[    0.517747] smp: Bringing up secondary CPUs ...
[    0.518907] x86: Booting SMP configuration:
[    0.519523] .... node  #0, CPUs:      #1
[    0.035330] kvm-clock: cpu 1, msr 5401041, secondary cpu clock
[    0.520847] kvm-guest: setup async PF for cpu 1
[    0.520847] kvm-guest: stealtime: cpu 1, msr 7dd31080
[    0.522368] smp: Brought up 1 node, 2 CPUs
[    0.523048] smpboot: Max logical packages: 1
[    0.523739] smpboot: Total of 2 processors activated (7526.40 BogoMIPS)
[    0.537127] devtmpfs: initialized
[    0.538692] x86/mm: Memory block size: 128MB
[    0.542802] clocksource: jiffies: mask: 0xffffffff max_cycles: 0xffffffff, max_idle_ns: 7645041785100000 ns
[    0.544650] futex hash table entries: 512 (order: 4, 65536 bytes, linear)
[    0.546758] pinctrl core: initialized pinctrl subsystem
[    0.548480] 
[    0.548784] *************************************************************
[    0.550023] **     NOTICE NOTICE NOTICE NOTICE NOTICE NOTICE NOTICE    **
[    0.550205] **                                                         **
[    0.551447] **  IOMMU DebugFS SUPPORT HAS BEEN ENABLED IN THIS KERNEL  **
[    0.552685] **                                                         **
[    0.553924] ** This means that this kernel is built to expose internal **
[    0.554200] ** IOMMU data structures, which may compromise security on **
[    0.555451] ** your system.                                            **
[    0.556692] **                                                         **
[    0.557942] ** If you see this message and you are not debugging the   **
[    0.558201] ** kernel, report this immediately to your vendor!         **
[    0.559456] **                                                         **
[    0.560711] **     NOTICE NOTICE NOTICE NOTICE NOTICE NOTICE NOTICE    **
[    0.561976] *************************************************************
[    0.562370] PM: RTC time: 00:37:35, date: 2023-03-21
[    0.564867] NET: Registered PF_NETLINK/PF_ROUTE protocol family
[    0.566672] DMA: preallocated 256 KiB GFP_KERNEL pool for atomic allocations
[    0.568022] DMA: preallocated 256 KiB GFP_KERNEL|GFP_DMA pool for atomic allocations
[    0.569486] DMA: preallocated 256 KiB GFP_KERNEL|GFP_DMA32 pool for atomic allocations
[    0.570305] audit: initializing netlink subsys (disabled)
[    0.571350] audit: type=2000 audit(1679359055.532:1): state=initialized audit_enabled=0 res=1
[    0.571397] thermal_sys: Registered thermal governor 'fair_share'
[    0.571749] thermal_sys: Registered thermal governor 'bang_bang'
[    0.572723] thermal_sys: Registered thermal governor 'step_wise'
[    0.573643] thermal_sys: Registered thermal governor 'user_space'
[    0.574322] cpuidle: using governor ladder
[    0.578229] cpuidle: using governor menu
[    0.579423] ACPI: bus type PCI registered
[    0.580195] acpiphp: ACPI Hot Plug PCI Controller Driver version: 0.5
[    0.581937] PCI: Using configuration type 1 for base access
[    0.593785] Kprobes globally optimized
[    0.594362] HugeTLB registered 1.00 GiB page size, pre-allocated 0 pages
[    0.595351] HugeTLB registered 2.00 MiB page size, pre-allocated 0 pages
[    0.602637] ACPI: PRMT not present
[    0.603344] PRM: found 4294967277 modules
[    0.606344] ACPI: Added _OSI(Module Device)
[    0.607134] ACPI: Added _OSI(Processor Device)
[    0.607971] ACPI: Added _OSI(3.0 _SCP Extensions)
[    0.608850] ACPI: Added _OSI(Processor Aggregator Device)
[    0.609866] ACPI: Added _OSI(Linux-Dell-Video)
[    0.610297] ACPI: Added _OSI(Linux-Lenovo-NV-HDMI-Audio)
[    0.611307] ACPI: Added _OSI(Linux-HPI-Hybrid-Graphics)
[    0.611299] Callback from call_rcu_tasks_rude() invoked.
[    0.617482] ACPI: 1 ACPI AML tables successfully acquired and loaded
[    0.621498] ACPI: Interpreter enabled
[    0.622310] ACPI: PM: (supports S0 S3 S4 S5)
[    0.623117] ACPI: Using IOAPIC for interrupt routing
[    0.624145] PCI: Using host bridge windows from ACPI; if necessary, use "pci=nocrs" and report a bug
[    0.626494] ACPI: Enabled 2 GPEs in block 00 to 0F
[    0.642063] ACPI: PCI Root Bridge [PCI0] (domain 0000 [bus 00-ff])
[    0.642232] acpi PNP0A03:00: _OSC: OS supports [ASPM ClockPM Segments MSI EDR HPX-Type3]
[    0.643824] acpi PNP0A03:00: fail to add MMCONFIG information, can't access extended PCI configuration space under this bridge.
[    0.647802] acpiphp: Slot [3] registered
[    0.648630] acpiphp: Slot [4] registered
[    0.649440] acpiphp: Slot [5] registered
[    0.650258] acpiphp: Slot [6] registered
[    0.651071] acpiphp: Slot [7] registered
[    0.651881] acpiphp: Slot [8] registered
[    0.652713] acpiphp: Slot [9] registered
[    0.653523] acpiphp: Slot [10] registered
[    0.654270] acpiphp: Slot [11] registered
[    0.655099] acpiphp: Slot [12] registered
[    0.655931] acpiphp: Slot [13] registered
[    0.656771] acpiphp: Slot [14] registered
[    0.657600] acpiphp: Slot [15] registered
[    0.658268] acpiphp: Slot [16] registered
[    0.659101] acpiphp: Slot [17] registered
[    0.659925] acpiphp: Slot [18] registered
[    0.660761] acpiphp: Slot [19] registered
[    0.661597] acpiphp: Slot [20] registered
[    0.662283] acpiphp: Slot [21] registered
[    0.663109] acpiphp: Slot [22] registered
[    0.663948] acpiphp: Slot [23] registered
[    0.664778] acpiphp: Slot [24] registered
[    0.665611] acpiphp: Slot [25] registered
[    0.666272] acpiphp: Slot [26] registered
[    0.667099] acpiphp: Slot [27] registered
[    0.667945] acpiphp: Slot [28] registered
[    0.668774] acpiphp: Slot [29] registered
[    0.669807] acpiphp: Slot [30] registered
[    0.670275] acpiphp: Slot [31] registered
[    0.671079] PCI host bridge to bus 0000:00
[    0.671853] pci_bus 0000:00: root bus resource [io  0x0000-0x0cf7 window]
[    0.673123] pci_bus 0000:00: root bus resource [io  0x0d00-0xffff window]
[    0.674203] pci_bus 0000:00: root bus resource [mem 0x000a0000-0x000bffff window]
[    0.675597] pci_bus 0000:00: root bus resource [mem 0x80000000-0xfebfffff window]
[    0.677003] pci_bus 0000:00: root bus resource [mem 0x100000000-0x17fffffff window]
[    0.678203] pci_bus 0000:00: root bus resource [bus 00-ff]
[    0.679403] pci 0000:00:00.0: [8086:1237] type 00 class 0x060000
[    0.685363] pci 0000:00:01.0: [8086:7000] type 00 class 0x060100
[    0.687667] pci 0000:00:01.1: [8086:7010] type 00 class 0x010180
[    0.690583] pci 0000:00:01.1: reg 0x20: [io  0xc040-0xc04f]
[    0.692458] pci 0000:00:01.1: legacy IDE quirk: reg 0x10: [io  0x01f0-0x01f7]
[    0.693797] pci 0000:00:01.1: legacy IDE quirk: reg 0x14: [io  0x03f6]
[    0.694211] pci 0000:00:01.1: legacy IDE quirk: reg 0x18: [io  0x0170-0x0177]
[    0.695537] pci 0000:00:01.1: legacy IDE quirk: reg 0x1c: [io  0x0376]
[    0.697501] pci 0000:00:01.3: [8086:7113] type 00 class 0x068000
[    0.698995] pci 0000:00:01.3: quirk: [io  0x0600-0x063f] claimed by PIIX4 ACPI
[    0.700368] pci 0000:00:01.3: quirk: [io  0x0700-0x070f] claimed by PIIX4 SMB
[    0.703647] pci 0000:00:02.0: [1234:1111] type 00 class 0x030000
[    0.706778] pci 0000:00:02.0: reg 0x10: [mem 0xfd000000-0xfdffffff pref]
[    0.710358] pci 0000:00:02.0: reg 0x18: [mem 0xfebf0000-0xfebf0fff]
[    0.717133] pci 0000:00:02.0: reg 0x30: [mem 0xfebe0000-0xfebeffff pref]
[    0.725052] pci 0000:00:03.0: [8086:100e] type 00 class 0x020000
[    0.726936] pci 0000:00:03.0: reg 0x10: [mem 0xfebc0000-0xfebdffff]
[    0.728657] pci 0000:00:03.0: reg 0x14: [io  0xc000-0xc03f]
[    0.732914] pci 0000:00:03.0: reg 0x30: [mem 0xfeb80000-0xfebbffff pref]
[    0.768803] ACPI: PCI: Interrupt link LNKA configured for IRQ 10
[    0.770057] ACPI: PCI: Interrupt link LNKB configured for IRQ 10
[    0.770559] ACPI: PCI: Interrupt link LNKC configured for IRQ 11
[    0.771761] ACPI: PCI: Interrupt link LNKD configured for IRQ 11
[    0.772782] ACPI: PCI: Interrupt link LNKS configured for IRQ 9
[    0.775812] iommu: Default domain type: Translated 
[    0.775812] pci 0000:00:02.0: vgaarb: setting as boot VGA device
[    0.775812] pci 0000:00:02.0: vgaarb: VGA device added: decodes=io+mem,owns=io+mem,locks=none
[    0.778253] pci 0000:00:02.0: vgaarb: bridge control possible
[    0.779094] vgaarb: loaded
[    0.781361] SCSI subsystem initialized
[    0.782487] ACPI: bus type USB registered
[    0.783352] usbcore: registered new interface driver usbfs
[    0.786280] usbcore: registered new interface driver hub
[    0.787353] usbcore: registered new device driver usb
[    0.788475] pps_core: LinuxPPS API ver. 1 registered
[    0.789421] pps_core: Software ver. 5.3.6 - Copyright 2005-2007 Rodolfo Giometti <giometti@linux.it>
[    0.790246] PTP clock support registered
[    0.791086] EDAC MC: Ver: 3.0.0
[    0.794328] NetLabel: Initializing
[    0.795022] NetLabel:  domain hash size = 128
[    0.795847] NetLabel:  protocols = UNLABELED CIPSOv4 CALIPSO
[    0.797013] NetLabel:  unlabeled traffic allowed by default
[    0.798383] PCI: Using ACPI for IRQ routing
[    0.799479] hpet0: at MMIO 0xfed00000, IRQs 2, 8, 0
[    0.802204] hpet0: 3 comparators, 64-bit 100.000000 MHz counter
[    0.806625] clocksource: Switched to clocksource kvm-clock
[    0.822510] Callback from call_rcu_tasks() invoked.
[    0.921203] VFS: Disk quotas dquot_6.6.0
[    0.921911] VFS: Dquot-cache hash table entries: 512 (order 0, 4096 bytes)
[    0.923363] pnp: PnP ACPI init
[    0.925718] pnp: PnP ACPI: found 6 devices
[    0.936448] clocksource: acpi_pm: mask: 0xffffff max_cycles: 0xffffff, max_idle_ns: 2085701024 ns
[    0.938535] NET: Registered PF_INET protocol family
[    0.940010] IP idents hash table entries: 32768 (order: 6, 262144 bytes, linear)
[    0.946350] tcp_listen_portaddr_hash hash table entries: 1024 (order: 4, 81920 bytes, linear)
[    0.948130] TCP established hash table entries: 16384 (order: 5, 131072 bytes, linear)
[    0.950001] TCP bind hash table entries: 16384 (order: 8, 1179648 bytes, linear)
[    0.953722] TCP: Hash tables configured (established 16384 bind 16384)
[    0.955458] UDP hash table entries: 1024 (order: 5, 163840 bytes, linear)
[    0.957348] UDP-Lite hash table entries: 1024 (order: 5, 163840 bytes, linear)
[    0.959251] NET: Registered PF_UNIX/PF_LOCAL protocol family
[    0.961543] RPC: Registered named UNIX socket transport module.
[    0.962740] RPC: Registered udp transport module.
[    0.963645] RPC: Registered tcp transport module.
[    0.964544] RPC: Registered tcp NFSv4.1 backchannel transport module.
[    0.965835] pci_bus 0000:00: resource 4 [io  0x0000-0x0cf7 window]
[    0.967073] pci_bus 0000:00: resource 5 [io  0x0d00-0xffff window]
[    0.968261] pci_bus 0000:00: resource 6 [mem 0x000a0000-0x000bffff window]
[    0.969580] pci_bus 0000:00: resource 7 [mem 0x80000000-0xfebfffff window]
[    0.970913] pci_bus 0000:00: resource 8 [mem 0x100000000-0x17fffffff window]
[    0.972580] pci 0000:00:01.0: PIIX3: Enabling Passive Release
[    0.973725] pci 0000:00:00.0: Limiting direct PCI/PCI transfers
[    0.974921] pci 0000:00:01.0: Activating ISA DMA hang workarounds
[    0.976230] pci 0000:00:02.0: Video device with shadowed ROM at [mem 0x000c0000-0x000dffff]
[    0.977866] PCI: CLS 0 bytes, default 64
[    0.979180] ACPI: bus type thunderbolt registered
[    0.980522] clocksource: tsc: mask: 0xffffffffffffffff max_cycles: 0x363e8c91135, max_idle_ns: 881590568389 ns
[    3.184550] Initialise system trusted keyrings
[    3.185381] Key type blacklist registered
[    3.186288] workingset: timestamp_bits=36 max_order=19 bucket_order=0
[    3.195714] zbud: loaded
[    3.197916] squashfs: version 4.0 (2009/01/31) Phillip Lougher
[    3.201223] NFS: Registering the id_resolver key type
[    3.202381] Key type id_resolver registered
[    3.203258] Key type id_legacy registered
[    3.204230] nfs4filelayout_init: NFSv4 File Layout Driver Registering...
[    3.205663] nfs4flexfilelayout_init: NFSv4 Flexfile Layout Driver Registering...
[    3.207689] fuse: init (API version 7.34)
[    3.209097] SGI XFS with ACLs, security attributes, realtime, quota, no debug enabled
[    3.212634] 9p: Installing v9fs 9p2000 file system support
[    3.220696] Key type asymmetric registered
[    3.221596] Asymmetric key parser 'x509' registered
[    3.222681] Block layer SCSI generic (bsg) driver version 0.4 loaded (major 244)
[    3.224596] io scheduler mq-deadline registered
[    3.225693] io scheduler bfq registered
[    3.227448] shpchp: Standard Hot Plug PCI Controller Driver version: 0.4
[    3.229274] IPMI message handler: version 39.2
[    3.230251] ipmi device interface
[    3.232400] input: Power Button as /devices/LNXSYSTM:00/LNXPWRBN:00/input/input0
[    3.234220] ACPI: button: Power Button [PWRF]
[    3.236451] ERST DBG: ERST support is disabled.
[    3.237973] Serial: 8250/16550 driver, 32 ports, IRQ sharing enabled
[    3.240321] 00:04: ttyS0 at I/O 0x3f8 (irq = 4, base_baud = 115200) is a 16550A
[    3.251503] Linux agpgart interface v0.103
[    3.267213] brd: module loaded
[    3.280949] loop: module loaded
[    3.288505] scsi host0: ata_piix
[    3.290235] scsi host1: ata_piix
[    3.291069] ata1: PATA max MWDMA2 cmd 0x1f0 ctl 0x3f6 bmdma 0xc040 irq 14
[    3.292366] ata2: PATA max MWDMA2 cmd 0x170 ctl 0x376 bmdma 0xc048 irq 15
[    3.295128] libphy: Fixed MDIO Bus: probed
[    3.296242] tun: Universal TUN/TAP device driver, 1.6
[    3.297712] e100: Intel(R) PRO/100 Network Driver
[    3.298653] e100: Copyright(c) 1999-2006 Intel Corporation
[    3.299783] e1000: Intel(R) PRO/1000 Network Driver
[    3.300717] e1000: Copyright (c) 1999-2006 Intel Corporation.
[    3.455349] ata1.00: ATA-7: QEMU HARDDISK, 2.5+, max UDMA/100
[    3.456224] ata1.00: 16777216 sectors, multi 16: LBA48 
[    3.458258] scsi 0:0:0:0: Direct-Access     ATA      QEMU HARDDISK    2.5+ PQ: 0 ANSI: 5
[    3.460200] scsi 0:0:0:0: Attached scsi generic sg0 type 0
[    3.462017] ata2.00: ATAPI: QEMU DVD-ROM, 2.5+, max UDMA/100
[    3.463749] sd 0:0:0:0: [sda] 16777216 512-byte logical blocks: (8.59 GB/8.00 GiB)
[    3.465529] sd 0:0:0:0: [sda] Write Protect is off
[    3.467018] sd 0:0:0:0: [sda] Write cache: enabled, read cache: enabled, doesn't support DPO or FUA
[    3.468710] scsi 1:0:0:0: CD-ROM            QEMU     QEMU DVD-ROM     2.5+ PQ: 0 ANSI: 5
[    3.471912] scsi 1:0:0:0: Attached scsi generic sg1 type 5
[    3.484554] ACPI: \_SB_.LNKC: Enabled at IRQ 11
[    3.498520] sd 0:0:0:0: [sda] Attached SCSI disk
[    3.843877] e1000 0000:00:03.0 eth0: (PCI:33MHz:32-bit) 52:54:00:12:34:56
[    3.844898] e1000 0000:00:03.0 eth0: Intel(R) PRO/1000 Network Connection
[    3.845977] e1000e: Intel(R) PRO/1000 Network Driver
[    3.846716] e1000e: Copyright(c) 1999 - 2015 Intel Corporation.
[    3.847654] igb: Intel(R) Gigabit Ethernet Network Driver
[    3.848432] igb: Copyright (c) 2007-2014 Intel Corporation.
[    3.849366] PPP generic driver version 2.4.2
[    3.850777] VFIO - User Level meta-driver version: 0.3
[    3.851691] ehci_hcd: USB 2.0 'Enhanced' Host Controller (EHCI) Driver
[    3.852703] ehci-pci: EHCI PCI platform driver
[    3.853479] ehci-platform: EHCI generic platform driver
[    3.854390] ohci_hcd: USB 1.1 'Open' Host Controller (OHCI) Driver
[    3.855453] ohci-pci: OHCI PCI platform driver
[    3.856313] ohci-platform: OHCI generic platform driver
[    3.857316] uhci_hcd: USB Universal Host Controller Interface driver
[    3.859187] usbcore: registered new interface driver uas
[    3.860280] usbcore: registered new interface driver usb-storage
[    3.861549] i8042: PNP: PS/2 Controller [PNP0303:KBD,PNP0f13:MOU] at 0x60,0x64 irq 1,12
[    3.864360] serio: i8042 KBD port at 0x60,0x64 irq 1
[    3.865364] serio: i8042 AUX port at 0x60,0x64 irq 12
[    3.867468] mousedev: PS/2 mouse device common for all mice
[    3.869738] rtc_cmos 00:05: RTC can wake from S4
[    3.871574] input: AT Translated Set 2 keyboard as /devices/platform/i8042/serio0/input/input1
[    3.874652] input: VirtualPS/2 VMware VMMouse as /devices/platform/i8042/serio1/input/input4
[    3.875185] rtc_cmos 00:05: registered as rtc0
[    3.877022] input: VirtualPS/2 VMware VMMouse as /devices/platform/i8042/serio1/input/input3
[    3.878726] rtc_cmos 00:05: setting system clock to 2023-03-21T00:37:38 UTC (1679359058)
[    3.880428] rtc_cmos 00:05: alarms up to one day, y3k, 242 bytes nvram, hpet irqs
[    3.881887] i2c /dev entries driver
[    3.882943] device-mapper: uevent: version 1.0.3
[    3.884131] device-mapper: ioctl: 4.45.0-ioctl (2021-03-22) initialised: dm-devel@redhat.com
[    3.885718] intel_pstate: CPU model not supported
[    3.886739] sdhci: Secure Digital Host Controller Interface driver
[    3.887931] sdhci: Copyright(c) Pierre Ossman
[    3.888847] sdhci-pltfm: SDHCI platform and OF driver helper
[    3.890068] ledtrig-cpu: registered to indicate activity on CPUs
[    3.891502] drop_monitor: Initializing network drop monitor service
[    3.893206] NET: Registered PF_INET6 protocol family
[    3.899330] Segment Routing with IPv6
[    3.900112] NET: Registered PF_PACKET protocol family
[    3.901416] 9pnet: Installing 9P2000 support
[    3.902405] Key type dns_resolver registered
[    3.904348] IPI shorthand broadcast: enabled
[    3.905259] sched_clock: Marking stable (3872723868, 31330073)->(3923333441, -19279500)
[    3.907761] registered taskstats version 1
[    3.908807] Loading compiled-in X.509 certificates
[    3.909897] zswap: loaded using pool lzo/zbud
[    3.911824] Key type ._fscrypt registered
[    3.912619] Key type .fscrypt registered
[    3.913368] Key type fscrypt-provisioning registered
[    3.916036] Key type encrypted registered
[    3.916913] ima: No TPM chip found, activating TPM-bypass!
[    3.917970] ima: Allocated hash algorithm: sha1
[    3.919005] ima: No architecture policies found
[    3.919952] evm: Initialising EVM extended attributes:
[    3.920915] evm: security.selinux
[    3.921562] evm: security.SMACK64
[    3.922235] evm: security.SMACK64EXEC
[    3.922932] evm: security.SMACK64TRANSMUTE
[    3.923707] evm: security.SMACK64MMAP
[    3.924406] evm: security.apparmor
[    3.925110] evm: security.ima
[    3.925707] evm: security.capability
[    3.926416] evm: HMAC attrs: 0x1
[    3.928643] PM:   Magic number: 15:137:608
[    3.930042] RAS: Correctable Errors collector initialized.
[    3.932653] md: Waiting for all devices to be available before autodetect
[    3.933937] md: If you don't use raid, use raid=noautodetect
[    3.935043] md: Autodetecting RAID arrays.
[    3.935834] md: autorun ...
[    3.936369] md: ... autorun DONE.
[    3.946471] EXT4-fs (sda): mounted filesystem with ordered data mode. Opts: (null). Quota mode: none.
[    3.948394] VFS: Mounted root (ext4 filesystem) readonly on device 8:0.
[    3.951855] devtmpfs: mounted
[    3.962916] Freeing unused decrypted memory: 2036K
[    3.968142] Freeing unused kernel image (initmem) memory: 3232K
[    3.969381] Write protecting the kernel read-only data: 40960k
[    3.975593] Freeing unused kernel image (text/rodata gap) memory: 2028K
[    3.978272] Freeing unused kernel image (rodata/data gap) memory: 600K
[    4.068880] x86/mm: Checked W+X mappings: passed, no W+X pages found.
[    4.069875] Run /sbin/init as init process
[    4.161689] random: fast init done
[    4.195327] systemd[1]: RTC configured in localtime, applying delta of 0 minutes to system time.
[    4.230835] systemd[1]: systemd 239 (239-49.el8) running in system mode. (+PAM +AUDIT +SELINUX +IMA -APPARMOR +SMACK +SYSVINIT +UTMP +LIBCRYPTSETUP +GCRYPT +GNUTLS +ACL +XZ +LZ4 +SECCOMP +BLKID +ELFUTILS +KMOD +IDN2 -IDN +PCRE2 default-hierarchy=legacy)
[    4.234457] systemd[1]: Detected virtualization kvm.
[    4.235281] systemd[1]: Detected architecture x86-64.

Welcome to [0;31mCentOS Stream 8[0m!

[    4.258077] systemd[1]: Set hostname to <test>.
[    4.400707] random: lvmconfig: uninitialized urandom read (4 bytes read)
[    4.565899] random: systemd: uninitialized urandom read (16 bytes read)
[    4.567178] systemd[1]: Listening on initctl Compatibility Named Pipe.
[[0;32m  OK  [0m] Listening on initctl Compatibility Named Pipe.
[    4.569242] random: systemd: uninitialized urandom read (16 bytes read)
[    4.570233] systemd[1]: Reached target Swap.
[[0;32m  OK  [0m] Reached target Swap.
[    4.577934] systemd[1]: Listening on Process Core Dump Socket.
[[0;32m  OK  [0m] Listening on Process Core Dump Socket.
[    4.580008] systemd[1]: Listening on Journal Socket (/dev/log).
[[0;32m  OK  [0m] Listening on Journal Socket (/dev/log).
[    4.584096] systemd[1]: Created slice User and Session Slice.
[[0;32m  OK  [0m] Created slice User and Session Slice.
[    4.586368] systemd[1]: Listening on LVM2 poll daemon socket.
[[0;32m  OK  [0m] Listening on LVM2 poll daemon socket.
[[0;32m  OK  [0m] Started Forward Password Requests to Wall Directory Watch.
[[0;32m  OK  [0m] Created slice system-serial\x2dgetty.slice.
[[0;32m  OK  [0m] Listening on Journal Socket.
         Starting Setup Virtual Console...
[[0;32m  OK  [0m] Listening on multipathd control socket.
[[0;32m  OK  [0m] Created slice system-getty.slice.
[[0;32m  OK  [0m] Created slice system-sshd\x2dkeygen.slice.
         Starting Remount Root and Kernel File Systems...
[[0;32m  OK  [0m] Set up automount Arbitrary Executabâ€¦rmats File System Automount Point.
[[0;32m  OK  [0m] Reached target Slices.
[[0;32m  OK  [0m] Listening on Device-mapper event daemon FIFOs.
         Starting Monitoring of LVM2 mirrorsâ€¦ng dmeventd or progress polling...
         Mounting POSIX Message Queue File System...
         Mounting Huge Pages File System...
[    4.777756] EXT4-fs (sda): re-mounted. Opts: (null). Quota mode: none.
[[0;32m  OK  [0m] Listening on udev Control Socket.
[[0;32m  OK  [0m] Listening on RPCbind Server Activation Socket.
[[0;32m  OK  [0m] Reached target RPC Port Mapper.
         Starting Load Kernel Modules...
         Starting Journal Service...
         Mounting Kernel Debug File System...
[[0;32m  OK  [0m] Listening on udev Kernel Socket.
         Starting udev Coldplug all Devices...
[[0;32m  OK  [0m] Started Remount Root and Kernel File Systems.
[[0;32m  OK  [0m] Started Journal Service.
[[0;32m  OK  [0m] Started Monitoring of LVM2 mirrors,â€¦sing dmeventd or progress polling.
[[0;32m  OK  [0m] Started Setup Virtual Console.
[[0;32m  OK  [0m] Mounted POSIX Message Queue File System.
[[0;32m  OK  [0m] Mounted Huge Pages File System.
[[0;1;31mFAILED[0m] Failed to start Load Kernel Modules.
See 'systemctl status systemd-modules-load.service' for details.
[[0;32m  OK  [0m] Mounted Kernel Debug File System.
         Starting Apply Kernel Variables...
         Mounting FUSE Control File System...
         Mounting Kernel Configuration File System...
         Starting Load/Save Random Seed...
         Starting Create Static Device Nodes in /dev...
         Starting Flush Journal to Persistent Storage...
[[0;32m  OK  [0m] Started Apply Kernel Variables.
[[0;32m  OK  [0m] Mounted FUSE Control File System.
[[0;32m  OK  [0m] Mounted Kernel Configuration File System.
[[0;32m  OK  [0m] Started Load/Save Random Seed.
[[0;32m  OK  [0m] Started Create Static Device Nodes in /dev.
[[0;32m  OK  [0m] Started Flush Journal to Persistent Storage.
         Starting udev Kernel Device Manager...
[[0;32m  OK  [0m] Started udev Coldplug all Devices.
         Starting udev Wait for Complete Device Initialization...
[[0;32m  OK  [0m] Started udev Kernel Device Manager.
         Starting Show Plymouth Boot Screen...
[[0;32m  OK  [0m] Started Show Plymouth Boot Screen.
[[0;32m  OK  [0m] Reached target Local Encrypted Volumes.
[[0;32m  OK  [0m] Reached target Paths.
[[0;32m  OK  [0m] Started Forward Password Requests to Plymouth Directory Watch.
[[0;32m  OK  [0m] Found device /dev/ttyS0.
[[0;32m  OK  [0m] Listening on Load/Save RF Kill Switch Status /dev/rfkill Watch.
[[0;32m  OK  [0m] Started udev Wait for Complete Device Initialization.
[[0;32m  OK  [0m] Reached target Local File Systems (Pre).
[[0;32m  OK  [0m] Reached target Local File Systems.
         Starting Restore /run/initramfs on shutdown...
         Starting Tell Plymouth To Write Out Runtime Data...
         Starting Create Volatile Files and Directories...
[[0;32m  OK  [0m] Started Restore /run/initramfs on shutdown.
[[0;32m  OK  [0m] Started Tell Plymouth To Write Out Runtime Data.
[[0;32m  OK  [0m] Started Create Volatile Files and Directories.
         Starting RPC Bind...
         Starting Security Auditing Service...
         Mounting RPC Pipe File System...
[[0;32m  OK  [0m] Mounted RPC Pipe File System.
[[0;32m  OK  [0m] Reached target rpc_pipefs.target.
[[0;32m  OK  [0m] Started RPC Bind.
[[0;32m  OK  [0m] Started Security Auditing Service.
         Starting Update UTMP about System Boot/Shutdown...
[[0;32m  OK  [0m] Started Update UTMP about System Boot/Shutdown.
[[0;32m  OK  [0m] Reached target System Initialization.
[[0;32m  OK  [0m] Started dnf makecache --timer.
[[0;32m  OK  [0m] Listening on SSSD Kerberos Cache Manager responder socket.
[[0;32m  OK  [0m] Listening on D-Bus System Message Bus Socket.
[[0;32m  OK  [0m] Reached target Sockets.
[[0;32m  OK  [0m] Reached target Basic System.
         Starting Auto-connect to subsystemsâ€¦-NVME devices found during boot...
         Starting Self Monitoring and Reporting Technology (SMART) Daemon...
[[0;32m  OK  [0m] Started irqbalance daemon.
[[0;32m  OK  [0m] Started Machine Check Exception Logging Daemon.
[[0;32m  OK  [0m] Started D-Bus System Message Bus.
         Starting Network Manager...
         Starting Login Service...
[[0;32m  OK  [0m] Started Daily Cleanup of Temporary Directories.
[[0;32m  OK  [0m] Reached target sshd-keygen.target.
         Starting Authorization Manager...
         Starting NTP client/server...
[[0;32m  OK  [0m] Started daily update of the root trust anchor for DNSSEC.
[[0;32m  OK  [0m] Reached target Timers.
[[0;32m  OK  [0m] Started Self Monitoring and Reporting Technology (SMART) Daemon.
[[0;32m  OK  [0m] Started Auto-connect to subsystems â€¦FC-NVME devices found during boot.
         Starting update of the root trust aâ€¦or DNSSEC validation in unbound...
[[0;32m  OK  [0m] Started Login Service.
[[0;32m  OK  [0m] Started NTP client/server.
[[0;32m  OK  [0m] Started Network Manager.
[[0;32m  OK  [0m] Reached target Network.
         Starting GSSAPI Proxy Daemon...
         Starting OpenSSH server daemon...
         Starting Dynamic System Tuning Daemon...
         Starting Network Manager Wait Online...
         Starting Hostname Service...
[[0;32m  OK  [0m] Started Authorization Manager.
[[0;32m  OK  [0m] Started Hostname Service.
         Starting Network Manager Script Dispatcher Service...
[    7.166411] e1000: eth0 NIC Link is Up 1000 Mbps Full Duplex, Flow Control: RX
[    7.168474] IPv6: ADDRCONF(NETDEV_CHANGE): eth0: link becomes ready
[[0;32m  OK  [0m] Started Network Manager Script Dispatcher Service.
[[0;32m  OK  [0m] Started Dynamic System Tuning Daemon.
[    7.978557] random: crng init done
[    7.979432] random: 7 urandom warning(s) missed due to ratelimiting
[[0;32m  OK  [0m] Started OpenSSH server daemon.
[[0;32m  OK  [0m] Started update of the root trust anâ€¦ for DNSSEC validation in unbound.
[[0;32m  OK  [0m] Started GSSAPI Proxy Daemon.
[[0;32m  OK  [0m] Reached target NFS client services.
[[0;32m  OK  [0m] Reached target Remote File Systems (Pre).
[[0;32m  OK  [0m] Reached target Remote File Systems.
         Starting Permit User Sessions...
[[0;32m  OK  [0m] Started Permit User Sessions.
[[0;32m  OK  [0m] Started Command Scheduler.
         Starting Hold until boot process finishes up...
         Starting Terminate Plymouth Boot Screen...

CentOS Stream 8
Kernel 5.14.0-rc4-9c3a0f285248+ on an x86_64

test login: [   28.974309] loop6: detected capacity change from 0 to 32768
[   29.012986] loop2: detected capacity change from 0 to 32768
[   29.025226] loop0: detected capacity change from 0 to 32768
[   29.028560] loop1: detected capacity change from 0 to 32768
[   29.050685] XFS (loop6): EXPERIMENTAL big timestamp feature in use. Use at your own risk!
[   29.052117] XFS (loop6): EXPERIMENTAL inode btree counters feature in use. Use at your own risk!
[   29.053880] XFS (loop6): Mounting V5 Filesystem
[   29.060390] loop3: detected capacity change from 0 to 32768
[   29.106995] loop7: detected capacity change from 0 to 32768
[   29.110725] XFS (loop6): Starting recovery (logdev: internal)
[   29.118939] XFS (loop1): EXPERIMENTAL big timestamp feature in use. Use at your own risk!
[   29.118939] XFS (loop0): EXPERIMENTAL big timestamp feature in use. Use at your own risk!
[   29.120384] XFS (loop1): EXPERIMENTAL inode btree counters feature in use. Use at your own risk!
[   29.120531] XFS (loop1): Mounting V5 Filesystem
[   29.121877] XFS (loop0): EXPERIMENTAL inode btree counters feature in use. Use at your own risk!
[   29.122012] XFS (loop2): EXPERIMENTAL big timestamp feature in use. Use at your own risk!
[   29.128042] XFS (loop2): EXPERIMENTAL inode btree counters feature in use. Use at your own risk!
[   29.130474] XFS (loop0): Mounting V5 Filesystem
[   29.132279] XFS (loop2): Mounting V5 Filesystem
[   29.133000] XFS (loop6): Ending recovery (logdev: internal)
[   29.134918] XFS (loop6): Metadata CRC error detected at xfs_agf_read_verify+0x107/0x130, xfs_agf block 0x1 
[   29.136683] XFS (loop6): Unmount and run xfs_repair
[   29.137526] XFS (loop6): First 128 bytes of corrupted metadata buffer:
[   29.138740] 00000000: 58 41 47 46 00 00 00 01 00 00 00 00 00 00 10 00  XAGF............
[   29.140101] 00000010: 00 00 00 01 00 00 00 02 00 00 00 00 00 00 00 01  ................
[   29.141471] 00000020: 00 00 00 01 00 00 00 00 00 00 00 01 00 00 00 04  ................
[   29.142851] 00000030: 00 00 00 04 00 00 0a 58 00 00 0a 50 00 00 00 00  .......X...P....
[   29.143758] loop5: detected capacity change from 0 to 32768
[   29.144210] 00000040: 9f 1c ad 42 11 bd 4e 12 8f 0b f0 78 76 b8 1d 9a  ...B..N....xv...
[   29.144224] 00000050: 00 00 00 00 00 00 00 01 00 00 00 05 00 00 00 08  ................
[   29.144233] 00000060: 00 00 00 00 00 00 00 00 00 00 00 00 00 00 00 00  ................
[   29.149637] 00000070: 00 00 00 00 00 00 00 00 00 00 00 00 00 00 00 00  ................
[   29.154087] loop4: detected capacity change from 0 to 32768
[   29.162157] XFS (loop6): metadata I/O error in "xfs_read_agf+0xcb/0x240" at daddr 0x1 len 1 error 74
[   29.164356] XFS (loop6): Error -117 recovering leftover CoW allocations.
[   29.167593] XFS (loop6): Corruption of in-memory data (0x8) detected at xfs_mountfs+0xd32/0xd50 (fs/xfs/xfs_mount.c:925).  Shutting down filesystem
[   29.170566] XFS (loop6): Please unmount the filesystem and rectify the problem(s)
[   29.179222] XFS (loop1): Starting recovery (logdev: internal)
[   29.182144] XFS (loop3): EXPERIMENTAL big timestamp feature in use. Use at your own risk!
[   29.183963] XFS (loop3): EXPERIMENTAL inode btree counters feature in use. Use at your own risk!
[   29.186186] XFS (loop3): Mounting V5 Filesystem
[   29.187437] XFS (loop5): EXPERIMENTAL big timestamp feature in use. Use at your own risk!
[   29.188835] XFS (loop5): EXPERIMENTAL inode btree counters feature in use. Use at your own risk!
[   29.211705] XFS (loop5): Mounting V5 Filesystem
[   29.214474] XFS (loop1): Ending recovery (logdev: internal)
[   29.217318] XFS (loop1): Metadata CRC error detected at xfs_agf_read_verify+0x107/0x130, xfs_agf block 0x1 
[   29.219574] XFS (loop1): Unmount and run xfs_repair
[   29.220631] XFS (loop1): First 128 bytes of corrupted metadata buffer:
[   29.222065] 00000000: 58 41 47 46 00 00 00 01 00 00 00 00 00 00 10 00  XAGF............
[   29.223805] 00000010: 00 00 00 01 00 00 00 02 00 00 00 00 00 00 00 01  ................
[   29.225522] 00000020: 00 00 00 01 00 00 00 00 00 00 00 01 00 00 00 04  ................
[   29.227245] 00000030: 00 00 00 04 00 00 0a 58 00 00 0a 50 00 00 00 00  .......X...P....
[   29.228948] 00000040: 9f 1c ad 42 11 bd 4e 12 8f 0b f0 78 76 b8 1d 9a  ...B..N....xv...
[   29.230679] 00000050: 00 00 00 00 00 00 00 01 00 00 00 05 00 00 00 08  ................
[   29.232893] 00000060: 00 00 00 00 00 00 00 00 00 00 00 00 00 00 00 00  ................
[   29.234666] 00000070: 00 00 00 00 00 00 00 00 00 00 00 00 00 00 00 00  ................
[   29.238263] XFS (loop1): metadata I/O error in "xfs_read_agf+0xcb/0x240" at daddr 0x1 len 1 error 74
[   29.240279] XFS (loop1): Error -117 recovering leftover CoW allocations.
[   29.241759] XFS (loop1): Corruption of in-memory data (0x8) detected at xfs_mountfs+0xd32/0xd50 (fs/xfs/xfs_mount.c:925).  Shutting down filesystem
[   29.243297] XFS (loop0): Starting recovery (logdev: internal)
[   29.245048] XFS (loop1): Please unmount the filesystem and rectify the problem(s)
[   29.252194] XFS (loop4): EXPERIMENTAL big timestamp feature in use. Use at your own risk!
[   29.254233] XFS (loop4): EXPERIMENTAL inode btree counters feature in use. Use at your own risk!
[   29.256454] XFS (loop4): Mounting V5 Filesystem
[   29.258995] XFS (loop0): Ending recovery (logdev: internal)
[   29.260025] XFS (loop2): Starting recovery (logdev: internal)
[   29.260357] XFS (loop7): EXPERIMENTAL big timestamp feature in use. Use at your own risk!
[   29.262410] XFS (loop7): EXPERIMENTAL inode btree counters feature in use. Use at your own risk!
[   29.264005] XFS (loop7): Mounting V5 Filesystem
[   29.265480] XFS (loop2): Ending recovery (logdev: internal)
[   29.266805] XFS (loop0): Metadata CRC error detected at xfs_agf_read_verify+0x107/0x130, xfs_agf block 0x1 
[   29.267110] XFS (loop2): Metadata CRC error detected at xfs_agf_read_verify+0x107/0x130, xfs_agf block 0x1 
[   29.268482] XFS (loop0): Unmount and run xfs_repair
[   29.268493] XFS (loop0): First 128 bytes of corrupted metadata buffer:
[   29.268503] 00000000: 58 41 47 46 00 00 00 01 00 00 00 00 00 00 10 00  XAGF............
[   29.268512] 00000010: 00 00 00 01 00 00 00 02 00 00 00 00 00 00 00 01  ................
[   29.270145] XFS (loop2): Unmount and run xfs_repair
[   29.271066] 00000020: 00 00 00 01 00 00 00 00 00 00 00 01 00 00 00 04  ................
[   29.272092] XFS (loop2): First 128 bytes of corrupted metadata buffer:
[   29.273470] 00000030: 00 00 00 04 00 00 0a 58 00 00 0a 50 00 00 00 00  .......X...P....
[   29.274893] 00000000: 58 41 47 46 00 00 00 01 00 00 00 00 00 00 10 00  XAGF............
[   29.275808] 00000040: 9f 1c ad 42 11 bd 4e 12 8f 0b f0 78 76 b8 1d 9a  ...B..N....xv...
[   29.277366] 00000010: 00 00 00 01 00 00 00 02 00 00 00 00 00 00 00 01  ................
[   29.278784] 00000050: 00 00 00 00 00 00 00 01 00 00 00 05 00 00 00 08  ................
[   29.280429] 00000020: 00 00 00 01 00 00 00 00 00 00 00 01 00 00 00 04  ................
[   29.282117] 00000060: 00 00 00 00 00 00 00 00 00 00 00 00 00 00 00 00  ................
[   29.283806] 00000030: 00 00 00 04 00 00 0a 58 00 00 0a 50 00 00 00 00  .......X...P....
[   29.285497] 00000070: 00 00 00 00 00 00 00 00 00 00 00 00 00 00 00 00  ................
[   29.287182] 00000040: 9f 1c ad 42 11 bd 4e 12 8f 0b f0 78 76 b8 1d 9a  ...B..N....xv...
[   29.294233] XFS (loop0): metadata I/O error in "xfs_read_agf+0xcb/0x240" at daddr 0x1 len 1 error 74
[   29.295576] 00000050: 00 00 00 00 00 00 00 01 00 00 00 05 00 00 00 08  ................
[   29.297509] XFS (loop0): Error -117 recovering leftover CoW allocations.
[   29.299159] 00000060: 00 00 00 00 00 00 00 00 00 00 00 00 00 00 00 00  ................
[   29.302224] 00000070: 00 00 00 00 00 00 00 00 00 00 00 00 00 00 00 00  ................
[   29.303002] XFS (loop0): Corruption of in-memory data (0x8) detected at xfs_mountfs+0xd32/0xd50 (fs/xfs/xfs_mount.c:925).  Shutting down filesystem
[   29.306805] XFS (loop0): Please unmount the filesystem and rectify the problem(s)
[   29.322076] XFS (loop2): metadata I/O error in "xfs_read_agf+0xcb/0x240" at daddr 0x1 len 1 error 74
[   29.323673] XFS (loop2): Error -117 recovering leftover CoW allocations.
[   29.325566] XFS (loop2): Corruption of in-memory data (0x8) detected at xfs_mountfs+0xd32/0xd50 (fs/xfs/xfs_mount.c:925).  Shutting down filesystem
[   29.327739] XFS (loop2): Please unmount the filesystem and rectify the problem(s)
[   29.329504] XFS (loop3): Starting recovery (logdev: internal)
[   29.333079] XFS (loop3): Ending recovery (logdev: internal)
[   29.334177] XFS (loop3): Metadata CRC error detected at xfs_agf_read_verify+0x107/0x130, xfs_agf block 0x1 
[   29.335973] XFS (loop3): Unmount and run xfs_repair
[   29.336890] XFS (loop3): First 128 bytes of corrupted metadata buffer:
[   29.338167] 00000000: 58 41 47 46 00 00 00 01 00 00 00 00 00 00 10 00  XAGF............
[   29.339878] 00000010: 00 00 00 01 00 00 00 02 00 00 00 00 00 00 00 01  ................
[   29.341642] 00000020: 00 00 00 01 00 00 00 00 00 00 00 01 00 00 00 04  ................
[   29.343408] 00000030: 00 00 00 04 00 00 0a 58 00 00 0a 50 00 00 00 00  .......X...P....
[   29.345173] 00000040: 9f 1c ad 42 11 bd 4e 12 8f 0b f0 78 76 b8 1d 9a  ...B..N....xv...
[   29.345419] XFS (loop5): Starting recovery (logdev: internal)
[   29.346910] 00000050: 00 00 00 00 00 00 00 01 00 00 00 05 00 00 00 08  ................
[   29.349885] 00000060: 00 00 00 00 00 00 00 00 00 00 00 00 00 00 00 00  ................
[   29.351625] 00000070: 00 00 00 00 00 00 00 00 00 00 00 00 00 00 00 00  ................
[   29.352495] XFS (loop4): Starting recovery (logdev: internal)
[   29.353396] XFS (loop3): metadata I/O error in "xfs_read_agf+0xcb/0x240" at daddr 0x1 len 1 error 74
[   29.356564] XFS (loop3): Error -117 recovering leftover CoW allocations.
[   29.358046] XFS (loop3): Corruption of in-memory data (0x8) detected at xfs_mountfs+0xd32/0xd50 (fs/xfs/xfs_mount.c:925).  Shutting down filesystem
[   29.360913] XFS (loop3): Please unmount the filesystem and rectify the problem(s)
[   29.361118] XFS (loop4): Ending recovery (logdev: internal)
[   29.367700] XFS (loop5): Ending recovery (logdev: internal)
[   29.369133] XFS (loop5): Metadata CRC error detected at xfs_agf_read_verify+0x107/0x130, xfs_agf block 0x1 
[   29.371292] XFS (loop5): Unmount and run xfs_repair
[   29.372318] XFS (loop5): First 128 bytes of corrupted metadata buffer:
[   29.373696] 00000000: 58 41 47 46 00 00 00 01 00 00 00 00 00 00 10 00  XAGF............
[   29.375402] 00000010: 00 00 00 01 00 00 00 02 00 00 00 00 00 00 00 01  ................
[   29.377094] 00000020: 00 00 00 01 00 00 00 00 00 00 00 01 00 00 00 04  ................
[   29.378801] 00000030: 00 00 00 04 00 00 0a 58 00 00 0a 50 00 00 00 00  .......X...P....
[   29.380460] 00000040: 9f 1c ad 42 11 bd 4e 12 8f 0b f0 78 76 b8 1d 9a  ...B..N....xv...
[   29.382139] 00000050: 00 00 00 00 00 00 00 01 00 00 00 05 00 00 00 08  ................
[   29.383841] 00000060: 00 00 00 00 00 00 00 00 00 00 00 00 00 00 00 00  ................
[   29.385474] 00000070: 00 00 00 00 00 00 00 00 00 00 00 00 00 00 00 00  ................
[   29.386232] XFS (loop4): Metadata CRC error detected at xfs_agf_read_verify+0x107/0x130, xfs_agf block 0x1 
[   29.388411] XFS (loop4): Unmount and run xfs_repair
[   29.389209] XFS (loop4): First 128 bytes of corrupted metadata buffer:
[   29.390309] 00000000: 58 41 47 46 00 00 00 01 00 00 00 00 00 00 10 00  XAGF............
[   29.391594] 00000010: 00 00 00 01 00 00 00 02 00 00 00 00 00 00 00 01  ................
[   29.392215] XFS (loop5): metadata I/O error in "xfs_read_agf+0xcb/0x240" at daddr 0x1 len 1 error 74
[   29.392874] 00000020: 00 00 00 01 00 00 00 00 00 00 00 01 00 00 00 04  ................
[   29.394399] XFS (loop5): Error -117 recovering leftover CoW allocations.
[   29.395642] 00000030: 00 00 00 04 00 00 0a 58 00 00 0a 50 00 00 00 00  .......X...P....
[   29.398068] 00000040: 9f 1c ad 42 11 bd 4e 12 8f 0b f0 78 76 b8 1d 9a  ...B..N....xv...
[   29.399508] 00000050: 00 00 00 00 00 00 00 01 00 00 00 05 00 00 00 08  ................
[   29.401008] 00000060: 00 00 00 00 00 00 00 00 00 00 00 00 00 00 00 00  ................
[   29.402264] XFS (loop5): Corruption of in-memory data (0x8) detected at xfs_mountfs+0xd32/0xd50 (fs/xfs/xfs_mount.c:925).  Shutting down filesystem
[   29.402695] 00000070: 00 00 00 00 00 00 00 00 00 00 00 00 00 00 00 00  ................
[   29.403555] XFS (loop4): metadata I/O error in "xfs_read_agf+0xcb/0x240" at daddr 0x1 len 1 error 74
[   29.404866] XFS (loop5): Please unmount the filesystem and rectify the problem(s)
[   29.406166] XFS (loop4): Error -117 recovering leftover CoW allocations.
[   29.409914] XFS (loop7): Starting recovery (logdev: internal)
[   29.411909] XFS (loop4): Corruption of in-memory data (0x8) detected at xfs_mountfs+0xd32/0xd50 (fs/xfs/xfs_mount.c:925).  Shutting down filesystem
[   29.414044] XFS (loop4): Please unmount the filesystem and rectify the problem(s)
[   29.419874] XFS (loop7): Ending recovery (logdev: internal)
[   29.421247] XFS (loop7): Metadata CRC error detected at xfs_agf_read_verify+0x107/0x130, xfs_agf block 0x1 
[   29.423403] XFS (loop7): Unmount and run xfs_repair
[   29.424447] XFS (loop7): First 128 bytes of corrupted metadata buffer:
[   29.425848] 00000000: 58 41 47 46 00 00 00 01 00 00 00 00 00 00 10 00  XAGF............
[   29.427564] 00000010: 00 00 00 01 00 00 00 02 00 00 00 00 00 00 00 01  ................
[   29.429294] 00000020: 00 00 00 01 00 00 00 00 00 00 00 01 00 00 00 04  ................
[   29.431018] 00000030: 00 00 00 04 00 00 0a 58 00 00 0a 50 00 00 00 00  .......X...P....
[   29.432700] 00000040: 9f 1c ad 42 11 bd 4e 12 8f 0b f0 78 76 b8 1d 9a  ...B..N....xv...
[   29.434458] 00000050: 00 00 00 00 00 00 00 01 00 00 00 05 00 00 00 08  ................
[   29.436150] 00000060: 00 00 00 00 00 00 00 00 00 00 00 00 00 00 00 00  ................
[   29.437855] 00000070: 00 00 00 00 00 00 00 00 00 00 00 00 00 00 00 00  ................
[   29.440459] XFS (loop7): metadata I/O error in "xfs_read_agf+0xcb/0x240" at daddr 0x1 len 1 error 74
[   29.442504] XFS (loop7): Error -117 recovering leftover CoW allocations.
[   29.444159] XFS (loop7): Corruption of in-memory data (0x8) detected at xfs_mountfs+0xd32/0xd50 (fs/xfs/xfs_mount.c:925).  Shutting down filesystem
[   29.447104] XFS (loop7): Please unmount the filesystem and rectify the problem(s)
[   29.694117] loop6: detected capacity change from 0 to 32768
[   29.760556] loop3: detected capacity change from 0 to 32768
[   29.783728] XFS (loop6): EXPERIMENTAL big timestamp feature in use. Use at your own risk!
[   29.785551] XFS (loop6): EXPERIMENTAL inode btree counters feature in use. Use at your own risk!
[   29.788014] XFS (loop6): Mounting V5 Filesystem
[   29.806072] XFS (loop3): EXPERIMENTAL big timestamp feature in use. Use at your own risk!
[   29.807501] XFS (loop3): EXPERIMENTAL inode btree counters feature in use. Use at your own risk!
[   29.809140] XFS (loop3): Mounting V5 Filesystem
[   29.826911] XFS (loop6): Starting recovery (logdev: internal)
[   29.828044] loop1: detected capacity change from 0 to 32768
[   29.837408] XFS (loop6): Ending recovery (logdev: internal)
[   29.838560] XFS (loop6): Metadata CRC error detected at xfs_agf_read_verify+0x107/0x130, xfs_agf block 0x1 
[   29.840268] XFS (loop6): Unmount and run xfs_repair
[   29.841135] XFS (loop6): First 128 bytes of corrupted metadata buffer:
[   29.842283] 00000000: 58 41 47 46 00 00 00 01 00 00 00 00 00 00 10 00  XAGF............
[   29.843640] 00000010: 00 00 00 01 00 00 00 02 00 00 00 00 00 00 00 01  ................
[   29.845000] 00000020: 00 00 00 01 00 00 00 00 00 00 00 01 00 00 00 04  ................
[   29.846385] 00000030: 00 00 00 04 00 00 0a 58 00 00 0a 50 00 00 00 00  .......X...P....
[   29.847745] 00000040: 9f 1c ad 42 11 bd 4e 12 8f 0b f0 78 76 b8 1d 9a  ...B..N....xv...
[   29.849116] 00000050: 00 00 00 00 00 00 00 01 00 00 00 05 00 00 00 08  ................
[   29.850498] 00000060: 00 00 00 00 00 00 00 00 00 00 00 00 00 00 00 00  ................
[   29.851865] 00000070: 00 00 00 00 00 00 00 00 00 00 00 00 00 00 00 00  ................
[   29.854165] XFS (loop6): metadata I/O error in "xfs_read_agf+0xcb/0x240" at daddr 0x1 len 1 error 74
[   29.855832] XFS (loop6): Error -117 recovering leftover CoW allocations.
[   29.857287] XFS (loop6): Corruption of in-memory data (0x8) detected at xfs_mountfs+0xd32/0xd50 (fs/xfs/xfs_mount.c:925).  Shutting down filesystem
[   29.859972] XFS (loop6): Please unmount the filesystem and rectify the problem(s)
[   29.877803] XFS (loop3): Starting recovery (logdev: internal)
[   29.880620] loop0: detected capacity change from 0 to 32768
[   29.884888] XFS (loop3): Ending recovery (logdev: internal)
[   29.886066] XFS (loop3): Metadata CRC error detected at xfs_agf_read_verify+0x107/0x130, xfs_agf block 0x1 
[   29.887805] XFS (loop3): Unmount and run xfs_repair
[   29.888644] XFS (loop3): First 128 bytes of corrupted metadata buffer:
[   29.889770] 00000000: 58 41 47 46 00 00 00 01 00 00 00 00 00 00 10 00  XAGF............
[   29.891164] 00000010: 00 00 00 01 00 00 00 02 00 00 00 00 00 00 00 01  ................
[   29.892592] 00000020: 00 00 00 01 00 00 00 00 00 00 00 01 00 00 00 04  ................
[   29.894133] 00000030: 00 00 00 04 00 00 0a 58 00 00 0a 50 00 00 00 00  .......X...P....
[   29.895804] 00000040: 9f 1c ad 42 11 bd 4e 12 8f 0b f0 78 76 b8 1d 9a  ...B..N....xv...
[   29.897515] 00000050: 00 00 00 00 00 00 00 01 00 00 00 05 00 00 00 08  ................
[   29.899219] 00000060: 00 00 00 00 00 00 00 00 00 00 00 00 00 00 00 00  ................
[   29.899562] loop7: detected capacity change from 0 to 32768
[   29.900903] 00000070: 00 00 00 00 00 00 00 00 00 00 00 00 00 00 00 00  ................
[   29.904893] XFS (loop3): metadata I/O error in "xfs_read_agf+0xcb/0x240" at daddr 0x1 len 1 error 74
[   29.906936] XFS (loop3): Error -117 recovering leftover CoW allocations.
[   29.920212] XFS (loop3): Corruption of in-memory data (0x8) detected at xfs_mountfs+0xd32/0xd50 (fs/xfs/xfs_mount.c:925).  Shutting down filesystem
[   29.923127] XFS (loop3): Please unmount the filesystem and rectify the problem(s)
[   29.934391] loop2: detected capacity change from 0 to 32768
[   29.944168] XFS (loop1): EXPERIMENTAL big timestamp feature in use. Use at your own risk!
[   29.945632] XFS (loop1): EXPERIMENTAL inode btree counters feature in use. Use at your own risk!
[   29.947702] XFS (loop1): Mounting V5 Filesystem
[   29.955124] XFS (loop0): EXPERIMENTAL big timestamp feature in use. Use at your own risk!
[   29.956675] XFS (loop0): EXPERIMENTAL inode btree counters feature in use. Use at your own risk!
[   29.967106] XFS (loop0): Mounting V5 Filesystem
[   29.972145] XFS (loop1): Starting recovery (logdev: internal)
[   29.973239] XFS (loop7): EXPERIMENTAL big timestamp feature in use. Use at your own risk!
[   29.974672] XFS (loop7): EXPERIMENTAL inode btree counters feature in use. Use at your own risk!
[   29.976802] XFS (loop7): Mounting V5 Filesystem
[   29.981483] XFS (loop1): Ending recovery (logdev: internal)
[   29.982651] XFS (loop1): Metadata CRC error detected at xfs_agf_read_verify+0x107/0x130, xfs_agf block 0x1 
[   29.984446] XFS (loop1): Unmount and run xfs_repair
[   29.985366] XFS (loop1): First 128 bytes of corrupted metadata buffer:
[   29.986665] 00000000: 58 41 47 46 00 00 00 01 00 00 00 00 00 00 10 00  XAGF............
[   29.988310] 00000010: 00 00 00 01 00 00 00 02 00 00 00 00 00 00 00 01  ................
[   29.989994] 00000020: 00 00 00 01 00 00 00 00 00 00 00 01 00 00 00 04  ................
[   29.991698] 00000030: 00 00 00 04 00 00 0a 58 00 00 0a 50 00 00 00 00  .......X...P....
[   29.993390] 00000040: 9f 1c ad 42 11 bd 4e 12 8f 0b f0 78 76 b8 1d 9a  ...B..N....xv...
[   29.995107] 00000050: 00 00 00 00 00 00 00 01 00 00 00 05 00 00 00 08  ................
[   29.996821] 00000060: 00 00 00 00 00 00 00 00 00 00 00 00 00 00 00 00  ................
[   29.998539] 00000070: 00 00 00 00 00 00 00 00 00 00 00 00 00 00 00 00  ................
[   30.000253] XFS (loop1): metadata I/O error in "xfs_read_agf+0xcb/0x240" at daddr 0x1 len 1 error 74
[   30.002332] XFS (loop1): Error -117 recovering leftover CoW allocations.
[   30.003810] XFS (loop1): Corruption of in-memory data (0x8) detected at xfs_mountfs+0xd32/0xd50 (fs/xfs/xfs_mount.c:925).  Shutting down filesystem
[   30.006668] XFS (loop1): Please unmount the filesystem and rectify the problem(s)
[   30.033262] XFS (loop0): Starting recovery (logdev: internal)
[   30.036204] loop5: detected capacity change from 0 to 32768
[   30.040015] loop4: detected capacity change from 0 to 32768
[   30.053825] XFS (loop7): Starting recovery (logdev: internal)
[   30.056018] XFS (loop7): Ending recovery (logdev: internal)
[   30.057092] XFS (loop7): Metadata CRC error detected at xfs_agf_read_verify+0x107/0x130, xfs_agf block 0x1 
[   30.058869] XFS (loop7): Unmount and run xfs_repair
[   30.059714] XFS (loop7): First 128 bytes of corrupted metadata buffer:
[   30.060833] 00000000: 58 41 47 46 00 00 00 01 00 00 00 00 00 00 10 00  XAGF............
[   30.062234] 00000010: 00 00 00 01 00 00 00 02 00 00 00 00 00 00 00 01  ................
[   30.063631] 00000020: 00 00 00 01 00 00 00 00 00 00 00 01 00 00 00 04  ................
[   30.065119] 00000030: 00 00 00 04 00 00 0a 58 00 00 0a 50 00 00 00 00  .......X...P....
[   30.066670] 00000040: 9f 1c ad 42 11 bd 4e 12 8f 0b f0 78 76 b8 1d 9a  ...B..N....xv...
[   30.068252] 00000050: 00 00 00 00 00 00 00 01 00 00 00 05 00 00 00 08  ................
[   30.069954] 00000060: 00 00 00 00 00 00 00 00 00 00 00 00 00 00 00 00  ................
[   30.071711] 00000070: 00 00 00 00 00 00 00 00 00 00 00 00 00 00 00 00  ................
[   30.079740] XFS (loop2): EXPERIMENTAL big timestamp feature in use. Use at your own risk!
[   30.081600] XFS (loop2): EXPERIMENTAL inode btree counters feature in use. Use at your own risk!
[   30.084114] XFS (loop7): metadata I/O error in "xfs_read_agf+0xcb/0x240" at daddr 0x1 len 1 error 74
[   30.084175] XFS (loop2): Mounting V5 Filesystem
[   30.086142] XFS (loop7): Error -117 recovering leftover CoW allocations.
[   30.088777] XFS (loop0): Ending recovery (logdev: internal)
[   30.093254] XFS (loop0): Metadata CRC error detected at xfs_agf_read_verify+0x107/0x130, xfs_agf block 0x1 
[   30.095483] XFS (loop0): Unmount and run xfs_repair
[   30.096513] XFS (loop0): First 128 bytes of corrupted metadata buffer:
[   30.097893] 00000000: 58 41 47 46 00 00 00 01 00 00 00 00 00 00 10 00  XAGF............
[   30.099640] 00000010: 00 00 00 01 00 00 00 02 00 00 00 00 00 00 00 01  ................
[   30.101362] 00000020: 00 00 00 01 00 00 00 00 00 00 00 01 00 00 00 04  ................
[   30.102092] XFS (loop7): Corruption of in-memory data (0x8) detected at xfs_mountfs+0xd32/0xd50 (fs/xfs/xfs_mount.c:925).  Shutting down filesystem
[   30.103078] 00000030: 00 00 00 04 00 00 0a 58 00 00 0a 50 00 00 00 00  .......X...P....
[   30.103095] 00000040: 9f 1c ad 42 11 bd 4e 12 8f 0b f0 78 76 b8 1d 9a  ...B..N....xv...
[   30.103104] 00000050: 00 00 00 00 00 00 00 01 00 00 00 05 00 00 00 08  ................
[   30.103113] 00000060: 00 00 00 00 00 00 00 00 00 00 00 00 00 00 00 00  ................
[   30.105926] XFS (loop7): Please unmount the filesystem and rectify the problem(s)
[   30.107613] 00000070: 00 00 00 00 00 00 00 00 00 00 00 00 00 00 00 00  ................
[   30.112075] XFS (loop0): metadata I/O error in "xfs_read_agf+0xcb/0x240" at daddr 0x1 len 1 error 74
[   30.117973] XFS (loop0): Error -117 recovering leftover CoW allocations.
[   30.123769] XFS (loop0): Corruption of in-memory data (0x8) detected at xfs_mountfs+0xd32/0xd50 (fs/xfs/xfs_mount.c:925).  Shutting down filesystem
[   30.126720] XFS (loop0): Please unmount the filesystem and rectify the problem(s)
[   30.153031] XFS (loop2): Starting recovery (logdev: internal)
[   30.156725] XFS (loop2): Ending recovery (logdev: internal)
[   30.159818] XFS (loop2): Metadata CRC error detected at xfs_agf_read_verify+0x107/0x130, xfs_agf block 0x1 
[   30.162019] XFS (loop2): Unmount and run xfs_repair
[   30.163129] XFS (loop2): First 128 bytes of corrupted metadata buffer:
[   30.164521] 00000000: 58 41 47 46 00 00 00 01 00 00 00 00 00 00 10 00  XAGF............
[   30.166255] 00000010: 00 00 00 01 00 00 00 02 00 00 00 00 00 00 00 01  ................
[   30.167955] 00000020: 00 00 00 01 00 00 00 00 00 00 00 01 00 00 00 04  ................
[   30.169661] 00000030: 00 00 00 04 00 00 0a 58 00 00 0a 50 00 00 00 00  .......X...P....
[   30.171374] 00000040: 9f 1c ad 42 11 bd 4e 12 8f 0b f0 78 76 b8 1d 9a  ...B..N....xv...
[   30.173073] 00000050: 00 00 00 00 00 00 00 01 00 00 00 05 00 00 00 08  ................
[   30.174798] 00000060: 00 00 00 00 00 00 00 00 00 00 00 00 00 00 00 00  ................
[   30.176508] 00000070: 00 00 00 00 00 00 00 00 00 00 00 00 00 00 00 00  ................
[   30.180419] XFS (loop2): metadata I/O error in "xfs_read_agf+0xcb/0x240" at daddr 0x1 len 1 error 74
[   30.182525] XFS (loop2): Error -117 recovering leftover CoW allocations.
[   30.187335] XFS (loop2): Corruption of in-memory data (0x8) detected at xfs_mountfs+0xd32/0xd50 (fs/xfs/xfs_mount.c:925).  Shutting down filesystem
[   30.190320] XFS (loop2): Please unmount the filesystem and rectify the problem(s)
[   30.218684] loop6: detected capacity change from 0 to 32768
[   30.225803] XFS (loop4): EXPERIMENTAL big timestamp feature in use. Use at your own risk!
[   30.227668] XFS (loop4): EXPERIMENTAL inode btree counters feature in use. Use at your own risk!
[   30.229941] XFS (loop5): EXPERIMENTAL big timestamp feature in use. Use at your own risk!
[   30.231763] XFS (loop5): EXPERIMENTAL inode btree counters feature in use. Use at your own risk!
[   30.234902] XFS (loop4): Mounting V5 Filesystem
[   30.236010] XFS (loop5): Mounting V5 Filesystem
[   30.261963] XFS (loop4): Starting recovery (logdev: internal)
[   30.266721] XFS (loop5): Starting recovery (logdev: internal)
[   30.281513] XFS (loop4): Ending recovery (logdev: internal)
[   30.283293] XFS (loop4): Metadata CRC error detected at xfs_agf_read_verify+0x107/0x130, xfs_agf block 0x1 
[   30.283634] XFS (loop5): Ending recovery (logdev: internal)
[   30.284981] XFS (loop4): Unmount and run xfs_repair
[   30.286010] XFS (loop5): Metadata CRC error detected at xfs_agf_read_verify+0x107/0x130, xfs_agf block 0x1 
[   30.286788] XFS (loop4): First 128 bytes of corrupted metadata buffer:
[   30.288394] XFS (loop5): Unmount and run xfs_repair
[   30.289466] 00000000: 58 41 47 46 00 00 00 01 00 00 00 00 00 00 10 00  XAGF............
[   30.290306] XFS (loop5): First 128 bytes of corrupted metadata buffer:
[   30.291599] 00000010: 00 00 00 01 00 00 00 02 00 00 00 00 00 00 00 01  ................
[   30.292683] 00000000: 58 41 47 46 00 00 00 01 00 00 00 00 00 00 10 00  XAGF............
[   30.294039] 00000020: 00 00 00 01 00 00 00 00 00 00 00 01 00 00 00 04  ................
[   30.295446] 00000010: 00 00 00 01 00 00 00 02 00 00 00 00 00 00 00 01  ................
[   30.296892] 00000030: 00 00 00 04 00 00 0a 58 00 00 0a 50 00 00 00 00  .......X...P....
[   30.298490] 00000020: 00 00 00 01 00 00 00 00 00 00 00 01 00 00 00 04  ................
[   30.300145] 00000040: 9f 1c ad 42 11 bd 4e 12 8f 0b f0 78 76 b8 1d 9a  ...B..N....xv...
[   30.301838] 00000030: 00 00 00 04 00 00 0a 58 00 00 0a 50 00 00 00 00  .......X...P....
[   30.303526] 00000050: 00 00 00 00 00 00 00 01 00 00 00 05 00 00 00 08  ................
[   30.305217] 00000040: 9f 1c ad 42 11 bd 4e 12 8f 0b f0 78 76 b8 1d 9a  ...B..N....xv...
[   30.306908] 00000060: 00 00 00 00 00 00 00 00 00 00 00 00 00 00 00 00  ................
[   30.308599] 00000050: 00 00 00 00 00 00 00 01 00 00 00 05 00 00 00 08  ................
[   30.310294] 00000070: 00 00 00 00 00 00 00 00 00 00 00 00 00 00 00 00  ................
[   30.311986] 00000060: 00 00 00 00 00 00 00 00 00 00 00 00 00 00 00 00  ................
[   30.315381] 00000070: 00 00 00 00 00 00 00 00 00 00 00 00 00 00 00 00  ................
[   30.318144] XFS (loop4): metadata I/O error in "xfs_read_agf+0xcb/0x240" at daddr 0x1 len 1 error 74
[   30.320350] XFS (loop4): Error -117 recovering leftover CoW allocations.
[   30.322993] XFS (loop5): metadata I/O error in "xfs_read_agf+0xcb/0x240" at daddr 0x1 len 1 error 74
[   30.324977] XFS (loop5): Error -117 recovering leftover CoW allocations.
[   30.339727] XFS (loop4): Corruption of in-memory data (0x8) detected at xfs_mountfs+0xd32/0xd50 (fs/xfs/xfs_mount.c:925).  Shutting down filesystem
[   30.342617] XFS (loop4): Please unmount the filesystem and rectify the problem(s)
[   30.344790] XFS (loop5): Corruption of in-memory data (0x8) detected at xfs_mountfs+0xd32/0xd50 (fs/xfs/xfs_mount.c:925).  Shutting down filesystem
[   30.347625] XFS (loop5): Please unmount the filesystem and rectify the problem(s)
[   30.371857] XFS (loop6): EXPERIMENTAL big timestamp feature in use. Use at your own risk!
[   30.373255] XFS (loop6): EXPERIMENTAL inode btree counters feature in use. Use at your own risk!
[   30.376471] XFS (loop6): Mounting V5 Filesystem
[   30.413110] XFS (loop6): Starting recovery (logdev: internal)
[   30.417024] XFS (loop6): Ending recovery (logdev: internal)
[   30.418751] XFS (loop6): Metadata CRC error detected at xfs_agf_read_verify+0x107/0x130, xfs_agf block 0x1 
[   30.420883] XFS (loop6): Unmount and run xfs_repair
[   30.421952] XFS (loop6): First 128 bytes of corrupted metadata buffer:
[   30.423394] 00000000: 58 41 47 46 00 00 00 01 00 00 00 00 00 00 10 00  XAGF............
[   30.425110] 00000010: 00 00 00 01 00 00 00 02 00 00 00 00 00 00 00 01  ................
[   30.426832] 00000020: 00 00 00 01 00 00 00 00 00 00 00 01 00 00 00 04  ................
[   30.428545] 00000030: 00 00 00 04 00 00 0a 58 00 00 0a 50 00 00 00 00  .......X...P....
[   30.430274] 00000040: 9f 1c ad 42 11 bd 4e 12 8f 0b f0 78 76 b8 1d 9a  ...B..N....xv...
[   30.431979] 00000050: 00 00 00 00 00 00 00 01 00 00 00 05 00 00 00 08  ................
[   30.433701] 00000060: 00 00 00 00 00 00 00 00 00 00 00 00 00 00 00 00  ................
[   30.435448] 00000070: 00 00 00 00 00 00 00 00 00 00 00 00 00 00 00 00  ................
[   30.437215] XFS (loop6): metadata I/O error in "xfs_read_agf+0xcb/0x240" at daddr 0x1 len 1 error 74
[   30.439328] XFS (loop6): Error -117 recovering leftover CoW allocations.
[   30.440897] XFS (loop6): Corruption of in-memory data (0x8) detected at xfs_mountfs+0xd32/0xd50 (fs/xfs/xfs_mount.c:925).  Shutting down filesystem
[   30.443740] XFS (loop6): Please unmount the filesystem and rectify the problem(s)
[   30.470651] loop3: detected capacity change from 0 to 32768
[   30.524097] XFS (loop3): EXPERIMENTAL big timestamp feature in use. Use at your own risk!
[   30.525511] XFS (loop3): EXPERIMENTAL inode btree counters feature in use. Use at your own risk!
[   30.529122] XFS (loop3): Mounting V5 Filesystem
[   30.574521] loop1: detected capacity change from 0 to 32768
[   30.598470] XFS (loop3): Starting recovery (logdev: internal)
[   30.600882] XFS (loop3): Ending recovery (logdev: internal)
[   30.602048] XFS (loop3): Metadata CRC error detected at xfs_agf_read_verify+0x107/0x130, xfs_agf block 0x1 
[   30.603809] XFS (loop3): Unmount and run xfs_repair
[   30.604648] XFS (loop3): First 128 bytes of corrupted metadata buffer:
[   30.605770] 00000000: 58 41 47 46 00 00 00 01 00 00 00 00 00 00 10 00  XAGF............
[   30.607168] 00000010: 00 00 00 01 00 00 00 02 00 00 00 00 00 00 00 01  ................
[   30.608616] 00000020: 00 00 00 01 00 00 00 00 00 00 00 01 00 00 00 04  ................
[   30.610171] 00000030: 00 00 00 04 00 00 0a 58 00 00 0a 50 00 00 00 00  .......X...P....
[   30.611843] 00000040: 9f 1c ad 42 11 bd 4e 12 8f 0b f0 78 76 b8 1d 9a  ...B..N....xv...
[   30.613521] 00000050: 00 00 00 00 00 00 00 01 00 00 00 05 00 00 00 08  ................
[   30.615214] 00000060: 00 00 00 00 00 00 00 00 00 00 00 00 00 00 00 00  ................
[   30.616894] 00000070: 00 00 00 00 00 00 00 00 00 00 00 00 00 00 00 00  ................
[   30.626387] XFS (loop3): metadata I/O error in "xfs_read_agf+0xcb/0x240" at daddr 0x1 len 1 error 74
[   30.628434] XFS (loop3): Error -117 recovering leftover CoW allocations.
[   30.629925] XFS (loop3): Corruption of in-memory data (0x8) detected at xfs_mountfs+0xd32/0xd50 (fs/xfs/xfs_mount.c:925).  Shutting down filesystem
[   30.632737] XFS (loop3): Please unmount the filesystem and rectify the problem(s)
[   30.663225] loop5: detected capacity change from 0 to 32768
[   30.679222] loop0: detected capacity change from 0 to 32768
[   30.714978] XFS (loop5): EXPERIMENTAL big timestamp feature in use. Use at your own risk!
[   30.716463] XFS (loop5): EXPERIMENTAL inode btree counters feature in use. Use at your own risk!
[   30.718092] XFS (loop5): Mounting V5 Filesystem
[   30.725444] XFS (loop1): EXPERIMENTAL big timestamp feature in use. Use at your own risk!
[   30.726936] XFS (loop1): EXPERIMENTAL inode btree counters feature in use. Use at your own risk!
[   30.728743] XFS (loop1): Mounting V5 Filesystem
[   30.735936] loop4: detected capacity change from 0 to 32768
[   30.763766] XFS (loop5): Starting recovery (logdev: internal)
[   30.767857] XFS (loop5): Ending recovery (logdev: internal)
[   30.769513] XFS (loop5): Metadata CRC error detected at xfs_agf_read_verify+0x107/0x130, xfs_agf block 0x1 
[   30.771345] XFS (loop5): Unmount and run xfs_repair
[   30.772211] XFS (loop5): First 128 bytes of corrupted metadata buffer:
[   30.773365] 00000000: 58 41 47 46 00 00 00 01 00 00 00 00 00 00 10 00  XAGF............
[   30.774791] 00000010: 00 00 00 01 00 00 00 02 00 00 00 00 00 00 00 01  ................
[   30.776230] 00000020: 00 00 00 01 00 00 00 00 00 00 00 01 00 00 00 04  ................
[   30.777766] 00000030: 00 00 00 04 00 00 0a 58 00 00 0a 50 00 00 00 00  .......X...P....
[   30.779467] 00000040: 9f 1c ad 42 11 bd 4e 12 8f 0b f0 78 76 b8 1d 9a  ...B..N....xv...
[   30.781206] 00000050: 00 00 00 00 00 00 00 01 00 00 00 05 00 00 00 08  ................
[   30.782972] 00000060: 00 00 00 00 00 00 00 00 00 00 00 00 00 00 00 00  ................
[   30.784693] 00000070: 00 00 00 00 00 00 00 00 00 00 00 00 00 00 00 00  ................
[   30.787327] XFS (loop5): metadata I/O error in "xfs_read_agf+0xcb/0x240" at daddr 0x1 len 1 error 74
[   30.789384] XFS (loop5): Error -117 recovering leftover CoW allocations.
[   30.795074] loop7: detected capacity change from 0 to 32768
[   30.814344] loop2: detected capacity change from 0 to 32768
[   30.815753] XFS (loop5): Corruption of in-memory data (0x8) detected at xfs_mountfs+0xd32/0xd50 (fs/xfs/xfs_mount.c:925).  Shutting down filesystem
[   30.818138] XFS (loop5): Please unmount the filesystem and rectify the problem(s)
[   30.822270] XFS (loop1): Starting recovery (logdev: internal)
[   30.884148] XFS (loop0): EXPERIMENTAL big timestamp feature in use. Use at your own risk!
[   30.885598] XFS (loop0): EXPERIMENTAL inode btree counters feature in use. Use at your own risk!
[   30.889251] XFS (loop7): EXPERIMENTAL big timestamp feature in use. Use at your own risk!
[   30.889262] XFS (loop4): EXPERIMENTAL big timestamp feature in use. Use at your own risk!
[   30.890925] XFS (loop7): EXPERIMENTAL inode btree counters feature in use. Use at your own risk!
[   30.892652] XFS (loop4): EXPERIMENTAL inode btree counters feature in use. Use at your own risk!
[   30.894532] XFS (loop2): EXPERIMENTAL big timestamp feature in use. Use at your own risk!
[   30.897239] XFS (loop1): Ending recovery (logdev: internal)
[   30.898092] XFS (loop2): EXPERIMENTAL inode btree counters feature in use. Use at your own risk!
[   30.902546] XFS (loop7): Mounting V5 Filesystem
[   30.902633] XFS (loop1): Metadata CRC error detected at xfs_agf_read_verify+0x107/0x130, xfs_agf block 0x1 
[   30.903646] XFS (loop2): Mounting V5 Filesystem
[   30.905670] XFS (loop1): Unmount and run xfs_repair
[   30.905679] XFS (loop1): First 128 bytes of corrupted metadata buffer:
[   30.905689] 00000000: 58 41 47 46 00 00 00 01 00 00 00 00 00 00 10 00  XAGF............
[   30.910939] 00000010: 00 00 00 01 00 00 00 02 00 00 00 00 00 00 00 01  ................
[   30.912638] 00000020: 00 00 00 01 00 00 00 00 00 00 00 01 00 00 00 04  ................
[   30.914397] 00000030: 00 00 00 04 00 00 0a 58 00 00 0a 50 00 00 00 00  .......X...P....
[   30.916132] 00000040: 9f 1c ad 42 11 bd 4e 12 8f 0b f0 78 76 b8 1d 9a  ...B..N....xv...
[   30.917855] 00000050: 00 00 00 00 00 00 00 01 00 00 00 05 00 00 00 08  ................
[   30.918151] loop6: detected capacity change from 0 to 32768
[   30.919572] 00000060: 00 00 00 00 00 00 00 00 00 00 00 00 00 00 00 00  ................
[   30.919582] 00000070: 00 00 00 00 00 00 00 00 00 00 00 00 00 00 00 00  ................
[   30.927946] XFS (loop1): metadata I/O error in "xfs_read_agf+0xcb/0x240" at daddr 0x1 len 1 error 74
[   30.930172] XFS (loop1): Error -117 recovering leftover CoW allocations.
[   30.935417] XFS (loop1): Corruption of in-memory data (0x8) detected at xfs_mountfs+0xd32/0xd50 (fs/xfs/xfs_mount.c:925).  Shutting down filesystem
[   30.938323] XFS (loop1): Please unmount the filesystem and rectify the problem(s)
[   30.973173] XFS (loop2): Starting recovery (logdev: internal)
[   30.992311] XFS (loop7): Starting recovery (logdev: internal)
[   30.995709] XFS (loop0): Mounting V5 Filesystem
[   30.995840] XFS (loop4): Mounting V5 Filesystem
[   31.010311] XFS (loop6): EXPERIMENTAL big timestamp feature in use. Use at your own risk!
[   31.011166] XFS (loop2): Ending recovery (logdev: internal)
[   31.012115] XFS (loop6): EXPERIMENTAL inode btree counters feature in use. Use at your own risk!
[   31.013458] XFS (loop7): Ending recovery (logdev: internal)
[   31.017713] XFS (loop2): Metadata CRC error detected at xfs_agf_read_verify+0x107/0x130, xfs_agf block 0x1 
[   31.017738] XFS (loop6): Mounting V5 Filesystem
[   31.020906] XFS (loop2): Unmount and run xfs_repair
[   31.021975] XFS (loop2): First 128 bytes of corrupted metadata buffer:
[   31.023408] 00000000: 58 41 47 46 00 00 00 01 00 00 00 00 00 00 10 00  XAGF............
[   31.025112] 00000010: 00 00 00 01 00 00 00 02 00 00 00 00 00 00 00 01  ................
[   31.026887] 00000020: 00 00 00 01 00 00 00 00 00 00 00 01 00 00 00 04  ................
[   31.028604] 00000030: 00 00 00 04 00 00 0a 58 00 00 0a 50 00 00 00 00  .......X...P....
[   31.030353] 00000040: 9f 1c ad 42 11 bd 4e 12 8f 0b f0 78 76 b8 1d 9a  ...B..N....xv...
[   31.032061] 00000050: 00 00 00 00 00 00 00 01 00 00 00 05 00 00 00 08  ................
[   31.033786] 00000060: 00 00 00 00 00 00 00 00 00 00 00 00 00 00 00 00  ................
[   31.035525] 00000070: 00 00 00 00 00 00 00 00 00 00 00 00 00 00 00 00  ................
[   31.037254] XFS (loop2): metadata I/O error in "xfs_read_agf+0xcb/0x240" at daddr 0x1 len 1 error 74
[   31.039334] XFS (loop2): Error -117 recovering leftover CoW allocations.
[   31.040864] XFS (loop2): Corruption of in-memory data (0x8) detected at xfs_mountfs+0xd32/0xd50 (fs/xfs/xfs_mount.c:925).  Shutting down filesystem
[   31.043744] XFS (loop2): Please unmount the filesystem and rectify the problem(s)
[   31.059285] loop3: detected capacity change from 0 to 32768
[   31.066820] XFS (loop4): Starting recovery (logdev: internal)
[   31.071363] XFS (loop0): Starting recovery (logdev: internal)
[   31.088047] XFS (loop6): Starting recovery (logdev: internal)
[   31.113188] XFS (loop7): Metadata CRC error detected at xfs_agf_read_verify+0x107/0x130, xfs_agf block 0x1 
[   31.115485] XFS (loop7): Unmount and run xfs_repair
[   31.116552] XFS (loop7): First 128 bytes of corrupted metadata buffer:
[   31.117995] 00000000: 58 41 47 46 00 00 00 01 00 00 00 00 00 00 10 00  XAGF............
[   31.119764] 00000010: 00 00 00 01 00 00 00 02 00 00 00 00 00 00 00 01  ................
[   31.121500] 00000020: 00 00 00 01 00 00 00 00 00 00 00 01 00 00 00 04  ................
[   31.123250] 00000030: 00 00 00 04 00 00 0a 58 00 00 0a 50 00 00 00 00  .......X...P....
[   31.124978] 00000040: 9f 1c ad 42 11 bd 4e 12 8f 0b f0 78 76 b8 1d 9a  ...B..N....xv...
[   31.126732] 00000050: 00 00 00 00 00 00 00 01 00 00 00 05 00 00 00 08  ................
[   31.128458] 00000060: 00 00 00 00 00 00 00 00 00 00 00 00 00 00 00 00  ................
[   31.130239] 00000070: 00 00 00 00 00 00 00 00 00 00 00 00 00 00 00 00  ................
[   31.132787] XFS (loop7): metadata I/O error in "xfs_read_agf+0xcb/0x240" at daddr 0x1 len 1 error 74
[   31.134967] XFS (loop7): Error -117 recovering leftover CoW allocations.
[   31.137042] XFS (loop7): Corruption of in-memory data (0x8) detected at xfs_mountfs+0xd32/0xd50 (fs/xfs/xfs_mount.c:925).  Shutting down filesystem
[   31.139959] XFS (loop7): Please unmount the filesystem and rectify the problem(s)
[   31.146606] XFS (loop3): EXPERIMENTAL big timestamp feature in use. Use at your own risk!
[   31.146767] XFS (loop4): Ending recovery (logdev: internal)
[   31.148032] XFS (loop3): EXPERIMENTAL inode btree counters feature in use. Use at your own risk!
[   31.149096] XFS (loop0): Ending recovery (logdev: internal)
[   31.151958] XFS (loop6): Ending recovery (logdev: internal)
[   31.153667] XFS (loop4): Metadata CRC error detected at xfs_agf_read_verify+0x107/0x130, xfs_agf block 0x1 
[   31.155537] XFS (loop4): Unmount and run xfs_repair
[   31.156415] XFS (loop4): First 128 bytes of corrupted metadata buffer:
[   31.157639] 00000000: 58 41 47 46 00 00 00 01 00 00 00 00 00 00 10 00  XAGF............
[   31.159234] 00000010: 00 00 00 01 00 00 00 02 00 00 00 00 00 00 00 01  ................
[   31.160941] 00000020: 00 00 00 01 00 00 00 00 00 00 00 01 00 00 00 04  ................
[   31.162691] 00000030: 00 00 00 04 00 00 0a 58 00 00 0a 50 00 00 00 00  .......X...P....
[   31.164399] 00000040: 9f 1c ad 42 11 bd 4e 12 8f 0b f0 78 76 b8 1d 9a  ...B..N....xv...
[   31.166117] 00000050: 00 00 00 00 00 00 00 01 00 00 00 05 00 00 00 08  ................
[   31.167856] 00000060: 00 00 00 00 00 00 00 00 00 00 00 00 00 00 00 00  ................
[   31.169600] 00000070: 00 00 00 00 00 00 00 00 00 00 00 00 00 00 00 00  ................
[   31.172386] loop5: detected capacity change from 0 to 32768
[   31.175255] XFS (loop4): metadata I/O error in "xfs_read_agf+0xcb/0x240" at daddr 0x1 len 1 error 74
[   31.177525] XFS (loop4): Error -117 recovering leftover CoW allocations.
[   31.179733] XFS (loop4): Corruption of in-memory data (0x8) detected at xfs_mountfs+0xd32/0xd50 (fs/xfs/xfs_mount.c:925).  Shutting down filesystem
[   31.182599] XFS (loop4): Please unmount the filesystem and rectify the problem(s)
[   31.194560] XFS (loop0): Metadata CRC error detected at xfs_agf_read_verify+0x107/0x130, xfs_agf block 0x1 
[   31.196716] XFS (loop0): Unmount and run xfs_repair
[   31.197764] XFS (loop0): First 128 bytes of corrupted metadata buffer:
[   31.199269] 00000000: 58 41 47 46 00 00 00 01 00 00 00 00 00 00 10 00  XAGF............
[   31.200954] 00000010: 00 00 00 01 00 00 00 02 00 00 00 00 00 00 00 01  ................
[   31.202669] 00000020: 00 00 00 01 00 00 00 00 00 00 00 01 00 00 00 04  ................
[   31.204357] 00000030: 00 00 00 04 00 00 0a 58 00 00 0a 50 00 00 00 00  .......X...P....
[   31.206059] 00000040: 9f 1c ad 42 11 bd 4e 12 8f 0b f0 78 76 b8 1d 9a  ...B..N....xv...
[   31.207778] 00000050: 00 00 00 00 00 00 00 01 00 00 00 05 00 00 00 08  ................
[   31.209476] 00000060: 00 00 00 00 00 00 00 00 00 00 00 00 00 00 00 00  ................
[   31.211195] 00000070: 00 00 00 00 00 00 00 00 00 00 00 00 00 00 00 00  ................
[   31.219405] XFS (loop0): metadata I/O error in "xfs_read_agf+0xcb/0x240" at daddr 0x1 len 1 error 74
[   31.220973] XFS (loop0): Error -117 recovering leftover CoW allocations.
[   31.222090] XFS (loop0): Corruption of in-memory data (0x8) detected at xfs_mountfs+0xd32/0xd50 (fs/xfs/xfs_mount.c:925).  Shutting down filesystem
[   31.224280] XFS (loop0): Please unmount the filesystem and rectify the problem(s)
[   31.227578] XFS (loop6): Metadata CRC error detected at xfs_agf_read_verify+0x107/0x130, xfs_agf block 0x1 
[   31.229250] XFS (loop6): Unmount and run xfs_repair
[   31.230087] XFS (loop6): First 128 bytes of corrupted metadata buffer:
[   31.231283] 00000000: 58 41 47 46 00 00 00 01 00 00 00 00 00 00 10 00  XAGF............
[   31.232737] 00000010: 00 00 00 01 00 00 00 02 00 00 00 00 00 00 00 01  ................
[   31.234340] 00000020: 00 00 00 01 00 00 00 00 00 00 00 01 00 00 00 04  ................
[   31.236011] 00000030: 00 00 00 04 00 00 0a 58 00 00 0a 50 00 00 00 00  .......X...P....
[   31.237691] 00000040: 9f 1c ad 42 11 bd 4e 12 8f 0b f0 78 76 b8 1d 9a  ...B..N....xv...
[   31.239440] 00000050: 00 00 00 00 00 00 00 01 00 00 00 05 00 00 00 08  ................
[   31.241141] 00000060: 00 00 00 00 00 00 00 00 00 00 00 00 00 00 00 00  ................
[   31.242859] 00000070: 00 00 00 00 00 00 00 00 00 00 00 00 00 00 00 00  ................
[   31.245356] XFS (loop6): metadata I/O error in "xfs_read_agf+0xcb/0x240" at daddr 0x1 len 1 error 74
[   31.245768] XFS (loop5): EXPERIMENTAL big timestamp feature in use. Use at your own risk!
[   31.247496] XFS (loop6): Error -117 recovering leftover CoW allocations.
[   31.249179] XFS (loop5): EXPERIMENTAL inode btree counters feature in use. Use at your own risk!
[   31.251659] XFS (loop6): Corruption of in-memory data (0x8) detected at xfs_mountfs+0xd32/0xd50 (fs/xfs/xfs_mount.c:925).  Shutting down filesystem
[   31.252636] XFS (loop5): Mounting V5 Filesystem
[   31.255225] XFS (loop6): Please unmount the filesystem and rectify the problem(s)
[   31.258098] XFS (loop3): Mounting V5 Filesystem
[   31.307736] XFS (loop3): Starting recovery (logdev: internal)
[   31.314544] XFS (loop3): Ending recovery (logdev: internal)
[   31.315683] XFS (loop3): Metadata CRC error detected at xfs_agf_read_verify+0x107/0x130, xfs_agf block 0x1 
[   31.317502] XFS (loop3): Unmount and run xfs_repair
[   31.318544] XFS (loop3): First 128 bytes of corrupted metadata buffer:
[   31.319910] 00000000: 58 41 47 46 00 00 00 01 00 00 00 00 00 00 10 00  XAGF............
[   31.321615] 00000010: 00 00 00 01 00 00 00 02 00 00 00 00 00 00 00 01  ................
[   31.323345] 00000020: 00 00 00 01 00 00 00 00 00 00 00 01 00 00 00 04  ................
[   31.325070] 00000030: 00 00 00 04 00 00 0a 58 00 00 0a 50 00 00 00 00  .......X...P....
[   31.326808] 00000040: 9f 1c ad 42 11 bd 4e 12 8f 0b f0 78 76 b8 1d 9a  ...B..N....xv...
[   31.328509] 00000050: 00 00 00 00 00 00 00 01 00 00 00 05 00 00 00 08  ................
[   31.330247] 00000060: 00 00 00 00 00 00 00 00 00 00 00 00 00 00 00 00  ................
[   31.331955] 00000070: 00 00 00 00 00 00 00 00 00 00 00 00 00 00 00 00  ................
[   31.338489] XFS (loop5): Starting recovery (logdev: internal)
[   31.339867] XFS (loop3): metadata I/O error in "xfs_read_agf+0xcb/0x240" at daddr 0x1 len 1 error 74
[   31.341840] XFS (loop3): Error -117 recovering leftover CoW allocations.
[   31.349828] loop1: detected capacity change from 0 to 32768
[   31.358179] XFS (loop3): Corruption of in-memory data (0x8) detected at xfs_mountfs+0xd32/0xd50 (fs/xfs/xfs_mount.c:925).  Shutting down filesystem
[   31.360523] XFS (loop3): Please unmount the filesystem and rectify the problem(s)
[   31.371564] XFS (loop5): Ending recovery (logdev: internal)
[   31.372978] XFS (loop5): Metadata CRC error detected at xfs_agf_read_verify+0x107/0x130, xfs_agf block 0x1 
[   31.375195] XFS (loop5): Unmount and run xfs_repair
[   31.376232] XFS (loop5): First 128 bytes of corrupted metadata buffer:
[   31.377625] 00000000: 58 41 47 46 00 00 00 01 00 00 00 00 00 00 10 00  XAGF............
[   31.379341] 00000010: 00 00 00 01 00 00 00 02 00 00 00 00 00 00 00 01  ................
[   31.381025] 00000020: 00 00 00 01 00 00 00 00 00 00 00 01 00 00 00 04  ................
[   31.382749] 00000030: 00 00 00 04 00 00 0a 58 00 00 0a 50 00 00 00 00  .......X...P....
[   31.384431] 00000040: 9f 1c ad 42 11 bd 4e 12 8f 0b f0 78 76 b8 1d 9a  ...B..N....xv...
[   31.386146] 00000050: 00 00 00 00 00 00 00 01 00 00 00 05 00 00 00 08  ................
[   31.387872] 00000060: 00 00 00 00 00 00 00 00 00 00 00 00 00 00 00 00  ................
[   31.389574] 00000070: 00 00 00 00 00 00 00 00 00 00 00 00 00 00 00 00  ................
[   31.391467] XFS (loop5): metadata I/O error in "xfs_read_agf+0xcb/0x240" at daddr 0x1 len 1 error 74
[   31.393506] XFS (loop5): Error -117 recovering leftover CoW allocations.
[   31.406397] XFS (loop5): Corruption of in-memory data (0x8) detected at xfs_mountfs+0xd32/0xd50 (fs/xfs/xfs_mount.c:925).  Shutting down filesystem
[   31.409256] XFS (loop5): Please unmount the filesystem and rectify the problem(s)
[   31.491310] XFS (loop1): EXPERIMENTAL big timestamp feature in use. Use at your own risk!
[   31.492783] XFS (loop1): EXPERIMENTAL inode btree counters feature in use. Use at your own risk!
[   31.502062] loop7: detected capacity change from 0 to 32768
[   31.502083] XFS (loop1): Mounting V5 Filesystem
[   31.533794] XFS (loop1): Starting recovery (logdev: internal)
[   31.545422] XFS (loop1): Ending recovery (logdev: internal)
[   31.546900] XFS (loop1): Metadata CRC error detected at xfs_agf_read_verify+0x107/0x130, xfs_agf block 0x1 
[   31.549120] XFS (loop1): Unmount and run xfs_repair
[   31.550167] XFS (loop1): First 128 bytes of corrupted metadata buffer:
[   31.551623] 00000000: 58 41 47 46 00 00 00 01 00 00 00 00 00 00 10 00  XAGF............
[   31.553340] 00000010: 00 00 00 01 00 00 00 02 00 00 00 00 00 00 00 01  ................
[   31.555059] 00000020: 00 00 00 01 00 00 00 00 00 00 00 01 00 00 00 04  ................
[   31.556771] 00000030: 00 00 00 04 00 00 0a 58 00 00 0a 50 00 00 00 00  .......X...P....
[   31.558486] 00000040: 9f 1c ad 42 11 bd 4e 12 8f 0b f0 78 76 b8 1d 9a  ...B..N....xv...
[   31.560194] 00000050: 00 00 00 00 00 00 00 01 00 00 00 05 00 00 00 08  ................
[   31.561898] 00000060: 00 00 00 00 00 00 00 00 00 00 00 00 00 00 00 00  ................
[   31.563615] 00000070: 00 00 00 00 00 00 00 00 00 00 00 00 00 00 00 00  ................
[   31.565352] XFS (loop1): metadata I/O error in "xfs_read_agf+0xcb/0x240" at daddr 0x1 len 1 error 74
[   31.567399] XFS (loop1): Error -117 recovering leftover CoW allocations.
[   31.568894] XFS (loop1): Corruption of in-memory data (0x8) detected at xfs_mountfs+0xd32/0xd50 (fs/xfs/xfs_mount.c:925).  Shutting down filesystem
[   31.570091] loop2: detected capacity change from 0 to 32768
[   31.571718] XFS (loop1): Please unmount the filesystem and rectify the problem(s)
[   31.618749] XFS (loop7): EXPERIMENTAL big timestamp feature in use. Use at your own risk!
[   31.620566] XFS (loop7): EXPERIMENTAL inode btree counters feature in use. Use at your own risk!
[   31.628465] XFS (loop7): Mounting V5 Filesystem
[   31.651907] XFS (loop7): Starting recovery (logdev: internal)
[   31.654442] XFS (loop7): Ending recovery (logdev: internal)
[   31.655991] XFS (loop7): Metadata CRC error detected at xfs_agf_read_verify+0x107/0x130, xfs_agf block 0x1 
[   31.657755] XFS (loop7): Unmount and run xfs_repair
[   31.658638] XFS (loop7): First 128 bytes of corrupted metadata buffer:
[   31.659752] 00000000: 58 41 47 46 00 00 00 01 00 00 00 00 00 00 10 00  XAGF............
[   31.661118] 00000010: 00 00 00 01 00 00 00 02 00 00 00 00 00 00 00 01  ................
[   31.662524] 00000020: 00 00 00 01 00 00 00 00 00 00 00 01 00 00 00 04  ................
[   31.663884] 00000030: 00 00 00 04 00 00 0a 58 00 00 0a 50 00 00 00 00  .......X...P....
[   31.665251] 00000040: 9f 1c ad 42 11 bd 4e 12 8f 0b f0 78 76 b8 1d 9a  ...B..N....xv...
[   31.666675] 00000050: 00 00 00 00 00 00 00 01 00 00 00 05 00 00 00 08  ................
[   31.668155] 00000060: 00 00 00 00 00 00 00 00 00 00 00 00 00 00 00 00  ................
[   31.669760] 00000070: 00 00 00 00 00 00 00 00 00 00 00 00 00 00 00 00  ................
[   31.675619] XFS (loop7): metadata I/O error in "xfs_read_agf+0xcb/0x240" at daddr 0x1 len 1 error 74
[   31.677430] loop4: detected capacity change from 0 to 32768
[   31.677664] XFS (loop7): Error -117 recovering leftover CoW allocations.
[   31.684572] XFS (loop7): Corruption of in-memory data (0x8) detected at xfs_mountfs+0xd32/0xd50 (fs/xfs/xfs_mount.c:925).  Shutting down filesystem
[   31.686954] XFS (loop7): Please unmount the filesystem and rectify the problem(s)
[   31.690614] XFS (loop2): EXPERIMENTAL big timestamp feature in use. Use at your own risk!
[   31.692096] XFS (loop2): EXPERIMENTAL inode btree counters feature in use. Use at your own risk!
[   31.693831] XFS (loop2): Mounting V5 Filesystem
[   31.725854] XFS (loop2): Starting recovery (logdev: internal)
[   31.728187] XFS (loop2): Ending recovery (logdev: internal)
[   31.731054] XFS (loop4): EXPERIMENTAL big timestamp feature in use. Use at your own risk!
[   31.732533] XFS (loop4): EXPERIMENTAL inode btree counters feature in use. Use at your own risk!
[   31.734231] XFS (loop4): Mounting V5 Filesystem
[   31.738555] XFS (loop2): Metadata CRC error detected at xfs_agf_read_verify+0x107/0x130, xfs_agf block 0x1 
[   31.740465] XFS (loop2): Unmount and run xfs_repair
[   31.741447] XFS (loop2): First 128 bytes of corrupted metadata buffer:
[   31.742876] 00000000: 58 41 47 46 00 00 00 01 00 00 00 00 00 00 10 00  XAGF............
[   31.744568] 00000010: 00 00 00 01 00 00 00 02 00 00 00 00 00 00 00 01  ................
[   31.746326] 00000020: 00 00 00 01 00 00 00 00 00 00 00 01 00 00 00 04  ................
[   31.748033] 00000030: 00 00 00 04 00 00 0a 58 00 00 0a 50 00 00 00 00  .......X...P....
[   31.749764] 00000040: 9f 1c ad 42 11 bd 4e 12 8f 0b f0 78 76 b8 1d 9a  ...B..N....xv...
[   31.751503] 00000050: 00 00 00 00 00 00 00 01 00 00 00 05 00 00 00 08  ................
[   31.753216] 00000060: 00 00 00 00 00 00 00 00 00 00 00 00 00 00 00 00  ................
[   31.754961] 00000070: 00 00 00 00 00 00 00 00 00 00 00 00 00 00 00 00  ................
[   31.757897] XFS (loop2): metadata I/O error in "xfs_read_agf+0xcb/0x240" at daddr 0x1 len 1 error 74
[   31.759987] XFS (loop2): Error -117 recovering leftover CoW allocations.
[   31.787523] XFS (loop4): Starting recovery (logdev: internal)
[   31.805754] loop6: detected capacity change from 0 to 32768
[   31.807445] XFS (loop2): Corruption of in-memory data (0x8) detected at xfs_mountfs+0xd32/0xd50 (fs/xfs/xfs_mount.c:925).  Shutting down filesystem
[   31.810309] XFS (loop2): Please unmount the filesystem and rectify the problem(s)
[   31.816148] loop0: detected capacity change from 0 to 32768
[   31.846464] XFS (loop4): Ending recovery (logdev: internal)
[   31.847932] XFS (loop4): Metadata CRC error detected at xfs_agf_read_verify+0x107/0x130, xfs_agf block 0x1 
[   31.850087] XFS (loop4): Unmount and run xfs_repair
[   31.851220] XFS (loop4): First 128 bytes of corrupted metadata buffer:
[   31.852611] 00000000: 58 41 47 46 00 00 00 01 00 00 00 00 00 00 10 00  XAGF............
[   31.854345] 00000010: 00 00 00 01 00 00 00 02 00 00 00 00 00 00 00 01  ................
[   31.856036] 00000020: 00 00 00 01 00 00 00 00 00 00 00 01 00 00 00 04  ................
[   31.857768] 00000030: 00 00 00 04 00 00 0a 58 00 00 0a 50 00 00 00 00  .......X...P....
[   31.859490] 00000040: 9f 1c ad 42 11 bd 4e 12 8f 0b f0 78 76 b8 1d 9a  ...B..N....xv...
[   31.861189] 00000050: 00 00 00 00 00 00 00 01 00 00 00 05 00 00 00 08  ................
[   31.862914] 00000060: 00 00 00 00 00 00 00 00 00 00 00 00 00 00 00 00  ................
[   31.864627] 00000070: 00 00 00 00 00 00 00 00 00 00 00 00 00 00 00 00  ................
[   31.868081] XFS (loop4): metadata I/O error in "xfs_read_agf+0xcb/0x240" at daddr 0x1 len 1 error 74
[   31.870131] XFS (loop4): Error -117 recovering leftover CoW allocations.
[   31.871693] XFS (loop4): Corruption of in-memory data (0x8) detected at xfs_mountfs+0xd32/0xd50 (fs/xfs/xfs_mount.c:925).  Shutting down filesystem
[   31.874550] XFS (loop4): Please unmount the filesystem and rectify the problem(s)
[   31.915504] XFS (loop6): EXPERIMENTAL big timestamp feature in use. Use at your own risk!
[   31.917303] XFS (loop6): EXPERIMENTAL inode btree counters feature in use. Use at your own risk!
[   31.921434] XFS (loop6): Mounting V5 Filesystem
[   31.933880] XFS (loop0): EXPERIMENTAL big timestamp feature in use. Use at your own risk!
[   31.935338] XFS (loop0): EXPERIMENTAL inode btree counters feature in use. Use at your own risk!
[   31.936966] XFS (loop0): Mounting V5 Filesystem
[   31.969441] XFS (loop6): Starting recovery (logdev: internal)
[   31.975223] XFS (loop6): Ending recovery (logdev: internal)
[   31.976444] XFS (loop6): Metadata CRC error detected at xfs_agf_read_verify+0x107/0x130, xfs_agf block 0x1 
[   31.978278] XFS (loop6): Unmount and run xfs_repair
[   31.979149] XFS (loop6): First 128 bytes of corrupted metadata buffer:
[   31.980305] 00000000: 58 41 47 46 00 00 00 01 00 00 00 00 00 00 10 00  XAGF............
[   31.981710] 00000010: 00 00 00 01 00 00 00 02 00 00 00 00 00 00 00 01  ................
[   31.983177] 00000020: 00 00 00 01 00 00 00 00 00 00 00 01 00 00 00 04  ................
[   31.984653] 00000030: 00 00 00 04 00 00 0a 58 00 00 0a 50 00 00 00 00  .......X...P....
[   31.986335] 00000040: 9f 1c ad 42 11 bd 4e 12 8f 0b f0 78 76 b8 1d 9a  ...B..N....xv...
[   31.988068] 00000050: 00 00 00 00 00 00 00 01 00 00 00 05 00 00 00 08  ................
[   31.989821] 00000060: 00 00 00 00 00 00 00 00 00 00 00 00 00 00 00 00  ................
[   31.991600] 00000070: 00 00 00 00 00 00 00 00 00 00 00 00 00 00 00 00  ................
[   31.993363] XFS (loop6): metadata I/O error in "xfs_read_agf+0xcb/0x240" at daddr 0x1 len 1 error 74
[   31.994124] XFS (loop0): Starting recovery (logdev: internal)
[   31.995165] XFS (loop6): Error -117 recovering leftover CoW allocations.
[   31.995188] XFS (loop6): Corruption of in-memory data (0x8) detected at xfs_mountfs+0xd32/0xd50 (fs/xfs/xfs_mount.c:925).  Shutting down filesystem
[   31.999700] XFS (loop6): Please unmount the filesystem and rectify the problem(s)
[   32.004055] loop1: detected capacity change from 0 to 32768
[   32.009784] loop3: detected capacity change from 0 to 32768
[   32.046729] loop5: detected capacity change from 0 to 32768
